BL51 BANKED LINKER/LOCATER V6.22                                                        02/21/2019  16:17:38  PAGE 1


BL51 BANKED LINKER/LOCATER V6.22, INVOKED BY:
C:\KEIL_V5\C51\BIN\BL51.EXE .\Obj\main.obj, .\Obj\PCF85063BTL.obj, .\Obj\UART1.obj, .\Obj\LCd_Driver_SPLC780D.obj, .\Obj
>> \KeyPad.obj, .\Obj\BipolarMotor.obj, .\Obj\SunPos.obj, .\Obj\ADC.obj, .\Obj\Calibration.obj, .\Obj\IOExpander_PI4IOE5
>> V96248.obj, .\Obj\AT25SF041.obj, .\Obj\STARTUP.obj TO .\Obj\GPIO_RTC_Test PRINT (.\Lis\GPIO_RTC_Test.m51) RAMSIZE (25
>> 6)


MEMORY MODEL: LARGE WITH FLOATING POINT ARITHMETIC


INPUT MODULES INCLUDED:
  .\Obj\main.obj (MAIN)
  .\Obj\PCF85063BTL.obj (PCF85063BTL)
  .\Obj\UART1.obj (UART1)
  .\Obj\LCd_Driver_SPLC780D.obj (LCD_DRIVER_SPLC780D)
  .\Obj\KeyPad.obj (KEYPAD)
  .\Obj\BipolarMotor.obj (BIPOLARMOTOR)
  .\Obj\SunPos.obj (SUNPOS)
  .\Obj\ADC.obj (ADC)
  .\Obj\Calibration.obj (CALIBRATION)
  .\Obj\IOExpander_PI4IOE5V96248.obj (IOEXPANDER_PI4IOE5V96248)
  .\Obj\AT25SF041.obj (AT25SF041)
  .\Obj\STARTUP.obj (?C_STARTUP)
  C:\KEIL_V5\C51\LIB\C51FPL.LIB (?C?FPADD)
  C:\KEIL_V5\C51\LIB\C51FPL.LIB (?C?FPMUL)
  C:\KEIL_V5\C51\LIB\C51FPL.LIB (?C?FPDIV)
  C:\KEIL_V5\C51\LIB\C51FPL.LIB (?C?FPCMP)
  C:\KEIL_V5\C51\LIB\C51FPL.LIB (?C?FPNEG)
  C:\KEIL_V5\C51\LIB\C51FPL.LIB (?C?FCAST)
  C:\KEIL_V5\C51\LIB\C51FPL.LIB (?C?CASTF)
  C:\KEIL_V5\C51\LIB\C51FPL.LIB (ATAN2)
  C:\KEIL_V5\C51\LIB\C51FPL.LIB (SIN)
  C:\KEIL_V5\C51\LIB\C51FPL.LIB (ACOS)
  C:\KEIL_V5\C51\LIB\C51FPL.LIB (ASIN)
  C:\KEIL_V5\C51\LIB\C51FPL.LIB (?C?FPGETOPN)
  C:\KEIL_V5\C51\LIB\C51FPL.LIB (?C?FPSERIES)
  C:\KEIL_V5\C51\LIB\C51FPL.LIB (SQRT)
  C:\KEIL_V5\C51\LIB\C51FPL.LIB (ATAN)
  C:\KEIL_V5\C51\LIB\C51L.LIB (?C_INIT)
  C:\KEIL_V5\C51\LIB\C51L.LIB (?C?COPY)
  C:\KEIL_V5\C51\LIB\C51L.LIB (?C?CLDPTR)
  C:\KEIL_V5\C51\LIB\C51L.LIB (?C?CLDOPTR)
  C:\KEIL_V5\C51\LIB\C51L.LIB (?C?CSTPTR)
  C:\KEIL_V5\C51\LIB\C51L.LIB (?C?IMUL)
  C:\KEIL_V5\C51\LIB\C51L.LIB (?C?UIDIV)
  C:\KEIL_V5\C51\LIB\C51L.LIB (?C?SIDIV)
  C:\KEIL_V5\C51\LIB\C51L.LIB (?C?ILDIX)
  C:\KEIL_V5\C51\LIB\C51L.LIB (?C?ILDOPTR)
  C:\KEIL_V5\C51\LIB\C51L.LIB (?C?ISTPTR)
  C:\KEIL_V5\C51\LIB\C51L.LIB (?C?LMUL)
  C:\KEIL_V5\C51\LIB\C51L.LIB (?C?SLDIV)
  C:\KEIL_V5\C51\LIB\C51L.LIB (?C?LNEG)
  C:\KEIL_V5\C51\LIB\C51L.LIB (?C?ULCMP)
  C:\KEIL_V5\C51\LIB\C51L.LIB (?C?LSHL)
  C:\KEIL_V5\C51\LIB\C51L.LIB (?C?LLDPTR)
  C:\KEIL_V5\C51\LIB\C51L.LIB (?C?LLDOPTR)
  C:\KEIL_V5\C51\LIB\C51L.LIB (?C?LSTPTR)
  C:\KEIL_V5\C51\LIB\C51L.LIB (?C?LSTOPTR)
BL51 BANKED LINKER/LOCATER V6.22                                                      02/21/2019  16:17:38  PAGE 2


  C:\KEIL_V5\C51\LIB\C51L.LIB (?C?LLDXDATA)
  C:\KEIL_V5\C51\LIB\C51L.LIB (?C?LLDCODE)
  C:\KEIL_V5\C51\LIB\C51L.LIB (?C?LLDXDATA0)
  C:\KEIL_V5\C51\LIB\C51L.LIB (?C?LLDCODE0)
  C:\KEIL_V5\C51\LIB\C51L.LIB (?C?LLDPTR0)
  C:\KEIL_V5\C51\LIB\C51L.LIB (?C?LSTXDATA)
  C:\KEIL_V5\C51\LIB\C51L.LIB (?C?LSTKXDATA)
  C:\KEIL_V5\C51\LIB\C51L.LIB (?C?LSTKPTR)
  C:\KEIL_V5\C51\LIB\C51L.LIB (?C?OFFXADD)
  C:\KEIL_V5\C51\LIB\C51L.LIB (ABS)
  C:\KEIL_V5\C51\LIB\C51L.LIB (ATOI)
  C:\KEIL_V5\C51\LIB\C51L.LIB (?C?IILDX)
  C:\KEIL_V5\C51\LIB\C51L.LIB (?C?ULDIV)
  C:\KEIL_V5\C51\LIB\C51L.LIB (?C?LLDIDATA)
  C:\KEIL_V5\C51\LIB\C51L.LIB (?C?LLDPDATA)
  C:\KEIL_V5\C51\LIB\C51L.LIB (?C?LLDIDATA0)
  C:\KEIL_V5\C51\LIB\C51L.LIB (?C?LLDPDATA0)
  C:\KEIL_V5\C51\LIB\C51L.LIB (?C?LSTIDATA)
  C:\KEIL_V5\C51\LIB\C51L.LIB (?C?LSTPDATA)
  C:\KEIL_V5\C51\LIB\C51L.LIB (?C?LSTKIDATA)
  C:\KEIL_V5\C51\LIB\C51L.LIB (?C?LSTKPDATA)
  C:\KEIL_V5\C51\LIB\C51L.LIB (ISDIGIT)
  C:\KEIL_V5\C51\LIB\C51L.LIB (ISSPACE)


LINK MAP OF MODULE:  .\Obj\GPIO_RTC_Test (MAIN)


            TYPE    BASE      LENGTH    RELOCATION   SEGMENT NAME
            -----------------------------------------------------

            * * * * * * *   D A T A   M E M O R Y   * * * * * * *
            REG     0000H     0008H     ABSOLUTE     "REG BANK 0"
                    0008H     0018H                  *** GAP ***
            BIT     0020H.0   0000H.5   UNIT         ?BI?KEYPAD
            BIT     0020H.5   0000H.3   UNIT         _BIT_GROUP_
            BIT     0021H.0   0000H.1   UNIT         ?BI?MAIN
            BIT     0021H.1   0000H.1   UNIT         ?BI?_ATOI?ATOI
                    0021H.2   0000H.6                *** GAP ***
            IDATA   0022H     0001H     UNIT         ?STACK

            * * * * * * *  X D A T A   M E M O R Y  * * * * * * *
            XDATA   0000H     038FH     UNIT         ?XD?BIPOLARMOTOR
            XDATA   038FH     0152H     UNIT         _XDATA_GROUP_
            XDATA   04E1H     00D4H     UNIT         ?XD?MAIN
            XDATA   05B5H     0040H     UNIT         ?XD?_FINDDET4X4?BIPOLARMOTOR
            XDATA   05F5H     0024H     UNIT         ?XD?_FINDDET3X3?BIPOLARMOTOR
            XDATA   0619H     0009H     UNIT         ?XD?KEYPAD
            XDATA   0622H     0008H     UNIT         ?XD?_AT25SF041_READ?AT25SF041
            XDATA   062AH     0005H     UNIT         ?XD?_ATOI?ATOI
            XDATA   062FH     0004H     UNIT         ?XD?_DISPLAY_PROX?MAIN
            XDATA   0633H     0003H     UNIT         ?XD?_SENDSTRING?UART1
            XDATA   0636H     0001H     UNIT         ?XD?UC_ACK?IOEXPANDER_PI4IOE5V96248
            XDATA   0637H     0001H     UNIT         ?XD?UC_NACK?IOEXPANDER_PI4IOE5V96248

            * * * * * * *   C O D E   M E M O R Y   * * * * * * *
            CODE    0000H     0003H     ABSOLUTE     
BL51 BANKED LINKER/LOCATER V6.22                                                      02/21/2019  16:17:38  PAGE 3


            CODE    0003H     0006H     UNIT         ?PR?_TEN?UART1
            CODE    0009H     0001H     UNIT         ?PR?TM0_ISR?MAIN
            CODE    000AH     0001H     UNIT         ?PR?_DECTOBCD?UART1
            CODE    000BH     0003H     ABSOLUTE     
            CODE    000EH     0B00H     UNIT         ?PR?_UPDATE_POSITION?BIPOLARMOTOR
            CODE    0B0EH     0AB4H     UNIT         ?PR?MAIN?MAIN
            CODE    15C2H     09B6H     UNIT         ?C?LIB_CODE
            CODE    1F78H     07A2H     UNIT         ?PR?SUNPOS?SUNPOS
            CODE    271AH     03F2H     UNIT         ?C_INITSEG
            CODE    2B0CH     0309H     UNIT         ?PR?_FIND_REAL_MAX?CALIBRATION
            CODE    2E15H     02C0H     UNIT         ?PR?_FINDDET4X4?BIPOLARMOTOR
            CODE    30D5H     02A0H     UNIT         ?PR?KEY_PROCESS?KEYPAD
            CODE    3375H     01D1H     UNIT         ?PR?_FINDDET3X3?BIPOLARMOTOR
            CODE    3546H     018DH     UNIT         ?PR?KEY_SCAN?KEYPAD
            CODE    36D3H     0188H     UNIT         ?PR?SIN?SIN
            CODE    385BH     0172H     UNIT         ?PR?_DISPLAY_POS?MAIN
            CODE    39CDH     013CH     UNIT         ?PR?_CALIBRATION?CALIBRATION
            CODE    3B09H     0122H     UNIT         ?PR?ATAN?ATAN
            CODE    3C2BH     0106H     UNIT         ?PR?_AT25SF041_READ?AT25SF041
            CODE    3D31H     00FBH     UNIT         ?PR?_AT25SF041_WRITE?AT25SF041
            CODE    3E2CH     00DBH     UNIT         ?PR?_ATOI?ATOI
            CODE    3F07H     00D9H     UNIT         ?PR?SPI_NOR_WRITE_DATA?AT25SF041
            CODE    3FE0H     00C3H     UNIT         ?PR?LINEAR_INTERPOLATE?BIPOLARMOTOR
            CODE    40A3H     00BBH     UNIT         ?PR?VOLTAGE_IS_STABLE?CALIBRATION
            CODE    415EH     00ADH     UNIT         ?PR?_WRITE_PI4IOE5V96248?IOEXPANDER_PI4IOE5V96248
            CODE    420BH     00ACH     UNIT         ?PR?SQRT?SQRT
            CODE    42B7H     00A1H     UNIT         ?PR?READ_STATUS_REGISTER_BYTE1?AT25SF041
            CODE    4358H     009DH     UNIT         ?PR?_ATAN2?ATAN2
            CODE    43F5H     009CH     UNIT         ?PR?_MAX_VALUE?CALIBRATION
            CODE    4491H     0095H     UNIT         ?PR?_DISPLAY_PROX?MAIN
            CODE    4526H     008CH     UNIT         ?C_C51STARTUP
            CODE    45B2H     0084H     UNIT         ?PR?_DAY_OF_YEAR?PCF85063BTL
            CODE    4636H     0075H     UNIT         ?PR?_WRITEDATA?LCD_DRIVER_SPLC780D
            CODE    46ABH     006FH     UNIT         ?PR?_READ_TIME?PCF85063BTL
            CODE    471AH     005AH     UNIT         ?PR?AT25SF041_CHIPERASE?AT25SF041
            CODE    4774H     0059H     UNIT         ?PR?LCD_INIT?LCD_DRIVER_SPLC780D
            CODE    47CDH     0050H     UNIT         ?PR?AT25SF041_WRITEENABLE?AT25SF041
            CODE    481DH     004AH     UNIT         ?PR?VONESTEPMOVE?BIPOLARMOTOR
            CODE    4867H     004AH     UNIT         ?PR?ACOS?ACOS
            CODE    48B1H     0044H     UNIT         ?C?LDIV
            CODE    48F5H     0040H     UNIT         ?PR?_COMMAND?LCD_DRIVER_SPLC780D
            CODE    4935H     0040H     UNIT         ?PR?_STEP_MOVE?BIPOLARMOTOR
            CODE    4975H     003BH     UNIT         ?PR?ASIN?ASIN
            CODE    49B0H     0033H     UNIT         ?PR?_SENDSTRING?UART1
            CODE    49E3H     002CH     UNIT         ?PR?_ADC_GETRESULT?ADC
            CODE    4A0FH     002BH     UNIT         ?PR?_WAIT_MS_I2C?IOEXPANDER_PI4IOE5V96248
            CODE    4A3AH     002BH     UNIT         ?PR?_WAIT_MS_SPINOR?AT25SF041
            CODE    4A65H     0028H     UNIT         ?PR?_MOVE?BIPOLARMOTOR
            CODE    4A8DH     0027H     UNIT         ?PR?_I2C_SENDBYTE?IOEXPANDER_PI4IOE5V96248
            CODE    4AB4H     0024H     UNIT         ?PR?_WAIT_MS?LCD_DRIVER_SPLC780D
            CODE    4AD8H     0020H     UNIT         ?PR?_SPI_SENDBYTE?PCF85063BTL
            CODE    4AF8H     0020H     UNIT         ?PR?SPI_RECEIVEBYTE?PCF85063BTL
            CODE    4B18H     001FH     UNIT         ?PR?ADC_INIT?ADC
            CODE    4B37H     001EH     UNIT         ?PR?_DELAY_MS?KEYPAD
            CODE    4B55H     001DH     UNIT         ?PR?_DISPLAYLCD?LCD_DRIVER_SPLC780D
            CODE    4B72H     001BH     UNIT         ?PR?_BCDTODEC1?BIPOLARMOTOR
            CODE    4B8DH     0018H     UNIT         ?PR?_SPI_WRITETIME?PCF85063BTL
BL51 BANKED LINKER/LOCATER V6.22                                                      02/21/2019  16:17:38  PAGE 4


            CODE    4BA5H     0017H     UNIT         ?PR?_ASCIITOBCD?UART1
            CODE    4BBCH     0016H     UNIT         ?PR?I2C_ACK?IOEXPANDER_PI4IOE5V96248
            CODE    4BD2H     0015H     UNIT         ?PR?_DISPLAY_LINE?LCD_DRIVER_SPLC780D
            CODE    4BE7H     0015H     UNIT         ?PR?I2C_STOP?IOEXPANDER_PI4IOE5V96248
            CODE    4BFCH     0014H     UNIT         ?PR?_PCF85063BTL_DELAY?PCF85063BTL
            CODE    4C10H     0014H     UNIT         ?PR?_ISSPACE?ISSPACE
            CODE    4C24H     0011H     UNIT         ?PR?_SPI_READTIME?PCF85063BTL
            CODE    4C35H     0011H     UNIT         ?PR?_BCDTODEC?PCF85063BTL
            CODE    4C46H     0011H     UNIT         ?PR?INITUART1?UART1
            CODE    4C57H     000FH     UNIT         ?PR?I2C_START?IOEXPANDER_PI4IOE5V96248
            CODE    4C66H     000FH     UNIT         ?PR?UC_NACK?IOEXPANDER_PI4IOE5V96248
            CODE    4C75H     000FH     UNIT         ?PR?_ISDIGIT?ISDIGIT
            CODE    4C84H     000DH     UNIT         ?PR?SPI_INIT?PCF85063BTL
            CODE    4C91H     000CH     UNIT         ?PR?KEYPAD_IO_INIT?KEYPAD
            CODE    4C9DH     000CH     UNIT         ?PR?_ABS?ABS
            CODE    4CA9H     000AH     UNIT         ?PR?LCD_RETURN_HOME?LCD_DRIVER_SPLC780D
            CODE    4CB3H     000AH     UNIT         ?PR?LCD_CLEAR?LCD_DRIVER_SPLC780D
            CODE    4CBDH     0006H     UNIT         ?PR?UC_ACK?IOEXPANDER_PI4IOE5V96248
            CODE    4CC3H     0005H     UNIT         ?PR?_UNIT?UART1
            CODE    4CC8H     0005H     UNIT         ?PR?_ASCII_LETTER?UART1
            CODE    4CCDH     0001H     UNIT         ?PR?WAIT?BIPOLARMOTOR
            CODE    4CCEH     0001H     UNIT         ?PR?NOP?IOEXPANDER_PI4IOE5V96248



OVERLAY MAP OF MODULE:   .\Obj\GPIO_RTC_Test (MAIN)


SEGMENT                                             BIT_GROUP          XDATA_GROUP
  +--> CALLED SEGMENT                            START    LENGTH     START    LENGTH
------------------------------------------------------------------------------------
?C_C51STARTUP                                    -----    -----      -----    -----
  +--> ?PR?MAIN?MAIN
  +--> ?C_INITSEG

?PR?MAIN?MAIN                                    -----    -----      038FH    0031H
  +--> ?PR?LCD_INIT?LCD_DRIVER_SPLC780D
  +--> ?PR?SPI_INIT?PCF85063BTL
  +--> ?PR?KEYPAD_IO_INIT?KEYPAD
  +--> ?PR?ADC_INIT?ADC
  +--> ?PR?_SPI_WRITETIME?PCF85063BTL
  +--> ?PR?_DELAY_MS?KEYPAD
  +--> ?PR?_DISPLAY_LINE?LCD_DRIVER_SPLC780D
  +--> ?PR?_WRITEDATA?LCD_DRIVER_SPLC780D
  +--> ?PR?KEY_PROCESS?KEYPAD
  +--> ?PR?_COMMAND?LCD_DRIVER_SPLC780D
  +--> ?PR?_DISPLAY_POS?MAIN
  +--> ?PR?_DISPLAYLCD?LCD_DRIVER_SPLC780D
  +--> ?PR?_STEP_MOVE?BIPOLARMOTOR
  +--> ?PR?LCD_RETURN_HOME?LCD_DRIVER_SPLC780D
  +--> ?PR?_READ_TIME?PCF85063BTL
  +--> ?PR?_ADC_GETRESULT?ADC
  +--> ?PR?_BCDTODEC1?BIPOLARMOTOR
  +--> ?PR?_CALIBRATION?CALIBRATION
  +--> ?PR?AT25SF041_WRITEENABLE?AT25SF041
  +--> ?PR?AT25SF041_CHIPERASE?AT25SF041
  +--> ?PR?_WAIT_MS_SPINOR?AT25SF041
BL51 BANKED LINKER/LOCATER V6.22                                                      02/21/2019  16:17:38  PAGE 5


  +--> ?PR?SPI_NOR_WRITE_DATA?AT25SF041
  +--> ?PR?LINEAR_INTERPOLATE?BIPOLARMOTOR
  +--> ?PR?_UPDATE_POSITION?BIPOLARMOTOR

?PR?LCD_INIT?LCD_DRIVER_SPLC780D                 -----    -----      -----    -----
  +--> ?PR?_WAIT_MS?LCD_DRIVER_SPLC780D
  +--> ?PR?_COMMAND?LCD_DRIVER_SPLC780D

?PR?_COMMAND?LCD_DRIVER_SPLC780D                 -----    -----      -----    -----
  +--> ?PR?_WAIT_MS?LCD_DRIVER_SPLC780D

?PR?ADC_INIT?ADC                                 -----    -----      -----    -----
  +--> ?PR?_WAIT_MS?LCD_DRIVER_SPLC780D

?PR?_SPI_WRITETIME?PCF85063BTL                   -----    -----      -----    -----
  +--> ?PR?_SPI_SENDBYTE?PCF85063BTL

?PR?_SPI_SENDBYTE?PCF85063BTL                    -----    -----      -----    -----
  +--> ?PR?_PCF85063BTL_DELAY?PCF85063BTL

?PR?_DISPLAY_LINE?LCD_DRIVER_SPLC780D            -----    -----      -----    -----
  +--> ?PR?_COMMAND?LCD_DRIVER_SPLC780D

?PR?_WRITEDATA?LCD_DRIVER_SPLC780D               -----    -----      046DH    0001H
  +--> ?PR?_WAIT_MS?LCD_DRIVER_SPLC780D

?PR?KEY_PROCESS?KEYPAD                           -----    -----      03C0H    0006H
  +--> ?PR?KEY_SCAN?KEYPAD
  +--> ?PR?_SPI_WRITETIME?PCF85063BTL
  +--> ?PR?LCD_CLEAR?LCD_DRIVER_SPLC780D
  +--> ?PR?_COMMAND?LCD_DRIVER_SPLC780D
  +--> ?PR?_WRITEDATA?LCD_DRIVER_SPLC780D

?PR?KEY_SCAN?KEYPAD                              -----    -----      03C6H    0003H

?PR?LCD_CLEAR?LCD_DRIVER_SPLC780D                -----    -----      -----    -----
  +--> ?PR?_COMMAND?LCD_DRIVER_SPLC780D

?PR?_DISPLAY_POS?MAIN                            -----    -----      0463H    000AH
  +--> ?PR?_ABS?ABS
  +--> ?PR?_WRITEDATA?LCD_DRIVER_SPLC780D

?PR?_DISPLAYLCD?LCD_DRIVER_SPLC780D              -----    -----      03C0H    0001H
  +--> ?PR?_WRITEDATA?LCD_DRIVER_SPLC780D

?PR?_STEP_MOVE?BIPOLARMOTOR                      0020H.6  0000H.1    047CH    0004H
  +--> ?PR?VONESTEPMOVE?BIPOLARMOTOR

?PR?VONESTEPMOVE?BIPOLARMOTOR                    0020H.7  0000H.1    -----    -----
  +--> ?PR?_WRITE_PI4IOE5V96248?IOEXPANDER_P...
  +--> ?PR?_DELAY_MS?KEYPAD

?PR?_WRITE_PI4IOE5V96248?IOEXPANDER_P...         -----    -----      0480H    0003H
  +--> ?PR?I2C_START?IOEXPANDER_PI4IOE5V96248
  +--> ?PR?_WAIT_MS_I2C?IOEXPANDER_PI4IOE5V9...
  +--> ?PR?_I2C_SENDBYTE?IOEXPANDER_PI4IOE5V...
  +--> ?PR?I2C_ACK?IOEXPANDER_PI4IOE5V96248
BL51 BANKED LINKER/LOCATER V6.22                                                      02/21/2019  16:17:38  PAGE 6


  +--> ?PR?I2C_STOP?IOEXPANDER_PI4IOE5V96248

?PR?I2C_START?IOEXPANDER_PI4IOE5V96248           -----    -----      -----    -----
  +--> ?PR?_WAIT_MS_I2C?IOEXPANDER_PI4IOE5V9...

?PR?_I2C_SENDBYTE?IOEXPANDER_PI4IOE5V...         -----    -----      -----    -----
  +--> ?PR?_WAIT_MS_I2C?IOEXPANDER_PI4IOE5V9...

?PR?I2C_ACK?IOEXPANDER_PI4IOE5V96248             -----    -----      0483H    0001H
  +--> ?PR?_WAIT_MS_I2C?IOEXPANDER_PI4IOE5V9...

?PR?I2C_STOP?IOEXPANDER_PI4IOE5V96248            -----    -----      -----    -----
  +--> ?PR?_WAIT_MS_I2C?IOEXPANDER_PI4IOE5V9...

?PR?LCD_RETURN_HOME?LCD_DRIVER_SPLC780D          -----    -----      -----    -----
  +--> ?PR?_COMMAND?LCD_DRIVER_SPLC780D

?PR?_READ_TIME?PCF85063BTL                       -----    -----      03C0H    000FH
  +--> ?PR?_SPI_READTIME?PCF85063BTL

?PR?_SPI_READTIME?PCF85063BTL                    -----    -----      -----    -----
  +--> ?PR?_SPI_SENDBYTE?PCF85063BTL
  +--> ?PR?SPI_RECEIVEBYTE?PCF85063BTL

?PR?SPI_RECEIVEBYTE?PCF85063BTL                  -----    -----      -----    -----
  +--> ?PR?_PCF85063BTL_DELAY?PCF85063BTL

?PR?_CALIBRATION?CALIBRATION                     -----    -----      03C0H    0019H
  +--> ?PR?VOLTAGE_IS_STABLE?CALIBRATION
  +--> ?PR?_UPDATE_POSITION?BIPOLARMOTOR
  +--> ?PR?_FIND_REAL_MAX?CALIBRATION

?PR?VOLTAGE_IS_STABLE?CALIBRATION                -----    -----      03D9H    0018H
  +--> ?PR?_ADC_GETRESULT?ADC
  +--> ?PR?_ABS?ABS

?PR?_UPDATE_POSITION?BIPOLARMOTOR                -----    -----      03D9H    009FH
  +--> ?PR?_BCDTODEC1?BIPOLARMOTOR
  +--> ?PR?SUNPOS?SUNPOS
  +--> ?PR?SIN?SIN
  +--> ?PR?ASIN?ASIN
  +--> ?PR?LINEAR_INTERPOLATE?BIPOLARMOTOR
  +--> ?PR?_ABS?ABS
  +--> ?PR?_MOVE?BIPOLARMOTOR

?PR?SUNPOS?SUNPOS                                -----    -----      0478H    005DH
  +--> ?PR?SIN?SIN
  +--> ?PR?_ATAN2?ATAN2
  +--> ?PR?ASIN?ASIN
  +--> ?PR?ACOS?ACOS

?PR?SIN?SIN                                      0020H.5  0000H.1    04D5H    0004H

?PR?_ATAN2?ATAN2                                 -----    -----      04D5H    0008H
  +--> ?PR?ATAN?ATAN

?PR?ATAN?ATAN                                    0020H.5  0000H.2    04DDH    0004H
BL51 BANKED LINKER/LOCATER V6.22                                                      02/21/2019  16:17:38  PAGE 7



?PR?ASIN?ASIN                                    -----    -----      -----    -----
  +--> ?PR?SQRT?SQRT
  +--> ?PR?ATAN?ATAN

?PR?SQRT?SQRT                                    -----    -----      04D5H    0004H

?PR?ACOS?ACOS                                    -----    -----      -----    -----
  +--> ?PR?SQRT?SQRT
  +--> ?PR?ATAN?ATAN

?PR?LINEAR_INTERPOLATE?BIPOLARMOTOR              -----    -----      0478H    0014H

?PR?_MOVE?BIPOLARMOTOR                           0020H.5  0000H.1    0478H    0004H
  +--> ?PR?_STEP_MOVE?BIPOLARMOTOR

?PR?_FIND_REAL_MAX?CALIBRATION                   -----    -----      03D9H    008AH
  +--> ?PR?_ADC_GETRESULT?ADC
  +--> ?PR?_MOVE?BIPOLARMOTOR
  +--> ?PR?_COMMAND?LCD_DRIVER_SPLC780D
  +--> ?PR?_WRITEDATA?LCD_DRIVER_SPLC780D
  +--> ?PR?_DISPLAY_POS?MAIN
  +--> ?PR?_WAIT_MS?LCD_DRIVER_SPLC780D
  +--> ?PR?_MAX_VALUE?CALIBRATION

?PR?_MAX_VALUE?CALIBRATION                       -----    -----      0463H    0004H

?PR?AT25SF041_WRITEENABLE?AT25SF041              -----    -----      03CFH    0002H
  +--> ?PR?_WAIT_MS_SPINOR?AT25SF041

?PR?AT25SF041_CHIPERASE?AT25SF041                -----    -----      03C0H    0002H
  +--> ?PR?_WAIT_MS_SPINOR?AT25SF041
  +--> ?PR?READ_STATUS_REGISTER_BYTE1?AT25SF041

?PR?READ_STATUS_REGISTER_BYTE1?AT25SF041         -----    -----      03C2H    0003H
  +--> ?PR?_WAIT_MS_SPINOR?AT25SF041

?PR?SPI_NOR_WRITE_DATA?AT25SF041                 -----    -----      03C0H    000FH
  +--> ?PR?AT25SF041_WRITEENABLE?AT25SF041
  +--> ?PR?_AT25SF041_WRITE?AT25SF041
  +--> ?PR?_WAIT_MS_SPINOR?AT25SF041

?PR?_AT25SF041_WRITE?AT25SF041                   -----    -----      03CFH    0008H
  +--> ?PR?_WAIT_MS_SPINOR?AT25SF041



UNRESOLVED EXTERNAL SYMBOLS:
   AUTO_MODE
   _SENDUART1



SYMBOL TABLE OF MODULE:  .\Obj\GPIO_RTC_Test (MAIN)

  VALUE           TYPE          NAME
  ----------------------------------
BL51 BANKED LINKER/LOCATER V6.22                                                      02/21/2019  16:17:38  PAGE 8



  -------         MODULE        MAIN
  C:0000H         SYMBOL        _ICE_DUMMY_
  X:04E9H         PUBLIC        calib_value
  D:0080H         PUBLIC        P0
  D:00B2H         PUBLIC        P3M0
  D:0090H         PUBLIC        P1
  D:00B1H         PUBLIC        P3M1
  D:00A0H         PUBLIC        P2
  D:00B0H         PUBLIC        P3
  D:00C0H         PUBLIC        P4
  D:00C8H         PUBLIC        P5
  X:053DH         SYMBOL        PressedKey
  B:00A8H.7       PUBLIC        EA
  D:00E8H         PUBLIC        P6
  X:0541H         PUBLIC        calib_stamp
  D:00F8H         PUBLIC        P7
  X:0542H         PUBLIC        RX_Data_Uart_Cnt
  D:00A8H         PUBLIC        IE
  X:0544H         PUBLIC        calib_time
  D:00B8H         PUBLIC        IP
  X:0598H         PUBLIC        months
  D:00D8H         PUBLIC        CCON
  C:0B0EH         PUBLIC        main
  X:0599H         PUBLIC        count
  X:059BH         PUBLIC        days
  X:059CH         PUBLIC        hours
  D:0098H         PUBLIC        SCON
  D:0089H         PUBLIC        TMOD
  D:0088H         PUBLIC        TCON
  B:00A0H.3       PUBLIC        P23
  X:059DH         SYMBOL        KeyCount
  X:059FH         PUBLIC        mins
  X:05A0H         PUBLIC        Rec_data_hour
  B:00C8H.5       PUBLIC        P55
  X:05A3H         PUBLIC        Rec_data_min
  D:008EH         PUBLIC        AUXR
  C:0009H         PUBLIC        tm0_isr
  B:0021H.0       PUBLIC        busy
  B:00A8H.1       PUBLIC        ET0
  D:008CH         PUBLIC        TH0
  X:05A6H         PUBLIC        hour_count
  D:008AH         PUBLIC        TL0
  X:05A7H         PUBLIC        min_count
  B:0088H.4       PUBLIC        TR0
  X:05A8H         SYMBOL        KeyNum
  X:05A9H         SYMBOL        KeyNum_Old
  X:05AAH         PUBLIC        current_position
  X:05AEH         PUBLIC        hours1
  X:05AFH         PUBLIC        hours2
  C:4491H         PUBLIC        _Display_Prox
  X:05B0H         PUBLIC        mins1
  X:05B1H         PUBLIC        mins2
  C:385BH         PUBLIC        _Display_Pos
  X:05B2H         PUBLIC        seconds
  X:05B3H         PUBLIC        st_time
  D:00D0H         PUBLIC        PSW
BL51 BANKED LINKER/LOCATER V6.22                                                      02/21/2019  16:17:38  PAGE 9


  -------         PROC          TM0_ISR
  C:0009H         LINE#         85
  C:0009H         LINE#         87
  -------         ENDPROC       TM0_ISR
  -------         PROC          MAIN
  -------         DO            
  X:038FH         SYMBOL        sunlight_ADC
  X:04E1H         SYMBOL        KeyCount
  X:04E3H         SYMBOL        KeyNum_Old
  X:04E4H         SYMBOL        KeyNum
  X:04E5H         SYMBOL        PressedKey
  X:0391H         SYMBOL        prox_flag
  X:0392H         SYMBOL        iUse_prevday_calib_value
  X:0394H         SYMBOL        max_ADC_Val
  X:0396H         SYMBOL        max_ADC_Val_JP
  X:0398H         SYMBOL        calib_point1
  X:03A0H         SYMBOL        calib_point2
  X:03A8H         SYMBOL        dat_to_store
  X:03B4H         SYMBOL        calib_day
  X:03B6H         SYMBOL        calib_count
  X:03B8H         SYMBOL        theorical_JP_max_pos
  X:03BCH         SYMBOL        SPI_NOR_INTERNAL_FLASH_ADDR
  -------         ENDDO         
  C:0B0EH         LINE#         89
  C:0B0EH         LINE#         90
  C:0B0EH         LINE#         95
  C:0B14H         LINE#         96
  C:0B1DH         LINE#         100
  C:0B23H         LINE#         101
  C:0B2DH         LINE#         102
  C:0B37H         LINE#         106
  C:0B39H         LINE#         107
  C:0B3BH         LINE#         108
  C:0B3DH         LINE#         109
  C:0B3FH         LINE#         111
  C:0B46H         LINE#         120
  C:0B48H         LINE#         121
  C:0B4BH         LINE#         122
  C:0B4EH         LINE#         123
  C:0B51H         LINE#         124
  C:0B54H         LINE#         125
  C:0B57H         LINE#         128
  C:0B5AH         LINE#         130
  C:0B5DH         LINE#         131
  C:0B60H         LINE#         132
  C:0B63H         LINE#         133
  C:0B65H         LINE#         134
  C:0B67H         LINE#         135
  C:0B69H         LINE#         137
  C:0B6BH         LINE#         138
  C:0B72H         LINE#         139
  C:0B79H         LINE#         140
  C:0B80H         LINE#         141
  C:0B87H         LINE#         145
  C:0B8EH         LINE#         146
  C:0B93H         LINE#         147
  C:0B98H         LINE#         148
BL51 BANKED LINKER/LOCATER V6.22                                                      02/21/2019  16:17:38  PAGE 10


  C:0B9DH         LINE#         149
  C:0BA2H         LINE#         150
  C:0BA7H         LINE#         153
  C:0BC0H         LINE#         154
  C:0BC0H         LINE#         155
  C:0BDCH         LINE#         156
  C:0C23H         LINE#         157
  C:0C34H         LINE#         158
  C:0C34H         LINE#         159
  C:0C34H         LINE#         160
  C:0C37H         LINE#         163
  C:0C37H         LINE#         166
  C:0C3CH         LINE#         167
  C:0C41H         LINE#         169
  C:0C46H         LINE#         170
  C:0C4BH         LINE#         171
  C:0C50H         LINE#         172
  C:0C55H         LINE#         174
  C:0C66H         LINE#         175
  C:0C6BH         LINE#         176
  C:0C70H         LINE#         178
  C:0C77H         LINE#         179
  C:0C7FH         LINE#         180
  C:0C84H         LINE#         181
  C:0C8CH         LINE#         182
  C:0C91H         LINE#         183
  C:0C9BH         LINE#         184
  C:0CA0H         LINE#         185
  C:0CA8H         LINE#         187
  C:0CB0H         LINE#         188
  C:0CB5H         LINE#         189
  C:0CBFH         LINE#         190
  C:0CBFH         LINE#         191
  C:0CC1H         LINE#         192
  C:0CC3H         LINE#         193
  C:0CCDH         LINE#         194
  C:0CCDH         LINE#         195
  C:0CD2H         LINE#         196
  C:0CD2H         LINE#         208
  C:0CDFH         LINE#         209
  C:0CDFH         LINE#         210
  C:0CE9H         LINE#         211
  C:0D00H         LINE#         212
  C:0D00H         LINE#         213
  C:0D02H         LINE#         214
  C:0D04H         LINE#         216
  C:0D04H         LINE#         217
  C:0D0FH         LINE#         218
  C:0D0FH         LINE#         219
  C:0D14H         LINE#         220
  C:0D14H         LINE#         221
  C:0D21H         LINE#         222
  C:0D21H         LINE#         225
  C:0D2BH         LINE#         226
  C:0D42H         LINE#         227
  C:0D42H         LINE#         228
  C:0D44H         LINE#         229
BL51 BANKED LINKER/LOCATER V6.22                                                      02/21/2019  16:17:38  PAGE 11


  C:0D46H         LINE#         231
  C:0D46H         LINE#         232
  C:0D51H         LINE#         233
  C:0D51H         LINE#         234
  C:0D56H         LINE#         235
  C:0D58H         LINE#         236
  C:0D58H         LINE#         245
  C:0D7AH         LINE#         246
  C:0D7AH         LINE#         247
  C:0D84H         LINE#         248
  C:0D8AH         LINE#         249
  C:0D8CH         LINE#         250
  C:0D8EH         LINE#         251
  C:0D90H         LINE#         252
  C:0D90H         LINE#         253
  C:0D93H         LINE#         255
  C:0D93H         LINE#         256
  C:0D99H         LINE#         257
  C:0DA1H         LINE#         258
  C:0DA7H         LINE#         259
  C:0DAFH         LINE#         260
  C:0DEAH         LINE#         264
  C:0DF7H         LINE#         265
  C:0DF7H         LINE#         266
  C:0E04H         LINE#         267
  C:0E37H         LINE#         268
  C:0E44H         LINE#         269
  C:0E44H         LINE#         271
  C:0E73H         LINE#         272
  C:0E73H         LINE#         273
  C:0E95H         LINE#         274
  C:0E95H         LINE#         275
  C:0F11H         LINE#         276
  C:0F8FH         LINE#         280
  C:0F97H         LINE#         281
  C:0F9FH         LINE#         282
  C:0FA7H         LINE#         284
  C:0FAFH         LINE#         285
  C:0FB8H         LINE#         286
  C:0FCEH         LINE#         288
  C:0FFDH         LINE#         289
  C:100CH         LINE#         290
  C:1015H         LINE#         292
  C:102BH         LINE#         293
  C:105AH         LINE#         295
  C:105AH         LINE#         296
  C:105DH         LINE#         298
  C:1060H         LINE#         299
  C:1067H         LINE#         300
  C:1067H         LINE#         301
  C:1067H         LINE#         302
  C:106AH         LINE#         303
  C:107BH         LINE#         304
  C:107BH         LINE#         305
  C:107BH         LINE#         307
  C:107BH         LINE#         310
  C:107EH         LINE#         312
BL51 BANKED LINKER/LOCATER V6.22                                                      02/21/2019  16:17:38  PAGE 12


  C:107EH         LINE#         313
  C:10A0H         LINE#         314
  C:10A0H         LINE#         315
  C:111CH         LINE#         316
  C:1171H         LINE#         317
  C:1171H         LINE#         318
  C:1171H         LINE#         319
  C:1174H         LINE#         323
  C:1174H         LINE#         326
  C:11A8H         LINE#         327
  C:11A8H         LINE#         328
  C:11CAH         LINE#         329
  C:11CAH         LINE#         330
  C:1246H         LINE#         331
  C:12C4H         LINE#         335
  C:12CCH         LINE#         336
  C:12D4H         LINE#         337
  C:12DCH         LINE#         339
  C:12E4H         LINE#         340
  C:12EDH         LINE#         341
  C:1303H         LINE#         343
  C:1332H         LINE#         344
  C:1341H         LINE#         345
  C:134AH         LINE#         347
  C:1360H         LINE#         348
  C:138FH         LINE#         349
  C:13B3H         LINE#         351
  C:13B6H         LINE#         352
  C:13C7H         LINE#         353
  C:13C7H         LINE#         354
  C:13CFH         LINE#         356
  C:13CFH         LINE#         359
  C:13D2H         LINE#         361
  C:13D2H         LINE#         363
  C:13F4H         LINE#         364
  C:13F4H         LINE#         365
  C:1470H         LINE#         367
  C:149DH         LINE#         368
  C:14B8H         LINE#         369
  C:14E5H         LINE#         370
  C:1500H         LINE#         372
  C:159CH         LINE#         375
  C:159CH         LINE#         376
  C:159CH         LINE#         377
  C:159CH         LINE#         379
  C:159CH         LINE#         382
  C:15B8H         LINE#         383
  C:15BDH         LINE#         385
  C:15BFH         LINE#         386
  -------         ENDPROC       MAIN
  -------         PROC          _DISPLAY_PROX
  D:0002H         SYMBOL        dat
  -------         DO            
  X:062FH         SYMBOL        unit
  X:0630H         SYMBOL        ten
  X:0631H         SYMBOL        hundred
  X:0632H         SYMBOL        thousand
BL51 BANKED LINKER/LOCATER V6.22                                                      02/21/2019  16:17:38  PAGE 13


  -------         ENDDO         
  C:4491H         LINE#         470
  C:4495H         LINE#         471
  C:4495H         LINE#         473
  C:44A1H         LINE#         474
  C:44B1H         LINE#         475
  C:44CDH         LINE#         476
  C:44FDH         LINE#         477
  C:4507H         LINE#         478
  C:4511H         LINE#         479
  C:451BH         LINE#         480
  C:4525H         LINE#         482
  -------         ENDPROC       _DISPLAY_PROX
  -------         PROC          _DISPLAY_POS
  X:0463H         SYMBOL        sign_dat
  -------         DO            
  X:0467H         SYMBOL        unit
  X:0468H         SYMBOL        ten
  X:0469H         SYMBOL        hundred
  D:0003H         SYMBOL        thousand
  X:046AH         SYMBOL        after_dot
  X:046BH         SYMBOL        dat
  -------         ENDDO         
  C:385BH         LINE#         485
  C:3861H         LINE#         486
  C:3861H         LINE#         490
  C:387DH         LINE#         491
  C:3897H         LINE#         492
  C:38BBH         LINE#         494
  C:3905H         LINE#         496
  C:391CH         LINE#         497
  C:3929H         LINE#         498
  C:394BH         LINE#         499
  C:3980H         LINE#         500
  C:3998H         LINE#         501
  C:3998H         LINE#         503
  C:3998H         LINE#         504
  C:3998H         LINE#         505
  C:3998H         LINE#         506
  C:3998H         LINE#         507
  C:3998H         LINE#         511
  C:399AH         LINE#         513
  C:399AH         LINE#         515
  C:399FH         LINE#         516
  C:39A9H         LINE#         517
  C:39B3H         LINE#         518
  C:39BDH         LINE#         519
  C:39C2H         LINE#         520
  C:39CCH         LINE#         524
  C:39CCH         LINE#         526
  -------         ENDPROC       _DISPLAY_POS
  -------         ENDMOD        MAIN

  -------         MODULE        PCF85063BTL
  C:0000H         SYMBOL        _ICE_DUMMY_
  D:0096H         PUBLIC        P2M0
  D:0080H         PUBLIC        P0
BL51 BANKED LINKER/LOCATER V6.22                                                      02/21/2019  16:17:38  PAGE 14


  D:0095H         PUBLIC        P2M1
  D:0090H         PUBLIC        P1
  D:00A0H         PUBLIC        P2
  D:00B0H         PUBLIC        P3
  D:00C0H         PUBLIC        P4
  D:00C8H         PUBLIC        P5
  D:00E8H         PUBLIC        P6
  B:00A0H.1       PUBLIC        PCF85063BTL_SDI
  D:00F8H         PUBLIC        P7
  B:00A0H.2       PUBLIC        PCF85063BTL_SCK
  B:00A0H.1       PUBLIC        PCF85063BTL_SDO
  D:00A8H         PUBLIC        IE
  C:46ABH         PUBLIC        _Read_time
  C:4C02H         PUBLIC        _PCF85063BTL_Delay
  D:00B8H         PUBLIC        IP
  D:00D8H         PUBLIC        CCON
  C:45B2H         PUBLIC        _Day_Of_Year
  C:4AF8H         PUBLIC        SPI_ReceiveByte
  D:0098H         PUBLIC        SCON
  D:0088H         PUBLIC        TCON
  C:4C35H         PUBLIC        _BCDtoDec
  B:00A0H.0       PUBLIC        PCF85063BTL_CS
  C:4C24H         PUBLIC        _SPI_ReadTime
  C:4C84H         PUBLIC        SPI_Init
  C:4B8DH         PUBLIC        _SPI_WriteTime
  C:4AD8H         PUBLIC        _SPI_SendByte
  D:00D0H         PUBLIC        PSW
  C:4BFEH         SYMBOL        L?0047
  -------         PROC          L?0046
  -------         ENDPROC       L?0046
  C:4BFEH         SYMBOL        L?0047
  -------         PROC          _PCF85063BTL_DELAY
  D:0006H         SYMBOL        us
  C:4C02H         LINE#         8
  C:4C02H         LINE#         9
  C:4C02H         LINE#         10
  C:4C0CH         LINE#         11
  C:4C0CH         LINE#         12
  C:4C0DH         LINE#         13
  C:4C0FH         LINE#         14
  -------         ENDPROC       _PCF85063BTL_DELAY
  -------         PROC          _SPI_SENDBYTE
  D:0005H         SYMBOL        dat
  -------         DO            
  D:0003H         SYMBOL        i
  -------         ENDDO         
  C:4AD8H         LINE#         17
  C:4ADAH         LINE#         18
  C:4ADAH         LINE#         20
  C:4ADCH         LINE#         21
  C:4ADCH         LINE#         22
  C:4ADEH         LINE#         23
  C:4AE2H         LINE#         24
  C:4AE2H         LINE#         25
  C:4AE4H         LINE#         26
  C:4AE6H         LINE#         28
  C:4AE6H         LINE#         29
BL51 BANKED LINKER/LOCATER V6.22                                                      02/21/2019  16:17:38  PAGE 15


  C:4AE8H         LINE#         30
  C:4AE8H         LINE#         31
  C:4AEBH         LINE#         32
  C:4AEBH         LINE#         33
  C:4AEEH         LINE#         34
  C:4AF2H         LINE#         35
  C:4AF7H         LINE#         36
  -------         ENDPROC       _SPI_SENDBYTE
  -------         PROC          SPI_RECEIVEBYTE
  -------         DO            
  D:0003H         SYMBOL        i
  D:0005H         SYMBOL        dat
  -------         ENDDO         
  C:4AF8H         LINE#         39
  C:4AF8H         LINE#         40
  C:4AF8H         LINE#         42
  C:4AFAH         LINE#         44
  C:4AFCH         LINE#         45
  C:4AFDH         LINE#         46
  C:4AFDH         LINE#         47
  C:4B01H         LINE#         48
  C:4B03H         LINE#         49
  C:4B06H         LINE#         51
  C:4B09H         LINE#         52
  C:4B09H         LINE#         53
  C:4B0DH         LINE#         54
  C:4B0DH         LINE#         55
  C:4B0DH         LINE#         56
  C:4B10H         LINE#         57
  C:4B15H         LINE#         58
  C:4B17H         LINE#         59
  -------         ENDPROC       SPI_RECEIVEBYTE
  -------         PROC          _SPI_READTIME
  D:0007H         SYMBOL        addr
  -------         DO            
  D:0006H         SYMBOL        dat
  -------         ENDDO         
  C:4C24H         LINE#         61
  C:4C24H         LINE#         62
  C:4C24H         LINE#         64
  C:4C26H         LINE#         65
  C:4C28H         LINE#         66
  C:4C2FH         LINE#         67
  C:4C32H         LINE#         68
  C:4C34H         LINE#         69
  C:4C34H         LINE#         70
  -------         ENDPROC       _SPI_READTIME
  -------         PROC          _SPI_WRITETIME
  D:0002H         SYMBOL        val
  D:0005H         SYMBOL        addr
  C:4B8DH         LINE#         71
  C:4B8FH         LINE#         72
  C:4B8FH         LINE#         74
  C:4B91H         LINE#         75
  C:4B98H         LINE#         76
  C:4B9DH         LINE#         77
  C:4BA2H         LINE#         78
BL51 BANKED LINKER/LOCATER V6.22                                                      02/21/2019  16:17:38  PAGE 16


  C:4BA4H         LINE#         79
  -------         ENDPROC       _SPI_WRITETIME
  -------         PROC          SPI_INIT
  C:4C84H         LINE#         83
  C:4C84H         LINE#         84
  C:4C84H         LINE#         89
  C:4C87H         LINE#         90
  C:4C8AH         LINE#         91
  C:4C8CH         LINE#         92
  C:4C8EH         LINE#         93
  C:4C90H         LINE#         94
  -------         ENDPROC       SPI_INIT
  -------         PROC          _READ_TIME
  X:03C0H         SYMBOL        months
  X:03C3H         SYMBOL        days
  X:03C6H         SYMBOL        hours
  X:03C9H         SYMBOL        mins
  X:03CCH         SYMBOL        seconds
  C:46ABH         LINE#         96
  C:46B6H         LINE#         97
  C:46B6H         LINE#         99
  C:46CAH         LINE#         101
  C:46DEH         LINE#         103
  C:46F2H         LINE#         108
  C:4706H         LINE#         113
  -------         ENDPROC       _READ_TIME
  -------         PROC          _BCDTODEC
  D:0007H         SYMBOL        bcd
  -------         DO            
  D:0006H         SYMBOL        hi
  D:0007H         SYMBOL        lo
  -------         ENDDO         
  C:4C35H         LINE#         119
  C:4C35H         LINE#         120
  C:4C35H         LINE#         122
  C:4C3AH         LINE#         123
  C:4C3EH         LINE#         124
  C:4C45H         LINE#         125
  -------         ENDPROC       _BCDTODEC
  -------         PROC          _DAY_OF_YEAR
  D:0007H         SYMBOL        months_bcd
  D:0005H         SYMBOL        days_bcd
  -------         DO            
  D:0004H         SYMBOL        months
  D:0007H         SYMBOL        days
  -------         ENDDO         
  C:45B2H         LINE#         126
  C:45B2H         LINE#         127
  C:45B2H         LINE#         130
  C:45B7H         LINE#         132
  C:45BCH         LINE#         134
  C:45F5H         LINE#         135
  C:45F5H         LINE#         136
  C:45F5H         LINE#         137
  C:45F8H         LINE#         138
  C:45F8H         LINE#         139
  C:45F8H         LINE#         140
BL51 BANKED LINKER/LOCATER V6.22                                                      02/21/2019  16:17:38  PAGE 17


  C:45FDH         LINE#         141
  C:45FDH         LINE#         142
  C:45FDH         LINE#         143
  C:4602H         LINE#         144
  C:4602H         LINE#         145
  C:4602H         LINE#         146
  C:4607H         LINE#         147
  C:4607H         LINE#         148
  C:4607H         LINE#         149
  C:460CH         LINE#         150
  C:460CH         LINE#         151
  C:460CH         LINE#         152
  C:4611H         LINE#         153
  C:4611H         LINE#         154
  C:4611H         LINE#         155
  C:4616H         LINE#         156
  C:4616H         LINE#         157
  C:4616H         LINE#         158
  C:461BH         LINE#         159
  C:461BH         LINE#         160
  C:461BH         LINE#         161
  C:4623H         LINE#         162
  C:4623H         LINE#         163
  C:4623H         LINE#         164
  C:4628H         LINE#         165
  C:4628H         LINE#         166
  C:4628H         LINE#         167
  C:462DH         LINE#         168
  C:462DH         LINE#         169
  C:462DH         LINE#         170
  C:4635H         LINE#         171
  C:4635H         LINE#         172
  C:4635H         LINE#         173
  -------         ENDPROC       _DAY_OF_YEAR
  -------         ENDMOD        PCF85063BTL

  -------         MODULE        UART1
  C:0000H         SYMBOL        _ICE_DUMMY_
  D:0080H         PUBLIC        P0
  D:0090H         PUBLIC        P1
  D:00A0H         PUBLIC        P2
  D:00B0H         PUBLIC        P3
  D:00C0H         PUBLIC        P4
  D:00C8H         PUBLIC        P5
  B:00A8H.7       PUBLIC        EA
  D:00E8H         PUBLIC        P6
  D:00F8H         PUBLIC        P7
  C:49B0H         PUBLIC        _SendString
  D:00A8H         PUBLIC        IE
  B:00A8H.4       PUBLIC        ES
  D:00B8H         PUBLIC        IP
  C:4BA5H         PUBLIC        _ASCIItoBCD
  D:00D8H         PUBLIC        CCON
  C:4C46H         PUBLIC        initUART1
  D:0098H         PUBLIC        SCON
  D:0088H         PUBLIC        TCON
  C:000AH         PUBLIC        _DectoBCD
BL51 BANKED LINKER/LOCATER V6.22                                                      02/21/2019  16:17:38  PAGE 18


  C:4CC8H         PUBLIC        _ASCII_Letter
  D:008EH         PUBLIC        AUXR
  C:4CC3H         PUBLIC        _unit
  C:0003H         PUBLIC        _ten
  D:00D6H         PUBLIC        T2H
  D:00D7H         PUBLIC        T2L
  D:00D0H         PUBLIC        PSW
  -------         PROC          INITUART1
  C:4C46H         LINE#         21
  C:4C46H         LINE#         22
  C:4C46H         LINE#         23
  C:4C49H         LINE#         24
  C:4C4CH         LINE#         25
  C:4C4FH         LINE#         26
  C:4C52H         LINE#         27
  C:4C54H         LINE#         28
  C:4C56H         LINE#         30
  -------         ENDPROC       INITUART1
  -------         PROC          _SENDSTRING
  X:0633H         SYMBOL        s
  C:49B0H         LINE#         35
  C:49BBH         LINE#         36
  C:49BBH         LINE#         37
  C:49CBH         LINE#         38
  C:49CBH         LINE#         39
  C:49E0H         LINE#         40
  C:49E2H         LINE#         41
  -------         ENDPROC       _SENDSTRING
  -------         PROC          _TEN
  D:0007H         SYMBOL        BCD
  C:0003H         LINE#         43
  C:0003H         LINE#         44
  C:0003H         LINE#         45
  C:0008H         LINE#         46
  -------         ENDPROC       _TEN
  -------         PROC          _UNIT
  D:0007H         SYMBOL        BCD
  C:4CC3H         LINE#         47
  C:4CC3H         LINE#         48
  C:4CC3H         LINE#         52
  C:4CC7H         LINE#         53
  -------         ENDPROC       _UNIT
  -------         PROC          _DECTOBCD
  D:0007H         SYMBOL        dec
  C:000AH         LINE#         54
  C:000AH         LINE#         55
  C:000AH         LINE#         57
  C:000AH         LINE#         58
  -------         ENDPROC       _DECTOBCD
  -------         PROC          _ASCII_LETTER
  D:0007H         SYMBOL        dat
  C:4CC8H         LINE#         60
  C:4CC8H         LINE#         61
  C:4CC8H         LINE#         63
  C:4CCCH         LINE#         64
  -------         ENDPROC       _ASCII_LETTER
  -------         PROC          _ASCIITOBCD
BL51 BANKED LINKER/LOCATER V6.22                                                      02/21/2019  16:17:38  PAGE 19


  D:0001H         SYMBOL        ascii
  -------         DO            
  D:0007H         SYMBOL        dec_val
  D:0006H         SYMBOL        ten
  D:0007H         SYMBOL        unit
  -------         ENDDO         
  C:4BA5H         LINE#         66
  C:4BA5H         LINE#         67
  C:4BA5H         LINE#         69
  C:4BA8H         LINE#         70
  C:4BAEH         LINE#         71
  C:4BB5H         LINE#         72
  C:4BBBH         LINE#         74
  -------         ENDPROC       _ASCIITOBCD
  -------         ENDMOD        UART1

  -------         MODULE        LCD_DRIVER_SPLC780D
  C:0000H         SYMBOL        _ICE_DUMMY_
  D:0092H         PUBLIC        P1M0
  D:0091H         PUBLIC        P1M1
  D:0080H         PUBLIC        P0
  D:0090H         PUBLIC        P1
  D:00A0H         PUBLIC        P2
  D:00B0H         PUBLIC        P3
  D:00C0H         PUBLIC        P4
  D:00C8H         PUBLIC        P5
  D:00E8H         PUBLIC        P6
  D:00F8H         PUBLIC        P7
  C:4636H         PUBLIC        _WriteData
  D:00A8H         PUBLIC        IE
  D:00B8H         PUBLIC        IP
  D:00D8H         PUBLIC        CCON
  B:00B0H.4       PUBLIC        LCD_D4
  B:00B0H.5       PUBLIC        LCD_D5
  B:00B0H.6       PUBLIC        LCD_D6
  C:4B55H         PUBLIC        _DisplayLCD
  B:00B0H.7       PUBLIC        LCD_D7
  D:0098H         PUBLIC        SCON
  D:0088H         PUBLIC        TCON
  C:4CB3H         PUBLIC        LCD_clear
  C:48F5H         PUBLIC        _Command
  C:4BD2H         PUBLIC        _Display_Line
  C:4774H         PUBLIC        LCD_Init
  C:4ABAH         PUBLIC        _Wait_ms
  B:00C0H.0       PUBLIC        LCD_RS
  B:00B0H.2       PUBLIC        LCD_RW
  C:4CA9H         PUBLIC        LCD_return_home
  B:00B0H.3       PUBLIC        LCD_E
  D:00D0H         PUBLIC        PSW
  -------         PROC          LCD_INIT
  C:4774H         LINE#         9
  C:4774H         LINE#         10
  C:4774H         LINE#         11
  C:4777H         LINE#         12
  C:477AH         LINE#         14
  C:4780H         LINE#         15
  C:4785H         LINE#         17
BL51 BANKED LINKER/LOCATER V6.22                                                      02/21/2019  16:17:38  PAGE 20


  C:478CH         LINE#         18
  C:4791H         LINE#         20
  C:4794H         LINE#         21
  C:4799H         LINE#         23
  C:479CH         LINE#         24
  C:47A1H         LINE#         26
  C:47A8H         LINE#         29
  C:47ADH         LINE#         30
  C:47B2H         LINE#         32
  C:47B7H         LINE#         33
  C:47BCH         LINE#         35
  C:47C1H         LINE#         36
  C:47C6H         LINE#         37
  -------         ENDPROC       LCD_INIT
  -------         PROC          _WRITEDATA
  X:046DH         SYMBOL        dat
  C:4636H         LINE#         40
  C:463BH         LINE#         41
  C:463BH         LINE#         46
  C:463DH         LINE#         47
  C:463FH         LINE#         49
  C:464DH         LINE#         50
  C:4659H         LINE#         51
  C:4665H         LINE#         52
  C:466FH         LINE#         53
  C:4671H         LINE#         54
  C:4678H         LINE#         55
  C:467AH         LINE#         57
  C:468AH         LINE#         58
  C:4695H         LINE#         59
  C:469FH         LINE#         60
  C:46A3H         LINE#         62
  C:46A3H         LINE#         63
  C:46A6H         LINE#         64
  C:46A8H         LINE#         65
  C:46AAH         LINE#         67
  -------         ENDPROC       _WRITEDATA
  -------         PROC          _COMMAND
  D:0007H         SYMBOL        dat
  C:48F5H         LINE#         69
  C:48F5H         LINE#         70
  C:48F5H         LINE#         71
  C:48F7H         LINE#         72
  C:48F9H         LINE#         74
  C:4903H         LINE#         75
  C:4907H         LINE#         77
  C:4909H         LINE#         78
  C:4912H         LINE#         79
  C:4916H         LINE#         81
  C:4918H         LINE#         82
  C:491FH         LINE#         83
  C:4923H         LINE#         85
  C:4925H         LINE#         86
  C:4929H         LINE#         87
  C:492DH         LINE#         89
  C:492FH         LINE#         90
  C:492FH         LINE#         91
BL51 BANKED LINKER/LOCATER V6.22                                                      02/21/2019  16:17:38  PAGE 21


  C:4932H         LINE#         92
  C:4934H         LINE#         93
  -------         ENDPROC       _COMMAND
  C:4AB6H         SYMBOL        L?0028
  -------         PROC          L?0027
  -------         ENDPROC       L?0027
  C:4AB6H         SYMBOL        L?0028
  -------         PROC          _WAIT_MS
  D:0006H         SYMBOL        ms
  -------         DO            
  D:0004H         SYMBOL        De_Cnt
  -------         ENDDO         
  C:4ABAH         LINE#         95
  C:4ABAH         LINE#         96
  C:4ABAH         LINE#         98
  C:4AC4H         LINE#         99
  C:4AC4H         LINE#         100
  C:4AD7H         LINE#         101
  C:4AD7H         LINE#         102
  -------         ENDPROC       _WAIT_MS
  -------         PROC          _DISPLAYLCD
  D:0007H         SYMBOL        BCD
  -------         DO            
  D:0006H         SYMBOL        first_digit
  X:03C0H         SYMBOL        second_digit
  -------         ENDDO         
  C:4B55H         LINE#         103
  C:4B55H         LINE#         104
  C:4B55H         LINE#         106
  C:4B5CH         LINE#         107
  C:4B65H         LINE#         109
  C:4B6AH         LINE#         111
  -------         ENDPROC       _DISPLAYLCD
  -------         PROC          LCD_RETURN_HOME
  C:4CA9H         LINE#         115
  C:4CA9H         LINE#         116
  C:4CA9H         LINE#         117
  C:4CAEH         LINE#         118
  -------         ENDPROC       LCD_RETURN_HOME
  -------         PROC          LCD_CLEAR
  C:4CB3H         LINE#         121
  C:4CB3H         LINE#         122
  C:4CB3H         LINE#         123
  C:4CB8H         LINE#         124
  -------         ENDPROC       LCD_CLEAR
  -------         PROC          _DISPLAY_LINE
  D:0006H         SYMBOL        line
  C:4BD2H         LINE#         128
  C:4BD2H         LINE#         129
  C:4BD2H         LINE#         130
  C:4BD8H         LINE#         131
  C:4BD8H         LINE#         132
  C:4BDAH         LINE#         133
  C:4BDAH         LINE#         134
  C:4BDCH         LINE#         136
  C:4BDCH         LINE#         137
  C:4BE1H         LINE#         138
BL51 BANKED LINKER/LOCATER V6.22                                                      02/21/2019  16:17:38  PAGE 22


  C:4BE6H         LINE#         139
  C:4BE6H         LINE#         140
  -------         ENDPROC       _DISPLAY_LINE
  -------         ENDMOD        LCD_DRIVER_SPLC780D

  -------         MODULE        KEYPAD
  C:0000H         SYMBOL        _ICE_DUMMY_
  D:0093H         PUBLIC        P0M1
  D:0080H         PUBLIC        P0
  D:0090H         PUBLIC        P1
  D:00A0H         PUBLIC        P2
  D:00B0H         PUBLIC        P3
  D:00C0H         PUBLIC        P4
  D:00C8H         PUBLIC        P5
  B:0020H.0       PUBLIC        calib_mode
  D:00E8H         PUBLIC        P6
  D:00F8H         PUBLIC        P7
  D:00A8H         PUBLIC        IE
  C:3546H         PUBLIC        Key_Scan
  D:00B8H         PUBLIC        IP
  D:00D8H         PUBLIC        CCON
  C:4C91H         PUBLIC        KeyPad_IO_Init
  C:4B37H         PUBLIC        _Delay_ms
  D:0098H         PUBLIC        SCON
  D:0088H         PUBLIC        TCON
  B:0020H.1       PUBLIC        small_move
  B:0020H.2       PUBLIC        move
  B:0020H.3       PUBLIC        direction
  B:0020H.4       PUBLIC        auto_move
  C:30D5H         PUBLIC        Key_Process
  D:00D0H         PUBLIC        PSW
  D:0094H         PUBLIC        P0M0
  -------         PROC          _DELAY_MS
  D:0006H         SYMBOL        ms
  -------         DO            
  D:0004H         SYMBOL        De_Cnt
  -------         ENDDO         
  C:4B37H         LINE#         19
  C:4B37H         LINE#         20
  C:4B37H         LINE#         22
  C:4B41H         LINE#         23
  C:4B41H         LINE#         24
  C:4B54H         LINE#         25
  C:4B54H         LINE#         26
  -------         ENDPROC       _DELAY_MS
  -------         PROC          KEY_SCAN
  -------         DO            
  X:03C6H         SYMBOL        KeyTemp1
  X:03C7H         SYMBOL        KeyTemp2
  X:03C8H         SYMBOL        KeyValue
  -------         ENDDO         
  C:3546H         LINE#         27
  C:3546H         LINE#         28
  C:3546H         LINE#         33
  C:3549H         LINE#         36
  C:354CH         LINE#         38
  C:3554H         LINE#         39
BL51 BANKED LINKER/LOCATER V6.22                                                      02/21/2019  16:17:38  PAGE 23


  C:355BH         LINE#         40
  C:355BH         LINE#         42
  C:3560H         LINE#         43
  C:3567H         LINE#         44
  C:3567H         LINE#         47
  C:356AH         LINE#         48
  C:356DH         LINE#         49
  C:3572H         LINE#         50
  C:3576H         LINE#         51
  C:3576H         LINE#         52
  C:357EH         LINE#         53
  C:357EH         LINE#         54
  C:3581H         LINE#         55
  C:3589H         LINE#         56
  C:358BH         LINE#         58
  C:359FH         LINE#         59
  C:359FH         LINE#         60
  C:359FH         LINE#         61
  C:359FH         LINE#         62
  C:35A5H         LINE#         64
  C:35A7H         LINE#         65
  C:35A7H         LINE#         66
  C:35A7H         LINE#         67
  C:35ADH         LINE#         69
  C:35AFH         LINE#         70
  C:35AFH         LINE#         71
  C:35AFH         LINE#         72
  C:35B5H         LINE#         74
  C:35B7H         LINE#         75
  C:35B7H         LINE#         76
  C:35B7H         LINE#         77
  C:35BDH         LINE#         79
  C:35BDH         LINE#         80
  C:35BDH         LINE#         81
  C:35BDH         LINE#         84
  C:35C0H         LINE#         85
  C:35C3H         LINE#         86
  C:35CBH         LINE#         87
  C:35CFH         LINE#         88
  C:35CFH         LINE#         89
  C:35D7H         LINE#         90
  C:35D7H         LINE#         91
  C:35DAH         LINE#         92
  C:35E2H         LINE#         93
  C:35E4H         LINE#         94
  C:35F8H         LINE#         95
  C:35F8H         LINE#         96
  C:35F8H         LINE#         97
  C:35F8H         LINE#         98
  C:35FEH         LINE#         100
  C:3600H         LINE#         101
  C:3600H         LINE#         102
  C:3600H         LINE#         103
  C:3606H         LINE#         105
  C:3608H         LINE#         106
  C:3608H         LINE#         107
  C:3608H         LINE#         108
BL51 BANKED LINKER/LOCATER V6.22                                                      02/21/2019  16:17:38  PAGE 24


  C:360EH         LINE#         110
  C:3610H         LINE#         111
  C:3610H         LINE#         112
  C:3610H         LINE#         113
  C:3615H         LINE#         115
  C:3615H         LINE#         116
  C:3615H         LINE#         117
  C:3615H         LINE#         120
  C:3618H         LINE#         121
  C:361BH         LINE#         122
  C:3623H         LINE#         123
  C:3627H         LINE#         124
  C:3627H         LINE#         125
  C:362FH         LINE#         126
  C:362FH         LINE#         127
  C:3632H         LINE#         128
  C:363AH         LINE#         129
  C:363CH         LINE#         130
  C:3650H         LINE#         131
  C:3650H         LINE#         132
  C:3650H         LINE#         133
  C:3650H         LINE#         134
  C:3656H         LINE#         136
  C:3658H         LINE#         137
  C:3658H         LINE#         138
  C:3658H         LINE#         139
  C:365EH         LINE#         141
  C:3660H         LINE#         142
  C:3660H         LINE#         143
  C:3660H         LINE#         144
  C:3666H         LINE#         146
  C:3668H         LINE#         147
  C:3668H         LINE#         148
  C:3668H         LINE#         149
  C:366EH         LINE#         151
  C:366EH         LINE#         152
  C:366EH         LINE#         153
  C:366EH         LINE#         157
  C:3671H         LINE#         158
  C:3674H         LINE#         159
  C:367CH         LINE#         160
  C:3680H         LINE#         161
  C:3680H         LINE#         162
  C:3688H         LINE#         163
  C:3688H         LINE#         164
  C:368BH         LINE#         165
  C:3693H         LINE#         166
  C:3695H         LINE#         167
  C:36A9H         LINE#         168
  C:36A9H         LINE#         169
  C:36A9H         LINE#         170
  C:36A9H         LINE#         171
  C:36AFH         LINE#         173
  C:36B1H         LINE#         174
  C:36B1H         LINE#         175
  C:36B1H         LINE#         176
  C:36B7H         LINE#         178
BL51 BANKED LINKER/LOCATER V6.22                                                      02/21/2019  16:17:38  PAGE 25


  C:36B9H         LINE#         179
  C:36B9H         LINE#         180
  C:36B9H         LINE#         181
  C:36BFH         LINE#         183
  C:36C1H         LINE#         184
  C:36C1H         LINE#         185
  C:36C1H         LINE#         186
  C:36C7H         LINE#         188
  C:36C7H         LINE#         189
  C:36C7H         LINE#         190
  C:36C7H         LINE#         192
  C:36CDH         LINE#         193
  C:36CDH         LINE#         195
  C:36CDH         LINE#         196
  C:36D0H         LINE#         197
  C:36D0H         LINE#         198
  C:36D0H         LINE#         200
  C:36D0H         LINE#         201
  C:36D2H         LINE#         202
  C:36D2H         LINE#         203
  -------         ENDPROC       KEY_SCAN
  -------         PROC          KEY_PROCESS
  -------         DO            
  X:0619H         SYMBOL        KeyCount
  X:061BH         SYMBOL        KeyNum_Old
  X:061CH         SYMBOL        KeyNum
  X:061DH         SYMBOL        PressedKey
  X:03C0H         SYMBOL        d
  D:0004H         SYMBOL        hours
  D:0006H         SYMBOL        mins
  X:03C2H         SYMBOL        months
  X:03C4H         SYMBOL        days
  -------         ENDDO         
  C:30D5H         LINE#         204
  C:30D5H         LINE#         205
  C:30D5H         LINE#         209
  C:30DDH         LINE#         210
  C:30E5H         LINE#         212
  C:30E8H         LINE#         213
  C:30E8H         LINE#         214
  C:30EBH         LINE#         216
  C:30EBH         LINE#         217
  C:30F8H         LINE#         218
  C:30F8H         LINE#         219
  C:30FBH         LINE#         220
  C:30FEH         LINE#         222
  C:3101H         LINE#         224
  C:3101H         LINE#         225
  C:310CH         LINE#         226
  C:310CH         LINE#         227
  C:310FH         LINE#         229
  C:310FH         LINE#         230
  C:3116H         LINE#         231
  C:3116H         LINE#         232
  C:3119H         LINE#         234
  C:3119H         LINE#         235
  C:3121H         LINE#         236
BL51 BANKED LINKER/LOCATER V6.22                                                      02/21/2019  16:17:38  PAGE 26


  C:3121H         LINE#         237
  C:312BH         LINE#         238
  C:3133H         LINE#         240
  C:313CH         LINE#         242
  C:313CH         LINE#         251
  C:3151H         LINE#         252
  C:3151H         LINE#         253
  C:3163H         LINE#         254
  C:3171H         LINE#         255
  C:3180H         LINE#         256
  C:3180H         LINE#         258
  C:3186H         LINE#         262
  C:319CH         LINE#         263
  C:31ADH         LINE#         264
  C:31C8H         LINE#         265
  C:31C8H         LINE#         266
  C:31D8H         LINE#         267
  C:31E9H         LINE#         268
  C:31E9H         LINE#         272
  C:3202H         LINE#         273
  C:3219H         LINE#         274
  C:3239H         LINE#         275
  C:3239H         LINE#         276
  C:3243H         LINE#         277
  C:3243H         LINE#         278
  C:324CH         LINE#         279
  C:324CH         LINE#         280
  C:3260H         LINE#         281
  C:3260H         LINE#         282
  C:3260H         LINE#         283
  C:3260H         LINE#         284
  C:3260H         LINE#         285
  C:3262H         LINE#         287
  C:3262H         LINE#         288
  C:326EH         LINE#         289
  C:326EH         LINE#         290
  C:327FH         LINE#         291
  C:327FH         LINE#         292
  C:327FH         LINE#         293
  C:327FH         LINE#         294
  C:327FH         LINE#         296
  C:3281H         LINE#         298
  C:3281H         LINE#         299
  C:3292H         LINE#         300
  C:3292H         LINE#         301
  C:3292H         LINE#         302
  C:3292H         LINE#         303
  C:3292H         LINE#         305
  C:3292H         LINE#         307
  C:3292H         LINE#         308
  C:3294H         LINE#         310
  C:3294H         LINE#         311
  C:32A7H         LINE#         312
  C:32A7H         LINE#         313
  C:32B8H         LINE#         314
  C:32B8H         LINE#         315
  C:32B8H         LINE#         316
BL51 BANKED LINKER/LOCATER V6.22                                                      02/21/2019  16:17:38  PAGE 27


  C:32B8H         LINE#         317
  C:32B8H         LINE#         318
  C:32BAH         LINE#         320
  C:32BAH         LINE#         321
  C:32CBH         LINE#         322
  C:32CBH         LINE#         323
  C:32DCH         LINE#         324
  C:32EDH         LINE#         325
  C:32EDH         LINE#         326
  C:32EDH         LINE#         327
  C:32EDH         LINE#         328
  C:32EDH         LINE#         329
  C:32F0H         LINE#         330
  C:32F5H         LINE#         331
  C:32FAH         LINE#         332
  C:32FFH         LINE#         333
  C:3304H         LINE#         334
  C:3309H         LINE#         335
  C:330EH         LINE#         336
  C:3313H         LINE#         337
  C:3313H         LINE#         339
  C:3335H         LINE#         340
  C:3335H         LINE#         341
  C:333FH         LINE#         342
  C:333FH         LINE#         343
  C:3344H         LINE#         344
  C:334DH         LINE#         345
  C:3364H         LINE#         346
  C:3364H         LINE#         347
  C:3374H         LINE#         349
  C:3374H         LINE#         353
  -------         ENDPROC       KEY_PROCESS
  -------         PROC          KEYPAD_IO_INIT
  C:4C91H         LINE#         356
  C:4C91H         LINE#         357
  C:4C91H         LINE#         358
  C:4C94H         LINE#         359
  C:4C97H         LINE#         360
  C:4C9AH         LINE#         361
  C:4C9CH         LINE#         362
  -------         ENDPROC       KEYPAD_IO_INIT
  -------         ENDMOD        KEYPAD

  -------         MODULE        BIPOLARMOTOR
  C:0000H         SYMBOL        _ICE_DUMMY_
  D:0080H         PUBLIC        P0
  D:0090H         PUBLIC        P1
  X:0000H         PUBLIC        RX_pos_test
  D:00A0H         PUBLIC        P2
  D:00B0H         PUBLIC        P3
  D:00C0H         PUBLIC        P4
  D:00C8H         PUBLIC        P5
  D:00E8H         PUBLIC        P6
  D:00F8H         PUBLIC        P7
  X:00A0H         PUBLIC        low_date_azimuth_mapping
  D:00A8H         PUBLIC        IE
  C:4003H         PUBLIC        linear_interpolate
BL51 BANKED LINKER/LOCATER V6.22                                                      02/21/2019  16:17:38  PAGE 28


  C:4A65H         PUBLIC        _Move
  D:00B8H         PUBLIC        IP
  C:33A8H         PUBLIC        _findDet3x3
  C:2E15H         PUBLIC        _findDet4x4
  D:00D8H         PUBLIC        CCON
  X:00C8H         PUBLIC        previous_move_time
  D:0098H         PUBLIC        SCON
  D:0088H         PUBLIC        TCON
  C:4CCDH         PUBLIC        wait
  C:4935H         PUBLIC        _Step_move
  X:00C9H         PUBLIC        dat
  C:000EH         PUBLIC        _Update_position
  C:481DH         PUBLIC        vOneStepMove
  X:00CFH         PUBLIC        elevation_stamp
  X:010BH         PUBLIC        date_azimuth_mapping
  X:0133H         PUBLIC        RX_pos
  C:4B7CH         PUBLIC        _BCDtoDec1
  X:038BH         PUBLIC        degree
  D:00D0H         PUBLIC        PSW
  -------         PROC          L?0062
  -------         ENDPROC       L?0062
  -------         PROC          _BCDTODEC1
  D:0007H         SYMBOL        bcd
  -------         DO            
  D:0006H         SYMBOL        hi
  D:0007H         SYMBOL        lo
  -------         ENDDO         
  C:4B7CH         LINE#         28
  C:4B7CH         LINE#         29
  C:4B7CH         LINE#         31
  C:4B81H         LINE#         32
  C:4B85H         LINE#         33
  C:4B8CH         LINE#         34
  -------         ENDPROC       _BCDTODEC1
  -------         PROC          WAIT
  C:4CCDH         LINE#         36
  C:4CCDH         LINE#         38
  -------         ENDPROC       WAIT
  -------         PROC          VONESTEPMOVE
  B:0020H.7       SYMBOL        bDir
  C:481DH         LINE#         40
  C:481DH         LINE#         41
  C:481DH         LINE#         43
  C:4823H         LINE#         44
  C:4823H         LINE#         45
  C:4826H         LINE#         46
  C:482FH         LINE#         47
  C:4836H         LINE#         48
  C:483BH         LINE#         49
  C:483BH         LINE#         50
  C:483BH         LINE#         52
  C:483DH         LINE#         55
  C:483DH         LINE#         56
  C:4840H         LINE#         57
  C:4849H         LINE#         58
  C:4850H         LINE#         59
  C:4856H         LINE#         60
BL51 BANKED LINKER/LOCATER V6.22                                                      02/21/2019  16:17:38  PAGE 29


  C:485FH         LINE#         61
  C:4866H         LINE#         62
  C:4866H         LINE#         66
  -------         ENDPROC       VONESTEPMOVE
  -------         PROC          _STEP_MOVE
  X:047CH         SYMBOL        step
  B:0020H.6       SYMBOL        dir
  -------         DO            
  X:047EH         SYMBOL        i
  -------         ENDDO         
  C:4935H         LINE#         68
  C:493DH         LINE#         69
  C:493DH         LINE#         71
  C:4942H         LINE#         74
  C:495DH         LINE#         75
  C:495DH         LINE#         76
  C:4964H         LINE#         78
  C:4974H         LINE#         80
  -------         ENDPROC       _STEP_MOVE
  -------         PROC          _MOVE
  X:0478H         SYMBOL        distance
  B:0020H.5       SYMBOL        direction
  -------         DO            
  D:0006H         SYMBOL        step
  -------         ENDDO         
  C:4A65H         LINE#         82
  C:4A6BH         LINE#         83
  C:4A6BH         LINE#         86
  C:4A86H         LINE#         87
  -------         ENDPROC       _MOVE
  C:3389H         SYMBOL        L?0058
  C:339DH         SYMBOL        L?0059
  -------         PROC          L?0057
  -------         ENDPROC       L?0057
  C:3389H         SYMBOL        L?0058
  C:339DH         SYMBOL        L?0059
  -------         PROC          _FINDDET3X3
  X:05F5H         SYMBOL        a11
  X:05F9H         SYMBOL        a12
  X:05FDH         SYMBOL        a13
  X:0601H         SYMBOL        a21
  X:0605H         SYMBOL        a22
  X:0609H         SYMBOL        a23
  X:060DH         SYMBOL        a31
  X:0611H         SYMBOL        a32
  X:0615H         SYMBOL        a33
  C:33A8H         LINE#         91
  C:33AEH         LINE#         95
  C:33AEH         LINE#         96
  C:3545H         LINE#         98
  -------         ENDPROC       _FINDDET3X3
  -------         PROC          _FINDDET4X4
  X:05B5H         SYMBOL        a11
  X:05B9H         SYMBOL        a12
  X:05BDH         SYMBOL        a13
  X:05C1H         SYMBOL        a14
  X:05C5H         SYMBOL        a21
BL51 BANKED LINKER/LOCATER V6.22                                                      02/21/2019  16:17:38  PAGE 30


  X:05C9H         SYMBOL        a22
  X:05CDH         SYMBOL        a23
  X:05D1H         SYMBOL        a24
  X:05D5H         SYMBOL        a31
  X:05D9H         SYMBOL        a32
  X:05DDH         SYMBOL        a33
  X:05E1H         SYMBOL        a34
  X:05E5H         SYMBOL        a41
  X:05E9H         SYMBOL        a42
  X:05EDH         SYMBOL        a43
  X:05F1H         SYMBOL        a44
  C:2E15H         LINE#         99
  C:2E1BH         LINE#         103
  C:2E1BH         LINE#         110
  C:30D4H         LINE#         114
  -------         ENDPROC       _FINDDET4X4
  C:3FF2H         SYMBOL        L?0061
  -------         PROC          L?0060
  -------         ENDPROC       L?0060
  C:3FF2H         SYMBOL        L?0061
  -------         PROC          LINEAR_INTERPOLATE
  X:0478H         SYMBOL        p1
  X:0480H         SYMBOL        p2
  X:0488H         SYMBOL        x
  -------         DO            
  D:0004H         SYMBOL        fx
  -------         ENDDO         
  C:4003H         LINE#         120
  C:4003H         LINE#         121
  C:4003H         LINE#         124
  C:40A2H         LINE#         126
  C:40A2H         LINE#         127
  -------         ENDPROC       LINEAR_INTERPOLATE
  -------         PROC          _UPDATE_POSITION
  D:0001H         SYMBOL        mnths
  D:0002H         SYMBOL        dys
  X:03DBH         SYMBOL        hurs
  X:03DCH         SYMBOL        mns
  X:03DDH         SYMBOL        sconds
  X:03DEH         SYMBOL        currnt_pos
  X:03E1H         SYMBOL        offset_calib
  -------         DO            
  X:03E5H         SYMBOL        date
  X:03E7H         SYMBOL        i
  X:03E9H         SYMBOL        yy
  X:03EBH         SYMBOL        desired_distance
  X:03EFH         SYMBOL        distance
  X:03F3H         SYMBOL        JP_pos
  X:03F7H         SYMBOL        pos_interpolate_azimuth
  X:0433H         SYMBOL        current_local_sun_time
  X:0437H         SYMBOL        azimuth
  X:043BH         SYMBOL        elevation
  X:043FH         SYMBOL        time_offset
  X:0443H         SYMBOL        UTC_time
  X:0447H         SYMBOL        declination
  X:044BH         SYMBOL        p1
  X:0453H         SYMBOL        p2
BL51 BANKED LINKER/LOCATER V6.22                                                      02/21/2019  16:17:38  PAGE 31


  X:045BH         SYMBOL        time
  X:046DH         SYMBOL        location
  X:0475H         SYMBOL        sunCoord
  -------         ENDDO         
  C:000EH         LINE#         131
  C:0017H         LINE#         134
  C:0017H         LINE#         135
  C:0022H         LINE#         137
  C:003EH         LINE#         138
  C:0048H         LINE#         146
  C:0052H         LINE#         147
  C:005CH         LINE#         148
  C:0066H         LINE#         149
  C:0071H         LINE#         150
  C:007CH         LINE#         151
  C:0095H         LINE#         152
  C:00A6H         LINE#         153
  C:00B5H         LINE#         156
  C:00C9H         LINE#         160
  C:011BH         LINE#         161
  C:027FH         LINE#         162
  C:02CFH         LINE#         164
  C:03F7H         LINE#         166
  C:04C6H         LINE#         173
  C:050DH         LINE#         174
  C:050DH         LINE#         176
  C:0527H         LINE#         177
  C:0527H         LINE#         178
  C:0597H         LINE#         179
  C:0597H         LINE#         180
  C:059EH         LINE#         181
  C:059EH         LINE#         182
  C:05CBH         LINE#         183
  C:05E6H         LINE#         185
  C:062DH         LINE#         186
  C:0661H         LINE#         188
  C:06A7H         LINE#         189
  C:06CAH         LINE#         191
  C:06CAH         LINE#         193
  C:0740H         LINE#         194
  C:0740H         LINE#         195
  C:0747H         LINE#         196
  C:0747H         LINE#         197
  C:0774H         LINE#         198
  C:078FH         LINE#         200
  C:07D6H         LINE#         201
  C:080AH         LINE#         203
  C:0850H         LINE#         204
  C:0870H         LINE#         206
  C:0870H         LINE#         207
  C:0881H         LINE#         210
  C:089BH         LINE#         211
  C:089BH         LINE#         212
  C:090BH         LINE#         213
  C:090BH         LINE#         214
  C:0938H         LINE#         215
  C:0953H         LINE#         217
BL51 BANKED LINKER/LOCATER V6.22                                                      02/21/2019  16:17:38  PAGE 32


  C:0980H         LINE#         218
  C:099BH         LINE#         220
  C:09CDH         LINE#         223
  C:09CDH         LINE#         225
  C:09DEH         LINE#         227
  C:0A0DH         LINE#         229
  C:0A32H         LINE#         230
  C:0A97H         LINE#         231
  C:0A97H         LINE#         232
  C:0AB1H         LINE#         233
  C:0AC3H         LINE#         234
  C:0ADBH         LINE#         235
  C:0AF1H         LINE#         237
  C:0B0DH         LINE#         238
  C:0B0DH         LINE#         239
  C:0B0DH         LINE#         242
  -------         ENDPROC       _UPDATE_POSITION
  -------         ENDMOD        BIPOLARMOTOR

  -------         MODULE        SUNPOS
  C:0000H         SYMBOL        _ICE_DUMMY_
  C:1F78H         PUBLIC        sunpos
  -------         PROC          SUNPOS
  X:0478H         SYMBOL        udtTime
  X:048AH         SYMBOL        udtLocation
  X:0492H         SYMBOL        udtSunCoordinates
  -------         DO            
  X:0495H         SYMBOL        dElapsedJulianDays
  X:0499H         SYMBOL        dDecimalHours
  X:049DH         SYMBOL        dEclipticLongitude
  X:04A1H         SYMBOL        dEclipticObliquity
  X:04A5H         SYMBOL        dRightAscension
  X:04A9H         SYMBOL        dDeclination
  X:04ADH         SYMBOL        dY
  X:04B1H         SYMBOL        dX
  -------         DO            
  X:04B5H         SYMBOL        dJulianDate
  X:04B9H         SYMBOL        liAux1
  X:04BDH         SYMBOL        liAux2
  X:04B5H         SYMBOL        dMeanLongitude
  X:04B9H         SYMBOL        dMeanAnomaly
  X:04BDH         SYMBOL        dOmega
  X:04B5H         SYMBOL        dSin_EclipticLongitude
  X:04B5H         SYMBOL        dGreenwichMeanSiderealTime
  X:04B9H         SYMBOL        dLocalMeanSiderealTime
  X:04BDH         SYMBOL        dLatitudeInRadians
  X:04C1H         SYMBOL        dHourAngle
  X:04C5H         SYMBOL        dCos_Latitude
  X:04C9H         SYMBOL        dSin_Latitude
  X:04CDH         SYMBOL        dCos_HourAngle
  X:04D1H         SYMBOL        dParallax
  -------         ENDDO         
  -------         DO            
  X:04B5H         SYMBOL        dMeanLongitude
  X:04B9H         SYMBOL        dMeanAnomaly
  X:04BDH         SYMBOL        dOmega
  X:04B5H         SYMBOL        dSin_EclipticLongitude
BL51 BANKED LINKER/LOCATER V6.22                                                      02/21/2019  16:17:38  PAGE 33


  X:04B5H         SYMBOL        dGreenwichMeanSiderealTime
  X:04B9H         SYMBOL        dLocalMeanSiderealTime
  X:04BDH         SYMBOL        dLatitudeInRadians
  X:04C1H         SYMBOL        dHourAngle
  X:04C5H         SYMBOL        dCos_Latitude
  X:04C9H         SYMBOL        dSin_Latitude
  X:04CDH         SYMBOL        dCos_HourAngle
  X:04D1H         SYMBOL        dParallax
  -------         ENDDO         
  -------         DO            
  X:04B5H         SYMBOL        dSin_EclipticLongitude
  X:04B5H         SYMBOL        dGreenwichMeanSiderealTime
  X:04B9H         SYMBOL        dLocalMeanSiderealTime
  X:04BDH         SYMBOL        dLatitudeInRadians
  X:04C1H         SYMBOL        dHourAngle
  X:04C5H         SYMBOL        dCos_Latitude
  X:04C9H         SYMBOL        dSin_Latitude
  X:04CDH         SYMBOL        dCos_HourAngle
  X:04D1H         SYMBOL        dParallax
  -------         ENDDO         
  -------         DO            
  X:04B5H         SYMBOL        dGreenwichMeanSiderealTime
  X:04B9H         SYMBOL        dLocalMeanSiderealTime
  X:04BDH         SYMBOL        dLatitudeInRadians
  X:04C1H         SYMBOL        dHourAngle
  X:04C5H         SYMBOL        dCos_Latitude
  X:04C9H         SYMBOL        dSin_Latitude
  X:04CDH         SYMBOL        dCos_HourAngle
  X:04D1H         SYMBOL        dParallax
  -------         ENDDO         
  -------         ENDDO         
  C:1F78H         LINE#         6
  C:1F78H         LINE#         7
  C:1F78H         LINE#         9
  C:1F78H         LINE#         27
  C:1FC2H         LINE#         30
  C:1FE3H         LINE#         31
  C:212AH         LINE#         34
  C:2176H         LINE#         36
  C:2195H         LINE#         37
  C:2195H         LINE#         42
  C:2195H         LINE#         46
  C:21C7H         LINE#         47
  C:21F1H         LINE#         48
  C:221BH         LINE#         49
  C:22C8H         LINE#         52
  C:2329H         LINE#         54
  C:2329H         LINE#         59
  C:2329H         LINE#         61
  C:2340H         LINE#         62
  C:2368H         LINE#         63
  C:237FH         LINE#         64
  C:23AAH         LINE#         65
  C:23E1H         LINE#         66
  C:240CH         LINE#         67
  C:240CH         LINE#         70
  C:240CH         LINE#         79
BL51 BANKED LINKER/LOCATER V6.22                                                      02/21/2019  16:17:38  PAGE 34


  C:2447H         LINE#         82
  C:2481H         LINE#         84
  C:24A6H         LINE#         85
  C:24C5H         LINE#         86
  C:24DCH         LINE#         87
  C:24F3H         LINE#         88
  C:250AH         LINE#         89
  C:2593H         LINE#         91
  C:25ADH         LINE#         92
  C:260FH         LINE#         93
  C:2645H         LINE#         94
  C:2657H         LINE#         95
  C:2684H         LINE#         96
  C:26B1H         LINE#         98
  C:26D3H         LINE#         100
  C:270BH         LINE#         103
  C:270BH         LINE#         104
  C:2719H         LINE#         105
  -------         ENDPROC       SUNPOS
  -------         ENDMOD        SUNPOS

  -------         MODULE        ADC
  C:0000H         SYMBOL        _ICE_DUMMY_
  D:0092H         PUBLIC        P1M0
  D:0091H         PUBLIC        P1M1
  D:0080H         PUBLIC        P0
  D:0090H         PUBLIC        P1
  D:00A0H         PUBLIC        P2
  D:00B0H         PUBLIC        P3
  D:00C0H         PUBLIC        P4
  D:00C8H         PUBLIC        P5
  D:00E8H         PUBLIC        P6
  D:00F8H         PUBLIC        P7
  D:00A8H         PUBLIC        IE
  D:00BDH         PUBLIC        ADC_RES
  D:00B8H         PUBLIC        IP
  D:0097H         PUBLIC        CLK_DIV
  D:00D8H         PUBLIC        CCON
  D:00BCH         PUBLIC        ADC_CONTR
  D:0098H         PUBLIC        SCON
  D:0088H         PUBLIC        TCON
  B:00A0H.4       PUBLIC        P24
  B:00A0H.5       PUBLIC        P25
  B:00A0H.6       PUBLIC        P26
  C:4B18H         PUBLIC        ADC_Init
  C:49E3H         PUBLIC        _ADC_GetResult
  D:009DH         PUBLIC        P1ASF
[...]
  C:3D58H         LINE#         106
  C:3D5CH         LINE#         109
  C:3D7BH         LINE#         111
  C:3D82H         LINE#         112
  C:3D82H         LINE#         113
  C:3D84H         LINE#         114
  C:3D87H         LINE#         115
  C:3DA0H         LINE#         116
  C:3DA0H         LINE#         117
  C:3DA2H         LINE#         118
  C:3DA4H         LINE#         120
  C:3DA4H         LINE#         121
  C:3DA6H         LINE#         123
  C:3DA6H         LINE#         124
  C:3DA6H         LINE#         125
  C:3DA6H         LINE#         126
  C:3DA9H         LINE#         127
  C:3DC2H         LINE#         129
  C:3DE1H         LINE#         131
  C:3DE8H         LINE#         132
  C:3DE8H         LINE#         133
  C:3DEAH         LINE#         134
  C:3DEDH         LINE#         135
  C:3DF4H         LINE#         136
  C:3DF4H         LINE#         137
  C:3DF6H         LINE#         138
  C:3DF8H         LINE#         140
  C:3DF8H         LINE#         141
  C:3DFAH         LINE#         143
  C:3DFAH         LINE#         144
  C:3DFAH         LINE#         145
  C:3DFAH         LINE#         146
  C:3DFDH         LINE#         147
  C:3E04H         LINE#         149
  C:3E23H         LINE#         151
  C:3E25H         LINE#         152
  -------         ENDPROC       _AT25SF041_WRITE
  -------         PROC          _AT25SF041_READ
  D:0003H         SYMBOL        opcode
  X:0623H         SYMBOL        addr
  -------         DO            
  X:0627H         SYMBOL        dat
  X:0628H         SYMBOL        i
  -------         ENDDO         
BL51 BANKED LINKER/LOCATER V6.22                                                      02/21/2019  16:17:38  PAGE 45


  C:3C2BH         LINE#         156
  C:3C2DH         LINE#         157
  C:3C2DH         LINE#         158
  C:3C32H         LINE#         160
  C:3C34H         LINE#         161
  C:3C3AH         LINE#         165
  C:3C3FH         LINE#         166
  C:3C3FH         LINE#         167
  C:3C41H         LINE#         168
  C:3C44H         LINE#         169
  C:3C48H         LINE#         170
  C:3C48H         LINE#         171
  C:3C4AH         LINE#         172
  C:3C4CH         LINE#         174
  C:3C4CH         LINE#         175
  C:3C4EH         LINE#         177
  C:3C4EH         LINE#         178
  C:3C4EH         LINE#         179
  C:3C4EH         LINE#         180
  C:3C51H         LINE#         181
  C:3C55H         LINE#         184
  C:3C74H         LINE#         186
  C:3C7BH         LINE#         187
  C:3C7BH         LINE#         188
  C:3C7DH         LINE#         189
  C:3C80H         LINE#         190
  C:3C99H         LINE#         191
  C:3C99H         LINE#         192
  C:3C9BH         LINE#         193
  C:3C9DH         LINE#         195
  C:3C9DH         LINE#         196
  C:3C9FH         LINE#         198
  C:3C9FH         LINE#         199
  C:3C9FH         LINE#         200
  C:3C9FH         LINE#         201
  C:3CA2H         LINE#         202
  C:3CBBH         LINE#         204
  C:3CDAH         LINE#         207
  C:3CE1H         LINE#         209
  C:3CE3H         LINE#         210
  C:3CEAH         LINE#         212
  C:3CF1H         LINE#         213
  C:3CF1H         LINE#         214
  C:3CF8H         LINE#         215
  C:3CF8H         LINE#         216
  C:3CFBH         LINE#         217
  C:3CFDH         LINE#         218
  C:3D00H         LINE#         220
  C:3D03H         LINE#         221
  C:3D03H         LINE#         223
  C:3D07H         LINE#         224
  C:3D07H         LINE#         230
  C:3D26H         LINE#         233
  C:3D28H         LINE#         234
  C:3D2BH         LINE#         235
  C:3D30H         LINE#         237
  -------         ENDPROC       _AT25SF041_READ
BL51 BANKED LINKER/LOCATER V6.22                                                      02/21/2019  16:17:38  PAGE 46


  -------         PROC          READ_STATUS_REGISTER_BYTE1
  -------         DO            
  D:0003H         SYMBOL        dat
  D:0001H         SYMBOL        opcode
  X:03C2H         SYMBOL        count
  X:03C3H         SYMBOL        i
  -------         ENDDO         
  C:42B7H         LINE#         241
  C:42B7H         LINE#         242
  C:42B7H         LINE#         243
  C:42BDH         LINE#         244
  C:42C1H         LINE#         245
  C:42C3H         LINE#         246
  C:42C5H         LINE#         247
  C:42CBH         LINE#         251
  C:42D2H         LINE#         252
  C:42D2H         LINE#         253
  C:42D4H         LINE#         254
  C:42D7H         LINE#         255
  C:42DBH         LINE#         256
  C:42DBH         LINE#         257
  C:42DDH         LINE#         258
  C:42DFH         LINE#         260
  C:42DFH         LINE#         261
  C:42E1H         LINE#         263
  C:42E1H         LINE#         264
  C:42E1H         LINE#         265
  C:42E1H         LINE#         266
  C:42E4H         LINE#         267
  C:42E8H         LINE#         270
  C:4307H         LINE#         274
  C:430EH         LINE#         276
  C:4310H         LINE#         277
  C:4317H         LINE#         278
  C:431EH         LINE#         279
  C:431EH         LINE#         280
  C:4322H         LINE#         281
  C:4322H         LINE#         282
  C:4325H         LINE#         283
  C:4327H         LINE#         284
  C:432AH         LINE#         286
  C:432DH         LINE#         287
  C:432DH         LINE#         289
  C:4331H         LINE#         290
  C:4331H         LINE#         292
  C:4350H         LINE#         296
  C:4352H         LINE#         297
  C:4355H         LINE#         298
  C:4357H         LINE#         299
  -------         ENDPROC       READ_STATUS_REGISTER_BYTE1
  -------         PROC          SPI_NOR_WRITE_DATA
  X:03C0H         SYMBOL        dat
  X:03CCH         SYMBOL        addr
  C:3F07H         LINE#         301
  C:3F07H         LINE#         302
  C:3F07H         LINE#         304
  C:3F0AH         LINE#         306
BL51 BANKED LINKER/LOCATER V6.22                                                      02/21/2019  16:17:38  PAGE 47


  C:3F1AH         LINE#         308
  C:3F1AH         LINE#         309
  C:3F1DH         LINE#         311
  C:3F2DH         LINE#         312
  C:3F2DH         LINE#         314
  C:3F30H         LINE#         316
  C:3F40H         LINE#         317
  C:3F40H         LINE#         319
  C:3F43H         LINE#         321
  C:3F53H         LINE#         322
  C:3F53H         LINE#         324
  C:3F56H         LINE#         326
  C:3F66H         LINE#         327
  C:3F66H         LINE#         329
  C:3F69H         LINE#         331
  C:3F79H         LINE#         332
  C:3F79H         LINE#         333
  C:3F7CH         LINE#         335
  C:3F8CH         LINE#         336
  C:3F8CH         LINE#         338
  C:3F8FH         LINE#         340
  C:3FA0H         LINE#         341
  C:3FA0H         LINE#         343
  C:3FA3H         LINE#         345
  C:3FB3H         LINE#         346
  C:3FB3H         LINE#         348
  C:3FB6H         LINE#         350
  C:3FC6H         LINE#         351
  C:3FC6H         LINE#         353
  C:3FC9H         LINE#         355
  C:3FD9H         LINE#         356
  -------         ENDPROC       SPI_NOR_WRITE_DATA
  -------         ENDMOD        AT25SF041

  -------         MODULE        ?C_STARTUP
  C:4526H         SEGMENT       ?C_C51STARTUP
  I:0022H         SEGMENT       ?STACK
  C:0000H         PUBLIC        ?C_STARTUP
  D:00E0H         SYMBOL        ACC
  D:00F0H         SYMBOL        B
  D:0083H         SYMBOL        DPH
  D:0082H         SYMBOL        DPL
  N:0000H         SYMBOL        IBPSTACK
  N:0100H         SYMBOL        IBPSTACKTOP
  N:0080H         SYMBOL        IDATALEN
  C:4529H         SYMBOL        IDATALOOP
  N:0000H         SYMBOL        PBPSTACK
  N:0100H         SYMBOL        PBPSTACKTOP
  N:0000H         SYMBOL        PDATALEN
  N:0000H         SYMBOL        PDATASTART
  N:0000H         SYMBOL        PPAGE
  N:0000H         SYMBOL        PPAGEENABLE
  D:00A0H         SYMBOL        PPAGE_SFR
  D:0081H         SYMBOL        SP
  C:4526H         SYMBOL        STARTUP1
  N:0000H         SYMBOL        XBPSTACK
  N:0000H         SYMBOL        XBPSTACKTOP
BL51 BANKED LINKER/LOCATER V6.22                                                      02/21/2019  16:17:38  PAGE 48


  N:0000H         SYMBOL        XDATALEN
  N:0000H         SYMBOL        XDATASTART
  C:0000H         LINE#         126
  C:4526H         LINE#         133
  C:4528H         LINE#         134
  C:4529H         LINE#         135
  C:452AH         LINE#         136
  C:452CH         LINE#         185
  C:452FH         LINE#         196
  -------         ENDMOD        ?C_STARTUP

  -------         MODULE        ?C?FPADD
  C:15C9H         PUBLIC        ?C?FPADD
  C:15C5H         PUBLIC        ?C?FPSUB
  -------         ENDMOD        ?C?FPADD

  -------         MODULE        ?C?FPMUL
  C:16BAH         PUBLIC        ?C?FPMUL
  -------         ENDMOD        ?C?FPMUL

  -------         MODULE        ?C?FPDIV
  C:17C3H         PUBLIC        ?C?FPDIV
  -------         ENDMOD        ?C?FPDIV

  -------         MODULE        ?C?FPCMP
  C:1862H         PUBLIC        ?C?FPCMP
  C:1860H         PUBLIC        ?C?FPCMP3
  -------         ENDMOD        ?C?FPCMP

  -------         MODULE        ?C?FPNEG
  C:18D9H         PUBLIC        ?C?FPNEG
  -------         ENDMOD        ?C?FPNEG

  -------         MODULE        ?C?FCAST
  C:18F4H         PUBLIC        ?C?FCASTC
  C:18EFH         PUBLIC        ?C?FCASTI
  C:18EAH         PUBLIC        ?C?FCASTL
  -------         ENDMOD        ?C?FCAST

  -------         MODULE        ?C?CASTF
  C:1928H         PUBLIC        ?C?CASTF
  -------         ENDMOD        ?C?CASTF

  -------         MODULE        ATAN2
  X:04D5H         PUBLIC        ?_atan2?BYTE
  C:4358H         PUBLIC        _atan2
  -------         ENDMOD        ATAN2

  -------         MODULE        SIN
  C:371BH         PUBLIC        _COS
  C:3731H         PUBLIC        _SIN
  C:376DH         PUBLIC        _TAN
  -------         ENDMOD        SIN

  -------         MODULE        ACOS
  C:4867H         PUBLIC        _ACOS
  -------         ENDMOD        ACOS
BL51 BANKED LINKER/LOCATER V6.22                                                      02/21/2019  16:17:38  PAGE 49



  -------         MODULE        ASIN
  C:4975H         PUBLIC        _ASIN
  -------         ENDMOD        ASIN

  -------         MODULE        SQRT
  C:420FH         PUBLIC        _SQRT
  -------         ENDMOD        SQRT

  -------         MODULE        ATAN
  C:3B29H         PUBLIC        _ATAN
  -------         ENDMOD        ATAN

  -------         MODULE        ?C?COPY
  C:1AC6H         PUBLIC        ?C?COPY
  -------         ENDMOD        ?C?COPY

  -------         MODULE        ?C?CLDPTR
  C:1AECH         PUBLIC        ?C?CLDPTR
  -------         ENDMOD        ?C?CLDPTR

  -------         MODULE        ?C?CLDOPTR
  C:1B05H         PUBLIC        ?C?CLDOPTR
  -------         ENDMOD        ?C?CLDOPTR

  -------         MODULE        ?C?CSTPTR
  C:1B32H         PUBLIC        ?C?CSTPTR
  -------         ENDMOD        ?C?CSTPTR

  -------         MODULE        ?C?IMUL
  C:1B44H         PUBLIC        ?C?IMUL
  -------         ENDMOD        ?C?IMUL

  -------         MODULE        ?C?UIDIV
  C:1B56H         PUBLIC        ?C?UIDIV
  -------         ENDMOD        ?C?UIDIV

  -------         MODULE        ?C?SIDIV
  C:1BABH         PUBLIC        ?C?SIDIV
  -------         ENDMOD        ?C?SIDIV

  -------         MODULE        ?C?ILDIX
  C:1BE1H         PUBLIC        ?C?ILDIX
  -------         ENDMOD        ?C?ILDIX

  -------         MODULE        ?C?ILDOPTR
  C:1BF7H         PUBLIC        ?C?ILDOPTR
  -------         ENDMOD        ?C?ILDOPTR

  -------         MODULE        ?C?ISTPTR
  C:1C2FH         PUBLIC        ?C?ISTPTR
  -------         ENDMOD        ?C?ISTPTR

  -------         MODULE        ?C?LMUL
  C:1C4EH         PUBLIC        ?C?LMUL
  -------         ENDMOD        ?C?LMUL

BL51 BANKED LINKER/LOCATER V6.22                                                      02/21/2019  16:17:38  PAGE 50


  -------         MODULE        ?C?SLDIV
  C:48B1H         PUBLIC        ?C?SLDIV
  -------         ENDMOD        ?C?SLDIV

  -------         MODULE        ?C?LNEG
  C:1C9DH         PUBLIC        ?C?LNEG
  -------         ENDMOD        ?C?LNEG

  -------         MODULE        ?C?ULCMP
  C:1CABH         PUBLIC        ?C?ULCMP
  -------         ENDMOD        ?C?ULCMP

  -------         MODULE        ?C?LSHL
  C:1CBCH         PUBLIC        ?C?LSHL
  -------         ENDMOD        ?C?LSHL

  -------         MODULE        ?C?LLDPTR
  C:1CCFH         PUBLIC        ?C?LLDPTR
  -------         ENDMOD        ?C?LLDPTR

  -------         MODULE        ?C?LLDOPTR
  C:1CEFH         PUBLIC        ?C?LLDOPTR
  -------         ENDMOD        ?C?LLDOPTR

  -------         MODULE        ?C?LSTPTR
  C:1D1FH         PUBLIC        ?C?LSTPTR
  -------         ENDMOD        ?C?LSTPTR

  -------         MODULE        ?C?LSTOPTR
  C:1D39H         PUBLIC        ?C?LSTOPTR
  -------         ENDMOD        ?C?LSTOPTR

  -------         MODULE        ?C?LLDXDATA
  C:1D5DH         PUBLIC        ?C?LLDXDATA
  -------         ENDMOD        ?C?LLDXDATA

  -------         MODULE        ?C?LLDCODE
  C:1D69H         PUBLIC        ?C?LLDCODE
  -------         ENDMOD        ?C?LLDCODE

  -------         MODULE        ?C?LLDXDATA0
  C:1D79H         PUBLIC        ?C?LLDXDATA0
  -------         ENDMOD        ?C?LLDXDATA0

  -------         MODULE        ?C?LLDCODE0
  C:1D85H         PUBLIC        ?C?LLDCODE0
  -------         ENDMOD        ?C?LLDCODE0

  -------         MODULE        ?C?LLDPTR0
  C:1D95H         PUBLIC        ?C?LLDPTR0
  -------         ENDMOD        ?C?LLDPTR0

  -------         MODULE        ?C?LSTXDATA
  C:1DB5H         PUBLIC        ?C?LSTXDATA
  -------         ENDMOD        ?C?LSTXDATA

  -------         MODULE        ?C?LSTKXDATA
BL51 BANKED LINKER/LOCATER V6.22                                                      02/21/2019  16:17:38  PAGE 51


  C:1DC1H         PUBLIC        ?C?LSTKXDATA
  -------         ENDMOD        ?C?LSTKXDATA

  -------         MODULE        ?C?LSTKPTR
  C:1DF2H         PUBLIC        ?C?LSTKPTR
  -------         ENDMOD        ?C?LSTKPTR

  -------         MODULE        ?C?OFFXADD
  C:1E0CH         PUBLIC        ?C?OFFXADD
  -------         ENDMOD        ?C?OFFXADD

  -------         MODULE        ABS
  C:4C9DH         PUBLIC        _ABS
  -------         ENDMOD        ABS

  -------         MODULE        ATOI
  C:3E2CH         PUBLIC        _atoi
  -------         ENDMOD        ATOI

  -------         MODULE        ?C?IILDX
  C:1E18H         PUBLIC        ?C?IILDX
  -------         ENDMOD        ?C?IILDX

  -------         MODULE        ?C?ULDIV
  C:1E6AH         PUBLIC        ?C?ULDIV
  -------         ENDMOD        ?C?ULDIV

  -------         MODULE        ?C?LLDIDATA
  C:1EFCH         PUBLIC        ?C?LLDIDATA
  -------         ENDMOD        ?C?LLDIDATA

  -------         MODULE        ?C?LLDPDATA
  C:1F08H         PUBLIC        ?C?LLDPDATA
  -------         ENDMOD        ?C?LLDPDATA

  -------         MODULE        ?C?LLDIDATA0
  C:1F14H         PUBLIC        ?C?LLDIDATA0
  -------         ENDMOD        ?C?LLDIDATA0

  -------         MODULE        ?C?LLDPDATA0
  C:1F21H         PUBLIC        ?C?LLDPDATA0
  -------         ENDMOD        ?C?LLDPDATA0

  -------         MODULE        ?C?LSTIDATA
  C:1F2EH         PUBLIC        ?C?LSTIDATA
  -------         ENDMOD        ?C?LSTIDATA

  -------         MODULE        ?C?LSTPDATA
  C:1F3AH         PUBLIC        ?C?LSTPDATA
  -------         ENDMOD        ?C?LSTPDATA

  -------         MODULE        ?C?LSTKIDATA
  C:1F46H         PUBLIC        ?C?LSTKIDATA
  -------         ENDMOD        ?C?LSTKIDATA

  -------         MODULE        ?C?LSTKPDATA
  C:1F5FH         PUBLIC        ?C?LSTKPDATA
BL51 BANKED LINKER/LOCATER V6.22                                                      02/21/2019  16:17:38  PAGE 52


  -------         ENDMOD        ?C?LSTKPDATA

  -------         MODULE        ISDIGIT
  C:4C75H         PUBLIC        _isdigit
  -------         ENDMOD        ISDIGIT

  -------         MODULE        ISSPACE
  C:4C10H         PUBLIC        _isspace
  -------         ENDMOD        ISSPACE

*** WARNING L16: UNCALLED SEGMENT, IGNORED FOR OVERLAY PROCESS
    SEGMENT: ?PR?_DISPLAY_PROX?MAIN

*** WARNING L16: UNCALLED SEGMENT, IGNORED FOR OVERLAY PROCESS
    SEGMENT: ?PR?_DAY_OF_YEAR?PCF85063BTL

*** WARNING L16: UNCALLED SEGMENT, IGNORED FOR OVERLAY PROCESS
    SEGMENT: ?PR?INITUART1?UART1

*** WARNING L16: UNCALLED SEGMENT, IGNORED FOR OVERLAY PROCESS
    SEGMENT: ?PR?_SENDSTRING?UART1

*** WARNING L16: UNCALLED SEGMENT, IGNORED FOR OVERLAY PROCESS
    SEGMENT: ?PR?_TEN?UART1

*** WARNING L16: UNCALLED SEGMENT, IGNORED FOR OVERLAY PROCESS
    SEGMENT: ?PR?_UNIT?UART1

*** WARNING L16: UNCALLED SEGMENT, IGNORED FOR OVERLAY PROCESS
    SEGMENT: ?PR?_DECTOBCD?UART1

*** WARNING L16: UNCALLED SEGMENT, IGNORED FOR OVERLAY PROCESS
    SEGMENT: ?PR?_ASCII_LETTER?UART1

*** WARNING L16: UNCALLED SEGMENT, IGNORED FOR OVERLAY PROCESS
    SEGMENT: ?PR?_ASCIITOBCD?UART1

*** WARNING L16: UNCALLED SEGMENT, IGNORED FOR OVERLAY PROCESS
    SEGMENT: ?PR?WAIT?BIPOLARMOTOR

*** WARNING L16: UNCALLED SEGMENT, IGNORED FOR OVERLAY PROCESS
    SEGMENT: ?PR?_FINDDET4X4?BIPOLARMOTOR

*** WARNING L16: UNCALLED SEGMENT, IGNORED FOR OVERLAY PROCESS
    SEGMENT: ?PR?NOP?IOEXPANDER_PI4IOE5V96248

*** WARNING L16: UNCALLED SEGMENT, IGNORED FOR OVERLAY PROCESS
    SEGMENT: ?PR?UC_ACK?IOEXPANDER_PI4IOE5V96248

*** WARNING L16: UNCALLED SEGMENT, IGNORED FOR OVERLAY PROCESS
    SEGMENT: ?PR?UC_NACK?IOEXPANDER_PI4IOE5V96248

*** WARNING L16: UNCALLED SEGMENT, IGNORED FOR OVERLAY PROCESS
    SEGMENT: ?PR?_AT25SF041_READ?AT25SF041

*** WARNING L1: UNRESOLVED EXTERNAL SYMBOL
    SYMBOL:  AUTO_MODE
BL51 BANKED LINKER/LOCATER V6.22                                                      02/21/2019  16:17:38  PAGE 53


    MODULE:  .\Obj\main.obj (MAIN)

*** WARNING L2: REFERENCE MADE TO UNRESOLVED EXTERNAL
    SYMBOL:  AUTO_MODE
    MODULE:  .\Obj\main.obj (MAIN)
    ADDRESS: 0B41H

*** WARNING L2: REFERENCE MADE TO UNRESOLVED EXTERNAL
    SYMBOL:  AUTO_MODE
    MODULE:  .\Obj\main.obj (MAIN)
    ADDRESS: 0CB6H

*** WARNING L2: REFERENCE MADE TO UNRESOLVED EXTERNAL
    SYMBOL:  AUTO_MODE
    MODULE:  .\Obj\main.obj (MAIN)
    ADDRESS: 0CC4H

*** WARNING L2: REFERENCE MADE TO UNRESOLVED EXTERNAL
    SYMBOL:  AUTO_MODE
    MODULE:  .\Obj\main.obj (MAIN)
    ADDRESS: 0CD6H

*** WARNING L2: REFERENCE MADE TO UNRESOLVED EXTERNAL
    SYMBOL:  AUTO_MODE
    MODULE:  .\Obj\main.obj (MAIN)
    ADDRESS: 0D18H

*** WARNING L2: REFERENCE MADE TO UNRESOLVED EXTERNAL
    SYMBOL:  AUTO_MODE
    MODULE:  .\Obj\main.obj (MAIN)
    ADDRESS: 0DEBH

*** WARNING L1: UNRESOLVED EXTERNAL SYMBOL
    SYMBOL:  _SENDUART1
    MODULE:  .\Obj\UART1.obj (UART1)

*** WARNING L2: REFERENCE MADE TO UNRESOLVED EXTERNAL
    SYMBOL:  _SENDUART1
    MODULE:  .\Obj\UART1.obj (UART1)
    ADDRESS: 49DEH

*** WARNING L1: UNRESOLVED EXTERNAL SYMBOL
    SYMBOL:  AUTO_MODE
    MODULE:  .\Obj\KeyPad.obj (KEYPAD)

*** WARNING L2: REFERENCE MADE TO UNRESOLVED EXTERNAL
    SYMBOL:  AUTO_MODE
    MODULE:  .\Obj\KeyPad.obj (KEYPAD)
    ADDRESS: 3122H

*** WARNING L2: REFERENCE MADE TO UNRESOLVED EXTERNAL
    SYMBOL:  AUTO_MODE
    MODULE:  .\Obj\KeyPad.obj (KEYPAD)
    ADDRESS: 312DH

*** WARNING L2: REFERENCE MADE TO UNRESOLVED EXTERNAL
    SYMBOL:  AUTO_MODE
BL51 BANKED LINKER/LOCATER V6.22                                                      02/21/2019  16:17:38  PAGE 54


    MODULE:  .\Obj\KeyPad.obj (KEYPAD)
    ADDRESS: 3134H

Program Size: data=10.2 xdata=1592 code=19663
LINK/LOCATE RUN COMPLETE.  28 WARNING(S),  0 ERROR(S)
