BL51 BANKED LINKER/LOCATER V6.22                                                        05/30/2019  16:32:13  PAGE 1


BL51 BANKED LINKER/LOCATER V6.22, INVOKED BY:
C:\KEIL_V5\C51\BIN\BL51.EXE .\Obj\main.obj, .\Obj\PCF85063BTL.obj, .\Obj\LCd_Driver_SPLC780D.obj, .\Obj\KeyPad.obj, .\Ob
>> j\BipolarMotor.obj, .\Obj\SunPos.obj, .\Obj\ADC.obj, .\Obj\Calibration.obj, .\Obj\IOExpander_PI4IOE5V96248.obj, .\Obj
>> \AT25SF041.obj, .\Obj\SI1120.obj, .\Obj\UART1.obj, .\Obj\STARTUP.obj TO .\Obj\GPIO_RTC_Test PRINT (.\Lis\GPIO_RTC_Tes
>> t.m51) RAMSIZE (256)


MEMORY MODEL: LARGE WITH FLOATING POINT ARITHMETIC


INPUT MODULES INCLUDED:
  .\Obj\main.obj (MAIN)
  .\Obj\PCF85063BTL.obj (PCF85063BTL)
  .\Obj\LCd_Driver_SPLC780D.obj (LCD_DRIVER_SPLC780D)
  .\Obj\KeyPad.obj (KEYPAD)
  .\Obj\BipolarMotor.obj (BIPOLARMOTOR)
  .\Obj\SunPos.obj (SUNPOS)
  .\Obj\ADC.obj (ADC)
  .\Obj\Calibration.obj (CALIBRATION)
  .\Obj\IOExpander_PI4IOE5V96248.obj (IOEXPANDER_PI4IOE5V96248)
  .\Obj\AT25SF041.obj (AT25SF041)
  .\Obj\SI1120.obj (SI1120)
  .\Obj\UART1.obj (UART1)
  .\Obj\STARTUP.obj (?C_STARTUP)
  C:\KEIL_V5\C51\LIB\C51FPL.LIB (?C?FPADD)
  C:\KEIL_V5\C51\LIB\C51FPL.LIB (?C?FPMUL)
  C:\KEIL_V5\C51\LIB\C51FPL.LIB (?C?FPDIV)
  C:\KEIL_V5\C51\LIB\C51FPL.LIB (?C?FPCMP)
  C:\KEIL_V5\C51\LIB\C51FPL.LIB (?C?FPNEG)
  C:\KEIL_V5\C51\LIB\C51FPL.LIB (?C?FCAST)
  C:\KEIL_V5\C51\LIB\C51FPL.LIB (?C?CASTF)
  C:\KEIL_V5\C51\LIB\C51FPL.LIB (PRINTF)
  C:\KEIL_V5\C51\LIB\C51FPL.LIB (ATAN2)
  C:\KEIL_V5\C51\LIB\C51FPL.LIB (SIN)
  C:\KEIL_V5\C51\LIB\C51FPL.LIB (ACOS)
  C:\KEIL_V5\C51\LIB\C51FPL.LIB (ASIN)
  C:\KEIL_V5\C51\LIB\C51FPL.LIB (POW)
  C:\KEIL_V5\C51\LIB\C51FPL.LIB (?C?FPGETOPN)
  C:\KEIL_V5\C51\LIB\C51FPL.LIB (?C?CHKFLOAT)
  C:\KEIL_V5\C51\LIB\C51FPL.LIB (?C?FPROUND)
  C:\KEIL_V5\C51\LIB\C51FPL.LIB (?C?FPCONVERT)
  C:\KEIL_V5\C51\LIB\C51FPL.LIB (?C?FPSERIES)
  C:\KEIL_V5\C51\LIB\C51FPL.LIB (EXP)
  C:\KEIL_V5\C51\LIB\C51FPL.LIB (LOG)
  C:\KEIL_V5\C51\LIB\C51FPL.LIB (SQRT)
  C:\KEIL_V5\C51\LIB\C51FPL.LIB (ATAN)
  C:\KEIL_V5\C51\LIB\C51FPL.LIB (?C?FTNPWR)
  C:\KEIL_V5\C51\LIB\C51L.LIB (?C_INIT)
  C:\KEIL_V5\C51\LIB\C51L.LIB (?C?COPY)
  C:\KEIL_V5\C51\LIB\C51L.LIB (?C?CLDPTR)
  C:\KEIL_V5\C51\LIB\C51L.LIB (?C?CLDOPTR)
  C:\KEIL_V5\C51\LIB\C51L.LIB (?C?CSTPTR)
  C:\KEIL_V5\C51\LIB\C51L.LIB (?C?IMUL)
  C:\KEIL_V5\C51\LIB\C51L.LIB (?C?UIDIV)
  C:\KEIL_V5\C51\LIB\C51L.LIB (?C?SIDIV)
  C:\KEIL_V5\C51\LIB\C51L.LIB (?C?ILDIX)
  C:\KEIL_V5\C51\LIB\C51L.LIB (?C?ILDOPTR)
  C:\KEIL_V5\C51\LIB\C51L.LIB (?C?ISTPTR)
BL51 BANKED LINKER/LOCATER V6.22                                                      05/30/2019  16:32:13  PAGE 2


  C:\KEIL_V5\C51\LIB\C51L.LIB (?C?LMUL)
  C:\KEIL_V5\C51\LIB\C51L.LIB (?C?SLDIV)
  C:\KEIL_V5\C51\LIB\C51L.LIB (?C?LNEG)
  C:\KEIL_V5\C51\LIB\C51L.LIB (?C?ULCMP)
  C:\KEIL_V5\C51\LIB\C51L.LIB (?C?LSHL)
  C:\KEIL_V5\C51\LIB\C51L.LIB (?C?LLDPTR)
  C:\KEIL_V5\C51\LIB\C51L.LIB (?C?LLDOPTR)
  C:\KEIL_V5\C51\LIB\C51L.LIB (?C?LSTPTR)
  C:\KEIL_V5\C51\LIB\C51L.LIB (?C?LSTOPTR)
  C:\KEIL_V5\C51\LIB\C51L.LIB (?C?LLDXDATA)
  C:\KEIL_V5\C51\LIB\C51L.LIB (?C?LLDCODE)
  C:\KEIL_V5\C51\LIB\C51L.LIB (?C?LLDXDATA0)
  C:\KEIL_V5\C51\LIB\C51L.LIB (?C?LLDCODE0)
  C:\KEIL_V5\C51\LIB\C51L.LIB (?C?LLDPTR0)
  C:\KEIL_V5\C51\LIB\C51L.LIB (?C?LSTXDATA)
  C:\KEIL_V5\C51\LIB\C51L.LIB (?C?LSTKXDATA)
  C:\KEIL_V5\C51\LIB\C51L.LIB (?C?LSTKPTR)
  C:\KEIL_V5\C51\LIB\C51L.LIB (?C?OFFXADD)
  C:\KEIL_V5\C51\LIB\C51L.LIB (?C?PLDIXDATA)
  C:\KEIL_V5\C51\LIB\C51L.LIB (?C?PSTXDATA)
  C:\KEIL_V5\C51\LIB\C51L.LIB (?C?CCASE)
  C:\KEIL_V5\C51\LIB\C51L.LIB (PUTCHAR)
  C:\KEIL_V5\C51\LIB\C51L.LIB (ATOI)
  C:\KEIL_V5\C51\LIB\C51L.LIB (?C?IILDX)
  C:\KEIL_V5\C51\LIB\C51L.LIB (?C?ULDIV)
  C:\KEIL_V5\C51\LIB\C51L.LIB (?C?LLDIDATA)
  C:\KEIL_V5\C51\LIB\C51L.LIB (?C?LLDPDATA)
  C:\KEIL_V5\C51\LIB\C51L.LIB (?C?LLDIDATA0)
  C:\KEIL_V5\C51\LIB\C51L.LIB (?C?LLDPDATA0)
  C:\KEIL_V5\C51\LIB\C51L.LIB (?C?LSTIDATA)
  C:\KEIL_V5\C51\LIB\C51L.LIB (?C?LSTPDATA)
  C:\KEIL_V5\C51\LIB\C51L.LIB (?C?LSTKIDATA)
  C:\KEIL_V5\C51\LIB\C51L.LIB (?C?LSTKPDATA)
  C:\KEIL_V5\C51\LIB\C51L.LIB (ISDIGIT)
  C:\KEIL_V5\C51\LIB\C51L.LIB (ISSPACE)


LINK MAP OF MODULE:  .\Obj\GPIO_RTC_Test (MAIN)


            TYPE    BASE      LENGTH    RELOCATION   SEGMENT NAME
            -----------------------------------------------------

            * * * * * * *   D A T A   M E M O R Y   * * * * * * *
            REG     0000H     0008H     ABSOLUTE     "REG BANK 0"
            DATA    0008H     0005H     UNIT         _DATA_GROUP_
                    000DH     0013H                  *** GAP ***
            BIT     0020H.0   0001H.2   UNIT         _BIT_GROUP_
            BIT     0021H.2   0000H.1   UNIT         ?BI?MAIN
            BIT     0021H.3   0000H.1   UNIT         ?BI?_ATOI?ATOI
                    0021H.4   0000H.4                *** GAP ***
            IDATA   0022H     0001H     UNIT         ?STACK

            * * * * * * *  X D A T A   M E M O R Y  * * * * * * *
            XDATA   0000H     03BCH     UNIT         ?XD?BIPOLARMOTOR
            XDATA   03BCH     0151H     UNIT         _XDATA_GROUP_
            XDATA   050DH     0107H     UNIT         ?XD?MAIN
BL51 BANKED LINKER/LOCATER V6.22                                                      05/30/2019  16:32:13  PAGE 3


            XDATA   0614H     0019H     UNIT         ?XD?KEYPAD
            XDATA   062DH     000EH     UNIT         ?XD?SPI_NOR_WRITE_DATA?AT25SF041
            XDATA   063BH     0008H     UNIT         ?XD?_AT25SF041_READ?AT25SF041
            XDATA   0643H     0005H     UNIT         ?XD?_ATOI?ATOI
            XDATA   0648H     0001H     UNIT         ?XD?UC_ACK?IOEXPANDER_PI4IOE5V96248
            XDATA   0649H     0001H     UNIT         ?XD?UC_NACK?IOEXPANDER_PI4IOE5V96248

            * * * * * * *   C O D E   M E M O R Y   * * * * * * *
            CODE    0000H     0003H     ABSOLUTE     
            CODE    0003H     0003H     ABSOLUTE     
            CODE    0006H     0005H     UNIT         ?PR?_UNIT?UART1
            CODE    000BH     0003H     ABSOLUTE     
            CODE    000EH     000DH     UNIT         ?PR?UART?MAIN
            CODE    001BH     0003H     ABSOLUTE     
            CODE    001EH     0005H     UNIT         ?PR?_ASCII_LETTER?UART1
            CODE    0023H     0003H     ABSOLUTE     
            CODE    0026H     0BC8H     UNIT         ?C?LIB_CODE
            CODE    0BEEH     0BB8H     UNIT         ?PR?MAIN?MAIN
            CODE    17A6H     07A2H     UNIT         ?PR?SUNPOS?SUNPOS
            CODE    1F48H     063CH     UNIT         ?PR?_UPDATE_POSITION?BIPOLARMOTOR
            CODE    2584H     04FBH     UNIT         ?PR?_THEORICALJP_POSITION?BIPOLARMOTOR
            CODE    2A7FH     049EH     UNIT         ?PR?_FIND_REAL_MAX?CALIBRATION
            CODE    2F1DH     0483H     UNIT         ?PR?PRINTF?PRINTF
            CODE    33A0H     040EH     UNIT         ?C_INITSEG
            CODE    37AEH     038CH     UNIT         ?PR?KEY_PROCESS?KEYPAD
            CODE    3B3AH     0380H     UNIT         ?PR?_ELEVATION_CALCULATION?BIPOLARMOTOR
            CODE    3EBAH     01C7H     UNIT         ?PR?_CALIBRATION?CALIBRATION
            CODE    4081H     018DH     UNIT         ?PR?KEY_SCAN?KEYPAD
            CODE    420EH     0189H     UNIT         ?PR?SPI_NOR_WRITE_DATA?AT25SF041
            CODE    4397H     0188H     UNIT         ?PR?SIN?SIN
            CODE    451FH     0166H     UNIT         ?PR?_POW?POW
            CODE    4685H     0155H     UNIT         ?PR?_DISPLAY_POS?LCD_DRIVER_SPLC780D
            CODE    47DAH     0129H     UNIT         ?PR?LOG?LOG
            CODE    4903H     0122H     UNIT         ?PR?ATAN?ATAN
            CODE    4A25H     0110H     UNIT         ?PR?_AT25SF041_READ?AT25SF041
            CODE    4B35H     0102H     UNIT         ?PR?_AT25SF041_WRITE?AT25SF041
            CODE    4C37H     00F5H     UNIT         ?PR?EXINT0?MAIN
            CODE    4D2CH     00DBH     UNIT         ?PR?_ATOI?ATOI
            CODE    4E07H     00C3H     UNIT         ?PR?LINEAR_INTERPOLATE?BIPOLARMOTOR
            CODE    4ECAH     00BBH     UNIT         ?PR?VOLTAGE_IS_STABLE?CALIBRATION
            CODE    4F85H     00ADH     UNIT         ?PR?_WRITE_PI4IOE5V96248?IOEXPANDER_PI4IOE5V96248
            CODE    5032H     00ACH     UNIT         ?PR?SQRT?SQRT
            CODE    50DEH     00A1H     UNIT         ?PR?UCREAD_STATUS_REGISTER_BYTE1?AT25SF041
            CODE    517FH     009DH     UNIT         ?PR?_ATAN2?ATAN2
            CODE    521CH     009CH     UNIT         ?PR?_MAX_VALUE?CALIBRATION
            CODE    52B8H     009AH     UNIT         ?PR?EXP?EXP
            CODE    5352H     008CH     UNIT         ?C_C51STARTUP
            CODE    53DEH     0088H     UNIT         ?PR?_DAY_OF_YEAR?PCF85063BTL
            CODE    5466H     0079H     UNIT         ?PR?_WRITEDATA?LCD_DRIVER_SPLC780D
            CODE    54DFH     0072H     UNIT         ?PR?AT25SF041_WRITEENABLE?AT25SF041
            CODE    5551H     006FH     UNIT         ?PR?_READ_TIME?PCF85063BTL
            CODE    55C0H     005AH     UNIT         ?PR?AT25SF041_CHIPERASE?AT25SF041
            CODE    561AH     0059H     UNIT         ?PR?LCD_INIT?LCD_DRIVER_SPLC780D
            CODE    5673H     004BH     UNIT         ?CO?UART1
            CODE    56BEH     004AH     UNIT         ?PR?VONESTEPMOVE?BIPOLARMOTOR
            CODE    5708H     004AH     UNIT         ?PR?ACOS?ACOS
            CODE    5752H     0044H     UNIT         ?C?LDIV
BL51 BANKED LINKER/LOCATER V6.22                                                      05/30/2019  16:32:13  PAGE 4


            CODE    5796H     0040H     UNIT         ?PR?_COMMAND?LCD_DRIVER_SPLC780D
            CODE    57D6H     0040H     UNIT         ?PR?_STEP_MOVE?BIPOLARMOTOR
            CODE    5816H     003BH     UNIT         ?PR?ASIN?ASIN
            CODE    5851H     0033H     UNIT         ?PR?_SENDSTRING?UART1
            CODE    5884H     0031H     UNIT         ?PR?SI1120_CONFIG_MODE_VIRH?SI1120
            CODE    58B5H     002BH     UNIT         ?PR?_WAIT_MS_I2C?IOEXPANDER_PI4IOE5V96248
            CODE    58E0H     002BH     UNIT         ?PR?_WAIT_MS_SPINOR?AT25SF041
            CODE    590BH     002AH     UNIT         ?PR?_ADC_GETRESULT?ADC
            CODE    5935H     0028H     UNIT         ?PR?_MOVE?BIPOLARMOTOR
            CODE    595DH     0027H     UNIT         ?PR?_I2C_SENDBYTE?IOEXPANDER_PI4IOE5V96248
            CODE    5984H     0027H     UNIT         ?PR?PUTCHAR?PUTCHAR
            CODE    59ABH     0025H     UNIT         ?PR?_FINDCLOSESTSAMEDAYCALIBTIME?CALIBRATION
            CODE    59D0H     0024H     UNIT         ?PR?_WAIT_MS?LCD_DRIVER_SPLC780D
            CODE    59F4H     0024H     UNIT         ?PR?_UART1_SENDTOTCPSERVER?UART1
            CODE    5A18H     0021H     UNIT         ?PR?TM0_ISR?MAIN
            CODE    5A39H     0020H     UNIT         ?PR?_SPI_SENDBYTE?PCF85063BTL
            CODE    5A59H     0020H     UNIT         ?PR?SPI_RECEIVEBYTE?PCF85063BTL
            CODE    5A79H     0020H     UNIT         ?CO?CALIBRATION
            CODE    5A99H     001EH     UNIT         ?PR?_DELAY_MS?KEYPAD
            CODE    5AB7H     001DH     UNIT         ?PR?_DISPLAYLCD?LCD_DRIVER_SPLC780D
            CODE    5AD4H     001CH     UNIT         ?CO?MAIN
            CODE    5AF0H     001BH     UNIT         ?PR?_BCDTODEC1?BIPOLARMOTOR
            CODE    5B0BH     001AH     UNIT         ?PR?ADC_INIT?ADC
            CODE    5B25H     0018H     UNIT         ?PR?_SPI_WRITETIME?PCF85063BTL
            CODE    5B3DH     0017H     UNIT         ?PR?_ASCIITOBCD?UART1
            CODE    5B54H     0016H     UNIT         ?PR?I2C_ACK?IOEXPANDER_PI4IOE5V96248
            CODE    5B6AH     0015H     UNIT         ?PR?_DISPLAY_LINE?LCD_DRIVER_SPLC780D
            CODE    5B7FH     0015H     UNIT         ?PR?VSETLOCATION?BIPOLARMOTOR
            CODE    5B94H     0015H     UNIT         ?PR?I2C_STOP?IOEXPANDER_PI4IOE5V96248
            CODE    5BA9H     0014H     UNIT         ?PR?_PCF85063BTL_DELAY?PCF85063BTL
            CODE    5BBDH     0014H     UNIT         ?PR?_ABS?LCD_DRIVER_SPLC780D
            CODE    5BD1H     0014H     UNIT         ?PR?_ISSPACE?ISSPACE
            CODE    5BE5H     0011H     UNIT         ?PR?_SPI_READTIME?PCF85063BTL
            CODE    5BF6H     0011H     UNIT         ?PR?_BCDTODEC?PCF85063BTL
            CODE    5C07H     0011H     UNIT         ?PR?INITUART1?UART1
            CODE    5C18H     000FH     UNIT         ?PR?I2C_START?IOEXPANDER_PI4IOE5V96248
            CODE    5C27H     000FH     UNIT         ?PR?UC_NACK?IOEXPANDER_PI4IOE5V96248
            CODE    5C36H     000FH     UNIT         ?PR?_ISDIGIT?ISDIGIT
            CODE    5C45H     000DH     UNIT         ?PR?SPI_INIT?PCF85063BTL
            CODE    5C52H     000DH     UNIT         ?PR?ENABLE_EXTINT0?SI1120
            CODE    5C5FH     000CH     UNIT         ?PR?KEYPAD_IO_INIT?KEYPAD
            CODE    5C6BH     000AH     UNIT         ?PR?LCD_RETURN_HOME?LCD_DRIVER_SPLC780D
            CODE    5C75H     000AH     UNIT         ?PR?LCD_CLEAR?LCD_DRIVER_SPLC780D
            CODE    5C7FH     0009H     UNIT         ?PR?TM1_ISR?MAIN
            CODE    5C88H     0009H     UNIT         ?PR?_SENDUART1?MAIN
            CODE    5C91H     0009H     UNIT         ?PR?UART1_INITTCPCONN?UART1
            CODE    5C9AH     0006H     UNIT         ?PR?UC_ACK?IOEXPANDER_PI4IOE5V96248
            CODE    5CA0H     0006H     UNIT         ?PR?_TEN?UART1
            CODE    5CA6H     0001H     UNIT         ?PR?NOP?IOEXPANDER_PI4IOE5V96248
            CODE    5CA7H     0001H     UNIT         ?PR?_DECTOBCD?UART1



OVERLAY MAP OF MODULE:   .\Obj\GPIO_RTC_Test (MAIN)


SEGMENT                                             BIT_GROUP          DATA_GROUP          XDATA_GROUP
BL51 BANKED LINKER/LOCATER V6.22                                                      05/30/2019  16:32:13  PAGE 5


  +--> CALLED SEGMENT                            START    LENGTH     START    LENGTH     START    LENGTH
--------------------------------------------------------------------------------------------------------
?PR?EXINT0?MAIN                                  -----    -----      -----    -----      -----    -----
  +--> ?PR?_POW?POW

?PR?_POW?POW                                     -----    -----      -----    -----      03BCH    000AH
  +--> ?PR?LOG?LOG
  +--> ?PR?EXP?EXP

?PR?LOG?LOG                                      0020H.0  0000H.1    -----    -----      03C6H    0004H

*** NEW ROOT ***************************************************

?C_C51STARTUP                                    -----    -----      -----    -----      -----    -----
  +--> ?PR?MAIN?MAIN
  +--> ?C_INITSEG

?PR?MAIN?MAIN                                    -----    -----      -----    -----      03CAH    002EH
  +--> ?PR?LCD_INIT?LCD_DRIVER_SPLC780D
  +--> ?PR?SPI_INIT?PCF85063BTL
  +--> ?PR?KEYPAD_IO_INIT?KEYPAD
  +--> ?PR?ADC_INIT?ADC
  +--> ?PR?SI1120_CONFIG_MODE_VIRH?SI1120
  +--> ?PR?ENABLE_EXTINT0?SI1120
  +--> ?PR?VSETLOCATION?BIPOLARMOTOR
  +--> ?PR?_SPI_WRITETIME?PCF85063BTL
  +--> ?PR?_DELAY_MS?KEYPAD
  +--> ?PR?_DISPLAY_LINE?LCD_DRIVER_SPLC780D
  +--> ?PR?_WRITEDATA?LCD_DRIVER_SPLC780D
  +--> ?PR?INITUART1?UART1
  +--> ?PR?UART1_INITTCPCONN?UART1
  +--> ?CO?MAIN
  +--> ?PR?_UART1_SENDTOTCPSERVER?UART1
  +--> ?PR?KEY_PROCESS?KEYPAD
  +--> ?PR?_COMMAND?LCD_DRIVER_SPLC780D
  +--> ?PR?_DISPLAY_POS?LCD_DRIVER_SPLC780D
  +--> ?PR?_DISPLAYLCD?LCD_DRIVER_SPLC780D
  +--> ?PR?_STEP_MOVE?BIPOLARMOTOR
  +--> ?PR?LCD_RETURN_HOME?LCD_DRIVER_SPLC780D
  +--> ?PR?_READ_TIME?PCF85063BTL
  +--> ?PR?_BCDTODEC1?BIPOLARMOTOR
  +--> ?PR?_ELEVATION_CALCULATION?BIPOLARMOTOR
  +--> ?PR?PRINTF?PRINTF
  +--> ?PR?_SENDSTRING?UART1
  +--> ?PR?_CALIBRATION?CALIBRATION
  +--> ?PR?_UPDATE_POSITION?BIPOLARMOTOR
  +--> ?PR?AT25SF041_WRITEENABLE?AT25SF041
  +--> ?PR?_AT25SF041_WRITE?AT25SF041
  +--> ?PR?_WAIT_MS_SPINOR?AT25SF041
  +--> ?PR?_ADC_GETRESULT?ADC
  +--> ?PR?LINEAR_INTERPOLATE?BIPOLARMOTOR
  +--> ?PR?_FINDCLOSESTSAMEDAYCALIBTIME?CALI...
  +--> ?PR?LCD_CLEAR?LCD_DRIVER_SPLC780D
  +--> ?PR?AT25SF041_CHIPERASE?AT25SF041

?PR?LCD_INIT?LCD_DRIVER_SPLC780D                 -----    -----      -----    -----      -----    -----
  +--> ?PR?_WAIT_MS?LCD_DRIVER_SPLC780D
BL51 BANKED LINKER/LOCATER V6.22                                                      05/30/2019  16:32:13  PAGE 6


  +--> ?PR?_COMMAND?LCD_DRIVER_SPLC780D

?PR?_COMMAND?LCD_DRIVER_SPLC780D                 -----    -----      -----    -----      -----    -----
  +--> ?PR?_WAIT_MS?LCD_DRIVER_SPLC780D

?PR?SI1120_CONFIG_MODE_VIRH?SI1120               -----    -----      -----    -----      -----    -----
  +--> ?PR?_WAIT_MS?LCD_DRIVER_SPLC780D

?PR?_SPI_WRITETIME?PCF85063BTL                   -----    -----      -----    -----      -----    -----
  +--> ?PR?_SPI_SENDBYTE?PCF85063BTL

?PR?_SPI_SENDBYTE?PCF85063BTL                    -----    -----      -----    -----      -----    -----
  +--> ?PR?_PCF85063BTL_DELAY?PCF85063BTL

?PR?_DISPLAY_LINE?LCD_DRIVER_SPLC780D            -----    -----      -----    -----      -----    -----
  +--> ?PR?_COMMAND?LCD_DRIVER_SPLC780D

?PR?_WRITEDATA?LCD_DRIVER_SPLC780D               -----    -----      -----    -----      04E8H    0001H
  +--> ?PR?_WAIT_MS?LCD_DRIVER_SPLC780D

?PR?UART1_INITTCPCONN?UART1                      -----    -----      -----    -----      -----    -----
  +--> ?CO?UART1
  +--> ?PR?_SENDSTRING?UART1

?PR?_SENDSTRING?UART1                            -----    -----      -----    -----      04DDH    0003H
  +--> ?PR?_SENDUART1?MAIN

?PR?_UART1_SENDTOTCPSERVER?UART1                 -----    -----      -----    -----      03F8H    0003H
  +--> ?CO?UART1
  +--> ?PR?_SENDSTRING?UART1
  +--> ?PR?_DELAY_MS?KEYPAD

?PR?KEY_PROCESS?KEYPAD                           -----    -----      -----    -----      03F8H    0006H
  +--> ?PR?KEY_SCAN?KEYPAD
  +--> ?PR?_SPI_WRITETIME?PCF85063BTL
  +--> ?PR?LCD_CLEAR?LCD_DRIVER_SPLC780D
  +--> ?PR?_COMMAND?LCD_DRIVER_SPLC780D
  +--> ?PR?_WRITEDATA?LCD_DRIVER_SPLC780D

?PR?KEY_SCAN?KEYPAD                              -----    -----      -----    -----      03FEH    0003H

?PR?LCD_CLEAR?LCD_DRIVER_SPLC780D                -----    -----      -----    -----      -----    -----
  +--> ?PR?_COMMAND?LCD_DRIVER_SPLC780D

?PR?_DISPLAY_POS?LCD_DRIVER_SPLC780D             -----    -----      -----    -----      04DDH    000BH
  +--> ?PR?_ABS?LCD_DRIVER_SPLC780D
  +--> ?PR?_WRITEDATA?LCD_DRIVER_SPLC780D

?PR?_DISPLAYLCD?LCD_DRIVER_SPLC780D              -----    -----      -----    -----      03F8H    0001H
  +--> ?PR?_WRITEDATA?LCD_DRIVER_SPLC780D

?PR?_STEP_MOVE?BIPOLARMOTOR                      0020H.2  0000H.1    -----    -----      04E1H    0004H
  +--> ?PR?VONESTEPMOVE?BIPOLARMOTOR

?PR?VONESTEPMOVE?BIPOLARMOTOR                    0020H.3  0000H.1    -----    -----      -----    -----
  +--> ?PR?_WRITE_PI4IOE5V96248?IOEXPANDER_P...
  +--> ?PR?_DELAY_MS?KEYPAD
BL51 BANKED LINKER/LOCATER V6.22                                                      05/30/2019  16:32:13  PAGE 7



?PR?_WRITE_PI4IOE5V96248?IOEXPANDER_P...         -----    -----      -----    -----      04E5H    0003H
  +--> ?PR?I2C_START?IOEXPANDER_PI4IOE5V96248
  +--> ?PR?_WAIT_MS_I2C?IOEXPANDER_PI4IOE5V9...
  +--> ?PR?_I2C_SENDBYTE?IOEXPANDER_PI4IOE5V...
  +--> ?PR?I2C_ACK?IOEXPANDER_PI4IOE5V96248
  +--> ?PR?I2C_STOP?IOEXPANDER_PI4IOE5V96248

?PR?I2C_START?IOEXPANDER_PI4IOE5V96248           -----    -----      -----    -----      -----    -----
  +--> ?PR?_WAIT_MS_I2C?IOEXPANDER_PI4IOE5V9...

?PR?_I2C_SENDBYTE?IOEXPANDER_PI4IOE5V...         -----    -----      -----    -----      -----    -----
  +--> ?PR?_WAIT_MS_I2C?IOEXPANDER_PI4IOE5V9...

?PR?I2C_ACK?IOEXPANDER_PI4IOE5V96248             -----    -----      -----    -----      04E8H    0001H
  +--> ?PR?_WAIT_MS_I2C?IOEXPANDER_PI4IOE5V9...

?PR?I2C_STOP?IOEXPANDER_PI4IOE5V96248            -----    -----      -----    -----      -----    -----
  +--> ?PR?_WAIT_MS_I2C?IOEXPANDER_PI4IOE5V9...

?PR?LCD_RETURN_HOME?LCD_DRIVER_SPLC780D          -----    -----      -----    -----      -----    -----
  +--> ?PR?_COMMAND?LCD_DRIVER_SPLC780D

?PR?_READ_TIME?PCF85063BTL                       -----    -----      -----    -----      03F8H    000FH
  +--> ?PR?_SPI_READTIME?PCF85063BTL

?PR?_SPI_READTIME?PCF85063BTL                    -----    -----      -----    -----      -----    -----
  +--> ?PR?_SPI_SENDBYTE?PCF85063BTL
  +--> ?PR?SPI_RECEIVEBYTE?PCF85063BTL

?PR?SPI_RECEIVEBYTE?PCF85063BTL                  -----    -----      -----    -----      -----    -----
  +--> ?PR?_PCF85063BTL_DELAY?PCF85063BTL

?PR?_ELEVATION_CALCULATION?BIPOLARMOTOR          -----    -----      -----    -----      03F8H    0005H
  +--> ?PR?_BCDTODEC1?BIPOLARMOTOR
  +--> ?PR?SUNPOS?SUNPOS
  +--> ?PR?SIN?SIN
  +--> ?PR?ASIN?ASIN

?PR?SUNPOS?SUNPOS                                -----    -----      -----    -----      0442H    005DH
  +--> ?PR?SIN?SIN
  +--> ?PR?_ATAN2?ATAN2
  +--> ?PR?ASIN?ASIN
  +--> ?PR?ACOS?ACOS

?PR?SIN?SIN                                      0020H.1  0000H.1    -----    -----      049FH    0004H

?PR?_ATAN2?ATAN2                                 -----    -----      -----    -----      049FH    0008H
  +--> ?PR?ATAN?ATAN

?PR?ATAN?ATAN                                    0020H.1  0000H.2    -----    -----      04A7H    0004H

?PR?ASIN?ASIN                                    -----    -----      -----    -----      -----    -----
  +--> ?PR?SQRT?SQRT
  +--> ?PR?ATAN?ATAN

?PR?SQRT?SQRT                                    -----    -----      -----    -----      049FH    0004H
BL51 BANKED LINKER/LOCATER V6.22                                                      05/30/2019  16:32:13  PAGE 8



?PR?ACOS?ACOS                                    -----    -----      -----    -----      -----    -----
  +--> ?PR?SQRT?SQRT
  +--> ?PR?ATAN?ATAN

?PR?PRINTF?PRINTF                                0020H.1  0001H.1    0008H    0005H      04DDH    0030H
  +--> ?PR?PUTCHAR?PUTCHAR

?PR?_CALIBRATION?CALIBRATION                     -----    -----      -----    -----      03F8H    0024H
  +--> ?PR?VOLTAGE_IS_STABLE?CALIBRATION
  +--> ?PR?_UPDATE_POSITION?BIPOLARMOTOR
  +--> ?PR?_FIND_REAL_MAX?CALIBRATION

?PR?VOLTAGE_IS_STABLE?CALIBRATION                -----    -----      -----    -----      041CH    0018H
  +--> ?PR?_ADC_GETRESULT?ADC
  +--> ?PR?_ABS?LCD_DRIVER_SPLC780D

?PR?_UPDATE_POSITION?BIPOLARMOTOR                -----    -----      -----    -----      041CH    0026H
  +--> ?PR?_BCDTODEC1?BIPOLARMOTOR
  +--> ?PR?SUNPOS?SUNPOS
  +--> ?PR?SIN?SIN
  +--> ?PR?ASIN?ASIN
  +--> ?PR?_THEORICALJP_POSITION?BIPOLARMOTOR
  +--> ?PR?_ABS?LCD_DRIVER_SPLC780D
  +--> ?PR?_MOVE?BIPOLARMOTOR

?PR?_THEORICALJP_POSITION?BIPOLARMOTOR           -----    -----      -----    -----      0442H    005CH
  +--> ?PR?LINEAR_INTERPOLATE?BIPOLARMOTOR

?PR?LINEAR_INTERPOLATE?BIPOLARMOTOR              -----    -----      -----    -----      049EH    0014H

?PR?_MOVE?BIPOLARMOTOR                           0020H.1  0000H.1    -----    -----      04DDH    0004H
  +--> ?PR?_STEP_MOVE?BIPOLARMOTOR

?PR?_FIND_REAL_MAX?CALIBRATION                   -----    -----      -----    -----      041CH    00C1H
  +--> ?PR?_ADC_GETRESULT?ADC
  +--> ?PR?_WAIT_MS?LCD_DRIVER_SPLC780D
  +--> ?CO?CALIBRATION
  +--> ?PR?PRINTF?PRINTF
  +--> ?PR?_SENDSTRING?UART1
  +--> ?PR?_COMMAND?LCD_DRIVER_SPLC780D
  +--> ?PR?_WRITEDATA?LCD_DRIVER_SPLC780D
  +--> ?PR?_DISPLAY_POS?LCD_DRIVER_SPLC780D
  +--> ?PR?_MOVE?BIPOLARMOTOR
  +--> ?PR?_MAX_VALUE?CALIBRATION

?PR?_MAX_VALUE?CALIBRATION                       -----    -----      -----    -----      04DDH    0004H

?PR?AT25SF041_WRITEENABLE?AT25SF041              -----    -----      -----    -----      03F8H    0002H
  +--> ?PR?_WAIT_MS_SPINOR?AT25SF041
  +--> ?PR?UCREAD_STATUS_REGISTER_BYTE1?AT25...

?PR?UCREAD_STATUS_REGISTER_BYTE1?AT25...         -----    -----      -----    -----      0400H    0003H
  +--> ?PR?_WAIT_MS_SPINOR?AT25SF041

?PR?_AT25SF041_WRITE?AT25SF041                   -----    -----      -----    -----      03F8H    0008H
  +--> ?PR?_WAIT_MS_SPINOR?AT25SF041
BL51 BANKED LINKER/LOCATER V6.22                                                      05/30/2019  16:32:13  PAGE 9


  +--> ?PR?UCREAD_STATUS_REGISTER_BYTE1?AT25...

?PR?AT25SF041_CHIPERASE?AT25SF041                -----    -----      -----    -----      03F8H    0002H
  +--> ?PR?_WAIT_MS_SPINOR?AT25SF041
  +--> ?PR?UCREAD_STATUS_REGISTER_BYTE1?AT25...



SYMBOL TABLE OF MODULE:  .\Obj\GPIO_RTC_Test (MAIN)

  VALUE           TYPE          NAME
  ----------------------------------

  -------         MODULE        MAIN
  C:0000H         SYMBOL        _ICE_DUMMY_
  X:0515H         PUBLIC        calib_value
  D:0080H         PUBLIC        P0
  D:0090H         PUBLIC        P1
  D:00A0H         PUBLIC        P2
  D:00B0H         PUBLIC        P3
  D:00C0H         PUBLIC        P4
  D:00C8H         PUBLIC        P5
  X:0569H         SYMBOL        PressedKey
  B:00A8H.7       PUBLIC        EA
  D:00E8H         PUBLIC        P6
  X:056DH         PUBLIC        calib_stamp
  D:00F8H         PUBLIC        P7
  X:056EH         PUBLIC        sTempString
  X:0574H         PUBLIC        calib_bool
  X:059EH         PUBLIC        pwm_time_min
  D:00A8H         PUBLIC        IE
  X:05A2H         PUBLIC        calib_time
  X:05F6H         PUBLIC        pwm_time_max
  D:00B8H         PUBLIC        IP
  B:0098H.0       PUBLIC        RI
  B:00B0H.2       PUBLIC        INT0
  X:05FAH         PUBLIC        months
  B:0098H.1       PUBLIC        TI
  C:000EH         PUBLIC        Uart
  D:00D8H         PUBLIC        CCON
  C:0BEEH         PUBLIC        main
  X:05FBH         PUBLIC        count
  D:0099H         PUBLIC        SBUF
  X:05FDH         PUBLIC        days
  X:05FEH         PUBLIC        hours
  D:0098H         PUBLIC        SCON
  D:0089H         PUBLIC        TMOD
  D:0088H         PUBLIC        TCON
  B:00A0H.3       PUBLIC        P23
  X:05FFH         SYMBOL        KeyCount
  X:0601H         PUBLIC        mins
  B:00C8H.5       PUBLIC        P55
  D:008EH         PUBLIC        AUXR
  C:5A18H         PUBLIC        tm0_isr
  B:0090H.5       PUBLIC        SI1120_STX
  C:5C7FH         PUBLIC        tm1_isr
  B:0021H.2       PUBLIC        busy
BL51 BANKED LINKER/LOCATER V6.22                                                      05/30/2019  16:32:13  PAGE 10


  D:00E0H         PUBLIC        ACC
  B:00A8H.1       PUBLIC        ET0
  B:00A8H.3       PUBLIC        ET1
  X:0602H         PUBLIC        SPI_NOR_INTERNAL_FLASH_ADDR
  D:008CH         PUBLIC        TH0
  D:008DH         PUBLIC        TH1
  D:008AH         PUBLIC        TL0
  D:008BH         PUBLIC        TL1
  B:0088H.4       PUBLIC        TR0
  B:0088H.6       PUBLIC        TR1
  C:4C37H         PUBLIC        exint0
  X:0606H         SYMBOL        KeyNum
  X:0607H         SYMBOL        KeyNum_Old
  X:0608H         PUBLIC        timer0_count
  X:060AH         PUBLIC        current_position
  X:060EH         PUBLIC        pwm_time
  X:0612H         PUBLIC        start_timer0_count
  X:0613H         PUBLIC        seconds
  D:00D0H         PUBLIC        PSW
  C:5C88H         PUBLIC        _SendUART1
  -------         PROC          TM0_ISR
  C:5A18H         LINE#         100
  C:5A1EH         LINE#         104
  C:5A21H         LINE#         105
  C:5A24H         LINE#         106
  C:5A32H         LINE#         107
  -------         ENDPROC       TM0_ISR
  -------         PROC          TM1_ISR
  C:5C7FH         LINE#         108
  C:5C7FH         LINE#         110
  C:5C81H         LINE#         112
  C:5C84H         LINE#         113
  C:5C87H         LINE#         114
  -------         ENDPROC       TM1_ISR
  -------         PROC          EXINT0
  C:4C37H         LINE#         115
  C:4C54H         LINE#         119
  C:4C57H         LINE#         120
  C:4C57H         LINE#         121
  C:4C5AH         LINE#         122
  C:4C5DH         LINE#         123
  C:4C5FH         LINE#         124
  C:4C61H         LINE#         128
  C:4C64H         LINE#         131
  C:4C64H         LINE#         132
  C:4C66H         LINE#         134
  C:4C72H         LINE#         135
  C:4CCCH         LINE#         136
  C:4D0AH         LINE#         137
  C:4D11H         LINE#         142
  C:4D11H         LINE#         144
  -------         ENDPROC       EXINT0
  -------         PROC          MAIN
  -------         DO            
  X:050DH         SYMBOL        KeyCount
  X:050FH         SYMBOL        KeyNum_Old
  X:0510H         SYMBOL        KeyNum
BL51 BANKED LINKER/LOCATER V6.22                                                      05/30/2019  16:32:13  PAGE 11


  X:0511H         SYMBOL        PressedKey
  X:03CAH         SYMBOL        prox_flag
  X:03CBH         SYMBOL        iUse_prevday_calib_value
  X:03CDH         SYMBOL        max_ADC_Val_JP
  X:03CFH         SYMBOL        max_ADC_Val
  X:03D1H         SYMBOL        calib_point1
  X:03D9H         SYMBOL        calib_point2
  X:03E1H         SYMBOL        dat_to_store
  X:03ECH         SYMBOL        calib_day
  X:03EEH         SYMBOL        calib_count
  X:03F0H         SYMBOL        theorical_JP_max_pos
  X:03F4H         SYMBOL        elevation
  -------         ENDDO         
  C:0BEEH         LINE#         146
  C:0BEEH         LINE#         147
  C:0BEEH         LINE#         152
  C:0BF4H         LINE#         153
  C:0BF9H         LINE#         155
  C:0C01H         LINE#         159
  C:0C07H         LINE#         160
  C:0C11H         LINE#         167
  C:0C19H         LINE#         168
  C:0C20H         LINE#         169
  C:0C26H         LINE#         171
  C:0C2CH         LINE#         183
  C:0C2FH         LINE#         184
  C:0C32H         LINE#         185
  C:0C35H         LINE#         187
  C:0C38H         LINE#         190
  C:0C3BH         LINE#         191
  C:0C3EH         LINE#         193
  C:0C41H         LINE#         195
  C:0C44H         LINE#         196
  C:0C47H         LINE#         197
  C:0C4AH         LINE#         198
  C:0C4DH         LINE#         199
  C:0C50H         LINE#         200
  C:0C53H         LINE#         201
  C:0C55H         LINE#         202
  C:0C57H         LINE#         204
  C:0C59H         LINE#         205
  C:0C60H         LINE#         206
  C:0C67H         LINE#         207
  C:0C6EH         LINE#         208
  C:0C75H         LINE#         212
  C:0C7CH         LINE#         213
  C:0C81H         LINE#         214
  C:0C86H         LINE#         215
  C:0C8BH         LINE#         216
  C:0C90H         LINE#         217
  C:0C95H         LINE#         220
  C:0CAEH         LINE#         221
  C:0CAEH         LINE#         222
  C:0CCAH         LINE#         223
  C:0D11H         LINE#         224
  C:0D22H         LINE#         225
  C:0D25H         LINE#         227
BL51 BANKED LINKER/LOCATER V6.22                                                      05/30/2019  16:32:13  PAGE 12


  C:0D2CH         LINE#         230
  C:0D2FH         LINE#         232
  C:0D36H         LINE#         233
  C:0D3FH         LINE#         236
  C:0D3FH         LINE#         237
  C:0D3FH         LINE#         238
  C:0D42H         LINE#         248
  C:0D42H         LINE#         252
  C:0D47H         LINE#         253
  C:0D4CH         LINE#         255
  C:0D51H         LINE#         257
  C:0D56H         LINE#         258
  C:0D5BH         LINE#         260
  C:0D6CH         LINE#         263
  C:0D71H         LINE#         264
  C:0D76H         LINE#         266
  C:0D7DH         LINE#         267
  C:0D85H         LINE#         268
  C:0D8AH         LINE#         269
  C:0D92H         LINE#         270
  C:0D97H         LINE#         271
  C:0DA1H         LINE#         272
  C:0DA6H         LINE#         273
  C:0DAEH         LINE#         275
  C:0DB6H         LINE#         276
  C:0DBBH         LINE#         277
  C:0DC5H         LINE#         278
  C:0DC5H         LINE#         279
  C:0DC7H         LINE#         280
  C:0DC9H         LINE#         281
  C:0DD3H         LINE#         282
  C:0DD3H         LINE#         283
  C:0DD8H         LINE#         284
  C:0DD8H         LINE#         296
  C:0DECH         LINE#         297
  C:0DECH         LINE#         298
  C:0E01H         LINE#         299
  C:0E10H         LINE#         300
  C:0E10H         LINE#         301
  C:0E23H         LINE#         302
  C:0E25H         LINE#         304
  C:0E25H         LINE#         305
  C:0E41H         LINE#         306
  C:0E41H         LINE#         307
  C:0E46H         LINE#         308
  C:0E46H         LINE#         309
  C:0E5AH         LINE#         310
  C:0E5AH         LINE#         313
  C:0E6FH         LINE#         314
  C:0E7EH         LINE#         315
  C:0E7EH         LINE#         316
  C:0E91H         LINE#         317
  C:0E93H         LINE#         319
  C:0E93H         LINE#         320
  C:0EAFH         LINE#         321
  C:0EAFH         LINE#         322
  C:0EB4H         LINE#         323
BL51 BANKED LINKER/LOCATER V6.22                                                      05/30/2019  16:32:13  PAGE 13


  C:0EBAH         LINE#         324
  C:0EBAH         LINE#         326
  C:0EDCH         LINE#         327
  C:0EDCH         LINE#         328
  C:0EE6H         LINE#         329
  C:0EECH         LINE#         330
  C:0EF3H         LINE#         331
  C:0EF9H         LINE#         332
  C:0F00H         LINE#         333
  C:0F00H         LINE#         334
  C:0F03H         LINE#         336
  C:0F03H         LINE#         341
  C:0F3EH         LINE#         346
  C:0F4BH         LINE#         347
  C:0F4BH         LINE#         351
  C:0F4BH         LINE#         352
  C:0F73H         LINE#         353
  C:0F73H         LINE#         354
  C:0F95H         LINE#         355
  C:0F95H         LINE#         357
  C:0FBBH         LINE#         369
  C:0FBBH         LINE#         370
  C:1011H         LINE#         371
  C:101AH         LINE#         372
  C:1021H         LINE#         373
  C:102AH         LINE#         374
  C:1033H         LINE#         375
  C:103AH         LINE#         376
  C:10B6H         LINE#         377
  C:10CFH         LINE#         378
  C:1159H         LINE#         383
  C:1187H         LINE#         384
  C:1187H         LINE#         386
  C:11BDH         LINE#         387
  C:11E0H         LINE#         388
  C:11F5H         LINE#         391
  C:11F5H         LINE#         392
  C:11F5H         LINE#         394
  C:11F5H         LINE#         396
  C:11FCH         LINE#         397
  C:11FCH         LINE#         398
  C:11FFH         LINE#         399
  C:121DH         LINE#         400
  C:1224H         LINE#         401
  C:1243H         LINE#         402
  C:1262H         LINE#         404
  C:12DEH         LINE#         405
  C:12F6H         LINE#         408
  C:134EH         LINE#         409
  C:1389H         LINE#         410
  C:1396H         LINE#         411
  C:13A5H         LINE#         412
  C:13A5H         LINE#         432
  C:13A7H         LINE#         434
  C:13B5H         LINE#         435
  C:13B5H         LINE#         436
  C:13BDH         LINE#         438
BL51 BANKED LINKER/LOCATER V6.22                                                      05/30/2019  16:32:13  PAGE 14


  C:13BDH         LINE#         441
  C:13BDH         LINE#         442
  C:13CAH         LINE#         443
  C:13CAH         LINE#         444
  C:13ECH         LINE#         445
  C:13ECH         LINE#         446
  C:1468H         LINE#         447
  C:14BDH         LINE#         448
  C:14BDH         LINE#         450
  C:14C0H         LINE#         454
  C:14C0H         LINE#         457
  C:14E2H         LINE#         458
  C:14E2H         LINE#         459
  C:155EH         LINE#         461
  C:158BH         LINE#         462
  C:15A6H         LINE#         463
  C:15D3H         LINE#         464
  C:1606H         LINE#         465
  C:1606H         LINE#         466
  C:1630H         LINE#         467
  C:16C9H         LINE#         468
  C:16CBH         LINE#         470
  C:16CBH         LINE#         471
  C:172EH         LINE#         472
  C:172EH         LINE#         476
  C:172EH         LINE#         478
  C:172EH         LINE#         479
  C:172EH         LINE#         481
  C:172EH         LINE#         484
  C:174AH         LINE#         485
  C:174EH         LINE#         487
  C:1750H         LINE#         490
  C:175FH         LINE#         491
  C:175FH         LINE#         492
  C:1762H         LINE#         493
  C:1769H         LINE#         494
  C:176EH         LINE#         495
  C:1773H         LINE#         496
  C:1778H         LINE#         497
  C:177DH         LINE#         498
  C:1782H         LINE#         508
  C:1785H         LINE#         510
  C:1788H         LINE#         511
  C:178FH         LINE#         512
  C:1799H         LINE#         513
  C:17A0H         LINE#         515
  C:17A3H         LINE#         524
  C:17A3H         LINE#         525
  -------         ENDPROC       MAIN
  -------         PROC          UART
  C:000EH         LINE#         539
  C:000EH         LINE#         541
  C:0011H         LINE#         542
  C:0011H         LINE#         543
  C:0013H         LINE#         545
  C:0013H         LINE#         546
  C:0016H         LINE#         547
BL51 BANKED LINKER/LOCATER V6.22                                                      05/30/2019  16:32:13  PAGE 15


  C:0016H         LINE#         548
  C:0018H         LINE#         549
  C:001AH         LINE#         550
  C:001AH         LINE#         551
  -------         ENDPROC       UART
  -------         PROC          _SENDUART1
  D:0007H         SYMBOL        dat
  C:5C88H         LINE#         553
  C:5C88H         LINE#         554
  C:5C88H         LINE#         555
  C:5C8BH         LINE#         556
  C:5C8DH         LINE#         557
  C:5C8EH         LINE#         558
  C:5C90H         LINE#         559
  -------         ENDPROC       _SENDUART1
  -------         ENDMOD        MAIN

  -------         MODULE        PCF85063BTL
  C:0000H         SYMBOL        _ICE_DUMMY_
  D:0096H         PUBLIC        P2M0
  D:0080H         PUBLIC        P0
  D:0095H         PUBLIC        P2M1
  D:0090H         PUBLIC        P1
  D:00A0H         PUBLIC        P2
  D:00B0H         PUBLIC        P3
  D:00C0H         PUBLIC        P4
  D:00C8H         PUBLIC        P5
  D:00E8H         PUBLIC        P6
  B:00A0H.1       PUBLIC        PCF85063BTL_SDI
  D:00F8H         PUBLIC        P7
  B:00A0H.2       PUBLIC        PCF85063BTL_SCK
  B:00A0H.1       PUBLIC        PCF85063BTL_SDO
  D:00A8H         PUBLIC        IE
  C:5551H         PUBLIC        _Read_time
  C:5BAFH         PUBLIC        _PCF85063BTL_Delay
  D:00B8H         PUBLIC        IP
  D:00D8H         PUBLIC        CCON
  C:53DEH         PUBLIC        _Day_Of_Year
  C:5A59H         PUBLIC        SPI_ReceiveByte
  D:0098H         PUBLIC        SCON
  D:0088H         PUBLIC        TCON
  C:5BF6H         PUBLIC        _BCDtoDec
  B:00A0H.0       PUBLIC        PCF85063BTL_CS
  C:5BE5H         PUBLIC        _SPI_ReadTime
  C:5C45H         PUBLIC        SPI_Init
  C:5B25H         PUBLIC        _SPI_WriteTime
  C:5A39H         PUBLIC        _SPI_SendByte
  D:00D0H         PUBLIC        PSW
  C:5BABH         SYMBOL        L?0048
  -------         PROC          L?0047
  -------         ENDPROC       L?0047
  C:5BABH         SYMBOL        L?0048
  -------         PROC          _PCF85063BTL_DELAY
  D:0006H         SYMBOL        us
  C:5BAFH         LINE#         8
  C:5BAFH         LINE#         9
  C:5BAFH         LINE#         10
BL51 BANKED LINKER/LOCATER V6.22                                                      05/30/2019  16:32:13  PAGE 16


  C:5BB9H         LINE#         11
  C:5BB9H         LINE#         12
  C:5BBAH         LINE#         13
  C:5BBCH         LINE#         14
  -------         ENDPROC       _PCF85063BTL_DELAY
  -------         PROC          _SPI_SENDBYTE
  D:0005H         SYMBOL        dat
  -------         DO            
  D:0003H         SYMBOL        i
  -------         ENDDO         
  C:5A39H         LINE#         17
  C:5A3BH         LINE#         18
  C:5A3BH         LINE#         20
  C:5A3DH         LINE#         21
  C:5A3DH         LINE#         22
  C:5A3FH         LINE#         23
  C:5A43H         LINE#         24
  C:5A43H         LINE#         25
  C:5A45H         LINE#         26
  C:5A47H         LINE#         28
  C:5A47H         LINE#         29
  C:5A49H         LINE#         30
  C:5A49H         LINE#         31
  C:5A4CH         LINE#         32
  C:5A4CH         LINE#         33
  C:5A4FH         LINE#         34
  C:5A53H         LINE#         35
  C:5A58H         LINE#         36
  -------         ENDPROC       _SPI_SENDBYTE
  -------         PROC          SPI_RECEIVEBYTE
  -------         DO            
  D:0003H         SYMBOL        i
  D:0005H         SYMBOL        dat
  -------         ENDDO         
  C:5A59H         LINE#         39
  C:5A59H         LINE#         40
  C:5A59H         LINE#         42
  C:5A5BH         LINE#         44
  C:5A5DH         LINE#         45
  C:5A5EH         LINE#         46
  C:5A5EH         LINE#         47
  C:5A62H         LINE#         48
  C:5A64H         LINE#         49
  C:5A67H         LINE#         51
  C:5A6AH         LINE#         52
  C:5A6AH         LINE#         53
  C:5A6EH         LINE#         54
  C:5A6EH         LINE#         55
  C:5A6EH         LINE#         56
  C:5A71H         LINE#         57
  C:5A76H         LINE#         58
  C:5A78H         LINE#         59
  -------         ENDPROC       SPI_RECEIVEBYTE
  -------         PROC          _SPI_READTIME
  D:0007H         SYMBOL        addr
  -------         DO            
  D:0006H         SYMBOL        dat
BL51 BANKED LINKER/LOCATER V6.22                                                      05/30/2019  16:32:13  PAGE 17


  -------         ENDDO         
  C:5BE5H         LINE#         61
  C:5BE5H         LINE#         62
  C:5BE5H         LINE#         64
  C:5BE7H         LINE#         65
  C:5BE9H         LINE#         66
  C:5BF0H         LINE#         67
  C:5BF3H         LINE#         68
  C:5BF5H         LINE#         69
  C:5BF5H         LINE#         70
  -------         ENDPROC       _SPI_READTIME
  -------         PROC          _SPI_WRITETIME
  D:0002H         SYMBOL        val
  D:0005H         SYMBOL        addr
  C:5B25H         LINE#         71
  C:5B27H         LINE#         72
  C:5B27H         LINE#         74
  C:5B29H         LINE#         75
  C:5B30H         LINE#         76
  C:5B35H         LINE#         77
  C:5B3AH         LINE#         78
  C:5B3CH         LINE#         79
  -------         ENDPROC       _SPI_WRITETIME
  -------         PROC          SPI_INIT
  C:5C45H         LINE#         83
  C:5C45H         LINE#         84
  C:5C45H         LINE#         89
  C:5C48H         LINE#         90
  C:5C4BH         LINE#         91
  C:5C4DH         LINE#         92
  C:5C4FH         LINE#         93
  C:5C51H         LINE#         94
  -------         ENDPROC       SPI_INIT
  -------         PROC          _READ_TIME
  X:03F8H         SYMBOL        months
  X:03FBH         SYMBOL        days
  X:03FEH         SYMBOL        hours
  X:0401H         SYMBOL        mins
  X:0404H         SYMBOL        seconds
  C:5551H         LINE#         96
  C:555CH         LINE#         97
  C:555CH         LINE#         99
  C:5570H         LINE#         101
  C:5584H         LINE#         103
  C:5598H         LINE#         108
  C:55ACH         LINE#         113
  -------         ENDPROC       _READ_TIME
  -------         PROC          _BCDTODEC
  D:0007H         SYMBOL        bcd
  -------         DO            
  D:0006H         SYMBOL        hi
  D:0007H         SYMBOL        lo
  -------         ENDDO         
  C:5BF6H         LINE#         119
  C:5BF6H         LINE#         120
  C:5BF6H         LINE#         122
  C:5BFBH         LINE#         123
BL51 BANKED LINKER/LOCATER V6.22                                                      05/30/2019  16:32:13  PAGE 18


  C:5BFFH         LINE#         124
  C:5C06H         LINE#         125
  -------         ENDPROC       _BCDTODEC
  -------         PROC          _DAY_OF_YEAR
  D:0007H         SYMBOL        months_bcd
  D:0005H         SYMBOL        days_bcd
  -------         DO            
  D:0004H         SYMBOL        months
  D:0007H         SYMBOL        days
  -------         ENDDO         
  C:53DEH         LINE#         126
  C:53DEH         LINE#         127
  C:53DEH         LINE#         130
  C:53E3H         LINE#         132
  C:53E8H         LINE#         134
  C:5421H         LINE#         135
  C:5421H         LINE#         136
  C:5421H         LINE#         137
  C:5424H         LINE#         138
  C:5424H         LINE#         139
  C:5424H         LINE#         140
  C:5429H         LINE#         141
  C:5429H         LINE#         142
  C:5429H         LINE#         143
  C:542EH         LINE#         144
  C:542EH         LINE#         145
  C:542EH         LINE#         146
  C:5433H         LINE#         147
  C:5433H         LINE#         148
  C:5433H         LINE#         149
  C:5438H         LINE#         150
  C:5438H         LINE#         151
  C:5438H         LINE#         152
  C:543DH         LINE#         153
  C:543DH         LINE#         154
  C:543DH         LINE#         155
  C:5442H         LINE#         156
  C:5442H         LINE#         157
  C:5442H         LINE#         158
  C:5447H         LINE#         159
  C:5447H         LINE#         160
  C:5447H         LINE#         161
  C:544FH         LINE#         162
  C:544FH         LINE#         163
  C:544FH         LINE#         164
  C:5454H         LINE#         165
  C:5454H         LINE#         166
  C:5454H         LINE#         167
  C:5459H         LINE#         168
  C:5459H         LINE#         169
  C:5459H         LINE#         170
  C:5462H         LINE#         171
  C:5462H         LINE#         172
  C:5462H         LINE#         173
  C:5465H         LINE#         174
  C:5465H         LINE#         175
  -------         ENDPROC       _DAY_OF_YEAR
BL51 BANKED LINKER/LOCATER V6.22                                                      05/30/2019  16:32:13  PAGE 19


  -------         ENDMOD        PCF85063BTL

  -------         MODULE        LCD_DRIVER_SPLC780D
  C:0000H         SYMBOL        _ICE_DUMMY_
  D:0092H         PUBLIC        P1M0
  D:0091H         PUBLIC        P1M1
  D:0080H         PUBLIC        P0
  D:0090H         PUBLIC        P1
  D:00A0H         PUBLIC        P2
  D:00B0H         PUBLIC        P3
  D:00C0H         PUBLIC        P4
  D:00C8H         PUBLIC        P5
  D:00E8H         PUBLIC        P6
  D:00F8H         PUBLIC        P7
  C:546AH         PUBLIC        _WriteData
  D:00A8H         PUBLIC        IE
  D:00B8H         PUBLIC        IP
  D:00D8H         PUBLIC        CCON
  B:00B0H.4       PUBLIC        LCD_D4
  B:00B0H.5       PUBLIC        LCD_D5
  B:00B0H.6       PUBLIC        LCD_D6
  C:5AB7H         PUBLIC        _DisplayLCD
  B:00B0H.7       PUBLIC        LCD_D7
  D:0098H         PUBLIC        SCON
  D:0088H         PUBLIC        TCON
  C:5BBDH         PUBLIC        _abs
  C:5C75H         PUBLIC        LCD_clear
  C:5796H         PUBLIC        _Command
  C:5B6AH         PUBLIC        _Display_Line
  C:561AH         PUBLIC        LCD_Init
  C:59D6H         PUBLIC        _Wait_ms
  B:00C0H.0       PUBLIC        LCD_RS
  B:0090H.3       PUBLIC        LCD_RW
  C:5C6BH         PUBLIC        LCD_return_home
  C:4685H         PUBLIC        _Display_Pos
  B:00B0H.3       PUBLIC        LCD_E
  D:00D0H         PUBLIC        PSW
  -------         PROC          LCD_INIT
  C:561AH         LINE#         9
  C:561AH         LINE#         10
  C:561AH         LINE#         11
  C:561DH         LINE#         12
  C:5620H         LINE#         14
  C:5626H         LINE#         15
  C:562BH         LINE#         17
  C:5632H         LINE#         18
  C:5637H         LINE#         20
  C:563AH         LINE#         21
  C:563FH         LINE#         23
  C:5642H         LINE#         24
  C:5647H         LINE#         26
  C:564EH         LINE#         29
  C:5653H         LINE#         30
  C:5658H         LINE#         32
  C:565DH         LINE#         33
  C:5662H         LINE#         35
  C:5667H         LINE#         36
BL51 BANKED LINKER/LOCATER V6.22                                                      05/30/2019  16:32:13  PAGE 20


  C:566CH         LINE#         37
  -------         ENDPROC       LCD_INIT
  C:5466H         SYMBOL        L?0038
  -------         PROC          L?0037
  -------         ENDPROC       L?0037
  C:5466H         SYMBOL        L?0038
  -------         PROC          _WRITEDATA
  X:04E8H         SYMBOL        dat
  C:546AH         LINE#         40
  C:546FH         LINE#         41
  C:546FH         LINE#         46
  C:5471H         LINE#         47
  C:5473H         LINE#         49
  C:5481H         LINE#         50
  C:548DH         LINE#         51
  C:5499H         LINE#         52
  C:54A3H         LINE#         53
  C:54A5H         LINE#         54
  C:54ACH         LINE#         55
  C:54AEH         LINE#         57
  C:54BEH         LINE#         58
  C:54C9H         LINE#         59
  C:54D3H         LINE#         60
  C:54D7H         LINE#         62
  C:54D7H         LINE#         63
  C:54DAH         LINE#         64
  C:54DCH         LINE#         65
  C:54DEH         LINE#         67
  -------         ENDPROC       _WRITEDATA
  -------         PROC          _COMMAND
  D:0007H         SYMBOL        dat
  C:5796H         LINE#         69
  C:5796H         LINE#         70
  C:5796H         LINE#         71
  C:5798H         LINE#         72
  C:579AH         LINE#         74
  C:57A4H         LINE#         75
  C:57A8H         LINE#         77
  C:57AAH         LINE#         78
  C:57B3H         LINE#         79
  C:57B7H         LINE#         81
  C:57B9H         LINE#         82
  C:57C0H         LINE#         83
  C:57C4H         LINE#         85
  C:57C6H         LINE#         86
  C:57CAH         LINE#         87
  C:57CEH         LINE#         89
  C:57D0H         LINE#         90
  C:57D0H         LINE#         91
  C:57D3H         LINE#         92
  C:57D5H         LINE#         93
  -------         ENDPROC       _COMMAND
  C:59D2H         SYMBOL        L?0040
  -------         PROC          L?0039
  -------         ENDPROC       L?0039
  C:59D2H         SYMBOL        L?0040
  -------         PROC          _WAIT_MS
BL51 BANKED LINKER/LOCATER V6.22                                                      05/30/2019  16:32:13  PAGE 21


  D:0006H         SYMBOL        ms
  -------         DO            
  D:0004H         SYMBOL        De_Cnt
  -------         ENDDO         
  C:59D6H         LINE#         95
  C:59D6H         LINE#         96
  C:59D6H         LINE#         98
  C:59E0H         LINE#         99
  C:59E0H         LINE#         100
  C:59F3H         LINE#         101
  C:59F3H         LINE#         102
  -------         ENDPROC       _WAIT_MS
  -------         PROC          _DISPLAYLCD
  D:0007H         SYMBOL        BCD
  -------         DO            
  D:0006H         SYMBOL        first_digit
  X:03F8H         SYMBOL        second_digit
  -------         ENDDO         
  C:5AB7H         LINE#         103
  C:5AB7H         LINE#         104
  C:5AB7H         LINE#         106
  C:5ABEH         LINE#         107
  C:5AC7H         LINE#         109
  C:5ACCH         LINE#         111
  -------         ENDPROC       _DISPLAYLCD
  -------         PROC          LCD_RETURN_HOME
  C:5C6BH         LINE#         115
  C:5C6BH         LINE#         116
  C:5C6BH         LINE#         117
  C:5C70H         LINE#         118
  -------         ENDPROC       LCD_RETURN_HOME
  -------         PROC          LCD_CLEAR
  C:5C75H         LINE#         121
  C:5C75H         LINE#         122
  C:5C75H         LINE#         123
  C:5C7AH         LINE#         124
  -------         ENDPROC       LCD_CLEAR
  -------         PROC          _DISPLAY_LINE
  D:0006H         SYMBOL        line
  C:5B6AH         LINE#         128
  C:5B6AH         LINE#         129
  C:5B6AH         LINE#         130
  C:5B70H         LINE#         131
  C:5B70H         LINE#         132
  C:5B72H         LINE#         133
  C:5B72H         LINE#         134
  C:5B74H         LINE#         136
  C:5B74H         LINE#         137
  C:5B79H         LINE#         138
  C:5B7EH         LINE#         139
  C:5B7EH         LINE#         140
  -------         ENDPROC       _DISPLAY_LINE
  -------         PROC          _DISPLAY_POS
  X:04DDH         SYMBOL        sign_dat
  -------         DO            
  X:04E1H         SYMBOL        unit
  X:04E2H         SYMBOL        ten
BL51 BANKED LINKER/LOCATER V6.22                                                      05/30/2019  16:32:13  PAGE 22


  X:04E3H         SYMBOL        hundred
  X:04E4H         SYMBOL        thousand
  X:04E5H         SYMBOL        after_dot
  X:04E6H         SYMBOL        dat
  -------         ENDDO         
  C:4685H         LINE#         142
  C:468BH         LINE#         143
  C:468BH         LINE#         147
  C:46A7H         LINE#         148
  C:46C1H         LINE#         149
  C:46E5H         LINE#         151
  C:472FH         LINE#         153
  C:4746H         LINE#         154
  C:4758H         LINE#         155
  C:477DH         LINE#         156
  C:4797H         LINE#         157
  C:47AFH         LINE#         158
  C:47AFH         LINE#         159
  C:47AFH         LINE#         160
  C:47AFH         LINE#         161
  C:47AFH         LINE#         162
  C:47AFH         LINE#         163
  C:47AFH         LINE#         164
  C:47AFH         LINE#         168
  C:47B1H         LINE#         170
  C:47B1H         LINE#         172
  C:47B6H         LINE#         173
  C:47BCH         LINE#         174
  C:47C2H         LINE#         175
  C:47C8H         LINE#         176
  C:47CEH         LINE#         177
  C:47D3H         LINE#         178
  C:47D9H         LINE#         182
  C:47D9H         LINE#         184
  -------         ENDPROC       _DISPLAY_POS
  -------         PROC          _ABS
  D:0006H         SYMBOL        dat
  C:5BBDH         LINE#         186
  C:5BBDH         LINE#         187
  C:5BBDH         LINE#         188
  C:5BC8H         LINE#         189
  C:5BC9H         LINE#         191
  C:5BD0H         LINE#         192
  -------         ENDPROC       _ABS
  -------         ENDMOD        LCD_DRIVER_SPLC780D

  -------         MODULE        KEYPAD
  C:0000H         SYMBOL        _ICE_DUMMY_
  D:0093H         PUBLIC        P0M1
  D:0080H         PUBLIC        P0
  D:0090H         PUBLIC        P1
  D:00A0H         PUBLIC        P2
  D:00B0H         PUBLIC        P3
  D:00C0H         PUBLIC        P4
  D:00C8H         PUBLIC        P5
  D:00E8H         PUBLIC        P6
  D:00F8H         PUBLIC        P7
BL51 BANKED LINKER/LOCATER V6.22                                                      05/30/2019  16:32:13  PAGE 23


  D:00A8H         PUBLIC        IE
  C:4081H         PUBLIC        Key_Scan
  D:00B8H         PUBLIC        IP
  D:00D8H         PUBLIC        CCON
  C:5C5FH         PUBLIC        KeyPad_IO_Init
  C:5A99H         PUBLIC        _Delay_ms
  D:0098H         PUBLIC        SCON
  D:0088H         PUBLIC        TCON
  X:0623H         PUBLIC        small_move
  X:0625H         PUBLIC        move
  X:0627H         PUBLIC        auto_mode
  X:0629H         PUBLIC        direction
  X:062BH         PUBLIC        SPI_NOR_ClearEnable
  C:37AEH         PUBLIC        Key_Process
  D:00D0H         PUBLIC        PSW
  D:0094H         PUBLIC        P0M0
  -------         PROC          _DELAY_MS
  D:0006H         SYMBOL        ms
  -------         DO            
  D:0004H         SYMBOL        De_Cnt
  -------         ENDDO         
  C:5A99H         LINE#         20
  C:5A99H         LINE#         21
  C:5A99H         LINE#         23
  C:5AA3H         LINE#         24
  C:5AA3H         LINE#         25
  C:5AB6H         LINE#         26
  C:5AB6H         LINE#         27
  -------         ENDPROC       _DELAY_MS
  -------         PROC          KEY_SCAN
  -------         DO            
  X:03FEH         SYMBOL        KeyTemp1
  X:03FFH         SYMBOL        KeyTemp2
  X:0400H         SYMBOL        KeyValue
  -------         ENDDO         
  C:4081H         LINE#         28
  C:4081H         LINE#         29
  C:4081H         LINE#         34
  C:4084H         LINE#         37
  C:4087H         LINE#         39
  C:408FH         LINE#         40
  C:4096H         LINE#         41
  C:4096H         LINE#         43
  C:409BH         LINE#         44
  C:40A2H         LINE#         45
  C:40A2H         LINE#         48
  C:40A5H         LINE#         49
  C:40A8H         LINE#         50
  C:40ADH         LINE#         51
  C:40B1H         LINE#         52
  C:40B1H         LINE#         53
  C:40B9H         LINE#         54
  C:40B9H         LINE#         55
  C:40BCH         LINE#         56
  C:40C4H         LINE#         57
  C:40C6H         LINE#         59
  C:40DAH         LINE#         60
BL51 BANKED LINKER/LOCATER V6.22                                                      05/30/2019  16:32:13  PAGE 24


  C:40DAH         LINE#         61
  C:40DAH         LINE#         62
  C:40DAH         LINE#         63
  C:40E0H         LINE#         65
  C:40E2H         LINE#         66
  C:40E2H         LINE#         67
  C:40E2H         LINE#         68
  C:40E8H         LINE#         70
  C:40EAH         LINE#         71
  C:40EAH         LINE#         72
  C:40EAH         LINE#         73
  C:40F0H         LINE#         75
  C:40F2H         LINE#         76
  C:40F2H         LINE#         77
  C:40F2H         LINE#         78
  C:40F8H         LINE#         80
  C:40F8H         LINE#         81
  C:40F8H         LINE#         82
  C:40F8H         LINE#         85
  C:40FBH         LINE#         86
  C:40FEH         LINE#         87
  C:4106H         LINE#         88
  C:410AH         LINE#         89
  C:410AH         LINE#         90
  C:4112H         LINE#         91
  C:4112H         LINE#         92
  C:4115H         LINE#         93
  C:411DH         LINE#         94
  C:411FH         LINE#         95
  C:4133H         LINE#         96
  C:4133H         LINE#         97
  C:4133H         LINE#         98
  C:4133H         LINE#         99
  C:4139H         LINE#         101
  C:413BH         LINE#         102
  C:413BH         LINE#         103
  C:413BH         LINE#         104
  C:4141H         LINE#         106
  C:4143H         LINE#         107
  C:4143H         LINE#         108
  C:4143H         LINE#         109
  C:4149H         LINE#         111
  C:414BH         LINE#         112
  C:414BH         LINE#         113
  C:414BH         LINE#         114
  C:4150H         LINE#         116
  C:4150H         LINE#         117
  C:4150H         LINE#         118
  C:4150H         LINE#         121
  C:4153H         LINE#         122
  C:4156H         LINE#         123
  C:415EH         LINE#         124
  C:4162H         LINE#         125
  C:4162H         LINE#         126
  C:416AH         LINE#         127
  C:416AH         LINE#         128
  C:416DH         LINE#         129
BL51 BANKED LINKER/LOCATER V6.22                                                      05/30/2019  16:32:13  PAGE 25


  C:4175H         LINE#         130
  C:4177H         LINE#         131
  C:418BH         LINE#         132
  C:418BH         LINE#         133
  C:418BH         LINE#         134
  C:418BH         LINE#         135
  C:4191H         LINE#         137
  C:4193H         LINE#         138
  C:4193H         LINE#         139
  C:4193H         LINE#         140
  C:4199H         LINE#         142
  C:419BH         LINE#         143
  C:419BH         LINE#         144
  C:419BH         LINE#         145
  C:41A1H         LINE#         147
  C:41A3H         LINE#         148
  C:41A3H         LINE#         149
  C:41A3H         LINE#         150
  C:41A9H         LINE#         152
  C:41A9H         LINE#         153
  C:41A9H         LINE#         154
  C:41A9H         LINE#         158
  C:41ACH         LINE#         159
  C:41AFH         LINE#         160
  C:41B7H         LINE#         161
  C:41BBH         LINE#         162
  C:41BBH         LINE#         163
  C:41C3H         LINE#         164
  C:41C3H         LINE#         165
  C:41C6H         LINE#         166
  C:41CEH         LINE#         167
  C:41D0H         LINE#         168
  C:41E4H         LINE#         169
  C:41E4H         LINE#         170
  C:41E4H         LINE#         171
  C:41E4H         LINE#         172
  C:41EAH         LINE#         174
  C:41ECH         LINE#         175
  C:41ECH         LINE#         176
  C:41ECH         LINE#         177
  C:41F2H         LINE#         179
  C:41F4H         LINE#         180
  C:41F4H         LINE#         181
  C:41F4H         LINE#         182
  C:41FAH         LINE#         184
  C:41FCH         LINE#         185
  C:41FCH         LINE#         186
  C:41FCH         LINE#         187
  C:4202H         LINE#         189
  C:4202H         LINE#         190
  C:4202H         LINE#         191
  C:4202H         LINE#         193
  C:4208H         LINE#         194
  C:4208H         LINE#         196
  C:4208H         LINE#         197
  C:420BH         LINE#         198
  C:420BH         LINE#         199
BL51 BANKED LINKER/LOCATER V6.22                                                      05/30/2019  16:32:13  PAGE 26


  C:420BH         LINE#         201
  C:420BH         LINE#         202
  C:420DH         LINE#         203
  C:420DH         LINE#         204
  -------         ENDPROC       KEY_SCAN
  -------         PROC          KEY_PROCESS
  -------         DO            
  X:0614H         SYMBOL        KeyCount
  X:0615H         SYMBOL        KeyNum_Old
  X:0617H         SYMBOL        KeyNum
  X:0619H         SYMBOL        PressedKey
  X:03F8H         SYMBOL        d
  D:0002H         SYMBOL        hours
  D:0006H         SYMBOL        mins
  X:03FAH         SYMBOL        months
  X:03FCH         SYMBOL        days
  -------         ENDDO         
  C:37AEH         LINE#         205
  C:37AEH         LINE#         206
  C:37AEH         LINE#         210
  C:37BDH         LINE#         211
  C:37CAH         LINE#         213
  C:37CEH         LINE#         214
  C:37CEH         LINE#         215
  C:37D4H         LINE#         217
  C:37D4H         LINE#         218
  C:37EBH         LINE#         219
  C:37EBH         LINE#         220
  C:37F5H         LINE#         221
  C:37FBH         LINE#         223
  C:3801H         LINE#         225
  C:3801H         LINE#         226
  C:3818H         LINE#         227
  C:3818H         LINE#         228
  C:381DH         LINE#         230
  C:381DH         LINE#         231
  C:382DH         LINE#         232
  C:382DH         LINE#         233
  C:3833H         LINE#         235
  C:3833H         LINE#         236
  C:3845H         LINE#         237
  C:3845H         LINE#         238
  C:384FH         LINE#         239
  C:3857H         LINE#         241
  C:3860H         LINE#         243
  C:3860H         LINE#         252
  C:387FH         LINE#         253
  C:387FH         LINE#         254
  C:389EH         LINE#         255
  C:38A4H         LINE#         256
  C:38ACH         LINE#         257
  C:38ACH         LINE#         259
  C:38ADH         LINE#         265
  C:38B9H         LINE#         266
  C:38B9H         LINE#         267
  C:38D6H         LINE#         268
  C:38EDH         LINE#         269
BL51 BANKED LINKER/LOCATER V6.22                                                      05/30/2019  16:32:13  PAGE 27


  C:3904H         LINE#         270
  C:3904H         LINE#         271
  C:3917H         LINE#         272
  C:392AH         LINE#         273
  C:392AH         LINE#         274
  C:392AH         LINE#         275
  C:392DH         LINE#         280
  C:393CH         LINE#         281
  C:393CH         LINE#         282
  C:395FH         LINE#         283
  C:397CH         LINE#         284
  C:3985H         LINE#         285
  C:3985H         LINE#         286
  C:398CH         LINE#         287
  C:398CH         LINE#         288
  C:399DH         LINE#         289
  C:399DH         LINE#         290
  C:39ACH         LINE#         291
  C:39ACH         LINE#         292
  C:39ACH         LINE#         293
  C:39AFH         LINE#         295
  C:39AFH         LINE#         296
  C:39BBH         LINE#         297
  C:39BBH         LINE#         298
  C:39CDH         LINE#         299
  C:39CDH         LINE#         300
  C:39DDH         LINE#         301
  C:39DDH         LINE#         302
  C:39DDH         LINE#         304
  C:39DFH         LINE#         306
  C:39DFH         LINE#         307
  C:39EEH         LINE#         308
  C:39EEH         LINE#         309
  C:39FEH         LINE#         310
  C:39FEH         LINE#         311
  C:39FEH         LINE#         313
  C:39FEH         LINE#         315
  C:39FEH         LINE#         316
  C:3A00H         LINE#         318
  C:3A00H         LINE#         319
  C:3A07H         LINE#         320
  C:3A07H         LINE#         321
  C:3A16H         LINE#         322
  C:3A16H         LINE#         323
  C:3A26H         LINE#         324
  C:3A26H         LINE#         325
  C:3A26H         LINE#         326
  C:3A28H         LINE#         328
  C:3A28H         LINE#         329
  C:3A37H         LINE#         330
  C:3A37H         LINE#         331
  C:3A4AH         LINE#         332
  C:3A5DH         LINE#         333
  C:3A5DH         LINE#         334
  C:3A5DH         LINE#         335
  C:3A5DH         LINE#         336
  C:3A66H         LINE#         338
BL51 BANKED LINKER/LOCATER V6.22                                                      05/30/2019  16:32:13  PAGE 28


  C:3A66H         LINE#         340
  C:3AA0H         LINE#         341
  C:3AA0H         LINE#         342
  C:3AA7H         LINE#         343
  C:3AA7H         LINE#         344
  C:3AB1H         LINE#         345
  C:3AB1H         LINE#         346
  C:3AB4H         LINE#         347
  C:3AB9H         LINE#         348
  C:3ABEH         LINE#         349
  C:3AC3H         LINE#         350
  C:3AC8H         LINE#         351
  C:3ACDH         LINE#         352
  C:3AD2H         LINE#         353
  C:3AD7H         LINE#         354
  C:3AD7H         LINE#         355
  C:3AD7H         LINE#         357
  C:3AF5H         LINE#         358
  C:3AF5H         LINE#         359
  C:3AFCH         LINE#         360
  C:3AFCH         LINE#         361
  C:3B01H         LINE#         362
  C:3B0AH         LINE#         363
  C:3B29H         LINE#         364
  C:3B29H         LINE#         365
  C:3B39H         LINE#         367
  C:3B39H         LINE#         371
  -------         ENDPROC       KEY_PROCESS
  -------         PROC          KEYPAD_IO_INIT
  C:5C5FH         LINE#         374
  C:5C5FH         LINE#         375
  C:5C5FH         LINE#         376
  C:5C62H         LINE#         377
  C:5C65H         LINE#         378
  C:5C68H         LINE#         379
  C:5C6AH         LINE#         380
  -------         ENDPROC       KEYPAD_IO_INIT
  -------         ENDMOD        KEYPAD

  -------         MODULE        BIPOLARMOTOR
  C:0000H         SYMBOL        _ICE_DUMMY_
  X:0000H         PUBLIC        UTC_time
  D:0080H         PUBLIC        P0
  D:0090H         PUBLIC        P1
  X:0004H         PUBLIC        RX_pos_test
  D:00A0H         PUBLIC        P2
  D:00B0H         PUBLIC        P3
  D:00C0H         PUBLIC        P4
  D:00C8H         PUBLIC        P5
  D:00E8H         PUBLIC        P6
  D:00F8H         PUBLIC        P7
  X:00A4H         PUBLIC        low_date_azimuth_mapping
  D:00A8H         PUBLIC        IE
  C:4E2AH         PUBLIC        linear_interpolate
  X:00CCH         PUBLIC        declination
  C:5935H         PUBLIC        _Move
  D:00B8H         PUBLIC        IP
BL51 BANKED LINKER/LOCATER V6.22                                                      05/30/2019  16:32:13  PAGE 29


  X:00D0H         PUBLIC        time_offset
  D:00D8H         PUBLIC        CCON
  X:00D4H         PUBLIC        previous_move_time
  X:00D5H         PUBLIC        time
  D:0098H         PUBLIC        SCON
  D:0088H         PUBLIC        TCON
  C:57D6H         PUBLIC        _Step_move
  X:00E7H         PUBLIC        dat
  X:00EDH         PUBLIC        current_local_sun_time
  C:1F48H         PUBLIC        _Update_position
  C:3B3AH         PUBLIC        _elevation_calculation
  X:00F1H         PUBLIC        sunCoord
  C:56BEH         PUBLIC        vOneStepMove
  X:00F4H         PUBLIC        elevation_stamp
  X:0130H         PUBLIC        date_azimuth_mapping
  X:0158H         PUBLIC        location
  X:0160H         PUBLIC        RX_pos
  C:5B7FH         PUBLIC        vSetLocation
  C:5AFAH         PUBLIC        _BCDtoDec1
  X:03B8H         PUBLIC        degree
  C:2584H         PUBLIC        _TheoricalJP_Position
  D:00D0H         PUBLIC        PSW
  -------         PROC          VSETLOCATION
  C:5B7FH         LINE#         44
  C:5B7FH         LINE#         45
  C:5B7FH         LINE#         46
  C:5B89H         LINE#         47
  C:5B93H         LINE#         48
  -------         ENDPROC       VSETLOCATION
  C:5AF6H         SYMBOL        L?0060
  -------         PROC          L?0059
  -------         ENDPROC       L?0059
  C:5AF6H         SYMBOL        L?0060
  -------         PROC          _BCDTODEC1
  D:0007H         SYMBOL        bcd
  -------         DO            
  D:0006H         SYMBOL        hi
  D:0007H         SYMBOL        lo
  -------         ENDDO         
  C:5AFAH         LINE#         49
  C:5AFAH         LINE#         50
  C:5AFAH         LINE#         52
  C:5AFFH         LINE#         53
  C:5B03H         LINE#         54
  C:5B0AH         LINE#         55
  -------         ENDPROC       _BCDTODEC1
  -------         PROC          VONESTEPMOVE
  B:0020H.3       SYMBOL        bDir
  C:56BEH         LINE#         59
  C:56BEH         LINE#         60
  C:56BEH         LINE#         62
  C:56C4H         LINE#         63
  C:56C4H         LINE#         64
  C:56C7H         LINE#         65
  C:56D0H         LINE#         66
  C:56D7H         LINE#         67
  C:56DCH         LINE#         68
BL51 BANKED LINKER/LOCATER V6.22                                                      05/30/2019  16:32:13  PAGE 30


  C:56DCH         LINE#         69
  C:56DCH         LINE#         71
  C:56DEH         LINE#         74
  C:56DEH         LINE#         75
  C:56E1H         LINE#         76
  C:56EAH         LINE#         77
  C:56F1H         LINE#         78
  C:56F7H         LINE#         79
  C:5700H         LINE#         80
  C:5707H         LINE#         81
  C:5707H         LINE#         85
  -------         ENDPROC       VONESTEPMOVE
  -------         PROC          _STEP_MOVE
  X:04E1H         SYMBOL        step
  B:0020H.2       SYMBOL        dir
  -------         DO            
  X:04E3H         SYMBOL        i
  -------         ENDDO         
  C:57D6H         LINE#         87
  C:57DEH         LINE#         88
  C:57DEH         LINE#         90
  C:57E3H         LINE#         93
  C:57FEH         LINE#         94
  C:57FEH         LINE#         95
  C:5805H         LINE#         97
  C:5815H         LINE#         99
  -------         ENDPROC       _STEP_MOVE
  -------         PROC          _MOVE
  X:04DDH         SYMBOL        distance
  B:0020H.1       SYMBOL        direction
  -------         DO            
  D:0006H         SYMBOL        step
  -------         ENDDO         
  C:5935H         LINE#         101
  C:593BH         LINE#         102
  C:593BH         LINE#         105
  C:5956H         LINE#         106
  -------         ENDPROC       _MOVE
  C:4E19H         SYMBOL        L?0058
  -------         PROC          L?0057
  -------         ENDPROC       L?0057
  C:4E19H         SYMBOL        L?0058
  -------         PROC          LINEAR_INTERPOLATE
  X:049EH         SYMBOL        p1
  X:04A6H         SYMBOL        p2
  X:04AEH         SYMBOL        x
  -------         DO            
  D:0004H         SYMBOL        fx
  -------         ENDDO         
  C:4E2AH         LINE#         139
  C:4E2AH         LINE#         140
  C:4E2AH         LINE#         143
  C:4EC9H         LINE#         145
  C:4EC9H         LINE#         146
  -------         ENDPROC       LINEAR_INTERPOLATE
  -------         PROC          _THEORICALJP_POSITION
  X:0442H         SYMBOL        azimuth
BL51 BANKED LINKER/LOCATER V6.22                                                      05/30/2019  16:32:13  PAGE 31


  X:0446H         SYMBOL        elevation
  -------         DO            
  X:044AH         SYMBOL        pos_interpolate_azimuth
  X:0486H         SYMBOL        JP_pos
  X:048AH         SYMBOL        i
  X:048CH         SYMBOL        yy
  X:048EH         SYMBOL        p1
  X:0496H         SYMBOL        p2
  -------         ENDDO         
  C:2584H         LINE#         149
  C:258AH         LINE#         150
  C:258AH         LINE#         152
  C:2594H         LINE#         155
  C:25B0H         LINE#         156
  C:25B0H         LINE#         157
  C:2620H         LINE#         158
  C:2620H         LINE#         159
  C:2627H         LINE#         160
  C:2627H         LINE#         161
  C:2654H         LINE#         162
  C:266FH         LINE#         164
  C:26B6H         LINE#         165
  C:26EAH         LINE#         167
  C:2730H         LINE#         168
  C:2755H         LINE#         170
  C:2755H         LINE#         172
  C:27CBH         LINE#         173
  C:27CBH         LINE#         174
  C:27D2H         LINE#         175
  C:27D2H         LINE#         176
  C:27FFH         LINE#         177
  C:281AH         LINE#         179
  C:2861H         LINE#         180
  C:2895H         LINE#         182
  C:28DBH         LINE#         183
  C:28FDH         LINE#         185
  C:28FDH         LINE#         186
  C:2911H         LINE#         189
  C:292DH         LINE#         190
  C:292DH         LINE#         191
  C:299DH         LINE#         192
  C:299DH         LINE#         193
  C:29CAH         LINE#         194
  C:29E5H         LINE#         196
  C:2A12H         LINE#         197
  C:2A2DH         LINE#         199
  C:2A5FH         LINE#         202
  C:2A5FH         LINE#         204
  C:2A70H         LINE#         205
  C:2A7EH         LINE#         207
  -------         ENDPROC       _THEORICALJP_POSITION
  -------         PROC          _UPDATE_POSITION
  D:0001H         SYMBOL        mnths
  D:0002H         SYMBOL        dys
  X:041EH         SYMBOL        hurs
  X:041FH         SYMBOL        mns
  X:0420H         SYMBOL        sconds
BL51 BANKED LINKER/LOCATER V6.22                                                      05/30/2019  16:32:13  PAGE 32


  X:0421H         SYMBOL        currnt_pos
  X:0424H         SYMBOL        offset_calib
  -------         DO            
  X:0428H         SYMBOL        date
  X:042AH         SYMBOL        i
  X:042CH         SYMBOL        yy
  X:042EH         SYMBOL        desired_distance
  X:0432H         SYMBOL        distance
  X:0436H         SYMBOL        JP_pos
  X:043AH         SYMBOL        elevation
  X:043EH         SYMBOL        azimuth
  -------         ENDDO         
  C:1F48H         LINE#         210
  C:1F51H         LINE#         213
  C:1F51H         LINE#         214
  C:1F5CH         LINE#         216
  C:1F78H         LINE#         223
  C:1F82H         LINE#         224
  C:1F8DH         LINE#         225
  C:1F98H         LINE#         226
  C:1FB1H         LINE#         227
  C:1FC2H         LINE#         228
  C:1FD1H         LINE#         231
  C:1FE5H         LINE#         235
  C:2037H         LINE#         236
  C:219BH         LINE#         237
  C:21EBH         LINE#         240
  C:2313H         LINE#         243
  C:23E2H         LINE#         250
  C:2429H         LINE#         251
  C:2429H         LINE#         253
  C:2454H         LINE#         254
  C:2483H         LINE#         256
  C:24A8H         LINE#         257
  C:250DH         LINE#         258
  C:250DH         LINE#         259
  C:2527H         LINE#         260
  C:2539H         LINE#         261
  C:2551H         LINE#         262
  C:2567H         LINE#         264
  C:2583H         LINE#         265
  C:2583H         LINE#         266
  C:2583H         LINE#         269
  -------         ENDPROC       _UPDATE_POSITION
  -------         PROC          _ELEVATION_CALCULATION
  D:0007H         SYMBOL        mnths
  D:0005H         SYMBOL        dys
  X:03FAH         SYMBOL        hurs
  X:03FBH         SYMBOL        mns
  X:03FCH         SYMBOL        sconds
  C:3B3AH         LINE#         271
  C:3B3FH         LINE#         273
  C:3B3FH         LINE#         274
  C:3B49H         LINE#         275
  C:3B52H         LINE#         276
  C:3B5DH         LINE#         277
  C:3B76H         LINE#         278
BL51 BANKED LINKER/LOCATER V6.22                                                      05/30/2019  16:32:13  PAGE 33


  C:3B8AH         LINE#         279
  C:3B9CH         LINE#         283
  C:3BEEH         LINE#         284
  C:3D52H         LINE#         285
  C:3DA2H         LINE#         287
  C:3EB9H         LINE#         289
  -------         ENDPROC       _ELEVATION_CALCULATION
  -------         ENDMOD        BIPOLARMOTOR

  -------         MODULE        SUNPOS
  C:0000H         SYMBOL        _ICE_DUMMY_
  C:17A6H         PUBLIC        sunpos
  -------         PROC          SUNPOS
  X:0442H         SYMBOL        udtTime
  X:0454H         SYMBOL        udtLocation
  X:045CH         SYMBOL        udtSunCoordinates
  -------         DO            
  X:045FH         SYMBOL        dElapsedJulianDays
  X:0463H         SYMBOL        dDecimalHours
  X:0467H         SYMBOL        dEclipticLongitude
  X:046BH         SYMBOL        dEclipticObliquity
  X:046FH         SYMBOL        dRightAscension
  X:0473H         SYMBOL        dDeclination
  X:0477H         SYMBOL        dY
  X:047BH         SYMBOL        dX
  -------         DO            
  X:047FH         SYMBOL        dJulianDate
  X:0483H         SYMBOL        liAux1
  X:0487H         SYMBOL        liAux2
  X:047FH         SYMBOL        dMeanLongitude
  X:0483H         SYMBOL        dMeanAnomaly
  X:0487H         SYMBOL        dOmega
  X:047FH         SYMBOL        dSin_EclipticLongitude
  X:047FH         SYMBOL        dGreenwichMeanSiderealTime
  X:0483H         SYMBOL        dLocalMeanSiderealTime
  X:0487H         SYMBOL        dLatitudeInRadians
  X:048BH         SYMBOL        dHourAngle
  X:048FH         SYMBOL        dCos_Latitude
  X:0493H         SYMBOL        dSin_Latitude
  X:0497H         SYMBOL        dCos_HourAngle
  X:049BH         SYMBOL        dParallax
  -------         ENDDO         
  -------         DO            
  X:047FH         SYMBOL        dMeanLongitude
  X:0483H         SYMBOL        dMeanAnomaly
  X:0487H         SYMBOL        dOmega
  X:047FH         SYMBOL        dSin_EclipticLongitude
  X:047FH         SYMBOL        dGreenwichMeanSiderealTime
  X:0483H         SYMBOL        dLocalMeanSiderealTime
  X:0487H         SYMBOL        dLatitudeInRadians
  X:048BH         SYMBOL        dHourAngle
  X:048FH         SYMBOL        dCos_Latitude
  X:0493H         SYMBOL        dSin_Latitude
  X:0497H         SYMBOL        dCos_HourAngle
  X:049BH         SYMBOL        dParallax
  -------         ENDDO         
  -------         DO            
[...]
  C:426DH         LINE#         322
  C:4270H         LINE#         324
  C:428AH         LINE#         325
  C:428AH         LINE#         326
  C:428AH         LINE#         328
  C:428DH         LINE#         330
  C:42A7H         LINE#         331
  C:42A7H         LINE#         332
  C:42A7H         LINE#         334
  C:42AAH         LINE#         336
  C:42C4H         LINE#         337
  C:42C4H         LINE#         338
  C:42C4H         LINE#         340
  C:42C7H         LINE#         342
  C:42E1H         LINE#         343
  C:42E1H         LINE#         344
  C:42E1H         LINE#         346
  C:42E4H         LINE#         348
  C:42FEH         LINE#         349
  C:42FEH         LINE#         350
  C:42FEH         LINE#         352
  C:4301H         LINE#         354
  C:431BH         LINE#         355
  C:431BH         LINE#         356
  C:431BH         LINE#         358
  C:431EH         LINE#         360
  C:4338H         LINE#         361
  C:4338H         LINE#         362
  C:4338H         LINE#         364
  C:433BH         LINE#         366
  C:4355H         LINE#         367
  C:4355H         LINE#         368
  C:4355H         LINE#         370
  C:4358H         LINE#         372
  C:4372H         LINE#         373
  C:4379H         LINE#         374
  -------         ENDPROC       SPI_NOR_WRITE_DATA
  -------         ENDMOD        AT25SF041

  -------         MODULE        SI1120
  C:0000H         SYMBOL        _ICE_DUMMY_
  D:0080H         PUBLIC        P0
  D:00B2H         PUBLIC        P3M0
  D:0090H         PUBLIC        P1
  D:00B1H         PUBLIC        P3M1
  D:00A0H         PUBLIC        P2
  D:00B0H         PUBLIC        P3
  D:00C0H         PUBLIC        P4
  D:00C8H         PUBLIC        P5
  B:00A8H.7       PUBLIC        EA
BL51 BANKED LINKER/LOCATER V6.22                                                      05/30/2019  16:32:13  PAGE 50


  D:00E8H         PUBLIC        P6
  D:00F8H         PUBLIC        P7
  D:00A8H         PUBLIC        IE
  D:00B8H         PUBLIC        IP
  C:5884H         PUBLIC        SI1120_CONFIG_MODE_VIRH
  D:00D8H         PUBLIC        CCON
  D:0098H         PUBLIC        SCON
  D:0088H         PUBLIC        TCON
  C:5C52H         PUBLIC        Enable_EXTINT0
  B:0090H.5       PUBLIC        SI1120_STX
  B:0088H.0       PUBLIC        IT0
  B:00A8H.0       PUBLIC        EX0
  B:0090H.4       PUBLIC        SI1120_MD
  B:0090H.6       PUBLIC        SI1120_SC
  D:00D0H         PUBLIC        PSW
  -------         PROC          SI1120_CONFIG_MODE_VIRH
  C:5884H         LINE#         4
  C:5884H         LINE#         5
  C:5884H         LINE#         6
  C:5886H         LINE#         7
  C:5888H         LINE#         8
  C:588AH         LINE#         10
  C:5891H         LINE#         11
  C:5893H         LINE#         13
  C:5895H         LINE#         14
  C:5897H         LINE#         16
  C:589EH         LINE#         18
  C:58A0H         LINE#         20
  C:58A7H         LINE#         23
  C:58A9H         LINE#         25
  C:58ABH         LINE#         27
  C:58B2H         LINE#         29
  C:58B4H         LINE#         31
  -------         ENDPROC       SI1120_CONFIG_MODE_VIRH
  -------         PROC          ENABLE_EXTINT0
  C:5C52H         LINE#         33
  C:5C52H         LINE#         34
  C:5C52H         LINE#         35
  C:5C55H         LINE#         36
  C:5C58H         LINE#         37
  C:5C5AH         LINE#         38
  C:5C5CH         LINE#         39
  C:5C5EH         LINE#         40
  -------         ENDPROC       ENABLE_EXTINT0
  -------         ENDMOD        SI1120

  -------         MODULE        UART1
  C:0000H         SYMBOL        _ICE_DUMMY_
  D:0080H         PUBLIC        P0
  D:0090H         PUBLIC        P1
  D:00A0H         PUBLIC        P2
  D:00B0H         PUBLIC        P3
  D:00C0H         PUBLIC        P4
  D:00C8H         PUBLIC        P5
  C:59F4H         PUBLIC        _uart1_SendToTCPServer
  B:00A8H.7       PUBLIC        EA
  D:00E8H         PUBLIC        P6
BL51 BANKED LINKER/LOCATER V6.22                                                      05/30/2019  16:32:13  PAGE 51


  D:00F8H         PUBLIC        P7
  C:5851H         PUBLIC        _SendString
  D:00A8H         PUBLIC        IE
  B:00A8H.4       PUBLIC        ES
  D:00B8H         PUBLIC        IP
  C:5B3DH         PUBLIC        _ASCIItoBCD
  D:00D8H         PUBLIC        CCON
  C:5C07H         PUBLIC        initUART1
  D:0098H         PUBLIC        SCON
  D:0088H         PUBLIC        TCON
  C:5CA7H         PUBLIC        _DectoBCD
  C:001EH         PUBLIC        _ASCII_Letter
  D:008EH         PUBLIC        AUXR
  C:0006H         PUBLIC        _unit
  C:5CA0H         PUBLIC        _ten
  D:00D6H         PUBLIC        T2H
  D:00D7H         PUBLIC        T2L
  C:5C91H         PUBLIC        uart1_InitTCPConn
  D:00D0H         PUBLIC        PSW
  -------         PROC          INITUART1
  C:5C07H         LINE#         24
  C:5C07H         LINE#         25
  C:5C07H         LINE#         26
  C:5C0AH         LINE#         27
  C:5C0DH         LINE#         28
  C:5C10H         LINE#         29
  C:5C13H         LINE#         30
  C:5C15H         LINE#         31
  C:5C17H         LINE#         33
  -------         ENDPROC       INITUART1
  -------         PROC          _SENDSTRING
  X:04DDH         SYMBOL        s
  C:5851H         LINE#         36
  C:585CH         LINE#         37
  C:585CH         LINE#         38
  C:586CH         LINE#         39
  C:586CH         LINE#         40
  C:5881H         LINE#         41
  C:5883H         LINE#         42
  -------         ENDPROC       _SENDSTRING
  -------         PROC          _TEN
  D:0007H         SYMBOL        BCD
  C:5CA0H         LINE#         44
  C:5CA0H         LINE#         45
  C:5CA0H         LINE#         46
  C:5CA5H         LINE#         47
  -------         ENDPROC       _TEN
  -------         PROC          _UNIT
  D:0007H         SYMBOL        BCD
  C:0006H         LINE#         48
  C:0006H         LINE#         49
  C:0006H         LINE#         53
  C:000AH         LINE#         54
  -------         ENDPROC       _UNIT
  -------         PROC          _DECTOBCD
  D:0007H         SYMBOL        dec
  C:5CA7H         LINE#         55
BL51 BANKED LINKER/LOCATER V6.22                                                      05/30/2019  16:32:13  PAGE 52


  C:5CA7H         LINE#         56
  C:5CA7H         LINE#         58
  C:5CA7H         LINE#         59
  -------         ENDPROC       _DECTOBCD
  -------         PROC          _ASCII_LETTER
  D:0007H         SYMBOL        dat
  C:001EH         LINE#         61
  C:001EH         LINE#         62
  C:001EH         LINE#         64
  C:0022H         LINE#         65
  -------         ENDPROC       _ASCII_LETTER
  -------         PROC          _ASCIITOBCD
  D:0001H         SYMBOL        ascii
  -------         DO            
  D:0007H         SYMBOL        dec_val
  D:0006H         SYMBOL        ten
  D:0007H         SYMBOL        unit
  -------         ENDDO         
  C:5B3DH         LINE#         67
  C:5B3DH         LINE#         68
  C:5B3DH         LINE#         70
  C:5B40H         LINE#         71
  C:5B46H         LINE#         72
  C:5B4DH         LINE#         73
  C:5B53H         LINE#         75
  -------         ENDPROC       _ASCIITOBCD
  -------         PROC          UART1_INITTCPCONN
  C:5C91H         LINE#         77
  C:5C91H         LINE#         78
  C:5C91H         LINE#         82
  -------         ENDPROC       UART1_INITTCPCONN
  -------         PROC          _UART1_SENDTOTCPSERVER
  X:03F8H         SYMBOL        str
  C:59F4H         LINE#         85
  C:59FFH         LINE#         86
  C:59FFH         LINE#         87
  C:5A08H         LINE#         88
  C:5A0FH         LINE#         89
  -------         ENDPROC       _UART1_SENDTOTCPSERVER
  -------         ENDMOD        UART1

  -------         MODULE        ?C_STARTUP
  C:5352H         SEGMENT       ?C_C51STARTUP
  I:0022H         SEGMENT       ?STACK
  C:0000H         PUBLIC        ?C_STARTUP
  D:00E0H         SYMBOL        ACC
  D:00F0H         SYMBOL        B
  D:0083H         SYMBOL        DPH
  D:0082H         SYMBOL        DPL
  N:0000H         SYMBOL        IBPSTACK
  N:0100H         SYMBOL        IBPSTACKTOP
  N:0080H         SYMBOL        IDATALEN
  C:5355H         SYMBOL        IDATALOOP
  N:0000H         SYMBOL        PBPSTACK
  N:0100H         SYMBOL        PBPSTACKTOP
  N:0000H         SYMBOL        PDATALEN
  N:0000H         SYMBOL        PDATASTART
BL51 BANKED LINKER/LOCATER V6.22                                                      05/30/2019  16:32:13  PAGE 53


  N:0000H         SYMBOL        PPAGE
  N:0000H         SYMBOL        PPAGEENABLE
  D:00A0H         SYMBOL        PPAGE_SFR
  D:0081H         SYMBOL        SP
  C:5352H         SYMBOL        STARTUP1
  N:0000H         SYMBOL        XBPSTACK
  N:0000H         SYMBOL        XBPSTACKTOP
  N:0000H         SYMBOL        XDATALEN
  N:0000H         SYMBOL        XDATASTART
  C:0000H         LINE#         126
  C:5352H         LINE#         133
  C:5354H         LINE#         134
  C:5355H         LINE#         135
  C:5356H         LINE#         136
  C:5358H         LINE#         185
  C:535BH         LINE#         196
  -------         ENDMOD        ?C_STARTUP

  -------         MODULE        ?C?FPADD
  C:002DH         PUBLIC        ?C?FPADD
  C:0029H         PUBLIC        ?C?FPSUB
  -------         ENDMOD        ?C?FPADD

  -------         MODULE        ?C?FPMUL
  C:011EH         PUBLIC        ?C?FPMUL
  -------         ENDMOD        ?C?FPMUL

  -------         MODULE        ?C?FPDIV
  C:0227H         PUBLIC        ?C?FPDIV
  -------         ENDMOD        ?C?FPDIV

  -------         MODULE        ?C?FPCMP
  C:02C6H         PUBLIC        ?C?FPCMP
  C:02C4H         PUBLIC        ?C?FPCMP3
  -------         ENDMOD        ?C?FPCMP

  -------         MODULE        ?C?FPNEG
  C:033DH         PUBLIC        ?C?FPNEG
  -------         ENDMOD        ?C?FPNEG

  -------         MODULE        ?C?FCAST
  C:0358H         PUBLIC        ?C?FCASTC
  C:0353H         PUBLIC        ?C?FCASTI
  C:034EH         PUBLIC        ?C?FCASTL
  -------         ENDMOD        ?C?FCAST

  -------         MODULE        ?C?CASTF
  C:038CH         PUBLIC        ?C?CASTF
  -------         ENDMOD        ?C?CASTF

  -------         MODULE        PRINTF
  X:04DDH         PUBLIC        ?_PRINTF?BYTE
  X:04DDH         PUBLIC        ?_SPRINTF?BYTE
  C:2F88H         PUBLIC        _PRINTF
  C:2F82H         PUBLIC        _SPRINTF
  -------         ENDMOD        PRINTF

BL51 BANKED LINKER/LOCATER V6.22                                                      05/30/2019  16:32:13  PAGE 54


  -------         MODULE        ATAN2
  X:049FH         PUBLIC        ?_atan2?BYTE
  C:517FH         PUBLIC        _atan2
  -------         ENDMOD        ATAN2

  -------         MODULE        SIN
  C:43DFH         PUBLIC        _COS
  C:43F5H         PUBLIC        _SIN
  C:4431H         PUBLIC        _TAN
  -------         ENDMOD        SIN

  -------         MODULE        ACOS
  C:5708H         PUBLIC        _ACOS
  -------         ENDMOD        ACOS

  -------         MODULE        ASIN
  C:5816H         PUBLIC        _ASIN
  -------         ENDMOD        ASIN

  -------         MODULE        POW
  X:03BCH         PUBLIC        ?_pow?BYTE
  C:451FH         PUBLIC        _pow
  -------         ENDMOD        POW

  -------         MODULE        ?C?CHKFLOAT
  C:040DH         PUBLIC        ?C?CHKFLOAT
  -------         ENDMOD        ?C?CHKFLOAT

  -------         MODULE        ?C?FPROUND
  C:0427H         PUBLIC        ?C?FPROUND
  -------         ENDMOD        ?C?FPROUND

  -------         MODULE        ?C?FPCONVERT
  C:0464H         PUBLIC        ?C?FPCONVERT
  -------         ENDMOD        ?C?FPCONVERT

  -------         MODULE        EXP
  C:52F0H         PUBLIC        _EXP
  -------         ENDMOD        EXP

  -------         MODULE        LOG
  C:480EH         PUBLIC        _LOG
  C:480AH         PUBLIC        _LOG10
  -------         ENDMOD        LOG

  -------         MODULE        SQRT
  C:5036H         PUBLIC        _SQRT
  -------         ENDMOD        SQRT

  -------         MODULE        ATAN
  C:4923H         PUBLIC        _ATAN
  -------         ENDMOD        ATAN

  -------         MODULE        ?C?FTNPWR
  C:05E6H         PUBLIC        ?C?FTNPWR
  -------         ENDMOD        ?C?FTNPWR

BL51 BANKED LINKER/LOCATER V6.22                                                      05/30/2019  16:32:13  PAGE 55


  -------         MODULE        ?C?COPY
  C:06F6H         PUBLIC        ?C?COPY
  -------         ENDMOD        ?C?COPY

  -------         MODULE        ?C?CLDPTR
  C:071CH         PUBLIC        ?C?CLDPTR
  -------         ENDMOD        ?C?CLDPTR

  -------         MODULE        ?C?CLDOPTR
  C:0735H         PUBLIC        ?C?CLDOPTR
  -------         ENDMOD        ?C?CLDOPTR

  -------         MODULE        ?C?CSTPTR
  C:0762H         PUBLIC        ?C?CSTPTR
  -------         ENDMOD        ?C?CSTPTR

  -------         MODULE        ?C?IMUL
  C:0774H         PUBLIC        ?C?IMUL
  -------         ENDMOD        ?C?IMUL

  -------         MODULE        ?C?UIDIV
  C:0786H         PUBLIC        ?C?UIDIV
  -------         ENDMOD        ?C?UIDIV

  -------         MODULE        ?C?SIDIV
  C:07DBH         PUBLIC        ?C?SIDIV
  -------         ENDMOD        ?C?SIDIV

  -------         MODULE        ?C?ILDIX
  C:0811H         PUBLIC        ?C?ILDIX
  -------         ENDMOD        ?C?ILDIX

  -------         MODULE        ?C?ILDOPTR
  C:0827H         PUBLIC        ?C?ILDOPTR
  -------         ENDMOD        ?C?ILDOPTR

  -------         MODULE        ?C?ISTPTR
  C:085FH         PUBLIC        ?C?ISTPTR
  -------         ENDMOD        ?C?ISTPTR

  -------         MODULE        ?C?LMUL
  C:087EH         PUBLIC        ?C?LMUL
  -------         ENDMOD        ?C?LMUL

  -------         MODULE        ?C?SLDIV
  C:5752H         PUBLIC        ?C?SLDIV
  -------         ENDMOD        ?C?SLDIV

  -------         MODULE        ?C?LNEG
  C:08CDH         PUBLIC        ?C?LNEG
  -------         ENDMOD        ?C?LNEG

  -------         MODULE        ?C?ULCMP
  C:08DBH         PUBLIC        ?C?ULCMP
  -------         ENDMOD        ?C?ULCMP

  -------         MODULE        ?C?LSHL
BL51 BANKED LINKER/LOCATER V6.22                                                      05/30/2019  16:32:13  PAGE 56


  C:08ECH         PUBLIC        ?C?LSHL
  -------         ENDMOD        ?C?LSHL

  -------         MODULE        ?C?LLDPTR
  C:08FFH         PUBLIC        ?C?LLDPTR
  -------         ENDMOD        ?C?LLDPTR

  -------         MODULE        ?C?LLDOPTR
  C:091FH         PUBLIC        ?C?LLDOPTR
  -------         ENDMOD        ?C?LLDOPTR

  -------         MODULE        ?C?LSTPTR
  C:094FH         PUBLIC        ?C?LSTPTR
  -------         ENDMOD        ?C?LSTPTR

  -------         MODULE        ?C?LSTOPTR
  C:0969H         PUBLIC        ?C?LSTOPTR
  -------         ENDMOD        ?C?LSTOPTR

  -------         MODULE        ?C?LLDXDATA
  C:098DH         PUBLIC        ?C?LLDXDATA
  -------         ENDMOD        ?C?LLDXDATA

  -------         MODULE        ?C?LLDCODE
  C:0999H         PUBLIC        ?C?LLDCODE
  -------         ENDMOD        ?C?LLDCODE

  -------         MODULE        ?C?LLDXDATA0
  C:09A9H         PUBLIC        ?C?LLDXDATA0
  -------         ENDMOD        ?C?LLDXDATA0

  -------         MODULE        ?C?LLDCODE0
  C:09B5H         PUBLIC        ?C?LLDCODE0
  -------         ENDMOD        ?C?LLDCODE0

  -------         MODULE        ?C?LLDPTR0
  C:09C5H         PUBLIC        ?C?LLDPTR0
  -------         ENDMOD        ?C?LLDPTR0

  -------         MODULE        ?C?LSTXDATA
  C:09E5H         PUBLIC        ?C?LSTXDATA
  -------         ENDMOD        ?C?LSTXDATA

  -------         MODULE        ?C?LSTKXDATA
  C:09F1H         PUBLIC        ?C?LSTKXDATA
  -------         ENDMOD        ?C?LSTKXDATA

  -------         MODULE        ?C?LSTKPTR
  C:0A22H         PUBLIC        ?C?LSTKPTR
  -------         ENDMOD        ?C?LSTKPTR

  -------         MODULE        ?C?OFFXADD
  C:0A3CH         PUBLIC        ?C?OFFXADD
  -------         ENDMOD        ?C?OFFXADD

  -------         MODULE        ?C?PLDIXDATA
  C:0A48H         PUBLIC        ?C?PLDIXDATA
BL51 BANKED LINKER/LOCATER V6.22                                                      05/30/2019  16:32:13  PAGE 57


  -------         ENDMOD        ?C?PLDIXDATA

  -------         MODULE        ?C?PSTXDATA
  C:0A5FH         PUBLIC        ?C?PSTXDATA
  -------         ENDMOD        ?C?PSTXDATA

  -------         MODULE        ?C?CCASE
  C:0A68H         PUBLIC        ?C?CCASE
  -------         ENDMOD        ?C?CCASE

  -------         MODULE        PUTCHAR
  C:5984H         PUBLIC        _PUTCHAR
  -------         ENDMOD        PUTCHAR

  -------         MODULE        ATOI
  C:4D2CH         PUBLIC        _atoi
  -------         ENDMOD        ATOI

  -------         MODULE        ?C?IILDX
  C:0A8EH         PUBLIC        ?C?IILDX
  -------         ENDMOD        ?C?IILDX

  -------         MODULE        ?C?ULDIV
  C:0AE0H         PUBLIC        ?C?ULDIV
  -------         ENDMOD        ?C?ULDIV

  -------         MODULE        ?C?LLDIDATA
  C:0B72H         PUBLIC        ?C?LLDIDATA
  -------         ENDMOD        ?C?LLDIDATA

  -------         MODULE        ?C?LLDPDATA
  C:0B7EH         PUBLIC        ?C?LLDPDATA
  -------         ENDMOD        ?C?LLDPDATA

  -------         MODULE        ?C?LLDIDATA0
  C:0B8AH         PUBLIC        ?C?LLDIDATA0
  -------         ENDMOD        ?C?LLDIDATA0

  -------         MODULE        ?C?LLDPDATA0
  C:0B97H         PUBLIC        ?C?LLDPDATA0
  -------         ENDMOD        ?C?LLDPDATA0

  -------         MODULE        ?C?LSTIDATA
  C:0BA4H         PUBLIC        ?C?LSTIDATA
  -------         ENDMOD        ?C?LSTIDATA

  -------         MODULE        ?C?LSTPDATA
  C:0BB0H         PUBLIC        ?C?LSTPDATA
  -------         ENDMOD        ?C?LSTPDATA

  -------         MODULE        ?C?LSTKIDATA
  C:0BBCH         PUBLIC        ?C?LSTKIDATA
  -------         ENDMOD        ?C?LSTKIDATA

  -------         MODULE        ?C?LSTKPDATA
  C:0BD5H         PUBLIC        ?C?LSTKPDATA
  -------         ENDMOD        ?C?LSTKPDATA
BL51 BANKED LINKER/LOCATER V6.22                                                      05/30/2019  16:32:13  PAGE 58



  -------         MODULE        ISDIGIT
  C:5C36H         PUBLIC        _isdigit
  -------         ENDMOD        ISDIGIT

  -------         MODULE        ISSPACE
  C:5BD1H         PUBLIC        _isspace
  -------         ENDMOD        ISSPACE

*** WARNING L16: UNCALLED SEGMENT, IGNORED FOR OVERLAY PROCESS
    SEGMENT: ?PR?_DAY_OF_YEAR?PCF85063BTL

*** WARNING L16: UNCALLED SEGMENT, IGNORED FOR OVERLAY PROCESS
    SEGMENT: ?PR?NOP?IOEXPANDER_PI4IOE5V96248

*** WARNING L16: UNCALLED SEGMENT, IGNORED FOR OVERLAY PROCESS
    SEGMENT: ?PR?UC_ACK?IOEXPANDER_PI4IOE5V96248

*** WARNING L16: UNCALLED SEGMENT, IGNORED FOR OVERLAY PROCESS
    SEGMENT: ?PR?UC_NACK?IOEXPANDER_PI4IOE5V96248

*** WARNING L16: UNCALLED SEGMENT, IGNORED FOR OVERLAY PROCESS
    SEGMENT: ?PR?_AT25SF041_READ?AT25SF041

*** WARNING L16: UNCALLED SEGMENT, IGNORED FOR OVERLAY PROCESS
    SEGMENT: ?PR?SPI_NOR_WRITE_DATA?AT25SF041

*** WARNING L16: UNCALLED SEGMENT, IGNORED FOR OVERLAY PROCESS
    SEGMENT: ?PR?_TEN?UART1

*** WARNING L16: UNCALLED SEGMENT, IGNORED FOR OVERLAY PROCESS
    SEGMENT: ?PR?_UNIT?UART1

*** WARNING L16: UNCALLED SEGMENT, IGNORED FOR OVERLAY PROCESS
    SEGMENT: ?PR?_DECTOBCD?UART1

*** WARNING L16: UNCALLED SEGMENT, IGNORED FOR OVERLAY PROCESS
    SEGMENT: ?PR?_ASCII_LETTER?UART1

*** WARNING L16: UNCALLED SEGMENT, IGNORED FOR OVERLAY PROCESS
    SEGMENT: ?PR?_ASCIITOBCD?UART1

Program Size: data=15.4 xdata=1610 code=23720
LINK/LOCATE RUN COMPLETE.  11 WARNING(S),  0 ERROR(S)
