BL51 BANKED LINKER/LOCATER V6.22                                                        05/02/2019  15:51:13  PAGE 1


BL51 BANKED LINKER/LOCATER V6.22, INVOKED BY:
C:\KEIL_V5\C51\BIN\BL51.EXE .\Obj\main.obj, .\Obj\PCF85063BTL.obj, .\Obj\UART1.obj, .\Obj\LCd_Driver_SPLC780D.obj, .\Obj
>> \KeyPad.obj, .\Obj\BipolarMotor.obj, .\Obj\SunPos.obj, .\Obj\ADC.obj, .\Obj\Calibration.obj, .\Obj\IOExpander_PI4IOE5
>> V96248.obj, .\Obj\AT25SF041.obj, .\Obj\SI1120.obj, .\Obj\STARTUP.obj TO .\Obj\GPIO_RTC_Test PRINT (.\Lis\GPIO_RTC_Tes
>> t.m51) RAMSIZE (256)


MEMORY MODEL: LARGE WITH FLOATING POINT ARITHMETIC


INPUT MODULES INCLUDED:
  .\Obj\main.obj (MAIN)
  .\Obj\PCF85063BTL.obj (PCF85063BTL)
  .\Obj\UART1.obj (UART1)
  .\Obj\LCd_Driver_SPLC780D.obj (LCD_DRIVER_SPLC780D)
  .\Obj\KeyPad.obj (KEYPAD)
  .\Obj\BipolarMotor.obj (BIPOLARMOTOR)
  .\Obj\SunPos.obj (SUNPOS)
  .\Obj\ADC.obj (ADC)
  .\Obj\Calibration.obj (CALIBRATION)
  .\Obj\IOExpander_PI4IOE5V96248.obj (IOEXPANDER_PI4IOE5V96248)
  .\Obj\AT25SF041.obj (AT25SF041)
  .\Obj\SI1120.obj (SI1120)
  .\Obj\STARTUP.obj (?C_STARTUP)
  C:\KEIL_V5\C51\LIB\C51FPL.LIB (?C?FPADD)
  C:\KEIL_V5\C51\LIB\C51FPL.LIB (?C?FPMUL)
  C:\KEIL_V5\C51\LIB\C51FPL.LIB (?C?FPDIV)
  C:\KEIL_V5\C51\LIB\C51FPL.LIB (?C?FPCMP)
  C:\KEIL_V5\C51\LIB\C51FPL.LIB (?C?FPNEG)
  C:\KEIL_V5\C51\LIB\C51FPL.LIB (?C?FCAST)
  C:\KEIL_V5\C51\LIB\C51FPL.LIB (?C?CASTF)
  C:\KEIL_V5\C51\LIB\C51FPL.LIB (ATAN2)
  C:\KEIL_V5\C51\LIB\C51FPL.LIB (SIN)
  C:\KEIL_V5\C51\LIB\C51FPL.LIB (ACOS)
  C:\KEIL_V5\C51\LIB\C51FPL.LIB (ASIN)
  C:\KEIL_V5\C51\LIB\C51FPL.LIB (?C?FPGETOPN)
  C:\KEIL_V5\C51\LIB\C51FPL.LIB (?C?FPSERIES)
  C:\KEIL_V5\C51\LIB\C51FPL.LIB (SQRT)
  C:\KEIL_V5\C51\LIB\C51FPL.LIB (ATAN)
  C:\KEIL_V5\C51\LIB\C51L.LIB (?C_INIT)
  C:\KEIL_V5\C51\LIB\C51L.LIB (?C?COPY)
  C:\KEIL_V5\C51\LIB\C51L.LIB (?C?CLDPTR)
  C:\KEIL_V5\C51\LIB\C51L.LIB (?C?CLDOPTR)
  C:\KEIL_V5\C51\LIB\C51L.LIB (?C?CSTPTR)
  C:\KEIL_V5\C51\LIB\C51L.LIB (?C?IMUL)
  C:\KEIL_V5\C51\LIB\C51L.LIB (?C?UIDIV)
  C:\KEIL_V5\C51\LIB\C51L.LIB (?C?SIDIV)
  C:\KEIL_V5\C51\LIB\C51L.LIB (?C?ILDIX)
  C:\KEIL_V5\C51\LIB\C51L.LIB (?C?ILDOPTR)
  C:\KEIL_V5\C51\LIB\C51L.LIB (?C?ISTPTR)
  C:\KEIL_V5\C51\LIB\C51L.LIB (?C?LMUL)
  C:\KEIL_V5\C51\LIB\C51L.LIB (?C?SLDIV)
  C:\KEIL_V5\C51\LIB\C51L.LIB (?C?LNEG)
  C:\KEIL_V5\C51\LIB\C51L.LIB (?C?ULCMP)
  C:\KEIL_V5\C51\LIB\C51L.LIB (?C?LSHL)
  C:\KEIL_V5\C51\LIB\C51L.LIB (?C?LLDPTR)
  C:\KEIL_V5\C51\LIB\C51L.LIB (?C?LLDOPTR)
  C:\KEIL_V5\C51\LIB\C51L.LIB (?C?LSTPTR)
BL51 BANKED LINKER/LOCATER V6.22                                                      05/02/2019  15:51:13  PAGE 2


  C:\KEIL_V5\C51\LIB\C51L.LIB (?C?LSTOPTR)
  C:\KEIL_V5\C51\LIB\C51L.LIB (?C?LLDXDATA)
  C:\KEIL_V5\C51\LIB\C51L.LIB (?C?LLDCODE)
  C:\KEIL_V5\C51\LIB\C51L.LIB (?C?LLDXDATA0)
  C:\KEIL_V5\C51\LIB\C51L.LIB (?C?LLDCODE0)
  C:\KEIL_V5\C51\LIB\C51L.LIB (?C?LLDPTR0)
  C:\KEIL_V5\C51\LIB\C51L.LIB (?C?LSTXDATA)
  C:\KEIL_V5\C51\LIB\C51L.LIB (?C?LSTKXDATA)
  C:\KEIL_V5\C51\LIB\C51L.LIB (?C?LSTKPTR)
  C:\KEIL_V5\C51\LIB\C51L.LIB (?C?OFFXADD)
  C:\KEIL_V5\C51\LIB\C51L.LIB (ATOI)
  C:\KEIL_V5\C51\LIB\C51L.LIB (?C?IILDX)
  C:\KEIL_V5\C51\LIB\C51L.LIB (?C?ULDIV)
  C:\KEIL_V5\C51\LIB\C51L.LIB (?C?LLDIDATA)
  C:\KEIL_V5\C51\LIB\C51L.LIB (?C?LLDPDATA)
  C:\KEIL_V5\C51\LIB\C51L.LIB (?C?LLDIDATA0)
  C:\KEIL_V5\C51\LIB\C51L.LIB (?C?LLDPDATA0)
  C:\KEIL_V5\C51\LIB\C51L.LIB (?C?LSTIDATA)
  C:\KEIL_V5\C51\LIB\C51L.LIB (?C?LSTPDATA)
  C:\KEIL_V5\C51\LIB\C51L.LIB (?C?LSTKIDATA)
  C:\KEIL_V5\C51\LIB\C51L.LIB (?C?LSTKPDATA)
  C:\KEIL_V5\C51\LIB\C51L.LIB (ISDIGIT)
  C:\KEIL_V5\C51\LIB\C51L.LIB (ISSPACE)


LINK MAP OF MODULE:  .\Obj\GPIO_RTC_Test (MAIN)


            TYPE    BASE      LENGTH    RELOCATION   SEGMENT NAME
            -----------------------------------------------------

            * * * * * * *   D A T A   M E M O R Y   * * * * * * *
            REG     0000H     0008H     ABSOLUTE     "REG BANK 0"
                    0008H     0018H                  *** GAP ***
            BIT     0020H.0   0000H.3   UNIT         _BIT_GROUP_
            BIT     0020H.3   0000H.1   UNIT         ?BI?MAIN
            BIT     0020H.4   0000H.1   UNIT         ?BI?_ATOI?ATOI
                    0020H.5   0000H.3                *** GAP ***
            IDATA   0021H     0001H     UNIT         ?STACK

            * * * * * * *  X D A T A   M E M O R Y  * * * * * * *
            XDATA   0000H     03BCH     UNIT         ?XD?BIPOLARMOTOR
            XDATA   03BCH     0117H     UNIT         _XDATA_GROUP_
            XDATA   04D3H     0107H     UNIT         ?XD?MAIN
            XDATA   05DAH     0019H     UNIT         ?XD?KEYPAD
            XDATA   05F3H     0008H     UNIT         ?XD?_AT25SF041_READ?AT25SF041
            XDATA   05FBH     0005H     UNIT         ?XD?_ATOI?ATOI
            XDATA   0600H     0003H     UNIT         ?XD?_SENDSTRING?UART1
            XDATA   0603H     0001H     UNIT         ?XD?UC_ACK?IOEXPANDER_PI4IOE5V96248
            XDATA   0604H     0001H     UNIT         ?XD?UC_NACK?IOEXPANDER_PI4IOE5V96248

            * * * * * * *   C O D E   M E M O R Y   * * * * * * *
            CODE    0000H     0003H     ABSOLUTE     
            CODE    0003H     0003H     ABSOLUTE     
            CODE    0006H     0005H     UNIT         ?PR?_UNIT?UART1
            CODE    000BH     0003H     ABSOLUTE     
            CODE    000EH     000DH     UNIT         ?PR?SPI_INIT?PCF85063BTL
BL51 BANKED LINKER/LOCATER V6.22                                                      05/02/2019  15:51:13  PAGE 3


            CODE    001BH     0003H     ABSOLUTE     
            CODE    001EH     0C4AH     UNIT         ?PR?MAIN?MAIN
            CODE    0C68H     09B6H     UNIT         ?C?LIB_CODE
            CODE    161EH     07A2H     UNIT         ?PR?SUNPOS?SUNPOS
            CODE    1DC0H     0646H     UNIT         ?PR?_UPDATE_POSITION?BIPOLARMOTOR
            CODE    2406H     04FBH     UNIT         ?PR?_THEORICALJP_POSITION?BIPOLARMOTOR
            CODE    2901H     044AH     UNIT         ?PR?_FIND_REAL_MAX?CALIBRATION
            CODE    2D4BH     0414H     UNIT         ?C_INITSEG
            CODE    315FH     038CH     UNIT         ?PR?KEY_PROCESS?KEYPAD
            CODE    34EBH     0380H     UNIT         ?PR?_ELEVATION_CALCULATION?BIPOLARMOTOR
            CODE    386BH     01B3H     UNIT         ?PR?_CALIBRATION?CALIBRATION
            CODE    3A1EH     018DH     UNIT         ?PR?KEY_SCAN?KEYPAD
            CODE    3BABH     0189H     UNIT         ?PR?SPI_NOR_WRITE_DATA?AT25SF041
            CODE    3D34H     0188H     UNIT         ?PR?SIN?SIN
            CODE    3EBCH     0162H     UNIT         ?PR?_DISPLAY_POS?LCD_DRIVER_SPLC780D
            CODE    401EH     0122H     UNIT         ?PR?ATAN?ATAN
            CODE    4140H     0110H     UNIT         ?PR?_AT25SF041_READ?AT25SF041
            CODE    4250H     0102H     UNIT         ?PR?_AT25SF041_WRITE?AT25SF041
            CODE    4352H     00DBH     UNIT         ?PR?_ATOI?ATOI
            CODE    442DH     00C3H     UNIT         ?PR?LINEAR_INTERPOLATE?BIPOLARMOTOR
            CODE    44F0H     00BBH     UNIT         ?PR?VOLTAGE_IS_STABLE?CALIBRATION
            CODE    45ABH     00ADH     UNIT         ?PR?_WRITE_PI4IOE5V96248?IOEXPANDER_PI4IOE5V96248
            CODE    4658H     00ACH     UNIT         ?PR?SQRT?SQRT
            CODE    4704H     00A1H     UNIT         ?PR?UCREAD_STATUS_REGISTER_BYTE1?AT25SF041
            CODE    47A5H     009DH     UNIT         ?PR?_ATAN2?ATAN2
            CODE    4842H     009CH     UNIT         ?PR?_MAX_VALUE?CALIBRATION
            CODE    48DEH     008CH     UNIT         ?C_C51STARTUP
            CODE    496AH     0088H     UNIT         ?PR?_DAY_OF_YEAR?PCF85063BTL
            CODE    49F2H     0085H     UNIT         ?PR?EXINT0?MAIN
            CODE    4A77H     0079H     UNIT         ?PR?_WRITEDATA?LCD_DRIVER_SPLC780D
            CODE    4AF0H     0072H     UNIT         ?PR?AT25SF041_WRITEENABLE?AT25SF041
            CODE    4B62H     006FH     UNIT         ?PR?_READ_TIME?PCF85063BTL
            CODE    4BD1H     005AH     UNIT         ?PR?AT25SF041_CHIPERASE?AT25SF041
            CODE    4C2BH     0059H     UNIT         ?PR?LCD_INIT?LCD_DRIVER_SPLC780D
            CODE    4C84H     004AH     UNIT         ?PR?VONESTEPMOVE?BIPOLARMOTOR
            CODE    4CCEH     004AH     UNIT         ?PR?ACOS?ACOS
            CODE    4D18H     0044H     UNIT         ?C?LDIV
            CODE    4D5CH     0040H     UNIT         ?PR?_COMMAND?LCD_DRIVER_SPLC780D
            CODE    4D9CH     0040H     UNIT         ?PR?_STEP_MOVE?BIPOLARMOTOR
            CODE    4DDCH     003BH     UNIT         ?PR?ASIN?ASIN
            CODE    4E17H     0033H     UNIT         ?PR?_SENDSTRING?UART1
            CODE    4E4AH     0031H     UNIT         ?PR?SI1120_CONFIG_MODE_VIRH?SI1120
            CODE    4E7BH     002CH     UNIT         ?PR?_ADC_GETRESULT?ADC
            CODE    4EA7H     002BH     UNIT         ?PR?_WAIT_MS_I2C?IOEXPANDER_PI4IOE5V96248
            CODE    4ED2H     002BH     UNIT         ?PR?_WAIT_MS_SPINOR?AT25SF041
            CODE    4EFDH     0028H     UNIT         ?PR?_MOVE?BIPOLARMOTOR
            CODE    4F25H     0027H     UNIT         ?PR?_I2C_SENDBYTE?IOEXPANDER_PI4IOE5V96248
            CODE    4F4CH     0025H     UNIT         ?PR?_FINDCLOSESTSAMEDAYCALIBTIME?CALIBRATION
            CODE    4F71H     0024H     UNIT         ?PR?_WAIT_MS?LCD_DRIVER_SPLC780D
            CODE    4F95H     0021H     UNIT         ?PR?TM0_ISR?MAIN
            CODE    4FB6H     0020H     UNIT         ?PR?_SPI_SENDBYTE?PCF85063BTL
            CODE    4FD6H     0020H     UNIT         ?PR?SPI_RECEIVEBYTE?PCF85063BTL
            CODE    4FF6H     001FH     UNIT         ?PR?ADC_INIT?ADC
            CODE    5015H     001EH     UNIT         ?PR?_DELAY_MS?KEYPAD
            CODE    5033H     001DH     UNIT         ?PR?_DISPLAYLCD?LCD_DRIVER_SPLC780D
            CODE    5050H     001BH     UNIT         ?PR?_BCDTODEC1?BIPOLARMOTOR
            CODE    506BH     0018H     UNIT         ?PR?_SPI_WRITETIME?PCF85063BTL
BL51 BANKED LINKER/LOCATER V6.22                                                      05/02/2019  15:51:13  PAGE 4


            CODE    5083H     0017H     UNIT         ?PR?_ASCIITOBCD?UART1
            CODE    509AH     0016H     UNIT         ?PR?I2C_ACK?IOEXPANDER_PI4IOE5V96248
            CODE    50B0H     0015H     UNIT         ?PR?_DISPLAY_LINE?LCD_DRIVER_SPLC780D
            CODE    50C5H     0015H     UNIT         ?PR?VSETLOCATION?BIPOLARMOTOR
            CODE    50DAH     0015H     UNIT         ?PR?I2C_STOP?IOEXPANDER_PI4IOE5V96248
            CODE    50EFH     0014H     UNIT         ?PR?_PCF85063BTL_DELAY?PCF85063BTL
            CODE    5103H     0014H     UNIT         ?PR?_ABS?LCD_DRIVER_SPLC780D
            CODE    5117H     0014H     UNIT         ?PR?_ISSPACE?ISSPACE
            CODE    512BH     0011H     UNIT         ?PR?_SPI_READTIME?PCF85063BTL
            CODE    513CH     0011H     UNIT         ?PR?_BCDTODEC?PCF85063BTL
            CODE    514DH     0011H     UNIT         ?PR?INITUART1?UART1
            CODE    515EH     000FH     UNIT         ?PR?I2C_START?IOEXPANDER_PI4IOE5V96248
            CODE    516DH     000FH     UNIT         ?PR?UC_NACK?IOEXPANDER_PI4IOE5V96248
            CODE    517CH     000FH     UNIT         ?PR?_ISDIGIT?ISDIGIT
            CODE    518BH     000DH     UNIT         ?PR?ENABLE_EXTINT0?SI1120
            CODE    5198H     000CH     UNIT         ?PR?KEYPAD_IO_INIT?KEYPAD
            CODE    51A4H     000AH     UNIT         ?PR?LCD_RETURN_HOME?LCD_DRIVER_SPLC780D
            CODE    51AEH     000AH     UNIT         ?PR?LCD_CLEAR?LCD_DRIVER_SPLC780D
            CODE    51B8H     0009H     UNIT         ?PR?TM1_ISR?MAIN
            CODE    51C1H     0006H     UNIT         ?PR?_TEN?UART1
            CODE    51C7H     0006H     UNIT         ?PR?UC_ACK?IOEXPANDER_PI4IOE5V96248
            CODE    51CDH     0005H     UNIT         ?PR?_ASCII_LETTER?UART1
            CODE    51D2H     0001H     UNIT         ?PR?_DECTOBCD?UART1
            CODE    51D3H     0001H     UNIT         ?PR?WAIT?BIPOLARMOTOR
            CODE    51D4H     0001H     UNIT         ?PR?NOP?IOEXPANDER_PI4IOE5V96248



OVERLAY MAP OF MODULE:   .\Obj\GPIO_RTC_Test (MAIN)


SEGMENT                                             BIT_GROUP          XDATA_GROUP
  +--> CALLED SEGMENT                            START    LENGTH     START    LENGTH
------------------------------------------------------------------------------------
?C_C51STARTUP                                    -----    -----      -----    -----
  +--> ?PR?MAIN?MAIN
  +--> ?C_INITSEG

?PR?MAIN?MAIN                                    -----    -----      03BCH    002CH
  +--> ?PR?LCD_INIT?LCD_DRIVER_SPLC780D
  +--> ?PR?SPI_INIT?PCF85063BTL
  +--> ?PR?KEYPAD_IO_INIT?KEYPAD
  +--> ?PR?ADC_INIT?ADC
  +--> ?PR?SI1120_CONFIG_MODE_VIRH?SI1120
  +--> ?PR?ENABLE_EXTINT0?SI1120
  +--> ?PR?VSETLOCATION?BIPOLARMOTOR
  +--> ?PR?_SPI_WRITETIME?PCF85063BTL
  +--> ?PR?_DELAY_MS?KEYPAD
  +--> ?PR?_DISPLAY_LINE?LCD_DRIVER_SPLC780D
  +--> ?PR?_WRITEDATA?LCD_DRIVER_SPLC780D
  +--> ?PR?KEY_PROCESS?KEYPAD
  +--> ?PR?_COMMAND?LCD_DRIVER_SPLC780D
  +--> ?PR?_DISPLAY_POS?LCD_DRIVER_SPLC780D
  +--> ?PR?_DISPLAYLCD?LCD_DRIVER_SPLC780D
  +--> ?PR?_STEP_MOVE?BIPOLARMOTOR
  +--> ?PR?LCD_RETURN_HOME?LCD_DRIVER_SPLC780D
  +--> ?PR?_READ_TIME?PCF85063BTL
BL51 BANKED LINKER/LOCATER V6.22                                                      05/02/2019  15:51:13  PAGE 5


  +--> ?PR?_ADC_GETRESULT?ADC
  +--> ?PR?_BCDTODEC1?BIPOLARMOTOR
  +--> ?PR?_ELEVATION_CALCULATION?BIPOLARMOTOR
  +--> ?PR?SIN?SIN
  +--> ?PR?_CALIBRATION?CALIBRATION
  +--> ?PR?AT25SF041_WRITEENABLE?AT25SF041
  +--> ?PR?_AT25SF041_WRITE?AT25SF041
  +--> ?PR?_WAIT_MS_SPINOR?AT25SF041
  +--> ?PR?_UPDATE_POSITION?BIPOLARMOTOR
  +--> ?PR?SPI_NOR_WRITE_DATA?AT25SF041
  +--> ?PR?LINEAR_INTERPOLATE?BIPOLARMOTOR
  +--> ?PR?_FINDCLOSESTSAMEDAYCALIBTIME?CALI...
  +--> ?PR?LCD_CLEAR?LCD_DRIVER_SPLC780D
  +--> ?PR?AT25SF041_CHIPERASE?AT25SF041

?PR?LCD_INIT?LCD_DRIVER_SPLC780D                 -----    -----      -----    -----
  +--> ?PR?_WAIT_MS?LCD_DRIVER_SPLC780D
  +--> ?PR?_COMMAND?LCD_DRIVER_SPLC780D

?PR?_COMMAND?LCD_DRIVER_SPLC780D                 -----    -----      -----    -----
  +--> ?PR?_WAIT_MS?LCD_DRIVER_SPLC780D

?PR?ADC_INIT?ADC                                 -----    -----      -----    -----
  +--> ?PR?_WAIT_MS?LCD_DRIVER_SPLC780D

?PR?SI1120_CONFIG_MODE_VIRH?SI1120               -----    -----      -----    -----
  +--> ?PR?_WAIT_MS?LCD_DRIVER_SPLC780D

?PR?_SPI_WRITETIME?PCF85063BTL                   -----    -----      -----    -----
  +--> ?PR?_SPI_SENDBYTE?PCF85063BTL

?PR?_SPI_SENDBYTE?PCF85063BTL                    -----    -----      -----    -----
  +--> ?PR?_PCF85063BTL_DELAY?PCF85063BTL

?PR?_DISPLAY_LINE?LCD_DRIVER_SPLC780D            -----    -----      -----    -----
  +--> ?PR?_COMMAND?LCD_DRIVER_SPLC780D

?PR?_WRITEDATA?LCD_DRIVER_SPLC780D               -----    -----      04D1H    0001H
  +--> ?PR?_WAIT_MS?LCD_DRIVER_SPLC780D

?PR?KEY_PROCESS?KEYPAD                           -----    -----      03E8H    0006H
  +--> ?PR?KEY_SCAN?KEYPAD
  +--> ?PR?_SPI_WRITETIME?PCF85063BTL
  +--> ?PR?LCD_CLEAR?LCD_DRIVER_SPLC780D
  +--> ?PR?_COMMAND?LCD_DRIVER_SPLC780D
  +--> ?PR?_WRITEDATA?LCD_DRIVER_SPLC780D

?PR?KEY_SCAN?KEYPAD                              -----    -----      03EEH    0003H

?PR?LCD_CLEAR?LCD_DRIVER_SPLC780D                -----    -----      -----    -----
  +--> ?PR?_COMMAND?LCD_DRIVER_SPLC780D

?PR?_DISPLAY_POS?LCD_DRIVER_SPLC780D             -----    -----      04C7H    000AH
  +--> ?PR?_ABS?LCD_DRIVER_SPLC780D
  +--> ?PR?_WRITEDATA?LCD_DRIVER_SPLC780D

?PR?_DISPLAYLCD?LCD_DRIVER_SPLC780D              -----    -----      03E8H    0001H
BL51 BANKED LINKER/LOCATER V6.22                                                      05/02/2019  15:51:13  PAGE 6


  +--> ?PR?_WRITEDATA?LCD_DRIVER_SPLC780D

?PR?_STEP_MOVE?BIPOLARMOTOR                      0020H.1  0000H.1    04CBH    0004H
  +--> ?PR?VONESTEPMOVE?BIPOLARMOTOR

?PR?VONESTEPMOVE?BIPOLARMOTOR                    0020H.2  0000H.1    -----    -----
  +--> ?PR?_WRITE_PI4IOE5V96248?IOEXPANDER_P...
  +--> ?PR?_DELAY_MS?KEYPAD

?PR?_WRITE_PI4IOE5V96248?IOEXPANDER_P...         -----    -----      04CFH    0003H
  +--> ?PR?I2C_START?IOEXPANDER_PI4IOE5V96248
  +--> ?PR?_WAIT_MS_I2C?IOEXPANDER_PI4IOE5V9...
  +--> ?PR?_I2C_SENDBYTE?IOEXPANDER_PI4IOE5V...
  +--> ?PR?I2C_ACK?IOEXPANDER_PI4IOE5V96248
  +--> ?PR?I2C_STOP?IOEXPANDER_PI4IOE5V96248

?PR?I2C_START?IOEXPANDER_PI4IOE5V96248           -----    -----      -----    -----
  +--> ?PR?_WAIT_MS_I2C?IOEXPANDER_PI4IOE5V9...

?PR?_I2C_SENDBYTE?IOEXPANDER_PI4IOE5V...         -----    -----      -----    -----
  +--> ?PR?_WAIT_MS_I2C?IOEXPANDER_PI4IOE5V9...

?PR?I2C_ACK?IOEXPANDER_PI4IOE5V96248             -----    -----      04D2H    0001H
  +--> ?PR?_WAIT_MS_I2C?IOEXPANDER_PI4IOE5V9...

?PR?I2C_STOP?IOEXPANDER_PI4IOE5V96248            -----    -----      -----    -----
  +--> ?PR?_WAIT_MS_I2C?IOEXPANDER_PI4IOE5V9...

?PR?LCD_RETURN_HOME?LCD_DRIVER_SPLC780D          -----    -----      -----    -----
  +--> ?PR?_COMMAND?LCD_DRIVER_SPLC780D

?PR?_READ_TIME?PCF85063BTL                       -----    -----      03E8H    000FH
  +--> ?PR?_SPI_READTIME?PCF85063BTL

?PR?_SPI_READTIME?PCF85063BTL                    -----    -----      -----    -----
  +--> ?PR?_SPI_SENDBYTE?PCF85063BTL
  +--> ?PR?SPI_RECEIVEBYTE?PCF85063BTL

?PR?SPI_RECEIVEBYTE?PCF85063BTL                  -----    -----      -----    -----
  +--> ?PR?_PCF85063BTL_DELAY?PCF85063BTL

?PR?_ELEVATION_CALCULATION?BIPOLARMOTOR          -----    -----      03E8H    0005H
  +--> ?PR?_BCDTODEC1?BIPOLARMOTOR
  +--> ?PR?SUNPOS?SUNPOS
  +--> ?PR?SIN?SIN
  +--> ?PR?ASIN?ASIN

?PR?SUNPOS?SUNPOS                                -----    -----      043AH    005DH
  +--> ?PR?SIN?SIN
  +--> ?PR?_ATAN2?ATAN2
  +--> ?PR?ASIN?ASIN
  +--> ?PR?ACOS?ACOS

?PR?SIN?SIN                                      0020H.0  0000H.1    0497H    0004H

?PR?_ATAN2?ATAN2                                 -----    -----      0497H    0008H
  +--> ?PR?ATAN?ATAN
BL51 BANKED LINKER/LOCATER V6.22                                                      05/02/2019  15:51:13  PAGE 7



?PR?ATAN?ATAN                                    0020H.0  0000H.2    049FH    0004H

?PR?ASIN?ASIN                                    -----    -----      -----    -----
  +--> ?PR?SQRT?SQRT
  +--> ?PR?ATAN?ATAN

?PR?SQRT?SQRT                                    -----    -----      0497H    0004H

?PR?ACOS?ACOS                                    -----    -----      -----    -----
  +--> ?PR?SQRT?SQRT
  +--> ?PR?ATAN?ATAN

?PR?_CALIBRATION?CALIBRATION                     -----    -----      03E8H    0024H
  +--> ?PR?VOLTAGE_IS_STABLE?CALIBRATION
  +--> ?PR?_UPDATE_POSITION?BIPOLARMOTOR
  +--> ?PR?_FIND_REAL_MAX?CALIBRATION

?PR?VOLTAGE_IS_STABLE?CALIBRATION                -----    -----      040CH    0018H
  +--> ?PR?_ADC_GETRESULT?ADC
  +--> ?PR?_ABS?LCD_DRIVER_SPLC780D

?PR?_UPDATE_POSITION?BIPOLARMOTOR                -----    -----      040CH    002EH
  +--> ?PR?_BCDTODEC1?BIPOLARMOTOR
  +--> ?PR?SUNPOS?SUNPOS
  +--> ?PR?SIN?SIN
  +--> ?PR?ASIN?ASIN
  +--> ?PR?_THEORICALJP_POSITION?BIPOLARMOTOR
  +--> ?PR?_ABS?LCD_DRIVER_SPLC780D
  +--> ?PR?_MOVE?BIPOLARMOTOR

?PR?_THEORICALJP_POSITION?BIPOLARMOTOR           -----    -----      043AH    005CH
  +--> ?PR?LINEAR_INTERPOLATE?BIPOLARMOTOR

?PR?LINEAR_INTERPOLATE?BIPOLARMOTOR              -----    -----      0496H    0014H

?PR?_MOVE?BIPOLARMOTOR                           0020H.0  0000H.1    04C7H    0004H
  +--> ?PR?_STEP_MOVE?BIPOLARMOTOR

?PR?_FIND_REAL_MAX?CALIBRATION                   -----    -----      040CH    00BBH
  +--> ?PR?_ADC_GETRESULT?ADC
  +--> ?PR?_WAIT_MS?LCD_DRIVER_SPLC780D
  +--> ?PR?AT25SF041_WRITEENABLE?AT25SF041
  +--> ?PR?_AT25SF041_WRITE?AT25SF041
  +--> ?PR?_WAIT_MS_SPINOR?AT25SF041
  +--> ?PR?_COMMAND?LCD_DRIVER_SPLC780D
  +--> ?PR?_WRITEDATA?LCD_DRIVER_SPLC780D
  +--> ?PR?_DISPLAY_POS?LCD_DRIVER_SPLC780D
  +--> ?PR?_MOVE?BIPOLARMOTOR
  +--> ?PR?_MAX_VALUE?CALIBRATION

?PR?AT25SF041_WRITEENABLE?AT25SF041              -----    -----      04C7H    0002H
  +--> ?PR?_WAIT_MS_SPINOR?AT25SF041
  +--> ?PR?UCREAD_STATUS_REGISTER_BYTE1?AT25...

?PR?UCREAD_STATUS_REGISTER_BYTE1?AT25...         -----    -----      04CFH    0003H
  +--> ?PR?_WAIT_MS_SPINOR?AT25SF041
BL51 BANKED LINKER/LOCATER V6.22                                                      05/02/2019  15:51:13  PAGE 8



?PR?_AT25SF041_WRITE?AT25SF041                   -----    -----      04C7H    0008H
  +--> ?PR?_WAIT_MS_SPINOR?AT25SF041
  +--> ?PR?UCREAD_STATUS_REGISTER_BYTE1?AT25...

?PR?_MAX_VALUE?CALIBRATION                       -----    -----      04C7H    0004H

?PR?SPI_NOR_WRITE_DATA?AT25SF041                 -----    -----      03E8H    000EH
  +--> ?PR?AT25SF041_WRITEENABLE?AT25SF041
  +--> ?PR?_AT25SF041_WRITE?AT25SF041
  +--> ?PR?_WAIT_MS_SPINOR?AT25SF041

?PR?AT25SF041_CHIPERASE?AT25SF041                -----    -----      03E8H    0002H
  +--> ?PR?_WAIT_MS_SPINOR?AT25SF041
  +--> ?PR?UCREAD_STATUS_REGISTER_BYTE1?AT25...



UNRESOLVED EXTERNAL SYMBOLS:
   _SENDUART1



SYMBOL TABLE OF MODULE:  .\Obj\GPIO_RTC_Test (MAIN)

  VALUE           TYPE          NAME
  ----------------------------------

  -------         MODULE        MAIN
  C:0000H         SYMBOL        _ICE_DUMMY_
  X:04DBH         PUBLIC        calib_value
  D:0080H         PUBLIC        P0
  D:00B2H         PUBLIC        P3M0
  D:0090H         PUBLIC        P1
  D:00B1H         PUBLIC        P3M1
  D:00A0H         PUBLIC        P2
  D:00B0H         PUBLIC        P3
  D:00C0H         PUBLIC        P4
  D:00C8H         PUBLIC        P5
  X:052FH         SYMBOL        PressedKey
  B:00A8H.7       PUBLIC        EA
  D:00E8H         PUBLIC        P6
  X:0533H         PUBLIC        calib_stamp
  D:00F8H         PUBLIC        P7
  X:0534H         PUBLIC        calib_bool
  X:055EH         PUBLIC        RX_Data_Uart_Cnt
  D:00A8H         PUBLIC        IE
  X:0560H         PUBLIC        calib_time
  D:00B8H         PUBLIC        IP
  B:00B0H.2       PUBLIC        INT0
  X:05B4H         PUBLIC        months
  D:00D8H         PUBLIC        CCON
  C:001EH         PUBLIC        main
  X:05B5H         PUBLIC        count
  X:05B7H         PUBLIC        days
  X:05B8H         PUBLIC        hours
  D:0098H         PUBLIC        SCON
BL51 BANKED LINKER/LOCATER V6.22                                                      05/02/2019  15:51:13  PAGE 9


  D:0089H         PUBLIC        TMOD
  D:0088H         PUBLIC        TCON
  B:00A0H.3       PUBLIC        P23
  X:05B9H         SYMBOL        KeyCount
  X:05BBH         PUBLIC        mins
  X:05BCH         PUBLIC        Rec_data_hour
  B:00C8H.5       PUBLIC        P55
  X:05BFH         PUBLIC        Rec_data_min
  D:008EH         PUBLIC        AUXR
  C:4F95H         PUBLIC        tm0_isr
  B:0090H.5       PUBLIC        SI1120_STX
  C:51B8H         PUBLIC        tm1_isr
  B:0020H.3       PUBLIC        busy
  B:00A8H.1       PUBLIC        ET0
  B:00A8H.3       PUBLIC        ET1
  X:05C2H         PUBLIC        SPI_NOR_INTERNAL_FLASH_ADDR
  D:008CH         PUBLIC        TH0
  X:05C6H         PUBLIC        hour_count
  D:008DH         PUBLIC        TH1
  D:008AH         PUBLIC        TL0
  D:008BH         PUBLIC        TL1
  X:05C7H         PUBLIC        min_count
  B:0088H.4       PUBLIC        TR0
  B:0088H.6       PUBLIC        TR1
  C:49F2H         PUBLIC        exint0
  X:05C8H         SYMBOL        KeyNum
  X:05C9H         SYMBOL        KeyNum_Old
  X:05CAH         PUBLIC        timer0_count
  X:05CCH         PUBLIC        current_position
  X:05D0H         PUBLIC        hours1
  X:05D1H         PUBLIC        hours2
  X:05D2H         PUBLIC        pwm_time
  X:05D4H         PUBLIC        mins1
  X:05D5H         PUBLIC        mins2
  X:05D6H         PUBLIC        start_timer0_count
  X:05D7H         PUBLIC        seconds
  X:05D8H         PUBLIC        st_time
  D:00D0H         PUBLIC        PSW
  -------         PROC          TM0_ISR
  C:4F95H         LINE#         91
  C:4F9BH         LINE#         95
  C:4F9EH         LINE#         96
  C:4FA1H         LINE#         97
  C:4FAFH         LINE#         98
  -------         ENDPROC       TM0_ISR
  -------         PROC          TM1_ISR
  C:51B8H         LINE#         99
  C:51B8H         LINE#         101
  C:51BAH         LINE#         103
  C:51BDH         LINE#         104
  C:51C0H         LINE#         105
  -------         ENDPROC       TM1_ISR
  -------         PROC          EXINT0
  C:49F2H         LINE#         106
  C:4A09H         LINE#         110
  C:4A0CH         LINE#         111
  C:4A0CH         LINE#         112
BL51 BANKED LINKER/LOCATER V6.22                                                      05/02/2019  15:51:13  PAGE 10


  C:4A0FH         LINE#         113
  C:4A12H         LINE#         114
  C:4A14H         LINE#         115
  C:4A16H         LINE#         119
  C:4A18H         LINE#         122
  C:4A18H         LINE#         123
  C:4A1AH         LINE#         124
  C:4A40H         LINE#         125
  C:4A5BH         LINE#         126
  C:4A62H         LINE#         129
  C:4A62H         LINE#         131
  -------         ENDPROC       EXINT0
  -------         PROC          MAIN
  -------         DO            
  X:03BCH         SYMBOL        sunlight_ADC
  X:04D3H         SYMBOL        KeyCount
  X:04D5H         SYMBOL        KeyNum_Old
  X:04D6H         SYMBOL        KeyNum
  X:04D7H         SYMBOL        PressedKey
  X:03BEH         SYMBOL        prox_flag
  X:03BFH         SYMBOL        iUse_prevday_calib_value
  X:03C1H         SYMBOL        max_ADC_Val_JP
  X:03C3H         SYMBOL        max_ADC_Val
  X:03C5H         SYMBOL        calib_point1
  X:03CDH         SYMBOL        calib_point2
  X:03D5H         SYMBOL        dat_to_store
  X:03E0H         SYMBOL        calib_day
  X:03E2H         SYMBOL        calib_count
  X:03E4H         SYMBOL        theorical_JP_max_pos
  D:0004H         SYMBOL        elevation
  -------         ENDDO         
  C:001EH         LINE#         133
  C:001EH         LINE#         134
  C:001EH         LINE#         139
  C:0024H         LINE#         140
  C:0029H         LINE#         142
  C:0031H         LINE#         146
  C:0037H         LINE#         147
  C:0041H         LINE#         154
  C:0049H         LINE#         155
  C:0050H         LINE#         156
  C:0056H         LINE#         158
  C:005CH         LINE#         167
  C:005EH         LINE#         168
  C:0061H         LINE#         169
  C:0064H         LINE#         170
  C:0067H         LINE#         171
  C:006AH         LINE#         172
  C:006DH         LINE#         175
  C:0070H         LINE#         178
  C:0073H         LINE#         179
  C:0076H         LINE#         181
  C:0079H         LINE#         183
  C:007CH         LINE#         184
  C:007FH         LINE#         185
  C:0082H         LINE#         186
  C:0085H         LINE#         187
BL51 BANKED LINKER/LOCATER V6.22                                                      05/02/2019  15:51:13  PAGE 11


  C:0088H         LINE#         188
  C:008BH         LINE#         189
  C:008DH         LINE#         190
  C:008FH         LINE#         192
  C:0091H         LINE#         193
  C:0098H         LINE#         194
  C:009FH         LINE#         195
  C:00A6H         LINE#         196
  C:00ADH         LINE#         200
  C:00B4H         LINE#         201
  C:00B9H         LINE#         202
  C:00BEH         LINE#         203
  C:00C3H         LINE#         204
  C:00C8H         LINE#         205
  C:00CDH         LINE#         208
  C:00E6H         LINE#         209
  C:00E6H         LINE#         210
  C:0102H         LINE#         211
  C:0149H         LINE#         212
  C:015AH         LINE#         215
  C:015AH         LINE#         216
  C:015AH         LINE#         217
  C:015DH         LINE#         221
  C:015DH         LINE#         224
  C:0162H         LINE#         225
  C:0167H         LINE#         227
  C:016CH         LINE#         228
  C:0171H         LINE#         229
  C:0176H         LINE#         230
  C:017BH         LINE#         232
  C:018AH         LINE#         233
  C:018FH         LINE#         234
  C:0194H         LINE#         236
  C:019BH         LINE#         237
  C:01A3H         LINE#         238
  C:01A8H         LINE#         239
  C:01B0H         LINE#         240
  C:01B5H         LINE#         241
  C:01BFH         LINE#         242
  C:01C4H         LINE#         243
  C:01CCH         LINE#         245
  C:01D4H         LINE#         246
  C:01D9H         LINE#         247
  C:01E3H         LINE#         248
  C:01E3H         LINE#         249
  C:01E5H         LINE#         250
  C:01E7H         LINE#         251
  C:01F1H         LINE#         252
  C:01F1H         LINE#         253
  C:01F6H         LINE#         254
  C:01F6H         LINE#         266
  C:020AH         LINE#         267
  C:020AH         LINE#         268
  C:021FH         LINE#         269
  C:022EH         LINE#         270
  C:022EH         LINE#         271
  C:0241H         LINE#         272
BL51 BANKED LINKER/LOCATER V6.22                                                      05/02/2019  15:51:13  PAGE 12


  C:0243H         LINE#         274
  C:0243H         LINE#         275
  C:025FH         LINE#         276
  C:025FH         LINE#         277
  C:0264H         LINE#         278
  C:0264H         LINE#         279
  C:0278H         LINE#         280
  C:0278H         LINE#         283
  C:028DH         LINE#         284
  C:029CH         LINE#         285
  C:029CH         LINE#         286
  C:02AFH         LINE#         287
  C:02B1H         LINE#         289
  C:02B1H         LINE#         290
  C:02CDH         LINE#         291
  C:02CDH         LINE#         292
  C:02D2H         LINE#         293
  C:02D8H         LINE#         294
  C:02D8H         LINE#         296
  C:02FAH         LINE#         297
  C:02FAH         LINE#         298
  C:0304H         LINE#         299
  C:030AH         LINE#         300
  C:0311H         LINE#         301
  C:0317H         LINE#         302
  C:031EH         LINE#         303
  C:031EH         LINE#         304
  C:0321H         LINE#         306
  C:0321H         LINE#         307
  C:0327H         LINE#         308
  C:032FH         LINE#         309
  C:0335H         LINE#         310
  C:033DH         LINE#         311
  C:0378H         LINE#         315
  C:0385H         LINE#         316
  C:0385H         LINE#         318
  C:0392H         LINE#         319
  C:03C5H         LINE#         320
  C:03C5H         LINE#         321
  C:03E8H         LINE#         322
  C:03E8H         LINE#         323
  C:040AH         LINE#         324
  C:040AH         LINE#         326
  C:042AH         LINE#         328
  C:0463H         LINE#         329
  C:0463H         LINE#         330
  C:04DFH         LINE#         331
  C:04F8H         LINE#         332
  C:0582H         LINE#         333
  C:0585H         LINE#         335
  C:0585H         LINE#         337
  C:058CH         LINE#         338
  C:058CH         LINE#         339
  C:058FH         LINE#         340
  C:05ADH         LINE#         341
  C:05B4H         LINE#         342
  C:05D3H         LINE#         343
BL51 BANKED LINKER/LOCATER V6.22                                                      05/02/2019  15:51:13  PAGE 13


  C:05F2H         LINE#         345
  C:066EH         LINE#         346
  C:0686H         LINE#         348
  C:06DEH         LINE#         349
  C:06F2H         LINE#         350
  C:06FFH         LINE#         351
  C:070EH         LINE#         352
  C:070EH         LINE#         354
  C:0716H         LINE#         355
  C:071EH         LINE#         356
  C:0726H         LINE#         357
  C:072EH         LINE#         359
  C:0742H         LINE#         360
  C:0758H         LINE#         361
  C:0788H         LINE#         362
  C:079CH         LINE#         364
  C:07B0H         LINE#         365
  C:07C6H         LINE#         366
  C:07F6H         LINE#         367
  C:07FDH         LINE#         369
  C:0821H         LINE#         372
  C:0823H         LINE#         374
  C:0831H         LINE#         375
  C:0831H         LINE#         376
  C:0839H         LINE#         378
  C:0839H         LINE#         381
  C:0839H         LINE#         382
  C:0846H         LINE#         383
  C:0846H         LINE#         384
  C:0868H         LINE#         385
  C:0868H         LINE#         386
  C:08E4H         LINE#         387
  C:0939H         LINE#         388
  C:0939H         LINE#         390
  C:093CH         LINE#         394
  C:093CH         LINE#         397
  C:095EH         LINE#         398
  C:095EH         LINE#         399
  C:09DAH         LINE#         401
  C:0A07H         LINE#         402
  C:0A22H         LINE#         403
  C:0A4FH         LINE#         404
  C:0A82H         LINE#         405
  C:0A82H         LINE#         406
  C:0AACH         LINE#         407
  C:0B45H         LINE#         408
  C:0B47H         LINE#         410
  C:0B47H         LINE#         411
  C:0BAAH         LINE#         412
  C:0BAAH         LINE#         416
  C:0BAAH         LINE#         418
  C:0BAAH         LINE#         419
  C:0BAAH         LINE#         421
  C:0BAAH         LINE#         424
  C:0BC6H         LINE#         425
  C:0BCAH         LINE#         427
  C:0BCCH         LINE#         430
BL51 BANKED LINKER/LOCATER V6.22                                                      05/02/2019  15:51:13  PAGE 14


  C:0BDBH         LINE#         431
  C:0BDBH         LINE#         432
  C:0BDEH         LINE#         433
  C:0BE5H         LINE#         434
  C:0BEAH         LINE#         435
  C:0BEFH         LINE#         436
  C:0BF4H         LINE#         437
  C:0BF9H         LINE#         438
  C:0BFEH         LINE#         439
  C:0C03H         LINE#         440
  C:0C08H         LINE#         441
  C:0C0DH         LINE#         442
  C:0C12H         LINE#         443
  C:0C17H         LINE#         444
  C:0C1CH         LINE#         445
  C:0C21H         LINE#         448
  C:0C24H         LINE#         450
  C:0C27H         LINE#         451
  C:0C2EH         LINE#         452
  C:0C38H         LINE#         453
  C:0C3FH         LINE#         455
  C:0C42H         LINE#         456
  C:0C47H         LINE#         457
  C:0C4CH         LINE#         458
  C:0C51H         LINE#         459
  C:0C56H         LINE#         460
  C:0C5BH         LINE#         461
  C:0C60H         LINE#         462
  C:0C65H         LINE#         464
  C:0C65H         LINE#         465
  -------         ENDPROC       MAIN
  -------         ENDMOD        MAIN

  -------         MODULE        PCF85063BTL
  C:0000H         SYMBOL        _ICE_DUMMY_
  D:0096H         PUBLIC        P2M0
  D:0080H         PUBLIC        P0
  D:0095H         PUBLIC        P2M1
  D:0090H         PUBLIC        P1
  D:00A0H         PUBLIC        P2
  D:00B0H         PUBLIC        P3
  D:00C0H         PUBLIC        P4
  D:00C8H         PUBLIC        P5
  D:00E8H         PUBLIC        P6
  B:00A0H.1       PUBLIC        PCF85063BTL_SDI
  D:00F8H         PUBLIC        P7
  B:00A0H.2       PUBLIC        PCF85063BTL_SCK
  B:00A0H.1       PUBLIC        PCF85063BTL_SDO
  D:00A8H         PUBLIC        IE
  C:4B62H         PUBLIC        _Read_time
  C:50F5H         PUBLIC        _PCF85063BTL_Delay
  D:00B8H         PUBLIC        IP
  D:00D8H         PUBLIC        CCON
  C:496AH         PUBLIC        _Day_Of_Year
  C:4FD6H         PUBLIC        SPI_ReceiveByte
  D:0098H         PUBLIC        SCON
  D:0088H         PUBLIC        TCON
BL51 BANKED LINKER/LOCATER V6.22                                                      05/02/2019  15:51:13  PAGE 15


  C:513CH         PUBLIC        _BCDtoDec
  B:00A0H.0       PUBLIC        PCF85063BTL_CS
  C:512BH         PUBLIC        _SPI_ReadTime
  C:000EH         PUBLIC        SPI_Init
  C:506BH         PUBLIC        _SPI_WriteTime
  C:4FB6H         PUBLIC        _SPI_SendByte
  D:00D0H         PUBLIC        PSW
  C:50F1H         SYMBOL        L?0048
  -------         PROC          L?0047
  -------         ENDPROC       L?0047
  C:50F1H         SYMBOL        L?0048
  -------         PROC          _PCF85063BTL_DELAY
  D:0006H         SYMBOL        us
  C:50F5H         LINE#         8
  C:50F5H         LINE#         9
  C:50F5H         LINE#         10
  C:50FFH         LINE#         11
  C:50FFH         LINE#         12
  C:5100H         LINE#         13
  C:5102H         LINE#         14
  -------         ENDPROC       _PCF85063BTL_DELAY
  -------         PROC          _SPI_SENDBYTE
  D:0005H         SYMBOL        dat
  -------         DO            
  D:0003H         SYMBOL        i
  -------         ENDDO         
  C:4FB6H         LINE#         17
  C:4FB8H         LINE#         18
  C:4FB8H         LINE#         20
  C:4FBAH         LINE#         21
  C:4FBAH         LINE#         22
  C:4FBCH         LINE#         23
  C:4FC0H         LINE#         24
  C:4FC0H         LINE#         25
  C:4FC2H         LINE#         26
  C:4FC4H         LINE#         28
  C:4FC4H         LINE#         29
  C:4FC6H         LINE#         30
  C:4FC6H         LINE#         31
  C:4FC9H         LINE#         32
  C:4FC9H         LINE#         33
  C:4FCCH         LINE#         34
  C:4FD0H         LINE#         35
  C:4FD5H         LINE#         36
  -------         ENDPROC       _SPI_SENDBYTE
  -------         PROC          SPI_RECEIVEBYTE
  -------         DO            
  D:0003H         SYMBOL        i
  D:0005H         SYMBOL        dat
  -------         ENDDO         
  C:4FD6H         LINE#         39
  C:4FD6H         LINE#         40
  C:4FD6H         LINE#         42
  C:4FD8H         LINE#         44
  C:4FDAH         LINE#         45
  C:4FDBH         LINE#         46
  C:4FDBH         LINE#         47
BL51 BANKED LINKER/LOCATER V6.22                                                      05/02/2019  15:51:13  PAGE 16


  C:4FDFH         LINE#         48
  C:4FE1H         LINE#         49
  C:4FE4H         LINE#         51
  C:4FE7H         LINE#         52
  C:4FE7H         LINE#         53
  C:4FEBH         LINE#         54
  C:4FEBH         LINE#         55
  C:4FEBH         LINE#         56
  C:4FEEH         LINE#         57
  C:4FF3H         LINE#         58
  C:4FF5H         LINE#         59
  -------         ENDPROC       SPI_RECEIVEBYTE
  -------         PROC          _SPI_READTIME
  D:0007H         SYMBOL        addr
  -------         DO            
  D:0006H         SYMBOL        dat
  -------         ENDDO         
  C:512BH         LINE#         61
  C:512BH         LINE#         62
  C:512BH         LINE#         64
  C:512DH         LINE#         65
  C:512FH         LINE#         66
  C:5136H         LINE#         67
  C:5139H         LINE#         68
  C:513BH         LINE#         69
  C:513BH         LINE#         70
  -------         ENDPROC       _SPI_READTIME
  -------         PROC          _SPI_WRITETIME
  D:0002H         SYMBOL        val
  D:0005H         SYMBOL        addr
  C:506BH         LINE#         71
  C:506DH         LINE#         72
  C:506DH         LINE#         74
  C:506FH         LINE#         75
  C:5076H         LINE#         76
  C:507BH         LINE#         77
  C:5080H         LINE#         78
  C:5082H         LINE#         79
  -------         ENDPROC       _SPI_WRITETIME
  -------         PROC          SPI_INIT
  C:000EH         LINE#         83
  C:000EH         LINE#         84
  C:000EH         LINE#         89
  C:0011H         LINE#         90
  C:0014H         LINE#         91
  C:0016H         LINE#         92
  C:0018H         LINE#         93
  C:001AH         LINE#         94
  -------         ENDPROC       SPI_INIT
  -------         PROC          _READ_TIME
  X:03E8H         SYMBOL        months
  X:03EBH         SYMBOL        days
  X:03EEH         SYMBOL        hours
  X:03F1H         SYMBOL        mins
  X:03F4H         SYMBOL        seconds
  C:4B62H         LINE#         96
  C:4B6DH         LINE#         97
BL51 BANKED LINKER/LOCATER V6.22                                                      05/02/2019  15:51:13  PAGE 17


  C:4B6DH         LINE#         99
  C:4B81H         LINE#         101
  C:4B95H         LINE#         103
  C:4BA9H         LINE#         108
  C:4BBDH         LINE#         113
  -------         ENDPROC       _READ_TIME
  -------         PROC          _BCDTODEC
  D:0007H         SYMBOL        bcd
  -------         DO            
  D:0006H         SYMBOL        hi
  D:0007H         SYMBOL        lo
  -------         ENDDO         
  C:513CH         LINE#         119
  C:513CH         LINE#         120
  C:513CH         LINE#         122
  C:5141H         LINE#         123
  C:5145H         LINE#         124
  C:514CH         LINE#         125
  -------         ENDPROC       _BCDTODEC
  -------         PROC          _DAY_OF_YEAR
  D:0007H         SYMBOL        months_bcd
  D:0005H         SYMBOL        days_bcd
  -------         DO            
  D:0004H         SYMBOL        months
  D:0007H         SYMBOL        days
  -------         ENDDO         
  C:496AH         LINE#         126
  C:496AH         LINE#         127
  C:496AH         LINE#         130
  C:496FH         LINE#         132
  C:4974H         LINE#         134
  C:49ADH         LINE#         135
  C:49ADH         LINE#         136
  C:49ADH         LINE#         137
  C:49B0H         LINE#         138
  C:49B0H         LINE#         139
  C:49B0H         LINE#         140
  C:49B5H         LINE#         141
  C:49B5H         LINE#         142
  C:49B5H         LINE#         143
  C:49BAH         LINE#         144
  C:49BAH         LINE#         145
  C:49BAH         LINE#         146
  C:49BFH         LINE#         147
  C:49BFH         LINE#         148
  C:49BFH         LINE#         149
  C:49C4H         LINE#         150
  C:49C4H         LINE#         151
  C:49C4H         LINE#         152
  C:49C9H         LINE#         153
  C:49C9H         LINE#         154
  C:49C9H         LINE#         155
  C:49CEH         LINE#         156
  C:49CEH         LINE#         157
  C:49CEH         LINE#         158
  C:49D3H         LINE#         159
  C:49D3H         LINE#         160
BL51 BANKED LINKER/LOCATER V6.22                                                      05/02/2019  15:51:13  PAGE 18


  C:49D3H         LINE#         161
  C:49DBH         LINE#         162
  C:49DBH         LINE#         163
  C:49DBH         LINE#         164
  C:49E0H         LINE#         165
  C:49E0H         LINE#         166
  C:49E0H         LINE#         167
  C:49E5H         LINE#         168
  C:49E5H         LINE#         169
  C:49E5H         LINE#         170
  C:49EEH         LINE#         171
  C:49EEH         LINE#         172
  C:49EEH         LINE#         173
  C:49F1H         LINE#         174
  C:49F1H         LINE#         175
  -------         ENDPROC       _DAY_OF_YEAR
  -------         ENDMOD        PCF85063BTL

  -------         MODULE        UART1
  C:0000H         SYMBOL        _ICE_DUMMY_
  D:0080H         PUBLIC        P0
  D:0090H         PUBLIC        P1
  D:00A0H         PUBLIC        P2
  D:00B0H         PUBLIC        P3
  D:00C0H         PUBLIC        P4
  D:00C8H         PUBLIC        P5
  B:00A8H.7       PUBLIC        EA
  D:00E8H         PUBLIC        P6
  D:00F8H         PUBLIC        P7
  C:4E17H         PUBLIC        _SendString
  D:00A8H         PUBLIC        IE
  B:00A8H.4       PUBLIC        ES
  D:00B8H         PUBLIC        IP
  C:5083H         PUBLIC        _ASCIItoBCD
  D:00D8H         PUBLIC        CCON
  C:514DH         PUBLIC        initUART1
  D:0098H         PUBLIC        SCON
  D:0088H         PUBLIC        TCON
  C:51D2H         PUBLIC        _DectoBCD
  C:51CDH         PUBLIC        _ASCII_Letter
  D:008EH         PUBLIC        AUXR
  C:0006H         PUBLIC        _unit
  C:51C1H         PUBLIC        _ten
  D:00D6H         PUBLIC        T2H
  D:00D7H         PUBLIC        T2L
  D:00D0H         PUBLIC        PSW
  -------         PROC          INITUART1
  C:514DH         LINE#         21
  C:514DH         LINE#         22
  C:514DH         LINE#         23
  C:5150H         LINE#         24
  C:5153H         LINE#         25
  C:5156H         LINE#         26
  C:5159H         LINE#         27
  C:515BH         LINE#         28
  C:515DH         LINE#         30
  -------         ENDPROC       INITUART1
BL51 BANKED LINKER/LOCATER V6.22                                                      05/02/2019  15:51:13  PAGE 19


  -------         PROC          _SENDSTRING
  X:0600H         SYMBOL        s
  C:4E17H         LINE#         35
  C:4E22H         LINE#         36
  C:4E22H         LINE#         37
  C:4E32H         LINE#         38
  C:4E32H         LINE#         39
  C:4E47H         LINE#         40
  C:4E49H         LINE#         41
  -------         ENDPROC       _SENDSTRING
  -------         PROC          _TEN
  D:0007H         SYMBOL        BCD
  C:51C1H         LINE#         43
  C:51C1H         LINE#         44
  C:51C1H         LINE#         45
  C:51C6H         LINE#         46
  -------         ENDPROC       _TEN
  -------         PROC          _UNIT
  D:0007H         SYMBOL        BCD
  C:0006H         LINE#         47
  C:0006H         LINE#         48
  C:0006H         LINE#         52
  C:000AH         LINE#         53
  -------         ENDPROC       _UNIT
  -------         PROC          _DECTOBCD
  D:0007H         SYMBOL        dec
  C:51D2H         LINE#         54
  C:51D2H         LINE#         55
  C:51D2H         LINE#         57
  C:51D2H         LINE#         58
  -------         ENDPROC       _DECTOBCD
  -------         PROC          _ASCII_LETTER
  D:0007H         SYMBOL        dat
  C:51CDH         LINE#         60
  C:51CDH         LINE#         61
  C:51CDH         LINE#         63
  C:51D1H         LINE#         64
  -------         ENDPROC       _ASCII_LETTER
  -------         PROC          _ASCIITOBCD
  D:0001H         SYMBOL        ascii
  -------         DO            
  D:0007H         SYMBOL        dec_val
  D:0006H         SYMBOL        ten
  D:0007H         SYMBOL        unit
  -------         ENDDO         
  C:5083H         LINE#         66
  C:5083H         LINE#         67
  C:5083H         LINE#         69
  C:5086H         LINE#         70
  C:508CH         LINE#         71
  C:5093H         LINE#         72
  C:5099H         LINE#         74
  -------         ENDPROC       _ASCIITOBCD
  -------         ENDMOD        UART1

  -------         MODULE        LCD_DRIVER_SPLC780D
  C:0000H         SYMBOL        _ICE_DUMMY_
BL51 BANKED LINKER/LOCATER V6.22                                                      05/02/2019  15:51:13  PAGE 20


  D:0092H         PUBLIC        P1M0
  D:0091H         PUBLIC        P1M1
  D:0080H         PUBLIC        P0
  D:0090H         PUBLIC        P1
  D:00A0H         PUBLIC        P2
  D:00B0H         PUBLIC        P3
  D:00C0H         PUBLIC        P4
  D:00C8H         PUBLIC        P5
  D:00E8H         PUBLIC        P6
  D:00F8H         PUBLIC        P7
  C:4A7BH         PUBLIC        _WriteData
  D:00A8H         PUBLIC        IE
  D:00B8H         PUBLIC        IP
  D:00D8H         PUBLIC        CCON
  B:00B0H.4       PUBLIC        LCD_D4
  B:00B0H.5       PUBLIC        LCD_D5
  B:00B0H.6       PUBLIC        LCD_D6
  C:5033H         PUBLIC        _DisplayLCD
  B:00B0H.7       PUBLIC        LCD_D7
  D:0098H         PUBLIC        SCON
  D:0088H         PUBLIC        TCON
  C:5103H         PUBLIC        _abs
  C:51AEH         PUBLIC        LCD_clear
  C:4D5CH         PUBLIC        _Command
  C:50B0H         PUBLIC        _Display_Line
  C:4C2BH         PUBLIC        LCD_Init
  C:4F77H         PUBLIC        _Wait_ms
  B:00C0H.0       PUBLIC        LCD_RS
  B:0090H.3       PUBLIC        LCD_RW
  C:51A4H         PUBLIC        LCD_return_home
  C:3EBCH         PUBLIC        _Display_Pos
  B:00B0H.3       PUBLIC        LCD_E
  D:00D0H         PUBLIC        PSW
  -------         PROC          LCD_INIT
  C:4C2BH         LINE#         9
  C:4C2BH         LINE#         10
  C:4C2BH         LINE#         11
  C:4C2EH         LINE#         12
  C:4C31H         LINE#         14
  C:4C37H         LINE#         15
  C:4C3CH         LINE#         17
  C:4C43H         LINE#         18
  C:4C48H         LINE#         20
  C:4C4BH         LINE#         21
  C:4C50H         LINE#         23
  C:4C53H         LINE#         24
  C:4C58H         LINE#         26
  C:4C5FH         LINE#         29
  C:4C64H         LINE#         30
  C:4C69H         LINE#         32
  C:4C6EH         LINE#         33
  C:4C73H         LINE#         35
  C:4C78H         LINE#         36
  C:4C7DH         LINE#         37
  -------         ENDPROC       LCD_INIT
  C:4A77H         SYMBOL        L?0040
  -------         PROC          L?0039
BL51 BANKED LINKER/LOCATER V6.22                                                      05/02/2019  15:51:13  PAGE 21


  -------         ENDPROC       L?0039
  C:4A77H         SYMBOL        L?0040
  -------         PROC          _WRITEDATA
  X:04D1H         SYMBOL        dat
  C:4A7BH         LINE#         40
  C:4A80H         LINE#         41
  C:4A80H         LINE#         46
  C:4A82H         LINE#         47
  C:4A84H         LINE#         49
  C:4A92H         LINE#         50
  C:4A9EH         LINE#         51
  C:4AAAH         LINE#         52
  C:4AB4H         LINE#         53
  C:4AB6H         LINE#         54
  C:4ABDH         LINE#         55
  C:4ABFH         LINE#         57
  C:4ACFH         LINE#         58
  C:4ADAH         LINE#         59
  C:4AE4H         LINE#         60
  C:4AE8H         LINE#         62
  C:4AE8H         LINE#         63
  C:4AEBH         LINE#         64
  C:4AEDH         LINE#         65
  C:4AEFH         LINE#         67
  -------         ENDPROC       _WRITEDATA
  -------         PROC          _COMMAND
  D:0007H         SYMBOL        dat
  C:4D5CH         LINE#         69
  C:4D5CH         LINE#         70
  C:4D5CH         LINE#         71
  C:4D5EH         LINE#         72
  C:4D60H         LINE#         74
  C:4D6AH         LINE#         75
  C:4D6EH         LINE#         77
  C:4D70H         LINE#         78
  C:4D79H         LINE#         79
  C:4D7DH         LINE#         81
  C:4D7FH         LINE#         82
  C:4D86H         LINE#         83
  C:4D8AH         LINE#         85
  C:4D8CH         LINE#         86
  C:4D90H         LINE#         87
  C:4D94H         LINE#         89
  C:4D96H         LINE#         90
  C:4D96H         LINE#         91
  C:4D99H         LINE#         92
  C:4D9BH         LINE#         93
  -------         ENDPROC       _COMMAND
  C:4F73H         SYMBOL        L?0038
  -------         PROC          L?0037
  -------         ENDPROC       L?0037
  C:4F73H         SYMBOL        L?0038
  -------         PROC          _WAIT_MS
  D:0006H         SYMBOL        ms
  -------         DO            
  D:0004H         SYMBOL        De_Cnt
  -------         ENDDO         
BL51 BANKED LINKER/LOCATER V6.22                                                      05/02/2019  15:51:13  PAGE 22


  C:4F77H         LINE#         95
  C:4F77H         LINE#         96
  C:4F77H         LINE#         98
  C:4F81H         LINE#         99
  C:4F81H         LINE#         100
  C:4F94H         LINE#         101
  C:4F94H         LINE#         102
  -------         ENDPROC       _WAIT_MS
  -------         PROC          _DISPLAYLCD
  D:0007H         SYMBOL        BCD
  -------         DO            
  D:0006H         SYMBOL        first_digit
  X:03E8H         SYMBOL        second_digit
  -------         ENDDO         
  C:5033H         LINE#         103
  C:5033H         LINE#         104
  C:5033H         LINE#         106
  C:503AH         LINE#         107
  C:5043H         LINE#         109
  C:5048H         LINE#         111
  -------         ENDPROC       _DISPLAYLCD
  -------         PROC          LCD_RETURN_HOME
  C:51A4H         LINE#         115
  C:51A4H         LINE#         116
  C:51A4H         LINE#         117
  C:51A9H         LINE#         118
  -------         ENDPROC       LCD_RETURN_HOME
  -------         PROC          LCD_CLEAR
  C:51AEH         LINE#         121
  C:51AEH         LINE#         122
  C:51AEH         LINE#         123
  C:51B3H         LINE#         124
  -------         ENDPROC       LCD_CLEAR
  -------         PROC          _DISPLAY_LINE
  D:0006H         SYMBOL        line
  C:50B0H         LINE#         128
  C:50B0H         LINE#         129
  C:50B0H         LINE#         130
  C:50B6H         LINE#         131
  C:50B6H         LINE#         132
  C:50B8H         LINE#         133
  C:50B8H         LINE#         134
  C:50BAH         LINE#         136
  C:50BAH         LINE#         137
  C:50BFH         LINE#         138
  C:50C4H         LINE#         139
  C:50C4H         LINE#         140
  -------         ENDPROC       _DISPLAY_LINE
  -------         PROC          _DISPLAY_POS
  X:04C7H         SYMBOL        sign_dat
  -------         DO            
  X:04CBH         SYMBOL        unit
  X:04CCH         SYMBOL        ten
  X:04CDH         SYMBOL        hundred
  D:0003H         SYMBOL        thousand
  X:04CEH         SYMBOL        after_dot
  X:04CFH         SYMBOL        dat
BL51 BANKED LINKER/LOCATER V6.22                                                      05/02/2019  15:51:13  PAGE 23


  -------         ENDDO         
  C:3EBCH         LINE#         142
  C:3EC2H         LINE#         143
  C:3EC2H         LINE#         147
  C:3EDEH         LINE#         148
  C:3EF8H         LINE#         149
  C:3F1CH         LINE#         151
  C:3F66H         LINE#         153
  C:3F7DH         LINE#         154
  C:3F8AH         LINE#         155
  C:3FACH         LINE#         156
  C:3FE1H         LINE#         157
  C:3FF9H         LINE#         158
  C:3FF9H         LINE#         160
  C:3FF9H         LINE#         161
  C:3FF9H         LINE#         162
  C:3FF9H         LINE#         163
  C:3FF9H         LINE#         164
  C:3FF9H         LINE#         168
  C:3FFBH         LINE#         170
  C:3FFBH         LINE#         172
  C:4000H         LINE#         173
  C:4006H         LINE#         174
  C:400CH         LINE#         175
  C:4012H         LINE#         176
  C:4017H         LINE#         177
  C:401DH         LINE#         181
  C:401DH         LINE#         183
  -------         ENDPROC       _DISPLAY_POS
  -------         PROC          _ABS
  D:0006H         SYMBOL        dat
  C:5103H         LINE#         185
  C:5103H         LINE#         186
  C:5103H         LINE#         187
  C:510EH         LINE#         188
  C:510FH         LINE#         190
  C:5116H         LINE#         191
  -------         ENDPROC       _ABS
  -------         ENDMOD        LCD_DRIVER_SPLC780D

  -------         MODULE        KEYPAD
  C:0000H         SYMBOL        _ICE_DUMMY_
  D:0093H         PUBLIC        P0M1
  D:0080H         PUBLIC        P0
  D:0090H         PUBLIC        P1
  D:00A0H         PUBLIC        P2
  D:00B0H         PUBLIC        P3
  D:00C0H         PUBLIC        P4
  D:00C8H         PUBLIC        P5
  D:00E8H         PUBLIC        P6
  D:00F8H         PUBLIC        P7
  D:00A8H         PUBLIC        IE
  C:3A1EH         PUBLIC        Key_Scan
  D:00B8H         PUBLIC        IP
  D:00D8H         PUBLIC        CCON
  C:5198H         PUBLIC        KeyPad_IO_Init
  C:5015H         PUBLIC        _Delay_ms
BL51 BANKED LINKER/LOCATER V6.22                                                      05/02/2019  15:51:13  PAGE 24


  D:0098H         PUBLIC        SCON
  D:0088H         PUBLIC        TCON
  X:05E9H         PUBLIC        small_move
  X:05EBH         PUBLIC        move
  X:05EDH         PUBLIC        auto_mode
  X:05EFH         PUBLIC        direction
  X:05F1H         PUBLIC        SPI_NOR_ClearEnable
  C:315FH         PUBLIC        Key_Process
  D:00D0H         PUBLIC        PSW
  D:0094H         PUBLIC        P0M0
  -------         PROC          _DELAY_MS
  D:0006H         SYMBOL        ms
  -------         DO            
  D:0004H         SYMBOL        De_Cnt
  -------         ENDDO         
  C:5015H         LINE#         20
  C:5015H         LINE#         21
  C:5015H         LINE#         23
  C:501FH         LINE#         24
  C:501FH         LINE#         25
  C:5032H         LINE#         26
  C:5032H         LINE#         27
  -------         ENDPROC       _DELAY_MS
  -------         PROC          KEY_SCAN
  -------         DO            
  X:03EEH         SYMBOL        KeyTemp1
  X:03EFH         SYMBOL        KeyTemp2
  X:03F0H         SYMBOL        KeyValue
  -------         ENDDO         
  C:3A1EH         LINE#         28
  C:3A1EH         LINE#         29
  C:3A1EH         LINE#         34
  C:3A21H         LINE#         37
  C:3A24H         LINE#         39
  C:3A2CH         LINE#         40
  C:3A33H         LINE#         41
  C:3A33H         LINE#         43
  C:3A38H         LINE#         44
  C:3A3FH         LINE#         45
  C:3A3FH         LINE#         48
  C:3A42H         LINE#         49
  C:3A45H         LINE#         50
  C:3A4AH         LINE#         51
  C:3A4EH         LINE#         52
  C:3A4EH         LINE#         53
  C:3A56H         LINE#         54
  C:3A56H         LINE#         55
  C:3A59H         LINE#         56
  C:3A61H         LINE#         57
  C:3A63H         LINE#         59
  C:3A77H         LINE#         60
  C:3A77H         LINE#         61
  C:3A77H         LINE#         62
  C:3A77H         LINE#         63
  C:3A7DH         LINE#         65
  C:3A7FH         LINE#         66
  C:3A7FH         LINE#         67
BL51 BANKED LINKER/LOCATER V6.22                                                      05/02/2019  15:51:13  PAGE 25


  C:3A7FH         LINE#         68
  C:3A85H         LINE#         70
  C:3A87H         LINE#         71
  C:3A87H         LINE#         72
  C:3A87H         LINE#         73
  C:3A8DH         LINE#         75
  C:3A8FH         LINE#         76
  C:3A8FH         LINE#         77
  C:3A8FH         LINE#         78
  C:3A95H         LINE#         80
  C:3A95H         LINE#         81
  C:3A95H         LINE#         82
  C:3A95H         LINE#         85
  C:3A98H         LINE#         86
  C:3A9BH         LINE#         87
  C:3AA3H         LINE#         88
  C:3AA7H         LINE#         89
  C:3AA7H         LINE#         90
  C:3AAFH         LINE#         91
  C:3AAFH         LINE#         92
  C:3AB2H         LINE#         93
  C:3ABAH         LINE#         94
  C:3ABCH         LINE#         95
  C:3AD0H         LINE#         96
  C:3AD0H         LINE#         97
  C:3AD0H         LINE#         98
  C:3AD0H         LINE#         99
  C:3AD6H         LINE#         101
  C:3AD8H         LINE#         102
  C:3AD8H         LINE#         103
  C:3AD8H         LINE#         104
  C:3ADEH         LINE#         106
  C:3AE0H         LINE#         107
  C:3AE0H         LINE#         108
  C:3AE0H         LINE#         109
  C:3AE6H         LINE#         111
  C:3AE8H         LINE#         112
  C:3AE8H         LINE#         113
  C:3AE8H         LINE#         114
  C:3AEDH         LINE#         116
  C:3AEDH         LINE#         117
  C:3AEDH         LINE#         118
  C:3AEDH         LINE#         121
  C:3AF0H         LINE#         122
  C:3AF3H         LINE#         123
  C:3AFBH         LINE#         124
  C:3AFFH         LINE#         125
  C:3AFFH         LINE#         126
  C:3B07H         LINE#         127
  C:3B07H         LINE#         128
  C:3B0AH         LINE#         129
  C:3B12H         LINE#         130
  C:3B14H         LINE#         131
  C:3B28H         LINE#         132
  C:3B28H         LINE#         133
  C:3B28H         LINE#         134
  C:3B28H         LINE#         135
BL51 BANKED LINKER/LOCATER V6.22                                                      05/02/2019  15:51:13  PAGE 26


  C:3B2EH         LINE#         137
  C:3B30H         LINE#         138
  C:3B30H         LINE#         139
  C:3B30H         LINE#         140
  C:3B36H         LINE#         142
  C:3B38H         LINE#         143
  C:3B38H         LINE#         144
  C:3B38H         LINE#         145
  C:3B3EH         LINE#         147
  C:3B40H         LINE#         148
  C:3B40H         LINE#         149
  C:3B40H         LINE#         150
  C:3B46H         LINE#         152
  C:3B46H         LINE#         153
  C:3B46H         LINE#         154
  C:3B46H         LINE#         158
  C:3B49H         LINE#         159
  C:3B4CH         LINE#         160
  C:3B54H         LINE#         161
  C:3B58H         LINE#         162
  C:3B58H         LINE#         163
  C:3B60H         LINE#         164
  C:3B60H         LINE#         165
  C:3B63H         LINE#         166
  C:3B6BH         LINE#         167
  C:3B6DH         LINE#         168
  C:3B81H         LINE#         169
  C:3B81H         LINE#         170
  C:3B81H         LINE#         171
  C:3B81H         LINE#         172
  C:3B87H         LINE#         174
  C:3B89H         LINE#         175
  C:3B89H         LINE#         176
  C:3B89H         LINE#         177
  C:3B8FH         LINE#         179
  C:3B91H         LINE#         180
  C:3B91H         LINE#         181
  C:3B91H         LINE#         182
  C:3B97H         LINE#         184
  C:3B99H         LINE#         185
  C:3B99H         LINE#         186
  C:3B99H         LINE#         187
  C:3B9FH         LINE#         189
  C:3B9FH         LINE#         190
  C:3B9FH         LINE#         191
  C:3B9FH         LINE#         193
  C:3BA5H         LINE#         194
  C:3BA5H         LINE#         196
  C:3BA5H         LINE#         197
  C:3BA8H         LINE#         198
  C:3BA8H         LINE#         199
  C:3BA8H         LINE#         201
  C:3BA8H         LINE#         202
  C:3BAAH         LINE#         203
  C:3BAAH         LINE#         204
  -------         ENDPROC       KEY_SCAN
  -------         PROC          KEY_PROCESS
BL51 BANKED LINKER/LOCATER V6.22                                                      05/02/2019  15:51:13  PAGE 27


  -------         DO            
  X:05DAH         SYMBOL        KeyCount
  X:05DBH         SYMBOL        KeyNum_Old
  X:05DDH         SYMBOL        KeyNum
  X:05DFH         SYMBOL        PressedKey
  X:03E8H         SYMBOL        d
  D:0002H         SYMBOL        hours
  D:0006H         SYMBOL        mins
  X:03EAH         SYMBOL        months
  X:03ECH         SYMBOL        days
  -------         ENDDO         
  C:315FH         LINE#         205
  C:315FH         LINE#         206
  C:315FH         LINE#         210
  C:316EH         LINE#         211
  C:317BH         LINE#         213
  C:317FH         LINE#         214
  C:317FH         LINE#         215
  C:3185H         LINE#         217
  C:3185H         LINE#         218
  C:319CH         LINE#         219
  C:319CH         LINE#         220
  C:31A6H         LINE#         221
  C:31ACH         LINE#         223
  C:31B2H         LINE#         225
  C:31B2H         LINE#         226
  C:31C9H         LINE#         227
  C:31C9H         LINE#         228
  C:31CEH         LINE#         230
  C:31CEH         LINE#         231
  C:31DEH         LINE#         232
  C:31DEH         LINE#         233
  C:31E4H         LINE#         235
  C:31E4H         LINE#         236
  C:31F6H         LINE#         237
  C:31F6H         LINE#         238
  C:3200H         LINE#         239
  C:3208H         LINE#         241
  C:3211H         LINE#         243
  C:3211H         LINE#         252
  C:3230H         LINE#         253
  C:3230H         LINE#         254
  C:324FH         LINE#         255
  C:3255H         LINE#         256
  C:325DH         LINE#         257
  C:325DH         LINE#         259
  C:325EH         LINE#         265
  C:326AH         LINE#         266
  C:326AH         LINE#         267
  C:3287H         LINE#         268
  C:329EH         LINE#         269
  C:32B5H         LINE#         270
  C:32B5H         LINE#         271
  C:32C8H         LINE#         272
  C:32DBH         LINE#         273
  C:32DBH         LINE#         274
  C:32DBH         LINE#         275
BL51 BANKED LINKER/LOCATER V6.22                                                      05/02/2019  15:51:13  PAGE 28


  C:32DEH         LINE#         280
  C:32EDH         LINE#         281
  C:32EDH         LINE#         282
  C:3310H         LINE#         283
  C:332DH         LINE#         284
  C:3336H         LINE#         285
  C:3336H         LINE#         286
  C:333DH         LINE#         287
  C:333DH         LINE#         288
  C:334EH         LINE#         289
  C:334EH         LINE#         290
  C:335DH         LINE#         291
  C:335DH         LINE#         292
  C:335DH         LINE#         293
  C:3360H         LINE#         295
  C:3360H         LINE#         296
  C:336CH         LINE#         297
  C:336CH         LINE#         298
  C:337EH         LINE#         299
  C:337EH         LINE#         300
  C:338EH         LINE#         301
  C:338EH         LINE#         302
  C:338EH         LINE#         304
  C:3390H         LINE#         306
  C:3390H         LINE#         307
  C:339FH         LINE#         308
  C:339FH         LINE#         309
  C:33AFH         LINE#         310
  C:33AFH         LINE#         311
  C:33AFH         LINE#         313
  C:33AFH         LINE#         315
  C:33AFH         LINE#         316
  C:33B1H         LINE#         318
  C:33B1H         LINE#         319
  C:33B8H         LINE#         320
  C:33B8H         LINE#         321
  C:33C7H         LINE#         322
  C:33C7H         LINE#         323
  C:33D7H         LINE#         324
  C:33D7H         LINE#         325
  C:33D7H         LINE#         326
  C:33D9H         LINE#         328
  C:33D9H         LINE#         329
  C:33E8H         LINE#         330
  C:33E8H         LINE#         331
  C:33FBH         LINE#         332
  C:340EH         LINE#         333
  C:340EH         LINE#         334
  C:340EH         LINE#         335
  C:340EH         LINE#         336
  C:3417H         LINE#         338
  C:3417H         LINE#         340
  C:3451H         LINE#         341
  C:3451H         LINE#         342
  C:3458H         LINE#         343
  C:3458H         LINE#         344
  C:3462H         LINE#         345
BL51 BANKED LINKER/LOCATER V6.22                                                      05/02/2019  15:51:13  PAGE 29


  C:3462H         LINE#         346
  C:3465H         LINE#         347
  C:346AH         LINE#         348
  C:346FH         LINE#         349
  C:3474H         LINE#         350
  C:3479H         LINE#         351
  C:347EH         LINE#         352
  C:3483H         LINE#         353
  C:3488H         LINE#         354
  C:3488H         LINE#         355
  C:3488H         LINE#         357
  C:34A6H         LINE#         358
  C:34A6H         LINE#         359
  C:34ADH         LINE#         360
  C:34ADH         LINE#         361
  C:34B2H         LINE#         362
  C:34BBH         LINE#         363
  C:34DAH         LINE#         364
  C:34DAH         LINE#         365
  C:34EAH         LINE#         367
  C:34EAH         LINE#         371
  -------         ENDPROC       KEY_PROCESS
  -------         PROC          KEYPAD_IO_INIT
  C:5198H         LINE#         374
  C:5198H         LINE#         375
  C:5198H         LINE#         376
  C:519BH         LINE#         377
  C:519EH         LINE#         378
  C:51A1H         LINE#         379
  C:51A3H         LINE#         380
  -------         ENDPROC       KEYPAD_IO_INIT
  -------         ENDMOD        KEYPAD

  -------         MODULE        BIPOLARMOTOR
  C:0000H         SYMBOL        _ICE_DUMMY_
  X:0000H         PUBLIC        UTC_time
  D:0080H         PUBLIC        P0
  D:0090H         PUBLIC        P1
  X:0004H         PUBLIC        RX_pos_test
  D:00A0H         PUBLIC        P2
  D:00B0H         PUBLIC        P3
  D:00C0H         PUBLIC        P4
  D:00C8H         PUBLIC        P5
  D:00E8H         PUBLIC        P6
  D:00F8H         PUBLIC        P7
  X:00A4H         PUBLIC        low_date_azimuth_mapping
  D:00A8H         PUBLIC        IE
  C:4450H         PUBLIC        linear_interpolate
  X:00CCH         PUBLIC        declination
  C:4EFDH         PUBLIC        _Move
  D:00B8H         PUBLIC        IP
  X:00D0H         PUBLIC        time_offset
  D:00D8H         PUBLIC        CCON
  X:00D4H         PUBLIC        previous_move_time
  X:00D5H         PUBLIC        time
  D:0098H         PUBLIC        SCON
  D:0088H         PUBLIC        TCON
BL51 BANKED LINKER/LOCATER V6.22                                                      05/02/2019  15:51:13  PAGE 30


  C:51D3H         PUBLIC        wait
  C:4D9CH         PUBLIC        _Step_move
  X:00E7H         PUBLIC        dat
  X:00EDH         PUBLIC        current_local_sun_time
  C:1DC0H         PUBLIC        _Update_position
  C:34EBH         PUBLIC        _elevation_calculation
  X:00F1H         PUBLIC        sunCoord
  C:4C84H         PUBLIC        vOneStepMove
  X:00F4H         PUBLIC        elevation_stamp
  X:0130H         PUBLIC        date_azimuth_mapping
  X:0158H         PUBLIC        location
  X:0160H         PUBLIC        RX_pos
  C:50C5H         PUBLIC        vSetLocation
  C:505AH         PUBLIC        _BCDtoDec1
  X:03B8H         PUBLIC        degree
  C:2406H         PUBLIC        _TheoricalJP_Position
  D:00D0H         PUBLIC        PSW
  -------         PROC          VSETLOCATION
  C:50C5H         LINE#         44
  C:50C5H         LINE#         45
  C:50C5H         LINE#         46
  C:50CFH         LINE#         47
  C:50D9H         LINE#         48
  -------         ENDPROC       VSETLOCATION
  C:5056H         SYMBOL        L?0061
  -------         PROC          L?0060
  -------         ENDPROC       L?0060
  C:5056H         SYMBOL        L?0061
  -------         PROC          _BCDTODEC1
  D:0007H         SYMBOL        bcd
  -------         DO            
  D:0006H         SYMBOL        hi
  D:0007H         SYMBOL        lo
  -------         ENDDO         
  C:505AH         LINE#         49
  C:505AH         LINE#         50
  C:505AH         LINE#         52
  C:505FH         LINE#         53
  C:5063H         LINE#         54
  C:506AH         LINE#         55
  -------         ENDPROC       _BCDTODEC1
  -------         PROC          WAIT
  C:51D3H         LINE#         57
  C:51D3H         LINE#         59
  -------         ENDPROC       WAIT
  -------         PROC          VONESTEPMOVE
  B:0020H.2       SYMBOL        bDir
  C:4C84H         LINE#         61
  C:4C84H         LINE#         62
  C:4C84H         LINE#         64
  C:4C8AH         LINE#         65
  C:4C8AH         LINE#         66
  C:4C8DH         LINE#         67
  C:4C96H         LINE#         68
  C:4C9DH         LINE#         69
  C:4CA2H         LINE#         70
  C:4CA2H         LINE#         71
BL51 BANKED LINKER/LOCATER V6.22                                                      05/02/2019  15:51:13  PAGE 31


  C:4CA2H         LINE#         73
  C:4CA4H         LINE#         76
  C:4CA4H         LINE#         77
  C:4CA7H         LINE#         78
  C:4CB0H         LINE#         79
  C:4CB7H         LINE#         80
  C:4CBDH         LINE#         81
  C:4CC6H         LINE#         82
  C:4CCDH         LINE#         83
  C:4CCDH         LINE#         87
  -------         ENDPROC       VONESTEPMOVE
  -------         PROC          _STEP_MOVE
  X:04CBH         SYMBOL        step
  B:0020H.1       SYMBOL        dir
  -------         DO            
  X:04CDH         SYMBOL        i
  -------         ENDDO         
  C:4D9CH         LINE#         89
  C:4DA4H         LINE#         90
  C:4DA4H         LINE#         92
  C:4DA9H         LINE#         95
  C:4DC4H         LINE#         96
  C:4DC4H         LINE#         97
  C:4DCBH         LINE#         99
  C:4DDBH         LINE#         101
  -------         ENDPROC       _STEP_MOVE
  -------         PROC          _MOVE
  X:04C7H         SYMBOL        distance
  B:0020H.0       SYMBOL        direction
  -------         DO            
  D:0006H         SYMBOL        step
  -------         ENDDO         
  C:4EFDH         LINE#         103
  C:4F03H         LINE#         104
  C:4F03H         LINE#         107
  C:4F1EH         LINE#         108
  -------         ENDPROC       _MOVE
  C:443FH         SYMBOL        L?0059
  -------         PROC          L?0058
  -------         ENDPROC       L?0058
  C:443FH         SYMBOL        L?0059
  -------         PROC          LINEAR_INTERPOLATE
  X:0496H         SYMBOL        p1
  X:049EH         SYMBOL        p2
  X:04A6H         SYMBOL        x
  -------         DO            
  D:0004H         SYMBOL        fx
  -------         ENDDO         
  C:4450H         LINE#         141
  C:4450H         LINE#         142
  C:4450H         LINE#         145
  C:44EFH         LINE#         147
  C:44EFH         LINE#         148
  -------         ENDPROC       LINEAR_INTERPOLATE
  -------         PROC          _THEORICALJP_POSITION
  X:043AH         SYMBOL        azimuth
  X:043EH         SYMBOL        elevation
BL51 BANKED LINKER/LOCATER V6.22                                                      05/02/2019  15:51:13  PAGE 32


  -------         DO            
  X:0442H         SYMBOL        pos_interpolate_azimuth
  X:047EH         SYMBOL        JP_pos
  X:0482H         SYMBOL        i
  X:0484H         SYMBOL        yy
  X:0486H         SYMBOL        p1
  X:048EH         SYMBOL        p2
  -------         ENDDO         
  C:2406H         LINE#         151
  C:240CH         LINE#         152
  C:240CH         LINE#         154
  C:2416H         LINE#         157
  C:2432H         LINE#         158
  C:2432H         LINE#         159
  C:24A2H         LINE#         160
  C:24A2H         LINE#         161
  C:24A9H         LINE#         162
  C:24A9H         LINE#         163
  C:24D6H         LINE#         164
  C:24F1H         LINE#         166
  C:2538H         LINE#         167
  C:256CH         LINE#         169
  C:25B2H         LINE#         170
  C:25D7H         LINE#         172
  C:25D7H         LINE#         174
  C:264DH         LINE#         175
  C:264DH         LINE#         176
  C:2654H         LINE#         177
  C:2654H         LINE#         178
  C:2681H         LINE#         179
  C:269CH         LINE#         181
  C:26E3H         LINE#         182
  C:2717H         LINE#         184
  C:275DH         LINE#         185
  C:277FH         LINE#         187
  C:277FH         LINE#         188
  C:2793H         LINE#         191
  C:27AFH         LINE#         192
  C:27AFH         LINE#         193
  C:281FH         LINE#         194
  C:281FH         LINE#         195
  C:284CH         LINE#         196
  C:2867H         LINE#         198
  C:2894H         LINE#         199
  C:28AFH         LINE#         201
  C:28E1H         LINE#         204
  C:28E1H         LINE#         206
  C:28F2H         LINE#         207
  C:2900H         LINE#         209
  -------         ENDPROC       _THEORICALJP_POSITION
  -------         PROC          _UPDATE_POSITION
  D:0001H         SYMBOL        mnths
  D:0002H         SYMBOL        dys
  X:040EH         SYMBOL        hurs
  X:040FH         SYMBOL        mns
  X:0410H         SYMBOL        sconds
  X:0411H         SYMBOL        currnt_pos
BL51 BANKED LINKER/LOCATER V6.22                                                      05/02/2019  15:51:13  PAGE 33


  X:0414H         SYMBOL        offset_calib
  -------         DO            
  X:0418H         SYMBOL        date
  X:041AH         SYMBOL        i
  X:041CH         SYMBOL        yy
  X:041EH         SYMBOL        desired_distance
  X:0422H         SYMBOL        distance
  X:0426H         SYMBOL        JP_pos
  X:042AH         SYMBOL        elevation
  X:042EH         SYMBOL        azimuth
  X:0432H         SYMBOL        time_offset
  X:0436H         SYMBOL        UTC_time
  -------         ENDDO         
  C:1DC0H         LINE#         212
  C:1DC9H         LINE#         215
  C:1DC9H         LINE#         216
  C:1DD4H         LINE#         218
  C:1DF0H         LINE#         219
  C:1DFAH         LINE#         225
  C:1E04H         LINE#         226
  C:1E0FH         LINE#         227
  C:1E1AH         LINE#         228
  C:1E33H         LINE#         229
  C:1E44H         LINE#         230
  C:1E53H         LINE#         233
  C:1E67H         LINE#         237
  C:1EB9H         LINE#         238
  C:201DH         LINE#         239
  C:206DH         LINE#         242
  C:2195H         LINE#         245
  C:2264H         LINE#         252
  C:22ABH         LINE#         253
  C:22ABH         LINE#         255
  C:22D6H         LINE#         256
  C:2305H         LINE#         258
  C:232AH         LINE#         259
  C:238FH         LINE#         260
  C:238FH         LINE#         261
  C:23A9H         LINE#         262
  C:23BBH         LINE#         263
  C:23D3H         LINE#         264
  C:23E9H         LINE#         266
  C:2405H         LINE#         267
  C:2405H         LINE#         268
  C:2405H         LINE#         271
  -------         ENDPROC       _UPDATE_POSITION
  -------         PROC          _ELEVATION_CALCULATION
  D:0007H         SYMBOL        mnths
  D:0005H         SYMBOL        dys
  X:03EAH         SYMBOL        hurs
  X:03EBH         SYMBOL        mns
  X:03ECH         SYMBOL        sconds
  C:34EBH         LINE#         273
  C:34F0H         LINE#         275
  C:34F0H         LINE#         276
  C:34FAH         LINE#         277
  C:3503H         LINE#         278
BL51 BANKED LINKER/LOCATER V6.22                                                      05/02/2019  15:51:13  PAGE 34


  C:350EH         LINE#         279
  C:3527H         LINE#         280
  C:353BH         LINE#         281
  C:354DH         LINE#         285
  C:359FH         LINE#         286
  C:3703H         LINE#         287
  C:3753H         LINE#         289
  C:386AH         LINE#         291
  -------         ENDPROC       _ELEVATION_CALCULATION
  -------         ENDMOD        BIPOLARMOTOR

  -------         MODULE        SUNPOS
  C:0000H         SYMBOL        _ICE_DUMMY_
  C:161EH         PUBLIC        sunpos
  -------         PROC          SUNPOS
  X:043AH         SYMBOL        udtTime
  X:044CH         SYMBOL        udtLocation
  X:0454H         SYMBOL        udtSunCoordinates
  -------         DO            
  X:0457H         SYMBOL        dElapsedJulianDays
  X:045BH         SYMBOL        dDecimalHours
  X:045FH         SYMBOL        dEclipticLongitude
  X:0463H         SYMBOL        dEclipticObliquity
  X:0467H         SYMBOL        dRightAscension
  X:046BH         SYMBOL        dDeclination
  X:046FH         SYMBOL        dY
  X:0473H         SYMBOL        dX
  -------         DO            
  X:0477H         SYMBOL        dJulianDate
  X:047BH         SYMBOL        liAux1
  X:047FH         SYMBOL        liAux2
  X:0477H         SYMBOL        dMeanLongitude
  X:047BH         SYMBOL        dMeanAnomaly
  X:047FH         SYMBOL        dOmega
  X:0477H         SYMBOL        dSin_EclipticLongitude
  X:0477H         SYMBOL        dGreenwichMeanSiderealTime
  X:047BH         SYMBOL        dLocalMeanSiderealTime
  X:047FH         SYMBOL        dLatitudeInRadians
  X:0483H         SYMBOL        dHourAngle
  X:0487H         SYMBOL        dCos_Latitude
  X:048BH         SYMBOL        dSin_Latitude
  X:048FH         SYMBOL        dCos_HourAngle
[...]
  C:430CH         LINE#         136
  C:430FH         LINE#         137
  C:4316H         LINE#         138
  C:4316H         LINE#         139
  C:4318H         LINE#         140
  C:431AH         LINE#         142
  C:431AH         LINE#         143
  C:431CH         LINE#         145
  C:431CH         LINE#         146
  C:431CH         LINE#         147
  C:431CH         LINE#         148
  C:431FH         LINE#         149
  C:4326H         LINE#         151
  C:4345H         LINE#         153
  C:4347H         LINE#         154
  C:434AH         LINE#         155
  C:4351H         LINE#         157
  -------         ENDPROC       _AT25SF041_WRITE
  -------         PROC          _AT25SF041_READ
  D:0003H         SYMBOL        opcode
  X:05F4H         SYMBOL        addr
  -------         DO            
  X:05F8H         SYMBOL        dat
  X:05F9H         SYMBOL        i
  -------         ENDDO         
  C:4140H         LINE#         159
  C:4142H         LINE#         160
  C:4142H         LINE#         161
  C:4147H         LINE#         163
  C:4149H         LINE#         164
  C:414FH         LINE#         168
  C:4154H         LINE#         169
  C:4154H         LINE#         170
  C:4156H         LINE#         171
  C:4159H         LINE#         172
  C:415DH         LINE#         173
  C:415DH         LINE#         174
  C:415FH         LINE#         175
  C:4161H         LINE#         177
BL51 BANKED LINKER/LOCATER V6.22                                                      05/02/2019  15:51:13  PAGE 48


  C:4161H         LINE#         178
  C:4163H         LINE#         180
  C:4163H         LINE#         181
  C:4163H         LINE#         182
  C:4163H         LINE#         183
  C:4166H         LINE#         184
  C:416AH         LINE#         187
  C:4189H         LINE#         189
  C:4190H         LINE#         190
  C:4190H         LINE#         191
  C:4192H         LINE#         192
  C:4195H         LINE#         193
  C:41B1H         LINE#         194
  C:41B1H         LINE#         195
  C:41B3H         LINE#         196
  C:41B5H         LINE#         198
  C:41B5H         LINE#         199
  C:41B7H         LINE#         201
  C:41B7H         LINE#         202
  C:41B7H         LINE#         203
  C:41B7H         LINE#         204
  C:41BAH         LINE#         205
  C:41D3H         LINE#         207
  C:41F2H         LINE#         210
  C:41F9H         LINE#         212
  C:41FBH         LINE#         213
  C:4202H         LINE#         215
  C:4209H         LINE#         216
  C:4209H         LINE#         217
  C:4210H         LINE#         218
  C:4210H         LINE#         219
  C:4213H         LINE#         220
  C:4215H         LINE#         221
  C:4218H         LINE#         223
  C:421BH         LINE#         224
  C:421BH         LINE#         226
  C:421FH         LINE#         227
  C:421FH         LINE#         233
  C:423EH         LINE#         236
  C:4240H         LINE#         237
  C:4243H         LINE#         238
  C:424AH         LINE#         240
  C:424FH         LINE#         242
  -------         ENDPROC       _AT25SF041_READ
  -------         PROC          UCREAD_STATUS_REGISTER_BYTE1
  -------         DO            
  D:0003H         SYMBOL        dat
  D:0001H         SYMBOL        opcode
  X:04CFH         SYMBOL        count
  X:04D0H         SYMBOL        i
  -------         ENDDO         
  C:4704H         LINE#         246
  C:4704H         LINE#         247
  C:4704H         LINE#         248
  C:470AH         LINE#         249
  C:470EH         LINE#         250
  C:4710H         LINE#         251
BL51 BANKED LINKER/LOCATER V6.22                                                      05/02/2019  15:51:13  PAGE 49


  C:4712H         LINE#         252
  C:4718H         LINE#         256
  C:471FH         LINE#         257
  C:471FH         LINE#         258
  C:4721H         LINE#         259
  C:4724H         LINE#         260
  C:4728H         LINE#         261
  C:4728H         LINE#         262
  C:472AH         LINE#         263
  C:472CH         LINE#         265
  C:472CH         LINE#         266
  C:472EH         LINE#         268
  C:472EH         LINE#         269
  C:472EH         LINE#         270
  C:472EH         LINE#         271
  C:4731H         LINE#         272
  C:4735H         LINE#         275
  C:4754H         LINE#         279
  C:475BH         LINE#         281
  C:475DH         LINE#         282
  C:4764H         LINE#         283
  C:476BH         LINE#         284
  C:476BH         LINE#         285
  C:476FH         LINE#         286
  C:476FH         LINE#         287
  C:4772H         LINE#         288
  C:4774H         LINE#         289
  C:4777H         LINE#         291
  C:477AH         LINE#         292
  C:477AH         LINE#         294
  C:477EH         LINE#         295
  C:477EH         LINE#         297
  C:479DH         LINE#         301
  C:479FH         LINE#         302
  C:47A2H         LINE#         303
  C:47A4H         LINE#         304
  -------         ENDPROC       UCREAD_STATUS_REGISTER_BYTE1
  -------         PROC          SPI_NOR_WRITE_DATA
  X:03E8H         SYMBOL        dat
  X:03F3H         SYMBOL        addr
  C:3BABH         LINE#         306
  C:3BABH         LINE#         307
  C:3BABH         LINE#         309
  C:3BAEH         LINE#         311
  C:3BC8H         LINE#         312
  C:3BE6H         LINE#         314
  C:3BEDH         LINE#         315
  C:3BF0H         LINE#         317
  C:3C0AH         LINE#         318
  C:3C0AH         LINE#         319
  C:3C0AH         LINE#         322
  C:3C0DH         LINE#         324
  C:3C27H         LINE#         325
  C:3C27H         LINE#         326
  C:3C27H         LINE#         328
  C:3C2AH         LINE#         330
  C:3C44H         LINE#         331
BL51 BANKED LINKER/LOCATER V6.22                                                      05/02/2019  15:51:13  PAGE 50


  C:3C44H         LINE#         332
  C:3C44H         LINE#         334
  C:3C47H         LINE#         336
  C:3C61H         LINE#         337
  C:3C61H         LINE#         338
  C:3C61H         LINE#         340
  C:3C64H         LINE#         342
  C:3C7EH         LINE#         343
  C:3C7EH         LINE#         344
  C:3C7EH         LINE#         346
  C:3C81H         LINE#         348
  C:3C9BH         LINE#         349
  C:3C9BH         LINE#         350
  C:3C9BH         LINE#         352
  C:3C9EH         LINE#         354
  C:3CB8H         LINE#         355
  C:3CB8H         LINE#         356
  C:3CB8H         LINE#         358
  C:3CBBH         LINE#         360
  C:3CD5H         LINE#         361
  C:3CD5H         LINE#         362
  C:3CD5H         LINE#         364
  C:3CD8H         LINE#         366
  C:3CF2H         LINE#         367
  C:3CF2H         LINE#         368
  C:3CF2H         LINE#         370
  C:3CF5H         LINE#         372
  C:3D0FH         LINE#         373
  C:3D16H         LINE#         374
  -------         ENDPROC       SPI_NOR_WRITE_DATA
  -------         ENDMOD        AT25SF041

  -------         MODULE        SI1120
  C:0000H         SYMBOL        _ICE_DUMMY_
  D:0080H         PUBLIC        P0
  D:00B2H         PUBLIC        P3M0
  D:0090H         PUBLIC        P1
  D:00B1H         PUBLIC        P3M1
  D:00A0H         PUBLIC        P2
  D:00B0H         PUBLIC        P3
  D:00C0H         PUBLIC        P4
  D:00C8H         PUBLIC        P5
  B:00A8H.7       PUBLIC        EA
  D:00E8H         PUBLIC        P6
  D:00F8H         PUBLIC        P7
  D:00A8H         PUBLIC        IE
  D:00B8H         PUBLIC        IP
  C:4E4AH         PUBLIC        SI1120_CONFIG_MODE_VIRH
  D:00D8H         PUBLIC        CCON
  D:0098H         PUBLIC        SCON
  D:0088H         PUBLIC        TCON
  C:518BH         PUBLIC        Enable_EXTINT0
  B:0090H.5       PUBLIC        SI1120_STX
  B:0088H.0       PUBLIC        IT0
  B:00A8H.0       PUBLIC        EX0
  B:0090H.4       PUBLIC        SI1120_MD
  B:0090H.6       PUBLIC        SI1120_SC
BL51 BANKED LINKER/LOCATER V6.22                                                      05/02/2019  15:51:13  PAGE 51


  D:00D0H         PUBLIC        PSW
  -------         PROC          SI1120_CONFIG_MODE_VIRH
  C:4E4AH         LINE#         4
  C:4E4AH         LINE#         5
  C:4E4AH         LINE#         6
  C:4E4CH         LINE#         7
  C:4E4EH         LINE#         8
  C:4E50H         LINE#         10
  C:4E57H         LINE#         11
  C:4E59H         LINE#         12
  C:4E5BH         LINE#         13
  C:4E5DH         LINE#         15
  C:4E64H         LINE#         17
  C:4E66H         LINE#         18
  C:4E6DH         LINE#         20
  C:4E6FH         LINE#         21
  C:4E71H         LINE#         23
  C:4E78H         LINE#         25
  C:4E7AH         LINE#         27
  -------         ENDPROC       SI1120_CONFIG_MODE_VIRH
  -------         PROC          ENABLE_EXTINT0
  C:518BH         LINE#         29
  C:518BH         LINE#         30
  C:518BH         LINE#         31
  C:518EH         LINE#         32
  C:5191H         LINE#         33
  C:5193H         LINE#         34
  C:5195H         LINE#         35
  C:5197H         LINE#         36
  -------         ENDPROC       ENABLE_EXTINT0
  -------         ENDMOD        SI1120

  -------         MODULE        ?C_STARTUP
  C:48DEH         SEGMENT       ?C_C51STARTUP
  I:0021H         SEGMENT       ?STACK
  C:0000H         PUBLIC        ?C_STARTUP
  D:00E0H         SYMBOL        ACC
  D:00F0H         SYMBOL        B
  D:0083H         SYMBOL        DPH
  D:0082H         SYMBOL        DPL
  N:0000H         SYMBOL        IBPSTACK
  N:0100H         SYMBOL        IBPSTACKTOP
  N:0080H         SYMBOL        IDATALEN
  C:48E1H         SYMBOL        IDATALOOP
  N:0000H         SYMBOL        PBPSTACK
  N:0100H         SYMBOL        PBPSTACKTOP
  N:0000H         SYMBOL        PDATALEN
  N:0000H         SYMBOL        PDATASTART
  N:0000H         SYMBOL        PPAGE
  N:0000H         SYMBOL        PPAGEENABLE
  D:00A0H         SYMBOL        PPAGE_SFR
  D:0081H         SYMBOL        SP
  C:48DEH         SYMBOL        STARTUP1
  N:0000H         SYMBOL        XBPSTACK
  N:0000H         SYMBOL        XBPSTACKTOP
  N:0000H         SYMBOL        XDATALEN
  N:0000H         SYMBOL        XDATASTART
BL51 BANKED LINKER/LOCATER V6.22                                                      05/02/2019  15:51:13  PAGE 52


  C:0000H         LINE#         126
  C:48DEH         LINE#         133
  C:48E0H         LINE#         134
  C:48E1H         LINE#         135
  C:48E2H         LINE#         136
  C:48E4H         LINE#         185
  C:48E7H         LINE#         196
  -------         ENDMOD        ?C_STARTUP

  -------         MODULE        ?C?FPADD
  C:0C6FH         PUBLIC        ?C?FPADD
  C:0C6BH         PUBLIC        ?C?FPSUB
  -------         ENDMOD        ?C?FPADD

  -------         MODULE        ?C?FPMUL
  C:0D60H         PUBLIC        ?C?FPMUL
  -------         ENDMOD        ?C?FPMUL

  -------         MODULE        ?C?FPDIV
  C:0E69H         PUBLIC        ?C?FPDIV
  -------         ENDMOD        ?C?FPDIV

  -------         MODULE        ?C?FPCMP
  C:0F08H         PUBLIC        ?C?FPCMP
  C:0F06H         PUBLIC        ?C?FPCMP3
  -------         ENDMOD        ?C?FPCMP

  -------         MODULE        ?C?FPNEG
  C:0F7FH         PUBLIC        ?C?FPNEG
  -------         ENDMOD        ?C?FPNEG

  -------         MODULE        ?C?FCAST
  C:0F9AH         PUBLIC        ?C?FCASTC
  C:0F95H         PUBLIC        ?C?FCASTI
  C:0F90H         PUBLIC        ?C?FCASTL
  -------         ENDMOD        ?C?FCAST

  -------         MODULE        ?C?CASTF
  C:0FCEH         PUBLIC        ?C?CASTF
  -------         ENDMOD        ?C?CASTF

  -------         MODULE        ATAN2
  X:0497H         PUBLIC        ?_atan2?BYTE
  C:47A5H         PUBLIC        _atan2
  -------         ENDMOD        ATAN2

  -------         MODULE        SIN
  C:3D7CH         PUBLIC        _COS
  C:3D92H         PUBLIC        _SIN
  C:3DCEH         PUBLIC        _TAN
  -------         ENDMOD        SIN

  -------         MODULE        ACOS
  C:4CCEH         PUBLIC        _ACOS
  -------         ENDMOD        ACOS

  -------         MODULE        ASIN
BL51 BANKED LINKER/LOCATER V6.22                                                      05/02/2019  15:51:13  PAGE 53


  C:4DDCH         PUBLIC        _ASIN
  -------         ENDMOD        ASIN

  -------         MODULE        SQRT
  C:465CH         PUBLIC        _SQRT
  -------         ENDMOD        SQRT

  -------         MODULE        ATAN
  C:403EH         PUBLIC        _ATAN
  -------         ENDMOD        ATAN

  -------         MODULE        ?C?COPY
  C:116CH         PUBLIC        ?C?COPY
  -------         ENDMOD        ?C?COPY

  -------         MODULE        ?C?CLDPTR
  C:1192H         PUBLIC        ?C?CLDPTR
  -------         ENDMOD        ?C?CLDPTR

  -------         MODULE        ?C?CLDOPTR
  C:11ABH         PUBLIC        ?C?CLDOPTR
  -------         ENDMOD        ?C?CLDOPTR

  -------         MODULE        ?C?CSTPTR
  C:11D8H         PUBLIC        ?C?CSTPTR
  -------         ENDMOD        ?C?CSTPTR

  -------         MODULE        ?C?IMUL
  C:11EAH         PUBLIC        ?C?IMUL
  -------         ENDMOD        ?C?IMUL

  -------         MODULE        ?C?UIDIV
  C:11FCH         PUBLIC        ?C?UIDIV
  -------         ENDMOD        ?C?UIDIV

  -------         MODULE        ?C?SIDIV
  C:1251H         PUBLIC        ?C?SIDIV
  -------         ENDMOD        ?C?SIDIV

  -------         MODULE        ?C?ILDIX
  C:1287H         PUBLIC        ?C?ILDIX
  -------         ENDMOD        ?C?ILDIX

  -------         MODULE        ?C?ILDOPTR
  C:129DH         PUBLIC        ?C?ILDOPTR
  -------         ENDMOD        ?C?ILDOPTR

  -------         MODULE        ?C?ISTPTR
  C:12D5H         PUBLIC        ?C?ISTPTR
  -------         ENDMOD        ?C?ISTPTR

  -------         MODULE        ?C?LMUL
  C:12F4H         PUBLIC        ?C?LMUL
  -------         ENDMOD        ?C?LMUL

  -------         MODULE        ?C?SLDIV
  C:4D18H         PUBLIC        ?C?SLDIV
BL51 BANKED LINKER/LOCATER V6.22                                                      05/02/2019  15:51:13  PAGE 54


  -------         ENDMOD        ?C?SLDIV

  -------         MODULE        ?C?LNEG
  C:1343H         PUBLIC        ?C?LNEG
  -------         ENDMOD        ?C?LNEG

  -------         MODULE        ?C?ULCMP
  C:1351H         PUBLIC        ?C?ULCMP
  -------         ENDMOD        ?C?ULCMP

  -------         MODULE        ?C?LSHL
  C:1362H         PUBLIC        ?C?LSHL
  -------         ENDMOD        ?C?LSHL

  -------         MODULE        ?C?LLDPTR
  C:1375H         PUBLIC        ?C?LLDPTR
  -------         ENDMOD        ?C?LLDPTR

  -------         MODULE        ?C?LLDOPTR
  C:1395H         PUBLIC        ?C?LLDOPTR
  -------         ENDMOD        ?C?LLDOPTR

  -------         MODULE        ?C?LSTPTR
  C:13C5H         PUBLIC        ?C?LSTPTR
  -------         ENDMOD        ?C?LSTPTR

  -------         MODULE        ?C?LSTOPTR
  C:13DFH         PUBLIC        ?C?LSTOPTR
  -------         ENDMOD        ?C?LSTOPTR

  -------         MODULE        ?C?LLDXDATA
  C:1403H         PUBLIC        ?C?LLDXDATA
  -------         ENDMOD        ?C?LLDXDATA

  -------         MODULE        ?C?LLDCODE
  C:140FH         PUBLIC        ?C?LLDCODE
  -------         ENDMOD        ?C?LLDCODE

  -------         MODULE        ?C?LLDXDATA0
  C:141FH         PUBLIC        ?C?LLDXDATA0
  -------         ENDMOD        ?C?LLDXDATA0

  -------         MODULE        ?C?LLDCODE0
  C:142BH         PUBLIC        ?C?LLDCODE0
  -------         ENDMOD        ?C?LLDCODE0

  -------         MODULE        ?C?LLDPTR0
  C:143BH         PUBLIC        ?C?LLDPTR0
  -------         ENDMOD        ?C?LLDPTR0

  -------         MODULE        ?C?LSTXDATA
  C:145BH         PUBLIC        ?C?LSTXDATA
  -------         ENDMOD        ?C?LSTXDATA

  -------         MODULE        ?C?LSTKXDATA
  C:1467H         PUBLIC        ?C?LSTKXDATA
  -------         ENDMOD        ?C?LSTKXDATA
BL51 BANKED LINKER/LOCATER V6.22                                                      05/02/2019  15:51:13  PAGE 55



  -------         MODULE        ?C?LSTKPTR
  C:1498H         PUBLIC        ?C?LSTKPTR
  -------         ENDMOD        ?C?LSTKPTR

  -------         MODULE        ?C?OFFXADD
  C:14B2H         PUBLIC        ?C?OFFXADD
  -------         ENDMOD        ?C?OFFXADD

  -------         MODULE        ATOI
  C:4352H         PUBLIC        _atoi
  -------         ENDMOD        ATOI

  -------         MODULE        ?C?IILDX
  C:14BEH         PUBLIC        ?C?IILDX
  -------         ENDMOD        ?C?IILDX

  -------         MODULE        ?C?ULDIV
  C:1510H         PUBLIC        ?C?ULDIV
  -------         ENDMOD        ?C?ULDIV

  -------         MODULE        ?C?LLDIDATA
  C:15A2H         PUBLIC        ?C?LLDIDATA
  -------         ENDMOD        ?C?LLDIDATA

  -------         MODULE        ?C?LLDPDATA
  C:15AEH         PUBLIC        ?C?LLDPDATA
  -------         ENDMOD        ?C?LLDPDATA

  -------         MODULE        ?C?LLDIDATA0
  C:15BAH         PUBLIC        ?C?LLDIDATA0
  -------         ENDMOD        ?C?LLDIDATA0

  -------         MODULE        ?C?LLDPDATA0
  C:15C7H         PUBLIC        ?C?LLDPDATA0
  -------         ENDMOD        ?C?LLDPDATA0

  -------         MODULE        ?C?LSTIDATA
  C:15D4H         PUBLIC        ?C?LSTIDATA
  -------         ENDMOD        ?C?LSTIDATA

  -------         MODULE        ?C?LSTPDATA
  C:15E0H         PUBLIC        ?C?LSTPDATA
  -------         ENDMOD        ?C?LSTPDATA

  -------         MODULE        ?C?LSTKIDATA
  C:15ECH         PUBLIC        ?C?LSTKIDATA
  -------         ENDMOD        ?C?LSTKIDATA

  -------         MODULE        ?C?LSTKPDATA
  C:1605H         PUBLIC        ?C?LSTKPDATA
  -------         ENDMOD        ?C?LSTKPDATA

  -------         MODULE        ISDIGIT
  C:517CH         PUBLIC        _isdigit
  -------         ENDMOD        ISDIGIT

BL51 BANKED LINKER/LOCATER V6.22                                                      05/02/2019  15:51:13  PAGE 56


  -------         MODULE        ISSPACE
  C:5117H         PUBLIC        _isspace
  -------         ENDMOD        ISSPACE

*** WARNING L16: UNCALLED SEGMENT, IGNORED FOR OVERLAY PROCESS
    SEGMENT: ?PR?_DAY_OF_YEAR?PCF85063BTL

*** WARNING L16: UNCALLED SEGMENT, IGNORED FOR OVERLAY PROCESS
    SEGMENT: ?PR?INITUART1?UART1

*** WARNING L16: UNCALLED SEGMENT, IGNORED FOR OVERLAY PROCESS
    SEGMENT: ?PR?_SENDSTRING?UART1

*** WARNING L16: UNCALLED SEGMENT, IGNORED FOR OVERLAY PROCESS
    SEGMENT: ?PR?_TEN?UART1

*** WARNING L16: UNCALLED SEGMENT, IGNORED FOR OVERLAY PROCESS
    SEGMENT: ?PR?_UNIT?UART1

*** WARNING L16: UNCALLED SEGMENT, IGNORED FOR OVERLAY PROCESS
    SEGMENT: ?PR?_DECTOBCD?UART1

*** WARNING L16: UNCALLED SEGMENT, IGNORED FOR OVERLAY PROCESS
    SEGMENT: ?PR?_ASCII_LETTER?UART1

*** WARNING L16: UNCALLED SEGMENT, IGNORED FOR OVERLAY PROCESS
    SEGMENT: ?PR?_ASCIITOBCD?UART1

*** WARNING L16: UNCALLED SEGMENT, IGNORED FOR OVERLAY PROCESS
    SEGMENT: ?PR?WAIT?BIPOLARMOTOR

*** WARNING L16: UNCALLED SEGMENT, IGNORED FOR OVERLAY PROCESS
    SEGMENT: ?PR?NOP?IOEXPANDER_PI4IOE5V96248

*** WARNING L16: UNCALLED SEGMENT, IGNORED FOR OVERLAY PROCESS
    SEGMENT: ?PR?UC_ACK?IOEXPANDER_PI4IOE5V96248

*** WARNING L16: UNCALLED SEGMENT, IGNORED FOR OVERLAY PROCESS
    SEGMENT: ?PR?UC_NACK?IOEXPANDER_PI4IOE5V96248

*** WARNING L16: UNCALLED SEGMENT, IGNORED FOR OVERLAY PROCESS
    SEGMENT: ?PR?_AT25SF041_READ?AT25SF041

*** WARNING L1: UNRESOLVED EXTERNAL SYMBOL
    SYMBOL:  _SENDUART1
    MODULE:  .\Obj\UART1.obj (UART1)

*** WARNING L2: REFERENCE MADE TO UNRESOLVED EXTERNAL
    SYMBOL:  _SENDUART1
    MODULE:  .\Obj\UART1.obj (UART1)
    ADDRESS: 4E45H

Program Size: data=9.5 xdata=1541 code=20949
LINK/LOCATE RUN COMPLETE.  15 WARNING(S),  0 ERROR(S)
