BL51 BANKED LINKER/LOCATER V6.22                                                        08/19/2019  15:09:53  PAGE 1


BL51 BANKED LINKER/LOCATER V6.22, INVOKED BY:
C:\KEIL_V5\C51\BIN\BL51.EXE .\Obj\main.obj, .\Obj\PCF85063BTL.obj, .\Obj\LCd_Driver_SPLC780D.obj, .\Obj\KeyPad.obj, .\Ob
>> j\BipolarMotor.obj, .\Obj\SunPos.obj, .\Obj\ADC.obj, .\Obj\Calibration.obj, .\Obj\IOExpander_PI4IOE5V96248.obj, .\Obj
>> \AT25SF041.obj, .\Obj\SI1120.obj, .\Obj\UART1.obj, .\Obj\STARTUP.obj TO .\Obj\GPIO_RTC_Test RTX51TINY PRINT (.\Lis\GP
>> IO_RTC_Test.m51) RAMSIZE (256)


MEMORY MODEL: LARGE WITH FLOATING POINT ARITHMETIC


INPUT MODULES INCLUDED:
  .\Obj\main.obj (MAIN)
  .\Obj\PCF85063BTL.obj (PCF85063BTL)
  .\Obj\LCd_Driver_SPLC780D.obj (LCD_DRIVER_SPLC780D)
  .\Obj\KeyPad.obj (KEYPAD)
  .\Obj\BipolarMotor.obj (BIPOLARMOTOR)
  .\Obj\SunPos.obj (SUNPOS)
  .\Obj\ADC.obj (ADC)
  .\Obj\Calibration.obj (CALIBRATION)
  .\Obj\IOExpander_PI4IOE5V96248.obj (IOEXPANDER_PI4IOE5V96248)
  .\Obj\AT25SF041.obj (AT25SF041)
  .\Obj\SI1120.obj (SI1120)
  .\Obj\UART1.obj (UART1)
  .\Obj\STARTUP.obj (?C_STARTUP)
  C:\KEIL_V5\C51\LIB\C51FPL.LIB (?C?FPADD)
  C:\KEIL_V5\C51\LIB\C51FPL.LIB (?C?FPMUL)
  C:\KEIL_V5\C51\LIB\C51FPL.LIB (?C?FPDIV)
  C:\KEIL_V5\C51\LIB\C51FPL.LIB (?C?FPCMP)
  C:\KEIL_V5\C51\LIB\C51FPL.LIB (?C?FPNEG)
  C:\KEIL_V5\C51\LIB\C51FPL.LIB (?C?FCAST)
  C:\KEIL_V5\C51\LIB\C51FPL.LIB (?C?CASTF)
  C:\KEIL_V5\C51\LIB\C51FPL.LIB (PRINTF)
  C:\KEIL_V5\C51\LIB\C51FPL.LIB (FABS)
  C:\KEIL_V5\C51\LIB\C51FPL.LIB (ATAN2)
  C:\KEIL_V5\C51\LIB\C51FPL.LIB (SIN)
  C:\KEIL_V5\C51\LIB\C51FPL.LIB (ACOS)
  C:\KEIL_V5\C51\LIB\C51FPL.LIB (ASIN)
  C:\KEIL_V5\C51\LIB\C51FPL.LIB (POW)
  C:\KEIL_V5\C51\LIB\C51FPL.LIB (?C?FPGETOPN)
  C:\KEIL_V5\C51\LIB\C51FPL.LIB (?C?CHKFLOAT)
  C:\KEIL_V5\C51\LIB\C51FPL.LIB (?C?FPROUND)
  C:\KEIL_V5\C51\LIB\C51FPL.LIB (?C?FPCONVERT)
  C:\KEIL_V5\C51\LIB\C51FPL.LIB (?C?FPSERIES)
  C:\KEIL_V5\C51\LIB\C51FPL.LIB (EXP)
  C:\KEIL_V5\C51\LIB\C51FPL.LIB (LOG)
  C:\KEIL_V5\C51\LIB\C51FPL.LIB (SQRT)
  C:\KEIL_V5\C51\LIB\C51FPL.LIB (ATAN)
  C:\KEIL_V5\C51\LIB\C51FPL.LIB (?C?FTNPWR)
  C:\KEIL_V5\C51\LIB\C51L.LIB (?C_INIT)
  C:\KEIL_V5\C51\LIB\C51L.LIB (?C?COPY)
  C:\KEIL_V5\C51\LIB\C51L.LIB (?C?CLDPTR)
  C:\KEIL_V5\C51\LIB\C51L.LIB (?C?CLDOPTR)
  C:\KEIL_V5\C51\LIB\C51L.LIB (?C?CSTPTR)
  C:\KEIL_V5\C51\LIB\C51L.LIB (?C?IMUL)
  C:\KEIL_V5\C51\LIB\C51L.LIB (?C?UIDIV)
  C:\KEIL_V5\C51\LIB\C51L.LIB (?C?SIDIV)
  C:\KEIL_V5\C51\LIB\C51L.LIB (?C?ILDIX)
  C:\KEIL_V5\C51\LIB\C51L.LIB (?C?ILDOPTR)
BL51 BANKED LINKER/LOCATER V6.22                                                      08/19/2019  15:09:53  PAGE 2


  C:\KEIL_V5\C51\LIB\C51L.LIB (?C?ISTPTR)
  C:\KEIL_V5\C51\LIB\C51L.LIB (?C?LMUL)
  C:\KEIL_V5\C51\LIB\C51L.LIB (?C?SLDIV)
  C:\KEIL_V5\C51\LIB\C51L.LIB (?C?LNEG)
  C:\KEIL_V5\C51\LIB\C51L.LIB (?C?ULCMP)
  C:\KEIL_V5\C51\LIB\C51L.LIB (?C?LSHL)
  C:\KEIL_V5\C51\LIB\C51L.LIB (?C?LLDPTR)
  C:\KEIL_V5\C51\LIB\C51L.LIB (?C?LLDOPTR)
  C:\KEIL_V5\C51\LIB\C51L.LIB (?C?LSTPTR)
  C:\KEIL_V5\C51\LIB\C51L.LIB (?C?LSTOPTR)
  C:\KEIL_V5\C51\LIB\C51L.LIB (?C?LLDXDATA)
  C:\KEIL_V5\C51\LIB\C51L.LIB (?C?LLDCODE)
  C:\KEIL_V5\C51\LIB\C51L.LIB (?C?LLDXDATA0)
  C:\KEIL_V5\C51\LIB\C51L.LIB (?C?LLDCODE0)
  C:\KEIL_V5\C51\LIB\C51L.LIB (?C?LLDPTR0)
  C:\KEIL_V5\C51\LIB\C51L.LIB (?C?LSTXDATA)
  C:\KEIL_V5\C51\LIB\C51L.LIB (?C?LSTKXDATA)
  C:\KEIL_V5\C51\LIB\C51L.LIB (?C?LSTKPTR)
  C:\KEIL_V5\C51\LIB\C51L.LIB (?C?OFFXADD)
  C:\KEIL_V5\C51\LIB\C51L.LIB (?C?PLDIXDATA)
  C:\KEIL_V5\C51\LIB\C51L.LIB (?C?PSTXDATA)
  C:\KEIL_V5\C51\LIB\C51L.LIB (?C?CCASE)
  C:\KEIL_V5\C51\LIB\C51L.LIB (PUTCHAR)
  C:\KEIL_V5\C51\LIB\C51L.LIB (ABS)
  C:\KEIL_V5\C51\LIB\C51L.LIB (ATOI)
  C:\KEIL_V5\C51\LIB\C51L.LIB (?C?IILDX)
  C:\KEIL_V5\C51\LIB\C51L.LIB (?C?ULDIV)
  C:\KEIL_V5\C51\LIB\C51L.LIB (?C?LLDIDATA)
  C:\KEIL_V5\C51\LIB\C51L.LIB (?C?LLDPDATA)
  C:\KEIL_V5\C51\LIB\C51L.LIB (?C?LLDIDATA0)
  C:\KEIL_V5\C51\LIB\C51L.LIB (?C?LLDPDATA0)
  C:\KEIL_V5\C51\LIB\C51L.LIB (?C?LSTIDATA)
  C:\KEIL_V5\C51\LIB\C51L.LIB (?C?LSTPDATA)
  C:\KEIL_V5\C51\LIB\C51L.LIB (?C?LSTKIDATA)
  C:\KEIL_V5\C51\LIB\C51L.LIB (?C?LSTKPDATA)
  C:\KEIL_V5\C51\LIB\C51L.LIB (ISDIGIT)
  C:\KEIL_V5\C51\LIB\C51L.LIB (ISSPACE)


LINK MAP OF MODULE:  .\Obj\GPIO_RTC_Test (MAIN)


            TYPE    BASE      LENGTH    RELOCATION   SEGMENT NAME
            -----------------------------------------------------

            * * * * * * *   D A T A   M E M O R Y   * * * * * * *
            REG     0000H     0008H     ABSOLUTE     "REG BANK 0"
            DATA    0008H     0005H     UNIT         _DATA_GROUP_
                    000DH     0013H                  *** GAP ***
            BIT     0020H.0   0001H.2   UNIT         _BIT_GROUP_
            BIT     0021H.2   0000H.1   UNIT         ?BI?MAIN
            BIT     0021H.3   0000H.1   UNIT         ?BI?_ATOI?ATOI
                    0021H.4   0000H.4                *** GAP ***
            IDATA   0022H     0001H     UNIT         ?STACK

            * * * * * * *  X D A T A   M E M O R Y  * * * * * * *
            XDATA   0000H     03BCH     UNIT         ?XD?BIPOLARMOTOR
BL51 BANKED LINKER/LOCATER V6.22                                                      08/19/2019  15:09:53  PAGE 3


            XDATA   03BCH     015DH     UNIT         _XDATA_GROUP_
            XDATA   0519H     011DH     UNIT         ?XD?MAIN
            XDATA   0636H     0019H     UNIT         ?XD?KEYPAD
            XDATA   064FH     0005H     UNIT         ?XD?_ATOI?ATOI
            XDATA   0654H     0001H     UNIT         ?XD?UC_ACK?IOEXPANDER_PI4IOE5V96248
            XDATA   0655H     0001H     UNIT         ?XD?UC_NACK?IOEXPANDER_PI4IOE5V96248

            * * * * * * *   C O D E   M E M O R Y   * * * * * * *
            CODE    0000H     0003H     ABSOLUTE     
            CODE    0003H     0003H     ABSOLUTE     
            CODE    0006H     0005H     UNIT         ?PR?_UNIT?UART1
            CODE    000BH     0003H     ABSOLUTE     
            CODE    000EH     000DH     UNIT         ?PR?UART?MAIN
            CODE    001BH     0003H     ABSOLUTE     
            CODE    001EH     0005H     UNIT         ?PR?_ASCII_LETTER?UART1
            CODE    0023H     0003H     ABSOLUTE     
            CODE    0026H     2139H     UNIT         ?PR?MAIN?MAIN
            CODE    215FH     0BC8H     UNIT         ?C?LIB_CODE
            CODE    2D27H     07A2H     UNIT         ?PR?SUNPOS?SUNPOS
            CODE    34C9H     06F4H     UNIT         ?PR?_FIND_REAL_MAX?CALIBRATION
            CODE    3BBDH     0631H     UNIT         ?PR?_UPDATE_POSITION?BIPOLARMOTOR
            CODE    41EEH     04FBH     UNIT         ?PR?_THEORICALJP_POSITION?BIPOLARMOTOR
            CODE    46E9H     0483H     UNIT         ?PR?PRINTF?PRINTF
            CODE    4B6CH     041AH     UNIT         ?C_INITSEG
            CODE    4F86H     038CH     UNIT         ?PR?KEY_PROCESS?KEYPAD
            CODE    5312H     0380H     UNIT         ?PR?_ELEVATION_CALCULATION?BIPOLARMOTOR
            CODE    5692H     01C7H     UNIT         ?PR?_CALIBRATION?CALIBRATION
            CODE    5859H     018DH     UNIT         ?PR?KEY_SCAN?KEYPAD
            CODE    59E6H     0189H     UNIT         ?PR?SPI_NOR_WRITE_DATA?AT25SF041
            CODE    5B6FH     0188H     UNIT         ?PR?SIN?SIN
            CODE    5CF7H     0166H     UNIT         ?PR?_POW?POW
            CODE    5E5DH     0155H     UNIT         ?PR?_DISPLAY_POS?LCD_DRIVER_SPLC780D
            CODE    5FB2H     0129H     UNIT         ?PR?LOG?LOG
            CODE    60DBH     0122H     UNIT         ?PR?ATAN?ATAN
            CODE    61FDH     0110H     UNIT         ?PR?_AT25SF041_READ?AT25SF041
            CODE    630DH     0102H     UNIT         ?PR?_AT25SF041_WRITE?AT25SF041
            CODE    640FH     00F5H     UNIT         ?PR?EXINT0?MAIN
            CODE    6504H     00DBH     UNIT         ?PR?_ATOI?ATOI
            CODE    65DFH     00C3H     UNIT         ?PR?LINEAR_INTERPOLATE?BIPOLARMOTOR
            CODE    66A2H     00BBH     UNIT         ?PR?VOLTAGE_IS_STABLE?CALIBRATION
            CODE    675DH     00ADH     UNIT         ?PR?_WRITE_PI4IOE5V96248?IOEXPANDER_PI4IOE5V96248
            CODE    680AH     00ACH     UNIT         ?PR?SQRT?SQRT
            CODE    68B6H     00A1H     UNIT         ?PR?UCREAD_STATUS_REGISTER_BYTE1?AT25SF041
            CODE    6957H     009DH     UNIT         ?PR?_ATAN2?ATAN2
            CODE    69F4H     009CH     UNIT         ?PR?_MAX_VALUE?CALIBRATION
            CODE    6A90H     009AH     UNIT         ?PR?EXP?EXP
            CODE    6B2AH     008CH     UNIT         ?C_C51STARTUP
            CODE    6BB6H     0088H     UNIT         ?PR?_DAY_OF_YEAR?PCF85063BTL
            CODE    6C3EH     0079H     UNIT         ?PR?_WRITEDATA?LCD_DRIVER_SPLC780D
            CODE    6CB7H     0072H     UNIT         ?PR?AT25SF041_WRITEENABLE?AT25SF041
            CODE    6D29H     006FH     UNIT         ?PR?_READ_TIME?PCF85063BTL
            CODE    6D98H     005AH     UNIT         ?PR?AT25SF041_CHIPERASE?AT25SF041
            CODE    6DF2H     0059H     UNIT         ?PR?LCD_INIT?LCD_DRIVER_SPLC780D
            CODE    6E4BH     0056H     UNIT         ?CO?MAIN
            CODE    6EA1H     004BH     UNIT         ?CO?UART1
            CODE    6EECH     004AH     UNIT         ?PR?VONESTEPMOVE?BIPOLARMOTOR
            CODE    6F36H     004AH     UNIT         ?PR?ACOS?ACOS
BL51 BANKED LINKER/LOCATER V6.22                                                      08/19/2019  15:09:53  PAGE 4


            CODE    6F80H     0044H     UNIT         ?C?LDIV
            CODE    6FC4H     0040H     UNIT         ?PR?_COMMAND?LCD_DRIVER_SPLC780D
            CODE    7004H     0040H     UNIT         ?PR?_STEP_MOVE?BIPOLARMOTOR
            CODE    7044H     003BH     UNIT         ?PR?ASIN?ASIN
            CODE    707FH     0033H     UNIT         ?PR?_SENDSTRING?UART1
            CODE    70B2H     0031H     UNIT         ?PR?SI1120_CONFIG_MODE_VIRH?SI1120
            CODE    70E3H     002BH     UNIT         ?PR?_WAIT_MS_I2C?IOEXPANDER_PI4IOE5V96248
            CODE    710EH     002BH     UNIT         ?PR?_WAIT_MS_SPINOR?AT25SF041
            CODE    7139H     002AH     UNIT         ?PR?_ADC_GETRESULT?ADC
            CODE    7163H     0028H     UNIT         ?PR?_MOVE?BIPOLARMOTOR
            CODE    718BH     0028H     UNIT         ?CO?CALIBRATION
            CODE    71B3H     0027H     UNIT         ?PR?_I2C_SENDBYTE?IOEXPANDER_PI4IOE5V96248
            CODE    71DAH     0027H     UNIT         ?PR?PUTCHAR?PUTCHAR
            CODE    7201H     0025H     UNIT         ?PR?_FINDCLOSESTSAMEDAYCALIBTIME?CALIBRATION
            CODE    7226H     0024H     UNIT         ?PR?_WAIT_MS?LCD_DRIVER_SPLC780D
            CODE    724AH     0024H     UNIT         ?PR?_UART1_SENDTOTCPSERVER?UART1
            CODE    726EH     0021H     UNIT         ?PR?TM0_ISR?MAIN
            CODE    728FH     0020H     UNIT         ?PR?_SPI_SENDBYTE?PCF85063BTL
            CODE    72AFH     0020H     UNIT         ?PR?SPI_RECEIVEBYTE?PCF85063BTL
            CODE    72CFH     001EH     UNIT         ?PR?_DELAY_MS?KEYPAD
            CODE    72EDH     001DH     UNIT         ?PR?_DISPLAYLCD?LCD_DRIVER_SPLC780D
            CODE    730AH     001BH     UNIT         ?PR?_BCDTODEC1?BIPOLARMOTOR
            CODE    7325H     001AH     UNIT         ?PR?ADC_INIT?ADC
            CODE    733FH     0018H     UNIT         ?PR?_SPI_WRITETIME?PCF85063BTL
            CODE    7357H     0017H     UNIT         ?PR?_ASCIITOBCD?UART1
            CODE    736EH     0016H     UNIT         ?PR?I2C_ACK?IOEXPANDER_PI4IOE5V96248
            CODE    7384H     0015H     UNIT         ?PR?_DISPLAY_LINE?LCD_DRIVER_SPLC780D
            CODE    7399H     0015H     UNIT         ?PR?VSETLOCATION?BIPOLARMOTOR
            CODE    73AEH     0015H     UNIT         ?PR?I2C_STOP?IOEXPANDER_PI4IOE5V96248
            CODE    73C3H     0014H     UNIT         ?PR?_PCF85063BTL_DELAY?PCF85063BTL
            CODE    73D7H     0014H     UNIT         ?PR?_ISSPACE?ISSPACE
            CODE    73EBH     0011H     UNIT         ?PR?_SPI_READTIME?PCF85063BTL
            CODE    73FCH     0011H     UNIT         ?PR?_BCDTODEC?PCF85063BTL
            CODE    740DH     0011H     UNIT         ?PR?INITUART1?UART1
            CODE    741EH     000FH     UNIT         ?PR?I2C_START?IOEXPANDER_PI4IOE5V96248
            CODE    742DH     000FH     UNIT         ?PR?UC_NACK?IOEXPANDER_PI4IOE5V96248
            CODE    743CH     000FH     UNIT         ?PR?_ISDIGIT?ISDIGIT
            CODE    744BH     000DH     UNIT         ?PR?SPI_INIT?PCF85063BTL
            CODE    7458H     000DH     UNIT         ?PR?ENABLE_EXTINT0?SI1120
            CODE    7465H     000DH     UNIT         ?PR?_FABS?FABS
            CODE    7472H     000CH     UNIT         ?PR?KEYPAD_IO_INIT?KEYPAD
            CODE    747EH     000CH     UNIT         ?PR?_ABS?ABS
            CODE    748AH     000AH     UNIT         ?PR?LCD_RETURN_HOME?LCD_DRIVER_SPLC780D
            CODE    7494H     000AH     UNIT         ?PR?LCD_CLEAR?LCD_DRIVER_SPLC780D
            CODE    749EH     0009H     UNIT         ?PR?TM1_ISR?MAIN
            CODE    74A7H     0009H     UNIT         ?PR?_SENDUART1?MAIN
            CODE    74B0H     0009H     UNIT         ?PR?UART1_INITTCPCONN?UART1
            CODE    74B9H     0006H     UNIT         ?PR?UC_ACK?IOEXPANDER_PI4IOE5V96248
            CODE    74BFH     0006H     UNIT         ?PR?_TEN?UART1
            CODE    74C5H     0001H     UNIT         ?PR?NOP?IOEXPANDER_PI4IOE5V96248
            CODE    74C6H     0001H     UNIT         ?PR?_DECTOBCD?UART1



OVERLAY MAP OF MODULE:   .\Obj\GPIO_RTC_Test (MAIN)


BL51 BANKED LINKER/LOCATER V6.22                                                      08/19/2019  15:09:53  PAGE 5


SEGMENT                                             BIT_GROUP          DATA_GROUP          XDATA_GROUP
  +--> CALLED SEGMENT                            START    LENGTH     START    LENGTH     START    LENGTH
--------------------------------------------------------------------------------------------------------
?PR?EXINT0?MAIN                                  -----    -----      -----    -----      -----    -----
  +--> ?PR?_POW?POW

?PR?_POW?POW                                     -----    -----      -----    -----      03BCH    000AH
  +--> ?PR?LOG?LOG
  +--> ?PR?EXP?EXP

?PR?LOG?LOG                                      0020H.0  0000H.1    -----    -----      03C6H    0004H

*** NEW ROOT ***************************************************

?C_C51STARTUP                                    -----    -----      -----    -----      -----    -----
  +--> ?PR?MAIN?MAIN
  +--> ?C_INITSEG

?PR?MAIN?MAIN                                    -----    -----      -----    -----      03CAH    002EH
  +--> ?PR?LCD_INIT?LCD_DRIVER_SPLC780D
  +--> ?PR?SPI_INIT?PCF85063BTL
  +--> ?PR?KEYPAD_IO_INIT?KEYPAD
  +--> ?PR?ADC_INIT?ADC
  +--> ?PR?SI1120_CONFIG_MODE_VIRH?SI1120
  +--> ?PR?ENABLE_EXTINT0?SI1120
  +--> ?PR?VSETLOCATION?BIPOLARMOTOR
  +--> ?PR?_SPI_WRITETIME?PCF85063BTL
  +--> ?PR?_DELAY_MS?KEYPAD
  +--> ?PR?_DISPLAY_LINE?LCD_DRIVER_SPLC780D
  +--> ?PR?_WRITEDATA?LCD_DRIVER_SPLC780D
  +--> ?PR?INITUART1?UART1
  +--> ?PR?UART1_INITTCPCONN?UART1
  +--> ?CO?MAIN
  +--> ?PR?_UART1_SENDTOTCPSERVER?UART1
  +--> ?PR?KEY_PROCESS?KEYPAD
  +--> ?PR?_COMMAND?LCD_DRIVER_SPLC780D
  +--> ?PR?_DISPLAY_POS?LCD_DRIVER_SPLC780D
  +--> ?PR?_DISPLAYLCD?LCD_DRIVER_SPLC780D
  +--> ?PR?_STEP_MOVE?BIPOLARMOTOR
  +--> ?PR?LCD_RETURN_HOME?LCD_DRIVER_SPLC780D
  +--> ?PR?_READ_TIME?PCF85063BTL
  +--> ?PR?_BCDTODEC1?BIPOLARMOTOR
  +--> ?PR?_SENDSTRING?UART1
  +--> ?PR?_ELEVATION_CALCULATION?BIPOLARMOTOR
  +--> ?PR?PRINTF?PRINTF
  +--> ?PR?_CALIBRATION?CALIBRATION
  +--> ?PR?_UPDATE_POSITION?BIPOLARMOTOR
  +--> ?PR?_AT25SF041_READ?AT25SF041
  +--> ?PR?_WAIT_MS_SPINOR?AT25SF041
  +--> ?PR?AT25SF041_WRITEENABLE?AT25SF041
  +--> ?PR?_AT25SF041_WRITE?AT25SF041
  +--> ?PR?_ABS?ABS
  +--> ?PR?_FABS?FABS
  +--> ?PR?SPI_NOR_WRITE_DATA?AT25SF041
  +--> ?PR?_WAIT_MS?LCD_DRIVER_SPLC780D
  +--> ?PR?LINEAR_INTERPOLATE?BIPOLARMOTOR
  +--> ?PR?_FINDCLOSESTSAMEDAYCALIBTIME?CALI...
BL51 BANKED LINKER/LOCATER V6.22                                                      08/19/2019  15:09:53  PAGE 6


  +--> ?PR?_ADC_GETRESULT?ADC
  +--> ?PR?AT25SF041_CHIPERASE?AT25SF041
  +--> ?PR?LCD_CLEAR?LCD_DRIVER_SPLC780D

?PR?LCD_INIT?LCD_DRIVER_SPLC780D                 -----    -----      -----    -----      -----    -----
  +--> ?PR?_WAIT_MS?LCD_DRIVER_SPLC780D
  +--> ?PR?_COMMAND?LCD_DRIVER_SPLC780D

?PR?_COMMAND?LCD_DRIVER_SPLC780D                 -----    -----      -----    -----      -----    -----
  +--> ?PR?_WAIT_MS?LCD_DRIVER_SPLC780D

?PR?SI1120_CONFIG_MODE_VIRH?SI1120               -----    -----      -----    -----      -----    -----
  +--> ?PR?_WAIT_MS?LCD_DRIVER_SPLC780D

?PR?_SPI_WRITETIME?PCF85063BTL                   -----    -----      -----    -----      -----    -----
  +--> ?PR?_SPI_SENDBYTE?PCF85063BTL

?PR?_SPI_SENDBYTE?PCF85063BTL                    -----    -----      -----    -----      -----    -----
  +--> ?PR?_PCF85063BTL_DELAY?PCF85063BTL

?PR?_DISPLAY_LINE?LCD_DRIVER_SPLC780D            -----    -----      -----    -----      -----    -----
  +--> ?PR?_COMMAND?LCD_DRIVER_SPLC780D

?PR?_WRITEDATA?LCD_DRIVER_SPLC780D               -----    -----      -----    -----      04F4H    0001H
  +--> ?PR?_WAIT_MS?LCD_DRIVER_SPLC780D

?PR?UART1_INITTCPCONN?UART1                      -----    -----      -----    -----      -----    -----
  +--> ?CO?UART1
  +--> ?PR?_SENDSTRING?UART1

?PR?_SENDSTRING?UART1                            -----    -----      -----    -----      04E9H    0003H
  +--> ?PR?_SENDUART1?MAIN

?PR?_UART1_SENDTOTCPSERVER?UART1                 -----    -----      -----    -----      03F8H    0003H
  +--> ?CO?UART1
  +--> ?PR?_SENDSTRING?UART1
  +--> ?PR?_DELAY_MS?KEYPAD

?PR?KEY_PROCESS?KEYPAD                           -----    -----      -----    -----      03F8H    0006H
  +--> ?PR?KEY_SCAN?KEYPAD
  +--> ?PR?_SPI_WRITETIME?PCF85063BTL
  +--> ?PR?LCD_CLEAR?LCD_DRIVER_SPLC780D
  +--> ?PR?_COMMAND?LCD_DRIVER_SPLC780D
  +--> ?PR?_WRITEDATA?LCD_DRIVER_SPLC780D

?PR?KEY_SCAN?KEYPAD                              -----    -----      -----    -----      03FEH    0003H

?PR?LCD_CLEAR?LCD_DRIVER_SPLC780D                -----    -----      -----    -----      -----    -----
  +--> ?PR?_COMMAND?LCD_DRIVER_SPLC780D

?PR?_DISPLAY_POS?LCD_DRIVER_SPLC780D             -----    -----      -----    -----      04E9H    000BH
  +--> ?PR?_ABS?ABS
  +--> ?PR?_WRITEDATA?LCD_DRIVER_SPLC780D

?PR?_DISPLAYLCD?LCD_DRIVER_SPLC780D              -----    -----      -----    -----      03F8H    0001H
  +--> ?PR?_WRITEDATA?LCD_DRIVER_SPLC780D

BL51 BANKED LINKER/LOCATER V6.22                                                      08/19/2019  15:09:53  PAGE 7


?PR?_STEP_MOVE?BIPOLARMOTOR                      0020H.2  0000H.1    -----    -----      04EDH    0004H
  +--> ?PR?VONESTEPMOVE?BIPOLARMOTOR

?PR?VONESTEPMOVE?BIPOLARMOTOR                    0020H.3  0000H.1    -----    -----      -----    -----
  +--> ?PR?_WRITE_PI4IOE5V96248?IOEXPANDER_P...
  +--> ?PR?_DELAY_MS?KEYPAD

?PR?_WRITE_PI4IOE5V96248?IOEXPANDER_P...         -----    -----      -----    -----      04F1H    0003H
  +--> ?PR?I2C_START?IOEXPANDER_PI4IOE5V96248
  +--> ?PR?_WAIT_MS_I2C?IOEXPANDER_PI4IOE5V9...
  +--> ?PR?_I2C_SENDBYTE?IOEXPANDER_PI4IOE5V...
  +--> ?PR?I2C_ACK?IOEXPANDER_PI4IOE5V96248
  +--> ?PR?I2C_STOP?IOEXPANDER_PI4IOE5V96248

?PR?I2C_START?IOEXPANDER_PI4IOE5V96248           -----    -----      -----    -----      -----    -----
  +--> ?PR?_WAIT_MS_I2C?IOEXPANDER_PI4IOE5V9...

?PR?_I2C_SENDBYTE?IOEXPANDER_PI4IOE5V...         -----    -----      -----    -----      -----    -----
  +--> ?PR?_WAIT_MS_I2C?IOEXPANDER_PI4IOE5V9...

?PR?I2C_ACK?IOEXPANDER_PI4IOE5V96248             -----    -----      -----    -----      04F4H    0001H
  +--> ?PR?_WAIT_MS_I2C?IOEXPANDER_PI4IOE5V9...

?PR?I2C_STOP?IOEXPANDER_PI4IOE5V96248            -----    -----      -----    -----      -----    -----
  +--> ?PR?_WAIT_MS_I2C?IOEXPANDER_PI4IOE5V9...

?PR?LCD_RETURN_HOME?LCD_DRIVER_SPLC780D          -----    -----      -----    -----      -----    -----
  +--> ?PR?_COMMAND?LCD_DRIVER_SPLC780D

?PR?_READ_TIME?PCF85063BTL                       -----    -----      -----    -----      04E9H    000FH
  +--> ?PR?_SPI_READTIME?PCF85063BTL

?PR?_SPI_READTIME?PCF85063BTL                    -----    -----      -----    -----      -----    -----
  +--> ?PR?_SPI_SENDBYTE?PCF85063BTL
  +--> ?PR?SPI_RECEIVEBYTE?PCF85063BTL

?PR?SPI_RECEIVEBYTE?PCF85063BTL                  -----    -----      -----    -----      -----    -----
  +--> ?PR?_PCF85063BTL_DELAY?PCF85063BTL

?PR?_ELEVATION_CALCULATION?BIPOLARMOTOR          -----    -----      -----    -----      03F8H    0005H
  +--> ?PR?_BCDTODEC1?BIPOLARMOTOR
  +--> ?PR?SUNPOS?SUNPOS
  +--> ?PR?SIN?SIN
  +--> ?PR?ASIN?ASIN

?PR?SUNPOS?SUNPOS                                -----    -----      -----    -----      0442H    005DH
  +--> ?PR?SIN?SIN
  +--> ?PR?_ATAN2?ATAN2
  +--> ?PR?ASIN?ASIN
  +--> ?PR?ACOS?ACOS

?PR?SIN?SIN                                      0020H.1  0000H.1    -----    -----      049FH    0004H

?PR?_ATAN2?ATAN2                                 -----    -----      -----    -----      049FH    0008H
  +--> ?PR?ATAN?ATAN

?PR?ATAN?ATAN                                    0020H.1  0000H.2    -----    -----      04A7H    0004H
BL51 BANKED LINKER/LOCATER V6.22                                                      08/19/2019  15:09:53  PAGE 8



?PR?ASIN?ASIN                                    -----    -----      -----    -----      -----    -----
  +--> ?PR?SQRT?SQRT
  +--> ?PR?ATAN?ATAN

?PR?SQRT?SQRT                                    -----    -----      -----    -----      049FH    0004H

?PR?ACOS?ACOS                                    -----    -----      -----    -----      -----    -----
  +--> ?PR?SQRT?SQRT
  +--> ?PR?ATAN?ATAN

?PR?PRINTF?PRINTF                                0020H.1  0001H.1    0008H    0005H      04E9H    0030H
  +--> ?PR?PUTCHAR?PUTCHAR

?PR?_CALIBRATION?CALIBRATION                     -----    -----      -----    -----      03F8H    0024H
  +--> ?PR?VOLTAGE_IS_STABLE?CALIBRATION
  +--> ?PR?_UPDATE_POSITION?BIPOLARMOTOR
  +--> ?PR?_FIND_REAL_MAX?CALIBRATION

?PR?VOLTAGE_IS_STABLE?CALIBRATION                -----    -----      -----    -----      041CH    0018H
  +--> ?PR?_ADC_GETRESULT?ADC
  +--> ?PR?_ABS?ABS

?PR?_UPDATE_POSITION?BIPOLARMOTOR                -----    -----      -----    -----      041CH    0026H
  +--> ?PR?_BCDTODEC1?BIPOLARMOTOR
  +--> ?PR?SUNPOS?SUNPOS
  +--> ?PR?SIN?SIN
  +--> ?PR?ASIN?ASIN
  +--> ?PR?_THEORICALJP_POSITION?BIPOLARMOTOR
  +--> ?PR?_FABS?FABS
  +--> ?PR?_MOVE?BIPOLARMOTOR

?PR?_THEORICALJP_POSITION?BIPOLARMOTOR           -----    -----      -----    -----      0442H    005CH
  +--> ?PR?LINEAR_INTERPOLATE?BIPOLARMOTOR

?PR?LINEAR_INTERPOLATE?BIPOLARMOTOR              -----    -----      -----    -----      049EH    0014H

?PR?_MOVE?BIPOLARMOTOR                           0020H.1  0000H.1    -----    -----      04E9H    0004H
  +--> ?PR?_STEP_MOVE?BIPOLARMOTOR

?PR?_FIND_REAL_MAX?CALIBRATION                   -----    -----      -----    -----      041CH    00CDH
  +--> ?PR?_ADC_GETRESULT?ADC
  +--> ?PR?_WAIT_MS?LCD_DRIVER_SPLC780D
  +--> ?CO?CALIBRATION
  +--> ?PR?PRINTF?PRINTF
  +--> ?PR?_SENDSTRING?UART1
  +--> ?PR?_COMMAND?LCD_DRIVER_SPLC780D
  +--> ?PR?_WRITEDATA?LCD_DRIVER_SPLC780D
  +--> ?PR?_DISPLAY_POS?LCD_DRIVER_SPLC780D
  +--> ?PR?_MOVE?BIPOLARMOTOR
  +--> ?PR?_READ_TIME?PCF85063BTL
  +--> ?PR?_BCDTODEC1?BIPOLARMOTOR
  +--> ?PR?_MAX_VALUE?CALIBRATION

?PR?_MAX_VALUE?CALIBRATION                       -----    -----      -----    -----      04E9H    0004H

?PR?_AT25SF041_READ?AT25SF041                    -----    -----      -----    -----      03F8H    0008H
BL51 BANKED LINKER/LOCATER V6.22                                                      08/19/2019  15:09:53  PAGE 9


  +--> ?PR?_WAIT_MS_SPINOR?AT25SF041
  +--> ?PR?UCREAD_STATUS_REGISTER_BYTE1?AT25...

?PR?UCREAD_STATUS_REGISTER_BYTE1?AT25...         -----    -----      -----    -----      040EH    0003H
  +--> ?PR?_WAIT_MS_SPINOR?AT25SF041

?PR?AT25SF041_WRITEENABLE?AT25SF041              -----    -----      -----    -----      0406H    0002H
  +--> ?PR?_WAIT_MS_SPINOR?AT25SF041
  +--> ?PR?UCREAD_STATUS_REGISTER_BYTE1?AT25...

?PR?_AT25SF041_WRITE?AT25SF041                   -----    -----      -----    -----      0406H    0008H
  +--> ?PR?_WAIT_MS_SPINOR?AT25SF041
  +--> ?PR?UCREAD_STATUS_REGISTER_BYTE1?AT25...

?PR?SPI_NOR_WRITE_DATA?AT25SF041                 -----    -----      -----    -----      03F8H    000EH
  +--> ?PR?AT25SF041_WRITEENABLE?AT25SF041
  +--> ?PR?_AT25SF041_WRITE?AT25SF041
  +--> ?PR?_WAIT_MS_SPINOR?AT25SF041

?PR?AT25SF041_CHIPERASE?AT25SF041                -----    -----      -----    -----      03F8H    0002H
  +--> ?PR?_WAIT_MS_SPINOR?AT25SF041
  +--> ?PR?UCREAD_STATUS_REGISTER_BYTE1?AT25...



SYMBOL TABLE OF MODULE:  .\Obj\GPIO_RTC_Test (MAIN)

  VALUE           TYPE          NAME
  ----------------------------------

  -------         MODULE        MAIN
  C:0000H         SYMBOL        _ICE_DUMMY_
  X:0521H         PUBLIC        calib_value
  D:0080H         PUBLIC        P0
  D:0090H         PUBLIC        P1
  D:00A0H         PUBLIC        P2
  D:00B0H         PUBLIC        P3
  D:00C0H         PUBLIC        P4
  D:00C8H         PUBLIC        P5
  X:0575H         SYMBOL        PressedKey
  B:00A8H.7       PUBLIC        EA
  D:00E8H         PUBLIC        P6
  X:0579H         PUBLIC        calib_stamp
  D:00F8H         PUBLIC        P7
  X:057AH         PUBLIC        sTempString
  X:0583H         PUBLIC        calib_bool
  X:05ADH         PUBLIC        pwm_time_min
  D:00A8H         PUBLIC        IE
  X:05B1H         PUBLIC        calib_time
  X:0605H         PUBLIC        pwm_time_max
  B:0090H.7       PUBLIC        Connect_Electronics_Load
  D:00B8H         PUBLIC        IP
  B:0098H.0       PUBLIC        RI
  B:00B0H.2       PUBLIC        INT0
  X:0609H         PUBLIC        months
  B:0098H.1       PUBLIC        TI
  C:000EH         PUBLIC        Uart
BL51 BANKED LINKER/LOCATER V6.22                                                      08/19/2019  15:09:53  PAGE 10


  D:00D8H         PUBLIC        CCON
  C:0026H         PUBLIC        main
  X:060AH         PUBLIC        found_1st_point
  X:060CH         PUBLIC        i_point1
  X:060EH         PUBLIC        i_point2
  X:0610H         PUBLIC        count
  B:0090H.2       PUBLIC        Connect_IV_Load
  D:0099H         PUBLIC        SBUF
  X:0612H         PUBLIC        days
  X:0613H         PUBLIC        hours
  D:0098H         PUBLIC        SCON
  D:0089H         PUBLIC        TMOD
  D:0088H         PUBLIC        TCON
  B:00A0H.3       PUBLIC        P23
  X:0614H         SYMBOL        KeyCount
  X:0616H         PUBLIC        mins
  B:00C8H.5       PUBLIC        P55
  X:0617H         PUBLIC        diff_of_offset
  D:008EH         PUBLIC        AUXR
  C:726EH         PUBLIC        tm0_isr
  B:0090H.5       PUBLIC        SI1120_STX
  C:749EH         PUBLIC        tm1_isr
  B:0021H.2       PUBLIC        busy
  D:00E0H         PUBLIC        ACC
  B:00A8H.1       PUBLIC        ET0
  B:00A8H.3       PUBLIC        ET1
  X:061BH         PUBLIC        SPI_NOR_INTERNAL_FLASH_ADDR
  D:008CH         PUBLIC        TH0
  D:008DH         PUBLIC        TH1
  D:008AH         PUBLIC        TL0
  D:008BH         PUBLIC        TL1
  X:061FH         PUBLIC        ii
  X:0621H         PUBLIC        jj
  B:0088H.4       PUBLIC        TR0
  B:0088H.6       PUBLIC        TR1
  X:0623H         PUBLIC        old_mins
  C:640FH         PUBLIC        exint0
  X:0624H         SYMBOL        KeyNum
  X:0625H         SYMBOL        KeyNum_Old
  X:0626H         PUBLIC        timer0_count
  X:0628H         PUBLIC        current_position
  X:062CH         PUBLIC        pwm_time
  X:0630H         PUBLIC        i
  X:0632H         PUBLIC        j
  X:0634H         PUBLIC        start_timer0_count
  X:0635H         PUBLIC        seconds
  D:00D0H         PUBLIC        PSW
  C:74A7H         PUBLIC        _SendUART1
  -------         PROC          TM0_ISR
  C:726EH         LINE#         106
  C:7274H         LINE#         110
  C:7277H         LINE#         111
  C:727AH         LINE#         112
  C:7288H         LINE#         113
  -------         ENDPROC       TM0_ISR
  -------         PROC          TM1_ISR
  C:749EH         LINE#         114
BL51 BANKED LINKER/LOCATER V6.22                                                      08/19/2019  15:09:53  PAGE 11


  C:749EH         LINE#         116
  C:74A0H         LINE#         118
  C:74A3H         LINE#         119
  C:74A6H         LINE#         120
  -------         ENDPROC       TM1_ISR
  -------         PROC          EXINT0
  C:640FH         LINE#         121
  C:642CH         LINE#         125
  C:642FH         LINE#         126
  C:642FH         LINE#         127
  C:6432H         LINE#         128
  C:6435H         LINE#         129
  C:6437H         LINE#         130
  C:6439H         LINE#         134
  C:643CH         LINE#         137
  C:643CH         LINE#         138
  C:643EH         LINE#         140
  C:644AH         LINE#         141
  C:64A4H         LINE#         142
  C:64E2H         LINE#         143
  C:64E9H         LINE#         148
  C:64E9H         LINE#         150
  -------         ENDPROC       EXINT0
  -------         PROC          MAIN
  -------         DO            
  X:0519H         SYMBOL        KeyCount
  X:051BH         SYMBOL        KeyNum_Old
  X:051CH         SYMBOL        KeyNum
  X:051DH         SYMBOL        PressedKey
  X:03CAH         SYMBOL        prox_flag
  X:03CBH         SYMBOL        iUse_prevday_calib_value
  X:03CDH         SYMBOL        max_ADC_Val_JP
  X:03CFH         SYMBOL        max_ADC_Val
  X:03D1H         SYMBOL        calib_point1
  X:03D9H         SYMBOL        calib_point2
  X:03E1H         SYMBOL        dat_to_store
  X:03ECH         SYMBOL        calib_day
  X:03EEH         SYMBOL        calib_count
  X:03F0H         SYMBOL        theorical_JP_max_pos
  X:03F4H         SYMBOL        elevation
  -------         ENDDO         
  C:0026H         LINE#         152
  C:0026H         LINE#         153
  C:0026H         LINE#         158
  C:002CH         LINE#         159
  C:0031H         LINE#         161
  C:0039H         LINE#         165
  C:003FH         LINE#         166
  C:0049H         LINE#         177
  C:0051H         LINE#         178
  C:0058H         LINE#         179
  C:005EH         LINE#         181
  C:0064H         LINE#         193
  C:0067H         LINE#         194
  C:006AH         LINE#         195
  C:006DH         LINE#         197
  C:0070H         LINE#         200
BL51 BANKED LINKER/LOCATER V6.22                                                      08/19/2019  15:09:53  PAGE 12


  C:0073H         LINE#         201
  C:0076H         LINE#         203
  C:0079H         LINE#         205
  C:007CH         LINE#         206
  C:007FH         LINE#         207
  C:0082H         LINE#         208
  C:0084H         LINE#         209
  C:0086H         LINE#         210
  C:0089H         LINE#         211
  C:008BH         LINE#         212
  C:008DH         LINE#         214
  C:008FH         LINE#         215
  C:0096H         LINE#         216
  C:009DH         LINE#         217
  C:00A4H         LINE#         218
  C:00ABH         LINE#         222
  C:00B2H         LINE#         223
  C:00B7H         LINE#         224
  C:00BCH         LINE#         225
  C:00C1H         LINE#         226
  C:00C6H         LINE#         227
  C:00CBH         LINE#         230
  C:00D2H         LINE#         231
  C:00D2H         LINE#         232
  C:00F5H         LINE#         233
  C:013FH         LINE#         234
  C:0154H         LINE#         235
  C:0171H         LINE#         236
  C:0174H         LINE#         239
  C:017BH         LINE#         242
  C:017EH         LINE#         244
  C:0185H         LINE#         245
  C:018EH         LINE#         248
  C:018EH         LINE#         249
  C:018EH         LINE#         250
  C:0191H         LINE#         260
  C:0191H         LINE#         264
  C:0196H         LINE#         265
  C:019BH         LINE#         267
  C:01A0H         LINE#         269
  C:01A5H         LINE#         270
  C:01AAH         LINE#         273
  C:01BBH         LINE#         275
  C:01C0H         LINE#         276
  C:01C5H         LINE#         278
  C:01CCH         LINE#         279
  C:01D4H         LINE#         280
  C:01D9H         LINE#         281
  C:01E1H         LINE#         282
  C:01E6H         LINE#         283
  C:01F0H         LINE#         284
  C:01F5H         LINE#         285
  C:01FDH         LINE#         287
  C:0205H         LINE#         288
  C:020AH         LINE#         289
  C:0214H         LINE#         290
  C:0214H         LINE#         291
BL51 BANKED LINKER/LOCATER V6.22                                                      08/19/2019  15:09:53  PAGE 13


  C:0216H         LINE#         292
  C:0218H         LINE#         293
  C:0222H         LINE#         294
  C:0222H         LINE#         295
  C:0227H         LINE#         296
  C:0227H         LINE#         308
  C:023BH         LINE#         309
  C:023BH         LINE#         310
  C:0250H         LINE#         311
  C:025FH         LINE#         312
  C:025FH         LINE#         313
  C:0272H         LINE#         314
  C:0274H         LINE#         316
  C:0274H         LINE#         317
  C:0290H         LINE#         318
  C:0290H         LINE#         319
  C:0295H         LINE#         320
  C:0295H         LINE#         321
  C:02A9H         LINE#         322
  C:02A9H         LINE#         325
  C:02BEH         LINE#         326
  C:02CDH         LINE#         327
  C:02CDH         LINE#         328
  C:02E0H         LINE#         329
  C:02E2H         LINE#         331
  C:02E2H         LINE#         332
  C:02FEH         LINE#         333
  C:02FEH         LINE#         334
  C:0303H         LINE#         335
  C:0309H         LINE#         336
  C:0309H         LINE#         338
  C:032BH         LINE#         339
  C:032BH         LINE#         340
  C:0335H         LINE#         341
  C:033BH         LINE#         342
  C:0342H         LINE#         343
  C:0348H         LINE#         344
  C:034FH         LINE#         345
  C:034FH         LINE#         346
  C:0352H         LINE#         348
  C:0352H         LINE#         353
  C:035AH         LINE#         354
  C:0395H         LINE#         355
  C:03B3H         LINE#         356
  C:03B3H         LINE#         358
  C:03BCH         LINE#         359
  C:03C3H         LINE#         360
  C:03CCH         LINE#         361
  C:03D3H         LINE#         363
  C:03D3H         LINE#         367
  C:03E0H         LINE#         368
  C:03E0H         LINE#         371
  C:03E7H         LINE#         372
  C:03F8H         LINE#         375
  C:03F8H         LINE#         376
  C:0420H         LINE#         377
  C:0420H         LINE#         378
BL51 BANKED LINKER/LOCATER V6.22                                                      08/19/2019  15:09:53  PAGE 14


  C:0442H         LINE#         379
  C:0442H         LINE#         381
  C:0468H         LINE#         382
  C:04BEH         LINE#         383
  C:04C7H         LINE#         384
  C:04CEH         LINE#         385
  C:04D7H         LINE#         386
  C:04E0H         LINE#         387
  C:04E7H         LINE#         393
  C:04E7H         LINE#         399
  C:04E7H         LINE#         401
  C:0563H         LINE#         402
  C:057CH         LINE#         403
  C:057EH         LINE#         404
  C:0580H         LINE#         406
  C:060AH         LINE#         411
  C:0638H         LINE#         412
  C:0638H         LINE#         414
  C:066EH         LINE#         415
  C:0691H         LINE#         416
  C:06A6H         LINE#         417
  C:06B0H         LINE#         419
  C:06B3H         LINE#         421
  C:06B3H         LINE#         422
  C:06D9H         LINE#         423
  C:06D9H         LINE#         424
  C:0701H         LINE#         425
  C:07B0H         LINE#         426
  C:07D6H         LINE#         427
  C:0888H         LINE#         430
  C:0888H         LINE#         432
  C:088FH         LINE#         433
  C:0892H         LINE#         436
  C:08C7H         LINE#         437
  C:08CEH         LINE#         438
  C:08D1H         LINE#         440
  C:090BH         LINE#         441
  C:0937H         LINE#         443
  C:0966H         LINE#         445
  C:096DH         LINE#         446
  C:0974H         LINE#         447
  C:0977H         LINE#         450
  C:09DFH         LINE#         452
  C:09E6H         LINE#         454
  C:09EDH         LINE#         455
  C:09F0H         LINE#         458
  C:0AAFH         LINE#         460
  C:0AB6H         LINE#         461
  C:0AB6H         LINE#         463
  C:0AB8H         LINE#         465
  C:0AB8H         LINE#         467
  C:0AB8H         LINE#         468
  C:0AB8H         LINE#         469
  C:0AB8H         LINE#         486
  C:0AC0H         LINE#         487
  C:0AC8H         LINE#         488
  C:0AD0H         LINE#         489
BL51 BANKED LINKER/LOCATER V6.22                                                      08/19/2019  15:09:53  PAGE 15


  C:0AD8H         LINE#         491
  C:0AECH         LINE#         492
  C:0B02H         LINE#         493
  C:0B32H         LINE#         494
  C:0B52H         LINE#         496
  C:0B66H         LINE#         497
  C:0B7CH         LINE#         498
  C:0BACH         LINE#         499
  C:0BB3H         LINE#         501
  C:0BD7H         LINE#         504
  C:0C02H         LINE#         506
  C:0C0BH         LINE#         507
  C:0C12H         LINE#         508
  C:0C1BH         LINE#         509
  C:0C24H         LINE#         510
  C:0C2BH         LINE#         512
  C:0C68H         LINE#         514
  C:0C71H         LINE#         515
  C:0C78H         LINE#         516
  C:0C81H         LINE#         517
  C:0C8AH         LINE#         518
  C:0C91H         LINE#         520
  C:0CBCH         LINE#         522
  C:0CC5H         LINE#         523
  C:0CCCH         LINE#         524
  C:0CD5H         LINE#         525
  C:0CDEH         LINE#         526
  C:0CE5H         LINE#         528
  C:0D10H         LINE#         530
  C:0D19H         LINE#         531
  C:0D20H         LINE#         532
  C:0D29H         LINE#         533
  C:0D30H         LINE#         534
  C:0D39H         LINE#         535
  C:0D40H         LINE#         537
  C:0D42H         LINE#         539
  C:0D50H         LINE#         540
  C:0D50H         LINE#         541
  C:0D58H         LINE#         544
  C:0D58H         LINE#         545
  C:0D58H         LINE#         547
  C:0D7DH         LINE#         548
  C:0D7DH         LINE#         549
  C:0D9FH         LINE#         550
  C:0D9FH         LINE#         551
  C:0E1BH         LINE#         552
  C:0E1DH         LINE#         553
  C:0E1FH         LINE#         555
  C:0E77H         LINE#         558
  C:0E86H         LINE#         559
  C:0E86H         LINE#         560
  C:0E86H         LINE#         561
  C:0E86H         LINE#         562
  C:0E86H         LINE#         563
  C:0E86H         LINE#         564
  C:0E86H         LINE#         565
  C:0E86H         LINE#         568
BL51 BANKED LINKER/LOCATER V6.22                                                      08/19/2019  15:09:53  PAGE 16


  C:0E86H         LINE#         570
  C:0E86H         LINE#         571
  C:0E86H         LINE#         572
  C:0E86H         LINE#         573
  C:0E86H         LINE#         577
  C:0E86H         LINE#         579
  C:0E86H         LINE#         581
  C:0E86H         LINE#         582
  C:0E86H         LINE#         583
  C:0E86H         LINE#         584
  C:0E86H         LINE#         585
  C:0E86H         LINE#         586
  C:0E86H         LINE#         589
  C:0E86H         LINE#         591
  C:0E86H         LINE#         592
  C:0E86H         LINE#         593
  C:0E86H         LINE#         594
  C:0E86H         LINE#         595
  C:0E86H         LINE#         596
  C:0E86H         LINE#         597
  C:0E86H         LINE#         599
  C:0E89H         LINE#         602
  C:0EB0H         LINE#         603
  C:0EB0H         LINE#         606
  C:0ED2H         LINE#         607
  C:0ED2H         LINE#         608
  C:0F4EH         LINE#         610
  C:0F7BH         LINE#         613
  C:0F9CH         LINE#         614
  C:1017H         LINE#         615
  C:103DH         LINE#         616
  C:10BBH         LINE#         617
  C:10BDH         LINE#         618
  C:10BFH         LINE#         620
  C:10F8H         LINE#         621
  C:10F8H         LINE#         623
  C:1123H         LINE#         624
  C:119BH         LINE#         625
  C:11C7H         LINE#         626
  C:1256H         LINE#         629
  C:12BEH         LINE#         630
  C:12C0H         LINE#         632
  C:12C0H         LINE#         633
  C:1323H         LINE#         634
  C:1323H         LINE#         637
  C:1332H         LINE#         638
  C:1332H         LINE#         639
  C:13B0H         LINE#         640
  C:13B9H         LINE#         641
  C:13C0H         LINE#         642
  C:13C9H         LINE#         643
  C:13D2H         LINE#         644
  C:13D9H         LINE#         647
  C:1404H         LINE#         649
  C:140DH         LINE#         650
  C:1414H         LINE#         651
  C:141DH         LINE#         652
BL51 BANKED LINKER/LOCATER V6.22                                                      08/19/2019  15:09:53  PAGE 17


  C:1426H         LINE#         656
  C:142DH         LINE#         658
  C:1458H         LINE#         660
  C:1461H         LINE#         661
  C:1468H         LINE#         662
  C:1471H         LINE#         663
  C:1478H         LINE#         665
  C:1481H         LINE#         666
  C:1488H         LINE#         669
  C:14C6H         LINE#         671
  C:14CFH         LINE#         672
  C:14D6H         LINE#         673
  C:14DFH         LINE#         674
  C:14E8H         LINE#         675
  C:14EFH         LINE#         676
  C:14EFH         LINE#         678
  C:14EFH         LINE#         680
  C:14EFH         LINE#         681
  C:14EFH         LINE#         683
  C:14EFH         LINE#         687
  C:150BH         LINE#         688
  C:150BH         LINE#         689
  C:150DH         LINE#         692
  C:1510H         LINE#         694
  C:1540H         LINE#         695
  C:1540H         LINE#         696
  C:1542H         LINE#         698
  C:1551H         LINE#         699
  C:1551H         LINE#         701
  C:1554H         LINE#         703
  C:1557H         LINE#         704
  C:155EH         LINE#         706
  C:157AH         LINE#         707
  C:157AH         LINE#         708
  C:1597H         LINE#         709
  C:1597H         LINE#         710
  C:159DH         LINE#         711
  C:15A0H         LINE#         714
  C:15D5H         LINE#         715
  C:15DCH         LINE#         716
  C:15DFH         LINE#         718
  C:1619H         LINE#         719
  C:162FH         LINE#         721
  C:1648H         LINE#         723
  C:164FH         LINE#         724
  C:1656H         LINE#         725
  C:1659H         LINE#         728
  C:16AEH         LINE#         730
  C:16B5H         LINE#         732
  C:16BCH         LINE#         733
  C:16BFH         LINE#         736
  C:176BH         LINE#         738
  C:1772H         LINE#         739
  C:1772H         LINE#         740
  C:1783H         LINE#         742
  C:1783H         LINE#         746
  C:178AH         LINE#         747
BL51 BANKED LINKER/LOCATER V6.22                                                      08/19/2019  15:09:53  PAGE 18


  C:178AH         LINE#         750
  C:1799H         LINE#         751
  C:1799H         LINE#         752
  C:17CBH         LINE#         753
  C:17CBH         LINE#         754
  C:184AH         LINE#         756
  C:1851H         LINE#         757
  C:1854H         LINE#         759
  C:188EH         LINE#         760
  C:18A4H         LINE#         762
  C:18BDH         LINE#         764
  C:18C4H         LINE#         765
  C:18CBH         LINE#         766
  C:18CEH         LINE#         768
  C:1923H         LINE#         769
  C:192AH         LINE#         771
  C:1931H         LINE#         772
  C:1934H         LINE#         774
  C:19E0H         LINE#         775
  C:19E7H         LINE#         777
  C:19EEH         LINE#         778
  C:19F1H         LINE#         780
  C:1A15H         LINE#         781
  C:1A1CH         LINE#         782
  C:1A2DH         LINE#         785
  C:1A41H         LINE#         786
  C:1A55H         LINE#         787
  C:1A64H         LINE#         788
  C:1A64H         LINE#         790
  C:1A97H         LINE#         791
  C:1A97H         LINE#         792
  C:1ABDH         LINE#         794
  C:1ADCH         LINE#         796
  C:1AEEH         LINE#         799
  C:1B18H         LINE#         802
  C:1B27H         LINE#         803
  C:1B2AH         LINE#         806
  C:1B5BH         LINE#         807
  C:1B5BH         LINE#         809
  C:1B81H         LINE#         811
  C:1BA0H         LINE#         812
  C:1BB2H         LINE#         815
  C:1BDCH         LINE#         818
  C:1BECH         LINE#         819
  C:1BF2H         LINE#         820
  C:1C06H         LINE#         821
  C:1C1AH         LINE#         822
  C:1C22H         LINE#         823
  C:1C2FH         LINE#         824
  C:1C2FH         LINE#         825
  C:1C53H         LINE#         826
  C:1C53H         LINE#         827
  C:1C9DH         LINE#         828
  C:1CA4H         LINE#         829
  C:1CA7H         LINE#         832
  C:1CCBH         LINE#         834
  C:1CD2H         LINE#         835
BL51 BANKED LINKER/LOCATER V6.22                                                      08/19/2019  15:09:53  PAGE 19


  C:1CD5H         LINE#         837
  C:1D08H         LINE#         838
  C:1D27H         LINE#         840
  C:1D49H         LINE#         842
  C:1D50H         LINE#         844
  C:1D57H         LINE#         845
  C:1D5AH         LINE#         847
  C:1DAFH         LINE#         848
  C:1DB6H         LINE#         850
  C:1DBDH         LINE#         851
  C:1DC0H         LINE#         853
  C:1E6CH         LINE#         854
  C:1E73H         LINE#         855
  C:1E84H         LINE#         856
  C:1E84H         LINE#         857
  C:1E84H         LINE#         861
  C:1EA6H         LINE#         862
  C:1EB3H         LINE#         863
  C:1EB3H         LINE#         864
  C:1ED6H         LINE#         865
  C:1ED6H         LINE#         866
  C:1F26H         LINE#         867
  C:1F26H         LINE#         868
  C:1F2DH         LINE#         869
  C:1F30H         LINE#         871
  C:1F6AH         LINE#         872
  C:1F80H         LINE#         874
  C:1F99H         LINE#         876
  C:1FA0H         LINE#         877
  C:1FA7H         LINE#         878
  C:1FAAH         LINE#         880
  C:1FFFH         LINE#         881
  C:2006H         LINE#         883
  C:200DH         LINE#         884
  C:2010H         LINE#         886
  C:20BCH         LINE#         887
  C:20C3H         LINE#         889
  C:20CAH         LINE#         890
  C:20CDH         LINE#         892
  C:20F1H         LINE#         893
  C:20F8H         LINE#         894
  C:20F8H         LINE#         895
  C:2109H         LINE#         896
  C:2109H         LINE#         897
  C:2109H         LINE#         899
  C:2118H         LINE#         900
  C:2118H         LINE#         901
  C:211BH         LINE#         902
  C:2122H         LINE#         903
  C:2127H         LINE#         904
  C:212CH         LINE#         905
  C:2131H         LINE#         906
  C:2136H         LINE#         907
  C:213BH         LINE#         917
  C:213EH         LINE#         919
  C:2141H         LINE#         920
  C:2148H         LINE#         921
BL51 BANKED LINKER/LOCATER V6.22                                                      08/19/2019  15:09:53  PAGE 20


  C:2152H         LINE#         922
  C:2159H         LINE#         924
  C:215CH         LINE#         933
  C:215CH         LINE#         934
  -------         ENDPROC       MAIN
  -------         PROC          UART
  C:000EH         LINE#         948
  C:000EH         LINE#         950
  C:0011H         LINE#         951
  C:0011H         LINE#         952
  C:0013H         LINE#         954
  C:0013H         LINE#         955
  C:0016H         LINE#         956
  C:0016H         LINE#         957
  C:0018H         LINE#         958
  C:001AH         LINE#         959
  C:001AH         LINE#         960
  -------         ENDPROC       UART
  -------         PROC          _SENDUART1
  D:0007H         SYMBOL        dat
  C:74A7H         LINE#         962
  C:74A7H         LINE#         963
  C:74A7H         LINE#         964
  C:74AAH         LINE#         965
  C:74ACH         LINE#         966
  C:74ADH         LINE#         967
  C:74AFH         LINE#         968
  -------         ENDPROC       _SENDUART1
  -------         ENDMOD        MAIN

  -------         MODULE        PCF85063BTL
  C:0000H         SYMBOL        _ICE_DUMMY_
  D:0096H         PUBLIC        P2M0
  D:0080H         PUBLIC        P0
  D:0095H         PUBLIC        P2M1
  D:0090H         PUBLIC        P1
  D:00A0H         PUBLIC        P2
  D:00B0H         PUBLIC        P3
  D:00C0H         PUBLIC        P4
  D:00C8H         PUBLIC        P5
  D:00E8H         PUBLIC        P6
  B:00A0H.1       PUBLIC        PCF85063BTL_SDI
  D:00F8H         PUBLIC        P7
  B:00A0H.2       PUBLIC        PCF85063BTL_SCK
  B:00A0H.1       PUBLIC        PCF85063BTL_SDO
  D:00A8H         PUBLIC        IE
  C:6D29H         PUBLIC        _Read_time
  C:73C9H         PUBLIC        _PCF85063BTL_Delay
  D:00B8H         PUBLIC        IP
  D:00D8H         PUBLIC        CCON
  C:6BB6H         PUBLIC        _Day_Of_Year
  C:72AFH         PUBLIC        SPI_ReceiveByte
  D:0098H         PUBLIC        SCON
  D:0088H         PUBLIC        TCON
  C:73FCH         PUBLIC        _BCDtoDec
  B:00A0H.0       PUBLIC        PCF85063BTL_CS
  C:73EBH         PUBLIC        _SPI_ReadTime
BL51 BANKED LINKER/LOCATER V6.22                                                      08/19/2019  15:09:53  PAGE 21


  C:744BH         PUBLIC        SPI_Init
  C:733FH         PUBLIC        _SPI_WriteTime
  C:728FH         PUBLIC        _SPI_SendByte
  D:00D0H         PUBLIC        PSW
  C:73C5H         SYMBOL        L?0048
  -------         PROC          L?0047
  -------         ENDPROC       L?0047
  C:73C5H         SYMBOL        L?0048
  -------         PROC          _PCF85063BTL_DELAY
  D:0006H         SYMBOL        us
  C:73C9H         LINE#         8
  C:73C9H         LINE#         9
  C:73C9H         LINE#         10
  C:73D3H         LINE#         11
  C:73D3H         LINE#         12
  C:73D4H         LINE#         13
  C:73D6H         LINE#         14
  -------         ENDPROC       _PCF85063BTL_DELAY
  -------         PROC          _SPI_SENDBYTE
  D:0005H         SYMBOL        dat
  -------         DO            
  D:0003H         SYMBOL        i
  -------         ENDDO         
  C:728FH         LINE#         17
  C:7291H         LINE#         18
  C:7291H         LINE#         20
  C:7293H         LINE#         21
  C:7293H         LINE#         22
  C:7295H         LINE#         23
  C:7299H         LINE#         24
  C:7299H         LINE#         25
  C:729BH         LINE#         26
  C:729DH         LINE#         28
  C:729DH         LINE#         29
  C:729FH         LINE#         30
  C:729FH         LINE#         31
  C:72A2H         LINE#         32
  C:72A2H         LINE#         33
  C:72A5H         LINE#         34
  C:72A9H         LINE#         35
  C:72AEH         LINE#         36
  -------         ENDPROC       _SPI_SENDBYTE
  -------         PROC          SPI_RECEIVEBYTE
  -------         DO            
  D:0003H         SYMBOL        i
  D:0005H         SYMBOL        dat
  -------         ENDDO         
  C:72AFH         LINE#         39
  C:72AFH         LINE#         40
  C:72AFH         LINE#         42
  C:72B1H         LINE#         44
  C:72B3H         LINE#         45
  C:72B4H         LINE#         46
  C:72B4H         LINE#         47
  C:72B8H         LINE#         48
  C:72BAH         LINE#         49
  C:72BDH         LINE#         51
BL51 BANKED LINKER/LOCATER V6.22                                                      08/19/2019  15:09:53  PAGE 22


  C:72C0H         LINE#         52
  C:72C0H         LINE#         53
  C:72C4H         LINE#         54
  C:72C4H         LINE#         55
  C:72C4H         LINE#         56
  C:72C7H         LINE#         57
  C:72CCH         LINE#         58
  C:72CEH         LINE#         59
  -------         ENDPROC       SPI_RECEIVEBYTE
  -------         PROC          _SPI_READTIME
  D:0007H         SYMBOL        addr
  -------         DO            
  D:0006H         SYMBOL        dat
  -------         ENDDO         
  C:73EBH         LINE#         61
  C:73EBH         LINE#         62
  C:73EBH         LINE#         64
  C:73EDH         LINE#         65
  C:73EFH         LINE#         66
  C:73F6H         LINE#         67
  C:73F9H         LINE#         68
  C:73FBH         LINE#         69
  C:73FBH         LINE#         70
  -------         ENDPROC       _SPI_READTIME
  -------         PROC          _SPI_WRITETIME
  D:0002H         SYMBOL        val
  D:0005H         SYMBOL        addr
  C:733FH         LINE#         71
  C:7341H         LINE#         72
  C:7341H         LINE#         74
  C:7343H         LINE#         75
  C:734AH         LINE#         76
  C:734FH         LINE#         77
  C:7354H         LINE#         78
  C:7356H         LINE#         79
  -------         ENDPROC       _SPI_WRITETIME
  -------         PROC          SPI_INIT
  C:744BH         LINE#         83
  C:744BH         LINE#         84
  C:744BH         LINE#         89
  C:744EH         LINE#         90
  C:7451H         LINE#         91
  C:7453H         LINE#         92
  C:7455H         LINE#         93
  C:7457H         LINE#         94
  -------         ENDPROC       SPI_INIT
  -------         PROC          _READ_TIME
  X:04E9H         SYMBOL        months
  X:04ECH         SYMBOL        days
  X:04EFH         SYMBOL        hours
  X:04F2H         SYMBOL        mins
  X:04F5H         SYMBOL        seconds
  C:6D29H         LINE#         96
  C:6D34H         LINE#         97
  C:6D34H         LINE#         99
  C:6D48H         LINE#         101
  C:6D5CH         LINE#         103
BL51 BANKED LINKER/LOCATER V6.22                                                      08/19/2019  15:09:53  PAGE 23


  C:6D70H         LINE#         108
  C:6D84H         LINE#         113
  -------         ENDPROC       _READ_TIME
  -------         PROC          _BCDTODEC
  D:0007H         SYMBOL        bcd
  -------         DO            
  D:0006H         SYMBOL        hi
  D:0007H         SYMBOL        lo
  -------         ENDDO         
  C:73FCH         LINE#         119
  C:73FCH         LINE#         120
  C:73FCH         LINE#         122
  C:7401H         LINE#         123
  C:7405H         LINE#         124
  C:740CH         LINE#         125
  -------         ENDPROC       _BCDTODEC
  -------         PROC          _DAY_OF_YEAR
  D:0007H         SYMBOL        months_bcd
  D:0005H         SYMBOL        days_bcd
  -------         DO            
  D:0004H         SYMBOL        months
  D:0007H         SYMBOL        days
  -------         ENDDO         
  C:6BB6H         LINE#         126
  C:6BB6H         LINE#         127
  C:6BB6H         LINE#         130
  C:6BBBH         LINE#         132
  C:6BC0H         LINE#         134
  C:6BF9H         LINE#         135
  C:6BF9H         LINE#         136
  C:6BF9H         LINE#         137
  C:6BFCH         LINE#         138
  C:6BFCH         LINE#         139
  C:6BFCH         LINE#         140
  C:6C01H         LINE#         141
  C:6C01H         LINE#         142
  C:6C01H         LINE#         143
  C:6C06H         LINE#         144
  C:6C06H         LINE#         145
  C:6C06H         LINE#         146
  C:6C0BH         LINE#         147
  C:6C0BH         LINE#         148
  C:6C0BH         LINE#         149
  C:6C10H         LINE#         150
  C:6C10H         LINE#         151
  C:6C10H         LINE#         152
  C:6C15H         LINE#         153
  C:6C15H         LINE#         154
  C:6C15H         LINE#         155
  C:6C1AH         LINE#         156
  C:6C1AH         LINE#         157
  C:6C1AH         LINE#         158
  C:6C1FH         LINE#         159
  C:6C1FH         LINE#         160
  C:6C1FH         LINE#         161
  C:6C27H         LINE#         162
  C:6C27H         LINE#         163
BL51 BANKED LINKER/LOCATER V6.22                                                      08/19/2019  15:09:53  PAGE 24


  C:6C27H         LINE#         164
  C:6C2CH         LINE#         165
  C:6C2CH         LINE#         166
  C:6C2CH         LINE#         167
  C:6C31H         LINE#         168
  C:6C31H         LINE#         169
  C:6C31H         LINE#         170
  C:6C3AH         LINE#         171
  C:6C3AH         LINE#         172
  C:6C3AH         LINE#         173
  C:6C3DH         LINE#         174
  C:6C3DH         LINE#         175
  -------         ENDPROC       _DAY_OF_YEAR
  -------         ENDMOD        PCF85063BTL

  -------         MODULE        LCD_DRIVER_SPLC780D
  C:0000H         SYMBOL        _ICE_DUMMY_
  D:0092H         PUBLIC        P1M0
  D:0091H         PUBLIC        P1M1
  D:0080H         PUBLIC        P0
  D:0090H         PUBLIC        P1
  D:00A0H         PUBLIC        P2
  D:00B0H         PUBLIC        P3
  D:00C0H         PUBLIC        P4
  D:00C8H         PUBLIC        P5
  D:00E8H         PUBLIC        P6
  D:00F8H         PUBLIC        P7
  C:6C42H         PUBLIC        _WriteData
  D:00A8H         PUBLIC        IE
  D:00B8H         PUBLIC        IP
  D:00D8H         PUBLIC        CCON
  B:00B0H.4       PUBLIC        LCD_D4
  B:00B0H.5       PUBLIC        LCD_D5
  B:00B0H.6       PUBLIC        LCD_D6
  C:72EDH         PUBLIC        _DisplayLCD
  B:00B0H.7       PUBLIC        LCD_D7
  D:0098H         PUBLIC        SCON
  D:0088H         PUBLIC        TCON
  C:7494H         PUBLIC        LCD_clear
  C:6FC4H         PUBLIC        _Command
  C:7384H         PUBLIC        _Display_Line
  C:6DF2H         PUBLIC        LCD_Init
  C:722CH         PUBLIC        _Wait_ms
  B:00C0H.0       PUBLIC        LCD_RS
  B:0090H.3       PUBLIC        LCD_RW
  C:748AH         PUBLIC        LCD_return_home
  C:5E5DH         PUBLIC        _Display_Pos
  B:00B0H.3       PUBLIC        LCD_E
  D:00D0H         PUBLIC        PSW
  -------         PROC          LCD_INIT
  C:6DF2H         LINE#         9
  C:6DF2H         LINE#         10
  C:6DF2H         LINE#         11
  C:6DF5H         LINE#         12
  C:6DF8H         LINE#         14
  C:6DFEH         LINE#         15
  C:6E03H         LINE#         17
BL51 BANKED LINKER/LOCATER V6.22                                                      08/19/2019  15:09:53  PAGE 25


  C:6E0AH         LINE#         18
  C:6E0FH         LINE#         20
  C:6E12H         LINE#         21
  C:6E17H         LINE#         23
  C:6E1AH         LINE#         24
  C:6E1FH         LINE#         26
  C:6E26H         LINE#         29
  C:6E2BH         LINE#         30
  C:6E30H         LINE#         32
  C:6E35H         LINE#         33
  C:6E3AH         LINE#         35
  C:6E3FH         LINE#         36
  C:6E44H         LINE#         37
  -------         ENDPROC       LCD_INIT
  C:6C3EH         SYMBOL        L?0035
  -------         PROC          L?0034
  -------         ENDPROC       L?0034
  C:6C3EH         SYMBOL        L?0035
  -------         PROC          _WRITEDATA
  X:04F4H         SYMBOL        dat
  C:6C42H         LINE#         40
  C:6C47H         LINE#         41
  C:6C47H         LINE#         46
  C:6C49H         LINE#         47
  C:6C4BH         LINE#         49
  C:6C59H         LINE#         50
  C:6C65H         LINE#         51
  C:6C71H         LINE#         52
  C:6C7BH         LINE#         53
  C:6C7DH         LINE#         54
  C:6C84H         LINE#         55
  C:6C86H         LINE#         57
  C:6C96H         LINE#         58
  C:6CA1H         LINE#         59
  C:6CABH         LINE#         60
  C:6CAFH         LINE#         62
  C:6CAFH         LINE#         63
  C:6CB2H         LINE#         64
  C:6CB4H         LINE#         65
  C:6CB6H         LINE#         67
  -------         ENDPROC       _WRITEDATA
  -------         PROC          _COMMAND
  D:0007H         SYMBOL        dat
  C:6FC4H         LINE#         69
  C:6FC4H         LINE#         70
  C:6FC4H         LINE#         71
  C:6FC6H         LINE#         72
  C:6FC8H         LINE#         74
  C:6FD2H         LINE#         75
  C:6FD6H         LINE#         77
  C:6FD8H         LINE#         78
  C:6FE1H         LINE#         79
  C:6FE5H         LINE#         81
  C:6FE7H         LINE#         82
  C:6FEEH         LINE#         83
  C:6FF2H         LINE#         85
  C:6FF4H         LINE#         86
BL51 BANKED LINKER/LOCATER V6.22                                                      08/19/2019  15:09:53  PAGE 26


  C:6FF8H         LINE#         87
  C:6FFCH         LINE#         89
  C:6FFEH         LINE#         90
  C:6FFEH         LINE#         91
  C:7001H         LINE#         92
  C:7003H         LINE#         93
  -------         ENDPROC       _COMMAND
  C:7228H         SYMBOL        L?0037
  -------         PROC          L?0036
  -------         ENDPROC       L?0036
  C:7228H         SYMBOL        L?0037
  -------         PROC          _WAIT_MS
  D:0006H         SYMBOL        ms
  -------         DO            
  D:0004H         SYMBOL        De_Cnt
  -------         ENDDO         
  C:722CH         LINE#         95
  C:722CH         LINE#         96
  C:722CH         LINE#         98
  C:7236H         LINE#         99
  C:7236H         LINE#         100
  C:7249H         LINE#         101
  C:7249H         LINE#         102
  -------         ENDPROC       _WAIT_MS
  -------         PROC          _DISPLAYLCD
  D:0007H         SYMBOL        BCD
  -------         DO            
  D:0006H         SYMBOL        first_digit
  X:03F8H         SYMBOL        second_digit
  -------         ENDDO         
  C:72EDH         LINE#         103
  C:72EDH         LINE#         104
  C:72EDH         LINE#         106
  C:72F4H         LINE#         107
  C:72FDH         LINE#         109
  C:7302H         LINE#         111
  -------         ENDPROC       _DISPLAYLCD
  -------         PROC          LCD_RETURN_HOME
  C:748AH         LINE#         115
  C:748AH         LINE#         116
  C:748AH         LINE#         117
  C:748FH         LINE#         118
  -------         ENDPROC       LCD_RETURN_HOME
  -------         PROC          LCD_CLEAR
  C:7494H         LINE#         121
  C:7494H         LINE#         122
  C:7494H         LINE#         123
  C:7499H         LINE#         124
  -------         ENDPROC       LCD_CLEAR
  -------         PROC          _DISPLAY_LINE
  D:0006H         SYMBOL        line
  C:7384H         LINE#         128
  C:7384H         LINE#         129
  C:7384H         LINE#         130
  C:738AH         LINE#         131
  C:738AH         LINE#         132
  C:738CH         LINE#         133
BL51 BANKED LINKER/LOCATER V6.22                                                      08/19/2019  15:09:53  PAGE 27


  C:738CH         LINE#         134
  C:738EH         LINE#         136
  C:738EH         LINE#         137
  C:7393H         LINE#         138
  C:7398H         LINE#         139
  C:7398H         LINE#         140
  -------         ENDPROC       _DISPLAY_LINE
  -------         PROC          _DISPLAY_POS
  X:04E9H         SYMBOL        sign_dat
  -------         DO            
  X:04EDH         SYMBOL        unit
  X:04EEH         SYMBOL        ten
  X:04EFH         SYMBOL        hundred
  X:04F0H         SYMBOL        thousand
  X:04F1H         SYMBOL        after_dot
  X:04F2H         SYMBOL        dat
  -------         ENDDO         
  C:5E5DH         LINE#         142
  C:5E63H         LINE#         143
  C:5E63H         LINE#         147
  C:5E7FH         LINE#         148
  C:5E99H         LINE#         149
  C:5EBDH         LINE#         151
  C:5F07H         LINE#         153
  C:5F1EH         LINE#         154
  C:5F30H         LINE#         155
  C:5F55H         LINE#         156
  C:5F6FH         LINE#         157
  C:5F87H         LINE#         158
  C:5F87H         LINE#         159
  C:5F87H         LINE#         160
  C:5F87H         LINE#         161
  C:5F87H         LINE#         162
  C:5F87H         LINE#         163
  C:5F87H         LINE#         164
  C:5F87H         LINE#         168
  C:5F89H         LINE#         170
  C:5F89H         LINE#         172
  C:5F8EH         LINE#         173
  C:5F94H         LINE#         174
  C:5F9AH         LINE#         175
  C:5FA0H         LINE#         176
  C:5FA6H         LINE#         177
  C:5FABH         LINE#         178
  C:5FB1H         LINE#         182
  C:5FB1H         LINE#         184
  -------         ENDPROC       _DISPLAY_POS
  -------         ENDMOD        LCD_DRIVER_SPLC780D

  -------         MODULE        KEYPAD
  C:0000H         SYMBOL        _ICE_DUMMY_
  D:0093H         PUBLIC        P0M1
  D:0080H         PUBLIC        P0
  D:0090H         PUBLIC        P1
  D:00A0H         PUBLIC        P2
  D:00B0H         PUBLIC        P3
  D:00C0H         PUBLIC        P4
BL51 BANKED LINKER/LOCATER V6.22                                                      08/19/2019  15:09:53  PAGE 28


  D:00C8H         PUBLIC        P5
  D:00E8H         PUBLIC        P6
  D:00F8H         PUBLIC        P7
  D:00A8H         PUBLIC        IE
  C:5859H         PUBLIC        Key_Scan
  D:00B8H         PUBLIC        IP
  D:00D8H         PUBLIC        CCON
  C:7472H         PUBLIC        KeyPad_IO_Init
  C:72CFH         PUBLIC        _Delay_ms
  D:0098H         PUBLIC        SCON
  D:0088H         PUBLIC        TCON
  X:0645H         PUBLIC        small_move
  X:0647H         PUBLIC        move
  X:0649H         PUBLIC        auto_mode
  X:064BH         PUBLIC        direction
  X:064DH         PUBLIC        SPI_NOR_ClearEnable
  C:4F86H         PUBLIC        Key_Process
  D:00D0H         PUBLIC        PSW
  D:0094H         PUBLIC        P0M0
  -------         PROC          _DELAY_MS
  D:0006H         SYMBOL        ms
  -------         DO            
  D:0004H         SYMBOL        De_Cnt
  -------         ENDDO         
  C:72CFH         LINE#         20
  C:72CFH         LINE#         21
  C:72CFH         LINE#         23
  C:72D9H         LINE#         24
  C:72D9H         LINE#         25
  C:72ECH         LINE#         26
  C:72ECH         LINE#         27
  -------         ENDPROC       _DELAY_MS
  -------         PROC          KEY_SCAN
  -------         DO            
  X:03FEH         SYMBOL        KeyTemp1
  X:03FFH         SYMBOL        KeyTemp2
  X:0400H         SYMBOL        KeyValue
  -------         ENDDO         
  C:5859H         LINE#         28
  C:5859H         LINE#         29
  C:5859H         LINE#         34
  C:585CH         LINE#         37
  C:585FH         LINE#         39
  C:5867H         LINE#         40
  C:586EH         LINE#         41
  C:586EH         LINE#         43
  C:5873H         LINE#         44
  C:587AH         LINE#         45
  C:587AH         LINE#         48
  C:587DH         LINE#         49
  C:5880H         LINE#         50
  C:5885H         LINE#         51
  C:5889H         LINE#         52
  C:5889H         LINE#         53
  C:5891H         LINE#         54
  C:5891H         LINE#         55
  C:5894H         LINE#         56
BL51 BANKED LINKER/LOCATER V6.22                                                      08/19/2019  15:09:53  PAGE 29


  C:589CH         LINE#         57
  C:589EH         LINE#         59
  C:58B2H         LINE#         60
  C:58B2H         LINE#         61
  C:58B2H         LINE#         62
  C:58B2H         LINE#         63
  C:58B8H         LINE#         65
  C:58BAH         LINE#         66
  C:58BAH         LINE#         67
  C:58BAH         LINE#         68
  C:58C0H         LINE#         70
  C:58C2H         LINE#         71
  C:58C2H         LINE#         72
  C:58C2H         LINE#         73
  C:58C8H         LINE#         75
  C:58CAH         LINE#         76
  C:58CAH         LINE#         77
  C:58CAH         LINE#         78
  C:58D0H         LINE#         80
  C:58D0H         LINE#         81
  C:58D0H         LINE#         82
  C:58D0H         LINE#         85
  C:58D3H         LINE#         86
  C:58D6H         LINE#         87
  C:58DEH         LINE#         88
  C:58E2H         LINE#         89
  C:58E2H         LINE#         90
  C:58EAH         LINE#         91
  C:58EAH         LINE#         92
  C:58EDH         LINE#         93
  C:58F5H         LINE#         94
  C:58F7H         LINE#         95
  C:590BH         LINE#         96
  C:590BH         LINE#         97
  C:590BH         LINE#         98
  C:590BH         LINE#         99
  C:5911H         LINE#         101
  C:5913H         LINE#         102
  C:5913H         LINE#         103
  C:5913H         LINE#         104
  C:5919H         LINE#         106
  C:591BH         LINE#         107
  C:591BH         LINE#         108
  C:591BH         LINE#         109
  C:5921H         LINE#         111
  C:5923H         LINE#         112
  C:5923H         LINE#         113
  C:5923H         LINE#         114
  C:5928H         LINE#         116
  C:5928H         LINE#         117
  C:5928H         LINE#         118
  C:5928H         LINE#         121
  C:592BH         LINE#         122
  C:592EH         LINE#         123
  C:5936H         LINE#         124
  C:593AH         LINE#         125
  C:593AH         LINE#         126
BL51 BANKED LINKER/LOCATER V6.22                                                      08/19/2019  15:09:53  PAGE 30


  C:5942H         LINE#         127
  C:5942H         LINE#         128
  C:5945H         LINE#         129
  C:594DH         LINE#         130
  C:594FH         LINE#         131
  C:5963H         LINE#         132
  C:5963H         LINE#         133
  C:5963H         LINE#         134
  C:5963H         LINE#         135
  C:5969H         LINE#         137
  C:596BH         LINE#         138
  C:596BH         LINE#         139
  C:596BH         LINE#         140
  C:5971H         LINE#         142
  C:5973H         LINE#         143
  C:5973H         LINE#         144
  C:5973H         LINE#         145
  C:5979H         LINE#         147
  C:597BH         LINE#         148
  C:597BH         LINE#         149
  C:597BH         LINE#         150
  C:5981H         LINE#         152
  C:5981H         LINE#         153
  C:5981H         LINE#         154
  C:5981H         LINE#         158
  C:5984H         LINE#         159
  C:5987H         LINE#         160
  C:598FH         LINE#         161
  C:5993H         LINE#         162
  C:5993H         LINE#         163
  C:599BH         LINE#         164
  C:599BH         LINE#         165
  C:599EH         LINE#         166
  C:59A6H         LINE#         167
  C:59A8H         LINE#         168
  C:59BCH         LINE#         169
  C:59BCH         LINE#         170
  C:59BCH         LINE#         171
  C:59BCH         LINE#         172
  C:59C2H         LINE#         174
  C:59C4H         LINE#         175
  C:59C4H         LINE#         176
  C:59C4H         LINE#         177
  C:59CAH         LINE#         179
  C:59CCH         LINE#         180
  C:59CCH         LINE#         181
  C:59CCH         LINE#         182
  C:59D2H         LINE#         184
  C:59D4H         LINE#         185
  C:59D4H         LINE#         186
  C:59D4H         LINE#         187
  C:59DAH         LINE#         189
  C:59DAH         LINE#         190
  C:59DAH         LINE#         191
  C:59DAH         LINE#         193
  C:59E0H         LINE#         194
  C:59E0H         LINE#         196
BL51 BANKED LINKER/LOCATER V6.22                                                      08/19/2019  15:09:53  PAGE 31


  C:59E0H         LINE#         197
  C:59E3H         LINE#         198
  C:59E3H         LINE#         199
  C:59E3H         LINE#         201
  C:59E3H         LINE#         202
  C:59E5H         LINE#         203
  C:59E5H         LINE#         204
  -------         ENDPROC       KEY_SCAN
  -------         PROC          KEY_PROCESS
  -------         DO            
  X:0636H         SYMBOL        KeyCount
  X:0637H         SYMBOL        KeyNum_Old
  X:0639H         SYMBOL        KeyNum
  X:063BH         SYMBOL        PressedKey
  X:03F8H         SYMBOL        d
  D:0002H         SYMBOL        hours
  D:0006H         SYMBOL        mins
  X:03FAH         SYMBOL        months
  X:03FCH         SYMBOL        days
  -------         ENDDO         
  C:4F86H         LINE#         205
  C:4F86H         LINE#         206
  C:4F86H         LINE#         210
  C:4F95H         LINE#         211
  C:4FA2H         LINE#         213
  C:4FA6H         LINE#         214
  C:4FA6H         LINE#         215
  C:4FACH         LINE#         217
  C:4FACH         LINE#         218
  C:4FC3H         LINE#         219
  C:4FC3H         LINE#         220
  C:4FCDH         LINE#         221
  C:4FD3H         LINE#         223
  C:4FD9H         LINE#         225
  C:4FD9H         LINE#         226
  C:4FF0H         LINE#         227
  C:4FF0H         LINE#         228
  C:4FF5H         LINE#         230
  C:4FF5H         LINE#         231
  C:5005H         LINE#         232
  C:5005H         LINE#         233
  C:500BH         LINE#         235
  C:500BH         LINE#         236
  C:501DH         LINE#         237
  C:501DH         LINE#         238
  C:5027H         LINE#         239
  C:502FH         LINE#         241
  C:5038H         LINE#         243
  C:5038H         LINE#         252
  C:5057H         LINE#         253
  C:5057H         LINE#         254
  C:5076H         LINE#         255
  C:507CH         LINE#         256
  C:5084H         LINE#         257
  C:5084H         LINE#         259
  C:5085H         LINE#         265
  C:5091H         LINE#         266
BL51 BANKED LINKER/LOCATER V6.22                                                      08/19/2019  15:09:53  PAGE 32


  C:5091H         LINE#         267
  C:50AEH         LINE#         268
  C:50C5H         LINE#         269
  C:50DCH         LINE#         270
  C:50DCH         LINE#         271
  C:50EFH         LINE#         272
  C:5102H         LINE#         273
  C:5102H         LINE#         274
  C:5102H         LINE#         275
  C:5105H         LINE#         280
  C:5114H         LINE#         281
  C:5114H         LINE#         282
  C:5137H         LINE#         283
  C:5154H         LINE#         284
  C:515DH         LINE#         285
  C:515DH         LINE#         286
  C:5164H         LINE#         287
  C:5164H         LINE#         288
  C:5175H         LINE#         289
  C:5175H         LINE#         290
  C:5184H         LINE#         291
  C:5184H         LINE#         292
  C:5184H         LINE#         293
  C:5187H         LINE#         295
  C:5187H         LINE#         296
  C:5193H         LINE#         297
  C:5193H         LINE#         298
  C:51A5H         LINE#         299
  C:51A5H         LINE#         300
  C:51B5H         LINE#         301
  C:51B5H         LINE#         302
  C:51B5H         LINE#         304
  C:51B7H         LINE#         306
  C:51B7H         LINE#         307
  C:51C6H         LINE#         308
  C:51C6H         LINE#         309
  C:51D6H         LINE#         310
  C:51D6H         LINE#         311
  C:51D6H         LINE#         313
  C:51D6H         LINE#         315
  C:51D6H         LINE#         316
  C:51D8H         LINE#         318
  C:51D8H         LINE#         319
  C:51DFH         LINE#         320
  C:51DFH         LINE#         321
  C:51EEH         LINE#         322
  C:51EEH         LINE#         323
  C:51FEH         LINE#         324
  C:51FEH         LINE#         325
  C:51FEH         LINE#         326
  C:5200H         LINE#         328
  C:5200H         LINE#         329
  C:520FH         LINE#         330
  C:520FH         LINE#         331
  C:5222H         LINE#         332
  C:5235H         LINE#         333
  C:5235H         LINE#         334
BL51 BANKED LINKER/LOCATER V6.22                                                      08/19/2019  15:09:53  PAGE 33


  C:5235H         LINE#         335
  C:5235H         LINE#         336
  C:523EH         LINE#         338
  C:523EH         LINE#         340
  C:5278H         LINE#         341
  C:5278H         LINE#         342
  C:527FH         LINE#         343
  C:527FH         LINE#         344
  C:5289H         LINE#         345
  C:5289H         LINE#         346
  C:528CH         LINE#         347
  C:5291H         LINE#         348
  C:5296H         LINE#         349
  C:529BH         LINE#         350
  C:52A0H         LINE#         351
  C:52A5H         LINE#         352
  C:52AAH         LINE#         353
  C:52AFH         LINE#         354
  C:52AFH         LINE#         355
  C:52AFH         LINE#         357
  C:52CDH         LINE#         358
  C:52CDH         LINE#         359
  C:52D4H         LINE#         360
  C:52D4H         LINE#         361
  C:52D9H         LINE#         362
  C:52E2H         LINE#         363
  C:5301H         LINE#         364
  C:5301H         LINE#         365
  C:5311H         LINE#         367
  C:5311H         LINE#         371
  -------         ENDPROC       KEY_PROCESS
  -------         PROC          KEYPAD_IO_INIT
  C:7472H         LINE#         374
  C:7472H         LINE#         375
  C:7472H         LINE#         376
  C:7475H         LINE#         377
  C:7478H         LINE#         378
  C:747BH         LINE#         379
  C:747DH         LINE#         380
  -------         ENDPROC       KEYPAD_IO_INIT
  -------         ENDMOD        KEYPAD

  -------         MODULE        BIPOLARMOTOR
  C:0000H         SYMBOL        _ICE_DUMMY_
  X:0000H         PUBLIC        UTC_time
  D:0080H         PUBLIC        P0
  D:0090H         PUBLIC        P1
  X:0004H         PUBLIC        RX_pos_test
  D:00A0H         PUBLIC        P2
  D:00B0H         PUBLIC        P3
  D:00C0H         PUBLIC        P4
  D:00C8H         PUBLIC        P5
  D:00E8H         PUBLIC        P6
  D:00F8H         PUBLIC        P7
  X:00A4H         PUBLIC        low_date_azimuth_mapping
  D:00A8H         PUBLIC        IE
  C:6602H         PUBLIC        linear_interpolate
BL51 BANKED LINKER/LOCATER V6.22                                                      08/19/2019  15:09:53  PAGE 34


  X:00CCH         PUBLIC        declination
  C:7163H         PUBLIC        _Move
  D:00B8H         PUBLIC        IP
  X:00D0H         PUBLIC        time_offset
  D:00D8H         PUBLIC        CCON
  X:00D4H         PUBLIC        previous_move_time
  X:00D5H         PUBLIC        time
  D:0098H         PUBLIC        SCON
  D:0088H         PUBLIC        TCON
  C:7004H         PUBLIC        _Step_move
  X:00E7H         PUBLIC        dat
  X:00EDH         PUBLIC        current_local_sun_time
  C:3BBDH         PUBLIC        _Update_position
  C:5312H         PUBLIC        _elevation_calculation
  X:00F1H         PUBLIC        sunCoord
[...]
  C:5A62H         LINE#         326
  C:5A62H         LINE#         328
  C:5A65H         LINE#         330
  C:5A7FH         LINE#         331
  C:5A7FH         LINE#         332
  C:5A7FH         LINE#         334
  C:5A82H         LINE#         336
  C:5A9CH         LINE#         337
  C:5A9CH         LINE#         338
  C:5A9CH         LINE#         340
  C:5A9FH         LINE#         342
  C:5AB9H         LINE#         343
  C:5AB9H         LINE#         344
  C:5AB9H         LINE#         346
  C:5ABCH         LINE#         348
  C:5AD6H         LINE#         349
BL51 BANKED LINKER/LOCATER V6.22                                                      08/19/2019  15:09:53  PAGE 55


  C:5AD6H         LINE#         350
  C:5AD6H         LINE#         352
  C:5AD9H         LINE#         354
  C:5AF3H         LINE#         355
  C:5AF3H         LINE#         356
  C:5AF3H         LINE#         358
  C:5AF6H         LINE#         360
  C:5B10H         LINE#         361
  C:5B10H         LINE#         362
  C:5B10H         LINE#         364
  C:5B13H         LINE#         366
  C:5B2DH         LINE#         367
  C:5B2DH         LINE#         368
  C:5B2DH         LINE#         370
  C:5B30H         LINE#         372
  C:5B4AH         LINE#         373
  C:5B51H         LINE#         374
  -------         ENDPROC       SPI_NOR_WRITE_DATA
  -------         ENDMOD        AT25SF041

  -------         MODULE        SI1120
  C:0000H         SYMBOL        _ICE_DUMMY_
  D:0080H         PUBLIC        P0
  D:00B2H         PUBLIC        P3M0
  D:0090H         PUBLIC        P1
  D:00B1H         PUBLIC        P3M1
  D:00A0H         PUBLIC        P2
  D:00B0H         PUBLIC        P3
  D:00C0H         PUBLIC        P4
  D:00C8H         PUBLIC        P5
  B:00A8H.7       PUBLIC        EA
  D:00E8H         PUBLIC        P6
  D:00F8H         PUBLIC        P7
  D:00A8H         PUBLIC        IE
  D:00B8H         PUBLIC        IP
  C:70B2H         PUBLIC        SI1120_CONFIG_MODE_VIRH
  D:00D8H         PUBLIC        CCON
  D:0098H         PUBLIC        SCON
  D:0088H         PUBLIC        TCON
  C:7458H         PUBLIC        Enable_EXTINT0
  B:0090H.5       PUBLIC        SI1120_STX
  B:0088H.0       PUBLIC        IT0
  B:00A8H.0       PUBLIC        EX0
  B:0090H.4       PUBLIC        SI1120_MD
  B:0090H.6       PUBLIC        SI1120_SC
  D:00D0H         PUBLIC        PSW
  -------         PROC          SI1120_CONFIG_MODE_VIRH
  C:70B2H         LINE#         4
  C:70B2H         LINE#         5
  C:70B2H         LINE#         6
  C:70B4H         LINE#         7
  C:70B6H         LINE#         8
  C:70B8H         LINE#         10
  C:70BFH         LINE#         11
  C:70C1H         LINE#         13
  C:70C3H         LINE#         14
  C:70C5H         LINE#         16
BL51 BANKED LINKER/LOCATER V6.22                                                      08/19/2019  15:09:53  PAGE 56


  C:70CCH         LINE#         18
  C:70CEH         LINE#         20
  C:70D5H         LINE#         23
  C:70D7H         LINE#         25
  C:70D9H         LINE#         27
  C:70E0H         LINE#         29
  C:70E2H         LINE#         31
  -------         ENDPROC       SI1120_CONFIG_MODE_VIRH
  -------         PROC          ENABLE_EXTINT0
  C:7458H         LINE#         33
  C:7458H         LINE#         34
  C:7458H         LINE#         35
  C:745BH         LINE#         36
  C:745EH         LINE#         37
  C:7460H         LINE#         38
  C:7462H         LINE#         39
  C:7464H         LINE#         40
  -------         ENDPROC       ENABLE_EXTINT0
  -------         ENDMOD        SI1120

  -------         MODULE        UART1
  C:0000H         SYMBOL        _ICE_DUMMY_
  D:0080H         PUBLIC        P0
  D:0090H         PUBLIC        P1
  D:00A0H         PUBLIC        P2
  D:00B0H         PUBLIC        P3
  D:00C0H         PUBLIC        P4
  D:00C8H         PUBLIC        P5
  C:724AH         PUBLIC        _uart1_SendToTCPServer
  B:00A8H.7       PUBLIC        EA
  D:00E8H         PUBLIC        P6
  D:00F8H         PUBLIC        P7
  C:707FH         PUBLIC        _SendString
  D:00A8H         PUBLIC        IE
  B:00A8H.4       PUBLIC        ES
  D:00B8H         PUBLIC        IP
  C:7357H         PUBLIC        _ASCIItoBCD
  D:00D8H         PUBLIC        CCON
  C:740DH         PUBLIC        initUART1
  D:0098H         PUBLIC        SCON
  D:0088H         PUBLIC        TCON
  C:74C6H         PUBLIC        _DectoBCD
  C:001EH         PUBLIC        _ASCII_Letter
  D:008EH         PUBLIC        AUXR
  C:0006H         PUBLIC        _unit
  C:74BFH         PUBLIC        _ten
  D:00D6H         PUBLIC        T2H
  D:00D7H         PUBLIC        T2L
  C:74B0H         PUBLIC        uart1_InitTCPConn
  D:00D0H         PUBLIC        PSW
  -------         PROC          INITUART1
  C:740DH         LINE#         24
  C:740DH         LINE#         25
  C:740DH         LINE#         26
  C:7410H         LINE#         27
  C:7413H         LINE#         28
  C:7416H         LINE#         29
BL51 BANKED LINKER/LOCATER V6.22                                                      08/19/2019  15:09:53  PAGE 57


  C:7419H         LINE#         30
  C:741BH         LINE#         31
  C:741DH         LINE#         33
  -------         ENDPROC       INITUART1
  -------         PROC          _SENDSTRING
  X:04E9H         SYMBOL        s
  C:707FH         LINE#         36
  C:708AH         LINE#         37
  C:708AH         LINE#         38
  C:709AH         LINE#         39
  C:709AH         LINE#         40
  C:70AFH         LINE#         41
  C:70B1H         LINE#         42
  -------         ENDPROC       _SENDSTRING
  -------         PROC          _TEN
  D:0007H         SYMBOL        BCD
  C:74BFH         LINE#         44
  C:74BFH         LINE#         45
  C:74BFH         LINE#         46
  C:74C4H         LINE#         47
  -------         ENDPROC       _TEN
  -------         PROC          _UNIT
  D:0007H         SYMBOL        BCD
  C:0006H         LINE#         48
  C:0006H         LINE#         49
  C:0006H         LINE#         53
  C:000AH         LINE#         54
  -------         ENDPROC       _UNIT
  -------         PROC          _DECTOBCD
  D:0007H         SYMBOL        dec
  C:74C6H         LINE#         55
  C:74C6H         LINE#         56
  C:74C6H         LINE#         58
  C:74C6H         LINE#         59
  -------         ENDPROC       _DECTOBCD
  -------         PROC          _ASCII_LETTER
  D:0007H         SYMBOL        dat
  C:001EH         LINE#         61
  C:001EH         LINE#         62
  C:001EH         LINE#         64
  C:0022H         LINE#         65
  -------         ENDPROC       _ASCII_LETTER
  -------         PROC          _ASCIITOBCD
  D:0001H         SYMBOL        ascii
  -------         DO            
  D:0007H         SYMBOL        dec_val
  D:0006H         SYMBOL        ten
  D:0007H         SYMBOL        unit
  -------         ENDDO         
  C:7357H         LINE#         67
  C:7357H         LINE#         68
  C:7357H         LINE#         70
  C:735AH         LINE#         71
  C:7360H         LINE#         72
  C:7367H         LINE#         73
  C:736DH         LINE#         75
  -------         ENDPROC       _ASCIITOBCD
BL51 BANKED LINKER/LOCATER V6.22                                                      08/19/2019  15:09:53  PAGE 58


  -------         PROC          UART1_INITTCPCONN
  C:74B0H         LINE#         77
  C:74B0H         LINE#         78
  C:74B0H         LINE#         82
  -------         ENDPROC       UART1_INITTCPCONN
  -------         PROC          _UART1_SENDTOTCPSERVER
  X:03F8H         SYMBOL        str
  C:724AH         LINE#         85
  C:7255H         LINE#         86
  C:7255H         LINE#         87
  C:725EH         LINE#         88
  C:7265H         LINE#         89
  -------         ENDPROC       _UART1_SENDTOTCPSERVER
  -------         ENDMOD        UART1

  -------         MODULE        ?C_STARTUP
  C:6B2AH         SEGMENT       ?C_C51STARTUP
  I:0022H         SEGMENT       ?STACK
  C:0000H         PUBLIC        ?C_STARTUP
  D:00E0H         SYMBOL        ACC
  D:00F0H         SYMBOL        B
  D:0083H         SYMBOL        DPH
  D:0082H         SYMBOL        DPL
  N:0000H         SYMBOL        IBPSTACK
  N:0100H         SYMBOL        IBPSTACKTOP
  N:0080H         SYMBOL        IDATALEN
  C:6B2DH         SYMBOL        IDATALOOP
  N:0000H         SYMBOL        PBPSTACK
  N:0100H         SYMBOL        PBPSTACKTOP
  N:0000H         SYMBOL        PDATALEN
  N:0000H         SYMBOL        PDATASTART
  N:0000H         SYMBOL        PPAGE
  N:0000H         SYMBOL        PPAGEENABLE
  D:00A0H         SYMBOL        PPAGE_SFR
  D:0081H         SYMBOL        SP
  C:6B2AH         SYMBOL        STARTUP1
  N:0000H         SYMBOL        XBPSTACK
  N:0000H         SYMBOL        XBPSTACKTOP
  N:0000H         SYMBOL        XDATALEN
  N:0000H         SYMBOL        XDATASTART
  C:0000H         LINE#         126
  C:6B2AH         LINE#         133
  C:6B2CH         LINE#         134
  C:6B2DH         LINE#         135
  C:6B2EH         LINE#         136
  C:6B30H         LINE#         185
  C:6B33H         LINE#         196
  -------         ENDMOD        ?C_STARTUP

  -------         MODULE        ?C?FPADD
  C:2166H         PUBLIC        ?C?FPADD
  C:2162H         PUBLIC        ?C?FPSUB
  -------         ENDMOD        ?C?FPADD

  -------         MODULE        ?C?FPMUL
  C:2257H         PUBLIC        ?C?FPMUL
  -------         ENDMOD        ?C?FPMUL
BL51 BANKED LINKER/LOCATER V6.22                                                      08/19/2019  15:09:53  PAGE 59



  -------         MODULE        ?C?FPDIV
  C:2360H         PUBLIC        ?C?FPDIV
  -------         ENDMOD        ?C?FPDIV

  -------         MODULE        ?C?FPCMP
  C:23FFH         PUBLIC        ?C?FPCMP
  C:23FDH         PUBLIC        ?C?FPCMP3
  -------         ENDMOD        ?C?FPCMP

  -------         MODULE        ?C?FPNEG
  C:2476H         PUBLIC        ?C?FPNEG
  -------         ENDMOD        ?C?FPNEG

  -------         MODULE        ?C?FCAST
  C:2491H         PUBLIC        ?C?FCASTC
  C:248CH         PUBLIC        ?C?FCASTI
  C:2487H         PUBLIC        ?C?FCASTL
  -------         ENDMOD        ?C?FCAST

  -------         MODULE        ?C?CASTF
  C:24C5H         PUBLIC        ?C?CASTF
  -------         ENDMOD        ?C?CASTF

  -------         MODULE        PRINTF
  X:04E9H         PUBLIC        ?_PRINTF?BYTE
  X:04E9H         PUBLIC        ?_SPRINTF?BYTE
  C:4754H         PUBLIC        _PRINTF
  C:474EH         PUBLIC        _SPRINTF
  -------         ENDMOD        PRINTF

  -------         MODULE        FABS
  C:7465H         PUBLIC        _FABS
  -------         ENDMOD        FABS

  -------         MODULE        ATAN2
  X:049FH         PUBLIC        ?_atan2?BYTE
  C:6957H         PUBLIC        _atan2
  -------         ENDMOD        ATAN2

  -------         MODULE        SIN
  C:5BB7H         PUBLIC        _COS
  C:5BCDH         PUBLIC        _SIN
  C:5C09H         PUBLIC        _TAN
  -------         ENDMOD        SIN

  -------         MODULE        ACOS
  C:6F36H         PUBLIC        _ACOS
  -------         ENDMOD        ACOS

  -------         MODULE        ASIN
  C:7044H         PUBLIC        _ASIN
  -------         ENDMOD        ASIN

  -------         MODULE        POW
  X:03BCH         PUBLIC        ?_pow?BYTE
  C:5CF7H         PUBLIC        _pow
BL51 BANKED LINKER/LOCATER V6.22                                                      08/19/2019  15:09:53  PAGE 60


  -------         ENDMOD        POW

  -------         MODULE        ?C?CHKFLOAT
  C:2546H         PUBLIC        ?C?CHKFLOAT
  -------         ENDMOD        ?C?CHKFLOAT

  -------         MODULE        ?C?FPROUND
  C:2560H         PUBLIC        ?C?FPROUND
  -------         ENDMOD        ?C?FPROUND

  -------         MODULE        ?C?FPCONVERT
  C:259DH         PUBLIC        ?C?FPCONVERT
  -------         ENDMOD        ?C?FPCONVERT

  -------         MODULE        EXP
  C:6AC8H         PUBLIC        _EXP
  -------         ENDMOD        EXP

  -------         MODULE        LOG
  C:5FE6H         PUBLIC        _LOG
  C:5FE2H         PUBLIC        _LOG10
  -------         ENDMOD        LOG

  -------         MODULE        SQRT
  C:680EH         PUBLIC        _SQRT
  -------         ENDMOD        SQRT

  -------         MODULE        ATAN
  C:60FBH         PUBLIC        _ATAN
  -------         ENDMOD        ATAN

  -------         MODULE        ?C?FTNPWR
  C:271FH         PUBLIC        ?C?FTNPWR
  -------         ENDMOD        ?C?FTNPWR

  -------         MODULE        ?C?COPY
  C:282FH         PUBLIC        ?C?COPY
  -------         ENDMOD        ?C?COPY

  -------         MODULE        ?C?CLDPTR
  C:2855H         PUBLIC        ?C?CLDPTR
  -------         ENDMOD        ?C?CLDPTR

  -------         MODULE        ?C?CLDOPTR
  C:286EH         PUBLIC        ?C?CLDOPTR
  -------         ENDMOD        ?C?CLDOPTR

  -------         MODULE        ?C?CSTPTR
  C:289BH         PUBLIC        ?C?CSTPTR
  -------         ENDMOD        ?C?CSTPTR

  -------         MODULE        ?C?IMUL
  C:28ADH         PUBLIC        ?C?IMUL
  -------         ENDMOD        ?C?IMUL

  -------         MODULE        ?C?UIDIV
  C:28BFH         PUBLIC        ?C?UIDIV
BL51 BANKED LINKER/LOCATER V6.22                                                      08/19/2019  15:09:53  PAGE 61


  -------         ENDMOD        ?C?UIDIV

  -------         MODULE        ?C?SIDIV
  C:2914H         PUBLIC        ?C?SIDIV
  -------         ENDMOD        ?C?SIDIV

  -------         MODULE        ?C?ILDIX
  C:294AH         PUBLIC        ?C?ILDIX
  -------         ENDMOD        ?C?ILDIX

  -------         MODULE        ?C?ILDOPTR
  C:2960H         PUBLIC        ?C?ILDOPTR
  -------         ENDMOD        ?C?ILDOPTR

  -------         MODULE        ?C?ISTPTR
  C:2998H         PUBLIC        ?C?ISTPTR
  -------         ENDMOD        ?C?ISTPTR

  -------         MODULE        ?C?LMUL
  C:29B7H         PUBLIC        ?C?LMUL
  -------         ENDMOD        ?C?LMUL

  -------         MODULE        ?C?SLDIV
  C:6F80H         PUBLIC        ?C?SLDIV
  -------         ENDMOD        ?C?SLDIV

  -------         MODULE        ?C?LNEG
  C:2A06H         PUBLIC        ?C?LNEG
  -------         ENDMOD        ?C?LNEG

  -------         MODULE        ?C?ULCMP
  C:2A14H         PUBLIC        ?C?ULCMP
  -------         ENDMOD        ?C?ULCMP

  -------         MODULE        ?C?LSHL
  C:2A25H         PUBLIC        ?C?LSHL
  -------         ENDMOD        ?C?LSHL

  -------         MODULE        ?C?LLDPTR
  C:2A38H         PUBLIC        ?C?LLDPTR
  -------         ENDMOD        ?C?LLDPTR

  -------         MODULE        ?C?LLDOPTR
  C:2A58H         PUBLIC        ?C?LLDOPTR
  -------         ENDMOD        ?C?LLDOPTR

  -------         MODULE        ?C?LSTPTR
  C:2A88H         PUBLIC        ?C?LSTPTR
  -------         ENDMOD        ?C?LSTPTR

  -------         MODULE        ?C?LSTOPTR
  C:2AA2H         PUBLIC        ?C?LSTOPTR
  -------         ENDMOD        ?C?LSTOPTR

  -------         MODULE        ?C?LLDXDATA
  C:2AC6H         PUBLIC        ?C?LLDXDATA
  -------         ENDMOD        ?C?LLDXDATA
BL51 BANKED LINKER/LOCATER V6.22                                                      08/19/2019  15:09:53  PAGE 62



  -------         MODULE        ?C?LLDCODE
  C:2AD2H         PUBLIC        ?C?LLDCODE
  -------         ENDMOD        ?C?LLDCODE

  -------         MODULE        ?C?LLDXDATA0
  C:2AE2H         PUBLIC        ?C?LLDXDATA0
  -------         ENDMOD        ?C?LLDXDATA0

  -------         MODULE        ?C?LLDCODE0
  C:2AEEH         PUBLIC        ?C?LLDCODE0
  -------         ENDMOD        ?C?LLDCODE0

  -------         MODULE        ?C?LLDPTR0
  C:2AFEH         PUBLIC        ?C?LLDPTR0
  -------         ENDMOD        ?C?LLDPTR0

  -------         MODULE        ?C?LSTXDATA
  C:2B1EH         PUBLIC        ?C?LSTXDATA
  -------         ENDMOD        ?C?LSTXDATA

  -------         MODULE        ?C?LSTKXDATA
  C:2B2AH         PUBLIC        ?C?LSTKXDATA
  -------         ENDMOD        ?C?LSTKXDATA

  -------         MODULE        ?C?LSTKPTR
  C:2B5BH         PUBLIC        ?C?LSTKPTR
  -------         ENDMOD        ?C?LSTKPTR

  -------         MODULE        ?C?OFFXADD
  C:2B75H         PUBLIC        ?C?OFFXADD
  -------         ENDMOD        ?C?OFFXADD

  -------         MODULE        ?C?PLDIXDATA
  C:2B81H         PUBLIC        ?C?PLDIXDATA
  -------         ENDMOD        ?C?PLDIXDATA

  -------         MODULE        ?C?PSTXDATA
  C:2B98H         PUBLIC        ?C?PSTXDATA
  -------         ENDMOD        ?C?PSTXDATA

  -------         MODULE        ?C?CCASE
  C:2BA1H         PUBLIC        ?C?CCASE
  -------         ENDMOD        ?C?CCASE

  -------         MODULE        PUTCHAR
  C:71DAH         PUBLIC        _PUTCHAR
  -------         ENDMOD        PUTCHAR

  -------         MODULE        ABS
  C:747EH         PUBLIC        _ABS
  -------         ENDMOD        ABS

  -------         MODULE        ATOI
  C:6504H         PUBLIC        _atoi
  -------         ENDMOD        ATOI

BL51 BANKED LINKER/LOCATER V6.22                                                      08/19/2019  15:09:53  PAGE 63


  -------         MODULE        ?C?IILDX
  C:2BC7H         PUBLIC        ?C?IILDX
  -------         ENDMOD        ?C?IILDX

  -------         MODULE        ?C?ULDIV
  C:2C19H         PUBLIC        ?C?ULDIV
  -------         ENDMOD        ?C?ULDIV

  -------         MODULE        ?C?LLDIDATA
  C:2CABH         PUBLIC        ?C?LLDIDATA
  -------         ENDMOD        ?C?LLDIDATA

  -------         MODULE        ?C?LLDPDATA
  C:2CB7H         PUBLIC        ?C?LLDPDATA
  -------         ENDMOD        ?C?LLDPDATA

  -------         MODULE        ?C?LLDIDATA0
  C:2CC3H         PUBLIC        ?C?LLDIDATA0
  -------         ENDMOD        ?C?LLDIDATA0

  -------         MODULE        ?C?LLDPDATA0
  C:2CD0H         PUBLIC        ?C?LLDPDATA0
  -------         ENDMOD        ?C?LLDPDATA0

  -------         MODULE        ?C?LSTIDATA
  C:2CDDH         PUBLIC        ?C?LSTIDATA
  -------         ENDMOD        ?C?LSTIDATA

  -------         MODULE        ?C?LSTPDATA
  C:2CE9H         PUBLIC        ?C?LSTPDATA
  -------         ENDMOD        ?C?LSTPDATA

  -------         MODULE        ?C?LSTKIDATA
  C:2CF5H         PUBLIC        ?C?LSTKIDATA
  -------         ENDMOD        ?C?LSTKIDATA

  -------         MODULE        ?C?LSTKPDATA
  C:2D0EH         PUBLIC        ?C?LSTKPDATA
  -------         ENDMOD        ?C?LSTKPDATA

  -------         MODULE        ISDIGIT
  C:743CH         PUBLIC        _isdigit
  -------         ENDMOD        ISDIGIT

  -------         MODULE        ISSPACE
  C:73D7H         PUBLIC        _isspace
  -------         ENDMOD        ISSPACE

*** WARNING L16: UNCALLED SEGMENT, IGNORED FOR OVERLAY PROCESS
    SEGMENT: ?PR?_DAY_OF_YEAR?PCF85063BTL

*** WARNING L16: UNCALLED SEGMENT, IGNORED FOR OVERLAY PROCESS
    SEGMENT: ?PR?NOP?IOEXPANDER_PI4IOE5V96248

*** WARNING L16: UNCALLED SEGMENT, IGNORED FOR OVERLAY PROCESS
    SEGMENT: ?PR?UC_ACK?IOEXPANDER_PI4IOE5V96248

BL51 BANKED LINKER/LOCATER V6.22                                                      08/19/2019  15:09:53  PAGE 64


*** WARNING L16: UNCALLED SEGMENT, IGNORED FOR OVERLAY PROCESS
    SEGMENT: ?PR?UC_NACK?IOEXPANDER_PI4IOE5V96248

*** WARNING L16: UNCALLED SEGMENT, IGNORED FOR OVERLAY PROCESS
    SEGMENT: ?PR?_TEN?UART1

*** WARNING L16: UNCALLED SEGMENT, IGNORED FOR OVERLAY PROCESS
    SEGMENT: ?PR?_UNIT?UART1

*** WARNING L16: UNCALLED SEGMENT, IGNORED FOR OVERLAY PROCESS
    SEGMENT: ?PR?_DECTOBCD?UART1

*** WARNING L16: UNCALLED SEGMENT, IGNORED FOR OVERLAY PROCESS
    SEGMENT: ?PR?_ASCII_LETTER?UART1

*** WARNING L16: UNCALLED SEGMENT, IGNORED FOR OVERLAY PROCESS
    SEGMENT: ?PR?_ASCIITOBCD?UART1

Program Size: data=15.4 xdata=1622 code=29895
LINK/LOCATE RUN COMPLETE.  9 WARNING(S),  0 ERROR(S)
