BL51 BANKED LINKER/LOCATER V6.22                                                        10/31/2018  09:59:31  PAGE 1


BL51 BANKED LINKER/LOCATER V6.22, INVOKED BY:
C:\KEIL_V5\C51\BIN\BL51.EXE .\Obj\main.obj, .\Obj\PCF85063BTL.obj, .\Obj\UART1.obj, .\Obj\LCd_Driver_SPLC780D.obj, .\Obj
>> \KeyPad.obj, .\Obj\VCNL4035.obj, .\Obj\BipolarMotor.obj, .\Obj\SunPos.obj, .\Obj\ADC.obj, .\Obj\Calibration.obj, .\Ob
>> j\STARTUP.obj TO .\Obj\GPIO_RTC_Test PRINT (.\Lis\GPIO_RTC_Test.m51) RAMSIZE (256)


MEMORY MODEL: LARGE WITH FLOATING POINT ARITHMETIC


INPUT MODULES INCLUDED:
  .\Obj\main.obj (MAIN)
  .\Obj\PCF85063BTL.obj (PCF85063BTL)
  .\Obj\UART1.obj (UART1)
  .\Obj\LCd_Driver_SPLC780D.obj (LCD_DRIVER_SPLC780D)
  .\Obj\KeyPad.obj (KEYPAD)
  .\Obj\VCNL4035.obj (VCNL4035)
  .\Obj\BipolarMotor.obj (BIPOLARMOTOR)
  .\Obj\SunPos.obj (SUNPOS)
  .\Obj\ADC.obj (ADC)
  .\Obj\Calibration.obj (CALIBRATION)
  .\Obj\STARTUP.obj (?C_STARTUP)
  C:\KEIL_V5\C51\LIB\C51FPL.LIB (?C?FPADD)
  C:\KEIL_V5\C51\LIB\C51FPL.LIB (?C?FPMUL)
  C:\KEIL_V5\C51\LIB\C51FPL.LIB (?C?FPDIV)
  C:\KEIL_V5\C51\LIB\C51FPL.LIB (?C?FPCMP)
  C:\KEIL_V5\C51\LIB\C51FPL.LIB (?C?FPNEG)
  C:\KEIL_V5\C51\LIB\C51FPL.LIB (?C?FCAST)
  C:\KEIL_V5\C51\LIB\C51FPL.LIB (?C?CASTF)
  C:\KEIL_V5\C51\LIB\C51FPL.LIB (ATAN2)
  C:\KEIL_V5\C51\LIB\C51FPL.LIB (SIN)
  C:\KEIL_V5\C51\LIB\C51FPL.LIB (ACOS)
  C:\KEIL_V5\C51\LIB\C51FPL.LIB (ASIN)
  C:\KEIL_V5\C51\LIB\C51FPL.LIB (?C?FPGETOPN)
  C:\KEIL_V5\C51\LIB\C51FPL.LIB (?C?FPSERIES)
  C:\KEIL_V5\C51\LIB\C51FPL.LIB (SQRT)
  C:\KEIL_V5\C51\LIB\C51FPL.LIB (ATAN)
  C:\KEIL_V5\C51\LIB\C51L.LIB (?C_INIT)
  C:\KEIL_V5\C51\LIB\C51L.LIB (?C?COPY)
  C:\KEIL_V5\C51\LIB\C51L.LIB (?C?CLDPTR)
  C:\KEIL_V5\C51\LIB\C51L.LIB (?C?CSTPTR)
  C:\KEIL_V5\C51\LIB\C51L.LIB (?C?IMUL)
  C:\KEIL_V5\C51\LIB\C51L.LIB (?C?UIDIV)
  C:\KEIL_V5\C51\LIB\C51L.LIB (?C?SIDIV)
  C:\KEIL_V5\C51\LIB\C51L.LIB (?C?ILDIX)
  C:\KEIL_V5\C51\LIB\C51L.LIB (?C?ILDOPTR)
  C:\KEIL_V5\C51\LIB\C51L.LIB (?C?LMUL)
  C:\KEIL_V5\C51\LIB\C51L.LIB (?C?SLDIV)
  C:\KEIL_V5\C51\LIB\C51L.LIB (?C?LNEG)
  C:\KEIL_V5\C51\LIB\C51L.LIB (?C?LLDPTR)
  C:\KEIL_V5\C51\LIB\C51L.LIB (?C?LLDOPTR)
  C:\KEIL_V5\C51\LIB\C51L.LIB (?C?LSTPTR)
  C:\KEIL_V5\C51\LIB\C51L.LIB (?C?LSTOPTR)
  C:\KEIL_V5\C51\LIB\C51L.LIB (?C?LLDXDATA)
  C:\KEIL_V5\C51\LIB\C51L.LIB (?C?LLDCODE)
  C:\KEIL_V5\C51\LIB\C51L.LIB (?C?LLDXDATA0)
  C:\KEIL_V5\C51\LIB\C51L.LIB (?C?LLDCODE0)
  C:\KEIL_V5\C51\LIB\C51L.LIB (?C?LLDPTR0)
  C:\KEIL_V5\C51\LIB\C51L.LIB (?C?LSTXDATA)
BL51 BANKED LINKER/LOCATER V6.22                                                      10/31/2018  09:59:31  PAGE 2


  C:\KEIL_V5\C51\LIB\C51L.LIB (?C?LSTKXDATA)
  C:\KEIL_V5\C51\LIB\C51L.LIB (?C?OFFXADD)
  C:\KEIL_V5\C51\LIB\C51L.LIB (ABS)
  C:\KEIL_V5\C51\LIB\C51L.LIB (ATOI)
  C:\KEIL_V5\C51\LIB\C51L.LIB (?C?IILDX)
  C:\KEIL_V5\C51\LIB\C51L.LIB (?C?ULDIV)
  C:\KEIL_V5\C51\LIB\C51L.LIB (?C?LLDIDATA)
  C:\KEIL_V5\C51\LIB\C51L.LIB (?C?LLDPDATA)
  C:\KEIL_V5\C51\LIB\C51L.LIB (?C?LLDIDATA0)
  C:\KEIL_V5\C51\LIB\C51L.LIB (?C?LLDPDATA0)
  C:\KEIL_V5\C51\LIB\C51L.LIB (?C?LSTIDATA)
  C:\KEIL_V5\C51\LIB\C51L.LIB (?C?LSTPDATA)
  C:\KEIL_V5\C51\LIB\C51L.LIB (ISDIGIT)
  C:\KEIL_V5\C51\LIB\C51L.LIB (ISSPACE)


LINK MAP OF MODULE:  .\Obj\GPIO_RTC_Test (MAIN)


            TYPE    BASE      LENGTH    RELOCATION   SEGMENT NAME
            -----------------------------------------------------

            * * * * * * *   D A T A   M E M O R Y   * * * * * * *
            REG     0000H     0008H     ABSOLUTE     "REG BANK 0"
            REG     0008H     0008H     ABSOLUTE     "REG BANK 1"
                    0010H     0010H                  *** GAP ***
            BIT     0020H.0   0000H.4   UNIT         ?BI?KEYPAD
            BIT     0020H.4   0000H.3   UNIT         _BIT_GROUP_
            BIT     0020H.7   0000H.1   UNIT         ?BI?MAIN
            IDATA   0021H     0001H     UNIT         ?STACK

            * * * * * * *  X D A T A   M E M O R Y  * * * * * * *
            XDATA   0000H     03B5H     UNIT         ?XD?BIPOLARMOTOR
            XDATA   03B5H     0113H     UNIT         _XDATA_GROUP_
            XDATA   04C8H     00EBH     UNIT         ?XD?MAIN
            XDATA   05B3H     008BH     UNIT         ?XD?_UPDATE_ANGLE?BIPOLARMOTOR
            XDATA   063EH     0040H     UNIT         ?XD?_FINDDET4X4?BIPOLARMOTOR
            XDATA   067EH     0024H     UNIT         ?XD?_FINDDET3X3?BIPOLARMOTOR
            XDATA   06A2H     001EH     UNIT         ?XD?_CALIB_INTERPOLATE?MAIN
            XDATA   06C0H     0009H     UNIT         ?XD?KEYPAD
            XDATA   06C9H     0008H     UNIT         ?XD?_READ_VCNL4035?VCNL4035
            XDATA   06D1H     0004H     UNIT         ?XD?_DISPLAY_PROX?MAIN
            XDATA   06D5H     0003H     UNIT         ?XD?_SENDSTRING?UART1
            XDATA   06D8H     0001H     UNIT         ?XD?UC_ACK?VCNL4035
            XDATA   06D9H     0001H     UNIT         ?XD?UC_NACK?VCNL4035
            XDATA   06DAH     0001H     UNIT         ?XD?_DISPLAYLCD_VCNL4035?VCNL4035

            * * * * * * *   C O D E   M E M O R Y   * * * * * * *
            CODE    0000H     0003H     ABSOLUTE     
            CODE    0003H     0006H     UNIT         ?PR?_TEN?UART1
            CODE    0009H     0001H     UNIT         ?PR?TM0_ISR?MAIN
            CODE    000AH     0001H     UNIT         ?PR?_DECTOBCD?UART1
            CODE    000BH     0003H     ABSOLUTE     
            CODE    000EH     0015H     UNIT         ?PR?_DISPLAY_LINE?LCD_DRIVER_SPLC780D
            CODE    0023H     0003H     ABSOLUTE     
            CODE    0026H     08FAH     UNIT         ?C?LIB_CODE
            CODE    0920H     07ECH     UNIT         ?PR?_UPDATE_ANGLE?BIPOLARMOTOR
BL51 BANKED LINKER/LOCATER V6.22                                                      10/31/2018  09:59:31  PAGE 3


            CODE    110CH     07D7H     UNIT         ?PR?_UPDATE_POSITION?BIPOLARMOTOR
            CODE    18E3H     07A2H     UNIT         ?PR?SUNPOS?SUNPOS
            CODE    2085H     0413H     UNIT         ?C_INITSEG
            CODE    2498H     03BAH     UNIT         ?PR?MAIN?MAIN
            CODE    2852H     02C0H     UNIT         ?PR?_FINDDET4X4?BIPOLARMOTOR
            CODE    2B12H     02A0H     UNIT         ?PR?KEY_PROCESS?KEYPAD
            CODE    2DB2H     01FFH     UNIT         ?PR?_FIND_REAL_MAX?CALIBRATION
            CODE    2FB1H     01D1H     UNIT         ?PR?_FINDDET3X3?BIPOLARMOTOR
            CODE    3182H     01B5H     UNIT         ?PR?_DISPLAY_POS?MAIN
            CODE    3337H     01A1H     UNIT         ?PR?_CALIB_INTERPOLATE?MAIN
            CODE    34D8H     018DH     UNIT         ?PR?KEY_SCAN?KEYPAD
            CODE    3665H     0188H     UNIT         ?PR?SIN?SIN
            CODE    37EDH     0122H     UNIT         ?PR?ATAN?ATAN
            CODE    390FH     00DBH     UNIT         ?PR?_ATOI?ATOI
            CODE    39EAH     00C8H     UNIT         ?PR?_CALIBRATION?CALIBRATION
            CODE    3AB2H     00BBH     UNIT         ?PR?VOLTAGE_IS_STABLE?CALIBRATION
            CODE    3B6DH     00B1H     UNIT         ?PR?LINEAR_INTERPOLATE?BIPOLARMOTOR
            CODE    3C1EH     00ACH     UNIT         ?PR?SQRT?SQRT
            CODE    3CCAH     009DH     UNIT         ?PR?_ATAN2?ATAN2
            CODE    3D67H     009BH     UNIT         ?PR?UART?MAIN
            CODE    3E02H     009AH     UNIT         ?PR?_READ_VCNL4035?VCNL4035
            CODE    3E9CH     0095H     UNIT         ?PR?_DISPLAY_PROX?MAIN
            CODE    3F31H     0093H     UNIT         ?PR?_MAX_VALUE?CALIBRATION
            CODE    3FC4H     008CH     UNIT         ?C_C51STARTUP
            CODE    4050H     0084H     UNIT         ?PR?_DAY_OF_YEAR?PCF85063BTL
            CODE    40D4H     0075H     UNIT         ?PR?_WRITEDATA?LCD_DRIVER_SPLC780D
            CODE    4149H     006FH     UNIT         ?PR?_READ_TIME?PCF85063BTL
            CODE    41B8H     0059H     UNIT         ?PR?LCD_INIT?LCD_DRIVER_SPLC780D
            CODE    4211H     0059H     UNIT         ?PR?_STEP_MOVE?BIPOLARMOTOR
            CODE    426AH     004AH     UNIT         ?PR?ACOS?ACOS
            CODE    42B4H     0049H     UNIT         ?PR?_WRITE_VCNL4035X?VCNL4035
            CODE    42FDH     0044H     UNIT         ?C?LDIV
            CODE    4341H     0040H     UNIT         ?PR?_COMMAND?LCD_DRIVER_SPLC780D
            CODE    4381H     003BH     UNIT         ?PR?ASIN?ASIN
            CODE    43BCH     0034H     UNIT         ?PR?_MOVE?BIPOLARMOTOR
            CODE    43F0H     0033H     UNIT         ?PR?_SENDSTRING?UART1
            CODE    4423H     002EH     UNIT         ?PR?_ADC_GETRESULT?ADC
            CODE    4451H     002CH     UNIT         ?PR?I2C_RECEIVEBYTE?VCNL4035
            CODE    447DH     002BH     UNIT         ?PR?_WAIT_MS_I2C?VCNL4035
            CODE    44A8H     0024H     UNIT         ?PR?_WAIT_MS?LCD_DRIVER_SPLC780D
            CODE    44CCH     0022H     UNIT         ?PR?_I2C_SENDBYTE?VCNL4035
            CODE    44EEH     0020H     UNIT         ?PR?_SPI_SENDBYTE?PCF85063BTL
            CODE    450EH     0020H     UNIT         ?PR?SPI_RECEIVEBYTE?PCF85063BTL
            CODE    452EH     001EH     UNIT         ?PR?_DELAY_MS?KEYPAD
            CODE    454CH     001EH     UNIT         ?PR?_WAIT_MS_IIC?VCNL4035
            CODE    456AH     001DH     UNIT         ?PR?_DISPLAYLCD?LCD_DRIVER_SPLC780D
            CODE    4587H     001BH     UNIT         ?PR?I2C_ACK?VCNL4035
            CODE    45A2H     001BH     UNIT         ?PR?_BCDTODEC1?BIPOLARMOTOR
            CODE    45BDH     0018H     UNIT         ?PR?_SPI_WRITETIME?PCF85063BTL
            CODE    45D5H     0017H     UNIT         ?PR?_ASCIITOBCD?UART1
            CODE    45ECH     0017H     UNIT         ?PR?I2C_INIT?VCNL4035
            CODE    4603H     0015H     UNIT         ?PR?I2C_STOP?VCNL4035
            CODE    4618H     0014H     UNIT         ?PR?_PCF85063BTL_DELAY?PCF85063BTL
            CODE    462CH     0014H     UNIT         ?PR?_ISSPACE?ISSPACE
            CODE    4640H     0013H     UNIT         ?PR?I2C_START?VCNL4035
            CODE    4653H     0011H     UNIT         ?PR?_SPI_READTIME?PCF85063BTL
            CODE    4664H     0011H     UNIT         ?PR?_BCDTODEC?PCF85063BTL
BL51 BANKED LINKER/LOCATER V6.22                                                      10/31/2018  09:59:31  PAGE 4


            CODE    4675H     0011H     UNIT         ?PR?INITUART1?UART1
            CODE    4686H     0010H     UNIT         ?PR?ADC_INIT?ADC
            CODE    4696H     000FH     UNIT         ?PR?UC_NACK?VCNL4035
            CODE    46A5H     000FH     UNIT         ?PR?_ISDIGIT?ISDIGIT
            CODE    46B4H     000DH     UNIT         ?PR?SPI_INIT?PCF85063BTL
            CODE    46C1H     000CH     UNIT         ?PR?KEYPAD_IO_INIT?KEYPAD
            CODE    46CDH     000CH     UNIT         ?PR?_ABS?ABS
            CODE    46D9H     000AH     UNIT         ?PR?LCD_RETURN_HOME?LCD_DRIVER_SPLC780D
            CODE    46E3H     000AH     UNIT         ?PR?LCD_CLEAR?LCD_DRIVER_SPLC780D
            CODE    46EDH     0009H     UNIT         ?PR?_SENDUART1?MAIN
            CODE    46F6H     0006H     UNIT         ?PR?UC_ACK?VCNL4035
            CODE    46FCH     0006H     UNIT         ?PR?_DISPLAYLCD_VCNL4035?VCNL4035
            CODE    4702H     0005H     UNIT         ?PR?_UNIT?UART1
            CODE    4707H     0005H     UNIT         ?PR?_ASCII_LETTER?UART1
            CODE    470CH     0001H     UNIT         ?PR?NOP?VCNL4035



OVERLAY MAP OF MODULE:   .\Obj\GPIO_RTC_Test (MAIN)


SEGMENT                                            BIT_GROUP          XDATA_GROUP
  +--> CALLED SEGMENT                           START    LENGTH     START    LENGTH
-----------------------------------------------------------------------------------
?PR?UART?MAIN                                   -----    -----      -----    -----
  +--> ?PR?_ASCIITOBCD?UART1

?PR?_ASCIITOBCD?UART1                           -----    -----      -----    -----
  +--> ?PR?_ATOI?ATOI

?PR?_ATOI?ATOI                                  0020H.4  0000H.1    03B5H    0005H
  +--> ?PR?_ISSPACE?ISSPACE
  +--> ?PR?_ISDIGIT?ISDIGIT

*** NEW ROOT ***************************************************

?C_C51STARTUP                                   -----    -----      -----    -----
  +--> ?PR?MAIN?MAIN
  +--> ?C_INITSEG

?PR?MAIN?MAIN                                   -----    -----      03BAH    000AH
  +--> ?PR?LCD_INIT?LCD_DRIVER_SPLC780D
  +--> ?PR?SPI_INIT?PCF85063BTL
  +--> ?PR?KEYPAD_IO_INIT?KEYPAD
  +--> ?PR?I2C_INIT?VCNL4035
  +--> ?PR?ADC_INIT?ADC
  +--> ?PR?_DELAY_MS?KEYPAD
  +--> ?PR?_DISPLAY_LINE?LCD_DRIVER_SPLC780D
  +--> ?PR?_WRITEDATA?LCD_DRIVER_SPLC780D
  +--> ?PR?KEY_PROCESS?KEYPAD
  +--> ?PR?_COMMAND?LCD_DRIVER_SPLC780D
  +--> ?PR?_DISPLAY_POS?MAIN
  +--> ?PR?_DISPLAYLCD?LCD_DRIVER_SPLC780D
  +--> ?PR?_STEP_MOVE?BIPOLARMOTOR
  +--> ?PR?LCD_RETURN_HOME?LCD_DRIVER_SPLC780D
  +--> ?PR?_READ_TIME?PCF85063BTL
  +--> ?PR?_DAY_OF_YEAR?PCF85063BTL
BL51 BANKED LINKER/LOCATER V6.22                                                      10/31/2018  09:59:31  PAGE 5


  +--> ?PR?_BCDTODEC1?BIPOLARMOTOR
  +--> ?PR?_CALIBRATION?CALIBRATION

?PR?LCD_INIT?LCD_DRIVER_SPLC780D                -----    -----      -----    -----
  +--> ?PR?_WAIT_MS?LCD_DRIVER_SPLC780D
  +--> ?PR?_COMMAND?LCD_DRIVER_SPLC780D

?PR?_COMMAND?LCD_DRIVER_SPLC780D                -----    -----      -----    -----
  +--> ?PR?_WAIT_MS?LCD_DRIVER_SPLC780D

?PR?I2C_INIT?VCNL4035                           -----    -----      -----    -----
  +--> ?PR?_WRITE_VCNL4035X?VCNL4035

?PR?_WRITE_VCNL4035X?VCNL4035                   -----    -----      03C4H    0003H
  +--> ?PR?I2C_START?VCNL4035
  +--> ?PR?_WAIT_MS_I2C?VCNL4035
  +--> ?PR?I2C_ACK?VCNL4035
  +--> ?PR?_I2C_SENDBYTE?VCNL4035
  +--> ?PR?I2C_STOP?VCNL4035

?PR?I2C_START?VCNL4035                          -----    -----      -----    -----
  +--> ?PR?_WAIT_MS_IIC?VCNL4035
  +--> ?PR?_WAIT_MS_I2C?VCNL4035

?PR?I2C_ACK?VCNL4035                            -----    -----      03C7H    0001H
  +--> ?PR?_I2C_SENDBYTE?VCNL4035
  +--> ?PR?_WAIT_MS_I2C?VCNL4035

?PR?_I2C_SENDBYTE?VCNL4035                      -----    -----      -----    -----
  +--> ?PR?_WAIT_MS_I2C?VCNL4035

?PR?I2C_STOP?VCNL4035                           -----    -----      -----    -----
  +--> ?PR?_WAIT_MS_I2C?VCNL4035

?PR?_DISPLAY_LINE?LCD_DRIVER_SPLC780D           -----    -----      -----    -----
  +--> ?PR?_COMMAND?LCD_DRIVER_SPLC780D

?PR?_WRITEDATA?LCD_DRIVER_SPLC780D              -----    -----      03CEH    0001H
  +--> ?PR?_WAIT_MS?LCD_DRIVER_SPLC780D

?PR?KEY_PROCESS?KEYPAD                          -----    -----      03C4H    0006H
  +--> ?PR?KEY_SCAN?KEYPAD
  +--> ?PR?_SPI_WRITETIME?PCF85063BTL
  +--> ?PR?LCD_CLEAR?LCD_DRIVER_SPLC780D
  +--> ?PR?_COMMAND?LCD_DRIVER_SPLC780D
  +--> ?PR?_WRITEDATA?LCD_DRIVER_SPLC780D

?PR?KEY_SCAN?KEYPAD                             -----    -----      03CAH    0003H

?PR?_SPI_WRITETIME?PCF85063BTL                  -----    -----      -----    -----
  +--> ?PR?_SPI_SENDBYTE?PCF85063BTL

?PR?_SPI_SENDBYTE?PCF85063BTL                   -----    -----      -----    -----
  +--> ?PR?_PCF85063BTL_DELAY?PCF85063BTL

?PR?LCD_CLEAR?LCD_DRIVER_SPLC780D               -----    -----      -----    -----
  +--> ?PR?_COMMAND?LCD_DRIVER_SPLC780D
BL51 BANKED LINKER/LOCATER V6.22                                                      10/31/2018  09:59:31  PAGE 6



?PR?_DISPLAY_POS?MAIN                           -----    -----      03C4H    000AH
  +--> ?PR?_ABS?ABS
  +--> ?PR?_WRITEDATA?LCD_DRIVER_SPLC780D

?PR?_DISPLAYLCD?LCD_DRIVER_SPLC780D             -----    -----      03C4H    0001H
  +--> ?PR?_WRITEDATA?LCD_DRIVER_SPLC780D

?PR?_STEP_MOVE?BIPOLARMOTOR                     0020H.6  0000H.1    0463H    0004H
  +--> ?PR?_WAIT_MS?LCD_DRIVER_SPLC780D

?PR?LCD_RETURN_HOME?LCD_DRIVER_SPLC780D         -----    -----      -----    -----
  +--> ?PR?_COMMAND?LCD_DRIVER_SPLC780D

?PR?_READ_TIME?PCF85063BTL                      -----    -----      03C4H    000FH
  +--> ?PR?_SPI_READTIME?PCF85063BTL

?PR?_SPI_READTIME?PCF85063BTL                   -----    -----      -----    -----
  +--> ?PR?_SPI_SENDBYTE?PCF85063BTL
  +--> ?PR?SPI_RECEIVEBYTE?PCF85063BTL

?PR?SPI_RECEIVEBYTE?PCF85063BTL                 -----    -----      -----    -----
  +--> ?PR?_PCF85063BTL_DELAY?PCF85063BTL

?PR?_DAY_OF_YEAR?PCF85063BTL                    -----    -----      -----    -----
  +--> ?PR?_BCDTODEC?PCF85063BTL

?PR?_CALIBRATION?CALIBRATION                    -----    -----      03C4H    0010H
  +--> ?PR?VOLTAGE_IS_STABLE?CALIBRATION
  +--> ?PR?_UPDATE_POSITION?BIPOLARMOTOR
  +--> ?PR?_FIND_REAL_MAX?CALIBRATION

?PR?VOLTAGE_IS_STABLE?CALIBRATION               -----    -----      03D4H    0018H
  +--> ?PR?_ADC_GETRESULT?ADC
  +--> ?PR?_ABS?ABS

?PR?_UPDATE_POSITION?BIPOLARMOTOR               -----    -----      03D4H    008BH
  +--> ?PR?_BCDTODEC1?BIPOLARMOTOR
  +--> ?PR?SUNPOS?SUNPOS
  +--> ?PR?SIN?SIN
  +--> ?PR?ASIN?ASIN
  +--> ?PR?LINEAR_INTERPOLATE?BIPOLARMOTOR
  +--> ?PR?_ABS?ABS
  +--> ?PR?_MOVE?BIPOLARMOTOR

?PR?SUNPOS?SUNPOS                               -----    -----      045FH    005DH
  +--> ?PR?SIN?SIN
  +--> ?PR?_ATAN2?ATAN2
  +--> ?PR?ASIN?ASIN
  +--> ?PR?ACOS?ACOS

?PR?SIN?SIN                                     0020H.5  0000H.1    04BCH    0004H

?PR?_ATAN2?ATAN2                                -----    -----      04BCH    0008H
  +--> ?PR?ATAN?ATAN

?PR?ATAN?ATAN                                   0020H.5  0000H.2    04C4H    0004H
BL51 BANKED LINKER/LOCATER V6.22                                                      10/31/2018  09:59:31  PAGE 7



?PR?ASIN?ASIN                                   -----    -----      -----    -----
  +--> ?PR?SQRT?SQRT
  +--> ?PR?ATAN?ATAN

?PR?SQRT?SQRT                                   -----    -----      04BCH    0004H

?PR?ACOS?ACOS                                   -----    -----      -----    -----
  +--> ?PR?SQRT?SQRT
  +--> ?PR?ATAN?ATAN

?PR?LINEAR_INTERPOLATE?BIPOLARMOTOR             -----    -----      045FH    0014H

?PR?_MOVE?BIPOLARMOTOR                          0020H.5  0000H.1    045FH    0004H
  +--> ?PR?_STEP_MOVE?BIPOLARMOTOR

?PR?_FIND_REAL_MAX?CALIBRATION                  -----    -----      03D4H    005CH
  +--> ?PR?_MOVE?BIPOLARMOTOR
  +--> ?PR?_ADC_GETRESULT?ADC
  +--> ?PR?_WAIT_MS?LCD_DRIVER_SPLC780D
  +--> ?PR?_MAX_VALUE?CALIBRATION

?PR?_MAX_VALUE?CALIBRATION                      -----    -----      0430H    0004H



UNRESOLVED EXTERNAL SYMBOLS:
   AUTO_MODE
   CALIB_MODE



SYMBOL TABLE OF MODULE:  .\Obj\GPIO_RTC_Test (MAIN)

  VALUE           TYPE          NAME
  ----------------------------------

  -------         MODULE        MAIN
  C:0000H         SYMBOL        _ICE_DUMMY_
  X:04D0H         PUBLIC        calib_value
  D:0080H         PUBLIC        P0
  D:0090H         PUBLIC        P1
  D:00A0H         PUBLIC        P2
  D:00B0H         PUBLIC        P3
  D:00C0H         PUBLIC        P4
  D:00C8H         PUBLIC        P5
  X:0530H         SYMBOL        PressedKey
  B:00A8H.7       PUBLIC        EA
  D:00E8H         PUBLIC        P6
  D:00F8H         PUBLIC        P7
  X:0534H         PUBLIC        RX_Data_Uart_Cnt
  C:3337H         PUBLIC        _calib_interpolate
  D:00A8H         PUBLIC        IE
  X:0536H         PUBLIC        calib_time
  D:00B8H         PUBLIC        IP
  B:0098H.0       PUBLIC        RI
  X:0596H         PUBLIC        months
BL51 BANKED LINKER/LOCATER V6.22                                                      10/31/2018  09:59:31  PAGE 8


  B:0098H.1       PUBLIC        TI
  C:3D67H         PUBLIC        Uart
  D:00D8H         PUBLIC        CCON
  C:2498H         PUBLIC        main
  X:0597H         PUBLIC        count
  D:0099H         PUBLIC        SBUF
  X:0599H         PUBLIC        days
  X:059AH         PUBLIC        hours
  D:0098H         PUBLIC        SCON
  D:0089H         PUBLIC        TMOD
  D:0088H         PUBLIC        TCON
  B:00B0H.3       PUBLIC        P33
  X:059BH         SYMBOL        KeyCount
  X:059DH         PUBLIC        mins
  X:059EH         PUBLIC        Rec_data_hour
  X:05A1H         PUBLIC        Rec_data_min
  D:008EH         PUBLIC        AUXR
  C:0009H         PUBLIC        tm0_isr
  B:0020H.7       PUBLIC        busy
  D:00E0H         PUBLIC        ACC
  B:00A8H.1       PUBLIC        ET0
  D:008CH         PUBLIC        TH0
  X:05A4H         PUBLIC        hour_count
  D:008AH         PUBLIC        TL0
  X:05A5H         PUBLIC        min_count
  B:0088H.4       PUBLIC        TR0
  X:05A6H         SYMBOL        KeyNum
  X:05A7H         SYMBOL        KeyNum_Old
  X:05A8H         PUBLIC        current_position
  X:05ACH         PUBLIC        hours1
  X:05ADH         PUBLIC        hours2
  C:3E9CH         PUBLIC        _Display_Prox
  X:05AEH         PUBLIC        mins1
  X:05AFH         PUBLIC        mins2
  C:3182H         PUBLIC        _Display_Pos
  X:05B0H         PUBLIC        seconds
  X:05B1H         PUBLIC        st_time
  D:00D0H         PUBLIC        PSW
  C:46EDH         PUBLIC        _SendUART1
  -------         PROC          TM0_ISR
  C:0009H         LINE#         71
  C:0009H         LINE#         74
  -------         ENDPROC       TM0_ISR
  -------         PROC          MAIN
  -------         DO            
  X:03BAH         SYMBOL        prox_data
  X:04C8H         SYMBOL        KeyCount
  X:04CAH         SYMBOL        KeyNum_Old
  X:04CBH         SYMBOL        KeyNum
  X:04CCH         SYMBOL        PressedKey
  X:03BCH         SYMBOL        prox_flag
  X:03BDH         SYMBOL        calib_day
  X:03BFH         SYMBOL        numStr
  -------         ENDDO         
  C:2498H         LINE#         76
  C:2498H         LINE#         77
  C:2498H         LINE#         82
BL51 BANKED LINKER/LOCATER V6.22                                                      10/31/2018  09:59:31  PAGE 9


  C:249EH         LINE#         84
  C:24A3H         LINE#         88
  C:24A5H         LINE#         89
  C:24A7H         LINE#         90
  C:24A9H         LINE#         91
  C:24B0H         LINE#         92
  C:24B7H         LINE#         102
  C:24BAH         LINE#         103
  C:24BDH         LINE#         104
  C:24C0H         LINE#         106
  C:24C3H         LINE#         107
  C:24C6H         LINE#         109
  C:24C9H         LINE#         110
  C:24CCH         LINE#         111
  C:24CFH         LINE#         112
  C:24D1H         LINE#         113
  C:24D3H         LINE#         114
  C:24D5H         LINE#         116
  C:24D7H         LINE#         118
  C:24DEH         LINE#         120
  C:24E5H         LINE#         124
  C:24ECH         LINE#         125
  C:24F1H         LINE#         126
  C:24F6H         LINE#         127
  C:24FBH         LINE#         128
  C:2500H         LINE#         129
  C:2505H         LINE#         132
  C:2505H         LINE#         133
  C:2505H         LINE#         134
  C:2508H         LINE#         137
  C:2508H         LINE#         140
  C:250DH         LINE#         141
  C:2512H         LINE#         143
  C:2517H         LINE#         144
  C:251CH         LINE#         145
  C:2521H         LINE#         146
  C:2526H         LINE#         148
  C:2537H         LINE#         150
  C:253EH         LINE#         151
  C:2546H         LINE#         152
  C:254BH         LINE#         153
  C:2553H         LINE#         154
  C:2558H         LINE#         155
  C:2562H         LINE#         156
  C:2567H         LINE#         157
  C:256FH         LINE#         159
  C:2577H         LINE#         160
  C:257CH         LINE#         161
  C:2586H         LINE#         162
  C:2586H         LINE#         163
  C:2588H         LINE#         164
  C:258AH         LINE#         165
  C:2594H         LINE#         166
  C:2594H         LINE#         167
  C:2599H         LINE#         168
  C:2599H         LINE#         180
  C:25A6H         LINE#         181
BL51 BANKED LINKER/LOCATER V6.22                                                      10/31/2018  09:59:31  PAGE 10


  C:25A6H         LINE#         182
  C:25B0H         LINE#         183
  C:25C7H         LINE#         184
  C:25C7H         LINE#         185
  C:25C9H         LINE#         186
  C:25CBH         LINE#         188
  C:25CBH         LINE#         189
  C:25D6H         LINE#         190
  C:25D6H         LINE#         191
  C:25DBH         LINE#         192
  C:25DBH         LINE#         193
  C:25E8H         LINE#         194
  C:25E8H         LINE#         197
  C:25F2H         LINE#         198
  C:2609H         LINE#         199
  C:2609H         LINE#         200
  C:260BH         LINE#         201
  C:260DH         LINE#         203
  C:260DH         LINE#         204
  C:2618H         LINE#         205
  C:2618H         LINE#         206
  C:261DH         LINE#         207
  C:261FH         LINE#         208
  C:261FH         LINE#         217
  C:2641H         LINE#         218
  C:2641H         LINE#         219
  C:264BH         LINE#         220
  C:2651H         LINE#         221
  C:2653H         LINE#         222
  C:2655H         LINE#         223
  C:2657H         LINE#         224
  C:2657H         LINE#         225
  C:265AH         LINE#         227
  C:265AH         LINE#         228
  C:2660H         LINE#         229
  C:2668H         LINE#         230
  C:266EH         LINE#         231
  C:2676H         LINE#         232
  C:26B1H         LINE#         236
  C:26BBH         LINE#         237
  C:26BBH         LINE#         239
  C:26E2H         LINE#         240
  C:2709H         LINE#         241
  C:2709H         LINE#         244
  C:2709H         LINE#         246
  C:2709H         LINE#         247
  C:272CH         LINE#         248
  C:272CH         LINE#         249
  C:2734H         LINE#         250
  C:273BH         LINE#         251
  C:273BH         LINE#         253
  C:276CH         LINE#         254
  C:276CH         LINE#         255
  C:27C6H         LINE#         256
  C:2817H         LINE#         257
  C:2825H         LINE#         258
  C:2825H         LINE#         259
BL51 BANKED LINKER/LOCATER V6.22                                                      10/31/2018  09:59:31  PAGE 11


  C:283AH         LINE#         260
  C:2841H         LINE#         262
  C:2841H         LINE#         263
  C:284FH         LINE#         264
  C:284FH         LINE#         281
  -------         ENDPROC       MAIN
  -------         PROC          UART
  C:3D67H         LINE#         288
  C:3D74H         LINE#         290
  C:3D77H         LINE#         291
  C:3D77H         LINE#         292
  C:3D85H         LINE#         293
  C:3D87H         LINE#         294
  C:3D99H         LINE#         295
  C:3DA8H         LINE#         296
  C:3DB3H         LINE#         297
  C:3DB3H         LINE#         300
  C:3DC0H         LINE#         301
  C:3DC6H         LINE#         302
  C:3DC6H         LINE#         303
  C:3DCCH         LINE#         304
  C:3DDAH         LINE#         305
  C:3DE8H         LINE#         306
  C:3DF0H         LINE#         311
  C:3DF0H         LINE#         312
  C:3DF0H         LINE#         315
  C:3DF0H         LINE#         316
  C:3DF3H         LINE#         317
  C:3DF3H         LINE#         318
  C:3DF5H         LINE#         319
  C:3DF7H         LINE#         320
  C:3DF7H         LINE#         321
  -------         ENDPROC       UART
  -------         PROC          _CALIB_INTERPOLATE
  X:06A2H         SYMBOL        hours
  X:06A6H         SYMBOL        mins
  -------         DO            
  X:06AAH         SYMBOL        p_calib1
  X:06B2H         SYMBOL        p_calib2
  X:06BAH         SYMBOL        i
  X:06BCH         SYMBOL        current_time
  -------         ENDDO         
  C:3337H         LINE#         324
  C:333DH         LINE#         325
  C:333DH         LINE#         329
  C:3394H         LINE#         331
  C:33BAH         LINE#         332
  C:33BAH         LINE#         333
  C:342CH         LINE#         334
  C:342CH         LINE#         335
  C:3459H         LINE#         336
  C:3474H         LINE#         338
  C:34A1H         LINE#         339
  C:34BCH         LINE#         341
  C:34BEH         LINE#         342
  C:34BEH         LINE#         343
  C:34D2H         LINE#         344
BL51 BANKED LINKER/LOCATER V6.22                                                      10/31/2018  09:59:31  PAGE 12


  C:34D7H         LINE#         346
  -------         ENDPROC       _CALIB_INTERPOLATE
  -------         PROC          _SENDUART1
  D:0007H         SYMBOL        dat
  C:46EDH         LINE#         349
  C:46EDH         LINE#         350
  C:46EDH         LINE#         351
  C:46F0H         LINE#         352
  C:46F2H         LINE#         353
  C:46F3H         LINE#         354
  C:46F5H         LINE#         355
  -------         ENDPROC       _SENDUART1
  -------         PROC          _DISPLAY_PROX
  D:0002H         SYMBOL        dat
  -------         DO            
  X:06D1H         SYMBOL        unit
  X:06D2H         SYMBOL        ten
  X:06D3H         SYMBOL        hundred
  X:06D4H         SYMBOL        thousand
  -------         ENDDO         
  C:3E9CH         LINE#         358
  C:3EA0H         LINE#         359
  C:3EA0H         LINE#         361
  C:3EACH         LINE#         362
  C:3EBCH         LINE#         363
  C:3ED8H         LINE#         364
  C:3F08H         LINE#         365
  C:3F12H         LINE#         366
  C:3F1CH         LINE#         367
  C:3F26H         LINE#         368
  C:3F30H         LINE#         370
  -------         ENDPROC       _DISPLAY_PROX
  -------         PROC          _DISPLAY_POS
  X:03C4H         SYMBOL        sign_dat
  -------         DO            
  X:03C8H         SYMBOL        unit
  X:03C9H         SYMBOL        ten
  X:03CAH         SYMBOL        hundred
  D:0003H         SYMBOL        thousand
  X:03CBH         SYMBOL        after_dot
  X:03CCH         SYMBOL        dat
  -------         ENDDO         
  C:3182H         LINE#         373
  C:3188H         LINE#         374
  C:3188H         LINE#         378
  C:31A4H         LINE#         379
  C:31BEH         LINE#         380
  C:31E2H         LINE#         382
  C:322CH         LINE#         384
  C:3243H         LINE#         385
  C:3250H         LINE#         386
  C:3272H         LINE#         387
  C:32A7H         LINE#         388
  C:32BFH         LINE#         389
  C:32BFH         LINE#         391
  C:32C9H         LINE#         392
  C:32D3H         LINE#         393
BL51 BANKED LINKER/LOCATER V6.22                                                      10/31/2018  09:59:31  PAGE 13


  C:32DDH         LINE#         394
  C:32E2H         LINE#         395
  C:32ECH         LINE#         396
  C:32F1H         LINE#         397
  C:32F6H         LINE#         398
  C:32F8H         LINE#         399
  C:32FAH         LINE#         401
  C:32FAH         LINE#         403
  C:32FFH         LINE#         404
  C:3309H         LINE#         405
  C:3313H         LINE#         406
  C:331DH         LINE#         407
  C:3322H         LINE#         408
  C:332CH         LINE#         409
  C:3331H         LINE#         410
  C:3336H         LINE#         412
  C:3336H         LINE#         414
  -------         ENDPROC       _DISPLAY_POS
  -------         ENDMOD        MAIN

  -------         MODULE        PCF85063BTL
  C:0000H         SYMBOL        _ICE_DUMMY_
  D:0096H         PUBLIC        P2M0
  D:0080H         PUBLIC        P0
  D:0095H         PUBLIC        P2M1
  D:0090H         PUBLIC        P1
  D:00A0H         PUBLIC        P2
  D:00B0H         PUBLIC        P3
  D:00C0H         PUBLIC        P4
  D:00C8H         PUBLIC        P5
  D:00E8H         PUBLIC        P6
  B:00A0H.2       PUBLIC        PCF85063BTL_SDI
  D:00F8H         PUBLIC        P7
  B:00A0H.1       PUBLIC        PCF85063BTL_SCK
  B:00A0H.2       PUBLIC        PCF85063BTL_SDO
  D:00A8H         PUBLIC        IE
  C:4149H         PUBLIC        _Read_time
  C:461EH         PUBLIC        _PCF85063BTL_Delay
  D:00B8H         PUBLIC        IP
  D:00D8H         PUBLIC        CCON
  C:4050H         PUBLIC        _Day_Of_Year
  C:450EH         PUBLIC        SPI_ReceiveByte
  D:0098H         PUBLIC        SCON
  D:0088H         PUBLIC        TCON
  C:4664H         PUBLIC        _BCDtoDec
  B:00A0H.0       PUBLIC        PCF85063BTL_CS
  C:4653H         PUBLIC        _SPI_ReadTime
  C:46B4H         PUBLIC        SPI_Init
  C:45BDH         PUBLIC        _SPI_WriteTime
  C:44EEH         PUBLIC        _SPI_SendByte
  D:00D0H         PUBLIC        PSW
  C:461AH         SYMBOL        L?0047
  -------         PROC          L?0046
  -------         ENDPROC       L?0046
  C:461AH         SYMBOL        L?0047
  -------         PROC          _PCF85063BTL_DELAY
  D:0006H         SYMBOL        us
BL51 BANKED LINKER/LOCATER V6.22                                                      10/31/2018  09:59:31  PAGE 14


  C:461EH         LINE#         8
  C:461EH         LINE#         9
  C:461EH         LINE#         10
  C:4628H         LINE#         11
  C:4628H         LINE#         12
  C:4629H         LINE#         13
  C:462BH         LINE#         14
  -------         ENDPROC       _PCF85063BTL_DELAY
  -------         PROC          _SPI_SENDBYTE
  D:0005H         SYMBOL        dat
  -------         DO            
  D:0003H         SYMBOL        i
  -------         ENDDO         
  C:44EEH         LINE#         17
  C:44F0H         LINE#         18
  C:44F0H         LINE#         20
  C:44F2H         LINE#         21
  C:44F2H         LINE#         22
  C:44F4H         LINE#         23
  C:44F8H         LINE#         24
  C:44F8H         LINE#         25
  C:44FAH         LINE#         26
  C:44FCH         LINE#         28
  C:44FCH         LINE#         29
  C:44FEH         LINE#         30
  C:44FEH         LINE#         31
  C:4501H         LINE#         32
  C:4501H         LINE#         33
  C:4504H         LINE#         34
  C:4508H         LINE#         35
  C:450DH         LINE#         36
  -------         ENDPROC       _SPI_SENDBYTE
  -------         PROC          SPI_RECEIVEBYTE
  -------         DO            
  D:0003H         SYMBOL        i
  D:0005H         SYMBOL        dat
  -------         ENDDO         
  C:450EH         LINE#         39
  C:450EH         LINE#         40
  C:450EH         LINE#         42
  C:4510H         LINE#         44
  C:4512H         LINE#         45
  C:4513H         LINE#         46
  C:4513H         LINE#         47
  C:4517H         LINE#         48
  C:4519H         LINE#         49
  C:451CH         LINE#         51
  C:451FH         LINE#         52
  C:451FH         LINE#         53
  C:4523H         LINE#         54
  C:4523H         LINE#         55
  C:4523H         LINE#         56
  C:4526H         LINE#         57
  C:452BH         LINE#         58
  C:452DH         LINE#         59
  -------         ENDPROC       SPI_RECEIVEBYTE
  -------         PROC          _SPI_READTIME
BL51 BANKED LINKER/LOCATER V6.22                                                      10/31/2018  09:59:31  PAGE 15


  D:0007H         SYMBOL        addr
  -------         DO            
  D:0006H         SYMBOL        dat
  -------         ENDDO         
  C:4653H         LINE#         61
  C:4653H         LINE#         62
  C:4653H         LINE#         64
  C:4655H         LINE#         65
  C:4657H         LINE#         66
  C:465EH         LINE#         67
  C:4661H         LINE#         68
  C:4663H         LINE#         69
  C:4663H         LINE#         70
  -------         ENDPROC       _SPI_READTIME
  -------         PROC          _SPI_WRITETIME
  D:0002H         SYMBOL        val
  D:0005H         SYMBOL        addr
  C:45BDH         LINE#         71
  C:45BFH         LINE#         72
  C:45BFH         LINE#         74
  C:45C1H         LINE#         75
  C:45C8H         LINE#         76
  C:45CDH         LINE#         77
  C:45D2H         LINE#         78
  C:45D4H         LINE#         79
  -------         ENDPROC       _SPI_WRITETIME
  -------         PROC          SPI_INIT
  C:46B4H         LINE#         83
  C:46B4H         LINE#         84
  C:46B4H         LINE#         89
  C:46B7H         LINE#         90
  C:46BAH         LINE#         91
  C:46BCH         LINE#         92
  C:46BEH         LINE#         93
  C:46C0H         LINE#         94
  -------         ENDPROC       SPI_INIT
  -------         PROC          _READ_TIME
  X:03C4H         SYMBOL        months
  X:03C7H         SYMBOL        days
  X:03CAH         SYMBOL        hours
  X:03CDH         SYMBOL        mins
  X:03D0H         SYMBOL        seconds
  C:4149H         LINE#         96
  C:4154H         LINE#         97
  C:4154H         LINE#         99
  C:4168H         LINE#         101
  C:417CH         LINE#         103
  C:4190H         LINE#         108
  C:41A4H         LINE#         113
  -------         ENDPROC       _READ_TIME
  -------         PROC          _BCDTODEC
  D:0007H         SYMBOL        bcd
  -------         DO            
  D:0006H         SYMBOL        hi
  D:0007H         SYMBOL        lo
  -------         ENDDO         
  C:4664H         LINE#         119
BL51 BANKED LINKER/LOCATER V6.22                                                      10/31/2018  09:59:31  PAGE 16


  C:4664H         LINE#         120
  C:4664H         LINE#         122
  C:4669H         LINE#         123
  C:466DH         LINE#         124
  C:4674H         LINE#         125
  -------         ENDPROC       _BCDTODEC
  -------         PROC          _DAY_OF_YEAR
  D:0007H         SYMBOL        months_bcd
  D:0005H         SYMBOL        days_bcd
  -------         DO            
  D:0004H         SYMBOL        months
  D:0007H         SYMBOL        days
  -------         ENDDO         
  C:4050H         LINE#         126
  C:4050H         LINE#         127
  C:4050H         LINE#         130
  C:4055H         LINE#         132
  C:405AH         LINE#         134
  C:4093H         LINE#         135
  C:4093H         LINE#         136
  C:4093H         LINE#         137
  C:4096H         LINE#         138
  C:4096H         LINE#         139
  C:4096H         LINE#         140
  C:409BH         LINE#         141
  C:409BH         LINE#         142
  C:409BH         LINE#         143
  C:40A0H         LINE#         144
  C:40A0H         LINE#         145
  C:40A0H         LINE#         146
  C:40A5H         LINE#         147
  C:40A5H         LINE#         148
  C:40A5H         LINE#         149
  C:40AAH         LINE#         150
  C:40AAH         LINE#         151
  C:40AAH         LINE#         152
  C:40AFH         LINE#         153
  C:40AFH         LINE#         154
  C:40AFH         LINE#         155
  C:40B4H         LINE#         156
  C:40B4H         LINE#         157
  C:40B4H         LINE#         158
  C:40B9H         LINE#         159
  C:40B9H         LINE#         160
  C:40B9H         LINE#         161
  C:40C1H         LINE#         162
  C:40C1H         LINE#         163
  C:40C1H         LINE#         164
  C:40C6H         LINE#         165
  C:40C6H         LINE#         166
  C:40C6H         LINE#         167
  C:40CBH         LINE#         168
  C:40CBH         LINE#         169
  C:40CBH         LINE#         170
  C:40D3H         LINE#         171
  C:40D3H         LINE#         172
  C:40D3H         LINE#         173
BL51 BANKED LINKER/LOCATER V6.22                                                      10/31/2018  09:59:31  PAGE 17


  -------         ENDPROC       _DAY_OF_YEAR
  -------         ENDMOD        PCF85063BTL

  -------         MODULE        UART1
  C:0000H         SYMBOL        _ICE_DUMMY_
  D:0080H         PUBLIC        P0
  D:0090H         PUBLIC        P1
  D:00A0H         PUBLIC        P2
  D:00B0H         PUBLIC        P3
  D:00C0H         PUBLIC        P4
  D:00C8H         PUBLIC        P5
  B:00A8H.7       PUBLIC        EA
  D:00E8H         PUBLIC        P6
  D:00F8H         PUBLIC        P7
  C:43F0H         PUBLIC        _SendString
  D:00A8H         PUBLIC        IE
  B:00A8H.4       PUBLIC        ES
  D:00B8H         PUBLIC        IP
  C:45D5H         PUBLIC        _ASCIItoBCD
  D:00D8H         PUBLIC        CCON
  C:4675H         PUBLIC        initUART1
  D:0098H         PUBLIC        SCON
  D:0088H         PUBLIC        TCON
  C:000AH         PUBLIC        _DectoBCD
  C:4707H         PUBLIC        _ASCII_Letter
  D:008EH         PUBLIC        AUXR
  C:4702H         PUBLIC        _unit
  C:0003H         PUBLIC        _ten
  D:00D6H         PUBLIC        T2H
  D:00D7H         PUBLIC        T2L
  D:00D0H         PUBLIC        PSW
  -------         PROC          INITUART1
  C:4675H         LINE#         21
  C:4675H         LINE#         22
  C:4675H         LINE#         23
  C:4678H         LINE#         24
  C:467BH         LINE#         25
  C:467EH         LINE#         26
  C:4681H         LINE#         27
  C:4683H         LINE#         28
  C:4685H         LINE#         30
  -------         ENDPROC       INITUART1
  -------         PROC          _SENDSTRING
  X:06D5H         SYMBOL        s
  C:43F0H         LINE#         35
  C:43FBH         LINE#         36
  C:43FBH         LINE#         37
  C:440BH         LINE#         38
  C:440BH         LINE#         39
  C:4420H         LINE#         40
  C:4422H         LINE#         41
  -------         ENDPROC       _SENDSTRING
  -------         PROC          _TEN
  D:0007H         SYMBOL        BCD
  C:0003H         LINE#         43
  C:0003H         LINE#         44
  C:0003H         LINE#         45
BL51 BANKED LINKER/LOCATER V6.22                                                      10/31/2018  09:59:31  PAGE 18


  C:0008H         LINE#         46
  -------         ENDPROC       _TEN
  -------         PROC          _UNIT
  D:0007H         SYMBOL        BCD
  C:4702H         LINE#         47
  C:4702H         LINE#         48
  C:4702H         LINE#         52
  C:4706H         LINE#         53
  -------         ENDPROC       _UNIT
  -------         PROC          _DECTOBCD
  D:0007H         SYMBOL        dec
  C:000AH         LINE#         54
  C:000AH         LINE#         55
  C:000AH         LINE#         57
  C:000AH         LINE#         58
  -------         ENDPROC       _DECTOBCD
  -------         PROC          _ASCII_LETTER
  D:0007H         SYMBOL        dat
  C:4707H         LINE#         60
  C:4707H         LINE#         61
  C:4707H         LINE#         63
  C:470BH         LINE#         64
  -------         ENDPROC       _ASCII_LETTER
  -------         PROC          _ASCIITOBCD
  D:0001H         SYMBOL        ascii
  -------         DO            
  D:0007H         SYMBOL        dec_val
  D:0006H         SYMBOL        ten
  D:0007H         SYMBOL        unit
  -------         ENDDO         
  C:45D5H         LINE#         66
  C:45D5H         LINE#         67
  C:45D5H         LINE#         69
  C:45D8H         LINE#         70
  C:45DEH         LINE#         71
  C:45E5H         LINE#         72
  C:45EBH         LINE#         74
  -------         ENDPROC       _ASCIITOBCD
  -------         ENDMOD        UART1

  -------         MODULE        LCD_DRIVER_SPLC780D
  C:0000H         SYMBOL        _ICE_DUMMY_
  D:0092H         PUBLIC        P1M0
  D:0091H         PUBLIC        P1M1
  D:0080H         PUBLIC        P0
  D:0090H         PUBLIC        P1
  D:00A0H         PUBLIC        P2
  D:00B0H         PUBLIC        P3
  D:00C0H         PUBLIC        P4
  D:00C8H         PUBLIC        P5
  D:00E8H         PUBLIC        P6
  D:00F8H         PUBLIC        P7
  C:40D4H         PUBLIC        _WriteData
  D:00A8H         PUBLIC        IE
  D:00B8H         PUBLIC        IP
  D:00D8H         PUBLIC        CCON
  B:0090H.4       PUBLIC        LCD_D4
BL51 BANKED LINKER/LOCATER V6.22                                                      10/31/2018  09:59:31  PAGE 19


  B:0090H.5       PUBLIC        LCD_D5
  B:0090H.6       PUBLIC        LCD_D6
  C:456AH         PUBLIC        _DisplayLCD
  B:0090H.7       PUBLIC        LCD_D7
  D:0098H         PUBLIC        SCON
  D:0088H         PUBLIC        TCON
  C:46E3H         PUBLIC        LCD_clear
  C:4341H         PUBLIC        _Command
  C:000EH         PUBLIC        _Display_Line
  C:41B8H         PUBLIC        LCD_Init
  C:44AEH         PUBLIC        _Wait_ms
  B:0090H.1       PUBLIC        LCD_RS
  B:0090H.2       PUBLIC        LCD_RW
  C:46D9H         PUBLIC        LCD_return_home
  B:0090H.3       PUBLIC        LCD_E
  D:00D0H         PUBLIC        PSW
  -------         PROC          LCD_INIT
  C:41B8H         LINE#         9
  C:41B8H         LINE#         10
  C:41B8H         LINE#         11
  C:41BBH         LINE#         12
  C:41BEH         LINE#         14
  C:41C4H         LINE#         15
  C:41C9H         LINE#         17
  C:41D0H         LINE#         18
  C:41D5H         LINE#         20
  C:41D8H         LINE#         21
  C:41DDH         LINE#         23
  C:41E0H         LINE#         24
  C:41E5H         LINE#         26
  C:41ECH         LINE#         29
  C:41F1H         LINE#         30
  C:41F6H         LINE#         32
  C:41FBH         LINE#         33
  C:4200H         LINE#         35
  C:4205H         LINE#         36
  C:420AH         LINE#         37
  -------         ENDPROC       LCD_INIT
  -------         PROC          _WRITEDATA
  X:03CEH         SYMBOL        dat
  C:40D4H         LINE#         40
  C:40D9H         LINE#         41
  C:40D9H         LINE#         46
  C:40DBH         LINE#         47
  C:40DDH         LINE#         49
  C:40EBH         LINE#         50
  C:40F7H         LINE#         51
  C:4103H         LINE#         52
  C:410DH         LINE#         53
  C:410FH         LINE#         54
  C:4116H         LINE#         55
  C:4118H         LINE#         57
  C:4128H         LINE#         58
  C:4133H         LINE#         59
  C:413DH         LINE#         60
  C:4141H         LINE#         62
  C:4141H         LINE#         63
BL51 BANKED LINKER/LOCATER V6.22                                                      10/31/2018  09:59:31  PAGE 20


  C:4144H         LINE#         64
  C:4146H         LINE#         65
  C:4148H         LINE#         67
  -------         ENDPROC       _WRITEDATA
  -------         PROC          _COMMAND
  D:0007H         SYMBOL        dat
  C:4341H         LINE#         69
  C:4341H         LINE#         70
  C:4341H         LINE#         71
  C:4343H         LINE#         72
  C:4345H         LINE#         74
  C:434FH         LINE#         75
  C:4353H         LINE#         77
  C:4355H         LINE#         78
  C:435EH         LINE#         79
  C:4362H         LINE#         81
  C:4364H         LINE#         82
  C:436BH         LINE#         83
  C:436FH         LINE#         85
  C:4371H         LINE#         86
  C:4375H         LINE#         87
  C:4379H         LINE#         89
  C:437BH         LINE#         90
  C:437BH         LINE#         91
  C:437EH         LINE#         92
  C:4380H         LINE#         93
  -------         ENDPROC       _COMMAND
  C:44AAH         SYMBOL        L?0028
  -------         PROC          L?0027
  -------         ENDPROC       L?0027
  C:44AAH         SYMBOL        L?0028
  -------         PROC          _WAIT_MS
  D:0006H         SYMBOL        ms
  -------         DO            
  D:0004H         SYMBOL        De_Cnt
  -------         ENDDO         
  C:44AEH         LINE#         95
  C:44AEH         LINE#         96
  C:44AEH         LINE#         98
  C:44B8H         LINE#         99
  C:44B8H         LINE#         100
  C:44CBH         LINE#         101
  C:44CBH         LINE#         102
  -------         ENDPROC       _WAIT_MS
  -------         PROC          _DISPLAYLCD
  D:0007H         SYMBOL        BCD
  -------         DO            
  D:0006H         SYMBOL        first_digit
  X:03C4H         SYMBOL        second_digit
  -------         ENDDO         
  C:456AH         LINE#         103
  C:456AH         LINE#         104
  C:456AH         LINE#         106
  C:4571H         LINE#         107
  C:457AH         LINE#         109
  C:457FH         LINE#         111
  -------         ENDPROC       _DISPLAYLCD
BL51 BANKED LINKER/LOCATER V6.22                                                      10/31/2018  09:59:31  PAGE 21


  -------         PROC          LCD_RETURN_HOME
  C:46D9H         LINE#         115
  C:46D9H         LINE#         116
  C:46D9H         LINE#         117
  C:46DEH         LINE#         118
  -------         ENDPROC       LCD_RETURN_HOME
  -------         PROC          LCD_CLEAR
  C:46E3H         LINE#         121
  C:46E3H         LINE#         122
  C:46E3H         LINE#         123
  C:46E8H         LINE#         124
  -------         ENDPROC       LCD_CLEAR
  -------         PROC          _DISPLAY_LINE
  D:0006H         SYMBOL        line
  C:000EH         LINE#         128
  C:000EH         LINE#         129
  C:000EH         LINE#         130
  C:0014H         LINE#         131
  C:0014H         LINE#         132
  C:0016H         LINE#         133
  C:0016H         LINE#         134
  C:0018H         LINE#         136
  C:0018H         LINE#         137
  C:001DH         LINE#         138
  C:0022H         LINE#         139
  C:0022H         LINE#         140
  -------         ENDPROC       _DISPLAY_LINE
  -------         ENDMOD        LCD_DRIVER_SPLC780D

  -------         MODULE        KEYPAD
  C:0000H         SYMBOL        _ICE_DUMMY_
  D:0093H         PUBLIC        P0M1
  D:0080H         PUBLIC        P0
  D:0090H         PUBLIC        P1
  D:00A0H         PUBLIC        P2
  D:00B0H         PUBLIC        P3
  D:00C0H         PUBLIC        P4
  D:00C8H         PUBLIC        P5
  D:00E8H         PUBLIC        P6
  D:00F8H         PUBLIC        P7
  D:00A8H         PUBLIC        IE
  C:34D8H         PUBLIC        Key_Scan
  D:00B8H         PUBLIC        IP
  D:00D8H         PUBLIC        CCON
  C:46C1H         PUBLIC        KeyPad_IO_Init
  C:452EH         PUBLIC        _Delay_ms
  D:0098H         PUBLIC        SCON
  D:0088H         PUBLIC        TCON
  B:0020H.0       PUBLIC        small_move
  B:0020H.1       PUBLIC        move
  B:0020H.2       PUBLIC        direction
  B:0020H.3       PUBLIC        auto_move
  C:2B12H         PUBLIC        Key_Process
  D:00D0H         PUBLIC        PSW
  D:0094H         PUBLIC        P0M0
  -------         PROC          _DELAY_MS
  D:0006H         SYMBOL        ms
BL51 BANKED LINKER/LOCATER V6.22                                                      10/31/2018  09:59:31  PAGE 22


  -------         DO            
  D:0004H         SYMBOL        De_Cnt
  -------         ENDDO         
  C:452EH         LINE#         19
  C:452EH         LINE#         20
  C:452EH         LINE#         22
  C:4538H         LINE#         23
  C:4538H         LINE#         24
  C:454BH         LINE#         25
  C:454BH         LINE#         26
  -------         ENDPROC       _DELAY_MS
  -------         PROC          KEY_SCAN
  -------         DO            
  X:03CAH         SYMBOL        KeyTemp1
  X:03CBH         SYMBOL        KeyTemp2
  X:03CCH         SYMBOL        KeyValue
  -------         ENDDO         
  C:34D8H         LINE#         27
  C:34D8H         LINE#         28
  C:34D8H         LINE#         33
  C:34DBH         LINE#         36
  C:34DEH         LINE#         38
  C:34E6H         LINE#         39
  C:34EDH         LINE#         40
  C:34EDH         LINE#         42
  C:34F2H         LINE#         43
  C:34F9H         LINE#         44
  C:34F9H         LINE#         47
  C:34FCH         LINE#         48
  C:34FFH         LINE#         49
  C:3504H         LINE#         50
  C:3508H         LINE#         51
  C:3508H         LINE#         52
  C:3510H         LINE#         53
  C:3510H         LINE#         54
  C:3513H         LINE#         55
  C:351BH         LINE#         56
  C:351DH         LINE#         58
  C:3531H         LINE#         59
  C:3531H         LINE#         60
  C:3531H         LINE#         61
  C:3531H         LINE#         62
  C:3537H         LINE#         64
  C:3539H         LINE#         65
  C:3539H         LINE#         66
  C:3539H         LINE#         67
  C:353FH         LINE#         69
  C:3541H         LINE#         70
  C:3541H         LINE#         71
  C:3541H         LINE#         72
  C:3547H         LINE#         74
  C:3549H         LINE#         75
  C:3549H         LINE#         76
  C:3549H         LINE#         77
  C:354FH         LINE#         79
  C:354FH         LINE#         80
  C:354FH         LINE#         81
BL51 BANKED LINKER/LOCATER V6.22                                                      10/31/2018  09:59:31  PAGE 23


  C:354FH         LINE#         84
  C:3552H         LINE#         85
  C:3555H         LINE#         86
  C:355DH         LINE#         87
  C:3561H         LINE#         88
  C:3561H         LINE#         89
  C:3569H         LINE#         90
  C:3569H         LINE#         91
  C:356CH         LINE#         92
  C:3574H         LINE#         93
  C:3576H         LINE#         94
  C:358AH         LINE#         95
  C:358AH         LINE#         96
  C:358AH         LINE#         97
  C:358AH         LINE#         98
  C:3590H         LINE#         100
  C:3592H         LINE#         101
  C:3592H         LINE#         102
  C:3592H         LINE#         103
  C:3598H         LINE#         105
  C:359AH         LINE#         106
  C:359AH         LINE#         107
  C:359AH         LINE#         108
  C:35A0H         LINE#         110
  C:35A2H         LINE#         111
  C:35A2H         LINE#         112
  C:35A2H         LINE#         113
  C:35A7H         LINE#         115
  C:35A7H         LINE#         116
  C:35A7H         LINE#         117
  C:35A7H         LINE#         120
  C:35AAH         LINE#         121
  C:35ADH         LINE#         122
  C:35B5H         LINE#         123
  C:35B9H         LINE#         124
  C:35B9H         LINE#         125
  C:35C1H         LINE#         126
  C:35C1H         LINE#         127
  C:35C4H         LINE#         128
  C:35CCH         LINE#         129
  C:35CEH         LINE#         130
  C:35E2H         LINE#         131
  C:35E2H         LINE#         132
  C:35E2H         LINE#         133
  C:35E2H         LINE#         134
  C:35E8H         LINE#         136
  C:35EAH         LINE#         137
  C:35EAH         LINE#         138
  C:35EAH         LINE#         139
  C:35F0H         LINE#         141
  C:35F2H         LINE#         142
  C:35F2H         LINE#         143
  C:35F2H         LINE#         144
  C:35F8H         LINE#         146
  C:35FAH         LINE#         147
  C:35FAH         LINE#         148
  C:35FAH         LINE#         149
BL51 BANKED LINKER/LOCATER V6.22                                                      10/31/2018  09:59:31  PAGE 24


  C:3600H         LINE#         151
  C:3600H         LINE#         152
  C:3600H         LINE#         153
  C:3600H         LINE#         157
  C:3603H         LINE#         158
  C:3606H         LINE#         159
  C:360EH         LINE#         160
  C:3612H         LINE#         161
  C:3612H         LINE#         162
  C:361AH         LINE#         163
  C:361AH         LINE#         164
  C:361DH         LINE#         165
  C:3625H         LINE#         166
  C:3627H         LINE#         167
  C:363BH         LINE#         168
  C:363BH         LINE#         169
  C:363BH         LINE#         170
  C:363BH         LINE#         171
  C:3641H         LINE#         173
  C:3643H         LINE#         174
  C:3643H         LINE#         175
  C:3643H         LINE#         176
  C:3649H         LINE#         178
  C:364BH         LINE#         179
  C:364BH         LINE#         180
  C:364BH         LINE#         181
  C:3651H         LINE#         183
  C:3653H         LINE#         184
  C:3653H         LINE#         185
  C:3653H         LINE#         186
  C:3659H         LINE#         188
  C:3659H         LINE#         189
  C:3659H         LINE#         190
  C:3659H         LINE#         192
  C:365FH         LINE#         193
  C:365FH         LINE#         195
  C:365FH         LINE#         196
  C:3662H         LINE#         197
  C:3662H         LINE#         198
  C:3662H         LINE#         200
  C:3662H         LINE#         201
  C:3664H         LINE#         202
  C:3664H         LINE#         203
  -------         ENDPROC       KEY_SCAN
  -------         PROC          KEY_PROCESS
  -------         DO            
  X:06C0H         SYMBOL        KeyCount
  X:06C2H         SYMBOL        KeyNum_Old
  X:06C3H         SYMBOL        KeyNum
  X:06C4H         SYMBOL        PressedKey
  X:03C4H         SYMBOL        d
  D:0004H         SYMBOL        hours
  D:0006H         SYMBOL        mins
  X:03C6H         SYMBOL        months
  X:03C8H         SYMBOL        days
  -------         ENDDO         
  C:2B12H         LINE#         204
BL51 BANKED LINKER/LOCATER V6.22                                                      10/31/2018  09:59:31  PAGE 25


  C:2B12H         LINE#         205
  C:2B12H         LINE#         209
  C:2B1AH         LINE#         210
  C:2B22H         LINE#         212
  C:2B25H         LINE#         213
  C:2B25H         LINE#         214
  C:2B28H         LINE#         216
  C:2B28H         LINE#         217
  C:2B35H         LINE#         218
  C:2B35H         LINE#         219
  C:2B38H         LINE#         220
  C:2B3BH         LINE#         222
  C:2B3EH         LINE#         224
  C:2B3EH         LINE#         225
  C:2B49H         LINE#         226
  C:2B49H         LINE#         227
  C:2B4CH         LINE#         229
  C:2B4CH         LINE#         230
  C:2B53H         LINE#         231
  C:2B53H         LINE#         232
  C:2B56H         LINE#         234
  C:2B56H         LINE#         235
  C:2B5EH         LINE#         236
  C:2B5EH         LINE#         237
  C:2B68H         LINE#         238
  C:2B70H         LINE#         240
  C:2B79H         LINE#         242
  C:2B79H         LINE#         251
  C:2B8EH         LINE#         252
  C:2B8EH         LINE#         253
  C:2BA0H         LINE#         254
  C:2BAEH         LINE#         255
  C:2BBDH         LINE#         256
  C:2BBDH         LINE#         258
  C:2BC3H         LINE#         262
  C:2BD9H         LINE#         263
  C:2BEAH         LINE#         264
  C:2C05H         LINE#         265
  C:2C05H         LINE#         266
  C:2C15H         LINE#         267
  C:2C26H         LINE#         268
  C:2C26H         LINE#         272
  C:2C3FH         LINE#         273
  C:2C56H         LINE#         274
  C:2C76H         LINE#         275
  C:2C76H         LINE#         276
  C:2C80H         LINE#         277
  C:2C80H         LINE#         278
  C:2C89H         LINE#         279
  C:2C89H         LINE#         280
  C:2C9DH         LINE#         281
  C:2C9DH         LINE#         282
  C:2C9DH         LINE#         283
  C:2C9DH         LINE#         284
  C:2C9DH         LINE#         285
  C:2C9FH         LINE#         287
  C:2C9FH         LINE#         288
BL51 BANKED LINKER/LOCATER V6.22                                                      10/31/2018  09:59:31  PAGE 26


  C:2CABH         LINE#         289
  C:2CABH         LINE#         290
  C:2CBCH         LINE#         291
  C:2CBCH         LINE#         292
  C:2CBCH         LINE#         293
  C:2CBCH         LINE#         294
  C:2CBCH         LINE#         296
  C:2CBEH         LINE#         298
  C:2CBEH         LINE#         299
  C:2CCFH         LINE#         300
  C:2CCFH         LINE#         301
  C:2CCFH         LINE#         302
  C:2CCFH         LINE#         303
  C:2CCFH         LINE#         305
  C:2CCFH         LINE#         307
  C:2CCFH         LINE#         308
  C:2CD1H         LINE#         310
  C:2CD1H         LINE#         311
  C:2CE4H         LINE#         312
  C:2CE4H         LINE#         313
  C:2CF5H         LINE#         314
  C:2CF5H         LINE#         315
  C:2CF5H         LINE#         316
  C:2CF5H         LINE#         317
  C:2CF5H         LINE#         318
  C:2CF7H         LINE#         320
  C:2CF7H         LINE#         321
  C:2D08H         LINE#         322
  C:2D08H         LINE#         323
  C:2D19H         LINE#         324
  C:2D2AH         LINE#         325
  C:2D2AH         LINE#         326
  C:2D2AH         LINE#         327
  C:2D2AH         LINE#         328
  C:2D2AH         LINE#         329
  C:2D2DH         LINE#         330
  C:2D32H         LINE#         331
  C:2D37H         LINE#         332
  C:2D3CH         LINE#         333
  C:2D41H         LINE#         334
  C:2D46H         LINE#         335
  C:2D4BH         LINE#         336
  C:2D50H         LINE#         337
  C:2D50H         LINE#         339
  C:2D72H         LINE#         340
  C:2D72H         LINE#         341
  C:2D7CH         LINE#         342
  C:2D7CH         LINE#         343
  C:2D81H         LINE#         344
  C:2D8AH         LINE#         345
  C:2DA1H         LINE#         346
  C:2DA1H         LINE#         347
  C:2DB1H         LINE#         349
  C:2DB1H         LINE#         353
  -------         ENDPROC       KEY_PROCESS
  -------         PROC          KEYPAD_IO_INIT
  C:46C1H         LINE#         356
BL51 BANKED LINKER/LOCATER V6.22                                                      10/31/2018  09:59:31  PAGE 27


  C:46C1H         LINE#         357
  C:46C1H         LINE#         358
  C:46C4H         LINE#         359
  C:46C7H         LINE#         360
  C:46CAH         LINE#         361
  C:46CCH         LINE#         362
  -------         ENDPROC       KEYPAD_IO_INIT
  -------         ENDMOD        KEYPAD

  -------         MODULE        VCNL4035
  C:0000H         SYMBOL        _ICE_DUMMY_
  D:0080H         PUBLIC        P0
  B:00B0H.2       PUBLIC        I2C_SCK
  D:00B2H         PUBLIC        P3M0
  D:0090H         PUBLIC        P1
  D:00B1H         PUBLIC        P3M1
  D:00A0H         PUBLIC        P2
  D:00B0H         PUBLIC        P3
  D:00C0H         PUBLIC        P4
  D:00C8H         PUBLIC        P5
  D:00E8H         PUBLIC        P6
  D:00F8H         PUBLIC        P7
  D:00A8H         PUBLIC        IE
  C:46FCH         PUBLIC        _DisplayLCD_VCNL4035
  D:00B8H         PUBLIC        IP
  D:00D8H         PUBLIC        CCON
  C:4640H         PUBLIC        I2C_Start
  D:0098H         PUBLIC        SCON
  C:45ECH         PUBLIC        I2C_Init
  D:0088H         PUBLIC        TCON
  C:4696H         PUBLIC        uC_NACK
  C:448AH         PUBLIC        _Wait_ms_i2c
  C:44CCH         PUBLIC        _I2C_SendByte
  C:4603H         PUBLIC        I2C_Stop
  C:42B4H         PUBLIC        _Write_VCNL4035X
  C:470CH         PUBLIC        nop
  C:3E02H         PUBLIC        _Read_VCNL4035
  C:46F6H         PUBLIC        uC_ACK
  C:458CH         PUBLIC        I2C_ACK
  C:454CH         PUBLIC        _Wait_ms_iic
  B:00B0H.1       PUBLIC        I2C_SDA
  D:00D0H         PUBLIC        PSW
  C:4457H         PUBLIC        I2C_ReceiveByte
  -------         PROC          _WAIT_MS_IIC
  D:0006H         SYMBOL        ms
  -------         DO            
  D:0004H         SYMBOL        De_Cnt
  -------         ENDDO         
  C:454CH         LINE#         5
  C:454CH         LINE#         6
  C:454CH         LINE#         8
  C:4556H         LINE#         9
  C:4556H         LINE#         10
  C:4569H         LINE#         11
  C:4569H         LINE#         12
  -------         ENDPROC       _WAIT_MS_IIC
  C:4484H         SYMBOL        L?0048
BL51 BANKED LINKER/LOCATER V6.22                                                      10/31/2018  09:59:31  PAGE 28


  C:4486H         SYMBOL        L?0049
  -------         PROC          L?0047
  -------         ENDPROC       L?0047
  C:4484H         SYMBOL        L?0048
  C:4486H         SYMBOL        L?0049
  -------         PROC          _WAIT_MS_I2C
  D:0006H         SYMBOL        ms
  -------         DO            
  D:0004H         SYMBOL        De_Cnt
  -------         ENDDO         
  C:448AH         LINE#         14
  C:448AH         LINE#         15
  C:448AH         LINE#         17
  C:4494H         LINE#         18
  C:4494H         LINE#         19
  C:44A7H         LINE#         20
  C:44A7H         LINE#         21
  -------         ENDPROC       _WAIT_MS_I2C
  -------         PROC          NOP
  C:470CH         LINE#         22
  C:470CH         LINE#         23
  C:470CH         LINE#         25
  -------         ENDPROC       NOP
  -------         PROC          I2C_START
  C:4640H         LINE#         26
  C:4640H         LINE#         27
  C:4640H         LINE#         29
  C:4642H         LINE#         30
  C:4644H         LINE#         31
  C:464BH         LINE#         32
  C:464DH         LINE#         33
  C:4650H         LINE#         34
  C:4652H         LINE#         37
  -------         ENDPROC       I2C_START
  -------         PROC          I2C_STOP
  C:4603H         LINE#         39
  C:4603H         LINE#         40
  C:4603H         LINE#         41
  C:4605H         LINE#         42
  C:4607H         LINE#         43
  C:460AH         LINE#         44
  C:460CH         LINE#         45
  C:460EH         LINE#         46
  C:4615H         LINE#         47
  C:4617H         LINE#         50
  -------         ENDPROC       I2C_STOP
  -------         PROC          L?0050
  -------         ENDPROC       L?0050
  -------         PROC          I2C_ACK
  -------         DO            
  X:03C7H         SYMBOL        i
  D:0003H         SYMBOL        dat
  -------         ENDDO         
  C:458CH         LINE#         52
  C:458CH         LINE#         53
  C:458CH         LINE#         55
  C:458DH         LINE#         60
BL51 BANKED LINKER/LOCATER V6.22                                                      10/31/2018  09:59:31  PAGE 29


  C:4590H         LINE#         61
  C:4592H         LINE#         62
  C:4595H         LINE#         64
  C:4598H         LINE#         65
  C:4598H         LINE#         66
  C:459CH         LINE#         67
  C:459CH         LINE#         70
  C:459CH         LINE#         71
  C:459FH         LINE#         72
  C:459FH         LINE#         73
  C:45A1H         LINE#         74
  -------         ENDPROC       I2C_ACK
  -------         PROC          UC_ACK
  -------         DO            
  X:06D8H         SYMBOL        i
  -------         ENDDO         
  C:46F6H         LINE#         75
  C:46F6H         LINE#         76
  C:46F6H         LINE#         78
  C:46F6H         LINE#         85
  C:46F6H         LINE#         87
  C:46F6H         LINE#         89
  C:46F6H         LINE#         90
  C:46F6H         LINE#         93
  C:46F9H         LINE#         94
  C:46FBH         LINE#         95
  C:46FBH         LINE#         99
  -------         ENDPROC       UC_ACK
  -------         PROC          UC_NACK
  -------         DO            
  X:06D9H         SYMBOL        i
  -------         ENDDO         
  C:4696H         LINE#         101
  C:4696H         LINE#         102
  C:4696H         LINE#         104
  C:4696H         LINE#         108
  C:4698H         LINE#         111
  C:4698H         LINE#         112
  C:469AH         LINE#         113
  C:469AH         LINE#         115
  C:469AH         LINE#         116
  C:469AH         LINE#         119
  C:469DH         LINE#         120
  C:469FH         LINE#         121
  C:46A2H         LINE#         122
  C:46A4H         LINE#         123
  C:46A4H         LINE#         127
  -------         ENDPROC       UC_NACK
  -------         PROC          I2C_INIT
  C:45ECH         LINE#         129
  C:45ECH         LINE#         130
  C:45ECH         LINE#         133
  C:45EFH         LINE#         134
  C:45F2H         LINE#         139
  C:45FAH         LINE#         141
  -------         ENDPROC       I2C_INIT
  -------         PROC          _I2C_SENDBYTE
BL51 BANKED LINKER/LOCATER V6.22                                                      10/31/2018  09:59:31  PAGE 30


  D:0001H         SYMBOL        dat
  -------         DO            
  D:0003H         SYMBOL        i
  -------         ENDDO         
  C:44CCH         LINE#         145
  C:44CEH         LINE#         146
  C:44CEH         LINE#         149
  C:44D0H         LINE#         150
  C:44D0H         LINE#         151
  C:44D2H         LINE#         153
  C:44D6H         LINE#         154
  C:44D6H         LINE#         155
  C:44D8H         LINE#         156
  C:44DAH         LINE#         158
  C:44DAH         LINE#         159
  C:44DCH         LINE#         160
  C:44DCH         LINE#         161
  C:44DFH         LINE#         162
  C:44E1H         LINE#         164
  C:44E5H         LINE#         165
  C:44E8H         LINE#         166
  C:44EDH         LINE#         167
  -------         ENDPROC       _I2C_SENDBYTE
  -------         PROC          L?0051
  -------         ENDPROC       L?0051
  -------         PROC          I2C_RECEIVEBYTE
  -------         DO            
  D:0003H         SYMBOL        i
  D:0001H         SYMBOL        dat
  -------         ENDDO         
  C:4457H         LINE#         171
  C:4457H         LINE#         172
  C:4457H         LINE#         174
  C:4459H         LINE#         178
  C:445AH         LINE#         179
  C:445AH         LINE#         180
  C:445EH         LINE#         181
  C:4460H         LINE#         182
  C:4463H         LINE#         184
  C:4466H         LINE#         185
  C:4466H         LINE#         186
  C:446AH         LINE#         187
  C:446AH         LINE#         188
  C:446AH         LINE#         189
  C:446DH         LINE#         190
  C:4471H         LINE#         191
  C:4471H         LINE#         192
  C:4473H         LINE#         193
  C:4475H         LINE#         194
  C:4475H         LINE#         196
  C:447AH         LINE#         197
  C:447CH         LINE#         198
  -------         ENDPROC       I2C_RECEIVEBYTE
  -------         PROC          _WRITE_VCNL4035X
  X:03C4H         SYMBOL        command_code
  X:03C5H         SYMBOL        dat_h
  X:03C6H         SYMBOL        dat_l
BL51 BANKED LINKER/LOCATER V6.22                                                      10/31/2018  09:59:31  PAGE 31


  C:42B4H         LINE#         199
  C:42BFH         LINE#         200
  C:42BFH         LINE#         201
  C:42C2H         LINE#         202
  C:42C9H         LINE#         203
  C:42C9H         LINE#         204
  C:42CFH         LINE#         205
  C:42CFH         LINE#         206
  C:42D7H         LINE#         207
  C:42D7H         LINE#         208
  C:42DDH         LINE#         209
  C:42E5H         LINE#         211
  C:42EBH         LINE#         212
  C:42F3H         LINE#         214
  C:42F9H         LINE#         215
  C:42FCH         LINE#         216
  -------         ENDPROC       _WRITE_VCNL4035X
  -------         PROC          _READ_VCNL4035
  X:06C9H         SYMBOL        command_code
  -------         DO            
  X:06CBH         SYMBOL        temp_dat
  X:06CDH         SYMBOL        temp_dat_l
  X:06CFH         SYMBOL        temp_dat_h
  -------         ENDDO         
  C:3E02H         LINE#         218
  C:3E0AH         LINE#         219
  C:3E0AH         LINE#         220
  C:3E17H         LINE#         222
  C:3E1AH         LINE#         223
  C:3E1DH         LINE#         224
  C:3E22H         LINE#         226
  C:3E28H         LINE#         227
  C:3E28H         LINE#         228
  C:3E28H         LINE#         229
  C:3E28H         LINE#         230
  C:3E33H         LINE#         231
  C:3E36H         LINE#         232
  C:3E39H         LINE#         233
  C:3E39H         LINE#         236
  C:3E3CH         LINE#         238
  C:3E43H         LINE#         239
  C:3E43H         LINE#         240
  C:3E43H         LINE#         241
  C:3E4EH         LINE#         242
  C:3E51H         LINE#         243
  C:3E54H         LINE#         244
  C:3E57H         LINE#         245
  C:3E5AH         LINE#         246
  C:3E5DH         LINE#         247
  C:3E60H         LINE#         248
  C:3E63H         LINE#         249
  C:3E66H         LINE#         250
  C:3E66H         LINE#         251
  C:3E6CH         LINE#         252
  C:3E6CH         LINE#         253
  C:3E75H         LINE#         255
  C:3E75H         LINE#         256
BL51 BANKED LINKER/LOCATER V6.22                                                      10/31/2018  09:59:31  PAGE 32


  C:3E7BH         LINE#         257
  C:3E7BH         LINE#         259
  C:3E7DH         LINE#         260
  C:3E83H         LINE#         261
  C:3E86H         LINE#         262
  C:3E8DH         LINE#         263
  C:3E8DH         LINE#         264
  C:3E9BH         LINE#         265
  -------         ENDPROC       _READ_VCNL4035
  -------         PROC          _DISPLAYLCD_VCNL4035
  X:06DAH         SYMBOL        dat
  C:46FCH         LINE#         267
  C:4701H         LINE#         268
  C:4701H         LINE#         270
  -------         ENDPROC       _DISPLAYLCD_VCNL4035
  -------         ENDMOD        VCNL4035

  -------         MODULE        BIPOLARMOTOR
  C:0000H         SYMBOL        _ICE_DUMMY_
  D:0080H         PUBLIC        P0
  D:0090H         PUBLIC        P1
  D:00A0H         PUBLIC        P2
  D:00B0H         PUBLIC        P3
  D:00C0H         PUBLIC        P4
  D:00C8H         PUBLIC        P5
  D:00E8H         PUBLIC        P6
  D:00F8H         PUBLIC        P7
  D:00A8H         PUBLIC        IE
  C:3B7EH         PUBLIC        linear_interpolate
  X:0000H         PUBLIC        RX_angle
  C:43BCH         PUBLIC        _Move
  D:00B8H         PUBLIC        IP
  C:2FE4H         PUBLIC        _findDet3x3
  C:2852H         PUBLIC        _findDet4x4
  D:00D8H         PUBLIC        CCON
  X:01B8H         PUBLIC        previous_move_time
  D:0098H         PUBLIC        SCON
  D:0088H         PUBLIC        TCON
  C:4211H         PUBLIC        _Step_move
  C:110CH         PUBLIC        _Update_position
  C:0920H         PUBLIC        _Update_angle
  X:01B9H         PUBLIC        elevation_stamp
  X:01E5H         PUBLIC        date_azimuth_mapping
  X:01F9H         PUBLIC        RX_pos
  C:45ACH         PUBLIC        _BCDtoDec1
  X:03B1H         PUBLIC        degree
  D:00D0H         PUBLIC        PSW
  C:45A2H         SYMBOL        L?0081
  C:45A5H         SYMBOL        L?0082
  C:45A8H         SYMBOL        L?0083
  -------         PROC          L?0080
  -------         ENDPROC       L?0080
  C:45A2H         SYMBOL        L?0081
  C:45A5H         SYMBOL        L?0082
  C:45A8H         SYMBOL        L?0083
  -------         PROC          _BCDTODEC1
  D:0007H         SYMBOL        bcd
BL51 BANKED LINKER/LOCATER V6.22                                                      10/31/2018  09:59:31  PAGE 33


  -------         DO            
  D:0006H         SYMBOL        hi
  D:0007H         SYMBOL        lo
  -------         ENDDO         
  C:45ACH         LINE#         23
  C:45ACH         LINE#         24
  C:45ACH         LINE#         26
  C:45B1H         LINE#         27
  C:45B5H         LINE#         28
  C:45BCH         LINE#         29
  -------         ENDPROC       _BCDTODEC1
  -------         PROC          _STEP_MOVE
  X:0463H         SYMBOL        step
  B:0020H.6       SYMBOL        dir
  -------         DO            
  X:0465H         SYMBOL        i
  -------         ENDDO         
  C:4211H         LINE#         35
  C:4219H         LINE#         36
  C:4219H         LINE#         37
  C:421EH         LINE#         38
  C:4221H         LINE#         39
  C:4226H         LINE#         41
  C:4229H         LINE#         43
  C:4245H         LINE#         44
  C:4245H         LINE#         45
  C:4248H         LINE#         46
  C:424FH         LINE#         47
  C:4252H         LINE#         48
  C:4259H         LINE#         49
  C:4269H         LINE#         50
  -------         ENDPROC       _STEP_MOVE
  -------         PROC          _MOVE
  X:045FH         SYMBOL        distance
  B:0020H.5       SYMBOL        direction
  -------         DO            
  D:0006H         SYMBOL        step
  -------         ENDDO         
  C:43BCH         LINE#         78
  C:43C2H         LINE#         79
  C:43C2H         LINE#         81
  C:43E9H         LINE#         82
  -------         ENDPROC       _MOVE
  C:2FC5H         SYMBOL        L?0076
  C:2FD9H         SYMBOL        L?0077
  -------         PROC          L?0075
  -------         ENDPROC       L?0075
  C:2FC5H         SYMBOL        L?0076
  C:2FD9H         SYMBOL        L?0077
  -------         PROC          _FINDDET3X3
  X:067EH         SYMBOL        a11
  X:0682H         SYMBOL        a12
  X:0686H         SYMBOL        a13
  X:068AH         SYMBOL        a21
  X:068EH         SYMBOL        a22
  X:0692H         SYMBOL        a23
  X:0696H         SYMBOL        a31
BL51 BANKED LINKER/LOCATER V6.22                                                      10/31/2018  09:59:31  PAGE 34


  X:069AH         SYMBOL        a32
  X:069EH         SYMBOL        a33
  C:2FE4H         LINE#         86
  C:2FEAH         LINE#         90
  C:2FEAH         LINE#         91
  C:3181H         LINE#         93
  -------         ENDPROC       _FINDDET3X3
  -------         PROC          _FINDDET4X4
  X:063EH         SYMBOL        a11
  X:0642H         SYMBOL        a12
  X:0646H         SYMBOL        a13
  X:064AH         SYMBOL        a14
  X:064EH         SYMBOL        a21
  X:0652H         SYMBOL        a22
  X:0656H         SYMBOL        a23
  X:065AH         SYMBOL        a24
  X:065EH         SYMBOL        a31
  X:0662H         SYMBOL        a32
  X:0666H         SYMBOL        a33
  X:066AH         SYMBOL        a34
  X:066EH         SYMBOL        a41
  X:0672H         SYMBOL        a42
  X:0676H         SYMBOL        a43
  X:067AH         SYMBOL        a44
  C:2852H         LINE#         94
  C:2858H         LINE#         98
  C:2858H         LINE#         105
  C:2B11H         LINE#         109
  -------         ENDPROC       _FINDDET4X4
  C:3B6DH         SYMBOL        L?0079
  -------         PROC          L?0078
  -------         ENDPROC       L?0078
  C:3B6DH         SYMBOL        L?0079
  -------         PROC          LINEAR_INTERPOLATE
  X:045FH         SYMBOL        p1
  X:0467H         SYMBOL        p2
  X:046FH         SYMBOL        x
  -------         DO            
  D:0004H         SYMBOL        fx
  -------         ENDDO         
  C:3B7EH         LINE#         115
  C:3B7EH         LINE#         116
  C:3B7EH         LINE#         119
  C:3C1DH         LINE#         121
  C:3C1DH         LINE#         122
  -------         ENDPROC       LINEAR_INTERPOLATE
  -------         PROC          _UPDATE_POSITION
  D:0001H         SYMBOL        mnths
  D:0002H         SYMBOL        dys
  X:03D6H         SYMBOL        hurs
  X:03D7H         SYMBOL        mns
  X:03D8H         SYMBOL        sconds
  X:03D9H         SYMBOL        currnt_pos
  X:03DCH         SYMBOL        offset_calib
  -------         DO            
  X:03E0H         SYMBOL        date
  X:03E2H         SYMBOL        i
BL51 BANKED LINKER/LOCATER V6.22                                                      10/31/2018  09:59:31  PAGE 35


  X:03E4H         SYMBOL        yy
  X:03E6H         SYMBOL        desired_distance
  X:03EAH         SYMBOL        distance
  X:03EEH         SYMBOL        JP_pos
  X:03F2H         SYMBOL        pos_interpolate_azimuth
  X:041AH         SYMBOL        current_local_sun_time
  X:041EH         SYMBOL        azimuth
  X:0422H         SYMBOL        elevation
  X:0426H         SYMBOL        time_offset
  X:042AH         SYMBOL        UTC_time
  X:042EH         SYMBOL        declination
  X:0432H         SYMBOL        p1
[...]
  C:1CEAH         LINE#         64
  C:1D15H         LINE#         65
  C:1D4CH         LINE#         66
  C:1D77H         LINE#         67
  C:1D77H         LINE#         70
  C:1D77H         LINE#         79
  C:1DB2H         LINE#         82
  C:1DECH         LINE#         84
  C:1E11H         LINE#         85
  C:1E30H         LINE#         86
  C:1E47H         LINE#         87
  C:1E5EH         LINE#         88
  C:1E75H         LINE#         89
  C:1EFEH         LINE#         91
  C:1F18H         LINE#         92
  C:1F7AH         LINE#         93
  C:1FB0H         LINE#         94
  C:1FC2H         LINE#         95
  C:1FEFH         LINE#         96
  C:201CH         LINE#         98
  C:203EH         LINE#         100
  C:2076H         LINE#         103
  C:2076H         LINE#         104
  C:2084H         LINE#         105
  -------         ENDPROC       SUNPOS
  -------         ENDMOD        SUNPOS

  -------         MODULE        ADC
  C:0000H         SYMBOL        _ICE_DUMMY_
BL51 BANKED LINKER/LOCATER V6.22                                                      10/31/2018  09:59:31  PAGE 40


  D:0092H         PUBLIC        P1M0
  D:0091H         PUBLIC        P1M1
  D:0080H         PUBLIC        P0
  D:0090H         PUBLIC        P1
  D:00A0H         PUBLIC        P2
  D:00B0H         PUBLIC        P3
  D:00C0H         PUBLIC        P4
  D:00C8H         PUBLIC        P5
  D:00E8H         PUBLIC        P6
  D:00F8H         PUBLIC        P7
  D:00A8H         PUBLIC        IE
  D:00BDH         PUBLIC        ADC_RES
  D:00B8H         PUBLIC        IP
  D:00D8H         PUBLIC        CCON
  D:00BCH         PUBLIC        ADC_CONTR
  D:0098H         PUBLIC        SCON
  D:0088H         PUBLIC        TCON
  C:4686H         PUBLIC        ADC_Init
  C:4423H         PUBLIC        _ADC_GetResult
  D:009DH         PUBLIC        P1ASF
  D:00BEH         PUBLIC        ADC_RESL
  D:00D0H         PUBLIC        PSW
  -------         PROC          ADC_INIT
  C:4686H         LINE#         5
  C:4686H         LINE#         6
  C:4686H         LINE#         8
  C:4689H         LINE#         9
  C:468CH         LINE#         11
  C:468FH         LINE#         13
  C:4692H         LINE#         15
  C:4695H         LINE#         17
  -------         ENDPROC       ADC_INIT
  -------         PROC          _ADC_GETRESULT
  D:0007H         SYMBOL        ch
  -------         DO            
  D:0006H         SYMBOL        ADC_Value
  -------         ENDDO         
  C:4423H         LINE#         20
  C:4423H         LINE#         21
  C:4423H         LINE#         23
  C:4428H         LINE#         24
  C:4429H         LINE#         25
  C:442AH         LINE#         26
  C:442BH         LINE#         27
  C:442CH         LINE#         28
  C:4431H         LINE#         29
  C:4434H         LINE#         30
  C:4438H         LINE#         31
  C:4448H         LINE#         32
  C:4449H         LINE#         33
  C:444AH         LINE#         34
  C:444BH         LINE#         35
  C:444CH         LINE#         36
  C:444DH         LINE#         37
  C:444EH         LINE#         38
  C:444FH         LINE#         39
  C:4450H         LINE#         40
BL51 BANKED LINKER/LOCATER V6.22                                                      10/31/2018  09:59:31  PAGE 41


  C:4450H         LINE#         41
  -------         ENDPROC       _ADC_GETRESULT
  -------         ENDMOD        ADC

  -------         MODULE        CALIBRATION
  C:0000H         SYMBOL        _ICE_DUMMY_
  D:0080H         PUBLIC        P0
  D:0090H         PUBLIC        P1
  D:00A0H         PUBLIC        P2
  D:00B0H         PUBLIC        P3
  D:00C0H         PUBLIC        P4
  D:00C8H         PUBLIC        P5
  D:00E8H         PUBLIC        P6
  D:00F8H         PUBLIC        P7
  C:3F31H         PUBLIC        _Max_Value
  D:00A8H         PUBLIC        IE
  C:39EAH         PUBLIC        _calibration
  C:3AB2H         PUBLIC        voltage_is_stable
  D:00B8H         PUBLIC        IP
  D:00D8H         PUBLIC        CCON
  D:0098H         PUBLIC        SCON
  D:0088H         PUBLIC        TCON
  C:2DB2H         PUBLIC        _Find_Real_Max
  D:00D0H         PUBLIC        PSW
  -------         PROC          VOLTAGE_IS_STABLE
  -------         DO            
  X:03D4H         SYMBOL        sample_voltage
  X:03E8H         SYMBOL        i
  X:03EAH         SYMBOL        ch
  -------         ENDDO         
  C:3AB2H         LINE#         17
  C:3AB2H         LINE#         18
  C:3AB2H         LINE#         20
  C:3AB9H         LINE#         21
  C:3ABFH         LINE#         22
  C:3ABFH         LINE#         23
  C:3AE8H         LINE#         24
  C:3B07H         LINE#         26
  C:3B21H         LINE#         27
  C:3B21H         LINE#         28
  C:3B54H         LINE#         29
  C:3B58H         LINE#         30
  C:3B68H         LINE#         31
  C:3B6CH         LINE#         32
  -------         ENDPROC       VOLTAGE_IS_STABLE
  -------         PROC          _FIND_REAL_MAX
  X:03D4H         SYMBOL        current_position
  -------         DO            
  X:03D7H         SYMBOL        ch
  X:03D8H         SYMBOL        calib_step_move
  X:03DCH         SYMBOL        voltage_at_scanned_pos
  X:042CH         SYMBOL        max_location
  X:042EH         SYMBOL        i
  -------         ENDDO         
  C:2DB2H         LINE#         33
  C:2DBDH         LINE#         34
  C:2DBDH         LINE#         35
BL51 BANKED LINKER/LOCATER V6.22                                                      10/31/2018  09:59:31  PAGE 42


  C:2DC0H         LINE#         36
  C:2DC8H         LINE#         40
  C:2DD0H         LINE#         41
  C:2DD0H         LINE#         42
  C:2DE3H         LINE#         43
  C:2E09H         LINE#         44
  C:2E31H         LINE#         45
  C:2E38H         LINE#         46
  C:2E5AH         LINE#         48
  C:2E67H         LINE#         49
  C:2E8EH         LINE#         50
  C:2E95H         LINE#         52
  C:2E9DH         LINE#         53
  C:2E9DH         LINE#         55
  C:2EB0H         LINE#         56
  C:2ED6H         LINE#         57
  C:2EFEH         LINE#         58
  C:2F05H         LINE#         59
  C:2F27H         LINE#         61
  C:2F38H         LINE#         63
  C:2F55H         LINE#         64
  C:2FAAH         LINE#         65
  -------         ENDPROC       _FIND_REAL_MAX
  -------         PROC          _MAX_VALUE
  D:0001H         SYMBOL        input
  -------         DO            
  D:0004H         SYMBOL        max
  X:0430H         SYMBOL        max_location
  X:0432H         SYMBOL        i
  -------         ENDDO         
  C:3F31H         LINE#         70
  C:3F31H         LINE#         71
  C:3F31H         LINE#         72
  C:3F38H         LINE#         74
  C:3F4CH         LINE#         75
  C:3F4CH         LINE#         76
  C:3F82H         LINE#         77
  C:3F9CH         LINE#         78
  C:3FABH         LINE#         79
  C:3FBBH         LINE#         80
  C:3FC3H         LINE#         82
  -------         ENDPROC       _MAX_VALUE
  -------         PROC          _CALIBRATION
  X:03C4H         SYMBOL        mnths
  X:03C5H         SYMBOL        dys
  X:03C6H         SYMBOL        hurs
  X:03C7H         SYMBOL        mns
  X:03C8H         SYMBOL        sconds
  X:03C9H         SYMBOL        currnt_pos
  -------         DO            
  X:03CCH         SYMBOL        calib_value
  X:03D0H         SYMBOL        JP_max_pos
  -------         ENDDO         
  C:39EAH         LINE#         84
  C:39F5H         LINE#         87
  C:39F5H         LINE#         88
  C:39FFH         LINE#         89
BL51 BANKED LINKER/LOCATER V6.22                                                      10/31/2018  09:59:31  PAGE 43


  C:3A13H         LINE#         91
  C:3A1DH         LINE#         92
  C:3A1DH         LINE#         94
  C:3A53H         LINE#         96
  C:3A5CH         LINE#         97
  C:3A81H         LINE#         98
  C:3A9DH         LINE#         99
  C:3AACH         LINE#         100
  C:3AACH         LINE#         102
  C:3AB1H         LINE#         103
  -------         ENDPROC       _CALIBRATION
  -------         ENDMOD        CALIBRATION

  -------         MODULE        ?C_STARTUP
  C:3FC4H         SEGMENT       ?C_C51STARTUP
  I:0021H         SEGMENT       ?STACK
  C:0000H         PUBLIC        ?C_STARTUP
  D:00E0H         SYMBOL        ACC
  D:00F0H         SYMBOL        B
  D:0083H         SYMBOL        DPH
  D:0082H         SYMBOL        DPL
  N:0000H         SYMBOL        IBPSTACK
  N:0100H         SYMBOL        IBPSTACKTOP
  N:0080H         SYMBOL        IDATALEN
  C:3FC7H         SYMBOL        IDATALOOP
  N:0000H         SYMBOL        PBPSTACK
  N:0100H         SYMBOL        PBPSTACKTOP
  N:0000H         SYMBOL        PDATALEN
  N:0000H         SYMBOL        PDATASTART
  N:0000H         SYMBOL        PPAGE
  N:0000H         SYMBOL        PPAGEENABLE
  D:00A0H         SYMBOL        PPAGE_SFR
  D:0081H         SYMBOL        SP
  C:3FC4H         SYMBOL        STARTUP1
  N:0000H         SYMBOL        XBPSTACK
  N:0000H         SYMBOL        XBPSTACKTOP
  N:0000H         SYMBOL        XDATALEN
  N:0000H         SYMBOL        XDATASTART
  C:0000H         LINE#         126
  C:3FC4H         LINE#         133
  C:3FC6H         LINE#         134
  C:3FC7H         LINE#         135
  C:3FC8H         LINE#         136
  C:3FCAH         LINE#         185
  C:3FCDH         LINE#         196
  -------         ENDMOD        ?C_STARTUP

  -------         MODULE        ?C?FPADD
  C:002DH         PUBLIC        ?C?FPADD
  C:0029H         PUBLIC        ?C?FPSUB
  -------         ENDMOD        ?C?FPADD

  -------         MODULE        ?C?FPMUL
  C:011EH         PUBLIC        ?C?FPMUL
  -------         ENDMOD        ?C?FPMUL

  -------         MODULE        ?C?FPDIV
BL51 BANKED LINKER/LOCATER V6.22                                                      10/31/2018  09:59:31  PAGE 44


  C:0227H         PUBLIC        ?C?FPDIV
  -------         ENDMOD        ?C?FPDIV

  -------         MODULE        ?C?FPCMP
  C:02C6H         PUBLIC        ?C?FPCMP
  C:02C4H         PUBLIC        ?C?FPCMP3
  -------         ENDMOD        ?C?FPCMP

  -------         MODULE        ?C?FPNEG
  C:033DH         PUBLIC        ?C?FPNEG
  -------         ENDMOD        ?C?FPNEG

  -------         MODULE        ?C?FCAST
  C:0358H         PUBLIC        ?C?FCASTC
  C:0353H         PUBLIC        ?C?FCASTI
  C:034EH         PUBLIC        ?C?FCASTL
  -------         ENDMOD        ?C?FCAST

  -------         MODULE        ?C?CASTF
  C:038CH         PUBLIC        ?C?CASTF
  -------         ENDMOD        ?C?CASTF

  -------         MODULE        ATAN2
  X:04BCH         PUBLIC        ?_atan2?BYTE
  C:3CCAH         PUBLIC        _atan2
  -------         ENDMOD        ATAN2

  -------         MODULE        SIN
  C:36ADH         PUBLIC        _COS
  C:36C3H         PUBLIC        _SIN
  C:36FFH         PUBLIC        _TAN
  -------         ENDMOD        SIN

  -------         MODULE        ACOS
  C:426AH         PUBLIC        _ACOS
  -------         ENDMOD        ACOS

  -------         MODULE        ASIN
  C:4381H         PUBLIC        _ASIN
  -------         ENDMOD        ASIN

  -------         MODULE        SQRT
  C:3C22H         PUBLIC        _SQRT
  -------         ENDMOD        SQRT

  -------         MODULE        ATAN
  C:380DH         PUBLIC        _ATAN
  -------         ENDMOD        ATAN

  -------         MODULE        ?C?COPY
  C:052AH         PUBLIC        ?C?COPY
  -------         ENDMOD        ?C?COPY

  -------         MODULE        ?C?CLDPTR
  C:0550H         PUBLIC        ?C?CLDPTR
  -------         ENDMOD        ?C?CLDPTR

BL51 BANKED LINKER/LOCATER V6.22                                                      10/31/2018  09:59:31  PAGE 45


  -------         MODULE        ?C?CSTPTR
  C:0569H         PUBLIC        ?C?CSTPTR
  -------         ENDMOD        ?C?CSTPTR

  -------         MODULE        ?C?IMUL
  C:057BH         PUBLIC        ?C?IMUL
  -------         ENDMOD        ?C?IMUL

  -------         MODULE        ?C?UIDIV
  C:058DH         PUBLIC        ?C?UIDIV
  -------         ENDMOD        ?C?UIDIV

  -------         MODULE        ?C?SIDIV
  C:05E2H         PUBLIC        ?C?SIDIV
  -------         ENDMOD        ?C?SIDIV

  -------         MODULE        ?C?ILDIX
  C:0618H         PUBLIC        ?C?ILDIX
  -------         ENDMOD        ?C?ILDIX

  -------         MODULE        ?C?ILDOPTR
  C:062EH         PUBLIC        ?C?ILDOPTR
  -------         ENDMOD        ?C?ILDOPTR

  -------         MODULE        ?C?LMUL
  C:0666H         PUBLIC        ?C?LMUL
  -------         ENDMOD        ?C?LMUL

  -------         MODULE        ?C?SLDIV
  C:42FDH         PUBLIC        ?C?SLDIV
  -------         ENDMOD        ?C?SLDIV

  -------         MODULE        ?C?LNEG
  C:06B5H         PUBLIC        ?C?LNEG
  -------         ENDMOD        ?C?LNEG

  -------         MODULE        ?C?LLDPTR
  C:06C3H         PUBLIC        ?C?LLDPTR
  -------         ENDMOD        ?C?LLDPTR

  -------         MODULE        ?C?LLDOPTR
  C:06E3H         PUBLIC        ?C?LLDOPTR
  -------         ENDMOD        ?C?LLDOPTR

  -------         MODULE        ?C?LSTPTR
  C:0713H         PUBLIC        ?C?LSTPTR
  -------         ENDMOD        ?C?LSTPTR

  -------         MODULE        ?C?LSTOPTR
  C:072DH         PUBLIC        ?C?LSTOPTR
  -------         ENDMOD        ?C?LSTOPTR

  -------         MODULE        ?C?LLDXDATA
  C:0751H         PUBLIC        ?C?LLDXDATA
  -------         ENDMOD        ?C?LLDXDATA

  -------         MODULE        ?C?LLDCODE
BL51 BANKED LINKER/LOCATER V6.22                                                      10/31/2018  09:59:31  PAGE 46


  C:075DH         PUBLIC        ?C?LLDCODE
  -------         ENDMOD        ?C?LLDCODE

  -------         MODULE        ?C?LLDXDATA0
  C:076DH         PUBLIC        ?C?LLDXDATA0
  -------         ENDMOD        ?C?LLDXDATA0

  -------         MODULE        ?C?LLDCODE0
  C:0779H         PUBLIC        ?C?LLDCODE0
  -------         ENDMOD        ?C?LLDCODE0

  -------         MODULE        ?C?LLDPTR0
  C:0789H         PUBLIC        ?C?LLDPTR0
  -------         ENDMOD        ?C?LLDPTR0

  -------         MODULE        ?C?LSTXDATA
  C:07A9H         PUBLIC        ?C?LSTXDATA
  -------         ENDMOD        ?C?LSTXDATA

  -------         MODULE        ?C?LSTKXDATA
  C:07B5H         PUBLIC        ?C?LSTKXDATA
  -------         ENDMOD        ?C?LSTKXDATA

  -------         MODULE        ?C?OFFXADD
  C:07E6H         PUBLIC        ?C?OFFXADD
  -------         ENDMOD        ?C?OFFXADD

  -------         MODULE        ABS
  C:46CDH         PUBLIC        _ABS
  -------         ENDMOD        ABS

  -------         MODULE        ATOI
  C:390FH         PUBLIC        _atoi
  -------         ENDMOD        ATOI

  -------         MODULE        ?C?IILDX
  C:07F2H         PUBLIC        ?C?IILDX
  -------         ENDMOD        ?C?IILDX

  -------         MODULE        ?C?ULDIV
  C:0844H         PUBLIC        ?C?ULDIV
  -------         ENDMOD        ?C?ULDIV

  -------         MODULE        ?C?LLDIDATA
  C:08D6H         PUBLIC        ?C?LLDIDATA
  -------         ENDMOD        ?C?LLDIDATA

  -------         MODULE        ?C?LLDPDATA
  C:08E2H         PUBLIC        ?C?LLDPDATA
  -------         ENDMOD        ?C?LLDPDATA

  -------         MODULE        ?C?LLDIDATA0
  C:08EEH         PUBLIC        ?C?LLDIDATA0
  -------         ENDMOD        ?C?LLDIDATA0

  -------         MODULE        ?C?LLDPDATA0
  C:08FBH         PUBLIC        ?C?LLDPDATA0
BL51 BANKED LINKER/LOCATER V6.22                                                      10/31/2018  09:59:31  PAGE 47


  -------         ENDMOD        ?C?LLDPDATA0

  -------         MODULE        ?C?LSTIDATA
  C:0908H         PUBLIC        ?C?LSTIDATA
  -------         ENDMOD        ?C?LSTIDATA

  -------         MODULE        ?C?LSTPDATA
  C:0914H         PUBLIC        ?C?LSTPDATA
  -------         ENDMOD        ?C?LSTPDATA

  -------         MODULE        ISDIGIT
  C:46A5H         PUBLIC        _isdigit
  -------         ENDMOD        ISDIGIT

  -------         MODULE        ISSPACE
  C:462CH         PUBLIC        _isspace
  -------         ENDMOD        ISSPACE

*** WARNING L16: UNCALLED SEGMENT, IGNORED FOR OVERLAY PROCESS
    SEGMENT: ?PR?_CALIB_INTERPOLATE?MAIN

*** WARNING L16: UNCALLED SEGMENT, IGNORED FOR OVERLAY PROCESS
    SEGMENT: ?PR?_DISPLAY_PROX?MAIN

*** WARNING L16: UNCALLED SEGMENT, IGNORED FOR OVERLAY PROCESS
    SEGMENT: ?PR?INITUART1?UART1

*** WARNING L16: UNCALLED SEGMENT, IGNORED FOR OVERLAY PROCESS
    SEGMENT: ?PR?_SENDSTRING?UART1

*** WARNING L16: UNCALLED SEGMENT, IGNORED FOR OVERLAY PROCESS
    SEGMENT: ?PR?_TEN?UART1

*** WARNING L16: UNCALLED SEGMENT, IGNORED FOR OVERLAY PROCESS
    SEGMENT: ?PR?_UNIT?UART1

*** WARNING L16: UNCALLED SEGMENT, IGNORED FOR OVERLAY PROCESS
    SEGMENT: ?PR?_DECTOBCD?UART1

*** WARNING L16: UNCALLED SEGMENT, IGNORED FOR OVERLAY PROCESS
    SEGMENT: ?PR?_ASCII_LETTER?UART1

*** WARNING L16: UNCALLED SEGMENT, IGNORED FOR OVERLAY PROCESS
    SEGMENT: ?PR?NOP?VCNL4035

*** WARNING L16: UNCALLED SEGMENT, IGNORED FOR OVERLAY PROCESS
    SEGMENT: ?PR?_READ_VCNL4035?VCNL4035

*** WARNING L16: UNCALLED SEGMENT, IGNORED FOR OVERLAY PROCESS
    SEGMENT: ?PR?_DISPLAYLCD_VCNL4035?VCNL4035

*** WARNING L16: UNCALLED SEGMENT, IGNORED FOR OVERLAY PROCESS
    SEGMENT: ?PR?_FINDDET4X4?BIPOLARMOTOR

*** WARNING L16: UNCALLED SEGMENT, IGNORED FOR OVERLAY PROCESS
    SEGMENT: ?PR?_UPDATE_ANGLE?BIPOLARMOTOR

BL51 BANKED LINKER/LOCATER V6.22                                                      10/31/2018  09:59:31  PAGE 48


*** WARNING L1: UNRESOLVED EXTERNAL SYMBOL
    SYMBOL:  CALIB_MODE
    MODULE:  .\Obj\main.obj (MAIN)

*** WARNING L1: UNRESOLVED EXTERNAL SYMBOL
    SYMBOL:  AUTO_MODE
    MODULE:  .\Obj\main.obj (MAIN)

*** WARNING L2: REFERENCE MADE TO UNRESOLVED EXTERNAL
    SYMBOL:  CALIB_MODE
    MODULE:  .\Obj\main.obj (MAIN)
    ADDRESS: 24AAH

*** WARNING L2: REFERENCE MADE TO UNRESOLVED EXTERNAL
    SYMBOL:  AUTO_MODE
    MODULE:  .\Obj\main.obj (MAIN)
    ADDRESS: 24B2H

*** WARNING L2: REFERENCE MADE TO UNRESOLVED EXTERNAL
    SYMBOL:  AUTO_MODE
    MODULE:  .\Obj\main.obj (MAIN)
    ADDRESS: 257DH

*** WARNING L2: REFERENCE MADE TO UNRESOLVED EXTERNAL
    SYMBOL:  AUTO_MODE
    MODULE:  .\Obj\main.obj (MAIN)
    ADDRESS: 258BH

*** WARNING L2: REFERENCE MADE TO UNRESOLVED EXTERNAL
    SYMBOL:  AUTO_MODE
    MODULE:  .\Obj\main.obj (MAIN)
    ADDRESS: 259DH

*** WARNING L2: REFERENCE MADE TO UNRESOLVED EXTERNAL
    SYMBOL:  AUTO_MODE
    MODULE:  .\Obj\main.obj (MAIN)
    ADDRESS: 25DFH

*** WARNING L2: REFERENCE MADE TO UNRESOLVED EXTERNAL
    SYMBOL:  AUTO_MODE
    MODULE:  .\Obj\main.obj (MAIN)
    ADDRESS: 26B2H

*** WARNING L2: REFERENCE MADE TO UNRESOLVED EXTERNAL
    SYMBOL:  CALIB_MODE
    MODULE:  .\Obj\main.obj (MAIN)
    ADDRESS: 272DH

*** WARNING L2: REFERENCE MADE TO UNRESOLVED EXTERNAL
    SYMBOL:  CALIB_MODE
    MODULE:  .\Obj\main.obj (MAIN)
    ADDRESS: 273CH

*** WARNING L2: REFERENCE MADE TO UNRESOLVED EXTERNAL
    SYMBOL:  CALIB_MODE
    MODULE:  .\Obj\main.obj (MAIN)
    ADDRESS: 283CH
BL51 BANKED LINKER/LOCATER V6.22                                                      10/31/2018  09:59:31  PAGE 49



*** WARNING L1: UNRESOLVED EXTERNAL SYMBOL
    SYMBOL:  AUTO_MODE
    MODULE:  .\Obj\KeyPad.obj (KEYPAD)

*** WARNING L2: REFERENCE MADE TO UNRESOLVED EXTERNAL
    SYMBOL:  AUTO_MODE
    MODULE:  .\Obj\KeyPad.obj (KEYPAD)
    ADDRESS: 2B5FH

*** WARNING L2: REFERENCE MADE TO UNRESOLVED EXTERNAL
    SYMBOL:  AUTO_MODE
    MODULE:  .\Obj\KeyPad.obj (KEYPAD)
    ADDRESS: 2B6AH

*** WARNING L2: REFERENCE MADE TO UNRESOLVED EXTERNAL
    SYMBOL:  AUTO_MODE
    MODULE:  .\Obj\KeyPad.obj (KEYPAD)
    ADDRESS: 2B71H

Program Size: data=18.0 xdata=1755 code=18189
LINK/LOCATE RUN COMPLETE.  29 WARNING(S),  0 ERROR(S)
