BL51 BANKED LINKER/LOCATER V6.22                                                        07/24/2019  12:27:31  PAGE 1


BL51 BANKED LINKER/LOCATER V6.22, INVOKED BY:
C:\KEIL_V5\C51\BIN\BL51.EXE .\Obj\main.obj, .\Obj\PCF85063BTL.obj, .\Obj\LCd_Driver_SPLC780D.obj, .\Obj\KeyPad.obj, .\Ob
>> j\BipolarMotor.obj, .\Obj\SunPos.obj, .\Obj\ADC.obj, .\Obj\Calibration.obj, .\Obj\IOExpander_PI4IOE5V96248.obj, .\Obj
>> \AT25SF041.obj, .\Obj\SI1120.obj, .\Obj\UART1.obj, .\Obj\STARTUP.obj TO .\Obj\GPIO_RTC_Test PRINT (.\Lis\GPIO_RTC_Tes
>> t.m51) RAMSIZE (256)


MEMORY MODEL: LARGE WITH FLOATING POINT ARITHMETIC


INPUT MODULES INCLUDED:
  .\Obj\main.obj (MAIN)
  .\Obj\PCF85063BTL.obj (PCF85063BTL)
  .\Obj\LCd_Driver_SPLC780D.obj (LCD_DRIVER_SPLC780D)
  .\Obj\KeyPad.obj (KEYPAD)
  .\Obj\BipolarMotor.obj (BIPOLARMOTOR)
  .\Obj\SunPos.obj (SUNPOS)
  .\Obj\ADC.obj (ADC)
  .\Obj\Calibration.obj (CALIBRATION)
  .\Obj\IOExpander_PI4IOE5V96248.obj (IOEXPANDER_PI4IOE5V96248)
  .\Obj\AT25SF041.obj (AT25SF041)
  .\Obj\SI1120.obj (SI1120)
  .\Obj\UART1.obj (UART1)
  .\Obj\STARTUP.obj (?C_STARTUP)
  C:\KEIL_V5\C51\LIB\C51FPL.LIB (?C?FPADD)
  C:\KEIL_V5\C51\LIB\C51FPL.LIB (?C?FPMUL)
  C:\KEIL_V5\C51\LIB\C51FPL.LIB (?C?FPDIV)
  C:\KEIL_V5\C51\LIB\C51FPL.LIB (?C?FPCMP)
  C:\KEIL_V5\C51\LIB\C51FPL.LIB (?C?FPNEG)
  C:\KEIL_V5\C51\LIB\C51FPL.LIB (?C?FCAST)
  C:\KEIL_V5\C51\LIB\C51FPL.LIB (?C?CASTF)
  C:\KEIL_V5\C51\LIB\C51FPL.LIB (PRINTF)
  C:\KEIL_V5\C51\LIB\C51FPL.LIB (FABS)
  C:\KEIL_V5\C51\LIB\C51FPL.LIB (ATAN2)
  C:\KEIL_V5\C51\LIB\C51FPL.LIB (SIN)
  C:\KEIL_V5\C51\LIB\C51FPL.LIB (ACOS)
  C:\KEIL_V5\C51\LIB\C51FPL.LIB (ASIN)
  C:\KEIL_V5\C51\LIB\C51FPL.LIB (POW)
  C:\KEIL_V5\C51\LIB\C51FPL.LIB (?C?FPGETOPN)
  C:\KEIL_V5\C51\LIB\C51FPL.LIB (?C?CHKFLOAT)
  C:\KEIL_V5\C51\LIB\C51FPL.LIB (?C?FPROUND)
  C:\KEIL_V5\C51\LIB\C51FPL.LIB (?C?FPCONVERT)
  C:\KEIL_V5\C51\LIB\C51FPL.LIB (?C?FPSERIES)
  C:\KEIL_V5\C51\LIB\C51FPL.LIB (EXP)
  C:\KEIL_V5\C51\LIB\C51FPL.LIB (LOG)
  C:\KEIL_V5\C51\LIB\C51FPL.LIB (SQRT)
  C:\KEIL_V5\C51\LIB\C51FPL.LIB (ATAN)
  C:\KEIL_V5\C51\LIB\C51FPL.LIB (?C?FTNPWR)
  C:\KEIL_V5\C51\LIB\C51L.LIB (?C_INIT)
  C:\KEIL_V5\C51\LIB\C51L.LIB (?C?COPY)
  C:\KEIL_V5\C51\LIB\C51L.LIB (?C?CLDPTR)
  C:\KEIL_V5\C51\LIB\C51L.LIB (?C?CLDOPTR)
  C:\KEIL_V5\C51\LIB\C51L.LIB (?C?CSTPTR)
  C:\KEIL_V5\C51\LIB\C51L.LIB (?C?IMUL)
  C:\KEIL_V5\C51\LIB\C51L.LIB (?C?UIDIV)
  C:\KEIL_V5\C51\LIB\C51L.LIB (?C?SIDIV)
  C:\KEIL_V5\C51\LIB\C51L.LIB (?C?ILDIX)
  C:\KEIL_V5\C51\LIB\C51L.LIB (?C?ILDOPTR)
BL51 BANKED LINKER/LOCATER V6.22                                                      07/24/2019  12:27:31  PAGE 2


  C:\KEIL_V5\C51\LIB\C51L.LIB (?C?ISTPTR)
  C:\KEIL_V5\C51\LIB\C51L.LIB (?C?LMUL)
  C:\KEIL_V5\C51\LIB\C51L.LIB (?C?SLDIV)
  C:\KEIL_V5\C51\LIB\C51L.LIB (?C?LNEG)
  C:\KEIL_V5\C51\LIB\C51L.LIB (?C?ULCMP)
  C:\KEIL_V5\C51\LIB\C51L.LIB (?C?LSHL)
  C:\KEIL_V5\C51\LIB\C51L.LIB (?C?LLDPTR)
  C:\KEIL_V5\C51\LIB\C51L.LIB (?C?LLDOPTR)
  C:\KEIL_V5\C51\LIB\C51L.LIB (?C?LSTPTR)
  C:\KEIL_V5\C51\LIB\C51L.LIB (?C?LSTOPTR)
  C:\KEIL_V5\C51\LIB\C51L.LIB (?C?LLDXDATA)
  C:\KEIL_V5\C51\LIB\C51L.LIB (?C?LLDCODE)
  C:\KEIL_V5\C51\LIB\C51L.LIB (?C?LLDXDATA0)
  C:\KEIL_V5\C51\LIB\C51L.LIB (?C?LLDCODE0)
  C:\KEIL_V5\C51\LIB\C51L.LIB (?C?LLDPTR0)
  C:\KEIL_V5\C51\LIB\C51L.LIB (?C?LSTXDATA)
  C:\KEIL_V5\C51\LIB\C51L.LIB (?C?LSTKXDATA)
  C:\KEIL_V5\C51\LIB\C51L.LIB (?C?LSTKPTR)
  C:\KEIL_V5\C51\LIB\C51L.LIB (?C?OFFXADD)
  C:\KEIL_V5\C51\LIB\C51L.LIB (?C?PLDIXDATA)
  C:\KEIL_V5\C51\LIB\C51L.LIB (?C?PSTXDATA)
  C:\KEIL_V5\C51\LIB\C51L.LIB (?C?CCASE)
  C:\KEIL_V5\C51\LIB\C51L.LIB (PUTCHAR)
  C:\KEIL_V5\C51\LIB\C51L.LIB (ABS)
  C:\KEIL_V5\C51\LIB\C51L.LIB (ATOI)
  C:\KEIL_V5\C51\LIB\C51L.LIB (?C?IILDX)
  C:\KEIL_V5\C51\LIB\C51L.LIB (?C?ULDIV)
  C:\KEIL_V5\C51\LIB\C51L.LIB (?C?LLDIDATA)
  C:\KEIL_V5\C51\LIB\C51L.LIB (?C?LLDPDATA)
  C:\KEIL_V5\C51\LIB\C51L.LIB (?C?LLDIDATA0)
  C:\KEIL_V5\C51\LIB\C51L.LIB (?C?LLDPDATA0)
  C:\KEIL_V5\C51\LIB\C51L.LIB (?C?LSTIDATA)
  C:\KEIL_V5\C51\LIB\C51L.LIB (?C?LSTPDATA)
  C:\KEIL_V5\C51\LIB\C51L.LIB (?C?LSTKIDATA)
  C:\KEIL_V5\C51\LIB\C51L.LIB (?C?LSTKPDATA)
  C:\KEIL_V5\C51\LIB\C51L.LIB (ISDIGIT)
  C:\KEIL_V5\C51\LIB\C51L.LIB (ISSPACE)


LINK MAP OF MODULE:  .\Obj\GPIO_RTC_Test (MAIN)


            TYPE    BASE      LENGTH    RELOCATION   SEGMENT NAME
            -----------------------------------------------------

            * * * * * * *   D A T A   M E M O R Y   * * * * * * *
            REG     0000H     0008H     ABSOLUTE     "REG BANK 0"
            DATA    0008H     0005H     UNIT         _DATA_GROUP_
                    000DH     0013H                  *** GAP ***
            BIT     0020H.0   0001H.2   UNIT         _BIT_GROUP_
            BIT     0021H.2   0000H.1   UNIT         ?BI?MAIN
            BIT     0021H.3   0000H.1   UNIT         ?BI?_ATOI?ATOI
                    0021H.4   0000H.4                *** GAP ***
            IDATA   0022H     0001H     UNIT         ?STACK

            * * * * * * *  X D A T A   M E M O R Y  * * * * * * *
            XDATA   0000H     03BCH     UNIT         ?XD?BIPOLARMOTOR
BL51 BANKED LINKER/LOCATER V6.22                                                      07/24/2019  12:27:31  PAGE 3


            XDATA   03BCH     015DH     UNIT         _XDATA_GROUP_
            XDATA   0519H     010BH     UNIT         ?XD?MAIN
            XDATA   0624H     0019H     UNIT         ?XD?KEYPAD
            XDATA   063DH     0008H     UNIT         ?XD?_AT25SF041_READ?AT25SF041
            XDATA   0645H     0005H     UNIT         ?XD?_ATOI?ATOI
            XDATA   064AH     0001H     UNIT         ?XD?UC_ACK?IOEXPANDER_PI4IOE5V96248
            XDATA   064BH     0001H     UNIT         ?XD?UC_NACK?IOEXPANDER_PI4IOE5V96248

            * * * * * * *   C O D E   M E M O R Y   * * * * * * *
            CODE    0000H     0003H     ABSOLUTE     
            CODE    0003H     0003H     ABSOLUTE     
            CODE    0006H     0005H     UNIT         ?PR?_UNIT?UART1
            CODE    000BH     0003H     ABSOLUTE     
            CODE    000EH     000DH     UNIT         ?PR?UART?MAIN
            CODE    001BH     0003H     ABSOLUTE     
            CODE    001EH     0005H     UNIT         ?PR?_ASCII_LETTER?UART1
            CODE    0023H     0003H     ABSOLUTE     
            CODE    0026H     10C3H     UNIT         ?PR?MAIN?MAIN
            CODE    10E9H     0BC8H     UNIT         ?C?LIB_CODE
            CODE    1CB1H     07A2H     UNIT         ?PR?SUNPOS?SUNPOS
            CODE    2453H     06F4H     UNIT         ?PR?_FIND_REAL_MAX?CALIBRATION
            CODE    2B47H     0631H     UNIT         ?PR?_UPDATE_POSITION?BIPOLARMOTOR
            CODE    3178H     04FBH     UNIT         ?PR?_THEORICALJP_POSITION?BIPOLARMOTOR
            CODE    3673H     0483H     UNIT         ?PR?PRINTF?PRINTF
            CODE    3AF6H     040EH     UNIT         ?C_INITSEG
            CODE    3F04H     038CH     UNIT         ?PR?KEY_PROCESS?KEYPAD
            CODE    4290H     0380H     UNIT         ?PR?_ELEVATION_CALCULATION?BIPOLARMOTOR
            CODE    4610H     01C7H     UNIT         ?PR?_CALIBRATION?CALIBRATION
            CODE    47D7H     018DH     UNIT         ?PR?KEY_SCAN?KEYPAD
            CODE    4964H     0189H     UNIT         ?PR?SPI_NOR_WRITE_DATA?AT25SF041
            CODE    4AEDH     0188H     UNIT         ?PR?SIN?SIN
            CODE    4C75H     0166H     UNIT         ?PR?_POW?POW
            CODE    4DDBH     0155H     UNIT         ?PR?_DISPLAY_POS?LCD_DRIVER_SPLC780D
            CODE    4F30H     0129H     UNIT         ?PR?LOG?LOG
            CODE    5059H     0122H     UNIT         ?PR?ATAN?ATAN
            CODE    517BH     0110H     UNIT         ?PR?_AT25SF041_READ?AT25SF041
            CODE    528BH     0102H     UNIT         ?PR?_AT25SF041_WRITE?AT25SF041
            CODE    538DH     00F5H     UNIT         ?PR?EXINT0?MAIN
            CODE    5482H     00DBH     UNIT         ?PR?_ATOI?ATOI
            CODE    555DH     00C3H     UNIT         ?PR?LINEAR_INTERPOLATE?BIPOLARMOTOR
            CODE    5620H     00BBH     UNIT         ?PR?VOLTAGE_IS_STABLE?CALIBRATION
            CODE    56DBH     00ADH     UNIT         ?PR?_WRITE_PI4IOE5V96248?IOEXPANDER_PI4IOE5V96248
            CODE    5788H     00ACH     UNIT         ?PR?SQRT?SQRT
            CODE    5834H     00A1H     UNIT         ?PR?UCREAD_STATUS_REGISTER_BYTE1?AT25SF041
            CODE    58D5H     009DH     UNIT         ?PR?_ATAN2?ATAN2
            CODE    5972H     009CH     UNIT         ?PR?_MAX_VALUE?CALIBRATION
            CODE    5A0EH     009AH     UNIT         ?PR?EXP?EXP
            CODE    5AA8H     008CH     UNIT         ?C_C51STARTUP
            CODE    5B34H     0088H     UNIT         ?PR?_DAY_OF_YEAR?PCF85063BTL
            CODE    5BBCH     0079H     UNIT         ?PR?_WRITEDATA?LCD_DRIVER_SPLC780D
            CODE    5C35H     0072H     UNIT         ?PR?AT25SF041_WRITEENABLE?AT25SF041
            CODE    5CA7H     006FH     UNIT         ?PR?_READ_TIME?PCF85063BTL
            CODE    5D16H     005AH     UNIT         ?PR?AT25SF041_CHIPERASE?AT25SF041
            CODE    5D70H     0059H     UNIT         ?PR?LCD_INIT?LCD_DRIVER_SPLC780D
            CODE    5DC9H     0056H     UNIT         ?CO?MAIN
            CODE    5E1FH     004BH     UNIT         ?CO?UART1
            CODE    5E6AH     004AH     UNIT         ?PR?VONESTEPMOVE?BIPOLARMOTOR
BL51 BANKED LINKER/LOCATER V6.22                                                      07/24/2019  12:27:31  PAGE 4


            CODE    5EB4H     004AH     UNIT         ?PR?ACOS?ACOS
            CODE    5EFEH     0044H     UNIT         ?C?LDIV
            CODE    5F42H     0040H     UNIT         ?PR?_COMMAND?LCD_DRIVER_SPLC780D
            CODE    5F82H     0040H     UNIT         ?PR?_STEP_MOVE?BIPOLARMOTOR
            CODE    5FC2H     003BH     UNIT         ?PR?ASIN?ASIN
            CODE    5FFDH     0033H     UNIT         ?PR?_SENDSTRING?UART1
            CODE    6030H     0031H     UNIT         ?PR?SI1120_CONFIG_MODE_VIRH?SI1120
            CODE    6061H     002BH     UNIT         ?PR?_WAIT_MS_I2C?IOEXPANDER_PI4IOE5V96248
            CODE    608CH     002BH     UNIT         ?PR?_WAIT_MS_SPINOR?AT25SF041
            CODE    60B7H     002AH     UNIT         ?PR?_ADC_GETRESULT?ADC
            CODE    60E1H     0028H     UNIT         ?PR?_MOVE?BIPOLARMOTOR
            CODE    6109H     0028H     UNIT         ?CO?CALIBRATION
            CODE    6131H     0027H     UNIT         ?PR?_I2C_SENDBYTE?IOEXPANDER_PI4IOE5V96248
            CODE    6158H     0027H     UNIT         ?PR?PUTCHAR?PUTCHAR
            CODE    617FH     0025H     UNIT         ?PR?_FINDCLOSESTSAMEDAYCALIBTIME?CALIBRATION
            CODE    61A4H     0024H     UNIT         ?PR?_WAIT_MS?LCD_DRIVER_SPLC780D
            CODE    61C8H     0024H     UNIT         ?PR?_UART1_SENDTOTCPSERVER?UART1
            CODE    61ECH     0021H     UNIT         ?PR?TM0_ISR?MAIN
            CODE    620DH     0020H     UNIT         ?PR?_SPI_SENDBYTE?PCF85063BTL
            CODE    622DH     0020H     UNIT         ?PR?SPI_RECEIVEBYTE?PCF85063BTL
            CODE    624DH     001EH     UNIT         ?PR?_DELAY_MS?KEYPAD
            CODE    626BH     001DH     UNIT         ?PR?_DISPLAYLCD?LCD_DRIVER_SPLC780D
            CODE    6288H     001BH     UNIT         ?PR?_BCDTODEC1?BIPOLARMOTOR
            CODE    62A3H     001AH     UNIT         ?PR?ADC_INIT?ADC
            CODE    62BDH     0018H     UNIT         ?PR?_SPI_WRITETIME?PCF85063BTL
            CODE    62D5H     0017H     UNIT         ?PR?_ASCIITOBCD?UART1
            CODE    62ECH     0016H     UNIT         ?PR?I2C_ACK?IOEXPANDER_PI4IOE5V96248
            CODE    6302H     0015H     UNIT         ?PR?_DISPLAY_LINE?LCD_DRIVER_SPLC780D
            CODE    6317H     0015H     UNIT         ?PR?VSETLOCATION?BIPOLARMOTOR
            CODE    632CH     0015H     UNIT         ?PR?I2C_STOP?IOEXPANDER_PI4IOE5V96248
            CODE    6341H     0014H     UNIT         ?PR?_PCF85063BTL_DELAY?PCF85063BTL
            CODE    6355H     0014H     UNIT         ?PR?_ISSPACE?ISSPACE
            CODE    6369H     0011H     UNIT         ?PR?_SPI_READTIME?PCF85063BTL
            CODE    637AH     0011H     UNIT         ?PR?_BCDTODEC?PCF85063BTL
            CODE    638BH     0011H     UNIT         ?PR?INITUART1?UART1
            CODE    639CH     000FH     UNIT         ?PR?I2C_START?IOEXPANDER_PI4IOE5V96248
            CODE    63ABH     000FH     UNIT         ?PR?UC_NACK?IOEXPANDER_PI4IOE5V96248
            CODE    63BAH     000FH     UNIT         ?PR?_ISDIGIT?ISDIGIT
            CODE    63C9H     000DH     UNIT         ?PR?SPI_INIT?PCF85063BTL
            CODE    63D6H     000DH     UNIT         ?PR?ENABLE_EXTINT0?SI1120
            CODE    63E3H     000DH     UNIT         ?PR?_FABS?FABS
            CODE    63F0H     000CH     UNIT         ?PR?KEYPAD_IO_INIT?KEYPAD
            CODE    63FCH     000CH     UNIT         ?PR?_ABS?ABS
            CODE    6408H     000AH     UNIT         ?PR?LCD_RETURN_HOME?LCD_DRIVER_SPLC780D
            CODE    6412H     000AH     UNIT         ?PR?LCD_CLEAR?LCD_DRIVER_SPLC780D
            CODE    641CH     0009H     UNIT         ?PR?TM1_ISR?MAIN
            CODE    6425H     0009H     UNIT         ?PR?_SENDUART1?MAIN
            CODE    642EH     0009H     UNIT         ?PR?UART1_INITTCPCONN?UART1
            CODE    6437H     0006H     UNIT         ?PR?UC_ACK?IOEXPANDER_PI4IOE5V96248
            CODE    643DH     0006H     UNIT         ?PR?_TEN?UART1
            CODE    6443H     0001H     UNIT         ?PR?NOP?IOEXPANDER_PI4IOE5V96248
            CODE    6444H     0001H     UNIT         ?PR?_DECTOBCD?UART1



OVERLAY MAP OF MODULE:   .\Obj\GPIO_RTC_Test (MAIN)

BL51 BANKED LINKER/LOCATER V6.22                                                      07/24/2019  12:27:31  PAGE 5



SEGMENT                                             BIT_GROUP          DATA_GROUP          XDATA_GROUP
  +--> CALLED SEGMENT                            START    LENGTH     START    LENGTH     START    LENGTH
--------------------------------------------------------------------------------------------------------
?PR?EXINT0?MAIN                                  -----    -----      -----    -----      -----    -----
  +--> ?PR?_POW?POW

?PR?_POW?POW                                     -----    -----      -----    -----      03BCH    000AH
  +--> ?PR?LOG?LOG
  +--> ?PR?EXP?EXP

?PR?LOG?LOG                                      0020H.0  0000H.1    -----    -----      03C6H    0004H

*** NEW ROOT ***************************************************

?C_C51STARTUP                                    -----    -----      -----    -----      -----    -----
  +--> ?PR?MAIN?MAIN
  +--> ?C_INITSEG

?PR?MAIN?MAIN                                    -----    -----      -----    -----      03CAH    002EH
  +--> ?PR?LCD_INIT?LCD_DRIVER_SPLC780D
  +--> ?PR?SPI_INIT?PCF85063BTL
  +--> ?PR?KEYPAD_IO_INIT?KEYPAD
  +--> ?PR?ADC_INIT?ADC
  +--> ?PR?SI1120_CONFIG_MODE_VIRH?SI1120
  +--> ?PR?ENABLE_EXTINT0?SI1120
  +--> ?PR?VSETLOCATION?BIPOLARMOTOR
  +--> ?PR?_SPI_WRITETIME?PCF85063BTL
  +--> ?PR?_DELAY_MS?KEYPAD
  +--> ?PR?_DISPLAY_LINE?LCD_DRIVER_SPLC780D
  +--> ?PR?_WRITEDATA?LCD_DRIVER_SPLC780D
  +--> ?PR?INITUART1?UART1
  +--> ?PR?UART1_INITTCPCONN?UART1
  +--> ?CO?MAIN
  +--> ?PR?_UART1_SENDTOTCPSERVER?UART1
  +--> ?PR?KEY_PROCESS?KEYPAD
  +--> ?PR?_COMMAND?LCD_DRIVER_SPLC780D
  +--> ?PR?_DISPLAY_POS?LCD_DRIVER_SPLC780D
  +--> ?PR?_DISPLAYLCD?LCD_DRIVER_SPLC780D
  +--> ?PR?_STEP_MOVE?BIPOLARMOTOR
  +--> ?PR?LCD_RETURN_HOME?LCD_DRIVER_SPLC780D
  +--> ?PR?_READ_TIME?PCF85063BTL
  +--> ?PR?_BCDTODEC1?BIPOLARMOTOR
  +--> ?PR?_SENDSTRING?UART1
  +--> ?PR?_ELEVATION_CALCULATION?BIPOLARMOTOR
  +--> ?PR?PRINTF?PRINTF
  +--> ?PR?SIN?SIN
  +--> ?PR?_CALIBRATION?CALIBRATION
  +--> ?PR?_UPDATE_POSITION?BIPOLARMOTOR
  +--> ?PR?AT25SF041_WRITEENABLE?AT25SF041
  +--> ?PR?_AT25SF041_WRITE?AT25SF041
  +--> ?PR?_WAIT_MS_SPINOR?AT25SF041
  +--> ?PR?_ADC_GETRESULT?ADC
  +--> ?PR?SPI_NOR_WRITE_DATA?AT25SF041
  +--> ?PR?_WAIT_MS?LCD_DRIVER_SPLC780D
  +--> ?PR?LINEAR_INTERPOLATE?BIPOLARMOTOR
  +--> ?PR?_FINDCLOSESTSAMEDAYCALIBTIME?CALI...
BL51 BANKED LINKER/LOCATER V6.22                                                      07/24/2019  12:27:31  PAGE 6


  +--> ?PR?LCD_CLEAR?LCD_DRIVER_SPLC780D
  +--> ?PR?AT25SF041_CHIPERASE?AT25SF041

?PR?LCD_INIT?LCD_DRIVER_SPLC780D                 -----    -----      -----    -----      -----    -----
  +--> ?PR?_WAIT_MS?LCD_DRIVER_SPLC780D
  +--> ?PR?_COMMAND?LCD_DRIVER_SPLC780D

?PR?_COMMAND?LCD_DRIVER_SPLC780D                 -----    -----      -----    -----      -----    -----
  +--> ?PR?_WAIT_MS?LCD_DRIVER_SPLC780D

?PR?SI1120_CONFIG_MODE_VIRH?SI1120               -----    -----      -----    -----      -----    -----
  +--> ?PR?_WAIT_MS?LCD_DRIVER_SPLC780D

?PR?_SPI_WRITETIME?PCF85063BTL                   -----    -----      -----    -----      -----    -----
  +--> ?PR?_SPI_SENDBYTE?PCF85063BTL

?PR?_SPI_SENDBYTE?PCF85063BTL                    -----    -----      -----    -----      -----    -----
  +--> ?PR?_PCF85063BTL_DELAY?PCF85063BTL

?PR?_DISPLAY_LINE?LCD_DRIVER_SPLC780D            -----    -----      -----    -----      -----    -----
  +--> ?PR?_COMMAND?LCD_DRIVER_SPLC780D

?PR?_WRITEDATA?LCD_DRIVER_SPLC780D               -----    -----      -----    -----      04F4H    0001H
  +--> ?PR?_WAIT_MS?LCD_DRIVER_SPLC780D

?PR?UART1_INITTCPCONN?UART1                      -----    -----      -----    -----      -----    -----
  +--> ?CO?UART1
  +--> ?PR?_SENDSTRING?UART1

?PR?_SENDSTRING?UART1                            -----    -----      -----    -----      04E9H    0003H
  +--> ?PR?_SENDUART1?MAIN

?PR?_UART1_SENDTOTCPSERVER?UART1                 -----    -----      -----    -----      03F8H    0003H
  +--> ?CO?UART1
  +--> ?PR?_SENDSTRING?UART1
  +--> ?PR?_DELAY_MS?KEYPAD

?PR?KEY_PROCESS?KEYPAD                           -----    -----      -----    -----      03F8H    0006H
  +--> ?PR?KEY_SCAN?KEYPAD
  +--> ?PR?_SPI_WRITETIME?PCF85063BTL
  +--> ?PR?LCD_CLEAR?LCD_DRIVER_SPLC780D
  +--> ?PR?_COMMAND?LCD_DRIVER_SPLC780D
  +--> ?PR?_WRITEDATA?LCD_DRIVER_SPLC780D

?PR?KEY_SCAN?KEYPAD                              -----    -----      -----    -----      03FEH    0003H

?PR?LCD_CLEAR?LCD_DRIVER_SPLC780D                -----    -----      -----    -----      -----    -----
  +--> ?PR?_COMMAND?LCD_DRIVER_SPLC780D

?PR?_DISPLAY_POS?LCD_DRIVER_SPLC780D             -----    -----      -----    -----      04E9H    000BH
  +--> ?PR?_ABS?ABS
  +--> ?PR?_WRITEDATA?LCD_DRIVER_SPLC780D

?PR?_DISPLAYLCD?LCD_DRIVER_SPLC780D              -----    -----      -----    -----      03F8H    0001H
  +--> ?PR?_WRITEDATA?LCD_DRIVER_SPLC780D

?PR?_STEP_MOVE?BIPOLARMOTOR                      0020H.2  0000H.1    -----    -----      04EDH    0004H
BL51 BANKED LINKER/LOCATER V6.22                                                      07/24/2019  12:27:31  PAGE 7


  +--> ?PR?VONESTEPMOVE?BIPOLARMOTOR

?PR?VONESTEPMOVE?BIPOLARMOTOR                    0020H.3  0000H.1    -----    -----      -----    -----
  +--> ?PR?_WRITE_PI4IOE5V96248?IOEXPANDER_P...
  +--> ?PR?_DELAY_MS?KEYPAD

?PR?_WRITE_PI4IOE5V96248?IOEXPANDER_P...         -----    -----      -----    -----      04F1H    0003H
  +--> ?PR?I2C_START?IOEXPANDER_PI4IOE5V96248
  +--> ?PR?_WAIT_MS_I2C?IOEXPANDER_PI4IOE5V9...
  +--> ?PR?_I2C_SENDBYTE?IOEXPANDER_PI4IOE5V...
  +--> ?PR?I2C_ACK?IOEXPANDER_PI4IOE5V96248
  +--> ?PR?I2C_STOP?IOEXPANDER_PI4IOE5V96248

?PR?I2C_START?IOEXPANDER_PI4IOE5V96248           -----    -----      -----    -----      -----    -----
  +--> ?PR?_WAIT_MS_I2C?IOEXPANDER_PI4IOE5V9...

?PR?_I2C_SENDBYTE?IOEXPANDER_PI4IOE5V...         -----    -----      -----    -----      -----    -----
  +--> ?PR?_WAIT_MS_I2C?IOEXPANDER_PI4IOE5V9...

?PR?I2C_ACK?IOEXPANDER_PI4IOE5V96248             -----    -----      -----    -----      04F4H    0001H
  +--> ?PR?_WAIT_MS_I2C?IOEXPANDER_PI4IOE5V9...

?PR?I2C_STOP?IOEXPANDER_PI4IOE5V96248            -----    -----      -----    -----      -----    -----
  +--> ?PR?_WAIT_MS_I2C?IOEXPANDER_PI4IOE5V9...

?PR?LCD_RETURN_HOME?LCD_DRIVER_SPLC780D          -----    -----      -----    -----      -----    -----
  +--> ?PR?_COMMAND?LCD_DRIVER_SPLC780D

?PR?_READ_TIME?PCF85063BTL                       -----    -----      -----    -----      04E9H    000FH
  +--> ?PR?_SPI_READTIME?PCF85063BTL

?PR?_SPI_READTIME?PCF85063BTL                    -----    -----      -----    -----      -----    -----
  +--> ?PR?_SPI_SENDBYTE?PCF85063BTL
  +--> ?PR?SPI_RECEIVEBYTE?PCF85063BTL

?PR?SPI_RECEIVEBYTE?PCF85063BTL                  -----    -----      -----    -----      -----    -----
  +--> ?PR?_PCF85063BTL_DELAY?PCF85063BTL

?PR?_ELEVATION_CALCULATION?BIPOLARMOTOR          -----    -----      -----    -----      03F8H    0005H
  +--> ?PR?_BCDTODEC1?BIPOLARMOTOR
  +--> ?PR?SUNPOS?SUNPOS
  +--> ?PR?SIN?SIN
  +--> ?PR?ASIN?ASIN

?PR?SUNPOS?SUNPOS                                -----    -----      -----    -----      0442H    005DH
  +--> ?PR?SIN?SIN
  +--> ?PR?_ATAN2?ATAN2
  +--> ?PR?ASIN?ASIN
  +--> ?PR?ACOS?ACOS

?PR?SIN?SIN                                      0020H.1  0000H.1    -----    -----      049FH    0004H

?PR?_ATAN2?ATAN2                                 -----    -----      -----    -----      049FH    0008H
  +--> ?PR?ATAN?ATAN

?PR?ATAN?ATAN                                    0020H.1  0000H.2    -----    -----      04A7H    0004H

BL51 BANKED LINKER/LOCATER V6.22                                                      07/24/2019  12:27:31  PAGE 8


?PR?ASIN?ASIN                                    -----    -----      -----    -----      -----    -----
  +--> ?PR?SQRT?SQRT
  +--> ?PR?ATAN?ATAN

?PR?SQRT?SQRT                                    -----    -----      -----    -----      049FH    0004H

?PR?ACOS?ACOS                                    -----    -----      -----    -----      -----    -----
  +--> ?PR?SQRT?SQRT
  +--> ?PR?ATAN?ATAN

?PR?PRINTF?PRINTF                                0020H.1  0001H.1    0008H    0005H      04E9H    0030H
  +--> ?PR?PUTCHAR?PUTCHAR

?PR?_CALIBRATION?CALIBRATION                     -----    -----      -----    -----      03F8H    0024H
  +--> ?PR?VOLTAGE_IS_STABLE?CALIBRATION
  +--> ?PR?_UPDATE_POSITION?BIPOLARMOTOR
  +--> ?PR?_FIND_REAL_MAX?CALIBRATION

?PR?VOLTAGE_IS_STABLE?CALIBRATION                -----    -----      -----    -----      041CH    0018H
  +--> ?PR?_ADC_GETRESULT?ADC
  +--> ?PR?_ABS?ABS

?PR?_UPDATE_POSITION?BIPOLARMOTOR                -----    -----      -----    -----      041CH    0026H
  +--> ?PR?_BCDTODEC1?BIPOLARMOTOR
  +--> ?PR?SUNPOS?SUNPOS
  +--> ?PR?SIN?SIN
  +--> ?PR?ASIN?ASIN
  +--> ?PR?_THEORICALJP_POSITION?BIPOLARMOTOR
  +--> ?PR?_FABS?FABS
  +--> ?PR?_MOVE?BIPOLARMOTOR

?PR?_THEORICALJP_POSITION?BIPOLARMOTOR           -----    -----      -----    -----      0442H    005CH
  +--> ?PR?LINEAR_INTERPOLATE?BIPOLARMOTOR

?PR?LINEAR_INTERPOLATE?BIPOLARMOTOR              -----    -----      -----    -----      049EH    0014H

?PR?_MOVE?BIPOLARMOTOR                           0020H.1  0000H.1    -----    -----      04E9H    0004H
  +--> ?PR?_STEP_MOVE?BIPOLARMOTOR

?PR?_FIND_REAL_MAX?CALIBRATION                   -----    -----      -----    -----      041CH    00CDH
  +--> ?PR?_ADC_GETRESULT?ADC
  +--> ?PR?_WAIT_MS?LCD_DRIVER_SPLC780D
  +--> ?CO?CALIBRATION
  +--> ?PR?PRINTF?PRINTF
  +--> ?PR?_SENDSTRING?UART1
  +--> ?PR?_COMMAND?LCD_DRIVER_SPLC780D
  +--> ?PR?_WRITEDATA?LCD_DRIVER_SPLC780D
  +--> ?PR?_DISPLAY_POS?LCD_DRIVER_SPLC780D
  +--> ?PR?_MOVE?BIPOLARMOTOR
  +--> ?PR?_READ_TIME?PCF85063BTL
  +--> ?PR?_BCDTODEC1?BIPOLARMOTOR
  +--> ?PR?_MAX_VALUE?CALIBRATION

?PR?_MAX_VALUE?CALIBRATION                       -----    -----      -----    -----      04E9H    0004H

?PR?AT25SF041_WRITEENABLE?AT25SF041              -----    -----      -----    -----      0406H    0002H
  +--> ?PR?_WAIT_MS_SPINOR?AT25SF041
BL51 BANKED LINKER/LOCATER V6.22                                                      07/24/2019  12:27:31  PAGE 9


  +--> ?PR?UCREAD_STATUS_REGISTER_BYTE1?AT25...

?PR?UCREAD_STATUS_REGISTER_BYTE1?AT25...         -----    -----      -----    -----      040EH    0003H
  +--> ?PR?_WAIT_MS_SPINOR?AT25SF041

?PR?_AT25SF041_WRITE?AT25SF041                   -----    -----      -----    -----      0406H    0008H
  +--> ?PR?_WAIT_MS_SPINOR?AT25SF041
  +--> ?PR?UCREAD_STATUS_REGISTER_BYTE1?AT25...

?PR?SPI_NOR_WRITE_DATA?AT25SF041                 -----    -----      -----    -----      03F8H    000EH
  +--> ?PR?AT25SF041_WRITEENABLE?AT25SF041
  +--> ?PR?_AT25SF041_WRITE?AT25SF041
  +--> ?PR?_WAIT_MS_SPINOR?AT25SF041

?PR?AT25SF041_CHIPERASE?AT25SF041                -----    -----      -----    -----      03F8H    0002H
  +--> ?PR?_WAIT_MS_SPINOR?AT25SF041
  +--> ?PR?UCREAD_STATUS_REGISTER_BYTE1?AT25...



SYMBOL TABLE OF MODULE:  .\Obj\GPIO_RTC_Test (MAIN)

  VALUE           TYPE          NAME
  ----------------------------------

  -------         MODULE        MAIN
  C:0000H         SYMBOL        _ICE_DUMMY_
  X:0521H         PUBLIC        calib_value
  D:0080H         PUBLIC        P0
  D:0090H         PUBLIC        P1
  D:00A0H         PUBLIC        P2
  D:00B0H         PUBLIC        P3
  D:00C0H         PUBLIC        P4
  D:00C8H         PUBLIC        P5
  X:0575H         SYMBOL        PressedKey
  B:00A8H.7       PUBLIC        EA
  D:00E8H         PUBLIC        P6
  X:0579H         PUBLIC        calib_stamp
  D:00F8H         PUBLIC        P7
  X:057AH         PUBLIC        sTempString
  X:0583H         PUBLIC        calib_bool
  X:05ADH         PUBLIC        pwm_time_min
  D:00A8H         PUBLIC        IE
  X:05B1H         PUBLIC        calib_time
  X:0605H         PUBLIC        pwm_time_max
  B:0090H.7       PUBLIC        Connect_Electronics_Load
  D:00B8H         PUBLIC        IP
  B:0098H.0       PUBLIC        RI
  B:00B0H.2       PUBLIC        INT0
  X:0609H         PUBLIC        months
  B:0098H.1       PUBLIC        TI
  C:000EH         PUBLIC        Uart
  D:00D8H         PUBLIC        CCON
  C:0026H         PUBLIC        main
  X:060AH         PUBLIC        count
  B:0090H.2       PUBLIC        Connect_IV_Load
  D:0099H         PUBLIC        SBUF
BL51 BANKED LINKER/LOCATER V6.22                                                      07/24/2019  12:27:31  PAGE 10


  X:060CH         PUBLIC        days
  X:060DH         PUBLIC        hours
  D:0098H         PUBLIC        SCON
  D:0089H         PUBLIC        TMOD
  D:0088H         PUBLIC        TCON
  B:00A0H.3       PUBLIC        P23
  X:060EH         SYMBOL        KeyCount
  X:0610H         PUBLIC        mins
  B:00C8H.5       PUBLIC        P55
  D:008EH         PUBLIC        AUXR
  C:61ECH         PUBLIC        tm0_isr
  B:0090H.5       PUBLIC        SI1120_STX
  C:641CH         PUBLIC        tm1_isr
  B:0021H.2       PUBLIC        busy
  D:00E0H         PUBLIC        ACC
  B:00A8H.1       PUBLIC        ET0
  B:00A8H.3       PUBLIC        ET1
  X:0611H         PUBLIC        SPI_NOR_INTERNAL_FLASH_ADDR
  D:008CH         PUBLIC        TH0
  D:008DH         PUBLIC        TH1
  D:008AH         PUBLIC        TL0
  D:008BH         PUBLIC        TL1
  B:0088H.4       PUBLIC        TR0
  B:0088H.6       PUBLIC        TR1
  X:0615H         PUBLIC        old_mins
  C:538DH         PUBLIC        exint0
  X:0616H         SYMBOL        KeyNum
  X:0617H         SYMBOL        KeyNum_Old
  X:0618H         PUBLIC        timer0_count
  X:061AH         PUBLIC        current_position
  X:061EH         PUBLIC        pwm_time
  X:0622H         PUBLIC        start_timer0_count
  X:0623H         PUBLIC        seconds
  D:00D0H         PUBLIC        PSW
  C:6425H         PUBLIC        _SendUART1
  -------         PROC          TM0_ISR
  C:61ECH         LINE#         105
  C:61F2H         LINE#         109
  C:61F5H         LINE#         110
  C:61F8H         LINE#         111
  C:6206H         LINE#         112
  -------         ENDPROC       TM0_ISR
  -------         PROC          TM1_ISR
  C:641CH         LINE#         113
  C:641CH         LINE#         115
  C:641EH         LINE#         117
  C:6421H         LINE#         118
  C:6424H         LINE#         119
  -------         ENDPROC       TM1_ISR
  -------         PROC          EXINT0
  C:538DH         LINE#         120
  C:53AAH         LINE#         124
  C:53ADH         LINE#         125
  C:53ADH         LINE#         126
  C:53B0H         LINE#         127
  C:53B3H         LINE#         128
  C:53B5H         LINE#         129
BL51 BANKED LINKER/LOCATER V6.22                                                      07/24/2019  12:27:31  PAGE 11


  C:53B7H         LINE#         133
  C:53BAH         LINE#         136
  C:53BAH         LINE#         137
  C:53BCH         LINE#         139
  C:53C8H         LINE#         140
  C:5422H         LINE#         141
  C:5460H         LINE#         142
  C:5467H         LINE#         147
  C:5467H         LINE#         149
  -------         ENDPROC       EXINT0
  -------         PROC          MAIN
  -------         DO            
  X:0519H         SYMBOL        KeyCount
  X:051BH         SYMBOL        KeyNum_Old
  X:051CH         SYMBOL        KeyNum
  X:051DH         SYMBOL        PressedKey
  X:03CAH         SYMBOL        prox_flag
  X:03CBH         SYMBOL        iUse_prevday_calib_value
  X:03CDH         SYMBOL        max_ADC_Val_JP
  X:03CFH         SYMBOL        max_ADC_Val
  X:03D1H         SYMBOL        calib_point1
  X:03D9H         SYMBOL        calib_point2
  X:03E1H         SYMBOL        dat_to_store
  X:03ECH         SYMBOL        calib_day
  X:03EEH         SYMBOL        calib_count
  X:03F0H         SYMBOL        theorical_JP_max_pos
  X:03F4H         SYMBOL        elevation
  -------         ENDDO         
  C:0026H         LINE#         151
  C:0026H         LINE#         152
  C:0026H         LINE#         157
  C:002CH         LINE#         158
  C:0031H         LINE#         160
  C:0039H         LINE#         164
  C:003FH         LINE#         165
  C:0049H         LINE#         176
  C:0051H         LINE#         177
  C:0058H         LINE#         178
  C:005EH         LINE#         180
  C:0064H         LINE#         192
  C:0067H         LINE#         193
  C:006AH         LINE#         194
  C:006DH         LINE#         196
  C:0070H         LINE#         199
  C:0073H         LINE#         200
  C:0076H         LINE#         202
  C:0079H         LINE#         204
  C:007CH         LINE#         205
  C:007FH         LINE#         206
  C:0082H         LINE#         207
  C:0084H         LINE#         208
  C:0086H         LINE#         209
  C:0089H         LINE#         210
  C:008BH         LINE#         211
  C:008DH         LINE#         213
  C:008FH         LINE#         214
  C:0096H         LINE#         215
BL51 BANKED LINKER/LOCATER V6.22                                                      07/24/2019  12:27:31  PAGE 12


  C:009DH         LINE#         216
  C:00A4H         LINE#         217
  C:00ABH         LINE#         221
  C:00B2H         LINE#         222
  C:00B7H         LINE#         223
  C:00BCH         LINE#         224
  C:00C1H         LINE#         225
  C:00C6H         LINE#         226
  C:00CBH         LINE#         229
  C:00E4H         LINE#         230
  C:00E4H         LINE#         231
  C:0100H         LINE#         232
  C:0147H         LINE#         233
  C:0158H         LINE#         234
  C:015BH         LINE#         237
  C:0162H         LINE#         240
  C:0165H         LINE#         242
  C:016CH         LINE#         243
  C:0175H         LINE#         246
  C:0175H         LINE#         247
  C:0175H         LINE#         248
  C:0178H         LINE#         258
  C:0178H         LINE#         262
  C:017DH         LINE#         263
  C:0182H         LINE#         265
  C:0187H         LINE#         267
  C:018CH         LINE#         268
  C:0191H         LINE#         271
  C:01A2H         LINE#         273
  C:01A7H         LINE#         274
  C:01ACH         LINE#         276
  C:01B3H         LINE#         277
  C:01BBH         LINE#         278
  C:01C0H         LINE#         279
  C:01C8H         LINE#         280
  C:01CDH         LINE#         281
  C:01D7H         LINE#         282
  C:01DCH         LINE#         283
  C:01E4H         LINE#         285
  C:01ECH         LINE#         286
  C:01F1H         LINE#         287
  C:01FBH         LINE#         288
  C:01FBH         LINE#         289
  C:01FDH         LINE#         290
  C:01FFH         LINE#         291
  C:0209H         LINE#         292
  C:0209H         LINE#         293
  C:020EH         LINE#         294
  C:020EH         LINE#         306
  C:0222H         LINE#         307
  C:0222H         LINE#         308
  C:0237H         LINE#         309
  C:0246H         LINE#         310
  C:0246H         LINE#         311
  C:0259H         LINE#         312
  C:025BH         LINE#         314
  C:025BH         LINE#         315
BL51 BANKED LINKER/LOCATER V6.22                                                      07/24/2019  12:27:31  PAGE 13


  C:0277H         LINE#         316
  C:0277H         LINE#         317
  C:027CH         LINE#         318
  C:027CH         LINE#         319
  C:0290H         LINE#         320
  C:0290H         LINE#         323
  C:02A5H         LINE#         324
  C:02B4H         LINE#         325
  C:02B4H         LINE#         326
  C:02C7H         LINE#         327
  C:02C9H         LINE#         329
  C:02C9H         LINE#         330
  C:02E5H         LINE#         331
  C:02E5H         LINE#         332
  C:02EAH         LINE#         333
  C:02F0H         LINE#         334
  C:02F0H         LINE#         336
  C:0312H         LINE#         337
  C:0312H         LINE#         338
  C:031CH         LINE#         339
  C:0322H         LINE#         340
  C:0329H         LINE#         341
  C:032FH         LINE#         342
  C:0336H         LINE#         343
  C:0336H         LINE#         344
  C:0339H         LINE#         346
  C:0339H         LINE#         351
  C:0341H         LINE#         352
  C:037CH         LINE#         353
  C:039AH         LINE#         354
  C:039AH         LINE#         356
  C:03A3H         LINE#         357
  C:03AAH         LINE#         358
  C:03B3H         LINE#         359
  C:03BAH         LINE#         361
  C:03BAH         LINE#         365
  C:03C7H         LINE#         366
  C:03C7H         LINE#         370
  C:03C7H         LINE#         371
  C:03EFH         LINE#         372
  C:03EFH         LINE#         373
  C:0411H         LINE#         374
  C:0411H         LINE#         376
  C:0437H         LINE#         377
  C:048DH         LINE#         378
  C:0496H         LINE#         379
  C:049DH         LINE#         380
  C:04A6H         LINE#         381
  C:04AFH         LINE#         382
  C:04B6H         LINE#         386
  C:04F3H         LINE#         394
  C:04F3H         LINE#         396
  C:056FH         LINE#         397
  C:0588H         LINE#         398
  C:058AH         LINE#         399
  C:058CH         LINE#         401
  C:0616H         LINE#         406
BL51 BANKED LINKER/LOCATER V6.22                                                      07/24/2019  12:27:31  PAGE 14


  C:0647H         LINE#         407
  C:0647H         LINE#         409
  C:067DH         LINE#         410
  C:06A0H         LINE#         411
  C:06B5H         LINE#         414
  C:06B5H         LINE#         415
  C:06B8H         LINE#         417
  C:06B8H         LINE#         419
  C:06BFH         LINE#         420
  C:06BFH         LINE#         421
  C:06C2H         LINE#         422
  C:06E0H         LINE#         423
  C:06E7H         LINE#         424
  C:0706H         LINE#         425
  C:0725H         LINE#         427
  C:07A1H         LINE#         428
  C:07B9H         LINE#         430
  C:07BBH         LINE#         431
  C:07BDH         LINE#         432
  C:0815H         LINE#         433
  C:0850H         LINE#         434
  C:085DH         LINE#         435
  C:086CH         LINE#         436
  C:086CH         LINE#         438
  C:0874H         LINE#         439
  C:087CH         LINE#         440
  C:0884H         LINE#         441
  C:088CH         LINE#         443
  C:08A0H         LINE#         444
  C:08B6H         LINE#         445
  C:08E6H         LINE#         446
  C:0906H         LINE#         448
  C:091AH         LINE#         449
  C:0930H         LINE#         450
  C:0960H         LINE#         451
  C:0967H         LINE#         453
  C:098BH         LINE#         456
  C:09B6H         LINE#         458
  C:09BFH         LINE#         459
  C:09C6H         LINE#         460
  C:09CFH         LINE#         461
  C:09D8H         LINE#         462
  C:09DFH         LINE#         464
  C:0A1CH         LINE#         466
  C:0A25H         LINE#         467
  C:0A2CH         LINE#         468
  C:0A35H         LINE#         469
  C:0A3EH         LINE#         470
  C:0A45H         LINE#         472
  C:0A70H         LINE#         474
  C:0A79H         LINE#         475
  C:0A80H         LINE#         476
  C:0A89H         LINE#         477
  C:0A92H         LINE#         478
  C:0A99H         LINE#         480
  C:0AC4H         LINE#         482
  C:0ACDH         LINE#         483
BL51 BANKED LINKER/LOCATER V6.22                                                      07/24/2019  12:27:31  PAGE 15


  C:0AD4H         LINE#         484
  C:0ADDH         LINE#         485
  C:0AE4H         LINE#         486
  C:0AEDH         LINE#         487
  C:0AF4H         LINE#         489
  C:0AF6H         LINE#         491
  C:0B04H         LINE#         492
  C:0B04H         LINE#         493
  C:0B0CH         LINE#         495
  C:0B0CH         LINE#         498
  C:0B0CH         LINE#         500
  C:0B31H         LINE#         501
  C:0B31H         LINE#         502
  C:0B53H         LINE#         503
  C:0B53H         LINE#         504
  C:0BCFH         LINE#         505
  C:0BD1H         LINE#         506
  C:0BD3H         LINE#         508
  C:0C2BH         LINE#         511
  C:0C3AH         LINE#         512
  C:0C3AH         LINE#         513
  C:0C3AH         LINE#         514
  C:0C3AH         LINE#         515
  C:0C3AH         LINE#         516
  C:0C3AH         LINE#         517
  C:0C3AH         LINE#         518
  C:0C3AH         LINE#         521
  C:0C3AH         LINE#         523
  C:0C3AH         LINE#         524
  C:0C3AH         LINE#         525
  C:0C3AH         LINE#         526
  C:0C3AH         LINE#         530
  C:0C3AH         LINE#         532
  C:0C3AH         LINE#         534
  C:0C3AH         LINE#         535
  C:0C3AH         LINE#         536
  C:0C3AH         LINE#         537
  C:0C3AH         LINE#         538
  C:0C3AH         LINE#         539
  C:0C3AH         LINE#         542
  C:0C3AH         LINE#         544
  C:0C3AH         LINE#         545
  C:0C3AH         LINE#         546
  C:0C3AH         LINE#         547
  C:0C3AH         LINE#         548
  C:0C3AH         LINE#         549
  C:0C3AH         LINE#         550
  C:0C3AH         LINE#         552
  C:0C3DH         LINE#         555
  C:0C64H         LINE#         556
  C:0C64H         LINE#         559
  C:0C86H         LINE#         560
  C:0C86H         LINE#         561
  C:0D02H         LINE#         563
  C:0D2FH         LINE#         564
  C:0D4AH         LINE#         565
  C:0D77H         LINE#         566
BL51 BANKED LINKER/LOCATER V6.22                                                      07/24/2019  12:27:31  PAGE 16


  C:0D79H         LINE#         567
  C:0D7BH         LINE#         569
  C:0DAEH         LINE#         570
  C:0DAEH         LINE#         571
  C:0DD8H         LINE#         572
  C:0E40H         LINE#         573
  C:0E42H         LINE#         575
  C:0E42H         LINE#         576
  C:0EA5H         LINE#         577
  C:0EA5H         LINE#         580
  C:0EB4H         LINE#         581
  C:0EB4H         LINE#         582
  C:0F32H         LINE#         583
  C:0F3BH         LINE#         584
  C:0F42H         LINE#         585
  C:0F4BH         LINE#         586
  C:0F54H         LINE#         587
  C:0F5BH         LINE#         590
  C:0F86H         LINE#         592
  C:0F8FH         LINE#         593
  C:0F96H         LINE#         594
  C:0F9FH         LINE#         595
  C:0FA8H         LINE#         599
  C:0FAFH         LINE#         601
  C:0FDAH         LINE#         603
  C:0FE3H         LINE#         604
  C:0FEAH         LINE#         605
  C:0FF3H         LINE#         606
  C:0FFAH         LINE#         608
  C:1003H         LINE#         609
  C:100AH         LINE#         612
  C:1048H         LINE#         614
  C:1051H         LINE#         615
  C:1058H         LINE#         616
  C:1061H         LINE#         617
  C:106AH         LINE#         618
  C:1071H         LINE#         619
  C:1071H         LINE#         621
  C:1071H         LINE#         623
  C:1071H         LINE#         624
  C:1071H         LINE#         626
  C:1071H         LINE#         629
  C:108DH         LINE#         630
  C:108DH         LINE#         631
  C:108FH         LINE#         633
  C:1091H         LINE#         635
  C:1091H         LINE#         636
  C:1093H         LINE#         638
  C:1093H         LINE#         640
  C:10A2H         LINE#         641
  C:10A2H         LINE#         642
  C:10A5H         LINE#         643
  C:10ACH         LINE#         644
  C:10B1H         LINE#         645
  C:10B6H         LINE#         646
  C:10BBH         LINE#         647
  C:10C0H         LINE#         648
BL51 BANKED LINKER/LOCATER V6.22                                                      07/24/2019  12:27:31  PAGE 17


  C:10C5H         LINE#         658
  C:10C8H         LINE#         660
  C:10CBH         LINE#         661
  C:10D2H         LINE#         662
  C:10DCH         LINE#         663
  C:10E3H         LINE#         665
  C:10E6H         LINE#         674
  C:10E6H         LINE#         675
  -------         ENDPROC       MAIN
  -------         PROC          UART
  C:000EH         LINE#         689
  C:000EH         LINE#         691
  C:0011H         LINE#         692
  C:0011H         LINE#         693
  C:0013H         LINE#         695
  C:0013H         LINE#         696
  C:0016H         LINE#         697
  C:0016H         LINE#         698
  C:0018H         LINE#         699
  C:001AH         LINE#         700
  C:001AH         LINE#         701
  -------         ENDPROC       UART
  -------         PROC          _SENDUART1
  D:0007H         SYMBOL        dat
  C:6425H         LINE#         703
  C:6425H         LINE#         704
  C:6425H         LINE#         705
  C:6428H         LINE#         706
  C:642AH         LINE#         707
  C:642BH         LINE#         708
  C:642DH         LINE#         709
  -------         ENDPROC       _SENDUART1
  -------         ENDMOD        MAIN

  -------         MODULE        PCF85063BTL
  C:0000H         SYMBOL        _ICE_DUMMY_
  D:0096H         PUBLIC        P2M0
  D:0080H         PUBLIC        P0
  D:0095H         PUBLIC        P2M1
  D:0090H         PUBLIC        P1
  D:00A0H         PUBLIC        P2
  D:00B0H         PUBLIC        P3
  D:00C0H         PUBLIC        P4
  D:00C8H         PUBLIC        P5
  D:00E8H         PUBLIC        P6
  B:00A0H.1       PUBLIC        PCF85063BTL_SDI
  D:00F8H         PUBLIC        P7
  B:00A0H.2       PUBLIC        PCF85063BTL_SCK
  B:00A0H.1       PUBLIC        PCF85063BTL_SDO
  D:00A8H         PUBLIC        IE
  C:5CA7H         PUBLIC        _Read_time
  C:6347H         PUBLIC        _PCF85063BTL_Delay
  D:00B8H         PUBLIC        IP
  D:00D8H         PUBLIC        CCON
  C:5B34H         PUBLIC        _Day_Of_Year
  C:622DH         PUBLIC        SPI_ReceiveByte
  D:0098H         PUBLIC        SCON
BL51 BANKED LINKER/LOCATER V6.22                                                      07/24/2019  12:27:31  PAGE 18


  D:0088H         PUBLIC        TCON
  C:637AH         PUBLIC        _BCDtoDec
  B:00A0H.0       PUBLIC        PCF85063BTL_CS
  C:6369H         PUBLIC        _SPI_ReadTime
  C:63C9H         PUBLIC        SPI_Init
  C:62BDH         PUBLIC        _SPI_WriteTime
  C:620DH         PUBLIC        _SPI_SendByte
  D:00D0H         PUBLIC        PSW
  C:6343H         SYMBOL        L?0048
  -------         PROC          L?0047
  -------         ENDPROC       L?0047
  C:6343H         SYMBOL        L?0048
  -------         PROC          _PCF85063BTL_DELAY
  D:0006H         SYMBOL        us
  C:6347H         LINE#         8
  C:6347H         LINE#         9
  C:6347H         LINE#         10
  C:6351H         LINE#         11
  C:6351H         LINE#         12
  C:6352H         LINE#         13
  C:6354H         LINE#         14
  -------         ENDPROC       _PCF85063BTL_DELAY
  -------         PROC          _SPI_SENDBYTE
  D:0005H         SYMBOL        dat
  -------         DO            
  D:0003H         SYMBOL        i
  -------         ENDDO         
  C:620DH         LINE#         17
  C:620FH         LINE#         18
  C:620FH         LINE#         20
  C:6211H         LINE#         21
  C:6211H         LINE#         22
  C:6213H         LINE#         23
  C:6217H         LINE#         24
  C:6217H         LINE#         25
  C:6219H         LINE#         26
  C:621BH         LINE#         28
  C:621BH         LINE#         29
  C:621DH         LINE#         30
  C:621DH         LINE#         31
  C:6220H         LINE#         32
  C:6220H         LINE#         33
  C:6223H         LINE#         34
  C:6227H         LINE#         35
  C:622CH         LINE#         36
  -------         ENDPROC       _SPI_SENDBYTE
  -------         PROC          SPI_RECEIVEBYTE
  -------         DO            
  D:0003H         SYMBOL        i
  D:0005H         SYMBOL        dat
  -------         ENDDO         
  C:622DH         LINE#         39
  C:622DH         LINE#         40
  C:622DH         LINE#         42
  C:622FH         LINE#         44
  C:6231H         LINE#         45
  C:6232H         LINE#         46
BL51 BANKED LINKER/LOCATER V6.22                                                      07/24/2019  12:27:31  PAGE 19


  C:6232H         LINE#         47
  C:6236H         LINE#         48
  C:6238H         LINE#         49
  C:623BH         LINE#         51
  C:623EH         LINE#         52
  C:623EH         LINE#         53
  C:6242H         LINE#         54
  C:6242H         LINE#         55
  C:6242H         LINE#         56
  C:6245H         LINE#         57
  C:624AH         LINE#         58
  C:624CH         LINE#         59
  -------         ENDPROC       SPI_RECEIVEBYTE
  -------         PROC          _SPI_READTIME
  D:0007H         SYMBOL        addr
  -------         DO            
  D:0006H         SYMBOL        dat
  -------         ENDDO         
  C:6369H         LINE#         61
  C:6369H         LINE#         62
  C:6369H         LINE#         64
  C:636BH         LINE#         65
  C:636DH         LINE#         66
  C:6374H         LINE#         67
  C:6377H         LINE#         68
  C:6379H         LINE#         69
  C:6379H         LINE#         70
  -------         ENDPROC       _SPI_READTIME
  -------         PROC          _SPI_WRITETIME
  D:0002H         SYMBOL        val
  D:0005H         SYMBOL        addr
  C:62BDH         LINE#         71
  C:62BFH         LINE#         72
  C:62BFH         LINE#         74
  C:62C1H         LINE#         75
  C:62C8H         LINE#         76
  C:62CDH         LINE#         77
  C:62D2H         LINE#         78
  C:62D4H         LINE#         79
  -------         ENDPROC       _SPI_WRITETIME
  -------         PROC          SPI_INIT
  C:63C9H         LINE#         83
  C:63C9H         LINE#         84
  C:63C9H         LINE#         89
  C:63CCH         LINE#         90
  C:63CFH         LINE#         91
  C:63D1H         LINE#         92
  C:63D3H         LINE#         93
  C:63D5H         LINE#         94
  -------         ENDPROC       SPI_INIT
  -------         PROC          _READ_TIME
  X:04E9H         SYMBOL        months
  X:04ECH         SYMBOL        days
  X:04EFH         SYMBOL        hours
  X:04F2H         SYMBOL        mins
  X:04F5H         SYMBOL        seconds
  C:5CA7H         LINE#         96
BL51 BANKED LINKER/LOCATER V6.22                                                      07/24/2019  12:27:31  PAGE 20


  C:5CB2H         LINE#         97
  C:5CB2H         LINE#         99
  C:5CC6H         LINE#         101
  C:5CDAH         LINE#         103
  C:5CEEH         LINE#         108
  C:5D02H         LINE#         113
  -------         ENDPROC       _READ_TIME
  -------         PROC          _BCDTODEC
  D:0007H         SYMBOL        bcd
  -------         DO            
  D:0006H         SYMBOL        hi
  D:0007H         SYMBOL        lo
  -------         ENDDO         
  C:637AH         LINE#         119
  C:637AH         LINE#         120
  C:637AH         LINE#         122
  C:637FH         LINE#         123
  C:6383H         LINE#         124
  C:638AH         LINE#         125
  -------         ENDPROC       _BCDTODEC
  -------         PROC          _DAY_OF_YEAR
  D:0007H         SYMBOL        months_bcd
  D:0005H         SYMBOL        days_bcd
  -------         DO            
  D:0004H         SYMBOL        months
  D:0007H         SYMBOL        days
  -------         ENDDO         
  C:5B34H         LINE#         126
  C:5B34H         LINE#         127
  C:5B34H         LINE#         130
  C:5B39H         LINE#         132
  C:5B3EH         LINE#         134
  C:5B77H         LINE#         135
  C:5B77H         LINE#         136
  C:5B77H         LINE#         137
  C:5B7AH         LINE#         138
  C:5B7AH         LINE#         139
  C:5B7AH         LINE#         140
  C:5B7FH         LINE#         141
  C:5B7FH         LINE#         142
  C:5B7FH         LINE#         143
  C:5B84H         LINE#         144
  C:5B84H         LINE#         145
  C:5B84H         LINE#         146
  C:5B89H         LINE#         147
  C:5B89H         LINE#         148
  C:5B89H         LINE#         149
  C:5B8EH         LINE#         150
  C:5B8EH         LINE#         151
  C:5B8EH         LINE#         152
  C:5B93H         LINE#         153
  C:5B93H         LINE#         154
  C:5B93H         LINE#         155
  C:5B98H         LINE#         156
  C:5B98H         LINE#         157
  C:5B98H         LINE#         158
  C:5B9DH         LINE#         159
BL51 BANKED LINKER/LOCATER V6.22                                                      07/24/2019  12:27:31  PAGE 21


  C:5B9DH         LINE#         160
  C:5B9DH         LINE#         161
  C:5BA5H         LINE#         162
  C:5BA5H         LINE#         163
  C:5BA5H         LINE#         164
  C:5BAAH         LINE#         165
  C:5BAAH         LINE#         166
  C:5BAAH         LINE#         167
  C:5BAFH         LINE#         168
  C:5BAFH         LINE#         169
  C:5BAFH         LINE#         170
  C:5BB8H         LINE#         171
  C:5BB8H         LINE#         172
  C:5BB8H         LINE#         173
  C:5BBBH         LINE#         174
  C:5BBBH         LINE#         175
  -------         ENDPROC       _DAY_OF_YEAR
  -------         ENDMOD        PCF85063BTL

  -------         MODULE        LCD_DRIVER_SPLC780D
  C:0000H         SYMBOL        _ICE_DUMMY_
  D:0092H         PUBLIC        P1M0
  D:0091H         PUBLIC        P1M1
  D:0080H         PUBLIC        P0
  D:0090H         PUBLIC        P1
  D:00A0H         PUBLIC        P2
  D:00B0H         PUBLIC        P3
  D:00C0H         PUBLIC        P4
  D:00C8H         PUBLIC        P5
  D:00E8H         PUBLIC        P6
  D:00F8H         PUBLIC        P7
  C:5BC0H         PUBLIC        _WriteData
  D:00A8H         PUBLIC        IE
  D:00B8H         PUBLIC        IP
  D:00D8H         PUBLIC        CCON
  B:00B0H.4       PUBLIC        LCD_D4
  B:00B0H.5       PUBLIC        LCD_D5
  B:00B0H.6       PUBLIC        LCD_D6
  C:626BH         PUBLIC        _DisplayLCD
  B:00B0H.7       PUBLIC        LCD_D7
  D:0098H         PUBLIC        SCON
  D:0088H         PUBLIC        TCON
  C:6412H         PUBLIC        LCD_clear
  C:5F42H         PUBLIC        _Command
  C:6302H         PUBLIC        _Display_Line
  C:5D70H         PUBLIC        LCD_Init
  C:61AAH         PUBLIC        _Wait_ms
  B:00C0H.0       PUBLIC        LCD_RS
  B:0090H.3       PUBLIC        LCD_RW
  C:6408H         PUBLIC        LCD_return_home
  C:4DDBH         PUBLIC        _Display_Pos
  B:00B0H.3       PUBLIC        LCD_E
  D:00D0H         PUBLIC        PSW
  -------         PROC          LCD_INIT
  C:5D70H         LINE#         9
  C:5D70H         LINE#         10
  C:5D70H         LINE#         11
BL51 BANKED LINKER/LOCATER V6.22                                                      07/24/2019  12:27:31  PAGE 22


  C:5D73H         LINE#         12
  C:5D76H         LINE#         14
  C:5D7CH         LINE#         15
  C:5D81H         LINE#         17
  C:5D88H         LINE#         18
  C:5D8DH         LINE#         20
  C:5D90H         LINE#         21
  C:5D95H         LINE#         23
  C:5D98H         LINE#         24
  C:5D9DH         LINE#         26
  C:5DA4H         LINE#         29
  C:5DA9H         LINE#         30
  C:5DAEH         LINE#         32
  C:5DB3H         LINE#         33
  C:5DB8H         LINE#         35
  C:5DBDH         LINE#         36
  C:5DC2H         LINE#         37
  -------         ENDPROC       LCD_INIT
  C:5BBCH         SYMBOL        L?0035
  -------         PROC          L?0034
  -------         ENDPROC       L?0034
  C:5BBCH         SYMBOL        L?0035
  -------         PROC          _WRITEDATA
  X:04F4H         SYMBOL        dat
  C:5BC0H         LINE#         40
  C:5BC5H         LINE#         41
  C:5BC5H         LINE#         46
  C:5BC7H         LINE#         47
  C:5BC9H         LINE#         49
  C:5BD7H         LINE#         50
  C:5BE3H         LINE#         51
  C:5BEFH         LINE#         52
  C:5BF9H         LINE#         53
  C:5BFBH         LINE#         54
  C:5C02H         LINE#         55
  C:5C04H         LINE#         57
  C:5C14H         LINE#         58
  C:5C1FH         LINE#         59
  C:5C29H         LINE#         60
  C:5C2DH         LINE#         62
  C:5C2DH         LINE#         63
  C:5C30H         LINE#         64
  C:5C32H         LINE#         65
  C:5C34H         LINE#         67
  -------         ENDPROC       _WRITEDATA
  -------         PROC          _COMMAND
  D:0007H         SYMBOL        dat
  C:5F42H         LINE#         69
  C:5F42H         LINE#         70
  C:5F42H         LINE#         71
  C:5F44H         LINE#         72
  C:5F46H         LINE#         74
  C:5F50H         LINE#         75
  C:5F54H         LINE#         77
  C:5F56H         LINE#         78
  C:5F5FH         LINE#         79
  C:5F63H         LINE#         81
BL51 BANKED LINKER/LOCATER V6.22                                                      07/24/2019  12:27:31  PAGE 23


  C:5F65H         LINE#         82
  C:5F6CH         LINE#         83
  C:5F70H         LINE#         85
  C:5F72H         LINE#         86
  C:5F76H         LINE#         87
  C:5F7AH         LINE#         89
  C:5F7CH         LINE#         90
  C:5F7CH         LINE#         91
  C:5F7FH         LINE#         92
  C:5F81H         LINE#         93
  -------         ENDPROC       _COMMAND
  C:61A6H         SYMBOL        L?0037
  -------         PROC          L?0036
  -------         ENDPROC       L?0036
  C:61A6H         SYMBOL        L?0037
  -------         PROC          _WAIT_MS
  D:0006H         SYMBOL        ms
  -------         DO            
  D:0004H         SYMBOL        De_Cnt
  -------         ENDDO         
  C:61AAH         LINE#         95
  C:61AAH         LINE#         96
  C:61AAH         LINE#         98
  C:61B4H         LINE#         99
  C:61B4H         LINE#         100
  C:61C7H         LINE#         101
  C:61C7H         LINE#         102
  -------         ENDPROC       _WAIT_MS
  -------         PROC          _DISPLAYLCD
  D:0007H         SYMBOL        BCD
  -------         DO            
  D:0006H         SYMBOL        first_digit
  X:03F8H         SYMBOL        second_digit
  -------         ENDDO         
  C:626BH         LINE#         103
  C:626BH         LINE#         104
  C:626BH         LINE#         106
  C:6272H         LINE#         107
  C:627BH         LINE#         109
  C:6280H         LINE#         111
  -------         ENDPROC       _DISPLAYLCD
  -------         PROC          LCD_RETURN_HOME
  C:6408H         LINE#         115
  C:6408H         LINE#         116
  C:6408H         LINE#         117
  C:640DH         LINE#         118
  -------         ENDPROC       LCD_RETURN_HOME
  -------         PROC          LCD_CLEAR
  C:6412H         LINE#         121
  C:6412H         LINE#         122
  C:6412H         LINE#         123
  C:6417H         LINE#         124
  -------         ENDPROC       LCD_CLEAR
  -------         PROC          _DISPLAY_LINE
  D:0006H         SYMBOL        line
  C:6302H         LINE#         128
  C:6302H         LINE#         129
BL51 BANKED LINKER/LOCATER V6.22                                                      07/24/2019  12:27:31  PAGE 24


  C:6302H         LINE#         130
  C:6308H         LINE#         131
  C:6308H         LINE#         132
  C:630AH         LINE#         133
  C:630AH         LINE#         134
  C:630CH         LINE#         136
  C:630CH         LINE#         137
  C:6311H         LINE#         138
  C:6316H         LINE#         139
  C:6316H         LINE#         140
  -------         ENDPROC       _DISPLAY_LINE
  -------         PROC          _DISPLAY_POS
  X:04E9H         SYMBOL        sign_dat
  -------         DO            
  X:04EDH         SYMBOL        unit
  X:04EEH         SYMBOL        ten
  X:04EFH         SYMBOL        hundred
  X:04F0H         SYMBOL        thousand
  X:04F1H         SYMBOL        after_dot
  X:04F2H         SYMBOL        dat
  -------         ENDDO         
  C:4DDBH         LINE#         142
  C:4DE1H         LINE#         143
  C:4DE1H         LINE#         147
  C:4DFDH         LINE#         148
  C:4E17H         LINE#         149
  C:4E3BH         LINE#         151
  C:4E85H         LINE#         153
  C:4E9CH         LINE#         154
  C:4EAEH         LINE#         155
  C:4ED3H         LINE#         156
  C:4EEDH         LINE#         157
  C:4F05H         LINE#         158
  C:4F05H         LINE#         159
  C:4F05H         LINE#         160
  C:4F05H         LINE#         161
  C:4F05H         LINE#         162
  C:4F05H         LINE#         163
  C:4F05H         LINE#         164
  C:4F05H         LINE#         168
  C:4F07H         LINE#         170
  C:4F07H         LINE#         172
  C:4F0CH         LINE#         173
  C:4F12H         LINE#         174
  C:4F18H         LINE#         175
  C:4F1EH         LINE#         176
  C:4F24H         LINE#         177
  C:4F29H         LINE#         178
  C:4F2FH         LINE#         182
  C:4F2FH         LINE#         184
  -------         ENDPROC       _DISPLAY_POS
  -------         ENDMOD        LCD_DRIVER_SPLC780D

  -------         MODULE        KEYPAD
  C:0000H         SYMBOL        _ICE_DUMMY_
  D:0093H         PUBLIC        P0M1
  D:0080H         PUBLIC        P0
BL51 BANKED LINKER/LOCATER V6.22                                                      07/24/2019  12:27:31  PAGE 25


  D:0090H         PUBLIC        P1
  D:00A0H         PUBLIC        P2
  D:00B0H         PUBLIC        P3
  D:00C0H         PUBLIC        P4
  D:00C8H         PUBLIC        P5
  D:00E8H         PUBLIC        P6
  D:00F8H         PUBLIC        P7
  D:00A8H         PUBLIC        IE
  C:47D7H         PUBLIC        Key_Scan
  D:00B8H         PUBLIC        IP
  D:00D8H         PUBLIC        CCON
  C:63F0H         PUBLIC        KeyPad_IO_Init
  C:624DH         PUBLIC        _Delay_ms
  D:0098H         PUBLIC        SCON
  D:0088H         PUBLIC        TCON
  X:0633H         PUBLIC        small_move
  X:0635H         PUBLIC        move
  X:0637H         PUBLIC        auto_mode
  X:0639H         PUBLIC        direction
  X:063BH         PUBLIC        SPI_NOR_ClearEnable
  C:3F04H         PUBLIC        Key_Process
  D:00D0H         PUBLIC        PSW
  D:0094H         PUBLIC        P0M0
  -------         PROC          _DELAY_MS
  D:0006H         SYMBOL        ms
  -------         DO            
  D:0004H         SYMBOL        De_Cnt
  -------         ENDDO         
  C:624DH         LINE#         20
  C:624DH         LINE#         21
  C:624DH         LINE#         23
  C:6257H         LINE#         24
  C:6257H         LINE#         25
  C:626AH         LINE#         26
  C:626AH         LINE#         27
  -------         ENDPROC       _DELAY_MS
  -------         PROC          KEY_SCAN
  -------         DO            
  X:03FEH         SYMBOL        KeyTemp1
  X:03FFH         SYMBOL        KeyTemp2
  X:0400H         SYMBOL        KeyValue
  -------         ENDDO         
  C:47D7H         LINE#         28
  C:47D7H         LINE#         29
  C:47D7H         LINE#         34
  C:47DAH         LINE#         37
  C:47DDH         LINE#         39
  C:47E5H         LINE#         40
  C:47ECH         LINE#         41
  C:47ECH         LINE#         43
  C:47F1H         LINE#         44
  C:47F8H         LINE#         45
  C:47F8H         LINE#         48
  C:47FBH         LINE#         49
  C:47FEH         LINE#         50
  C:4803H         LINE#         51
  C:4807H         LINE#         52
BL51 BANKED LINKER/LOCATER V6.22                                                      07/24/2019  12:27:31  PAGE 26


  C:4807H         LINE#         53
  C:480FH         LINE#         54
  C:480FH         LINE#         55
  C:4812H         LINE#         56
  C:481AH         LINE#         57
  C:481CH         LINE#         59
  C:4830H         LINE#         60
  C:4830H         LINE#         61
  C:4830H         LINE#         62
  C:4830H         LINE#         63
  C:4836H         LINE#         65
  C:4838H         LINE#         66
  C:4838H         LINE#         67
  C:4838H         LINE#         68
  C:483EH         LINE#         70
  C:4840H         LINE#         71
  C:4840H         LINE#         72
  C:4840H         LINE#         73
  C:4846H         LINE#         75
  C:4848H         LINE#         76
  C:4848H         LINE#         77
  C:4848H         LINE#         78
  C:484EH         LINE#         80
  C:484EH         LINE#         81
  C:484EH         LINE#         82
  C:484EH         LINE#         85
  C:4851H         LINE#         86
  C:4854H         LINE#         87
  C:485CH         LINE#         88
  C:4860H         LINE#         89
  C:4860H         LINE#         90
  C:4868H         LINE#         91
  C:4868H         LINE#         92
  C:486BH         LINE#         93
  C:4873H         LINE#         94
  C:4875H         LINE#         95
  C:4889H         LINE#         96
  C:4889H         LINE#         97
  C:4889H         LINE#         98
  C:4889H         LINE#         99
  C:488FH         LINE#         101
  C:4891H         LINE#         102
  C:4891H         LINE#         103
  C:4891H         LINE#         104
  C:4897H         LINE#         106
  C:4899H         LINE#         107
  C:4899H         LINE#         108
  C:4899H         LINE#         109
  C:489FH         LINE#         111
  C:48A1H         LINE#         112
  C:48A1H         LINE#         113
  C:48A1H         LINE#         114
  C:48A6H         LINE#         116
  C:48A6H         LINE#         117
  C:48A6H         LINE#         118
  C:48A6H         LINE#         121
  C:48A9H         LINE#         122
BL51 BANKED LINKER/LOCATER V6.22                                                      07/24/2019  12:27:31  PAGE 27


  C:48ACH         LINE#         123
  C:48B4H         LINE#         124
  C:48B8H         LINE#         125
  C:48B8H         LINE#         126
  C:48C0H         LINE#         127
  C:48C0H         LINE#         128
  C:48C3H         LINE#         129
  C:48CBH         LINE#         130
  C:48CDH         LINE#         131
  C:48E1H         LINE#         132
  C:48E1H         LINE#         133
  C:48E1H         LINE#         134
  C:48E1H         LINE#         135
  C:48E7H         LINE#         137
  C:48E9H         LINE#         138
  C:48E9H         LINE#         139
  C:48E9H         LINE#         140
  C:48EFH         LINE#         142
  C:48F1H         LINE#         143
  C:48F1H         LINE#         144
  C:48F1H         LINE#         145
  C:48F7H         LINE#         147
  C:48F9H         LINE#         148
  C:48F9H         LINE#         149
  C:48F9H         LINE#         150
  C:48FFH         LINE#         152
  C:48FFH         LINE#         153
  C:48FFH         LINE#         154
  C:48FFH         LINE#         158
  C:4902H         LINE#         159
  C:4905H         LINE#         160
  C:490DH         LINE#         161
  C:4911H         LINE#         162
  C:4911H         LINE#         163
  C:4919H         LINE#         164
  C:4919H         LINE#         165
  C:491CH         LINE#         166
  C:4924H         LINE#         167
  C:4926H         LINE#         168
  C:493AH         LINE#         169
  C:493AH         LINE#         170
  C:493AH         LINE#         171
  C:493AH         LINE#         172
  C:4940H         LINE#         174
  C:4942H         LINE#         175
  C:4942H         LINE#         176
  C:4942H         LINE#         177
  C:4948H         LINE#         179
  C:494AH         LINE#         180
  C:494AH         LINE#         181
  C:494AH         LINE#         182
  C:4950H         LINE#         184
  C:4952H         LINE#         185
  C:4952H         LINE#         186
  C:4952H         LINE#         187
  C:4958H         LINE#         189
  C:4958H         LINE#         190
BL51 BANKED LINKER/LOCATER V6.22                                                      07/24/2019  12:27:31  PAGE 28


  C:4958H         LINE#         191
  C:4958H         LINE#         193
  C:495EH         LINE#         194
  C:495EH         LINE#         196
  C:495EH         LINE#         197
  C:4961H         LINE#         198
  C:4961H         LINE#         199
  C:4961H         LINE#         201
  C:4961H         LINE#         202
  C:4963H         LINE#         203
  C:4963H         LINE#         204
  -------         ENDPROC       KEY_SCAN
  -------         PROC          KEY_PROCESS
  -------         DO            
  X:0624H         SYMBOL        KeyCount
  X:0625H         SYMBOL        KeyNum_Old
  X:0627H         SYMBOL        KeyNum
  X:0629H         SYMBOL        PressedKey
  X:03F8H         SYMBOL        d
  D:0002H         SYMBOL        hours
  D:0006H         SYMBOL        mins
  X:03FAH         SYMBOL        months
  X:03FCH         SYMBOL        days
  -------         ENDDO         
  C:3F04H         LINE#         205
  C:3F04H         LINE#         206
  C:3F04H         LINE#         210
  C:3F13H         LINE#         211
  C:3F20H         LINE#         213
  C:3F24H         LINE#         214
  C:3F24H         LINE#         215
  C:3F2AH         LINE#         217
  C:3F2AH         LINE#         218
  C:3F41H         LINE#         219
  C:3F41H         LINE#         220
  C:3F4BH         LINE#         221
  C:3F51H         LINE#         223
  C:3F57H         LINE#         225
  C:3F57H         LINE#         226
  C:3F6EH         LINE#         227
  C:3F6EH         LINE#         228
  C:3F73H         LINE#         230
  C:3F73H         LINE#         231
  C:3F83H         LINE#         232
  C:3F83H         LINE#         233
  C:3F89H         LINE#         235
  C:3F89H         LINE#         236
  C:3F9BH         LINE#         237
  C:3F9BH         LINE#         238
  C:3FA5H         LINE#         239
  C:3FADH         LINE#         241
  C:3FB6H         LINE#         243
  C:3FB6H         LINE#         252
  C:3FD5H         LINE#         253
  C:3FD5H         LINE#         254
  C:3FF4H         LINE#         255
  C:3FFAH         LINE#         256
BL51 BANKED LINKER/LOCATER V6.22                                                      07/24/2019  12:27:31  PAGE 29


  C:4002H         LINE#         257
  C:4002H         LINE#         259
  C:4003H         LINE#         265
  C:400FH         LINE#         266
  C:400FH         LINE#         267
  C:402CH         LINE#         268
  C:4043H         LINE#         269
  C:405AH         LINE#         270
  C:405AH         LINE#         271
  C:406DH         LINE#         272
  C:4080H         LINE#         273
  C:4080H         LINE#         274
  C:4080H         LINE#         275
  C:4083H         LINE#         280
  C:4092H         LINE#         281
  C:4092H         LINE#         282
  C:40B5H         LINE#         283
  C:40D2H         LINE#         284
  C:40DBH         LINE#         285
  C:40DBH         LINE#         286
  C:40E2H         LINE#         287
  C:40E2H         LINE#         288
  C:40F3H         LINE#         289
  C:40F3H         LINE#         290
  C:4102H         LINE#         291
  C:4102H         LINE#         292
  C:4102H         LINE#         293
  C:4105H         LINE#         295
  C:4105H         LINE#         296
  C:4111H         LINE#         297
  C:4111H         LINE#         298
  C:4123H         LINE#         299
  C:4123H         LINE#         300
  C:4133H         LINE#         301
  C:4133H         LINE#         302
  C:4133H         LINE#         304
  C:4135H         LINE#         306
  C:4135H         LINE#         307
  C:4144H         LINE#         308
  C:4144H         LINE#         309
  C:4154H         LINE#         310
  C:4154H         LINE#         311
  C:4154H         LINE#         313
  C:4154H         LINE#         315
  C:4154H         LINE#         316
  C:4156H         LINE#         318
  C:4156H         LINE#         319
  C:415DH         LINE#         320
  C:415DH         LINE#         321
  C:416CH         LINE#         322
  C:416CH         LINE#         323
  C:417CH         LINE#         324
  C:417CH         LINE#         325
  C:417CH         LINE#         326
  C:417EH         LINE#         328
  C:417EH         LINE#         329
  C:418DH         LINE#         330
BL51 BANKED LINKER/LOCATER V6.22                                                      07/24/2019  12:27:31  PAGE 30


  C:418DH         LINE#         331
  C:41A0H         LINE#         332
  C:41B3H         LINE#         333
  C:41B3H         LINE#         334
  C:41B3H         LINE#         335
  C:41B3H         LINE#         336
  C:41BCH         LINE#         338
  C:41BCH         LINE#         340
  C:41F6H         LINE#         341
  C:41F6H         LINE#         342
  C:41FDH         LINE#         343
  C:41FDH         LINE#         344
  C:4207H         LINE#         345
  C:4207H         LINE#         346
  C:420AH         LINE#         347
  C:420FH         LINE#         348
  C:4214H         LINE#         349
  C:4219H         LINE#         350
  C:421EH         LINE#         351
  C:4223H         LINE#         352
  C:4228H         LINE#         353
  C:422DH         LINE#         354
  C:422DH         LINE#         355
  C:422DH         LINE#         357
  C:424BH         LINE#         358
  C:424BH         LINE#         359
  C:4252H         LINE#         360
  C:4252H         LINE#         361
  C:4257H         LINE#         362
  C:4260H         LINE#         363
  C:427FH         LINE#         364
  C:427FH         LINE#         365
  C:428FH         LINE#         367
  C:428FH         LINE#         371
  -------         ENDPROC       KEY_PROCESS
  -------         PROC          KEYPAD_IO_INIT
  C:63F0H         LINE#         374
  C:63F0H         LINE#         375
  C:63F0H         LINE#         376
  C:63F3H         LINE#         377
  C:63F6H         LINE#         378
  C:63F9H         LINE#         379
  C:63FBH         LINE#         380
  -------         ENDPROC       KEYPAD_IO_INIT
  -------         ENDMOD        KEYPAD

  -------         MODULE        BIPOLARMOTOR
  C:0000H         SYMBOL        _ICE_DUMMY_
  X:0000H         PUBLIC        UTC_time
  D:0080H         PUBLIC        P0
  D:0090H         PUBLIC        P1
  X:0004H         PUBLIC        RX_pos_test
  D:00A0H         PUBLIC        P2
  D:00B0H         PUBLIC        P3
  D:00C0H         PUBLIC        P4
  D:00C8H         PUBLIC        P5
  D:00E8H         PUBLIC        P6
BL51 BANKED LINKER/LOCATER V6.22                                                      07/24/2019  12:27:31  PAGE 31


  D:00F8H         PUBLIC        P7
  X:00A4H         PUBLIC        low_date_azimuth_mapping
  D:00A8H         PUBLIC        IE
  C:5580H         PUBLIC        linear_interpolate
  X:00CCH         PUBLIC        declination
  C:60E1H         PUBLIC        _Move
  D:00B8H         PUBLIC        IP
  X:00D0H         PUBLIC        time_offset
  D:00D8H         PUBLIC        CCON
  X:00D4H         PUBLIC        previous_move_time
  X:00D5H         PUBLIC        time
  D:0098H         PUBLIC        SCON
  D:0088H         PUBLIC        TCON
  C:5F82H         PUBLIC        _Step_move
  X:00E7H         PUBLIC        dat
  X:00EDH         PUBLIC        current_local_sun_time
  C:2B47H         PUBLIC        _Update_position
  C:4290H         PUBLIC        _elevation_calculation
  X:00F1H         PUBLIC        sunCoord
  C:5E6AH         PUBLIC        vOneStepMove
  X:00F4H         PUBLIC        elevation_stamp
  X:0130H         PUBLIC        date_azimuth_mapping
  X:0158H         PUBLIC        location
  X:0160H         PUBLIC        RX_pos
  C:6317H         PUBLIC        vSetLocation
  C:6292H         PUBLIC        _BCDtoDec1
  X:03B8H         PUBLIC        degree
  C:3178H         PUBLIC        _TheoricalJP_Position
  D:00D0H         PUBLIC        PSW
  -------         PROC          VSETLOCATION
  C:6317H         LINE#         44
  C:6317H         LINE#         45
  C:6317H         LINE#         46
  C:6321H         LINE#         47
  C:632BH         LINE#         48
  -------         ENDPROC       VSETLOCATION
  C:628EH         SYMBOL        L?0060
  -------         PROC          L?0059
  -------         ENDPROC       L?0059
  C:628EH         SYMBOL        L?0060
  -------         PROC          _BCDTODEC1
  D:0007H         SYMBOL        bcd
  -------         DO            
  D:0006H         SYMBOL        hi
  D:0007H         SYMBOL        lo
  -------         ENDDO         
  C:6292H         LINE#         49
  C:6292H         LINE#         50
  C:6292H         LINE#         52
  C:6297H         LINE#         53
  C:629BH         LINE#         54
  C:62A2H         LINE#         55
  -------         ENDPROC       _BCDTODEC1
  -------         PROC          VONESTEPMOVE
  B:0020H.3       SYMBOL        bDir
  C:5E6AH         LINE#         59
  C:5E6AH         LINE#         60
BL51 BANKED LINKER/LOCATER V6.22                                                      07/24/2019  12:27:31  PAGE 32


  C:5E6AH         LINE#         62
  C:5E70H         LINE#         63
  C:5E70H         LINE#         64
  C:5E73H         LINE#         65
  C:5E7CH         LINE#         66
  C:5E83H         LINE#         67
  C:5E88H         LINE#         68
  C:5E88H         LINE#         69
  C:5E88H         LINE#         71
  C:5E8AH         LINE#         74
  C:5E8AH         LINE#         75
  C:5E8DH         LINE#         76
  C:5E96H         LINE#         77
  C:5E9DH         LINE#         78
  C:5EA3H         LINE#         79
  C:5EACH         LINE#         80
  C:5EB3H         LINE#         81
  C:5EB3H         LINE#         85
  -------         ENDPROC       VONESTEPMOVE
  -------         PROC          _STEP_MOVE
  X:04EDH         SYMBOL        step
  B:0020H.2       SYMBOL        dir
  -------         DO            
  X:04EFH         SYMBOL        i
  -------         ENDDO         
  C:5F82H         LINE#         87
  C:5F8AH         LINE#         88
  C:5F8AH         LINE#         90
  C:5F8FH         LINE#         93
  C:5FAAH         LINE#         94
  C:5FAAH         LINE#         95
  C:5FB1H         LINE#         97
  C:5FC1H         LINE#         99
  -------         ENDPROC       _STEP_MOVE
  -------         PROC          _MOVE
  X:04E9H         SYMBOL        distance
  B:0020H.1       SYMBOL        direction
  -------         DO            
  D:0006H         SYMBOL        step
  -------         ENDDO         
  C:60E1H         LINE#         101
  C:60E7H         LINE#         102
  C:60E7H         LINE#         106
  C:6102H         LINE#         108
  -------         ENDPROC       _MOVE
  C:556FH         SYMBOL        L?0058
  -------         PROC          L?0057
  -------         ENDPROC       L?0057
  C:556FH         SYMBOL        L?0058
  -------         PROC          LINEAR_INTERPOLATE
  X:049EH         SYMBOL        p1
  X:04A6H         SYMBOL        p2
  X:04AEH         SYMBOL        x
  -------         DO            
  D:0004H         SYMBOL        fx
  -------         ENDDO         
  C:5580H         LINE#         141
BL51 BANKED LINKER/LOCATER V6.22                                                      07/24/2019  12:27:31  PAGE 33


  C:5580H         LINE#         142
  C:5580H         LINE#         145
  C:561FH         LINE#         147
  C:561FH         LINE#         148
  -------         ENDPROC       LINEAR_INTERPOLATE
  -------         PROC          _THEORICALJP_POSITION
  X:0442H         SYMBOL        azimuth
  X:0446H         SYMBOL        elevation
  -------         DO            
  X:044AH         SYMBOL        pos_interpolate_azimuth
  X:0486H         SYMBOL        JP_pos
  X:048AH         SYMBOL        i
  X:048CH         SYMBOL        yy
  X:048EH         SYMBOL        p1
  X:0496H         SYMBOL        p2
  -------         ENDDO         
  C:3178H         LINE#         151
  C:317EH         LINE#         152
  C:317EH         LINE#         154
  C:3188H         LINE#         157
  C:31A4H         LINE#         158
  C:31A4H         LINE#         159
  C:3214H         LINE#         160
  C:3214H         LINE#         161
  C:321BH         LINE#         162
  C:321BH         LINE#         163
  C:3248H         LINE#         164
  C:3263H         LINE#         166
  C:32AAH         LINE#         167
  C:32DEH         LINE#         169
  C:3324H         LINE#         170
  C:3349H         LINE#         172
  C:3349H         LINE#         174
  C:33BFH         LINE#         175
  C:33BFH         LINE#         176
  C:33C6H         LINE#         177
  C:33C6H         LINE#         178
  C:33F3H         LINE#         179
  C:340EH         LINE#         181
  C:3455H         LINE#         182
  C:3489H         LINE#         184
  C:34CFH         LINE#         185
  C:34F1H         LINE#         187
  C:34F1H         LINE#         188
  C:3505H         LINE#         191
  C:3521H         LINE#         192
  C:3521H         LINE#         193
  C:3591H         LINE#         194
  C:3591H         LINE#         195
  C:35BEH         LINE#         196
  C:35D9H         LINE#         198
  C:3606H         LINE#         199
  C:3621H         LINE#         201
  C:3653H         LINE#         204
  C:3653H         LINE#         206
  C:3664H         LINE#         207
  C:3672H         LINE#         209
BL51 BANKED LINKER/LOCATER V6.22                                                      07/24/2019  12:27:31  PAGE 34


  -------         ENDPROC       _THEORICALJP_POSITION
  -------         PROC          _UPDATE_POSITION
  D:0001H         SYMBOL        mnths
  D:0002H         SYMBOL        dys
  X:041EH         SYMBOL        hurs
  X:041FH         SYMBOL        mns
  X:0420H         SYMBOL        sconds
  X:0421H         SYMBOL        currnt_pos
  X:0424H         SYMBOL        offset_calib
[...]
  C:49FDH         LINE#         331
  C:49FDH         LINE#         332
  C:49FDH         LINE#         334
  C:4A00H         LINE#         336
  C:4A1AH         LINE#         337
  C:4A1AH         LINE#         338
  C:4A1AH         LINE#         340
  C:4A1DH         LINE#         342
  C:4A37H         LINE#         343
BL51 BANKED LINKER/LOCATER V6.22                                                      07/24/2019  12:27:31  PAGE 52


  C:4A37H         LINE#         344
  C:4A37H         LINE#         346
  C:4A3AH         LINE#         348
  C:4A54H         LINE#         349
  C:4A54H         LINE#         350
  C:4A54H         LINE#         352
  C:4A57H         LINE#         354
  C:4A71H         LINE#         355
  C:4A71H         LINE#         356
  C:4A71H         LINE#         358
  C:4A74H         LINE#         360
  C:4A8EH         LINE#         361
  C:4A8EH         LINE#         362
  C:4A8EH         LINE#         364
  C:4A91H         LINE#         366
  C:4AABH         LINE#         367
  C:4AABH         LINE#         368
  C:4AABH         LINE#         370
  C:4AAEH         LINE#         372
  C:4AC8H         LINE#         373
  C:4ACFH         LINE#         374
  -------         ENDPROC       SPI_NOR_WRITE_DATA
  -------         ENDMOD        AT25SF041

  -------         MODULE        SI1120
  C:0000H         SYMBOL        _ICE_DUMMY_
  D:0080H         PUBLIC        P0
  D:00B2H         PUBLIC        P3M0
  D:0090H         PUBLIC        P1
  D:00B1H         PUBLIC        P3M1
  D:00A0H         PUBLIC        P2
  D:00B0H         PUBLIC        P3
  D:00C0H         PUBLIC        P4
  D:00C8H         PUBLIC        P5
  B:00A8H.7       PUBLIC        EA
  D:00E8H         PUBLIC        P6
  D:00F8H         PUBLIC        P7
  D:00A8H         PUBLIC        IE
  D:00B8H         PUBLIC        IP
  C:6030H         PUBLIC        SI1120_CONFIG_MODE_VIRH
  D:00D8H         PUBLIC        CCON
  D:0098H         PUBLIC        SCON
  D:0088H         PUBLIC        TCON
  C:63D6H         PUBLIC        Enable_EXTINT0
  B:0090H.5       PUBLIC        SI1120_STX
  B:0088H.0       PUBLIC        IT0
  B:00A8H.0       PUBLIC        EX0
  B:0090H.4       PUBLIC        SI1120_MD
  B:0090H.6       PUBLIC        SI1120_SC
  D:00D0H         PUBLIC        PSW
  -------         PROC          SI1120_CONFIG_MODE_VIRH
  C:6030H         LINE#         4
  C:6030H         LINE#         5
  C:6030H         LINE#         6
  C:6032H         LINE#         7
  C:6034H         LINE#         8
  C:6036H         LINE#         10
BL51 BANKED LINKER/LOCATER V6.22                                                      07/24/2019  12:27:31  PAGE 53


  C:603DH         LINE#         11
  C:603FH         LINE#         13
  C:6041H         LINE#         14
  C:6043H         LINE#         16
  C:604AH         LINE#         18
  C:604CH         LINE#         20
  C:6053H         LINE#         23
  C:6055H         LINE#         25
  C:6057H         LINE#         27
  C:605EH         LINE#         29
  C:6060H         LINE#         31
  -------         ENDPROC       SI1120_CONFIG_MODE_VIRH
  -------         PROC          ENABLE_EXTINT0
  C:63D6H         LINE#         33
  C:63D6H         LINE#         34
  C:63D6H         LINE#         35
  C:63D9H         LINE#         36
  C:63DCH         LINE#         37
  C:63DEH         LINE#         38
  C:63E0H         LINE#         39
  C:63E2H         LINE#         40
  -------         ENDPROC       ENABLE_EXTINT0
  -------         ENDMOD        SI1120

  -------         MODULE        UART1
  C:0000H         SYMBOL        _ICE_DUMMY_
  D:0080H         PUBLIC        P0
  D:0090H         PUBLIC        P1
  D:00A0H         PUBLIC        P2
  D:00B0H         PUBLIC        P3
  D:00C0H         PUBLIC        P4
  D:00C8H         PUBLIC        P5
  C:61C8H         PUBLIC        _uart1_SendToTCPServer
  B:00A8H.7       PUBLIC        EA
  D:00E8H         PUBLIC        P6
  D:00F8H         PUBLIC        P7
  C:5FFDH         PUBLIC        _SendString
  D:00A8H         PUBLIC        IE
  B:00A8H.4       PUBLIC        ES
  D:00B8H         PUBLIC        IP
  C:62D5H         PUBLIC        _ASCIItoBCD
  D:00D8H         PUBLIC        CCON
  C:638BH         PUBLIC        initUART1
  D:0098H         PUBLIC        SCON
  D:0088H         PUBLIC        TCON
  C:6444H         PUBLIC        _DectoBCD
  C:001EH         PUBLIC        _ASCII_Letter
  D:008EH         PUBLIC        AUXR
  C:0006H         PUBLIC        _unit
  C:643DH         PUBLIC        _ten
  D:00D6H         PUBLIC        T2H
  D:00D7H         PUBLIC        T2L
  C:642EH         PUBLIC        uart1_InitTCPConn
  D:00D0H         PUBLIC        PSW
  -------         PROC          INITUART1
  C:638BH         LINE#         24
  C:638BH         LINE#         25
BL51 BANKED LINKER/LOCATER V6.22                                                      07/24/2019  12:27:31  PAGE 54


  C:638BH         LINE#         26
  C:638EH         LINE#         27
  C:6391H         LINE#         28
  C:6394H         LINE#         29
  C:6397H         LINE#         30
  C:6399H         LINE#         31
  C:639BH         LINE#         33
  -------         ENDPROC       INITUART1
  -------         PROC          _SENDSTRING
  X:04E9H         SYMBOL        s
  C:5FFDH         LINE#         36
  C:6008H         LINE#         37
  C:6008H         LINE#         38
  C:6018H         LINE#         39
  C:6018H         LINE#         40
  C:602DH         LINE#         41
  C:602FH         LINE#         42
  -------         ENDPROC       _SENDSTRING
  -------         PROC          _TEN
  D:0007H         SYMBOL        BCD
  C:643DH         LINE#         44
  C:643DH         LINE#         45
  C:643DH         LINE#         46
  C:6442H         LINE#         47
  -------         ENDPROC       _TEN
  -------         PROC          _UNIT
  D:0007H         SYMBOL        BCD
  C:0006H         LINE#         48
  C:0006H         LINE#         49
  C:0006H         LINE#         53
  C:000AH         LINE#         54
  -------         ENDPROC       _UNIT
  -------         PROC          _DECTOBCD
  D:0007H         SYMBOL        dec
  C:6444H         LINE#         55
  C:6444H         LINE#         56
  C:6444H         LINE#         58
  C:6444H         LINE#         59
  -------         ENDPROC       _DECTOBCD
  -------         PROC          _ASCII_LETTER
  D:0007H         SYMBOL        dat
  C:001EH         LINE#         61
  C:001EH         LINE#         62
  C:001EH         LINE#         64
  C:0022H         LINE#         65
  -------         ENDPROC       _ASCII_LETTER
  -------         PROC          _ASCIITOBCD
  D:0001H         SYMBOL        ascii
  -------         DO            
  D:0007H         SYMBOL        dec_val
  D:0006H         SYMBOL        ten
  D:0007H         SYMBOL        unit
  -------         ENDDO         
  C:62D5H         LINE#         67
  C:62D5H         LINE#         68
  C:62D5H         LINE#         70
  C:62D8H         LINE#         71
BL51 BANKED LINKER/LOCATER V6.22                                                      07/24/2019  12:27:31  PAGE 55


  C:62DEH         LINE#         72
  C:62E5H         LINE#         73
  C:62EBH         LINE#         75
  -------         ENDPROC       _ASCIITOBCD
  -------         PROC          UART1_INITTCPCONN
  C:642EH         LINE#         77
  C:642EH         LINE#         78
  C:642EH         LINE#         82
  -------         ENDPROC       UART1_INITTCPCONN
  -------         PROC          _UART1_SENDTOTCPSERVER
  X:03F8H         SYMBOL        str
  C:61C8H         LINE#         85
  C:61D3H         LINE#         86
  C:61D3H         LINE#         87
  C:61DCH         LINE#         88
  C:61E3H         LINE#         89
  -------         ENDPROC       _UART1_SENDTOTCPSERVER
  -------         ENDMOD        UART1

  -------         MODULE        ?C_STARTUP
  C:5AA8H         SEGMENT       ?C_C51STARTUP
  I:0022H         SEGMENT       ?STACK
  C:0000H         PUBLIC        ?C_STARTUP
  D:00E0H         SYMBOL        ACC
  D:00F0H         SYMBOL        B
  D:0083H         SYMBOL        DPH
  D:0082H         SYMBOL        DPL
  N:0000H         SYMBOL        IBPSTACK
  N:0100H         SYMBOL        IBPSTACKTOP
  N:0080H         SYMBOL        IDATALEN
  C:5AABH         SYMBOL        IDATALOOP
  N:0000H         SYMBOL        PBPSTACK
  N:0100H         SYMBOL        PBPSTACKTOP
  N:0000H         SYMBOL        PDATALEN
  N:0000H         SYMBOL        PDATASTART
  N:0000H         SYMBOL        PPAGE
  N:0000H         SYMBOL        PPAGEENABLE
  D:00A0H         SYMBOL        PPAGE_SFR
  D:0081H         SYMBOL        SP
  C:5AA8H         SYMBOL        STARTUP1
  N:0000H         SYMBOL        XBPSTACK
  N:0000H         SYMBOL        XBPSTACKTOP
  N:0000H         SYMBOL        XDATALEN
  N:0000H         SYMBOL        XDATASTART
  C:0000H         LINE#         126
  C:5AA8H         LINE#         133
  C:5AAAH         LINE#         134
  C:5AABH         LINE#         135
  C:5AACH         LINE#         136
  C:5AAEH         LINE#         185
  C:5AB1H         LINE#         196
  -------         ENDMOD        ?C_STARTUP

  -------         MODULE        ?C?FPADD
  C:10F0H         PUBLIC        ?C?FPADD
  C:10ECH         PUBLIC        ?C?FPSUB
  -------         ENDMOD        ?C?FPADD
BL51 BANKED LINKER/LOCATER V6.22                                                      07/24/2019  12:27:31  PAGE 56



  -------         MODULE        ?C?FPMUL
  C:11E1H         PUBLIC        ?C?FPMUL
  -------         ENDMOD        ?C?FPMUL

  -------         MODULE        ?C?FPDIV
  C:12EAH         PUBLIC        ?C?FPDIV
  -------         ENDMOD        ?C?FPDIV

  -------         MODULE        ?C?FPCMP
  C:1389H         PUBLIC        ?C?FPCMP
  C:1387H         PUBLIC        ?C?FPCMP3
  -------         ENDMOD        ?C?FPCMP

  -------         MODULE        ?C?FPNEG
  C:1400H         PUBLIC        ?C?FPNEG
  -------         ENDMOD        ?C?FPNEG

  -------         MODULE        ?C?FCAST
  C:141BH         PUBLIC        ?C?FCASTC
  C:1416H         PUBLIC        ?C?FCASTI
  C:1411H         PUBLIC        ?C?FCASTL
  -------         ENDMOD        ?C?FCAST

  -------         MODULE        ?C?CASTF
  C:144FH         PUBLIC        ?C?CASTF
  -------         ENDMOD        ?C?CASTF

  -------         MODULE        PRINTF
  X:04E9H         PUBLIC        ?_PRINTF?BYTE
  X:04E9H         PUBLIC        ?_SPRINTF?BYTE
  C:36DEH         PUBLIC        _PRINTF
  C:36D8H         PUBLIC        _SPRINTF
  -------         ENDMOD        PRINTF

  -------         MODULE        FABS
  C:63E3H         PUBLIC        _FABS
  -------         ENDMOD        FABS

  -------         MODULE        ATAN2
  X:049FH         PUBLIC        ?_atan2?BYTE
  C:58D5H         PUBLIC        _atan2
  -------         ENDMOD        ATAN2

  -------         MODULE        SIN
  C:4B35H         PUBLIC        _COS
  C:4B4BH         PUBLIC        _SIN
  C:4B87H         PUBLIC        _TAN
  -------         ENDMOD        SIN

  -------         MODULE        ACOS
  C:5EB4H         PUBLIC        _ACOS
  -------         ENDMOD        ACOS

  -------         MODULE        ASIN
  C:5FC2H         PUBLIC        _ASIN
  -------         ENDMOD        ASIN
BL51 BANKED LINKER/LOCATER V6.22                                                      07/24/2019  12:27:31  PAGE 57



  -------         MODULE        POW
  X:03BCH         PUBLIC        ?_pow?BYTE
  C:4C75H         PUBLIC        _pow
  -------         ENDMOD        POW

  -------         MODULE        ?C?CHKFLOAT
  C:14D0H         PUBLIC        ?C?CHKFLOAT
  -------         ENDMOD        ?C?CHKFLOAT

  -------         MODULE        ?C?FPROUND
  C:14EAH         PUBLIC        ?C?FPROUND
  -------         ENDMOD        ?C?FPROUND

  -------         MODULE        ?C?FPCONVERT
  C:1527H         PUBLIC        ?C?FPCONVERT
  -------         ENDMOD        ?C?FPCONVERT

  -------         MODULE        EXP
  C:5A46H         PUBLIC        _EXP
  -------         ENDMOD        EXP

  -------         MODULE        LOG
  C:4F64H         PUBLIC        _LOG
  C:4F60H         PUBLIC        _LOG10
  -------         ENDMOD        LOG

  -------         MODULE        SQRT
  C:578CH         PUBLIC        _SQRT
  -------         ENDMOD        SQRT

  -------         MODULE        ATAN
  C:5079H         PUBLIC        _ATAN
  -------         ENDMOD        ATAN

  -------         MODULE        ?C?FTNPWR
  C:16A9H         PUBLIC        ?C?FTNPWR
  -------         ENDMOD        ?C?FTNPWR

  -------         MODULE        ?C?COPY
  C:17B9H         PUBLIC        ?C?COPY
  -------         ENDMOD        ?C?COPY

  -------         MODULE        ?C?CLDPTR
  C:17DFH         PUBLIC        ?C?CLDPTR
  -------         ENDMOD        ?C?CLDPTR

  -------         MODULE        ?C?CLDOPTR
  C:17F8H         PUBLIC        ?C?CLDOPTR
  -------         ENDMOD        ?C?CLDOPTR

  -------         MODULE        ?C?CSTPTR
  C:1825H         PUBLIC        ?C?CSTPTR
  -------         ENDMOD        ?C?CSTPTR

  -------         MODULE        ?C?IMUL
  C:1837H         PUBLIC        ?C?IMUL
BL51 BANKED LINKER/LOCATER V6.22                                                      07/24/2019  12:27:31  PAGE 58


  -------         ENDMOD        ?C?IMUL

  -------         MODULE        ?C?UIDIV
  C:1849H         PUBLIC        ?C?UIDIV
  -------         ENDMOD        ?C?UIDIV

  -------         MODULE        ?C?SIDIV
  C:189EH         PUBLIC        ?C?SIDIV
  -------         ENDMOD        ?C?SIDIV

  -------         MODULE        ?C?ILDIX
  C:18D4H         PUBLIC        ?C?ILDIX
  -------         ENDMOD        ?C?ILDIX

  -------         MODULE        ?C?ILDOPTR
  C:18EAH         PUBLIC        ?C?ILDOPTR
  -------         ENDMOD        ?C?ILDOPTR

  -------         MODULE        ?C?ISTPTR
  C:1922H         PUBLIC        ?C?ISTPTR
  -------         ENDMOD        ?C?ISTPTR

  -------         MODULE        ?C?LMUL
  C:1941H         PUBLIC        ?C?LMUL
  -------         ENDMOD        ?C?LMUL

  -------         MODULE        ?C?SLDIV
  C:5EFEH         PUBLIC        ?C?SLDIV
  -------         ENDMOD        ?C?SLDIV

  -------         MODULE        ?C?LNEG
  C:1990H         PUBLIC        ?C?LNEG
  -------         ENDMOD        ?C?LNEG

  -------         MODULE        ?C?ULCMP
  C:199EH         PUBLIC        ?C?ULCMP
  -------         ENDMOD        ?C?ULCMP

  -------         MODULE        ?C?LSHL
  C:19AFH         PUBLIC        ?C?LSHL
  -------         ENDMOD        ?C?LSHL

  -------         MODULE        ?C?LLDPTR
  C:19C2H         PUBLIC        ?C?LLDPTR
  -------         ENDMOD        ?C?LLDPTR

  -------         MODULE        ?C?LLDOPTR
  C:19E2H         PUBLIC        ?C?LLDOPTR
  -------         ENDMOD        ?C?LLDOPTR

  -------         MODULE        ?C?LSTPTR
  C:1A12H         PUBLIC        ?C?LSTPTR
  -------         ENDMOD        ?C?LSTPTR

  -------         MODULE        ?C?LSTOPTR
  C:1A2CH         PUBLIC        ?C?LSTOPTR
  -------         ENDMOD        ?C?LSTOPTR
BL51 BANKED LINKER/LOCATER V6.22                                                      07/24/2019  12:27:31  PAGE 59



  -------         MODULE        ?C?LLDXDATA
  C:1A50H         PUBLIC        ?C?LLDXDATA
  -------         ENDMOD        ?C?LLDXDATA

  -------         MODULE        ?C?LLDCODE
  C:1A5CH         PUBLIC        ?C?LLDCODE
  -------         ENDMOD        ?C?LLDCODE

  -------         MODULE        ?C?LLDXDATA0
  C:1A6CH         PUBLIC        ?C?LLDXDATA0
  -------         ENDMOD        ?C?LLDXDATA0

  -------         MODULE        ?C?LLDCODE0
  C:1A78H         PUBLIC        ?C?LLDCODE0
  -------         ENDMOD        ?C?LLDCODE0

  -------         MODULE        ?C?LLDPTR0
  C:1A88H         PUBLIC        ?C?LLDPTR0
  -------         ENDMOD        ?C?LLDPTR0

  -------         MODULE        ?C?LSTXDATA
  C:1AA8H         PUBLIC        ?C?LSTXDATA
  -------         ENDMOD        ?C?LSTXDATA

  -------         MODULE        ?C?LSTKXDATA
  C:1AB4H         PUBLIC        ?C?LSTKXDATA
  -------         ENDMOD        ?C?LSTKXDATA

  -------         MODULE        ?C?LSTKPTR
  C:1AE5H         PUBLIC        ?C?LSTKPTR
  -------         ENDMOD        ?C?LSTKPTR

  -------         MODULE        ?C?OFFXADD
  C:1AFFH         PUBLIC        ?C?OFFXADD
  -------         ENDMOD        ?C?OFFXADD

  -------         MODULE        ?C?PLDIXDATA
  C:1B0BH         PUBLIC        ?C?PLDIXDATA
  -------         ENDMOD        ?C?PLDIXDATA

  -------         MODULE        ?C?PSTXDATA
  C:1B22H         PUBLIC        ?C?PSTXDATA
  -------         ENDMOD        ?C?PSTXDATA

  -------         MODULE        ?C?CCASE
  C:1B2BH         PUBLIC        ?C?CCASE
  -------         ENDMOD        ?C?CCASE

  -------         MODULE        PUTCHAR
  C:6158H         PUBLIC        _PUTCHAR
  -------         ENDMOD        PUTCHAR

  -------         MODULE        ABS
  C:63FCH         PUBLIC        _ABS
  -------         ENDMOD        ABS

BL51 BANKED LINKER/LOCATER V6.22                                                      07/24/2019  12:27:31  PAGE 60


  -------         MODULE        ATOI
  C:5482H         PUBLIC        _atoi
  -------         ENDMOD        ATOI

  -------         MODULE        ?C?IILDX
  C:1B51H         PUBLIC        ?C?IILDX
  -------         ENDMOD        ?C?IILDX

  -------         MODULE        ?C?ULDIV
  C:1BA3H         PUBLIC        ?C?ULDIV
  -------         ENDMOD        ?C?ULDIV

  -------         MODULE        ?C?LLDIDATA
  C:1C35H         PUBLIC        ?C?LLDIDATA
  -------         ENDMOD        ?C?LLDIDATA

  -------         MODULE        ?C?LLDPDATA
  C:1C41H         PUBLIC        ?C?LLDPDATA
  -------         ENDMOD        ?C?LLDPDATA

  -------         MODULE        ?C?LLDIDATA0
  C:1C4DH         PUBLIC        ?C?LLDIDATA0
  -------         ENDMOD        ?C?LLDIDATA0

  -------         MODULE        ?C?LLDPDATA0
  C:1C5AH         PUBLIC        ?C?LLDPDATA0
  -------         ENDMOD        ?C?LLDPDATA0

  -------         MODULE        ?C?LSTIDATA
  C:1C67H         PUBLIC        ?C?LSTIDATA
  -------         ENDMOD        ?C?LSTIDATA

  -------         MODULE        ?C?LSTPDATA
  C:1C73H         PUBLIC        ?C?LSTPDATA
  -------         ENDMOD        ?C?LSTPDATA

  -------         MODULE        ?C?LSTKIDATA
  C:1C7FH         PUBLIC        ?C?LSTKIDATA
  -------         ENDMOD        ?C?LSTKIDATA

  -------         MODULE        ?C?LSTKPDATA
  C:1C98H         PUBLIC        ?C?LSTKPDATA
  -------         ENDMOD        ?C?LSTKPDATA

  -------         MODULE        ISDIGIT
  C:63BAH         PUBLIC        _isdigit
  -------         ENDMOD        ISDIGIT

  -------         MODULE        ISSPACE
  C:6355H         PUBLIC        _isspace
  -------         ENDMOD        ISSPACE

*** WARNING L16: UNCALLED SEGMENT, IGNORED FOR OVERLAY PROCESS
    SEGMENT: ?PR?_DAY_OF_YEAR?PCF85063BTL

*** WARNING L16: UNCALLED SEGMENT, IGNORED FOR OVERLAY PROCESS
    SEGMENT: ?PR?NOP?IOEXPANDER_PI4IOE5V96248
BL51 BANKED LINKER/LOCATER V6.22                                                      07/24/2019  12:27:31  PAGE 61



*** WARNING L16: UNCALLED SEGMENT, IGNORED FOR OVERLAY PROCESS
    SEGMENT: ?PR?UC_ACK?IOEXPANDER_PI4IOE5V96248

*** WARNING L16: UNCALLED SEGMENT, IGNORED FOR OVERLAY PROCESS
    SEGMENT: ?PR?UC_NACK?IOEXPANDER_PI4IOE5V96248

*** WARNING L16: UNCALLED SEGMENT, IGNORED FOR OVERLAY PROCESS
    SEGMENT: ?PR?_AT25SF041_READ?AT25SF041

*** WARNING L16: UNCALLED SEGMENT, IGNORED FOR OVERLAY PROCESS
    SEGMENT: ?PR?_TEN?UART1

*** WARNING L16: UNCALLED SEGMENT, IGNORED FOR OVERLAY PROCESS
    SEGMENT: ?PR?_UNIT?UART1

*** WARNING L16: UNCALLED SEGMENT, IGNORED FOR OVERLAY PROCESS
    SEGMENT: ?PR?_DECTOBCD?UART1

*** WARNING L16: UNCALLED SEGMENT, IGNORED FOR OVERLAY PROCESS
    SEGMENT: ?PR?_ASCII_LETTER?UART1

*** WARNING L16: UNCALLED SEGMENT, IGNORED FOR OVERLAY PROCESS
    SEGMENT: ?PR?_ASCIITOBCD?UART1

Program Size: data=15.4 xdata=1612 code=25669
LINK/LOCATE RUN COMPLETE.  10 WARNING(S),  0 ERROR(S)
