BL51 BANKED LINKER/LOCATER V6.22                                                        02/27/2019  12:23:18  PAGE 1


BL51 BANKED LINKER/LOCATER V6.22, INVOKED BY:
C:\KEIL_V5\C51\BIN\BL51.EXE .\Obj\main.obj, .\Obj\PCF85063BTL.obj, .\Obj\UART1.obj, .\Obj\LCd_Driver_SPLC780D.obj, .\Obj
>> \KeyPad.obj, .\Obj\BipolarMotor.obj, .\Obj\SunPos.obj, .\Obj\ADC.obj, .\Obj\Calibration.obj, .\Obj\IOExpander_PI4IOE5
>> V96248.obj, .\Obj\AT25SF041.obj, .\Obj\STARTUP.obj TO .\Obj\GPIO_RTC_Test PRINT (.\Lis\GPIO_RTC_Test.m51) RAMSIZE (25
>> 6)


MEMORY MODEL: LARGE WITH FLOATING POINT ARITHMETIC


INPUT MODULES INCLUDED:
  .\Obj\main.obj (MAIN)
  .\Obj\PCF85063BTL.obj (PCF85063BTL)
  .\Obj\UART1.obj (UART1)
  .\Obj\LCd_Driver_SPLC780D.obj (LCD_DRIVER_SPLC780D)
  .\Obj\KeyPad.obj (KEYPAD)
  .\Obj\BipolarMotor.obj (BIPOLARMOTOR)
  .\Obj\SunPos.obj (SUNPOS)
  .\Obj\ADC.obj (ADC)
  .\Obj\Calibration.obj (CALIBRATION)
  .\Obj\IOExpander_PI4IOE5V96248.obj (IOEXPANDER_PI4IOE5V96248)
  .\Obj\AT25SF041.obj (AT25SF041)
  .\Obj\STARTUP.obj (?C_STARTUP)
  C:\KEIL_V5\C51\LIB\C51FPL.LIB (?C?FPADD)
  C:\KEIL_V5\C51\LIB\C51FPL.LIB (?C?FPMUL)
  C:\KEIL_V5\C51\LIB\C51FPL.LIB (?C?FPDIV)
  C:\KEIL_V5\C51\LIB\C51FPL.LIB (?C?FPCMP)
  C:\KEIL_V5\C51\LIB\C51FPL.LIB (?C?FPNEG)
  C:\KEIL_V5\C51\LIB\C51FPL.LIB (?C?FCAST)
  C:\KEIL_V5\C51\LIB\C51FPL.LIB (?C?CASTF)
  C:\KEIL_V5\C51\LIB\C51FPL.LIB (ATAN2)
  C:\KEIL_V5\C51\LIB\C51FPL.LIB (SIN)
  C:\KEIL_V5\C51\LIB\C51FPL.LIB (ACOS)
  C:\KEIL_V5\C51\LIB\C51FPL.LIB (ASIN)
  C:\KEIL_V5\C51\LIB\C51FPL.LIB (?C?FPGETOPN)
  C:\KEIL_V5\C51\LIB\C51FPL.LIB (?C?FPSERIES)
  C:\KEIL_V5\C51\LIB\C51FPL.LIB (SQRT)
  C:\KEIL_V5\C51\LIB\C51FPL.LIB (ATAN)
  C:\KEIL_V5\C51\LIB\C51L.LIB (?C_INIT)
  C:\KEIL_V5\C51\LIB\C51L.LIB (?C?COPY)
  C:\KEIL_V5\C51\LIB\C51L.LIB (?C?CLDPTR)
  C:\KEIL_V5\C51\LIB\C51L.LIB (?C?CLDOPTR)
  C:\KEIL_V5\C51\LIB\C51L.LIB (?C?CSTPTR)
  C:\KEIL_V5\C51\LIB\C51L.LIB (?C?IMUL)
  C:\KEIL_V5\C51\LIB\C51L.LIB (?C?UIDIV)
  C:\KEIL_V5\C51\LIB\C51L.LIB (?C?SIDIV)
  C:\KEIL_V5\C51\LIB\C51L.LIB (?C?ILDIX)
  C:\KEIL_V5\C51\LIB\C51L.LIB (?C?ILDOPTR)
  C:\KEIL_V5\C51\LIB\C51L.LIB (?C?ISTPTR)
  C:\KEIL_V5\C51\LIB\C51L.LIB (?C?LMUL)
  C:\KEIL_V5\C51\LIB\C51L.LIB (?C?SLDIV)
  C:\KEIL_V5\C51\LIB\C51L.LIB (?C?LNEG)
  C:\KEIL_V5\C51\LIB\C51L.LIB (?C?ULCMP)
  C:\KEIL_V5\C51\LIB\C51L.LIB (?C?LSHL)
  C:\KEIL_V5\C51\LIB\C51L.LIB (?C?LLDPTR)
  C:\KEIL_V5\C51\LIB\C51L.LIB (?C?LLDOPTR)
  C:\KEIL_V5\C51\LIB\C51L.LIB (?C?LSTPTR)
  C:\KEIL_V5\C51\LIB\C51L.LIB (?C?LSTOPTR)
BL51 BANKED LINKER/LOCATER V6.22                                                      02/27/2019  12:23:18  PAGE 2


  C:\KEIL_V5\C51\LIB\C51L.LIB (?C?LLDXDATA)
  C:\KEIL_V5\C51\LIB\C51L.LIB (?C?LLDCODE)
  C:\KEIL_V5\C51\LIB\C51L.LIB (?C?LLDXDATA0)
  C:\KEIL_V5\C51\LIB\C51L.LIB (?C?LLDCODE0)
  C:\KEIL_V5\C51\LIB\C51L.LIB (?C?LLDPTR0)
  C:\KEIL_V5\C51\LIB\C51L.LIB (?C?LSTXDATA)
  C:\KEIL_V5\C51\LIB\C51L.LIB (?C?LSTKXDATA)
  C:\KEIL_V5\C51\LIB\C51L.LIB (?C?LSTKPTR)
  C:\KEIL_V5\C51\LIB\C51L.LIB (?C?OFFXADD)
  C:\KEIL_V5\C51\LIB\C51L.LIB (ABS)
  C:\KEIL_V5\C51\LIB\C51L.LIB (ATOI)
  C:\KEIL_V5\C51\LIB\C51L.LIB (?C?IILDX)
  C:\KEIL_V5\C51\LIB\C51L.LIB (?C?ULDIV)
  C:\KEIL_V5\C51\LIB\C51L.LIB (?C?LLDIDATA)
  C:\KEIL_V5\C51\LIB\C51L.LIB (?C?LLDPDATA)
  C:\KEIL_V5\C51\LIB\C51L.LIB (?C?LLDIDATA0)
  C:\KEIL_V5\C51\LIB\C51L.LIB (?C?LLDPDATA0)
  C:\KEIL_V5\C51\LIB\C51L.LIB (?C?LSTIDATA)
  C:\KEIL_V5\C51\LIB\C51L.LIB (?C?LSTPDATA)
  C:\KEIL_V5\C51\LIB\C51L.LIB (?C?LSTKIDATA)
  C:\KEIL_V5\C51\LIB\C51L.LIB (?C?LSTKPDATA)
  C:\KEIL_V5\C51\LIB\C51L.LIB (ISDIGIT)
  C:\KEIL_V5\C51\LIB\C51L.LIB (ISSPACE)


LINK MAP OF MODULE:  .\Obj\GPIO_RTC_Test (MAIN)


            TYPE    BASE      LENGTH    RELOCATION   SEGMENT NAME
            -----------------------------------------------------

            * * * * * * *   D A T A   M E M O R Y   * * * * * * *
            REG     0000H     0008H     ABSOLUTE     "REG BANK 0"
                    0008H     0018H                  *** GAP ***
            BIT     0020H.0   0000H.5   UNIT         ?BI?KEYPAD
            BIT     0020H.5   0000H.3   UNIT         _BIT_GROUP_
            BIT     0021H.0   0000H.1   UNIT         ?BI?MAIN
            BIT     0021H.1   0000H.1   UNIT         ?BI?_ATOI?ATOI
                    0021H.2   0000H.6                *** GAP ***
            IDATA   0022H     0001H     UNIT         ?STACK

            * * * * * * *  X D A T A   M E M O R Y  * * * * * * *
            XDATA   0000H     038FH     UNIT         ?XD?BIPOLARMOTOR
            XDATA   038FH     0151H     UNIT         _XDATA_GROUP_
            XDATA   04E0H     00D8H     UNIT         ?XD?MAIN
            XDATA   05B8H     0040H     UNIT         ?XD?_FINDDET4X4?BIPOLARMOTOR
            XDATA   05F8H     0024H     UNIT         ?XD?_FINDDET3X3?BIPOLARMOTOR
            XDATA   061CH     0009H     UNIT         ?XD?KEYPAD
            XDATA   0625H     0008H     UNIT         ?XD?_AT25SF041_READ?AT25SF041
            XDATA   062DH     0005H     UNIT         ?XD?_ATOI?ATOI
            XDATA   0632H     0004H     UNIT         ?XD?_DISPLAY_PROX?MAIN
            XDATA   0636H     0003H     UNIT         ?XD?_SENDSTRING?UART1
            XDATA   0639H     0001H     UNIT         ?XD?UC_ACK?IOEXPANDER_PI4IOE5V96248
            XDATA   063AH     0001H     UNIT         ?XD?UC_NACK?IOEXPANDER_PI4IOE5V96248

            * * * * * * *   C O D E   M E M O R Y   * * * * * * *
            CODE    0000H     0003H     ABSOLUTE     
BL51 BANKED LINKER/LOCATER V6.22                                                      02/27/2019  12:23:18  PAGE 3


            CODE    0003H     0006H     UNIT         ?PR?_TEN?UART1
            CODE    0009H     0001H     UNIT         ?PR?TM0_ISR?MAIN
            CODE    000AH     0001H     UNIT         ?PR?_DECTOBCD?UART1
            CODE    000BH     0003H     ABSOLUTE     
            CODE    000EH     0B2EH     UNIT         ?PR?MAIN?MAIN
            CODE    0B3CH     0B00H     UNIT         ?PR?_UPDATE_POSITION?BIPOLARMOTOR
            CODE    163CH     09B6H     UNIT         ?C?LIB_CODE
            CODE    1FF2H     07A2H     UNIT         ?PR?SUNPOS?SUNPOS
            CODE    2794H     03F9H     UNIT         ?C_INITSEG
            CODE    2B8DH     02FCH     UNIT         ?PR?_FIND_REAL_MAX?CALIBRATION
            CODE    2E89H     02C5H     UNIT         ?PR?KEY_PROCESS?KEYPAD
            CODE    314EH     02C0H     UNIT         ?PR?_FINDDET4X4?BIPOLARMOTOR
            CODE    340EH     01D1H     UNIT         ?PR?_FINDDET3X3?BIPOLARMOTOR
            CODE    35DFH     018DH     UNIT         ?PR?KEY_SCAN?KEYPAD
            CODE    376CH     0189H     UNIT         ?PR?SPI_NOR_WRITE_DATA?AT25SF041
            CODE    38F5H     0188H     UNIT         ?PR?SIN?SIN
            CODE    3A7DH     0177H     UNIT         ?PR?_CALIBRATION?CALIBRATION
            CODE    3BF4H     0172H     UNIT         ?PR?_DISPLAY_POS?MAIN
            CODE    3D66H     0122H     UNIT         ?PR?ATAN?ATAN
            CODE    3E88H     0110H     UNIT         ?PR?_AT25SF041_READ?AT25SF041
            CODE    3F98H     0102H     UNIT         ?PR?_AT25SF041_WRITE?AT25SF041
            CODE    409AH     00DBH     UNIT         ?PR?_ATOI?ATOI
            CODE    4175H     00C3H     UNIT         ?PR?LINEAR_INTERPOLATE?BIPOLARMOTOR
            CODE    4238H     00BBH     UNIT         ?PR?VOLTAGE_IS_STABLE?CALIBRATION
            CODE    42F3H     00ADH     UNIT         ?PR?_WRITE_PI4IOE5V96248?IOEXPANDER_PI4IOE5V96248
            CODE    43A0H     00ACH     UNIT         ?PR?SQRT?SQRT
            CODE    444CH     00A1H     UNIT         ?PR?UCREAD_STATUS_REGISTER_BYTE1?AT25SF041
            CODE    44EDH     009DH     UNIT         ?PR?_ATAN2?ATAN2
            CODE    458AH     009CH     UNIT         ?PR?_MAX_VALUE?CALIBRATION
            CODE    4626H     0095H     UNIT         ?PR?_DISPLAY_PROX?MAIN
            CODE    46BBH     008CH     UNIT         ?C_C51STARTUP
            CODE    4747H     0084H     UNIT         ?PR?_DAY_OF_YEAR?PCF85063BTL
            CODE    47CBH     0075H     UNIT         ?PR?_WRITEDATA?LCD_DRIVER_SPLC780D
            CODE    4840H     0072H     UNIT         ?PR?AT25SF041_WRITEENABLE?AT25SF041
            CODE    48B2H     006FH     UNIT         ?PR?_READ_TIME?PCF85063BTL
            CODE    4921H     005AH     UNIT         ?PR?AT25SF041_CHIPERASE?AT25SF041
            CODE    497BH     0059H     UNIT         ?PR?LCD_INIT?LCD_DRIVER_SPLC780D
            CODE    49D4H     004AH     UNIT         ?PR?VONESTEPMOVE?BIPOLARMOTOR
            CODE    4A1EH     004AH     UNIT         ?PR?ACOS?ACOS
            CODE    4A68H     0044H     UNIT         ?C?LDIV
            CODE    4AACH     0040H     UNIT         ?PR?_COMMAND?LCD_DRIVER_SPLC780D
            CODE    4AECH     0040H     UNIT         ?PR?_STEP_MOVE?BIPOLARMOTOR
            CODE    4B2CH     003BH     UNIT         ?PR?ASIN?ASIN
            CODE    4B67H     0033H     UNIT         ?PR?_SENDSTRING?UART1
            CODE    4B9AH     002CH     UNIT         ?PR?_ADC_GETRESULT?ADC
            CODE    4BC6H     002BH     UNIT         ?PR?_WAIT_MS_I2C?IOEXPANDER_PI4IOE5V96248
            CODE    4BF1H     002BH     UNIT         ?PR?_WAIT_MS_SPINOR?AT25SF041
            CODE    4C1CH     0028H     UNIT         ?PR?_MOVE?BIPOLARMOTOR
            CODE    4C44H     0027H     UNIT         ?PR?_I2C_SENDBYTE?IOEXPANDER_PI4IOE5V96248
            CODE    4C6BH     0024H     UNIT         ?PR?_WAIT_MS?LCD_DRIVER_SPLC780D
            CODE    4C8FH     0020H     UNIT         ?PR?_SPI_SENDBYTE?PCF85063BTL
            CODE    4CAFH     0020H     UNIT         ?PR?SPI_RECEIVEBYTE?PCF85063BTL
            CODE    4CCFH     001FH     UNIT         ?PR?ADC_INIT?ADC
            CODE    4CEEH     001EH     UNIT         ?PR?_DELAY_MS?KEYPAD
            CODE    4D0CH     001DH     UNIT         ?PR?_DISPLAYLCD?LCD_DRIVER_SPLC780D
            CODE    4D29H     001BH     UNIT         ?PR?_BCDTODEC1?BIPOLARMOTOR
            CODE    4D44H     0018H     UNIT         ?PR?_SPI_WRITETIME?PCF85063BTL
BL51 BANKED LINKER/LOCATER V6.22                                                      02/27/2019  12:23:18  PAGE 4


            CODE    4D5CH     0017H     UNIT         ?PR?_ASCIITOBCD?UART1
            CODE    4D73H     0016H     UNIT         ?PR?I2C_ACK?IOEXPANDER_PI4IOE5V96248
            CODE    4D89H     0015H     UNIT         ?PR?_DISPLAY_LINE?LCD_DRIVER_SPLC780D
            CODE    4D9EH     0015H     UNIT         ?PR?I2C_STOP?IOEXPANDER_PI4IOE5V96248
            CODE    4DB3H     0014H     UNIT         ?PR?_PCF85063BTL_DELAY?PCF85063BTL
            CODE    4DC7H     0014H     UNIT         ?PR?_ISSPACE?ISSPACE
            CODE    4DDBH     0011H     UNIT         ?PR?_SPI_READTIME?PCF85063BTL
            CODE    4DECH     0011H     UNIT         ?PR?_BCDTODEC?PCF85063BTL
            CODE    4DFDH     0011H     UNIT         ?PR?INITUART1?UART1
            CODE    4E0EH     000FH     UNIT         ?PR?I2C_START?IOEXPANDER_PI4IOE5V96248
            CODE    4E1DH     000FH     UNIT         ?PR?UC_NACK?IOEXPANDER_PI4IOE5V96248
            CODE    4E2CH     000FH     UNIT         ?PR?_ISDIGIT?ISDIGIT
            CODE    4E3BH     000DH     UNIT         ?PR?SPI_INIT?PCF85063BTL
            CODE    4E48H     000CH     UNIT         ?PR?KEYPAD_IO_INIT?KEYPAD
            CODE    4E54H     000CH     UNIT         ?PR?_ABS?ABS
            CODE    4E60H     000AH     UNIT         ?PR?LCD_RETURN_HOME?LCD_DRIVER_SPLC780D
            CODE    4E6AH     000AH     UNIT         ?PR?LCD_CLEAR?LCD_DRIVER_SPLC780D
            CODE    4E74H     0006H     UNIT         ?PR?UC_ACK?IOEXPANDER_PI4IOE5V96248
            CODE    4E7AH     0005H     UNIT         ?PR?_UNIT?UART1
            CODE    4E7FH     0005H     UNIT         ?PR?_ASCII_LETTER?UART1
            CODE    4E84H     0001H     UNIT         ?PR?WAIT?BIPOLARMOTOR
            CODE    4E85H     0001H     UNIT         ?PR?NOP?IOEXPANDER_PI4IOE5V96248



OVERLAY MAP OF MODULE:   .\Obj\GPIO_RTC_Test (MAIN)


SEGMENT                                             BIT_GROUP          XDATA_GROUP
  +--> CALLED SEGMENT                            START    LENGTH     START    LENGTH
------------------------------------------------------------------------------------
?C_C51STARTUP                                    -----    -----      -----    -----
  +--> ?PR?MAIN?MAIN
  +--> ?C_INITSEG

?PR?MAIN?MAIN                                    -----    -----      038FH    002CH
  +--> ?PR?LCD_INIT?LCD_DRIVER_SPLC780D
  +--> ?PR?SPI_INIT?PCF85063BTL
  +--> ?PR?KEYPAD_IO_INIT?KEYPAD
  +--> ?PR?ADC_INIT?ADC
  +--> ?PR?_SPI_WRITETIME?PCF85063BTL
  +--> ?PR?_DELAY_MS?KEYPAD
  +--> ?PR?_DISPLAY_LINE?LCD_DRIVER_SPLC780D
  +--> ?PR?_WRITEDATA?LCD_DRIVER_SPLC780D
  +--> ?PR?KEY_PROCESS?KEYPAD
  +--> ?PR?_COMMAND?LCD_DRIVER_SPLC780D
  +--> ?PR?_DISPLAY_POS?MAIN
  +--> ?PR?_DISPLAYLCD?LCD_DRIVER_SPLC780D
  +--> ?PR?_STEP_MOVE?BIPOLARMOTOR
  +--> ?PR?LCD_RETURN_HOME?LCD_DRIVER_SPLC780D
  +--> ?PR?_READ_TIME?PCF85063BTL
  +--> ?PR?_ADC_GETRESULT?ADC
  +--> ?PR?_BCDTODEC1?BIPOLARMOTOR
  +--> ?PR?_CALIBRATION?CALIBRATION
  +--> ?PR?_WAIT_MS_SPINOR?AT25SF041
  +--> ?PR?SPI_NOR_WRITE_DATA?AT25SF041
  +--> ?PR?LINEAR_INTERPOLATE?BIPOLARMOTOR
BL51 BANKED LINKER/LOCATER V6.22                                                      02/27/2019  12:23:18  PAGE 5


  +--> ?PR?_UPDATE_POSITION?BIPOLARMOTOR
  +--> ?PR?LCD_CLEAR?LCD_DRIVER_SPLC780D
  +--> ?PR?AT25SF041_WRITEENABLE?AT25SF041
  +--> ?PR?AT25SF041_CHIPERASE?AT25SF041

?PR?LCD_INIT?LCD_DRIVER_SPLC780D                 -----    -----      -----    -----
  +--> ?PR?_WAIT_MS?LCD_DRIVER_SPLC780D
  +--> ?PR?_COMMAND?LCD_DRIVER_SPLC780D

?PR?_COMMAND?LCD_DRIVER_SPLC780D                 -----    -----      -----    -----
  +--> ?PR?_WAIT_MS?LCD_DRIVER_SPLC780D

?PR?ADC_INIT?ADC                                 -----    -----      -----    -----
  +--> ?PR?_WAIT_MS?LCD_DRIVER_SPLC780D

?PR?_SPI_WRITETIME?PCF85063BTL                   -----    -----      -----    -----
  +--> ?PR?_SPI_SENDBYTE?PCF85063BTL

?PR?_SPI_SENDBYTE?PCF85063BTL                    -----    -----      -----    -----
  +--> ?PR?_PCF85063BTL_DELAY?PCF85063BTL

?PR?_DISPLAY_LINE?LCD_DRIVER_SPLC780D            -----    -----      -----    -----
  +--> ?PR?_COMMAND?LCD_DRIVER_SPLC780D

?PR?_WRITEDATA?LCD_DRIVER_SPLC780D               -----    -----      046CH    0001H
  +--> ?PR?_WAIT_MS?LCD_DRIVER_SPLC780D

?PR?KEY_PROCESS?KEYPAD                           -----    -----      03BBH    0006H
  +--> ?PR?KEY_SCAN?KEYPAD
  +--> ?PR?_SPI_WRITETIME?PCF85063BTL
  +--> ?PR?LCD_CLEAR?LCD_DRIVER_SPLC780D
  +--> ?PR?_COMMAND?LCD_DRIVER_SPLC780D
  +--> ?PR?_WRITEDATA?LCD_DRIVER_SPLC780D

?PR?KEY_SCAN?KEYPAD                              -----    -----      03C1H    0003H

?PR?LCD_CLEAR?LCD_DRIVER_SPLC780D                -----    -----      -----    -----
  +--> ?PR?_COMMAND?LCD_DRIVER_SPLC780D

?PR?_DISPLAY_POS?MAIN                            -----    -----      0462H    000AH
  +--> ?PR?_ABS?ABS
  +--> ?PR?_WRITEDATA?LCD_DRIVER_SPLC780D

?PR?_DISPLAYLCD?LCD_DRIVER_SPLC780D              -----    -----      03BBH    0001H
  +--> ?PR?_WRITEDATA?LCD_DRIVER_SPLC780D

?PR?_STEP_MOVE?BIPOLARMOTOR                      0020H.6  0000H.1    047BH    0004H
  +--> ?PR?VONESTEPMOVE?BIPOLARMOTOR

?PR?VONESTEPMOVE?BIPOLARMOTOR                    0020H.7  0000H.1    -----    -----
  +--> ?PR?_WRITE_PI4IOE5V96248?IOEXPANDER_P...
  +--> ?PR?_DELAY_MS?KEYPAD

?PR?_WRITE_PI4IOE5V96248?IOEXPANDER_P...         -----    -----      047FH    0003H
  +--> ?PR?I2C_START?IOEXPANDER_PI4IOE5V96248
  +--> ?PR?_WAIT_MS_I2C?IOEXPANDER_PI4IOE5V9...
  +--> ?PR?_I2C_SENDBYTE?IOEXPANDER_PI4IOE5V...
BL51 BANKED LINKER/LOCATER V6.22                                                      02/27/2019  12:23:18  PAGE 6


  +--> ?PR?I2C_ACK?IOEXPANDER_PI4IOE5V96248
  +--> ?PR?I2C_STOP?IOEXPANDER_PI4IOE5V96248

?PR?I2C_START?IOEXPANDER_PI4IOE5V96248           -----    -----      -----    -----
  +--> ?PR?_WAIT_MS_I2C?IOEXPANDER_PI4IOE5V9...

?PR?_I2C_SENDBYTE?IOEXPANDER_PI4IOE5V...         -----    -----      -----    -----
  +--> ?PR?_WAIT_MS_I2C?IOEXPANDER_PI4IOE5V9...

?PR?I2C_ACK?IOEXPANDER_PI4IOE5V96248             -----    -----      0482H    0001H
  +--> ?PR?_WAIT_MS_I2C?IOEXPANDER_PI4IOE5V9...

?PR?I2C_STOP?IOEXPANDER_PI4IOE5V96248            -----    -----      -----    -----
  +--> ?PR?_WAIT_MS_I2C?IOEXPANDER_PI4IOE5V9...

?PR?LCD_RETURN_HOME?LCD_DRIVER_SPLC780D          -----    -----      -----    -----
  +--> ?PR?_COMMAND?LCD_DRIVER_SPLC780D

?PR?_READ_TIME?PCF85063BTL                       -----    -----      03BBH    000FH
  +--> ?PR?_SPI_READTIME?PCF85063BTL

?PR?_SPI_READTIME?PCF85063BTL                    -----    -----      -----    -----
  +--> ?PR?_SPI_SENDBYTE?PCF85063BTL
  +--> ?PR?SPI_RECEIVEBYTE?PCF85063BTL

?PR?SPI_RECEIVEBYTE?PCF85063BTL                  -----    -----      -----    -----
  +--> ?PR?_PCF85063BTL_DELAY?PCF85063BTL

?PR?_CALIBRATION?CALIBRATION                     -----    -----      03BBH    001DH
  +--> ?PR?VOLTAGE_IS_STABLE?CALIBRATION
  +--> ?PR?_UPDATE_POSITION?BIPOLARMOTOR
  +--> ?PR?_FIND_REAL_MAX?CALIBRATION

?PR?VOLTAGE_IS_STABLE?CALIBRATION                -----    -----      03D8H    0018H
  +--> ?PR?_ADC_GETRESULT?ADC
  +--> ?PR?_ABS?ABS

?PR?_UPDATE_POSITION?BIPOLARMOTOR                -----    -----      03D8H    009FH
  +--> ?PR?_BCDTODEC1?BIPOLARMOTOR
  +--> ?PR?SUNPOS?SUNPOS
  +--> ?PR?SIN?SIN
  +--> ?PR?ASIN?ASIN
  +--> ?PR?LINEAR_INTERPOLATE?BIPOLARMOTOR
  +--> ?PR?_ABS?ABS
  +--> ?PR?_MOVE?BIPOLARMOTOR

?PR?SUNPOS?SUNPOS                                -----    -----      0477H    005DH
  +--> ?PR?SIN?SIN
  +--> ?PR?_ATAN2?ATAN2
  +--> ?PR?ASIN?ASIN
  +--> ?PR?ACOS?ACOS

?PR?SIN?SIN                                      0020H.5  0000H.1    04D4H    0004H

?PR?_ATAN2?ATAN2                                 -----    -----      04D4H    0008H
  +--> ?PR?ATAN?ATAN

BL51 BANKED LINKER/LOCATER V6.22                                                      02/27/2019  12:23:18  PAGE 7


?PR?ATAN?ATAN                                    0020H.5  0000H.2    04DCH    0004H

?PR?ASIN?ASIN                                    -----    -----      -----    -----
  +--> ?PR?SQRT?SQRT
  +--> ?PR?ATAN?ATAN

?PR?SQRT?SQRT                                    -----    -----      04D4H    0004H

?PR?ACOS?ACOS                                    -----    -----      -----    -----
  +--> ?PR?SQRT?SQRT
  +--> ?PR?ATAN?ATAN

?PR?LINEAR_INTERPOLATE?BIPOLARMOTOR              -----    -----      0477H    0014H

?PR?_MOVE?BIPOLARMOTOR                           0020H.5  0000H.1    0477H    0004H
  +--> ?PR?_STEP_MOVE?BIPOLARMOTOR

?PR?_FIND_REAL_MAX?CALIBRATION                   -----    -----      03D8H    008AH
  +--> ?PR?_ADC_GETRESULT?ADC
  +--> ?PR?_MOVE?BIPOLARMOTOR
  +--> ?PR?_COMMAND?LCD_DRIVER_SPLC780D
  +--> ?PR?_WRITEDATA?LCD_DRIVER_SPLC780D
  +--> ?PR?_DISPLAY_POS?MAIN
  +--> ?PR?_WAIT_MS?LCD_DRIVER_SPLC780D
  +--> ?PR?_MAX_VALUE?CALIBRATION

?PR?_MAX_VALUE?CALIBRATION                       -----    -----      0462H    0004H

?PR?SPI_NOR_WRITE_DATA?AT25SF041                 -----    -----      03BBH    000EH
  +--> ?PR?AT25SF041_WRITEENABLE?AT25SF041
  +--> ?PR?_AT25SF041_WRITE?AT25SF041
  +--> ?PR?_WAIT_MS_SPINOR?AT25SF041

?PR?AT25SF041_WRITEENABLE?AT25SF041              -----    -----      03C9H    0002H
  +--> ?PR?_WAIT_MS_SPINOR?AT25SF041
  +--> ?PR?UCREAD_STATUS_REGISTER_BYTE1?AT25...

?PR?UCREAD_STATUS_REGISTER_BYTE1?AT25...         -----    -----      03D1H    0003H
  +--> ?PR?_WAIT_MS_SPINOR?AT25SF041

?PR?_AT25SF041_WRITE?AT25SF041                   -----    -----      03C9H    0008H
  +--> ?PR?_WAIT_MS_SPINOR?AT25SF041
  +--> ?PR?UCREAD_STATUS_REGISTER_BYTE1?AT25...

?PR?AT25SF041_CHIPERASE?AT25SF041                -----    -----      03BBH    0002H
  +--> ?PR?_WAIT_MS_SPINOR?AT25SF041
  +--> ?PR?UCREAD_STATUS_REGISTER_BYTE1?AT25...



UNRESOLVED EXTERNAL SYMBOLS:
   AUTO_MODE
   SPI_NOR_CLEARENABLE
   _SENDUART1



BL51 BANKED LINKER/LOCATER V6.22                                                      02/27/2019  12:23:18  PAGE 8


SYMBOL TABLE OF MODULE:  .\Obj\GPIO_RTC_Test (MAIN)

  VALUE           TYPE          NAME
  ----------------------------------

  -------         MODULE        MAIN
  C:0000H         SYMBOL        _ICE_DUMMY_
  X:04E8H         PUBLIC        calib_value
  D:0080H         PUBLIC        P0
  D:00B2H         PUBLIC        P3M0
  D:0090H         PUBLIC        P1
  D:00B1H         PUBLIC        P3M1
  D:00A0H         PUBLIC        P2
  D:00B0H         PUBLIC        P3
  D:00C0H         PUBLIC        P4
  D:00C8H         PUBLIC        P5
  X:053CH         SYMBOL        PressedKey
  B:00A8H.7       PUBLIC        EA
  D:00E8H         PUBLIC        P6
  X:0540H         PUBLIC        calib_stamp
  D:00F8H         PUBLIC        P7
  X:0541H         PUBLIC        RX_Data_Uart_Cnt
  D:00A8H         PUBLIC        IE
  X:0543H         PUBLIC        calib_time
  D:00B8H         PUBLIC        IP
  X:0597H         PUBLIC        months
  D:00D8H         PUBLIC        CCON
  C:000EH         PUBLIC        main
  X:0598H         PUBLIC        count
  X:059AH         PUBLIC        days
  X:059BH         PUBLIC        hours
  D:0098H         PUBLIC        SCON
  D:0089H         PUBLIC        TMOD
  D:0088H         PUBLIC        TCON
  B:00A0H.3       PUBLIC        P23
  X:059CH         SYMBOL        KeyCount
  X:059EH         PUBLIC        mins
  X:059FH         PUBLIC        Rec_data_hour
  B:00C8H.5       PUBLIC        P55
  X:05A2H         PUBLIC        Rec_data_min
  D:008EH         PUBLIC        AUXR
  C:0009H         PUBLIC        tm0_isr
  B:0021H.0       PUBLIC        busy
  B:00A8H.1       PUBLIC        ET0
  X:05A5H         PUBLIC        SPI_NOR_INTERNAL_FLASH_ADDR
  D:008CH         PUBLIC        TH0
  X:05A9H         PUBLIC        hour_count
  D:008AH         PUBLIC        TL0
  X:05AAH         PUBLIC        min_count
  B:0088H.4       PUBLIC        TR0
  X:05ABH         SYMBOL        KeyNum
  X:05ACH         SYMBOL        KeyNum_Old
  X:05ADH         PUBLIC        current_position
  X:05B1H         PUBLIC        hours1
  X:05B2H         PUBLIC        hours2
  C:4626H         PUBLIC        _Display_Prox
  X:05B3H         PUBLIC        mins1
BL51 BANKED LINKER/LOCATER V6.22                                                      02/27/2019  12:23:18  PAGE 9


  X:05B4H         PUBLIC        mins2
  C:3BF4H         PUBLIC        _Display_Pos
  X:05B5H         PUBLIC        seconds
  X:05B6H         PUBLIC        st_time
  D:00D0H         PUBLIC        PSW
  -------         PROC          TM0_ISR
  C:0009H         LINE#         85
  C:0009H         LINE#         87
  -------         ENDPROC       TM0_ISR
  -------         PROC          MAIN
  -------         DO            
  X:038FH         SYMBOL        sunlight_ADC
  X:04E0H         SYMBOL        KeyCount
  X:04E2H         SYMBOL        KeyNum_Old
  X:04E3H         SYMBOL        KeyNum
  X:04E4H         SYMBOL        PressedKey
  X:0391H         SYMBOL        prox_flag
  X:0392H         SYMBOL        iUse_prevday_calib_value
  X:0394H         SYMBOL        max_ADC_Val_JP
  X:0396H         SYMBOL        max_ADC_Val
  X:0398H         SYMBOL        calib_point1
  X:03A0H         SYMBOL        calib_point2
  X:03A8H         SYMBOL        dat_to_store
  X:03B3H         SYMBOL        calib_day
  X:03B5H         SYMBOL        calib_count
  X:03B7H         SYMBOL        theorical_JP_max_pos
  -------         ENDDO         
  C:000EH         LINE#         89
  C:000EH         LINE#         90
  C:000EH         LINE#         95
  C:0014H         LINE#         96
  C:0019H         LINE#         98
  C:0021H         LINE#         102
  C:0027H         LINE#         103
  C:0031H         LINE#         107
  C:0033H         LINE#         108
  C:0035H         LINE#         109
  C:0037H         LINE#         110
  C:0039H         LINE#         112
  C:0040H         LINE#         113
  C:0044H         LINE#         122
  C:0046H         LINE#         123
  C:0049H         LINE#         124
  C:004CH         LINE#         125
  C:004FH         LINE#         126
  C:0052H         LINE#         127
  C:0055H         LINE#         130
  C:0058H         LINE#         132
  C:005BH         LINE#         133
  C:005EH         LINE#         134
  C:0061H         LINE#         135
  C:0063H         LINE#         136
  C:0065H         LINE#         137
  C:0067H         LINE#         139
  C:0069H         LINE#         140
  C:0070H         LINE#         141
  C:0077H         LINE#         142
BL51 BANKED LINKER/LOCATER V6.22                                                      02/27/2019  12:23:18  PAGE 10


  C:007EH         LINE#         143
  C:0085H         LINE#         147
  C:008CH         LINE#         148
  C:0091H         LINE#         149
  C:0096H         LINE#         150
  C:009BH         LINE#         151
  C:00A0H         LINE#         152
  C:00A5H         LINE#         155
  C:00BEH         LINE#         156
  C:00BEH         LINE#         157
  C:00DAH         LINE#         158
  C:0121H         LINE#         159
  C:0132H         LINE#         162
  C:0132H         LINE#         163
  C:0132H         LINE#         164
  C:0135H         LINE#         167
  C:0135H         LINE#         170
  C:013AH         LINE#         171
  C:013FH         LINE#         173
  C:0144H         LINE#         174
  C:0149H         LINE#         175
  C:014EH         LINE#         176
  C:0153H         LINE#         178
  C:0164H         LINE#         179
  C:0169H         LINE#         180
  C:016EH         LINE#         182
  C:0175H         LINE#         183
  C:017DH         LINE#         184
  C:0182H         LINE#         185
  C:018AH         LINE#         186
  C:018FH         LINE#         187
  C:0199H         LINE#         188
  C:019EH         LINE#         189
  C:01A6H         LINE#         191
  C:01AEH         LINE#         192
  C:01B3H         LINE#         193
  C:01BDH         LINE#         194
  C:01BDH         LINE#         195
  C:01BFH         LINE#         196
  C:01C1H         LINE#         197
  C:01CBH         LINE#         198
  C:01CBH         LINE#         199
  C:01D0H         LINE#         200
  C:01D0H         LINE#         212
  C:01DDH         LINE#         213
  C:01DDH         LINE#         214
  C:01E7H         LINE#         215
  C:01FEH         LINE#         216
  C:01FEH         LINE#         217
  C:0200H         LINE#         218
  C:0202H         LINE#         220
  C:0202H         LINE#         221
  C:020DH         LINE#         222
  C:020DH         LINE#         223
  C:0212H         LINE#         224
  C:0212H         LINE#         225
  C:021FH         LINE#         226
BL51 BANKED LINKER/LOCATER V6.22                                                      02/27/2019  12:23:18  PAGE 11


  C:021FH         LINE#         229
  C:0229H         LINE#         230
  C:0240H         LINE#         231
  C:0240H         LINE#         232
  C:0242H         LINE#         233
  C:0244H         LINE#         235
  C:0244H         LINE#         236
  C:024FH         LINE#         237
  C:024FH         LINE#         238
  C:0254H         LINE#         239
  C:0256H         LINE#         240
  C:0256H         LINE#         242
  C:0278H         LINE#         243
  C:0278H         LINE#         244
  C:0282H         LINE#         245
  C:0288H         LINE#         246
  C:028AH         LINE#         247
  C:028CH         LINE#         248
  C:028EH         LINE#         249
  C:028EH         LINE#         250
  C:0291H         LINE#         252
  C:0291H         LINE#         253
  C:0297H         LINE#         254
  C:029FH         LINE#         255
  C:02A5H         LINE#         256
  C:02ADH         LINE#         257
  C:02E8H         LINE#         261
  C:02F5H         LINE#         262
  C:02F5H         LINE#         264
  C:0302H         LINE#         265
  C:0335H         LINE#         266
  C:0342H         LINE#         267
  C:0342H         LINE#         269
  C:0371H         LINE#         270
  C:0371H         LINE#         271
  C:0393H         LINE#         272
  C:0393H         LINE#         273
  C:040FH         LINE#         274
  C:048DH         LINE#         277
  C:0495H         LINE#         278
  C:049DH         LINE#         279
  C:04A5H         LINE#         280
  C:04ADH         LINE#         281
  C:04C1H         LINE#         282
  C:04D7H         LINE#         283
  C:0507H         LINE#         284
  C:051BH         LINE#         285
  C:052BH         LINE#         286
  C:052BH         LINE#         287
  C:052BH         LINE#         288
  C:052BH         LINE#         290
  C:052BH         LINE#         293
  C:052EH         LINE#         294
  C:053FH         LINE#         295
  C:053FH         LINE#         296
  C:053FH         LINE#         298
  C:053FH         LINE#         301
BL51 BANKED LINKER/LOCATER V6.22                                                      02/27/2019  12:23:18  PAGE 12


  C:0542H         LINE#         303
  C:0542H         LINE#         304
  C:0564H         LINE#         305
  C:0564H         LINE#         306
  C:05E0H         LINE#         307
  C:0635H         LINE#         308
  C:0635H         LINE#         309
  C:0635H         LINE#         310
  C:0638H         LINE#         314
  C:0638H         LINE#         317
  C:066CH         LINE#         318
  C:066CH         LINE#         319
  C:068EH         LINE#         320
  C:068EH         LINE#         321
  C:070AH         LINE#         322
  C:0788H         LINE#         324
  C:0790H         LINE#         325
  C:0798H         LINE#         326
  C:07A0H         LINE#         327
  C:07A8H         LINE#         328
  C:07BCH         LINE#         329
  C:07D2H         LINE#         330
  C:0802H         LINE#         331
  C:0816H         LINE#         332
  C:082AH         LINE#         333
  C:0840H         LINE#         334
  C:0870H         LINE#         335
  C:0877H         LINE#         337
  C:089BH         LINE#         339
  C:089EH         LINE#         340
  C:08AFH         LINE#         341
  C:08AFH         LINE#         342
  C:08B7H         LINE#         344
  C:08B7H         LINE#         347
  C:08BAH         LINE#         349
  C:08BAH         LINE#         351
  C:08DCH         LINE#         352
  C:08DCH         LINE#         353
  C:0958H         LINE#         355
  C:0985H         LINE#         356
  C:09A0H         LINE#         357
  C:09CDH         LINE#         358
  C:09E8H         LINE#         360
  C:0A84H         LINE#         363
  C:0A84H         LINE#         364
  C:0A84H         LINE#         365
  C:0A84H         LINE#         367
  C:0A84H         LINE#         370
  C:0AA0H         LINE#         371
  C:0AA4H         LINE#         373
  C:0AA6H         LINE#         376
  C:0AB1H         LINE#         377
  C:0AB1H         LINE#         378
  C:0AB4H         LINE#         379
  C:0ABBH         LINE#         380
  C:0AC0H         LINE#         381
  C:0AC5H         LINE#         382
BL51 BANKED LINKER/LOCATER V6.22                                                      02/27/2019  12:23:18  PAGE 13


  C:0ACAH         LINE#         383
  C:0ACFH         LINE#         384
  C:0AD4H         LINE#         385
  C:0AD9H         LINE#         386
  C:0ADEH         LINE#         387
  C:0AE3H         LINE#         388
  C:0AE8H         LINE#         389
  C:0AEDH         LINE#         390
  C:0AF2H         LINE#         391
  C:0AF7H         LINE#         394
  C:0AFAH         LINE#         396
  C:0AFDH         LINE#         397
  C:0B04H         LINE#         398
  C:0B0EH         LINE#         399
  C:0B13H         LINE#         401
  C:0B16H         LINE#         402
  C:0B1BH         LINE#         403
  C:0B20H         LINE#         404
  C:0B25H         LINE#         405
  C:0B2AH         LINE#         406
  C:0B2FH         LINE#         407
  C:0B34H         LINE#         408
  C:0B39H         LINE#         410
  C:0B39H         LINE#         411
  -------         ENDPROC       MAIN
  -------         PROC          _DISPLAY_PROX
  D:0002H         SYMBOL        dat
  -------         DO            
  X:0632H         SYMBOL        unit
  X:0633H         SYMBOL        ten
  X:0634H         SYMBOL        hundred
  X:0635H         SYMBOL        thousand
  -------         ENDDO         
  C:4626H         LINE#         495
  C:462AH         LINE#         496
  C:462AH         LINE#         498
  C:4636H         LINE#         499
  C:4646H         LINE#         500
  C:4662H         LINE#         501
  C:4692H         LINE#         502
  C:469CH         LINE#         503
  C:46A6H         LINE#         504
  C:46B0H         LINE#         505
  C:46BAH         LINE#         507
  -------         ENDPROC       _DISPLAY_PROX
  -------         PROC          _DISPLAY_POS
  X:0462H         SYMBOL        sign_dat
  -------         DO            
  X:0466H         SYMBOL        unit
  X:0467H         SYMBOL        ten
  X:0468H         SYMBOL        hundred
  D:0003H         SYMBOL        thousand
  X:0469H         SYMBOL        after_dot
  X:046AH         SYMBOL        dat
  -------         ENDDO         
  C:3BF4H         LINE#         510
  C:3BFAH         LINE#         511
BL51 BANKED LINKER/LOCATER V6.22                                                      02/27/2019  12:23:18  PAGE 14


  C:3BFAH         LINE#         515
  C:3C16H         LINE#         516
  C:3C30H         LINE#         517
  C:3C54H         LINE#         519
  C:3C9EH         LINE#         521
  C:3CB5H         LINE#         522
  C:3CC2H         LINE#         523
  C:3CE4H         LINE#         524
  C:3D19H         LINE#         525
  C:3D31H         LINE#         526
  C:3D31H         LINE#         528
  C:3D31H         LINE#         529
  C:3D31H         LINE#         530
  C:3D31H         LINE#         531
  C:3D31H         LINE#         532
  C:3D31H         LINE#         536
  C:3D33H         LINE#         538
  C:3D33H         LINE#         540
  C:3D38H         LINE#         541
  C:3D42H         LINE#         542
  C:3D4CH         LINE#         543
  C:3D56H         LINE#         544
  C:3D5BH         LINE#         545
  C:3D65H         LINE#         549
  C:3D65H         LINE#         551
  -------         ENDPROC       _DISPLAY_POS
  -------         ENDMOD        MAIN

  -------         MODULE        PCF85063BTL
  C:0000H         SYMBOL        _ICE_DUMMY_
  D:0096H         PUBLIC        P2M0
  D:0080H         PUBLIC        P0
  D:0095H         PUBLIC        P2M1
  D:0090H         PUBLIC        P1
  D:00A0H         PUBLIC        P2
  D:00B0H         PUBLIC        P3
  D:00C0H         PUBLIC        P4
  D:00C8H         PUBLIC        P5
  D:00E8H         PUBLIC        P6
  B:00A0H.1       PUBLIC        PCF85063BTL_SDI
  D:00F8H         PUBLIC        P7
  B:00A0H.2       PUBLIC        PCF85063BTL_SCK
  B:00A0H.1       PUBLIC        PCF85063BTL_SDO
  D:00A8H         PUBLIC        IE
  C:48B2H         PUBLIC        _Read_time
  C:4DB9H         PUBLIC        _PCF85063BTL_Delay
  D:00B8H         PUBLIC        IP
  D:00D8H         PUBLIC        CCON
  C:4747H         PUBLIC        _Day_Of_Year
  C:4CAFH         PUBLIC        SPI_ReceiveByte
  D:0098H         PUBLIC        SCON
  D:0088H         PUBLIC        TCON
  C:4DECH         PUBLIC        _BCDtoDec
  B:00A0H.0       PUBLIC        PCF85063BTL_CS
  C:4DDBH         PUBLIC        _SPI_ReadTime
  C:4E3BH         PUBLIC        SPI_Init
  C:4D44H         PUBLIC        _SPI_WriteTime
BL51 BANKED LINKER/LOCATER V6.22                                                      02/27/2019  12:23:18  PAGE 15


  C:4C8FH         PUBLIC        _SPI_SendByte
  D:00D0H         PUBLIC        PSW
  C:4DB5H         SYMBOL        L?0047
  -------         PROC          L?0046
  -------         ENDPROC       L?0046
  C:4DB5H         SYMBOL        L?0047
  -------         PROC          _PCF85063BTL_DELAY
  D:0006H         SYMBOL        us
  C:4DB9H         LINE#         8
  C:4DB9H         LINE#         9
  C:4DB9H         LINE#         10
  C:4DC3H         LINE#         11
  C:4DC3H         LINE#         12
  C:4DC4H         LINE#         13
  C:4DC6H         LINE#         14
  -------         ENDPROC       _PCF85063BTL_DELAY
  -------         PROC          _SPI_SENDBYTE
  D:0005H         SYMBOL        dat
  -------         DO            
  D:0003H         SYMBOL        i
  -------         ENDDO         
  C:4C8FH         LINE#         17
  C:4C91H         LINE#         18
  C:4C91H         LINE#         20
  C:4C93H         LINE#         21
  C:4C93H         LINE#         22
  C:4C95H         LINE#         23
  C:4C99H         LINE#         24
  C:4C99H         LINE#         25
  C:4C9BH         LINE#         26
  C:4C9DH         LINE#         28
  C:4C9DH         LINE#         29
  C:4C9FH         LINE#         30
  C:4C9FH         LINE#         31
  C:4CA2H         LINE#         32
  C:4CA2H         LINE#         33
  C:4CA5H         LINE#         34
  C:4CA9H         LINE#         35
  C:4CAEH         LINE#         36
  -------         ENDPROC       _SPI_SENDBYTE
  -------         PROC          SPI_RECEIVEBYTE
  -------         DO            
  D:0003H         SYMBOL        i
  D:0005H         SYMBOL        dat
  -------         ENDDO         
  C:4CAFH         LINE#         39
  C:4CAFH         LINE#         40
  C:4CAFH         LINE#         42
  C:4CB1H         LINE#         44
  C:4CB3H         LINE#         45
  C:4CB4H         LINE#         46
  C:4CB4H         LINE#         47
  C:4CB8H         LINE#         48
  C:4CBAH         LINE#         49
  C:4CBDH         LINE#         51
  C:4CC0H         LINE#         52
  C:4CC0H         LINE#         53
BL51 BANKED LINKER/LOCATER V6.22                                                      02/27/2019  12:23:18  PAGE 16


  C:4CC4H         LINE#         54
  C:4CC4H         LINE#         55
  C:4CC4H         LINE#         56
  C:4CC7H         LINE#         57
  C:4CCCH         LINE#         58
  C:4CCEH         LINE#         59
  -------         ENDPROC       SPI_RECEIVEBYTE
  -------         PROC          _SPI_READTIME
  D:0007H         SYMBOL        addr
  -------         DO            
  D:0006H         SYMBOL        dat
  -------         ENDDO         
  C:4DDBH         LINE#         61
  C:4DDBH         LINE#         62
  C:4DDBH         LINE#         64
  C:4DDDH         LINE#         65
  C:4DDFH         LINE#         66
  C:4DE6H         LINE#         67
  C:4DE9H         LINE#         68
  C:4DEBH         LINE#         69
  C:4DEBH         LINE#         70
  -------         ENDPROC       _SPI_READTIME
  -------         PROC          _SPI_WRITETIME
  D:0002H         SYMBOL        val
  D:0005H         SYMBOL        addr
  C:4D44H         LINE#         71
  C:4D46H         LINE#         72
  C:4D46H         LINE#         74
  C:4D48H         LINE#         75
  C:4D4FH         LINE#         76
  C:4D54H         LINE#         77
  C:4D59H         LINE#         78
  C:4D5BH         LINE#         79
  -------         ENDPROC       _SPI_WRITETIME
  -------         PROC          SPI_INIT
  C:4E3BH         LINE#         83
  C:4E3BH         LINE#         84
  C:4E3BH         LINE#         89
  C:4E3EH         LINE#         90
  C:4E41H         LINE#         91
  C:4E43H         LINE#         92
  C:4E45H         LINE#         93
  C:4E47H         LINE#         94
  -------         ENDPROC       SPI_INIT
  -------         PROC          _READ_TIME
  X:03BBH         SYMBOL        months
  X:03BEH         SYMBOL        days
  X:03C1H         SYMBOL        hours
  X:03C4H         SYMBOL        mins
  X:03C7H         SYMBOL        seconds
  C:48B2H         LINE#         96
  C:48BDH         LINE#         97
  C:48BDH         LINE#         99
  C:48D1H         LINE#         101
  C:48E5H         LINE#         103
  C:48F9H         LINE#         108
  C:490DH         LINE#         113
BL51 BANKED LINKER/LOCATER V6.22                                                      02/27/2019  12:23:18  PAGE 17


  -------         ENDPROC       _READ_TIME
  -------         PROC          _BCDTODEC
  D:0007H         SYMBOL        bcd
  -------         DO            
  D:0006H         SYMBOL        hi
  D:0007H         SYMBOL        lo
  -------         ENDDO         
  C:4DECH         LINE#         119
  C:4DECH         LINE#         120
  C:4DECH         LINE#         122
  C:4DF1H         LINE#         123
  C:4DF5H         LINE#         124
  C:4DFCH         LINE#         125
  -------         ENDPROC       _BCDTODEC
  -------         PROC          _DAY_OF_YEAR
  D:0007H         SYMBOL        months_bcd
  D:0005H         SYMBOL        days_bcd
  -------         DO            
  D:0004H         SYMBOL        months
  D:0007H         SYMBOL        days
  -------         ENDDO         
  C:4747H         LINE#         126
  C:4747H         LINE#         127
  C:4747H         LINE#         130
  C:474CH         LINE#         132
  C:4751H         LINE#         134
  C:478AH         LINE#         135
  C:478AH         LINE#         136
  C:478AH         LINE#         137
  C:478DH         LINE#         138
  C:478DH         LINE#         139
  C:478DH         LINE#         140
  C:4792H         LINE#         141
  C:4792H         LINE#         142
  C:4792H         LINE#         143
  C:4797H         LINE#         144
  C:4797H         LINE#         145
  C:4797H         LINE#         146
  C:479CH         LINE#         147
  C:479CH         LINE#         148
  C:479CH         LINE#         149
  C:47A1H         LINE#         150
  C:47A1H         LINE#         151
  C:47A1H         LINE#         152
  C:47A6H         LINE#         153
  C:47A6H         LINE#         154
  C:47A6H         LINE#         155
  C:47ABH         LINE#         156
  C:47ABH         LINE#         157
  C:47ABH         LINE#         158
  C:47B0H         LINE#         159
  C:47B0H         LINE#         160
  C:47B0H         LINE#         161
  C:47B8H         LINE#         162
  C:47B8H         LINE#         163
  C:47B8H         LINE#         164
  C:47BDH         LINE#         165
BL51 BANKED LINKER/LOCATER V6.22                                                      02/27/2019  12:23:18  PAGE 18


  C:47BDH         LINE#         166
  C:47BDH         LINE#         167
  C:47C2H         LINE#         168
  C:47C2H         LINE#         169
  C:47C2H         LINE#         170
  C:47CAH         LINE#         171
  C:47CAH         LINE#         172
  C:47CAH         LINE#         173
  -------         ENDPROC       _DAY_OF_YEAR
  -------         ENDMOD        PCF85063BTL

  -------         MODULE        UART1
  C:0000H         SYMBOL        _ICE_DUMMY_
  D:0080H         PUBLIC        P0
  D:0090H         PUBLIC        P1
  D:00A0H         PUBLIC        P2
  D:00B0H         PUBLIC        P3
  D:00C0H         PUBLIC        P4
  D:00C8H         PUBLIC        P5
  B:00A8H.7       PUBLIC        EA
  D:00E8H         PUBLIC        P6
  D:00F8H         PUBLIC        P7
  C:4B67H         PUBLIC        _SendString
  D:00A8H         PUBLIC        IE
  B:00A8H.4       PUBLIC        ES
  D:00B8H         PUBLIC        IP
  C:4D5CH         PUBLIC        _ASCIItoBCD
  D:00D8H         PUBLIC        CCON
  C:4DFDH         PUBLIC        initUART1
  D:0098H         PUBLIC        SCON
  D:0088H         PUBLIC        TCON
  C:000AH         PUBLIC        _DectoBCD
  C:4E7FH         PUBLIC        _ASCII_Letter
  D:008EH         PUBLIC        AUXR
  C:4E7AH         PUBLIC        _unit
  C:0003H         PUBLIC        _ten
  D:00D6H         PUBLIC        T2H
  D:00D7H         PUBLIC        T2L
  D:00D0H         PUBLIC        PSW
  -------         PROC          INITUART1
  C:4DFDH         LINE#         21
  C:4DFDH         LINE#         22
  C:4DFDH         LINE#         23
  C:4E00H         LINE#         24
  C:4E03H         LINE#         25
  C:4E06H         LINE#         26
  C:4E09H         LINE#         27
  C:4E0BH         LINE#         28
  C:4E0DH         LINE#         30
  -------         ENDPROC       INITUART1
  -------         PROC          _SENDSTRING
  X:0636H         SYMBOL        s
  C:4B67H         LINE#         35
  C:4B72H         LINE#         36
  C:4B72H         LINE#         37
  C:4B82H         LINE#         38
  C:4B82H         LINE#         39
BL51 BANKED LINKER/LOCATER V6.22                                                      02/27/2019  12:23:18  PAGE 19


  C:4B97H         LINE#         40
  C:4B99H         LINE#         41
  -------         ENDPROC       _SENDSTRING
  -------         PROC          _TEN
  D:0007H         SYMBOL        BCD
  C:0003H         LINE#         43
  C:0003H         LINE#         44
  C:0003H         LINE#         45
  C:0008H         LINE#         46
  -------         ENDPROC       _TEN
  -------         PROC          _UNIT
  D:0007H         SYMBOL        BCD
  C:4E7AH         LINE#         47
  C:4E7AH         LINE#         48
  C:4E7AH         LINE#         52
  C:4E7EH         LINE#         53
  -------         ENDPROC       _UNIT
  -------         PROC          _DECTOBCD
  D:0007H         SYMBOL        dec
  C:000AH         LINE#         54
  C:000AH         LINE#         55
  C:000AH         LINE#         57
  C:000AH         LINE#         58
  -------         ENDPROC       _DECTOBCD
  -------         PROC          _ASCII_LETTER
  D:0007H         SYMBOL        dat
  C:4E7FH         LINE#         60
  C:4E7FH         LINE#         61
  C:4E7FH         LINE#         63
  C:4E83H         LINE#         64
  -------         ENDPROC       _ASCII_LETTER
  -------         PROC          _ASCIITOBCD
  D:0001H         SYMBOL        ascii
  -------         DO            
  D:0007H         SYMBOL        dec_val
  D:0006H         SYMBOL        ten
  D:0007H         SYMBOL        unit
  -------         ENDDO         
  C:4D5CH         LINE#         66
  C:4D5CH         LINE#         67
  C:4D5CH         LINE#         69
  C:4D5FH         LINE#         70
  C:4D65H         LINE#         71
  C:4D6CH         LINE#         72
  C:4D72H         LINE#         74
  -------         ENDPROC       _ASCIITOBCD
  -------         ENDMOD        UART1

  -------         MODULE        LCD_DRIVER_SPLC780D
  C:0000H         SYMBOL        _ICE_DUMMY_
  D:0092H         PUBLIC        P1M0
  D:0091H         PUBLIC        P1M1
  D:0080H         PUBLIC        P0
  D:0090H         PUBLIC        P1
  D:00A0H         PUBLIC        P2
  D:00B0H         PUBLIC        P3
  D:00C0H         PUBLIC        P4
BL51 BANKED LINKER/LOCATER V6.22                                                      02/27/2019  12:23:18  PAGE 20


  D:00C8H         PUBLIC        P5
  D:00E8H         PUBLIC        P6
  D:00F8H         PUBLIC        P7
  C:47CBH         PUBLIC        _WriteData
  D:00A8H         PUBLIC        IE
  D:00B8H         PUBLIC        IP
  D:00D8H         PUBLIC        CCON
  B:00B0H.4       PUBLIC        LCD_D4
  B:00B0H.5       PUBLIC        LCD_D5
  B:00B0H.6       PUBLIC        LCD_D6
  C:4D0CH         PUBLIC        _DisplayLCD
  B:00B0H.7       PUBLIC        LCD_D7
  D:0098H         PUBLIC        SCON
  D:0088H         PUBLIC        TCON
  C:4E6AH         PUBLIC        LCD_clear
  C:4AACH         PUBLIC        _Command
  C:4D89H         PUBLIC        _Display_Line
  C:497BH         PUBLIC        LCD_Init
  C:4C71H         PUBLIC        _Wait_ms
  B:00C0H.0       PUBLIC        LCD_RS
  B:00B0H.2       PUBLIC        LCD_RW
  C:4E60H         PUBLIC        LCD_return_home
  B:00B0H.3       PUBLIC        LCD_E
  D:00D0H         PUBLIC        PSW
  -------         PROC          LCD_INIT
  C:497BH         LINE#         9
  C:497BH         LINE#         10
  C:497BH         LINE#         11
  C:497EH         LINE#         12
  C:4981H         LINE#         14
  C:4987H         LINE#         15
  C:498CH         LINE#         17
  C:4993H         LINE#         18
  C:4998H         LINE#         20
  C:499BH         LINE#         21
  C:49A0H         LINE#         23
  C:49A3H         LINE#         24
  C:49A8H         LINE#         26
  C:49AFH         LINE#         29
  C:49B4H         LINE#         30
  C:49B9H         LINE#         32
  C:49BEH         LINE#         33
  C:49C3H         LINE#         35
  C:49C8H         LINE#         36
  C:49CDH         LINE#         37
  -------         ENDPROC       LCD_INIT
  -------         PROC          _WRITEDATA
  X:046CH         SYMBOL        dat
  C:47CBH         LINE#         40
  C:47D0H         LINE#         41
  C:47D0H         LINE#         46
  C:47D2H         LINE#         47
  C:47D4H         LINE#         49
  C:47E2H         LINE#         50
  C:47EEH         LINE#         51
  C:47FAH         LINE#         52
  C:4804H         LINE#         53
BL51 BANKED LINKER/LOCATER V6.22                                                      02/27/2019  12:23:18  PAGE 21


  C:4806H         LINE#         54
  C:480DH         LINE#         55
  C:480FH         LINE#         57
  C:481FH         LINE#         58
  C:482AH         LINE#         59
  C:4834H         LINE#         60
  C:4838H         LINE#         62
  C:4838H         LINE#         63
  C:483BH         LINE#         64
  C:483DH         LINE#         65
  C:483FH         LINE#         67
  -------         ENDPROC       _WRITEDATA
  -------         PROC          _COMMAND
  D:0007H         SYMBOL        dat
  C:4AACH         LINE#         69
  C:4AACH         LINE#         70
  C:4AACH         LINE#         71
  C:4AAEH         LINE#         72
  C:4AB0H         LINE#         74
  C:4ABAH         LINE#         75
  C:4ABEH         LINE#         77
  C:4AC0H         LINE#         78
  C:4AC9H         LINE#         79
  C:4ACDH         LINE#         81
  C:4ACFH         LINE#         82
  C:4AD6H         LINE#         83
  C:4ADAH         LINE#         85
  C:4ADCH         LINE#         86
  C:4AE0H         LINE#         87
  C:4AE4H         LINE#         89
  C:4AE6H         LINE#         90
  C:4AE6H         LINE#         91
  C:4AE9H         LINE#         92
  C:4AEBH         LINE#         93
  -------         ENDPROC       _COMMAND
  C:4C6DH         SYMBOL        L?0028
  -------         PROC          L?0027
  -------         ENDPROC       L?0027
  C:4C6DH         SYMBOL        L?0028
  -------         PROC          _WAIT_MS
  D:0006H         SYMBOL        ms
  -------         DO            
  D:0004H         SYMBOL        De_Cnt
  -------         ENDDO         
  C:4C71H         LINE#         95
  C:4C71H         LINE#         96
  C:4C71H         LINE#         98
  C:4C7BH         LINE#         99
  C:4C7BH         LINE#         100
  C:4C8EH         LINE#         101
  C:4C8EH         LINE#         102
  -------         ENDPROC       _WAIT_MS
  -------         PROC          _DISPLAYLCD
  D:0007H         SYMBOL        BCD
  -------         DO            
  D:0006H         SYMBOL        first_digit
  X:03BBH         SYMBOL        second_digit
BL51 BANKED LINKER/LOCATER V6.22                                                      02/27/2019  12:23:18  PAGE 22


  -------         ENDDO         
  C:4D0CH         LINE#         103
  C:4D0CH         LINE#         104
  C:4D0CH         LINE#         106
  C:4D13H         LINE#         107
  C:4D1CH         LINE#         109
  C:4D21H         LINE#         111
  -------         ENDPROC       _DISPLAYLCD
  -------         PROC          LCD_RETURN_HOME
  C:4E60H         LINE#         115
  C:4E60H         LINE#         116
  C:4E60H         LINE#         117
  C:4E65H         LINE#         118
  -------         ENDPROC       LCD_RETURN_HOME
  -------         PROC          LCD_CLEAR
  C:4E6AH         LINE#         121
  C:4E6AH         LINE#         122
  C:4E6AH         LINE#         123
  C:4E6FH         LINE#         124
  -------         ENDPROC       LCD_CLEAR
  -------         PROC          _DISPLAY_LINE
  D:0006H         SYMBOL        line
  C:4D89H         LINE#         128
  C:4D89H         LINE#         129
  C:4D89H         LINE#         130
  C:4D8FH         LINE#         131
  C:4D8FH         LINE#         132
  C:4D91H         LINE#         133
  C:4D91H         LINE#         134
  C:4D93H         LINE#         136
  C:4D93H         LINE#         137
  C:4D98H         LINE#         138
  C:4D9DH         LINE#         139
  C:4D9DH         LINE#         140
  -------         ENDPROC       _DISPLAY_LINE
  -------         ENDMOD        LCD_DRIVER_SPLC780D

  -------         MODULE        KEYPAD
  C:0000H         SYMBOL        _ICE_DUMMY_
  D:0093H         PUBLIC        P0M1
  D:0080H         PUBLIC        P0
  D:0090H         PUBLIC        P1
  D:00A0H         PUBLIC        P2
  D:00B0H         PUBLIC        P3
  D:00C0H         PUBLIC        P4
  D:00C8H         PUBLIC        P5
  B:0020H.0       PUBLIC        calib_mode
  D:00E8H         PUBLIC        P6
  D:00F8H         PUBLIC        P7
  D:00A8H         PUBLIC        IE
  C:35DFH         PUBLIC        Key_Scan
  D:00B8H         PUBLIC        IP
  D:00D8H         PUBLIC        CCON
  C:4E48H         PUBLIC        KeyPad_IO_Init
  C:4CEEH         PUBLIC        _Delay_ms
  D:0098H         PUBLIC        SCON
  D:0088H         PUBLIC        TCON
BL51 BANKED LINKER/LOCATER V6.22                                                      02/27/2019  12:23:18  PAGE 23


  B:0020H.1       PUBLIC        small_move
  B:0020H.2       PUBLIC        move
  B:0020H.3       PUBLIC        direction
  B:0020H.4       PUBLIC        auto_move
  C:2E89H         PUBLIC        Key_Process
  D:00D0H         PUBLIC        PSW
  D:0094H         PUBLIC        P0M0
  -------         PROC          _DELAY_MS
  D:0006H         SYMBOL        ms
  -------         DO            
  D:0004H         SYMBOL        De_Cnt
  -------         ENDDO         
  C:4CEEH         LINE#         19
  C:4CEEH         LINE#         20
  C:4CEEH         LINE#         22
  C:4CF8H         LINE#         23
  C:4CF8H         LINE#         24
  C:4D0BH         LINE#         25
  C:4D0BH         LINE#         26
  -------         ENDPROC       _DELAY_MS
  -------         PROC          KEY_SCAN
  -------         DO            
  X:03C1H         SYMBOL        KeyTemp1
  X:03C2H         SYMBOL        KeyTemp2
  X:03C3H         SYMBOL        KeyValue
  -------         ENDDO         
  C:35DFH         LINE#         27
  C:35DFH         LINE#         28
  C:35DFH         LINE#         33
  C:35E2H         LINE#         36
  C:35E5H         LINE#         38
  C:35EDH         LINE#         39
  C:35F4H         LINE#         40
  C:35F4H         LINE#         42
  C:35F9H         LINE#         43
  C:3600H         LINE#         44
  C:3600H         LINE#         47
  C:3603H         LINE#         48
  C:3606H         LINE#         49
  C:360BH         LINE#         50
  C:360FH         LINE#         51
  C:360FH         LINE#         52
  C:3617H         LINE#         53
  C:3617H         LINE#         54
  C:361AH         LINE#         55
  C:3622H         LINE#         56
  C:3624H         LINE#         58
  C:3638H         LINE#         59
  C:3638H         LINE#         60
  C:3638H         LINE#         61
  C:3638H         LINE#         62
  C:363EH         LINE#         64
  C:3640H         LINE#         65
  C:3640H         LINE#         66
  C:3640H         LINE#         67
  C:3646H         LINE#         69
  C:3648H         LINE#         70
BL51 BANKED LINKER/LOCATER V6.22                                                      02/27/2019  12:23:18  PAGE 24


  C:3648H         LINE#         71
  C:3648H         LINE#         72
  C:364EH         LINE#         74
  C:3650H         LINE#         75
  C:3650H         LINE#         76
  C:3650H         LINE#         77
  C:3656H         LINE#         79
  C:3656H         LINE#         80
  C:3656H         LINE#         81
  C:3656H         LINE#         84
  C:3659H         LINE#         85
  C:365CH         LINE#         86
  C:3664H         LINE#         87
  C:3668H         LINE#         88
  C:3668H         LINE#         89
  C:3670H         LINE#         90
  C:3670H         LINE#         91
  C:3673H         LINE#         92
  C:367BH         LINE#         93
  C:367DH         LINE#         94
  C:3691H         LINE#         95
  C:3691H         LINE#         96
  C:3691H         LINE#         97
  C:3691H         LINE#         98
  C:3697H         LINE#         100
  C:3699H         LINE#         101
  C:3699H         LINE#         102
  C:3699H         LINE#         103
  C:369FH         LINE#         105
  C:36A1H         LINE#         106
  C:36A1H         LINE#         107
  C:36A1H         LINE#         108
  C:36A7H         LINE#         110
  C:36A9H         LINE#         111
  C:36A9H         LINE#         112
  C:36A9H         LINE#         113
  C:36AEH         LINE#         115
  C:36AEH         LINE#         116
  C:36AEH         LINE#         117
  C:36AEH         LINE#         120
  C:36B1H         LINE#         121
  C:36B4H         LINE#         122
  C:36BCH         LINE#         123
  C:36C0H         LINE#         124
  C:36C0H         LINE#         125
  C:36C8H         LINE#         126
  C:36C8H         LINE#         127
  C:36CBH         LINE#         128
  C:36D3H         LINE#         129
  C:36D5H         LINE#         130
  C:36E9H         LINE#         131
  C:36E9H         LINE#         132
  C:36E9H         LINE#         133
  C:36E9H         LINE#         134
  C:36EFH         LINE#         136
  C:36F1H         LINE#         137
  C:36F1H         LINE#         138
BL51 BANKED LINKER/LOCATER V6.22                                                      02/27/2019  12:23:18  PAGE 25


  C:36F1H         LINE#         139
  C:36F7H         LINE#         141
  C:36F9H         LINE#         142
  C:36F9H         LINE#         143
  C:36F9H         LINE#         144
  C:36FFH         LINE#         146
  C:3701H         LINE#         147
  C:3701H         LINE#         148
  C:3701H         LINE#         149
  C:3707H         LINE#         151
  C:3707H         LINE#         152
  C:3707H         LINE#         153
  C:3707H         LINE#         157
  C:370AH         LINE#         158
  C:370DH         LINE#         159
  C:3715H         LINE#         160
  C:3719H         LINE#         161
  C:3719H         LINE#         162
  C:3721H         LINE#         163
  C:3721H         LINE#         164
  C:3724H         LINE#         165
  C:372CH         LINE#         166
  C:372EH         LINE#         167
  C:3742H         LINE#         168
  C:3742H         LINE#         169
  C:3742H         LINE#         170
  C:3742H         LINE#         171
  C:3748H         LINE#         173
  C:374AH         LINE#         174
  C:374AH         LINE#         175
  C:374AH         LINE#         176
  C:3750H         LINE#         178
  C:3752H         LINE#         179
  C:3752H         LINE#         180
  C:3752H         LINE#         181
  C:3758H         LINE#         183
  C:375AH         LINE#         184
  C:375AH         LINE#         185
  C:375AH         LINE#         186
  C:3760H         LINE#         188
  C:3760H         LINE#         189
  C:3760H         LINE#         190
  C:3760H         LINE#         192
  C:3766H         LINE#         193
  C:3766H         LINE#         195
  C:3766H         LINE#         196
  C:3769H         LINE#         197
  C:3769H         LINE#         198
  C:3769H         LINE#         200
  C:3769H         LINE#         201
  C:376BH         LINE#         202
  C:376BH         LINE#         203
  -------         ENDPROC       KEY_SCAN
  -------         PROC          KEY_PROCESS
  -------         DO            
  X:061CH         SYMBOL        KeyCount
  X:061EH         SYMBOL        KeyNum_Old
BL51 BANKED LINKER/LOCATER V6.22                                                      02/27/2019  12:23:18  PAGE 26


  X:061FH         SYMBOL        KeyNum
  X:0620H         SYMBOL        PressedKey
  X:03BBH         SYMBOL        d
  D:0004H         SYMBOL        hours
  D:0006H         SYMBOL        mins
  X:03BDH         SYMBOL        months
  X:03BFH         SYMBOL        days
  -------         ENDDO         
  C:2E89H         LINE#         204
  C:2E89H         LINE#         205
  C:2E89H         LINE#         209
  C:2E91H         LINE#         210
  C:2E99H         LINE#         212
  C:2E9CH         LINE#         213
  C:2E9CH         LINE#         214
  C:2E9FH         LINE#         216
  C:2E9FH         LINE#         217
  C:2EACH         LINE#         218
  C:2EACH         LINE#         219
  C:2EAFH         LINE#         220
  C:2EB2H         LINE#         222
  C:2EB5H         LINE#         224
  C:2EB5H         LINE#         225
  C:2EC0H         LINE#         226
  C:2EC0H         LINE#         227
  C:2EC3H         LINE#         229
  C:2EC3H         LINE#         230
  C:2ECAH         LINE#         231
  C:2ECAH         LINE#         232
  C:2ECDH         LINE#         234
  C:2ECDH         LINE#         235
  C:2ED5H         LINE#         236
  C:2ED5H         LINE#         237
  C:2EDFH         LINE#         238
  C:2EE7H         LINE#         240
  C:2EF0H         LINE#         242
  C:2EF0H         LINE#         251
  C:2F05H         LINE#         252
  C:2F05H         LINE#         253
  C:2F17H         LINE#         254
  C:2F25H         LINE#         255
  C:2F34H         LINE#         256
  C:2F34H         LINE#         258
  C:2F3AH         LINE#         262
  C:2F50H         LINE#         263
  C:2F61H         LINE#         264
  C:2F7CH         LINE#         265
  C:2F7CH         LINE#         266
  C:2F8CH         LINE#         267
  C:2F9DH         LINE#         268
  C:2F9DH         LINE#         272
  C:2FB6H         LINE#         273
  C:2FCDH         LINE#         274
  C:2FEDH         LINE#         275
  C:2FEDH         LINE#         276
  C:2FF7H         LINE#         277
  C:2FF7H         LINE#         278
BL51 BANKED LINKER/LOCATER V6.22                                                      02/27/2019  12:23:18  PAGE 27


  C:3000H         LINE#         279
  C:3000H         LINE#         280
  C:3014H         LINE#         281
  C:3014H         LINE#         282
  C:3014H         LINE#         283
  C:3014H         LINE#         284
  C:3014H         LINE#         285
  C:3016H         LINE#         287
  C:3016H         LINE#         288
  C:3022H         LINE#         289
  C:3022H         LINE#         290
  C:3033H         LINE#         291
  C:3033H         LINE#         292
  C:3033H         LINE#         293
  C:3033H         LINE#         294
  C:3033H         LINE#         296
  C:3035H         LINE#         298
  C:3035H         LINE#         299
  C:3046H         LINE#         300
  C:3046H         LINE#         301
  C:3046H         LINE#         302
  C:3046H         LINE#         303
  C:3046H         LINE#         305
  C:3046H         LINE#         307
  C:3046H         LINE#         308
  C:3048H         LINE#         310
  C:3048H         LINE#         311
  C:305BH         LINE#         312
  C:305BH         LINE#         313
  C:306CH         LINE#         314
  C:306CH         LINE#         315
  C:306CH         LINE#         316
  C:306CH         LINE#         317
  C:306CH         LINE#         318
  C:306EH         LINE#         320
  C:306EH         LINE#         321
  C:307FH         LINE#         322
  C:307FH         LINE#         323
  C:3090H         LINE#         324
  C:30A1H         LINE#         325
  C:30A1H         LINE#         326
  C:30A1H         LINE#         327
  C:30A1H         LINE#         328
  C:30A1H         LINE#         330
  C:30BBH         LINE#         331
  C:30BBH         LINE#         332
  C:30C0H         LINE#         333
  C:30C0H         LINE#         334
  C:30C6H         LINE#         335
  C:30C6H         LINE#         336
  C:30C9H         LINE#         337
  C:30CEH         LINE#         338
  C:30D3H         LINE#         339
  C:30D8H         LINE#         340
  C:30DDH         LINE#         341
  C:30E2H         LINE#         342
  C:30E7H         LINE#         343
BL51 BANKED LINKER/LOCATER V6.22                                                      02/27/2019  12:23:18  PAGE 28


  C:30ECH         LINE#         344
  C:30ECH         LINE#         345
  C:30ECH         LINE#         347
  C:310EH         LINE#         348
  C:310EH         LINE#         349
  C:3118H         LINE#         350
  C:3118H         LINE#         351
  C:311DH         LINE#         352
  C:3126H         LINE#         353
  C:313DH         LINE#         354
  C:313DH         LINE#         355
  C:314DH         LINE#         357
  C:314DH         LINE#         361
  -------         ENDPROC       KEY_PROCESS
  -------         PROC          KEYPAD_IO_INIT
  C:4E48H         LINE#         364
  C:4E48H         LINE#         365
  C:4E48H         LINE#         366
  C:4E4BH         LINE#         367
  C:4E4EH         LINE#         368
  C:4E51H         LINE#         369
  C:4E53H         LINE#         370
  -------         ENDPROC       KEYPAD_IO_INIT
  -------         ENDMOD        KEYPAD

  -------         MODULE        BIPOLARMOTOR
  C:0000H         SYMBOL        _ICE_DUMMY_
  D:0080H         PUBLIC        P0
  D:0090H         PUBLIC        P1
  X:0000H         PUBLIC        RX_pos_test
  D:00A0H         PUBLIC        P2
  D:00B0H         PUBLIC        P3
  D:00C0H         PUBLIC        P4
  D:00C8H         PUBLIC        P5
  D:00E8H         PUBLIC        P6
  D:00F8H         PUBLIC        P7
  X:00A0H         PUBLIC        low_date_azimuth_mapping
  D:00A8H         PUBLIC        IE
  C:4198H         PUBLIC        linear_interpolate
  C:4C1CH         PUBLIC        _Move
  D:00B8H         PUBLIC        IP
  C:3441H         PUBLIC        _findDet3x3
  C:314EH         PUBLIC        _findDet4x4
  D:00D8H         PUBLIC        CCON
  X:00C8H         PUBLIC        previous_move_time
  D:0098H         PUBLIC        SCON
  D:0088H         PUBLIC        TCON
  C:4E84H         PUBLIC        wait
  C:4AECH         PUBLIC        _Step_move
  X:00C9H         PUBLIC        dat
  C:0B3CH         PUBLIC        _Update_position
  C:49D4H         PUBLIC        vOneStepMove
  X:00CFH         PUBLIC        elevation_stamp
  X:010BH         PUBLIC        date_azimuth_mapping
  X:0133H         PUBLIC        RX_pos
  C:4D33H         PUBLIC        _BCDtoDec1
  X:038BH         PUBLIC        degree
BL51 BANKED LINKER/LOCATER V6.22                                                      02/27/2019  12:23:18  PAGE 29


  D:00D0H         PUBLIC        PSW
  -------         PROC          L?0062
  -------         ENDPROC       L?0062
  -------         PROC          _BCDTODEC1
  D:0007H         SYMBOL        bcd
  -------         DO            
  D:0006H         SYMBOL        hi
  D:0007H         SYMBOL        lo
  -------         ENDDO         
  C:4D33H         LINE#         28
  C:4D33H         LINE#         29
  C:4D33H         LINE#         31
  C:4D38H         LINE#         32
  C:4D3CH         LINE#         33
  C:4D43H         LINE#         34
  -------         ENDPROC       _BCDTODEC1
  -------         PROC          WAIT
  C:4E84H         LINE#         36
  C:4E84H         LINE#         38
  -------         ENDPROC       WAIT
  -------         PROC          VONESTEPMOVE
  B:0020H.7       SYMBOL        bDir
  C:49D4H         LINE#         40
  C:49D4H         LINE#         41
  C:49D4H         LINE#         43
  C:49DAH         LINE#         44
  C:49DAH         LINE#         45
  C:49DDH         LINE#         46
  C:49E6H         LINE#         47
  C:49EDH         LINE#         48
  C:49F2H         LINE#         49
  C:49F2H         LINE#         50
  C:49F2H         LINE#         52
  C:49F4H         LINE#         55
  C:49F4H         LINE#         56
  C:49F7H         LINE#         57
  C:4A00H         LINE#         58
  C:4A07H         LINE#         59
  C:4A0DH         LINE#         60
  C:4A16H         LINE#         61
  C:4A1DH         LINE#         62
  C:4A1DH         LINE#         66
  -------         ENDPROC       VONESTEPMOVE
  -------         PROC          _STEP_MOVE
  X:047BH         SYMBOL        step
  B:0020H.6       SYMBOL        dir
  -------         DO            
  X:047DH         SYMBOL        i
  -------         ENDDO         
  C:4AECH         LINE#         68
  C:4AF4H         LINE#         69
  C:4AF4H         LINE#         71
  C:4AF9H         LINE#         74
  C:4B14H         LINE#         75
  C:4B14H         LINE#         76
  C:4B1BH         LINE#         78
  C:4B2BH         LINE#         80
BL51 BANKED LINKER/LOCATER V6.22                                                      02/27/2019  12:23:18  PAGE 30


  -------         ENDPROC       _STEP_MOVE
  -------         PROC          _MOVE
  X:0477H         SYMBOL        distance
  B:0020H.5       SYMBOL        direction
  -------         DO            
  D:0006H         SYMBOL        step
  -------         ENDDO         
  C:4C1CH         LINE#         82
  C:4C22H         LINE#         83
  C:4C22H         LINE#         86
  C:4C3DH         LINE#         87
  -------         ENDPROC       _MOVE
  C:3422H         SYMBOL        L?0058
  C:3436H         SYMBOL        L?0059
  -------         PROC          L?0057
  -------         ENDPROC       L?0057
  C:3422H         SYMBOL        L?0058
  C:3436H         SYMBOL        L?0059
  -------         PROC          _FINDDET3X3
  X:05F8H         SYMBOL        a11
  X:05FCH         SYMBOL        a12
  X:0600H         SYMBOL        a13
  X:0604H         SYMBOL        a21
  X:0608H         SYMBOL        a22
  X:060CH         SYMBOL        a23
  X:0610H         SYMBOL        a31
  X:0614H         SYMBOL        a32
  X:0618H         SYMBOL        a33
  C:3441H         LINE#         91
  C:3447H         LINE#         95
  C:3447H         LINE#         96
  C:35DEH         LINE#         98
  -------         ENDPROC       _FINDDET3X3
  -------         PROC          _FINDDET4X4
  X:05B8H         SYMBOL        a11
  X:05BCH         SYMBOL        a12
  X:05C0H         SYMBOL        a13
  X:05C4H         SYMBOL        a14
  X:05C8H         SYMBOL        a21
  X:05CCH         SYMBOL        a22
  X:05D0H         SYMBOL        a23
  X:05D4H         SYMBOL        a24
  X:05D8H         SYMBOL        a31
  X:05DCH         SYMBOL        a32
  X:05E0H         SYMBOL        a33
  X:05E4H         SYMBOL        a34
  X:05E8H         SYMBOL        a41
  X:05ECH         SYMBOL        a42
  X:05F0H         SYMBOL        a43
  X:05F4H         SYMBOL        a44
  C:314EH         LINE#         99
  C:3154H         LINE#         103
  C:3154H         LINE#         110
  C:340DH         LINE#         114
  -------         ENDPROC       _FINDDET4X4
  C:4187H         SYMBOL        L?0061
  -------         PROC          L?0060
BL51 BANKED LINKER/LOCATER V6.22                                                      02/27/2019  12:23:18  PAGE 31


  -------         ENDPROC       L?0060
  C:4187H         SYMBOL        L?0061
  -------         PROC          LINEAR_INTERPOLATE
  X:0477H         SYMBOL        p1
  X:047FH         SYMBOL        p2
  X:0487H         SYMBOL        x
  -------         DO            
  D:0004H         SYMBOL        fx
  -------         ENDDO         
  C:4198H         LINE#         120
  C:4198H         LINE#         121
  C:4198H         LINE#         124
  C:4237H         LINE#         126
  C:4237H         LINE#         127
  -------         ENDPROC       LINEAR_INTERPOLATE
  -------         PROC          _UPDATE_POSITION
  D:0001H         SYMBOL        mnths
  D:0002H         SYMBOL        dys
  X:03DAH         SYMBOL        hurs
  X:03DBH         SYMBOL        mns
  X:03DCH         SYMBOL        sconds
  X:03DDH         SYMBOL        currnt_pos
  X:03E0H         SYMBOL        offset_calib
  -------         DO            
  X:03E4H         SYMBOL        date
  X:03E6H         SYMBOL        i
  X:03E8H         SYMBOL        yy
  X:03EAH         SYMBOL        desired_distance
  X:03EEH         SYMBOL        distance
  X:03F2H         SYMBOL        JP_pos
  X:03F6H         SYMBOL        pos_interpolate_azimuth
  X:0432H         SYMBOL        current_local_sun_time
  X:0436H         SYMBOL        azimuth
  X:043AH         SYMBOL        elevation
  X:043EH         SYMBOL        time_offset
  X:0442H         SYMBOL        UTC_time
  X:0446H         SYMBOL        declination
  X:044AH         SYMBOL        p1
  X:0452H         SYMBOL        p2
  X:045AH         SYMBOL        time
  X:046CH         SYMBOL        location
  X:0474H         SYMBOL        sunCoord
  -------         ENDDO         
  C:0B3CH         LINE#         131
  C:0B45H         LINE#         134
  C:0B45H         LINE#         135
  C:0B50H         LINE#         137
  C:0B6CH         LINE#         138
  C:0B76H         LINE#         146
  C:0B80H         LINE#         147
  C:0B8AH         LINE#         148
  C:0B94H         LINE#         149
  C:0B9FH         LINE#         150
  C:0BAAH         LINE#         151
  C:0BC3H         LINE#         152
  C:0BD4H         LINE#         153
  C:0BE3H         LINE#         156
BL51 BANKED LINKER/LOCATER V6.22                                                      02/27/2019  12:23:18  PAGE 32


  C:0BF7H         LINE#         160
  C:0C49H         LINE#         161
  C:0DADH         LINE#         162
  C:0DFDH         LINE#         164
  C:0F25H         LINE#         166
  C:0FF4H         LINE#         173
  C:103BH         LINE#         174
  C:103BH         LINE#         176
  C:1055H         LINE#         177
  C:1055H         LINE#         178
  C:10C5H         LINE#         179
  C:10C5H         LINE#         180
  C:10CCH         LINE#         181
  C:10CCH         LINE#         182
  C:10F9H         LINE#         183
  C:1114H         LINE#         185
  C:115BH         LINE#         186
  C:118FH         LINE#         188
  C:11D5H         LINE#         189
  C:11F8H         LINE#         191
  C:11F8H         LINE#         193
  C:126EH         LINE#         194
  C:126EH         LINE#         195
  C:1275H         LINE#         196
  C:1275H         LINE#         197
  C:12A2H         LINE#         198
  C:12BDH         LINE#         200
  C:1304H         LINE#         201
  C:1338H         LINE#         203
  C:137EH         LINE#         204
  C:139EH         LINE#         206
  C:139EH         LINE#         207
  C:13AFH         LINE#         210
  C:13C9H         LINE#         211
  C:13C9H         LINE#         212
  C:1439H         LINE#         213
  C:1439H         LINE#         214
  C:1466H         LINE#         215
  C:1481H         LINE#         217
  C:14AEH         LINE#         218
  C:14C9H         LINE#         220
  C:14FBH         LINE#         223
  C:14FBH         LINE#         225
  C:150CH         LINE#         227
  C:153BH         LINE#         229
  C:1560H         LINE#         230
  C:15C5H         LINE#         231
  C:15C5H         LINE#         232
  C:15DFH         LINE#         233
  C:15F1H         LINE#         234
  C:1609H         LINE#         235
  C:161FH         LINE#         237
  C:163BH         LINE#         238
  C:163BH         LINE#         239
  C:163BH         LINE#         242
  -------         ENDPROC       _UPDATE_POSITION
  -------         ENDMOD        BIPOLARMOTOR
BL51 BANKED LINKER/LOCATER V6.22                                                      02/27/2019  12:23:18  PAGE 33



  -------         MODULE        SUNPOS
  C:0000H         SYMBOL        _ICE_DUMMY_
  C:1FF2H         PUBLIC        sunpos
  -------         PROC          SUNPOS
  X:0477H         SYMBOL        udtTime
  X:0489H         SYMBOL        udtLocation
  X:0491H         SYMBOL        udtSunCoordinates
  -------         DO            
  X:0494H         SYMBOL        dElapsedJulianDays
  X:0498H         SYMBOL        dDecimalHours
  X:049CH         SYMBOL        dEclipticLongitude
  X:04A0H         SYMBOL        dEclipticObliquity
  X:04A4H         SYMBOL        dRightAscension
  X:04A8H         SYMBOL        dDeclination
  X:04ACH         SYMBOL        dY
  X:04B0H         SYMBOL        dX
  -------         DO            
  X:04B4H         SYMBOL        dJulianDate
  X:04B8H         SYMBOL        liAux1
  X:04BCH         SYMBOL        liAux2
  X:04B4H         SYMBOL        dMeanLongitude
  X:04B8H         SYMBOL        dMeanAnomaly
  X:04BCH         SYMBOL        dOmega
  X:04B4H         SYMBOL        dSin_EclipticLongitude
  X:04B4H         SYMBOL        dGreenwichMeanSiderealTime
  X:04B8H         SYMBOL        dLocalMeanSiderealTime
  X:04BCH         SYMBOL        dLatitudeInRadians
  X:04C0H         SYMBOL        dHourAngle
  X:04C4H         SYMBOL        dCos_Latitude
  X:04C8H         SYMBOL        dSin_Latitude
  X:04CCH         SYMBOL        dCos_HourAngle
  X:04D0H         SYMBOL        dParallax
  -------         ENDDO         
  -------         DO            
  X:04B4H         SYMBOL        dMeanLongitude
  X:04B8H         SYMBOL        dMeanAnomaly
  X:04BCH         SYMBOL        dOmega
  X:04B4H         SYMBOL        dSin_EclipticLongitude
  X:04B4H         SYMBOL        dGreenwichMeanSiderealTime
  X:04B8H         SYMBOL        dLocalMeanSiderealTime
  X:04BCH         SYMBOL        dLatitudeInRadians
  X:04C0H         SYMBOL        dHourAngle
  X:04C4H         SYMBOL        dCos_Latitude
  X:04C8H         SYMBOL        dSin_Latitude
  X:04CCH         SYMBOL        dCos_HourAngle
  X:04D0H         SYMBOL        dParallax
  -------         ENDDO         
  -------         DO            
  X:04B4H         SYMBOL        dSin_EclipticLongitude
  X:04B4H         SYMBOL        dGreenwichMeanSiderealTime
  X:04B8H         SYMBOL        dLocalMeanSiderealTime
  X:04BCH         SYMBOL        dLatitudeInRadians
  X:04C0H         SYMBOL        dHourAngle
  X:04C4H         SYMBOL        dCos_Latitude
  X:04C8H         SYMBOL        dSin_Latitude
  X:04CCH         SYMBOL        dCos_HourAngle
BL51 BANKED LINKER/LOCATER V6.22                                                      02/27/2019  12:23:18  PAGE 34


  X:04D0H         SYMBOL        dParallax
  -------         ENDDO         
  -------         DO            
  X:04B4H         SYMBOL        dGreenwichMeanSiderealTime
  X:04B8H         SYMBOL        dLocalMeanSiderealTime
  X:04BCH         SYMBOL        dLatitudeInRadians
  X:04C0H         SYMBOL        dHourAngle
  X:04C4H         SYMBOL        dCos_Latitude
  X:04C8H         SYMBOL        dSin_Latitude
  X:04CCH         SYMBOL        dCos_HourAngle
  X:04D0H         SYMBOL        dParallax
  -------         ENDDO         
  -------         ENDDO         
  C:1FF2H         LINE#         6
  C:1FF2H         LINE#         7
  C:1FF2H         LINE#         9
  C:1FF2H         LINE#         27
  C:203CH         LINE#         30
  C:205DH         LINE#         31
  C:21A4H         LINE#         34
  C:21F0H         LINE#         36
  C:220FH         LINE#         37
  C:220FH         LINE#         42
  C:220FH         LINE#         46
  C:2241H         LINE#         47
  C:226BH         LINE#         48
  C:2295H         LINE#         49
  C:2342H         LINE#         52
  C:23A3H         LINE#         54
  C:23A3H         LINE#         59
  C:23A3H         LINE#         61
  C:23BAH         LINE#         62
  C:23E2H         LINE#         63
  C:23F9H         LINE#         64
  C:2424H         LINE#         65
  C:245BH         LINE#         66
  C:2486H         LINE#         67
  C:2486H         LINE#         70
  C:2486H         LINE#         79
  C:24C1H         LINE#         82
  C:24FBH         LINE#         84
  C:2520H         LINE#         85
  C:253FH         LINE#         86
  C:2556H         LINE#         87
  C:256DH         LINE#         88
  C:2584H         LINE#         89
  C:260DH         LINE#         91
[...]
  D:0003H         SYMBOL        opcode
  X:0626H         SYMBOL        addr
  -------         DO            
  X:062AH         SYMBOL        dat
  X:062BH         SYMBOL        i
  -------         ENDDO         
  C:3E88H         LINE#         159
  C:3E8AH         LINE#         160
  C:3E8AH         LINE#         161
  C:3E8FH         LINE#         163
  C:3E91H         LINE#         164
  C:3E97H         LINE#         168
  C:3E9CH         LINE#         169
  C:3E9CH         LINE#         170
  C:3E9EH         LINE#         171
  C:3EA1H         LINE#         172
  C:3EA5H         LINE#         173
  C:3EA5H         LINE#         174
BL51 BANKED LINKER/LOCATER V6.22                                                      02/27/2019  12:23:18  PAGE 46


  C:3EA7H         LINE#         175
  C:3EA9H         LINE#         177
  C:3EA9H         LINE#         178
  C:3EABH         LINE#         180
  C:3EABH         LINE#         181
  C:3EABH         LINE#         182
  C:3EABH         LINE#         183
  C:3EAEH         LINE#         184
  C:3EB2H         LINE#         187
  C:3ED1H         LINE#         189
  C:3ED8H         LINE#         190
  C:3ED8H         LINE#         191
  C:3EDAH         LINE#         192
  C:3EDDH         LINE#         193
  C:3EF9H         LINE#         194
  C:3EF9H         LINE#         195
  C:3EFBH         LINE#         196
  C:3EFDH         LINE#         198
  C:3EFDH         LINE#         199
  C:3EFFH         LINE#         201
  C:3EFFH         LINE#         202
  C:3EFFH         LINE#         203
  C:3EFFH         LINE#         204
  C:3F02H         LINE#         205
  C:3F1BH         LINE#         207
  C:3F3AH         LINE#         210
  C:3F41H         LINE#         212
  C:3F43H         LINE#         213
  C:3F4AH         LINE#         215
  C:3F51H         LINE#         216
  C:3F51H         LINE#         217
  C:3F58H         LINE#         218
  C:3F58H         LINE#         219
  C:3F5BH         LINE#         220
  C:3F5DH         LINE#         221
  C:3F60H         LINE#         223
  C:3F63H         LINE#         224
  C:3F63H         LINE#         226
  C:3F67H         LINE#         227
  C:3F67H         LINE#         233
  C:3F86H         LINE#         236
  C:3F88H         LINE#         237
  C:3F8BH         LINE#         238
  C:3F92H         LINE#         240
  C:3F97H         LINE#         242
  -------         ENDPROC       _AT25SF041_READ
  -------         PROC          UCREAD_STATUS_REGISTER_BYTE1
  -------         DO            
  D:0003H         SYMBOL        dat
  D:0001H         SYMBOL        opcode
  X:03D1H         SYMBOL        count
  X:03D2H         SYMBOL        i
  -------         ENDDO         
  C:444CH         LINE#         246
  C:444CH         LINE#         247
  C:444CH         LINE#         248
  C:4452H         LINE#         249
BL51 BANKED LINKER/LOCATER V6.22                                                      02/27/2019  12:23:18  PAGE 47


  C:4456H         LINE#         250
  C:4458H         LINE#         251
  C:445AH         LINE#         252
  C:4460H         LINE#         256
  C:4467H         LINE#         257
  C:4467H         LINE#         258
  C:4469H         LINE#         259
  C:446CH         LINE#         260
  C:4470H         LINE#         261
  C:4470H         LINE#         262
  C:4472H         LINE#         263
  C:4474H         LINE#         265
  C:4474H         LINE#         266
  C:4476H         LINE#         268
  C:4476H         LINE#         269
  C:4476H         LINE#         270
  C:4476H         LINE#         271
  C:4479H         LINE#         272
  C:447DH         LINE#         275
  C:449CH         LINE#         279
  C:44A3H         LINE#         281
  C:44A5H         LINE#         282
  C:44ACH         LINE#         283
  C:44B3H         LINE#         284
  C:44B3H         LINE#         285
  C:44B7H         LINE#         286
  C:44B7H         LINE#         287
  C:44BAH         LINE#         288
  C:44BCH         LINE#         289
  C:44BFH         LINE#         291
  C:44C2H         LINE#         292
  C:44C2H         LINE#         294
  C:44C6H         LINE#         295
  C:44C6H         LINE#         297
  C:44E5H         LINE#         301
  C:44E7H         LINE#         302
  C:44EAH         LINE#         303
  C:44ECH         LINE#         304
  -------         ENDPROC       UCREAD_STATUS_REGISTER_BYTE1
  -------         PROC          SPI_NOR_WRITE_DATA
  X:03BBH         SYMBOL        dat
  X:03C6H         SYMBOL        addr
  C:376CH         LINE#         306
  C:376CH         LINE#         307
  C:376CH         LINE#         309
  C:376FH         LINE#         311
  C:3789H         LINE#         312
  C:37A7H         LINE#         314
  C:37AEH         LINE#         315
  C:37B1H         LINE#         317
  C:37CBH         LINE#         318
  C:37CBH         LINE#         319
  C:37CBH         LINE#         322
  C:37CEH         LINE#         324
  C:37E8H         LINE#         325
  C:37E8H         LINE#         326
  C:37E8H         LINE#         328
BL51 BANKED LINKER/LOCATER V6.22                                                      02/27/2019  12:23:18  PAGE 48


  C:37EBH         LINE#         330
  C:3805H         LINE#         331
  C:3805H         LINE#         332
  C:3805H         LINE#         334
  C:3808H         LINE#         336
  C:3822H         LINE#         337
  C:3822H         LINE#         338
  C:3822H         LINE#         340
  C:3825H         LINE#         342
  C:383FH         LINE#         343
  C:383FH         LINE#         344
  C:383FH         LINE#         346
  C:3842H         LINE#         348
  C:385CH         LINE#         349
  C:385CH         LINE#         350
  C:385CH         LINE#         352
  C:385FH         LINE#         354
  C:3879H         LINE#         355
  C:3879H         LINE#         356
  C:3879H         LINE#         358
  C:387CH         LINE#         360
  C:3896H         LINE#         361
  C:3896H         LINE#         362
  C:3896H         LINE#         364
  C:3899H         LINE#         366
  C:38B3H         LINE#         367
  C:38B3H         LINE#         368
  C:38B3H         LINE#         370
  C:38B6H         LINE#         372
  C:38D0H         LINE#         373
  C:38D7H         LINE#         374
  -------         ENDPROC       SPI_NOR_WRITE_DATA
  -------         ENDMOD        AT25SF041

  -------         MODULE        ?C_STARTUP
  C:46BBH         SEGMENT       ?C_C51STARTUP
  I:0022H         SEGMENT       ?STACK
  C:0000H         PUBLIC        ?C_STARTUP
  D:00E0H         SYMBOL        ACC
  D:00F0H         SYMBOL        B
  D:0083H         SYMBOL        DPH
  D:0082H         SYMBOL        DPL
  N:0000H         SYMBOL        IBPSTACK
  N:0100H         SYMBOL        IBPSTACKTOP
  N:0080H         SYMBOL        IDATALEN
  C:46BEH         SYMBOL        IDATALOOP
  N:0000H         SYMBOL        PBPSTACK
  N:0100H         SYMBOL        PBPSTACKTOP
  N:0000H         SYMBOL        PDATALEN
  N:0000H         SYMBOL        PDATASTART
  N:0000H         SYMBOL        PPAGE
  N:0000H         SYMBOL        PPAGEENABLE
  D:00A0H         SYMBOL        PPAGE_SFR
  D:0081H         SYMBOL        SP
  C:46BBH         SYMBOL        STARTUP1
  N:0000H         SYMBOL        XBPSTACK
  N:0000H         SYMBOL        XBPSTACKTOP
BL51 BANKED LINKER/LOCATER V6.22                                                      02/27/2019  12:23:18  PAGE 49


  N:0000H         SYMBOL        XDATALEN
  N:0000H         SYMBOL        XDATASTART
  C:0000H         LINE#         126
  C:46BBH         LINE#         133
  C:46BDH         LINE#         134
  C:46BEH         LINE#         135
  C:46BFH         LINE#         136
  C:46C1H         LINE#         185
  C:46C4H         LINE#         196
  -------         ENDMOD        ?C_STARTUP

  -------         MODULE        ?C?FPADD
  C:1643H         PUBLIC        ?C?FPADD
  C:163FH         PUBLIC        ?C?FPSUB
  -------         ENDMOD        ?C?FPADD

  -------         MODULE        ?C?FPMUL
  C:1734H         PUBLIC        ?C?FPMUL
  -------         ENDMOD        ?C?FPMUL

  -------         MODULE        ?C?FPDIV
  C:183DH         PUBLIC        ?C?FPDIV
  -------         ENDMOD        ?C?FPDIV

  -------         MODULE        ?C?FPCMP
  C:18DCH         PUBLIC        ?C?FPCMP
  C:18DAH         PUBLIC        ?C?FPCMP3
  -------         ENDMOD        ?C?FPCMP

  -------         MODULE        ?C?FPNEG
  C:1953H         PUBLIC        ?C?FPNEG
  -------         ENDMOD        ?C?FPNEG

  -------         MODULE        ?C?FCAST
  C:196EH         PUBLIC        ?C?FCASTC
  C:1969H         PUBLIC        ?C?FCASTI
  C:1964H         PUBLIC        ?C?FCASTL
  -------         ENDMOD        ?C?FCAST

  -------         MODULE        ?C?CASTF
  C:19A2H         PUBLIC        ?C?CASTF
  -------         ENDMOD        ?C?CASTF

  -------         MODULE        ATAN2
  X:04D4H         PUBLIC        ?_atan2?BYTE
  C:44EDH         PUBLIC        _atan2
  -------         ENDMOD        ATAN2

  -------         MODULE        SIN
  C:393DH         PUBLIC        _COS
  C:3953H         PUBLIC        _SIN
  C:398FH         PUBLIC        _TAN
  -------         ENDMOD        SIN

  -------         MODULE        ACOS
  C:4A1EH         PUBLIC        _ACOS
  -------         ENDMOD        ACOS
BL51 BANKED LINKER/LOCATER V6.22                                                      02/27/2019  12:23:18  PAGE 50



  -------         MODULE        ASIN
  C:4B2CH         PUBLIC        _ASIN
  -------         ENDMOD        ASIN

  -------         MODULE        SQRT
  C:43A4H         PUBLIC        _SQRT
  -------         ENDMOD        SQRT

  -------         MODULE        ATAN
  C:3D86H         PUBLIC        _ATAN
  -------         ENDMOD        ATAN

  -------         MODULE        ?C?COPY
  C:1B40H         PUBLIC        ?C?COPY
  -------         ENDMOD        ?C?COPY

  -------         MODULE        ?C?CLDPTR
  C:1B66H         PUBLIC        ?C?CLDPTR
  -------         ENDMOD        ?C?CLDPTR

  -------         MODULE        ?C?CLDOPTR
  C:1B7FH         PUBLIC        ?C?CLDOPTR
  -------         ENDMOD        ?C?CLDOPTR

  -------         MODULE        ?C?CSTPTR
  C:1BACH         PUBLIC        ?C?CSTPTR
  -------         ENDMOD        ?C?CSTPTR

  -------         MODULE        ?C?IMUL
  C:1BBEH         PUBLIC        ?C?IMUL
  -------         ENDMOD        ?C?IMUL

  -------         MODULE        ?C?UIDIV
  C:1BD0H         PUBLIC        ?C?UIDIV
  -------         ENDMOD        ?C?UIDIV

  -------         MODULE        ?C?SIDIV
  C:1C25H         PUBLIC        ?C?SIDIV
  -------         ENDMOD        ?C?SIDIV

  -------         MODULE        ?C?ILDIX
  C:1C5BH         PUBLIC        ?C?ILDIX
  -------         ENDMOD        ?C?ILDIX

  -------         MODULE        ?C?ILDOPTR
  C:1C71H         PUBLIC        ?C?ILDOPTR
  -------         ENDMOD        ?C?ILDOPTR

  -------         MODULE        ?C?ISTPTR
  C:1CA9H         PUBLIC        ?C?ISTPTR
  -------         ENDMOD        ?C?ISTPTR

  -------         MODULE        ?C?LMUL
  C:1CC8H         PUBLIC        ?C?LMUL
  -------         ENDMOD        ?C?LMUL

BL51 BANKED LINKER/LOCATER V6.22                                                      02/27/2019  12:23:18  PAGE 51


  -------         MODULE        ?C?SLDIV
  C:4A68H         PUBLIC        ?C?SLDIV
  -------         ENDMOD        ?C?SLDIV

  -------         MODULE        ?C?LNEG
  C:1D17H         PUBLIC        ?C?LNEG
  -------         ENDMOD        ?C?LNEG

  -------         MODULE        ?C?ULCMP
  C:1D25H         PUBLIC        ?C?ULCMP
  -------         ENDMOD        ?C?ULCMP

  -------         MODULE        ?C?LSHL
  C:1D36H         PUBLIC        ?C?LSHL
  -------         ENDMOD        ?C?LSHL

  -------         MODULE        ?C?LLDPTR
  C:1D49H         PUBLIC        ?C?LLDPTR
  -------         ENDMOD        ?C?LLDPTR

  -------         MODULE        ?C?LLDOPTR
  C:1D69H         PUBLIC        ?C?LLDOPTR
  -------         ENDMOD        ?C?LLDOPTR

  -------         MODULE        ?C?LSTPTR
  C:1D99H         PUBLIC        ?C?LSTPTR
  -------         ENDMOD        ?C?LSTPTR

  -------         MODULE        ?C?LSTOPTR
  C:1DB3H         PUBLIC        ?C?LSTOPTR
  -------         ENDMOD        ?C?LSTOPTR

  -------         MODULE        ?C?LLDXDATA
  C:1DD7H         PUBLIC        ?C?LLDXDATA
  -------         ENDMOD        ?C?LLDXDATA

  -------         MODULE        ?C?LLDCODE
  C:1DE3H         PUBLIC        ?C?LLDCODE
  -------         ENDMOD        ?C?LLDCODE

  -------         MODULE        ?C?LLDXDATA0
  C:1DF3H         PUBLIC        ?C?LLDXDATA0
  -------         ENDMOD        ?C?LLDXDATA0

  -------         MODULE        ?C?LLDCODE0
  C:1DFFH         PUBLIC        ?C?LLDCODE0
  -------         ENDMOD        ?C?LLDCODE0

  -------         MODULE        ?C?LLDPTR0
  C:1E0FH         PUBLIC        ?C?LLDPTR0
  -------         ENDMOD        ?C?LLDPTR0

  -------         MODULE        ?C?LSTXDATA
  C:1E2FH         PUBLIC        ?C?LSTXDATA
  -------         ENDMOD        ?C?LSTXDATA

  -------         MODULE        ?C?LSTKXDATA
BL51 BANKED LINKER/LOCATER V6.22                                                      02/27/2019  12:23:18  PAGE 52


  C:1E3BH         PUBLIC        ?C?LSTKXDATA
  -------         ENDMOD        ?C?LSTKXDATA

  -------         MODULE        ?C?LSTKPTR
  C:1E6CH         PUBLIC        ?C?LSTKPTR
  -------         ENDMOD        ?C?LSTKPTR

  -------         MODULE        ?C?OFFXADD
  C:1E86H         PUBLIC        ?C?OFFXADD
  -------         ENDMOD        ?C?OFFXADD

  -------         MODULE        ABS
  C:4E54H         PUBLIC        _ABS
  -------         ENDMOD        ABS

  -------         MODULE        ATOI
  C:409AH         PUBLIC        _atoi
  -------         ENDMOD        ATOI

  -------         MODULE        ?C?IILDX
  C:1E92H         PUBLIC        ?C?IILDX
  -------         ENDMOD        ?C?IILDX

  -------         MODULE        ?C?ULDIV
  C:1EE4H         PUBLIC        ?C?ULDIV
  -------         ENDMOD        ?C?ULDIV

  -------         MODULE        ?C?LLDIDATA
  C:1F76H         PUBLIC        ?C?LLDIDATA
  -------         ENDMOD        ?C?LLDIDATA

  -------         MODULE        ?C?LLDPDATA
  C:1F82H         PUBLIC        ?C?LLDPDATA
  -------         ENDMOD        ?C?LLDPDATA

  -------         MODULE        ?C?LLDIDATA0
  C:1F8EH         PUBLIC        ?C?LLDIDATA0
  -------         ENDMOD        ?C?LLDIDATA0

  -------         MODULE        ?C?LLDPDATA0
  C:1F9BH         PUBLIC        ?C?LLDPDATA0
  -------         ENDMOD        ?C?LLDPDATA0

  -------         MODULE        ?C?LSTIDATA
  C:1FA8H         PUBLIC        ?C?LSTIDATA
  -------         ENDMOD        ?C?LSTIDATA

  -------         MODULE        ?C?LSTPDATA
  C:1FB4H         PUBLIC        ?C?LSTPDATA
  -------         ENDMOD        ?C?LSTPDATA

  -------         MODULE        ?C?LSTKIDATA
  C:1FC0H         PUBLIC        ?C?LSTKIDATA
  -------         ENDMOD        ?C?LSTKIDATA

  -------         MODULE        ?C?LSTKPDATA
  C:1FD9H         PUBLIC        ?C?LSTKPDATA
BL51 BANKED LINKER/LOCATER V6.22                                                      02/27/2019  12:23:18  PAGE 53


  -------         ENDMOD        ?C?LSTKPDATA

  -------         MODULE        ISDIGIT
  C:4E2CH         PUBLIC        _isdigit
  -------         ENDMOD        ISDIGIT

  -------         MODULE        ISSPACE
  C:4DC7H         PUBLIC        _isspace
  -------         ENDMOD        ISSPACE

*** WARNING L16: UNCALLED SEGMENT, IGNORED FOR OVERLAY PROCESS
    SEGMENT: ?PR?_DISPLAY_PROX?MAIN

*** WARNING L16: UNCALLED SEGMENT, IGNORED FOR OVERLAY PROCESS
    SEGMENT: ?PR?_DAY_OF_YEAR?PCF85063BTL

*** WARNING L16: UNCALLED SEGMENT, IGNORED FOR OVERLAY PROCESS
    SEGMENT: ?PR?INITUART1?UART1

*** WARNING L16: UNCALLED SEGMENT, IGNORED FOR OVERLAY PROCESS
    SEGMENT: ?PR?_SENDSTRING?UART1

*** WARNING L16: UNCALLED SEGMENT, IGNORED FOR OVERLAY PROCESS
    SEGMENT: ?PR?_TEN?UART1

*** WARNING L16: UNCALLED SEGMENT, IGNORED FOR OVERLAY PROCESS
    SEGMENT: ?PR?_UNIT?UART1

*** WARNING L16: UNCALLED SEGMENT, IGNORED FOR OVERLAY PROCESS
    SEGMENT: ?PR?_DECTOBCD?UART1

*** WARNING L16: UNCALLED SEGMENT, IGNORED FOR OVERLAY PROCESS
    SEGMENT: ?PR?_ASCII_LETTER?UART1

*** WARNING L16: UNCALLED SEGMENT, IGNORED FOR OVERLAY PROCESS
    SEGMENT: ?PR?_ASCIITOBCD?UART1

*** WARNING L16: UNCALLED SEGMENT, IGNORED FOR OVERLAY PROCESS
    SEGMENT: ?PR?WAIT?BIPOLARMOTOR

*** WARNING L16: UNCALLED SEGMENT, IGNORED FOR OVERLAY PROCESS
    SEGMENT: ?PR?_FINDDET4X4?BIPOLARMOTOR

*** WARNING L16: UNCALLED SEGMENT, IGNORED FOR OVERLAY PROCESS
    SEGMENT: ?PR?NOP?IOEXPANDER_PI4IOE5V96248

*** WARNING L16: UNCALLED SEGMENT, IGNORED FOR OVERLAY PROCESS
    SEGMENT: ?PR?UC_ACK?IOEXPANDER_PI4IOE5V96248

*** WARNING L16: UNCALLED SEGMENT, IGNORED FOR OVERLAY PROCESS
    SEGMENT: ?PR?UC_NACK?IOEXPANDER_PI4IOE5V96248

*** WARNING L16: UNCALLED SEGMENT, IGNORED FOR OVERLAY PROCESS
    SEGMENT: ?PR?_AT25SF041_READ?AT25SF041

*** WARNING L1: UNRESOLVED EXTERNAL SYMBOL
    SYMBOL:  AUTO_MODE
BL51 BANKED LINKER/LOCATER V6.22                                                      02/27/2019  12:23:18  PAGE 54


    MODULE:  .\Obj\main.obj (MAIN)

*** WARNING L1: UNRESOLVED EXTERNAL SYMBOL
    SYMBOL:  SPI_NOR_CLEARENABLE
    MODULE:  .\Obj\main.obj (MAIN)

*** WARNING L2: REFERENCE MADE TO UNRESOLVED EXTERNAL
    SYMBOL:  AUTO_MODE
    MODULE:  .\Obj\main.obj (MAIN)
    ADDRESS: 003BH

*** WARNING L2: REFERENCE MADE TO UNRESOLVED EXTERNAL
    SYMBOL:  SPI_NOR_CLEARENABLE
    MODULE:  .\Obj\main.obj (MAIN)
    ADDRESS: 0041H

*** WARNING L2: REFERENCE MADE TO UNRESOLVED EXTERNAL
    SYMBOL:  AUTO_MODE
    MODULE:  .\Obj\main.obj (MAIN)
    ADDRESS: 01B4H

*** WARNING L2: REFERENCE MADE TO UNRESOLVED EXTERNAL
    SYMBOL:  AUTO_MODE
    MODULE:  .\Obj\main.obj (MAIN)
    ADDRESS: 01C2H

*** WARNING L2: REFERENCE MADE TO UNRESOLVED EXTERNAL
    SYMBOL:  AUTO_MODE
    MODULE:  .\Obj\main.obj (MAIN)
    ADDRESS: 01D4H

*** WARNING L2: REFERENCE MADE TO UNRESOLVED EXTERNAL
    SYMBOL:  AUTO_MODE
    MODULE:  .\Obj\main.obj (MAIN)
    ADDRESS: 0216H

*** WARNING L2: REFERENCE MADE TO UNRESOLVED EXTERNAL
    SYMBOL:  AUTO_MODE
    MODULE:  .\Obj\main.obj (MAIN)
    ADDRESS: 02E9H

*** WARNING L2: REFERENCE MADE TO UNRESOLVED EXTERNAL
    SYMBOL:  SPI_NOR_CLEARENABLE
    MODULE:  .\Obj\main.obj (MAIN)
    ADDRESS: 0AA7H

*** WARNING L2: REFERENCE MADE TO UNRESOLVED EXTERNAL
    SYMBOL:  SPI_NOR_CLEARENABLE
    MODULE:  .\Obj\main.obj (MAIN)
    ADDRESS: 0B10H

*** WARNING L1: UNRESOLVED EXTERNAL SYMBOL
    SYMBOL:  _SENDUART1
    MODULE:  .\Obj\UART1.obj (UART1)

*** WARNING L2: REFERENCE MADE TO UNRESOLVED EXTERNAL
    SYMBOL:  _SENDUART1
BL51 BANKED LINKER/LOCATER V6.22                                                      02/27/2019  12:23:18  PAGE 55


    MODULE:  .\Obj\UART1.obj (UART1)
    ADDRESS: 4B95H

*** WARNING L1: UNRESOLVED EXTERNAL SYMBOL
    SYMBOL:  AUTO_MODE
    MODULE:  .\Obj\KeyPad.obj (KEYPAD)

*** WARNING L1: UNRESOLVED EXTERNAL SYMBOL
    SYMBOL:  SPI_NOR_CLEARENABLE
    MODULE:  .\Obj\KeyPad.obj (KEYPAD)

*** WARNING L2: REFERENCE MADE TO UNRESOLVED EXTERNAL
    SYMBOL:  AUTO_MODE
    MODULE:  .\Obj\KeyPad.obj (KEYPAD)
    ADDRESS: 2ED6H

*** WARNING L2: REFERENCE MADE TO UNRESOLVED EXTERNAL
    SYMBOL:  AUTO_MODE
    MODULE:  .\Obj\KeyPad.obj (KEYPAD)
    ADDRESS: 2EE1H

*** WARNING L2: REFERENCE MADE TO UNRESOLVED EXTERNAL
    SYMBOL:  AUTO_MODE
    MODULE:  .\Obj\KeyPad.obj (KEYPAD)
    ADDRESS: 2EE8H

*** WARNING L2: REFERENCE MADE TO UNRESOLVED EXTERNAL
    SYMBOL:  SPI_NOR_CLEARENABLE
    MODULE:  .\Obj\KeyPad.obj (KEYPAD)
    ADDRESS: 30BCH

*** WARNING L2: REFERENCE MADE TO UNRESOLVED EXTERNAL
    SYMBOL:  SPI_NOR_CLEARENABLE
    MODULE:  .\Obj\KeyPad.obj (KEYPAD)
    ADDRESS: 30C1H

Program Size: data=10.2 xdata=1595 code=20102
LINK/LOCATE RUN COMPLETE.  35 WARNING(S),  0 ERROR(S)
