BL51 BANKED LINKER/LOCATER V6.22                                                        03/20/2019  11:15:42  PAGE 1


BL51 BANKED LINKER/LOCATER V6.22, INVOKED BY:
C:\KEIL_V5\C51\BIN\BL51.EXE .\Obj\main.obj, .\Obj\PCF85063BTL.obj, .\Obj\UART1.obj, .\Obj\LCd_Driver_SPLC780D.obj, .\Obj
>> \KeyPad.obj, .\Obj\BipolarMotor.obj, .\Obj\SunPos.obj, .\Obj\ADC.obj, .\Obj\Calibration.obj, .\Obj\IOExpander_PI4IOE5
>> V96248.obj, .\Obj\AT25SF041.obj, .\Obj\STARTUP.obj TO .\Obj\GPIO_RTC_Test PRINT (.\Lis\GPIO_RTC_Test.m51) RAMSIZE (25
>> 6)


MEMORY MODEL: LARGE WITH FLOATING POINT ARITHMETIC


INPUT MODULES INCLUDED:
  .\Obj\main.obj (MAIN)
  .\Obj\PCF85063BTL.obj (PCF85063BTL)
  .\Obj\UART1.obj (UART1)
  .\Obj\LCd_Driver_SPLC780D.obj (LCD_DRIVER_SPLC780D)
  .\Obj\KeyPad.obj (KEYPAD)
  .\Obj\BipolarMotor.obj (BIPOLARMOTOR)
  .\Obj\SunPos.obj (SUNPOS)
  .\Obj\ADC.obj (ADC)
  .\Obj\Calibration.obj (CALIBRATION)
  .\Obj\IOExpander_PI4IOE5V96248.obj (IOEXPANDER_PI4IOE5V96248)
  .\Obj\AT25SF041.obj (AT25SF041)
  .\Obj\STARTUP.obj (?C_STARTUP)
  C:\KEIL_V5\C51\LIB\C51FPL.LIB (?C?FPADD)
  C:\KEIL_V5\C51\LIB\C51FPL.LIB (?C?FPMUL)
  C:\KEIL_V5\C51\LIB\C51FPL.LIB (?C?FPDIV)
  C:\KEIL_V5\C51\LIB\C51FPL.LIB (?C?FPCMP)
  C:\KEIL_V5\C51\LIB\C51FPL.LIB (?C?FPNEG)
  C:\KEIL_V5\C51\LIB\C51FPL.LIB (?C?FCAST)
  C:\KEIL_V5\C51\LIB\C51FPL.LIB (?C?CASTF)
  C:\KEIL_V5\C51\LIB\C51FPL.LIB (ATAN2)
  C:\KEIL_V5\C51\LIB\C51FPL.LIB (SIN)
  C:\KEIL_V5\C51\LIB\C51FPL.LIB (ACOS)
  C:\KEIL_V5\C51\LIB\C51FPL.LIB (ASIN)
  C:\KEIL_V5\C51\LIB\C51FPL.LIB (?C?FPGETOPN)
  C:\KEIL_V5\C51\LIB\C51FPL.LIB (?C?FPSERIES)
  C:\KEIL_V5\C51\LIB\C51FPL.LIB (SQRT)
  C:\KEIL_V5\C51\LIB\C51FPL.LIB (ATAN)
  C:\KEIL_V5\C51\LIB\C51L.LIB (?C_INIT)
  C:\KEIL_V5\C51\LIB\C51L.LIB (?C?COPY)
  C:\KEIL_V5\C51\LIB\C51L.LIB (?C?CLDPTR)
  C:\KEIL_V5\C51\LIB\C51L.LIB (?C?CLDOPTR)
  C:\KEIL_V5\C51\LIB\C51L.LIB (?C?CSTPTR)
  C:\KEIL_V5\C51\LIB\C51L.LIB (?C?IMUL)
  C:\KEIL_V5\C51\LIB\C51L.LIB (?C?UIDIV)
  C:\KEIL_V5\C51\LIB\C51L.LIB (?C?SIDIV)
  C:\KEIL_V5\C51\LIB\C51L.LIB (?C?ILDIX)
  C:\KEIL_V5\C51\LIB\C51L.LIB (?C?ILDOPTR)
  C:\KEIL_V5\C51\LIB\C51L.LIB (?C?ISTPTR)
  C:\KEIL_V5\C51\LIB\C51L.LIB (?C?LMUL)
  C:\KEIL_V5\C51\LIB\C51L.LIB (?C?SLDIV)
  C:\KEIL_V5\C51\LIB\C51L.LIB (?C?LNEG)
  C:\KEIL_V5\C51\LIB\C51L.LIB (?C?ULCMP)
  C:\KEIL_V5\C51\LIB\C51L.LIB (?C?LSHL)
  C:\KEIL_V5\C51\LIB\C51L.LIB (?C?LLDPTR)
  C:\KEIL_V5\C51\LIB\C51L.LIB (?C?LLDOPTR)
  C:\KEIL_V5\C51\LIB\C51L.LIB (?C?LSTPTR)
  C:\KEIL_V5\C51\LIB\C51L.LIB (?C?LSTOPTR)
BL51 BANKED LINKER/LOCATER V6.22                                                      03/20/2019  11:15:42  PAGE 2


  C:\KEIL_V5\C51\LIB\C51L.LIB (?C?LLDXDATA)
  C:\KEIL_V5\C51\LIB\C51L.LIB (?C?LLDCODE)
  C:\KEIL_V5\C51\LIB\C51L.LIB (?C?LLDXDATA0)
  C:\KEIL_V5\C51\LIB\C51L.LIB (?C?LLDCODE0)
  C:\KEIL_V5\C51\LIB\C51L.LIB (?C?LLDPTR0)
  C:\KEIL_V5\C51\LIB\C51L.LIB (?C?LSTXDATA)
  C:\KEIL_V5\C51\LIB\C51L.LIB (?C?LSTKXDATA)
  C:\KEIL_V5\C51\LIB\C51L.LIB (?C?LSTKPTR)
  C:\KEIL_V5\C51\LIB\C51L.LIB (?C?OFFXADD)
  C:\KEIL_V5\C51\LIB\C51L.LIB (ATOI)
  C:\KEIL_V5\C51\LIB\C51L.LIB (?C?IILDX)
  C:\KEIL_V5\C51\LIB\C51L.LIB (?C?ULDIV)
  C:\KEIL_V5\C51\LIB\C51L.LIB (?C?LLDIDATA)
  C:\KEIL_V5\C51\LIB\C51L.LIB (?C?LLDPDATA)
  C:\KEIL_V5\C51\LIB\C51L.LIB (?C?LLDIDATA0)
  C:\KEIL_V5\C51\LIB\C51L.LIB (?C?LLDPDATA0)
  C:\KEIL_V5\C51\LIB\C51L.LIB (?C?LSTIDATA)
  C:\KEIL_V5\C51\LIB\C51L.LIB (?C?LSTPDATA)
  C:\KEIL_V5\C51\LIB\C51L.LIB (?C?LSTKIDATA)
  C:\KEIL_V5\C51\LIB\C51L.LIB (?C?LSTKPDATA)
  C:\KEIL_V5\C51\LIB\C51L.LIB (ISDIGIT)
  C:\KEIL_V5\C51\LIB\C51L.LIB (ISSPACE)


LINK MAP OF MODULE:  .\Obj\GPIO_RTC_Test (MAIN)


            TYPE    BASE      LENGTH    RELOCATION   SEGMENT NAME
            -----------------------------------------------------

            * * * * * * *   D A T A   M E M O R Y   * * * * * * *
            REG     0000H     0008H     ABSOLUTE     "REG BANK 0"
                    0008H     0018H                  *** GAP ***
            BIT     0020H.0   0000H.5   UNIT         ?BI?KEYPAD
            BIT     0020H.5   0000H.3   UNIT         _BIT_GROUP_
            BIT     0021H.0   0000H.1   UNIT         ?BI?MAIN
            BIT     0021H.1   0000H.1   UNIT         ?BI?_ATOI?ATOI
                    0021H.2   0000H.6                *** GAP ***
            IDATA   0022H     0001H     UNIT         ?STACK

            * * * * * * *  X D A T A   M E M O R Y  * * * * * * *
            XDATA   0000H     038FH     UNIT         ?XD?BIPOLARMOTOR
            XDATA   038FH     0158H     UNIT         _XDATA_GROUP_
            XDATA   04E7H     00D8H     UNIT         ?XD?MAIN
            XDATA   05BFH     0040H     UNIT         ?XD?_FINDDET4X4?BIPOLARMOTOR
            XDATA   05FFH     0024H     UNIT         ?XD?_FINDDET3X3?BIPOLARMOTOR
            XDATA   0623H     0009H     UNIT         ?XD?KEYPAD
            XDATA   062CH     0008H     UNIT         ?XD?_AT25SF041_READ?AT25SF041
            XDATA   0634H     0005H     UNIT         ?XD?_ATOI?ATOI
            XDATA   0639H     0003H     UNIT         ?XD?_SENDSTRING?UART1
            XDATA   063CH     0001H     UNIT         ?XD?UC_ACK?IOEXPANDER_PI4IOE5V96248
            XDATA   063DH     0001H     UNIT         ?XD?UC_NACK?IOEXPANDER_PI4IOE5V96248

            * * * * * * *   C O D E   M E M O R Y   * * * * * * *
            CODE    0000H     0003H     ABSOLUTE     
            CODE    0003H     0006H     UNIT         ?PR?_TEN?UART1
            CODE    0009H     0001H     UNIT         ?PR?TM0_ISR?MAIN
BL51 BANKED LINKER/LOCATER V6.22                                                      03/20/2019  11:15:42  PAGE 3


            CODE    000AH     0001H     UNIT         ?PR?_DECTOBCD?UART1
            CODE    000BH     0003H     ABSOLUTE     
            CODE    000EH     0DEEH     UNIT         ?PR?MAIN?MAIN
            CODE    0DFCH     0B00H     UNIT         ?PR?_UPDATE_POSITION?BIPOLARMOTOR
            CODE    18FCH     09B6H     UNIT         ?C?LIB_CODE
            CODE    22B2H     07A2H     UNIT         ?PR?SUNPOS?SUNPOS
            CODE    2A54H     03F9H     UNIT         ?C_INITSEG
            CODE    2E4DH     03E8H     UNIT         ?PR?_FIND_REAL_MAX?CALIBRATION
            CODE    3235H     02C5H     UNIT         ?PR?KEY_PROCESS?KEYPAD
            CODE    34FAH     02C0H     UNIT         ?PR?_FINDDET4X4?BIPOLARMOTOR
            CODE    37BAH     01D1H     UNIT         ?PR?_FINDDET3X3?BIPOLARMOTOR
            CODE    398BH     01B3H     UNIT         ?PR?_CALIBRATION?CALIBRATION
            CODE    3B3EH     018DH     UNIT         ?PR?KEY_SCAN?KEYPAD
            CODE    3CCBH     0189H     UNIT         ?PR?SPI_NOR_WRITE_DATA?AT25SF041
            CODE    3E54H     0188H     UNIT         ?PR?SIN?SIN
            CODE    3FDCH     0162H     UNIT         ?PR?_DISPLAY_POS?LCD_DRIVER_SPLC780D
            CODE    413EH     0122H     UNIT         ?PR?ATAN?ATAN
            CODE    4260H     0110H     UNIT         ?PR?_AT25SF041_READ?AT25SF041
            CODE    4370H     0102H     UNIT         ?PR?_AT25SF041_WRITE?AT25SF041
            CODE    4472H     00DBH     UNIT         ?PR?_ATOI?ATOI
            CODE    454DH     00C3H     UNIT         ?PR?LINEAR_INTERPOLATE?BIPOLARMOTOR
            CODE    4610H     00BBH     UNIT         ?PR?VOLTAGE_IS_STABLE?CALIBRATION
            CODE    46CBH     00ADH     UNIT         ?PR?_WRITE_PI4IOE5V96248?IOEXPANDER_PI4IOE5V96248
            CODE    4778H     00ACH     UNIT         ?PR?SQRT?SQRT
            CODE    4824H     00A1H     UNIT         ?PR?UCREAD_STATUS_REGISTER_BYTE1?AT25SF041
            CODE    48C5H     009DH     UNIT         ?PR?_ATAN2?ATAN2
            CODE    4962H     009CH     UNIT         ?PR?_MAX_VALUE?CALIBRATION
            CODE    49FEH     008CH     UNIT         ?C_C51STARTUP
            CODE    4A8AH     0084H     UNIT         ?PR?_DAY_OF_YEAR?PCF85063BTL
            CODE    4B0EH     0079H     UNIT         ?PR?_WRITEDATA?LCD_DRIVER_SPLC780D
            CODE    4B87H     0072H     UNIT         ?PR?AT25SF041_WRITEENABLE?AT25SF041
            CODE    4BF9H     006FH     UNIT         ?PR?_READ_TIME?PCF85063BTL
            CODE    4C68H     005AH     UNIT         ?PR?AT25SF041_CHIPERASE?AT25SF041
            CODE    4CC2H     0059H     UNIT         ?PR?LCD_INIT?LCD_DRIVER_SPLC780D
            CODE    4D1BH     004AH     UNIT         ?PR?VONESTEPMOVE?BIPOLARMOTOR
            CODE    4D65H     004AH     UNIT         ?PR?ACOS?ACOS
            CODE    4DAFH     0044H     UNIT         ?C?LDIV
            CODE    4DF3H     0040H     UNIT         ?PR?_COMMAND?LCD_DRIVER_SPLC780D
            CODE    4E33H     0040H     UNIT         ?PR?_STEP_MOVE?BIPOLARMOTOR
            CODE    4E73H     003BH     UNIT         ?PR?ASIN?ASIN
            CODE    4EAEH     0033H     UNIT         ?PR?_SENDSTRING?UART1
            CODE    4EE1H     002CH     UNIT         ?PR?_ADC_GETRESULT?ADC
            CODE    4F0DH     002BH     UNIT         ?PR?_WAIT_MS_I2C?IOEXPANDER_PI4IOE5V96248
            CODE    4F38H     002BH     UNIT         ?PR?_WAIT_MS_SPINOR?AT25SF041
            CODE    4F63H     0028H     UNIT         ?PR?_MOVE?BIPOLARMOTOR
            CODE    4F8BH     0027H     UNIT         ?PR?_I2C_SENDBYTE?IOEXPANDER_PI4IOE5V96248
            CODE    4FB2H     0024H     UNIT         ?PR?_WAIT_MS?LCD_DRIVER_SPLC780D
            CODE    4FD6H     0020H     UNIT         ?PR?_SPI_SENDBYTE?PCF85063BTL
            CODE    4FF6H     0020H     UNIT         ?PR?SPI_RECEIVEBYTE?PCF85063BTL
            CODE    5016H     001FH     UNIT         ?PR?ADC_INIT?ADC
            CODE    5035H     001EH     UNIT         ?PR?_DELAY_MS?KEYPAD
            CODE    5053H     001DH     UNIT         ?PR?_DISPLAYLCD?LCD_DRIVER_SPLC780D
            CODE    5070H     001BH     UNIT         ?PR?_BCDTODEC1?BIPOLARMOTOR
            CODE    508BH     0018H     UNIT         ?PR?_SPI_WRITETIME?PCF85063BTL
            CODE    50A3H     0017H     UNIT         ?PR?_ASCIITOBCD?UART1
            CODE    50BAH     0016H     UNIT         ?PR?I2C_ACK?IOEXPANDER_PI4IOE5V96248
            CODE    50D0H     0015H     UNIT         ?PR?_DISPLAY_LINE?LCD_DRIVER_SPLC780D
BL51 BANKED LINKER/LOCATER V6.22                                                      03/20/2019  11:15:42  PAGE 4


            CODE    50E5H     0015H     UNIT         ?PR?I2C_STOP?IOEXPANDER_PI4IOE5V96248
            CODE    50FAH     0014H     UNIT         ?PR?_PCF85063BTL_DELAY?PCF85063BTL
            CODE    510EH     0014H     UNIT         ?PR?_ABS?LCD_DRIVER_SPLC780D
            CODE    5122H     0014H     UNIT         ?PR?_ISSPACE?ISSPACE
            CODE    5136H     0011H     UNIT         ?PR?_SPI_READTIME?PCF85063BTL
            CODE    5147H     0011H     UNIT         ?PR?_BCDTODEC?PCF85063BTL
            CODE    5158H     0011H     UNIT         ?PR?INITUART1?UART1
            CODE    5169H     000FH     UNIT         ?PR?I2C_START?IOEXPANDER_PI4IOE5V96248
            CODE    5178H     000FH     UNIT         ?PR?UC_NACK?IOEXPANDER_PI4IOE5V96248
            CODE    5187H     000FH     UNIT         ?PR?_ISDIGIT?ISDIGIT
            CODE    5196H     000DH     UNIT         ?PR?SPI_INIT?PCF85063BTL
            CODE    51A3H     000CH     UNIT         ?PR?KEYPAD_IO_INIT?KEYPAD
            CODE    51AFH     000AH     UNIT         ?PR?LCD_RETURN_HOME?LCD_DRIVER_SPLC780D
            CODE    51B9H     000AH     UNIT         ?PR?LCD_CLEAR?LCD_DRIVER_SPLC780D
            CODE    51C3H     0006H     UNIT         ?PR?UC_ACK?IOEXPANDER_PI4IOE5V96248
            CODE    51C9H     0005H     UNIT         ?PR?_UNIT?UART1
            CODE    51CEH     0005H     UNIT         ?PR?_ASCII_LETTER?UART1
            CODE    51D3H     0001H     UNIT         ?PR?WAIT?BIPOLARMOTOR
            CODE    51D4H     0001H     UNIT         ?PR?NOP?IOEXPANDER_PI4IOE5V96248



OVERLAY MAP OF MODULE:   .\Obj\GPIO_RTC_Test (MAIN)


SEGMENT                                             BIT_GROUP          XDATA_GROUP
  +--> CALLED SEGMENT                            START    LENGTH     START    LENGTH
------------------------------------------------------------------------------------
?C_C51STARTUP                                    -----    -----      -----    -----
  +--> ?PR?MAIN?MAIN
  +--> ?C_INITSEG

?PR?MAIN?MAIN                                    -----    -----      038FH    002CH
  +--> ?PR?LCD_INIT?LCD_DRIVER_SPLC780D
  +--> ?PR?SPI_INIT?PCF85063BTL
  +--> ?PR?KEYPAD_IO_INIT?KEYPAD
  +--> ?PR?ADC_INIT?ADC
  +--> ?PR?_SPI_WRITETIME?PCF85063BTL
  +--> ?PR?_DELAY_MS?KEYPAD
  +--> ?PR?_DISPLAY_LINE?LCD_DRIVER_SPLC780D
  +--> ?PR?_WRITEDATA?LCD_DRIVER_SPLC780D
  +--> ?PR?KEY_PROCESS?KEYPAD
  +--> ?PR?_COMMAND?LCD_DRIVER_SPLC780D
  +--> ?PR?_DISPLAY_POS?LCD_DRIVER_SPLC780D
  +--> ?PR?_DISPLAYLCD?LCD_DRIVER_SPLC780D
  +--> ?PR?_STEP_MOVE?BIPOLARMOTOR
  +--> ?PR?LCD_RETURN_HOME?LCD_DRIVER_SPLC780D
  +--> ?PR?_READ_TIME?PCF85063BTL
  +--> ?PR?_ADC_GETRESULT?ADC
  +--> ?PR?_BCDTODEC1?BIPOLARMOTOR
  +--> ?PR?_CALIBRATION?CALIBRATION
  +--> ?PR?_AT25SF041_WRITE?AT25SF041
  +--> ?PR?_WAIT_MS_SPINOR?AT25SF041
  +--> ?PR?SPI_NOR_WRITE_DATA?AT25SF041
  +--> ?PR?LINEAR_INTERPOLATE?BIPOLARMOTOR
  +--> ?PR?_UPDATE_POSITION?BIPOLARMOTOR
  +--> ?PR?LCD_CLEAR?LCD_DRIVER_SPLC780D
BL51 BANKED LINKER/LOCATER V6.22                                                      03/20/2019  11:15:42  PAGE 5


  +--> ?PR?AT25SF041_WRITEENABLE?AT25SF041
  +--> ?PR?AT25SF041_CHIPERASE?AT25SF041

?PR?LCD_INIT?LCD_DRIVER_SPLC780D                 -----    -----      -----    -----
  +--> ?PR?_WAIT_MS?LCD_DRIVER_SPLC780D
  +--> ?PR?_COMMAND?LCD_DRIVER_SPLC780D

?PR?_COMMAND?LCD_DRIVER_SPLC780D                 -----    -----      -----    -----
  +--> ?PR?_WAIT_MS?LCD_DRIVER_SPLC780D

?PR?ADC_INIT?ADC                                 -----    -----      -----    -----
  +--> ?PR?_WAIT_MS?LCD_DRIVER_SPLC780D

?PR?_SPI_WRITETIME?PCF85063BTL                   -----    -----      -----    -----
  +--> ?PR?_SPI_SENDBYTE?PCF85063BTL

?PR?_SPI_SENDBYTE?PCF85063BTL                    -----    -----      -----    -----
  +--> ?PR?_PCF85063BTL_DELAY?PCF85063BTL

?PR?_DISPLAY_LINE?LCD_DRIVER_SPLC780D            -----    -----      -----    -----
  +--> ?PR?_COMMAND?LCD_DRIVER_SPLC780D

?PR?_WRITEDATA?LCD_DRIVER_SPLC780D               -----    -----      0476H    0001H
  +--> ?PR?_WAIT_MS?LCD_DRIVER_SPLC780D

?PR?KEY_PROCESS?KEYPAD                           -----    -----      03BBH    0006H
  +--> ?PR?KEY_SCAN?KEYPAD
  +--> ?PR?_SPI_WRITETIME?PCF85063BTL
  +--> ?PR?LCD_CLEAR?LCD_DRIVER_SPLC780D
  +--> ?PR?_COMMAND?LCD_DRIVER_SPLC780D
  +--> ?PR?_WRITEDATA?LCD_DRIVER_SPLC780D

?PR?KEY_SCAN?KEYPAD                              -----    -----      03C1H    0003H

?PR?LCD_CLEAR?LCD_DRIVER_SPLC780D                -----    -----      -----    -----
  +--> ?PR?_COMMAND?LCD_DRIVER_SPLC780D

?PR?_DISPLAY_POS?LCD_DRIVER_SPLC780D             -----    -----      046CH    000AH
  +--> ?PR?_ABS?LCD_DRIVER_SPLC780D
  +--> ?PR?_WRITEDATA?LCD_DRIVER_SPLC780D

?PR?_DISPLAYLCD?LCD_DRIVER_SPLC780D              -----    -----      03BBH    0001H
  +--> ?PR?_WRITEDATA?LCD_DRIVER_SPLC780D

?PR?_STEP_MOVE?BIPOLARMOTOR                      0020H.6  0000H.1    0482H    0004H
  +--> ?PR?VONESTEPMOVE?BIPOLARMOTOR

?PR?VONESTEPMOVE?BIPOLARMOTOR                    0020H.7  0000H.1    -----    -----
  +--> ?PR?_WRITE_PI4IOE5V96248?IOEXPANDER_P...
  +--> ?PR?_DELAY_MS?KEYPAD

?PR?_WRITE_PI4IOE5V96248?IOEXPANDER_P...         -----    -----      0486H    0003H
  +--> ?PR?I2C_START?IOEXPANDER_PI4IOE5V96248
  +--> ?PR?_WAIT_MS_I2C?IOEXPANDER_PI4IOE5V9...
  +--> ?PR?_I2C_SENDBYTE?IOEXPANDER_PI4IOE5V...
  +--> ?PR?I2C_ACK?IOEXPANDER_PI4IOE5V96248
  +--> ?PR?I2C_STOP?IOEXPANDER_PI4IOE5V96248
BL51 BANKED LINKER/LOCATER V6.22                                                      03/20/2019  11:15:42  PAGE 6



?PR?I2C_START?IOEXPANDER_PI4IOE5V96248           -----    -----      -----    -----
  +--> ?PR?_WAIT_MS_I2C?IOEXPANDER_PI4IOE5V9...

?PR?_I2C_SENDBYTE?IOEXPANDER_PI4IOE5V...         -----    -----      -----    -----
  +--> ?PR?_WAIT_MS_I2C?IOEXPANDER_PI4IOE5V9...

?PR?I2C_ACK?IOEXPANDER_PI4IOE5V96248             -----    -----      0489H    0001H
  +--> ?PR?_WAIT_MS_I2C?IOEXPANDER_PI4IOE5V9...

?PR?I2C_STOP?IOEXPANDER_PI4IOE5V96248            -----    -----      -----    -----
  +--> ?PR?_WAIT_MS_I2C?IOEXPANDER_PI4IOE5V9...

?PR?LCD_RETURN_HOME?LCD_DRIVER_SPLC780D          -----    -----      -----    -----
  +--> ?PR?_COMMAND?LCD_DRIVER_SPLC780D

?PR?_READ_TIME?PCF85063BTL                       -----    -----      03BBH    000FH
  +--> ?PR?_SPI_READTIME?PCF85063BTL

?PR?_SPI_READTIME?PCF85063BTL                    -----    -----      -----    -----
  +--> ?PR?_SPI_SENDBYTE?PCF85063BTL
  +--> ?PR?SPI_RECEIVEBYTE?PCF85063BTL

?PR?SPI_RECEIVEBYTE?PCF85063BTL                  -----    -----      -----    -----
  +--> ?PR?_PCF85063BTL_DELAY?PCF85063BTL

?PR?_CALIBRATION?CALIBRATION                     -----    -----      03BBH    0024H
  +--> ?PR?VOLTAGE_IS_STABLE?CALIBRATION
  +--> ?PR?_UPDATE_POSITION?BIPOLARMOTOR
  +--> ?PR?_FIND_REAL_MAX?CALIBRATION

?PR?VOLTAGE_IS_STABLE?CALIBRATION                -----    -----      03DFH    0018H
  +--> ?PR?_ADC_GETRESULT?ADC
  +--> ?PR?_ABS?LCD_DRIVER_SPLC780D

?PR?_UPDATE_POSITION?BIPOLARMOTOR                -----    -----      03DFH    009FH
  +--> ?PR?_BCDTODEC1?BIPOLARMOTOR
  +--> ?PR?SUNPOS?SUNPOS
  +--> ?PR?SIN?SIN
  +--> ?PR?ASIN?ASIN
  +--> ?PR?LINEAR_INTERPOLATE?BIPOLARMOTOR
  +--> ?PR?_ABS?LCD_DRIVER_SPLC780D
  +--> ?PR?_MOVE?BIPOLARMOTOR

?PR?SUNPOS?SUNPOS                                -----    -----      047EH    005DH
  +--> ?PR?SIN?SIN
  +--> ?PR?_ATAN2?ATAN2
  +--> ?PR?ASIN?ASIN
  +--> ?PR?ACOS?ACOS

?PR?SIN?SIN                                      0020H.5  0000H.1    04DBH    0004H

?PR?_ATAN2?ATAN2                                 -----    -----      04DBH    0008H
  +--> ?PR?ATAN?ATAN

?PR?ATAN?ATAN                                    0020H.5  0000H.2    04E3H    0004H

BL51 BANKED LINKER/LOCATER V6.22                                                      03/20/2019  11:15:42  PAGE 7


?PR?ASIN?ASIN                                    -----    -----      -----    -----
  +--> ?PR?SQRT?SQRT
  +--> ?PR?ATAN?ATAN

?PR?SQRT?SQRT                                    -----    -----      04DBH    0004H

?PR?ACOS?ACOS                                    -----    -----      -----    -----
  +--> ?PR?SQRT?SQRT
  +--> ?PR?ATAN?ATAN

?PR?LINEAR_INTERPOLATE?BIPOLARMOTOR              -----    -----      047EH    0014H

?PR?_MOVE?BIPOLARMOTOR                           0020H.5  0000H.1    047EH    0004H
  +--> ?PR?_STEP_MOVE?BIPOLARMOTOR

?PR?_FIND_REAL_MAX?CALIBRATION                   -----    -----      03DFH    008DH
  +--> ?PR?_MOVE?BIPOLARMOTOR
  +--> ?PR?_ADC_GETRESULT?ADC
  +--> ?PR?AT25SF041_WRITEENABLE?AT25SF041
  +--> ?PR?_AT25SF041_WRITE?AT25SF041
  +--> ?PR?_WAIT_MS_SPINOR?AT25SF041
  +--> ?PR?_COMMAND?LCD_DRIVER_SPLC780D
  +--> ?PR?_WRITEDATA?LCD_DRIVER_SPLC780D
  +--> ?PR?_DISPLAY_POS?LCD_DRIVER_SPLC780D
  +--> ?PR?_WAIT_MS?LCD_DRIVER_SPLC780D
  +--> ?PR?_MAX_VALUE?CALIBRATION

?PR?AT25SF041_WRITEENABLE?AT25SF041              -----    -----      046CH    0002H
  +--> ?PR?_WAIT_MS_SPINOR?AT25SF041
  +--> ?PR?UCREAD_STATUS_REGISTER_BYTE1?AT25...

?PR?UCREAD_STATUS_REGISTER_BYTE1?AT25...         -----    -----      0474H    0003H
  +--> ?PR?_WAIT_MS_SPINOR?AT25SF041

?PR?_AT25SF041_WRITE?AT25SF041                   -----    -----      046CH    0008H
  +--> ?PR?_WAIT_MS_SPINOR?AT25SF041
  +--> ?PR?UCREAD_STATUS_REGISTER_BYTE1?AT25...

?PR?_MAX_VALUE?CALIBRATION                       -----    -----      046CH    0004H

?PR?SPI_NOR_WRITE_DATA?AT25SF041                 -----    -----      03BBH    000EH
  +--> ?PR?AT25SF041_WRITEENABLE?AT25SF041
  +--> ?PR?_AT25SF041_WRITE?AT25SF041
  +--> ?PR?_WAIT_MS_SPINOR?AT25SF041

?PR?AT25SF041_CHIPERASE?AT25SF041                -----    -----      03BBH    0002H
  +--> ?PR?_WAIT_MS_SPINOR?AT25SF041
  +--> ?PR?UCREAD_STATUS_REGISTER_BYTE1?AT25...



UNRESOLVED EXTERNAL SYMBOLS:
   AUTO_MODE
   SPI_NOR_CLEARENABLE
   _SENDUART1


BL51 BANKED LINKER/LOCATER V6.22                                                      03/20/2019  11:15:42  PAGE 8



SYMBOL TABLE OF MODULE:  .\Obj\GPIO_RTC_Test (MAIN)

  VALUE           TYPE          NAME
  ----------------------------------

  -------         MODULE        MAIN
  C:0000H         SYMBOL        _ICE_DUMMY_
  X:04EFH         PUBLIC        calib_value
  D:0080H         PUBLIC        P0
  D:00B2H         PUBLIC        P3M0
  D:0090H         PUBLIC        P1
  D:00B1H         PUBLIC        P3M1
  D:00A0H         PUBLIC        P2
  D:00B0H         PUBLIC        P3
  D:00C0H         PUBLIC        P4
  D:00C8H         PUBLIC        P5
  X:0543H         SYMBOL        PressedKey
  B:00A8H.7       PUBLIC        EA
  D:00E8H         PUBLIC        P6
  X:0547H         PUBLIC        calib_stamp
  D:00F8H         PUBLIC        P7
  X:0548H         PUBLIC        RX_Data_Uart_Cnt
  D:00A8H         PUBLIC        IE
  X:054AH         PUBLIC        calib_time
  D:00B8H         PUBLIC        IP
  X:059EH         PUBLIC        months
  D:00D8H         PUBLIC        CCON
  C:000EH         PUBLIC        main
  X:059FH         PUBLIC        count
  X:05A1H         PUBLIC        days
  X:05A2H         PUBLIC        hours
  D:0098H         PUBLIC        SCON
  D:0089H         PUBLIC        TMOD
  D:0088H         PUBLIC        TCON
  B:00A0H.3       PUBLIC        P23
  X:05A3H         SYMBOL        KeyCount
  X:05A5H         PUBLIC        mins
  X:05A6H         PUBLIC        Rec_data_hour
  B:00C8H.5       PUBLIC        P55
  X:05A9H         PUBLIC        Rec_data_min
  D:008EH         PUBLIC        AUXR
  C:0009H         PUBLIC        tm0_isr
  B:0021H.0       PUBLIC        busy
  B:00A8H.1       PUBLIC        ET0
  X:05ACH         PUBLIC        SPI_NOR_INTERNAL_FLASH_ADDR
  D:008CH         PUBLIC        TH0
  X:05B0H         PUBLIC        hour_count
  D:008AH         PUBLIC        TL0
  X:05B1H         PUBLIC        min_count
  B:0088H.4       PUBLIC        TR0
  X:05B2H         SYMBOL        KeyNum
  X:05B3H         SYMBOL        KeyNum_Old
  X:05B4H         PUBLIC        current_position
  X:05B8H         PUBLIC        hours1
  X:05B9H         PUBLIC        hours2
  X:05BAH         PUBLIC        mins1
BL51 BANKED LINKER/LOCATER V6.22                                                      03/20/2019  11:15:42  PAGE 9


  X:05BBH         PUBLIC        mins2
  X:05BCH         PUBLIC        seconds
  X:05BDH         PUBLIC        st_time
  D:00D0H         PUBLIC        PSW
  -------         PROC          TM0_ISR
  C:0009H         LINE#         76
  C:0009H         LINE#         78
  -------         ENDPROC       TM0_ISR
  -------         PROC          MAIN
  -------         DO            
  X:038FH         SYMBOL        sunlight_ADC
  X:04E7H         SYMBOL        KeyCount
  X:04E9H         SYMBOL        KeyNum_Old
  X:04EAH         SYMBOL        KeyNum
  X:04EBH         SYMBOL        PressedKey
  X:0391H         SYMBOL        prox_flag
  X:0392H         SYMBOL        iUse_prevday_calib_value
  X:0394H         SYMBOL        max_ADC_Val_JP
  X:0396H         SYMBOL        max_ADC_Val
  X:0398H         SYMBOL        calib_point1
  X:03A0H         SYMBOL        calib_point2
  X:03A8H         SYMBOL        dat_to_store
  X:03B3H         SYMBOL        calib_day
  X:03B5H         SYMBOL        calib_count
  X:03B7H         SYMBOL        theorical_JP_max_pos
  -------         ENDDO         
  C:000EH         LINE#         80
  C:000EH         LINE#         81
  C:000EH         LINE#         86
  C:0014H         LINE#         87
  C:0019H         LINE#         89
  C:0021H         LINE#         93
  C:0027H         LINE#         94
  C:0031H         LINE#         98
  C:0033H         LINE#         99
  C:0035H         LINE#         100
  C:0037H         LINE#         101
  C:0039H         LINE#         103
  C:0040H         LINE#         104
  C:0044H         LINE#         113
  C:0046H         LINE#         114
  C:0049H         LINE#         115
  C:004CH         LINE#         116
  C:004FH         LINE#         117
  C:0052H         LINE#         118
  C:0055H         LINE#         121
  C:0058H         LINE#         123
  C:005BH         LINE#         124
  C:005EH         LINE#         125
  C:0061H         LINE#         126
  C:0063H         LINE#         127
  C:0065H         LINE#         128
  C:0067H         LINE#         130
  C:0069H         LINE#         131
  C:0070H         LINE#         132
  C:0077H         LINE#         133
  C:007EH         LINE#         134
BL51 BANKED LINKER/LOCATER V6.22                                                      03/20/2019  11:15:42  PAGE 10


  C:0085H         LINE#         138
  C:008CH         LINE#         139
  C:0091H         LINE#         140
  C:0096H         LINE#         141
  C:009BH         LINE#         142
  C:00A0H         LINE#         143
  C:00A5H         LINE#         146
  C:00BEH         LINE#         147
  C:00BEH         LINE#         148
  C:00DAH         LINE#         149
  C:0121H         LINE#         150
  C:0132H         LINE#         153
  C:0132H         LINE#         154
  C:0132H         LINE#         155
  C:0135H         LINE#         158
  C:0135H         LINE#         161
  C:013AH         LINE#         162
  C:013FH         LINE#         164
  C:0144H         LINE#         165
  C:0149H         LINE#         166
  C:014EH         LINE#         167
  C:0153H         LINE#         169
  C:0164H         LINE#         170
  C:0169H         LINE#         171
  C:016EH         LINE#         173
  C:0175H         LINE#         174
  C:017DH         LINE#         175
  C:0182H         LINE#         176
  C:018AH         LINE#         177
  C:018FH         LINE#         178
  C:0199H         LINE#         179
  C:019EH         LINE#         180
  C:01A6H         LINE#         182
  C:01AEH         LINE#         183
  C:01B3H         LINE#         184
  C:01BDH         LINE#         185
  C:01BDH         LINE#         186
  C:01BFH         LINE#         187
  C:01C1H         LINE#         188
  C:01CBH         LINE#         189
  C:01CBH         LINE#         190
  C:01D0H         LINE#         191
  C:01D0H         LINE#         203
  C:01DDH         LINE#         204
  C:01DDH         LINE#         205
  C:01E7H         LINE#         206
  C:01FEH         LINE#         207
  C:01FEH         LINE#         208
  C:0200H         LINE#         209
  C:0202H         LINE#         211
  C:0202H         LINE#         212
  C:020DH         LINE#         213
  C:020DH         LINE#         214
  C:0212H         LINE#         215
  C:0212H         LINE#         216
  C:021FH         LINE#         217
  C:021FH         LINE#         220
BL51 BANKED LINKER/LOCATER V6.22                                                      03/20/2019  11:15:42  PAGE 11


  C:0229H         LINE#         221
  C:0240H         LINE#         222
  C:0240H         LINE#         223
  C:0242H         LINE#         224
  C:0244H         LINE#         226
  C:0244H         LINE#         227
  C:024FH         LINE#         228
  C:024FH         LINE#         229
  C:0254H         LINE#         230
  C:0256H         LINE#         231
  C:0256H         LINE#         233
  C:0278H         LINE#         234
  C:0278H         LINE#         235
  C:0282H         LINE#         236
  C:0288H         LINE#         237
  C:028AH         LINE#         238
  C:028CH         LINE#         239
  C:028EH         LINE#         240
  C:028EH         LINE#         241
  C:0291H         LINE#         243
  C:0291H         LINE#         244
  C:0297H         LINE#         245
  C:029FH         LINE#         246
  C:02A5H         LINE#         247
  C:02ADH         LINE#         248
  C:02E8H         LINE#         252
  C:02F5H         LINE#         253
  C:02F5H         LINE#         255
  C:0302H         LINE#         256
  C:0335H         LINE#         257
  C:0342H         LINE#         258
  C:0342H         LINE#         260
  C:0365H         LINE#         261
  C:0365H         LINE#         262
  C:0392H         LINE#         263
  C:0392H         LINE#         264
  C:040EH         LINE#         265
  C:0498H         LINE#         268
  C:04A0H         LINE#         269
  C:04A8H         LINE#         270
  C:04B0H         LINE#         271
  C:04B8H         LINE#         273
  C:04CCH         LINE#         274
  C:04E2H         LINE#         275
  C:0512H         LINE#         276
  C:0526H         LINE#         278
  C:0536H         LINE#         279
  C:0536H         LINE#         280
  C:0536H         LINE#         281
  C:0536H         LINE#         283
  C:0536H         LINE#         286
  C:0539H         LINE#         288
  C:056DH         LINE#         289
  C:056DH         LINE#         291
  C:0574H         LINE#         292
  C:0574H         LINE#         293
  C:0592H         LINE#         294
BL51 BANKED LINKER/LOCATER V6.22                                                      03/20/2019  11:15:42  PAGE 12


  C:05B1H         LINE#         295
  C:05BEH         LINE#         296
  C:05CEH         LINE#         299
  C:05D6H         LINE#         300
  C:05DEH         LINE#         301
  C:05E6H         LINE#         302
  C:05EEH         LINE#         304
  C:05FCH         LINE#         305
  C:0612H         LINE#         306
  C:0642H         LINE#         307
  C:0656H         LINE#         309
  C:0666H         LINE#         310
  C:0666H         LINE#         311
  C:0666H         LINE#         313
  C:0666H         LINE#         314
  C:0669H         LINE#         315
  C:067AH         LINE#         316
  C:067AH         LINE#         317
  C:067AH         LINE#         319
  C:067AH         LINE#         322
  C:067DH         LINE#         324
  C:067DH         LINE#         325
  C:069FH         LINE#         326
  C:069FH         LINE#         327
  C:071BH         LINE#         328
  C:0770H         LINE#         329
  C:0770H         LINE#         330
  C:0770H         LINE#         331
  C:0773H         LINE#         335
  C:0773H         LINE#         338
  C:079BH         LINE#         339
  C:079BH         LINE#         340
  C:07C8H         LINE#         341
  C:07C8H         LINE#         342
  C:0844H         LINE#         343
  C:08CEH         LINE#         345
  C:08D6H         LINE#         346
  C:08DEH         LINE#         347
  C:08E6H         LINE#         348
  C:08EEH         LINE#         350
  C:0902H         LINE#         351
  C:0918H         LINE#         352
  C:0948H         LINE#         353
  C:095CH         LINE#         355
  C:0970H         LINE#         356
  C:0986H         LINE#         357
  C:09B6H         LINE#         358
  C:09BDH         LINE#         360
  C:09BDH         LINE#         362
  C:09C0H         LINE#         364
  C:09F4H         LINE#         365
  C:09F4H         LINE#         366
  C:09FBH         LINE#         367
  C:09FBH         LINE#         368
  C:0A19H         LINE#         369
  C:0A38H         LINE#         370
  C:0A45H         LINE#         371
BL51 BANKED LINKER/LOCATER V6.22                                                      03/20/2019  11:15:42  PAGE 13


  C:0A55H         LINE#         374
  C:0A5DH         LINE#         375
  C:0A65H         LINE#         376
  C:0A6DH         LINE#         377
  C:0A75H         LINE#         379
  C:0A83H         LINE#         380
  C:0A99H         LINE#         381
  C:0AC9H         LINE#         382
  C:0ADDH         LINE#         384
  C:0AF1H         LINE#         385
  C:0B07H         LINE#         386
  C:0B37H         LINE#         388
  C:0B5BH         LINE#         389
  C:0B5EH         LINE#         390
  C:0B6FH         LINE#         391
  C:0B6FH         LINE#         392
  C:0B77H         LINE#         394
  C:0B77H         LINE#         397
  C:0B7AH         LINE#         399
  C:0B7AH         LINE#         401
  C:0B9CH         LINE#         402
  C:0B9CH         LINE#         403
  C:0C18H         LINE#         405
  C:0C45H         LINE#         406
  C:0C60H         LINE#         407
  C:0C8DH         LINE#         408
  C:0CA8H         LINE#         410
  C:0D44H         LINE#         413
  C:0D44H         LINE#         414
  C:0D44H         LINE#         415
  C:0D44H         LINE#         417
  C:0D44H         LINE#         420
  C:0D60H         LINE#         421
  C:0D64H         LINE#         423
  C:0D66H         LINE#         426
  C:0D71H         LINE#         427
  C:0D71H         LINE#         428
  C:0D74H         LINE#         429
  C:0D7BH         LINE#         430
  C:0D80H         LINE#         431
  C:0D85H         LINE#         432
  C:0D8AH         LINE#         433
  C:0D8FH         LINE#         434
  C:0D94H         LINE#         435
  C:0D99H         LINE#         436
  C:0D9EH         LINE#         437
  C:0DA3H         LINE#         438
  C:0DA8H         LINE#         439
  C:0DADH         LINE#         440
  C:0DB2H         LINE#         441
  C:0DB7H         LINE#         444
  C:0DBAH         LINE#         446
  C:0DBDH         LINE#         447
  C:0DC4H         LINE#         448
  C:0DCEH         LINE#         449
  C:0DD3H         LINE#         451
  C:0DD6H         LINE#         452
BL51 BANKED LINKER/LOCATER V6.22                                                      03/20/2019  11:15:42  PAGE 14


  C:0DDBH         LINE#         453
  C:0DE0H         LINE#         454
  C:0DE5H         LINE#         455
  C:0DEAH         LINE#         456
  C:0DEFH         LINE#         457
  C:0DF4H         LINE#         458
  C:0DF9H         LINE#         460
  C:0DF9H         LINE#         461
  -------         ENDPROC       MAIN
  -------         ENDMOD        MAIN

  -------         MODULE        PCF85063BTL
  C:0000H         SYMBOL        _ICE_DUMMY_
  D:0096H         PUBLIC        P2M0
  D:0080H         PUBLIC        P0
  D:0095H         PUBLIC        P2M1
  D:0090H         PUBLIC        P1
  D:00A0H         PUBLIC        P2
  D:00B0H         PUBLIC        P3
  D:00C0H         PUBLIC        P4
  D:00C8H         PUBLIC        P5
  D:00E8H         PUBLIC        P6
  B:00A0H.1       PUBLIC        PCF85063BTL_SDI
  D:00F8H         PUBLIC        P7
  B:00A0H.2       PUBLIC        PCF85063BTL_SCK
  B:00A0H.1       PUBLIC        PCF85063BTL_SDO
  D:00A8H         PUBLIC        IE
  C:4BF9H         PUBLIC        _Read_time
  C:5100H         PUBLIC        _PCF85063BTL_Delay
  D:00B8H         PUBLIC        IP
  D:00D8H         PUBLIC        CCON
  C:4A8AH         PUBLIC        _Day_Of_Year
  C:4FF6H         PUBLIC        SPI_ReceiveByte
  D:0098H         PUBLIC        SCON
  D:0088H         PUBLIC        TCON
  C:5147H         PUBLIC        _BCDtoDec
  B:00A0H.0       PUBLIC        PCF85063BTL_CS
  C:5136H         PUBLIC        _SPI_ReadTime
  C:5196H         PUBLIC        SPI_Init
  C:508BH         PUBLIC        _SPI_WriteTime
  C:4FD6H         PUBLIC        _SPI_SendByte
  D:00D0H         PUBLIC        PSW
  C:50FCH         SYMBOL        L?0047
  -------         PROC          L?0046
  -------         ENDPROC       L?0046
  C:50FCH         SYMBOL        L?0047
  -------         PROC          _PCF85063BTL_DELAY
  D:0006H         SYMBOL        us
  C:5100H         LINE#         8
  C:5100H         LINE#         9
  C:5100H         LINE#         10
  C:510AH         LINE#         11
  C:510AH         LINE#         12
  C:510BH         LINE#         13
  C:510DH         LINE#         14
  -------         ENDPROC       _PCF85063BTL_DELAY
  -------         PROC          _SPI_SENDBYTE
BL51 BANKED LINKER/LOCATER V6.22                                                      03/20/2019  11:15:42  PAGE 15


  D:0005H         SYMBOL        dat
  -------         DO            
  D:0003H         SYMBOL        i
  -------         ENDDO         
  C:4FD6H         LINE#         17
  C:4FD8H         LINE#         18
  C:4FD8H         LINE#         20
  C:4FDAH         LINE#         21
  C:4FDAH         LINE#         22
  C:4FDCH         LINE#         23
  C:4FE0H         LINE#         24
  C:4FE0H         LINE#         25
  C:4FE2H         LINE#         26
  C:4FE4H         LINE#         28
  C:4FE4H         LINE#         29
  C:4FE6H         LINE#         30
  C:4FE6H         LINE#         31
  C:4FE9H         LINE#         32
  C:4FE9H         LINE#         33
  C:4FECH         LINE#         34
  C:4FF0H         LINE#         35
  C:4FF5H         LINE#         36
  -------         ENDPROC       _SPI_SENDBYTE
  -------         PROC          SPI_RECEIVEBYTE
  -------         DO            
  D:0003H         SYMBOL        i
  D:0005H         SYMBOL        dat
  -------         ENDDO         
  C:4FF6H         LINE#         39
  C:4FF6H         LINE#         40
  C:4FF6H         LINE#         42
  C:4FF8H         LINE#         44
  C:4FFAH         LINE#         45
  C:4FFBH         LINE#         46
  C:4FFBH         LINE#         47
  C:4FFFH         LINE#         48
  C:5001H         LINE#         49
  C:5004H         LINE#         51
  C:5007H         LINE#         52
  C:5007H         LINE#         53
  C:500BH         LINE#         54
  C:500BH         LINE#         55
  C:500BH         LINE#         56
  C:500EH         LINE#         57
  C:5013H         LINE#         58
  C:5015H         LINE#         59
  -------         ENDPROC       SPI_RECEIVEBYTE
  -------         PROC          _SPI_READTIME
  D:0007H         SYMBOL        addr
  -------         DO            
  D:0006H         SYMBOL        dat
  -------         ENDDO         
  C:5136H         LINE#         61
  C:5136H         LINE#         62
  C:5136H         LINE#         64
  C:5138H         LINE#         65
  C:513AH         LINE#         66
BL51 BANKED LINKER/LOCATER V6.22                                                      03/20/2019  11:15:42  PAGE 16


  C:5141H         LINE#         67
  C:5144H         LINE#         68
  C:5146H         LINE#         69
  C:5146H         LINE#         70
  -------         ENDPROC       _SPI_READTIME
  -------         PROC          _SPI_WRITETIME
  D:0002H         SYMBOL        val
  D:0005H         SYMBOL        addr
  C:508BH         LINE#         71
  C:508DH         LINE#         72
  C:508DH         LINE#         74
  C:508FH         LINE#         75
  C:5096H         LINE#         76
  C:509BH         LINE#         77
  C:50A0H         LINE#         78
  C:50A2H         LINE#         79
  -------         ENDPROC       _SPI_WRITETIME
  -------         PROC          SPI_INIT
  C:5196H         LINE#         83
  C:5196H         LINE#         84
  C:5196H         LINE#         89
  C:5199H         LINE#         90
  C:519CH         LINE#         91
  C:519EH         LINE#         92
  C:51A0H         LINE#         93
  C:51A2H         LINE#         94
  -------         ENDPROC       SPI_INIT
  -------         PROC          _READ_TIME
  X:03BBH         SYMBOL        months
  X:03BEH         SYMBOL        days
  X:03C1H         SYMBOL        hours
  X:03C4H         SYMBOL        mins
  X:03C7H         SYMBOL        seconds
  C:4BF9H         LINE#         96
  C:4C04H         LINE#         97
  C:4C04H         LINE#         99
  C:4C18H         LINE#         101
  C:4C2CH         LINE#         103
  C:4C40H         LINE#         108
  C:4C54H         LINE#         113
  -------         ENDPROC       _READ_TIME
  -------         PROC          _BCDTODEC
  D:0007H         SYMBOL        bcd
  -------         DO            
  D:0006H         SYMBOL        hi
  D:0007H         SYMBOL        lo
  -------         ENDDO         
  C:5147H         LINE#         119
  C:5147H         LINE#         120
  C:5147H         LINE#         122
  C:514CH         LINE#         123
  C:5150H         LINE#         124
  C:5157H         LINE#         125
  -------         ENDPROC       _BCDTODEC
  -------         PROC          _DAY_OF_YEAR
  D:0007H         SYMBOL        months_bcd
  D:0005H         SYMBOL        days_bcd
BL51 BANKED LINKER/LOCATER V6.22                                                      03/20/2019  11:15:42  PAGE 17


  -------         DO            
  D:0004H         SYMBOL        months
  D:0007H         SYMBOL        days
  -------         ENDDO         
  C:4A8AH         LINE#         126
  C:4A8AH         LINE#         127
  C:4A8AH         LINE#         130
  C:4A8FH         LINE#         132
  C:4A94H         LINE#         134
  C:4ACDH         LINE#         135
  C:4ACDH         LINE#         136
  C:4ACDH         LINE#         137
  C:4AD0H         LINE#         138
  C:4AD0H         LINE#         139
  C:4AD0H         LINE#         140
  C:4AD5H         LINE#         141
  C:4AD5H         LINE#         142
  C:4AD5H         LINE#         143
  C:4ADAH         LINE#         144
  C:4ADAH         LINE#         145
  C:4ADAH         LINE#         146
  C:4ADFH         LINE#         147
  C:4ADFH         LINE#         148
  C:4ADFH         LINE#         149
  C:4AE4H         LINE#         150
  C:4AE4H         LINE#         151
  C:4AE4H         LINE#         152
  C:4AE9H         LINE#         153
  C:4AE9H         LINE#         154
  C:4AE9H         LINE#         155
  C:4AEEH         LINE#         156
  C:4AEEH         LINE#         157
  C:4AEEH         LINE#         158
  C:4AF3H         LINE#         159
  C:4AF3H         LINE#         160
  C:4AF3H         LINE#         161
  C:4AFBH         LINE#         162
  C:4AFBH         LINE#         163
  C:4AFBH         LINE#         164
  C:4B00H         LINE#         165
  C:4B00H         LINE#         166
  C:4B00H         LINE#         167
  C:4B05H         LINE#         168
  C:4B05H         LINE#         169
  C:4B05H         LINE#         170
  C:4B0DH         LINE#         171
  C:4B0DH         LINE#         172
  C:4B0DH         LINE#         173
  -------         ENDPROC       _DAY_OF_YEAR
  -------         ENDMOD        PCF85063BTL

  -------         MODULE        UART1
  C:0000H         SYMBOL        _ICE_DUMMY_
  D:0080H         PUBLIC        P0
  D:0090H         PUBLIC        P1
  D:00A0H         PUBLIC        P2
  D:00B0H         PUBLIC        P3
BL51 BANKED LINKER/LOCATER V6.22                                                      03/20/2019  11:15:42  PAGE 18


  D:00C0H         PUBLIC        P4
  D:00C8H         PUBLIC        P5
  B:00A8H.7       PUBLIC        EA
  D:00E8H         PUBLIC        P6
  D:00F8H         PUBLIC        P7
  C:4EAEH         PUBLIC        _SendString
  D:00A8H         PUBLIC        IE
  B:00A8H.4       PUBLIC        ES
  D:00B8H         PUBLIC        IP
  C:50A3H         PUBLIC        _ASCIItoBCD
  D:00D8H         PUBLIC        CCON
  C:5158H         PUBLIC        initUART1
  D:0098H         PUBLIC        SCON
  D:0088H         PUBLIC        TCON
  C:000AH         PUBLIC        _DectoBCD
  C:51CEH         PUBLIC        _ASCII_Letter
  D:008EH         PUBLIC        AUXR
  C:51C9H         PUBLIC        _unit
  C:0003H         PUBLIC        _ten
  D:00D6H         PUBLIC        T2H
  D:00D7H         PUBLIC        T2L
  D:00D0H         PUBLIC        PSW
  -------         PROC          INITUART1
  C:5158H         LINE#         21
  C:5158H         LINE#         22
  C:5158H         LINE#         23
  C:515BH         LINE#         24
  C:515EH         LINE#         25
  C:5161H         LINE#         26
  C:5164H         LINE#         27
  C:5166H         LINE#         28
  C:5168H         LINE#         30
  -------         ENDPROC       INITUART1
  -------         PROC          _SENDSTRING
  X:0639H         SYMBOL        s
  C:4EAEH         LINE#         35
  C:4EB9H         LINE#         36
  C:4EB9H         LINE#         37
  C:4EC9H         LINE#         38
  C:4EC9H         LINE#         39
  C:4EDEH         LINE#         40
  C:4EE0H         LINE#         41
  -------         ENDPROC       _SENDSTRING
  -------         PROC          _TEN
  D:0007H         SYMBOL        BCD
  C:0003H         LINE#         43
  C:0003H         LINE#         44
  C:0003H         LINE#         45
  C:0008H         LINE#         46
  -------         ENDPROC       _TEN
  -------         PROC          _UNIT
  D:0007H         SYMBOL        BCD
  C:51C9H         LINE#         47
  C:51C9H         LINE#         48
  C:51C9H         LINE#         52
  C:51CDH         LINE#         53
  -------         ENDPROC       _UNIT
BL51 BANKED LINKER/LOCATER V6.22                                                      03/20/2019  11:15:42  PAGE 19


  -------         PROC          _DECTOBCD
  D:0007H         SYMBOL        dec
  C:000AH         LINE#         54
  C:000AH         LINE#         55
  C:000AH         LINE#         57
  C:000AH         LINE#         58
  -------         ENDPROC       _DECTOBCD
  -------         PROC          _ASCII_LETTER
  D:0007H         SYMBOL        dat
  C:51CEH         LINE#         60
  C:51CEH         LINE#         61
  C:51CEH         LINE#         63
  C:51D2H         LINE#         64
  -------         ENDPROC       _ASCII_LETTER
  -------         PROC          _ASCIITOBCD
  D:0001H         SYMBOL        ascii
  -------         DO            
  D:0007H         SYMBOL        dec_val
  D:0006H         SYMBOL        ten
  D:0007H         SYMBOL        unit
  -------         ENDDO         
  C:50A3H         LINE#         66
  C:50A3H         LINE#         67
  C:50A3H         LINE#         69
  C:50A6H         LINE#         70
  C:50ACH         LINE#         71
  C:50B3H         LINE#         72
  C:50B9H         LINE#         74
  -------         ENDPROC       _ASCIITOBCD
  -------         ENDMOD        UART1

  -------         MODULE        LCD_DRIVER_SPLC780D
  C:0000H         SYMBOL        _ICE_DUMMY_
  D:0092H         PUBLIC        P1M0
  D:0091H         PUBLIC        P1M1
  D:0080H         PUBLIC        P0
  D:0090H         PUBLIC        P1
  D:00A0H         PUBLIC        P2
  D:00B0H         PUBLIC        P3
  D:00C0H         PUBLIC        P4
  D:00C8H         PUBLIC        P5
  D:00E8H         PUBLIC        P6
  D:00F8H         PUBLIC        P7
  C:4B12H         PUBLIC        _WriteData
  D:00A8H         PUBLIC        IE
  D:00B8H         PUBLIC        IP
  D:00D8H         PUBLIC        CCON
  B:00B0H.4       PUBLIC        LCD_D4
  B:00B0H.5       PUBLIC        LCD_D5
  B:00B0H.6       PUBLIC        LCD_D6
  C:5053H         PUBLIC        _DisplayLCD
  B:00B0H.7       PUBLIC        LCD_D7
  D:0098H         PUBLIC        SCON
  D:0088H         PUBLIC        TCON
  C:510EH         PUBLIC        _abs
  C:51B9H         PUBLIC        LCD_clear
  C:4DF3H         PUBLIC        _Command
BL51 BANKED LINKER/LOCATER V6.22                                                      03/20/2019  11:15:42  PAGE 20


  C:50D0H         PUBLIC        _Display_Line
  C:4CC2H         PUBLIC        LCD_Init
  C:4FB8H         PUBLIC        _Wait_ms
  B:00C0H.0       PUBLIC        LCD_RS
  B:00B0H.2       PUBLIC        LCD_RW
  C:51AFH         PUBLIC        LCD_return_home
  C:3FDCH         PUBLIC        _Display_Pos
  B:00B0H.3       PUBLIC        LCD_E
  D:00D0H         PUBLIC        PSW
  -------         PROC          LCD_INIT
  C:4CC2H         LINE#         9
  C:4CC2H         LINE#         10
  C:4CC2H         LINE#         11
  C:4CC5H         LINE#         12
  C:4CC8H         LINE#         14
  C:4CCEH         LINE#         15
  C:4CD3H         LINE#         17
  C:4CDAH         LINE#         18
  C:4CDFH         LINE#         20
  C:4CE2H         LINE#         21
  C:4CE7H         LINE#         23
  C:4CEAH         LINE#         24
  C:4CEFH         LINE#         26
  C:4CF6H         LINE#         29
  C:4CFBH         LINE#         30
  C:4D00H         LINE#         32
  C:4D05H         LINE#         33
  C:4D0AH         LINE#         35
  C:4D0FH         LINE#         36
  C:4D14H         LINE#         37
  -------         ENDPROC       LCD_INIT
  C:4B0EH         SYMBOL        L?0040
  -------         PROC          L?0039
  -------         ENDPROC       L?0039
  C:4B0EH         SYMBOL        L?0040
  -------         PROC          _WRITEDATA
  X:0476H         SYMBOL        dat
  C:4B12H         LINE#         40
  C:4B17H         LINE#         41
  C:4B17H         LINE#         46
  C:4B19H         LINE#         47
  C:4B1BH         LINE#         49
  C:4B29H         LINE#         50
  C:4B35H         LINE#         51
  C:4B41H         LINE#         52
  C:4B4BH         LINE#         53
  C:4B4DH         LINE#         54
  C:4B54H         LINE#         55
  C:4B56H         LINE#         57
  C:4B66H         LINE#         58
  C:4B71H         LINE#         59
  C:4B7BH         LINE#         60
  C:4B7FH         LINE#         62
  C:4B7FH         LINE#         63
  C:4B82H         LINE#         64
  C:4B84H         LINE#         65
  C:4B86H         LINE#         67
BL51 BANKED LINKER/LOCATER V6.22                                                      03/20/2019  11:15:42  PAGE 21


  -------         ENDPROC       _WRITEDATA
  -------         PROC          _COMMAND
  D:0007H         SYMBOL        dat
  C:4DF3H         LINE#         69
  C:4DF3H         LINE#         70
  C:4DF3H         LINE#         71
  C:4DF5H         LINE#         72
  C:4DF7H         LINE#         74
  C:4E01H         LINE#         75
  C:4E05H         LINE#         77
  C:4E07H         LINE#         78
  C:4E10H         LINE#         79
  C:4E14H         LINE#         81
  C:4E16H         LINE#         82
  C:4E1DH         LINE#         83
  C:4E21H         LINE#         85
  C:4E23H         LINE#         86
  C:4E27H         LINE#         87
  C:4E2BH         LINE#         89
  C:4E2DH         LINE#         90
  C:4E2DH         LINE#         91
  C:4E30H         LINE#         92
  C:4E32H         LINE#         93
  -------         ENDPROC       _COMMAND
  C:4FB4H         SYMBOL        L?0038
  -------         PROC          L?0037
  -------         ENDPROC       L?0037
  C:4FB4H         SYMBOL        L?0038
  -------         PROC          _WAIT_MS
  D:0006H         SYMBOL        ms
  -------         DO            
  D:0004H         SYMBOL        De_Cnt
  -------         ENDDO         
  C:4FB8H         LINE#         95
  C:4FB8H         LINE#         96
  C:4FB8H         LINE#         98
  C:4FC2H         LINE#         99
  C:4FC2H         LINE#         100
  C:4FD5H         LINE#         101
  C:4FD5H         LINE#         102
  -------         ENDPROC       _WAIT_MS
  -------         PROC          _DISPLAYLCD
  D:0007H         SYMBOL        BCD
  -------         DO            
  D:0006H         SYMBOL        first_digit
  X:03BBH         SYMBOL        second_digit
  -------         ENDDO         
  C:5053H         LINE#         103
  C:5053H         LINE#         104
  C:5053H         LINE#         106
  C:505AH         LINE#         107
  C:5063H         LINE#         109
  C:5068H         LINE#         111
  -------         ENDPROC       _DISPLAYLCD
  -------         PROC          LCD_RETURN_HOME
  C:51AFH         LINE#         115
  C:51AFH         LINE#         116
BL51 BANKED LINKER/LOCATER V6.22                                                      03/20/2019  11:15:42  PAGE 22


  C:51AFH         LINE#         117
  C:51B4H         LINE#         118
  -------         ENDPROC       LCD_RETURN_HOME
  -------         PROC          LCD_CLEAR
  C:51B9H         LINE#         121
  C:51B9H         LINE#         122
  C:51B9H         LINE#         123
  C:51BEH         LINE#         124
  -------         ENDPROC       LCD_CLEAR
  -------         PROC          _DISPLAY_LINE
  D:0006H         SYMBOL        line
  C:50D0H         LINE#         128
  C:50D0H         LINE#         129
  C:50D0H         LINE#         130
  C:50D6H         LINE#         131
  C:50D6H         LINE#         132
  C:50D8H         LINE#         133
  C:50D8H         LINE#         134
  C:50DAH         LINE#         136
  C:50DAH         LINE#         137
  C:50DFH         LINE#         138
  C:50E4H         LINE#         139
  C:50E4H         LINE#         140
  -------         ENDPROC       _DISPLAY_LINE
  -------         PROC          _DISPLAY_POS
  X:046CH         SYMBOL        sign_dat
  -------         DO            
  X:0470H         SYMBOL        unit
  X:0471H         SYMBOL        ten
  X:0472H         SYMBOL        hundred
  D:0003H         SYMBOL        thousand
  X:0473H         SYMBOL        after_dot
  X:0474H         SYMBOL        dat
  -------         ENDDO         
  C:3FDCH         LINE#         142
  C:3FE2H         LINE#         143
  C:3FE2H         LINE#         147
  C:3FFEH         LINE#         148
  C:4018H         LINE#         149
  C:403CH         LINE#         151
  C:4086H         LINE#         153
  C:409DH         LINE#         154
  C:40AAH         LINE#         155
  C:40CCH         LINE#         156
  C:4101H         LINE#         157
  C:4119H         LINE#         158
  C:4119H         LINE#         160
  C:4119H         LINE#         161
  C:4119H         LINE#         162
  C:4119H         LINE#         163
  C:4119H         LINE#         164
  C:4119H         LINE#         168
  C:411BH         LINE#         170
  C:411BH         LINE#         172
  C:4120H         LINE#         173
  C:4126H         LINE#         174
  C:412CH         LINE#         175
BL51 BANKED LINKER/LOCATER V6.22                                                      03/20/2019  11:15:42  PAGE 23


  C:4132H         LINE#         176
  C:4137H         LINE#         177
  C:413DH         LINE#         181
  C:413DH         LINE#         183
  -------         ENDPROC       _DISPLAY_POS
  -------         PROC          _ABS
  D:0006H         SYMBOL        dat
  C:510EH         LINE#         185
  C:510EH         LINE#         186
  C:510EH         LINE#         187
  C:5119H         LINE#         188
  C:511AH         LINE#         190
  C:5121H         LINE#         191
  -------         ENDPROC       _ABS
  -------         ENDMOD        LCD_DRIVER_SPLC780D

  -------         MODULE        KEYPAD
  C:0000H         SYMBOL        _ICE_DUMMY_
  D:0093H         PUBLIC        P0M1
  D:0080H         PUBLIC        P0
  D:0090H         PUBLIC        P1
  D:00A0H         PUBLIC        P2
  D:00B0H         PUBLIC        P3
  D:00C0H         PUBLIC        P4
  D:00C8H         PUBLIC        P5
  B:0020H.0       PUBLIC        calib_mode
  D:00E8H         PUBLIC        P6
  D:00F8H         PUBLIC        P7
  D:00A8H         PUBLIC        IE
  C:3B3EH         PUBLIC        Key_Scan
  D:00B8H         PUBLIC        IP
  D:00D8H         PUBLIC        CCON
  C:51A3H         PUBLIC        KeyPad_IO_Init
  C:5035H         PUBLIC        _Delay_ms
  D:0098H         PUBLIC        SCON
  D:0088H         PUBLIC        TCON
  B:0020H.1       PUBLIC        small_move
  B:0020H.2       PUBLIC        move
  B:0020H.3       PUBLIC        direction
  B:0020H.4       PUBLIC        auto_move
  C:3235H         PUBLIC        Key_Process
  D:00D0H         PUBLIC        PSW
  D:0094H         PUBLIC        P0M0
  -------         PROC          _DELAY_MS
  D:0006H         SYMBOL        ms
  -------         DO            
  D:0004H         SYMBOL        De_Cnt
  -------         ENDDO         
  C:5035H         LINE#         19
  C:5035H         LINE#         20
  C:5035H         LINE#         22
  C:503FH         LINE#         23
  C:503FH         LINE#         24
  C:5052H         LINE#         25
  C:5052H         LINE#         26
  -------         ENDPROC       _DELAY_MS
  -------         PROC          KEY_SCAN
BL51 BANKED LINKER/LOCATER V6.22                                                      03/20/2019  11:15:42  PAGE 24


  -------         DO            
  X:03C1H         SYMBOL        KeyTemp1
  X:03C2H         SYMBOL        KeyTemp2
  X:03C3H         SYMBOL        KeyValue
  -------         ENDDO         
  C:3B3EH         LINE#         27
  C:3B3EH         LINE#         28
  C:3B3EH         LINE#         33
  C:3B41H         LINE#         36
  C:3B44H         LINE#         38
  C:3B4CH         LINE#         39
  C:3B53H         LINE#         40
  C:3B53H         LINE#         42
  C:3B58H         LINE#         43
  C:3B5FH         LINE#         44
  C:3B5FH         LINE#         47
  C:3B62H         LINE#         48
  C:3B65H         LINE#         49
  C:3B6AH         LINE#         50
  C:3B6EH         LINE#         51
  C:3B6EH         LINE#         52
  C:3B76H         LINE#         53
  C:3B76H         LINE#         54
  C:3B79H         LINE#         55
  C:3B81H         LINE#         56
  C:3B83H         LINE#         58
  C:3B97H         LINE#         59
  C:3B97H         LINE#         60
  C:3B97H         LINE#         61
  C:3B97H         LINE#         62
  C:3B9DH         LINE#         64
  C:3B9FH         LINE#         65
  C:3B9FH         LINE#         66
  C:3B9FH         LINE#         67
  C:3BA5H         LINE#         69
  C:3BA7H         LINE#         70
  C:3BA7H         LINE#         71
  C:3BA7H         LINE#         72
  C:3BADH         LINE#         74
  C:3BAFH         LINE#         75
  C:3BAFH         LINE#         76
  C:3BAFH         LINE#         77
  C:3BB5H         LINE#         79
  C:3BB5H         LINE#         80
  C:3BB5H         LINE#         81
  C:3BB5H         LINE#         84
  C:3BB8H         LINE#         85
  C:3BBBH         LINE#         86
  C:3BC3H         LINE#         87
  C:3BC7H         LINE#         88
  C:3BC7H         LINE#         89
  C:3BCFH         LINE#         90
  C:3BCFH         LINE#         91
  C:3BD2H         LINE#         92
  C:3BDAH         LINE#         93
  C:3BDCH         LINE#         94
  C:3BF0H         LINE#         95
BL51 BANKED LINKER/LOCATER V6.22                                                      03/20/2019  11:15:42  PAGE 25


  C:3BF0H         LINE#         96
  C:3BF0H         LINE#         97
  C:3BF0H         LINE#         98
  C:3BF6H         LINE#         100
  C:3BF8H         LINE#         101
  C:3BF8H         LINE#         102
  C:3BF8H         LINE#         103
  C:3BFEH         LINE#         105
  C:3C00H         LINE#         106
  C:3C00H         LINE#         107
  C:3C00H         LINE#         108
  C:3C06H         LINE#         110
  C:3C08H         LINE#         111
  C:3C08H         LINE#         112
  C:3C08H         LINE#         113
  C:3C0DH         LINE#         115
  C:3C0DH         LINE#         116
  C:3C0DH         LINE#         117
  C:3C0DH         LINE#         120
  C:3C10H         LINE#         121
  C:3C13H         LINE#         122
  C:3C1BH         LINE#         123
  C:3C1FH         LINE#         124
  C:3C1FH         LINE#         125
  C:3C27H         LINE#         126
  C:3C27H         LINE#         127
  C:3C2AH         LINE#         128
  C:3C32H         LINE#         129
  C:3C34H         LINE#         130
  C:3C48H         LINE#         131
  C:3C48H         LINE#         132
  C:3C48H         LINE#         133
  C:3C48H         LINE#         134
  C:3C4EH         LINE#         136
  C:3C50H         LINE#         137
  C:3C50H         LINE#         138
  C:3C50H         LINE#         139
  C:3C56H         LINE#         141
  C:3C58H         LINE#         142
  C:3C58H         LINE#         143
  C:3C58H         LINE#         144
  C:3C5EH         LINE#         146
  C:3C60H         LINE#         147
  C:3C60H         LINE#         148
  C:3C60H         LINE#         149
  C:3C66H         LINE#         151
  C:3C66H         LINE#         152
  C:3C66H         LINE#         153
  C:3C66H         LINE#         157
  C:3C69H         LINE#         158
  C:3C6CH         LINE#         159
  C:3C74H         LINE#         160
  C:3C78H         LINE#         161
  C:3C78H         LINE#         162
  C:3C80H         LINE#         163
  C:3C80H         LINE#         164
  C:3C83H         LINE#         165
BL51 BANKED LINKER/LOCATER V6.22                                                      03/20/2019  11:15:42  PAGE 26


  C:3C8BH         LINE#         166
  C:3C8DH         LINE#         167
  C:3CA1H         LINE#         168
  C:3CA1H         LINE#         169
  C:3CA1H         LINE#         170
  C:3CA1H         LINE#         171
  C:3CA7H         LINE#         173
  C:3CA9H         LINE#         174
  C:3CA9H         LINE#         175
  C:3CA9H         LINE#         176
  C:3CAFH         LINE#         178
  C:3CB1H         LINE#         179
  C:3CB1H         LINE#         180
  C:3CB1H         LINE#         181
  C:3CB7H         LINE#         183
  C:3CB9H         LINE#         184
  C:3CB9H         LINE#         185
  C:3CB9H         LINE#         186
  C:3CBFH         LINE#         188
  C:3CBFH         LINE#         189
  C:3CBFH         LINE#         190
  C:3CBFH         LINE#         192
  C:3CC5H         LINE#         193
  C:3CC5H         LINE#         195
  C:3CC5H         LINE#         196
  C:3CC8H         LINE#         197
  C:3CC8H         LINE#         198
  C:3CC8H         LINE#         200
  C:3CC8H         LINE#         201
  C:3CCAH         LINE#         202
  C:3CCAH         LINE#         203
  -------         ENDPROC       KEY_SCAN
  -------         PROC          KEY_PROCESS
  -------         DO            
  X:0623H         SYMBOL        KeyCount
  X:0625H         SYMBOL        KeyNum_Old
  X:0626H         SYMBOL        KeyNum
  X:0627H         SYMBOL        PressedKey
  X:03BBH         SYMBOL        d
  D:0004H         SYMBOL        hours
  D:0006H         SYMBOL        mins
  X:03BDH         SYMBOL        months
  X:03BFH         SYMBOL        days
  -------         ENDDO         
  C:3235H         LINE#         204
  C:3235H         LINE#         205
  C:3235H         LINE#         209
  C:323DH         LINE#         210
  C:3245H         LINE#         212
  C:3248H         LINE#         213
  C:3248H         LINE#         214
  C:324BH         LINE#         216
  C:324BH         LINE#         217
  C:3258H         LINE#         218
  C:3258H         LINE#         219
  C:325BH         LINE#         220
  C:325EH         LINE#         222
BL51 BANKED LINKER/LOCATER V6.22                                                      03/20/2019  11:15:42  PAGE 27


  C:3261H         LINE#         224
  C:3261H         LINE#         225
  C:326CH         LINE#         226
  C:326CH         LINE#         227
  C:326FH         LINE#         229
  C:326FH         LINE#         230
  C:3276H         LINE#         231
  C:3276H         LINE#         232
  C:3279H         LINE#         234
  C:3279H         LINE#         235
  C:3281H         LINE#         236
  C:3281H         LINE#         237
  C:328BH         LINE#         238
  C:3293H         LINE#         240
  C:329CH         LINE#         242
  C:329CH         LINE#         251
  C:32B1H         LINE#         252
  C:32B1H         LINE#         253
  C:32C3H         LINE#         254
  C:32D1H         LINE#         255
  C:32E0H         LINE#         256
  C:32E0H         LINE#         258
  C:32E6H         LINE#         262
  C:32FCH         LINE#         263
  C:330DH         LINE#         264
  C:3328H         LINE#         265
  C:3328H         LINE#         266
  C:3338H         LINE#         267
  C:3349H         LINE#         268
  C:3349H         LINE#         272
  C:3362H         LINE#         273
  C:3379H         LINE#         274
  C:3399H         LINE#         275
  C:3399H         LINE#         276
  C:33A3H         LINE#         277
  C:33A3H         LINE#         278
  C:33ACH         LINE#         279
  C:33ACH         LINE#         280
  C:33C0H         LINE#         281
  C:33C0H         LINE#         282
  C:33C0H         LINE#         283
  C:33C0H         LINE#         284
  C:33C0H         LINE#         285
  C:33C2H         LINE#         287
  C:33C2H         LINE#         288
  C:33CEH         LINE#         289
  C:33CEH         LINE#         290
  C:33DFH         LINE#         291
  C:33DFH         LINE#         292
  C:33DFH         LINE#         293
  C:33DFH         LINE#         294
  C:33DFH         LINE#         296
  C:33E1H         LINE#         298
  C:33E1H         LINE#         299
  C:33F2H         LINE#         300
  C:33F2H         LINE#         301
  C:33F2H         LINE#         302
BL51 BANKED LINKER/LOCATER V6.22                                                      03/20/2019  11:15:42  PAGE 28


  C:33F2H         LINE#         303
  C:33F2H         LINE#         305
  C:33F2H         LINE#         307
  C:33F2H         LINE#         308
  C:33F4H         LINE#         310
  C:33F4H         LINE#         311
  C:3407H         LINE#         312
  C:3407H         LINE#         313
  C:3418H         LINE#         314
  C:3418H         LINE#         315
  C:3418H         LINE#         316
  C:3418H         LINE#         317
  C:3418H         LINE#         318
  C:341AH         LINE#         320
  C:341AH         LINE#         321
  C:342BH         LINE#         322
  C:342BH         LINE#         323
  C:343CH         LINE#         324
  C:344DH         LINE#         325
  C:344DH         LINE#         326
  C:344DH         LINE#         327
  C:344DH         LINE#         328
  C:344DH         LINE#         330
  C:3467H         LINE#         331
  C:3467H         LINE#         332
  C:346CH         LINE#         333
  C:346CH         LINE#         334
  C:3472H         LINE#         335
  C:3472H         LINE#         336
  C:3475H         LINE#         337
  C:347AH         LINE#         338
  C:347FH         LINE#         339
  C:3484H         LINE#         340
  C:3489H         LINE#         341
  C:348EH         LINE#         342
  C:3493H         LINE#         343
  C:3498H         LINE#         344
  C:3498H         LINE#         345
  C:3498H         LINE#         347
  C:34BAH         LINE#         348
  C:34BAH         LINE#         349
  C:34C4H         LINE#         350
  C:34C4H         LINE#         351
  C:34C9H         LINE#         352
  C:34D2H         LINE#         353
  C:34E9H         LINE#         354
  C:34E9H         LINE#         355
  C:34F9H         LINE#         357
  C:34F9H         LINE#         361
  -------         ENDPROC       KEY_PROCESS
  -------         PROC          KEYPAD_IO_INIT
  C:51A3H         LINE#         364
  C:51A3H         LINE#         365
  C:51A3H         LINE#         366
  C:51A6H         LINE#         367
  C:51A9H         LINE#         368
  C:51ACH         LINE#         369
BL51 BANKED LINKER/LOCATER V6.22                                                      03/20/2019  11:15:42  PAGE 29


  C:51AEH         LINE#         370
  -------         ENDPROC       KEYPAD_IO_INIT
  -------         ENDMOD        KEYPAD

  -------         MODULE        BIPOLARMOTOR
  C:0000H         SYMBOL        _ICE_DUMMY_
  D:0080H         PUBLIC        P0
  D:0090H         PUBLIC        P1
  X:0000H         PUBLIC        RX_pos_test
  D:00A0H         PUBLIC        P2
  D:00B0H         PUBLIC        P3
  D:00C0H         PUBLIC        P4
  D:00C8H         PUBLIC        P5
  D:00E8H         PUBLIC        P6
  D:00F8H         PUBLIC        P7
  X:00A0H         PUBLIC        low_date_azimuth_mapping
  D:00A8H         PUBLIC        IE
  C:4570H         PUBLIC        linear_interpolate
  C:4F63H         PUBLIC        _Move
  D:00B8H         PUBLIC        IP
  C:37EDH         PUBLIC        _findDet3x3
  C:34FAH         PUBLIC        _findDet4x4
  D:00D8H         PUBLIC        CCON
  X:00C8H         PUBLIC        previous_move_time
  D:0098H         PUBLIC        SCON
  D:0088H         PUBLIC        TCON
  C:51D3H         PUBLIC        wait
  C:4E33H         PUBLIC        _Step_move
  X:00C9H         PUBLIC        dat
  C:0DFCH         PUBLIC        _Update_position
  C:4D1BH         PUBLIC        vOneStepMove
  X:00CFH         PUBLIC        elevation_stamp
  X:010BH         PUBLIC        date_azimuth_mapping
  X:0133H         PUBLIC        RX_pos
  C:507AH         PUBLIC        _BCDtoDec1
  X:038BH         PUBLIC        degree
  D:00D0H         PUBLIC        PSW
  -------         PROC          L?0062
  -------         ENDPROC       L?0062
  -------         PROC          _BCDTODEC1
  D:0007H         SYMBOL        bcd
  -------         DO            
  D:0006H         SYMBOL        hi
  D:0007H         SYMBOL        lo
  -------         ENDDO         
  C:507AH         LINE#         28
  C:507AH         LINE#         29
  C:507AH         LINE#         31
  C:507FH         LINE#         32
  C:5083H         LINE#         33
  C:508AH         LINE#         34
  -------         ENDPROC       _BCDTODEC1
  -------         PROC          WAIT
  C:51D3H         LINE#         36
  C:51D3H         LINE#         38
  -------         ENDPROC       WAIT
  -------         PROC          VONESTEPMOVE
BL51 BANKED LINKER/LOCATER V6.22                                                      03/20/2019  11:15:42  PAGE 30


  B:0020H.7       SYMBOL        bDir
  C:4D1BH         LINE#         40
  C:4D1BH         LINE#         41
  C:4D1BH         LINE#         43
  C:4D21H         LINE#         44
  C:4D21H         LINE#         45
  C:4D24H         LINE#         46
  C:4D2DH         LINE#         47
  C:4D34H         LINE#         48
  C:4D39H         LINE#         49
  C:4D39H         LINE#         50
  C:4D39H         LINE#         52
  C:4D3BH         LINE#         55
  C:4D3BH         LINE#         56
  C:4D3EH         LINE#         57
  C:4D47H         LINE#         58
  C:4D4EH         LINE#         59
  C:4D54H         LINE#         60
  C:4D5DH         LINE#         61
  C:4D64H         LINE#         62
  C:4D64H         LINE#         66
  -------         ENDPROC       VONESTEPMOVE
  -------         PROC          _STEP_MOVE
  X:0482H         SYMBOL        step
  B:0020H.6       SYMBOL        dir
  -------         DO            
  X:0484H         SYMBOL        i
  -------         ENDDO         
  C:4E33H         LINE#         68
  C:4E3BH         LINE#         69
  C:4E3BH         LINE#         71
  C:4E40H         LINE#         74
  C:4E5BH         LINE#         75
  C:4E5BH         LINE#         76
  C:4E62H         LINE#         78
  C:4E72H         LINE#         80
  -------         ENDPROC       _STEP_MOVE
  -------         PROC          _MOVE
  X:047EH         SYMBOL        distance
  B:0020H.5       SYMBOL        direction
  -------         DO            
  D:0006H         SYMBOL        step
  -------         ENDDO         
  C:4F63H         LINE#         82
  C:4F69H         LINE#         83
  C:4F69H         LINE#         86
  C:4F84H         LINE#         87
  -------         ENDPROC       _MOVE
  C:37CEH         SYMBOL        L?0058
  C:37E2H         SYMBOL        L?0059
  -------         PROC          L?0057
  -------         ENDPROC       L?0057
  C:37CEH         SYMBOL        L?0058
  C:37E2H         SYMBOL        L?0059
  -------         PROC          _FINDDET3X3
  X:05FFH         SYMBOL        a11
  X:0603H         SYMBOL        a12
BL51 BANKED LINKER/LOCATER V6.22                                                      03/20/2019  11:15:42  PAGE 31


  X:0607H         SYMBOL        a13
  X:060BH         SYMBOL        a21
  X:060FH         SYMBOL        a22
  X:0613H         SYMBOL        a23
  X:0617H         SYMBOL        a31
  X:061BH         SYMBOL        a32
  X:061FH         SYMBOL        a33
  C:37EDH         LINE#         91
  C:37F3H         LINE#         95
  C:37F3H         LINE#         96
  C:398AH         LINE#         98
  -------         ENDPROC       _FINDDET3X3
  -------         PROC          _FINDDET4X4
  X:05BFH         SYMBOL        a11
  X:05C3H         SYMBOL        a12
  X:05C7H         SYMBOL        a13
  X:05CBH         SYMBOL        a14
  X:05CFH         SYMBOL        a21
  X:05D3H         SYMBOL        a22
  X:05D7H         SYMBOL        a23
  X:05DBH         SYMBOL        a24
  X:05DFH         SYMBOL        a31
  X:05E3H         SYMBOL        a32
  X:05E7H         SYMBOL        a33
  X:05EBH         SYMBOL        a34
  X:05EFH         SYMBOL        a41
  X:05F3H         SYMBOL        a42
  X:05F7H         SYMBOL        a43
  X:05FBH         SYMBOL        a44
  C:34FAH         LINE#         99
  C:3500H         LINE#         103
  C:3500H         LINE#         110
  C:37B9H         LINE#         114
  -------         ENDPROC       _FINDDET4X4
  C:455FH         SYMBOL        L?0061
  -------         PROC          L?0060
  -------         ENDPROC       L?0060
  C:455FH         SYMBOL        L?0061
  -------         PROC          LINEAR_INTERPOLATE
  X:047EH         SYMBOL        p1
  X:0486H         SYMBOL        p2
  X:048EH         SYMBOL        x
  -------         DO            
  D:0004H         SYMBOL        fx
  -------         ENDDO         
  C:4570H         LINE#         120
  C:4570H         LINE#         121
  C:4570H         LINE#         124
  C:460FH         LINE#         126
  C:460FH         LINE#         127
  -------         ENDPROC       LINEAR_INTERPOLATE
  -------         PROC          _UPDATE_POSITION
  D:0001H         SYMBOL        mnths
  D:0002H         SYMBOL        dys
  X:03E1H         SYMBOL        hurs
  X:03E2H         SYMBOL        mns
  X:03E3H         SYMBOL        sconds
BL51 BANKED LINKER/LOCATER V6.22                                                      03/20/2019  11:15:42  PAGE 32


  X:03E4H         SYMBOL        currnt_pos
  X:03E7H         SYMBOL        offset_calib
  -------         DO            
  X:03EBH         SYMBOL        date
  X:03EDH         SYMBOL        i
  X:03EFH         SYMBOL        yy
  X:03F1H         SYMBOL        desired_distance
  X:03F5H         SYMBOL        distance
  X:03F9H         SYMBOL        JP_pos
  X:03FDH         SYMBOL        pos_interpolate_azimuth
  X:0439H         SYMBOL        current_local_sun_time
  X:043DH         SYMBOL        azimuth
  X:0441H         SYMBOL        elevation
  X:0445H         SYMBOL        time_offset
  X:0449H         SYMBOL        UTC_time
  X:044DH         SYMBOL        declination
  X:0451H         SYMBOL        p1
  X:0459H         SYMBOL        p2
  X:0461H         SYMBOL        time
  X:0473H         SYMBOL        location
  X:047BH         SYMBOL        sunCoord
  -------         ENDDO         
  C:0DFCH         LINE#         131
  C:0E05H         LINE#         134
  C:0E05H         LINE#         135
  C:0E10H         LINE#         137
  C:0E2CH         LINE#         138
  C:0E36H         LINE#         146
  C:0E40H         LINE#         147
  C:0E4AH         LINE#         148
  C:0E54H         LINE#         149
  C:0E5FH         LINE#         150
  C:0E6AH         LINE#         151
  C:0E83H         LINE#         152
  C:0E94H         LINE#         153
  C:0EA3H         LINE#         156
  C:0EB7H         LINE#         160
  C:0F09H         LINE#         161
  C:106DH         LINE#         162
  C:10BDH         LINE#         164
  C:11E5H         LINE#         166
  C:12B4H         LINE#         173
  C:12FBH         LINE#         174
  C:12FBH         LINE#         176
  C:1315H         LINE#         177
  C:1315H         LINE#         178
  C:1385H         LINE#         179
  C:1385H         LINE#         180
  C:138CH         LINE#         181
  C:138CH         LINE#         182
  C:13B9H         LINE#         183
  C:13D4H         LINE#         185
  C:141BH         LINE#         186
  C:144FH         LINE#         188
  C:1495H         LINE#         189
  C:14B8H         LINE#         191
  C:14B8H         LINE#         193
BL51 BANKED LINKER/LOCATER V6.22                                                      03/20/2019  11:15:42  PAGE 33


  C:152EH         LINE#         194
  C:152EH         LINE#         195
  C:1535H         LINE#         196
  C:1535H         LINE#         197
  C:1562H         LINE#         198
  C:157DH         LINE#         200
  C:15C4H         LINE#         201
  C:15F8H         LINE#         203
  C:163EH         LINE#         204
  C:165EH         LINE#         206
  C:165EH         LINE#         207
  C:166FH         LINE#         210
  C:1689H         LINE#         211
  C:1689H         LINE#         212
  C:16F9H         LINE#         213
  C:16F9H         LINE#         214
  C:1726H         LINE#         215
  C:1741H         LINE#         217
  C:176EH         LINE#         218
  C:1789H         LINE#         220
  C:17BBH         LINE#         223
  C:17BBH         LINE#         225
  C:17CCH         LINE#         227
  C:17FBH         LINE#         229
  C:1820H         LINE#         230
  C:1885H         LINE#         231
  C:1885H         LINE#         232
  C:189FH         LINE#         233
  C:18B1H         LINE#         234
  C:18C9H         LINE#         235
  C:18DFH         LINE#         237
  C:18FBH         LINE#         238
  C:18FBH         LINE#         239
  C:18FBH         LINE#         242
  -------         ENDPROC       _UPDATE_POSITION
  -------         ENDMOD        BIPOLARMOTOR

  -------         MODULE        SUNPOS
  C:0000H         SYMBOL        _ICE_DUMMY_
  C:22B2H         PUBLIC        sunpos
  -------         PROC          SUNPOS
  X:047EH         SYMBOL        udtTime
  X:0490H         SYMBOL        udtLocation
  X:0498H         SYMBOL        udtSunCoordinates
  -------         DO            
  X:049BH         SYMBOL        dElapsedJulianDays
  X:049FH         SYMBOL        dDecimalHours
  X:04A3H         SYMBOL        dEclipticLongitude
  X:04A7H         SYMBOL        dEclipticObliquity
  X:04ABH         SYMBOL        dRightAscension
  X:04AFH         SYMBOL        dDeclination
  X:04B3H         SYMBOL        dY
  X:04B7H         SYMBOL        dX
  -------         DO            
  X:04BBH         SYMBOL        dJulianDate
  X:04BFH         SYMBOL        liAux1
  X:04C3H         SYMBOL        liAux2
BL51 BANKED LINKER/LOCATER V6.22                                                      03/20/2019  11:15:42  PAGE 34


  X:04BBH         SYMBOL        dMeanLongitude
  X:04BFH         SYMBOL        dMeanAnomaly
  X:04C3H         SYMBOL        dOmega
  X:04BBH         SYMBOL        dSin_EclipticLongitude
  X:04BBH         SYMBOL        dGreenwichMeanSiderealTime
  X:04BFH         SYMBOL        dLocalMeanSiderealTime
  X:04C3H         SYMBOL        dLatitudeInRadians
  X:04C7H         SYMBOL        dHourAngle
  X:04CBH         SYMBOL        dCos_Latitude
  X:04CFH         SYMBOL        dSin_Latitude
  X:04D3H         SYMBOL        dCos_HourAngle
  X:04D7H         SYMBOL        dParallax
  -------         ENDDO         
  -------         DO            
  X:04BBH         SYMBOL        dMeanLongitude
  X:04BFH         SYMBOL        dMeanAnomaly
  X:04C3H         SYMBOL        dOmega
  X:04BBH         SYMBOL        dSin_EclipticLongitude
  X:04BBH         SYMBOL        dGreenwichMeanSiderealTime
  X:04BFH         SYMBOL        dLocalMeanSiderealTime
  X:04C3H         SYMBOL        dLatitudeInRadians
  X:04C7H         SYMBOL        dHourAngle
  X:04CBH         SYMBOL        dCos_Latitude
  X:04CFH         SYMBOL        dSin_Latitude
  X:04D3H         SYMBOL        dCos_HourAngle
  X:04D7H         SYMBOL        dParallax
  -------         ENDDO         
  -------         DO            
  X:04BBH         SYMBOL        dSin_EclipticLongitude
  X:04BBH         SYMBOL        dGreenwichMeanSiderealTime
  X:04BFH         SYMBOL        dLocalMeanSiderealTime
  X:04C3H         SYMBOL        dLatitudeInRadians
  X:04C7H         SYMBOL        dHourAngle
  X:04CBH         SYMBOL        dCos_Latitude
  X:04CFH         SYMBOL        dSin_Latitude
  X:04D3H         SYMBOL        dCos_HourAngle
  X:04D7H         SYMBOL        dParallax
  -------         ENDDO         
  -------         DO            
  X:04BBH         SYMBOL        dGreenwichMeanSiderealTime
  X:04BFH         SYMBOL        dLocalMeanSiderealTime
  X:04C3H         SYMBOL        dLatitudeInRadians
  X:04C7H         SYMBOL        dHourAngle
  X:04CBH         SYMBOL        dCos_Latitude
  X:04CFH         SYMBOL        dSin_Latitude
[...]
  C:4465H         LINE#         153
  C:4467H         LINE#         154
  C:446AH         LINE#         155
  C:4471H         LINE#         157
  -------         ENDPROC       _AT25SF041_WRITE
  -------         PROC          _AT25SF041_READ
  D:0003H         SYMBOL        opcode
  X:062DH         SYMBOL        addr
  -------         DO            
  X:0631H         SYMBOL        dat
  X:0632H         SYMBOL        i
  -------         ENDDO         
  C:4260H         LINE#         159
  C:4262H         LINE#         160
  C:4262H         LINE#         161
  C:4267H         LINE#         163
  C:4269H         LINE#         164
  C:426FH         LINE#         168
  C:4274H         LINE#         169
  C:4274H         LINE#         170
  C:4276H         LINE#         171
  C:4279H         LINE#         172
  C:427DH         LINE#         173
  C:427DH         LINE#         174
  C:427FH         LINE#         175
  C:4281H         LINE#         177
  C:4281H         LINE#         178
  C:4283H         LINE#         180
  C:4283H         LINE#         181
BL51 BANKED LINKER/LOCATER V6.22                                                      03/20/2019  11:15:42  PAGE 47


  C:4283H         LINE#         182
  C:4283H         LINE#         183
  C:4286H         LINE#         184
  C:428AH         LINE#         187
  C:42A9H         LINE#         189
  C:42B0H         LINE#         190
  C:42B0H         LINE#         191
  C:42B2H         LINE#         192
  C:42B5H         LINE#         193
  C:42D1H         LINE#         194
  C:42D1H         LINE#         195
  C:42D3H         LINE#         196
  C:42D5H         LINE#         198
  C:42D5H         LINE#         199
  C:42D7H         LINE#         201
  C:42D7H         LINE#         202
  C:42D7H         LINE#         203
  C:42D7H         LINE#         204
  C:42DAH         LINE#         205
  C:42F3H         LINE#         207
  C:4312H         LINE#         210
  C:4319H         LINE#         212
  C:431BH         LINE#         213
  C:4322H         LINE#         215
  C:4329H         LINE#         216
  C:4329H         LINE#         217
  C:4330H         LINE#         218
  C:4330H         LINE#         219
  C:4333H         LINE#         220
  C:4335H         LINE#         221
  C:4338H         LINE#         223
  C:433BH         LINE#         224
  C:433BH         LINE#         226
  C:433FH         LINE#         227
  C:433FH         LINE#         233
  C:435EH         LINE#         236
  C:4360H         LINE#         237
  C:4363H         LINE#         238
  C:436AH         LINE#         240
  C:436FH         LINE#         242
  -------         ENDPROC       _AT25SF041_READ
  -------         PROC          UCREAD_STATUS_REGISTER_BYTE1
  -------         DO            
  D:0003H         SYMBOL        dat
  D:0001H         SYMBOL        opcode
  X:0474H         SYMBOL        count
  X:0475H         SYMBOL        i
  -------         ENDDO         
  C:4824H         LINE#         246
  C:4824H         LINE#         247
  C:4824H         LINE#         248
  C:482AH         LINE#         249
  C:482EH         LINE#         250
  C:4830H         LINE#         251
  C:4832H         LINE#         252
  C:4838H         LINE#         256
  C:483FH         LINE#         257
BL51 BANKED LINKER/LOCATER V6.22                                                      03/20/2019  11:15:42  PAGE 48


  C:483FH         LINE#         258
  C:4841H         LINE#         259
  C:4844H         LINE#         260
  C:4848H         LINE#         261
  C:4848H         LINE#         262
  C:484AH         LINE#         263
  C:484CH         LINE#         265
  C:484CH         LINE#         266
  C:484EH         LINE#         268
  C:484EH         LINE#         269
  C:484EH         LINE#         270
  C:484EH         LINE#         271
  C:4851H         LINE#         272
  C:4855H         LINE#         275
  C:4874H         LINE#         279
  C:487BH         LINE#         281
  C:487DH         LINE#         282
  C:4884H         LINE#         283
  C:488BH         LINE#         284
  C:488BH         LINE#         285
  C:488FH         LINE#         286
  C:488FH         LINE#         287
  C:4892H         LINE#         288
  C:4894H         LINE#         289
  C:4897H         LINE#         291
  C:489AH         LINE#         292
  C:489AH         LINE#         294
  C:489EH         LINE#         295
  C:489EH         LINE#         297
  C:48BDH         LINE#         301
  C:48BFH         LINE#         302
  C:48C2H         LINE#         303
  C:48C4H         LINE#         304
  -------         ENDPROC       UCREAD_STATUS_REGISTER_BYTE1
  -------         PROC          SPI_NOR_WRITE_DATA
  X:03BBH         SYMBOL        dat
  X:03C6H         SYMBOL        addr
  C:3CCBH         LINE#         306
  C:3CCBH         LINE#         307
  C:3CCBH         LINE#         309
  C:3CCEH         LINE#         311
  C:3CE8H         LINE#         312
  C:3D06H         LINE#         314
  C:3D0DH         LINE#         315
  C:3D10H         LINE#         317
  C:3D2AH         LINE#         318
  C:3D2AH         LINE#         319
  C:3D2AH         LINE#         322
  C:3D2DH         LINE#         324
  C:3D47H         LINE#         325
  C:3D47H         LINE#         326
  C:3D47H         LINE#         328
  C:3D4AH         LINE#         330
  C:3D64H         LINE#         331
  C:3D64H         LINE#         332
  C:3D64H         LINE#         334
  C:3D67H         LINE#         336
BL51 BANKED LINKER/LOCATER V6.22                                                      03/20/2019  11:15:42  PAGE 49


  C:3D81H         LINE#         337
  C:3D81H         LINE#         338
  C:3D81H         LINE#         340
  C:3D84H         LINE#         342
  C:3D9EH         LINE#         343
  C:3D9EH         LINE#         344
  C:3D9EH         LINE#         346
  C:3DA1H         LINE#         348
  C:3DBBH         LINE#         349
  C:3DBBH         LINE#         350
  C:3DBBH         LINE#         352
  C:3DBEH         LINE#         354
  C:3DD8H         LINE#         355
  C:3DD8H         LINE#         356
  C:3DD8H         LINE#         358
  C:3DDBH         LINE#         360
  C:3DF5H         LINE#         361
  C:3DF5H         LINE#         362
  C:3DF5H         LINE#         364
  C:3DF8H         LINE#         366
  C:3E12H         LINE#         367
  C:3E12H         LINE#         368
  C:3E12H         LINE#         370
  C:3E15H         LINE#         372
  C:3E2FH         LINE#         373
  C:3E36H         LINE#         374
  -------         ENDPROC       SPI_NOR_WRITE_DATA
  -------         ENDMOD        AT25SF041

  -------         MODULE        ?C_STARTUP
  C:49FEH         SEGMENT       ?C_C51STARTUP
  I:0022H         SEGMENT       ?STACK
  C:0000H         PUBLIC        ?C_STARTUP
  D:00E0H         SYMBOL        ACC
  D:00F0H         SYMBOL        B
  D:0083H         SYMBOL        DPH
  D:0082H         SYMBOL        DPL
  N:0000H         SYMBOL        IBPSTACK
  N:0100H         SYMBOL        IBPSTACKTOP
  N:0080H         SYMBOL        IDATALEN
  C:4A01H         SYMBOL        IDATALOOP
  N:0000H         SYMBOL        PBPSTACK
  N:0100H         SYMBOL        PBPSTACKTOP
  N:0000H         SYMBOL        PDATALEN
  N:0000H         SYMBOL        PDATASTART
  N:0000H         SYMBOL        PPAGE
  N:0000H         SYMBOL        PPAGEENABLE
  D:00A0H         SYMBOL        PPAGE_SFR
  D:0081H         SYMBOL        SP
  C:49FEH         SYMBOL        STARTUP1
  N:0000H         SYMBOL        XBPSTACK
  N:0000H         SYMBOL        XBPSTACKTOP
  N:0000H         SYMBOL        XDATALEN
  N:0000H         SYMBOL        XDATASTART
  C:0000H         LINE#         126
  C:49FEH         LINE#         133
  C:4A00H         LINE#         134
BL51 BANKED LINKER/LOCATER V6.22                                                      03/20/2019  11:15:42  PAGE 50


  C:4A01H         LINE#         135
  C:4A02H         LINE#         136
  C:4A04H         LINE#         185
  C:4A07H         LINE#         196
  -------         ENDMOD        ?C_STARTUP

  -------         MODULE        ?C?FPADD
  C:1903H         PUBLIC        ?C?FPADD
  C:18FFH         PUBLIC        ?C?FPSUB
  -------         ENDMOD        ?C?FPADD

  -------         MODULE        ?C?FPMUL
  C:19F4H         PUBLIC        ?C?FPMUL
  -------         ENDMOD        ?C?FPMUL

  -------         MODULE        ?C?FPDIV
  C:1AFDH         PUBLIC        ?C?FPDIV
  -------         ENDMOD        ?C?FPDIV

  -------         MODULE        ?C?FPCMP
  C:1B9CH         PUBLIC        ?C?FPCMP
  C:1B9AH         PUBLIC        ?C?FPCMP3
  -------         ENDMOD        ?C?FPCMP

  -------         MODULE        ?C?FPNEG
  C:1C13H         PUBLIC        ?C?FPNEG
  -------         ENDMOD        ?C?FPNEG

  -------         MODULE        ?C?FCAST
  C:1C2EH         PUBLIC        ?C?FCASTC
  C:1C29H         PUBLIC        ?C?FCASTI
  C:1C24H         PUBLIC        ?C?FCASTL
  -------         ENDMOD        ?C?FCAST

  -------         MODULE        ?C?CASTF
  C:1C62H         PUBLIC        ?C?CASTF
  -------         ENDMOD        ?C?CASTF

  -------         MODULE        ATAN2
  X:04DBH         PUBLIC        ?_atan2?BYTE
  C:48C5H         PUBLIC        _atan2
  -------         ENDMOD        ATAN2

  -------         MODULE        SIN
  C:3E9CH         PUBLIC        _COS
  C:3EB2H         PUBLIC        _SIN
  C:3EEEH         PUBLIC        _TAN
  -------         ENDMOD        SIN

  -------         MODULE        ACOS
  C:4D65H         PUBLIC        _ACOS
  -------         ENDMOD        ACOS

  -------         MODULE        ASIN
  C:4E73H         PUBLIC        _ASIN
  -------         ENDMOD        ASIN

BL51 BANKED LINKER/LOCATER V6.22                                                      03/20/2019  11:15:42  PAGE 51


  -------         MODULE        SQRT
  C:477CH         PUBLIC        _SQRT
  -------         ENDMOD        SQRT

  -------         MODULE        ATAN
  C:415EH         PUBLIC        _ATAN
  -------         ENDMOD        ATAN

  -------         MODULE        ?C?COPY
  C:1E00H         PUBLIC        ?C?COPY
  -------         ENDMOD        ?C?COPY

  -------         MODULE        ?C?CLDPTR
  C:1E26H         PUBLIC        ?C?CLDPTR
  -------         ENDMOD        ?C?CLDPTR

  -------         MODULE        ?C?CLDOPTR
  C:1E3FH         PUBLIC        ?C?CLDOPTR
  -------         ENDMOD        ?C?CLDOPTR

  -------         MODULE        ?C?CSTPTR
  C:1E6CH         PUBLIC        ?C?CSTPTR
  -------         ENDMOD        ?C?CSTPTR

  -------         MODULE        ?C?IMUL
  C:1E7EH         PUBLIC        ?C?IMUL
  -------         ENDMOD        ?C?IMUL

  -------         MODULE        ?C?UIDIV
  C:1E90H         PUBLIC        ?C?UIDIV
  -------         ENDMOD        ?C?UIDIV

  -------         MODULE        ?C?SIDIV
  C:1EE5H         PUBLIC        ?C?SIDIV
  -------         ENDMOD        ?C?SIDIV

  -------         MODULE        ?C?ILDIX
  C:1F1BH         PUBLIC        ?C?ILDIX
  -------         ENDMOD        ?C?ILDIX

  -------         MODULE        ?C?ILDOPTR
  C:1F31H         PUBLIC        ?C?ILDOPTR
  -------         ENDMOD        ?C?ILDOPTR

  -------         MODULE        ?C?ISTPTR
  C:1F69H         PUBLIC        ?C?ISTPTR
  -------         ENDMOD        ?C?ISTPTR

  -------         MODULE        ?C?LMUL
  C:1F88H         PUBLIC        ?C?LMUL
  -------         ENDMOD        ?C?LMUL

  -------         MODULE        ?C?SLDIV
  C:4DAFH         PUBLIC        ?C?SLDIV
  -------         ENDMOD        ?C?SLDIV

  -------         MODULE        ?C?LNEG
BL51 BANKED LINKER/LOCATER V6.22                                                      03/20/2019  11:15:42  PAGE 52


  C:1FD7H         PUBLIC        ?C?LNEG
  -------         ENDMOD        ?C?LNEG

  -------         MODULE        ?C?ULCMP
  C:1FE5H         PUBLIC        ?C?ULCMP
  -------         ENDMOD        ?C?ULCMP

  -------         MODULE        ?C?LSHL
  C:1FF6H         PUBLIC        ?C?LSHL
  -------         ENDMOD        ?C?LSHL

  -------         MODULE        ?C?LLDPTR
  C:2009H         PUBLIC        ?C?LLDPTR
  -------         ENDMOD        ?C?LLDPTR

  -------         MODULE        ?C?LLDOPTR
  C:2029H         PUBLIC        ?C?LLDOPTR
  -------         ENDMOD        ?C?LLDOPTR

  -------         MODULE        ?C?LSTPTR
  C:2059H         PUBLIC        ?C?LSTPTR
  -------         ENDMOD        ?C?LSTPTR

  -------         MODULE        ?C?LSTOPTR
  C:2073H         PUBLIC        ?C?LSTOPTR
  -------         ENDMOD        ?C?LSTOPTR

  -------         MODULE        ?C?LLDXDATA
  C:2097H         PUBLIC        ?C?LLDXDATA
  -------         ENDMOD        ?C?LLDXDATA

  -------         MODULE        ?C?LLDCODE
  C:20A3H         PUBLIC        ?C?LLDCODE
  -------         ENDMOD        ?C?LLDCODE

  -------         MODULE        ?C?LLDXDATA0
  C:20B3H         PUBLIC        ?C?LLDXDATA0
  -------         ENDMOD        ?C?LLDXDATA0

  -------         MODULE        ?C?LLDCODE0
  C:20BFH         PUBLIC        ?C?LLDCODE0
  -------         ENDMOD        ?C?LLDCODE0

  -------         MODULE        ?C?LLDPTR0
  C:20CFH         PUBLIC        ?C?LLDPTR0
  -------         ENDMOD        ?C?LLDPTR0

  -------         MODULE        ?C?LSTXDATA
  C:20EFH         PUBLIC        ?C?LSTXDATA
  -------         ENDMOD        ?C?LSTXDATA

  -------         MODULE        ?C?LSTKXDATA
  C:20FBH         PUBLIC        ?C?LSTKXDATA
  -------         ENDMOD        ?C?LSTKXDATA

  -------         MODULE        ?C?LSTKPTR
  C:212CH         PUBLIC        ?C?LSTKPTR
BL51 BANKED LINKER/LOCATER V6.22                                                      03/20/2019  11:15:42  PAGE 53


  -------         ENDMOD        ?C?LSTKPTR

  -------         MODULE        ?C?OFFXADD
  C:2146H         PUBLIC        ?C?OFFXADD
  -------         ENDMOD        ?C?OFFXADD

  -------         MODULE        ATOI
  C:4472H         PUBLIC        _atoi
  -------         ENDMOD        ATOI

  -------         MODULE        ?C?IILDX
  C:2152H         PUBLIC        ?C?IILDX
  -------         ENDMOD        ?C?IILDX

  -------         MODULE        ?C?ULDIV
  C:21A4H         PUBLIC        ?C?ULDIV
  -------         ENDMOD        ?C?ULDIV

  -------         MODULE        ?C?LLDIDATA
  C:2236H         PUBLIC        ?C?LLDIDATA
  -------         ENDMOD        ?C?LLDIDATA

  -------         MODULE        ?C?LLDPDATA
  C:2242H         PUBLIC        ?C?LLDPDATA
  -------         ENDMOD        ?C?LLDPDATA

  -------         MODULE        ?C?LLDIDATA0
  C:224EH         PUBLIC        ?C?LLDIDATA0
  -------         ENDMOD        ?C?LLDIDATA0

  -------         MODULE        ?C?LLDPDATA0
  C:225BH         PUBLIC        ?C?LLDPDATA0
  -------         ENDMOD        ?C?LLDPDATA0

  -------         MODULE        ?C?LSTIDATA
  C:2268H         PUBLIC        ?C?LSTIDATA
  -------         ENDMOD        ?C?LSTIDATA

  -------         MODULE        ?C?LSTPDATA
  C:2274H         PUBLIC        ?C?LSTPDATA
  -------         ENDMOD        ?C?LSTPDATA

  -------         MODULE        ?C?LSTKIDATA
  C:2280H         PUBLIC        ?C?LSTKIDATA
  -------         ENDMOD        ?C?LSTKIDATA

  -------         MODULE        ?C?LSTKPDATA
  C:2299H         PUBLIC        ?C?LSTKPDATA
  -------         ENDMOD        ?C?LSTKPDATA

  -------         MODULE        ISDIGIT
  C:5187H         PUBLIC        _isdigit
  -------         ENDMOD        ISDIGIT

  -------         MODULE        ISSPACE
  C:5122H         PUBLIC        _isspace
  -------         ENDMOD        ISSPACE
BL51 BANKED LINKER/LOCATER V6.22                                                      03/20/2019  11:15:42  PAGE 54



*** WARNING L16: UNCALLED SEGMENT, IGNORED FOR OVERLAY PROCESS
    SEGMENT: ?PR?_DAY_OF_YEAR?PCF85063BTL

*** WARNING L16: UNCALLED SEGMENT, IGNORED FOR OVERLAY PROCESS
    SEGMENT: ?PR?INITUART1?UART1

*** WARNING L16: UNCALLED SEGMENT, IGNORED FOR OVERLAY PROCESS
    SEGMENT: ?PR?_SENDSTRING?UART1

*** WARNING L16: UNCALLED SEGMENT, IGNORED FOR OVERLAY PROCESS
    SEGMENT: ?PR?_TEN?UART1

*** WARNING L16: UNCALLED SEGMENT, IGNORED FOR OVERLAY PROCESS
    SEGMENT: ?PR?_UNIT?UART1

*** WARNING L16: UNCALLED SEGMENT, IGNORED FOR OVERLAY PROCESS
    SEGMENT: ?PR?_DECTOBCD?UART1

*** WARNING L16: UNCALLED SEGMENT, IGNORED FOR OVERLAY PROCESS
    SEGMENT: ?PR?_ASCII_LETTER?UART1

*** WARNING L16: UNCALLED SEGMENT, IGNORED FOR OVERLAY PROCESS
    SEGMENT: ?PR?_ASCIITOBCD?UART1

*** WARNING L16: UNCALLED SEGMENT, IGNORED FOR OVERLAY PROCESS
    SEGMENT: ?PR?WAIT?BIPOLARMOTOR

*** WARNING L16: UNCALLED SEGMENT, IGNORED FOR OVERLAY PROCESS
    SEGMENT: ?PR?_FINDDET4X4?BIPOLARMOTOR

*** WARNING L16: UNCALLED SEGMENT, IGNORED FOR OVERLAY PROCESS
    SEGMENT: ?PR?NOP?IOEXPANDER_PI4IOE5V96248

*** WARNING L16: UNCALLED SEGMENT, IGNORED FOR OVERLAY PROCESS
    SEGMENT: ?PR?UC_ACK?IOEXPANDER_PI4IOE5V96248

*** WARNING L16: UNCALLED SEGMENT, IGNORED FOR OVERLAY PROCESS
    SEGMENT: ?PR?UC_NACK?IOEXPANDER_PI4IOE5V96248

*** WARNING L16: UNCALLED SEGMENT, IGNORED FOR OVERLAY PROCESS
    SEGMENT: ?PR?_AT25SF041_READ?AT25SF041

*** WARNING L1: UNRESOLVED EXTERNAL SYMBOL
    SYMBOL:  AUTO_MODE
    MODULE:  .\Obj\main.obj (MAIN)

*** WARNING L1: UNRESOLVED EXTERNAL SYMBOL
    SYMBOL:  SPI_NOR_CLEARENABLE
    MODULE:  .\Obj\main.obj (MAIN)

*** WARNING L2: REFERENCE MADE TO UNRESOLVED EXTERNAL
    SYMBOL:  AUTO_MODE
    MODULE:  .\Obj\main.obj (MAIN)
    ADDRESS: 003BH

*** WARNING L2: REFERENCE MADE TO UNRESOLVED EXTERNAL
BL51 BANKED LINKER/LOCATER V6.22                                                      03/20/2019  11:15:42  PAGE 55


    SYMBOL:  SPI_NOR_CLEARENABLE
    MODULE:  .\Obj\main.obj (MAIN)
    ADDRESS: 0041H

*** WARNING L2: REFERENCE MADE TO UNRESOLVED EXTERNAL
    SYMBOL:  AUTO_MODE
    MODULE:  .\Obj\main.obj (MAIN)
    ADDRESS: 01B4H

*** WARNING L2: REFERENCE MADE TO UNRESOLVED EXTERNAL
    SYMBOL:  AUTO_MODE
    MODULE:  .\Obj\main.obj (MAIN)
    ADDRESS: 01C2H

*** WARNING L2: REFERENCE MADE TO UNRESOLVED EXTERNAL
    SYMBOL:  AUTO_MODE
    MODULE:  .\Obj\main.obj (MAIN)
    ADDRESS: 01D4H

*** WARNING L2: REFERENCE MADE TO UNRESOLVED EXTERNAL
    SYMBOL:  AUTO_MODE
    MODULE:  .\Obj\main.obj (MAIN)
    ADDRESS: 0216H

*** WARNING L2: REFERENCE MADE TO UNRESOLVED EXTERNAL
    SYMBOL:  AUTO_MODE
    MODULE:  .\Obj\main.obj (MAIN)
    ADDRESS: 02E9H

*** WARNING L2: REFERENCE MADE TO UNRESOLVED EXTERNAL
    SYMBOL:  SPI_NOR_CLEARENABLE
    MODULE:  .\Obj\main.obj (MAIN)
    ADDRESS: 0D67H

*** WARNING L2: REFERENCE MADE TO UNRESOLVED EXTERNAL
    SYMBOL:  SPI_NOR_CLEARENABLE
    MODULE:  .\Obj\main.obj (MAIN)
    ADDRESS: 0DD0H

*** WARNING L1: UNRESOLVED EXTERNAL SYMBOL
    SYMBOL:  _SENDUART1
    MODULE:  .\Obj\UART1.obj (UART1)

*** WARNING L2: REFERENCE MADE TO UNRESOLVED EXTERNAL
    SYMBOL:  _SENDUART1
    MODULE:  .\Obj\UART1.obj (UART1)
    ADDRESS: 4EDCH

*** WARNING L1: UNRESOLVED EXTERNAL SYMBOL
    SYMBOL:  AUTO_MODE
    MODULE:  .\Obj\KeyPad.obj (KEYPAD)

*** WARNING L1: UNRESOLVED EXTERNAL SYMBOL
    SYMBOL:  SPI_NOR_CLEARENABLE
    MODULE:  .\Obj\KeyPad.obj (KEYPAD)

*** WARNING L2: REFERENCE MADE TO UNRESOLVED EXTERNAL
BL51 BANKED LINKER/LOCATER V6.22                                                      03/20/2019  11:15:42  PAGE 56


    SYMBOL:  AUTO_MODE
    MODULE:  .\Obj\KeyPad.obj (KEYPAD)
    ADDRESS: 3282H

*** WARNING L2: REFERENCE MADE TO UNRESOLVED EXTERNAL
    SYMBOL:  AUTO_MODE
    MODULE:  .\Obj\KeyPad.obj (KEYPAD)
    ADDRESS: 328DH

*** WARNING L2: REFERENCE MADE TO UNRESOLVED EXTERNAL
    SYMBOL:  AUTO_MODE
    MODULE:  .\Obj\KeyPad.obj (KEYPAD)
    ADDRESS: 3294H

*** WARNING L2: REFERENCE MADE TO UNRESOLVED EXTERNAL
    SYMBOL:  SPI_NOR_CLEARENABLE
    MODULE:  .\Obj\KeyPad.obj (KEYPAD)
    ADDRESS: 3468H

*** WARNING L2: REFERENCE MADE TO UNRESOLVED EXTERNAL
    SYMBOL:  SPI_NOR_CLEARENABLE
    MODULE:  .\Obj\KeyPad.obj (KEYPAD)
    ADDRESS: 346DH

Program Size: data=10.2 xdata=1598 code=20949
LINK/LOCATE RUN COMPLETE.  34 WARNING(S),  0 ERROR(S)
