BL51 BANKED LINKER/LOCATER V6.22                                                        02/27/2019  11:55:55  PAGE 1


BL51 BANKED LINKER/LOCATER V6.22, INVOKED BY:
C:\KEIL_V5\C51\BIN\BL51.EXE .\Obj\main.obj, .\Obj\PCF85063BTL.obj, .\Obj\UART1.obj, .\Obj\LCd_Driver_SPLC780D.obj, .\Obj
>> \KeyPad.obj, .\Obj\BipolarMotor.obj, .\Obj\SunPos.obj, .\Obj\ADC.obj, .\Obj\Calibration.obj, .\Obj\IOExpander_PI4IOE5
>> V96248.obj, .\Obj\AT25SF041.obj, .\Obj\STARTUP.obj TO .\Obj\GPIO_RTC_Test PRINT (.\Lis\GPIO_RTC_Test.m51) RAMSIZE (25
>> 6)


MEMORY MODEL: LARGE WITH FLOATING POINT ARITHMETIC


INPUT MODULES INCLUDED:
  .\Obj\main.obj (MAIN)
  .\Obj\PCF85063BTL.obj (PCF85063BTL)
  .\Obj\UART1.obj (UART1)
  .\Obj\LCd_Driver_SPLC780D.obj (LCD_DRIVER_SPLC780D)
  .\Obj\KeyPad.obj (KEYPAD)
  .\Obj\BipolarMotor.obj (BIPOLARMOTOR)
  .\Obj\SunPos.obj (SUNPOS)
  .\Obj\ADC.obj (ADC)
  .\Obj\Calibration.obj (CALIBRATION)
  .\Obj\IOExpander_PI4IOE5V96248.obj (IOEXPANDER_PI4IOE5V96248)
  .\Obj\AT25SF041.obj (AT25SF041)
  .\Obj\STARTUP.obj (?C_STARTUP)
  C:\KEIL_V5\C51\LIB\C51FPL.LIB (?C?FPADD)
  C:\KEIL_V5\C51\LIB\C51FPL.LIB (?C?FPMUL)
  C:\KEIL_V5\C51\LIB\C51FPL.LIB (?C?FPDIV)
  C:\KEIL_V5\C51\LIB\C51FPL.LIB (?C?FPCMP)
  C:\KEIL_V5\C51\LIB\C51FPL.LIB (?C?FPNEG)
  C:\KEIL_V5\C51\LIB\C51FPL.LIB (?C?FCAST)
  C:\KEIL_V5\C51\LIB\C51FPL.LIB (?C?CASTF)
  C:\KEIL_V5\C51\LIB\C51FPL.LIB (ATAN2)
  C:\KEIL_V5\C51\LIB\C51FPL.LIB (SIN)
  C:\KEIL_V5\C51\LIB\C51FPL.LIB (ACOS)
  C:\KEIL_V5\C51\LIB\C51FPL.LIB (ASIN)
  C:\KEIL_V5\C51\LIB\C51FPL.LIB (?C?FPGETOPN)
  C:\KEIL_V5\C51\LIB\C51FPL.LIB (?C?FPSERIES)
  C:\KEIL_V5\C51\LIB\C51FPL.LIB (SQRT)
  C:\KEIL_V5\C51\LIB\C51FPL.LIB (ATAN)
  C:\KEIL_V5\C51\LIB\C51L.LIB (?C_INIT)
  C:\KEIL_V5\C51\LIB\C51L.LIB (?C?COPY)
  C:\KEIL_V5\C51\LIB\C51L.LIB (?C?CLDPTR)
  C:\KEIL_V5\C51\LIB\C51L.LIB (?C?CLDOPTR)
  C:\KEIL_V5\C51\LIB\C51L.LIB (?C?CSTPTR)
  C:\KEIL_V5\C51\LIB\C51L.LIB (?C?IMUL)
  C:\KEIL_V5\C51\LIB\C51L.LIB (?C?UIDIV)
  C:\KEIL_V5\C51\LIB\C51L.LIB (?C?SIDIV)
  C:\KEIL_V5\C51\LIB\C51L.LIB (?C?ILDIX)
  C:\KEIL_V5\C51\LIB\C51L.LIB (?C?ILDOPTR)
  C:\KEIL_V5\C51\LIB\C51L.LIB (?C?ISTPTR)
  C:\KEIL_V5\C51\LIB\C51L.LIB (?C?LMUL)
  C:\KEIL_V5\C51\LIB\C51L.LIB (?C?SLDIV)
  C:\KEIL_V5\C51\LIB\C51L.LIB (?C?LNEG)
  C:\KEIL_V5\C51\LIB\C51L.LIB (?C?ULCMP)
  C:\KEIL_V5\C51\LIB\C51L.LIB (?C?LSHL)
  C:\KEIL_V5\C51\LIB\C51L.LIB (?C?LLDPTR)
  C:\KEIL_V5\C51\LIB\C51L.LIB (?C?LLDOPTR)
  C:\KEIL_V5\C51\LIB\C51L.LIB (?C?LSTPTR)
  C:\KEIL_V5\C51\LIB\C51L.LIB (?C?LSTOPTR)
BL51 BANKED LINKER/LOCATER V6.22                                                      02/27/2019  11:55:55  PAGE 2


  C:\KEIL_V5\C51\LIB\C51L.LIB (?C?LLDXDATA)
  C:\KEIL_V5\C51\LIB\C51L.LIB (?C?LLDCODE)
  C:\KEIL_V5\C51\LIB\C51L.LIB (?C?LLDXDATA0)
  C:\KEIL_V5\C51\LIB\C51L.LIB (?C?LLDCODE0)
  C:\KEIL_V5\C51\LIB\C51L.LIB (?C?LLDPTR0)
  C:\KEIL_V5\C51\LIB\C51L.LIB (?C?LSTXDATA)
  C:\KEIL_V5\C51\LIB\C51L.LIB (?C?LSTKXDATA)
  C:\KEIL_V5\C51\LIB\C51L.LIB (?C?LSTKPTR)
  C:\KEIL_V5\C51\LIB\C51L.LIB (?C?OFFXADD)
  C:\KEIL_V5\C51\LIB\C51L.LIB (ABS)
  C:\KEIL_V5\C51\LIB\C51L.LIB (ATOI)
  C:\KEIL_V5\C51\LIB\C51L.LIB (?C?IILDX)
  C:\KEIL_V5\C51\LIB\C51L.LIB (?C?ULDIV)
  C:\KEIL_V5\C51\LIB\C51L.LIB (?C?LLDIDATA)
  C:\KEIL_V5\C51\LIB\C51L.LIB (?C?LLDPDATA)
  C:\KEIL_V5\C51\LIB\C51L.LIB (?C?LLDIDATA0)
  C:\KEIL_V5\C51\LIB\C51L.LIB (?C?LLDPDATA0)
  C:\KEIL_V5\C51\LIB\C51L.LIB (?C?LSTIDATA)
  C:\KEIL_V5\C51\LIB\C51L.LIB (?C?LSTPDATA)
  C:\KEIL_V5\C51\LIB\C51L.LIB (?C?LSTKIDATA)
  C:\KEIL_V5\C51\LIB\C51L.LIB (?C?LSTKPDATA)
  C:\KEIL_V5\C51\LIB\C51L.LIB (ISDIGIT)
  C:\KEIL_V5\C51\LIB\C51L.LIB (ISSPACE)


LINK MAP OF MODULE:  .\Obj\GPIO_RTC_Test (MAIN)


            TYPE    BASE      LENGTH    RELOCATION   SEGMENT NAME
            -----------------------------------------------------

            * * * * * * *   D A T A   M E M O R Y   * * * * * * *
            REG     0000H     0008H     ABSOLUTE     "REG BANK 0"
                    0008H     0018H                  *** GAP ***
            BIT     0020H.0   0000H.5   UNIT         ?BI?KEYPAD
            BIT     0020H.5   0000H.3   UNIT         _BIT_GROUP_
            BIT     0021H.0   0000H.1   UNIT         ?BI?MAIN
            BIT     0021H.1   0000H.1   UNIT         ?BI?_ATOI?ATOI
                    0021H.2   0000H.6                *** GAP ***
            IDATA   0022H     0001H     UNIT         ?STACK

            * * * * * * *  X D A T A   M E M O R Y  * * * * * * *
            XDATA   0000H     038FH     UNIT         ?XD?BIPOLARMOTOR
            XDATA   038FH     0151H     UNIT         _XDATA_GROUP_
            XDATA   04E0H     00D8H     UNIT         ?XD?MAIN
            XDATA   05B8H     0040H     UNIT         ?XD?_FINDDET4X4?BIPOLARMOTOR
            XDATA   05F8H     0024H     UNIT         ?XD?_FINDDET3X3?BIPOLARMOTOR
            XDATA   061CH     0009H     UNIT         ?XD?KEYPAD
            XDATA   0625H     0008H     UNIT         ?XD?_AT25SF041_READ?AT25SF041
            XDATA   062DH     0005H     UNIT         ?XD?_ATOI?ATOI
            XDATA   0632H     0004H     UNIT         ?XD?_DISPLAY_PROX?MAIN
            XDATA   0636H     0003H     UNIT         ?XD?_SENDSTRING?UART1
            XDATA   0639H     0001H     UNIT         ?XD?UC_ACK?IOEXPANDER_PI4IOE5V96248
            XDATA   063AH     0001H     UNIT         ?XD?UC_NACK?IOEXPANDER_PI4IOE5V96248

            * * * * * * *   C O D E   M E M O R Y   * * * * * * *
            CODE    0000H     0003H     ABSOLUTE     
BL51 BANKED LINKER/LOCATER V6.22                                                      02/27/2019  11:55:55  PAGE 3


            CODE    0003H     0006H     UNIT         ?PR?_TEN?UART1
            CODE    0009H     0001H     UNIT         ?PR?TM0_ISR?MAIN
            CODE    000AH     0001H     UNIT         ?PR?_DECTOBCD?UART1
            CODE    000BH     0003H     ABSOLUTE     
            CODE    000EH     0B00H     UNIT         ?PR?_UPDATE_POSITION?BIPOLARMOTOR
            CODE    0B0EH     0A90H     UNIT         ?PR?MAIN?MAIN
            CODE    159EH     09B6H     UNIT         ?C?LIB_CODE
            CODE    1F54H     07A2H     UNIT         ?PR?SUNPOS?SUNPOS
            CODE    26F6H     03F9H     UNIT         ?C_INITSEG
            CODE    2AEFH     02FCH     UNIT         ?PR?_FIND_REAL_MAX?CALIBRATION
            CODE    2DEBH     02C5H     UNIT         ?PR?KEY_PROCESS?KEYPAD
            CODE    30B0H     02C0H     UNIT         ?PR?_FINDDET4X4?BIPOLARMOTOR
            CODE    3370H     01D1H     UNIT         ?PR?_FINDDET3X3?BIPOLARMOTOR
            CODE    3541H     018DH     UNIT         ?PR?KEY_SCAN?KEYPAD
            CODE    36CEH     0189H     UNIT         ?PR?SPI_NOR_WRITE_DATA?AT25SF041
            CODE    3857H     0188H     UNIT         ?PR?SIN?SIN
            CODE    39DFH     0177H     UNIT         ?PR?_CALIBRATION?CALIBRATION
            CODE    3B56H     0172H     UNIT         ?PR?_DISPLAY_POS?MAIN
            CODE    3CC8H     0122H     UNIT         ?PR?ATAN?ATAN
            CODE    3DEAH     0110H     UNIT         ?PR?_AT25SF041_READ?AT25SF041
            CODE    3EFAH     0102H     UNIT         ?PR?_AT25SF041_WRITE?AT25SF041
            CODE    3FFCH     00DBH     UNIT         ?PR?_ATOI?ATOI
            CODE    40D7H     00C3H     UNIT         ?PR?LINEAR_INTERPOLATE?BIPOLARMOTOR
            CODE    419AH     00BBH     UNIT         ?PR?VOLTAGE_IS_STABLE?CALIBRATION
            CODE    4255H     00ADH     UNIT         ?PR?_WRITE_PI4IOE5V96248?IOEXPANDER_PI4IOE5V96248
            CODE    4302H     00ACH     UNIT         ?PR?SQRT?SQRT
            CODE    43AEH     00A1H     UNIT         ?PR?UCREAD_STATUS_REGISTER_BYTE1?AT25SF041
            CODE    444FH     009DH     UNIT         ?PR?_ATAN2?ATAN2
            CODE    44ECH     009CH     UNIT         ?PR?_MAX_VALUE?CALIBRATION
            CODE    4588H     0095H     UNIT         ?PR?_DISPLAY_PROX?MAIN
            CODE    461DH     008CH     UNIT         ?C_C51STARTUP
            CODE    46A9H     0084H     UNIT         ?PR?_DAY_OF_YEAR?PCF85063BTL
            CODE    472DH     0075H     UNIT         ?PR?_WRITEDATA?LCD_DRIVER_SPLC780D
            CODE    47A2H     0072H     UNIT         ?PR?AT25SF041_WRITEENABLE?AT25SF041
            CODE    4814H     006FH     UNIT         ?PR?_READ_TIME?PCF85063BTL
            CODE    4883H     005AH     UNIT         ?PR?AT25SF041_CHIPERASE?AT25SF041
            CODE    48DDH     0059H     UNIT         ?PR?LCD_INIT?LCD_DRIVER_SPLC780D
            CODE    4936H     004AH     UNIT         ?PR?VONESTEPMOVE?BIPOLARMOTOR
            CODE    4980H     004AH     UNIT         ?PR?ACOS?ACOS
            CODE    49CAH     0044H     UNIT         ?C?LDIV
            CODE    4A0EH     0040H     UNIT         ?PR?_COMMAND?LCD_DRIVER_SPLC780D
            CODE    4A4EH     0040H     UNIT         ?PR?_STEP_MOVE?BIPOLARMOTOR
            CODE    4A8EH     003BH     UNIT         ?PR?ASIN?ASIN
            CODE    4AC9H     0033H     UNIT         ?PR?_SENDSTRING?UART1
            CODE    4AFCH     002CH     UNIT         ?PR?_ADC_GETRESULT?ADC
            CODE    4B28H     002BH     UNIT         ?PR?_WAIT_MS_I2C?IOEXPANDER_PI4IOE5V96248
            CODE    4B53H     002BH     UNIT         ?PR?_WAIT_MS_SPINOR?AT25SF041
            CODE    4B7EH     0028H     UNIT         ?PR?_MOVE?BIPOLARMOTOR
            CODE    4BA6H     0027H     UNIT         ?PR?_I2C_SENDBYTE?IOEXPANDER_PI4IOE5V96248
            CODE    4BCDH     0024H     UNIT         ?PR?_WAIT_MS?LCD_DRIVER_SPLC780D
            CODE    4BF1H     0020H     UNIT         ?PR?_SPI_SENDBYTE?PCF85063BTL
            CODE    4C11H     0020H     UNIT         ?PR?SPI_RECEIVEBYTE?PCF85063BTL
            CODE    4C31H     001FH     UNIT         ?PR?ADC_INIT?ADC
            CODE    4C50H     001EH     UNIT         ?PR?_DELAY_MS?KEYPAD
            CODE    4C6EH     001DH     UNIT         ?PR?_DISPLAYLCD?LCD_DRIVER_SPLC780D
            CODE    4C8BH     001BH     UNIT         ?PR?_BCDTODEC1?BIPOLARMOTOR
            CODE    4CA6H     0018H     UNIT         ?PR?_SPI_WRITETIME?PCF85063BTL
BL51 BANKED LINKER/LOCATER V6.22                                                      02/27/2019  11:55:55  PAGE 4


            CODE    4CBEH     0017H     UNIT         ?PR?_ASCIITOBCD?UART1
            CODE    4CD5H     0016H     UNIT         ?PR?I2C_ACK?IOEXPANDER_PI4IOE5V96248
            CODE    4CEBH     0015H     UNIT         ?PR?_DISPLAY_LINE?LCD_DRIVER_SPLC780D
            CODE    4D00H     0015H     UNIT         ?PR?I2C_STOP?IOEXPANDER_PI4IOE5V96248
            CODE    4D15H     0014H     UNIT         ?PR?_PCF85063BTL_DELAY?PCF85063BTL
            CODE    4D29H     0014H     UNIT         ?PR?_ISSPACE?ISSPACE
            CODE    4D3DH     0011H     UNIT         ?PR?_SPI_READTIME?PCF85063BTL
            CODE    4D4EH     0011H     UNIT         ?PR?_BCDTODEC?PCF85063BTL
            CODE    4D5FH     0011H     UNIT         ?PR?INITUART1?UART1
            CODE    4D70H     000FH     UNIT         ?PR?I2C_START?IOEXPANDER_PI4IOE5V96248
            CODE    4D7FH     000FH     UNIT         ?PR?UC_NACK?IOEXPANDER_PI4IOE5V96248
            CODE    4D8EH     000FH     UNIT         ?PR?_ISDIGIT?ISDIGIT
            CODE    4D9DH     000DH     UNIT         ?PR?SPI_INIT?PCF85063BTL
            CODE    4DAAH     000CH     UNIT         ?PR?KEYPAD_IO_INIT?KEYPAD
            CODE    4DB6H     000CH     UNIT         ?PR?_ABS?ABS
            CODE    4DC2H     000AH     UNIT         ?PR?LCD_RETURN_HOME?LCD_DRIVER_SPLC780D
            CODE    4DCCH     000AH     UNIT         ?PR?LCD_CLEAR?LCD_DRIVER_SPLC780D
            CODE    4DD6H     0006H     UNIT         ?PR?UC_ACK?IOEXPANDER_PI4IOE5V96248
            CODE    4DDCH     0005H     UNIT         ?PR?_UNIT?UART1
            CODE    4DE1H     0005H     UNIT         ?PR?_ASCII_LETTER?UART1
            CODE    4DE6H     0001H     UNIT         ?PR?WAIT?BIPOLARMOTOR
            CODE    4DE7H     0001H     UNIT         ?PR?NOP?IOEXPANDER_PI4IOE5V96248



OVERLAY MAP OF MODULE:   .\Obj\GPIO_RTC_Test (MAIN)


SEGMENT                                             BIT_GROUP          XDATA_GROUP
  +--> CALLED SEGMENT                            START    LENGTH     START    LENGTH
------------------------------------------------------------------------------------
?C_C51STARTUP                                    -----    -----      -----    -----
  +--> ?PR?MAIN?MAIN
  +--> ?C_INITSEG

?PR?MAIN?MAIN                                    -----    -----      038FH    002CH
  +--> ?PR?LCD_INIT?LCD_DRIVER_SPLC780D
  +--> ?PR?SPI_INIT?PCF85063BTL
  +--> ?PR?KEYPAD_IO_INIT?KEYPAD
  +--> ?PR?ADC_INIT?ADC
  +--> ?PR?_SPI_WRITETIME?PCF85063BTL
  +--> ?PR?_DELAY_MS?KEYPAD
  +--> ?PR?_DISPLAY_LINE?LCD_DRIVER_SPLC780D
  +--> ?PR?_WRITEDATA?LCD_DRIVER_SPLC780D
  +--> ?PR?KEY_PROCESS?KEYPAD
  +--> ?PR?_COMMAND?LCD_DRIVER_SPLC780D
  +--> ?PR?_DISPLAY_POS?MAIN
  +--> ?PR?_DISPLAYLCD?LCD_DRIVER_SPLC780D
  +--> ?PR?_STEP_MOVE?BIPOLARMOTOR
  +--> ?PR?LCD_RETURN_HOME?LCD_DRIVER_SPLC780D
  +--> ?PR?_READ_TIME?PCF85063BTL
  +--> ?PR?_ADC_GETRESULT?ADC
  +--> ?PR?_BCDTODEC1?BIPOLARMOTOR
  +--> ?PR?_CALIBRATION?CALIBRATION
  +--> ?PR?_WAIT_MS_SPINOR?AT25SF041
  +--> ?PR?SPI_NOR_WRITE_DATA?AT25SF041
  +--> ?PR?LINEAR_INTERPOLATE?BIPOLARMOTOR
BL51 BANKED LINKER/LOCATER V6.22                                                      02/27/2019  11:55:55  PAGE 5


  +--> ?PR?_UPDATE_POSITION?BIPOLARMOTOR
  +--> ?PR?LCD_CLEAR?LCD_DRIVER_SPLC780D
  +--> ?PR?AT25SF041_WRITEENABLE?AT25SF041
  +--> ?PR?AT25SF041_CHIPERASE?AT25SF041

?PR?LCD_INIT?LCD_DRIVER_SPLC780D                 -----    -----      -----    -----
  +--> ?PR?_WAIT_MS?LCD_DRIVER_SPLC780D
  +--> ?PR?_COMMAND?LCD_DRIVER_SPLC780D

?PR?_COMMAND?LCD_DRIVER_SPLC780D                 -----    -----      -----    -----
  +--> ?PR?_WAIT_MS?LCD_DRIVER_SPLC780D

?PR?ADC_INIT?ADC                                 -----    -----      -----    -----
  +--> ?PR?_WAIT_MS?LCD_DRIVER_SPLC780D

?PR?_SPI_WRITETIME?PCF85063BTL                   -----    -----      -----    -----
  +--> ?PR?_SPI_SENDBYTE?PCF85063BTL

?PR?_SPI_SENDBYTE?PCF85063BTL                    -----    -----      -----    -----
  +--> ?PR?_PCF85063BTL_DELAY?PCF85063BTL

?PR?_DISPLAY_LINE?LCD_DRIVER_SPLC780D            -----    -----      -----    -----
  +--> ?PR?_COMMAND?LCD_DRIVER_SPLC780D

?PR?_WRITEDATA?LCD_DRIVER_SPLC780D               -----    -----      046CH    0001H
  +--> ?PR?_WAIT_MS?LCD_DRIVER_SPLC780D

?PR?KEY_PROCESS?KEYPAD                           -----    -----      03BBH    0006H
  +--> ?PR?KEY_SCAN?KEYPAD
  +--> ?PR?_SPI_WRITETIME?PCF85063BTL
  +--> ?PR?LCD_CLEAR?LCD_DRIVER_SPLC780D
  +--> ?PR?_COMMAND?LCD_DRIVER_SPLC780D
  +--> ?PR?_WRITEDATA?LCD_DRIVER_SPLC780D

?PR?KEY_SCAN?KEYPAD                              -----    -----      03C1H    0003H

?PR?LCD_CLEAR?LCD_DRIVER_SPLC780D                -----    -----      -----    -----
  +--> ?PR?_COMMAND?LCD_DRIVER_SPLC780D

?PR?_DISPLAY_POS?MAIN                            -----    -----      0462H    000AH
  +--> ?PR?_ABS?ABS
  +--> ?PR?_WRITEDATA?LCD_DRIVER_SPLC780D

?PR?_DISPLAYLCD?LCD_DRIVER_SPLC780D              -----    -----      03BBH    0001H
  +--> ?PR?_WRITEDATA?LCD_DRIVER_SPLC780D

?PR?_STEP_MOVE?BIPOLARMOTOR                      0020H.6  0000H.1    047BH    0004H
  +--> ?PR?VONESTEPMOVE?BIPOLARMOTOR

?PR?VONESTEPMOVE?BIPOLARMOTOR                    0020H.7  0000H.1    -----    -----
  +--> ?PR?_WRITE_PI4IOE5V96248?IOEXPANDER_P...
  +--> ?PR?_DELAY_MS?KEYPAD

?PR?_WRITE_PI4IOE5V96248?IOEXPANDER_P...         -----    -----      047FH    0003H
  +--> ?PR?I2C_START?IOEXPANDER_PI4IOE5V96248
  +--> ?PR?_WAIT_MS_I2C?IOEXPANDER_PI4IOE5V9...
  +--> ?PR?_I2C_SENDBYTE?IOEXPANDER_PI4IOE5V...
BL51 BANKED LINKER/LOCATER V6.22                                                      02/27/2019  11:55:55  PAGE 6


  +--> ?PR?I2C_ACK?IOEXPANDER_PI4IOE5V96248
  +--> ?PR?I2C_STOP?IOEXPANDER_PI4IOE5V96248

?PR?I2C_START?IOEXPANDER_PI4IOE5V96248           -----    -----      -----    -----
  +--> ?PR?_WAIT_MS_I2C?IOEXPANDER_PI4IOE5V9...

?PR?_I2C_SENDBYTE?IOEXPANDER_PI4IOE5V...         -----    -----      -----    -----
  +--> ?PR?_WAIT_MS_I2C?IOEXPANDER_PI4IOE5V9...

?PR?I2C_ACK?IOEXPANDER_PI4IOE5V96248             -----    -----      0482H    0001H
  +--> ?PR?_WAIT_MS_I2C?IOEXPANDER_PI4IOE5V9...

?PR?I2C_STOP?IOEXPANDER_PI4IOE5V96248            -----    -----      -----    -----
  +--> ?PR?_WAIT_MS_I2C?IOEXPANDER_PI4IOE5V9...

?PR?LCD_RETURN_HOME?LCD_DRIVER_SPLC780D          -----    -----      -----    -----
  +--> ?PR?_COMMAND?LCD_DRIVER_SPLC780D

?PR?_READ_TIME?PCF85063BTL                       -----    -----      03BBH    000FH
  +--> ?PR?_SPI_READTIME?PCF85063BTL

?PR?_SPI_READTIME?PCF85063BTL                    -----    -----      -----    -----
  +--> ?PR?_SPI_SENDBYTE?PCF85063BTL
  +--> ?PR?SPI_RECEIVEBYTE?PCF85063BTL

?PR?SPI_RECEIVEBYTE?PCF85063BTL                  -----    -----      -----    -----
  +--> ?PR?_PCF85063BTL_DELAY?PCF85063BTL

?PR?_CALIBRATION?CALIBRATION                     -----    -----      03BBH    001DH
  +--> ?PR?VOLTAGE_IS_STABLE?CALIBRATION
  +--> ?PR?_UPDATE_POSITION?BIPOLARMOTOR
  +--> ?PR?_FIND_REAL_MAX?CALIBRATION

?PR?VOLTAGE_IS_STABLE?CALIBRATION                -----    -----      03D8H    0018H
  +--> ?PR?_ADC_GETRESULT?ADC
  +--> ?PR?_ABS?ABS

?PR?_UPDATE_POSITION?BIPOLARMOTOR                -----    -----      03D8H    009FH
  +--> ?PR?_BCDTODEC1?BIPOLARMOTOR
  +--> ?PR?SUNPOS?SUNPOS
  +--> ?PR?SIN?SIN
  +--> ?PR?ASIN?ASIN
  +--> ?PR?LINEAR_INTERPOLATE?BIPOLARMOTOR
  +--> ?PR?_ABS?ABS
  +--> ?PR?_MOVE?BIPOLARMOTOR

?PR?SUNPOS?SUNPOS                                -----    -----      0477H    005DH
  +--> ?PR?SIN?SIN
  +--> ?PR?_ATAN2?ATAN2
  +--> ?PR?ASIN?ASIN
  +--> ?PR?ACOS?ACOS

?PR?SIN?SIN                                      0020H.5  0000H.1    04D4H    0004H

?PR?_ATAN2?ATAN2                                 -----    -----      04D4H    0008H
  +--> ?PR?ATAN?ATAN

BL51 BANKED LINKER/LOCATER V6.22                                                      02/27/2019  11:55:55  PAGE 7


?PR?ATAN?ATAN                                    0020H.5  0000H.2    04DCH    0004H

?PR?ASIN?ASIN                                    -----    -----      -----    -----
  +--> ?PR?SQRT?SQRT
  +--> ?PR?ATAN?ATAN

?PR?SQRT?SQRT                                    -----    -----      04D4H    0004H

?PR?ACOS?ACOS                                    -----    -----      -----    -----
  +--> ?PR?SQRT?SQRT
  +--> ?PR?ATAN?ATAN

?PR?LINEAR_INTERPOLATE?BIPOLARMOTOR              -----    -----      0477H    0014H

?PR?_MOVE?BIPOLARMOTOR                           0020H.5  0000H.1    0477H    0004H
  +--> ?PR?_STEP_MOVE?BIPOLARMOTOR

?PR?_FIND_REAL_MAX?CALIBRATION                   -----    -----      03D8H    008AH
  +--> ?PR?_ADC_GETRESULT?ADC
  +--> ?PR?_MOVE?BIPOLARMOTOR
  +--> ?PR?_COMMAND?LCD_DRIVER_SPLC780D
  +--> ?PR?_WRITEDATA?LCD_DRIVER_SPLC780D
  +--> ?PR?_DISPLAY_POS?MAIN
  +--> ?PR?_WAIT_MS?LCD_DRIVER_SPLC780D
  +--> ?PR?_MAX_VALUE?CALIBRATION

?PR?_MAX_VALUE?CALIBRATION                       -----    -----      0462H    0004H

?PR?SPI_NOR_WRITE_DATA?AT25SF041                 -----    -----      03BBH    000EH
  +--> ?PR?AT25SF041_WRITEENABLE?AT25SF041
  +--> ?PR?_AT25SF041_WRITE?AT25SF041
  +--> ?PR?_WAIT_MS_SPINOR?AT25SF041

?PR?AT25SF041_WRITEENABLE?AT25SF041              -----    -----      03C9H    0002H
  +--> ?PR?_WAIT_MS_SPINOR?AT25SF041
  +--> ?PR?UCREAD_STATUS_REGISTER_BYTE1?AT25...

?PR?UCREAD_STATUS_REGISTER_BYTE1?AT25...         -----    -----      03D1H    0003H
  +--> ?PR?_WAIT_MS_SPINOR?AT25SF041

?PR?_AT25SF041_WRITE?AT25SF041                   -----    -----      03C9H    0008H
  +--> ?PR?_WAIT_MS_SPINOR?AT25SF041
  +--> ?PR?UCREAD_STATUS_REGISTER_BYTE1?AT25...

?PR?AT25SF041_CHIPERASE?AT25SF041                -----    -----      03BBH    0002H
  +--> ?PR?_WAIT_MS_SPINOR?AT25SF041
  +--> ?PR?UCREAD_STATUS_REGISTER_BYTE1?AT25...



UNRESOLVED EXTERNAL SYMBOLS:
   AUTO_MODE
   SPI_NOR_CLEARENABLE
   _SENDUART1



BL51 BANKED LINKER/LOCATER V6.22                                                      02/27/2019  11:55:55  PAGE 8


SYMBOL TABLE OF MODULE:  .\Obj\GPIO_RTC_Test (MAIN)

  VALUE           TYPE          NAME
  ----------------------------------

  -------         MODULE        MAIN
  C:0000H         SYMBOL        _ICE_DUMMY_
  X:04E8H         PUBLIC        calib_value
  D:0080H         PUBLIC        P0
  D:00B2H         PUBLIC        P3M0
  D:0090H         PUBLIC        P1
  D:00B1H         PUBLIC        P3M1
  D:00A0H         PUBLIC        P2
  D:00B0H         PUBLIC        P3
  D:00C0H         PUBLIC        P4
  D:00C8H         PUBLIC        P5
  X:053CH         SYMBOL        PressedKey
  B:00A8H.7       PUBLIC        EA
  D:00E8H         PUBLIC        P6
  X:0540H         PUBLIC        calib_stamp
  D:00F8H         PUBLIC        P7
  X:0541H         PUBLIC        RX_Data_Uart_Cnt
  D:00A8H         PUBLIC        IE
  X:0543H         PUBLIC        calib_time
  D:00B8H         PUBLIC        IP
  X:0597H         PUBLIC        months
  D:00D8H         PUBLIC        CCON
  C:0B0EH         PUBLIC        main
  X:0598H         PUBLIC        count
  X:059AH         PUBLIC        days
  X:059BH         PUBLIC        hours
  D:0098H         PUBLIC        SCON
  D:0089H         PUBLIC        TMOD
  D:0088H         PUBLIC        TCON
  B:00A0H.3       PUBLIC        P23
  X:059CH         SYMBOL        KeyCount
  X:059EH         PUBLIC        mins
  X:059FH         PUBLIC        Rec_data_hour
  B:00C8H.5       PUBLIC        P55
  X:05A2H         PUBLIC        Rec_data_min
  D:008EH         PUBLIC        AUXR
  C:0009H         PUBLIC        tm0_isr
  B:0021H.0       PUBLIC        busy
  B:00A8H.1       PUBLIC        ET0
  X:05A5H         PUBLIC        SPI_NOR_INTERNAL_FLASH_ADDR
  D:008CH         PUBLIC        TH0
  X:05A9H         PUBLIC        hour_count
  D:008AH         PUBLIC        TL0
  X:05AAH         PUBLIC        min_count
  B:0088H.4       PUBLIC        TR0
  X:05ABH         SYMBOL        KeyNum
  X:05ACH         SYMBOL        KeyNum_Old
  X:05ADH         PUBLIC        current_position
  X:05B1H         PUBLIC        hours1
  X:05B2H         PUBLIC        hours2
  C:4588H         PUBLIC        _Display_Prox
  X:05B3H         PUBLIC        mins1
BL51 BANKED LINKER/LOCATER V6.22                                                      02/27/2019  11:55:55  PAGE 9


  X:05B4H         PUBLIC        mins2
  C:3B56H         PUBLIC        _Display_Pos
  X:05B5H         PUBLIC        seconds
  X:05B6H         PUBLIC        st_time
  D:00D0H         PUBLIC        PSW
  -------         PROC          TM0_ISR
  C:0009H         LINE#         85
  C:0009H         LINE#         87
  -------         ENDPROC       TM0_ISR
  -------         PROC          MAIN
  -------         DO            
  X:038FH         SYMBOL        sunlight_ADC
  X:04E0H         SYMBOL        KeyCount
  X:04E2H         SYMBOL        KeyNum_Old
  X:04E3H         SYMBOL        KeyNum
  X:04E4H         SYMBOL        PressedKey
  X:0391H         SYMBOL        prox_flag
  X:0392H         SYMBOL        iUse_prevday_calib_value
  X:0394H         SYMBOL        max_ADC_Val_JP
  X:0396H         SYMBOL        max_ADC_Val
  X:0398H         SYMBOL        calib_point1
  X:03A0H         SYMBOL        calib_point2
  X:03A8H         SYMBOL        dat_to_store
  X:03B3H         SYMBOL        calib_day
  X:03B5H         SYMBOL        calib_count
  X:03B7H         SYMBOL        theorical_JP_max_pos
  -------         ENDDO         
  C:0B0EH         LINE#         89
  C:0B0EH         LINE#         90
  C:0B0EH         LINE#         95
  C:0B14H         LINE#         96
  C:0B19H         LINE#         98
  C:0B21H         LINE#         102
  C:0B27H         LINE#         103
  C:0B31H         LINE#         107
  C:0B33H         LINE#         108
  C:0B35H         LINE#         109
  C:0B37H         LINE#         110
  C:0B39H         LINE#         112
  C:0B40H         LINE#         113
  C:0B44H         LINE#         122
  C:0B46H         LINE#         123
  C:0B49H         LINE#         124
  C:0B4CH         LINE#         125
  C:0B4FH         LINE#         126
  C:0B52H         LINE#         127
  C:0B55H         LINE#         130
  C:0B58H         LINE#         132
  C:0B5BH         LINE#         133
  C:0B5EH         LINE#         134
  C:0B61H         LINE#         135
  C:0B63H         LINE#         136
  C:0B65H         LINE#         137
  C:0B67H         LINE#         139
  C:0B69H         LINE#         140
  C:0B70H         LINE#         141
  C:0B77H         LINE#         142
BL51 BANKED LINKER/LOCATER V6.22                                                      02/27/2019  11:55:55  PAGE 10


  C:0B7EH         LINE#         143
  C:0B85H         LINE#         147
  C:0B8CH         LINE#         148
  C:0B91H         LINE#         149
  C:0B96H         LINE#         150
  C:0B9BH         LINE#         151
  C:0BA0H         LINE#         152
  C:0BA5H         LINE#         155
  C:0BBEH         LINE#         156
  C:0BBEH         LINE#         157
  C:0BDAH         LINE#         158
  C:0C21H         LINE#         159
  C:0C32H         LINE#         162
  C:0C32H         LINE#         163
  C:0C32H         LINE#         164
  C:0C35H         LINE#         167
  C:0C35H         LINE#         170
  C:0C3AH         LINE#         171
  C:0C3FH         LINE#         173
  C:0C44H         LINE#         174
  C:0C49H         LINE#         175
  C:0C4EH         LINE#         176
  C:0C53H         LINE#         178
  C:0C64H         LINE#         179
  C:0C69H         LINE#         180
  C:0C6EH         LINE#         182
  C:0C75H         LINE#         183
  C:0C7DH         LINE#         184
  C:0C82H         LINE#         185
  C:0C8AH         LINE#         186
  C:0C8FH         LINE#         187
  C:0C99H         LINE#         188
  C:0C9EH         LINE#         189
  C:0CA6H         LINE#         191
  C:0CAEH         LINE#         192
  C:0CB3H         LINE#         193
  C:0CBDH         LINE#         194
  C:0CBDH         LINE#         195
  C:0CBFH         LINE#         196
  C:0CC1H         LINE#         197
  C:0CCBH         LINE#         198
  C:0CCBH         LINE#         199
  C:0CD0H         LINE#         200
  C:0CD0H         LINE#         212
  C:0CDDH         LINE#         213
  C:0CDDH         LINE#         214
  C:0CE7H         LINE#         215
  C:0CFEH         LINE#         216
  C:0CFEH         LINE#         217
  C:0D00H         LINE#         218
  C:0D02H         LINE#         220
  C:0D02H         LINE#         221
  C:0D0DH         LINE#         222
  C:0D0DH         LINE#         223
  C:0D12H         LINE#         224
  C:0D12H         LINE#         225
  C:0D1FH         LINE#         226
BL51 BANKED LINKER/LOCATER V6.22                                                      02/27/2019  11:55:55  PAGE 11


  C:0D1FH         LINE#         229
  C:0D29H         LINE#         230
  C:0D40H         LINE#         231
  C:0D40H         LINE#         232
  C:0D42H         LINE#         233
  C:0D44H         LINE#         235
  C:0D44H         LINE#         236
  C:0D4FH         LINE#         237
  C:0D4FH         LINE#         238
  C:0D54H         LINE#         239
  C:0D56H         LINE#         240
  C:0D56H         LINE#         242
  C:0D78H         LINE#         243
  C:0D78H         LINE#         244
  C:0D82H         LINE#         245
  C:0D88H         LINE#         246
  C:0D8AH         LINE#         247
  C:0D8CH         LINE#         248
  C:0D8EH         LINE#         249
  C:0D8EH         LINE#         250
  C:0D91H         LINE#         252
  C:0D91H         LINE#         253
  C:0D97H         LINE#         254
  C:0D9FH         LINE#         255
  C:0DA5H         LINE#         256
  C:0DADH         LINE#         257
  C:0DE8H         LINE#         261
  C:0DF5H         LINE#         262
  C:0DF5H         LINE#         264
  C:0E02H         LINE#         265
  C:0E35H         LINE#         266
  C:0E42H         LINE#         267
  C:0E42H         LINE#         269
  C:0E71H         LINE#         270
  C:0E71H         LINE#         271
  C:0E93H         LINE#         272
  C:0E93H         LINE#         273
  C:0F0FH         LINE#         274
  C:0F8DH         LINE#         277
  C:0F95H         LINE#         278
  C:0F9DH         LINE#         279
  C:0FA5H         LINE#         280
  C:0FADH         LINE#         281
  C:0FC1H         LINE#         282
  C:0FD7H         LINE#         283
  C:1007H         LINE#         284
  C:101BH         LINE#         285
  C:102FH         LINE#         286
  C:1045H         LINE#         287
  C:1075H         LINE#         288
  C:107CH         LINE#         290
  C:10A0H         LINE#         293
  C:10A3H         LINE#         294
  C:10B4H         LINE#         295
  C:10B4H         LINE#         296
  C:10B4H         LINE#         298
  C:10B4H         LINE#         301
BL51 BANKED LINKER/LOCATER V6.22                                                      02/27/2019  11:55:55  PAGE 12


  C:10B7H         LINE#         303
  C:10B7H         LINE#         304
  C:10D9H         LINE#         305
  C:10D9H         LINE#         306
  C:1155H         LINE#         307
  C:11AAH         LINE#         308
  C:11AAH         LINE#         309
  C:11AAH         LINE#         310
  C:11ADH         LINE#         314
  C:11ADH         LINE#         317
  C:11E1H         LINE#         318
  C:11E1H         LINE#         319
  C:1203H         LINE#         320
  C:1203H         LINE#         321
  C:127FH         LINE#         322
  C:12FDH         LINE#         342
  C:1300H         LINE#         343
  C:1311H         LINE#         344
  C:1311H         LINE#         345
  C:1319H         LINE#         347
  C:1319H         LINE#         350
  C:131CH         LINE#         352
  C:131CH         LINE#         354
  C:133EH         LINE#         355
  C:133EH         LINE#         356
  C:13BAH         LINE#         358
  C:13E7H         LINE#         359
  C:1402H         LINE#         360
  C:142FH         LINE#         361
  C:144AH         LINE#         363
  C:14E6H         LINE#         366
  C:14E6H         LINE#         367
  C:14E6H         LINE#         368
  C:14E6H         LINE#         370
  C:14E6H         LINE#         373
  C:1502H         LINE#         374
  C:1506H         LINE#         376
  C:1508H         LINE#         379
  C:1513H         LINE#         380
  C:1513H         LINE#         381
  C:1516H         LINE#         382
  C:151DH         LINE#         383
  C:1522H         LINE#         384
  C:1527H         LINE#         385
  C:152CH         LINE#         386
  C:1531H         LINE#         387
  C:1536H         LINE#         388
  C:153BH         LINE#         389
  C:1540H         LINE#         390
  C:1545H         LINE#         391
  C:154AH         LINE#         392
  C:154FH         LINE#         393
  C:1554H         LINE#         394
  C:1559H         LINE#         397
  C:155CH         LINE#         399
  C:155FH         LINE#         400
  C:1566H         LINE#         401
BL51 BANKED LINKER/LOCATER V6.22                                                      02/27/2019  11:55:55  PAGE 13


  C:1570H         LINE#         402
  C:1575H         LINE#         404
  C:1578H         LINE#         405
  C:157DH         LINE#         406
  C:1582H         LINE#         407
  C:1587H         LINE#         408
  C:158CH         LINE#         409
  C:1591H         LINE#         410
  C:1596H         LINE#         411
  C:159BH         LINE#         413
  C:159BH         LINE#         414
  -------         ENDPROC       MAIN
  -------         PROC          _DISPLAY_PROX
  D:0002H         SYMBOL        dat
  -------         DO            
  X:0632H         SYMBOL        unit
  X:0633H         SYMBOL        ten
  X:0634H         SYMBOL        hundred
  X:0635H         SYMBOL        thousand
  -------         ENDDO         
  C:4588H         LINE#         498
  C:458CH         LINE#         499
  C:458CH         LINE#         501
  C:4598H         LINE#         502
  C:45A8H         LINE#         503
  C:45C4H         LINE#         504
  C:45F4H         LINE#         505
  C:45FEH         LINE#         506
  C:4608H         LINE#         507
  C:4612H         LINE#         508
  C:461CH         LINE#         510
  -------         ENDPROC       _DISPLAY_PROX
  -------         PROC          _DISPLAY_POS
  X:0462H         SYMBOL        sign_dat
  -------         DO            
  X:0466H         SYMBOL        unit
  X:0467H         SYMBOL        ten
  X:0468H         SYMBOL        hundred
  D:0003H         SYMBOL        thousand
  X:0469H         SYMBOL        after_dot
  X:046AH         SYMBOL        dat
  -------         ENDDO         
  C:3B56H         LINE#         513
  C:3B5CH         LINE#         514
  C:3B5CH         LINE#         518
  C:3B78H         LINE#         519
  C:3B92H         LINE#         520
  C:3BB6H         LINE#         522
  C:3C00H         LINE#         524
  C:3C17H         LINE#         525
  C:3C24H         LINE#         526
  C:3C46H         LINE#         527
  C:3C7BH         LINE#         528
  C:3C93H         LINE#         529
  C:3C93H         LINE#         531
  C:3C93H         LINE#         532
  C:3C93H         LINE#         533
BL51 BANKED LINKER/LOCATER V6.22                                                      02/27/2019  11:55:55  PAGE 14


  C:3C93H         LINE#         534
  C:3C93H         LINE#         535
  C:3C93H         LINE#         539
  C:3C95H         LINE#         541
  C:3C95H         LINE#         543
  C:3C9AH         LINE#         544
  C:3CA4H         LINE#         545
  C:3CAEH         LINE#         546
  C:3CB8H         LINE#         547
  C:3CBDH         LINE#         548
  C:3CC7H         LINE#         552
  C:3CC7H         LINE#         554
  -------         ENDPROC       _DISPLAY_POS
  -------         ENDMOD        MAIN

  -------         MODULE        PCF85063BTL
  C:0000H         SYMBOL        _ICE_DUMMY_
  D:0096H         PUBLIC        P2M0
  D:0080H         PUBLIC        P0
  D:0095H         PUBLIC        P2M1
  D:0090H         PUBLIC        P1
  D:00A0H         PUBLIC        P2
  D:00B0H         PUBLIC        P3
  D:00C0H         PUBLIC        P4
  D:00C8H         PUBLIC        P5
  D:00E8H         PUBLIC        P6
  B:00A0H.1       PUBLIC        PCF85063BTL_SDI
  D:00F8H         PUBLIC        P7
  B:00A0H.2       PUBLIC        PCF85063BTL_SCK
  B:00A0H.1       PUBLIC        PCF85063BTL_SDO
  D:00A8H         PUBLIC        IE
  C:4814H         PUBLIC        _Read_time
  C:4D1BH         PUBLIC        _PCF85063BTL_Delay
  D:00B8H         PUBLIC        IP
  D:00D8H         PUBLIC        CCON
  C:46A9H         PUBLIC        _Day_Of_Year
  C:4C11H         PUBLIC        SPI_ReceiveByte
  D:0098H         PUBLIC        SCON
  D:0088H         PUBLIC        TCON
  C:4D4EH         PUBLIC        _BCDtoDec
  B:00A0H.0       PUBLIC        PCF85063BTL_CS
  C:4D3DH         PUBLIC        _SPI_ReadTime
  C:4D9DH         PUBLIC        SPI_Init
  C:4CA6H         PUBLIC        _SPI_WriteTime
  C:4BF1H         PUBLIC        _SPI_SendByte
  D:00D0H         PUBLIC        PSW
  C:4D17H         SYMBOL        L?0047
  -------         PROC          L?0046
  -------         ENDPROC       L?0046
  C:4D17H         SYMBOL        L?0047
  -------         PROC          _PCF85063BTL_DELAY
  D:0006H         SYMBOL        us
  C:4D1BH         LINE#         8
  C:4D1BH         LINE#         9
  C:4D1BH         LINE#         10
  C:4D25H         LINE#         11
  C:4D25H         LINE#         12
BL51 BANKED LINKER/LOCATER V6.22                                                      02/27/2019  11:55:55  PAGE 15


  C:4D26H         LINE#         13
  C:4D28H         LINE#         14
  -------         ENDPROC       _PCF85063BTL_DELAY
  -------         PROC          _SPI_SENDBYTE
  D:0005H         SYMBOL        dat
  -------         DO            
  D:0003H         SYMBOL        i
  -------         ENDDO         
  C:4BF1H         LINE#         17
  C:4BF3H         LINE#         18
  C:4BF3H         LINE#         20
  C:4BF5H         LINE#         21
  C:4BF5H         LINE#         22
  C:4BF7H         LINE#         23
  C:4BFBH         LINE#         24
  C:4BFBH         LINE#         25
  C:4BFDH         LINE#         26
  C:4BFFH         LINE#         28
  C:4BFFH         LINE#         29
  C:4C01H         LINE#         30
  C:4C01H         LINE#         31
  C:4C04H         LINE#         32
  C:4C04H         LINE#         33
  C:4C07H         LINE#         34
  C:4C0BH         LINE#         35
  C:4C10H         LINE#         36
  -------         ENDPROC       _SPI_SENDBYTE
  -------         PROC          SPI_RECEIVEBYTE
  -------         DO            
  D:0003H         SYMBOL        i
  D:0005H         SYMBOL        dat
  -------         ENDDO         
  C:4C11H         LINE#         39
  C:4C11H         LINE#         40
  C:4C11H         LINE#         42
  C:4C13H         LINE#         44
  C:4C15H         LINE#         45
  C:4C16H         LINE#         46
  C:4C16H         LINE#         47
  C:4C1AH         LINE#         48
  C:4C1CH         LINE#         49
  C:4C1FH         LINE#         51
  C:4C22H         LINE#         52
  C:4C22H         LINE#         53
  C:4C26H         LINE#         54
  C:4C26H         LINE#         55
  C:4C26H         LINE#         56
  C:4C29H         LINE#         57
  C:4C2EH         LINE#         58
  C:4C30H         LINE#         59
  -------         ENDPROC       SPI_RECEIVEBYTE
  -------         PROC          _SPI_READTIME
  D:0007H         SYMBOL        addr
  -------         DO            
  D:0006H         SYMBOL        dat
  -------         ENDDO         
  C:4D3DH         LINE#         61
BL51 BANKED LINKER/LOCATER V6.22                                                      02/27/2019  11:55:55  PAGE 16


  C:4D3DH         LINE#         62
  C:4D3DH         LINE#         64
  C:4D3FH         LINE#         65
  C:4D41H         LINE#         66
  C:4D48H         LINE#         67
  C:4D4BH         LINE#         68
  C:4D4DH         LINE#         69
  C:4D4DH         LINE#         70
  -------         ENDPROC       _SPI_READTIME
  -------         PROC          _SPI_WRITETIME
  D:0002H         SYMBOL        val
  D:0005H         SYMBOL        addr
  C:4CA6H         LINE#         71
  C:4CA8H         LINE#         72
  C:4CA8H         LINE#         74
  C:4CAAH         LINE#         75
  C:4CB1H         LINE#         76
  C:4CB6H         LINE#         77
  C:4CBBH         LINE#         78
  C:4CBDH         LINE#         79
  -------         ENDPROC       _SPI_WRITETIME
  -------         PROC          SPI_INIT
  C:4D9DH         LINE#         83
  C:4D9DH         LINE#         84
  C:4D9DH         LINE#         89
  C:4DA0H         LINE#         90
  C:4DA3H         LINE#         91
  C:4DA5H         LINE#         92
  C:4DA7H         LINE#         93
  C:4DA9H         LINE#         94
  -------         ENDPROC       SPI_INIT
  -------         PROC          _READ_TIME
  X:03BBH         SYMBOL        months
  X:03BEH         SYMBOL        days
  X:03C1H         SYMBOL        hours
  X:03C4H         SYMBOL        mins
  X:03C7H         SYMBOL        seconds
  C:4814H         LINE#         96
  C:481FH         LINE#         97
  C:481FH         LINE#         99
  C:4833H         LINE#         101
  C:4847H         LINE#         103
  C:485BH         LINE#         108
  C:486FH         LINE#         113
  -------         ENDPROC       _READ_TIME
  -------         PROC          _BCDTODEC
  D:0007H         SYMBOL        bcd
  -------         DO            
  D:0006H         SYMBOL        hi
  D:0007H         SYMBOL        lo
  -------         ENDDO         
  C:4D4EH         LINE#         119
  C:4D4EH         LINE#         120
  C:4D4EH         LINE#         122
  C:4D53H         LINE#         123
  C:4D57H         LINE#         124
  C:4D5EH         LINE#         125
BL51 BANKED LINKER/LOCATER V6.22                                                      02/27/2019  11:55:55  PAGE 17


  -------         ENDPROC       _BCDTODEC
  -------         PROC          _DAY_OF_YEAR
  D:0007H         SYMBOL        months_bcd
  D:0005H         SYMBOL        days_bcd
  -------         DO            
  D:0004H         SYMBOL        months
  D:0007H         SYMBOL        days
  -------         ENDDO         
  C:46A9H         LINE#         126
  C:46A9H         LINE#         127
  C:46A9H         LINE#         130
  C:46AEH         LINE#         132
  C:46B3H         LINE#         134
  C:46ECH         LINE#         135
  C:46ECH         LINE#         136
  C:46ECH         LINE#         137
  C:46EFH         LINE#         138
  C:46EFH         LINE#         139
  C:46EFH         LINE#         140
  C:46F4H         LINE#         141
  C:46F4H         LINE#         142
  C:46F4H         LINE#         143
  C:46F9H         LINE#         144
  C:46F9H         LINE#         145
  C:46F9H         LINE#         146
  C:46FEH         LINE#         147
  C:46FEH         LINE#         148
  C:46FEH         LINE#         149
  C:4703H         LINE#         150
  C:4703H         LINE#         151
  C:4703H         LINE#         152
  C:4708H         LINE#         153
  C:4708H         LINE#         154
  C:4708H         LINE#         155
  C:470DH         LINE#         156
  C:470DH         LINE#         157
  C:470DH         LINE#         158
  C:4712H         LINE#         159
  C:4712H         LINE#         160
  C:4712H         LINE#         161
  C:471AH         LINE#         162
  C:471AH         LINE#         163
  C:471AH         LINE#         164
  C:471FH         LINE#         165
  C:471FH         LINE#         166
  C:471FH         LINE#         167
  C:4724H         LINE#         168
  C:4724H         LINE#         169
  C:4724H         LINE#         170
  C:472CH         LINE#         171
  C:472CH         LINE#         172
  C:472CH         LINE#         173
  -------         ENDPROC       _DAY_OF_YEAR
  -------         ENDMOD        PCF85063BTL

  -------         MODULE        UART1
  C:0000H         SYMBOL        _ICE_DUMMY_
BL51 BANKED LINKER/LOCATER V6.22                                                      02/27/2019  11:55:55  PAGE 18


  D:0080H         PUBLIC        P0
  D:0090H         PUBLIC        P1
  D:00A0H         PUBLIC        P2
  D:00B0H         PUBLIC        P3
  D:00C0H         PUBLIC        P4
  D:00C8H         PUBLIC        P5
  B:00A8H.7       PUBLIC        EA
  D:00E8H         PUBLIC        P6
  D:00F8H         PUBLIC        P7
  C:4AC9H         PUBLIC        _SendString
  D:00A8H         PUBLIC        IE
  B:00A8H.4       PUBLIC        ES
  D:00B8H         PUBLIC        IP
  C:4CBEH         PUBLIC        _ASCIItoBCD
  D:00D8H         PUBLIC        CCON
  C:4D5FH         PUBLIC        initUART1
  D:0098H         PUBLIC        SCON
  D:0088H         PUBLIC        TCON
  C:000AH         PUBLIC        _DectoBCD
  C:4DE1H         PUBLIC        _ASCII_Letter
  D:008EH         PUBLIC        AUXR
  C:4DDCH         PUBLIC        _unit
  C:0003H         PUBLIC        _ten
  D:00D6H         PUBLIC        T2H
  D:00D7H         PUBLIC        T2L
  D:00D0H         PUBLIC        PSW
  -------         PROC          INITUART1
  C:4D5FH         LINE#         21
  C:4D5FH         LINE#         22
  C:4D5FH         LINE#         23
  C:4D62H         LINE#         24
  C:4D65H         LINE#         25
  C:4D68H         LINE#         26
  C:4D6BH         LINE#         27
  C:4D6DH         LINE#         28
  C:4D6FH         LINE#         30
  -------         ENDPROC       INITUART1
  -------         PROC          _SENDSTRING
  X:0636H         SYMBOL        s
  C:4AC9H         LINE#         35
  C:4AD4H         LINE#         36
  C:4AD4H         LINE#         37
  C:4AE4H         LINE#         38
  C:4AE4H         LINE#         39
  C:4AF9H         LINE#         40
  C:4AFBH         LINE#         41
  -------         ENDPROC       _SENDSTRING
  -------         PROC          _TEN
  D:0007H         SYMBOL        BCD
  C:0003H         LINE#         43
  C:0003H         LINE#         44
  C:0003H         LINE#         45
  C:0008H         LINE#         46
  -------         ENDPROC       _TEN
  -------         PROC          _UNIT
  D:0007H         SYMBOL        BCD
  C:4DDCH         LINE#         47
BL51 BANKED LINKER/LOCATER V6.22                                                      02/27/2019  11:55:55  PAGE 19


  C:4DDCH         LINE#         48
  C:4DDCH         LINE#         52
  C:4DE0H         LINE#         53
  -------         ENDPROC       _UNIT
  -------         PROC          _DECTOBCD
  D:0007H         SYMBOL        dec
  C:000AH         LINE#         54
  C:000AH         LINE#         55
  C:000AH         LINE#         57
  C:000AH         LINE#         58
  -------         ENDPROC       _DECTOBCD
  -------         PROC          _ASCII_LETTER
  D:0007H         SYMBOL        dat
  C:4DE1H         LINE#         60
  C:4DE1H         LINE#         61
  C:4DE1H         LINE#         63
  C:4DE5H         LINE#         64
  -------         ENDPROC       _ASCII_LETTER
  -------         PROC          _ASCIITOBCD
  D:0001H         SYMBOL        ascii
  -------         DO            
  D:0007H         SYMBOL        dec_val
  D:0006H         SYMBOL        ten
  D:0007H         SYMBOL        unit
  -------         ENDDO         
  C:4CBEH         LINE#         66
  C:4CBEH         LINE#         67
  C:4CBEH         LINE#         69
  C:4CC1H         LINE#         70
  C:4CC7H         LINE#         71
  C:4CCEH         LINE#         72
  C:4CD4H         LINE#         74
  -------         ENDPROC       _ASCIITOBCD
  -------         ENDMOD        UART1

  -------         MODULE        LCD_DRIVER_SPLC780D
  C:0000H         SYMBOL        _ICE_DUMMY_
  D:0092H         PUBLIC        P1M0
  D:0091H         PUBLIC        P1M1
  D:0080H         PUBLIC        P0
  D:0090H         PUBLIC        P1
  D:00A0H         PUBLIC        P2
  D:00B0H         PUBLIC        P3
  D:00C0H         PUBLIC        P4
  D:00C8H         PUBLIC        P5
  D:00E8H         PUBLIC        P6
  D:00F8H         PUBLIC        P7
  C:472DH         PUBLIC        _WriteData
  D:00A8H         PUBLIC        IE
  D:00B8H         PUBLIC        IP
  D:00D8H         PUBLIC        CCON
  B:00B0H.4       PUBLIC        LCD_D4
  B:00B0H.5       PUBLIC        LCD_D5
  B:00B0H.6       PUBLIC        LCD_D6
  C:4C6EH         PUBLIC        _DisplayLCD
  B:00B0H.7       PUBLIC        LCD_D7
  D:0098H         PUBLIC        SCON
BL51 BANKED LINKER/LOCATER V6.22                                                      02/27/2019  11:55:55  PAGE 20


  D:0088H         PUBLIC        TCON
  C:4DCCH         PUBLIC        LCD_clear
  C:4A0EH         PUBLIC        _Command
  C:4CEBH         PUBLIC        _Display_Line
  C:48DDH         PUBLIC        LCD_Init
  C:4BD3H         PUBLIC        _Wait_ms
  B:00C0H.0       PUBLIC        LCD_RS
  B:00B0H.2       PUBLIC        LCD_RW
  C:4DC2H         PUBLIC        LCD_return_home
  B:00B0H.3       PUBLIC        LCD_E
  D:00D0H         PUBLIC        PSW
  -------         PROC          LCD_INIT
  C:48DDH         LINE#         9
  C:48DDH         LINE#         10
  C:48DDH         LINE#         11
  C:48E0H         LINE#         12
  C:48E3H         LINE#         14
  C:48E9H         LINE#         15
  C:48EEH         LINE#         17
  C:48F5H         LINE#         18
  C:48FAH         LINE#         20
  C:48FDH         LINE#         21
  C:4902H         LINE#         23
  C:4905H         LINE#         24
  C:490AH         LINE#         26
  C:4911H         LINE#         29
  C:4916H         LINE#         30
  C:491BH         LINE#         32
  C:4920H         LINE#         33
  C:4925H         LINE#         35
  C:492AH         LINE#         36
  C:492FH         LINE#         37
  -------         ENDPROC       LCD_INIT
  -------         PROC          _WRITEDATA
  X:046CH         SYMBOL        dat
  C:472DH         LINE#         40
  C:4732H         LINE#         41
  C:4732H         LINE#         46
  C:4734H         LINE#         47
  C:4736H         LINE#         49
  C:4744H         LINE#         50
  C:4750H         LINE#         51
  C:475CH         LINE#         52
  C:4766H         LINE#         53
  C:4768H         LINE#         54
  C:476FH         LINE#         55
  C:4771H         LINE#         57
  C:4781H         LINE#         58
  C:478CH         LINE#         59
  C:4796H         LINE#         60
  C:479AH         LINE#         62
  C:479AH         LINE#         63
  C:479DH         LINE#         64
  C:479FH         LINE#         65
  C:47A1H         LINE#         67
  -------         ENDPROC       _WRITEDATA
  -------         PROC          _COMMAND
BL51 BANKED LINKER/LOCATER V6.22                                                      02/27/2019  11:55:55  PAGE 21


  D:0007H         SYMBOL        dat
  C:4A0EH         LINE#         69
  C:4A0EH         LINE#         70
  C:4A0EH         LINE#         71
  C:4A10H         LINE#         72
  C:4A12H         LINE#         74
  C:4A1CH         LINE#         75
  C:4A20H         LINE#         77
  C:4A22H         LINE#         78
  C:4A2BH         LINE#         79
  C:4A2FH         LINE#         81
  C:4A31H         LINE#         82
  C:4A38H         LINE#         83
  C:4A3CH         LINE#         85
  C:4A3EH         LINE#         86
  C:4A42H         LINE#         87
  C:4A46H         LINE#         89
  C:4A48H         LINE#         90
  C:4A48H         LINE#         91
  C:4A4BH         LINE#         92
  C:4A4DH         LINE#         93
  -------         ENDPROC       _COMMAND
  C:4BCFH         SYMBOL        L?0028
  -------         PROC          L?0027
  -------         ENDPROC       L?0027
  C:4BCFH         SYMBOL        L?0028
  -------         PROC          _WAIT_MS
  D:0006H         SYMBOL        ms
  -------         DO            
  D:0004H         SYMBOL        De_Cnt
  -------         ENDDO         
  C:4BD3H         LINE#         95
  C:4BD3H         LINE#         96
  C:4BD3H         LINE#         98
  C:4BDDH         LINE#         99
  C:4BDDH         LINE#         100
  C:4BF0H         LINE#         101
  C:4BF0H         LINE#         102
  -------         ENDPROC       _WAIT_MS
  -------         PROC          _DISPLAYLCD
  D:0007H         SYMBOL        BCD
  -------         DO            
  D:0006H         SYMBOL        first_digit
  X:03BBH         SYMBOL        second_digit
  -------         ENDDO         
  C:4C6EH         LINE#         103
  C:4C6EH         LINE#         104
  C:4C6EH         LINE#         106
  C:4C75H         LINE#         107
  C:4C7EH         LINE#         109
  C:4C83H         LINE#         111
  -------         ENDPROC       _DISPLAYLCD
  -------         PROC          LCD_RETURN_HOME
  C:4DC2H         LINE#         115
  C:4DC2H         LINE#         116
  C:4DC2H         LINE#         117
  C:4DC7H         LINE#         118
BL51 BANKED LINKER/LOCATER V6.22                                                      02/27/2019  11:55:55  PAGE 22


  -------         ENDPROC       LCD_RETURN_HOME
  -------         PROC          LCD_CLEAR
  C:4DCCH         LINE#         121
  C:4DCCH         LINE#         122
  C:4DCCH         LINE#         123
  C:4DD1H         LINE#         124
  -------         ENDPROC       LCD_CLEAR
  -------         PROC          _DISPLAY_LINE
  D:0006H         SYMBOL        line
  C:4CEBH         LINE#         128
  C:4CEBH         LINE#         129
  C:4CEBH         LINE#         130
  C:4CF1H         LINE#         131
  C:4CF1H         LINE#         132
  C:4CF3H         LINE#         133
  C:4CF3H         LINE#         134
  C:4CF5H         LINE#         136
  C:4CF5H         LINE#         137
  C:4CFAH         LINE#         138
  C:4CFFH         LINE#         139
  C:4CFFH         LINE#         140
  -------         ENDPROC       _DISPLAY_LINE
  -------         ENDMOD        LCD_DRIVER_SPLC780D

  -------         MODULE        KEYPAD
  C:0000H         SYMBOL        _ICE_DUMMY_
  D:0093H         PUBLIC        P0M1
  D:0080H         PUBLIC        P0
  D:0090H         PUBLIC        P1
  D:00A0H         PUBLIC        P2
  D:00B0H         PUBLIC        P3
  D:00C0H         PUBLIC        P4
  D:00C8H         PUBLIC        P5
  B:0020H.0       PUBLIC        calib_mode
  D:00E8H         PUBLIC        P6
  D:00F8H         PUBLIC        P7
  D:00A8H         PUBLIC        IE
  C:3541H         PUBLIC        Key_Scan
  D:00B8H         PUBLIC        IP
  D:00D8H         PUBLIC        CCON
  C:4DAAH         PUBLIC        KeyPad_IO_Init
  C:4C50H         PUBLIC        _Delay_ms
  D:0098H         PUBLIC        SCON
  D:0088H         PUBLIC        TCON
  B:0020H.1       PUBLIC        small_move
  B:0020H.2       PUBLIC        move
  B:0020H.3       PUBLIC        direction
  B:0020H.4       PUBLIC        auto_move
  C:2DEBH         PUBLIC        Key_Process
  D:00D0H         PUBLIC        PSW
  D:0094H         PUBLIC        P0M0
  -------         PROC          _DELAY_MS
  D:0006H         SYMBOL        ms
  -------         DO            
  D:0004H         SYMBOL        De_Cnt
  -------         ENDDO         
  C:4C50H         LINE#         19
BL51 BANKED LINKER/LOCATER V6.22                                                      02/27/2019  11:55:55  PAGE 23


  C:4C50H         LINE#         20
  C:4C50H         LINE#         22
  C:4C5AH         LINE#         23
  C:4C5AH         LINE#         24
  C:4C6DH         LINE#         25
  C:4C6DH         LINE#         26
  -------         ENDPROC       _DELAY_MS
  -------         PROC          KEY_SCAN
  -------         DO            
  X:03C1H         SYMBOL        KeyTemp1
  X:03C2H         SYMBOL        KeyTemp2
  X:03C3H         SYMBOL        KeyValue
  -------         ENDDO         
  C:3541H         LINE#         27
  C:3541H         LINE#         28
  C:3541H         LINE#         33
  C:3544H         LINE#         36
  C:3547H         LINE#         38
  C:354FH         LINE#         39
  C:3556H         LINE#         40
  C:3556H         LINE#         42
  C:355BH         LINE#         43
  C:3562H         LINE#         44
  C:3562H         LINE#         47
  C:3565H         LINE#         48
  C:3568H         LINE#         49
  C:356DH         LINE#         50
  C:3571H         LINE#         51
  C:3571H         LINE#         52
  C:3579H         LINE#         53
  C:3579H         LINE#         54
  C:357CH         LINE#         55
  C:3584H         LINE#         56
  C:3586H         LINE#         58
  C:359AH         LINE#         59
  C:359AH         LINE#         60
  C:359AH         LINE#         61
  C:359AH         LINE#         62
  C:35A0H         LINE#         64
  C:35A2H         LINE#         65
  C:35A2H         LINE#         66
  C:35A2H         LINE#         67
  C:35A8H         LINE#         69
  C:35AAH         LINE#         70
  C:35AAH         LINE#         71
  C:35AAH         LINE#         72
  C:35B0H         LINE#         74
  C:35B2H         LINE#         75
  C:35B2H         LINE#         76
  C:35B2H         LINE#         77
  C:35B8H         LINE#         79
  C:35B8H         LINE#         80
  C:35B8H         LINE#         81
  C:35B8H         LINE#         84
  C:35BBH         LINE#         85
  C:35BEH         LINE#         86
  C:35C6H         LINE#         87
BL51 BANKED LINKER/LOCATER V6.22                                                      02/27/2019  11:55:55  PAGE 24


  C:35CAH         LINE#         88
  C:35CAH         LINE#         89
  C:35D2H         LINE#         90
  C:35D2H         LINE#         91
  C:35D5H         LINE#         92
  C:35DDH         LINE#         93
  C:35DFH         LINE#         94
  C:35F3H         LINE#         95
  C:35F3H         LINE#         96
  C:35F3H         LINE#         97
  C:35F3H         LINE#         98
  C:35F9H         LINE#         100
  C:35FBH         LINE#         101
  C:35FBH         LINE#         102
  C:35FBH         LINE#         103
  C:3601H         LINE#         105
  C:3603H         LINE#         106
  C:3603H         LINE#         107
  C:3603H         LINE#         108
  C:3609H         LINE#         110
  C:360BH         LINE#         111
  C:360BH         LINE#         112
  C:360BH         LINE#         113
  C:3610H         LINE#         115
  C:3610H         LINE#         116
  C:3610H         LINE#         117
  C:3610H         LINE#         120
  C:3613H         LINE#         121
  C:3616H         LINE#         122
  C:361EH         LINE#         123
  C:3622H         LINE#         124
  C:3622H         LINE#         125
  C:362AH         LINE#         126
  C:362AH         LINE#         127
  C:362DH         LINE#         128
  C:3635H         LINE#         129
  C:3637H         LINE#         130
  C:364BH         LINE#         131
  C:364BH         LINE#         132
  C:364BH         LINE#         133
  C:364BH         LINE#         134
  C:3651H         LINE#         136
  C:3653H         LINE#         137
  C:3653H         LINE#         138
  C:3653H         LINE#         139
  C:3659H         LINE#         141
  C:365BH         LINE#         142
  C:365BH         LINE#         143
  C:365BH         LINE#         144
  C:3661H         LINE#         146
  C:3663H         LINE#         147
  C:3663H         LINE#         148
  C:3663H         LINE#         149
  C:3669H         LINE#         151
  C:3669H         LINE#         152
  C:3669H         LINE#         153
  C:3669H         LINE#         157
BL51 BANKED LINKER/LOCATER V6.22                                                      02/27/2019  11:55:55  PAGE 25


  C:366CH         LINE#         158
  C:366FH         LINE#         159
  C:3677H         LINE#         160
  C:367BH         LINE#         161
  C:367BH         LINE#         162
  C:3683H         LINE#         163
  C:3683H         LINE#         164
  C:3686H         LINE#         165
  C:368EH         LINE#         166
  C:3690H         LINE#         167
  C:36A4H         LINE#         168
  C:36A4H         LINE#         169
  C:36A4H         LINE#         170
  C:36A4H         LINE#         171
  C:36AAH         LINE#         173
  C:36ACH         LINE#         174
  C:36ACH         LINE#         175
  C:36ACH         LINE#         176
  C:36B2H         LINE#         178
  C:36B4H         LINE#         179
  C:36B4H         LINE#         180
  C:36B4H         LINE#         181
  C:36BAH         LINE#         183
  C:36BCH         LINE#         184
  C:36BCH         LINE#         185
  C:36BCH         LINE#         186
  C:36C2H         LINE#         188
  C:36C2H         LINE#         189
  C:36C2H         LINE#         190
  C:36C2H         LINE#         192
  C:36C8H         LINE#         193
  C:36C8H         LINE#         195
  C:36C8H         LINE#         196
  C:36CBH         LINE#         197
  C:36CBH         LINE#         198
  C:36CBH         LINE#         200
  C:36CBH         LINE#         201
  C:36CDH         LINE#         202
  C:36CDH         LINE#         203
  -------         ENDPROC       KEY_SCAN
  -------         PROC          KEY_PROCESS
  -------         DO            
  X:061CH         SYMBOL        KeyCount
  X:061EH         SYMBOL        KeyNum_Old
  X:061FH         SYMBOL        KeyNum
  X:0620H         SYMBOL        PressedKey
  X:03BBH         SYMBOL        d
  D:0004H         SYMBOL        hours
  D:0006H         SYMBOL        mins
  X:03BDH         SYMBOL        months
  X:03BFH         SYMBOL        days
  -------         ENDDO         
  C:2DEBH         LINE#         204
  C:2DEBH         LINE#         205
  C:2DEBH         LINE#         209
  C:2DF3H         LINE#         210
  C:2DFBH         LINE#         212
BL51 BANKED LINKER/LOCATER V6.22                                                      02/27/2019  11:55:55  PAGE 26


  C:2DFEH         LINE#         213
  C:2DFEH         LINE#         214
  C:2E01H         LINE#         216
  C:2E01H         LINE#         217
  C:2E0EH         LINE#         218
  C:2E0EH         LINE#         219
  C:2E11H         LINE#         220
  C:2E14H         LINE#         222
  C:2E17H         LINE#         224
  C:2E17H         LINE#         225
  C:2E22H         LINE#         226
  C:2E22H         LINE#         227
  C:2E25H         LINE#         229
  C:2E25H         LINE#         230
  C:2E2CH         LINE#         231
  C:2E2CH         LINE#         232
  C:2E2FH         LINE#         234
  C:2E2FH         LINE#         235
  C:2E37H         LINE#         236
  C:2E37H         LINE#         237
  C:2E41H         LINE#         238
  C:2E49H         LINE#         240
  C:2E52H         LINE#         242
  C:2E52H         LINE#         251
  C:2E67H         LINE#         252
  C:2E67H         LINE#         253
  C:2E79H         LINE#         254
  C:2E87H         LINE#         255
  C:2E96H         LINE#         256
  C:2E96H         LINE#         258
  C:2E9CH         LINE#         262
  C:2EB2H         LINE#         263
  C:2EC3H         LINE#         264
  C:2EDEH         LINE#         265
  C:2EDEH         LINE#         266
  C:2EEEH         LINE#         267
  C:2EFFH         LINE#         268
  C:2EFFH         LINE#         272
  C:2F18H         LINE#         273
  C:2F2FH         LINE#         274
  C:2F4FH         LINE#         275
  C:2F4FH         LINE#         276
  C:2F59H         LINE#         277
  C:2F59H         LINE#         278
  C:2F62H         LINE#         279
  C:2F62H         LINE#         280
  C:2F76H         LINE#         281
  C:2F76H         LINE#         282
  C:2F76H         LINE#         283
  C:2F76H         LINE#         284
  C:2F76H         LINE#         285
  C:2F78H         LINE#         287
  C:2F78H         LINE#         288
  C:2F84H         LINE#         289
  C:2F84H         LINE#         290
  C:2F95H         LINE#         291
  C:2F95H         LINE#         292
BL51 BANKED LINKER/LOCATER V6.22                                                      02/27/2019  11:55:55  PAGE 27


  C:2F95H         LINE#         293
  C:2F95H         LINE#         294
  C:2F95H         LINE#         296
  C:2F97H         LINE#         298
  C:2F97H         LINE#         299
  C:2FA8H         LINE#         300
  C:2FA8H         LINE#         301
  C:2FA8H         LINE#         302
  C:2FA8H         LINE#         303
  C:2FA8H         LINE#         305
  C:2FA8H         LINE#         307
  C:2FA8H         LINE#         308
  C:2FAAH         LINE#         310
  C:2FAAH         LINE#         311
  C:2FBDH         LINE#         312
  C:2FBDH         LINE#         313
  C:2FCEH         LINE#         314
  C:2FCEH         LINE#         315
  C:2FCEH         LINE#         316
  C:2FCEH         LINE#         317
  C:2FCEH         LINE#         318
  C:2FD0H         LINE#         320
  C:2FD0H         LINE#         321
  C:2FE1H         LINE#         322
  C:2FE1H         LINE#         323
  C:2FF2H         LINE#         324
  C:3003H         LINE#         325
  C:3003H         LINE#         326
  C:3003H         LINE#         327
  C:3003H         LINE#         328
  C:3003H         LINE#         330
  C:301DH         LINE#         331
  C:301DH         LINE#         332
  C:3022H         LINE#         333
  C:3022H         LINE#         334
  C:3028H         LINE#         335
  C:3028H         LINE#         336
  C:302BH         LINE#         337
  C:3030H         LINE#         338
  C:3035H         LINE#         339
  C:303AH         LINE#         340
  C:303FH         LINE#         341
  C:3044H         LINE#         342
  C:3049H         LINE#         343
  C:304EH         LINE#         344
  C:304EH         LINE#         345
  C:304EH         LINE#         347
  C:3070H         LINE#         348
  C:3070H         LINE#         349
  C:307AH         LINE#         350
  C:307AH         LINE#         351
  C:307FH         LINE#         352
  C:3088H         LINE#         353
  C:309FH         LINE#         354
  C:309FH         LINE#         355
  C:30AFH         LINE#         357
  C:30AFH         LINE#         361
BL51 BANKED LINKER/LOCATER V6.22                                                      02/27/2019  11:55:55  PAGE 28


  -------         ENDPROC       KEY_PROCESS
  -------         PROC          KEYPAD_IO_INIT
  C:4DAAH         LINE#         364
  C:4DAAH         LINE#         365
  C:4DAAH         LINE#         366
  C:4DADH         LINE#         367
  C:4DB0H         LINE#         368
  C:4DB3H         LINE#         369
  C:4DB5H         LINE#         370
  -------         ENDPROC       KEYPAD_IO_INIT
  -------         ENDMOD        KEYPAD

  -------         MODULE        BIPOLARMOTOR
  C:0000H         SYMBOL        _ICE_DUMMY_
  D:0080H         PUBLIC        P0
  D:0090H         PUBLIC        P1
  X:0000H         PUBLIC        RX_pos_test
  D:00A0H         PUBLIC        P2
  D:00B0H         PUBLIC        P3
  D:00C0H         PUBLIC        P4
  D:00C8H         PUBLIC        P5
  D:00E8H         PUBLIC        P6
  D:00F8H         PUBLIC        P7
  X:00A0H         PUBLIC        low_date_azimuth_mapping
  D:00A8H         PUBLIC        IE
  C:40FAH         PUBLIC        linear_interpolate
  C:4B7EH         PUBLIC        _Move
  D:00B8H         PUBLIC        IP
  C:33A3H         PUBLIC        _findDet3x3
  C:30B0H         PUBLIC        _findDet4x4
  D:00D8H         PUBLIC        CCON
  X:00C8H         PUBLIC        previous_move_time
  D:0098H         PUBLIC        SCON
  D:0088H         PUBLIC        TCON
  C:4DE6H         PUBLIC        wait
  C:4A4EH         PUBLIC        _Step_move
  X:00C9H         PUBLIC        dat
  C:000EH         PUBLIC        _Update_position
  C:4936H         PUBLIC        vOneStepMove
  X:00CFH         PUBLIC        elevation_stamp
  X:010BH         PUBLIC        date_azimuth_mapping
  X:0133H         PUBLIC        RX_pos
  C:4C95H         PUBLIC        _BCDtoDec1
  X:038BH         PUBLIC        degree
  D:00D0H         PUBLIC        PSW
  -------         PROC          L?0062
  -------         ENDPROC       L?0062
  -------         PROC          _BCDTODEC1
  D:0007H         SYMBOL        bcd
  -------         DO            
  D:0006H         SYMBOL        hi
  D:0007H         SYMBOL        lo
  -------         ENDDO         
  C:4C95H         LINE#         28
  C:4C95H         LINE#         29
  C:4C95H         LINE#         31
  C:4C9AH         LINE#         32
BL51 BANKED LINKER/LOCATER V6.22                                                      02/27/2019  11:55:55  PAGE 29


  C:4C9EH         LINE#         33
  C:4CA5H         LINE#         34
  -------         ENDPROC       _BCDTODEC1
  -------         PROC          WAIT
  C:4DE6H         LINE#         36
  C:4DE6H         LINE#         38
  -------         ENDPROC       WAIT
  -------         PROC          VONESTEPMOVE
  B:0020H.7       SYMBOL        bDir
  C:4936H         LINE#         40
  C:4936H         LINE#         41
  C:4936H         LINE#         43
  C:493CH         LINE#         44
  C:493CH         LINE#         45
  C:493FH         LINE#         46
  C:4948H         LINE#         47
  C:494FH         LINE#         48
  C:4954H         LINE#         49
  C:4954H         LINE#         50
  C:4954H         LINE#         52
  C:4956H         LINE#         55
  C:4956H         LINE#         56
  C:4959H         LINE#         57
  C:4962H         LINE#         58
  C:4969H         LINE#         59
  C:496FH         LINE#         60
  C:4978H         LINE#         61
  C:497FH         LINE#         62
  C:497FH         LINE#         66
  -------         ENDPROC       VONESTEPMOVE
  -------         PROC          _STEP_MOVE
  X:047BH         SYMBOL        step
  B:0020H.6       SYMBOL        dir
  -------         DO            
  X:047DH         SYMBOL        i
  -------         ENDDO         
  C:4A4EH         LINE#         68
  C:4A56H         LINE#         69
  C:4A56H         LINE#         71
  C:4A5BH         LINE#         74
  C:4A76H         LINE#         75
  C:4A76H         LINE#         76
  C:4A7DH         LINE#         78
  C:4A8DH         LINE#         80
  -------         ENDPROC       _STEP_MOVE
  -------         PROC          _MOVE
  X:0477H         SYMBOL        distance
  B:0020H.5       SYMBOL        direction
  -------         DO            
  D:0006H         SYMBOL        step
  -------         ENDDO         
  C:4B7EH         LINE#         82
  C:4B84H         LINE#         83
  C:4B84H         LINE#         86
  C:4B9FH         LINE#         87
  -------         ENDPROC       _MOVE
  C:3384H         SYMBOL        L?0058
BL51 BANKED LINKER/LOCATER V6.22                                                      02/27/2019  11:55:55  PAGE 30


  C:3398H         SYMBOL        L?0059
  -------         PROC          L?0057
  -------         ENDPROC       L?0057
  C:3384H         SYMBOL        L?0058
  C:3398H         SYMBOL        L?0059
  -------         PROC          _FINDDET3X3
  X:05F8H         SYMBOL        a11
  X:05FCH         SYMBOL        a12
  X:0600H         SYMBOL        a13
  X:0604H         SYMBOL        a21
  X:0608H         SYMBOL        a22
  X:060CH         SYMBOL        a23
  X:0610H         SYMBOL        a31
  X:0614H         SYMBOL        a32
  X:0618H         SYMBOL        a33
  C:33A3H         LINE#         91
  C:33A9H         LINE#         95
  C:33A9H         LINE#         96
  C:3540H         LINE#         98
  -------         ENDPROC       _FINDDET3X3
  -------         PROC          _FINDDET4X4
  X:05B8H         SYMBOL        a11
  X:05BCH         SYMBOL        a12
  X:05C0H         SYMBOL        a13
  X:05C4H         SYMBOL        a14
  X:05C8H         SYMBOL        a21
  X:05CCH         SYMBOL        a22
  X:05D0H         SYMBOL        a23
  X:05D4H         SYMBOL        a24
  X:05D8H         SYMBOL        a31
  X:05DCH         SYMBOL        a32
  X:05E0H         SYMBOL        a33
  X:05E4H         SYMBOL        a34
  X:05E8H         SYMBOL        a41
  X:05ECH         SYMBOL        a42
  X:05F0H         SYMBOL        a43
  X:05F4H         SYMBOL        a44
  C:30B0H         LINE#         99
  C:30B6H         LINE#         103
  C:30B6H         LINE#         110
  C:336FH         LINE#         114
  -------         ENDPROC       _FINDDET4X4
  C:40E9H         SYMBOL        L?0061
  -------         PROC          L?0060
  -------         ENDPROC       L?0060
  C:40E9H         SYMBOL        L?0061
  -------         PROC          LINEAR_INTERPOLATE
  X:0477H         SYMBOL        p1
  X:047FH         SYMBOL        p2
  X:0487H         SYMBOL        x
  -------         DO            
  D:0004H         SYMBOL        fx
  -------         ENDDO         
  C:40FAH         LINE#         120
  C:40FAH         LINE#         121
  C:40FAH         LINE#         124
  C:4199H         LINE#         126
BL51 BANKED LINKER/LOCATER V6.22                                                      02/27/2019  11:55:55  PAGE 31


  C:4199H         LINE#         127
  -------         ENDPROC       LINEAR_INTERPOLATE
  -------         PROC          _UPDATE_POSITION
  D:0001H         SYMBOL        mnths
  D:0002H         SYMBOL        dys
  X:03DAH         SYMBOL        hurs
  X:03DBH         SYMBOL        mns
  X:03DCH         SYMBOL        sconds
  X:03DDH         SYMBOL        currnt_pos
  X:03E0H         SYMBOL        offset_calib
  -------         DO            
  X:03E4H         SYMBOL        date
  X:03E6H         SYMBOL        i
  X:03E8H         SYMBOL        yy
  X:03EAH         SYMBOL        desired_distance
  X:03EEH         SYMBOL        distance
  X:03F2H         SYMBOL        JP_pos
  X:03F6H         SYMBOL        pos_interpolate_azimuth
  X:0432H         SYMBOL        current_local_sun_time
  X:0436H         SYMBOL        azimuth
  X:043AH         SYMBOL        elevation
  X:043EH         SYMBOL        time_offset
  X:0442H         SYMBOL        UTC_time
  X:0446H         SYMBOL        declination
  X:044AH         SYMBOL        p1
  X:0452H         SYMBOL        p2
  X:045AH         SYMBOL        time
  X:046CH         SYMBOL        location
  X:0474H         SYMBOL        sunCoord
  -------         ENDDO         
  C:000EH         LINE#         131
  C:0017H         LINE#         134
  C:0017H         LINE#         135
  C:0022H         LINE#         137
  C:003EH         LINE#         138
  C:0048H         LINE#         146
  C:0052H         LINE#         147
  C:005CH         LINE#         148
  C:0066H         LINE#         149
  C:0071H         LINE#         150
  C:007CH         LINE#         151
  C:0095H         LINE#         152
  C:00A6H         LINE#         153
  C:00B5H         LINE#         156
  C:00C9H         LINE#         160
  C:011BH         LINE#         161
  C:027FH         LINE#         162
  C:02CFH         LINE#         164
  C:03F7H         LINE#         166
  C:04C6H         LINE#         173
  C:050DH         LINE#         174
  C:050DH         LINE#         176
  C:0527H         LINE#         177
  C:0527H         LINE#         178
  C:0597H         LINE#         179
  C:0597H         LINE#         180
  C:059EH         LINE#         181
BL51 BANKED LINKER/LOCATER V6.22                                                      02/27/2019  11:55:55  PAGE 32


  C:059EH         LINE#         182
  C:05CBH         LINE#         183
  C:05E6H         LINE#         185
  C:062DH         LINE#         186
  C:0661H         LINE#         188
  C:06A7H         LINE#         189
  C:06CAH         LINE#         191
  C:06CAH         LINE#         193
  C:0740H         LINE#         194
  C:0740H         LINE#         195
  C:0747H         LINE#         196
  C:0747H         LINE#         197
  C:0774H         LINE#         198
  C:078FH         LINE#         200
  C:07D6H         LINE#         201
  C:080AH         LINE#         203
  C:0850H         LINE#         204
  C:0870H         LINE#         206
  C:0870H         LINE#         207
  C:0881H         LINE#         210
  C:089BH         LINE#         211
  C:089BH         LINE#         212
  C:090BH         LINE#         213
  C:090BH         LINE#         214
  C:0938H         LINE#         215
  C:0953H         LINE#         217
  C:0980H         LINE#         218
  C:099BH         LINE#         220
  C:09CDH         LINE#         223
  C:09CDH         LINE#         225
  C:09DEH         LINE#         227
  C:0A0DH         LINE#         229
  C:0A32H         LINE#         230
  C:0A97H         LINE#         231
  C:0A97H         LINE#         232
  C:0AB1H         LINE#         233
  C:0AC3H         LINE#         234
  C:0ADBH         LINE#         235
  C:0AF1H         LINE#         237
  C:0B0DH         LINE#         238
  C:0B0DH         LINE#         239
  C:0B0DH         LINE#         242
  -------         ENDPROC       _UPDATE_POSITION
  -------         ENDMOD        BIPOLARMOTOR

  -------         MODULE        SUNPOS
  C:0000H         SYMBOL        _ICE_DUMMY_
  C:1F54H         PUBLIC        sunpos
  -------         PROC          SUNPOS
  X:0477H         SYMBOL        udtTime
  X:0489H         SYMBOL        udtLocation
  X:0491H         SYMBOL        udtSunCoordinates
  -------         DO            
  X:0494H         SYMBOL        dElapsedJulianDays
  X:0498H         SYMBOL        dDecimalHours
  X:049CH         SYMBOL        dEclipticLongitude
  X:04A0H         SYMBOL        dEclipticObliquity
BL51 BANKED LINKER/LOCATER V6.22                                                      02/27/2019  11:55:55  PAGE 33


  X:04A4H         SYMBOL        dRightAscension
  X:04A8H         SYMBOL        dDeclination
  X:04ACH         SYMBOL        dY
  X:04B0H         SYMBOL        dX
  -------         DO            
  X:04B4H         SYMBOL        dJulianDate
  X:04B8H         SYMBOL        liAux1
  X:04BCH         SYMBOL        liAux2
  X:04B4H         SYMBOL        dMeanLongitude
  X:04B8H         SYMBOL        dMeanAnomaly
  X:04BCH         SYMBOL        dOmega
  X:04B4H         SYMBOL        dSin_EclipticLongitude
  X:04B4H         SYMBOL        dGreenwichMeanSiderealTime
  X:04B8H         SYMBOL        dLocalMeanSiderealTime
  X:04BCH         SYMBOL        dLatitudeInRadians
  X:04C0H         SYMBOL        dHourAngle
  X:04C4H         SYMBOL        dCos_Latitude
  X:04C8H         SYMBOL        dSin_Latitude
  X:04CCH         SYMBOL        dCos_HourAngle
  X:04D0H         SYMBOL        dParallax
  -------         ENDDO         
  -------         DO            
  X:04B4H         SYMBOL        dMeanLongitude
  X:04B8H         SYMBOL        dMeanAnomaly
  X:04BCH         SYMBOL        dOmega
  X:04B4H         SYMBOL        dSin_EclipticLongitude
  X:04B4H         SYMBOL        dGreenwichMeanSiderealTime
  X:04B8H         SYMBOL        dLocalMeanSiderealTime
  X:04BCH         SYMBOL        dLatitudeInRadians
  X:04C0H         SYMBOL        dHourAngle
  X:04C4H         SYMBOL        dCos_Latitude
  X:04C8H         SYMBOL        dSin_Latitude
  X:04CCH         SYMBOL        dCos_HourAngle
  X:04D0H         SYMBOL        dParallax
  -------         ENDDO         
  -------         DO            
  X:04B4H         SYMBOL        dSin_EclipticLongitude
  X:04B4H         SYMBOL        dGreenwichMeanSiderealTime
  X:04B8H         SYMBOL        dLocalMeanSiderealTime
  X:04BCH         SYMBOL        dLatitudeInRadians
  X:04C0H         SYMBOL        dHourAngle
  X:04C4H         SYMBOL        dCos_Latitude
  X:04C8H         SYMBOL        dSin_Latitude
  X:04CCH         SYMBOL        dCos_HourAngle
  X:04D0H         SYMBOL        dParallax
  -------         ENDDO         
  -------         DO            
  X:04B4H         SYMBOL        dGreenwichMeanSiderealTime
  X:04B8H         SYMBOL        dLocalMeanSiderealTime
  X:04BCH         SYMBOL        dLatitudeInRadians
  X:04C0H         SYMBOL        dHourAngle
  X:04C4H         SYMBOL        dCos_Latitude
  X:04C8H         SYMBOL        dSin_Latitude
  X:04CCH         SYMBOL        dCos_HourAngle
  X:04D0H         SYMBOL        dParallax
  -------         ENDDO         
  -------         ENDDO         
BL51 BANKED LINKER/LOCATER V6.22                                                      02/27/2019  11:55:55  PAGE 34


  C:1F54H         LINE#         6
  C:1F54H         LINE#         7
  C:1F54H         LINE#         9
  C:1F54H         LINE#         27
  C:1F9EH         LINE#         30
  C:1FBFH         LINE#         31
  C:2106H         LINE#         34
  C:2152H         LINE#         36
  C:2171H         LINE#         37
  C:2171H         LINE#         42
  C:2171H         LINE#         46
  C:21A3H         LINE#         47
  C:21CDH         LINE#         48
  C:21F7H         LINE#         49
  C:22A4H         LINE#         52
  C:2305H         LINE#         54
  C:2305H         LINE#         59
  C:2305H         LINE#         61
  C:231CH         LINE#         62
  C:2344H         LINE#         63
  C:235BH         LINE#         64
  C:2386H         LINE#         65
  C:23BDH         LINE#         66
  C:23E8H         LINE#         67
  C:23E8H         LINE#         70
  C:23E8H         LINE#         79
  C:2423H         LINE#         82
  C:245DH         LINE#         84
  C:2482H         LINE#         85
  C:24A1H         LINE#         86
  C:24B8H         LINE#         87
  C:24CFH         LINE#         88
  C:24E6H         LINE#         89
  C:256FH         LINE#         91
  C:2589H         LINE#         92
  C:25EBH         LINE#         93
  C:2621H         LINE#         94
  C:2633H         LINE#         95
  C:2660H         LINE#         96
  C:268DH         LINE#         98
  C:26AFH         LINE#         100
  C:26E7H         LINE#         103
  C:26E7H         LINE#         104
  C:26F5H         LINE#         105
  -------         ENDPROC       SUNPOS
  -------         ENDMOD        SUNPOS

  -------         MODULE        ADC
[...]
  D:0003H         SYMBOL        opcode
  X:0626H         SYMBOL        addr
  -------         DO            
  X:062AH         SYMBOL        dat
  X:062BH         SYMBOL        i
  -------         ENDDO         
  C:3DEAH         LINE#         159
  C:3DECH         LINE#         160
  C:3DECH         LINE#         161
  C:3DF1H         LINE#         163
  C:3DF3H         LINE#         164
  C:3DF9H         LINE#         168
  C:3DFEH         LINE#         169
  C:3DFEH         LINE#         170
  C:3E00H         LINE#         171
  C:3E03H         LINE#         172
  C:3E07H         LINE#         173
  C:3E07H         LINE#         174
  C:3E09H         LINE#         175
  C:3E0BH         LINE#         177
  C:3E0BH         LINE#         178
  C:3E0DH         LINE#         180
  C:3E0DH         LINE#         181
  C:3E0DH         LINE#         182
  C:3E0DH         LINE#         183
  C:3E10H         LINE#         184
  C:3E14H         LINE#         187
  C:3E33H         LINE#         189
  C:3E3AH         LINE#         190
  C:3E3AH         LINE#         191
  C:3E3CH         LINE#         192
BL51 BANKED LINKER/LOCATER V6.22                                                      02/27/2019  11:55:55  PAGE 46


  C:3E3FH         LINE#         193
  C:3E5BH         LINE#         194
  C:3E5BH         LINE#         195
  C:3E5DH         LINE#         196
  C:3E5FH         LINE#         198
  C:3E5FH         LINE#         199
  C:3E61H         LINE#         201
  C:3E61H         LINE#         202
  C:3E61H         LINE#         203
  C:3E61H         LINE#         204
  C:3E64H         LINE#         205
  C:3E7DH         LINE#         207
  C:3E9CH         LINE#         210
  C:3EA3H         LINE#         212
  C:3EA5H         LINE#         213
  C:3EACH         LINE#         215
  C:3EB3H         LINE#         216
  C:3EB3H         LINE#         217
  C:3EBAH         LINE#         218
  C:3EBAH         LINE#         219
  C:3EBDH         LINE#         220
  C:3EBFH         LINE#         221
  C:3EC2H         LINE#         223
  C:3EC5H         LINE#         224
  C:3EC5H         LINE#         226
  C:3EC9H         LINE#         227
  C:3EC9H         LINE#         233
  C:3EE8H         LINE#         236
  C:3EEAH         LINE#         237
  C:3EEDH         LINE#         238
  C:3EF4H         LINE#         240
  C:3EF9H         LINE#         242
  -------         ENDPROC       _AT25SF041_READ
  -------         PROC          UCREAD_STATUS_REGISTER_BYTE1
  -------         DO            
  D:0003H         SYMBOL        dat
  D:0001H         SYMBOL        opcode
  X:03D1H         SYMBOL        count
  X:03D2H         SYMBOL        i
  -------         ENDDO         
  C:43AEH         LINE#         246
  C:43AEH         LINE#         247
  C:43AEH         LINE#         248
  C:43B4H         LINE#         249
  C:43B8H         LINE#         250
  C:43BAH         LINE#         251
  C:43BCH         LINE#         252
  C:43C2H         LINE#         256
  C:43C9H         LINE#         257
  C:43C9H         LINE#         258
  C:43CBH         LINE#         259
  C:43CEH         LINE#         260
  C:43D2H         LINE#         261
  C:43D2H         LINE#         262
  C:43D4H         LINE#         263
  C:43D6H         LINE#         265
  C:43D6H         LINE#         266
BL51 BANKED LINKER/LOCATER V6.22                                                      02/27/2019  11:55:55  PAGE 47


  C:43D8H         LINE#         268
  C:43D8H         LINE#         269
  C:43D8H         LINE#         270
  C:43D8H         LINE#         271
  C:43DBH         LINE#         272
  C:43DFH         LINE#         275
  C:43FEH         LINE#         279
  C:4405H         LINE#         281
  C:4407H         LINE#         282
  C:440EH         LINE#         283
  C:4415H         LINE#         284
  C:4415H         LINE#         285
  C:4419H         LINE#         286
  C:4419H         LINE#         287
  C:441CH         LINE#         288
  C:441EH         LINE#         289
  C:4421H         LINE#         291
  C:4424H         LINE#         292
  C:4424H         LINE#         294
  C:4428H         LINE#         295
  C:4428H         LINE#         297
  C:4447H         LINE#         301
  C:4449H         LINE#         302
  C:444CH         LINE#         303
  C:444EH         LINE#         304
  -------         ENDPROC       UCREAD_STATUS_REGISTER_BYTE1
  -------         PROC          SPI_NOR_WRITE_DATA
  X:03BBH         SYMBOL        dat
  X:03C6H         SYMBOL        addr
  C:36CEH         LINE#         306
  C:36CEH         LINE#         307
  C:36CEH         LINE#         309
  C:36D1H         LINE#         311
  C:36EBH         LINE#         312
  C:3709H         LINE#         314
  C:3710H         LINE#         315
  C:3713H         LINE#         317
  C:372DH         LINE#         318
  C:372DH         LINE#         319
  C:372DH         LINE#         322
  C:3730H         LINE#         324
  C:374AH         LINE#         325
  C:374AH         LINE#         326
  C:374AH         LINE#         328
  C:374DH         LINE#         330
  C:3767H         LINE#         331
  C:3767H         LINE#         332
  C:3767H         LINE#         334
  C:376AH         LINE#         336
  C:3784H         LINE#         337
  C:3784H         LINE#         338
  C:3784H         LINE#         340
  C:3787H         LINE#         342
  C:37A1H         LINE#         343
  C:37A1H         LINE#         344
  C:37A1H         LINE#         346
  C:37A4H         LINE#         348
BL51 BANKED LINKER/LOCATER V6.22                                                      02/27/2019  11:55:55  PAGE 48


  C:37BEH         LINE#         349
  C:37BEH         LINE#         350
  C:37BEH         LINE#         352
  C:37C1H         LINE#         354
  C:37DBH         LINE#         355
  C:37DBH         LINE#         356
  C:37DBH         LINE#         358
  C:37DEH         LINE#         360
  C:37F8H         LINE#         361
  C:37F8H         LINE#         362
  C:37F8H         LINE#         364
  C:37FBH         LINE#         366
  C:3815H         LINE#         367
  C:3815H         LINE#         368
  C:3815H         LINE#         370
  C:3818H         LINE#         372
  C:3832H         LINE#         373
  C:3839H         LINE#         374
  -------         ENDPROC       SPI_NOR_WRITE_DATA
  -------         ENDMOD        AT25SF041

  -------         MODULE        ?C_STARTUP
  C:461DH         SEGMENT       ?C_C51STARTUP
  I:0022H         SEGMENT       ?STACK
  C:0000H         PUBLIC        ?C_STARTUP
  D:00E0H         SYMBOL        ACC
  D:00F0H         SYMBOL        B
  D:0083H         SYMBOL        DPH
  D:0082H         SYMBOL        DPL
  N:0000H         SYMBOL        IBPSTACK
  N:0100H         SYMBOL        IBPSTACKTOP
  N:0080H         SYMBOL        IDATALEN
  C:4620H         SYMBOL        IDATALOOP
  N:0000H         SYMBOL        PBPSTACK
  N:0100H         SYMBOL        PBPSTACKTOP
  N:0000H         SYMBOL        PDATALEN
  N:0000H         SYMBOL        PDATASTART
  N:0000H         SYMBOL        PPAGE
  N:0000H         SYMBOL        PPAGEENABLE
  D:00A0H         SYMBOL        PPAGE_SFR
  D:0081H         SYMBOL        SP
  C:461DH         SYMBOL        STARTUP1
  N:0000H         SYMBOL        XBPSTACK
  N:0000H         SYMBOL        XBPSTACKTOP
  N:0000H         SYMBOL        XDATALEN
  N:0000H         SYMBOL        XDATASTART
  C:0000H         LINE#         126
  C:461DH         LINE#         133
  C:461FH         LINE#         134
  C:4620H         LINE#         135
  C:4621H         LINE#         136
  C:4623H         LINE#         185
  C:4626H         LINE#         196
  -------         ENDMOD        ?C_STARTUP

  -------         MODULE        ?C?FPADD
  C:15A5H         PUBLIC        ?C?FPADD
BL51 BANKED LINKER/LOCATER V6.22                                                      02/27/2019  11:55:55  PAGE 49


  C:15A1H         PUBLIC        ?C?FPSUB
  -------         ENDMOD        ?C?FPADD

  -------         MODULE        ?C?FPMUL
  C:1696H         PUBLIC        ?C?FPMUL
  -------         ENDMOD        ?C?FPMUL

  -------         MODULE        ?C?FPDIV
  C:179FH         PUBLIC        ?C?FPDIV
  -------         ENDMOD        ?C?FPDIV

  -------         MODULE        ?C?FPCMP
  C:183EH         PUBLIC        ?C?FPCMP
  C:183CH         PUBLIC        ?C?FPCMP3
  -------         ENDMOD        ?C?FPCMP

  -------         MODULE        ?C?FPNEG
  C:18B5H         PUBLIC        ?C?FPNEG
  -------         ENDMOD        ?C?FPNEG

  -------         MODULE        ?C?FCAST
  C:18D0H         PUBLIC        ?C?FCASTC
  C:18CBH         PUBLIC        ?C?FCASTI
  C:18C6H         PUBLIC        ?C?FCASTL
  -------         ENDMOD        ?C?FCAST

  -------         MODULE        ?C?CASTF
  C:1904H         PUBLIC        ?C?CASTF
  -------         ENDMOD        ?C?CASTF

  -------         MODULE        ATAN2
  X:04D4H         PUBLIC        ?_atan2?BYTE
  C:444FH         PUBLIC        _atan2
  -------         ENDMOD        ATAN2

  -------         MODULE        SIN
  C:389FH         PUBLIC        _COS
  C:38B5H         PUBLIC        _SIN
  C:38F1H         PUBLIC        _TAN
  -------         ENDMOD        SIN

  -------         MODULE        ACOS
  C:4980H         PUBLIC        _ACOS
  -------         ENDMOD        ACOS

  -------         MODULE        ASIN
  C:4A8EH         PUBLIC        _ASIN
  -------         ENDMOD        ASIN

  -------         MODULE        SQRT
  C:4306H         PUBLIC        _SQRT
  -------         ENDMOD        SQRT

  -------         MODULE        ATAN
  C:3CE8H         PUBLIC        _ATAN
  -------         ENDMOD        ATAN

BL51 BANKED LINKER/LOCATER V6.22                                                      02/27/2019  11:55:55  PAGE 50


  -------         MODULE        ?C?COPY
  C:1AA2H         PUBLIC        ?C?COPY
  -------         ENDMOD        ?C?COPY

  -------         MODULE        ?C?CLDPTR
  C:1AC8H         PUBLIC        ?C?CLDPTR
  -------         ENDMOD        ?C?CLDPTR

  -------         MODULE        ?C?CLDOPTR
  C:1AE1H         PUBLIC        ?C?CLDOPTR
  -------         ENDMOD        ?C?CLDOPTR

  -------         MODULE        ?C?CSTPTR
  C:1B0EH         PUBLIC        ?C?CSTPTR
  -------         ENDMOD        ?C?CSTPTR

  -------         MODULE        ?C?IMUL
  C:1B20H         PUBLIC        ?C?IMUL
  -------         ENDMOD        ?C?IMUL

  -------         MODULE        ?C?UIDIV
  C:1B32H         PUBLIC        ?C?UIDIV
  -------         ENDMOD        ?C?UIDIV

  -------         MODULE        ?C?SIDIV
  C:1B87H         PUBLIC        ?C?SIDIV
  -------         ENDMOD        ?C?SIDIV

  -------         MODULE        ?C?ILDIX
  C:1BBDH         PUBLIC        ?C?ILDIX
  -------         ENDMOD        ?C?ILDIX

  -------         MODULE        ?C?ILDOPTR
  C:1BD3H         PUBLIC        ?C?ILDOPTR
  -------         ENDMOD        ?C?ILDOPTR

  -------         MODULE        ?C?ISTPTR
  C:1C0BH         PUBLIC        ?C?ISTPTR
  -------         ENDMOD        ?C?ISTPTR

  -------         MODULE        ?C?LMUL
  C:1C2AH         PUBLIC        ?C?LMUL
  -------         ENDMOD        ?C?LMUL

  -------         MODULE        ?C?SLDIV
  C:49CAH         PUBLIC        ?C?SLDIV
  -------         ENDMOD        ?C?SLDIV

  -------         MODULE        ?C?LNEG
  C:1C79H         PUBLIC        ?C?LNEG
  -------         ENDMOD        ?C?LNEG

  -------         MODULE        ?C?ULCMP
  C:1C87H         PUBLIC        ?C?ULCMP
  -------         ENDMOD        ?C?ULCMP

  -------         MODULE        ?C?LSHL
BL51 BANKED LINKER/LOCATER V6.22                                                      02/27/2019  11:55:55  PAGE 51


  C:1C98H         PUBLIC        ?C?LSHL
  -------         ENDMOD        ?C?LSHL

  -------         MODULE        ?C?LLDPTR
  C:1CABH         PUBLIC        ?C?LLDPTR
  -------         ENDMOD        ?C?LLDPTR

  -------         MODULE        ?C?LLDOPTR
  C:1CCBH         PUBLIC        ?C?LLDOPTR
  -------         ENDMOD        ?C?LLDOPTR

  -------         MODULE        ?C?LSTPTR
  C:1CFBH         PUBLIC        ?C?LSTPTR
  -------         ENDMOD        ?C?LSTPTR

  -------         MODULE        ?C?LSTOPTR
  C:1D15H         PUBLIC        ?C?LSTOPTR
  -------         ENDMOD        ?C?LSTOPTR

  -------         MODULE        ?C?LLDXDATA
  C:1D39H         PUBLIC        ?C?LLDXDATA
  -------         ENDMOD        ?C?LLDXDATA

  -------         MODULE        ?C?LLDCODE
  C:1D45H         PUBLIC        ?C?LLDCODE
  -------         ENDMOD        ?C?LLDCODE

  -------         MODULE        ?C?LLDXDATA0
  C:1D55H         PUBLIC        ?C?LLDXDATA0
  -------         ENDMOD        ?C?LLDXDATA0

  -------         MODULE        ?C?LLDCODE0
  C:1D61H         PUBLIC        ?C?LLDCODE0
  -------         ENDMOD        ?C?LLDCODE0

  -------         MODULE        ?C?LLDPTR0
  C:1D71H         PUBLIC        ?C?LLDPTR0
  -------         ENDMOD        ?C?LLDPTR0

  -------         MODULE        ?C?LSTXDATA
  C:1D91H         PUBLIC        ?C?LSTXDATA
  -------         ENDMOD        ?C?LSTXDATA

  -------         MODULE        ?C?LSTKXDATA
  C:1D9DH         PUBLIC        ?C?LSTKXDATA
  -------         ENDMOD        ?C?LSTKXDATA

  -------         MODULE        ?C?LSTKPTR
  C:1DCEH         PUBLIC        ?C?LSTKPTR
  -------         ENDMOD        ?C?LSTKPTR

  -------         MODULE        ?C?OFFXADD
  C:1DE8H         PUBLIC        ?C?OFFXADD
  -------         ENDMOD        ?C?OFFXADD

  -------         MODULE        ABS
  C:4DB6H         PUBLIC        _ABS
BL51 BANKED LINKER/LOCATER V6.22                                                      02/27/2019  11:55:55  PAGE 52


  -------         ENDMOD        ABS

  -------         MODULE        ATOI
  C:3FFCH         PUBLIC        _atoi
  -------         ENDMOD        ATOI

  -------         MODULE        ?C?IILDX
  C:1DF4H         PUBLIC        ?C?IILDX
  -------         ENDMOD        ?C?IILDX

  -------         MODULE        ?C?ULDIV
  C:1E46H         PUBLIC        ?C?ULDIV
  -------         ENDMOD        ?C?ULDIV

  -------         MODULE        ?C?LLDIDATA
  C:1ED8H         PUBLIC        ?C?LLDIDATA
  -------         ENDMOD        ?C?LLDIDATA

  -------         MODULE        ?C?LLDPDATA
  C:1EE4H         PUBLIC        ?C?LLDPDATA
  -------         ENDMOD        ?C?LLDPDATA

  -------         MODULE        ?C?LLDIDATA0
  C:1EF0H         PUBLIC        ?C?LLDIDATA0
  -------         ENDMOD        ?C?LLDIDATA0

  -------         MODULE        ?C?LLDPDATA0
  C:1EFDH         PUBLIC        ?C?LLDPDATA0
  -------         ENDMOD        ?C?LLDPDATA0

  -------         MODULE        ?C?LSTIDATA
  C:1F0AH         PUBLIC        ?C?LSTIDATA
  -------         ENDMOD        ?C?LSTIDATA

  -------         MODULE        ?C?LSTPDATA
  C:1F16H         PUBLIC        ?C?LSTPDATA
  -------         ENDMOD        ?C?LSTPDATA

  -------         MODULE        ?C?LSTKIDATA
  C:1F22H         PUBLIC        ?C?LSTKIDATA
  -------         ENDMOD        ?C?LSTKIDATA

  -------         MODULE        ?C?LSTKPDATA
  C:1F3BH         PUBLIC        ?C?LSTKPDATA
  -------         ENDMOD        ?C?LSTKPDATA

  -------         MODULE        ISDIGIT
  C:4D8EH         PUBLIC        _isdigit
  -------         ENDMOD        ISDIGIT

  -------         MODULE        ISSPACE
  C:4D29H         PUBLIC        _isspace
  -------         ENDMOD        ISSPACE

*** WARNING L16: UNCALLED SEGMENT, IGNORED FOR OVERLAY PROCESS
    SEGMENT: ?PR?_DISPLAY_PROX?MAIN

BL51 BANKED LINKER/LOCATER V6.22                                                      02/27/2019  11:55:55  PAGE 53


*** WARNING L16: UNCALLED SEGMENT, IGNORED FOR OVERLAY PROCESS
    SEGMENT: ?PR?_DAY_OF_YEAR?PCF85063BTL

*** WARNING L16: UNCALLED SEGMENT, IGNORED FOR OVERLAY PROCESS
    SEGMENT: ?PR?INITUART1?UART1

*** WARNING L16: UNCALLED SEGMENT, IGNORED FOR OVERLAY PROCESS
    SEGMENT: ?PR?_SENDSTRING?UART1

*** WARNING L16: UNCALLED SEGMENT, IGNORED FOR OVERLAY PROCESS
    SEGMENT: ?PR?_TEN?UART1

*** WARNING L16: UNCALLED SEGMENT, IGNORED FOR OVERLAY PROCESS
    SEGMENT: ?PR?_UNIT?UART1

*** WARNING L16: UNCALLED SEGMENT, IGNORED FOR OVERLAY PROCESS
    SEGMENT: ?PR?_DECTOBCD?UART1

*** WARNING L16: UNCALLED SEGMENT, IGNORED FOR OVERLAY PROCESS
    SEGMENT: ?PR?_ASCII_LETTER?UART1

*** WARNING L16: UNCALLED SEGMENT, IGNORED FOR OVERLAY PROCESS
    SEGMENT: ?PR?_ASCIITOBCD?UART1

*** WARNING L16: UNCALLED SEGMENT, IGNORED FOR OVERLAY PROCESS
    SEGMENT: ?PR?WAIT?BIPOLARMOTOR

*** WARNING L16: UNCALLED SEGMENT, IGNORED FOR OVERLAY PROCESS
    SEGMENT: ?PR?_FINDDET4X4?BIPOLARMOTOR

*** WARNING L16: UNCALLED SEGMENT, IGNORED FOR OVERLAY PROCESS
    SEGMENT: ?PR?NOP?IOEXPANDER_PI4IOE5V96248

*** WARNING L16: UNCALLED SEGMENT, IGNORED FOR OVERLAY PROCESS
    SEGMENT: ?PR?UC_ACK?IOEXPANDER_PI4IOE5V96248

*** WARNING L16: UNCALLED SEGMENT, IGNORED FOR OVERLAY PROCESS
    SEGMENT: ?PR?UC_NACK?IOEXPANDER_PI4IOE5V96248

*** WARNING L16: UNCALLED SEGMENT, IGNORED FOR OVERLAY PROCESS
    SEGMENT: ?PR?_AT25SF041_READ?AT25SF041

*** WARNING L1: UNRESOLVED EXTERNAL SYMBOL
    SYMBOL:  AUTO_MODE
    MODULE:  .\Obj\main.obj (MAIN)

*** WARNING L1: UNRESOLVED EXTERNAL SYMBOL
    SYMBOL:  SPI_NOR_CLEARENABLE
    MODULE:  .\Obj\main.obj (MAIN)

*** WARNING L2: REFERENCE MADE TO UNRESOLVED EXTERNAL
    SYMBOL:  AUTO_MODE
    MODULE:  .\Obj\main.obj (MAIN)
    ADDRESS: 0B3BH

*** WARNING L2: REFERENCE MADE TO UNRESOLVED EXTERNAL
    SYMBOL:  SPI_NOR_CLEARENABLE
BL51 BANKED LINKER/LOCATER V6.22                                                      02/27/2019  11:55:55  PAGE 54


    MODULE:  .\Obj\main.obj (MAIN)
    ADDRESS: 0B41H

*** WARNING L2: REFERENCE MADE TO UNRESOLVED EXTERNAL
    SYMBOL:  AUTO_MODE
    MODULE:  .\Obj\main.obj (MAIN)
    ADDRESS: 0CB4H

*** WARNING L2: REFERENCE MADE TO UNRESOLVED EXTERNAL
    SYMBOL:  AUTO_MODE
    MODULE:  .\Obj\main.obj (MAIN)
    ADDRESS: 0CC2H

*** WARNING L2: REFERENCE MADE TO UNRESOLVED EXTERNAL
    SYMBOL:  AUTO_MODE
    MODULE:  .\Obj\main.obj (MAIN)
    ADDRESS: 0CD4H

*** WARNING L2: REFERENCE MADE TO UNRESOLVED EXTERNAL
    SYMBOL:  AUTO_MODE
    MODULE:  .\Obj\main.obj (MAIN)
    ADDRESS: 0D16H

*** WARNING L2: REFERENCE MADE TO UNRESOLVED EXTERNAL
    SYMBOL:  AUTO_MODE
    MODULE:  .\Obj\main.obj (MAIN)
    ADDRESS: 0DE9H

*** WARNING L2: REFERENCE MADE TO UNRESOLVED EXTERNAL
    SYMBOL:  SPI_NOR_CLEARENABLE
    MODULE:  .\Obj\main.obj (MAIN)
    ADDRESS: 1509H

*** WARNING L2: REFERENCE MADE TO UNRESOLVED EXTERNAL
    SYMBOL:  SPI_NOR_CLEARENABLE
    MODULE:  .\Obj\main.obj (MAIN)
    ADDRESS: 1572H

*** WARNING L1: UNRESOLVED EXTERNAL SYMBOL
    SYMBOL:  _SENDUART1
    MODULE:  .\Obj\UART1.obj (UART1)

*** WARNING L2: REFERENCE MADE TO UNRESOLVED EXTERNAL
    SYMBOL:  _SENDUART1
    MODULE:  .\Obj\UART1.obj (UART1)
    ADDRESS: 4AF7H

*** WARNING L1: UNRESOLVED EXTERNAL SYMBOL
    SYMBOL:  AUTO_MODE
    MODULE:  .\Obj\KeyPad.obj (KEYPAD)

*** WARNING L1: UNRESOLVED EXTERNAL SYMBOL
    SYMBOL:  SPI_NOR_CLEARENABLE
    MODULE:  .\Obj\KeyPad.obj (KEYPAD)

*** WARNING L2: REFERENCE MADE TO UNRESOLVED EXTERNAL
    SYMBOL:  AUTO_MODE
BL51 BANKED LINKER/LOCATER V6.22                                                      02/27/2019  11:55:55  PAGE 55


    MODULE:  .\Obj\KeyPad.obj (KEYPAD)
    ADDRESS: 2E38H

*** WARNING L2: REFERENCE MADE TO UNRESOLVED EXTERNAL
    SYMBOL:  AUTO_MODE
    MODULE:  .\Obj\KeyPad.obj (KEYPAD)
    ADDRESS: 2E43H

*** WARNING L2: REFERENCE MADE TO UNRESOLVED EXTERNAL
    SYMBOL:  AUTO_MODE
    MODULE:  .\Obj\KeyPad.obj (KEYPAD)
    ADDRESS: 2E4AH

*** WARNING L2: REFERENCE MADE TO UNRESOLVED EXTERNAL
    SYMBOL:  SPI_NOR_CLEARENABLE
    MODULE:  .\Obj\KeyPad.obj (KEYPAD)
    ADDRESS: 301EH

*** WARNING L2: REFERENCE MADE TO UNRESOLVED EXTERNAL
    SYMBOL:  SPI_NOR_CLEARENABLE
    MODULE:  .\Obj\KeyPad.obj (KEYPAD)
    ADDRESS: 3023H

Program Size: data=10.2 xdata=1595 code=19944
LINK/LOCATE RUN COMPLETE.  35 WARNING(S),  0 ERROR(S)
