BL51 BANKED LINKER/LOCATER V6.22                                                        08/30/2019  12:14:30  PAGE 1


BL51 BANKED LINKER/LOCATER V6.22, INVOKED BY:
C:\KEIL_V5\C51\BIN\BL51.EXE .\Obj\main.obj, .\Obj\PCF85063BTL.obj, .\Obj\LCd_Driver_SPLC780D.obj, .\Obj\KeyPad.obj, .\Ob
>> j\BipolarMotor.obj, .\Obj\SunPos.obj, .\Obj\ADC.obj, .\Obj\Calibration.obj, .\Obj\IOExpander_PI4IOE5V96248.obj, .\Obj
>> \AT25SF041.obj, .\Obj\SI1120.obj, .\Obj\UART1.obj, .\Obj\STARTUP.obj TO .\Obj\GPIO_RTC_Test RTX51TINY PRINT (.\Lis\GP
>> IO_RTC_Test.m51) RAMSIZE (256)


MEMORY MODEL: LARGE WITH FLOATING POINT ARITHMETIC


INPUT MODULES INCLUDED:
  .\Obj\main.obj (MAIN)
  .\Obj\PCF85063BTL.obj (PCF85063BTL)
  .\Obj\LCd_Driver_SPLC780D.obj (LCD_DRIVER_SPLC780D)
  .\Obj\KeyPad.obj (KEYPAD)
  .\Obj\BipolarMotor.obj (BIPOLARMOTOR)
  .\Obj\SunPos.obj (SUNPOS)
  .\Obj\ADC.obj (ADC)
  .\Obj\Calibration.obj (CALIBRATION)
  .\Obj\IOExpander_PI4IOE5V96248.obj (IOEXPANDER_PI4IOE5V96248)
  .\Obj\AT25SF041.obj (AT25SF041)
  .\Obj\SI1120.obj (SI1120)
  .\Obj\UART1.obj (UART1)
  .\Obj\STARTUP.obj (?C_STARTUP)
  C:\KEIL_V5\C51\LIB\C51FPL.LIB (?C?FPADD)
  C:\KEIL_V5\C51\LIB\C51FPL.LIB (?C?FPMUL)
  C:\KEIL_V5\C51\LIB\C51FPL.LIB (?C?FPDIV)
  C:\KEIL_V5\C51\LIB\C51FPL.LIB (?C?FPCMP)
  C:\KEIL_V5\C51\LIB\C51FPL.LIB (?C?FPNEG)
  C:\KEIL_V5\C51\LIB\C51FPL.LIB (?C?FCAST)
  C:\KEIL_V5\C51\LIB\C51FPL.LIB (?C?CASTF)
  C:\KEIL_V5\C51\LIB\C51FPL.LIB (PRINTF)
  C:\KEIL_V5\C51\LIB\C51FPL.LIB (FABS)
  C:\KEIL_V5\C51\LIB\C51FPL.LIB (ATAN2)
  C:\KEIL_V5\C51\LIB\C51FPL.LIB (SIN)
  C:\KEIL_V5\C51\LIB\C51FPL.LIB (ACOS)
  C:\KEIL_V5\C51\LIB\C51FPL.LIB (ASIN)
  C:\KEIL_V5\C51\LIB\C51FPL.LIB (POW)
  C:\KEIL_V5\C51\LIB\C51FPL.LIB (?C?FPGETOPN)
  C:\KEIL_V5\C51\LIB\C51FPL.LIB (?C?CHKFLOAT)
  C:\KEIL_V5\C51\LIB\C51FPL.LIB (?C?FPROUND)
  C:\KEIL_V5\C51\LIB\C51FPL.LIB (?C?FPCONVERT)
  C:\KEIL_V5\C51\LIB\C51FPL.LIB (?C?FPSERIES)
  C:\KEIL_V5\C51\LIB\C51FPL.LIB (EXP)
  C:\KEIL_V5\C51\LIB\C51FPL.LIB (LOG)
  C:\KEIL_V5\C51\LIB\C51FPL.LIB (SQRT)
  C:\KEIL_V5\C51\LIB\C51FPL.LIB (ATAN)
  C:\KEIL_V5\C51\LIB\C51FPL.LIB (?C?FTNPWR)
  C:\KEIL_V5\C51\LIB\C51L.LIB (?C_INIT)
  C:\KEIL_V5\C51\LIB\C51L.LIB (?C?COPY)
  C:\KEIL_V5\C51\LIB\C51L.LIB (?C?CLDPTR)
  C:\KEIL_V5\C51\LIB\C51L.LIB (?C?CLDOPTR)
  C:\KEIL_V5\C51\LIB\C51L.LIB (?C?CSTPTR)
  C:\KEIL_V5\C51\LIB\C51L.LIB (?C?IMUL)
  C:\KEIL_V5\C51\LIB\C51L.LIB (?C?UIDIV)
  C:\KEIL_V5\C51\LIB\C51L.LIB (?C?SIDIV)
  C:\KEIL_V5\C51\LIB\C51L.LIB (?C?ILDIX)
  C:\KEIL_V5\C51\LIB\C51L.LIB (?C?ILDOPTR)
BL51 BANKED LINKER/LOCATER V6.22                                                      08/30/2019  12:14:30  PAGE 2


  C:\KEIL_V5\C51\LIB\C51L.LIB (?C?ISTPTR)
  C:\KEIL_V5\C51\LIB\C51L.LIB (?C?LMUL)
  C:\KEIL_V5\C51\LIB\C51L.LIB (?C?SLDIV)
  C:\KEIL_V5\C51\LIB\C51L.LIB (?C?LNEG)
  C:\KEIL_V5\C51\LIB\C51L.LIB (?C?ULCMP)
  C:\KEIL_V5\C51\LIB\C51L.LIB (?C?LSHL)
  C:\KEIL_V5\C51\LIB\C51L.LIB (?C?LLDPTR)
  C:\KEIL_V5\C51\LIB\C51L.LIB (?C?LLDOPTR)
  C:\KEIL_V5\C51\LIB\C51L.LIB (?C?LSTPTR)
  C:\KEIL_V5\C51\LIB\C51L.LIB (?C?LSTOPTR)
  C:\KEIL_V5\C51\LIB\C51L.LIB (?C?LLDXDATA)
  C:\KEIL_V5\C51\LIB\C51L.LIB (?C?LLDCODE)
  C:\KEIL_V5\C51\LIB\C51L.LIB (?C?LLDXDATA0)
  C:\KEIL_V5\C51\LIB\C51L.LIB (?C?LLDCODE0)
  C:\KEIL_V5\C51\LIB\C51L.LIB (?C?LLDPTR0)
  C:\KEIL_V5\C51\LIB\C51L.LIB (?C?LSTXDATA)
  C:\KEIL_V5\C51\LIB\C51L.LIB (?C?LSTKXDATA)
  C:\KEIL_V5\C51\LIB\C51L.LIB (?C?LSTKPTR)
  C:\KEIL_V5\C51\LIB\C51L.LIB (?C?OFFXADD)
  C:\KEIL_V5\C51\LIB\C51L.LIB (?C?PLDIXDATA)
  C:\KEIL_V5\C51\LIB\C51L.LIB (?C?PSTXDATA)
  C:\KEIL_V5\C51\LIB\C51L.LIB (?C?CCASE)
  C:\KEIL_V5\C51\LIB\C51L.LIB (PUTCHAR)
  C:\KEIL_V5\C51\LIB\C51L.LIB (ABS)
  C:\KEIL_V5\C51\LIB\C51L.LIB (ATOI)
  C:\KEIL_V5\C51\LIB\C51L.LIB (?C?IILDX)
  C:\KEIL_V5\C51\LIB\C51L.LIB (?C?ULDIV)
  C:\KEIL_V5\C51\LIB\C51L.LIB (?C?LLDIDATA)
  C:\KEIL_V5\C51\LIB\C51L.LIB (?C?LLDPDATA)
  C:\KEIL_V5\C51\LIB\C51L.LIB (?C?LLDIDATA0)
  C:\KEIL_V5\C51\LIB\C51L.LIB (?C?LLDPDATA0)
  C:\KEIL_V5\C51\LIB\C51L.LIB (?C?LSTIDATA)
  C:\KEIL_V5\C51\LIB\C51L.LIB (?C?LSTPDATA)
  C:\KEIL_V5\C51\LIB\C51L.LIB (?C?LSTKIDATA)
  C:\KEIL_V5\C51\LIB\C51L.LIB (?C?LSTKPDATA)
  C:\KEIL_V5\C51\LIB\C51L.LIB (ISDIGIT)
  C:\KEIL_V5\C51\LIB\C51L.LIB (ISSPACE)


LINK MAP OF MODULE:  .\Obj\GPIO_RTC_Test (MAIN)


            TYPE    BASE      LENGTH    RELOCATION   SEGMENT NAME
            -----------------------------------------------------

            * * * * * * *   D A T A   M E M O R Y   * * * * * * *
            REG     0000H     0008H     ABSOLUTE     "REG BANK 0"
            DATA    0008H     0005H     UNIT         _DATA_GROUP_
                    000DH     0013H                  *** GAP ***
            BIT     0020H.0   0001H.2   UNIT         _BIT_GROUP_
            BIT     0021H.2   0000H.1   UNIT         ?BI?MAIN
            BIT     0021H.3   0000H.1   UNIT         ?BI?_ATOI?ATOI
                    0021H.4   0000H.4                *** GAP ***
            IDATA   0022H     0001H     UNIT         ?STACK

            * * * * * * *  X D A T A   M E M O R Y  * * * * * * *
            XDATA   0000H     03BCH     UNIT         ?XD?BIPOLARMOTOR
BL51 BANKED LINKER/LOCATER V6.22                                                      08/30/2019  12:14:30  PAGE 3


            XDATA   03BCH     0171H     UNIT         _XDATA_GROUP_
            XDATA   052DH     011FH     UNIT         ?XD?MAIN
            XDATA   064CH     0019H     UNIT         ?XD?KEYPAD
            XDATA   0665H     0005H     UNIT         ?XD?_ATOI?ATOI
            XDATA   066AH     0001H     UNIT         ?XD?UC_ACK?IOEXPANDER_PI4IOE5V96248
            XDATA   066BH     0001H     UNIT         ?XD?UC_NACK?IOEXPANDER_PI4IOE5V96248

            * * * * * * *   C O D E   M E M O R Y   * * * * * * *
            CODE    0000H     0003H     ABSOLUTE     
            CODE    0003H     0003H     ABSOLUTE     
            CODE    0006H     0005H     UNIT         ?PR?_UNIT?UART1
            CODE    000BH     0003H     ABSOLUTE     
            CODE    000EH     000DH     UNIT         ?PR?UART?MAIN
            CODE    001BH     0003H     ABSOLUTE     
            CODE    001EH     0005H     UNIT         ?PR?_ASCII_LETTER?UART1
            CODE    0023H     0003H     ABSOLUTE     
            CODE    0026H     24DBH     UNIT         ?PR?MAIN?MAIN
            CODE    2501H     0BC8H     UNIT         ?C?LIB_CODE
            CODE    30C9H     07F7H     UNIT         ?PR?_FIND_REAL_MAX?CALIBRATION
            CODE    38C0H     07A2H     UNIT         ?PR?SUNPOS?SUNPOS
            CODE    4062H     0645H     UNIT         ?PR?_UPDATE_POSITION?BIPOLARMOTOR
            CODE    46A7H     04FBH     UNIT         ?PR?_THEORICALJP_POSITION?BIPOLARMOTOR
            CODE    4BA2H     0483H     UNIT         ?PR?PRINTF?PRINTF
            CODE    5025H     044AH     UNIT         ?PR?_AZIMUTH_CALCULATION?BIPOLARMOTOR
            CODE    546FH     041FH     UNIT         ?C_INITSEG
            CODE    588EH     038CH     UNIT         ?PR?KEY_PROCESS?KEYPAD
            CODE    5C1AH     036DH     UNIT         ?PR?_ELEVATION_CALCULATION?BIPOLARMOTOR
            CODE    5F87H     01C7H     UNIT         ?PR?_CALIBRATION?CALIBRATION
            CODE    614EH     018DH     UNIT         ?PR?KEY_SCAN?KEYPAD
            CODE    62DBH     0189H     UNIT         ?PR?SPI_NOR_WRITE_DATA?AT25SF041
            CODE    6464H     0188H     UNIT         ?PR?SIN?SIN
            CODE    65ECH     0166H     UNIT         ?PR?_POW?POW
            CODE    6752H     0155H     UNIT         ?PR?_DISPLAY_POS?LCD_DRIVER_SPLC780D
            CODE    68A7H     0129H     UNIT         ?PR?LOG?LOG
            CODE    69D0H     0122H     UNIT         ?PR?ATAN?ATAN
            CODE    6AF2H     0110H     UNIT         ?PR?_AT25SF041_READ?AT25SF041
            CODE    6C02H     0102H     UNIT         ?PR?_AT25SF041_WRITE?AT25SF041
            CODE    6D04H     00F5H     UNIT         ?PR?EXINT0?MAIN
            CODE    6DF9H     00DBH     UNIT         ?PR?_ATOI?ATOI
            CODE    6ED4H     00C3H     UNIT         ?PR?LINEAR_INTERPOLATE?BIPOLARMOTOR
            CODE    6F97H     00BBH     UNIT         ?PR?VOLTAGE_IS_STABLE?CALIBRATION
            CODE    7052H     00ADH     UNIT         ?PR?_WRITE_PI4IOE5V96248?IOEXPANDER_PI4IOE5V96248
            CODE    70FFH     00ACH     UNIT         ?PR?SQRT?SQRT
            CODE    71ABH     00A1H     UNIT         ?PR?UCREAD_STATUS_REGISTER_BYTE1?AT25SF041
            CODE    724CH     009DH     UNIT         ?PR?_ATAN2?ATAN2
            CODE    72E9H     009CH     UNIT         ?PR?_MAX_VALUE?CALIBRATION
            CODE    7385H     009AH     UNIT         ?PR?EXP?EXP
            CODE    741FH     008CH     UNIT         ?C_C51STARTUP
            CODE    74ABH     0088H     UNIT         ?PR?_DAY_OF_YEAR?PCF85063BTL
            CODE    7533H     0079H     UNIT         ?PR?_WRITEDATA?LCD_DRIVER_SPLC780D
            CODE    75ACH     0072H     UNIT         ?PR?AT25SF041_WRITEENABLE?AT25SF041
            CODE    761EH     006FH     UNIT         ?PR?_READ_TIME?PCF85063BTL
            CODE    768DH     005AH     UNIT         ?PR?AT25SF041_CHIPERASE?AT25SF041
            CODE    76E7H     0059H     UNIT         ?PR?LCD_INIT?LCD_DRIVER_SPLC780D
            CODE    7740H     0056H     UNIT         ?CO?MAIN
            CODE    7796H     004BH     UNIT         ?CO?UART1
            CODE    77E1H     004AH     UNIT         ?PR?VONESTEPMOVE?BIPOLARMOTOR
BL51 BANKED LINKER/LOCATER V6.22                                                      08/30/2019  12:14:30  PAGE 4


            CODE    782BH     004AH     UNIT         ?PR?ACOS?ACOS
            CODE    7875H     0044H     UNIT         ?C?LDIV
            CODE    78B9H     0040H     UNIT         ?PR?_COMMAND?LCD_DRIVER_SPLC780D
            CODE    78F9H     0040H     UNIT         ?PR?_STEP_MOVE?BIPOLARMOTOR
            CODE    7939H     003BH     UNIT         ?PR?ASIN?ASIN
            CODE    7974H     0033H     UNIT         ?PR?_SENDSTRING?UART1
            CODE    79A7H     0031H     UNIT         ?PR?SI1120_CONFIG_MODE_VIRH?SI1120
            CODE    79D8H     002BH     UNIT         ?PR?_WAIT_MS_I2C?IOEXPANDER_PI4IOE5V96248
            CODE    7A03H     002BH     UNIT         ?PR?_WAIT_MS_SPINOR?AT25SF041
            CODE    7A2EH     002AH     UNIT         ?PR?_ADC_GETRESULT?ADC
            CODE    7A58H     0028H     UNIT         ?PR?_BCDTODEC1?BIPOLARMOTOR
            CODE    7A80H     0028H     UNIT         ?PR?_MOVE?BIPOLARMOTOR
            CODE    7AA8H     0028H     UNIT         ?CO?CALIBRATION
            CODE    7AD0H     0027H     UNIT         ?PR?_I2C_SENDBYTE?IOEXPANDER_PI4IOE5V96248
            CODE    7AF7H     0027H     UNIT         ?PR?PUTCHAR?PUTCHAR
            CODE    7B1EH     0024H     UNIT         ?PR?_WAIT_MS?LCD_DRIVER_SPLC780D
            CODE    7B42H     0024H     UNIT         ?PR?_FINDCLOSESTSAMEDAYCALIBTIME?CALIBRATION
            CODE    7B66H     0024H     UNIT         ?PR?_UART1_SENDTOTCPSERVER?UART1
            CODE    7B8AH     0021H     UNIT         ?PR?TM0_ISR?MAIN
            CODE    7BABH     0020H     UNIT         ?PR?_SPI_SENDBYTE?PCF85063BTL
            CODE    7BCBH     0020H     UNIT         ?PR?SPI_RECEIVEBYTE?PCF85063BTL
            CODE    7BEBH     001EH     UNIT         ?PR?_DELAY_MS?KEYPAD
            CODE    7C09H     001DH     UNIT         ?PR?_DISPLAYLCD?LCD_DRIVER_SPLC780D
            CODE    7C26H     001AH     UNIT         ?PR?ADC_INIT?ADC
            CODE    7C40H     0018H     UNIT         ?PR?_SPI_WRITETIME?PCF85063BTL
            CODE    7C58H     0017H     UNIT         ?PR?_ASCIITOBCD?UART1
            CODE    7C6FH     0016H     UNIT         ?PR?I2C_ACK?IOEXPANDER_PI4IOE5V96248
            CODE    7C85H     0015H     UNIT         ?PR?_DISPLAY_LINE?LCD_DRIVER_SPLC780D
            CODE    7C9AH     0015H     UNIT         ?PR?VSETLOCATION?BIPOLARMOTOR
            CODE    7CAFH     0015H     UNIT         ?PR?I2C_STOP?IOEXPANDER_PI4IOE5V96248
            CODE    7CC4H     0014H     UNIT         ?PR?_PCF85063BTL_DELAY?PCF85063BTL
            CODE    7CD8H     0014H     UNIT         ?PR?_ISSPACE?ISSPACE
            CODE    7CECH     0011H     UNIT         ?PR?_SPI_READTIME?PCF85063BTL
            CODE    7CFDH     0011H     UNIT         ?PR?_BCDTODEC?PCF85063BTL
            CODE    7D0EH     0011H     UNIT         ?PR?INITUART1?UART1
            CODE    7D1FH     000FH     UNIT         ?PR?I2C_START?IOEXPANDER_PI4IOE5V96248
            CODE    7D2EH     000FH     UNIT         ?PR?UC_NACK?IOEXPANDER_PI4IOE5V96248
            CODE    7D3DH     000FH     UNIT         ?PR?_ISDIGIT?ISDIGIT
            CODE    7D4CH     000DH     UNIT         ?PR?SPI_INIT?PCF85063BTL
            CODE    7D59H     000DH     UNIT         ?PR?ENABLE_EXTINT0?SI1120
            CODE    7D66H     000DH     UNIT         ?PR?_FABS?FABS
            CODE    7D73H     000CH     UNIT         ?PR?KEYPAD_IO_INIT?KEYPAD
            CODE    7D7FH     000CH     UNIT         ?PR?_ABS?ABS
            CODE    7D8BH     000AH     UNIT         ?PR?LCD_RETURN_HOME?LCD_DRIVER_SPLC780D
            CODE    7D95H     000AH     UNIT         ?PR?LCD_CLEAR?LCD_DRIVER_SPLC780D
            CODE    7D9FH     0009H     UNIT         ?PR?TM1_ISR?MAIN
            CODE    7DA8H     0009H     UNIT         ?PR?_SENDUART1?MAIN
            CODE    7DB1H     0009H     UNIT         ?PR?UART1_INITTCPCONN?UART1
            CODE    7DBAH     0006H     UNIT         ?PR?UC_ACK?IOEXPANDER_PI4IOE5V96248
            CODE    7DC0H     0006H     UNIT         ?PR?_TEN?UART1
            CODE    7DC6H     0001H     UNIT         ?PR?NOP?IOEXPANDER_PI4IOE5V96248
            CODE    7DC7H     0001H     UNIT         ?PR?_DECTOBCD?UART1



OVERLAY MAP OF MODULE:   .\Obj\GPIO_RTC_Test (MAIN)

BL51 BANKED LINKER/LOCATER V6.22                                                      08/30/2019  12:14:30  PAGE 5



SEGMENT                                             BIT_GROUP          DATA_GROUP          XDATA_GROUP
  +--> CALLED SEGMENT                            START    LENGTH     START    LENGTH     START    LENGTH
--------------------------------------------------------------------------------------------------------
?PR?EXINT0?MAIN                                  -----    -----      -----    -----      -----    -----
  +--> ?PR?_POW?POW

?PR?_POW?POW                                     -----    -----      -----    -----      03BCH    000AH
  +--> ?PR?LOG?LOG
  +--> ?PR?EXP?EXP

?PR?LOG?LOG                                      0020H.0  0000H.1    -----    -----      03C6H    0004H

*** NEW ROOT ***************************************************

?C_C51STARTUP                                    -----    -----      -----    -----      -----    -----
  +--> ?PR?MAIN?MAIN
  +--> ?C_INITSEG

?PR?MAIN?MAIN                                    -----    -----      -----    -----      03CAH    003EH
  +--> ?PR?LCD_INIT?LCD_DRIVER_SPLC780D
  +--> ?PR?SPI_INIT?PCF85063BTL
  +--> ?PR?KEYPAD_IO_INIT?KEYPAD
  +--> ?PR?ADC_INIT?ADC
  +--> ?PR?SI1120_CONFIG_MODE_VIRH?SI1120
  +--> ?PR?ENABLE_EXTINT0?SI1120
  +--> ?PR?VSETLOCATION?BIPOLARMOTOR
  +--> ?PR?_SPI_WRITETIME?PCF85063BTL
  +--> ?PR?_DELAY_MS?KEYPAD
  +--> ?PR?_DISPLAY_LINE?LCD_DRIVER_SPLC780D
  +--> ?PR?_WRITEDATA?LCD_DRIVER_SPLC780D
  +--> ?PR?INITUART1?UART1
  +--> ?PR?UART1_INITTCPCONN?UART1
  +--> ?CO?MAIN
  +--> ?PR?_UART1_SENDTOTCPSERVER?UART1
  +--> ?PR?KEY_PROCESS?KEYPAD
  +--> ?PR?_COMMAND?LCD_DRIVER_SPLC780D
  +--> ?PR?_DISPLAY_POS?LCD_DRIVER_SPLC780D
  +--> ?PR?_DISPLAYLCD?LCD_DRIVER_SPLC780D
  +--> ?PR?_STEP_MOVE?BIPOLARMOTOR
  +--> ?PR?LCD_RETURN_HOME?LCD_DRIVER_SPLC780D
  +--> ?PR?_READ_TIME?PCF85063BTL
  +--> ?PR?_BCDTODEC1?BIPOLARMOTOR
  +--> ?PR?_SENDSTRING?UART1
  +--> ?PR?_ELEVATION_CALCULATION?BIPOLARMOTOR
  +--> ?PR?_AZIMUTH_CALCULATION?BIPOLARMOTOR
  +--> ?PR?_AT25SF041_READ?AT25SF041
  +--> ?PR?_DAY_OF_YEAR?PCF85063BTL
  +--> ?PR?_THEORICALJP_POSITION?BIPOLARMOTOR
  +--> ?PR?PRINTF?PRINTF
  +--> ?PR?SIN?SIN
  +--> ?PR?_CALIBRATION?CALIBRATION
  +--> ?PR?_WAIT_MS_SPINOR?AT25SF041
  +--> ?PR?AT25SF041_WRITEENABLE?AT25SF041
  +--> ?PR?_AT25SF041_WRITE?AT25SF041
  +--> ?PR?_ABS?ABS
  +--> ?PR?_FABS?FABS
BL51 BANKED LINKER/LOCATER V6.22                                                      08/30/2019  12:14:30  PAGE 6


  +--> ?PR?_ADC_GETRESULT?ADC
  +--> ?PR?SPI_NOR_WRITE_DATA?AT25SF041
  +--> ?PR?_WAIT_MS?LCD_DRIVER_SPLC780D
  +--> ?PR?_UPDATE_POSITION?BIPOLARMOTOR
  +--> ?PR?LINEAR_INTERPOLATE?BIPOLARMOTOR
  +--> ?PR?AT25SF041_CHIPERASE?AT25SF041
  +--> ?PR?LCD_CLEAR?LCD_DRIVER_SPLC780D

?PR?LCD_INIT?LCD_DRIVER_SPLC780D                 -----    -----      -----    -----      -----    -----
  +--> ?PR?_WAIT_MS?LCD_DRIVER_SPLC780D
  +--> ?PR?_COMMAND?LCD_DRIVER_SPLC780D

?PR?_COMMAND?LCD_DRIVER_SPLC780D                 -----    -----      -----    -----      -----    -----
  +--> ?PR?_WAIT_MS?LCD_DRIVER_SPLC780D

?PR?SI1120_CONFIG_MODE_VIRH?SI1120               -----    -----      -----    -----      -----    -----
  +--> ?PR?_WAIT_MS?LCD_DRIVER_SPLC780D

?PR?_SPI_WRITETIME?PCF85063BTL                   -----    -----      -----    -----      -----    -----
  +--> ?PR?_SPI_SENDBYTE?PCF85063BTL

?PR?_SPI_SENDBYTE?PCF85063BTL                    -----    -----      -----    -----      -----    -----
  +--> ?PR?_PCF85063BTL_DELAY?PCF85063BTL

?PR?_DISPLAY_LINE?LCD_DRIVER_SPLC780D            -----    -----      -----    -----      -----    -----
  +--> ?PR?_COMMAND?LCD_DRIVER_SPLC780D

?PR?_WRITEDATA?LCD_DRIVER_SPLC780D               -----    -----      -----    -----      0508H    0001H
  +--> ?PR?_WAIT_MS?LCD_DRIVER_SPLC780D

?PR?UART1_INITTCPCONN?UART1                      -----    -----      -----    -----      -----    -----
  +--> ?CO?UART1
  +--> ?PR?_SENDSTRING?UART1

?PR?_SENDSTRING?UART1                            -----    -----      -----    -----      04FDH    0003H
  +--> ?PR?_SENDUART1?MAIN

?PR?_UART1_SENDTOTCPSERVER?UART1                 -----    -----      -----    -----      0408H    0003H
  +--> ?CO?UART1
  +--> ?PR?_SENDSTRING?UART1
  +--> ?PR?_DELAY_MS?KEYPAD

?PR?KEY_PROCESS?KEYPAD                           -----    -----      -----    -----      0408H    0006H
  +--> ?PR?KEY_SCAN?KEYPAD
  +--> ?PR?_SPI_WRITETIME?PCF85063BTL
  +--> ?PR?LCD_CLEAR?LCD_DRIVER_SPLC780D
  +--> ?PR?_COMMAND?LCD_DRIVER_SPLC780D
  +--> ?PR?_WRITEDATA?LCD_DRIVER_SPLC780D

?PR?KEY_SCAN?KEYPAD                              -----    -----      -----    -----      040EH    0003H

?PR?LCD_CLEAR?LCD_DRIVER_SPLC780D                -----    -----      -----    -----      -----    -----
  +--> ?PR?_COMMAND?LCD_DRIVER_SPLC780D

?PR?_DISPLAY_POS?LCD_DRIVER_SPLC780D             -----    -----      -----    -----      04FDH    000BH
  +--> ?PR?_ABS?ABS
  +--> ?PR?_WRITEDATA?LCD_DRIVER_SPLC780D
BL51 BANKED LINKER/LOCATER V6.22                                                      08/30/2019  12:14:30  PAGE 7



?PR?_DISPLAYLCD?LCD_DRIVER_SPLC780D              -----    -----      -----    -----      0408H    0001H
  +--> ?PR?_WRITEDATA?LCD_DRIVER_SPLC780D

?PR?_STEP_MOVE?BIPOLARMOTOR                      0020H.2  0000H.1    -----    -----      0501H    0004H
  +--> ?PR?VONESTEPMOVE?BIPOLARMOTOR

?PR?VONESTEPMOVE?BIPOLARMOTOR                    0020H.3  0000H.1    -----    -----      -----    -----
  +--> ?PR?_WRITE_PI4IOE5V96248?IOEXPANDER_P...
  +--> ?PR?_DELAY_MS?KEYPAD

?PR?_WRITE_PI4IOE5V96248?IOEXPANDER_P...         -----    -----      -----    -----      0505H    0003H
  +--> ?PR?I2C_START?IOEXPANDER_PI4IOE5V96248
  +--> ?PR?_WAIT_MS_I2C?IOEXPANDER_PI4IOE5V9...
  +--> ?PR?_I2C_SENDBYTE?IOEXPANDER_PI4IOE5V...
  +--> ?PR?I2C_ACK?IOEXPANDER_PI4IOE5V96248
  +--> ?PR?I2C_STOP?IOEXPANDER_PI4IOE5V96248

?PR?I2C_START?IOEXPANDER_PI4IOE5V96248           -----    -----      -----    -----      -----    -----
  +--> ?PR?_WAIT_MS_I2C?IOEXPANDER_PI4IOE5V9...

?PR?_I2C_SENDBYTE?IOEXPANDER_PI4IOE5V...         -----    -----      -----    -----      -----    -----
  +--> ?PR?_WAIT_MS_I2C?IOEXPANDER_PI4IOE5V9...

?PR?I2C_ACK?IOEXPANDER_PI4IOE5V96248             -----    -----      -----    -----      0508H    0001H
  +--> ?PR?_WAIT_MS_I2C?IOEXPANDER_PI4IOE5V9...

?PR?I2C_STOP?IOEXPANDER_PI4IOE5V96248            -----    -----      -----    -----      -----    -----
  +--> ?PR?_WAIT_MS_I2C?IOEXPANDER_PI4IOE5V9...

?PR?LCD_RETURN_HOME?LCD_DRIVER_SPLC780D          -----    -----      -----    -----      -----    -----
  +--> ?PR?_COMMAND?LCD_DRIVER_SPLC780D

?PR?_READ_TIME?PCF85063BTL                       -----    -----      -----    -----      04FDH    000FH
  +--> ?PR?_SPI_READTIME?PCF85063BTL

?PR?_SPI_READTIME?PCF85063BTL                    -----    -----      -----    -----      -----    -----
  +--> ?PR?_SPI_SENDBYTE?PCF85063BTL
  +--> ?PR?SPI_RECEIVEBYTE?PCF85063BTL

?PR?SPI_RECEIVEBYTE?PCF85063BTL                  -----    -----      -----    -----      -----    -----
  +--> ?PR?_PCF85063BTL_DELAY?PCF85063BTL

?PR?_ELEVATION_CALCULATION?BIPOLARMOTOR          -----    -----      -----    -----      0408H    0005H
  +--> ?PR?_BCDTODEC1?BIPOLARMOTOR
  +--> ?PR?SUNPOS?SUNPOS
  +--> ?PR?SIN?SIN
  +--> ?PR?ASIN?ASIN

?PR?SUNPOS?SUNPOS                                -----    -----      -----    -----      0452H    005DH
  +--> ?PR?SIN?SIN
  +--> ?PR?_ATAN2?ATAN2
  +--> ?PR?ASIN?ASIN
  +--> ?PR?ACOS?ACOS

?PR?SIN?SIN                                      0020H.1  0000H.1    -----    -----      04AFH    0004H

BL51 BANKED LINKER/LOCATER V6.22                                                      08/30/2019  12:14:30  PAGE 8


?PR?_ATAN2?ATAN2                                 -----    -----      -----    -----      04AFH    0008H
  +--> ?PR?ATAN?ATAN

?PR?ATAN?ATAN                                    0020H.1  0000H.2    -----    -----      04B7H    0004H

?PR?ASIN?ASIN                                    -----    -----      -----    -----      -----    -----
  +--> ?PR?SQRT?SQRT
  +--> ?PR?ATAN?ATAN

?PR?SQRT?SQRT                                    -----    -----      -----    -----      04AFH    0004H

?PR?ACOS?ACOS                                    -----    -----      -----    -----      -----    -----
  +--> ?PR?SQRT?SQRT
  +--> ?PR?ATAN?ATAN

?PR?_AZIMUTH_CALCULATION?BIPOLARMOTOR            -----    -----      -----    -----      0408H    0009H
  +--> ?PR?_BCDTODEC1?BIPOLARMOTOR
  +--> ?PR?SUNPOS?SUNPOS
  +--> ?PR?SIN?SIN
  +--> ?PR?ASIN?ASIN

?PR?_AT25SF041_READ?AT25SF041                    -----    -----      -----    -----      0408H    0008H
  +--> ?PR?_WAIT_MS_SPINOR?AT25SF041
  +--> ?PR?UCREAD_STATUS_REGISTER_BYTE1?AT25...

?PR?UCREAD_STATUS_REGISTER_BYTE1?AT25...         -----    -----      -----    -----      041EH    0003H
  +--> ?PR?_WAIT_MS_SPINOR?AT25SF041

?PR?_DAY_OF_YEAR?PCF85063BTL                     -----    -----      -----    -----      -----    -----
  +--> ?PR?_BCDTODEC?PCF85063BTL

?PR?_THEORICALJP_POSITION?BIPOLARMOTOR           -----    -----      -----    -----      0452H    005CH
  +--> ?PR?LINEAR_INTERPOLATE?BIPOLARMOTOR

?PR?LINEAR_INTERPOLATE?BIPOLARMOTOR              -----    -----      -----    -----      04AEH    0014H

?PR?PRINTF?PRINTF                                0020H.1  0001H.1    0008H    0005H      04FDH    0030H
  +--> ?PR?PUTCHAR?PUTCHAR

?PR?_CALIBRATION?CALIBRATION                     -----    -----      -----    -----      0408H    0024H
  +--> ?PR?VOLTAGE_IS_STABLE?CALIBRATION
  +--> ?PR?_UPDATE_POSITION?BIPOLARMOTOR
  +--> ?PR?_FIND_REAL_MAX?CALIBRATION

?PR?VOLTAGE_IS_STABLE?CALIBRATION                -----    -----      -----    -----      042CH    0018H
  +--> ?PR?_ADC_GETRESULT?ADC
  +--> ?PR?_ABS?ABS

?PR?_UPDATE_POSITION?BIPOLARMOTOR                -----    -----      -----    -----      042CH    0026H
  +--> ?PR?_BCDTODEC1?BIPOLARMOTOR
  +--> ?PR?SUNPOS?SUNPOS
  +--> ?PR?SIN?SIN
  +--> ?PR?ASIN?ASIN
  +--> ?PR?_THEORICALJP_POSITION?BIPOLARMOTOR
  +--> ?PR?_FABS?FABS
  +--> ?PR?_MOVE?BIPOLARMOTOR

BL51 BANKED LINKER/LOCATER V6.22                                                      08/30/2019  12:14:30  PAGE 9


?PR?_MOVE?BIPOLARMOTOR                           0020H.1  0000H.1    -----    -----      04FDH    0004H
  +--> ?PR?_STEP_MOVE?BIPOLARMOTOR

?PR?_FIND_REAL_MAX?CALIBRATION                   -----    -----      -----    -----      042CH    00D1H
  +--> ?PR?_ADC_GETRESULT?ADC
  +--> ?PR?_WAIT_MS?LCD_DRIVER_SPLC780D
  +--> ?CO?CALIBRATION
  +--> ?PR?PRINTF?PRINTF
  +--> ?PR?_SENDSTRING?UART1
  +--> ?PR?_COMMAND?LCD_DRIVER_SPLC780D
  +--> ?PR?_WRITEDATA?LCD_DRIVER_SPLC780D
  +--> ?PR?_DISPLAY_POS?LCD_DRIVER_SPLC780D
  +--> ?PR?_MOVE?BIPOLARMOTOR
  +--> ?PR?_READ_TIME?PCF85063BTL
  +--> ?PR?_BCDTODEC1?BIPOLARMOTOR
  +--> ?PR?_MAX_VALUE?CALIBRATION

?PR?_MAX_VALUE?CALIBRATION                       -----    -----      -----    -----      04FDH    0004H

?PR?AT25SF041_WRITEENABLE?AT25SF041              -----    -----      -----    -----      0416H    0002H
  +--> ?PR?_WAIT_MS_SPINOR?AT25SF041
  +--> ?PR?UCREAD_STATUS_REGISTER_BYTE1?AT25...

?PR?_AT25SF041_WRITE?AT25SF041                   -----    -----      -----    -----      0416H    0008H
  +--> ?PR?_WAIT_MS_SPINOR?AT25SF041
  +--> ?PR?UCREAD_STATUS_REGISTER_BYTE1?AT25...

?PR?SPI_NOR_WRITE_DATA?AT25SF041                 -----    -----      -----    -----      0408H    000EH
  +--> ?PR?AT25SF041_WRITEENABLE?AT25SF041
  +--> ?PR?_AT25SF041_WRITE?AT25SF041
  +--> ?PR?_WAIT_MS_SPINOR?AT25SF041

?PR?AT25SF041_CHIPERASE?AT25SF041                -----    -----      -----    -----      0408H    0002H
  +--> ?PR?_WAIT_MS_SPINOR?AT25SF041
  +--> ?PR?UCREAD_STATUS_REGISTER_BYTE1?AT25...



SYMBOL TABLE OF MODULE:  .\Obj\GPIO_RTC_Test (MAIN)

  VALUE           TYPE          NAME
  ----------------------------------

  -------         MODULE        MAIN
  C:0000H         SYMBOL        _ICE_DUMMY_
  X:0535H         PUBLIC        calib_value
  D:0080H         PUBLIC        P0
  D:0090H         PUBLIC        P1
  D:00A0H         PUBLIC        P2
  D:00B0H         PUBLIC        P3
  D:00C0H         PUBLIC        P4
  D:00C8H         PUBLIC        P5
  X:0589H         SYMBOL        PressedKey
  B:00A8H.7       PUBLIC        EA
  D:00E8H         PUBLIC        P6
  X:058DH         PUBLIC        calib_stamp
  D:00F8H         PUBLIC        P7
BL51 BANKED LINKER/LOCATER V6.22                                                      08/30/2019  12:14:30  PAGE 10


  X:058EH         PUBLIC        sTempString
  X:0597H         PUBLIC        calib_bool
  X:05C1H         PUBLIC        pwm_time_min
  D:00A8H         PUBLIC        IE
  X:05C5H         PUBLIC        calib_time
  X:0619H         PUBLIC        pwm_time_max
  B:0090H.7       PUBLIC        Connect_Electronics_Load
  D:00B8H         PUBLIC        IP
  B:0098H.0       PUBLIC        RI
  B:00B0H.2       PUBLIC        INT0
  X:061DH         PUBLIC        months
  B:0098H.1       PUBLIC        TI
  C:000EH         PUBLIC        Uart
  D:00D8H         PUBLIC        CCON
  C:0026H         PUBLIC        main
  X:061EH         PUBLIC        found_1st_point
  X:0620H         PUBLIC        i_point1
  X:0622H         PUBLIC        i_point2
  X:0624H         PUBLIC        day_offset
  X:0626H         PUBLIC        count
  B:0090H.2       PUBLIC        Connect_IV_Load
  D:0099H         PUBLIC        SBUF
  X:0628H         PUBLIC        days
  X:0629H         PUBLIC        hours
  D:0098H         PUBLIC        SCON
  D:0089H         PUBLIC        TMOD
  D:0088H         PUBLIC        TCON
  B:00A0H.3       PUBLIC        P23
  X:062AH         SYMBOL        KeyCount
  X:062CH         PUBLIC        mins
  B:00C8H.5       PUBLIC        P55
  X:062DH         PUBLIC        diff_of_offset
  D:008EH         PUBLIC        AUXR
  C:7B8AH         PUBLIC        tm0_isr
  B:0090H.5       PUBLIC        SI1120_STX
  C:7D9FH         PUBLIC        tm1_isr
  B:0021H.2       PUBLIC        busy
  D:00E0H         PUBLIC        ACC
  B:00A8H.1       PUBLIC        ET0
  B:00A8H.3       PUBLIC        ET1
  X:0631H         PUBLIC        SPI_NOR_INTERNAL_FLASH_ADDR
  D:008CH         PUBLIC        TH0
  D:008DH         PUBLIC        TH1
  D:008AH         PUBLIC        TL0
  D:008BH         PUBLIC        TL1
  X:0635H         PUBLIC        ii
  X:0637H         PUBLIC        jj
  B:0088H.4       PUBLIC        TR0
  B:0088H.6       PUBLIC        TR1
  X:0639H         PUBLIC        old_mins
  C:6D04H         PUBLIC        exint0
  X:063AH         SYMBOL        KeyNum
  X:063BH         SYMBOL        KeyNum_Old
  X:063CH         PUBLIC        timer0_count
  X:063EH         PUBLIC        current_position
  X:0642H         PUBLIC        pwm_time
  X:0646H         PUBLIC        i
BL51 BANKED LINKER/LOCATER V6.22                                                      08/30/2019  12:14:30  PAGE 11


  X:0648H         PUBLIC        j
  X:064AH         PUBLIC        start_timer0_count
  X:064BH         PUBLIC        seconds
  D:00D0H         PUBLIC        PSW
  C:7DA8H         PUBLIC        _SendUART1
  -------         PROC          TM0_ISR
  C:7B8AH         LINE#         110
  C:7B90H         LINE#         114
  C:7B93H         LINE#         115
  C:7B96H         LINE#         116
  C:7BA4H         LINE#         117
  -------         ENDPROC       TM0_ISR
  -------         PROC          TM1_ISR
  C:7D9FH         LINE#         118
  C:7D9FH         LINE#         120
  C:7DA1H         LINE#         122
  C:7DA4H         LINE#         123
  C:7DA7H         LINE#         124
  -------         ENDPROC       TM1_ISR
  -------         PROC          EXINT0
  C:6D04H         LINE#         125
  C:6D21H         LINE#         129
  C:6D24H         LINE#         130
  C:6D24H         LINE#         131
  C:6D27H         LINE#         132
  C:6D2AH         LINE#         133
  C:6D2CH         LINE#         134
  C:6D2EH         LINE#         138
  C:6D31H         LINE#         141
  C:6D31H         LINE#         142
  C:6D33H         LINE#         144
  C:6D3FH         LINE#         145
  C:6D99H         LINE#         146
  C:6DD7H         LINE#         147
  C:6DDEH         LINE#         152
  C:6DDEH         LINE#         154
  -------         ENDPROC       EXINT0
  -------         PROC          MAIN
  -------         DO            
  X:052DH         SYMBOL        KeyCount
  X:052FH         SYMBOL        KeyNum_Old
  X:0530H         SYMBOL        KeyNum
  X:0531H         SYMBOL        PressedKey
  X:03CAH         SYMBOL        prox_flag
  X:03CBH         SYMBOL        iUse_prevday_calib_value
  X:03CDH         SYMBOL        max_ADC_Val_JP
  X:03CFH         SYMBOL        max_ADC_Val
  X:03D1H         SYMBOL        calib_point1
  X:03D9H         SYMBOL        calib_point2
  X:03E1H         SYMBOL        dat_to_store
  X:03ECH         SYMBOL        calib_day
  X:03EEH         SYMBOL        calib_count
  X:03F0H         SYMBOL        theorical_JP_max_pos
  X:03F4H         SYMBOL        elevation
  X:03F8H         SYMBOL        azimuth
  X:03FCH         SYMBOL        prev_elevation
  X:0400H         SYMBOL        prev_azimuth
BL51 BANKED LINKER/LOCATER V6.22                                                      08/30/2019  12:14:30  PAGE 12


  X:0404H         SYMBOL        JP_Pos_Offset
  -------         ENDDO         
  C:0026H         LINE#         156
  C:0026H         LINE#         157
  C:0026H         LINE#         162
  C:002CH         LINE#         163
  C:0031H         LINE#         165
  C:0039H         LINE#         169
  C:003FH         LINE#         170
  C:007BH         LINE#         181
  C:0083H         LINE#         182
  C:008AH         LINE#         183
  C:0090H         LINE#         185
  C:0096H         LINE#         197
  C:0099H         LINE#         198
  C:009CH         LINE#         199
  C:009FH         LINE#         201
  C:00A2H         LINE#         204
  C:00A5H         LINE#         205
  C:00A8H         LINE#         207
  C:00ABH         LINE#         209
  C:00AEH         LINE#         210
  C:00B1H         LINE#         211
  C:00B4H         LINE#         212
  C:00B6H         LINE#         213
  C:00B8H         LINE#         214
  C:00BBH         LINE#         215
  C:00BDH         LINE#         216
  C:00BFH         LINE#         218
  C:00C1H         LINE#         219
  C:00C8H         LINE#         220
  C:00CFH         LINE#         221
  C:00D6H         LINE#         222
  C:00DDH         LINE#         226
  C:00E4H         LINE#         227
  C:00E9H         LINE#         228
  C:00EEH         LINE#         229
  C:00F3H         LINE#         230
  C:00F8H         LINE#         231
  C:00FDH         LINE#         234
  C:0104H         LINE#         235
  C:0104H         LINE#         236
  C:0127H         LINE#         237
  C:0171H         LINE#         238
  C:0186H         LINE#         239
  C:01A3H         LINE#         240
  C:01A6H         LINE#         243
  C:01ADH         LINE#         246
  C:01B0H         LINE#         248
  C:01B7H         LINE#         249
  C:01C0H         LINE#         252
  C:01C0H         LINE#         253
  C:01C0H         LINE#         254
  C:01C3H         LINE#         264
  C:01C3H         LINE#         268
  C:01C8H         LINE#         269
  C:01CDH         LINE#         271
BL51 BANKED LINKER/LOCATER V6.22                                                      08/30/2019  12:14:30  PAGE 13


  C:01D2H         LINE#         273
  C:01D7H         LINE#         274
  C:01DCH         LINE#         277
  C:01EDH         LINE#         279
  C:01F2H         LINE#         280
  C:01F7H         LINE#         282
  C:01FEH         LINE#         283
  C:0206H         LINE#         284
  C:020BH         LINE#         285
  C:0213H         LINE#         286
  C:0218H         LINE#         287
  C:0222H         LINE#         288
  C:0227H         LINE#         289
  C:022FH         LINE#         291
  C:0237H         LINE#         292
  C:023CH         LINE#         293
  C:0246H         LINE#         294
  C:0246H         LINE#         295
  C:0248H         LINE#         296
  C:024AH         LINE#         297
  C:0254H         LINE#         298
  C:0254H         LINE#         299
  C:0259H         LINE#         300
  C:0259H         LINE#         312
  C:026DH         LINE#         313
  C:026DH         LINE#         314
  C:0282H         LINE#         315
  C:0291H         LINE#         316
  C:0291H         LINE#         317
  C:02A4H         LINE#         318
  C:02A6H         LINE#         320
  C:02A6H         LINE#         321
  C:02C2H         LINE#         322
  C:02C2H         LINE#         323
  C:02C7H         LINE#         324
  C:02C7H         LINE#         325
  C:02DBH         LINE#         326
  C:02DBH         LINE#         329
  C:02F0H         LINE#         330
  C:02FFH         LINE#         331
  C:02FFH         LINE#         332
  C:0312H         LINE#         333
  C:0314H         LINE#         335
  C:0314H         LINE#         336
  C:0330H         LINE#         337
  C:0330H         LINE#         338
  C:0335H         LINE#         339
  C:033BH         LINE#         340
  C:033BH         LINE#         342
  C:035DH         LINE#         343
  C:035DH         LINE#         344
  C:0367H         LINE#         345
  C:036DH         LINE#         346
  C:0374H         LINE#         347
  C:037AH         LINE#         348
  C:0381H         LINE#         349
  C:0381H         LINE#         350
BL51 BANKED LINKER/LOCATER V6.22                                                      08/30/2019  12:14:30  PAGE 14


  C:0384H         LINE#         352
  C:0384H         LINE#         357
  C:038CH         LINE#         358
  C:03C7H         LINE#         359
  C:03E5H         LINE#         360
  C:03E5H         LINE#         362
  C:03EEH         LINE#         363
  C:03F5H         LINE#         364
  C:03FEH         LINE#         365
  C:0405H         LINE#         367
  C:0405H         LINE#         371
  C:0412H         LINE#         372
  C:0412H         LINE#         379
  C:0412H         LINE#         380
  C:043AH         LINE#         381
  C:043AH         LINE#         382
  C:045CH         LINE#         383
  C:045CH         LINE#         385
  C:0482H         LINE#         386
  C:04A8H         LINE#         389
  C:04F0H         LINE#         390
  C:0511H         LINE#         391
  C:053AH         LINE#         394
  C:0567H         LINE#         397
  C:05E0H         LINE#         401
  C:0636H         LINE#         402
  C:063FH         LINE#         403
  C:0646H         LINE#         404
  C:064FH         LINE#         405
  C:0658H         LINE#         406
  C:065FH         LINE#         410
  C:069CH         LINE#         418
  C:069CH         LINE#         420
  C:0718H         LINE#         421
  C:0731H         LINE#         422
  C:0733H         LINE#         423
  C:0735H         LINE#         425
  C:07BFH         LINE#         430
  C:07EDH         LINE#         431
  C:07EDH         LINE#         434
  C:0810H         LINE#         435
  C:0825H         LINE#         436
  C:082FH         LINE#         438
  C:0832H         LINE#         440
  C:0832H         LINE#         441
  C:0858H         LINE#         442
  C:0858H         LINE#         443
  C:0880H         LINE#         444
  C:092FH         LINE#         445
  C:0955H         LINE#         446
  C:0A07H         LINE#         449
  C:0A07H         LINE#         451
  C:0A0EH         LINE#         452
  C:0A11H         LINE#         455
  C:0A46H         LINE#         456
  C:0A4DH         LINE#         457
  C:0A50H         LINE#         459
BL51 BANKED LINKER/LOCATER V6.22                                                      08/30/2019  12:14:30  PAGE 15


  C:0A8AH         LINE#         460
  C:0AB6H         LINE#         462
  C:0AE5H         LINE#         464
  C:0AECH         LINE#         465
  C:0AF3H         LINE#         466
  C:0AF6H         LINE#         469
  C:0B5EH         LINE#         471
  C:0B65H         LINE#         473
  C:0B6CH         LINE#         474
  C:0B6FH         LINE#         477
  C:0C2EH         LINE#         479
  C:0C35H         LINE#         480
  C:0C35H         LINE#         482
  C:0C38H         LINE#         484
  C:0C38H         LINE#         486
  C:0C3FH         LINE#         487
  C:0C3FH         LINE#         488
  C:0C42H         LINE#         489
  C:0C60H         LINE#         490
  C:0C67H         LINE#         491
  C:0C86H         LINE#         492
  C:0CA5H         LINE#         494
  C:0D21H         LINE#         495
  C:0D3DH         LINE#         497
  C:0D3FH         LINE#         498
  C:0D41H         LINE#         500
  C:0D78H         LINE#         501
  C:0D85H         LINE#         502
  C:0D94H         LINE#         506
  C:0D94H         LINE#         508
  C:0D9CH         LINE#         509
  C:0DA4H         LINE#         510
  C:0DACH         LINE#         511
  C:0DB4H         LINE#         513
  C:0DC8H         LINE#         514
  C:0DDEH         LINE#         515
  C:0E0EH         LINE#         516
  C:0E2EH         LINE#         518
  C:0E42H         LINE#         519
  C:0E58H         LINE#         520
  C:0E88H         LINE#         521
  C:0E8FH         LINE#         523
  C:0EB3H         LINE#         526
  C:0EDEH         LINE#         528
  C:0EE7H         LINE#         529
  C:0EEEH         LINE#         530
  C:0EF7H         LINE#         531
  C:0F00H         LINE#         532
  C:0F07H         LINE#         534
  C:0F44H         LINE#         536
  C:0F4DH         LINE#         537
  C:0F54H         LINE#         538
  C:0F5DH         LINE#         539
  C:0F66H         LINE#         540
  C:0F6DH         LINE#         542
  C:0F98H         LINE#         544
  C:0FA1H         LINE#         545
BL51 BANKED LINKER/LOCATER V6.22                                                      08/30/2019  12:14:30  PAGE 16


  C:0FA8H         LINE#         546
  C:0FB1H         LINE#         547
  C:0FBAH         LINE#         548
  C:0FC1H         LINE#         550
  C:0FECH         LINE#         552
  C:0FF5H         LINE#         553
  C:0FFCH         LINE#         554
  C:1005H         LINE#         555
  C:100CH         LINE#         556
  C:1015H         LINE#         557
  C:101CH         LINE#         559
  C:101EH         LINE#         561
  C:102CH         LINE#         562
  C:102CH         LINE#         563
  C:1034H         LINE#         566
  C:1034H         LINE#         567
  C:1034H         LINE#         569
  C:1059H         LINE#         570
  C:1059H         LINE#         571
  C:107BH         LINE#         572
  C:107BH         LINE#         573
  C:10F7H         LINE#         574
  C:10F9H         LINE#         575
  C:10FBH         LINE#         577
  C:1153H         LINE#         580
  C:1162H         LINE#         581
  C:1162H         LINE#         582
  C:1162H         LINE#         583
  C:1162H         LINE#         584
  C:1162H         LINE#         585
  C:1162H         LINE#         586
  C:1162H         LINE#         587
  C:1162H         LINE#         590
  C:1162H         LINE#         592
  C:1162H         LINE#         593
  C:1162H         LINE#         594
  C:1162H         LINE#         595
  C:1162H         LINE#         599
  C:1162H         LINE#         601
  C:1162H         LINE#         603
  C:1162H         LINE#         604
  C:1162H         LINE#         605
  C:1162H         LINE#         606
  C:1162H         LINE#         607
  C:1162H         LINE#         608
  C:1162H         LINE#         611
  C:1162H         LINE#         613
  C:1162H         LINE#         614
  C:1162H         LINE#         615
  C:1162H         LINE#         616
  C:1162H         LINE#         617
  C:1162H         LINE#         618
  C:1162H         LINE#         619
  C:1162H         LINE#         621
  C:1165H         LINE#         624
  C:118CH         LINE#         625
  C:118CH         LINE#         628
BL51 BANKED LINKER/LOCATER V6.22                                                      08/30/2019  12:14:30  PAGE 17


  C:11AEH         LINE#         629
  C:11AEH         LINE#         631
  C:122AH         LINE#         633
  C:1257H         LINE#         634
  C:1272H         LINE#         640
  C:1274H         LINE#         641
  C:1276H         LINE#         649
  C:12A3H         LINE#         651
  C:12CAH         LINE#         652
  C:133EH         LINE#         654
  C:13CAH         LINE#         658
  C:13EDH         LINE#         659
  C:13EDH         LINE#         660
  C:1489H         LINE#         661
  C:148CH         LINE#         663
  C:148CH         LINE#         664
  C:14B4H         LINE#         665
  C:1528H         LINE#         667
  C:15A3H         LINE#         674
  C:1650H         LINE#         679
  C:1657H         LINE#         680
  C:1668H         LINE#         682
  C:1668H         LINE#         685
  C:1677H         LINE#         686
  C:1677H         LINE#         687
  C:16F5H         LINE#         688
  C:16FEH         LINE#         689
  C:1705H         LINE#         690
  C:170EH         LINE#         691
  C:1717H         LINE#         692
  C:171EH         LINE#         695
  C:1749H         LINE#         697
  C:1752H         LINE#         698
  C:1759H         LINE#         699
  C:1762H         LINE#         700
  C:176BH         LINE#         704
  C:1772H         LINE#         706
  C:179DH         LINE#         708
  C:17A6H         LINE#         709
  C:17ADH         LINE#         710
  C:17B6H         LINE#         711
  C:17BDH         LINE#         713
  C:17C6H         LINE#         714
  C:17CDH         LINE#         717
  C:180BH         LINE#         719
  C:1814H         LINE#         720
  C:181BH         LINE#         721
  C:1824H         LINE#         722
  C:182DH         LINE#         723
  C:1834H         LINE#         724
  C:1834H         LINE#         726
  C:1834H         LINE#         728
  C:1834H         LINE#         729
  C:1834H         LINE#         731
  C:1834H         LINE#         735
  C:1850H         LINE#         736
  C:1850H         LINE#         737
BL51 BANKED LINKER/LOCATER V6.22                                                      08/30/2019  12:14:30  PAGE 18


  C:1852H         LINE#         740
  C:1855H         LINE#         742
  C:1883H         LINE#         743
  C:1883H         LINE#         744
  C:1885H         LINE#         746
  C:1894H         LINE#         747
  C:1894H         LINE#         749
  C:1897H         LINE#         751
  C:189AH         LINE#         752
  C:18A1H         LINE#         754
  C:18BDH         LINE#         755
  C:18BDH         LINE#         756
  C:18DAH         LINE#         757
  C:18DAH         LINE#         758
  C:18E0H         LINE#         759
  C:18E3H         LINE#         762
  C:1918H         LINE#         763
  C:191FH         LINE#         764
  C:1922H         LINE#         766
  C:195CH         LINE#         767
  C:1972H         LINE#         769
  C:198BH         LINE#         771
  C:1992H         LINE#         772
  C:1999H         LINE#         773
  C:199CH         LINE#         776
  C:19F1H         LINE#         778
  C:19F8H         LINE#         780
  C:19FFH         LINE#         781
  C:1A02H         LINE#         784
  C:1AAEH         LINE#         786
  C:1AB5H         LINE#         791
  C:1ABCH         LINE#         792
  C:1ABFH         LINE#         795
  C:1AD6H         LINE#         797
  C:1ADDH         LINE#         799
  C:1AE4H         LINE#         800
  C:1AE7H         LINE#         803
  C:1AFEH         LINE#         804
  C:1AFEH         LINE#         805
  C:1B0FH         LINE#         807
  C:1B0FH         LINE#         811
  C:1B16H         LINE#         812
  C:1B16H         LINE#         815
  C:1B25H         LINE#         816
  C:1B25H         LINE#         817
  C:1B57H         LINE#         818
  C:1B57H         LINE#         819
  C:1BD6H         LINE#         821
  C:1BDDH         LINE#         822
  C:1BE0H         LINE#         824
  C:1C1AH         LINE#         825
  C:1C30H         LINE#         827
  C:1C49H         LINE#         829
  C:1C50H         LINE#         830
  C:1C57H         LINE#         831
  C:1C5AH         LINE#         833
  C:1CAFH         LINE#         834
BL51 BANKED LINKER/LOCATER V6.22                                                      08/30/2019  12:14:30  PAGE 19


  C:1CB6H         LINE#         836
  C:1CBDH         LINE#         837
  C:1CC0H         LINE#         839
  C:1D6CH         LINE#         840
  C:1D73H         LINE#         842
  C:1D7AH         LINE#         843
  C:1D7DH         LINE#         845
  C:1DA1H         LINE#         846
  C:1DA8H         LINE#         847
  C:1DB9H         LINE#         850
  C:1DCDH         LINE#         851
  C:1DE1H         LINE#         852
  C:1DF0H         LINE#         853
  C:1DF0H         LINE#         855
  C:1E1CH         LINE#         856
  C:1E1CH         LINE#         857
  C:1E49H         LINE#         864
  C:1E64H         LINE#         867
  C:1E73H         LINE#         868
  C:1E76H         LINE#         871
  C:1EA6H         LINE#         872
  C:1EA6H         LINE#         874
  C:1ED3H         LINE#         880
  C:1EEEH         LINE#         883
  C:1EFEH         LINE#         884
  C:1F04H         LINE#         885
  C:1F18H         LINE#         886
  C:1F2CH         LINE#         887
  C:1F34H         LINE#         888
  C:1F41H         LINE#         889
  C:1F41H         LINE#         890
  C:1F65H         LINE#         891
  C:1F65H         LINE#         892
  C:1FAFH         LINE#         893
  C:1FB6H         LINE#         894
  C:1FB9H         LINE#         897
  C:1FDDH         LINE#         899
  C:1FE4H         LINE#         900
  C:1FE7H         LINE#         902
  C:201AH         LINE#         903
  C:2039H         LINE#         905
  C:205BH         LINE#         907
  C:2062H         LINE#         909
  C:2069H         LINE#         910
  C:206CH         LINE#         912
  C:20C1H         LINE#         913
  C:20C8H         LINE#         915
  C:20CFH         LINE#         916
  C:20D2H         LINE#         918
  C:217EH         LINE#         919
  C:2185H         LINE#         920
  C:2196H         LINE#         921
  C:2196H         LINE#         922
  C:2196H         LINE#         926
  C:21B8H         LINE#         927
  C:21C5H         LINE#         928
  C:21C5H         LINE#         929
BL51 BANKED LINKER/LOCATER V6.22                                                      08/30/2019  12:14:30  PAGE 20


  C:21E8H         LINE#         930
  C:21E8H         LINE#         931
  C:2238H         LINE#         932
  C:2238H         LINE#         933
  C:223FH         LINE#         934
  C:2242H         LINE#         936
  C:227CH         LINE#         937
  C:2292H         LINE#         939
  C:22ABH         LINE#         941
  C:22B2H         LINE#         942
  C:22B9H         LINE#         943
  C:22BCH         LINE#         945
  C:2311H         LINE#         946
  C:2318H         LINE#         948
  C:231FH         LINE#         949
  C:2322H         LINE#         951
  C:23CEH         LINE#         952
  C:23D5H         LINE#         954
  C:23DCH         LINE#         955
  C:23DFH         LINE#         957
  C:2403H         LINE#         958
  C:240AH         LINE#         959
  C:240AH         LINE#         960
  C:241BH         LINE#         961
  C:241BH         LINE#         962
  C:241BH         LINE#         963
  C:2445H         LINE#         964
  C:2445H         LINE#         967
  C:244CH         LINE#         968
  C:2453H         LINE#         970
  C:2459H         LINE#         971
  C:2459H         LINE#         972
  C:247CH         LINE#         973
  C:2491H         LINE#         975
  C:24ABH         LINE#         977
  C:24ABH         LINE#         980
  C:24BAH         LINE#         981
  C:24BAH         LINE#         982
  C:24BDH         LINE#         983
  C:24C4H         LINE#         984
  C:24C9H         LINE#         985
  C:24CEH         LINE#         986
  C:24D3H         LINE#         987
  C:24D8H         LINE#         988
  C:24DDH         LINE#         998
  C:24E0H         LINE#         1000
  C:24E3H         LINE#         1001
  C:24EAH         LINE#         1002
  C:24F4H         LINE#         1003
  C:24FBH         LINE#         1005
  C:24FEH         LINE#         1014
  C:24FEH         LINE#         1015
  -------         ENDPROC       MAIN
  -------         PROC          UART
  C:000EH         LINE#         1029
  C:000EH         LINE#         1031
  C:0011H         LINE#         1032
BL51 BANKED LINKER/LOCATER V6.22                                                      08/30/2019  12:14:30  PAGE 21


  C:0011H         LINE#         1033
  C:0013H         LINE#         1035
  C:0013H         LINE#         1036
  C:0016H         LINE#         1037
  C:0016H         LINE#         1038
  C:0018H         LINE#         1039
  C:001AH         LINE#         1040
  C:001AH         LINE#         1041
  -------         ENDPROC       UART
  -------         PROC          _SENDUART1
  D:0007H         SYMBOL        dat
  C:7DA8H         LINE#         1043
  C:7DA8H         LINE#         1044
  C:7DA8H         LINE#         1045
  C:7DABH         LINE#         1046
  C:7DADH         LINE#         1047
  C:7DAEH         LINE#         1048
  C:7DB0H         LINE#         1049
  -------         ENDPROC       _SENDUART1
  -------         ENDMOD        MAIN

  -------         MODULE        PCF85063BTL
  C:0000H         SYMBOL        _ICE_DUMMY_
  D:0096H         PUBLIC        P2M0
  D:0080H         PUBLIC        P0
  D:0095H         PUBLIC        P2M1
  D:0090H         PUBLIC        P1
  D:00A0H         PUBLIC        P2
  D:00B0H         PUBLIC        P3
  D:00C0H         PUBLIC        P4
  D:00C8H         PUBLIC        P5
  D:00E8H         PUBLIC        P6
  B:00A0H.1       PUBLIC        PCF85063BTL_SDI
  D:00F8H         PUBLIC        P7
  B:00A0H.2       PUBLIC        PCF85063BTL_SCK
  B:00A0H.1       PUBLIC        PCF85063BTL_SDO
  D:00A8H         PUBLIC        IE
  C:761EH         PUBLIC        _Read_time
  C:7CCAH         PUBLIC        _PCF85063BTL_Delay
  D:00B8H         PUBLIC        IP
  D:00D8H         PUBLIC        CCON
  C:74ABH         PUBLIC        _Day_Of_Year
  C:7BCBH         PUBLIC        SPI_ReceiveByte
  D:0098H         PUBLIC        SCON
  D:0088H         PUBLIC        TCON
  C:7CFDH         PUBLIC        _BCDtoDec
  B:00A0H.0       PUBLIC        PCF85063BTL_CS
  C:7CECH         PUBLIC        _SPI_ReadTime
  C:7D4CH         PUBLIC        SPI_Init
  C:7C40H         PUBLIC        _SPI_WriteTime
  C:7BABH         PUBLIC        _SPI_SendByte
  D:00D0H         PUBLIC        PSW
  C:7CC6H         SYMBOL        L?0048
  -------         PROC          L?0047
  -------         ENDPROC       L?0047
  C:7CC6H         SYMBOL        L?0048
  -------         PROC          _PCF85063BTL_DELAY
BL51 BANKED LINKER/LOCATER V6.22                                                      08/30/2019  12:14:30  PAGE 22


  D:0006H         SYMBOL        us
  C:7CCAH         LINE#         8
  C:7CCAH         LINE#         9
  C:7CCAH         LINE#         10
  C:7CD4H         LINE#         11
  C:7CD4H         LINE#         12
  C:7CD5H         LINE#         13
  C:7CD7H         LINE#         14
  -------         ENDPROC       _PCF85063BTL_DELAY
  -------         PROC          _SPI_SENDBYTE
  D:0005H         SYMBOL        dat
  -------         DO            
  D:0003H         SYMBOL        i
  -------         ENDDO         
  C:7BABH         LINE#         17
  C:7BADH         LINE#         18
  C:7BADH         LINE#         20
  C:7BAFH         LINE#         21
  C:7BAFH         LINE#         22
  C:7BB1H         LINE#         23
  C:7BB5H         LINE#         24
  C:7BB5H         LINE#         25
  C:7BB7H         LINE#         26
  C:7BB9H         LINE#         28
  C:7BB9H         LINE#         29
  C:7BBBH         LINE#         30
  C:7BBBH         LINE#         31
  C:7BBEH         LINE#         32
  C:7BBEH         LINE#         33
  C:7BC1H         LINE#         34
  C:7BC5H         LINE#         35
  C:7BCAH         LINE#         36
  -------         ENDPROC       _SPI_SENDBYTE
  -------         PROC          SPI_RECEIVEBYTE
  -------         DO            
  D:0003H         SYMBOL        i
  D:0005H         SYMBOL        dat
  -------         ENDDO         
  C:7BCBH         LINE#         39
  C:7BCBH         LINE#         40
  C:7BCBH         LINE#         42
  C:7BCDH         LINE#         44
  C:7BCFH         LINE#         45
  C:7BD0H         LINE#         46
  C:7BD0H         LINE#         47
  C:7BD4H         LINE#         48
  C:7BD6H         LINE#         49
  C:7BD9H         LINE#         51
  C:7BDCH         LINE#         52
  C:7BDCH         LINE#         53
  C:7BE0H         LINE#         54
  C:7BE0H         LINE#         55
  C:7BE0H         LINE#         56
  C:7BE3H         LINE#         57
  C:7BE8H         LINE#         58
  C:7BEAH         LINE#         59
  -------         ENDPROC       SPI_RECEIVEBYTE
BL51 BANKED LINKER/LOCATER V6.22                                                      08/30/2019  12:14:30  PAGE 23


  -------         PROC          _SPI_READTIME
  D:0007H         SYMBOL        addr
  -------         DO            
  D:0006H         SYMBOL        dat
  -------         ENDDO         
  C:7CECH         LINE#         61
  C:7CECH         LINE#         62
  C:7CECH         LINE#         64
  C:7CEEH         LINE#         65
  C:7CF0H         LINE#         66
  C:7CF7H         LINE#         67
  C:7CFAH         LINE#         68
  C:7CFCH         LINE#         69
  C:7CFCH         LINE#         70
  -------         ENDPROC       _SPI_READTIME
  -------         PROC          _SPI_WRITETIME
  D:0002H         SYMBOL        val
  D:0005H         SYMBOL        addr
  C:7C40H         LINE#         71
  C:7C42H         LINE#         72
  C:7C42H         LINE#         74
  C:7C44H         LINE#         75
  C:7C4BH         LINE#         76
  C:7C50H         LINE#         77
  C:7C55H         LINE#         78
  C:7C57H         LINE#         79
  -------         ENDPROC       _SPI_WRITETIME
  -------         PROC          SPI_INIT
  C:7D4CH         LINE#         83
  C:7D4CH         LINE#         84
  C:7D4CH         LINE#         89
  C:7D4FH         LINE#         90
  C:7D52H         LINE#         91
  C:7D54H         LINE#         92
  C:7D56H         LINE#         93
  C:7D58H         LINE#         94
  -------         ENDPROC       SPI_INIT
  -------         PROC          _READ_TIME
  X:04FDH         SYMBOL        months
  X:0500H         SYMBOL        days
  X:0503H         SYMBOL        hours
  X:0506H         SYMBOL        mins
  X:0509H         SYMBOL        seconds
  C:761EH         LINE#         96
  C:7629H         LINE#         97
  C:7629H         LINE#         99
  C:763DH         LINE#         101
  C:7651H         LINE#         103
  C:7665H         LINE#         108
  C:7679H         LINE#         113
  -------         ENDPROC       _READ_TIME
  -------         PROC          _BCDTODEC
  D:0007H         SYMBOL        bcd
  -------         DO            
  D:0006H         SYMBOL        hi
  D:0007H         SYMBOL        lo
  -------         ENDDO         
BL51 BANKED LINKER/LOCATER V6.22                                                      08/30/2019  12:14:30  PAGE 24


  C:7CFDH         LINE#         119
  C:7CFDH         LINE#         120
  C:7CFDH         LINE#         122
  C:7D02H         LINE#         123
  C:7D06H         LINE#         124
  C:7D0DH         LINE#         125
  -------         ENDPROC       _BCDTODEC
  -------         PROC          _DAY_OF_YEAR
  D:0007H         SYMBOL        months_bcd
  D:0005H         SYMBOL        days_bcd
  -------         DO            
  D:0004H         SYMBOL        months
  D:0007H         SYMBOL        days
  -------         ENDDO         
  C:74ABH         LINE#         126
  C:74ABH         LINE#         127
  C:74ABH         LINE#         130
  C:74B0H         LINE#         132
  C:74B5H         LINE#         134
  C:74EEH         LINE#         135
  C:74EEH         LINE#         136
  C:74EEH         LINE#         137
  C:74F1H         LINE#         138
  C:74F1H         LINE#         139
  C:74F1H         LINE#         140
  C:74F6H         LINE#         141
  C:74F6H         LINE#         142
  C:74F6H         LINE#         143
  C:74FBH         LINE#         144
  C:74FBH         LINE#         145
  C:74FBH         LINE#         146
  C:7500H         LINE#         147
  C:7500H         LINE#         148
  C:7500H         LINE#         149
  C:7505H         LINE#         150
  C:7505H         LINE#         151
  C:7505H         LINE#         152
  C:750AH         LINE#         153
  C:750AH         LINE#         154
  C:750AH         LINE#         155
  C:750FH         LINE#         156
  C:750FH         LINE#         157
  C:750FH         LINE#         158
  C:7514H         LINE#         159
  C:7514H         LINE#         160
  C:7514H         LINE#         161
  C:751CH         LINE#         162
  C:751CH         LINE#         163
  C:751CH         LINE#         164
  C:7521H         LINE#         165
  C:7521H         LINE#         166
  C:7521H         LINE#         167
  C:7526H         LINE#         168
  C:7526H         LINE#         169
  C:7526H         LINE#         170
  C:752FH         LINE#         171
  C:752FH         LINE#         172
BL51 BANKED LINKER/LOCATER V6.22                                                      08/30/2019  12:14:30  PAGE 25


  C:752FH         LINE#         173
  C:7532H         LINE#         174
  C:7532H         LINE#         175
  -------         ENDPROC       _DAY_OF_YEAR
  -------         ENDMOD        PCF85063BTL

  -------         MODULE        LCD_DRIVER_SPLC780D
  C:0000H         SYMBOL        _ICE_DUMMY_
  D:0092H         PUBLIC        P1M0
  D:0091H         PUBLIC        P1M1
  D:0080H         PUBLIC        P0
  D:0090H         PUBLIC        P1
  D:00A0H         PUBLIC        P2
  D:00B0H         PUBLIC        P3
  D:00C0H         PUBLIC        P4
  D:00C8H         PUBLIC        P5
  D:00E8H         PUBLIC        P6
  D:00F8H         PUBLIC        P7
  C:7537H         PUBLIC        _WriteData
  D:00A8H         PUBLIC        IE
  D:00B8H         PUBLIC        IP
  D:00D8H         PUBLIC        CCON
  B:00B0H.4       PUBLIC        LCD_D4
  B:00B0H.5       PUBLIC        LCD_D5
  B:00B0H.6       PUBLIC        LCD_D6
  C:7C09H         PUBLIC        _DisplayLCD
  B:00B0H.7       PUBLIC        LCD_D7
  D:0098H         PUBLIC        SCON
  D:0088H         PUBLIC        TCON
  C:7D95H         PUBLIC        LCD_clear
  C:78B9H         PUBLIC        _Command
  C:7C85H         PUBLIC        _Display_Line
  C:76E7H         PUBLIC        LCD_Init
  C:7B24H         PUBLIC        _Wait_ms
  B:00C0H.0       PUBLIC        LCD_RS
  B:0090H.3       PUBLIC        LCD_RW
  C:7D8BH         PUBLIC        LCD_return_home
  C:6752H         PUBLIC        _Display_Pos
  B:00B0H.3       PUBLIC        LCD_E
  D:00D0H         PUBLIC        PSW
  -------         PROC          LCD_INIT
  C:76E7H         LINE#         9
  C:76E7H         LINE#         10
  C:76E7H         LINE#         11
  C:76EAH         LINE#         12
  C:76EDH         LINE#         14
  C:76F3H         LINE#         15
  C:76F8H         LINE#         17
  C:76FFH         LINE#         18
  C:7704H         LINE#         20
  C:7707H         LINE#         21
  C:770CH         LINE#         23
  C:770FH         LINE#         24
  C:7714H         LINE#         26
  C:771BH         LINE#         29
  C:7720H         LINE#         30
  C:7725H         LINE#         32
BL51 BANKED LINKER/LOCATER V6.22                                                      08/30/2019  12:14:30  PAGE 26


  C:772AH         LINE#         33
  C:772FH         LINE#         35
  C:7734H         LINE#         36
  C:7739H         LINE#         37
  -------         ENDPROC       LCD_INIT
  C:7533H         SYMBOL        L?0035
  -------         PROC          L?0034
  -------         ENDPROC       L?0034
  C:7533H         SYMBOL        L?0035
  -------         PROC          _WRITEDATA
  X:0508H         SYMBOL        dat
  C:7537H         LINE#         40
  C:753CH         LINE#         41
  C:753CH         LINE#         46
  C:753EH         LINE#         47
  C:7540H         LINE#         49
  C:754EH         LINE#         50
  C:755AH         LINE#         51
  C:7566H         LINE#         52
  C:7570H         LINE#         53
  C:7572H         LINE#         54
  C:7579H         LINE#         55
  C:757BH         LINE#         57
  C:758BH         LINE#         58
  C:7596H         LINE#         59
  C:75A0H         LINE#         60
  C:75A4H         LINE#         62
  C:75A4H         LINE#         63
  C:75A7H         LINE#         64
  C:75A9H         LINE#         65
  C:75ABH         LINE#         67
  -------         ENDPROC       _WRITEDATA
  -------         PROC          _COMMAND
  D:0007H         SYMBOL        dat
  C:78B9H         LINE#         69
  C:78B9H         LINE#         70
  C:78B9H         LINE#         71
  C:78BBH         LINE#         72
  C:78BDH         LINE#         74
  C:78C7H         LINE#         75
  C:78CBH         LINE#         77
  C:78CDH         LINE#         78
  C:78D6H         LINE#         79
  C:78DAH         LINE#         81
  C:78DCH         LINE#         82
  C:78E3H         LINE#         83
  C:78E7H         LINE#         85
  C:78E9H         LINE#         86
  C:78EDH         LINE#         87
  C:78F1H         LINE#         89
  C:78F3H         LINE#         90
  C:78F3H         LINE#         91
  C:78F6H         LINE#         92
  C:78F8H         LINE#         93
  -------         ENDPROC       _COMMAND
  C:7B20H         SYMBOL        L?0037
  -------         PROC          L?0036
BL51 BANKED LINKER/LOCATER V6.22                                                      08/30/2019  12:14:30  PAGE 27


  -------         ENDPROC       L?0036
  C:7B20H         SYMBOL        L?0037
  -------         PROC          _WAIT_MS
  D:0006H         SYMBOL        ms
  -------         DO            
  D:0004H         SYMBOL        De_Cnt
  -------         ENDDO         
  C:7B24H         LINE#         95
  C:7B24H         LINE#         96
  C:7B24H         LINE#         98
  C:7B2EH         LINE#         99
  C:7B2EH         LINE#         100
  C:7B41H         LINE#         101
  C:7B41H         LINE#         102
  -------         ENDPROC       _WAIT_MS
  -------         PROC          _DISPLAYLCD
  D:0007H         SYMBOL        BCD
  -------         DO            
  D:0006H         SYMBOL        first_digit
  X:0408H         SYMBOL        second_digit
  -------         ENDDO         
  C:7C09H         LINE#         103
  C:7C09H         LINE#         104
  C:7C09H         LINE#         106
  C:7C10H         LINE#         107
  C:7C19H         LINE#         109
  C:7C1EH         LINE#         111
  -------         ENDPROC       _DISPLAYLCD
  -------         PROC          LCD_RETURN_HOME
  C:7D8BH         LINE#         115
  C:7D8BH         LINE#         116
  C:7D8BH         LINE#         117
  C:7D90H         LINE#         118
  -------         ENDPROC       LCD_RETURN_HOME
  -------         PROC          LCD_CLEAR
  C:7D95H         LINE#         121
  C:7D95H         LINE#         122
  C:7D95H         LINE#         123
  C:7D9AH         LINE#         124
  -------         ENDPROC       LCD_CLEAR
  -------         PROC          _DISPLAY_LINE
  D:0006H         SYMBOL        line
  C:7C85H         LINE#         128
  C:7C85H         LINE#         129
  C:7C85H         LINE#         130
  C:7C8BH         LINE#         131
  C:7C8BH         LINE#         132
  C:7C8DH         LINE#         133
  C:7C8DH         LINE#         134
  C:7C8FH         LINE#         136
  C:7C8FH         LINE#         137
  C:7C94H         LINE#         138
  C:7C99H         LINE#         139
  C:7C99H         LINE#         140
  -------         ENDPROC       _DISPLAY_LINE
  -------         PROC          _DISPLAY_POS
  X:04FDH         SYMBOL        sign_dat
BL51 BANKED LINKER/LOCATER V6.22                                                      08/30/2019  12:14:30  PAGE 28


  -------         DO            
  X:0501H         SYMBOL        unit
  X:0502H         SYMBOL        ten
  X:0503H         SYMBOL        hundred
  X:0504H         SYMBOL        thousand
  X:0505H         SYMBOL        after_dot
  X:0506H         SYMBOL        dat
  -------         ENDDO         
  C:6752H         LINE#         142
  C:6758H         LINE#         143
  C:6758H         LINE#         147
  C:6774H         LINE#         148
  C:678EH         LINE#         149
  C:67B2H         LINE#         151
  C:67FCH         LINE#         153
  C:6813H         LINE#         154
  C:6825H         LINE#         155
  C:684AH         LINE#         156
  C:6864H         LINE#         157
  C:687CH         LINE#         158
  C:687CH         LINE#         159
  C:687CH         LINE#         160
  C:687CH         LINE#         161
  C:687CH         LINE#         162
  C:687CH         LINE#         163
  C:687CH         LINE#         164
  C:687CH         LINE#         168
  C:687EH         LINE#         170
  C:687EH         LINE#         172
  C:6883H         LINE#         173
  C:6889H         LINE#         174
  C:688FH         LINE#         175
  C:6895H         LINE#         176
  C:689BH         LINE#         177
  C:68A0H         LINE#         178
  C:68A6H         LINE#         182
  C:68A6H         LINE#         184
  -------         ENDPROC       _DISPLAY_POS
  -------         ENDMOD        LCD_DRIVER_SPLC780D

  -------         MODULE        KEYPAD
  C:0000H         SYMBOL        _ICE_DUMMY_
  D:0093H         PUBLIC        P0M1
  D:0080H         PUBLIC        P0
  D:0090H         PUBLIC        P1
  D:00A0H         PUBLIC        P2
  D:00B0H         PUBLIC        P3
  D:00C0H         PUBLIC        P4
  D:00C8H         PUBLIC        P5
  D:00E8H         PUBLIC        P6
  D:00F8H         PUBLIC        P7
  D:00A8H         PUBLIC        IE
  C:614EH         PUBLIC        Key_Scan
  D:00B8H         PUBLIC        IP
  D:00D8H         PUBLIC        CCON
  C:7D73H         PUBLIC        KeyPad_IO_Init
  C:7BEBH         PUBLIC        _Delay_ms
BL51 BANKED LINKER/LOCATER V6.22                                                      08/30/2019  12:14:30  PAGE 29


  D:0098H         PUBLIC        SCON
  D:0088H         PUBLIC        TCON
  X:065BH         PUBLIC        small_move
  X:065DH         PUBLIC        move
  X:065FH         PUBLIC        auto_mode
  X:0661H         PUBLIC        direction
  X:0663H         PUBLIC        SPI_NOR_ClearEnable
  C:588EH         PUBLIC        Key_Process
  D:00D0H         PUBLIC        PSW
  D:0094H         PUBLIC        P0M0
  -------         PROC          _DELAY_MS
  D:0006H         SYMBOL        ms
  -------         DO            
  D:0004H         SYMBOL        De_Cnt
  -------         ENDDO         
  C:7BEBH         LINE#         20
  C:7BEBH         LINE#         21
  C:7BEBH         LINE#         23
  C:7BF5H         LINE#         24
  C:7BF5H         LINE#         25
  C:7C08H         LINE#         26
  C:7C08H         LINE#         27
  -------         ENDPROC       _DELAY_MS
  -------         PROC          KEY_SCAN
  -------         DO            
  X:040EH         SYMBOL        KeyTemp1
  X:040FH         SYMBOL        KeyTemp2
  X:0410H         SYMBOL        KeyValue
  -------         ENDDO         
  C:614EH         LINE#         28
  C:614EH         LINE#         29
  C:614EH         LINE#         34
  C:6151H         LINE#         37
  C:6154H         LINE#         39
  C:615CH         LINE#         40
  C:6163H         LINE#         41
  C:6163H         LINE#         43
  C:6168H         LINE#         44
  C:616FH         LINE#         45
  C:616FH         LINE#         48
  C:6172H         LINE#         49
  C:6175H         LINE#         50
  C:617AH         LINE#         51
  C:617EH         LINE#         52
  C:617EH         LINE#         53
  C:6186H         LINE#         54
  C:6186H         LINE#         55
  C:6189H         LINE#         56
  C:6191H         LINE#         57
  C:6193H         LINE#         59
  C:61A7H         LINE#         60
  C:61A7H         LINE#         61
  C:61A7H         LINE#         62
  C:61A7H         LINE#         63
  C:61ADH         LINE#         65
  C:61AFH         LINE#         66
  C:61AFH         LINE#         67
BL51 BANKED LINKER/LOCATER V6.22                                                      08/30/2019  12:14:30  PAGE 30


  C:61AFH         LINE#         68
  C:61B5H         LINE#         70
  C:61B7H         LINE#         71
  C:61B7H         LINE#         72
  C:61B7H         LINE#         73
  C:61BDH         LINE#         75
  C:61BFH         LINE#         76
  C:61BFH         LINE#         77
  C:61BFH         LINE#         78
  C:61C5H         LINE#         80
  C:61C5H         LINE#         81
  C:61C5H         LINE#         82
  C:61C5H         LINE#         85
  C:61C8H         LINE#         86
  C:61CBH         LINE#         87
  C:61D3H         LINE#         88
  C:61D7H         LINE#         89
  C:61D7H         LINE#         90
  C:61DFH         LINE#         91
  C:61DFH         LINE#         92
  C:61E2H         LINE#         93
  C:61EAH         LINE#         94
  C:61ECH         LINE#         95
  C:6200H         LINE#         96
  C:6200H         LINE#         97
  C:6200H         LINE#         98
  C:6200H         LINE#         99
  C:6206H         LINE#         101
  C:6208H         LINE#         102
  C:6208H         LINE#         103
  C:6208H         LINE#         104
  C:620EH         LINE#         106
  C:6210H         LINE#         107
  C:6210H         LINE#         108
  C:6210H         LINE#         109
  C:6216H         LINE#         111
  C:6218H         LINE#         112
  C:6218H         LINE#         113
  C:6218H         LINE#         114
  C:621DH         LINE#         116
  C:621DH         LINE#         117
  C:621DH         LINE#         118
  C:621DH         LINE#         121
  C:6220H         LINE#         122
  C:6223H         LINE#         123
  C:622BH         LINE#         124
  C:622FH         LINE#         125
  C:622FH         LINE#         126
  C:6237H         LINE#         127
  C:6237H         LINE#         128
  C:623AH         LINE#         129
  C:6242H         LINE#         130
  C:6244H         LINE#         131
  C:6258H         LINE#         132
  C:6258H         LINE#         133
  C:6258H         LINE#         134
  C:6258H         LINE#         135
BL51 BANKED LINKER/LOCATER V6.22                                                      08/30/2019  12:14:30  PAGE 31


  C:625EH         LINE#         137
  C:6260H         LINE#         138
  C:6260H         LINE#         139
  C:6260H         LINE#         140
  C:6266H         LINE#         142
  C:6268H         LINE#         143
  C:6268H         LINE#         144
  C:6268H         LINE#         145
  C:626EH         LINE#         147
  C:6270H         LINE#         148
  C:6270H         LINE#         149
  C:6270H         LINE#         150
  C:6276H         LINE#         152
  C:6276H         LINE#         153
  C:6276H         LINE#         154
  C:6276H         LINE#         158
  C:6279H         LINE#         159
  C:627CH         LINE#         160
  C:6284H         LINE#         161
  C:6288H         LINE#         162
  C:6288H         LINE#         163
  C:6290H         LINE#         164
  C:6290H         LINE#         165
  C:6293H         LINE#         166
  C:629BH         LINE#         167
  C:629DH         LINE#         168
  C:62B1H         LINE#         169
  C:62B1H         LINE#         170
  C:62B1H         LINE#         171
  C:62B1H         LINE#         172
  C:62B7H         LINE#         174
  C:62B9H         LINE#         175
  C:62B9H         LINE#         176
  C:62B9H         LINE#         177
  C:62BFH         LINE#         179
  C:62C1H         LINE#         180
  C:62C1H         LINE#         181
  C:62C1H         LINE#         182
  C:62C7H         LINE#         184
  C:62C9H         LINE#         185
  C:62C9H         LINE#         186
  C:62C9H         LINE#         187
  C:62CFH         LINE#         189
  C:62CFH         LINE#         190
  C:62CFH         LINE#         191
  C:62CFH         LINE#         193
  C:62D5H         LINE#         194
  C:62D5H         LINE#         196
  C:62D5H         LINE#         197
  C:62D8H         LINE#         198
  C:62D8H         LINE#         199
  C:62D8H         LINE#         201
  C:62D8H         LINE#         202
  C:62DAH         LINE#         203
  C:62DAH         LINE#         204
  -------         ENDPROC       KEY_SCAN
  -------         PROC          KEY_PROCESS
BL51 BANKED LINKER/LOCATER V6.22                                                      08/30/2019  12:14:30  PAGE 32


  -------         DO            
  X:064CH         SYMBOL        KeyCount
  X:064DH         SYMBOL        KeyNum_Old
  X:064FH         SYMBOL        KeyNum
  X:0651H         SYMBOL        PressedKey
  X:0408H         SYMBOL        d
  D:0002H         SYMBOL        hours
  D:0006H         SYMBOL        mins
  X:040AH         SYMBOL        months
  X:040CH         SYMBOL        days
  -------         ENDDO         
  C:588EH         LINE#         205
  C:588EH         LINE#         206
  C:588EH         LINE#         210
  C:589DH         LINE#         211
  C:58AAH         LINE#         213
  C:58AEH         LINE#         214
  C:58AEH         LINE#         215
  C:58B4H         LINE#         217
  C:58B4H         LINE#         218
  C:58CBH         LINE#         219
  C:58CBH         LINE#         220
  C:58D5H         LINE#         221
  C:58DBH         LINE#         223
  C:58E1H         LINE#         225
  C:58E1H         LINE#         226
  C:58F8H         LINE#         227
  C:58F8H         LINE#         228
  C:58FDH         LINE#         230
  C:58FDH         LINE#         231
  C:590DH         LINE#         232
  C:590DH         LINE#         233
  C:5913H         LINE#         235
  C:5913H         LINE#         236
  C:5925H         LINE#         237
  C:5925H         LINE#         238
  C:592FH         LINE#         239
  C:5937H         LINE#         241
  C:5940H         LINE#         243
  C:5940H         LINE#         252
  C:595FH         LINE#         253
  C:595FH         LINE#         254
  C:597EH         LINE#         255
  C:5984H         LINE#         256
  C:598CH         LINE#         257
  C:598CH         LINE#         259
  C:598DH         LINE#         265
  C:5999H         LINE#         266
  C:5999H         LINE#         267
  C:59B6H         LINE#         268
  C:59CDH         LINE#         269
  C:59E4H         LINE#         270
  C:59E4H         LINE#         271
  C:59F7H         LINE#         272
  C:5A0AH         LINE#         273
  C:5A0AH         LINE#         274
  C:5A0AH         LINE#         275
BL51 BANKED LINKER/LOCATER V6.22                                                      08/30/2019  12:14:30  PAGE 33


  C:5A0DH         LINE#         280
  C:5A1CH         LINE#         281
  C:5A1CH         LINE#         282
  C:5A3FH         LINE#         283
  C:5A5CH         LINE#         284
  C:5A65H         LINE#         285
  C:5A65H         LINE#         286
  C:5A6CH         LINE#         287
  C:5A6CH         LINE#         288
  C:5A7DH         LINE#         289
  C:5A7DH         LINE#         290
  C:5A8CH         LINE#         291
  C:5A8CH         LINE#         292
  C:5A8CH         LINE#         293
  C:5A8FH         LINE#         295
  C:5A8FH         LINE#         296
  C:5A9BH         LINE#         297
  C:5A9BH         LINE#         298
  C:5AADH         LINE#         299
  C:5AADH         LINE#         300
  C:5ABDH         LINE#         301
  C:5ABDH         LINE#         302
  C:5ABDH         LINE#         304
  C:5ABFH         LINE#         306
  C:5ABFH         LINE#         307
  C:5ACEH         LINE#         308
  C:5ACEH         LINE#         309
  C:5ADEH         LINE#         310
  C:5ADEH         LINE#         311
  C:5ADEH         LINE#         313
  C:5ADEH         LINE#         315
  C:5ADEH         LINE#         316
  C:5AE0H         LINE#         318
  C:5AE0H         LINE#         319
  C:5AE7H         LINE#         320
  C:5AE7H         LINE#         321
  C:5AF6H         LINE#         322
  C:5AF6H         LINE#         323
  C:5B06H         LINE#         324
  C:5B06H         LINE#         325
  C:5B06H         LINE#         326
  C:5B08H         LINE#         328
  C:5B08H         LINE#         329
  C:5B17H         LINE#         330
  C:5B17H         LINE#         331
  C:5B2AH         LINE#         332
  C:5B3DH         LINE#         333
  C:5B3DH         LINE#         334
  C:5B3DH         LINE#         335
  C:5B3DH         LINE#         336
  C:5B46H         LINE#         338
  C:5B46H         LINE#         340
  C:5B80H         LINE#         341
  C:5B80H         LINE#         342
  C:5B87H         LINE#         343
  C:5B87H         LINE#         344
  C:5B91H         LINE#         345
BL51 BANKED LINKER/LOCATER V6.22                                                      08/30/2019  12:14:30  PAGE 34


  C:5B91H         LINE#         346
  C:5B94H         LINE#         347
  C:5B99H         LINE#         348
  C:5B9EH         LINE#         349
  C:5BA3H         LINE#         350
  C:5BA8H         LINE#         351
  C:5BADH         LINE#         352
  C:5BB2H         LINE#         353
  C:5BB7H         LINE#         354
  C:5BB7H         LINE#         355
  C:5BB7H         LINE#         357
  C:5BD5H         LINE#         358
  C:5BD5H         LINE#         359
  C:5BDCH         LINE#         360
  C:5BDCH         LINE#         361
  C:5BE1H         LINE#         362
[...]
  C:6357H         LINE#         328
  C:635AH         LINE#         330
  C:6374H         LINE#         331
  C:6374H         LINE#         332
  C:6374H         LINE#         334
  C:6377H         LINE#         336
  C:6391H         LINE#         337
  C:6391H         LINE#         338
  C:6391H         LINE#         340
  C:6394H         LINE#         342
  C:63AEH         LINE#         343
  C:63AEH         LINE#         344
  C:63AEH         LINE#         346
  C:63B1H         LINE#         348
  C:63CBH         LINE#         349
  C:63CBH         LINE#         350
  C:63CBH         LINE#         352
  C:63CEH         LINE#         354
  C:63E8H         LINE#         355
  C:63E8H         LINE#         356
  C:63E8H         LINE#         358
  C:63EBH         LINE#         360
  C:6405H         LINE#         361
  C:6405H         LINE#         362
  C:6405H         LINE#         364
  C:6408H         LINE#         366
  C:6422H         LINE#         367
  C:6422H         LINE#         368
  C:6422H         LINE#         370
  C:6425H         LINE#         372
  C:643FH         LINE#         373
  C:6446H         LINE#         374
  -------         ENDPROC       SPI_NOR_WRITE_DATA
BL51 BANKED LINKER/LOCATER V6.22                                                      08/30/2019  12:14:30  PAGE 57


  -------         ENDMOD        AT25SF041

  -------         MODULE        SI1120
  C:0000H         SYMBOL        _ICE_DUMMY_
  D:0080H         PUBLIC        P0
  D:00B2H         PUBLIC        P3M0
  D:0090H         PUBLIC        P1
  D:00B1H         PUBLIC        P3M1
  D:00A0H         PUBLIC        P2
  D:00B0H         PUBLIC        P3
  D:00C0H         PUBLIC        P4
  D:00C8H         PUBLIC        P5
  B:00A8H.7       PUBLIC        EA
  D:00E8H         PUBLIC        P6
  D:00F8H         PUBLIC        P7
  D:00A8H         PUBLIC        IE
  D:00B8H         PUBLIC        IP
  C:79A7H         PUBLIC        SI1120_CONFIG_MODE_VIRH
  D:00D8H         PUBLIC        CCON
  D:0098H         PUBLIC        SCON
  D:0088H         PUBLIC        TCON
  C:7D59H         PUBLIC        Enable_EXTINT0
  B:0090H.5       PUBLIC        SI1120_STX
  B:0088H.0       PUBLIC        IT0
  B:00A8H.0       PUBLIC        EX0
  B:0090H.4       PUBLIC        SI1120_MD
  B:0090H.6       PUBLIC        SI1120_SC
  D:00D0H         PUBLIC        PSW
  -------         PROC          SI1120_CONFIG_MODE_VIRH
  C:79A7H         LINE#         4
  C:79A7H         LINE#         5
  C:79A7H         LINE#         6
  C:79A9H         LINE#         7
  C:79ABH         LINE#         8
  C:79ADH         LINE#         10
  C:79B4H         LINE#         11
  C:79B6H         LINE#         13
  C:79B8H         LINE#         14
  C:79BAH         LINE#         16
  C:79C1H         LINE#         18
  C:79C3H         LINE#         20
  C:79CAH         LINE#         23
  C:79CCH         LINE#         25
  C:79CEH         LINE#         27
  C:79D5H         LINE#         29
  C:79D7H         LINE#         31
  -------         ENDPROC       SI1120_CONFIG_MODE_VIRH
  -------         PROC          ENABLE_EXTINT0
  C:7D59H         LINE#         33
  C:7D59H         LINE#         34
  C:7D59H         LINE#         35
  C:7D5CH         LINE#         36
  C:7D5FH         LINE#         37
  C:7D61H         LINE#         38
  C:7D63H         LINE#         39
  C:7D65H         LINE#         40
  -------         ENDPROC       ENABLE_EXTINT0
BL51 BANKED LINKER/LOCATER V6.22                                                      08/30/2019  12:14:30  PAGE 58


  -------         ENDMOD        SI1120

  -------         MODULE        UART1
  C:0000H         SYMBOL        _ICE_DUMMY_
  D:0080H         PUBLIC        P0
  D:0090H         PUBLIC        P1
  D:00A0H         PUBLIC        P2
  D:00B0H         PUBLIC        P3
  D:00C0H         PUBLIC        P4
  D:00C8H         PUBLIC        P5
  C:7B66H         PUBLIC        _uart1_SendToTCPServer
  B:00A8H.7       PUBLIC        EA
  D:00E8H         PUBLIC        P6
  D:00F8H         PUBLIC        P7
  C:7974H         PUBLIC        _SendString
  D:00A8H         PUBLIC        IE
  B:00A8H.4       PUBLIC        ES
  D:00B8H         PUBLIC        IP
  C:7C58H         PUBLIC        _ASCIItoBCD
  D:00D8H         PUBLIC        CCON
  C:7D0EH         PUBLIC        initUART1
  D:0098H         PUBLIC        SCON
  D:0088H         PUBLIC        TCON
  C:7DC7H         PUBLIC        _DectoBCD
  C:001EH         PUBLIC        _ASCII_Letter
  D:008EH         PUBLIC        AUXR
  C:0006H         PUBLIC        _unit
  C:7DC0H         PUBLIC        _ten
  D:00D6H         PUBLIC        T2H
  D:00D7H         PUBLIC        T2L
  C:7DB1H         PUBLIC        uart1_InitTCPConn
  D:00D0H         PUBLIC        PSW
  -------         PROC          INITUART1
  C:7D0EH         LINE#         24
  C:7D0EH         LINE#         25
  C:7D0EH         LINE#         26
  C:7D11H         LINE#         27
  C:7D14H         LINE#         28
  C:7D17H         LINE#         29
  C:7D1AH         LINE#         30
  C:7D1CH         LINE#         31
  C:7D1EH         LINE#         33
  -------         ENDPROC       INITUART1
  -------         PROC          _SENDSTRING
  X:04FDH         SYMBOL        s
  C:7974H         LINE#         36
  C:797FH         LINE#         37
  C:797FH         LINE#         38
  C:798FH         LINE#         39
  C:798FH         LINE#         40
  C:79A4H         LINE#         41
  C:79A6H         LINE#         42
  -------         ENDPROC       _SENDSTRING
  -------         PROC          _TEN
  D:0007H         SYMBOL        BCD
  C:7DC0H         LINE#         44
  C:7DC0H         LINE#         45
BL51 BANKED LINKER/LOCATER V6.22                                                      08/30/2019  12:14:30  PAGE 59


  C:7DC0H         LINE#         46
  C:7DC5H         LINE#         47
  -------         ENDPROC       _TEN
  -------         PROC          _UNIT
  D:0007H         SYMBOL        BCD
  C:0006H         LINE#         48
  C:0006H         LINE#         49
  C:0006H         LINE#         53
  C:000AH         LINE#         54
  -------         ENDPROC       _UNIT
  -------         PROC          _DECTOBCD
  D:0007H         SYMBOL        dec
  C:7DC7H         LINE#         55
  C:7DC7H         LINE#         56
  C:7DC7H         LINE#         58
  C:7DC7H         LINE#         59
  -------         ENDPROC       _DECTOBCD
  -------         PROC          _ASCII_LETTER
  D:0007H         SYMBOL        dat
  C:001EH         LINE#         61
  C:001EH         LINE#         62
  C:001EH         LINE#         64
  C:0022H         LINE#         65
  -------         ENDPROC       _ASCII_LETTER
  -------         PROC          _ASCIITOBCD
  D:0001H         SYMBOL        ascii
  -------         DO            
  D:0007H         SYMBOL        dec_val
  D:0006H         SYMBOL        ten
  D:0007H         SYMBOL        unit
  -------         ENDDO         
  C:7C58H         LINE#         67
  C:7C58H         LINE#         68
  C:7C58H         LINE#         70
  C:7C5BH         LINE#         71
  C:7C61H         LINE#         72
  C:7C68H         LINE#         73
  C:7C6EH         LINE#         75
  -------         ENDPROC       _ASCIITOBCD
  -------         PROC          UART1_INITTCPCONN
  C:7DB1H         LINE#         77
  C:7DB1H         LINE#         78
  C:7DB1H         LINE#         82
  -------         ENDPROC       UART1_INITTCPCONN
  -------         PROC          _UART1_SENDTOTCPSERVER
  X:0408H         SYMBOL        str
  C:7B66H         LINE#         85
  C:7B71H         LINE#         86
  C:7B71H         LINE#         87
  C:7B7AH         LINE#         88
  C:7B81H         LINE#         89
  -------         ENDPROC       _UART1_SENDTOTCPSERVER
  -------         ENDMOD        UART1

  -------         MODULE        ?C_STARTUP
  C:741FH         SEGMENT       ?C_C51STARTUP
  I:0022H         SEGMENT       ?STACK
BL51 BANKED LINKER/LOCATER V6.22                                                      08/30/2019  12:14:30  PAGE 60


  C:0000H         PUBLIC        ?C_STARTUP
  D:00E0H         SYMBOL        ACC
  D:00F0H         SYMBOL        B
  D:0083H         SYMBOL        DPH
  D:0082H         SYMBOL        DPL
  N:0000H         SYMBOL        IBPSTACK
  N:0100H         SYMBOL        IBPSTACKTOP
  N:0080H         SYMBOL        IDATALEN
  C:7422H         SYMBOL        IDATALOOP
  N:0000H         SYMBOL        PBPSTACK
  N:0100H         SYMBOL        PBPSTACKTOP
  N:0000H         SYMBOL        PDATALEN
  N:0000H         SYMBOL        PDATASTART
  N:0000H         SYMBOL        PPAGE
  N:0000H         SYMBOL        PPAGEENABLE
  D:00A0H         SYMBOL        PPAGE_SFR
  D:0081H         SYMBOL        SP
  C:741FH         SYMBOL        STARTUP1
  N:0000H         SYMBOL        XBPSTACK
  N:0000H         SYMBOL        XBPSTACKTOP
  N:0000H         SYMBOL        XDATALEN
  N:0000H         SYMBOL        XDATASTART
  C:0000H         LINE#         126
  C:741FH         LINE#         133
  C:7421H         LINE#         134
  C:7422H         LINE#         135
  C:7423H         LINE#         136
  C:7425H         LINE#         185
  C:7428H         LINE#         196
  -------         ENDMOD        ?C_STARTUP

  -------         MODULE        ?C?FPADD
  C:2508H         PUBLIC        ?C?FPADD
  C:2504H         PUBLIC        ?C?FPSUB
  -------         ENDMOD        ?C?FPADD

  -------         MODULE        ?C?FPMUL
  C:25F9H         PUBLIC        ?C?FPMUL
  -------         ENDMOD        ?C?FPMUL

  -------         MODULE        ?C?FPDIV
  C:2702H         PUBLIC        ?C?FPDIV
  -------         ENDMOD        ?C?FPDIV

  -------         MODULE        ?C?FPCMP
  C:27A1H         PUBLIC        ?C?FPCMP
  C:279FH         PUBLIC        ?C?FPCMP3
  -------         ENDMOD        ?C?FPCMP

  -------         MODULE        ?C?FPNEG
  C:2818H         PUBLIC        ?C?FPNEG
  -------         ENDMOD        ?C?FPNEG

  -------         MODULE        ?C?FCAST
  C:2833H         PUBLIC        ?C?FCASTC
  C:282EH         PUBLIC        ?C?FCASTI
  C:2829H         PUBLIC        ?C?FCASTL
BL51 BANKED LINKER/LOCATER V6.22                                                      08/30/2019  12:14:30  PAGE 61


  -------         ENDMOD        ?C?FCAST

  -------         MODULE        ?C?CASTF
  C:2867H         PUBLIC        ?C?CASTF
  -------         ENDMOD        ?C?CASTF

  -------         MODULE        PRINTF
  X:04FDH         PUBLIC        ?_PRINTF?BYTE
  X:04FDH         PUBLIC        ?_SPRINTF?BYTE
  C:4C0DH         PUBLIC        _PRINTF
  C:4C07H         PUBLIC        _SPRINTF
  -------         ENDMOD        PRINTF

  -------         MODULE        FABS
  C:7D66H         PUBLIC        _FABS
  -------         ENDMOD        FABS

  -------         MODULE        ATAN2
  X:04AFH         PUBLIC        ?_atan2?BYTE
  C:724CH         PUBLIC        _atan2
  -------         ENDMOD        ATAN2

  -------         MODULE        SIN
  C:64ACH         PUBLIC        _COS
  C:64C2H         PUBLIC        _SIN
  C:64FEH         PUBLIC        _TAN
  -------         ENDMOD        SIN

  -------         MODULE        ACOS
  C:782BH         PUBLIC        _ACOS
  -------         ENDMOD        ACOS

  -------         MODULE        ASIN
  C:7939H         PUBLIC        _ASIN
  -------         ENDMOD        ASIN

  -------         MODULE        POW
  X:03BCH         PUBLIC        ?_pow?BYTE
  C:65ECH         PUBLIC        _pow
  -------         ENDMOD        POW

  -------         MODULE        ?C?CHKFLOAT
  C:28E8H         PUBLIC        ?C?CHKFLOAT
  -------         ENDMOD        ?C?CHKFLOAT

  -------         MODULE        ?C?FPROUND
  C:2902H         PUBLIC        ?C?FPROUND
  -------         ENDMOD        ?C?FPROUND

  -------         MODULE        ?C?FPCONVERT
  C:293FH         PUBLIC        ?C?FPCONVERT
  -------         ENDMOD        ?C?FPCONVERT

  -------         MODULE        EXP
  C:73BDH         PUBLIC        _EXP
  -------         ENDMOD        EXP

BL51 BANKED LINKER/LOCATER V6.22                                                      08/30/2019  12:14:30  PAGE 62


  -------         MODULE        LOG
  C:68DBH         PUBLIC        _LOG
  C:68D7H         PUBLIC        _LOG10
  -------         ENDMOD        LOG

  -------         MODULE        SQRT
  C:7103H         PUBLIC        _SQRT
  -------         ENDMOD        SQRT

  -------         MODULE        ATAN
  C:69F0H         PUBLIC        _ATAN
  -------         ENDMOD        ATAN

  -------         MODULE        ?C?FTNPWR
  C:2AC1H         PUBLIC        ?C?FTNPWR
  -------         ENDMOD        ?C?FTNPWR

  -------         MODULE        ?C?COPY
  C:2BD1H         PUBLIC        ?C?COPY
  -------         ENDMOD        ?C?COPY

  -------         MODULE        ?C?CLDPTR
  C:2BF7H         PUBLIC        ?C?CLDPTR
  -------         ENDMOD        ?C?CLDPTR

  -------         MODULE        ?C?CLDOPTR
  C:2C10H         PUBLIC        ?C?CLDOPTR
  -------         ENDMOD        ?C?CLDOPTR

  -------         MODULE        ?C?CSTPTR
  C:2C3DH         PUBLIC        ?C?CSTPTR
  -------         ENDMOD        ?C?CSTPTR

  -------         MODULE        ?C?IMUL
  C:2C4FH         PUBLIC        ?C?IMUL
  -------         ENDMOD        ?C?IMUL

  -------         MODULE        ?C?UIDIV
  C:2C61H         PUBLIC        ?C?UIDIV
  -------         ENDMOD        ?C?UIDIV

  -------         MODULE        ?C?SIDIV
  C:2CB6H         PUBLIC        ?C?SIDIV
  -------         ENDMOD        ?C?SIDIV

  -------         MODULE        ?C?ILDIX
  C:2CECH         PUBLIC        ?C?ILDIX
  -------         ENDMOD        ?C?ILDIX

  -------         MODULE        ?C?ILDOPTR
  C:2D02H         PUBLIC        ?C?ILDOPTR
  -------         ENDMOD        ?C?ILDOPTR

  -------         MODULE        ?C?ISTPTR
  C:2D3AH         PUBLIC        ?C?ISTPTR
  -------         ENDMOD        ?C?ISTPTR

BL51 BANKED LINKER/LOCATER V6.22                                                      08/30/2019  12:14:30  PAGE 63


  -------         MODULE        ?C?LMUL
  C:2D59H         PUBLIC        ?C?LMUL
  -------         ENDMOD        ?C?LMUL

  -------         MODULE        ?C?SLDIV
  C:7875H         PUBLIC        ?C?SLDIV
  -------         ENDMOD        ?C?SLDIV

  -------         MODULE        ?C?LNEG
  C:2DA8H         PUBLIC        ?C?LNEG
  -------         ENDMOD        ?C?LNEG

  -------         MODULE        ?C?ULCMP
  C:2DB6H         PUBLIC        ?C?ULCMP
  -------         ENDMOD        ?C?ULCMP

  -------         MODULE        ?C?LSHL
  C:2DC7H         PUBLIC        ?C?LSHL
  -------         ENDMOD        ?C?LSHL

  -------         MODULE        ?C?LLDPTR
  C:2DDAH         PUBLIC        ?C?LLDPTR
  -------         ENDMOD        ?C?LLDPTR

  -------         MODULE        ?C?LLDOPTR
  C:2DFAH         PUBLIC        ?C?LLDOPTR
  -------         ENDMOD        ?C?LLDOPTR

  -------         MODULE        ?C?LSTPTR
  C:2E2AH         PUBLIC        ?C?LSTPTR
  -------         ENDMOD        ?C?LSTPTR

  -------         MODULE        ?C?LSTOPTR
  C:2E44H         PUBLIC        ?C?LSTOPTR
  -------         ENDMOD        ?C?LSTOPTR

  -------         MODULE        ?C?LLDXDATA
  C:2E68H         PUBLIC        ?C?LLDXDATA
  -------         ENDMOD        ?C?LLDXDATA

  -------         MODULE        ?C?LLDCODE
  C:2E74H         PUBLIC        ?C?LLDCODE
  -------         ENDMOD        ?C?LLDCODE

  -------         MODULE        ?C?LLDXDATA0
  C:2E84H         PUBLIC        ?C?LLDXDATA0
  -------         ENDMOD        ?C?LLDXDATA0

  -------         MODULE        ?C?LLDCODE0
  C:2E90H         PUBLIC        ?C?LLDCODE0
  -------         ENDMOD        ?C?LLDCODE0

  -------         MODULE        ?C?LLDPTR0
  C:2EA0H         PUBLIC        ?C?LLDPTR0
  -------         ENDMOD        ?C?LLDPTR0

  -------         MODULE        ?C?LSTXDATA
BL51 BANKED LINKER/LOCATER V6.22                                                      08/30/2019  12:14:30  PAGE 64


  C:2EC0H         PUBLIC        ?C?LSTXDATA
  -------         ENDMOD        ?C?LSTXDATA

  -------         MODULE        ?C?LSTKXDATA
  C:2ECCH         PUBLIC        ?C?LSTKXDATA
  -------         ENDMOD        ?C?LSTKXDATA

  -------         MODULE        ?C?LSTKPTR
  C:2EFDH         PUBLIC        ?C?LSTKPTR
  -------         ENDMOD        ?C?LSTKPTR

  -------         MODULE        ?C?OFFXADD
  C:2F17H         PUBLIC        ?C?OFFXADD
  -------         ENDMOD        ?C?OFFXADD

  -------         MODULE        ?C?PLDIXDATA
  C:2F23H         PUBLIC        ?C?PLDIXDATA
  -------         ENDMOD        ?C?PLDIXDATA

  -------         MODULE        ?C?PSTXDATA
  C:2F3AH         PUBLIC        ?C?PSTXDATA
  -------         ENDMOD        ?C?PSTXDATA

  -------         MODULE        ?C?CCASE
  C:2F43H         PUBLIC        ?C?CCASE
  -------         ENDMOD        ?C?CCASE

  -------         MODULE        PUTCHAR
  C:7AF7H         PUBLIC        _PUTCHAR
  -------         ENDMOD        PUTCHAR

  -------         MODULE        ABS
  C:7D7FH         PUBLIC        _ABS
  -------         ENDMOD        ABS

  -------         MODULE        ATOI
  C:6DF9H         PUBLIC        _atoi
  -------         ENDMOD        ATOI

  -------         MODULE        ?C?IILDX
  C:2F69H         PUBLIC        ?C?IILDX
  -------         ENDMOD        ?C?IILDX

  -------         MODULE        ?C?ULDIV
  C:2FBBH         PUBLIC        ?C?ULDIV
  -------         ENDMOD        ?C?ULDIV

  -------         MODULE        ?C?LLDIDATA
  C:304DH         PUBLIC        ?C?LLDIDATA
  -------         ENDMOD        ?C?LLDIDATA

  -------         MODULE        ?C?LLDPDATA
  C:3059H         PUBLIC        ?C?LLDPDATA
  -------         ENDMOD        ?C?LLDPDATA

  -------         MODULE        ?C?LLDIDATA0
  C:3065H         PUBLIC        ?C?LLDIDATA0
BL51 BANKED LINKER/LOCATER V6.22                                                      08/30/2019  12:14:30  PAGE 65


  -------         ENDMOD        ?C?LLDIDATA0

  -------         MODULE        ?C?LLDPDATA0
  C:3072H         PUBLIC        ?C?LLDPDATA0
  -------         ENDMOD        ?C?LLDPDATA0

  -------         MODULE        ?C?LSTIDATA
  C:307FH         PUBLIC        ?C?LSTIDATA
  -------         ENDMOD        ?C?LSTIDATA

  -------         MODULE        ?C?LSTPDATA
  C:308BH         PUBLIC        ?C?LSTPDATA
  -------         ENDMOD        ?C?LSTPDATA

  -------         MODULE        ?C?LSTKIDATA
  C:3097H         PUBLIC        ?C?LSTKIDATA
  -------         ENDMOD        ?C?LSTKIDATA

  -------         MODULE        ?C?LSTKPDATA
  C:30B0H         PUBLIC        ?C?LSTKPDATA
  -------         ENDMOD        ?C?LSTKPDATA

  -------         MODULE        ISDIGIT
  C:7D3DH         PUBLIC        _isdigit
  -------         ENDMOD        ISDIGIT

  -------         MODULE        ISSPACE
  C:7CD8H         PUBLIC        _isspace
  -------         ENDMOD        ISSPACE

*** WARNING L16: UNCALLED SEGMENT, IGNORED FOR OVERLAY PROCESS
    SEGMENT: ?PR?_FINDCLOSESTSAMEDAYCALIBTIME?CALIBRATION

*** WARNING L16: UNCALLED SEGMENT, IGNORED FOR OVERLAY PROCESS
    SEGMENT: ?PR?NOP?IOEXPANDER_PI4IOE5V96248

*** WARNING L16: UNCALLED SEGMENT, IGNORED FOR OVERLAY PROCESS
    SEGMENT: ?PR?UC_ACK?IOEXPANDER_PI4IOE5V96248

*** WARNING L16: UNCALLED SEGMENT, IGNORED FOR OVERLAY PROCESS
    SEGMENT: ?PR?UC_NACK?IOEXPANDER_PI4IOE5V96248

*** WARNING L16: UNCALLED SEGMENT, IGNORED FOR OVERLAY PROCESS
    SEGMENT: ?PR?_TEN?UART1

*** WARNING L16: UNCALLED SEGMENT, IGNORED FOR OVERLAY PROCESS
    SEGMENT: ?PR?_UNIT?UART1

*** WARNING L16: UNCALLED SEGMENT, IGNORED FOR OVERLAY PROCESS
    SEGMENT: ?PR?_DECTOBCD?UART1

*** WARNING L16: UNCALLED SEGMENT, IGNORED FOR OVERLAY PROCESS
    SEGMENT: ?PR?_ASCII_LETTER?UART1

*** WARNING L16: UNCALLED SEGMENT, IGNORED FOR OVERLAY PROCESS
    SEGMENT: ?PR?_ASCIITOBCD?UART1

BL51 BANKED LINKER/LOCATER V6.22                                                      08/30/2019  12:14:30  PAGE 66


Program Size: data=15.4 xdata=1644 code=32200
LINK/LOCATE RUN COMPLETE.  9 WARNING(S),  0 ERROR(S)
