BL51 BANKED LINKER/LOCATER V6.22                                                        08/28/2019  16:51:57  PAGE 1


BL51 BANKED LINKER/LOCATER V6.22, INVOKED BY:
C:\KEIL_V5\C51\BIN\BL51.EXE .\Obj\main.obj, .\Obj\PCF85063BTL.obj, .\Obj\LCd_Driver_SPLC780D.obj, .\Obj\KeyPad.obj, .\Ob
>> j\BipolarMotor.obj, .\Obj\SunPos.obj, .\Obj\ADC.obj, .\Obj\Calibration.obj, .\Obj\IOExpander_PI4IOE5V96248.obj, .\Obj
>> \AT25SF041.obj, .\Obj\SI1120.obj, .\Obj\UART1.obj, .\Obj\STARTUP.obj TO .\Obj\GPIO_RTC_Test RTX51TINY PRINT (.\Lis\GP
>> IO_RTC_Test.m51) RAMSIZE (256)


MEMORY MODEL: LARGE WITH FLOATING POINT ARITHMETIC


INPUT MODULES INCLUDED:
  .\Obj\main.obj (MAIN)
  .\Obj\PCF85063BTL.obj (PCF85063BTL)
  .\Obj\LCd_Driver_SPLC780D.obj (LCD_DRIVER_SPLC780D)
  .\Obj\KeyPad.obj (KEYPAD)
  .\Obj\BipolarMotor.obj (BIPOLARMOTOR)
  .\Obj\SunPos.obj (SUNPOS)
  .\Obj\ADC.obj (ADC)
  .\Obj\Calibration.obj (CALIBRATION)
  .\Obj\IOExpander_PI4IOE5V96248.obj (IOEXPANDER_PI4IOE5V96248)
  .\Obj\AT25SF041.obj (AT25SF041)
  .\Obj\SI1120.obj (SI1120)
  .\Obj\UART1.obj (UART1)
  .\Obj\STARTUP.obj (?C_STARTUP)
  C:\KEIL_V5\C51\LIB\C51FPL.LIB (?C?FPADD)
  C:\KEIL_V5\C51\LIB\C51FPL.LIB (?C?FPMUL)
  C:\KEIL_V5\C51\LIB\C51FPL.LIB (?C?FPDIV)
  C:\KEIL_V5\C51\LIB\C51FPL.LIB (?C?FPCMP)
  C:\KEIL_V5\C51\LIB\C51FPL.LIB (?C?FPNEG)
  C:\KEIL_V5\C51\LIB\C51FPL.LIB (?C?FCAST)
  C:\KEIL_V5\C51\LIB\C51FPL.LIB (?C?CASTF)
  C:\KEIL_V5\C51\LIB\C51FPL.LIB (PRINTF)
  C:\KEIL_V5\C51\LIB\C51FPL.LIB (FABS)
  C:\KEIL_V5\C51\LIB\C51FPL.LIB (ATAN2)
  C:\KEIL_V5\C51\LIB\C51FPL.LIB (SIN)
  C:\KEIL_V5\C51\LIB\C51FPL.LIB (ACOS)
  C:\KEIL_V5\C51\LIB\C51FPL.LIB (ASIN)
  C:\KEIL_V5\C51\LIB\C51FPL.LIB (POW)
  C:\KEIL_V5\C51\LIB\C51FPL.LIB (?C?FPGETOPN)
  C:\KEIL_V5\C51\LIB\C51FPL.LIB (?C?CHKFLOAT)
  C:\KEIL_V5\C51\LIB\C51FPL.LIB (?C?FPROUND)
  C:\KEIL_V5\C51\LIB\C51FPL.LIB (?C?FPCONVERT)
  C:\KEIL_V5\C51\LIB\C51FPL.LIB (?C?FPSERIES)
  C:\KEIL_V5\C51\LIB\C51FPL.LIB (EXP)
  C:\KEIL_V5\C51\LIB\C51FPL.LIB (LOG)
  C:\KEIL_V5\C51\LIB\C51FPL.LIB (SQRT)
  C:\KEIL_V5\C51\LIB\C51FPL.LIB (ATAN)
  C:\KEIL_V5\C51\LIB\C51FPL.LIB (?C?FTNPWR)
  C:\KEIL_V5\C51\LIB\C51L.LIB (?C_INIT)
  C:\KEIL_V5\C51\LIB\C51L.LIB (?C?COPY)
  C:\KEIL_V5\C51\LIB\C51L.LIB (?C?CLDPTR)
  C:\KEIL_V5\C51\LIB\C51L.LIB (?C?CLDOPTR)
  C:\KEIL_V5\C51\LIB\C51L.LIB (?C?CSTPTR)
  C:\KEIL_V5\C51\LIB\C51L.LIB (?C?IMUL)
  C:\KEIL_V5\C51\LIB\C51L.LIB (?C?UIDIV)
  C:\KEIL_V5\C51\LIB\C51L.LIB (?C?SIDIV)
  C:\KEIL_V5\C51\LIB\C51L.LIB (?C?ILDIX)
  C:\KEIL_V5\C51\LIB\C51L.LIB (?C?ILDOPTR)
BL51 BANKED LINKER/LOCATER V6.22                                                      08/28/2019  16:51:57  PAGE 2


  C:\KEIL_V5\C51\LIB\C51L.LIB (?C?ISTPTR)
  C:\KEIL_V5\C51\LIB\C51L.LIB (?C?LMUL)
  C:\KEIL_V5\C51\LIB\C51L.LIB (?C?SLDIV)
  C:\KEIL_V5\C51\LIB\C51L.LIB (?C?LNEG)
  C:\KEIL_V5\C51\LIB\C51L.LIB (?C?ULCMP)
  C:\KEIL_V5\C51\LIB\C51L.LIB (?C?LSHL)
  C:\KEIL_V5\C51\LIB\C51L.LIB (?C?LLDPTR)
  C:\KEIL_V5\C51\LIB\C51L.LIB (?C?LLDOPTR)
  C:\KEIL_V5\C51\LIB\C51L.LIB (?C?LSTPTR)
  C:\KEIL_V5\C51\LIB\C51L.LIB (?C?LSTOPTR)
  C:\KEIL_V5\C51\LIB\C51L.LIB (?C?LLDXDATA)
  C:\KEIL_V5\C51\LIB\C51L.LIB (?C?LLDCODE)
  C:\KEIL_V5\C51\LIB\C51L.LIB (?C?LLDXDATA0)
  C:\KEIL_V5\C51\LIB\C51L.LIB (?C?LLDCODE0)
  C:\KEIL_V5\C51\LIB\C51L.LIB (?C?LLDPTR0)
  C:\KEIL_V5\C51\LIB\C51L.LIB (?C?LSTXDATA)
  C:\KEIL_V5\C51\LIB\C51L.LIB (?C?LSTKXDATA)
  C:\KEIL_V5\C51\LIB\C51L.LIB (?C?LSTKPTR)
  C:\KEIL_V5\C51\LIB\C51L.LIB (?C?OFFXADD)
  C:\KEIL_V5\C51\LIB\C51L.LIB (?C?PLDIXDATA)
  C:\KEIL_V5\C51\LIB\C51L.LIB (?C?PSTXDATA)
  C:\KEIL_V5\C51\LIB\C51L.LIB (?C?CCASE)
  C:\KEIL_V5\C51\LIB\C51L.LIB (PUTCHAR)
  C:\KEIL_V5\C51\LIB\C51L.LIB (ABS)
  C:\KEIL_V5\C51\LIB\C51L.LIB (ATOI)
  C:\KEIL_V5\C51\LIB\C51L.LIB (?C?IILDX)
  C:\KEIL_V5\C51\LIB\C51L.LIB (?C?ULDIV)
  C:\KEIL_V5\C51\LIB\C51L.LIB (?C?LLDIDATA)
  C:\KEIL_V5\C51\LIB\C51L.LIB (?C?LLDPDATA)
  C:\KEIL_V5\C51\LIB\C51L.LIB (?C?LLDIDATA0)
  C:\KEIL_V5\C51\LIB\C51L.LIB (?C?LLDPDATA0)
  C:\KEIL_V5\C51\LIB\C51L.LIB (?C?LSTIDATA)
  C:\KEIL_V5\C51\LIB\C51L.LIB (?C?LSTPDATA)
  C:\KEIL_V5\C51\LIB\C51L.LIB (?C?LSTKIDATA)
  C:\KEIL_V5\C51\LIB\C51L.LIB (?C?LSTKPDATA)
  C:\KEIL_V5\C51\LIB\C51L.LIB (ISDIGIT)
  C:\KEIL_V5\C51\LIB\C51L.LIB (ISSPACE)


LINK MAP OF MODULE:  .\Obj\GPIO_RTC_Test (MAIN)


            TYPE    BASE      LENGTH    RELOCATION   SEGMENT NAME
            -----------------------------------------------------

            * * * * * * *   D A T A   M E M O R Y   * * * * * * *
            REG     0000H     0008H     ABSOLUTE     "REG BANK 0"
            DATA    0008H     0005H     UNIT         _DATA_GROUP_
                    000DH     0013H                  *** GAP ***
            BIT     0020H.0   0001H.2   UNIT         _BIT_GROUP_
            BIT     0021H.2   0000H.1   UNIT         ?BI?MAIN
            BIT     0021H.3   0000H.1   UNIT         ?BI?_ATOI?ATOI
                    0021H.4   0000H.4                *** GAP ***
            IDATA   0022H     0001H     UNIT         ?STACK

            * * * * * * *  X D A T A   M E M O R Y  * * * * * * *
            XDATA   0000H     03BCH     UNIT         ?XD?BIPOLARMOTOR
BL51 BANKED LINKER/LOCATER V6.22                                                      08/28/2019  16:51:57  PAGE 3


            XDATA   03BCH     0171H     UNIT         _XDATA_GROUP_
            XDATA   052DH     011DH     UNIT         ?XD?MAIN
            XDATA   064AH     0019H     UNIT         ?XD?KEYPAD
            XDATA   0663H     0005H     UNIT         ?XD?_ATOI?ATOI
            XDATA   0668H     0001H     UNIT         ?XD?UC_ACK?IOEXPANDER_PI4IOE5V96248
            XDATA   0669H     0001H     UNIT         ?XD?UC_NACK?IOEXPANDER_PI4IOE5V96248

            * * * * * * *   C O D E   M E M O R Y   * * * * * * *
            CODE    0000H     0003H     ABSOLUTE     
            CODE    0003H     0003H     ABSOLUTE     
            CODE    0006H     0005H     UNIT         ?PR?_UNIT?UART1
            CODE    000BH     0003H     ABSOLUTE     
            CODE    000EH     000DH     UNIT         ?PR?UART?MAIN
            CODE    001BH     0003H     ABSOLUTE     
            CODE    001EH     0005H     UNIT         ?PR?_ASCII_LETTER?UART1
            CODE    0023H     0003H     ABSOLUTE     
            CODE    0026H     2477H     UNIT         ?PR?MAIN?MAIN
            CODE    249DH     0BC8H     UNIT         ?C?LIB_CODE
            CODE    3065H     07F7H     UNIT         ?PR?_FIND_REAL_MAX?CALIBRATION
            CODE    385CH     07A2H     UNIT         ?PR?SUNPOS?SUNPOS
            CODE    3FFEH     0645H     UNIT         ?PR?_UPDATE_POSITION?BIPOLARMOTOR
            CODE    4643H     04FBH     UNIT         ?PR?_THEORICALJP_POSITION?BIPOLARMOTOR
            CODE    4B3EH     0483H     UNIT         ?PR?PRINTF?PRINTF
            CODE    4FC1H     044AH     UNIT         ?PR?_AZIMUTH_CALCULATION?BIPOLARMOTOR
            CODE    540BH     041AH     UNIT         ?C_INITSEG
            CODE    5825H     038CH     UNIT         ?PR?KEY_PROCESS?KEYPAD
            CODE    5BB1H     036DH     UNIT         ?PR?_ELEVATION_CALCULATION?BIPOLARMOTOR
            CODE    5F1EH     01C7H     UNIT         ?PR?_CALIBRATION?CALIBRATION
            CODE    60E5H     018DH     UNIT         ?PR?KEY_SCAN?KEYPAD
            CODE    6272H     0189H     UNIT         ?PR?SPI_NOR_WRITE_DATA?AT25SF041
            CODE    63FBH     0188H     UNIT         ?PR?SIN?SIN
            CODE    6583H     0166H     UNIT         ?PR?_POW?POW
            CODE    66E9H     0155H     UNIT         ?PR?_DISPLAY_POS?LCD_DRIVER_SPLC780D
            CODE    683EH     0129H     UNIT         ?PR?LOG?LOG
            CODE    6967H     0122H     UNIT         ?PR?ATAN?ATAN
            CODE    6A89H     0110H     UNIT         ?PR?_AT25SF041_READ?AT25SF041
            CODE    6B99H     0102H     UNIT         ?PR?_AT25SF041_WRITE?AT25SF041
            CODE    6C9BH     00F5H     UNIT         ?PR?EXINT0?MAIN
            CODE    6D90H     00DBH     UNIT         ?PR?_ATOI?ATOI
            CODE    6E6BH     00C3H     UNIT         ?PR?LINEAR_INTERPOLATE?BIPOLARMOTOR
            CODE    6F2EH     00BBH     UNIT         ?PR?VOLTAGE_IS_STABLE?CALIBRATION
            CODE    6FE9H     00ADH     UNIT         ?PR?_WRITE_PI4IOE5V96248?IOEXPANDER_PI4IOE5V96248
            CODE    7096H     00ACH     UNIT         ?PR?SQRT?SQRT
            CODE    7142H     00A1H     UNIT         ?PR?UCREAD_STATUS_REGISTER_BYTE1?AT25SF041
            CODE    71E3H     009DH     UNIT         ?PR?_ATAN2?ATAN2
            CODE    7280H     009CH     UNIT         ?PR?_MAX_VALUE?CALIBRATION
            CODE    731CH     009AH     UNIT         ?PR?EXP?EXP
            CODE    73B6H     008CH     UNIT         ?C_C51STARTUP
            CODE    7442H     0088H     UNIT         ?PR?_DAY_OF_YEAR?PCF85063BTL
            CODE    74CAH     0079H     UNIT         ?PR?_WRITEDATA?LCD_DRIVER_SPLC780D
            CODE    7543H     0072H     UNIT         ?PR?AT25SF041_WRITEENABLE?AT25SF041
            CODE    75B5H     006FH     UNIT         ?PR?_READ_TIME?PCF85063BTL
            CODE    7624H     005AH     UNIT         ?PR?AT25SF041_CHIPERASE?AT25SF041
            CODE    767EH     0059H     UNIT         ?PR?LCD_INIT?LCD_DRIVER_SPLC780D
            CODE    76D7H     0056H     UNIT         ?CO?MAIN
            CODE    772DH     004BH     UNIT         ?CO?UART1
            CODE    7778H     004AH     UNIT         ?PR?VONESTEPMOVE?BIPOLARMOTOR
BL51 BANKED LINKER/LOCATER V6.22                                                      08/28/2019  16:51:57  PAGE 4


            CODE    77C2H     004AH     UNIT         ?PR?ACOS?ACOS
            CODE    780CH     0044H     UNIT         ?C?LDIV
            CODE    7850H     0040H     UNIT         ?PR?_COMMAND?LCD_DRIVER_SPLC780D
            CODE    7890H     0040H     UNIT         ?PR?_STEP_MOVE?BIPOLARMOTOR
            CODE    78D0H     003BH     UNIT         ?PR?ASIN?ASIN
            CODE    790BH     0033H     UNIT         ?PR?_SENDSTRING?UART1
            CODE    793EH     0031H     UNIT         ?PR?SI1120_CONFIG_MODE_VIRH?SI1120
            CODE    796FH     002BH     UNIT         ?PR?_WAIT_MS_I2C?IOEXPANDER_PI4IOE5V96248
            CODE    799AH     002BH     UNIT         ?PR?_WAIT_MS_SPINOR?AT25SF041
            CODE    79C5H     002AH     UNIT         ?PR?_ADC_GETRESULT?ADC
            CODE    79EFH     0028H     UNIT         ?PR?_BCDTODEC1?BIPOLARMOTOR
            CODE    7A17H     0028H     UNIT         ?PR?_MOVE?BIPOLARMOTOR
            CODE    7A3FH     0028H     UNIT         ?CO?CALIBRATION
            CODE    7A67H     0027H     UNIT         ?PR?_I2C_SENDBYTE?IOEXPANDER_PI4IOE5V96248
            CODE    7A8EH     0027H     UNIT         ?PR?PUTCHAR?PUTCHAR
            CODE    7AB5H     0025H     UNIT         ?PR?_FINDCLOSESTSAMEDAYCALIBTIME?CALIBRATION
            CODE    7ADAH     0024H     UNIT         ?PR?_WAIT_MS?LCD_DRIVER_SPLC780D
            CODE    7AFEH     0024H     UNIT         ?PR?_UART1_SENDTOTCPSERVER?UART1
            CODE    7B22H     0021H     UNIT         ?PR?TM0_ISR?MAIN
            CODE    7B43H     0020H     UNIT         ?PR?_SPI_SENDBYTE?PCF85063BTL
            CODE    7B63H     0020H     UNIT         ?PR?SPI_RECEIVEBYTE?PCF85063BTL
            CODE    7B83H     001EH     UNIT         ?PR?_DELAY_MS?KEYPAD
            CODE    7BA1H     001DH     UNIT         ?PR?_DISPLAYLCD?LCD_DRIVER_SPLC780D
            CODE    7BBEH     001AH     UNIT         ?PR?ADC_INIT?ADC
            CODE    7BD8H     0018H     UNIT         ?PR?_SPI_WRITETIME?PCF85063BTL
            CODE    7BF0H     0017H     UNIT         ?PR?_ASCIITOBCD?UART1
            CODE    7C07H     0016H     UNIT         ?PR?I2C_ACK?IOEXPANDER_PI4IOE5V96248
            CODE    7C1DH     0015H     UNIT         ?PR?_DISPLAY_LINE?LCD_DRIVER_SPLC780D
            CODE    7C32H     0015H     UNIT         ?PR?VSETLOCATION?BIPOLARMOTOR
            CODE    7C47H     0015H     UNIT         ?PR?I2C_STOP?IOEXPANDER_PI4IOE5V96248
            CODE    7C5CH     0014H     UNIT         ?PR?_PCF85063BTL_DELAY?PCF85063BTL
            CODE    7C70H     0014H     UNIT         ?PR?_ISSPACE?ISSPACE
            CODE    7C84H     0011H     UNIT         ?PR?_SPI_READTIME?PCF85063BTL
            CODE    7C95H     0011H     UNIT         ?PR?_BCDTODEC?PCF85063BTL
            CODE    7CA6H     0011H     UNIT         ?PR?INITUART1?UART1
            CODE    7CB7H     000FH     UNIT         ?PR?I2C_START?IOEXPANDER_PI4IOE5V96248
            CODE    7CC6H     000FH     UNIT         ?PR?UC_NACK?IOEXPANDER_PI4IOE5V96248
            CODE    7CD5H     000FH     UNIT         ?PR?_ISDIGIT?ISDIGIT
            CODE    7CE4H     000DH     UNIT         ?PR?SPI_INIT?PCF85063BTL
            CODE    7CF1H     000DH     UNIT         ?PR?ENABLE_EXTINT0?SI1120
            CODE    7CFEH     000DH     UNIT         ?PR?_FABS?FABS
            CODE    7D0BH     000CH     UNIT         ?PR?KEYPAD_IO_INIT?KEYPAD
            CODE    7D17H     000CH     UNIT         ?PR?_ABS?ABS
            CODE    7D23H     000AH     UNIT         ?PR?LCD_RETURN_HOME?LCD_DRIVER_SPLC780D
            CODE    7D2DH     000AH     UNIT         ?PR?LCD_CLEAR?LCD_DRIVER_SPLC780D
            CODE    7D37H     0009H     UNIT         ?PR?TM1_ISR?MAIN
            CODE    7D40H     0009H     UNIT         ?PR?_SENDUART1?MAIN
            CODE    7D49H     0009H     UNIT         ?PR?UART1_INITTCPCONN?UART1
            CODE    7D52H     0006H     UNIT         ?PR?UC_ACK?IOEXPANDER_PI4IOE5V96248
            CODE    7D58H     0006H     UNIT         ?PR?_TEN?UART1
            CODE    7D5EH     0001H     UNIT         ?PR?NOP?IOEXPANDER_PI4IOE5V96248
            CODE    7D5FH     0001H     UNIT         ?PR?_DECTOBCD?UART1



OVERLAY MAP OF MODULE:   .\Obj\GPIO_RTC_Test (MAIN)

BL51 BANKED LINKER/LOCATER V6.22                                                      08/28/2019  16:51:57  PAGE 5



SEGMENT                                             BIT_GROUP          DATA_GROUP          XDATA_GROUP
  +--> CALLED SEGMENT                            START    LENGTH     START    LENGTH     START    LENGTH
--------------------------------------------------------------------------------------------------------
?PR?EXINT0?MAIN                                  -----    -----      -----    -----      -----    -----
  +--> ?PR?_POW?POW

?PR?_POW?POW                                     -----    -----      -----    -----      03BCH    000AH
  +--> ?PR?LOG?LOG
  +--> ?PR?EXP?EXP

?PR?LOG?LOG                                      0020H.0  0000H.1    -----    -----      03C6H    0004H

*** NEW ROOT ***************************************************

?C_C51STARTUP                                    -----    -----      -----    -----      -----    -----
  +--> ?PR?MAIN?MAIN
  +--> ?C_INITSEG

?PR?MAIN?MAIN                                    -----    -----      -----    -----      03CAH    003EH
  +--> ?PR?LCD_INIT?LCD_DRIVER_SPLC780D
  +--> ?PR?SPI_INIT?PCF85063BTL
  +--> ?PR?KEYPAD_IO_INIT?KEYPAD
  +--> ?PR?ADC_INIT?ADC
  +--> ?PR?SI1120_CONFIG_MODE_VIRH?SI1120
  +--> ?PR?ENABLE_EXTINT0?SI1120
  +--> ?PR?VSETLOCATION?BIPOLARMOTOR
  +--> ?PR?_SPI_WRITETIME?PCF85063BTL
  +--> ?PR?_DELAY_MS?KEYPAD
  +--> ?PR?_DISPLAY_LINE?LCD_DRIVER_SPLC780D
  +--> ?PR?_WRITEDATA?LCD_DRIVER_SPLC780D
  +--> ?PR?INITUART1?UART1
  +--> ?PR?UART1_INITTCPCONN?UART1
  +--> ?CO?MAIN
  +--> ?PR?_UART1_SENDTOTCPSERVER?UART1
  +--> ?PR?KEY_PROCESS?KEYPAD
  +--> ?PR?_COMMAND?LCD_DRIVER_SPLC780D
  +--> ?PR?_DISPLAY_POS?LCD_DRIVER_SPLC780D
  +--> ?PR?_DISPLAYLCD?LCD_DRIVER_SPLC780D
  +--> ?PR?_STEP_MOVE?BIPOLARMOTOR
  +--> ?PR?LCD_RETURN_HOME?LCD_DRIVER_SPLC780D
  +--> ?PR?_READ_TIME?PCF85063BTL
  +--> ?PR?_BCDTODEC1?BIPOLARMOTOR
  +--> ?PR?_SENDSTRING?UART1
  +--> ?PR?_ELEVATION_CALCULATION?BIPOLARMOTOR
  +--> ?PR?_AZIMUTH_CALCULATION?BIPOLARMOTOR
  +--> ?PR?_THEORICALJP_POSITION?BIPOLARMOTOR
  +--> ?PR?PRINTF?PRINTF
  +--> ?PR?SIN?SIN
  +--> ?PR?_CALIBRATION?CALIBRATION
  +--> ?PR?_UPDATE_POSITION?BIPOLARMOTOR
  +--> ?PR?_AT25SF041_READ?AT25SF041
  +--> ?PR?_WAIT_MS_SPINOR?AT25SF041
  +--> ?PR?AT25SF041_WRITEENABLE?AT25SF041
  +--> ?PR?_AT25SF041_WRITE?AT25SF041
  +--> ?PR?_ABS?ABS
  +--> ?PR?_FABS?FABS
BL51 BANKED LINKER/LOCATER V6.22                                                      08/28/2019  16:51:57  PAGE 6


  +--> ?PR?_ADC_GETRESULT?ADC
  +--> ?PR?SPI_NOR_WRITE_DATA?AT25SF041
  +--> ?PR?_WAIT_MS?LCD_DRIVER_SPLC780D
  +--> ?PR?LINEAR_INTERPOLATE?BIPOLARMOTOR
  +--> ?PR?AT25SF041_CHIPERASE?AT25SF041
  +--> ?PR?LCD_CLEAR?LCD_DRIVER_SPLC780D

?PR?LCD_INIT?LCD_DRIVER_SPLC780D                 -----    -----      -----    -----      -----    -----
  +--> ?PR?_WAIT_MS?LCD_DRIVER_SPLC780D
  +--> ?PR?_COMMAND?LCD_DRIVER_SPLC780D

?PR?_COMMAND?LCD_DRIVER_SPLC780D                 -----    -----      -----    -----      -----    -----
  +--> ?PR?_WAIT_MS?LCD_DRIVER_SPLC780D

?PR?SI1120_CONFIG_MODE_VIRH?SI1120               -----    -----      -----    -----      -----    -----
  +--> ?PR?_WAIT_MS?LCD_DRIVER_SPLC780D

?PR?_SPI_WRITETIME?PCF85063BTL                   -----    -----      -----    -----      -----    -----
  +--> ?PR?_SPI_SENDBYTE?PCF85063BTL

?PR?_SPI_SENDBYTE?PCF85063BTL                    -----    -----      -----    -----      -----    -----
  +--> ?PR?_PCF85063BTL_DELAY?PCF85063BTL

?PR?_DISPLAY_LINE?LCD_DRIVER_SPLC780D            -----    -----      -----    -----      -----    -----
  +--> ?PR?_COMMAND?LCD_DRIVER_SPLC780D

?PR?_WRITEDATA?LCD_DRIVER_SPLC780D               -----    -----      -----    -----      0508H    0001H
  +--> ?PR?_WAIT_MS?LCD_DRIVER_SPLC780D

?PR?UART1_INITTCPCONN?UART1                      -----    -----      -----    -----      -----    -----
  +--> ?CO?UART1
  +--> ?PR?_SENDSTRING?UART1

?PR?_SENDSTRING?UART1                            -----    -----      -----    -----      04FDH    0003H
  +--> ?PR?_SENDUART1?MAIN

?PR?_UART1_SENDTOTCPSERVER?UART1                 -----    -----      -----    -----      0408H    0003H
  +--> ?CO?UART1
  +--> ?PR?_SENDSTRING?UART1
  +--> ?PR?_DELAY_MS?KEYPAD

?PR?KEY_PROCESS?KEYPAD                           -----    -----      -----    -----      0408H    0006H
  +--> ?PR?KEY_SCAN?KEYPAD
  +--> ?PR?_SPI_WRITETIME?PCF85063BTL
  +--> ?PR?LCD_CLEAR?LCD_DRIVER_SPLC780D
  +--> ?PR?_COMMAND?LCD_DRIVER_SPLC780D
  +--> ?PR?_WRITEDATA?LCD_DRIVER_SPLC780D

?PR?KEY_SCAN?KEYPAD                              -----    -----      -----    -----      040EH    0003H

?PR?LCD_CLEAR?LCD_DRIVER_SPLC780D                -----    -----      -----    -----      -----    -----
  +--> ?PR?_COMMAND?LCD_DRIVER_SPLC780D

?PR?_DISPLAY_POS?LCD_DRIVER_SPLC780D             -----    -----      -----    -----      04FDH    000BH
  +--> ?PR?_ABS?ABS
  +--> ?PR?_WRITEDATA?LCD_DRIVER_SPLC780D

BL51 BANKED LINKER/LOCATER V6.22                                                      08/28/2019  16:51:57  PAGE 7


?PR?_DISPLAYLCD?LCD_DRIVER_SPLC780D              -----    -----      -----    -----      0408H    0001H
  +--> ?PR?_WRITEDATA?LCD_DRIVER_SPLC780D

?PR?_STEP_MOVE?BIPOLARMOTOR                      0020H.2  0000H.1    -----    -----      0501H    0004H
  +--> ?PR?VONESTEPMOVE?BIPOLARMOTOR

?PR?VONESTEPMOVE?BIPOLARMOTOR                    0020H.3  0000H.1    -----    -----      -----    -----
  +--> ?PR?_WRITE_PI4IOE5V96248?IOEXPANDER_P...
  +--> ?PR?_DELAY_MS?KEYPAD

?PR?_WRITE_PI4IOE5V96248?IOEXPANDER_P...         -----    -----      -----    -----      0505H    0003H
  +--> ?PR?I2C_START?IOEXPANDER_PI4IOE5V96248
  +--> ?PR?_WAIT_MS_I2C?IOEXPANDER_PI4IOE5V9...
  +--> ?PR?_I2C_SENDBYTE?IOEXPANDER_PI4IOE5V...
  +--> ?PR?I2C_ACK?IOEXPANDER_PI4IOE5V96248
  +--> ?PR?I2C_STOP?IOEXPANDER_PI4IOE5V96248

?PR?I2C_START?IOEXPANDER_PI4IOE5V96248           -----    -----      -----    -----      -----    -----
  +--> ?PR?_WAIT_MS_I2C?IOEXPANDER_PI4IOE5V9...

?PR?_I2C_SENDBYTE?IOEXPANDER_PI4IOE5V...         -----    -----      -----    -----      -----    -----
  +--> ?PR?_WAIT_MS_I2C?IOEXPANDER_PI4IOE5V9...

?PR?I2C_ACK?IOEXPANDER_PI4IOE5V96248             -----    -----      -----    -----      0508H    0001H
  +--> ?PR?_WAIT_MS_I2C?IOEXPANDER_PI4IOE5V9...

?PR?I2C_STOP?IOEXPANDER_PI4IOE5V96248            -----    -----      -----    -----      -----    -----
  +--> ?PR?_WAIT_MS_I2C?IOEXPANDER_PI4IOE5V9...

?PR?LCD_RETURN_HOME?LCD_DRIVER_SPLC780D          -----    -----      -----    -----      -----    -----
  +--> ?PR?_COMMAND?LCD_DRIVER_SPLC780D

?PR?_READ_TIME?PCF85063BTL                       -----    -----      -----    -----      04FDH    000FH
  +--> ?PR?_SPI_READTIME?PCF85063BTL

?PR?_SPI_READTIME?PCF85063BTL                    -----    -----      -----    -----      -----    -----
  +--> ?PR?_SPI_SENDBYTE?PCF85063BTL
  +--> ?PR?SPI_RECEIVEBYTE?PCF85063BTL

?PR?SPI_RECEIVEBYTE?PCF85063BTL                  -----    -----      -----    -----      -----    -----
  +--> ?PR?_PCF85063BTL_DELAY?PCF85063BTL

?PR?_ELEVATION_CALCULATION?BIPOLARMOTOR          -----    -----      -----    -----      0408H    0005H
  +--> ?PR?_BCDTODEC1?BIPOLARMOTOR
  +--> ?PR?SUNPOS?SUNPOS
  +--> ?PR?SIN?SIN
  +--> ?PR?ASIN?ASIN

?PR?SUNPOS?SUNPOS                                -----    -----      -----    -----      0452H    005DH
  +--> ?PR?SIN?SIN
  +--> ?PR?_ATAN2?ATAN2
  +--> ?PR?ASIN?ASIN
  +--> ?PR?ACOS?ACOS

?PR?SIN?SIN                                      0020H.1  0000H.1    -----    -----      04AFH    0004H

?PR?_ATAN2?ATAN2                                 -----    -----      -----    -----      04AFH    0008H
BL51 BANKED LINKER/LOCATER V6.22                                                      08/28/2019  16:51:57  PAGE 8


  +--> ?PR?ATAN?ATAN

?PR?ATAN?ATAN                                    0020H.1  0000H.2    -----    -----      04B7H    0004H

?PR?ASIN?ASIN                                    -----    -----      -----    -----      -----    -----
  +--> ?PR?SQRT?SQRT
  +--> ?PR?ATAN?ATAN

?PR?SQRT?SQRT                                    -----    -----      -----    -----      04AFH    0004H

?PR?ACOS?ACOS                                    -----    -----      -----    -----      -----    -----
  +--> ?PR?SQRT?SQRT
  +--> ?PR?ATAN?ATAN

?PR?_AZIMUTH_CALCULATION?BIPOLARMOTOR            -----    -----      -----    -----      0408H    0009H
  +--> ?PR?_BCDTODEC1?BIPOLARMOTOR
  +--> ?PR?SUNPOS?SUNPOS
  +--> ?PR?SIN?SIN
  +--> ?PR?ASIN?ASIN

?PR?_THEORICALJP_POSITION?BIPOLARMOTOR           -----    -----      -----    -----      0452H    005CH
  +--> ?PR?LINEAR_INTERPOLATE?BIPOLARMOTOR

?PR?LINEAR_INTERPOLATE?BIPOLARMOTOR              -----    -----      -----    -----      04AEH    0014H

?PR?PRINTF?PRINTF                                0020H.1  0001H.1    0008H    0005H      04FDH    0030H
  +--> ?PR?PUTCHAR?PUTCHAR

?PR?_CALIBRATION?CALIBRATION                     -----    -----      -----    -----      0408H    0024H
  +--> ?PR?VOLTAGE_IS_STABLE?CALIBRATION
  +--> ?PR?_UPDATE_POSITION?BIPOLARMOTOR
  +--> ?PR?_FIND_REAL_MAX?CALIBRATION

?PR?VOLTAGE_IS_STABLE?CALIBRATION                -----    -----      -----    -----      042CH    0018H
  +--> ?PR?_ADC_GETRESULT?ADC
  +--> ?PR?_ABS?ABS

?PR?_UPDATE_POSITION?BIPOLARMOTOR                -----    -----      -----    -----      042CH    0026H
  +--> ?PR?_BCDTODEC1?BIPOLARMOTOR
  +--> ?PR?SUNPOS?SUNPOS
  +--> ?PR?SIN?SIN
  +--> ?PR?ASIN?ASIN
  +--> ?PR?_THEORICALJP_POSITION?BIPOLARMOTOR
  +--> ?PR?_FABS?FABS
  +--> ?PR?_MOVE?BIPOLARMOTOR

?PR?_MOVE?BIPOLARMOTOR                           0020H.1  0000H.1    -----    -----      04FDH    0004H
  +--> ?PR?_STEP_MOVE?BIPOLARMOTOR

?PR?_FIND_REAL_MAX?CALIBRATION                   -----    -----      -----    -----      042CH    00D1H
  +--> ?PR?_ADC_GETRESULT?ADC
  +--> ?PR?_WAIT_MS?LCD_DRIVER_SPLC780D
  +--> ?CO?CALIBRATION
  +--> ?PR?PRINTF?PRINTF
  +--> ?PR?_SENDSTRING?UART1
  +--> ?PR?_COMMAND?LCD_DRIVER_SPLC780D
  +--> ?PR?_WRITEDATA?LCD_DRIVER_SPLC780D
BL51 BANKED LINKER/LOCATER V6.22                                                      08/28/2019  16:51:57  PAGE 9


  +--> ?PR?_DISPLAY_POS?LCD_DRIVER_SPLC780D
  +--> ?PR?_MOVE?BIPOLARMOTOR
  +--> ?PR?_READ_TIME?PCF85063BTL
  +--> ?PR?_BCDTODEC1?BIPOLARMOTOR
  +--> ?PR?_MAX_VALUE?CALIBRATION

?PR?_MAX_VALUE?CALIBRATION                       -----    -----      -----    -----      04FDH    0004H

?PR?_AT25SF041_READ?AT25SF041                    -----    -----      -----    -----      0408H    0008H
  +--> ?PR?_WAIT_MS_SPINOR?AT25SF041
  +--> ?PR?UCREAD_STATUS_REGISTER_BYTE1?AT25...

?PR?UCREAD_STATUS_REGISTER_BYTE1?AT25...         -----    -----      -----    -----      041EH    0003H
  +--> ?PR?_WAIT_MS_SPINOR?AT25SF041

?PR?AT25SF041_WRITEENABLE?AT25SF041              -----    -----      -----    -----      0416H    0002H
  +--> ?PR?_WAIT_MS_SPINOR?AT25SF041
  +--> ?PR?UCREAD_STATUS_REGISTER_BYTE1?AT25...

?PR?_AT25SF041_WRITE?AT25SF041                   -----    -----      -----    -----      0416H    0008H
  +--> ?PR?_WAIT_MS_SPINOR?AT25SF041
  +--> ?PR?UCREAD_STATUS_REGISTER_BYTE1?AT25...

?PR?SPI_NOR_WRITE_DATA?AT25SF041                 -----    -----      -----    -----      0408H    000EH
  +--> ?PR?AT25SF041_WRITEENABLE?AT25SF041
  +--> ?PR?_AT25SF041_WRITE?AT25SF041
  +--> ?PR?_WAIT_MS_SPINOR?AT25SF041

?PR?AT25SF041_CHIPERASE?AT25SF041                -----    -----      -----    -----      0408H    0002H
  +--> ?PR?_WAIT_MS_SPINOR?AT25SF041
  +--> ?PR?UCREAD_STATUS_REGISTER_BYTE1?AT25...



SYMBOL TABLE OF MODULE:  .\Obj\GPIO_RTC_Test (MAIN)

  VALUE           TYPE          NAME
  ----------------------------------

  -------         MODULE        MAIN
  C:0000H         SYMBOL        _ICE_DUMMY_
  X:0535H         PUBLIC        calib_value
  D:0080H         PUBLIC        P0
  D:0090H         PUBLIC        P1
  D:00A0H         PUBLIC        P2
  D:00B0H         PUBLIC        P3
  D:00C0H         PUBLIC        P4
  D:00C8H         PUBLIC        P5
  X:0589H         SYMBOL        PressedKey
  B:00A8H.7       PUBLIC        EA
  D:00E8H         PUBLIC        P6
  X:058DH         PUBLIC        calib_stamp
  D:00F8H         PUBLIC        P7
  X:058EH         PUBLIC        sTempString
  X:0597H         PUBLIC        calib_bool
  X:05C1H         PUBLIC        pwm_time_min
  D:00A8H         PUBLIC        IE
BL51 BANKED LINKER/LOCATER V6.22                                                      08/28/2019  16:51:57  PAGE 10


  X:05C5H         PUBLIC        calib_time
  X:0619H         PUBLIC        pwm_time_max
  B:0090H.7       PUBLIC        Connect_Electronics_Load
  D:00B8H         PUBLIC        IP
  B:0098H.0       PUBLIC        RI
  B:00B0H.2       PUBLIC        INT0
  X:061DH         PUBLIC        months
  B:0098H.1       PUBLIC        TI
  C:000EH         PUBLIC        Uart
  D:00D8H         PUBLIC        CCON
  C:0026H         PUBLIC        main
  X:061EH         PUBLIC        found_1st_point
  X:0620H         PUBLIC        i_point1
  X:0622H         PUBLIC        i_point2
  X:0624H         PUBLIC        count
  B:0090H.2       PUBLIC        Connect_IV_Load
  D:0099H         PUBLIC        SBUF
  X:0626H         PUBLIC        days
  X:0627H         PUBLIC        hours
  D:0098H         PUBLIC        SCON
  D:0089H         PUBLIC        TMOD
  D:0088H         PUBLIC        TCON
  B:00A0H.3       PUBLIC        P23
  X:0628H         SYMBOL        KeyCount
  X:062AH         PUBLIC        mins
  B:00C8H.5       PUBLIC        P55
  X:062BH         PUBLIC        diff_of_offset
  D:008EH         PUBLIC        AUXR
  C:7B22H         PUBLIC        tm0_isr
  B:0090H.5       PUBLIC        SI1120_STX
  C:7D37H         PUBLIC        tm1_isr
  B:0021H.2       PUBLIC        busy
  D:00E0H         PUBLIC        ACC
  B:00A8H.1       PUBLIC        ET0
  B:00A8H.3       PUBLIC        ET1
  X:062FH         PUBLIC        SPI_NOR_INTERNAL_FLASH_ADDR
  D:008CH         PUBLIC        TH0
  D:008DH         PUBLIC        TH1
  D:008AH         PUBLIC        TL0
  D:008BH         PUBLIC        TL1
  X:0633H         PUBLIC        ii
  X:0635H         PUBLIC        jj
  B:0088H.4       PUBLIC        TR0
  B:0088H.6       PUBLIC        TR1
  X:0637H         PUBLIC        old_mins
  C:6C9BH         PUBLIC        exint0
  X:0638H         SYMBOL        KeyNum
  X:0639H         SYMBOL        KeyNum_Old
  X:063AH         PUBLIC        timer0_count
  X:063CH         PUBLIC        current_position
  X:0640H         PUBLIC        pwm_time
  X:0644H         PUBLIC        i
  X:0646H         PUBLIC        j
  X:0648H         PUBLIC        start_timer0_count
  X:0649H         PUBLIC        seconds
  D:00D0H         PUBLIC        PSW
  C:7D40H         PUBLIC        _SendUART1
BL51 BANKED LINKER/LOCATER V6.22                                                      08/28/2019  16:51:57  PAGE 11


  -------         PROC          TM0_ISR
  C:7B22H         LINE#         110
  C:7B28H         LINE#         114
  C:7B2BH         LINE#         115
  C:7B2EH         LINE#         116
  C:7B3CH         LINE#         117
  -------         ENDPROC       TM0_ISR
  -------         PROC          TM1_ISR
  C:7D37H         LINE#         118
  C:7D37H         LINE#         120
  C:7D39H         LINE#         122
  C:7D3CH         LINE#         123
  C:7D3FH         LINE#         124
  -------         ENDPROC       TM1_ISR
  -------         PROC          EXINT0
  C:6C9BH         LINE#         125
  C:6CB8H         LINE#         129
  C:6CBBH         LINE#         130
  C:6CBBH         LINE#         131
  C:6CBEH         LINE#         132
  C:6CC1H         LINE#         133
  C:6CC3H         LINE#         134
  C:6CC5H         LINE#         138
  C:6CC8H         LINE#         141
  C:6CC8H         LINE#         142
  C:6CCAH         LINE#         144
  C:6CD6H         LINE#         145
  C:6D30H         LINE#         146
  C:6D6EH         LINE#         147
  C:6D75H         LINE#         152
  C:6D75H         LINE#         154
  -------         ENDPROC       EXINT0
  -------         PROC          MAIN
  -------         DO            
  X:052DH         SYMBOL        KeyCount
  X:052FH         SYMBOL        KeyNum_Old
  X:0530H         SYMBOL        KeyNum
  X:0531H         SYMBOL        PressedKey
  X:03CAH         SYMBOL        prox_flag
  X:03CBH         SYMBOL        iUse_prevday_calib_value
  X:03CDH         SYMBOL        max_ADC_Val_JP
  X:03CFH         SYMBOL        max_ADC_Val
  X:03D1H         SYMBOL        calib_point1
  X:03D9H         SYMBOL        calib_point2
  X:03E1H         SYMBOL        dat_to_store
  X:03ECH         SYMBOL        calib_day
  X:03EEH         SYMBOL        calib_count
  X:03F0H         SYMBOL        theorical_JP_max_pos
  X:03F4H         SYMBOL        elevation
  X:03F8H         SYMBOL        azimuth
  X:03FCH         SYMBOL        prev_elevation
  X:0400H         SYMBOL        prev_azimuth
  X:0404H         SYMBOL        JP_Pos_Offset
  -------         ENDDO         
  C:0026H         LINE#         156
  C:0026H         LINE#         157
  C:0026H         LINE#         162
BL51 BANKED LINKER/LOCATER V6.22                                                      08/28/2019  16:51:57  PAGE 12


  C:002CH         LINE#         163
  C:0031H         LINE#         165
  C:0039H         LINE#         169
  C:003FH         LINE#         170
  C:005DH         LINE#         181
  C:0065H         LINE#         182
  C:006CH         LINE#         183
  C:0072H         LINE#         185
  C:0078H         LINE#         197
  C:007BH         LINE#         198
  C:007EH         LINE#         199
  C:0081H         LINE#         201
  C:0084H         LINE#         204
  C:0087H         LINE#         205
  C:008AH         LINE#         207
  C:008DH         LINE#         209
  C:0090H         LINE#         210
  C:0093H         LINE#         211
  C:0096H         LINE#         212
  C:0098H         LINE#         213
  C:009AH         LINE#         214
  C:009DH         LINE#         215
  C:009FH         LINE#         216
  C:00A1H         LINE#         218
  C:00A3H         LINE#         219
  C:00AAH         LINE#         220
  C:00B1H         LINE#         221
  C:00B8H         LINE#         222
  C:00BFH         LINE#         226
  C:00C6H         LINE#         227
  C:00CBH         LINE#         228
  C:00D0H         LINE#         229
  C:00D5H         LINE#         230
  C:00DAH         LINE#         231
  C:00DFH         LINE#         234
  C:00E6H         LINE#         235
  C:00E6H         LINE#         236
  C:0109H         LINE#         237
  C:0153H         LINE#         238
  C:0168H         LINE#         239
  C:0185H         LINE#         240
  C:0188H         LINE#         243
  C:018FH         LINE#         246
  C:0192H         LINE#         248
  C:0199H         LINE#         249
  C:01A2H         LINE#         252
  C:01A2H         LINE#         253
  C:01A2H         LINE#         254
  C:01A5H         LINE#         264
  C:01A5H         LINE#         268
  C:01AAH         LINE#         269
  C:01AFH         LINE#         271
  C:01B4H         LINE#         273
  C:01B9H         LINE#         274
  C:01BEH         LINE#         277
  C:01CFH         LINE#         279
  C:01D4H         LINE#         280
BL51 BANKED LINKER/LOCATER V6.22                                                      08/28/2019  16:51:57  PAGE 13


  C:01D9H         LINE#         282
  C:01E0H         LINE#         283
  C:01E8H         LINE#         284
  C:01EDH         LINE#         285
  C:01F5H         LINE#         286
  C:01FAH         LINE#         287
  C:0204H         LINE#         288
  C:0209H         LINE#         289
  C:0211H         LINE#         291
  C:0219H         LINE#         292
  C:021EH         LINE#         293
  C:0228H         LINE#         294
  C:0228H         LINE#         295
  C:022AH         LINE#         296
  C:022CH         LINE#         297
  C:0236H         LINE#         298
  C:0236H         LINE#         299
  C:023BH         LINE#         300
  C:023BH         LINE#         312
  C:024FH         LINE#         313
  C:024FH         LINE#         314
  C:0264H         LINE#         315
  C:0273H         LINE#         316
  C:0273H         LINE#         317
  C:0286H         LINE#         318
  C:0288H         LINE#         320
  C:0288H         LINE#         321
  C:02A4H         LINE#         322
  C:02A4H         LINE#         323
  C:02A9H         LINE#         324
  C:02A9H         LINE#         325
  C:02BDH         LINE#         326
  C:02BDH         LINE#         329
  C:02D2H         LINE#         330
  C:02E1H         LINE#         331
  C:02E1H         LINE#         332
  C:02F4H         LINE#         333
  C:02F6H         LINE#         335
  C:02F6H         LINE#         336
  C:0312H         LINE#         337
  C:0312H         LINE#         338
  C:0317H         LINE#         339
  C:031DH         LINE#         340
  C:031DH         LINE#         342
  C:033FH         LINE#         343
  C:033FH         LINE#         344
  C:0349H         LINE#         345
  C:034FH         LINE#         346
  C:0356H         LINE#         347
  C:035CH         LINE#         348
  C:0363H         LINE#         349
  C:0363H         LINE#         350
  C:0366H         LINE#         352
  C:0366H         LINE#         357
  C:036EH         LINE#         358
  C:03A9H         LINE#         359
  C:03C7H         LINE#         360
BL51 BANKED LINKER/LOCATER V6.22                                                      08/28/2019  16:51:57  PAGE 14


  C:03C7H         LINE#         362
  C:03D0H         LINE#         363
  C:03D7H         LINE#         364
  C:03E0H         LINE#         365
  C:03E7H         LINE#         367
  C:03E7H         LINE#         371
  C:03F4H         LINE#         372
  C:03F4H         LINE#         379
  C:03F4H         LINE#         380
  C:041CH         LINE#         381
  C:041CH         LINE#         382
  C:043EH         LINE#         383
  C:043EH         LINE#         385
  C:0464H         LINE#         386
  C:048AH         LINE#         388
  C:04AFH         LINE#         389
  C:04D4H         LINE#         390
  C:0537H         LINE#         392
  C:058DH         LINE#         393
  C:0596H         LINE#         394
  C:059DH         LINE#         395
  C:05A6H         LINE#         396
  C:05AFH         LINE#         397
  C:05B6H         LINE#         401
  C:05F3H         LINE#         409
  C:05F3H         LINE#         411
  C:066FH         LINE#         412
  C:0688H         LINE#         413
  C:068AH         LINE#         414
  C:068CH         LINE#         416
  C:0716H         LINE#         421
  C:0744H         LINE#         422
  C:0744H         LINE#         424
  C:077AH         LINE#         425
  C:079DH         LINE#         426
  C:07B2H         LINE#         427
  C:07BCH         LINE#         429
  C:07BFH         LINE#         431
  C:07BFH         LINE#         432
  C:07E5H         LINE#         433
  C:07E5H         LINE#         434
  C:080DH         LINE#         435
  C:08BCH         LINE#         436
  C:08E2H         LINE#         437
  C:0994H         LINE#         440
  C:0994H         LINE#         442
  C:099BH         LINE#         443
  C:099EH         LINE#         446
  C:09D3H         LINE#         447
  C:09DAH         LINE#         448
  C:09DDH         LINE#         450
  C:0A17H         LINE#         451
  C:0A43H         LINE#         453
  C:0A72H         LINE#         455
  C:0A79H         LINE#         456
  C:0A80H         LINE#         457
  C:0A83H         LINE#         460
BL51 BANKED LINKER/LOCATER V6.22                                                      08/28/2019  16:51:57  PAGE 15


  C:0AEBH         LINE#         462
  C:0AF2H         LINE#         464
  C:0AF9H         LINE#         465
  C:0AFCH         LINE#         468
  C:0BBBH         LINE#         470
  C:0BC2H         LINE#         471
  C:0BC2H         LINE#         473
  C:0BC5H         LINE#         475
  C:0BC5H         LINE#         477
  C:0BCCH         LINE#         478
  C:0BCCH         LINE#         479
  C:0BCFH         LINE#         480
  C:0BEDH         LINE#         481
  C:0BF4H         LINE#         482
  C:0C13H         LINE#         483
  C:0C32H         LINE#         485
  C:0CAEH         LINE#         486
  C:0CC6H         LINE#         488
  C:0CC8H         LINE#         489
  C:0CCAH         LINE#         490
  C:0D22H         LINE#         491
  C:0D5DH         LINE#         492
  C:0D6AH         LINE#         493
  C:0D79H         LINE#         497
  C:0D79H         LINE#         499
  C:0D81H         LINE#         500
  C:0D89H         LINE#         501
  C:0D91H         LINE#         502
  C:0D99H         LINE#         504
  C:0DADH         LINE#         505
  C:0DC3H         LINE#         506
  C:0DF3H         LINE#         507
  C:0E13H         LINE#         509
  C:0E27H         LINE#         510
  C:0E3DH         LINE#         511
  C:0E6DH         LINE#         512
  C:0E74H         LINE#         514
  C:0E98H         LINE#         517
  C:0EC3H         LINE#         519
  C:0ECCH         LINE#         520
  C:0ED3H         LINE#         521
  C:0EDCH         LINE#         522
  C:0EE5H         LINE#         523
  C:0EECH         LINE#         525
  C:0F29H         LINE#         527
  C:0F32H         LINE#         528
  C:0F39H         LINE#         529
  C:0F42H         LINE#         530
  C:0F4BH         LINE#         531
  C:0F52H         LINE#         533
  C:0F7DH         LINE#         535
  C:0F86H         LINE#         536
  C:0F8DH         LINE#         537
  C:0F96H         LINE#         538
  C:0F9FH         LINE#         539
  C:0FA6H         LINE#         541
  C:0FD1H         LINE#         543
BL51 BANKED LINKER/LOCATER V6.22                                                      08/28/2019  16:51:57  PAGE 16


  C:0FDAH         LINE#         544
  C:0FE1H         LINE#         545
  C:0FEAH         LINE#         546
  C:0FF1H         LINE#         547
  C:0FFAH         LINE#         548
  C:1001H         LINE#         550
  C:1003H         LINE#         552
  C:1011H         LINE#         553
  C:1011H         LINE#         554
  C:1019H         LINE#         557
  C:1019H         LINE#         558
  C:1019H         LINE#         560
  C:103EH         LINE#         561
  C:103EH         LINE#         562
  C:1060H         LINE#         563
  C:1060H         LINE#         564
  C:10DCH         LINE#         565
  C:10DEH         LINE#         566
  C:10E0H         LINE#         568
  C:1138H         LINE#         571
  C:1147H         LINE#         572
  C:1147H         LINE#         573
  C:1147H         LINE#         574
  C:1147H         LINE#         575
  C:1147H         LINE#         576
  C:1147H         LINE#         577
  C:1147H         LINE#         578
  C:1147H         LINE#         581
  C:1147H         LINE#         583
  C:1147H         LINE#         584
  C:1147H         LINE#         585
  C:1147H         LINE#         586
  C:1147H         LINE#         590
  C:1147H         LINE#         592
  C:1147H         LINE#         594
  C:1147H         LINE#         595
  C:1147H         LINE#         596
  C:1147H         LINE#         597
  C:1147H         LINE#         598
  C:1147H         LINE#         599
  C:1147H         LINE#         602
  C:1147H         LINE#         604
  C:1147H         LINE#         605
  C:1147H         LINE#         606
  C:1147H         LINE#         607
  C:1147H         LINE#         608
  C:1147H         LINE#         609
  C:1147H         LINE#         610
  C:1147H         LINE#         612
  C:114AH         LINE#         615
  C:1171H         LINE#         616
  C:1171H         LINE#         619
  C:1193H         LINE#         620
  C:1193H         LINE#         622
  C:120FH         LINE#         624
  C:123CH         LINE#         625
  C:1257H         LINE#         631
BL51 BANKED LINKER/LOCATER V6.22                                                      08/28/2019  16:51:57  PAGE 17


  C:1259H         LINE#         632
  C:125BH         LINE#         640
  C:1288H         LINE#         642
  C:12AFH         LINE#         643
  C:1323H         LINE#         645
  C:13AFH         LINE#         649
  C:13D2H         LINE#         650
  C:13D2H         LINE#         651
  C:146EH         LINE#         652
  C:1471H         LINE#         654
  C:1471H         LINE#         655
  C:1499H         LINE#         656
  C:150DH         LINE#         658
  C:1588H         LINE#         665
  C:1635H         LINE#         670
  C:163CH         LINE#         671
  C:164DH         LINE#         673
  C:164DH         LINE#         676
  C:165CH         LINE#         677
  C:165CH         LINE#         678
  C:16DAH         LINE#         679
  C:16E3H         LINE#         680
  C:16EAH         LINE#         681
  C:16F3H         LINE#         682
  C:16FCH         LINE#         683
  C:1703H         LINE#         686
  C:172EH         LINE#         688
  C:1737H         LINE#         689
  C:173EH         LINE#         690
  C:1747H         LINE#         691
  C:1750H         LINE#         695
  C:1757H         LINE#         697
  C:1782H         LINE#         699
  C:178BH         LINE#         700
  C:1792H         LINE#         701
  C:179BH         LINE#         702
  C:17A2H         LINE#         704
  C:17ABH         LINE#         705
  C:17B2H         LINE#         708
  C:17F0H         LINE#         710
  C:17F9H         LINE#         711
  C:1800H         LINE#         712
  C:1809H         LINE#         713
  C:1812H         LINE#         714
  C:1819H         LINE#         715
  C:1819H         LINE#         717
  C:1819H         LINE#         719
  C:1819H         LINE#         720
  C:1819H         LINE#         722
  C:1819H         LINE#         726
  C:1835H         LINE#         727
  C:1835H         LINE#         728
  C:1837H         LINE#         731
  C:183AH         LINE#         733
  C:1868H         LINE#         734
  C:1868H         LINE#         735
  C:186AH         LINE#         737
BL51 BANKED LINKER/LOCATER V6.22                                                      08/28/2019  16:51:57  PAGE 18


  C:1879H         LINE#         738
  C:1879H         LINE#         740
  C:187CH         LINE#         742
  C:187FH         LINE#         743
  C:1886H         LINE#         745
  C:18A2H         LINE#         746
  C:18A2H         LINE#         747
  C:18BFH         LINE#         748
  C:18BFH         LINE#         749
  C:18C5H         LINE#         750
  C:18C8H         LINE#         753
  C:18FDH         LINE#         754
  C:1904H         LINE#         755
  C:1907H         LINE#         757
  C:1941H         LINE#         758
  C:1957H         LINE#         760
  C:1970H         LINE#         762
  C:1977H         LINE#         763
  C:197EH         LINE#         764
  C:1981H         LINE#         767
  C:19D6H         LINE#         769
  C:19DDH         LINE#         771
  C:19E4H         LINE#         772
  C:19E7H         LINE#         775
  C:1A93H         LINE#         777
  C:1A9AH         LINE#         778
  C:1A9AH         LINE#         779
  C:1AABH         LINE#         781
  C:1AABH         LINE#         785
  C:1AB2H         LINE#         786
  C:1AB2H         LINE#         789
  C:1AC1H         LINE#         790
  C:1AC1H         LINE#         791
  C:1AF3H         LINE#         792
  C:1AF3H         LINE#         793
  C:1B72H         LINE#         795
  C:1B79H         LINE#         796
  C:1B7CH         LINE#         798
  C:1BB6H         LINE#         799
  C:1BCCH         LINE#         801
  C:1BE5H         LINE#         803
  C:1BECH         LINE#         804
  C:1BF3H         LINE#         805
  C:1BF6H         LINE#         807
  C:1C4BH         LINE#         808
  C:1C52H         LINE#         810
  C:1C59H         LINE#         811
  C:1C5CH         LINE#         813
  C:1D08H         LINE#         814
  C:1D0FH         LINE#         816
  C:1D16H         LINE#         817
  C:1D19H         LINE#         819
  C:1D3DH         LINE#         820
  C:1D44H         LINE#         821
  C:1D55H         LINE#         824
  C:1D69H         LINE#         825
  C:1D7DH         LINE#         826
BL51 BANKED LINKER/LOCATER V6.22                                                      08/28/2019  16:51:57  PAGE 19


  C:1D8CH         LINE#         827
  C:1D8CH         LINE#         829
  C:1DB8H         LINE#         830
  C:1DB8H         LINE#         831
  C:1DE5H         LINE#         838
  C:1E00H         LINE#         841
  C:1E0FH         LINE#         842
  C:1E12H         LINE#         845
  C:1E42H         LINE#         846
  C:1E42H         LINE#         848
  C:1E6FH         LINE#         854
  C:1E8AH         LINE#         857
  C:1E9AH         LINE#         858
  C:1EA0H         LINE#         859
  C:1EB4H         LINE#         860
  C:1EC8H         LINE#         861
  C:1ED0H         LINE#         862
  C:1EDDH         LINE#         863
  C:1EDDH         LINE#         864
  C:1F01H         LINE#         865
  C:1F01H         LINE#         866
  C:1F4BH         LINE#         867
  C:1F52H         LINE#         868
  C:1F55H         LINE#         871
  C:1F79H         LINE#         873
  C:1F80H         LINE#         874
  C:1F83H         LINE#         876
  C:1FB6H         LINE#         877
  C:1FD5H         LINE#         879
  C:1FF7H         LINE#         881
  C:1FFEH         LINE#         883
  C:2005H         LINE#         884
  C:2008H         LINE#         886
  C:205DH         LINE#         887
  C:2064H         LINE#         889
  C:206BH         LINE#         890
  C:206EH         LINE#         892
  C:211AH         LINE#         893
  C:2121H         LINE#         894
  C:2132H         LINE#         895
  C:2132H         LINE#         896
  C:2132H         LINE#         900
  C:2154H         LINE#         901
  C:2161H         LINE#         902
  C:2161H         LINE#         903
  C:2184H         LINE#         904
  C:2184H         LINE#         905
  C:21D4H         LINE#         906
  C:21D4H         LINE#         907
  C:21DBH         LINE#         908
  C:21DEH         LINE#         910
  C:2218H         LINE#         911
  C:222EH         LINE#         913
  C:2247H         LINE#         915
  C:224EH         LINE#         916
  C:2255H         LINE#         917
  C:2258H         LINE#         919
BL51 BANKED LINKER/LOCATER V6.22                                                      08/28/2019  16:51:57  PAGE 20


  C:22ADH         LINE#         920
  C:22B4H         LINE#         922
  C:22BBH         LINE#         923
  C:22BEH         LINE#         925
  C:236AH         LINE#         926
  C:2371H         LINE#         928
  C:2378H         LINE#         929
  C:237BH         LINE#         931
  C:239FH         LINE#         932
  C:23A6H         LINE#         933
  C:23A6H         LINE#         934
  C:23B7H         LINE#         935
  C:23B7H         LINE#         936
  C:23B7H         LINE#         937
  C:23E1H         LINE#         938
  C:23E1H         LINE#         941
  C:23E8H         LINE#         942
  C:23EFH         LINE#         944
  C:23F5H         LINE#         945
  C:23F5H         LINE#         946
  C:2418H         LINE#         947
  C:242DH         LINE#         949
  C:2447H         LINE#         951
  C:2447H         LINE#         954
  C:2456H         LINE#         955
  C:2456H         LINE#         956
  C:2459H         LINE#         957
  C:2460H         LINE#         958
  C:2465H         LINE#         959
  C:246AH         LINE#         960
  C:246FH         LINE#         961
  C:2474H         LINE#         962
  C:2479H         LINE#         972
  C:247CH         LINE#         974
  C:247FH         LINE#         975
  C:2486H         LINE#         976
  C:2490H         LINE#         977
  C:2497H         LINE#         979
  C:249AH         LINE#         988
  C:249AH         LINE#         989
  -------         ENDPROC       MAIN
  -------         PROC          UART
  C:000EH         LINE#         1003
  C:000EH         LINE#         1005
  C:0011H         LINE#         1006
  C:0011H         LINE#         1007
  C:0013H         LINE#         1009
  C:0013H         LINE#         1010
  C:0016H         LINE#         1011
  C:0016H         LINE#         1012
  C:0018H         LINE#         1013
  C:001AH         LINE#         1014
  C:001AH         LINE#         1015
  -------         ENDPROC       UART
  -------         PROC          _SENDUART1
  D:0007H         SYMBOL        dat
  C:7D40H         LINE#         1017
BL51 BANKED LINKER/LOCATER V6.22                                                      08/28/2019  16:51:57  PAGE 21


  C:7D40H         LINE#         1018
  C:7D40H         LINE#         1019
  C:7D43H         LINE#         1020
  C:7D45H         LINE#         1021
  C:7D46H         LINE#         1022
  C:7D48H         LINE#         1023
  -------         ENDPROC       _SENDUART1
  -------         ENDMOD        MAIN

  -------         MODULE        PCF85063BTL
  C:0000H         SYMBOL        _ICE_DUMMY_
  D:0096H         PUBLIC        P2M0
  D:0080H         PUBLIC        P0
  D:0095H         PUBLIC        P2M1
  D:0090H         PUBLIC        P1
  D:00A0H         PUBLIC        P2
  D:00B0H         PUBLIC        P3
  D:00C0H         PUBLIC        P4
  D:00C8H         PUBLIC        P5
  D:00E8H         PUBLIC        P6
  B:00A0H.1       PUBLIC        PCF85063BTL_SDI
  D:00F8H         PUBLIC        P7
  B:00A0H.2       PUBLIC        PCF85063BTL_SCK
  B:00A0H.1       PUBLIC        PCF85063BTL_SDO
  D:00A8H         PUBLIC        IE
  C:75B5H         PUBLIC        _Read_time
  C:7C62H         PUBLIC        _PCF85063BTL_Delay
  D:00B8H         PUBLIC        IP
  D:00D8H         PUBLIC        CCON
  C:7442H         PUBLIC        _Day_Of_Year
  C:7B63H         PUBLIC        SPI_ReceiveByte
  D:0098H         PUBLIC        SCON
  D:0088H         PUBLIC        TCON
  C:7C95H         PUBLIC        _BCDtoDec
  B:00A0H.0       PUBLIC        PCF85063BTL_CS
  C:7C84H         PUBLIC        _SPI_ReadTime
  C:7CE4H         PUBLIC        SPI_Init
  C:7BD8H         PUBLIC        _SPI_WriteTime
  C:7B43H         PUBLIC        _SPI_SendByte
  D:00D0H         PUBLIC        PSW
  C:7C5EH         SYMBOL        L?0048
  -------         PROC          L?0047
  -------         ENDPROC       L?0047
  C:7C5EH         SYMBOL        L?0048
  -------         PROC          _PCF85063BTL_DELAY
  D:0006H         SYMBOL        us
  C:7C62H         LINE#         8
  C:7C62H         LINE#         9
  C:7C62H         LINE#         10
  C:7C6CH         LINE#         11
  C:7C6CH         LINE#         12
  C:7C6DH         LINE#         13
  C:7C6FH         LINE#         14
  -------         ENDPROC       _PCF85063BTL_DELAY
  -------         PROC          _SPI_SENDBYTE
  D:0005H         SYMBOL        dat
  -------         DO            
BL51 BANKED LINKER/LOCATER V6.22                                                      08/28/2019  16:51:57  PAGE 22


  D:0003H         SYMBOL        i
  -------         ENDDO         
  C:7B43H         LINE#         17
  C:7B45H         LINE#         18
  C:7B45H         LINE#         20
  C:7B47H         LINE#         21
  C:7B47H         LINE#         22
  C:7B49H         LINE#         23
  C:7B4DH         LINE#         24
  C:7B4DH         LINE#         25
  C:7B4FH         LINE#         26
  C:7B51H         LINE#         28
  C:7B51H         LINE#         29
  C:7B53H         LINE#         30
  C:7B53H         LINE#         31
  C:7B56H         LINE#         32
  C:7B56H         LINE#         33
  C:7B59H         LINE#         34
  C:7B5DH         LINE#         35
  C:7B62H         LINE#         36
  -------         ENDPROC       _SPI_SENDBYTE
  -------         PROC          SPI_RECEIVEBYTE
  -------         DO            
  D:0003H         SYMBOL        i
  D:0005H         SYMBOL        dat
  -------         ENDDO         
  C:7B63H         LINE#         39
  C:7B63H         LINE#         40
  C:7B63H         LINE#         42
  C:7B65H         LINE#         44
  C:7B67H         LINE#         45
  C:7B68H         LINE#         46
  C:7B68H         LINE#         47
  C:7B6CH         LINE#         48
  C:7B6EH         LINE#         49
  C:7B71H         LINE#         51
  C:7B74H         LINE#         52
  C:7B74H         LINE#         53
  C:7B78H         LINE#         54
  C:7B78H         LINE#         55
  C:7B78H         LINE#         56
  C:7B7BH         LINE#         57
  C:7B80H         LINE#         58
  C:7B82H         LINE#         59
  -------         ENDPROC       SPI_RECEIVEBYTE
  -------         PROC          _SPI_READTIME
  D:0007H         SYMBOL        addr
  -------         DO            
  D:0006H         SYMBOL        dat
  -------         ENDDO         
  C:7C84H         LINE#         61
  C:7C84H         LINE#         62
  C:7C84H         LINE#         64
  C:7C86H         LINE#         65
  C:7C88H         LINE#         66
  C:7C8FH         LINE#         67
  C:7C92H         LINE#         68
BL51 BANKED LINKER/LOCATER V6.22                                                      08/28/2019  16:51:57  PAGE 23


  C:7C94H         LINE#         69
  C:7C94H         LINE#         70
  -------         ENDPROC       _SPI_READTIME
  -------         PROC          _SPI_WRITETIME
  D:0002H         SYMBOL        val
  D:0005H         SYMBOL        addr
  C:7BD8H         LINE#         71
  C:7BDAH         LINE#         72
  C:7BDAH         LINE#         74
  C:7BDCH         LINE#         75
  C:7BE3H         LINE#         76
  C:7BE8H         LINE#         77
  C:7BEDH         LINE#         78
  C:7BEFH         LINE#         79
  -------         ENDPROC       _SPI_WRITETIME
  -------         PROC          SPI_INIT
  C:7CE4H         LINE#         83
  C:7CE4H         LINE#         84
  C:7CE4H         LINE#         89
  C:7CE7H         LINE#         90
  C:7CEAH         LINE#         91
  C:7CECH         LINE#         92
  C:7CEEH         LINE#         93
  C:7CF0H         LINE#         94
  -------         ENDPROC       SPI_INIT
  -------         PROC          _READ_TIME
  X:04FDH         SYMBOL        months
  X:0500H         SYMBOL        days
  X:0503H         SYMBOL        hours
  X:0506H         SYMBOL        mins
  X:0509H         SYMBOL        seconds
  C:75B5H         LINE#         96
  C:75C0H         LINE#         97
  C:75C0H         LINE#         99
  C:75D4H         LINE#         101
  C:75E8H         LINE#         103
  C:75FCH         LINE#         108
  C:7610H         LINE#         113
  -------         ENDPROC       _READ_TIME
  -------         PROC          _BCDTODEC
  D:0007H         SYMBOL        bcd
  -------         DO            
  D:0006H         SYMBOL        hi
  D:0007H         SYMBOL        lo
  -------         ENDDO         
  C:7C95H         LINE#         119
  C:7C95H         LINE#         120
  C:7C95H         LINE#         122
  C:7C9AH         LINE#         123
  C:7C9EH         LINE#         124
  C:7CA5H         LINE#         125
  -------         ENDPROC       _BCDTODEC
  -------         PROC          _DAY_OF_YEAR
  D:0007H         SYMBOL        months_bcd
  D:0005H         SYMBOL        days_bcd
  -------         DO            
  D:0004H         SYMBOL        months
BL51 BANKED LINKER/LOCATER V6.22                                                      08/28/2019  16:51:57  PAGE 24


  D:0007H         SYMBOL        days
  -------         ENDDO         
  C:7442H         LINE#         126
  C:7442H         LINE#         127
  C:7442H         LINE#         130
  C:7447H         LINE#         132
  C:744CH         LINE#         134
  C:7485H         LINE#         135
  C:7485H         LINE#         136
  C:7485H         LINE#         137
  C:7488H         LINE#         138
  C:7488H         LINE#         139
  C:7488H         LINE#         140
  C:748DH         LINE#         141
  C:748DH         LINE#         142
  C:748DH         LINE#         143
  C:7492H         LINE#         144
  C:7492H         LINE#         145
  C:7492H         LINE#         146
  C:7497H         LINE#         147
  C:7497H         LINE#         148
  C:7497H         LINE#         149
  C:749CH         LINE#         150
  C:749CH         LINE#         151
  C:749CH         LINE#         152
  C:74A1H         LINE#         153
  C:74A1H         LINE#         154
  C:74A1H         LINE#         155
  C:74A6H         LINE#         156
  C:74A6H         LINE#         157
  C:74A6H         LINE#         158
  C:74ABH         LINE#         159
  C:74ABH         LINE#         160
  C:74ABH         LINE#         161
  C:74B3H         LINE#         162
  C:74B3H         LINE#         163
  C:74B3H         LINE#         164
  C:74B8H         LINE#         165
  C:74B8H         LINE#         166
  C:74B8H         LINE#         167
  C:74BDH         LINE#         168
  C:74BDH         LINE#         169
  C:74BDH         LINE#         170
  C:74C6H         LINE#         171
  C:74C6H         LINE#         172
  C:74C6H         LINE#         173
  C:74C9H         LINE#         174
  C:74C9H         LINE#         175
  -------         ENDPROC       _DAY_OF_YEAR
  -------         ENDMOD        PCF85063BTL

  -------         MODULE        LCD_DRIVER_SPLC780D
  C:0000H         SYMBOL        _ICE_DUMMY_
  D:0092H         PUBLIC        P1M0
  D:0091H         PUBLIC        P1M1
  D:0080H         PUBLIC        P0
  D:0090H         PUBLIC        P1
BL51 BANKED LINKER/LOCATER V6.22                                                      08/28/2019  16:51:57  PAGE 25


  D:00A0H         PUBLIC        P2
  D:00B0H         PUBLIC        P3
  D:00C0H         PUBLIC        P4
  D:00C8H         PUBLIC        P5
  D:00E8H         PUBLIC        P6
  D:00F8H         PUBLIC        P7
  C:74CEH         PUBLIC        _WriteData
  D:00A8H         PUBLIC        IE
  D:00B8H         PUBLIC        IP
  D:00D8H         PUBLIC        CCON
  B:00B0H.4       PUBLIC        LCD_D4
  B:00B0H.5       PUBLIC        LCD_D5
  B:00B0H.6       PUBLIC        LCD_D6
  C:7BA1H         PUBLIC        _DisplayLCD
  B:00B0H.7       PUBLIC        LCD_D7
  D:0098H         PUBLIC        SCON
  D:0088H         PUBLIC        TCON
  C:7D2DH         PUBLIC        LCD_clear
  C:7850H         PUBLIC        _Command
  C:7C1DH         PUBLIC        _Display_Line
  C:767EH         PUBLIC        LCD_Init
  C:7AE0H         PUBLIC        _Wait_ms
  B:00C0H.0       PUBLIC        LCD_RS
  B:0090H.3       PUBLIC        LCD_RW
  C:7D23H         PUBLIC        LCD_return_home
  C:66E9H         PUBLIC        _Display_Pos
  B:00B0H.3       PUBLIC        LCD_E
  D:00D0H         PUBLIC        PSW
  -------         PROC          LCD_INIT
  C:767EH         LINE#         9
  C:767EH         LINE#         10
  C:767EH         LINE#         11
  C:7681H         LINE#         12
  C:7684H         LINE#         14
  C:768AH         LINE#         15
  C:768FH         LINE#         17
  C:7696H         LINE#         18
  C:769BH         LINE#         20
  C:769EH         LINE#         21
  C:76A3H         LINE#         23
  C:76A6H         LINE#         24
  C:76ABH         LINE#         26
  C:76B2H         LINE#         29
  C:76B7H         LINE#         30
  C:76BCH         LINE#         32
  C:76C1H         LINE#         33
  C:76C6H         LINE#         35
  C:76CBH         LINE#         36
  C:76D0H         LINE#         37
  -------         ENDPROC       LCD_INIT
  C:74CAH         SYMBOL        L?0035
  -------         PROC          L?0034
  -------         ENDPROC       L?0034
  C:74CAH         SYMBOL        L?0035
  -------         PROC          _WRITEDATA
  X:0508H         SYMBOL        dat
  C:74CEH         LINE#         40
BL51 BANKED LINKER/LOCATER V6.22                                                      08/28/2019  16:51:57  PAGE 26


  C:74D3H         LINE#         41
  C:74D3H         LINE#         46
  C:74D5H         LINE#         47
  C:74D7H         LINE#         49
  C:74E5H         LINE#         50
  C:74F1H         LINE#         51
  C:74FDH         LINE#         52
  C:7507H         LINE#         53
  C:7509H         LINE#         54
  C:7510H         LINE#         55
  C:7512H         LINE#         57
  C:7522H         LINE#         58
  C:752DH         LINE#         59
  C:7537H         LINE#         60
  C:753BH         LINE#         62
  C:753BH         LINE#         63
  C:753EH         LINE#         64
  C:7540H         LINE#         65
  C:7542H         LINE#         67
  -------         ENDPROC       _WRITEDATA
  -------         PROC          _COMMAND
  D:0007H         SYMBOL        dat
  C:7850H         LINE#         69
  C:7850H         LINE#         70
  C:7850H         LINE#         71
  C:7852H         LINE#         72
  C:7854H         LINE#         74
  C:785EH         LINE#         75
  C:7862H         LINE#         77
  C:7864H         LINE#         78
  C:786DH         LINE#         79
  C:7871H         LINE#         81
  C:7873H         LINE#         82
  C:787AH         LINE#         83
  C:787EH         LINE#         85
  C:7880H         LINE#         86
  C:7884H         LINE#         87
  C:7888H         LINE#         89
  C:788AH         LINE#         90
  C:788AH         LINE#         91
  C:788DH         LINE#         92
  C:788FH         LINE#         93
  -------         ENDPROC       _COMMAND
  C:7ADCH         SYMBOL        L?0037
  -------         PROC          L?0036
  -------         ENDPROC       L?0036
  C:7ADCH         SYMBOL        L?0037
  -------         PROC          _WAIT_MS
  D:0006H         SYMBOL        ms
  -------         DO            
  D:0004H         SYMBOL        De_Cnt
  -------         ENDDO         
  C:7AE0H         LINE#         95
  C:7AE0H         LINE#         96
  C:7AE0H         LINE#         98
  C:7AEAH         LINE#         99
  C:7AEAH         LINE#         100
BL51 BANKED LINKER/LOCATER V6.22                                                      08/28/2019  16:51:57  PAGE 27


  C:7AFDH         LINE#         101
  C:7AFDH         LINE#         102
  -------         ENDPROC       _WAIT_MS
  -------         PROC          _DISPLAYLCD
  D:0007H         SYMBOL        BCD
  -------         DO            
  D:0006H         SYMBOL        first_digit
  X:0408H         SYMBOL        second_digit
  -------         ENDDO         
  C:7BA1H         LINE#         103
  C:7BA1H         LINE#         104
  C:7BA1H         LINE#         106
  C:7BA8H         LINE#         107
  C:7BB1H         LINE#         109
  C:7BB6H         LINE#         111
  -------         ENDPROC       _DISPLAYLCD
  -------         PROC          LCD_RETURN_HOME
  C:7D23H         LINE#         115
  C:7D23H         LINE#         116
  C:7D23H         LINE#         117
  C:7D28H         LINE#         118
  -------         ENDPROC       LCD_RETURN_HOME
  -------         PROC          LCD_CLEAR
  C:7D2DH         LINE#         121
  C:7D2DH         LINE#         122
  C:7D2DH         LINE#         123
  C:7D32H         LINE#         124
  -------         ENDPROC       LCD_CLEAR
  -------         PROC          _DISPLAY_LINE
  D:0006H         SYMBOL        line
  C:7C1DH         LINE#         128
  C:7C1DH         LINE#         129
  C:7C1DH         LINE#         130
  C:7C23H         LINE#         131
  C:7C23H         LINE#         132
  C:7C25H         LINE#         133
  C:7C25H         LINE#         134
  C:7C27H         LINE#         136
  C:7C27H         LINE#         137
  C:7C2CH         LINE#         138
  C:7C31H         LINE#         139
  C:7C31H         LINE#         140
  -------         ENDPROC       _DISPLAY_LINE
  -------         PROC          _DISPLAY_POS
  X:04FDH         SYMBOL        sign_dat
  -------         DO            
  X:0501H         SYMBOL        unit
  X:0502H         SYMBOL        ten
  X:0503H         SYMBOL        hundred
  X:0504H         SYMBOL        thousand
  X:0505H         SYMBOL        after_dot
  X:0506H         SYMBOL        dat
  -------         ENDDO         
  C:66E9H         LINE#         142
  C:66EFH         LINE#         143
  C:66EFH         LINE#         147
  C:670BH         LINE#         148
BL51 BANKED LINKER/LOCATER V6.22                                                      08/28/2019  16:51:57  PAGE 28


  C:6725H         LINE#         149
  C:6749H         LINE#         151
  C:6793H         LINE#         153
  C:67AAH         LINE#         154
  C:67BCH         LINE#         155
  C:67E1H         LINE#         156
  C:67FBH         LINE#         157
  C:6813H         LINE#         158
  C:6813H         LINE#         159
  C:6813H         LINE#         160
  C:6813H         LINE#         161
  C:6813H         LINE#         162
  C:6813H         LINE#         163
  C:6813H         LINE#         164
  C:6813H         LINE#         168
  C:6815H         LINE#         170
  C:6815H         LINE#         172
  C:681AH         LINE#         173
  C:6820H         LINE#         174
  C:6826H         LINE#         175
  C:682CH         LINE#         176
  C:6832H         LINE#         177
  C:6837H         LINE#         178
  C:683DH         LINE#         182
  C:683DH         LINE#         184
  -------         ENDPROC       _DISPLAY_POS
  -------         ENDMOD        LCD_DRIVER_SPLC780D

  -------         MODULE        KEYPAD
  C:0000H         SYMBOL        _ICE_DUMMY_
  D:0093H         PUBLIC        P0M1
  D:0080H         PUBLIC        P0
  D:0090H         PUBLIC        P1
  D:00A0H         PUBLIC        P2
  D:00B0H         PUBLIC        P3
  D:00C0H         PUBLIC        P4
  D:00C8H         PUBLIC        P5
  D:00E8H         PUBLIC        P6
  D:00F8H         PUBLIC        P7
  D:00A8H         PUBLIC        IE
  C:60E5H         PUBLIC        Key_Scan
  D:00B8H         PUBLIC        IP
  D:00D8H         PUBLIC        CCON
  C:7D0BH         PUBLIC        KeyPad_IO_Init
  C:7B83H         PUBLIC        _Delay_ms
  D:0098H         PUBLIC        SCON
  D:0088H         PUBLIC        TCON
  X:0659H         PUBLIC        small_move
  X:065BH         PUBLIC        move
  X:065DH         PUBLIC        auto_mode
  X:065FH         PUBLIC        direction
  X:0661H         PUBLIC        SPI_NOR_ClearEnable
  C:5825H         PUBLIC        Key_Process
  D:00D0H         PUBLIC        PSW
  D:0094H         PUBLIC        P0M0
  -------         PROC          _DELAY_MS
  D:0006H         SYMBOL        ms
BL51 BANKED LINKER/LOCATER V6.22                                                      08/28/2019  16:51:57  PAGE 29


  -------         DO            
  D:0004H         SYMBOL        De_Cnt
  -------         ENDDO         
  C:7B83H         LINE#         20
  C:7B83H         LINE#         21
  C:7B83H         LINE#         23
  C:7B8DH         LINE#         24
  C:7B8DH         LINE#         25
  C:7BA0H         LINE#         26
  C:7BA0H         LINE#         27
  -------         ENDPROC       _DELAY_MS
  -------         PROC          KEY_SCAN
  -------         DO            
  X:040EH         SYMBOL        KeyTemp1
  X:040FH         SYMBOL        KeyTemp2
  X:0410H         SYMBOL        KeyValue
  -------         ENDDO         
  C:60E5H         LINE#         28
  C:60E5H         LINE#         29
  C:60E5H         LINE#         34
  C:60E8H         LINE#         37
  C:60EBH         LINE#         39
  C:60F3H         LINE#         40
  C:60FAH         LINE#         41
  C:60FAH         LINE#         43
  C:60FFH         LINE#         44
  C:6106H         LINE#         45
  C:6106H         LINE#         48
  C:6109H         LINE#         49
  C:610CH         LINE#         50
  C:6111H         LINE#         51
  C:6115H         LINE#         52
  C:6115H         LINE#         53
  C:611DH         LINE#         54
  C:611DH         LINE#         55
  C:6120H         LINE#         56
  C:6128H         LINE#         57
  C:612AH         LINE#         59
  C:613EH         LINE#         60
  C:613EH         LINE#         61
  C:613EH         LINE#         62
  C:613EH         LINE#         63
  C:6144H         LINE#         65
  C:6146H         LINE#         66
  C:6146H         LINE#         67
  C:6146H         LINE#         68
  C:614CH         LINE#         70
  C:614EH         LINE#         71
  C:614EH         LINE#         72
  C:614EH         LINE#         73
  C:6154H         LINE#         75
  C:6156H         LINE#         76
  C:6156H         LINE#         77
  C:6156H         LINE#         78
  C:615CH         LINE#         80
  C:615CH         LINE#         81
  C:615CH         LINE#         82
BL51 BANKED LINKER/LOCATER V6.22                                                      08/28/2019  16:51:57  PAGE 30


  C:615CH         LINE#         85
  C:615FH         LINE#         86
  C:6162H         LINE#         87
  C:616AH         LINE#         88
  C:616EH         LINE#         89
  C:616EH         LINE#         90
  C:6176H         LINE#         91
  C:6176H         LINE#         92
  C:6179H         LINE#         93
  C:6181H         LINE#         94
  C:6183H         LINE#         95
  C:6197H         LINE#         96
  C:6197H         LINE#         97
  C:6197H         LINE#         98
  C:6197H         LINE#         99
  C:619DH         LINE#         101
  C:619FH         LINE#         102
  C:619FH         LINE#         103
  C:619FH         LINE#         104
  C:61A5H         LINE#         106
  C:61A7H         LINE#         107
  C:61A7H         LINE#         108
  C:61A7H         LINE#         109
  C:61ADH         LINE#         111
  C:61AFH         LINE#         112
  C:61AFH         LINE#         113
  C:61AFH         LINE#         114
  C:61B4H         LINE#         116
  C:61B4H         LINE#         117
  C:61B4H         LINE#         118
  C:61B4H         LINE#         121
  C:61B7H         LINE#         122
  C:61BAH         LINE#         123
  C:61C2H         LINE#         124
  C:61C6H         LINE#         125
  C:61C6H         LINE#         126
  C:61CEH         LINE#         127
  C:61CEH         LINE#         128
  C:61D1H         LINE#         129
  C:61D9H         LINE#         130
  C:61DBH         LINE#         131
  C:61EFH         LINE#         132
  C:61EFH         LINE#         133
  C:61EFH         LINE#         134
  C:61EFH         LINE#         135
  C:61F5H         LINE#         137
  C:61F7H         LINE#         138
  C:61F7H         LINE#         139
  C:61F7H         LINE#         140
  C:61FDH         LINE#         142
  C:61FFH         LINE#         143
  C:61FFH         LINE#         144
  C:61FFH         LINE#         145
  C:6205H         LINE#         147
  C:6207H         LINE#         148
  C:6207H         LINE#         149
  C:6207H         LINE#         150
BL51 BANKED LINKER/LOCATER V6.22                                                      08/28/2019  16:51:57  PAGE 31


  C:620DH         LINE#         152
  C:620DH         LINE#         153
  C:620DH         LINE#         154
  C:620DH         LINE#         158
  C:6210H         LINE#         159
  C:6213H         LINE#         160
  C:621BH         LINE#         161
  C:621FH         LINE#         162
  C:621FH         LINE#         163
  C:6227H         LINE#         164
  C:6227H         LINE#         165
  C:622AH         LINE#         166
  C:6232H         LINE#         167
  C:6234H         LINE#         168
  C:6248H         LINE#         169
  C:6248H         LINE#         170
  C:6248H         LINE#         171
  C:6248H         LINE#         172
  C:624EH         LINE#         174
  C:6250H         LINE#         175
  C:6250H         LINE#         176
  C:6250H         LINE#         177
  C:6256H         LINE#         179
  C:6258H         LINE#         180
  C:6258H         LINE#         181
  C:6258H         LINE#         182
  C:625EH         LINE#         184
  C:6260H         LINE#         185
  C:6260H         LINE#         186
  C:6260H         LINE#         187
  C:6266H         LINE#         189
  C:6266H         LINE#         190
  C:6266H         LINE#         191
  C:6266H         LINE#         193
  C:626CH         LINE#         194
  C:626CH         LINE#         196
  C:626CH         LINE#         197
  C:626FH         LINE#         198
  C:626FH         LINE#         199
  C:626FH         LINE#         201
  C:626FH         LINE#         202
  C:6271H         LINE#         203
  C:6271H         LINE#         204
  -------         ENDPROC       KEY_SCAN
  -------         PROC          KEY_PROCESS
  -------         DO            
  X:064AH         SYMBOL        KeyCount
  X:064BH         SYMBOL        KeyNum_Old
  X:064DH         SYMBOL        KeyNum
  X:064FH         SYMBOL        PressedKey
  X:0408H         SYMBOL        d
  D:0002H         SYMBOL        hours
  D:0006H         SYMBOL        mins
  X:040AH         SYMBOL        months
  X:040CH         SYMBOL        days
  -------         ENDDO         
  C:5825H         LINE#         205
BL51 BANKED LINKER/LOCATER V6.22                                                      08/28/2019  16:51:57  PAGE 32


  C:5825H         LINE#         206
  C:5825H         LINE#         210
  C:5834H         LINE#         211
  C:5841H         LINE#         213
  C:5845H         LINE#         214
  C:5845H         LINE#         215
  C:584BH         LINE#         217
  C:584BH         LINE#         218
  C:5862H         LINE#         219
  C:5862H         LINE#         220
  C:586CH         LINE#         221
  C:5872H         LINE#         223
  C:5878H         LINE#         225
  C:5878H         LINE#         226
  C:588FH         LINE#         227
  C:588FH         LINE#         228
  C:5894H         LINE#         230
  C:5894H         LINE#         231
  C:58A4H         LINE#         232
  C:58A4H         LINE#         233
  C:58AAH         LINE#         235
  C:58AAH         LINE#         236
  C:58BCH         LINE#         237
  C:58BCH         LINE#         238
  C:58C6H         LINE#         239
  C:58CEH         LINE#         241
  C:58D7H         LINE#         243
  C:58D7H         LINE#         252
  C:58F6H         LINE#         253
  C:58F6H         LINE#         254
  C:5915H         LINE#         255
  C:591BH         LINE#         256
  C:5923H         LINE#         257
  C:5923H         LINE#         259
  C:5924H         LINE#         265
  C:5930H         LINE#         266
  C:5930H         LINE#         267
  C:594DH         LINE#         268
  C:5964H         LINE#         269
  C:597BH         LINE#         270
  C:597BH         LINE#         271
  C:598EH         LINE#         272
  C:59A1H         LINE#         273
  C:59A1H         LINE#         274
  C:59A1H         LINE#         275
  C:59A4H         LINE#         280
  C:59B3H         LINE#         281
  C:59B3H         LINE#         282
  C:59D6H         LINE#         283
  C:59F3H         LINE#         284
  C:59FCH         LINE#         285
  C:59FCH         LINE#         286
  C:5A03H         LINE#         287
  C:5A03H         LINE#         288
  C:5A14H         LINE#         289
  C:5A14H         LINE#         290
  C:5A23H         LINE#         291
BL51 BANKED LINKER/LOCATER V6.22                                                      08/28/2019  16:51:57  PAGE 33


  C:5A23H         LINE#         292
  C:5A23H         LINE#         293
  C:5A26H         LINE#         295
  C:5A26H         LINE#         296
  C:5A32H         LINE#         297
  C:5A32H         LINE#         298
  C:5A44H         LINE#         299
  C:5A44H         LINE#         300
  C:5A54H         LINE#         301
  C:5A54H         LINE#         302
  C:5A54H         LINE#         304
  C:5A56H         LINE#         306
  C:5A56H         LINE#         307
  C:5A65H         LINE#         308
  C:5A65H         LINE#         309
  C:5A75H         LINE#         310
  C:5A75H         LINE#         311
  C:5A75H         LINE#         313
  C:5A75H         LINE#         315
  C:5A75H         LINE#         316
  C:5A77H         LINE#         318
  C:5A77H         LINE#         319
  C:5A7EH         LINE#         320
  C:5A7EH         LINE#         321
  C:5A8DH         LINE#         322
  C:5A8DH         LINE#         323
  C:5A9DH         LINE#         324
  C:5A9DH         LINE#         325
  C:5A9DH         LINE#         326
  C:5A9FH         LINE#         328
  C:5A9FH         LINE#         329
  C:5AAEH         LINE#         330
  C:5AAEH         LINE#         331
  C:5AC1H         LINE#         332
  C:5AD4H         LINE#         333
  C:5AD4H         LINE#         334
  C:5AD4H         LINE#         335
  C:5AD4H         LINE#         336
  C:5ADDH         LINE#         338
  C:5ADDH         LINE#         340
  C:5B17H         LINE#         341
  C:5B17H         LINE#         342
  C:5B1EH         LINE#         343
  C:5B1EH         LINE#         344
  C:5B28H         LINE#         345
  C:5B28H         LINE#         346
  C:5B2BH         LINE#         347
  C:5B30H         LINE#         348
  C:5B35H         LINE#         349
  C:5B3AH         LINE#         350
  C:5B3FH         LINE#         351
  C:5B44H         LINE#         352
  C:5B49H         LINE#         353
  C:5B4EH         LINE#         354
  C:5B4EH         LINE#         355
  C:5B4EH         LINE#         357
  C:5B6CH         LINE#         358
BL51 BANKED LINKER/LOCATER V6.22                                                      08/28/2019  16:51:57  PAGE 34


  C:5B6CH         LINE#         359
  C:5B73H         LINE#         360
  C:5B73H         LINE#         361
  C:5B78H         LINE#         362
  C:5B81H         LINE#         363
  C:5BA0H         LINE#         364
  C:5BA0H         LINE#         365
  C:5BB0H         LINE#         367
  C:5BB0H         LINE#         371
  -------         ENDPROC       KEY_PROCESS
  -------         PROC          KEYPAD_IO_INIT
  C:7D0BH         LINE#         374
  C:7D0BH         LINE#         375
  C:7D0BH         LINE#         376
  C:7D0EH         LINE#         377
  C:7D11H         LINE#         378
  C:7D14H         LINE#         379
[...]
  C:62EEH         LINE#         328
  C:62F1H         LINE#         330
  C:630BH         LINE#         331
  C:630BH         LINE#         332
  C:630BH         LINE#         334
  C:630EH         LINE#         336
  C:6328H         LINE#         337
  C:6328H         LINE#         338
  C:6328H         LINE#         340
  C:632BH         LINE#         342
  C:6345H         LINE#         343
  C:6345H         LINE#         344
  C:6345H         LINE#         346
  C:6348H         LINE#         348
  C:6362H         LINE#         349
  C:6362H         LINE#         350
  C:6362H         LINE#         352
  C:6365H         LINE#         354
  C:637FH         LINE#         355
  C:637FH         LINE#         356
  C:637FH         LINE#         358
  C:6382H         LINE#         360
  C:639CH         LINE#         361
  C:639CH         LINE#         362
  C:639CH         LINE#         364
  C:639FH         LINE#         366
  C:63B9H         LINE#         367
  C:63B9H         LINE#         368
  C:63B9H         LINE#         370
  C:63BCH         LINE#         372
  C:63D6H         LINE#         373
  C:63DDH         LINE#         374
  -------         ENDPROC       SPI_NOR_WRITE_DATA
  -------         ENDMOD        AT25SF041

  -------         MODULE        SI1120
  C:0000H         SYMBOL        _ICE_DUMMY_
  D:0080H         PUBLIC        P0
  D:00B2H         PUBLIC        P3M0
  D:0090H         PUBLIC        P1
  D:00B1H         PUBLIC        P3M1
  D:00A0H         PUBLIC        P2
  D:00B0H         PUBLIC        P3
  D:00C0H         PUBLIC        P4
  D:00C8H         PUBLIC        P5
BL51 BANKED LINKER/LOCATER V6.22                                                      08/28/2019  16:51:57  PAGE 57


  B:00A8H.7       PUBLIC        EA
  D:00E8H         PUBLIC        P6
  D:00F8H         PUBLIC        P7
  D:00A8H         PUBLIC        IE
  D:00B8H         PUBLIC        IP
  C:793EH         PUBLIC        SI1120_CONFIG_MODE_VIRH
  D:00D8H         PUBLIC        CCON
  D:0098H         PUBLIC        SCON
  D:0088H         PUBLIC        TCON
  C:7CF1H         PUBLIC        Enable_EXTINT0
  B:0090H.5       PUBLIC        SI1120_STX
  B:0088H.0       PUBLIC        IT0
  B:00A8H.0       PUBLIC        EX0
  B:0090H.4       PUBLIC        SI1120_MD
  B:0090H.6       PUBLIC        SI1120_SC
  D:00D0H         PUBLIC        PSW
  -------         PROC          SI1120_CONFIG_MODE_VIRH
  C:793EH         LINE#         4
  C:793EH         LINE#         5
  C:793EH         LINE#         6
  C:7940H         LINE#         7
  C:7942H         LINE#         8
  C:7944H         LINE#         10
  C:794BH         LINE#         11
  C:794DH         LINE#         13
  C:794FH         LINE#         14
  C:7951H         LINE#         16
  C:7958H         LINE#         18
  C:795AH         LINE#         20
  C:7961H         LINE#         23
  C:7963H         LINE#         25
  C:7965H         LINE#         27
  C:796CH         LINE#         29
  C:796EH         LINE#         31
  -------         ENDPROC       SI1120_CONFIG_MODE_VIRH
  -------         PROC          ENABLE_EXTINT0
  C:7CF1H         LINE#         33
  C:7CF1H         LINE#         34
  C:7CF1H         LINE#         35
  C:7CF4H         LINE#         36
  C:7CF7H         LINE#         37
  C:7CF9H         LINE#         38
  C:7CFBH         LINE#         39
  C:7CFDH         LINE#         40
  -------         ENDPROC       ENABLE_EXTINT0
  -------         ENDMOD        SI1120

  -------         MODULE        UART1
  C:0000H         SYMBOL        _ICE_DUMMY_
  D:0080H         PUBLIC        P0
  D:0090H         PUBLIC        P1
  D:00A0H         PUBLIC        P2
  D:00B0H         PUBLIC        P3
  D:00C0H         PUBLIC        P4
  D:00C8H         PUBLIC        P5
  C:7AFEH         PUBLIC        _uart1_SendToTCPServer
  B:00A8H.7       PUBLIC        EA
BL51 BANKED LINKER/LOCATER V6.22                                                      08/28/2019  16:51:57  PAGE 58


  D:00E8H         PUBLIC        P6
  D:00F8H         PUBLIC        P7
  C:790BH         PUBLIC        _SendString
  D:00A8H         PUBLIC        IE
  B:00A8H.4       PUBLIC        ES
  D:00B8H         PUBLIC        IP
  C:7BF0H         PUBLIC        _ASCIItoBCD
  D:00D8H         PUBLIC        CCON
  C:7CA6H         PUBLIC        initUART1
  D:0098H         PUBLIC        SCON
  D:0088H         PUBLIC        TCON
  C:7D5FH         PUBLIC        _DectoBCD
  C:001EH         PUBLIC        _ASCII_Letter
  D:008EH         PUBLIC        AUXR
  C:0006H         PUBLIC        _unit
  C:7D58H         PUBLIC        _ten
  D:00D6H         PUBLIC        T2H
  D:00D7H         PUBLIC        T2L
  C:7D49H         PUBLIC        uart1_InitTCPConn
  D:00D0H         PUBLIC        PSW
  -------         PROC          INITUART1
  C:7CA6H         LINE#         24
  C:7CA6H         LINE#         25
  C:7CA6H         LINE#         26
  C:7CA9H         LINE#         27
  C:7CACH         LINE#         28
  C:7CAFH         LINE#         29
  C:7CB2H         LINE#         30
  C:7CB4H         LINE#         31
  C:7CB6H         LINE#         33
  -------         ENDPROC       INITUART1
  -------         PROC          _SENDSTRING
  X:04FDH         SYMBOL        s
  C:790BH         LINE#         36
  C:7916H         LINE#         37
  C:7916H         LINE#         38
  C:7926H         LINE#         39
  C:7926H         LINE#         40
  C:793BH         LINE#         41
  C:793DH         LINE#         42
  -------         ENDPROC       _SENDSTRING
  -------         PROC          _TEN
  D:0007H         SYMBOL        BCD
  C:7D58H         LINE#         44
  C:7D58H         LINE#         45
  C:7D58H         LINE#         46
  C:7D5DH         LINE#         47
  -------         ENDPROC       _TEN
  -------         PROC          _UNIT
  D:0007H         SYMBOL        BCD
  C:0006H         LINE#         48
  C:0006H         LINE#         49
  C:0006H         LINE#         53
  C:000AH         LINE#         54
  -------         ENDPROC       _UNIT
  -------         PROC          _DECTOBCD
  D:0007H         SYMBOL        dec
BL51 BANKED LINKER/LOCATER V6.22                                                      08/28/2019  16:51:57  PAGE 59


  C:7D5FH         LINE#         55
  C:7D5FH         LINE#         56
  C:7D5FH         LINE#         58
  C:7D5FH         LINE#         59
  -------         ENDPROC       _DECTOBCD
  -------         PROC          _ASCII_LETTER
  D:0007H         SYMBOL        dat
  C:001EH         LINE#         61
  C:001EH         LINE#         62
  C:001EH         LINE#         64
  C:0022H         LINE#         65
  -------         ENDPROC       _ASCII_LETTER
  -------         PROC          _ASCIITOBCD
  D:0001H         SYMBOL        ascii
  -------         DO            
  D:0007H         SYMBOL        dec_val
  D:0006H         SYMBOL        ten
  D:0007H         SYMBOL        unit
  -------         ENDDO         
  C:7BF0H         LINE#         67
  C:7BF0H         LINE#         68
  C:7BF0H         LINE#         70
  C:7BF3H         LINE#         71
  C:7BF9H         LINE#         72
  C:7C00H         LINE#         73
  C:7C06H         LINE#         75
  -------         ENDPROC       _ASCIITOBCD
  -------         PROC          UART1_INITTCPCONN
  C:7D49H         LINE#         77
  C:7D49H         LINE#         78
  C:7D49H         LINE#         82
  -------         ENDPROC       UART1_INITTCPCONN
  -------         PROC          _UART1_SENDTOTCPSERVER
  X:0408H         SYMBOL        str
  C:7AFEH         LINE#         85
  C:7B09H         LINE#         86
  C:7B09H         LINE#         87
  C:7B12H         LINE#         88
  C:7B19H         LINE#         89
  -------         ENDPROC       _UART1_SENDTOTCPSERVER
  -------         ENDMOD        UART1

  -------         MODULE        ?C_STARTUP
  C:73B6H         SEGMENT       ?C_C51STARTUP
  I:0022H         SEGMENT       ?STACK
  C:0000H         PUBLIC        ?C_STARTUP
  D:00E0H         SYMBOL        ACC
  D:00F0H         SYMBOL        B
  D:0083H         SYMBOL        DPH
  D:0082H         SYMBOL        DPL
  N:0000H         SYMBOL        IBPSTACK
  N:0100H         SYMBOL        IBPSTACKTOP
  N:0080H         SYMBOL        IDATALEN
  C:73B9H         SYMBOL        IDATALOOP
  N:0000H         SYMBOL        PBPSTACK
  N:0100H         SYMBOL        PBPSTACKTOP
  N:0000H         SYMBOL        PDATALEN
BL51 BANKED LINKER/LOCATER V6.22                                                      08/28/2019  16:51:57  PAGE 60


  N:0000H         SYMBOL        PDATASTART
  N:0000H         SYMBOL        PPAGE
  N:0000H         SYMBOL        PPAGEENABLE
  D:00A0H         SYMBOL        PPAGE_SFR
  D:0081H         SYMBOL        SP
  C:73B6H         SYMBOL        STARTUP1
  N:0000H         SYMBOL        XBPSTACK
  N:0000H         SYMBOL        XBPSTACKTOP
  N:0000H         SYMBOL        XDATALEN
  N:0000H         SYMBOL        XDATASTART
  C:0000H         LINE#         126
  C:73B6H         LINE#         133
  C:73B8H         LINE#         134
  C:73B9H         LINE#         135
  C:73BAH         LINE#         136
  C:73BCH         LINE#         185
  C:73BFH         LINE#         196
  -------         ENDMOD        ?C_STARTUP

  -------         MODULE        ?C?FPADD
  C:24A4H         PUBLIC        ?C?FPADD
  C:24A0H         PUBLIC        ?C?FPSUB
  -------         ENDMOD        ?C?FPADD

  -------         MODULE        ?C?FPMUL
  C:2595H         PUBLIC        ?C?FPMUL
  -------         ENDMOD        ?C?FPMUL

  -------         MODULE        ?C?FPDIV
  C:269EH         PUBLIC        ?C?FPDIV
  -------         ENDMOD        ?C?FPDIV

  -------         MODULE        ?C?FPCMP
  C:273DH         PUBLIC        ?C?FPCMP
  C:273BH         PUBLIC        ?C?FPCMP3
  -------         ENDMOD        ?C?FPCMP

  -------         MODULE        ?C?FPNEG
  C:27B4H         PUBLIC        ?C?FPNEG
  -------         ENDMOD        ?C?FPNEG

  -------         MODULE        ?C?FCAST
  C:27CFH         PUBLIC        ?C?FCASTC
  C:27CAH         PUBLIC        ?C?FCASTI
  C:27C5H         PUBLIC        ?C?FCASTL
  -------         ENDMOD        ?C?FCAST

  -------         MODULE        ?C?CASTF
  C:2803H         PUBLIC        ?C?CASTF
  -------         ENDMOD        ?C?CASTF

  -------         MODULE        PRINTF
  X:04FDH         PUBLIC        ?_PRINTF?BYTE
  X:04FDH         PUBLIC        ?_SPRINTF?BYTE
  C:4BA9H         PUBLIC        _PRINTF
  C:4BA3H         PUBLIC        _SPRINTF
  -------         ENDMOD        PRINTF
BL51 BANKED LINKER/LOCATER V6.22                                                      08/28/2019  16:51:57  PAGE 61



  -------         MODULE        FABS
  C:7CFEH         PUBLIC        _FABS
  -------         ENDMOD        FABS

  -------         MODULE        ATAN2
  X:04AFH         PUBLIC        ?_atan2?BYTE
  C:71E3H         PUBLIC        _atan2
  -------         ENDMOD        ATAN2

  -------         MODULE        SIN
  C:6443H         PUBLIC        _COS
  C:6459H         PUBLIC        _SIN
  C:6495H         PUBLIC        _TAN
  -------         ENDMOD        SIN

  -------         MODULE        ACOS
  C:77C2H         PUBLIC        _ACOS
  -------         ENDMOD        ACOS

  -------         MODULE        ASIN
  C:78D0H         PUBLIC        _ASIN
  -------         ENDMOD        ASIN

  -------         MODULE        POW
  X:03BCH         PUBLIC        ?_pow?BYTE
  C:6583H         PUBLIC        _pow
  -------         ENDMOD        POW

  -------         MODULE        ?C?CHKFLOAT
  C:2884H         PUBLIC        ?C?CHKFLOAT
  -------         ENDMOD        ?C?CHKFLOAT

  -------         MODULE        ?C?FPROUND
  C:289EH         PUBLIC        ?C?FPROUND
  -------         ENDMOD        ?C?FPROUND

  -------         MODULE        ?C?FPCONVERT
  C:28DBH         PUBLIC        ?C?FPCONVERT
  -------         ENDMOD        ?C?FPCONVERT

  -------         MODULE        EXP
  C:7354H         PUBLIC        _EXP
  -------         ENDMOD        EXP

  -------         MODULE        LOG
  C:6872H         PUBLIC        _LOG
  C:686EH         PUBLIC        _LOG10
  -------         ENDMOD        LOG

  -------         MODULE        SQRT
  C:709AH         PUBLIC        _SQRT
  -------         ENDMOD        SQRT

  -------         MODULE        ATAN
  C:6987H         PUBLIC        _ATAN
  -------         ENDMOD        ATAN
BL51 BANKED LINKER/LOCATER V6.22                                                      08/28/2019  16:51:57  PAGE 62



  -------         MODULE        ?C?FTNPWR
  C:2A5DH         PUBLIC        ?C?FTNPWR
  -------         ENDMOD        ?C?FTNPWR

  -------         MODULE        ?C?COPY
  C:2B6DH         PUBLIC        ?C?COPY
  -------         ENDMOD        ?C?COPY

  -------         MODULE        ?C?CLDPTR
  C:2B93H         PUBLIC        ?C?CLDPTR
  -------         ENDMOD        ?C?CLDPTR

  -------         MODULE        ?C?CLDOPTR
  C:2BACH         PUBLIC        ?C?CLDOPTR
  -------         ENDMOD        ?C?CLDOPTR

  -------         MODULE        ?C?CSTPTR
  C:2BD9H         PUBLIC        ?C?CSTPTR
  -------         ENDMOD        ?C?CSTPTR

  -------         MODULE        ?C?IMUL
  C:2BEBH         PUBLIC        ?C?IMUL
  -------         ENDMOD        ?C?IMUL

  -------         MODULE        ?C?UIDIV
  C:2BFDH         PUBLIC        ?C?UIDIV
  -------         ENDMOD        ?C?UIDIV

  -------         MODULE        ?C?SIDIV
  C:2C52H         PUBLIC        ?C?SIDIV
  -------         ENDMOD        ?C?SIDIV

  -------         MODULE        ?C?ILDIX
  C:2C88H         PUBLIC        ?C?ILDIX
  -------         ENDMOD        ?C?ILDIX

  -------         MODULE        ?C?ILDOPTR
  C:2C9EH         PUBLIC        ?C?ILDOPTR
  -------         ENDMOD        ?C?ILDOPTR

  -------         MODULE        ?C?ISTPTR
  C:2CD6H         PUBLIC        ?C?ISTPTR
  -------         ENDMOD        ?C?ISTPTR

  -------         MODULE        ?C?LMUL
  C:2CF5H         PUBLIC        ?C?LMUL
  -------         ENDMOD        ?C?LMUL

  -------         MODULE        ?C?SLDIV
  C:780CH         PUBLIC        ?C?SLDIV
  -------         ENDMOD        ?C?SLDIV

  -------         MODULE        ?C?LNEG
  C:2D44H         PUBLIC        ?C?LNEG
  -------         ENDMOD        ?C?LNEG

BL51 BANKED LINKER/LOCATER V6.22                                                      08/28/2019  16:51:57  PAGE 63


  -------         MODULE        ?C?ULCMP
  C:2D52H         PUBLIC        ?C?ULCMP
  -------         ENDMOD        ?C?ULCMP

  -------         MODULE        ?C?LSHL
  C:2D63H         PUBLIC        ?C?LSHL
  -------         ENDMOD        ?C?LSHL

  -------         MODULE        ?C?LLDPTR
  C:2D76H         PUBLIC        ?C?LLDPTR
  -------         ENDMOD        ?C?LLDPTR

  -------         MODULE        ?C?LLDOPTR
  C:2D96H         PUBLIC        ?C?LLDOPTR
  -------         ENDMOD        ?C?LLDOPTR

  -------         MODULE        ?C?LSTPTR
  C:2DC6H         PUBLIC        ?C?LSTPTR
  -------         ENDMOD        ?C?LSTPTR

  -------         MODULE        ?C?LSTOPTR
  C:2DE0H         PUBLIC        ?C?LSTOPTR
  -------         ENDMOD        ?C?LSTOPTR

  -------         MODULE        ?C?LLDXDATA
  C:2E04H         PUBLIC        ?C?LLDXDATA
  -------         ENDMOD        ?C?LLDXDATA

  -------         MODULE        ?C?LLDCODE
  C:2E10H         PUBLIC        ?C?LLDCODE
  -------         ENDMOD        ?C?LLDCODE

  -------         MODULE        ?C?LLDXDATA0
  C:2E20H         PUBLIC        ?C?LLDXDATA0
  -------         ENDMOD        ?C?LLDXDATA0

  -------         MODULE        ?C?LLDCODE0
  C:2E2CH         PUBLIC        ?C?LLDCODE0
  -------         ENDMOD        ?C?LLDCODE0

  -------         MODULE        ?C?LLDPTR0
  C:2E3CH         PUBLIC        ?C?LLDPTR0
  -------         ENDMOD        ?C?LLDPTR0

  -------         MODULE        ?C?LSTXDATA
  C:2E5CH         PUBLIC        ?C?LSTXDATA
  -------         ENDMOD        ?C?LSTXDATA

  -------         MODULE        ?C?LSTKXDATA
  C:2E68H         PUBLIC        ?C?LSTKXDATA
  -------         ENDMOD        ?C?LSTKXDATA

  -------         MODULE        ?C?LSTKPTR
  C:2E99H         PUBLIC        ?C?LSTKPTR
  -------         ENDMOD        ?C?LSTKPTR

  -------         MODULE        ?C?OFFXADD
BL51 BANKED LINKER/LOCATER V6.22                                                      08/28/2019  16:51:57  PAGE 64


  C:2EB3H         PUBLIC        ?C?OFFXADD
  -------         ENDMOD        ?C?OFFXADD

  -------         MODULE        ?C?PLDIXDATA
  C:2EBFH         PUBLIC        ?C?PLDIXDATA
  -------         ENDMOD        ?C?PLDIXDATA

  -------         MODULE        ?C?PSTXDATA
  C:2ED6H         PUBLIC        ?C?PSTXDATA
  -------         ENDMOD        ?C?PSTXDATA

  -------         MODULE        ?C?CCASE
  C:2EDFH         PUBLIC        ?C?CCASE
  -------         ENDMOD        ?C?CCASE

  -------         MODULE        PUTCHAR
  C:7A8EH         PUBLIC        _PUTCHAR
  -------         ENDMOD        PUTCHAR

  -------         MODULE        ABS
  C:7D17H         PUBLIC        _ABS
  -------         ENDMOD        ABS

  -------         MODULE        ATOI
  C:6D90H         PUBLIC        _atoi
  -------         ENDMOD        ATOI

  -------         MODULE        ?C?IILDX
  C:2F05H         PUBLIC        ?C?IILDX
  -------         ENDMOD        ?C?IILDX

  -------         MODULE        ?C?ULDIV
  C:2F57H         PUBLIC        ?C?ULDIV
  -------         ENDMOD        ?C?ULDIV

  -------         MODULE        ?C?LLDIDATA
  C:2FE9H         PUBLIC        ?C?LLDIDATA
  -------         ENDMOD        ?C?LLDIDATA

  -------         MODULE        ?C?LLDPDATA
  C:2FF5H         PUBLIC        ?C?LLDPDATA
  -------         ENDMOD        ?C?LLDPDATA

  -------         MODULE        ?C?LLDIDATA0
  C:3001H         PUBLIC        ?C?LLDIDATA0
  -------         ENDMOD        ?C?LLDIDATA0

  -------         MODULE        ?C?LLDPDATA0
  C:300EH         PUBLIC        ?C?LLDPDATA0
  -------         ENDMOD        ?C?LLDPDATA0

  -------         MODULE        ?C?LSTIDATA
  C:301BH         PUBLIC        ?C?LSTIDATA
  -------         ENDMOD        ?C?LSTIDATA

  -------         MODULE        ?C?LSTPDATA
  C:3027H         PUBLIC        ?C?LSTPDATA
BL51 BANKED LINKER/LOCATER V6.22                                                      08/28/2019  16:51:57  PAGE 65


  -------         ENDMOD        ?C?LSTPDATA

  -------         MODULE        ?C?LSTKIDATA
  C:3033H         PUBLIC        ?C?LSTKIDATA
  -------         ENDMOD        ?C?LSTKIDATA

  -------         MODULE        ?C?LSTKPDATA
  C:304CH         PUBLIC        ?C?LSTKPDATA
  -------         ENDMOD        ?C?LSTKPDATA

  -------         MODULE        ISDIGIT
  C:7CD5H         PUBLIC        _isdigit
  -------         ENDMOD        ISDIGIT

  -------         MODULE        ISSPACE
  C:7C70H         PUBLIC        _isspace
  -------         ENDMOD        ISSPACE

*** WARNING L16: UNCALLED SEGMENT, IGNORED FOR OVERLAY PROCESS
    SEGMENT: ?PR?_DAY_OF_YEAR?PCF85063BTL

*** WARNING L16: UNCALLED SEGMENT, IGNORED FOR OVERLAY PROCESS
    SEGMENT: ?PR?_FINDCLOSESTSAMEDAYCALIBTIME?CALIBRATION

*** WARNING L16: UNCALLED SEGMENT, IGNORED FOR OVERLAY PROCESS
    SEGMENT: ?PR?NOP?IOEXPANDER_PI4IOE5V96248

*** WARNING L16: UNCALLED SEGMENT, IGNORED FOR OVERLAY PROCESS
    SEGMENT: ?PR?UC_ACK?IOEXPANDER_PI4IOE5V96248

*** WARNING L16: UNCALLED SEGMENT, IGNORED FOR OVERLAY PROCESS
    SEGMENT: ?PR?UC_NACK?IOEXPANDER_PI4IOE5V96248

*** WARNING L16: UNCALLED SEGMENT, IGNORED FOR OVERLAY PROCESS
    SEGMENT: ?PR?_TEN?UART1

*** WARNING L16: UNCALLED SEGMENT, IGNORED FOR OVERLAY PROCESS
    SEGMENT: ?PR?_UNIT?UART1

*** WARNING L16: UNCALLED SEGMENT, IGNORED FOR OVERLAY PROCESS
    SEGMENT: ?PR?_DECTOBCD?UART1

*** WARNING L16: UNCALLED SEGMENT, IGNORED FOR OVERLAY PROCESS
    SEGMENT: ?PR?_ASCII_LETTER?UART1

*** WARNING L16: UNCALLED SEGMENT, IGNORED FOR OVERLAY PROCESS
    SEGMENT: ?PR?_ASCIITOBCD?UART1

Program Size: data=15.4 xdata=1642 code=32096
LINK/LOCATE RUN COMPLETE.  10 WARNING(S),  0 ERROR(S)
