BL51 BANKED LINKER/LOCATER V6.22                                                        08/28/2019  10:29:20  PAGE 1


BL51 BANKED LINKER/LOCATER V6.22, INVOKED BY:
C:\KEIL_V5\C51\BIN\BL51.EXE .\Obj\main.obj, .\Obj\PCF85063BTL.obj, .\Obj\LCd_Driver_SPLC780D.obj, .\Obj\KeyPad.obj, .\Ob
>> j\BipolarMotor.obj, .\Obj\SunPos.obj, .\Obj\ADC.obj, .\Obj\Calibration.obj, .\Obj\IOExpander_PI4IOE5V96248.obj, .\Obj
>> \AT25SF041.obj, .\Obj\SI1120.obj, .\Obj\UART1.obj, .\Obj\STARTUP.obj TO .\Obj\GPIO_RTC_Test RTX51TINY PRINT (.\Lis\GP
>> IO_RTC_Test.m51) RAMSIZE (256)


MEMORY MODEL: LARGE WITH FLOATING POINT ARITHMETIC


INPUT MODULES INCLUDED:
  .\Obj\main.obj (MAIN)
  .\Obj\PCF85063BTL.obj (PCF85063BTL)
  .\Obj\LCd_Driver_SPLC780D.obj (LCD_DRIVER_SPLC780D)
  .\Obj\KeyPad.obj (KEYPAD)
  .\Obj\BipolarMotor.obj (BIPOLARMOTOR)
  .\Obj\SunPos.obj (SUNPOS)
  .\Obj\ADC.obj (ADC)
  .\Obj\Calibration.obj (CALIBRATION)
  .\Obj\IOExpander_PI4IOE5V96248.obj (IOEXPANDER_PI4IOE5V96248)
  .\Obj\AT25SF041.obj (AT25SF041)
  .\Obj\SI1120.obj (SI1120)
  .\Obj\UART1.obj (UART1)
  .\Obj\STARTUP.obj (?C_STARTUP)
  C:\KEIL_V5\C51\LIB\C51FPL.LIB (?C?FPADD)
  C:\KEIL_V5\C51\LIB\C51FPL.LIB (?C?FPMUL)
  C:\KEIL_V5\C51\LIB\C51FPL.LIB (?C?FPDIV)
  C:\KEIL_V5\C51\LIB\C51FPL.LIB (?C?FPCMP)
  C:\KEIL_V5\C51\LIB\C51FPL.LIB (?C?FPNEG)
  C:\KEIL_V5\C51\LIB\C51FPL.LIB (?C?FCAST)
  C:\KEIL_V5\C51\LIB\C51FPL.LIB (?C?CASTF)
  C:\KEIL_V5\C51\LIB\C51FPL.LIB (PRINTF)
  C:\KEIL_V5\C51\LIB\C51FPL.LIB (FABS)
  C:\KEIL_V5\C51\LIB\C51FPL.LIB (ATAN2)
  C:\KEIL_V5\C51\LIB\C51FPL.LIB (SIN)
  C:\KEIL_V5\C51\LIB\C51FPL.LIB (ACOS)
  C:\KEIL_V5\C51\LIB\C51FPL.LIB (ASIN)
  C:\KEIL_V5\C51\LIB\C51FPL.LIB (POW)
  C:\KEIL_V5\C51\LIB\C51FPL.LIB (?C?FPGETOPN)
  C:\KEIL_V5\C51\LIB\C51FPL.LIB (?C?CHKFLOAT)
  C:\KEIL_V5\C51\LIB\C51FPL.LIB (?C?FPROUND)
  C:\KEIL_V5\C51\LIB\C51FPL.LIB (?C?FPCONVERT)
  C:\KEIL_V5\C51\LIB\C51FPL.LIB (?C?FPSERIES)
  C:\KEIL_V5\C51\LIB\C51FPL.LIB (EXP)
  C:\KEIL_V5\C51\LIB\C51FPL.LIB (LOG)
  C:\KEIL_V5\C51\LIB\C51FPL.LIB (SQRT)
  C:\KEIL_V5\C51\LIB\C51FPL.LIB (ATAN)
  C:\KEIL_V5\C51\LIB\C51FPL.LIB (?C?FTNPWR)
  C:\KEIL_V5\C51\LIB\C51L.LIB (?C_INIT)
  C:\KEIL_V5\C51\LIB\C51L.LIB (?C?COPY)
  C:\KEIL_V5\C51\LIB\C51L.LIB (?C?CLDPTR)
  C:\KEIL_V5\C51\LIB\C51L.LIB (?C?CLDOPTR)
  C:\KEIL_V5\C51\LIB\C51L.LIB (?C?CSTPTR)
  C:\KEIL_V5\C51\LIB\C51L.LIB (?C?IMUL)
  C:\KEIL_V5\C51\LIB\C51L.LIB (?C?UIDIV)
  C:\KEIL_V5\C51\LIB\C51L.LIB (?C?SIDIV)
  C:\KEIL_V5\C51\LIB\C51L.LIB (?C?ILDIX)
  C:\KEIL_V5\C51\LIB\C51L.LIB (?C?ILDOPTR)
BL51 BANKED LINKER/LOCATER V6.22                                                      08/28/2019  10:29:20  PAGE 2


  C:\KEIL_V5\C51\LIB\C51L.LIB (?C?ISTPTR)
  C:\KEIL_V5\C51\LIB\C51L.LIB (?C?LMUL)
  C:\KEIL_V5\C51\LIB\C51L.LIB (?C?SLDIV)
  C:\KEIL_V5\C51\LIB\C51L.LIB (?C?LNEG)
  C:\KEIL_V5\C51\LIB\C51L.LIB (?C?ULCMP)
  C:\KEIL_V5\C51\LIB\C51L.LIB (?C?LSHL)
  C:\KEIL_V5\C51\LIB\C51L.LIB (?C?LLDPTR)
  C:\KEIL_V5\C51\LIB\C51L.LIB (?C?LLDOPTR)
  C:\KEIL_V5\C51\LIB\C51L.LIB (?C?LSTPTR)
  C:\KEIL_V5\C51\LIB\C51L.LIB (?C?LSTOPTR)
  C:\KEIL_V5\C51\LIB\C51L.LIB (?C?LLDXDATA)
  C:\KEIL_V5\C51\LIB\C51L.LIB (?C?LLDCODE)
  C:\KEIL_V5\C51\LIB\C51L.LIB (?C?LLDXDATA0)
  C:\KEIL_V5\C51\LIB\C51L.LIB (?C?LLDCODE0)
  C:\KEIL_V5\C51\LIB\C51L.LIB (?C?LLDPTR0)
  C:\KEIL_V5\C51\LIB\C51L.LIB (?C?LSTXDATA)
  C:\KEIL_V5\C51\LIB\C51L.LIB (?C?LSTKXDATA)
  C:\KEIL_V5\C51\LIB\C51L.LIB (?C?LSTKPTR)
  C:\KEIL_V5\C51\LIB\C51L.LIB (?C?OFFXADD)
  C:\KEIL_V5\C51\LIB\C51L.LIB (?C?PLDIXDATA)
  C:\KEIL_V5\C51\LIB\C51L.LIB (?C?PSTXDATA)
  C:\KEIL_V5\C51\LIB\C51L.LIB (?C?CCASE)
  C:\KEIL_V5\C51\LIB\C51L.LIB (PUTCHAR)
  C:\KEIL_V5\C51\LIB\C51L.LIB (ABS)
  C:\KEIL_V5\C51\LIB\C51L.LIB (ATOI)
  C:\KEIL_V5\C51\LIB\C51L.LIB (?C?IILDX)
  C:\KEIL_V5\C51\LIB\C51L.LIB (?C?ULDIV)
  C:\KEIL_V5\C51\LIB\C51L.LIB (?C?LLDIDATA)
  C:\KEIL_V5\C51\LIB\C51L.LIB (?C?LLDPDATA)
  C:\KEIL_V5\C51\LIB\C51L.LIB (?C?LLDIDATA0)
  C:\KEIL_V5\C51\LIB\C51L.LIB (?C?LLDPDATA0)
  C:\KEIL_V5\C51\LIB\C51L.LIB (?C?LSTIDATA)
  C:\KEIL_V5\C51\LIB\C51L.LIB (?C?LSTPDATA)
  C:\KEIL_V5\C51\LIB\C51L.LIB (?C?LSTKIDATA)
  C:\KEIL_V5\C51\LIB\C51L.LIB (?C?LSTKPDATA)
  C:\KEIL_V5\C51\LIB\C51L.LIB (ISDIGIT)
  C:\KEIL_V5\C51\LIB\C51L.LIB (ISSPACE)


LINK MAP OF MODULE:  .\Obj\GPIO_RTC_Test (MAIN)


            TYPE    BASE      LENGTH    RELOCATION   SEGMENT NAME
            -----------------------------------------------------

            * * * * * * *   D A T A   M E M O R Y   * * * * * * *
            REG     0000H     0008H     ABSOLUTE     "REG BANK 0"
            DATA    0008H     0005H     UNIT         _DATA_GROUP_
                    000DH     0013H                  *** GAP ***
            BIT     0020H.0   0001H.2   UNIT         _BIT_GROUP_
            BIT     0021H.2   0000H.1   UNIT         ?BI?MAIN
            BIT     0021H.3   0000H.1   UNIT         ?BI?_ATOI?ATOI
                    0021H.4   0000H.4                *** GAP ***
            IDATA   0022H     0001H     UNIT         ?STACK

            * * * * * * *  X D A T A   M E M O R Y  * * * * * * *
            XDATA   0000H     03BCH     UNIT         ?XD?BIPOLARMOTOR
BL51 BANKED LINKER/LOCATER V6.22                                                      08/28/2019  10:29:20  PAGE 3


            XDATA   03BCH     0165H     UNIT         _XDATA_GROUP_
            XDATA   0521H     011DH     UNIT         ?XD?MAIN
            XDATA   063EH     0019H     UNIT         ?XD?KEYPAD
            XDATA   0657H     0005H     UNIT         ?XD?_ATOI?ATOI
            XDATA   065CH     0001H     UNIT         ?XD?UC_ACK?IOEXPANDER_PI4IOE5V96248
            XDATA   065DH     0001H     UNIT         ?XD?UC_NACK?IOEXPANDER_PI4IOE5V96248

            * * * * * * *   C O D E   M E M O R Y   * * * * * * *
            CODE    0000H     0003H     ABSOLUTE     
            CODE    0003H     0003H     ABSOLUTE     
            CODE    0006H     0005H     UNIT         ?PR?_UNIT?UART1
            CODE    000BH     0003H     ABSOLUTE     
            CODE    000EH     000DH     UNIT         ?PR?UART?MAIN
            CODE    001BH     0003H     ABSOLUTE     
            CODE    001EH     0005H     UNIT         ?PR?_ASCII_LETTER?UART1
            CODE    0023H     0003H     ABSOLUTE     
            CODE    0026H     244AH     UNIT         ?PR?MAIN?MAIN
            CODE    2470H     0BC8H     UNIT         ?C?LIB_CODE
            CODE    3038H     07EAH     UNIT         ?PR?_FIND_REAL_MAX?CALIBRATION
            CODE    3822H     07A2H     UNIT         ?PR?SUNPOS?SUNPOS
            CODE    3FC4H     0645H     UNIT         ?PR?_UPDATE_POSITION?BIPOLARMOTOR
            CODE    4609H     04FBH     UNIT         ?PR?_THEORICALJP_POSITION?BIPOLARMOTOR
            CODE    4B04H     0483H     UNIT         ?PR?PRINTF?PRINTF
            CODE    4F87H     041AH     UNIT         ?C_INITSEG
            CODE    53A1H     038CH     UNIT         ?PR?KEY_PROCESS?KEYPAD
            CODE    572DH     036DH     UNIT         ?PR?_ELEVATION_CALCULATION?BIPOLARMOTOR
            CODE    5A9AH     0322H     UNIT         ?PR?_AZIMUTH_CALCULATION?BIPOLARMOTOR
            CODE    5DBCH     01C7H     UNIT         ?PR?_CALIBRATION?CALIBRATION
            CODE    5F83H     018DH     UNIT         ?PR?KEY_SCAN?KEYPAD
            CODE    6110H     0189H     UNIT         ?PR?SPI_NOR_WRITE_DATA?AT25SF041
            CODE    6299H     0188H     UNIT         ?PR?SIN?SIN
            CODE    6421H     0166H     UNIT         ?PR?_POW?POW
            CODE    6587H     0155H     UNIT         ?PR?_DISPLAY_POS?LCD_DRIVER_SPLC780D
            CODE    66DCH     0129H     UNIT         ?PR?LOG?LOG
            CODE    6805H     0122H     UNIT         ?PR?ATAN?ATAN
            CODE    6927H     0110H     UNIT         ?PR?_AT25SF041_READ?AT25SF041
            CODE    6A37H     0102H     UNIT         ?PR?_AT25SF041_WRITE?AT25SF041
            CODE    6B39H     00F5H     UNIT         ?PR?EXINT0?MAIN
            CODE    6C2EH     00DBH     UNIT         ?PR?_ATOI?ATOI
            CODE    6D09H     00C3H     UNIT         ?PR?LINEAR_INTERPOLATE?BIPOLARMOTOR
            CODE    6DCCH     00BBH     UNIT         ?PR?VOLTAGE_IS_STABLE?CALIBRATION
            CODE    6E87H     00ADH     UNIT         ?PR?_WRITE_PI4IOE5V96248?IOEXPANDER_PI4IOE5V96248
            CODE    6F34H     00ACH     UNIT         ?PR?SQRT?SQRT
            CODE    6FE0H     00A1H     UNIT         ?PR?UCREAD_STATUS_REGISTER_BYTE1?AT25SF041
            CODE    7081H     009DH     UNIT         ?PR?_ATAN2?ATAN2
            CODE    711EH     009CH     UNIT         ?PR?_MAX_VALUE?CALIBRATION
            CODE    71BAH     009AH     UNIT         ?PR?EXP?EXP
            CODE    7254H     008CH     UNIT         ?C_C51STARTUP
            CODE    72E0H     0088H     UNIT         ?PR?_DAY_OF_YEAR?PCF85063BTL
            CODE    7368H     0079H     UNIT         ?PR?_WRITEDATA?LCD_DRIVER_SPLC780D
            CODE    73E1H     0072H     UNIT         ?PR?AT25SF041_WRITEENABLE?AT25SF041
            CODE    7453H     006FH     UNIT         ?PR?_READ_TIME?PCF85063BTL
            CODE    74C2H     005AH     UNIT         ?PR?AT25SF041_CHIPERASE?AT25SF041
            CODE    751CH     0059H     UNIT         ?PR?LCD_INIT?LCD_DRIVER_SPLC780D
            CODE    7575H     0056H     UNIT         ?CO?MAIN
            CODE    75CBH     004BH     UNIT         ?CO?UART1
            CODE    7616H     004AH     UNIT         ?PR?VONESTEPMOVE?BIPOLARMOTOR
BL51 BANKED LINKER/LOCATER V6.22                                                      08/28/2019  10:29:20  PAGE 4


            CODE    7660H     004AH     UNIT         ?PR?ACOS?ACOS
            CODE    76AAH     0044H     UNIT         ?C?LDIV
            CODE    76EEH     0040H     UNIT         ?PR?_COMMAND?LCD_DRIVER_SPLC780D
            CODE    772EH     0040H     UNIT         ?PR?_STEP_MOVE?BIPOLARMOTOR
            CODE    776EH     003BH     UNIT         ?PR?ASIN?ASIN
            CODE    77A9H     0033H     UNIT         ?PR?_SENDSTRING?UART1
            CODE    77DCH     0031H     UNIT         ?PR?SI1120_CONFIG_MODE_VIRH?SI1120
            CODE    780DH     002BH     UNIT         ?PR?_WAIT_MS_I2C?IOEXPANDER_PI4IOE5V96248
            CODE    7838H     002BH     UNIT         ?PR?_WAIT_MS_SPINOR?AT25SF041
            CODE    7863H     002AH     UNIT         ?PR?_ADC_GETRESULT?ADC
            CODE    788DH     0028H     UNIT         ?PR?_BCDTODEC1?BIPOLARMOTOR
            CODE    78B5H     0028H     UNIT         ?PR?_MOVE?BIPOLARMOTOR
            CODE    78DDH     0028H     UNIT         ?CO?CALIBRATION
            CODE    7905H     0027H     UNIT         ?PR?_I2C_SENDBYTE?IOEXPANDER_PI4IOE5V96248
            CODE    792CH     0027H     UNIT         ?PR?PUTCHAR?PUTCHAR
            CODE    7953H     0025H     UNIT         ?PR?_FINDCLOSESTSAMEDAYCALIBTIME?CALIBRATION
            CODE    7978H     0024H     UNIT         ?PR?_WAIT_MS?LCD_DRIVER_SPLC780D
            CODE    799CH     0024H     UNIT         ?PR?_UART1_SENDTOTCPSERVER?UART1
            CODE    79C0H     0021H     UNIT         ?PR?TM0_ISR?MAIN
            CODE    79E1H     0020H     UNIT         ?PR?_SPI_SENDBYTE?PCF85063BTL
            CODE    7A01H     0020H     UNIT         ?PR?SPI_RECEIVEBYTE?PCF85063BTL
            CODE    7A21H     001EH     UNIT         ?PR?_DELAY_MS?KEYPAD
            CODE    7A3FH     001DH     UNIT         ?PR?_DISPLAYLCD?LCD_DRIVER_SPLC780D
            CODE    7A5CH     001AH     UNIT         ?PR?ADC_INIT?ADC
            CODE    7A76H     0018H     UNIT         ?PR?_SPI_WRITETIME?PCF85063BTL
            CODE    7A8EH     0017H     UNIT         ?PR?_ASCIITOBCD?UART1
            CODE    7AA5H     0016H     UNIT         ?PR?I2C_ACK?IOEXPANDER_PI4IOE5V96248
            CODE    7ABBH     0015H     UNIT         ?PR?_DISPLAY_LINE?LCD_DRIVER_SPLC780D
            CODE    7AD0H     0015H     UNIT         ?PR?VSETLOCATION?BIPOLARMOTOR
            CODE    7AE5H     0015H     UNIT         ?PR?I2C_STOP?IOEXPANDER_PI4IOE5V96248
            CODE    7AFAH     0014H     UNIT         ?PR?_PCF85063BTL_DELAY?PCF85063BTL
            CODE    7B0EH     0014H     UNIT         ?PR?_ISSPACE?ISSPACE
            CODE    7B22H     0011H     UNIT         ?PR?_SPI_READTIME?PCF85063BTL
            CODE    7B33H     0011H     UNIT         ?PR?_BCDTODEC?PCF85063BTL
            CODE    7B44H     0011H     UNIT         ?PR?INITUART1?UART1
            CODE    7B55H     000FH     UNIT         ?PR?I2C_START?IOEXPANDER_PI4IOE5V96248
            CODE    7B64H     000FH     UNIT         ?PR?UC_NACK?IOEXPANDER_PI4IOE5V96248
            CODE    7B73H     000FH     UNIT         ?PR?_ISDIGIT?ISDIGIT
            CODE    7B82H     000DH     UNIT         ?PR?SPI_INIT?PCF85063BTL
            CODE    7B8FH     000DH     UNIT         ?PR?ENABLE_EXTINT0?SI1120
            CODE    7B9CH     000DH     UNIT         ?PR?_FABS?FABS
            CODE    7BA9H     000CH     UNIT         ?PR?KEYPAD_IO_INIT?KEYPAD
            CODE    7BB5H     000CH     UNIT         ?PR?_ABS?ABS
            CODE    7BC1H     000AH     UNIT         ?PR?LCD_RETURN_HOME?LCD_DRIVER_SPLC780D
            CODE    7BCBH     000AH     UNIT         ?PR?LCD_CLEAR?LCD_DRIVER_SPLC780D
            CODE    7BD5H     0009H     UNIT         ?PR?TM1_ISR?MAIN
            CODE    7BDEH     0009H     UNIT         ?PR?_SENDUART1?MAIN
            CODE    7BE7H     0009H     UNIT         ?PR?UART1_INITTCPCONN?UART1
            CODE    7BF0H     0006H     UNIT         ?PR?UC_ACK?IOEXPANDER_PI4IOE5V96248
            CODE    7BF6H     0006H     UNIT         ?PR?_TEN?UART1
            CODE    7BFCH     0001H     UNIT         ?PR?NOP?IOEXPANDER_PI4IOE5V96248
            CODE    7BFDH     0001H     UNIT         ?PR?_DECTOBCD?UART1



OVERLAY MAP OF MODULE:   .\Obj\GPIO_RTC_Test (MAIN)

BL51 BANKED LINKER/LOCATER V6.22                                                      08/28/2019  10:29:20  PAGE 5



SEGMENT                                             BIT_GROUP          DATA_GROUP          XDATA_GROUP
  +--> CALLED SEGMENT                            START    LENGTH     START    LENGTH     START    LENGTH
--------------------------------------------------------------------------------------------------------
?PR?EXINT0?MAIN                                  -----    -----      -----    -----      -----    -----
  +--> ?PR?_POW?POW

?PR?_POW?POW                                     -----    -----      -----    -----      03BCH    000AH
  +--> ?PR?LOG?LOG
  +--> ?PR?EXP?EXP

?PR?LOG?LOG                                      0020H.0  0000H.1    -----    -----      03C6H    0004H

*** NEW ROOT ***************************************************

?C_C51STARTUP                                    -----    -----      -----    -----      -----    -----
  +--> ?PR?MAIN?MAIN
  +--> ?C_INITSEG

?PR?MAIN?MAIN                                    -----    -----      -----    -----      03CAH    0032H
  +--> ?PR?LCD_INIT?LCD_DRIVER_SPLC780D
  +--> ?PR?SPI_INIT?PCF85063BTL
  +--> ?PR?KEYPAD_IO_INIT?KEYPAD
  +--> ?PR?ADC_INIT?ADC
  +--> ?PR?SI1120_CONFIG_MODE_VIRH?SI1120
  +--> ?PR?ENABLE_EXTINT0?SI1120
  +--> ?PR?VSETLOCATION?BIPOLARMOTOR
  +--> ?PR?_SPI_WRITETIME?PCF85063BTL
  +--> ?PR?_DELAY_MS?KEYPAD
  +--> ?PR?_DISPLAY_LINE?LCD_DRIVER_SPLC780D
  +--> ?PR?_WRITEDATA?LCD_DRIVER_SPLC780D
  +--> ?PR?INITUART1?UART1
  +--> ?PR?UART1_INITTCPCONN?UART1
  +--> ?CO?MAIN
  +--> ?PR?_UART1_SENDTOTCPSERVER?UART1
  +--> ?PR?KEY_PROCESS?KEYPAD
  +--> ?PR?_COMMAND?LCD_DRIVER_SPLC780D
  +--> ?PR?_DISPLAY_POS?LCD_DRIVER_SPLC780D
  +--> ?PR?_DISPLAYLCD?LCD_DRIVER_SPLC780D
  +--> ?PR?_STEP_MOVE?BIPOLARMOTOR
  +--> ?PR?LCD_RETURN_HOME?LCD_DRIVER_SPLC780D
  +--> ?PR?_READ_TIME?PCF85063BTL
  +--> ?PR?_BCDTODEC1?BIPOLARMOTOR
  +--> ?PR?_SENDSTRING?UART1
  +--> ?PR?_ELEVATION_CALCULATION?BIPOLARMOTOR
  +--> ?PR?_AZIMUTH_CALCULATION?BIPOLARMOTOR
  +--> ?PR?PRINTF?PRINTF
  +--> ?PR?SIN?SIN
  +--> ?PR?_CALIBRATION?CALIBRATION
  +--> ?PR?_UPDATE_POSITION?BIPOLARMOTOR
  +--> ?PR?_AT25SF041_READ?AT25SF041
  +--> ?PR?_WAIT_MS_SPINOR?AT25SF041
  +--> ?PR?AT25SF041_WRITEENABLE?AT25SF041
  +--> ?PR?_AT25SF041_WRITE?AT25SF041
  +--> ?PR?_ABS?ABS
  +--> ?PR?_FABS?FABS
  +--> ?PR?_ADC_GETRESULT?ADC
BL51 BANKED LINKER/LOCATER V6.22                                                      08/28/2019  10:29:20  PAGE 6


  +--> ?PR?SPI_NOR_WRITE_DATA?AT25SF041
  +--> ?PR?_WAIT_MS?LCD_DRIVER_SPLC780D
  +--> ?PR?LINEAR_INTERPOLATE?BIPOLARMOTOR
  +--> ?PR?_THEORICALJP_POSITION?BIPOLARMOTOR
  +--> ?PR?AT25SF041_CHIPERASE?AT25SF041
  +--> ?PR?LCD_CLEAR?LCD_DRIVER_SPLC780D

?PR?LCD_INIT?LCD_DRIVER_SPLC780D                 -----    -----      -----    -----      -----    -----
  +--> ?PR?_WAIT_MS?LCD_DRIVER_SPLC780D
  +--> ?PR?_COMMAND?LCD_DRIVER_SPLC780D

?PR?_COMMAND?LCD_DRIVER_SPLC780D                 -----    -----      -----    -----      -----    -----
  +--> ?PR?_WAIT_MS?LCD_DRIVER_SPLC780D

?PR?SI1120_CONFIG_MODE_VIRH?SI1120               -----    -----      -----    -----      -----    -----
  +--> ?PR?_WAIT_MS?LCD_DRIVER_SPLC780D

?PR?_SPI_WRITETIME?PCF85063BTL                   -----    -----      -----    -----      -----    -----
  +--> ?PR?_SPI_SENDBYTE?PCF85063BTL

?PR?_SPI_SENDBYTE?PCF85063BTL                    -----    -----      -----    -----      -----    -----
  +--> ?PR?_PCF85063BTL_DELAY?PCF85063BTL

?PR?_DISPLAY_LINE?LCD_DRIVER_SPLC780D            -----    -----      -----    -----      -----    -----
  +--> ?PR?_COMMAND?LCD_DRIVER_SPLC780D

?PR?_WRITEDATA?LCD_DRIVER_SPLC780D               -----    -----      -----    -----      04FCH    0001H
  +--> ?PR?_WAIT_MS?LCD_DRIVER_SPLC780D

?PR?UART1_INITTCPCONN?UART1                      -----    -----      -----    -----      -----    -----
  +--> ?CO?UART1
  +--> ?PR?_SENDSTRING?UART1

?PR?_SENDSTRING?UART1                            -----    -----      -----    -----      04F1H    0003H
  +--> ?PR?_SENDUART1?MAIN

?PR?_UART1_SENDTOTCPSERVER?UART1                 -----    -----      -----    -----      03FCH    0003H
  +--> ?CO?UART1
  +--> ?PR?_SENDSTRING?UART1
  +--> ?PR?_DELAY_MS?KEYPAD

?PR?KEY_PROCESS?KEYPAD                           -----    -----      -----    -----      03FCH    0006H
  +--> ?PR?KEY_SCAN?KEYPAD
  +--> ?PR?_SPI_WRITETIME?PCF85063BTL
  +--> ?PR?LCD_CLEAR?LCD_DRIVER_SPLC780D
  +--> ?PR?_COMMAND?LCD_DRIVER_SPLC780D
  +--> ?PR?_WRITEDATA?LCD_DRIVER_SPLC780D

?PR?KEY_SCAN?KEYPAD                              -----    -----      -----    -----      0402H    0003H

?PR?LCD_CLEAR?LCD_DRIVER_SPLC780D                -----    -----      -----    -----      -----    -----
  +--> ?PR?_COMMAND?LCD_DRIVER_SPLC780D

?PR?_DISPLAY_POS?LCD_DRIVER_SPLC780D             -----    -----      -----    -----      04F1H    000BH
  +--> ?PR?_ABS?ABS
  +--> ?PR?_WRITEDATA?LCD_DRIVER_SPLC780D

BL51 BANKED LINKER/LOCATER V6.22                                                      08/28/2019  10:29:20  PAGE 7


?PR?_DISPLAYLCD?LCD_DRIVER_SPLC780D              -----    -----      -----    -----      03FCH    0001H
  +--> ?PR?_WRITEDATA?LCD_DRIVER_SPLC780D

?PR?_STEP_MOVE?BIPOLARMOTOR                      0020H.2  0000H.1    -----    -----      04F5H    0004H
  +--> ?PR?VONESTEPMOVE?BIPOLARMOTOR

?PR?VONESTEPMOVE?BIPOLARMOTOR                    0020H.3  0000H.1    -----    -----      -----    -----
  +--> ?PR?_WRITE_PI4IOE5V96248?IOEXPANDER_P...
  +--> ?PR?_DELAY_MS?KEYPAD

?PR?_WRITE_PI4IOE5V96248?IOEXPANDER_P...         -----    -----      -----    -----      04F9H    0003H
  +--> ?PR?I2C_START?IOEXPANDER_PI4IOE5V96248
  +--> ?PR?_WAIT_MS_I2C?IOEXPANDER_PI4IOE5V9...
  +--> ?PR?_I2C_SENDBYTE?IOEXPANDER_PI4IOE5V...
  +--> ?PR?I2C_ACK?IOEXPANDER_PI4IOE5V96248
  +--> ?PR?I2C_STOP?IOEXPANDER_PI4IOE5V96248

?PR?I2C_START?IOEXPANDER_PI4IOE5V96248           -----    -----      -----    -----      -----    -----
  +--> ?PR?_WAIT_MS_I2C?IOEXPANDER_PI4IOE5V9...

?PR?_I2C_SENDBYTE?IOEXPANDER_PI4IOE5V...         -----    -----      -----    -----      -----    -----
  +--> ?PR?_WAIT_MS_I2C?IOEXPANDER_PI4IOE5V9...

?PR?I2C_ACK?IOEXPANDER_PI4IOE5V96248             -----    -----      -----    -----      04FCH    0001H
  +--> ?PR?_WAIT_MS_I2C?IOEXPANDER_PI4IOE5V9...

?PR?I2C_STOP?IOEXPANDER_PI4IOE5V96248            -----    -----      -----    -----      -----    -----
  +--> ?PR?_WAIT_MS_I2C?IOEXPANDER_PI4IOE5V9...

?PR?LCD_RETURN_HOME?LCD_DRIVER_SPLC780D          -----    -----      -----    -----      -----    -----
  +--> ?PR?_COMMAND?LCD_DRIVER_SPLC780D

?PR?_READ_TIME?PCF85063BTL                       -----    -----      -----    -----      04F1H    000FH
  +--> ?PR?_SPI_READTIME?PCF85063BTL

?PR?_SPI_READTIME?PCF85063BTL                    -----    -----      -----    -----      -----    -----
  +--> ?PR?_SPI_SENDBYTE?PCF85063BTL
  +--> ?PR?SPI_RECEIVEBYTE?PCF85063BTL

?PR?SPI_RECEIVEBYTE?PCF85063BTL                  -----    -----      -----    -----      -----    -----
  +--> ?PR?_PCF85063BTL_DELAY?PCF85063BTL

?PR?_ELEVATION_CALCULATION?BIPOLARMOTOR          -----    -----      -----    -----      03FCH    0005H
  +--> ?PR?_BCDTODEC1?BIPOLARMOTOR
  +--> ?PR?SUNPOS?SUNPOS
  +--> ?PR?SIN?SIN
  +--> ?PR?ASIN?ASIN

?PR?SUNPOS?SUNPOS                                -----    -----      -----    -----      0446H    005DH
  +--> ?PR?SIN?SIN
  +--> ?PR?_ATAN2?ATAN2
  +--> ?PR?ASIN?ASIN
  +--> ?PR?ACOS?ACOS

?PR?SIN?SIN                                      0020H.1  0000H.1    -----    -----      04A3H    0004H

?PR?_ATAN2?ATAN2                                 -----    -----      -----    -----      04A3H    0008H
BL51 BANKED LINKER/LOCATER V6.22                                                      08/28/2019  10:29:20  PAGE 8


  +--> ?PR?ATAN?ATAN

?PR?ATAN?ATAN                                    0020H.1  0000H.2    -----    -----      04ABH    0004H

?PR?ASIN?ASIN                                    -----    -----      -----    -----      -----    -----
  +--> ?PR?SQRT?SQRT
  +--> ?PR?ATAN?ATAN

?PR?SQRT?SQRT                                    -----    -----      -----    -----      04A3H    0004H

?PR?ACOS?ACOS                                    -----    -----      -----    -----      -----    -----
  +--> ?PR?SQRT?SQRT
  +--> ?PR?ATAN?ATAN

?PR?_AZIMUTH_CALCULATION?BIPOLARMOTOR            -----    -----      -----    -----      03FCH    0009H
  +--> ?PR?_BCDTODEC1?BIPOLARMOTOR
  +--> ?PR?SUNPOS?SUNPOS
  +--> ?PR?SIN?SIN
  +--> ?PR?ASIN?ASIN

?PR?PRINTF?PRINTF                                0020H.1  0001H.1    0008H    0005H      04F1H    0030H
  +--> ?PR?PUTCHAR?PUTCHAR

?PR?_CALIBRATION?CALIBRATION                     -----    -----      -----    -----      03FCH    0024H
  +--> ?PR?VOLTAGE_IS_STABLE?CALIBRATION
  +--> ?PR?_UPDATE_POSITION?BIPOLARMOTOR
  +--> ?PR?_FIND_REAL_MAX?CALIBRATION

?PR?VOLTAGE_IS_STABLE?CALIBRATION                -----    -----      -----    -----      0420H    0018H
  +--> ?PR?_ADC_GETRESULT?ADC
  +--> ?PR?_ABS?ABS

?PR?_UPDATE_POSITION?BIPOLARMOTOR                -----    -----      -----    -----      0420H    0026H
  +--> ?PR?_BCDTODEC1?BIPOLARMOTOR
  +--> ?PR?SUNPOS?SUNPOS
  +--> ?PR?SIN?SIN
  +--> ?PR?ASIN?ASIN
  +--> ?PR?_THEORICALJP_POSITION?BIPOLARMOTOR
  +--> ?PR?_FABS?FABS
  +--> ?PR?_MOVE?BIPOLARMOTOR

?PR?_THEORICALJP_POSITION?BIPOLARMOTOR           -----    -----      -----    -----      0446H    005CH
  +--> ?PR?LINEAR_INTERPOLATE?BIPOLARMOTOR

?PR?LINEAR_INTERPOLATE?BIPOLARMOTOR              -----    -----      -----    -----      04A2H    0014H

?PR?_MOVE?BIPOLARMOTOR                           0020H.1  0000H.1    -----    -----      04F1H    0004H
  +--> ?PR?_STEP_MOVE?BIPOLARMOTOR

?PR?_FIND_REAL_MAX?CALIBRATION                   -----    -----      -----    -----      0420H    00D1H
  +--> ?PR?_ADC_GETRESULT?ADC
  +--> ?PR?_WAIT_MS?LCD_DRIVER_SPLC780D
  +--> ?CO?CALIBRATION
  +--> ?PR?PRINTF?PRINTF
  +--> ?PR?_SENDSTRING?UART1
  +--> ?PR?_COMMAND?LCD_DRIVER_SPLC780D
  +--> ?PR?_WRITEDATA?LCD_DRIVER_SPLC780D
BL51 BANKED LINKER/LOCATER V6.22                                                      08/28/2019  10:29:20  PAGE 9


  +--> ?PR?_DISPLAY_POS?LCD_DRIVER_SPLC780D
  +--> ?PR?_MOVE?BIPOLARMOTOR
  +--> ?PR?_READ_TIME?PCF85063BTL
  +--> ?PR?_BCDTODEC1?BIPOLARMOTOR
  +--> ?PR?_MAX_VALUE?CALIBRATION

?PR?_MAX_VALUE?CALIBRATION                       -----    -----      -----    -----      04F1H    0004H

?PR?_AT25SF041_READ?AT25SF041                    -----    -----      -----    -----      03FCH    0008H
  +--> ?PR?_WAIT_MS_SPINOR?AT25SF041
  +--> ?PR?UCREAD_STATUS_REGISTER_BYTE1?AT25...

?PR?UCREAD_STATUS_REGISTER_BYTE1?AT25...         -----    -----      -----    -----      0412H    0003H
  +--> ?PR?_WAIT_MS_SPINOR?AT25SF041

?PR?AT25SF041_WRITEENABLE?AT25SF041              -----    -----      -----    -----      040AH    0002H
  +--> ?PR?_WAIT_MS_SPINOR?AT25SF041
  +--> ?PR?UCREAD_STATUS_REGISTER_BYTE1?AT25...

?PR?_AT25SF041_WRITE?AT25SF041                   -----    -----      -----    -----      040AH    0008H
  +--> ?PR?_WAIT_MS_SPINOR?AT25SF041
  +--> ?PR?UCREAD_STATUS_REGISTER_BYTE1?AT25...

?PR?SPI_NOR_WRITE_DATA?AT25SF041                 -----    -----      -----    -----      03FCH    000EH
  +--> ?PR?AT25SF041_WRITEENABLE?AT25SF041
  +--> ?PR?_AT25SF041_WRITE?AT25SF041
  +--> ?PR?_WAIT_MS_SPINOR?AT25SF041

?PR?AT25SF041_CHIPERASE?AT25SF041                -----    -----      -----    -----      03FCH    0002H
  +--> ?PR?_WAIT_MS_SPINOR?AT25SF041
  +--> ?PR?UCREAD_STATUS_REGISTER_BYTE1?AT25...



SYMBOL TABLE OF MODULE:  .\Obj\GPIO_RTC_Test (MAIN)

  VALUE           TYPE          NAME
  ----------------------------------

  -------         MODULE        MAIN
  C:0000H         SYMBOL        _ICE_DUMMY_
  X:0529H         PUBLIC        calib_value
  D:0080H         PUBLIC        P0
  D:0090H         PUBLIC        P1
  D:00A0H         PUBLIC        P2
  D:00B0H         PUBLIC        P3
  D:00C0H         PUBLIC        P4
  D:00C8H         PUBLIC        P5
  X:057DH         SYMBOL        PressedKey
  B:00A8H.7       PUBLIC        EA
  D:00E8H         PUBLIC        P6
  X:0581H         PUBLIC        calib_stamp
  D:00F8H         PUBLIC        P7
  X:0582H         PUBLIC        sTempString
  X:058BH         PUBLIC        calib_bool
  X:05B5H         PUBLIC        pwm_time_min
  D:00A8H         PUBLIC        IE
BL51 BANKED LINKER/LOCATER V6.22                                                      08/28/2019  10:29:20  PAGE 10


  X:05B9H         PUBLIC        calib_time
  X:060DH         PUBLIC        pwm_time_max
  B:0090H.7       PUBLIC        Connect_Electronics_Load
  D:00B8H         PUBLIC        IP
  B:0098H.0       PUBLIC        RI
  B:00B0H.2       PUBLIC        INT0
  X:0611H         PUBLIC        months
  B:0098H.1       PUBLIC        TI
  C:000EH         PUBLIC        Uart
  D:00D8H         PUBLIC        CCON
  C:0026H         PUBLIC        main
  X:0612H         PUBLIC        found_1st_point
  X:0614H         PUBLIC        i_point1
  X:0616H         PUBLIC        i_point2
  X:0618H         PUBLIC        count
  B:0090H.2       PUBLIC        Connect_IV_Load
  D:0099H         PUBLIC        SBUF
  X:061AH         PUBLIC        days
  X:061BH         PUBLIC        hours
  D:0098H         PUBLIC        SCON
  D:0089H         PUBLIC        TMOD
  D:0088H         PUBLIC        TCON
  B:00A0H.3       PUBLIC        P23
  X:061CH         SYMBOL        KeyCount
  X:061EH         PUBLIC        mins
  B:00C8H.5       PUBLIC        P55
  X:061FH         PUBLIC        diff_of_offset
  D:008EH         PUBLIC        AUXR
  C:79C0H         PUBLIC        tm0_isr
  B:0090H.5       PUBLIC        SI1120_STX
  C:7BD5H         PUBLIC        tm1_isr
  B:0021H.2       PUBLIC        busy
  D:00E0H         PUBLIC        ACC
  B:00A8H.1       PUBLIC        ET0
  B:00A8H.3       PUBLIC        ET1
  X:0623H         PUBLIC        SPI_NOR_INTERNAL_FLASH_ADDR
  D:008CH         PUBLIC        TH0
  D:008DH         PUBLIC        TH1
  D:008AH         PUBLIC        TL0
  D:008BH         PUBLIC        TL1
  X:0627H         PUBLIC        ii
  X:0629H         PUBLIC        jj
  B:0088H.4       PUBLIC        TR0
  B:0088H.6       PUBLIC        TR1
  X:062BH         PUBLIC        old_mins
  C:6B39H         PUBLIC        exint0
  X:062CH         SYMBOL        KeyNum
  X:062DH         SYMBOL        KeyNum_Old
  X:062EH         PUBLIC        timer0_count
  X:0630H         PUBLIC        current_position
  X:0634H         PUBLIC        pwm_time
  X:0638H         PUBLIC        i
  X:063AH         PUBLIC        j
  X:063CH         PUBLIC        start_timer0_count
  X:063DH         PUBLIC        seconds
  D:00D0H         PUBLIC        PSW
  C:7BDEH         PUBLIC        _SendUART1
BL51 BANKED LINKER/LOCATER V6.22                                                      08/28/2019  10:29:20  PAGE 11


  -------         PROC          TM0_ISR
  C:79C0H         LINE#         110
  C:79C6H         LINE#         114
  C:79C9H         LINE#         115
  C:79CCH         LINE#         116
  C:79DAH         LINE#         117
  -------         ENDPROC       TM0_ISR
  -------         PROC          TM1_ISR
  C:7BD5H         LINE#         118
  C:7BD5H         LINE#         120
  C:7BD7H         LINE#         122
  C:7BDAH         LINE#         123
  C:7BDDH         LINE#         124
  -------         ENDPROC       TM1_ISR
  -------         PROC          EXINT0
  C:6B39H         LINE#         125
  C:6B56H         LINE#         129
  C:6B59H         LINE#         130
  C:6B59H         LINE#         131
  C:6B5CH         LINE#         132
  C:6B5FH         LINE#         133
  C:6B61H         LINE#         134
  C:6B63H         LINE#         138
  C:6B66H         LINE#         141
  C:6B66H         LINE#         142
  C:6B68H         LINE#         144
  C:6B74H         LINE#         145
  C:6BCEH         LINE#         146
  C:6C0CH         LINE#         147
  C:6C13H         LINE#         152
  C:6C13H         LINE#         154
  -------         ENDPROC       EXINT0
  -------         PROC          MAIN
  -------         DO            
  X:0521H         SYMBOL        KeyCount
  X:0523H         SYMBOL        KeyNum_Old
  X:0524H         SYMBOL        KeyNum
  X:0525H         SYMBOL        PressedKey
  X:03CAH         SYMBOL        prox_flag
  X:03CBH         SYMBOL        iUse_prevday_calib_value
  X:03CDH         SYMBOL        max_ADC_Val_JP
  X:03CFH         SYMBOL        max_ADC_Val
  X:03D1H         SYMBOL        calib_point1
  X:03D9H         SYMBOL        calib_point2
  X:03E1H         SYMBOL        dat_to_store
  X:03ECH         SYMBOL        calib_day
  X:03EEH         SYMBOL        calib_count
  X:03F0H         SYMBOL        theorical_JP_max_pos
  X:03F4H         SYMBOL        elevation
  X:03F8H         SYMBOL        azimuth
  -------         ENDDO         
  C:0026H         LINE#         156
  C:0026H         LINE#         157
  C:0026H         LINE#         162
  C:002CH         LINE#         163
  C:0031H         LINE#         165
  C:0039H         LINE#         169
BL51 BANKED LINKER/LOCATER V6.22                                                      08/28/2019  10:29:20  PAGE 12


  C:003FH         LINE#         170
  C:0049H         LINE#         181
  C:0051H         LINE#         182
  C:0058H         LINE#         183
  C:005EH         LINE#         185
  C:0064H         LINE#         197
  C:0067H         LINE#         198
  C:006AH         LINE#         199
  C:006DH         LINE#         201
  C:0070H         LINE#         204
  C:0073H         LINE#         205
  C:0076H         LINE#         207
  C:0079H         LINE#         209
  C:007CH         LINE#         210
  C:007FH         LINE#         211
  C:0082H         LINE#         212
  C:0084H         LINE#         213
  C:0086H         LINE#         214
  C:0089H         LINE#         215
  C:008BH         LINE#         216
  C:008DH         LINE#         218
  C:008FH         LINE#         219
  C:0096H         LINE#         220
  C:009DH         LINE#         221
  C:00A4H         LINE#         222
  C:00ABH         LINE#         226
  C:00B2H         LINE#         227
  C:00B7H         LINE#         228
  C:00BCH         LINE#         229
  C:00C1H         LINE#         230
  C:00C6H         LINE#         231
  C:00CBH         LINE#         234
  C:00D2H         LINE#         235
  C:00D2H         LINE#         236
  C:00F5H         LINE#         237
  C:013FH         LINE#         238
  C:0154H         LINE#         239
  C:0171H         LINE#         240
  C:0174H         LINE#         243
  C:017BH         LINE#         246
  C:017EH         LINE#         248
  C:0185H         LINE#         249
  C:018EH         LINE#         252
  C:018EH         LINE#         253
  C:018EH         LINE#         254
  C:0191H         LINE#         264
  C:0191H         LINE#         268
  C:0196H         LINE#         269
  C:019BH         LINE#         271
  C:01A0H         LINE#         273
  C:01A5H         LINE#         274
  C:01AAH         LINE#         277
  C:01BBH         LINE#         279
  C:01C0H         LINE#         280
  C:01C5H         LINE#         282
  C:01CCH         LINE#         283
  C:01D4H         LINE#         284
BL51 BANKED LINKER/LOCATER V6.22                                                      08/28/2019  10:29:20  PAGE 13


  C:01D9H         LINE#         285
  C:01E1H         LINE#         286
  C:01E6H         LINE#         287
  C:01F0H         LINE#         288
  C:01F5H         LINE#         289
  C:01FDH         LINE#         291
  C:0205H         LINE#         292
  C:020AH         LINE#         293
  C:0214H         LINE#         294
  C:0214H         LINE#         295
  C:0216H         LINE#         296
  C:0218H         LINE#         297
  C:0222H         LINE#         298
  C:0222H         LINE#         299
  C:0227H         LINE#         300
  C:0227H         LINE#         312
  C:023BH         LINE#         313
  C:023BH         LINE#         314
  C:0250H         LINE#         315
  C:025FH         LINE#         316
  C:025FH         LINE#         317
  C:0272H         LINE#         318
  C:0274H         LINE#         320
  C:0274H         LINE#         321
  C:0290H         LINE#         322
  C:0290H         LINE#         323
  C:0295H         LINE#         324
  C:0295H         LINE#         325
  C:02A9H         LINE#         326
  C:02A9H         LINE#         329
  C:02BEH         LINE#         330
  C:02CDH         LINE#         331
  C:02CDH         LINE#         332
  C:02E0H         LINE#         333
  C:02E2H         LINE#         335
  C:02E2H         LINE#         336
  C:02FEH         LINE#         337
  C:02FEH         LINE#         338
  C:0303H         LINE#         339
  C:0309H         LINE#         340
  C:0309H         LINE#         342
  C:032BH         LINE#         343
  C:032BH         LINE#         344
  C:0335H         LINE#         345
  C:033BH         LINE#         346
  C:0342H         LINE#         347
  C:0348H         LINE#         348
  C:034FH         LINE#         349
  C:034FH         LINE#         350
  C:0352H         LINE#         352
  C:0352H         LINE#         357
  C:035AH         LINE#         358
  C:0395H         LINE#         359
  C:03B3H         LINE#         360
  C:03B3H         LINE#         362
  C:03BCH         LINE#         363
  C:03C3H         LINE#         364
BL51 BANKED LINKER/LOCATER V6.22                                                      08/28/2019  10:29:20  PAGE 14


  C:03CCH         LINE#         365
  C:03D3H         LINE#         367
  C:03D3H         LINE#         371
  C:03E0H         LINE#         372
  C:03E0H         LINE#         375
  C:03E7H         LINE#         376
  C:03F8H         LINE#         379
  C:03F8H         LINE#         380
  C:0420H         LINE#         381
  C:0420H         LINE#         382
  C:0442H         LINE#         383
  C:0442H         LINE#         385
  C:0468H         LINE#         386
  C:04A4H         LINE#         387
  C:04FAH         LINE#         388
  C:0503H         LINE#         389
  C:050AH         LINE#         390
  C:0513H         LINE#         391
  C:051CH         LINE#         392
  C:0523H         LINE#         396
  C:0560H         LINE#         404
  C:0560H         LINE#         406
  C:05DCH         LINE#         407
  C:05F5H         LINE#         408
  C:05F7H         LINE#         409
  C:05F9H         LINE#         411
  C:0683H         LINE#         416
  C:06B1H         LINE#         417
  C:06B1H         LINE#         419
  C:06E7H         LINE#         420
  C:070AH         LINE#         421
  C:071FH         LINE#         422
  C:0729H         LINE#         424
  C:072CH         LINE#         426
  C:072CH         LINE#         427
  C:0752H         LINE#         428
  C:0752H         LINE#         429
  C:077AH         LINE#         430
  C:0829H         LINE#         431
  C:084FH         LINE#         432
  C:0901H         LINE#         435
  C:0901H         LINE#         437
  C:0908H         LINE#         438
  C:090BH         LINE#         441
  C:0940H         LINE#         442
  C:0947H         LINE#         443
  C:094AH         LINE#         445
  C:0984H         LINE#         446
  C:09B0H         LINE#         448
  C:09DFH         LINE#         450
  C:09E6H         LINE#         451
  C:09EDH         LINE#         452
  C:09F0H         LINE#         455
  C:0A58H         LINE#         457
  C:0A5FH         LINE#         459
  C:0A66H         LINE#         460
  C:0A69H         LINE#         463
BL51 BANKED LINKER/LOCATER V6.22                                                      08/28/2019  10:29:20  PAGE 15


  C:0B28H         LINE#         465
  C:0B2FH         LINE#         466
  C:0B2FH         LINE#         468
  C:0B32H         LINE#         470
  C:0B32H         LINE#         472
  C:0B39H         LINE#         473
  C:0B39H         LINE#         474
  C:0B3CH         LINE#         475
  C:0B5AH         LINE#         476
  C:0B61H         LINE#         477
  C:0B80H         LINE#         478
  C:0B9FH         LINE#         480
  C:0C1BH         LINE#         481
  C:0C33H         LINE#         483
  C:0C35H         LINE#         484
  C:0C37H         LINE#         485
  C:0C8FH         LINE#         486
  C:0CCAH         LINE#         487
  C:0CD7H         LINE#         488
  C:0CE6H         LINE#         489
  C:0CE6H         LINE#         491
  C:0CEEH         LINE#         492
  C:0CF6H         LINE#         493
  C:0CFEH         LINE#         494
  C:0D06H         LINE#         496
  C:0D1AH         LINE#         497
  C:0D30H         LINE#         498
  C:0D60H         LINE#         499
  C:0D80H         LINE#         501
  C:0D94H         LINE#         502
  C:0DAAH         LINE#         503
  C:0DDAH         LINE#         504
  C:0DE1H         LINE#         506
  C:0E05H         LINE#         509
  C:0E30H         LINE#         511
  C:0E39H         LINE#         512
  C:0E40H         LINE#         513
  C:0E49H         LINE#         514
  C:0E52H         LINE#         515
  C:0E59H         LINE#         517
  C:0E96H         LINE#         519
  C:0E9FH         LINE#         520
  C:0EA6H         LINE#         521
  C:0EAFH         LINE#         522
  C:0EB8H         LINE#         523
  C:0EBFH         LINE#         525
  C:0EEAH         LINE#         527
  C:0EF3H         LINE#         528
  C:0EFAH         LINE#         529
  C:0F03H         LINE#         530
  C:0F0CH         LINE#         531
  C:0F13H         LINE#         533
  C:0F3EH         LINE#         535
  C:0F47H         LINE#         536
  C:0F4EH         LINE#         537
  C:0F57H         LINE#         538
  C:0F5EH         LINE#         539
BL51 BANKED LINKER/LOCATER V6.22                                                      08/28/2019  10:29:20  PAGE 16


  C:0F67H         LINE#         540
  C:0F6EH         LINE#         542
  C:0F70H         LINE#         544
  C:0F7EH         LINE#         545
  C:0F7EH         LINE#         546
  C:0F86H         LINE#         549
  C:0F86H         LINE#         550
  C:0F86H         LINE#         552
  C:0FABH         LINE#         553
  C:0FABH         LINE#         554
  C:0FCDH         LINE#         555
  C:0FCDH         LINE#         556
  C:1049H         LINE#         557
  C:104BH         LINE#         558
  C:104DH         LINE#         560
  C:10A5H         LINE#         563
  C:10B4H         LINE#         564
  C:10B4H         LINE#         565
  C:10B4H         LINE#         566
  C:10B4H         LINE#         567
  C:10B4H         LINE#         568
  C:10B4H         LINE#         569
  C:10B4H         LINE#         570
  C:10B4H         LINE#         573
  C:10B4H         LINE#         575
  C:10B4H         LINE#         576
  C:10B4H         LINE#         577
  C:10B4H         LINE#         578
  C:10B4H         LINE#         582
  C:10B4H         LINE#         584
  C:10B4H         LINE#         586
  C:10B4H         LINE#         587
  C:10B4H         LINE#         588
  C:10B4H         LINE#         589
  C:10B4H         LINE#         590
  C:10B4H         LINE#         591
  C:10B4H         LINE#         594
  C:10B4H         LINE#         596
  C:10B4H         LINE#         597
  C:10B4H         LINE#         598
  C:10B4H         LINE#         599
  C:10B4H         LINE#         600
  C:10B4H         LINE#         601
  C:10B4H         LINE#         602
  C:10B4H         LINE#         604
  C:10B7H         LINE#         607
  C:10DEH         LINE#         608
  C:10DEH         LINE#         611
  C:1100H         LINE#         612
  C:1100H         LINE#         614
  C:117CH         LINE#         616
  C:11A9H         LINE#         617
  C:11C4H         LINE#         623
  C:11C6H         LINE#         624
  C:11C8H         LINE#         632
  C:11F5H         LINE#         634
  C:121CH         LINE#         635
BL51 BANKED LINKER/LOCATER V6.22                                                      08/28/2019  10:29:20  PAGE 17


  C:1290H         LINE#         637
  C:131CH         LINE#         641
  C:133CH         LINE#         642
  C:133CH         LINE#         643
  C:13A4H         LINE#         644
  C:13A7H         LINE#         646
  C:13A7H         LINE#         647
  C:13CFH         LINE#         648
  C:1443H         LINE#         650
  C:14BEH         LINE#         653
  C:1620H         LINE#         658
  C:1620H         LINE#         661
  C:162FH         LINE#         662
  C:162FH         LINE#         663
  C:16ADH         LINE#         664
  C:16B6H         LINE#         665
  C:16BDH         LINE#         666
  C:16C6H         LINE#         667
  C:16CFH         LINE#         668
  C:16D6H         LINE#         671
  C:1701H         LINE#         673
  C:170AH         LINE#         674
  C:1711H         LINE#         675
  C:171AH         LINE#         676
  C:1723H         LINE#         680
  C:172AH         LINE#         682
  C:1755H         LINE#         684
  C:175EH         LINE#         685
  C:1765H         LINE#         686
  C:176EH         LINE#         687
  C:1775H         LINE#         689
  C:177EH         LINE#         690
  C:1785H         LINE#         693
  C:17C3H         LINE#         695
  C:17CCH         LINE#         696
  C:17D3H         LINE#         697
  C:17DCH         LINE#         698
  C:17E5H         LINE#         699
  C:17ECH         LINE#         700
  C:17ECH         LINE#         702
  C:17ECH         LINE#         704
  C:17ECH         LINE#         705
  C:17ECH         LINE#         707
  C:17ECH         LINE#         711
  C:1808H         LINE#         712
  C:1808H         LINE#         713
  C:180AH         LINE#         716
  C:180DH         LINE#         718
  C:183BH         LINE#         719
  C:183BH         LINE#         720
  C:183DH         LINE#         722
  C:184CH         LINE#         723
  C:184CH         LINE#         725
  C:184FH         LINE#         727
  C:1852H         LINE#         728
  C:1859H         LINE#         730
  C:1875H         LINE#         731
BL51 BANKED LINKER/LOCATER V6.22                                                      08/28/2019  10:29:20  PAGE 18


  C:1875H         LINE#         732
  C:1892H         LINE#         733
  C:1892H         LINE#         734
  C:1898H         LINE#         735
  C:189BH         LINE#         738
  C:18D0H         LINE#         739
  C:18D7H         LINE#         740
  C:18DAH         LINE#         742
  C:1914H         LINE#         743
  C:192AH         LINE#         745
  C:1943H         LINE#         747
  C:194AH         LINE#         748
  C:1951H         LINE#         749
  C:1954H         LINE#         752
  C:19A9H         LINE#         754
  C:19B0H         LINE#         756
  C:19B7H         LINE#         757
  C:19BAH         LINE#         760
  C:1A66H         LINE#         762
  C:1A6DH         LINE#         763
  C:1A6DH         LINE#         764
  C:1A7EH         LINE#         766
  C:1A7EH         LINE#         770
  C:1A85H         LINE#         771
  C:1A85H         LINE#         774
  C:1A94H         LINE#         775
  C:1A94H         LINE#         776
  C:1AC6H         LINE#         777
  C:1AC6H         LINE#         778
  C:1B45H         LINE#         780
  C:1B4CH         LINE#         781
  C:1B4FH         LINE#         783
  C:1B89H         LINE#         784
  C:1B9FH         LINE#         786
  C:1BB8H         LINE#         788
  C:1BBFH         LINE#         789
  C:1BC6H         LINE#         790
  C:1BC9H         LINE#         792
  C:1C1EH         LINE#         793
  C:1C25H         LINE#         795
  C:1C2CH         LINE#         796
  C:1C2FH         LINE#         798
  C:1CDBH         LINE#         799
  C:1CE2H         LINE#         801
  C:1CE9H         LINE#         802
  C:1CECH         LINE#         804
  C:1D10H         LINE#         805
  C:1D17H         LINE#         806
  C:1D28H         LINE#         809
  C:1D3CH         LINE#         810
  C:1D50H         LINE#         811
  C:1D5FH         LINE#         812
  C:1D5FH         LINE#         814
  C:1D8BH         LINE#         815
  C:1D8BH         LINE#         816
  C:1DB8H         LINE#         823
  C:1DD3H         LINE#         826
BL51 BANKED LINKER/LOCATER V6.22                                                      08/28/2019  10:29:20  PAGE 19


  C:1DE2H         LINE#         827
  C:1DE5H         LINE#         830
  C:1E15H         LINE#         831
  C:1E15H         LINE#         833
  C:1E42H         LINE#         839
  C:1E5DH         LINE#         842
  C:1E6DH         LINE#         843
  C:1E73H         LINE#         844
  C:1E87H         LINE#         845
  C:1E9BH         LINE#         846
  C:1EA3H         LINE#         847
  C:1EB0H         LINE#         848
  C:1EB0H         LINE#         849
  C:1ED4H         LINE#         850
  C:1ED4H         LINE#         851
  C:1F1EH         LINE#         852
  C:1F25H         LINE#         853
  C:1F28H         LINE#         856
  C:1F4CH         LINE#         858
  C:1F53H         LINE#         859
  C:1F56H         LINE#         861
  C:1F89H         LINE#         862
  C:1FA8H         LINE#         864
  C:1FCAH         LINE#         866
  C:1FD1H         LINE#         868
  C:1FD8H         LINE#         869
  C:1FDBH         LINE#         871
  C:2030H         LINE#         872
  C:2037H         LINE#         874
  C:203EH         LINE#         875
  C:2041H         LINE#         877
  C:20EDH         LINE#         878
  C:20F4H         LINE#         879
  C:2105H         LINE#         880
  C:2105H         LINE#         881
  C:2105H         LINE#         885
  C:2127H         LINE#         886
  C:2134H         LINE#         887
  C:2134H         LINE#         888
  C:2157H         LINE#         889
  C:2157H         LINE#         890
  C:21A7H         LINE#         891
  C:21A7H         LINE#         892
  C:21AEH         LINE#         893
  C:21B1H         LINE#         895
  C:21EBH         LINE#         896
  C:2201H         LINE#         898
  C:221AH         LINE#         900
  C:2221H         LINE#         901
  C:2228H         LINE#         902
  C:222BH         LINE#         904
  C:2280H         LINE#         905
  C:2287H         LINE#         907
  C:228EH         LINE#         908
  C:2291H         LINE#         910
  C:233DH         LINE#         911
  C:2344H         LINE#         913
BL51 BANKED LINKER/LOCATER V6.22                                                      08/28/2019  10:29:20  PAGE 20


  C:234BH         LINE#         914
  C:234EH         LINE#         916
  C:2372H         LINE#         917
  C:2379H         LINE#         918
  C:2379H         LINE#         919
  C:238AH         LINE#         920
  C:238AH         LINE#         921
  C:238AH         LINE#         922
  C:23B4H         LINE#         923
  C:23B4H         LINE#         926
  C:23BBH         LINE#         927
  C:23C2H         LINE#         929
  C:23C8H         LINE#         930
  C:23C8H         LINE#         931
  C:23EBH         LINE#         932
  C:2400H         LINE#         934
  C:241AH         LINE#         936
  C:241AH         LINE#         939
  C:2429H         LINE#         940
  C:2429H         LINE#         941
  C:242CH         LINE#         942
  C:2433H         LINE#         943
  C:2438H         LINE#         944
  C:243DH         LINE#         945
  C:2442H         LINE#         946
  C:2447H         LINE#         947
  C:244CH         LINE#         957
  C:244FH         LINE#         959
  C:2452H         LINE#         960
  C:2459H         LINE#         961
  C:2463H         LINE#         962
  C:246AH         LINE#         964
  C:246DH         LINE#         973
  C:246DH         LINE#         974
  -------         ENDPROC       MAIN
  -------         PROC          UART
  C:000EH         LINE#         988
  C:000EH         LINE#         990
  C:0011H         LINE#         991
  C:0011H         LINE#         992
  C:0013H         LINE#         994
  C:0013H         LINE#         995
  C:0016H         LINE#         996
  C:0016H         LINE#         997
  C:0018H         LINE#         998
  C:001AH         LINE#         999
  C:001AH         LINE#         1000
  -------         ENDPROC       UART
  -------         PROC          _SENDUART1
  D:0007H         SYMBOL        dat
  C:7BDEH         LINE#         1002
  C:7BDEH         LINE#         1003
  C:7BDEH         LINE#         1004
  C:7BE1H         LINE#         1005
  C:7BE3H         LINE#         1006
  C:7BE4H         LINE#         1007
  C:7BE6H         LINE#         1008
BL51 BANKED LINKER/LOCATER V6.22                                                      08/28/2019  10:29:20  PAGE 21


  -------         ENDPROC       _SENDUART1
  -------         ENDMOD        MAIN

  -------         MODULE        PCF85063BTL
  C:0000H         SYMBOL        _ICE_DUMMY_
  D:0096H         PUBLIC        P2M0
  D:0080H         PUBLIC        P0
  D:0095H         PUBLIC        P2M1
  D:0090H         PUBLIC        P1
  D:00A0H         PUBLIC        P2
  D:00B0H         PUBLIC        P3
  D:00C0H         PUBLIC        P4
  D:00C8H         PUBLIC        P5
  D:00E8H         PUBLIC        P6
  B:00A0H.1       PUBLIC        PCF85063BTL_SDI
  D:00F8H         PUBLIC        P7
  B:00A0H.2       PUBLIC        PCF85063BTL_SCK
  B:00A0H.1       PUBLIC        PCF85063BTL_SDO
  D:00A8H         PUBLIC        IE
  C:7453H         PUBLIC        _Read_time
  C:7B00H         PUBLIC        _PCF85063BTL_Delay
  D:00B8H         PUBLIC        IP
  D:00D8H         PUBLIC        CCON
  C:72E0H         PUBLIC        _Day_Of_Year
  C:7A01H         PUBLIC        SPI_ReceiveByte
  D:0098H         PUBLIC        SCON
  D:0088H         PUBLIC        TCON
  C:7B33H         PUBLIC        _BCDtoDec
  B:00A0H.0       PUBLIC        PCF85063BTL_CS
  C:7B22H         PUBLIC        _SPI_ReadTime
  C:7B82H         PUBLIC        SPI_Init
  C:7A76H         PUBLIC        _SPI_WriteTime
  C:79E1H         PUBLIC        _SPI_SendByte
  D:00D0H         PUBLIC        PSW
  C:7AFCH         SYMBOL        L?0048
  -------         PROC          L?0047
  -------         ENDPROC       L?0047
  C:7AFCH         SYMBOL        L?0048
  -------         PROC          _PCF85063BTL_DELAY
  D:0006H         SYMBOL        us
  C:7B00H         LINE#         8
  C:7B00H         LINE#         9
  C:7B00H         LINE#         10
  C:7B0AH         LINE#         11
  C:7B0AH         LINE#         12
  C:7B0BH         LINE#         13
  C:7B0DH         LINE#         14
  -------         ENDPROC       _PCF85063BTL_DELAY
  -------         PROC          _SPI_SENDBYTE
  D:0005H         SYMBOL        dat
  -------         DO            
  D:0003H         SYMBOL        i
  -------         ENDDO         
  C:79E1H         LINE#         17
  C:79E3H         LINE#         18
  C:79E3H         LINE#         20
  C:79E5H         LINE#         21
BL51 BANKED LINKER/LOCATER V6.22                                                      08/28/2019  10:29:20  PAGE 22


  C:79E5H         LINE#         22
  C:79E7H         LINE#         23
  C:79EBH         LINE#         24
  C:79EBH         LINE#         25
  C:79EDH         LINE#         26
  C:79EFH         LINE#         28
  C:79EFH         LINE#         29
  C:79F1H         LINE#         30
  C:79F1H         LINE#         31
  C:79F4H         LINE#         32
  C:79F4H         LINE#         33
  C:79F7H         LINE#         34
  C:79FBH         LINE#         35
  C:7A00H         LINE#         36
  -------         ENDPROC       _SPI_SENDBYTE
  -------         PROC          SPI_RECEIVEBYTE
  -------         DO            
  D:0003H         SYMBOL        i
  D:0005H         SYMBOL        dat
  -------         ENDDO         
  C:7A01H         LINE#         39
  C:7A01H         LINE#         40
  C:7A01H         LINE#         42
  C:7A03H         LINE#         44
  C:7A05H         LINE#         45
  C:7A06H         LINE#         46
  C:7A06H         LINE#         47
  C:7A0AH         LINE#         48
  C:7A0CH         LINE#         49
  C:7A0FH         LINE#         51
  C:7A12H         LINE#         52
  C:7A12H         LINE#         53
  C:7A16H         LINE#         54
  C:7A16H         LINE#         55
  C:7A16H         LINE#         56
  C:7A19H         LINE#         57
  C:7A1EH         LINE#         58
  C:7A20H         LINE#         59
  -------         ENDPROC       SPI_RECEIVEBYTE
  -------         PROC          _SPI_READTIME
  D:0007H         SYMBOL        addr
  -------         DO            
  D:0006H         SYMBOL        dat
  -------         ENDDO         
  C:7B22H         LINE#         61
  C:7B22H         LINE#         62
  C:7B22H         LINE#         64
  C:7B24H         LINE#         65
  C:7B26H         LINE#         66
  C:7B2DH         LINE#         67
  C:7B30H         LINE#         68
  C:7B32H         LINE#         69
  C:7B32H         LINE#         70
  -------         ENDPROC       _SPI_READTIME
  -------         PROC          _SPI_WRITETIME
  D:0002H         SYMBOL        val
  D:0005H         SYMBOL        addr
BL51 BANKED LINKER/LOCATER V6.22                                                      08/28/2019  10:29:20  PAGE 23


  C:7A76H         LINE#         71
  C:7A78H         LINE#         72
  C:7A78H         LINE#         74
  C:7A7AH         LINE#         75
  C:7A81H         LINE#         76
  C:7A86H         LINE#         77
  C:7A8BH         LINE#         78
  C:7A8DH         LINE#         79
  -------         ENDPROC       _SPI_WRITETIME
  -------         PROC          SPI_INIT
  C:7B82H         LINE#         83
  C:7B82H         LINE#         84
  C:7B82H         LINE#         89
  C:7B85H         LINE#         90
  C:7B88H         LINE#         91
  C:7B8AH         LINE#         92
  C:7B8CH         LINE#         93
  C:7B8EH         LINE#         94
  -------         ENDPROC       SPI_INIT
  -------         PROC          _READ_TIME
  X:04F1H         SYMBOL        months
  X:04F4H         SYMBOL        days
  X:04F7H         SYMBOL        hours
  X:04FAH         SYMBOL        mins
  X:04FDH         SYMBOL        seconds
  C:7453H         LINE#         96
  C:745EH         LINE#         97
  C:745EH         LINE#         99
  C:7472H         LINE#         101
  C:7486H         LINE#         103
  C:749AH         LINE#         108
  C:74AEH         LINE#         113
  -------         ENDPROC       _READ_TIME
  -------         PROC          _BCDTODEC
  D:0007H         SYMBOL        bcd
  -------         DO            
  D:0006H         SYMBOL        hi
  D:0007H         SYMBOL        lo
  -------         ENDDO         
  C:7B33H         LINE#         119
  C:7B33H         LINE#         120
  C:7B33H         LINE#         122
  C:7B38H         LINE#         123
  C:7B3CH         LINE#         124
  C:7B43H         LINE#         125
  -------         ENDPROC       _BCDTODEC
  -------         PROC          _DAY_OF_YEAR
  D:0007H         SYMBOL        months_bcd
  D:0005H         SYMBOL        days_bcd
  -------         DO            
  D:0004H         SYMBOL        months
  D:0007H         SYMBOL        days
  -------         ENDDO         
  C:72E0H         LINE#         126
  C:72E0H         LINE#         127
  C:72E0H         LINE#         130
  C:72E5H         LINE#         132
BL51 BANKED LINKER/LOCATER V6.22                                                      08/28/2019  10:29:20  PAGE 24


  C:72EAH         LINE#         134
  C:7323H         LINE#         135
  C:7323H         LINE#         136
  C:7323H         LINE#         137
  C:7326H         LINE#         138
  C:7326H         LINE#         139
  C:7326H         LINE#         140
  C:732BH         LINE#         141
  C:732BH         LINE#         142
  C:732BH         LINE#         143
  C:7330H         LINE#         144
  C:7330H         LINE#         145
  C:7330H         LINE#         146
  C:7335H         LINE#         147
  C:7335H         LINE#         148
  C:7335H         LINE#         149
  C:733AH         LINE#         150
  C:733AH         LINE#         151
  C:733AH         LINE#         152
  C:733FH         LINE#         153
  C:733FH         LINE#         154
  C:733FH         LINE#         155
  C:7344H         LINE#         156
  C:7344H         LINE#         157
  C:7344H         LINE#         158
  C:7349H         LINE#         159
  C:7349H         LINE#         160
  C:7349H         LINE#         161
  C:7351H         LINE#         162
  C:7351H         LINE#         163
  C:7351H         LINE#         164
  C:7356H         LINE#         165
  C:7356H         LINE#         166
  C:7356H         LINE#         167
  C:735BH         LINE#         168
  C:735BH         LINE#         169
  C:735BH         LINE#         170
  C:7364H         LINE#         171
  C:7364H         LINE#         172
  C:7364H         LINE#         173
  C:7367H         LINE#         174
  C:7367H         LINE#         175
  -------         ENDPROC       _DAY_OF_YEAR
  -------         ENDMOD        PCF85063BTL

  -------         MODULE        LCD_DRIVER_SPLC780D
  C:0000H         SYMBOL        _ICE_DUMMY_
  D:0092H         PUBLIC        P1M0
  D:0091H         PUBLIC        P1M1
  D:0080H         PUBLIC        P0
  D:0090H         PUBLIC        P1
  D:00A0H         PUBLIC        P2
  D:00B0H         PUBLIC        P3
  D:00C0H         PUBLIC        P4
  D:00C8H         PUBLIC        P5
  D:00E8H         PUBLIC        P6
  D:00F8H         PUBLIC        P7
BL51 BANKED LINKER/LOCATER V6.22                                                      08/28/2019  10:29:20  PAGE 25


  C:736CH         PUBLIC        _WriteData
  D:00A8H         PUBLIC        IE
  D:00B8H         PUBLIC        IP
  D:00D8H         PUBLIC        CCON
  B:00B0H.4       PUBLIC        LCD_D4
  B:00B0H.5       PUBLIC        LCD_D5
  B:00B0H.6       PUBLIC        LCD_D6
  C:7A3FH         PUBLIC        _DisplayLCD
  B:00B0H.7       PUBLIC        LCD_D7
  D:0098H         PUBLIC        SCON
  D:0088H         PUBLIC        TCON
  C:7BCBH         PUBLIC        LCD_clear
  C:76EEH         PUBLIC        _Command
  C:7ABBH         PUBLIC        _Display_Line
  C:751CH         PUBLIC        LCD_Init
  C:797EH         PUBLIC        _Wait_ms
  B:00C0H.0       PUBLIC        LCD_RS
  B:0090H.3       PUBLIC        LCD_RW
  C:7BC1H         PUBLIC        LCD_return_home
  C:6587H         PUBLIC        _Display_Pos
  B:00B0H.3       PUBLIC        LCD_E
  D:00D0H         PUBLIC        PSW
  -------         PROC          LCD_INIT
  C:751CH         LINE#         9
  C:751CH         LINE#         10
  C:751CH         LINE#         11
  C:751FH         LINE#         12
  C:7522H         LINE#         14
  C:7528H         LINE#         15
  C:752DH         LINE#         17
  C:7534H         LINE#         18
  C:7539H         LINE#         20
  C:753CH         LINE#         21
  C:7541H         LINE#         23
  C:7544H         LINE#         24
  C:7549H         LINE#         26
  C:7550H         LINE#         29
  C:7555H         LINE#         30
  C:755AH         LINE#         32
  C:755FH         LINE#         33
  C:7564H         LINE#         35
  C:7569H         LINE#         36
  C:756EH         LINE#         37
  -------         ENDPROC       LCD_INIT
  C:7368H         SYMBOL        L?0035
  -------         PROC          L?0034
  -------         ENDPROC       L?0034
  C:7368H         SYMBOL        L?0035
  -------         PROC          _WRITEDATA
  X:04FCH         SYMBOL        dat
  C:736CH         LINE#         40
  C:7371H         LINE#         41
  C:7371H         LINE#         46
  C:7373H         LINE#         47
  C:7375H         LINE#         49
  C:7383H         LINE#         50
  C:738FH         LINE#         51
BL51 BANKED LINKER/LOCATER V6.22                                                      08/28/2019  10:29:20  PAGE 26


  C:739BH         LINE#         52
  C:73A5H         LINE#         53
  C:73A7H         LINE#         54
  C:73AEH         LINE#         55
  C:73B0H         LINE#         57
  C:73C0H         LINE#         58
  C:73CBH         LINE#         59
  C:73D5H         LINE#         60
  C:73D9H         LINE#         62
  C:73D9H         LINE#         63
  C:73DCH         LINE#         64
  C:73DEH         LINE#         65
  C:73E0H         LINE#         67
  -------         ENDPROC       _WRITEDATA
  -------         PROC          _COMMAND
  D:0007H         SYMBOL        dat
  C:76EEH         LINE#         69
  C:76EEH         LINE#         70
  C:76EEH         LINE#         71
  C:76F0H         LINE#         72
  C:76F2H         LINE#         74
  C:76FCH         LINE#         75
  C:7700H         LINE#         77
  C:7702H         LINE#         78
  C:770BH         LINE#         79
  C:770FH         LINE#         81
  C:7711H         LINE#         82
  C:7718H         LINE#         83
  C:771CH         LINE#         85
  C:771EH         LINE#         86
  C:7722H         LINE#         87
  C:7726H         LINE#         89
  C:7728H         LINE#         90
  C:7728H         LINE#         91
  C:772BH         LINE#         92
  C:772DH         LINE#         93
  -------         ENDPROC       _COMMAND
  C:797AH         SYMBOL        L?0037
  -------         PROC          L?0036
  -------         ENDPROC       L?0036
  C:797AH         SYMBOL        L?0037
  -------         PROC          _WAIT_MS
  D:0006H         SYMBOL        ms
  -------         DO            
  D:0004H         SYMBOL        De_Cnt
  -------         ENDDO         
  C:797EH         LINE#         95
  C:797EH         LINE#         96
  C:797EH         LINE#         98
  C:7988H         LINE#         99
  C:7988H         LINE#         100
  C:799BH         LINE#         101
  C:799BH         LINE#         102
  -------         ENDPROC       _WAIT_MS
  -------         PROC          _DISPLAYLCD
  D:0007H         SYMBOL        BCD
  -------         DO            
BL51 BANKED LINKER/LOCATER V6.22                                                      08/28/2019  10:29:20  PAGE 27


  D:0006H         SYMBOL        first_digit
  X:03FCH         SYMBOL        second_digit
  -------         ENDDO         
  C:7A3FH         LINE#         103
  C:7A3FH         LINE#         104
  C:7A3FH         LINE#         106
  C:7A46H         LINE#         107
  C:7A4FH         LINE#         109
  C:7A54H         LINE#         111
  -------         ENDPROC       _DISPLAYLCD
  -------         PROC          LCD_RETURN_HOME
  C:7BC1H         LINE#         115
  C:7BC1H         LINE#         116
  C:7BC1H         LINE#         117
  C:7BC6H         LINE#         118
  -------         ENDPROC       LCD_RETURN_HOME
  -------         PROC          LCD_CLEAR
  C:7BCBH         LINE#         121
  C:7BCBH         LINE#         122
  C:7BCBH         LINE#         123
  C:7BD0H         LINE#         124
  -------         ENDPROC       LCD_CLEAR
  -------         PROC          _DISPLAY_LINE
  D:0006H         SYMBOL        line
  C:7ABBH         LINE#         128
  C:7ABBH         LINE#         129
  C:7ABBH         LINE#         130
  C:7AC1H         LINE#         131
  C:7AC1H         LINE#         132
  C:7AC3H         LINE#         133
  C:7AC3H         LINE#         134
  C:7AC5H         LINE#         136
  C:7AC5H         LINE#         137
  C:7ACAH         LINE#         138
  C:7ACFH         LINE#         139
  C:7ACFH         LINE#         140
  -------         ENDPROC       _DISPLAY_LINE
  -------         PROC          _DISPLAY_POS
  X:04F1H         SYMBOL        sign_dat
  -------         DO            
  X:04F5H         SYMBOL        unit
  X:04F6H         SYMBOL        ten
  X:04F7H         SYMBOL        hundred
  X:04F8H         SYMBOL        thousand
  X:04F9H         SYMBOL        after_dot
  X:04FAH         SYMBOL        dat
  -------         ENDDO         
  C:6587H         LINE#         142
  C:658DH         LINE#         143
  C:658DH         LINE#         147
  C:65A9H         LINE#         148
  C:65C3H         LINE#         149
  C:65E7H         LINE#         151
  C:6631H         LINE#         153
  C:6648H         LINE#         154
  C:665AH         LINE#         155
  C:667FH         LINE#         156
BL51 BANKED LINKER/LOCATER V6.22                                                      08/28/2019  10:29:20  PAGE 28


  C:6699H         LINE#         157
  C:66B1H         LINE#         158
  C:66B1H         LINE#         159
  C:66B1H         LINE#         160
  C:66B1H         LINE#         161
  C:66B1H         LINE#         162
  C:66B1H         LINE#         163
  C:66B1H         LINE#         164
  C:66B1H         LINE#         168
  C:66B3H         LINE#         170
  C:66B3H         LINE#         172
  C:66B8H         LINE#         173
  C:66BEH         LINE#         174
  C:66C4H         LINE#         175
  C:66CAH         LINE#         176
  C:66D0H         LINE#         177
  C:66D5H         LINE#         178
  C:66DBH         LINE#         182
  C:66DBH         LINE#         184
  -------         ENDPROC       _DISPLAY_POS
  -------         ENDMOD        LCD_DRIVER_SPLC780D

  -------         MODULE        KEYPAD
  C:0000H         SYMBOL        _ICE_DUMMY_
  D:0093H         PUBLIC        P0M1
  D:0080H         PUBLIC        P0
  D:0090H         PUBLIC        P1
  D:00A0H         PUBLIC        P2
  D:00B0H         PUBLIC        P3
  D:00C0H         PUBLIC        P4
  D:00C8H         PUBLIC        P5
  D:00E8H         PUBLIC        P6
  D:00F8H         PUBLIC        P7
  D:00A8H         PUBLIC        IE
  C:5F83H         PUBLIC        Key_Scan
  D:00B8H         PUBLIC        IP
  D:00D8H         PUBLIC        CCON
  C:7BA9H         PUBLIC        KeyPad_IO_Init
  C:7A21H         PUBLIC        _Delay_ms
  D:0098H         PUBLIC        SCON
  D:0088H         PUBLIC        TCON
  X:064DH         PUBLIC        small_move
  X:064FH         PUBLIC        move
  X:0651H         PUBLIC        auto_mode
  X:0653H         PUBLIC        direction
  X:0655H         PUBLIC        SPI_NOR_ClearEnable
  C:53A1H         PUBLIC        Key_Process
  D:00D0H         PUBLIC        PSW
  D:0094H         PUBLIC        P0M0
  -------         PROC          _DELAY_MS
  D:0006H         SYMBOL        ms
  -------         DO            
  D:0004H         SYMBOL        De_Cnt
  -------         ENDDO         
  C:7A21H         LINE#         20
  C:7A21H         LINE#         21
  C:7A21H         LINE#         23
BL51 BANKED LINKER/LOCATER V6.22                                                      08/28/2019  10:29:20  PAGE 29


  C:7A2BH         LINE#         24
  C:7A2BH         LINE#         25
  C:7A3EH         LINE#         26
  C:7A3EH         LINE#         27
  -------         ENDPROC       _DELAY_MS
  -------         PROC          KEY_SCAN
  -------         DO            
  X:0402H         SYMBOL        KeyTemp1
  X:0403H         SYMBOL        KeyTemp2
  X:0404H         SYMBOL        KeyValue
  -------         ENDDO         
  C:5F83H         LINE#         28
  C:5F83H         LINE#         29
  C:5F83H         LINE#         34
  C:5F86H         LINE#         37
  C:5F89H         LINE#         39
  C:5F91H         LINE#         40
  C:5F98H         LINE#         41
  C:5F98H         LINE#         43
  C:5F9DH         LINE#         44
  C:5FA4H         LINE#         45
  C:5FA4H         LINE#         48
  C:5FA7H         LINE#         49
  C:5FAAH         LINE#         50
  C:5FAFH         LINE#         51
  C:5FB3H         LINE#         52
  C:5FB3H         LINE#         53
  C:5FBBH         LINE#         54
  C:5FBBH         LINE#         55
  C:5FBEH         LINE#         56
  C:5FC6H         LINE#         57
  C:5FC8H         LINE#         59
  C:5FDCH         LINE#         60
  C:5FDCH         LINE#         61
  C:5FDCH         LINE#         62
  C:5FDCH         LINE#         63
  C:5FE2H         LINE#         65
  C:5FE4H         LINE#         66
  C:5FE4H         LINE#         67
  C:5FE4H         LINE#         68
  C:5FEAH         LINE#         70
  C:5FECH         LINE#         71
  C:5FECH         LINE#         72
  C:5FECH         LINE#         73
  C:5FF2H         LINE#         75
  C:5FF4H         LINE#         76
  C:5FF4H         LINE#         77
  C:5FF4H         LINE#         78
  C:5FFAH         LINE#         80
  C:5FFAH         LINE#         81
  C:5FFAH         LINE#         82
  C:5FFAH         LINE#         85
  C:5FFDH         LINE#         86
  C:6000H         LINE#         87
  C:6008H         LINE#         88
  C:600CH         LINE#         89
  C:600CH         LINE#         90
BL51 BANKED LINKER/LOCATER V6.22                                                      08/28/2019  10:29:20  PAGE 30


  C:6014H         LINE#         91
  C:6014H         LINE#         92
  C:6017H         LINE#         93
  C:601FH         LINE#         94
  C:6021H         LINE#         95
  C:6035H         LINE#         96
  C:6035H         LINE#         97
  C:6035H         LINE#         98
  C:6035H         LINE#         99
  C:603BH         LINE#         101
  C:603DH         LINE#         102
  C:603DH         LINE#         103
  C:603DH         LINE#         104
  C:6043H         LINE#         106
  C:6045H         LINE#         107
  C:6045H         LINE#         108
  C:6045H         LINE#         109
  C:604BH         LINE#         111
  C:604DH         LINE#         112
  C:604DH         LINE#         113
  C:604DH         LINE#         114
  C:6052H         LINE#         116
  C:6052H         LINE#         117
  C:6052H         LINE#         118
  C:6052H         LINE#         121
  C:6055H         LINE#         122
  C:6058H         LINE#         123
  C:6060H         LINE#         124
  C:6064H         LINE#         125
  C:6064H         LINE#         126
  C:606CH         LINE#         127
  C:606CH         LINE#         128
  C:606FH         LINE#         129
  C:6077H         LINE#         130
  C:6079H         LINE#         131
  C:608DH         LINE#         132
  C:608DH         LINE#         133
  C:608DH         LINE#         134
  C:608DH         LINE#         135
  C:6093H         LINE#         137
  C:6095H         LINE#         138
  C:6095H         LINE#         139
  C:6095H         LINE#         140
  C:609BH         LINE#         142
  C:609DH         LINE#         143
  C:609DH         LINE#         144
  C:609DH         LINE#         145
  C:60A3H         LINE#         147
  C:60A5H         LINE#         148
  C:60A5H         LINE#         149
  C:60A5H         LINE#         150
  C:60ABH         LINE#         152
  C:60ABH         LINE#         153
  C:60ABH         LINE#         154
  C:60ABH         LINE#         158
  C:60AEH         LINE#         159
  C:60B1H         LINE#         160
BL51 BANKED LINKER/LOCATER V6.22                                                      08/28/2019  10:29:20  PAGE 31


  C:60B9H         LINE#         161
  C:60BDH         LINE#         162
  C:60BDH         LINE#         163
  C:60C5H         LINE#         164
  C:60C5H         LINE#         165
  C:60C8H         LINE#         166
  C:60D0H         LINE#         167
  C:60D2H         LINE#         168
  C:60E6H         LINE#         169
  C:60E6H         LINE#         170
  C:60E6H         LINE#         171
  C:60E6H         LINE#         172
  C:60ECH         LINE#         174
  C:60EEH         LINE#         175
  C:60EEH         LINE#         176
  C:60EEH         LINE#         177
  C:60F4H         LINE#         179
  C:60F6H         LINE#         180
  C:60F6H         LINE#         181
  C:60F6H         LINE#         182
  C:60FCH         LINE#         184
  C:60FEH         LINE#         185
  C:60FEH         LINE#         186
  C:60FEH         LINE#         187
  C:6104H         LINE#         189
  C:6104H         LINE#         190
  C:6104H         LINE#         191
  C:6104H         LINE#         193
  C:610AH         LINE#         194
  C:610AH         LINE#         196
  C:610AH         LINE#         197
  C:610DH         LINE#         198
  C:610DH         LINE#         199
  C:610DH         LINE#         201
  C:610DH         LINE#         202
  C:610FH         LINE#         203
  C:610FH         LINE#         204
  -------         ENDPROC       KEY_SCAN
  -------         PROC          KEY_PROCESS
  -------         DO            
  X:063EH         SYMBOL        KeyCount
  X:063FH         SYMBOL        KeyNum_Old
  X:0641H         SYMBOL        KeyNum
  X:0643H         SYMBOL        PressedKey
  X:03FCH         SYMBOL        d
  D:0002H         SYMBOL        hours
  D:0006H         SYMBOL        mins
  X:03FEH         SYMBOL        months
  X:0400H         SYMBOL        days
  -------         ENDDO         
  C:53A1H         LINE#         205
  C:53A1H         LINE#         206
  C:53A1H         LINE#         210
  C:53B0H         LINE#         211
  C:53BDH         LINE#         213
  C:53C1H         LINE#         214
  C:53C1H         LINE#         215
BL51 BANKED LINKER/LOCATER V6.22                                                      08/28/2019  10:29:20  PAGE 32


  C:53C7H         LINE#         217
  C:53C7H         LINE#         218
  C:53DEH         LINE#         219
  C:53DEH         LINE#         220
  C:53E8H         LINE#         221
  C:53EEH         LINE#         223
  C:53F4H         LINE#         225
  C:53F4H         LINE#         226
  C:540BH         LINE#         227
  C:540BH         LINE#         228
  C:5410H         LINE#         230
  C:5410H         LINE#         231
  C:5420H         LINE#         232
  C:5420H         LINE#         233
  C:5426H         LINE#         235
  C:5426H         LINE#         236
  C:5438H         LINE#         237
  C:5438H         LINE#         238
  C:5442H         LINE#         239
  C:544AH         LINE#         241
  C:5453H         LINE#         243
  C:5453H         LINE#         252
  C:5472H         LINE#         253
  C:5472H         LINE#         254
  C:5491H         LINE#         255
  C:5497H         LINE#         256
  C:549FH         LINE#         257
  C:549FH         LINE#         259
  C:54A0H         LINE#         265
  C:54ACH         LINE#         266
  C:54ACH         LINE#         267
  C:54C9H         LINE#         268
  C:54E0H         LINE#         269
  C:54F7H         LINE#         270
  C:54F7H         LINE#         271
  C:550AH         LINE#         272
  C:551DH         LINE#         273
  C:551DH         LINE#         274
  C:551DH         LINE#         275
  C:5520H         LINE#         280
  C:552FH         LINE#         281
  C:552FH         LINE#         282
  C:5552H         LINE#         283
  C:556FH         LINE#         284
  C:5578H         LINE#         285
  C:5578H         LINE#         286
  C:557FH         LINE#         287
  C:557FH         LINE#         288
  C:5590H         LINE#         289
  C:5590H         LINE#         290
  C:559FH         LINE#         291
  C:559FH         LINE#         292
  C:559FH         LINE#         293
  C:55A2H         LINE#         295
  C:55A2H         LINE#         296
  C:55AEH         LINE#         297
  C:55AEH         LINE#         298
BL51 BANKED LINKER/LOCATER V6.22                                                      08/28/2019  10:29:20  PAGE 33


  C:55C0H         LINE#         299
  C:55C0H         LINE#         300
  C:55D0H         LINE#         301
  C:55D0H         LINE#         302
  C:55D0H         LINE#         304
  C:55D2H         LINE#         306
  C:55D2H         LINE#         307
  C:55E1H         LINE#         308
  C:55E1H         LINE#         309
  C:55F1H         LINE#         310
  C:55F1H         LINE#         311
  C:55F1H         LINE#         313
  C:55F1H         LINE#         315
  C:55F1H         LINE#         316
  C:55F3H         LINE#         318
  C:55F3H         LINE#         319
  C:55FAH         LINE#         320
  C:55FAH         LINE#         321
  C:5609H         LINE#         322
  C:5609H         LINE#         323
  C:5619H         LINE#         324
  C:5619H         LINE#         325
  C:5619H         LINE#         326
  C:561BH         LINE#         328
  C:561BH         LINE#         329
  C:562AH         LINE#         330
  C:562AH         LINE#         331
  C:563DH         LINE#         332
  C:5650H         LINE#         333
  C:5650H         LINE#         334
  C:5650H         LINE#         335
  C:5650H         LINE#         336
  C:5659H         LINE#         338
  C:5659H         LINE#         340
  C:5693H         LINE#         341
  C:5693H         LINE#         342
  C:569AH         LINE#         343
  C:569AH         LINE#         344
  C:56A4H         LINE#         345
  C:56A4H         LINE#         346
  C:56A7H         LINE#         347
  C:56ACH         LINE#         348
  C:56B1H         LINE#         349
  C:56B6H         LINE#         350
  C:56BBH         LINE#         351
  C:56C0H         LINE#         352
  C:56C5H         LINE#         353
  C:56CAH         LINE#         354
  C:56CAH         LINE#         355
  C:56CAH         LINE#         357
  C:56E8H         LINE#         358
  C:56E8H         LINE#         359
  C:56EFH         LINE#         360
  C:56EFH         LINE#         361
  C:56F4H         LINE#         362
  C:56FDH         LINE#         363
  C:571CH         LINE#         364
BL51 BANKED LINKER/LOCATER V6.22                                                      08/28/2019  10:29:20  PAGE 34


  C:571CH         LINE#         365
  C:572CH         LINE#         367
  C:572CH         LINE#         371
  -------         ENDPROC       KEY_PROCESS
  -------         PROC          KEYPAD_IO_INIT
  C:7BA9H         LINE#         374
  C:7BA9H         LINE#         375
  C:7BA9H         LINE#         376
  C:7BACH         LINE#         377
  C:7BAFH         LINE#         378
  C:7BB2H         LINE#         379
  C:7BB4H         LINE#         380
  -------         ENDPROC       KEYPAD_IO_INIT
  -------         ENDMOD        KEYPAD

  -------         MODULE        BIPOLARMOTOR
  C:0000H         SYMBOL        _ICE_DUMMY_
[...]
  C:618CH         LINE#         328
  C:618FH         LINE#         330
  C:61A9H         LINE#         331
  C:61A9H         LINE#         332
  C:61A9H         LINE#         334
  C:61ACH         LINE#         336
  C:61C6H         LINE#         337
  C:61C6H         LINE#         338
  C:61C6H         LINE#         340
  C:61C9H         LINE#         342
  C:61E3H         LINE#         343
  C:61E3H         LINE#         344
  C:61E3H         LINE#         346
  C:61E6H         LINE#         348
  C:6200H         LINE#         349
  C:6200H         LINE#         350
  C:6200H         LINE#         352
  C:6203H         LINE#         354
  C:621DH         LINE#         355
  C:621DH         LINE#         356
  C:621DH         LINE#         358
  C:6220H         LINE#         360
  C:623AH         LINE#         361
  C:623AH         LINE#         362
  C:623AH         LINE#         364
  C:623DH         LINE#         366
  C:6257H         LINE#         367
  C:6257H         LINE#         368
  C:6257H         LINE#         370
  C:625AH         LINE#         372
  C:6274H         LINE#         373
  C:627BH         LINE#         374
  -------         ENDPROC       SPI_NOR_WRITE_DATA
  -------         ENDMOD        AT25SF041

  -------         MODULE        SI1120
  C:0000H         SYMBOL        _ICE_DUMMY_
  D:0080H         PUBLIC        P0
  D:00B2H         PUBLIC        P3M0
  D:0090H         PUBLIC        P1
  D:00B1H         PUBLIC        P3M1
  D:00A0H         PUBLIC        P2
  D:00B0H         PUBLIC        P3
  D:00C0H         PUBLIC        P4
  D:00C8H         PUBLIC        P5
  B:00A8H.7       PUBLIC        EA
  D:00E8H         PUBLIC        P6
  D:00F8H         PUBLIC        P7
  D:00A8H         PUBLIC        IE
  D:00B8H         PUBLIC        IP
  C:77DCH         PUBLIC        SI1120_CONFIG_MODE_VIRH
  D:00D8H         PUBLIC        CCON
  D:0098H         PUBLIC        SCON
  D:0088H         PUBLIC        TCON
  C:7B8FH         PUBLIC        Enable_EXTINT0
  B:0090H.5       PUBLIC        SI1120_STX
BL51 BANKED LINKER/LOCATER V6.22                                                      08/28/2019  10:29:20  PAGE 57


  B:0088H.0       PUBLIC        IT0
  B:00A8H.0       PUBLIC        EX0
  B:0090H.4       PUBLIC        SI1120_MD
  B:0090H.6       PUBLIC        SI1120_SC
  D:00D0H         PUBLIC        PSW
  -------         PROC          SI1120_CONFIG_MODE_VIRH
  C:77DCH         LINE#         4
  C:77DCH         LINE#         5
  C:77DCH         LINE#         6
  C:77DEH         LINE#         7
  C:77E0H         LINE#         8
  C:77E2H         LINE#         10
  C:77E9H         LINE#         11
  C:77EBH         LINE#         13
  C:77EDH         LINE#         14
  C:77EFH         LINE#         16
  C:77F6H         LINE#         18
  C:77F8H         LINE#         20
  C:77FFH         LINE#         23
  C:7801H         LINE#         25
  C:7803H         LINE#         27
  C:780AH         LINE#         29
  C:780CH         LINE#         31
  -------         ENDPROC       SI1120_CONFIG_MODE_VIRH
  -------         PROC          ENABLE_EXTINT0
  C:7B8FH         LINE#         33
  C:7B8FH         LINE#         34
  C:7B8FH         LINE#         35
  C:7B92H         LINE#         36
  C:7B95H         LINE#         37
  C:7B97H         LINE#         38
  C:7B99H         LINE#         39
  C:7B9BH         LINE#         40
  -------         ENDPROC       ENABLE_EXTINT0
  -------         ENDMOD        SI1120

  -------         MODULE        UART1
  C:0000H         SYMBOL        _ICE_DUMMY_
  D:0080H         PUBLIC        P0
  D:0090H         PUBLIC        P1
  D:00A0H         PUBLIC        P2
  D:00B0H         PUBLIC        P3
  D:00C0H         PUBLIC        P4
  D:00C8H         PUBLIC        P5
  C:799CH         PUBLIC        _uart1_SendToTCPServer
  B:00A8H.7       PUBLIC        EA
  D:00E8H         PUBLIC        P6
  D:00F8H         PUBLIC        P7
  C:77A9H         PUBLIC        _SendString
  D:00A8H         PUBLIC        IE
  B:00A8H.4       PUBLIC        ES
  D:00B8H         PUBLIC        IP
  C:7A8EH         PUBLIC        _ASCIItoBCD
  D:00D8H         PUBLIC        CCON
  C:7B44H         PUBLIC        initUART1
  D:0098H         PUBLIC        SCON
  D:0088H         PUBLIC        TCON
BL51 BANKED LINKER/LOCATER V6.22                                                      08/28/2019  10:29:20  PAGE 58


  C:7BFDH         PUBLIC        _DectoBCD
  C:001EH         PUBLIC        _ASCII_Letter
  D:008EH         PUBLIC        AUXR
  C:0006H         PUBLIC        _unit
  C:7BF6H         PUBLIC        _ten
  D:00D6H         PUBLIC        T2H
  D:00D7H         PUBLIC        T2L
  C:7BE7H         PUBLIC        uart1_InitTCPConn
  D:00D0H         PUBLIC        PSW
  -------         PROC          INITUART1
  C:7B44H         LINE#         24
  C:7B44H         LINE#         25
  C:7B44H         LINE#         26
  C:7B47H         LINE#         27
  C:7B4AH         LINE#         28
  C:7B4DH         LINE#         29
  C:7B50H         LINE#         30
  C:7B52H         LINE#         31
  C:7B54H         LINE#         33
  -------         ENDPROC       INITUART1
  -------         PROC          _SENDSTRING
  X:04F1H         SYMBOL        s
  C:77A9H         LINE#         36
  C:77B4H         LINE#         37
  C:77B4H         LINE#         38
  C:77C4H         LINE#         39
  C:77C4H         LINE#         40
  C:77D9H         LINE#         41
  C:77DBH         LINE#         42
  -------         ENDPROC       _SENDSTRING
  -------         PROC          _TEN
  D:0007H         SYMBOL        BCD
  C:7BF6H         LINE#         44
  C:7BF6H         LINE#         45
  C:7BF6H         LINE#         46
  C:7BFBH         LINE#         47
  -------         ENDPROC       _TEN
  -------         PROC          _UNIT
  D:0007H         SYMBOL        BCD
  C:0006H         LINE#         48
  C:0006H         LINE#         49
  C:0006H         LINE#         53
  C:000AH         LINE#         54
  -------         ENDPROC       _UNIT
  -------         PROC          _DECTOBCD
  D:0007H         SYMBOL        dec
  C:7BFDH         LINE#         55
  C:7BFDH         LINE#         56
  C:7BFDH         LINE#         58
  C:7BFDH         LINE#         59
  -------         ENDPROC       _DECTOBCD
  -------         PROC          _ASCII_LETTER
  D:0007H         SYMBOL        dat
  C:001EH         LINE#         61
  C:001EH         LINE#         62
  C:001EH         LINE#         64
  C:0022H         LINE#         65
BL51 BANKED LINKER/LOCATER V6.22                                                      08/28/2019  10:29:20  PAGE 59


  -------         ENDPROC       _ASCII_LETTER
  -------         PROC          _ASCIITOBCD
  D:0001H         SYMBOL        ascii
  -------         DO            
  D:0007H         SYMBOL        dec_val
  D:0006H         SYMBOL        ten
  D:0007H         SYMBOL        unit
  -------         ENDDO         
  C:7A8EH         LINE#         67
  C:7A8EH         LINE#         68
  C:7A8EH         LINE#         70
  C:7A91H         LINE#         71
  C:7A97H         LINE#         72
  C:7A9EH         LINE#         73
  C:7AA4H         LINE#         75
  -------         ENDPROC       _ASCIITOBCD
  -------         PROC          UART1_INITTCPCONN
  C:7BE7H         LINE#         77
  C:7BE7H         LINE#         78
  C:7BE7H         LINE#         82
  -------         ENDPROC       UART1_INITTCPCONN
  -------         PROC          _UART1_SENDTOTCPSERVER
  X:03FCH         SYMBOL        str
  C:799CH         LINE#         85
  C:79A7H         LINE#         86
  C:79A7H         LINE#         87
  C:79B0H         LINE#         88
  C:79B7H         LINE#         89
  -------         ENDPROC       _UART1_SENDTOTCPSERVER
  -------         ENDMOD        UART1

  -------         MODULE        ?C_STARTUP
  C:7254H         SEGMENT       ?C_C51STARTUP
  I:0022H         SEGMENT       ?STACK
  C:0000H         PUBLIC        ?C_STARTUP
  D:00E0H         SYMBOL        ACC
  D:00F0H         SYMBOL        B
  D:0083H         SYMBOL        DPH
  D:0082H         SYMBOL        DPL
  N:0000H         SYMBOL        IBPSTACK
  N:0100H         SYMBOL        IBPSTACKTOP
  N:0080H         SYMBOL        IDATALEN
  C:7257H         SYMBOL        IDATALOOP
  N:0000H         SYMBOL        PBPSTACK
  N:0100H         SYMBOL        PBPSTACKTOP
  N:0000H         SYMBOL        PDATALEN
  N:0000H         SYMBOL        PDATASTART
  N:0000H         SYMBOL        PPAGE
  N:0000H         SYMBOL        PPAGEENABLE
  D:00A0H         SYMBOL        PPAGE_SFR
  D:0081H         SYMBOL        SP
  C:7254H         SYMBOL        STARTUP1
  N:0000H         SYMBOL        XBPSTACK
  N:0000H         SYMBOL        XBPSTACKTOP
  N:0000H         SYMBOL        XDATALEN
  N:0000H         SYMBOL        XDATASTART
  C:0000H         LINE#         126
BL51 BANKED LINKER/LOCATER V6.22                                                      08/28/2019  10:29:20  PAGE 60


  C:7254H         LINE#         133
  C:7256H         LINE#         134
  C:7257H         LINE#         135
  C:7258H         LINE#         136
  C:725AH         LINE#         185
  C:725DH         LINE#         196
  -------         ENDMOD        ?C_STARTUP

  -------         MODULE        ?C?FPADD
  C:2477H         PUBLIC        ?C?FPADD
  C:2473H         PUBLIC        ?C?FPSUB
  -------         ENDMOD        ?C?FPADD

  -------         MODULE        ?C?FPMUL
  C:2568H         PUBLIC        ?C?FPMUL
  -------         ENDMOD        ?C?FPMUL

  -------         MODULE        ?C?FPDIV
  C:2671H         PUBLIC        ?C?FPDIV
  -------         ENDMOD        ?C?FPDIV

  -------         MODULE        ?C?FPCMP
  C:2710H         PUBLIC        ?C?FPCMP
  C:270EH         PUBLIC        ?C?FPCMP3
  -------         ENDMOD        ?C?FPCMP

  -------         MODULE        ?C?FPNEG
  C:2787H         PUBLIC        ?C?FPNEG
  -------         ENDMOD        ?C?FPNEG

  -------         MODULE        ?C?FCAST
  C:27A2H         PUBLIC        ?C?FCASTC
  C:279DH         PUBLIC        ?C?FCASTI
  C:2798H         PUBLIC        ?C?FCASTL
  -------         ENDMOD        ?C?FCAST

  -------         MODULE        ?C?CASTF
  C:27D6H         PUBLIC        ?C?CASTF
  -------         ENDMOD        ?C?CASTF

  -------         MODULE        PRINTF
  X:04F1H         PUBLIC        ?_PRINTF?BYTE
  X:04F1H         PUBLIC        ?_SPRINTF?BYTE
  C:4B6FH         PUBLIC        _PRINTF
  C:4B69H         PUBLIC        _SPRINTF
  -------         ENDMOD        PRINTF

  -------         MODULE        FABS
  C:7B9CH         PUBLIC        _FABS
  -------         ENDMOD        FABS

  -------         MODULE        ATAN2
  X:04A3H         PUBLIC        ?_atan2?BYTE
  C:7081H         PUBLIC        _atan2
  -------         ENDMOD        ATAN2

  -------         MODULE        SIN
BL51 BANKED LINKER/LOCATER V6.22                                                      08/28/2019  10:29:20  PAGE 61


  C:62E1H         PUBLIC        _COS
  C:62F7H         PUBLIC        _SIN
  C:6333H         PUBLIC        _TAN
  -------         ENDMOD        SIN

  -------         MODULE        ACOS
  C:7660H         PUBLIC        _ACOS
  -------         ENDMOD        ACOS

  -------         MODULE        ASIN
  C:776EH         PUBLIC        _ASIN
  -------         ENDMOD        ASIN

  -------         MODULE        POW
  X:03BCH         PUBLIC        ?_pow?BYTE
  C:6421H         PUBLIC        _pow
  -------         ENDMOD        POW

  -------         MODULE        ?C?CHKFLOAT
  C:2857H         PUBLIC        ?C?CHKFLOAT
  -------         ENDMOD        ?C?CHKFLOAT

  -------         MODULE        ?C?FPROUND
  C:2871H         PUBLIC        ?C?FPROUND
  -------         ENDMOD        ?C?FPROUND

  -------         MODULE        ?C?FPCONVERT
  C:28AEH         PUBLIC        ?C?FPCONVERT
  -------         ENDMOD        ?C?FPCONVERT

  -------         MODULE        EXP
  C:71F2H         PUBLIC        _EXP
  -------         ENDMOD        EXP

  -------         MODULE        LOG
  C:6710H         PUBLIC        _LOG
  C:670CH         PUBLIC        _LOG10
  -------         ENDMOD        LOG

  -------         MODULE        SQRT
  C:6F38H         PUBLIC        _SQRT
  -------         ENDMOD        SQRT

  -------         MODULE        ATAN
  C:6825H         PUBLIC        _ATAN
  -------         ENDMOD        ATAN

  -------         MODULE        ?C?FTNPWR
  C:2A30H         PUBLIC        ?C?FTNPWR
  -------         ENDMOD        ?C?FTNPWR

  -------         MODULE        ?C?COPY
  C:2B40H         PUBLIC        ?C?COPY
  -------         ENDMOD        ?C?COPY

  -------         MODULE        ?C?CLDPTR
  C:2B66H         PUBLIC        ?C?CLDPTR
BL51 BANKED LINKER/LOCATER V6.22                                                      08/28/2019  10:29:20  PAGE 62


  -------         ENDMOD        ?C?CLDPTR

  -------         MODULE        ?C?CLDOPTR
  C:2B7FH         PUBLIC        ?C?CLDOPTR
  -------         ENDMOD        ?C?CLDOPTR

  -------         MODULE        ?C?CSTPTR
  C:2BACH         PUBLIC        ?C?CSTPTR
  -------         ENDMOD        ?C?CSTPTR

  -------         MODULE        ?C?IMUL
  C:2BBEH         PUBLIC        ?C?IMUL
  -------         ENDMOD        ?C?IMUL

  -------         MODULE        ?C?UIDIV
  C:2BD0H         PUBLIC        ?C?UIDIV
  -------         ENDMOD        ?C?UIDIV

  -------         MODULE        ?C?SIDIV
  C:2C25H         PUBLIC        ?C?SIDIV
  -------         ENDMOD        ?C?SIDIV

  -------         MODULE        ?C?ILDIX
  C:2C5BH         PUBLIC        ?C?ILDIX
  -------         ENDMOD        ?C?ILDIX

  -------         MODULE        ?C?ILDOPTR
  C:2C71H         PUBLIC        ?C?ILDOPTR
  -------         ENDMOD        ?C?ILDOPTR

  -------         MODULE        ?C?ISTPTR
  C:2CA9H         PUBLIC        ?C?ISTPTR
  -------         ENDMOD        ?C?ISTPTR

  -------         MODULE        ?C?LMUL
  C:2CC8H         PUBLIC        ?C?LMUL
  -------         ENDMOD        ?C?LMUL

  -------         MODULE        ?C?SLDIV
  C:76AAH         PUBLIC        ?C?SLDIV
  -------         ENDMOD        ?C?SLDIV

  -------         MODULE        ?C?LNEG
  C:2D17H         PUBLIC        ?C?LNEG
  -------         ENDMOD        ?C?LNEG

  -------         MODULE        ?C?ULCMP
  C:2D25H         PUBLIC        ?C?ULCMP
  -------         ENDMOD        ?C?ULCMP

  -------         MODULE        ?C?LSHL
  C:2D36H         PUBLIC        ?C?LSHL
  -------         ENDMOD        ?C?LSHL

  -------         MODULE        ?C?LLDPTR
  C:2D49H         PUBLIC        ?C?LLDPTR
  -------         ENDMOD        ?C?LLDPTR
BL51 BANKED LINKER/LOCATER V6.22                                                      08/28/2019  10:29:20  PAGE 63



  -------         MODULE        ?C?LLDOPTR
  C:2D69H         PUBLIC        ?C?LLDOPTR
  -------         ENDMOD        ?C?LLDOPTR

  -------         MODULE        ?C?LSTPTR
  C:2D99H         PUBLIC        ?C?LSTPTR
  -------         ENDMOD        ?C?LSTPTR

  -------         MODULE        ?C?LSTOPTR
  C:2DB3H         PUBLIC        ?C?LSTOPTR
  -------         ENDMOD        ?C?LSTOPTR

  -------         MODULE        ?C?LLDXDATA
  C:2DD7H         PUBLIC        ?C?LLDXDATA
  -------         ENDMOD        ?C?LLDXDATA

  -------         MODULE        ?C?LLDCODE
  C:2DE3H         PUBLIC        ?C?LLDCODE
  -------         ENDMOD        ?C?LLDCODE

  -------         MODULE        ?C?LLDXDATA0
  C:2DF3H         PUBLIC        ?C?LLDXDATA0
  -------         ENDMOD        ?C?LLDXDATA0

  -------         MODULE        ?C?LLDCODE0
  C:2DFFH         PUBLIC        ?C?LLDCODE0
  -------         ENDMOD        ?C?LLDCODE0

  -------         MODULE        ?C?LLDPTR0
  C:2E0FH         PUBLIC        ?C?LLDPTR0
  -------         ENDMOD        ?C?LLDPTR0

  -------         MODULE        ?C?LSTXDATA
  C:2E2FH         PUBLIC        ?C?LSTXDATA
  -------         ENDMOD        ?C?LSTXDATA

  -------         MODULE        ?C?LSTKXDATA
  C:2E3BH         PUBLIC        ?C?LSTKXDATA
  -------         ENDMOD        ?C?LSTKXDATA

  -------         MODULE        ?C?LSTKPTR
  C:2E6CH         PUBLIC        ?C?LSTKPTR
  -------         ENDMOD        ?C?LSTKPTR

  -------         MODULE        ?C?OFFXADD
  C:2E86H         PUBLIC        ?C?OFFXADD
  -------         ENDMOD        ?C?OFFXADD

  -------         MODULE        ?C?PLDIXDATA
  C:2E92H         PUBLIC        ?C?PLDIXDATA
  -------         ENDMOD        ?C?PLDIXDATA

  -------         MODULE        ?C?PSTXDATA
  C:2EA9H         PUBLIC        ?C?PSTXDATA
  -------         ENDMOD        ?C?PSTXDATA

BL51 BANKED LINKER/LOCATER V6.22                                                      08/28/2019  10:29:20  PAGE 64


  -------         MODULE        ?C?CCASE
  C:2EB2H         PUBLIC        ?C?CCASE
  -------         ENDMOD        ?C?CCASE

  -------         MODULE        PUTCHAR
  C:792CH         PUBLIC        _PUTCHAR
  -------         ENDMOD        PUTCHAR

  -------         MODULE        ABS
  C:7BB5H         PUBLIC        _ABS
  -------         ENDMOD        ABS

  -------         MODULE        ATOI
  C:6C2EH         PUBLIC        _atoi
  -------         ENDMOD        ATOI

  -------         MODULE        ?C?IILDX
  C:2ED8H         PUBLIC        ?C?IILDX
  -------         ENDMOD        ?C?IILDX

  -------         MODULE        ?C?ULDIV
  C:2F2AH         PUBLIC        ?C?ULDIV
  -------         ENDMOD        ?C?ULDIV

  -------         MODULE        ?C?LLDIDATA
  C:2FBCH         PUBLIC        ?C?LLDIDATA
  -------         ENDMOD        ?C?LLDIDATA

  -------         MODULE        ?C?LLDPDATA
  C:2FC8H         PUBLIC        ?C?LLDPDATA
  -------         ENDMOD        ?C?LLDPDATA

  -------         MODULE        ?C?LLDIDATA0
  C:2FD4H         PUBLIC        ?C?LLDIDATA0
  -------         ENDMOD        ?C?LLDIDATA0

  -------         MODULE        ?C?LLDPDATA0
  C:2FE1H         PUBLIC        ?C?LLDPDATA0
  -------         ENDMOD        ?C?LLDPDATA0

  -------         MODULE        ?C?LSTIDATA
  C:2FEEH         PUBLIC        ?C?LSTIDATA
  -------         ENDMOD        ?C?LSTIDATA

  -------         MODULE        ?C?LSTPDATA
  C:2FFAH         PUBLIC        ?C?LSTPDATA
  -------         ENDMOD        ?C?LSTPDATA

  -------         MODULE        ?C?LSTKIDATA
  C:3006H         PUBLIC        ?C?LSTKIDATA
  -------         ENDMOD        ?C?LSTKIDATA

  -------         MODULE        ?C?LSTKPDATA
  C:301FH         PUBLIC        ?C?LSTKPDATA
  -------         ENDMOD        ?C?LSTKPDATA

  -------         MODULE        ISDIGIT
BL51 BANKED LINKER/LOCATER V6.22                                                      08/28/2019  10:29:20  PAGE 65


  C:7B73H         PUBLIC        _isdigit
  -------         ENDMOD        ISDIGIT

  -------         MODULE        ISSPACE
  C:7B0EH         PUBLIC        _isspace
  -------         ENDMOD        ISSPACE

*** WARNING L16: UNCALLED SEGMENT, IGNORED FOR OVERLAY PROCESS
    SEGMENT: ?PR?_DAY_OF_YEAR?PCF85063BTL

*** WARNING L16: UNCALLED SEGMENT, IGNORED FOR OVERLAY PROCESS
    SEGMENT: ?PR?_FINDCLOSESTSAMEDAYCALIBTIME?CALIBRATION

*** WARNING L16: UNCALLED SEGMENT, IGNORED FOR OVERLAY PROCESS
    SEGMENT: ?PR?NOP?IOEXPANDER_PI4IOE5V96248

*** WARNING L16: UNCALLED SEGMENT, IGNORED FOR OVERLAY PROCESS
    SEGMENT: ?PR?UC_ACK?IOEXPANDER_PI4IOE5V96248

*** WARNING L16: UNCALLED SEGMENT, IGNORED FOR OVERLAY PROCESS
    SEGMENT: ?PR?UC_NACK?IOEXPANDER_PI4IOE5V96248

*** WARNING L16: UNCALLED SEGMENT, IGNORED FOR OVERLAY PROCESS
    SEGMENT: ?PR?_TEN?UART1

*** WARNING L16: UNCALLED SEGMENT, IGNORED FOR OVERLAY PROCESS
    SEGMENT: ?PR?_UNIT?UART1

*** WARNING L16: UNCALLED SEGMENT, IGNORED FOR OVERLAY PROCESS
    SEGMENT: ?PR?_DECTOBCD?UART1

*** WARNING L16: UNCALLED SEGMENT, IGNORED FOR OVERLAY PROCESS
    SEGMENT: ?PR?_ASCII_LETTER?UART1

*** WARNING L16: UNCALLED SEGMENT, IGNORED FOR OVERLAY PROCESS
    SEGMENT: ?PR?_ASCIITOBCD?UART1

Program Size: data=15.4 xdata=1630 code=31742
LINK/LOCATE RUN COMPLETE.  10 WARNING(S),  0 ERROR(S)
