BL51 BANKED LINKER/LOCATER V6.22                                                        03/25/2019  10:53:03  PAGE 1


BL51 BANKED LINKER/LOCATER V6.22, INVOKED BY:
C:\KEIL\C51\BIN\BL51.EXE .\Obj\main.obj, .\Obj\PCF85063BTL.obj, .\Obj\UART1.obj, .\Obj\LCd_Driver_SPLC780D.obj, .\Obj\Ke
>> yPad.obj, .\Obj\VCNL4035.obj, .\Obj\BipolarMotor.obj, .\Obj\SunPos.obj, .\Obj\STARTUP.obj TO .\Obj\GPIO_RTC_Test PRIN
>> T (.\Lis\GPIO_RTC_Test.m51) RAMSIZE (256)


MEMORY MODEL: LARGE WITH FLOATING POINT ARITHMETIC


INPUT MODULES INCLUDED:
  .\Obj\main.obj (MAIN)
  .\Obj\PCF85063BTL.obj (PCF85063BTL)
  .\Obj\UART1.obj (UART1)
  .\Obj\LCd_Driver_SPLC780D.obj (LCD_DRIVER_SPLC780D)
  .\Obj\KeyPad.obj (KEYPAD)
  .\Obj\VCNL4035.obj (VCNL4035)
  .\Obj\BipolarMotor.obj (BIPOLARMOTOR)
  .\Obj\SunPos.obj (SUNPOS)
  .\Obj\STARTUP.obj (?C_STARTUP)
  C:\KEIL\C51\LIB\C51FPL.LIB (?C?FPADD)
  C:\KEIL\C51\LIB\C51FPL.LIB (?C?FPMUL)
  C:\KEIL\C51\LIB\C51FPL.LIB (?C?FPDIV)
  C:\KEIL\C51\LIB\C51FPL.LIB (?C?FPCMP)
  C:\KEIL\C51\LIB\C51FPL.LIB (?C?FPNEG)
  C:\KEIL\C51\LIB\C51FPL.LIB (?C?FCAST)
  C:\KEIL\C51\LIB\C51FPL.LIB (?C?CASTF)
  C:\KEIL\C51\LIB\C51FPL.LIB (ATAN2)
  C:\KEIL\C51\LIB\C51FPL.LIB (SIN)
  C:\KEIL\C51\LIB\C51FPL.LIB (ACOS)
  C:\KEIL\C51\LIB\C51FPL.LIB (ASIN)
  C:\KEIL\C51\LIB\C51FPL.LIB (?C?FPGETOPN)
  C:\KEIL\C51\LIB\C51FPL.LIB (?C?FPSERIES)
  C:\KEIL\C51\LIB\C51FPL.LIB (SQRT)
  C:\KEIL\C51\LIB\C51FPL.LIB (ATAN)
  C:\KEIL\C51\LIB\C51L.LIB (?C_INIT)
  C:\KEIL\C51\LIB\C51L.LIB (?C?COPY)
  C:\KEIL\C51\LIB\C51L.LIB (?C?CLDPTR)
  C:\KEIL\C51\LIB\C51L.LIB (?C?CSTPTR)
  C:\KEIL\C51\LIB\C51L.LIB (?C?IMUL)
  C:\KEIL\C51\LIB\C51L.LIB (?C?UIDIV)
  C:\KEIL\C51\LIB\C51L.LIB (?C?SIDIV)
  C:\KEIL\C51\LIB\C51L.LIB (?C?ILDIX)
  C:\KEIL\C51\LIB\C51L.LIB (?C?LMUL)
  C:\KEIL\C51\LIB\C51L.LIB (?C?ULDIV)
  C:\KEIL\C51\LIB\C51L.LIB (?C?SLDIV)
  C:\KEIL\C51\LIB\C51L.LIB (?C?LNEG)
  C:\KEIL\C51\LIB\C51L.LIB (?C?ULCMP)
  C:\KEIL\C51\LIB\C51L.LIB (?C?LLDPTR)
  C:\KEIL\C51\LIB\C51L.LIB (?C?LLDOPTR)
  C:\KEIL\C51\LIB\C51L.LIB (?C?LSTPTR)
  C:\KEIL\C51\LIB\C51L.LIB (?C?LSTOPTR)
  C:\KEIL\C51\LIB\C51L.LIB (?C?LLDXDATA)
  C:\KEIL\C51\LIB\C51L.LIB (?C?LLDCODE)
  C:\KEIL\C51\LIB\C51L.LIB (?C?LLDXDATA0)
  C:\KEIL\C51\LIB\C51L.LIB (?C?LLDCODE0)
  C:\KEIL\C51\LIB\C51L.LIB (?C?LLDPTR0)
  C:\KEIL\C51\LIB\C51L.LIB (?C?LSTXDATA)
  C:\KEIL\C51\LIB\C51L.LIB (?C?LSTKXDATA)
BL51 BANKED LINKER/LOCATER V6.22                                                      03/25/2019  10:53:03  PAGE 2


  C:\KEIL\C51\LIB\C51L.LIB (?C?OFFXADD)
  C:\KEIL\C51\LIB\C51L.LIB (ABS)
  C:\KEIL\C51\LIB\C51L.LIB (ATOI)
  C:\KEIL\C51\LIB\C51L.LIB (?C?IILDX)
  C:\KEIL\C51\LIB\C51L.LIB (?C?LLDIDATA)
  C:\KEIL\C51\LIB\C51L.LIB (?C?LLDPDATA)
  C:\KEIL\C51\LIB\C51L.LIB (?C?LLDIDATA0)
  C:\KEIL\C51\LIB\C51L.LIB (?C?LLDPDATA0)
  C:\KEIL\C51\LIB\C51L.LIB (?C?LSTIDATA)
  C:\KEIL\C51\LIB\C51L.LIB (?C?LSTPDATA)
  C:\KEIL\C51\LIB\C51L.LIB (ISDIGIT)
  C:\KEIL\C51\LIB\C51L.LIB (ISSPACE)


LINK MAP OF MODULE:  .\Obj\GPIO_RTC_Test (MAIN)


            TYPE    BASE      LENGTH    RELOCATION   SEGMENT NAME
            -----------------------------------------------------

            * * * * * * *   D A T A   M E M O R Y   * * * * * * *
            REG     0000H     0008H     ABSOLUTE     "REG BANK 0"
                    0008H     0018H                  *** GAP ***
            BIT     0020H.0   0000H.6   UNIT         ?BI?KEYPAD
            BIT     0020H.6   0000H.2   UNIT         ?BI?MAIN
            BIT     0021H.0   0000H.2   UNIT         _BIT_GROUP_
            BIT     0021H.2   0000H.1   UNIT         ?BI?_ATOI?ATOI
                    0021H.3   0000H.5                *** GAP ***
            IDATA   0022H     0001H     UNIT         ?STACK

            * * * * * * *  X D A T A   M E M O R Y  * * * * * * *
            XDATA   0000H     03CBH     UNIT         ?XD?BIPOLARMOTOR
            XDATA   03CBH     0134H     UNIT         _XDATA_GROUP_
            XDATA   04FFH     00EFH     UNIT         ?XD?MAIN
            XDATA   05EEH     0040H     UNIT         ?XD?_FINDDET4X4?BIPOLARMOTOR
            XDATA   062EH     0024H     UNIT         ?XD?_FINDDET3X3?BIPOLARMOTOR
            XDATA   0652H     001EH     UNIT         ?XD?_CALIB_INTERPOLATE?MAIN
            XDATA   0670H     0009H     UNIT         ?XD?KEYPAD
            XDATA   0679H     0008H     UNIT         ?XD?_READ_VCNL4035?VCNL4035
            XDATA   0681H     0005H     UNIT         ?XD?_ATOI?ATOI
            XDATA   0686H     0003H     UNIT         ?XD?_SENDSTRING?UART1
            XDATA   0689H     0001H     UNIT         ?XD?UC_ACK?VCNL4035
            XDATA   068AH     0001H     UNIT         ?XD?UC_NACK?VCNL4035
            XDATA   068BH     0001H     UNIT         ?XD?_DISPLAYLCD_VCNL4035?VCNL4035

            * * * * * * *   C O D E   M E M O R Y   * * * * * * *
            CODE    0000H     0003H     ABSOLUTE     
            CODE    0003H     0006H     UNIT         ?PR?_TEN?UART1
            CODE    0009H     0001H     UNIT         ?PR?UART?MAIN
            CODE    000AH     0001H     UNIT         ?PR?_DECTOBCD?UART1
            CODE    000BH     0003H     ABSOLUTE     
            CODE    000EH     0015H     UNIT         ?PR?_DISPLAY_LINE?LCD_DRIVER_SPLC780D
            CODE    0023H     0003H     ABSOLUTE     
            CODE    0026H     0E08H     UNIT         ?PR?_UPDATE_POSITION?BIPOLARMOTOR
            CODE    0E2EH     08D3H     UNIT         ?C?LIB_CODE
            CODE    1701H     07A2H     UNIT         ?PR?SUNPOS?SUNPOS
            CODE    1EA3H     04EEH     UNIT         ?PR?MAIN?MAIN
BL51 BANKED LINKER/LOCATER V6.22                                                      03/25/2019  10:53:03  PAGE 3


            CODE    2391H     043CH     UNIT         ?C_INITSEG
            CODE    27CDH     02C0H     UNIT         ?PR?_FINDDET4X4?BIPOLARMOTOR
            CODE    2A8DH     02B2H     UNIT         ?PR?KEY_PROCESS?KEYPAD
            CODE    2D3FH     01D9H     UNIT         ?PR?_DISPLAY_POS?BIPOLARMOTOR
            CODE    2F18H     01D1H     UNIT         ?PR?_FINDDET3X3?BIPOLARMOTOR
            CODE    30E9H     01A1H     UNIT         ?PR?_CALIB_INTERPOLATE?MAIN
            CODE    328AH     018DH     UNIT         ?PR?KEY_SCAN?KEYPAD
            CODE    3417H     0188H     UNIT         ?PR?SIN?SIN
            CODE    359FH     0145H     UNIT         ?PR?LINEAR_INTERPOLATE?BIPOLARMOTOR
            CODE    36E4H     0122H     UNIT         ?PR?ATAN?ATAN
            CODE    3806H     00EBH     UNIT         ?PR?_MOVE?BIPOLARMOTOR
            CODE    38F1H     00DBH     UNIT         ?PR?_ATOI?ATOI
            CODE    39CCH     00ACH     UNIT         ?PR?SQRT?SQRT
            CODE    3A78H     009DH     UNIT         ?PR?_ATAN2?ATAN2
            CODE    3B15H     009AH     UNIT         ?PR?_READ_VCNL4035?VCNL4035
            CODE    3BAFH     0094H     UNIT         ?PR?_MOVE_2NDMOTOR?BIPOLARMOTOR
            CODE    3C43H     008CH     UNIT         ?C_C51STARTUP
            CODE    3CCFH     0084H     UNIT         ?PR?_DAY_OF_YEAR?PCF85063BTL
            CODE    3D53H     0075H     UNIT         ?PR?_WRITEDATA?LCD_DRIVER_SPLC780D
            CODE    3DC8H     006FH     UNIT         ?PR?_READ_TIME?PCF85063BTL
            CODE    3E37H     0059H     UNIT         ?PR?LCD_INIT?LCD_DRIVER_SPLC780D
            CODE    3E90H     004AH     UNIT         ?PR?ACOS?ACOS
            CODE    3EDAH     0049H     UNIT         ?PR?_WRITE_VCNL4035X?VCNL4035
            CODE    3F23H     0044H     UNIT         ?C?LDIV
            CODE    3F67H     0040H     UNIT         ?PR?_COMMAND?LCD_DRIVER_SPLC780D
            CODE    3FA7H     003BH     UNIT         ?PR?ASIN?ASIN
            CODE    3FE2H     0034H     UNIT         ?PR?TM0_ISR?MAIN
            CODE    4016H     0033H     UNIT         ?PR?_SENDSTRING?UART1
            CODE    4049H     002CH     UNIT         ?PR?I2C_RECEIVEBYTE?VCNL4035
            CODE    4075H     002CH     UNIT         ?PR?_STEP_MOVE?BIPOLARMOTOR
            CODE    40A1H     002CH     UNIT         ?PR?_STEP_MOVE_2NDMOTOR?BIPOLARMOTOR
            CODE    40CDH     002BH     UNIT         ?PR?_WAIT_MS_I2C?VCNL4035
            CODE    40F8H     0024H     UNIT         ?PR?_WAIT_MS?LCD_DRIVER_SPLC780D
            CODE    411CH     0022H     UNIT         ?PR?_I2C_SENDBYTE?VCNL4035
            CODE    413EH     0020H     UNIT         ?PR?_SPI_SENDBYTE?PCF85063BTL
            CODE    415EH     0020H     UNIT         ?PR?SPI_RECEIVEBYTE?PCF85063BTL
            CODE    417EH     001EH     UNIT         ?PR?_DELAY_MS?KEYPAD
            CODE    419CH     001EH     UNIT         ?PR?_WAIT_MS_IIC?VCNL4035
            CODE    41BAH     001DH     UNIT         ?PR?_DISPLAYLCD?LCD_DRIVER_SPLC780D
            CODE    41D7H     001BH     UNIT         ?PR?I2C_ACK?VCNL4035
            CODE    41F2H     001BH     UNIT         ?PR?_BCDTODEC1?BIPOLARMOTOR
            CODE    420DH     0018H     UNIT         ?PR?_SPI_WRITETIME?PCF85063BTL
            CODE    4225H     0017H     UNIT         ?PR?_ASCIITOBCD?UART1
            CODE    423CH     0017H     UNIT         ?PR?I2C_INIT?VCNL4035
            CODE    4253H     0015H     UNIT         ?PR?I2C_STOP?VCNL4035
            CODE    4268H     0014H     UNIT         ?PR?_PCF85063BTL_DELAY?PCF85063BTL
            CODE    427CH     0014H     UNIT         ?PR?_ISSPACE?ISSPACE
            CODE    4290H     0013H     UNIT         ?PR?I2C_START?VCNL4035
            CODE    42A3H     0011H     UNIT         ?PR?_SPI_READTIME?PCF85063BTL
            CODE    42B4H     0011H     UNIT         ?PR?_BCDTODEC?PCF85063BTL
            CODE    42C5H     0011H     UNIT         ?PR?INITUART1?UART1
            CODE    42D6H     000FH     UNIT         ?PR?UC_NACK?VCNL4035
            CODE    42E5H     000FH     UNIT         ?PR?_ISDIGIT?ISDIGIT
            CODE    42F4H     000DH     UNIT         ?PR?SPI_INIT?PCF85063BTL
            CODE    4301H     000CH     UNIT         ?PR?KEYPAD_IO_INIT?KEYPAD
            CODE    430DH     000CH     UNIT         ?PR?_ABS?ABS
            CODE    4319H     000AH     UNIT         ?PR?LCD_RETURN_HOME?LCD_DRIVER_SPLC780D
BL51 BANKED LINKER/LOCATER V6.22                                                      03/25/2019  10:53:03  PAGE 4


            CODE    4323H     000AH     UNIT         ?PR?LCD_CLEAR?LCD_DRIVER_SPLC780D
            CODE    432DH     0009H     UNIT         ?PR?_SENDUART1?MAIN
            CODE    4336H     0006H     UNIT         ?PR?UC_ACK?VCNL4035
            CODE    433CH     0006H     UNIT         ?PR?_DISPLAYLCD_VCNL4035?VCNL4035
            CODE    4342H     0005H     UNIT         ?PR?_UNIT?UART1
            CODE    4347H     0005H     UNIT         ?PR?_ASCII_LETTER?UART1
            CODE    434CH     0001H     UNIT         ?PR?NOP?VCNL4035



OVERLAY MAP OF MODULE:   .\Obj\GPIO_RTC_Test (MAIN)


SEGMENT                                            BIT_GROUP          XDATA_GROUP
  +--> CALLED SEGMENT                           START    LENGTH     START    LENGTH
-----------------------------------------------------------------------------------
?C_C51STARTUP                                   -----    -----      -----    -----
  +--> ?PR?MAIN?MAIN
  +--> ?C_INITSEG

?PR?MAIN?MAIN                                   -----    -----      03CBH    0009H
  +--> ?PR?LCD_INIT?LCD_DRIVER_SPLC780D
  +--> ?PR?SPI_INIT?PCF85063BTL
  +--> ?PR?KEYPAD_IO_INIT?KEYPAD
  +--> ?PR?I2C_INIT?VCNL4035
  +--> ?PR?_DELAY_MS?KEYPAD
  +--> ?PR?_DISPLAY_LINE?LCD_DRIVER_SPLC780D
  +--> ?PR?_WRITEDATA?LCD_DRIVER_SPLC780D
  +--> ?PR?KEY_PROCESS?KEYPAD
  +--> ?PR?_COMMAND?LCD_DRIVER_SPLC780D
  +--> ?PR?_DISPLAY_POS?BIPOLARMOTOR
  +--> ?PR?_DISPLAYLCD?LCD_DRIVER_SPLC780D
  +--> ?PR?_STEP_MOVE?BIPOLARMOTOR
  +--> ?PR?_STEP_MOVE_2NDMOTOR?BIPOLARMOTOR
  +--> ?PR?LCD_RETURN_HOME?LCD_DRIVER_SPLC780D
  +--> ?PR?_READ_TIME?PCF85063BTL
  +--> ?PR?_UPDATE_POSITION?BIPOLARMOTOR
  +--> ?PR?_DAY_OF_YEAR?PCF85063BTL
  +--> ?PR?_BCDTODEC1?BIPOLARMOTOR

?PR?LCD_INIT?LCD_DRIVER_SPLC780D                -----    -----      -----    -----
  +--> ?PR?_WAIT_MS?LCD_DRIVER_SPLC780D
  +--> ?PR?_COMMAND?LCD_DRIVER_SPLC780D

?PR?_COMMAND?LCD_DRIVER_SPLC780D                -----    -----      -----    -----
  +--> ?PR?_WAIT_MS?LCD_DRIVER_SPLC780D

?PR?I2C_INIT?VCNL4035                           -----    -----      -----    -----
  +--> ?PR?_WRITE_VCNL4035X?VCNL4035

?PR?_WRITE_VCNL4035X?VCNL4035                   -----    -----      03D4H    0003H
  +--> ?PR?I2C_START?VCNL4035
  +--> ?PR?_WAIT_MS_I2C?VCNL4035
  +--> ?PR?I2C_ACK?VCNL4035
  +--> ?PR?_I2C_SENDBYTE?VCNL4035
  +--> ?PR?I2C_STOP?VCNL4035

BL51 BANKED LINKER/LOCATER V6.22                                                      03/25/2019  10:53:03  PAGE 5


?PR?I2C_START?VCNL4035                          -----    -----      -----    -----
  +--> ?PR?_WAIT_MS_IIC?VCNL4035
  +--> ?PR?_WAIT_MS_I2C?VCNL4035

?PR?I2C_ACK?VCNL4035                            -----    -----      03D7H    0001H
  +--> ?PR?_I2C_SENDBYTE?VCNL4035
  +--> ?PR?_WAIT_MS_I2C?VCNL4035

?PR?_I2C_SENDBYTE?VCNL4035                      -----    -----      -----    -----
  +--> ?PR?_WAIT_MS_I2C?VCNL4035

?PR?I2C_STOP?VCNL4035                           -----    -----      -----    -----
  +--> ?PR?_WAIT_MS_I2C?VCNL4035

?PR?_DISPLAY_LINE?LCD_DRIVER_SPLC780D           -----    -----      -----    -----
  +--> ?PR?_COMMAND?LCD_DRIVER_SPLC780D

?PR?_WRITEDATA?LCD_DRIVER_SPLC780D              -----    -----      04B1H    0001H
  +--> ?PR?_WAIT_MS?LCD_DRIVER_SPLC780D

?PR?KEY_PROCESS?KEYPAD                          -----    -----      03D4H    0006H
  +--> ?PR?KEY_SCAN?KEYPAD
  +--> ?PR?_SPI_WRITETIME?PCF85063BTL
  +--> ?PR?LCD_CLEAR?LCD_DRIVER_SPLC780D
  +--> ?PR?_COMMAND?LCD_DRIVER_SPLC780D
  +--> ?PR?_WRITEDATA?LCD_DRIVER_SPLC780D

?PR?KEY_SCAN?KEYPAD                             -----    -----      03DAH    0003H

?PR?_SPI_WRITETIME?PCF85063BTL                  -----    -----      -----    -----
  +--> ?PR?_SPI_SENDBYTE?PCF85063BTL

?PR?_SPI_SENDBYTE?PCF85063BTL                   -----    -----      -----    -----
  +--> ?PR?_PCF85063BTL_DELAY?PCF85063BTL

?PR?LCD_CLEAR?LCD_DRIVER_SPLC780D               -----    -----      -----    -----
  +--> ?PR?_COMMAND?LCD_DRIVER_SPLC780D

?PR?_DISPLAY_POS?BIPOLARMOTOR                   -----    -----      04A6H    000BH
  +--> ?PR?_ABS?ABS
  +--> ?PR?_WRITEDATA?LCD_DRIVER_SPLC780D

?PR?_DISPLAYLCD?LCD_DRIVER_SPLC780D             -----    -----      03D4H    0001H
  +--> ?PR?_WRITEDATA?LCD_DRIVER_SPLC780D

?PR?_STEP_MOVE?BIPOLARMOTOR                     0021H.1  0000H.1    04A6H    0004H
  +--> ?PR?_WAIT_MS?LCD_DRIVER_SPLC780D

?PR?_STEP_MOVE_2NDMOTOR?BIPOLARMOTOR            0021H.1  0000H.1    04A2H    0004H
  +--> ?PR?_WAIT_MS?LCD_DRIVER_SPLC780D

?PR?LCD_RETURN_HOME?LCD_DRIVER_SPLC780D         -----    -----      -----    -----
  +--> ?PR?_COMMAND?LCD_DRIVER_SPLC780D

?PR?_READ_TIME?PCF85063BTL                      -----    -----      03D4H    000FH
  +--> ?PR?_SPI_READTIME?PCF85063BTL

BL51 BANKED LINKER/LOCATER V6.22                                                      03/25/2019  10:53:03  PAGE 6


?PR?_SPI_READTIME?PCF85063BTL                   -----    -----      -----    -----
  +--> ?PR?_SPI_SENDBYTE?PCF85063BTL
  +--> ?PR?SPI_RECEIVEBYTE?PCF85063BTL

?PR?SPI_RECEIVEBYTE?PCF85063BTL                 -----    -----      -----    -----
  +--> ?PR?_PCF85063BTL_DELAY?PCF85063BTL

?PR?_UPDATE_POSITION?BIPOLARMOTOR               -----    -----      03D4H    00C2H
  +--> ?PR?_BCDTODEC1?BIPOLARMOTOR
  +--> ?PR?SUNPOS?SUNPOS
  +--> ?PR?SIN?SIN
  +--> ?PR?ASIN?ASIN
  +--> ?PR?LINEAR_INTERPOLATE?BIPOLARMOTOR
  +--> ?PR?_ABS?ABS
  +--> ?PR?_MOVE?BIPOLARMOTOR
  +--> ?PR?_MOVE_2NDMOTOR?BIPOLARMOTOR

?PR?SUNPOS?SUNPOS                               -----    -----      0496H    005DH
  +--> ?PR?SIN?SIN
  +--> ?PR?_ATAN2?ATAN2
  +--> ?PR?ASIN?ASIN
  +--> ?PR?ACOS?ACOS

?PR?SIN?SIN                                     0021H.0  0000H.1    04F3H    0004H

?PR?_ATAN2?ATAN2                                -----    -----      04F3H    0008H
  +--> ?PR?ATAN?ATAN

?PR?ATAN?ATAN                                   0021H.0  0000H.2    04FBH    0004H

?PR?ASIN?ASIN                                   -----    -----      -----    -----
  +--> ?PR?SQRT?SQRT
  +--> ?PR?ATAN?ATAN

?PR?SQRT?SQRT                                   -----    -----      04F3H    0004H

?PR?ACOS?ACOS                                   -----    -----      -----    -----
  +--> ?PR?SQRT?SQRT
  +--> ?PR?ATAN?ATAN

?PR?LINEAR_INTERPOLATE?BIPOLARMOTOR             -----    -----      0496H    0014H

?PR?_MOVE?BIPOLARMOTOR                          0021H.0  0000H.1    0496H    0010H
  +--> ?PR?_STEP_MOVE?BIPOLARMOTOR
  +--> ?PR?_COMMAND?LCD_DRIVER_SPLC780D
  +--> ?PR?_DISPLAY_POS?BIPOLARMOTOR

?PR?_MOVE_2NDMOTOR?BIPOLARMOTOR                 0021H.0  0000H.1    0496H    000CH
  +--> ?PR?_STEP_MOVE_2NDMOTOR?BIPOLARMOTOR
  +--> ?PR?_COMMAND?LCD_DRIVER_SPLC780D
  +--> ?PR?_DISPLAY_POS?BIPOLARMOTOR

?PR?_DAY_OF_YEAR?PCF85063BTL                    -----    -----      -----    -----
  +--> ?PR?_BCDTODEC?PCF85063BTL



BL51 BANKED LINKER/LOCATER V6.22                                                      03/25/2019  10:53:03  PAGE 7


UNRESOLVED EXTERNAL SYMBOLS:
   ?_CALIBRATION?BYTE
   ADC_INIT
   AUTO_MODE
   DIRECTION_ROTATION
   _CALIBRATION



SYMBOL TABLE OF MODULE:  .\Obj\GPIO_RTC_Test (MAIN)

  VALUE           TYPE          NAME
  ----------------------------------

  -------         MODULE        MAIN
  C:0000H         SYMBOL        _ICE_DUMMY_
  X:0507H         PUBLIC        calib_value
  D:0080H         PUBLIC        P0
  D:0090H         PUBLIC        P1
  D:00A0H         PUBLIC        P2
  D:00B0H         PUBLIC        P3
  D:00C0H         PUBLIC        P4
  D:00C8H         PUBLIC        P5
  X:0567H         SYMBOL        PressedKey
  B:00A8H.7       PUBLIC        EA
  D:00E8H         PUBLIC        P6
  D:00F8H         PUBLIC        P7
  X:056BH         PUBLIC        RX_Data_Uart_Cnt
  C:30E9H         PUBLIC        _calib_interpolate
  D:00A8H         PUBLIC        IE
  X:056DH         PUBLIC        calib_time
  D:00B8H         PUBLIC        IP
  B:0020H.6       PUBLIC        pos_angle_display
  X:05CDH         PUBLIC        months
  C:0009H         PUBLIC        Uart
  D:00D8H         PUBLIC        CCON
  C:1EA3H         PUBLIC        main
  X:05CEH         PUBLIC        count
  D:0099H         PUBLIC        SBUF
  X:05D0H         PUBLIC        days
  X:05D1H         PUBLIC        hours
  D:0098H         PUBLIC        SCON
  D:0089H         PUBLIC        TMOD
  D:0088H         PUBLIC        TCON
  B:00B0H.2       PUBLIC        P32
  B:00B0H.3       PUBLIC        P33
  X:05D2H         SYMBOL        KeyCount
  X:05D4H         PUBLIC        mins
  X:05D5H         PUBLIC        Rec_data_hour
  X:05D8H         PUBLIC        Rec_data_min
  D:008EH         PUBLIC        AUXR
  C:3FE2H         PUBLIC        tm0_isr
  B:0020H.7       PUBLIC        busy
  D:00E0H         PUBLIC        ACC
  B:00A8H.1       PUBLIC        ET0
  D:008CH         PUBLIC        TH0
  X:05DBH         PUBLIC        hour_count
BL51 BANKED LINKER/LOCATER V6.22                                                      03/25/2019  10:53:03  PAGE 8


  D:008AH         PUBLIC        TL0
  X:05DCH         PUBLIC        min_count
  B:0088H.4       PUBLIC        TR0
  X:05DDH         SYMBOL        KeyNum
  X:05DEH         SYMBOL        KeyNum_Old
  X:05DFH         PUBLIC        current_position
  X:05E3H         PUBLIC        hours1
  X:05E4H         PUBLIC        hours2
  X:05E5H         PUBLIC        mins1
  X:05E6H         PUBLIC        mins2
  X:05E7H         PUBLIC        current_angle
  X:05EBH         PUBLIC        seconds
  X:05ECH         PUBLIC        st_time
  D:00D0H         PUBLIC        PSW
  C:432DH         PUBLIC        _SendUART1
  -------         PROC          TM0_ISR
  C:3FE2H         LINE#         76
  C:3FEAH         LINE#         78
  C:3FF8H         LINE#         79
  C:4004H         LINE#         80
  C:4004H         LINE#         81
  C:400BH         LINE#         82
  C:400DH         LINE#         83
  C:400DH         LINE#         84
  -------         ENDPROC       TM0_ISR
  -------         PROC          MAIN
  -------         DO            
  X:04FFH         SYMBOL        KeyCount
  X:0501H         SYMBOL        KeyNum_Old
  X:0502H         SYMBOL        KeyNum
  X:0503H         SYMBOL        PressedKey
  X:03CBH         SYMBOL        prox_flag
  X:03CCH         SYMBOL        prox_flag_rotation
  X:03CDH         SYMBOL        calib_day
  X:03CFH         SYMBOL        numStr
  -------         ENDDO         
  C:1EA3H         LINE#         86
  C:1EA3H         LINE#         87
  C:1EA3H         LINE#         92
  C:1EABH         LINE#         94
  C:1EB0H         LINE#         98
  C:1EB2H         LINE#         101
  C:1EB4H         LINE#         104
  C:1EB6H         LINE#         106
  C:1EBCH         LINE#         107
  C:1EBEH         LINE#         108
  C:1EC0H         LINE#         120
  C:1EC3H         LINE#         121
  C:1EC6H         LINE#         122
  C:1EC9H         LINE#         124
  C:1ECCH         LINE#         125
  C:1ECFH         LINE#         127
  C:1ED2H         LINE#         128
  C:1ED5H         LINE#         129
  C:1ED8H         LINE#         130
  C:1EDAH         LINE#         131
  C:1EDCH         LINE#         132
BL51 BANKED LINKER/LOCATER V6.22                                                      03/25/2019  10:53:03  PAGE 9


  C:1EDEH         LINE#         134
  C:1EE0H         LINE#         136
  C:1EE7H         LINE#         138
  C:1EEEH         LINE#         142
  C:1EF5H         LINE#         143
  C:1EFAH         LINE#         144
  C:1EFFH         LINE#         145
  C:1F04H         LINE#         146
  C:1F09H         LINE#         147
  C:1F0EH         LINE#         150
  C:1F0EH         LINE#         151
  C:1F0EH         LINE#         152
  C:1F11H         LINE#         155
  C:1F11H         LINE#         160
  C:1F1BH         LINE#         161
  C:1F1BH         LINE#         162
  C:1F1EH         LINE#         163
  C:1F1EH         LINE#         164
  C:1F23H         LINE#         165
  C:1F28H         LINE#         166
  C:1F2DH         LINE#         167
  C:1F32H         LINE#         168
  C:1F37H         LINE#         169
  C:1F3CH         LINE#         170
  C:1F4DH         LINE#         171
  C:1F4DH         LINE#         172
  C:1F50H         LINE#         173
  C:1F50H         LINE#         174
  C:1F50H         LINE#         175
  C:1F50H         LINE#         176
  C:1F50H         LINE#         177
  C:1F50H         LINE#         178
  C:1F50H         LINE#         179
  C:1F50H         LINE#         180
  C:1F50H         LINE#         181
  C:1F50H         LINE#         182
  C:1F52H         LINE#         184
  C:1F52H         LINE#         185
  C:1F55H         LINE#         186
  C:1F55H         LINE#         187
  C:1F5AH         LINE#         188
  C:1F5FH         LINE#         189
  C:1F64H         LINE#         190
  C:1F69H         LINE#         191
  C:1F6EH         LINE#         192
  C:1F73H         LINE#         193
  C:1F84H         LINE#         194
  C:1F84H         LINE#         195
  C:1F87H         LINE#         196
  C:1F87H         LINE#         197
  C:1F8CH         LINE#         198
  C:1F91H         LINE#         199
  C:1F96H         LINE#         200
  C:1F9BH         LINE#         201
  C:1FA0H         LINE#         202
  C:1FA5H         LINE#         203
  C:1FB6H         LINE#         204
BL51 BANKED LINKER/LOCATER V6.22                                                      03/25/2019  10:53:03  PAGE 10


  C:1FB6H         LINE#         205
  C:1FB6H         LINE#         209
  C:1FBDH         LINE#         210
  C:1FC5H         LINE#         211
  C:1FCAH         LINE#         212
  C:1FD2H         LINE#         213
  C:1FD7H         LINE#         214
  C:1FE1H         LINE#         215
  C:1FE6H         LINE#         216
  C:1FEEH         LINE#         218
  C:1FF6H         LINE#         219
  C:1FFBH         LINE#         220
  C:2005H         LINE#         221
  C:2005H         LINE#         222
  C:2007H         LINE#         223
  C:2009H         LINE#         224
  C:2013H         LINE#         225
  C:2013H         LINE#         226
  C:2018H         LINE#         227
  C:2018H         LINE#         239
  C:201EH         LINE#         240
  C:201EH         LINE#         241
  C:202BH         LINE#         242
  C:202BH         LINE#         243
  C:2035H         LINE#         244
  C:204CH         LINE#         245
  C:204CH         LINE#         246
  C:204EH         LINE#         247
  C:2050H         LINE#         249
  C:2050H         LINE#         250
  C:205BH         LINE#         251
  C:205BH         LINE#         252
  C:2060H         LINE#         253
  C:2060H         LINE#         254
  C:2073H         LINE#         255
  C:2073H         LINE#         258
  C:207DH         LINE#         259
  C:2094H         LINE#         260
  C:2094H         LINE#         261
  C:2096H         LINE#         262
  C:2098H         LINE#         264
  C:2098H         LINE#         265
  C:20A3H         LINE#         266
  C:20A3H         LINE#         267
  C:20A7H         LINE#         268
  C:20A7H         LINE#         269
  C:20A7H         LINE#         270
  C:20AAH         LINE#         271
  C:20B0H         LINE#         272
  C:20B0H         LINE#         273
  C:20BDH         LINE#         274
  C:20BDH         LINE#         275
  C:20C7H         LINE#         276
  C:20DEH         LINE#         277
  C:20DEH         LINE#         278
  C:20E0H         LINE#         279
  C:20E2H         LINE#         281
BL51 BANKED LINKER/LOCATER V6.22                                                      03/25/2019  10:53:03  PAGE 11


  C:20E2H         LINE#         282
  C:20EDH         LINE#         283
  C:20EDH         LINE#         284
  C:20F2H         LINE#         285
  C:20F2H         LINE#         286
  C:20FFH         LINE#         287
  C:20FFH         LINE#         290
  C:2109H         LINE#         291
  C:2120H         LINE#         292
  C:2120H         LINE#         293
  C:2122H         LINE#         294
  C:2124H         LINE#         296
  C:2124H         LINE#         297
  C:212FH         LINE#         298
  C:212FH         LINE#         299
  C:2134H         LINE#         300
  C:2136H         LINE#         301
  C:2136H         LINE#         302
  C:2136H         LINE#         305
  C:2158H         LINE#         306
  C:2158H         LINE#         307
  C:2162H         LINE#         308
  C:2168H         LINE#         309
  C:216AH         LINE#         310
  C:216CH         LINE#         311
  C:216EH         LINE#         312
  C:216EH         LINE#         315
  C:2190H         LINE#         316
  C:2190H         LINE#         317
  C:219AH         LINE#         318
  C:21A0H         LINE#         319
  C:21A2H         LINE#         320
  C:21A4H         LINE#         321
  C:21A6H         LINE#         322
  C:21A6H         LINE#         323
  C:21A9H         LINE#         325
  C:21A9H         LINE#         326
  C:21AFH         LINE#         327
  C:21B7H         LINE#         328
  C:21BDH         LINE#         329
  C:21C5H         LINE#         330
  C:2200H         LINE#         334
  C:220AH         LINE#         335
  C:220AH         LINE#         337
  C:220AH         LINE#         339
  C:220AH         LINE#         342
  C:220AH         LINE#         343
  C:224EH         LINE#         344
  C:224EH         LINE#         345
  C:2271H         LINE#         346
  C:2271H         LINE#         347
  C:2273H         LINE#         348
  C:227AH         LINE#         349
  C:227AH         LINE#         351
  C:22A4H         LINE#         352
  C:22A4H         LINE#         353
  C:230AH         LINE#         354
BL51 BANKED LINKER/LOCATER V6.22                                                      03/25/2019  10:53:03  PAGE 12


  C:235BH         LINE#         355
  C:2369H         LINE#         356
  C:2369H         LINE#         357
  C:237EH         LINE#         358
  C:2380H         LINE#         359
  C:2380H         LINE#         360
  C:238EH         LINE#         361
  C:238EH         LINE#         363
  -------         ENDPROC       MAIN
  -------         PROC          UART
  C:0009H         LINE#         370
  C:0009H         LINE#         403
  -------         ENDPROC       UART
  -------         PROC          _CALIB_INTERPOLATE
  X:0652H         SYMBOL        hours
  X:0656H         SYMBOL        mins
  -------         DO            
  X:065AH         SYMBOL        p_calib1
  X:0662H         SYMBOL        p_calib2
  X:066AH         SYMBOL        i
  X:066CH         SYMBOL        current_time
  -------         ENDDO         
  C:30E9H         LINE#         406
  C:30EFH         LINE#         407
  C:30EFH         LINE#         411
  C:3146H         LINE#         413
  C:316CH         LINE#         414
  C:316CH         LINE#         415
  C:31DEH         LINE#         416
  C:31DEH         LINE#         417
  C:320BH         LINE#         418
  C:3226H         LINE#         420
  C:3253H         LINE#         421
  C:326EH         LINE#         423
  C:3270H         LINE#         424
  C:3270H         LINE#         425
  C:3284H         LINE#         426
  C:3289H         LINE#         428
  -------         ENDPROC       _CALIB_INTERPOLATE
  -------         PROC          _SENDUART1
  D:0007H         SYMBOL        dat
  C:432DH         LINE#         431
  C:432DH         LINE#         432
  C:432DH         LINE#         433
  C:4330H         LINE#         434
  C:4332H         LINE#         435
  C:4333H         LINE#         436
  C:4335H         LINE#         437
  -------         ENDPROC       _SENDUART1
  -------         ENDMOD        MAIN

  -------         MODULE        PCF85063BTL
  C:0000H         SYMBOL        _ICE_DUMMY_
  D:0096H         PUBLIC        P2M0
  D:0080H         PUBLIC        P0
  D:0095H         PUBLIC        P2M1
  D:0090H         PUBLIC        P1
BL51 BANKED LINKER/LOCATER V6.22                                                      03/25/2019  10:53:03  PAGE 13


  D:00A0H         PUBLIC        P2
  D:00B0H         PUBLIC        P3
  D:00C0H         PUBLIC        P4
  D:00C8H         PUBLIC        P5
  D:00E8H         PUBLIC        P6
  B:00A0H.1       PUBLIC        PCF85063BTL_SDI
  D:00F8H         PUBLIC        P7
  B:00A0H.2       PUBLIC        PCF85063BTL_SCK
  B:00A0H.1       PUBLIC        PCF85063BTL_SDO
  D:00A8H         PUBLIC        IE
  C:3DC8H         PUBLIC        _Read_time
  C:426EH         PUBLIC        _PCF85063BTL_Delay
  D:00B8H         PUBLIC        IP
  D:00D8H         PUBLIC        CCON
  C:3CCFH         PUBLIC        _Day_Of_Year
  C:415EH         PUBLIC        SPI_ReceiveByte
  D:0098H         PUBLIC        SCON
  D:0088H         PUBLIC        TCON
  C:42B4H         PUBLIC        _BCDtoDec
  B:00A0H.0       PUBLIC        PCF85063BTL_CS
  C:42A3H         PUBLIC        _SPI_ReadTime
  C:42F4H         PUBLIC        SPI_Init
  C:420DH         PUBLIC        _SPI_WriteTime
  C:413EH         PUBLIC        _SPI_SendByte
  D:00D0H         PUBLIC        PSW
  C:426AH         SYMBOL        L?0047
  -------         PROC          L?0046
  -------         ENDPROC       L?0046
  C:426AH         SYMBOL        L?0047
  -------         PROC          _PCF85063BTL_DELAY
  D:0006H         SYMBOL        us
  C:426EH         LINE#         8
  C:426EH         LINE#         9
  C:426EH         LINE#         10
  C:4278H         LINE#         11
  C:4278H         LINE#         12
  C:4279H         LINE#         13
  C:427BH         LINE#         14
  -------         ENDPROC       _PCF85063BTL_DELAY
  -------         PROC          _SPI_SENDBYTE
  D:0005H         SYMBOL        dat
  -------         DO            
  D:0003H         SYMBOL        i
  -------         ENDDO         
  C:413EH         LINE#         17
  C:4140H         LINE#         18
  C:4140H         LINE#         20
  C:4142H         LINE#         21
  C:4142H         LINE#         22
  C:4144H         LINE#         23
  C:4148H         LINE#         24
  C:4148H         LINE#         25
  C:414AH         LINE#         26
  C:414CH         LINE#         28
  C:414CH         LINE#         29
  C:414EH         LINE#         30
  C:414EH         LINE#         31
BL51 BANKED LINKER/LOCATER V6.22                                                      03/25/2019  10:53:03  PAGE 14


  C:4151H         LINE#         32
  C:4151H         LINE#         33
  C:4154H         LINE#         34
  C:4158H         LINE#         35
  C:415DH         LINE#         36
  -------         ENDPROC       _SPI_SENDBYTE
  -------         PROC          SPI_RECEIVEBYTE
  -------         DO            
  D:0003H         SYMBOL        i
  D:0005H         SYMBOL        dat
  -------         ENDDO         
  C:415EH         LINE#         39
  C:415EH         LINE#         40
  C:415EH         LINE#         42
  C:4160H         LINE#         44
  C:4162H         LINE#         45
  C:4163H         LINE#         46
  C:4163H         LINE#         47
  C:4167H         LINE#         48
  C:4169H         LINE#         49
  C:416CH         LINE#         51
  C:416FH         LINE#         52
  C:416FH         LINE#         53
  C:4173H         LINE#         54
  C:4173H         LINE#         55
  C:4173H         LINE#         56
  C:4176H         LINE#         57
  C:417BH         LINE#         58
  C:417DH         LINE#         59
  -------         ENDPROC       SPI_RECEIVEBYTE
  -------         PROC          _SPI_READTIME
  D:0007H         SYMBOL        addr
  -------         DO            
  D:0006H         SYMBOL        dat
  -------         ENDDO         
  C:42A3H         LINE#         61
  C:42A3H         LINE#         62
  C:42A3H         LINE#         64
  C:42A5H         LINE#         65
  C:42A7H         LINE#         66
  C:42AEH         LINE#         67
  C:42B1H         LINE#         68
  C:42B3H         LINE#         69
  C:42B3H         LINE#         70
  -------         ENDPROC       _SPI_READTIME
  -------         PROC          _SPI_WRITETIME
  D:0002H         SYMBOL        val
  D:0005H         SYMBOL        addr
  C:420DH         LINE#         71
  C:420FH         LINE#         72
  C:420FH         LINE#         74
  C:4211H         LINE#         75
  C:4218H         LINE#         76
  C:421DH         LINE#         77
  C:4222H         LINE#         78
  C:4224H         LINE#         79
  -------         ENDPROC       _SPI_WRITETIME
BL51 BANKED LINKER/LOCATER V6.22                                                      03/25/2019  10:53:03  PAGE 15


  -------         PROC          SPI_INIT
  C:42F4H         LINE#         83
  C:42F4H         LINE#         84
  C:42F4H         LINE#         89
  C:42F7H         LINE#         90
  C:42FAH         LINE#         91
  C:42FCH         LINE#         92
  C:42FEH         LINE#         93
  C:4300H         LINE#         94
  -------         ENDPROC       SPI_INIT
  -------         PROC          _READ_TIME
  X:03D4H         SYMBOL        months
  X:03D7H         SYMBOL        days
  X:03DAH         SYMBOL        hours
  X:03DDH         SYMBOL        mins
  X:03E0H         SYMBOL        seconds
  C:3DC8H         LINE#         96
  C:3DD3H         LINE#         97
  C:3DD3H         LINE#         99
  C:3DE7H         LINE#         101
  C:3DFBH         LINE#         103
  C:3E0FH         LINE#         108
  C:3E23H         LINE#         113
  -------         ENDPROC       _READ_TIME
  -------         PROC          _BCDTODEC
  D:0007H         SYMBOL        bcd
  -------         DO            
  D:0006H         SYMBOL        hi
  D:0007H         SYMBOL        lo
  -------         ENDDO         
  C:42B4H         LINE#         119
  C:42B4H         LINE#         120
  C:42B4H         LINE#         122
  C:42B9H         LINE#         123
  C:42BDH         LINE#         124
  C:42C4H         LINE#         125
  -------         ENDPROC       _BCDTODEC
  -------         PROC          _DAY_OF_YEAR
  D:0007H         SYMBOL        months_bcd
  D:0005H         SYMBOL        days_bcd
  -------         DO            
  D:0004H         SYMBOL        months
  D:0007H         SYMBOL        days
  -------         ENDDO         
  C:3CCFH         LINE#         126
  C:3CCFH         LINE#         127
  C:3CCFH         LINE#         130
  C:3CD4H         LINE#         132
  C:3CD9H         LINE#         134
  C:3D12H         LINE#         135
  C:3D12H         LINE#         136
  C:3D12H         LINE#         137
  C:3D15H         LINE#         138
  C:3D15H         LINE#         139
  C:3D15H         LINE#         140
  C:3D1AH         LINE#         141
  C:3D1AH         LINE#         142
BL51 BANKED LINKER/LOCATER V6.22                                                      03/25/2019  10:53:03  PAGE 16


  C:3D1AH         LINE#         143
  C:3D1FH         LINE#         144
  C:3D1FH         LINE#         145
  C:3D1FH         LINE#         146
  C:3D24H         LINE#         147
  C:3D24H         LINE#         148
  C:3D24H         LINE#         149
  C:3D29H         LINE#         150
  C:3D29H         LINE#         151
  C:3D29H         LINE#         152
  C:3D2EH         LINE#         153
  C:3D2EH         LINE#         154
  C:3D2EH         LINE#         155
  C:3D33H         LINE#         156
  C:3D33H         LINE#         157
  C:3D33H         LINE#         158
  C:3D38H         LINE#         159
  C:3D38H         LINE#         160
  C:3D38H         LINE#         161
  C:3D40H         LINE#         162
  C:3D40H         LINE#         163
  C:3D40H         LINE#         164
  C:3D45H         LINE#         165
  C:3D45H         LINE#         166
  C:3D45H         LINE#         167
  C:3D4AH         LINE#         168
  C:3D4AH         LINE#         169
  C:3D4AH         LINE#         170
  C:3D52H         LINE#         171
  C:3D52H         LINE#         172
  C:3D52H         LINE#         173
  -------         ENDPROC       _DAY_OF_YEAR
  -------         ENDMOD        PCF85063BTL

  -------         MODULE        UART1
  C:0000H         SYMBOL        _ICE_DUMMY_
  D:0080H         PUBLIC        P0
  D:0090H         PUBLIC        P1
  D:00A0H         PUBLIC        P2
  D:00B0H         PUBLIC        P3
  D:00C0H         PUBLIC        P4
  D:00C8H         PUBLIC        P5
  B:00A8H.7       PUBLIC        EA
  D:00E8H         PUBLIC        P6
  D:00F8H         PUBLIC        P7
  C:4016H         PUBLIC        _SendString
  D:00A8H         PUBLIC        IE
  B:00A8H.4       PUBLIC        ES
  D:00B8H         PUBLIC        IP
  C:4225H         PUBLIC        _ASCIItoBCD
  D:00D8H         PUBLIC        CCON
  C:42C5H         PUBLIC        initUART1
  D:0098H         PUBLIC        SCON
  D:0088H         PUBLIC        TCON
  C:000AH         PUBLIC        _DectoBCD
  C:4347H         PUBLIC        _ASCII_Letter
  D:008EH         PUBLIC        AUXR
BL51 BANKED LINKER/LOCATER V6.22                                                      03/25/2019  10:53:03  PAGE 17


  C:4342H         PUBLIC        _unit
  C:0003H         PUBLIC        _ten
  D:00D6H         PUBLIC        T2H
  D:00D7H         PUBLIC        T2L
  D:00D0H         PUBLIC        PSW
  -------         PROC          INITUART1
  C:42C5H         LINE#         21
  C:42C5H         LINE#         22
  C:42C5H         LINE#         23
  C:42C8H         LINE#         24
  C:42CBH         LINE#         25
  C:42CEH         LINE#         26
  C:42D1H         LINE#         27
  C:42D3H         LINE#         28
  C:42D5H         LINE#         30
  -------         ENDPROC       INITUART1
  -------         PROC          _SENDSTRING
  X:0686H         SYMBOL        s
  C:4016H         LINE#         35
  C:4021H         LINE#         36
  C:4021H         LINE#         37
  C:4031H         LINE#         38
  C:4031H         LINE#         39
  C:4046H         LINE#         40
  C:4048H         LINE#         41
  -------         ENDPROC       _SENDSTRING
  -------         PROC          _TEN
  D:0007H         SYMBOL        BCD
  C:0003H         LINE#         43
  C:0003H         LINE#         44
  C:0003H         LINE#         45
  C:0008H         LINE#         46
  -------         ENDPROC       _TEN
  -------         PROC          _UNIT
  D:0007H         SYMBOL        BCD
  C:4342H         LINE#         47
  C:4342H         LINE#         48
  C:4342H         LINE#         52
  C:4346H         LINE#         53
  -------         ENDPROC       _UNIT
  -------         PROC          _DECTOBCD
  D:0007H         SYMBOL        dec
  C:000AH         LINE#         54
  C:000AH         LINE#         55
  C:000AH         LINE#         57
  C:000AH         LINE#         58
  -------         ENDPROC       _DECTOBCD
  -------         PROC          _ASCII_LETTER
  D:0007H         SYMBOL        dat
  C:4347H         LINE#         60
  C:4347H         LINE#         61
  C:4347H         LINE#         63
  C:434BH         LINE#         64
  -------         ENDPROC       _ASCII_LETTER
  -------         PROC          _ASCIITOBCD
  D:0001H         SYMBOL        ascii
  -------         DO            
BL51 BANKED LINKER/LOCATER V6.22                                                      03/25/2019  10:53:03  PAGE 18


  D:0007H         SYMBOL        dec_val
  D:0006H         SYMBOL        ten
  D:0007H         SYMBOL        unit
  -------         ENDDO         
  C:4225H         LINE#         66
  C:4225H         LINE#         67
  C:4225H         LINE#         69
  C:4228H         LINE#         70
  C:422EH         LINE#         71
  C:4235H         LINE#         72
  C:423BH         LINE#         74
  -------         ENDPROC       _ASCIITOBCD
  -------         ENDMOD        UART1

  -------         MODULE        LCD_DRIVER_SPLC780D
  C:0000H         SYMBOL        _ICE_DUMMY_
  D:0092H         PUBLIC        P1M0
  D:0091H         PUBLIC        P1M1
  D:0080H         PUBLIC        P0
  D:0090H         PUBLIC        P1
  D:00A0H         PUBLIC        P2
  D:00B0H         PUBLIC        P3
  D:00C0H         PUBLIC        P4
  D:00C8H         PUBLIC        P5
  D:00E8H         PUBLIC        P6
  D:00F8H         PUBLIC        P7
  C:3D53H         PUBLIC        _WriteData
  D:00A8H         PUBLIC        IE
  D:00B8H         PUBLIC        IP
  D:00D8H         PUBLIC        CCON
  B:00B0H.4       PUBLIC        LCD_D4
  B:00B0H.5       PUBLIC        LCD_D5
  B:00B0H.6       PUBLIC        LCD_D6
  C:41BAH         PUBLIC        _DisplayLCD
  B:00B0H.7       PUBLIC        LCD_D7
  D:0098H         PUBLIC        SCON
  D:0088H         PUBLIC        TCON
  C:4323H         PUBLIC        LCD_clear
  C:3F67H         PUBLIC        _Command
  C:000EH         PUBLIC        _Display_Line
  C:3E37H         PUBLIC        LCD_Init
  C:40FEH         PUBLIC        _Wait_ms
  B:00C0H.0       PUBLIC        LCD_RS
  B:00B0H.2       PUBLIC        LCD_RW
  C:4319H         PUBLIC        LCD_return_home
  B:00B0H.3       PUBLIC        LCD_E
  D:00D0H         PUBLIC        PSW
  -------         PROC          LCD_INIT
  C:3E37H         LINE#         9
  C:3E37H         LINE#         10
  C:3E37H         LINE#         11
  C:3E3AH         LINE#         12
  C:3E3DH         LINE#         14
  C:3E43H         LINE#         15
  C:3E48H         LINE#         17
  C:3E4FH         LINE#         18
  C:3E54H         LINE#         20
BL51 BANKED LINKER/LOCATER V6.22                                                      03/25/2019  10:53:03  PAGE 19


  C:3E57H         LINE#         21
  C:3E5CH         LINE#         23
  C:3E5FH         LINE#         24
  C:3E64H         LINE#         26
  C:3E6BH         LINE#         29
  C:3E70H         LINE#         30
  C:3E75H         LINE#         32
  C:3E7AH         LINE#         33
  C:3E7FH         LINE#         35
  C:3E84H         LINE#         36
  C:3E89H         LINE#         37
  -------         ENDPROC       LCD_INIT
  -------         PROC          _WRITEDATA
  X:04B1H         SYMBOL        dat
  C:3D53H         LINE#         40
  C:3D58H         LINE#         41
  C:3D58H         LINE#         46
  C:3D5AH         LINE#         47
  C:3D5CH         LINE#         49
  C:3D6AH         LINE#         50
  C:3D76H         LINE#         51
  C:3D82H         LINE#         52
  C:3D8CH         LINE#         53
  C:3D8EH         LINE#         54
  C:3D95H         LINE#         55
  C:3D97H         LINE#         57
  C:3DA7H         LINE#         58
  C:3DB2H         LINE#         59
  C:3DBCH         LINE#         60
  C:3DC0H         LINE#         62
  C:3DC0H         LINE#         63
  C:3DC3H         LINE#         64
  C:3DC5H         LINE#         65
  C:3DC7H         LINE#         67
  -------         ENDPROC       _WRITEDATA
  -------         PROC          _COMMAND
  D:0007H         SYMBOL        dat
  C:3F67H         LINE#         69
  C:3F67H         LINE#         70
  C:3F67H         LINE#         71
  C:3F69H         LINE#         72
  C:3F6BH         LINE#         74
  C:3F75H         LINE#         75
  C:3F79H         LINE#         77
  C:3F7BH         LINE#         78
  C:3F84H         LINE#         79
  C:3F88H         LINE#         81
  C:3F8AH         LINE#         82
  C:3F91H         LINE#         83
  C:3F95H         LINE#         85
  C:3F97H         LINE#         86
  C:3F9BH         LINE#         87
  C:3F9FH         LINE#         89
  C:3FA1H         LINE#         90
  C:3FA1H         LINE#         91
  C:3FA4H         LINE#         92
  C:3FA6H         LINE#         93
BL51 BANKED LINKER/LOCATER V6.22                                                      03/25/2019  10:53:03  PAGE 20


  -------         ENDPROC       _COMMAND
  C:40FAH         SYMBOL        L?0028
  -------         PROC          L?0027
  -------         ENDPROC       L?0027
  C:40FAH         SYMBOL        L?0028
  -------         PROC          _WAIT_MS
  D:0006H         SYMBOL        ms
  -------         DO            
  D:0004H         SYMBOL        De_Cnt
  -------         ENDDO         
  C:40FEH         LINE#         95
  C:40FEH         LINE#         96
  C:40FEH         LINE#         98
  C:4108H         LINE#         99
  C:4108H         LINE#         100
  C:411BH         LINE#         101
  C:411BH         LINE#         102
  -------         ENDPROC       _WAIT_MS
  -------         PROC          _DISPLAYLCD
  D:0007H         SYMBOL        BCD
  -------         DO            
  D:0006H         SYMBOL        first_digit
  X:03D4H         SYMBOL        second_digit
  -------         ENDDO         
  C:41BAH         LINE#         103
  C:41BAH         LINE#         104
  C:41BAH         LINE#         106
  C:41C1H         LINE#         107
  C:41CAH         LINE#         109
  C:41CFH         LINE#         111
  -------         ENDPROC       _DISPLAYLCD
  -------         PROC          LCD_RETURN_HOME
  C:4319H         LINE#         115
  C:4319H         LINE#         116
  C:4319H         LINE#         117
  C:431EH         LINE#         118
  -------         ENDPROC       LCD_RETURN_HOME
  -------         PROC          LCD_CLEAR
  C:4323H         LINE#         121
  C:4323H         LINE#         122
  C:4323H         LINE#         123
  C:4328H         LINE#         124
  -------         ENDPROC       LCD_CLEAR
  -------         PROC          _DISPLAY_LINE
  D:0006H         SYMBOL        line
  C:000EH         LINE#         128
  C:000EH         LINE#         129
  C:000EH         LINE#         130
  C:0014H         LINE#         131
  C:0014H         LINE#         132
  C:0016H         LINE#         133
  C:0016H         LINE#         134
  C:0018H         LINE#         136
  C:0018H         LINE#         137
  C:001DH         LINE#         138
  C:0022H         LINE#         139
  C:0022H         LINE#         140
BL51 BANKED LINKER/LOCATER V6.22                                                      03/25/2019  10:53:03  PAGE 21


  -------         ENDPROC       _DISPLAY_LINE
  -------         ENDMOD        LCD_DRIVER_SPLC780D

  -------         MODULE        KEYPAD
  C:0000H         SYMBOL        _ICE_DUMMY_
  D:0093H         PUBLIC        P0M1
  D:0080H         PUBLIC        P0
  D:0090H         PUBLIC        P1
  D:00A0H         PUBLIC        P2
  D:00B0H         PUBLIC        P3
  D:00C0H         PUBLIC        P4
  D:00C8H         PUBLIC        P5
  B:0020H.0       PUBLIC        calib_mode
  D:00E8H         PUBLIC        P6
  D:00F8H         PUBLIC        P7
  D:00A8H         PUBLIC        IE
  C:328AH         PUBLIC        Key_Scan
  D:00B8H         PUBLIC        IP
  D:00D8H         PUBLIC        CCON
  C:4301H         PUBLIC        KeyPad_IO_Init
  C:417EH         PUBLIC        _Delay_ms
  D:0098H         PUBLIC        SCON
  D:0088H         PUBLIC        TCON
  B:0020H.1       PUBLIC        small_move
  B:0020H.2       PUBLIC        move
  B:0020H.3       PUBLIC        direction
  B:0020H.4       PUBLIC        auto_move
  B:0020H.5       PUBLIC        selected_motor
  C:2A8DH         PUBLIC        Key_Process
  D:00D0H         PUBLIC        PSW
  D:0094H         PUBLIC        P0M0
  -------         PROC          _DELAY_MS
  D:0006H         SYMBOL        ms
  -------         DO            
  D:0004H         SYMBOL        De_Cnt
  -------         ENDDO         
  C:417EH         LINE#         21
  C:417EH         LINE#         22
  C:417EH         LINE#         24
  C:4188H         LINE#         25
  C:4188H         LINE#         26
  C:419BH         LINE#         27
  C:419BH         LINE#         28
  -------         ENDPROC       _DELAY_MS
  -------         PROC          KEY_SCAN
  -------         DO            
  X:03DAH         SYMBOL        KeyTemp1
  X:03DBH         SYMBOL        KeyTemp2
  X:03DCH         SYMBOL        KeyValue
  -------         ENDDO         
  C:328AH         LINE#         29
  C:328AH         LINE#         30
  C:328AH         LINE#         35
  C:328DH         LINE#         38
  C:3290H         LINE#         40
  C:3298H         LINE#         41
  C:329FH         LINE#         42
BL51 BANKED LINKER/LOCATER V6.22                                                      03/25/2019  10:53:03  PAGE 22


  C:329FH         LINE#         44
  C:32A4H         LINE#         45
  C:32ABH         LINE#         46
  C:32ABH         LINE#         49
  C:32AEH         LINE#         50
  C:32B1H         LINE#         51
  C:32B6H         LINE#         52
  C:32BAH         LINE#         53
  C:32BAH         LINE#         54
  C:32C2H         LINE#         55
  C:32C2H         LINE#         56
  C:32C5H         LINE#         57
  C:32CDH         LINE#         58
  C:32CFH         LINE#         60
  C:32E3H         LINE#         61
  C:32E3H         LINE#         62
  C:32E3H         LINE#         63
  C:32E3H         LINE#         64
  C:32E9H         LINE#         66
  C:32EBH         LINE#         67
  C:32EBH         LINE#         68
  C:32EBH         LINE#         69
  C:32F1H         LINE#         71
  C:32F3H         LINE#         72
  C:32F3H         LINE#         73
  C:32F3H         LINE#         74
  C:32F9H         LINE#         76
  C:32FBH         LINE#         77
  C:32FBH         LINE#         78
  C:32FBH         LINE#         79
  C:3301H         LINE#         81
  C:3301H         LINE#         82
  C:3301H         LINE#         83
  C:3301H         LINE#         86
  C:3304H         LINE#         87
  C:3307H         LINE#         88
  C:330FH         LINE#         89
  C:3313H         LINE#         90
  C:3313H         LINE#         91
  C:331BH         LINE#         92
  C:331BH         LINE#         93
  C:331EH         LINE#         94
  C:3326H         LINE#         95
  C:3328H         LINE#         96
  C:333CH         LINE#         97
  C:333CH         LINE#         98
  C:333CH         LINE#         99
  C:333CH         LINE#         100
  C:3342H         LINE#         102
  C:3344H         LINE#         103
  C:3344H         LINE#         104
  C:3344H         LINE#         105
  C:334AH         LINE#         107
  C:334CH         LINE#         108
  C:334CH         LINE#         109
  C:334CH         LINE#         110
  C:3352H         LINE#         112
BL51 BANKED LINKER/LOCATER V6.22                                                      03/25/2019  10:53:03  PAGE 23


  C:3354H         LINE#         113
  C:3354H         LINE#         114
  C:3354H         LINE#         115
  C:3359H         LINE#         117
  C:3359H         LINE#         118
  C:3359H         LINE#         119
  C:3359H         LINE#         122
  C:335CH         LINE#         123
  C:335FH         LINE#         124
  C:3367H         LINE#         125
  C:336BH         LINE#         126
  C:336BH         LINE#         127
  C:3373H         LINE#         128
  C:3373H         LINE#         129
  C:3376H         LINE#         130
  C:337EH         LINE#         131
  C:3380H         LINE#         132
  C:3394H         LINE#         133
  C:3394H         LINE#         134
  C:3394H         LINE#         135
  C:3394H         LINE#         136
  C:339AH         LINE#         138
  C:339CH         LINE#         139
  C:339CH         LINE#         140
  C:339CH         LINE#         141
  C:33A2H         LINE#         143
  C:33A4H         LINE#         144
  C:33A4H         LINE#         145
  C:33A4H         LINE#         146
  C:33AAH         LINE#         148
  C:33ACH         LINE#         149
  C:33ACH         LINE#         150
  C:33ACH         LINE#         151
  C:33B2H         LINE#         153
  C:33B2H         LINE#         154
  C:33B2H         LINE#         155
  C:33B2H         LINE#         159
  C:33B5H         LINE#         160
  C:33B8H         LINE#         161
  C:33C0H         LINE#         162
  C:33C4H         LINE#         163
  C:33C4H         LINE#         164
  C:33CCH         LINE#         165
  C:33CCH         LINE#         166
  C:33CFH         LINE#         167
  C:33D7H         LINE#         168
  C:33D9H         LINE#         169
  C:33EDH         LINE#         170
  C:33EDH         LINE#         171
  C:33EDH         LINE#         172
  C:33EDH         LINE#         173
  C:33F3H         LINE#         175
  C:33F5H         LINE#         176
  C:33F5H         LINE#         177
  C:33F5H         LINE#         178
  C:33FBH         LINE#         180
  C:33FDH         LINE#         181
BL51 BANKED LINKER/LOCATER V6.22                                                      03/25/2019  10:53:03  PAGE 24


  C:33FDH         LINE#         182
  C:33FDH         LINE#         183
  C:3403H         LINE#         185
  C:3405H         LINE#         186
  C:3405H         LINE#         187
  C:3405H         LINE#         188
  C:340BH         LINE#         190
  C:340BH         LINE#         191
  C:340BH         LINE#         192
  C:340BH         LINE#         194
  C:3411H         LINE#         195
  C:3411H         LINE#         197
  C:3411H         LINE#         198
  C:3414H         LINE#         199
  C:3414H         LINE#         200
  C:3414H         LINE#         202
  C:3414H         LINE#         203
  C:3416H         LINE#         204
  C:3416H         LINE#         205
  -------         ENDPROC       KEY_SCAN
  -------         PROC          KEY_PROCESS
  -------         DO            
  X:0670H         SYMBOL        KeyCount
  X:0672H         SYMBOL        KeyNum_Old
  X:0673H         SYMBOL        KeyNum
  X:0674H         SYMBOL        PressedKey
  X:03D4H         SYMBOL        d
  D:0004H         SYMBOL        hours
  D:0006H         SYMBOL        mins
  X:03D6H         SYMBOL        months
  X:03D8H         SYMBOL        days
  -------         ENDDO         
  C:2A8DH         LINE#         206
  C:2A8DH         LINE#         207
  C:2A8DH         LINE#         211
  C:2A95H         LINE#         212
  C:2A9DH         LINE#         214
  C:2AA0H         LINE#         215
  C:2AA0H         LINE#         216
  C:2AA3H         LINE#         218
  C:2AA3H         LINE#         219
  C:2AB0H         LINE#         220
  C:2AB0H         LINE#         221
  C:2AB3H         LINE#         222
  C:2AB6H         LINE#         224
  C:2AB9H         LINE#         226
  C:2AB9H         LINE#         227
  C:2AC4H         LINE#         228
  C:2AC4H         LINE#         229
  C:2AC7H         LINE#         231
  C:2AC7H         LINE#         232
  C:2ACEH         LINE#         233
  C:2ACEH         LINE#         234
  C:2AD1H         LINE#         236
  C:2AD1H         LINE#         237
  C:2AD9H         LINE#         238
  C:2AD9H         LINE#         239
BL51 BANKED LINKER/LOCATER V6.22                                                      03/25/2019  10:53:03  PAGE 25


  C:2AE3H         LINE#         240
  C:2AEBH         LINE#         242
  C:2AF4H         LINE#         244
  C:2AF4H         LINE#         253
  C:2B09H         LINE#         254
  C:2B09H         LINE#         255
  C:2B1BH         LINE#         256
  C:2B29H         LINE#         257
  C:2B38H         LINE#         258
  C:2B38H         LINE#         260
  C:2B3EH         LINE#         264
  C:2B54H         LINE#         265
  C:2B65H         LINE#         266
  C:2B80H         LINE#         267
  C:2B80H         LINE#         268
  C:2B90H         LINE#         269
  C:2BA1H         LINE#         270
  C:2BA1H         LINE#         271
  C:2BA9H         LINE#         272
  C:2BA9H         LINE#         273
  C:2BABH         LINE#         274
  C:2BADH         LINE#         275
  C:2BB1H         LINE#         276
  C:2BB1H         LINE#         277
  C:2BB3H         LINE#         278
  C:2BB3H         LINE#         282
  C:2BCCH         LINE#         283
  C:2BE3H         LINE#         284
  C:2C03H         LINE#         285
  C:2C03H         LINE#         286
  C:2C0DH         LINE#         287
  C:2C0DH         LINE#         288
  C:2C16H         LINE#         289
  C:2C16H         LINE#         290
  C:2C2AH         LINE#         291
  C:2C2AH         LINE#         292
  C:2C2AH         LINE#         293
  C:2C2AH         LINE#         294
  C:2C2AH         LINE#         295
  C:2C2CH         LINE#         297
  C:2C2CH         LINE#         298
  C:2C38H         LINE#         299
  C:2C38H         LINE#         300
  C:2C49H         LINE#         301
  C:2C49H         LINE#         302
  C:2C49H         LINE#         303
  C:2C49H         LINE#         304
  C:2C49H         LINE#         306
  C:2C4BH         LINE#         308
  C:2C4BH         LINE#         309
  C:2C5CH         LINE#         310
  C:2C5CH         LINE#         311
  C:2C5CH         LINE#         312
  C:2C5CH         LINE#         313
  C:2C5CH         LINE#         315
  C:2C5CH         LINE#         317
  C:2C5CH         LINE#         318
BL51 BANKED LINKER/LOCATER V6.22                                                      03/25/2019  10:53:03  PAGE 26


  C:2C5EH         LINE#         320
  C:2C5EH         LINE#         321
  C:2C71H         LINE#         322
  C:2C71H         LINE#         323
  C:2C82H         LINE#         324
  C:2C82H         LINE#         325
  C:2C82H         LINE#         326
  C:2C82H         LINE#         327
  C:2C82H         LINE#         328
  C:2C84H         LINE#         330
  C:2C84H         LINE#         331
  C:2C95H         LINE#         332
  C:2C95H         LINE#         333
  C:2CA6H         LINE#         334
  C:2CB7H         LINE#         335
  C:2CB7H         LINE#         336
  C:2CB7H         LINE#         337
  C:2CB7H         LINE#         338
  C:2CB7H         LINE#         339
  C:2CBAH         LINE#         340
  C:2CBFH         LINE#         341
  C:2CC4H         LINE#         342
  C:2CC9H         LINE#         343
  C:2CCEH         LINE#         344
  C:2CD3H         LINE#         345
  C:2CD8H         LINE#         346
  C:2CDDH         LINE#         347
  C:2CDDH         LINE#         349
  C:2CFFH         LINE#         350
  C:2CFFH         LINE#         351
  C:2D09H         LINE#         352
  C:2D09H         LINE#         353
  C:2D0EH         LINE#         354
  C:2D17H         LINE#         355
  C:2D2EH         LINE#         356
  C:2D2EH         LINE#         357
  C:2D3EH         LINE#         359
  C:2D3EH         LINE#         363
  -------         ENDPROC       KEY_PROCESS
  -------         PROC          KEYPAD_IO_INIT
  C:4301H         LINE#         366
  C:4301H         LINE#         367
  C:4301H         LINE#         368
  C:4304H         LINE#         369
  C:4307H         LINE#         370
  C:430AH         LINE#         371
  C:430CH         LINE#         372
  -------         ENDPROC       KEYPAD_IO_INIT
  -------         ENDMOD        KEYPAD

  -------         MODULE        VCNL4035
  C:0000H         SYMBOL        _ICE_DUMMY_
  D:0080H         PUBLIC        P0
  B:00B0H.2       PUBLIC        I2C_SCK
  D:00B2H         PUBLIC        P3M0
  D:0090H         PUBLIC        P1
  D:00B1H         PUBLIC        P3M1
BL51 BANKED LINKER/LOCATER V6.22                                                      03/25/2019  10:53:03  PAGE 27


  D:00A0H         PUBLIC        P2
  D:00B0H         PUBLIC        P3
  D:00C0H         PUBLIC        P4
  D:00C8H         PUBLIC        P5
  D:00E8H         PUBLIC        P6
  D:00F8H         PUBLIC        P7
  D:00A8H         PUBLIC        IE
  C:433CH         PUBLIC        _DisplayLCD_VCNL4035
  D:00B8H         PUBLIC        IP
  D:00D8H         PUBLIC        CCON
  C:4290H         PUBLIC        I2C_Start
  D:0098H         PUBLIC        SCON
  C:423CH         PUBLIC        I2C_Init
  D:0088H         PUBLIC        TCON
  C:42D6H         PUBLIC        uC_NACK
  C:40DAH         PUBLIC        _Wait_ms_i2c
  C:411CH         PUBLIC        _I2C_SendByte
  C:4253H         PUBLIC        I2C_Stop
  C:3EDAH         PUBLIC        _Write_VCNL4035X
  C:434CH         PUBLIC        nop
  C:3B15H         PUBLIC        _Read_VCNL4035
  C:4336H         PUBLIC        uC_ACK
  C:41DCH         PUBLIC        I2C_ACK
  C:419CH         PUBLIC        _Wait_ms_iic
  B:00B0H.1       PUBLIC        I2C_SDA
  D:00D0H         PUBLIC        PSW
  C:404FH         PUBLIC        I2C_ReceiveByte
  -------         PROC          _WAIT_MS_IIC
  D:0006H         SYMBOL        ms
  -------         DO            
  D:0004H         SYMBOL        De_Cnt
  -------         ENDDO         
  C:419CH         LINE#         5
  C:419CH         LINE#         6
  C:419CH         LINE#         8
  C:41A6H         LINE#         9
  C:41A6H         LINE#         10
  C:41B9H         LINE#         11
  C:41B9H         LINE#         12
  -------         ENDPROC       _WAIT_MS_IIC
  C:40D4H         SYMBOL        L?0048
  C:40D6H         SYMBOL        L?0049
  -------         PROC          L?0047
  -------         ENDPROC       L?0047
  C:40D4H         SYMBOL        L?0048
  C:40D6H         SYMBOL        L?0049
  -------         PROC          _WAIT_MS_I2C
  D:0006H         SYMBOL        ms
  -------         DO            
  D:0004H         SYMBOL        De_Cnt
  -------         ENDDO         
  C:40DAH         LINE#         14
  C:40DAH         LINE#         15
  C:40DAH         LINE#         17
  C:40E4H         LINE#         18
  C:40E4H         LINE#         19
  C:40F7H         LINE#         20
BL51 BANKED LINKER/LOCATER V6.22                                                      03/25/2019  10:53:03  PAGE 28


  C:40F7H         LINE#         21
  -------         ENDPROC       _WAIT_MS_I2C
  -------         PROC          NOP
  C:434CH         LINE#         22
  C:434CH         LINE#         23
  C:434CH         LINE#         25
  -------         ENDPROC       NOP
  -------         PROC          I2C_START
  C:4290H         LINE#         26
  C:4290H         LINE#         27
  C:4290H         LINE#         29
  C:4292H         LINE#         30
  C:4294H         LINE#         31
  C:429BH         LINE#         32
  C:429DH         LINE#         33
  C:42A0H         LINE#         34
  C:42A2H         LINE#         37
  -------         ENDPROC       I2C_START
  -------         PROC          I2C_STOP
  C:4253H         LINE#         39
  C:4253H         LINE#         40
  C:4253H         LINE#         41
  C:4255H         LINE#         42
  C:4257H         LINE#         43
  C:425AH         LINE#         44
  C:425CH         LINE#         45
  C:425EH         LINE#         46
  C:4265H         LINE#         47
  C:4267H         LINE#         50
  -------         ENDPROC       I2C_STOP
  -------         PROC          L?0050
  -------         ENDPROC       L?0050
  -------         PROC          I2C_ACK
  -------         DO            
  X:03D7H         SYMBOL        i
  D:0003H         SYMBOL        dat
  -------         ENDDO         
  C:41DCH         LINE#         52
  C:41DCH         LINE#         53
  C:41DCH         LINE#         55
  C:41DDH         LINE#         60
  C:41E0H         LINE#         61
  C:41E2H         LINE#         62
  C:41E5H         LINE#         64
  C:41E8H         LINE#         65
  C:41E8H         LINE#         66
  C:41ECH         LINE#         67
  C:41ECH         LINE#         70
  C:41ECH         LINE#         71
  C:41EFH         LINE#         72
  C:41EFH         LINE#         73
  C:41F1H         LINE#         74
  -------         ENDPROC       I2C_ACK
  -------         PROC          UC_ACK
  -------         DO            
  X:0689H         SYMBOL        i
  -------         ENDDO         
BL51 BANKED LINKER/LOCATER V6.22                                                      03/25/2019  10:53:03  PAGE 29


  C:4336H         LINE#         75
  C:4336H         LINE#         76
  C:4336H         LINE#         78
  C:4336H         LINE#         85
  C:4336H         LINE#         87
  C:4336H         LINE#         89
  C:4336H         LINE#         90
  C:4336H         LINE#         93
  C:4339H         LINE#         94
  C:433BH         LINE#         95
  C:433BH         LINE#         99
  -------         ENDPROC       UC_ACK
  -------         PROC          UC_NACK
  -------         DO            
  X:068AH         SYMBOL        i
  -------         ENDDO         
  C:42D6H         LINE#         101
  C:42D6H         LINE#         102
  C:42D6H         LINE#         104
  C:42D6H         LINE#         108
  C:42D8H         LINE#         111
  C:42D8H         LINE#         112
  C:42DAH         LINE#         113
  C:42DAH         LINE#         115
  C:42DAH         LINE#         116
  C:42DAH         LINE#         119
  C:42DDH         LINE#         120
  C:42DFH         LINE#         121
  C:42E2H         LINE#         122
  C:42E4H         LINE#         123
  C:42E4H         LINE#         127
  -------         ENDPROC       UC_NACK
  -------         PROC          I2C_INIT
  C:423CH         LINE#         129
  C:423CH         LINE#         130
  C:423CH         LINE#         133
  C:423FH         LINE#         134
  C:4242H         LINE#         139
  C:424AH         LINE#         141
  -------         ENDPROC       I2C_INIT
  -------         PROC          _I2C_SENDBYTE
  D:0001H         SYMBOL        dat
  -------         DO            
  D:0003H         SYMBOL        i
  -------         ENDDO         
  C:411CH         LINE#         145
  C:411EH         LINE#         146
  C:411EH         LINE#         149
  C:4120H         LINE#         150
  C:4120H         LINE#         151
  C:4122H         LINE#         153
  C:4126H         LINE#         154
  C:4126H         LINE#         155
  C:4128H         LINE#         156
  C:412AH         LINE#         158
  C:412AH         LINE#         159
  C:412CH         LINE#         160
BL51 BANKED LINKER/LOCATER V6.22                                                      03/25/2019  10:53:03  PAGE 30


  C:412CH         LINE#         161
  C:412FH         LINE#         162
  C:4131H         LINE#         164
  C:4135H         LINE#         165
  C:4138H         LINE#         166
  C:413DH         LINE#         167
  -------         ENDPROC       _I2C_SENDBYTE
  -------         PROC          L?0051
  -------         ENDPROC       L?0051
  -------         PROC          I2C_RECEIVEBYTE
  -------         DO            
  D:0003H         SYMBOL        i
  D:0001H         SYMBOL        dat
  -------         ENDDO         
  C:404FH         LINE#         171
  C:404FH         LINE#         172
  C:404FH         LINE#         174
  C:4051H         LINE#         178
  C:4052H         LINE#         179
  C:4052H         LINE#         180
  C:4056H         LINE#         181
  C:4058H         LINE#         182
  C:405BH         LINE#         184
  C:405EH         LINE#         185
  C:405EH         LINE#         186
  C:4062H         LINE#         187
  C:4062H         LINE#         188
  C:4062H         LINE#         189
  C:4065H         LINE#         190
  C:4069H         LINE#         191
  C:4069H         LINE#         192
  C:406BH         LINE#         193
  C:406DH         LINE#         194
  C:406DH         LINE#         196
  C:4072H         LINE#         197
  C:4074H         LINE#         198
  -------         ENDPROC       I2C_RECEIVEBYTE
  -------         PROC          _WRITE_VCNL4035X
  X:03D4H         SYMBOL        command_code
  X:03D5H         SYMBOL        dat_h
  X:03D6H         SYMBOL        dat_l
  C:3EDAH         LINE#         199
  C:3EE5H         LINE#         200
  C:3EE5H         LINE#         201
  C:3EE8H         LINE#         202
  C:3EEFH         LINE#         203
  C:3EEFH         LINE#         204
  C:3EF5H         LINE#         205
  C:3EF5H         LINE#         206
  C:3EFDH         LINE#         207
  C:3EFDH         LINE#         208
  C:3F03H         LINE#         209
  C:3F0BH         LINE#         211
  C:3F11H         LINE#         212
  C:3F19H         LINE#         214
  C:3F1FH         LINE#         215
  C:3F22H         LINE#         216
BL51 BANKED LINKER/LOCATER V6.22                                                      03/25/2019  10:53:03  PAGE 31


  -------         ENDPROC       _WRITE_VCNL4035X
  -------         PROC          _READ_VCNL4035
  X:0679H         SYMBOL        command_code
  -------         DO            
  X:067BH         SYMBOL        temp_dat
  X:067DH         SYMBOL        temp_dat_l
  X:067FH         SYMBOL        temp_dat_h
  -------         ENDDO         
  C:3B15H         LINE#         218
  C:3B1DH         LINE#         219
  C:3B1DH         LINE#         220
  C:3B2AH         LINE#         222
  C:3B2DH         LINE#         223
  C:3B30H         LINE#         224
  C:3B35H         LINE#         226
  C:3B3BH         LINE#         227
  C:3B3BH         LINE#         228
  C:3B3BH         LINE#         229
  C:3B3BH         LINE#         230
  C:3B46H         LINE#         231
  C:3B49H         LINE#         232
  C:3B4CH         LINE#         233
  C:3B4CH         LINE#         236
  C:3B4FH         LINE#         238
  C:3B56H         LINE#         239
  C:3B56H         LINE#         240
  C:3B56H         LINE#         241
  C:3B61H         LINE#         242
  C:3B64H         LINE#         243
  C:3B67H         LINE#         244
  C:3B6AH         LINE#         245
  C:3B6DH         LINE#         246
  C:3B70H         LINE#         247
  C:3B73H         LINE#         248
  C:3B76H         LINE#         249
  C:3B79H         LINE#         250
  C:3B79H         LINE#         251
  C:3B7FH         LINE#         252
  C:3B7FH         LINE#         253
  C:3B88H         LINE#         255
  C:3B88H         LINE#         256
  C:3B8EH         LINE#         257
  C:3B8EH         LINE#         259
  C:3B90H         LINE#         260
  C:3B96H         LINE#         261
  C:3B99H         LINE#         262
  C:3BA0H         LINE#         263
  C:3BA0H         LINE#         264
  C:3BAEH         LINE#         265
  -------         ENDPROC       _READ_VCNL4035
  -------         PROC          _DISPLAYLCD_VCNL4035
  X:068BH         SYMBOL        dat
  C:433CH         LINE#         267
  C:4341H         LINE#         268
  C:4341H         LINE#         270
  -------         ENDPROC       _DISPLAYLCD_VCNL4035
  -------         ENDMOD        VCNL4035
BL51 BANKED LINKER/LOCATER V6.22                                                      03/25/2019  10:53:03  PAGE 32



  -------         MODULE        BIPOLARMOTOR
  C:0000H         SYMBOL        _ICE_DUMMY_
  D:0080H         PUBLIC        P0
  D:0090H         PUBLIC        P1
  D:00A0H         PUBLIC        P2
  D:00B0H         PUBLIC        P3
  D:00C0H         PUBLIC        P4
  D:00C8H         PUBLIC        P5
  D:00E8H         PUBLIC        P6
  D:00F8H         PUBLIC        P7
  D:00A8H         PUBLIC        IE
  C:3644H         PUBLIC        linear_interpolate
  C:3BAFH         PUBLIC        _Move_2ndMotor
  X:0000H         PUBLIC        RX_angle
  C:3806H         PUBLIC        _Move
  D:00B8H         PUBLIC        IP
  C:2F4BH         PUBLIC        _findDet3x3
  C:27CDH         PUBLIC        _findDet4x4
  D:00D8H         PUBLIC        CCON
  X:01B8H         PUBLIC        previous_move_time
  C:40A1H         PUBLIC        _Step_move_2ndMotor
  X:01B9H         PUBLIC        lcd
  D:0098H         PUBLIC        SCON
  D:0088H         PUBLIC        TCON
  C:4075H         PUBLIC        _Step_move
  C:0026H         PUBLIC        _Update_position
  X:01BBH         PUBLIC        date_azimuth_mapping_symmetry_side
  X:01CFH         PUBLIC        elevation_stamp
  X:01FBH         PUBLIC        date_azimuth_mapping
  X:020FH         PUBLIC        RX_pos
  C:41FCH         PUBLIC        _BCDtoDec1
  C:2D4AH         PUBLIC        _Display_Pos
  X:03C7H         PUBLIC        degree
  D:00D0H         PUBLIC        PSW
  C:41F2H         SYMBOL        L?0124
  C:41F5H         SYMBOL        L?0125
  -------         PROC          L?0123
  -------         ENDPROC       L?0123
  C:41F2H         SYMBOL        L?0124
  C:41F5H         SYMBOL        L?0125
  -------         PROC          _BCDTODEC1
  D:0007H         SYMBOL        bcd
  -------         DO            
  D:0006H         SYMBOL        hi
  D:0007H         SYMBOL        lo
  -------         ENDDO         
  C:41FCH         LINE#         31
  C:41FCH         LINE#         32
  C:41FCH         LINE#         34
  C:4201H         LINE#         35
  C:4205H         LINE#         36
  C:420CH         LINE#         37
  -------         ENDPROC       _BCDTODEC1
  -------         PROC          _STEP_MOVE
  X:04A6H         SYMBOL        step
  B:0021H.1       SYMBOL        dir
BL51 BANKED LINKER/LOCATER V6.22                                                      03/25/2019  10:53:03  PAGE 33


  -------         DO            
  X:04A8H         SYMBOL        i
  -------         ENDDO         
  C:4075H         LINE#         43
  C:407DH         LINE#         44
  C:407DH         LINE#         45
  C:4082H         LINE#         46
  C:4085H         LINE#         47
  C:408AH         LINE#         49
  C:408DH         LINE#         52
  C:408DH         LINE#         53
  C:4090H         LINE#         54
  C:4097H         LINE#         55
  C:409AH         LINE#         56
  -------         ENDPROC       _STEP_MOVE
  -------         PROC          _STEP_MOVE_2NDMOTOR
  X:04A2H         SYMBOL        step
  B:0021H.1       SYMBOL        dir
  -------         DO            
  X:04A4H         SYMBOL        i
  -------         ENDDO         
  C:40A1H         LINE#         62
  C:40A9H         LINE#         63
  C:40A9H         LINE#         64
  C:40AEH         LINE#         65
  C:40B1H         LINE#         66
  C:40B6H         LINE#         68
  C:40B9H         LINE#         71
  C:40B9H         LINE#         72
  C:40BCH         LINE#         73
  C:40C3H         LINE#         74
  C:40C6H         LINE#         75
  -------         ENDPROC       _STEP_MOVE_2NDMOTOR
  -------         PROC          _MOVE_2NDMOTOR
  D:0004H         SYMBOL        angle_distance
  B:0021H.0       SYMBOL        direction
  X:049AH         SYMBOL        current_angle
  -------         DO            
  X:049EH         SYMBOL        step
  X:04A0H         SYMBOL        i
  -------         ENDDO         
  C:3BAFH         LINE#         79
  C:3BAFH         LINE#         80
  C:3BAFH         LINE#         82
  C:3BC5H         LINE#         85
  C:3BDFH         LINE#         86
  C:3BDFH         LINE#         87
  C:3BE6H         LINE#         88
  C:3BFDH         LINE#         89
  C:3C01H         LINE#         91
  C:3C0CH         LINE#         92
  C:3C1FH         LINE#         93
  C:3C1FH         LINE#         94
  C:3C24H         LINE#         95
  C:3C29H         LINE#         96
  C:3C2BH         LINE#         97
  C:3C31H         LINE#         98
BL51 BANKED LINKER/LOCATER V6.22                                                      03/25/2019  10:53:03  PAGE 34


  C:3C31H         LINE#         99
  C:3C42H         LINE#         100
  -------         ENDPROC       _MOVE_2NDMOTOR
  -------         PROC          _MOVE
  X:0496H         SYMBOL        distance
  B:0021H.0       SYMBOL        direction
  X:049AH         SYMBOL        current_position
  -------         DO            
  X:049EH         SYMBOL        step
  X:04A2H         SYMBOL        i
  -------         ENDDO         
  C:3806H         LINE#         102
  C:380CH         LINE#         103
  C:380CH         LINE#         106
  C:382EH         LINE#         107
  C:385BH         LINE#         108
  C:385BH         LINE#         109
  C:386CH         LINE#         110
  C:3883H         LINE#         111
  C:3887H         LINE#         113
  C:3892H         LINE#         114
  C:38BCH         LINE#         115
  C:38BCH         LINE#         116
  C:38C1H         LINE#         117
  C:38C6H         LINE#         118
  C:38C8H         LINE#         119
  C:38CEH         LINE#         120
  C:38CEH         LINE#         121
  C:38F0H         LINE#         122
  -------         ENDPROC       _MOVE
  C:2F2CH         SYMBOL        L?0121
  C:2F40H         SYMBOL        L?0122
  -------         PROC          L?0120
  -------         ENDPROC       L?0120
  C:2F2CH         SYMBOL        L?0121
  C:2F40H         SYMBOL        L?0122
  -------         PROC          _FINDDET3X3
  X:062EH         SYMBOL        a11
  X:0632H         SYMBOL        a12
  X:0636H         SYMBOL        a13
  X:063AH         SYMBOL        a21
  X:063EH         SYMBOL        a22
  X:0642H         SYMBOL        a23
  X:0646H         SYMBOL        a31
  X:064AH         SYMBOL        a32
  X:064EH         SYMBOL        a33
  C:2F4BH         LINE#         125
  C:2F51H         LINE#         129
  C:2F51H         LINE#         130
  C:30E8H         LINE#         132
  -------         ENDPROC       _FINDDET3X3
  -------         PROC          _FINDDET4X4
  X:05EEH         SYMBOL        a11
  X:05F2H         SYMBOL        a12
  X:05F6H         SYMBOL        a13
  X:05FAH         SYMBOL        a14
  X:05FEH         SYMBOL        a21
BL51 BANKED LINKER/LOCATER V6.22                                                      03/25/2019  10:53:03  PAGE 35


  X:0602H         SYMBOL        a22
  X:0606H         SYMBOL        a23
  X:060AH         SYMBOL        a24
  X:060EH         SYMBOL        a31
  X:0612H         SYMBOL        a32
  X:0616H         SYMBOL        a33
  X:061AH         SYMBOL        a34
  X:061EH         SYMBOL        a41
  X:0622H         SYMBOL        a42
  X:0626H         SYMBOL        a43
  X:062AH         SYMBOL        a44
  C:27CDH         LINE#         133
  C:27D3H         LINE#         137
  C:27D3H         LINE#         144
  C:2A8CH         LINE#         148
  -------         ENDPROC       _FINDDET4X4
  C:35E0H         SYMBOL        L?0118
  C:3633H         SYMBOL        L?0119
  -------         PROC          L?0117
  -------         ENDPROC       L?0117
  C:35E0H         SYMBOL        L?0118
  C:3633H         SYMBOL        L?0119
  -------         PROC          LINEAR_INTERPOLATE
  X:0496H         SYMBOL        p1
  X:049EH         SYMBOL        p2
[...]
  X:04ACH         SYMBOL        hundred
  X:04ADH         SYMBOL        thousand
  X:04AEH         SYMBOL        after_dot
  X:04AFH         SYMBOL        dat
  -------         ENDDO         
  C:2D4AH         LINE#         347
  C:2D50H         LINE#         348
  C:2D50H         LINE#         352
  C:2D6CH         LINE#         353
  C:2D86H         LINE#         354
  C:2DAAH         LINE#         356
  C:2DF4H         LINE#         358
  C:2E0BH         LINE#         359
  C:2E1DH         LINE#         360
  C:2E42H         LINE#         361
  C:2E5CH         LINE#         362
  C:2E74H         LINE#         363
  C:2E74H         LINE#         364
  C:2E7EH         LINE#         365
  C:2E88H         LINE#         366
  C:2E92H         LINE#         367
  C:2E9CH         LINE#         368
  C:2EA1H         LINE#         369
  C:2EABH         LINE#         370
  C:2EAEH         LINE#         371
  C:2EAEH         LINE#         372
  C:2EB3H         LINE#         373
  C:2EB5H         LINE#         374
  C:2EB5H         LINE#         377
  C:2EB7H         LINE#         379
  C:2EB7H         LINE#         380
  C:2EBCH         LINE#         381
  C:2EBEH         LINE#         382
  C:2EBEH         LINE#         383
  C:2EBEH         LINE#         384
  C:2EC0H         LINE#         386
BL51 BANKED LINKER/LOCATER V6.22                                                      03/25/2019  10:53:03  PAGE 39


  C:2EC0H         LINE#         388
  C:2EC5H         LINE#         389
  C:2ECFH         LINE#         390
  C:2ED9H         LINE#         391
  C:2EE3H         LINE#         392
  C:2EEDH         LINE#         393
  C:2EF2H         LINE#         394
  C:2EFCH         LINE#         395
  C:2EFFH         LINE#         396
  C:2EFFH         LINE#         397
  C:2F04H         LINE#         398
  C:2F06H         LINE#         399
  C:2F06H         LINE#         402
  C:2F08H         LINE#         404
  C:2F08H         LINE#         405
  C:2F0DH         LINE#         406
  C:2F12H         LINE#         407
  C:2F17H         LINE#         408
  C:2F17H         LINE#         412
  C:2F17H         LINE#         414
  -------         ENDPROC       _DISPLAY_POS
  -------         ENDMOD        BIPOLARMOTOR

  -------         MODULE        SUNPOS
  C:0000H         SYMBOL        _ICE_DUMMY_
  C:1701H         PUBLIC        sunpos
  -------         PROC          SUNPOS
  X:0496H         SYMBOL        udtTime
  X:04A8H         SYMBOL        udtLocation
  X:04B0H         SYMBOL        udtSunCoordinates
  -------         DO            
  X:04B3H         SYMBOL        dElapsedJulianDays
  X:04B7H         SYMBOL        dDecimalHours
  X:04BBH         SYMBOL        dEclipticLongitude
  X:04BFH         SYMBOL        dEclipticObliquity
  X:04C3H         SYMBOL        dRightAscension
  X:04C7H         SYMBOL        dDeclination
  X:04CBH         SYMBOL        dY
  X:04CFH         SYMBOL        dX
  -------         DO            
  X:04D3H         SYMBOL        dJulianDate
  X:04D7H         SYMBOL        liAux1
  X:04DBH         SYMBOL        liAux2
  X:04D3H         SYMBOL        dMeanLongitude
  X:04D7H         SYMBOL        dMeanAnomaly
  X:04DBH         SYMBOL        dOmega
  X:04D3H         SYMBOL        dSin_EclipticLongitude
  X:04D3H         SYMBOL        dGreenwichMeanSiderealTime
  X:04D7H         SYMBOL        dLocalMeanSiderealTime
  X:04DBH         SYMBOL        dLatitudeInRadians
  X:04DFH         SYMBOL        dHourAngle
  X:04E3H         SYMBOL        dCos_Latitude
  X:04E7H         SYMBOL        dSin_Latitude
  X:04EBH         SYMBOL        dCos_HourAngle
  X:04EFH         SYMBOL        dParallax
  -------         ENDDO         
  -------         DO            
BL51 BANKED LINKER/LOCATER V6.22                                                      03/25/2019  10:53:03  PAGE 40


  X:04D3H         SYMBOL        dMeanLongitude
  X:04D7H         SYMBOL        dMeanAnomaly
  X:04DBH         SYMBOL        dOmega
  X:04D3H         SYMBOL        dSin_EclipticLongitude
  X:04D3H         SYMBOL        dGreenwichMeanSiderealTime
  X:04D7H         SYMBOL        dLocalMeanSiderealTime
  X:04DBH         SYMBOL        dLatitudeInRadians
  X:04DFH         SYMBOL        dHourAngle
  X:04E3H         SYMBOL        dCos_Latitude
  X:04E7H         SYMBOL        dSin_Latitude
  X:04EBH         SYMBOL        dCos_HourAngle
  X:04EFH         SYMBOL        dParallax
  -------         ENDDO         
  -------         DO            
  X:04D3H         SYMBOL        dSin_EclipticLongitude
  X:04D3H         SYMBOL        dGreenwichMeanSiderealTime
  X:04D7H         SYMBOL        dLocalMeanSiderealTime
  X:04DBH         SYMBOL        dLatitudeInRadians
  X:04DFH         SYMBOL        dHourAngle
  X:04E3H         SYMBOL        dCos_Latitude
  X:04E7H         SYMBOL        dSin_Latitude
  X:04EBH         SYMBOL        dCos_HourAngle
  X:04EFH         SYMBOL        dParallax
  -------         ENDDO         
  -------         DO            
  X:04D3H         SYMBOL        dGreenwichMeanSiderealTime
  X:04D7H         SYMBOL        dLocalMeanSiderealTime
  X:04DBH         SYMBOL        dLatitudeInRadians
  X:04DFH         SYMBOL        dHourAngle
  X:04E3H         SYMBOL        dCos_Latitude
  X:04E7H         SYMBOL        dSin_Latitude
  X:04EBH         SYMBOL        dCos_HourAngle
  X:04EFH         SYMBOL        dParallax
  -------         ENDDO         
  -------         ENDDO         
  C:1701H         LINE#         6
  C:1701H         LINE#         7
  C:1701H         LINE#         9
  C:1701H         LINE#         27
  C:174BH         LINE#         30
  C:176CH         LINE#         31
  C:18B3H         LINE#         34
  C:18FFH         LINE#         36
  C:191EH         LINE#         37
  C:191EH         LINE#         42
  C:191EH         LINE#         46
  C:1950H         LINE#         47
  C:197AH         LINE#         48
  C:19A4H         LINE#         49
  C:1A51H         LINE#         52
  C:1AB2H         LINE#         54
  C:1AB2H         LINE#         59
  C:1AB2H         LINE#         61
  C:1AC9H         LINE#         62
  C:1AF1H         LINE#         63
  C:1B08H         LINE#         64
  C:1B33H         LINE#         65
BL51 BANKED LINKER/LOCATER V6.22                                                      03/25/2019  10:53:03  PAGE 41


  C:1B6AH         LINE#         66
  C:1B95H         LINE#         67
  C:1B95H         LINE#         70
  C:1B95H         LINE#         79
  C:1BD0H         LINE#         82
  C:1C0AH         LINE#         84
  C:1C2FH         LINE#         85
  C:1C4EH         LINE#         86
  C:1C65H         LINE#         87
  C:1C7CH         LINE#         88
  C:1C93H         LINE#         89
  C:1D1CH         LINE#         91
  C:1D36H         LINE#         92
  C:1D98H         LINE#         93
  C:1DCEH         LINE#         94
  C:1DE0H         LINE#         95
  C:1E0DH         LINE#         96
  C:1E3AH         LINE#         98
  C:1E5CH         LINE#         100
  C:1E94H         LINE#         103
  C:1E94H         LINE#         104
  C:1EA2H         LINE#         105
  -------         ENDPROC       SUNPOS
  -------         ENDMOD        SUNPOS

  -------         MODULE        ?C_STARTUP
  C:3C43H         SEGMENT       ?C_C51STARTUP
  I:0022H         SEGMENT       ?STACK
  C:0000H         PUBLIC        ?C_STARTUP
  D:00E0H         SYMBOL        ACC
  D:00F0H         SYMBOL        B
  D:0083H         SYMBOL        DPH
  D:0082H         SYMBOL        DPL
  N:0000H         SYMBOL        IBPSTACK
  N:0100H         SYMBOL        IBPSTACKTOP
  N:0080H         SYMBOL        IDATALEN
  C:3C46H         SYMBOL        IDATALOOP
  N:0000H         SYMBOL        PBPSTACK
  N:0100H         SYMBOL        PBPSTACKTOP
  N:0000H         SYMBOL        PDATALEN
  N:0000H         SYMBOL        PDATASTART
  N:0000H         SYMBOL        PPAGE
  N:0000H         SYMBOL        PPAGEENABLE
  D:00A0H         SYMBOL        PPAGE_SFR
  D:0081H         SYMBOL        SP
  C:3C43H         SYMBOL        STARTUP1
  N:0000H         SYMBOL        XBPSTACK
  N:0000H         SYMBOL        XBPSTACKTOP
  N:0000H         SYMBOL        XDATALEN
  N:0000H         SYMBOL        XDATASTART
  C:0000H         LINE#         126
  C:3C43H         LINE#         133
  C:3C45H         LINE#         134
  C:3C46H         LINE#         135
  C:3C47H         LINE#         136
  C:3C49H         LINE#         185
  C:3C4CH         LINE#         196
BL51 BANKED LINKER/LOCATER V6.22                                                      03/25/2019  10:53:03  PAGE 42


  -------         ENDMOD        ?C_STARTUP

  -------         MODULE        ?C?FPADD
  C:0E35H         PUBLIC        ?C?FPADD
  C:0E31H         PUBLIC        ?C?FPSUB
  -------         ENDMOD        ?C?FPADD

  -------         MODULE        ?C?FPMUL
  C:0F26H         PUBLIC        ?C?FPMUL
  -------         ENDMOD        ?C?FPMUL

  -------         MODULE        ?C?FPDIV
  C:102FH         PUBLIC        ?C?FPDIV
  -------         ENDMOD        ?C?FPDIV

  -------         MODULE        ?C?FPCMP
  C:10CEH         PUBLIC        ?C?FPCMP
  C:10CCH         PUBLIC        ?C?FPCMP3
  -------         ENDMOD        ?C?FPCMP

  -------         MODULE        ?C?FPNEG
  C:1145H         PUBLIC        ?C?FPNEG
  -------         ENDMOD        ?C?FPNEG

  -------         MODULE        ?C?FCAST
  C:1160H         PUBLIC        ?C?FCASTC
  C:115BH         PUBLIC        ?C?FCASTI
  C:1156H         PUBLIC        ?C?FCASTL
  -------         ENDMOD        ?C?FCAST

  -------         MODULE        ?C?CASTF
  C:1194H         PUBLIC        ?C?CASTF
  -------         ENDMOD        ?C?CASTF

  -------         MODULE        ATAN2
  X:04F3H         PUBLIC        ?_atan2?BYTE
  C:3A78H         PUBLIC        _atan2
  -------         ENDMOD        ATAN2

  -------         MODULE        SIN
  C:345FH         PUBLIC        _COS
  C:3475H         PUBLIC        _SIN
  C:34B1H         PUBLIC        _TAN
  -------         ENDMOD        SIN

  -------         MODULE        ACOS
  C:3E90H         PUBLIC        _ACOS
  -------         ENDMOD        ACOS

  -------         MODULE        ASIN
  C:3FA7H         PUBLIC        _ASIN
  -------         ENDMOD        ASIN

  -------         MODULE        SQRT
  C:39D0H         PUBLIC        _SQRT
  -------         ENDMOD        SQRT

BL51 BANKED LINKER/LOCATER V6.22                                                      03/25/2019  10:53:03  PAGE 43


  -------         MODULE        ATAN
  C:3704H         PUBLIC        _ATAN
  -------         ENDMOD        ATAN

  -------         MODULE        ?C?COPY
  C:1332H         PUBLIC        ?C?COPY
  -------         ENDMOD        ?C?COPY

  -------         MODULE        ?C?CLDPTR
  C:1358H         PUBLIC        ?C?CLDPTR
  -------         ENDMOD        ?C?CLDPTR

  -------         MODULE        ?C?CSTPTR
  C:1371H         PUBLIC        ?C?CSTPTR
  -------         ENDMOD        ?C?CSTPTR

  -------         MODULE        ?C?IMUL
  C:1383H         PUBLIC        ?C?IMUL
  -------         ENDMOD        ?C?IMUL

  -------         MODULE        ?C?UIDIV
  C:1395H         PUBLIC        ?C?UIDIV
  -------         ENDMOD        ?C?UIDIV

  -------         MODULE        ?C?SIDIV
  C:13EAH         PUBLIC        ?C?SIDIV
  -------         ENDMOD        ?C?SIDIV

  -------         MODULE        ?C?ILDIX
  C:1420H         PUBLIC        ?C?ILDIX
  -------         ENDMOD        ?C?ILDIX

  -------         MODULE        ?C?LMUL
  C:1436H         PUBLIC        ?C?LMUL
  -------         ENDMOD        ?C?LMUL

  -------         MODULE        ?C?ULDIV
  C:14C1H         PUBLIC        ?C?ULDIV
  -------         ENDMOD        ?C?ULDIV

  -------         MODULE        ?C?SLDIV
  C:3F23H         PUBLIC        ?C?SLDIV
  -------         ENDMOD        ?C?SLDIV

  -------         MODULE        ?C?LNEG
  C:1553H         PUBLIC        ?C?LNEG
  -------         ENDMOD        ?C?LNEG

  -------         MODULE        ?C?ULCMP
  C:1561H         PUBLIC        ?C?ULCMP
  -------         ENDMOD        ?C?ULCMP

  -------         MODULE        ?C?LLDPTR
  C:1572H         PUBLIC        ?C?LLDPTR
  -------         ENDMOD        ?C?LLDPTR

  -------         MODULE        ?C?LLDOPTR
BL51 BANKED LINKER/LOCATER V6.22                                                      03/25/2019  10:53:03  PAGE 44


  C:1592H         PUBLIC        ?C?LLDOPTR
  -------         ENDMOD        ?C?LLDOPTR

  -------         MODULE        ?C?LSTPTR
  C:15C2H         PUBLIC        ?C?LSTPTR
  -------         ENDMOD        ?C?LSTPTR

  -------         MODULE        ?C?LSTOPTR
  C:15DCH         PUBLIC        ?C?LSTOPTR
  -------         ENDMOD        ?C?LSTOPTR

  -------         MODULE        ?C?LLDXDATA
  C:1600H         PUBLIC        ?C?LLDXDATA
  -------         ENDMOD        ?C?LLDXDATA

  -------         MODULE        ?C?LLDCODE
  C:160CH         PUBLIC        ?C?LLDCODE
  -------         ENDMOD        ?C?LLDCODE

  -------         MODULE        ?C?LLDXDATA0
  C:161CH         PUBLIC        ?C?LLDXDATA0
  -------         ENDMOD        ?C?LLDXDATA0

  -------         MODULE        ?C?LLDCODE0
  C:1628H         PUBLIC        ?C?LLDCODE0
  -------         ENDMOD        ?C?LLDCODE0

  -------         MODULE        ?C?LLDPTR0
  C:1638H         PUBLIC        ?C?LLDPTR0
  -------         ENDMOD        ?C?LLDPTR0

  -------         MODULE        ?C?LSTXDATA
  C:1658H         PUBLIC        ?C?LSTXDATA
  -------         ENDMOD        ?C?LSTXDATA

  -------         MODULE        ?C?LSTKXDATA
  C:1664H         PUBLIC        ?C?LSTKXDATA
  -------         ENDMOD        ?C?LSTKXDATA

  -------         MODULE        ?C?OFFXADD
  C:1695H         PUBLIC        ?C?OFFXADD
  -------         ENDMOD        ?C?OFFXADD

  -------         MODULE        ABS
  C:430DH         PUBLIC        _ABS
  -------         ENDMOD        ABS

  -------         MODULE        ATOI
  C:38F1H         PUBLIC        _atoi
  -------         ENDMOD        ATOI

  -------         MODULE        ?C?IILDX
  C:16A1H         PUBLIC        ?C?IILDX
  -------         ENDMOD        ?C?IILDX

  -------         MODULE        ?C?LLDIDATA
  C:16B7H         PUBLIC        ?C?LLDIDATA
BL51 BANKED LINKER/LOCATER V6.22                                                      03/25/2019  10:53:03  PAGE 45


  -------         ENDMOD        ?C?LLDIDATA

  -------         MODULE        ?C?LLDPDATA
  C:16C3H         PUBLIC        ?C?LLDPDATA
  -------         ENDMOD        ?C?LLDPDATA

  -------         MODULE        ?C?LLDIDATA0
  C:16CFH         PUBLIC        ?C?LLDIDATA0
  -------         ENDMOD        ?C?LLDIDATA0

  -------         MODULE        ?C?LLDPDATA0
  C:16DCH         PUBLIC        ?C?LLDPDATA0
  -------         ENDMOD        ?C?LLDPDATA0

  -------         MODULE        ?C?LSTIDATA
  C:16E9H         PUBLIC        ?C?LSTIDATA
  -------         ENDMOD        ?C?LSTIDATA

  -------         MODULE        ?C?LSTPDATA
  C:16F5H         PUBLIC        ?C?LSTPDATA
  -------         ENDMOD        ?C?LSTPDATA

  -------         MODULE        ISDIGIT
  C:42E5H         PUBLIC        _isdigit
  -------         ENDMOD        ISDIGIT

  -------         MODULE        ISSPACE
  C:427CH         PUBLIC        _isspace
  -------         ENDMOD        ISSPACE

*** WARNING L16: UNCALLED SEGMENT, IGNORED FOR OVERLAY PROCESS
    SEGMENT: ?PR?_CALIB_INTERPOLATE?MAIN

*** WARNING L16: UNCALLED SEGMENT, IGNORED FOR OVERLAY PROCESS
    SEGMENT: ?PR?INITUART1?UART1

*** WARNING L16: UNCALLED SEGMENT, IGNORED FOR OVERLAY PROCESS
    SEGMENT: ?PR?_SENDSTRING?UART1

*** WARNING L16: UNCALLED SEGMENT, IGNORED FOR OVERLAY PROCESS
    SEGMENT: ?PR?_TEN?UART1

*** WARNING L16: UNCALLED SEGMENT, IGNORED FOR OVERLAY PROCESS
    SEGMENT: ?PR?_UNIT?UART1

*** WARNING L16: UNCALLED SEGMENT, IGNORED FOR OVERLAY PROCESS
    SEGMENT: ?PR?_DECTOBCD?UART1

*** WARNING L16: UNCALLED SEGMENT, IGNORED FOR OVERLAY PROCESS
    SEGMENT: ?PR?_ASCII_LETTER?UART1

*** WARNING L16: UNCALLED SEGMENT, IGNORED FOR OVERLAY PROCESS
    SEGMENT: ?PR?_ASCIITOBCD?UART1

*** WARNING L16: UNCALLED SEGMENT, IGNORED FOR OVERLAY PROCESS
    SEGMENT: ?PR?NOP?VCNL4035

BL51 BANKED LINKER/LOCATER V6.22                                                      03/25/2019  10:53:03  PAGE 46


*** WARNING L16: UNCALLED SEGMENT, IGNORED FOR OVERLAY PROCESS
    SEGMENT: ?PR?_READ_VCNL4035?VCNL4035

*** WARNING L16: UNCALLED SEGMENT, IGNORED FOR OVERLAY PROCESS
    SEGMENT: ?PR?_DISPLAYLCD_VCNL4035?VCNL4035

*** WARNING L16: UNCALLED SEGMENT, IGNORED FOR OVERLAY PROCESS
    SEGMENT: ?PR?_FINDDET4X4?BIPOLARMOTOR

*** WARNING L1: UNRESOLVED EXTERNAL SYMBOL
    SYMBOL:  _CALIBRATION
    MODULE:  .\Obj\main.obj (MAIN)

*** WARNING L1: UNRESOLVED EXTERNAL SYMBOL
    SYMBOL:  ?_CALIBRATION?BYTE
    MODULE:  .\Obj\main.obj (MAIN)

*** WARNING L1: UNRESOLVED EXTERNAL SYMBOL
    SYMBOL:  DIRECTION_ROTATION
    MODULE:  .\Obj\main.obj (MAIN)

*** WARNING L1: UNRESOLVED EXTERNAL SYMBOL
    SYMBOL:  ADC_INIT
    MODULE:  .\Obj\main.obj (MAIN)

*** WARNING L1: UNRESOLVED EXTERNAL SYMBOL
    SYMBOL:  AUTO_MODE
    MODULE:  .\Obj\main.obj (MAIN)

*** WARNING L2: REFERENCE MADE TO UNRESOLVED EXTERNAL
    SYMBOL:  AUTO_MODE
    MODULE:  .\Obj\main.obj (MAIN)
    ADDRESS: 1EB7H

*** WARNING L2: REFERENCE MADE TO UNRESOLVED EXTERNAL
    SYMBOL:  ADC_INIT
    MODULE:  .\Obj\main.obj (MAIN)
    ADDRESS: 1ECDH

*** WARNING L2: REFERENCE MADE TO UNRESOLVED EXTERNAL
    SYMBOL:  AUTO_MODE
    MODULE:  .\Obj\main.obj (MAIN)
    ADDRESS: 1F12H

*** WARNING L2: REFERENCE MADE TO UNRESOLVED EXTERNAL
    SYMBOL:  AUTO_MODE
    MODULE:  .\Obj\main.obj (MAIN)
    ADDRESS: 1FFCH

*** WARNING L2: REFERENCE MADE TO UNRESOLVED EXTERNAL
    SYMBOL:  AUTO_MODE
    MODULE:  .\Obj\main.obj (MAIN)
    ADDRESS: 200AH

*** WARNING L2: REFERENCE MADE TO UNRESOLVED EXTERNAL
    SYMBOL:  AUTO_MODE
    MODULE:  .\Obj\main.obj (MAIN)
BL51 BANKED LINKER/LOCATER V6.22                                                      03/25/2019  10:53:03  PAGE 47


    ADDRESS: 2022H

*** WARNING L2: REFERENCE MADE TO UNRESOLVED EXTERNAL
    SYMBOL:  AUTO_MODE
    MODULE:  .\Obj\main.obj (MAIN)
    ADDRESS: 2067H

*** WARNING L2: REFERENCE MADE TO UNRESOLVED EXTERNAL
    SYMBOL:  AUTO_MODE
    MODULE:  .\Obj\main.obj (MAIN)
    ADDRESS: 20B4H

*** WARNING L2: REFERENCE MADE TO UNRESOLVED EXTERNAL
    SYMBOL:  DIRECTION_ROTATION
    MODULE:  .\Obj\main.obj (MAIN)
    ADDRESS: 20BEH

*** WARNING L2: REFERENCE MADE TO UNRESOLVED EXTERNAL
    SYMBOL:  AUTO_MODE
    MODULE:  .\Obj\main.obj (MAIN)
    ADDRESS: 20F6H

*** WARNING L2: REFERENCE MADE TO UNRESOLVED EXTERNAL
    SYMBOL:  DIRECTION_ROTATION
    MODULE:  .\Obj\main.obj (MAIN)
    ADDRESS: 2100H

*** WARNING L2: REFERENCE MADE TO UNRESOLVED EXTERNAL
    SYMBOL:  AUTO_MODE
    MODULE:  .\Obj\main.obj (MAIN)
    ADDRESS: 2201H

*** WARNING L2: REFERENCE MADE TO UNRESOLVED EXTERNAL
    SYMBOL:  ?_CALIBRATION?BYTE
    MODULE:  .\Obj\main.obj (MAIN)
    ADDRESS: 22B3H

*** WARNING L2: REFERENCE MADE TO UNRESOLVED EXTERNAL
    SYMBOL:  ?_CALIBRATION?BYTE
    MODULE:  .\Obj\main.obj (MAIN)
    ADDRESS: 22BBH

*** WARNING L2: REFERENCE MADE TO UNRESOLVED EXTERNAL
    SYMBOL:  _CALIBRATION
    MODULE:  .\Obj\main.obj (MAIN)
    ADDRESS: 22DCH

*** WARNING L1: UNRESOLVED EXTERNAL SYMBOL
    SYMBOL:  AUTO_MODE
    MODULE:  .\Obj\KeyPad.obj (KEYPAD)

*** WARNING L2: REFERENCE MADE TO UNRESOLVED EXTERNAL
    SYMBOL:  AUTO_MODE
    MODULE:  .\Obj\KeyPad.obj (KEYPAD)
    ADDRESS: 2ADAH

*** WARNING L2: REFERENCE MADE TO UNRESOLVED EXTERNAL
BL51 BANKED LINKER/LOCATER V6.22                                                      03/25/2019  10:53:03  PAGE 48


    SYMBOL:  AUTO_MODE
    MODULE:  .\Obj\KeyPad.obj (KEYPAD)
    ADDRESS: 2AE5H

*** WARNING L2: REFERENCE MADE TO UNRESOLVED EXTERNAL
    SYMBOL:  AUTO_MODE
    MODULE:  .\Obj\KeyPad.obj (KEYPAD)
    ADDRESS: 2AECH

Program Size: data=10.3 xdata=1676 code=17229
LINK/LOCATE RUN COMPLETE.  36 WARNING(S),  0 ERROR(S)
