BL51 BANKED LINKER/LOCATER V6.22                                                        08/14/2018  12:13:20  PAGE 1


BL51 BANKED LINKER/LOCATER V6.22, INVOKED BY:
C:\KEIL_V5\C51\BIN\BL51.EXE .\Obj\main.obj, .\Obj\PCF85063BTL.obj, .\Obj\UART1.obj, .\Obj\LCd_Driver_SPLC780D.obj, .\Obj
>> \KeyPad.obj, .\Obj\VCNL4035.obj, .\Obj\BipolarMotor.obj, .\Obj\STARTUP.obj TO .\Obj\GPIO_RTC_Test PRINT (.\Lis\GPIO_R
>> TC_Test.m51) RAMSIZE (256)


MEMORY MODEL: LARGE WITH FLOATING POINT ARITHMETIC


INPUT MODULES INCLUDED:
  .\Obj\main.obj (MAIN)
  .\Obj\PCF85063BTL.obj (PCF85063BTL)
  .\Obj\UART1.obj (UART1)
  .\Obj\LCd_Driver_SPLC780D.obj (LCD_DRIVER_SPLC780D)
  .\Obj\KeyPad.obj (KEYPAD)
  .\Obj\VCNL4035.obj (VCNL4035)
  .\Obj\BipolarMotor.obj (BIPOLARMOTOR)
  .\Obj\STARTUP.obj (?C_STARTUP)
  C:\KEIL_V5\C51\LIB\C51FPL.LIB (?C?FPADD)
  C:\KEIL_V5\C51\LIB\C51FPL.LIB (?C?FPMUL)
  C:\KEIL_V5\C51\LIB\C51FPL.LIB (?C?FPDIV)
  C:\KEIL_V5\C51\LIB\C51FPL.LIB (?C?FPCMP)
  C:\KEIL_V5\C51\LIB\C51FPL.LIB (?C?FPNEG)
  C:\KEIL_V5\C51\LIB\C51FPL.LIB (?C?FCAST)
  C:\KEIL_V5\C51\LIB\C51FPL.LIB (?C?CASTF)
  C:\KEIL_V5\C51\LIB\C51FPL.LIB (POW)
  C:\KEIL_V5\C51\LIB\C51FPL.LIB (?C?FPGETOPN)
  C:\KEIL_V5\C51\LIB\C51FPL.LIB (?C?CHKFLOAT)
  C:\KEIL_V5\C51\LIB\C51FPL.LIB (EXP)
  C:\KEIL_V5\C51\LIB\C51FPL.LIB (LOG)
  C:\KEIL_V5\C51\LIB\C51FPL.LIB (?C?FPSERIES)
  C:\KEIL_V5\C51\LIB\C51L.LIB (?C_INIT)
  C:\KEIL_V5\C51\LIB\C51L.LIB (?C?CLDPTR)
  C:\KEIL_V5\C51\LIB\C51L.LIB (?C?CSTPTR)
  C:\KEIL_V5\C51\LIB\C51L.LIB (?C?IMUL)
  C:\KEIL_V5\C51\LIB\C51L.LIB (?C?UIDIV)
  C:\KEIL_V5\C51\LIB\C51L.LIB (?C?SIDIV)
  C:\KEIL_V5\C51\LIB\C51L.LIB (?C?ILDIX)
  C:\KEIL_V5\C51\LIB\C51L.LIB (?C?LNEG)
  C:\KEIL_V5\C51\LIB\C51L.LIB (?C?LLDPTR)
  C:\KEIL_V5\C51\LIB\C51L.LIB (?C?LSTPTR)
  C:\KEIL_V5\C51\LIB\C51L.LIB (?C?LLDCODE)
  C:\KEIL_V5\C51\LIB\C51L.LIB (?C?LLDXDATA0)
  C:\KEIL_V5\C51\LIB\C51L.LIB (?C?LLDCODE0)
  C:\KEIL_V5\C51\LIB\C51L.LIB (?C?LLDPTR0)
  C:\KEIL_V5\C51\LIB\C51L.LIB (?C?LSTXDATA)
  C:\KEIL_V5\C51\LIB\C51L.LIB (?C?LSTKXDATA)
  C:\KEIL_V5\C51\LIB\C51L.LIB (?C?OFFXADD)
  C:\KEIL_V5\C51\LIB\C51L.LIB (ABS)
  C:\KEIL_V5\C51\LIB\C51L.LIB (ATOI)
  C:\KEIL_V5\C51\LIB\C51L.LIB (?C?IILDX)
  C:\KEIL_V5\C51\LIB\C51L.LIB (?C?LLDIDATA)
  C:\KEIL_V5\C51\LIB\C51L.LIB (?C?LLDXDATA)
  C:\KEIL_V5\C51\LIB\C51L.LIB (?C?LLDPDATA)
  C:\KEIL_V5\C51\LIB\C51L.LIB (?C?LLDIDATA0)
  C:\KEIL_V5\C51\LIB\C51L.LIB (?C?LLDPDATA0)
  C:\KEIL_V5\C51\LIB\C51L.LIB (?C?LSTIDATA)
  C:\KEIL_V5\C51\LIB\C51L.LIB (?C?LSTPDATA)
BL51 BANKED LINKER/LOCATER V6.22                                                      08/14/2018  12:13:20  PAGE 2


  C:\KEIL_V5\C51\LIB\C51L.LIB (ISDIGIT)
  C:\KEIL_V5\C51\LIB\C51L.LIB (ISSPACE)


LINK MAP OF MODULE:  .\Obj\GPIO_RTC_Test (MAIN)


            TYPE    BASE      LENGTH    RELOCATION   SEGMENT NAME
            -----------------------------------------------------

            * * * * * * *   D A T A   M E M O R Y   * * * * * * *
            REG     0000H     0008H     ABSOLUTE     "REG BANK 0"
            REG     0008H     0008H     ABSOLUTE     "REG BANK 1"
                    0010H     0010H                  *** GAP ***
            BIT     0020H.0   0000H.3   UNIT         ?BI?KEYPAD
            BIT     0020H.3   0000H.3   UNIT         _BIT_GROUP_
            BIT     0020H.6   0000H.1   UNIT         ?BI?MAIN
                    0020H.7   0000H.1                *** GAP ***
            IDATA   0021H     0001H     UNIT         ?STACK

            * * * * * * *  X D A T A   M E M O R Y  * * * * * * *
            XDATA   0000H     007CH     UNIT         ?XD?BIPOLARMOTOR
            XDATA   007CH     004AH     UNIT         _XDATA_GROUP_
            XDATA   00C6H     001CH     UNIT         ?XD?MAIN
            XDATA   00E2H     0009H     UNIT         ?XD?KEYPAD
            XDATA   00EBH     0008H     UNIT         ?XD?_READ_VCNL4035?VCNL4035
            XDATA   00F3H     0004H     UNIT         ?XD?_DISPLAY_PROX?MAIN
            XDATA   00F7H     0003H     UNIT         ?XD?_SENDSTRING?UART1
            XDATA   00FAH     0003H     UNIT         ?XD?_WRITE_VCNL4035X?VCNL4035
            XDATA   00FDH     0001H     UNIT         ?XD?I2C_ACK?VCNL4035
            XDATA   00FEH     0001H     UNIT         ?XD?UC_ACK?VCNL4035
            XDATA   00FFH     0001H     UNIT         ?XD?UC_NACK?VCNL4035
            XDATA   0100H     0001H     UNIT         ?XD?_DISPLAYLCD_VCNL4035?VCNL4035

            * * * * * * *   C O D E   M E M O R Y   * * * * * * *
            CODE    0000H     0003H     ABSOLUTE     
            CODE    0003H     0007H     UNIT         ?PR?KEYPAD_IO_INIT?KEYPAD
            CODE    000AH     0001H     UNIT         ?PR?TM0_ISR?MAIN
            CODE    000BH     0003H     ABSOLUTE     
            CODE    000EH     0015H     UNIT         ?PR?_DISPLAY_LINE?LCD_DRIVER_SPLC780D
            CODE    0023H     0003H     ABSOLUTE     
            CODE    0026H     0675H     UNIT         ?C?LIB_CODE
            CODE    069BH     028DH     UNIT         ?PR?KEY_PROCESS?KEYPAD
            CODE    0928H     027CH     UNIT         ?PR?MAIN?MAIN
            CODE    0BA4H     022FH     UNIT         ?PR?_UPDATE_POSITION?BIPOLARMOTOR
            CODE    0DD3H     01F5H     UNIT         ?PR?_TREND_LINE_30_31?BIPOLARMOTOR
            CODE    0FC8H     01B5H     UNIT         ?PR?_DISPLAY_POS?MAIN
            CODE    117DH     0194H     UNIT         ?PR?KEY_SCAN?KEYPAD
            CODE    1311H     0166H     UNIT         ?PR?_POW?POW
            CODE    1477H     0129H     UNIT         ?PR?LOG?LOG
            CODE    15A0H     00DBH     UNIT         ?PR?_ATOI?ATOI
            CODE    167BH     00C5H     UNIT         ?C_INITSEG
            CODE    1740H     009BH     UNIT         ?PR?UART?MAIN
            CODE    17DBH     009AH     UNIT         ?PR?_READ_VCNL4035?VCNL4035
            CODE    1875H     009AH     UNIT         ?PR?EXP?EXP
            CODE    190FH     0095H     UNIT         ?PR?_DISPLAY_PROX?MAIN
            CODE    19A4H     008CH     UNIT         ?C_C51STARTUP
BL51 BANKED LINKER/LOCATER V6.22                                                      08/14/2018  12:13:20  PAGE 3


            CODE    1A30H     0084H     UNIT         ?PR?_DAY_OF_YEAR?PCF85063BTL
            CODE    1AB4H     0075H     UNIT         ?PR?_WRITEDATA?LCD_DRIVER_SPLC780D
            CODE    1B29H     006FH     UNIT         ?PR?_READ_TIME?PCF85063BTL
            CODE    1B98H     0059H     UNIT         ?PR?_STEP_MOVE?BIPOLARMOTOR
            CODE    1BF1H     0054H     UNIT         ?PR?LCD_INIT?LCD_DRIVER_SPLC780D
            CODE    1C45H     0049H     UNIT         ?PR?_WRITE_VCNL4035X?VCNL4035
            CODE    1C8EH     0040H     UNIT         ?PR?_COMMAND?LCD_DRIVER_SPLC780D
            CODE    1CCEH     0034H     UNIT         ?PR?_MOVE?BIPOLARMOTOR
            CODE    1D02H     0033H     UNIT         ?PR?_SENDSTRING?UART1
            CODE    1D35H     002CH     UNIT         ?PR?I2C_RECEIVEBYTE?VCNL4035
            CODE    1D61H     002BH     UNIT         ?PR?_WAIT_MS_I2C?VCNL4035
            CODE    1D8CH     0024H     UNIT         ?PR?_WAIT_MS?LCD_DRIVER_SPLC780D
            CODE    1DB0H     0024H     UNIT         ?PR?_BCDTODEC1?BIPOLARMOTOR
            CODE    1DD4H     0022H     UNIT         ?PR?_I2C_SENDBYTE?VCNL4035
            CODE    1DF6H     0020H     UNIT         ?PR?_SPI_SENDBYTE?PCF85063BTL
            CODE    1E16H     0020H     UNIT         ?PR?SPI_RECEIVEBYTE?PCF85063BTL
            CODE    1E36H     001EH     UNIT         ?PR?_DELAY_MS?KEYPAD
            CODE    1E54H     001EH     UNIT         ?PR?_WAIT_MS_IIC?VCNL4035
            CODE    1E72H     001DH     UNIT         ?PR?_DISPLAYLCD?LCD_DRIVER_SPLC780D
            CODE    1E8FH     001BH     UNIT         ?PR?I2C_ACK?VCNL4035
            CODE    1EAAH     0018H     UNIT         ?PR?_SPI_WRITETIME?PCF85063BTL
            CODE    1EC2H     0017H     UNIT         ?PR?_ASCIITOBCD?UART1
            CODE    1ED9H     0017H     UNIT         ?PR?I2C_INIT?VCNL4035
            CODE    1EF0H     0015H     UNIT         ?PR?I2C_STOP?VCNL4035
            CODE    1F05H     0014H     UNIT         ?PR?_PCF85063BTL_DELAY?PCF85063BTL
            CODE    1F19H     0014H     UNIT         ?PR?_ISSPACE?ISSPACE
            CODE    1F2DH     0013H     UNIT         ?PR?I2C_START?VCNL4035
            CODE    1F40H     0011H     UNIT         ?PR?_SPI_READTIME?PCF85063BTL
            CODE    1F51H     0011H     UNIT         ?PR?_BCDTODEC?PCF85063BTL
            CODE    1F62H     0011H     UNIT         ?PR?INITUART1?UART1
            CODE    1F73H     000FH     UNIT         ?PR?UC_NACK?VCNL4035
            CODE    1F82H     000FH     UNIT         ?PR?_ISDIGIT?ISDIGIT
            CODE    1F91H     000DH     UNIT         ?PR?SPI_INIT?PCF85063BTL
            CODE    1F9EH     000CH     UNIT         ?PR?_ABS?ABS
            CODE    1FAAH     000AH     UNIT         ?PR?LCD_RETURN_HOME?LCD_DRIVER_SPLC780D
            CODE    1FB4H     000AH     UNIT         ?PR?LCD_CLEAR?LCD_DRIVER_SPLC780D
            CODE    1FBEH     0009H     UNIT         ?PR?_SENDUART1?MAIN
            CODE    1FC7H     0006H     UNIT         ?PR?_TEN?UART1
            CODE    1FCDH     0006H     UNIT         ?PR?UC_ACK?VCNL4035
            CODE    1FD3H     0006H     UNIT         ?PR?_DISPLAYLCD_VCNL4035?VCNL4035
            CODE    1FD9H     0005H     UNIT         ?PR?_UNIT?UART1
            CODE    1FDEH     0005H     UNIT         ?PR?_ASCII_LETTER?UART1
            CODE    1FE3H     0001H     UNIT         ?PR?_DECTOBCD?UART1
            CODE    1FE4H     0001H     UNIT         ?PR?NOP?VCNL4035



OVERLAY MAP OF MODULE:   .\Obj\GPIO_RTC_Test (MAIN)


SEGMENT                                            BIT_GROUP          XDATA_GROUP
  +--> CALLED SEGMENT                           START    LENGTH     START    LENGTH
-----------------------------------------------------------------------------------
?PR?UART?MAIN                                   -----    -----      -----    -----
  +--> ?PR?_ASCIITOBCD?UART1

?PR?_ASCIITOBCD?UART1                           -----    -----      -----    -----
BL51 BANKED LINKER/LOCATER V6.22                                                      08/14/2018  12:13:20  PAGE 4


  +--> ?PR?_ATOI?ATOI

?PR?_ATOI?ATOI                                  0020H.3  0000H.1    007CH    0005H
  +--> ?PR?_ISSPACE?ISSPACE
  +--> ?PR?_ISDIGIT?ISDIGIT

*** NEW ROOT ***************************************************

?C_C51STARTUP                                   -----    -----      -----    -----
  +--> ?PR?MAIN?MAIN
  +--> ?C_INITSEG

?PR?MAIN?MAIN                                   -----    -----      0081H    0017H
  +--> ?PR?LCD_INIT?LCD_DRIVER_SPLC780D
  +--> ?PR?KEYPAD_IO_INIT?KEYPAD
  +--> ?PR?_DELAY_MS?KEYPAD
  +--> ?PR?_DISPLAY_LINE?LCD_DRIVER_SPLC780D
  +--> ?PR?_WRITEDATA?LCD_DRIVER_SPLC780D
  +--> ?PR?KEY_PROCESS?KEYPAD
  +--> ?PR?_COMMAND?LCD_DRIVER_SPLC780D
  +--> ?PR?_DISPLAY_POS?MAIN
  +--> ?PR?_DISPLAYLCD?LCD_DRIVER_SPLC780D
  +--> ?PR?_STEP_MOVE?BIPOLARMOTOR
  +--> ?PR?LCD_RETURN_HOME?LCD_DRIVER_SPLC780D
  +--> ?PR?_READ_TIME?PCF85063BTL
  +--> ?PR?_UPDATE_POSITION?BIPOLARMOTOR
  +--> ?PR?_SPI_WRITETIME?PCF85063BTL
  +--> ?PR?_SENDUART1?MAIN

?PR?LCD_INIT?LCD_DRIVER_SPLC780D                -----    -----      -----    -----
  +--> ?PR?_WAIT_MS?LCD_DRIVER_SPLC780D
  +--> ?PR?_COMMAND?LCD_DRIVER_SPLC780D

?PR?_COMMAND?LCD_DRIVER_SPLC780D                -----    -----      -----    -----
  +--> ?PR?_WAIT_MS?LCD_DRIVER_SPLC780D

?PR?_DISPLAY_LINE?LCD_DRIVER_SPLC780D           -----    -----      -----    -----
  +--> ?PR?_COMMAND?LCD_DRIVER_SPLC780D

?PR?_WRITEDATA?LCD_DRIVER_SPLC780D              -----    -----      00A2H    0001H
  +--> ?PR?_WAIT_MS?LCD_DRIVER_SPLC780D

?PR?KEY_PROCESS?KEYPAD                          -----    -----      0098H    0006H
  +--> ?PR?KEY_SCAN?KEYPAD
  +--> ?PR?_SPI_WRITETIME?PCF85063BTL
  +--> ?PR?LCD_CLEAR?LCD_DRIVER_SPLC780D
  +--> ?PR?_COMMAND?LCD_DRIVER_SPLC780D
  +--> ?PR?_WRITEDATA?LCD_DRIVER_SPLC780D

?PR?KEY_SCAN?KEYPAD                             -----    -----      009EH    0003H
  +--> ?PR?_DELAY_MS?KEYPAD

?PR?_SPI_WRITETIME?PCF85063BTL                  -----    -----      -----    -----
  +--> ?PR?_SPI_SENDBYTE?PCF85063BTL

?PR?_SPI_SENDBYTE?PCF85063BTL                   -----    -----      -----    -----
  +--> ?PR?_PCF85063BTL_DELAY?PCF85063BTL
BL51 BANKED LINKER/LOCATER V6.22                                                      08/14/2018  12:13:20  PAGE 5



?PR?LCD_CLEAR?LCD_DRIVER_SPLC780D               -----    -----      -----    -----
  +--> ?PR?_COMMAND?LCD_DRIVER_SPLC780D

?PR?_DISPLAY_POS?MAIN                           -----    -----      0098H    000AH
  +--> ?PR?_ABS?ABS
  +--> ?PR?_WRITEDATA?LCD_DRIVER_SPLC780D

?PR?_DISPLAYLCD?LCD_DRIVER_SPLC780D             -----    -----      0098H    0001H
  +--> ?PR?_WRITEDATA?LCD_DRIVER_SPLC780D

?PR?_STEP_MOVE?BIPOLARMOTOR                     0020H.5  0000H.1    00B4H    0004H
  +--> ?PR?_WAIT_MS?LCD_DRIVER_SPLC780D

?PR?LCD_RETURN_HOME?LCD_DRIVER_SPLC780D         -----    -----      -----    -----
  +--> ?PR?_COMMAND?LCD_DRIVER_SPLC780D

?PR?_READ_TIME?PCF85063BTL                      -----    -----      0098H    000FH
  +--> ?PR?_SPI_READTIME?PCF85063BTL

?PR?_SPI_READTIME?PCF85063BTL                   -----    -----      -----    -----
  +--> ?PR?_SPI_SENDBYTE?PCF85063BTL
  +--> ?PR?SPI_RECEIVEBYTE?PCF85063BTL

?PR?SPI_RECEIVEBYTE?PCF85063BTL                 -----    -----      -----    -----
  +--> ?PR?_PCF85063BTL_DELAY?PCF85063BTL

?PR?_UPDATE_POSITION?BIPOLARMOTOR               -----    -----      0098H    0018H
  +--> ?PR?_DAY_OF_YEAR?PCF85063BTL
  +--> ?PR?_BCDTODEC1?BIPOLARMOTOR
  +--> ?PR?_TREND_LINE_30_31?BIPOLARMOTOR
  +--> ?PR?_MOVE?BIPOLARMOTOR

?PR?_DAY_OF_YEAR?PCF85063BTL                    -----    -----      -----    -----
  +--> ?PR?_BCDTODEC?PCF85063BTL

?PR?_TREND_LINE_30_31?BIPOLARMOTOR              -----    -----      00B0H    0008H
  +--> ?PR?_POW?POW

?PR?_POW?POW                                    -----    -----      00B8H    000AH
  +--> ?PR?LOG?LOG
  +--> ?PR?EXP?EXP

?PR?LOG?LOG                                     0020H.4  0000H.1    00C2H    0004H

?PR?_MOVE?BIPOLARMOTOR                          0020H.4  0000H.1    00B0H    0004H
  +--> ?PR?_STEP_MOVE?BIPOLARMOTOR



UNRESOLVED EXTERNAL SYMBOLS:
   AUTO_MODE



SYMBOL TABLE OF MODULE:  .\Obj\GPIO_RTC_Test (MAIN)

BL51 BANKED LINKER/LOCATER V6.22                                                      08/14/2018  12:13:20  PAGE 6


  VALUE           TYPE          NAME
  ----------------------------------

  -------         MODULE        MAIN
  C:0000H         SYMBOL        _ICE_DUMMY_
  D:0080H         PUBLIC        P0
  D:0090H         PUBLIC        P1
  D:00A0H         PUBLIC        P2
  D:00B0H         PUBLIC        P3
  D:00C0H         PUBLIC        P4
  D:00C8H         PUBLIC        P5
  X:00CEH         SYMBOL        PressedKey
  B:00A8H.7       PUBLIC        EA
  D:00E8H         PUBLIC        P6
  D:00F8H         PUBLIC        P7
  X:00D2H         PUBLIC        RX_Data_Uart_Cnt
  D:00A8H         PUBLIC        IE
  D:00B8H         PUBLIC        IP
  B:0098H.0       PUBLIC        RI
  B:0098H.1       PUBLIC        TI
  C:1740H         PUBLIC        Uart
  D:00D8H         PUBLIC        CCON
  C:0928H         PUBLIC        main
  D:0099H         PUBLIC        SBUF
  D:0098H         PUBLIC        SCON
  D:0089H         PUBLIC        TMOD
  D:0088H         PUBLIC        TCON
  B:00B0H.3       PUBLIC        P33
  X:00D4H         SYMBOL        KeyCount
  X:00D6H         PUBLIC        Rec_data_hour
  X:00D9H         PUBLIC        Rec_data_min
  D:008EH         PUBLIC        AUXR
  C:000AH         PUBLIC        tm0_isr
  B:0020H.6       PUBLIC        busy
  D:00E0H         PUBLIC        ACC
  B:00A8H.1       PUBLIC        ET0
  D:008CH         PUBLIC        TH0
  X:00DCH         PUBLIC        hour_count
  D:008AH         PUBLIC        TL0
  X:00DDH         PUBLIC        min_count
  B:0088H.4       PUBLIC        TR0
  X:00DEH         SYMBOL        KeyNum
  X:00DFH         SYMBOL        KeyNum_Old
  C:190FH         PUBLIC        _Display_Prox
  C:0FC8H         PUBLIC        _Display_Pos
  X:00E0H         PUBLIC        st_time
  D:00D0H         PUBLIC        PSW
  C:1FBEH         PUBLIC        _SendUART1
  -------         PROC          TM0_ISR
  C:000AH         LINE#         53
  C:000AH         LINE#         56
  -------         ENDPROC       TM0_ISR
  -------         PROC          MAIN
  -------         DO            
  X:0081H         SYMBOL        seconds
  X:0082H         SYMBOL        mins
  X:0083H         SYMBOL        hours
BL51 BANKED LINKER/LOCATER V6.22                                                      08/14/2018  12:13:20  PAGE 7


  X:0084H         SYMBOL        days
  X:0085H         SYMBOL        months
  X:0086H         SYMBOL        mins1
  X:0087H         SYMBOL        hours1
  X:0088H         SYMBOL        mins2
  X:0089H         SYMBOL        hours2
  X:008AH         SYMBOL        prox_data
  X:00C6H         SYMBOL        KeyCount
  X:00C8H         SYMBOL        KeyNum_Old
  X:00C9H         SYMBOL        KeyNum
  X:00CAH         SYMBOL        PressedKey
  X:008CH         SYMBOL        prox_flag
  X:008DH         SYMBOL        count
  X:008FH         SYMBOL        numStr
  X:0094H         SYMBOL        current_position
  -------         ENDDO         
  C:0928H         LINE#         58
  C:0928H         LINE#         59
  C:0928H         LINE#         64
  C:092EH         LINE#         66
  C:0933H         LINE#         68
  C:093DH         LINE#         69
  C:093FH         LINE#         70
  C:0941H         LINE#         71
  C:0943H         LINE#         72
  C:0945H         LINE#         81
  C:0948H         LINE#         83
  C:094BH         LINE#         87
  C:094EH         LINE#         88
  C:0951H         LINE#         89
  C:0954H         LINE#         90
  C:0956H         LINE#         91
  C:0958H         LINE#         92
  C:095AH         LINE#         94
  C:095CH         LINE#         96
  C:0963H         LINE#         98
  C:096AH         LINE#         102
  C:0971H         LINE#         103
  C:0976H         LINE#         104
  C:097BH         LINE#         105
  C:0980H         LINE#         106
  C:0985H         LINE#         107
  C:098AH         LINE#         110
  C:098AH         LINE#         111
  C:098AH         LINE#         112
  C:098DH         LINE#         113
  C:099BH         LINE#         115
  C:099BH         LINE#         118
  C:09A0H         LINE#         119
  C:09A5H         LINE#         121
  C:09AAH         LINE#         122
  C:09AFH         LINE#         123
  C:09B4H         LINE#         124
  C:09B9H         LINE#         126
  C:09CAH         LINE#         128
  C:09D1H         LINE#         129
  C:09D9H         LINE#         130
BL51 BANKED LINKER/LOCATER V6.22                                                      08/14/2018  12:13:20  PAGE 8


  C:09DEH         LINE#         131
  C:09E6H         LINE#         132
  C:09EBH         LINE#         133
  C:09F5H         LINE#         134
  C:09FAH         LINE#         135
  C:0A02H         LINE#         137
  C:0A0AH         LINE#         138
  C:0A0AH         LINE#         139
  C:0A0AH         LINE#         140
  C:0A0AH         LINE#         141
  C:0A0AH         LINE#         143
  C:0A0AH         LINE#         144
  C:0A0FH         LINE#         145
  C:0A0FH         LINE#         157
  C:0A12H         LINE#         158
  C:0A12H         LINE#         159
  C:0A1DH         LINE#         160
  C:0A34H         LINE#         161
  C:0A34H         LINE#         162
  C:0A36H         LINE#         163
  C:0A38H         LINE#         165
  C:0A38H         LINE#         166
  C:0A43H         LINE#         167
  C:0A43H         LINE#         168
  C:0A48H         LINE#         169
  C:0A48H         LINE#         170
  C:0A4BH         LINE#         171
  C:0A4BH         LINE#         172
  C:0A4DH         LINE#         173
  C:0A58H         LINE#         174
  C:0A6FH         LINE#         175
  C:0A6FH         LINE#         176
  C:0A71H         LINE#         177
  C:0A73H         LINE#         179
  C:0A73H         LINE#         180
  C:0A7EH         LINE#         181
  C:0A7EH         LINE#         182
  C:0A83H         LINE#         183
  C:0A83H         LINE#         191
  C:0AA5H         LINE#         192
  C:0AA5H         LINE#         193
  C:0AAFH         LINE#         194
  C:0AB5H         LINE#         195
  C:0AB7H         LINE#         196
  C:0AB9H         LINE#         197
  C:0ABBH         LINE#         198
  C:0ABBH         LINE#         199
  C:0ABEH         LINE#         201
  C:0ABEH         LINE#         202
  C:0AC6H         LINE#         203
  C:0ACEH         LINE#         204
  C:0AD6H         LINE#         205
  C:0ADEH         LINE#         206
  C:0B19H         LINE#         210
  C:0B1CH         LINE#         211
  C:0B1CH         LINE#         212
  C:0B43H         LINE#         213
BL51 BANKED LINKER/LOCATER V6.22                                                      08/14/2018  12:13:20  PAGE 9


  C:0B69H         LINE#         214
  C:0B69H         LINE#         218
  C:0B76H         LINE#         219
  C:0B76H         LINE#         220
  C:0B80H         LINE#         221
  C:0B8AH         LINE#         222
  C:0B91H         LINE#         223
  C:0B99H         LINE#         224
  C:0BA1H         LINE#         225
  -------         ENDPROC       MAIN
  -------         PROC          UART
  C:1740H         LINE#         238
  C:174DH         LINE#         240
  C:1750H         LINE#         241
  C:1750H         LINE#         242
  C:175EH         LINE#         243
  C:1760H         LINE#         244
  C:1772H         LINE#         245
  C:1781H         LINE#         246
  C:178CH         LINE#         247
  C:178CH         LINE#         250
  C:1799H         LINE#         251
  C:179FH         LINE#         252
  C:179FH         LINE#         253
  C:17A5H         LINE#         254
  C:17B3H         LINE#         255
  C:17C1H         LINE#         256
  C:17C9H         LINE#         261
  C:17C9H         LINE#         262
  C:17C9H         LINE#         265
  C:17C9H         LINE#         266
  C:17CCH         LINE#         267
  C:17CCH         LINE#         268
  C:17CEH         LINE#         269
  C:17D0H         LINE#         270
  C:17D0H         LINE#         271
  -------         ENDPROC       UART
  -------         PROC          _SENDUART1
  D:0007H         SYMBOL        dat
  C:1FBEH         LINE#         274
  C:1FBEH         LINE#         275
  C:1FBEH         LINE#         276
  C:1FC1H         LINE#         277
  C:1FC3H         LINE#         278
  C:1FC4H         LINE#         279
  C:1FC6H         LINE#         280
  -------         ENDPROC       _SENDUART1
  -------         PROC          _DISPLAY_PROX
  D:0002H         SYMBOL        dat
  -------         DO            
  X:00F3H         SYMBOL        unit
  X:00F4H         SYMBOL        ten
  X:00F5H         SYMBOL        hundred
  X:00F6H         SYMBOL        thousand
  -------         ENDDO         
  C:190FH         LINE#         283
  C:1913H         LINE#         284
BL51 BANKED LINKER/LOCATER V6.22                                                      08/14/2018  12:13:20  PAGE 10


  C:1913H         LINE#         286
  C:191FH         LINE#         287
  C:192FH         LINE#         288
  C:194BH         LINE#         289
  C:197BH         LINE#         290
  C:1985H         LINE#         291
  C:198FH         LINE#         292
  C:1999H         LINE#         293
  C:19A3H         LINE#         295
  -------         ENDPROC       _DISPLAY_PROX
  -------         PROC          _DISPLAY_POS
  X:0098H         SYMBOL        sign_dat
  -------         DO            
  X:009CH         SYMBOL        unit
  X:009DH         SYMBOL        ten
  X:009EH         SYMBOL        hundred
  D:0003H         SYMBOL        thousand
  X:009FH         SYMBOL        after_dot
  X:00A0H         SYMBOL        dat
  -------         ENDDO         
  C:0FC8H         LINE#         298
  C:0FCEH         LINE#         299
  C:0FCEH         LINE#         303
  C:0FEAH         LINE#         304
  C:1004H         LINE#         305
  C:1028H         LINE#         307
  C:1072H         LINE#         309
  C:1089H         LINE#         310
  C:1096H         LINE#         311
  C:10B8H         LINE#         312
  C:10EDH         LINE#         313
  C:1105H         LINE#         314
  C:1105H         LINE#         316
  C:110FH         LINE#         317
  C:1119H         LINE#         318
  C:1123H         LINE#         319
  C:1128H         LINE#         320
  C:1132H         LINE#         321
  C:1137H         LINE#         322
  C:113CH         LINE#         323
  C:113EH         LINE#         324
  C:1140H         LINE#         326
  C:1140H         LINE#         328
  C:1145H         LINE#         329
  C:114FH         LINE#         330
  C:1159H         LINE#         331
  C:1163H         LINE#         332
  C:1168H         LINE#         333
  C:1172H         LINE#         334
  C:1177H         LINE#         335
  C:117CH         LINE#         337
  C:117CH         LINE#         339
  -------         ENDPROC       _DISPLAY_POS
  -------         ENDMOD        MAIN

  -------         MODULE        PCF85063BTL
  C:0000H         SYMBOL        _ICE_DUMMY_
BL51 BANKED LINKER/LOCATER V6.22                                                      08/14/2018  12:13:20  PAGE 11


  D:0096H         PUBLIC        P2M0
  D:0080H         PUBLIC        P0
  D:0095H         PUBLIC        P2M1
  D:0090H         PUBLIC        P1
  D:00A0H         PUBLIC        P2
  D:00B0H         PUBLIC        P3
  D:00C0H         PUBLIC        P4
  D:00C8H         PUBLIC        P5
  D:00E8H         PUBLIC        P6
  B:00A0H.2       PUBLIC        PCF85063BTL_SDI
  D:00F8H         PUBLIC        P7
  B:00A0H.1       PUBLIC        PCF85063BTL_SCK
  B:00A0H.2       PUBLIC        PCF85063BTL_SDO
  D:00A8H         PUBLIC        IE
  C:1B29H         PUBLIC        _Read_time
  C:1F0BH         PUBLIC        _PCF85063BTL_Delay
  D:00B8H         PUBLIC        IP
  D:00D8H         PUBLIC        CCON
  C:1A30H         PUBLIC        _Day_Of_Year
  C:1E16H         PUBLIC        SPI_ReceiveByte
  D:0098H         PUBLIC        SCON
  D:0088H         PUBLIC        TCON
  C:1F51H         PUBLIC        _BCDtoDec
  B:00A0H.0       PUBLIC        PCF85063BTL_CS
  C:1F40H         PUBLIC        _SPI_ReadTime
  C:1F91H         PUBLIC        SPI_Init
  C:1EAAH         PUBLIC        _SPI_WriteTime
  C:1DF6H         PUBLIC        _SPI_SendByte
  D:00D0H         PUBLIC        PSW
  C:1F07H         SYMBOL        L?0047
  -------         PROC          L?0046
  -------         ENDPROC       L?0046
  C:1F07H         SYMBOL        L?0047
  -------         PROC          _PCF85063BTL_DELAY
  D:0006H         SYMBOL        us
  C:1F0BH         LINE#         8
  C:1F0BH         LINE#         9
  C:1F0BH         LINE#         10
  C:1F15H         LINE#         11
  C:1F15H         LINE#         12
  C:1F16H         LINE#         13
  C:1F18H         LINE#         14
  -------         ENDPROC       _PCF85063BTL_DELAY
  -------         PROC          _SPI_SENDBYTE
  D:0005H         SYMBOL        dat
  -------         DO            
  D:0003H         SYMBOL        i
  -------         ENDDO         
  C:1DF6H         LINE#         17
  C:1DF8H         LINE#         18
  C:1DF8H         LINE#         20
  C:1DFAH         LINE#         21
  C:1DFAH         LINE#         22
  C:1DFCH         LINE#         23
  C:1E00H         LINE#         24
  C:1E00H         LINE#         25
  C:1E02H         LINE#         26
BL51 BANKED LINKER/LOCATER V6.22                                                      08/14/2018  12:13:20  PAGE 12


  C:1E04H         LINE#         28
  C:1E04H         LINE#         29
  C:1E06H         LINE#         30
  C:1E06H         LINE#         31
  C:1E09H         LINE#         32
  C:1E09H         LINE#         33
  C:1E0CH         LINE#         34
  C:1E10H         LINE#         35
  C:1E15H         LINE#         36
  -------         ENDPROC       _SPI_SENDBYTE
  -------         PROC          SPI_RECEIVEBYTE
  -------         DO            
  D:0003H         SYMBOL        i
  D:0005H         SYMBOL        dat
  -------         ENDDO         
  C:1E16H         LINE#         39
  C:1E16H         LINE#         40
  C:1E16H         LINE#         42
  C:1E18H         LINE#         44
  C:1E1AH         LINE#         45
  C:1E1BH         LINE#         46
  C:1E1BH         LINE#         47
  C:1E1FH         LINE#         48
  C:1E21H         LINE#         49
  C:1E24H         LINE#         51
  C:1E27H         LINE#         52
  C:1E27H         LINE#         53
  C:1E2BH         LINE#         54
  C:1E2BH         LINE#         55
  C:1E2BH         LINE#         56
  C:1E2EH         LINE#         57
  C:1E33H         LINE#         58
  C:1E35H         LINE#         59
  -------         ENDPROC       SPI_RECEIVEBYTE
  -------         PROC          _SPI_READTIME
  D:0007H         SYMBOL        addr
  -------         DO            
  D:0006H         SYMBOL        dat
  -------         ENDDO         
  C:1F40H         LINE#         61
  C:1F40H         LINE#         62
  C:1F40H         LINE#         64
  C:1F42H         LINE#         65
  C:1F44H         LINE#         66
  C:1F4BH         LINE#         67
  C:1F4EH         LINE#         68
  C:1F50H         LINE#         69
  C:1F50H         LINE#         70
  -------         ENDPROC       _SPI_READTIME
  -------         PROC          _SPI_WRITETIME
  D:0002H         SYMBOL        val
  D:0005H         SYMBOL        addr
  C:1EAAH         LINE#         71
  C:1EACH         LINE#         72
  C:1EACH         LINE#         74
  C:1EAEH         LINE#         75
  C:1EB5H         LINE#         76
BL51 BANKED LINKER/LOCATER V6.22                                                      08/14/2018  12:13:20  PAGE 13


  C:1EBAH         LINE#         77
  C:1EBFH         LINE#         78
  C:1EC1H         LINE#         79
  -------         ENDPROC       _SPI_WRITETIME
  -------         PROC          SPI_INIT
  C:1F91H         LINE#         83
  C:1F91H         LINE#         84
  C:1F91H         LINE#         89
  C:1F94H         LINE#         90
  C:1F97H         LINE#         91
  C:1F99H         LINE#         92
  C:1F9BH         LINE#         93
  C:1F9DH         LINE#         94
  -------         ENDPROC       SPI_INIT
  -------         PROC          _READ_TIME
  X:0098H         SYMBOL        months
  X:009BH         SYMBOL        days
  X:009EH         SYMBOL        hours
  X:00A1H         SYMBOL        mins
  X:00A4H         SYMBOL        seconds
  C:1B29H         LINE#         96
  C:1B34H         LINE#         97
  C:1B34H         LINE#         99
  C:1B48H         LINE#         101
  C:1B5CH         LINE#         103
  C:1B70H         LINE#         108
  C:1B84H         LINE#         113
  -------         ENDPROC       _READ_TIME
  -------         PROC          _BCDTODEC
  D:0007H         SYMBOL        bcd
  -------         DO            
  D:0006H         SYMBOL        hi
  D:0007H         SYMBOL        lo
  -------         ENDDO         
  C:1F51H         LINE#         119
  C:1F51H         LINE#         120
  C:1F51H         LINE#         122
  C:1F56H         LINE#         123
  C:1F5AH         LINE#         124
  C:1F61H         LINE#         125
  -------         ENDPROC       _BCDTODEC
  -------         PROC          _DAY_OF_YEAR
  D:0007H         SYMBOL        months_bcd
  D:0005H         SYMBOL        days_bcd
  -------         DO            
  D:0004H         SYMBOL        months
  D:0007H         SYMBOL        days
  -------         ENDDO         
  C:1A30H         LINE#         126
  C:1A30H         LINE#         127
  C:1A30H         LINE#         130
  C:1A35H         LINE#         132
  C:1A3AH         LINE#         134
  C:1A73H         LINE#         135
  C:1A73H         LINE#         136
  C:1A73H         LINE#         137
  C:1A76H         LINE#         138
BL51 BANKED LINKER/LOCATER V6.22                                                      08/14/2018  12:13:20  PAGE 14


  C:1A76H         LINE#         139
  C:1A76H         LINE#         140
  C:1A7BH         LINE#         141
  C:1A7BH         LINE#         142
  C:1A7BH         LINE#         143
  C:1A80H         LINE#         144
  C:1A80H         LINE#         145
  C:1A80H         LINE#         146
  C:1A85H         LINE#         147
  C:1A85H         LINE#         148
  C:1A85H         LINE#         149
  C:1A8AH         LINE#         150
  C:1A8AH         LINE#         151
  C:1A8AH         LINE#         152
  C:1A8FH         LINE#         153
  C:1A8FH         LINE#         154
  C:1A8FH         LINE#         155
  C:1A94H         LINE#         156
  C:1A94H         LINE#         157
  C:1A94H         LINE#         158
  C:1A99H         LINE#         159
  C:1A99H         LINE#         160
  C:1A99H         LINE#         161
  C:1AA1H         LINE#         162
  C:1AA1H         LINE#         163
  C:1AA1H         LINE#         164
  C:1AA6H         LINE#         165
  C:1AA6H         LINE#         166
  C:1AA6H         LINE#         167
  C:1AABH         LINE#         168
  C:1AABH         LINE#         169
  C:1AABH         LINE#         170
  C:1AB3H         LINE#         171
  C:1AB3H         LINE#         172
  C:1AB3H         LINE#         173
  -------         ENDPROC       _DAY_OF_YEAR
  -------         ENDMOD        PCF85063BTL

  -------         MODULE        UART1
  C:0000H         SYMBOL        _ICE_DUMMY_
  D:0080H         PUBLIC        P0
  D:0090H         PUBLIC        P1
  D:00A0H         PUBLIC        P2
  D:00B0H         PUBLIC        P3
  D:00C0H         PUBLIC        P4
  D:00C8H         PUBLIC        P5
  B:00A8H.7       PUBLIC        EA
  D:00E8H         PUBLIC        P6
  D:00F8H         PUBLIC        P7
  C:1D02H         PUBLIC        _SendString
  D:00A8H         PUBLIC        IE
  B:00A8H.4       PUBLIC        ES
  D:00B8H         PUBLIC        IP
  C:1EC2H         PUBLIC        _ASCIItoBCD
  D:00D8H         PUBLIC        CCON
  C:1F62H         PUBLIC        initUART1
  D:0098H         PUBLIC        SCON
BL51 BANKED LINKER/LOCATER V6.22                                                      08/14/2018  12:13:20  PAGE 15


  D:0088H         PUBLIC        TCON
  C:1FE3H         PUBLIC        _DectoBCD
  C:1FDEH         PUBLIC        _ASCII_Letter
  D:008EH         PUBLIC        AUXR
  C:1FD9H         PUBLIC        _unit
  C:1FC7H         PUBLIC        _ten
  D:00D6H         PUBLIC        T2H
  D:00D7H         PUBLIC        T2L
  D:00D0H         PUBLIC        PSW
  -------         PROC          INITUART1
  C:1F62H         LINE#         21
  C:1F62H         LINE#         22
  C:1F62H         LINE#         23
  C:1F65H         LINE#         24
  C:1F68H         LINE#         25
  C:1F6BH         LINE#         26
  C:1F6EH         LINE#         27
  C:1F70H         LINE#         28
  C:1F72H         LINE#         30
  -------         ENDPROC       INITUART1
  -------         PROC          _SENDSTRING
  X:00F7H         SYMBOL        s
  C:1D02H         LINE#         35
  C:1D0DH         LINE#         36
  C:1D0DH         LINE#         37
  C:1D1DH         LINE#         38
  C:1D1DH         LINE#         39
  C:1D32H         LINE#         40
  C:1D34H         LINE#         41
  -------         ENDPROC       _SENDSTRING
  -------         PROC          _TEN
  D:0007H         SYMBOL        BCD
  C:1FC7H         LINE#         43
  C:1FC7H         LINE#         44
  C:1FC7H         LINE#         45
  C:1FCCH         LINE#         46
  -------         ENDPROC       _TEN
  -------         PROC          _UNIT
  D:0007H         SYMBOL        BCD
  C:1FD9H         LINE#         47
  C:1FD9H         LINE#         48
  C:1FD9H         LINE#         52
  C:1FDDH         LINE#         53
  -------         ENDPROC       _UNIT
  -------         PROC          _DECTOBCD
  D:0007H         SYMBOL        dec
  C:1FE3H         LINE#         54
  C:1FE3H         LINE#         55
  C:1FE3H         LINE#         57
  C:1FE3H         LINE#         58
  -------         ENDPROC       _DECTOBCD
  -------         PROC          _ASCII_LETTER
  D:0007H         SYMBOL        dat
  C:1FDEH         LINE#         60
  C:1FDEH         LINE#         61
  C:1FDEH         LINE#         63
  C:1FE2H         LINE#         64
BL51 BANKED LINKER/LOCATER V6.22                                                      08/14/2018  12:13:20  PAGE 16


  -------         ENDPROC       _ASCII_LETTER
  -------         PROC          _ASCIITOBCD
  D:0001H         SYMBOL        ascii
  -------         DO            
  D:0007H         SYMBOL        dec_val
  D:0006H         SYMBOL        ten
  D:0007H         SYMBOL        unit
  -------         ENDDO         
  C:1EC2H         LINE#         66
  C:1EC2H         LINE#         67
  C:1EC2H         LINE#         69
  C:1EC5H         LINE#         70
  C:1ECBH         LINE#         71
  C:1ED2H         LINE#         72
  C:1ED8H         LINE#         74
  -------         ENDPROC       _ASCIITOBCD
  -------         ENDMOD        UART1

  -------         MODULE        LCD_DRIVER_SPLC780D
  C:0000H         SYMBOL        _ICE_DUMMY_
  D:0080H         PUBLIC        P0
  D:0090H         PUBLIC        P1
  D:00A0H         PUBLIC        P2
  D:00B0H         PUBLIC        P3
  D:00C0H         PUBLIC        P4
  D:00C8H         PUBLIC        P5
  D:00E8H         PUBLIC        P6
  D:00F8H         PUBLIC        P7
  C:1AB4H         PUBLIC        _WriteData
  D:00A8H         PUBLIC        IE
  D:00B8H         PUBLIC        IP
  D:00D8H         PUBLIC        CCON
  B:0090H.4       PUBLIC        LCD_D4
  B:0090H.5       PUBLIC        LCD_D5
  B:0090H.6       PUBLIC        LCD_D6
  C:1E72H         PUBLIC        _DisplayLCD
  B:0090H.7       PUBLIC        LCD_D7
  D:0098H         PUBLIC        SCON
  D:0088H         PUBLIC        TCON
  C:1FB4H         PUBLIC        LCD_clear
  C:1C8EH         PUBLIC        _Command
  C:000EH         PUBLIC        _Display_Line
  C:1BF1H         PUBLIC        LCD_Init
  C:1D92H         PUBLIC        _Wait_ms
  B:0090H.1       PUBLIC        LCD_RS
  B:0090H.2       PUBLIC        LCD_RW
  C:1FAAH         PUBLIC        LCD_return_home
  B:0090H.3       PUBLIC        LCD_E
  D:00D0H         PUBLIC        PSW
  -------         PROC          LCD_INIT
  C:1BF1H         LINE#         9
  C:1BF1H         LINE#         10
  C:1BF1H         LINE#         12
  C:1BF8H         LINE#         13
  C:1BFDH         LINE#         15
  C:1C04H         LINE#         16
  C:1C09H         LINE#         18
BL51 BANKED LINKER/LOCATER V6.22                                                      08/14/2018  12:13:20  PAGE 17


  C:1C0CH         LINE#         19
  C:1C11H         LINE#         21
  C:1C14H         LINE#         22
  C:1C19H         LINE#         24
  C:1C20H         LINE#         27
  C:1C25H         LINE#         28
  C:1C2AH         LINE#         30
  C:1C2FH         LINE#         31
  C:1C34H         LINE#         33
  C:1C39H         LINE#         34
  C:1C3EH         LINE#         35
  -------         ENDPROC       LCD_INIT
  -------         PROC          _WRITEDATA
  X:00A2H         SYMBOL        dat
  C:1AB4H         LINE#         38
  C:1AB9H         LINE#         39
  C:1AB9H         LINE#         44
  C:1ABBH         LINE#         45
  C:1ABDH         LINE#         47
  C:1ACBH         LINE#         48
  C:1AD7H         LINE#         49
  C:1AE3H         LINE#         50
  C:1AEDH         LINE#         51
  C:1AEFH         LINE#         52
  C:1AF6H         LINE#         53
  C:1AF8H         LINE#         55
  C:1B08H         LINE#         56
  C:1B13H         LINE#         57
  C:1B1DH         LINE#         58
  C:1B21H         LINE#         60
  C:1B21H         LINE#         61
  C:1B24H         LINE#         62
  C:1B26H         LINE#         63
  C:1B28H         LINE#         65
  -------         ENDPROC       _WRITEDATA
  -------         PROC          _COMMAND
  D:0007H         SYMBOL        dat
  C:1C8EH         LINE#         67
  C:1C8EH         LINE#         68
  C:1C8EH         LINE#         69
  C:1C90H         LINE#         70
  C:1C92H         LINE#         72
  C:1C9CH         LINE#         73
  C:1CA0H         LINE#         75
  C:1CA2H         LINE#         76
  C:1CABH         LINE#         77
  C:1CAFH         LINE#         79
  C:1CB1H         LINE#         80
  C:1CB8H         LINE#         81
  C:1CBCH         LINE#         83
  C:1CBEH         LINE#         84
  C:1CC2H         LINE#         85
  C:1CC6H         LINE#         87
  C:1CC8H         LINE#         88
  C:1CC8H         LINE#         89
  C:1CCBH         LINE#         90
  C:1CCDH         LINE#         91
BL51 BANKED LINKER/LOCATER V6.22                                                      08/14/2018  12:13:20  PAGE 18


  -------         ENDPROC       _COMMAND
  C:1D8EH         SYMBOL        L?0028
  -------         PROC          L?0027
  -------         ENDPROC       L?0027
  C:1D8EH         SYMBOL        L?0028
  -------         PROC          _WAIT_MS
  D:0006H         SYMBOL        ms
  -------         DO            
  D:0004H         SYMBOL        De_Cnt
  -------         ENDDO         
  C:1D92H         LINE#         93
  C:1D92H         LINE#         94
  C:1D92H         LINE#         96
  C:1D9CH         LINE#         97
  C:1D9CH         LINE#         98
  C:1DAFH         LINE#         99
  C:1DAFH         LINE#         100
  -------         ENDPROC       _WAIT_MS
  -------         PROC          _DISPLAYLCD
  D:0007H         SYMBOL        BCD
  -------         DO            
  D:0006H         SYMBOL        first_digit
  X:0098H         SYMBOL        second_digit
  -------         ENDDO         
  C:1E72H         LINE#         101
  C:1E72H         LINE#         102
  C:1E72H         LINE#         104
  C:1E79H         LINE#         105
  C:1E82H         LINE#         107
  C:1E87H         LINE#         109
  -------         ENDPROC       _DISPLAYLCD
  -------         PROC          LCD_RETURN_HOME
  C:1FAAH         LINE#         113
  C:1FAAH         LINE#         114
  C:1FAAH         LINE#         115
  C:1FAFH         LINE#         116
  -------         ENDPROC       LCD_RETURN_HOME
  -------         PROC          LCD_CLEAR
  C:1FB4H         LINE#         119
  C:1FB4H         LINE#         120
  C:1FB4H         LINE#         121
  C:1FB9H         LINE#         122
  -------         ENDPROC       LCD_CLEAR
  -------         PROC          _DISPLAY_LINE
  D:0006H         SYMBOL        line
  C:000EH         LINE#         126
  C:000EH         LINE#         127
  C:000EH         LINE#         128
  C:0014H         LINE#         129
  C:0014H         LINE#         130
  C:0016H         LINE#         131
  C:0016H         LINE#         132
  C:0018H         LINE#         134
  C:0018H         LINE#         135
  C:001DH         LINE#         136
  C:0022H         LINE#         137
  C:0022H         LINE#         138
BL51 BANKED LINKER/LOCATER V6.22                                                      08/14/2018  12:13:20  PAGE 19


  -------         ENDPROC       _DISPLAY_LINE
  -------         ENDMOD        LCD_DRIVER_SPLC780D

  -------         MODULE        KEYPAD
  C:0000H         SYMBOL        _ICE_DUMMY_
  D:0093H         PUBLIC        P0M1
  D:0080H         PUBLIC        P0
  D:0090H         PUBLIC        P1
  D:00A0H         PUBLIC        P2
  D:00B0H         PUBLIC        P3
  D:00C0H         PUBLIC        P4
  D:00C8H         PUBLIC        P5
  D:00E8H         PUBLIC        P6
  D:00F8H         PUBLIC        P7
  D:00A8H         PUBLIC        IE
  C:117DH         PUBLIC        Key_Scan
  D:00B8H         PUBLIC        IP
  D:00D8H         PUBLIC        CCON
  C:0003H         PUBLIC        KeyPad_IO_Init
  C:1E36H         PUBLIC        _Delay_ms
  D:0098H         PUBLIC        SCON
  D:0088H         PUBLIC        TCON
  B:0020H.0       PUBLIC        small_move
  B:0020H.1       PUBLIC        move
  B:0020H.2       PUBLIC        direction
  C:069BH         PUBLIC        Key_Process
  D:00D0H         PUBLIC        PSW
  D:0094H         PUBLIC        P0M0
  -------         PROC          _DELAY_MS
  D:0006H         SYMBOL        ms
  -------         DO            
  D:0004H         SYMBOL        De_Cnt
  -------         ENDDO         
  C:1E36H         LINE#         16
  C:1E36H         LINE#         17
  C:1E36H         LINE#         19
  C:1E40H         LINE#         20
  C:1E40H         LINE#         21
  C:1E53H         LINE#         22
  C:1E53H         LINE#         23
  -------         ENDPROC       _DELAY_MS
  -------         PROC          KEY_SCAN
  -------         DO            
  X:009EH         SYMBOL        KeyTemp1
  X:009FH         SYMBOL        KeyTemp2
  X:00A0H         SYMBOL        KeyValue
  -------         ENDDO         
  C:117DH         LINE#         24
  C:117DH         LINE#         25
  C:117DH         LINE#         30
  C:1180H         LINE#         33
  C:1183H         LINE#         35
  C:118BH         LINE#         36
  C:1192H         LINE#         37
  C:1192H         LINE#         38
  C:1199H         LINE#         39
  C:119EH         LINE#         40
BL51 BANKED LINKER/LOCATER V6.22                                                      08/14/2018  12:13:20  PAGE 20


  C:11A5H         LINE#         41
  C:11A5H         LINE#         44
  C:11A8H         LINE#         45
  C:11ABH         LINE#         46
  C:11B0H         LINE#         47
  C:11B4H         LINE#         48
  C:11B4H         LINE#         49
  C:11BCH         LINE#         50
  C:11BCH         LINE#         51
  C:11BFH         LINE#         52
  C:11C7H         LINE#         53
  C:11C9H         LINE#         55
  C:11DDH         LINE#         56
  C:11DDH         LINE#         57
  C:11DDH         LINE#         58
  C:11DDH         LINE#         59
  C:11E3H         LINE#         61
  C:11E5H         LINE#         62
  C:11E5H         LINE#         63
  C:11E5H         LINE#         64
  C:11EBH         LINE#         66
  C:11EDH         LINE#         67
  C:11EDH         LINE#         68
  C:11EDH         LINE#         69
  C:11F3H         LINE#         71
  C:11F5H         LINE#         72
  C:11F5H         LINE#         73
  C:11F5H         LINE#         74
  C:11FBH         LINE#         76
  C:11FBH         LINE#         77
  C:11FBH         LINE#         78
  C:11FBH         LINE#         81
  C:11FEH         LINE#         82
  C:1201H         LINE#         83
  C:1209H         LINE#         84
  C:120DH         LINE#         85
  C:120DH         LINE#         86
  C:1215H         LINE#         87
  C:1215H         LINE#         88
  C:1218H         LINE#         89
  C:1220H         LINE#         90
  C:1222H         LINE#         91
  C:1236H         LINE#         92
  C:1236H         LINE#         93
  C:1236H         LINE#         94
  C:1236H         LINE#         95
  C:123CH         LINE#         97
  C:123EH         LINE#         98
  C:123EH         LINE#         99
  C:123EH         LINE#         100
  C:1244H         LINE#         102
  C:1246H         LINE#         103
  C:1246H         LINE#         104
  C:1246H         LINE#         105
  C:124CH         LINE#         107
  C:124EH         LINE#         108
  C:124EH         LINE#         109
BL51 BANKED LINKER/LOCATER V6.22                                                      08/14/2018  12:13:20  PAGE 21


  C:124EH         LINE#         110
  C:1253H         LINE#         112
  C:1253H         LINE#         113
  C:1253H         LINE#         114
  C:1253H         LINE#         117
  C:1256H         LINE#         118
  C:1259H         LINE#         119
  C:1261H         LINE#         120
  C:1265H         LINE#         121
  C:1265H         LINE#         122
  C:126DH         LINE#         123
  C:126DH         LINE#         124
  C:1270H         LINE#         125
  C:1278H         LINE#         126
  C:127AH         LINE#         127
  C:128EH         LINE#         128
  C:128EH         LINE#         129
  C:128EH         LINE#         130
  C:128EH         LINE#         131
  C:1294H         LINE#         133
  C:1296H         LINE#         134
  C:1296H         LINE#         135
  C:1296H         LINE#         136
  C:129CH         LINE#         138
  C:129EH         LINE#         139
  C:129EH         LINE#         140
  C:129EH         LINE#         141
  C:12A4H         LINE#         143
  C:12A6H         LINE#         144
  C:12A6H         LINE#         145
  C:12A6H         LINE#         146
  C:12ACH         LINE#         148
  C:12ACH         LINE#         149
  C:12ACH         LINE#         150
  C:12ACH         LINE#         154
  C:12AFH         LINE#         155
  C:12B2H         LINE#         156
  C:12BAH         LINE#         157
  C:12BEH         LINE#         158
  C:12BEH         LINE#         159
  C:12C6H         LINE#         160
  C:12C6H         LINE#         161
  C:12C9H         LINE#         162
  C:12D1H         LINE#         163
  C:12D3H         LINE#         164
  C:12E7H         LINE#         165
  C:12E7H         LINE#         166
  C:12E7H         LINE#         167
  C:12E7H         LINE#         168
  C:12EDH         LINE#         170
  C:12EFH         LINE#         171
  C:12EFH         LINE#         172
  C:12EFH         LINE#         173
  C:12F5H         LINE#         175
  C:12F7H         LINE#         176
  C:12F7H         LINE#         177
  C:12F7H         LINE#         178
BL51 BANKED LINKER/LOCATER V6.22                                                      08/14/2018  12:13:20  PAGE 22


  C:12FDH         LINE#         180
  C:12FFH         LINE#         181
  C:12FFH         LINE#         182
  C:12FFH         LINE#         183
  C:1305H         LINE#         185
  C:1305H         LINE#         186
  C:1305H         LINE#         187
  C:1305H         LINE#         189
  C:130BH         LINE#         190
  C:130BH         LINE#         192
  C:130BH         LINE#         193
  C:130EH         LINE#         194
  C:130EH         LINE#         195
  C:130EH         LINE#         197
  C:130EH         LINE#         198
  C:1310H         LINE#         199
  C:1310H         LINE#         200
  -------         ENDPROC       KEY_SCAN
  -------         PROC          KEY_PROCESS
  -------         DO            
  X:00E2H         SYMBOL        KeyCount
  X:00E4H         SYMBOL        KeyNum_Old
  X:00E5H         SYMBOL        KeyNum
  X:00E6H         SYMBOL        PressedKey
  X:0098H         SYMBOL        d
  D:0004H         SYMBOL        hours
  D:0006H         SYMBOL        mins
  X:009AH         SYMBOL        months
  X:009CH         SYMBOL        days
  -------         ENDDO         
  C:069BH         LINE#         201
  C:069BH         LINE#         202
  C:069BH         LINE#         206
  C:06A3H         LINE#         207
  C:06ABH         LINE#         209
  C:06B8H         LINE#         210
  C:06B8H         LINE#         211
  C:06BBH         LINE#         212
  C:06BEH         LINE#         214
  C:06C1H         LINE#         216
  C:06C1H         LINE#         217
  C:06CCH         LINE#         218
  C:06CCH         LINE#         219
  C:06CFH         LINE#         221
  C:06CFH         LINE#         222
  C:06D6H         LINE#         223
  C:06D6H         LINE#         224
  C:06D9H         LINE#         226
  C:06D9H         LINE#         227
  C:06E0H         LINE#         228
  C:06E0H         LINE#         229
  C:06E3H         LINE#         231
  C:06E3H         LINE#         232
  C:06EAH         LINE#         233
  C:06EAH         LINE#         234
  C:06EDH         LINE#         236
  C:06EDH         LINE#         238
BL51 BANKED LINKER/LOCATER V6.22                                                      08/14/2018  12:13:20  PAGE 23


  C:06F1H         LINE#         239
  C:06F1H         LINE#         240
  C:06F4H         LINE#         242
  C:06F4H         LINE#         244
  C:0704H         LINE#         245
  C:0704H         LINE#         246
  C:0716H         LINE#         247
  C:0724H         LINE#         248
  C:0733H         LINE#         249
  C:0733H         LINE#         251
  C:0739H         LINE#         255
  C:074FH         LINE#         256
  C:0760H         LINE#         257
  C:077BH         LINE#         258
  C:077BH         LINE#         259
  C:078BH         LINE#         260
  C:079CH         LINE#         261
  C:079CH         LINE#         265
  C:07B5H         LINE#         266
  C:07CCH         LINE#         267
  C:07ECH         LINE#         268
  C:07ECH         LINE#         269
  C:07F6H         LINE#         270
  C:07F6H         LINE#         271
  C:07FFH         LINE#         272
  C:07FFH         LINE#         273
  C:0813H         LINE#         274
  C:0813H         LINE#         275
  C:0813H         LINE#         276
  C:0813H         LINE#         277
  C:0813H         LINE#         278
  C:0815H         LINE#         280
  C:0815H         LINE#         281
  C:0821H         LINE#         282
  C:0821H         LINE#         283
  C:0832H         LINE#         284
  C:0832H         LINE#         285
  C:0832H         LINE#         286
  C:0832H         LINE#         287
  C:0832H         LINE#         289
  C:0834H         LINE#         291
  C:0834H         LINE#         292
  C:0845H         LINE#         293
  C:0845H         LINE#         294
  C:0845H         LINE#         295
  C:0845H         LINE#         296
  C:0845H         LINE#         298
  C:0845H         LINE#         300
  C:0845H         LINE#         301
  C:0847H         LINE#         303
  C:0847H         LINE#         304
  C:085AH         LINE#         305
  C:085AH         LINE#         306
  C:086BH         LINE#         307
  C:086BH         LINE#         308
  C:086BH         LINE#         309
  C:086BH         LINE#         310
BL51 BANKED LINKER/LOCATER V6.22                                                      08/14/2018  12:13:20  PAGE 24


  C:086BH         LINE#         311
  C:086DH         LINE#         313
  C:086DH         LINE#         314
  C:087EH         LINE#         315
  C:087EH         LINE#         316
  C:088FH         LINE#         317
  C:08A0H         LINE#         318
  C:08A0H         LINE#         319
  C:08A0H         LINE#         320
  C:08A0H         LINE#         321
  C:08A0H         LINE#         322
  C:08A3H         LINE#         323
  C:08A8H         LINE#         324
  C:08ADH         LINE#         325
  C:08B2H         LINE#         326
  C:08B7H         LINE#         327
  C:08BCH         LINE#         328
  C:08C1H         LINE#         329
  C:08C6H         LINE#         330
  C:08C6H         LINE#         332
  C:08E8H         LINE#         333
  C:08E8H         LINE#         334
  C:08F2H         LINE#         335
  C:08F2H         LINE#         336
  C:08F7H         LINE#         337
  C:0900H         LINE#         338
  C:0917H         LINE#         339
  C:0917H         LINE#         340
  C:0927H         LINE#         342
  C:0927H         LINE#         346
  -------         ENDPROC       KEY_PROCESS
  -------         PROC          KEYPAD_IO_INIT
  C:0003H         LINE#         349
  C:0003H         LINE#         350
  C:0003H         LINE#         351
  C:0006H         LINE#         352
  C:0009H         LINE#         353
  -------         ENDPROC       KEYPAD_IO_INIT
  -------         ENDMOD        KEYPAD

  -------         MODULE        VCNL4035
  C:0000H         SYMBOL        _ICE_DUMMY_
  D:0080H         PUBLIC        P0
  B:00B0H.2       PUBLIC        I2C_SCK
  D:00B2H         PUBLIC        P3M0
  D:0090H         PUBLIC        P1
  D:00B1H         PUBLIC        P3M1
  D:00A0H         PUBLIC        P2
  D:00B0H         PUBLIC        P3
  D:00C0H         PUBLIC        P4
  D:00C8H         PUBLIC        P5
  D:00E8H         PUBLIC        P6
  D:00F8H         PUBLIC        P7
  D:00A8H         PUBLIC        IE
  C:1FD3H         PUBLIC        _DisplayLCD_VCNL4035
  D:00B8H         PUBLIC        IP
  D:00D8H         PUBLIC        CCON
BL51 BANKED LINKER/LOCATER V6.22                                                      08/14/2018  12:13:20  PAGE 25


  C:1F2DH         PUBLIC        I2C_Start
  D:0098H         PUBLIC        SCON
  C:1ED9H         PUBLIC        I2C_Init
  D:0088H         PUBLIC        TCON
  C:1F73H         PUBLIC        uC_NACK
  C:1D6EH         PUBLIC        _Wait_ms_i2c
  C:1DD4H         PUBLIC        _I2C_SendByte
  C:1EF0H         PUBLIC        I2C_Stop
  C:1C45H         PUBLIC        _Write_VCNL4035X
  C:1FE4H         PUBLIC        nop
  C:17DBH         PUBLIC        _Read_VCNL4035
  C:1FCDH         PUBLIC        uC_ACK
  C:1E94H         PUBLIC        I2C_ACK
  C:1E54H         PUBLIC        _Wait_ms_iic
  B:00B0H.1       PUBLIC        I2C_SDA
  D:00D0H         PUBLIC        PSW
  C:1D3BH         PUBLIC        I2C_ReceiveByte
  -------         PROC          _WAIT_MS_IIC
  D:0006H         SYMBOL        ms
  -------         DO            
  D:0004H         SYMBOL        De_Cnt
  -------         ENDDO         
  C:1E54H         LINE#         5
  C:1E54H         LINE#         6
  C:1E54H         LINE#         8
  C:1E5EH         LINE#         9
  C:1E5EH         LINE#         10
  C:1E71H         LINE#         11
  C:1E71H         LINE#         12
  -------         ENDPROC       _WAIT_MS_IIC
  C:1D68H         SYMBOL        L?0048
  C:1D6AH         SYMBOL        L?0049
  -------         PROC          L?0047
  -------         ENDPROC       L?0047
  C:1D68H         SYMBOL        L?0048
  C:1D6AH         SYMBOL        L?0049
  -------         PROC          _WAIT_MS_I2C
  D:0006H         SYMBOL        ms
  -------         DO            
  D:0004H         SYMBOL        De_Cnt
  -------         ENDDO         
  C:1D6EH         LINE#         14
  C:1D6EH         LINE#         15
  C:1D6EH         LINE#         17
  C:1D78H         LINE#         18
  C:1D78H         LINE#         19
  C:1D8BH         LINE#         20
  C:1D8BH         LINE#         21
  -------         ENDPROC       _WAIT_MS_I2C
  -------         PROC          NOP
  C:1FE4H         LINE#         22
  C:1FE4H         LINE#         23
  C:1FE4H         LINE#         25
  -------         ENDPROC       NOP
  -------         PROC          I2C_START
  C:1F2DH         LINE#         26
  C:1F2DH         LINE#         27
BL51 BANKED LINKER/LOCATER V6.22                                                      08/14/2018  12:13:20  PAGE 26


  C:1F2DH         LINE#         29
  C:1F2FH         LINE#         30
  C:1F31H         LINE#         31
  C:1F38H         LINE#         32
  C:1F3AH         LINE#         33
  C:1F3DH         LINE#         34
  C:1F3FH         LINE#         37
  -------         ENDPROC       I2C_START
  -------         PROC          I2C_STOP
  C:1EF0H         LINE#         39
  C:1EF0H         LINE#         40
  C:1EF0H         LINE#         41
  C:1EF2H         LINE#         42
  C:1EF4H         LINE#         43
  C:1EF7H         LINE#         44
  C:1EF9H         LINE#         45
  C:1EFBH         LINE#         46
  C:1F02H         LINE#         47
  C:1F04H         LINE#         50
  -------         ENDPROC       I2C_STOP
  -------         PROC          L?0050
  -------         ENDPROC       L?0050
  -------         PROC          I2C_ACK
  -------         DO            
  X:00FDH         SYMBOL        i
  D:0003H         SYMBOL        dat
  -------         ENDDO         
  C:1E94H         LINE#         52
  C:1E94H         LINE#         53
  C:1E94H         LINE#         55
  C:1E95H         LINE#         60
  C:1E98H         LINE#         61
  C:1E9AH         LINE#         62
  C:1E9DH         LINE#         64
  C:1EA0H         LINE#         65
  C:1EA0H         LINE#         66
  C:1EA4H         LINE#         67
  C:1EA4H         LINE#         70
  C:1EA4H         LINE#         71
  C:1EA7H         LINE#         72
  C:1EA7H         LINE#         73
  C:1EA9H         LINE#         74
  -------         ENDPROC       I2C_ACK
  -------         PROC          UC_ACK
  -------         DO            
  X:00FEH         SYMBOL        i
  -------         ENDDO         
  C:1FCDH         LINE#         75
  C:1FCDH         LINE#         76
  C:1FCDH         LINE#         78
  C:1FCDH         LINE#         85
  C:1FCDH         LINE#         87
  C:1FCDH         LINE#         89
  C:1FCDH         LINE#         90
  C:1FCDH         LINE#         93
  C:1FD0H         LINE#         94
  C:1FD2H         LINE#         95
BL51 BANKED LINKER/LOCATER V6.22                                                      08/14/2018  12:13:20  PAGE 27


  C:1FD2H         LINE#         99
  -------         ENDPROC       UC_ACK
  -------         PROC          UC_NACK
  -------         DO            
  X:00FFH         SYMBOL        i
  -------         ENDDO         
  C:1F73H         LINE#         101
  C:1F73H         LINE#         102
  C:1F73H         LINE#         104
  C:1F73H         LINE#         108
  C:1F75H         LINE#         111
  C:1F75H         LINE#         112
  C:1F77H         LINE#         113
  C:1F77H         LINE#         115
  C:1F77H         LINE#         116
  C:1F77H         LINE#         119
  C:1F7AH         LINE#         120
  C:1F7CH         LINE#         121
  C:1F7FH         LINE#         122
  C:1F81H         LINE#         123
  C:1F81H         LINE#         127
  -------         ENDPROC       UC_NACK
  -------         PROC          I2C_INIT
  C:1ED9H         LINE#         129
  C:1ED9H         LINE#         130
  C:1ED9H         LINE#         133
  C:1EDCH         LINE#         134
  C:1EDFH         LINE#         139
  C:1EE7H         LINE#         141
  -------         ENDPROC       I2C_INIT
  -------         PROC          _I2C_SENDBYTE
  D:0001H         SYMBOL        dat
  -------         DO            
  D:0003H         SYMBOL        i
  -------         ENDDO         
  C:1DD4H         LINE#         145
  C:1DD6H         LINE#         146
  C:1DD6H         LINE#         149
  C:1DD8H         LINE#         150
  C:1DD8H         LINE#         151
  C:1DDAH         LINE#         153
  C:1DDEH         LINE#         154
  C:1DDEH         LINE#         155
  C:1DE0H         LINE#         156
  C:1DE2H         LINE#         158
  C:1DE2H         LINE#         159
  C:1DE4H         LINE#         160
  C:1DE4H         LINE#         161
  C:1DE7H         LINE#         162
  C:1DE9H         LINE#         164
  C:1DEDH         LINE#         165
  C:1DF0H         LINE#         166
  C:1DF5H         LINE#         167
  -------         ENDPROC       _I2C_SENDBYTE
  -------         PROC          L?0051
  -------         ENDPROC       L?0051
  -------         PROC          I2C_RECEIVEBYTE
BL51 BANKED LINKER/LOCATER V6.22                                                      08/14/2018  12:13:20  PAGE 28


  -------         DO            
  D:0003H         SYMBOL        i
  D:0001H         SYMBOL        dat
  -------         ENDDO         
  C:1D3BH         LINE#         171
  C:1D3BH         LINE#         172
  C:1D3BH         LINE#         174
  C:1D3DH         LINE#         178
  C:1D3EH         LINE#         179
  C:1D3EH         LINE#         180
  C:1D42H         LINE#         181
  C:1D44H         LINE#         182
  C:1D47H         LINE#         184
  C:1D4AH         LINE#         185
  C:1D4AH         LINE#         186
  C:1D4EH         LINE#         187
  C:1D4EH         LINE#         188
  C:1D4EH         LINE#         189
  C:1D51H         LINE#         190
  C:1D55H         LINE#         191
  C:1D55H         LINE#         192
  C:1D57H         LINE#         193
  C:1D59H         LINE#         194
  C:1D59H         LINE#         196
  C:1D5EH         LINE#         197
  C:1D60H         LINE#         198
  -------         ENDPROC       I2C_RECEIVEBYTE
  -------         PROC          _WRITE_VCNL4035X
  X:00FAH         SYMBOL        command_code
  X:00FBH         SYMBOL        dat_h
  X:00FCH         SYMBOL        dat_l
  C:1C45H         LINE#         199
  C:1C50H         LINE#         200
  C:1C50H         LINE#         201
  C:1C53H         LINE#         202
  C:1C5AH         LINE#         203
  C:1C5AH         LINE#         204
  C:1C60H         LINE#         205
  C:1C60H         LINE#         206
  C:1C68H         LINE#         207
  C:1C68H         LINE#         208
  C:1C6EH         LINE#         209
  C:1C76H         LINE#         211
  C:1C7CH         LINE#         212
  C:1C84H         LINE#         214
  C:1C8AH         LINE#         215
  C:1C8DH         LINE#         216
  -------         ENDPROC       _WRITE_VCNL4035X
  -------         PROC          _READ_VCNL4035
  X:00EBH         SYMBOL        command_code
  -------         DO            
  X:00EDH         SYMBOL        temp_dat
  X:00EFH         SYMBOL        temp_dat_l
  X:00F1H         SYMBOL        temp_dat_h
  -------         ENDDO         
  C:17DBH         LINE#         218
  C:17E3H         LINE#         219
BL51 BANKED LINKER/LOCATER V6.22                                                      08/14/2018  12:13:20  PAGE 29


  C:17E3H         LINE#         220
  C:17F0H         LINE#         222
  C:17F3H         LINE#         223
  C:17F6H         LINE#         224
  C:17FBH         LINE#         226
  C:1801H         LINE#         227
  C:1801H         LINE#         228
  C:1801H         LINE#         229
  C:1801H         LINE#         230
  C:180CH         LINE#         231
  C:180FH         LINE#         232
  C:1812H         LINE#         233
  C:1812H         LINE#         236
  C:1815H         LINE#         238
  C:181CH         LINE#         239
  C:181CH         LINE#         240
  C:181CH         LINE#         241
  C:1827H         LINE#         242
  C:182AH         LINE#         243
  C:182DH         LINE#         244
  C:1830H         LINE#         245
  C:1833H         LINE#         246
  C:1836H         LINE#         247
  C:1839H         LINE#         248
  C:183CH         LINE#         249
  C:183FH         LINE#         250
  C:183FH         LINE#         251
  C:1845H         LINE#         252
  C:1845H         LINE#         253
  C:184EH         LINE#         255
  C:184EH         LINE#         256
  C:1854H         LINE#         257
  C:1854H         LINE#         259
  C:1856H         LINE#         260
  C:185CH         LINE#         261
  C:185FH         LINE#         262
  C:1866H         LINE#         263
  C:1866H         LINE#         264
  C:1874H         LINE#         265
  -------         ENDPROC       _READ_VCNL4035
  -------         PROC          _DISPLAYLCD_VCNL4035
  X:0100H         SYMBOL        dat
  C:1FD3H         LINE#         267
  C:1FD8H         LINE#         268
  C:1FD8H         LINE#         270
  -------         ENDPROC       _DISPLAYLCD_VCNL4035
  -------         ENDMOD        VCNL4035

  -------         MODULE        BIPOLARMOTOR
  C:0000H         SYMBOL        _ICE_DUMMY_
  D:0080H         PUBLIC        P0
  D:0090H         PUBLIC        P1
  D:00A0H         PUBLIC        P2
  D:00B0H         PUBLIC        P3
  D:00C0H         PUBLIC        P4
  D:00C8H         PUBLIC        P5
  D:00E8H         PUBLIC        P6
BL51 BANKED LINKER/LOCATER V6.22                                                      08/14/2018  12:13:20  PAGE 30


  D:00F8H         PUBLIC        P7
  D:00A8H         PUBLIC        IE
  X:0000H         PUBLIC        receiver_pos
  X:0044H         PUBLIC        Time_stamp_PM
  C:1CCEH         PUBLIC        _Move
  D:00B8H         PUBLIC        IP
  X:0077H         PUBLIC        num_of_time_stamp
  D:00D8H         PUBLIC        CCON
  C:0DD3H         PUBLIC        _trend_line_30_31
  D:0098H         PUBLIC        SCON
  D:0088H         PUBLIC        TCON
  C:1B98H         PUBLIC        _Step_move
  C:0BA4H         PUBLIC        _Update_position
  C:1DC3H         PUBLIC        _BCDtoDec1
  X:0078H         PUBLIC        degree
  D:00D0H         PUBLIC        PSW
  -------         PROC          L?0024
  -------         ENDPROC       L?0024
  -------         PROC          _BCDTODEC1
  D:0007H         SYMBOL        bcd
  -------         DO            
  D:0006H         SYMBOL        hi
  D:0007H         SYMBOL        lo
  -------         ENDDO         
  C:1DC3H         LINE#         12
  C:1DC3H         LINE#         13
  C:1DC3H         LINE#         15
  C:1DC8H         LINE#         16
  C:1DCCH         LINE#         17
  C:1DD3H         LINE#         18
  -------         ENDPROC       _BCDTODEC1
  -------         PROC          _STEP_MOVE
  X:00B4H         SYMBOL        step
  B:0020H.5       SYMBOL        dir
  -------         DO            
  X:00B6H         SYMBOL        i
  -------         ENDDO         
  C:1B98H         LINE#         24
  C:1BA0H         LINE#         25
  C:1BA0H         LINE#         26
  C:1BA5H         LINE#         27
  C:1BA8H         LINE#         28
  C:1BADH         LINE#         30
  C:1BB0H         LINE#         32
  C:1BCCH         LINE#         33
  C:1BCCH         LINE#         34
  C:1BCFH         LINE#         35
  C:1BD6H         LINE#         36
  C:1BD9H         LINE#         37
  C:1BE0H         LINE#         38
  C:1BF0H         LINE#         39
  -------         ENDPROC       _STEP_MOVE
  -------         PROC          _MOVE
  X:00B0H         SYMBOL        distance
  B:0020H.4       SYMBOL        direction
  -------         DO            
  D:0006H         SYMBOL        step
BL51 BANKED LINKER/LOCATER V6.22                                                      08/14/2018  12:13:20  PAGE 31


  -------         ENDDO         
  C:1CCEH         LINE#         41
  C:1CD4H         LINE#         42
  C:1CD4H         LINE#         44
  C:1CFBH         LINE#         45
  -------         ENDPROC       _MOVE
  -------         PROC          _UPDATE_POSITION
  X:0098H         SYMBOL        mnths
  X:0099H         SYMBOL        dys
  X:009AH         SYMBOL        hurs
  X:009BH         SYMBOL        mns
  X:009CH         SYMBOL        sconds
  X:009DH         SYMBOL        currnt_pos
  -------         DO            
  X:00A0H         SYMBOL        date
  X:00A2H         SYMBOL        i
  X:00A4H         SYMBOL        desired_distance
  X:00A8H         SYMBOL        distance
  X:00ACH         SYMBOL        h_float
  D:0004H         SYMBOL        m_float
  -------         ENDDO         
  C:0BA4H         LINE#         51
  C:0BAFH         LINE#         52
  C:0BAFH         LINE#         54
  C:0BB9H         LINE#         59
  C:0BCDH         LINE#         60
  C:0BE0H         LINE#         62
  C:0BFFH         LINE#         63
  C:0BFFH         LINE#         64
  C:0CD4H         LINE#         65
  C:0CD4H         LINE#         67
  C:0CD4H         LINE#         70
  C:0CE0H         LINE#         71
  C:0CE0H         LINE#         72
  C:0CF4H         LINE#         73
  C:0D02H         LINE#         75
  C:0D26H         LINE#         76
  C:0D26H         LINE#         77
  C:0D26H         LINE#         78
  C:0D4BH         LINE#         79
  C:0D67H         LINE#         80
  C:0D81H         LINE#         81
  C:0D81H         LINE#         82
  C:0D91H         LINE#         83
  C:0D93H         LINE#         84
  C:0DABH         LINE#         85
  C:0DABH         LINE#         86
  C:0DC1H         LINE#         87
  C:0DC1H         LINE#         89
  C:0DC1H         LINE#         90
  C:0DC1H         LINE#         92
  C:0DC1H         LINE#         94
  C:0DC1H         LINE#         96
  C:0DD2H         LINE#         97
  -------         ENDPROC       _UPDATE_POSITION
  -------         PROC          _TREND_LINE_30_31
  X:00B0H         SYMBOL        time
BL51 BANKED LINKER/LOCATER V6.22                                                      08/14/2018  12:13:20  PAGE 32


  -------         DO            
  X:00B4H         SYMBOL        offset
  -------         ENDDO         
  C:0DD3H         LINE#         99
  C:0DD9H         LINE#         100
  C:0DD9H         LINE#         102
  C:0F30H         LINE#         103
  C:0FC7H         LINE#         106
  -------         ENDPROC       _TREND_LINE_30_31
  -------         ENDMOD        BIPOLARMOTOR

  -------         MODULE        ?C_STARTUP
  C:19A4H         SEGMENT       ?C_C51STARTUP
  I:0021H         SEGMENT       ?STACK
  C:0000H         PUBLIC        ?C_STARTUP
  D:00E0H         SYMBOL        ACC
  D:00F0H         SYMBOL        B
  D:0083H         SYMBOL        DPH
  D:0082H         SYMBOL        DPL
  N:0000H         SYMBOL        IBPSTACK
  N:0100H         SYMBOL        IBPSTACKTOP
  N:0080H         SYMBOL        IDATALEN
  C:19A7H         SYMBOL        IDATALOOP
  N:0000H         SYMBOL        PBPSTACK
  N:0100H         SYMBOL        PBPSTACKTOP
  N:0000H         SYMBOL        PDATALEN
  N:0000H         SYMBOL        PDATASTART
  N:0000H         SYMBOL        PPAGE
  N:0000H         SYMBOL        PPAGEENABLE
  D:00A0H         SYMBOL        PPAGE_SFR
  D:0081H         SYMBOL        SP
  C:19A4H         SYMBOL        STARTUP1
  N:0000H         SYMBOL        XBPSTACK
  N:0000H         SYMBOL        XBPSTACKTOP
  N:0000H         SYMBOL        XDATALEN
  N:0000H         SYMBOL        XDATASTART
  C:0000H         LINE#         126
  C:19A4H         LINE#         133
  C:19A6H         LINE#         134
  C:19A7H         LINE#         135
  C:19A8H         LINE#         136
  C:19AAH         LINE#         185
  C:19ADH         LINE#         196
  -------         ENDMOD        ?C_STARTUP

  -------         MODULE        ?C?FPADD
  C:002DH         PUBLIC        ?C?FPADD
  C:0029H         PUBLIC        ?C?FPSUB
  -------         ENDMOD        ?C?FPADD

  -------         MODULE        ?C?FPMUL
  C:011EH         PUBLIC        ?C?FPMUL
  -------         ENDMOD        ?C?FPMUL

  -------         MODULE        ?C?FPDIV
  C:0227H         PUBLIC        ?C?FPDIV
  -------         ENDMOD        ?C?FPDIV
BL51 BANKED LINKER/LOCATER V6.22                                                      08/14/2018  12:13:20  PAGE 33



  -------         MODULE        ?C?FPCMP
  C:02C6H         PUBLIC        ?C?FPCMP
  C:02C4H         PUBLIC        ?C?FPCMP3
  -------         ENDMOD        ?C?FPCMP

  -------         MODULE        ?C?FPNEG
  C:033DH         PUBLIC        ?C?FPNEG
  -------         ENDMOD        ?C?FPNEG

  -------         MODULE        ?C?FCAST
  C:0358H         PUBLIC        ?C?FCASTC
  C:0353H         PUBLIC        ?C?FCASTI
  C:034EH         PUBLIC        ?C?FCASTL
  -------         ENDMOD        ?C?FCAST

  -------         MODULE        ?C?CASTF
  C:038CH         PUBLIC        ?C?CASTF
  -------         ENDMOD        ?C?CASTF

  -------         MODULE        POW
  X:00B8H         PUBLIC        ?_pow?BYTE
  C:1311H         PUBLIC        _pow
  -------         ENDMOD        POW

  -------         MODULE        ?C?CHKFLOAT
  C:040DH         PUBLIC        ?C?CHKFLOAT
  -------         ENDMOD        ?C?CHKFLOAT

  -------         MODULE        EXP
  C:18ADH         PUBLIC        _EXP
  -------         ENDMOD        EXP

  -------         MODULE        LOG
  C:14ABH         PUBLIC        _LOG
  C:14A7H         PUBLIC        _LOG10
  -------         ENDMOD        LOG

  -------         MODULE        ?C?CLDPTR
  C:0474H         PUBLIC        ?C?CLDPTR
  -------         ENDMOD        ?C?CLDPTR

  -------         MODULE        ?C?CSTPTR
  C:048DH         PUBLIC        ?C?CSTPTR
  -------         ENDMOD        ?C?CSTPTR

  -------         MODULE        ?C?IMUL
  C:049FH         PUBLIC        ?C?IMUL
  -------         ENDMOD        ?C?IMUL

  -------         MODULE        ?C?UIDIV
  C:04B1H         PUBLIC        ?C?UIDIV
  -------         ENDMOD        ?C?UIDIV

  -------         MODULE        ?C?SIDIV
  C:0506H         PUBLIC        ?C?SIDIV
  -------         ENDMOD        ?C?SIDIV
BL51 BANKED LINKER/LOCATER V6.22                                                      08/14/2018  12:13:20  PAGE 34



  -------         MODULE        ?C?ILDIX
  C:053CH         PUBLIC        ?C?ILDIX
  -------         ENDMOD        ?C?ILDIX

  -------         MODULE        ?C?LNEG
  C:0552H         PUBLIC        ?C?LNEG
  -------         ENDMOD        ?C?LNEG

  -------         MODULE        ?C?LLDPTR
  C:0560H         PUBLIC        ?C?LLDPTR
  -------         ENDMOD        ?C?LLDPTR

  -------         MODULE        ?C?LSTPTR
  C:0580H         PUBLIC        ?C?LSTPTR
  -------         ENDMOD        ?C?LSTPTR

  -------         MODULE        ?C?LLDCODE
  C:059AH         PUBLIC        ?C?LLDCODE
  -------         ENDMOD        ?C?LLDCODE

  -------         MODULE        ?C?LLDXDATA0
  C:05AAH         PUBLIC        ?C?LLDXDATA0
  -------         ENDMOD        ?C?LLDXDATA0

  -------         MODULE        ?C?LLDCODE0
  C:05B6H         PUBLIC        ?C?LLDCODE0
  -------         ENDMOD        ?C?LLDCODE0

  -------         MODULE        ?C?LLDPTR0
  C:05C6H         PUBLIC        ?C?LLDPTR0
  -------         ENDMOD        ?C?LLDPTR0

  -------         MODULE        ?C?LSTXDATA
  C:05E6H         PUBLIC        ?C?LSTXDATA
  -------         ENDMOD        ?C?LSTXDATA

  -------         MODULE        ?C?LSTKXDATA
  C:05F2H         PUBLIC        ?C?LSTKXDATA
  -------         ENDMOD        ?C?LSTKXDATA

  -------         MODULE        ?C?OFFXADD
  C:0623H         PUBLIC        ?C?OFFXADD
  -------         ENDMOD        ?C?OFFXADD

  -------         MODULE        ABS
  C:1F9EH         PUBLIC        _ABS
  -------         ENDMOD        ABS

  -------         MODULE        ATOI
  C:15A0H         PUBLIC        _atoi
  -------         ENDMOD        ATOI

  -------         MODULE        ?C?IILDX
  C:062FH         PUBLIC        ?C?IILDX
  -------         ENDMOD        ?C?IILDX

BL51 BANKED LINKER/LOCATER V6.22                                                      08/14/2018  12:13:20  PAGE 35


  -------         MODULE        ?C?LLDIDATA
  C:0645H         PUBLIC        ?C?LLDIDATA
  -------         ENDMOD        ?C?LLDIDATA

  -------         MODULE        ?C?LLDXDATA
  C:0651H         PUBLIC        ?C?LLDXDATA
  -------         ENDMOD        ?C?LLDXDATA

  -------         MODULE        ?C?LLDPDATA
  C:065DH         PUBLIC        ?C?LLDPDATA
  -------         ENDMOD        ?C?LLDPDATA

  -------         MODULE        ?C?LLDIDATA0
  C:0669H         PUBLIC        ?C?LLDIDATA0
  -------         ENDMOD        ?C?LLDIDATA0

  -------         MODULE        ?C?LLDPDATA0
  C:0676H         PUBLIC        ?C?LLDPDATA0
  -------         ENDMOD        ?C?LLDPDATA0

  -------         MODULE        ?C?LSTIDATA
  C:0683H         PUBLIC        ?C?LSTIDATA
  -------         ENDMOD        ?C?LSTIDATA

  -------         MODULE        ?C?LSTPDATA
  C:068FH         PUBLIC        ?C?LSTPDATA
  -------         ENDMOD        ?C?LSTPDATA

  -------         MODULE        ISDIGIT
  C:1F82H         PUBLIC        _isdigit
  -------         ENDMOD        ISDIGIT

  -------         MODULE        ISSPACE
  C:1F19H         PUBLIC        _isspace
  -------         ENDMOD        ISSPACE

*** WARNING L16: UNCALLED SEGMENT, IGNORED FOR OVERLAY PROCESS
    SEGMENT: ?PR?_DISPLAY_PROX?MAIN

*** WARNING L16: UNCALLED SEGMENT, IGNORED FOR OVERLAY PROCESS
    SEGMENT: ?PR?SPI_INIT?PCF85063BTL

*** WARNING L16: UNCALLED SEGMENT, IGNORED FOR OVERLAY PROCESS
    SEGMENT: ?PR?INITUART1?UART1

*** WARNING L16: UNCALLED SEGMENT, IGNORED FOR OVERLAY PROCESS
    SEGMENT: ?PR?_SENDSTRING?UART1

*** WARNING L16: UNCALLED SEGMENT, IGNORED FOR OVERLAY PROCESS
    SEGMENT: ?PR?_TEN?UART1

*** WARNING L16: UNCALLED SEGMENT, IGNORED FOR OVERLAY PROCESS
    SEGMENT: ?PR?_UNIT?UART1

*** WARNING L16: UNCALLED SEGMENT, IGNORED FOR OVERLAY PROCESS
    SEGMENT: ?PR?_DECTOBCD?UART1

BL51 BANKED LINKER/LOCATER V6.22                                                      08/14/2018  12:13:20  PAGE 36


*** WARNING L16: UNCALLED SEGMENT, IGNORED FOR OVERLAY PROCESS
    SEGMENT: ?PR?_ASCII_LETTER?UART1

*** WARNING L16: UNCALLED SEGMENT, IGNORED FOR OVERLAY PROCESS
    SEGMENT: ?PR?NOP?VCNL4035

*** WARNING L16: UNCALLED SEGMENT, IGNORED FOR OVERLAY PROCESS
    SEGMENT: ?PR?I2C_INIT?VCNL4035

*** WARNING L16: UNCALLED SEGMENT, IGNORED FOR OVERLAY PROCESS
    SEGMENT: ?PR?_READ_VCNL4035?VCNL4035

*** WARNING L16: UNCALLED SEGMENT, IGNORED FOR OVERLAY PROCESS
    SEGMENT: ?PR?_DISPLAYLCD_VCNL4035?VCNL4035

*** WARNING L1: UNRESOLVED EXTERNAL SYMBOL
    SYMBOL:  AUTO_MODE
    MODULE:  .\Obj\main.obj (MAIN)

*** WARNING L2: REFERENCE MADE TO UNRESOLVED EXTERNAL
    SYMBOL:  AUTO_MODE
    MODULE:  .\Obj\main.obj (MAIN)
    ADDRESS: 0944H

*** WARNING L2: REFERENCE MADE TO UNRESOLVED EXTERNAL
    SYMBOL:  AUTO_MODE
    MODULE:  .\Obj\main.obj (MAIN)
    ADDRESS: 0B1AH

*** WARNING L1: UNRESOLVED EXTERNAL SYMBOL
    SYMBOL:  AUTO_MODE
    MODULE:  .\Obj\KeyPad.obj (KEYPAD)

*** WARNING L2: REFERENCE MADE TO UNRESOLVED EXTERNAL
    SYMBOL:  AUTO_MODE
    MODULE:  .\Obj\KeyPad.obj (KEYPAD)
    ADDRESS: 06DEH

*** WARNING L2: REFERENCE MADE TO UNRESOLVED EXTERNAL
    SYMBOL:  AUTO_MODE
    MODULE:  .\Obj\KeyPad.obj (KEYPAD)
    ADDRESS: 06E1H

*** WARNING L2: REFERENCE MADE TO UNRESOLVED EXTERNAL
    SYMBOL:  AUTO_MODE
    MODULE:  .\Obj\KeyPad.obj (KEYPAD)
    ADDRESS: 06E8H

*** WARNING L2: REFERENCE MADE TO UNRESOLVED EXTERNAL
    SYMBOL:  AUTO_MODE
    MODULE:  .\Obj\KeyPad.obj (KEYPAD)
    ADDRESS: 06EBH

Program Size: data=17.7 xdata=257 code=8165
LINK/LOCATE RUN COMPLETE.  20 WARNING(S),  0 ERROR(S)
