BL51 BANKED LINKER/LOCATER V6.22                                                        08/19/2019  13:40:08  PAGE 1


BL51 BANKED LINKER/LOCATER V6.22, INVOKED BY:
C:\KEIL_V5\C51\BIN\BL51.EXE .\Obj\main.obj, .\Obj\PCF85063BTL.obj, .\Obj\LCd_Driver_SPLC780D.obj, .\Obj\KeyPad.obj, .\Ob
>> j\BipolarMotor.obj, .\Obj\SunPos.obj, .\Obj\ADC.obj, .\Obj\Calibration.obj, .\Obj\IOExpander_PI4IOE5V96248.obj, .\Obj
>> \AT25SF041.obj, .\Obj\SI1120.obj, .\Obj\UART1.obj, .\Obj\STARTUP.obj TO .\Obj\GPIO_RTC_Test RTX51TINY PRINT (.\Lis\GP
>> IO_RTC_Test.m51) RAMSIZE (256)


MEMORY MODEL: LARGE WITH FLOATING POINT ARITHMETIC


INPUT MODULES INCLUDED:
  .\Obj\main.obj (MAIN)
  .\Obj\PCF85063BTL.obj (PCF85063BTL)
  .\Obj\LCd_Driver_SPLC780D.obj (LCD_DRIVER_SPLC780D)
  .\Obj\KeyPad.obj (KEYPAD)
  .\Obj\BipolarMotor.obj (BIPOLARMOTOR)
  .\Obj\SunPos.obj (SUNPOS)
  .\Obj\ADC.obj (ADC)
  .\Obj\Calibration.obj (CALIBRATION)
  .\Obj\IOExpander_PI4IOE5V96248.obj (IOEXPANDER_PI4IOE5V96248)
  .\Obj\AT25SF041.obj (AT25SF041)
  .\Obj\SI1120.obj (SI1120)
  .\Obj\UART1.obj (UART1)
  .\Obj\STARTUP.obj (?C_STARTUP)
  C:\KEIL_V5\C51\LIB\C51FPL.LIB (?C?FPADD)
  C:\KEIL_V5\C51\LIB\C51FPL.LIB (?C?FPMUL)
  C:\KEIL_V5\C51\LIB\C51FPL.LIB (?C?FPDIV)
  C:\KEIL_V5\C51\LIB\C51FPL.LIB (?C?FPCMP)
  C:\KEIL_V5\C51\LIB\C51FPL.LIB (?C?FPNEG)
  C:\KEIL_V5\C51\LIB\C51FPL.LIB (?C?FCAST)
  C:\KEIL_V5\C51\LIB\C51FPL.LIB (?C?CASTF)
  C:\KEIL_V5\C51\LIB\C51FPL.LIB (PRINTF)
  C:\KEIL_V5\C51\LIB\C51FPL.LIB (FABS)
  C:\KEIL_V5\C51\LIB\C51FPL.LIB (ATAN2)
  C:\KEIL_V5\C51\LIB\C51FPL.LIB (SIN)
  C:\KEIL_V5\C51\LIB\C51FPL.LIB (ACOS)
  C:\KEIL_V5\C51\LIB\C51FPL.LIB (ASIN)
  C:\KEIL_V5\C51\LIB\C51FPL.LIB (POW)
  C:\KEIL_V5\C51\LIB\C51FPL.LIB (?C?FPGETOPN)
  C:\KEIL_V5\C51\LIB\C51FPL.LIB (?C?CHKFLOAT)
  C:\KEIL_V5\C51\LIB\C51FPL.LIB (?C?FPROUND)
  C:\KEIL_V5\C51\LIB\C51FPL.LIB (?C?FPCONVERT)
  C:\KEIL_V5\C51\LIB\C51FPL.LIB (?C?FPSERIES)
  C:\KEIL_V5\C51\LIB\C51FPL.LIB (EXP)
  C:\KEIL_V5\C51\LIB\C51FPL.LIB (LOG)
  C:\KEIL_V5\C51\LIB\C51FPL.LIB (SQRT)
  C:\KEIL_V5\C51\LIB\C51FPL.LIB (ATAN)
  C:\KEIL_V5\C51\LIB\C51FPL.LIB (?C?FTNPWR)
  C:\KEIL_V5\C51\LIB\C51L.LIB (?C_INIT)
  C:\KEIL_V5\C51\LIB\C51L.LIB (?C?COPY)
  C:\KEIL_V5\C51\LIB\C51L.LIB (?C?CLDPTR)
  C:\KEIL_V5\C51\LIB\C51L.LIB (?C?CLDOPTR)
  C:\KEIL_V5\C51\LIB\C51L.LIB (?C?CSTPTR)
  C:\KEIL_V5\C51\LIB\C51L.LIB (?C?IMUL)
  C:\KEIL_V5\C51\LIB\C51L.LIB (?C?UIDIV)
  C:\KEIL_V5\C51\LIB\C51L.LIB (?C?SIDIV)
  C:\KEIL_V5\C51\LIB\C51L.LIB (?C?ILDIX)
  C:\KEIL_V5\C51\LIB\C51L.LIB (?C?ILDOPTR)
BL51 BANKED LINKER/LOCATER V6.22                                                      08/19/2019  13:40:08  PAGE 2


  C:\KEIL_V5\C51\LIB\C51L.LIB (?C?ISTPTR)
  C:\KEIL_V5\C51\LIB\C51L.LIB (?C?LMUL)
  C:\KEIL_V5\C51\LIB\C51L.LIB (?C?SLDIV)
  C:\KEIL_V5\C51\LIB\C51L.LIB (?C?LNEG)
  C:\KEIL_V5\C51\LIB\C51L.LIB (?C?ULCMP)
  C:\KEIL_V5\C51\LIB\C51L.LIB (?C?LSHL)
  C:\KEIL_V5\C51\LIB\C51L.LIB (?C?LLDPTR)
  C:\KEIL_V5\C51\LIB\C51L.LIB (?C?LLDOPTR)
  C:\KEIL_V5\C51\LIB\C51L.LIB (?C?LSTPTR)
  C:\KEIL_V5\C51\LIB\C51L.LIB (?C?LSTOPTR)
  C:\KEIL_V5\C51\LIB\C51L.LIB (?C?LLDXDATA)
  C:\KEIL_V5\C51\LIB\C51L.LIB (?C?LLDCODE)
  C:\KEIL_V5\C51\LIB\C51L.LIB (?C?LLDXDATA0)
  C:\KEIL_V5\C51\LIB\C51L.LIB (?C?LLDCODE0)
  C:\KEIL_V5\C51\LIB\C51L.LIB (?C?LLDPTR0)
  C:\KEIL_V5\C51\LIB\C51L.LIB (?C?LSTXDATA)
  C:\KEIL_V5\C51\LIB\C51L.LIB (?C?LSTKXDATA)
  C:\KEIL_V5\C51\LIB\C51L.LIB (?C?LSTKPTR)
  C:\KEIL_V5\C51\LIB\C51L.LIB (?C?OFFXADD)
  C:\KEIL_V5\C51\LIB\C51L.LIB (?C?PLDIXDATA)
  C:\KEIL_V5\C51\LIB\C51L.LIB (?C?PSTXDATA)
  C:\KEIL_V5\C51\LIB\C51L.LIB (?C?CCASE)
  C:\KEIL_V5\C51\LIB\C51L.LIB (PUTCHAR)
  C:\KEIL_V5\C51\LIB\C51L.LIB (ABS)
  C:\KEIL_V5\C51\LIB\C51L.LIB (ATOI)
  C:\KEIL_V5\C51\LIB\C51L.LIB (?C?IILDX)
  C:\KEIL_V5\C51\LIB\C51L.LIB (?C?ULDIV)
  C:\KEIL_V5\C51\LIB\C51L.LIB (?C?LLDIDATA)
  C:\KEIL_V5\C51\LIB\C51L.LIB (?C?LLDPDATA)
  C:\KEIL_V5\C51\LIB\C51L.LIB (?C?LLDIDATA0)
  C:\KEIL_V5\C51\LIB\C51L.LIB (?C?LLDPDATA0)
  C:\KEIL_V5\C51\LIB\C51L.LIB (?C?LSTIDATA)
  C:\KEIL_V5\C51\LIB\C51L.LIB (?C?LSTPDATA)
  C:\KEIL_V5\C51\LIB\C51L.LIB (?C?LSTKIDATA)
  C:\KEIL_V5\C51\LIB\C51L.LIB (?C?LSTKPDATA)
  C:\KEIL_V5\C51\LIB\C51L.LIB (ISDIGIT)
  C:\KEIL_V5\C51\LIB\C51L.LIB (ISSPACE)


LINK MAP OF MODULE:  .\Obj\GPIO_RTC_Test (MAIN)


            TYPE    BASE      LENGTH    RELOCATION   SEGMENT NAME
            -----------------------------------------------------

            * * * * * * *   D A T A   M E M O R Y   * * * * * * *
            REG     0000H     0008H     ABSOLUTE     "REG BANK 0"
            DATA    0008H     0005H     UNIT         _DATA_GROUP_
                    000DH     0013H                  *** GAP ***
            BIT     0020H.0   0001H.2   UNIT         _BIT_GROUP_
            BIT     0021H.2   0000H.1   UNIT         ?BI?MAIN
            BIT     0021H.3   0000H.1   UNIT         ?BI?_ATOI?ATOI
                    0021H.4   0000H.4                *** GAP ***
            IDATA   0022H     0001H     UNIT         ?STACK

            * * * * * * *  X D A T A   M E M O R Y  * * * * * * *
            XDATA   0000H     03BCH     UNIT         ?XD?BIPOLARMOTOR
BL51 BANKED LINKER/LOCATER V6.22                                                      08/19/2019  13:40:08  PAGE 3


            XDATA   03BCH     015DH     UNIT         _XDATA_GROUP_
            XDATA   0519H     011DH     UNIT         ?XD?MAIN
            XDATA   0636H     0019H     UNIT         ?XD?KEYPAD
            XDATA   064FH     0005H     UNIT         ?XD?_ATOI?ATOI
            XDATA   0654H     0001H     UNIT         ?XD?UC_ACK?IOEXPANDER_PI4IOE5V96248
            XDATA   0655H     0001H     UNIT         ?XD?UC_NACK?IOEXPANDER_PI4IOE5V96248

            * * * * * * *   C O D E   M E M O R Y   * * * * * * *
            CODE    0000H     0003H     ABSOLUTE     
            CODE    0003H     0003H     ABSOLUTE     
            CODE    0006H     0005H     UNIT         ?PR?_UNIT?UART1
            CODE    000BH     0003H     ABSOLUTE     
            CODE    000EH     000DH     UNIT         ?PR?UART?MAIN
            CODE    001BH     0003H     ABSOLUTE     
            CODE    001EH     0005H     UNIT         ?PR?_ASCII_LETTER?UART1
            CODE    0023H     0003H     ABSOLUTE     
            CODE    0026H     20E3H     UNIT         ?PR?MAIN?MAIN
            CODE    2109H     0BC8H     UNIT         ?C?LIB_CODE
            CODE    2CD1H     07A2H     UNIT         ?PR?SUNPOS?SUNPOS
            CODE    3473H     06F4H     UNIT         ?PR?_FIND_REAL_MAX?CALIBRATION
            CODE    3B67H     0631H     UNIT         ?PR?_UPDATE_POSITION?BIPOLARMOTOR
            CODE    4198H     04FBH     UNIT         ?PR?_THEORICALJP_POSITION?BIPOLARMOTOR
            CODE    4693H     0483H     UNIT         ?PR?PRINTF?PRINTF
            CODE    4B16H     041AH     UNIT         ?C_INITSEG
            CODE    4F30H     038CH     UNIT         ?PR?KEY_PROCESS?KEYPAD
            CODE    52BCH     0380H     UNIT         ?PR?_ELEVATION_CALCULATION?BIPOLARMOTOR
            CODE    563CH     01C7H     UNIT         ?PR?_CALIBRATION?CALIBRATION
            CODE    5803H     018DH     UNIT         ?PR?KEY_SCAN?KEYPAD
            CODE    5990H     0189H     UNIT         ?PR?SPI_NOR_WRITE_DATA?AT25SF041
            CODE    5B19H     0188H     UNIT         ?PR?SIN?SIN
            CODE    5CA1H     0166H     UNIT         ?PR?_POW?POW
            CODE    5E07H     0155H     UNIT         ?PR?_DISPLAY_POS?LCD_DRIVER_SPLC780D
            CODE    5F5CH     0129H     UNIT         ?PR?LOG?LOG
            CODE    6085H     0122H     UNIT         ?PR?ATAN?ATAN
            CODE    61A7H     0110H     UNIT         ?PR?_AT25SF041_READ?AT25SF041
            CODE    62B7H     0102H     UNIT         ?PR?_AT25SF041_WRITE?AT25SF041
            CODE    63B9H     00F5H     UNIT         ?PR?EXINT0?MAIN
            CODE    64AEH     00DBH     UNIT         ?PR?_ATOI?ATOI
            CODE    6589H     00C3H     UNIT         ?PR?LINEAR_INTERPOLATE?BIPOLARMOTOR
            CODE    664CH     00BBH     UNIT         ?PR?VOLTAGE_IS_STABLE?CALIBRATION
            CODE    6707H     00ADH     UNIT         ?PR?_WRITE_PI4IOE5V96248?IOEXPANDER_PI4IOE5V96248
            CODE    67B4H     00ACH     UNIT         ?PR?SQRT?SQRT
            CODE    6860H     00A1H     UNIT         ?PR?UCREAD_STATUS_REGISTER_BYTE1?AT25SF041
            CODE    6901H     009DH     UNIT         ?PR?_ATAN2?ATAN2
            CODE    699EH     009CH     UNIT         ?PR?_MAX_VALUE?CALIBRATION
            CODE    6A3AH     009AH     UNIT         ?PR?EXP?EXP
            CODE    6AD4H     008CH     UNIT         ?C_C51STARTUP
            CODE    6B60H     0088H     UNIT         ?PR?_DAY_OF_YEAR?PCF85063BTL
            CODE    6BE8H     0079H     UNIT         ?PR?_WRITEDATA?LCD_DRIVER_SPLC780D
            CODE    6C61H     0072H     UNIT         ?PR?AT25SF041_WRITEENABLE?AT25SF041
            CODE    6CD3H     006FH     UNIT         ?PR?_READ_TIME?PCF85063BTL
            CODE    6D42H     005AH     UNIT         ?PR?AT25SF041_CHIPERASE?AT25SF041
            CODE    6D9CH     0059H     UNIT         ?PR?LCD_INIT?LCD_DRIVER_SPLC780D
            CODE    6DF5H     0056H     UNIT         ?CO?MAIN
            CODE    6E4BH     004BH     UNIT         ?CO?UART1
            CODE    6E96H     004AH     UNIT         ?PR?VONESTEPMOVE?BIPOLARMOTOR
            CODE    6EE0H     004AH     UNIT         ?PR?ACOS?ACOS
BL51 BANKED LINKER/LOCATER V6.22                                                      08/19/2019  13:40:08  PAGE 4


            CODE    6F2AH     0044H     UNIT         ?C?LDIV
            CODE    6F6EH     0040H     UNIT         ?PR?_COMMAND?LCD_DRIVER_SPLC780D
            CODE    6FAEH     0040H     UNIT         ?PR?_STEP_MOVE?BIPOLARMOTOR
            CODE    6FEEH     003BH     UNIT         ?PR?ASIN?ASIN
            CODE    7029H     0033H     UNIT         ?PR?_SENDSTRING?UART1
            CODE    705CH     0031H     UNIT         ?PR?SI1120_CONFIG_MODE_VIRH?SI1120
            CODE    708DH     002BH     UNIT         ?PR?_WAIT_MS_I2C?IOEXPANDER_PI4IOE5V96248
            CODE    70B8H     002BH     UNIT         ?PR?_WAIT_MS_SPINOR?AT25SF041
            CODE    70E3H     002AH     UNIT         ?PR?_ADC_GETRESULT?ADC
            CODE    710DH     0028H     UNIT         ?PR?_MOVE?BIPOLARMOTOR
            CODE    7135H     0028H     UNIT         ?CO?CALIBRATION
            CODE    715DH     0027H     UNIT         ?PR?_I2C_SENDBYTE?IOEXPANDER_PI4IOE5V96248
            CODE    7184H     0027H     UNIT         ?PR?PUTCHAR?PUTCHAR
            CODE    71ABH     0025H     UNIT         ?PR?_FINDCLOSESTSAMEDAYCALIBTIME?CALIBRATION
            CODE    71D0H     0024H     UNIT         ?PR?_WAIT_MS?LCD_DRIVER_SPLC780D
            CODE    71F4H     0024H     UNIT         ?PR?_UART1_SENDTOTCPSERVER?UART1
            CODE    7218H     0021H     UNIT         ?PR?TM0_ISR?MAIN
            CODE    7239H     0020H     UNIT         ?PR?_SPI_SENDBYTE?PCF85063BTL
            CODE    7259H     0020H     UNIT         ?PR?SPI_RECEIVEBYTE?PCF85063BTL
            CODE    7279H     001EH     UNIT         ?PR?_DELAY_MS?KEYPAD
            CODE    7297H     001DH     UNIT         ?PR?_DISPLAYLCD?LCD_DRIVER_SPLC780D
            CODE    72B4H     001BH     UNIT         ?PR?_BCDTODEC1?BIPOLARMOTOR
            CODE    72CFH     001AH     UNIT         ?PR?ADC_INIT?ADC
            CODE    72E9H     0018H     UNIT         ?PR?_SPI_WRITETIME?PCF85063BTL
            CODE    7301H     0017H     UNIT         ?PR?_ASCIITOBCD?UART1
            CODE    7318H     0016H     UNIT         ?PR?I2C_ACK?IOEXPANDER_PI4IOE5V96248
            CODE    732EH     0015H     UNIT         ?PR?_DISPLAY_LINE?LCD_DRIVER_SPLC780D
            CODE    7343H     0015H     UNIT         ?PR?VSETLOCATION?BIPOLARMOTOR
            CODE    7358H     0015H     UNIT         ?PR?I2C_STOP?IOEXPANDER_PI4IOE5V96248
            CODE    736DH     0014H     UNIT         ?PR?_PCF85063BTL_DELAY?PCF85063BTL
            CODE    7381H     0014H     UNIT         ?PR?_ISSPACE?ISSPACE
            CODE    7395H     0011H     UNIT         ?PR?_SPI_READTIME?PCF85063BTL
            CODE    73A6H     0011H     UNIT         ?PR?_BCDTODEC?PCF85063BTL
            CODE    73B7H     0011H     UNIT         ?PR?INITUART1?UART1
            CODE    73C8H     000FH     UNIT         ?PR?I2C_START?IOEXPANDER_PI4IOE5V96248
            CODE    73D7H     000FH     UNIT         ?PR?UC_NACK?IOEXPANDER_PI4IOE5V96248
            CODE    73E6H     000FH     UNIT         ?PR?_ISDIGIT?ISDIGIT
            CODE    73F5H     000DH     UNIT         ?PR?SPI_INIT?PCF85063BTL
            CODE    7402H     000DH     UNIT         ?PR?ENABLE_EXTINT0?SI1120
            CODE    740FH     000DH     UNIT         ?PR?_FABS?FABS
            CODE    741CH     000CH     UNIT         ?PR?KEYPAD_IO_INIT?KEYPAD
            CODE    7428H     000CH     UNIT         ?PR?_ABS?ABS
            CODE    7434H     000AH     UNIT         ?PR?LCD_RETURN_HOME?LCD_DRIVER_SPLC780D
            CODE    743EH     000AH     UNIT         ?PR?LCD_CLEAR?LCD_DRIVER_SPLC780D
            CODE    7448H     0009H     UNIT         ?PR?TM1_ISR?MAIN
            CODE    7451H     0009H     UNIT         ?PR?_SENDUART1?MAIN
            CODE    745AH     0009H     UNIT         ?PR?UART1_INITTCPCONN?UART1
            CODE    7463H     0006H     UNIT         ?PR?UC_ACK?IOEXPANDER_PI4IOE5V96248
            CODE    7469H     0006H     UNIT         ?PR?_TEN?UART1
            CODE    746FH     0001H     UNIT         ?PR?NOP?IOEXPANDER_PI4IOE5V96248
            CODE    7470H     0001H     UNIT         ?PR?_DECTOBCD?UART1



OVERLAY MAP OF MODULE:   .\Obj\GPIO_RTC_Test (MAIN)


BL51 BANKED LINKER/LOCATER V6.22                                                      08/19/2019  13:40:08  PAGE 5


SEGMENT                                             BIT_GROUP          DATA_GROUP          XDATA_GROUP
  +--> CALLED SEGMENT                            START    LENGTH     START    LENGTH     START    LENGTH
--------------------------------------------------------------------------------------------------------
?PR?EXINT0?MAIN                                  -----    -----      -----    -----      -----    -----
  +--> ?PR?_POW?POW

?PR?_POW?POW                                     -----    -----      -----    -----      03BCH    000AH
  +--> ?PR?LOG?LOG
  +--> ?PR?EXP?EXP

?PR?LOG?LOG                                      0020H.0  0000H.1    -----    -----      03C6H    0004H

*** NEW ROOT ***************************************************

?C_C51STARTUP                                    -----    -----      -----    -----      -----    -----
  +--> ?PR?MAIN?MAIN
  +--> ?C_INITSEG

?PR?MAIN?MAIN                                    -----    -----      -----    -----      03CAH    002EH
  +--> ?PR?LCD_INIT?LCD_DRIVER_SPLC780D
  +--> ?PR?SPI_INIT?PCF85063BTL
  +--> ?PR?KEYPAD_IO_INIT?KEYPAD
  +--> ?PR?ADC_INIT?ADC
  +--> ?PR?SI1120_CONFIG_MODE_VIRH?SI1120
  +--> ?PR?ENABLE_EXTINT0?SI1120
  +--> ?PR?VSETLOCATION?BIPOLARMOTOR
  +--> ?PR?_SPI_WRITETIME?PCF85063BTL
  +--> ?PR?_DELAY_MS?KEYPAD
  +--> ?PR?_DISPLAY_LINE?LCD_DRIVER_SPLC780D
  +--> ?PR?_WRITEDATA?LCD_DRIVER_SPLC780D
  +--> ?PR?INITUART1?UART1
  +--> ?PR?UART1_INITTCPCONN?UART1
  +--> ?CO?MAIN
  +--> ?PR?_UART1_SENDTOTCPSERVER?UART1
  +--> ?PR?KEY_PROCESS?KEYPAD
  +--> ?PR?_COMMAND?LCD_DRIVER_SPLC780D
  +--> ?PR?_DISPLAY_POS?LCD_DRIVER_SPLC780D
  +--> ?PR?_DISPLAYLCD?LCD_DRIVER_SPLC780D
  +--> ?PR?_STEP_MOVE?BIPOLARMOTOR
  +--> ?PR?LCD_RETURN_HOME?LCD_DRIVER_SPLC780D
  +--> ?PR?_READ_TIME?PCF85063BTL
  +--> ?PR?_BCDTODEC1?BIPOLARMOTOR
  +--> ?PR?_SENDSTRING?UART1
  +--> ?PR?_ELEVATION_CALCULATION?BIPOLARMOTOR
  +--> ?PR?PRINTF?PRINTF
  +--> ?PR?_CALIBRATION?CALIBRATION
  +--> ?PR?_UPDATE_POSITION?BIPOLARMOTOR
  +--> ?PR?_AT25SF041_READ?AT25SF041
  +--> ?PR?_WAIT_MS_SPINOR?AT25SF041
  +--> ?PR?AT25SF041_WRITEENABLE?AT25SF041
  +--> ?PR?_AT25SF041_WRITE?AT25SF041
  +--> ?PR?_ABS?ABS
  +--> ?PR?_FABS?FABS
  +--> ?PR?SPI_NOR_WRITE_DATA?AT25SF041
  +--> ?PR?_WAIT_MS?LCD_DRIVER_SPLC780D
  +--> ?PR?LINEAR_INTERPOLATE?BIPOLARMOTOR
  +--> ?PR?_FINDCLOSESTSAMEDAYCALIBTIME?CALI...
BL51 BANKED LINKER/LOCATER V6.22                                                      08/19/2019  13:40:08  PAGE 6


  +--> ?PR?_ADC_GETRESULT?ADC
  +--> ?PR?AT25SF041_CHIPERASE?AT25SF041
  +--> ?PR?LCD_CLEAR?LCD_DRIVER_SPLC780D

?PR?LCD_INIT?LCD_DRIVER_SPLC780D                 -----    -----      -----    -----      -----    -----
  +--> ?PR?_WAIT_MS?LCD_DRIVER_SPLC780D
  +--> ?PR?_COMMAND?LCD_DRIVER_SPLC780D

?PR?_COMMAND?LCD_DRIVER_SPLC780D                 -----    -----      -----    -----      -----    -----
  +--> ?PR?_WAIT_MS?LCD_DRIVER_SPLC780D

?PR?SI1120_CONFIG_MODE_VIRH?SI1120               -----    -----      -----    -----      -----    -----
  +--> ?PR?_WAIT_MS?LCD_DRIVER_SPLC780D

?PR?_SPI_WRITETIME?PCF85063BTL                   -----    -----      -----    -----      -----    -----
  +--> ?PR?_SPI_SENDBYTE?PCF85063BTL

?PR?_SPI_SENDBYTE?PCF85063BTL                    -----    -----      -----    -----      -----    -----
  +--> ?PR?_PCF85063BTL_DELAY?PCF85063BTL

?PR?_DISPLAY_LINE?LCD_DRIVER_SPLC780D            -----    -----      -----    -----      -----    -----
  +--> ?PR?_COMMAND?LCD_DRIVER_SPLC780D

?PR?_WRITEDATA?LCD_DRIVER_SPLC780D               -----    -----      -----    -----      04F4H    0001H
  +--> ?PR?_WAIT_MS?LCD_DRIVER_SPLC780D

?PR?UART1_INITTCPCONN?UART1                      -----    -----      -----    -----      -----    -----
  +--> ?CO?UART1
  +--> ?PR?_SENDSTRING?UART1

?PR?_SENDSTRING?UART1                            -----    -----      -----    -----      04E9H    0003H
  +--> ?PR?_SENDUART1?MAIN

?PR?_UART1_SENDTOTCPSERVER?UART1                 -----    -----      -----    -----      03F8H    0003H
  +--> ?CO?UART1
  +--> ?PR?_SENDSTRING?UART1
  +--> ?PR?_DELAY_MS?KEYPAD

?PR?KEY_PROCESS?KEYPAD                           -----    -----      -----    -----      03F8H    0006H
  +--> ?PR?KEY_SCAN?KEYPAD
  +--> ?PR?_SPI_WRITETIME?PCF85063BTL
  +--> ?PR?LCD_CLEAR?LCD_DRIVER_SPLC780D
  +--> ?PR?_COMMAND?LCD_DRIVER_SPLC780D
  +--> ?PR?_WRITEDATA?LCD_DRIVER_SPLC780D

?PR?KEY_SCAN?KEYPAD                              -----    -----      -----    -----      03FEH    0003H

?PR?LCD_CLEAR?LCD_DRIVER_SPLC780D                -----    -----      -----    -----      -----    -----
  +--> ?PR?_COMMAND?LCD_DRIVER_SPLC780D

?PR?_DISPLAY_POS?LCD_DRIVER_SPLC780D             -----    -----      -----    -----      04E9H    000BH
  +--> ?PR?_ABS?ABS
  +--> ?PR?_WRITEDATA?LCD_DRIVER_SPLC780D

?PR?_DISPLAYLCD?LCD_DRIVER_SPLC780D              -----    -----      -----    -----      03F8H    0001H
  +--> ?PR?_WRITEDATA?LCD_DRIVER_SPLC780D

BL51 BANKED LINKER/LOCATER V6.22                                                      08/19/2019  13:40:08  PAGE 7


?PR?_STEP_MOVE?BIPOLARMOTOR                      0020H.2  0000H.1    -----    -----      04EDH    0004H
  +--> ?PR?VONESTEPMOVE?BIPOLARMOTOR

?PR?VONESTEPMOVE?BIPOLARMOTOR                    0020H.3  0000H.1    -----    -----      -----    -----
  +--> ?PR?_WRITE_PI4IOE5V96248?IOEXPANDER_P...
  +--> ?PR?_DELAY_MS?KEYPAD

?PR?_WRITE_PI4IOE5V96248?IOEXPANDER_P...         -----    -----      -----    -----      04F1H    0003H
  +--> ?PR?I2C_START?IOEXPANDER_PI4IOE5V96248
  +--> ?PR?_WAIT_MS_I2C?IOEXPANDER_PI4IOE5V9...
  +--> ?PR?_I2C_SENDBYTE?IOEXPANDER_PI4IOE5V...
  +--> ?PR?I2C_ACK?IOEXPANDER_PI4IOE5V96248
  +--> ?PR?I2C_STOP?IOEXPANDER_PI4IOE5V96248

?PR?I2C_START?IOEXPANDER_PI4IOE5V96248           -----    -----      -----    -----      -----    -----
  +--> ?PR?_WAIT_MS_I2C?IOEXPANDER_PI4IOE5V9...

?PR?_I2C_SENDBYTE?IOEXPANDER_PI4IOE5V...         -----    -----      -----    -----      -----    -----
  +--> ?PR?_WAIT_MS_I2C?IOEXPANDER_PI4IOE5V9...

?PR?I2C_ACK?IOEXPANDER_PI4IOE5V96248             -----    -----      -----    -----      04F4H    0001H
  +--> ?PR?_WAIT_MS_I2C?IOEXPANDER_PI4IOE5V9...

?PR?I2C_STOP?IOEXPANDER_PI4IOE5V96248            -----    -----      -----    -----      -----    -----
  +--> ?PR?_WAIT_MS_I2C?IOEXPANDER_PI4IOE5V9...

?PR?LCD_RETURN_HOME?LCD_DRIVER_SPLC780D          -----    -----      -----    -----      -----    -----
  +--> ?PR?_COMMAND?LCD_DRIVER_SPLC780D

?PR?_READ_TIME?PCF85063BTL                       -----    -----      -----    -----      04E9H    000FH
  +--> ?PR?_SPI_READTIME?PCF85063BTL

?PR?_SPI_READTIME?PCF85063BTL                    -----    -----      -----    -----      -----    -----
  +--> ?PR?_SPI_SENDBYTE?PCF85063BTL
  +--> ?PR?SPI_RECEIVEBYTE?PCF85063BTL

?PR?SPI_RECEIVEBYTE?PCF85063BTL                  -----    -----      -----    -----      -----    -----
  +--> ?PR?_PCF85063BTL_DELAY?PCF85063BTL

?PR?_ELEVATION_CALCULATION?BIPOLARMOTOR          -----    -----      -----    -----      03F8H    0005H
  +--> ?PR?_BCDTODEC1?BIPOLARMOTOR
  +--> ?PR?SUNPOS?SUNPOS
  +--> ?PR?SIN?SIN
  +--> ?PR?ASIN?ASIN

?PR?SUNPOS?SUNPOS                                -----    -----      -----    -----      0442H    005DH
  +--> ?PR?SIN?SIN
  +--> ?PR?_ATAN2?ATAN2
  +--> ?PR?ASIN?ASIN
  +--> ?PR?ACOS?ACOS

?PR?SIN?SIN                                      0020H.1  0000H.1    -----    -----      049FH    0004H

?PR?_ATAN2?ATAN2                                 -----    -----      -----    -----      049FH    0008H
  +--> ?PR?ATAN?ATAN

?PR?ATAN?ATAN                                    0020H.1  0000H.2    -----    -----      04A7H    0004H
BL51 BANKED LINKER/LOCATER V6.22                                                      08/19/2019  13:40:08  PAGE 8



?PR?ASIN?ASIN                                    -----    -----      -----    -----      -----    -----
  +--> ?PR?SQRT?SQRT
  +--> ?PR?ATAN?ATAN

?PR?SQRT?SQRT                                    -----    -----      -----    -----      049FH    0004H

?PR?ACOS?ACOS                                    -----    -----      -----    -----      -----    -----
  +--> ?PR?SQRT?SQRT
  +--> ?PR?ATAN?ATAN

?PR?PRINTF?PRINTF                                0020H.1  0001H.1    0008H    0005H      04E9H    0030H
  +--> ?PR?PUTCHAR?PUTCHAR

?PR?_CALIBRATION?CALIBRATION                     -----    -----      -----    -----      03F8H    0024H
  +--> ?PR?VOLTAGE_IS_STABLE?CALIBRATION
  +--> ?PR?_UPDATE_POSITION?BIPOLARMOTOR
  +--> ?PR?_FIND_REAL_MAX?CALIBRATION

?PR?VOLTAGE_IS_STABLE?CALIBRATION                -----    -----      -----    -----      041CH    0018H
  +--> ?PR?_ADC_GETRESULT?ADC
  +--> ?PR?_ABS?ABS

?PR?_UPDATE_POSITION?BIPOLARMOTOR                -----    -----      -----    -----      041CH    0026H
  +--> ?PR?_BCDTODEC1?BIPOLARMOTOR
  +--> ?PR?SUNPOS?SUNPOS
  +--> ?PR?SIN?SIN
  +--> ?PR?ASIN?ASIN
  +--> ?PR?_THEORICALJP_POSITION?BIPOLARMOTOR
  +--> ?PR?_FABS?FABS
  +--> ?PR?_MOVE?BIPOLARMOTOR

?PR?_THEORICALJP_POSITION?BIPOLARMOTOR           -----    -----      -----    -----      0442H    005CH
  +--> ?PR?LINEAR_INTERPOLATE?BIPOLARMOTOR

?PR?LINEAR_INTERPOLATE?BIPOLARMOTOR              -----    -----      -----    -----      049EH    0014H

?PR?_MOVE?BIPOLARMOTOR                           0020H.1  0000H.1    -----    -----      04E9H    0004H
  +--> ?PR?_STEP_MOVE?BIPOLARMOTOR

?PR?_FIND_REAL_MAX?CALIBRATION                   -----    -----      -----    -----      041CH    00CDH
  +--> ?PR?_ADC_GETRESULT?ADC
  +--> ?PR?_WAIT_MS?LCD_DRIVER_SPLC780D
  +--> ?CO?CALIBRATION
  +--> ?PR?PRINTF?PRINTF
  +--> ?PR?_SENDSTRING?UART1
  +--> ?PR?_COMMAND?LCD_DRIVER_SPLC780D
  +--> ?PR?_WRITEDATA?LCD_DRIVER_SPLC780D
  +--> ?PR?_DISPLAY_POS?LCD_DRIVER_SPLC780D
  +--> ?PR?_MOVE?BIPOLARMOTOR
  +--> ?PR?_READ_TIME?PCF85063BTL
  +--> ?PR?_BCDTODEC1?BIPOLARMOTOR
  +--> ?PR?_MAX_VALUE?CALIBRATION

?PR?_MAX_VALUE?CALIBRATION                       -----    -----      -----    -----      04E9H    0004H

?PR?_AT25SF041_READ?AT25SF041                    -----    -----      -----    -----      03F8H    0008H
BL51 BANKED LINKER/LOCATER V6.22                                                      08/19/2019  13:40:08  PAGE 9


  +--> ?PR?_WAIT_MS_SPINOR?AT25SF041
  +--> ?PR?UCREAD_STATUS_REGISTER_BYTE1?AT25...

?PR?UCREAD_STATUS_REGISTER_BYTE1?AT25...         -----    -----      -----    -----      040EH    0003H
  +--> ?PR?_WAIT_MS_SPINOR?AT25SF041

?PR?AT25SF041_WRITEENABLE?AT25SF041              -----    -----      -----    -----      0406H    0002H
  +--> ?PR?_WAIT_MS_SPINOR?AT25SF041
  +--> ?PR?UCREAD_STATUS_REGISTER_BYTE1?AT25...

?PR?_AT25SF041_WRITE?AT25SF041                   -----    -----      -----    -----      0406H    0008H
  +--> ?PR?_WAIT_MS_SPINOR?AT25SF041
  +--> ?PR?UCREAD_STATUS_REGISTER_BYTE1?AT25...

?PR?SPI_NOR_WRITE_DATA?AT25SF041                 -----    -----      -----    -----      03F8H    000EH
  +--> ?PR?AT25SF041_WRITEENABLE?AT25SF041
  +--> ?PR?_AT25SF041_WRITE?AT25SF041
  +--> ?PR?_WAIT_MS_SPINOR?AT25SF041

?PR?AT25SF041_CHIPERASE?AT25SF041                -----    -----      -----    -----      03F8H    0002H
  +--> ?PR?_WAIT_MS_SPINOR?AT25SF041
  +--> ?PR?UCREAD_STATUS_REGISTER_BYTE1?AT25...



SYMBOL TABLE OF MODULE:  .\Obj\GPIO_RTC_Test (MAIN)

  VALUE           TYPE          NAME
  ----------------------------------

  -------         MODULE        MAIN
  C:0000H         SYMBOL        _ICE_DUMMY_
  X:0521H         PUBLIC        calib_value
  D:0080H         PUBLIC        P0
  D:0090H         PUBLIC        P1
  D:00A0H         PUBLIC        P2
  D:00B0H         PUBLIC        P3
  D:00C0H         PUBLIC        P4
  D:00C8H         PUBLIC        P5
  X:0575H         SYMBOL        PressedKey
  B:00A8H.7       PUBLIC        EA
  D:00E8H         PUBLIC        P6
  X:0579H         PUBLIC        calib_stamp
  D:00F8H         PUBLIC        P7
  X:057AH         PUBLIC        sTempString
  X:0583H         PUBLIC        calib_bool
  X:05ADH         PUBLIC        pwm_time_min
  D:00A8H         PUBLIC        IE
  X:05B1H         PUBLIC        calib_time
  X:0605H         PUBLIC        pwm_time_max
  B:0090H.7       PUBLIC        Connect_Electronics_Load
  D:00B8H         PUBLIC        IP
  B:0098H.0       PUBLIC        RI
  B:00B0H.2       PUBLIC        INT0
  X:0609H         PUBLIC        months
  B:0098H.1       PUBLIC        TI
  C:000EH         PUBLIC        Uart
BL51 BANKED LINKER/LOCATER V6.22                                                      08/19/2019  13:40:08  PAGE 10


  D:00D8H         PUBLIC        CCON
  C:0026H         PUBLIC        main
  X:060AH         PUBLIC        found_1st_point
  X:060CH         PUBLIC        i_point1
  X:060EH         PUBLIC        i_point2
  X:0610H         PUBLIC        count
  B:0090H.2       PUBLIC        Connect_IV_Load
  D:0099H         PUBLIC        SBUF
  X:0612H         PUBLIC        days
  X:0613H         PUBLIC        hours
  D:0098H         PUBLIC        SCON
  D:0089H         PUBLIC        TMOD
  D:0088H         PUBLIC        TCON
  B:00A0H.3       PUBLIC        P23
  X:0614H         SYMBOL        KeyCount
  X:0616H         PUBLIC        mins
  B:00C8H.5       PUBLIC        P55
  X:0617H         PUBLIC        diff_of_offset
  D:008EH         PUBLIC        AUXR
  C:7218H         PUBLIC        tm0_isr
  B:0090H.5       PUBLIC        SI1120_STX
  C:7448H         PUBLIC        tm1_isr
  B:0021H.2       PUBLIC        busy
  D:00E0H         PUBLIC        ACC
  B:00A8H.1       PUBLIC        ET0
  B:00A8H.3       PUBLIC        ET1
  X:061BH         PUBLIC        SPI_NOR_INTERNAL_FLASH_ADDR
  D:008CH         PUBLIC        TH0
  D:008DH         PUBLIC        TH1
  D:008AH         PUBLIC        TL0
  D:008BH         PUBLIC        TL1
  X:061FH         PUBLIC        ii
  X:0621H         PUBLIC        jj
  B:0088H.4       PUBLIC        TR0
  B:0088H.6       PUBLIC        TR1
  X:0623H         PUBLIC        old_mins
  C:63B9H         PUBLIC        exint0
  X:0624H         SYMBOL        KeyNum
  X:0625H         SYMBOL        KeyNum_Old
  X:0626H         PUBLIC        timer0_count
  X:0628H         PUBLIC        current_position
  X:062CH         PUBLIC        pwm_time
  X:0630H         PUBLIC        i
  X:0632H         PUBLIC        j
  X:0634H         PUBLIC        start_timer0_count
  X:0635H         PUBLIC        seconds
  D:00D0H         PUBLIC        PSW
  C:7451H         PUBLIC        _SendUART1
  -------         PROC          TM0_ISR
  C:7218H         LINE#         106
  C:721EH         LINE#         110
  C:7221H         LINE#         111
  C:7224H         LINE#         112
  C:7232H         LINE#         113
  -------         ENDPROC       TM0_ISR
  -------         PROC          TM1_ISR
  C:7448H         LINE#         114
BL51 BANKED LINKER/LOCATER V6.22                                                      08/19/2019  13:40:08  PAGE 11


  C:7448H         LINE#         116
  C:744AH         LINE#         118
  C:744DH         LINE#         119
  C:7450H         LINE#         120
  -------         ENDPROC       TM1_ISR
  -------         PROC          EXINT0
  C:63B9H         LINE#         121
  C:63D6H         LINE#         125
  C:63D9H         LINE#         126
  C:63D9H         LINE#         127
  C:63DCH         LINE#         128
  C:63DFH         LINE#         129
  C:63E1H         LINE#         130
  C:63E3H         LINE#         134
  C:63E6H         LINE#         137
  C:63E6H         LINE#         138
  C:63E8H         LINE#         140
  C:63F4H         LINE#         141
  C:644EH         LINE#         142
  C:648CH         LINE#         143
  C:6493H         LINE#         148
  C:6493H         LINE#         150
  -------         ENDPROC       EXINT0
  -------         PROC          MAIN
  -------         DO            
  X:0519H         SYMBOL        KeyCount
  X:051BH         SYMBOL        KeyNum_Old
  X:051CH         SYMBOL        KeyNum
  X:051DH         SYMBOL        PressedKey
  X:03CAH         SYMBOL        prox_flag
  X:03CBH         SYMBOL        iUse_prevday_calib_value
  X:03CDH         SYMBOL        max_ADC_Val_JP
  X:03CFH         SYMBOL        max_ADC_Val
  X:03D1H         SYMBOL        calib_point1
  X:03D9H         SYMBOL        calib_point2
  X:03E1H         SYMBOL        dat_to_store
  X:03ECH         SYMBOL        calib_day
  X:03EEH         SYMBOL        calib_count
  X:03F0H         SYMBOL        theorical_JP_max_pos
  X:03F4H         SYMBOL        elevation
  -------         ENDDO         
  C:0026H         LINE#         152
  C:0026H         LINE#         153
  C:0026H         LINE#         158
  C:002CH         LINE#         159
  C:0031H         LINE#         161
  C:0039H         LINE#         165
  C:003FH         LINE#         166
  C:0049H         LINE#         177
  C:0051H         LINE#         178
  C:0058H         LINE#         179
  C:005EH         LINE#         181
  C:0064H         LINE#         193
  C:0067H         LINE#         194
  C:006AH         LINE#         195
  C:006DH         LINE#         197
  C:0070H         LINE#         200
BL51 BANKED LINKER/LOCATER V6.22                                                      08/19/2019  13:40:08  PAGE 12


  C:0073H         LINE#         201
  C:0076H         LINE#         203
  C:0079H         LINE#         205
  C:007CH         LINE#         206
  C:007FH         LINE#         207
  C:0082H         LINE#         208
  C:0084H         LINE#         209
  C:0086H         LINE#         210
  C:0089H         LINE#         211
  C:008BH         LINE#         212
  C:008DH         LINE#         214
  C:008FH         LINE#         215
  C:0096H         LINE#         216
  C:009DH         LINE#         217
  C:00A4H         LINE#         218
  C:00ABH         LINE#         222
  C:00B2H         LINE#         223
  C:00B7H         LINE#         224
  C:00BCH         LINE#         225
  C:00C1H         LINE#         226
  C:00C6H         LINE#         227
  C:00CBH         LINE#         230
  C:00D2H         LINE#         231
  C:00D2H         LINE#         232
  C:00F5H         LINE#         233
  C:013FH         LINE#         234
  C:0154H         LINE#         235
  C:0171H         LINE#         236
  C:0174H         LINE#         239
  C:017BH         LINE#         242
  C:017EH         LINE#         244
  C:0185H         LINE#         245
  C:018EH         LINE#         248
  C:018EH         LINE#         249
  C:018EH         LINE#         250
  C:0191H         LINE#         260
  C:0191H         LINE#         264
  C:0196H         LINE#         265
  C:019BH         LINE#         267
  C:01A0H         LINE#         269
  C:01A5H         LINE#         270
  C:01AAH         LINE#         273
  C:01BBH         LINE#         275
  C:01C0H         LINE#         276
  C:01C5H         LINE#         278
  C:01CCH         LINE#         279
  C:01D4H         LINE#         280
  C:01D9H         LINE#         281
  C:01E1H         LINE#         282
  C:01E6H         LINE#         283
  C:01F0H         LINE#         284
  C:01F5H         LINE#         285
  C:01FDH         LINE#         287
  C:0205H         LINE#         288
  C:020AH         LINE#         289
  C:0214H         LINE#         290
  C:0214H         LINE#         291
BL51 BANKED LINKER/LOCATER V6.22                                                      08/19/2019  13:40:08  PAGE 13


  C:0216H         LINE#         292
  C:0218H         LINE#         293
  C:0222H         LINE#         294
  C:0222H         LINE#         295
  C:0227H         LINE#         296
  C:0227H         LINE#         308
  C:023BH         LINE#         309
  C:023BH         LINE#         310
  C:0250H         LINE#         311
  C:025FH         LINE#         312
  C:025FH         LINE#         313
  C:0272H         LINE#         314
  C:0274H         LINE#         316
  C:0274H         LINE#         317
  C:0290H         LINE#         318
  C:0290H         LINE#         319
  C:0295H         LINE#         320
  C:0295H         LINE#         321
  C:02A9H         LINE#         322
  C:02A9H         LINE#         325
  C:02BEH         LINE#         326
  C:02CDH         LINE#         327
  C:02CDH         LINE#         328
  C:02E0H         LINE#         329
  C:02E2H         LINE#         331
  C:02E2H         LINE#         332
  C:02FEH         LINE#         333
  C:02FEH         LINE#         334
  C:0303H         LINE#         335
  C:0309H         LINE#         336
  C:0309H         LINE#         338
  C:032BH         LINE#         339
  C:032BH         LINE#         340
  C:0335H         LINE#         341
  C:033BH         LINE#         342
  C:0342H         LINE#         343
  C:0348H         LINE#         344
  C:034FH         LINE#         345
  C:034FH         LINE#         346
  C:0352H         LINE#         348
  C:0352H         LINE#         353
  C:035AH         LINE#         354
  C:0395H         LINE#         355
  C:03B3H         LINE#         356
  C:03B3H         LINE#         358
  C:03BCH         LINE#         359
  C:03C3H         LINE#         360
  C:03CCH         LINE#         361
  C:03D3H         LINE#         363
  C:03D3H         LINE#         367
  C:03E0H         LINE#         368
  C:03E0H         LINE#         371
  C:03E7H         LINE#         372
  C:03F8H         LINE#         375
  C:03F8H         LINE#         376
  C:0420H         LINE#         377
  C:0420H         LINE#         378
BL51 BANKED LINKER/LOCATER V6.22                                                      08/19/2019  13:40:08  PAGE 14


  C:0442H         LINE#         379
  C:0442H         LINE#         381
  C:0468H         LINE#         382
  C:04BEH         LINE#         383
  C:04C7H         LINE#         384
  C:04CEH         LINE#         385
  C:04D7H         LINE#         386
  C:04E0H         LINE#         387
  C:04E7H         LINE#         393
  C:04E7H         LINE#         399
  C:04E7H         LINE#         401
  C:0563H         LINE#         402
  C:057CH         LINE#         403
  C:057EH         LINE#         404
  C:0580H         LINE#         406
  C:060AH         LINE#         411
  C:0638H         LINE#         412
  C:0638H         LINE#         414
  C:066EH         LINE#         415
  C:0691H         LINE#         416
  C:06A6H         LINE#         417
  C:06B0H         LINE#         419
  C:06B3H         LINE#         421
  C:06B3H         LINE#         422
  C:06D9H         LINE#         423
  C:06D9H         LINE#         424
  C:06FEH         LINE#         425
  C:0764H         LINE#         426
  C:078AH         LINE#         427
  C:0832H         LINE#         430
  C:0832H         LINE#         432
  C:0839H         LINE#         433
  C:083CH         LINE#         436
  C:0871H         LINE#         437
  C:0878H         LINE#         438
  C:087BH         LINE#         440
  C:08B5H         LINE#         441
  C:08E1H         LINE#         443
  C:0910H         LINE#         445
  C:0917H         LINE#         446
  C:091EH         LINE#         447
  C:0921H         LINE#         450
  C:0989H         LINE#         452
  C:0990H         LINE#         454
  C:0997H         LINE#         455
  C:099AH         LINE#         458
  C:0A59H         LINE#         460
  C:0A60H         LINE#         461
  C:0A60H         LINE#         463
  C:0A62H         LINE#         465
  C:0A62H         LINE#         467
  C:0A62H         LINE#         468
  C:0A62H         LINE#         469
  C:0A62H         LINE#         486
  C:0A6AH         LINE#         487
  C:0A72H         LINE#         488
  C:0A7AH         LINE#         489
BL51 BANKED LINKER/LOCATER V6.22                                                      08/19/2019  13:40:08  PAGE 15


  C:0A82H         LINE#         491
  C:0A96H         LINE#         492
  C:0AACH         LINE#         493
  C:0ADCH         LINE#         494
  C:0AFCH         LINE#         496
  C:0B10H         LINE#         497
  C:0B26H         LINE#         498
  C:0B56H         LINE#         499
  C:0B5DH         LINE#         501
  C:0B81H         LINE#         504
  C:0BACH         LINE#         506
  C:0BB5H         LINE#         507
  C:0BBCH         LINE#         508
  C:0BC5H         LINE#         509
  C:0BCEH         LINE#         510
  C:0BD5H         LINE#         512
  C:0C12H         LINE#         514
  C:0C1BH         LINE#         515
  C:0C22H         LINE#         516
  C:0C2BH         LINE#         517
  C:0C34H         LINE#         518
  C:0C3BH         LINE#         520
  C:0C66H         LINE#         522
  C:0C6FH         LINE#         523
  C:0C76H         LINE#         524
  C:0C7FH         LINE#         525
  C:0C88H         LINE#         526
  C:0C8FH         LINE#         528
  C:0CBAH         LINE#         530
  C:0CC3H         LINE#         531
  C:0CCAH         LINE#         532
  C:0CD3H         LINE#         533
  C:0CDAH         LINE#         534
  C:0CE3H         LINE#         535
  C:0CEAH         LINE#         537
  C:0CECH         LINE#         539
  C:0CFAH         LINE#         540
  C:0CFAH         LINE#         541
  C:0D02H         LINE#         544
  C:0D02H         LINE#         545
  C:0D02H         LINE#         547
  C:0D27H         LINE#         548
  C:0D27H         LINE#         549
  C:0D49H         LINE#         550
  C:0D49H         LINE#         551
  C:0DC5H         LINE#         552
  C:0DC7H         LINE#         553
  C:0DC9H         LINE#         555
  C:0E21H         LINE#         558
  C:0E30H         LINE#         559
  C:0E30H         LINE#         560
  C:0E30H         LINE#         561
  C:0E30H         LINE#         562
  C:0E30H         LINE#         563
  C:0E30H         LINE#         564
  C:0E30H         LINE#         565
  C:0E30H         LINE#         568
BL51 BANKED LINKER/LOCATER V6.22                                                      08/19/2019  13:40:08  PAGE 16


  C:0E30H         LINE#         570
  C:0E30H         LINE#         571
  C:0E30H         LINE#         572
  C:0E30H         LINE#         573
  C:0E30H         LINE#         577
  C:0E30H         LINE#         579
  C:0E30H         LINE#         581
  C:0E30H         LINE#         582
  C:0E30H         LINE#         583
  C:0E30H         LINE#         584
  C:0E30H         LINE#         585
  C:0E30H         LINE#         586
  C:0E30H         LINE#         589
  C:0E30H         LINE#         591
  C:0E30H         LINE#         592
  C:0E30H         LINE#         593
  C:0E30H         LINE#         594
  C:0E30H         LINE#         595
  C:0E30H         LINE#         596
  C:0E30H         LINE#         597
  C:0E30H         LINE#         599
  C:0E33H         LINE#         602
  C:0E5AH         LINE#         603
  C:0E5AH         LINE#         606
  C:0E7CH         LINE#         607
  C:0E7CH         LINE#         608
  C:0EF8H         LINE#         610
  C:0F25H         LINE#         613
  C:0F46H         LINE#         614
  C:0FC1H         LINE#         615
  C:0FE7H         LINE#         616
  C:1065H         LINE#         617
  C:1067H         LINE#         618
  C:1069H         LINE#         620
  C:10A2H         LINE#         621
  C:10A2H         LINE#         623
  C:10CDH         LINE#         624
  C:1145H         LINE#         625
  C:1171H         LINE#         626
  C:1200H         LINE#         629
  C:1268H         LINE#         630
  C:126AH         LINE#         632
  C:126AH         LINE#         633
  C:12CDH         LINE#         634
  C:12CDH         LINE#         637
  C:12DCH         LINE#         638
  C:12DCH         LINE#         639
  C:135AH         LINE#         640
  C:1363H         LINE#         641
  C:136AH         LINE#         642
  C:1373H         LINE#         643
  C:137CH         LINE#         644
  C:1383H         LINE#         647
  C:13AEH         LINE#         649
  C:13B7H         LINE#         650
  C:13BEH         LINE#         651
  C:13C7H         LINE#         652
BL51 BANKED LINKER/LOCATER V6.22                                                      08/19/2019  13:40:08  PAGE 17


  C:13D0H         LINE#         656
  C:13D7H         LINE#         658
  C:1402H         LINE#         660
  C:140BH         LINE#         661
  C:1412H         LINE#         662
  C:141BH         LINE#         663
  C:1422H         LINE#         665
  C:142BH         LINE#         666
  C:1432H         LINE#         669
  C:1470H         LINE#         671
  C:1479H         LINE#         672
  C:1480H         LINE#         673
  C:1489H         LINE#         674
  C:1492H         LINE#         675
  C:1499H         LINE#         676
  C:1499H         LINE#         678
  C:1499H         LINE#         680
  C:1499H         LINE#         681
  C:1499H         LINE#         683
  C:1499H         LINE#         687
  C:14B5H         LINE#         688
  C:14B5H         LINE#         689
  C:14B7H         LINE#         692
  C:14BAH         LINE#         694
  C:14EAH         LINE#         695
  C:14EAH         LINE#         696
  C:14ECH         LINE#         698
  C:14FBH         LINE#         699
  C:14FBH         LINE#         701
  C:14FEH         LINE#         703
  C:1501H         LINE#         704
  C:1508H         LINE#         706
  C:1524H         LINE#         707
  C:1524H         LINE#         708
  C:1541H         LINE#         709
  C:1541H         LINE#         710
  C:1547H         LINE#         711
  C:154AH         LINE#         714
  C:157FH         LINE#         715
  C:1586H         LINE#         716
  C:1589H         LINE#         718
  C:15C3H         LINE#         719
  C:15D9H         LINE#         721
  C:15F2H         LINE#         723
  C:15F9H         LINE#         724
  C:1600H         LINE#         725
  C:1603H         LINE#         728
  C:1658H         LINE#         730
  C:165FH         LINE#         732
  C:1666H         LINE#         733
  C:1669H         LINE#         736
  C:1715H         LINE#         738
  C:171CH         LINE#         739
  C:171CH         LINE#         740
  C:172DH         LINE#         742
  C:172DH         LINE#         746
  C:1734H         LINE#         747
BL51 BANKED LINKER/LOCATER V6.22                                                      08/19/2019  13:40:08  PAGE 18


  C:1734H         LINE#         750
  C:1743H         LINE#         751
  C:1743H         LINE#         752
  C:1775H         LINE#         753
  C:1775H         LINE#         754
  C:17F4H         LINE#         756
  C:17FBH         LINE#         757
  C:17FEH         LINE#         759
  C:1838H         LINE#         760
  C:184EH         LINE#         762
  C:1867H         LINE#         764
  C:186EH         LINE#         765
  C:1875H         LINE#         766
  C:1878H         LINE#         768
  C:18CDH         LINE#         769
  C:18D4H         LINE#         771
  C:18DBH         LINE#         772
  C:18DEH         LINE#         774
  C:198AH         LINE#         775
  C:1991H         LINE#         777
  C:1998H         LINE#         778
  C:199BH         LINE#         780
  C:19BFH         LINE#         781
  C:19C6H         LINE#         782
  C:19D7H         LINE#         785
  C:19EBH         LINE#         786
  C:19FFH         LINE#         787
  C:1A0EH         LINE#         788
  C:1A0EH         LINE#         790
  C:1A41H         LINE#         791
  C:1A41H         LINE#         792
  C:1A67H         LINE#         794
  C:1A86H         LINE#         796
  C:1A98H         LINE#         799
  C:1AC2H         LINE#         802
  C:1AD1H         LINE#         803
  C:1AD4H         LINE#         806
  C:1B05H         LINE#         807
  C:1B05H         LINE#         809
  C:1B2BH         LINE#         811
  C:1B4AH         LINE#         812
  C:1B5CH         LINE#         815
  C:1B86H         LINE#         818
  C:1B96H         LINE#         819
  C:1B9CH         LINE#         820
  C:1BB0H         LINE#         821
  C:1BC4H         LINE#         822
  C:1BCCH         LINE#         823
  C:1BD9H         LINE#         824
  C:1BD9H         LINE#         825
  C:1BFDH         LINE#         826
  C:1BFDH         LINE#         827
  C:1C47H         LINE#         828
  C:1C4EH         LINE#         829
  C:1C51H         LINE#         832
  C:1C75H         LINE#         834
  C:1C7CH         LINE#         835
BL51 BANKED LINKER/LOCATER V6.22                                                      08/19/2019  13:40:08  PAGE 19


  C:1C7FH         LINE#         837
  C:1CB2H         LINE#         838
  C:1CD1H         LINE#         840
  C:1CF3H         LINE#         842
  C:1CFAH         LINE#         844
  C:1D01H         LINE#         845
  C:1D04H         LINE#         847
  C:1D59H         LINE#         848
  C:1D60H         LINE#         850
  C:1D67H         LINE#         851
  C:1D6AH         LINE#         853
  C:1E16H         LINE#         854
  C:1E1DH         LINE#         855
  C:1E2EH         LINE#         856
  C:1E2EH         LINE#         857
  C:1E2EH         LINE#         861
  C:1E50H         LINE#         862
  C:1E5DH         LINE#         863
  C:1E5DH         LINE#         864
  C:1E80H         LINE#         865
  C:1E80H         LINE#         866
  C:1ED0H         LINE#         867
  C:1ED0H         LINE#         868
  C:1ED7H         LINE#         869
  C:1EDAH         LINE#         871
  C:1F14H         LINE#         872
  C:1F2AH         LINE#         874
  C:1F43H         LINE#         876
  C:1F4AH         LINE#         877
  C:1F51H         LINE#         878
  C:1F54H         LINE#         880
  C:1FA9H         LINE#         881
  C:1FB0H         LINE#         883
  C:1FB7H         LINE#         884
  C:1FBAH         LINE#         886
  C:2066H         LINE#         887
  C:206DH         LINE#         889
  C:2074H         LINE#         890
  C:2077H         LINE#         892
  C:209BH         LINE#         893
  C:20A2H         LINE#         894
  C:20A2H         LINE#         895
  C:20B3H         LINE#         896
  C:20B3H         LINE#         897
  C:20B3H         LINE#         899
  C:20C2H         LINE#         900
  C:20C2H         LINE#         901
  C:20C5H         LINE#         902
  C:20CCH         LINE#         903
  C:20D1H         LINE#         904
  C:20D6H         LINE#         905
  C:20DBH         LINE#         906
  C:20E0H         LINE#         907
  C:20E5H         LINE#         917
  C:20E8H         LINE#         919
  C:20EBH         LINE#         920
  C:20F2H         LINE#         921
BL51 BANKED LINKER/LOCATER V6.22                                                      08/19/2019  13:40:08  PAGE 20


  C:20FCH         LINE#         922
  C:2103H         LINE#         924
  C:2106H         LINE#         933
  C:2106H         LINE#         934
  -------         ENDPROC       MAIN
  -------         PROC          UART
  C:000EH         LINE#         948
  C:000EH         LINE#         950
  C:0011H         LINE#         951
  C:0011H         LINE#         952
  C:0013H         LINE#         954
  C:0013H         LINE#         955
  C:0016H         LINE#         956
  C:0016H         LINE#         957
  C:0018H         LINE#         958
  C:001AH         LINE#         959
  C:001AH         LINE#         960
  -------         ENDPROC       UART
  -------         PROC          _SENDUART1
  D:0007H         SYMBOL        dat
  C:7451H         LINE#         962
  C:7451H         LINE#         963
  C:7451H         LINE#         964
  C:7454H         LINE#         965
  C:7456H         LINE#         966
  C:7457H         LINE#         967
  C:7459H         LINE#         968
  -------         ENDPROC       _SENDUART1
  -------         ENDMOD        MAIN

  -------         MODULE        PCF85063BTL
  C:0000H         SYMBOL        _ICE_DUMMY_
  D:0096H         PUBLIC        P2M0
  D:0080H         PUBLIC        P0
  D:0095H         PUBLIC        P2M1
  D:0090H         PUBLIC        P1
  D:00A0H         PUBLIC        P2
  D:00B0H         PUBLIC        P3
  D:00C0H         PUBLIC        P4
  D:00C8H         PUBLIC        P5
  D:00E8H         PUBLIC        P6
  B:00A0H.1       PUBLIC        PCF85063BTL_SDI
  D:00F8H         PUBLIC        P7
  B:00A0H.2       PUBLIC        PCF85063BTL_SCK
  B:00A0H.1       PUBLIC        PCF85063BTL_SDO
  D:00A8H         PUBLIC        IE
  C:6CD3H         PUBLIC        _Read_time
  C:7373H         PUBLIC        _PCF85063BTL_Delay
  D:00B8H         PUBLIC        IP
  D:00D8H         PUBLIC        CCON
  C:6B60H         PUBLIC        _Day_Of_Year
  C:7259H         PUBLIC        SPI_ReceiveByte
  D:0098H         PUBLIC        SCON
  D:0088H         PUBLIC        TCON
  C:73A6H         PUBLIC        _BCDtoDec
  B:00A0H.0       PUBLIC        PCF85063BTL_CS
  C:7395H         PUBLIC        _SPI_ReadTime
BL51 BANKED LINKER/LOCATER V6.22                                                      08/19/2019  13:40:08  PAGE 21


  C:73F5H         PUBLIC        SPI_Init
  C:72E9H         PUBLIC        _SPI_WriteTime
  C:7239H         PUBLIC        _SPI_SendByte
  D:00D0H         PUBLIC        PSW
  C:736FH         SYMBOL        L?0048
  -------         PROC          L?0047
  -------         ENDPROC       L?0047
  C:736FH         SYMBOL        L?0048
  -------         PROC          _PCF85063BTL_DELAY
  D:0006H         SYMBOL        us
  C:7373H         LINE#         8
  C:7373H         LINE#         9
  C:7373H         LINE#         10
  C:737DH         LINE#         11
  C:737DH         LINE#         12
  C:737EH         LINE#         13
  C:7380H         LINE#         14
  -------         ENDPROC       _PCF85063BTL_DELAY
  -------         PROC          _SPI_SENDBYTE
  D:0005H         SYMBOL        dat
  -------         DO            
  D:0003H         SYMBOL        i
  -------         ENDDO         
  C:7239H         LINE#         17
  C:723BH         LINE#         18
  C:723BH         LINE#         20
  C:723DH         LINE#         21
  C:723DH         LINE#         22
  C:723FH         LINE#         23
  C:7243H         LINE#         24
  C:7243H         LINE#         25
  C:7245H         LINE#         26
  C:7247H         LINE#         28
  C:7247H         LINE#         29
  C:7249H         LINE#         30
  C:7249H         LINE#         31
  C:724CH         LINE#         32
  C:724CH         LINE#         33
  C:724FH         LINE#         34
  C:7253H         LINE#         35
  C:7258H         LINE#         36
  -------         ENDPROC       _SPI_SENDBYTE
  -------         PROC          SPI_RECEIVEBYTE
  -------         DO            
  D:0003H         SYMBOL        i
  D:0005H         SYMBOL        dat
  -------         ENDDO         
  C:7259H         LINE#         39
  C:7259H         LINE#         40
  C:7259H         LINE#         42
  C:725BH         LINE#         44
  C:725DH         LINE#         45
  C:725EH         LINE#         46
  C:725EH         LINE#         47
  C:7262H         LINE#         48
  C:7264H         LINE#         49
  C:7267H         LINE#         51
BL51 BANKED LINKER/LOCATER V6.22                                                      08/19/2019  13:40:08  PAGE 22


  C:726AH         LINE#         52
  C:726AH         LINE#         53
  C:726EH         LINE#         54
  C:726EH         LINE#         55
  C:726EH         LINE#         56
  C:7271H         LINE#         57
  C:7276H         LINE#         58
  C:7278H         LINE#         59
  -------         ENDPROC       SPI_RECEIVEBYTE
  -------         PROC          _SPI_READTIME
  D:0007H         SYMBOL        addr
  -------         DO            
  D:0006H         SYMBOL        dat
  -------         ENDDO         
  C:7395H         LINE#         61
  C:7395H         LINE#         62
  C:7395H         LINE#         64
  C:7397H         LINE#         65
  C:7399H         LINE#         66
  C:73A0H         LINE#         67
  C:73A3H         LINE#         68
  C:73A5H         LINE#         69
  C:73A5H         LINE#         70
  -------         ENDPROC       _SPI_READTIME
  -------         PROC          _SPI_WRITETIME
  D:0002H         SYMBOL        val
  D:0005H         SYMBOL        addr
  C:72E9H         LINE#         71
  C:72EBH         LINE#         72
  C:72EBH         LINE#         74
  C:72EDH         LINE#         75
  C:72F4H         LINE#         76
  C:72F9H         LINE#         77
  C:72FEH         LINE#         78
  C:7300H         LINE#         79
  -------         ENDPROC       _SPI_WRITETIME
  -------         PROC          SPI_INIT
  C:73F5H         LINE#         83
  C:73F5H         LINE#         84
  C:73F5H         LINE#         89
  C:73F8H         LINE#         90
  C:73FBH         LINE#         91
  C:73FDH         LINE#         92
  C:73FFH         LINE#         93
  C:7401H         LINE#         94
  -------         ENDPROC       SPI_INIT
  -------         PROC          _READ_TIME
  X:04E9H         SYMBOL        months
  X:04ECH         SYMBOL        days
  X:04EFH         SYMBOL        hours
  X:04F2H         SYMBOL        mins
  X:04F5H         SYMBOL        seconds
  C:6CD3H         LINE#         96
  C:6CDEH         LINE#         97
  C:6CDEH         LINE#         99
  C:6CF2H         LINE#         101
  C:6D06H         LINE#         103
BL51 BANKED LINKER/LOCATER V6.22                                                      08/19/2019  13:40:08  PAGE 23


  C:6D1AH         LINE#         108
  C:6D2EH         LINE#         113
  -------         ENDPROC       _READ_TIME
  -------         PROC          _BCDTODEC
  D:0007H         SYMBOL        bcd
  -------         DO            
  D:0006H         SYMBOL        hi
  D:0007H         SYMBOL        lo
  -------         ENDDO         
  C:73A6H         LINE#         119
  C:73A6H         LINE#         120
  C:73A6H         LINE#         122
  C:73ABH         LINE#         123
  C:73AFH         LINE#         124
  C:73B6H         LINE#         125
  -------         ENDPROC       _BCDTODEC
  -------         PROC          _DAY_OF_YEAR
  D:0007H         SYMBOL        months_bcd
  D:0005H         SYMBOL        days_bcd
  -------         DO            
  D:0004H         SYMBOL        months
  D:0007H         SYMBOL        days
  -------         ENDDO         
  C:6B60H         LINE#         126
  C:6B60H         LINE#         127
  C:6B60H         LINE#         130
  C:6B65H         LINE#         132
  C:6B6AH         LINE#         134
  C:6BA3H         LINE#         135
  C:6BA3H         LINE#         136
  C:6BA3H         LINE#         137
  C:6BA6H         LINE#         138
  C:6BA6H         LINE#         139
  C:6BA6H         LINE#         140
  C:6BABH         LINE#         141
  C:6BABH         LINE#         142
  C:6BABH         LINE#         143
  C:6BB0H         LINE#         144
  C:6BB0H         LINE#         145
  C:6BB0H         LINE#         146
  C:6BB5H         LINE#         147
  C:6BB5H         LINE#         148
  C:6BB5H         LINE#         149
  C:6BBAH         LINE#         150
  C:6BBAH         LINE#         151
  C:6BBAH         LINE#         152
  C:6BBFH         LINE#         153
  C:6BBFH         LINE#         154
  C:6BBFH         LINE#         155
  C:6BC4H         LINE#         156
  C:6BC4H         LINE#         157
  C:6BC4H         LINE#         158
  C:6BC9H         LINE#         159
  C:6BC9H         LINE#         160
  C:6BC9H         LINE#         161
  C:6BD1H         LINE#         162
  C:6BD1H         LINE#         163
BL51 BANKED LINKER/LOCATER V6.22                                                      08/19/2019  13:40:08  PAGE 24


  C:6BD1H         LINE#         164
  C:6BD6H         LINE#         165
  C:6BD6H         LINE#         166
  C:6BD6H         LINE#         167
  C:6BDBH         LINE#         168
  C:6BDBH         LINE#         169
  C:6BDBH         LINE#         170
  C:6BE4H         LINE#         171
  C:6BE4H         LINE#         172
  C:6BE4H         LINE#         173
  C:6BE7H         LINE#         174
  C:6BE7H         LINE#         175
  -------         ENDPROC       _DAY_OF_YEAR
  -------         ENDMOD        PCF85063BTL

  -------         MODULE        LCD_DRIVER_SPLC780D
  C:0000H         SYMBOL        _ICE_DUMMY_
  D:0092H         PUBLIC        P1M0
  D:0091H         PUBLIC        P1M1
  D:0080H         PUBLIC        P0
  D:0090H         PUBLIC        P1
  D:00A0H         PUBLIC        P2
  D:00B0H         PUBLIC        P3
  D:00C0H         PUBLIC        P4
  D:00C8H         PUBLIC        P5
  D:00E8H         PUBLIC        P6
  D:00F8H         PUBLIC        P7
  C:6BECH         PUBLIC        _WriteData
  D:00A8H         PUBLIC        IE
  D:00B8H         PUBLIC        IP
  D:00D8H         PUBLIC        CCON
  B:00B0H.4       PUBLIC        LCD_D4
  B:00B0H.5       PUBLIC        LCD_D5
  B:00B0H.6       PUBLIC        LCD_D6
  C:7297H         PUBLIC        _DisplayLCD
  B:00B0H.7       PUBLIC        LCD_D7
  D:0098H         PUBLIC        SCON
  D:0088H         PUBLIC        TCON
  C:743EH         PUBLIC        LCD_clear
  C:6F6EH         PUBLIC        _Command
  C:732EH         PUBLIC        _Display_Line
  C:6D9CH         PUBLIC        LCD_Init
  C:71D6H         PUBLIC        _Wait_ms
  B:00C0H.0       PUBLIC        LCD_RS
  B:0090H.3       PUBLIC        LCD_RW
  C:7434H         PUBLIC        LCD_return_home
  C:5E07H         PUBLIC        _Display_Pos
  B:00B0H.3       PUBLIC        LCD_E
  D:00D0H         PUBLIC        PSW
  -------         PROC          LCD_INIT
  C:6D9CH         LINE#         9
  C:6D9CH         LINE#         10
  C:6D9CH         LINE#         11
  C:6D9FH         LINE#         12
  C:6DA2H         LINE#         14
  C:6DA8H         LINE#         15
  C:6DADH         LINE#         17
BL51 BANKED LINKER/LOCATER V6.22                                                      08/19/2019  13:40:08  PAGE 25


  C:6DB4H         LINE#         18
  C:6DB9H         LINE#         20
  C:6DBCH         LINE#         21
  C:6DC1H         LINE#         23
  C:6DC4H         LINE#         24
  C:6DC9H         LINE#         26
  C:6DD0H         LINE#         29
  C:6DD5H         LINE#         30
  C:6DDAH         LINE#         32
  C:6DDFH         LINE#         33
  C:6DE4H         LINE#         35
  C:6DE9H         LINE#         36
  C:6DEEH         LINE#         37
  -------         ENDPROC       LCD_INIT
  C:6BE8H         SYMBOL        L?0035
  -------         PROC          L?0034
  -------         ENDPROC       L?0034
  C:6BE8H         SYMBOL        L?0035
  -------         PROC          _WRITEDATA
  X:04F4H         SYMBOL        dat
  C:6BECH         LINE#         40
  C:6BF1H         LINE#         41
  C:6BF1H         LINE#         46
  C:6BF3H         LINE#         47
  C:6BF5H         LINE#         49
  C:6C03H         LINE#         50
  C:6C0FH         LINE#         51
  C:6C1BH         LINE#         52
  C:6C25H         LINE#         53
  C:6C27H         LINE#         54
  C:6C2EH         LINE#         55
  C:6C30H         LINE#         57
  C:6C40H         LINE#         58
  C:6C4BH         LINE#         59
  C:6C55H         LINE#         60
  C:6C59H         LINE#         62
  C:6C59H         LINE#         63
  C:6C5CH         LINE#         64
  C:6C5EH         LINE#         65
  C:6C60H         LINE#         67
  -------         ENDPROC       _WRITEDATA
  -------         PROC          _COMMAND
  D:0007H         SYMBOL        dat
  C:6F6EH         LINE#         69
  C:6F6EH         LINE#         70
  C:6F6EH         LINE#         71
  C:6F70H         LINE#         72
  C:6F72H         LINE#         74
  C:6F7CH         LINE#         75
  C:6F80H         LINE#         77
  C:6F82H         LINE#         78
  C:6F8BH         LINE#         79
  C:6F8FH         LINE#         81
  C:6F91H         LINE#         82
  C:6F98H         LINE#         83
  C:6F9CH         LINE#         85
  C:6F9EH         LINE#         86
BL51 BANKED LINKER/LOCATER V6.22                                                      08/19/2019  13:40:08  PAGE 26


  C:6FA2H         LINE#         87
  C:6FA6H         LINE#         89
  C:6FA8H         LINE#         90
  C:6FA8H         LINE#         91
  C:6FABH         LINE#         92
  C:6FADH         LINE#         93
  -------         ENDPROC       _COMMAND
  C:71D2H         SYMBOL        L?0037
  -------         PROC          L?0036
  -------         ENDPROC       L?0036
  C:71D2H         SYMBOL        L?0037
  -------         PROC          _WAIT_MS
  D:0006H         SYMBOL        ms
  -------         DO            
  D:0004H         SYMBOL        De_Cnt
  -------         ENDDO         
  C:71D6H         LINE#         95
  C:71D6H         LINE#         96
  C:71D6H         LINE#         98
  C:71E0H         LINE#         99
  C:71E0H         LINE#         100
  C:71F3H         LINE#         101
  C:71F3H         LINE#         102
  -------         ENDPROC       _WAIT_MS
  -------         PROC          _DISPLAYLCD
  D:0007H         SYMBOL        BCD
  -------         DO            
  D:0006H         SYMBOL        first_digit
  X:03F8H         SYMBOL        second_digit
  -------         ENDDO         
  C:7297H         LINE#         103
  C:7297H         LINE#         104
  C:7297H         LINE#         106
  C:729EH         LINE#         107
  C:72A7H         LINE#         109
  C:72ACH         LINE#         111
  -------         ENDPROC       _DISPLAYLCD
  -------         PROC          LCD_RETURN_HOME
  C:7434H         LINE#         115
  C:7434H         LINE#         116
  C:7434H         LINE#         117
  C:7439H         LINE#         118
  -------         ENDPROC       LCD_RETURN_HOME
  -------         PROC          LCD_CLEAR
  C:743EH         LINE#         121
  C:743EH         LINE#         122
  C:743EH         LINE#         123
  C:7443H         LINE#         124
  -------         ENDPROC       LCD_CLEAR
  -------         PROC          _DISPLAY_LINE
  D:0006H         SYMBOL        line
  C:732EH         LINE#         128
  C:732EH         LINE#         129
  C:732EH         LINE#         130
  C:7334H         LINE#         131
  C:7334H         LINE#         132
  C:7336H         LINE#         133
BL51 BANKED LINKER/LOCATER V6.22                                                      08/19/2019  13:40:08  PAGE 27


  C:7336H         LINE#         134
  C:7338H         LINE#         136
  C:7338H         LINE#         137
  C:733DH         LINE#         138
  C:7342H         LINE#         139
  C:7342H         LINE#         140
  -------         ENDPROC       _DISPLAY_LINE
  -------         PROC          _DISPLAY_POS
  X:04E9H         SYMBOL        sign_dat
  -------         DO            
  X:04EDH         SYMBOL        unit
  X:04EEH         SYMBOL        ten
  X:04EFH         SYMBOL        hundred
  X:04F0H         SYMBOL        thousand
  X:04F1H         SYMBOL        after_dot
  X:04F2H         SYMBOL        dat
  -------         ENDDO         
  C:5E07H         LINE#         142
  C:5E0DH         LINE#         143
  C:5E0DH         LINE#         147
  C:5E29H         LINE#         148
  C:5E43H         LINE#         149
  C:5E67H         LINE#         151
  C:5EB1H         LINE#         153
  C:5EC8H         LINE#         154
  C:5EDAH         LINE#         155
  C:5EFFH         LINE#         156
  C:5F19H         LINE#         157
  C:5F31H         LINE#         158
  C:5F31H         LINE#         159
  C:5F31H         LINE#         160
  C:5F31H         LINE#         161
  C:5F31H         LINE#         162
  C:5F31H         LINE#         163
  C:5F31H         LINE#         164
  C:5F31H         LINE#         168
  C:5F33H         LINE#         170
  C:5F33H         LINE#         172
  C:5F38H         LINE#         173
  C:5F3EH         LINE#         174
  C:5F44H         LINE#         175
  C:5F4AH         LINE#         176
  C:5F50H         LINE#         177
  C:5F55H         LINE#         178
  C:5F5BH         LINE#         182
  C:5F5BH         LINE#         184
  -------         ENDPROC       _DISPLAY_POS
  -------         ENDMOD        LCD_DRIVER_SPLC780D

  -------         MODULE        KEYPAD
  C:0000H         SYMBOL        _ICE_DUMMY_
  D:0093H         PUBLIC        P0M1
  D:0080H         PUBLIC        P0
  D:0090H         PUBLIC        P1
  D:00A0H         PUBLIC        P2
  D:00B0H         PUBLIC        P3
  D:00C0H         PUBLIC        P4
BL51 BANKED LINKER/LOCATER V6.22                                                      08/19/2019  13:40:08  PAGE 28


  D:00C8H         PUBLIC        P5
  D:00E8H         PUBLIC        P6
  D:00F8H         PUBLIC        P7
  D:00A8H         PUBLIC        IE
  C:5803H         PUBLIC        Key_Scan
  D:00B8H         PUBLIC        IP
  D:00D8H         PUBLIC        CCON
  C:741CH         PUBLIC        KeyPad_IO_Init
  C:7279H         PUBLIC        _Delay_ms
  D:0098H         PUBLIC        SCON
  D:0088H         PUBLIC        TCON
  X:0645H         PUBLIC        small_move
  X:0647H         PUBLIC        move
  X:0649H         PUBLIC        auto_mode
  X:064BH         PUBLIC        direction
  X:064DH         PUBLIC        SPI_NOR_ClearEnable
  C:4F30H         PUBLIC        Key_Process
  D:00D0H         PUBLIC        PSW
  D:0094H         PUBLIC        P0M0
  -------         PROC          _DELAY_MS
  D:0006H         SYMBOL        ms
  -------         DO            
  D:0004H         SYMBOL        De_Cnt
  -------         ENDDO         
  C:7279H         LINE#         20
  C:7279H         LINE#         21
  C:7279H         LINE#         23
  C:7283H         LINE#         24
  C:7283H         LINE#         25
  C:7296H         LINE#         26
  C:7296H         LINE#         27
  -------         ENDPROC       _DELAY_MS
  -------         PROC          KEY_SCAN
  -------         DO            
  X:03FEH         SYMBOL        KeyTemp1
  X:03FFH         SYMBOL        KeyTemp2
  X:0400H         SYMBOL        KeyValue
  -------         ENDDO         
  C:5803H         LINE#         28
  C:5803H         LINE#         29
  C:5803H         LINE#         34
  C:5806H         LINE#         37
  C:5809H         LINE#         39
  C:5811H         LINE#         40
  C:5818H         LINE#         41
  C:5818H         LINE#         43
  C:581DH         LINE#         44
  C:5824H         LINE#         45
  C:5824H         LINE#         48
  C:5827H         LINE#         49
  C:582AH         LINE#         50
  C:582FH         LINE#         51
  C:5833H         LINE#         52
  C:5833H         LINE#         53
  C:583BH         LINE#         54
  C:583BH         LINE#         55
  C:583EH         LINE#         56
BL51 BANKED LINKER/LOCATER V6.22                                                      08/19/2019  13:40:08  PAGE 29


  C:5846H         LINE#         57
  C:5848H         LINE#         59
  C:585CH         LINE#         60
  C:585CH         LINE#         61
  C:585CH         LINE#         62
  C:585CH         LINE#         63
  C:5862H         LINE#         65
  C:5864H         LINE#         66
  C:5864H         LINE#         67
  C:5864H         LINE#         68
  C:586AH         LINE#         70
  C:586CH         LINE#         71
  C:586CH         LINE#         72
  C:586CH         LINE#         73
  C:5872H         LINE#         75
  C:5874H         LINE#         76
  C:5874H         LINE#         77
  C:5874H         LINE#         78
  C:587AH         LINE#         80
  C:587AH         LINE#         81
  C:587AH         LINE#         82
  C:587AH         LINE#         85
  C:587DH         LINE#         86
  C:5880H         LINE#         87
  C:5888H         LINE#         88
  C:588CH         LINE#         89
  C:588CH         LINE#         90
  C:5894H         LINE#         91
  C:5894H         LINE#         92
  C:5897H         LINE#         93
  C:589FH         LINE#         94
  C:58A1H         LINE#         95
  C:58B5H         LINE#         96
  C:58B5H         LINE#         97
  C:58B5H         LINE#         98
  C:58B5H         LINE#         99
  C:58BBH         LINE#         101
  C:58BDH         LINE#         102
  C:58BDH         LINE#         103
  C:58BDH         LINE#         104
  C:58C3H         LINE#         106
  C:58C5H         LINE#         107
  C:58C5H         LINE#         108
  C:58C5H         LINE#         109
  C:58CBH         LINE#         111
  C:58CDH         LINE#         112
  C:58CDH         LINE#         113
  C:58CDH         LINE#         114
  C:58D2H         LINE#         116
  C:58D2H         LINE#         117
  C:58D2H         LINE#         118
  C:58D2H         LINE#         121
  C:58D5H         LINE#         122
  C:58D8H         LINE#         123
  C:58E0H         LINE#         124
  C:58E4H         LINE#         125
  C:58E4H         LINE#         126
BL51 BANKED LINKER/LOCATER V6.22                                                      08/19/2019  13:40:08  PAGE 30


  C:58ECH         LINE#         127
  C:58ECH         LINE#         128
  C:58EFH         LINE#         129
  C:58F7H         LINE#         130
  C:58F9H         LINE#         131
  C:590DH         LINE#         132
  C:590DH         LINE#         133
  C:590DH         LINE#         134
  C:590DH         LINE#         135
  C:5913H         LINE#         137
  C:5915H         LINE#         138
  C:5915H         LINE#         139
  C:5915H         LINE#         140
  C:591BH         LINE#         142
  C:591DH         LINE#         143
  C:591DH         LINE#         144
  C:591DH         LINE#         145
  C:5923H         LINE#         147
  C:5925H         LINE#         148
  C:5925H         LINE#         149
  C:5925H         LINE#         150
  C:592BH         LINE#         152
  C:592BH         LINE#         153
  C:592BH         LINE#         154
  C:592BH         LINE#         158
  C:592EH         LINE#         159
  C:5931H         LINE#         160
  C:5939H         LINE#         161
  C:593DH         LINE#         162
  C:593DH         LINE#         163
  C:5945H         LINE#         164
  C:5945H         LINE#         165
  C:5948H         LINE#         166
  C:5950H         LINE#         167
  C:5952H         LINE#         168
  C:5966H         LINE#         169
  C:5966H         LINE#         170
  C:5966H         LINE#         171
  C:5966H         LINE#         172
  C:596CH         LINE#         174
  C:596EH         LINE#         175
  C:596EH         LINE#         176
  C:596EH         LINE#         177
  C:5974H         LINE#         179
  C:5976H         LINE#         180
  C:5976H         LINE#         181
  C:5976H         LINE#         182
  C:597CH         LINE#         184
  C:597EH         LINE#         185
  C:597EH         LINE#         186
  C:597EH         LINE#         187
  C:5984H         LINE#         189
  C:5984H         LINE#         190
  C:5984H         LINE#         191
  C:5984H         LINE#         193
  C:598AH         LINE#         194
  C:598AH         LINE#         196
BL51 BANKED LINKER/LOCATER V6.22                                                      08/19/2019  13:40:08  PAGE 31


  C:598AH         LINE#         197
  C:598DH         LINE#         198
  C:598DH         LINE#         199
  C:598DH         LINE#         201
  C:598DH         LINE#         202
  C:598FH         LINE#         203
  C:598FH         LINE#         204
  -------         ENDPROC       KEY_SCAN
  -------         PROC          KEY_PROCESS
  -------         DO            
  X:0636H         SYMBOL        KeyCount
  X:0637H         SYMBOL        KeyNum_Old
  X:0639H         SYMBOL        KeyNum
  X:063BH         SYMBOL        PressedKey
  X:03F8H         SYMBOL        d
  D:0002H         SYMBOL        hours
  D:0006H         SYMBOL        mins
  X:03FAH         SYMBOL        months
  X:03FCH         SYMBOL        days
  -------         ENDDO         
  C:4F30H         LINE#         205
  C:4F30H         LINE#         206
  C:4F30H         LINE#         210
  C:4F3FH         LINE#         211
  C:4F4CH         LINE#         213
  C:4F50H         LINE#         214
  C:4F50H         LINE#         215
  C:4F56H         LINE#         217
  C:4F56H         LINE#         218
  C:4F6DH         LINE#         219
  C:4F6DH         LINE#         220
  C:4F77H         LINE#         221
  C:4F7DH         LINE#         223
  C:4F83H         LINE#         225
  C:4F83H         LINE#         226
  C:4F9AH         LINE#         227
  C:4F9AH         LINE#         228
  C:4F9FH         LINE#         230
  C:4F9FH         LINE#         231
  C:4FAFH         LINE#         232
  C:4FAFH         LINE#         233
  C:4FB5H         LINE#         235
  C:4FB5H         LINE#         236
  C:4FC7H         LINE#         237
  C:4FC7H         LINE#         238
  C:4FD1H         LINE#         239
  C:4FD9H         LINE#         241
  C:4FE2H         LINE#         243
  C:4FE2H         LINE#         252
  C:5001H         LINE#         253
  C:5001H         LINE#         254
  C:5020H         LINE#         255
  C:5026H         LINE#         256
  C:502EH         LINE#         257
  C:502EH         LINE#         259
  C:502FH         LINE#         265
  C:503BH         LINE#         266
BL51 BANKED LINKER/LOCATER V6.22                                                      08/19/2019  13:40:08  PAGE 32


  C:503BH         LINE#         267
  C:5058H         LINE#         268
  C:506FH         LINE#         269
  C:5086H         LINE#         270
  C:5086H         LINE#         271
  C:5099H         LINE#         272
  C:50ACH         LINE#         273
  C:50ACH         LINE#         274
  C:50ACH         LINE#         275
  C:50AFH         LINE#         280
  C:50BEH         LINE#         281
  C:50BEH         LINE#         282
  C:50E1H         LINE#         283
  C:50FEH         LINE#         284
  C:5107H         LINE#         285
  C:5107H         LINE#         286
  C:510EH         LINE#         287
  C:510EH         LINE#         288
  C:511FH         LINE#         289
  C:511FH         LINE#         290
  C:512EH         LINE#         291
  C:512EH         LINE#         292
  C:512EH         LINE#         293
  C:5131H         LINE#         295
  C:5131H         LINE#         296
  C:513DH         LINE#         297
  C:513DH         LINE#         298
  C:514FH         LINE#         299
  C:514FH         LINE#         300
  C:515FH         LINE#         301
  C:515FH         LINE#         302
  C:515FH         LINE#         304
  C:5161H         LINE#         306
  C:5161H         LINE#         307
  C:5170H         LINE#         308
  C:5170H         LINE#         309
  C:5180H         LINE#         310
  C:5180H         LINE#         311
  C:5180H         LINE#         313
  C:5180H         LINE#         315
  C:5180H         LINE#         316
  C:5182H         LINE#         318
  C:5182H         LINE#         319
  C:5189H         LINE#         320
  C:5189H         LINE#         321
  C:5198H         LINE#         322
  C:5198H         LINE#         323
  C:51A8H         LINE#         324
  C:51A8H         LINE#         325
  C:51A8H         LINE#         326
  C:51AAH         LINE#         328
  C:51AAH         LINE#         329
  C:51B9H         LINE#         330
  C:51B9H         LINE#         331
  C:51CCH         LINE#         332
  C:51DFH         LINE#         333
  C:51DFH         LINE#         334
BL51 BANKED LINKER/LOCATER V6.22                                                      08/19/2019  13:40:08  PAGE 33


  C:51DFH         LINE#         335
  C:51DFH         LINE#         336
  C:51E8H         LINE#         338
  C:51E8H         LINE#         340
  C:5222H         LINE#         341
  C:5222H         LINE#         342
  C:5229H         LINE#         343
  C:5229H         LINE#         344
  C:5233H         LINE#         345
  C:5233H         LINE#         346
  C:5236H         LINE#         347
  C:523BH         LINE#         348
  C:5240H         LINE#         349
  C:5245H         LINE#         350
  C:524AH         LINE#         351
  C:524FH         LINE#         352
  C:5254H         LINE#         353
  C:5259H         LINE#         354
  C:5259H         LINE#         355
  C:5259H         LINE#         357
  C:5277H         LINE#         358
  C:5277H         LINE#         359
  C:527EH         LINE#         360
  C:527EH         LINE#         361
  C:5283H         LINE#         362
  C:528CH         LINE#         363
  C:52ABH         LINE#         364
  C:52ABH         LINE#         365
  C:52BBH         LINE#         367
  C:52BBH         LINE#         371
  -------         ENDPROC       KEY_PROCESS
  -------         PROC          KEYPAD_IO_INIT
  C:741CH         LINE#         374
  C:741CH         LINE#         375
  C:741CH         LINE#         376
  C:741FH         LINE#         377
  C:7422H         LINE#         378
  C:7425H         LINE#         379
  C:7427H         LINE#         380
  -------         ENDPROC       KEYPAD_IO_INIT
  -------         ENDMOD        KEYPAD

  -------         MODULE        BIPOLARMOTOR
  C:0000H         SYMBOL        _ICE_DUMMY_
  X:0000H         PUBLIC        UTC_time
  D:0080H         PUBLIC        P0
  D:0090H         PUBLIC        P1
  X:0004H         PUBLIC        RX_pos_test
  D:00A0H         PUBLIC        P2
  D:00B0H         PUBLIC        P3
  D:00C0H         PUBLIC        P4
  D:00C8H         PUBLIC        P5
  D:00E8H         PUBLIC        P6
  D:00F8H         PUBLIC        P7
  X:00A4H         PUBLIC        low_date_azimuth_mapping
  D:00A8H         PUBLIC        IE
  C:65ACH         PUBLIC        linear_interpolate
BL51 BANKED LINKER/LOCATER V6.22                                                      08/19/2019  13:40:08  PAGE 34


  X:00CCH         PUBLIC        declination
  C:710DH         PUBLIC        _Move
  D:00B8H         PUBLIC        IP
  X:00D0H         PUBLIC        time_offset
  D:00D8H         PUBLIC        CCON
  X:00D4H         PUBLIC        previous_move_time
  X:00D5H         PUBLIC        time
  D:0098H         PUBLIC        SCON
  D:0088H         PUBLIC        TCON
  C:6FAEH         PUBLIC        _Step_move
  X:00E7H         PUBLIC        dat
  X:00EDH         PUBLIC        current_local_sun_time
  C:3B67H         PUBLIC        _Update_position
  C:52BCH         PUBLIC        _elevation_calculation
  X:00F1H         PUBLIC        sunCoord
[...]
  C:5A0CH         LINE#         326
  C:5A0CH         LINE#         328
  C:5A0FH         LINE#         330
  C:5A29H         LINE#         331
  C:5A29H         LINE#         332
  C:5A29H         LINE#         334
  C:5A2CH         LINE#         336
  C:5A46H         LINE#         337
  C:5A46H         LINE#         338
  C:5A46H         LINE#         340
  C:5A49H         LINE#         342
  C:5A63H         LINE#         343
  C:5A63H         LINE#         344
  C:5A63H         LINE#         346
  C:5A66H         LINE#         348
  C:5A80H         LINE#         349
BL51 BANKED LINKER/LOCATER V6.22                                                      08/19/2019  13:40:08  PAGE 55


  C:5A80H         LINE#         350
  C:5A80H         LINE#         352
  C:5A83H         LINE#         354
  C:5A9DH         LINE#         355
  C:5A9DH         LINE#         356
  C:5A9DH         LINE#         358
  C:5AA0H         LINE#         360
  C:5ABAH         LINE#         361
  C:5ABAH         LINE#         362
  C:5ABAH         LINE#         364
  C:5ABDH         LINE#         366
  C:5AD7H         LINE#         367
  C:5AD7H         LINE#         368
  C:5AD7H         LINE#         370
  C:5ADAH         LINE#         372
  C:5AF4H         LINE#         373
  C:5AFBH         LINE#         374
  -------         ENDPROC       SPI_NOR_WRITE_DATA
  -------         ENDMOD        AT25SF041

  -------         MODULE        SI1120
  C:0000H         SYMBOL        _ICE_DUMMY_
  D:0080H         PUBLIC        P0
  D:00B2H         PUBLIC        P3M0
  D:0090H         PUBLIC        P1
  D:00B1H         PUBLIC        P3M1
  D:00A0H         PUBLIC        P2
  D:00B0H         PUBLIC        P3
  D:00C0H         PUBLIC        P4
  D:00C8H         PUBLIC        P5
  B:00A8H.7       PUBLIC        EA
  D:00E8H         PUBLIC        P6
  D:00F8H         PUBLIC        P7
  D:00A8H         PUBLIC        IE
  D:00B8H         PUBLIC        IP
  C:705CH         PUBLIC        SI1120_CONFIG_MODE_VIRH
  D:00D8H         PUBLIC        CCON
  D:0098H         PUBLIC        SCON
  D:0088H         PUBLIC        TCON
  C:7402H         PUBLIC        Enable_EXTINT0
  B:0090H.5       PUBLIC        SI1120_STX
  B:0088H.0       PUBLIC        IT0
  B:00A8H.0       PUBLIC        EX0
  B:0090H.4       PUBLIC        SI1120_MD
  B:0090H.6       PUBLIC        SI1120_SC
  D:00D0H         PUBLIC        PSW
  -------         PROC          SI1120_CONFIG_MODE_VIRH
  C:705CH         LINE#         4
  C:705CH         LINE#         5
  C:705CH         LINE#         6
  C:705EH         LINE#         7
  C:7060H         LINE#         8
  C:7062H         LINE#         10
  C:7069H         LINE#         11
  C:706BH         LINE#         13
  C:706DH         LINE#         14
  C:706FH         LINE#         16
BL51 BANKED LINKER/LOCATER V6.22                                                      08/19/2019  13:40:08  PAGE 56


  C:7076H         LINE#         18
  C:7078H         LINE#         20
  C:707FH         LINE#         23
  C:7081H         LINE#         25
  C:7083H         LINE#         27
  C:708AH         LINE#         29
  C:708CH         LINE#         31
  -------         ENDPROC       SI1120_CONFIG_MODE_VIRH
  -------         PROC          ENABLE_EXTINT0
  C:7402H         LINE#         33
  C:7402H         LINE#         34
  C:7402H         LINE#         35
  C:7405H         LINE#         36
  C:7408H         LINE#         37
  C:740AH         LINE#         38
  C:740CH         LINE#         39
  C:740EH         LINE#         40
  -------         ENDPROC       ENABLE_EXTINT0
  -------         ENDMOD        SI1120

  -------         MODULE        UART1
  C:0000H         SYMBOL        _ICE_DUMMY_
  D:0080H         PUBLIC        P0
  D:0090H         PUBLIC        P1
  D:00A0H         PUBLIC        P2
  D:00B0H         PUBLIC        P3
  D:00C0H         PUBLIC        P4
  D:00C8H         PUBLIC        P5
  C:71F4H         PUBLIC        _uart1_SendToTCPServer
  B:00A8H.7       PUBLIC        EA
  D:00E8H         PUBLIC        P6
  D:00F8H         PUBLIC        P7
  C:7029H         PUBLIC        _SendString
  D:00A8H         PUBLIC        IE
  B:00A8H.4       PUBLIC        ES
  D:00B8H         PUBLIC        IP
  C:7301H         PUBLIC        _ASCIItoBCD
  D:00D8H         PUBLIC        CCON
  C:73B7H         PUBLIC        initUART1
  D:0098H         PUBLIC        SCON
  D:0088H         PUBLIC        TCON
  C:7470H         PUBLIC        _DectoBCD
  C:001EH         PUBLIC        _ASCII_Letter
  D:008EH         PUBLIC        AUXR
  C:0006H         PUBLIC        _unit
  C:7469H         PUBLIC        _ten
  D:00D6H         PUBLIC        T2H
  D:00D7H         PUBLIC        T2L
  C:745AH         PUBLIC        uart1_InitTCPConn
  D:00D0H         PUBLIC        PSW
  -------         PROC          INITUART1
  C:73B7H         LINE#         24
  C:73B7H         LINE#         25
  C:73B7H         LINE#         26
  C:73BAH         LINE#         27
  C:73BDH         LINE#         28
  C:73C0H         LINE#         29
BL51 BANKED LINKER/LOCATER V6.22                                                      08/19/2019  13:40:08  PAGE 57


  C:73C3H         LINE#         30
  C:73C5H         LINE#         31
  C:73C7H         LINE#         33
  -------         ENDPROC       INITUART1
  -------         PROC          _SENDSTRING
  X:04E9H         SYMBOL        s
  C:7029H         LINE#         36
  C:7034H         LINE#         37
  C:7034H         LINE#         38
  C:7044H         LINE#         39
  C:7044H         LINE#         40
  C:7059H         LINE#         41
  C:705BH         LINE#         42
  -------         ENDPROC       _SENDSTRING
  -------         PROC          _TEN
  D:0007H         SYMBOL        BCD
  C:7469H         LINE#         44
  C:7469H         LINE#         45
  C:7469H         LINE#         46
  C:746EH         LINE#         47
  -------         ENDPROC       _TEN
  -------         PROC          _UNIT
  D:0007H         SYMBOL        BCD
  C:0006H         LINE#         48
  C:0006H         LINE#         49
  C:0006H         LINE#         53
  C:000AH         LINE#         54
  -------         ENDPROC       _UNIT
  -------         PROC          _DECTOBCD
  D:0007H         SYMBOL        dec
  C:7470H         LINE#         55
  C:7470H         LINE#         56
  C:7470H         LINE#         58
  C:7470H         LINE#         59
  -------         ENDPROC       _DECTOBCD
  -------         PROC          _ASCII_LETTER
  D:0007H         SYMBOL        dat
  C:001EH         LINE#         61
  C:001EH         LINE#         62
  C:001EH         LINE#         64
  C:0022H         LINE#         65
  -------         ENDPROC       _ASCII_LETTER
  -------         PROC          _ASCIITOBCD
  D:0001H         SYMBOL        ascii
  -------         DO            
  D:0007H         SYMBOL        dec_val
  D:0006H         SYMBOL        ten
  D:0007H         SYMBOL        unit
  -------         ENDDO         
  C:7301H         LINE#         67
  C:7301H         LINE#         68
  C:7301H         LINE#         70
  C:7304H         LINE#         71
  C:730AH         LINE#         72
  C:7311H         LINE#         73
  C:7317H         LINE#         75
  -------         ENDPROC       _ASCIITOBCD
BL51 BANKED LINKER/LOCATER V6.22                                                      08/19/2019  13:40:08  PAGE 58


  -------         PROC          UART1_INITTCPCONN
  C:745AH         LINE#         77
  C:745AH         LINE#         78
  C:745AH         LINE#         82
  -------         ENDPROC       UART1_INITTCPCONN
  -------         PROC          _UART1_SENDTOTCPSERVER
  X:03F8H         SYMBOL        str
  C:71F4H         LINE#         85
  C:71FFH         LINE#         86
  C:71FFH         LINE#         87
  C:7208H         LINE#         88
  C:720FH         LINE#         89
  -------         ENDPROC       _UART1_SENDTOTCPSERVER
  -------         ENDMOD        UART1

  -------         MODULE        ?C_STARTUP
  C:6AD4H         SEGMENT       ?C_C51STARTUP
  I:0022H         SEGMENT       ?STACK
  C:0000H         PUBLIC        ?C_STARTUP
  D:00E0H         SYMBOL        ACC
  D:00F0H         SYMBOL        B
  D:0083H         SYMBOL        DPH
  D:0082H         SYMBOL        DPL
  N:0000H         SYMBOL        IBPSTACK
  N:0100H         SYMBOL        IBPSTACKTOP
  N:0080H         SYMBOL        IDATALEN
  C:6AD7H         SYMBOL        IDATALOOP
  N:0000H         SYMBOL        PBPSTACK
  N:0100H         SYMBOL        PBPSTACKTOP
  N:0000H         SYMBOL        PDATALEN
  N:0000H         SYMBOL        PDATASTART
  N:0000H         SYMBOL        PPAGE
  N:0000H         SYMBOL        PPAGEENABLE
  D:00A0H         SYMBOL        PPAGE_SFR
  D:0081H         SYMBOL        SP
  C:6AD4H         SYMBOL        STARTUP1
  N:0000H         SYMBOL        XBPSTACK
  N:0000H         SYMBOL        XBPSTACKTOP
  N:0000H         SYMBOL        XDATALEN
  N:0000H         SYMBOL        XDATASTART
  C:0000H         LINE#         126
  C:6AD4H         LINE#         133
  C:6AD6H         LINE#         134
  C:6AD7H         LINE#         135
  C:6AD8H         LINE#         136
  C:6ADAH         LINE#         185
  C:6ADDH         LINE#         196
  -------         ENDMOD        ?C_STARTUP

  -------         MODULE        ?C?FPADD
  C:2110H         PUBLIC        ?C?FPADD
  C:210CH         PUBLIC        ?C?FPSUB
  -------         ENDMOD        ?C?FPADD

  -------         MODULE        ?C?FPMUL
  C:2201H         PUBLIC        ?C?FPMUL
  -------         ENDMOD        ?C?FPMUL
BL51 BANKED LINKER/LOCATER V6.22                                                      08/19/2019  13:40:08  PAGE 59



  -------         MODULE        ?C?FPDIV
  C:230AH         PUBLIC        ?C?FPDIV
  -------         ENDMOD        ?C?FPDIV

  -------         MODULE        ?C?FPCMP
  C:23A9H         PUBLIC        ?C?FPCMP
  C:23A7H         PUBLIC        ?C?FPCMP3
  -------         ENDMOD        ?C?FPCMP

  -------         MODULE        ?C?FPNEG
  C:2420H         PUBLIC        ?C?FPNEG
  -------         ENDMOD        ?C?FPNEG

  -------         MODULE        ?C?FCAST
  C:243BH         PUBLIC        ?C?FCASTC
  C:2436H         PUBLIC        ?C?FCASTI
  C:2431H         PUBLIC        ?C?FCASTL
  -------         ENDMOD        ?C?FCAST

  -------         MODULE        ?C?CASTF
  C:246FH         PUBLIC        ?C?CASTF
  -------         ENDMOD        ?C?CASTF

  -------         MODULE        PRINTF
  X:04E9H         PUBLIC        ?_PRINTF?BYTE
  X:04E9H         PUBLIC        ?_SPRINTF?BYTE
  C:46FEH         PUBLIC        _PRINTF
  C:46F8H         PUBLIC        _SPRINTF
  -------         ENDMOD        PRINTF

  -------         MODULE        FABS
  C:740FH         PUBLIC        _FABS
  -------         ENDMOD        FABS

  -------         MODULE        ATAN2
  X:049FH         PUBLIC        ?_atan2?BYTE
  C:6901H         PUBLIC        _atan2
  -------         ENDMOD        ATAN2

  -------         MODULE        SIN
  C:5B61H         PUBLIC        _COS
  C:5B77H         PUBLIC        _SIN
  C:5BB3H         PUBLIC        _TAN
  -------         ENDMOD        SIN

  -------         MODULE        ACOS
  C:6EE0H         PUBLIC        _ACOS
  -------         ENDMOD        ACOS

  -------         MODULE        ASIN
  C:6FEEH         PUBLIC        _ASIN
  -------         ENDMOD        ASIN

  -------         MODULE        POW
  X:03BCH         PUBLIC        ?_pow?BYTE
  C:5CA1H         PUBLIC        _pow
BL51 BANKED LINKER/LOCATER V6.22                                                      08/19/2019  13:40:08  PAGE 60


  -------         ENDMOD        POW

  -------         MODULE        ?C?CHKFLOAT
  C:24F0H         PUBLIC        ?C?CHKFLOAT
  -------         ENDMOD        ?C?CHKFLOAT

  -------         MODULE        ?C?FPROUND
  C:250AH         PUBLIC        ?C?FPROUND
  -------         ENDMOD        ?C?FPROUND

  -------         MODULE        ?C?FPCONVERT
  C:2547H         PUBLIC        ?C?FPCONVERT
  -------         ENDMOD        ?C?FPCONVERT

  -------         MODULE        EXP
  C:6A72H         PUBLIC        _EXP
  -------         ENDMOD        EXP

  -------         MODULE        LOG
  C:5F90H         PUBLIC        _LOG
  C:5F8CH         PUBLIC        _LOG10
  -------         ENDMOD        LOG

  -------         MODULE        SQRT
  C:67B8H         PUBLIC        _SQRT
  -------         ENDMOD        SQRT

  -------         MODULE        ATAN
  C:60A5H         PUBLIC        _ATAN
  -------         ENDMOD        ATAN

  -------         MODULE        ?C?FTNPWR
  C:26C9H         PUBLIC        ?C?FTNPWR
  -------         ENDMOD        ?C?FTNPWR

  -------         MODULE        ?C?COPY
  C:27D9H         PUBLIC        ?C?COPY
  -------         ENDMOD        ?C?COPY

  -------         MODULE        ?C?CLDPTR
  C:27FFH         PUBLIC        ?C?CLDPTR
  -------         ENDMOD        ?C?CLDPTR

  -------         MODULE        ?C?CLDOPTR
  C:2818H         PUBLIC        ?C?CLDOPTR
  -------         ENDMOD        ?C?CLDOPTR

  -------         MODULE        ?C?CSTPTR
  C:2845H         PUBLIC        ?C?CSTPTR
  -------         ENDMOD        ?C?CSTPTR

  -------         MODULE        ?C?IMUL
  C:2857H         PUBLIC        ?C?IMUL
  -------         ENDMOD        ?C?IMUL

  -------         MODULE        ?C?UIDIV
  C:2869H         PUBLIC        ?C?UIDIV
BL51 BANKED LINKER/LOCATER V6.22                                                      08/19/2019  13:40:08  PAGE 61


  -------         ENDMOD        ?C?UIDIV

  -------         MODULE        ?C?SIDIV
  C:28BEH         PUBLIC        ?C?SIDIV
  -------         ENDMOD        ?C?SIDIV

  -------         MODULE        ?C?ILDIX
  C:28F4H         PUBLIC        ?C?ILDIX
  -------         ENDMOD        ?C?ILDIX

  -------         MODULE        ?C?ILDOPTR
  C:290AH         PUBLIC        ?C?ILDOPTR
  -------         ENDMOD        ?C?ILDOPTR

  -------         MODULE        ?C?ISTPTR
  C:2942H         PUBLIC        ?C?ISTPTR
  -------         ENDMOD        ?C?ISTPTR

  -------         MODULE        ?C?LMUL
  C:2961H         PUBLIC        ?C?LMUL
  -------         ENDMOD        ?C?LMUL

  -------         MODULE        ?C?SLDIV
  C:6F2AH         PUBLIC        ?C?SLDIV
  -------         ENDMOD        ?C?SLDIV

  -------         MODULE        ?C?LNEG
  C:29B0H         PUBLIC        ?C?LNEG
  -------         ENDMOD        ?C?LNEG

  -------         MODULE        ?C?ULCMP
  C:29BEH         PUBLIC        ?C?ULCMP
  -------         ENDMOD        ?C?ULCMP

  -------         MODULE        ?C?LSHL
  C:29CFH         PUBLIC        ?C?LSHL
  -------         ENDMOD        ?C?LSHL

  -------         MODULE        ?C?LLDPTR
  C:29E2H         PUBLIC        ?C?LLDPTR
  -------         ENDMOD        ?C?LLDPTR

  -------         MODULE        ?C?LLDOPTR
  C:2A02H         PUBLIC        ?C?LLDOPTR
  -------         ENDMOD        ?C?LLDOPTR

  -------         MODULE        ?C?LSTPTR
  C:2A32H         PUBLIC        ?C?LSTPTR
  -------         ENDMOD        ?C?LSTPTR

  -------         MODULE        ?C?LSTOPTR
  C:2A4CH         PUBLIC        ?C?LSTOPTR
  -------         ENDMOD        ?C?LSTOPTR

  -------         MODULE        ?C?LLDXDATA
  C:2A70H         PUBLIC        ?C?LLDXDATA
  -------         ENDMOD        ?C?LLDXDATA
BL51 BANKED LINKER/LOCATER V6.22                                                      08/19/2019  13:40:08  PAGE 62



  -------         MODULE        ?C?LLDCODE
  C:2A7CH         PUBLIC        ?C?LLDCODE
  -------         ENDMOD        ?C?LLDCODE

  -------         MODULE        ?C?LLDXDATA0
  C:2A8CH         PUBLIC        ?C?LLDXDATA0
  -------         ENDMOD        ?C?LLDXDATA0

  -------         MODULE        ?C?LLDCODE0
  C:2A98H         PUBLIC        ?C?LLDCODE0
  -------         ENDMOD        ?C?LLDCODE0

  -------         MODULE        ?C?LLDPTR0
  C:2AA8H         PUBLIC        ?C?LLDPTR0
  -------         ENDMOD        ?C?LLDPTR0

  -------         MODULE        ?C?LSTXDATA
  C:2AC8H         PUBLIC        ?C?LSTXDATA
  -------         ENDMOD        ?C?LSTXDATA

  -------         MODULE        ?C?LSTKXDATA
  C:2AD4H         PUBLIC        ?C?LSTKXDATA
  -------         ENDMOD        ?C?LSTKXDATA

  -------         MODULE        ?C?LSTKPTR
  C:2B05H         PUBLIC        ?C?LSTKPTR
  -------         ENDMOD        ?C?LSTKPTR

  -------         MODULE        ?C?OFFXADD
  C:2B1FH         PUBLIC        ?C?OFFXADD
  -------         ENDMOD        ?C?OFFXADD

  -------         MODULE        ?C?PLDIXDATA
  C:2B2BH         PUBLIC        ?C?PLDIXDATA
  -------         ENDMOD        ?C?PLDIXDATA

  -------         MODULE        ?C?PSTXDATA
  C:2B42H         PUBLIC        ?C?PSTXDATA
  -------         ENDMOD        ?C?PSTXDATA

  -------         MODULE        ?C?CCASE
  C:2B4BH         PUBLIC        ?C?CCASE
  -------         ENDMOD        ?C?CCASE

  -------         MODULE        PUTCHAR
  C:7184H         PUBLIC        _PUTCHAR
  -------         ENDMOD        PUTCHAR

  -------         MODULE        ABS
  C:7428H         PUBLIC        _ABS
  -------         ENDMOD        ABS

  -------         MODULE        ATOI
  C:64AEH         PUBLIC        _atoi
  -------         ENDMOD        ATOI

BL51 BANKED LINKER/LOCATER V6.22                                                      08/19/2019  13:40:08  PAGE 63


  -------         MODULE        ?C?IILDX
  C:2B71H         PUBLIC        ?C?IILDX
  -------         ENDMOD        ?C?IILDX

  -------         MODULE        ?C?ULDIV
  C:2BC3H         PUBLIC        ?C?ULDIV
  -------         ENDMOD        ?C?ULDIV

  -------         MODULE        ?C?LLDIDATA
  C:2C55H         PUBLIC        ?C?LLDIDATA
  -------         ENDMOD        ?C?LLDIDATA

  -------         MODULE        ?C?LLDPDATA
  C:2C61H         PUBLIC        ?C?LLDPDATA
  -------         ENDMOD        ?C?LLDPDATA

  -------         MODULE        ?C?LLDIDATA0
  C:2C6DH         PUBLIC        ?C?LLDIDATA0
  -------         ENDMOD        ?C?LLDIDATA0

  -------         MODULE        ?C?LLDPDATA0
  C:2C7AH         PUBLIC        ?C?LLDPDATA0
  -------         ENDMOD        ?C?LLDPDATA0

  -------         MODULE        ?C?LSTIDATA
  C:2C87H         PUBLIC        ?C?LSTIDATA
  -------         ENDMOD        ?C?LSTIDATA

  -------         MODULE        ?C?LSTPDATA
  C:2C93H         PUBLIC        ?C?LSTPDATA
  -------         ENDMOD        ?C?LSTPDATA

  -------         MODULE        ?C?LSTKIDATA
  C:2C9FH         PUBLIC        ?C?LSTKIDATA
  -------         ENDMOD        ?C?LSTKIDATA

  -------         MODULE        ?C?LSTKPDATA
  C:2CB8H         PUBLIC        ?C?LSTKPDATA
  -------         ENDMOD        ?C?LSTKPDATA

  -------         MODULE        ISDIGIT
  C:73E6H         PUBLIC        _isdigit
  -------         ENDMOD        ISDIGIT

  -------         MODULE        ISSPACE
  C:7381H         PUBLIC        _isspace
  -------         ENDMOD        ISSPACE

*** WARNING L16: UNCALLED SEGMENT, IGNORED FOR OVERLAY PROCESS
    SEGMENT: ?PR?_DAY_OF_YEAR?PCF85063BTL

*** WARNING L16: UNCALLED SEGMENT, IGNORED FOR OVERLAY PROCESS
    SEGMENT: ?PR?NOP?IOEXPANDER_PI4IOE5V96248

*** WARNING L16: UNCALLED SEGMENT, IGNORED FOR OVERLAY PROCESS
    SEGMENT: ?PR?UC_ACK?IOEXPANDER_PI4IOE5V96248

BL51 BANKED LINKER/LOCATER V6.22                                                      08/19/2019  13:40:08  PAGE 64


*** WARNING L16: UNCALLED SEGMENT, IGNORED FOR OVERLAY PROCESS
    SEGMENT: ?PR?UC_NACK?IOEXPANDER_PI4IOE5V96248

*** WARNING L16: UNCALLED SEGMENT, IGNORED FOR OVERLAY PROCESS
    SEGMENT: ?PR?_TEN?UART1

*** WARNING L16: UNCALLED SEGMENT, IGNORED FOR OVERLAY PROCESS
    SEGMENT: ?PR?_UNIT?UART1

*** WARNING L16: UNCALLED SEGMENT, IGNORED FOR OVERLAY PROCESS
    SEGMENT: ?PR?_DECTOBCD?UART1

*** WARNING L16: UNCALLED SEGMENT, IGNORED FOR OVERLAY PROCESS
    SEGMENT: ?PR?_ASCII_LETTER?UART1

*** WARNING L16: UNCALLED SEGMENT, IGNORED FOR OVERLAY PROCESS
    SEGMENT: ?PR?_ASCIITOBCD?UART1

Program Size: data=15.4 xdata=1622 code=29809
LINK/LOCATE RUN COMPLETE.  9 WARNING(S),  0 ERROR(S)
