BL51 BANKED LINKER/LOCATER V6.22                                                        12/21/2018  14:38:06  PAGE 1


BL51 BANKED LINKER/LOCATER V6.22, INVOKED BY:
C:\KEIL_V5\C51\BIN\BL51.EXE .\Obj\main.obj, .\Obj\PCF85063BTL.obj, .\Obj\UART1.obj, .\Obj\LCd_Driver_SPLC780D.obj, .\Obj
>> \KeyPad.obj, .\Obj\VCNL4035.obj, .\Obj\BipolarMotor.obj, .\Obj\SunPos.obj, .\Obj\ADC.obj, .\Obj\Calibration.obj, .\Ob
>> j\STARTUP.obj TO .\Obj\GPIO_RTC_Test PRINT (.\Lis\GPIO_RTC_Test.m51) RAMSIZE (256)


MEMORY MODEL: LARGE WITH FLOATING POINT ARITHMETIC


INPUT MODULES INCLUDED:
  .\Obj\main.obj (MAIN)
  .\Obj\PCF85063BTL.obj (PCF85063BTL)
  .\Obj\UART1.obj (UART1)
  .\Obj\LCd_Driver_SPLC780D.obj (LCD_DRIVER_SPLC780D)
  .\Obj\KeyPad.obj (KEYPAD)
  .\Obj\VCNL4035.obj (VCNL4035)
  .\Obj\BipolarMotor.obj (BIPOLARMOTOR)
  .\Obj\SunPos.obj (SUNPOS)
  .\Obj\ADC.obj (ADC)
  .\Obj\Calibration.obj (CALIBRATION)
  .\Obj\STARTUP.obj (?C_STARTUP)
  C:\KEIL_V5\C51\LIB\C51FPL.LIB (?C?FPADD)
  C:\KEIL_V5\C51\LIB\C51FPL.LIB (?C?FPMUL)
  C:\KEIL_V5\C51\LIB\C51FPL.LIB (?C?FPDIV)
  C:\KEIL_V5\C51\LIB\C51FPL.LIB (?C?FPCMP)
  C:\KEIL_V5\C51\LIB\C51FPL.LIB (?C?FPNEG)
  C:\KEIL_V5\C51\LIB\C51FPL.LIB (?C?FCAST)
  C:\KEIL_V5\C51\LIB\C51FPL.LIB (?C?CASTF)
  C:\KEIL_V5\C51\LIB\C51FPL.LIB (ATAN2)
  C:\KEIL_V5\C51\LIB\C51FPL.LIB (SIN)
  C:\KEIL_V5\C51\LIB\C51FPL.LIB (ACOS)
  C:\KEIL_V5\C51\LIB\C51FPL.LIB (ASIN)
  C:\KEIL_V5\C51\LIB\C51FPL.LIB (?C?FPGETOPN)
  C:\KEIL_V5\C51\LIB\C51FPL.LIB (?C?FPSERIES)
  C:\KEIL_V5\C51\LIB\C51FPL.LIB (SQRT)
  C:\KEIL_V5\C51\LIB\C51FPL.LIB (ATAN)
  C:\KEIL_V5\C51\LIB\C51L.LIB (?C_INIT)
  C:\KEIL_V5\C51\LIB\C51L.LIB (?C?COPY)
  C:\KEIL_V5\C51\LIB\C51L.LIB (?C?CLDPTR)
  C:\KEIL_V5\C51\LIB\C51L.LIB (?C?CSTPTR)
  C:\KEIL_V5\C51\LIB\C51L.LIB (?C?IMUL)
  C:\KEIL_V5\C51\LIB\C51L.LIB (?C?UIDIV)
  C:\KEIL_V5\C51\LIB\C51L.LIB (?C?SIDIV)
  C:\KEIL_V5\C51\LIB\C51L.LIB (?C?ILDIX)
  C:\KEIL_V5\C51\LIB\C51L.LIB (?C?ILDOPTR)
  C:\KEIL_V5\C51\LIB\C51L.LIB (?C?LMUL)
  C:\KEIL_V5\C51\LIB\C51L.LIB (?C?SLDIV)
  C:\KEIL_V5\C51\LIB\C51L.LIB (?C?LNEG)
  C:\KEIL_V5\C51\LIB\C51L.LIB (?C?LLDPTR)
  C:\KEIL_V5\C51\LIB\C51L.LIB (?C?LLDOPTR)
  C:\KEIL_V5\C51\LIB\C51L.LIB (?C?LSTPTR)
  C:\KEIL_V5\C51\LIB\C51L.LIB (?C?LSTOPTR)
  C:\KEIL_V5\C51\LIB\C51L.LIB (?C?LLDXDATA)
  C:\KEIL_V5\C51\LIB\C51L.LIB (?C?LLDCODE)
  C:\KEIL_V5\C51\LIB\C51L.LIB (?C?LLDXDATA0)
  C:\KEIL_V5\C51\LIB\C51L.LIB (?C?LLDCODE0)
  C:\KEIL_V5\C51\LIB\C51L.LIB (?C?LLDPTR0)
  C:\KEIL_V5\C51\LIB\C51L.LIB (?C?LSTXDATA)
BL51 BANKED LINKER/LOCATER V6.22                                                      12/21/2018  14:38:06  PAGE 2


  C:\KEIL_V5\C51\LIB\C51L.LIB (?C?LSTKXDATA)
  C:\KEIL_V5\C51\LIB\C51L.LIB (?C?OFFXADD)
  C:\KEIL_V5\C51\LIB\C51L.LIB (ABS)
  C:\KEIL_V5\C51\LIB\C51L.LIB (ATOI)
  C:\KEIL_V5\C51\LIB\C51L.LIB (?C?IILDX)
  C:\KEIL_V5\C51\LIB\C51L.LIB (?C?ULDIV)
  C:\KEIL_V5\C51\LIB\C51L.LIB (?C?LLDIDATA)
  C:\KEIL_V5\C51\LIB\C51L.LIB (?C?LLDPDATA)
  C:\KEIL_V5\C51\LIB\C51L.LIB (?C?LLDIDATA0)
  C:\KEIL_V5\C51\LIB\C51L.LIB (?C?LLDPDATA0)
  C:\KEIL_V5\C51\LIB\C51L.LIB (?C?LSTIDATA)
  C:\KEIL_V5\C51\LIB\C51L.LIB (?C?LSTPDATA)
  C:\KEIL_V5\C51\LIB\C51L.LIB (ISDIGIT)
  C:\KEIL_V5\C51\LIB\C51L.LIB (ISSPACE)


LINK MAP OF MODULE:  .\Obj\GPIO_RTC_Test (MAIN)


            TYPE    BASE      LENGTH    RELOCATION   SEGMENT NAME
            -----------------------------------------------------

            * * * * * * *   D A T A   M E M O R Y   * * * * * * *
            REG     0000H     0008H     ABSOLUTE     "REG BANK 0"
            REG     0008H     0008H     ABSOLUTE     "REG BANK 1"
                    0010H     0010H                  *** GAP ***
            BIT     0020H.0   0000H.5   UNIT         ?BI?KEYPAD
            BIT     0020H.5   0000H.4   UNIT         _BIT_GROUP_
            BIT     0021H.1   0000H.1   UNIT         ?BI?MAIN
                    0021H.2   0000H.6                *** GAP ***
            IDATA   0022H     0001H     UNIT         ?STACK

            * * * * * * *  X D A T A   M E M O R Y  * * * * * * *
            XDATA   0000H     03C1H     UNIT         ?XD?BIPOLARMOTOR
            XDATA   03C1H     0137H     UNIT         _XDATA_GROUP_
            XDATA   04F8H     00EDH     UNIT         ?XD?MAIN
            XDATA   05E5H     0040H     UNIT         ?XD?_FINDDET4X4?BIPOLARMOTOR
            XDATA   0625H     0024H     UNIT         ?XD?_FINDDET3X3?BIPOLARMOTOR
            XDATA   0649H     001EH     UNIT         ?XD?_CALIB_INTERPOLATE?MAIN
            XDATA   0667H     0009H     UNIT         ?XD?KEYPAD
            XDATA   0670H     0008H     UNIT         ?XD?_READ_VCNL4035?VCNL4035
            XDATA   0678H     0004H     UNIT         ?XD?_DISPLAY_PROX?MAIN
            XDATA   067CH     0003H     UNIT         ?XD?_SENDSTRING?UART1
            XDATA   067FH     0003H     UNIT         ?XD?_WRITE_VCNL4035X?VCNL4035
            XDATA   0682H     0001H     UNIT         ?XD?I2C_ACK?VCNL4035
            XDATA   0683H     0001H     UNIT         ?XD?UC_ACK?VCNL4035
            XDATA   0684H     0001H     UNIT         ?XD?UC_NACK?VCNL4035
            XDATA   0685H     0001H     UNIT         ?XD?_DISPLAYLCD_VCNL4035?VCNL4035

            * * * * * * *   C O D E   M E M O R Y   * * * * * * *
            CODE    0000H     0003H     ABSOLUTE     
            CODE    0003H     0006H     UNIT         ?PR?_TEN?UART1
            CODE    0009H     0001H     UNIT         ?PR?_DECTOBCD?UART1
            CODE    000AH     0001H     UNIT         ?PR?NOP?VCNL4035
            CODE    000BH     0003H     ABSOLUTE     
            CODE    000EH     0015H     UNIT         ?PR?_DISPLAY_LINE?LCD_DRIVER_SPLC780D
            CODE    0023H     0003H     ABSOLUTE     
BL51 BANKED LINKER/LOCATER V6.22                                                      12/21/2018  14:38:06  PAGE 3


            CODE    0026H     08FAH     UNIT         ?C?LIB_CODE
            CODE    0920H     07DBH     UNIT         ?PR?_UPDATE_POSITION?BIPOLARMOTOR
            CODE    10FBH     07A2H     UNIT         ?PR?SUNPOS?SUNPOS
            CODE    189DH     0423H     UNIT         ?C_INITSEG
            CODE    1CC0H     0393H     UNIT         ?PR?MAIN?MAIN
            CODE    2053H     02C0H     UNIT         ?PR?_FINDDET4X4?BIPOLARMOTOR
            CODE    2313H     02A0H     UNIT         ?PR?KEY_PROCESS?KEYPAD
            CODE    25B3H     01FFH     UNIT         ?PR?_FIND_REAL_MAX?CALIBRATION
            CODE    27B2H     01D1H     UNIT         ?PR?_FINDDET3X3?BIPOLARMOTOR
            CODE    2983H     01B5H     UNIT         ?PR?_DISPLAY_POS?MAIN
            CODE    2B38H     01A1H     UNIT         ?PR?_CALIB_INTERPOLATE?MAIN
            CODE    2CD9H     018DH     UNIT         ?PR?KEY_SCAN?KEYPAD
            CODE    2E66H     0188H     UNIT         ?PR?SIN?SIN
            CODE    2FEEH     0122H     UNIT         ?PR?ATAN?ATAN
            CODE    3110H     00DBH     UNIT         ?PR?_ATOI?ATOI
            CODE    31EBH     00C8H     UNIT         ?PR?_CALIBRATION?CALIBRATION
            CODE    32B3H     00BBH     UNIT         ?PR?VOLTAGE_IS_STABLE?CALIBRATION
            CODE    336EH     00B1H     UNIT         ?PR?LINEAR_INTERPOLATE?BIPOLARMOTOR
            CODE    341FH     00ACH     UNIT         ?PR?SQRT?SQRT
            CODE    34CBH     009DH     UNIT         ?PR?_ATAN2?ATAN2
            CODE    3568H     009BH     UNIT         ?PR?UART?MAIN
            CODE    3603H     009AH     UNIT         ?PR?_READ_VCNL4035?VCNL4035
            CODE    369DH     0095H     UNIT         ?PR?_DISPLAY_PROX?MAIN
            CODE    3732H     0093H     UNIT         ?PR?_MAX_VALUE?CALIBRATION
            CODE    37C5H     008CH     UNIT         ?C_C51STARTUP
            CODE    3851H     0084H     UNIT         ?PR?_DAY_OF_YEAR?PCF85063BTL
            CODE    38D5H     0075H     UNIT         ?PR?_WRITEDATA?LCD_DRIVER_SPLC780D
            CODE    394AH     006FH     UNIT         ?PR?_READ_TIME?PCF85063BTL
            CODE    39B9H     0059H     UNIT         ?PR?LCD_INIT?LCD_DRIVER_SPLC780D
            CODE    3A12H     004AH     UNIT         ?PR?ACOS?ACOS
            CODE    3A5CH     0049H     UNIT         ?PR?_WRITE_VCNL4035X?VCNL4035
            CODE    3AA5H     0047H     UNIT         ?PR?_STEP_MOVE?BIPOLARMOTOR
            CODE    3AECH     0046H     UNIT         ?PR?VONESTEPMOVE?BIPOLARMOTOR
            CODE    3B32H     0044H     UNIT         ?C?LDIV
            CODE    3B76H     0040H     UNIT         ?PR?_COMMAND?LCD_DRIVER_SPLC780D
            CODE    3BB6H     003BH     UNIT         ?PR?ASIN?ASIN
            CODE    3BF1H     0033H     UNIT         ?PR?_SENDSTRING?UART1
            CODE    3C24H     0033H     UNIT         ?PR?_MOVE?BIPOLARMOTOR
            CODE    3C57H     002CH     UNIT         ?PR?I2C_RECEIVEBYTE?VCNL4035
            CODE    3C83H     002BH     UNIT         ?PR?_WAIT_MS_I2C?VCNL4035
            CODE    3CAEH     0026H     UNIT         ?PR?_ADC_GETRESULT?ADC
            CODE    3CD4H     0024H     UNIT         ?PR?_WAIT_MS?LCD_DRIVER_SPLC780D
            CODE    3CF8H     0022H     UNIT         ?PR?_I2C_SENDBYTE?VCNL4035
            CODE    3D1AH     0020H     UNIT         ?PR?_SPI_SENDBYTE?PCF85063BTL
            CODE    3D3AH     0020H     UNIT         ?PR?SPI_RECEIVEBYTE?PCF85063BTL
            CODE    3D5AH     001EH     UNIT         ?PR?_DELAY_MS?KEYPAD
            CODE    3D78H     001EH     UNIT         ?PR?_WAIT_MS_IIC?VCNL4035
            CODE    3D96H     001DH     UNIT         ?PR?_DISPLAYLCD?LCD_DRIVER_SPLC780D
            CODE    3DB3H     001BH     UNIT         ?PR?TM0_ISR?MAIN
            CODE    3DCEH     001BH     UNIT         ?PR?I2C_ACK?VCNL4035
            CODE    3DE9H     001BH     UNIT         ?PR?_BCDTODEC1?BIPOLARMOTOR
            CODE    3E04H     0018H     UNIT         ?PR?_SPI_WRITETIME?PCF85063BTL
            CODE    3E1CH     0017H     UNIT         ?PR?_ASCIITOBCD?UART1
            CODE    3E33H     0017H     UNIT         ?PR?I2C_INIT?VCNL4035
            CODE    3E4AH     0017H     UNIT         ?PR?ADC_INIT?ADC
            CODE    3E61H     0015H     UNIT         ?PR?I2C_STOP?VCNL4035
            CODE    3E76H     0014H     UNIT         ?PR?_PCF85063BTL_DELAY?PCF85063BTL
BL51 BANKED LINKER/LOCATER V6.22                                                      12/21/2018  14:38:06  PAGE 4


            CODE    3E8AH     0014H     UNIT         ?PR?_ISSPACE?ISSPACE
            CODE    3E9EH     0013H     UNIT         ?PR?I2C_START?VCNL4035
            CODE    3EB1H     0011H     UNIT         ?PR?_SPI_READTIME?PCF85063BTL
            CODE    3EC2H     0011H     UNIT         ?PR?_BCDTODEC?PCF85063BTL
            CODE    3ED3H     0011H     UNIT         ?PR?INITUART1?UART1
            CODE    3EE4H     000FH     UNIT         ?PR?UC_NACK?VCNL4035
            CODE    3EF3H     000FH     UNIT         ?PR?_ISDIGIT?ISDIGIT
            CODE    3F02H     000DH     UNIT         ?PR?SPI_INIT?PCF85063BTL
            CODE    3F0FH     000CH     UNIT         ?PR?KEYPAD_IO_INIT?KEYPAD
            CODE    3F1BH     000CH     UNIT         ?PR?_ABS?ABS
            CODE    3F27H     000AH     UNIT         ?PR?LCD_RETURN_HOME?LCD_DRIVER_SPLC780D
            CODE    3F31H     000AH     UNIT         ?PR?LCD_CLEAR?LCD_DRIVER_SPLC780D
            CODE    3F3BH     0009H     UNIT         ?PR?_SENDUART1?MAIN
            CODE    3F44H     0006H     UNIT         ?PR?UC_ACK?VCNL4035
            CODE    3F4AH     0006H     UNIT         ?PR?_DISPLAYLCD_VCNL4035?VCNL4035
            CODE    3F50H     0005H     UNIT         ?PR?_UNIT?UART1
            CODE    3F55H     0005H     UNIT         ?PR?_ASCII_LETTER?UART1
            CODE    3F5AH     0001H     UNIT         ?PR?WAIT?BIPOLARMOTOR



OVERLAY MAP OF MODULE:   .\Obj\GPIO_RTC_Test (MAIN)


SEGMENT                                            BIT_GROUP          XDATA_GROUP
  +--> CALLED SEGMENT                           START    LENGTH     START    LENGTH
-----------------------------------------------------------------------------------
?PR?UART?MAIN                                   -----    -----      -----    -----
  +--> ?PR?_ASCIITOBCD?UART1

?PR?_ASCIITOBCD?UART1                           -----    -----      -----    -----
  +--> ?PR?_ATOI?ATOI

?PR?_ATOI?ATOI                                  0020H.5  0000H.1    03C1H    0005H
  +--> ?PR?_ISSPACE?ISSPACE
  +--> ?PR?_ISDIGIT?ISDIGIT

*** NEW ROOT ***************************************************

?C_C51STARTUP                                   -----    -----      -----    -----
  +--> ?PR?MAIN?MAIN
  +--> ?C_INITSEG

?PR?MAIN?MAIN                                   -----    -----      03C6H    000AH
  +--> ?PR?LCD_INIT?LCD_DRIVER_SPLC780D
  +--> ?PR?SPI_INIT?PCF85063BTL
  +--> ?PR?KEYPAD_IO_INIT?KEYPAD
  +--> ?PR?ADC_INIT?ADC
  +--> ?PR?_DELAY_MS?KEYPAD
  +--> ?PR?_DISPLAY_LINE?LCD_DRIVER_SPLC780D
  +--> ?PR?_WRITEDATA?LCD_DRIVER_SPLC780D
  +--> ?PR?KEY_PROCESS?KEYPAD
  +--> ?PR?_COMMAND?LCD_DRIVER_SPLC780D
  +--> ?PR?_DISPLAY_POS?MAIN
  +--> ?PR?_DISPLAYLCD?LCD_DRIVER_SPLC780D
  +--> ?PR?_STEP_MOVE?BIPOLARMOTOR
  +--> ?PR?LCD_RETURN_HOME?LCD_DRIVER_SPLC780D
BL51 BANKED LINKER/LOCATER V6.22                                                      12/21/2018  14:38:06  PAGE 5


  +--> ?PR?_READ_TIME?PCF85063BTL
  +--> ?PR?_DAY_OF_YEAR?PCF85063BTL
  +--> ?PR?_BCDTODEC1?BIPOLARMOTOR
  +--> ?PR?_CALIBRATION?CALIBRATION

?PR?LCD_INIT?LCD_DRIVER_SPLC780D                -----    -----      -----    -----
  +--> ?PR?_WAIT_MS?LCD_DRIVER_SPLC780D
  +--> ?PR?_COMMAND?LCD_DRIVER_SPLC780D

?PR?_COMMAND?LCD_DRIVER_SPLC780D                -----    -----      -----    -----
  +--> ?PR?_WAIT_MS?LCD_DRIVER_SPLC780D

?PR?ADC_INIT?ADC                                -----    -----      -----    -----
  +--> ?PR?_WAIT_MS?LCD_DRIVER_SPLC780D

?PR?_DISPLAY_LINE?LCD_DRIVER_SPLC780D           -----    -----      -----    -----
  +--> ?PR?_COMMAND?LCD_DRIVER_SPLC780D

?PR?_WRITEDATA?LCD_DRIVER_SPLC780D              -----    -----      03DAH    0001H
  +--> ?PR?_WAIT_MS?LCD_DRIVER_SPLC780D

?PR?KEY_PROCESS?KEYPAD                          -----    -----      03D0H    0006H
  +--> ?PR?KEY_SCAN?KEYPAD
  +--> ?PR?_SPI_WRITETIME?PCF85063BTL
  +--> ?PR?LCD_CLEAR?LCD_DRIVER_SPLC780D
  +--> ?PR?_COMMAND?LCD_DRIVER_SPLC780D
  +--> ?PR?_WRITEDATA?LCD_DRIVER_SPLC780D

?PR?KEY_SCAN?KEYPAD                             -----    -----      03D6H    0003H

?PR?_SPI_WRITETIME?PCF85063BTL                  -----    -----      -----    -----
  +--> ?PR?_SPI_SENDBYTE?PCF85063BTL

?PR?_SPI_SENDBYTE?PCF85063BTL                   -----    -----      -----    -----
  +--> ?PR?_PCF85063BTL_DELAY?PCF85063BTL

?PR?LCD_CLEAR?LCD_DRIVER_SPLC780D               -----    -----      -----    -----
  +--> ?PR?_COMMAND?LCD_DRIVER_SPLC780D

?PR?_DISPLAY_POS?MAIN                           -----    -----      03D0H    000AH
  +--> ?PR?_ABS?ABS
  +--> ?PR?_WRITEDATA?LCD_DRIVER_SPLC780D

?PR?_DISPLAYLCD?LCD_DRIVER_SPLC780D             -----    -----      03D0H    0001H
  +--> ?PR?_WRITEDATA?LCD_DRIVER_SPLC780D

?PR?_STEP_MOVE?BIPOLARMOTOR                     0020H.7  0000H.1    0493H    0004H
  +--> ?PR?VONESTEPMOVE?BIPOLARMOTOR
  +--> ?PR?_WAIT_MS?LCD_DRIVER_SPLC780D

?PR?VONESTEPMOVE?BIPOLARMOTOR                   0021H.0  0000H.1    0497H    0001H

?PR?LCD_RETURN_HOME?LCD_DRIVER_SPLC780D         -----    -----      -----    -----
  +--> ?PR?_COMMAND?LCD_DRIVER_SPLC780D

?PR?_READ_TIME?PCF85063BTL                      -----    -----      03D0H    000FH
  +--> ?PR?_SPI_READTIME?PCF85063BTL
BL51 BANKED LINKER/LOCATER V6.22                                                      12/21/2018  14:38:06  PAGE 6



?PR?_SPI_READTIME?PCF85063BTL                   -----    -----      -----    -----
  +--> ?PR?_SPI_SENDBYTE?PCF85063BTL
  +--> ?PR?SPI_RECEIVEBYTE?PCF85063BTL

?PR?SPI_RECEIVEBYTE?PCF85063BTL                 -----    -----      -----    -----
  +--> ?PR?_PCF85063BTL_DELAY?PCF85063BTL

?PR?_DAY_OF_YEAR?PCF85063BTL                    -----    -----      -----    -----
  +--> ?PR?_BCDTODEC?PCF85063BTL

?PR?_CALIBRATION?CALIBRATION                    -----    -----      03D0H    0010H
  +--> ?PR?VOLTAGE_IS_STABLE?CALIBRATION
  +--> ?PR?_UPDATE_POSITION?BIPOLARMOTOR
  +--> ?PR?_FIND_REAL_MAX?CALIBRATION

?PR?VOLTAGE_IS_STABLE?CALIBRATION               -----    -----      03E0H    0018H
  +--> ?PR?_ADC_GETRESULT?ADC
  +--> ?PR?_ABS?ABS

?PR?_UPDATE_POSITION?BIPOLARMOTOR               -----    -----      03E0H    00AFH
  +--> ?PR?_BCDTODEC1?BIPOLARMOTOR
  +--> ?PR?SUNPOS?SUNPOS
  +--> ?PR?SIN?SIN
  +--> ?PR?ASIN?ASIN
  +--> ?PR?LINEAR_INTERPOLATE?BIPOLARMOTOR
  +--> ?PR?_ABS?ABS
  +--> ?PR?_MOVE?BIPOLARMOTOR

?PR?SUNPOS?SUNPOS                               -----    -----      048FH    005DH
  +--> ?PR?SIN?SIN
  +--> ?PR?_ATAN2?ATAN2
  +--> ?PR?ASIN?ASIN
  +--> ?PR?ACOS?ACOS

?PR?SIN?SIN                                     0020H.6  0000H.1    04ECH    0004H

?PR?_ATAN2?ATAN2                                -----    -----      04ECH    0008H
  +--> ?PR?ATAN?ATAN

?PR?ATAN?ATAN                                   0020H.6  0000H.2    04F4H    0004H

?PR?ASIN?ASIN                                   -----    -----      -----    -----
  +--> ?PR?SQRT?SQRT
  +--> ?PR?ATAN?ATAN

?PR?SQRT?SQRT                                   -----    -----      04ECH    0004H

?PR?ACOS?ACOS                                   -----    -----      -----    -----
  +--> ?PR?SQRT?SQRT
  +--> ?PR?ATAN?ATAN

?PR?LINEAR_INTERPOLATE?BIPOLARMOTOR             -----    -----      048FH    0014H

?PR?_MOVE?BIPOLARMOTOR                          0020H.6  0000H.1    048FH    0004H
  +--> ?PR?_STEP_MOVE?BIPOLARMOTOR

BL51 BANKED LINKER/LOCATER V6.22                                                      12/21/2018  14:38:06  PAGE 7


?PR?_FIND_REAL_MAX?CALIBRATION                  -----    -----      03E0H    005CH
  +--> ?PR?_MOVE?BIPOLARMOTOR
  +--> ?PR?_ADC_GETRESULT?ADC
  +--> ?PR?_WAIT_MS?LCD_DRIVER_SPLC780D
  +--> ?PR?_MAX_VALUE?CALIBRATION

?PR?_MAX_VALUE?CALIBRATION                      -----    -----      043CH    0004H



UNRESOLVED EXTERNAL SYMBOLS:
   AUTO_MODE



SYMBOL TABLE OF MODULE:  .\Obj\GPIO_RTC_Test (MAIN)

  VALUE           TYPE          NAME
  ----------------------------------

  -------         MODULE        MAIN
  C:0000H         SYMBOL        _ICE_DUMMY_
  X:0500H         PUBLIC        calib_value
  D:0080H         PUBLIC        P0
  D:00B2H         PUBLIC        P3M0
  D:0090H         PUBLIC        P1
  D:00B1H         PUBLIC        P3M1
  D:00A0H         PUBLIC        P2
  D:00B0H         PUBLIC        P3
  D:00C0H         PUBLIC        P4
  D:00C8H         PUBLIC        P5
  X:0560H         SYMBOL        PressedKey
  B:00A8H.7       PUBLIC        EA
  D:00E8H         PUBLIC        P6
  D:00F8H         PUBLIC        P7
  X:0564H         PUBLIC        RX_Data_Uart_Cnt
  C:2B38H         PUBLIC        _calib_interpolate
  D:00A8H         PUBLIC        IE
  X:0566H         PUBLIC        calib_time
  D:00B8H         PUBLIC        IP
  B:0098H.0       PUBLIC        RI
  X:05C6H         PUBLIC        months
  B:0098H.1       PUBLIC        TI
  C:3568H         PUBLIC        Uart
  D:00D8H         PUBLIC        CCON
  C:1CC0H         PUBLIC        main
  X:05C7H         PUBLIC        count
  D:0099H         PUBLIC        SBUF
  X:05C9H         PUBLIC        days
  X:05CAH         PUBLIC        lcd
  X:05CCH         PUBLIC        hours
  D:0098H         PUBLIC        SCON
  D:0089H         PUBLIC        TMOD
  D:0088H         PUBLIC        TCON
  X:05CDH         SYMBOL        KeyCount
  X:05CFH         PUBLIC        mins
  X:05D0H         PUBLIC        Rec_data_hour
BL51 BANKED LINKER/LOCATER V6.22                                                      12/21/2018  14:38:06  PAGE 8


  B:00C0H.5       PUBLIC        P45
  X:05D3H         PUBLIC        Rec_data_min
  D:008EH         PUBLIC        AUXR
  C:3DB3H         PUBLIC        tm0_isr
  B:0021H.1       PUBLIC        busy
  D:00E0H         PUBLIC        ACC
  B:00A8H.1       PUBLIC        ET0
  D:008CH         PUBLIC        TH0
  X:05D6H         PUBLIC        hour_count
  D:008AH         PUBLIC        TL0
  X:05D7H         PUBLIC        min_count
  B:0088H.4       PUBLIC        TR0
  X:05D8H         SYMBOL        KeyNum
  X:05D9H         SYMBOL        KeyNum_Old
  X:05DAH         PUBLIC        current_position
  X:05DEH         PUBLIC        hours1
  X:05DFH         PUBLIC        hours2
  C:369DH         PUBLIC        _Display_Prox
  X:05E0H         PUBLIC        mins1
  X:05E1H         PUBLIC        mins2
  C:2983H         PUBLIC        _Display_Pos
  X:05E2H         PUBLIC        seconds
  X:05E3H         PUBLIC        st_time
  D:00D0H         PUBLIC        PSW
  C:3F3BH         PUBLIC        _SendUART1
  -------         PROC          TM0_ISR
  C:3DB3H         LINE#         72
  C:3DB9H         LINE#         75
  C:3DC7H         LINE#         119
  -------         ENDPROC       TM0_ISR
  -------         PROC          MAIN
  -------         DO            
  X:03C6H         SYMBOL        prox_data
  X:04F8H         SYMBOL        KeyCount
  X:04FAH         SYMBOL        KeyNum_Old
  X:04FBH         SYMBOL        KeyNum
  X:04FCH         SYMBOL        PressedKey
  X:03C8H         SYMBOL        prox_flag
  X:03C9H         SYMBOL        calib_day
  X:03CBH         SYMBOL        numStr
  -------         ENDDO         
  C:1CC0H         LINE#         121
  C:1CC0H         LINE#         122
  C:1CC0H         LINE#         127
  C:1CC6H         LINE#         129
  C:1CCBH         LINE#         132
  C:1CCDH         LINE#         133
  C:1CCFH         LINE#         134
  C:1CD1H         LINE#         135
  C:1CD3H         LINE#         137
  C:1CD9H         LINE#         147
  C:1CDBH         LINE#         148
  C:1CDEH         LINE#         149
  C:1CE1H         LINE#         150
  C:1CE4H         LINE#         151
  C:1CE7H         LINE#         152
  C:1CEAH         LINE#         155
BL51 BANKED LINKER/LOCATER V6.22                                                      12/21/2018  14:38:06  PAGE 9


  C:1CEDH         LINE#         157
  C:1CF0H         LINE#         158
  C:1CF3H         LINE#         159
  C:1CF6H         LINE#         160
  C:1CF8H         LINE#         161
  C:1CFAH         LINE#         162
  C:1CFCH         LINE#         164
  C:1CFEH         LINE#         166
  C:1D05H         LINE#         168
  C:1D0CH         LINE#         172
  C:1D13H         LINE#         173
  C:1D18H         LINE#         174
  C:1D1DH         LINE#         175
  C:1D22H         LINE#         176
  C:1D27H         LINE#         177
  C:1D2CH         LINE#         180
  C:1D2CH         LINE#         181
  C:1D2CH         LINE#         182
  C:1D2FH         LINE#         185
  C:1D2FH         LINE#         188
  C:1D34H         LINE#         189
  C:1D39H         LINE#         191
  C:1D3EH         LINE#         192
  C:1D43H         LINE#         193
  C:1D48H         LINE#         194
  C:1D4DH         LINE#         196
  C:1D5EH         LINE#         198
  C:1D65H         LINE#         199
  C:1D6DH         LINE#         200
  C:1D72H         LINE#         201
  C:1D7AH         LINE#         202
  C:1D7FH         LINE#         203
  C:1D89H         LINE#         204
  C:1D8EH         LINE#         205
  C:1D96H         LINE#         207
  C:1D9EH         LINE#         208
  C:1DA3H         LINE#         209
  C:1DADH         LINE#         210
  C:1DADH         LINE#         211
  C:1DAFH         LINE#         212
  C:1DB1H         LINE#         213
  C:1DBBH         LINE#         214
  C:1DBBH         LINE#         215
  C:1DC0H         LINE#         216
  C:1DC0H         LINE#         228
  C:1DCDH         LINE#         229
  C:1DCDH         LINE#         230
  C:1DD7H         LINE#         231
  C:1DEEH         LINE#         232
  C:1DEEH         LINE#         233
  C:1DF0H         LINE#         234
  C:1DF2H         LINE#         236
  C:1DF2H         LINE#         237
  C:1DFDH         LINE#         238
  C:1DFDH         LINE#         239
  C:1E02H         LINE#         240
  C:1E02H         LINE#         241
BL51 BANKED LINKER/LOCATER V6.22                                                      12/21/2018  14:38:06  PAGE 10


  C:1E0FH         LINE#         242
  C:1E0FH         LINE#         245
  C:1E19H         LINE#         246
  C:1E30H         LINE#         247
  C:1E30H         LINE#         248
  C:1E32H         LINE#         249
  C:1E34H         LINE#         251
  C:1E34H         LINE#         252
  C:1E3FH         LINE#         253
  C:1E3FH         LINE#         254
  C:1E44H         LINE#         255
  C:1E46H         LINE#         256
  C:1E46H         LINE#         265
  C:1E68H         LINE#         266
  C:1E68H         LINE#         267
  C:1E72H         LINE#         268
  C:1E78H         LINE#         269
  C:1E7AH         LINE#         270
  C:1E7CH         LINE#         271
  C:1E7EH         LINE#         272
  C:1E7EH         LINE#         273
  C:1E81H         LINE#         275
  C:1E81H         LINE#         276
  C:1E87H         LINE#         277
  C:1E8FH         LINE#         278
  C:1E95H         LINE#         279
  C:1E9DH         LINE#         280
  C:1ED8H         LINE#         284
  C:1EE2H         LINE#         285
  C:1EE2H         LINE#         287
  C:1F09H         LINE#         288
  C:1F30H         LINE#         289
  C:1F30H         LINE#         292
  C:1F30H         LINE#         294
  C:1F30H         LINE#         295
  C:1F53H         LINE#         296
  C:1F53H         LINE#         297
  C:1F55H         LINE#         298
  C:1F5CH         LINE#         299
  C:1F5CH         LINE#         303
  C:1F86H         LINE#         304
  C:1F86H         LINE#         306
  C:1FCCH         LINE#         307
  C:201DH         LINE#         308
  C:202BH         LINE#         309
  C:202BH         LINE#         310
  C:2040H         LINE#         311
  C:2042H         LINE#         313
  C:2042H         LINE#         315
  C:2050H         LINE#         316
  C:2050H         LINE#         333
  -------         ENDPROC       MAIN
  -------         PROC          UART
  C:3568H         LINE#         340
  C:3575H         LINE#         342
  C:3578H         LINE#         343
  C:3578H         LINE#         344
BL51 BANKED LINKER/LOCATER V6.22                                                      12/21/2018  14:38:06  PAGE 11


  C:3586H         LINE#         345
  C:3588H         LINE#         346
  C:359AH         LINE#         347
  C:35A9H         LINE#         348
  C:35B4H         LINE#         349
  C:35B4H         LINE#         352
  C:35C1H         LINE#         353
  C:35C7H         LINE#         354
  C:35C7H         LINE#         355
  C:35CDH         LINE#         356
  C:35DBH         LINE#         357
  C:35E9H         LINE#         358
  C:35F1H         LINE#         363
  C:35F1H         LINE#         364
  C:35F1H         LINE#         367
  C:35F1H         LINE#         368
  C:35F4H         LINE#         369
  C:35F4H         LINE#         370
  C:35F6H         LINE#         371
  C:35F8H         LINE#         372
  C:35F8H         LINE#         373
  -------         ENDPROC       UART
  -------         PROC          _CALIB_INTERPOLATE
  X:0649H         SYMBOL        hours
  X:064DH         SYMBOL        mins
  -------         DO            
  X:0651H         SYMBOL        p_calib1
  X:0659H         SYMBOL        p_calib2
  X:0661H         SYMBOL        i
  X:0663H         SYMBOL        current_time
  -------         ENDDO         
  C:2B38H         LINE#         376
  C:2B3EH         LINE#         377
  C:2B3EH         LINE#         381
  C:2B95H         LINE#         383
  C:2BBBH         LINE#         384
  C:2BBBH         LINE#         385
  C:2C2DH         LINE#         386
  C:2C2DH         LINE#         387
  C:2C5AH         LINE#         388
  C:2C75H         LINE#         390
  C:2CA2H         LINE#         391
  C:2CBDH         LINE#         393
  C:2CBFH         LINE#         394
  C:2CBFH         LINE#         395
  C:2CD3H         LINE#         396
  C:2CD8H         LINE#         398
  -------         ENDPROC       _CALIB_INTERPOLATE
  -------         PROC          _SENDUART1
  D:0007H         SYMBOL        dat
  C:3F3BH         LINE#         401
  C:3F3BH         LINE#         402
  C:3F3BH         LINE#         403
  C:3F3EH         LINE#         404
  C:3F40H         LINE#         405
  C:3F41H         LINE#         406
  C:3F43H         LINE#         407
BL51 BANKED LINKER/LOCATER V6.22                                                      12/21/2018  14:38:06  PAGE 12


  -------         ENDPROC       _SENDUART1
  -------         PROC          _DISPLAY_PROX
  D:0002H         SYMBOL        dat
  -------         DO            
  X:0678H         SYMBOL        unit
  X:0679H         SYMBOL        ten
  X:067AH         SYMBOL        hundred
  X:067BH         SYMBOL        thousand
  -------         ENDDO         
  C:369DH         LINE#         410
  C:36A1H         LINE#         411
  C:36A1H         LINE#         413
  C:36ADH         LINE#         414
  C:36BDH         LINE#         415
  C:36D9H         LINE#         416
  C:3709H         LINE#         417
  C:3713H         LINE#         418
  C:371DH         LINE#         419
  C:3727H         LINE#         420
  C:3731H         LINE#         422
  -------         ENDPROC       _DISPLAY_PROX
  -------         PROC          _DISPLAY_POS
  X:03D0H         SYMBOL        sign_dat
  -------         DO            
  X:03D4H         SYMBOL        unit
  X:03D5H         SYMBOL        ten
  X:03D6H         SYMBOL        hundred
  D:0003H         SYMBOL        thousand
  X:03D7H         SYMBOL        after_dot
  X:03D8H         SYMBOL        dat
  -------         ENDDO         
  C:2983H         LINE#         425
  C:2989H         LINE#         426
  C:2989H         LINE#         430
  C:29A5H         LINE#         431
  C:29BFH         LINE#         432
  C:29E3H         LINE#         434
  C:2A2DH         LINE#         436
  C:2A44H         LINE#         437
  C:2A51H         LINE#         438
  C:2A73H         LINE#         439
  C:2AA8H         LINE#         440
  C:2AC0H         LINE#         441
  C:2AC0H         LINE#         443
  C:2ACAH         LINE#         444
  C:2AD4H         LINE#         445
  C:2ADEH         LINE#         446
  C:2AE3H         LINE#         447
  C:2AEDH         LINE#         448
  C:2AF2H         LINE#         449
  C:2AF7H         LINE#         450
  C:2AF9H         LINE#         451
  C:2AFBH         LINE#         453
  C:2AFBH         LINE#         455
  C:2B00H         LINE#         456
  C:2B0AH         LINE#         457
  C:2B14H         LINE#         458
BL51 BANKED LINKER/LOCATER V6.22                                                      12/21/2018  14:38:06  PAGE 13


  C:2B1EH         LINE#         459
  C:2B23H         LINE#         460
  C:2B2DH         LINE#         461
  C:2B32H         LINE#         462
  C:2B37H         LINE#         464
  C:2B37H         LINE#         466
  -------         ENDPROC       _DISPLAY_POS
  -------         ENDMOD        MAIN

  -------         MODULE        PCF85063BTL
  C:0000H         SYMBOL        _ICE_DUMMY_
  D:0096H         PUBLIC        P2M0
  D:0080H         PUBLIC        P0
  D:0095H         PUBLIC        P2M1
  D:0090H         PUBLIC        P1
  D:00A0H         PUBLIC        P2
  D:00B0H         PUBLIC        P3
  D:00C0H         PUBLIC        P4
  D:00C8H         PUBLIC        P5
  D:00E8H         PUBLIC        P6
  B:00A0H.1       PUBLIC        PCF85063BTL_SDI
  D:00F8H         PUBLIC        P7
  B:00A0H.2       PUBLIC        PCF85063BTL_SCK
  B:00A0H.1       PUBLIC        PCF85063BTL_SDO
  D:00A8H         PUBLIC        IE
  C:394AH         PUBLIC        _Read_time
  C:3E7CH         PUBLIC        _PCF85063BTL_Delay
  D:00B8H         PUBLIC        IP
  D:00D8H         PUBLIC        CCON
  C:3851H         PUBLIC        _Day_Of_Year
  C:3D3AH         PUBLIC        SPI_ReceiveByte
  D:0098H         PUBLIC        SCON
  D:0088H         PUBLIC        TCON
  C:3EC2H         PUBLIC        _BCDtoDec
  B:00A0H.0       PUBLIC        PCF85063BTL_CS
  C:3EB1H         PUBLIC        _SPI_ReadTime
  C:3F02H         PUBLIC        SPI_Init
  C:3E04H         PUBLIC        _SPI_WriteTime
  C:3D1AH         PUBLIC        _SPI_SendByte
  D:00D0H         PUBLIC        PSW
  C:3E78H         SYMBOL        L?0047
  -------         PROC          L?0046
  -------         ENDPROC       L?0046
  C:3E78H         SYMBOL        L?0047
  -------         PROC          _PCF85063BTL_DELAY
  D:0006H         SYMBOL        us
  C:3E7CH         LINE#         8
  C:3E7CH         LINE#         9
  C:3E7CH         LINE#         10
  C:3E86H         LINE#         11
  C:3E86H         LINE#         12
  C:3E87H         LINE#         13
  C:3E89H         LINE#         14
  -------         ENDPROC       _PCF85063BTL_DELAY
  -------         PROC          _SPI_SENDBYTE
  D:0005H         SYMBOL        dat
  -------         DO            
BL51 BANKED LINKER/LOCATER V6.22                                                      12/21/2018  14:38:06  PAGE 14


  D:0003H         SYMBOL        i
  -------         ENDDO         
  C:3D1AH         LINE#         17
  C:3D1CH         LINE#         18
  C:3D1CH         LINE#         20
  C:3D1EH         LINE#         21
  C:3D1EH         LINE#         22
  C:3D20H         LINE#         23
  C:3D24H         LINE#         24
  C:3D24H         LINE#         25
  C:3D26H         LINE#         26
  C:3D28H         LINE#         28
  C:3D28H         LINE#         29
  C:3D2AH         LINE#         30
  C:3D2AH         LINE#         31
  C:3D2DH         LINE#         32
  C:3D2DH         LINE#         33
  C:3D30H         LINE#         34
  C:3D34H         LINE#         35
  C:3D39H         LINE#         36
  -------         ENDPROC       _SPI_SENDBYTE
  -------         PROC          SPI_RECEIVEBYTE
  -------         DO            
  D:0003H         SYMBOL        i
  D:0005H         SYMBOL        dat
  -------         ENDDO         
  C:3D3AH         LINE#         39
  C:3D3AH         LINE#         40
  C:3D3AH         LINE#         42
  C:3D3CH         LINE#         44
  C:3D3EH         LINE#         45
  C:3D3FH         LINE#         46
  C:3D3FH         LINE#         47
  C:3D43H         LINE#         48
  C:3D45H         LINE#         49
  C:3D48H         LINE#         51
  C:3D4BH         LINE#         52
  C:3D4BH         LINE#         53
  C:3D4FH         LINE#         54
  C:3D4FH         LINE#         55
  C:3D4FH         LINE#         56
  C:3D52H         LINE#         57
  C:3D57H         LINE#         58
  C:3D59H         LINE#         59
  -------         ENDPROC       SPI_RECEIVEBYTE
  -------         PROC          _SPI_READTIME
  D:0007H         SYMBOL        addr
  -------         DO            
  D:0006H         SYMBOL        dat
  -------         ENDDO         
  C:3EB1H         LINE#         61
  C:3EB1H         LINE#         62
  C:3EB1H         LINE#         64
  C:3EB3H         LINE#         65
  C:3EB5H         LINE#         66
  C:3EBCH         LINE#         67
  C:3EBFH         LINE#         68
BL51 BANKED LINKER/LOCATER V6.22                                                      12/21/2018  14:38:06  PAGE 15


  C:3EC1H         LINE#         69
  C:3EC1H         LINE#         70
  -------         ENDPROC       _SPI_READTIME
  -------         PROC          _SPI_WRITETIME
  D:0002H         SYMBOL        val
  D:0005H         SYMBOL        addr
  C:3E04H         LINE#         71
  C:3E06H         LINE#         72
  C:3E06H         LINE#         74
  C:3E08H         LINE#         75
  C:3E0FH         LINE#         76
  C:3E14H         LINE#         77
  C:3E19H         LINE#         78
  C:3E1BH         LINE#         79
  -------         ENDPROC       _SPI_WRITETIME
  -------         PROC          SPI_INIT
  C:3F02H         LINE#         83
  C:3F02H         LINE#         84
  C:3F02H         LINE#         89
  C:3F05H         LINE#         90
  C:3F08H         LINE#         91
  C:3F0AH         LINE#         92
  C:3F0CH         LINE#         93
  C:3F0EH         LINE#         94
  -------         ENDPROC       SPI_INIT
  -------         PROC          _READ_TIME
  X:03D0H         SYMBOL        months
  X:03D3H         SYMBOL        days
  X:03D6H         SYMBOL        hours
  X:03D9H         SYMBOL        mins
  X:03DCH         SYMBOL        seconds
  C:394AH         LINE#         96
  C:3955H         LINE#         97
  C:3955H         LINE#         99
  C:3969H         LINE#         101
  C:397DH         LINE#         103
  C:3991H         LINE#         108
  C:39A5H         LINE#         113
  -------         ENDPROC       _READ_TIME
  -------         PROC          _BCDTODEC
  D:0007H         SYMBOL        bcd
  -------         DO            
  D:0006H         SYMBOL        hi
  D:0007H         SYMBOL        lo
  -------         ENDDO         
  C:3EC2H         LINE#         119
  C:3EC2H         LINE#         120
  C:3EC2H         LINE#         122
  C:3EC7H         LINE#         123
  C:3ECBH         LINE#         124
  C:3ED2H         LINE#         125
  -------         ENDPROC       _BCDTODEC
  -------         PROC          _DAY_OF_YEAR
  D:0007H         SYMBOL        months_bcd
  D:0005H         SYMBOL        days_bcd
  -------         DO            
  D:0004H         SYMBOL        months
BL51 BANKED LINKER/LOCATER V6.22                                                      12/21/2018  14:38:06  PAGE 16


  D:0007H         SYMBOL        days
  -------         ENDDO         
  C:3851H         LINE#         126
  C:3851H         LINE#         127
  C:3851H         LINE#         130
  C:3856H         LINE#         132
  C:385BH         LINE#         134
  C:3894H         LINE#         135
  C:3894H         LINE#         136
  C:3894H         LINE#         137
  C:3897H         LINE#         138
  C:3897H         LINE#         139
  C:3897H         LINE#         140
  C:389CH         LINE#         141
  C:389CH         LINE#         142
  C:389CH         LINE#         143
  C:38A1H         LINE#         144
  C:38A1H         LINE#         145
  C:38A1H         LINE#         146
  C:38A6H         LINE#         147
  C:38A6H         LINE#         148
  C:38A6H         LINE#         149
  C:38ABH         LINE#         150
  C:38ABH         LINE#         151
  C:38ABH         LINE#         152
  C:38B0H         LINE#         153
  C:38B0H         LINE#         154
  C:38B0H         LINE#         155
  C:38B5H         LINE#         156
  C:38B5H         LINE#         157
  C:38B5H         LINE#         158
  C:38BAH         LINE#         159
  C:38BAH         LINE#         160
  C:38BAH         LINE#         161
  C:38C2H         LINE#         162
  C:38C2H         LINE#         163
  C:38C2H         LINE#         164
  C:38C7H         LINE#         165
  C:38C7H         LINE#         166
  C:38C7H         LINE#         167
  C:38CCH         LINE#         168
  C:38CCH         LINE#         169
  C:38CCH         LINE#         170
  C:38D4H         LINE#         171
  C:38D4H         LINE#         172
  C:38D4H         LINE#         173
  -------         ENDPROC       _DAY_OF_YEAR
  -------         ENDMOD        PCF85063BTL

  -------         MODULE        UART1
  C:0000H         SYMBOL        _ICE_DUMMY_
  D:0080H         PUBLIC        P0
  D:0090H         PUBLIC        P1
  D:00A0H         PUBLIC        P2
  D:00B0H         PUBLIC        P3
  D:00C0H         PUBLIC        P4
  D:00C8H         PUBLIC        P5
BL51 BANKED LINKER/LOCATER V6.22                                                      12/21/2018  14:38:06  PAGE 17


  B:00A8H.7       PUBLIC        EA
  D:00E8H         PUBLIC        P6
  D:00F8H         PUBLIC        P7
  C:3BF1H         PUBLIC        _SendString
  D:00A8H         PUBLIC        IE
  B:00A8H.4       PUBLIC        ES
  D:00B8H         PUBLIC        IP
  C:3E1CH         PUBLIC        _ASCIItoBCD
  D:00D8H         PUBLIC        CCON
  C:3ED3H         PUBLIC        initUART1
  D:0098H         PUBLIC        SCON
  D:0088H         PUBLIC        TCON
  C:0009H         PUBLIC        _DectoBCD
  C:3F55H         PUBLIC        _ASCII_Letter
  D:008EH         PUBLIC        AUXR
  C:3F50H         PUBLIC        _unit
  C:0003H         PUBLIC        _ten
  D:00D6H         PUBLIC        T2H
  D:00D7H         PUBLIC        T2L
  D:00D0H         PUBLIC        PSW
  -------         PROC          INITUART1
  C:3ED3H         LINE#         21
  C:3ED3H         LINE#         22
  C:3ED3H         LINE#         23
  C:3ED6H         LINE#         24
  C:3ED9H         LINE#         25
  C:3EDCH         LINE#         26
  C:3EDFH         LINE#         27
  C:3EE1H         LINE#         28
  C:3EE3H         LINE#         30
  -------         ENDPROC       INITUART1
  -------         PROC          _SENDSTRING
  X:067CH         SYMBOL        s
  C:3BF1H         LINE#         35
  C:3BFCH         LINE#         36
  C:3BFCH         LINE#         37
  C:3C0CH         LINE#         38
  C:3C0CH         LINE#         39
  C:3C21H         LINE#         40
  C:3C23H         LINE#         41
  -------         ENDPROC       _SENDSTRING
  -------         PROC          _TEN
  D:0007H         SYMBOL        BCD
  C:0003H         LINE#         43
  C:0003H         LINE#         44
  C:0003H         LINE#         45
  C:0008H         LINE#         46
  -------         ENDPROC       _TEN
  -------         PROC          _UNIT
  D:0007H         SYMBOL        BCD
  C:3F50H         LINE#         47
  C:3F50H         LINE#         48
  C:3F50H         LINE#         52
  C:3F54H         LINE#         53
  -------         ENDPROC       _UNIT
  -------         PROC          _DECTOBCD
  D:0007H         SYMBOL        dec
BL51 BANKED LINKER/LOCATER V6.22                                                      12/21/2018  14:38:06  PAGE 18


  C:0009H         LINE#         54
  C:0009H         LINE#         55
  C:0009H         LINE#         57
  C:0009H         LINE#         58
  -------         ENDPROC       _DECTOBCD
  -------         PROC          _ASCII_LETTER
  D:0007H         SYMBOL        dat
  C:3F55H         LINE#         60
  C:3F55H         LINE#         61
  C:3F55H         LINE#         63
  C:3F59H         LINE#         64
  -------         ENDPROC       _ASCII_LETTER
  -------         PROC          _ASCIITOBCD
  D:0001H         SYMBOL        ascii
  -------         DO            
  D:0007H         SYMBOL        dec_val
  D:0006H         SYMBOL        ten
  D:0007H         SYMBOL        unit
  -------         ENDDO         
  C:3E1CH         LINE#         66
  C:3E1CH         LINE#         67
  C:3E1CH         LINE#         69
  C:3E1FH         LINE#         70
  C:3E25H         LINE#         71
  C:3E2CH         LINE#         72
  C:3E32H         LINE#         74
  -------         ENDPROC       _ASCIITOBCD
  -------         ENDMOD        UART1

  -------         MODULE        LCD_DRIVER_SPLC780D
  C:0000H         SYMBOL        _ICE_DUMMY_
  D:0092H         PUBLIC        P1M0
  D:0091H         PUBLIC        P1M1
  D:0080H         PUBLIC        P0
  D:0090H         PUBLIC        P1
  D:00A0H         PUBLIC        P2
  D:00B0H         PUBLIC        P3
  D:00C0H         PUBLIC        P4
  D:00C8H         PUBLIC        P5
  D:00E8H         PUBLIC        P6
  D:00F8H         PUBLIC        P7
  C:38D5H         PUBLIC        _WriteData
  D:00A8H         PUBLIC        IE
  D:00B8H         PUBLIC        IP
  D:00D8H         PUBLIC        CCON
  B:00B0H.4       PUBLIC        LCD_D4
  B:00B0H.5       PUBLIC        LCD_D5
  B:00B0H.6       PUBLIC        LCD_D6
  C:3D96H         PUBLIC        _DisplayLCD
  B:00B0H.7       PUBLIC        LCD_D7
  D:0098H         PUBLIC        SCON
  D:0088H         PUBLIC        TCON
  C:3F31H         PUBLIC        LCD_clear
  C:3B76H         PUBLIC        _Command
  C:000EH         PUBLIC        _Display_Line
  C:39B9H         PUBLIC        LCD_Init
  C:3CDAH         PUBLIC        _Wait_ms
BL51 BANKED LINKER/LOCATER V6.22                                                      12/21/2018  14:38:06  PAGE 19


  B:00C0H.0       PUBLIC        LCD_RS
  B:00B0H.2       PUBLIC        LCD_RW
  C:3F27H         PUBLIC        LCD_return_home
  B:00B0H.3       PUBLIC        LCD_E
  D:00D0H         PUBLIC        PSW
  -------         PROC          LCD_INIT
  C:39B9H         LINE#         9
  C:39B9H         LINE#         10
  C:39B9H         LINE#         11
  C:39BCH         LINE#         12
  C:39BFH         LINE#         14
  C:39C5H         LINE#         15
  C:39CAH         LINE#         17
  C:39D1H         LINE#         18
  C:39D6H         LINE#         20
  C:39D9H         LINE#         21
  C:39DEH         LINE#         23
  C:39E1H         LINE#         24
  C:39E6H         LINE#         26
  C:39EDH         LINE#         29
  C:39F2H         LINE#         30
  C:39F7H         LINE#         32
  C:39FCH         LINE#         33
  C:3A01H         LINE#         35
  C:3A06H         LINE#         36
  C:3A0BH         LINE#         37
  -------         ENDPROC       LCD_INIT
  -------         PROC          _WRITEDATA
  X:03DAH         SYMBOL        dat
  C:38D5H         LINE#         40
  C:38DAH         LINE#         41
  C:38DAH         LINE#         46
  C:38DCH         LINE#         47
  C:38DEH         LINE#         49
  C:38ECH         LINE#         50
  C:38F8H         LINE#         51
  C:3904H         LINE#         52
  C:390EH         LINE#         53
  C:3910H         LINE#         54
  C:3917H         LINE#         55
  C:3919H         LINE#         57
  C:3929H         LINE#         58
  C:3934H         LINE#         59
  C:393EH         LINE#         60
  C:3942H         LINE#         62
  C:3942H         LINE#         63
  C:3945H         LINE#         64
  C:3947H         LINE#         65
  C:3949H         LINE#         67
  -------         ENDPROC       _WRITEDATA
  -------         PROC          _COMMAND
  D:0007H         SYMBOL        dat
  C:3B76H         LINE#         69
  C:3B76H         LINE#         70
  C:3B76H         LINE#         71
  C:3B78H         LINE#         72
  C:3B7AH         LINE#         74
BL51 BANKED LINKER/LOCATER V6.22                                                      12/21/2018  14:38:06  PAGE 20


  C:3B84H         LINE#         75
  C:3B88H         LINE#         77
  C:3B8AH         LINE#         78
  C:3B93H         LINE#         79
  C:3B97H         LINE#         81
  C:3B99H         LINE#         82
  C:3BA0H         LINE#         83
  C:3BA4H         LINE#         85
  C:3BA6H         LINE#         86
  C:3BAAH         LINE#         87
  C:3BAEH         LINE#         89
  C:3BB0H         LINE#         90
  C:3BB0H         LINE#         91
  C:3BB3H         LINE#         92
  C:3BB5H         LINE#         93
  -------         ENDPROC       _COMMAND
  C:3CD6H         SYMBOL        L?0028
  -------         PROC          L?0027
  -------         ENDPROC       L?0027
  C:3CD6H         SYMBOL        L?0028
  -------         PROC          _WAIT_MS
  D:0006H         SYMBOL        ms
  -------         DO            
  D:0004H         SYMBOL        De_Cnt
  -------         ENDDO         
  C:3CDAH         LINE#         95
  C:3CDAH         LINE#         96
  C:3CDAH         LINE#         98
  C:3CE4H         LINE#         99
  C:3CE4H         LINE#         100
  C:3CF7H         LINE#         101
  C:3CF7H         LINE#         102
  -------         ENDPROC       _WAIT_MS
  -------         PROC          _DISPLAYLCD
  D:0007H         SYMBOL        BCD
  -------         DO            
  D:0006H         SYMBOL        first_digit
  X:03D0H         SYMBOL        second_digit
  -------         ENDDO         
  C:3D96H         LINE#         103
  C:3D96H         LINE#         104
  C:3D96H         LINE#         106
  C:3D9DH         LINE#         107
  C:3DA6H         LINE#         109
  C:3DABH         LINE#         111
  -------         ENDPROC       _DISPLAYLCD
  -------         PROC          LCD_RETURN_HOME
  C:3F27H         LINE#         115
  C:3F27H         LINE#         116
  C:3F27H         LINE#         117
  C:3F2CH         LINE#         118
  -------         ENDPROC       LCD_RETURN_HOME
  -------         PROC          LCD_CLEAR
  C:3F31H         LINE#         121
  C:3F31H         LINE#         122
  C:3F31H         LINE#         123
  C:3F36H         LINE#         124
BL51 BANKED LINKER/LOCATER V6.22                                                      12/21/2018  14:38:06  PAGE 21


  -------         ENDPROC       LCD_CLEAR
  -------         PROC          _DISPLAY_LINE
  D:0006H         SYMBOL        line
  C:000EH         LINE#         128
  C:000EH         LINE#         129
  C:000EH         LINE#         130
  C:0014H         LINE#         131
  C:0014H         LINE#         132
  C:0016H         LINE#         133
  C:0016H         LINE#         134
  C:0018H         LINE#         136
  C:0018H         LINE#         137
  C:001DH         LINE#         138
  C:0022H         LINE#         139
  C:0022H         LINE#         140
  -------         ENDPROC       _DISPLAY_LINE
  -------         ENDMOD        LCD_DRIVER_SPLC780D

  -------         MODULE        KEYPAD
  C:0000H         SYMBOL        _ICE_DUMMY_
  D:0093H         PUBLIC        P0M1
  D:0080H         PUBLIC        P0
  D:0090H         PUBLIC        P1
  D:00A0H         PUBLIC        P2
  D:00B0H         PUBLIC        P3
  D:00C0H         PUBLIC        P4
  D:00C8H         PUBLIC        P5
  B:0020H.0       PUBLIC        calib_mode
  D:00E8H         PUBLIC        P6
  D:00F8H         PUBLIC        P7
  D:00A8H         PUBLIC        IE
  C:2CD9H         PUBLIC        Key_Scan
  D:00B8H         PUBLIC        IP
  D:00D8H         PUBLIC        CCON
  C:3F0FH         PUBLIC        KeyPad_IO_Init
  C:3D5AH         PUBLIC        _Delay_ms
  D:0098H         PUBLIC        SCON
  D:0088H         PUBLIC        TCON
  B:0020H.1       PUBLIC        small_move
  B:0020H.2       PUBLIC        move
  B:0020H.3       PUBLIC        direction
  B:0020H.4       PUBLIC        auto_move
  C:2313H         PUBLIC        Key_Process
  D:00D0H         PUBLIC        PSW
  D:0094H         PUBLIC        P0M0
  -------         PROC          _DELAY_MS
  D:0006H         SYMBOL        ms
  -------         DO            
  D:0004H         SYMBOL        De_Cnt
  -------         ENDDO         
  C:3D5AH         LINE#         19
  C:3D5AH         LINE#         20
  C:3D5AH         LINE#         22
  C:3D64H         LINE#         23
  C:3D64H         LINE#         24
  C:3D77H         LINE#         25
  C:3D77H         LINE#         26
BL51 BANKED LINKER/LOCATER V6.22                                                      12/21/2018  14:38:06  PAGE 22


  -------         ENDPROC       _DELAY_MS
  -------         PROC          KEY_SCAN
  -------         DO            
  X:03D6H         SYMBOL        KeyTemp1
  X:03D7H         SYMBOL        KeyTemp2
  X:03D8H         SYMBOL        KeyValue
  -------         ENDDO         
  C:2CD9H         LINE#         27
  C:2CD9H         LINE#         28
  C:2CD9H         LINE#         33
  C:2CDCH         LINE#         36
  C:2CDFH         LINE#         38
  C:2CE7H         LINE#         39
  C:2CEEH         LINE#         40
  C:2CEEH         LINE#         42
  C:2CF3H         LINE#         43
  C:2CFAH         LINE#         44
  C:2CFAH         LINE#         47
  C:2CFDH         LINE#         48
  C:2D00H         LINE#         49
  C:2D05H         LINE#         50
  C:2D09H         LINE#         51
  C:2D09H         LINE#         52
  C:2D11H         LINE#         53
  C:2D11H         LINE#         54
  C:2D14H         LINE#         55
  C:2D1CH         LINE#         56
  C:2D1EH         LINE#         58
  C:2D32H         LINE#         59
  C:2D32H         LINE#         60
  C:2D32H         LINE#         61
  C:2D32H         LINE#         62
  C:2D38H         LINE#         64
  C:2D3AH         LINE#         65
  C:2D3AH         LINE#         66
  C:2D3AH         LINE#         67
  C:2D40H         LINE#         69
  C:2D42H         LINE#         70
  C:2D42H         LINE#         71
  C:2D42H         LINE#         72
  C:2D48H         LINE#         74
  C:2D4AH         LINE#         75
  C:2D4AH         LINE#         76
  C:2D4AH         LINE#         77
  C:2D50H         LINE#         79
  C:2D50H         LINE#         80
  C:2D50H         LINE#         81
  C:2D50H         LINE#         84
  C:2D53H         LINE#         85
  C:2D56H         LINE#         86
  C:2D5EH         LINE#         87
  C:2D62H         LINE#         88
  C:2D62H         LINE#         89
  C:2D6AH         LINE#         90
  C:2D6AH         LINE#         91
  C:2D6DH         LINE#         92
  C:2D75H         LINE#         93
BL51 BANKED LINKER/LOCATER V6.22                                                      12/21/2018  14:38:06  PAGE 23


  C:2D77H         LINE#         94
  C:2D8BH         LINE#         95
  C:2D8BH         LINE#         96
  C:2D8BH         LINE#         97
  C:2D8BH         LINE#         98
  C:2D91H         LINE#         100
  C:2D93H         LINE#         101
  C:2D93H         LINE#         102
  C:2D93H         LINE#         103
  C:2D99H         LINE#         105
  C:2D9BH         LINE#         106
  C:2D9BH         LINE#         107
  C:2D9BH         LINE#         108
  C:2DA1H         LINE#         110
  C:2DA3H         LINE#         111
  C:2DA3H         LINE#         112
  C:2DA3H         LINE#         113
  C:2DA8H         LINE#         115
  C:2DA8H         LINE#         116
  C:2DA8H         LINE#         117
  C:2DA8H         LINE#         120
  C:2DABH         LINE#         121
  C:2DAEH         LINE#         122
  C:2DB6H         LINE#         123
  C:2DBAH         LINE#         124
  C:2DBAH         LINE#         125
  C:2DC2H         LINE#         126
  C:2DC2H         LINE#         127
  C:2DC5H         LINE#         128
  C:2DCDH         LINE#         129
  C:2DCFH         LINE#         130
  C:2DE3H         LINE#         131
  C:2DE3H         LINE#         132
  C:2DE3H         LINE#         133
  C:2DE3H         LINE#         134
  C:2DE9H         LINE#         136
  C:2DEBH         LINE#         137
  C:2DEBH         LINE#         138
  C:2DEBH         LINE#         139
  C:2DF1H         LINE#         141
  C:2DF3H         LINE#         142
  C:2DF3H         LINE#         143
  C:2DF3H         LINE#         144
  C:2DF9H         LINE#         146
  C:2DFBH         LINE#         147
  C:2DFBH         LINE#         148
  C:2DFBH         LINE#         149
  C:2E01H         LINE#         151
  C:2E01H         LINE#         152
  C:2E01H         LINE#         153
  C:2E01H         LINE#         157
  C:2E04H         LINE#         158
  C:2E07H         LINE#         159
  C:2E0FH         LINE#         160
  C:2E13H         LINE#         161
  C:2E13H         LINE#         162
  C:2E1BH         LINE#         163
BL51 BANKED LINKER/LOCATER V6.22                                                      12/21/2018  14:38:06  PAGE 24


  C:2E1BH         LINE#         164
  C:2E1EH         LINE#         165
  C:2E26H         LINE#         166
  C:2E28H         LINE#         167
  C:2E3CH         LINE#         168
  C:2E3CH         LINE#         169
  C:2E3CH         LINE#         170
  C:2E3CH         LINE#         171
  C:2E42H         LINE#         173
  C:2E44H         LINE#         174
  C:2E44H         LINE#         175
  C:2E44H         LINE#         176
  C:2E4AH         LINE#         178
  C:2E4CH         LINE#         179
  C:2E4CH         LINE#         180
  C:2E4CH         LINE#         181
  C:2E52H         LINE#         183
  C:2E54H         LINE#         184
  C:2E54H         LINE#         185
  C:2E54H         LINE#         186
  C:2E5AH         LINE#         188
  C:2E5AH         LINE#         189
  C:2E5AH         LINE#         190
  C:2E5AH         LINE#         192
  C:2E60H         LINE#         193
  C:2E60H         LINE#         195
  C:2E60H         LINE#         196
  C:2E63H         LINE#         197
  C:2E63H         LINE#         198
  C:2E63H         LINE#         200
  C:2E63H         LINE#         201
  C:2E65H         LINE#         202
  C:2E65H         LINE#         203
  -------         ENDPROC       KEY_SCAN
  -------         PROC          KEY_PROCESS
  -------         DO            
  X:0667H         SYMBOL        KeyCount
  X:0669H         SYMBOL        KeyNum_Old
  X:066AH         SYMBOL        KeyNum
  X:066BH         SYMBOL        PressedKey
  X:03D0H         SYMBOL        d
  D:0004H         SYMBOL        hours
  D:0006H         SYMBOL        mins
  X:03D2H         SYMBOL        months
  X:03D4H         SYMBOL        days
  -------         ENDDO         
  C:2313H         LINE#         204
  C:2313H         LINE#         205
  C:2313H         LINE#         209
  C:231BH         LINE#         210
  C:2323H         LINE#         212
  C:2326H         LINE#         213
  C:2326H         LINE#         214
  C:2329H         LINE#         216
  C:2329H         LINE#         217
  C:2336H         LINE#         218
  C:2336H         LINE#         219
BL51 BANKED LINKER/LOCATER V6.22                                                      12/21/2018  14:38:06  PAGE 25


  C:2339H         LINE#         220
  C:233CH         LINE#         222
  C:233FH         LINE#         224
  C:233FH         LINE#         225
  C:234AH         LINE#         226
  C:234AH         LINE#         227
  C:234DH         LINE#         229
  C:234DH         LINE#         230
  C:2354H         LINE#         231
  C:2354H         LINE#         232
  C:2357H         LINE#         234
  C:2357H         LINE#         235
  C:235FH         LINE#         236
  C:235FH         LINE#         237
  C:2369H         LINE#         238
  C:2371H         LINE#         240
  C:237AH         LINE#         242
  C:237AH         LINE#         251
  C:238FH         LINE#         252
  C:238FH         LINE#         253
  C:23A1H         LINE#         254
  C:23AFH         LINE#         255
  C:23BEH         LINE#         256
  C:23BEH         LINE#         258
  C:23C4H         LINE#         262
  C:23DAH         LINE#         263
  C:23EBH         LINE#         264
  C:2406H         LINE#         265
  C:2406H         LINE#         266
  C:2416H         LINE#         267
  C:2427H         LINE#         268
  C:2427H         LINE#         272
  C:2440H         LINE#         273
  C:2457H         LINE#         274
  C:2477H         LINE#         275
  C:2477H         LINE#         276
  C:2481H         LINE#         277
  C:2481H         LINE#         278
  C:248AH         LINE#         279
  C:248AH         LINE#         280
  C:249EH         LINE#         281
  C:249EH         LINE#         282
  C:249EH         LINE#         283
  C:249EH         LINE#         284
  C:249EH         LINE#         285
  C:24A0H         LINE#         287
  C:24A0H         LINE#         288
  C:24ACH         LINE#         289
  C:24ACH         LINE#         290
  C:24BDH         LINE#         291
  C:24BDH         LINE#         292
  C:24BDH         LINE#         293
  C:24BDH         LINE#         294
  C:24BDH         LINE#         296
  C:24BFH         LINE#         298
  C:24BFH         LINE#         299
  C:24D0H         LINE#         300
BL51 BANKED LINKER/LOCATER V6.22                                                      12/21/2018  14:38:06  PAGE 26


  C:24D0H         LINE#         301
  C:24D0H         LINE#         302
  C:24D0H         LINE#         303
  C:24D0H         LINE#         305
  C:24D0H         LINE#         307
  C:24D0H         LINE#         308
  C:24D2H         LINE#         310
  C:24D2H         LINE#         311
  C:24E5H         LINE#         312
  C:24E5H         LINE#         313
  C:24F6H         LINE#         314
  C:24F6H         LINE#         315
  C:24F6H         LINE#         316
  C:24F6H         LINE#         317
  C:24F6H         LINE#         318
  C:24F8H         LINE#         320
  C:24F8H         LINE#         321
  C:2509H         LINE#         322
  C:2509H         LINE#         323
  C:251AH         LINE#         324
  C:252BH         LINE#         325
  C:252BH         LINE#         326
  C:252BH         LINE#         327
  C:252BH         LINE#         328
  C:252BH         LINE#         329
  C:252EH         LINE#         330
  C:2533H         LINE#         331
  C:2538H         LINE#         332
  C:253DH         LINE#         333
  C:2542H         LINE#         334
  C:2547H         LINE#         335
  C:254CH         LINE#         336
  C:2551H         LINE#         337
  C:2551H         LINE#         339
  C:2573H         LINE#         340
  C:2573H         LINE#         341
  C:257DH         LINE#         342
  C:257DH         LINE#         343
  C:2582H         LINE#         344
  C:258BH         LINE#         345
  C:25A2H         LINE#         346
  C:25A2H         LINE#         347
  C:25B2H         LINE#         349
  C:25B2H         LINE#         353
  -------         ENDPROC       KEY_PROCESS
  -------         PROC          KEYPAD_IO_INIT
  C:3F0FH         LINE#         356
  C:3F0FH         LINE#         357
  C:3F0FH         LINE#         358
  C:3F12H         LINE#         359
  C:3F15H         LINE#         360
  C:3F18H         LINE#         361
  C:3F1AH         LINE#         362
  -------         ENDPROC       KEYPAD_IO_INIT
  -------         ENDMOD        KEYPAD

  -------         MODULE        VCNL4035
BL51 BANKED LINKER/LOCATER V6.22                                                      12/21/2018  14:38:06  PAGE 27


  C:0000H         SYMBOL        _ICE_DUMMY_
  D:0080H         PUBLIC        P0
  B:00B0H.2       PUBLIC        I2C_SCK
  D:00B2H         PUBLIC        P3M0
  D:0090H         PUBLIC        P1
  D:00B1H         PUBLIC        P3M1
  D:00A0H         PUBLIC        P2
  D:00B0H         PUBLIC        P3
  D:00C0H         PUBLIC        P4
  D:00C8H         PUBLIC        P5
  D:00E8H         PUBLIC        P6
  D:00F8H         PUBLIC        P7
  D:00A8H         PUBLIC        IE
  C:3F4AH         PUBLIC        _DisplayLCD_VCNL4035
  D:00B8H         PUBLIC        IP
  D:00D8H         PUBLIC        CCON
  C:3E9EH         PUBLIC        I2C_Start
  D:0098H         PUBLIC        SCON
  C:3E33H         PUBLIC        I2C_Init
  D:0088H         PUBLIC        TCON
  C:3EE4H         PUBLIC        uC_NACK
  C:3C90H         PUBLIC        _Wait_ms_i2c
  C:3CF8H         PUBLIC        _I2C_SendByte
  C:3E61H         PUBLIC        I2C_Stop
  C:3A5CH         PUBLIC        _Write_VCNL4035X
  C:000AH         PUBLIC        nop
  C:3603H         PUBLIC        _Read_VCNL4035
  C:3F44H         PUBLIC        uC_ACK
  C:3DD3H         PUBLIC        I2C_ACK
  C:3D78H         PUBLIC        _Wait_ms_iic
  B:00B0H.1       PUBLIC        I2C_SDA
  D:00D0H         PUBLIC        PSW
  C:3C5DH         PUBLIC        I2C_ReceiveByte
  -------         PROC          _WAIT_MS_IIC
  D:0006H         SYMBOL        ms
  -------         DO            
  D:0004H         SYMBOL        De_Cnt
  -------         ENDDO         
  C:3D78H         LINE#         5
  C:3D78H         LINE#         6
  C:3D78H         LINE#         8
  C:3D82H         LINE#         9
  C:3D82H         LINE#         10
  C:3D95H         LINE#         11
  C:3D95H         LINE#         12
  -------         ENDPROC       _WAIT_MS_IIC
  C:3C8AH         SYMBOL        L?0048
  C:3C8CH         SYMBOL        L?0049
  -------         PROC          L?0047
  -------         ENDPROC       L?0047
  C:3C8AH         SYMBOL        L?0048
  C:3C8CH         SYMBOL        L?0049
  -------         PROC          _WAIT_MS_I2C
  D:0006H         SYMBOL        ms
  -------         DO            
  D:0004H         SYMBOL        De_Cnt
  -------         ENDDO         
BL51 BANKED LINKER/LOCATER V6.22                                                      12/21/2018  14:38:06  PAGE 28


  C:3C90H         LINE#         14
  C:3C90H         LINE#         15
  C:3C90H         LINE#         17
  C:3C9AH         LINE#         18
  C:3C9AH         LINE#         19
  C:3CADH         LINE#         20
  C:3CADH         LINE#         21
  -------         ENDPROC       _WAIT_MS_I2C
  -------         PROC          NOP
  C:000AH         LINE#         22
  C:000AH         LINE#         23
  C:000AH         LINE#         25
  -------         ENDPROC       NOP
  -------         PROC          I2C_START
  C:3E9EH         LINE#         26
  C:3E9EH         LINE#         27
  C:3E9EH         LINE#         29
  C:3EA0H         LINE#         30
  C:3EA2H         LINE#         31
  C:3EA9H         LINE#         32
  C:3EABH         LINE#         33
  C:3EAEH         LINE#         34
  C:3EB0H         LINE#         37
  -------         ENDPROC       I2C_START
  -------         PROC          I2C_STOP
  C:3E61H         LINE#         39
  C:3E61H         LINE#         40
  C:3E61H         LINE#         41
  C:3E63H         LINE#         42
  C:3E65H         LINE#         43
  C:3E68H         LINE#         44
  C:3E6AH         LINE#         45
  C:3E6CH         LINE#         46
  C:3E73H         LINE#         47
  C:3E75H         LINE#         50
  -------         ENDPROC       I2C_STOP
  -------         PROC          L?0050
  -------         ENDPROC       L?0050
  -------         PROC          I2C_ACK
  -------         DO            
  X:0682H         SYMBOL        i
  D:0003H         SYMBOL        dat
  -------         ENDDO         
  C:3DD3H         LINE#         52
  C:3DD3H         LINE#         53
  C:3DD3H         LINE#         55
  C:3DD4H         LINE#         60
  C:3DD7H         LINE#         61
  C:3DD9H         LINE#         62
  C:3DDCH         LINE#         64
  C:3DDFH         LINE#         65
  C:3DDFH         LINE#         66
  C:3DE3H         LINE#         67
  C:3DE3H         LINE#         70
  C:3DE3H         LINE#         71
  C:3DE6H         LINE#         72
  C:3DE6H         LINE#         73
BL51 BANKED LINKER/LOCATER V6.22                                                      12/21/2018  14:38:06  PAGE 29


  C:3DE8H         LINE#         74
  -------         ENDPROC       I2C_ACK
  -------         PROC          UC_ACK
  -------         DO            
  X:0683H         SYMBOL        i
  -------         ENDDO         
  C:3F44H         LINE#         75
  C:3F44H         LINE#         76
  C:3F44H         LINE#         78
  C:3F44H         LINE#         85
  C:3F44H         LINE#         87
  C:3F44H         LINE#         89
  C:3F44H         LINE#         90
  C:3F44H         LINE#         93
  C:3F47H         LINE#         94
  C:3F49H         LINE#         95
  C:3F49H         LINE#         99
  -------         ENDPROC       UC_ACK
  -------         PROC          UC_NACK
  -------         DO            
  X:0684H         SYMBOL        i
  -------         ENDDO         
  C:3EE4H         LINE#         101
  C:3EE4H         LINE#         102
  C:3EE4H         LINE#         104
  C:3EE4H         LINE#         108
  C:3EE6H         LINE#         111
  C:3EE6H         LINE#         112
  C:3EE8H         LINE#         113
  C:3EE8H         LINE#         115
  C:3EE8H         LINE#         116
  C:3EE8H         LINE#         119
  C:3EEBH         LINE#         120
  C:3EEDH         LINE#         121
  C:3EF0H         LINE#         122
  C:3EF2H         LINE#         123
  C:3EF2H         LINE#         127
  -------         ENDPROC       UC_NACK
  -------         PROC          I2C_INIT
  C:3E33H         LINE#         129
  C:3E33H         LINE#         130
  C:3E33H         LINE#         133
  C:3E36H         LINE#         134
  C:3E39H         LINE#         139
  C:3E41H         LINE#         141
  -------         ENDPROC       I2C_INIT
  -------         PROC          _I2C_SENDBYTE
  D:0001H         SYMBOL        dat
  -------         DO            
  D:0003H         SYMBOL        i
  -------         ENDDO         
  C:3CF8H         LINE#         145
  C:3CFAH         LINE#         146
  C:3CFAH         LINE#         149
  C:3CFCH         LINE#         150
  C:3CFCH         LINE#         151
  C:3CFEH         LINE#         153
BL51 BANKED LINKER/LOCATER V6.22                                                      12/21/2018  14:38:06  PAGE 30


  C:3D02H         LINE#         154
  C:3D02H         LINE#         155
  C:3D04H         LINE#         156
  C:3D06H         LINE#         158
  C:3D06H         LINE#         159
  C:3D08H         LINE#         160
  C:3D08H         LINE#         161
  C:3D0BH         LINE#         162
  C:3D0DH         LINE#         164
  C:3D11H         LINE#         165
  C:3D14H         LINE#         166
  C:3D19H         LINE#         167
  -------         ENDPROC       _I2C_SENDBYTE
  -------         PROC          L?0051
  -------         ENDPROC       L?0051
  -------         PROC          I2C_RECEIVEBYTE
  -------         DO            
  D:0003H         SYMBOL        i
  D:0001H         SYMBOL        dat
  -------         ENDDO         
  C:3C5DH         LINE#         171
  C:3C5DH         LINE#         172
  C:3C5DH         LINE#         174
  C:3C5FH         LINE#         178
  C:3C60H         LINE#         179
  C:3C60H         LINE#         180
  C:3C64H         LINE#         181
  C:3C66H         LINE#         182
  C:3C69H         LINE#         184
  C:3C6CH         LINE#         185
  C:3C6CH         LINE#         186
  C:3C70H         LINE#         187
  C:3C70H         LINE#         188
  C:3C70H         LINE#         189
  C:3C73H         LINE#         190
  C:3C77H         LINE#         191
  C:3C77H         LINE#         192
  C:3C79H         LINE#         193
  C:3C7BH         LINE#         194
  C:3C7BH         LINE#         196
  C:3C80H         LINE#         197
  C:3C82H         LINE#         198
  -------         ENDPROC       I2C_RECEIVEBYTE
  -------         PROC          _WRITE_VCNL4035X
  X:067FH         SYMBOL        command_code
  X:0680H         SYMBOL        dat_h
  X:0681H         SYMBOL        dat_l
  C:3A5CH         LINE#         199
  C:3A67H         LINE#         200
  C:3A67H         LINE#         201
  C:3A6AH         LINE#         202
  C:3A71H         LINE#         203
  C:3A71H         LINE#         204
  C:3A77H         LINE#         205
  C:3A77H         LINE#         206
  C:3A7FH         LINE#         207
  C:3A7FH         LINE#         208
BL51 BANKED LINKER/LOCATER V6.22                                                      12/21/2018  14:38:06  PAGE 31


  C:3A85H         LINE#         209
  C:3A8DH         LINE#         211
  C:3A93H         LINE#         212
  C:3A9BH         LINE#         214
  C:3AA1H         LINE#         215
  C:3AA4H         LINE#         216
  -------         ENDPROC       _WRITE_VCNL4035X
  -------         PROC          _READ_VCNL4035
  X:0670H         SYMBOL        command_code
  -------         DO            
  X:0672H         SYMBOL        temp_dat
  X:0674H         SYMBOL        temp_dat_l
  X:0676H         SYMBOL        temp_dat_h
  -------         ENDDO         
  C:3603H         LINE#         218
  C:360BH         LINE#         219
  C:360BH         LINE#         220
  C:3618H         LINE#         222
  C:361BH         LINE#         223
  C:361EH         LINE#         224
  C:3623H         LINE#         226
  C:3629H         LINE#         227
  C:3629H         LINE#         228
  C:3629H         LINE#         229
  C:3629H         LINE#         230
  C:3634H         LINE#         231
  C:3637H         LINE#         232
  C:363AH         LINE#         233
  C:363AH         LINE#         236
  C:363DH         LINE#         238
  C:3644H         LINE#         239
  C:3644H         LINE#         240
  C:3644H         LINE#         241
  C:364FH         LINE#         242
  C:3652H         LINE#         243
  C:3655H         LINE#         244
  C:3658H         LINE#         245
  C:365BH         LINE#         246
  C:365EH         LINE#         247
  C:3661H         LINE#         248
  C:3664H         LINE#         249
  C:3667H         LINE#         250
  C:3667H         LINE#         251
  C:366DH         LINE#         252
  C:366DH         LINE#         253
  C:3676H         LINE#         255
  C:3676H         LINE#         256
  C:367CH         LINE#         257
  C:367CH         LINE#         259
  C:367EH         LINE#         260
  C:3684H         LINE#         261
  C:3687H         LINE#         262
  C:368EH         LINE#         263
  C:368EH         LINE#         264
  C:369CH         LINE#         265
  -------         ENDPROC       _READ_VCNL4035
  -------         PROC          _DISPLAYLCD_VCNL4035
BL51 BANKED LINKER/LOCATER V6.22                                                      12/21/2018  14:38:06  PAGE 32


  X:0685H         SYMBOL        dat
  C:3F4AH         LINE#         267
  C:3F4FH         LINE#         268
  C:3F4FH         LINE#         270
  -------         ENDPROC       _DISPLAYLCD_VCNL4035
  -------         ENDMOD        VCNL4035

  -------         MODULE        BIPOLARMOTOR
  C:0000H         SYMBOL        _ICE_DUMMY_
  D:0080H         PUBLIC        P0
  D:0090H         PUBLIC        P1
  D:00A0H         PUBLIC        P2
  D:00B0H         PUBLIC        P3
  D:00C0H         PUBLIC        P4
  D:00C8H         PUBLIC        P5
  D:00E8H         PUBLIC        P6
  D:00F8H         PUBLIC        P7
  D:00A8H         PUBLIC        IE
  C:337FH         PUBLIC        linear_interpolate
  C:3C24H         PUBLIC        _Move
  D:00B8H         PUBLIC        IP
  C:27E5H         PUBLIC        _findDet3x3
  C:2053H         PUBLIC        _findDet4x4
  D:00D8H         PUBLIC        CCON
  X:0000H         PUBLIC        previous_move_time
  D:0098H         PUBLIC        SCON
  D:0088H         PUBLIC        TCON
  C:3F5AH         PUBLIC        wait
  C:3AA5H         PUBLIC        _Step_move
  C:0920H         PUBLIC        _Update_position
  C:3AECH         PUBLIC        vOneStepMove
  X:0001H         PUBLIC        elevation_stamp
  X:002DH         PUBLIC        date_azimuth_mapping
  X:0079H         PUBLIC        RX_pos
  C:3DF3H         PUBLIC        _BCDtoDec1
  X:03BDH         PUBLIC        degree
  D:00D0H         PUBLIC        PSW
  C:3DE9H         SYMBOL        L?0067
  C:3DECH         SYMBOL        L?0068
  -------         PROC          L?0066
  -------         ENDPROC       L?0066
  C:3DE9H         SYMBOL        L?0067
  C:3DECH         SYMBOL        L?0068
  -------         PROC          _BCDTODEC1
  D:0007H         SYMBOL        bcd
  -------         DO            
  D:0006H         SYMBOL        hi
  D:0007H         SYMBOL        lo
  -------         ENDDO         
  C:3DF3H         LINE#         23
  C:3DF3H         LINE#         24
  C:3DF3H         LINE#         26
  C:3DF8H         LINE#         27
  C:3DFCH         LINE#         28
  C:3E03H         LINE#         29
  -------         ENDPROC       _BCDTODEC1
  -------         PROC          WAIT
BL51 BANKED LINKER/LOCATER V6.22                                                      12/21/2018  14:38:06  PAGE 33


  C:3F5AH         LINE#         31
  C:3F5AH         LINE#         33
  -------         ENDPROC       WAIT
  -------         PROC          VONESTEPMOVE
  B:0021H.0       SYMBOL        bDir
  -------         DO            
  X:0497H         SYMBOL        temp
  -------         ENDDO         
  C:3AECH         LINE#         35
  C:3AECH         LINE#         36
  C:3AECH         LINE#         38
  C:3AF2H         LINE#         39
  C:3AF5H         LINE#         40
  C:3AF5H         LINE#         41
  C:3B06H         LINE#         42
  C:3B06H         LINE#         43
  C:3B06H         LINE#         44
  C:3B08H         LINE#         45
  C:3B08H         LINE#         46
  C:3B08H         LINE#         47
  C:3B0AH         LINE#         48
  C:3B0AH         LINE#         49
  C:3B0AH         LINE#         50
  C:3B0CH         LINE#         51
  C:3B0CH         LINE#         52
  C:3B0CH         LINE#         53
  C:3B0EH         LINE#         54
  C:3B0EH         LINE#         55
  C:3B0EH         LINE#         57
  C:3B0EH         LINE#         58
  C:3B22H         LINE#         59
  C:3B22H         LINE#         60
  C:3B25H         LINE#         61
  C:3B26H         LINE#         62
  C:3B26H         LINE#         63
  C:3B29H         LINE#         64
  C:3B2AH         LINE#         65
  C:3B2AH         LINE#         66
  C:3B2DH         LINE#         67
  C:3B2EH         LINE#         68
  C:3B2EH         LINE#         69
  C:3B31H         LINE#         70
  C:3B31H         LINE#         71
  C:3B31H         LINE#         72
  C:3B31H         LINE#         73
  -------         ENDPROC       VONESTEPMOVE
  -------         PROC          _STEP_MOVE
  X:0493H         SYMBOL        step
  B:0020H.7       SYMBOL        dir
  -------         DO            
  X:0495H         SYMBOL        i
  -------         ENDDO         
  C:3AA5H         LINE#         75
  C:3AADH         LINE#         76
  C:3AADH         LINE#         78
  C:3AB2H         LINE#         81
  C:3ACDH         LINE#         82
BL51 BANKED LINKER/LOCATER V6.22                                                      12/21/2018  14:38:06  PAGE 34


  C:3ACDH         LINE#         83
  C:3AD4H         LINE#         84
  C:3ADBH         LINE#         85
  C:3AEBH         LINE#         87
  -------         ENDPROC       _STEP_MOVE
  -------         PROC          _MOVE
  X:048FH         SYMBOL        distance
  B:0020H.6       SYMBOL        direction
  -------         DO            
  D:0006H         SYMBOL        step
  -------         ENDDO         
  C:3C24H         LINE#         89
  C:3C2AH         LINE#         90
  C:3C2AH         LINE#         92
  C:3C50H         LINE#         93
  -------         ENDPROC       _MOVE
  C:27C6H         SYMBOL        L?0064
  C:27DAH         SYMBOL        L?0065
  -------         PROC          L?0063
  -------         ENDPROC       L?0063
  C:27C6H         SYMBOL        L?0064
  C:27DAH         SYMBOL        L?0065
  -------         PROC          _FINDDET3X3
  X:0625H         SYMBOL        a11
  X:0629H         SYMBOL        a12
  X:062DH         SYMBOL        a13
  X:0631H         SYMBOL        a21
  X:0635H         SYMBOL        a22
  X:0639H         SYMBOL        a23
  X:063DH         SYMBOL        a31
  X:0641H         SYMBOL        a32
  X:0645H         SYMBOL        a33
  C:27E5H         LINE#         97
  C:27EBH         LINE#         101
  C:27EBH         LINE#         102
  C:2982H         LINE#         104
  -------         ENDPROC       _FINDDET3X3
  -------         PROC          _FINDDET4X4
  X:05E5H         SYMBOL        a11
  X:05E9H         SYMBOL        a12
  X:05EDH         SYMBOL        a13
  X:05F1H         SYMBOL        a14
  X:05F5H         SYMBOL        a21
  X:05F9H         SYMBOL        a22
  X:05FDH         SYMBOL        a23
  X:0601H         SYMBOL        a24
  X:0605H         SYMBOL        a31
  X:0609H         SYMBOL        a32
  X:060DH         SYMBOL        a33
  X:0611H         SYMBOL        a34
  X:0615H         SYMBOL        a41
  X:0619H         SYMBOL        a42
  X:061DH         SYMBOL        a43
  X:0621H         SYMBOL        a44
  C:2053H         LINE#         105
  C:2059H         LINE#         109
  C:2059H         LINE#         116
BL51 BANKED LINKER/LOCATER V6.22                                                      12/21/2018  14:38:06  PAGE 35


  C:2312H         LINE#         120
  -------         ENDPROC       _FINDDET4X4
  -------         PROC          L?0069
  -------         ENDPROC       L?0069
  -------         PROC          LINEAR_INTERPOLATE
  X:048FH         SYMBOL        p1
  X:0497H         SYMBOL        p2
  X:049FH         SYMBOL        x
  -------         DO            
  D:0004H         SYMBOL        fx
  -------         ENDDO         
  C:337FH         LINE#         126
  C:337FH         LINE#         127
[...]
  X:04E4H         SYMBOL        dCos_HourAngle
  X:04E8H         SYMBOL        dParallax
  -------         ENDDO         
  -------         ENDDO         
  C:10FBH         LINE#         6
  C:10FBH         LINE#         7
  C:10FBH         LINE#         9
  C:10FBH         LINE#         27
  C:1145H         LINE#         30
  C:1166H         LINE#         31
  C:12ADH         LINE#         34
  C:12F9H         LINE#         36
  C:1318H         LINE#         37
  C:1318H         LINE#         42
  C:1318H         LINE#         46
  C:134AH         LINE#         47
  C:1374H         LINE#         48
  C:139EH         LINE#         49
  C:144BH         LINE#         52
  C:14ACH         LINE#         54
  C:14ACH         LINE#         59
  C:14ACH         LINE#         61
  C:14C3H         LINE#         62
  C:14EBH         LINE#         63
  C:1502H         LINE#         64
  C:152DH         LINE#         65
  C:1564H         LINE#         66
  C:158FH         LINE#         67
  C:158FH         LINE#         70
  C:158FH         LINE#         79
  C:15CAH         LINE#         82
  C:1604H         LINE#         84
  C:1629H         LINE#         85
  C:1648H         LINE#         86
  C:165FH         LINE#         87
  C:1676H         LINE#         88
  C:168DH         LINE#         89
  C:1716H         LINE#         91
  C:1730H         LINE#         92
  C:1792H         LINE#         93
  C:17C8H         LINE#         94
  C:17DAH         LINE#         95
  C:1807H         LINE#         96
  C:1834H         LINE#         98
  C:1856H         LINE#         100
  C:188EH         LINE#         103
  C:188EH         LINE#         104
  C:189CH         LINE#         105
  -------         ENDPROC       SUNPOS
  -------         ENDMOD        SUNPOS

  -------         MODULE        ADC
  C:0000H         SYMBOL        _ICE_DUMMY_
  D:0092H         PUBLIC        P1M0
  D:0091H         PUBLIC        P1M1
  D:0080H         PUBLIC        P0
BL51 BANKED LINKER/LOCATER V6.22                                                      12/21/2018  14:38:06  PAGE 39


  D:0090H         PUBLIC        P1
  D:00A0H         PUBLIC        P2
  D:00B0H         PUBLIC        P3
  D:00C0H         PUBLIC        P4
  D:00C8H         PUBLIC        P5
  D:00E8H         PUBLIC        P6
  D:00F8H         PUBLIC        P7
  D:00A8H         PUBLIC        IE
  D:00BDH         PUBLIC        ADC_RES
  D:00B8H         PUBLIC        IP
  D:0097H         PUBLIC        CLK_DIV
  D:00D8H         PUBLIC        CCON
  D:00BCH         PUBLIC        ADC_CONTR
  D:0098H         PUBLIC        SCON
  D:0088H         PUBLIC        TCON
  C:3E4AH         PUBLIC        ADC_Init
  C:3CAEH         PUBLIC        _ADC_GetResult
  D:009DH         PUBLIC        P1ASF
  D:00BEH         PUBLIC        ADC_RESL
  D:00D0H         PUBLIC        PSW
  -------         PROC          ADC_INIT
  C:3E4AH         LINE#         7
  C:3E4AH         LINE#         8
  C:3E4AH         LINE#         10
  C:3E4DH         LINE#         11
  C:3E50H         LINE#         12
  C:3E53H         LINE#         13
  C:3E56H         LINE#         15
  C:3E58H         LINE#         16
  C:3E5BH         LINE#         18
  -------         ENDPROC       ADC_INIT
  -------         PROC          _ADC_GETRESULT
  D:0007H         SYMBOL        ch
  -------         DO            
  D:0006H         SYMBOL        ADC_Value
  -------         ENDDO         
  C:3CAEH         LINE#         23
  C:3CAEH         LINE#         24
  C:3CAEH         LINE#         26
  C:3CB3H         LINE#         27
  C:3CB4H         LINE#         28
  C:3CB5H         LINE#         29
  C:3CB6H         LINE#         30
  C:3CB7H         LINE#         31
  C:3CBCH         LINE#         32
  C:3CBFH         LINE#         33
  C:3CC3H         LINE#         34
  C:3CD3H         LINE#         35
  C:3CD3H         LINE#         36
  -------         ENDPROC       _ADC_GETRESULT
  -------         ENDMOD        ADC

  -------         MODULE        CALIBRATION
  C:0000H         SYMBOL        _ICE_DUMMY_
  D:0080H         PUBLIC        P0
  D:0090H         PUBLIC        P1
  D:00A0H         PUBLIC        P2
BL51 BANKED LINKER/LOCATER V6.22                                                      12/21/2018  14:38:06  PAGE 40


  D:00B0H         PUBLIC        P3
  D:00C0H         PUBLIC        P4
  D:00C8H         PUBLIC        P5
  D:00E8H         PUBLIC        P6
  D:00F8H         PUBLIC        P7
  C:3732H         PUBLIC        _Max_Value
  D:00A8H         PUBLIC        IE
  C:31EBH         PUBLIC        _calibration
  C:32B3H         PUBLIC        voltage_is_stable
  D:00B8H         PUBLIC        IP
  D:00D8H         PUBLIC        CCON
  D:0098H         PUBLIC        SCON
  D:0088H         PUBLIC        TCON
  C:25B3H         PUBLIC        _Find_Real_Max
  D:00D0H         PUBLIC        PSW
  -------         PROC          VOLTAGE_IS_STABLE
  -------         DO            
  X:03E0H         SYMBOL        sample_voltage
  X:03F4H         SYMBOL        i
  X:03F6H         SYMBOL        ch
  -------         ENDDO         
  C:32B3H         LINE#         17
  C:32B3H         LINE#         18
  C:32B3H         LINE#         20
  C:32BAH         LINE#         21
  C:32C0H         LINE#         22
  C:32C0H         LINE#         23
  C:32E9H         LINE#         24
  C:3308H         LINE#         26
  C:3322H         LINE#         27
  C:3322H         LINE#         28
  C:3355H         LINE#         29
  C:3359H         LINE#         30
  C:3369H         LINE#         31
  C:336DH         LINE#         32
  -------         ENDPROC       VOLTAGE_IS_STABLE
  -------         PROC          _FIND_REAL_MAX
  X:03E0H         SYMBOL        current_position
  -------         DO            
  X:03E3H         SYMBOL        ch
  X:03E4H         SYMBOL        calib_step_move
  X:03E8H         SYMBOL        voltage_at_scanned_pos
  X:0438H         SYMBOL        max_location
  X:043AH         SYMBOL        i
  -------         ENDDO         
  C:25B3H         LINE#         33
  C:25BEH         LINE#         34
  C:25BEH         LINE#         35
  C:25C1H         LINE#         36
  C:25C9H         LINE#         40
  C:25D1H         LINE#         41
  C:25D1H         LINE#         42
  C:25E4H         LINE#         43
  C:260AH         LINE#         44
  C:2632H         LINE#         45
  C:2639H         LINE#         46
  C:265BH         LINE#         48
BL51 BANKED LINKER/LOCATER V6.22                                                      12/21/2018  14:38:06  PAGE 41


  C:2668H         LINE#         49
  C:268FH         LINE#         50
  C:2696H         LINE#         52
  C:269EH         LINE#         53
  C:269EH         LINE#         55
  C:26B1H         LINE#         56
  C:26D7H         LINE#         57
  C:26FFH         LINE#         58
  C:2706H         LINE#         59
  C:2728H         LINE#         61
  C:2739H         LINE#         63
  C:2756H         LINE#         64
  C:27ABH         LINE#         65
  -------         ENDPROC       _FIND_REAL_MAX
  -------         PROC          _MAX_VALUE
  D:0001H         SYMBOL        input
  -------         DO            
  D:0004H         SYMBOL        max
  X:043CH         SYMBOL        max_location
  X:043EH         SYMBOL        i
  -------         ENDDO         
  C:3732H         LINE#         70
  C:3732H         LINE#         71
  C:3732H         LINE#         72
  C:3739H         LINE#         74
  C:374DH         LINE#         75
  C:374DH         LINE#         76
  C:3783H         LINE#         77
  C:379DH         LINE#         78
  C:37ACH         LINE#         79
  C:37BCH         LINE#         80
  C:37C4H         LINE#         82
  -------         ENDPROC       _MAX_VALUE
  -------         PROC          _CALIBRATION
  X:03D0H         SYMBOL        mnths
  X:03D1H         SYMBOL        dys
  X:03D2H         SYMBOL        hurs
  X:03D3H         SYMBOL        mns
  X:03D4H         SYMBOL        sconds
  X:03D5H         SYMBOL        currnt_pos
  -------         DO            
  X:03D8H         SYMBOL        calib_value
  X:03DCH         SYMBOL        JP_max_pos
  -------         ENDDO         
  C:31EBH         LINE#         84
  C:31F6H         LINE#         87
  C:31F6H         LINE#         88
  C:3200H         LINE#         89
  C:3214H         LINE#         91
  C:321EH         LINE#         92
  C:321EH         LINE#         94
  C:3254H         LINE#         96
  C:325DH         LINE#         97
  C:3282H         LINE#         98
  C:329EH         LINE#         99
  C:32ADH         LINE#         100
  C:32ADH         LINE#         102
BL51 BANKED LINKER/LOCATER V6.22                                                      12/21/2018  14:38:06  PAGE 42


  C:32B2H         LINE#         103
  -------         ENDPROC       _CALIBRATION
  -------         ENDMOD        CALIBRATION

  -------         MODULE        ?C_STARTUP
  C:37C5H         SEGMENT       ?C_C51STARTUP
  I:0022H         SEGMENT       ?STACK
  C:0000H         PUBLIC        ?C_STARTUP
  D:00E0H         SYMBOL        ACC
  D:00F0H         SYMBOL        B
  D:0083H         SYMBOL        DPH
  D:0082H         SYMBOL        DPL
  N:0000H         SYMBOL        IBPSTACK
  N:0100H         SYMBOL        IBPSTACKTOP
  N:0080H         SYMBOL        IDATALEN
  C:37C8H         SYMBOL        IDATALOOP
  N:0000H         SYMBOL        PBPSTACK
  N:0100H         SYMBOL        PBPSTACKTOP
  N:0000H         SYMBOL        PDATALEN
  N:0000H         SYMBOL        PDATASTART
  N:0000H         SYMBOL        PPAGE
  N:0000H         SYMBOL        PPAGEENABLE
  D:00A0H         SYMBOL        PPAGE_SFR
  D:0081H         SYMBOL        SP
  C:37C5H         SYMBOL        STARTUP1
  N:0000H         SYMBOL        XBPSTACK
  N:0000H         SYMBOL        XBPSTACKTOP
  N:0000H         SYMBOL        XDATALEN
  N:0000H         SYMBOL        XDATASTART
  C:0000H         LINE#         126
  C:37C5H         LINE#         133
  C:37C7H         LINE#         134
  C:37C8H         LINE#         135
  C:37C9H         LINE#         136
  C:37CBH         LINE#         185
  C:37CEH         LINE#         196
  -------         ENDMOD        ?C_STARTUP

  -------         MODULE        ?C?FPADD
  C:002DH         PUBLIC        ?C?FPADD
  C:0029H         PUBLIC        ?C?FPSUB
  -------         ENDMOD        ?C?FPADD

  -------         MODULE        ?C?FPMUL
  C:011EH         PUBLIC        ?C?FPMUL
  -------         ENDMOD        ?C?FPMUL

  -------         MODULE        ?C?FPDIV
  C:0227H         PUBLIC        ?C?FPDIV
  -------         ENDMOD        ?C?FPDIV

  -------         MODULE        ?C?FPCMP
  C:02C6H         PUBLIC        ?C?FPCMP
  C:02C4H         PUBLIC        ?C?FPCMP3
  -------         ENDMOD        ?C?FPCMP

  -------         MODULE        ?C?FPNEG
BL51 BANKED LINKER/LOCATER V6.22                                                      12/21/2018  14:38:06  PAGE 43


  C:033DH         PUBLIC        ?C?FPNEG
  -------         ENDMOD        ?C?FPNEG

  -------         MODULE        ?C?FCAST
  C:0358H         PUBLIC        ?C?FCASTC
  C:0353H         PUBLIC        ?C?FCASTI
  C:034EH         PUBLIC        ?C?FCASTL
  -------         ENDMOD        ?C?FCAST

  -------         MODULE        ?C?CASTF
  C:038CH         PUBLIC        ?C?CASTF
  -------         ENDMOD        ?C?CASTF

  -------         MODULE        ATAN2
  X:04ECH         PUBLIC        ?_atan2?BYTE
  C:34CBH         PUBLIC        _atan2
  -------         ENDMOD        ATAN2

  -------         MODULE        SIN
  C:2EAEH         PUBLIC        _COS
  C:2EC4H         PUBLIC        _SIN
  C:2F00H         PUBLIC        _TAN
  -------         ENDMOD        SIN

  -------         MODULE        ACOS
  C:3A12H         PUBLIC        _ACOS
  -------         ENDMOD        ACOS

  -------         MODULE        ASIN
  C:3BB6H         PUBLIC        _ASIN
  -------         ENDMOD        ASIN

  -------         MODULE        SQRT
  C:3423H         PUBLIC        _SQRT
  -------         ENDMOD        SQRT

  -------         MODULE        ATAN
  C:300EH         PUBLIC        _ATAN
  -------         ENDMOD        ATAN

  -------         MODULE        ?C?COPY
  C:052AH         PUBLIC        ?C?COPY
  -------         ENDMOD        ?C?COPY

  -------         MODULE        ?C?CLDPTR
  C:0550H         PUBLIC        ?C?CLDPTR
  -------         ENDMOD        ?C?CLDPTR

  -------         MODULE        ?C?CSTPTR
  C:0569H         PUBLIC        ?C?CSTPTR
  -------         ENDMOD        ?C?CSTPTR

  -------         MODULE        ?C?IMUL
  C:057BH         PUBLIC        ?C?IMUL
  -------         ENDMOD        ?C?IMUL

  -------         MODULE        ?C?UIDIV
BL51 BANKED LINKER/LOCATER V6.22                                                      12/21/2018  14:38:06  PAGE 44


  C:058DH         PUBLIC        ?C?UIDIV
  -------         ENDMOD        ?C?UIDIV

  -------         MODULE        ?C?SIDIV
  C:05E2H         PUBLIC        ?C?SIDIV
  -------         ENDMOD        ?C?SIDIV

  -------         MODULE        ?C?ILDIX
  C:0618H         PUBLIC        ?C?ILDIX
  -------         ENDMOD        ?C?ILDIX

  -------         MODULE        ?C?ILDOPTR
  C:062EH         PUBLIC        ?C?ILDOPTR
  -------         ENDMOD        ?C?ILDOPTR

  -------         MODULE        ?C?LMUL
  C:0666H         PUBLIC        ?C?LMUL
  -------         ENDMOD        ?C?LMUL

  -------         MODULE        ?C?SLDIV
  C:3B32H         PUBLIC        ?C?SLDIV
  -------         ENDMOD        ?C?SLDIV

  -------         MODULE        ?C?LNEG
  C:06B5H         PUBLIC        ?C?LNEG
  -------         ENDMOD        ?C?LNEG

  -------         MODULE        ?C?LLDPTR
  C:06C3H         PUBLIC        ?C?LLDPTR
  -------         ENDMOD        ?C?LLDPTR

  -------         MODULE        ?C?LLDOPTR
  C:06E3H         PUBLIC        ?C?LLDOPTR
  -------         ENDMOD        ?C?LLDOPTR

  -------         MODULE        ?C?LSTPTR
  C:0713H         PUBLIC        ?C?LSTPTR
  -------         ENDMOD        ?C?LSTPTR

  -------         MODULE        ?C?LSTOPTR
  C:072DH         PUBLIC        ?C?LSTOPTR
  -------         ENDMOD        ?C?LSTOPTR

  -------         MODULE        ?C?LLDXDATA
  C:0751H         PUBLIC        ?C?LLDXDATA
  -------         ENDMOD        ?C?LLDXDATA

  -------         MODULE        ?C?LLDCODE
  C:075DH         PUBLIC        ?C?LLDCODE
  -------         ENDMOD        ?C?LLDCODE

  -------         MODULE        ?C?LLDXDATA0
  C:076DH         PUBLIC        ?C?LLDXDATA0
  -------         ENDMOD        ?C?LLDXDATA0

  -------         MODULE        ?C?LLDCODE0
  C:0779H         PUBLIC        ?C?LLDCODE0
BL51 BANKED LINKER/LOCATER V6.22                                                      12/21/2018  14:38:06  PAGE 45


  -------         ENDMOD        ?C?LLDCODE0

  -------         MODULE        ?C?LLDPTR0
  C:0789H         PUBLIC        ?C?LLDPTR0
  -------         ENDMOD        ?C?LLDPTR0

  -------         MODULE        ?C?LSTXDATA
  C:07A9H         PUBLIC        ?C?LSTXDATA
  -------         ENDMOD        ?C?LSTXDATA

  -------         MODULE        ?C?LSTKXDATA
  C:07B5H         PUBLIC        ?C?LSTKXDATA
  -------         ENDMOD        ?C?LSTKXDATA

  -------         MODULE        ?C?OFFXADD
  C:07E6H         PUBLIC        ?C?OFFXADD
  -------         ENDMOD        ?C?OFFXADD

  -------         MODULE        ABS
  C:3F1BH         PUBLIC        _ABS
  -------         ENDMOD        ABS

  -------         MODULE        ATOI
  C:3110H         PUBLIC        _atoi
  -------         ENDMOD        ATOI

  -------         MODULE        ?C?IILDX
  C:07F2H         PUBLIC        ?C?IILDX
  -------         ENDMOD        ?C?IILDX

  -------         MODULE        ?C?ULDIV
  C:0844H         PUBLIC        ?C?ULDIV
  -------         ENDMOD        ?C?ULDIV

  -------         MODULE        ?C?LLDIDATA
  C:08D6H         PUBLIC        ?C?LLDIDATA
  -------         ENDMOD        ?C?LLDIDATA

  -------         MODULE        ?C?LLDPDATA
  C:08E2H         PUBLIC        ?C?LLDPDATA
  -------         ENDMOD        ?C?LLDPDATA

  -------         MODULE        ?C?LLDIDATA0
  C:08EEH         PUBLIC        ?C?LLDIDATA0
  -------         ENDMOD        ?C?LLDIDATA0

  -------         MODULE        ?C?LLDPDATA0
  C:08FBH         PUBLIC        ?C?LLDPDATA0
  -------         ENDMOD        ?C?LLDPDATA0

  -------         MODULE        ?C?LSTIDATA
  C:0908H         PUBLIC        ?C?LSTIDATA
  -------         ENDMOD        ?C?LSTIDATA

  -------         MODULE        ?C?LSTPDATA
  C:0914H         PUBLIC        ?C?LSTPDATA
  -------         ENDMOD        ?C?LSTPDATA
BL51 BANKED LINKER/LOCATER V6.22                                                      12/21/2018  14:38:06  PAGE 46



  -------         MODULE        ISDIGIT
  C:3EF3H         PUBLIC        _isdigit
  -------         ENDMOD        ISDIGIT

  -------         MODULE        ISSPACE
  C:3E8AH         PUBLIC        _isspace
  -------         ENDMOD        ISSPACE

*** WARNING L16: UNCALLED SEGMENT, IGNORED FOR OVERLAY PROCESS
    SEGMENT: ?PR?_CALIB_INTERPOLATE?MAIN

*** WARNING L16: UNCALLED SEGMENT, IGNORED FOR OVERLAY PROCESS
    SEGMENT: ?PR?_DISPLAY_PROX?MAIN

*** WARNING L16: UNCALLED SEGMENT, IGNORED FOR OVERLAY PROCESS
    SEGMENT: ?PR?INITUART1?UART1

*** WARNING L16: UNCALLED SEGMENT, IGNORED FOR OVERLAY PROCESS
    SEGMENT: ?PR?_SENDSTRING?UART1

*** WARNING L16: UNCALLED SEGMENT, IGNORED FOR OVERLAY PROCESS
    SEGMENT: ?PR?_TEN?UART1

*** WARNING L16: UNCALLED SEGMENT, IGNORED FOR OVERLAY PROCESS
    SEGMENT: ?PR?_UNIT?UART1

*** WARNING L16: UNCALLED SEGMENT, IGNORED FOR OVERLAY PROCESS
    SEGMENT: ?PR?_DECTOBCD?UART1

*** WARNING L16: UNCALLED SEGMENT, IGNORED FOR OVERLAY PROCESS
    SEGMENT: ?PR?_ASCII_LETTER?UART1

*** WARNING L16: UNCALLED SEGMENT, IGNORED FOR OVERLAY PROCESS
    SEGMENT: ?PR?NOP?VCNL4035

*** WARNING L16: UNCALLED SEGMENT, IGNORED FOR OVERLAY PROCESS
    SEGMENT: ?PR?I2C_INIT?VCNL4035

*** WARNING L16: UNCALLED SEGMENT, IGNORED FOR OVERLAY PROCESS
    SEGMENT: ?PR?_READ_VCNL4035?VCNL4035

*** WARNING L16: UNCALLED SEGMENT, IGNORED FOR OVERLAY PROCESS
    SEGMENT: ?PR?_DISPLAYLCD_VCNL4035?VCNL4035

*** WARNING L16: UNCALLED SEGMENT, IGNORED FOR OVERLAY PROCESS
    SEGMENT: ?PR?WAIT?BIPOLARMOTOR

*** WARNING L16: UNCALLED SEGMENT, IGNORED FOR OVERLAY PROCESS
    SEGMENT: ?PR?_FINDDET4X4?BIPOLARMOTOR

*** WARNING L1: UNRESOLVED EXTERNAL SYMBOL
    SYMBOL:  AUTO_MODE
    MODULE:  .\Obj\main.obj (MAIN)

*** WARNING L2: REFERENCE MADE TO UNRESOLVED EXTERNAL
    SYMBOL:  AUTO_MODE
BL51 BANKED LINKER/LOCATER V6.22                                                      12/21/2018  14:38:06  PAGE 47


    MODULE:  .\Obj\main.obj (MAIN)
    ADDRESS: 1CD4H

*** WARNING L2: REFERENCE MADE TO UNRESOLVED EXTERNAL
    SYMBOL:  AUTO_MODE
    MODULE:  .\Obj\main.obj (MAIN)
    ADDRESS: 1DA4H

*** WARNING L2: REFERENCE MADE TO UNRESOLVED EXTERNAL
    SYMBOL:  AUTO_MODE
    MODULE:  .\Obj\main.obj (MAIN)
    ADDRESS: 1DB2H

*** WARNING L2: REFERENCE MADE TO UNRESOLVED EXTERNAL
    SYMBOL:  AUTO_MODE
    MODULE:  .\Obj\main.obj (MAIN)
    ADDRESS: 1DC4H

*** WARNING L2: REFERENCE MADE TO UNRESOLVED EXTERNAL
    SYMBOL:  AUTO_MODE
    MODULE:  .\Obj\main.obj (MAIN)
    ADDRESS: 1E06H

*** WARNING L2: REFERENCE MADE TO UNRESOLVED EXTERNAL
    SYMBOL:  AUTO_MODE
    MODULE:  .\Obj\main.obj (MAIN)
    ADDRESS: 1ED9H

*** WARNING L1: UNRESOLVED EXTERNAL SYMBOL
    SYMBOL:  AUTO_MODE
    MODULE:  .\Obj\KeyPad.obj (KEYPAD)

*** WARNING L2: REFERENCE MADE TO UNRESOLVED EXTERNAL
    SYMBOL:  AUTO_MODE
    MODULE:  .\Obj\KeyPad.obj (KEYPAD)
    ADDRESS: 2360H

*** WARNING L2: REFERENCE MADE TO UNRESOLVED EXTERNAL
    SYMBOL:  AUTO_MODE
    MODULE:  .\Obj\KeyPad.obj (KEYPAD)
    ADDRESS: 236BH

*** WARNING L2: REFERENCE MADE TO UNRESOLVED EXTERNAL
    SYMBOL:  AUTO_MODE
    MODULE:  .\Obj\KeyPad.obj (KEYPAD)
    ADDRESS: 2372H

Program Size: data=18.2 xdata=1670 code=16219
LINK/LOCATE RUN COMPLETE.  25 WARNING(S),  0 ERROR(S)
