BL51 BANKED LINKER/LOCATER V6.22                                                        05/06/2019  17:17:24  PAGE 1


BL51 BANKED LINKER/LOCATER V6.22, INVOKED BY:
C:\KEIL_V5\C51\BIN\BL51.EXE .\Obj\main.obj, .\Obj\PCF85063BTL.obj, .\Obj\LCd_Driver_SPLC780D.obj, .\Obj\KeyPad.obj, .\Ob
>> j\BipolarMotor.obj, .\Obj\SunPos.obj, .\Obj\ADC.obj, .\Obj\Calibration.obj, .\Obj\IOExpander_PI4IOE5V96248.obj, .\Obj
>> \AT25SF041.obj, .\Obj\SI1120.obj, .\Obj\STARTUP.obj TO .\Obj\GPIO_RTC_Test PRINT (.\Lis\GPIO_RTC_Test.m51) RAMSIZE (2
>> 56)


MEMORY MODEL: LARGE WITH FLOATING POINT ARITHMETIC


INPUT MODULES INCLUDED:
  .\Obj\main.obj (MAIN)
  .\Obj\PCF85063BTL.obj (PCF85063BTL)
  .\Obj\LCd_Driver_SPLC780D.obj (LCD_DRIVER_SPLC780D)
  .\Obj\KeyPad.obj (KEYPAD)
  .\Obj\BipolarMotor.obj (BIPOLARMOTOR)
  .\Obj\SunPos.obj (SUNPOS)
  .\Obj\ADC.obj (ADC)
  .\Obj\Calibration.obj (CALIBRATION)
  .\Obj\IOExpander_PI4IOE5V96248.obj (IOEXPANDER_PI4IOE5V96248)
  .\Obj\AT25SF041.obj (AT25SF041)
  .\Obj\SI1120.obj (SI1120)
  .\Obj\STARTUP.obj (?C_STARTUP)
  C:\KEIL_V5\C51\LIB\C51FPL.LIB (?C?FPADD)
  C:\KEIL_V5\C51\LIB\C51FPL.LIB (?C?FPMUL)
  C:\KEIL_V5\C51\LIB\C51FPL.LIB (?C?FPDIV)
  C:\KEIL_V5\C51\LIB\C51FPL.LIB (?C?FPCMP)
  C:\KEIL_V5\C51\LIB\C51FPL.LIB (?C?FPNEG)
  C:\KEIL_V5\C51\LIB\C51FPL.LIB (?C?FCAST)
  C:\KEIL_V5\C51\LIB\C51FPL.LIB (?C?CASTF)
  C:\KEIL_V5\C51\LIB\C51FPL.LIB (ATAN2)
  C:\KEIL_V5\C51\LIB\C51FPL.LIB (SIN)
  C:\KEIL_V5\C51\LIB\C51FPL.LIB (ACOS)
  C:\KEIL_V5\C51\LIB\C51FPL.LIB (ASIN)
  C:\KEIL_V5\C51\LIB\C51FPL.LIB (POW)
  C:\KEIL_V5\C51\LIB\C51FPL.LIB (?C?FPGETOPN)
  C:\KEIL_V5\C51\LIB\C51FPL.LIB (?C?CHKFLOAT)
  C:\KEIL_V5\C51\LIB\C51FPL.LIB (?C?FPSERIES)
  C:\KEIL_V5\C51\LIB\C51FPL.LIB (EXP)
  C:\KEIL_V5\C51\LIB\C51FPL.LIB (LOG)
  C:\KEIL_V5\C51\LIB\C51FPL.LIB (SQRT)
  C:\KEIL_V5\C51\LIB\C51FPL.LIB (ATAN)
  C:\KEIL_V5\C51\LIB\C51L.LIB (?C_INIT)
  C:\KEIL_V5\C51\LIB\C51L.LIB (?C?COPY)
  C:\KEIL_V5\C51\LIB\C51L.LIB (?C?CLDPTR)
  C:\KEIL_V5\C51\LIB\C51L.LIB (?C?CLDOPTR)
  C:\KEIL_V5\C51\LIB\C51L.LIB (?C?CSTPTR)
  C:\KEIL_V5\C51\LIB\C51L.LIB (?C?IMUL)
  C:\KEIL_V5\C51\LIB\C51L.LIB (?C?UIDIV)
  C:\KEIL_V5\C51\LIB\C51L.LIB (?C?SIDIV)
  C:\KEIL_V5\C51\LIB\C51L.LIB (?C?ILDOPTR)
  C:\KEIL_V5\C51\LIB\C51L.LIB (?C?ISTPTR)
  C:\KEIL_V5\C51\LIB\C51L.LIB (?C?LMUL)
  C:\KEIL_V5\C51\LIB\C51L.LIB (?C?SLDIV)
  C:\KEIL_V5\C51\LIB\C51L.LIB (?C?LNEG)
  C:\KEIL_V5\C51\LIB\C51L.LIB (?C?ULCMP)
  C:\KEIL_V5\C51\LIB\C51L.LIB (?C?LSHL)
  C:\KEIL_V5\C51\LIB\C51L.LIB (?C?LLDPTR)
BL51 BANKED LINKER/LOCATER V6.22                                                      05/06/2019  17:17:24  PAGE 2


  C:\KEIL_V5\C51\LIB\C51L.LIB (?C?LLDOPTR)
  C:\KEIL_V5\C51\LIB\C51L.LIB (?C?LSTPTR)
  C:\KEIL_V5\C51\LIB\C51L.LIB (?C?LSTOPTR)
  C:\KEIL_V5\C51\LIB\C51L.LIB (?C?LLDXDATA)
  C:\KEIL_V5\C51\LIB\C51L.LIB (?C?LLDCODE)
  C:\KEIL_V5\C51\LIB\C51L.LIB (?C?LLDXDATA0)
  C:\KEIL_V5\C51\LIB\C51L.LIB (?C?LLDCODE0)
  C:\KEIL_V5\C51\LIB\C51L.LIB (?C?LLDPTR0)
  C:\KEIL_V5\C51\LIB\C51L.LIB (?C?LSTXDATA)
  C:\KEIL_V5\C51\LIB\C51L.LIB (?C?LSTKXDATA)
  C:\KEIL_V5\C51\LIB\C51L.LIB (?C?LSTKPTR)
  C:\KEIL_V5\C51\LIB\C51L.LIB (?C?OFFXADD)
  C:\KEIL_V5\C51\LIB\C51L.LIB (?C?ULDIV)
  C:\KEIL_V5\C51\LIB\C51L.LIB (?C?LLDIDATA)
  C:\KEIL_V5\C51\LIB\C51L.LIB (?C?LLDPDATA)
  C:\KEIL_V5\C51\LIB\C51L.LIB (?C?LLDIDATA0)
  C:\KEIL_V5\C51\LIB\C51L.LIB (?C?LLDPDATA0)
  C:\KEIL_V5\C51\LIB\C51L.LIB (?C?LSTIDATA)
  C:\KEIL_V5\C51\LIB\C51L.LIB (?C?LSTPDATA)
  C:\KEIL_V5\C51\LIB\C51L.LIB (?C?LSTKIDATA)
  C:\KEIL_V5\C51\LIB\C51L.LIB (?C?LSTKPDATA)


LINK MAP OF MODULE:  .\Obj\GPIO_RTC_Test (MAIN)


            TYPE    BASE      LENGTH    RELOCATION   SEGMENT NAME
            -----------------------------------------------------

            * * * * * * *   D A T A   M E M O R Y   * * * * * * *
            REG     0000H     0008H     ABSOLUTE     "REG BANK 0"
                    0008H     0018H                  *** GAP ***
            BIT     0020H.0   0000H.4   UNIT         _BIT_GROUP_
            BIT     0020H.4   0000H.1   UNIT         ?BI?MAIN
                    0020H.5   0000H.3                *** GAP ***
            IDATA   0021H     0001H     UNIT         ?STACK

            * * * * * * *  X D A T A   M E M O R Y  * * * * * * *
            XDATA   0000H     03BCH     UNIT         ?XD?BIPOLARMOTOR
            XDATA   03BCH     0123H     UNIT         _XDATA_GROUP_
            XDATA   04DFH     00F9H     UNIT         ?XD?MAIN
            XDATA   05D8H     0019H     UNIT         ?XD?KEYPAD
            XDATA   05F1H     0008H     UNIT         ?XD?_AT25SF041_READ?AT25SF041
            XDATA   05F9H     0001H     UNIT         ?XD?UC_ACK?IOEXPANDER_PI4IOE5V96248
            XDATA   05FAH     0001H     UNIT         ?XD?UC_NACK?IOEXPANDER_PI4IOE5V96248

            * * * * * * *   C O D E   M E M O R Y   * * * * * * *
            CODE    0000H     0003H     ABSOLUTE     
            CODE    0003H     0003H     ABSOLUTE     
            CODE    0006H     0001H     UNIT         ?PR?WAIT?BIPOLARMOTOR
            CODE    0007H     0001H     UNIT         ?PR?NOP?IOEXPANDER_PI4IOE5V96248
                    0008H     0003H                  *** GAP ***
            CODE    000BH     0003H     ABSOLUTE     
            CODE    000EH     000DH     UNIT         ?PR?SPI_INIT?PCF85063BTL
            CODE    001BH     0003H     ABSOLUTE     
            CODE    001EH     0BDCH     UNIT         ?PR?MAIN?MAIN
            CODE    0BFAH     09A4H     UNIT         ?C?LIB_CODE
BL51 BANKED LINKER/LOCATER V6.22                                                      05/06/2019  17:17:24  PAGE 3


            CODE    159EH     07A2H     UNIT         ?PR?SUNPOS?SUNPOS
            CODE    1D40H     0646H     UNIT         ?PR?_UPDATE_POSITION?BIPOLARMOTOR
            CODE    2386H     04FBH     UNIT         ?PR?_THEORICALJP_POSITION?BIPOLARMOTOR
            CODE    2881H     0467H     UNIT         ?PR?_FIND_REAL_MAX?CALIBRATION
            CODE    2CE8H     0400H     UNIT         ?C_INITSEG
            CODE    30E8H     038CH     UNIT         ?PR?KEY_PROCESS?KEYPAD
            CODE    3474H     0380H     UNIT         ?PR?_ELEVATION_CALCULATION?BIPOLARMOTOR
            CODE    37F4H     01B3H     UNIT         ?PR?_CALIBRATION?CALIBRATION
            CODE    39A7H     018DH     UNIT         ?PR?KEY_SCAN?KEYPAD
            CODE    3B34H     0189H     UNIT         ?PR?SPI_NOR_WRITE_DATA?AT25SF041
            CODE    3CBDH     0188H     UNIT         ?PR?SIN?SIN
            CODE    3E45H     0166H     UNIT         ?PR?_POW?POW
            CODE    3FABH     0155H     UNIT         ?PR?_DISPLAY_POS?LCD_DRIVER_SPLC780D
            CODE    4100H     0129H     UNIT         ?PR?LOG?LOG
            CODE    4229H     0122H     UNIT         ?PR?ATAN?ATAN
            CODE    434BH     0110H     UNIT         ?PR?_AT25SF041_READ?AT25SF041
            CODE    445BH     0102H     UNIT         ?PR?_AT25SF041_WRITE?AT25SF041
            CODE    455DH     00F5H     UNIT         ?PR?EXINT0?MAIN
            CODE    4652H     00C3H     UNIT         ?PR?LINEAR_INTERPOLATE?BIPOLARMOTOR
            CODE    4715H     00BBH     UNIT         ?PR?VOLTAGE_IS_STABLE?CALIBRATION
            CODE    47D0H     00ADH     UNIT         ?PR?_WRITE_PI4IOE5V96248?IOEXPANDER_PI4IOE5V96248
            CODE    487DH     00ACH     UNIT         ?PR?SQRT?SQRT
            CODE    4929H     00A1H     UNIT         ?PR?UCREAD_STATUS_REGISTER_BYTE1?AT25SF041
            CODE    49CAH     009DH     UNIT         ?PR?_ATAN2?ATAN2
            CODE    4A67H     009CH     UNIT         ?PR?_MAX_VALUE?CALIBRATION
            CODE    4B03H     009AH     UNIT         ?PR?EXP?EXP
            CODE    4B9DH     008CH     UNIT         ?C_C51STARTUP
            CODE    4C29H     0088H     UNIT         ?PR?_DAY_OF_YEAR?PCF85063BTL
            CODE    4CB1H     0079H     UNIT         ?PR?_WRITEDATA?LCD_DRIVER_SPLC780D
            CODE    4D2AH     0072H     UNIT         ?PR?AT25SF041_WRITEENABLE?AT25SF041
            CODE    4D9CH     006FH     UNIT         ?PR?_READ_TIME?PCF85063BTL
            CODE    4E0BH     005AH     UNIT         ?PR?AT25SF041_CHIPERASE?AT25SF041
            CODE    4E65H     0059H     UNIT         ?PR?LCD_INIT?LCD_DRIVER_SPLC780D
            CODE    4EBEH     004AH     UNIT         ?PR?VONESTEPMOVE?BIPOLARMOTOR
            CODE    4F08H     004AH     UNIT         ?PR?ACOS?ACOS
            CODE    4F52H     0044H     UNIT         ?C?LDIV
            CODE    4F96H     0040H     UNIT         ?PR?_COMMAND?LCD_DRIVER_SPLC780D
            CODE    4FD6H     0040H     UNIT         ?PR?_STEP_MOVE?BIPOLARMOTOR
            CODE    5016H     003BH     UNIT         ?PR?ASIN?ASIN
            CODE    5051H     0031H     UNIT         ?PR?SI1120_CONFIG_MODE_VIRH?SI1120
            CODE    5082H     002CH     UNIT         ?PR?_ADC_GETRESULT?ADC
            CODE    50AEH     002BH     UNIT         ?PR?_WAIT_MS_I2C?IOEXPANDER_PI4IOE5V96248
            CODE    50D9H     002BH     UNIT         ?PR?_WAIT_MS_SPINOR?AT25SF041
            CODE    5104H     0028H     UNIT         ?PR?_MOVE?BIPOLARMOTOR
            CODE    512CH     0027H     UNIT         ?PR?_I2C_SENDBYTE?IOEXPANDER_PI4IOE5V96248
            CODE    5153H     0025H     UNIT         ?PR?_FINDCLOSESTSAMEDAYCALIBTIME?CALIBRATION
            CODE    5178H     0024H     UNIT         ?PR?_WAIT_MS?LCD_DRIVER_SPLC780D
            CODE    519CH     0021H     UNIT         ?PR?TM0_ISR?MAIN
            CODE    51BDH     0020H     UNIT         ?PR?_SPI_SENDBYTE?PCF85063BTL
            CODE    51DDH     0020H     UNIT         ?PR?SPI_RECEIVEBYTE?PCF85063BTL
            CODE    51FDH     001FH     UNIT         ?PR?ADC_INIT?ADC
            CODE    521CH     001EH     UNIT         ?PR?_DELAY_MS?KEYPAD
            CODE    523AH     001DH     UNIT         ?PR?_DISPLAYLCD?LCD_DRIVER_SPLC780D
            CODE    5257H     001BH     UNIT         ?PR?_BCDTODEC1?BIPOLARMOTOR
            CODE    5272H     0018H     UNIT         ?PR?_SPI_WRITETIME?PCF85063BTL
            CODE    528AH     0016H     UNIT         ?PR?I2C_ACK?IOEXPANDER_PI4IOE5V96248
            CODE    52A0H     0015H     UNIT         ?PR?_DISPLAY_LINE?LCD_DRIVER_SPLC780D
BL51 BANKED LINKER/LOCATER V6.22                                                      05/06/2019  17:17:24  PAGE 4


            CODE    52B5H     0015H     UNIT         ?PR?VSETLOCATION?BIPOLARMOTOR
            CODE    52CAH     0015H     UNIT         ?PR?I2C_STOP?IOEXPANDER_PI4IOE5V96248
            CODE    52DFH     0014H     UNIT         ?PR?_PCF85063BTL_DELAY?PCF85063BTL
            CODE    52F3H     0014H     UNIT         ?PR?_ABS?LCD_DRIVER_SPLC780D
            CODE    5307H     0011H     UNIT         ?PR?_SPI_READTIME?PCF85063BTL
            CODE    5318H     0011H     UNIT         ?PR?_BCDTODEC?PCF85063BTL
            CODE    5329H     000FH     UNIT         ?PR?I2C_START?IOEXPANDER_PI4IOE5V96248
            CODE    5338H     000FH     UNIT         ?PR?UC_NACK?IOEXPANDER_PI4IOE5V96248
            CODE    5347H     000DH     UNIT         ?PR?ENABLE_EXTINT0?SI1120
            CODE    5354H     000CH     UNIT         ?PR?KEYPAD_IO_INIT?KEYPAD
            CODE    5360H     000AH     UNIT         ?PR?LCD_RETURN_HOME?LCD_DRIVER_SPLC780D
            CODE    536AH     000AH     UNIT         ?PR?LCD_CLEAR?LCD_DRIVER_SPLC780D
            CODE    5374H     0009H     UNIT         ?PR?TM1_ISR?MAIN
            CODE    537DH     0006H     UNIT         ?PR?UC_ACK?IOEXPANDER_PI4IOE5V96248



OVERLAY MAP OF MODULE:   .\Obj\GPIO_RTC_Test (MAIN)


SEGMENT                                             BIT_GROUP          XDATA_GROUP
  +--> CALLED SEGMENT                            START    LENGTH     START    LENGTH
------------------------------------------------------------------------------------
?PR?EXINT0?MAIN                                  -----    -----      -----    -----
  +--> ?PR?_POW?POW

?PR?_POW?POW                                     -----    -----      03BCH    000AH
  +--> ?PR?LOG?LOG
  +--> ?PR?EXP?EXP

?PR?LOG?LOG                                      0020H.0  0000H.1    03C6H    0004H

*** NEW ROOT ***************************************************

?C_C51STARTUP                                    -----    -----      -----    -----
  +--> ?PR?MAIN?MAIN
  +--> ?C_INITSEG

?PR?MAIN?MAIN                                    -----    -----      03CAH    002AH
  +--> ?PR?LCD_INIT?LCD_DRIVER_SPLC780D
  +--> ?PR?SPI_INIT?PCF85063BTL
  +--> ?PR?KEYPAD_IO_INIT?KEYPAD
  +--> ?PR?ADC_INIT?ADC
  +--> ?PR?SI1120_CONFIG_MODE_VIRH?SI1120
  +--> ?PR?ENABLE_EXTINT0?SI1120
  +--> ?PR?VSETLOCATION?BIPOLARMOTOR
  +--> ?PR?_SPI_WRITETIME?PCF85063BTL
  +--> ?PR?_DELAY_MS?KEYPAD
  +--> ?PR?_DISPLAY_LINE?LCD_DRIVER_SPLC780D
  +--> ?PR?_WRITEDATA?LCD_DRIVER_SPLC780D
  +--> ?PR?KEY_PROCESS?KEYPAD
  +--> ?PR?_DISPLAY_POS?LCD_DRIVER_SPLC780D
  +--> ?PR?_COMMAND?LCD_DRIVER_SPLC780D
  +--> ?PR?_DISPLAYLCD?LCD_DRIVER_SPLC780D
  +--> ?PR?_STEP_MOVE?BIPOLARMOTOR
  +--> ?PR?LCD_RETURN_HOME?LCD_DRIVER_SPLC780D
  +--> ?PR?_READ_TIME?PCF85063BTL
BL51 BANKED LINKER/LOCATER V6.22                                                      05/06/2019  17:17:24  PAGE 5


  +--> ?PR?_BCDTODEC1?BIPOLARMOTOR
  +--> ?PR?_ELEVATION_CALCULATION?BIPOLARMOTOR
  +--> ?PR?SIN?SIN
  +--> ?PR?_CALIBRATION?CALIBRATION
  +--> ?PR?AT25SF041_WRITEENABLE?AT25SF041
  +--> ?PR?_AT25SF041_WRITE?AT25SF041
  +--> ?PR?_WAIT_MS_SPINOR?AT25SF041
  +--> ?PR?_UPDATE_POSITION?BIPOLARMOTOR
  +--> ?PR?_ADC_GETRESULT?ADC
  +--> ?PR?SPI_NOR_WRITE_DATA?AT25SF041
  +--> ?PR?LINEAR_INTERPOLATE?BIPOLARMOTOR
  +--> ?PR?_FINDCLOSESTSAMEDAYCALIBTIME?CALI...
  +--> ?PR?LCD_CLEAR?LCD_DRIVER_SPLC780D
  +--> ?PR?AT25SF041_CHIPERASE?AT25SF041

?PR?LCD_INIT?LCD_DRIVER_SPLC780D                 -----    -----      -----    -----
  +--> ?PR?_WAIT_MS?LCD_DRIVER_SPLC780D
  +--> ?PR?_COMMAND?LCD_DRIVER_SPLC780D

?PR?_COMMAND?LCD_DRIVER_SPLC780D                 -----    -----      -----    -----
  +--> ?PR?_WAIT_MS?LCD_DRIVER_SPLC780D

?PR?ADC_INIT?ADC                                 -----    -----      -----    -----
  +--> ?PR?_WAIT_MS?LCD_DRIVER_SPLC780D

?PR?SI1120_CONFIG_MODE_VIRH?SI1120               -----    -----      -----    -----
  +--> ?PR?_WAIT_MS?LCD_DRIVER_SPLC780D

?PR?_SPI_WRITETIME?PCF85063BTL                   -----    -----      -----    -----
  +--> ?PR?_SPI_SENDBYTE?PCF85063BTL

?PR?_SPI_SENDBYTE?PCF85063BTL                    -----    -----      -----    -----
  +--> ?PR?_PCF85063BTL_DELAY?PCF85063BTL

?PR?_DISPLAY_LINE?LCD_DRIVER_SPLC780D            -----    -----      -----    -----
  +--> ?PR?_COMMAND?LCD_DRIVER_SPLC780D

?PR?_WRITEDATA?LCD_DRIVER_SPLC780D               -----    -----      04DEH    0001H
  +--> ?PR?_WAIT_MS?LCD_DRIVER_SPLC780D

?PR?KEY_PROCESS?KEYPAD                           -----    -----      03F4H    0006H
  +--> ?PR?KEY_SCAN?KEYPAD
  +--> ?PR?_SPI_WRITETIME?PCF85063BTL
  +--> ?PR?LCD_CLEAR?LCD_DRIVER_SPLC780D
  +--> ?PR?_COMMAND?LCD_DRIVER_SPLC780D
  +--> ?PR?_WRITEDATA?LCD_DRIVER_SPLC780D

?PR?KEY_SCAN?KEYPAD                              -----    -----      03FAH    0003H

?PR?LCD_CLEAR?LCD_DRIVER_SPLC780D                -----    -----      -----    -----
  +--> ?PR?_COMMAND?LCD_DRIVER_SPLC780D

?PR?_DISPLAY_POS?LCD_DRIVER_SPLC780D             -----    -----      04D3H    000BH
  +--> ?PR?_ABS?LCD_DRIVER_SPLC780D
  +--> ?PR?_WRITEDATA?LCD_DRIVER_SPLC780D

?PR?_DISPLAYLCD?LCD_DRIVER_SPLC780D              -----    -----      03F4H    0001H
BL51 BANKED LINKER/LOCATER V6.22                                                      05/06/2019  17:17:24  PAGE 6


  +--> ?PR?_WRITEDATA?LCD_DRIVER_SPLC780D

?PR?_STEP_MOVE?BIPOLARMOTOR                      0020H.2  0000H.1    04D7H    0004H
  +--> ?PR?VONESTEPMOVE?BIPOLARMOTOR

?PR?VONESTEPMOVE?BIPOLARMOTOR                    0020H.3  0000H.1    -----    -----
  +--> ?PR?_WRITE_PI4IOE5V96248?IOEXPANDER_P...
  +--> ?PR?_DELAY_MS?KEYPAD

?PR?_WRITE_PI4IOE5V96248?IOEXPANDER_P...         -----    -----      04DBH    0003H
  +--> ?PR?I2C_START?IOEXPANDER_PI4IOE5V96248
  +--> ?PR?_WAIT_MS_I2C?IOEXPANDER_PI4IOE5V9...
  +--> ?PR?_I2C_SENDBYTE?IOEXPANDER_PI4IOE5V...
  +--> ?PR?I2C_ACK?IOEXPANDER_PI4IOE5V96248
  +--> ?PR?I2C_STOP?IOEXPANDER_PI4IOE5V96248

?PR?I2C_START?IOEXPANDER_PI4IOE5V96248           -----    -----      -----    -----
  +--> ?PR?_WAIT_MS_I2C?IOEXPANDER_PI4IOE5V9...

?PR?_I2C_SENDBYTE?IOEXPANDER_PI4IOE5V...         -----    -----      -----    -----
  +--> ?PR?_WAIT_MS_I2C?IOEXPANDER_PI4IOE5V9...

?PR?I2C_ACK?IOEXPANDER_PI4IOE5V96248             -----    -----      04DEH    0001H
  +--> ?PR?_WAIT_MS_I2C?IOEXPANDER_PI4IOE5V9...

?PR?I2C_STOP?IOEXPANDER_PI4IOE5V96248            -----    -----      -----    -----
  +--> ?PR?_WAIT_MS_I2C?IOEXPANDER_PI4IOE5V9...

?PR?LCD_RETURN_HOME?LCD_DRIVER_SPLC780D          -----    -----      -----    -----
  +--> ?PR?_COMMAND?LCD_DRIVER_SPLC780D

?PR?_READ_TIME?PCF85063BTL                       -----    -----      03F4H    000FH
  +--> ?PR?_SPI_READTIME?PCF85063BTL

?PR?_SPI_READTIME?PCF85063BTL                    -----    -----      -----    -----
  +--> ?PR?_SPI_SENDBYTE?PCF85063BTL
  +--> ?PR?SPI_RECEIVEBYTE?PCF85063BTL

?PR?SPI_RECEIVEBYTE?PCF85063BTL                  -----    -----      -----    -----
  +--> ?PR?_PCF85063BTL_DELAY?PCF85063BTL

?PR?_ELEVATION_CALCULATION?BIPOLARMOTOR          -----    -----      03F4H    0005H
  +--> ?PR?_BCDTODEC1?BIPOLARMOTOR
  +--> ?PR?SUNPOS?SUNPOS
  +--> ?PR?SIN?SIN
  +--> ?PR?ASIN?ASIN

?PR?SUNPOS?SUNPOS                                -----    -----      0446H    005DH
  +--> ?PR?SIN?SIN
  +--> ?PR?_ATAN2?ATAN2
  +--> ?PR?ASIN?ASIN
  +--> ?PR?ACOS?ACOS

?PR?SIN?SIN                                      0020H.1  0000H.1    04A3H    0004H

?PR?_ATAN2?ATAN2                                 -----    -----      04A3H    0008H
  +--> ?PR?ATAN?ATAN
BL51 BANKED LINKER/LOCATER V6.22                                                      05/06/2019  17:17:24  PAGE 7



?PR?ATAN?ATAN                                    0020H.1  0000H.2    04ABH    0004H

?PR?ASIN?ASIN                                    -----    -----      -----    -----
  +--> ?PR?SQRT?SQRT
  +--> ?PR?ATAN?ATAN

?PR?SQRT?SQRT                                    -----    -----      04A3H    0004H

?PR?ACOS?ACOS                                    -----    -----      -----    -----
  +--> ?PR?SQRT?SQRT
  +--> ?PR?ATAN?ATAN

?PR?_CALIBRATION?CALIBRATION                     -----    -----      03F4H    0024H
  +--> ?PR?VOLTAGE_IS_STABLE?CALIBRATION
  +--> ?PR?_UPDATE_POSITION?BIPOLARMOTOR
  +--> ?PR?_FIND_REAL_MAX?CALIBRATION

?PR?VOLTAGE_IS_STABLE?CALIBRATION                -----    -----      0418H    0018H
  +--> ?PR?_ADC_GETRESULT?ADC
  +--> ?PR?_ABS?LCD_DRIVER_SPLC780D

?PR?_UPDATE_POSITION?BIPOLARMOTOR                -----    -----      0418H    002EH
  +--> ?PR?_BCDTODEC1?BIPOLARMOTOR
  +--> ?PR?SUNPOS?SUNPOS
  +--> ?PR?SIN?SIN
  +--> ?PR?ASIN?ASIN
  +--> ?PR?_THEORICALJP_POSITION?BIPOLARMOTOR
  +--> ?PR?_ABS?LCD_DRIVER_SPLC780D
  +--> ?PR?_MOVE?BIPOLARMOTOR

?PR?_THEORICALJP_POSITION?BIPOLARMOTOR           -----    -----      0446H    005CH
  +--> ?PR?LINEAR_INTERPOLATE?BIPOLARMOTOR

?PR?LINEAR_INTERPOLATE?BIPOLARMOTOR              -----    -----      04A2H    0014H

?PR?_MOVE?BIPOLARMOTOR                           0020H.1  0000H.1    04D3H    0004H
  +--> ?PR?_STEP_MOVE?BIPOLARMOTOR

?PR?_FIND_REAL_MAX?CALIBRATION                   -----    -----      0418H    00BBH
  +--> ?PR?_ADC_GETRESULT?ADC
  +--> ?PR?_WAIT_MS?LCD_DRIVER_SPLC780D
  +--> ?PR?AT25SF041_WRITEENABLE?AT25SF041
  +--> ?PR?_AT25SF041_WRITE?AT25SF041
  +--> ?PR?_WAIT_MS_SPINOR?AT25SF041
  +--> ?PR?_COMMAND?LCD_DRIVER_SPLC780D
  +--> ?PR?_WRITEDATA?LCD_DRIVER_SPLC780D
  +--> ?PR?_DISPLAY_POS?LCD_DRIVER_SPLC780D
  +--> ?PR?_MOVE?BIPOLARMOTOR
  +--> ?PR?_MAX_VALUE?CALIBRATION

?PR?AT25SF041_WRITEENABLE?AT25SF041              -----    -----      04D3H    0002H
  +--> ?PR?_WAIT_MS_SPINOR?AT25SF041
  +--> ?PR?UCREAD_STATUS_REGISTER_BYTE1?AT25...

?PR?UCREAD_STATUS_REGISTER_BYTE1?AT25...         -----    -----      04DBH    0003H
  +--> ?PR?_WAIT_MS_SPINOR?AT25SF041
BL51 BANKED LINKER/LOCATER V6.22                                                      05/06/2019  17:17:24  PAGE 8



?PR?_AT25SF041_WRITE?AT25SF041                   -----    -----      04D3H    0008H
  +--> ?PR?_WAIT_MS_SPINOR?AT25SF041
  +--> ?PR?UCREAD_STATUS_REGISTER_BYTE1?AT25...

?PR?_MAX_VALUE?CALIBRATION                       -----    -----      04D3H    0004H

?PR?SPI_NOR_WRITE_DATA?AT25SF041                 -----    -----      03F4H    000EH
  +--> ?PR?AT25SF041_WRITEENABLE?AT25SF041
  +--> ?PR?_AT25SF041_WRITE?AT25SF041
  +--> ?PR?_WAIT_MS_SPINOR?AT25SF041

?PR?AT25SF041_CHIPERASE?AT25SF041                -----    -----      03F4H    0002H
  +--> ?PR?_WAIT_MS_SPINOR?AT25SF041
  +--> ?PR?UCREAD_STATUS_REGISTER_BYTE1?AT25...



SYMBOL TABLE OF MODULE:  .\Obj\GPIO_RTC_Test (MAIN)

  VALUE           TYPE          NAME
  ----------------------------------

  -------         MODULE        MAIN
  C:0000H         SYMBOL        _ICE_DUMMY_
  X:04E7H         PUBLIC        calib_value
  D:0080H         PUBLIC        P0
  D:00B2H         PUBLIC        P3M0
  D:0090H         PUBLIC        P1
  D:00B1H         PUBLIC        P3M1
  D:00A0H         PUBLIC        P2
  D:00B0H         PUBLIC        P3
  D:00C0H         PUBLIC        P4
  D:00C8H         PUBLIC        P5
  X:053BH         SYMBOL        PressedKey
  B:00A8H.7       PUBLIC        EA
  D:00E8H         PUBLIC        P6
  X:053FH         PUBLIC        calib_stamp
  D:00F8H         PUBLIC        P7
  X:0540H         PUBLIC        calib_bool
  D:00A8H         PUBLIC        IE
  X:056AH         PUBLIC        calib_time
  D:00B8H         PUBLIC        IP
  B:00B0H.2       PUBLIC        INT0
  X:05BEH         PUBLIC        months
  D:00D8H         PUBLIC        CCON
  C:001EH         PUBLIC        main
  X:05BFH         PUBLIC        count
  X:05C1H         PUBLIC        days
  X:05C2H         PUBLIC        hours
  D:0098H         PUBLIC        SCON
  D:0089H         PUBLIC        TMOD
  D:0088H         PUBLIC        TCON
  B:00A0H.3       PUBLIC        P23
  X:05C3H         SYMBOL        KeyCount
  X:05C5H         PUBLIC        mins
  B:00C8H.5       PUBLIC        P55
BL51 BANKED LINKER/LOCATER V6.22                                                      05/06/2019  17:17:24  PAGE 9


  D:008EH         PUBLIC        AUXR
  C:519CH         PUBLIC        tm0_isr
  B:0090H.5       PUBLIC        SI1120_STX
  C:5374H         PUBLIC        tm1_isr
  B:0020H.4       PUBLIC        busy
  B:00A8H.1       PUBLIC        ET0
  B:00A8H.3       PUBLIC        ET1
  X:05C6H         PUBLIC        SPI_NOR_INTERNAL_FLASH_ADDR
  D:008CH         PUBLIC        TH0
  D:008DH         PUBLIC        TH1
  D:008AH         PUBLIC        TL0
  D:008BH         PUBLIC        TL1
  B:0088H.4       PUBLIC        TR0
  B:0088H.6       PUBLIC        TR1
  C:455DH         PUBLIC        exint0
  X:05CAH         SYMBOL        KeyNum
  X:05CBH         SYMBOL        KeyNum_Old
  X:05CCH         PUBLIC        timer0_count
  X:05CEH         PUBLIC        current_position
  X:05D2H         PUBLIC        pwm_time
  X:05D6H         PUBLIC        start_timer0_count
  X:05D7H         PUBLIC        seconds
  D:00D0H         PUBLIC        PSW
  -------         PROC          TM0_ISR
  C:519CH         LINE#         93
  C:51A2H         LINE#         97
  C:51A5H         LINE#         98
  C:51A8H         LINE#         99
  C:51B6H         LINE#         100
  -------         ENDPROC       TM0_ISR
  -------         PROC          TM1_ISR
  C:5374H         LINE#         101
  C:5374H         LINE#         103
  C:5376H         LINE#         105
  C:5379H         LINE#         106
  C:537CH         LINE#         107
  -------         ENDPROC       TM1_ISR
  -------         PROC          EXINT0
  C:455DH         LINE#         108
  C:457AH         LINE#         112
  C:457DH         LINE#         113
  C:457DH         LINE#         114
  C:4580H         LINE#         115
  C:4583H         LINE#         116
  C:4585H         LINE#         117
  C:4587H         LINE#         121
  C:458AH         LINE#         124
  C:458AH         LINE#         125
  C:458CH         LINE#         127
  C:4598H         LINE#         128
  C:45F2H         LINE#         129
  C:4630H         LINE#         130
  C:4637H         LINE#         135
  C:4637H         LINE#         137
  -------         ENDPROC       EXINT0
  -------         PROC          MAIN
  -------         DO            
BL51 BANKED LINKER/LOCATER V6.22                                                      05/06/2019  17:17:24  PAGE 10


  X:04DFH         SYMBOL        KeyCount
  X:04E1H         SYMBOL        KeyNum_Old
  X:04E2H         SYMBOL        KeyNum
  X:04E3H         SYMBOL        PressedKey
  X:03CAH         SYMBOL        prox_flag
  X:03CBH         SYMBOL        iUse_prevday_calib_value
  X:03CDH         SYMBOL        max_ADC_Val_JP
  X:03CFH         SYMBOL        max_ADC_Val
  X:03D1H         SYMBOL        calib_point1
  X:03D9H         SYMBOL        calib_point2
  X:03E1H         SYMBOL        dat_to_store
  X:03ECH         SYMBOL        calib_day
  X:03EEH         SYMBOL        calib_count
  X:03F0H         SYMBOL        theorical_JP_max_pos
  D:0004H         SYMBOL        elevation
  -------         ENDDO         
  C:001EH         LINE#         139
  C:001EH         LINE#         140
  C:001EH         LINE#         145
  C:0024H         LINE#         146
  C:0029H         LINE#         148
  C:0031H         LINE#         152
  C:0037H         LINE#         153
  C:0041H         LINE#         160
  C:0049H         LINE#         161
  C:0050H         LINE#         162
  C:0056H         LINE#         164
  C:005CH         LINE#         173
  C:005EH         LINE#         174
  C:0061H         LINE#         175
  C:0064H         LINE#         176
  C:0067H         LINE#         177
  C:006AH         LINE#         178
  C:006DH         LINE#         181
  C:0070H         LINE#         184
  C:0073H         LINE#         185
  C:0076H         LINE#         187
  C:0079H         LINE#         189
  C:007CH         LINE#         190
  C:007FH         LINE#         191
  C:0082H         LINE#         192
  C:0085H         LINE#         193
  C:0088H         LINE#         194
  C:008BH         LINE#         195
  C:008DH         LINE#         196
  C:008FH         LINE#         198
  C:0091H         LINE#         199
  C:0098H         LINE#         200
  C:009FH         LINE#         201
  C:00A6H         LINE#         202
  C:00ADH         LINE#         206
  C:00B4H         LINE#         207
  C:00B9H         LINE#         208
  C:00BEH         LINE#         209
  C:00C3H         LINE#         210
  C:00C8H         LINE#         211
  C:00CDH         LINE#         214
BL51 BANKED LINKER/LOCATER V6.22                                                      05/06/2019  17:17:24  PAGE 11


  C:00E6H         LINE#         215
  C:00E6H         LINE#         216
  C:0102H         LINE#         217
  C:0149H         LINE#         218
  C:015AH         LINE#         221
  C:015AH         LINE#         222
  C:015AH         LINE#         223
  C:015DH         LINE#         227
  C:015DH         LINE#         230
  C:016EH         LINE#         232
  C:0173H         LINE#         233
  C:0178H         LINE#         235
  C:017DH         LINE#         237
  C:0182H         LINE#         238
  C:0187H         LINE#         240
  C:0198H         LINE#         241
  C:019DH         LINE#         242
  C:01A2H         LINE#         244
  C:01A9H         LINE#         245
  C:01B1H         LINE#         246
  C:01B6H         LINE#         247
  C:01BEH         LINE#         248
  C:01C3H         LINE#         249
  C:01CDH         LINE#         250
  C:01D2H         LINE#         251
  C:01DAH         LINE#         253
  C:01E2H         LINE#         254
  C:01E7H         LINE#         255
  C:01F1H         LINE#         256
  C:01F1H         LINE#         257
  C:01F3H         LINE#         258
  C:01F5H         LINE#         259
  C:01FFH         LINE#         260
  C:01FFH         LINE#         261
  C:0204H         LINE#         262
  C:0204H         LINE#         274
  C:0218H         LINE#         275
  C:0218H         LINE#         276
  C:022DH         LINE#         277
  C:023CH         LINE#         278
  C:023CH         LINE#         279
  C:024FH         LINE#         280
  C:0251H         LINE#         282
  C:0251H         LINE#         283
  C:026DH         LINE#         284
  C:026DH         LINE#         285
  C:0272H         LINE#         286
  C:0272H         LINE#         287
  C:0286H         LINE#         288
  C:0286H         LINE#         291
  C:029BH         LINE#         292
  C:02AAH         LINE#         293
  C:02AAH         LINE#         294
  C:02BDH         LINE#         295
  C:02BFH         LINE#         297
  C:02BFH         LINE#         298
  C:02DBH         LINE#         299
BL51 BANKED LINKER/LOCATER V6.22                                                      05/06/2019  17:17:24  PAGE 12


  C:02DBH         LINE#         300
  C:02E0H         LINE#         301
  C:02E6H         LINE#         302
  C:02E6H         LINE#         304
  C:0308H         LINE#         305
  C:0308H         LINE#         306
  C:0312H         LINE#         307
  C:0318H         LINE#         308
  C:031FH         LINE#         309
  C:0325H         LINE#         310
  C:032CH         LINE#         311
  C:032CH         LINE#         312
  C:032FH         LINE#         314
  C:032FH         LINE#         319
  C:036AH         LINE#         323
  C:0377H         LINE#         324
  C:0377H         LINE#         328
  C:0377H         LINE#         329
  C:039FH         LINE#         330
  C:039FH         LINE#         331
  C:03C1H         LINE#         332
  C:03C1H         LINE#         334
  C:03E1H         LINE#         337
  C:0410H         LINE#         343
  C:0410H         LINE#         344
  C:048CH         LINE#         345
  C:04A5H         LINE#         346
  C:052FH         LINE#         347
  C:052FH         LINE#         349
  C:052FH         LINE#         351
  C:0536H         LINE#         352
  C:0536H         LINE#         353
  C:0539H         LINE#         354
  C:0557H         LINE#         355
  C:055EH         LINE#         356
  C:057DH         LINE#         357
  C:059CH         LINE#         359
  C:0618H         LINE#         360
  C:0630H         LINE#         362
  C:0688H         LINE#         363
  C:06C3H         LINE#         364
  C:06D0H         LINE#         365
  C:06E0H         LINE#         366
  C:06E0H         LINE#         368
  C:06E8H         LINE#         369
  C:06F0H         LINE#         370
  C:06F8H         LINE#         371
  C:0700H         LINE#         373
  C:070EH         LINE#         374
  C:0724H         LINE#         375
  C:0754H         LINE#         376
  C:0774H         LINE#         378
  C:0788H         LINE#         379
  C:079EH         LINE#         380
  C:07CEH         LINE#         381
  C:07D5H         LINE#         383
  C:07F9H         LINE#         386
BL51 BANKED LINKER/LOCATER V6.22                                                      05/06/2019  17:17:24  PAGE 13


  C:07FBH         LINE#         388
  C:0809H         LINE#         389
  C:0809H         LINE#         390
  C:0811H         LINE#         392
  C:0811H         LINE#         395
  C:0811H         LINE#         396
  C:081EH         LINE#         397
  C:081EH         LINE#         398
  C:0840H         LINE#         399
  C:0840H         LINE#         400
  C:08BCH         LINE#         401
  C:0911H         LINE#         402
  C:0911H         LINE#         404
  C:0914H         LINE#         408
  C:0914H         LINE#         411
  C:0936H         LINE#         412
  C:0936H         LINE#         413
  C:09B2H         LINE#         415
  C:09DFH         LINE#         416
  C:09FAH         LINE#         417
  C:0A27H         LINE#         418
  C:0A5AH         LINE#         419
  C:0A5AH         LINE#         420
  C:0A84H         LINE#         421
  C:0B1DH         LINE#         422
  C:0B1FH         LINE#         424
  C:0B1FH         LINE#         425
  C:0B82H         LINE#         426
  C:0B82H         LINE#         430
  C:0B82H         LINE#         432
  C:0B82H         LINE#         433
  C:0B82H         LINE#         435
  C:0B82H         LINE#         438
  C:0B9EH         LINE#         439
  C:0BA2H         LINE#         441
  C:0BA4H         LINE#         444
  C:0BB3H         LINE#         445
  C:0BB3H         LINE#         446
  C:0BB6H         LINE#         447
  C:0BBDH         LINE#         448
  C:0BC2H         LINE#         449
  C:0BC7H         LINE#         450
  C:0BCCH         LINE#         451
  C:0BD1H         LINE#         452
  C:0BD6H         LINE#         462
  C:0BD9H         LINE#         464
  C:0BDCH         LINE#         465
  C:0BE3H         LINE#         466
  C:0BEDH         LINE#         467
  C:0BF4H         LINE#         469
  C:0BF7H         LINE#         478
  C:0BF7H         LINE#         479
  -------         ENDPROC       MAIN
  -------         ENDMOD        MAIN

  -------         MODULE        PCF85063BTL
  C:0000H         SYMBOL        _ICE_DUMMY_
BL51 BANKED LINKER/LOCATER V6.22                                                      05/06/2019  17:17:24  PAGE 14


  D:0096H         PUBLIC        P2M0
  D:0080H         PUBLIC        P0
  D:0095H         PUBLIC        P2M1
  D:0090H         PUBLIC        P1
  D:00A0H         PUBLIC        P2
  D:00B0H         PUBLIC        P3
  D:00C0H         PUBLIC        P4
  D:00C8H         PUBLIC        P5
  D:00E8H         PUBLIC        P6
  B:00A0H.1       PUBLIC        PCF85063BTL_SDI
  D:00F8H         PUBLIC        P7
  B:00A0H.2       PUBLIC        PCF85063BTL_SCK
  B:00A0H.1       PUBLIC        PCF85063BTL_SDO
  D:00A8H         PUBLIC        IE
  C:4D9CH         PUBLIC        _Read_time
  C:52E5H         PUBLIC        _PCF85063BTL_Delay
  D:00B8H         PUBLIC        IP
  D:00D8H         PUBLIC        CCON
  C:4C29H         PUBLIC        _Day_Of_Year
  C:51DDH         PUBLIC        SPI_ReceiveByte
  D:0098H         PUBLIC        SCON
  D:0088H         PUBLIC        TCON
  C:5318H         PUBLIC        _BCDtoDec
  B:00A0H.0       PUBLIC        PCF85063BTL_CS
  C:5307H         PUBLIC        _SPI_ReadTime
  C:000EH         PUBLIC        SPI_Init
  C:5272H         PUBLIC        _SPI_WriteTime
  C:51BDH         PUBLIC        _SPI_SendByte
  D:00D0H         PUBLIC        PSW
  C:52E1H         SYMBOL        L?0048
  -------         PROC          L?0047
  -------         ENDPROC       L?0047
  C:52E1H         SYMBOL        L?0048
  -------         PROC          _PCF85063BTL_DELAY
  D:0006H         SYMBOL        us
  C:52E5H         LINE#         8
  C:52E5H         LINE#         9
  C:52E5H         LINE#         10
  C:52EFH         LINE#         11
  C:52EFH         LINE#         12
  C:52F0H         LINE#         13
  C:52F2H         LINE#         14
  -------         ENDPROC       _PCF85063BTL_DELAY
  -------         PROC          _SPI_SENDBYTE
  D:0005H         SYMBOL        dat
  -------         DO            
  D:0003H         SYMBOL        i
  -------         ENDDO         
  C:51BDH         LINE#         17
  C:51BFH         LINE#         18
  C:51BFH         LINE#         20
  C:51C1H         LINE#         21
  C:51C1H         LINE#         22
  C:51C3H         LINE#         23
  C:51C7H         LINE#         24
  C:51C7H         LINE#         25
  C:51C9H         LINE#         26
BL51 BANKED LINKER/LOCATER V6.22                                                      05/06/2019  17:17:24  PAGE 15


  C:51CBH         LINE#         28
  C:51CBH         LINE#         29
  C:51CDH         LINE#         30
  C:51CDH         LINE#         31
  C:51D0H         LINE#         32
  C:51D0H         LINE#         33
  C:51D3H         LINE#         34
  C:51D7H         LINE#         35
  C:51DCH         LINE#         36
  -------         ENDPROC       _SPI_SENDBYTE
  -------         PROC          SPI_RECEIVEBYTE
  -------         DO            
  D:0003H         SYMBOL        i
  D:0005H         SYMBOL        dat
  -------         ENDDO         
  C:51DDH         LINE#         39
  C:51DDH         LINE#         40
  C:51DDH         LINE#         42
  C:51DFH         LINE#         44
  C:51E1H         LINE#         45
  C:51E2H         LINE#         46
  C:51E2H         LINE#         47
  C:51E6H         LINE#         48
  C:51E8H         LINE#         49
  C:51EBH         LINE#         51
  C:51EEH         LINE#         52
  C:51EEH         LINE#         53
  C:51F2H         LINE#         54
  C:51F2H         LINE#         55
  C:51F2H         LINE#         56
  C:51F5H         LINE#         57
  C:51FAH         LINE#         58
  C:51FCH         LINE#         59
  -------         ENDPROC       SPI_RECEIVEBYTE
  -------         PROC          _SPI_READTIME
  D:0007H         SYMBOL        addr
  -------         DO            
  D:0006H         SYMBOL        dat
  -------         ENDDO         
  C:5307H         LINE#         61
  C:5307H         LINE#         62
  C:5307H         LINE#         64
  C:5309H         LINE#         65
  C:530BH         LINE#         66
  C:5312H         LINE#         67
  C:5315H         LINE#         68
  C:5317H         LINE#         69
  C:5317H         LINE#         70
  -------         ENDPROC       _SPI_READTIME
  -------         PROC          _SPI_WRITETIME
  D:0002H         SYMBOL        val
  D:0005H         SYMBOL        addr
  C:5272H         LINE#         71
  C:5274H         LINE#         72
  C:5274H         LINE#         74
  C:5276H         LINE#         75
  C:527DH         LINE#         76
BL51 BANKED LINKER/LOCATER V6.22                                                      05/06/2019  17:17:24  PAGE 16


  C:5282H         LINE#         77
  C:5287H         LINE#         78
  C:5289H         LINE#         79
  -------         ENDPROC       _SPI_WRITETIME
  -------         PROC          SPI_INIT
  C:000EH         LINE#         83
  C:000EH         LINE#         84
  C:000EH         LINE#         89
  C:0011H         LINE#         90
  C:0014H         LINE#         91
  C:0016H         LINE#         92
  C:0018H         LINE#         93
  C:001AH         LINE#         94
  -------         ENDPROC       SPI_INIT
  -------         PROC          _READ_TIME
  X:03F4H         SYMBOL        months
  X:03F7H         SYMBOL        days
  X:03FAH         SYMBOL        hours
  X:03FDH         SYMBOL        mins
  X:0400H         SYMBOL        seconds
  C:4D9CH         LINE#         96
  C:4DA7H         LINE#         97
  C:4DA7H         LINE#         99
  C:4DBBH         LINE#         101
  C:4DCFH         LINE#         103
  C:4DE3H         LINE#         108
  C:4DF7H         LINE#         113
  -------         ENDPROC       _READ_TIME
  -------         PROC          _BCDTODEC
  D:0007H         SYMBOL        bcd
  -------         DO            
  D:0006H         SYMBOL        hi
  D:0007H         SYMBOL        lo
  -------         ENDDO         
  C:5318H         LINE#         119
  C:5318H         LINE#         120
  C:5318H         LINE#         122
  C:531DH         LINE#         123
  C:5321H         LINE#         124
  C:5328H         LINE#         125
  -------         ENDPROC       _BCDTODEC
  -------         PROC          _DAY_OF_YEAR
  D:0007H         SYMBOL        months_bcd
  D:0005H         SYMBOL        days_bcd
  -------         DO            
  D:0004H         SYMBOL        months
  D:0007H         SYMBOL        days
  -------         ENDDO         
  C:4C29H         LINE#         126
  C:4C29H         LINE#         127
  C:4C29H         LINE#         130
  C:4C2EH         LINE#         132
  C:4C33H         LINE#         134
  C:4C6CH         LINE#         135
  C:4C6CH         LINE#         136
  C:4C6CH         LINE#         137
  C:4C6FH         LINE#         138
BL51 BANKED LINKER/LOCATER V6.22                                                      05/06/2019  17:17:24  PAGE 17


  C:4C6FH         LINE#         139
  C:4C6FH         LINE#         140
  C:4C74H         LINE#         141
  C:4C74H         LINE#         142
  C:4C74H         LINE#         143
  C:4C79H         LINE#         144
  C:4C79H         LINE#         145
  C:4C79H         LINE#         146
  C:4C7EH         LINE#         147
  C:4C7EH         LINE#         148
  C:4C7EH         LINE#         149
  C:4C83H         LINE#         150
  C:4C83H         LINE#         151
  C:4C83H         LINE#         152
  C:4C88H         LINE#         153
  C:4C88H         LINE#         154
  C:4C88H         LINE#         155
  C:4C8DH         LINE#         156
  C:4C8DH         LINE#         157
  C:4C8DH         LINE#         158
  C:4C92H         LINE#         159
  C:4C92H         LINE#         160
  C:4C92H         LINE#         161
  C:4C9AH         LINE#         162
  C:4C9AH         LINE#         163
  C:4C9AH         LINE#         164
  C:4C9FH         LINE#         165
  C:4C9FH         LINE#         166
  C:4C9FH         LINE#         167
  C:4CA4H         LINE#         168
  C:4CA4H         LINE#         169
  C:4CA4H         LINE#         170
  C:4CADH         LINE#         171
  C:4CADH         LINE#         172
  C:4CADH         LINE#         173
  C:4CB0H         LINE#         174
  C:4CB0H         LINE#         175
  -------         ENDPROC       _DAY_OF_YEAR
  -------         ENDMOD        PCF85063BTL

  -------         MODULE        LCD_DRIVER_SPLC780D
  C:0000H         SYMBOL        _ICE_DUMMY_
  D:0092H         PUBLIC        P1M0
  D:0091H         PUBLIC        P1M1
  D:0080H         PUBLIC        P0
  D:0090H         PUBLIC        P1
  D:00A0H         PUBLIC        P2
  D:00B0H         PUBLIC        P3
  D:00C0H         PUBLIC        P4
  D:00C8H         PUBLIC        P5
  D:00E8H         PUBLIC        P6
  D:00F8H         PUBLIC        P7
  C:4CB5H         PUBLIC        _WriteData
  D:00A8H         PUBLIC        IE
  D:00B8H         PUBLIC        IP
  D:00D8H         PUBLIC        CCON
  B:00B0H.4       PUBLIC        LCD_D4
BL51 BANKED LINKER/LOCATER V6.22                                                      05/06/2019  17:17:24  PAGE 18


  B:00B0H.5       PUBLIC        LCD_D5
  B:00B0H.6       PUBLIC        LCD_D6
  C:523AH         PUBLIC        _DisplayLCD
  B:00B0H.7       PUBLIC        LCD_D7
  D:0098H         PUBLIC        SCON
  D:0088H         PUBLIC        TCON
  C:52F3H         PUBLIC        _abs
  C:536AH         PUBLIC        LCD_clear
  C:4F96H         PUBLIC        _Command
  C:52A0H         PUBLIC        _Display_Line
  C:4E65H         PUBLIC        LCD_Init
  C:517EH         PUBLIC        _Wait_ms
  B:00C0H.0       PUBLIC        LCD_RS
  B:0090H.3       PUBLIC        LCD_RW
  C:5360H         PUBLIC        LCD_return_home
  C:3FABH         PUBLIC        _Display_Pos
  B:00B0H.3       PUBLIC        LCD_E
  D:00D0H         PUBLIC        PSW
  -------         PROC          LCD_INIT
  C:4E65H         LINE#         9
  C:4E65H         LINE#         10
  C:4E65H         LINE#         11
  C:4E68H         LINE#         12
  C:4E6BH         LINE#         14
  C:4E71H         LINE#         15
  C:4E76H         LINE#         17
  C:4E7DH         LINE#         18
  C:4E82H         LINE#         20
  C:4E85H         LINE#         21
  C:4E8AH         LINE#         23
  C:4E8DH         LINE#         24
  C:4E92H         LINE#         26
  C:4E99H         LINE#         29
  C:4E9EH         LINE#         30
  C:4EA3H         LINE#         32
  C:4EA8H         LINE#         33
  C:4EADH         LINE#         35
  C:4EB2H         LINE#         36
  C:4EB7H         LINE#         37
  -------         ENDPROC       LCD_INIT
  C:4CB1H         SYMBOL        L?0038
  -------         PROC          L?0037
  -------         ENDPROC       L?0037
  C:4CB1H         SYMBOL        L?0038
  -------         PROC          _WRITEDATA
  X:04DEH         SYMBOL        dat
  C:4CB5H         LINE#         40
  C:4CBAH         LINE#         41
  C:4CBAH         LINE#         46
  C:4CBCH         LINE#         47
  C:4CBEH         LINE#         49
  C:4CCCH         LINE#         50
  C:4CD8H         LINE#         51
  C:4CE4H         LINE#         52
  C:4CEEH         LINE#         53
  C:4CF0H         LINE#         54
  C:4CF7H         LINE#         55
BL51 BANKED LINKER/LOCATER V6.22                                                      05/06/2019  17:17:24  PAGE 19


  C:4CF9H         LINE#         57
  C:4D09H         LINE#         58
  C:4D14H         LINE#         59
  C:4D1EH         LINE#         60
  C:4D22H         LINE#         62
  C:4D22H         LINE#         63
  C:4D25H         LINE#         64
  C:4D27H         LINE#         65
  C:4D29H         LINE#         67
  -------         ENDPROC       _WRITEDATA
  -------         PROC          _COMMAND
  D:0007H         SYMBOL        dat
  C:4F96H         LINE#         69
  C:4F96H         LINE#         70
  C:4F96H         LINE#         71
  C:4F98H         LINE#         72
  C:4F9AH         LINE#         74
  C:4FA4H         LINE#         75
  C:4FA8H         LINE#         77
  C:4FAAH         LINE#         78
  C:4FB3H         LINE#         79
  C:4FB7H         LINE#         81
  C:4FB9H         LINE#         82
  C:4FC0H         LINE#         83
  C:4FC4H         LINE#         85
  C:4FC6H         LINE#         86
  C:4FCAH         LINE#         87
  C:4FCEH         LINE#         89
  C:4FD0H         LINE#         90
  C:4FD0H         LINE#         91
  C:4FD3H         LINE#         92
  C:4FD5H         LINE#         93
  -------         ENDPROC       _COMMAND
  C:517AH         SYMBOL        L?0040
  -------         PROC          L?0039
  -------         ENDPROC       L?0039
  C:517AH         SYMBOL        L?0040
  -------         PROC          _WAIT_MS
  D:0006H         SYMBOL        ms
  -------         DO            
  D:0004H         SYMBOL        De_Cnt
  -------         ENDDO         
  C:517EH         LINE#         95
  C:517EH         LINE#         96
  C:517EH         LINE#         98
  C:5188H         LINE#         99
  C:5188H         LINE#         100
  C:519BH         LINE#         101
  C:519BH         LINE#         102
  -------         ENDPROC       _WAIT_MS
  -------         PROC          _DISPLAYLCD
  D:0007H         SYMBOL        BCD
  -------         DO            
  D:0006H         SYMBOL        first_digit
  X:03F4H         SYMBOL        second_digit
  -------         ENDDO         
  C:523AH         LINE#         103
BL51 BANKED LINKER/LOCATER V6.22                                                      05/06/2019  17:17:24  PAGE 20


  C:523AH         LINE#         104
  C:523AH         LINE#         106
  C:5241H         LINE#         107
  C:524AH         LINE#         109
  C:524FH         LINE#         111
  -------         ENDPROC       _DISPLAYLCD
  -------         PROC          LCD_RETURN_HOME
  C:5360H         LINE#         115
  C:5360H         LINE#         116
  C:5360H         LINE#         117
  C:5365H         LINE#         118
  -------         ENDPROC       LCD_RETURN_HOME
  -------         PROC          LCD_CLEAR
  C:536AH         LINE#         121
  C:536AH         LINE#         122
  C:536AH         LINE#         123
  C:536FH         LINE#         124
  -------         ENDPROC       LCD_CLEAR
  -------         PROC          _DISPLAY_LINE
  D:0006H         SYMBOL        line
  C:52A0H         LINE#         128
  C:52A0H         LINE#         129
  C:52A0H         LINE#         130
  C:52A6H         LINE#         131
  C:52A6H         LINE#         132
  C:52A8H         LINE#         133
  C:52A8H         LINE#         134
  C:52AAH         LINE#         136
  C:52AAH         LINE#         137
  C:52AFH         LINE#         138
  C:52B4H         LINE#         139
  C:52B4H         LINE#         140
  -------         ENDPROC       _DISPLAY_LINE
  -------         PROC          _DISPLAY_POS
  X:04D3H         SYMBOL        sign_dat
  -------         DO            
  X:04D7H         SYMBOL        unit
  X:04D8H         SYMBOL        ten
  X:04D9H         SYMBOL        hundred
  X:04DAH         SYMBOL        thousand
  X:04DBH         SYMBOL        after_dot
  X:04DCH         SYMBOL        dat
  -------         ENDDO         
  C:3FABH         LINE#         142
  C:3FB1H         LINE#         143
  C:3FB1H         LINE#         147
  C:3FCDH         LINE#         148
  C:3FE7H         LINE#         149
  C:400BH         LINE#         151
  C:4055H         LINE#         153
  C:406CH         LINE#         154
  C:407EH         LINE#         155
  C:40A3H         LINE#         156
  C:40BDH         LINE#         157
  C:40D5H         LINE#         158
  C:40D5H         LINE#         159
  C:40D5H         LINE#         160
BL51 BANKED LINKER/LOCATER V6.22                                                      05/06/2019  17:17:24  PAGE 21


  C:40D5H         LINE#         161
  C:40D5H         LINE#         162
  C:40D5H         LINE#         163
  C:40D5H         LINE#         164
  C:40D5H         LINE#         168
  C:40D7H         LINE#         170
  C:40D7H         LINE#         172
  C:40DCH         LINE#         173
  C:40E2H         LINE#         174
  C:40E8H         LINE#         175
  C:40EEH         LINE#         176
  C:40F4H         LINE#         177
  C:40F9H         LINE#         178
  C:40FFH         LINE#         182
  C:40FFH         LINE#         184
  -------         ENDPROC       _DISPLAY_POS
  -------         PROC          _ABS
  D:0006H         SYMBOL        dat
  C:52F3H         LINE#         186
  C:52F3H         LINE#         187
  C:52F3H         LINE#         188
  C:52FEH         LINE#         189
  C:52FFH         LINE#         191
  C:5306H         LINE#         192
  -------         ENDPROC       _ABS
  -------         ENDMOD        LCD_DRIVER_SPLC780D

  -------         MODULE        KEYPAD
  C:0000H         SYMBOL        _ICE_DUMMY_
  D:0093H         PUBLIC        P0M1
  D:0080H         PUBLIC        P0
  D:0090H         PUBLIC        P1
  D:00A0H         PUBLIC        P2
  D:00B0H         PUBLIC        P3
  D:00C0H         PUBLIC        P4
  D:00C8H         PUBLIC        P5
  D:00E8H         PUBLIC        P6
  D:00F8H         PUBLIC        P7
  D:00A8H         PUBLIC        IE
  C:39A7H         PUBLIC        Key_Scan
  D:00B8H         PUBLIC        IP
  D:00D8H         PUBLIC        CCON
  C:5354H         PUBLIC        KeyPad_IO_Init
  C:521CH         PUBLIC        _Delay_ms
  D:0098H         PUBLIC        SCON
  D:0088H         PUBLIC        TCON
  X:05E7H         PUBLIC        small_move
  X:05E9H         PUBLIC        move
  X:05EBH         PUBLIC        auto_mode
  X:05EDH         PUBLIC        direction
  X:05EFH         PUBLIC        SPI_NOR_ClearEnable
  C:30E8H         PUBLIC        Key_Process
  D:00D0H         PUBLIC        PSW
  D:0094H         PUBLIC        P0M0
  -------         PROC          _DELAY_MS
  D:0006H         SYMBOL        ms
  -------         DO            
BL51 BANKED LINKER/LOCATER V6.22                                                      05/06/2019  17:17:24  PAGE 22


  D:0004H         SYMBOL        De_Cnt
  -------         ENDDO         
  C:521CH         LINE#         20
  C:521CH         LINE#         21
  C:521CH         LINE#         23
  C:5226H         LINE#         24
  C:5226H         LINE#         25
  C:5239H         LINE#         26
  C:5239H         LINE#         27
  -------         ENDPROC       _DELAY_MS
  -------         PROC          KEY_SCAN
  -------         DO            
  X:03FAH         SYMBOL        KeyTemp1
  X:03FBH         SYMBOL        KeyTemp2
  X:03FCH         SYMBOL        KeyValue
  -------         ENDDO         
  C:39A7H         LINE#         28
  C:39A7H         LINE#         29
  C:39A7H         LINE#         34
  C:39AAH         LINE#         37
  C:39ADH         LINE#         39
  C:39B5H         LINE#         40
  C:39BCH         LINE#         41
  C:39BCH         LINE#         43
  C:39C1H         LINE#         44
  C:39C8H         LINE#         45
  C:39C8H         LINE#         48
  C:39CBH         LINE#         49
  C:39CEH         LINE#         50
  C:39D3H         LINE#         51
  C:39D7H         LINE#         52
  C:39D7H         LINE#         53
  C:39DFH         LINE#         54
  C:39DFH         LINE#         55
  C:39E2H         LINE#         56
  C:39EAH         LINE#         57
  C:39ECH         LINE#         59
  C:3A00H         LINE#         60
  C:3A00H         LINE#         61
  C:3A00H         LINE#         62
  C:3A00H         LINE#         63
  C:3A06H         LINE#         65
  C:3A08H         LINE#         66
  C:3A08H         LINE#         67
  C:3A08H         LINE#         68
  C:3A0EH         LINE#         70
  C:3A10H         LINE#         71
  C:3A10H         LINE#         72
  C:3A10H         LINE#         73
  C:3A16H         LINE#         75
  C:3A18H         LINE#         76
  C:3A18H         LINE#         77
  C:3A18H         LINE#         78
  C:3A1EH         LINE#         80
  C:3A1EH         LINE#         81
  C:3A1EH         LINE#         82
  C:3A1EH         LINE#         85
BL51 BANKED LINKER/LOCATER V6.22                                                      05/06/2019  17:17:24  PAGE 23


  C:3A21H         LINE#         86
  C:3A24H         LINE#         87
  C:3A2CH         LINE#         88
  C:3A30H         LINE#         89
  C:3A30H         LINE#         90
  C:3A38H         LINE#         91
  C:3A38H         LINE#         92
  C:3A3BH         LINE#         93
  C:3A43H         LINE#         94
  C:3A45H         LINE#         95
  C:3A59H         LINE#         96
  C:3A59H         LINE#         97
  C:3A59H         LINE#         98
  C:3A59H         LINE#         99
  C:3A5FH         LINE#         101
  C:3A61H         LINE#         102
  C:3A61H         LINE#         103
  C:3A61H         LINE#         104
  C:3A67H         LINE#         106
  C:3A69H         LINE#         107
  C:3A69H         LINE#         108
  C:3A69H         LINE#         109
  C:3A6FH         LINE#         111
  C:3A71H         LINE#         112
  C:3A71H         LINE#         113
  C:3A71H         LINE#         114
  C:3A76H         LINE#         116
  C:3A76H         LINE#         117
  C:3A76H         LINE#         118
  C:3A76H         LINE#         121
  C:3A79H         LINE#         122
  C:3A7CH         LINE#         123
  C:3A84H         LINE#         124
  C:3A88H         LINE#         125
  C:3A88H         LINE#         126
  C:3A90H         LINE#         127
  C:3A90H         LINE#         128
  C:3A93H         LINE#         129
  C:3A9BH         LINE#         130
  C:3A9DH         LINE#         131
  C:3AB1H         LINE#         132
  C:3AB1H         LINE#         133
  C:3AB1H         LINE#         134
  C:3AB1H         LINE#         135
  C:3AB7H         LINE#         137
  C:3AB9H         LINE#         138
  C:3AB9H         LINE#         139
  C:3AB9H         LINE#         140
  C:3ABFH         LINE#         142
  C:3AC1H         LINE#         143
  C:3AC1H         LINE#         144
  C:3AC1H         LINE#         145
  C:3AC7H         LINE#         147
  C:3AC9H         LINE#         148
  C:3AC9H         LINE#         149
  C:3AC9H         LINE#         150
  C:3ACFH         LINE#         152
BL51 BANKED LINKER/LOCATER V6.22                                                      05/06/2019  17:17:24  PAGE 24


  C:3ACFH         LINE#         153
  C:3ACFH         LINE#         154
  C:3ACFH         LINE#         158
  C:3AD2H         LINE#         159
  C:3AD5H         LINE#         160
  C:3ADDH         LINE#         161
  C:3AE1H         LINE#         162
  C:3AE1H         LINE#         163
  C:3AE9H         LINE#         164
  C:3AE9H         LINE#         165
  C:3AECH         LINE#         166
  C:3AF4H         LINE#         167
  C:3AF6H         LINE#         168
  C:3B0AH         LINE#         169
  C:3B0AH         LINE#         170
  C:3B0AH         LINE#         171
  C:3B0AH         LINE#         172
  C:3B10H         LINE#         174
  C:3B12H         LINE#         175
  C:3B12H         LINE#         176
  C:3B12H         LINE#         177
  C:3B18H         LINE#         179
  C:3B1AH         LINE#         180
  C:3B1AH         LINE#         181
  C:3B1AH         LINE#         182
  C:3B20H         LINE#         184
  C:3B22H         LINE#         185
  C:3B22H         LINE#         186
  C:3B22H         LINE#         187
  C:3B28H         LINE#         189
  C:3B28H         LINE#         190
  C:3B28H         LINE#         191
  C:3B28H         LINE#         193
  C:3B2EH         LINE#         194
  C:3B2EH         LINE#         196
  C:3B2EH         LINE#         197
  C:3B31H         LINE#         198
  C:3B31H         LINE#         199
  C:3B31H         LINE#         201
  C:3B31H         LINE#         202
  C:3B33H         LINE#         203
  C:3B33H         LINE#         204
  -------         ENDPROC       KEY_SCAN
  -------         PROC          KEY_PROCESS
  -------         DO            
  X:05D8H         SYMBOL        KeyCount
  X:05D9H         SYMBOL        KeyNum_Old
  X:05DBH         SYMBOL        KeyNum
  X:05DDH         SYMBOL        PressedKey
  X:03F4H         SYMBOL        d
  D:0002H         SYMBOL        hours
  D:0006H         SYMBOL        mins
  X:03F6H         SYMBOL        months
  X:03F8H         SYMBOL        days
  -------         ENDDO         
  C:30E8H         LINE#         205
  C:30E8H         LINE#         206
BL51 BANKED LINKER/LOCATER V6.22                                                      05/06/2019  17:17:24  PAGE 25


  C:30E8H         LINE#         210
  C:30F7H         LINE#         211
  C:3104H         LINE#         213
  C:3108H         LINE#         214
  C:3108H         LINE#         215
  C:310EH         LINE#         217
  C:310EH         LINE#         218
  C:3125H         LINE#         219
  C:3125H         LINE#         220
  C:312FH         LINE#         221
  C:3135H         LINE#         223
  C:313BH         LINE#         225
  C:313BH         LINE#         226
  C:3152H         LINE#         227
  C:3152H         LINE#         228
  C:3157H         LINE#         230
  C:3157H         LINE#         231
  C:3167H         LINE#         232
  C:3167H         LINE#         233
  C:316DH         LINE#         235
  C:316DH         LINE#         236
  C:317FH         LINE#         237
  C:317FH         LINE#         238
  C:3189H         LINE#         239
  C:3191H         LINE#         241
  C:319AH         LINE#         243
  C:319AH         LINE#         252
  C:31B9H         LINE#         253
  C:31B9H         LINE#         254
  C:31D8H         LINE#         255
  C:31DEH         LINE#         256
  C:31E6H         LINE#         257
  C:31E6H         LINE#         259
  C:31E7H         LINE#         265
  C:31F3H         LINE#         266
  C:31F3H         LINE#         267
  C:3210H         LINE#         268
  C:3227H         LINE#         269
  C:323EH         LINE#         270
  C:323EH         LINE#         271
  C:3251H         LINE#         272
  C:3264H         LINE#         273
  C:3264H         LINE#         274
  C:3264H         LINE#         275
  C:3267H         LINE#         280
  C:3276H         LINE#         281
  C:3276H         LINE#         282
  C:3299H         LINE#         283
  C:32B6H         LINE#         284
  C:32BFH         LINE#         285
  C:32BFH         LINE#         286
  C:32C6H         LINE#         287
  C:32C6H         LINE#         288
  C:32D7H         LINE#         289
  C:32D7H         LINE#         290
  C:32E6H         LINE#         291
  C:32E6H         LINE#         292
BL51 BANKED LINKER/LOCATER V6.22                                                      05/06/2019  17:17:24  PAGE 26


  C:32E6H         LINE#         293
  C:32E9H         LINE#         295
  C:32E9H         LINE#         296
  C:32F5H         LINE#         297
  C:32F5H         LINE#         298
  C:3307H         LINE#         299
  C:3307H         LINE#         300
  C:3317H         LINE#         301
  C:3317H         LINE#         302
  C:3317H         LINE#         304
  C:3319H         LINE#         306
  C:3319H         LINE#         307
  C:3328H         LINE#         308
  C:3328H         LINE#         309
  C:3338H         LINE#         310
  C:3338H         LINE#         311
  C:3338H         LINE#         313
  C:3338H         LINE#         315
  C:3338H         LINE#         316
  C:333AH         LINE#         318
  C:333AH         LINE#         319
  C:3341H         LINE#         320
  C:3341H         LINE#         321
  C:3350H         LINE#         322
  C:3350H         LINE#         323
  C:3360H         LINE#         324
  C:3360H         LINE#         325
  C:3360H         LINE#         326
  C:3362H         LINE#         328
  C:3362H         LINE#         329
  C:3371H         LINE#         330
  C:3371H         LINE#         331
  C:3384H         LINE#         332
  C:3397H         LINE#         333
  C:3397H         LINE#         334
  C:3397H         LINE#         335
  C:3397H         LINE#         336
  C:33A0H         LINE#         338
  C:33A0H         LINE#         340
  C:33DAH         LINE#         341
  C:33DAH         LINE#         342
  C:33E1H         LINE#         343
  C:33E1H         LINE#         344
  C:33EBH         LINE#         345
  C:33EBH         LINE#         346
  C:33EEH         LINE#         347
  C:33F3H         LINE#         348
  C:33F8H         LINE#         349
  C:33FDH         LINE#         350
  C:3402H         LINE#         351
  C:3407H         LINE#         352
  C:340CH         LINE#         353
  C:3411H         LINE#         354
  C:3411H         LINE#         355
  C:3411H         LINE#         357
  C:342FH         LINE#         358
  C:342FH         LINE#         359
BL51 BANKED LINKER/LOCATER V6.22                                                      05/06/2019  17:17:24  PAGE 27


  C:3436H         LINE#         360
  C:3436H         LINE#         361
  C:343BH         LINE#         362
  C:3444H         LINE#         363
  C:3463H         LINE#         364
  C:3463H         LINE#         365
  C:3473H         LINE#         367
  C:3473H         LINE#         371
  -------         ENDPROC       KEY_PROCESS
  -------         PROC          KEYPAD_IO_INIT
  C:5354H         LINE#         374
  C:5354H         LINE#         375
  C:5354H         LINE#         376
  C:5357H         LINE#         377
  C:535AH         LINE#         378
  C:535DH         LINE#         379
  C:535FH         LINE#         380
  -------         ENDPROC       KEYPAD_IO_INIT
  -------         ENDMOD        KEYPAD

  -------         MODULE        BIPOLARMOTOR
  C:0000H         SYMBOL        _ICE_DUMMY_
  X:0000H         PUBLIC        UTC_time
  D:0080H         PUBLIC        P0
  D:0090H         PUBLIC        P1
  X:0004H         PUBLIC        RX_pos_test
  D:00A0H         PUBLIC        P2
  D:00B0H         PUBLIC        P3
  D:00C0H         PUBLIC        P4
  D:00C8H         PUBLIC        P5
  D:00E8H         PUBLIC        P6
  D:00F8H         PUBLIC        P7
  X:00A4H         PUBLIC        low_date_azimuth_mapping
  D:00A8H         PUBLIC        IE
  C:4675H         PUBLIC        linear_interpolate
  X:00CCH         PUBLIC        declination
  C:5104H         PUBLIC        _Move
  D:00B8H         PUBLIC        IP
  X:00D0H         PUBLIC        time_offset
  D:00D8H         PUBLIC        CCON
  X:00D4H         PUBLIC        previous_move_time
  X:00D5H         PUBLIC        time
  D:0098H         PUBLIC        SCON
  D:0088H         PUBLIC        TCON
  C:0006H         PUBLIC        wait
  C:4FD6H         PUBLIC        _Step_move
  X:00E7H         PUBLIC        dat
  X:00EDH         PUBLIC        current_local_sun_time
  C:1D40H         PUBLIC        _Update_position
  C:3474H         PUBLIC        _elevation_calculation
  X:00F1H         PUBLIC        sunCoord
  C:4EBEH         PUBLIC        vOneStepMove
  X:00F4H         PUBLIC        elevation_stamp
  X:0130H         PUBLIC        date_azimuth_mapping
  X:0158H         PUBLIC        location
  X:0160H         PUBLIC        RX_pos
  C:52B5H         PUBLIC        vSetLocation
BL51 BANKED LINKER/LOCATER V6.22                                                      05/06/2019  17:17:24  PAGE 28


  C:5261H         PUBLIC        _BCDtoDec1
  X:03B8H         PUBLIC        degree
  C:2386H         PUBLIC        _TheoricalJP_Position
  D:00D0H         PUBLIC        PSW
  -------         PROC          VSETLOCATION
  C:52B5H         LINE#         44
  C:52B5H         LINE#         45
  C:52B5H         LINE#         46
  C:52BFH         LINE#         47
  C:52C9H         LINE#         48
  -------         ENDPROC       VSETLOCATION
  C:525DH         SYMBOL        L?0061
  -------         PROC          L?0060
  -------         ENDPROC       L?0060
  C:525DH         SYMBOL        L?0061
  -------         PROC          _BCDTODEC1
  D:0007H         SYMBOL        bcd
  -------         DO            
  D:0006H         SYMBOL        hi
  D:0007H         SYMBOL        lo
  -------         ENDDO         
  C:5261H         LINE#         49
  C:5261H         LINE#         50
  C:5261H         LINE#         52
  C:5266H         LINE#         53
  C:526AH         LINE#         54
  C:5271H         LINE#         55
  -------         ENDPROC       _BCDTODEC1
  -------         PROC          WAIT
  C:0006H         LINE#         57
  C:0006H         LINE#         59
  -------         ENDPROC       WAIT
  -------         PROC          VONESTEPMOVE
  B:0020H.3       SYMBOL        bDir
  C:4EBEH         LINE#         61
  C:4EBEH         LINE#         62
  C:4EBEH         LINE#         64
  C:4EC4H         LINE#         65
  C:4EC4H         LINE#         66
  C:4EC7H         LINE#         67
  C:4ED0H         LINE#         68
  C:4ED7H         LINE#         69
  C:4EDCH         LINE#         70
  C:4EDCH         LINE#         71
  C:4EDCH         LINE#         73
  C:4EDEH         LINE#         76
  C:4EDEH         LINE#         77
  C:4EE1H         LINE#         78
  C:4EEAH         LINE#         79
  C:4EF1H         LINE#         80
  C:4EF7H         LINE#         81
  C:4F00H         LINE#         82
  C:4F07H         LINE#         83
  C:4F07H         LINE#         87
  -------         ENDPROC       VONESTEPMOVE
  -------         PROC          _STEP_MOVE
  X:04D7H         SYMBOL        step
BL51 BANKED LINKER/LOCATER V6.22                                                      05/06/2019  17:17:24  PAGE 29


  B:0020H.2       SYMBOL        dir
  -------         DO            
  X:04D9H         SYMBOL        i
  -------         ENDDO         
  C:4FD6H         LINE#         89
  C:4FDEH         LINE#         90
  C:4FDEH         LINE#         92
  C:4FE3H         LINE#         95
  C:4FFEH         LINE#         96
  C:4FFEH         LINE#         97
  C:5005H         LINE#         99
  C:5015H         LINE#         101
  -------         ENDPROC       _STEP_MOVE
  -------         PROC          _MOVE
  X:04D3H         SYMBOL        distance
  B:0020H.1       SYMBOL        direction
  -------         DO            
  D:0006H         SYMBOL        step
  -------         ENDDO         
  C:5104H         LINE#         103
  C:510AH         LINE#         104
  C:510AH         LINE#         107
  C:5125H         LINE#         108
  -------         ENDPROC       _MOVE
  C:4664H         SYMBOL        L?0059
  -------         PROC          L?0058
  -------         ENDPROC       L?0058
  C:4664H         SYMBOL        L?0059
  -------         PROC          LINEAR_INTERPOLATE
  X:04A2H         SYMBOL        p1
  X:04AAH         SYMBOL        p2
  X:04B2H         SYMBOL        x
  -------         DO            
  D:0004H         SYMBOL        fx
  -------         ENDDO         
  C:4675H         LINE#         141
  C:4675H         LINE#         142
  C:4675H         LINE#         145
  C:4714H         LINE#         147
  C:4714H         LINE#         148
  -------         ENDPROC       LINEAR_INTERPOLATE
  -------         PROC          _THEORICALJP_POSITION
  X:0446H         SYMBOL        azimuth
  X:044AH         SYMBOL        elevation
  -------         DO            
  X:044EH         SYMBOL        pos_interpolate_azimuth
  X:048AH         SYMBOL        JP_pos
  X:048EH         SYMBOL        i
  X:0490H         SYMBOL        yy
  X:0492H         SYMBOL        p1
  X:049AH         SYMBOL        p2
  -------         ENDDO         
  C:2386H         LINE#         151
  C:238CH         LINE#         152
  C:238CH         LINE#         154
  C:2396H         LINE#         157
  C:23B2H         LINE#         158
BL51 BANKED LINKER/LOCATER V6.22                                                      05/06/2019  17:17:24  PAGE 30


  C:23B2H         LINE#         159
  C:2422H         LINE#         160
  C:2422H         LINE#         161
  C:2429H         LINE#         162
  C:2429H         LINE#         163
  C:2456H         LINE#         164
  C:2471H         LINE#         166
  C:24B8H         LINE#         167
  C:24ECH         LINE#         169
  C:2532H         LINE#         170
  C:2557H         LINE#         172
  C:2557H         LINE#         174
  C:25CDH         LINE#         175
  C:25CDH         LINE#         176
  C:25D4H         LINE#         177
  C:25D4H         LINE#         178
  C:2601H         LINE#         179
  C:261CH         LINE#         181
  C:2663H         LINE#         182
  C:2697H         LINE#         184
  C:26DDH         LINE#         185
  C:26FFH         LINE#         187
  C:26FFH         LINE#         188
  C:2713H         LINE#         191
  C:272FH         LINE#         192
  C:272FH         LINE#         193
  C:279FH         LINE#         194
  C:279FH         LINE#         195
  C:27CCH         LINE#         196
  C:27E7H         LINE#         198
  C:2814H         LINE#         199
  C:282FH         LINE#         201
  C:2861H         LINE#         204
  C:2861H         LINE#         206
  C:2872H         LINE#         207
  C:2880H         LINE#         209
  -------         ENDPROC       _THEORICALJP_POSITION
  -------         PROC          _UPDATE_POSITION
  D:0001H         SYMBOL        mnths
  D:0002H         SYMBOL        dys
  X:041AH         SYMBOL        hurs
  X:041BH         SYMBOL        mns
  X:041CH         SYMBOL        sconds
  X:041DH         SYMBOL        currnt_pos
  X:0420H         SYMBOL        offset_calib
  -------         DO            
  X:0424H         SYMBOL        date
  X:0426H         SYMBOL        i
  X:0428H         SYMBOL        yy
  X:042AH         SYMBOL        desired_distance
  X:042EH         SYMBOL        distance
  X:0432H         SYMBOL        JP_pos
  X:0436H         SYMBOL        elevation
  X:043AH         SYMBOL        azimuth
  X:043EH         SYMBOL        time_offset
  X:0442H         SYMBOL        UTC_time
  -------         ENDDO         
BL51 BANKED LINKER/LOCATER V6.22                                                      05/06/2019  17:17:24  PAGE 31


  C:1D40H         LINE#         212
  C:1D49H         LINE#         215
  C:1D49H         LINE#         216
  C:1D54H         LINE#         218
  C:1D70H         LINE#         219
  C:1D7AH         LINE#         225
  C:1D84H         LINE#         226
  C:1D8FH         LINE#         227
  C:1D9AH         LINE#         228
  C:1DB3H         LINE#         229
  C:1DC4H         LINE#         230
  C:1DD3H         LINE#         233
  C:1DE7H         LINE#         237
  C:1E39H         LINE#         238
  C:1F9DH         LINE#         239
  C:1FEDH         LINE#         242
  C:2115H         LINE#         245
  C:21E4H         LINE#         252
  C:222BH         LINE#         253
  C:222BH         LINE#         255
  C:2256H         LINE#         256
  C:2285H         LINE#         258
  C:22AAH         LINE#         259
  C:230FH         LINE#         260
  C:230FH         LINE#         261
  C:2329H         LINE#         262
  C:233BH         LINE#         263
  C:2353H         LINE#         264
  C:2369H         LINE#         266
  C:2385H         LINE#         267
  C:2385H         LINE#         268
  C:2385H         LINE#         271
  -------         ENDPROC       _UPDATE_POSITION
  -------         PROC          _ELEVATION_CALCULATION
  D:0007H         SYMBOL        mnths
  D:0005H         SYMBOL        dys
  X:03F6H         SYMBOL        hurs
  X:03F7H         SYMBOL        mns
  X:03F8H         SYMBOL        sconds
  C:3474H         LINE#         273
  C:3479H         LINE#         275
  C:3479H         LINE#         276
  C:3483H         LINE#         277
  C:348CH         LINE#         278
  C:3497H         LINE#         279
  C:34B0H         LINE#         280
  C:34C4H         LINE#         281
  C:34D6H         LINE#         285
  C:3528H         LINE#         286
  C:368CH         LINE#         287
  C:36DCH         LINE#         289
  C:37F3H         LINE#         291
  -------         ENDPROC       _ELEVATION_CALCULATION
  -------         ENDMOD        BIPOLARMOTOR

  -------         MODULE        SUNPOS
  C:0000H         SYMBOL        _ICE_DUMMY_
BL51 BANKED LINKER/LOCATER V6.22                                                      05/06/2019  17:17:24  PAGE 32


  C:159EH         PUBLIC        sunpos
  -------         PROC          SUNPOS
  X:0446H         SYMBOL        udtTime
  X:0458H         SYMBOL        udtLocation
  X:0460H         SYMBOL        udtSunCoordinates
  -------         DO            
  X:0463H         SYMBOL        dElapsedJulianDays
  X:0467H         SYMBOL        dDecimalHours
  X:046BH         SYMBOL        dEclipticLongitude
  X:046FH         SYMBOL        dEclipticObliquity
  X:0473H         SYMBOL        dRightAscension
  X:0477H         SYMBOL        dDeclination
  X:047BH         SYMBOL        dY
  X:047FH         SYMBOL        dX
  -------         DO            
  X:0483H         SYMBOL        dJulianDate
  X:0487H         SYMBOL        liAux1
  X:048BH         SYMBOL        liAux2
  X:0483H         SYMBOL        dMeanLongitude
  X:0487H         SYMBOL        dMeanAnomaly
  X:048BH         SYMBOL        dOmega
  X:0483H         SYMBOL        dSin_EclipticLongitude
  X:0483H         SYMBOL        dGreenwichMeanSiderealTime
  X:0487H         SYMBOL        dLocalMeanSiderealTime
  X:048BH         SYMBOL        dLatitudeInRadians
  X:048FH         SYMBOL        dHourAngle
  X:0493H         SYMBOL        dCos_Latitude
  X:0497H         SYMBOL        dSin_Latitude
  X:049BH         SYMBOL        dCos_HourAngle
  X:049FH         SYMBOL        dParallax
  -------         ENDDO         
  -------         DO            
  X:0483H         SYMBOL        dMeanLongitude
  X:0487H         SYMBOL        dMeanAnomaly
  X:048BH         SYMBOL        dOmega
  X:0483H         SYMBOL        dSin_EclipticLongitude
  X:0483H         SYMBOL        dGreenwichMeanSiderealTime
  X:0487H         SYMBOL        dLocalMeanSiderealTime
  X:048BH         SYMBOL        dLatitudeInRadians
  X:048FH         SYMBOL        dHourAngle
  X:0493H         SYMBOL        dCos_Latitude
  X:0497H         SYMBOL        dSin_Latitude
  X:049BH         SYMBOL        dCos_HourAngle
  X:049FH         SYMBOL        dParallax
  -------         ENDDO         
  -------         DO            
  X:0483H         SYMBOL        dSin_EclipticLongitude
  X:0483H         SYMBOL        dGreenwichMeanSiderealTime
  X:0487H         SYMBOL        dLocalMeanSiderealTime
  X:048BH         SYMBOL        dLatitudeInRadians
  X:048FH         SYMBOL        dHourAngle
  X:0493H         SYMBOL        dCos_Latitude
  X:0497H         SYMBOL        dSin_Latitude
  X:049BH         SYMBOL        dCos_HourAngle
  X:049FH         SYMBOL        dParallax
  -------         ENDDO         
  -------         DO            
BL51 BANKED LINKER/LOCATER V6.22                                                      05/06/2019  17:17:24  PAGE 33


  X:0483H         SYMBOL        dGreenwichMeanSiderealTime
  X:0487H         SYMBOL        dLocalMeanSiderealTime
  X:048BH         SYMBOL        dLatitudeInRadians
  X:048FH         SYMBOL        dHourAngle
  X:0493H         SYMBOL        dCos_Latitude
  X:0497H         SYMBOL        dSin_Latitude
  X:049BH         SYMBOL        dCos_HourAngle
  X:049FH         SYMBOL        dParallax
  -------         ENDDO         
  -------         ENDDO         
  C:159EH         LINE#         6
  C:159EH         LINE#         7
  C:159EH         LINE#         9
  C:159EH         LINE#         27
  C:15E8H         LINE#         30
  C:1609H         LINE#         31
  C:1750H         LINE#         34
  C:179CH         LINE#         36
  C:17BBH         LINE#         37
  C:17BBH         LINE#         42
  C:17BBH         LINE#         46
  C:17EDH         LINE#         47
  C:1817H         LINE#         48
  C:1841H         LINE#         49
  C:18EEH         LINE#         52
  C:194FH         LINE#         54
  C:194FH         LINE#         59
  C:194FH         LINE#         61
  C:1966H         LINE#         62
  C:198EH         LINE#         63
  C:19A5H         LINE#         64
  C:19D0H         LINE#         65
  C:1A07H         LINE#         66
  C:1A32H         LINE#         67
  C:1A32H         LINE#         70
  C:1A32H         LINE#         79
  C:1A6DH         LINE#         82
  C:1AA7H         LINE#         84
  C:1ACCH         LINE#         85
  C:1AEBH         LINE#         86
  C:1B02H         LINE#         87
  C:1B19H         LINE#         88
  C:1B30H         LINE#         89
  C:1BB9H         LINE#         91
  C:1BD3H         LINE#         92
  C:1C35H         LINE#         93
  C:1C6BH         LINE#         94
  C:1C7DH         LINE#         95
  C:1CAAH         LINE#         96
  C:1CD7H         LINE#         98
  C:1CF9H         LINE#         100
  C:1D31H         LINE#         103
  C:1D31H         LINE#         104
  C:1D3FH         LINE#         105
  -------         ENDPROC       SUNPOS
  -------         ENDMOD        SUNPOS

BL51 BANKED LINKER/LOCATER V6.22                                                      05/06/2019  17:17:24  PAGE 34


  -------         MODULE        ADC
  C:0000H         SYMBOL        _ICE_DUMMY_
  D:0092H         PUBLIC        P1M0
  D:0091H         PUBLIC        P1M1
  D:0080H         PUBLIC        P0
  D:0090H         PUBLIC        P1
  D:00A0H         PUBLIC        P2
  D:00B0H         PUBLIC        P3
  D:00C0H         PUBLIC        P4
  D:00C8H         PUBLIC        P5
  D:00E8H         PUBLIC        P6
  D:00F8H         PUBLIC        P7
  D:00A8H         PUBLIC        IE
  D:00BDH         PUBLIC        ADC_RES
  D:00B8H         PUBLIC        IP
  D:0097H         PUBLIC        CLK_DIV
  D:00D8H         PUBLIC        CCON
  D:00BCH         PUBLIC        ADC_CONTR
  D:0098H         PUBLIC        SCON
  D:0088H         PUBLIC        TCON
  B:00A0H.4       PUBLIC        P24
  B:00A0H.5       PUBLIC        P25
  B:00A0H.6       PUBLIC        P26
  C:51FDH         PUBLIC        ADC_Init
  C:5082H         PUBLIC        _ADC_GetResult
  D:009DH         PUBLIC        P1ASF
  D:00BEH         PUBLIC        ADC_RESL
  D:00D0H         PUBLIC        PSW
  -------         PROC          ADC_INIT
  C:51FDH         LINE#         7
  C:51FDH         LINE#         8
  C:51FDH         LINE#         10
  C:51FFH         LINE#         11
  C:5201H         LINE#         12
  C:5203H         LINE#         13
  C:5206H         LINE#         14
  C:5209H         LINE#         15
  C:520CH         LINE#         16
  C:520FH         LINE#         18
  C:5211H         LINE#         19
  C:5213H         LINE#         20
  C:5216H         LINE#         22
  -------         ENDPROC       ADC_INIT
[...]
  C:447FH         LINE#         105
  C:447FH         LINE#         106
  C:447FH         LINE#         107
  C:4482H         LINE#         108
  C:4486H         LINE#         111
  C:44A5H         LINE#         113
  C:44ACH         LINE#         114
  C:44ACH         LINE#         115
  C:44AEH         LINE#         116
  C:44B1H         LINE#         117
  C:44CDH         LINE#         118
  C:44CDH         LINE#         119
  C:44CFH         LINE#         120
  C:44D1H         LINE#         122
  C:44D1H         LINE#         123
  C:44D3H         LINE#         125
  C:44D3H         LINE#         126
  C:44D3H         LINE#         127
BL51 BANKED LINKER/LOCATER V6.22                                                      05/06/2019  17:17:24  PAGE 45


  C:44D3H         LINE#         128
  C:44D6H         LINE#         129
  C:44EFH         LINE#         131
  C:450EH         LINE#         133
  C:4515H         LINE#         134
  C:4515H         LINE#         135
  C:4517H         LINE#         136
  C:451AH         LINE#         137
  C:4521H         LINE#         138
  C:4521H         LINE#         139
  C:4523H         LINE#         140
  C:4525H         LINE#         142
  C:4525H         LINE#         143
  C:4527H         LINE#         145
  C:4527H         LINE#         146
  C:4527H         LINE#         147
  C:4527H         LINE#         148
  C:452AH         LINE#         149
  C:4531H         LINE#         151
  C:4550H         LINE#         153
  C:4552H         LINE#         154
  C:4555H         LINE#         155
  C:455CH         LINE#         157
  -------         ENDPROC       _AT25SF041_WRITE
  -------         PROC          _AT25SF041_READ
  D:0003H         SYMBOL        opcode
  X:05F2H         SYMBOL        addr
  -------         DO            
  X:05F6H         SYMBOL        dat
  X:05F7H         SYMBOL        i
  -------         ENDDO         
  C:434BH         LINE#         159
  C:434DH         LINE#         160
  C:434DH         LINE#         161
  C:4352H         LINE#         163
  C:4354H         LINE#         164
  C:435AH         LINE#         168
  C:435FH         LINE#         169
  C:435FH         LINE#         170
  C:4361H         LINE#         171
  C:4364H         LINE#         172
  C:4368H         LINE#         173
  C:4368H         LINE#         174
  C:436AH         LINE#         175
  C:436CH         LINE#         177
  C:436CH         LINE#         178
  C:436EH         LINE#         180
  C:436EH         LINE#         181
  C:436EH         LINE#         182
  C:436EH         LINE#         183
  C:4371H         LINE#         184
  C:4375H         LINE#         187
  C:4394H         LINE#         189
  C:439BH         LINE#         190
  C:439BH         LINE#         191
  C:439DH         LINE#         192
  C:43A0H         LINE#         193
BL51 BANKED LINKER/LOCATER V6.22                                                      05/06/2019  17:17:24  PAGE 46


  C:43BCH         LINE#         194
  C:43BCH         LINE#         195
  C:43BEH         LINE#         196
  C:43C0H         LINE#         198
  C:43C0H         LINE#         199
  C:43C2H         LINE#         201
  C:43C2H         LINE#         202
  C:43C2H         LINE#         203
  C:43C2H         LINE#         204
  C:43C5H         LINE#         205
  C:43DEH         LINE#         207
  C:43FDH         LINE#         210
  C:4404H         LINE#         212
  C:4406H         LINE#         213
  C:440DH         LINE#         215
  C:4414H         LINE#         216
  C:4414H         LINE#         217
  C:441BH         LINE#         218
  C:441BH         LINE#         219
  C:441EH         LINE#         220
  C:4420H         LINE#         221
  C:4423H         LINE#         223
  C:4426H         LINE#         224
  C:4426H         LINE#         226
  C:442AH         LINE#         227
  C:442AH         LINE#         233
  C:4449H         LINE#         236
  C:444BH         LINE#         237
  C:444EH         LINE#         238
  C:4455H         LINE#         240
  C:445AH         LINE#         242
  -------         ENDPROC       _AT25SF041_READ
  -------         PROC          UCREAD_STATUS_REGISTER_BYTE1
  -------         DO            
  D:0003H         SYMBOL        dat
  D:0001H         SYMBOL        opcode
  X:04DBH         SYMBOL        count
  X:04DCH         SYMBOL        i
  -------         ENDDO         
  C:4929H         LINE#         246
  C:4929H         LINE#         247
  C:4929H         LINE#         248
  C:492FH         LINE#         249
  C:4933H         LINE#         250
  C:4935H         LINE#         251
  C:4937H         LINE#         252
  C:493DH         LINE#         256
  C:4944H         LINE#         257
  C:4944H         LINE#         258
  C:4946H         LINE#         259
  C:4949H         LINE#         260
  C:494DH         LINE#         261
  C:494DH         LINE#         262
  C:494FH         LINE#         263
  C:4951H         LINE#         265
  C:4951H         LINE#         266
  C:4953H         LINE#         268
BL51 BANKED LINKER/LOCATER V6.22                                                      05/06/2019  17:17:24  PAGE 47


  C:4953H         LINE#         269
  C:4953H         LINE#         270
  C:4953H         LINE#         271
  C:4956H         LINE#         272
  C:495AH         LINE#         275
  C:4979H         LINE#         279
  C:4980H         LINE#         281
  C:4982H         LINE#         282
  C:4989H         LINE#         283
  C:4990H         LINE#         284
  C:4990H         LINE#         285
  C:4994H         LINE#         286
  C:4994H         LINE#         287
  C:4997H         LINE#         288
  C:4999H         LINE#         289
  C:499CH         LINE#         291
  C:499FH         LINE#         292
  C:499FH         LINE#         294
  C:49A3H         LINE#         295
  C:49A3H         LINE#         297
  C:49C2H         LINE#         301
  C:49C4H         LINE#         302
  C:49C7H         LINE#         303
  C:49C9H         LINE#         304
  -------         ENDPROC       UCREAD_STATUS_REGISTER_BYTE1
  -------         PROC          SPI_NOR_WRITE_DATA
  X:03F4H         SYMBOL        dat
  X:03FFH         SYMBOL        addr
  C:3B34H         LINE#         306
  C:3B34H         LINE#         307
  C:3B34H         LINE#         309
  C:3B37H         LINE#         311
  C:3B51H         LINE#         312
  C:3B6FH         LINE#         314
  C:3B76H         LINE#         315
  C:3B79H         LINE#         317
  C:3B93H         LINE#         318
  C:3B93H         LINE#         319
  C:3B93H         LINE#         322
  C:3B96H         LINE#         324
  C:3BB0H         LINE#         325
  C:3BB0H         LINE#         326
  C:3BB0H         LINE#         328
  C:3BB3H         LINE#         330
  C:3BCDH         LINE#         331
  C:3BCDH         LINE#         332
  C:3BCDH         LINE#         334
  C:3BD0H         LINE#         336
  C:3BEAH         LINE#         337
  C:3BEAH         LINE#         338
  C:3BEAH         LINE#         340
  C:3BEDH         LINE#         342
  C:3C07H         LINE#         343
  C:3C07H         LINE#         344
  C:3C07H         LINE#         346
  C:3C0AH         LINE#         348
  C:3C24H         LINE#         349
BL51 BANKED LINKER/LOCATER V6.22                                                      05/06/2019  17:17:24  PAGE 48


  C:3C24H         LINE#         350
  C:3C24H         LINE#         352
  C:3C27H         LINE#         354
  C:3C41H         LINE#         355
  C:3C41H         LINE#         356
  C:3C41H         LINE#         358
  C:3C44H         LINE#         360
  C:3C5EH         LINE#         361
  C:3C5EH         LINE#         362
  C:3C5EH         LINE#         364
  C:3C61H         LINE#         366
  C:3C7BH         LINE#         367
  C:3C7BH         LINE#         368
  C:3C7BH         LINE#         370
  C:3C7EH         LINE#         372
  C:3C98H         LINE#         373
  C:3C9FH         LINE#         374
  -------         ENDPROC       SPI_NOR_WRITE_DATA
  -------         ENDMOD        AT25SF041

  -------         MODULE        SI1120
  C:0000H         SYMBOL        _ICE_DUMMY_
  D:0080H         PUBLIC        P0
  D:00B2H         PUBLIC        P3M0
  D:0090H         PUBLIC        P1
  D:00B1H         PUBLIC        P3M1
  D:00A0H         PUBLIC        P2
  D:00B0H         PUBLIC        P3
  D:00C0H         PUBLIC        P4
  D:00C8H         PUBLIC        P5
  B:00A8H.7       PUBLIC        EA
  D:00E8H         PUBLIC        P6
  D:00F8H         PUBLIC        P7
  D:00A8H         PUBLIC        IE
  D:00B8H         PUBLIC        IP
  C:5051H         PUBLIC        SI1120_CONFIG_MODE_VIRH
  D:00D8H         PUBLIC        CCON
  D:0098H         PUBLIC        SCON
  D:0088H         PUBLIC        TCON
  C:5347H         PUBLIC        Enable_EXTINT0
  B:0090H.5       PUBLIC        SI1120_STX
  B:0088H.0       PUBLIC        IT0
  B:00A8H.0       PUBLIC        EX0
  B:0090H.4       PUBLIC        SI1120_MD
  B:0090H.6       PUBLIC        SI1120_SC
  D:00D0H         PUBLIC        PSW
  -------         PROC          SI1120_CONFIG_MODE_VIRH
  C:5051H         LINE#         4
  C:5051H         LINE#         5
  C:5051H         LINE#         6
  C:5053H         LINE#         7
  C:5055H         LINE#         8
  C:5057H         LINE#         10
  C:505EH         LINE#         11
  C:5060H         LINE#         13
  C:5062H         LINE#         14
  C:5064H         LINE#         16
BL51 BANKED LINKER/LOCATER V6.22                                                      05/06/2019  17:17:24  PAGE 49


  C:506BH         LINE#         18
  C:506DH         LINE#         20
  C:5074H         LINE#         23
  C:5076H         LINE#         25
  C:5078H         LINE#         27
  C:507FH         LINE#         29
  C:5081H         LINE#         31
  -------         ENDPROC       SI1120_CONFIG_MODE_VIRH
  -------         PROC          ENABLE_EXTINT0
  C:5347H         LINE#         33
  C:5347H         LINE#         34
  C:5347H         LINE#         35
  C:534AH         LINE#         36
  C:534DH         LINE#         37
  C:534FH         LINE#         38
  C:5351H         LINE#         39
  C:5353H         LINE#         40
  -------         ENDPROC       ENABLE_EXTINT0
  -------         ENDMOD        SI1120

  -------         MODULE        ?C_STARTUP
  C:4B9DH         SEGMENT       ?C_C51STARTUP
  I:0021H         SEGMENT       ?STACK
  C:0000H         PUBLIC        ?C_STARTUP
  D:00E0H         SYMBOL        ACC
  D:00F0H         SYMBOL        B
  D:0083H         SYMBOL        DPH
  D:0082H         SYMBOL        DPL
  N:0000H         SYMBOL        IBPSTACK
  N:0100H         SYMBOL        IBPSTACKTOP
  N:0080H         SYMBOL        IDATALEN
  C:4BA0H         SYMBOL        IDATALOOP
  N:0000H         SYMBOL        PBPSTACK
  N:0100H         SYMBOL        PBPSTACKTOP
  N:0000H         SYMBOL        PDATALEN
  N:0000H         SYMBOL        PDATASTART
  N:0000H         SYMBOL        PPAGE
  N:0000H         SYMBOL        PPAGEENABLE
  D:00A0H         SYMBOL        PPAGE_SFR
  D:0081H         SYMBOL        SP
  C:4B9DH         SYMBOL        STARTUP1
  N:0000H         SYMBOL        XBPSTACK
  N:0000H         SYMBOL        XBPSTACKTOP
  N:0000H         SYMBOL        XDATALEN
  N:0000H         SYMBOL        XDATASTART
  C:0000H         LINE#         126
  C:4B9DH         LINE#         133
  C:4B9FH         LINE#         134
  C:4BA0H         LINE#         135
  C:4BA1H         LINE#         136
  C:4BA3H         LINE#         185
  C:4BA6H         LINE#         196
  -------         ENDMOD        ?C_STARTUP

  -------         MODULE        ?C?FPADD
  C:0C01H         PUBLIC        ?C?FPADD
  C:0BFDH         PUBLIC        ?C?FPSUB
BL51 BANKED LINKER/LOCATER V6.22                                                      05/06/2019  17:17:24  PAGE 50


  -------         ENDMOD        ?C?FPADD

  -------         MODULE        ?C?FPMUL
  C:0CF2H         PUBLIC        ?C?FPMUL
  -------         ENDMOD        ?C?FPMUL

  -------         MODULE        ?C?FPDIV
  C:0DFBH         PUBLIC        ?C?FPDIV
  -------         ENDMOD        ?C?FPDIV

  -------         MODULE        ?C?FPCMP
  C:0E9AH         PUBLIC        ?C?FPCMP
  C:0E98H         PUBLIC        ?C?FPCMP3
  -------         ENDMOD        ?C?FPCMP

  -------         MODULE        ?C?FPNEG
  C:0F11H         PUBLIC        ?C?FPNEG
  -------         ENDMOD        ?C?FPNEG

  -------         MODULE        ?C?FCAST
  C:0F2CH         PUBLIC        ?C?FCASTC
  C:0F27H         PUBLIC        ?C?FCASTI
  C:0F22H         PUBLIC        ?C?FCASTL
  -------         ENDMOD        ?C?FCAST

  -------         MODULE        ?C?CASTF
  C:0F60H         PUBLIC        ?C?CASTF
  -------         ENDMOD        ?C?CASTF

  -------         MODULE        ATAN2
  X:04A3H         PUBLIC        ?_atan2?BYTE
  C:49CAH         PUBLIC        _atan2
  -------         ENDMOD        ATAN2

  -------         MODULE        SIN
  C:3D05H         PUBLIC        _COS
  C:3D1BH         PUBLIC        _SIN
  C:3D57H         PUBLIC        _TAN
  -------         ENDMOD        SIN

  -------         MODULE        ACOS
  C:4F08H         PUBLIC        _ACOS
  -------         ENDMOD        ACOS

  -------         MODULE        ASIN
  C:5016H         PUBLIC        _ASIN
  -------         ENDMOD        ASIN

  -------         MODULE        POW
  X:03BCH         PUBLIC        ?_pow?BYTE
  C:3E45H         PUBLIC        _pow
  -------         ENDMOD        POW

  -------         MODULE        ?C?CHKFLOAT
  C:0FE1H         PUBLIC        ?C?CHKFLOAT
  -------         ENDMOD        ?C?CHKFLOAT

BL51 BANKED LINKER/LOCATER V6.22                                                      05/06/2019  17:17:24  PAGE 51


  -------         MODULE        EXP
  C:4B3BH         PUBLIC        _EXP
  -------         ENDMOD        EXP

  -------         MODULE        LOG
  C:4134H         PUBLIC        _LOG
  C:4130H         PUBLIC        _LOG10
  -------         ENDMOD        LOG

  -------         MODULE        SQRT
  C:4881H         PUBLIC        _SQRT
  -------         ENDMOD        SQRT

  -------         MODULE        ATAN
  C:4249H         PUBLIC        _ATAN
  -------         ENDMOD        ATAN

  -------         MODULE        ?C?COPY
  C:1118H         PUBLIC        ?C?COPY
  -------         ENDMOD        ?C?COPY

  -------         MODULE        ?C?CLDPTR
  C:113EH         PUBLIC        ?C?CLDPTR
  -------         ENDMOD        ?C?CLDPTR

  -------         MODULE        ?C?CLDOPTR
  C:1157H         PUBLIC        ?C?CLDOPTR
  -------         ENDMOD        ?C?CLDOPTR

  -------         MODULE        ?C?CSTPTR
  C:1184H         PUBLIC        ?C?CSTPTR
  -------         ENDMOD        ?C?CSTPTR

  -------         MODULE        ?C?IMUL
  C:1196H         PUBLIC        ?C?IMUL
  -------         ENDMOD        ?C?IMUL

  -------         MODULE        ?C?UIDIV
  C:11A8H         PUBLIC        ?C?UIDIV
  -------         ENDMOD        ?C?UIDIV

  -------         MODULE        ?C?SIDIV
  C:11FDH         PUBLIC        ?C?SIDIV
  -------         ENDMOD        ?C?SIDIV

  -------         MODULE        ?C?ILDOPTR
  C:1233H         PUBLIC        ?C?ILDOPTR
  -------         ENDMOD        ?C?ILDOPTR

  -------         MODULE        ?C?ISTPTR
  C:126BH         PUBLIC        ?C?ISTPTR
  -------         ENDMOD        ?C?ISTPTR

  -------         MODULE        ?C?LMUL
  C:128AH         PUBLIC        ?C?LMUL
  -------         ENDMOD        ?C?LMUL

BL51 BANKED LINKER/LOCATER V6.22                                                      05/06/2019  17:17:24  PAGE 52


  -------         MODULE        ?C?SLDIV
  C:4F52H         PUBLIC        ?C?SLDIV
  -------         ENDMOD        ?C?SLDIV

  -------         MODULE        ?C?LNEG
  C:12D9H         PUBLIC        ?C?LNEG
  -------         ENDMOD        ?C?LNEG

  -------         MODULE        ?C?ULCMP
  C:12E7H         PUBLIC        ?C?ULCMP
  -------         ENDMOD        ?C?ULCMP

  -------         MODULE        ?C?LSHL
  C:12F8H         PUBLIC        ?C?LSHL
  -------         ENDMOD        ?C?LSHL

  -------         MODULE        ?C?LLDPTR
  C:130BH         PUBLIC        ?C?LLDPTR
  -------         ENDMOD        ?C?LLDPTR

  -------         MODULE        ?C?LLDOPTR
  C:132BH         PUBLIC        ?C?LLDOPTR
  -------         ENDMOD        ?C?LLDOPTR

  -------         MODULE        ?C?LSTPTR
  C:135BH         PUBLIC        ?C?LSTPTR
  -------         ENDMOD        ?C?LSTPTR

  -------         MODULE        ?C?LSTOPTR
  C:1375H         PUBLIC        ?C?LSTOPTR
  -------         ENDMOD        ?C?LSTOPTR

  -------         MODULE        ?C?LLDXDATA
  C:1399H         PUBLIC        ?C?LLDXDATA
  -------         ENDMOD        ?C?LLDXDATA

  -------         MODULE        ?C?LLDCODE
  C:13A5H         PUBLIC        ?C?LLDCODE
  -------         ENDMOD        ?C?LLDCODE

  -------         MODULE        ?C?LLDXDATA0
  C:13B5H         PUBLIC        ?C?LLDXDATA0
  -------         ENDMOD        ?C?LLDXDATA0

  -------         MODULE        ?C?LLDCODE0
  C:13C1H         PUBLIC        ?C?LLDCODE0
  -------         ENDMOD        ?C?LLDCODE0

  -------         MODULE        ?C?LLDPTR0
  C:13D1H         PUBLIC        ?C?LLDPTR0
  -------         ENDMOD        ?C?LLDPTR0

  -------         MODULE        ?C?LSTXDATA
  C:13F1H         PUBLIC        ?C?LSTXDATA
  -------         ENDMOD        ?C?LSTXDATA

  -------         MODULE        ?C?LSTKXDATA
BL51 BANKED LINKER/LOCATER V6.22                                                      05/06/2019  17:17:24  PAGE 53


  C:13FDH         PUBLIC        ?C?LSTKXDATA
  -------         ENDMOD        ?C?LSTKXDATA

  -------         MODULE        ?C?LSTKPTR
  C:142EH         PUBLIC        ?C?LSTKPTR
  -------         ENDMOD        ?C?LSTKPTR

  -------         MODULE        ?C?OFFXADD
  C:1448H         PUBLIC        ?C?OFFXADD
  -------         ENDMOD        ?C?OFFXADD

  -------         MODULE        ?C?ULDIV
  C:1490H         PUBLIC        ?C?ULDIV
  -------         ENDMOD        ?C?ULDIV

  -------         MODULE        ?C?LLDIDATA
  C:1522H         PUBLIC        ?C?LLDIDATA
  -------         ENDMOD        ?C?LLDIDATA

  -------         MODULE        ?C?LLDPDATA
  C:152EH         PUBLIC        ?C?LLDPDATA
  -------         ENDMOD        ?C?LLDPDATA

  -------         MODULE        ?C?LLDIDATA0
  C:153AH         PUBLIC        ?C?LLDIDATA0
  -------         ENDMOD        ?C?LLDIDATA0

  -------         MODULE        ?C?LLDPDATA0
  C:1547H         PUBLIC        ?C?LLDPDATA0
  -------         ENDMOD        ?C?LLDPDATA0

  -------         MODULE        ?C?LSTIDATA
  C:1554H         PUBLIC        ?C?LSTIDATA
  -------         ENDMOD        ?C?LSTIDATA

  -------         MODULE        ?C?LSTPDATA
  C:1560H         PUBLIC        ?C?LSTPDATA
  -------         ENDMOD        ?C?LSTPDATA

  -------         MODULE        ?C?LSTKIDATA
  C:156CH         PUBLIC        ?C?LSTKIDATA
  -------         ENDMOD        ?C?LSTKIDATA

  -------         MODULE        ?C?LSTKPDATA
  C:1585H         PUBLIC        ?C?LSTKPDATA
  -------         ENDMOD        ?C?LSTKPDATA

*** WARNING L16: UNCALLED SEGMENT, IGNORED FOR OVERLAY PROCESS
    SEGMENT: ?PR?_DAY_OF_YEAR?PCF85063BTL

*** WARNING L16: UNCALLED SEGMENT, IGNORED FOR OVERLAY PROCESS
    SEGMENT: ?PR?WAIT?BIPOLARMOTOR

*** WARNING L16: UNCALLED SEGMENT, IGNORED FOR OVERLAY PROCESS
    SEGMENT: ?PR?NOP?IOEXPANDER_PI4IOE5V96248

*** WARNING L16: UNCALLED SEGMENT, IGNORED FOR OVERLAY PROCESS
BL51 BANKED LINKER/LOCATER V6.22                                                      05/06/2019  17:17:24  PAGE 54


    SEGMENT: ?PR?UC_ACK?IOEXPANDER_PI4IOE5V96248

*** WARNING L16: UNCALLED SEGMENT, IGNORED FOR OVERLAY PROCESS
    SEGMENT: ?PR?UC_NACK?IOEXPANDER_PI4IOE5V96248

*** WARNING L16: UNCALLED SEGMENT, IGNORED FOR OVERLAY PROCESS
    SEGMENT: ?PR?_AT25SF041_READ?AT25SF041

Program Size: data=9.5 xdata=1531 code=21376
LINK/LOCATE RUN COMPLETE.  6 WARNING(S),  0 ERROR(S)
