BL51 BANKED LINKER/LOCATER V6.22                                                        05/23/2019  11:27:19  PAGE 1


BL51 BANKED LINKER/LOCATER V6.22, INVOKED BY:
C:\KEIL_V5\C51\BIN\BL51.EXE .\Obj\main.obj, .\Obj\PCF85063BTL.obj, .\Obj\LCd_Driver_SPLC780D.obj, .\Obj\KeyPad.obj, .\Ob
>> j\BipolarMotor.obj, .\Obj\SunPos.obj, .\Obj\ADC.obj, .\Obj\Calibration.obj, .\Obj\IOExpander_PI4IOE5V96248.obj, .\Obj
>> \AT25SF041.obj, .\Obj\SI1120.obj, .\Obj\STARTUP.obj TO .\Obj\GPIO_RTC_Test PRINT (.\Lis\GPIO_RTC_Test.m51) RAMSIZE (2
>> 56)


MEMORY MODEL: LARGE WITH FLOATING POINT ARITHMETIC


INPUT MODULES INCLUDED:
  .\Obj\main.obj (MAIN)
  .\Obj\PCF85063BTL.obj (PCF85063BTL)
  .\Obj\LCd_Driver_SPLC780D.obj (LCD_DRIVER_SPLC780D)
  .\Obj\KeyPad.obj (KEYPAD)
  .\Obj\BipolarMotor.obj (BIPOLARMOTOR)
  .\Obj\SunPos.obj (SUNPOS)
  .\Obj\ADC.obj (ADC)
  .\Obj\Calibration.obj (CALIBRATION)
  .\Obj\IOExpander_PI4IOE5V96248.obj (IOEXPANDER_PI4IOE5V96248)
  .\Obj\AT25SF041.obj (AT25SF041)
  .\Obj\SI1120.obj (SI1120)
  .\Obj\STARTUP.obj (?C_STARTUP)
  C:\KEIL_V5\C51\LIB\C51FPL.LIB (?C?FPADD)
  C:\KEIL_V5\C51\LIB\C51FPL.LIB (?C?FPMUL)
  C:\KEIL_V5\C51\LIB\C51FPL.LIB (?C?FPDIV)
  C:\KEIL_V5\C51\LIB\C51FPL.LIB (?C?FPCMP)
  C:\KEIL_V5\C51\LIB\C51FPL.LIB (?C?FPNEG)
  C:\KEIL_V5\C51\LIB\C51FPL.LIB (?C?FCAST)
  C:\KEIL_V5\C51\LIB\C51FPL.LIB (?C?CASTF)
  C:\KEIL_V5\C51\LIB\C51FPL.LIB (ATAN2)
  C:\KEIL_V5\C51\LIB\C51FPL.LIB (SIN)
  C:\KEIL_V5\C51\LIB\C51FPL.LIB (ACOS)
  C:\KEIL_V5\C51\LIB\C51FPL.LIB (ASIN)
  C:\KEIL_V5\C51\LIB\C51FPL.LIB (POW)
  C:\KEIL_V5\C51\LIB\C51FPL.LIB (?C?FPGETOPN)
  C:\KEIL_V5\C51\LIB\C51FPL.LIB (?C?CHKFLOAT)
  C:\KEIL_V5\C51\LIB\C51FPL.LIB (?C?FPSERIES)
  C:\KEIL_V5\C51\LIB\C51FPL.LIB (EXP)
  C:\KEIL_V5\C51\LIB\C51FPL.LIB (LOG)
  C:\KEIL_V5\C51\LIB\C51FPL.LIB (SQRT)
  C:\KEIL_V5\C51\LIB\C51FPL.LIB (ATAN)
  C:\KEIL_V5\C51\LIB\C51L.LIB (?C_INIT)
  C:\KEIL_V5\C51\LIB\C51L.LIB (?C?COPY)
  C:\KEIL_V5\C51\LIB\C51L.LIB (?C?CLDPTR)
  C:\KEIL_V5\C51\LIB\C51L.LIB (?C?CLDOPTR)
  C:\KEIL_V5\C51\LIB\C51L.LIB (?C?CSTPTR)
  C:\KEIL_V5\C51\LIB\C51L.LIB (?C?IMUL)
  C:\KEIL_V5\C51\LIB\C51L.LIB (?C?UIDIV)
  C:\KEIL_V5\C51\LIB\C51L.LIB (?C?SIDIV)
  C:\KEIL_V5\C51\LIB\C51L.LIB (?C?ILDOPTR)
  C:\KEIL_V5\C51\LIB\C51L.LIB (?C?ISTPTR)
  C:\KEIL_V5\C51\LIB\C51L.LIB (?C?LMUL)
  C:\KEIL_V5\C51\LIB\C51L.LIB (?C?SLDIV)
  C:\KEIL_V5\C51\LIB\C51L.LIB (?C?LNEG)
  C:\KEIL_V5\C51\LIB\C51L.LIB (?C?ULCMP)
  C:\KEIL_V5\C51\LIB\C51L.LIB (?C?LSHL)
  C:\KEIL_V5\C51\LIB\C51L.LIB (?C?LLDPTR)
BL51 BANKED LINKER/LOCATER V6.22                                                      05/23/2019  11:27:19  PAGE 2


  C:\KEIL_V5\C51\LIB\C51L.LIB (?C?LLDOPTR)
  C:\KEIL_V5\C51\LIB\C51L.LIB (?C?LSTPTR)
  C:\KEIL_V5\C51\LIB\C51L.LIB (?C?LSTOPTR)
  C:\KEIL_V5\C51\LIB\C51L.LIB (?C?LLDXDATA)
  C:\KEIL_V5\C51\LIB\C51L.LIB (?C?LLDCODE)
  C:\KEIL_V5\C51\LIB\C51L.LIB (?C?LLDXDATA0)
  C:\KEIL_V5\C51\LIB\C51L.LIB (?C?LLDCODE0)
  C:\KEIL_V5\C51\LIB\C51L.LIB (?C?LLDPTR0)
  C:\KEIL_V5\C51\LIB\C51L.LIB (?C?LSTXDATA)
  C:\KEIL_V5\C51\LIB\C51L.LIB (?C?LSTKXDATA)
  C:\KEIL_V5\C51\LIB\C51L.LIB (?C?LSTKPTR)
  C:\KEIL_V5\C51\LIB\C51L.LIB (?C?OFFXADD)
  C:\KEIL_V5\C51\LIB\C51L.LIB (?C?ULDIV)
  C:\KEIL_V5\C51\LIB\C51L.LIB (?C?LLDIDATA)
  C:\KEIL_V5\C51\LIB\C51L.LIB (?C?LLDPDATA)
  C:\KEIL_V5\C51\LIB\C51L.LIB (?C?LLDIDATA0)
  C:\KEIL_V5\C51\LIB\C51L.LIB (?C?LLDPDATA0)
  C:\KEIL_V5\C51\LIB\C51L.LIB (?C?LSTIDATA)
  C:\KEIL_V5\C51\LIB\C51L.LIB (?C?LSTPDATA)
  C:\KEIL_V5\C51\LIB\C51L.LIB (?C?LSTKIDATA)
  C:\KEIL_V5\C51\LIB\C51L.LIB (?C?LSTKPDATA)


LINK MAP OF MODULE:  .\Obj\GPIO_RTC_Test (MAIN)


            TYPE    BASE      LENGTH    RELOCATION   SEGMENT NAME
            -----------------------------------------------------

            * * * * * * *   D A T A   M E M O R Y   * * * * * * *
            REG     0000H     0008H     ABSOLUTE     "REG BANK 0"
                    0008H     0018H                  *** GAP ***
            BIT     0020H.0   0000H.4   UNIT         _BIT_GROUP_
            BIT     0020H.4   0000H.1   UNIT         ?BI?MAIN
                    0020H.5   0000H.3                *** GAP ***
            IDATA   0021H     0001H     UNIT         ?STACK

            * * * * * * *  X D A T A   M E M O R Y  * * * * * * *
            XDATA   0000H     03BCH     UNIT         ?XD?BIPOLARMOTOR
            XDATA   03BCH     0127H     UNIT         _XDATA_GROUP_
            XDATA   04E3H     0101H     UNIT         ?XD?MAIN
            XDATA   05E4H     0019H     UNIT         ?XD?KEYPAD
            XDATA   05FDH     0008H     UNIT         ?XD?_AT25SF041_READ?AT25SF041
            XDATA   0605H     0001H     UNIT         ?XD?UC_ACK?IOEXPANDER_PI4IOE5V96248
            XDATA   0606H     0001H     UNIT         ?XD?UC_NACK?IOEXPANDER_PI4IOE5V96248

            * * * * * * *   C O D E   M E M O R Y   * * * * * * *
            CODE    0000H     0003H     ABSOLUTE     
            CODE    0003H     0003H     ABSOLUTE     
            CODE    0006H     0001H     UNIT         ?PR?NOP?IOEXPANDER_PI4IOE5V96248
                    0007H     0004H                  *** GAP ***
            CODE    000BH     0003H     ABSOLUTE     
            CODE    000EH     000DH     UNIT         ?PR?SPI_INIT?PCF85063BTL
            CODE    001BH     0003H     ABSOLUTE     
            CODE    001EH     09DAH     UNIT         ?PR?MAIN?MAIN
            CODE    09F8H     09A4H     UNIT         ?C?LIB_CODE
            CODE    139CH     07A2H     UNIT         ?PR?SUNPOS?SUNPOS
BL51 BANKED LINKER/LOCATER V6.22                                                      05/23/2019  11:27:19  PAGE 3


            CODE    1B3EH     063CH     UNIT         ?PR?_UPDATE_POSITION?BIPOLARMOTOR
            CODE    217AH     04FBH     UNIT         ?PR?_THEORICALJP_POSITION?BIPOLARMOTOR
            CODE    2675H     04E5H     UNIT         ?PR?_FIND_REAL_MAX?CALIBRATION
            CODE    2B5AH     040EH     UNIT         ?C_INITSEG
            CODE    2F68H     038CH     UNIT         ?PR?KEY_PROCESS?KEYPAD
            CODE    32F4H     0380H     UNIT         ?PR?_ELEVATION_CALCULATION?BIPOLARMOTOR
            CODE    3674H     01C7H     UNIT         ?PR?_CALIBRATION?CALIBRATION
            CODE    383BH     018DH     UNIT         ?PR?KEY_SCAN?KEYPAD
            CODE    39C8H     0189H     UNIT         ?PR?SPI_NOR_WRITE_DATA?AT25SF041
            CODE    3B51H     0188H     UNIT         ?PR?SIN?SIN
            CODE    3CD9H     0166H     UNIT         ?PR?_POW?POW
            CODE    3E3FH     0155H     UNIT         ?PR?_DISPLAY_POS?LCD_DRIVER_SPLC780D
            CODE    3F94H     0129H     UNIT         ?PR?LOG?LOG
            CODE    40BDH     0122H     UNIT         ?PR?ATAN?ATAN
            CODE    41DFH     0110H     UNIT         ?PR?_AT25SF041_READ?AT25SF041
            CODE    42EFH     0102H     UNIT         ?PR?_AT25SF041_WRITE?AT25SF041
            CODE    43F1H     00F5H     UNIT         ?PR?EXINT0?MAIN
            CODE    44E6H     00C3H     UNIT         ?PR?LINEAR_INTERPOLATE?BIPOLARMOTOR
            CODE    45A9H     00BBH     UNIT         ?PR?VOLTAGE_IS_STABLE?CALIBRATION
            CODE    4664H     00ADH     UNIT         ?PR?_WRITE_PI4IOE5V96248?IOEXPANDER_PI4IOE5V96248
            CODE    4711H     00ACH     UNIT         ?PR?SQRT?SQRT
            CODE    47BDH     00A1H     UNIT         ?PR?UCREAD_STATUS_REGISTER_BYTE1?AT25SF041
            CODE    485EH     009DH     UNIT         ?PR?_ATAN2?ATAN2
            CODE    48FBH     009CH     UNIT         ?PR?_MAX_VALUE?CALIBRATION
            CODE    4997H     009AH     UNIT         ?PR?EXP?EXP
            CODE    4A31H     008CH     UNIT         ?C_C51STARTUP
            CODE    4ABDH     0088H     UNIT         ?PR?_DAY_OF_YEAR?PCF85063BTL
            CODE    4B45H     0079H     UNIT         ?PR?_WRITEDATA?LCD_DRIVER_SPLC780D
            CODE    4BBEH     0072H     UNIT         ?PR?AT25SF041_WRITEENABLE?AT25SF041
            CODE    4C30H     006FH     UNIT         ?PR?_READ_TIME?PCF85063BTL
            CODE    4C9FH     005AH     UNIT         ?PR?AT25SF041_CHIPERASE?AT25SF041
            CODE    4CF9H     0059H     UNIT         ?PR?LCD_INIT?LCD_DRIVER_SPLC780D
            CODE    4D52H     004AH     UNIT         ?PR?VONESTEPMOVE?BIPOLARMOTOR
            CODE    4D9CH     004AH     UNIT         ?PR?ACOS?ACOS
            CODE    4DE6H     0044H     UNIT         ?C?LDIV
            CODE    4E2AH     0040H     UNIT         ?PR?_COMMAND?LCD_DRIVER_SPLC780D
            CODE    4E6AH     0040H     UNIT         ?PR?_STEP_MOVE?BIPOLARMOTOR
            CODE    4EAAH     003BH     UNIT         ?PR?ASIN?ASIN
            CODE    4EE5H     0031H     UNIT         ?PR?SI1120_CONFIG_MODE_VIRH?SI1120
            CODE    4F16H     002BH     UNIT         ?PR?_WAIT_MS_I2C?IOEXPANDER_PI4IOE5V96248
            CODE    4F41H     002BH     UNIT         ?PR?_WAIT_MS_SPINOR?AT25SF041
            CODE    4F6CH     002AH     UNIT         ?PR?_ADC_GETRESULT?ADC
            CODE    4F96H     0028H     UNIT         ?PR?_MOVE?BIPOLARMOTOR
            CODE    4FBEH     0027H     UNIT         ?PR?_I2C_SENDBYTE?IOEXPANDER_PI4IOE5V96248
            CODE    4FE5H     0025H     UNIT         ?PR?_FINDCLOSESTSAMEDAYCALIBTIME?CALIBRATION
            CODE    500AH     0024H     UNIT         ?PR?_WAIT_MS?LCD_DRIVER_SPLC780D
            CODE    502EH     0021H     UNIT         ?PR?TM0_ISR?MAIN
            CODE    504FH     0020H     UNIT         ?PR?_SPI_SENDBYTE?PCF85063BTL
            CODE    506FH     0020H     UNIT         ?PR?SPI_RECEIVEBYTE?PCF85063BTL
            CODE    508FH     001EH     UNIT         ?PR?_DELAY_MS?KEYPAD
            CODE    50ADH     001DH     UNIT         ?PR?_DISPLAYLCD?LCD_DRIVER_SPLC780D
            CODE    50CAH     001BH     UNIT         ?PR?_BCDTODEC1?BIPOLARMOTOR
            CODE    50E5H     001AH     UNIT         ?PR?ADC_INIT?ADC
            CODE    50FFH     0018H     UNIT         ?PR?_SPI_WRITETIME?PCF85063BTL
            CODE    5117H     0016H     UNIT         ?PR?I2C_ACK?IOEXPANDER_PI4IOE5V96248
            CODE    512DH     0015H     UNIT         ?PR?_DISPLAY_LINE?LCD_DRIVER_SPLC780D
            CODE    5142H     0015H     UNIT         ?PR?VSETLOCATION?BIPOLARMOTOR
BL51 BANKED LINKER/LOCATER V6.22                                                      05/23/2019  11:27:19  PAGE 4


            CODE    5157H     0015H     UNIT         ?PR?I2C_STOP?IOEXPANDER_PI4IOE5V96248
            CODE    516CH     0014H     UNIT         ?PR?_PCF85063BTL_DELAY?PCF85063BTL
            CODE    5180H     0014H     UNIT         ?PR?_ABS?LCD_DRIVER_SPLC780D
            CODE    5194H     0011H     UNIT         ?PR?_SPI_READTIME?PCF85063BTL
            CODE    51A5H     0011H     UNIT         ?PR?_BCDTODEC?PCF85063BTL
            CODE    51B6H     000FH     UNIT         ?PR?I2C_START?IOEXPANDER_PI4IOE5V96248
            CODE    51C5H     000FH     UNIT         ?PR?UC_NACK?IOEXPANDER_PI4IOE5V96248
            CODE    51D4H     000DH     UNIT         ?PR?ENABLE_EXTINT0?SI1120
            CODE    51E1H     000CH     UNIT         ?PR?KEYPAD_IO_INIT?KEYPAD
            CODE    51EDH     000AH     UNIT         ?PR?LCD_RETURN_HOME?LCD_DRIVER_SPLC780D
            CODE    51F7H     000AH     UNIT         ?PR?LCD_CLEAR?LCD_DRIVER_SPLC780D
            CODE    5201H     0009H     UNIT         ?PR?TM1_ISR?MAIN
            CODE    520AH     0006H     UNIT         ?PR?UC_ACK?IOEXPANDER_PI4IOE5V96248



OVERLAY MAP OF MODULE:   .\Obj\GPIO_RTC_Test (MAIN)


SEGMENT                                             BIT_GROUP          XDATA_GROUP
  +--> CALLED SEGMENT                            START    LENGTH     START    LENGTH
------------------------------------------------------------------------------------
?PR?EXINT0?MAIN                                  -----    -----      -----    -----
  +--> ?PR?_POW?POW

?PR?_POW?POW                                     -----    -----      03BCH    000AH
  +--> ?PR?LOG?LOG
  +--> ?PR?EXP?EXP

?PR?LOG?LOG                                      0020H.0  0000H.1    03C6H    0004H

*** NEW ROOT ***************************************************

?C_C51STARTUP                                    -----    -----      -----    -----
  +--> ?PR?MAIN?MAIN
  +--> ?C_INITSEG

?PR?MAIN?MAIN                                    -----    -----      03CAH    002EH
  +--> ?PR?LCD_INIT?LCD_DRIVER_SPLC780D
  +--> ?PR?SPI_INIT?PCF85063BTL
  +--> ?PR?KEYPAD_IO_INIT?KEYPAD
  +--> ?PR?ADC_INIT?ADC
  +--> ?PR?SI1120_CONFIG_MODE_VIRH?SI1120
  +--> ?PR?ENABLE_EXTINT0?SI1120
  +--> ?PR?VSETLOCATION?BIPOLARMOTOR
  +--> ?PR?_DISPLAY_LINE?LCD_DRIVER_SPLC780D
  +--> ?PR?_WRITEDATA?LCD_DRIVER_SPLC780D
  +--> ?PR?KEY_PROCESS?KEYPAD
  +--> ?PR?_COMMAND?LCD_DRIVER_SPLC780D
  +--> ?PR?_DISPLAY_POS?LCD_DRIVER_SPLC780D
  +--> ?PR?_DISPLAYLCD?LCD_DRIVER_SPLC780D
  +--> ?PR?_STEP_MOVE?BIPOLARMOTOR
  +--> ?PR?LCD_RETURN_HOME?LCD_DRIVER_SPLC780D
  +--> ?PR?_READ_TIME?PCF85063BTL
  +--> ?PR?_BCDTODEC1?BIPOLARMOTOR
  +--> ?PR?_ELEVATION_CALCULATION?BIPOLARMOTOR
  +--> ?PR?_CALIBRATION?CALIBRATION
BL51 BANKED LINKER/LOCATER V6.22                                                      05/23/2019  11:27:19  PAGE 5


  +--> ?PR?_WAIT_MS_SPINOR?AT25SF041
  +--> ?PR?SPI_NOR_WRITE_DATA?AT25SF041
  +--> ?PR?LINEAR_INTERPOLATE?BIPOLARMOTOR
  +--> ?PR?_FINDCLOSESTSAMEDAYCALIBTIME?CALI...
  +--> ?PR?_UPDATE_POSITION?BIPOLARMOTOR
  +--> ?PR?LCD_CLEAR?LCD_DRIVER_SPLC780D
  +--> ?PR?AT25SF041_WRITEENABLE?AT25SF041
  +--> ?PR?AT25SF041_CHIPERASE?AT25SF041

?PR?LCD_INIT?LCD_DRIVER_SPLC780D                 -----    -----      -----    -----
  +--> ?PR?_WAIT_MS?LCD_DRIVER_SPLC780D
  +--> ?PR?_COMMAND?LCD_DRIVER_SPLC780D

?PR?_COMMAND?LCD_DRIVER_SPLC780D                 -----    -----      -----    -----
  +--> ?PR?_WAIT_MS?LCD_DRIVER_SPLC780D

?PR?SI1120_CONFIG_MODE_VIRH?SI1120               -----    -----      -----    -----
  +--> ?PR?_WAIT_MS?LCD_DRIVER_SPLC780D

?PR?_DISPLAY_LINE?LCD_DRIVER_SPLC780D            -----    -----      -----    -----
  +--> ?PR?_COMMAND?LCD_DRIVER_SPLC780D

?PR?_WRITEDATA?LCD_DRIVER_SPLC780D               -----    -----      04E2H    0001H
  +--> ?PR?_WAIT_MS?LCD_DRIVER_SPLC780D

?PR?KEY_PROCESS?KEYPAD                           -----    -----      03F8H    0006H
  +--> ?PR?KEY_SCAN?KEYPAD
  +--> ?PR?_SPI_WRITETIME?PCF85063BTL
  +--> ?PR?LCD_CLEAR?LCD_DRIVER_SPLC780D
  +--> ?PR?_COMMAND?LCD_DRIVER_SPLC780D
  +--> ?PR?_WRITEDATA?LCD_DRIVER_SPLC780D

?PR?KEY_SCAN?KEYPAD                              -----    -----      03FEH    0003H

?PR?_SPI_WRITETIME?PCF85063BTL                   -----    -----      -----    -----
  +--> ?PR?_SPI_SENDBYTE?PCF85063BTL

?PR?_SPI_SENDBYTE?PCF85063BTL                    -----    -----      -----    -----
  +--> ?PR?_PCF85063BTL_DELAY?PCF85063BTL

?PR?LCD_CLEAR?LCD_DRIVER_SPLC780D                -----    -----      -----    -----
  +--> ?PR?_COMMAND?LCD_DRIVER_SPLC780D

?PR?_DISPLAY_POS?LCD_DRIVER_SPLC780D             -----    -----      04D7H    000BH
  +--> ?PR?_ABS?LCD_DRIVER_SPLC780D
  +--> ?PR?_WRITEDATA?LCD_DRIVER_SPLC780D

?PR?_DISPLAYLCD?LCD_DRIVER_SPLC780D              -----    -----      03F8H    0001H
  +--> ?PR?_WRITEDATA?LCD_DRIVER_SPLC780D

?PR?_STEP_MOVE?BIPOLARMOTOR                      0020H.2  0000H.1    04DBH    0004H
  +--> ?PR?VONESTEPMOVE?BIPOLARMOTOR

?PR?VONESTEPMOVE?BIPOLARMOTOR                    0020H.3  0000H.1    -----    -----
  +--> ?PR?_WRITE_PI4IOE5V96248?IOEXPANDER_P...
  +--> ?PR?_DELAY_MS?KEYPAD

BL51 BANKED LINKER/LOCATER V6.22                                                      05/23/2019  11:27:19  PAGE 6


?PR?_WRITE_PI4IOE5V96248?IOEXPANDER_P...         -----    -----      04DFH    0003H
  +--> ?PR?I2C_START?IOEXPANDER_PI4IOE5V96248
  +--> ?PR?_WAIT_MS_I2C?IOEXPANDER_PI4IOE5V9...
  +--> ?PR?_I2C_SENDBYTE?IOEXPANDER_PI4IOE5V...
  +--> ?PR?I2C_ACK?IOEXPANDER_PI4IOE5V96248
  +--> ?PR?I2C_STOP?IOEXPANDER_PI4IOE5V96248

?PR?I2C_START?IOEXPANDER_PI4IOE5V96248           -----    -----      -----    -----
  +--> ?PR?_WAIT_MS_I2C?IOEXPANDER_PI4IOE5V9...

?PR?_I2C_SENDBYTE?IOEXPANDER_PI4IOE5V...         -----    -----      -----    -----
  +--> ?PR?_WAIT_MS_I2C?IOEXPANDER_PI4IOE5V9...

?PR?I2C_ACK?IOEXPANDER_PI4IOE5V96248             -----    -----      04E2H    0001H
  +--> ?PR?_WAIT_MS_I2C?IOEXPANDER_PI4IOE5V9...

?PR?I2C_STOP?IOEXPANDER_PI4IOE5V96248            -----    -----      -----    -----
  +--> ?PR?_WAIT_MS_I2C?IOEXPANDER_PI4IOE5V9...

?PR?LCD_RETURN_HOME?LCD_DRIVER_SPLC780D          -----    -----      -----    -----
  +--> ?PR?_COMMAND?LCD_DRIVER_SPLC780D

?PR?_READ_TIME?PCF85063BTL                       -----    -----      03F8H    000FH
  +--> ?PR?_SPI_READTIME?PCF85063BTL

?PR?_SPI_READTIME?PCF85063BTL                    -----    -----      -----    -----
  +--> ?PR?_SPI_SENDBYTE?PCF85063BTL
  +--> ?PR?SPI_RECEIVEBYTE?PCF85063BTL

?PR?SPI_RECEIVEBYTE?PCF85063BTL                  -----    -----      -----    -----
  +--> ?PR?_PCF85063BTL_DELAY?PCF85063BTL

?PR?_ELEVATION_CALCULATION?BIPOLARMOTOR          -----    -----      03F8H    0005H
  +--> ?PR?_BCDTODEC1?BIPOLARMOTOR
  +--> ?PR?SUNPOS?SUNPOS
  +--> ?PR?SIN?SIN
  +--> ?PR?ASIN?ASIN

?PR?SUNPOS?SUNPOS                                -----    -----      0442H    005DH
  +--> ?PR?SIN?SIN
  +--> ?PR?_ATAN2?ATAN2
  +--> ?PR?ASIN?ASIN
  +--> ?PR?ACOS?ACOS

?PR?SIN?SIN                                      0020H.1  0000H.1    049FH    0004H

?PR?_ATAN2?ATAN2                                 -----    -----      049FH    0008H
  +--> ?PR?ATAN?ATAN

?PR?ATAN?ATAN                                    0020H.1  0000H.2    04A7H    0004H

?PR?ASIN?ASIN                                    -----    -----      -----    -----
  +--> ?PR?SQRT?SQRT
  +--> ?PR?ATAN?ATAN

?PR?SQRT?SQRT                                    -----    -----      049FH    0004H

BL51 BANKED LINKER/LOCATER V6.22                                                      05/23/2019  11:27:19  PAGE 7


?PR?ACOS?ACOS                                    -----    -----      -----    -----
  +--> ?PR?SQRT?SQRT
  +--> ?PR?ATAN?ATAN

?PR?_CALIBRATION?CALIBRATION                     -----    -----      03F8H    0024H
  +--> ?PR?VOLTAGE_IS_STABLE?CALIBRATION
  +--> ?PR?_UPDATE_POSITION?BIPOLARMOTOR
  +--> ?PR?_FIND_REAL_MAX?CALIBRATION

?PR?VOLTAGE_IS_STABLE?CALIBRATION                -----    -----      041CH    0018H
  +--> ?PR?_ADC_GETRESULT?ADC
  +--> ?PR?_ABS?LCD_DRIVER_SPLC780D

?PR?_UPDATE_POSITION?BIPOLARMOTOR                -----    -----      041CH    0026H
  +--> ?PR?_BCDTODEC1?BIPOLARMOTOR
  +--> ?PR?SUNPOS?SUNPOS
  +--> ?PR?SIN?SIN
  +--> ?PR?ASIN?ASIN
  +--> ?PR?_THEORICALJP_POSITION?BIPOLARMOTOR
  +--> ?PR?_ABS?LCD_DRIVER_SPLC780D
  +--> ?PR?_MOVE?BIPOLARMOTOR

?PR?_THEORICALJP_POSITION?BIPOLARMOTOR           -----    -----      0442H    005CH
  +--> ?PR?LINEAR_INTERPOLATE?BIPOLARMOTOR

?PR?LINEAR_INTERPOLATE?BIPOLARMOTOR              -----    -----      049EH    0014H

?PR?_MOVE?BIPOLARMOTOR                           0020H.1  0000H.1    04D7H    0004H
  +--> ?PR?_STEP_MOVE?BIPOLARMOTOR

?PR?_FIND_REAL_MAX?CALIBRATION                   -----    -----      041CH    00BBH
  +--> ?PR?_ADC_GETRESULT?ADC
  +--> ?PR?_WAIT_MS?LCD_DRIVER_SPLC780D
  +--> ?PR?AT25SF041_WRITEENABLE?AT25SF041
  +--> ?PR?_AT25SF041_WRITE?AT25SF041
  +--> ?PR?_WAIT_MS_SPINOR?AT25SF041
  +--> ?PR?_COMMAND?LCD_DRIVER_SPLC780D
  +--> ?PR?_WRITEDATA?LCD_DRIVER_SPLC780D
  +--> ?PR?_DISPLAY_POS?LCD_DRIVER_SPLC780D
  +--> ?PR?_MOVE?BIPOLARMOTOR
  +--> ?PR?_MAX_VALUE?CALIBRATION

?PR?AT25SF041_WRITEENABLE?AT25SF041              -----    -----      04D7H    0002H
  +--> ?PR?_WAIT_MS_SPINOR?AT25SF041
  +--> ?PR?UCREAD_STATUS_REGISTER_BYTE1?AT25...

?PR?UCREAD_STATUS_REGISTER_BYTE1?AT25...         -----    -----      04DFH    0003H
  +--> ?PR?_WAIT_MS_SPINOR?AT25SF041

?PR?_AT25SF041_WRITE?AT25SF041                   -----    -----      04D7H    0008H
  +--> ?PR?_WAIT_MS_SPINOR?AT25SF041
  +--> ?PR?UCREAD_STATUS_REGISTER_BYTE1?AT25...

?PR?_MAX_VALUE?CALIBRATION                       -----    -----      04D7H    0004H

?PR?SPI_NOR_WRITE_DATA?AT25SF041                 -----    -----      03F8H    000EH
  +--> ?PR?AT25SF041_WRITEENABLE?AT25SF041
BL51 BANKED LINKER/LOCATER V6.22                                                      05/23/2019  11:27:19  PAGE 8


  +--> ?PR?_AT25SF041_WRITE?AT25SF041
  +--> ?PR?_WAIT_MS_SPINOR?AT25SF041

?PR?AT25SF041_CHIPERASE?AT25SF041                -----    -----      03F8H    0002H
  +--> ?PR?_WAIT_MS_SPINOR?AT25SF041
  +--> ?PR?UCREAD_STATUS_REGISTER_BYTE1?AT25...



SYMBOL TABLE OF MODULE:  .\Obj\GPIO_RTC_Test (MAIN)

  VALUE           TYPE          NAME
  ----------------------------------

  -------         MODULE        MAIN
  C:0000H         SYMBOL        _ICE_DUMMY_
  X:04EBH         PUBLIC        calib_value
  D:0080H         PUBLIC        P0
  D:00B2H         PUBLIC        P3M0
  D:0090H         PUBLIC        P1
  D:00B1H         PUBLIC        P3M1
  D:00A0H         PUBLIC        P2
  D:00B0H         PUBLIC        P3
  D:00C0H         PUBLIC        P4
  D:00C8H         PUBLIC        P5
  X:053FH         SYMBOL        PressedKey
  B:00A8H.7       PUBLIC        EA
  D:00E8H         PUBLIC        P6
  X:0543H         PUBLIC        calib_stamp
  D:00F8H         PUBLIC        P7
  X:0544H         PUBLIC        calib_bool
  X:056EH         PUBLIC        pwm_time_min
  D:00A8H         PUBLIC        IE
  X:0572H         PUBLIC        calib_time
  X:05C6H         PUBLIC        pwm_time_max
  D:00B8H         PUBLIC        IP
  B:00B0H.2       PUBLIC        INT0
  X:05CAH         PUBLIC        months
  D:00D8H         PUBLIC        CCON
  C:001EH         PUBLIC        main
  X:05CBH         PUBLIC        count
  X:05CDH         PUBLIC        days
  X:05CEH         PUBLIC        hours
  D:0098H         PUBLIC        SCON
  D:0089H         PUBLIC        TMOD
  D:0088H         PUBLIC        TCON
  B:00A0H.3       PUBLIC        P23
  X:05CFH         SYMBOL        KeyCount
  X:05D1H         PUBLIC        mins
  B:00C8H.5       PUBLIC        P55
  D:008EH         PUBLIC        AUXR
  C:502EH         PUBLIC        tm0_isr
  B:0090H.5       PUBLIC        SI1120_STX
  C:5201H         PUBLIC        tm1_isr
  B:0020H.4       PUBLIC        busy
  B:00A8H.1       PUBLIC        ET0
  B:00A8H.3       PUBLIC        ET1
BL51 BANKED LINKER/LOCATER V6.22                                                      05/23/2019  11:27:19  PAGE 9


  X:05D2H         PUBLIC        SPI_NOR_INTERNAL_FLASH_ADDR
  D:008CH         PUBLIC        TH0
  D:008DH         PUBLIC        TH1
  D:008AH         PUBLIC        TL0
  D:008BH         PUBLIC        TL1
  B:0088H.4       PUBLIC        TR0
  B:0088H.6       PUBLIC        TR1
  C:43F1H         PUBLIC        exint0
  X:05D6H         SYMBOL        KeyNum
  X:05D7H         SYMBOL        KeyNum_Old
  X:05D8H         PUBLIC        timer0_count
  X:05DAH         PUBLIC        current_position
  X:05DEH         PUBLIC        pwm_time
  X:05E2H         PUBLIC        start_timer0_count
  X:05E3H         PUBLIC        seconds
  D:00D0H         PUBLIC        PSW
  -------         PROC          TM0_ISR
  C:502EH         LINE#         94
  C:5034H         LINE#         98
  C:5037H         LINE#         99
  C:503AH         LINE#         100
  C:5048H         LINE#         101
  -------         ENDPROC       TM0_ISR
  -------         PROC          TM1_ISR
  C:5201H         LINE#         102
  C:5201H         LINE#         104
  C:5203H         LINE#         106
  C:5206H         LINE#         107
  C:5209H         LINE#         108
  -------         ENDPROC       TM1_ISR
  -------         PROC          EXINT0
  C:43F1H         LINE#         109
  C:440EH         LINE#         113
  C:4411H         LINE#         114
  C:4411H         LINE#         115
  C:4414H         LINE#         116
  C:4417H         LINE#         117
  C:4419H         LINE#         118
  C:441BH         LINE#         122
  C:441EH         LINE#         125
  C:441EH         LINE#         126
  C:4420H         LINE#         128
  C:442CH         LINE#         129
  C:4486H         LINE#         130
  C:44C4H         LINE#         131
  C:44CBH         LINE#         136
  C:44CBH         LINE#         138
  -------         ENDPROC       EXINT0
  -------         PROC          MAIN
  -------         DO            
  X:04E3H         SYMBOL        KeyCount
  X:04E5H         SYMBOL        KeyNum_Old
  X:04E6H         SYMBOL        KeyNum
  X:04E7H         SYMBOL        PressedKey
  X:03CAH         SYMBOL        prox_flag
  X:03CBH         SYMBOL        iUse_prevday_calib_value
  X:03CDH         SYMBOL        max_ADC_Val_JP
BL51 BANKED LINKER/LOCATER V6.22                                                      05/23/2019  11:27:19  PAGE 10


  X:03CFH         SYMBOL        max_ADC_Val
  X:03D1H         SYMBOL        calib_point1
  X:03D9H         SYMBOL        calib_point2
  X:03E1H         SYMBOL        dat_to_store
  X:03ECH         SYMBOL        calib_day
  X:03EEH         SYMBOL        calib_count
  X:03F0H         SYMBOL        theorical_JP_max_pos
  X:03F4H         SYMBOL        elevation
  -------         ENDDO         
  C:001EH         LINE#         140
  C:001EH         LINE#         141
  C:001EH         LINE#         146
  C:0024H         LINE#         147
  C:0029H         LINE#         149
  C:0031H         LINE#         153
  C:0037H         LINE#         154
  C:0041H         LINE#         161
  C:0049H         LINE#         162
  C:0050H         LINE#         163
  C:0056H         LINE#         165
  C:005CH         LINE#         174
  C:005EH         LINE#         175
  C:0061H         LINE#         176
  C:0064H         LINE#         177
  C:0067H         LINE#         178
  C:006AH         LINE#         179
  C:006DH         LINE#         182
  C:0070H         LINE#         185
  C:0073H         LINE#         186
  C:0076H         LINE#         188
  C:0079H         LINE#         190
  C:007CH         LINE#         191
  C:007FH         LINE#         192
  C:0082H         LINE#         193
  C:0085H         LINE#         194
  C:0088H         LINE#         195
  C:008BH         LINE#         196
  C:008DH         LINE#         197
  C:008FH         LINE#         199
  C:0091H         LINE#         207
  C:0097H         LINE#         208
  C:009CH         LINE#         209
  C:00A1H         LINE#         210
  C:00A6H         LINE#         211
  C:00ABH         LINE#         212
  C:00B0H         LINE#         215
  C:00C9H         LINE#         216
  C:00C9H         LINE#         217
  C:00E5H         LINE#         218
  C:012CH         LINE#         219
  C:013DH         LINE#         222
  C:013DH         LINE#         223
  C:013DH         LINE#         224
  C:0140H         LINE#         228
  C:0140H         LINE#         232
  C:0145H         LINE#         233
  C:014AH         LINE#         235
BL51 BANKED LINKER/LOCATER V6.22                                                      05/23/2019  11:27:19  PAGE 11


  C:014FH         LINE#         237
  C:0154H         LINE#         238
  C:0159H         LINE#         240
  C:016AH         LINE#         241
  C:016FH         LINE#         242
  C:0174H         LINE#         244
  C:017BH         LINE#         245
  C:0183H         LINE#         246
  C:0188H         LINE#         247
  C:0190H         LINE#         248
  C:0195H         LINE#         249
  C:019FH         LINE#         250
  C:01A4H         LINE#         251
  C:01ACH         LINE#         253
  C:01B4H         LINE#         254
  C:01B9H         LINE#         255
  C:01C3H         LINE#         256
  C:01C3H         LINE#         257
  C:01C5H         LINE#         258
  C:01C7H         LINE#         259
  C:01D1H         LINE#         260
  C:01D1H         LINE#         261
  C:01D6H         LINE#         262
  C:01D6H         LINE#         274
  C:01EAH         LINE#         275
  C:01EAH         LINE#         276
  C:01FFH         LINE#         277
  C:020EH         LINE#         278
  C:020EH         LINE#         279
  C:0221H         LINE#         280
  C:0223H         LINE#         282
  C:0223H         LINE#         283
  C:023FH         LINE#         284
  C:023FH         LINE#         285
  C:0244H         LINE#         286
  C:0244H         LINE#         287
  C:0258H         LINE#         288
  C:0258H         LINE#         291
  C:026DH         LINE#         292
  C:027CH         LINE#         293
  C:027CH         LINE#         294
  C:028FH         LINE#         295
  C:0291H         LINE#         297
  C:0291H         LINE#         298
  C:02ADH         LINE#         299
  C:02ADH         LINE#         300
  C:02B2H         LINE#         301
  C:02B8H         LINE#         302
  C:02B8H         LINE#         304
  C:02DAH         LINE#         305
  C:02DAH         LINE#         306
  C:02E4H         LINE#         307
  C:02EAH         LINE#         308
  C:02F1H         LINE#         309
  C:02F7H         LINE#         310
  C:02FEH         LINE#         311
  C:02FEH         LINE#         312
BL51 BANKED LINKER/LOCATER V6.22                                                      05/23/2019  11:27:19  PAGE 12


  C:0301H         LINE#         314
  C:0301H         LINE#         319
  C:033CH         LINE#         323
  C:0349H         LINE#         324
  C:0349H         LINE#         328
  C:0349H         LINE#         329
  C:0371H         LINE#         330
  C:0371H         LINE#         331
  C:0393H         LINE#         332
  C:0393H         LINE#         334
  C:03B9H         LINE#         344
  C:03B9H         LINE#         345
  C:0435H         LINE#         346
  C:044EH         LINE#         347
  C:04D8H         LINE#         349
  C:04D8H         LINE#         353
  C:04D8H         LINE#         354
  C:04D8H         LINE#         376
  C:04E0H         LINE#         377
  C:04E8H         LINE#         378
  C:04F0H         LINE#         379
  C:04F8H         LINE#         381
  C:050CH         LINE#         382
  C:0522H         LINE#         383
  C:0552H         LINE#         384
  C:0572H         LINE#         386
  C:0586H         LINE#         387
  C:059CH         LINE#         388
  C:05CCH         LINE#         389
  C:05D3H         LINE#         391
  C:05F7H         LINE#         394
  C:05F9H         LINE#         396
  C:0607H         LINE#         397
  C:0607H         LINE#         398
  C:060FH         LINE#         400
  C:060FH         LINE#         403
  C:060FH         LINE#         404
  C:061CH         LINE#         405
  C:061CH         LINE#         406
  C:063EH         LINE#         407
  C:063EH         LINE#         408
  C:06BAH         LINE#         409
  C:070FH         LINE#         410
  C:070FH         LINE#         412
  C:0712H         LINE#         416
  C:0712H         LINE#         419
  C:0734H         LINE#         420
  C:0734H         LINE#         421
  C:07B0H         LINE#         423
  C:07DDH         LINE#         424
  C:07F8H         LINE#         425
  C:0825H         LINE#         426
  C:0858H         LINE#         427
  C:0858H         LINE#         428
  C:0882H         LINE#         429
  C:091BH         LINE#         430
  C:091DH         LINE#         432
BL51 BANKED LINKER/LOCATER V6.22                                                      05/23/2019  11:27:19  PAGE 13


  C:091DH         LINE#         433
  C:0980H         LINE#         434
  C:0980H         LINE#         438
  C:0980H         LINE#         440
  C:0980H         LINE#         441
  C:0980H         LINE#         443
  C:0980H         LINE#         446
  C:099CH         LINE#         447
  C:09A0H         LINE#         449
  C:09A2H         LINE#         452
  C:09B1H         LINE#         453
  C:09B1H         LINE#         454
  C:09B4H         LINE#         455
  C:09BBH         LINE#         456
  C:09C0H         LINE#         457
  C:09C5H         LINE#         458
  C:09CAH         LINE#         459
  C:09CFH         LINE#         460
  C:09D4H         LINE#         470
  C:09D7H         LINE#         472
  C:09DAH         LINE#         473
  C:09E1H         LINE#         474
  C:09EBH         LINE#         475
  C:09F2H         LINE#         477
  C:09F5H         LINE#         486
  C:09F5H         LINE#         487
  -------         ENDPROC       MAIN
  -------         ENDMOD        MAIN

  -------         MODULE        PCF85063BTL
  C:0000H         SYMBOL        _ICE_DUMMY_
  D:0096H         PUBLIC        P2M0
  D:0080H         PUBLIC        P0
  D:0095H         PUBLIC        P2M1
  D:0090H         PUBLIC        P1
  D:00A0H         PUBLIC        P2
  D:00B0H         PUBLIC        P3
  D:00C0H         PUBLIC        P4
  D:00C8H         PUBLIC        P5
  D:00E8H         PUBLIC        P6
  B:00A0H.1       PUBLIC        PCF85063BTL_SDI
  D:00F8H         PUBLIC        P7
  B:00A0H.2       PUBLIC        PCF85063BTL_SCK
  B:00A0H.1       PUBLIC        PCF85063BTL_SDO
  D:00A8H         PUBLIC        IE
  C:4C30H         PUBLIC        _Read_time
  C:5172H         PUBLIC        _PCF85063BTL_Delay
  D:00B8H         PUBLIC        IP
  D:00D8H         PUBLIC        CCON
  C:4ABDH         PUBLIC        _Day_Of_Year
  C:506FH         PUBLIC        SPI_ReceiveByte
  D:0098H         PUBLIC        SCON
  D:0088H         PUBLIC        TCON
  C:51A5H         PUBLIC        _BCDtoDec
  B:00A0H.0       PUBLIC        PCF85063BTL_CS
  C:5194H         PUBLIC        _SPI_ReadTime
  C:000EH         PUBLIC        SPI_Init
BL51 BANKED LINKER/LOCATER V6.22                                                      05/23/2019  11:27:19  PAGE 14


  C:50FFH         PUBLIC        _SPI_WriteTime
  C:504FH         PUBLIC        _SPI_SendByte
  D:00D0H         PUBLIC        PSW
  C:516EH         SYMBOL        L?0048
  -------         PROC          L?0047
  -------         ENDPROC       L?0047
  C:516EH         SYMBOL        L?0048
  -------         PROC          _PCF85063BTL_DELAY
  D:0006H         SYMBOL        us
  C:5172H         LINE#         8
  C:5172H         LINE#         9
  C:5172H         LINE#         10
  C:517CH         LINE#         11
  C:517CH         LINE#         12
  C:517DH         LINE#         13
  C:517FH         LINE#         14
  -------         ENDPROC       _PCF85063BTL_DELAY
  -------         PROC          _SPI_SENDBYTE
  D:0005H         SYMBOL        dat
  -------         DO            
  D:0003H         SYMBOL        i
  -------         ENDDO         
  C:504FH         LINE#         17
  C:5051H         LINE#         18
  C:5051H         LINE#         20
  C:5053H         LINE#         21
  C:5053H         LINE#         22
  C:5055H         LINE#         23
  C:5059H         LINE#         24
  C:5059H         LINE#         25
  C:505BH         LINE#         26
  C:505DH         LINE#         28
  C:505DH         LINE#         29
  C:505FH         LINE#         30
  C:505FH         LINE#         31
  C:5062H         LINE#         32
  C:5062H         LINE#         33
  C:5065H         LINE#         34
  C:5069H         LINE#         35
  C:506EH         LINE#         36
  -------         ENDPROC       _SPI_SENDBYTE
  -------         PROC          SPI_RECEIVEBYTE
  -------         DO            
  D:0003H         SYMBOL        i
  D:0005H         SYMBOL        dat
  -------         ENDDO         
  C:506FH         LINE#         39
  C:506FH         LINE#         40
  C:506FH         LINE#         42
  C:5071H         LINE#         44
  C:5073H         LINE#         45
  C:5074H         LINE#         46
  C:5074H         LINE#         47
  C:5078H         LINE#         48
  C:507AH         LINE#         49
  C:507DH         LINE#         51
  C:5080H         LINE#         52
BL51 BANKED LINKER/LOCATER V6.22                                                      05/23/2019  11:27:19  PAGE 15


  C:5080H         LINE#         53
  C:5084H         LINE#         54
  C:5084H         LINE#         55
  C:5084H         LINE#         56
  C:5087H         LINE#         57
  C:508CH         LINE#         58
  C:508EH         LINE#         59
  -------         ENDPROC       SPI_RECEIVEBYTE
  -------         PROC          _SPI_READTIME
  D:0007H         SYMBOL        addr
  -------         DO            
  D:0006H         SYMBOL        dat
  -------         ENDDO         
  C:5194H         LINE#         61
  C:5194H         LINE#         62
  C:5194H         LINE#         64
  C:5196H         LINE#         65
  C:5198H         LINE#         66
  C:519FH         LINE#         67
  C:51A2H         LINE#         68
  C:51A4H         LINE#         69
  C:51A4H         LINE#         70
  -------         ENDPROC       _SPI_READTIME
  -------         PROC          _SPI_WRITETIME
  D:0002H         SYMBOL        val
  D:0005H         SYMBOL        addr
  C:50FFH         LINE#         71
  C:5101H         LINE#         72
  C:5101H         LINE#         74
  C:5103H         LINE#         75
  C:510AH         LINE#         76
  C:510FH         LINE#         77
  C:5114H         LINE#         78
  C:5116H         LINE#         79
  -------         ENDPROC       _SPI_WRITETIME
  -------         PROC          SPI_INIT
  C:000EH         LINE#         83
  C:000EH         LINE#         84
  C:000EH         LINE#         89
  C:0011H         LINE#         90
  C:0014H         LINE#         91
  C:0016H         LINE#         92
  C:0018H         LINE#         93
  C:001AH         LINE#         94
  -------         ENDPROC       SPI_INIT
  -------         PROC          _READ_TIME
  X:03F8H         SYMBOL        months
  X:03FBH         SYMBOL        days
  X:03FEH         SYMBOL        hours
  X:0401H         SYMBOL        mins
  X:0404H         SYMBOL        seconds
  C:4C30H         LINE#         96
  C:4C3BH         LINE#         97
  C:4C3BH         LINE#         99
  C:4C4FH         LINE#         101
  C:4C63H         LINE#         103
  C:4C77H         LINE#         108
BL51 BANKED LINKER/LOCATER V6.22                                                      05/23/2019  11:27:19  PAGE 16


  C:4C8BH         LINE#         113
  -------         ENDPROC       _READ_TIME
  -------         PROC          _BCDTODEC
  D:0007H         SYMBOL        bcd
  -------         DO            
  D:0006H         SYMBOL        hi
  D:0007H         SYMBOL        lo
  -------         ENDDO         
  C:51A5H         LINE#         119
  C:51A5H         LINE#         120
  C:51A5H         LINE#         122
  C:51AAH         LINE#         123
  C:51AEH         LINE#         124
  C:51B5H         LINE#         125
  -------         ENDPROC       _BCDTODEC
  -------         PROC          _DAY_OF_YEAR
  D:0007H         SYMBOL        months_bcd
  D:0005H         SYMBOL        days_bcd
  -------         DO            
  D:0004H         SYMBOL        months
  D:0007H         SYMBOL        days
  -------         ENDDO         
  C:4ABDH         LINE#         126
  C:4ABDH         LINE#         127
  C:4ABDH         LINE#         130
  C:4AC2H         LINE#         132
  C:4AC7H         LINE#         134
  C:4B00H         LINE#         135
  C:4B00H         LINE#         136
  C:4B00H         LINE#         137
  C:4B03H         LINE#         138
  C:4B03H         LINE#         139
  C:4B03H         LINE#         140
  C:4B08H         LINE#         141
  C:4B08H         LINE#         142
  C:4B08H         LINE#         143
  C:4B0DH         LINE#         144
  C:4B0DH         LINE#         145
  C:4B0DH         LINE#         146
  C:4B12H         LINE#         147
  C:4B12H         LINE#         148
  C:4B12H         LINE#         149
  C:4B17H         LINE#         150
  C:4B17H         LINE#         151
  C:4B17H         LINE#         152
  C:4B1CH         LINE#         153
  C:4B1CH         LINE#         154
  C:4B1CH         LINE#         155
  C:4B21H         LINE#         156
  C:4B21H         LINE#         157
  C:4B21H         LINE#         158
  C:4B26H         LINE#         159
  C:4B26H         LINE#         160
  C:4B26H         LINE#         161
  C:4B2EH         LINE#         162
  C:4B2EH         LINE#         163
  C:4B2EH         LINE#         164
BL51 BANKED LINKER/LOCATER V6.22                                                      05/23/2019  11:27:19  PAGE 17


  C:4B33H         LINE#         165
  C:4B33H         LINE#         166
  C:4B33H         LINE#         167
  C:4B38H         LINE#         168
  C:4B38H         LINE#         169
  C:4B38H         LINE#         170
  C:4B41H         LINE#         171
  C:4B41H         LINE#         172
  C:4B41H         LINE#         173
  C:4B44H         LINE#         174
  C:4B44H         LINE#         175
  -------         ENDPROC       _DAY_OF_YEAR
  -------         ENDMOD        PCF85063BTL

  -------         MODULE        LCD_DRIVER_SPLC780D
  C:0000H         SYMBOL        _ICE_DUMMY_
  D:0092H         PUBLIC        P1M0
  D:0091H         PUBLIC        P1M1
  D:0080H         PUBLIC        P0
  D:0090H         PUBLIC        P1
  D:00A0H         PUBLIC        P2
  D:00B0H         PUBLIC        P3
  D:00C0H         PUBLIC        P4
  D:00C8H         PUBLIC        P5
  D:00E8H         PUBLIC        P6
  D:00F8H         PUBLIC        P7
  C:4B49H         PUBLIC        _WriteData
  D:00A8H         PUBLIC        IE
  D:00B8H         PUBLIC        IP
  D:00D8H         PUBLIC        CCON
  B:00B0H.4       PUBLIC        LCD_D4
  B:00B0H.5       PUBLIC        LCD_D5
  B:00B0H.6       PUBLIC        LCD_D6
  C:50ADH         PUBLIC        _DisplayLCD
  B:00B0H.7       PUBLIC        LCD_D7
  D:0098H         PUBLIC        SCON
  D:0088H         PUBLIC        TCON
  C:5180H         PUBLIC        _abs
  C:51F7H         PUBLIC        LCD_clear
  C:4E2AH         PUBLIC        _Command
  C:512DH         PUBLIC        _Display_Line
  C:4CF9H         PUBLIC        LCD_Init
  C:5010H         PUBLIC        _Wait_ms
  B:00C0H.0       PUBLIC        LCD_RS
  B:0090H.3       PUBLIC        LCD_RW
  C:51EDH         PUBLIC        LCD_return_home
  C:3E3FH         PUBLIC        _Display_Pos
  B:00B0H.3       PUBLIC        LCD_E
  D:00D0H         PUBLIC        PSW
  -------         PROC          LCD_INIT
  C:4CF9H         LINE#         9
  C:4CF9H         LINE#         10
  C:4CF9H         LINE#         11
  C:4CFCH         LINE#         12
  C:4CFFH         LINE#         14
  C:4D05H         LINE#         15
  C:4D0AH         LINE#         17
BL51 BANKED LINKER/LOCATER V6.22                                                      05/23/2019  11:27:19  PAGE 18


  C:4D11H         LINE#         18
  C:4D16H         LINE#         20
  C:4D19H         LINE#         21
  C:4D1EH         LINE#         23
  C:4D21H         LINE#         24
  C:4D26H         LINE#         26
  C:4D2DH         LINE#         29
  C:4D32H         LINE#         30
  C:4D37H         LINE#         32
  C:4D3CH         LINE#         33
  C:4D41H         LINE#         35
  C:4D46H         LINE#         36
  C:4D4BH         LINE#         37
  -------         ENDPROC       LCD_INIT
  C:4B45H         SYMBOL        L?0038
  -------         PROC          L?0037
  -------         ENDPROC       L?0037
  C:4B45H         SYMBOL        L?0038
  -------         PROC          _WRITEDATA
  X:04E2H         SYMBOL        dat
  C:4B49H         LINE#         40
  C:4B4EH         LINE#         41
  C:4B4EH         LINE#         46
  C:4B50H         LINE#         47
  C:4B52H         LINE#         49
  C:4B60H         LINE#         50
  C:4B6CH         LINE#         51
  C:4B78H         LINE#         52
  C:4B82H         LINE#         53
  C:4B84H         LINE#         54
  C:4B8BH         LINE#         55
  C:4B8DH         LINE#         57
  C:4B9DH         LINE#         58
  C:4BA8H         LINE#         59
  C:4BB2H         LINE#         60
  C:4BB6H         LINE#         62
  C:4BB6H         LINE#         63
  C:4BB9H         LINE#         64
  C:4BBBH         LINE#         65
  C:4BBDH         LINE#         67
  -------         ENDPROC       _WRITEDATA
  -------         PROC          _COMMAND
  D:0007H         SYMBOL        dat
  C:4E2AH         LINE#         69
  C:4E2AH         LINE#         70
  C:4E2AH         LINE#         71
  C:4E2CH         LINE#         72
  C:4E2EH         LINE#         74
  C:4E38H         LINE#         75
  C:4E3CH         LINE#         77
  C:4E3EH         LINE#         78
  C:4E47H         LINE#         79
  C:4E4BH         LINE#         81
  C:4E4DH         LINE#         82
  C:4E54H         LINE#         83
  C:4E58H         LINE#         85
  C:4E5AH         LINE#         86
BL51 BANKED LINKER/LOCATER V6.22                                                      05/23/2019  11:27:19  PAGE 19


  C:4E5EH         LINE#         87
  C:4E62H         LINE#         89
  C:4E64H         LINE#         90
  C:4E64H         LINE#         91
  C:4E67H         LINE#         92
  C:4E69H         LINE#         93
  -------         ENDPROC       _COMMAND
  C:500CH         SYMBOL        L?0040
  -------         PROC          L?0039
  -------         ENDPROC       L?0039
  C:500CH         SYMBOL        L?0040
  -------         PROC          _WAIT_MS
  D:0006H         SYMBOL        ms
  -------         DO            
  D:0004H         SYMBOL        De_Cnt
  -------         ENDDO         
  C:5010H         LINE#         95
  C:5010H         LINE#         96
  C:5010H         LINE#         98
  C:501AH         LINE#         99
  C:501AH         LINE#         100
  C:502DH         LINE#         101
  C:502DH         LINE#         102
  -------         ENDPROC       _WAIT_MS
  -------         PROC          _DISPLAYLCD
  D:0007H         SYMBOL        BCD
  -------         DO            
  D:0006H         SYMBOL        first_digit
  X:03F8H         SYMBOL        second_digit
  -------         ENDDO         
  C:50ADH         LINE#         103
  C:50ADH         LINE#         104
  C:50ADH         LINE#         106
  C:50B4H         LINE#         107
  C:50BDH         LINE#         109
  C:50C2H         LINE#         111
  -------         ENDPROC       _DISPLAYLCD
  -------         PROC          LCD_RETURN_HOME
  C:51EDH         LINE#         115
  C:51EDH         LINE#         116
  C:51EDH         LINE#         117
  C:51F2H         LINE#         118
  -------         ENDPROC       LCD_RETURN_HOME
  -------         PROC          LCD_CLEAR
  C:51F7H         LINE#         121
  C:51F7H         LINE#         122
  C:51F7H         LINE#         123
  C:51FCH         LINE#         124
  -------         ENDPROC       LCD_CLEAR
  -------         PROC          _DISPLAY_LINE
  D:0006H         SYMBOL        line
  C:512DH         LINE#         128
  C:512DH         LINE#         129
  C:512DH         LINE#         130
  C:5133H         LINE#         131
  C:5133H         LINE#         132
  C:5135H         LINE#         133
BL51 BANKED LINKER/LOCATER V6.22                                                      05/23/2019  11:27:19  PAGE 20


  C:5135H         LINE#         134
  C:5137H         LINE#         136
  C:5137H         LINE#         137
  C:513CH         LINE#         138
  C:5141H         LINE#         139
  C:5141H         LINE#         140
  -------         ENDPROC       _DISPLAY_LINE
  -------         PROC          _DISPLAY_POS
  X:04D7H         SYMBOL        sign_dat
  -------         DO            
  X:04DBH         SYMBOL        unit
  X:04DCH         SYMBOL        ten
  X:04DDH         SYMBOL        hundred
  X:04DEH         SYMBOL        thousand
  X:04DFH         SYMBOL        after_dot
  X:04E0H         SYMBOL        dat
  -------         ENDDO         
  C:3E3FH         LINE#         142
  C:3E45H         LINE#         143
  C:3E45H         LINE#         147
  C:3E61H         LINE#         148
  C:3E7BH         LINE#         149
  C:3E9FH         LINE#         151
  C:3EE9H         LINE#         153
  C:3F00H         LINE#         154
  C:3F12H         LINE#         155
  C:3F37H         LINE#         156
  C:3F51H         LINE#         157
  C:3F69H         LINE#         158
  C:3F69H         LINE#         159
  C:3F69H         LINE#         160
  C:3F69H         LINE#         161
  C:3F69H         LINE#         162
  C:3F69H         LINE#         163
  C:3F69H         LINE#         164
  C:3F69H         LINE#         168
  C:3F6BH         LINE#         170
  C:3F6BH         LINE#         172
  C:3F70H         LINE#         173
  C:3F76H         LINE#         174
  C:3F7CH         LINE#         175
  C:3F82H         LINE#         176
  C:3F88H         LINE#         177
  C:3F8DH         LINE#         178
  C:3F93H         LINE#         182
  C:3F93H         LINE#         184
  -------         ENDPROC       _DISPLAY_POS
  -------         PROC          _ABS
  D:0006H         SYMBOL        dat
  C:5180H         LINE#         186
  C:5180H         LINE#         187
  C:5180H         LINE#         188
  C:518BH         LINE#         189
  C:518CH         LINE#         191
  C:5193H         LINE#         192
  -------         ENDPROC       _ABS
  -------         ENDMOD        LCD_DRIVER_SPLC780D
BL51 BANKED LINKER/LOCATER V6.22                                                      05/23/2019  11:27:19  PAGE 21



  -------         MODULE        KEYPAD
  C:0000H         SYMBOL        _ICE_DUMMY_
  D:0093H         PUBLIC        P0M1
  D:0080H         PUBLIC        P0
  D:0090H         PUBLIC        P1
  D:00A0H         PUBLIC        P2
  D:00B0H         PUBLIC        P3
  D:00C0H         PUBLIC        P4
  D:00C8H         PUBLIC        P5
  D:00E8H         PUBLIC        P6
  D:00F8H         PUBLIC        P7
  D:00A8H         PUBLIC        IE
  C:383BH         PUBLIC        Key_Scan
  D:00B8H         PUBLIC        IP
  D:00D8H         PUBLIC        CCON
  C:51E1H         PUBLIC        KeyPad_IO_Init
  C:508FH         PUBLIC        _Delay_ms
  D:0098H         PUBLIC        SCON
  D:0088H         PUBLIC        TCON
  X:05F3H         PUBLIC        small_move
  X:05F5H         PUBLIC        move
  X:05F7H         PUBLIC        auto_mode
  X:05F9H         PUBLIC        direction
  X:05FBH         PUBLIC        SPI_NOR_ClearEnable
  C:2F68H         PUBLIC        Key_Process
  D:00D0H         PUBLIC        PSW
  D:0094H         PUBLIC        P0M0
  -------         PROC          _DELAY_MS
  D:0006H         SYMBOL        ms
  -------         DO            
  D:0004H         SYMBOL        De_Cnt
  -------         ENDDO         
  C:508FH         LINE#         20
  C:508FH         LINE#         21
  C:508FH         LINE#         23
  C:5099H         LINE#         24
  C:5099H         LINE#         25
  C:50ACH         LINE#         26
  C:50ACH         LINE#         27
  -------         ENDPROC       _DELAY_MS
  -------         PROC          KEY_SCAN
  -------         DO            
  X:03FEH         SYMBOL        KeyTemp1
  X:03FFH         SYMBOL        KeyTemp2
  X:0400H         SYMBOL        KeyValue
  -------         ENDDO         
  C:383BH         LINE#         28
  C:383BH         LINE#         29
  C:383BH         LINE#         34
  C:383EH         LINE#         37
  C:3841H         LINE#         39
  C:3849H         LINE#         40
  C:3850H         LINE#         41
  C:3850H         LINE#         43
  C:3855H         LINE#         44
  C:385CH         LINE#         45
BL51 BANKED LINKER/LOCATER V6.22                                                      05/23/2019  11:27:19  PAGE 22


  C:385CH         LINE#         48
  C:385FH         LINE#         49
  C:3862H         LINE#         50
  C:3867H         LINE#         51
  C:386BH         LINE#         52
  C:386BH         LINE#         53
  C:3873H         LINE#         54
  C:3873H         LINE#         55
  C:3876H         LINE#         56
  C:387EH         LINE#         57
  C:3880H         LINE#         59
  C:3894H         LINE#         60
  C:3894H         LINE#         61
  C:3894H         LINE#         62
  C:3894H         LINE#         63
  C:389AH         LINE#         65
  C:389CH         LINE#         66
  C:389CH         LINE#         67
  C:389CH         LINE#         68
  C:38A2H         LINE#         70
  C:38A4H         LINE#         71
  C:38A4H         LINE#         72
  C:38A4H         LINE#         73
  C:38AAH         LINE#         75
  C:38ACH         LINE#         76
  C:38ACH         LINE#         77
  C:38ACH         LINE#         78
  C:38B2H         LINE#         80
  C:38B2H         LINE#         81
  C:38B2H         LINE#         82
  C:38B2H         LINE#         85
  C:38B5H         LINE#         86
  C:38B8H         LINE#         87
  C:38C0H         LINE#         88
  C:38C4H         LINE#         89
  C:38C4H         LINE#         90
  C:38CCH         LINE#         91
  C:38CCH         LINE#         92
  C:38CFH         LINE#         93
  C:38D7H         LINE#         94
  C:38D9H         LINE#         95
  C:38EDH         LINE#         96
  C:38EDH         LINE#         97
  C:38EDH         LINE#         98
  C:38EDH         LINE#         99
  C:38F3H         LINE#         101
  C:38F5H         LINE#         102
  C:38F5H         LINE#         103
  C:38F5H         LINE#         104
  C:38FBH         LINE#         106
  C:38FDH         LINE#         107
  C:38FDH         LINE#         108
  C:38FDH         LINE#         109
  C:3903H         LINE#         111
  C:3905H         LINE#         112
  C:3905H         LINE#         113
  C:3905H         LINE#         114
BL51 BANKED LINKER/LOCATER V6.22                                                      05/23/2019  11:27:19  PAGE 23


  C:390AH         LINE#         116
  C:390AH         LINE#         117
  C:390AH         LINE#         118
  C:390AH         LINE#         121
  C:390DH         LINE#         122
  C:3910H         LINE#         123
  C:3918H         LINE#         124
  C:391CH         LINE#         125
  C:391CH         LINE#         126
  C:3924H         LINE#         127
  C:3924H         LINE#         128
  C:3927H         LINE#         129
  C:392FH         LINE#         130
  C:3931H         LINE#         131
  C:3945H         LINE#         132
  C:3945H         LINE#         133
  C:3945H         LINE#         134
  C:3945H         LINE#         135
  C:394BH         LINE#         137
  C:394DH         LINE#         138
  C:394DH         LINE#         139
  C:394DH         LINE#         140
  C:3953H         LINE#         142
  C:3955H         LINE#         143
  C:3955H         LINE#         144
  C:3955H         LINE#         145
  C:395BH         LINE#         147
  C:395DH         LINE#         148
  C:395DH         LINE#         149
  C:395DH         LINE#         150
  C:3963H         LINE#         152
  C:3963H         LINE#         153
  C:3963H         LINE#         154
  C:3963H         LINE#         158
  C:3966H         LINE#         159
  C:3969H         LINE#         160
  C:3971H         LINE#         161
  C:3975H         LINE#         162
  C:3975H         LINE#         163
  C:397DH         LINE#         164
  C:397DH         LINE#         165
  C:3980H         LINE#         166
  C:3988H         LINE#         167
  C:398AH         LINE#         168
  C:399EH         LINE#         169
  C:399EH         LINE#         170
  C:399EH         LINE#         171
  C:399EH         LINE#         172
  C:39A4H         LINE#         174
  C:39A6H         LINE#         175
  C:39A6H         LINE#         176
  C:39A6H         LINE#         177
  C:39ACH         LINE#         179
  C:39AEH         LINE#         180
  C:39AEH         LINE#         181
  C:39AEH         LINE#         182
  C:39B4H         LINE#         184
BL51 BANKED LINKER/LOCATER V6.22                                                      05/23/2019  11:27:19  PAGE 24


  C:39B6H         LINE#         185
  C:39B6H         LINE#         186
  C:39B6H         LINE#         187
  C:39BCH         LINE#         189
  C:39BCH         LINE#         190
  C:39BCH         LINE#         191
  C:39BCH         LINE#         193
  C:39C2H         LINE#         194
  C:39C2H         LINE#         196
  C:39C2H         LINE#         197
  C:39C5H         LINE#         198
  C:39C5H         LINE#         199
  C:39C5H         LINE#         201
  C:39C5H         LINE#         202
  C:39C7H         LINE#         203
  C:39C7H         LINE#         204
  -------         ENDPROC       KEY_SCAN
  -------         PROC          KEY_PROCESS
  -------         DO            
  X:05E4H         SYMBOL        KeyCount
  X:05E5H         SYMBOL        KeyNum_Old
  X:05E7H         SYMBOL        KeyNum
  X:05E9H         SYMBOL        PressedKey
  X:03F8H         SYMBOL        d
  D:0002H         SYMBOL        hours
  D:0006H         SYMBOL        mins
  X:03FAH         SYMBOL        months
  X:03FCH         SYMBOL        days
  -------         ENDDO         
  C:2F68H         LINE#         205
  C:2F68H         LINE#         206
  C:2F68H         LINE#         210
  C:2F77H         LINE#         211
  C:2F84H         LINE#         213
  C:2F88H         LINE#         214
  C:2F88H         LINE#         215
  C:2F8EH         LINE#         217
  C:2F8EH         LINE#         218
  C:2FA5H         LINE#         219
  C:2FA5H         LINE#         220
  C:2FAFH         LINE#         221
  C:2FB5H         LINE#         223
  C:2FBBH         LINE#         225
  C:2FBBH         LINE#         226
  C:2FD2H         LINE#         227
  C:2FD2H         LINE#         228
  C:2FD7H         LINE#         230
  C:2FD7H         LINE#         231
  C:2FE7H         LINE#         232
  C:2FE7H         LINE#         233
  C:2FEDH         LINE#         235
  C:2FEDH         LINE#         236
  C:2FFFH         LINE#         237
  C:2FFFH         LINE#         238
  C:3009H         LINE#         239
  C:3011H         LINE#         241
  C:301AH         LINE#         243
BL51 BANKED LINKER/LOCATER V6.22                                                      05/23/2019  11:27:19  PAGE 25


  C:301AH         LINE#         252
  C:3039H         LINE#         253
  C:3039H         LINE#         254
  C:3058H         LINE#         255
  C:305EH         LINE#         256
  C:3066H         LINE#         257
  C:3066H         LINE#         259
  C:3067H         LINE#         265
  C:3073H         LINE#         266
  C:3073H         LINE#         267
  C:3090H         LINE#         268
  C:30A7H         LINE#         269
  C:30BEH         LINE#         270
  C:30BEH         LINE#         271
  C:30D1H         LINE#         272
  C:30E4H         LINE#         273
  C:30E4H         LINE#         274
  C:30E4H         LINE#         275
  C:30E7H         LINE#         280
  C:30F6H         LINE#         281
  C:30F6H         LINE#         282
  C:3119H         LINE#         283
  C:3136H         LINE#         284
  C:313FH         LINE#         285
  C:313FH         LINE#         286
  C:3146H         LINE#         287
  C:3146H         LINE#         288
  C:3157H         LINE#         289
  C:3157H         LINE#         290
  C:3166H         LINE#         291
  C:3166H         LINE#         292
  C:3166H         LINE#         293
  C:3169H         LINE#         295
  C:3169H         LINE#         296
  C:3175H         LINE#         297
  C:3175H         LINE#         298
  C:3187H         LINE#         299
  C:3187H         LINE#         300
  C:3197H         LINE#         301
  C:3197H         LINE#         302
  C:3197H         LINE#         304
  C:3199H         LINE#         306
  C:3199H         LINE#         307
  C:31A8H         LINE#         308
  C:31A8H         LINE#         309
  C:31B8H         LINE#         310
  C:31B8H         LINE#         311
  C:31B8H         LINE#         313
  C:31B8H         LINE#         315
  C:31B8H         LINE#         316
  C:31BAH         LINE#         318
  C:31BAH         LINE#         319
  C:31C1H         LINE#         320
  C:31C1H         LINE#         321
  C:31D0H         LINE#         322
  C:31D0H         LINE#         323
  C:31E0H         LINE#         324
BL51 BANKED LINKER/LOCATER V6.22                                                      05/23/2019  11:27:19  PAGE 26


  C:31E0H         LINE#         325
  C:31E0H         LINE#         326
  C:31E2H         LINE#         328
  C:31E2H         LINE#         329
  C:31F1H         LINE#         330
  C:31F1H         LINE#         331
  C:3204H         LINE#         332
  C:3217H         LINE#         333
  C:3217H         LINE#         334
  C:3217H         LINE#         335
  C:3217H         LINE#         336
  C:3220H         LINE#         338
  C:3220H         LINE#         340
  C:325AH         LINE#         341
  C:325AH         LINE#         342
  C:3261H         LINE#         343
  C:3261H         LINE#         344
  C:326BH         LINE#         345
  C:326BH         LINE#         346
  C:326EH         LINE#         347
  C:3273H         LINE#         348
  C:3278H         LINE#         349
  C:327DH         LINE#         350
  C:3282H         LINE#         351
  C:3287H         LINE#         352
  C:328CH         LINE#         353
  C:3291H         LINE#         354
  C:3291H         LINE#         355
  C:3291H         LINE#         357
  C:32AFH         LINE#         358
  C:32AFH         LINE#         359
  C:32B6H         LINE#         360
  C:32B6H         LINE#         361
  C:32BBH         LINE#         362
  C:32C4H         LINE#         363
  C:32E3H         LINE#         364
  C:32E3H         LINE#         365
  C:32F3H         LINE#         367
  C:32F3H         LINE#         371
  -------         ENDPROC       KEY_PROCESS
  -------         PROC          KEYPAD_IO_INIT
  C:51E1H         LINE#         374
  C:51E1H         LINE#         375
  C:51E1H         LINE#         376
  C:51E4H         LINE#         377
  C:51E7H         LINE#         378
  C:51EAH         LINE#         379
  C:51ECH         LINE#         380
  -------         ENDPROC       KEYPAD_IO_INIT
  -------         ENDMOD        KEYPAD

  -------         MODULE        BIPOLARMOTOR
  C:0000H         SYMBOL        _ICE_DUMMY_
  X:0000H         PUBLIC        UTC_time
  D:0080H         PUBLIC        P0
  D:0090H         PUBLIC        P1
  X:0004H         PUBLIC        RX_pos_test
BL51 BANKED LINKER/LOCATER V6.22                                                      05/23/2019  11:27:19  PAGE 27


  D:00A0H         PUBLIC        P2
  D:00B0H         PUBLIC        P3
  D:00C0H         PUBLIC        P4
  D:00C8H         PUBLIC        P5
  D:00E8H         PUBLIC        P6
  D:00F8H         PUBLIC        P7
  X:00A4H         PUBLIC        low_date_azimuth_mapping
  D:00A8H         PUBLIC        IE
  C:4509H         PUBLIC        linear_interpolate
  X:00CCH         PUBLIC        declination
  C:4F96H         PUBLIC        _Move
  D:00B8H         PUBLIC        IP
  X:00D0H         PUBLIC        time_offset
  D:00D8H         PUBLIC        CCON
  X:00D4H         PUBLIC        previous_move_time
  X:00D5H         PUBLIC        time
  D:0098H         PUBLIC        SCON
  D:0088H         PUBLIC        TCON
  C:4E6AH         PUBLIC        _Step_move
  X:00E7H         PUBLIC        dat
  X:00EDH         PUBLIC        current_local_sun_time
  C:1B3EH         PUBLIC        _Update_position
  C:32F4H         PUBLIC        _elevation_calculation
  X:00F1H         PUBLIC        sunCoord
  C:4D52H         PUBLIC        vOneStepMove
  X:00F4H         PUBLIC        elevation_stamp
  X:0130H         PUBLIC        date_azimuth_mapping
  X:0158H         PUBLIC        location
  X:0160H         PUBLIC        RX_pos
  C:5142H         PUBLIC        vSetLocation
  C:50D4H         PUBLIC        _BCDtoDec1
  X:03B8H         PUBLIC        degree
  C:217AH         PUBLIC        _TheoricalJP_Position
  D:00D0H         PUBLIC        PSW
  -------         PROC          VSETLOCATION
  C:5142H         LINE#         44
  C:5142H         LINE#         45
  C:5142H         LINE#         46
  C:514CH         LINE#         47
  C:5156H         LINE#         48
  -------         ENDPROC       VSETLOCATION
  C:50D0H         SYMBOL        L?0060
  -------         PROC          L?0059
  -------         ENDPROC       L?0059
  C:50D0H         SYMBOL        L?0060
  -------         PROC          _BCDTODEC1
  D:0007H         SYMBOL        bcd
  -------         DO            
  D:0006H         SYMBOL        hi
  D:0007H         SYMBOL        lo
  -------         ENDDO         
  C:50D4H         LINE#         49
  C:50D4H         LINE#         50
  C:50D4H         LINE#         52
  C:50D9H         LINE#         53
  C:50DDH         LINE#         54
  C:50E4H         LINE#         55
BL51 BANKED LINKER/LOCATER V6.22                                                      05/23/2019  11:27:19  PAGE 28


  -------         ENDPROC       _BCDTODEC1
  -------         PROC          VONESTEPMOVE
  B:0020H.3       SYMBOL        bDir
  C:4D52H         LINE#         59
  C:4D52H         LINE#         60
  C:4D52H         LINE#         62
  C:4D58H         LINE#         63
  C:4D58H         LINE#         64
  C:4D5BH         LINE#         65
  C:4D64H         LINE#         66
  C:4D6BH         LINE#         67
  C:4D70H         LINE#         68
  C:4D70H         LINE#         69
  C:4D70H         LINE#         71
  C:4D72H         LINE#         74
  C:4D72H         LINE#         75
  C:4D75H         LINE#         76
  C:4D7EH         LINE#         77
  C:4D85H         LINE#         78
  C:4D8BH         LINE#         79
  C:4D94H         LINE#         80
  C:4D9BH         LINE#         81
  C:4D9BH         LINE#         85
  -------         ENDPROC       VONESTEPMOVE
  -------         PROC          _STEP_MOVE
  X:04DBH         SYMBOL        step
  B:0020H.2       SYMBOL        dir
  -------         DO            
  X:04DDH         SYMBOL        i
  -------         ENDDO         
  C:4E6AH         LINE#         87
  C:4E72H         LINE#         88
  C:4E72H         LINE#         90
  C:4E77H         LINE#         93
  C:4E92H         LINE#         94
  C:4E92H         LINE#         95
  C:4E99H         LINE#         97
  C:4EA9H         LINE#         99
  -------         ENDPROC       _STEP_MOVE
  -------         PROC          _MOVE
  X:04D7H         SYMBOL        distance
  B:0020H.1       SYMBOL        direction
  -------         DO            
  D:0006H         SYMBOL        step
  -------         ENDDO         
  C:4F96H         LINE#         101
  C:4F9CH         LINE#         102
  C:4F9CH         LINE#         105
  C:4FB7H         LINE#         106
  -------         ENDPROC       _MOVE
  C:44F8H         SYMBOL        L?0058
  -------         PROC          L?0057
  -------         ENDPROC       L?0057
  C:44F8H         SYMBOL        L?0058
  -------         PROC          LINEAR_INTERPOLATE
  X:049EH         SYMBOL        p1
  X:04A6H         SYMBOL        p2
BL51 BANKED LINKER/LOCATER V6.22                                                      05/23/2019  11:27:19  PAGE 29


  X:04AEH         SYMBOL        x
  -------         DO            
  D:0004H         SYMBOL        fx
  -------         ENDDO         
  C:4509H         LINE#         139
  C:4509H         LINE#         140
  C:4509H         LINE#         143
  C:45A8H         LINE#         145
  C:45A8H         LINE#         146
  -------         ENDPROC       LINEAR_INTERPOLATE
  -------         PROC          _THEORICALJP_POSITION
  X:0442H         SYMBOL        azimuth
  X:0446H         SYMBOL        elevation
  -------         DO            
  X:044AH         SYMBOL        pos_interpolate_azimuth
  X:0486H         SYMBOL        JP_pos
  X:048AH         SYMBOL        i
  X:048CH         SYMBOL        yy
  X:048EH         SYMBOL        p1
  X:0496H         SYMBOL        p2
  -------         ENDDO         
  C:217AH         LINE#         149
  C:2180H         LINE#         150
  C:2180H         LINE#         152
  C:218AH         LINE#         155
  C:21A6H         LINE#         156
  C:21A6H         LINE#         157
  C:2216H         LINE#         158
  C:2216H         LINE#         159
  C:221DH         LINE#         160
  C:221DH         LINE#         161
  C:224AH         LINE#         162
  C:2265H         LINE#         164
  C:22ACH         LINE#         165
  C:22E0H         LINE#         167
  C:2326H         LINE#         168
  C:234BH         LINE#         170
  C:234BH         LINE#         172
  C:23C1H         LINE#         173
  C:23C1H         LINE#         174
  C:23C8H         LINE#         175
  C:23C8H         LINE#         176
  C:23F5H         LINE#         177
  C:2410H         LINE#         179
  C:2457H         LINE#         180
  C:248BH         LINE#         182
  C:24D1H         LINE#         183
  C:24F3H         LINE#         185
  C:24F3H         LINE#         186
  C:2507H         LINE#         189
  C:2523H         LINE#         190
  C:2523H         LINE#         191
  C:2593H         LINE#         192
  C:2593H         LINE#         193
  C:25C0H         LINE#         194
  C:25DBH         LINE#         196
  C:2608H         LINE#         197
BL51 BANKED LINKER/LOCATER V6.22                                                      05/23/2019  11:27:19  PAGE 30


  C:2623H         LINE#         199
  C:2655H         LINE#         202
  C:2655H         LINE#         204
  C:2666H         LINE#         205
  C:2674H         LINE#         207
  -------         ENDPROC       _THEORICALJP_POSITION
  -------         PROC          _UPDATE_POSITION
  D:0001H         SYMBOL        mnths
  D:0002H         SYMBOL        dys
  X:041EH         SYMBOL        hurs
  X:041FH         SYMBOL        mns
  X:0420H         SYMBOL        sconds
  X:0421H         SYMBOL        currnt_pos
  X:0424H         SYMBOL        offset_calib
  -------         DO            
  X:0428H         SYMBOL        date
  X:042AH         SYMBOL        i
  X:042CH         SYMBOL        yy
  X:042EH         SYMBOL        desired_distance
  X:0432H         SYMBOL        distance
  X:0436H         SYMBOL        JP_pos
  X:043AH         SYMBOL        elevation
  X:043EH         SYMBOL        azimuth
  -------         ENDDO         
  C:1B3EH         LINE#         210
  C:1B47H         LINE#         213
  C:1B47H         LINE#         214
  C:1B52H         LINE#         216
  C:1B6EH         LINE#         223
  C:1B78H         LINE#         224
  C:1B83H         LINE#         225
  C:1B8EH         LINE#         226
  C:1BA7H         LINE#         227
  C:1BB8H         LINE#         228
  C:1BC7H         LINE#         231
  C:1BDBH         LINE#         235
  C:1C2DH         LINE#         236
  C:1D91H         LINE#         237
  C:1DE1H         LINE#         240
  C:1F09H         LINE#         243
  C:1FD8H         LINE#         250
  C:201FH         LINE#         251
  C:201FH         LINE#         253
  C:204AH         LINE#         254
  C:2079H         LINE#         256
  C:209EH         LINE#         257
  C:2103H         LINE#         258
  C:2103H         LINE#         259
  C:211DH         LINE#         260
  C:212FH         LINE#         261
  C:2147H         LINE#         262
  C:215DH         LINE#         264
  C:2179H         LINE#         265
  C:2179H         LINE#         266
  C:2179H         LINE#         269
  -------         ENDPROC       _UPDATE_POSITION
  -------         PROC          _ELEVATION_CALCULATION
BL51 BANKED LINKER/LOCATER V6.22                                                      05/23/2019  11:27:19  PAGE 31


  D:0007H         SYMBOL        mnths
  D:0005H         SYMBOL        dys
  X:03FAH         SYMBOL        hurs
  X:03FBH         SYMBOL        mns
  X:03FCH         SYMBOL        sconds
  C:32F4H         LINE#         271
  C:32F9H         LINE#         273
  C:32F9H         LINE#         274
  C:3303H         LINE#         275
  C:330CH         LINE#         276
  C:3317H         LINE#         277
  C:3330H         LINE#         278
  C:3344H         LINE#         279
  C:3356H         LINE#         283
  C:33A8H         LINE#         284
  C:350CH         LINE#         285
  C:355CH         LINE#         287
  C:3673H         LINE#         289
  -------         ENDPROC       _ELEVATION_CALCULATION
  -------         ENDMOD        BIPOLARMOTOR

  -------         MODULE        SUNPOS
  C:0000H         SYMBOL        _ICE_DUMMY_
  C:139CH         PUBLIC        sunpos
  -------         PROC          SUNPOS
  X:0442H         SYMBOL        udtTime
  X:0454H         SYMBOL        udtLocation
  X:045CH         SYMBOL        udtSunCoordinates
  -------         DO            
  X:045FH         SYMBOL        dElapsedJulianDays
  X:0463H         SYMBOL        dDecimalHours
  X:0467H         SYMBOL        dEclipticLongitude
  X:046BH         SYMBOL        dEclipticObliquity
  X:046FH         SYMBOL        dRightAscension
  X:0473H         SYMBOL        dDeclination
  X:0477H         SYMBOL        dY
  X:047BH         SYMBOL        dX
  -------         DO            
  X:047FH         SYMBOL        dJulianDate
  X:0483H         SYMBOL        liAux1
  X:0487H         SYMBOL        liAux2
  X:047FH         SYMBOL        dMeanLongitude
  X:0483H         SYMBOL        dMeanAnomaly
  X:0487H         SYMBOL        dOmega
  X:047FH         SYMBOL        dSin_EclipticLongitude
  X:047FH         SYMBOL        dGreenwichMeanSiderealTime
  X:0483H         SYMBOL        dLocalMeanSiderealTime
  X:0487H         SYMBOL        dLatitudeInRadians
  X:048BH         SYMBOL        dHourAngle
  X:048FH         SYMBOL        dCos_Latitude
  X:0493H         SYMBOL        dSin_Latitude
  X:0497H         SYMBOL        dCos_HourAngle
  X:049BH         SYMBOL        dParallax
  -------         ENDDO         
  -------         DO            
  X:047FH         SYMBOL        dMeanLongitude
  X:0483H         SYMBOL        dMeanAnomaly
BL51 BANKED LINKER/LOCATER V6.22                                                      05/23/2019  11:27:19  PAGE 32


  X:0487H         SYMBOL        dOmega
  X:047FH         SYMBOL        dSin_EclipticLongitude
  X:047FH         SYMBOL        dGreenwichMeanSiderealTime
  X:0483H         SYMBOL        dLocalMeanSiderealTime
  X:0487H         SYMBOL        dLatitudeInRadians
  X:048BH         SYMBOL        dHourAngle
  X:048FH         SYMBOL        dCos_Latitude
  X:0493H         SYMBOL        dSin_Latitude
  X:0497H         SYMBOL        dCos_HourAngle
  X:049BH         SYMBOL        dParallax
  -------         ENDDO         
  -------         DO            
  X:047FH         SYMBOL        dSin_EclipticLongitude
  X:047FH         SYMBOL        dGreenwichMeanSiderealTime
  X:0483H         SYMBOL        dLocalMeanSiderealTime
  X:0487H         SYMBOL        dLatitudeInRadians
  X:048BH         SYMBOL        dHourAngle
  X:048FH         SYMBOL        dCos_Latitude
  X:0493H         SYMBOL        dSin_Latitude
  X:0497H         SYMBOL        dCos_HourAngle
  X:049BH         SYMBOL        dParallax
  -------         ENDDO         
  -------         DO            
  X:047FH         SYMBOL        dGreenwichMeanSiderealTime
  X:0483H         SYMBOL        dLocalMeanSiderealTime
  X:0487H         SYMBOL        dLatitudeInRadians
  X:048BH         SYMBOL        dHourAngle
  X:048FH         SYMBOL        dCos_Latitude
  X:0493H         SYMBOL        dSin_Latitude
  X:0497H         SYMBOL        dCos_HourAngle
  X:049BH         SYMBOL        dParallax
  -------         ENDDO         
  -------         ENDDO         
  C:139CH         LINE#         6
  C:139CH         LINE#         7
  C:139CH         LINE#         9
  C:139CH         LINE#         27
  C:13E6H         LINE#         30
  C:1407H         LINE#         31
  C:154EH         LINE#         34
  C:159AH         LINE#         36
  C:15B9H         LINE#         37
  C:15B9H         LINE#         42
  C:15B9H         LINE#         46
  C:15EBH         LINE#         47
  C:1615H         LINE#         48
  C:163FH         LINE#         49
  C:16ECH         LINE#         52
  C:174DH         LINE#         54
  C:174DH         LINE#         59
  C:174DH         LINE#         61
  C:1764H         LINE#         62
  C:178CH         LINE#         63
  C:17A3H         LINE#         64
  C:17CEH         LINE#         65
  C:1805H         LINE#         66
  C:1830H         LINE#         67
BL51 BANKED LINKER/LOCATER V6.22                                                      05/23/2019  11:27:19  PAGE 33


  C:1830H         LINE#         70
  C:1830H         LINE#         79
  C:186BH         LINE#         82
  C:18A5H         LINE#         84
  C:18CAH         LINE#         85
  C:18E9H         LINE#         86
  C:1900H         LINE#         87
  C:1917H         LINE#         88
  C:192EH         LINE#         89
  C:19B7H         LINE#         91
  C:19D1H         LINE#         92
  C:1A33H         LINE#         93
  C:1A69H         LINE#         94
  C:1A7BH         LINE#         95
  C:1AA8H         LINE#         96
  C:1AD5H         LINE#         98
  C:1AF7H         LINE#         100
  C:1B2FH         LINE#         103
  C:1B2FH         LINE#         104
  C:1B3DH         LINE#         105
  -------         ENDPROC       SUNPOS
  -------         ENDMOD        SUNPOS

  -------         MODULE        ADC
  C:0000H         SYMBOL        _ICE_DUMMY_
  D:0092H         PUBLIC        P1M0
  D:0091H         PUBLIC        P1M1
  D:0080H         PUBLIC        P0
  D:0090H         PUBLIC        P1
  D:00A0H         PUBLIC        P2
  D:00B0H         PUBLIC        P3
  D:00C0H         PUBLIC        P4
  D:00C8H         PUBLIC        P5
  D:00E8H         PUBLIC        P6
  D:00F8H         PUBLIC        P7
  D:00A8H         PUBLIC        IE
  D:00BDH         PUBLIC        ADC_RES
  D:00B8H         PUBLIC        IP
  D:0097H         PUBLIC        CLK_DIV
  D:00D8H         PUBLIC        CCON
  D:00BCH         PUBLIC        ADC_CONTR
  D:0098H         PUBLIC        SCON
  D:0088H         PUBLIC        TCON
  B:00A0H.4       PUBLIC        P24
  B:00A0H.5       PUBLIC        P25
  B:00A0H.6       PUBLIC        P26
  C:50E5H         PUBLIC        ADC_Init
  C:4F6CH         PUBLIC        _ADC_GetResult
  D:009DH         PUBLIC        P1ASF
  D:00BEH         PUBLIC        ADC_RESL
  D:00D0H         PUBLIC        PSW
  -------         PROC          ADC_INIT
  C:50E5H         LINE#         7
  C:50E5H         LINE#         8
  C:50E5H         LINE#         10
  C:50E7H         LINE#         11
  C:50E9H         LINE#         12
BL51 BANKED LINKER/LOCATER V6.22                                                      05/23/2019  11:27:19  PAGE 34


  C:50EBH         LINE#         13
  C:50EEH         LINE#         14
  C:50F1H         LINE#         15
  C:50F4H         LINE#         16
  C:50F7H         LINE#         18
  C:50F9H         LINE#         19
  C:50FBH         LINE#         20
  C:50FEH         LINE#         24
  -------         ENDPROC       ADC_INIT
  -------         PROC          _ADC_GETRESULT
  D:0007H         SYMBOL        ch
  -------         DO            
  D:0006H         SYMBOL        ADC_Value_H
  D:0004H         SYMBOL        ADC_Value_L
  D:0006H         SYMBOL        ADC_Value
  -------         ENDDO         
  C:4F6CH         LINE#         27
  C:4F6CH         LINE#         28
  C:4F6CH         LINE#         30
  C:4F71H         LINE#         31
  C:4F72H         LINE#         32
  C:4F73H         LINE#         35
  C:4F78H         LINE#         36
  C:4F7BH         LINE#         37
  C:4F7FH         LINE#         38
  C:4F83H         LINE#         40
  C:4F95H         LINE#         41
  C:4F95H         LINE#         42
  -------         ENDPROC       _ADC_GETRESULT
  -------         ENDMOD        ADC

  -------         MODULE        CALIBRATION
  C:0000H         SYMBOL        _ICE_DUMMY_
  D:0080H         PUBLIC        P0
  D:0090H         PUBLIC        P1
  D:00A0H         PUBLIC        P2
  D:00B0H         PUBLIC        P3
  D:00C0H         PUBLIC        P4
  D:00C8H         PUBLIC        P5
  D:00E8H         PUBLIC        P6
  D:00F8H         PUBLIC        P7
  C:48FBH         PUBLIC        _Max_Value
  D:00A8H         PUBLIC        IE
  C:3674H         PUBLIC        _calibration
[...]
  C:430DH         LINE#         97
  C:430DH         LINE#         98
  C:430FH         LINE#         99
  C:4311H         LINE#         101
  C:4311H         LINE#         102
  C:4313H         LINE#         104
  C:4313H         LINE#         105
  C:4313H         LINE#         106
  C:4313H         LINE#         107
  C:4316H         LINE#         108
  C:431AH         LINE#         111
  C:4339H         LINE#         113
  C:4340H         LINE#         114
  C:4340H         LINE#         115
  C:4342H         LINE#         116
  C:4345H         LINE#         117
  C:4361H         LINE#         118
  C:4361H         LINE#         119
  C:4363H         LINE#         120
  C:4365H         LINE#         122
  C:4365H         LINE#         123
  C:4367H         LINE#         125
  C:4367H         LINE#         126
  C:4367H         LINE#         127
  C:4367H         LINE#         128
  C:436AH         LINE#         129
  C:4383H         LINE#         131
  C:43A2H         LINE#         133
  C:43A9H         LINE#         134
  C:43A9H         LINE#         135
  C:43ABH         LINE#         136
  C:43AEH         LINE#         137
  C:43B5H         LINE#         138
  C:43B5H         LINE#         139
  C:43B7H         LINE#         140
  C:43B9H         LINE#         142
  C:43B9H         LINE#         143
  C:43BBH         LINE#         145
  C:43BBH         LINE#         146
  C:43BBH         LINE#         147
  C:43BBH         LINE#         148
  C:43BEH         LINE#         149
  C:43C5H         LINE#         151
  C:43E4H         LINE#         153
  C:43E6H         LINE#         154
  C:43E9H         LINE#         155
  C:43F0H         LINE#         157
  -------         ENDPROC       _AT25SF041_WRITE
  -------         PROC          _AT25SF041_READ
  D:0003H         SYMBOL        opcode
  X:05FEH         SYMBOL        addr
  -------         DO            
BL51 BANKED LINKER/LOCATER V6.22                                                      05/23/2019  11:27:19  PAGE 45


  X:0602H         SYMBOL        dat
  X:0603H         SYMBOL        i
  -------         ENDDO         
  C:41DFH         LINE#         159
  C:41E1H         LINE#         160
  C:41E1H         LINE#         161
  C:41E6H         LINE#         163
  C:41E8H         LINE#         164
  C:41EEH         LINE#         168
  C:41F3H         LINE#         169
  C:41F3H         LINE#         170
  C:41F5H         LINE#         171
  C:41F8H         LINE#         172
  C:41FCH         LINE#         173
  C:41FCH         LINE#         174
  C:41FEH         LINE#         175
  C:4200H         LINE#         177
  C:4200H         LINE#         178
  C:4202H         LINE#         180
  C:4202H         LINE#         181
  C:4202H         LINE#         182
  C:4202H         LINE#         183
  C:4205H         LINE#         184
  C:4209H         LINE#         187
  C:4228H         LINE#         189
  C:422FH         LINE#         190
  C:422FH         LINE#         191
  C:4231H         LINE#         192
  C:4234H         LINE#         193
  C:4250H         LINE#         194
  C:4250H         LINE#         195
  C:4252H         LINE#         196
  C:4254H         LINE#         198
  C:4254H         LINE#         199
  C:4256H         LINE#         201
  C:4256H         LINE#         202
  C:4256H         LINE#         203
  C:4256H         LINE#         204
  C:4259H         LINE#         205
  C:4272H         LINE#         207
  C:4291H         LINE#         210
  C:4298H         LINE#         212
  C:429AH         LINE#         213
  C:42A1H         LINE#         215
  C:42A8H         LINE#         216
  C:42A8H         LINE#         217
  C:42AFH         LINE#         218
  C:42AFH         LINE#         219
  C:42B2H         LINE#         220
  C:42B4H         LINE#         221
  C:42B7H         LINE#         223
  C:42BAH         LINE#         224
  C:42BAH         LINE#         226
  C:42BEH         LINE#         227
  C:42BEH         LINE#         233
  C:42DDH         LINE#         236
  C:42DFH         LINE#         237
BL51 BANKED LINKER/LOCATER V6.22                                                      05/23/2019  11:27:19  PAGE 46


  C:42E2H         LINE#         238
  C:42E9H         LINE#         240
  C:42EEH         LINE#         242
  -------         ENDPROC       _AT25SF041_READ
  -------         PROC          UCREAD_STATUS_REGISTER_BYTE1
  -------         DO            
  D:0003H         SYMBOL        dat
  D:0001H         SYMBOL        opcode
  X:04DFH         SYMBOL        count
  X:04E0H         SYMBOL        i
  -------         ENDDO         
  C:47BDH         LINE#         246
  C:47BDH         LINE#         247
  C:47BDH         LINE#         248
  C:47C3H         LINE#         249
  C:47C7H         LINE#         250
  C:47C9H         LINE#         251
  C:47CBH         LINE#         252
  C:47D1H         LINE#         256
  C:47D8H         LINE#         257
  C:47D8H         LINE#         258
  C:47DAH         LINE#         259
  C:47DDH         LINE#         260
  C:47E1H         LINE#         261
  C:47E1H         LINE#         262
  C:47E3H         LINE#         263
  C:47E5H         LINE#         265
  C:47E5H         LINE#         266
  C:47E7H         LINE#         268
  C:47E7H         LINE#         269
  C:47E7H         LINE#         270
  C:47E7H         LINE#         271
  C:47EAH         LINE#         272
  C:47EEH         LINE#         275
  C:480DH         LINE#         279
  C:4814H         LINE#         281
  C:4816H         LINE#         282
  C:481DH         LINE#         283
  C:4824H         LINE#         284
  C:4824H         LINE#         285
  C:4828H         LINE#         286
  C:4828H         LINE#         287
  C:482BH         LINE#         288
  C:482DH         LINE#         289
  C:4830H         LINE#         291
  C:4833H         LINE#         292
  C:4833H         LINE#         294
  C:4837H         LINE#         295
  C:4837H         LINE#         297
  C:4856H         LINE#         301
  C:4858H         LINE#         302
  C:485BH         LINE#         303
  C:485DH         LINE#         304
  -------         ENDPROC       UCREAD_STATUS_REGISTER_BYTE1
  -------         PROC          SPI_NOR_WRITE_DATA
  X:03F8H         SYMBOL        dat
  X:0403H         SYMBOL        addr
BL51 BANKED LINKER/LOCATER V6.22                                                      05/23/2019  11:27:19  PAGE 47


  C:39C8H         LINE#         306
  C:39C8H         LINE#         307
  C:39C8H         LINE#         309
  C:39CBH         LINE#         311
  C:39E5H         LINE#         312
  C:3A03H         LINE#         314
  C:3A0AH         LINE#         315
  C:3A0DH         LINE#         317
  C:3A27H         LINE#         318
  C:3A27H         LINE#         319
  C:3A27H         LINE#         322
  C:3A2AH         LINE#         324
  C:3A44H         LINE#         325
  C:3A44H         LINE#         326
  C:3A44H         LINE#         328
  C:3A47H         LINE#         330
  C:3A61H         LINE#         331
  C:3A61H         LINE#         332
  C:3A61H         LINE#         334
  C:3A64H         LINE#         336
  C:3A7EH         LINE#         337
  C:3A7EH         LINE#         338
  C:3A7EH         LINE#         340
  C:3A81H         LINE#         342
  C:3A9BH         LINE#         343
  C:3A9BH         LINE#         344
  C:3A9BH         LINE#         346
  C:3A9EH         LINE#         348
  C:3AB8H         LINE#         349
  C:3AB8H         LINE#         350
  C:3AB8H         LINE#         352
  C:3ABBH         LINE#         354
  C:3AD5H         LINE#         355
  C:3AD5H         LINE#         356
  C:3AD5H         LINE#         358
  C:3AD8H         LINE#         360
  C:3AF2H         LINE#         361
  C:3AF2H         LINE#         362
  C:3AF2H         LINE#         364
  C:3AF5H         LINE#         366
  C:3B0FH         LINE#         367
  C:3B0FH         LINE#         368
  C:3B0FH         LINE#         370
  C:3B12H         LINE#         372
  C:3B2CH         LINE#         373
  C:3B33H         LINE#         374
  -------         ENDPROC       SPI_NOR_WRITE_DATA
  -------         ENDMOD        AT25SF041

  -------         MODULE        SI1120
  C:0000H         SYMBOL        _ICE_DUMMY_
  D:0080H         PUBLIC        P0
  D:00B2H         PUBLIC        P3M0
  D:0090H         PUBLIC        P1
  D:00B1H         PUBLIC        P3M1
  D:00A0H         PUBLIC        P2
  D:00B0H         PUBLIC        P3
BL51 BANKED LINKER/LOCATER V6.22                                                      05/23/2019  11:27:19  PAGE 48


  D:00C0H         PUBLIC        P4
  D:00C8H         PUBLIC        P5
  B:00A8H.7       PUBLIC        EA
  D:00E8H         PUBLIC        P6
  D:00F8H         PUBLIC        P7
  D:00A8H         PUBLIC        IE
  D:00B8H         PUBLIC        IP
  C:4EE5H         PUBLIC        SI1120_CONFIG_MODE_VIRH
  D:00D8H         PUBLIC        CCON
  D:0098H         PUBLIC        SCON
  D:0088H         PUBLIC        TCON
  C:51D4H         PUBLIC        Enable_EXTINT0
  B:0090H.5       PUBLIC        SI1120_STX
  B:0088H.0       PUBLIC        IT0
  B:00A8H.0       PUBLIC        EX0
  B:0090H.4       PUBLIC        SI1120_MD
  B:0090H.6       PUBLIC        SI1120_SC
  D:00D0H         PUBLIC        PSW
  -------         PROC          SI1120_CONFIG_MODE_VIRH
  C:4EE5H         LINE#         4
  C:4EE5H         LINE#         5
  C:4EE5H         LINE#         6
  C:4EE7H         LINE#         7
  C:4EE9H         LINE#         8
  C:4EEBH         LINE#         10
  C:4EF2H         LINE#         11
  C:4EF4H         LINE#         13
  C:4EF6H         LINE#         14
  C:4EF8H         LINE#         16
  C:4EFFH         LINE#         18
  C:4F01H         LINE#         20
  C:4F08H         LINE#         23
  C:4F0AH         LINE#         25
  C:4F0CH         LINE#         27
  C:4F13H         LINE#         29
  C:4F15H         LINE#         31
  -------         ENDPROC       SI1120_CONFIG_MODE_VIRH
  -------         PROC          ENABLE_EXTINT0
  C:51D4H         LINE#         33
  C:51D4H         LINE#         34
  C:51D4H         LINE#         35
  C:51D7H         LINE#         36
  C:51DAH         LINE#         37
  C:51DCH         LINE#         38
  C:51DEH         LINE#         39
  C:51E0H         LINE#         40
  -------         ENDPROC       ENABLE_EXTINT0
  -------         ENDMOD        SI1120

  -------         MODULE        ?C_STARTUP
  C:4A31H         SEGMENT       ?C_C51STARTUP
  I:0021H         SEGMENT       ?STACK
  C:0000H         PUBLIC        ?C_STARTUP
  D:00E0H         SYMBOL        ACC
  D:00F0H         SYMBOL        B
  D:0083H         SYMBOL        DPH
  D:0082H         SYMBOL        DPL
BL51 BANKED LINKER/LOCATER V6.22                                                      05/23/2019  11:27:19  PAGE 49


  N:0000H         SYMBOL        IBPSTACK
  N:0100H         SYMBOL        IBPSTACKTOP
  N:0080H         SYMBOL        IDATALEN
  C:4A34H         SYMBOL        IDATALOOP
  N:0000H         SYMBOL        PBPSTACK
  N:0100H         SYMBOL        PBPSTACKTOP
  N:0000H         SYMBOL        PDATALEN
  N:0000H         SYMBOL        PDATASTART
  N:0000H         SYMBOL        PPAGE
  N:0000H         SYMBOL        PPAGEENABLE
  D:00A0H         SYMBOL        PPAGE_SFR
  D:0081H         SYMBOL        SP
  C:4A31H         SYMBOL        STARTUP1
  N:0000H         SYMBOL        XBPSTACK
  N:0000H         SYMBOL        XBPSTACKTOP
  N:0000H         SYMBOL        XDATALEN
  N:0000H         SYMBOL        XDATASTART
  C:0000H         LINE#         126
  C:4A31H         LINE#         133
  C:4A33H         LINE#         134
  C:4A34H         LINE#         135
  C:4A35H         LINE#         136
  C:4A37H         LINE#         185
  C:4A3AH         LINE#         196
  -------         ENDMOD        ?C_STARTUP

  -------         MODULE        ?C?FPADD
  C:09FFH         PUBLIC        ?C?FPADD
  C:09FBH         PUBLIC        ?C?FPSUB
  -------         ENDMOD        ?C?FPADD

  -------         MODULE        ?C?FPMUL
  C:0AF0H         PUBLIC        ?C?FPMUL
  -------         ENDMOD        ?C?FPMUL

  -------         MODULE        ?C?FPDIV
  C:0BF9H         PUBLIC        ?C?FPDIV
  -------         ENDMOD        ?C?FPDIV

  -------         MODULE        ?C?FPCMP
  C:0C98H         PUBLIC        ?C?FPCMP
  C:0C96H         PUBLIC        ?C?FPCMP3
  -------         ENDMOD        ?C?FPCMP

  -------         MODULE        ?C?FPNEG
  C:0D0FH         PUBLIC        ?C?FPNEG
  -------         ENDMOD        ?C?FPNEG

  -------         MODULE        ?C?FCAST
  C:0D2AH         PUBLIC        ?C?FCASTC
  C:0D25H         PUBLIC        ?C?FCASTI
  C:0D20H         PUBLIC        ?C?FCASTL
  -------         ENDMOD        ?C?FCAST

  -------         MODULE        ?C?CASTF
  C:0D5EH         PUBLIC        ?C?CASTF
  -------         ENDMOD        ?C?CASTF
BL51 BANKED LINKER/LOCATER V6.22                                                      05/23/2019  11:27:19  PAGE 50



  -------         MODULE        ATAN2
  X:049FH         PUBLIC        ?_atan2?BYTE
  C:485EH         PUBLIC        _atan2
  -------         ENDMOD        ATAN2

  -------         MODULE        SIN
  C:3B99H         PUBLIC        _COS
  C:3BAFH         PUBLIC        _SIN
  C:3BEBH         PUBLIC        _TAN
  -------         ENDMOD        SIN

  -------         MODULE        ACOS
  C:4D9CH         PUBLIC        _ACOS
  -------         ENDMOD        ACOS

  -------         MODULE        ASIN
  C:4EAAH         PUBLIC        _ASIN
  -------         ENDMOD        ASIN

  -------         MODULE        POW
  X:03BCH         PUBLIC        ?_pow?BYTE
  C:3CD9H         PUBLIC        _pow
  -------         ENDMOD        POW

  -------         MODULE        ?C?CHKFLOAT
  C:0DDFH         PUBLIC        ?C?CHKFLOAT
  -------         ENDMOD        ?C?CHKFLOAT

  -------         MODULE        EXP
  C:49CFH         PUBLIC        _EXP
  -------         ENDMOD        EXP

  -------         MODULE        LOG
  C:3FC8H         PUBLIC        _LOG
  C:3FC4H         PUBLIC        _LOG10
  -------         ENDMOD        LOG

  -------         MODULE        SQRT
  C:4715H         PUBLIC        _SQRT
  -------         ENDMOD        SQRT

  -------         MODULE        ATAN
  C:40DDH         PUBLIC        _ATAN
  -------         ENDMOD        ATAN

  -------         MODULE        ?C?COPY
  C:0F16H         PUBLIC        ?C?COPY
  -------         ENDMOD        ?C?COPY

  -------         MODULE        ?C?CLDPTR
  C:0F3CH         PUBLIC        ?C?CLDPTR
  -------         ENDMOD        ?C?CLDPTR

  -------         MODULE        ?C?CLDOPTR
  C:0F55H         PUBLIC        ?C?CLDOPTR
  -------         ENDMOD        ?C?CLDOPTR
BL51 BANKED LINKER/LOCATER V6.22                                                      05/23/2019  11:27:19  PAGE 51



  -------         MODULE        ?C?CSTPTR
  C:0F82H         PUBLIC        ?C?CSTPTR
  -------         ENDMOD        ?C?CSTPTR

  -------         MODULE        ?C?IMUL
  C:0F94H         PUBLIC        ?C?IMUL
  -------         ENDMOD        ?C?IMUL

  -------         MODULE        ?C?UIDIV
  C:0FA6H         PUBLIC        ?C?UIDIV
  -------         ENDMOD        ?C?UIDIV

  -------         MODULE        ?C?SIDIV
  C:0FFBH         PUBLIC        ?C?SIDIV
  -------         ENDMOD        ?C?SIDIV

  -------         MODULE        ?C?ILDOPTR
  C:1031H         PUBLIC        ?C?ILDOPTR
  -------         ENDMOD        ?C?ILDOPTR

  -------         MODULE        ?C?ISTPTR
  C:1069H         PUBLIC        ?C?ISTPTR
  -------         ENDMOD        ?C?ISTPTR

  -------         MODULE        ?C?LMUL
  C:1088H         PUBLIC        ?C?LMUL
  -------         ENDMOD        ?C?LMUL

  -------         MODULE        ?C?SLDIV
  C:4DE6H         PUBLIC        ?C?SLDIV
  -------         ENDMOD        ?C?SLDIV

  -------         MODULE        ?C?LNEG
  C:10D7H         PUBLIC        ?C?LNEG
  -------         ENDMOD        ?C?LNEG

  -------         MODULE        ?C?ULCMP
  C:10E5H         PUBLIC        ?C?ULCMP
  -------         ENDMOD        ?C?ULCMP

  -------         MODULE        ?C?LSHL
  C:10F6H         PUBLIC        ?C?LSHL
  -------         ENDMOD        ?C?LSHL

  -------         MODULE        ?C?LLDPTR
  C:1109H         PUBLIC        ?C?LLDPTR
  -------         ENDMOD        ?C?LLDPTR

  -------         MODULE        ?C?LLDOPTR
  C:1129H         PUBLIC        ?C?LLDOPTR
  -------         ENDMOD        ?C?LLDOPTR

  -------         MODULE        ?C?LSTPTR
  C:1159H         PUBLIC        ?C?LSTPTR
  -------         ENDMOD        ?C?LSTPTR

BL51 BANKED LINKER/LOCATER V6.22                                                      05/23/2019  11:27:19  PAGE 52


  -------         MODULE        ?C?LSTOPTR
  C:1173H         PUBLIC        ?C?LSTOPTR
  -------         ENDMOD        ?C?LSTOPTR

  -------         MODULE        ?C?LLDXDATA
  C:1197H         PUBLIC        ?C?LLDXDATA
  -------         ENDMOD        ?C?LLDXDATA

  -------         MODULE        ?C?LLDCODE
  C:11A3H         PUBLIC        ?C?LLDCODE
  -------         ENDMOD        ?C?LLDCODE

  -------         MODULE        ?C?LLDXDATA0
  C:11B3H         PUBLIC        ?C?LLDXDATA0
  -------         ENDMOD        ?C?LLDXDATA0

  -------         MODULE        ?C?LLDCODE0
  C:11BFH         PUBLIC        ?C?LLDCODE0
  -------         ENDMOD        ?C?LLDCODE0

  -------         MODULE        ?C?LLDPTR0
  C:11CFH         PUBLIC        ?C?LLDPTR0
  -------         ENDMOD        ?C?LLDPTR0

  -------         MODULE        ?C?LSTXDATA
  C:11EFH         PUBLIC        ?C?LSTXDATA
  -------         ENDMOD        ?C?LSTXDATA

  -------         MODULE        ?C?LSTKXDATA
  C:11FBH         PUBLIC        ?C?LSTKXDATA
  -------         ENDMOD        ?C?LSTKXDATA

  -------         MODULE        ?C?LSTKPTR
  C:122CH         PUBLIC        ?C?LSTKPTR
  -------         ENDMOD        ?C?LSTKPTR

  -------         MODULE        ?C?OFFXADD
  C:1246H         PUBLIC        ?C?OFFXADD
  -------         ENDMOD        ?C?OFFXADD

  -------         MODULE        ?C?ULDIV
  C:128EH         PUBLIC        ?C?ULDIV
  -------         ENDMOD        ?C?ULDIV

  -------         MODULE        ?C?LLDIDATA
  C:1320H         PUBLIC        ?C?LLDIDATA
  -------         ENDMOD        ?C?LLDIDATA

  -------         MODULE        ?C?LLDPDATA
  C:132CH         PUBLIC        ?C?LLDPDATA
  -------         ENDMOD        ?C?LLDPDATA

  -------         MODULE        ?C?LLDIDATA0
  C:1338H         PUBLIC        ?C?LLDIDATA0
  -------         ENDMOD        ?C?LLDIDATA0

  -------         MODULE        ?C?LLDPDATA0
BL51 BANKED LINKER/LOCATER V6.22                                                      05/23/2019  11:27:19  PAGE 53


  C:1345H         PUBLIC        ?C?LLDPDATA0
  -------         ENDMOD        ?C?LLDPDATA0

  -------         MODULE        ?C?LSTIDATA
  C:1352H         PUBLIC        ?C?LSTIDATA
  -------         ENDMOD        ?C?LSTIDATA

  -------         MODULE        ?C?LSTPDATA
  C:135EH         PUBLIC        ?C?LSTPDATA
  -------         ENDMOD        ?C?LSTPDATA

  -------         MODULE        ?C?LSTKIDATA
  C:136AH         PUBLIC        ?C?LSTKIDATA
  -------         ENDMOD        ?C?LSTKIDATA

  -------         MODULE        ?C?LSTKPDATA
  C:1383H         PUBLIC        ?C?LSTKPDATA
  -------         ENDMOD        ?C?LSTKPDATA

*** WARNING L16: UNCALLED SEGMENT, IGNORED FOR OVERLAY PROCESS
    SEGMENT: ?PR?_DAY_OF_YEAR?PCF85063BTL

*** WARNING L16: UNCALLED SEGMENT, IGNORED FOR OVERLAY PROCESS
    SEGMENT: ?PR?NOP?IOEXPANDER_PI4IOE5V96248

*** WARNING L16: UNCALLED SEGMENT, IGNORED FOR OVERLAY PROCESS
    SEGMENT: ?PR?UC_ACK?IOEXPANDER_PI4IOE5V96248

*** WARNING L16: UNCALLED SEGMENT, IGNORED FOR OVERLAY PROCESS
    SEGMENT: ?PR?UC_NACK?IOEXPANDER_PI4IOE5V96248

*** WARNING L16: UNCALLED SEGMENT, IGNORED FOR OVERLAY PROCESS
    SEGMENT: ?PR?_AT25SF041_READ?AT25SF041

Program Size: data=9.5 xdata=1543 code=21004
LINK/LOCATE RUN COMPLETE.  5 WARNING(S),  0 ERROR(S)
