BL51 BANKED LINKER/LOCATER V6.22                                                        05/11/2018  12:44:10  PAGE 1


BL51 BANKED LINKER/LOCATER V6.22, INVOKED BY:
C:\KEIL_V5\C51\BIN\BL51.EXE .\Obj\main.obj, .\Obj\PCF85063BTL.obj, .\Obj\UART1.obj, .\Obj\LCd_Driver_SPLC780D.obj, .\Obj
>> \STARTUP.obj TO .\Obj\GPIO_RTC_Test PRINT (.\Lis\GPIO_RTC_Test.m51) RAMSIZE (256)


MEMORY MODEL: LARGE


INPUT MODULES INCLUDED:
  .\Obj\main.obj (MAIN)
  .\Obj\PCF85063BTL.obj (PCF85063BTL)
  .\Obj\UART1.obj (UART1)
  .\Obj\LCd_Driver_SPLC780D.obj (LCD_DRIVER_SPLC780D)
  .\Obj\STARTUP.obj (?C_STARTUP)
  C:\KEIL_V5\C51\LIB\C51L.LIB (?C_INIT)
  C:\KEIL_V5\C51\LIB\C51L.LIB (?C?CLDPTR)
  C:\KEIL_V5\C51\LIB\C51L.LIB (?C?CSTPTR)
  C:\KEIL_V5\C51\LIB\C51L.LIB (?C?ILDIX)
  C:\KEIL_V5\C51\LIB\C51L.LIB (ATOI)
  C:\KEIL_V5\C51\LIB\C51L.LIB (?C?IMUL)
  C:\KEIL_V5\C51\LIB\C51L.LIB (?C?IILDX)
  C:\KEIL_V5\C51\LIB\C51L.LIB (ISDIGIT)
  C:\KEIL_V5\C51\LIB\C51L.LIB (ISSPACE)


LINK MAP OF MODULE:  .\Obj\GPIO_RTC_Test (MAIN)


            TYPE    BASE      LENGTH    RELOCATION   SEGMENT NAME
            -----------------------------------------------------

            * * * * * * *   D A T A   M E M O R Y   * * * * * * *
            REG     0000H     0008H     ABSOLUTE     "REG BANK 0"
            REG     0008H     0008H     ABSOLUTE     "REG BANK 1"
                    0010H     0010H                  *** GAP ***
            BIT     0020H.0   0000H.1   UNIT         ?BI?MAIN
            BIT     0020H.1   0000H.1   UNIT         _BIT_GROUP_
                    0020H.2   0000H.6                *** GAP ***
            IDATA   0021H     0001H     UNIT         ?STACK

            * * * * * * *  X D A T A   M E M O R Y  * * * * * * *
            XDATA   0000H     0018H     UNIT         _XDATA_GROUP_
            XDATA   0018H     000CH     UNIT         ?XD?MAIN
            XDATA   0024H     0003H     UNIT         ?XD?_SENDSTRING?UART1

            * * * * * * *   C O D E   M E M O R Y   * * * * * * *
            CODE    0000H     0003H     ABSOLUTE     
            CODE    0003H     0020H     UNIT         ?PR?_SPI_SENDBYTE?PCF85063BTL
            CODE    0023H     0003H     ABSOLUTE     
            CODE    0026H     00DBH     UNIT         ?PR?_ATOI?ATOI
            CODE    0101H     00C2H     UNIT         ?PR?_DISPLAY_TIME?UART1
            CODE    01C3H     00B2H     UNIT         ?PR?MAIN?MAIN
            CODE    0275H     0099H     UNIT         ?PR?UART?MAIN
            CODE    030EH     008CH     UNIT         ?C_C51STARTUP
            CODE    039AH     0075H     UNIT         ?PR?_WRITEDATA?LCD_DRIVER_SPLC780D
            CODE    040FH     0069H     UNIT         ?C?LIB_CODE
            CODE    0478H     0054H     UNIT         ?PR?LCD_INIT?LCD_DRIVER_SPLC780D
            CODE    04CCH     0040H     UNIT         ?PR?_COMMAND?LCD_DRIVER_SPLC780D
BL51 BANKED LINKER/LOCATER V6.22                                                      05/11/2018  12:44:10  PAGE 2


            CODE    050CH     0033H     UNIT         ?PR?_SENDSTRING?UART1
            CODE    053FH     0024H     UNIT         ?PR?_WAIT_MS?LCD_DRIVER_SPLC780D
            CODE    0563H     0020H     UNIT         ?PR?SPI_RECEIVEBYTE?PCF85063BTL
            CODE    0583H     001EH     UNIT         ?PR?_DELAY_MS?MAIN
            CODE    05A1H     001DH     UNIT         ?PR?_DISPLAYLCD?LCD_DRIVER_SPLC780D
            CODE    05BEH     0018H     UNIT         ?PR?_SPI_WRITETIME?PCF85063BTL
            CODE    05D6H     0017H     UNIT         ?C_INITSEG
            CODE    05EDH     0017H     UNIT         ?PR?_ASCIITOBCD?UART1
            CODE    0604H     0014H     UNIT         ?PR?_PCF85063BTL_DELAY?PCF85063BTL
            CODE    0618H     0014H     UNIT         ?PR?_ISSPACE?ISSPACE
            CODE    062CH     0012H     UNIT         ?PR?_TEN?UART1
            CODE    063EH     0011H     UNIT         ?PR?_SPI_READTIME?PCF85063BTL
            CODE    064FH     0011H     UNIT         ?PR?INITUART1?UART1
            CODE    0660H     0011H     UNIT         ?PR?_UNIT?UART1
            CODE    0671H     000FH     UNIT         ?PR?_ISDIGIT?ISDIGIT
            CODE    0680H     000DH     UNIT         ?PR?SPI_INIT?PCF85063BTL
            CODE    068DH     000AH     UNIT         ?PR?LCD_RETURN_HOME?LCD_DRIVER_SPLC780D
            CODE    0697H     000AH     UNIT         ?PR?LCD_CLEAR?LCD_DRIVER_SPLC780D
            CODE    06A1H     0009H     UNIT         ?PR?_SENDUART1?MAIN
            CODE    06AAH     0005H     UNIT         ?PR?_ASCII_LETTER?UART1
            CODE    06AFH     0001H     UNIT         ?PR?_DECTOBCD?UART1



OVERLAY MAP OF MODULE:   .\Obj\GPIO_RTC_Test (MAIN)


SEGMENT                                            BIT_GROUP          XDATA_GROUP
  +--> CALLED SEGMENT                           START    LENGTH     START    LENGTH
-----------------------------------------------------------------------------------
?PR?UART?MAIN                                   -----    -----      -----    -----
  +--> ?PR?_ASCIITOBCD?UART1

?PR?_ASCIITOBCD?UART1                           -----    -----      -----    -----
  +--> ?PR?_ATOI?ATOI

?PR?_ATOI?ATOI                                  0020H.1  0000H.1    0000H    0005H
  +--> ?PR?_ISSPACE?ISSPACE
  +--> ?PR?_ISDIGIT?ISDIGIT

*** NEW ROOT ***************************************************

?C_C51STARTUP                                   -----    -----      -----    -----
  +--> ?PR?MAIN?MAIN
  +--> ?C_INITSEG

?PR?MAIN?MAIN                                   -----    -----      0005H    000AH
  +--> ?PR?LCD_INIT?LCD_DRIVER_SPLC780D
  +--> ?PR?SPI_INIT?PCF85063BTL
  +--> ?PR?INITUART1?UART1
  +--> ?PR?_SPI_WRITETIME?PCF85063BTL
  +--> ?PR?_DELAY_MS?MAIN
  +--> ?PR?_DISPLAYLCD?LCD_DRIVER_SPLC780D
  +--> ?PR?_WRITEDATA?LCD_DRIVER_SPLC780D
  +--> ?PR?LCD_RETURN_HOME?LCD_DRIVER_SPLC780D
  +--> ?PR?_SENDUART1?MAIN
  +--> ?PR?_DISPLAY_TIME?UART1
BL51 BANKED LINKER/LOCATER V6.22                                                      05/11/2018  12:44:10  PAGE 3



?PR?LCD_INIT?LCD_DRIVER_SPLC780D                -----    -----      -----    -----
  +--> ?PR?_WAIT_MS?LCD_DRIVER_SPLC780D
  +--> ?PR?_COMMAND?LCD_DRIVER_SPLC780D

?PR?_COMMAND?LCD_DRIVER_SPLC780D                -----    -----      -----    -----
  +--> ?PR?_WAIT_MS?LCD_DRIVER_SPLC780D

?PR?_SPI_WRITETIME?PCF85063BTL                  -----    -----      -----    -----
  +--> ?PR?_SPI_SENDBYTE?PCF85063BTL

?PR?_SPI_SENDBYTE?PCF85063BTL                   -----    -----      -----    -----
  +--> ?PR?_PCF85063BTL_DELAY?PCF85063BTL

?PR?_DISPLAYLCD?LCD_DRIVER_SPLC780D             -----    -----      000FH    0001H
  +--> ?PR?_WRITEDATA?LCD_DRIVER_SPLC780D

?PR?_WRITEDATA?LCD_DRIVER_SPLC780D              -----    -----      0010H    0001H
  +--> ?PR?_WAIT_MS?LCD_DRIVER_SPLC780D

?PR?LCD_RETURN_HOME?LCD_DRIVER_SPLC780D         -----    -----      -----    -----
  +--> ?PR?_COMMAND?LCD_DRIVER_SPLC780D

?PR?_DISPLAY_TIME?UART1                         -----    -----      000FH    0009H
  +--> ?PR?_SPI_READTIME?PCF85063BTL
  +--> ?PR?_TEN?UART1
  +--> ?PR?_SENDUART1?MAIN
  +--> ?PR?_UNIT?UART1

?PR?_SPI_READTIME?PCF85063BTL                   -----    -----      -----    -----
  +--> ?PR?_SPI_SENDBYTE?PCF85063BTL
  +--> ?PR?SPI_RECEIVEBYTE?PCF85063BTL

?PR?SPI_RECEIVEBYTE?PCF85063BTL                 -----    -----      -----    -----
  +--> ?PR?_PCF85063BTL_DELAY?PCF85063BTL



SYMBOL TABLE OF MODULE:  .\Obj\GPIO_RTC_Test (MAIN)

  VALUE           TYPE          NAME
  ----------------------------------

  -------         MODULE        MAIN
  C:0000H         SYMBOL        _ICE_DUMMY_
  D:0080H         PUBLIC        P0
  D:0090H         PUBLIC        P1
  D:00A0H         PUBLIC        P2
  D:00B0H         PUBLIC        P3
  D:00C0H         PUBLIC        P4
  D:00C8H         PUBLIC        P5
  B:00A8H.7       PUBLIC        EA
  D:00E8H         PUBLIC        P6
  D:00F8H         PUBLIC        P7
  X:0018H         PUBLIC        RX_Data_Uart_Cnt
  D:00A8H         PUBLIC        IE
  D:00B8H         PUBLIC        IP
BL51 BANKED LINKER/LOCATER V6.22                                                      05/11/2018  12:44:10  PAGE 4


  B:0098H.0       PUBLIC        RI
  B:0098H.1       PUBLIC        TI
  C:0275H         PUBLIC        Uart
  D:00D8H         PUBLIC        CCON
  C:01C3H         PUBLIC        main
  D:0099H         PUBLIC        SBUF
  C:0583H         PUBLIC        _Delay_ms
  D:0098H         PUBLIC        SCON
  D:0088H         PUBLIC        TCON
  X:001AH         PUBLIC        Rec_data_hour
  X:001DH         PUBLIC        Rec_data_min
  B:0020H.0       PUBLIC        busy
  D:00E0H         PUBLIC        ACC
  X:0020H         PUBLIC        hour_count
  X:0021H         PUBLIC        min_count
  X:0022H         PUBLIC        st_time
  D:00D0H         PUBLIC        PSW
  C:06A1H         PUBLIC        _SendUART1
  -------         PROC          MAIN
  -------         DO            
  X:0005H         SYMBOL        seconds
  X:0006H         SYMBOL        mins
  X:0007H         SYMBOL        hours
  X:0008H         SYMBOL        sec_decimal
  X:000AH         SYMBOL        numStr
  -------         ENDDO         
  C:01C3H         LINE#         36
  C:01C3H         LINE#         37
  C:01C3H         LINE#         41
  C:01C6H         LINE#         42
  C:01C9H         LINE#         43
  C:01CCH         LINE#         44
  C:01CEH         LINE#         45
  C:01D5H         LINE#         46
  C:01DCH         LINE#         47
  C:01E3H         LINE#         48
  C:01EAH         LINE#         52
  C:01EAH         LINE#         53
  C:01EAH         LINE#         54
  C:01F2H         LINE#         55
  C:01F7H         LINE#         56
  C:01FFH         LINE#         57
  C:0204H         LINE#         58
  C:020EH         LINE#         61
  C:0211H         LINE#         62
  C:021BH         LINE#         63
  C:021BH         LINE#         64
  C:0225H         LINE#         65
  C:022FH         LINE#         66
  C:0236H         LINE#         67
  C:023EH         LINE#         68
  C:0246H         LINE#         69
  C:0248H         LINE#         71
  C:0248H         LINE#         72
  C:026BH         LINE#         73
  C:0272H         LINE#         74
  C:0272H         LINE#         75
BL51 BANKED LINKER/LOCATER V6.22                                                      05/11/2018  12:44:10  PAGE 5


  -------         ENDPROC       MAIN
  -------         PROC          _DELAY_MS
  D:0006H         SYMBOL        ms
  -------         DO            
  D:0004H         SYMBOL        De_Cnt
  -------         ENDDO         
  C:0583H         LINE#         79
  C:0583H         LINE#         80
  C:0583H         LINE#         82
  C:058DH         LINE#         83
  C:058DH         LINE#         84
  C:05A0H         LINE#         85
  C:05A0H         LINE#         86
  -------         ENDPROC       _DELAY_MS
  -------         PROC          UART
  C:0275H         LINE#         89
  C:0282H         LINE#         91
  C:0285H         LINE#         92
  C:0285H         LINE#         93
  C:0293H         LINE#         94
  C:0295H         LINE#         95
  C:02A7H         LINE#         96
  C:02B6H         LINE#         97
  C:02C1H         LINE#         98
  C:02C1H         LINE#         101
  C:02CEH         LINE#         102
  C:02D4H         LINE#         103
  C:02D4H         LINE#         104
  C:02DAH         LINE#         105
  C:02E8H         LINE#         106
  C:02F6H         LINE#         107
  C:02FCH         LINE#         112
  C:02FCH         LINE#         113
  C:02FCH         LINE#         116
  C:02FCH         LINE#         117
  C:02FFH         LINE#         118
  C:02FFH         LINE#         119
  C:0301H         LINE#         120
  C:0303H         LINE#         121
  C:0303H         LINE#         122
  -------         ENDPROC       UART
  -------         PROC          _SENDUART1
  D:0007H         SYMBOL        dat
  C:06A1H         LINE#         125
  C:06A1H         LINE#         126
  C:06A1H         LINE#         127
  C:06A4H         LINE#         128
  C:06A6H         LINE#         129
  C:06A7H         LINE#         130
  C:06A9H         LINE#         131
  -------         ENDPROC       _SENDUART1
  -------         ENDMOD        MAIN

  -------         MODULE        PCF85063BTL
  C:0000H         SYMBOL        _ICE_DUMMY_
  D:0096H         PUBLIC        P2M0
  D:0080H         PUBLIC        P0
BL51 BANKED LINKER/LOCATER V6.22                                                      05/11/2018  12:44:10  PAGE 6


  D:0095H         PUBLIC        P2M1
  D:0090H         PUBLIC        P1
  D:00A0H         PUBLIC        P2
  D:00B0H         PUBLIC        P3
  D:00C0H         PUBLIC        P4
  D:00C8H         PUBLIC        P5
  D:00E8H         PUBLIC        P6
  B:00A0H.2       PUBLIC        PCF85063BTL_SDI
  D:00F8H         PUBLIC        P7
  B:00A0H.1       PUBLIC        PCF85063BTL_SCK
  B:00A0H.2       PUBLIC        PCF85063BTL_SDO
  D:00A8H         PUBLIC        IE
  C:060AH         PUBLIC        _PCF85063BTL_Delay
  D:00B8H         PUBLIC        IP
  D:00D8H         PUBLIC        CCON
  C:0563H         PUBLIC        SPI_ReceiveByte
  D:0098H         PUBLIC        SCON
  D:0088H         PUBLIC        TCON
  B:00A0H.0       PUBLIC        PCF85063BTL_CS
  C:063EH         PUBLIC        _SPI_ReadTime
  C:0680H         PUBLIC        SPI_Init
  C:05BEH         PUBLIC        _SPI_WriteTime
  C:0003H         PUBLIC        _SPI_SendByte
  D:00D0H         PUBLIC        PSW
  C:0606H         SYMBOL        L?0020
  -------         PROC          L?0019
  -------         ENDPROC       L?0019
  C:0606H         SYMBOL        L?0020
  -------         PROC          _PCF85063BTL_DELAY
  D:0006H         SYMBOL        us
  C:060AH         LINE#         8
  C:060AH         LINE#         9
  C:060AH         LINE#         10
  C:0614H         LINE#         11
  C:0614H         LINE#         12
  C:0615H         LINE#         13
  C:0617H         LINE#         14
  -------         ENDPROC       _PCF85063BTL_DELAY
  -------         PROC          _SPI_SENDBYTE
  D:0005H         SYMBOL        dat
  -------         DO            
  D:0003H         SYMBOL        i
  -------         ENDDO         
  C:0003H         LINE#         17
  C:0005H         LINE#         18
  C:0005H         LINE#         20
  C:0007H         LINE#         21
  C:0007H         LINE#         22
  C:0009H         LINE#         23
  C:000DH         LINE#         24
  C:000DH         LINE#         25
  C:000FH         LINE#         26
  C:0011H         LINE#         28
  C:0011H         LINE#         29
  C:0013H         LINE#         30
  C:0013H         LINE#         31
  C:0016H         LINE#         32
BL51 BANKED LINKER/LOCATER V6.22                                                      05/11/2018  12:44:10  PAGE 7


  C:0016H         LINE#         33
  C:0019H         LINE#         34
  C:001DH         LINE#         35
  C:0022H         LINE#         36
  -------         ENDPROC       _SPI_SENDBYTE
  -------         PROC          SPI_RECEIVEBYTE
  -------         DO            
  D:0003H         SYMBOL        i
  D:0005H         SYMBOL        dat
  -------         ENDDO         
  C:0563H         LINE#         39
  C:0563H         LINE#         40
  C:0563H         LINE#         42
  C:0565H         LINE#         44
  C:0567H         LINE#         45
  C:0568H         LINE#         46
  C:0568H         LINE#         47
  C:056CH         LINE#         48
  C:056EH         LINE#         49
  C:0571H         LINE#         51
  C:0574H         LINE#         52
  C:0574H         LINE#         53
  C:0578H         LINE#         54
  C:0578H         LINE#         55
  C:0578H         LINE#         56
  C:057BH         LINE#         57
  C:0580H         LINE#         58
  C:0582H         LINE#         59
  -------         ENDPROC       SPI_RECEIVEBYTE
  -------         PROC          _SPI_READTIME
  D:0007H         SYMBOL        addr
  -------         DO            
  D:0006H         SYMBOL        dat
  -------         ENDDO         
  C:063EH         LINE#         61
  C:063EH         LINE#         62
  C:063EH         LINE#         64
  C:0640H         LINE#         65
  C:0642H         LINE#         66
  C:0649H         LINE#         67
  C:064CH         LINE#         68
  C:064EH         LINE#         69
  C:064EH         LINE#         70
  -------         ENDPROC       _SPI_READTIME
  -------         PROC          _SPI_WRITETIME
  D:0002H         SYMBOL        val
  D:0005H         SYMBOL        addr
  C:05BEH         LINE#         71
  C:05C0H         LINE#         72
  C:05C0H         LINE#         74
  C:05C2H         LINE#         75
  C:05C9H         LINE#         76
  C:05CEH         LINE#         77
  C:05D3H         LINE#         78
  C:05D5H         LINE#         79
  -------         ENDPROC       _SPI_WRITETIME
  -------         PROC          SPI_INIT
BL51 BANKED LINKER/LOCATER V6.22                                                      05/11/2018  12:44:10  PAGE 8


  C:0680H         LINE#         83
  C:0680H         LINE#         84
  C:0680H         LINE#         89
  C:0683H         LINE#         90
  C:0686H         LINE#         91
  C:0688H         LINE#         92
  C:068AH         LINE#         93
  C:068CH         LINE#         94
  -------         ENDPROC       SPI_INIT
  -------         ENDMOD        PCF85063BTL

  -------         MODULE        UART1
  C:0000H         SYMBOL        _ICE_DUMMY_
  D:0080H         PUBLIC        P0
  D:0090H         PUBLIC        P1
  D:00A0H         PUBLIC        P2
  D:00B0H         PUBLIC        P3
  D:00C0H         PUBLIC        P4
  D:00C8H         PUBLIC        P5
  B:00A8H.7       PUBLIC        EA
  D:00E8H         PUBLIC        P6
  D:00F8H         PUBLIC        P7
  C:050CH         PUBLIC        _SendString
  D:00A8H         PUBLIC        IE
  B:00A8H.4       PUBLIC        ES
  D:00B8H         PUBLIC        IP
  C:05EDH         PUBLIC        _ASCIItoBCD
  D:00D8H         PUBLIC        CCON
  C:064FH         PUBLIC        initUART1
  D:0098H         PUBLIC        SCON
  D:0088H         PUBLIC        TCON
  C:06AFH         PUBLIC        _DectoBCD
  C:06AAH         PUBLIC        _ASCII_Letter
  D:008EH         PUBLIC        AUXR
  C:066CH         PUBLIC        _unit
  C:0638H         PUBLIC        _ten
  D:00D6H         PUBLIC        T2H
  D:00D7H         PUBLIC        T2L
  C:0101H         PUBLIC        _Display_time
  D:00D0H         PUBLIC        PSW
  -------         PROC          INITUART1
  C:064FH         LINE#         21
  C:064FH         LINE#         22
  C:064FH         LINE#         23
  C:0652H         LINE#         24
  C:0655H         LINE#         25
  C:0658H         LINE#         26
  C:065BH         LINE#         27
  C:065DH         LINE#         28
  C:065FH         LINE#         30
  -------         ENDPROC       INITUART1
  -------         PROC          _SENDSTRING
  X:0024H         SYMBOL        s
  C:050CH         LINE#         35
  C:0517H         LINE#         36
  C:0517H         LINE#         37
  C:0527H         LINE#         38
BL51 BANKED LINKER/LOCATER V6.22                                                      05/11/2018  12:44:10  PAGE 9


  C:0527H         LINE#         39
  C:053CH         LINE#         40
  C:053EH         LINE#         41
  -------         ENDPROC       _SENDSTRING
  -------         PROC          L?0011
  -------         ENDPROC       L?0011
  -------         PROC          _TEN
  D:0007H         SYMBOL        BCD
  C:0638H         LINE#         43
  C:0638H         LINE#         44
  C:0638H         LINE#         45
  C:063DH         LINE#         46
  -------         ENDPROC       _TEN
  -------         PROC          L?0012
  -------         ENDPROC       L?0012
  -------         PROC          _UNIT
  D:0007H         SYMBOL        BCD
  C:066CH         LINE#         47
  C:066CH         LINE#         48
  C:066CH         LINE#         52
  C:0670H         LINE#         53
  -------         ENDPROC       _UNIT
  -------         PROC          _DECTOBCD
  D:0007H         SYMBOL        dec
  C:06AFH         LINE#         54
  C:06AFH         LINE#         55
  C:06AFH         LINE#         57
  C:06AFH         LINE#         58
  -------         ENDPROC       _DECTOBCD
  -------         PROC          _ASCII_LETTER
  D:0007H         SYMBOL        dat
  C:06AAH         LINE#         60
  C:06AAH         LINE#         61
  C:06AAH         LINE#         63
  C:06AEH         LINE#         64
  -------         ENDPROC       _ASCII_LETTER
  -------         PROC          _ASCIITOBCD
  D:0001H         SYMBOL        ascii
  -------         DO            
  D:0007H         SYMBOL        dec_val
  D:0006H         SYMBOL        ten
  D:0007H         SYMBOL        unit
  -------         ENDDO         
  C:05EDH         LINE#         66
  C:05EDH         LINE#         67
  C:05EDH         LINE#         69
  C:05F0H         LINE#         70
  C:05F6H         LINE#         71
  C:05FDH         LINE#         72
  C:0603H         LINE#         74
  -------         ENDPROC       _ASCIITOBCD
  -------         PROC          _DISPLAY_TIME
  X:000FH         SYMBOL        hours
  X:0012H         SYMBOL        mins
  X:0015H         SYMBOL        seconds
  C:0101H         LINE#         75
  C:010CH         LINE#         76
BL51 BANKED LINKER/LOCATER V6.22                                                      05/11/2018  12:44:10  PAGE 10


  C:010CH         LINE#         79
  C:0120H         LINE#         80
  C:012DH         LINE#         81
  C:013AH         LINE#         82
  C:013FH         LINE#         84
  C:0153H         LINE#         85
  C:0160H         LINE#         86
  C:016DH         LINE#         87
  C:0172H         LINE#         89
  C:0186H         LINE#         90
  C:0196H         LINE#         91
  C:01A3H         LINE#         92
  C:01BEH         LINE#         93
  -------         ENDPROC       _DISPLAY_TIME
  -------         ENDMOD        UART1

  -------         MODULE        LCD_DRIVER_SPLC780D
  C:0000H         SYMBOL        _ICE_DUMMY_
  D:0080H         PUBLIC        P0
  D:0090H         PUBLIC        P1
  D:00A0H         PUBLIC        P2
  D:00B0H         PUBLIC        P3
  D:00C0H         PUBLIC        P4
  D:00C8H         PUBLIC        P5
  D:00E8H         PUBLIC        P6
  D:00F8H         PUBLIC        P7
  C:039AH         PUBLIC        _WriteData
  D:00A8H         PUBLIC        IE
  D:00B8H         PUBLIC        IP
  D:00D8H         PUBLIC        CCON
  B:0090H.4       PUBLIC        LCD_D4
  B:0090H.5       PUBLIC        LCD_D5
  B:0090H.6       PUBLIC        LCD_D6
  C:05A1H         PUBLIC        _DisplayLCD
  B:0090H.7       PUBLIC        LCD_D7
  D:0098H         PUBLIC        SCON
  D:0088H         PUBLIC        TCON
  C:0697H         PUBLIC        LCD_clear
  C:04CCH         PUBLIC        _Command
  C:0478H         PUBLIC        LCD_Init
  C:0545H         PUBLIC        _Wait_ms
  B:0090H.1       PUBLIC        LCD_RS
  B:0090H.2       PUBLIC        LCD_RW
  C:068DH         PUBLIC        LCD_return_home
  B:0090H.3       PUBLIC        LCD_E
  D:00D0H         PUBLIC        PSW
  -------         PROC          LCD_INIT
  C:0478H         LINE#         9
  C:0478H         LINE#         10
  C:0478H         LINE#         12
  C:047FH         LINE#         13
  C:0484H         LINE#         15
  C:048BH         LINE#         16
  C:0490H         LINE#         18
  C:0493H         LINE#         19
  C:0498H         LINE#         21
  C:049BH         LINE#         22
BL51 BANKED LINKER/LOCATER V6.22                                                      05/11/2018  12:44:10  PAGE 11


  C:04A0H         LINE#         26
  C:04A5H         LINE#         27
  C:04AAH         LINE#         30
  C:04AFH         LINE#         31
  C:04B4H         LINE#         32
  C:04B9H         LINE#         33
  C:04C0H         LINE#         34
  C:04C5H         LINE#         35
  -------         ENDPROC       LCD_INIT
  -------         PROC          _WRITEDATA
  X:0010H         SYMBOL        dat
  C:039AH         LINE#         38
  C:039FH         LINE#         39
  C:039FH         LINE#         44
  C:03A1H         LINE#         45
  C:03A3H         LINE#         47
  C:03B1H         LINE#         48
  C:03BDH         LINE#         49
  C:03C9H         LINE#         50
  C:03D3H         LINE#         51
  C:03D5H         LINE#         52
  C:03DCH         LINE#         53
  C:03DEH         LINE#         55
  C:03EEH         LINE#         56
  C:03F9H         LINE#         57
  C:0403H         LINE#         58
  C:0407H         LINE#         60
  C:0407H         LINE#         61
  C:040AH         LINE#         62
  C:040CH         LINE#         63
  C:040EH         LINE#         65
  -------         ENDPROC       _WRITEDATA
  -------         PROC          _COMMAND
  D:0007H         SYMBOL        dat
  C:04CCH         LINE#         67
  C:04CCH         LINE#         68
  C:04CCH         LINE#         69
  C:04CEH         LINE#         70
  C:04D0H         LINE#         75
  C:04DAH         LINE#         76
  C:04DEH         LINE#         78
  C:04E0H         LINE#         79
  C:04E9H         LINE#         80
  C:04EDH         LINE#         82
  C:04EFH         LINE#         83
  C:04F6H         LINE#         84
  C:04FAH         LINE#         86
  C:04FCH         LINE#         87
  C:0500H         LINE#         88
  C:0504H         LINE#         90
  C:0506H         LINE#         94
  C:0506H         LINE#         95
  C:0509H         LINE#         96
  C:050BH         LINE#         97
  -------         ENDPROC       _COMMAND
  C:0541H         SYMBOL        L?0024
  -------         PROC          L?0023
BL51 BANKED LINKER/LOCATER V6.22                                                      05/11/2018  12:44:10  PAGE 12


  -------         ENDPROC       L?0023
  C:0541H         SYMBOL        L?0024
  -------         PROC          _WAIT_MS
  D:0006H         SYMBOL        ms
  -------         DO            
  D:0004H         SYMBOL        De_Cnt
  -------         ENDDO         
  C:0545H         LINE#         99
  C:0545H         LINE#         100
  C:0545H         LINE#         102
  C:054FH         LINE#         103
  C:054FH         LINE#         104
  C:0562H         LINE#         105
  C:0562H         LINE#         106
  -------         ENDPROC       _WAIT_MS
  -------         PROC          _DISPLAYLCD
  D:0007H         SYMBOL        BCD
  -------         DO            
  D:0006H         SYMBOL        first_digit
  X:000FH         SYMBOL        second_digit
  -------         ENDDO         
  C:05A1H         LINE#         107
  C:05A1H         LINE#         108
  C:05A1H         LINE#         110
  C:05A8H         LINE#         111
  C:05B1H         LINE#         113
  C:05B6H         LINE#         115
  -------         ENDPROC       _DISPLAYLCD
  -------         PROC          LCD_RETURN_HOME
  C:068DH         LINE#         119
  C:068DH         LINE#         120
  C:068DH         LINE#         121
  C:0692H         LINE#         122
  -------         ENDPROC       LCD_RETURN_HOME
  -------         PROC          LCD_CLEAR
  C:0697H         LINE#         125
  C:0697H         LINE#         126
  C:0697H         LINE#         127
  C:069CH         LINE#         128
  -------         ENDPROC       LCD_CLEAR
  -------         ENDMOD        LCD_DRIVER_SPLC780D

  -------         MODULE        ?C_STARTUP
  C:030EH         SEGMENT       ?C_C51STARTUP
  I:0021H         SEGMENT       ?STACK
  C:0000H         PUBLIC        ?C_STARTUP
  D:00E0H         SYMBOL        ACC
  D:00F0H         SYMBOL        B
  D:0083H         SYMBOL        DPH
  D:0082H         SYMBOL        DPL
  N:0000H         SYMBOL        IBPSTACK
  N:0100H         SYMBOL        IBPSTACKTOP
  N:0080H         SYMBOL        IDATALEN
  C:0311H         SYMBOL        IDATALOOP
  N:0000H         SYMBOL        PBPSTACK
  N:0100H         SYMBOL        PBPSTACKTOP
  N:0000H         SYMBOL        PDATALEN
BL51 BANKED LINKER/LOCATER V6.22                                                      05/11/2018  12:44:10  PAGE 13


  N:0000H         SYMBOL        PDATASTART
  N:0000H         SYMBOL        PPAGE
  N:0000H         SYMBOL        PPAGEENABLE
  D:00A0H         SYMBOL        PPAGE_SFR
  D:0081H         SYMBOL        SP
  C:030EH         SYMBOL        STARTUP1
  N:0000H         SYMBOL        XBPSTACK
  N:0000H         SYMBOL        XBPSTACKTOP
  N:0000H         SYMBOL        XDATALEN
  N:0000H         SYMBOL        XDATASTART
  C:0000H         LINE#         126
  C:030EH         LINE#         133
  C:0310H         LINE#         134
  C:0311H         LINE#         135
  C:0312H         LINE#         136
  C:0314H         LINE#         185
  C:0317H         LINE#         196
  -------         ENDMOD        ?C_STARTUP

  -------         MODULE        ?C?CLDPTR
  C:040FH         PUBLIC        ?C?CLDPTR
  -------         ENDMOD        ?C?CLDPTR

  -------         MODULE        ?C?CSTPTR
  C:0428H         PUBLIC        ?C?CSTPTR
  -------         ENDMOD        ?C?CSTPTR

  -------         MODULE        ?C?ILDIX
  C:043AH         PUBLIC        ?C?ILDIX
  -------         ENDMOD        ?C?ILDIX

  -------         MODULE        ATOI
  C:0026H         PUBLIC        _atoi
  -------         ENDMOD        ATOI

  -------         MODULE        ?C?IMUL
  C:0450H         PUBLIC        ?C?IMUL
  -------         ENDMOD        ?C?IMUL

  -------         MODULE        ?C?IILDX
  C:0462H         PUBLIC        ?C?IILDX
  -------         ENDMOD        ?C?IILDX

  -------         MODULE        ISDIGIT
  C:0671H         PUBLIC        _isdigit
  -------         ENDMOD        ISDIGIT

  -------         MODULE        ISSPACE
  C:0618H         PUBLIC        _isspace
  -------         ENDMOD        ISSPACE

*** WARNING L16: UNCALLED SEGMENT, IGNORED FOR OVERLAY PROCESS
    SEGMENT: ?PR?_SENDSTRING?UART1

*** WARNING L16: UNCALLED SEGMENT, IGNORED FOR OVERLAY PROCESS
    SEGMENT: ?PR?_DECTOBCD?UART1

BL51 BANKED LINKER/LOCATER V6.22                                                      05/11/2018  12:44:10  PAGE 14


*** WARNING L16: UNCALLED SEGMENT, IGNORED FOR OVERLAY PROCESS
    SEGMENT: ?PR?_ASCII_LETTER?UART1

*** WARNING L16: UNCALLED SEGMENT, IGNORED FOR OVERLAY PROCESS
    SEGMENT: ?PR?LCD_CLEAR?LCD_DRIVER_SPLC780D

Program Size: data=17.2 xdata=39 code=1712
LINK/LOCATE RUN COMPLETE.  4 WARNING(S),  0 ERROR(S)
