BL51 BANKED LINKER/LOCATER V6.22                                                        03/28/2019  12:33:54  PAGE 1


BL51 BANKED LINKER/LOCATER V6.22, INVOKED BY:
C:\KEIL_V5\C51\BIN\BL51.EXE .\Obj\main.obj, .\Obj\PCF85063BTL.obj, .\Obj\UART1.obj, .\Obj\LCd_Driver_SPLC780D.obj, .\Obj
>> \KeyPad.obj, .\Obj\BipolarMotor.obj, .\Obj\SunPos.obj, .\Obj\ADC.obj, .\Obj\Calibration.obj, .\Obj\IOExpander_PI4IOE5
>> V96248.obj, .\Obj\AT25SF041.obj, .\Obj\STARTUP.obj TO .\Obj\GPIO_RTC_Test PRINT (.\Lis\GPIO_RTC_Test.m51) RAMSIZE (25
>> 6)


MEMORY MODEL: LARGE WITH FLOATING POINT ARITHMETIC


INPUT MODULES INCLUDED:
  .\Obj\main.obj (MAIN)
  .\Obj\PCF85063BTL.obj (PCF85063BTL)
  .\Obj\UART1.obj (UART1)
  .\Obj\LCd_Driver_SPLC780D.obj (LCD_DRIVER_SPLC780D)
  .\Obj\KeyPad.obj (KEYPAD)
  .\Obj\BipolarMotor.obj (BIPOLARMOTOR)
  .\Obj\SunPos.obj (SUNPOS)
  .\Obj\ADC.obj (ADC)
  .\Obj\Calibration.obj (CALIBRATION)
  .\Obj\IOExpander_PI4IOE5V96248.obj (IOEXPANDER_PI4IOE5V96248)
  .\Obj\AT25SF041.obj (AT25SF041)
  .\Obj\STARTUP.obj (?C_STARTUP)
  C:\KEIL_V5\C51\LIB\C51FPL.LIB (?C?FPADD)
  C:\KEIL_V5\C51\LIB\C51FPL.LIB (?C?FPMUL)
  C:\KEIL_V5\C51\LIB\C51FPL.LIB (?C?FPDIV)
  C:\KEIL_V5\C51\LIB\C51FPL.LIB (?C?FPCMP)
  C:\KEIL_V5\C51\LIB\C51FPL.LIB (?C?FPNEG)
  C:\KEIL_V5\C51\LIB\C51FPL.LIB (?C?FCAST)
  C:\KEIL_V5\C51\LIB\C51FPL.LIB (?C?CASTF)
  C:\KEIL_V5\C51\LIB\C51FPL.LIB (ATAN2)
  C:\KEIL_V5\C51\LIB\C51FPL.LIB (SIN)
  C:\KEIL_V5\C51\LIB\C51FPL.LIB (ACOS)
  C:\KEIL_V5\C51\LIB\C51FPL.LIB (ASIN)
  C:\KEIL_V5\C51\LIB\C51FPL.LIB (?C?FPGETOPN)
  C:\KEIL_V5\C51\LIB\C51FPL.LIB (?C?FPSERIES)
  C:\KEIL_V5\C51\LIB\C51FPL.LIB (SQRT)
  C:\KEIL_V5\C51\LIB\C51FPL.LIB (ATAN)
  C:\KEIL_V5\C51\LIB\C51L.LIB (?C_INIT)
  C:\KEIL_V5\C51\LIB\C51L.LIB (?C?COPY)
  C:\KEIL_V5\C51\LIB\C51L.LIB (?C?CLDPTR)
  C:\KEIL_V5\C51\LIB\C51L.LIB (?C?CLDOPTR)
  C:\KEIL_V5\C51\LIB\C51L.LIB (?C?CSTPTR)
  C:\KEIL_V5\C51\LIB\C51L.LIB (?C?IMUL)
  C:\KEIL_V5\C51\LIB\C51L.LIB (?C?UIDIV)
  C:\KEIL_V5\C51\LIB\C51L.LIB (?C?SIDIV)
  C:\KEIL_V5\C51\LIB\C51L.LIB (?C?ILDIX)
  C:\KEIL_V5\C51\LIB\C51L.LIB (?C?ILDOPTR)
  C:\KEIL_V5\C51\LIB\C51L.LIB (?C?ISTPTR)
  C:\KEIL_V5\C51\LIB\C51L.LIB (?C?LMUL)
  C:\KEIL_V5\C51\LIB\C51L.LIB (?C?SLDIV)
  C:\KEIL_V5\C51\LIB\C51L.LIB (?C?LNEG)
  C:\KEIL_V5\C51\LIB\C51L.LIB (?C?ULCMP)
  C:\KEIL_V5\C51\LIB\C51L.LIB (?C?LSHL)
  C:\KEIL_V5\C51\LIB\C51L.LIB (?C?LLDPTR)
  C:\KEIL_V5\C51\LIB\C51L.LIB (?C?LLDOPTR)
  C:\KEIL_V5\C51\LIB\C51L.LIB (?C?LSTPTR)
  C:\KEIL_V5\C51\LIB\C51L.LIB (?C?LSTOPTR)
BL51 BANKED LINKER/LOCATER V6.22                                                      03/28/2019  12:33:54  PAGE 2


  C:\KEIL_V5\C51\LIB\C51L.LIB (?C?LLDXDATA)
  C:\KEIL_V5\C51\LIB\C51L.LIB (?C?LLDCODE)
  C:\KEIL_V5\C51\LIB\C51L.LIB (?C?LLDXDATA0)
  C:\KEIL_V5\C51\LIB\C51L.LIB (?C?LLDCODE0)
  C:\KEIL_V5\C51\LIB\C51L.LIB (?C?LLDPTR0)
  C:\KEIL_V5\C51\LIB\C51L.LIB (?C?LSTXDATA)
  C:\KEIL_V5\C51\LIB\C51L.LIB (?C?LSTKXDATA)
  C:\KEIL_V5\C51\LIB\C51L.LIB (?C?LSTKPTR)
  C:\KEIL_V5\C51\LIB\C51L.LIB (?C?OFFXADD)
  C:\KEIL_V5\C51\LIB\C51L.LIB (ATOI)
  C:\KEIL_V5\C51\LIB\C51L.LIB (?C?IILDX)
  C:\KEIL_V5\C51\LIB\C51L.LIB (?C?ULDIV)
  C:\KEIL_V5\C51\LIB\C51L.LIB (?C?LLDIDATA)
  C:\KEIL_V5\C51\LIB\C51L.LIB (?C?LLDPDATA)
  C:\KEIL_V5\C51\LIB\C51L.LIB (?C?LLDIDATA0)
  C:\KEIL_V5\C51\LIB\C51L.LIB (?C?LLDPDATA0)
  C:\KEIL_V5\C51\LIB\C51L.LIB (?C?LSTIDATA)
  C:\KEIL_V5\C51\LIB\C51L.LIB (?C?LSTPDATA)
  C:\KEIL_V5\C51\LIB\C51L.LIB (?C?LSTKIDATA)
  C:\KEIL_V5\C51\LIB\C51L.LIB (?C?LSTKPDATA)
  C:\KEIL_V5\C51\LIB\C51L.LIB (ISDIGIT)
  C:\KEIL_V5\C51\LIB\C51L.LIB (ISSPACE)


LINK MAP OF MODULE:  .\Obj\GPIO_RTC_Test (MAIN)


            TYPE    BASE      LENGTH    RELOCATION   SEGMENT NAME
            -----------------------------------------------------

            * * * * * * *   D A T A   M E M O R Y   * * * * * * *
            REG     0000H     0008H     ABSOLUTE     "REG BANK 0"
                    0008H     0018H                  *** GAP ***
            BIT     0020H.0   0000H.5   UNIT         ?BI?KEYPAD
            BIT     0020H.5   0000H.3   UNIT         _BIT_GROUP_
            BIT     0021H.0   0000H.1   UNIT         ?BI?MAIN
            BIT     0021H.1   0000H.1   UNIT         ?BI?_ATOI?ATOI
                    0021H.2   0000H.6                *** GAP ***
            IDATA   0022H     0001H     UNIT         ?STACK

            * * * * * * *  X D A T A   M E M O R Y  * * * * * * *
            XDATA   0000H     038FH     UNIT         ?XD?BIPOLARMOTOR
            XDATA   038FH     0113H     UNIT         _XDATA_GROUP_
            XDATA   04A2H     00D8H     UNIT         ?XD?MAIN
            XDATA   057AH     0040H     UNIT         ?XD?_FINDDET4X4?BIPOLARMOTOR
            XDATA   05BAH     0024H     UNIT         ?XD?_FINDDET3X3?BIPOLARMOTOR
            XDATA   05DEH     0009H     UNIT         ?XD?KEYPAD
            XDATA   05E7H     0008H     UNIT         ?XD?_AT25SF041_READ?AT25SF041
            XDATA   05EFH     0005H     UNIT         ?XD?_ATOI?ATOI
            XDATA   05F4H     0003H     UNIT         ?XD?_SENDSTRING?UART1
            XDATA   05F7H     0001H     UNIT         ?XD?UC_ACK?IOEXPANDER_PI4IOE5V96248
            XDATA   05F8H     0001H     UNIT         ?XD?UC_NACK?IOEXPANDER_PI4IOE5V96248

            * * * * * * *   C O D E   M E M O R Y   * * * * * * *
            CODE    0000H     0003H     ABSOLUTE     
            CODE    0003H     0006H     UNIT         ?PR?_TEN?UART1
            CODE    0009H     0001H     UNIT         ?PR?TM0_ISR?MAIN
BL51 BANKED LINKER/LOCATER V6.22                                                      03/28/2019  12:33:54  PAGE 3


            CODE    000AH     0001H     UNIT         ?PR?_DECTOBCD?UART1
            CODE    000BH     0003H     ABSOLUTE     
            CODE    000EH     0E2CH     UNIT         ?PR?MAIN?MAIN
            CODE    0E3AH     09B6H     UNIT         ?C?LIB_CODE
            CODE    17F0H     07A2H     UNIT         ?PR?SUNPOS?SUNPOS
            CODE    1F92H     065AH     UNIT         ?PR?_UPDATE_POSITION?BIPOLARMOTOR
            CODE    25ECH     04FBH     UNIT         ?PR?_THEORICALJP_POSITION?BIPOLARMOTOR
            CODE    2AE7H     03F9H     UNIT         ?C_INITSEG
            CODE    2EE0H     03D5H     UNIT         ?PR?_FIND_REAL_MAX?CALIBRATION
            CODE    32B5H     02C5H     UNIT         ?PR?KEY_PROCESS?KEYPAD
            CODE    357AH     02C0H     UNIT         ?PR?_FINDDET4X4?BIPOLARMOTOR
            CODE    383AH     01D1H     UNIT         ?PR?_FINDDET3X3?BIPOLARMOTOR
            CODE    3A0BH     01B3H     UNIT         ?PR?_CALIBRATION?CALIBRATION
            CODE    3BBEH     018DH     UNIT         ?PR?KEY_SCAN?KEYPAD
            CODE    3D4BH     0189H     UNIT         ?PR?SPI_NOR_WRITE_DATA?AT25SF041
            CODE    3ED4H     0188H     UNIT         ?PR?SIN?SIN
            CODE    405CH     0162H     UNIT         ?PR?_DISPLAY_POS?LCD_DRIVER_SPLC780D
            CODE    41BEH     0122H     UNIT         ?PR?ATAN?ATAN
            CODE    42E0H     0110H     UNIT         ?PR?_AT25SF041_READ?AT25SF041
            CODE    43F0H     0102H     UNIT         ?PR?_AT25SF041_WRITE?AT25SF041
            CODE    44F2H     00DBH     UNIT         ?PR?_ATOI?ATOI
            CODE    45CDH     00C3H     UNIT         ?PR?LINEAR_INTERPOLATE?BIPOLARMOTOR
            CODE    4690H     00BBH     UNIT         ?PR?VOLTAGE_IS_STABLE?CALIBRATION
            CODE    474BH     00ADH     UNIT         ?PR?_WRITE_PI4IOE5V96248?IOEXPANDER_PI4IOE5V96248
            CODE    47F8H     00ACH     UNIT         ?PR?SQRT?SQRT
            CODE    48A4H     00A1H     UNIT         ?PR?UCREAD_STATUS_REGISTER_BYTE1?AT25SF041
            CODE    4945H     009DH     UNIT         ?PR?_ATAN2?ATAN2
            CODE    49E2H     009CH     UNIT         ?PR?_MAX_VALUE?CALIBRATION
            CODE    4A7EH     008CH     UNIT         ?C_C51STARTUP
            CODE    4B0AH     0084H     UNIT         ?PR?_DAY_OF_YEAR?PCF85063BTL
            CODE    4B8EH     0079H     UNIT         ?PR?_WRITEDATA?LCD_DRIVER_SPLC780D
            CODE    4C07H     0072H     UNIT         ?PR?AT25SF041_WRITEENABLE?AT25SF041
            CODE    4C79H     006FH     UNIT         ?PR?_READ_TIME?PCF85063BTL
            CODE    4CE8H     005AH     UNIT         ?PR?AT25SF041_CHIPERASE?AT25SF041
            CODE    4D42H     0059H     UNIT         ?PR?LCD_INIT?LCD_DRIVER_SPLC780D
            CODE    4D9BH     004AH     UNIT         ?PR?VONESTEPMOVE?BIPOLARMOTOR
            CODE    4DE5H     004AH     UNIT         ?PR?ACOS?ACOS
            CODE    4E2FH     0044H     UNIT         ?C?LDIV
            CODE    4E73H     0040H     UNIT         ?PR?_COMMAND?LCD_DRIVER_SPLC780D
            CODE    4EB3H     0040H     UNIT         ?PR?_STEP_MOVE?BIPOLARMOTOR
            CODE    4EF3H     003BH     UNIT         ?PR?ASIN?ASIN
            CODE    4F2EH     0033H     UNIT         ?PR?_SENDSTRING?UART1
            CODE    4F61H     002CH     UNIT         ?PR?_ADC_GETRESULT?ADC
            CODE    4F8DH     002BH     UNIT         ?PR?_WAIT_MS_I2C?IOEXPANDER_PI4IOE5V96248
            CODE    4FB8H     002BH     UNIT         ?PR?_WAIT_MS_SPINOR?AT25SF041
            CODE    4FE3H     0028H     UNIT         ?PR?_MOVE?BIPOLARMOTOR
            CODE    500BH     0027H     UNIT         ?PR?_I2C_SENDBYTE?IOEXPANDER_PI4IOE5V96248
            CODE    5032H     0024H     UNIT         ?PR?_WAIT_MS?LCD_DRIVER_SPLC780D
            CODE    5056H     0020H     UNIT         ?PR?_SPI_SENDBYTE?PCF85063BTL
            CODE    5076H     0020H     UNIT         ?PR?SPI_RECEIVEBYTE?PCF85063BTL
            CODE    5096H     001FH     UNIT         ?PR?ADC_INIT?ADC
            CODE    50B5H     001EH     UNIT         ?PR?_DELAY_MS?KEYPAD
            CODE    50D3H     001DH     UNIT         ?PR?_DISPLAYLCD?LCD_DRIVER_SPLC780D
            CODE    50F0H     001BH     UNIT         ?PR?_BCDTODEC1?BIPOLARMOTOR
            CODE    510BH     0018H     UNIT         ?PR?_SPI_WRITETIME?PCF85063BTL
            CODE    5123H     0017H     UNIT         ?PR?_ASCIITOBCD?UART1
            CODE    513AH     0016H     UNIT         ?PR?I2C_ACK?IOEXPANDER_PI4IOE5V96248
BL51 BANKED LINKER/LOCATER V6.22                                                      03/28/2019  12:33:54  PAGE 4


            CODE    5150H     0015H     UNIT         ?PR?_DISPLAY_LINE?LCD_DRIVER_SPLC780D
            CODE    5165H     0015H     UNIT         ?PR?I2C_STOP?IOEXPANDER_PI4IOE5V96248
            CODE    517AH     0014H     UNIT         ?PR?_PCF85063BTL_DELAY?PCF85063BTL
            CODE    518EH     0014H     UNIT         ?PR?_ABS?LCD_DRIVER_SPLC780D
            CODE    51A2H     0014H     UNIT         ?PR?_ISSPACE?ISSPACE
            CODE    51B6H     0011H     UNIT         ?PR?_SPI_READTIME?PCF85063BTL
            CODE    51C7H     0011H     UNIT         ?PR?_BCDTODEC?PCF85063BTL
            CODE    51D8H     0011H     UNIT         ?PR?INITUART1?UART1
            CODE    51E9H     000FH     UNIT         ?PR?I2C_START?IOEXPANDER_PI4IOE5V96248
            CODE    51F8H     000FH     UNIT         ?PR?UC_NACK?IOEXPANDER_PI4IOE5V96248
            CODE    5207H     000FH     UNIT         ?PR?_ISDIGIT?ISDIGIT
            CODE    5216H     000DH     UNIT         ?PR?SPI_INIT?PCF85063BTL
            CODE    5223H     000CH     UNIT         ?PR?KEYPAD_IO_INIT?KEYPAD
            CODE    522FH     000AH     UNIT         ?PR?LCD_RETURN_HOME?LCD_DRIVER_SPLC780D
            CODE    5239H     000AH     UNIT         ?PR?LCD_CLEAR?LCD_DRIVER_SPLC780D
            CODE    5243H     0006H     UNIT         ?PR?UC_ACK?IOEXPANDER_PI4IOE5V96248
            CODE    5249H     0005H     UNIT         ?PR?_UNIT?UART1
            CODE    524EH     0005H     UNIT         ?PR?_ASCII_LETTER?UART1
            CODE    5253H     0001H     UNIT         ?PR?WAIT?BIPOLARMOTOR
            CODE    5254H     0001H     UNIT         ?PR?NOP?IOEXPANDER_PI4IOE5V96248



OVERLAY MAP OF MODULE:   .\Obj\GPIO_RTC_Test (MAIN)


SEGMENT                                             BIT_GROUP          XDATA_GROUP
  +--> CALLED SEGMENT                            START    LENGTH     START    LENGTH
------------------------------------------------------------------------------------
?C_C51STARTUP                                    -----    -----      -----    -----
  +--> ?PR?MAIN?MAIN
  +--> ?C_INITSEG

?PR?MAIN?MAIN                                    -----    -----      038FH    002CH
  +--> ?PR?LCD_INIT?LCD_DRIVER_SPLC780D
  +--> ?PR?SPI_INIT?PCF85063BTL
  +--> ?PR?KEYPAD_IO_INIT?KEYPAD
  +--> ?PR?ADC_INIT?ADC
  +--> ?PR?_SPI_WRITETIME?PCF85063BTL
  +--> ?PR?_DELAY_MS?KEYPAD
  +--> ?PR?_DISPLAY_LINE?LCD_DRIVER_SPLC780D
  +--> ?PR?_WRITEDATA?LCD_DRIVER_SPLC780D
  +--> ?PR?KEY_PROCESS?KEYPAD
  +--> ?PR?_COMMAND?LCD_DRIVER_SPLC780D
  +--> ?PR?_DISPLAY_POS?LCD_DRIVER_SPLC780D
  +--> ?PR?_DISPLAYLCD?LCD_DRIVER_SPLC780D
  +--> ?PR?_STEP_MOVE?BIPOLARMOTOR
  +--> ?PR?LCD_RETURN_HOME?LCD_DRIVER_SPLC780D
  +--> ?PR?_READ_TIME?PCF85063BTL
  +--> ?PR?_ADC_GETRESULT?ADC
  +--> ?PR?_BCDTODEC1?BIPOLARMOTOR
  +--> ?PR?_CALIBRATION?CALIBRATION
  +--> ?PR?AT25SF041_WRITEENABLE?AT25SF041
  +--> ?PR?_AT25SF041_WRITE?AT25SF041
  +--> ?PR?_WAIT_MS_SPINOR?AT25SF041
  +--> ?PR?_UPDATE_POSITION?BIPOLARMOTOR
  +--> ?PR?SPI_NOR_WRITE_DATA?AT25SF041
BL51 BANKED LINKER/LOCATER V6.22                                                      03/28/2019  12:33:54  PAGE 5


  +--> ?PR?LINEAR_INTERPOLATE?BIPOLARMOTOR
  +--> ?PR?LCD_CLEAR?LCD_DRIVER_SPLC780D
  +--> ?PR?AT25SF041_CHIPERASE?AT25SF041

?PR?LCD_INIT?LCD_DRIVER_SPLC780D                 -----    -----      -----    -----
  +--> ?PR?_WAIT_MS?LCD_DRIVER_SPLC780D
  +--> ?PR?_COMMAND?LCD_DRIVER_SPLC780D

?PR?_COMMAND?LCD_DRIVER_SPLC780D                 -----    -----      -----    -----
  +--> ?PR?_WAIT_MS?LCD_DRIVER_SPLC780D

?PR?ADC_INIT?ADC                                 -----    -----      -----    -----
  +--> ?PR?_WAIT_MS?LCD_DRIVER_SPLC780D

?PR?_SPI_WRITETIME?PCF85063BTL                   -----    -----      -----    -----
  +--> ?PR?_SPI_SENDBYTE?PCF85063BTL

?PR?_SPI_SENDBYTE?PCF85063BTL                    -----    -----      -----    -----
  +--> ?PR?_PCF85063BTL_DELAY?PCF85063BTL

?PR?_DISPLAY_LINE?LCD_DRIVER_SPLC780D            -----    -----      -----    -----
  +--> ?PR?_COMMAND?LCD_DRIVER_SPLC780D

?PR?_WRITEDATA?LCD_DRIVER_SPLC780D               -----    -----      04A0H    0001H
  +--> ?PR?_WAIT_MS?LCD_DRIVER_SPLC780D

?PR?KEY_PROCESS?KEYPAD                           -----    -----      03BBH    0006H
  +--> ?PR?KEY_SCAN?KEYPAD
  +--> ?PR?_SPI_WRITETIME?PCF85063BTL
  +--> ?PR?LCD_CLEAR?LCD_DRIVER_SPLC780D
  +--> ?PR?_COMMAND?LCD_DRIVER_SPLC780D
  +--> ?PR?_WRITEDATA?LCD_DRIVER_SPLC780D

?PR?KEY_SCAN?KEYPAD                              -----    -----      03C1H    0003H

?PR?LCD_CLEAR?LCD_DRIVER_SPLC780D                -----    -----      -----    -----
  +--> ?PR?_COMMAND?LCD_DRIVER_SPLC780D

?PR?_DISPLAY_POS?LCD_DRIVER_SPLC780D             -----    -----      0496H    000AH
  +--> ?PR?_ABS?LCD_DRIVER_SPLC780D
  +--> ?PR?_WRITEDATA?LCD_DRIVER_SPLC780D

?PR?_DISPLAYLCD?LCD_DRIVER_SPLC780D              -----    -----      03BBH    0001H
  +--> ?PR?_WRITEDATA?LCD_DRIVER_SPLC780D

?PR?_STEP_MOVE?BIPOLARMOTOR                      0020H.6  0000H.1    049AH    0004H
  +--> ?PR?VONESTEPMOVE?BIPOLARMOTOR

?PR?VONESTEPMOVE?BIPOLARMOTOR                    0020H.7  0000H.1    -----    -----
  +--> ?PR?_WRITE_PI4IOE5V96248?IOEXPANDER_P...
  +--> ?PR?_DELAY_MS?KEYPAD

?PR?_WRITE_PI4IOE5V96248?IOEXPANDER_P...         -----    -----      049EH    0003H
  +--> ?PR?I2C_START?IOEXPANDER_PI4IOE5V96248
  +--> ?PR?_WAIT_MS_I2C?IOEXPANDER_PI4IOE5V9...
  +--> ?PR?_I2C_SENDBYTE?IOEXPANDER_PI4IOE5V...
  +--> ?PR?I2C_ACK?IOEXPANDER_PI4IOE5V96248
BL51 BANKED LINKER/LOCATER V6.22                                                      03/28/2019  12:33:54  PAGE 6


  +--> ?PR?I2C_STOP?IOEXPANDER_PI4IOE5V96248

?PR?I2C_START?IOEXPANDER_PI4IOE5V96248           -----    -----      -----    -----
  +--> ?PR?_WAIT_MS_I2C?IOEXPANDER_PI4IOE5V9...

?PR?_I2C_SENDBYTE?IOEXPANDER_PI4IOE5V...         -----    -----      -----    -----
  +--> ?PR?_WAIT_MS_I2C?IOEXPANDER_PI4IOE5V9...

?PR?I2C_ACK?IOEXPANDER_PI4IOE5V96248             -----    -----      04A1H    0001H
  +--> ?PR?_WAIT_MS_I2C?IOEXPANDER_PI4IOE5V9...

?PR?I2C_STOP?IOEXPANDER_PI4IOE5V96248            -----    -----      -----    -----
  +--> ?PR?_WAIT_MS_I2C?IOEXPANDER_PI4IOE5V9...

?PR?LCD_RETURN_HOME?LCD_DRIVER_SPLC780D          -----    -----      -----    -----
  +--> ?PR?_COMMAND?LCD_DRIVER_SPLC780D

?PR?_READ_TIME?PCF85063BTL                       -----    -----      03BBH    000FH
  +--> ?PR?_SPI_READTIME?PCF85063BTL

?PR?_SPI_READTIME?PCF85063BTL                    -----    -----      -----    -----
  +--> ?PR?_SPI_SENDBYTE?PCF85063BTL
  +--> ?PR?SPI_RECEIVEBYTE?PCF85063BTL

?PR?SPI_RECEIVEBYTE?PCF85063BTL                  -----    -----      -----    -----
  +--> ?PR?_PCF85063BTL_DELAY?PCF85063BTL

?PR?_CALIBRATION?CALIBRATION                     -----    -----      03BBH    0024H
  +--> ?PR?VOLTAGE_IS_STABLE?CALIBRATION
  +--> ?PR?_UPDATE_POSITION?BIPOLARMOTOR
  +--> ?PR?_FIND_REAL_MAX?CALIBRATION

?PR?VOLTAGE_IS_STABLE?CALIBRATION                -----    -----      03DFH    0018H
  +--> ?PR?_ADC_GETRESULT?ADC
  +--> ?PR?_ABS?LCD_DRIVER_SPLC780D

?PR?_UPDATE_POSITION?BIPOLARMOTOR                -----    -----      03DFH    0053H
  +--> ?PR?_BCDTODEC1?BIPOLARMOTOR
  +--> ?PR?SUNPOS?SUNPOS
  +--> ?PR?SIN?SIN
  +--> ?PR?ASIN?ASIN
  +--> ?PR?_THEORICALJP_POSITION?BIPOLARMOTOR
  +--> ?PR?_ABS?LCD_DRIVER_SPLC780D
  +--> ?PR?_MOVE?BIPOLARMOTOR

?PR?SUNPOS?SUNPOS                                -----    -----      0432H    005DH
  +--> ?PR?SIN?SIN
  +--> ?PR?_ATAN2?ATAN2
  +--> ?PR?ASIN?ASIN
  +--> ?PR?ACOS?ACOS

?PR?SIN?SIN                                      0020H.5  0000H.1    048FH    0004H

?PR?_ATAN2?ATAN2                                 -----    -----      048FH    0008H
  +--> ?PR?ATAN?ATAN

?PR?ATAN?ATAN                                    0020H.5  0000H.2    0497H    0004H
BL51 BANKED LINKER/LOCATER V6.22                                                      03/28/2019  12:33:54  PAGE 7



?PR?ASIN?ASIN                                    -----    -----      -----    -----
  +--> ?PR?SQRT?SQRT
  +--> ?PR?ATAN?ATAN

?PR?SQRT?SQRT                                    -----    -----      048FH    0004H

?PR?ACOS?ACOS                                    -----    -----      -----    -----
  +--> ?PR?SQRT?SQRT
  +--> ?PR?ATAN?ATAN

?PR?_THEORICALJP_POSITION?BIPOLARMOTOR           -----    -----      0432H    005CH
  +--> ?PR?LINEAR_INTERPOLATE?BIPOLARMOTOR

?PR?LINEAR_INTERPOLATE?BIPOLARMOTOR              -----    -----      048EH    0014H

?PR?_MOVE?BIPOLARMOTOR                           0020H.5  0000H.1    0496H    0004H
  +--> ?PR?_STEP_MOVE?BIPOLARMOTOR

?PR?_FIND_REAL_MAX?CALIBRATION                   -----    -----      03DFH    00B7H
  +--> ?PR?_MOVE?BIPOLARMOTOR
  +--> ?PR?_ADC_GETRESULT?ADC
  +--> ?PR?AT25SF041_WRITEENABLE?AT25SF041
  +--> ?PR?_AT25SF041_WRITE?AT25SF041
  +--> ?PR?_WAIT_MS_SPINOR?AT25SF041
  +--> ?PR?_COMMAND?LCD_DRIVER_SPLC780D
  +--> ?PR?_WRITEDATA?LCD_DRIVER_SPLC780D
  +--> ?PR?_DISPLAY_POS?LCD_DRIVER_SPLC780D
  +--> ?PR?_WAIT_MS?LCD_DRIVER_SPLC780D
  +--> ?PR?_MAX_VALUE?CALIBRATION

?PR?AT25SF041_WRITEENABLE?AT25SF041              -----    -----      0496H    0002H
  +--> ?PR?_WAIT_MS_SPINOR?AT25SF041
  +--> ?PR?UCREAD_STATUS_REGISTER_BYTE1?AT25...

?PR?UCREAD_STATUS_REGISTER_BYTE1?AT25...         -----    -----      049EH    0003H
  +--> ?PR?_WAIT_MS_SPINOR?AT25SF041

?PR?_AT25SF041_WRITE?AT25SF041                   -----    -----      0496H    0008H
  +--> ?PR?_WAIT_MS_SPINOR?AT25SF041
  +--> ?PR?UCREAD_STATUS_REGISTER_BYTE1?AT25...

?PR?_MAX_VALUE?CALIBRATION                       -----    -----      0496H    0004H

?PR?SPI_NOR_WRITE_DATA?AT25SF041                 -----    -----      03BBH    000EH
  +--> ?PR?AT25SF041_WRITEENABLE?AT25SF041
  +--> ?PR?_AT25SF041_WRITE?AT25SF041
  +--> ?PR?_WAIT_MS_SPINOR?AT25SF041

?PR?AT25SF041_CHIPERASE?AT25SF041                -----    -----      03BBH    0002H
  +--> ?PR?_WAIT_MS_SPINOR?AT25SF041
  +--> ?PR?UCREAD_STATUS_REGISTER_BYTE1?AT25...



UNRESOLVED EXTERNAL SYMBOLS:
   AUTO_MODE
BL51 BANKED LINKER/LOCATER V6.22                                                      03/28/2019  12:33:54  PAGE 8


   SPI_NOR_CLEARENABLE
   _SENDUART1



SYMBOL TABLE OF MODULE:  .\Obj\GPIO_RTC_Test (MAIN)

  VALUE           TYPE          NAME
  ----------------------------------

  -------         MODULE        MAIN
  C:0000H         SYMBOL        _ICE_DUMMY_
  X:04AAH         PUBLIC        calib_value
  D:0080H         PUBLIC        P0
  D:00B2H         PUBLIC        P3M0
  D:0090H         PUBLIC        P1
  D:00B1H         PUBLIC        P3M1
  D:00A0H         PUBLIC        P2
  D:00B0H         PUBLIC        P3
  D:00C0H         PUBLIC        P4
  D:00C8H         PUBLIC        P5
  X:04FEH         SYMBOL        PressedKey
  B:00A8H.7       PUBLIC        EA
  D:00E8H         PUBLIC        P6
  X:0502H         PUBLIC        calib_stamp
  D:00F8H         PUBLIC        P7
  X:0503H         PUBLIC        RX_Data_Uart_Cnt
  D:00A8H         PUBLIC        IE
  X:0505H         PUBLIC        calib_time
  D:00B8H         PUBLIC        IP
  X:0559H         PUBLIC        months
  D:00D8H         PUBLIC        CCON
  C:000EH         PUBLIC        main
  X:055AH         PUBLIC        count
  X:055CH         PUBLIC        days
  X:055DH         PUBLIC        hours
  D:0098H         PUBLIC        SCON
  D:0089H         PUBLIC        TMOD
  D:0088H         PUBLIC        TCON
  B:00A0H.3       PUBLIC        P23
  X:055EH         SYMBOL        KeyCount
  X:0560H         PUBLIC        mins
  X:0561H         PUBLIC        Rec_data_hour
  B:00C8H.5       PUBLIC        P55
  X:0564H         PUBLIC        Rec_data_min
  D:008EH         PUBLIC        AUXR
  C:0009H         PUBLIC        tm0_isr
  B:0021H.0       PUBLIC        busy
  B:00A8H.1       PUBLIC        ET0
  X:0567H         PUBLIC        SPI_NOR_INTERNAL_FLASH_ADDR
  D:008CH         PUBLIC        TH0
  X:056BH         PUBLIC        hour_count
  D:008AH         PUBLIC        TL0
  X:056CH         PUBLIC        min_count
  B:0088H.4       PUBLIC        TR0
  X:056DH         SYMBOL        KeyNum
  X:056EH         SYMBOL        KeyNum_Old
BL51 BANKED LINKER/LOCATER V6.22                                                      03/28/2019  12:33:54  PAGE 9


  X:056FH         PUBLIC        current_position
  X:0573H         PUBLIC        hours1
  X:0574H         PUBLIC        hours2
  X:0575H         PUBLIC        mins1
  X:0576H         PUBLIC        mins2
  X:0577H         PUBLIC        seconds
  X:0578H         PUBLIC        st_time
  D:00D0H         PUBLIC        PSW
  -------         PROC          TM0_ISR
  C:0009H         LINE#         76
  C:0009H         LINE#         78
  -------         ENDPROC       TM0_ISR
  -------         PROC          MAIN
  -------         DO            
  X:038FH         SYMBOL        sunlight_ADC
  X:04A2H         SYMBOL        KeyCount
  X:04A4H         SYMBOL        KeyNum_Old
  X:04A5H         SYMBOL        KeyNum
  X:04A6H         SYMBOL        PressedKey
  X:0391H         SYMBOL        prox_flag
  X:0392H         SYMBOL        iUse_prevday_calib_value
  X:0394H         SYMBOL        max_ADC_Val_JP
  X:0396H         SYMBOL        max_ADC_Val
  X:0398H         SYMBOL        calib_point1
  X:03A0H         SYMBOL        calib_point2
  X:03A8H         SYMBOL        dat_to_store
  X:03B3H         SYMBOL        calib_day
  X:03B5H         SYMBOL        calib_count
  X:03B7H         SYMBOL        theorical_JP_max_pos
  -------         ENDDO         
  C:000EH         LINE#         80
  C:000EH         LINE#         81
  C:000EH         LINE#         86
  C:0014H         LINE#         87
  C:0019H         LINE#         89
  C:0021H         LINE#         93
  C:0027H         LINE#         94
  C:0031H         LINE#         98
  C:0033H         LINE#         99
  C:0035H         LINE#         100
  C:0037H         LINE#         101
  C:0039H         LINE#         103
  C:0040H         LINE#         104
  C:0044H         LINE#         113
  C:0046H         LINE#         114
  C:0049H         LINE#         115
  C:004CH         LINE#         116
  C:004FH         LINE#         117
  C:0052H         LINE#         118
  C:0055H         LINE#         121
  C:0058H         LINE#         123
  C:005BH         LINE#         124
  C:005EH         LINE#         125
  C:0061H         LINE#         126
  C:0063H         LINE#         127
  C:0065H         LINE#         128
  C:0067H         LINE#         130
BL51 BANKED LINKER/LOCATER V6.22                                                      03/28/2019  12:33:54  PAGE 10


  C:0069H         LINE#         131
  C:0070H         LINE#         132
  C:0077H         LINE#         133
  C:007EH         LINE#         134
  C:0085H         LINE#         138
  C:008CH         LINE#         139
  C:0091H         LINE#         140
  C:0096H         LINE#         141
  C:009BH         LINE#         142
  C:00A0H         LINE#         143
  C:00A5H         LINE#         146
  C:00BEH         LINE#         147
  C:00BEH         LINE#         148
  C:00DAH         LINE#         149
  C:0121H         LINE#         150
  C:0132H         LINE#         153
  C:0132H         LINE#         154
  C:0132H         LINE#         155
  C:0135H         LINE#         158
  C:0135H         LINE#         161
  C:013AH         LINE#         162
  C:013FH         LINE#         164
  C:0144H         LINE#         165
  C:0149H         LINE#         166
  C:014EH         LINE#         167
  C:0153H         LINE#         169
  C:0164H         LINE#         170
  C:0169H         LINE#         171
  C:016EH         LINE#         173
  C:0175H         LINE#         174
  C:017DH         LINE#         175
  C:0182H         LINE#         176
  C:018AH         LINE#         177
  C:018FH         LINE#         178
  C:0199H         LINE#         179
  C:019EH         LINE#         180
  C:01A6H         LINE#         182
  C:01AEH         LINE#         183
  C:01B3H         LINE#         184
  C:01BDH         LINE#         185
  C:01BDH         LINE#         186
  C:01BFH         LINE#         187
  C:01C1H         LINE#         188
  C:01CBH         LINE#         189
  C:01CBH         LINE#         190
  C:01D0H         LINE#         191
  C:01D0H         LINE#         203
  C:01DDH         LINE#         204
  C:01DDH         LINE#         205
  C:01E7H         LINE#         206
  C:01FEH         LINE#         207
  C:01FEH         LINE#         208
  C:0200H         LINE#         209
  C:0202H         LINE#         211
  C:0202H         LINE#         212
  C:020DH         LINE#         213
  C:020DH         LINE#         214
BL51 BANKED LINKER/LOCATER V6.22                                                      03/28/2019  12:33:54  PAGE 11


  C:0212H         LINE#         215
  C:0212H         LINE#         216
  C:021FH         LINE#         217
  C:021FH         LINE#         220
  C:0229H         LINE#         221
  C:0240H         LINE#         222
  C:0240H         LINE#         223
  C:0242H         LINE#         224
  C:0244H         LINE#         226
  C:0244H         LINE#         227
  C:024FH         LINE#         228
  C:024FH         LINE#         229
  C:0254H         LINE#         230
  C:0256H         LINE#         231
  C:0256H         LINE#         233
  C:0278H         LINE#         234
  C:0278H         LINE#         235
  C:0282H         LINE#         236
  C:0288H         LINE#         237
  C:028AH         LINE#         238
  C:028CH         LINE#         239
  C:028EH         LINE#         240
  C:028EH         LINE#         241
  C:0291H         LINE#         243
  C:0291H         LINE#         244
  C:0297H         LINE#         245
  C:029FH         LINE#         246
  C:02A5H         LINE#         247
  C:02ADH         LINE#         248
  C:02E8H         LINE#         252
  C:02F5H         LINE#         253
  C:02F5H         LINE#         255
  C:0302H         LINE#         256
  C:0335H         LINE#         257
  C:0342H         LINE#         258
  C:0342H         LINE#         260
  C:0365H         LINE#         261
  C:0365H         LINE#         262
  C:0387H         LINE#         263
  C:0387H         LINE#         264
  C:0392H         LINE#         265
  C:0392H         LINE#         266
  C:040EH         LINE#         267
  C:0498H         LINE#         268
  C:049BH         LINE#         270
  C:049BH         LINE#         272
  C:04A2H         LINE#         273
  C:04A2H         LINE#         274
  C:04A5H         LINE#         275
  C:04C3H         LINE#         276
  C:04CAH         LINE#         277
  C:04E9H         LINE#         278
  C:0508H         LINE#         280
  C:0584H         LINE#         281
  C:05DCH         LINE#         282
  C:05F0H         LINE#         283
  C:05FDH         LINE#         284
BL51 BANKED LINKER/LOCATER V6.22                                                      03/28/2019  12:33:54  PAGE 12


  C:060CH         LINE#         285
  C:060CH         LINE#         287
  C:0614H         LINE#         288
  C:061CH         LINE#         289
  C:0624H         LINE#         290
  C:062CH         LINE#         292
  C:0640H         LINE#         293
  C:0656H         LINE#         294
  C:0686H         LINE#         295
  C:069AH         LINE#         297
  C:06AAH         LINE#         298
  C:06AAH         LINE#         299
  C:06AAH         LINE#         300
  C:06AAH         LINE#         302
  C:06AAH         LINE#         305
  C:06ADH         LINE#         307
  C:06BEH         LINE#         308
  C:06BEH         LINE#         309
  C:06BEH         LINE#         311
  C:06BEH         LINE#         314
  C:06C1H         LINE#         316
  C:06C1H         LINE#         317
  C:06E3H         LINE#         318
  C:06E3H         LINE#         319
  C:075FH         LINE#         320
  C:07B4H         LINE#         321
  C:07B4H         LINE#         322
  C:07B4H         LINE#         323
  C:07B7H         LINE#         327
  C:07B7H         LINE#         330
  C:07DFH         LINE#         331
  C:07DFH         LINE#         332
  C:0801H         LINE#         333
  C:0801H         LINE#         334
  C:080CH         LINE#         335
  C:080CH         LINE#         336
  C:0888H         LINE#         337
  C:0912H         LINE#         338
  C:0915H         LINE#         340
  C:0915H         LINE#         342
  C:091CH         LINE#         343
  C:091CH         LINE#         344
  C:091FH         LINE#         345
  C:093DH         LINE#         346
  C:0944H         LINE#         347
  C:0963H         LINE#         348
  C:0982H         LINE#         350
  C:09FEH         LINE#         351
  C:0A56H         LINE#         352
  C:0A6AH         LINE#         353
  C:0A77H         LINE#         354
  C:0A86H         LINE#         355
  C:0A86H         LINE#         356
  C:0A8EH         LINE#         357
  C:0A96H         LINE#         358
  C:0A9EH         LINE#         359
  C:0AA6H         LINE#         361
BL51 BANKED LINKER/LOCATER V6.22                                                      03/28/2019  12:33:54  PAGE 13


  C:0ABAH         LINE#         362
  C:0AD0H         LINE#         363
  C:0B00H         LINE#         364
  C:0B14H         LINE#         366
  C:0B28H         LINE#         367
  C:0B3EH         LINE#         368
  C:0B6EH         LINE#         369
  C:0B75H         LINE#         371
  C:0B99H         LINE#         373
  C:0B9CH         LINE#         396
  C:0BADH         LINE#         397
  C:0BADH         LINE#         398
  C:0BB5H         LINE#         400
  C:0BB5H         LINE#         403
  C:0BB8H         LINE#         405
  C:0BB8H         LINE#         407
  C:0BDAH         LINE#         408
  C:0BDAH         LINE#         409
  C:0C56H         LINE#         411
  C:0C83H         LINE#         412
  C:0C9EH         LINE#         413
  C:0CCBH         LINE#         414
  C:0CE6H         LINE#         416
  C:0D82H         LINE#         419
  C:0D82H         LINE#         420
  C:0D82H         LINE#         421
  C:0D82H         LINE#         423
  C:0D82H         LINE#         426
  C:0D9EH         LINE#         427
  C:0DA2H         LINE#         429
  C:0DA4H         LINE#         432
  C:0DAFH         LINE#         433
  C:0DAFH         LINE#         434
  C:0DB2H         LINE#         435
  C:0DB9H         LINE#         436
  C:0DBEH         LINE#         437
  C:0DC3H         LINE#         438
  C:0DC8H         LINE#         439
  C:0DCDH         LINE#         440
  C:0DD2H         LINE#         441
  C:0DD7H         LINE#         442
  C:0DDCH         LINE#         443
  C:0DE1H         LINE#         444
  C:0DE6H         LINE#         445
  C:0DEBH         LINE#         446
  C:0DF0H         LINE#         447
  C:0DF5H         LINE#         450
  C:0DF8H         LINE#         452
  C:0DFBH         LINE#         453
  C:0E02H         LINE#         454
  C:0E0CH         LINE#         455
  C:0E11H         LINE#         457
  C:0E14H         LINE#         458
  C:0E19H         LINE#         459
  C:0E1EH         LINE#         460
  C:0E23H         LINE#         461
  C:0E28H         LINE#         462
BL51 BANKED LINKER/LOCATER V6.22                                                      03/28/2019  12:33:54  PAGE 14


  C:0E2DH         LINE#         463
  C:0E32H         LINE#         464
  C:0E37H         LINE#         466
  C:0E37H         LINE#         467
  -------         ENDPROC       MAIN
  -------         ENDMOD        MAIN

  -------         MODULE        PCF85063BTL
  C:0000H         SYMBOL        _ICE_DUMMY_
  D:0096H         PUBLIC        P2M0
  D:0080H         PUBLIC        P0
  D:0095H         PUBLIC        P2M1
  D:0090H         PUBLIC        P1
  D:00A0H         PUBLIC        P2
  D:00B0H         PUBLIC        P3
  D:00C0H         PUBLIC        P4
  D:00C8H         PUBLIC        P5
  D:00E8H         PUBLIC        P6
  B:00A0H.1       PUBLIC        PCF85063BTL_SDI
  D:00F8H         PUBLIC        P7
  B:00A0H.2       PUBLIC        PCF85063BTL_SCK
  B:00A0H.1       PUBLIC        PCF85063BTL_SDO
  D:00A8H         PUBLIC        IE
  C:4C79H         PUBLIC        _Read_time
  C:5180H         PUBLIC        _PCF85063BTL_Delay
  D:00B8H         PUBLIC        IP
  D:00D8H         PUBLIC        CCON
  C:4B0AH         PUBLIC        _Day_Of_Year
  C:5076H         PUBLIC        SPI_ReceiveByte
  D:0098H         PUBLIC        SCON
  D:0088H         PUBLIC        TCON
  C:51C7H         PUBLIC        _BCDtoDec
  B:00A0H.0       PUBLIC        PCF85063BTL_CS
  C:51B6H         PUBLIC        _SPI_ReadTime
  C:5216H         PUBLIC        SPI_Init
  C:510BH         PUBLIC        _SPI_WriteTime
  C:5056H         PUBLIC        _SPI_SendByte
  D:00D0H         PUBLIC        PSW
  C:517CH         SYMBOL        L?0047
  -------         PROC          L?0046
  -------         ENDPROC       L?0046
  C:517CH         SYMBOL        L?0047
  -------         PROC          _PCF85063BTL_DELAY
  D:0006H         SYMBOL        us
  C:5180H         LINE#         8
  C:5180H         LINE#         9
  C:5180H         LINE#         10
  C:518AH         LINE#         11
  C:518AH         LINE#         12
  C:518BH         LINE#         13
  C:518DH         LINE#         14
  -------         ENDPROC       _PCF85063BTL_DELAY
  -------         PROC          _SPI_SENDBYTE
  D:0005H         SYMBOL        dat
  -------         DO            
  D:0003H         SYMBOL        i
  -------         ENDDO         
BL51 BANKED LINKER/LOCATER V6.22                                                      03/28/2019  12:33:54  PAGE 15


  C:5056H         LINE#         17
  C:5058H         LINE#         18
  C:5058H         LINE#         20
  C:505AH         LINE#         21
  C:505AH         LINE#         22
  C:505CH         LINE#         23
  C:5060H         LINE#         24
  C:5060H         LINE#         25
  C:5062H         LINE#         26
  C:5064H         LINE#         28
  C:5064H         LINE#         29
  C:5066H         LINE#         30
  C:5066H         LINE#         31
  C:5069H         LINE#         32
  C:5069H         LINE#         33
  C:506CH         LINE#         34
  C:5070H         LINE#         35
  C:5075H         LINE#         36
  -------         ENDPROC       _SPI_SENDBYTE
  -------         PROC          SPI_RECEIVEBYTE
  -------         DO            
  D:0003H         SYMBOL        i
  D:0005H         SYMBOL        dat
  -------         ENDDO         
  C:5076H         LINE#         39
  C:5076H         LINE#         40
  C:5076H         LINE#         42
  C:5078H         LINE#         44
  C:507AH         LINE#         45
  C:507BH         LINE#         46
  C:507BH         LINE#         47
  C:507FH         LINE#         48
  C:5081H         LINE#         49
  C:5084H         LINE#         51
  C:5087H         LINE#         52
  C:5087H         LINE#         53
  C:508BH         LINE#         54
  C:508BH         LINE#         55
  C:508BH         LINE#         56
  C:508EH         LINE#         57
  C:5093H         LINE#         58
  C:5095H         LINE#         59
  -------         ENDPROC       SPI_RECEIVEBYTE
  -------         PROC          _SPI_READTIME
  D:0007H         SYMBOL        addr
  -------         DO            
  D:0006H         SYMBOL        dat
  -------         ENDDO         
  C:51B6H         LINE#         61
  C:51B6H         LINE#         62
  C:51B6H         LINE#         64
  C:51B8H         LINE#         65
  C:51BAH         LINE#         66
  C:51C1H         LINE#         67
  C:51C4H         LINE#         68
  C:51C6H         LINE#         69
  C:51C6H         LINE#         70
BL51 BANKED LINKER/LOCATER V6.22                                                      03/28/2019  12:33:54  PAGE 16


  -------         ENDPROC       _SPI_READTIME
  -------         PROC          _SPI_WRITETIME
  D:0002H         SYMBOL        val
  D:0005H         SYMBOL        addr
  C:510BH         LINE#         71
  C:510DH         LINE#         72
  C:510DH         LINE#         74
  C:510FH         LINE#         75
  C:5116H         LINE#         76
  C:511BH         LINE#         77
  C:5120H         LINE#         78
  C:5122H         LINE#         79
  -------         ENDPROC       _SPI_WRITETIME
  -------         PROC          SPI_INIT
  C:5216H         LINE#         83
  C:5216H         LINE#         84
  C:5216H         LINE#         89
  C:5219H         LINE#         90
  C:521CH         LINE#         91
  C:521EH         LINE#         92
  C:5220H         LINE#         93
  C:5222H         LINE#         94
  -------         ENDPROC       SPI_INIT
  -------         PROC          _READ_TIME
  X:03BBH         SYMBOL        months
  X:03BEH         SYMBOL        days
  X:03C1H         SYMBOL        hours
  X:03C4H         SYMBOL        mins
  X:03C7H         SYMBOL        seconds
  C:4C79H         LINE#         96
  C:4C84H         LINE#         97
  C:4C84H         LINE#         99
  C:4C98H         LINE#         101
  C:4CACH         LINE#         103
  C:4CC0H         LINE#         108
  C:4CD4H         LINE#         113
  -------         ENDPROC       _READ_TIME
  -------         PROC          _BCDTODEC
  D:0007H         SYMBOL        bcd
  -------         DO            
  D:0006H         SYMBOL        hi
  D:0007H         SYMBOL        lo
  -------         ENDDO         
  C:51C7H         LINE#         119
  C:51C7H         LINE#         120
  C:51C7H         LINE#         122
  C:51CCH         LINE#         123
  C:51D0H         LINE#         124
  C:51D7H         LINE#         125
  -------         ENDPROC       _BCDTODEC
  -------         PROC          _DAY_OF_YEAR
  D:0007H         SYMBOL        months_bcd
  D:0005H         SYMBOL        days_bcd
  -------         DO            
  D:0004H         SYMBOL        months
  D:0007H         SYMBOL        days
  -------         ENDDO         
BL51 BANKED LINKER/LOCATER V6.22                                                      03/28/2019  12:33:54  PAGE 17


  C:4B0AH         LINE#         126
  C:4B0AH         LINE#         127
  C:4B0AH         LINE#         130
  C:4B0FH         LINE#         132
  C:4B14H         LINE#         134
  C:4B4DH         LINE#         135
  C:4B4DH         LINE#         136
  C:4B4DH         LINE#         137
  C:4B50H         LINE#         138
  C:4B50H         LINE#         139
  C:4B50H         LINE#         140
  C:4B55H         LINE#         141
  C:4B55H         LINE#         142
  C:4B55H         LINE#         143
  C:4B5AH         LINE#         144
  C:4B5AH         LINE#         145
  C:4B5AH         LINE#         146
  C:4B5FH         LINE#         147
  C:4B5FH         LINE#         148
  C:4B5FH         LINE#         149
  C:4B64H         LINE#         150
  C:4B64H         LINE#         151
  C:4B64H         LINE#         152
  C:4B69H         LINE#         153
  C:4B69H         LINE#         154
  C:4B69H         LINE#         155
  C:4B6EH         LINE#         156
  C:4B6EH         LINE#         157
  C:4B6EH         LINE#         158
  C:4B73H         LINE#         159
  C:4B73H         LINE#         160
  C:4B73H         LINE#         161
  C:4B7BH         LINE#         162
  C:4B7BH         LINE#         163
  C:4B7BH         LINE#         164
  C:4B80H         LINE#         165
  C:4B80H         LINE#         166
  C:4B80H         LINE#         167
  C:4B85H         LINE#         168
  C:4B85H         LINE#         169
  C:4B85H         LINE#         170
  C:4B8DH         LINE#         171
  C:4B8DH         LINE#         172
  C:4B8DH         LINE#         173
  -------         ENDPROC       _DAY_OF_YEAR
  -------         ENDMOD        PCF85063BTL

  -------         MODULE        UART1
  C:0000H         SYMBOL        _ICE_DUMMY_
  D:0080H         PUBLIC        P0
  D:0090H         PUBLIC        P1
  D:00A0H         PUBLIC        P2
  D:00B0H         PUBLIC        P3
  D:00C0H         PUBLIC        P4
  D:00C8H         PUBLIC        P5
  B:00A8H.7       PUBLIC        EA
  D:00E8H         PUBLIC        P6
BL51 BANKED LINKER/LOCATER V6.22                                                      03/28/2019  12:33:54  PAGE 18


  D:00F8H         PUBLIC        P7
  C:4F2EH         PUBLIC        _SendString
  D:00A8H         PUBLIC        IE
  B:00A8H.4       PUBLIC        ES
  D:00B8H         PUBLIC        IP
  C:5123H         PUBLIC        _ASCIItoBCD
  D:00D8H         PUBLIC        CCON
  C:51D8H         PUBLIC        initUART1
  D:0098H         PUBLIC        SCON
  D:0088H         PUBLIC        TCON
  C:000AH         PUBLIC        _DectoBCD
  C:524EH         PUBLIC        _ASCII_Letter
  D:008EH         PUBLIC        AUXR
  C:5249H         PUBLIC        _unit
  C:0003H         PUBLIC        _ten
  D:00D6H         PUBLIC        T2H
  D:00D7H         PUBLIC        T2L
  D:00D0H         PUBLIC        PSW
  -------         PROC          INITUART1
  C:51D8H         LINE#         21
  C:51D8H         LINE#         22
  C:51D8H         LINE#         23
  C:51DBH         LINE#         24
  C:51DEH         LINE#         25
  C:51E1H         LINE#         26
  C:51E4H         LINE#         27
  C:51E6H         LINE#         28
  C:51E8H         LINE#         30
  -------         ENDPROC       INITUART1
  -------         PROC          _SENDSTRING
  X:05F4H         SYMBOL        s
  C:4F2EH         LINE#         35
  C:4F39H         LINE#         36
  C:4F39H         LINE#         37
  C:4F49H         LINE#         38
  C:4F49H         LINE#         39
  C:4F5EH         LINE#         40
  C:4F60H         LINE#         41
  -------         ENDPROC       _SENDSTRING
  -------         PROC          _TEN
  D:0007H         SYMBOL        BCD
  C:0003H         LINE#         43
  C:0003H         LINE#         44
  C:0003H         LINE#         45
  C:0008H         LINE#         46
  -------         ENDPROC       _TEN
  -------         PROC          _UNIT
  D:0007H         SYMBOL        BCD
  C:5249H         LINE#         47
  C:5249H         LINE#         48
  C:5249H         LINE#         52
  C:524DH         LINE#         53
  -------         ENDPROC       _UNIT
  -------         PROC          _DECTOBCD
  D:0007H         SYMBOL        dec
  C:000AH         LINE#         54
  C:000AH         LINE#         55
BL51 BANKED LINKER/LOCATER V6.22                                                      03/28/2019  12:33:54  PAGE 19


  C:000AH         LINE#         57
  C:000AH         LINE#         58
  -------         ENDPROC       _DECTOBCD
  -------         PROC          _ASCII_LETTER
  D:0007H         SYMBOL        dat
  C:524EH         LINE#         60
  C:524EH         LINE#         61
  C:524EH         LINE#         63
  C:5252H         LINE#         64
  -------         ENDPROC       _ASCII_LETTER
  -------         PROC          _ASCIITOBCD
  D:0001H         SYMBOL        ascii
  -------         DO            
  D:0007H         SYMBOL        dec_val
  D:0006H         SYMBOL        ten
  D:0007H         SYMBOL        unit
  -------         ENDDO         
  C:5123H         LINE#         66
  C:5123H         LINE#         67
  C:5123H         LINE#         69
  C:5126H         LINE#         70
  C:512CH         LINE#         71
  C:5133H         LINE#         72
  C:5139H         LINE#         74
  -------         ENDPROC       _ASCIITOBCD
  -------         ENDMOD        UART1

  -------         MODULE        LCD_DRIVER_SPLC780D
  C:0000H         SYMBOL        _ICE_DUMMY_
  D:0092H         PUBLIC        P1M0
  D:0091H         PUBLIC        P1M1
  D:0080H         PUBLIC        P0
  D:0090H         PUBLIC        P1
  D:00A0H         PUBLIC        P2
  D:00B0H         PUBLIC        P3
  D:00C0H         PUBLIC        P4
  D:00C8H         PUBLIC        P5
  D:00E8H         PUBLIC        P6
  D:00F8H         PUBLIC        P7
  C:4B92H         PUBLIC        _WriteData
  D:00A8H         PUBLIC        IE
  D:00B8H         PUBLIC        IP
  D:00D8H         PUBLIC        CCON
  B:00B0H.4       PUBLIC        LCD_D4
  B:00B0H.5       PUBLIC        LCD_D5
  B:00B0H.6       PUBLIC        LCD_D6
  C:50D3H         PUBLIC        _DisplayLCD
  B:00B0H.7       PUBLIC        LCD_D7
  D:0098H         PUBLIC        SCON
  D:0088H         PUBLIC        TCON
  C:518EH         PUBLIC        _abs
  C:5239H         PUBLIC        LCD_clear
  C:4E73H         PUBLIC        _Command
  C:5150H         PUBLIC        _Display_Line
  C:4D42H         PUBLIC        LCD_Init
  C:5038H         PUBLIC        _Wait_ms
  B:00C0H.0       PUBLIC        LCD_RS
BL51 BANKED LINKER/LOCATER V6.22                                                      03/28/2019  12:33:54  PAGE 20


  B:00B0H.2       PUBLIC        LCD_RW
  C:522FH         PUBLIC        LCD_return_home
  C:405CH         PUBLIC        _Display_Pos
  B:00B0H.3       PUBLIC        LCD_E
  D:00D0H         PUBLIC        PSW
  -------         PROC          LCD_INIT
  C:4D42H         LINE#         9
  C:4D42H         LINE#         10
  C:4D42H         LINE#         11
  C:4D45H         LINE#         12
  C:4D48H         LINE#         14
  C:4D4EH         LINE#         15
  C:4D53H         LINE#         17
  C:4D5AH         LINE#         18
  C:4D5FH         LINE#         20
  C:4D62H         LINE#         21
  C:4D67H         LINE#         23
  C:4D6AH         LINE#         24
  C:4D6FH         LINE#         26
  C:4D76H         LINE#         29
  C:4D7BH         LINE#         30
  C:4D80H         LINE#         32
  C:4D85H         LINE#         33
  C:4D8AH         LINE#         35
  C:4D8FH         LINE#         36
  C:4D94H         LINE#         37
  -------         ENDPROC       LCD_INIT
  C:4B8EH         SYMBOL        L?0040
  -------         PROC          L?0039
  -------         ENDPROC       L?0039
  C:4B8EH         SYMBOL        L?0040
  -------         PROC          _WRITEDATA
  X:04A0H         SYMBOL        dat
  C:4B92H         LINE#         40
  C:4B97H         LINE#         41
  C:4B97H         LINE#         46
  C:4B99H         LINE#         47
  C:4B9BH         LINE#         49
  C:4BA9H         LINE#         50
  C:4BB5H         LINE#         51
  C:4BC1H         LINE#         52
  C:4BCBH         LINE#         53
  C:4BCDH         LINE#         54
  C:4BD4H         LINE#         55
  C:4BD6H         LINE#         57
  C:4BE6H         LINE#         58
  C:4BF1H         LINE#         59
  C:4BFBH         LINE#         60
  C:4BFFH         LINE#         62
  C:4BFFH         LINE#         63
  C:4C02H         LINE#         64
  C:4C04H         LINE#         65
  C:4C06H         LINE#         67
  -------         ENDPROC       _WRITEDATA
  -------         PROC          _COMMAND
  D:0007H         SYMBOL        dat
  C:4E73H         LINE#         69
BL51 BANKED LINKER/LOCATER V6.22                                                      03/28/2019  12:33:54  PAGE 21


  C:4E73H         LINE#         70
  C:4E73H         LINE#         71
  C:4E75H         LINE#         72
  C:4E77H         LINE#         74
  C:4E81H         LINE#         75
  C:4E85H         LINE#         77
  C:4E87H         LINE#         78
  C:4E90H         LINE#         79
  C:4E94H         LINE#         81
  C:4E96H         LINE#         82
  C:4E9DH         LINE#         83
  C:4EA1H         LINE#         85
  C:4EA3H         LINE#         86
  C:4EA7H         LINE#         87
  C:4EABH         LINE#         89
  C:4EADH         LINE#         90
  C:4EADH         LINE#         91
  C:4EB0H         LINE#         92
  C:4EB2H         LINE#         93
  -------         ENDPROC       _COMMAND
  C:5034H         SYMBOL        L?0038
  -------         PROC          L?0037
  -------         ENDPROC       L?0037
  C:5034H         SYMBOL        L?0038
  -------         PROC          _WAIT_MS
  D:0006H         SYMBOL        ms
  -------         DO            
  D:0004H         SYMBOL        De_Cnt
  -------         ENDDO         
  C:5038H         LINE#         95
  C:5038H         LINE#         96
  C:5038H         LINE#         98
  C:5042H         LINE#         99
  C:5042H         LINE#         100
  C:5055H         LINE#         101
  C:5055H         LINE#         102
  -------         ENDPROC       _WAIT_MS
  -------         PROC          _DISPLAYLCD
  D:0007H         SYMBOL        BCD
  -------         DO            
  D:0006H         SYMBOL        first_digit
  X:03BBH         SYMBOL        second_digit
  -------         ENDDO         
  C:50D3H         LINE#         103
  C:50D3H         LINE#         104
  C:50D3H         LINE#         106
  C:50DAH         LINE#         107
  C:50E3H         LINE#         109
  C:50E8H         LINE#         111
  -------         ENDPROC       _DISPLAYLCD
  -------         PROC          LCD_RETURN_HOME
  C:522FH         LINE#         115
  C:522FH         LINE#         116
  C:522FH         LINE#         117
  C:5234H         LINE#         118
  -------         ENDPROC       LCD_RETURN_HOME
  -------         PROC          LCD_CLEAR
BL51 BANKED LINKER/LOCATER V6.22                                                      03/28/2019  12:33:54  PAGE 22


  C:5239H         LINE#         121
  C:5239H         LINE#         122
  C:5239H         LINE#         123
  C:523EH         LINE#         124
  -------         ENDPROC       LCD_CLEAR
  -------         PROC          _DISPLAY_LINE
  D:0006H         SYMBOL        line
  C:5150H         LINE#         128
  C:5150H         LINE#         129
  C:5150H         LINE#         130
  C:5156H         LINE#         131
  C:5156H         LINE#         132
  C:5158H         LINE#         133
  C:5158H         LINE#         134
  C:515AH         LINE#         136
  C:515AH         LINE#         137
  C:515FH         LINE#         138
  C:5164H         LINE#         139
  C:5164H         LINE#         140
  -------         ENDPROC       _DISPLAY_LINE
  -------         PROC          _DISPLAY_POS
  X:0496H         SYMBOL        sign_dat
  -------         DO            
  X:049AH         SYMBOL        unit
  X:049BH         SYMBOL        ten
  X:049CH         SYMBOL        hundred
  D:0003H         SYMBOL        thousand
  X:049DH         SYMBOL        after_dot
  X:049EH         SYMBOL        dat
  -------         ENDDO         
  C:405CH         LINE#         142
  C:4062H         LINE#         143
  C:4062H         LINE#         147
  C:407EH         LINE#         148
  C:4098H         LINE#         149
  C:40BCH         LINE#         151
  C:4106H         LINE#         153
  C:411DH         LINE#         154
  C:412AH         LINE#         155
  C:414CH         LINE#         156
  C:4181H         LINE#         157
  C:4199H         LINE#         158
  C:4199H         LINE#         160
  C:4199H         LINE#         161
  C:4199H         LINE#         162
  C:4199H         LINE#         163
  C:4199H         LINE#         164
  C:4199H         LINE#         168
  C:419BH         LINE#         170
  C:419BH         LINE#         172
  C:41A0H         LINE#         173
  C:41A6H         LINE#         174
  C:41ACH         LINE#         175
  C:41B2H         LINE#         176
  C:41B7H         LINE#         177
  C:41BDH         LINE#         181
  C:41BDH         LINE#         183
BL51 BANKED LINKER/LOCATER V6.22                                                      03/28/2019  12:33:54  PAGE 23


  -------         ENDPROC       _DISPLAY_POS
  -------         PROC          _ABS
  D:0006H         SYMBOL        dat
  C:518EH         LINE#         185
  C:518EH         LINE#         186
  C:518EH         LINE#         187
  C:5199H         LINE#         188
  C:519AH         LINE#         190
  C:51A1H         LINE#         191
  -------         ENDPROC       _ABS
  -------         ENDMOD        LCD_DRIVER_SPLC780D

  -------         MODULE        KEYPAD
  C:0000H         SYMBOL        _ICE_DUMMY_
  D:0093H         PUBLIC        P0M1
  D:0080H         PUBLIC        P0
  D:0090H         PUBLIC        P1
  D:00A0H         PUBLIC        P2
  D:00B0H         PUBLIC        P3
  D:00C0H         PUBLIC        P4
  D:00C8H         PUBLIC        P5
  B:0020H.0       PUBLIC        calib_mode
  D:00E8H         PUBLIC        P6
  D:00F8H         PUBLIC        P7
  D:00A8H         PUBLIC        IE
  C:3BBEH         PUBLIC        Key_Scan
  D:00B8H         PUBLIC        IP
  D:00D8H         PUBLIC        CCON
  C:5223H         PUBLIC        KeyPad_IO_Init
  C:50B5H         PUBLIC        _Delay_ms
  D:0098H         PUBLIC        SCON
  D:0088H         PUBLIC        TCON
  B:0020H.1       PUBLIC        small_move
  B:0020H.2       PUBLIC        move
  B:0020H.3       PUBLIC        direction
  B:0020H.4       PUBLIC        auto_move
  C:32B5H         PUBLIC        Key_Process
  D:00D0H         PUBLIC        PSW
  D:0094H         PUBLIC        P0M0
  -------         PROC          _DELAY_MS
  D:0006H         SYMBOL        ms
  -------         DO            
  D:0004H         SYMBOL        De_Cnt
  -------         ENDDO         
  C:50B5H         LINE#         19
  C:50B5H         LINE#         20
  C:50B5H         LINE#         22
  C:50BFH         LINE#         23
  C:50BFH         LINE#         24
  C:50D2H         LINE#         25
  C:50D2H         LINE#         26
  -------         ENDPROC       _DELAY_MS
  -------         PROC          KEY_SCAN
  -------         DO            
  X:03C1H         SYMBOL        KeyTemp1
  X:03C2H         SYMBOL        KeyTemp2
  X:03C3H         SYMBOL        KeyValue
BL51 BANKED LINKER/LOCATER V6.22                                                      03/28/2019  12:33:54  PAGE 24


  -------         ENDDO         
  C:3BBEH         LINE#         27
  C:3BBEH         LINE#         28
  C:3BBEH         LINE#         33
  C:3BC1H         LINE#         36
  C:3BC4H         LINE#         38
  C:3BCCH         LINE#         39
  C:3BD3H         LINE#         40
  C:3BD3H         LINE#         42
  C:3BD8H         LINE#         43
  C:3BDFH         LINE#         44
  C:3BDFH         LINE#         47
  C:3BE2H         LINE#         48
  C:3BE5H         LINE#         49
  C:3BEAH         LINE#         50
  C:3BEEH         LINE#         51
  C:3BEEH         LINE#         52
  C:3BF6H         LINE#         53
  C:3BF6H         LINE#         54
  C:3BF9H         LINE#         55
  C:3C01H         LINE#         56
  C:3C03H         LINE#         58
  C:3C17H         LINE#         59
  C:3C17H         LINE#         60
  C:3C17H         LINE#         61
  C:3C17H         LINE#         62
  C:3C1DH         LINE#         64
  C:3C1FH         LINE#         65
  C:3C1FH         LINE#         66
  C:3C1FH         LINE#         67
  C:3C25H         LINE#         69
  C:3C27H         LINE#         70
  C:3C27H         LINE#         71
  C:3C27H         LINE#         72
  C:3C2DH         LINE#         74
  C:3C2FH         LINE#         75
  C:3C2FH         LINE#         76
  C:3C2FH         LINE#         77
  C:3C35H         LINE#         79
  C:3C35H         LINE#         80
  C:3C35H         LINE#         81
  C:3C35H         LINE#         84
  C:3C38H         LINE#         85
  C:3C3BH         LINE#         86
  C:3C43H         LINE#         87
  C:3C47H         LINE#         88
  C:3C47H         LINE#         89
  C:3C4FH         LINE#         90
  C:3C4FH         LINE#         91
  C:3C52H         LINE#         92
  C:3C5AH         LINE#         93
  C:3C5CH         LINE#         94
  C:3C70H         LINE#         95
  C:3C70H         LINE#         96
  C:3C70H         LINE#         97
  C:3C70H         LINE#         98
  C:3C76H         LINE#         100
BL51 BANKED LINKER/LOCATER V6.22                                                      03/28/2019  12:33:54  PAGE 25


  C:3C78H         LINE#         101
  C:3C78H         LINE#         102
  C:3C78H         LINE#         103
  C:3C7EH         LINE#         105
  C:3C80H         LINE#         106
  C:3C80H         LINE#         107
  C:3C80H         LINE#         108
  C:3C86H         LINE#         110
  C:3C88H         LINE#         111
  C:3C88H         LINE#         112
  C:3C88H         LINE#         113
  C:3C8DH         LINE#         115
  C:3C8DH         LINE#         116
  C:3C8DH         LINE#         117
  C:3C8DH         LINE#         120
  C:3C90H         LINE#         121
  C:3C93H         LINE#         122
  C:3C9BH         LINE#         123
  C:3C9FH         LINE#         124
  C:3C9FH         LINE#         125
  C:3CA7H         LINE#         126
  C:3CA7H         LINE#         127
  C:3CAAH         LINE#         128
  C:3CB2H         LINE#         129
  C:3CB4H         LINE#         130
  C:3CC8H         LINE#         131
  C:3CC8H         LINE#         132
  C:3CC8H         LINE#         133
  C:3CC8H         LINE#         134
  C:3CCEH         LINE#         136
  C:3CD0H         LINE#         137
  C:3CD0H         LINE#         138
  C:3CD0H         LINE#         139
  C:3CD6H         LINE#         141
  C:3CD8H         LINE#         142
  C:3CD8H         LINE#         143
  C:3CD8H         LINE#         144
  C:3CDEH         LINE#         146
  C:3CE0H         LINE#         147
  C:3CE0H         LINE#         148
  C:3CE0H         LINE#         149
  C:3CE6H         LINE#         151
  C:3CE6H         LINE#         152
  C:3CE6H         LINE#         153
  C:3CE6H         LINE#         157
  C:3CE9H         LINE#         158
  C:3CECH         LINE#         159
  C:3CF4H         LINE#         160
  C:3CF8H         LINE#         161
  C:3CF8H         LINE#         162
  C:3D00H         LINE#         163
  C:3D00H         LINE#         164
  C:3D03H         LINE#         165
  C:3D0BH         LINE#         166
  C:3D0DH         LINE#         167
  C:3D21H         LINE#         168
  C:3D21H         LINE#         169
BL51 BANKED LINKER/LOCATER V6.22                                                      03/28/2019  12:33:54  PAGE 26


  C:3D21H         LINE#         170
  C:3D21H         LINE#         171
  C:3D27H         LINE#         173
  C:3D29H         LINE#         174
  C:3D29H         LINE#         175
  C:3D29H         LINE#         176
  C:3D2FH         LINE#         178
  C:3D31H         LINE#         179
  C:3D31H         LINE#         180
  C:3D31H         LINE#         181
  C:3D37H         LINE#         183
  C:3D39H         LINE#         184
  C:3D39H         LINE#         185
  C:3D39H         LINE#         186
  C:3D3FH         LINE#         188
  C:3D3FH         LINE#         189
  C:3D3FH         LINE#         190
  C:3D3FH         LINE#         192
  C:3D45H         LINE#         193
  C:3D45H         LINE#         195
  C:3D45H         LINE#         196
  C:3D48H         LINE#         197
  C:3D48H         LINE#         198
  C:3D48H         LINE#         200
  C:3D48H         LINE#         201
  C:3D4AH         LINE#         202
  C:3D4AH         LINE#         203
  -------         ENDPROC       KEY_SCAN
  -------         PROC          KEY_PROCESS
  -------         DO            
  X:05DEH         SYMBOL        KeyCount
  X:05E0H         SYMBOL        KeyNum_Old
  X:05E1H         SYMBOL        KeyNum
  X:05E2H         SYMBOL        PressedKey
  X:03BBH         SYMBOL        d
  D:0004H         SYMBOL        hours
  D:0006H         SYMBOL        mins
  X:03BDH         SYMBOL        months
  X:03BFH         SYMBOL        days
  -------         ENDDO         
  C:32B5H         LINE#         204
  C:32B5H         LINE#         205
  C:32B5H         LINE#         209
  C:32BDH         LINE#         210
  C:32C5H         LINE#         212
  C:32C8H         LINE#         213
  C:32C8H         LINE#         214
  C:32CBH         LINE#         216
  C:32CBH         LINE#         217
  C:32D8H         LINE#         218
  C:32D8H         LINE#         219
  C:32DBH         LINE#         220
  C:32DEH         LINE#         222
  C:32E1H         LINE#         224
  C:32E1H         LINE#         225
  C:32ECH         LINE#         226
  C:32ECH         LINE#         227
BL51 BANKED LINKER/LOCATER V6.22                                                      03/28/2019  12:33:54  PAGE 27


  C:32EFH         LINE#         229
  C:32EFH         LINE#         230
  C:32F6H         LINE#         231
  C:32F6H         LINE#         232
  C:32F9H         LINE#         234
  C:32F9H         LINE#         235
  C:3301H         LINE#         236
  C:3301H         LINE#         237
  C:330BH         LINE#         238
  C:3313H         LINE#         240
  C:331CH         LINE#         242
  C:331CH         LINE#         251
  C:3331H         LINE#         252
  C:3331H         LINE#         253
  C:3343H         LINE#         254
  C:3351H         LINE#         255
  C:3360H         LINE#         256
  C:3360H         LINE#         258
  C:3366H         LINE#         262
  C:337CH         LINE#         263
  C:338DH         LINE#         264
  C:33A8H         LINE#         265
  C:33A8H         LINE#         266
  C:33B8H         LINE#         267
  C:33C9H         LINE#         268
  C:33C9H         LINE#         272
  C:33E2H         LINE#         273
  C:33F9H         LINE#         274
  C:3419H         LINE#         275
  C:3419H         LINE#         276
  C:3423H         LINE#         277
  C:3423H         LINE#         278
  C:342CH         LINE#         279
  C:342CH         LINE#         280
  C:3440H         LINE#         281
  C:3440H         LINE#         282
  C:3440H         LINE#         283
  C:3440H         LINE#         284
  C:3440H         LINE#         285
  C:3442H         LINE#         287
  C:3442H         LINE#         288
  C:344EH         LINE#         289
  C:344EH         LINE#         290
  C:345FH         LINE#         291
  C:345FH         LINE#         292
  C:345FH         LINE#         293
  C:345FH         LINE#         294
  C:345FH         LINE#         296
  C:3461H         LINE#         298
  C:3461H         LINE#         299
  C:3472H         LINE#         300
  C:3472H         LINE#         301
  C:3472H         LINE#         302
  C:3472H         LINE#         303
  C:3472H         LINE#         305
  C:3472H         LINE#         307
  C:3472H         LINE#         308
BL51 BANKED LINKER/LOCATER V6.22                                                      03/28/2019  12:33:54  PAGE 28


  C:3474H         LINE#         310
  C:3474H         LINE#         311
  C:3487H         LINE#         312
  C:3487H         LINE#         313
  C:3498H         LINE#         314
  C:3498H         LINE#         315
  C:3498H         LINE#         316
  C:3498H         LINE#         317
  C:3498H         LINE#         318
  C:349AH         LINE#         320
  C:349AH         LINE#         321
  C:34ABH         LINE#         322
  C:34ABH         LINE#         323
  C:34BCH         LINE#         324
  C:34CDH         LINE#         325
  C:34CDH         LINE#         326
  C:34CDH         LINE#         327
  C:34CDH         LINE#         328
  C:34CDH         LINE#         330
  C:34E7H         LINE#         331
  C:34E7H         LINE#         332
  C:34ECH         LINE#         333
  C:34ECH         LINE#         334
  C:34F2H         LINE#         335
  C:34F2H         LINE#         336
  C:34F5H         LINE#         337
  C:34FAH         LINE#         338
  C:34FFH         LINE#         339
  C:3504H         LINE#         340
  C:3509H         LINE#         341
  C:350EH         LINE#         342
  C:3513H         LINE#         343
  C:3518H         LINE#         344
  C:3518H         LINE#         345
  C:3518H         LINE#         347
  C:353AH         LINE#         348
  C:353AH         LINE#         349
  C:3544H         LINE#         350
  C:3544H         LINE#         351
  C:3549H         LINE#         352
  C:3552H         LINE#         353
  C:3569H         LINE#         354
  C:3569H         LINE#         355
  C:3579H         LINE#         357
  C:3579H         LINE#         361
  -------         ENDPROC       KEY_PROCESS
  -------         PROC          KEYPAD_IO_INIT
  C:5223H         LINE#         364
  C:5223H         LINE#         365
  C:5223H         LINE#         366
  C:5226H         LINE#         367
  C:5229H         LINE#         368
  C:522CH         LINE#         369
  C:522EH         LINE#         370
  -------         ENDPROC       KEYPAD_IO_INIT
  -------         ENDMOD        KEYPAD

BL51 BANKED LINKER/LOCATER V6.22                                                      03/28/2019  12:33:54  PAGE 29


  -------         MODULE        BIPOLARMOTOR
  C:0000H         SYMBOL        _ICE_DUMMY_
  D:0080H         PUBLIC        P0
  D:0090H         PUBLIC        P1
  X:0000H         PUBLIC        RX_pos_test
  D:00A0H         PUBLIC        P2
  D:00B0H         PUBLIC        P3
  D:00C0H         PUBLIC        P4
  D:00C8H         PUBLIC        P5
  D:00E8H         PUBLIC        P6
  D:00F8H         PUBLIC        P7
  X:00A0H         PUBLIC        low_date_azimuth_mapping
  D:00A8H         PUBLIC        IE
  C:45F0H         PUBLIC        linear_interpolate
  C:4FE3H         PUBLIC        _Move
  D:00B8H         PUBLIC        IP
  C:386DH         PUBLIC        _findDet3x3
  C:357AH         PUBLIC        _findDet4x4
  D:00D8H         PUBLIC        CCON
  X:00C8H         PUBLIC        previous_move_time
  D:0098H         PUBLIC        SCON
  D:0088H         PUBLIC        TCON
  C:5253H         PUBLIC        wait
  C:4EB3H         PUBLIC        _Step_move
  X:00C9H         PUBLIC        dat
  C:1F92H         PUBLIC        _Update_position
  C:4D9BH         PUBLIC        vOneStepMove
  X:00CFH         PUBLIC        elevation_stamp
  X:010BH         PUBLIC        date_azimuth_mapping
  X:0133H         PUBLIC        RX_pos
  C:50FAH         PUBLIC        _BCDtoDec1
  X:038BH         PUBLIC        degree
  C:25ECH         PUBLIC        _TheoricalJP_Position
  D:00D0H         PUBLIC        PSW
  -------         PROC          L?0063
  -------         ENDPROC       L?0063
  -------         PROC          _BCDTODEC1
  D:0007H         SYMBOL        bcd
  -------         DO            
  D:0006H         SYMBOL        hi
  D:0007H         SYMBOL        lo
  -------         ENDDO         
  C:50FAH         LINE#         28
  C:50FAH         LINE#         29
  C:50FAH         LINE#         31
  C:50FFH         LINE#         32
  C:5103H         LINE#         33
  C:510AH         LINE#         34
  -------         ENDPROC       _BCDTODEC1
  -------         PROC          WAIT
  C:5253H         LINE#         36
  C:5253H         LINE#         38
  -------         ENDPROC       WAIT
  -------         PROC          VONESTEPMOVE
  B:0020H.7       SYMBOL        bDir
  C:4D9BH         LINE#         40
  C:4D9BH         LINE#         41
BL51 BANKED LINKER/LOCATER V6.22                                                      03/28/2019  12:33:54  PAGE 30


  C:4D9BH         LINE#         43
  C:4DA1H         LINE#         44
  C:4DA1H         LINE#         45
  C:4DA4H         LINE#         46
  C:4DADH         LINE#         47
  C:4DB4H         LINE#         48
  C:4DB9H         LINE#         49
  C:4DB9H         LINE#         50
  C:4DB9H         LINE#         52
  C:4DBBH         LINE#         55
  C:4DBBH         LINE#         56
  C:4DBEH         LINE#         57
  C:4DC7H         LINE#         58
  C:4DCEH         LINE#         59
  C:4DD4H         LINE#         60
  C:4DDDH         LINE#         61
  C:4DE4H         LINE#         62
  C:4DE4H         LINE#         66
  -------         ENDPROC       VONESTEPMOVE
  -------         PROC          _STEP_MOVE
  X:049AH         SYMBOL        step
  B:0020H.6       SYMBOL        dir
  -------         DO            
  X:049CH         SYMBOL        i
  -------         ENDDO         
  C:4EB3H         LINE#         68
  C:4EBBH         LINE#         69
  C:4EBBH         LINE#         71
  C:4EC0H         LINE#         74
  C:4EDBH         LINE#         75
  C:4EDBH         LINE#         76
  C:4EE2H         LINE#         78
  C:4EF2H         LINE#         80
  -------         ENDPROC       _STEP_MOVE
  -------         PROC          _MOVE
  X:0496H         SYMBOL        distance
  B:0020H.5       SYMBOL        direction
  -------         DO            
  D:0006H         SYMBOL        step
  -------         ENDDO         
  C:4FE3H         LINE#         82
  C:4FE9H         LINE#         83
  C:4FE9H         LINE#         86
  C:5004H         LINE#         87
  -------         ENDPROC       _MOVE
  C:384EH         SYMBOL        L?0059
  C:3862H         SYMBOL        L?0060
  -------         PROC          L?0058
  -------         ENDPROC       L?0058
  C:384EH         SYMBOL        L?0059
  C:3862H         SYMBOL        L?0060
  -------         PROC          _FINDDET3X3
  X:05BAH         SYMBOL        a11
  X:05BEH         SYMBOL        a12
  X:05C2H         SYMBOL        a13
  X:05C6H         SYMBOL        a21
  X:05CAH         SYMBOL        a22
BL51 BANKED LINKER/LOCATER V6.22                                                      03/28/2019  12:33:54  PAGE 31


  X:05CEH         SYMBOL        a23
  X:05D2H         SYMBOL        a31
  X:05D6H         SYMBOL        a32
  X:05DAH         SYMBOL        a33
  C:386DH         LINE#         91
  C:3873H         LINE#         95
  C:3873H         LINE#         96
  C:3A0AH         LINE#         98
  -------         ENDPROC       _FINDDET3X3
  -------         PROC          _FINDDET4X4
  X:057AH         SYMBOL        a11
  X:057EH         SYMBOL        a12
  X:0582H         SYMBOL        a13
  X:0586H         SYMBOL        a14
  X:058AH         SYMBOL        a21
  X:058EH         SYMBOL        a22
  X:0592H         SYMBOL        a23
  X:0596H         SYMBOL        a24
  X:059AH         SYMBOL        a31
  X:059EH         SYMBOL        a32
  X:05A2H         SYMBOL        a33
  X:05A6H         SYMBOL        a34
  X:05AAH         SYMBOL        a41
  X:05AEH         SYMBOL        a42
  X:05B2H         SYMBOL        a43
  X:05B6H         SYMBOL        a44
  C:357AH         LINE#         99
  C:3580H         LINE#         103
  C:3580H         LINE#         110
  C:3839H         LINE#         114
  -------         ENDPROC       _FINDDET4X4
  C:45DFH         SYMBOL        L?0062
  -------         PROC          L?0061
  -------         ENDPROC       L?0061
  C:45DFH         SYMBOL        L?0062
  -------         PROC          LINEAR_INTERPOLATE
  X:048EH         SYMBOL        p1
  X:0496H         SYMBOL        p2
  X:049EH         SYMBOL        x
  -------         DO            
  D:0004H         SYMBOL        fx
  -------         ENDDO         
  C:45F0H         LINE#         120
  C:45F0H         LINE#         121
  C:45F0H         LINE#         124
  C:468FH         LINE#         126
  C:468FH         LINE#         127
  -------         ENDPROC       LINEAR_INTERPOLATE
  -------         PROC          _THEORICALJP_POSITION
  X:0432H         SYMBOL        azimuth
  X:0436H         SYMBOL        elevation
  -------         DO            
  X:043AH         SYMBOL        pos_interpolate_azimuth
  X:0476H         SYMBOL        JP_pos
  X:047AH         SYMBOL        i
  X:047CH         SYMBOL        yy
  X:047EH         SYMBOL        p1
BL51 BANKED LINKER/LOCATER V6.22                                                      03/28/2019  12:33:54  PAGE 32


  X:0486H         SYMBOL        p2
  -------         ENDDO         
  C:25ECH         LINE#         130
  C:25F2H         LINE#         131
  C:25F2H         LINE#         133
  C:25FCH         LINE#         136
  C:2618H         LINE#         137
  C:2618H         LINE#         138
  C:2688H         LINE#         139
  C:2688H         LINE#         140
  C:268FH         LINE#         141
  C:268FH         LINE#         142
  C:26BCH         LINE#         143
  C:26D7H         LINE#         145
  C:271EH         LINE#         146
  C:2752H         LINE#         148
  C:2798H         LINE#         149
  C:27BDH         LINE#         151
  C:27BDH         LINE#         153
  C:2833H         LINE#         154
  C:2833H         LINE#         155
  C:283AH         LINE#         156
  C:283AH         LINE#         157
  C:2867H         LINE#         158
  C:2882H         LINE#         160
  C:28C9H         LINE#         161
  C:28FDH         LINE#         163
  C:2943H         LINE#         164
  C:2965H         LINE#         166
  C:2965H         LINE#         167
  C:2979H         LINE#         170
  C:2995H         LINE#         171
  C:2995H         LINE#         172
  C:2A05H         LINE#         173
  C:2A05H         LINE#         174
  C:2A32H         LINE#         175
  C:2A4DH         LINE#         177
  C:2A7AH         LINE#         178
  C:2A95H         LINE#         180
  C:2AC7H         LINE#         183
  C:2AC7H         LINE#         185
  C:2AD8H         LINE#         186
  C:2AE6H         LINE#         188
  -------         ENDPROC       _THEORICALJP_POSITION
  -------         PROC          _UPDATE_POSITION
  D:0001H         SYMBOL        mnths
  D:0002H         SYMBOL        dys
  X:03E1H         SYMBOL        hurs
  X:03E2H         SYMBOL        mns
  X:03E3H         SYMBOL        sconds
  X:03E4H         SYMBOL        currnt_pos
  X:03E7H         SYMBOL        offset_calib
  -------         DO            
  X:03EBH         SYMBOL        date
  X:03EDH         SYMBOL        i
  X:03EFH         SYMBOL        yy
  X:03F1H         SYMBOL        desired_distance
BL51 BANKED LINKER/LOCATER V6.22                                                      03/28/2019  12:33:54  PAGE 33


  X:03F5H         SYMBOL        distance
  X:03F9H         SYMBOL        JP_pos
  X:03FDH         SYMBOL        current_local_sun_time
  X:0401H         SYMBOL        azimuth
  X:0405H         SYMBOL        elevation
  X:0409H         SYMBOL        time_offset
  X:040DH         SYMBOL        UTC_time
  X:0411H         SYMBOL        declination
  X:0415H         SYMBOL        time
  X:0427H         SYMBOL        location
  X:042FH         SYMBOL        sunCoord
  -------         ENDDO         
  C:1F92H         LINE#         191
  C:1F9BH         LINE#         194
  C:1F9BH         LINE#         195
  C:1FA6H         LINE#         197
  C:1FC2H         LINE#         198
  C:1FCCH         LINE#         206
  C:1FD6H         LINE#         207
  C:1FE0H         LINE#         208
  C:1FEAH         LINE#         209
  C:1FF5H         LINE#         210
  C:2000H         LINE#         211
  C:2019H         LINE#         212
  C:202AH         LINE#         213
  C:2039H         LINE#         216
  C:204DH         LINE#         220
  C:209FH         LINE#         221
  C:2203H         LINE#         222
  C:2253H         LINE#         224
  C:237BH         LINE#         226
  C:244AH         LINE#         233
  C:2491H         LINE#         234
  C:2491H         LINE#         236
  C:24BCH         LINE#         237
  C:24EBH         LINE#         239
  C:2510H         LINE#         240
  C:2575H         LINE#         241
  C:2575H         LINE#         242
  C:258FH         LINE#         243
  C:25A1H         LINE#         244
  C:25B9H         LINE#         245
  C:25CFH         LINE#         247
  C:25EBH         LINE#         248
  C:25EBH         LINE#         249
  C:25EBH         LINE#         252
  -------         ENDPROC       _UPDATE_POSITION
  -------         ENDMOD        BIPOLARMOTOR

  -------         MODULE        SUNPOS
  C:0000H         SYMBOL        _ICE_DUMMY_
  C:17F0H         PUBLIC        sunpos
  -------         PROC          SUNPOS
  X:0432H         SYMBOL        udtTime
  X:0444H         SYMBOL        udtLocation
  X:044CH         SYMBOL        udtSunCoordinates
  -------         DO            
BL51 BANKED LINKER/LOCATER V6.22                                                      03/28/2019  12:33:54  PAGE 34


  X:044FH         SYMBOL        dElapsedJulianDays
  X:0453H         SYMBOL        dDecimalHours
  X:0457H         SYMBOL        dEclipticLongitude
  X:045BH         SYMBOL        dEclipticObliquity
  X:045FH         SYMBOL        dRightAscension
  X:0463H         SYMBOL        dDeclination
  X:0467H         SYMBOL        dY
  X:046BH         SYMBOL        dX
  -------         DO            
  X:046FH         SYMBOL        dJulianDate
  X:0473H         SYMBOL        liAux1
  X:0477H         SYMBOL        liAux2
  X:046FH         SYMBOL        dMeanLongitude
  X:0473H         SYMBOL        dMeanAnomaly
  X:0477H         SYMBOL        dOmega
  X:046FH         SYMBOL        dSin_EclipticLongitude
  X:046FH         SYMBOL        dGreenwichMeanSiderealTime
  X:0473H         SYMBOL        dLocalMeanSiderealTime
  X:0477H         SYMBOL        dLatitudeInRadians
  X:047BH         SYMBOL        dHourAngle
  X:047FH         SYMBOL        dCos_Latitude
  X:0483H         SYMBOL        dSin_Latitude
  X:0487H         SYMBOL        dCos_HourAngle
  X:048BH         SYMBOL        dParallax
  -------         ENDDO         
  -------         DO            
  X:046FH         SYMBOL        dMeanLongitude
  X:0473H         SYMBOL        dMeanAnomaly
  X:0477H         SYMBOL        dOmega
  X:046FH         SYMBOL        dSin_EclipticLongitude
  X:046FH         SYMBOL        dGreenwichMeanSiderealTime
  X:0473H         SYMBOL        dLocalMeanSiderealTime
  X:0477H         SYMBOL        dLatitudeInRadians
  X:047BH         SYMBOL        dHourAngle
  X:047FH         SYMBOL        dCos_Latitude
  X:0483H         SYMBOL        dSin_Latitude
  X:0487H         SYMBOL        dCos_HourAngle
  X:048BH         SYMBOL        dParallax
  -------         ENDDO         
  -------         DO            
  X:046FH         SYMBOL        dSin_EclipticLongitude
  X:046FH         SYMBOL        dGreenwichMeanSiderealTime
  X:0473H         SYMBOL        dLocalMeanSiderealTime
  X:0477H         SYMBOL        dLatitudeInRadians
  X:047BH         SYMBOL        dHourAngle
[...]
  C:44E5H         LINE#         153
  C:44E7H         LINE#         154
  C:44EAH         LINE#         155
  C:44F1H         LINE#         157
  -------         ENDPROC       _AT25SF041_WRITE
  -------         PROC          _AT25SF041_READ
  D:0003H         SYMBOL        opcode
  X:05E8H         SYMBOL        addr
  -------         DO            
  X:05ECH         SYMBOL        dat
  X:05EDH         SYMBOL        i
  -------         ENDDO         
  C:42E0H         LINE#         159
  C:42E2H         LINE#         160
  C:42E2H         LINE#         161
  C:42E7H         LINE#         163
  C:42E9H         LINE#         164
  C:42EFH         LINE#         168
BL51 BANKED LINKER/LOCATER V6.22                                                      03/28/2019  12:33:54  PAGE 47


  C:42F4H         LINE#         169
  C:42F4H         LINE#         170
  C:42F6H         LINE#         171
  C:42F9H         LINE#         172
  C:42FDH         LINE#         173
  C:42FDH         LINE#         174
  C:42FFH         LINE#         175
  C:4301H         LINE#         177
  C:4301H         LINE#         178
  C:4303H         LINE#         180
  C:4303H         LINE#         181
  C:4303H         LINE#         182
  C:4303H         LINE#         183
  C:4306H         LINE#         184
  C:430AH         LINE#         187
  C:4329H         LINE#         189
  C:4330H         LINE#         190
  C:4330H         LINE#         191
  C:4332H         LINE#         192
  C:4335H         LINE#         193
  C:4351H         LINE#         194
  C:4351H         LINE#         195
  C:4353H         LINE#         196
  C:4355H         LINE#         198
  C:4355H         LINE#         199
  C:4357H         LINE#         201
  C:4357H         LINE#         202
  C:4357H         LINE#         203
  C:4357H         LINE#         204
  C:435AH         LINE#         205
  C:4373H         LINE#         207
  C:4392H         LINE#         210
  C:4399H         LINE#         212
  C:439BH         LINE#         213
  C:43A2H         LINE#         215
  C:43A9H         LINE#         216
  C:43A9H         LINE#         217
  C:43B0H         LINE#         218
  C:43B0H         LINE#         219
  C:43B3H         LINE#         220
  C:43B5H         LINE#         221
  C:43B8H         LINE#         223
  C:43BBH         LINE#         224
  C:43BBH         LINE#         226
  C:43BFH         LINE#         227
  C:43BFH         LINE#         233
  C:43DEH         LINE#         236
  C:43E0H         LINE#         237
  C:43E3H         LINE#         238
  C:43EAH         LINE#         240
  C:43EFH         LINE#         242
  -------         ENDPROC       _AT25SF041_READ
  -------         PROC          UCREAD_STATUS_REGISTER_BYTE1
  -------         DO            
  D:0003H         SYMBOL        dat
  D:0001H         SYMBOL        opcode
  X:049EH         SYMBOL        count
BL51 BANKED LINKER/LOCATER V6.22                                                      03/28/2019  12:33:54  PAGE 48


  X:049FH         SYMBOL        i
  -------         ENDDO         
  C:48A4H         LINE#         246
  C:48A4H         LINE#         247
  C:48A4H         LINE#         248
  C:48AAH         LINE#         249
  C:48AEH         LINE#         250
  C:48B0H         LINE#         251
  C:48B2H         LINE#         252
  C:48B8H         LINE#         256
  C:48BFH         LINE#         257
  C:48BFH         LINE#         258
  C:48C1H         LINE#         259
  C:48C4H         LINE#         260
  C:48C8H         LINE#         261
  C:48C8H         LINE#         262
  C:48CAH         LINE#         263
  C:48CCH         LINE#         265
  C:48CCH         LINE#         266
  C:48CEH         LINE#         268
  C:48CEH         LINE#         269
  C:48CEH         LINE#         270
  C:48CEH         LINE#         271
  C:48D1H         LINE#         272
  C:48D5H         LINE#         275
  C:48F4H         LINE#         279
  C:48FBH         LINE#         281
  C:48FDH         LINE#         282
  C:4904H         LINE#         283
  C:490BH         LINE#         284
  C:490BH         LINE#         285
  C:490FH         LINE#         286
  C:490FH         LINE#         287
  C:4912H         LINE#         288
  C:4914H         LINE#         289
  C:4917H         LINE#         291
  C:491AH         LINE#         292
  C:491AH         LINE#         294
  C:491EH         LINE#         295
  C:491EH         LINE#         297
  C:493DH         LINE#         301
  C:493FH         LINE#         302
  C:4942H         LINE#         303
  C:4944H         LINE#         304
  -------         ENDPROC       UCREAD_STATUS_REGISTER_BYTE1
  -------         PROC          SPI_NOR_WRITE_DATA
  X:03BBH         SYMBOL        dat
  X:03C6H         SYMBOL        addr
  C:3D4BH         LINE#         306
  C:3D4BH         LINE#         307
  C:3D4BH         LINE#         309
  C:3D4EH         LINE#         311
  C:3D68H         LINE#         312
  C:3D86H         LINE#         314
  C:3D8DH         LINE#         315
  C:3D90H         LINE#         317
  C:3DAAH         LINE#         318
BL51 BANKED LINKER/LOCATER V6.22                                                      03/28/2019  12:33:54  PAGE 49


  C:3DAAH         LINE#         319
  C:3DAAH         LINE#         322
  C:3DADH         LINE#         324
  C:3DC7H         LINE#         325
  C:3DC7H         LINE#         326
  C:3DC7H         LINE#         328
  C:3DCAH         LINE#         330
  C:3DE4H         LINE#         331
  C:3DE4H         LINE#         332
  C:3DE4H         LINE#         334
  C:3DE7H         LINE#         336
  C:3E01H         LINE#         337
  C:3E01H         LINE#         338
  C:3E01H         LINE#         340
  C:3E04H         LINE#         342
  C:3E1EH         LINE#         343
  C:3E1EH         LINE#         344
  C:3E1EH         LINE#         346
  C:3E21H         LINE#         348
  C:3E3BH         LINE#         349
  C:3E3BH         LINE#         350
  C:3E3BH         LINE#         352
  C:3E3EH         LINE#         354
  C:3E58H         LINE#         355
  C:3E58H         LINE#         356
  C:3E58H         LINE#         358
  C:3E5BH         LINE#         360
  C:3E75H         LINE#         361
  C:3E75H         LINE#         362
  C:3E75H         LINE#         364
  C:3E78H         LINE#         366
  C:3E92H         LINE#         367
  C:3E92H         LINE#         368
  C:3E92H         LINE#         370
  C:3E95H         LINE#         372
  C:3EAFH         LINE#         373
  C:3EB6H         LINE#         374
  -------         ENDPROC       SPI_NOR_WRITE_DATA
  -------         ENDMOD        AT25SF041

  -------         MODULE        ?C_STARTUP
  C:4A7EH         SEGMENT       ?C_C51STARTUP
  I:0022H         SEGMENT       ?STACK
  C:0000H         PUBLIC        ?C_STARTUP
  D:00E0H         SYMBOL        ACC
  D:00F0H         SYMBOL        B
  D:0083H         SYMBOL        DPH
  D:0082H         SYMBOL        DPL
  N:0000H         SYMBOL        IBPSTACK
  N:0100H         SYMBOL        IBPSTACKTOP
  N:0080H         SYMBOL        IDATALEN
  C:4A81H         SYMBOL        IDATALOOP
  N:0000H         SYMBOL        PBPSTACK
  N:0100H         SYMBOL        PBPSTACKTOP
  N:0000H         SYMBOL        PDATALEN
  N:0000H         SYMBOL        PDATASTART
  N:0000H         SYMBOL        PPAGE
BL51 BANKED LINKER/LOCATER V6.22                                                      03/28/2019  12:33:54  PAGE 50


  N:0000H         SYMBOL        PPAGEENABLE
  D:00A0H         SYMBOL        PPAGE_SFR
  D:0081H         SYMBOL        SP
  C:4A7EH         SYMBOL        STARTUP1
  N:0000H         SYMBOL        XBPSTACK
  N:0000H         SYMBOL        XBPSTACKTOP
  N:0000H         SYMBOL        XDATALEN
  N:0000H         SYMBOL        XDATASTART
  C:0000H         LINE#         126
  C:4A7EH         LINE#         133
  C:4A80H         LINE#         134
  C:4A81H         LINE#         135
  C:4A82H         LINE#         136
  C:4A84H         LINE#         185
  C:4A87H         LINE#         196
  -------         ENDMOD        ?C_STARTUP

  -------         MODULE        ?C?FPADD
  C:0E41H         PUBLIC        ?C?FPADD
  C:0E3DH         PUBLIC        ?C?FPSUB
  -------         ENDMOD        ?C?FPADD

  -------         MODULE        ?C?FPMUL
  C:0F32H         PUBLIC        ?C?FPMUL
  -------         ENDMOD        ?C?FPMUL

  -------         MODULE        ?C?FPDIV
  C:103BH         PUBLIC        ?C?FPDIV
  -------         ENDMOD        ?C?FPDIV

  -------         MODULE        ?C?FPCMP
  C:10DAH         PUBLIC        ?C?FPCMP
  C:10D8H         PUBLIC        ?C?FPCMP3
  -------         ENDMOD        ?C?FPCMP

  -------         MODULE        ?C?FPNEG
  C:1151H         PUBLIC        ?C?FPNEG
  -------         ENDMOD        ?C?FPNEG

  -------         MODULE        ?C?FCAST
  C:116CH         PUBLIC        ?C?FCASTC
  C:1167H         PUBLIC        ?C?FCASTI
  C:1162H         PUBLIC        ?C?FCASTL
  -------         ENDMOD        ?C?FCAST

  -------         MODULE        ?C?CASTF
  C:11A0H         PUBLIC        ?C?CASTF
  -------         ENDMOD        ?C?CASTF

  -------         MODULE        ATAN2
  X:048FH         PUBLIC        ?_atan2?BYTE
  C:4945H         PUBLIC        _atan2
  -------         ENDMOD        ATAN2

  -------         MODULE        SIN
  C:3F1CH         PUBLIC        _COS
  C:3F32H         PUBLIC        _SIN
BL51 BANKED LINKER/LOCATER V6.22                                                      03/28/2019  12:33:54  PAGE 51


  C:3F6EH         PUBLIC        _TAN
  -------         ENDMOD        SIN

  -------         MODULE        ACOS
  C:4DE5H         PUBLIC        _ACOS
  -------         ENDMOD        ACOS

  -------         MODULE        ASIN
  C:4EF3H         PUBLIC        _ASIN
  -------         ENDMOD        ASIN

  -------         MODULE        SQRT
  C:47FCH         PUBLIC        _SQRT
  -------         ENDMOD        SQRT

  -------         MODULE        ATAN
  C:41DEH         PUBLIC        _ATAN
  -------         ENDMOD        ATAN

  -------         MODULE        ?C?COPY
  C:133EH         PUBLIC        ?C?COPY
  -------         ENDMOD        ?C?COPY

  -------         MODULE        ?C?CLDPTR
  C:1364H         PUBLIC        ?C?CLDPTR
  -------         ENDMOD        ?C?CLDPTR

  -------         MODULE        ?C?CLDOPTR
  C:137DH         PUBLIC        ?C?CLDOPTR
  -------         ENDMOD        ?C?CLDOPTR

  -------         MODULE        ?C?CSTPTR
  C:13AAH         PUBLIC        ?C?CSTPTR
  -------         ENDMOD        ?C?CSTPTR

  -------         MODULE        ?C?IMUL
  C:13BCH         PUBLIC        ?C?IMUL
  -------         ENDMOD        ?C?IMUL

  -------         MODULE        ?C?UIDIV
  C:13CEH         PUBLIC        ?C?UIDIV
  -------         ENDMOD        ?C?UIDIV

  -------         MODULE        ?C?SIDIV
  C:1423H         PUBLIC        ?C?SIDIV
  -------         ENDMOD        ?C?SIDIV

  -------         MODULE        ?C?ILDIX
  C:1459H         PUBLIC        ?C?ILDIX
  -------         ENDMOD        ?C?ILDIX

  -------         MODULE        ?C?ILDOPTR
  C:146FH         PUBLIC        ?C?ILDOPTR
  -------         ENDMOD        ?C?ILDOPTR

  -------         MODULE        ?C?ISTPTR
  C:14A7H         PUBLIC        ?C?ISTPTR
BL51 BANKED LINKER/LOCATER V6.22                                                      03/28/2019  12:33:54  PAGE 52


  -------         ENDMOD        ?C?ISTPTR

  -------         MODULE        ?C?LMUL
  C:14C6H         PUBLIC        ?C?LMUL
  -------         ENDMOD        ?C?LMUL

  -------         MODULE        ?C?SLDIV
  C:4E2FH         PUBLIC        ?C?SLDIV
  -------         ENDMOD        ?C?SLDIV

  -------         MODULE        ?C?LNEG
  C:1515H         PUBLIC        ?C?LNEG
  -------         ENDMOD        ?C?LNEG

  -------         MODULE        ?C?ULCMP
  C:1523H         PUBLIC        ?C?ULCMP
  -------         ENDMOD        ?C?ULCMP

  -------         MODULE        ?C?LSHL
  C:1534H         PUBLIC        ?C?LSHL
  -------         ENDMOD        ?C?LSHL

  -------         MODULE        ?C?LLDPTR
  C:1547H         PUBLIC        ?C?LLDPTR
  -------         ENDMOD        ?C?LLDPTR

  -------         MODULE        ?C?LLDOPTR
  C:1567H         PUBLIC        ?C?LLDOPTR
  -------         ENDMOD        ?C?LLDOPTR

  -------         MODULE        ?C?LSTPTR
  C:1597H         PUBLIC        ?C?LSTPTR
  -------         ENDMOD        ?C?LSTPTR

  -------         MODULE        ?C?LSTOPTR
  C:15B1H         PUBLIC        ?C?LSTOPTR
  -------         ENDMOD        ?C?LSTOPTR

  -------         MODULE        ?C?LLDXDATA
  C:15D5H         PUBLIC        ?C?LLDXDATA
  -------         ENDMOD        ?C?LLDXDATA

  -------         MODULE        ?C?LLDCODE
  C:15E1H         PUBLIC        ?C?LLDCODE
  -------         ENDMOD        ?C?LLDCODE

  -------         MODULE        ?C?LLDXDATA0
  C:15F1H         PUBLIC        ?C?LLDXDATA0
  -------         ENDMOD        ?C?LLDXDATA0

  -------         MODULE        ?C?LLDCODE0
  C:15FDH         PUBLIC        ?C?LLDCODE0
  -------         ENDMOD        ?C?LLDCODE0

  -------         MODULE        ?C?LLDPTR0
  C:160DH         PUBLIC        ?C?LLDPTR0
  -------         ENDMOD        ?C?LLDPTR0
BL51 BANKED LINKER/LOCATER V6.22                                                      03/28/2019  12:33:54  PAGE 53



  -------         MODULE        ?C?LSTXDATA
  C:162DH         PUBLIC        ?C?LSTXDATA
  -------         ENDMOD        ?C?LSTXDATA

  -------         MODULE        ?C?LSTKXDATA
  C:1639H         PUBLIC        ?C?LSTKXDATA
  -------         ENDMOD        ?C?LSTKXDATA

  -------         MODULE        ?C?LSTKPTR
  C:166AH         PUBLIC        ?C?LSTKPTR
  -------         ENDMOD        ?C?LSTKPTR

  -------         MODULE        ?C?OFFXADD
  C:1684H         PUBLIC        ?C?OFFXADD
  -------         ENDMOD        ?C?OFFXADD

  -------         MODULE        ATOI
  C:44F2H         PUBLIC        _atoi
  -------         ENDMOD        ATOI

  -------         MODULE        ?C?IILDX
  C:1690H         PUBLIC        ?C?IILDX
  -------         ENDMOD        ?C?IILDX

  -------         MODULE        ?C?ULDIV
  C:16E2H         PUBLIC        ?C?ULDIV
  -------         ENDMOD        ?C?ULDIV

  -------         MODULE        ?C?LLDIDATA
  C:1774H         PUBLIC        ?C?LLDIDATA
  -------         ENDMOD        ?C?LLDIDATA

  -------         MODULE        ?C?LLDPDATA
  C:1780H         PUBLIC        ?C?LLDPDATA
  -------         ENDMOD        ?C?LLDPDATA

  -------         MODULE        ?C?LLDIDATA0
  C:178CH         PUBLIC        ?C?LLDIDATA0
  -------         ENDMOD        ?C?LLDIDATA0

  -------         MODULE        ?C?LLDPDATA0
  C:1799H         PUBLIC        ?C?LLDPDATA0
  -------         ENDMOD        ?C?LLDPDATA0

  -------         MODULE        ?C?LSTIDATA
  C:17A6H         PUBLIC        ?C?LSTIDATA
  -------         ENDMOD        ?C?LSTIDATA

  -------         MODULE        ?C?LSTPDATA
  C:17B2H         PUBLIC        ?C?LSTPDATA
  -------         ENDMOD        ?C?LSTPDATA

  -------         MODULE        ?C?LSTKIDATA
  C:17BEH         PUBLIC        ?C?LSTKIDATA
  -------         ENDMOD        ?C?LSTKIDATA

BL51 BANKED LINKER/LOCATER V6.22                                                      03/28/2019  12:33:54  PAGE 54


  -------         MODULE        ?C?LSTKPDATA
  C:17D7H         PUBLIC        ?C?LSTKPDATA
  -------         ENDMOD        ?C?LSTKPDATA

  -------         MODULE        ISDIGIT
  C:5207H         PUBLIC        _isdigit
  -------         ENDMOD        ISDIGIT

  -------         MODULE        ISSPACE
  C:51A2H         PUBLIC        _isspace
  -------         ENDMOD        ISSPACE

*** WARNING L16: UNCALLED SEGMENT, IGNORED FOR OVERLAY PROCESS
    SEGMENT: ?PR?_DAY_OF_YEAR?PCF85063BTL

*** WARNING L16: UNCALLED SEGMENT, IGNORED FOR OVERLAY PROCESS
    SEGMENT: ?PR?INITUART1?UART1

*** WARNING L16: UNCALLED SEGMENT, IGNORED FOR OVERLAY PROCESS
    SEGMENT: ?PR?_SENDSTRING?UART1

*** WARNING L16: UNCALLED SEGMENT, IGNORED FOR OVERLAY PROCESS
    SEGMENT: ?PR?_TEN?UART1

*** WARNING L16: UNCALLED SEGMENT, IGNORED FOR OVERLAY PROCESS
    SEGMENT: ?PR?_UNIT?UART1

*** WARNING L16: UNCALLED SEGMENT, IGNORED FOR OVERLAY PROCESS
    SEGMENT: ?PR?_DECTOBCD?UART1

*** WARNING L16: UNCALLED SEGMENT, IGNORED FOR OVERLAY PROCESS
    SEGMENT: ?PR?_ASCII_LETTER?UART1

*** WARNING L16: UNCALLED SEGMENT, IGNORED FOR OVERLAY PROCESS
    SEGMENT: ?PR?_ASCIITOBCD?UART1

*** WARNING L16: UNCALLED SEGMENT, IGNORED FOR OVERLAY PROCESS
    SEGMENT: ?PR?WAIT?BIPOLARMOTOR

*** WARNING L16: UNCALLED SEGMENT, IGNORED FOR OVERLAY PROCESS
    SEGMENT: ?PR?_FINDDET4X4?BIPOLARMOTOR

*** WARNING L16: UNCALLED SEGMENT, IGNORED FOR OVERLAY PROCESS
    SEGMENT: ?PR?NOP?IOEXPANDER_PI4IOE5V96248

*** WARNING L16: UNCALLED SEGMENT, IGNORED FOR OVERLAY PROCESS
    SEGMENT: ?PR?UC_ACK?IOEXPANDER_PI4IOE5V96248

*** WARNING L16: UNCALLED SEGMENT, IGNORED FOR OVERLAY PROCESS
    SEGMENT: ?PR?UC_NACK?IOEXPANDER_PI4IOE5V96248

*** WARNING L16: UNCALLED SEGMENT, IGNORED FOR OVERLAY PROCESS
    SEGMENT: ?PR?_AT25SF041_READ?AT25SF041

*** WARNING L1: UNRESOLVED EXTERNAL SYMBOL
    SYMBOL:  AUTO_MODE
    MODULE:  .\Obj\main.obj (MAIN)
BL51 BANKED LINKER/LOCATER V6.22                                                      03/28/2019  12:33:54  PAGE 55



*** WARNING L1: UNRESOLVED EXTERNAL SYMBOL
    SYMBOL:  SPI_NOR_CLEARENABLE
    MODULE:  .\Obj\main.obj (MAIN)

*** WARNING L2: REFERENCE MADE TO UNRESOLVED EXTERNAL
    SYMBOL:  AUTO_MODE
    MODULE:  .\Obj\main.obj (MAIN)
    ADDRESS: 003BH

*** WARNING L2: REFERENCE MADE TO UNRESOLVED EXTERNAL
    SYMBOL:  SPI_NOR_CLEARENABLE
    MODULE:  .\Obj\main.obj (MAIN)
    ADDRESS: 0041H

*** WARNING L2: REFERENCE MADE TO UNRESOLVED EXTERNAL
    SYMBOL:  AUTO_MODE
    MODULE:  .\Obj\main.obj (MAIN)
    ADDRESS: 01B4H

*** WARNING L2: REFERENCE MADE TO UNRESOLVED EXTERNAL
    SYMBOL:  AUTO_MODE
    MODULE:  .\Obj\main.obj (MAIN)
    ADDRESS: 01C2H

*** WARNING L2: REFERENCE MADE TO UNRESOLVED EXTERNAL
    SYMBOL:  AUTO_MODE
    MODULE:  .\Obj\main.obj (MAIN)
    ADDRESS: 01D4H

*** WARNING L2: REFERENCE MADE TO UNRESOLVED EXTERNAL
    SYMBOL:  AUTO_MODE
    MODULE:  .\Obj\main.obj (MAIN)
    ADDRESS: 0216H

*** WARNING L2: REFERENCE MADE TO UNRESOLVED EXTERNAL
    SYMBOL:  AUTO_MODE
    MODULE:  .\Obj\main.obj (MAIN)
    ADDRESS: 02E9H

*** WARNING L2: REFERENCE MADE TO UNRESOLVED EXTERNAL
    SYMBOL:  SPI_NOR_CLEARENABLE
    MODULE:  .\Obj\main.obj (MAIN)
    ADDRESS: 0DA5H

*** WARNING L2: REFERENCE MADE TO UNRESOLVED EXTERNAL
    SYMBOL:  SPI_NOR_CLEARENABLE
    MODULE:  .\Obj\main.obj (MAIN)
    ADDRESS: 0E0EH

*** WARNING L1: UNRESOLVED EXTERNAL SYMBOL
    SYMBOL:  _SENDUART1
    MODULE:  .\Obj\UART1.obj (UART1)

*** WARNING L2: REFERENCE MADE TO UNRESOLVED EXTERNAL
    SYMBOL:  _SENDUART1
    MODULE:  .\Obj\UART1.obj (UART1)
BL51 BANKED LINKER/LOCATER V6.22                                                      03/28/2019  12:33:54  PAGE 56


    ADDRESS: 4F5CH

*** WARNING L1: UNRESOLVED EXTERNAL SYMBOL
    SYMBOL:  AUTO_MODE
    MODULE:  .\Obj\KeyPad.obj (KEYPAD)

*** WARNING L1: UNRESOLVED EXTERNAL SYMBOL
    SYMBOL:  SPI_NOR_CLEARENABLE
    MODULE:  .\Obj\KeyPad.obj (KEYPAD)

*** WARNING L2: REFERENCE MADE TO UNRESOLVED EXTERNAL
    SYMBOL:  AUTO_MODE
    MODULE:  .\Obj\KeyPad.obj (KEYPAD)
    ADDRESS: 3302H

*** WARNING L2: REFERENCE MADE TO UNRESOLVED EXTERNAL
    SYMBOL:  AUTO_MODE
    MODULE:  .\Obj\KeyPad.obj (KEYPAD)
    ADDRESS: 330DH

*** WARNING L2: REFERENCE MADE TO UNRESOLVED EXTERNAL
    SYMBOL:  AUTO_MODE
    MODULE:  .\Obj\KeyPad.obj (KEYPAD)
    ADDRESS: 3314H

*** WARNING L2: REFERENCE MADE TO UNRESOLVED EXTERNAL
    SYMBOL:  SPI_NOR_CLEARENABLE
    MODULE:  .\Obj\KeyPad.obj (KEYPAD)
    ADDRESS: 34E8H

*** WARNING L2: REFERENCE MADE TO UNRESOLVED EXTERNAL
    SYMBOL:  SPI_NOR_CLEARENABLE
    MODULE:  .\Obj\KeyPad.obj (KEYPAD)
    ADDRESS: 34EDH

Program Size: data=10.2 xdata=1529 code=21077
LINK/LOCATE RUN COMPLETE.  34 WARNING(S),  0 ERROR(S)
