BL51 BANKED LINKER/LOCATER V6.22                                                        12/21/2018  12:34:23  PAGE 1


BL51 BANKED LINKER/LOCATER V6.22, INVOKED BY:
C:\KEIL_V5\C51\BIN\BL51.EXE .\Obj\main.obj, .\Obj\PCF85063BTL.obj, .\Obj\UART1.obj, .\Obj\LCd_Driver_SPLC780D.obj, .\Obj
>> \KeyPad.obj, .\Obj\VCNL4035.obj, .\Obj\BipolarMotor.obj, .\Obj\SunPos.obj, .\Obj\ADC.obj, .\Obj\Calibration.obj, .\Ob
>> j\STARTUP.obj TO .\Obj\GPIO_RTC_Test PRINT (.\Lis\GPIO_RTC_Test.m51) RAMSIZE (256)


MEMORY MODEL: LARGE WITH FLOATING POINT ARITHMETIC


INPUT MODULES INCLUDED:
  .\Obj\main.obj (MAIN)
  .\Obj\PCF85063BTL.obj (PCF85063BTL)
  .\Obj\UART1.obj (UART1)
  .\Obj\LCd_Driver_SPLC780D.obj (LCD_DRIVER_SPLC780D)
  .\Obj\KeyPad.obj (KEYPAD)
  .\Obj\VCNL4035.obj (VCNL4035)
  .\Obj\BipolarMotor.obj (BIPOLARMOTOR)
  .\Obj\SunPos.obj (SUNPOS)
  .\Obj\ADC.obj (ADC)
  .\Obj\Calibration.obj (CALIBRATION)
  .\Obj\STARTUP.obj (?C_STARTUP)
  C:\KEIL_V5\C51\LIB\C51FPL.LIB (?C?FPADD)
  C:\KEIL_V5\C51\LIB\C51FPL.LIB (?C?FPMUL)
  C:\KEIL_V5\C51\LIB\C51FPL.LIB (?C?FPDIV)
  C:\KEIL_V5\C51\LIB\C51FPL.LIB (?C?FPCMP)
  C:\KEIL_V5\C51\LIB\C51FPL.LIB (?C?FPNEG)
  C:\KEIL_V5\C51\LIB\C51FPL.LIB (?C?FCAST)
  C:\KEIL_V5\C51\LIB\C51FPL.LIB (?C?CASTF)
  C:\KEIL_V5\C51\LIB\C51FPL.LIB (ATAN2)
  C:\KEIL_V5\C51\LIB\C51FPL.LIB (SIN)
  C:\KEIL_V5\C51\LIB\C51FPL.LIB (ACOS)
  C:\KEIL_V5\C51\LIB\C51FPL.LIB (ASIN)
  C:\KEIL_V5\C51\LIB\C51FPL.LIB (?C?FPGETOPN)
  C:\KEIL_V5\C51\LIB\C51FPL.LIB (?C?FPSERIES)
  C:\KEIL_V5\C51\LIB\C51FPL.LIB (SQRT)
  C:\KEIL_V5\C51\LIB\C51FPL.LIB (ATAN)
  C:\KEIL_V5\C51\LIB\C51L.LIB (?C_INIT)
  C:\KEIL_V5\C51\LIB\C51L.LIB (?C?COPY)
  C:\KEIL_V5\C51\LIB\C51L.LIB (?C?CLDPTR)
  C:\KEIL_V5\C51\LIB\C51L.LIB (?C?CSTPTR)
  C:\KEIL_V5\C51\LIB\C51L.LIB (?C?IMUL)
  C:\KEIL_V5\C51\LIB\C51L.LIB (?C?UIDIV)
  C:\KEIL_V5\C51\LIB\C51L.LIB (?C?SIDIV)
  C:\KEIL_V5\C51\LIB\C51L.LIB (?C?ILDIX)
  C:\KEIL_V5\C51\LIB\C51L.LIB (?C?ILDOPTR)
  C:\KEIL_V5\C51\LIB\C51L.LIB (?C?LMUL)
  C:\KEIL_V5\C51\LIB\C51L.LIB (?C?SLDIV)
  C:\KEIL_V5\C51\LIB\C51L.LIB (?C?LNEG)
  C:\KEIL_V5\C51\LIB\C51L.LIB (?C?LLDPTR)
  C:\KEIL_V5\C51\LIB\C51L.LIB (?C?LLDOPTR)
  C:\KEIL_V5\C51\LIB\C51L.LIB (?C?LSTPTR)
  C:\KEIL_V5\C51\LIB\C51L.LIB (?C?LSTOPTR)
  C:\KEIL_V5\C51\LIB\C51L.LIB (?C?LLDXDATA)
  C:\KEIL_V5\C51\LIB\C51L.LIB (?C?LLDCODE)
  C:\KEIL_V5\C51\LIB\C51L.LIB (?C?LLDXDATA0)
  C:\KEIL_V5\C51\LIB\C51L.LIB (?C?LLDCODE0)
  C:\KEIL_V5\C51\LIB\C51L.LIB (?C?LLDPTR0)
  C:\KEIL_V5\C51\LIB\C51L.LIB (?C?LSTXDATA)
BL51 BANKED LINKER/LOCATER V6.22                                                      12/21/2018  12:34:23  PAGE 2


  C:\KEIL_V5\C51\LIB\C51L.LIB (?C?LSTKXDATA)
  C:\KEIL_V5\C51\LIB\C51L.LIB (?C?OFFXADD)
  C:\KEIL_V5\C51\LIB\C51L.LIB (ABS)
  C:\KEIL_V5\C51\LIB\C51L.LIB (ATOI)
  C:\KEIL_V5\C51\LIB\C51L.LIB (?C?IILDX)
  C:\KEIL_V5\C51\LIB\C51L.LIB (?C?ULDIV)
  C:\KEIL_V5\C51\LIB\C51L.LIB (?C?LLDIDATA)
  C:\KEIL_V5\C51\LIB\C51L.LIB (?C?LLDPDATA)
  C:\KEIL_V5\C51\LIB\C51L.LIB (?C?LLDIDATA0)
  C:\KEIL_V5\C51\LIB\C51L.LIB (?C?LLDPDATA0)
  C:\KEIL_V5\C51\LIB\C51L.LIB (?C?LSTIDATA)
  C:\KEIL_V5\C51\LIB\C51L.LIB (?C?LSTPDATA)
  C:\KEIL_V5\C51\LIB\C51L.LIB (ISDIGIT)
  C:\KEIL_V5\C51\LIB\C51L.LIB (ISSPACE)


LINK MAP OF MODULE:  .\Obj\GPIO_RTC_Test (MAIN)


            TYPE    BASE      LENGTH    RELOCATION   SEGMENT NAME
            -----------------------------------------------------

            * * * * * * *   D A T A   M E M O R Y   * * * * * * *
            REG     0000H     0008H     ABSOLUTE     "REG BANK 0"
            REG     0008H     0008H     ABSOLUTE     "REG BANK 1"
                    0010H     0010H                  *** GAP ***
            BIT     0020H.0   0000H.5   UNIT         ?BI?KEYPAD
            BIT     0020H.5   0000H.4   UNIT         _BIT_GROUP_
            BIT     0021H.1   0000H.1   UNIT         ?BI?MAIN
                    0021H.2   0000H.6                *** GAP ***
            IDATA   0022H     0001H     UNIT         ?STACK

            * * * * * * *  X D A T A   M E M O R Y  * * * * * * *
            XDATA   0000H     03C1H     UNIT         ?XD?BIPOLARMOTOR
            XDATA   03C1H     0137H     UNIT         _XDATA_GROUP_
            XDATA   04F8H     00EDH     UNIT         ?XD?MAIN
            XDATA   05E5H     0040H     UNIT         ?XD?_FINDDET4X4?BIPOLARMOTOR
            XDATA   0625H     0024H     UNIT         ?XD?_FINDDET3X3?BIPOLARMOTOR
            XDATA   0649H     001EH     UNIT         ?XD?_CALIB_INTERPOLATE?MAIN
            XDATA   0667H     0009H     UNIT         ?XD?KEYPAD
            XDATA   0670H     0008H     UNIT         ?XD?_READ_VCNL4035?VCNL4035
            XDATA   0678H     0004H     UNIT         ?XD?_DISPLAY_PROX?MAIN
            XDATA   067CH     0003H     UNIT         ?XD?_SENDSTRING?UART1
            XDATA   067FH     0003H     UNIT         ?XD?_WRITE_VCNL4035X?VCNL4035
            XDATA   0682H     0001H     UNIT         ?XD?I2C_ACK?VCNL4035
            XDATA   0683H     0001H     UNIT         ?XD?UC_ACK?VCNL4035
            XDATA   0684H     0001H     UNIT         ?XD?UC_NACK?VCNL4035
            XDATA   0685H     0001H     UNIT         ?XD?_DISPLAYLCD_VCNL4035?VCNL4035

            * * * * * * *   C O D E   M E M O R Y   * * * * * * *
            CODE    0000H     0003H     ABSOLUTE     
            CODE    0003H     0006H     UNIT         ?PR?_TEN?UART1
            CODE    0009H     0001H     UNIT         ?PR?_DECTOBCD?UART1
            CODE    000AH     0001H     UNIT         ?PR?NOP?VCNL4035
            CODE    000BH     0003H     ABSOLUTE     
            CODE    000EH     0015H     UNIT         ?PR?_DISPLAY_LINE?LCD_DRIVER_SPLC780D
            CODE    0023H     0003H     ABSOLUTE     
BL51 BANKED LINKER/LOCATER V6.22                                                      12/21/2018  12:34:23  PAGE 3


            CODE    0026H     08FAH     UNIT         ?C?LIB_CODE
            CODE    0920H     07DBH     UNIT         ?PR?_UPDATE_POSITION?BIPOLARMOTOR
            CODE    10FBH     07A2H     UNIT         ?PR?SUNPOS?SUNPOS
            CODE    189DH     0423H     UNIT         ?C_INITSEG
            CODE    1CC0H     039EH     UNIT         ?PR?MAIN?MAIN
            CODE    205EH     02C0H     UNIT         ?PR?_FINDDET4X4?BIPOLARMOTOR
            CODE    231EH     02A0H     UNIT         ?PR?KEY_PROCESS?KEYPAD
            CODE    25BEH     01FFH     UNIT         ?PR?_FIND_REAL_MAX?CALIBRATION
            CODE    27BDH     01D1H     UNIT         ?PR?_FINDDET3X3?BIPOLARMOTOR
            CODE    298EH     01B5H     UNIT         ?PR?_DISPLAY_POS?MAIN
            CODE    2B43H     01A1H     UNIT         ?PR?_CALIB_INTERPOLATE?MAIN
            CODE    2CE4H     018DH     UNIT         ?PR?KEY_SCAN?KEYPAD
            CODE    2E71H     0188H     UNIT         ?PR?SIN?SIN
            CODE    2FF9H     0122H     UNIT         ?PR?ATAN?ATAN
            CODE    311BH     00DBH     UNIT         ?PR?_ATOI?ATOI
            CODE    31F6H     00C8H     UNIT         ?PR?_CALIBRATION?CALIBRATION
            CODE    32BEH     00BBH     UNIT         ?PR?VOLTAGE_IS_STABLE?CALIBRATION
            CODE    3379H     00B1H     UNIT         ?PR?LINEAR_INTERPOLATE?BIPOLARMOTOR
            CODE    342AH     00ACH     UNIT         ?PR?SQRT?SQRT
            CODE    34D6H     009DH     UNIT         ?PR?_ATAN2?ATAN2
            CODE    3573H     009BH     UNIT         ?PR?UART?MAIN
            CODE    360EH     009AH     UNIT         ?PR?_READ_VCNL4035?VCNL4035
            CODE    36A8H     0095H     UNIT         ?PR?_DISPLAY_PROX?MAIN
            CODE    373DH     0093H     UNIT         ?PR?_MAX_VALUE?CALIBRATION
            CODE    37D0H     008CH     UNIT         ?C_C51STARTUP
            CODE    385CH     0084H     UNIT         ?PR?_DAY_OF_YEAR?PCF85063BTL
            CODE    38E0H     0075H     UNIT         ?PR?_WRITEDATA?LCD_DRIVER_SPLC780D
            CODE    3955H     006FH     UNIT         ?PR?_READ_TIME?PCF85063BTL
            CODE    39C4H     0059H     UNIT         ?PR?LCD_INIT?LCD_DRIVER_SPLC780D
            CODE    3A1DH     004AH     UNIT         ?PR?ACOS?ACOS
            CODE    3A67H     0049H     UNIT         ?PR?_WRITE_VCNL4035X?VCNL4035
            CODE    3AB0H     0047H     UNIT         ?PR?_STEP_MOVE?BIPOLARMOTOR
            CODE    3AF7H     0046H     UNIT         ?PR?VONESTEPMOVE?BIPOLARMOTOR
            CODE    3B3DH     0044H     UNIT         ?C?LDIV
            CODE    3B81H     0040H     UNIT         ?PR?_COMMAND?LCD_DRIVER_SPLC780D
            CODE    3BC1H     003BH     UNIT         ?PR?ASIN?ASIN
            CODE    3BFCH     0033H     UNIT         ?PR?_SENDSTRING?UART1
            CODE    3C2FH     0033H     UNIT         ?PR?_MOVE?BIPOLARMOTOR
            CODE    3C62H     002CH     UNIT         ?PR?I2C_RECEIVEBYTE?VCNL4035
            CODE    3C8EH     002BH     UNIT         ?PR?_WAIT_MS_I2C?VCNL4035
            CODE    3CB9H     0026H     UNIT         ?PR?_ADC_GETRESULT?ADC
            CODE    3CDFH     0024H     UNIT         ?PR?_WAIT_MS?LCD_DRIVER_SPLC780D
            CODE    3D03H     0022H     UNIT         ?PR?_I2C_SENDBYTE?VCNL4035
            CODE    3D25H     0020H     UNIT         ?PR?_SPI_SENDBYTE?PCF85063BTL
            CODE    3D45H     0020H     UNIT         ?PR?SPI_RECEIVEBYTE?PCF85063BTL
            CODE    3D65H     001EH     UNIT         ?PR?_DELAY_MS?KEYPAD
            CODE    3D83H     001EH     UNIT         ?PR?_WAIT_MS_IIC?VCNL4035
            CODE    3DA1H     001DH     UNIT         ?PR?_DISPLAYLCD?LCD_DRIVER_SPLC780D
            CODE    3DBEH     001BH     UNIT         ?PR?TM0_ISR?MAIN
            CODE    3DD9H     001BH     UNIT         ?PR?I2C_ACK?VCNL4035
            CODE    3DF4H     001BH     UNIT         ?PR?_BCDTODEC1?BIPOLARMOTOR
            CODE    3E0FH     0018H     UNIT         ?PR?_SPI_WRITETIME?PCF85063BTL
            CODE    3E27H     0017H     UNIT         ?PR?_ASCIITOBCD?UART1
            CODE    3E3EH     0017H     UNIT         ?PR?I2C_INIT?VCNL4035
            CODE    3E55H     0017H     UNIT         ?PR?ADC_INIT?ADC
            CODE    3E6CH     0015H     UNIT         ?PR?I2C_STOP?VCNL4035
            CODE    3E81H     0014H     UNIT         ?PR?_PCF85063BTL_DELAY?PCF85063BTL
BL51 BANKED LINKER/LOCATER V6.22                                                      12/21/2018  12:34:23  PAGE 4


            CODE    3E95H     0014H     UNIT         ?PR?_ISSPACE?ISSPACE
            CODE    3EA9H     0013H     UNIT         ?PR?I2C_START?VCNL4035
            CODE    3EBCH     0011H     UNIT         ?PR?_SPI_READTIME?PCF85063BTL
            CODE    3ECDH     0011H     UNIT         ?PR?_BCDTODEC?PCF85063BTL
            CODE    3EDEH     0011H     UNIT         ?PR?INITUART1?UART1
            CODE    3EEFH     000FH     UNIT         ?PR?UC_NACK?VCNL4035
            CODE    3EFEH     000FH     UNIT         ?PR?_ISDIGIT?ISDIGIT
            CODE    3F0DH     000DH     UNIT         ?PR?SPI_INIT?PCF85063BTL
            CODE    3F1AH     000CH     UNIT         ?PR?KEYPAD_IO_INIT?KEYPAD
            CODE    3F26H     000CH     UNIT         ?PR?_ABS?ABS
            CODE    3F32H     000AH     UNIT         ?PR?LCD_RETURN_HOME?LCD_DRIVER_SPLC780D
            CODE    3F3CH     000AH     UNIT         ?PR?LCD_CLEAR?LCD_DRIVER_SPLC780D
            CODE    3F46H     0009H     UNIT         ?PR?_SENDUART1?MAIN
            CODE    3F4FH     0006H     UNIT         ?PR?UC_ACK?VCNL4035
            CODE    3F55H     0006H     UNIT         ?PR?_DISPLAYLCD_VCNL4035?VCNL4035
            CODE    3F5BH     0005H     UNIT         ?PR?_UNIT?UART1
            CODE    3F60H     0005H     UNIT         ?PR?_ASCII_LETTER?UART1
            CODE    3F65H     0001H     UNIT         ?PR?WAIT?BIPOLARMOTOR



OVERLAY MAP OF MODULE:   .\Obj\GPIO_RTC_Test (MAIN)


SEGMENT                                            BIT_GROUP          XDATA_GROUP
  +--> CALLED SEGMENT                           START    LENGTH     START    LENGTH
-----------------------------------------------------------------------------------
?PR?UART?MAIN                                   -----    -----      -----    -----
  +--> ?PR?_ASCIITOBCD?UART1

?PR?_ASCIITOBCD?UART1                           -----    -----      -----    -----
  +--> ?PR?_ATOI?ATOI

?PR?_ATOI?ATOI                                  0020H.5  0000H.1    03C1H    0005H
  +--> ?PR?_ISSPACE?ISSPACE
  +--> ?PR?_ISDIGIT?ISDIGIT

*** NEW ROOT ***************************************************

?C_C51STARTUP                                   -----    -----      -----    -----
  +--> ?PR?MAIN?MAIN
  +--> ?C_INITSEG

?PR?MAIN?MAIN                                   -----    -----      03C6H    000AH
  +--> ?PR?LCD_INIT?LCD_DRIVER_SPLC780D
  +--> ?PR?SPI_INIT?PCF85063BTL
  +--> ?PR?KEYPAD_IO_INIT?KEYPAD
  +--> ?PR?ADC_INIT?ADC
  +--> ?PR?_DELAY_MS?KEYPAD
  +--> ?PR?_DISPLAY_LINE?LCD_DRIVER_SPLC780D
  +--> ?PR?_WRITEDATA?LCD_DRIVER_SPLC780D
  +--> ?PR?KEY_PROCESS?KEYPAD
  +--> ?PR?_COMMAND?LCD_DRIVER_SPLC780D
  +--> ?PR?_DISPLAY_POS?MAIN
  +--> ?PR?_DISPLAYLCD?LCD_DRIVER_SPLC780D
  +--> ?PR?_STEP_MOVE?BIPOLARMOTOR
  +--> ?PR?LCD_RETURN_HOME?LCD_DRIVER_SPLC780D
BL51 BANKED LINKER/LOCATER V6.22                                                      12/21/2018  12:34:23  PAGE 5


  +--> ?PR?_READ_TIME?PCF85063BTL
  +--> ?PR?_DAY_OF_YEAR?PCF85063BTL
  +--> ?PR?_BCDTODEC1?BIPOLARMOTOR
  +--> ?PR?_CALIBRATION?CALIBRATION

?PR?LCD_INIT?LCD_DRIVER_SPLC780D                -----    -----      -----    -----
  +--> ?PR?_WAIT_MS?LCD_DRIVER_SPLC780D
  +--> ?PR?_COMMAND?LCD_DRIVER_SPLC780D

?PR?_COMMAND?LCD_DRIVER_SPLC780D                -----    -----      -----    -----
  +--> ?PR?_WAIT_MS?LCD_DRIVER_SPLC780D

?PR?ADC_INIT?ADC                                -----    -----      -----    -----
  +--> ?PR?_WAIT_MS?LCD_DRIVER_SPLC780D

?PR?_DISPLAY_LINE?LCD_DRIVER_SPLC780D           -----    -----      -----    -----
  +--> ?PR?_COMMAND?LCD_DRIVER_SPLC780D

?PR?_WRITEDATA?LCD_DRIVER_SPLC780D              -----    -----      03DAH    0001H
  +--> ?PR?_WAIT_MS?LCD_DRIVER_SPLC780D

?PR?KEY_PROCESS?KEYPAD                          -----    -----      03D0H    0006H
  +--> ?PR?KEY_SCAN?KEYPAD
  +--> ?PR?_SPI_WRITETIME?PCF85063BTL
  +--> ?PR?LCD_CLEAR?LCD_DRIVER_SPLC780D
  +--> ?PR?_COMMAND?LCD_DRIVER_SPLC780D
  +--> ?PR?_WRITEDATA?LCD_DRIVER_SPLC780D

?PR?KEY_SCAN?KEYPAD                             -----    -----      03D6H    0003H

?PR?_SPI_WRITETIME?PCF85063BTL                  -----    -----      -----    -----
  +--> ?PR?_SPI_SENDBYTE?PCF85063BTL

?PR?_SPI_SENDBYTE?PCF85063BTL                   -----    -----      -----    -----
  +--> ?PR?_PCF85063BTL_DELAY?PCF85063BTL

?PR?LCD_CLEAR?LCD_DRIVER_SPLC780D               -----    -----      -----    -----
  +--> ?PR?_COMMAND?LCD_DRIVER_SPLC780D

?PR?_DISPLAY_POS?MAIN                           -----    -----      03D0H    000AH
  +--> ?PR?_ABS?ABS
  +--> ?PR?_WRITEDATA?LCD_DRIVER_SPLC780D

?PR?_DISPLAYLCD?LCD_DRIVER_SPLC780D             -----    -----      03D0H    0001H
  +--> ?PR?_WRITEDATA?LCD_DRIVER_SPLC780D

?PR?_STEP_MOVE?BIPOLARMOTOR                     0020H.7  0000H.1    0493H    0004H
  +--> ?PR?VONESTEPMOVE?BIPOLARMOTOR
  +--> ?PR?_WAIT_MS?LCD_DRIVER_SPLC780D

?PR?VONESTEPMOVE?BIPOLARMOTOR                   0021H.0  0000H.1    0497H    0001H

?PR?LCD_RETURN_HOME?LCD_DRIVER_SPLC780D         -----    -----      -----    -----
  +--> ?PR?_COMMAND?LCD_DRIVER_SPLC780D

?PR?_READ_TIME?PCF85063BTL                      -----    -----      03D0H    000FH
  +--> ?PR?_SPI_READTIME?PCF85063BTL
BL51 BANKED LINKER/LOCATER V6.22                                                      12/21/2018  12:34:23  PAGE 6



?PR?_SPI_READTIME?PCF85063BTL                   -----    -----      -----    -----
  +--> ?PR?_SPI_SENDBYTE?PCF85063BTL
  +--> ?PR?SPI_RECEIVEBYTE?PCF85063BTL

?PR?SPI_RECEIVEBYTE?PCF85063BTL                 -----    -----      -----    -----
  +--> ?PR?_PCF85063BTL_DELAY?PCF85063BTL

?PR?_DAY_OF_YEAR?PCF85063BTL                    -----    -----      -----    -----
  +--> ?PR?_BCDTODEC?PCF85063BTL

?PR?_CALIBRATION?CALIBRATION                    -----    -----      03D0H    0010H
  +--> ?PR?VOLTAGE_IS_STABLE?CALIBRATION
  +--> ?PR?_UPDATE_POSITION?BIPOLARMOTOR
  +--> ?PR?_FIND_REAL_MAX?CALIBRATION

?PR?VOLTAGE_IS_STABLE?CALIBRATION               -----    -----      03E0H    0018H
  +--> ?PR?_ADC_GETRESULT?ADC
  +--> ?PR?_ABS?ABS

?PR?_UPDATE_POSITION?BIPOLARMOTOR               -----    -----      03E0H    00AFH
  +--> ?PR?_BCDTODEC1?BIPOLARMOTOR
  +--> ?PR?SUNPOS?SUNPOS
  +--> ?PR?SIN?SIN
  +--> ?PR?ASIN?ASIN
  +--> ?PR?LINEAR_INTERPOLATE?BIPOLARMOTOR
  +--> ?PR?_ABS?ABS
  +--> ?PR?_MOVE?BIPOLARMOTOR

?PR?SUNPOS?SUNPOS                               -----    -----      048FH    005DH
  +--> ?PR?SIN?SIN
  +--> ?PR?_ATAN2?ATAN2
  +--> ?PR?ASIN?ASIN
  +--> ?PR?ACOS?ACOS

?PR?SIN?SIN                                     0020H.6  0000H.1    04ECH    0004H

?PR?_ATAN2?ATAN2                                -----    -----      04ECH    0008H
  +--> ?PR?ATAN?ATAN

?PR?ATAN?ATAN                                   0020H.6  0000H.2    04F4H    0004H

?PR?ASIN?ASIN                                   -----    -----      -----    -----
  +--> ?PR?SQRT?SQRT
  +--> ?PR?ATAN?ATAN

?PR?SQRT?SQRT                                   -----    -----      04ECH    0004H

?PR?ACOS?ACOS                                   -----    -----      -----    -----
  +--> ?PR?SQRT?SQRT
  +--> ?PR?ATAN?ATAN

?PR?LINEAR_INTERPOLATE?BIPOLARMOTOR             -----    -----      048FH    0014H

?PR?_MOVE?BIPOLARMOTOR                          0020H.6  0000H.1    048FH    0004H
  +--> ?PR?_STEP_MOVE?BIPOLARMOTOR

BL51 BANKED LINKER/LOCATER V6.22                                                      12/21/2018  12:34:23  PAGE 7


?PR?_FIND_REAL_MAX?CALIBRATION                  -----    -----      03E0H    005CH
  +--> ?PR?_MOVE?BIPOLARMOTOR
  +--> ?PR?_ADC_GETRESULT?ADC
  +--> ?PR?_WAIT_MS?LCD_DRIVER_SPLC780D
  +--> ?PR?_MAX_VALUE?CALIBRATION

?PR?_MAX_VALUE?CALIBRATION                      -----    -----      043CH    0004H



UNRESOLVED EXTERNAL SYMBOLS:
   AUTO_MODE



SYMBOL TABLE OF MODULE:  .\Obj\GPIO_RTC_Test (MAIN)

  VALUE           TYPE          NAME
  ----------------------------------

  -------         MODULE        MAIN
  C:0000H         SYMBOL        _ICE_DUMMY_
  X:0500H         PUBLIC        calib_value
  D:0080H         PUBLIC        P0
  D:00B2H         PUBLIC        P3M0
  D:0090H         PUBLIC        P1
  D:00B1H         PUBLIC        P3M1
  D:00A0H         PUBLIC        P2
  D:00B0H         PUBLIC        P3
  D:00C0H         PUBLIC        P4
  D:00C8H         PUBLIC        P5
  X:0560H         SYMBOL        PressedKey
  B:00A8H.7       PUBLIC        EA
  D:00E8H         PUBLIC        P6
  D:00F8H         PUBLIC        P7
  X:0564H         PUBLIC        RX_Data_Uart_Cnt
  C:2B43H         PUBLIC        _calib_interpolate
  D:00A8H         PUBLIC        IE
  X:0566H         PUBLIC        calib_time
  D:00B8H         PUBLIC        IP
  B:0098H.0       PUBLIC        RI
  X:05C6H         PUBLIC        months
  B:0098H.1       PUBLIC        TI
  C:3573H         PUBLIC        Uart
  D:00D8H         PUBLIC        CCON
  C:1CC0H         PUBLIC        main
  X:05C7H         PUBLIC        count
  D:0099H         PUBLIC        SBUF
  X:05C9H         PUBLIC        days
  X:05CAH         PUBLIC        lcd
  X:05CCH         PUBLIC        hours
  D:0098H         PUBLIC        SCON
  D:0089H         PUBLIC        TMOD
  D:0088H         PUBLIC        TCON
  X:05CDH         SYMBOL        KeyCount
  X:05CFH         PUBLIC        mins
  X:05D0H         PUBLIC        Rec_data_hour
BL51 BANKED LINKER/LOCATER V6.22                                                      12/21/2018  12:34:23  PAGE 8


  B:00C0H.5       PUBLIC        P45
  X:05D3H         PUBLIC        Rec_data_min
  D:008EH         PUBLIC        AUXR
  C:3DBEH         PUBLIC        tm0_isr
  B:0021H.1       PUBLIC        busy
  D:00E0H         PUBLIC        ACC
  B:00A8H.1       PUBLIC        ET0
  D:008CH         PUBLIC        TH0
  X:05D6H         PUBLIC        hour_count
  D:008AH         PUBLIC        TL0
  X:05D7H         PUBLIC        min_count
  B:0088H.4       PUBLIC        TR0
  X:05D8H         SYMBOL        KeyNum
  X:05D9H         SYMBOL        KeyNum_Old
  X:05DAH         PUBLIC        current_position
  X:05DEH         PUBLIC        hours1
  X:05DFH         PUBLIC        hours2
  C:36A8H         PUBLIC        _Display_Prox
  X:05E0H         PUBLIC        mins1
  X:05E1H         PUBLIC        mins2
  C:298EH         PUBLIC        _Display_Pos
  X:05E2H         PUBLIC        seconds
  X:05E3H         PUBLIC        st_time
  D:00D0H         PUBLIC        PSW
  C:3F46H         PUBLIC        _SendUART1
  -------         PROC          TM0_ISR
  C:3DBEH         LINE#         72
  C:3DC4H         LINE#         75
  C:3DD2H         LINE#         119
  -------         ENDPROC       TM0_ISR
  -------         PROC          MAIN
  -------         DO            
  X:03C6H         SYMBOL        prox_data
  X:04F8H         SYMBOL        KeyCount
  X:04FAH         SYMBOL        KeyNum_Old
  X:04FBH         SYMBOL        KeyNum
  X:04FCH         SYMBOL        PressedKey
  X:03C8H         SYMBOL        prox_flag
  X:03C9H         SYMBOL        calib_day
  X:03CBH         SYMBOL        numStr
  -------         ENDDO         
  C:1CC0H         LINE#         121
  C:1CC0H         LINE#         122
  C:1CC0H         LINE#         127
  C:1CC6H         LINE#         129
  C:1CCBH         LINE#         132
  C:1CCDH         LINE#         133
  C:1CCFH         LINE#         134
  C:1CD1H         LINE#         135
  C:1CD3H         LINE#         137
  C:1CD9H         LINE#         147
  C:1CDBH         LINE#         148
  C:1CDEH         LINE#         149
  C:1CE1H         LINE#         150
  C:1CE4H         LINE#         151
  C:1CE7H         LINE#         152
  C:1CEAH         LINE#         155
BL51 BANKED LINKER/LOCATER V6.22                                                      12/21/2018  12:34:23  PAGE 9


  C:1CEDH         LINE#         157
  C:1CF0H         LINE#         158
  C:1CF3H         LINE#         159
  C:1CF6H         LINE#         160
  C:1CF8H         LINE#         161
  C:1CFAH         LINE#         162
  C:1CFCH         LINE#         164
  C:1CFEH         LINE#         166
  C:1D05H         LINE#         168
  C:1D0CH         LINE#         172
  C:1D13H         LINE#         173
  C:1D18H         LINE#         174
  C:1D1DH         LINE#         175
  C:1D22H         LINE#         176
  C:1D27H         LINE#         177
  C:1D2CH         LINE#         180
  C:1D2CH         LINE#         181
  C:1D2CH         LINE#         182
  C:1D2FH         LINE#         185
  C:1D2FH         LINE#         188
  C:1D34H         LINE#         189
  C:1D39H         LINE#         191
  C:1D3EH         LINE#         192
  C:1D43H         LINE#         193
  C:1D48H         LINE#         194
  C:1D4DH         LINE#         196
  C:1D5EH         LINE#         198
  C:1D65H         LINE#         199
  C:1D6DH         LINE#         200
  C:1D72H         LINE#         201
  C:1D7AH         LINE#         202
  C:1D7FH         LINE#         203
  C:1D89H         LINE#         204
  C:1D8EH         LINE#         205
  C:1D96H         LINE#         207
  C:1D9EH         LINE#         208
  C:1DA3H         LINE#         209
  C:1DADH         LINE#         210
  C:1DADH         LINE#         211
  C:1DAFH         LINE#         212
  C:1DB1H         LINE#         213
  C:1DBBH         LINE#         214
  C:1DBBH         LINE#         215
  C:1DC0H         LINE#         216
  C:1DC0H         LINE#         228
  C:1DCDH         LINE#         229
  C:1DCDH         LINE#         230
  C:1DD7H         LINE#         231
  C:1DEEH         LINE#         232
  C:1DEEH         LINE#         233
  C:1DF0H         LINE#         234
  C:1DF2H         LINE#         236
  C:1DF2H         LINE#         237
  C:1DFDH         LINE#         238
  C:1DFDH         LINE#         239
  C:1E02H         LINE#         240
  C:1E02H         LINE#         241
BL51 BANKED LINKER/LOCATER V6.22                                                      12/21/2018  12:34:23  PAGE 10


  C:1E0FH         LINE#         242
  C:1E0FH         LINE#         245
  C:1E19H         LINE#         246
  C:1E30H         LINE#         247
  C:1E30H         LINE#         248
  C:1E32H         LINE#         249
  C:1E34H         LINE#         251
  C:1E34H         LINE#         252
  C:1E3FH         LINE#         253
  C:1E3FH         LINE#         254
  C:1E44H         LINE#         255
  C:1E46H         LINE#         256
  C:1E46H         LINE#         265
  C:1E68H         LINE#         266
  C:1E68H         LINE#         267
  C:1E72H         LINE#         268
  C:1E78H         LINE#         269
  C:1E7AH         LINE#         270
  C:1E7CH         LINE#         271
  C:1E7EH         LINE#         272
  C:1E7EH         LINE#         273
  C:1E81H         LINE#         275
  C:1E81H         LINE#         276
  C:1E87H         LINE#         277
  C:1E8FH         LINE#         278
  C:1E95H         LINE#         279
  C:1E9DH         LINE#         280
  C:1ED8H         LINE#         284
  C:1EE2H         LINE#         285
  C:1EE2H         LINE#         287
  C:1F09H         LINE#         288
  C:1F30H         LINE#         289
  C:1F30H         LINE#         292
  C:1F30H         LINE#         294
  C:1F30H         LINE#         295
  C:1F53H         LINE#         296
  C:1F53H         LINE#         297
  C:1F55H         LINE#         298
  C:1F5CH         LINE#         299
  C:1F5CH         LINE#         301
  C:1F62H         LINE#         302
  C:1F67H         LINE#         303
  C:1F91H         LINE#         304
  C:1F91H         LINE#         306
  C:1FD7H         LINE#         307
  C:2028H         LINE#         308
  C:2036H         LINE#         309
  C:2036H         LINE#         310
  C:204BH         LINE#         311
  C:204DH         LINE#         313
  C:204DH         LINE#         315
  C:205BH         LINE#         316
  C:205BH         LINE#         333
  -------         ENDPROC       MAIN
  -------         PROC          UART
  C:3573H         LINE#         340
  C:3580H         LINE#         342
BL51 BANKED LINKER/LOCATER V6.22                                                      12/21/2018  12:34:23  PAGE 11


  C:3583H         LINE#         343
  C:3583H         LINE#         344
  C:3591H         LINE#         345
  C:3593H         LINE#         346
  C:35A5H         LINE#         347
  C:35B4H         LINE#         348
  C:35BFH         LINE#         349
  C:35BFH         LINE#         352
  C:35CCH         LINE#         353
  C:35D2H         LINE#         354
  C:35D2H         LINE#         355
  C:35D8H         LINE#         356
  C:35E6H         LINE#         357
  C:35F4H         LINE#         358
  C:35FCH         LINE#         363
  C:35FCH         LINE#         364
  C:35FCH         LINE#         367
  C:35FCH         LINE#         368
  C:35FFH         LINE#         369
  C:35FFH         LINE#         370
  C:3601H         LINE#         371
  C:3603H         LINE#         372
  C:3603H         LINE#         373
  -------         ENDPROC       UART
  -------         PROC          _CALIB_INTERPOLATE
  X:0649H         SYMBOL        hours
  X:064DH         SYMBOL        mins
  -------         DO            
  X:0651H         SYMBOL        p_calib1
  X:0659H         SYMBOL        p_calib2
  X:0661H         SYMBOL        i
  X:0663H         SYMBOL        current_time
  -------         ENDDO         
  C:2B43H         LINE#         376
  C:2B49H         LINE#         377
  C:2B49H         LINE#         381
  C:2BA0H         LINE#         383
  C:2BC6H         LINE#         384
  C:2BC6H         LINE#         385
  C:2C38H         LINE#         386
  C:2C38H         LINE#         387
  C:2C65H         LINE#         388
  C:2C80H         LINE#         390
  C:2CADH         LINE#         391
  C:2CC8H         LINE#         393
  C:2CCAH         LINE#         394
  C:2CCAH         LINE#         395
  C:2CDEH         LINE#         396
  C:2CE3H         LINE#         398
  -------         ENDPROC       _CALIB_INTERPOLATE
  -------         PROC          _SENDUART1
  D:0007H         SYMBOL        dat
  C:3F46H         LINE#         401
  C:3F46H         LINE#         402
  C:3F46H         LINE#         403
  C:3F49H         LINE#         404
  C:3F4BH         LINE#         405
BL51 BANKED LINKER/LOCATER V6.22                                                      12/21/2018  12:34:23  PAGE 12


  C:3F4CH         LINE#         406
  C:3F4EH         LINE#         407
  -------         ENDPROC       _SENDUART1
  -------         PROC          _DISPLAY_PROX
  D:0002H         SYMBOL        dat
  -------         DO            
  X:0678H         SYMBOL        unit
  X:0679H         SYMBOL        ten
  X:067AH         SYMBOL        hundred
  X:067BH         SYMBOL        thousand
  -------         ENDDO         
  C:36A8H         LINE#         410
  C:36ACH         LINE#         411
  C:36ACH         LINE#         413
  C:36B8H         LINE#         414
  C:36C8H         LINE#         415
  C:36E4H         LINE#         416
  C:3714H         LINE#         417
  C:371EH         LINE#         418
  C:3728H         LINE#         419
  C:3732H         LINE#         420
  C:373CH         LINE#         422
  -------         ENDPROC       _DISPLAY_PROX
  -------         PROC          _DISPLAY_POS
  X:03D0H         SYMBOL        sign_dat
  -------         DO            
  X:03D4H         SYMBOL        unit
  X:03D5H         SYMBOL        ten
  X:03D6H         SYMBOL        hundred
  D:0003H         SYMBOL        thousand
  X:03D7H         SYMBOL        after_dot
  X:03D8H         SYMBOL        dat
  -------         ENDDO         
  C:298EH         LINE#         425
  C:2994H         LINE#         426
  C:2994H         LINE#         430
  C:29B0H         LINE#         431
  C:29CAH         LINE#         432
  C:29EEH         LINE#         434
  C:2A38H         LINE#         436
  C:2A4FH         LINE#         437
  C:2A5CH         LINE#         438
  C:2A7EH         LINE#         439
  C:2AB3H         LINE#         440
  C:2ACBH         LINE#         441
  C:2ACBH         LINE#         443
  C:2AD5H         LINE#         444
  C:2ADFH         LINE#         445
  C:2AE9H         LINE#         446
  C:2AEEH         LINE#         447
  C:2AF8H         LINE#         448
  C:2AFDH         LINE#         449
  C:2B02H         LINE#         450
  C:2B04H         LINE#         451
  C:2B06H         LINE#         453
  C:2B06H         LINE#         455
  C:2B0BH         LINE#         456
BL51 BANKED LINKER/LOCATER V6.22                                                      12/21/2018  12:34:23  PAGE 13


  C:2B15H         LINE#         457
  C:2B1FH         LINE#         458
  C:2B29H         LINE#         459
  C:2B2EH         LINE#         460
  C:2B38H         LINE#         461
  C:2B3DH         LINE#         462
  C:2B42H         LINE#         464
  C:2B42H         LINE#         466
  -------         ENDPROC       _DISPLAY_POS
  -------         ENDMOD        MAIN

  -------         MODULE        PCF85063BTL
  C:0000H         SYMBOL        _ICE_DUMMY_
  D:0096H         PUBLIC        P2M0
  D:0080H         PUBLIC        P0
  D:0095H         PUBLIC        P2M1
  D:0090H         PUBLIC        P1
  D:00A0H         PUBLIC        P2
  D:00B0H         PUBLIC        P3
  D:00C0H         PUBLIC        P4
  D:00C8H         PUBLIC        P5
  D:00E8H         PUBLIC        P6
  B:00A0H.1       PUBLIC        PCF85063BTL_SDI
  D:00F8H         PUBLIC        P7
  B:00A0H.2       PUBLIC        PCF85063BTL_SCK
  B:00A0H.1       PUBLIC        PCF85063BTL_SDO
  D:00A8H         PUBLIC        IE
  C:3955H         PUBLIC        _Read_time
  C:3E87H         PUBLIC        _PCF85063BTL_Delay
  D:00B8H         PUBLIC        IP
  D:00D8H         PUBLIC        CCON
  C:385CH         PUBLIC        _Day_Of_Year
  C:3D45H         PUBLIC        SPI_ReceiveByte
  D:0098H         PUBLIC        SCON
  D:0088H         PUBLIC        TCON
  C:3ECDH         PUBLIC        _BCDtoDec
  B:00A0H.0       PUBLIC        PCF85063BTL_CS
  C:3EBCH         PUBLIC        _SPI_ReadTime
  C:3F0DH         PUBLIC        SPI_Init
  C:3E0FH         PUBLIC        _SPI_WriteTime
  C:3D25H         PUBLIC        _SPI_SendByte
  D:00D0H         PUBLIC        PSW
  C:3E83H         SYMBOL        L?0047
  -------         PROC          L?0046
  -------         ENDPROC       L?0046
  C:3E83H         SYMBOL        L?0047
  -------         PROC          _PCF85063BTL_DELAY
  D:0006H         SYMBOL        us
  C:3E87H         LINE#         8
  C:3E87H         LINE#         9
  C:3E87H         LINE#         10
  C:3E91H         LINE#         11
  C:3E91H         LINE#         12
  C:3E92H         LINE#         13
  C:3E94H         LINE#         14
  -------         ENDPROC       _PCF85063BTL_DELAY
  -------         PROC          _SPI_SENDBYTE
BL51 BANKED LINKER/LOCATER V6.22                                                      12/21/2018  12:34:23  PAGE 14


  D:0005H         SYMBOL        dat
  -------         DO            
  D:0003H         SYMBOL        i
  -------         ENDDO         
  C:3D25H         LINE#         17
  C:3D27H         LINE#         18
  C:3D27H         LINE#         20
  C:3D29H         LINE#         21
  C:3D29H         LINE#         22
  C:3D2BH         LINE#         23
  C:3D2FH         LINE#         24
  C:3D2FH         LINE#         25
  C:3D31H         LINE#         26
  C:3D33H         LINE#         28
  C:3D33H         LINE#         29
  C:3D35H         LINE#         30
  C:3D35H         LINE#         31
  C:3D38H         LINE#         32
  C:3D38H         LINE#         33
  C:3D3BH         LINE#         34
  C:3D3FH         LINE#         35
  C:3D44H         LINE#         36
  -------         ENDPROC       _SPI_SENDBYTE
  -------         PROC          SPI_RECEIVEBYTE
  -------         DO            
  D:0003H         SYMBOL        i
  D:0005H         SYMBOL        dat
  -------         ENDDO         
  C:3D45H         LINE#         39
  C:3D45H         LINE#         40
  C:3D45H         LINE#         42
  C:3D47H         LINE#         44
  C:3D49H         LINE#         45
  C:3D4AH         LINE#         46
  C:3D4AH         LINE#         47
  C:3D4EH         LINE#         48
  C:3D50H         LINE#         49
  C:3D53H         LINE#         51
  C:3D56H         LINE#         52
  C:3D56H         LINE#         53
  C:3D5AH         LINE#         54
  C:3D5AH         LINE#         55
  C:3D5AH         LINE#         56
  C:3D5DH         LINE#         57
  C:3D62H         LINE#         58
  C:3D64H         LINE#         59
  -------         ENDPROC       SPI_RECEIVEBYTE
  -------         PROC          _SPI_READTIME
  D:0007H         SYMBOL        addr
  -------         DO            
  D:0006H         SYMBOL        dat
  -------         ENDDO         
  C:3EBCH         LINE#         61
  C:3EBCH         LINE#         62
  C:3EBCH         LINE#         64
  C:3EBEH         LINE#         65
  C:3EC0H         LINE#         66
BL51 BANKED LINKER/LOCATER V6.22                                                      12/21/2018  12:34:23  PAGE 15


  C:3EC7H         LINE#         67
  C:3ECAH         LINE#         68
  C:3ECCH         LINE#         69
  C:3ECCH         LINE#         70
  -------         ENDPROC       _SPI_READTIME
  -------         PROC          _SPI_WRITETIME
  D:0002H         SYMBOL        val
  D:0005H         SYMBOL        addr
  C:3E0FH         LINE#         71
  C:3E11H         LINE#         72
  C:3E11H         LINE#         74
  C:3E13H         LINE#         75
  C:3E1AH         LINE#         76
  C:3E1FH         LINE#         77
  C:3E24H         LINE#         78
  C:3E26H         LINE#         79
  -------         ENDPROC       _SPI_WRITETIME
  -------         PROC          SPI_INIT
  C:3F0DH         LINE#         83
  C:3F0DH         LINE#         84
  C:3F0DH         LINE#         89
  C:3F10H         LINE#         90
  C:3F13H         LINE#         91
  C:3F15H         LINE#         92
  C:3F17H         LINE#         93
  C:3F19H         LINE#         94
  -------         ENDPROC       SPI_INIT
  -------         PROC          _READ_TIME
  X:03D0H         SYMBOL        months
  X:03D3H         SYMBOL        days
  X:03D6H         SYMBOL        hours
  X:03D9H         SYMBOL        mins
  X:03DCH         SYMBOL        seconds
  C:3955H         LINE#         96
  C:3960H         LINE#         97
  C:3960H         LINE#         99
  C:3974H         LINE#         101
  C:3988H         LINE#         103
  C:399CH         LINE#         108
  C:39B0H         LINE#         113
  -------         ENDPROC       _READ_TIME
  -------         PROC          _BCDTODEC
  D:0007H         SYMBOL        bcd
  -------         DO            
  D:0006H         SYMBOL        hi
  D:0007H         SYMBOL        lo
  -------         ENDDO         
  C:3ECDH         LINE#         119
  C:3ECDH         LINE#         120
  C:3ECDH         LINE#         122
  C:3ED2H         LINE#         123
  C:3ED6H         LINE#         124
  C:3EDDH         LINE#         125
  -------         ENDPROC       _BCDTODEC
  -------         PROC          _DAY_OF_YEAR
  D:0007H         SYMBOL        months_bcd
  D:0005H         SYMBOL        days_bcd
BL51 BANKED LINKER/LOCATER V6.22                                                      12/21/2018  12:34:23  PAGE 16


  -------         DO            
  D:0004H         SYMBOL        months
  D:0007H         SYMBOL        days
  -------         ENDDO         
  C:385CH         LINE#         126
  C:385CH         LINE#         127
  C:385CH         LINE#         130
  C:3861H         LINE#         132
  C:3866H         LINE#         134
  C:389FH         LINE#         135
  C:389FH         LINE#         136
  C:389FH         LINE#         137
  C:38A2H         LINE#         138
  C:38A2H         LINE#         139
  C:38A2H         LINE#         140
  C:38A7H         LINE#         141
  C:38A7H         LINE#         142
  C:38A7H         LINE#         143
  C:38ACH         LINE#         144
  C:38ACH         LINE#         145
  C:38ACH         LINE#         146
  C:38B1H         LINE#         147
  C:38B1H         LINE#         148
  C:38B1H         LINE#         149
  C:38B6H         LINE#         150
  C:38B6H         LINE#         151
  C:38B6H         LINE#         152
  C:38BBH         LINE#         153
  C:38BBH         LINE#         154
  C:38BBH         LINE#         155
  C:38C0H         LINE#         156
  C:38C0H         LINE#         157
  C:38C0H         LINE#         158
  C:38C5H         LINE#         159
  C:38C5H         LINE#         160
  C:38C5H         LINE#         161
  C:38CDH         LINE#         162
  C:38CDH         LINE#         163
  C:38CDH         LINE#         164
  C:38D2H         LINE#         165
  C:38D2H         LINE#         166
  C:38D2H         LINE#         167
  C:38D7H         LINE#         168
  C:38D7H         LINE#         169
  C:38D7H         LINE#         170
  C:38DFH         LINE#         171
  C:38DFH         LINE#         172
  C:38DFH         LINE#         173
  -------         ENDPROC       _DAY_OF_YEAR
  -------         ENDMOD        PCF85063BTL

  -------         MODULE        UART1
  C:0000H         SYMBOL        _ICE_DUMMY_
  D:0080H         PUBLIC        P0
  D:0090H         PUBLIC        P1
  D:00A0H         PUBLIC        P2
  D:00B0H         PUBLIC        P3
BL51 BANKED LINKER/LOCATER V6.22                                                      12/21/2018  12:34:23  PAGE 17


  D:00C0H         PUBLIC        P4
  D:00C8H         PUBLIC        P5
  B:00A8H.7       PUBLIC        EA
  D:00E8H         PUBLIC        P6
  D:00F8H         PUBLIC        P7
  C:3BFCH         PUBLIC        _SendString
  D:00A8H         PUBLIC        IE
  B:00A8H.4       PUBLIC        ES
  D:00B8H         PUBLIC        IP
  C:3E27H         PUBLIC        _ASCIItoBCD
  D:00D8H         PUBLIC        CCON
  C:3EDEH         PUBLIC        initUART1
  D:0098H         PUBLIC        SCON
  D:0088H         PUBLIC        TCON
  C:0009H         PUBLIC        _DectoBCD
  C:3F60H         PUBLIC        _ASCII_Letter
  D:008EH         PUBLIC        AUXR
  C:3F5BH         PUBLIC        _unit
  C:0003H         PUBLIC        _ten
  D:00D6H         PUBLIC        T2H
  D:00D7H         PUBLIC        T2L
  D:00D0H         PUBLIC        PSW
  -------         PROC          INITUART1
  C:3EDEH         LINE#         21
  C:3EDEH         LINE#         22
  C:3EDEH         LINE#         23
  C:3EE1H         LINE#         24
  C:3EE4H         LINE#         25
  C:3EE7H         LINE#         26
  C:3EEAH         LINE#         27
  C:3EECH         LINE#         28
  C:3EEEH         LINE#         30
  -------         ENDPROC       INITUART1
  -------         PROC          _SENDSTRING
  X:067CH         SYMBOL        s
  C:3BFCH         LINE#         35
  C:3C07H         LINE#         36
  C:3C07H         LINE#         37
  C:3C17H         LINE#         38
  C:3C17H         LINE#         39
  C:3C2CH         LINE#         40
  C:3C2EH         LINE#         41
  -------         ENDPROC       _SENDSTRING
  -------         PROC          _TEN
  D:0007H         SYMBOL        BCD
  C:0003H         LINE#         43
  C:0003H         LINE#         44
  C:0003H         LINE#         45
  C:0008H         LINE#         46
  -------         ENDPROC       _TEN
  -------         PROC          _UNIT
  D:0007H         SYMBOL        BCD
  C:3F5BH         LINE#         47
  C:3F5BH         LINE#         48
  C:3F5BH         LINE#         52
  C:3F5FH         LINE#         53
  -------         ENDPROC       _UNIT
BL51 BANKED LINKER/LOCATER V6.22                                                      12/21/2018  12:34:23  PAGE 18


  -------         PROC          _DECTOBCD
  D:0007H         SYMBOL        dec
  C:0009H         LINE#         54
  C:0009H         LINE#         55
  C:0009H         LINE#         57
  C:0009H         LINE#         58
  -------         ENDPROC       _DECTOBCD
  -------         PROC          _ASCII_LETTER
  D:0007H         SYMBOL        dat
  C:3F60H         LINE#         60
  C:3F60H         LINE#         61
  C:3F60H         LINE#         63
  C:3F64H         LINE#         64
  -------         ENDPROC       _ASCII_LETTER
  -------         PROC          _ASCIITOBCD
  D:0001H         SYMBOL        ascii
  -------         DO            
  D:0007H         SYMBOL        dec_val
  D:0006H         SYMBOL        ten
  D:0007H         SYMBOL        unit
  -------         ENDDO         
  C:3E27H         LINE#         66
  C:3E27H         LINE#         67
  C:3E27H         LINE#         69
  C:3E2AH         LINE#         70
  C:3E30H         LINE#         71
  C:3E37H         LINE#         72
  C:3E3DH         LINE#         74
  -------         ENDPROC       _ASCIITOBCD
  -------         ENDMOD        UART1

  -------         MODULE        LCD_DRIVER_SPLC780D
  C:0000H         SYMBOL        _ICE_DUMMY_
  D:0092H         PUBLIC        P1M0
  D:0091H         PUBLIC        P1M1
  D:0080H         PUBLIC        P0
  D:0090H         PUBLIC        P1
  D:00A0H         PUBLIC        P2
  D:00B0H         PUBLIC        P3
  D:00C0H         PUBLIC        P4
  D:00C8H         PUBLIC        P5
  D:00E8H         PUBLIC        P6
  D:00F8H         PUBLIC        P7
  C:38E0H         PUBLIC        _WriteData
  D:00A8H         PUBLIC        IE
  D:00B8H         PUBLIC        IP
  D:00D8H         PUBLIC        CCON
  B:00B0H.4       PUBLIC        LCD_D4
  B:00B0H.5       PUBLIC        LCD_D5
  B:00B0H.6       PUBLIC        LCD_D6
  C:3DA1H         PUBLIC        _DisplayLCD
  B:00B0H.7       PUBLIC        LCD_D7
  D:0098H         PUBLIC        SCON
  D:0088H         PUBLIC        TCON
  C:3F3CH         PUBLIC        LCD_clear
  C:3B81H         PUBLIC        _Command
  C:000EH         PUBLIC        _Display_Line
BL51 BANKED LINKER/LOCATER V6.22                                                      12/21/2018  12:34:23  PAGE 19


  C:39C4H         PUBLIC        LCD_Init
  C:3CE5H         PUBLIC        _Wait_ms
  B:00C0H.0       PUBLIC        LCD_RS
  B:00B0H.2       PUBLIC        LCD_RW
  C:3F32H         PUBLIC        LCD_return_home
  B:00B0H.3       PUBLIC        LCD_E
  D:00D0H         PUBLIC        PSW
  -------         PROC          LCD_INIT
  C:39C4H         LINE#         9
  C:39C4H         LINE#         10
  C:39C4H         LINE#         11
  C:39C7H         LINE#         12
  C:39CAH         LINE#         14
  C:39D0H         LINE#         15
  C:39D5H         LINE#         17
  C:39DCH         LINE#         18
  C:39E1H         LINE#         20
  C:39E4H         LINE#         21
  C:39E9H         LINE#         23
  C:39ECH         LINE#         24
  C:39F1H         LINE#         26
  C:39F8H         LINE#         29
  C:39FDH         LINE#         30
  C:3A02H         LINE#         32
  C:3A07H         LINE#         33
  C:3A0CH         LINE#         35
  C:3A11H         LINE#         36
  C:3A16H         LINE#         37
  -------         ENDPROC       LCD_INIT
  -------         PROC          _WRITEDATA
  X:03DAH         SYMBOL        dat
  C:38E0H         LINE#         40
  C:38E5H         LINE#         41
  C:38E5H         LINE#         46
  C:38E7H         LINE#         47
  C:38E9H         LINE#         49
  C:38F7H         LINE#         50
  C:3903H         LINE#         51
  C:390FH         LINE#         52
  C:3919H         LINE#         53
  C:391BH         LINE#         54
  C:3922H         LINE#         55
  C:3924H         LINE#         57
  C:3934H         LINE#         58
  C:393FH         LINE#         59
  C:3949H         LINE#         60
  C:394DH         LINE#         62
  C:394DH         LINE#         63
  C:3950H         LINE#         64
  C:3952H         LINE#         65
  C:3954H         LINE#         67
  -------         ENDPROC       _WRITEDATA
  -------         PROC          _COMMAND
  D:0007H         SYMBOL        dat
  C:3B81H         LINE#         69
  C:3B81H         LINE#         70
  C:3B81H         LINE#         71
BL51 BANKED LINKER/LOCATER V6.22                                                      12/21/2018  12:34:23  PAGE 20


  C:3B83H         LINE#         72
  C:3B85H         LINE#         74
  C:3B8FH         LINE#         75
  C:3B93H         LINE#         77
  C:3B95H         LINE#         78
  C:3B9EH         LINE#         79
  C:3BA2H         LINE#         81
  C:3BA4H         LINE#         82
  C:3BABH         LINE#         83
  C:3BAFH         LINE#         85
  C:3BB1H         LINE#         86
  C:3BB5H         LINE#         87
  C:3BB9H         LINE#         89
  C:3BBBH         LINE#         90
  C:3BBBH         LINE#         91
  C:3BBEH         LINE#         92
  C:3BC0H         LINE#         93
  -------         ENDPROC       _COMMAND
  C:3CE1H         SYMBOL        L?0028
  -------         PROC          L?0027
  -------         ENDPROC       L?0027
  C:3CE1H         SYMBOL        L?0028
  -------         PROC          _WAIT_MS
  D:0006H         SYMBOL        ms
  -------         DO            
  D:0004H         SYMBOL        De_Cnt
  -------         ENDDO         
  C:3CE5H         LINE#         95
  C:3CE5H         LINE#         96
  C:3CE5H         LINE#         98
  C:3CEFH         LINE#         99
  C:3CEFH         LINE#         100
  C:3D02H         LINE#         101
  C:3D02H         LINE#         102
  -------         ENDPROC       _WAIT_MS
  -------         PROC          _DISPLAYLCD
  D:0007H         SYMBOL        BCD
  -------         DO            
  D:0006H         SYMBOL        first_digit
  X:03D0H         SYMBOL        second_digit
  -------         ENDDO         
  C:3DA1H         LINE#         103
  C:3DA1H         LINE#         104
  C:3DA1H         LINE#         106
  C:3DA8H         LINE#         107
  C:3DB1H         LINE#         109
  C:3DB6H         LINE#         111
  -------         ENDPROC       _DISPLAYLCD
  -------         PROC          LCD_RETURN_HOME
  C:3F32H         LINE#         115
  C:3F32H         LINE#         116
  C:3F32H         LINE#         117
  C:3F37H         LINE#         118
  -------         ENDPROC       LCD_RETURN_HOME
  -------         PROC          LCD_CLEAR
  C:3F3CH         LINE#         121
  C:3F3CH         LINE#         122
BL51 BANKED LINKER/LOCATER V6.22                                                      12/21/2018  12:34:23  PAGE 21


  C:3F3CH         LINE#         123
  C:3F41H         LINE#         124
  -------         ENDPROC       LCD_CLEAR
  -------         PROC          _DISPLAY_LINE
  D:0006H         SYMBOL        line
  C:000EH         LINE#         128
  C:000EH         LINE#         129
  C:000EH         LINE#         130
  C:0014H         LINE#         131
  C:0014H         LINE#         132
  C:0016H         LINE#         133
  C:0016H         LINE#         134
  C:0018H         LINE#         136
  C:0018H         LINE#         137
  C:001DH         LINE#         138
  C:0022H         LINE#         139
  C:0022H         LINE#         140
  -------         ENDPROC       _DISPLAY_LINE
  -------         ENDMOD        LCD_DRIVER_SPLC780D

  -------         MODULE        KEYPAD
  C:0000H         SYMBOL        _ICE_DUMMY_
  D:0093H         PUBLIC        P0M1
  D:0080H         PUBLIC        P0
  D:0090H         PUBLIC        P1
  D:00A0H         PUBLIC        P2
  D:00B0H         PUBLIC        P3
  D:00C0H         PUBLIC        P4
  D:00C8H         PUBLIC        P5
  B:0020H.0       PUBLIC        calib_mode
  D:00E8H         PUBLIC        P6
  D:00F8H         PUBLIC        P7
  D:00A8H         PUBLIC        IE
  C:2CE4H         PUBLIC        Key_Scan
  D:00B8H         PUBLIC        IP
  D:00D8H         PUBLIC        CCON
  C:3F1AH         PUBLIC        KeyPad_IO_Init
  C:3D65H         PUBLIC        _Delay_ms
  D:0098H         PUBLIC        SCON
  D:0088H         PUBLIC        TCON
  B:0020H.1       PUBLIC        small_move
  B:0020H.2       PUBLIC        move
  B:0020H.3       PUBLIC        direction
  B:0020H.4       PUBLIC        auto_move
  C:231EH         PUBLIC        Key_Process
  D:00D0H         PUBLIC        PSW
  D:0094H         PUBLIC        P0M0
  -------         PROC          _DELAY_MS
  D:0006H         SYMBOL        ms
  -------         DO            
  D:0004H         SYMBOL        De_Cnt
  -------         ENDDO         
  C:3D65H         LINE#         19
  C:3D65H         LINE#         20
  C:3D65H         LINE#         22
  C:3D6FH         LINE#         23
  C:3D6FH         LINE#         24
BL51 BANKED LINKER/LOCATER V6.22                                                      12/21/2018  12:34:23  PAGE 22


  C:3D82H         LINE#         25
  C:3D82H         LINE#         26
  -------         ENDPROC       _DELAY_MS
  -------         PROC          KEY_SCAN
  -------         DO            
  X:03D6H         SYMBOL        KeyTemp1
  X:03D7H         SYMBOL        KeyTemp2
  X:03D8H         SYMBOL        KeyValue
  -------         ENDDO         
  C:2CE4H         LINE#         27
  C:2CE4H         LINE#         28
  C:2CE4H         LINE#         33
  C:2CE7H         LINE#         36
  C:2CEAH         LINE#         38
  C:2CF2H         LINE#         39
  C:2CF9H         LINE#         40
  C:2CF9H         LINE#         42
  C:2CFEH         LINE#         43
  C:2D05H         LINE#         44
  C:2D05H         LINE#         47
  C:2D08H         LINE#         48
  C:2D0BH         LINE#         49
  C:2D10H         LINE#         50
  C:2D14H         LINE#         51
  C:2D14H         LINE#         52
  C:2D1CH         LINE#         53
  C:2D1CH         LINE#         54
  C:2D1FH         LINE#         55
  C:2D27H         LINE#         56
  C:2D29H         LINE#         58
  C:2D3DH         LINE#         59
  C:2D3DH         LINE#         60
  C:2D3DH         LINE#         61
  C:2D3DH         LINE#         62
  C:2D43H         LINE#         64
  C:2D45H         LINE#         65
  C:2D45H         LINE#         66
  C:2D45H         LINE#         67
  C:2D4BH         LINE#         69
  C:2D4DH         LINE#         70
  C:2D4DH         LINE#         71
  C:2D4DH         LINE#         72
  C:2D53H         LINE#         74
  C:2D55H         LINE#         75
  C:2D55H         LINE#         76
  C:2D55H         LINE#         77
  C:2D5BH         LINE#         79
  C:2D5BH         LINE#         80
  C:2D5BH         LINE#         81
  C:2D5BH         LINE#         84
  C:2D5EH         LINE#         85
  C:2D61H         LINE#         86
  C:2D69H         LINE#         87
  C:2D6DH         LINE#         88
  C:2D6DH         LINE#         89
  C:2D75H         LINE#         90
  C:2D75H         LINE#         91
BL51 BANKED LINKER/LOCATER V6.22                                                      12/21/2018  12:34:23  PAGE 23


  C:2D78H         LINE#         92
  C:2D80H         LINE#         93
  C:2D82H         LINE#         94
  C:2D96H         LINE#         95
  C:2D96H         LINE#         96
  C:2D96H         LINE#         97
  C:2D96H         LINE#         98
  C:2D9CH         LINE#         100
  C:2D9EH         LINE#         101
  C:2D9EH         LINE#         102
  C:2D9EH         LINE#         103
  C:2DA4H         LINE#         105
  C:2DA6H         LINE#         106
  C:2DA6H         LINE#         107
  C:2DA6H         LINE#         108
  C:2DACH         LINE#         110
  C:2DAEH         LINE#         111
  C:2DAEH         LINE#         112
  C:2DAEH         LINE#         113
  C:2DB3H         LINE#         115
  C:2DB3H         LINE#         116
  C:2DB3H         LINE#         117
  C:2DB3H         LINE#         120
  C:2DB6H         LINE#         121
  C:2DB9H         LINE#         122
  C:2DC1H         LINE#         123
  C:2DC5H         LINE#         124
  C:2DC5H         LINE#         125
  C:2DCDH         LINE#         126
  C:2DCDH         LINE#         127
  C:2DD0H         LINE#         128
  C:2DD8H         LINE#         129
  C:2DDAH         LINE#         130
  C:2DEEH         LINE#         131
  C:2DEEH         LINE#         132
  C:2DEEH         LINE#         133
  C:2DEEH         LINE#         134
  C:2DF4H         LINE#         136
  C:2DF6H         LINE#         137
  C:2DF6H         LINE#         138
  C:2DF6H         LINE#         139
  C:2DFCH         LINE#         141
  C:2DFEH         LINE#         142
  C:2DFEH         LINE#         143
  C:2DFEH         LINE#         144
  C:2E04H         LINE#         146
  C:2E06H         LINE#         147
  C:2E06H         LINE#         148
  C:2E06H         LINE#         149
  C:2E0CH         LINE#         151
  C:2E0CH         LINE#         152
  C:2E0CH         LINE#         153
  C:2E0CH         LINE#         157
  C:2E0FH         LINE#         158
  C:2E12H         LINE#         159
  C:2E1AH         LINE#         160
  C:2E1EH         LINE#         161
BL51 BANKED LINKER/LOCATER V6.22                                                      12/21/2018  12:34:23  PAGE 24


  C:2E1EH         LINE#         162
  C:2E26H         LINE#         163
  C:2E26H         LINE#         164
  C:2E29H         LINE#         165
  C:2E31H         LINE#         166
  C:2E33H         LINE#         167
  C:2E47H         LINE#         168
  C:2E47H         LINE#         169
  C:2E47H         LINE#         170
  C:2E47H         LINE#         171
  C:2E4DH         LINE#         173
  C:2E4FH         LINE#         174
  C:2E4FH         LINE#         175
  C:2E4FH         LINE#         176
  C:2E55H         LINE#         178
  C:2E57H         LINE#         179
  C:2E57H         LINE#         180
  C:2E57H         LINE#         181
  C:2E5DH         LINE#         183
  C:2E5FH         LINE#         184
  C:2E5FH         LINE#         185
  C:2E5FH         LINE#         186
  C:2E65H         LINE#         188
  C:2E65H         LINE#         189
  C:2E65H         LINE#         190
  C:2E65H         LINE#         192
  C:2E6BH         LINE#         193
  C:2E6BH         LINE#         195
  C:2E6BH         LINE#         196
  C:2E6EH         LINE#         197
  C:2E6EH         LINE#         198
  C:2E6EH         LINE#         200
  C:2E6EH         LINE#         201
  C:2E70H         LINE#         202
  C:2E70H         LINE#         203
  -------         ENDPROC       KEY_SCAN
  -------         PROC          KEY_PROCESS
  -------         DO            
  X:0667H         SYMBOL        KeyCount
  X:0669H         SYMBOL        KeyNum_Old
  X:066AH         SYMBOL        KeyNum
  X:066BH         SYMBOL        PressedKey
  X:03D0H         SYMBOL        d
  D:0004H         SYMBOL        hours
  D:0006H         SYMBOL        mins
  X:03D2H         SYMBOL        months
  X:03D4H         SYMBOL        days
  -------         ENDDO         
  C:231EH         LINE#         204
  C:231EH         LINE#         205
  C:231EH         LINE#         209
  C:2326H         LINE#         210
  C:232EH         LINE#         212
  C:2331H         LINE#         213
  C:2331H         LINE#         214
  C:2334H         LINE#         216
  C:2334H         LINE#         217
BL51 BANKED LINKER/LOCATER V6.22                                                      12/21/2018  12:34:23  PAGE 25


  C:2341H         LINE#         218
  C:2341H         LINE#         219
  C:2344H         LINE#         220
  C:2347H         LINE#         222
  C:234AH         LINE#         224
  C:234AH         LINE#         225
  C:2355H         LINE#         226
  C:2355H         LINE#         227
  C:2358H         LINE#         229
  C:2358H         LINE#         230
  C:235FH         LINE#         231
  C:235FH         LINE#         232
  C:2362H         LINE#         234
  C:2362H         LINE#         235
  C:236AH         LINE#         236
  C:236AH         LINE#         237
  C:2374H         LINE#         238
  C:237CH         LINE#         240
  C:2385H         LINE#         242
  C:2385H         LINE#         251
  C:239AH         LINE#         252
  C:239AH         LINE#         253
  C:23ACH         LINE#         254
  C:23BAH         LINE#         255
  C:23C9H         LINE#         256
  C:23C9H         LINE#         258
  C:23CFH         LINE#         262
  C:23E5H         LINE#         263
  C:23F6H         LINE#         264
  C:2411H         LINE#         265
  C:2411H         LINE#         266
  C:2421H         LINE#         267
  C:2432H         LINE#         268
  C:2432H         LINE#         272
  C:244BH         LINE#         273
  C:2462H         LINE#         274
  C:2482H         LINE#         275
  C:2482H         LINE#         276
  C:248CH         LINE#         277
  C:248CH         LINE#         278
  C:2495H         LINE#         279
  C:2495H         LINE#         280
  C:24A9H         LINE#         281
  C:24A9H         LINE#         282
  C:24A9H         LINE#         283
  C:24A9H         LINE#         284
  C:24A9H         LINE#         285
  C:24ABH         LINE#         287
  C:24ABH         LINE#         288
  C:24B7H         LINE#         289
  C:24B7H         LINE#         290
  C:24C8H         LINE#         291
  C:24C8H         LINE#         292
  C:24C8H         LINE#         293
  C:24C8H         LINE#         294
  C:24C8H         LINE#         296
  C:24CAH         LINE#         298
BL51 BANKED LINKER/LOCATER V6.22                                                      12/21/2018  12:34:23  PAGE 26


  C:24CAH         LINE#         299
  C:24DBH         LINE#         300
  C:24DBH         LINE#         301
  C:24DBH         LINE#         302
  C:24DBH         LINE#         303
  C:24DBH         LINE#         305
  C:24DBH         LINE#         307
  C:24DBH         LINE#         308
  C:24DDH         LINE#         310
  C:24DDH         LINE#         311
  C:24F0H         LINE#         312
  C:24F0H         LINE#         313
  C:2501H         LINE#         314
  C:2501H         LINE#         315
  C:2501H         LINE#         316
  C:2501H         LINE#         317
  C:2501H         LINE#         318
  C:2503H         LINE#         320
  C:2503H         LINE#         321
  C:2514H         LINE#         322
  C:2514H         LINE#         323
  C:2525H         LINE#         324
  C:2536H         LINE#         325
  C:2536H         LINE#         326
  C:2536H         LINE#         327
  C:2536H         LINE#         328
  C:2536H         LINE#         329
  C:2539H         LINE#         330
  C:253EH         LINE#         331
  C:2543H         LINE#         332
  C:2548H         LINE#         333
  C:254DH         LINE#         334
  C:2552H         LINE#         335
  C:2557H         LINE#         336
  C:255CH         LINE#         337
  C:255CH         LINE#         339
  C:257EH         LINE#         340
  C:257EH         LINE#         341
  C:2588H         LINE#         342
  C:2588H         LINE#         343
  C:258DH         LINE#         344
  C:2596H         LINE#         345
  C:25ADH         LINE#         346
  C:25ADH         LINE#         347
  C:25BDH         LINE#         349
  C:25BDH         LINE#         353
  -------         ENDPROC       KEY_PROCESS
  -------         PROC          KEYPAD_IO_INIT
  C:3F1AH         LINE#         356
  C:3F1AH         LINE#         357
  C:3F1AH         LINE#         358
  C:3F1DH         LINE#         359
  C:3F20H         LINE#         360
  C:3F23H         LINE#         361
  C:3F25H         LINE#         362
  -------         ENDPROC       KEYPAD_IO_INIT
  -------         ENDMOD        KEYPAD
BL51 BANKED LINKER/LOCATER V6.22                                                      12/21/2018  12:34:23  PAGE 27



  -------         MODULE        VCNL4035
  C:0000H         SYMBOL        _ICE_DUMMY_
  D:0080H         PUBLIC        P0
  B:00B0H.2       PUBLIC        I2C_SCK
  D:00B2H         PUBLIC        P3M0
  D:0090H         PUBLIC        P1
  D:00B1H         PUBLIC        P3M1
  D:00A0H         PUBLIC        P2
  D:00B0H         PUBLIC        P3
  D:00C0H         PUBLIC        P4
  D:00C8H         PUBLIC        P5
  D:00E8H         PUBLIC        P6
  D:00F8H         PUBLIC        P7
  D:00A8H         PUBLIC        IE
  C:3F55H         PUBLIC        _DisplayLCD_VCNL4035
  D:00B8H         PUBLIC        IP
  D:00D8H         PUBLIC        CCON
  C:3EA9H         PUBLIC        I2C_Start
  D:0098H         PUBLIC        SCON
  C:3E3EH         PUBLIC        I2C_Init
  D:0088H         PUBLIC        TCON
  C:3EEFH         PUBLIC        uC_NACK
  C:3C9BH         PUBLIC        _Wait_ms_i2c
  C:3D03H         PUBLIC        _I2C_SendByte
  C:3E6CH         PUBLIC        I2C_Stop
  C:3A67H         PUBLIC        _Write_VCNL4035X
  C:000AH         PUBLIC        nop
  C:360EH         PUBLIC        _Read_VCNL4035
  C:3F4FH         PUBLIC        uC_ACK
  C:3DDEH         PUBLIC        I2C_ACK
  C:3D83H         PUBLIC        _Wait_ms_iic
  B:00B0H.1       PUBLIC        I2C_SDA
  D:00D0H         PUBLIC        PSW
  C:3C68H         PUBLIC        I2C_ReceiveByte
  -------         PROC          _WAIT_MS_IIC
  D:0006H         SYMBOL        ms
  -------         DO            
  D:0004H         SYMBOL        De_Cnt
  -------         ENDDO         
  C:3D83H         LINE#         5
  C:3D83H         LINE#         6
  C:3D83H         LINE#         8
  C:3D8DH         LINE#         9
  C:3D8DH         LINE#         10
  C:3DA0H         LINE#         11
  C:3DA0H         LINE#         12
  -------         ENDPROC       _WAIT_MS_IIC
  C:3C95H         SYMBOL        L?0048
  C:3C97H         SYMBOL        L?0049
  -------         PROC          L?0047
  -------         ENDPROC       L?0047
  C:3C95H         SYMBOL        L?0048
  C:3C97H         SYMBOL        L?0049
  -------         PROC          _WAIT_MS_I2C
  D:0006H         SYMBOL        ms
  -------         DO            
BL51 BANKED LINKER/LOCATER V6.22                                                      12/21/2018  12:34:23  PAGE 28


  D:0004H         SYMBOL        De_Cnt
  -------         ENDDO         
  C:3C9BH         LINE#         14
  C:3C9BH         LINE#         15
  C:3C9BH         LINE#         17
  C:3CA5H         LINE#         18
  C:3CA5H         LINE#         19
  C:3CB8H         LINE#         20
  C:3CB8H         LINE#         21
  -------         ENDPROC       _WAIT_MS_I2C
  -------         PROC          NOP
  C:000AH         LINE#         22
  C:000AH         LINE#         23
  C:000AH         LINE#         25
  -------         ENDPROC       NOP
  -------         PROC          I2C_START
  C:3EA9H         LINE#         26
  C:3EA9H         LINE#         27
  C:3EA9H         LINE#         29
  C:3EABH         LINE#         30
  C:3EADH         LINE#         31
  C:3EB4H         LINE#         32
  C:3EB6H         LINE#         33
  C:3EB9H         LINE#         34
  C:3EBBH         LINE#         37
  -------         ENDPROC       I2C_START
  -------         PROC          I2C_STOP
  C:3E6CH         LINE#         39
  C:3E6CH         LINE#         40
  C:3E6CH         LINE#         41
  C:3E6EH         LINE#         42
  C:3E70H         LINE#         43
  C:3E73H         LINE#         44
  C:3E75H         LINE#         45
  C:3E77H         LINE#         46
  C:3E7EH         LINE#         47
  C:3E80H         LINE#         50
  -------         ENDPROC       I2C_STOP
  -------         PROC          L?0050
  -------         ENDPROC       L?0050
  -------         PROC          I2C_ACK
  -------         DO            
  X:0682H         SYMBOL        i
  D:0003H         SYMBOL        dat
  -------         ENDDO         
  C:3DDEH         LINE#         52
  C:3DDEH         LINE#         53
  C:3DDEH         LINE#         55
  C:3DDFH         LINE#         60
  C:3DE2H         LINE#         61
  C:3DE4H         LINE#         62
  C:3DE7H         LINE#         64
  C:3DEAH         LINE#         65
  C:3DEAH         LINE#         66
  C:3DEEH         LINE#         67
  C:3DEEH         LINE#         70
  C:3DEEH         LINE#         71
BL51 BANKED LINKER/LOCATER V6.22                                                      12/21/2018  12:34:23  PAGE 29


  C:3DF1H         LINE#         72
  C:3DF1H         LINE#         73
  C:3DF3H         LINE#         74
  -------         ENDPROC       I2C_ACK
  -------         PROC          UC_ACK
  -------         DO            
  X:0683H         SYMBOL        i
  -------         ENDDO         
  C:3F4FH         LINE#         75
  C:3F4FH         LINE#         76
  C:3F4FH         LINE#         78
  C:3F4FH         LINE#         85
  C:3F4FH         LINE#         87
  C:3F4FH         LINE#         89
  C:3F4FH         LINE#         90
  C:3F4FH         LINE#         93
  C:3F52H         LINE#         94
  C:3F54H         LINE#         95
  C:3F54H         LINE#         99
  -------         ENDPROC       UC_ACK
  -------         PROC          UC_NACK
  -------         DO            
  X:0684H         SYMBOL        i
  -------         ENDDO         
  C:3EEFH         LINE#         101
  C:3EEFH         LINE#         102
  C:3EEFH         LINE#         104
  C:3EEFH         LINE#         108
  C:3EF1H         LINE#         111
  C:3EF1H         LINE#         112
  C:3EF3H         LINE#         113
  C:3EF3H         LINE#         115
  C:3EF3H         LINE#         116
  C:3EF3H         LINE#         119
  C:3EF6H         LINE#         120
  C:3EF8H         LINE#         121
  C:3EFBH         LINE#         122
  C:3EFDH         LINE#         123
  C:3EFDH         LINE#         127
  -------         ENDPROC       UC_NACK
  -------         PROC          I2C_INIT
  C:3E3EH         LINE#         129
  C:3E3EH         LINE#         130
  C:3E3EH         LINE#         133
  C:3E41H         LINE#         134
  C:3E44H         LINE#         139
  C:3E4CH         LINE#         141
  -------         ENDPROC       I2C_INIT
  -------         PROC          _I2C_SENDBYTE
  D:0001H         SYMBOL        dat
  -------         DO            
  D:0003H         SYMBOL        i
  -------         ENDDO         
  C:3D03H         LINE#         145
  C:3D05H         LINE#         146
  C:3D05H         LINE#         149
  C:3D07H         LINE#         150
BL51 BANKED LINKER/LOCATER V6.22                                                      12/21/2018  12:34:23  PAGE 30


  C:3D07H         LINE#         151
  C:3D09H         LINE#         153
  C:3D0DH         LINE#         154
  C:3D0DH         LINE#         155
  C:3D0FH         LINE#         156
  C:3D11H         LINE#         158
  C:3D11H         LINE#         159
  C:3D13H         LINE#         160
  C:3D13H         LINE#         161
  C:3D16H         LINE#         162
  C:3D18H         LINE#         164
  C:3D1CH         LINE#         165
  C:3D1FH         LINE#         166
  C:3D24H         LINE#         167
  -------         ENDPROC       _I2C_SENDBYTE
  -------         PROC          L?0051
  -------         ENDPROC       L?0051
  -------         PROC          I2C_RECEIVEBYTE
  -------         DO            
  D:0003H         SYMBOL        i
  D:0001H         SYMBOL        dat
  -------         ENDDO         
  C:3C68H         LINE#         171
  C:3C68H         LINE#         172
  C:3C68H         LINE#         174
  C:3C6AH         LINE#         178
  C:3C6BH         LINE#         179
  C:3C6BH         LINE#         180
  C:3C6FH         LINE#         181
  C:3C71H         LINE#         182
  C:3C74H         LINE#         184
  C:3C77H         LINE#         185
  C:3C77H         LINE#         186
  C:3C7BH         LINE#         187
  C:3C7BH         LINE#         188
  C:3C7BH         LINE#         189
  C:3C7EH         LINE#         190
  C:3C82H         LINE#         191
  C:3C82H         LINE#         192
  C:3C84H         LINE#         193
  C:3C86H         LINE#         194
  C:3C86H         LINE#         196
  C:3C8BH         LINE#         197
  C:3C8DH         LINE#         198
  -------         ENDPROC       I2C_RECEIVEBYTE
  -------         PROC          _WRITE_VCNL4035X
  X:067FH         SYMBOL        command_code
  X:0680H         SYMBOL        dat_h
  X:0681H         SYMBOL        dat_l
  C:3A67H         LINE#         199
  C:3A72H         LINE#         200
  C:3A72H         LINE#         201
  C:3A75H         LINE#         202
  C:3A7CH         LINE#         203
  C:3A7CH         LINE#         204
  C:3A82H         LINE#         205
  C:3A82H         LINE#         206
BL51 BANKED LINKER/LOCATER V6.22                                                      12/21/2018  12:34:23  PAGE 31


  C:3A8AH         LINE#         207
  C:3A8AH         LINE#         208
  C:3A90H         LINE#         209
  C:3A98H         LINE#         211
  C:3A9EH         LINE#         212
  C:3AA6H         LINE#         214
  C:3AACH         LINE#         215
  C:3AAFH         LINE#         216
  -------         ENDPROC       _WRITE_VCNL4035X
  -------         PROC          _READ_VCNL4035
  X:0670H         SYMBOL        command_code
  -------         DO            
  X:0672H         SYMBOL        temp_dat
  X:0674H         SYMBOL        temp_dat_l
  X:0676H         SYMBOL        temp_dat_h
  -------         ENDDO         
  C:360EH         LINE#         218
  C:3616H         LINE#         219
  C:3616H         LINE#         220
  C:3623H         LINE#         222
  C:3626H         LINE#         223
  C:3629H         LINE#         224
  C:362EH         LINE#         226
  C:3634H         LINE#         227
  C:3634H         LINE#         228
  C:3634H         LINE#         229
  C:3634H         LINE#         230
  C:363FH         LINE#         231
  C:3642H         LINE#         232
  C:3645H         LINE#         233
  C:3645H         LINE#         236
  C:3648H         LINE#         238
  C:364FH         LINE#         239
  C:364FH         LINE#         240
  C:364FH         LINE#         241
  C:365AH         LINE#         242
  C:365DH         LINE#         243
  C:3660H         LINE#         244
  C:3663H         LINE#         245
  C:3666H         LINE#         246
  C:3669H         LINE#         247
  C:366CH         LINE#         248
  C:366FH         LINE#         249
  C:3672H         LINE#         250
  C:3672H         LINE#         251
  C:3678H         LINE#         252
  C:3678H         LINE#         253
  C:3681H         LINE#         255
  C:3681H         LINE#         256
  C:3687H         LINE#         257
  C:3687H         LINE#         259
  C:3689H         LINE#         260
  C:368FH         LINE#         261
  C:3692H         LINE#         262
  C:3699H         LINE#         263
  C:3699H         LINE#         264
  C:36A7H         LINE#         265
BL51 BANKED LINKER/LOCATER V6.22                                                      12/21/2018  12:34:23  PAGE 32


  -------         ENDPROC       _READ_VCNL4035
  -------         PROC          _DISPLAYLCD_VCNL4035
  X:0685H         SYMBOL        dat
  C:3F55H         LINE#         267
  C:3F5AH         LINE#         268
  C:3F5AH         LINE#         270
  -------         ENDPROC       _DISPLAYLCD_VCNL4035
  -------         ENDMOD        VCNL4035

  -------         MODULE        BIPOLARMOTOR
  C:0000H         SYMBOL        _ICE_DUMMY_
  D:0080H         PUBLIC        P0
  D:0090H         PUBLIC        P1
  D:00A0H         PUBLIC        P2
  D:00B0H         PUBLIC        P3
  D:00C0H         PUBLIC        P4
  D:00C8H         PUBLIC        P5
  D:00E8H         PUBLIC        P6
  D:00F8H         PUBLIC        P7
  D:00A8H         PUBLIC        IE
  C:338AH         PUBLIC        linear_interpolate
  C:3C2FH         PUBLIC        _Move
  D:00B8H         PUBLIC        IP
  C:27F0H         PUBLIC        _findDet3x3
  C:205EH         PUBLIC        _findDet4x4
  D:00D8H         PUBLIC        CCON
  X:0000H         PUBLIC        previous_move_time
  D:0098H         PUBLIC        SCON
  D:0088H         PUBLIC        TCON
  C:3F65H         PUBLIC        wait
  C:3AB0H         PUBLIC        _Step_move
  C:0920H         PUBLIC        _Update_position
  C:3AF7H         PUBLIC        vOneStepMove
  X:0001H         PUBLIC        elevation_stamp
  X:002DH         PUBLIC        date_azimuth_mapping
  X:0079H         PUBLIC        RX_pos
  C:3DFEH         PUBLIC        _BCDtoDec1
  X:03BDH         PUBLIC        degree
  D:00D0H         PUBLIC        PSW
  C:3DF4H         SYMBOL        L?0067
  C:3DF7H         SYMBOL        L?0068
  -------         PROC          L?0066
  -------         ENDPROC       L?0066
  C:3DF4H         SYMBOL        L?0067
  C:3DF7H         SYMBOL        L?0068
  -------         PROC          _BCDTODEC1
  D:0007H         SYMBOL        bcd
  -------         DO            
  D:0006H         SYMBOL        hi
  D:0007H         SYMBOL        lo
  -------         ENDDO         
  C:3DFEH         LINE#         23
  C:3DFEH         LINE#         24
  C:3DFEH         LINE#         26
  C:3E03H         LINE#         27
  C:3E07H         LINE#         28
  C:3E0EH         LINE#         29
BL51 BANKED LINKER/LOCATER V6.22                                                      12/21/2018  12:34:23  PAGE 33


  -------         ENDPROC       _BCDTODEC1
  -------         PROC          WAIT
  C:3F65H         LINE#         31
  C:3F65H         LINE#         33
  -------         ENDPROC       WAIT
  -------         PROC          VONESTEPMOVE
  B:0021H.0       SYMBOL        bDir
  -------         DO            
  X:0497H         SYMBOL        temp
  -------         ENDDO         
  C:3AF7H         LINE#         35
  C:3AF7H         LINE#         36
  C:3AF7H         LINE#         38
  C:3AFDH         LINE#         39
  C:3B00H         LINE#         40
  C:3B00H         LINE#         41
  C:3B11H         LINE#         42
  C:3B11H         LINE#         43
  C:3B11H         LINE#         44
  C:3B13H         LINE#         45
  C:3B13H         LINE#         46
  C:3B13H         LINE#         47
  C:3B15H         LINE#         48
  C:3B15H         LINE#         49
  C:3B15H         LINE#         50
  C:3B17H         LINE#         51
  C:3B17H         LINE#         52
  C:3B17H         LINE#         53
  C:3B19H         LINE#         54
  C:3B19H         LINE#         55
  C:3B19H         LINE#         57
  C:3B19H         LINE#         58
  C:3B2DH         LINE#         59
  C:3B2DH         LINE#         60
  C:3B30H         LINE#         61
  C:3B31H         LINE#         62
  C:3B31H         LINE#         63
  C:3B34H         LINE#         64
  C:3B35H         LINE#         65
  C:3B35H         LINE#         66
  C:3B38H         LINE#         67
  C:3B39H         LINE#         68
  C:3B39H         LINE#         69
  C:3B3CH         LINE#         70
  C:3B3CH         LINE#         71
  C:3B3CH         LINE#         72
  C:3B3CH         LINE#         73
  -------         ENDPROC       VONESTEPMOVE
  -------         PROC          _STEP_MOVE
  X:0493H         SYMBOL        step
  B:0020H.7       SYMBOL        dir
  -------         DO            
  X:0495H         SYMBOL        i
  -------         ENDDO         
  C:3AB0H         LINE#         75
  C:3AB8H         LINE#         76
  C:3AB8H         LINE#         78
BL51 BANKED LINKER/LOCATER V6.22                                                      12/21/2018  12:34:23  PAGE 34


  C:3ABDH         LINE#         81
  C:3AD8H         LINE#         82
  C:3AD8H         LINE#         83
  C:3ADFH         LINE#         84
  C:3AE6H         LINE#         85
  C:3AF6H         LINE#         87
  -------         ENDPROC       _STEP_MOVE
  -------         PROC          _MOVE
  X:048FH         SYMBOL        distance
  B:0020H.6       SYMBOL        direction
  -------         DO            
  D:0006H         SYMBOL        step
  -------         ENDDO         
  C:3C2FH         LINE#         89
  C:3C35H         LINE#         90
  C:3C35H         LINE#         92
  C:3C5BH         LINE#         93
  -------         ENDPROC       _MOVE
  C:27D1H         SYMBOL        L?0064
  C:27E5H         SYMBOL        L?0065
  -------         PROC          L?0063
  -------         ENDPROC       L?0063
  C:27D1H         SYMBOL        L?0064
  C:27E5H         SYMBOL        L?0065
  -------         PROC          _FINDDET3X3
  X:0625H         SYMBOL        a11
  X:0629H         SYMBOL        a12
  X:062DH         SYMBOL        a13
  X:0631H         SYMBOL        a21
  X:0635H         SYMBOL        a22
  X:0639H         SYMBOL        a23
  X:063DH         SYMBOL        a31
  X:0641H         SYMBOL        a32
  X:0645H         SYMBOL        a33
  C:27F0H         LINE#         97
  C:27F6H         LINE#         101
  C:27F6H         LINE#         102
  C:298DH         LINE#         104
  -------         ENDPROC       _FINDDET3X3
  -------         PROC          _FINDDET4X4
  X:05E5H         SYMBOL        a11
  X:05E9H         SYMBOL        a12
  X:05EDH         SYMBOL        a13
  X:05F1H         SYMBOL        a14
  X:05F5H         SYMBOL        a21
  X:05F9H         SYMBOL        a22
  X:05FDH         SYMBOL        a23
  X:0601H         SYMBOL        a24
  X:0605H         SYMBOL        a31
  X:0609H         SYMBOL        a32
  X:060DH         SYMBOL        a33
  X:0611H         SYMBOL        a34
  X:0615H         SYMBOL        a41
  X:0619H         SYMBOL        a42
  X:061DH         SYMBOL        a43
  X:0621H         SYMBOL        a44
  C:205EH         LINE#         105
BL51 BANKED LINKER/LOCATER V6.22                                                      12/21/2018  12:34:23  PAGE 35


  C:2064H         LINE#         109
  C:2064H         LINE#         116
  C:231DH         LINE#         120
  -------         ENDPROC       _FINDDET4X4
  -------         PROC          L?0069
  -------         ENDPROC       L?0069
  -------         PROC          LINEAR_INTERPOLATE
  X:048FH         SYMBOL        p1
  X:0497H         SYMBOL        p2
  X:049FH         SYMBOL        x
  -------         DO            
  D:0004H         SYMBOL        fx
  -------         ENDDO         
[...]
  X:04E4H         SYMBOL        dCos_HourAngle
  X:04E8H         SYMBOL        dParallax
  -------         ENDDO         
  -------         ENDDO         
  C:10FBH         LINE#         6
  C:10FBH         LINE#         7
  C:10FBH         LINE#         9
  C:10FBH         LINE#         27
  C:1145H         LINE#         30
  C:1166H         LINE#         31
  C:12ADH         LINE#         34
  C:12F9H         LINE#         36
  C:1318H         LINE#         37
  C:1318H         LINE#         42
  C:1318H         LINE#         46
  C:134AH         LINE#         47
  C:1374H         LINE#         48
  C:139EH         LINE#         49
  C:144BH         LINE#         52
  C:14ACH         LINE#         54
  C:14ACH         LINE#         59
  C:14ACH         LINE#         61
  C:14C3H         LINE#         62
  C:14EBH         LINE#         63
  C:1502H         LINE#         64
  C:152DH         LINE#         65
  C:1564H         LINE#         66
  C:158FH         LINE#         67
  C:158FH         LINE#         70
  C:158FH         LINE#         79
  C:15CAH         LINE#         82
  C:1604H         LINE#         84
  C:1629H         LINE#         85
  C:1648H         LINE#         86
  C:165FH         LINE#         87
  C:1676H         LINE#         88
  C:168DH         LINE#         89
  C:1716H         LINE#         91
  C:1730H         LINE#         92
  C:1792H         LINE#         93
  C:17C8H         LINE#         94
  C:17DAH         LINE#         95
  C:1807H         LINE#         96
  C:1834H         LINE#         98
  C:1856H         LINE#         100
  C:188EH         LINE#         103
  C:188EH         LINE#         104
  C:189CH         LINE#         105
  -------         ENDPROC       SUNPOS
  -------         ENDMOD        SUNPOS

  -------         MODULE        ADC
  C:0000H         SYMBOL        _ICE_DUMMY_
  D:0092H         PUBLIC        P1M0
BL51 BANKED LINKER/LOCATER V6.22                                                      12/21/2018  12:34:23  PAGE 39


  D:0091H         PUBLIC        P1M1
  D:0080H         PUBLIC        P0
  D:0090H         PUBLIC        P1
  D:00A0H         PUBLIC        P2
  D:00B0H         PUBLIC        P3
  D:00C0H         PUBLIC        P4
  D:00C8H         PUBLIC        P5
  D:00E8H         PUBLIC        P6
  D:00F8H         PUBLIC        P7
  D:00A8H         PUBLIC        IE
  D:00BDH         PUBLIC        ADC_RES
  D:00B8H         PUBLIC        IP
  D:0097H         PUBLIC        CLK_DIV
  D:00D8H         PUBLIC        CCON
  D:00BCH         PUBLIC        ADC_CONTR
  D:0098H         PUBLIC        SCON
  D:0088H         PUBLIC        TCON
  C:3E55H         PUBLIC        ADC_Init
  C:3CB9H         PUBLIC        _ADC_GetResult
  D:009DH         PUBLIC        P1ASF
  D:00BEH         PUBLIC        ADC_RESL
  D:00D0H         PUBLIC        PSW
  -------         PROC          ADC_INIT
  C:3E55H         LINE#         7
  C:3E55H         LINE#         8
  C:3E55H         LINE#         10
  C:3E58H         LINE#         11
  C:3E5BH         LINE#         12
  C:3E5EH         LINE#         13
  C:3E61H         LINE#         15
  C:3E63H         LINE#         16
  C:3E66H         LINE#         18
  -------         ENDPROC       ADC_INIT
  -------         PROC          _ADC_GETRESULT
  D:0007H         SYMBOL        ch
  -------         DO            
  D:0006H         SYMBOL        ADC_Value
  -------         ENDDO         
  C:3CB9H         LINE#         23
  C:3CB9H         LINE#         24
  C:3CB9H         LINE#         26
  C:3CBEH         LINE#         27
  C:3CBFH         LINE#         28
  C:3CC0H         LINE#         29
  C:3CC1H         LINE#         30
  C:3CC2H         LINE#         31
  C:3CC7H         LINE#         32
  C:3CCAH         LINE#         33
  C:3CCEH         LINE#         34
  C:3CDEH         LINE#         35
  C:3CDEH         LINE#         36
  -------         ENDPROC       _ADC_GETRESULT
  -------         ENDMOD        ADC

  -------         MODULE        CALIBRATION
  C:0000H         SYMBOL        _ICE_DUMMY_
  D:0080H         PUBLIC        P0
BL51 BANKED LINKER/LOCATER V6.22                                                      12/21/2018  12:34:23  PAGE 40


  D:0090H         PUBLIC        P1
  D:00A0H         PUBLIC        P2
  D:00B0H         PUBLIC        P3
  D:00C0H         PUBLIC        P4
  D:00C8H         PUBLIC        P5
  D:00E8H         PUBLIC        P6
  D:00F8H         PUBLIC        P7
  C:373DH         PUBLIC        _Max_Value
  D:00A8H         PUBLIC        IE
  C:31F6H         PUBLIC        _calibration
  C:32BEH         PUBLIC        voltage_is_stable
  D:00B8H         PUBLIC        IP
  D:00D8H         PUBLIC        CCON
  D:0098H         PUBLIC        SCON
  D:0088H         PUBLIC        TCON
  C:25BEH         PUBLIC        _Find_Real_Max
  D:00D0H         PUBLIC        PSW
  -------         PROC          VOLTAGE_IS_STABLE
  -------         DO            
  X:03E0H         SYMBOL        sample_voltage
  X:03F4H         SYMBOL        i
  X:03F6H         SYMBOL        ch
  -------         ENDDO         
  C:32BEH         LINE#         17
  C:32BEH         LINE#         18
  C:32BEH         LINE#         20
  C:32C5H         LINE#         21
  C:32CBH         LINE#         22
  C:32CBH         LINE#         23
  C:32F4H         LINE#         24
  C:3313H         LINE#         26
  C:332DH         LINE#         27
  C:332DH         LINE#         28
  C:3360H         LINE#         29
  C:3364H         LINE#         30
  C:3374H         LINE#         31
  C:3378H         LINE#         32
  -------         ENDPROC       VOLTAGE_IS_STABLE
  -------         PROC          _FIND_REAL_MAX
  X:03E0H         SYMBOL        current_position
  -------         DO            
  X:03E3H         SYMBOL        ch
  X:03E4H         SYMBOL        calib_step_move
  X:03E8H         SYMBOL        voltage_at_scanned_pos
  X:0438H         SYMBOL        max_location
  X:043AH         SYMBOL        i
  -------         ENDDO         
  C:25BEH         LINE#         33
  C:25C9H         LINE#         34
  C:25C9H         LINE#         35
  C:25CCH         LINE#         36
  C:25D4H         LINE#         40
  C:25DCH         LINE#         41
  C:25DCH         LINE#         42
  C:25EFH         LINE#         43
  C:2615H         LINE#         44
  C:263DH         LINE#         45
BL51 BANKED LINKER/LOCATER V6.22                                                      12/21/2018  12:34:23  PAGE 41


  C:2644H         LINE#         46
  C:2666H         LINE#         48
  C:2673H         LINE#         49
  C:269AH         LINE#         50
  C:26A1H         LINE#         52
  C:26A9H         LINE#         53
  C:26A9H         LINE#         55
  C:26BCH         LINE#         56
  C:26E2H         LINE#         57
  C:270AH         LINE#         58
  C:2711H         LINE#         59
  C:2733H         LINE#         61
  C:2744H         LINE#         63
  C:2761H         LINE#         64
  C:27B6H         LINE#         65
  -------         ENDPROC       _FIND_REAL_MAX
  -------         PROC          _MAX_VALUE
  D:0001H         SYMBOL        input
  -------         DO            
  D:0004H         SYMBOL        max
  X:043CH         SYMBOL        max_location
  X:043EH         SYMBOL        i
  -------         ENDDO         
  C:373DH         LINE#         70
  C:373DH         LINE#         71
  C:373DH         LINE#         72
  C:3744H         LINE#         74
  C:3758H         LINE#         75
  C:3758H         LINE#         76
  C:378EH         LINE#         77
  C:37A8H         LINE#         78
  C:37B7H         LINE#         79
  C:37C7H         LINE#         80
  C:37CFH         LINE#         82
  -------         ENDPROC       _MAX_VALUE
  -------         PROC          _CALIBRATION
  X:03D0H         SYMBOL        mnths
  X:03D1H         SYMBOL        dys
  X:03D2H         SYMBOL        hurs
  X:03D3H         SYMBOL        mns
  X:03D4H         SYMBOL        sconds
  X:03D5H         SYMBOL        currnt_pos
  -------         DO            
  X:03D8H         SYMBOL        calib_value
  X:03DCH         SYMBOL        JP_max_pos
  -------         ENDDO         
  C:31F6H         LINE#         84
  C:3201H         LINE#         87
  C:3201H         LINE#         88
  C:320BH         LINE#         89
  C:321FH         LINE#         91
  C:3229H         LINE#         92
  C:3229H         LINE#         94
  C:325FH         LINE#         96
  C:3268H         LINE#         97
  C:328DH         LINE#         98
  C:32A9H         LINE#         99
BL51 BANKED LINKER/LOCATER V6.22                                                      12/21/2018  12:34:23  PAGE 42


  C:32B8H         LINE#         100
  C:32B8H         LINE#         102
  C:32BDH         LINE#         103
  -------         ENDPROC       _CALIBRATION
  -------         ENDMOD        CALIBRATION

  -------         MODULE        ?C_STARTUP
  C:37D0H         SEGMENT       ?C_C51STARTUP
  I:0022H         SEGMENT       ?STACK
  C:0000H         PUBLIC        ?C_STARTUP
  D:00E0H         SYMBOL        ACC
  D:00F0H         SYMBOL        B
  D:0083H         SYMBOL        DPH
  D:0082H         SYMBOL        DPL
  N:0000H         SYMBOL        IBPSTACK
  N:0100H         SYMBOL        IBPSTACKTOP
  N:0080H         SYMBOL        IDATALEN
  C:37D3H         SYMBOL        IDATALOOP
  N:0000H         SYMBOL        PBPSTACK
  N:0100H         SYMBOL        PBPSTACKTOP
  N:0000H         SYMBOL        PDATALEN
  N:0000H         SYMBOL        PDATASTART
  N:0000H         SYMBOL        PPAGE
  N:0000H         SYMBOL        PPAGEENABLE
  D:00A0H         SYMBOL        PPAGE_SFR
  D:0081H         SYMBOL        SP
  C:37D0H         SYMBOL        STARTUP1
  N:0000H         SYMBOL        XBPSTACK
  N:0000H         SYMBOL        XBPSTACKTOP
  N:0000H         SYMBOL        XDATALEN
  N:0000H         SYMBOL        XDATASTART
  C:0000H         LINE#         126
  C:37D0H         LINE#         133
  C:37D2H         LINE#         134
  C:37D3H         LINE#         135
  C:37D4H         LINE#         136
  C:37D6H         LINE#         185
  C:37D9H         LINE#         196
  -------         ENDMOD        ?C_STARTUP

  -------         MODULE        ?C?FPADD
  C:002DH         PUBLIC        ?C?FPADD
  C:0029H         PUBLIC        ?C?FPSUB
  -------         ENDMOD        ?C?FPADD

  -------         MODULE        ?C?FPMUL
  C:011EH         PUBLIC        ?C?FPMUL
  -------         ENDMOD        ?C?FPMUL

  -------         MODULE        ?C?FPDIV
  C:0227H         PUBLIC        ?C?FPDIV
  -------         ENDMOD        ?C?FPDIV

  -------         MODULE        ?C?FPCMP
  C:02C6H         PUBLIC        ?C?FPCMP
  C:02C4H         PUBLIC        ?C?FPCMP3
  -------         ENDMOD        ?C?FPCMP
BL51 BANKED LINKER/LOCATER V6.22                                                      12/21/2018  12:34:23  PAGE 43



  -------         MODULE        ?C?FPNEG
  C:033DH         PUBLIC        ?C?FPNEG
  -------         ENDMOD        ?C?FPNEG

  -------         MODULE        ?C?FCAST
  C:0358H         PUBLIC        ?C?FCASTC
  C:0353H         PUBLIC        ?C?FCASTI
  C:034EH         PUBLIC        ?C?FCASTL
  -------         ENDMOD        ?C?FCAST

  -------         MODULE        ?C?CASTF
  C:038CH         PUBLIC        ?C?CASTF
  -------         ENDMOD        ?C?CASTF

  -------         MODULE        ATAN2
  X:04ECH         PUBLIC        ?_atan2?BYTE
  C:34D6H         PUBLIC        _atan2
  -------         ENDMOD        ATAN2

  -------         MODULE        SIN
  C:2EB9H         PUBLIC        _COS
  C:2ECFH         PUBLIC        _SIN
  C:2F0BH         PUBLIC        _TAN
  -------         ENDMOD        SIN

  -------         MODULE        ACOS
  C:3A1DH         PUBLIC        _ACOS
  -------         ENDMOD        ACOS

  -------         MODULE        ASIN
  C:3BC1H         PUBLIC        _ASIN
  -------         ENDMOD        ASIN

  -------         MODULE        SQRT
  C:342EH         PUBLIC        _SQRT
  -------         ENDMOD        SQRT

  -------         MODULE        ATAN
  C:3019H         PUBLIC        _ATAN
  -------         ENDMOD        ATAN

  -------         MODULE        ?C?COPY
  C:052AH         PUBLIC        ?C?COPY
  -------         ENDMOD        ?C?COPY

  -------         MODULE        ?C?CLDPTR
  C:0550H         PUBLIC        ?C?CLDPTR
  -------         ENDMOD        ?C?CLDPTR

  -------         MODULE        ?C?CSTPTR
  C:0569H         PUBLIC        ?C?CSTPTR
  -------         ENDMOD        ?C?CSTPTR

  -------         MODULE        ?C?IMUL
  C:057BH         PUBLIC        ?C?IMUL
  -------         ENDMOD        ?C?IMUL
BL51 BANKED LINKER/LOCATER V6.22                                                      12/21/2018  12:34:23  PAGE 44



  -------         MODULE        ?C?UIDIV
  C:058DH         PUBLIC        ?C?UIDIV
  -------         ENDMOD        ?C?UIDIV

  -------         MODULE        ?C?SIDIV
  C:05E2H         PUBLIC        ?C?SIDIV
  -------         ENDMOD        ?C?SIDIV

  -------         MODULE        ?C?ILDIX
  C:0618H         PUBLIC        ?C?ILDIX
  -------         ENDMOD        ?C?ILDIX

  -------         MODULE        ?C?ILDOPTR
  C:062EH         PUBLIC        ?C?ILDOPTR
  -------         ENDMOD        ?C?ILDOPTR

  -------         MODULE        ?C?LMUL
  C:0666H         PUBLIC        ?C?LMUL
  -------         ENDMOD        ?C?LMUL

  -------         MODULE        ?C?SLDIV
  C:3B3DH         PUBLIC        ?C?SLDIV
  -------         ENDMOD        ?C?SLDIV

  -------         MODULE        ?C?LNEG
  C:06B5H         PUBLIC        ?C?LNEG
  -------         ENDMOD        ?C?LNEG

  -------         MODULE        ?C?LLDPTR
  C:06C3H         PUBLIC        ?C?LLDPTR
  -------         ENDMOD        ?C?LLDPTR

  -------         MODULE        ?C?LLDOPTR
  C:06E3H         PUBLIC        ?C?LLDOPTR
  -------         ENDMOD        ?C?LLDOPTR

  -------         MODULE        ?C?LSTPTR
  C:0713H         PUBLIC        ?C?LSTPTR
  -------         ENDMOD        ?C?LSTPTR

  -------         MODULE        ?C?LSTOPTR
  C:072DH         PUBLIC        ?C?LSTOPTR
  -------         ENDMOD        ?C?LSTOPTR

  -------         MODULE        ?C?LLDXDATA
  C:0751H         PUBLIC        ?C?LLDXDATA
  -------         ENDMOD        ?C?LLDXDATA

  -------         MODULE        ?C?LLDCODE
  C:075DH         PUBLIC        ?C?LLDCODE
  -------         ENDMOD        ?C?LLDCODE

  -------         MODULE        ?C?LLDXDATA0
  C:076DH         PUBLIC        ?C?LLDXDATA0
  -------         ENDMOD        ?C?LLDXDATA0

BL51 BANKED LINKER/LOCATER V6.22                                                      12/21/2018  12:34:23  PAGE 45


  -------         MODULE        ?C?LLDCODE0
  C:0779H         PUBLIC        ?C?LLDCODE0
  -------         ENDMOD        ?C?LLDCODE0

  -------         MODULE        ?C?LLDPTR0
  C:0789H         PUBLIC        ?C?LLDPTR0
  -------         ENDMOD        ?C?LLDPTR0

  -------         MODULE        ?C?LSTXDATA
  C:07A9H         PUBLIC        ?C?LSTXDATA
  -------         ENDMOD        ?C?LSTXDATA

  -------         MODULE        ?C?LSTKXDATA
  C:07B5H         PUBLIC        ?C?LSTKXDATA
  -------         ENDMOD        ?C?LSTKXDATA

  -------         MODULE        ?C?OFFXADD
  C:07E6H         PUBLIC        ?C?OFFXADD
  -------         ENDMOD        ?C?OFFXADD

  -------         MODULE        ABS
  C:3F26H         PUBLIC        _ABS
  -------         ENDMOD        ABS

  -------         MODULE        ATOI
  C:311BH         PUBLIC        _atoi
  -------         ENDMOD        ATOI

  -------         MODULE        ?C?IILDX
  C:07F2H         PUBLIC        ?C?IILDX
  -------         ENDMOD        ?C?IILDX

  -------         MODULE        ?C?ULDIV
  C:0844H         PUBLIC        ?C?ULDIV
  -------         ENDMOD        ?C?ULDIV

  -------         MODULE        ?C?LLDIDATA
  C:08D6H         PUBLIC        ?C?LLDIDATA
  -------         ENDMOD        ?C?LLDIDATA

  -------         MODULE        ?C?LLDPDATA
  C:08E2H         PUBLIC        ?C?LLDPDATA
  -------         ENDMOD        ?C?LLDPDATA

  -------         MODULE        ?C?LLDIDATA0
  C:08EEH         PUBLIC        ?C?LLDIDATA0
  -------         ENDMOD        ?C?LLDIDATA0

  -------         MODULE        ?C?LLDPDATA0
  C:08FBH         PUBLIC        ?C?LLDPDATA0
  -------         ENDMOD        ?C?LLDPDATA0

  -------         MODULE        ?C?LSTIDATA
  C:0908H         PUBLIC        ?C?LSTIDATA
  -------         ENDMOD        ?C?LSTIDATA

  -------         MODULE        ?C?LSTPDATA
BL51 BANKED LINKER/LOCATER V6.22                                                      12/21/2018  12:34:23  PAGE 46


  C:0914H         PUBLIC        ?C?LSTPDATA
  -------         ENDMOD        ?C?LSTPDATA

  -------         MODULE        ISDIGIT
  C:3EFEH         PUBLIC        _isdigit
  -------         ENDMOD        ISDIGIT

  -------         MODULE        ISSPACE
  C:3E95H         PUBLIC        _isspace
  -------         ENDMOD        ISSPACE

*** WARNING L16: UNCALLED SEGMENT, IGNORED FOR OVERLAY PROCESS
    SEGMENT: ?PR?_CALIB_INTERPOLATE?MAIN

*** WARNING L16: UNCALLED SEGMENT, IGNORED FOR OVERLAY PROCESS
    SEGMENT: ?PR?_DISPLAY_PROX?MAIN

*** WARNING L16: UNCALLED SEGMENT, IGNORED FOR OVERLAY PROCESS
    SEGMENT: ?PR?INITUART1?UART1

*** WARNING L16: UNCALLED SEGMENT, IGNORED FOR OVERLAY PROCESS
    SEGMENT: ?PR?_SENDSTRING?UART1

*** WARNING L16: UNCALLED SEGMENT, IGNORED FOR OVERLAY PROCESS
    SEGMENT: ?PR?_TEN?UART1

*** WARNING L16: UNCALLED SEGMENT, IGNORED FOR OVERLAY PROCESS
    SEGMENT: ?PR?_UNIT?UART1

*** WARNING L16: UNCALLED SEGMENT, IGNORED FOR OVERLAY PROCESS
    SEGMENT: ?PR?_DECTOBCD?UART1

*** WARNING L16: UNCALLED SEGMENT, IGNORED FOR OVERLAY PROCESS
    SEGMENT: ?PR?_ASCII_LETTER?UART1

*** WARNING L16: UNCALLED SEGMENT, IGNORED FOR OVERLAY PROCESS
    SEGMENT: ?PR?NOP?VCNL4035

*** WARNING L16: UNCALLED SEGMENT, IGNORED FOR OVERLAY PROCESS
    SEGMENT: ?PR?I2C_INIT?VCNL4035

*** WARNING L16: UNCALLED SEGMENT, IGNORED FOR OVERLAY PROCESS
    SEGMENT: ?PR?_READ_VCNL4035?VCNL4035

*** WARNING L16: UNCALLED SEGMENT, IGNORED FOR OVERLAY PROCESS
    SEGMENT: ?PR?_DISPLAYLCD_VCNL4035?VCNL4035

*** WARNING L16: UNCALLED SEGMENT, IGNORED FOR OVERLAY PROCESS
    SEGMENT: ?PR?WAIT?BIPOLARMOTOR

*** WARNING L16: UNCALLED SEGMENT, IGNORED FOR OVERLAY PROCESS
    SEGMENT: ?PR?_FINDDET4X4?BIPOLARMOTOR

*** WARNING L1: UNRESOLVED EXTERNAL SYMBOL
    SYMBOL:  AUTO_MODE
    MODULE:  .\Obj\main.obj (MAIN)

BL51 BANKED LINKER/LOCATER V6.22                                                      12/21/2018  12:34:23  PAGE 47


*** WARNING L2: REFERENCE MADE TO UNRESOLVED EXTERNAL
    SYMBOL:  AUTO_MODE
    MODULE:  .\Obj\main.obj (MAIN)
    ADDRESS: 1CD4H

*** WARNING L2: REFERENCE MADE TO UNRESOLVED EXTERNAL
    SYMBOL:  AUTO_MODE
    MODULE:  .\Obj\main.obj (MAIN)
    ADDRESS: 1DA4H

*** WARNING L2: REFERENCE MADE TO UNRESOLVED EXTERNAL
    SYMBOL:  AUTO_MODE
    MODULE:  .\Obj\main.obj (MAIN)
    ADDRESS: 1DB2H

*** WARNING L2: REFERENCE MADE TO UNRESOLVED EXTERNAL
    SYMBOL:  AUTO_MODE
    MODULE:  .\Obj\main.obj (MAIN)
    ADDRESS: 1DC4H

*** WARNING L2: REFERENCE MADE TO UNRESOLVED EXTERNAL
    SYMBOL:  AUTO_MODE
    MODULE:  .\Obj\main.obj (MAIN)
    ADDRESS: 1E06H

*** WARNING L2: REFERENCE MADE TO UNRESOLVED EXTERNAL
    SYMBOL:  AUTO_MODE
    MODULE:  .\Obj\main.obj (MAIN)
    ADDRESS: 1ED9H

*** WARNING L1: UNRESOLVED EXTERNAL SYMBOL
    SYMBOL:  AUTO_MODE
    MODULE:  .\Obj\KeyPad.obj (KEYPAD)

*** WARNING L2: REFERENCE MADE TO UNRESOLVED EXTERNAL
    SYMBOL:  AUTO_MODE
    MODULE:  .\Obj\KeyPad.obj (KEYPAD)
    ADDRESS: 236BH

*** WARNING L2: REFERENCE MADE TO UNRESOLVED EXTERNAL
    SYMBOL:  AUTO_MODE
    MODULE:  .\Obj\KeyPad.obj (KEYPAD)
    ADDRESS: 2376H

*** WARNING L2: REFERENCE MADE TO UNRESOLVED EXTERNAL
    SYMBOL:  AUTO_MODE
    MODULE:  .\Obj\KeyPad.obj (KEYPAD)
    ADDRESS: 237DH

Program Size: data=18.2 xdata=1670 code=16230
LINK/LOCATE RUN COMPLETE.  25 WARNING(S),  0 ERROR(S)
