BL51 BANKED LINKER/LOCATER V6.22                                                        02/22/2019  10:58:37  PAGE 1


BL51 BANKED LINKER/LOCATER V6.22, INVOKED BY:
C:\KEIL_V5\C51\BIN\BL51.EXE .\Obj\main.obj, .\Obj\PCF85063BTL.obj, .\Obj\UART1.obj, .\Obj\LCd_Driver_SPLC780D.obj, .\Obj
>> \KeyPad.obj, .\Obj\BipolarMotor.obj, .\Obj\SunPos.obj, .\Obj\ADC.obj, .\Obj\Calibration.obj, .\Obj\IOExpander_PI4IOE5
>> V96248.obj, .\Obj\AT25SF041.obj, .\Obj\STARTUP.obj TO .\Obj\GPIO_RTC_Test PRINT (.\Lis\GPIO_RTC_Test.m51) RAMSIZE (25
>> 6)


MEMORY MODEL: LARGE WITH FLOATING POINT ARITHMETIC


INPUT MODULES INCLUDED:
  .\Obj\main.obj (MAIN)
  .\Obj\PCF85063BTL.obj (PCF85063BTL)
  .\Obj\UART1.obj (UART1)
  .\Obj\LCd_Driver_SPLC780D.obj (LCD_DRIVER_SPLC780D)
  .\Obj\KeyPad.obj (KEYPAD)
  .\Obj\BipolarMotor.obj (BIPOLARMOTOR)
  .\Obj\SunPos.obj (SUNPOS)
  .\Obj\ADC.obj (ADC)
  .\Obj\Calibration.obj (CALIBRATION)
  .\Obj\IOExpander_PI4IOE5V96248.obj (IOEXPANDER_PI4IOE5V96248)
  .\Obj\AT25SF041.obj (AT25SF041)
  .\Obj\STARTUP.obj (?C_STARTUP)
  C:\KEIL_V5\C51\LIB\C51FPL.LIB (?C?FPADD)
  C:\KEIL_V5\C51\LIB\C51FPL.LIB (?C?FPMUL)
  C:\KEIL_V5\C51\LIB\C51FPL.LIB (?C?FPDIV)
  C:\KEIL_V5\C51\LIB\C51FPL.LIB (?C?FPCMP)
  C:\KEIL_V5\C51\LIB\C51FPL.LIB (?C?FPNEG)
  C:\KEIL_V5\C51\LIB\C51FPL.LIB (?C?FCAST)
  C:\KEIL_V5\C51\LIB\C51FPL.LIB (?C?CASTF)
  C:\KEIL_V5\C51\LIB\C51FPL.LIB (ATAN2)
  C:\KEIL_V5\C51\LIB\C51FPL.LIB (SIN)
  C:\KEIL_V5\C51\LIB\C51FPL.LIB (ACOS)
  C:\KEIL_V5\C51\LIB\C51FPL.LIB (ASIN)
  C:\KEIL_V5\C51\LIB\C51FPL.LIB (?C?FPGETOPN)
  C:\KEIL_V5\C51\LIB\C51FPL.LIB (?C?FPSERIES)
  C:\KEIL_V5\C51\LIB\C51FPL.LIB (SQRT)
  C:\KEIL_V5\C51\LIB\C51FPL.LIB (ATAN)
  C:\KEIL_V5\C51\LIB\C51L.LIB (?C_INIT)
  C:\KEIL_V5\C51\LIB\C51L.LIB (?C?COPY)
  C:\KEIL_V5\C51\LIB\C51L.LIB (?C?CLDPTR)
  C:\KEIL_V5\C51\LIB\C51L.LIB (?C?CLDOPTR)
  C:\KEIL_V5\C51\LIB\C51L.LIB (?C?CSTPTR)
  C:\KEIL_V5\C51\LIB\C51L.LIB (?C?IMUL)
  C:\KEIL_V5\C51\LIB\C51L.LIB (?C?UIDIV)
  C:\KEIL_V5\C51\LIB\C51L.LIB (?C?SIDIV)
  C:\KEIL_V5\C51\LIB\C51L.LIB (?C?ILDIX)
  C:\KEIL_V5\C51\LIB\C51L.LIB (?C?ILDOPTR)
  C:\KEIL_V5\C51\LIB\C51L.LIB (?C?ISTPTR)
  C:\KEIL_V5\C51\LIB\C51L.LIB (?C?LMUL)
  C:\KEIL_V5\C51\LIB\C51L.LIB (?C?SLDIV)
  C:\KEIL_V5\C51\LIB\C51L.LIB (?C?LNEG)
  C:\KEIL_V5\C51\LIB\C51L.LIB (?C?ULCMP)
  C:\KEIL_V5\C51\LIB\C51L.LIB (?C?LSHL)
  C:\KEIL_V5\C51\LIB\C51L.LIB (?C?LLDPTR)
  C:\KEIL_V5\C51\LIB\C51L.LIB (?C?LLDOPTR)
  C:\KEIL_V5\C51\LIB\C51L.LIB (?C?LSTPTR)
  C:\KEIL_V5\C51\LIB\C51L.LIB (?C?LSTOPTR)
BL51 BANKED LINKER/LOCATER V6.22                                                      02/22/2019  10:58:37  PAGE 2


  C:\KEIL_V5\C51\LIB\C51L.LIB (?C?LLDXDATA)
  C:\KEIL_V5\C51\LIB\C51L.LIB (?C?LLDCODE)
  C:\KEIL_V5\C51\LIB\C51L.LIB (?C?LLDXDATA0)
  C:\KEIL_V5\C51\LIB\C51L.LIB (?C?LLDCODE0)
  C:\KEIL_V5\C51\LIB\C51L.LIB (?C?LLDPTR0)
  C:\KEIL_V5\C51\LIB\C51L.LIB (?C?LSTXDATA)
  C:\KEIL_V5\C51\LIB\C51L.LIB (?C?LSTKXDATA)
  C:\KEIL_V5\C51\LIB\C51L.LIB (?C?LSTKPTR)
  C:\KEIL_V5\C51\LIB\C51L.LIB (?C?OFFXADD)
  C:\KEIL_V5\C51\LIB\C51L.LIB (ABS)
  C:\KEIL_V5\C51\LIB\C51L.LIB (ATOI)
  C:\KEIL_V5\C51\LIB\C51L.LIB (?C?IILDX)
  C:\KEIL_V5\C51\LIB\C51L.LIB (?C?ULDIV)
  C:\KEIL_V5\C51\LIB\C51L.LIB (?C?LLDIDATA)
  C:\KEIL_V5\C51\LIB\C51L.LIB (?C?LLDPDATA)
  C:\KEIL_V5\C51\LIB\C51L.LIB (?C?LLDIDATA0)
  C:\KEIL_V5\C51\LIB\C51L.LIB (?C?LLDPDATA0)
  C:\KEIL_V5\C51\LIB\C51L.LIB (?C?LSTIDATA)
  C:\KEIL_V5\C51\LIB\C51L.LIB (?C?LSTPDATA)
  C:\KEIL_V5\C51\LIB\C51L.LIB (?C?LSTKIDATA)
  C:\KEIL_V5\C51\LIB\C51L.LIB (?C?LSTKPDATA)
  C:\KEIL_V5\C51\LIB\C51L.LIB (ISDIGIT)
  C:\KEIL_V5\C51\LIB\C51L.LIB (ISSPACE)


LINK MAP OF MODULE:  .\Obj\GPIO_RTC_Test (MAIN)


            TYPE    BASE      LENGTH    RELOCATION   SEGMENT NAME
            -----------------------------------------------------

            * * * * * * *   D A T A   M E M O R Y   * * * * * * *
            REG     0000H     0008H     ABSOLUTE     "REG BANK 0"
                    0008H     0018H                  *** GAP ***
            BIT     0020H.0   0000H.5   UNIT         ?BI?KEYPAD
            BIT     0020H.5   0000H.3   UNIT         _BIT_GROUP_
            BIT     0021H.0   0000H.1   UNIT         ?BI?MAIN
            BIT     0021H.1   0000H.1   UNIT         ?BI?_ATOI?ATOI
                    0021H.2   0000H.6                *** GAP ***
            IDATA   0022H     0001H     UNIT         ?STACK

            * * * * * * *  X D A T A   M E M O R Y  * * * * * * *
            XDATA   0000H     038FH     UNIT         ?XD?BIPOLARMOTOR
            XDATA   038FH     0151H     UNIT         _XDATA_GROUP_
            XDATA   04E0H     00D4H     UNIT         ?XD?MAIN
            XDATA   05B4H     0040H     UNIT         ?XD?_FINDDET4X4?BIPOLARMOTOR
            XDATA   05F4H     0024H     UNIT         ?XD?_FINDDET3X3?BIPOLARMOTOR
            XDATA   0618H     0009H     UNIT         ?XD?KEYPAD
            XDATA   0621H     0008H     UNIT         ?XD?_AT25SF041_READ?AT25SF041
            XDATA   0629H     0005H     UNIT         ?XD?_ATOI?ATOI
            XDATA   062EH     0004H     UNIT         ?XD?_DISPLAY_PROX?MAIN
            XDATA   0632H     0003H     UNIT         ?XD?_SENDSTRING?UART1
            XDATA   0635H     0001H     UNIT         ?XD?UC_ACK?IOEXPANDER_PI4IOE5V96248
            XDATA   0636H     0001H     UNIT         ?XD?UC_NACK?IOEXPANDER_PI4IOE5V96248

            * * * * * * *   C O D E   M E M O R Y   * * * * * * *
            CODE    0000H     0003H     ABSOLUTE     
BL51 BANKED LINKER/LOCATER V6.22                                                      02/22/2019  10:58:37  PAGE 3


            CODE    0003H     0006H     UNIT         ?PR?_TEN?UART1
            CODE    0009H     0001H     UNIT         ?PR?TM0_ISR?MAIN
            CODE    000AH     0001H     UNIT         ?PR?_DECTOBCD?UART1
            CODE    000BH     0003H     ABSOLUTE     
            CODE    000EH     0B00H     UNIT         ?PR?_UPDATE_POSITION?BIPOLARMOTOR
            CODE    0B0EH     0A94H     UNIT         ?PR?MAIN?MAIN
            CODE    15A2H     09B6H     UNIT         ?C?LIB_CODE
            CODE    1F58H     07A2H     UNIT         ?PR?SUNPOS?SUNPOS
            CODE    26FAH     03F2H     UNIT         ?C_INITSEG
            CODE    2AECH     0309H     UNIT         ?PR?_FIND_REAL_MAX?CALIBRATION
            CODE    2DF5H     02C0H     UNIT         ?PR?_FINDDET4X4?BIPOLARMOTOR
            CODE    30B5H     02A0H     UNIT         ?PR?KEY_PROCESS?KEYPAD
            CODE    3355H     01D1H     UNIT         ?PR?_FINDDET3X3?BIPOLARMOTOR
            CODE    3526H     018DH     UNIT         ?PR?KEY_SCAN?KEYPAD
            CODE    36B3H     0188H     UNIT         ?PR?SIN?SIN
            CODE    383BH     0172H     UNIT         ?PR?_DISPLAY_POS?MAIN
            CODE    39ADH     013CH     UNIT         ?PR?_CALIBRATION?CALIBRATION
            CODE    3AE9H     0122H     UNIT         ?PR?ATAN?ATAN
            CODE    3C0BH     0106H     UNIT         ?PR?_AT25SF041_READ?AT25SF041
            CODE    3D11H     00FEH     UNIT         ?PR?SPI_NOR_WRITE_DATA?AT25SF041
            CODE    3E0FH     00FBH     UNIT         ?PR?_AT25SF041_WRITE?AT25SF041
            CODE    3F0AH     00DBH     UNIT         ?PR?_ATOI?ATOI
            CODE    3FE5H     00C3H     UNIT         ?PR?LINEAR_INTERPOLATE?BIPOLARMOTOR
            CODE    40A8H     00BBH     UNIT         ?PR?VOLTAGE_IS_STABLE?CALIBRATION
            CODE    4163H     00ADH     UNIT         ?PR?_WRITE_PI4IOE5V96248?IOEXPANDER_PI4IOE5V96248
            CODE    4210H     00ACH     UNIT         ?PR?SQRT?SQRT
            CODE    42BCH     00A1H     UNIT         ?PR?READ_STATUS_REGISTER_BYTE1?AT25SF041
            CODE    435DH     009DH     UNIT         ?PR?_ATAN2?ATAN2
            CODE    43FAH     009CH     UNIT         ?PR?_MAX_VALUE?CALIBRATION
            CODE    4496H     0095H     UNIT         ?PR?_DISPLAY_PROX?MAIN
            CODE    452BH     008CH     UNIT         ?C_C51STARTUP
            CODE    45B7H     0084H     UNIT         ?PR?_DAY_OF_YEAR?PCF85063BTL
            CODE    463BH     0075H     UNIT         ?PR?_WRITEDATA?LCD_DRIVER_SPLC780D
            CODE    46B0H     006FH     UNIT         ?PR?_READ_TIME?PCF85063BTL
            CODE    471FH     005AH     UNIT         ?PR?AT25SF041_CHIPERASE?AT25SF041
            CODE    4779H     0059H     UNIT         ?PR?LCD_INIT?LCD_DRIVER_SPLC780D
            CODE    47D2H     0050H     UNIT         ?PR?AT25SF041_WRITEENABLE?AT25SF041
            CODE    4822H     004AH     UNIT         ?PR?VONESTEPMOVE?BIPOLARMOTOR
            CODE    486CH     004AH     UNIT         ?PR?ACOS?ACOS
            CODE    48B6H     0044H     UNIT         ?C?LDIV
            CODE    48FAH     0040H     UNIT         ?PR?_COMMAND?LCD_DRIVER_SPLC780D
            CODE    493AH     0040H     UNIT         ?PR?_STEP_MOVE?BIPOLARMOTOR
            CODE    497AH     003BH     UNIT         ?PR?ASIN?ASIN
            CODE    49B5H     0033H     UNIT         ?PR?_SENDSTRING?UART1
            CODE    49E8H     002CH     UNIT         ?PR?_ADC_GETRESULT?ADC
            CODE    4A14H     002BH     UNIT         ?PR?_WAIT_MS_I2C?IOEXPANDER_PI4IOE5V96248
            CODE    4A3FH     002BH     UNIT         ?PR?_WAIT_MS_SPINOR?AT25SF041
            CODE    4A6AH     0028H     UNIT         ?PR?_MOVE?BIPOLARMOTOR
            CODE    4A92H     0027H     UNIT         ?PR?_I2C_SENDBYTE?IOEXPANDER_PI4IOE5V96248
            CODE    4AB9H     0024H     UNIT         ?PR?_WAIT_MS?LCD_DRIVER_SPLC780D
            CODE    4ADDH     0020H     UNIT         ?PR?_SPI_SENDBYTE?PCF85063BTL
            CODE    4AFDH     0020H     UNIT         ?PR?SPI_RECEIVEBYTE?PCF85063BTL
            CODE    4B1DH     001FH     UNIT         ?PR?ADC_INIT?ADC
            CODE    4B3CH     001EH     UNIT         ?PR?_DELAY_MS?KEYPAD
            CODE    4B5AH     001DH     UNIT         ?PR?_DISPLAYLCD?LCD_DRIVER_SPLC780D
            CODE    4B77H     001BH     UNIT         ?PR?_BCDTODEC1?BIPOLARMOTOR
            CODE    4B92H     0018H     UNIT         ?PR?_SPI_WRITETIME?PCF85063BTL
BL51 BANKED LINKER/LOCATER V6.22                                                      02/22/2019  10:58:37  PAGE 4


            CODE    4BAAH     0017H     UNIT         ?PR?_ASCIITOBCD?UART1
            CODE    4BC1H     0016H     UNIT         ?PR?I2C_ACK?IOEXPANDER_PI4IOE5V96248
            CODE    4BD7H     0015H     UNIT         ?PR?_DISPLAY_LINE?LCD_DRIVER_SPLC780D
            CODE    4BECH     0015H     UNIT         ?PR?I2C_STOP?IOEXPANDER_PI4IOE5V96248
            CODE    4C01H     0014H     UNIT         ?PR?_PCF85063BTL_DELAY?PCF85063BTL
            CODE    4C15H     0014H     UNIT         ?PR?_ISSPACE?ISSPACE
            CODE    4C29H     0011H     UNIT         ?PR?_SPI_READTIME?PCF85063BTL
            CODE    4C3AH     0011H     UNIT         ?PR?_BCDTODEC?PCF85063BTL
            CODE    4C4BH     0011H     UNIT         ?PR?INITUART1?UART1
            CODE    4C5CH     000FH     UNIT         ?PR?I2C_START?IOEXPANDER_PI4IOE5V96248
            CODE    4C6BH     000FH     UNIT         ?PR?UC_NACK?IOEXPANDER_PI4IOE5V96248
            CODE    4C7AH     000FH     UNIT         ?PR?_ISDIGIT?ISDIGIT
            CODE    4C89H     000DH     UNIT         ?PR?SPI_INIT?PCF85063BTL
            CODE    4C96H     000CH     UNIT         ?PR?KEYPAD_IO_INIT?KEYPAD
            CODE    4CA2H     000CH     UNIT         ?PR?_ABS?ABS
            CODE    4CAEH     000AH     UNIT         ?PR?LCD_RETURN_HOME?LCD_DRIVER_SPLC780D
            CODE    4CB8H     000AH     UNIT         ?PR?LCD_CLEAR?LCD_DRIVER_SPLC780D
            CODE    4CC2H     0006H     UNIT         ?PR?UC_ACK?IOEXPANDER_PI4IOE5V96248
            CODE    4CC8H     0005H     UNIT         ?PR?_UNIT?UART1
            CODE    4CCDH     0005H     UNIT         ?PR?_ASCII_LETTER?UART1
            CODE    4CD2H     0001H     UNIT         ?PR?WAIT?BIPOLARMOTOR
            CODE    4CD3H     0001H     UNIT         ?PR?NOP?IOEXPANDER_PI4IOE5V96248



OVERLAY MAP OF MODULE:   .\Obj\GPIO_RTC_Test (MAIN)


SEGMENT                                             BIT_GROUP          XDATA_GROUP
  +--> CALLED SEGMENT                            START    LENGTH     START    LENGTH
------------------------------------------------------------------------------------
?C_C51STARTUP                                    -----    -----      -----    -----
  +--> ?PR?MAIN?MAIN
  +--> ?C_INITSEG

?PR?MAIN?MAIN                                    -----    -----      038FH    0030H
  +--> ?PR?LCD_INIT?LCD_DRIVER_SPLC780D
  +--> ?PR?SPI_INIT?PCF85063BTL
  +--> ?PR?KEYPAD_IO_INIT?KEYPAD
  +--> ?PR?ADC_INIT?ADC
  +--> ?PR?_SPI_WRITETIME?PCF85063BTL
  +--> ?PR?_DELAY_MS?KEYPAD
  +--> ?PR?_DISPLAY_LINE?LCD_DRIVER_SPLC780D
  +--> ?PR?_WRITEDATA?LCD_DRIVER_SPLC780D
  +--> ?PR?KEY_PROCESS?KEYPAD
  +--> ?PR?_COMMAND?LCD_DRIVER_SPLC780D
  +--> ?PR?_DISPLAY_POS?MAIN
  +--> ?PR?_DISPLAYLCD?LCD_DRIVER_SPLC780D
  +--> ?PR?_STEP_MOVE?BIPOLARMOTOR
  +--> ?PR?LCD_RETURN_HOME?LCD_DRIVER_SPLC780D
  +--> ?PR?_READ_TIME?PCF85063BTL
  +--> ?PR?_ADC_GETRESULT?ADC
  +--> ?PR?_BCDTODEC1?BIPOLARMOTOR
  +--> ?PR?_CALIBRATION?CALIBRATION
  +--> ?PR?_WAIT_MS_SPINOR?AT25SF041
  +--> ?PR?SPI_NOR_WRITE_DATA?AT25SF041
  +--> ?PR?LINEAR_INTERPOLATE?BIPOLARMOTOR
BL51 BANKED LINKER/LOCATER V6.22                                                      02/22/2019  10:58:37  PAGE 5


  +--> ?PR?_UPDATE_POSITION?BIPOLARMOTOR

?PR?LCD_INIT?LCD_DRIVER_SPLC780D                 -----    -----      -----    -----
  +--> ?PR?_WAIT_MS?LCD_DRIVER_SPLC780D
  +--> ?PR?_COMMAND?LCD_DRIVER_SPLC780D

?PR?_COMMAND?LCD_DRIVER_SPLC780D                 -----    -----      -----    -----
  +--> ?PR?_WAIT_MS?LCD_DRIVER_SPLC780D

?PR?ADC_INIT?ADC                                 -----    -----      -----    -----
  +--> ?PR?_WAIT_MS?LCD_DRIVER_SPLC780D

?PR?_SPI_WRITETIME?PCF85063BTL                   -----    -----      -----    -----
  +--> ?PR?_SPI_SENDBYTE?PCF85063BTL

?PR?_SPI_SENDBYTE?PCF85063BTL                    -----    -----      -----    -----
  +--> ?PR?_PCF85063BTL_DELAY?PCF85063BTL

?PR?_DISPLAY_LINE?LCD_DRIVER_SPLC780D            -----    -----      -----    -----
  +--> ?PR?_COMMAND?LCD_DRIVER_SPLC780D

?PR?_WRITEDATA?LCD_DRIVER_SPLC780D               -----    -----      046CH    0001H
  +--> ?PR?_WAIT_MS?LCD_DRIVER_SPLC780D

?PR?KEY_PROCESS?KEYPAD                           -----    -----      03BFH    0006H
  +--> ?PR?KEY_SCAN?KEYPAD
  +--> ?PR?_SPI_WRITETIME?PCF85063BTL
  +--> ?PR?LCD_CLEAR?LCD_DRIVER_SPLC780D
  +--> ?PR?_COMMAND?LCD_DRIVER_SPLC780D
  +--> ?PR?_WRITEDATA?LCD_DRIVER_SPLC780D

?PR?KEY_SCAN?KEYPAD                              -----    -----      03C5H    0003H

?PR?LCD_CLEAR?LCD_DRIVER_SPLC780D                -----    -----      -----    -----
  +--> ?PR?_COMMAND?LCD_DRIVER_SPLC780D

?PR?_DISPLAY_POS?MAIN                            -----    -----      0462H    000AH
  +--> ?PR?_ABS?ABS
  +--> ?PR?_WRITEDATA?LCD_DRIVER_SPLC780D

?PR?_DISPLAYLCD?LCD_DRIVER_SPLC780D              -----    -----      03BFH    0001H
  +--> ?PR?_WRITEDATA?LCD_DRIVER_SPLC780D

?PR?_STEP_MOVE?BIPOLARMOTOR                      0020H.6  0000H.1    047BH    0004H
  +--> ?PR?VONESTEPMOVE?BIPOLARMOTOR

?PR?VONESTEPMOVE?BIPOLARMOTOR                    0020H.7  0000H.1    -----    -----
  +--> ?PR?_WRITE_PI4IOE5V96248?IOEXPANDER_P...
  +--> ?PR?_DELAY_MS?KEYPAD

?PR?_WRITE_PI4IOE5V96248?IOEXPANDER_P...         -----    -----      047FH    0003H
  +--> ?PR?I2C_START?IOEXPANDER_PI4IOE5V96248
  +--> ?PR?_WAIT_MS_I2C?IOEXPANDER_PI4IOE5V9...
  +--> ?PR?_I2C_SENDBYTE?IOEXPANDER_PI4IOE5V...
  +--> ?PR?I2C_ACK?IOEXPANDER_PI4IOE5V96248
  +--> ?PR?I2C_STOP?IOEXPANDER_PI4IOE5V96248

BL51 BANKED LINKER/LOCATER V6.22                                                      02/22/2019  10:58:37  PAGE 6


?PR?I2C_START?IOEXPANDER_PI4IOE5V96248           -----    -----      -----    -----
  +--> ?PR?_WAIT_MS_I2C?IOEXPANDER_PI4IOE5V9...

?PR?_I2C_SENDBYTE?IOEXPANDER_PI4IOE5V...         -----    -----      -----    -----
  +--> ?PR?_WAIT_MS_I2C?IOEXPANDER_PI4IOE5V9...

?PR?I2C_ACK?IOEXPANDER_PI4IOE5V96248             -----    -----      0482H    0001H
  +--> ?PR?_WAIT_MS_I2C?IOEXPANDER_PI4IOE5V9...

?PR?I2C_STOP?IOEXPANDER_PI4IOE5V96248            -----    -----      -----    -----
  +--> ?PR?_WAIT_MS_I2C?IOEXPANDER_PI4IOE5V9...

?PR?LCD_RETURN_HOME?LCD_DRIVER_SPLC780D          -----    -----      -----    -----
  +--> ?PR?_COMMAND?LCD_DRIVER_SPLC780D

?PR?_READ_TIME?PCF85063BTL                       -----    -----      03BFH    000FH
  +--> ?PR?_SPI_READTIME?PCF85063BTL

?PR?_SPI_READTIME?PCF85063BTL                    -----    -----      -----    -----
  +--> ?PR?_SPI_SENDBYTE?PCF85063BTL
  +--> ?PR?SPI_RECEIVEBYTE?PCF85063BTL

?PR?SPI_RECEIVEBYTE?PCF85063BTL                  -----    -----      -----    -----
  +--> ?PR?_PCF85063BTL_DELAY?PCF85063BTL

?PR?_CALIBRATION?CALIBRATION                     -----    -----      03BFH    0019H
  +--> ?PR?VOLTAGE_IS_STABLE?CALIBRATION
  +--> ?PR?_UPDATE_POSITION?BIPOLARMOTOR
  +--> ?PR?_FIND_REAL_MAX?CALIBRATION

?PR?VOLTAGE_IS_STABLE?CALIBRATION                -----    -----      03D8H    0018H
  +--> ?PR?_ADC_GETRESULT?ADC
  +--> ?PR?_ABS?ABS

?PR?_UPDATE_POSITION?BIPOLARMOTOR                -----    -----      03D8H    009FH
  +--> ?PR?_BCDTODEC1?BIPOLARMOTOR
  +--> ?PR?SUNPOS?SUNPOS
  +--> ?PR?SIN?SIN
  +--> ?PR?ASIN?ASIN
  +--> ?PR?LINEAR_INTERPOLATE?BIPOLARMOTOR
  +--> ?PR?_ABS?ABS
  +--> ?PR?_MOVE?BIPOLARMOTOR

?PR?SUNPOS?SUNPOS                                -----    -----      0477H    005DH
  +--> ?PR?SIN?SIN
  +--> ?PR?_ATAN2?ATAN2
  +--> ?PR?ASIN?ASIN
  +--> ?PR?ACOS?ACOS

?PR?SIN?SIN                                      0020H.5  0000H.1    04D4H    0004H

?PR?_ATAN2?ATAN2                                 -----    -----      04D4H    0008H
  +--> ?PR?ATAN?ATAN

?PR?ATAN?ATAN                                    0020H.5  0000H.2    04DCH    0004H

?PR?ASIN?ASIN                                    -----    -----      -----    -----
BL51 BANKED LINKER/LOCATER V6.22                                                      02/22/2019  10:58:37  PAGE 7


  +--> ?PR?SQRT?SQRT
  +--> ?PR?ATAN?ATAN

?PR?SQRT?SQRT                                    -----    -----      04D4H    0004H

?PR?ACOS?ACOS                                    -----    -----      -----    -----
  +--> ?PR?SQRT?SQRT
  +--> ?PR?ATAN?ATAN

?PR?LINEAR_INTERPOLATE?BIPOLARMOTOR              -----    -----      0477H    0014H

?PR?_MOVE?BIPOLARMOTOR                           0020H.5  0000H.1    0477H    0004H
  +--> ?PR?_STEP_MOVE?BIPOLARMOTOR

?PR?_FIND_REAL_MAX?CALIBRATION                   -----    -----      03D8H    008AH
  +--> ?PR?_ADC_GETRESULT?ADC
  +--> ?PR?_MOVE?BIPOLARMOTOR
  +--> ?PR?_COMMAND?LCD_DRIVER_SPLC780D
  +--> ?PR?_WRITEDATA?LCD_DRIVER_SPLC780D
  +--> ?PR?_DISPLAY_POS?MAIN
  +--> ?PR?_WAIT_MS?LCD_DRIVER_SPLC780D
  +--> ?PR?_MAX_VALUE?CALIBRATION

?PR?_MAX_VALUE?CALIBRATION                       -----    -----      0462H    0004H

?PR?SPI_NOR_WRITE_DATA?AT25SF041                 -----    -----      03BFH    000EH
  +--> ?PR?AT25SF041_WRITEENABLE?AT25SF041
  +--> ?PR?AT25SF041_CHIPERASE?AT25SF041
  +--> ?PR?_WAIT_MS_SPINOR?AT25SF041
  +--> ?PR?_AT25SF041_WRITE?AT25SF041

?PR?AT25SF041_WRITEENABLE?AT25SF041              -----    -----      03CDH    0002H
  +--> ?PR?_WAIT_MS_SPINOR?AT25SF041

?PR?AT25SF041_CHIPERASE?AT25SF041                -----    -----      03CDH    0002H
  +--> ?PR?_WAIT_MS_SPINOR?AT25SF041
  +--> ?PR?READ_STATUS_REGISTER_BYTE1?AT25SF041

?PR?READ_STATUS_REGISTER_BYTE1?AT25SF041         -----    -----      03CFH    0003H
  +--> ?PR?_WAIT_MS_SPINOR?AT25SF041

?PR?_AT25SF041_WRITE?AT25SF041                   -----    -----      03CDH    0008H
  +--> ?PR?_WAIT_MS_SPINOR?AT25SF041



UNRESOLVED EXTERNAL SYMBOLS:
   AUTO_MODE
   _SENDUART1



SYMBOL TABLE OF MODULE:  .\Obj\GPIO_RTC_Test (MAIN)

  VALUE           TYPE          NAME
  ----------------------------------

BL51 BANKED LINKER/LOCATER V6.22                                                      02/22/2019  10:58:37  PAGE 8


  -------         MODULE        MAIN
  C:0000H         SYMBOL        _ICE_DUMMY_
  X:04E8H         PUBLIC        calib_value
  D:0080H         PUBLIC        P0
  D:00B2H         PUBLIC        P3M0
  D:0090H         PUBLIC        P1
  D:00B1H         PUBLIC        P3M1
  D:00A0H         PUBLIC        P2
  D:00B0H         PUBLIC        P3
  D:00C0H         PUBLIC        P4
  D:00C8H         PUBLIC        P5
  X:053CH         SYMBOL        PressedKey
  B:00A8H.7       PUBLIC        EA
  D:00E8H         PUBLIC        P6
  X:0540H         PUBLIC        calib_stamp
  D:00F8H         PUBLIC        P7
  X:0541H         PUBLIC        RX_Data_Uart_Cnt
  D:00A8H         PUBLIC        IE
  X:0543H         PUBLIC        calib_time
  D:00B8H         PUBLIC        IP
  X:0597H         PUBLIC        months
  D:00D8H         PUBLIC        CCON
  C:0B0EH         PUBLIC        main
  X:0598H         PUBLIC        count
  X:059AH         PUBLIC        days
  X:059BH         PUBLIC        hours
  D:0098H         PUBLIC        SCON
  D:0089H         PUBLIC        TMOD
  D:0088H         PUBLIC        TCON
  B:00A0H.3       PUBLIC        P23
  X:059CH         SYMBOL        KeyCount
  X:059EH         PUBLIC        mins
  X:059FH         PUBLIC        Rec_data_hour
  B:00C8H.5       PUBLIC        P55
  X:05A2H         PUBLIC        Rec_data_min
  D:008EH         PUBLIC        AUXR
  C:0009H         PUBLIC        tm0_isr
  B:0021H.0       PUBLIC        busy
  B:00A8H.1       PUBLIC        ET0
  D:008CH         PUBLIC        TH0
  X:05A5H         PUBLIC        hour_count
  D:008AH         PUBLIC        TL0
  X:05A6H         PUBLIC        min_count
  B:0088H.4       PUBLIC        TR0
  X:05A7H         SYMBOL        KeyNum
  X:05A8H         SYMBOL        KeyNum_Old
  X:05A9H         PUBLIC        current_position
  X:05ADH         PUBLIC        hours1
  X:05AEH         PUBLIC        hours2
  C:4496H         PUBLIC        _Display_Prox
  X:05AFH         PUBLIC        mins1
  X:05B0H         PUBLIC        mins2
  C:383BH         PUBLIC        _Display_Pos
  X:05B1H         PUBLIC        seconds
  X:05B2H         PUBLIC        st_time
  D:00D0H         PUBLIC        PSW
  -------         PROC          TM0_ISR
BL51 BANKED LINKER/LOCATER V6.22                                                      02/22/2019  10:58:37  PAGE 9


  C:0009H         LINE#         85
  C:0009H         LINE#         87
  -------         ENDPROC       TM0_ISR
  -------         PROC          MAIN
  -------         DO            
  X:038FH         SYMBOL        sunlight_ADC
  X:04E0H         SYMBOL        KeyCount
  X:04E2H         SYMBOL        KeyNum_Old
  X:04E3H         SYMBOL        KeyNum
  X:04E4H         SYMBOL        PressedKey
  X:0391H         SYMBOL        prox_flag
  X:0392H         SYMBOL        iUse_prevday_calib_value
  X:0394H         SYMBOL        max_ADC_Val
  X:0396H         SYMBOL        max_ADC_Val_JP
  X:0398H         SYMBOL        calib_point1
  X:03A0H         SYMBOL        calib_point2
  X:03A8H         SYMBOL        dat_to_store
  X:03B3H         SYMBOL        calib_day
  X:03B5H         SYMBOL        calib_count
  X:03B7H         SYMBOL        theorical_JP_max_pos
  X:03BBH         SYMBOL        SPI_NOR_INTERNAL_FLASH_ADDR
  -------         ENDDO         
  C:0B0EH         LINE#         89
  C:0B0EH         LINE#         90
  C:0B0EH         LINE#         95
  C:0B14H         LINE#         96
  C:0B1DH         LINE#         100
  C:0B23H         LINE#         101
  C:0B2DH         LINE#         102
  C:0B37H         LINE#         106
  C:0B39H         LINE#         107
  C:0B3BH         LINE#         108
  C:0B3DH         LINE#         109
  C:0B3FH         LINE#         111
  C:0B46H         LINE#         120
  C:0B48H         LINE#         121
  C:0B4BH         LINE#         122
  C:0B4EH         LINE#         123
  C:0B51H         LINE#         124
  C:0B54H         LINE#         125
  C:0B57H         LINE#         128
  C:0B5AH         LINE#         130
  C:0B5DH         LINE#         131
  C:0B60H         LINE#         132
  C:0B63H         LINE#         133
  C:0B65H         LINE#         134
  C:0B67H         LINE#         135
  C:0B69H         LINE#         137
  C:0B6BH         LINE#         138
  C:0B72H         LINE#         139
  C:0B79H         LINE#         140
  C:0B80H         LINE#         141
  C:0B87H         LINE#         145
  C:0B8EH         LINE#         146
  C:0B93H         LINE#         147
  C:0B98H         LINE#         148
  C:0B9DH         LINE#         149
BL51 BANKED LINKER/LOCATER V6.22                                                      02/22/2019  10:58:37  PAGE 10


  C:0BA2H         LINE#         150
  C:0BA7H         LINE#         153
  C:0BC0H         LINE#         154
  C:0BC0H         LINE#         155
  C:0BDCH         LINE#         156
  C:0C23H         LINE#         157
  C:0C34H         LINE#         158
  C:0C34H         LINE#         159
  C:0C34H         LINE#         160
  C:0C37H         LINE#         163
  C:0C37H         LINE#         166
  C:0C3CH         LINE#         167
  C:0C41H         LINE#         169
  C:0C46H         LINE#         170
  C:0C4BH         LINE#         171
  C:0C50H         LINE#         172
  C:0C55H         LINE#         174
  C:0C66H         LINE#         175
  C:0C6BH         LINE#         176
  C:0C70H         LINE#         178
  C:0C77H         LINE#         179
  C:0C7FH         LINE#         180
  C:0C84H         LINE#         181
  C:0C8CH         LINE#         182
  C:0C91H         LINE#         183
  C:0C9BH         LINE#         184
  C:0CA0H         LINE#         185
  C:0CA8H         LINE#         187
  C:0CB0H         LINE#         188
  C:0CB5H         LINE#         189
  C:0CBFH         LINE#         190
  C:0CBFH         LINE#         191
  C:0CC1H         LINE#         192
  C:0CC3H         LINE#         193
  C:0CCDH         LINE#         194
  C:0CCDH         LINE#         195
  C:0CD2H         LINE#         196
  C:0CD2H         LINE#         208
  C:0CDFH         LINE#         209
  C:0CDFH         LINE#         210
  C:0CE9H         LINE#         211
  C:0D00H         LINE#         212
  C:0D00H         LINE#         213
  C:0D02H         LINE#         214
  C:0D04H         LINE#         216
  C:0D04H         LINE#         217
  C:0D0FH         LINE#         218
  C:0D0FH         LINE#         219
  C:0D14H         LINE#         220
  C:0D14H         LINE#         221
  C:0D21H         LINE#         222
  C:0D21H         LINE#         225
  C:0D2BH         LINE#         226
  C:0D42H         LINE#         227
  C:0D42H         LINE#         228
  C:0D44H         LINE#         229
  C:0D46H         LINE#         231
BL51 BANKED LINKER/LOCATER V6.22                                                      02/22/2019  10:58:37  PAGE 11


  C:0D46H         LINE#         232
  C:0D51H         LINE#         233
  C:0D51H         LINE#         234
  C:0D56H         LINE#         235
  C:0D58H         LINE#         236
  C:0D58H         LINE#         245
  C:0D7AH         LINE#         246
  C:0D7AH         LINE#         247
  C:0D84H         LINE#         248
  C:0D8AH         LINE#         249
  C:0D8CH         LINE#         250
  C:0D8EH         LINE#         251
  C:0D90H         LINE#         252
  C:0D90H         LINE#         253
  C:0D93H         LINE#         255
  C:0D93H         LINE#         256
  C:0D99H         LINE#         257
  C:0DA1H         LINE#         258
  C:0DA7H         LINE#         259
  C:0DAFH         LINE#         260
  C:0DEAH         LINE#         264
  C:0DF7H         LINE#         265
  C:0DF7H         LINE#         266
  C:0E04H         LINE#         267
  C:0E37H         LINE#         268
  C:0E44H         LINE#         269
  C:0E44H         LINE#         271
  C:0E73H         LINE#         272
  C:0E73H         LINE#         273
  C:0E95H         LINE#         274
  C:0E95H         LINE#         275
  C:0F11H         LINE#         276
  C:0F8FH         LINE#         280
  C:0F97H         LINE#         281
  C:0F9FH         LINE#         282
  C:0FA7H         LINE#         284
  C:0FAFH         LINE#         285
  C:0FB8H         LINE#         286
  C:0FCEH         LINE#         288
  C:0FF8H         LINE#         289
  C:0FFBH         LINE#         290
  C:1004H         LINE#         292
  C:101AH         LINE#         293
  C:1044H         LINE#         356
  C:104BH         LINE#         357
  C:104BH         LINE#         358
  C:104EH         LINE#         359
  C:105FH         LINE#         360
  C:105FH         LINE#         361
  C:105FH         LINE#         363
  C:105FH         LINE#         366
  C:1062H         LINE#         368
  C:1062H         LINE#         369
  C:1084H         LINE#         370
  C:1084H         LINE#         371
  C:1100H         LINE#         372
  C:1155H         LINE#         373
BL51 BANKED LINKER/LOCATER V6.22                                                      02/22/2019  10:58:37  PAGE 12


  C:1155H         LINE#         374
  C:1155H         LINE#         375
  C:1158H         LINE#         379
  C:1158H         LINE#         382
  C:118CH         LINE#         383
  C:118CH         LINE#         384
  C:11AEH         LINE#         385
  C:11AEH         LINE#         386
  C:122AH         LINE#         387
  C:12A8H         LINE#         391
  C:12B0H         LINE#         392
  C:12B8H         LINE#         393
  C:12C0H         LINE#         395
  C:12C8H         LINE#         396
  C:12D1H         LINE#         397
  C:12E7H         LINE#         399
  C:1317H         LINE#         400
  C:1320H         LINE#         401
  C:1329H         LINE#         403
  C:133FH         LINE#         404
  C:136FH         LINE#         405
  C:1393H         LINE#         407
  C:1396H         LINE#         408
  C:13A7H         LINE#         409
  C:13A7H         LINE#         410
  C:13AFH         LINE#         412
  C:13AFH         LINE#         415
  C:13B2H         LINE#         417
  C:13B2H         LINE#         419
  C:13D4H         LINE#         420
  C:13D4H         LINE#         421
  C:1450H         LINE#         423
  C:147DH         LINE#         424
  C:1498H         LINE#         425
  C:14C5H         LINE#         426
  C:14E0H         LINE#         428
  C:157CH         LINE#         431
  C:157CH         LINE#         432
  C:157CH         LINE#         433
  C:157CH         LINE#         435
  C:157CH         LINE#         438
  C:1598H         LINE#         439
  C:159DH         LINE#         441
  C:159FH         LINE#         442
  -------         ENDPROC       MAIN
  -------         PROC          _DISPLAY_PROX
  D:0002H         SYMBOL        dat
  -------         DO            
  X:062EH         SYMBOL        unit
  X:062FH         SYMBOL        ten
  X:0630H         SYMBOL        hundred
  X:0631H         SYMBOL        thousand
  -------         ENDDO         
  C:4496H         LINE#         526
  C:449AH         LINE#         527
  C:449AH         LINE#         529
  C:44A6H         LINE#         530
BL51 BANKED LINKER/LOCATER V6.22                                                      02/22/2019  10:58:37  PAGE 13


  C:44B6H         LINE#         531
  C:44D2H         LINE#         532
  C:4502H         LINE#         533
  C:450CH         LINE#         534
  C:4516H         LINE#         535
  C:4520H         LINE#         536
  C:452AH         LINE#         538
  -------         ENDPROC       _DISPLAY_PROX
  -------         PROC          _DISPLAY_POS
  X:0462H         SYMBOL        sign_dat
  -------         DO            
  X:0466H         SYMBOL        unit
  X:0467H         SYMBOL        ten
  X:0468H         SYMBOL        hundred
  D:0003H         SYMBOL        thousand
  X:0469H         SYMBOL        after_dot
  X:046AH         SYMBOL        dat
  -------         ENDDO         
  C:383BH         LINE#         541
  C:3841H         LINE#         542
  C:3841H         LINE#         546
  C:385DH         LINE#         547
  C:3877H         LINE#         548
  C:389BH         LINE#         550
  C:38E5H         LINE#         552
  C:38FCH         LINE#         553
  C:3909H         LINE#         554
  C:392BH         LINE#         555
  C:3960H         LINE#         556
  C:3978H         LINE#         557
  C:3978H         LINE#         559
  C:3978H         LINE#         560
  C:3978H         LINE#         561
  C:3978H         LINE#         562
  C:3978H         LINE#         563
  C:3978H         LINE#         567
  C:397AH         LINE#         569
  C:397AH         LINE#         571
  C:397FH         LINE#         572
  C:3989H         LINE#         573
  C:3993H         LINE#         574
  C:399DH         LINE#         575
  C:39A2H         LINE#         576
  C:39ACH         LINE#         580
  C:39ACH         LINE#         582
  -------         ENDPROC       _DISPLAY_POS
  -------         ENDMOD        MAIN

  -------         MODULE        PCF85063BTL
  C:0000H         SYMBOL        _ICE_DUMMY_
  D:0096H         PUBLIC        P2M0
  D:0080H         PUBLIC        P0
  D:0095H         PUBLIC        P2M1
  D:0090H         PUBLIC        P1
  D:00A0H         PUBLIC        P2
  D:00B0H         PUBLIC        P3
  D:00C0H         PUBLIC        P4
BL51 BANKED LINKER/LOCATER V6.22                                                      02/22/2019  10:58:37  PAGE 14


  D:00C8H         PUBLIC        P5
  D:00E8H         PUBLIC        P6
  B:00A0H.1       PUBLIC        PCF85063BTL_SDI
  D:00F8H         PUBLIC        P7
  B:00A0H.2       PUBLIC        PCF85063BTL_SCK
  B:00A0H.1       PUBLIC        PCF85063BTL_SDO
  D:00A8H         PUBLIC        IE
  C:46B0H         PUBLIC        _Read_time
  C:4C07H         PUBLIC        _PCF85063BTL_Delay
  D:00B8H         PUBLIC        IP
  D:00D8H         PUBLIC        CCON
  C:45B7H         PUBLIC        _Day_Of_Year
  C:4AFDH         PUBLIC        SPI_ReceiveByte
  D:0098H         PUBLIC        SCON
  D:0088H         PUBLIC        TCON
  C:4C3AH         PUBLIC        _BCDtoDec
  B:00A0H.0       PUBLIC        PCF85063BTL_CS
  C:4C29H         PUBLIC        _SPI_ReadTime
  C:4C89H         PUBLIC        SPI_Init
  C:4B92H         PUBLIC        _SPI_WriteTime
  C:4ADDH         PUBLIC        _SPI_SendByte
  D:00D0H         PUBLIC        PSW
  C:4C03H         SYMBOL        L?0047
  -------         PROC          L?0046
  -------         ENDPROC       L?0046
  C:4C03H         SYMBOL        L?0047
  -------         PROC          _PCF85063BTL_DELAY
  D:0006H         SYMBOL        us
  C:4C07H         LINE#         8
  C:4C07H         LINE#         9
  C:4C07H         LINE#         10
  C:4C11H         LINE#         11
  C:4C11H         LINE#         12
  C:4C12H         LINE#         13
  C:4C14H         LINE#         14
  -------         ENDPROC       _PCF85063BTL_DELAY
  -------         PROC          _SPI_SENDBYTE
  D:0005H         SYMBOL        dat
  -------         DO            
  D:0003H         SYMBOL        i
  -------         ENDDO         
  C:4ADDH         LINE#         17
  C:4ADFH         LINE#         18
  C:4ADFH         LINE#         20
  C:4AE1H         LINE#         21
  C:4AE1H         LINE#         22
  C:4AE3H         LINE#         23
  C:4AE7H         LINE#         24
  C:4AE7H         LINE#         25
  C:4AE9H         LINE#         26
  C:4AEBH         LINE#         28
  C:4AEBH         LINE#         29
  C:4AEDH         LINE#         30
  C:4AEDH         LINE#         31
  C:4AF0H         LINE#         32
  C:4AF0H         LINE#         33
  C:4AF3H         LINE#         34
BL51 BANKED LINKER/LOCATER V6.22                                                      02/22/2019  10:58:37  PAGE 15


  C:4AF7H         LINE#         35
  C:4AFCH         LINE#         36
  -------         ENDPROC       _SPI_SENDBYTE
  -------         PROC          SPI_RECEIVEBYTE
  -------         DO            
  D:0003H         SYMBOL        i
  D:0005H         SYMBOL        dat
  -------         ENDDO         
  C:4AFDH         LINE#         39
  C:4AFDH         LINE#         40
  C:4AFDH         LINE#         42
  C:4AFFH         LINE#         44
  C:4B01H         LINE#         45
  C:4B02H         LINE#         46
  C:4B02H         LINE#         47
  C:4B06H         LINE#         48
  C:4B08H         LINE#         49
  C:4B0BH         LINE#         51
  C:4B0EH         LINE#         52
  C:4B0EH         LINE#         53
  C:4B12H         LINE#         54
  C:4B12H         LINE#         55
  C:4B12H         LINE#         56
  C:4B15H         LINE#         57
  C:4B1AH         LINE#         58
  C:4B1CH         LINE#         59
  -------         ENDPROC       SPI_RECEIVEBYTE
  -------         PROC          _SPI_READTIME
  D:0007H         SYMBOL        addr
  -------         DO            
  D:0006H         SYMBOL        dat
  -------         ENDDO         
  C:4C29H         LINE#         61
  C:4C29H         LINE#         62
  C:4C29H         LINE#         64
  C:4C2BH         LINE#         65
  C:4C2DH         LINE#         66
  C:4C34H         LINE#         67
  C:4C37H         LINE#         68
  C:4C39H         LINE#         69
  C:4C39H         LINE#         70
  -------         ENDPROC       _SPI_READTIME
  -------         PROC          _SPI_WRITETIME
  D:0002H         SYMBOL        val
  D:0005H         SYMBOL        addr
  C:4B92H         LINE#         71
  C:4B94H         LINE#         72
  C:4B94H         LINE#         74
  C:4B96H         LINE#         75
  C:4B9DH         LINE#         76
  C:4BA2H         LINE#         77
  C:4BA7H         LINE#         78
  C:4BA9H         LINE#         79
  -------         ENDPROC       _SPI_WRITETIME
  -------         PROC          SPI_INIT
  C:4C89H         LINE#         83
  C:4C89H         LINE#         84
BL51 BANKED LINKER/LOCATER V6.22                                                      02/22/2019  10:58:37  PAGE 16


  C:4C89H         LINE#         89
  C:4C8CH         LINE#         90
  C:4C8FH         LINE#         91
  C:4C91H         LINE#         92
  C:4C93H         LINE#         93
  C:4C95H         LINE#         94
  -------         ENDPROC       SPI_INIT
  -------         PROC          _READ_TIME
  X:03BFH         SYMBOL        months
  X:03C2H         SYMBOL        days
  X:03C5H         SYMBOL        hours
  X:03C8H         SYMBOL        mins
  X:03CBH         SYMBOL        seconds
  C:46B0H         LINE#         96
  C:46BBH         LINE#         97
  C:46BBH         LINE#         99
  C:46CFH         LINE#         101
  C:46E3H         LINE#         103
  C:46F7H         LINE#         108
  C:470BH         LINE#         113
  -------         ENDPROC       _READ_TIME
  -------         PROC          _BCDTODEC
  D:0007H         SYMBOL        bcd
  -------         DO            
  D:0006H         SYMBOL        hi
  D:0007H         SYMBOL        lo
  -------         ENDDO         
  C:4C3AH         LINE#         119
  C:4C3AH         LINE#         120
  C:4C3AH         LINE#         122
  C:4C3FH         LINE#         123
  C:4C43H         LINE#         124
  C:4C4AH         LINE#         125
  -------         ENDPROC       _BCDTODEC
  -------         PROC          _DAY_OF_YEAR
  D:0007H         SYMBOL        months_bcd
  D:0005H         SYMBOL        days_bcd
  -------         DO            
  D:0004H         SYMBOL        months
  D:0007H         SYMBOL        days
  -------         ENDDO         
  C:45B7H         LINE#         126
  C:45B7H         LINE#         127
  C:45B7H         LINE#         130
  C:45BCH         LINE#         132
  C:45C1H         LINE#         134
  C:45FAH         LINE#         135
  C:45FAH         LINE#         136
  C:45FAH         LINE#         137
  C:45FDH         LINE#         138
  C:45FDH         LINE#         139
  C:45FDH         LINE#         140
  C:4602H         LINE#         141
  C:4602H         LINE#         142
  C:4602H         LINE#         143
  C:4607H         LINE#         144
  C:4607H         LINE#         145
BL51 BANKED LINKER/LOCATER V6.22                                                      02/22/2019  10:58:37  PAGE 17


  C:4607H         LINE#         146
  C:460CH         LINE#         147
  C:460CH         LINE#         148
  C:460CH         LINE#         149
  C:4611H         LINE#         150
  C:4611H         LINE#         151
  C:4611H         LINE#         152
  C:4616H         LINE#         153
  C:4616H         LINE#         154
  C:4616H         LINE#         155
  C:461BH         LINE#         156
  C:461BH         LINE#         157
  C:461BH         LINE#         158
  C:4620H         LINE#         159
  C:4620H         LINE#         160
  C:4620H         LINE#         161
  C:4628H         LINE#         162
  C:4628H         LINE#         163
  C:4628H         LINE#         164
  C:462DH         LINE#         165
  C:462DH         LINE#         166
  C:462DH         LINE#         167
  C:4632H         LINE#         168
  C:4632H         LINE#         169
  C:4632H         LINE#         170
  C:463AH         LINE#         171
  C:463AH         LINE#         172
  C:463AH         LINE#         173
  -------         ENDPROC       _DAY_OF_YEAR
  -------         ENDMOD        PCF85063BTL

  -------         MODULE        UART1
  C:0000H         SYMBOL        _ICE_DUMMY_
  D:0080H         PUBLIC        P0
  D:0090H         PUBLIC        P1
  D:00A0H         PUBLIC        P2
  D:00B0H         PUBLIC        P3
  D:00C0H         PUBLIC        P4
  D:00C8H         PUBLIC        P5
  B:00A8H.7       PUBLIC        EA
  D:00E8H         PUBLIC        P6
  D:00F8H         PUBLIC        P7
  C:49B5H         PUBLIC        _SendString
  D:00A8H         PUBLIC        IE
  B:00A8H.4       PUBLIC        ES
  D:00B8H         PUBLIC        IP
  C:4BAAH         PUBLIC        _ASCIItoBCD
  D:00D8H         PUBLIC        CCON
  C:4C4BH         PUBLIC        initUART1
  D:0098H         PUBLIC        SCON
  D:0088H         PUBLIC        TCON
  C:000AH         PUBLIC        _DectoBCD
  C:4CCDH         PUBLIC        _ASCII_Letter
  D:008EH         PUBLIC        AUXR
  C:4CC8H         PUBLIC        _unit
  C:0003H         PUBLIC        _ten
  D:00D6H         PUBLIC        T2H
BL51 BANKED LINKER/LOCATER V6.22                                                      02/22/2019  10:58:37  PAGE 18


  D:00D7H         PUBLIC        T2L
  D:00D0H         PUBLIC        PSW
  -------         PROC          INITUART1
  C:4C4BH         LINE#         21
  C:4C4BH         LINE#         22
  C:4C4BH         LINE#         23
  C:4C4EH         LINE#         24
  C:4C51H         LINE#         25
  C:4C54H         LINE#         26
  C:4C57H         LINE#         27
  C:4C59H         LINE#         28
  C:4C5BH         LINE#         30
  -------         ENDPROC       INITUART1
  -------         PROC          _SENDSTRING
  X:0632H         SYMBOL        s
  C:49B5H         LINE#         35
  C:49C0H         LINE#         36
  C:49C0H         LINE#         37
  C:49D0H         LINE#         38
  C:49D0H         LINE#         39
  C:49E5H         LINE#         40
  C:49E7H         LINE#         41
  -------         ENDPROC       _SENDSTRING
  -------         PROC          _TEN
  D:0007H         SYMBOL        BCD
  C:0003H         LINE#         43
  C:0003H         LINE#         44
  C:0003H         LINE#         45
  C:0008H         LINE#         46
  -------         ENDPROC       _TEN
  -------         PROC          _UNIT
  D:0007H         SYMBOL        BCD
  C:4CC8H         LINE#         47
  C:4CC8H         LINE#         48
  C:4CC8H         LINE#         52
  C:4CCCH         LINE#         53
  -------         ENDPROC       _UNIT
  -------         PROC          _DECTOBCD
  D:0007H         SYMBOL        dec
  C:000AH         LINE#         54
  C:000AH         LINE#         55
  C:000AH         LINE#         57
  C:000AH         LINE#         58
  -------         ENDPROC       _DECTOBCD
  -------         PROC          _ASCII_LETTER
  D:0007H         SYMBOL        dat
  C:4CCDH         LINE#         60
  C:4CCDH         LINE#         61
  C:4CCDH         LINE#         63
  C:4CD1H         LINE#         64
  -------         ENDPROC       _ASCII_LETTER
  -------         PROC          _ASCIITOBCD
  D:0001H         SYMBOL        ascii
  -------         DO            
  D:0007H         SYMBOL        dec_val
  D:0006H         SYMBOL        ten
  D:0007H         SYMBOL        unit
BL51 BANKED LINKER/LOCATER V6.22                                                      02/22/2019  10:58:37  PAGE 19


  -------         ENDDO         
  C:4BAAH         LINE#         66
  C:4BAAH         LINE#         67
  C:4BAAH         LINE#         69
  C:4BADH         LINE#         70
  C:4BB3H         LINE#         71
  C:4BBAH         LINE#         72
  C:4BC0H         LINE#         74
  -------         ENDPROC       _ASCIITOBCD
  -------         ENDMOD        UART1

  -------         MODULE        LCD_DRIVER_SPLC780D
  C:0000H         SYMBOL        _ICE_DUMMY_
  D:0092H         PUBLIC        P1M0
  D:0091H         PUBLIC        P1M1
  D:0080H         PUBLIC        P0
  D:0090H         PUBLIC        P1
  D:00A0H         PUBLIC        P2
  D:00B0H         PUBLIC        P3
  D:00C0H         PUBLIC        P4
  D:00C8H         PUBLIC        P5
  D:00E8H         PUBLIC        P6
  D:00F8H         PUBLIC        P7
  C:463BH         PUBLIC        _WriteData
  D:00A8H         PUBLIC        IE
  D:00B8H         PUBLIC        IP
  D:00D8H         PUBLIC        CCON
  B:00B0H.4       PUBLIC        LCD_D4
  B:00B0H.5       PUBLIC        LCD_D5
  B:00B0H.6       PUBLIC        LCD_D6
  C:4B5AH         PUBLIC        _DisplayLCD
  B:00B0H.7       PUBLIC        LCD_D7
  D:0098H         PUBLIC        SCON
  D:0088H         PUBLIC        TCON
  C:4CB8H         PUBLIC        LCD_clear
  C:48FAH         PUBLIC        _Command
  C:4BD7H         PUBLIC        _Display_Line
  C:4779H         PUBLIC        LCD_Init
  C:4ABFH         PUBLIC        _Wait_ms
  B:00C0H.0       PUBLIC        LCD_RS
  B:00B0H.2       PUBLIC        LCD_RW
  C:4CAEH         PUBLIC        LCD_return_home
  B:00B0H.3       PUBLIC        LCD_E
  D:00D0H         PUBLIC        PSW
  -------         PROC          LCD_INIT
  C:4779H         LINE#         9
  C:4779H         LINE#         10
  C:4779H         LINE#         11
  C:477CH         LINE#         12
  C:477FH         LINE#         14
  C:4785H         LINE#         15
  C:478AH         LINE#         17
  C:4791H         LINE#         18
  C:4796H         LINE#         20
  C:4799H         LINE#         21
  C:479EH         LINE#         23
  C:47A1H         LINE#         24
BL51 BANKED LINKER/LOCATER V6.22                                                      02/22/2019  10:58:37  PAGE 20


  C:47A6H         LINE#         26
  C:47ADH         LINE#         29
  C:47B2H         LINE#         30
  C:47B7H         LINE#         32
  C:47BCH         LINE#         33
  C:47C1H         LINE#         35
  C:47C6H         LINE#         36
  C:47CBH         LINE#         37
  -------         ENDPROC       LCD_INIT
  -------         PROC          _WRITEDATA
  X:046CH         SYMBOL        dat
  C:463BH         LINE#         40
  C:4640H         LINE#         41
  C:4640H         LINE#         46
  C:4642H         LINE#         47
  C:4644H         LINE#         49
  C:4652H         LINE#         50
  C:465EH         LINE#         51
  C:466AH         LINE#         52
  C:4674H         LINE#         53
  C:4676H         LINE#         54
  C:467DH         LINE#         55
  C:467FH         LINE#         57
  C:468FH         LINE#         58
  C:469AH         LINE#         59
  C:46A4H         LINE#         60
  C:46A8H         LINE#         62
  C:46A8H         LINE#         63
  C:46ABH         LINE#         64
  C:46ADH         LINE#         65
  C:46AFH         LINE#         67
  -------         ENDPROC       _WRITEDATA
  -------         PROC          _COMMAND
  D:0007H         SYMBOL        dat
  C:48FAH         LINE#         69
  C:48FAH         LINE#         70
  C:48FAH         LINE#         71
  C:48FCH         LINE#         72
  C:48FEH         LINE#         74
  C:4908H         LINE#         75
  C:490CH         LINE#         77
  C:490EH         LINE#         78
  C:4917H         LINE#         79
  C:491BH         LINE#         81
  C:491DH         LINE#         82
  C:4924H         LINE#         83
  C:4928H         LINE#         85
  C:492AH         LINE#         86
  C:492EH         LINE#         87
  C:4932H         LINE#         89
  C:4934H         LINE#         90
  C:4934H         LINE#         91
  C:4937H         LINE#         92
  C:4939H         LINE#         93
  -------         ENDPROC       _COMMAND
  C:4ABBH         SYMBOL        L?0028
  -------         PROC          L?0027
BL51 BANKED LINKER/LOCATER V6.22                                                      02/22/2019  10:58:37  PAGE 21


  -------         ENDPROC       L?0027
  C:4ABBH         SYMBOL        L?0028
  -------         PROC          _WAIT_MS
  D:0006H         SYMBOL        ms
  -------         DO            
  D:0004H         SYMBOL        De_Cnt
  -------         ENDDO         
  C:4ABFH         LINE#         95
  C:4ABFH         LINE#         96
  C:4ABFH         LINE#         98
  C:4AC9H         LINE#         99
  C:4AC9H         LINE#         100
  C:4ADCH         LINE#         101
  C:4ADCH         LINE#         102
  -------         ENDPROC       _WAIT_MS
  -------         PROC          _DISPLAYLCD
  D:0007H         SYMBOL        BCD
  -------         DO            
  D:0006H         SYMBOL        first_digit
  X:03BFH         SYMBOL        second_digit
  -------         ENDDO         
  C:4B5AH         LINE#         103
  C:4B5AH         LINE#         104
  C:4B5AH         LINE#         106
  C:4B61H         LINE#         107
  C:4B6AH         LINE#         109
  C:4B6FH         LINE#         111
  -------         ENDPROC       _DISPLAYLCD
  -------         PROC          LCD_RETURN_HOME
  C:4CAEH         LINE#         115
  C:4CAEH         LINE#         116
  C:4CAEH         LINE#         117
  C:4CB3H         LINE#         118
  -------         ENDPROC       LCD_RETURN_HOME
  -------         PROC          LCD_CLEAR
  C:4CB8H         LINE#         121
  C:4CB8H         LINE#         122
  C:4CB8H         LINE#         123
  C:4CBDH         LINE#         124
  -------         ENDPROC       LCD_CLEAR
  -------         PROC          _DISPLAY_LINE
  D:0006H         SYMBOL        line
  C:4BD7H         LINE#         128
  C:4BD7H         LINE#         129
  C:4BD7H         LINE#         130
  C:4BDDH         LINE#         131
  C:4BDDH         LINE#         132
  C:4BDFH         LINE#         133
  C:4BDFH         LINE#         134
  C:4BE1H         LINE#         136
  C:4BE1H         LINE#         137
  C:4BE6H         LINE#         138
  C:4BEBH         LINE#         139
  C:4BEBH         LINE#         140
  -------         ENDPROC       _DISPLAY_LINE
  -------         ENDMOD        LCD_DRIVER_SPLC780D

BL51 BANKED LINKER/LOCATER V6.22                                                      02/22/2019  10:58:37  PAGE 22


  -------         MODULE        KEYPAD
  C:0000H         SYMBOL        _ICE_DUMMY_
  D:0093H         PUBLIC        P0M1
  D:0080H         PUBLIC        P0
  D:0090H         PUBLIC        P1
  D:00A0H         PUBLIC        P2
  D:00B0H         PUBLIC        P3
  D:00C0H         PUBLIC        P4
  D:00C8H         PUBLIC        P5
  B:0020H.0       PUBLIC        calib_mode
  D:00E8H         PUBLIC        P6
  D:00F8H         PUBLIC        P7
  D:00A8H         PUBLIC        IE
  C:3526H         PUBLIC        Key_Scan
  D:00B8H         PUBLIC        IP
  D:00D8H         PUBLIC        CCON
  C:4C96H         PUBLIC        KeyPad_IO_Init
  C:4B3CH         PUBLIC        _Delay_ms
  D:0098H         PUBLIC        SCON
  D:0088H         PUBLIC        TCON
  B:0020H.1       PUBLIC        small_move
  B:0020H.2       PUBLIC        move
  B:0020H.3       PUBLIC        direction
  B:0020H.4       PUBLIC        auto_move
  C:30B5H         PUBLIC        Key_Process
  D:00D0H         PUBLIC        PSW
  D:0094H         PUBLIC        P0M0
  -------         PROC          _DELAY_MS
  D:0006H         SYMBOL        ms
  -------         DO            
  D:0004H         SYMBOL        De_Cnt
  -------         ENDDO         
  C:4B3CH         LINE#         19
  C:4B3CH         LINE#         20
  C:4B3CH         LINE#         22
  C:4B46H         LINE#         23
  C:4B46H         LINE#         24
  C:4B59H         LINE#         25
  C:4B59H         LINE#         26
  -------         ENDPROC       _DELAY_MS
  -------         PROC          KEY_SCAN
  -------         DO            
  X:03C5H         SYMBOL        KeyTemp1
  X:03C6H         SYMBOL        KeyTemp2
  X:03C7H         SYMBOL        KeyValue
  -------         ENDDO         
  C:3526H         LINE#         27
  C:3526H         LINE#         28
  C:3526H         LINE#         33
  C:3529H         LINE#         36
  C:352CH         LINE#         38
  C:3534H         LINE#         39
  C:353BH         LINE#         40
  C:353BH         LINE#         42
  C:3540H         LINE#         43
  C:3547H         LINE#         44
  C:3547H         LINE#         47
BL51 BANKED LINKER/LOCATER V6.22                                                      02/22/2019  10:58:37  PAGE 23


  C:354AH         LINE#         48
  C:354DH         LINE#         49
  C:3552H         LINE#         50
  C:3556H         LINE#         51
  C:3556H         LINE#         52
  C:355EH         LINE#         53
  C:355EH         LINE#         54
  C:3561H         LINE#         55
  C:3569H         LINE#         56
  C:356BH         LINE#         58
  C:357FH         LINE#         59
  C:357FH         LINE#         60
  C:357FH         LINE#         61
  C:357FH         LINE#         62
  C:3585H         LINE#         64
  C:3587H         LINE#         65
  C:3587H         LINE#         66
  C:3587H         LINE#         67
  C:358DH         LINE#         69
  C:358FH         LINE#         70
  C:358FH         LINE#         71
  C:358FH         LINE#         72
  C:3595H         LINE#         74
  C:3597H         LINE#         75
  C:3597H         LINE#         76
  C:3597H         LINE#         77
  C:359DH         LINE#         79
  C:359DH         LINE#         80
  C:359DH         LINE#         81
  C:359DH         LINE#         84
  C:35A0H         LINE#         85
  C:35A3H         LINE#         86
  C:35ABH         LINE#         87
  C:35AFH         LINE#         88
  C:35AFH         LINE#         89
  C:35B7H         LINE#         90
  C:35B7H         LINE#         91
  C:35BAH         LINE#         92
  C:35C2H         LINE#         93
  C:35C4H         LINE#         94
  C:35D8H         LINE#         95
  C:35D8H         LINE#         96
  C:35D8H         LINE#         97
  C:35D8H         LINE#         98
  C:35DEH         LINE#         100
  C:35E0H         LINE#         101
  C:35E0H         LINE#         102
  C:35E0H         LINE#         103
  C:35E6H         LINE#         105
  C:35E8H         LINE#         106
  C:35E8H         LINE#         107
  C:35E8H         LINE#         108
  C:35EEH         LINE#         110
  C:35F0H         LINE#         111
  C:35F0H         LINE#         112
  C:35F0H         LINE#         113
  C:35F5H         LINE#         115
BL51 BANKED LINKER/LOCATER V6.22                                                      02/22/2019  10:58:37  PAGE 24


  C:35F5H         LINE#         116
  C:35F5H         LINE#         117
  C:35F5H         LINE#         120
  C:35F8H         LINE#         121
  C:35FBH         LINE#         122
  C:3603H         LINE#         123
  C:3607H         LINE#         124
  C:3607H         LINE#         125
  C:360FH         LINE#         126
  C:360FH         LINE#         127
  C:3612H         LINE#         128
  C:361AH         LINE#         129
  C:361CH         LINE#         130
  C:3630H         LINE#         131
  C:3630H         LINE#         132
  C:3630H         LINE#         133
  C:3630H         LINE#         134
  C:3636H         LINE#         136
  C:3638H         LINE#         137
  C:3638H         LINE#         138
  C:3638H         LINE#         139
  C:363EH         LINE#         141
  C:3640H         LINE#         142
  C:3640H         LINE#         143
  C:3640H         LINE#         144
  C:3646H         LINE#         146
  C:3648H         LINE#         147
  C:3648H         LINE#         148
  C:3648H         LINE#         149
  C:364EH         LINE#         151
  C:364EH         LINE#         152
  C:364EH         LINE#         153
  C:364EH         LINE#         157
  C:3651H         LINE#         158
  C:3654H         LINE#         159
  C:365CH         LINE#         160
  C:3660H         LINE#         161
  C:3660H         LINE#         162
  C:3668H         LINE#         163
  C:3668H         LINE#         164
  C:366BH         LINE#         165
  C:3673H         LINE#         166
  C:3675H         LINE#         167
  C:3689H         LINE#         168
  C:3689H         LINE#         169
  C:3689H         LINE#         170
  C:3689H         LINE#         171
  C:368FH         LINE#         173
  C:3691H         LINE#         174
  C:3691H         LINE#         175
  C:3691H         LINE#         176
  C:3697H         LINE#         178
  C:3699H         LINE#         179
  C:3699H         LINE#         180
  C:3699H         LINE#         181
  C:369FH         LINE#         183
  C:36A1H         LINE#         184
BL51 BANKED LINKER/LOCATER V6.22                                                      02/22/2019  10:58:37  PAGE 25


  C:36A1H         LINE#         185
  C:36A1H         LINE#         186
  C:36A7H         LINE#         188
  C:36A7H         LINE#         189
  C:36A7H         LINE#         190
  C:36A7H         LINE#         192
  C:36ADH         LINE#         193
  C:36ADH         LINE#         195
  C:36ADH         LINE#         196
  C:36B0H         LINE#         197
  C:36B0H         LINE#         198
  C:36B0H         LINE#         200
  C:36B0H         LINE#         201
  C:36B2H         LINE#         202
  C:36B2H         LINE#         203
  -------         ENDPROC       KEY_SCAN
  -------         PROC          KEY_PROCESS
  -------         DO            
  X:0618H         SYMBOL        KeyCount
  X:061AH         SYMBOL        KeyNum_Old
  X:061BH         SYMBOL        KeyNum
  X:061CH         SYMBOL        PressedKey
  X:03BFH         SYMBOL        d
  D:0004H         SYMBOL        hours
  D:0006H         SYMBOL        mins
  X:03C1H         SYMBOL        months
  X:03C3H         SYMBOL        days
  -------         ENDDO         
  C:30B5H         LINE#         204
  C:30B5H         LINE#         205
  C:30B5H         LINE#         209
  C:30BDH         LINE#         210
  C:30C5H         LINE#         212
  C:30C8H         LINE#         213
  C:30C8H         LINE#         214
  C:30CBH         LINE#         216
  C:30CBH         LINE#         217
  C:30D8H         LINE#         218
  C:30D8H         LINE#         219
  C:30DBH         LINE#         220
  C:30DEH         LINE#         222
  C:30E1H         LINE#         224
  C:30E1H         LINE#         225
  C:30ECH         LINE#         226
  C:30ECH         LINE#         227
  C:30EFH         LINE#         229
  C:30EFH         LINE#         230
  C:30F6H         LINE#         231
  C:30F6H         LINE#         232
  C:30F9H         LINE#         234
  C:30F9H         LINE#         235
  C:3101H         LINE#         236
  C:3101H         LINE#         237
  C:310BH         LINE#         238
  C:3113H         LINE#         240
  C:311CH         LINE#         242
  C:311CH         LINE#         251
BL51 BANKED LINKER/LOCATER V6.22                                                      02/22/2019  10:58:37  PAGE 26


  C:3131H         LINE#         252
  C:3131H         LINE#         253
  C:3143H         LINE#         254
  C:3151H         LINE#         255
  C:3160H         LINE#         256
  C:3160H         LINE#         258
  C:3166H         LINE#         262
  C:317CH         LINE#         263
  C:318DH         LINE#         264
  C:31A8H         LINE#         265
  C:31A8H         LINE#         266
  C:31B8H         LINE#         267
  C:31C9H         LINE#         268
  C:31C9H         LINE#         272
  C:31E2H         LINE#         273
  C:31F9H         LINE#         274
  C:3219H         LINE#         275
  C:3219H         LINE#         276
  C:3223H         LINE#         277
  C:3223H         LINE#         278
  C:322CH         LINE#         279
  C:322CH         LINE#         280
  C:3240H         LINE#         281
  C:3240H         LINE#         282
  C:3240H         LINE#         283
  C:3240H         LINE#         284
  C:3240H         LINE#         285
  C:3242H         LINE#         287
  C:3242H         LINE#         288
  C:324EH         LINE#         289
  C:324EH         LINE#         290
  C:325FH         LINE#         291
  C:325FH         LINE#         292
  C:325FH         LINE#         293
  C:325FH         LINE#         294
  C:325FH         LINE#         296
  C:3261H         LINE#         298
  C:3261H         LINE#         299
  C:3272H         LINE#         300
  C:3272H         LINE#         301
  C:3272H         LINE#         302
  C:3272H         LINE#         303
  C:3272H         LINE#         305
  C:3272H         LINE#         307
  C:3272H         LINE#         308
  C:3274H         LINE#         310
  C:3274H         LINE#         311
  C:3287H         LINE#         312
  C:3287H         LINE#         313
  C:3298H         LINE#         314
  C:3298H         LINE#         315
  C:3298H         LINE#         316
  C:3298H         LINE#         317
  C:3298H         LINE#         318
  C:329AH         LINE#         320
  C:329AH         LINE#         321
  C:32ABH         LINE#         322
BL51 BANKED LINKER/LOCATER V6.22                                                      02/22/2019  10:58:37  PAGE 27


  C:32ABH         LINE#         323
  C:32BCH         LINE#         324
  C:32CDH         LINE#         325
  C:32CDH         LINE#         326
  C:32CDH         LINE#         327
  C:32CDH         LINE#         328
  C:32CDH         LINE#         329
  C:32D0H         LINE#         330
  C:32D5H         LINE#         331
  C:32DAH         LINE#         332
  C:32DFH         LINE#         333
  C:32E4H         LINE#         334
  C:32E9H         LINE#         335
  C:32EEH         LINE#         336
  C:32F3H         LINE#         337
  C:32F3H         LINE#         339
  C:3315H         LINE#         340
  C:3315H         LINE#         341
  C:331FH         LINE#         342
  C:331FH         LINE#         343
  C:3324H         LINE#         344
  C:332DH         LINE#         345
  C:3344H         LINE#         346
  C:3344H         LINE#         347
  C:3354H         LINE#         349
  C:3354H         LINE#         353
  -------         ENDPROC       KEY_PROCESS
  -------         PROC          KEYPAD_IO_INIT
  C:4C96H         LINE#         356
  C:4C96H         LINE#         357
  C:4C96H         LINE#         358
  C:4C99H         LINE#         359
  C:4C9CH         LINE#         360
  C:4C9FH         LINE#         361
  C:4CA1H         LINE#         362
  -------         ENDPROC       KEYPAD_IO_INIT
  -------         ENDMOD        KEYPAD

  -------         MODULE        BIPOLARMOTOR
  C:0000H         SYMBOL        _ICE_DUMMY_
  D:0080H         PUBLIC        P0
  D:0090H         PUBLIC        P1
  X:0000H         PUBLIC        RX_pos_test
  D:00A0H         PUBLIC        P2
  D:00B0H         PUBLIC        P3
  D:00C0H         PUBLIC        P4
  D:00C8H         PUBLIC        P5
  D:00E8H         PUBLIC        P6
  D:00F8H         PUBLIC        P7
  X:00A0H         PUBLIC        low_date_azimuth_mapping
  D:00A8H         PUBLIC        IE
  C:4008H         PUBLIC        linear_interpolate
  C:4A6AH         PUBLIC        _Move
  D:00B8H         PUBLIC        IP
  C:3388H         PUBLIC        _findDet3x3
  C:2DF5H         PUBLIC        _findDet4x4
  D:00D8H         PUBLIC        CCON
BL51 BANKED LINKER/LOCATER V6.22                                                      02/22/2019  10:58:37  PAGE 28


  X:00C8H         PUBLIC        previous_move_time
  D:0098H         PUBLIC        SCON
  D:0088H         PUBLIC        TCON
  C:4CD2H         PUBLIC        wait
  C:493AH         PUBLIC        _Step_move
  X:00C9H         PUBLIC        dat
  C:000EH         PUBLIC        _Update_position
  C:4822H         PUBLIC        vOneStepMove
  X:00CFH         PUBLIC        elevation_stamp
  X:010BH         PUBLIC        date_azimuth_mapping
  X:0133H         PUBLIC        RX_pos
  C:4B81H         PUBLIC        _BCDtoDec1
  X:038BH         PUBLIC        degree
  D:00D0H         PUBLIC        PSW
  -------         PROC          L?0062
  -------         ENDPROC       L?0062
  -------         PROC          _BCDTODEC1
  D:0007H         SYMBOL        bcd
  -------         DO            
  D:0006H         SYMBOL        hi
  D:0007H         SYMBOL        lo
  -------         ENDDO         
  C:4B81H         LINE#         28
  C:4B81H         LINE#         29
  C:4B81H         LINE#         31
  C:4B86H         LINE#         32
  C:4B8AH         LINE#         33
  C:4B91H         LINE#         34
  -------         ENDPROC       _BCDTODEC1
  -------         PROC          WAIT
  C:4CD2H         LINE#         36
  C:4CD2H         LINE#         38
  -------         ENDPROC       WAIT
  -------         PROC          VONESTEPMOVE
  B:0020H.7       SYMBOL        bDir
  C:4822H         LINE#         40
  C:4822H         LINE#         41
  C:4822H         LINE#         43
  C:4828H         LINE#         44
  C:4828H         LINE#         45
  C:482BH         LINE#         46
  C:4834H         LINE#         47
  C:483BH         LINE#         48
  C:4840H         LINE#         49
  C:4840H         LINE#         50
  C:4840H         LINE#         52
  C:4842H         LINE#         55
  C:4842H         LINE#         56
  C:4845H         LINE#         57
  C:484EH         LINE#         58
  C:4855H         LINE#         59
  C:485BH         LINE#         60
  C:4864H         LINE#         61
  C:486BH         LINE#         62
  C:486BH         LINE#         66
  -------         ENDPROC       VONESTEPMOVE
  -------         PROC          _STEP_MOVE
BL51 BANKED LINKER/LOCATER V6.22                                                      02/22/2019  10:58:37  PAGE 29


  X:047BH         SYMBOL        step
  B:0020H.6       SYMBOL        dir
  -------         DO            
  X:047DH         SYMBOL        i
  -------         ENDDO         
  C:493AH         LINE#         68
  C:4942H         LINE#         69
  C:4942H         LINE#         71
  C:4947H         LINE#         74
  C:4962H         LINE#         75
  C:4962H         LINE#         76
  C:4969H         LINE#         78
  C:4979H         LINE#         80
  -------         ENDPROC       _STEP_MOVE
  -------         PROC          _MOVE
  X:0477H         SYMBOL        distance
  B:0020H.5       SYMBOL        direction
  -------         DO            
  D:0006H         SYMBOL        step
  -------         ENDDO         
  C:4A6AH         LINE#         82
  C:4A70H         LINE#         83
  C:4A70H         LINE#         86
  C:4A8BH         LINE#         87
  -------         ENDPROC       _MOVE
  C:3369H         SYMBOL        L?0058
  C:337DH         SYMBOL        L?0059
  -------         PROC          L?0057
  -------         ENDPROC       L?0057
  C:3369H         SYMBOL        L?0058
  C:337DH         SYMBOL        L?0059
  -------         PROC          _FINDDET3X3
  X:05F4H         SYMBOL        a11
  X:05F8H         SYMBOL        a12
  X:05FCH         SYMBOL        a13
  X:0600H         SYMBOL        a21
  X:0604H         SYMBOL        a22
  X:0608H         SYMBOL        a23
  X:060CH         SYMBOL        a31
  X:0610H         SYMBOL        a32
  X:0614H         SYMBOL        a33
  C:3388H         LINE#         91
  C:338EH         LINE#         95
  C:338EH         LINE#         96
  C:3525H         LINE#         98
  -------         ENDPROC       _FINDDET3X3
  -------         PROC          _FINDDET4X4
  X:05B4H         SYMBOL        a11
  X:05B8H         SYMBOL        a12
  X:05BCH         SYMBOL        a13
  X:05C0H         SYMBOL        a14
  X:05C4H         SYMBOL        a21
  X:05C8H         SYMBOL        a22
  X:05CCH         SYMBOL        a23
  X:05D0H         SYMBOL        a24
  X:05D4H         SYMBOL        a31
  X:05D8H         SYMBOL        a32
BL51 BANKED LINKER/LOCATER V6.22                                                      02/22/2019  10:58:37  PAGE 30


  X:05DCH         SYMBOL        a33
  X:05E0H         SYMBOL        a34
  X:05E4H         SYMBOL        a41
  X:05E8H         SYMBOL        a42
  X:05ECH         SYMBOL        a43
  X:05F0H         SYMBOL        a44
  C:2DF5H         LINE#         99
  C:2DFBH         LINE#         103
  C:2DFBH         LINE#         110
  C:30B4H         LINE#         114
  -------         ENDPROC       _FINDDET4X4
  C:3FF7H         SYMBOL        L?0061
  -------         PROC          L?0060
  -------         ENDPROC       L?0060
  C:3FF7H         SYMBOL        L?0061
  -------         PROC          LINEAR_INTERPOLATE
  X:0477H         SYMBOL        p1
  X:047FH         SYMBOL        p2
  X:0487H         SYMBOL        x
  -------         DO            
  D:0004H         SYMBOL        fx
  -------         ENDDO         
  C:4008H         LINE#         120
  C:4008H         LINE#         121
  C:4008H         LINE#         124
  C:40A7H         LINE#         126
  C:40A7H         LINE#         127
  -------         ENDPROC       LINEAR_INTERPOLATE
  -------         PROC          _UPDATE_POSITION
  D:0001H         SYMBOL        mnths
  D:0002H         SYMBOL        dys
  X:03DAH         SYMBOL        hurs
  X:03DBH         SYMBOL        mns
  X:03DCH         SYMBOL        sconds
  X:03DDH         SYMBOL        currnt_pos
  X:03E0H         SYMBOL        offset_calib
  -------         DO            
  X:03E4H         SYMBOL        date
  X:03E6H         SYMBOL        i
  X:03E8H         SYMBOL        yy
  X:03EAH         SYMBOL        desired_distance
  X:03EEH         SYMBOL        distance
  X:03F2H         SYMBOL        JP_pos
  X:03F6H         SYMBOL        pos_interpolate_azimuth
  X:0432H         SYMBOL        current_local_sun_time
  X:0436H         SYMBOL        azimuth
  X:043AH         SYMBOL        elevation
  X:043EH         SYMBOL        time_offset
  X:0442H         SYMBOL        UTC_time
  X:0446H         SYMBOL        declination
  X:044AH         SYMBOL        p1
  X:0452H         SYMBOL        p2
  X:045AH         SYMBOL        time
  X:046CH         SYMBOL        location
  X:0474H         SYMBOL        sunCoord
  -------         ENDDO         
  C:000EH         LINE#         131
BL51 BANKED LINKER/LOCATER V6.22                                                      02/22/2019  10:58:37  PAGE 31


  C:0017H         LINE#         134
  C:0017H         LINE#         135
  C:0022H         LINE#         137
  C:003EH         LINE#         138
  C:0048H         LINE#         146
  C:0052H         LINE#         147
  C:005CH         LINE#         148
  C:0066H         LINE#         149
  C:0071H         LINE#         150
  C:007CH         LINE#         151
  C:0095H         LINE#         152
  C:00A6H         LINE#         153
  C:00B5H         LINE#         156
  C:00C9H         LINE#         160
  C:011BH         LINE#         161
  C:027FH         LINE#         162
  C:02CFH         LINE#         164
  C:03F7H         LINE#         166
  C:04C6H         LINE#         173
  C:050DH         LINE#         174
  C:050DH         LINE#         176
  C:0527H         LINE#         177
  C:0527H         LINE#         178
  C:0597H         LINE#         179
  C:0597H         LINE#         180
  C:059EH         LINE#         181
  C:059EH         LINE#         182
  C:05CBH         LINE#         183
  C:05E6H         LINE#         185
  C:062DH         LINE#         186
  C:0661H         LINE#         188
  C:06A7H         LINE#         189
  C:06CAH         LINE#         191
  C:06CAH         LINE#         193
  C:0740H         LINE#         194
  C:0740H         LINE#         195
  C:0747H         LINE#         196
  C:0747H         LINE#         197
  C:0774H         LINE#         198
  C:078FH         LINE#         200
  C:07D6H         LINE#         201
  C:080AH         LINE#         203
  C:0850H         LINE#         204
  C:0870H         LINE#         206
  C:0870H         LINE#         207
  C:0881H         LINE#         210
  C:089BH         LINE#         211
  C:089BH         LINE#         212
  C:090BH         LINE#         213
  C:090BH         LINE#         214
  C:0938H         LINE#         215
  C:0953H         LINE#         217
  C:0980H         LINE#         218
  C:099BH         LINE#         220
  C:09CDH         LINE#         223
  C:09CDH         LINE#         225
  C:09DEH         LINE#         227
BL51 BANKED LINKER/LOCATER V6.22                                                      02/22/2019  10:58:37  PAGE 32


  C:0A0DH         LINE#         229
  C:0A32H         LINE#         230
  C:0A97H         LINE#         231
  C:0A97H         LINE#         232
  C:0AB1H         LINE#         233
  C:0AC3H         LINE#         234
  C:0ADBH         LINE#         235
  C:0AF1H         LINE#         237
  C:0B0DH         LINE#         238
  C:0B0DH         LINE#         239
  C:0B0DH         LINE#         242
  -------         ENDPROC       _UPDATE_POSITION
  -------         ENDMOD        BIPOLARMOTOR

  -------         MODULE        SUNPOS
  C:0000H         SYMBOL        _ICE_DUMMY_
  C:1F58H         PUBLIC        sunpos
  -------         PROC          SUNPOS
  X:0477H         SYMBOL        udtTime
  X:0489H         SYMBOL        udtLocation
  X:0491H         SYMBOL        udtSunCoordinates
  -------         DO            
  X:0494H         SYMBOL        dElapsedJulianDays
  X:0498H         SYMBOL        dDecimalHours
  X:049CH         SYMBOL        dEclipticLongitude
  X:04A0H         SYMBOL        dEclipticObliquity
  X:04A4H         SYMBOL        dRightAscension
  X:04A8H         SYMBOL        dDeclination
  X:04ACH         SYMBOL        dY
  X:04B0H         SYMBOL        dX
  -------         DO            
  X:04B4H         SYMBOL        dJulianDate
  X:04B8H         SYMBOL        liAux1
  X:04BCH         SYMBOL        liAux2
  X:04B4H         SYMBOL        dMeanLongitude
  X:04B8H         SYMBOL        dMeanAnomaly
  X:04BCH         SYMBOL        dOmega
  X:04B4H         SYMBOL        dSin_EclipticLongitude
  X:04B4H         SYMBOL        dGreenwichMeanSiderealTime
  X:04B8H         SYMBOL        dLocalMeanSiderealTime
  X:04BCH         SYMBOL        dLatitudeInRadians
  X:04C0H         SYMBOL        dHourAngle
  X:04C4H         SYMBOL        dCos_Latitude
  X:04C8H         SYMBOL        dSin_Latitude
  X:04CCH         SYMBOL        dCos_HourAngle
  X:04D0H         SYMBOL        dParallax
  -------         ENDDO         
  -------         DO            
  X:04B4H         SYMBOL        dMeanLongitude
  X:04B8H         SYMBOL        dMeanAnomaly
  X:04BCH         SYMBOL        dOmega
  X:04B4H         SYMBOL        dSin_EclipticLongitude
  X:04B4H         SYMBOL        dGreenwichMeanSiderealTime
  X:04B8H         SYMBOL        dLocalMeanSiderealTime
  X:04BCH         SYMBOL        dLatitudeInRadians
  X:04C0H         SYMBOL        dHourAngle
  X:04C4H         SYMBOL        dCos_Latitude
BL51 BANKED LINKER/LOCATER V6.22                                                      02/22/2019  10:58:37  PAGE 33


  X:04C8H         SYMBOL        dSin_Latitude
  X:04CCH         SYMBOL        dCos_HourAngle
  X:04D0H         SYMBOL        dParallax
  -------         ENDDO         
  -------         DO            
  X:04B4H         SYMBOL        dSin_EclipticLongitude
  X:04B4H         SYMBOL        dGreenwichMeanSiderealTime
  X:04B8H         SYMBOL        dLocalMeanSiderealTime
  X:04BCH         SYMBOL        dLatitudeInRadians
  X:04C0H         SYMBOL        dHourAngle
  X:04C4H         SYMBOL        dCos_Latitude
  X:04C8H         SYMBOL        dSin_Latitude
  X:04CCH         SYMBOL        dCos_HourAngle
  X:04D0H         SYMBOL        dParallax
  -------         ENDDO         
  -------         DO            
  X:04B4H         SYMBOL        dGreenwichMeanSiderealTime
  X:04B8H         SYMBOL        dLocalMeanSiderealTime
  X:04BCH         SYMBOL        dLatitudeInRadians
  X:04C0H         SYMBOL        dHourAngle
  X:04C4H         SYMBOL        dCos_Latitude
  X:04C8H         SYMBOL        dSin_Latitude
  X:04CCH         SYMBOL        dCos_HourAngle
  X:04D0H         SYMBOL        dParallax
  -------         ENDDO         
  -------         ENDDO         
  C:1F58H         LINE#         6
  C:1F58H         LINE#         7
  C:1F58H         LINE#         9
  C:1F58H         LINE#         27
  C:1FA2H         LINE#         30
  C:1FC3H         LINE#         31
  C:210AH         LINE#         34
  C:2156H         LINE#         36
  C:2175H         LINE#         37
  C:2175H         LINE#         42
  C:2175H         LINE#         46
  C:21A7H         LINE#         47
  C:21D1H         LINE#         48
  C:21FBH         LINE#         49
  C:22A8H         LINE#         52
  C:2309H         LINE#         54
  C:2309H         LINE#         59
  C:2309H         LINE#         61
  C:2320H         LINE#         62
  C:2348H         LINE#         63
  C:235FH         LINE#         64
  C:238AH         LINE#         65
  C:23C1H         LINE#         66
  C:23ECH         LINE#         67
  C:23ECH         LINE#         70
  C:23ECH         LINE#         79
  C:2427H         LINE#         82
  C:2461H         LINE#         84
  C:2486H         LINE#         85
  C:24A5H         LINE#         86
  C:24BCH         LINE#         87
BL51 BANKED LINKER/LOCATER V6.22                                                      02/22/2019  10:58:37  PAGE 34


  C:24D3H         LINE#         88
  C:24EAH         LINE#         89
  C:2573H         LINE#         91
  C:258DH         LINE#         92
  C:25EFH         LINE#         93
  C:2625H         LINE#         94
  C:2637H         LINE#         95
  C:2664H         LINE#         96
  C:2691H         LINE#         98
  C:26B3H         LINE#         100
  C:26EBH         LINE#         103
  C:26EBH         LINE#         104
  C:26F9H         LINE#         105
  -------         ENDPROC       SUNPOS
  -------         ENDMOD        SUNPOS

  -------         MODULE        ADC
  C:0000H         SYMBOL        _ICE_DUMMY_
  D:0092H         PUBLIC        P1M0
  D:0091H         PUBLIC        P1M1
  D:0080H         PUBLIC        P0
  D:0090H         PUBLIC        P1
  D:00A0H         PUBLIC        P2
  D:00B0H         PUBLIC        P3
  D:00C0H         PUBLIC        P4
  D:00C8H         PUBLIC        P5
  D:00E8H         PUBLIC        P6
  D:00F8H         PUBLIC        P7
  D:00A8H         PUBLIC        IE
  D:00BDH         PUBLIC        ADC_RES
  D:00B8H         PUBLIC        IP
  D:0097H         PUBLIC        CLK_DIV
  D:00D8H         PUBLIC        CCON
  D:00BCH         PUBLIC        ADC_CONTR
  D:0098H         PUBLIC        SCON
  D:0088H         PUBLIC        TCON
  B:00A0H.4       PUBLIC        P24
  B:00A0H.5       PUBLIC        P25
  B:00A0H.6       PUBLIC        P26
  C:4B1DH         PUBLIC        ADC_Init
  C:49E8H         PUBLIC        _ADC_GetResult
  D:009DH         PUBLIC        P1ASF
  D:00BEH         PUBLIC        ADC_RESL
  D:00D0H         PUBLIC        PSW
  -------         PROC          ADC_INIT
  C:4B1DH         LINE#         7
  C:4B1DH         LINE#         8
[...]
  C:3E65H         LINE#         115
  C:3E7EH         LINE#         116
  C:3E7EH         LINE#         117
  C:3E80H         LINE#         118
  C:3E82H         LINE#         120
  C:3E82H         LINE#         121
  C:3E84H         LINE#         123
  C:3E84H         LINE#         124
  C:3E84H         LINE#         125
  C:3E84H         LINE#         126
  C:3E87H         LINE#         127
  C:3EA0H         LINE#         129
  C:3EBFH         LINE#         131
  C:3EC6H         LINE#         132
  C:3EC6H         LINE#         133
  C:3EC8H         LINE#         134
  C:3ECBH         LINE#         135
  C:3ED2H         LINE#         136
  C:3ED2H         LINE#         137
  C:3ED4H         LINE#         138
  C:3ED6H         LINE#         140
  C:3ED6H         LINE#         141
  C:3ED8H         LINE#         143
  C:3ED8H         LINE#         144
  C:3ED8H         LINE#         145
  C:3ED8H         LINE#         146
  C:3EDBH         LINE#         147
  C:3EE2H         LINE#         149
  C:3F01H         LINE#         151
  C:3F03H         LINE#         152
  -------         ENDPROC       _AT25SF041_WRITE
  -------         PROC          _AT25SF041_READ
  D:0003H         SYMBOL        opcode
  X:0622H         SYMBOL        addr
  -------         DO            
  X:0626H         SYMBOL        dat
  X:0627H         SYMBOL        i
  -------         ENDDO         
  C:3C0BH         LINE#         156
  C:3C0DH         LINE#         157
  C:3C0DH         LINE#         158
  C:3C12H         LINE#         160
  C:3C14H         LINE#         161
BL51 BANKED LINKER/LOCATER V6.22                                                      02/22/2019  10:58:37  PAGE 45


  C:3C1AH         LINE#         165
  C:3C1FH         LINE#         166
  C:3C1FH         LINE#         167
  C:3C21H         LINE#         168
  C:3C24H         LINE#         169
  C:3C28H         LINE#         170
  C:3C28H         LINE#         171
  C:3C2AH         LINE#         172
  C:3C2CH         LINE#         174
  C:3C2CH         LINE#         175
  C:3C2EH         LINE#         177
  C:3C2EH         LINE#         178
  C:3C2EH         LINE#         179
  C:3C2EH         LINE#         180
  C:3C31H         LINE#         181
  C:3C35H         LINE#         184
  C:3C54H         LINE#         186
  C:3C5BH         LINE#         187
  C:3C5BH         LINE#         188
  C:3C5DH         LINE#         189
  C:3C60H         LINE#         190
  C:3C79H         LINE#         191
  C:3C79H         LINE#         192
  C:3C7BH         LINE#         193
  C:3C7DH         LINE#         195
  C:3C7DH         LINE#         196
  C:3C7FH         LINE#         198
  C:3C7FH         LINE#         199
  C:3C7FH         LINE#         200
  C:3C7FH         LINE#         201
  C:3C82H         LINE#         202
  C:3C9BH         LINE#         204
  C:3CBAH         LINE#         207
  C:3CC1H         LINE#         209
  C:3CC3H         LINE#         210
  C:3CCAH         LINE#         212
  C:3CD1H         LINE#         213
  C:3CD1H         LINE#         214
  C:3CD8H         LINE#         215
  C:3CD8H         LINE#         216
  C:3CDBH         LINE#         217
  C:3CDDH         LINE#         218
  C:3CE0H         LINE#         220
  C:3CE3H         LINE#         221
  C:3CE3H         LINE#         223
  C:3CE7H         LINE#         224
  C:3CE7H         LINE#         230
  C:3D06H         LINE#         233
  C:3D08H         LINE#         234
  C:3D0BH         LINE#         235
  C:3D10H         LINE#         237
  -------         ENDPROC       _AT25SF041_READ
  -------         PROC          READ_STATUS_REGISTER_BYTE1
  -------         DO            
  D:0003H         SYMBOL        dat
  D:0001H         SYMBOL        opcode
  X:03CFH         SYMBOL        count
BL51 BANKED LINKER/LOCATER V6.22                                                      02/22/2019  10:58:37  PAGE 46


  X:03D0H         SYMBOL        i
  -------         ENDDO         
  C:42BCH         LINE#         241
  C:42BCH         LINE#         242
  C:42BCH         LINE#         243
  C:42C2H         LINE#         244
  C:42C6H         LINE#         245
  C:42C8H         LINE#         246
  C:42CAH         LINE#         247
  C:42D0H         LINE#         251
  C:42D7H         LINE#         252
  C:42D7H         LINE#         253
  C:42D9H         LINE#         254
  C:42DCH         LINE#         255
  C:42E0H         LINE#         256
  C:42E0H         LINE#         257
  C:42E2H         LINE#         258
  C:42E4H         LINE#         260
  C:42E4H         LINE#         261
  C:42E6H         LINE#         263
  C:42E6H         LINE#         264
  C:42E6H         LINE#         265
  C:42E6H         LINE#         266
  C:42E9H         LINE#         267
  C:42EDH         LINE#         270
  C:430CH         LINE#         274
  C:4313H         LINE#         276
  C:4315H         LINE#         277
  C:431CH         LINE#         278
  C:4323H         LINE#         279
  C:4323H         LINE#         280
  C:4327H         LINE#         281
  C:4327H         LINE#         282
  C:432AH         LINE#         283
  C:432CH         LINE#         284
  C:432FH         LINE#         286
  C:4332H         LINE#         287
  C:4332H         LINE#         289
  C:4336H         LINE#         290
  C:4336H         LINE#         292
  C:4355H         LINE#         296
  C:4357H         LINE#         297
  C:435AH         LINE#         298
  C:435CH         LINE#         299
  -------         ENDPROC       READ_STATUS_REGISTER_BYTE1
  -------         PROC          SPI_NOR_WRITE_DATA
  X:03BFH         SYMBOL        dat
  X:03CAH         SYMBOL        addr
  C:3D11H         LINE#         301
  C:3D11H         LINE#         302
  C:3D11H         LINE#         303
  C:3D2AH         LINE#         304
  C:3D2AH         LINE#         305
  C:3D2DH         LINE#         307
  C:3D30H         LINE#         308
  C:3D37H         LINE#         309
  C:3D37H         LINE#         310
BL51 BANKED LINKER/LOCATER V6.22                                                      02/22/2019  10:58:37  PAGE 47


  C:3D3AH         LINE#         312
  C:3D4AH         LINE#         314
  C:3D4AH         LINE#         315
  C:3D4DH         LINE#         317
  C:3D5DH         LINE#         318
  C:3D5DH         LINE#         321
  C:3D60H         LINE#         323
  C:3D70H         LINE#         324
  C:3D70H         LINE#         326
  C:3D73H         LINE#         328
  C:3D83H         LINE#         329
  C:3D83H         LINE#         331
  C:3D86H         LINE#         333
  C:3D96H         LINE#         334
  C:3D96H         LINE#         336
  C:3D99H         LINE#         338
  C:3DA9H         LINE#         339
  C:3DA9H         LINE#         340
  C:3DACH         LINE#         342
  C:3DBCH         LINE#         343
  C:3DBCH         LINE#         345
  C:3DBFH         LINE#         347
  C:3DCFH         LINE#         348
  C:3DCFH         LINE#         350
  C:3DD2H         LINE#         352
  C:3DE2H         LINE#         353
  C:3DE2H         LINE#         355
  C:3DE5H         LINE#         357
  C:3DF5H         LINE#         358
  C:3DF5H         LINE#         360
  C:3DF8H         LINE#         362
  C:3E08H         LINE#         363
  -------         ENDPROC       SPI_NOR_WRITE_DATA
  -------         ENDMOD        AT25SF041

  -------         MODULE        ?C_STARTUP
  C:452BH         SEGMENT       ?C_C51STARTUP
  I:0022H         SEGMENT       ?STACK
  C:0000H         PUBLIC        ?C_STARTUP
  D:00E0H         SYMBOL        ACC
  D:00F0H         SYMBOL        B
  D:0083H         SYMBOL        DPH
  D:0082H         SYMBOL        DPL
  N:0000H         SYMBOL        IBPSTACK
  N:0100H         SYMBOL        IBPSTACKTOP
  N:0080H         SYMBOL        IDATALEN
  C:452EH         SYMBOL        IDATALOOP
  N:0000H         SYMBOL        PBPSTACK
  N:0100H         SYMBOL        PBPSTACKTOP
  N:0000H         SYMBOL        PDATALEN
  N:0000H         SYMBOL        PDATASTART
  N:0000H         SYMBOL        PPAGE
  N:0000H         SYMBOL        PPAGEENABLE
  D:00A0H         SYMBOL        PPAGE_SFR
  D:0081H         SYMBOL        SP
  C:452BH         SYMBOL        STARTUP1
  N:0000H         SYMBOL        XBPSTACK
BL51 BANKED LINKER/LOCATER V6.22                                                      02/22/2019  10:58:37  PAGE 48


  N:0000H         SYMBOL        XBPSTACKTOP
  N:0000H         SYMBOL        XDATALEN
  N:0000H         SYMBOL        XDATASTART
  C:0000H         LINE#         126
  C:452BH         LINE#         133
  C:452DH         LINE#         134
  C:452EH         LINE#         135
  C:452FH         LINE#         136
  C:4531H         LINE#         185
  C:4534H         LINE#         196
  -------         ENDMOD        ?C_STARTUP

  -------         MODULE        ?C?FPADD
  C:15A9H         PUBLIC        ?C?FPADD
  C:15A5H         PUBLIC        ?C?FPSUB
  -------         ENDMOD        ?C?FPADD

  -------         MODULE        ?C?FPMUL
  C:169AH         PUBLIC        ?C?FPMUL
  -------         ENDMOD        ?C?FPMUL

  -------         MODULE        ?C?FPDIV
  C:17A3H         PUBLIC        ?C?FPDIV
  -------         ENDMOD        ?C?FPDIV

  -------         MODULE        ?C?FPCMP
  C:1842H         PUBLIC        ?C?FPCMP
  C:1840H         PUBLIC        ?C?FPCMP3
  -------         ENDMOD        ?C?FPCMP

  -------         MODULE        ?C?FPNEG
  C:18B9H         PUBLIC        ?C?FPNEG
  -------         ENDMOD        ?C?FPNEG

  -------         MODULE        ?C?FCAST
  C:18D4H         PUBLIC        ?C?FCASTC
  C:18CFH         PUBLIC        ?C?FCASTI
  C:18CAH         PUBLIC        ?C?FCASTL
  -------         ENDMOD        ?C?FCAST

  -------         MODULE        ?C?CASTF
  C:1908H         PUBLIC        ?C?CASTF
  -------         ENDMOD        ?C?CASTF

  -------         MODULE        ATAN2
  X:04D4H         PUBLIC        ?_atan2?BYTE
  C:435DH         PUBLIC        _atan2
  -------         ENDMOD        ATAN2

  -------         MODULE        SIN
  C:36FBH         PUBLIC        _COS
  C:3711H         PUBLIC        _SIN
  C:374DH         PUBLIC        _TAN
  -------         ENDMOD        SIN

  -------         MODULE        ACOS
  C:486CH         PUBLIC        _ACOS
BL51 BANKED LINKER/LOCATER V6.22                                                      02/22/2019  10:58:37  PAGE 49


  -------         ENDMOD        ACOS

  -------         MODULE        ASIN
  C:497AH         PUBLIC        _ASIN
  -------         ENDMOD        ASIN

  -------         MODULE        SQRT
  C:4214H         PUBLIC        _SQRT
  -------         ENDMOD        SQRT

  -------         MODULE        ATAN
  C:3B09H         PUBLIC        _ATAN
  -------         ENDMOD        ATAN

  -------         MODULE        ?C?COPY
  C:1AA6H         PUBLIC        ?C?COPY
  -------         ENDMOD        ?C?COPY

  -------         MODULE        ?C?CLDPTR
  C:1ACCH         PUBLIC        ?C?CLDPTR
  -------         ENDMOD        ?C?CLDPTR

  -------         MODULE        ?C?CLDOPTR
  C:1AE5H         PUBLIC        ?C?CLDOPTR
  -------         ENDMOD        ?C?CLDOPTR

  -------         MODULE        ?C?CSTPTR
  C:1B12H         PUBLIC        ?C?CSTPTR
  -------         ENDMOD        ?C?CSTPTR

  -------         MODULE        ?C?IMUL
  C:1B24H         PUBLIC        ?C?IMUL
  -------         ENDMOD        ?C?IMUL

  -------         MODULE        ?C?UIDIV
  C:1B36H         PUBLIC        ?C?UIDIV
  -------         ENDMOD        ?C?UIDIV

  -------         MODULE        ?C?SIDIV
  C:1B8BH         PUBLIC        ?C?SIDIV
  -------         ENDMOD        ?C?SIDIV

  -------         MODULE        ?C?ILDIX
  C:1BC1H         PUBLIC        ?C?ILDIX
  -------         ENDMOD        ?C?ILDIX

  -------         MODULE        ?C?ILDOPTR
  C:1BD7H         PUBLIC        ?C?ILDOPTR
  -------         ENDMOD        ?C?ILDOPTR

  -------         MODULE        ?C?ISTPTR
  C:1C0FH         PUBLIC        ?C?ISTPTR
  -------         ENDMOD        ?C?ISTPTR

  -------         MODULE        ?C?LMUL
  C:1C2EH         PUBLIC        ?C?LMUL
  -------         ENDMOD        ?C?LMUL
BL51 BANKED LINKER/LOCATER V6.22                                                      02/22/2019  10:58:37  PAGE 50



  -------         MODULE        ?C?SLDIV
  C:48B6H         PUBLIC        ?C?SLDIV
  -------         ENDMOD        ?C?SLDIV

  -------         MODULE        ?C?LNEG
  C:1C7DH         PUBLIC        ?C?LNEG
  -------         ENDMOD        ?C?LNEG

  -------         MODULE        ?C?ULCMP
  C:1C8BH         PUBLIC        ?C?ULCMP
  -------         ENDMOD        ?C?ULCMP

  -------         MODULE        ?C?LSHL
  C:1C9CH         PUBLIC        ?C?LSHL
  -------         ENDMOD        ?C?LSHL

  -------         MODULE        ?C?LLDPTR
  C:1CAFH         PUBLIC        ?C?LLDPTR
  -------         ENDMOD        ?C?LLDPTR

  -------         MODULE        ?C?LLDOPTR
  C:1CCFH         PUBLIC        ?C?LLDOPTR
  -------         ENDMOD        ?C?LLDOPTR

  -------         MODULE        ?C?LSTPTR
  C:1CFFH         PUBLIC        ?C?LSTPTR
  -------         ENDMOD        ?C?LSTPTR

  -------         MODULE        ?C?LSTOPTR
  C:1D19H         PUBLIC        ?C?LSTOPTR
  -------         ENDMOD        ?C?LSTOPTR

  -------         MODULE        ?C?LLDXDATA
  C:1D3DH         PUBLIC        ?C?LLDXDATA
  -------         ENDMOD        ?C?LLDXDATA

  -------         MODULE        ?C?LLDCODE
  C:1D49H         PUBLIC        ?C?LLDCODE
  -------         ENDMOD        ?C?LLDCODE

  -------         MODULE        ?C?LLDXDATA0
  C:1D59H         PUBLIC        ?C?LLDXDATA0
  -------         ENDMOD        ?C?LLDXDATA0

  -------         MODULE        ?C?LLDCODE0
  C:1D65H         PUBLIC        ?C?LLDCODE0
  -------         ENDMOD        ?C?LLDCODE0

  -------         MODULE        ?C?LLDPTR0
  C:1D75H         PUBLIC        ?C?LLDPTR0
  -------         ENDMOD        ?C?LLDPTR0

  -------         MODULE        ?C?LSTXDATA
  C:1D95H         PUBLIC        ?C?LSTXDATA
  -------         ENDMOD        ?C?LSTXDATA

BL51 BANKED LINKER/LOCATER V6.22                                                      02/22/2019  10:58:37  PAGE 51


  -------         MODULE        ?C?LSTKXDATA
  C:1DA1H         PUBLIC        ?C?LSTKXDATA
  -------         ENDMOD        ?C?LSTKXDATA

  -------         MODULE        ?C?LSTKPTR
  C:1DD2H         PUBLIC        ?C?LSTKPTR
  -------         ENDMOD        ?C?LSTKPTR

  -------         MODULE        ?C?OFFXADD
  C:1DECH         PUBLIC        ?C?OFFXADD
  -------         ENDMOD        ?C?OFFXADD

  -------         MODULE        ABS
  C:4CA2H         PUBLIC        _ABS
  -------         ENDMOD        ABS

  -------         MODULE        ATOI
  C:3F0AH         PUBLIC        _atoi
  -------         ENDMOD        ATOI

  -------         MODULE        ?C?IILDX
  C:1DF8H         PUBLIC        ?C?IILDX
  -------         ENDMOD        ?C?IILDX

  -------         MODULE        ?C?ULDIV
  C:1E4AH         PUBLIC        ?C?ULDIV
  -------         ENDMOD        ?C?ULDIV

  -------         MODULE        ?C?LLDIDATA
  C:1EDCH         PUBLIC        ?C?LLDIDATA
  -------         ENDMOD        ?C?LLDIDATA

  -------         MODULE        ?C?LLDPDATA
  C:1EE8H         PUBLIC        ?C?LLDPDATA
  -------         ENDMOD        ?C?LLDPDATA

  -------         MODULE        ?C?LLDIDATA0
  C:1EF4H         PUBLIC        ?C?LLDIDATA0
  -------         ENDMOD        ?C?LLDIDATA0

  -------         MODULE        ?C?LLDPDATA0
  C:1F01H         PUBLIC        ?C?LLDPDATA0
  -------         ENDMOD        ?C?LLDPDATA0

  -------         MODULE        ?C?LSTIDATA
  C:1F0EH         PUBLIC        ?C?LSTIDATA
  -------         ENDMOD        ?C?LSTIDATA

  -------         MODULE        ?C?LSTPDATA
  C:1F1AH         PUBLIC        ?C?LSTPDATA
  -------         ENDMOD        ?C?LSTPDATA

  -------         MODULE        ?C?LSTKIDATA
  C:1F26H         PUBLIC        ?C?LSTKIDATA
  -------         ENDMOD        ?C?LSTKIDATA

  -------         MODULE        ?C?LSTKPDATA
BL51 BANKED LINKER/LOCATER V6.22                                                      02/22/2019  10:58:37  PAGE 52


  C:1F3FH         PUBLIC        ?C?LSTKPDATA
  -------         ENDMOD        ?C?LSTKPDATA

  -------         MODULE        ISDIGIT
  C:4C7AH         PUBLIC        _isdigit
  -------         ENDMOD        ISDIGIT

  -------         MODULE        ISSPACE
  C:4C15H         PUBLIC        _isspace
  -------         ENDMOD        ISSPACE

*** WARNING L16: UNCALLED SEGMENT, IGNORED FOR OVERLAY PROCESS
    SEGMENT: ?PR?_DISPLAY_PROX?MAIN

*** WARNING L16: UNCALLED SEGMENT, IGNORED FOR OVERLAY PROCESS
    SEGMENT: ?PR?_DAY_OF_YEAR?PCF85063BTL

*** WARNING L16: UNCALLED SEGMENT, IGNORED FOR OVERLAY PROCESS
    SEGMENT: ?PR?INITUART1?UART1

*** WARNING L16: UNCALLED SEGMENT, IGNORED FOR OVERLAY PROCESS
    SEGMENT: ?PR?_SENDSTRING?UART1

*** WARNING L16: UNCALLED SEGMENT, IGNORED FOR OVERLAY PROCESS
    SEGMENT: ?PR?_TEN?UART1

*** WARNING L16: UNCALLED SEGMENT, IGNORED FOR OVERLAY PROCESS
    SEGMENT: ?PR?_UNIT?UART1

*** WARNING L16: UNCALLED SEGMENT, IGNORED FOR OVERLAY PROCESS
    SEGMENT: ?PR?_DECTOBCD?UART1

*** WARNING L16: UNCALLED SEGMENT, IGNORED FOR OVERLAY PROCESS
    SEGMENT: ?PR?_ASCII_LETTER?UART1

*** WARNING L16: UNCALLED SEGMENT, IGNORED FOR OVERLAY PROCESS
    SEGMENT: ?PR?_ASCIITOBCD?UART1

*** WARNING L16: UNCALLED SEGMENT, IGNORED FOR OVERLAY PROCESS
    SEGMENT: ?PR?WAIT?BIPOLARMOTOR

*** WARNING L16: UNCALLED SEGMENT, IGNORED FOR OVERLAY PROCESS
    SEGMENT: ?PR?_FINDDET4X4?BIPOLARMOTOR

*** WARNING L16: UNCALLED SEGMENT, IGNORED FOR OVERLAY PROCESS
    SEGMENT: ?PR?NOP?IOEXPANDER_PI4IOE5V96248

*** WARNING L16: UNCALLED SEGMENT, IGNORED FOR OVERLAY PROCESS
    SEGMENT: ?PR?UC_ACK?IOEXPANDER_PI4IOE5V96248

*** WARNING L16: UNCALLED SEGMENT, IGNORED FOR OVERLAY PROCESS
    SEGMENT: ?PR?UC_NACK?IOEXPANDER_PI4IOE5V96248

*** WARNING L16: UNCALLED SEGMENT, IGNORED FOR OVERLAY PROCESS
    SEGMENT: ?PR?_AT25SF041_READ?AT25SF041

*** WARNING L1: UNRESOLVED EXTERNAL SYMBOL
BL51 BANKED LINKER/LOCATER V6.22                                                      02/22/2019  10:58:37  PAGE 53


    SYMBOL:  AUTO_MODE
    MODULE:  .\Obj\main.obj (MAIN)

*** WARNING L2: REFERENCE MADE TO UNRESOLVED EXTERNAL
    SYMBOL:  AUTO_MODE
    MODULE:  .\Obj\main.obj (MAIN)
    ADDRESS: 0B41H

*** WARNING L2: REFERENCE MADE TO UNRESOLVED EXTERNAL
    SYMBOL:  AUTO_MODE
    MODULE:  .\Obj\main.obj (MAIN)
    ADDRESS: 0CB6H

*** WARNING L2: REFERENCE MADE TO UNRESOLVED EXTERNAL
    SYMBOL:  AUTO_MODE
    MODULE:  .\Obj\main.obj (MAIN)
    ADDRESS: 0CC4H

*** WARNING L2: REFERENCE MADE TO UNRESOLVED EXTERNAL
    SYMBOL:  AUTO_MODE
    MODULE:  .\Obj\main.obj (MAIN)
    ADDRESS: 0CD6H

*** WARNING L2: REFERENCE MADE TO UNRESOLVED EXTERNAL
    SYMBOL:  AUTO_MODE
    MODULE:  .\Obj\main.obj (MAIN)
    ADDRESS: 0D18H

*** WARNING L2: REFERENCE MADE TO UNRESOLVED EXTERNAL
    SYMBOL:  AUTO_MODE
    MODULE:  .\Obj\main.obj (MAIN)
    ADDRESS: 0DEBH

*** WARNING L1: UNRESOLVED EXTERNAL SYMBOL
    SYMBOL:  _SENDUART1
    MODULE:  .\Obj\UART1.obj (UART1)

*** WARNING L2: REFERENCE MADE TO UNRESOLVED EXTERNAL
    SYMBOL:  _SENDUART1
    MODULE:  .\Obj\UART1.obj (UART1)
    ADDRESS: 49E3H

*** WARNING L1: UNRESOLVED EXTERNAL SYMBOL
    SYMBOL:  AUTO_MODE
    MODULE:  .\Obj\KeyPad.obj (KEYPAD)

*** WARNING L2: REFERENCE MADE TO UNRESOLVED EXTERNAL
    SYMBOL:  AUTO_MODE
    MODULE:  .\Obj\KeyPad.obj (KEYPAD)
    ADDRESS: 3102H

*** WARNING L2: REFERENCE MADE TO UNRESOLVED EXTERNAL
    SYMBOL:  AUTO_MODE
    MODULE:  .\Obj\KeyPad.obj (KEYPAD)
    ADDRESS: 310DH

*** WARNING L2: REFERENCE MADE TO UNRESOLVED EXTERNAL
BL51 BANKED LINKER/LOCATER V6.22                                                      02/22/2019  10:58:37  PAGE 54


    SYMBOL:  AUTO_MODE
    MODULE:  .\Obj\KeyPad.obj (KEYPAD)
    ADDRESS: 3114H

Program Size: data=10.2 xdata=1591 code=19668
LINK/LOCATE RUN COMPLETE.  28 WARNING(S),  0 ERROR(S)
