BL51 BANKED LINKER/LOCATER V6.22                                                        05/01/2019  10:51:11  PAGE 1


BL51 BANKED LINKER/LOCATER V6.22, INVOKED BY:
C:\KEIL_V5\C51\BIN\BL51.EXE .\Obj\main.obj, .\Obj\PCF85063BTL.obj, .\Obj\UART1.obj, .\Obj\LCd_Driver_SPLC780D.obj, .\Obj
>> \KeyPad.obj, .\Obj\BipolarMotor.obj, .\Obj\SunPos.obj, .\Obj\ADC.obj, .\Obj\Calibration.obj, .\Obj\IOExpander_PI4IOE5
>> V96248.obj, .\Obj\AT25SF041.obj, .\Obj\SI1120.obj, .\Obj\STARTUP.obj TO .\Obj\GPIO_RTC_Test PRINT (.\Lis\GPIO_RTC_Tes
>> t.m51) RAMSIZE (256)


MEMORY MODEL: LARGE WITH FLOATING POINT ARITHMETIC


INPUT MODULES INCLUDED:
  .\Obj\main.obj (MAIN)
  .\Obj\PCF85063BTL.obj (PCF85063BTL)
  .\Obj\UART1.obj (UART1)
  .\Obj\LCd_Driver_SPLC780D.obj (LCD_DRIVER_SPLC780D)
  .\Obj\KeyPad.obj (KEYPAD)
  .\Obj\BipolarMotor.obj (BIPOLARMOTOR)
  .\Obj\SunPos.obj (SUNPOS)
  .\Obj\ADC.obj (ADC)
  .\Obj\Calibration.obj (CALIBRATION)
  .\Obj\IOExpander_PI4IOE5V96248.obj (IOEXPANDER_PI4IOE5V96248)
  .\Obj\AT25SF041.obj (AT25SF041)
  .\Obj\SI1120.obj (SI1120)
  .\Obj\STARTUP.obj (?C_STARTUP)
  C:\KEIL_V5\C51\LIB\C51FPL.LIB (?C?FPADD)
  C:\KEIL_V5\C51\LIB\C51FPL.LIB (?C?FPMUL)
  C:\KEIL_V5\C51\LIB\C51FPL.LIB (?C?FPDIV)
  C:\KEIL_V5\C51\LIB\C51FPL.LIB (?C?FPCMP)
  C:\KEIL_V5\C51\LIB\C51FPL.LIB (?C?FPNEG)
  C:\KEIL_V5\C51\LIB\C51FPL.LIB (?C?FCAST)
  C:\KEIL_V5\C51\LIB\C51FPL.LIB (?C?CASTF)
  C:\KEIL_V5\C51\LIB\C51FPL.LIB (ATAN2)
  C:\KEIL_V5\C51\LIB\C51FPL.LIB (SIN)
  C:\KEIL_V5\C51\LIB\C51FPL.LIB (ACOS)
  C:\KEIL_V5\C51\LIB\C51FPL.LIB (ASIN)
  C:\KEIL_V5\C51\LIB\C51FPL.LIB (?C?FPGETOPN)
  C:\KEIL_V5\C51\LIB\C51FPL.LIB (?C?FPSERIES)
  C:\KEIL_V5\C51\LIB\C51FPL.LIB (SQRT)
  C:\KEIL_V5\C51\LIB\C51FPL.LIB (ATAN)
  C:\KEIL_V5\C51\LIB\C51L.LIB (?C_INIT)
  C:\KEIL_V5\C51\LIB\C51L.LIB (?C?COPY)
  C:\KEIL_V5\C51\LIB\C51L.LIB (?C?CLDPTR)
  C:\KEIL_V5\C51\LIB\C51L.LIB (?C?CLDOPTR)
  C:\KEIL_V5\C51\LIB\C51L.LIB (?C?CSTPTR)
  C:\KEIL_V5\C51\LIB\C51L.LIB (?C?IMUL)
  C:\KEIL_V5\C51\LIB\C51L.LIB (?C?UIDIV)
  C:\KEIL_V5\C51\LIB\C51L.LIB (?C?SIDIV)
  C:\KEIL_V5\C51\LIB\C51L.LIB (?C?ILDIX)
  C:\KEIL_V5\C51\LIB\C51L.LIB (?C?ILDOPTR)
  C:\KEIL_V5\C51\LIB\C51L.LIB (?C?ISTPTR)
  C:\KEIL_V5\C51\LIB\C51L.LIB (?C?LMUL)
  C:\KEIL_V5\C51\LIB\C51L.LIB (?C?SLDIV)
  C:\KEIL_V5\C51\LIB\C51L.LIB (?C?LNEG)
  C:\KEIL_V5\C51\LIB\C51L.LIB (?C?ULCMP)
  C:\KEIL_V5\C51\LIB\C51L.LIB (?C?LSHL)
  C:\KEIL_V5\C51\LIB\C51L.LIB (?C?LLDPTR)
  C:\KEIL_V5\C51\LIB\C51L.LIB (?C?LLDOPTR)
  C:\KEIL_V5\C51\LIB\C51L.LIB (?C?LSTPTR)
BL51 BANKED LINKER/LOCATER V6.22                                                      05/01/2019  10:51:11  PAGE 2


  C:\KEIL_V5\C51\LIB\C51L.LIB (?C?LSTOPTR)
  C:\KEIL_V5\C51\LIB\C51L.LIB (?C?LLDXDATA)
  C:\KEIL_V5\C51\LIB\C51L.LIB (?C?LLDCODE)
  C:\KEIL_V5\C51\LIB\C51L.LIB (?C?LLDXDATA0)
  C:\KEIL_V5\C51\LIB\C51L.LIB (?C?LLDCODE0)
  C:\KEIL_V5\C51\LIB\C51L.LIB (?C?LLDPTR0)
  C:\KEIL_V5\C51\LIB\C51L.LIB (?C?LSTXDATA)
  C:\KEIL_V5\C51\LIB\C51L.LIB (?C?LSTKXDATA)
  C:\KEIL_V5\C51\LIB\C51L.LIB (?C?LSTKPTR)
  C:\KEIL_V5\C51\LIB\C51L.LIB (?C?OFFXADD)
  C:\KEIL_V5\C51\LIB\C51L.LIB (ATOI)
  C:\KEIL_V5\C51\LIB\C51L.LIB (?C?IILDX)
  C:\KEIL_V5\C51\LIB\C51L.LIB (?C?ULDIV)
  C:\KEIL_V5\C51\LIB\C51L.LIB (?C?LLDIDATA)
  C:\KEIL_V5\C51\LIB\C51L.LIB (?C?LLDPDATA)
  C:\KEIL_V5\C51\LIB\C51L.LIB (?C?LLDIDATA0)
  C:\KEIL_V5\C51\LIB\C51L.LIB (?C?LLDPDATA0)
  C:\KEIL_V5\C51\LIB\C51L.LIB (?C?LSTIDATA)
  C:\KEIL_V5\C51\LIB\C51L.LIB (?C?LSTPDATA)
  C:\KEIL_V5\C51\LIB\C51L.LIB (?C?LSTKIDATA)
  C:\KEIL_V5\C51\LIB\C51L.LIB (?C?LSTKPDATA)
  C:\KEIL_V5\C51\LIB\C51L.LIB (ISDIGIT)
  C:\KEIL_V5\C51\LIB\C51L.LIB (ISSPACE)


LINK MAP OF MODULE:  .\Obj\GPIO_RTC_Test (MAIN)


            TYPE    BASE      LENGTH    RELOCATION   SEGMENT NAME
            -----------------------------------------------------

            * * * * * * *   D A T A   M E M O R Y   * * * * * * *
            REG     0000H     0008H     ABSOLUTE     "REG BANK 0"
                    0008H     0018H                  *** GAP ***
            BIT     0020H.0   0000H.3   UNIT         ?BI?KEYPAD
            BIT     0020H.3   0000H.3   UNIT         _BIT_GROUP_
            BIT     0020H.6   0000H.1   UNIT         ?BI?MAIN
            BIT     0020H.7   0000H.1   UNIT         ?BI?_ATOI?ATOI
            IDATA   0021H     0001H     UNIT         ?STACK

            * * * * * * *  X D A T A   M E M O R Y  * * * * * * *
            XDATA   0000H     03BCH     UNIT         ?XD?BIPOLARMOTOR
            XDATA   03BCH     0117H     UNIT         _XDATA_GROUP_
            XDATA   04D3H     0107H     UNIT         ?XD?MAIN
            XDATA   05DAH     0011H     UNIT         ?XD?KEYPAD
            XDATA   05EBH     0008H     UNIT         ?XD?_AT25SF041_READ?AT25SF041
            XDATA   05F3H     0005H     UNIT         ?XD?_ATOI?ATOI
            XDATA   05F8H     0003H     UNIT         ?XD?_SENDSTRING?UART1
            XDATA   05FBH     0001H     UNIT         ?XD?UC_ACK?IOEXPANDER_PI4IOE5V96248
            XDATA   05FCH     0001H     UNIT         ?XD?UC_NACK?IOEXPANDER_PI4IOE5V96248

            * * * * * * *   C O D E   M E M O R Y   * * * * * * *
            CODE    0000H     0003H     ABSOLUTE     
            CODE    0003H     0003H     ABSOLUTE     
            CODE    0006H     0005H     UNIT         ?PR?_UNIT?UART1
            CODE    000BH     0003H     ABSOLUTE     
            CODE    000EH     0BC6H     UNIT         ?PR?MAIN?MAIN
BL51 BANKED LINKER/LOCATER V6.22                                                      05/01/2019  10:51:11  PAGE 3


            CODE    0BD4H     09B6H     UNIT         ?C?LIB_CODE
            CODE    158AH     07A2H     UNIT         ?PR?SUNPOS?SUNPOS
            CODE    1D2CH     0646H     UNIT         ?PR?_UPDATE_POSITION?BIPOLARMOTOR
            CODE    2372H     04FBH     UNIT         ?PR?_THEORICALJP_POSITION?BIPOLARMOTOR
            CODE    286DH     044AH     UNIT         ?PR?_FIND_REAL_MAX?CALIBRATION
            CODE    2CB7H     0401H     UNIT         ?C_INITSEG
            CODE    30B8H     03A4H     UNIT         ?PR?KEY_PROCESS?KEYPAD
            CODE    345CH     0380H     UNIT         ?PR?_ELEVATION_CALCULATION?BIPOLARMOTOR
            CODE    37DCH     01B3H     UNIT         ?PR?_CALIBRATION?CALIBRATION
            CODE    398FH     018DH     UNIT         ?PR?KEY_SCAN?KEYPAD
            CODE    3B1CH     0189H     UNIT         ?PR?SPI_NOR_WRITE_DATA?AT25SF041
            CODE    3CA5H     0188H     UNIT         ?PR?SIN?SIN
            CODE    3E2DH     0162H     UNIT         ?PR?_DISPLAY_POS?LCD_DRIVER_SPLC780D
            CODE    3F8FH     0122H     UNIT         ?PR?ATAN?ATAN
            CODE    40B1H     0110H     UNIT         ?PR?_AT25SF041_READ?AT25SF041
            CODE    41C1H     0102H     UNIT         ?PR?_AT25SF041_WRITE?AT25SF041
            CODE    42C3H     00DBH     UNIT         ?PR?_ATOI?ATOI
            CODE    439EH     00C3H     UNIT         ?PR?LINEAR_INTERPOLATE?BIPOLARMOTOR
            CODE    4461H     00BBH     UNIT         ?PR?VOLTAGE_IS_STABLE?CALIBRATION
            CODE    451CH     00ADH     UNIT         ?PR?_WRITE_PI4IOE5V96248?IOEXPANDER_PI4IOE5V96248
            CODE    45C9H     00ACH     UNIT         ?PR?SQRT?SQRT
            CODE    4675H     00A1H     UNIT         ?PR?UCREAD_STATUS_REGISTER_BYTE1?AT25SF041
            CODE    4716H     009DH     UNIT         ?PR?_ATAN2?ATAN2
            CODE    47B3H     009CH     UNIT         ?PR?_MAX_VALUE?CALIBRATION
            CODE    484FH     008CH     UNIT         ?C_C51STARTUP
            CODE    48DBH     0088H     UNIT         ?PR?_DAY_OF_YEAR?PCF85063BTL
            CODE    4963H     0079H     UNIT         ?PR?_WRITEDATA?LCD_DRIVER_SPLC780D
            CODE    49DCH     0072H     UNIT         ?PR?AT25SF041_WRITEENABLE?AT25SF041
            CODE    4A4EH     006FH     UNIT         ?PR?_READ_TIME?PCF85063BTL
            CODE    4ABDH     005AH     UNIT         ?PR?AT25SF041_CHIPERASE?AT25SF041
            CODE    4B17H     0059H     UNIT         ?PR?LCD_INIT?LCD_DRIVER_SPLC780D
            CODE    4B70H     004AH     UNIT         ?PR?VONESTEPMOVE?BIPOLARMOTOR
            CODE    4BBAH     004AH     UNIT         ?PR?ACOS?ACOS
            CODE    4C04H     0044H     UNIT         ?C?LDIV
            CODE    4C48H     0040H     UNIT         ?PR?_COMMAND?LCD_DRIVER_SPLC780D
            CODE    4C88H     0040H     UNIT         ?PR?_STEP_MOVE?BIPOLARMOTOR
            CODE    4CC8H     003DH     UNIT         ?PR?EXINT0?MAIN
            CODE    4D05H     003BH     UNIT         ?PR?ASIN?ASIN
            CODE    4D40H     0033H     UNIT         ?PR?_SENDSTRING?UART1
            CODE    4D73H     002CH     UNIT         ?PR?_ADC_GETRESULT?ADC
            CODE    4D9FH     002BH     UNIT         ?PR?_WAIT_MS_I2C?IOEXPANDER_PI4IOE5V96248
            CODE    4DCAH     002BH     UNIT         ?PR?_WAIT_MS_SPINOR?AT25SF041
            CODE    4DF5H     0028H     UNIT         ?PR?_MOVE?BIPOLARMOTOR
            CODE    4E1DH     0027H     UNIT         ?PR?_I2C_SENDBYTE?IOEXPANDER_PI4IOE5V96248
            CODE    4E44H     0026H     UNIT         ?PR?TM0_ISR?MAIN
            CODE    4E6AH     0025H     UNIT         ?PR?_FINDCLOSESTSAMEDAYCALIBTIME?CALIBRATION
            CODE    4E8FH     0024H     UNIT         ?PR?_WAIT_MS?LCD_DRIVER_SPLC780D
            CODE    4EB3H     0020H     UNIT         ?PR?_SPI_SENDBYTE?PCF85063BTL
            CODE    4ED3H     0020H     UNIT         ?PR?SPI_RECEIVEBYTE?PCF85063BTL
            CODE    4EF3H     001FH     UNIT         ?PR?ADC_INIT?ADC
            CODE    4F12H     001EH     UNIT         ?PR?_DELAY_MS?KEYPAD
            CODE    4F30H     001DH     UNIT         ?PR?_DISPLAYLCD?LCD_DRIVER_SPLC780D
            CODE    4F4DH     001DH     UNIT         ?PR?SI1120_CONFIG_MODE_VIRH?SI1120
            CODE    4F6AH     001BH     UNIT         ?PR?_BCDTODEC1?BIPOLARMOTOR
            CODE    4F85H     0018H     UNIT         ?PR?_SPI_WRITETIME?PCF85063BTL
            CODE    4F9DH     0017H     UNIT         ?PR?_ASCIITOBCD?UART1
            CODE    4FB4H     0016H     UNIT         ?PR?I2C_ACK?IOEXPANDER_PI4IOE5V96248
BL51 BANKED LINKER/LOCATER V6.22                                                      05/01/2019  10:51:11  PAGE 4


            CODE    4FCAH     0015H     UNIT         ?PR?_DISPLAY_LINE?LCD_DRIVER_SPLC780D
            CODE    4FDFH     0015H     UNIT         ?PR?VSETLOCATION?BIPOLARMOTOR
            CODE    4FF4H     0015H     UNIT         ?PR?I2C_STOP?IOEXPANDER_PI4IOE5V96248
            CODE    5009H     0014H     UNIT         ?PR?_PCF85063BTL_DELAY?PCF85063BTL
            CODE    501DH     0014H     UNIT         ?PR?_ABS?LCD_DRIVER_SPLC780D
            CODE    5031H     0014H     UNIT         ?PR?_ISSPACE?ISSPACE
            CODE    5045H     0011H     UNIT         ?PR?_SPI_READTIME?PCF85063BTL
            CODE    5056H     0011H     UNIT         ?PR?_BCDTODEC?PCF85063BTL
            CODE    5067H     0011H     UNIT         ?PR?INITUART1?UART1
            CODE    5078H     000FH     UNIT         ?PR?I2C_START?IOEXPANDER_PI4IOE5V96248
            CODE    5087H     000FH     UNIT         ?PR?UC_NACK?IOEXPANDER_PI4IOE5V96248
            CODE    5096H     000FH     UNIT         ?PR?_ISDIGIT?ISDIGIT
            CODE    50A5H     000DH     UNIT         ?PR?SPI_INIT?PCF85063BTL
            CODE    50B2H     000CH     UNIT         ?PR?KEYPAD_IO_INIT?KEYPAD
            CODE    50BEH     000AH     UNIT         ?PR?LCD_RETURN_HOME?LCD_DRIVER_SPLC780D
            CODE    50C8H     000AH     UNIT         ?PR?LCD_CLEAR?LCD_DRIVER_SPLC780D
            CODE    50D2H     0007H     UNIT         ?PR?ENABLE_EXTINT0?SI1120
            CODE    50D9H     0006H     UNIT         ?PR?_TEN?UART1
            CODE    50DFH     0006H     UNIT         ?PR?UC_ACK?IOEXPANDER_PI4IOE5V96248
            CODE    50E5H     0005H     UNIT         ?PR?_ASCII_LETTER?UART1
            CODE    50EAH     0001H     UNIT         ?PR?_DECTOBCD?UART1
            CODE    50EBH     0001H     UNIT         ?PR?WAIT?BIPOLARMOTOR
            CODE    50ECH     0001H     UNIT         ?PR?NOP?IOEXPANDER_PI4IOE5V96248



OVERLAY MAP OF MODULE:   .\Obj\GPIO_RTC_Test (MAIN)


SEGMENT                                             BIT_GROUP          XDATA_GROUP
  +--> CALLED SEGMENT                            START    LENGTH     START    LENGTH
------------------------------------------------------------------------------------
?C_C51STARTUP                                    -----    -----      -----    -----
  +--> ?PR?MAIN?MAIN
  +--> ?C_INITSEG

?PR?MAIN?MAIN                                    -----    -----      03BCH    002CH
  +--> ?PR?LCD_INIT?LCD_DRIVER_SPLC780D
  +--> ?PR?SPI_INIT?PCF85063BTL
  +--> ?PR?KEYPAD_IO_INIT?KEYPAD
  +--> ?PR?ADC_INIT?ADC
  +--> ?PR?SI1120_CONFIG_MODE_VIRH?SI1120
  +--> ?PR?ENABLE_EXTINT0?SI1120
  +--> ?PR?VSETLOCATION?BIPOLARMOTOR
  +--> ?PR?_SPI_WRITETIME?PCF85063BTL
  +--> ?PR?_DELAY_MS?KEYPAD
  +--> ?PR?_DISPLAY_LINE?LCD_DRIVER_SPLC780D
  +--> ?PR?_WRITEDATA?LCD_DRIVER_SPLC780D
  +--> ?PR?KEY_PROCESS?KEYPAD
  +--> ?PR?_COMMAND?LCD_DRIVER_SPLC780D
  +--> ?PR?_DISPLAY_POS?LCD_DRIVER_SPLC780D
  +--> ?PR?_DISPLAYLCD?LCD_DRIVER_SPLC780D
  +--> ?PR?_STEP_MOVE?BIPOLARMOTOR
  +--> ?PR?LCD_RETURN_HOME?LCD_DRIVER_SPLC780D
  +--> ?PR?_READ_TIME?PCF85063BTL
  +--> ?PR?_ADC_GETRESULT?ADC
  +--> ?PR?_BCDTODEC1?BIPOLARMOTOR
BL51 BANKED LINKER/LOCATER V6.22                                                      05/01/2019  10:51:11  PAGE 5


  +--> ?PR?_ELEVATION_CALCULATION?BIPOLARMOTOR
  +--> ?PR?SIN?SIN
  +--> ?PR?_CALIBRATION?CALIBRATION
  +--> ?PR?AT25SF041_WRITEENABLE?AT25SF041
  +--> ?PR?_AT25SF041_WRITE?AT25SF041
  +--> ?PR?_WAIT_MS_SPINOR?AT25SF041
  +--> ?PR?_UPDATE_POSITION?BIPOLARMOTOR
  +--> ?PR?SPI_NOR_WRITE_DATA?AT25SF041
  +--> ?PR?LINEAR_INTERPOLATE?BIPOLARMOTOR
  +--> ?PR?_FINDCLOSESTSAMEDAYCALIBTIME?CALI...
  +--> ?PR?LCD_CLEAR?LCD_DRIVER_SPLC780D
  +--> ?PR?AT25SF041_CHIPERASE?AT25SF041

?PR?LCD_INIT?LCD_DRIVER_SPLC780D                 -----    -----      -----    -----
  +--> ?PR?_WAIT_MS?LCD_DRIVER_SPLC780D
  +--> ?PR?_COMMAND?LCD_DRIVER_SPLC780D

?PR?_COMMAND?LCD_DRIVER_SPLC780D                 -----    -----      -----    -----
  +--> ?PR?_WAIT_MS?LCD_DRIVER_SPLC780D

?PR?ADC_INIT?ADC                                 -----    -----      -----    -----
  +--> ?PR?_WAIT_MS?LCD_DRIVER_SPLC780D

?PR?SI1120_CONFIG_MODE_VIRH?SI1120               -----    -----      -----    -----
  +--> ?PR?_WAIT_MS?LCD_DRIVER_SPLC780D

?PR?_SPI_WRITETIME?PCF85063BTL                   -----    -----      -----    -----
  +--> ?PR?_SPI_SENDBYTE?PCF85063BTL

?PR?_SPI_SENDBYTE?PCF85063BTL                    -----    -----      -----    -----
  +--> ?PR?_PCF85063BTL_DELAY?PCF85063BTL

?PR?_DISPLAY_LINE?LCD_DRIVER_SPLC780D            -----    -----      -----    -----
  +--> ?PR?_COMMAND?LCD_DRIVER_SPLC780D

?PR?_WRITEDATA?LCD_DRIVER_SPLC780D               -----    -----      04D1H    0001H
  +--> ?PR?_WAIT_MS?LCD_DRIVER_SPLC780D

?PR?KEY_PROCESS?KEYPAD                           -----    -----      03E8H    0006H
  +--> ?PR?KEY_SCAN?KEYPAD
  +--> ?PR?_SPI_WRITETIME?PCF85063BTL
  +--> ?PR?LCD_CLEAR?LCD_DRIVER_SPLC780D
  +--> ?PR?_COMMAND?LCD_DRIVER_SPLC780D
  +--> ?PR?_WRITEDATA?LCD_DRIVER_SPLC780D

?PR?KEY_SCAN?KEYPAD                              -----    -----      03EEH    0003H

?PR?LCD_CLEAR?LCD_DRIVER_SPLC780D                -----    -----      -----    -----
  +--> ?PR?_COMMAND?LCD_DRIVER_SPLC780D

?PR?_DISPLAY_POS?LCD_DRIVER_SPLC780D             -----    -----      04C7H    000AH
  +--> ?PR?_ABS?LCD_DRIVER_SPLC780D
  +--> ?PR?_WRITEDATA?LCD_DRIVER_SPLC780D

?PR?_DISPLAYLCD?LCD_DRIVER_SPLC780D              -----    -----      03E8H    0001H
  +--> ?PR?_WRITEDATA?LCD_DRIVER_SPLC780D

BL51 BANKED LINKER/LOCATER V6.22                                                      05/01/2019  10:51:11  PAGE 6


?PR?_STEP_MOVE?BIPOLARMOTOR                      0020H.4  0000H.1    04CBH    0004H
  +--> ?PR?VONESTEPMOVE?BIPOLARMOTOR

?PR?VONESTEPMOVE?BIPOLARMOTOR                    0020H.5  0000H.1    -----    -----
  +--> ?PR?_WRITE_PI4IOE5V96248?IOEXPANDER_P...
  +--> ?PR?_DELAY_MS?KEYPAD

?PR?_WRITE_PI4IOE5V96248?IOEXPANDER_P...         -----    -----      04CFH    0003H
  +--> ?PR?I2C_START?IOEXPANDER_PI4IOE5V96248
  +--> ?PR?_WAIT_MS_I2C?IOEXPANDER_PI4IOE5V9...
  +--> ?PR?_I2C_SENDBYTE?IOEXPANDER_PI4IOE5V...
  +--> ?PR?I2C_ACK?IOEXPANDER_PI4IOE5V96248
  +--> ?PR?I2C_STOP?IOEXPANDER_PI4IOE5V96248

?PR?I2C_START?IOEXPANDER_PI4IOE5V96248           -----    -----      -----    -----
  +--> ?PR?_WAIT_MS_I2C?IOEXPANDER_PI4IOE5V9...

?PR?_I2C_SENDBYTE?IOEXPANDER_PI4IOE5V...         -----    -----      -----    -----
  +--> ?PR?_WAIT_MS_I2C?IOEXPANDER_PI4IOE5V9...

?PR?I2C_ACK?IOEXPANDER_PI4IOE5V96248             -----    -----      04D2H    0001H
  +--> ?PR?_WAIT_MS_I2C?IOEXPANDER_PI4IOE5V9...

?PR?I2C_STOP?IOEXPANDER_PI4IOE5V96248            -----    -----      -----    -----
  +--> ?PR?_WAIT_MS_I2C?IOEXPANDER_PI4IOE5V9...

?PR?LCD_RETURN_HOME?LCD_DRIVER_SPLC780D          -----    -----      -----    -----
  +--> ?PR?_COMMAND?LCD_DRIVER_SPLC780D

?PR?_READ_TIME?PCF85063BTL                       -----    -----      03E8H    000FH
  +--> ?PR?_SPI_READTIME?PCF85063BTL

?PR?_SPI_READTIME?PCF85063BTL                    -----    -----      -----    -----
  +--> ?PR?_SPI_SENDBYTE?PCF85063BTL
  +--> ?PR?SPI_RECEIVEBYTE?PCF85063BTL

?PR?SPI_RECEIVEBYTE?PCF85063BTL                  -----    -----      -----    -----
  +--> ?PR?_PCF85063BTL_DELAY?PCF85063BTL

?PR?_ELEVATION_CALCULATION?BIPOLARMOTOR          -----    -----      03E8H    0005H
  +--> ?PR?_BCDTODEC1?BIPOLARMOTOR
  +--> ?PR?SUNPOS?SUNPOS
  +--> ?PR?SIN?SIN
  +--> ?PR?ASIN?ASIN

?PR?SUNPOS?SUNPOS                                -----    -----      043AH    005DH
  +--> ?PR?SIN?SIN
  +--> ?PR?_ATAN2?ATAN2
  +--> ?PR?ASIN?ASIN
  +--> ?PR?ACOS?ACOS

?PR?SIN?SIN                                      0020H.3  0000H.1    0497H    0004H

?PR?_ATAN2?ATAN2                                 -----    -----      0497H    0008H
  +--> ?PR?ATAN?ATAN

?PR?ATAN?ATAN                                    0020H.3  0000H.2    049FH    0004H
BL51 BANKED LINKER/LOCATER V6.22                                                      05/01/2019  10:51:11  PAGE 7



?PR?ASIN?ASIN                                    -----    -----      -----    -----
  +--> ?PR?SQRT?SQRT
  +--> ?PR?ATAN?ATAN

?PR?SQRT?SQRT                                    -----    -----      0497H    0004H

?PR?ACOS?ACOS                                    -----    -----      -----    -----
  +--> ?PR?SQRT?SQRT
  +--> ?PR?ATAN?ATAN

?PR?_CALIBRATION?CALIBRATION                     -----    -----      03E8H    0024H
  +--> ?PR?VOLTAGE_IS_STABLE?CALIBRATION
  +--> ?PR?_UPDATE_POSITION?BIPOLARMOTOR
  +--> ?PR?_FIND_REAL_MAX?CALIBRATION

?PR?VOLTAGE_IS_STABLE?CALIBRATION                -----    -----      040CH    0018H
  +--> ?PR?_ADC_GETRESULT?ADC
  +--> ?PR?_ABS?LCD_DRIVER_SPLC780D

?PR?_UPDATE_POSITION?BIPOLARMOTOR                -----    -----      040CH    002EH
  +--> ?PR?_BCDTODEC1?BIPOLARMOTOR
  +--> ?PR?SUNPOS?SUNPOS
  +--> ?PR?SIN?SIN
  +--> ?PR?ASIN?ASIN
  +--> ?PR?_THEORICALJP_POSITION?BIPOLARMOTOR
  +--> ?PR?_ABS?LCD_DRIVER_SPLC780D
  +--> ?PR?_MOVE?BIPOLARMOTOR

?PR?_THEORICALJP_POSITION?BIPOLARMOTOR           -----    -----      043AH    005CH
  +--> ?PR?LINEAR_INTERPOLATE?BIPOLARMOTOR

?PR?LINEAR_INTERPOLATE?BIPOLARMOTOR              -----    -----      0496H    0014H

?PR?_MOVE?BIPOLARMOTOR                           0020H.3  0000H.1    04C7H    0004H
  +--> ?PR?_STEP_MOVE?BIPOLARMOTOR

?PR?_FIND_REAL_MAX?CALIBRATION                   -----    -----      040CH    00BBH
  +--> ?PR?_ADC_GETRESULT?ADC
  +--> ?PR?_WAIT_MS?LCD_DRIVER_SPLC780D
  +--> ?PR?AT25SF041_WRITEENABLE?AT25SF041
  +--> ?PR?_AT25SF041_WRITE?AT25SF041
  +--> ?PR?_WAIT_MS_SPINOR?AT25SF041
  +--> ?PR?_COMMAND?LCD_DRIVER_SPLC780D
  +--> ?PR?_WRITEDATA?LCD_DRIVER_SPLC780D
  +--> ?PR?_DISPLAY_POS?LCD_DRIVER_SPLC780D
  +--> ?PR?_MOVE?BIPOLARMOTOR
  +--> ?PR?_MAX_VALUE?CALIBRATION

?PR?AT25SF041_WRITEENABLE?AT25SF041              -----    -----      04C7H    0002H
  +--> ?PR?_WAIT_MS_SPINOR?AT25SF041
  +--> ?PR?UCREAD_STATUS_REGISTER_BYTE1?AT25...

?PR?UCREAD_STATUS_REGISTER_BYTE1?AT25...         -----    -----      04CFH    0003H
  +--> ?PR?_WAIT_MS_SPINOR?AT25SF041

?PR?_AT25SF041_WRITE?AT25SF041                   -----    -----      04C7H    0008H
BL51 BANKED LINKER/LOCATER V6.22                                                      05/01/2019  10:51:11  PAGE 8


  +--> ?PR?_WAIT_MS_SPINOR?AT25SF041
  +--> ?PR?UCREAD_STATUS_REGISTER_BYTE1?AT25...

?PR?_MAX_VALUE?CALIBRATION                       -----    -----      04C7H    0004H

?PR?SPI_NOR_WRITE_DATA?AT25SF041                 -----    -----      03E8H    000EH
  +--> ?PR?AT25SF041_WRITEENABLE?AT25SF041
  +--> ?PR?_AT25SF041_WRITE?AT25SF041
  +--> ?PR?_WAIT_MS_SPINOR?AT25SF041

?PR?AT25SF041_CHIPERASE?AT25SF041                -----    -----      03E8H    0002H
  +--> ?PR?_WAIT_MS_SPINOR?AT25SF041
  +--> ?PR?UCREAD_STATUS_REGISTER_BYTE1?AT25...



UNRESOLVED EXTERNAL SYMBOLS:
   SPI_NOR_CLEARENABLE
   _SENDUART1



SYMBOL TABLE OF MODULE:  .\Obj\GPIO_RTC_Test (MAIN)

  VALUE           TYPE          NAME
  ----------------------------------

  -------         MODULE        MAIN
  C:0000H         SYMBOL        _ICE_DUMMY_
  X:04DBH         PUBLIC        calib_value
  D:0080H         PUBLIC        P0
  D:00B2H         PUBLIC        P3M0
  D:0090H         PUBLIC        P1
  D:00B1H         PUBLIC        P3M1
  D:00A0H         PUBLIC        P2
  D:00B0H         PUBLIC        P3
  D:00C0H         PUBLIC        P4
  D:00C8H         PUBLIC        P5
  X:052FH         SYMBOL        PressedKey
  B:00A8H.7       PUBLIC        EA
  D:00E8H         PUBLIC        P6
  X:0533H         PUBLIC        calib_stamp
  D:00F8H         PUBLIC        P7
  X:0534H         PUBLIC        calib_bool
  X:055EH         PUBLIC        RX_Data_Uart_Cnt
  D:00A8H         PUBLIC        IE
  X:0560H         PUBLIC        calib_time
  D:00B8H         PUBLIC        IP
  B:00B0H.2       PUBLIC        INT0
  X:05B4H         PUBLIC        months
  D:00D8H         PUBLIC        CCON
  C:000EH         PUBLIC        main
  X:05B5H         PUBLIC        count
  X:05B7H         PUBLIC        days
  X:05B8H         PUBLIC        hours
  D:0098H         PUBLIC        SCON
  D:0089H         PUBLIC        TMOD
BL51 BANKED LINKER/LOCATER V6.22                                                      05/01/2019  10:51:11  PAGE 9


  D:0088H         PUBLIC        TCON
  B:00A0H.3       PUBLIC        P23
  X:05B9H         SYMBOL        KeyCount
  X:05BBH         PUBLIC        mins
  X:05BCH         PUBLIC        Rec_data_hour
  B:00C8H.5       PUBLIC        P55
  X:05BFH         PUBLIC        Rec_data_min
  D:008EH         PUBLIC        AUXR
  C:4E44H         PUBLIC        tm0_isr
  B:0020H.6       PUBLIC        busy
  B:00A8H.1       PUBLIC        ET0
  X:05C2H         PUBLIC        SPI_NOR_INTERNAL_FLASH_ADDR
  D:008CH         PUBLIC        TH0
  X:05C6H         PUBLIC        hour_count
  D:008AH         PUBLIC        TL0
  X:05C7H         PUBLIC        min_count
  B:0088H.4       PUBLIC        TR0
  C:4CC8H         PUBLIC        exint0
  X:05C8H         SYMBOL        KeyNum
  X:05C9H         SYMBOL        KeyNum_Old
  X:05CAH         PUBLIC        timer0_count
  X:05CCH         PUBLIC        current_position
  X:05D0H         PUBLIC        hours1
  X:05D1H         PUBLIC        hours2
  X:05D2H         PUBLIC        pwm_time
  X:05D4H         PUBLIC        mins1
  X:05D5H         PUBLIC        mins2
  X:05D6H         PUBLIC        start_timer0_count
  X:05D7H         PUBLIC        seconds
  X:05D8H         PUBLIC        st_time
  D:00D0H         PUBLIC        PSW
  -------         PROC          TM0_ISR
  C:4E44H         LINE#         91
  C:4E4CH         LINE#         93
  C:4E53H         LINE#         94
  C:4E61H         LINE#         95
  -------         ENDPROC       TM0_ISR
  -------         PROC          EXINT0
  C:4CC8H         LINE#         97
  C:4CD5H         LINE#         101
  C:4CD8H         LINE#         102
  C:4CD8H         LINE#         103
  C:4CE7H         LINE#         104
  C:4CEEH         LINE#         105
  C:4CF2H         LINE#         106
  C:4CF4H         LINE#         109
  C:4CF4H         LINE#         111
  C:4CFAH         LINE#         113
  C:4CFAH         LINE#         115
  -------         ENDPROC       EXINT0
  -------         PROC          MAIN
  -------         DO            
  X:03BCH         SYMBOL        sunlight_ADC
  X:04D3H         SYMBOL        KeyCount
  X:04D5H         SYMBOL        KeyNum_Old
  X:04D6H         SYMBOL        KeyNum
  X:04D7H         SYMBOL        PressedKey
BL51 BANKED LINKER/LOCATER V6.22                                                      05/01/2019  10:51:11  PAGE 10


  X:03BEH         SYMBOL        prox_flag
  X:03BFH         SYMBOL        iUse_prevday_calib_value
  X:03C1H         SYMBOL        max_ADC_Val_JP
  X:03C3H         SYMBOL        max_ADC_Val
  X:03C5H         SYMBOL        calib_point1
  X:03CDH         SYMBOL        calib_point2
  X:03D5H         SYMBOL        dat_to_store
  X:03E0H         SYMBOL        calib_day
  X:03E2H         SYMBOL        calib_count
  X:03E4H         SYMBOL        theorical_JP_max_pos
  D:0004H         SYMBOL        elevation
  -------         ENDDO         
  C:000EH         LINE#         117
  C:000EH         LINE#         118
  C:000EH         LINE#         123
  C:0014H         LINE#         124
  C:0019H         LINE#         126
  C:0021H         LINE#         130
  C:0027H         LINE#         131
  C:0031H         LINE#         138
  C:0033H         LINE#         139
  C:0035H         LINE#         140
  C:0037H         LINE#         142
  C:003CH         LINE#         151
  C:003EH         LINE#         152
  C:0041H         LINE#         153
  C:0044H         LINE#         154
  C:0047H         LINE#         155
  C:004AH         LINE#         156
  C:004DH         LINE#         159
  C:0050H         LINE#         162
  C:0053H         LINE#         163
  C:0056H         LINE#         165
  C:0059H         LINE#         167
  C:005CH         LINE#         168
  C:005FH         LINE#         169
  C:0062H         LINE#         170
  C:0065H         LINE#         171
  C:0067H         LINE#         172
  C:0069H         LINE#         174
  C:006BH         LINE#         175
  C:0072H         LINE#         176
  C:0079H         LINE#         177
  C:0080H         LINE#         178
  C:0087H         LINE#         182
  C:008EH         LINE#         183
  C:0093H         LINE#         184
  C:0098H         LINE#         185
  C:009DH         LINE#         186
  C:00A2H         LINE#         187
  C:00A7H         LINE#         190
  C:00C0H         LINE#         191
  C:00C0H         LINE#         192
  C:00DCH         LINE#         193
  C:0123H         LINE#         194
  C:0134H         LINE#         197
  C:0134H         LINE#         198
BL51 BANKED LINKER/LOCATER V6.22                                                      05/01/2019  10:51:11  PAGE 11


  C:0134H         LINE#         199
  C:0137H         LINE#         202
  C:0137H         LINE#         205
  C:013CH         LINE#         206
  C:0141H         LINE#         208
  C:0146H         LINE#         209
  C:014BH         LINE#         210
  C:0150H         LINE#         211
  C:0155H         LINE#         213
  C:0166H         LINE#         214
  C:016BH         LINE#         215
  C:0170H         LINE#         217
  C:0177H         LINE#         218
  C:017FH         LINE#         219
  C:0184H         LINE#         220
  C:018CH         LINE#         221
  C:0191H         LINE#         222
  C:019BH         LINE#         223
  C:01A0H         LINE#         224
  C:01A8H         LINE#         226
  C:01B0H         LINE#         227
  C:01B5H         LINE#         228
  C:01BFH         LINE#         229
  C:01BFH         LINE#         230
  C:01C1H         LINE#         231
  C:01C3H         LINE#         232
  C:01CDH         LINE#         233
  C:01CDH         LINE#         234
  C:01D2H         LINE#         235
  C:01D2H         LINE#         247
  C:01DFH         LINE#         248
  C:01DFH         LINE#         249
  C:01E9H         LINE#         250
  C:0200H         LINE#         251
  C:0200H         LINE#         252
  C:0202H         LINE#         253
  C:0204H         LINE#         255
  C:0204H         LINE#         256
  C:020FH         LINE#         257
  C:020FH         LINE#         258
  C:0214H         LINE#         259
  C:0214H         LINE#         260
  C:0221H         LINE#         261
  C:0221H         LINE#         264
  C:022BH         LINE#         265
  C:0242H         LINE#         266
  C:0242H         LINE#         267
  C:0244H         LINE#         268
  C:0246H         LINE#         270
  C:0246H         LINE#         271
  C:0251H         LINE#         272
  C:0251H         LINE#         273
  C:0256H         LINE#         274
  C:0258H         LINE#         275
  C:0258H         LINE#         277
  C:027AH         LINE#         278
  C:027AH         LINE#         279
BL51 BANKED LINKER/LOCATER V6.22                                                      05/01/2019  10:51:11  PAGE 12


  C:0284H         LINE#         280
  C:028AH         LINE#         281
  C:028CH         LINE#         282
  C:028EH         LINE#         283
  C:0290H         LINE#         284
  C:0290H         LINE#         285
  C:0293H         LINE#         287
  C:0293H         LINE#         288
  C:0299H         LINE#         289
  C:02A1H         LINE#         290
  C:02A7H         LINE#         291
  C:02AFH         LINE#         292
  C:02EAH         LINE#         296
  C:02F7H         LINE#         297
  C:02F7H         LINE#         299
  C:0304H         LINE#         300
  C:0337H         LINE#         301
  C:0337H         LINE#         302
  C:035AH         LINE#         303
  C:035AH         LINE#         304
  C:037CH         LINE#         305
  C:037CH         LINE#         307
  C:039CH         LINE#         309
  C:03D5H         LINE#         310
  C:03D5H         LINE#         311
  C:0451H         LINE#         312
  C:046AH         LINE#         313
  C:04F4H         LINE#         314
  C:04F7H         LINE#         316
  C:04F7H         LINE#         318
  C:04FEH         LINE#         319
  C:04FEH         LINE#         320
  C:0501H         LINE#         321
  C:051FH         LINE#         322
  C:0526H         LINE#         323
  C:0545H         LINE#         324
  C:0564H         LINE#         326
  C:05E0H         LINE#         327
  C:05F8H         LINE#         329
  C:0650H         LINE#         330
  C:0664H         LINE#         331
  C:0671H         LINE#         332
  C:0680H         LINE#         333
  C:0680H         LINE#         335
  C:0688H         LINE#         336
  C:0690H         LINE#         337
  C:0698H         LINE#         338
  C:06A0H         LINE#         340
  C:06B4H         LINE#         341
  C:06CAH         LINE#         342
  C:06FAH         LINE#         343
  C:070EH         LINE#         345
  C:0722H         LINE#         346
  C:0738H         LINE#         347
  C:0768H         LINE#         348
  C:076FH         LINE#         350
  C:0793H         LINE#         353
BL51 BANKED LINKER/LOCATER V6.22                                                      05/01/2019  10:51:11  PAGE 13


  C:0795H         LINE#         355
  C:07A3H         LINE#         356
  C:07A3H         LINE#         357
  C:07ABH         LINE#         359
  C:07ABH         LINE#         362
  C:07ABH         LINE#         363
  C:07B8H         LINE#         364
  C:07B8H         LINE#         365
  C:07DAH         LINE#         366
  C:07DAH         LINE#         367
  C:0856H         LINE#         368
  C:08ABH         LINE#         369
  C:08ABH         LINE#         371
  C:08AEH         LINE#         375
  C:08AEH         LINE#         378
  C:08D0H         LINE#         379
  C:08D0H         LINE#         380
  C:094CH         LINE#         382
  C:0979H         LINE#         383
  C:0994H         LINE#         384
  C:09C1H         LINE#         385
  C:09F4H         LINE#         386
  C:09F4H         LINE#         387
  C:0A1EH         LINE#         388
  C:0AB7H         LINE#         389
  C:0AB9H         LINE#         391
  C:0AB9H         LINE#         392
  C:0B1CH         LINE#         393
  C:0B1CH         LINE#         397
  C:0B1CH         LINE#         399
  C:0B1CH         LINE#         400
  C:0B1CH         LINE#         402
  C:0B1CH         LINE#         405
  C:0B38H         LINE#         406
  C:0B3CH         LINE#         408
  C:0B3EH         LINE#         411
  C:0B49H         LINE#         412
  C:0B49H         LINE#         413
  C:0B4CH         LINE#         414
  C:0B53H         LINE#         415
  C:0B58H         LINE#         416
  C:0B5DH         LINE#         417
  C:0B62H         LINE#         418
  C:0B67H         LINE#         419
  C:0B6CH         LINE#         420
  C:0B71H         LINE#         421
  C:0B76H         LINE#         422
  C:0B7BH         LINE#         423
  C:0B80H         LINE#         424
  C:0B85H         LINE#         425
  C:0B8AH         LINE#         426
  C:0B8FH         LINE#         429
  C:0B92H         LINE#         431
  C:0B95H         LINE#         432
  C:0B9CH         LINE#         433
  C:0BA6H         LINE#         434
  C:0BABH         LINE#         436
BL51 BANKED LINKER/LOCATER V6.22                                                      05/01/2019  10:51:11  PAGE 14


  C:0BAEH         LINE#         437
  C:0BB3H         LINE#         438
  C:0BB8H         LINE#         439
  C:0BBDH         LINE#         440
  C:0BC2H         LINE#         441
  C:0BC7H         LINE#         442
  C:0BCCH         LINE#         443
  C:0BD1H         LINE#         445
  C:0BD1H         LINE#         446
  -------         ENDPROC       MAIN
  -------         ENDMOD        MAIN

  -------         MODULE        PCF85063BTL
  C:0000H         SYMBOL        _ICE_DUMMY_
  D:0096H         PUBLIC        P2M0
  D:0080H         PUBLIC        P0
  D:0095H         PUBLIC        P2M1
  D:0090H         PUBLIC        P1
  D:00A0H         PUBLIC        P2
  D:00B0H         PUBLIC        P3
  D:00C0H         PUBLIC        P4
  D:00C8H         PUBLIC        P5
  D:00E8H         PUBLIC        P6
  B:00A0H.1       PUBLIC        PCF85063BTL_SDI
  D:00F8H         PUBLIC        P7
  B:00A0H.2       PUBLIC        PCF85063BTL_SCK
  B:00A0H.1       PUBLIC        PCF85063BTL_SDO
  D:00A8H         PUBLIC        IE
  C:4A4EH         PUBLIC        _Read_time
  C:500FH         PUBLIC        _PCF85063BTL_Delay
  D:00B8H         PUBLIC        IP
  D:00D8H         PUBLIC        CCON
  C:48DBH         PUBLIC        _Day_Of_Year
  C:4ED3H         PUBLIC        SPI_ReceiveByte
  D:0098H         PUBLIC        SCON
  D:0088H         PUBLIC        TCON
  C:5056H         PUBLIC        _BCDtoDec
  B:00A0H.0       PUBLIC        PCF85063BTL_CS
  C:5045H         PUBLIC        _SPI_ReadTime
  C:50A5H         PUBLIC        SPI_Init
  C:4F85H         PUBLIC        _SPI_WriteTime
  C:4EB3H         PUBLIC        _SPI_SendByte
  D:00D0H         PUBLIC        PSW
  C:500BH         SYMBOL        L?0048
  -------         PROC          L?0047
  -------         ENDPROC       L?0047
  C:500BH         SYMBOL        L?0048
  -------         PROC          _PCF85063BTL_DELAY
  D:0006H         SYMBOL        us
  C:500FH         LINE#         8
  C:500FH         LINE#         9
  C:500FH         LINE#         10
  C:5019H         LINE#         11
  C:5019H         LINE#         12
  C:501AH         LINE#         13
  C:501CH         LINE#         14
  -------         ENDPROC       _PCF85063BTL_DELAY
BL51 BANKED LINKER/LOCATER V6.22                                                      05/01/2019  10:51:11  PAGE 15


  -------         PROC          _SPI_SENDBYTE
  D:0005H         SYMBOL        dat
  -------         DO            
  D:0003H         SYMBOL        i
  -------         ENDDO         
  C:4EB3H         LINE#         17
  C:4EB5H         LINE#         18
  C:4EB5H         LINE#         20
  C:4EB7H         LINE#         21
  C:4EB7H         LINE#         22
  C:4EB9H         LINE#         23
  C:4EBDH         LINE#         24
  C:4EBDH         LINE#         25
  C:4EBFH         LINE#         26
  C:4EC1H         LINE#         28
  C:4EC1H         LINE#         29
  C:4EC3H         LINE#         30
  C:4EC3H         LINE#         31
  C:4EC6H         LINE#         32
  C:4EC6H         LINE#         33
  C:4EC9H         LINE#         34
  C:4ECDH         LINE#         35
  C:4ED2H         LINE#         36
  -------         ENDPROC       _SPI_SENDBYTE
  -------         PROC          SPI_RECEIVEBYTE
  -------         DO            
  D:0003H         SYMBOL        i
  D:0005H         SYMBOL        dat
  -------         ENDDO         
  C:4ED3H         LINE#         39
  C:4ED3H         LINE#         40
  C:4ED3H         LINE#         42
  C:4ED5H         LINE#         44
  C:4ED7H         LINE#         45
  C:4ED8H         LINE#         46
  C:4ED8H         LINE#         47
  C:4EDCH         LINE#         48
  C:4EDEH         LINE#         49
  C:4EE1H         LINE#         51
  C:4EE4H         LINE#         52
  C:4EE4H         LINE#         53
  C:4EE8H         LINE#         54
  C:4EE8H         LINE#         55
  C:4EE8H         LINE#         56
  C:4EEBH         LINE#         57
  C:4EF0H         LINE#         58
  C:4EF2H         LINE#         59
  -------         ENDPROC       SPI_RECEIVEBYTE
  -------         PROC          _SPI_READTIME
  D:0007H         SYMBOL        addr
  -------         DO            
  D:0006H         SYMBOL        dat
  -------         ENDDO         
  C:5045H         LINE#         61
  C:5045H         LINE#         62
  C:5045H         LINE#         64
  C:5047H         LINE#         65
BL51 BANKED LINKER/LOCATER V6.22                                                      05/01/2019  10:51:11  PAGE 16


  C:5049H         LINE#         66
  C:5050H         LINE#         67
  C:5053H         LINE#         68
  C:5055H         LINE#         69
  C:5055H         LINE#         70
  -------         ENDPROC       _SPI_READTIME
  -------         PROC          _SPI_WRITETIME
  D:0002H         SYMBOL        val
  D:0005H         SYMBOL        addr
  C:4F85H         LINE#         71
  C:4F87H         LINE#         72
  C:4F87H         LINE#         74
  C:4F89H         LINE#         75
  C:4F90H         LINE#         76
  C:4F95H         LINE#         77
  C:4F9AH         LINE#         78
  C:4F9CH         LINE#         79
  -------         ENDPROC       _SPI_WRITETIME
  -------         PROC          SPI_INIT
  C:50A5H         LINE#         83
  C:50A5H         LINE#         84
  C:50A5H         LINE#         89
  C:50A8H         LINE#         90
  C:50ABH         LINE#         91
  C:50ADH         LINE#         92
  C:50AFH         LINE#         93
  C:50B1H         LINE#         94
  -------         ENDPROC       SPI_INIT
  -------         PROC          _READ_TIME
  X:03E8H         SYMBOL        months
  X:03EBH         SYMBOL        days
  X:03EEH         SYMBOL        hours
  X:03F1H         SYMBOL        mins
  X:03F4H         SYMBOL        seconds
  C:4A4EH         LINE#         96
  C:4A59H         LINE#         97
  C:4A59H         LINE#         99
  C:4A6DH         LINE#         101
  C:4A81H         LINE#         103
  C:4A95H         LINE#         108
  C:4AA9H         LINE#         113
  -------         ENDPROC       _READ_TIME
  -------         PROC          _BCDTODEC
  D:0007H         SYMBOL        bcd
  -------         DO            
  D:0006H         SYMBOL        hi
  D:0007H         SYMBOL        lo
  -------         ENDDO         
  C:5056H         LINE#         119
  C:5056H         LINE#         120
  C:5056H         LINE#         122
  C:505BH         LINE#         123
  C:505FH         LINE#         124
  C:5066H         LINE#         125
  -------         ENDPROC       _BCDTODEC
  -------         PROC          _DAY_OF_YEAR
  D:0007H         SYMBOL        months_bcd
BL51 BANKED LINKER/LOCATER V6.22                                                      05/01/2019  10:51:11  PAGE 17


  D:0005H         SYMBOL        days_bcd
  -------         DO            
  D:0004H         SYMBOL        months
  D:0007H         SYMBOL        days
  -------         ENDDO         
  C:48DBH         LINE#         126
  C:48DBH         LINE#         127
  C:48DBH         LINE#         130
  C:48E0H         LINE#         132
  C:48E5H         LINE#         134
  C:491EH         LINE#         135
  C:491EH         LINE#         136
  C:491EH         LINE#         137
  C:4921H         LINE#         138
  C:4921H         LINE#         139
  C:4921H         LINE#         140
  C:4926H         LINE#         141
  C:4926H         LINE#         142
  C:4926H         LINE#         143
  C:492BH         LINE#         144
  C:492BH         LINE#         145
  C:492BH         LINE#         146
  C:4930H         LINE#         147
  C:4930H         LINE#         148
  C:4930H         LINE#         149
  C:4935H         LINE#         150
  C:4935H         LINE#         151
  C:4935H         LINE#         152
  C:493AH         LINE#         153
  C:493AH         LINE#         154
  C:493AH         LINE#         155
  C:493FH         LINE#         156
  C:493FH         LINE#         157
  C:493FH         LINE#         158
  C:4944H         LINE#         159
  C:4944H         LINE#         160
  C:4944H         LINE#         161
  C:494CH         LINE#         162
  C:494CH         LINE#         163
  C:494CH         LINE#         164
  C:4951H         LINE#         165
  C:4951H         LINE#         166
  C:4951H         LINE#         167
  C:4956H         LINE#         168
  C:4956H         LINE#         169
  C:4956H         LINE#         170
  C:495FH         LINE#         171
  C:495FH         LINE#         172
  C:495FH         LINE#         173
  C:4962H         LINE#         174
  C:4962H         LINE#         175
  -------         ENDPROC       _DAY_OF_YEAR
  -------         ENDMOD        PCF85063BTL

  -------         MODULE        UART1
  C:0000H         SYMBOL        _ICE_DUMMY_
  D:0080H         PUBLIC        P0
BL51 BANKED LINKER/LOCATER V6.22                                                      05/01/2019  10:51:11  PAGE 18


  D:0090H         PUBLIC        P1
  D:00A0H         PUBLIC        P2
  D:00B0H         PUBLIC        P3
  D:00C0H         PUBLIC        P4
  D:00C8H         PUBLIC        P5
  B:00A8H.7       PUBLIC        EA
  D:00E8H         PUBLIC        P6
  D:00F8H         PUBLIC        P7
  C:4D40H         PUBLIC        _SendString
  D:00A8H         PUBLIC        IE
  B:00A8H.4       PUBLIC        ES
  D:00B8H         PUBLIC        IP
  C:4F9DH         PUBLIC        _ASCIItoBCD
  D:00D8H         PUBLIC        CCON
  C:5067H         PUBLIC        initUART1
  D:0098H         PUBLIC        SCON
  D:0088H         PUBLIC        TCON
  C:50EAH         PUBLIC        _DectoBCD
  C:50E5H         PUBLIC        _ASCII_Letter
  D:008EH         PUBLIC        AUXR
  C:0006H         PUBLIC        _unit
  C:50D9H         PUBLIC        _ten
  D:00D6H         PUBLIC        T2H
  D:00D7H         PUBLIC        T2L
  D:00D0H         PUBLIC        PSW
  -------         PROC          INITUART1
  C:5067H         LINE#         21
  C:5067H         LINE#         22
  C:5067H         LINE#         23
  C:506AH         LINE#         24
  C:506DH         LINE#         25
  C:5070H         LINE#         26
  C:5073H         LINE#         27
  C:5075H         LINE#         28
  C:5077H         LINE#         30
  -------         ENDPROC       INITUART1
  -------         PROC          _SENDSTRING
  X:05F8H         SYMBOL        s
  C:4D40H         LINE#         35
  C:4D4BH         LINE#         36
  C:4D4BH         LINE#         37
  C:4D5BH         LINE#         38
  C:4D5BH         LINE#         39
  C:4D70H         LINE#         40
  C:4D72H         LINE#         41
  -------         ENDPROC       _SENDSTRING
  -------         PROC          _TEN
  D:0007H         SYMBOL        BCD
  C:50D9H         LINE#         43
  C:50D9H         LINE#         44
  C:50D9H         LINE#         45
  C:50DEH         LINE#         46
  -------         ENDPROC       _TEN
  -------         PROC          _UNIT
  D:0007H         SYMBOL        BCD
  C:0006H         LINE#         47
  C:0006H         LINE#         48
BL51 BANKED LINKER/LOCATER V6.22                                                      05/01/2019  10:51:11  PAGE 19


  C:0006H         LINE#         52
  C:000AH         LINE#         53
  -------         ENDPROC       _UNIT
  -------         PROC          _DECTOBCD
  D:0007H         SYMBOL        dec
  C:50EAH         LINE#         54
  C:50EAH         LINE#         55
  C:50EAH         LINE#         57
  C:50EAH         LINE#         58
  -------         ENDPROC       _DECTOBCD
  -------         PROC          _ASCII_LETTER
  D:0007H         SYMBOL        dat
  C:50E5H         LINE#         60
  C:50E5H         LINE#         61
  C:50E5H         LINE#         63
  C:50E9H         LINE#         64
  -------         ENDPROC       _ASCII_LETTER
  -------         PROC          _ASCIITOBCD
  D:0001H         SYMBOL        ascii
  -------         DO            
  D:0007H         SYMBOL        dec_val
  D:0006H         SYMBOL        ten
  D:0007H         SYMBOL        unit
  -------         ENDDO         
  C:4F9DH         LINE#         66
  C:4F9DH         LINE#         67
  C:4F9DH         LINE#         69
  C:4FA0H         LINE#         70
  C:4FA6H         LINE#         71
  C:4FADH         LINE#         72
  C:4FB3H         LINE#         74
  -------         ENDPROC       _ASCIITOBCD
  -------         ENDMOD        UART1

  -------         MODULE        LCD_DRIVER_SPLC780D
  C:0000H         SYMBOL        _ICE_DUMMY_
  D:0092H         PUBLIC        P1M0
  D:0091H         PUBLIC        P1M1
  D:0080H         PUBLIC        P0
  D:0090H         PUBLIC        P1
  D:00A0H         PUBLIC        P2
  D:00B0H         PUBLIC        P3
  D:00C0H         PUBLIC        P4
  D:00C8H         PUBLIC        P5
  D:00E8H         PUBLIC        P6
  D:00F8H         PUBLIC        P7
  C:4967H         PUBLIC        _WriteData
  D:00A8H         PUBLIC        IE
  D:00B8H         PUBLIC        IP
  D:00D8H         PUBLIC        CCON
  B:00B0H.4       PUBLIC        LCD_D4
  B:00B0H.5       PUBLIC        LCD_D5
  B:00B0H.6       PUBLIC        LCD_D6
  C:4F30H         PUBLIC        _DisplayLCD
  B:00B0H.7       PUBLIC        LCD_D7
  D:0098H         PUBLIC        SCON
  D:0088H         PUBLIC        TCON
BL51 BANKED LINKER/LOCATER V6.22                                                      05/01/2019  10:51:11  PAGE 20


  C:501DH         PUBLIC        _abs
  C:50C8H         PUBLIC        LCD_clear
  C:4C48H         PUBLIC        _Command
  C:4FCAH         PUBLIC        _Display_Line
  C:4B17H         PUBLIC        LCD_Init
  C:4E95H         PUBLIC        _Wait_ms
  B:00C0H.0       PUBLIC        LCD_RS
  B:0090H.3       PUBLIC        LCD_RW
  C:50BEH         PUBLIC        LCD_return_home
  C:3E2DH         PUBLIC        _Display_Pos
  B:00B0H.3       PUBLIC        LCD_E
  D:00D0H         PUBLIC        PSW
  -------         PROC          LCD_INIT
  C:4B17H         LINE#         9
  C:4B17H         LINE#         10
  C:4B17H         LINE#         11
  C:4B1AH         LINE#         12
  C:4B1DH         LINE#         14
  C:4B23H         LINE#         15
  C:4B28H         LINE#         17
  C:4B2FH         LINE#         18
  C:4B34H         LINE#         20
  C:4B37H         LINE#         21
  C:4B3CH         LINE#         23
  C:4B3FH         LINE#         24
  C:4B44H         LINE#         26
  C:4B4BH         LINE#         29
  C:4B50H         LINE#         30
  C:4B55H         LINE#         32
  C:4B5AH         LINE#         33
  C:4B5FH         LINE#         35
  C:4B64H         LINE#         36
  C:4B69H         LINE#         37
  -------         ENDPROC       LCD_INIT
  C:4963H         SYMBOL        L?0040
  -------         PROC          L?0039
  -------         ENDPROC       L?0039
  C:4963H         SYMBOL        L?0040
  -------         PROC          _WRITEDATA
  X:04D1H         SYMBOL        dat
  C:4967H         LINE#         40
  C:496CH         LINE#         41
  C:496CH         LINE#         46
  C:496EH         LINE#         47
  C:4970H         LINE#         49
  C:497EH         LINE#         50
  C:498AH         LINE#         51
  C:4996H         LINE#         52
  C:49A0H         LINE#         53
  C:49A2H         LINE#         54
  C:49A9H         LINE#         55
  C:49ABH         LINE#         57
  C:49BBH         LINE#         58
  C:49C6H         LINE#         59
  C:49D0H         LINE#         60
  C:49D4H         LINE#         62
  C:49D4H         LINE#         63
BL51 BANKED LINKER/LOCATER V6.22                                                      05/01/2019  10:51:11  PAGE 21


  C:49D7H         LINE#         64
  C:49D9H         LINE#         65
  C:49DBH         LINE#         67
  -------         ENDPROC       _WRITEDATA
  -------         PROC          _COMMAND
  D:0007H         SYMBOL        dat
  C:4C48H         LINE#         69
  C:4C48H         LINE#         70
  C:4C48H         LINE#         71
  C:4C4AH         LINE#         72
  C:4C4CH         LINE#         74
  C:4C56H         LINE#         75
  C:4C5AH         LINE#         77
  C:4C5CH         LINE#         78
  C:4C65H         LINE#         79
  C:4C69H         LINE#         81
  C:4C6BH         LINE#         82
  C:4C72H         LINE#         83
  C:4C76H         LINE#         85
  C:4C78H         LINE#         86
  C:4C7CH         LINE#         87
  C:4C80H         LINE#         89
  C:4C82H         LINE#         90
  C:4C82H         LINE#         91
  C:4C85H         LINE#         92
  C:4C87H         LINE#         93
  -------         ENDPROC       _COMMAND
  C:4E91H         SYMBOL        L?0038
  -------         PROC          L?0037
  -------         ENDPROC       L?0037
  C:4E91H         SYMBOL        L?0038
  -------         PROC          _WAIT_MS
  D:0006H         SYMBOL        ms
  -------         DO            
  D:0004H         SYMBOL        De_Cnt
  -------         ENDDO         
  C:4E95H         LINE#         95
  C:4E95H         LINE#         96
  C:4E95H         LINE#         98
  C:4E9FH         LINE#         99
  C:4E9FH         LINE#         100
  C:4EB2H         LINE#         101
  C:4EB2H         LINE#         102
  -------         ENDPROC       _WAIT_MS
  -------         PROC          _DISPLAYLCD
  D:0007H         SYMBOL        BCD
  -------         DO            
  D:0006H         SYMBOL        first_digit
  X:03E8H         SYMBOL        second_digit
  -------         ENDDO         
  C:4F30H         LINE#         103
  C:4F30H         LINE#         104
  C:4F30H         LINE#         106
  C:4F37H         LINE#         107
  C:4F40H         LINE#         109
  C:4F45H         LINE#         111
  -------         ENDPROC       _DISPLAYLCD
BL51 BANKED LINKER/LOCATER V6.22                                                      05/01/2019  10:51:11  PAGE 22


  -------         PROC          LCD_RETURN_HOME
  C:50BEH         LINE#         115
  C:50BEH         LINE#         116
  C:50BEH         LINE#         117
  C:50C3H         LINE#         118
  -------         ENDPROC       LCD_RETURN_HOME
  -------         PROC          LCD_CLEAR
  C:50C8H         LINE#         121
  C:50C8H         LINE#         122
  C:50C8H         LINE#         123
  C:50CDH         LINE#         124
  -------         ENDPROC       LCD_CLEAR
  -------         PROC          _DISPLAY_LINE
  D:0006H         SYMBOL        line
  C:4FCAH         LINE#         128
  C:4FCAH         LINE#         129
  C:4FCAH         LINE#         130
  C:4FD0H         LINE#         131
  C:4FD0H         LINE#         132
  C:4FD2H         LINE#         133
  C:4FD2H         LINE#         134
  C:4FD4H         LINE#         136
  C:4FD4H         LINE#         137
  C:4FD9H         LINE#         138
  C:4FDEH         LINE#         139
  C:4FDEH         LINE#         140
  -------         ENDPROC       _DISPLAY_LINE
  -------         PROC          _DISPLAY_POS
  X:04C7H         SYMBOL        sign_dat
  -------         DO            
  X:04CBH         SYMBOL        unit
  X:04CCH         SYMBOL        ten
  X:04CDH         SYMBOL        hundred
  D:0003H         SYMBOL        thousand
  X:04CEH         SYMBOL        after_dot
  X:04CFH         SYMBOL        dat
  -------         ENDDO         
  C:3E2DH         LINE#         142
  C:3E33H         LINE#         143
  C:3E33H         LINE#         147
  C:3E4FH         LINE#         148
  C:3E69H         LINE#         149
  C:3E8DH         LINE#         151
  C:3ED7H         LINE#         153
  C:3EEEH         LINE#         154
  C:3EFBH         LINE#         155
  C:3F1DH         LINE#         156
  C:3F52H         LINE#         157
  C:3F6AH         LINE#         158
  C:3F6AH         LINE#         160
  C:3F6AH         LINE#         161
  C:3F6AH         LINE#         162
  C:3F6AH         LINE#         163
  C:3F6AH         LINE#         164
  C:3F6AH         LINE#         168
  C:3F6CH         LINE#         170
  C:3F6CH         LINE#         172
BL51 BANKED LINKER/LOCATER V6.22                                                      05/01/2019  10:51:11  PAGE 23


  C:3F71H         LINE#         173
  C:3F77H         LINE#         174
  C:3F7DH         LINE#         175
  C:3F83H         LINE#         176
  C:3F88H         LINE#         177
  C:3F8EH         LINE#         181
  C:3F8EH         LINE#         183
  -------         ENDPROC       _DISPLAY_POS
  -------         PROC          _ABS
  D:0006H         SYMBOL        dat
  C:501DH         LINE#         185
  C:501DH         LINE#         186
  C:501DH         LINE#         187
  C:5028H         LINE#         188
  C:5029H         LINE#         190
  C:5030H         LINE#         191
  -------         ENDPROC       _ABS
  -------         ENDMOD        LCD_DRIVER_SPLC780D

  -------         MODULE        KEYPAD
  C:0000H         SYMBOL        _ICE_DUMMY_
  D:0093H         PUBLIC        P0M1
  D:0080H         PUBLIC        P0
  D:0090H         PUBLIC        P1
  D:00A0H         PUBLIC        P2
  D:00B0H         PUBLIC        P3
  D:00C0H         PUBLIC        P4
  D:00C8H         PUBLIC        P5
  D:00E8H         PUBLIC        P6
  D:00F8H         PUBLIC        P7
  D:00A8H         PUBLIC        IE
  C:398FH         PUBLIC        Key_Scan
  D:00B8H         PUBLIC        IP
  D:00D8H         PUBLIC        CCON
  C:50B2H         PUBLIC        KeyPad_IO_Init
  C:4F12H         PUBLIC        _Delay_ms
  D:0098H         PUBLIC        SCON
  D:0088H         PUBLIC        TCON
  B:0020H.0       PUBLIC        small_move
  B:0020H.1       PUBLIC        move
  X:05E9H         PUBLIC        auto_mode
  B:0020H.2       PUBLIC        direction
  C:30B8H         PUBLIC        Key_Process
  D:00D0H         PUBLIC        PSW
  D:0094H         PUBLIC        P0M0
  -------         PROC          _DELAY_MS
  D:0006H         SYMBOL        ms
  -------         DO            
  D:0004H         SYMBOL        De_Cnt
  -------         ENDDO         
  C:4F12H         LINE#         19
  C:4F12H         LINE#         20
  C:4F12H         LINE#         22
  C:4F1CH         LINE#         23
  C:4F1CH         LINE#         24
  C:4F2FH         LINE#         25
  C:4F2FH         LINE#         26
BL51 BANKED LINKER/LOCATER V6.22                                                      05/01/2019  10:51:11  PAGE 24


  -------         ENDPROC       _DELAY_MS
  -------         PROC          KEY_SCAN
  -------         DO            
  X:03EEH         SYMBOL        KeyTemp1
  X:03EFH         SYMBOL        KeyTemp2
  X:03F0H         SYMBOL        KeyValue
  -------         ENDDO         
  C:398FH         LINE#         27
  C:398FH         LINE#         28
  C:398FH         LINE#         33
  C:3992H         LINE#         36
  C:3995H         LINE#         38
  C:399DH         LINE#         39
  C:39A4H         LINE#         40
  C:39A4H         LINE#         42
  C:39A9H         LINE#         43
  C:39B0H         LINE#         44
  C:39B0H         LINE#         47
  C:39B3H         LINE#         48
  C:39B6H         LINE#         49
  C:39BBH         LINE#         50
  C:39BFH         LINE#         51
  C:39BFH         LINE#         52
  C:39C7H         LINE#         53
  C:39C7H         LINE#         54
  C:39CAH         LINE#         55
  C:39D2H         LINE#         56
  C:39D4H         LINE#         58
  C:39E8H         LINE#         59
  C:39E8H         LINE#         60
  C:39E8H         LINE#         61
  C:39E8H         LINE#         62
  C:39EEH         LINE#         64
  C:39F0H         LINE#         65
  C:39F0H         LINE#         66
  C:39F0H         LINE#         67
  C:39F6H         LINE#         69
  C:39F8H         LINE#         70
  C:39F8H         LINE#         71
  C:39F8H         LINE#         72
  C:39FEH         LINE#         74
  C:3A00H         LINE#         75
  C:3A00H         LINE#         76
  C:3A00H         LINE#         77
  C:3A06H         LINE#         79
  C:3A06H         LINE#         80
  C:3A06H         LINE#         81
  C:3A06H         LINE#         84
  C:3A09H         LINE#         85
  C:3A0CH         LINE#         86
  C:3A14H         LINE#         87
  C:3A18H         LINE#         88
  C:3A18H         LINE#         89
  C:3A20H         LINE#         90
  C:3A20H         LINE#         91
  C:3A23H         LINE#         92
  C:3A2BH         LINE#         93
BL51 BANKED LINKER/LOCATER V6.22                                                      05/01/2019  10:51:11  PAGE 25


  C:3A2DH         LINE#         94
  C:3A41H         LINE#         95
  C:3A41H         LINE#         96
  C:3A41H         LINE#         97
  C:3A41H         LINE#         98
  C:3A47H         LINE#         100
  C:3A49H         LINE#         101
  C:3A49H         LINE#         102
  C:3A49H         LINE#         103
  C:3A4FH         LINE#         105
  C:3A51H         LINE#         106
  C:3A51H         LINE#         107
  C:3A51H         LINE#         108
  C:3A57H         LINE#         110
  C:3A59H         LINE#         111
  C:3A59H         LINE#         112
  C:3A59H         LINE#         113
  C:3A5EH         LINE#         115
  C:3A5EH         LINE#         116
  C:3A5EH         LINE#         117
  C:3A5EH         LINE#         120
  C:3A61H         LINE#         121
  C:3A64H         LINE#         122
  C:3A6CH         LINE#         123
  C:3A70H         LINE#         124
  C:3A70H         LINE#         125
  C:3A78H         LINE#         126
  C:3A78H         LINE#         127
  C:3A7BH         LINE#         128
  C:3A83H         LINE#         129
  C:3A85H         LINE#         130
  C:3A99H         LINE#         131
  C:3A99H         LINE#         132
  C:3A99H         LINE#         133
  C:3A99H         LINE#         134
  C:3A9FH         LINE#         136
  C:3AA1H         LINE#         137
  C:3AA1H         LINE#         138
  C:3AA1H         LINE#         139
  C:3AA7H         LINE#         141
  C:3AA9H         LINE#         142
  C:3AA9H         LINE#         143
  C:3AA9H         LINE#         144
  C:3AAFH         LINE#         146
  C:3AB1H         LINE#         147
  C:3AB1H         LINE#         148
  C:3AB1H         LINE#         149
  C:3AB7H         LINE#         151
  C:3AB7H         LINE#         152
  C:3AB7H         LINE#         153
  C:3AB7H         LINE#         157
  C:3ABAH         LINE#         158
  C:3ABDH         LINE#         159
  C:3AC5H         LINE#         160
  C:3AC9H         LINE#         161
  C:3AC9H         LINE#         162
  C:3AD1H         LINE#         163
BL51 BANKED LINKER/LOCATER V6.22                                                      05/01/2019  10:51:11  PAGE 26


  C:3AD1H         LINE#         164
  C:3AD4H         LINE#         165
  C:3ADCH         LINE#         166
  C:3ADEH         LINE#         167
  C:3AF2H         LINE#         168
  C:3AF2H         LINE#         169
  C:3AF2H         LINE#         170
  C:3AF2H         LINE#         171
  C:3AF8H         LINE#         173
  C:3AFAH         LINE#         174
  C:3AFAH         LINE#         175
  C:3AFAH         LINE#         176
  C:3B00H         LINE#         178
  C:3B02H         LINE#         179
  C:3B02H         LINE#         180
  C:3B02H         LINE#         181
  C:3B08H         LINE#         183
  C:3B0AH         LINE#         184
  C:3B0AH         LINE#         185
  C:3B0AH         LINE#         186
  C:3B10H         LINE#         188
  C:3B10H         LINE#         189
  C:3B10H         LINE#         190
  C:3B10H         LINE#         192
  C:3B16H         LINE#         193
  C:3B16H         LINE#         195
  C:3B16H         LINE#         196
  C:3B19H         LINE#         197
  C:3B19H         LINE#         198
  C:3B19H         LINE#         200
  C:3B19H         LINE#         201
  C:3B1BH         LINE#         202
  C:3B1BH         LINE#         203
  -------         ENDPROC       KEY_SCAN
  -------         PROC          KEY_PROCESS
  -------         DO            
  X:05DAH         SYMBOL        KeyCount
  X:05DBH         SYMBOL        KeyNum_Old
  X:05DDH         SYMBOL        KeyNum
  X:05DFH         SYMBOL        PressedKey
  X:03E8H         SYMBOL        d
  D:0002H         SYMBOL        hours
  D:0006H         SYMBOL        mins
  X:03EAH         SYMBOL        months
  X:03ECH         SYMBOL        days
  -------         ENDDO         
  C:30B8H         LINE#         204
  C:30B8H         LINE#         205
  C:30B8H         LINE#         209
  C:30C7H         LINE#         210
  C:30D4H         LINE#         212
  C:30D8H         LINE#         213
  C:30D8H         LINE#         214
  C:30DBH         LINE#         216
  C:30DBH         LINE#         217
  C:30F2H         LINE#         218
  C:30F2H         LINE#         219
BL51 BANKED LINKER/LOCATER V6.22                                                      05/01/2019  10:51:11  PAGE 27


  C:30F5H         LINE#         220
  C:30F8H         LINE#         222
  C:30FBH         LINE#         224
  C:30FBH         LINE#         225
  C:310BH         LINE#         226
  C:310BH         LINE#         227
  C:310EH         LINE#         229
  C:310EH         LINE#         230
  C:3117H         LINE#         231
  C:3117H         LINE#         232
  C:311AH         LINE#         234
  C:311AH         LINE#         235
  C:3126H         LINE#         236
  C:3126H         LINE#         237
  C:3130H         LINE#         238
  C:3138H         LINE#         240
  C:3141H         LINE#         242
  C:3141H         LINE#         251
  C:3160H         LINE#         252
  C:3160H         LINE#         253
  C:317FH         LINE#         254
  C:3185H         LINE#         255
  C:318DH         LINE#         256
  C:318DH         LINE#         258
  C:318EH         LINE#         264
  C:319AH         LINE#         265
  C:319AH         LINE#         266
  C:31B7H         LINE#         267
  C:31CEH         LINE#         268
  C:31E5H         LINE#         269
  C:31E5H         LINE#         270
  C:31F8H         LINE#         271
  C:3208H         LINE#         272
  C:3208H         LINE#         273
  C:320BH         LINE#         278
  C:321AH         LINE#         279
  C:321AH         LINE#         280
  C:323DH         LINE#         281
  C:325AH         LINE#         282
  C:3266H         LINE#         283
  C:3266H         LINE#         284
  C:326DH         LINE#         285
  C:326DH         LINE#         286
  C:327EH         LINE#         287
  C:327EH         LINE#         288
  C:3290H         LINE#         289
  C:32A0H         LINE#         290
  C:32A0H         LINE#         291
  C:32A3H         LINE#         293
  C:32A3H         LINE#         294
  C:32AFH         LINE#         295
  C:32AFH         LINE#         296
  C:32C1H         LINE#         297
  C:32C1H         LINE#         298
  C:32D4H         LINE#         299
  C:32E4H         LINE#         300
  C:32E4H         LINE#         302
BL51 BANKED LINKER/LOCATER V6.22                                                      05/01/2019  10:51:11  PAGE 28


  C:32E7H         LINE#         304
  C:32E7H         LINE#         305
  C:32F9H         LINE#         306
  C:32F9H         LINE#         307
  C:330CH         LINE#         308
  C:331CH         LINE#         309
  C:331CH         LINE#         311
  C:331CH         LINE#         313
  C:331CH         LINE#         314
  C:331EH         LINE#         316
  C:331EH         LINE#         317
  C:3325H         LINE#         318
  C:3325H         LINE#         319
  C:3334H         LINE#         320
  C:3334H         LINE#         321
  C:3347H         LINE#         322
  C:3357H         LINE#         323
  C:3357H         LINE#         324
  C:3359H         LINE#         326
  C:3359H         LINE#         327
  C:3368H         LINE#         328
  C:3368H         LINE#         329
  C:337BH         LINE#         330
  C:338EH         LINE#         331
  C:338EH         LINE#         332
  C:338EH         LINE#         333
  C:338EH         LINE#         334
  C:338EH         LINE#         336
  C:33C8H         LINE#         337
  C:33C8H         LINE#         338
  C:33CDH         LINE#         339
  C:33CDH         LINE#         340
  C:33D3H         LINE#         341
  C:33D3H         LINE#         342
  C:33D6H         LINE#         343
  C:33DBH         LINE#         344
  C:33E0H         LINE#         345
  C:33E5H         LINE#         346
  C:33EAH         LINE#         347
  C:33EFH         LINE#         348
  C:33F4H         LINE#         349
  C:33F9H         LINE#         350
  C:33F9H         LINE#         351
  C:33F9H         LINE#         353
  C:3417H         LINE#         354
  C:3417H         LINE#         355
  C:341EH         LINE#         356
  C:341EH         LINE#         357
  C:3423H         LINE#         358
  C:342CH         LINE#         359
  C:344BH         LINE#         360
  C:344BH         LINE#         361
  C:345BH         LINE#         363
  C:345BH         LINE#         367
  -------         ENDPROC       KEY_PROCESS
  -------         PROC          KEYPAD_IO_INIT
  C:50B2H         LINE#         370
BL51 BANKED LINKER/LOCATER V6.22                                                      05/01/2019  10:51:11  PAGE 29


  C:50B2H         LINE#         371
  C:50B2H         LINE#         372
  C:50B5H         LINE#         373
  C:50B8H         LINE#         374
  C:50BBH         LINE#         375
  C:50BDH         LINE#         376
  -------         ENDPROC       KEYPAD_IO_INIT
  -------         ENDMOD        KEYPAD

  -------         MODULE        BIPOLARMOTOR
  C:0000H         SYMBOL        _ICE_DUMMY_
  X:0000H         PUBLIC        UTC_time
  D:0080H         PUBLIC        P0
  D:0090H         PUBLIC        P1
  X:0004H         PUBLIC        RX_pos_test
  D:00A0H         PUBLIC        P2
  D:00B0H         PUBLIC        P3
  D:00C0H         PUBLIC        P4
  D:00C8H         PUBLIC        P5
  D:00E8H         PUBLIC        P6
  D:00F8H         PUBLIC        P7
  X:00A4H         PUBLIC        low_date_azimuth_mapping
  D:00A8H         PUBLIC        IE
  C:43C1H         PUBLIC        linear_interpolate
  X:00CCH         PUBLIC        declination
  C:4DF5H         PUBLIC        _Move
  D:00B8H         PUBLIC        IP
  X:00D0H         PUBLIC        time_offset
  D:00D8H         PUBLIC        CCON
  X:00D4H         PUBLIC        previous_move_time
  X:00D5H         PUBLIC        time
  D:0098H         PUBLIC        SCON
  D:0088H         PUBLIC        TCON
  C:50EBH         PUBLIC        wait
  C:4C88H         PUBLIC        _Step_move
  X:00E7H         PUBLIC        dat
  X:00EDH         PUBLIC        current_local_sun_time
  C:1D2CH         PUBLIC        _Update_position
  C:345CH         PUBLIC        _elevation_calculation
  X:00F1H         PUBLIC        sunCoord
  C:4B70H         PUBLIC        vOneStepMove
  X:00F4H         PUBLIC        elevation_stamp
  X:0130H         PUBLIC        date_azimuth_mapping
  X:0158H         PUBLIC        location
  X:0160H         PUBLIC        RX_pos
  C:4FDFH         PUBLIC        vSetLocation
  C:4F74H         PUBLIC        _BCDtoDec1
  X:03B8H         PUBLIC        degree
  C:2372H         PUBLIC        _TheoricalJP_Position
  D:00D0H         PUBLIC        PSW
  -------         PROC          VSETLOCATION
  C:4FDFH         LINE#         44
  C:4FDFH         LINE#         45
  C:4FDFH         LINE#         46
  C:4FE9H         LINE#         47
  C:4FF3H         LINE#         48
  -------         ENDPROC       VSETLOCATION
BL51 BANKED LINKER/LOCATER V6.22                                                      05/01/2019  10:51:11  PAGE 30


  C:4F70H         SYMBOL        L?0061
  -------         PROC          L?0060
  -------         ENDPROC       L?0060
  C:4F70H         SYMBOL        L?0061
  -------         PROC          _BCDTODEC1
  D:0007H         SYMBOL        bcd
  -------         DO            
  D:0006H         SYMBOL        hi
  D:0007H         SYMBOL        lo
  -------         ENDDO         
  C:4F74H         LINE#         49
  C:4F74H         LINE#         50
  C:4F74H         LINE#         52
  C:4F79H         LINE#         53
  C:4F7DH         LINE#         54
  C:4F84H         LINE#         55
  -------         ENDPROC       _BCDTODEC1
  -------         PROC          WAIT
  C:50EBH         LINE#         57
  C:50EBH         LINE#         59
  -------         ENDPROC       WAIT
  -------         PROC          VONESTEPMOVE
  B:0020H.5       SYMBOL        bDir
  C:4B70H         LINE#         61
  C:4B70H         LINE#         62
  C:4B70H         LINE#         64
  C:4B76H         LINE#         65
  C:4B76H         LINE#         66
  C:4B79H         LINE#         67
  C:4B82H         LINE#         68
  C:4B89H         LINE#         69
  C:4B8EH         LINE#         70
  C:4B8EH         LINE#         71
  C:4B8EH         LINE#         73
  C:4B90H         LINE#         76
  C:4B90H         LINE#         77
  C:4B93H         LINE#         78
  C:4B9CH         LINE#         79
  C:4BA3H         LINE#         80
  C:4BA9H         LINE#         81
  C:4BB2H         LINE#         82
  C:4BB9H         LINE#         83
  C:4BB9H         LINE#         87
  -------         ENDPROC       VONESTEPMOVE
  -------         PROC          _STEP_MOVE
  X:04CBH         SYMBOL        step
  B:0020H.4       SYMBOL        dir
  -------         DO            
  X:04CDH         SYMBOL        i
  -------         ENDDO         
  C:4C88H         LINE#         89
  C:4C90H         LINE#         90
  C:4C90H         LINE#         92
  C:4C95H         LINE#         95
  C:4CB0H         LINE#         96
  C:4CB0H         LINE#         97
  C:4CB7H         LINE#         99
BL51 BANKED LINKER/LOCATER V6.22                                                      05/01/2019  10:51:11  PAGE 31


  C:4CC7H         LINE#         101
  -------         ENDPROC       _STEP_MOVE
  -------         PROC          _MOVE
  X:04C7H         SYMBOL        distance
  B:0020H.3       SYMBOL        direction
  -------         DO            
  D:0006H         SYMBOL        step
  -------         ENDDO         
  C:4DF5H         LINE#         103
  C:4DFBH         LINE#         104
  C:4DFBH         LINE#         107
  C:4E16H         LINE#         108
  -------         ENDPROC       _MOVE
  C:43B0H         SYMBOL        L?0059
  -------         PROC          L?0058
  -------         ENDPROC       L?0058
  C:43B0H         SYMBOL        L?0059
  -------         PROC          LINEAR_INTERPOLATE
  X:0496H         SYMBOL        p1
  X:049EH         SYMBOL        p2
  X:04A6H         SYMBOL        x
  -------         DO            
  D:0004H         SYMBOL        fx
  -------         ENDDO         
  C:43C1H         LINE#         141
  C:43C1H         LINE#         142
  C:43C1H         LINE#         145
  C:4460H         LINE#         147
  C:4460H         LINE#         148
  -------         ENDPROC       LINEAR_INTERPOLATE
  -------         PROC          _THEORICALJP_POSITION
  X:043AH         SYMBOL        azimuth
  X:043EH         SYMBOL        elevation
  -------         DO            
  X:0442H         SYMBOL        pos_interpolate_azimuth
  X:047EH         SYMBOL        JP_pos
  X:0482H         SYMBOL        i
  X:0484H         SYMBOL        yy
  X:0486H         SYMBOL        p1
  X:048EH         SYMBOL        p2
  -------         ENDDO         
  C:2372H         LINE#         151
  C:2378H         LINE#         152
  C:2378H         LINE#         154
  C:2382H         LINE#         157
  C:239EH         LINE#         158
  C:239EH         LINE#         159
  C:240EH         LINE#         160
  C:240EH         LINE#         161
  C:2415H         LINE#         162
  C:2415H         LINE#         163
  C:2442H         LINE#         164
  C:245DH         LINE#         166
  C:24A4H         LINE#         167
  C:24D8H         LINE#         169
  C:251EH         LINE#         170
  C:2543H         LINE#         172
BL51 BANKED LINKER/LOCATER V6.22                                                      05/01/2019  10:51:11  PAGE 32


  C:2543H         LINE#         174
  C:25B9H         LINE#         175
  C:25B9H         LINE#         176
  C:25C0H         LINE#         177
  C:25C0H         LINE#         178
  C:25EDH         LINE#         179
  C:2608H         LINE#         181
  C:264FH         LINE#         182
  C:2683H         LINE#         184
  C:26C9H         LINE#         185
  C:26EBH         LINE#         187
  C:26EBH         LINE#         188
  C:26FFH         LINE#         191
  C:271BH         LINE#         192
  C:271BH         LINE#         193
  C:278BH         LINE#         194
  C:278BH         LINE#         195
  C:27B8H         LINE#         196
  C:27D3H         LINE#         198
  C:2800H         LINE#         199
  C:281BH         LINE#         201
  C:284DH         LINE#         204
  C:284DH         LINE#         206
  C:285EH         LINE#         207
  C:286CH         LINE#         209
  -------         ENDPROC       _THEORICALJP_POSITION
  -------         PROC          _UPDATE_POSITION
  D:0001H         SYMBOL        mnths
  D:0002H         SYMBOL        dys
  X:040EH         SYMBOL        hurs
  X:040FH         SYMBOL        mns
  X:0410H         SYMBOL        sconds
  X:0411H         SYMBOL        currnt_pos
  X:0414H         SYMBOL        offset_calib
  -------         DO            
  X:0418H         SYMBOL        date
  X:041AH         SYMBOL        i
  X:041CH         SYMBOL        yy
  X:041EH         SYMBOL        desired_distance
  X:0422H         SYMBOL        distance
  X:0426H         SYMBOL        JP_pos
  X:042AH         SYMBOL        elevation
  X:042EH         SYMBOL        azimuth
  X:0432H         SYMBOL        time_offset
  X:0436H         SYMBOL        UTC_time
  -------         ENDDO         
  C:1D2CH         LINE#         212
  C:1D35H         LINE#         215
  C:1D35H         LINE#         216
  C:1D40H         LINE#         218
  C:1D5CH         LINE#         219
  C:1D66H         LINE#         225
  C:1D70H         LINE#         226
  C:1D7BH         LINE#         227
  C:1D86H         LINE#         228
  C:1D9FH         LINE#         229
  C:1DB0H         LINE#         230
BL51 BANKED LINKER/LOCATER V6.22                                                      05/01/2019  10:51:11  PAGE 33


  C:1DBFH         LINE#         233
  C:1DD3H         LINE#         237
  C:1E25H         LINE#         238
  C:1F89H         LINE#         239
  C:1FD9H         LINE#         242
  C:2101H         LINE#         245
  C:21D0H         LINE#         252
  C:2217H         LINE#         253
  C:2217H         LINE#         255
  C:2242H         LINE#         256
  C:2271H         LINE#         258
  C:2296H         LINE#         259
  C:22FBH         LINE#         260
  C:22FBH         LINE#         261
  C:2315H         LINE#         262
  C:2327H         LINE#         263
  C:233FH         LINE#         264
  C:2355H         LINE#         266
  C:2371H         LINE#         267
  C:2371H         LINE#         268
  C:2371H         LINE#         271
  -------         ENDPROC       _UPDATE_POSITION
  -------         PROC          _ELEVATION_CALCULATION
  D:0007H         SYMBOL        mnths
  D:0005H         SYMBOL        dys
  X:03EAH         SYMBOL        hurs
  X:03EBH         SYMBOL        mns
  X:03ECH         SYMBOL        sconds
  C:345CH         LINE#         273
  C:3461H         LINE#         275
  C:3461H         LINE#         276
  C:346BH         LINE#         277
  C:3474H         LINE#         278
  C:347FH         LINE#         279
  C:3498H         LINE#         280
  C:34ACH         LINE#         281
  C:34BEH         LINE#         285
  C:3510H         LINE#         286
  C:3674H         LINE#         287
  C:36C4H         LINE#         289
  C:37DBH         LINE#         291
  -------         ENDPROC       _ELEVATION_CALCULATION
  -------         ENDMOD        BIPOLARMOTOR

  -------         MODULE        SUNPOS
  C:0000H         SYMBOL        _ICE_DUMMY_
  C:158AH         PUBLIC        sunpos
  -------         PROC          SUNPOS
  X:043AH         SYMBOL        udtTime
  X:044CH         SYMBOL        udtLocation
  X:0454H         SYMBOL        udtSunCoordinates
  -------         DO            
  X:0457H         SYMBOL        dElapsedJulianDays
  X:045BH         SYMBOL        dDecimalHours
  X:045FH         SYMBOL        dEclipticLongitude
  X:0463H         SYMBOL        dEclipticObliquity
  X:0467H         SYMBOL        dRightAscension
BL51 BANKED LINKER/LOCATER V6.22                                                      05/01/2019  10:51:11  PAGE 34


  X:046BH         SYMBOL        dDeclination
  X:046FH         SYMBOL        dY
  X:0473H         SYMBOL        dX
  -------         DO            
  X:0477H         SYMBOL        dJulianDate
  X:047BH         SYMBOL        liAux1
  X:047FH         SYMBOL        liAux2
  X:0477H         SYMBOL        dMeanLongitude
  X:047BH         SYMBOL        dMeanAnomaly
  X:047FH         SYMBOL        dOmega
  X:0477H         SYMBOL        dSin_EclipticLongitude
  X:0477H         SYMBOL        dGreenwichMeanSiderealTime
  X:047BH         SYMBOL        dLocalMeanSiderealTime
  X:047FH         SYMBOL        dLatitudeInRadians
  X:0483H         SYMBOL        dHourAngle
  X:0487H         SYMBOL        dCos_Latitude
  X:048BH         SYMBOL        dSin_Latitude
  X:048FH         SYMBOL        dCos_HourAngle
  X:0493H         SYMBOL        dParallax
  -------         ENDDO         
  -------         DO            
  X:0477H         SYMBOL        dMeanLongitude
  X:047BH         SYMBOL        dMeanAnomaly
  X:047FH         SYMBOL        dOmega
  X:0477H         SYMBOL        dSin_EclipticLongitude
  X:0477H         SYMBOL        dGreenwichMeanSiderealTime
  X:047BH         SYMBOL        dLocalMeanSiderealTime
  X:047FH         SYMBOL        dLatitudeInRadians
  X:0483H         SYMBOL        dHourAngle
  X:0487H         SYMBOL        dCos_Latitude
  X:048BH         SYMBOL        dSin_Latitude
  X:048FH         SYMBOL        dCos_HourAngle
  X:0493H         SYMBOL        dParallax
  -------         ENDDO         
  -------         DO            
  X:0477H         SYMBOL        dSin_EclipticLongitude
  X:0477H         SYMBOL        dGreenwichMeanSiderealTime
  X:047BH         SYMBOL        dLocalMeanSiderealTime
  X:047FH         SYMBOL        dLatitudeInRadians
[...]
  -------         PROC          _AT25SF041_READ
  D:0003H         SYMBOL        opcode
  X:05ECH         SYMBOL        addr
  -------         DO            
  X:05F0H         SYMBOL        dat
  X:05F1H         SYMBOL        i
  -------         ENDDO         
  C:40B1H         LINE#         159
  C:40B3H         LINE#         160
  C:40B3H         LINE#         161
  C:40B8H         LINE#         163
  C:40BAH         LINE#         164
  C:40C0H         LINE#         168
  C:40C5H         LINE#         169
  C:40C5H         LINE#         170
  C:40C7H         LINE#         171
  C:40CAH         LINE#         172
  C:40CEH         LINE#         173
  C:40CEH         LINE#         174
  C:40D0H         LINE#         175
  C:40D2H         LINE#         177
  C:40D2H         LINE#         178
  C:40D4H         LINE#         180
  C:40D4H         LINE#         181
  C:40D4H         LINE#         182
  C:40D4H         LINE#         183
  C:40D7H         LINE#         184
  C:40DBH         LINE#         187
  C:40FAH         LINE#         189
  C:4101H         LINE#         190
  C:4101H         LINE#         191
  C:4103H         LINE#         192
  C:4106H         LINE#         193
  C:4122H         LINE#         194
  C:4122H         LINE#         195
  C:4124H         LINE#         196
  C:4126H         LINE#         198
  C:4126H         LINE#         199
  C:4128H         LINE#         201
  C:4128H         LINE#         202
  C:4128H         LINE#         203
  C:4128H         LINE#         204
  C:412BH         LINE#         205
  C:4144H         LINE#         207
  C:4163H         LINE#         210
BL51 BANKED LINKER/LOCATER V6.22                                                      05/01/2019  10:51:11  PAGE 48


  C:416AH         LINE#         212
  C:416CH         LINE#         213
  C:4173H         LINE#         215
  C:417AH         LINE#         216
  C:417AH         LINE#         217
  C:4181H         LINE#         218
  C:4181H         LINE#         219
  C:4184H         LINE#         220
  C:4186H         LINE#         221
  C:4189H         LINE#         223
  C:418CH         LINE#         224
  C:418CH         LINE#         226
  C:4190H         LINE#         227
  C:4190H         LINE#         233
  C:41AFH         LINE#         236
  C:41B1H         LINE#         237
  C:41B4H         LINE#         238
  C:41BBH         LINE#         240
  C:41C0H         LINE#         242
  -------         ENDPROC       _AT25SF041_READ
  -------         PROC          UCREAD_STATUS_REGISTER_BYTE1
  -------         DO            
  D:0003H         SYMBOL        dat
  D:0001H         SYMBOL        opcode
  X:04CFH         SYMBOL        count
  X:04D0H         SYMBOL        i
  -------         ENDDO         
  C:4675H         LINE#         246
  C:4675H         LINE#         247
  C:4675H         LINE#         248
  C:467BH         LINE#         249
  C:467FH         LINE#         250
  C:4681H         LINE#         251
  C:4683H         LINE#         252
  C:4689H         LINE#         256
  C:4690H         LINE#         257
  C:4690H         LINE#         258
  C:4692H         LINE#         259
  C:4695H         LINE#         260
  C:4699H         LINE#         261
  C:4699H         LINE#         262
  C:469BH         LINE#         263
  C:469DH         LINE#         265
  C:469DH         LINE#         266
  C:469FH         LINE#         268
  C:469FH         LINE#         269
  C:469FH         LINE#         270
  C:469FH         LINE#         271
  C:46A2H         LINE#         272
  C:46A6H         LINE#         275
  C:46C5H         LINE#         279
  C:46CCH         LINE#         281
  C:46CEH         LINE#         282
  C:46D5H         LINE#         283
  C:46DCH         LINE#         284
  C:46DCH         LINE#         285
  C:46E0H         LINE#         286
BL51 BANKED LINKER/LOCATER V6.22                                                      05/01/2019  10:51:11  PAGE 49


  C:46E0H         LINE#         287
  C:46E3H         LINE#         288
  C:46E5H         LINE#         289
  C:46E8H         LINE#         291
  C:46EBH         LINE#         292
  C:46EBH         LINE#         294
  C:46EFH         LINE#         295
  C:46EFH         LINE#         297
  C:470EH         LINE#         301
  C:4710H         LINE#         302
  C:4713H         LINE#         303
  C:4715H         LINE#         304
  -------         ENDPROC       UCREAD_STATUS_REGISTER_BYTE1
  -------         PROC          SPI_NOR_WRITE_DATA
  X:03E8H         SYMBOL        dat
  X:03F3H         SYMBOL        addr
  C:3B1CH         LINE#         306
  C:3B1CH         LINE#         307
  C:3B1CH         LINE#         309
  C:3B1FH         LINE#         311
  C:3B39H         LINE#         312
  C:3B57H         LINE#         314
  C:3B5EH         LINE#         315
  C:3B61H         LINE#         317
  C:3B7BH         LINE#         318
  C:3B7BH         LINE#         319
  C:3B7BH         LINE#         322
  C:3B7EH         LINE#         324
  C:3B98H         LINE#         325
  C:3B98H         LINE#         326
  C:3B98H         LINE#         328
  C:3B9BH         LINE#         330
  C:3BB5H         LINE#         331
  C:3BB5H         LINE#         332
  C:3BB5H         LINE#         334
  C:3BB8H         LINE#         336
  C:3BD2H         LINE#         337
  C:3BD2H         LINE#         338
  C:3BD2H         LINE#         340
  C:3BD5H         LINE#         342
  C:3BEFH         LINE#         343
  C:3BEFH         LINE#         344
  C:3BEFH         LINE#         346
  C:3BF2H         LINE#         348
  C:3C0CH         LINE#         349
  C:3C0CH         LINE#         350
  C:3C0CH         LINE#         352
  C:3C0FH         LINE#         354
  C:3C29H         LINE#         355
  C:3C29H         LINE#         356
  C:3C29H         LINE#         358
  C:3C2CH         LINE#         360
  C:3C46H         LINE#         361
  C:3C46H         LINE#         362
  C:3C46H         LINE#         364
  C:3C49H         LINE#         366
  C:3C63H         LINE#         367
BL51 BANKED LINKER/LOCATER V6.22                                                      05/01/2019  10:51:11  PAGE 50


  C:3C63H         LINE#         368
  C:3C63H         LINE#         370
  C:3C66H         LINE#         372
  C:3C80H         LINE#         373
  C:3C87H         LINE#         374
  -------         ENDPROC       SPI_NOR_WRITE_DATA
  -------         ENDMOD        AT25SF041

  -------         MODULE        SI1120
  C:0000H         SYMBOL        _ICE_DUMMY_
  D:0080H         PUBLIC        P0
  D:0090H         PUBLIC        P1
  D:00A0H         PUBLIC        P2
  D:00B0H         PUBLIC        P3
  D:00C0H         PUBLIC        P4
  D:00C8H         PUBLIC        P5
  B:00A8H.7       PUBLIC        EA
  D:00E8H         PUBLIC        P6
  D:00F8H         PUBLIC        P7
  D:00A8H         PUBLIC        IE
  D:00B8H         PUBLIC        IP
  C:4F4DH         PUBLIC        SI1120_CONFIG_MODE_VIRH
  D:00D8H         PUBLIC        CCON
  D:0098H         PUBLIC        SCON
  D:0088H         PUBLIC        TCON
  C:50D2H         PUBLIC        Enable_EXTINT0
  B:0090H.5       PUBLIC        SI1120_STX
  B:0088H.0       PUBLIC        IT0
  B:00A8H.0       PUBLIC        EX0
  B:0090H.4       PUBLIC        SI1120_MD
  B:0090H.3       PUBLIC        SI1120_SC
  D:00D0H         PUBLIC        PSW
  -------         PROC          SI1120_CONFIG_MODE_VIRH
  C:4F4DH         LINE#         4
  C:4F4DH         LINE#         5
  C:4F4DH         LINE#         6
  C:4F4FH         LINE#         7
  C:4F51H         LINE#         8
  C:4F53H         LINE#         10
  C:4F5AH         LINE#         12
  C:4F5CH         LINE#         13
  C:4F5EH         LINE#         14
  C:4F60H         LINE#         16
  C:4F67H         LINE#         18
  C:4F69H         LINE#         20
  -------         ENDPROC       SI1120_CONFIG_MODE_VIRH
  -------         PROC          ENABLE_EXTINT0
  C:50D2H         LINE#         22
  C:50D2H         LINE#         23
  C:50D2H         LINE#         24
  C:50D4H         LINE#         25
  C:50D6H         LINE#         26
  C:50D8H         LINE#         27
  -------         ENDPROC       ENABLE_EXTINT0
  -------         ENDMOD        SI1120

  -------         MODULE        ?C_STARTUP
BL51 BANKED LINKER/LOCATER V6.22                                                      05/01/2019  10:51:11  PAGE 51


  C:484FH         SEGMENT       ?C_C51STARTUP
  I:0021H         SEGMENT       ?STACK
  C:0000H         PUBLIC        ?C_STARTUP
  D:00E0H         SYMBOL        ACC
  D:00F0H         SYMBOL        B
  D:0083H         SYMBOL        DPH
  D:0082H         SYMBOL        DPL
  N:0000H         SYMBOL        IBPSTACK
  N:0100H         SYMBOL        IBPSTACKTOP
  N:0080H         SYMBOL        IDATALEN
  C:4852H         SYMBOL        IDATALOOP
  N:0000H         SYMBOL        PBPSTACK
  N:0100H         SYMBOL        PBPSTACKTOP
  N:0000H         SYMBOL        PDATALEN
  N:0000H         SYMBOL        PDATASTART
  N:0000H         SYMBOL        PPAGE
  N:0000H         SYMBOL        PPAGEENABLE
  D:00A0H         SYMBOL        PPAGE_SFR
  D:0081H         SYMBOL        SP
  C:484FH         SYMBOL        STARTUP1
  N:0000H         SYMBOL        XBPSTACK
  N:0000H         SYMBOL        XBPSTACKTOP
  N:0000H         SYMBOL        XDATALEN
  N:0000H         SYMBOL        XDATASTART
  C:0000H         LINE#         126
  C:484FH         LINE#         133
  C:4851H         LINE#         134
  C:4852H         LINE#         135
  C:4853H         LINE#         136
  C:4855H         LINE#         185
  C:4858H         LINE#         196
  -------         ENDMOD        ?C_STARTUP

  -------         MODULE        ?C?FPADD
  C:0BDBH         PUBLIC        ?C?FPADD
  C:0BD7H         PUBLIC        ?C?FPSUB
  -------         ENDMOD        ?C?FPADD

  -------         MODULE        ?C?FPMUL
  C:0CCCH         PUBLIC        ?C?FPMUL
  -------         ENDMOD        ?C?FPMUL

  -------         MODULE        ?C?FPDIV
  C:0DD5H         PUBLIC        ?C?FPDIV
  -------         ENDMOD        ?C?FPDIV

  -------         MODULE        ?C?FPCMP
  C:0E74H         PUBLIC        ?C?FPCMP
  C:0E72H         PUBLIC        ?C?FPCMP3
  -------         ENDMOD        ?C?FPCMP

  -------         MODULE        ?C?FPNEG
  C:0EEBH         PUBLIC        ?C?FPNEG
  -------         ENDMOD        ?C?FPNEG

  -------         MODULE        ?C?FCAST
  C:0F06H         PUBLIC        ?C?FCASTC
BL51 BANKED LINKER/LOCATER V6.22                                                      05/01/2019  10:51:11  PAGE 52


  C:0F01H         PUBLIC        ?C?FCASTI
  C:0EFCH         PUBLIC        ?C?FCASTL
  -------         ENDMOD        ?C?FCAST

  -------         MODULE        ?C?CASTF
  C:0F3AH         PUBLIC        ?C?CASTF
  -------         ENDMOD        ?C?CASTF

  -------         MODULE        ATAN2
  X:0497H         PUBLIC        ?_atan2?BYTE
  C:4716H         PUBLIC        _atan2
  -------         ENDMOD        ATAN2

  -------         MODULE        SIN
  C:3CEDH         PUBLIC        _COS
  C:3D03H         PUBLIC        _SIN
  C:3D3FH         PUBLIC        _TAN
  -------         ENDMOD        SIN

  -------         MODULE        ACOS
  C:4BBAH         PUBLIC        _ACOS
  -------         ENDMOD        ACOS

  -------         MODULE        ASIN
  C:4D05H         PUBLIC        _ASIN
  -------         ENDMOD        ASIN

  -------         MODULE        SQRT
  C:45CDH         PUBLIC        _SQRT
  -------         ENDMOD        SQRT

  -------         MODULE        ATAN
  C:3FAFH         PUBLIC        _ATAN
  -------         ENDMOD        ATAN

  -------         MODULE        ?C?COPY
  C:10D8H         PUBLIC        ?C?COPY
  -------         ENDMOD        ?C?COPY

  -------         MODULE        ?C?CLDPTR
  C:10FEH         PUBLIC        ?C?CLDPTR
  -------         ENDMOD        ?C?CLDPTR

  -------         MODULE        ?C?CLDOPTR
  C:1117H         PUBLIC        ?C?CLDOPTR
  -------         ENDMOD        ?C?CLDOPTR

  -------         MODULE        ?C?CSTPTR
  C:1144H         PUBLIC        ?C?CSTPTR
  -------         ENDMOD        ?C?CSTPTR

  -------         MODULE        ?C?IMUL
  C:1156H         PUBLIC        ?C?IMUL
  -------         ENDMOD        ?C?IMUL

  -------         MODULE        ?C?UIDIV
  C:1168H         PUBLIC        ?C?UIDIV
BL51 BANKED LINKER/LOCATER V6.22                                                      05/01/2019  10:51:11  PAGE 53


  -------         ENDMOD        ?C?UIDIV

  -------         MODULE        ?C?SIDIV
  C:11BDH         PUBLIC        ?C?SIDIV
  -------         ENDMOD        ?C?SIDIV

  -------         MODULE        ?C?ILDIX
  C:11F3H         PUBLIC        ?C?ILDIX
  -------         ENDMOD        ?C?ILDIX

  -------         MODULE        ?C?ILDOPTR
  C:1209H         PUBLIC        ?C?ILDOPTR
  -------         ENDMOD        ?C?ILDOPTR

  -------         MODULE        ?C?ISTPTR
  C:1241H         PUBLIC        ?C?ISTPTR
  -------         ENDMOD        ?C?ISTPTR

  -------         MODULE        ?C?LMUL
  C:1260H         PUBLIC        ?C?LMUL
  -------         ENDMOD        ?C?LMUL

  -------         MODULE        ?C?SLDIV
  C:4C04H         PUBLIC        ?C?SLDIV
  -------         ENDMOD        ?C?SLDIV

  -------         MODULE        ?C?LNEG
  C:12AFH         PUBLIC        ?C?LNEG
  -------         ENDMOD        ?C?LNEG

  -------         MODULE        ?C?ULCMP
  C:12BDH         PUBLIC        ?C?ULCMP
  -------         ENDMOD        ?C?ULCMP

  -------         MODULE        ?C?LSHL
  C:12CEH         PUBLIC        ?C?LSHL
  -------         ENDMOD        ?C?LSHL

  -------         MODULE        ?C?LLDPTR
  C:12E1H         PUBLIC        ?C?LLDPTR
  -------         ENDMOD        ?C?LLDPTR

  -------         MODULE        ?C?LLDOPTR
  C:1301H         PUBLIC        ?C?LLDOPTR
  -------         ENDMOD        ?C?LLDOPTR

  -------         MODULE        ?C?LSTPTR
  C:1331H         PUBLIC        ?C?LSTPTR
  -------         ENDMOD        ?C?LSTPTR

  -------         MODULE        ?C?LSTOPTR
  C:134BH         PUBLIC        ?C?LSTOPTR
  -------         ENDMOD        ?C?LSTOPTR

  -------         MODULE        ?C?LLDXDATA
  C:136FH         PUBLIC        ?C?LLDXDATA
  -------         ENDMOD        ?C?LLDXDATA
BL51 BANKED LINKER/LOCATER V6.22                                                      05/01/2019  10:51:11  PAGE 54



  -------         MODULE        ?C?LLDCODE
  C:137BH         PUBLIC        ?C?LLDCODE
  -------         ENDMOD        ?C?LLDCODE

  -------         MODULE        ?C?LLDXDATA0
  C:138BH         PUBLIC        ?C?LLDXDATA0
  -------         ENDMOD        ?C?LLDXDATA0

  -------         MODULE        ?C?LLDCODE0
  C:1397H         PUBLIC        ?C?LLDCODE0
  -------         ENDMOD        ?C?LLDCODE0

  -------         MODULE        ?C?LLDPTR0
  C:13A7H         PUBLIC        ?C?LLDPTR0
  -------         ENDMOD        ?C?LLDPTR0

  -------         MODULE        ?C?LSTXDATA
  C:13C7H         PUBLIC        ?C?LSTXDATA
  -------         ENDMOD        ?C?LSTXDATA

  -------         MODULE        ?C?LSTKXDATA
  C:13D3H         PUBLIC        ?C?LSTKXDATA
  -------         ENDMOD        ?C?LSTKXDATA

  -------         MODULE        ?C?LSTKPTR
  C:1404H         PUBLIC        ?C?LSTKPTR
  -------         ENDMOD        ?C?LSTKPTR

  -------         MODULE        ?C?OFFXADD
  C:141EH         PUBLIC        ?C?OFFXADD
  -------         ENDMOD        ?C?OFFXADD

  -------         MODULE        ATOI
  C:42C3H         PUBLIC        _atoi
  -------         ENDMOD        ATOI

  -------         MODULE        ?C?IILDX
  C:142AH         PUBLIC        ?C?IILDX
  -------         ENDMOD        ?C?IILDX

  -------         MODULE        ?C?ULDIV
  C:147CH         PUBLIC        ?C?ULDIV
  -------         ENDMOD        ?C?ULDIV

  -------         MODULE        ?C?LLDIDATA
  C:150EH         PUBLIC        ?C?LLDIDATA
  -------         ENDMOD        ?C?LLDIDATA

  -------         MODULE        ?C?LLDPDATA
  C:151AH         PUBLIC        ?C?LLDPDATA
  -------         ENDMOD        ?C?LLDPDATA

  -------         MODULE        ?C?LLDIDATA0
  C:1526H         PUBLIC        ?C?LLDIDATA0
  -------         ENDMOD        ?C?LLDIDATA0

BL51 BANKED LINKER/LOCATER V6.22                                                      05/01/2019  10:51:11  PAGE 55


  -------         MODULE        ?C?LLDPDATA0
  C:1533H         PUBLIC        ?C?LLDPDATA0
  -------         ENDMOD        ?C?LLDPDATA0

  -------         MODULE        ?C?LSTIDATA
  C:1540H         PUBLIC        ?C?LSTIDATA
  -------         ENDMOD        ?C?LSTIDATA

  -------         MODULE        ?C?LSTPDATA
  C:154CH         PUBLIC        ?C?LSTPDATA
  -------         ENDMOD        ?C?LSTPDATA

  -------         MODULE        ?C?LSTKIDATA
  C:1558H         PUBLIC        ?C?LSTKIDATA
  -------         ENDMOD        ?C?LSTKIDATA

  -------         MODULE        ?C?LSTKPDATA
  C:1571H         PUBLIC        ?C?LSTKPDATA
  -------         ENDMOD        ?C?LSTKPDATA

  -------         MODULE        ISDIGIT
  C:5096H         PUBLIC        _isdigit
  -------         ENDMOD        ISDIGIT

  -------         MODULE        ISSPACE
  C:5031H         PUBLIC        _isspace
  -------         ENDMOD        ISSPACE

*** WARNING L16: UNCALLED SEGMENT, IGNORED FOR OVERLAY PROCESS
    SEGMENT: ?PR?_DAY_OF_YEAR?PCF85063BTL

*** WARNING L16: UNCALLED SEGMENT, IGNORED FOR OVERLAY PROCESS
    SEGMENT: ?PR?INITUART1?UART1

*** WARNING L16: UNCALLED SEGMENT, IGNORED FOR OVERLAY PROCESS
    SEGMENT: ?PR?_SENDSTRING?UART1

*** WARNING L16: UNCALLED SEGMENT, IGNORED FOR OVERLAY PROCESS
    SEGMENT: ?PR?_TEN?UART1

*** WARNING L16: UNCALLED SEGMENT, IGNORED FOR OVERLAY PROCESS
    SEGMENT: ?PR?_UNIT?UART1

*** WARNING L16: UNCALLED SEGMENT, IGNORED FOR OVERLAY PROCESS
    SEGMENT: ?PR?_DECTOBCD?UART1

*** WARNING L16: UNCALLED SEGMENT, IGNORED FOR OVERLAY PROCESS
    SEGMENT: ?PR?_ASCII_LETTER?UART1

*** WARNING L16: UNCALLED SEGMENT, IGNORED FOR OVERLAY PROCESS
    SEGMENT: ?PR?_ASCIITOBCD?UART1

*** WARNING L16: UNCALLED SEGMENT, IGNORED FOR OVERLAY PROCESS
    SEGMENT: ?PR?WAIT?BIPOLARMOTOR

*** WARNING L16: UNCALLED SEGMENT, IGNORED FOR OVERLAY PROCESS
    SEGMENT: ?PR?NOP?IOEXPANDER_PI4IOE5V96248
BL51 BANKED LINKER/LOCATER V6.22                                                      05/01/2019  10:51:11  PAGE 56



*** WARNING L16: UNCALLED SEGMENT, IGNORED FOR OVERLAY PROCESS
    SEGMENT: ?PR?UC_ACK?IOEXPANDER_PI4IOE5V96248

*** WARNING L16: UNCALLED SEGMENT, IGNORED FOR OVERLAY PROCESS
    SEGMENT: ?PR?UC_NACK?IOEXPANDER_PI4IOE5V96248

*** WARNING L16: UNCALLED SEGMENT, IGNORED FOR OVERLAY PROCESS
    SEGMENT: ?PR?_AT25SF041_READ?AT25SF041

*** WARNING L1: UNRESOLVED EXTERNAL SYMBOL
    SYMBOL:  SPI_NOR_CLEARENABLE
    MODULE:  .\Obj\main.obj (MAIN)

*** WARNING L2: REFERENCE MADE TO UNRESOLVED EXTERNAL
    SYMBOL:  SPI_NOR_CLEARENABLE
    MODULE:  .\Obj\main.obj (MAIN)
    ADDRESS: 0039H

*** WARNING L2: REFERENCE MADE TO UNRESOLVED EXTERNAL
    SYMBOL:  SPI_NOR_CLEARENABLE
    MODULE:  .\Obj\main.obj (MAIN)
    ADDRESS: 0B3FH

*** WARNING L2: REFERENCE MADE TO UNRESOLVED EXTERNAL
    SYMBOL:  SPI_NOR_CLEARENABLE
    MODULE:  .\Obj\main.obj (MAIN)
    ADDRESS: 0BA8H

*** WARNING L1: UNRESOLVED EXTERNAL SYMBOL
    SYMBOL:  _SENDUART1
    MODULE:  .\Obj\UART1.obj (UART1)

*** WARNING L2: REFERENCE MADE TO UNRESOLVED EXTERNAL
    SYMBOL:  _SENDUART1
    MODULE:  .\Obj\UART1.obj (UART1)
    ADDRESS: 4D6EH

*** WARNING L1: UNRESOLVED EXTERNAL SYMBOL
    SYMBOL:  SPI_NOR_CLEARENABLE
    MODULE:  .\Obj\KeyPad.obj (KEYPAD)

*** WARNING L2: REFERENCE MADE TO UNRESOLVED EXTERNAL
    SYMBOL:  SPI_NOR_CLEARENABLE
    MODULE:  .\Obj\KeyPad.obj (KEYPAD)
    ADDRESS: 33C9H

*** WARNING L2: REFERENCE MADE TO UNRESOLVED EXTERNAL
    SYMBOL:  SPI_NOR_CLEARENABLE
    MODULE:  .\Obj\KeyPad.obj (KEYPAD)
    ADDRESS: 33CEH

Program Size: data=10.0 xdata=1533 code=20717
LINK/LOCATE RUN COMPLETE.  22 WARNING(S),  0 ERROR(S)
