BL51 BANKED LINKER/LOCATER V6.22                                                        08/06/2018  14:58:11  PAGE 1


BL51 BANKED LINKER/LOCATER V6.22, INVOKED BY:
C:\KEIL\C51\BIN\BL51.EXE .\Obj\main.obj, .\Obj\PCF85063BTL.obj, .\Obj\UART1.obj, .\Obj\LCd_Driver_SPLC780D.obj, .\Obj\Ke
>> yPad.obj, .\Obj\VCNL4035.obj, .\Obj\BipolarMotor.obj, .\Obj\STARTUP.obj TO .\Obj\GPIO_RTC_Test PRINT (.\Lis\GPIO_RTC_
>> Test.m51) RAMSIZE (256)


MEMORY MODEL: LARGE WITH FLOATING POINT ARITHMETIC


INPUT MODULES INCLUDED:
  .\Obj\main.obj (MAIN)
  .\Obj\PCF85063BTL.obj (PCF85063BTL)
  .\Obj\UART1.obj (UART1)
  .\Obj\LCd_Driver_SPLC780D.obj (LCD_DRIVER_SPLC780D)
  .\Obj\KeyPad.obj (KEYPAD)
  .\Obj\VCNL4035.obj (VCNL4035)
  .\Obj\BipolarMotor.obj (BIPOLARMOTOR)
  .\Obj\STARTUP.obj (?C_STARTUP)
  C:\KEIL\C51\LIB\C51FPL.LIB (?C?FPADD)
  C:\KEIL\C51\LIB\C51FPL.LIB (?C?FPMUL)
  C:\KEIL\C51\LIB\C51FPL.LIB (?C?FPDIV)
  C:\KEIL\C51\LIB\C51FPL.LIB (?C?FPCMP)
  C:\KEIL\C51\LIB\C51FPL.LIB (?C?FPNEG)
  C:\KEIL\C51\LIB\C51FPL.LIB (?C?FCAST)
  C:\KEIL\C51\LIB\C51FPL.LIB (?C?CASTF)
  C:\KEIL\C51\LIB\C51FPL.LIB (?C?FPGETOPN)
  C:\KEIL\C51\LIB\C51L.LIB (?C_INIT)
  C:\KEIL\C51\LIB\C51L.LIB (?C?CLDPTR)
  C:\KEIL\C51\LIB\C51L.LIB (?C?CSTPTR)
  C:\KEIL\C51\LIB\C51L.LIB (?C?IMUL)
  C:\KEIL\C51\LIB\C51L.LIB (?C?UIDIV)
  C:\KEIL\C51\LIB\C51L.LIB (?C?SIDIV)
  C:\KEIL\C51\LIB\C51L.LIB (?C?ILDIX)
  C:\KEIL\C51\LIB\C51L.LIB (?C?LNEG)
  C:\KEIL\C51\LIB\C51L.LIB (?C?LLDPTR)
  C:\KEIL\C51\LIB\C51L.LIB (?C?LSTPTR)
  C:\KEIL\C51\LIB\C51L.LIB (?C?LLDPTR0)
  C:\KEIL\C51\LIB\C51L.LIB (?C?LSTXDATA)
  C:\KEIL\C51\LIB\C51L.LIB (?C?LSTKXDATA)
  C:\KEIL\C51\LIB\C51L.LIB (?C?OFFXADD)
  C:\KEIL\C51\LIB\C51L.LIB (ABS)
  C:\KEIL\C51\LIB\C51L.LIB (ATOI)
  C:\KEIL\C51\LIB\C51L.LIB (?C?IILDX)
  C:\KEIL\C51\LIB\C51L.LIB (?C?LLDIDATA)
  C:\KEIL\C51\LIB\C51L.LIB (?C?LLDXDATA)
  C:\KEIL\C51\LIB\C51L.LIB (?C?LLDPDATA)
  C:\KEIL\C51\LIB\C51L.LIB (?C?LLDCODE)
  C:\KEIL\C51\LIB\C51L.LIB (?C?LLDIDATA0)
  C:\KEIL\C51\LIB\C51L.LIB (?C?LLDXDATA0)
  C:\KEIL\C51\LIB\C51L.LIB (?C?LLDPDATA0)
  C:\KEIL\C51\LIB\C51L.LIB (?C?LLDCODE0)
  C:\KEIL\C51\LIB\C51L.LIB (?C?LSTIDATA)
  C:\KEIL\C51\LIB\C51L.LIB (?C?LSTPDATA)
  C:\KEIL\C51\LIB\C51L.LIB (ISDIGIT)
  C:\KEIL\C51\LIB\C51L.LIB (ISSPACE)


LINK MAP OF MODULE:  .\Obj\GPIO_RTC_Test (MAIN)
BL51 BANKED LINKER/LOCATER V6.22                                                      08/06/2018  14:58:11  PAGE 2




            TYPE    BASE      LENGTH    RELOCATION   SEGMENT NAME
            -----------------------------------------------------

            * * * * * * *   D A T A   M E M O R Y   * * * * * * *
            REG     0000H     0008H     ABSOLUTE     "REG BANK 0"
            REG     0008H     0008H     ABSOLUTE     "REG BANK 1"
                    0010H     0010H                  *** GAP ***
            BIT     0020H.0   0000H.3   UNIT         ?BI?KEYPAD
            BIT     0020H.3   0000H.3   UNIT         _BIT_GROUP_
            BIT     0020H.6   0000H.1   UNIT         ?BI?MAIN
                    0020H.7   0000H.1                *** GAP ***
            IDATA   0021H     0001H     UNIT         ?STACK

            * * * * * * *  X D A T A   M E M O R Y  * * * * * * *
            XDATA   0000H     007CH     UNIT         ?XD?BIPOLARMOTOR
            XDATA   007CH     003CH     UNIT         _XDATA_GROUP_
            XDATA   00B8H     001CH     UNIT         ?XD?MAIN
            XDATA   00D4H     0009H     UNIT         ?XD?KEYPAD
            XDATA   00DDH     0008H     UNIT         ?XD?_READ_VCNL4035?VCNL4035
            XDATA   00E5H     0004H     UNIT         ?XD?_DISPLAY_PROX?MAIN
            XDATA   00E9H     0003H     UNIT         ?XD?_SENDSTRING?UART1
            XDATA   00ECH     0001H     UNIT         ?XD?UC_ACK?VCNL4035
            XDATA   00EDH     0001H     UNIT         ?XD?UC_NACK?VCNL4035
            XDATA   00EEH     0001H     UNIT         ?XD?_DISPLAYLCD_VCNL4035?VCNL4035

            * * * * * * *   C O D E   M E M O R Y   * * * * * * *
            CODE    0000H     0003H     ABSOLUTE     
            CODE    0003H     0007H     UNIT         ?PR?KEYPAD_IO_INIT?KEYPAD
            CODE    000AH     0001H     UNIT         ?PR?TM0_ISR?MAIN
            CODE    000BH     0003H     ABSOLUTE     
            CODE    000EH     0015H     UNIT         ?PR?_DISPLAY_LINE?LCD_DRIVER_SPLC780D
            CODE    0023H     0003H     ABSOLUTE     
            CODE    0026H     060EH     UNIT         ?C?LIB_CODE
            CODE    0634H     0279H     UNIT         ?PR?KEY_PROCESS?KEYPAD
            CODE    08ADH     026BH     UNIT         ?PR?MAIN?MAIN
            CODE    0B18H     022FH     UNIT         ?PR?_UPDATE_POSITION?BIPOLARMOTOR
            CODE    0D47H     01B5H     UNIT         ?PR?_DISPLAY_POS?MAIN
            CODE    0EFCH     0194H     UNIT         ?PR?KEY_SCAN?KEYPAD
            CODE    1090H     00DBH     UNIT         ?PR?_ATOI?ATOI
            CODE    116BH     00C5H     UNIT         ?C_INITSEG
            CODE    1230H     009BH     UNIT         ?PR?UART?MAIN
            CODE    12CBH     009AH     UNIT         ?PR?_READ_VCNL4035?VCNL4035
            CODE    1365H     0095H     UNIT         ?PR?_DISPLAY_PROX?MAIN
            CODE    13FAH     008CH     UNIT         ?C_C51STARTUP
            CODE    1486H     0084H     UNIT         ?PR?_DAY_OF_YEAR?PCF85063BTL
            CODE    150AH     0075H     UNIT         ?PR?_WRITEDATA?LCD_DRIVER_SPLC780D
            CODE    157FH     006FH     UNIT         ?PR?_READ_TIME?PCF85063BTL
            CODE    15EEH     0068H     UNIT         ?PR?_TREND_LINE_30_31?BIPOLARMOTOR
            CODE    1656H     0059H     UNIT         ?PR?_STEP_MOVE?BIPOLARMOTOR
            CODE    16AFH     0054H     UNIT         ?PR?LCD_INIT?LCD_DRIVER_SPLC780D
            CODE    1703H     0049H     UNIT         ?PR?_WRITE_VCNL4035X?VCNL4035
            CODE    174CH     0040H     UNIT         ?PR?_COMMAND?LCD_DRIVER_SPLC780D
            CODE    178CH     0034H     UNIT         ?PR?_MOVE?BIPOLARMOTOR
            CODE    17C0H     0033H     UNIT         ?PR?_SENDSTRING?UART1
            CODE    17F3H     002CH     UNIT         ?PR?I2C_RECEIVEBYTE?VCNL4035
BL51 BANKED LINKER/LOCATER V6.22                                                      08/06/2018  14:58:11  PAGE 3


            CODE    181FH     002BH     UNIT         ?PR?_WAIT_MS_I2C?VCNL4035
            CODE    184AH     0024H     UNIT         ?PR?_WAIT_MS?LCD_DRIVER_SPLC780D
            CODE    186EH     0024H     UNIT         ?PR?_BCDTODEC1?BIPOLARMOTOR
            CODE    1892H     0022H     UNIT         ?PR?_I2C_SENDBYTE?VCNL4035
            CODE    18B4H     0020H     UNIT         ?PR?_SPI_SENDBYTE?PCF85063BTL
            CODE    18D4H     0020H     UNIT         ?PR?SPI_RECEIVEBYTE?PCF85063BTL
            CODE    18F4H     001EH     UNIT         ?PR?_DELAY_MS?KEYPAD
            CODE    1912H     001EH     UNIT         ?PR?_WAIT_MS_IIC?VCNL4035
            CODE    1930H     001DH     UNIT         ?PR?_DISPLAYLCD?LCD_DRIVER_SPLC780D
            CODE    194DH     001BH     UNIT         ?PR?I2C_ACK?VCNL4035
            CODE    1968H     0018H     UNIT         ?PR?_SPI_WRITETIME?PCF85063BTL
            CODE    1980H     0017H     UNIT         ?PR?_ASCIITOBCD?UART1
            CODE    1997H     0017H     UNIT         ?PR?I2C_INIT?VCNL4035
            CODE    19AEH     0015H     UNIT         ?PR?I2C_STOP?VCNL4035
            CODE    19C3H     0014H     UNIT         ?PR?_PCF85063BTL_DELAY?PCF85063BTL
            CODE    19D7H     0014H     UNIT         ?PR?_ISSPACE?ISSPACE
            CODE    19EBH     0013H     UNIT         ?PR?I2C_START?VCNL4035
            CODE    19FEH     0011H     UNIT         ?PR?_SPI_READTIME?PCF85063BTL
            CODE    1A0FH     0011H     UNIT         ?PR?_BCDTODEC?PCF85063BTL
            CODE    1A20H     0011H     UNIT         ?PR?INITUART1?UART1
            CODE    1A31H     000FH     UNIT         ?PR?UC_NACK?VCNL4035
            CODE    1A40H     000FH     UNIT         ?PR?_ISDIGIT?ISDIGIT
            CODE    1A4FH     000DH     UNIT         ?PR?SPI_INIT?PCF85063BTL
            CODE    1A5CH     000CH     UNIT         ?PR?_ABS?ABS
            CODE    1A68H     000AH     UNIT         ?PR?LCD_RETURN_HOME?LCD_DRIVER_SPLC780D
            CODE    1A72H     000AH     UNIT         ?PR?LCD_CLEAR?LCD_DRIVER_SPLC780D
            CODE    1A7CH     0009H     UNIT         ?PR?_SENDUART1?MAIN
            CODE    1A85H     0006H     UNIT         ?PR?_TEN?UART1
            CODE    1A8BH     0006H     UNIT         ?PR?UC_ACK?VCNL4035
            CODE    1A91H     0006H     UNIT         ?PR?_DISPLAYLCD_VCNL4035?VCNL4035
            CODE    1A97H     0005H     UNIT         ?PR?_UNIT?UART1
            CODE    1A9CH     0005H     UNIT         ?PR?_ASCII_LETTER?UART1
            CODE    1AA1H     0001H     UNIT         ?PR?_DECTOBCD?UART1
            CODE    1AA2H     0001H     UNIT         ?PR?NOP?VCNL4035



OVERLAY MAP OF MODULE:   .\Obj\GPIO_RTC_Test (MAIN)


SEGMENT                                            BIT_GROUP          XDATA_GROUP
  +--> CALLED SEGMENT                           START    LENGTH     START    LENGTH
-----------------------------------------------------------------------------------
?PR?UART?MAIN                                   -----    -----      -----    -----
  +--> ?PR?_ASCIITOBCD?UART1

?PR?_ASCIITOBCD?UART1                           -----    -----      -----    -----
  +--> ?PR?_ATOI?ATOI

?PR?_ATOI?ATOI                                  0020H.3  0000H.1    007CH    0005H
  +--> ?PR?_ISSPACE?ISSPACE
  +--> ?PR?_ISDIGIT?ISDIGIT

*** NEW ROOT ***************************************************

?C_C51STARTUP                                   -----    -----      -----    -----
  +--> ?PR?MAIN?MAIN
BL51 BANKED LINKER/LOCATER V6.22                                                      08/06/2018  14:58:11  PAGE 4


  +--> ?C_INITSEG

?PR?MAIN?MAIN                                   -----    -----      0081H    0017H
  +--> ?PR?LCD_INIT?LCD_DRIVER_SPLC780D
  +--> ?PR?SPI_INIT?PCF85063BTL
  +--> ?PR?KEYPAD_IO_INIT?KEYPAD
  +--> ?PR?INITUART1?UART1
  +--> ?PR?I2C_INIT?VCNL4035
  +--> ?PR?_SPI_WRITETIME?PCF85063BTL
  +--> ?PR?_DELAY_MS?KEYPAD
  +--> ?PR?_DISPLAY_LINE?LCD_DRIVER_SPLC780D
  +--> ?PR?_WRITEDATA?LCD_DRIVER_SPLC780D
  +--> ?PR?KEY_PROCESS?KEYPAD
  +--> ?PR?_COMMAND?LCD_DRIVER_SPLC780D
  +--> ?PR?_DISPLAY_POS?MAIN
  +--> ?PR?_DISPLAYLCD?LCD_DRIVER_SPLC780D
  +--> ?PR?_STEP_MOVE?BIPOLARMOTOR
  +--> ?PR?LCD_RETURN_HOME?LCD_DRIVER_SPLC780D
  +--> ?PR?_READ_TIME?PCF85063BTL
  +--> ?PR?_UPDATE_POSITION?BIPOLARMOTOR
  +--> ?PR?_SENDUART1?MAIN

?PR?LCD_INIT?LCD_DRIVER_SPLC780D                -----    -----      -----    -----
  +--> ?PR?_WAIT_MS?LCD_DRIVER_SPLC780D
  +--> ?PR?_COMMAND?LCD_DRIVER_SPLC780D

?PR?_COMMAND?LCD_DRIVER_SPLC780D                -----    -----      -----    -----
  +--> ?PR?_WAIT_MS?LCD_DRIVER_SPLC780D

?PR?I2C_INIT?VCNL4035                           -----    -----      -----    -----
  +--> ?PR?_WRITE_VCNL4035X?VCNL4035

?PR?_WRITE_VCNL4035X?VCNL4035                   -----    -----      0098H    0003H
  +--> ?PR?I2C_START?VCNL4035
  +--> ?PR?_WAIT_MS_I2C?VCNL4035
  +--> ?PR?I2C_ACK?VCNL4035
  +--> ?PR?_I2C_SENDBYTE?VCNL4035
  +--> ?PR?I2C_STOP?VCNL4035

?PR?I2C_START?VCNL4035                          -----    -----      -----    -----
  +--> ?PR?_WAIT_MS_IIC?VCNL4035
  +--> ?PR?_WAIT_MS_I2C?VCNL4035

?PR?I2C_ACK?VCNL4035                            -----    -----      009BH    0001H
  +--> ?PR?_I2C_SENDBYTE?VCNL4035
  +--> ?PR?_WAIT_MS_I2C?VCNL4035

?PR?_I2C_SENDBYTE?VCNL4035                      -----    -----      -----    -----
  +--> ?PR?_WAIT_MS_I2C?VCNL4035

?PR?I2C_STOP?VCNL4035                           -----    -----      -----    -----
  +--> ?PR?_WAIT_MS_I2C?VCNL4035

?PR?_SPI_WRITETIME?PCF85063BTL                  -----    -----      -----    -----
  +--> ?PR?_SPI_SENDBYTE?PCF85063BTL

?PR?_SPI_SENDBYTE?PCF85063BTL                   -----    -----      -----    -----
BL51 BANKED LINKER/LOCATER V6.22                                                      08/06/2018  14:58:11  PAGE 5


  +--> ?PR?_PCF85063BTL_DELAY?PCF85063BTL

?PR?_DISPLAY_LINE?LCD_DRIVER_SPLC780D           -----    -----      -----    -----
  +--> ?PR?_COMMAND?LCD_DRIVER_SPLC780D

?PR?_WRITEDATA?LCD_DRIVER_SPLC780D              -----    -----      00A2H    0001H
  +--> ?PR?_WAIT_MS?LCD_DRIVER_SPLC780D

?PR?KEY_PROCESS?KEYPAD                          -----    -----      0098H    0006H
  +--> ?PR?KEY_SCAN?KEYPAD
  +--> ?PR?_SPI_WRITETIME?PCF85063BTL
  +--> ?PR?LCD_CLEAR?LCD_DRIVER_SPLC780D
  +--> ?PR?_COMMAND?LCD_DRIVER_SPLC780D
  +--> ?PR?_WRITEDATA?LCD_DRIVER_SPLC780D

?PR?KEY_SCAN?KEYPAD                             -----    -----      009EH    0003H
  +--> ?PR?_DELAY_MS?KEYPAD

?PR?LCD_CLEAR?LCD_DRIVER_SPLC780D               -----    -----      -----    -----
  +--> ?PR?_COMMAND?LCD_DRIVER_SPLC780D

?PR?_DISPLAY_POS?MAIN                           -----    -----      0098H    000AH
  +--> ?PR?_ABS?ABS
  +--> ?PR?_WRITEDATA?LCD_DRIVER_SPLC780D

?PR?_DISPLAYLCD?LCD_DRIVER_SPLC780D             -----    -----      0098H    0001H
  +--> ?PR?_WRITEDATA?LCD_DRIVER_SPLC780D

?PR?_STEP_MOVE?BIPOLARMOTOR                     0020H.5  0000H.1    00B4H    0004H
  +--> ?PR?_WAIT_MS?LCD_DRIVER_SPLC780D

?PR?LCD_RETURN_HOME?LCD_DRIVER_SPLC780D         -----    -----      -----    -----
  +--> ?PR?_COMMAND?LCD_DRIVER_SPLC780D

?PR?_READ_TIME?PCF85063BTL                      -----    -----      0098H    000FH
  +--> ?PR?_SPI_READTIME?PCF85063BTL

?PR?_SPI_READTIME?PCF85063BTL                   -----    -----      -----    -----
  +--> ?PR?_SPI_SENDBYTE?PCF85063BTL
  +--> ?PR?SPI_RECEIVEBYTE?PCF85063BTL

?PR?SPI_RECEIVEBYTE?PCF85063BTL                 -----    -----      -----    -----
  +--> ?PR?_PCF85063BTL_DELAY?PCF85063BTL

?PR?_UPDATE_POSITION?BIPOLARMOTOR               -----    -----      0098H    0018H
  +--> ?PR?_DAY_OF_YEAR?PCF85063BTL
  +--> ?PR?_BCDTODEC1?BIPOLARMOTOR
  +--> ?PR?_TREND_LINE_30_31?BIPOLARMOTOR
  +--> ?PR?_MOVE?BIPOLARMOTOR

?PR?_DAY_OF_YEAR?PCF85063BTL                    -----    -----      -----    -----
  +--> ?PR?_BCDTODEC?PCF85063BTL

?PR?_TREND_LINE_30_31?BIPOLARMOTOR              -----    -----      00B0H    0004H

?PR?_MOVE?BIPOLARMOTOR                          0020H.4  0000H.1    00B0H    0004H
  +--> ?PR?_STEP_MOVE?BIPOLARMOTOR
BL51 BANKED LINKER/LOCATER V6.22                                                      08/06/2018  14:58:11  PAGE 6





SYMBOL TABLE OF MODULE:  .\Obj\GPIO_RTC_Test (MAIN)

  VALUE           TYPE          NAME
  ----------------------------------

  -------         MODULE        MAIN
  C:0000H         SYMBOL        _ICE_DUMMY_
  D:0080H         PUBLIC        P0
  D:0090H         PUBLIC        P1
  D:00A0H         PUBLIC        P2
  D:00B0H         PUBLIC        P3
  D:00C0H         PUBLIC        P4
  D:00C8H         PUBLIC        P5
  X:00C0H         SYMBOL        PressedKey
  B:00A8H.7       PUBLIC        EA
  D:00E8H         PUBLIC        P6
  D:00F8H         PUBLIC        P7
  X:00C4H         PUBLIC        RX_Data_Uart_Cnt
  D:00A8H         PUBLIC        IE
  D:00B8H         PUBLIC        IP
  B:0098H.0       PUBLIC        RI
  B:0098H.1       PUBLIC        TI
  C:1230H         PUBLIC        Uart
  D:00D8H         PUBLIC        CCON
  C:08ADH         PUBLIC        main
  D:0099H         PUBLIC        SBUF
  D:0098H         PUBLIC        SCON
  D:0089H         PUBLIC        TMOD
  D:0088H         PUBLIC        TCON
  B:00B0H.3       PUBLIC        P33
  X:00C6H         SYMBOL        KeyCount
  X:00C8H         PUBLIC        Rec_data_hour
  X:00CBH         PUBLIC        Rec_data_min
  D:008EH         PUBLIC        AUXR
  C:000AH         PUBLIC        tm0_isr
  B:0020H.6       PUBLIC        busy
  D:00E0H         PUBLIC        ACC
  B:00A8H.1       PUBLIC        ET0
  D:008CH         PUBLIC        TH0
  X:00CEH         PUBLIC        hour_count
  D:008AH         PUBLIC        TL0
  X:00CFH         PUBLIC        min_count
  B:0088H.4       PUBLIC        TR0
  X:00D0H         SYMBOL        KeyNum
  X:00D1H         SYMBOL        KeyNum_Old
  C:1365H         PUBLIC        _Display_Prox
  C:0D47H         PUBLIC        _Display_Pos
  X:00D2H         PUBLIC        st_time
  D:00D0H         PUBLIC        PSW
  C:1A7CH         PUBLIC        _SendUART1
  -------         PROC          TM0_ISR
  C:000AH         LINE#         53
  C:000AH         LINE#         56
  -------         ENDPROC       TM0_ISR
BL51 BANKED LINKER/LOCATER V6.22                                                      08/06/2018  14:58:11  PAGE 7


  -------         PROC          MAIN
  -------         DO            
  X:0081H         SYMBOL        seconds
  X:0082H         SYMBOL        mins
  X:0083H         SYMBOL        hours
  X:0084H         SYMBOL        days
  X:0085H         SYMBOL        months
  X:0086H         SYMBOL        mins1
  X:0087H         SYMBOL        hours1
  X:0088H         SYMBOL        mins2
  X:0089H         SYMBOL        hours2
  X:008AH         SYMBOL        prox_data
  X:00B8H         SYMBOL        KeyCount
  X:00BAH         SYMBOL        KeyNum_Old
  X:00BBH         SYMBOL        KeyNum
  X:00BCH         SYMBOL        PressedKey
  X:008CH         SYMBOL        prox_flag
  X:008DH         SYMBOL        count
  X:008FH         SYMBOL        numStr
  X:0094H         SYMBOL        current_position
  -------         ENDDO         
  C:08ADH         LINE#         58
  C:08ADH         LINE#         59
  C:08ADH         LINE#         64
  C:08B3H         LINE#         66
  C:08B8H         LINE#         68
  C:08C2H         LINE#         69
  C:08C4H         LINE#         70
  C:08C6H         LINE#         71
  C:08C8H         LINE#         80
  C:08CBH         LINE#         81
  C:08CEH         LINE#         82
  C:08D1H         LINE#         83
  C:08D4H         LINE#         84
  C:08D7H         LINE#         86
  C:08DAH         LINE#         87
  C:08DDH         LINE#         88
  C:08E0H         LINE#         89
  C:08E2H         LINE#         90
  C:08E4H         LINE#         91
  C:08E6H         LINE#         93
  C:08E8H         LINE#         94
  C:08EFH         LINE#         95
  C:08F6H         LINE#         96
  C:08FDH         LINE#         97
  C:0904H         LINE#         101
  C:090BH         LINE#         102
  C:0910H         LINE#         103
  C:0915H         LINE#         104
  C:091AH         LINE#         105
  C:091FH         LINE#         106
  C:0924H         LINE#         109
  C:0924H         LINE#         110
  C:0924H         LINE#         111
  C:0927H         LINE#         112
  C:0935H         LINE#         114
  C:0935H         LINE#         117
BL51 BANKED LINKER/LOCATER V6.22                                                      08/06/2018  14:58:11  PAGE 8


  C:093AH         LINE#         118
  C:093FH         LINE#         120
  C:0944H         LINE#         121
  C:0949H         LINE#         122
  C:094EH         LINE#         123
  C:0953H         LINE#         125
  C:0964H         LINE#         127
  C:096BH         LINE#         128
  C:0973H         LINE#         129
  C:0978H         LINE#         130
  C:0980H         LINE#         131
  C:0985H         LINE#         132
  C:098FH         LINE#         134
  C:0997H         LINE#         136
  C:099FH         LINE#         148
  C:09A2H         LINE#         149
  C:09A2H         LINE#         150
  C:09ADH         LINE#         151
  C:09C4H         LINE#         152
  C:09C4H         LINE#         153
  C:09C6H         LINE#         154
  C:09C8H         LINE#         156
  C:09C8H         LINE#         157
  C:09D3H         LINE#         158
  C:09D3H         LINE#         159
  C:09D8H         LINE#         160
  C:09D8H         LINE#         161
  C:09DBH         LINE#         162
  C:09DBH         LINE#         163
  C:09DDH         LINE#         164
  C:09E8H         LINE#         165
  C:09FFH         LINE#         166
  C:09FFH         LINE#         167
  C:0A01H         LINE#         168
  C:0A03H         LINE#         170
  C:0A03H         LINE#         171
  C:0A0EH         LINE#         172
  C:0A0EH         LINE#         173
  C:0A13H         LINE#         174
  C:0A13H         LINE#         182
  C:0A1CH         LINE#         183
  C:0A1CH         LINE#         184
  C:0A26H         LINE#         185
  C:0A2CH         LINE#         186
  C:0A2EH         LINE#         187
  C:0A30H         LINE#         188
  C:0A32H         LINE#         189
  C:0A32H         LINE#         190
  C:0A35H         LINE#         192
  C:0A35H         LINE#         193
  C:0A3DH         LINE#         194
  C:0A45H         LINE#         195
  C:0A4DH         LINE#         196
  C:0A55H         LINE#         197
  C:0A90H         LINE#         201
  C:0AB7H         LINE#         202
  C:0ADDH         LINE#         206
BL51 BANKED LINKER/LOCATER V6.22                                                      08/06/2018  14:58:11  PAGE 9


  C:0AEAH         LINE#         207
  C:0AEAH         LINE#         208
  C:0AF4H         LINE#         209
  C:0AFEH         LINE#         210
  C:0B05H         LINE#         211
  C:0B0DH         LINE#         212
  C:0B15H         LINE#         213
  -------         ENDPROC       MAIN
  -------         PROC          UART
  C:1230H         LINE#         226
  C:123DH         LINE#         228
  C:1240H         LINE#         229
  C:1240H         LINE#         230
  C:124EH         LINE#         231
  C:1250H         LINE#         232
  C:1262H         LINE#         233
  C:1271H         LINE#         234
  C:127CH         LINE#         235
  C:127CH         LINE#         238
  C:1289H         LINE#         239
  C:128FH         LINE#         240
  C:128FH         LINE#         241
  C:1295H         LINE#         242
  C:12A3H         LINE#         243
  C:12B1H         LINE#         244
  C:12B9H         LINE#         249
  C:12B9H         LINE#         250
  C:12B9H         LINE#         253
  C:12B9H         LINE#         254
  C:12BCH         LINE#         255
  C:12BCH         LINE#         256
  C:12BEH         LINE#         257
  C:12C0H         LINE#         258
  C:12C0H         LINE#         259
  -------         ENDPROC       UART
  -------         PROC          _SENDUART1
  D:0007H         SYMBOL        dat
  C:1A7CH         LINE#         262
  C:1A7CH         LINE#         263
  C:1A7CH         LINE#         264
  C:1A7FH         LINE#         265
  C:1A81H         LINE#         266
  C:1A82H         LINE#         267
  C:1A84H         LINE#         268
  -------         ENDPROC       _SENDUART1
  -------         PROC          _DISPLAY_PROX
  D:0002H         SYMBOL        dat
  -------         DO            
  X:00E5H         SYMBOL        unit
  X:00E6H         SYMBOL        ten
  X:00E7H         SYMBOL        hundred
  X:00E8H         SYMBOL        thousand
  -------         ENDDO         
  C:1365H         LINE#         271
  C:1369H         LINE#         272
  C:1369H         LINE#         274
  C:1375H         LINE#         275
BL51 BANKED LINKER/LOCATER V6.22                                                      08/06/2018  14:58:11  PAGE 10


  C:1385H         LINE#         276
  C:13A1H         LINE#         277
  C:13D1H         LINE#         278
  C:13DBH         LINE#         279
  C:13E5H         LINE#         280
  C:13EFH         LINE#         281
  C:13F9H         LINE#         283
  -------         ENDPROC       _DISPLAY_PROX
  -------         PROC          _DISPLAY_POS
  X:0098H         SYMBOL        sign_dat
  -------         DO            
  X:009CH         SYMBOL        unit
  X:009DH         SYMBOL        ten
  X:009EH         SYMBOL        hundred
  D:0003H         SYMBOL        thousand
  X:009FH         SYMBOL        after_dot
  X:00A0H         SYMBOL        dat
  -------         ENDDO         
  C:0D47H         LINE#         286
  C:0D4DH         LINE#         287
  C:0D4DH         LINE#         291
  C:0D69H         LINE#         292
  C:0D83H         LINE#         293
  C:0DA7H         LINE#         295
  C:0DF1H         LINE#         297
  C:0E08H         LINE#         298
  C:0E15H         LINE#         299
  C:0E37H         LINE#         300
  C:0E6CH         LINE#         301
  C:0E84H         LINE#         302
  C:0E84H         LINE#         304
  C:0E8EH         LINE#         305
  C:0E98H         LINE#         306
  C:0EA2H         LINE#         307
  C:0EA7H         LINE#         308
  C:0EB1H         LINE#         309
  C:0EB6H         LINE#         310
  C:0EBBH         LINE#         311
  C:0EBDH         LINE#         312
  C:0EBFH         LINE#         314
  C:0EBFH         LINE#         316
  C:0EC4H         LINE#         317
  C:0ECEH         LINE#         318
  C:0ED8H         LINE#         319
  C:0EE2H         LINE#         320
  C:0EE7H         LINE#         321
  C:0EF1H         LINE#         322
  C:0EF6H         LINE#         323
  C:0EFBH         LINE#         325
  C:0EFBH         LINE#         327
  -------         ENDPROC       _DISPLAY_POS
  -------         ENDMOD        MAIN

  -------         MODULE        PCF85063BTL
  C:0000H         SYMBOL        _ICE_DUMMY_
  D:0096H         PUBLIC        P2M0
  D:0080H         PUBLIC        P0
BL51 BANKED LINKER/LOCATER V6.22                                                      08/06/2018  14:58:11  PAGE 11


  D:0095H         PUBLIC        P2M1
  D:0090H         PUBLIC        P1
  D:00A0H         PUBLIC        P2
  D:00B0H         PUBLIC        P3
  D:00C0H         PUBLIC        P4
  D:00C8H         PUBLIC        P5
  D:00E8H         PUBLIC        P6
  B:00A0H.2       PUBLIC        PCF85063BTL_SDI
  D:00F8H         PUBLIC        P7
  B:00A0H.1       PUBLIC        PCF85063BTL_SCK
  B:00A0H.2       PUBLIC        PCF85063BTL_SDO
  D:00A8H         PUBLIC        IE
  C:157FH         PUBLIC        _Read_time
  C:19C9H         PUBLIC        _PCF85063BTL_Delay
  D:00B8H         PUBLIC        IP
  D:00D8H         PUBLIC        CCON
  C:1486H         PUBLIC        _Day_Of_Year
  C:18D4H         PUBLIC        SPI_ReceiveByte
  D:0098H         PUBLIC        SCON
  D:0088H         PUBLIC        TCON
  C:1A0FH         PUBLIC        _BCDtoDec
  B:00A0H.0       PUBLIC        PCF85063BTL_CS
  C:19FEH         PUBLIC        _SPI_ReadTime
  C:1A4FH         PUBLIC        SPI_Init
  C:1968H         PUBLIC        _SPI_WriteTime
  C:18B4H         PUBLIC        _SPI_SendByte
  D:00D0H         PUBLIC        PSW
  C:19C5H         SYMBOL        L?0047
  -------         PROC          L?0046
  -------         ENDPROC       L?0046
  C:19C5H         SYMBOL        L?0047
  -------         PROC          _PCF85063BTL_DELAY
  D:0006H         SYMBOL        us
  C:19C9H         LINE#         8
  C:19C9H         LINE#         9
  C:19C9H         LINE#         10
  C:19D3H         LINE#         11
  C:19D3H         LINE#         12
  C:19D4H         LINE#         13
  C:19D6H         LINE#         14
  -------         ENDPROC       _PCF85063BTL_DELAY
  -------         PROC          _SPI_SENDBYTE
  D:0005H         SYMBOL        dat
  -------         DO            
  D:0003H         SYMBOL        i
  -------         ENDDO         
  C:18B4H         LINE#         17
  C:18B6H         LINE#         18
  C:18B6H         LINE#         20
  C:18B8H         LINE#         21
  C:18B8H         LINE#         22
  C:18BAH         LINE#         23
  C:18BEH         LINE#         24
  C:18BEH         LINE#         25
  C:18C0H         LINE#         26
  C:18C2H         LINE#         28
  C:18C2H         LINE#         29
BL51 BANKED LINKER/LOCATER V6.22                                                      08/06/2018  14:58:11  PAGE 12


  C:18C4H         LINE#         30
  C:18C4H         LINE#         31
  C:18C7H         LINE#         32
  C:18C7H         LINE#         33
  C:18CAH         LINE#         34
  C:18CEH         LINE#         35
  C:18D3H         LINE#         36
  -------         ENDPROC       _SPI_SENDBYTE
  -------         PROC          SPI_RECEIVEBYTE
  -------         DO            
  D:0003H         SYMBOL        i
  D:0005H         SYMBOL        dat
  -------         ENDDO         
  C:18D4H         LINE#         39
  C:18D4H         LINE#         40
  C:18D4H         LINE#         42
  C:18D6H         LINE#         44
  C:18D8H         LINE#         45
  C:18D9H         LINE#         46
  C:18D9H         LINE#         47
  C:18DDH         LINE#         48
  C:18DFH         LINE#         49
  C:18E2H         LINE#         51
  C:18E5H         LINE#         52
  C:18E5H         LINE#         53
  C:18E9H         LINE#         54
  C:18E9H         LINE#         55
  C:18E9H         LINE#         56
  C:18ECH         LINE#         57
  C:18F1H         LINE#         58
  C:18F3H         LINE#         59
  -------         ENDPROC       SPI_RECEIVEBYTE
  -------         PROC          _SPI_READTIME
  D:0007H         SYMBOL        addr
  -------         DO            
  D:0006H         SYMBOL        dat
  -------         ENDDO         
  C:19FEH         LINE#         61
  C:19FEH         LINE#         62
  C:19FEH         LINE#         64
  C:1A00H         LINE#         65
  C:1A02H         LINE#         66
  C:1A09H         LINE#         67
  C:1A0CH         LINE#         68
  C:1A0EH         LINE#         69
  C:1A0EH         LINE#         70
  -------         ENDPROC       _SPI_READTIME
  -------         PROC          _SPI_WRITETIME
  D:0002H         SYMBOL        val
  D:0005H         SYMBOL        addr
  C:1968H         LINE#         71
  C:196AH         LINE#         72
  C:196AH         LINE#         74
  C:196CH         LINE#         75
  C:1973H         LINE#         76
  C:1978H         LINE#         77
  C:197DH         LINE#         78
BL51 BANKED LINKER/LOCATER V6.22                                                      08/06/2018  14:58:11  PAGE 13


  C:197FH         LINE#         79
  -------         ENDPROC       _SPI_WRITETIME
  -------         PROC          SPI_INIT
  C:1A4FH         LINE#         83
  C:1A4FH         LINE#         84
  C:1A4FH         LINE#         89
  C:1A52H         LINE#         90
  C:1A55H         LINE#         91
  C:1A57H         LINE#         92
  C:1A59H         LINE#         93
  C:1A5BH         LINE#         94
  -------         ENDPROC       SPI_INIT
  -------         PROC          _READ_TIME
  X:0098H         SYMBOL        months
  X:009BH         SYMBOL        days
  X:009EH         SYMBOL        hours
  X:00A1H         SYMBOL        mins
  X:00A4H         SYMBOL        seconds
  C:157FH         LINE#         96
  C:158AH         LINE#         97
  C:158AH         LINE#         99
  C:159EH         LINE#         101
  C:15B2H         LINE#         103
  C:15C6H         LINE#         108
  C:15DAH         LINE#         113
  -------         ENDPROC       _READ_TIME
  -------         PROC          _BCDTODEC
  D:0007H         SYMBOL        bcd
  -------         DO            
  D:0006H         SYMBOL        hi
  D:0007H         SYMBOL        lo
  -------         ENDDO         
  C:1A0FH         LINE#         119
  C:1A0FH         LINE#         120
  C:1A0FH         LINE#         122
  C:1A14H         LINE#         123
  C:1A18H         LINE#         124
  C:1A1FH         LINE#         125
  -------         ENDPROC       _BCDTODEC
  -------         PROC          _DAY_OF_YEAR
  D:0007H         SYMBOL        months_bcd
  D:0005H         SYMBOL        days_bcd
  -------         DO            
  D:0004H         SYMBOL        months
  D:0007H         SYMBOL        days
  -------         ENDDO         
  C:1486H         LINE#         126
  C:1486H         LINE#         127
  C:1486H         LINE#         130
  C:148BH         LINE#         132
  C:1490H         LINE#         134
  C:14C9H         LINE#         135
  C:14C9H         LINE#         136
  C:14C9H         LINE#         137
  C:14CCH         LINE#         138
  C:14CCH         LINE#         139
  C:14CCH         LINE#         140
BL51 BANKED LINKER/LOCATER V6.22                                                      08/06/2018  14:58:11  PAGE 14


  C:14D1H         LINE#         141
  C:14D1H         LINE#         142
  C:14D1H         LINE#         143
  C:14D6H         LINE#         144
  C:14D6H         LINE#         145
  C:14D6H         LINE#         146
  C:14DBH         LINE#         147
  C:14DBH         LINE#         148
  C:14DBH         LINE#         149
  C:14E0H         LINE#         150
  C:14E0H         LINE#         151
  C:14E0H         LINE#         152
  C:14E5H         LINE#         153
  C:14E5H         LINE#         154
  C:14E5H         LINE#         155
  C:14EAH         LINE#         156
  C:14EAH         LINE#         157
  C:14EAH         LINE#         158
  C:14EFH         LINE#         159
  C:14EFH         LINE#         160
  C:14EFH         LINE#         161
  C:14F7H         LINE#         162
  C:14F7H         LINE#         163
  C:14F7H         LINE#         164
  C:14FCH         LINE#         165
  C:14FCH         LINE#         166
  C:14FCH         LINE#         167
  C:1501H         LINE#         168
  C:1501H         LINE#         169
  C:1501H         LINE#         170
  C:1509H         LINE#         171
  C:1509H         LINE#         172
  C:1509H         LINE#         173
  -------         ENDPROC       _DAY_OF_YEAR
  -------         ENDMOD        PCF85063BTL

  -------         MODULE        UART1
  C:0000H         SYMBOL        _ICE_DUMMY_
  D:0080H         PUBLIC        P0
  D:0090H         PUBLIC        P1
  D:00A0H         PUBLIC        P2
  D:00B0H         PUBLIC        P3
  D:00C0H         PUBLIC        P4
  D:00C8H         PUBLIC        P5
  B:00A8H.7       PUBLIC        EA
  D:00E8H         PUBLIC        P6
  D:00F8H         PUBLIC        P7
  C:17C0H         PUBLIC        _SendString
  D:00A8H         PUBLIC        IE
  B:00A8H.4       PUBLIC        ES
  D:00B8H         PUBLIC        IP
  C:1980H         PUBLIC        _ASCIItoBCD
  D:00D8H         PUBLIC        CCON
  C:1A20H         PUBLIC        initUART1
  D:0098H         PUBLIC        SCON
  D:0088H         PUBLIC        TCON
  C:1AA1H         PUBLIC        _DectoBCD
BL51 BANKED LINKER/LOCATER V6.22                                                      08/06/2018  14:58:11  PAGE 15


  C:1A9CH         PUBLIC        _ASCII_Letter
  D:008EH         PUBLIC        AUXR
  C:1A97H         PUBLIC        _unit
  C:1A85H         PUBLIC        _ten
  D:00D6H         PUBLIC        T2H
  D:00D7H         PUBLIC        T2L
  D:00D0H         PUBLIC        PSW
  -------         PROC          INITUART1
  C:1A20H         LINE#         21
  C:1A20H         LINE#         22
  C:1A20H         LINE#         23
  C:1A23H         LINE#         24
  C:1A26H         LINE#         25
  C:1A29H         LINE#         26
  C:1A2CH         LINE#         27
  C:1A2EH         LINE#         28
  C:1A30H         LINE#         30
  -------         ENDPROC       INITUART1
  -------         PROC          _SENDSTRING
  X:00E9H         SYMBOL        s
  C:17C0H         LINE#         35
  C:17CBH         LINE#         36
  C:17CBH         LINE#         37
  C:17DBH         LINE#         38
  C:17DBH         LINE#         39
  C:17F0H         LINE#         40
  C:17F2H         LINE#         41
  -------         ENDPROC       _SENDSTRING
  -------         PROC          _TEN
  D:0007H         SYMBOL        BCD
  C:1A85H         LINE#         43
  C:1A85H         LINE#         44
  C:1A85H         LINE#         45
  C:1A8AH         LINE#         46
  -------         ENDPROC       _TEN
  -------         PROC          _UNIT
  D:0007H         SYMBOL        BCD
  C:1A97H         LINE#         47
  C:1A97H         LINE#         48
  C:1A97H         LINE#         52
  C:1A9BH         LINE#         53
  -------         ENDPROC       _UNIT
  -------         PROC          _DECTOBCD
  D:0007H         SYMBOL        dec
  C:1AA1H         LINE#         54
  C:1AA1H         LINE#         55
  C:1AA1H         LINE#         57
  C:1AA1H         LINE#         58
  -------         ENDPROC       _DECTOBCD
  -------         PROC          _ASCII_LETTER
  D:0007H         SYMBOL        dat
  C:1A9CH         LINE#         60
  C:1A9CH         LINE#         61
  C:1A9CH         LINE#         63
  C:1AA0H         LINE#         64
  -------         ENDPROC       _ASCII_LETTER
  -------         PROC          _ASCIITOBCD
BL51 BANKED LINKER/LOCATER V6.22                                                      08/06/2018  14:58:11  PAGE 16


  D:0001H         SYMBOL        ascii
  -------         DO            
  D:0007H         SYMBOL        dec_val
  D:0006H         SYMBOL        ten
  D:0007H         SYMBOL        unit
  -------         ENDDO         
  C:1980H         LINE#         66
  C:1980H         LINE#         67
  C:1980H         LINE#         69
  C:1983H         LINE#         70
  C:1989H         LINE#         71
  C:1990H         LINE#         72
  C:1996H         LINE#         74
  -------         ENDPROC       _ASCIITOBCD
  -------         ENDMOD        UART1

  -------         MODULE        LCD_DRIVER_SPLC780D
  C:0000H         SYMBOL        _ICE_DUMMY_
  D:0080H         PUBLIC        P0
  D:0090H         PUBLIC        P1
  D:00A0H         PUBLIC        P2
  D:00B0H         PUBLIC        P3
  D:00C0H         PUBLIC        P4
  D:00C8H         PUBLIC        P5
  D:00E8H         PUBLIC        P6
  D:00F8H         PUBLIC        P7
  C:150AH         PUBLIC        _WriteData
  D:00A8H         PUBLIC        IE
  D:00B8H         PUBLIC        IP
  D:00D8H         PUBLIC        CCON
  B:0090H.4       PUBLIC        LCD_D4
  B:0090H.5       PUBLIC        LCD_D5
  B:0090H.6       PUBLIC        LCD_D6
  C:1930H         PUBLIC        _DisplayLCD
  B:0090H.7       PUBLIC        LCD_D7
  D:0098H         PUBLIC        SCON
  D:0088H         PUBLIC        TCON
  C:1A72H         PUBLIC        LCD_clear
  C:174CH         PUBLIC        _Command
  C:000EH         PUBLIC        _Display_Line
  C:16AFH         PUBLIC        LCD_Init
  C:1850H         PUBLIC        _Wait_ms
  B:0090H.1       PUBLIC        LCD_RS
  B:0090H.2       PUBLIC        LCD_RW
  C:1A68H         PUBLIC        LCD_return_home
  B:0090H.3       PUBLIC        LCD_E
  D:00D0H         PUBLIC        PSW
  -------         PROC          LCD_INIT
  C:16AFH         LINE#         9
  C:16AFH         LINE#         10
  C:16AFH         LINE#         12
  C:16B6H         LINE#         13
  C:16BBH         LINE#         15
  C:16C2H         LINE#         16
  C:16C7H         LINE#         18
  C:16CAH         LINE#         19
  C:16CFH         LINE#         21
BL51 BANKED LINKER/LOCATER V6.22                                                      08/06/2018  14:58:11  PAGE 17


  C:16D2H         LINE#         22
  C:16D7H         LINE#         24
  C:16DEH         LINE#         27
  C:16E3H         LINE#         28
  C:16E8H         LINE#         30
  C:16EDH         LINE#         31
  C:16F2H         LINE#         33
  C:16F7H         LINE#         34
  C:16FCH         LINE#         35
  -------         ENDPROC       LCD_INIT
  -------         PROC          _WRITEDATA
  X:00A2H         SYMBOL        dat
  C:150AH         LINE#         38
  C:150FH         LINE#         39
  C:150FH         LINE#         44
  C:1511H         LINE#         45
  C:1513H         LINE#         47
  C:1521H         LINE#         48
  C:152DH         LINE#         49
  C:1539H         LINE#         50
  C:1543H         LINE#         51
  C:1545H         LINE#         52
  C:154CH         LINE#         53
  C:154EH         LINE#         55
  C:155EH         LINE#         56
  C:1569H         LINE#         57
  C:1573H         LINE#         58
  C:1577H         LINE#         60
  C:1577H         LINE#         61
  C:157AH         LINE#         62
  C:157CH         LINE#         63
  C:157EH         LINE#         65
  -------         ENDPROC       _WRITEDATA
  -------         PROC          _COMMAND
  D:0007H         SYMBOL        dat
  C:174CH         LINE#         67
  C:174CH         LINE#         68
  C:174CH         LINE#         69
  C:174EH         LINE#         70
  C:1750H         LINE#         72
  C:175AH         LINE#         73
  C:175EH         LINE#         75
  C:1760H         LINE#         76
  C:1769H         LINE#         77
  C:176DH         LINE#         79
  C:176FH         LINE#         80
  C:1776H         LINE#         81
  C:177AH         LINE#         83
  C:177CH         LINE#         84
  C:1780H         LINE#         85
  C:1784H         LINE#         87
  C:1786H         LINE#         88
  C:1786H         LINE#         89
  C:1789H         LINE#         90
  C:178BH         LINE#         91
  -------         ENDPROC       _COMMAND
  C:184CH         SYMBOL        L?0028
BL51 BANKED LINKER/LOCATER V6.22                                                      08/06/2018  14:58:11  PAGE 18


  -------         PROC          L?0027
  -------         ENDPROC       L?0027
  C:184CH         SYMBOL        L?0028
  -------         PROC          _WAIT_MS
  D:0006H         SYMBOL        ms
  -------         DO            
  D:0004H         SYMBOL        De_Cnt
  -------         ENDDO         
  C:1850H         LINE#         93
  C:1850H         LINE#         94
  C:1850H         LINE#         96
  C:185AH         LINE#         97
  C:185AH         LINE#         98
  C:186DH         LINE#         99
  C:186DH         LINE#         100
  -------         ENDPROC       _WAIT_MS
  -------         PROC          _DISPLAYLCD
  D:0007H         SYMBOL        BCD
  -------         DO            
  D:0006H         SYMBOL        first_digit
  X:0098H         SYMBOL        second_digit
  -------         ENDDO         
  C:1930H         LINE#         101
  C:1930H         LINE#         102
  C:1930H         LINE#         104
  C:1937H         LINE#         105
  C:1940H         LINE#         107
  C:1945H         LINE#         109
  -------         ENDPROC       _DISPLAYLCD
  -------         PROC          LCD_RETURN_HOME
  C:1A68H         LINE#         113
  C:1A68H         LINE#         114
  C:1A68H         LINE#         115
  C:1A6DH         LINE#         116
  -------         ENDPROC       LCD_RETURN_HOME
  -------         PROC          LCD_CLEAR
  C:1A72H         LINE#         119
  C:1A72H         LINE#         120
  C:1A72H         LINE#         121
  C:1A77H         LINE#         122
  -------         ENDPROC       LCD_CLEAR
  -------         PROC          _DISPLAY_LINE
  D:0006H         SYMBOL        line
  C:000EH         LINE#         126
  C:000EH         LINE#         127
  C:000EH         LINE#         128
  C:0014H         LINE#         129
  C:0014H         LINE#         130
  C:0016H         LINE#         131
  C:0016H         LINE#         132
  C:0018H         LINE#         134
  C:0018H         LINE#         135
  C:001DH         LINE#         136
  C:0022H         LINE#         137
  C:0022H         LINE#         138
  -------         ENDPROC       _DISPLAY_LINE
  -------         ENDMOD        LCD_DRIVER_SPLC780D
BL51 BANKED LINKER/LOCATER V6.22                                                      08/06/2018  14:58:11  PAGE 19



  -------         MODULE        KEYPAD
  C:0000H         SYMBOL        _ICE_DUMMY_
  D:0093H         PUBLIC        P0M1
  D:0080H         PUBLIC        P0
  D:0090H         PUBLIC        P1
  D:00A0H         PUBLIC        P2
  D:00B0H         PUBLIC        P3
  D:00C0H         PUBLIC        P4
  D:00C8H         PUBLIC        P5
  D:00E8H         PUBLIC        P6
  D:00F8H         PUBLIC        P7
  D:00A8H         PUBLIC        IE
  C:0EFCH         PUBLIC        Key_Scan
  D:00B8H         PUBLIC        IP
  D:00D8H         PUBLIC        CCON
  C:0003H         PUBLIC        KeyPad_IO_Init
  C:18F4H         PUBLIC        _Delay_ms
  D:0098H         PUBLIC        SCON
  D:0088H         PUBLIC        TCON
  B:0020H.0       PUBLIC        small_move
  B:0020H.1       PUBLIC        move
  B:0020H.2       PUBLIC        direction
  C:0634H         PUBLIC        Key_Process
  D:00D0H         PUBLIC        PSW
  D:0094H         PUBLIC        P0M0
  -------         PROC          _DELAY_MS
  D:0006H         SYMBOL        ms
  -------         DO            
  D:0004H         SYMBOL        De_Cnt
  -------         ENDDO         
  C:18F4H         LINE#         16
  C:18F4H         LINE#         17
  C:18F4H         LINE#         19
  C:18FEH         LINE#         20
  C:18FEH         LINE#         21
  C:1911H         LINE#         22
  C:1911H         LINE#         23
  -------         ENDPROC       _DELAY_MS
  -------         PROC          KEY_SCAN
  -------         DO            
  X:009EH         SYMBOL        KeyTemp1
  X:009FH         SYMBOL        KeyTemp2
  X:00A0H         SYMBOL        KeyValue
  -------         ENDDO         
  C:0EFCH         LINE#         24
  C:0EFCH         LINE#         25
  C:0EFCH         LINE#         30
  C:0EFFH         LINE#         33
  C:0F02H         LINE#         35
  C:0F0AH         LINE#         36
  C:0F11H         LINE#         37
  C:0F11H         LINE#         38
  C:0F18H         LINE#         39
  C:0F1DH         LINE#         40
  C:0F24H         LINE#         41
  C:0F24H         LINE#         44
BL51 BANKED LINKER/LOCATER V6.22                                                      08/06/2018  14:58:11  PAGE 20


  C:0F27H         LINE#         45
  C:0F2AH         LINE#         46
  C:0F2FH         LINE#         47
  C:0F33H         LINE#         48
  C:0F33H         LINE#         49
  C:0F3BH         LINE#         50
  C:0F3BH         LINE#         51
  C:0F3EH         LINE#         52
  C:0F46H         LINE#         53
  C:0F48H         LINE#         55
  C:0F5CH         LINE#         56
  C:0F5CH         LINE#         57
  C:0F5CH         LINE#         58
  C:0F5CH         LINE#         59
  C:0F62H         LINE#         61
  C:0F64H         LINE#         62
  C:0F64H         LINE#         63
  C:0F64H         LINE#         64
  C:0F6AH         LINE#         66
  C:0F6CH         LINE#         67
  C:0F6CH         LINE#         68
  C:0F6CH         LINE#         69
  C:0F72H         LINE#         71
  C:0F74H         LINE#         72
  C:0F74H         LINE#         73
  C:0F74H         LINE#         74
  C:0F7AH         LINE#         76
  C:0F7AH         LINE#         77
  C:0F7AH         LINE#         78
  C:0F7AH         LINE#         81
  C:0F7DH         LINE#         82
  C:0F80H         LINE#         83
  C:0F88H         LINE#         84
  C:0F8CH         LINE#         85
  C:0F8CH         LINE#         86
  C:0F94H         LINE#         87
  C:0F94H         LINE#         88
  C:0F97H         LINE#         89
  C:0F9FH         LINE#         90
  C:0FA1H         LINE#         91
  C:0FB5H         LINE#         92
  C:0FB5H         LINE#         93
  C:0FB5H         LINE#         94
  C:0FB5H         LINE#         95
  C:0FBBH         LINE#         97
  C:0FBDH         LINE#         98
  C:0FBDH         LINE#         99
  C:0FBDH         LINE#         100
  C:0FC3H         LINE#         102
  C:0FC5H         LINE#         103
  C:0FC5H         LINE#         104
  C:0FC5H         LINE#         105
  C:0FCBH         LINE#         107
  C:0FCDH         LINE#         108
  C:0FCDH         LINE#         109
  C:0FCDH         LINE#         110
  C:0FD2H         LINE#         112
BL51 BANKED LINKER/LOCATER V6.22                                                      08/06/2018  14:58:11  PAGE 21


  C:0FD2H         LINE#         113
  C:0FD2H         LINE#         114
  C:0FD2H         LINE#         117
  C:0FD5H         LINE#         118
  C:0FD8H         LINE#         119
  C:0FE0H         LINE#         120
  C:0FE4H         LINE#         121
  C:0FE4H         LINE#         122
  C:0FECH         LINE#         123
  C:0FECH         LINE#         124
  C:0FEFH         LINE#         125
  C:0FF7H         LINE#         126
  C:0FF9H         LINE#         127
  C:100DH         LINE#         128
  C:100DH         LINE#         129
  C:100DH         LINE#         130
  C:100DH         LINE#         131
  C:1013H         LINE#         133
  C:1015H         LINE#         134
  C:1015H         LINE#         135
  C:1015H         LINE#         136
  C:101BH         LINE#         138
  C:101DH         LINE#         139
  C:101DH         LINE#         140
  C:101DH         LINE#         141
  C:1023H         LINE#         143
  C:1025H         LINE#         144
  C:1025H         LINE#         145
  C:1025H         LINE#         146
  C:102BH         LINE#         148
  C:102BH         LINE#         149
  C:102BH         LINE#         150
  C:102BH         LINE#         154
  C:102EH         LINE#         155
  C:1031H         LINE#         156
  C:1039H         LINE#         157
  C:103DH         LINE#         158
  C:103DH         LINE#         159
  C:1045H         LINE#         160
  C:1045H         LINE#         161
  C:1048H         LINE#         162
  C:1050H         LINE#         163
  C:1052H         LINE#         164
  C:1066H         LINE#         165
  C:1066H         LINE#         166
  C:1066H         LINE#         167
  C:1066H         LINE#         168
  C:106CH         LINE#         170
  C:106EH         LINE#         171
  C:106EH         LINE#         172
  C:106EH         LINE#         173
  C:1074H         LINE#         175
  C:1076H         LINE#         176
  C:1076H         LINE#         177
  C:1076H         LINE#         178
  C:107CH         LINE#         180
  C:107EH         LINE#         181
BL51 BANKED LINKER/LOCATER V6.22                                                      08/06/2018  14:58:11  PAGE 22


  C:107EH         LINE#         182
  C:107EH         LINE#         183
  C:1084H         LINE#         185
  C:1084H         LINE#         186
  C:1084H         LINE#         187
  C:1084H         LINE#         189
  C:108AH         LINE#         190
  C:108AH         LINE#         192
  C:108AH         LINE#         193
  C:108DH         LINE#         194
  C:108DH         LINE#         195
  C:108DH         LINE#         197
  C:108DH         LINE#         198
  C:108FH         LINE#         199
  C:108FH         LINE#         200
  -------         ENDPROC       KEY_SCAN
  -------         PROC          KEY_PROCESS
  -------         DO            
  X:00D4H         SYMBOL        KeyCount
  X:00D6H         SYMBOL        KeyNum_Old
  X:00D7H         SYMBOL        KeyNum
  X:00D8H         SYMBOL        PressedKey
  X:0098H         SYMBOL        d
  D:0004H         SYMBOL        hours
  D:0006H         SYMBOL        mins
  X:009AH         SYMBOL        months
  X:009CH         SYMBOL        days
  -------         ENDDO         
  C:0634H         LINE#         201
  C:0634H         LINE#         202
  C:0634H         LINE#         206
  C:063CH         LINE#         207
  C:0644H         LINE#         209
  C:0651H         LINE#         210
  C:0651H         LINE#         211
  C:0654H         LINE#         212
  C:0657H         LINE#         214
  C:065AH         LINE#         216
  C:065AH         LINE#         217
  C:0665H         LINE#         218
  C:0665H         LINE#         219
  C:0668H         LINE#         221
  C:0668H         LINE#         222
  C:066FH         LINE#         223
  C:066FH         LINE#         224
  C:0672H         LINE#         226
  C:0672H         LINE#         228
  C:0676H         LINE#         229
  C:0676H         LINE#         230
  C:0679H         LINE#         232
  C:0679H         LINE#         233
  C:0689H         LINE#         234
  C:0689H         LINE#         235
  C:069BH         LINE#         236
  C:06A9H         LINE#         237
  C:06B8H         LINE#         238
  C:06B8H         LINE#         240
BL51 BANKED LINKER/LOCATER V6.22                                                      08/06/2018  14:58:11  PAGE 23


  C:06BEH         LINE#         244
  C:06D4H         LINE#         245
  C:06E5H         LINE#         246
  C:0700H         LINE#         247
  C:0700H         LINE#         248
  C:0710H         LINE#         249
  C:0721H         LINE#         250
  C:0721H         LINE#         254
  C:073AH         LINE#         255
  C:0751H         LINE#         256
  C:0771H         LINE#         257
  C:0771H         LINE#         258
  C:077BH         LINE#         259
  C:077BH         LINE#         260
  C:0784H         LINE#         261
  C:0784H         LINE#         262
  C:0798H         LINE#         263
  C:0798H         LINE#         264
  C:0798H         LINE#         265
  C:0798H         LINE#         266
  C:0798H         LINE#         267
  C:079AH         LINE#         269
  C:079AH         LINE#         270
  C:07A6H         LINE#         271
  C:07A6H         LINE#         272
  C:07B7H         LINE#         273
  C:07B7H         LINE#         274
  C:07B7H         LINE#         275
  C:07B7H         LINE#         276
  C:07B7H         LINE#         278
  C:07B9H         LINE#         280
  C:07B9H         LINE#         281
  C:07CAH         LINE#         282
  C:07CAH         LINE#         283
  C:07CAH         LINE#         284
  C:07CAH         LINE#         285
  C:07CAH         LINE#         287
  C:07CAH         LINE#         289
  C:07CAH         LINE#         290
  C:07CCH         LINE#         292
  C:07CCH         LINE#         293
  C:07DFH         LINE#         294
  C:07DFH         LINE#         295
  C:07F0H         LINE#         296
  C:07F0H         LINE#         297
  C:07F0H         LINE#         298
  C:07F0H         LINE#         299
  C:07F0H         LINE#         300
  C:07F2H         LINE#         302
  C:07F2H         LINE#         303
  C:0803H         LINE#         304
  C:0803H         LINE#         305
  C:0814H         LINE#         306
  C:0825H         LINE#         307
  C:0825H         LINE#         308
  C:0825H         LINE#         309
  C:0825H         LINE#         310
BL51 BANKED LINKER/LOCATER V6.22                                                      08/06/2018  14:58:11  PAGE 24


  C:0825H         LINE#         311
  C:0828H         LINE#         312
  C:082DH         LINE#         313
  C:0832H         LINE#         314
  C:0837H         LINE#         315
  C:083CH         LINE#         316
  C:0841H         LINE#         317
  C:0846H         LINE#         318
  C:084BH         LINE#         319
  C:084BH         LINE#         321
  C:086DH         LINE#         322
  C:086DH         LINE#         323
  C:0877H         LINE#         324
  C:0877H         LINE#         325
  C:087CH         LINE#         326
  C:0885H         LINE#         327
  C:089CH         LINE#         328
  C:089CH         LINE#         329
  C:08ACH         LINE#         331
  C:08ACH         LINE#         335
  -------         ENDPROC       KEY_PROCESS
  -------         PROC          KEYPAD_IO_INIT
  C:0003H         LINE#         338
  C:0003H         LINE#         339
  C:0003H         LINE#         340
  C:0006H         LINE#         341
  C:0009H         LINE#         342
  -------         ENDPROC       KEYPAD_IO_INIT
  -------         ENDMOD        KEYPAD

  -------         MODULE        VCNL4035
  C:0000H         SYMBOL        _ICE_DUMMY_
  D:0080H         PUBLIC        P0
  B:00B0H.2       PUBLIC        I2C_SCK
  D:00B2H         PUBLIC        P3M0
  D:0090H         PUBLIC        P1
  D:00B1H         PUBLIC        P3M1
  D:00A0H         PUBLIC        P2
  D:00B0H         PUBLIC        P3
  D:00C0H         PUBLIC        P4
  D:00C8H         PUBLIC        P5
  D:00E8H         PUBLIC        P6
  D:00F8H         PUBLIC        P7
  D:00A8H         PUBLIC        IE
  C:1A91H         PUBLIC        _DisplayLCD_VCNL4035
  D:00B8H         PUBLIC        IP
  D:00D8H         PUBLIC        CCON
  C:19EBH         PUBLIC        I2C_Start
  D:0098H         PUBLIC        SCON
  C:1997H         PUBLIC        I2C_Init
  D:0088H         PUBLIC        TCON
  C:1A31H         PUBLIC        uC_NACK
  C:182CH         PUBLIC        _Wait_ms_i2c
  C:1892H         PUBLIC        _I2C_SendByte
  C:19AEH         PUBLIC        I2C_Stop
  C:1703H         PUBLIC        _Write_VCNL4035X
  C:1AA2H         PUBLIC        nop
BL51 BANKED LINKER/LOCATER V6.22                                                      08/06/2018  14:58:11  PAGE 25


  C:12CBH         PUBLIC        _Read_VCNL4035
  C:1A8BH         PUBLIC        uC_ACK
  C:1952H         PUBLIC        I2C_ACK
  C:1912H         PUBLIC        _Wait_ms_iic
  B:00B0H.1       PUBLIC        I2C_SDA
  D:00D0H         PUBLIC        PSW
  C:17F9H         PUBLIC        I2C_ReceiveByte
  -------         PROC          _WAIT_MS_IIC
  D:0006H         SYMBOL        ms
  -------         DO            
  D:0004H         SYMBOL        De_Cnt
  -------         ENDDO         
  C:1912H         LINE#         5
  C:1912H         LINE#         6
  C:1912H         LINE#         8
  C:191CH         LINE#         9
  C:191CH         LINE#         10
  C:192FH         LINE#         11
  C:192FH         LINE#         12
  -------         ENDPROC       _WAIT_MS_IIC
  C:1826H         SYMBOL        L?0048
  C:1828H         SYMBOL        L?0049
  -------         PROC          L?0047
  -------         ENDPROC       L?0047
  C:1826H         SYMBOL        L?0048
  C:1828H         SYMBOL        L?0049
  -------         PROC          _WAIT_MS_I2C
  D:0006H         SYMBOL        ms
  -------         DO            
  D:0004H         SYMBOL        De_Cnt
  -------         ENDDO         
  C:182CH         LINE#         14
  C:182CH         LINE#         15
  C:182CH         LINE#         17
  C:1836H         LINE#         18
  C:1836H         LINE#         19
  C:1849H         LINE#         20
  C:1849H         LINE#         21
  -------         ENDPROC       _WAIT_MS_I2C
  -------         PROC          NOP
  C:1AA2H         LINE#         22
  C:1AA2H         LINE#         23
  C:1AA2H         LINE#         25
  -------         ENDPROC       NOP
  -------         PROC          I2C_START
  C:19EBH         LINE#         26
  C:19EBH         LINE#         27
  C:19EBH         LINE#         29
  C:19EDH         LINE#         30
  C:19EFH         LINE#         31
  C:19F6H         LINE#         32
  C:19F8H         LINE#         33
  C:19FBH         LINE#         34
  C:19FDH         LINE#         37
  -------         ENDPROC       I2C_START
  -------         PROC          I2C_STOP
  C:19AEH         LINE#         39
BL51 BANKED LINKER/LOCATER V6.22                                                      08/06/2018  14:58:11  PAGE 26


  C:19AEH         LINE#         40
  C:19AEH         LINE#         41
  C:19B0H         LINE#         42
  C:19B2H         LINE#         43
  C:19B5H         LINE#         44
  C:19B7H         LINE#         45
  C:19B9H         LINE#         46
  C:19C0H         LINE#         47
  C:19C2H         LINE#         50
  -------         ENDPROC       I2C_STOP
  -------         PROC          L?0050
  -------         ENDPROC       L?0050
  -------         PROC          I2C_ACK
  -------         DO            
  X:009BH         SYMBOL        i
  D:0003H         SYMBOL        dat
  -------         ENDDO         
  C:1952H         LINE#         52
  C:1952H         LINE#         53
  C:1952H         LINE#         55
  C:1953H         LINE#         60
  C:1956H         LINE#         61
  C:1958H         LINE#         62
  C:195BH         LINE#         64
  C:195EH         LINE#         65
  C:195EH         LINE#         66
  C:1962H         LINE#         67
  C:1962H         LINE#         70
  C:1962H         LINE#         71
  C:1965H         LINE#         72
  C:1965H         LINE#         73
  C:1967H         LINE#         74
  -------         ENDPROC       I2C_ACK
  -------         PROC          UC_ACK
  -------         DO            
  X:00ECH         SYMBOL        i
  -------         ENDDO         
  C:1A8BH         LINE#         75
  C:1A8BH         LINE#         76
  C:1A8BH         LINE#         78
  C:1A8BH         LINE#         85
  C:1A8BH         LINE#         87
  C:1A8BH         LINE#         89
  C:1A8BH         LINE#         90
  C:1A8BH         LINE#         93
  C:1A8EH         LINE#         94
  C:1A90H         LINE#         95
  C:1A90H         LINE#         99
  -------         ENDPROC       UC_ACK
  -------         PROC          UC_NACK
  -------         DO            
  X:00EDH         SYMBOL        i
  -------         ENDDO         
  C:1A31H         LINE#         101
  C:1A31H         LINE#         102
  C:1A31H         LINE#         104
  C:1A31H         LINE#         108
BL51 BANKED LINKER/LOCATER V6.22                                                      08/06/2018  14:58:11  PAGE 27


  C:1A33H         LINE#         111
  C:1A33H         LINE#         112
  C:1A35H         LINE#         113
  C:1A35H         LINE#         115
  C:1A35H         LINE#         116
  C:1A35H         LINE#         119
  C:1A38H         LINE#         120
  C:1A3AH         LINE#         121
  C:1A3DH         LINE#         122
  C:1A3FH         LINE#         123
  C:1A3FH         LINE#         127
  -------         ENDPROC       UC_NACK
  -------         PROC          I2C_INIT
  C:1997H         LINE#         129
  C:1997H         LINE#         130
  C:1997H         LINE#         133
  C:199AH         LINE#         134
  C:199DH         LINE#         139
  C:19A5H         LINE#         141
  -------         ENDPROC       I2C_INIT
  -------         PROC          _I2C_SENDBYTE
  D:0001H         SYMBOL        dat
  -------         DO            
  D:0003H         SYMBOL        i
  -------         ENDDO         
  C:1892H         LINE#         145
  C:1894H         LINE#         146
  C:1894H         LINE#         149
  C:1896H         LINE#         150
  C:1896H         LINE#         151
  C:1898H         LINE#         153
  C:189CH         LINE#         154
  C:189CH         LINE#         155
  C:189EH         LINE#         156
  C:18A0H         LINE#         158
  C:18A0H         LINE#         159
  C:18A2H         LINE#         160
  C:18A2H         LINE#         161
  C:18A5H         LINE#         162
  C:18A7H         LINE#         164
  C:18ABH         LINE#         165
  C:18AEH         LINE#         166
  C:18B3H         LINE#         167
  -------         ENDPROC       _I2C_SENDBYTE
  -------         PROC          L?0051
  -------         ENDPROC       L?0051
  -------         PROC          I2C_RECEIVEBYTE
  -------         DO            
  D:0003H         SYMBOL        i
  D:0001H         SYMBOL        dat
  -------         ENDDO         
  C:17F9H         LINE#         171
  C:17F9H         LINE#         172
  C:17F9H         LINE#         174
  C:17FBH         LINE#         178
  C:17FCH         LINE#         179
  C:17FCH         LINE#         180
BL51 BANKED LINKER/LOCATER V6.22                                                      08/06/2018  14:58:11  PAGE 28


  C:1800H         LINE#         181
  C:1802H         LINE#         182
  C:1805H         LINE#         184
  C:1808H         LINE#         185
  C:1808H         LINE#         186
  C:180CH         LINE#         187
  C:180CH         LINE#         188
  C:180CH         LINE#         189
  C:180FH         LINE#         190
  C:1813H         LINE#         191
  C:1813H         LINE#         192
  C:1815H         LINE#         193
  C:1817H         LINE#         194
  C:1817H         LINE#         196
  C:181CH         LINE#         197
  C:181EH         LINE#         198
  -------         ENDPROC       I2C_RECEIVEBYTE
  -------         PROC          _WRITE_VCNL4035X
  X:0098H         SYMBOL        command_code
  X:0099H         SYMBOL        dat_h
  X:009AH         SYMBOL        dat_l
  C:1703H         LINE#         199
  C:170EH         LINE#         200
  C:170EH         LINE#         201
  C:1711H         LINE#         202
  C:1718H         LINE#         203
  C:1718H         LINE#         204
  C:171EH         LINE#         205
  C:171EH         LINE#         206
  C:1726H         LINE#         207
  C:1726H         LINE#         208
  C:172CH         LINE#         209
  C:1734H         LINE#         211
  C:173AH         LINE#         212
  C:1742H         LINE#         214
  C:1748H         LINE#         215
  C:174BH         LINE#         216
  -------         ENDPROC       _WRITE_VCNL4035X
  -------         PROC          _READ_VCNL4035
  X:00DDH         SYMBOL        command_code
  -------         DO            
  X:00DFH         SYMBOL        temp_dat
  X:00E1H         SYMBOL        temp_dat_l
  X:00E3H         SYMBOL        temp_dat_h
  -------         ENDDO         
  C:12CBH         LINE#         218
  C:12D3H         LINE#         219
  C:12D3H         LINE#         220
  C:12E0H         LINE#         222
  C:12E3H         LINE#         223
  C:12E6H         LINE#         224
  C:12EBH         LINE#         226
  C:12F1H         LINE#         227
  C:12F1H         LINE#         228
  C:12F1H         LINE#         229
  C:12F1H         LINE#         230
  C:12FCH         LINE#         231
BL51 BANKED LINKER/LOCATER V6.22                                                      08/06/2018  14:58:11  PAGE 29


  C:12FFH         LINE#         232
  C:1302H         LINE#         233
  C:1302H         LINE#         236
  C:1305H         LINE#         238
  C:130CH         LINE#         239
  C:130CH         LINE#         240
  C:130CH         LINE#         241
  C:1317H         LINE#         242
  C:131AH         LINE#         243
  C:131DH         LINE#         244
  C:1320H         LINE#         245
  C:1323H         LINE#         246
  C:1326H         LINE#         247
  C:1329H         LINE#         248
  C:132CH         LINE#         249
  C:132FH         LINE#         250
  C:132FH         LINE#         251
  C:1335H         LINE#         252
  C:1335H         LINE#         253
  C:133EH         LINE#         255
  C:133EH         LINE#         256
  C:1344H         LINE#         257
  C:1344H         LINE#         259
  C:1346H         LINE#         260
  C:134CH         LINE#         261
  C:134FH         LINE#         262
  C:1356H         LINE#         263
  C:1356H         LINE#         264
  C:1364H         LINE#         265
  -------         ENDPROC       _READ_VCNL4035
  -------         PROC          _DISPLAYLCD_VCNL4035
  X:00EEH         SYMBOL        dat
  C:1A91H         LINE#         267
  C:1A96H         LINE#         268
  C:1A96H         LINE#         270
  -------         ENDPROC       _DISPLAYLCD_VCNL4035
  -------         ENDMOD        VCNL4035

  -------         MODULE        BIPOLARMOTOR
  C:0000H         SYMBOL        _ICE_DUMMY_
  D:0080H         PUBLIC        P0
  D:0090H         PUBLIC        P1
  D:00A0H         PUBLIC        P2
  D:00B0H         PUBLIC        P3
  D:00C0H         PUBLIC        P4
  D:00C8H         PUBLIC        P5
  D:00E8H         PUBLIC        P6
  D:00F8H         PUBLIC        P7
  D:00A8H         PUBLIC        IE
  X:0000H         PUBLIC        receiver_pos
  X:0044H         PUBLIC        Time_stamp_PM
  C:178CH         PUBLIC        _Move
  D:00B8H         PUBLIC        IP
  X:0077H         PUBLIC        num_of_time_stamp
  D:00D8H         PUBLIC        CCON
  C:15EEH         PUBLIC        _trend_line_30_31
  D:0098H         PUBLIC        SCON
BL51 BANKED LINKER/LOCATER V6.22                                                      08/06/2018  14:58:11  PAGE 30


  D:0088H         PUBLIC        TCON
  C:1656H         PUBLIC        _Step_move
  C:0B18H         PUBLIC        _Update_position
  C:1881H         PUBLIC        _BCDtoDec1
  X:0078H         PUBLIC        degree
  D:00D0H         PUBLIC        PSW
  -------         PROC          L?0024
  -------         ENDPROC       L?0024
  -------         PROC          _BCDTODEC1
  D:0007H         SYMBOL        bcd
  -------         DO            
  D:0006H         SYMBOL        hi
  D:0007H         SYMBOL        lo
  -------         ENDDO         
  C:1881H         LINE#         12
  C:1881H         LINE#         13
  C:1881H         LINE#         15
  C:1886H         LINE#         16
  C:188AH         LINE#         17
  C:1891H         LINE#         18
  -------         ENDPROC       _BCDTODEC1
  -------         PROC          _STEP_MOVE
  X:00B4H         SYMBOL        step
  B:0020H.5       SYMBOL        dir
  -------         DO            
  X:00B6H         SYMBOL        i
  -------         ENDDO         
  C:1656H         LINE#         24
  C:165EH         LINE#         25
  C:165EH         LINE#         26
  C:1663H         LINE#         27
  C:1666H         LINE#         28
  C:166BH         LINE#         30
  C:166EH         LINE#         32
  C:168AH         LINE#         33
  C:168AH         LINE#         34
  C:168DH         LINE#         35
  C:1694H         LINE#         36
  C:1697H         LINE#         37
  C:169EH         LINE#         38
  C:16AEH         LINE#         39
  -------         ENDPROC       _STEP_MOVE
  -------         PROC          _MOVE
  X:00B0H         SYMBOL        distance
  B:0020H.4       SYMBOL        direction
  -------         DO            
  D:0006H         SYMBOL        step
  -------         ENDDO         
  C:178CH         LINE#         41
  C:1792H         LINE#         42
  C:1792H         LINE#         44
  C:17B9H         LINE#         45
  -------         ENDPROC       _MOVE
  -------         PROC          _UPDATE_POSITION
  X:0098H         SYMBOL        mnths
  X:0099H         SYMBOL        dys
  X:009AH         SYMBOL        hurs
BL51 BANKED LINKER/LOCATER V6.22                                                      08/06/2018  14:58:11  PAGE 31


  X:009BH         SYMBOL        mns
  X:009CH         SYMBOL        sconds
  X:009DH         SYMBOL        currnt_pos
  -------         DO            
  X:00A0H         SYMBOL        date
  X:00A2H         SYMBOL        i
  X:00A4H         SYMBOL        desired_distance
  X:00A8H         SYMBOL        distance
  X:00ACH         SYMBOL        h_float
  D:0004H         SYMBOL        m_float
  -------         ENDDO         
  C:0B18H         LINE#         51
  C:0B23H         LINE#         52
  C:0B23H         LINE#         54
  C:0B2DH         LINE#         59
  C:0B41H         LINE#         60
  C:0B54H         LINE#         62
  C:0B73H         LINE#         63
  C:0B73H         LINE#         64
  C:0C48H         LINE#         65
  C:0C48H         LINE#         67
  C:0C48H         LINE#         68
  C:0C54H         LINE#         69
  C:0C54H         LINE#         70
  C:0C68H         LINE#         71
  C:0C76H         LINE#         73
  C:0C9AH         LINE#         74
  C:0C9AH         LINE#         75
  C:0C9AH         LINE#         76
  C:0CBFH         LINE#         77
  C:0CDBH         LINE#         78
  C:0CF5H         LINE#         79
  C:0CF5H         LINE#         80
  C:0D05H         LINE#         81
  C:0D07H         LINE#         82
  C:0D1FH         LINE#         83
  C:0D1FH         LINE#         84
  C:0D35H         LINE#         85
  C:0D35H         LINE#         87
  C:0D35H         LINE#         88
  C:0D35H         LINE#         90
  C:0D35H         LINE#         92
  C:0D35H         LINE#         94
  C:0D46H         LINE#         95
  -------         ENDPROC       _UPDATE_POSITION
  -------         PROC          _TREND_LINE_30_31
  X:00B0H         SYMBOL        time
  C:15EEH         LINE#         97
  C:15F4H         LINE#         98
  C:15F4H         LINE#         99
  C:1655H         LINE#         100
  -------         ENDPROC       _TREND_LINE_30_31
  -------         ENDMOD        BIPOLARMOTOR

  -------         MODULE        ?C_STARTUP
  C:13FAH         SEGMENT       ?C_C51STARTUP
  I:0021H         SEGMENT       ?STACK
BL51 BANKED LINKER/LOCATER V6.22                                                      08/06/2018  14:58:11  PAGE 32


  C:0000H         PUBLIC        ?C_STARTUP
  D:00E0H         SYMBOL        ACC
  D:00F0H         SYMBOL        B
  D:0083H         SYMBOL        DPH
  D:0082H         SYMBOL        DPL
  N:0000H         SYMBOL        IBPSTACK
  N:0100H         SYMBOL        IBPSTACKTOP
  N:0080H         SYMBOL        IDATALEN
  C:13FDH         SYMBOL        IDATALOOP
  N:0000H         SYMBOL        PBPSTACK
  N:0100H         SYMBOL        PBPSTACKTOP
  N:0000H         SYMBOL        PDATALEN
  N:0000H         SYMBOL        PDATASTART
  N:0000H         SYMBOL        PPAGE
  N:0000H         SYMBOL        PPAGEENABLE
  D:00A0H         SYMBOL        PPAGE_SFR
  D:0081H         SYMBOL        SP
  C:13FAH         SYMBOL        STARTUP1
  N:0000H         SYMBOL        XBPSTACK
  N:0000H         SYMBOL        XBPSTACKTOP
  N:0000H         SYMBOL        XDATALEN
  N:0000H         SYMBOL        XDATASTART
  C:0000H         LINE#         126
  C:13FAH         LINE#         133
  C:13FCH         LINE#         134
  C:13FDH         LINE#         135
  C:13FEH         LINE#         136
  C:1400H         LINE#         185
  C:1403H         LINE#         196
  -------         ENDMOD        ?C_STARTUP

  -------         MODULE        ?C?FPADD
  C:002DH         PUBLIC        ?C?FPADD
  C:0029H         PUBLIC        ?C?FPSUB
  -------         ENDMOD        ?C?FPADD

  -------         MODULE        ?C?FPMUL
  C:011EH         PUBLIC        ?C?FPMUL
  -------         ENDMOD        ?C?FPMUL

  -------         MODULE        ?C?FPDIV
  C:0227H         PUBLIC        ?C?FPDIV
  -------         ENDMOD        ?C?FPDIV

  -------         MODULE        ?C?FPCMP
  C:02C6H         PUBLIC        ?C?FPCMP
  C:02C4H         PUBLIC        ?C?FPCMP3
  -------         ENDMOD        ?C?FPCMP

  -------         MODULE        ?C?FPNEG
  C:033DH         PUBLIC        ?C?FPNEG
  -------         ENDMOD        ?C?FPNEG

  -------         MODULE        ?C?FCAST
  C:0358H         PUBLIC        ?C?FCASTC
  C:0353H         PUBLIC        ?C?FCASTI
  C:034EH         PUBLIC        ?C?FCASTL
BL51 BANKED LINKER/LOCATER V6.22                                                      08/06/2018  14:58:11  PAGE 33


  -------         ENDMOD        ?C?FCAST

  -------         MODULE        ?C?CASTF
  C:038CH         PUBLIC        ?C?CASTF
  -------         ENDMOD        ?C?CASTF

  -------         MODULE        ?C?CLDPTR
  C:040DH         PUBLIC        ?C?CLDPTR
  -------         ENDMOD        ?C?CLDPTR

  -------         MODULE        ?C?CSTPTR
  C:0426H         PUBLIC        ?C?CSTPTR
  -------         ENDMOD        ?C?CSTPTR

  -------         MODULE        ?C?IMUL
  C:0438H         PUBLIC        ?C?IMUL
  -------         ENDMOD        ?C?IMUL

  -------         MODULE        ?C?UIDIV
  C:044AH         PUBLIC        ?C?UIDIV
  -------         ENDMOD        ?C?UIDIV

  -------         MODULE        ?C?SIDIV
  C:049FH         PUBLIC        ?C?SIDIV
  -------         ENDMOD        ?C?SIDIV

  -------         MODULE        ?C?ILDIX
  C:04D5H         PUBLIC        ?C?ILDIX
  -------         ENDMOD        ?C?ILDIX

  -------         MODULE        ?C?LNEG
  C:04EBH         PUBLIC        ?C?LNEG
  -------         ENDMOD        ?C?LNEG

  -------         MODULE        ?C?LLDPTR
  C:04F9H         PUBLIC        ?C?LLDPTR
  -------         ENDMOD        ?C?LLDPTR

  -------         MODULE        ?C?LSTPTR
  C:0519H         PUBLIC        ?C?LSTPTR
  -------         ENDMOD        ?C?LSTPTR

  -------         MODULE        ?C?LLDPTR0
  C:0533H         PUBLIC        ?C?LLDPTR0
  -------         ENDMOD        ?C?LLDPTR0

  -------         MODULE        ?C?LSTXDATA
  C:0553H         PUBLIC        ?C?LSTXDATA
  -------         ENDMOD        ?C?LSTXDATA

  -------         MODULE        ?C?LSTKXDATA
  C:055FH         PUBLIC        ?C?LSTKXDATA
  -------         ENDMOD        ?C?LSTKXDATA

  -------         MODULE        ?C?OFFXADD
  C:0590H         PUBLIC        ?C?OFFXADD
  -------         ENDMOD        ?C?OFFXADD
BL51 BANKED LINKER/LOCATER V6.22                                                      08/06/2018  14:58:11  PAGE 34



  -------         MODULE        ABS
  C:1A5CH         PUBLIC        _ABS
  -------         ENDMOD        ABS

  -------         MODULE        ATOI
  C:1090H         PUBLIC        _atoi
  -------         ENDMOD        ATOI

  -------         MODULE        ?C?IILDX
  C:059CH         PUBLIC        ?C?IILDX
  -------         ENDMOD        ?C?IILDX

  -------         MODULE        ?C?LLDIDATA
  C:05B2H         PUBLIC        ?C?LLDIDATA
  -------         ENDMOD        ?C?LLDIDATA

  -------         MODULE        ?C?LLDXDATA
  C:05BEH         PUBLIC        ?C?LLDXDATA
  -------         ENDMOD        ?C?LLDXDATA

  -------         MODULE        ?C?LLDPDATA
  C:05CAH         PUBLIC        ?C?LLDPDATA
  -------         ENDMOD        ?C?LLDPDATA

  -------         MODULE        ?C?LLDCODE
  C:05D6H         PUBLIC        ?C?LLDCODE
  -------         ENDMOD        ?C?LLDCODE

  -------         MODULE        ?C?LLDIDATA0
  C:05E6H         PUBLIC        ?C?LLDIDATA0
  -------         ENDMOD        ?C?LLDIDATA0

  -------         MODULE        ?C?LLDXDATA0
  C:05F3H         PUBLIC        ?C?LLDXDATA0
  -------         ENDMOD        ?C?LLDXDATA0

  -------         MODULE        ?C?LLDPDATA0
  C:05FFH         PUBLIC        ?C?LLDPDATA0
  -------         ENDMOD        ?C?LLDPDATA0

  -------         MODULE        ?C?LLDCODE0
  C:060CH         PUBLIC        ?C?LLDCODE0
  -------         ENDMOD        ?C?LLDCODE0

  -------         MODULE        ?C?LSTIDATA
  C:061CH         PUBLIC        ?C?LSTIDATA
  -------         ENDMOD        ?C?LSTIDATA

  -------         MODULE        ?C?LSTPDATA
  C:0628H         PUBLIC        ?C?LSTPDATA
  -------         ENDMOD        ?C?LSTPDATA

  -------         MODULE        ISDIGIT
  C:1A40H         PUBLIC        _isdigit
  -------         ENDMOD        ISDIGIT

BL51 BANKED LINKER/LOCATER V6.22                                                      08/06/2018  14:58:11  PAGE 35


  -------         MODULE        ISSPACE
  C:19D7H         PUBLIC        _isspace
  -------         ENDMOD        ISSPACE

*** WARNING L16: UNCALLED SEGMENT, IGNORED FOR OVERLAY PROCESS
    SEGMENT: ?PR?_DISPLAY_PROX?MAIN

*** WARNING L16: UNCALLED SEGMENT, IGNORED FOR OVERLAY PROCESS
    SEGMENT: ?PR?_SENDSTRING?UART1

*** WARNING L16: UNCALLED SEGMENT, IGNORED FOR OVERLAY PROCESS
    SEGMENT: ?PR?_TEN?UART1

*** WARNING L16: UNCALLED SEGMENT, IGNORED FOR OVERLAY PROCESS
    SEGMENT: ?PR?_UNIT?UART1

*** WARNING L16: UNCALLED SEGMENT, IGNORED FOR OVERLAY PROCESS
    SEGMENT: ?PR?_DECTOBCD?UART1

*** WARNING L16: UNCALLED SEGMENT, IGNORED FOR OVERLAY PROCESS
    SEGMENT: ?PR?_ASCII_LETTER?UART1

*** WARNING L16: UNCALLED SEGMENT, IGNORED FOR OVERLAY PROCESS
    SEGMENT: ?PR?NOP?VCNL4035

*** WARNING L16: UNCALLED SEGMENT, IGNORED FOR OVERLAY PROCESS
    SEGMENT: ?PR?_READ_VCNL4035?VCNL4035

*** WARNING L16: UNCALLED SEGMENT, IGNORED FOR OVERLAY PROCESS
    SEGMENT: ?PR?_DISPLAYLCD_VCNL4035?VCNL4035

Program Size: data=17.7 xdata=239 code=6819
LINK/LOCATE RUN COMPLETE.  9 WARNING(S),  0 ERROR(S)
