BL51 BANKED LINKER/LOCATER V6.22                                                        02/25/2019  10:21:25  PAGE 1


BL51 BANKED LINKER/LOCATER V6.22, INVOKED BY:
C:\KEIL_V5\C51\BIN\BL51.EXE .\Obj\main.obj, .\Obj\PCF85063BTL.obj, .\Obj\UART1.obj, .\Obj\LCd_Driver_SPLC780D.obj, .\Obj
>> \KeyPad.obj, .\Obj\BipolarMotor.obj, .\Obj\SunPos.obj, .\Obj\ADC.obj, .\Obj\Calibration.obj, .\Obj\IOExpander_PI4IOE5
>> V96248.obj, .\Obj\AT25SF041.obj, .\Obj\STARTUP.obj TO .\Obj\GPIO_RTC_Test PRINT (.\Lis\GPIO_RTC_Test.m51) RAMSIZE (25
>> 6)


MEMORY MODEL: LARGE WITH FLOATING POINT ARITHMETIC


INPUT MODULES INCLUDED:
  .\Obj\main.obj (MAIN)
  .\Obj\PCF85063BTL.obj (PCF85063BTL)
  .\Obj\UART1.obj (UART1)
  .\Obj\LCd_Driver_SPLC780D.obj (LCD_DRIVER_SPLC780D)
  .\Obj\KeyPad.obj (KEYPAD)
  .\Obj\BipolarMotor.obj (BIPOLARMOTOR)
  .\Obj\SunPos.obj (SUNPOS)
  .\Obj\ADC.obj (ADC)
  .\Obj\Calibration.obj (CALIBRATION)
  .\Obj\IOExpander_PI4IOE5V96248.obj (IOEXPANDER_PI4IOE5V96248)
  .\Obj\AT25SF041.obj (AT25SF041)
  .\Obj\STARTUP.obj (?C_STARTUP)
  C:\KEIL_V5\C51\LIB\C51FPL.LIB (?C?FPADD)
  C:\KEIL_V5\C51\LIB\C51FPL.LIB (?C?FPMUL)
  C:\KEIL_V5\C51\LIB\C51FPL.LIB (?C?FPDIV)
  C:\KEIL_V5\C51\LIB\C51FPL.LIB (?C?FPCMP)
  C:\KEIL_V5\C51\LIB\C51FPL.LIB (?C?FPNEG)
  C:\KEIL_V5\C51\LIB\C51FPL.LIB (?C?FCAST)
  C:\KEIL_V5\C51\LIB\C51FPL.LIB (?C?CASTF)
  C:\KEIL_V5\C51\LIB\C51FPL.LIB (ATAN2)
  C:\KEIL_V5\C51\LIB\C51FPL.LIB (SIN)
  C:\KEIL_V5\C51\LIB\C51FPL.LIB (ACOS)
  C:\KEIL_V5\C51\LIB\C51FPL.LIB (ASIN)
  C:\KEIL_V5\C51\LIB\C51FPL.LIB (?C?FPGETOPN)
  C:\KEIL_V5\C51\LIB\C51FPL.LIB (?C?FPSERIES)
  C:\KEIL_V5\C51\LIB\C51FPL.LIB (SQRT)
  C:\KEIL_V5\C51\LIB\C51FPL.LIB (ATAN)
  C:\KEIL_V5\C51\LIB\C51L.LIB (?C_INIT)
  C:\KEIL_V5\C51\LIB\C51L.LIB (?C?COPY)
  C:\KEIL_V5\C51\LIB\C51L.LIB (?C?CLDPTR)
  C:\KEIL_V5\C51\LIB\C51L.LIB (?C?CLDOPTR)
  C:\KEIL_V5\C51\LIB\C51L.LIB (?C?CSTPTR)
  C:\KEIL_V5\C51\LIB\C51L.LIB (?C?IMUL)
  C:\KEIL_V5\C51\LIB\C51L.LIB (?C?UIDIV)
  C:\KEIL_V5\C51\LIB\C51L.LIB (?C?SIDIV)
  C:\KEIL_V5\C51\LIB\C51L.LIB (?C?ILDIX)
  C:\KEIL_V5\C51\LIB\C51L.LIB (?C?ILDOPTR)
  C:\KEIL_V5\C51\LIB\C51L.LIB (?C?ISTPTR)
  C:\KEIL_V5\C51\LIB\C51L.LIB (?C?LMUL)
  C:\KEIL_V5\C51\LIB\C51L.LIB (?C?SLDIV)
  C:\KEIL_V5\C51\LIB\C51L.LIB (?C?LNEG)
  C:\KEIL_V5\C51\LIB\C51L.LIB (?C?ULCMP)
  C:\KEIL_V5\C51\LIB\C51L.LIB (?C?LSHL)
  C:\KEIL_V5\C51\LIB\C51L.LIB (?C?LLDPTR)
  C:\KEIL_V5\C51\LIB\C51L.LIB (?C?LLDOPTR)
  C:\KEIL_V5\C51\LIB\C51L.LIB (?C?LSTPTR)
  C:\KEIL_V5\C51\LIB\C51L.LIB (?C?LSTOPTR)
BL51 BANKED LINKER/LOCATER V6.22                                                      02/25/2019  10:21:25  PAGE 2


  C:\KEIL_V5\C51\LIB\C51L.LIB (?C?LLDXDATA)
  C:\KEIL_V5\C51\LIB\C51L.LIB (?C?LLDCODE)
  C:\KEIL_V5\C51\LIB\C51L.LIB (?C?LLDXDATA0)
  C:\KEIL_V5\C51\LIB\C51L.LIB (?C?LLDCODE0)
  C:\KEIL_V5\C51\LIB\C51L.LIB (?C?LLDPTR0)
  C:\KEIL_V5\C51\LIB\C51L.LIB (?C?LSTXDATA)
  C:\KEIL_V5\C51\LIB\C51L.LIB (?C?LSTKXDATA)
  C:\KEIL_V5\C51\LIB\C51L.LIB (?C?LSTKPTR)
  C:\KEIL_V5\C51\LIB\C51L.LIB (?C?OFFXADD)
  C:\KEIL_V5\C51\LIB\C51L.LIB (ABS)
  C:\KEIL_V5\C51\LIB\C51L.LIB (ATOI)
  C:\KEIL_V5\C51\LIB\C51L.LIB (?C?IILDX)
  C:\KEIL_V5\C51\LIB\C51L.LIB (?C?ULDIV)
  C:\KEIL_V5\C51\LIB\C51L.LIB (?C?LLDIDATA)
  C:\KEIL_V5\C51\LIB\C51L.LIB (?C?LLDPDATA)
  C:\KEIL_V5\C51\LIB\C51L.LIB (?C?LLDIDATA0)
  C:\KEIL_V5\C51\LIB\C51L.LIB (?C?LLDPDATA0)
  C:\KEIL_V5\C51\LIB\C51L.LIB (?C?LSTIDATA)
  C:\KEIL_V5\C51\LIB\C51L.LIB (?C?LSTPDATA)
  C:\KEIL_V5\C51\LIB\C51L.LIB (?C?LSTKIDATA)
  C:\KEIL_V5\C51\LIB\C51L.LIB (?C?LSTKPDATA)
  C:\KEIL_V5\C51\LIB\C51L.LIB (ISDIGIT)
  C:\KEIL_V5\C51\LIB\C51L.LIB (ISSPACE)


LINK MAP OF MODULE:  .\Obj\GPIO_RTC_Test (MAIN)


            TYPE    BASE      LENGTH    RELOCATION   SEGMENT NAME
            -----------------------------------------------------

            * * * * * * *   D A T A   M E M O R Y   * * * * * * *
            REG     0000H     0008H     ABSOLUTE     "REG BANK 0"
                    0008H     0018H                  *** GAP ***
            BIT     0020H.0   0000H.5   UNIT         ?BI?KEYPAD
            BIT     0020H.5   0000H.3   UNIT         _BIT_GROUP_
            BIT     0021H.0   0000H.1   UNIT         ?BI?MAIN
            BIT     0021H.1   0000H.1   UNIT         ?BI?_ATOI?ATOI
                    0021H.2   0000H.6                *** GAP ***
            IDATA   0022H     0001H     UNIT         ?STACK

            * * * * * * *  X D A T A   M E M O R Y  * * * * * * *
            XDATA   0000H     038FH     UNIT         ?XD?BIPOLARMOTOR
            XDATA   038FH     0153H     UNIT         _XDATA_GROUP_
            XDATA   04E2H     00D4H     UNIT         ?XD?MAIN
            XDATA   05B6H     0040H     UNIT         ?XD?_FINDDET4X4?BIPOLARMOTOR
            XDATA   05F6H     0024H     UNIT         ?XD?_FINDDET3X3?BIPOLARMOTOR
            XDATA   061AH     0009H     UNIT         ?XD?KEYPAD
            XDATA   0623H     0008H     UNIT         ?XD?_AT25SF041_READ?AT25SF041
            XDATA   062BH     0005H     UNIT         ?XD?_ATOI?ATOI
            XDATA   0630H     0004H     UNIT         ?XD?_DISPLAY_PROX?MAIN
            XDATA   0634H     0003H     UNIT         ?XD?_SENDSTRING?UART1
            XDATA   0637H     0001H     UNIT         ?XD?UC_ACK?IOEXPANDER_PI4IOE5V96248
            XDATA   0638H     0001H     UNIT         ?XD?UC_NACK?IOEXPANDER_PI4IOE5V96248

            * * * * * * *   C O D E   M E M O R Y   * * * * * * *
            CODE    0000H     0003H     ABSOLUTE     
BL51 BANKED LINKER/LOCATER V6.22                                                      02/25/2019  10:21:25  PAGE 3


            CODE    0003H     0006H     UNIT         ?PR?_TEN?UART1
            CODE    0009H     0001H     UNIT         ?PR?TM0_ISR?MAIN
            CODE    000AH     0001H     UNIT         ?PR?_DECTOBCD?UART1
            CODE    000BH     0003H     ABSOLUTE     
            CODE    000EH     0B00H     UNIT         ?PR?_UPDATE_POSITION?BIPOLARMOTOR
            CODE    0B0EH     0A6EH     UNIT         ?PR?MAIN?MAIN
            CODE    157CH     09B6H     UNIT         ?C?LIB_CODE
            CODE    1F32H     07A2H     UNIT         ?PR?SUNPOS?SUNPOS
            CODE    26D4H     03F2H     UNIT         ?C_INITSEG
            CODE    2AC6H     0309H     UNIT         ?PR?_FIND_REAL_MAX?CALIBRATION
            CODE    2DCFH     02C0H     UNIT         ?PR?_FINDDET4X4?BIPOLARMOTOR
            CODE    308FH     02A0H     UNIT         ?PR?KEY_PROCESS?KEYPAD
            CODE    332FH     026EH     UNIT         ?PR?SPI_NOR_WRITE_DATA?MAIN
            CODE    359DH     01D1H     UNIT         ?PR?_FINDDET3X3?BIPOLARMOTOR
            CODE    376EH     018DH     UNIT         ?PR?KEY_SCAN?KEYPAD
            CODE    38FBH     0188H     UNIT         ?PR?SIN?SIN
            CODE    3A83H     0172H     UNIT         ?PR?_DISPLAY_POS?MAIN
            CODE    3BF5H     015BH     UNIT         ?PR?_CALIBRATION?CALIBRATION
            CODE    3D50H     0122H     UNIT         ?PR?ATAN?ATAN
            CODE    3E72H     0106H     UNIT         ?PR?_AT25SF041_READ?AT25SF041
            CODE    3F78H     00F4H     UNIT         ?PR?_AT25SF041_WRITE?AT25SF041
            CODE    406CH     00DBH     UNIT         ?PR?_ATOI?ATOI
            CODE    4147H     00C3H     UNIT         ?PR?LINEAR_INTERPOLATE?BIPOLARMOTOR
            CODE    420AH     00BBH     UNIT         ?PR?VOLTAGE_IS_STABLE?CALIBRATION
            CODE    42C5H     00ADH     UNIT         ?PR?_WRITE_PI4IOE5V96248?IOEXPANDER_PI4IOE5V96248
            CODE    4372H     00ACH     UNIT         ?PR?SQRT?SQRT
            CODE    441EH     00A1H     UNIT         ?PR?READ_STATUS_REGISTER_BYTE1?AT25SF041
            CODE    44BFH     009DH     UNIT         ?PR?_ATAN2?ATAN2
            CODE    455CH     009CH     UNIT         ?PR?_MAX_VALUE?CALIBRATION
            CODE    45F8H     0095H     UNIT         ?PR?_DISPLAY_PROX?MAIN
            CODE    468DH     008CH     UNIT         ?C_C51STARTUP
            CODE    4719H     0084H     UNIT         ?PR?_DAY_OF_YEAR?PCF85063BTL
            CODE    479DH     0075H     UNIT         ?PR?_WRITEDATA?LCD_DRIVER_SPLC780D
            CODE    4812H     006FH     UNIT         ?PR?_READ_TIME?PCF85063BTL
            CODE    4881H     005AH     UNIT         ?PR?AT25SF041_CHIPERASE?AT25SF041
            CODE    48DBH     0059H     UNIT         ?PR?LCD_INIT?LCD_DRIVER_SPLC780D
            CODE    4934H     004AH     UNIT         ?PR?VONESTEPMOVE?BIPOLARMOTOR
            CODE    497EH     004AH     UNIT         ?PR?ACOS?ACOS
            CODE    49C8H     0049H     UNIT         ?PR?AT25SF041_WRITEENABLE?AT25SF041
            CODE    4A11H     0044H     UNIT         ?C?LDIV
            CODE    4A55H     0040H     UNIT         ?PR?_COMMAND?LCD_DRIVER_SPLC780D
            CODE    4A95H     0040H     UNIT         ?PR?_STEP_MOVE?BIPOLARMOTOR
            CODE    4AD5H     003BH     UNIT         ?PR?ASIN?ASIN
            CODE    4B10H     0033H     UNIT         ?PR?_SENDSTRING?UART1
            CODE    4B43H     002CH     UNIT         ?PR?_ADC_GETRESULT?ADC
            CODE    4B6FH     002BH     UNIT         ?PR?_WAIT_MS_I2C?IOEXPANDER_PI4IOE5V96248
            CODE    4B9AH     002BH     UNIT         ?PR?_WAIT_MS_SPINOR?AT25SF041
            CODE    4BC5H     0028H     UNIT         ?PR?_MOVE?BIPOLARMOTOR
            CODE    4BEDH     0027H     UNIT         ?PR?_I2C_SENDBYTE?IOEXPANDER_PI4IOE5V96248
            CODE    4C14H     0024H     UNIT         ?PR?_WAIT_MS?LCD_DRIVER_SPLC780D
            CODE    4C38H     0020H     UNIT         ?PR?_SPI_SENDBYTE?PCF85063BTL
            CODE    4C58H     0020H     UNIT         ?PR?SPI_RECEIVEBYTE?PCF85063BTL
            CODE    4C78H     001FH     UNIT         ?PR?ADC_INIT?ADC
            CODE    4C97H     001EH     UNIT         ?PR?_DELAY_MS?KEYPAD
            CODE    4CB5H     001DH     UNIT         ?PR?_DISPLAYLCD?LCD_DRIVER_SPLC780D
            CODE    4CD2H     001BH     UNIT         ?PR?_BCDTODEC1?BIPOLARMOTOR
            CODE    4CEDH     0018H     UNIT         ?PR?_SPI_WRITETIME?PCF85063BTL
BL51 BANKED LINKER/LOCATER V6.22                                                      02/25/2019  10:21:25  PAGE 4


            CODE    4D05H     0017H     UNIT         ?PR?_ASCIITOBCD?UART1
            CODE    4D1CH     0016H     UNIT         ?PR?I2C_ACK?IOEXPANDER_PI4IOE5V96248
            CODE    4D32H     0015H     UNIT         ?PR?_DISPLAY_LINE?LCD_DRIVER_SPLC780D
            CODE    4D47H     0015H     UNIT         ?PR?I2C_STOP?IOEXPANDER_PI4IOE5V96248
            CODE    4D5CH     0014H     UNIT         ?PR?_PCF85063BTL_DELAY?PCF85063BTL
            CODE    4D70H     0014H     UNIT         ?PR?_ISSPACE?ISSPACE
            CODE    4D84H     0011H     UNIT         ?PR?_SPI_READTIME?PCF85063BTL
            CODE    4D95H     0011H     UNIT         ?PR?_BCDTODEC?PCF85063BTL
            CODE    4DA6H     0011H     UNIT         ?PR?INITUART1?UART1
            CODE    4DB7H     000FH     UNIT         ?PR?I2C_START?IOEXPANDER_PI4IOE5V96248
            CODE    4DC6H     000FH     UNIT         ?PR?UC_NACK?IOEXPANDER_PI4IOE5V96248
            CODE    4DD5H     000FH     UNIT         ?PR?_ISDIGIT?ISDIGIT
            CODE    4DE4H     000DH     UNIT         ?PR?SPI_INIT?PCF85063BTL
            CODE    4DF1H     000CH     UNIT         ?PR?KEYPAD_IO_INIT?KEYPAD
            CODE    4DFDH     000CH     UNIT         ?PR?_ABS?ABS
            CODE    4E09H     000AH     UNIT         ?PR?LCD_RETURN_HOME?LCD_DRIVER_SPLC780D
            CODE    4E13H     000AH     UNIT         ?PR?LCD_CLEAR?LCD_DRIVER_SPLC780D
            CODE    4E1DH     0006H     UNIT         ?PR?UC_ACK?IOEXPANDER_PI4IOE5V96248
            CODE    4E23H     0005H     UNIT         ?PR?_UNIT?UART1
            CODE    4E28H     0005H     UNIT         ?PR?_ASCII_LETTER?UART1
            CODE    4E2DH     0001H     UNIT         ?PR?WAIT?BIPOLARMOTOR
            CODE    4E2EH     0001H     UNIT         ?PR?NOP?IOEXPANDER_PI4IOE5V96248



OVERLAY MAP OF MODULE:   .\Obj\GPIO_RTC_Test (MAIN)


SEGMENT                                             BIT_GROUP          XDATA_GROUP
  +--> CALLED SEGMENT                            START    LENGTH     START    LENGTH
------------------------------------------------------------------------------------
?C_C51STARTUP                                    -----    -----      -----    -----
  +--> ?PR?MAIN?MAIN
  +--> ?C_INITSEG

?PR?MAIN?MAIN                                    -----    -----      038FH    0030H
  +--> ?PR?LCD_INIT?LCD_DRIVER_SPLC780D
  +--> ?PR?SPI_INIT?PCF85063BTL
  +--> ?PR?KEYPAD_IO_INIT?KEYPAD
  +--> ?PR?ADC_INIT?ADC
  +--> ?PR?_SPI_WRITETIME?PCF85063BTL
  +--> ?PR?_DELAY_MS?KEYPAD
  +--> ?PR?_DISPLAY_LINE?LCD_DRIVER_SPLC780D
  +--> ?PR?_WRITEDATA?LCD_DRIVER_SPLC780D
  +--> ?PR?KEY_PROCESS?KEYPAD
  +--> ?PR?_COMMAND?LCD_DRIVER_SPLC780D
  +--> ?PR?_DISPLAY_POS?MAIN
  +--> ?PR?_DISPLAYLCD?LCD_DRIVER_SPLC780D
  +--> ?PR?_STEP_MOVE?BIPOLARMOTOR
  +--> ?PR?LCD_RETURN_HOME?LCD_DRIVER_SPLC780D
  +--> ?PR?_READ_TIME?PCF85063BTL
  +--> ?PR?_ADC_GETRESULT?ADC
  +--> ?PR?_BCDTODEC1?BIPOLARMOTOR
  +--> ?PR?_CALIBRATION?CALIBRATION
  +--> ?PR?_WAIT_MS_SPINOR?AT25SF041
  +--> ?PR?SPI_NOR_WRITE_DATA?MAIN
  +--> ?PR?LINEAR_INTERPOLATE?BIPOLARMOTOR
BL51 BANKED LINKER/LOCATER V6.22                                                      02/25/2019  10:21:25  PAGE 5


  +--> ?PR?_UPDATE_POSITION?BIPOLARMOTOR

?PR?LCD_INIT?LCD_DRIVER_SPLC780D                 -----    -----      -----    -----
  +--> ?PR?_WAIT_MS?LCD_DRIVER_SPLC780D
  +--> ?PR?_COMMAND?LCD_DRIVER_SPLC780D

?PR?_COMMAND?LCD_DRIVER_SPLC780D                 -----    -----      -----    -----
  +--> ?PR?_WAIT_MS?LCD_DRIVER_SPLC780D

?PR?ADC_INIT?ADC                                 -----    -----      -----    -----
  +--> ?PR?_WAIT_MS?LCD_DRIVER_SPLC780D

?PR?_SPI_WRITETIME?PCF85063BTL                   -----    -----      -----    -----
  +--> ?PR?_SPI_SENDBYTE?PCF85063BTL

?PR?_SPI_SENDBYTE?PCF85063BTL                    -----    -----      -----    -----
  +--> ?PR?_PCF85063BTL_DELAY?PCF85063BTL

?PR?_DISPLAY_LINE?LCD_DRIVER_SPLC780D            -----    -----      -----    -----
  +--> ?PR?_COMMAND?LCD_DRIVER_SPLC780D

?PR?_WRITEDATA?LCD_DRIVER_SPLC780D               -----    -----      046EH    0001H
  +--> ?PR?_WAIT_MS?LCD_DRIVER_SPLC780D

?PR?KEY_PROCESS?KEYPAD                           -----    -----      03BFH    0006H
  +--> ?PR?KEY_SCAN?KEYPAD
  +--> ?PR?_SPI_WRITETIME?PCF85063BTL
  +--> ?PR?LCD_CLEAR?LCD_DRIVER_SPLC780D
  +--> ?PR?_COMMAND?LCD_DRIVER_SPLC780D
  +--> ?PR?_WRITEDATA?LCD_DRIVER_SPLC780D

?PR?KEY_SCAN?KEYPAD                              -----    -----      03C5H    0003H

?PR?LCD_CLEAR?LCD_DRIVER_SPLC780D                -----    -----      -----    -----
  +--> ?PR?_COMMAND?LCD_DRIVER_SPLC780D

?PR?_DISPLAY_POS?MAIN                            -----    -----      0464H    000AH
  +--> ?PR?_ABS?ABS
  +--> ?PR?_WRITEDATA?LCD_DRIVER_SPLC780D

?PR?_DISPLAYLCD?LCD_DRIVER_SPLC780D              -----    -----      03BFH    0001H
  +--> ?PR?_WRITEDATA?LCD_DRIVER_SPLC780D

?PR?_STEP_MOVE?BIPOLARMOTOR                      0020H.6  0000H.1    047DH    0004H
  +--> ?PR?VONESTEPMOVE?BIPOLARMOTOR

?PR?VONESTEPMOVE?BIPOLARMOTOR                    0020H.7  0000H.1    -----    -----
  +--> ?PR?_WRITE_PI4IOE5V96248?IOEXPANDER_P...
  +--> ?PR?_DELAY_MS?KEYPAD

?PR?_WRITE_PI4IOE5V96248?IOEXPANDER_P...         -----    -----      0481H    0003H
  +--> ?PR?I2C_START?IOEXPANDER_PI4IOE5V96248
  +--> ?PR?_WAIT_MS_I2C?IOEXPANDER_PI4IOE5V9...
  +--> ?PR?_I2C_SENDBYTE?IOEXPANDER_PI4IOE5V...
  +--> ?PR?I2C_ACK?IOEXPANDER_PI4IOE5V96248
  +--> ?PR?I2C_STOP?IOEXPANDER_PI4IOE5V96248

BL51 BANKED LINKER/LOCATER V6.22                                                      02/25/2019  10:21:25  PAGE 6


?PR?I2C_START?IOEXPANDER_PI4IOE5V96248           -----    -----      -----    -----
  +--> ?PR?_WAIT_MS_I2C?IOEXPANDER_PI4IOE5V9...

?PR?_I2C_SENDBYTE?IOEXPANDER_PI4IOE5V...         -----    -----      -----    -----
  +--> ?PR?_WAIT_MS_I2C?IOEXPANDER_PI4IOE5V9...

?PR?I2C_ACK?IOEXPANDER_PI4IOE5V96248             -----    -----      0484H    0001H
  +--> ?PR?_WAIT_MS_I2C?IOEXPANDER_PI4IOE5V9...

?PR?I2C_STOP?IOEXPANDER_PI4IOE5V96248            -----    -----      -----    -----
  +--> ?PR?_WAIT_MS_I2C?IOEXPANDER_PI4IOE5V9...

?PR?LCD_RETURN_HOME?LCD_DRIVER_SPLC780D          -----    -----      -----    -----
  +--> ?PR?_COMMAND?LCD_DRIVER_SPLC780D

?PR?_READ_TIME?PCF85063BTL                       -----    -----      03BFH    000FH
  +--> ?PR?_SPI_READTIME?PCF85063BTL

?PR?_SPI_READTIME?PCF85063BTL                    -----    -----      -----    -----
  +--> ?PR?_SPI_SENDBYTE?PCF85063BTL
  +--> ?PR?SPI_RECEIVEBYTE?PCF85063BTL

?PR?SPI_RECEIVEBYTE?PCF85063BTL                  -----    -----      -----    -----
  +--> ?PR?_PCF85063BTL_DELAY?PCF85063BTL

?PR?_CALIBRATION?CALIBRATION                     -----    -----      03BFH    001BH
  +--> ?PR?VOLTAGE_IS_STABLE?CALIBRATION
  +--> ?PR?_UPDATE_POSITION?BIPOLARMOTOR
  +--> ?PR?_FIND_REAL_MAX?CALIBRATION

?PR?VOLTAGE_IS_STABLE?CALIBRATION                -----    -----      03DAH    0018H
  +--> ?PR?_ADC_GETRESULT?ADC
  +--> ?PR?_ABS?ABS

?PR?_UPDATE_POSITION?BIPOLARMOTOR                -----    -----      03DAH    009FH
  +--> ?PR?_BCDTODEC1?BIPOLARMOTOR
  +--> ?PR?SUNPOS?SUNPOS
  +--> ?PR?SIN?SIN
  +--> ?PR?ASIN?ASIN
  +--> ?PR?LINEAR_INTERPOLATE?BIPOLARMOTOR
  +--> ?PR?_ABS?ABS
  +--> ?PR?_MOVE?BIPOLARMOTOR

?PR?SUNPOS?SUNPOS                                -----    -----      0479H    005DH
  +--> ?PR?SIN?SIN
  +--> ?PR?_ATAN2?ATAN2
  +--> ?PR?ASIN?ASIN
  +--> ?PR?ACOS?ACOS

?PR?SIN?SIN                                      0020H.5  0000H.1    04D6H    0004H

?PR?_ATAN2?ATAN2                                 -----    -----      04D6H    0008H
  +--> ?PR?ATAN?ATAN

?PR?ATAN?ATAN                                    0020H.5  0000H.2    04DEH    0004H

?PR?ASIN?ASIN                                    -----    -----      -----    -----
BL51 BANKED LINKER/LOCATER V6.22                                                      02/25/2019  10:21:25  PAGE 7


  +--> ?PR?SQRT?SQRT
  +--> ?PR?ATAN?ATAN

?PR?SQRT?SQRT                                    -----    -----      04D6H    0004H

?PR?ACOS?ACOS                                    -----    -----      -----    -----
  +--> ?PR?SQRT?SQRT
  +--> ?PR?ATAN?ATAN

?PR?LINEAR_INTERPOLATE?BIPOLARMOTOR              -----    -----      0479H    0014H

?PR?_MOVE?BIPOLARMOTOR                           0020H.5  0000H.1    0479H    0004H
  +--> ?PR?_STEP_MOVE?BIPOLARMOTOR

?PR?_FIND_REAL_MAX?CALIBRATION                   -----    -----      03DAH    008AH
  +--> ?PR?_ADC_GETRESULT?ADC
  +--> ?PR?_MOVE?BIPOLARMOTOR
  +--> ?PR?_COMMAND?LCD_DRIVER_SPLC780D
  +--> ?PR?_WRITEDATA?LCD_DRIVER_SPLC780D
  +--> ?PR?_DISPLAY_POS?MAIN
  +--> ?PR?_WAIT_MS?LCD_DRIVER_SPLC780D
  +--> ?PR?_MAX_VALUE?CALIBRATION

?PR?_MAX_VALUE?CALIBRATION                       -----    -----      0464H    0004H

?PR?SPI_NOR_WRITE_DATA?MAIN                      -----    -----      03BFH    000EH
  +--> ?PR?AT25SF041_WRITEENABLE?AT25SF041
  +--> ?PR?AT25SF041_CHIPERASE?AT25SF041
  +--> ?PR?_WAIT_MS_SPINOR?AT25SF041
  +--> ?PR?_AT25SF041_WRITE?AT25SF041

?PR?AT25SF041_WRITEENABLE?AT25SF041              -----    -----      03CDH    0002H
  +--> ?PR?_WAIT_MS_SPINOR?AT25SF041

?PR?AT25SF041_CHIPERASE?AT25SF041                -----    -----      03CDH    0002H
  +--> ?PR?_WAIT_MS_SPINOR?AT25SF041
  +--> ?PR?READ_STATUS_REGISTER_BYTE1?AT25SF041

?PR?READ_STATUS_REGISTER_BYTE1?AT25SF041         -----    -----      03CFH    0003H
  +--> ?PR?_WAIT_MS_SPINOR?AT25SF041

?PR?_AT25SF041_WRITE?AT25SF041                   -----    -----      03CDH    0008H
  +--> ?PR?_WAIT_MS_SPINOR?AT25SF041



UNRESOLVED EXTERNAL SYMBOLS:
   AUTO_MODE
   _SENDUART1



SYMBOL TABLE OF MODULE:  .\Obj\GPIO_RTC_Test (MAIN)

  VALUE           TYPE          NAME
  ----------------------------------

BL51 BANKED LINKER/LOCATER V6.22                                                      02/25/2019  10:21:25  PAGE 8


  -------         MODULE        MAIN
  C:0000H         SYMBOL        _ICE_DUMMY_
  X:04EAH         PUBLIC        calib_value
  D:0080H         PUBLIC        P0
  D:00B2H         PUBLIC        P3M0
  D:0090H         PUBLIC        P1
  D:00B1H         PUBLIC        P3M1
  D:00A0H         PUBLIC        P2
  D:00B0H         PUBLIC        P3
  D:00C0H         PUBLIC        P4
  D:00C8H         PUBLIC        P5
  X:053EH         SYMBOL        PressedKey
  B:00A8H.7       PUBLIC        EA
  D:00E8H         PUBLIC        P6
  X:0542H         PUBLIC        calib_stamp
  D:00F8H         PUBLIC        P7
  C:332FH         PUBLIC        SPI_NOR_Write_Data
  X:0543H         PUBLIC        RX_Data_Uart_Cnt
  D:00A8H         PUBLIC        IE
  X:0545H         PUBLIC        calib_time
  D:00B8H         PUBLIC        IP
  X:0599H         PUBLIC        months
  D:00D8H         PUBLIC        CCON
  C:0B0EH         PUBLIC        main
  X:059AH         PUBLIC        count
  X:059CH         PUBLIC        days
  X:059DH         PUBLIC        hours
  D:0098H         PUBLIC        SCON
  D:0089H         PUBLIC        TMOD
  D:0088H         PUBLIC        TCON
  B:00A0H.3       PUBLIC        P23
  X:059EH         SYMBOL        KeyCount
  X:05A0H         PUBLIC        mins
  X:05A1H         PUBLIC        Rec_data_hour
  B:00C8H.5       PUBLIC        P55
  X:05A4H         PUBLIC        Rec_data_min
  D:008EH         PUBLIC        AUXR
  C:0009H         PUBLIC        tm0_isr
  B:0021H.0       PUBLIC        busy
  B:00A8H.1       PUBLIC        ET0
  D:008CH         PUBLIC        TH0
  X:05A7H         PUBLIC        hour_count
  D:008AH         PUBLIC        TL0
  X:05A8H         PUBLIC        min_count
  B:0088H.4       PUBLIC        TR0
  X:05A9H         SYMBOL        KeyNum
  X:05AAH         SYMBOL        KeyNum_Old
  X:05ABH         PUBLIC        current_position
  X:05AFH         PUBLIC        hours1
  X:05B0H         PUBLIC        hours2
  C:45F8H         PUBLIC        _Display_Prox
  X:05B1H         PUBLIC        mins1
  X:05B2H         PUBLIC        mins2
  C:3A83H         PUBLIC        _Display_Pos
  X:05B3H         PUBLIC        seconds
  X:05B4H         PUBLIC        st_time
  D:00D0H         PUBLIC        PSW
BL51 BANKED LINKER/LOCATER V6.22                                                      02/25/2019  10:21:25  PAGE 9


  -------         PROC          TM0_ISR
  C:0009H         LINE#         85
  C:0009H         LINE#         87
  -------         ENDPROC       TM0_ISR
  -------         PROC          MAIN
  -------         DO            
  X:038FH         SYMBOL        sunlight_ADC
  X:04E2H         SYMBOL        KeyCount
  X:04E4H         SYMBOL        KeyNum_Old
  X:04E5H         SYMBOL        KeyNum
  X:04E6H         SYMBOL        PressedKey
  X:0391H         SYMBOL        prox_flag
  X:0392H         SYMBOL        iUse_prevday_calib_value
  X:0394H         SYMBOL        max_ADC_Val
  X:0396H         SYMBOL        max_ADC_Val_JP
  X:0398H         SYMBOL        calib_point1
  X:03A0H         SYMBOL        calib_point2
  X:03A8H         SYMBOL        dat_to_store
  X:03B3H         SYMBOL        calib_day
  X:03B5H         SYMBOL        calib_count
  X:03B7H         SYMBOL        theorical_JP_max_pos
  X:03BBH         SYMBOL        SPI_NOR_INTERNAL_FLASH_ADDR
  -------         ENDDO         
  C:0B0EH         LINE#         89
  C:0B0EH         LINE#         90
  C:0B0EH         LINE#         95
  C:0B14H         LINE#         96
  C:0B21H         LINE#         100
  C:0B27H         LINE#         101
  C:0B31H         LINE#         102
  C:0B3BH         LINE#         106
  C:0B3DH         LINE#         107
  C:0B3FH         LINE#         108
  C:0B41H         LINE#         109
  C:0B43H         LINE#         111
  C:0B4AH         LINE#         120
  C:0B4CH         LINE#         121
  C:0B4FH         LINE#         122
  C:0B52H         LINE#         123
  C:0B55H         LINE#         124
  C:0B58H         LINE#         125
  C:0B5BH         LINE#         128
  C:0B5EH         LINE#         130
  C:0B61H         LINE#         131
  C:0B64H         LINE#         132
  C:0B67H         LINE#         133
  C:0B69H         LINE#         134
  C:0B6BH         LINE#         135
  C:0B6DH         LINE#         137
  C:0B6FH         LINE#         138
  C:0B76H         LINE#         139
  C:0B7DH         LINE#         140
  C:0B84H         LINE#         141
  C:0B8BH         LINE#         145
  C:0B92H         LINE#         146
  C:0B97H         LINE#         147
  C:0B9CH         LINE#         148
BL51 BANKED LINKER/LOCATER V6.22                                                      02/25/2019  10:21:25  PAGE 10


  C:0BA1H         LINE#         149
  C:0BA6H         LINE#         150
  C:0BABH         LINE#         153
  C:0BC4H         LINE#         154
  C:0BC4H         LINE#         155
  C:0BE0H         LINE#         156
  C:0C27H         LINE#         157
  C:0C38H         LINE#         158
  C:0C38H         LINE#         159
  C:0C38H         LINE#         160
  C:0C3BH         LINE#         163
  C:0C3BH         LINE#         166
  C:0C40H         LINE#         167
  C:0C45H         LINE#         169
  C:0C4AH         LINE#         170
  C:0C4FH         LINE#         171
  C:0C54H         LINE#         172
  C:0C59H         LINE#         174
  C:0C6AH         LINE#         175
  C:0C6FH         LINE#         176
  C:0C74H         LINE#         178
  C:0C7BH         LINE#         179
  C:0C83H         LINE#         180
  C:0C88H         LINE#         181
  C:0C90H         LINE#         182
  C:0C95H         LINE#         183
  C:0C9FH         LINE#         184
  C:0CA4H         LINE#         185
  C:0CACH         LINE#         187
  C:0CB4H         LINE#         188
  C:0CB9H         LINE#         189
  C:0CC3H         LINE#         190
  C:0CC3H         LINE#         191
  C:0CC5H         LINE#         192
  C:0CC7H         LINE#         193
  C:0CD1H         LINE#         194
  C:0CD1H         LINE#         195
  C:0CD6H         LINE#         196
  C:0CD6H         LINE#         208
  C:0CE3H         LINE#         209
  C:0CE3H         LINE#         210
  C:0CEDH         LINE#         211
  C:0D04H         LINE#         212
  C:0D04H         LINE#         213
  C:0D06H         LINE#         214
  C:0D08H         LINE#         216
  C:0D08H         LINE#         217
  C:0D13H         LINE#         218
  C:0D13H         LINE#         219
  C:0D18H         LINE#         220
  C:0D18H         LINE#         221
  C:0D25H         LINE#         222
  C:0D25H         LINE#         225
  C:0D2FH         LINE#         226
  C:0D46H         LINE#         227
  C:0D46H         LINE#         228
  C:0D48H         LINE#         229
BL51 BANKED LINKER/LOCATER V6.22                                                      02/25/2019  10:21:25  PAGE 11


  C:0D4AH         LINE#         231
  C:0D4AH         LINE#         232
  C:0D55H         LINE#         233
  C:0D55H         LINE#         234
  C:0D5AH         LINE#         235
  C:0D5CH         LINE#         236
  C:0D5CH         LINE#         245
  C:0D7EH         LINE#         246
  C:0D7EH         LINE#         247
  C:0D88H         LINE#         248
  C:0D8EH         LINE#         249
  C:0D90H         LINE#         250
  C:0D92H         LINE#         251
  C:0D94H         LINE#         252
  C:0D94H         LINE#         253
  C:0D97H         LINE#         255
  C:0D97H         LINE#         256
  C:0D9DH         LINE#         257
  C:0DA5H         LINE#         258
  C:0DABH         LINE#         259
  C:0DB3H         LINE#         260
  C:0DEEH         LINE#         264
  C:0DFBH         LINE#         265
  C:0DFBH         LINE#         266
  C:0E08H         LINE#         267
  C:0E3BH         LINE#         268
  C:0E48H         LINE#         269
  C:0E48H         LINE#         271
  C:0E77H         LINE#         272
  C:0E77H         LINE#         273
  C:0E99H         LINE#         274
  C:0E99H         LINE#         275
  C:0F15H         LINE#         276
  C:0F93H         LINE#         280
  C:0F9BH         LINE#         281
  C:0FA3H         LINE#         282
  C:0FABH         LINE#         284
  C:0FB3H         LINE#         285
  C:0FC7H         LINE#         286
  C:0FDDH         LINE#         288
  C:100DH         LINE#         289
  C:1021H         LINE#         290
  C:1035H         LINE#         295
  C:1038H         LINE#         296
  C:103AH         LINE#         359
  C:1040H         LINE#         360
  C:1040H         LINE#         377
  C:1043H         LINE#         378
  C:1054H         LINE#         379
  C:1054H         LINE#         380
  C:1054H         LINE#         382
  C:1054H         LINE#         385
  C:1057H         LINE#         387
  C:1057H         LINE#         388
  C:1079H         LINE#         389
  C:1079H         LINE#         390
  C:10F5H         LINE#         391
BL51 BANKED LINKER/LOCATER V6.22                                                      02/25/2019  10:21:25  PAGE 12


  C:114AH         LINE#         392
  C:114AH         LINE#         393
  C:114AH         LINE#         394
  C:114DH         LINE#         398
  C:114DH         LINE#         401
  C:1181H         LINE#         402
  C:1181H         LINE#         403
  C:11A3H         LINE#         404
  C:11A3H         LINE#         405
  C:121FH         LINE#         406
  C:129DH         LINE#         410
  C:12A5H         LINE#         411
  C:12ADH         LINE#         412
  C:12B5H         LINE#         414
  C:12BDH         LINE#         416
  C:12D3H         LINE#         418
  C:1303H         LINE#         422
  C:1319H         LINE#         423
  C:1349H         LINE#         424
  C:136DH         LINE#         426
  C:1370H         LINE#         427
  C:1381H         LINE#         428
  C:1381H         LINE#         429
  C:1389H         LINE#         431
  C:1389H         LINE#         434
  C:138CH         LINE#         436
  C:138CH         LINE#         438
  C:13AEH         LINE#         439
  C:13AEH         LINE#         440
  C:142AH         LINE#         442
  C:1457H         LINE#         443
  C:1472H         LINE#         444
  C:149FH         LINE#         445
  C:14BAH         LINE#         447
  C:1556H         LINE#         450
  C:1556H         LINE#         451
  C:1556H         LINE#         452
  C:1556H         LINE#         454
  C:1556H         LINE#         457
  C:1572H         LINE#         458
  C:1577H         LINE#         460
  C:1579H         LINE#         461
  -------         ENDPROC       MAIN
  -------         PROC          _DISPLAY_PROX
  D:0002H         SYMBOL        dat
  -------         DO            
  X:0630H         SYMBOL        unit
  X:0631H         SYMBOL        ten
  X:0632H         SYMBOL        hundred
  X:0633H         SYMBOL        thousand
  -------         ENDDO         
  C:45F8H         LINE#         545
  C:45FCH         LINE#         546
  C:45FCH         LINE#         548
  C:4608H         LINE#         549
  C:4618H         LINE#         550
  C:4634H         LINE#         551
BL51 BANKED LINKER/LOCATER V6.22                                                      02/25/2019  10:21:25  PAGE 13


  C:4664H         LINE#         552
  C:466EH         LINE#         553
  C:4678H         LINE#         554
  C:4682H         LINE#         555
  C:468CH         LINE#         557
  -------         ENDPROC       _DISPLAY_PROX
  -------         PROC          _DISPLAY_POS
  X:0464H         SYMBOL        sign_dat
  -------         DO            
  X:0468H         SYMBOL        unit
  X:0469H         SYMBOL        ten
  X:046AH         SYMBOL        hundred
  D:0003H         SYMBOL        thousand
  X:046BH         SYMBOL        after_dot
  X:046CH         SYMBOL        dat
  -------         ENDDO         
  C:3A83H         LINE#         560
  C:3A89H         LINE#         561
  C:3A89H         LINE#         565
  C:3AA5H         LINE#         566
  C:3ABFH         LINE#         567
  C:3AE3H         LINE#         569
  C:3B2DH         LINE#         571
  C:3B44H         LINE#         572
  C:3B51H         LINE#         573
  C:3B73H         LINE#         574
  C:3BA8H         LINE#         575
  C:3BC0H         LINE#         576
  C:3BC0H         LINE#         578
  C:3BC0H         LINE#         579
  C:3BC0H         LINE#         580
  C:3BC0H         LINE#         581
  C:3BC0H         LINE#         582
  C:3BC0H         LINE#         586
  C:3BC2H         LINE#         588
  C:3BC2H         LINE#         590
  C:3BC7H         LINE#         591
  C:3BD1H         LINE#         592
  C:3BDBH         LINE#         593
  C:3BE5H         LINE#         594
  C:3BEAH         LINE#         595
  C:3BF4H         LINE#         599
  C:3BF4H         LINE#         601
  -------         ENDPROC       _DISPLAY_POS
  -------         PROC          SPI_NOR_WRITE_DATA
  X:03BFH         SYMBOL        dat
  X:03CAH         SYMBOL        addr
  C:332FH         LINE#         605
  C:332FH         LINE#         606
  C:332FH         LINE#         607
  C:3348H         LINE#         608
  C:3348H         LINE#         609
  C:334BH         LINE#         611
  C:334EH         LINE#         612
  C:3355H         LINE#         613
  C:3355H         LINE#         614
  C:3358H         LINE#         616
BL51 BANKED LINKER/LOCATER V6.22                                                      02/25/2019  10:21:25  PAGE 14


  C:3379H         LINE#         617
  C:3397H         LINE#         619
  C:339EH         LINE#         620
  C:33A1H         LINE#         622
  C:33C2H         LINE#         623
  C:33C9H         LINE#         624
  C:33E7H         LINE#         627
  C:33EAH         LINE#         629
  C:340BH         LINE#         630
  C:3412H         LINE#         631
  C:3430H         LINE#         633
  C:3433H         LINE#         635
  C:3454H         LINE#         636
  C:345BH         LINE#         637
  C:3479H         LINE#         639
  C:347CH         LINE#         641
  C:349DH         LINE#         642
  C:34A4H         LINE#         643
  C:34C2H         LINE#         645
  C:34C5H         LINE#         647
  C:34E6H         LINE#         648
  C:34EDH         LINE#         649
  C:350BH         LINE#         651
  C:350EH         LINE#         653
  C:352FH         LINE#         654
  C:3536H         LINE#         655
  C:3554H         LINE#         657
  C:3557H         LINE#         659
  C:3578H         LINE#         660
  C:357FH         LINE#         661
  -------         ENDPROC       SPI_NOR_WRITE_DATA
  -------         ENDMOD        MAIN

  -------         MODULE        PCF85063BTL
  C:0000H         SYMBOL        _ICE_DUMMY_
  D:0096H         PUBLIC        P2M0
  D:0080H         PUBLIC        P0
  D:0095H         PUBLIC        P2M1
  D:0090H         PUBLIC        P1
  D:00A0H         PUBLIC        P2
  D:00B0H         PUBLIC        P3
  D:00C0H         PUBLIC        P4
  D:00C8H         PUBLIC        P5
  D:00E8H         PUBLIC        P6
  B:00A0H.1       PUBLIC        PCF85063BTL_SDI
  D:00F8H         PUBLIC        P7
  B:00A0H.2       PUBLIC        PCF85063BTL_SCK
  B:00A0H.1       PUBLIC        PCF85063BTL_SDO
  D:00A8H         PUBLIC        IE
  C:4812H         PUBLIC        _Read_time
  C:4D62H         PUBLIC        _PCF85063BTL_Delay
  D:00B8H         PUBLIC        IP
  D:00D8H         PUBLIC        CCON
  C:4719H         PUBLIC        _Day_Of_Year
  C:4C58H         PUBLIC        SPI_ReceiveByte
  D:0098H         PUBLIC        SCON
  D:0088H         PUBLIC        TCON
BL51 BANKED LINKER/LOCATER V6.22                                                      02/25/2019  10:21:25  PAGE 15


  C:4D95H         PUBLIC        _BCDtoDec
  B:00A0H.0       PUBLIC        PCF85063BTL_CS
  C:4D84H         PUBLIC        _SPI_ReadTime
  C:4DE4H         PUBLIC        SPI_Init
  C:4CEDH         PUBLIC        _SPI_WriteTime
  C:4C38H         PUBLIC        _SPI_SendByte
  D:00D0H         PUBLIC        PSW
  C:4D5EH         SYMBOL        L?0047
  -------         PROC          L?0046
  -------         ENDPROC       L?0046
  C:4D5EH         SYMBOL        L?0047
  -------         PROC          _PCF85063BTL_DELAY
  D:0006H         SYMBOL        us
  C:4D62H         LINE#         8
  C:4D62H         LINE#         9
  C:4D62H         LINE#         10
  C:4D6CH         LINE#         11
  C:4D6CH         LINE#         12
  C:4D6DH         LINE#         13
  C:4D6FH         LINE#         14
  -------         ENDPROC       _PCF85063BTL_DELAY
  -------         PROC          _SPI_SENDBYTE
  D:0005H         SYMBOL        dat
  -------         DO            
  D:0003H         SYMBOL        i
  -------         ENDDO         
  C:4C38H         LINE#         17
  C:4C3AH         LINE#         18
  C:4C3AH         LINE#         20
  C:4C3CH         LINE#         21
  C:4C3CH         LINE#         22
  C:4C3EH         LINE#         23
  C:4C42H         LINE#         24
  C:4C42H         LINE#         25
  C:4C44H         LINE#         26
  C:4C46H         LINE#         28
  C:4C46H         LINE#         29
  C:4C48H         LINE#         30
  C:4C48H         LINE#         31
  C:4C4BH         LINE#         32
  C:4C4BH         LINE#         33
  C:4C4EH         LINE#         34
  C:4C52H         LINE#         35
  C:4C57H         LINE#         36
  -------         ENDPROC       _SPI_SENDBYTE
  -------         PROC          SPI_RECEIVEBYTE
  -------         DO            
  D:0003H         SYMBOL        i
  D:0005H         SYMBOL        dat
  -------         ENDDO         
  C:4C58H         LINE#         39
  C:4C58H         LINE#         40
  C:4C58H         LINE#         42
  C:4C5AH         LINE#         44
  C:4C5CH         LINE#         45
  C:4C5DH         LINE#         46
  C:4C5DH         LINE#         47
BL51 BANKED LINKER/LOCATER V6.22                                                      02/25/2019  10:21:25  PAGE 16


  C:4C61H         LINE#         48
  C:4C63H         LINE#         49
  C:4C66H         LINE#         51
  C:4C69H         LINE#         52
  C:4C69H         LINE#         53
  C:4C6DH         LINE#         54
  C:4C6DH         LINE#         55
  C:4C6DH         LINE#         56
  C:4C70H         LINE#         57
  C:4C75H         LINE#         58
  C:4C77H         LINE#         59
  -------         ENDPROC       SPI_RECEIVEBYTE
  -------         PROC          _SPI_READTIME
  D:0007H         SYMBOL        addr
  -------         DO            
  D:0006H         SYMBOL        dat
  -------         ENDDO         
  C:4D84H         LINE#         61
  C:4D84H         LINE#         62
  C:4D84H         LINE#         64
  C:4D86H         LINE#         65
  C:4D88H         LINE#         66
  C:4D8FH         LINE#         67
  C:4D92H         LINE#         68
  C:4D94H         LINE#         69
  C:4D94H         LINE#         70
  -------         ENDPROC       _SPI_READTIME
  -------         PROC          _SPI_WRITETIME
  D:0002H         SYMBOL        val
  D:0005H         SYMBOL        addr
  C:4CEDH         LINE#         71
  C:4CEFH         LINE#         72
  C:4CEFH         LINE#         74
  C:4CF1H         LINE#         75
  C:4CF8H         LINE#         76
  C:4CFDH         LINE#         77
  C:4D02H         LINE#         78
  C:4D04H         LINE#         79
  -------         ENDPROC       _SPI_WRITETIME
  -------         PROC          SPI_INIT
  C:4DE4H         LINE#         83
  C:4DE4H         LINE#         84
  C:4DE4H         LINE#         89
  C:4DE7H         LINE#         90
  C:4DEAH         LINE#         91
  C:4DECH         LINE#         92
  C:4DEEH         LINE#         93
  C:4DF0H         LINE#         94
  -------         ENDPROC       SPI_INIT
  -------         PROC          _READ_TIME
  X:03BFH         SYMBOL        months
  X:03C2H         SYMBOL        days
  X:03C5H         SYMBOL        hours
  X:03C8H         SYMBOL        mins
  X:03CBH         SYMBOL        seconds
  C:4812H         LINE#         96
  C:481DH         LINE#         97
BL51 BANKED LINKER/LOCATER V6.22                                                      02/25/2019  10:21:25  PAGE 17


  C:481DH         LINE#         99
  C:4831H         LINE#         101
  C:4845H         LINE#         103
  C:4859H         LINE#         108
  C:486DH         LINE#         113
  -------         ENDPROC       _READ_TIME
  -------         PROC          _BCDTODEC
  D:0007H         SYMBOL        bcd
  -------         DO            
  D:0006H         SYMBOL        hi
  D:0007H         SYMBOL        lo
  -------         ENDDO         
  C:4D95H         LINE#         119
  C:4D95H         LINE#         120
  C:4D95H         LINE#         122
  C:4D9AH         LINE#         123
  C:4D9EH         LINE#         124
  C:4DA5H         LINE#         125
  -------         ENDPROC       _BCDTODEC
  -------         PROC          _DAY_OF_YEAR
  D:0007H         SYMBOL        months_bcd
  D:0005H         SYMBOL        days_bcd
  -------         DO            
  D:0004H         SYMBOL        months
  D:0007H         SYMBOL        days
  -------         ENDDO         
  C:4719H         LINE#         126
  C:4719H         LINE#         127
  C:4719H         LINE#         130
  C:471EH         LINE#         132
  C:4723H         LINE#         134
  C:475CH         LINE#         135
  C:475CH         LINE#         136
  C:475CH         LINE#         137
  C:475FH         LINE#         138
  C:475FH         LINE#         139
  C:475FH         LINE#         140
  C:4764H         LINE#         141
  C:4764H         LINE#         142
  C:4764H         LINE#         143
  C:4769H         LINE#         144
  C:4769H         LINE#         145
  C:4769H         LINE#         146
  C:476EH         LINE#         147
  C:476EH         LINE#         148
  C:476EH         LINE#         149
  C:4773H         LINE#         150
  C:4773H         LINE#         151
  C:4773H         LINE#         152
  C:4778H         LINE#         153
  C:4778H         LINE#         154
  C:4778H         LINE#         155
  C:477DH         LINE#         156
  C:477DH         LINE#         157
  C:477DH         LINE#         158
  C:4782H         LINE#         159
  C:4782H         LINE#         160
BL51 BANKED LINKER/LOCATER V6.22                                                      02/25/2019  10:21:25  PAGE 18


  C:4782H         LINE#         161
  C:478AH         LINE#         162
  C:478AH         LINE#         163
  C:478AH         LINE#         164
  C:478FH         LINE#         165
  C:478FH         LINE#         166
  C:478FH         LINE#         167
  C:4794H         LINE#         168
  C:4794H         LINE#         169
  C:4794H         LINE#         170
  C:479CH         LINE#         171
  C:479CH         LINE#         172
  C:479CH         LINE#         173
  -------         ENDPROC       _DAY_OF_YEAR
  -------         ENDMOD        PCF85063BTL

  -------         MODULE        UART1
  C:0000H         SYMBOL        _ICE_DUMMY_
  D:0080H         PUBLIC        P0
  D:0090H         PUBLIC        P1
  D:00A0H         PUBLIC        P2
  D:00B0H         PUBLIC        P3
  D:00C0H         PUBLIC        P4
  D:00C8H         PUBLIC        P5
  B:00A8H.7       PUBLIC        EA
  D:00E8H         PUBLIC        P6
  D:00F8H         PUBLIC        P7
  C:4B10H         PUBLIC        _SendString
  D:00A8H         PUBLIC        IE
  B:00A8H.4       PUBLIC        ES
  D:00B8H         PUBLIC        IP
  C:4D05H         PUBLIC        _ASCIItoBCD
  D:00D8H         PUBLIC        CCON
  C:4DA6H         PUBLIC        initUART1
  D:0098H         PUBLIC        SCON
  D:0088H         PUBLIC        TCON
  C:000AH         PUBLIC        _DectoBCD
  C:4E28H         PUBLIC        _ASCII_Letter
  D:008EH         PUBLIC        AUXR
  C:4E23H         PUBLIC        _unit
  C:0003H         PUBLIC        _ten
  D:00D6H         PUBLIC        T2H
  D:00D7H         PUBLIC        T2L
  D:00D0H         PUBLIC        PSW
  -------         PROC          INITUART1
  C:4DA6H         LINE#         21
  C:4DA6H         LINE#         22
  C:4DA6H         LINE#         23
  C:4DA9H         LINE#         24
  C:4DACH         LINE#         25
  C:4DAFH         LINE#         26
  C:4DB2H         LINE#         27
  C:4DB4H         LINE#         28
  C:4DB6H         LINE#         30
  -------         ENDPROC       INITUART1
  -------         PROC          _SENDSTRING
  X:0634H         SYMBOL        s
BL51 BANKED LINKER/LOCATER V6.22                                                      02/25/2019  10:21:25  PAGE 19


  C:4B10H         LINE#         35
  C:4B1BH         LINE#         36
  C:4B1BH         LINE#         37
  C:4B2BH         LINE#         38
  C:4B2BH         LINE#         39
  C:4B40H         LINE#         40
  C:4B42H         LINE#         41
  -------         ENDPROC       _SENDSTRING
  -------         PROC          _TEN
  D:0007H         SYMBOL        BCD
  C:0003H         LINE#         43
  C:0003H         LINE#         44
  C:0003H         LINE#         45
  C:0008H         LINE#         46
  -------         ENDPROC       _TEN
  -------         PROC          _UNIT
  D:0007H         SYMBOL        BCD
  C:4E23H         LINE#         47
  C:4E23H         LINE#         48
  C:4E23H         LINE#         52
  C:4E27H         LINE#         53
  -------         ENDPROC       _UNIT
  -------         PROC          _DECTOBCD
  D:0007H         SYMBOL        dec
  C:000AH         LINE#         54
  C:000AH         LINE#         55
  C:000AH         LINE#         57
  C:000AH         LINE#         58
  -------         ENDPROC       _DECTOBCD
  -------         PROC          _ASCII_LETTER
  D:0007H         SYMBOL        dat
  C:4E28H         LINE#         60
  C:4E28H         LINE#         61
  C:4E28H         LINE#         63
  C:4E2CH         LINE#         64
  -------         ENDPROC       _ASCII_LETTER
  -------         PROC          _ASCIITOBCD
  D:0001H         SYMBOL        ascii
  -------         DO            
  D:0007H         SYMBOL        dec_val
  D:0006H         SYMBOL        ten
  D:0007H         SYMBOL        unit
  -------         ENDDO         
  C:4D05H         LINE#         66
  C:4D05H         LINE#         67
  C:4D05H         LINE#         69
  C:4D08H         LINE#         70
  C:4D0EH         LINE#         71
  C:4D15H         LINE#         72
  C:4D1BH         LINE#         74
  -------         ENDPROC       _ASCIITOBCD
  -------         ENDMOD        UART1

  -------         MODULE        LCD_DRIVER_SPLC780D
  C:0000H         SYMBOL        _ICE_DUMMY_
  D:0092H         PUBLIC        P1M0
  D:0091H         PUBLIC        P1M1
BL51 BANKED LINKER/LOCATER V6.22                                                      02/25/2019  10:21:25  PAGE 20


  D:0080H         PUBLIC        P0
  D:0090H         PUBLIC        P1
  D:00A0H         PUBLIC        P2
  D:00B0H         PUBLIC        P3
  D:00C0H         PUBLIC        P4
  D:00C8H         PUBLIC        P5
  D:00E8H         PUBLIC        P6
  D:00F8H         PUBLIC        P7
  C:479DH         PUBLIC        _WriteData
  D:00A8H         PUBLIC        IE
  D:00B8H         PUBLIC        IP
  D:00D8H         PUBLIC        CCON
  B:00B0H.4       PUBLIC        LCD_D4
  B:00B0H.5       PUBLIC        LCD_D5
  B:00B0H.6       PUBLIC        LCD_D6
  C:4CB5H         PUBLIC        _DisplayLCD
  B:00B0H.7       PUBLIC        LCD_D7
  D:0098H         PUBLIC        SCON
  D:0088H         PUBLIC        TCON
  C:4E13H         PUBLIC        LCD_clear
  C:4A55H         PUBLIC        _Command
  C:4D32H         PUBLIC        _Display_Line
  C:48DBH         PUBLIC        LCD_Init
  C:4C1AH         PUBLIC        _Wait_ms
  B:00C0H.0       PUBLIC        LCD_RS
  B:00B0H.2       PUBLIC        LCD_RW
  C:4E09H         PUBLIC        LCD_return_home
  B:00B0H.3       PUBLIC        LCD_E
  D:00D0H         PUBLIC        PSW
  -------         PROC          LCD_INIT
  C:48DBH         LINE#         9
  C:48DBH         LINE#         10
  C:48DBH         LINE#         11
  C:48DEH         LINE#         12
  C:48E1H         LINE#         14
  C:48E7H         LINE#         15
  C:48ECH         LINE#         17
  C:48F3H         LINE#         18
  C:48F8H         LINE#         20
  C:48FBH         LINE#         21
  C:4900H         LINE#         23
  C:4903H         LINE#         24
  C:4908H         LINE#         26
  C:490FH         LINE#         29
  C:4914H         LINE#         30
  C:4919H         LINE#         32
  C:491EH         LINE#         33
  C:4923H         LINE#         35
  C:4928H         LINE#         36
  C:492DH         LINE#         37
  -------         ENDPROC       LCD_INIT
  -------         PROC          _WRITEDATA
  X:046EH         SYMBOL        dat
  C:479DH         LINE#         40
  C:47A2H         LINE#         41
  C:47A2H         LINE#         46
  C:47A4H         LINE#         47
BL51 BANKED LINKER/LOCATER V6.22                                                      02/25/2019  10:21:25  PAGE 21


  C:47A6H         LINE#         49
  C:47B4H         LINE#         50
  C:47C0H         LINE#         51
  C:47CCH         LINE#         52
  C:47D6H         LINE#         53
  C:47D8H         LINE#         54
  C:47DFH         LINE#         55
  C:47E1H         LINE#         57
  C:47F1H         LINE#         58
  C:47FCH         LINE#         59
  C:4806H         LINE#         60
  C:480AH         LINE#         62
  C:480AH         LINE#         63
  C:480DH         LINE#         64
  C:480FH         LINE#         65
  C:4811H         LINE#         67
  -------         ENDPROC       _WRITEDATA
  -------         PROC          _COMMAND
  D:0007H         SYMBOL        dat
  C:4A55H         LINE#         69
  C:4A55H         LINE#         70
  C:4A55H         LINE#         71
  C:4A57H         LINE#         72
  C:4A59H         LINE#         74
  C:4A63H         LINE#         75
  C:4A67H         LINE#         77
  C:4A69H         LINE#         78
  C:4A72H         LINE#         79
  C:4A76H         LINE#         81
  C:4A78H         LINE#         82
  C:4A7FH         LINE#         83
  C:4A83H         LINE#         85
  C:4A85H         LINE#         86
  C:4A89H         LINE#         87
  C:4A8DH         LINE#         89
  C:4A8FH         LINE#         90
  C:4A8FH         LINE#         91
  C:4A92H         LINE#         92
  C:4A94H         LINE#         93
  -------         ENDPROC       _COMMAND
  C:4C16H         SYMBOL        L?0028
  -------         PROC          L?0027
  -------         ENDPROC       L?0027
  C:4C16H         SYMBOL        L?0028
  -------         PROC          _WAIT_MS
  D:0006H         SYMBOL        ms
  -------         DO            
  D:0004H         SYMBOL        De_Cnt
  -------         ENDDO         
  C:4C1AH         LINE#         95
  C:4C1AH         LINE#         96
  C:4C1AH         LINE#         98
  C:4C24H         LINE#         99
  C:4C24H         LINE#         100
  C:4C37H         LINE#         101
  C:4C37H         LINE#         102
  -------         ENDPROC       _WAIT_MS
BL51 BANKED LINKER/LOCATER V6.22                                                      02/25/2019  10:21:25  PAGE 22


  -------         PROC          _DISPLAYLCD
  D:0007H         SYMBOL        BCD
  -------         DO            
  D:0006H         SYMBOL        first_digit
  X:03BFH         SYMBOL        second_digit
  -------         ENDDO         
  C:4CB5H         LINE#         103
  C:4CB5H         LINE#         104
  C:4CB5H         LINE#         106
  C:4CBCH         LINE#         107
  C:4CC5H         LINE#         109
  C:4CCAH         LINE#         111
  -------         ENDPROC       _DISPLAYLCD
  -------         PROC          LCD_RETURN_HOME
  C:4E09H         LINE#         115
  C:4E09H         LINE#         116
  C:4E09H         LINE#         117
  C:4E0EH         LINE#         118
  -------         ENDPROC       LCD_RETURN_HOME
  -------         PROC          LCD_CLEAR
  C:4E13H         LINE#         121
  C:4E13H         LINE#         122
  C:4E13H         LINE#         123
  C:4E18H         LINE#         124
  -------         ENDPROC       LCD_CLEAR
  -------         PROC          _DISPLAY_LINE
  D:0006H         SYMBOL        line
  C:4D32H         LINE#         128
  C:4D32H         LINE#         129
  C:4D32H         LINE#         130
  C:4D38H         LINE#         131
  C:4D38H         LINE#         132
  C:4D3AH         LINE#         133
  C:4D3AH         LINE#         134
  C:4D3CH         LINE#         136
  C:4D3CH         LINE#         137
  C:4D41H         LINE#         138
  C:4D46H         LINE#         139
  C:4D46H         LINE#         140
  -------         ENDPROC       _DISPLAY_LINE
  -------         ENDMOD        LCD_DRIVER_SPLC780D

  -------         MODULE        KEYPAD
  C:0000H         SYMBOL        _ICE_DUMMY_
  D:0093H         PUBLIC        P0M1
  D:0080H         PUBLIC        P0
  D:0090H         PUBLIC        P1
  D:00A0H         PUBLIC        P2
  D:00B0H         PUBLIC        P3
  D:00C0H         PUBLIC        P4
  D:00C8H         PUBLIC        P5
  B:0020H.0       PUBLIC        calib_mode
  D:00E8H         PUBLIC        P6
  D:00F8H         PUBLIC        P7
  D:00A8H         PUBLIC        IE
  C:376EH         PUBLIC        Key_Scan
  D:00B8H         PUBLIC        IP
BL51 BANKED LINKER/LOCATER V6.22                                                      02/25/2019  10:21:25  PAGE 23


  D:00D8H         PUBLIC        CCON
  C:4DF1H         PUBLIC        KeyPad_IO_Init
  C:4C97H         PUBLIC        _Delay_ms
  D:0098H         PUBLIC        SCON
  D:0088H         PUBLIC        TCON
  B:0020H.1       PUBLIC        small_move
  B:0020H.2       PUBLIC        move
  B:0020H.3       PUBLIC        direction
  B:0020H.4       PUBLIC        auto_move
  C:308FH         PUBLIC        Key_Process
  D:00D0H         PUBLIC        PSW
  D:0094H         PUBLIC        P0M0
  -------         PROC          _DELAY_MS
  D:0006H         SYMBOL        ms
  -------         DO            
  D:0004H         SYMBOL        De_Cnt
  -------         ENDDO         
  C:4C97H         LINE#         19
  C:4C97H         LINE#         20
  C:4C97H         LINE#         22
  C:4CA1H         LINE#         23
  C:4CA1H         LINE#         24
  C:4CB4H         LINE#         25
  C:4CB4H         LINE#         26
  -------         ENDPROC       _DELAY_MS
  -------         PROC          KEY_SCAN
  -------         DO            
  X:03C5H         SYMBOL        KeyTemp1
  X:03C6H         SYMBOL        KeyTemp2
  X:03C7H         SYMBOL        KeyValue
  -------         ENDDO         
  C:376EH         LINE#         27
  C:376EH         LINE#         28
  C:376EH         LINE#         33
  C:3771H         LINE#         36
  C:3774H         LINE#         38
  C:377CH         LINE#         39
  C:3783H         LINE#         40
  C:3783H         LINE#         42
  C:3788H         LINE#         43
  C:378FH         LINE#         44
  C:378FH         LINE#         47
  C:3792H         LINE#         48
  C:3795H         LINE#         49
  C:379AH         LINE#         50
  C:379EH         LINE#         51
  C:379EH         LINE#         52
  C:37A6H         LINE#         53
  C:37A6H         LINE#         54
  C:37A9H         LINE#         55
  C:37B1H         LINE#         56
  C:37B3H         LINE#         58
  C:37C7H         LINE#         59
  C:37C7H         LINE#         60
  C:37C7H         LINE#         61
  C:37C7H         LINE#         62
  C:37CDH         LINE#         64
BL51 BANKED LINKER/LOCATER V6.22                                                      02/25/2019  10:21:25  PAGE 24


  C:37CFH         LINE#         65
  C:37CFH         LINE#         66
  C:37CFH         LINE#         67
  C:37D5H         LINE#         69
  C:37D7H         LINE#         70
  C:37D7H         LINE#         71
  C:37D7H         LINE#         72
  C:37DDH         LINE#         74
  C:37DFH         LINE#         75
  C:37DFH         LINE#         76
  C:37DFH         LINE#         77
  C:37E5H         LINE#         79
  C:37E5H         LINE#         80
  C:37E5H         LINE#         81
  C:37E5H         LINE#         84
  C:37E8H         LINE#         85
  C:37EBH         LINE#         86
  C:37F3H         LINE#         87
  C:37F7H         LINE#         88
  C:37F7H         LINE#         89
  C:37FFH         LINE#         90
  C:37FFH         LINE#         91
  C:3802H         LINE#         92
  C:380AH         LINE#         93
  C:380CH         LINE#         94
  C:3820H         LINE#         95
  C:3820H         LINE#         96
  C:3820H         LINE#         97
  C:3820H         LINE#         98
  C:3826H         LINE#         100
  C:3828H         LINE#         101
  C:3828H         LINE#         102
  C:3828H         LINE#         103
  C:382EH         LINE#         105
  C:3830H         LINE#         106
  C:3830H         LINE#         107
  C:3830H         LINE#         108
  C:3836H         LINE#         110
  C:3838H         LINE#         111
  C:3838H         LINE#         112
  C:3838H         LINE#         113
  C:383DH         LINE#         115
  C:383DH         LINE#         116
  C:383DH         LINE#         117
  C:383DH         LINE#         120
  C:3840H         LINE#         121
  C:3843H         LINE#         122
  C:384BH         LINE#         123
  C:384FH         LINE#         124
  C:384FH         LINE#         125
  C:3857H         LINE#         126
  C:3857H         LINE#         127
  C:385AH         LINE#         128
  C:3862H         LINE#         129
  C:3864H         LINE#         130
  C:3878H         LINE#         131
  C:3878H         LINE#         132
BL51 BANKED LINKER/LOCATER V6.22                                                      02/25/2019  10:21:25  PAGE 25


  C:3878H         LINE#         133
  C:3878H         LINE#         134
  C:387EH         LINE#         136
  C:3880H         LINE#         137
  C:3880H         LINE#         138
  C:3880H         LINE#         139
  C:3886H         LINE#         141
  C:3888H         LINE#         142
  C:3888H         LINE#         143
  C:3888H         LINE#         144
  C:388EH         LINE#         146
  C:3890H         LINE#         147
  C:3890H         LINE#         148
  C:3890H         LINE#         149
  C:3896H         LINE#         151
  C:3896H         LINE#         152
  C:3896H         LINE#         153
  C:3896H         LINE#         157
  C:3899H         LINE#         158
  C:389CH         LINE#         159
  C:38A4H         LINE#         160
  C:38A8H         LINE#         161
  C:38A8H         LINE#         162
  C:38B0H         LINE#         163
  C:38B0H         LINE#         164
  C:38B3H         LINE#         165
  C:38BBH         LINE#         166
  C:38BDH         LINE#         167
  C:38D1H         LINE#         168
  C:38D1H         LINE#         169
  C:38D1H         LINE#         170
  C:38D1H         LINE#         171
  C:38D7H         LINE#         173
  C:38D9H         LINE#         174
  C:38D9H         LINE#         175
  C:38D9H         LINE#         176
  C:38DFH         LINE#         178
  C:38E1H         LINE#         179
  C:38E1H         LINE#         180
  C:38E1H         LINE#         181
  C:38E7H         LINE#         183
  C:38E9H         LINE#         184
  C:38E9H         LINE#         185
  C:38E9H         LINE#         186
  C:38EFH         LINE#         188
  C:38EFH         LINE#         189
  C:38EFH         LINE#         190
  C:38EFH         LINE#         192
  C:38F5H         LINE#         193
  C:38F5H         LINE#         195
  C:38F5H         LINE#         196
  C:38F8H         LINE#         197
  C:38F8H         LINE#         198
  C:38F8H         LINE#         200
  C:38F8H         LINE#         201
  C:38FAH         LINE#         202
  C:38FAH         LINE#         203
BL51 BANKED LINKER/LOCATER V6.22                                                      02/25/2019  10:21:25  PAGE 26


  -------         ENDPROC       KEY_SCAN
  -------         PROC          KEY_PROCESS
  -------         DO            
  X:061AH         SYMBOL        KeyCount
  X:061CH         SYMBOL        KeyNum_Old
  X:061DH         SYMBOL        KeyNum
  X:061EH         SYMBOL        PressedKey
  X:03BFH         SYMBOL        d
  D:0004H         SYMBOL        hours
  D:0006H         SYMBOL        mins
  X:03C1H         SYMBOL        months
  X:03C3H         SYMBOL        days
  -------         ENDDO         
  C:308FH         LINE#         204
  C:308FH         LINE#         205
  C:308FH         LINE#         209
  C:3097H         LINE#         210
  C:309FH         LINE#         212
  C:30A2H         LINE#         213
  C:30A2H         LINE#         214
  C:30A5H         LINE#         216
  C:30A5H         LINE#         217
  C:30B2H         LINE#         218
  C:30B2H         LINE#         219
  C:30B5H         LINE#         220
  C:30B8H         LINE#         222
  C:30BBH         LINE#         224
  C:30BBH         LINE#         225
  C:30C6H         LINE#         226
  C:30C6H         LINE#         227
  C:30C9H         LINE#         229
  C:30C9H         LINE#         230
  C:30D0H         LINE#         231
  C:30D0H         LINE#         232
  C:30D3H         LINE#         234
  C:30D3H         LINE#         235
  C:30DBH         LINE#         236
  C:30DBH         LINE#         237
  C:30E5H         LINE#         238
  C:30EDH         LINE#         240
  C:30F6H         LINE#         242
  C:30F6H         LINE#         251
  C:310BH         LINE#         252
  C:310BH         LINE#         253
  C:311DH         LINE#         254
  C:312BH         LINE#         255
  C:313AH         LINE#         256
  C:313AH         LINE#         258
  C:3140H         LINE#         262
  C:3156H         LINE#         263
  C:3167H         LINE#         264
  C:3182H         LINE#         265
  C:3182H         LINE#         266
  C:3192H         LINE#         267
  C:31A3H         LINE#         268
  C:31A3H         LINE#         272
  C:31BCH         LINE#         273
BL51 BANKED LINKER/LOCATER V6.22                                                      02/25/2019  10:21:25  PAGE 27


  C:31D3H         LINE#         274
  C:31F3H         LINE#         275
  C:31F3H         LINE#         276
  C:31FDH         LINE#         277
  C:31FDH         LINE#         278
  C:3206H         LINE#         279
  C:3206H         LINE#         280
  C:321AH         LINE#         281
  C:321AH         LINE#         282
  C:321AH         LINE#         283
  C:321AH         LINE#         284
  C:321AH         LINE#         285
  C:321CH         LINE#         287
  C:321CH         LINE#         288
  C:3228H         LINE#         289
  C:3228H         LINE#         290
  C:3239H         LINE#         291
  C:3239H         LINE#         292
  C:3239H         LINE#         293
  C:3239H         LINE#         294
  C:3239H         LINE#         296
  C:323BH         LINE#         298
  C:323BH         LINE#         299
  C:324CH         LINE#         300
  C:324CH         LINE#         301
  C:324CH         LINE#         302
  C:324CH         LINE#         303
  C:324CH         LINE#         305
  C:324CH         LINE#         307
  C:324CH         LINE#         308
  C:324EH         LINE#         310
  C:324EH         LINE#         311
  C:3261H         LINE#         312
  C:3261H         LINE#         313
  C:3272H         LINE#         314
  C:3272H         LINE#         315
  C:3272H         LINE#         316
  C:3272H         LINE#         317
  C:3272H         LINE#         318
  C:3274H         LINE#         320
  C:3274H         LINE#         321
  C:3285H         LINE#         322
  C:3285H         LINE#         323
  C:3296H         LINE#         324
  C:32A7H         LINE#         325
  C:32A7H         LINE#         326
  C:32A7H         LINE#         327
  C:32A7H         LINE#         328
  C:32A7H         LINE#         329
  C:32AAH         LINE#         330
  C:32AFH         LINE#         331
  C:32B4H         LINE#         332
  C:32B9H         LINE#         333
  C:32BEH         LINE#         334
  C:32C3H         LINE#         335
  C:32C8H         LINE#         336
  C:32CDH         LINE#         337
BL51 BANKED LINKER/LOCATER V6.22                                                      02/25/2019  10:21:25  PAGE 28


  C:32CDH         LINE#         339
  C:32EFH         LINE#         340
  C:32EFH         LINE#         341
  C:32F9H         LINE#         342
  C:32F9H         LINE#         343
  C:32FEH         LINE#         344
  C:3307H         LINE#         345
  C:331EH         LINE#         346
  C:331EH         LINE#         347
  C:332EH         LINE#         349
  C:332EH         LINE#         353
  -------         ENDPROC       KEY_PROCESS
  -------         PROC          KEYPAD_IO_INIT
  C:4DF1H         LINE#         356
  C:4DF1H         LINE#         357
  C:4DF1H         LINE#         358
  C:4DF4H         LINE#         359
  C:4DF7H         LINE#         360
  C:4DFAH         LINE#         361
  C:4DFCH         LINE#         362
  -------         ENDPROC       KEYPAD_IO_INIT
  -------         ENDMOD        KEYPAD

  -------         MODULE        BIPOLARMOTOR
  C:0000H         SYMBOL        _ICE_DUMMY_
  D:0080H         PUBLIC        P0
  D:0090H         PUBLIC        P1
  X:0000H         PUBLIC        RX_pos_test
  D:00A0H         PUBLIC        P2
  D:00B0H         PUBLIC        P3
  D:00C0H         PUBLIC        P4
  D:00C8H         PUBLIC        P5
  D:00E8H         PUBLIC        P6
  D:00F8H         PUBLIC        P7
  X:00A0H         PUBLIC        low_date_azimuth_mapping
  D:00A8H         PUBLIC        IE
  C:416AH         PUBLIC        linear_interpolate
  C:4BC5H         PUBLIC        _Move
  D:00B8H         PUBLIC        IP
  C:35D0H         PUBLIC        _findDet3x3
  C:2DCFH         PUBLIC        _findDet4x4
  D:00D8H         PUBLIC        CCON
  X:00C8H         PUBLIC        previous_move_time
  D:0098H         PUBLIC        SCON
  D:0088H         PUBLIC        TCON
  C:4E2DH         PUBLIC        wait
  C:4A95H         PUBLIC        _Step_move
  X:00C9H         PUBLIC        dat
  C:000EH         PUBLIC        _Update_position
  C:4934H         PUBLIC        vOneStepMove
  X:00CFH         PUBLIC        elevation_stamp
  X:010BH         PUBLIC        date_azimuth_mapping
  X:0133H         PUBLIC        RX_pos
  C:4CDCH         PUBLIC        _BCDtoDec1
  X:038BH         PUBLIC        degree
  D:00D0H         PUBLIC        PSW
  -------         PROC          L?0062
BL51 BANKED LINKER/LOCATER V6.22                                                      02/25/2019  10:21:25  PAGE 29


  -------         ENDPROC       L?0062
  -------         PROC          _BCDTODEC1
  D:0007H         SYMBOL        bcd
  -------         DO            
  D:0006H         SYMBOL        hi
  D:0007H         SYMBOL        lo
  -------         ENDDO         
  C:4CDCH         LINE#         28
  C:4CDCH         LINE#         29
  C:4CDCH         LINE#         31
  C:4CE1H         LINE#         32
  C:4CE5H         LINE#         33
  C:4CECH         LINE#         34
  -------         ENDPROC       _BCDTODEC1
  -------         PROC          WAIT
  C:4E2DH         LINE#         36
  C:4E2DH         LINE#         38
  -------         ENDPROC       WAIT
  -------         PROC          VONESTEPMOVE
  B:0020H.7       SYMBOL        bDir
  C:4934H         LINE#         40
  C:4934H         LINE#         41
  C:4934H         LINE#         43
  C:493AH         LINE#         44
  C:493AH         LINE#         45
  C:493DH         LINE#         46
  C:4946H         LINE#         47
  C:494DH         LINE#         48
  C:4952H         LINE#         49
  C:4952H         LINE#         50
  C:4952H         LINE#         52
  C:4954H         LINE#         55
  C:4954H         LINE#         56
  C:4957H         LINE#         57
  C:4960H         LINE#         58
  C:4967H         LINE#         59
  C:496DH         LINE#         60
  C:4976H         LINE#         61
  C:497DH         LINE#         62
  C:497DH         LINE#         66
  -------         ENDPROC       VONESTEPMOVE
  -------         PROC          _STEP_MOVE
  X:047DH         SYMBOL        step
  B:0020H.6       SYMBOL        dir
  -------         DO            
  X:047FH         SYMBOL        i
  -------         ENDDO         
  C:4A95H         LINE#         68
  C:4A9DH         LINE#         69
  C:4A9DH         LINE#         71
  C:4AA2H         LINE#         74
  C:4ABDH         LINE#         75
  C:4ABDH         LINE#         76
  C:4AC4H         LINE#         78
  C:4AD4H         LINE#         80
  -------         ENDPROC       _STEP_MOVE
  -------         PROC          _MOVE
BL51 BANKED LINKER/LOCATER V6.22                                                      02/25/2019  10:21:25  PAGE 30


  X:0479H         SYMBOL        distance
  B:0020H.5       SYMBOL        direction
  -------         DO            
  D:0006H         SYMBOL        step
  -------         ENDDO         
  C:4BC5H         LINE#         82
  C:4BCBH         LINE#         83
  C:4BCBH         LINE#         86
  C:4BE6H         LINE#         87
  -------         ENDPROC       _MOVE
  C:35B1H         SYMBOL        L?0058
  C:35C5H         SYMBOL        L?0059
  -------         PROC          L?0057
  -------         ENDPROC       L?0057
  C:35B1H         SYMBOL        L?0058
  C:35C5H         SYMBOL        L?0059
  -------         PROC          _FINDDET3X3
  X:05F6H         SYMBOL        a11
  X:05FAH         SYMBOL        a12
  X:05FEH         SYMBOL        a13
  X:0602H         SYMBOL        a21
  X:0606H         SYMBOL        a22
  X:060AH         SYMBOL        a23
  X:060EH         SYMBOL        a31
  X:0612H         SYMBOL        a32
  X:0616H         SYMBOL        a33
  C:35D0H         LINE#         91
  C:35D6H         LINE#         95
  C:35D6H         LINE#         96
  C:376DH         LINE#         98
  -------         ENDPROC       _FINDDET3X3
  -------         PROC          _FINDDET4X4
  X:05B6H         SYMBOL        a11
  X:05BAH         SYMBOL        a12
  X:05BEH         SYMBOL        a13
  X:05C2H         SYMBOL        a14
  X:05C6H         SYMBOL        a21
  X:05CAH         SYMBOL        a22
  X:05CEH         SYMBOL        a23
  X:05D2H         SYMBOL        a24
  X:05D6H         SYMBOL        a31
  X:05DAH         SYMBOL        a32
  X:05DEH         SYMBOL        a33
  X:05E2H         SYMBOL        a34
  X:05E6H         SYMBOL        a41
  X:05EAH         SYMBOL        a42
  X:05EEH         SYMBOL        a43
  X:05F2H         SYMBOL        a44
  C:2DCFH         LINE#         99
  C:2DD5H         LINE#         103
  C:2DD5H         LINE#         110
  C:308EH         LINE#         114
  -------         ENDPROC       _FINDDET4X4
  C:4159H         SYMBOL        L?0061
  -------         PROC          L?0060
  -------         ENDPROC       L?0060
  C:4159H         SYMBOL        L?0061
BL51 BANKED LINKER/LOCATER V6.22                                                      02/25/2019  10:21:25  PAGE 31


  -------         PROC          LINEAR_INTERPOLATE
  X:0479H         SYMBOL        p1
  X:0481H         SYMBOL        p2
  X:0489H         SYMBOL        x
  -------         DO            
  D:0004H         SYMBOL        fx
  -------         ENDDO         
  C:416AH         LINE#         120
  C:416AH         LINE#         121
  C:416AH         LINE#         124
  C:4209H         LINE#         126
  C:4209H         LINE#         127
  -------         ENDPROC       LINEAR_INTERPOLATE
  -------         PROC          _UPDATE_POSITION
  D:0001H         SYMBOL        mnths
  D:0002H         SYMBOL        dys
  X:03DCH         SYMBOL        hurs
  X:03DDH         SYMBOL        mns
  X:03DEH         SYMBOL        sconds
  X:03DFH         SYMBOL        currnt_pos
  X:03E2H         SYMBOL        offset_calib
  -------         DO            
  X:03E6H         SYMBOL        date
  X:03E8H         SYMBOL        i
  X:03EAH         SYMBOL        yy
  X:03ECH         SYMBOL        desired_distance
  X:03F0H         SYMBOL        distance
  X:03F4H         SYMBOL        JP_pos
  X:03F8H         SYMBOL        pos_interpolate_azimuth
  X:0434H         SYMBOL        current_local_sun_time
  X:0438H         SYMBOL        azimuth
  X:043CH         SYMBOL        elevation
  X:0440H         SYMBOL        time_offset
  X:0444H         SYMBOL        UTC_time
  X:0448H         SYMBOL        declination
  X:044CH         SYMBOL        p1
  X:0454H         SYMBOL        p2
  X:045CH         SYMBOL        time
  X:046EH         SYMBOL        location
  X:0476H         SYMBOL        sunCoord
  -------         ENDDO         
  C:000EH         LINE#         131
  C:0017H         LINE#         134
  C:0017H         LINE#         135
  C:0022H         LINE#         137
  C:003EH         LINE#         138
  C:0048H         LINE#         146
  C:0052H         LINE#         147
  C:005CH         LINE#         148
  C:0066H         LINE#         149
  C:0071H         LINE#         150
  C:007CH         LINE#         151
  C:0095H         LINE#         152
  C:00A6H         LINE#         153
  C:00B5H         LINE#         156
  C:00C9H         LINE#         160
  C:011BH         LINE#         161
BL51 BANKED LINKER/LOCATER V6.22                                                      02/25/2019  10:21:25  PAGE 32


  C:027FH         LINE#         162
  C:02CFH         LINE#         164
  C:03F7H         LINE#         166
  C:04C6H         LINE#         173
  C:050DH         LINE#         174
  C:050DH         LINE#         176
  C:0527H         LINE#         177
  C:0527H         LINE#         178
  C:0597H         LINE#         179
  C:0597H         LINE#         180
  C:059EH         LINE#         181
  C:059EH         LINE#         182
  C:05CBH         LINE#         183
  C:05E6H         LINE#         185
  C:062DH         LINE#         186
  C:0661H         LINE#         188
  C:06A7H         LINE#         189
  C:06CAH         LINE#         191
  C:06CAH         LINE#         193
  C:0740H         LINE#         194
  C:0740H         LINE#         195
  C:0747H         LINE#         196
  C:0747H         LINE#         197
  C:0774H         LINE#         198
  C:078FH         LINE#         200
  C:07D6H         LINE#         201
  C:080AH         LINE#         203
  C:0850H         LINE#         204
  C:0870H         LINE#         206
  C:0870H         LINE#         207
  C:0881H         LINE#         210
  C:089BH         LINE#         211
  C:089BH         LINE#         212
  C:090BH         LINE#         213
  C:090BH         LINE#         214
  C:0938H         LINE#         215
  C:0953H         LINE#         217
  C:0980H         LINE#         218
  C:099BH         LINE#         220
  C:09CDH         LINE#         223
  C:09CDH         LINE#         225
  C:09DEH         LINE#         227
  C:0A0DH         LINE#         229
  C:0A32H         LINE#         230
  C:0A97H         LINE#         231
  C:0A97H         LINE#         232
  C:0AB1H         LINE#         233
  C:0AC3H         LINE#         234
  C:0ADBH         LINE#         235
  C:0AF1H         LINE#         237
  C:0B0DH         LINE#         238
  C:0B0DH         LINE#         239
  C:0B0DH         LINE#         242
  -------         ENDPROC       _UPDATE_POSITION
  -------         ENDMOD        BIPOLARMOTOR

  -------         MODULE        SUNPOS
BL51 BANKED LINKER/LOCATER V6.22                                                      02/25/2019  10:21:25  PAGE 33


  C:0000H         SYMBOL        _ICE_DUMMY_
  C:1F32H         PUBLIC        sunpos
  -------         PROC          SUNPOS
  X:0479H         SYMBOL        udtTime
  X:048BH         SYMBOL        udtLocation
  X:0493H         SYMBOL        udtSunCoordinates
  -------         DO            
  X:0496H         SYMBOL        dElapsedJulianDays
  X:049AH         SYMBOL        dDecimalHours
  X:049EH         SYMBOL        dEclipticLongitude
  X:04A2H         SYMBOL        dEclipticObliquity
  X:04A6H         SYMBOL        dRightAscension
  X:04AAH         SYMBOL        dDeclination
  X:04AEH         SYMBOL        dY
  X:04B2H         SYMBOL        dX
  -------         DO            
  X:04B6H         SYMBOL        dJulianDate
  X:04BAH         SYMBOL        liAux1
  X:04BEH         SYMBOL        liAux2
  X:04B6H         SYMBOL        dMeanLongitude
  X:04BAH         SYMBOL        dMeanAnomaly
  X:04BEH         SYMBOL        dOmega
  X:04B6H         SYMBOL        dSin_EclipticLongitude
  X:04B6H         SYMBOL        dGreenwichMeanSiderealTime
  X:04BAH         SYMBOL        dLocalMeanSiderealTime
  X:04BEH         SYMBOL        dLatitudeInRadians
  X:04C2H         SYMBOL        dHourAngle
  X:04C6H         SYMBOL        dCos_Latitude
  X:04CAH         SYMBOL        dSin_Latitude
  X:04CEH         SYMBOL        dCos_HourAngle
  X:04D2H         SYMBOL        dParallax
  -------         ENDDO         
  -------         DO            
  X:04B6H         SYMBOL        dMeanLongitude
  X:04BAH         SYMBOL        dMeanAnomaly
  X:04BEH         SYMBOL        dOmega
  X:04B6H         SYMBOL        dSin_EclipticLongitude
  X:04B6H         SYMBOL        dGreenwichMeanSiderealTime
  X:04BAH         SYMBOL        dLocalMeanSiderealTime
  X:04BEH         SYMBOL        dLatitudeInRadians
  X:04C2H         SYMBOL        dHourAngle
  X:04C6H         SYMBOL        dCos_Latitude
  X:04CAH         SYMBOL        dSin_Latitude
  X:04CEH         SYMBOL        dCos_HourAngle
  X:04D2H         SYMBOL        dParallax
  -------         ENDDO         
  -------         DO            
  X:04B6H         SYMBOL        dSin_EclipticLongitude
  X:04B6H         SYMBOL        dGreenwichMeanSiderealTime
  X:04BAH         SYMBOL        dLocalMeanSiderealTime
  X:04BEH         SYMBOL        dLatitudeInRadians
  X:04C2H         SYMBOL        dHourAngle
  X:04C6H         SYMBOL        dCos_Latitude
  X:04CAH         SYMBOL        dSin_Latitude
  X:04CEH         SYMBOL        dCos_HourAngle
  X:04D2H         SYMBOL        dParallax
  -------         ENDDO         
BL51 BANKED LINKER/LOCATER V6.22                                                      02/25/2019  10:21:25  PAGE 34


  -------         DO            
  X:04B6H         SYMBOL        dGreenwichMeanSiderealTime
  X:04BAH         SYMBOL        dLocalMeanSiderealTime
  X:04BEH         SYMBOL        dLatitudeInRadians
  X:04C2H         SYMBOL        dHourAngle
  X:04C6H         SYMBOL        dCos_Latitude
  X:04CAH         SYMBOL        dSin_Latitude
  X:04CEH         SYMBOL        dCos_HourAngle
  X:04D2H         SYMBOL        dParallax
  -------         ENDDO         
  -------         ENDDO         
  C:1F32H         LINE#         6
  C:1F32H         LINE#         7
  C:1F32H         LINE#         9
  C:1F32H         LINE#         27
  C:1F7CH         LINE#         30
  C:1F9DH         LINE#         31
  C:20E4H         LINE#         34
  C:2130H         LINE#         36
  C:214FH         LINE#         37
  C:214FH         LINE#         42
  C:214FH         LINE#         46
  C:2181H         LINE#         47
  C:21ABH         LINE#         48
  C:21D5H         LINE#         49
  C:2282H         LINE#         52
  C:22E3H         LINE#         54
  C:22E3H         LINE#         59
  C:22E3H         LINE#         61
  C:22FAH         LINE#         62
  C:2322H         LINE#         63
  C:2339H         LINE#         64
  C:2364H         LINE#         65
  C:239BH         LINE#         66
  C:23C6H         LINE#         67
  C:23C6H         LINE#         70
  C:23C6H         LINE#         79
  C:2401H         LINE#         82
  C:243BH         LINE#         84
  C:2460H         LINE#         85
  C:247FH         LINE#         86
  C:2496H         LINE#         87
  C:24ADH         LINE#         88
  C:24C4H         LINE#         89
  C:254DH         LINE#         91
  C:2567H         LINE#         92
[...]


  C:49D3H         LINE#         58
  C:49D3H         LINE#         59
  C:49D5H         LINE#         60
  C:49D8H         LINE#         61
  C:49DCH         LINE#         62
  C:49DCH         LINE#         63
  C:49DEH         LINE#         64
  C:49E0H         LINE#         66
  C:49E0H         LINE#         67
  C:49E2H         LINE#         69
  C:49E2H         LINE#         70
  C:49E2H         LINE#         71
  C:49E2H         LINE#         72
  C:49E5H         LINE#         73
  C:49E9H         LINE#         76
  C:4A08H         LINE#         77
  C:4A0AH         LINE#         78
  -------         ENDPROC       AT25SF041_WRITEENABLE
  -------         PROC          _AT25SF041_WRITE
  D:0003H         SYMBOL        opcode
  X:03CEH         SYMBOL        addr
  X:03D2H         SYMBOL        dat
  -------         DO            
  X:03D3H         SYMBOL        i
  -------         ENDDO         
  C:3F78H         LINE#         83
  C:3F7AH         LINE#         84
  C:3F7AH         LINE#         85
  C:3F7AH         LINE#         86
  C:3F7CH         LINE#         87
  C:3F7FH         LINE#         90
  C:3F86H         LINE#         91
  C:3F86H         LINE#         92
  C:3F88H         LINE#         93
  C:3F8BH         LINE#         94
  C:3F8FH         LINE#         95
  C:3F8FH         LINE#         96
  C:3F91H         LINE#         97
  C:3F93H         LINE#         99
  C:3F93H         LINE#         100
  C:3F95H         LINE#         102
  C:3F95H         LINE#         103
  C:3F95H         LINE#         104
  C:3F95H         LINE#         105
  C:3F98H         LINE#         106
  C:3F9CH         LINE#         109
  C:3FBBH         LINE#         111
  C:3FC2H         LINE#         112
  C:3FC2H         LINE#         113
  C:3FC4H         LINE#         114
  C:3FC7H         LINE#         115
  C:3FE0H         LINE#         116
  C:3FE0H         LINE#         117
  C:3FE2H         LINE#         118
  C:3FE4H         LINE#         120
  C:3FE4H         LINE#         121
  C:3FE6H         LINE#         123
BL51 BANKED LINKER/LOCATER V6.22                                                      02/25/2019  10:21:25  PAGE 45


  C:3FE6H         LINE#         124
  C:3FE6H         LINE#         125
  C:3FE6H         LINE#         126
  C:3FE9H         LINE#         127
  C:4002H         LINE#         129
  C:4021H         LINE#         131
  C:4028H         LINE#         132
  C:4028H         LINE#         133
  C:402AH         LINE#         134
  C:402DH         LINE#         135
  C:4034H         LINE#         136
  C:4034H         LINE#         137
  C:4036H         LINE#         138
  C:4038H         LINE#         140
  C:4038H         LINE#         141
  C:403AH         LINE#         143
  C:403AH         LINE#         144
  C:403AH         LINE#         145
  C:403AH         LINE#         146
  C:403DH         LINE#         147
  C:4044H         LINE#         149
  C:4063H         LINE#         151
  C:4065H         LINE#         152
  -------         ENDPROC       _AT25SF041_WRITE
  -------         PROC          _AT25SF041_READ
  D:0003H         SYMBOL        opcode
  X:0624H         SYMBOL        addr
  -------         DO            
  X:0628H         SYMBOL        dat
  X:0629H         SYMBOL        i
  -------         ENDDO         
  C:3E72H         LINE#         156
  C:3E74H         LINE#         157
  C:3E74H         LINE#         158
  C:3E79H         LINE#         160
  C:3E7BH         LINE#         161
  C:3E81H         LINE#         165
  C:3E86H         LINE#         166
  C:3E86H         LINE#         167
  C:3E88H         LINE#         168
  C:3E8BH         LINE#         169
  C:3E8FH         LINE#         170
  C:3E8FH         LINE#         171
  C:3E91H         LINE#         172
  C:3E93H         LINE#         174
  C:3E93H         LINE#         175
  C:3E95H         LINE#         177
  C:3E95H         LINE#         178
  C:3E95H         LINE#         179
  C:3E95H         LINE#         180
  C:3E98H         LINE#         181
  C:3E9CH         LINE#         184
  C:3EBBH         LINE#         186
  C:3EC2H         LINE#         187
  C:3EC2H         LINE#         188
  C:3EC4H         LINE#         189
  C:3EC7H         LINE#         190
BL51 BANKED LINKER/LOCATER V6.22                                                      02/25/2019  10:21:25  PAGE 46


  C:3EE0H         LINE#         191
  C:3EE0H         LINE#         192
  C:3EE2H         LINE#         193
  C:3EE4H         LINE#         195
  C:3EE4H         LINE#         196
  C:3EE6H         LINE#         198
  C:3EE6H         LINE#         199
  C:3EE6H         LINE#         200
  C:3EE6H         LINE#         201
  C:3EE9H         LINE#         202
  C:3F02H         LINE#         204
  C:3F21H         LINE#         207
  C:3F28H         LINE#         209
  C:3F2AH         LINE#         210
  C:3F31H         LINE#         212
  C:3F38H         LINE#         213
  C:3F38H         LINE#         214
  C:3F3FH         LINE#         215
  C:3F3FH         LINE#         216
  C:3F42H         LINE#         217
  C:3F44H         LINE#         218
  C:3F47H         LINE#         220
  C:3F4AH         LINE#         221
  C:3F4AH         LINE#         223
  C:3F4EH         LINE#         224
  C:3F4EH         LINE#         230
  C:3F6DH         LINE#         233
  C:3F6FH         LINE#         234
  C:3F72H         LINE#         235
  C:3F77H         LINE#         237
  -------         ENDPROC       _AT25SF041_READ
  -------         PROC          READ_STATUS_REGISTER_BYTE1
  -------         DO            
  D:0003H         SYMBOL        dat
  D:0001H         SYMBOL        opcode
  X:03CFH         SYMBOL        count
  X:03D0H         SYMBOL        i
  -------         ENDDO         
  C:441EH         LINE#         241
  C:441EH         LINE#         242
  C:441EH         LINE#         243
  C:4424H         LINE#         244
  C:4428H         LINE#         245
  C:442AH         LINE#         246
  C:442CH         LINE#         247
  C:4432H         LINE#         251
  C:4439H         LINE#         252
  C:4439H         LINE#         253
  C:443BH         LINE#         254
  C:443EH         LINE#         255
  C:4442H         LINE#         256
  C:4442H         LINE#         257
  C:4444H         LINE#         258
  C:4446H         LINE#         260
  C:4446H         LINE#         261
  C:4448H         LINE#         263
  C:4448H         LINE#         264
BL51 BANKED LINKER/LOCATER V6.22                                                      02/25/2019  10:21:25  PAGE 47


  C:4448H         LINE#         265
  C:4448H         LINE#         266
  C:444BH         LINE#         267
  C:444FH         LINE#         270
  C:446EH         LINE#         274
  C:4475H         LINE#         276
  C:4477H         LINE#         277
  C:447EH         LINE#         278
  C:4485H         LINE#         279
  C:4485H         LINE#         280
  C:4489H         LINE#         281
  C:4489H         LINE#         282
  C:448CH         LINE#         283
  C:448EH         LINE#         284
  C:4491H         LINE#         286
  C:4494H         LINE#         287
  C:4494H         LINE#         289
  C:4498H         LINE#         290
  C:4498H         LINE#         292
  C:44B7H         LINE#         296
  C:44B9H         LINE#         297
  C:44BCH         LINE#         298
  C:44BEH         LINE#         299
  -------         ENDPROC       READ_STATUS_REGISTER_BYTE1
  -------         ENDMOD        AT25SF041

  -------         MODULE        ?C_STARTUP
  C:468DH         SEGMENT       ?C_C51STARTUP
  I:0022H         SEGMENT       ?STACK
  C:0000H         PUBLIC        ?C_STARTUP
  D:00E0H         SYMBOL        ACC
  D:00F0H         SYMBOL        B
  D:0083H         SYMBOL        DPH
  D:0082H         SYMBOL        DPL
  N:0000H         SYMBOL        IBPSTACK
  N:0100H         SYMBOL        IBPSTACKTOP
  N:0080H         SYMBOL        IDATALEN
  C:4690H         SYMBOL        IDATALOOP
  N:0000H         SYMBOL        PBPSTACK
  N:0100H         SYMBOL        PBPSTACKTOP
  N:0000H         SYMBOL        PDATALEN
  N:0000H         SYMBOL        PDATASTART
  N:0000H         SYMBOL        PPAGE
  N:0000H         SYMBOL        PPAGEENABLE
  D:00A0H         SYMBOL        PPAGE_SFR
  D:0081H         SYMBOL        SP
  C:468DH         SYMBOL        STARTUP1
  N:0000H         SYMBOL        XBPSTACK
  N:0000H         SYMBOL        XBPSTACKTOP
  N:0000H         SYMBOL        XDATALEN
  N:0000H         SYMBOL        XDATASTART
  C:0000H         LINE#         126
  C:468DH         LINE#         133
  C:468FH         LINE#         134
  C:4690H         LINE#         135
  C:4691H         LINE#         136
  C:4693H         LINE#         185
BL51 BANKED LINKER/LOCATER V6.22                                                      02/25/2019  10:21:25  PAGE 48


  C:4696H         LINE#         196
  -------         ENDMOD        ?C_STARTUP

  -------         MODULE        ?C?FPADD
  C:1583H         PUBLIC        ?C?FPADD
  C:157FH         PUBLIC        ?C?FPSUB
  -------         ENDMOD        ?C?FPADD

  -------         MODULE        ?C?FPMUL
  C:1674H         PUBLIC        ?C?FPMUL
  -------         ENDMOD        ?C?FPMUL

  -------         MODULE        ?C?FPDIV
  C:177DH         PUBLIC        ?C?FPDIV
  -------         ENDMOD        ?C?FPDIV

  -------         MODULE        ?C?FPCMP
  C:181CH         PUBLIC        ?C?FPCMP
  C:181AH         PUBLIC        ?C?FPCMP3
  -------         ENDMOD        ?C?FPCMP

  -------         MODULE        ?C?FPNEG
  C:1893H         PUBLIC        ?C?FPNEG
  -------         ENDMOD        ?C?FPNEG

  -------         MODULE        ?C?FCAST
  C:18AEH         PUBLIC        ?C?FCASTC
  C:18A9H         PUBLIC        ?C?FCASTI
  C:18A4H         PUBLIC        ?C?FCASTL
  -------         ENDMOD        ?C?FCAST

  -------         MODULE        ?C?CASTF
  C:18E2H         PUBLIC        ?C?CASTF
  -------         ENDMOD        ?C?CASTF

  -------         MODULE        ATAN2
  X:04D6H         PUBLIC        ?_atan2?BYTE
  C:44BFH         PUBLIC        _atan2
  -------         ENDMOD        ATAN2

  -------         MODULE        SIN
  C:3943H         PUBLIC        _COS
  C:3959H         PUBLIC        _SIN
  C:3995H         PUBLIC        _TAN
  -------         ENDMOD        SIN

  -------         MODULE        ACOS
  C:497EH         PUBLIC        _ACOS
  -------         ENDMOD        ACOS

  -------         MODULE        ASIN
  C:4AD5H         PUBLIC        _ASIN
  -------         ENDMOD        ASIN

  -------         MODULE        SQRT
  C:4376H         PUBLIC        _SQRT
  -------         ENDMOD        SQRT
BL51 BANKED LINKER/LOCATER V6.22                                                      02/25/2019  10:21:25  PAGE 49



  -------         MODULE        ATAN
  C:3D70H         PUBLIC        _ATAN
  -------         ENDMOD        ATAN

  -------         MODULE        ?C?COPY
  C:1A80H         PUBLIC        ?C?COPY
  -------         ENDMOD        ?C?COPY

  -------         MODULE        ?C?CLDPTR
  C:1AA6H         PUBLIC        ?C?CLDPTR
  -------         ENDMOD        ?C?CLDPTR

  -------         MODULE        ?C?CLDOPTR
  C:1ABFH         PUBLIC        ?C?CLDOPTR
  -------         ENDMOD        ?C?CLDOPTR

  -------         MODULE        ?C?CSTPTR
  C:1AECH         PUBLIC        ?C?CSTPTR
  -------         ENDMOD        ?C?CSTPTR

  -------         MODULE        ?C?IMUL
  C:1AFEH         PUBLIC        ?C?IMUL
  -------         ENDMOD        ?C?IMUL

  -------         MODULE        ?C?UIDIV
  C:1B10H         PUBLIC        ?C?UIDIV
  -------         ENDMOD        ?C?UIDIV

  -------         MODULE        ?C?SIDIV
  C:1B65H         PUBLIC        ?C?SIDIV
  -------         ENDMOD        ?C?SIDIV

  -------         MODULE        ?C?ILDIX
  C:1B9BH         PUBLIC        ?C?ILDIX
  -------         ENDMOD        ?C?ILDIX

  -------         MODULE        ?C?ILDOPTR
  C:1BB1H         PUBLIC        ?C?ILDOPTR
  -------         ENDMOD        ?C?ILDOPTR

  -------         MODULE        ?C?ISTPTR
  C:1BE9H         PUBLIC        ?C?ISTPTR
  -------         ENDMOD        ?C?ISTPTR

  -------         MODULE        ?C?LMUL
  C:1C08H         PUBLIC        ?C?LMUL
  -------         ENDMOD        ?C?LMUL

  -------         MODULE        ?C?SLDIV
  C:4A11H         PUBLIC        ?C?SLDIV
  -------         ENDMOD        ?C?SLDIV

  -------         MODULE        ?C?LNEG
  C:1C57H         PUBLIC        ?C?LNEG
  -------         ENDMOD        ?C?LNEG

BL51 BANKED LINKER/LOCATER V6.22                                                      02/25/2019  10:21:25  PAGE 50


  -------         MODULE        ?C?ULCMP
  C:1C65H         PUBLIC        ?C?ULCMP
  -------         ENDMOD        ?C?ULCMP

  -------         MODULE        ?C?LSHL
  C:1C76H         PUBLIC        ?C?LSHL
  -------         ENDMOD        ?C?LSHL

  -------         MODULE        ?C?LLDPTR
  C:1C89H         PUBLIC        ?C?LLDPTR
  -------         ENDMOD        ?C?LLDPTR

  -------         MODULE        ?C?LLDOPTR
  C:1CA9H         PUBLIC        ?C?LLDOPTR
  -------         ENDMOD        ?C?LLDOPTR

  -------         MODULE        ?C?LSTPTR
  C:1CD9H         PUBLIC        ?C?LSTPTR
  -------         ENDMOD        ?C?LSTPTR

  -------         MODULE        ?C?LSTOPTR
  C:1CF3H         PUBLIC        ?C?LSTOPTR
  -------         ENDMOD        ?C?LSTOPTR

  -------         MODULE        ?C?LLDXDATA
  C:1D17H         PUBLIC        ?C?LLDXDATA
  -------         ENDMOD        ?C?LLDXDATA

  -------         MODULE        ?C?LLDCODE
  C:1D23H         PUBLIC        ?C?LLDCODE
  -------         ENDMOD        ?C?LLDCODE

  -------         MODULE        ?C?LLDXDATA0
  C:1D33H         PUBLIC        ?C?LLDXDATA0
  -------         ENDMOD        ?C?LLDXDATA0

  -------         MODULE        ?C?LLDCODE0
  C:1D3FH         PUBLIC        ?C?LLDCODE0
  -------         ENDMOD        ?C?LLDCODE0

  -------         MODULE        ?C?LLDPTR0
  C:1D4FH         PUBLIC        ?C?LLDPTR0
  -------         ENDMOD        ?C?LLDPTR0

  -------         MODULE        ?C?LSTXDATA
  C:1D6FH         PUBLIC        ?C?LSTXDATA
  -------         ENDMOD        ?C?LSTXDATA

  -------         MODULE        ?C?LSTKXDATA
  C:1D7BH         PUBLIC        ?C?LSTKXDATA
  -------         ENDMOD        ?C?LSTKXDATA

  -------         MODULE        ?C?LSTKPTR
  C:1DACH         PUBLIC        ?C?LSTKPTR
  -------         ENDMOD        ?C?LSTKPTR

  -------         MODULE        ?C?OFFXADD
BL51 BANKED LINKER/LOCATER V6.22                                                      02/25/2019  10:21:25  PAGE 51


  C:1DC6H         PUBLIC        ?C?OFFXADD
  -------         ENDMOD        ?C?OFFXADD

  -------         MODULE        ABS
  C:4DFDH         PUBLIC        _ABS
  -------         ENDMOD        ABS

  -------         MODULE        ATOI
  C:406CH         PUBLIC        _atoi
  -------         ENDMOD        ATOI

  -------         MODULE        ?C?IILDX
  C:1DD2H         PUBLIC        ?C?IILDX
  -------         ENDMOD        ?C?IILDX

  -------         MODULE        ?C?ULDIV
  C:1E24H         PUBLIC        ?C?ULDIV
  -------         ENDMOD        ?C?ULDIV

  -------         MODULE        ?C?LLDIDATA
  C:1EB6H         PUBLIC        ?C?LLDIDATA
  -------         ENDMOD        ?C?LLDIDATA

  -------         MODULE        ?C?LLDPDATA
  C:1EC2H         PUBLIC        ?C?LLDPDATA
  -------         ENDMOD        ?C?LLDPDATA

  -------         MODULE        ?C?LLDIDATA0
  C:1ECEH         PUBLIC        ?C?LLDIDATA0
  -------         ENDMOD        ?C?LLDIDATA0

  -------         MODULE        ?C?LLDPDATA0
  C:1EDBH         PUBLIC        ?C?LLDPDATA0
  -------         ENDMOD        ?C?LLDPDATA0

  -------         MODULE        ?C?LSTIDATA
  C:1EE8H         PUBLIC        ?C?LSTIDATA
  -------         ENDMOD        ?C?LSTIDATA

  -------         MODULE        ?C?LSTPDATA
  C:1EF4H         PUBLIC        ?C?LSTPDATA
  -------         ENDMOD        ?C?LSTPDATA

  -------         MODULE        ?C?LSTKIDATA
  C:1F00H         PUBLIC        ?C?LSTKIDATA
  -------         ENDMOD        ?C?LSTKIDATA

  -------         MODULE        ?C?LSTKPDATA
  C:1F19H         PUBLIC        ?C?LSTKPDATA
  -------         ENDMOD        ?C?LSTKPDATA

  -------         MODULE        ISDIGIT
  C:4DD5H         PUBLIC        _isdigit
  -------         ENDMOD        ISDIGIT

  -------         MODULE        ISSPACE
  C:4D70H         PUBLIC        _isspace
BL51 BANKED LINKER/LOCATER V6.22                                                      02/25/2019  10:21:25  PAGE 52


  -------         ENDMOD        ISSPACE

*** WARNING L16: UNCALLED SEGMENT, IGNORED FOR OVERLAY PROCESS
    SEGMENT: ?PR?_DISPLAY_PROX?MAIN

*** WARNING L16: UNCALLED SEGMENT, IGNORED FOR OVERLAY PROCESS
    SEGMENT: ?PR?_DAY_OF_YEAR?PCF85063BTL

*** WARNING L16: UNCALLED SEGMENT, IGNORED FOR OVERLAY PROCESS
    SEGMENT: ?PR?INITUART1?UART1

*** WARNING L16: UNCALLED SEGMENT, IGNORED FOR OVERLAY PROCESS
    SEGMENT: ?PR?_SENDSTRING?UART1

*** WARNING L16: UNCALLED SEGMENT, IGNORED FOR OVERLAY PROCESS
    SEGMENT: ?PR?_TEN?UART1

*** WARNING L16: UNCALLED SEGMENT, IGNORED FOR OVERLAY PROCESS
    SEGMENT: ?PR?_UNIT?UART1

*** WARNING L16: UNCALLED SEGMENT, IGNORED FOR OVERLAY PROCESS
    SEGMENT: ?PR?_DECTOBCD?UART1

*** WARNING L16: UNCALLED SEGMENT, IGNORED FOR OVERLAY PROCESS
    SEGMENT: ?PR?_ASCII_LETTER?UART1

*** WARNING L16: UNCALLED SEGMENT, IGNORED FOR OVERLAY PROCESS
    SEGMENT: ?PR?_ASCIITOBCD?UART1

*** WARNING L16: UNCALLED SEGMENT, IGNORED FOR OVERLAY PROCESS
    SEGMENT: ?PR?WAIT?BIPOLARMOTOR

*** WARNING L16: UNCALLED SEGMENT, IGNORED FOR OVERLAY PROCESS
    SEGMENT: ?PR?_FINDDET4X4?BIPOLARMOTOR

*** WARNING L16: UNCALLED SEGMENT, IGNORED FOR OVERLAY PROCESS
    SEGMENT: ?PR?NOP?IOEXPANDER_PI4IOE5V96248

*** WARNING L16: UNCALLED SEGMENT, IGNORED FOR OVERLAY PROCESS
    SEGMENT: ?PR?UC_ACK?IOEXPANDER_PI4IOE5V96248

*** WARNING L16: UNCALLED SEGMENT, IGNORED FOR OVERLAY PROCESS
    SEGMENT: ?PR?UC_NACK?IOEXPANDER_PI4IOE5V96248

*** WARNING L16: UNCALLED SEGMENT, IGNORED FOR OVERLAY PROCESS
    SEGMENT: ?PR?_AT25SF041_READ?AT25SF041

*** WARNING L1: UNRESOLVED EXTERNAL SYMBOL
    SYMBOL:  AUTO_MODE
    MODULE:  .\Obj\main.obj (MAIN)

*** WARNING L2: REFERENCE MADE TO UNRESOLVED EXTERNAL
    SYMBOL:  AUTO_MODE
    MODULE:  .\Obj\main.obj (MAIN)
    ADDRESS: 0B45H

*** WARNING L2: REFERENCE MADE TO UNRESOLVED EXTERNAL
BL51 BANKED LINKER/LOCATER V6.22                                                      02/25/2019  10:21:25  PAGE 53


    SYMBOL:  AUTO_MODE
    MODULE:  .\Obj\main.obj (MAIN)
    ADDRESS: 0CBAH

*** WARNING L2: REFERENCE MADE TO UNRESOLVED EXTERNAL
    SYMBOL:  AUTO_MODE
    MODULE:  .\Obj\main.obj (MAIN)
    ADDRESS: 0CC8H

*** WARNING L2: REFERENCE MADE TO UNRESOLVED EXTERNAL
    SYMBOL:  AUTO_MODE
    MODULE:  .\Obj\main.obj (MAIN)
    ADDRESS: 0CDAH

*** WARNING L2: REFERENCE MADE TO UNRESOLVED EXTERNAL
    SYMBOL:  AUTO_MODE
    MODULE:  .\Obj\main.obj (MAIN)
    ADDRESS: 0D1CH

*** WARNING L2: REFERENCE MADE TO UNRESOLVED EXTERNAL
    SYMBOL:  AUTO_MODE
    MODULE:  .\Obj\main.obj (MAIN)
    ADDRESS: 0DEFH

*** WARNING L1: UNRESOLVED EXTERNAL SYMBOL
    SYMBOL:  _SENDUART1
    MODULE:  .\Obj\UART1.obj (UART1)

*** WARNING L2: REFERENCE MADE TO UNRESOLVED EXTERNAL
    SYMBOL:  _SENDUART1
    MODULE:  .\Obj\UART1.obj (UART1)
    ADDRESS: 4B3EH

*** WARNING L1: UNRESOLVED EXTERNAL SYMBOL
    SYMBOL:  AUTO_MODE
    MODULE:  .\Obj\KeyPad.obj (KEYPAD)

*** WARNING L2: REFERENCE MADE TO UNRESOLVED EXTERNAL
    SYMBOL:  AUTO_MODE
    MODULE:  .\Obj\KeyPad.obj (KEYPAD)
    ADDRESS: 30DCH

*** WARNING L2: REFERENCE MADE TO UNRESOLVED EXTERNAL
    SYMBOL:  AUTO_MODE
    MODULE:  .\Obj\KeyPad.obj (KEYPAD)
    ADDRESS: 30E7H

*** WARNING L2: REFERENCE MADE TO UNRESOLVED EXTERNAL
    SYMBOL:  AUTO_MODE
    MODULE:  .\Obj\KeyPad.obj (KEYPAD)
    ADDRESS: 30EEH

Program Size: data=10.2 xdata=1593 code=20015
LINK/LOCATE RUN COMPLETE.  28 WARNING(S),  0 ERROR(S)
