BL51 BANKED LINKER/LOCATER V6.22                                                        08/14/2018  16:10:57  PAGE 1


BL51 BANKED LINKER/LOCATER V6.22, INVOKED BY:
C:\KEIL_V5\C51\BIN\BL51.EXE .\Obj\main.obj, .\Obj\PCF85063BTL.obj, .\Obj\UART1.obj, .\Obj\LCd_Driver_SPLC780D.obj, .\Obj
>> \KeyPad.obj, .\Obj\VCNL4035.obj, .\Obj\BipolarMotor.obj, .\Obj\STARTUP.obj TO .\Obj\GPIO_RTC_Test PRINT (.\Lis\GPIO_R
>> TC_Test.m51) RAMSIZE (256)


MEMORY MODEL: LARGE WITH FLOATING POINT ARITHMETIC


INPUT MODULES INCLUDED:
  .\Obj\main.obj (MAIN)
  .\Obj\PCF85063BTL.obj (PCF85063BTL)
  .\Obj\UART1.obj (UART1)
  .\Obj\LCd_Driver_SPLC780D.obj (LCD_DRIVER_SPLC780D)
  .\Obj\KeyPad.obj (KEYPAD)
  .\Obj\VCNL4035.obj (VCNL4035)
  .\Obj\BipolarMotor.obj (BIPOLARMOTOR)
  .\Obj\STARTUP.obj (?C_STARTUP)
  C:\KEIL_V5\C51\LIB\C51FPL.LIB (?C?FPADD)
  C:\KEIL_V5\C51\LIB\C51FPL.LIB (?C?FPMUL)
  C:\KEIL_V5\C51\LIB\C51FPL.LIB (?C?FPDIV)
  C:\KEIL_V5\C51\LIB\C51FPL.LIB (?C?FPCMP)
  C:\KEIL_V5\C51\LIB\C51FPL.LIB (?C?FPNEG)
  C:\KEIL_V5\C51\LIB\C51FPL.LIB (?C?FCAST)
  C:\KEIL_V5\C51\LIB\C51FPL.LIB (?C?CASTF)
  C:\KEIL_V5\C51\LIB\C51FPL.LIB (POW)
  C:\KEIL_V5\C51\LIB\C51FPL.LIB (?C?FPGETOPN)
  C:\KEIL_V5\C51\LIB\C51FPL.LIB (?C?CHKFLOAT)
  C:\KEIL_V5\C51\LIB\C51FPL.LIB (EXP)
  C:\KEIL_V5\C51\LIB\C51FPL.LIB (LOG)
  C:\KEIL_V5\C51\LIB\C51FPL.LIB (?C?FPSERIES)
  C:\KEIL_V5\C51\LIB\C51L.LIB (?C_INIT)
  C:\KEIL_V5\C51\LIB\C51L.LIB (?C?CLDPTR)
  C:\KEIL_V5\C51\LIB\C51L.LIB (?C?CSTPTR)
  C:\KEIL_V5\C51\LIB\C51L.LIB (?C?IMUL)
  C:\KEIL_V5\C51\LIB\C51L.LIB (?C?UIDIV)
  C:\KEIL_V5\C51\LIB\C51L.LIB (?C?SIDIV)
  C:\KEIL_V5\C51\LIB\C51L.LIB (?C?ILDIX)
  C:\KEIL_V5\C51\LIB\C51L.LIB (?C?LNEG)
  C:\KEIL_V5\C51\LIB\C51L.LIB (?C?LLDPTR)
  C:\KEIL_V5\C51\LIB\C51L.LIB (?C?LSTPTR)
  C:\KEIL_V5\C51\LIB\C51L.LIB (?C?LLDCODE)
  C:\KEIL_V5\C51\LIB\C51L.LIB (?C?LLDXDATA0)
  C:\KEIL_V5\C51\LIB\C51L.LIB (?C?LLDCODE0)
  C:\KEIL_V5\C51\LIB\C51L.LIB (?C?LLDPTR0)
  C:\KEIL_V5\C51\LIB\C51L.LIB (?C?LSTXDATA)
  C:\KEIL_V5\C51\LIB\C51L.LIB (?C?LSTKXDATA)
  C:\KEIL_V5\C51\LIB\C51L.LIB (?C?OFFXADD)
  C:\KEIL_V5\C51\LIB\C51L.LIB (ABS)
  C:\KEIL_V5\C51\LIB\C51L.LIB (ATOI)
  C:\KEIL_V5\C51\LIB\C51L.LIB (?C?IILDX)
  C:\KEIL_V5\C51\LIB\C51L.LIB (?C?LLDIDATA)
  C:\KEIL_V5\C51\LIB\C51L.LIB (?C?LLDXDATA)
  C:\KEIL_V5\C51\LIB\C51L.LIB (?C?LLDPDATA)
  C:\KEIL_V5\C51\LIB\C51L.LIB (?C?LLDIDATA0)
  C:\KEIL_V5\C51\LIB\C51L.LIB (?C?LLDPDATA0)
  C:\KEIL_V5\C51\LIB\C51L.LIB (?C?LSTIDATA)
  C:\KEIL_V5\C51\LIB\C51L.LIB (?C?LSTPDATA)
BL51 BANKED LINKER/LOCATER V6.22                                                      08/14/2018  16:10:57  PAGE 2


  C:\KEIL_V5\C51\LIB\C51L.LIB (ISDIGIT)
  C:\KEIL_V5\C51\LIB\C51L.LIB (ISSPACE)


LINK MAP OF MODULE:  .\Obj\GPIO_RTC_Test (MAIN)


            TYPE    BASE      LENGTH    RELOCATION   SEGMENT NAME
            -----------------------------------------------------

            * * * * * * *   D A T A   M E M O R Y   * * * * * * *
            REG     0000H     0008H     ABSOLUTE     "REG BANK 0"
            REG     0008H     0008H     ABSOLUTE     "REG BANK 1"
                    0010H     0010H                  *** GAP ***
            BIT     0020H.0   0000H.3   UNIT         ?BI?KEYPAD
            BIT     0020H.3   0000H.3   UNIT         _BIT_GROUP_
            BIT     0020H.6   0000H.1   UNIT         ?BI?MAIN
                    0020H.7   0000H.1                *** GAP ***
            IDATA   0021H     0001H     UNIT         ?STACK

            * * * * * * *  X D A T A   M E M O R Y  * * * * * * *
            XDATA   0000H     007CH     UNIT         ?XD?BIPOLARMOTOR
            XDATA   007CH     004AH     UNIT         _XDATA_GROUP_
            XDATA   00C6H     001CH     UNIT         ?XD?MAIN
            XDATA   00E2H     0009H     UNIT         ?XD?KEYPAD
            XDATA   00EBH     0008H     UNIT         ?XD?_READ_VCNL4035?VCNL4035
            XDATA   00F3H     0004H     UNIT         ?XD?_DISPLAY_PROX?MAIN
            XDATA   00F7H     0003H     UNIT         ?XD?_SENDSTRING?UART1
            XDATA   00FAH     0001H     UNIT         ?XD?UC_ACK?VCNL4035
            XDATA   00FBH     0001H     UNIT         ?XD?UC_NACK?VCNL4035
            XDATA   00FCH     0001H     UNIT         ?XD?_DISPLAYLCD_VCNL4035?VCNL4035

            * * * * * * *   C O D E   M E M O R Y   * * * * * * *
            CODE    0000H     0003H     ABSOLUTE     
            CODE    0003H     0007H     UNIT         ?PR?KEYPAD_IO_INIT?KEYPAD
            CODE    000AH     0001H     UNIT         ?PR?TM0_ISR?MAIN
            CODE    000BH     0003H     ABSOLUTE     
            CODE    000EH     0015H     UNIT         ?PR?_DISPLAY_LINE?LCD_DRIVER_SPLC780D
            CODE    0023H     0003H     ABSOLUTE     
            CODE    0026H     0675H     UNIT         ?C?LIB_CODE
            CODE    069BH     0295H     UNIT         ?PR?MAIN?MAIN
            CODE    0930H     028DH     UNIT         ?PR?KEY_PROCESS?KEYPAD
            CODE    0BBDH     022FH     UNIT         ?PR?_UPDATE_POSITION?BIPOLARMOTOR
            CODE    0DECH     01F5H     UNIT         ?PR?_TREND_LINE_30_31?BIPOLARMOTOR
            CODE    0FE1H     01B5H     UNIT         ?PR?_DISPLAY_POS?MAIN
            CODE    1196H     0194H     UNIT         ?PR?KEY_SCAN?KEYPAD
            CODE    132AH     0166H     UNIT         ?PR?_POW?POW
            CODE    1490H     0129H     UNIT         ?PR?LOG?LOG
            CODE    15B9H     00DBH     UNIT         ?PR?_ATOI?ATOI
            CODE    1694H     00C5H     UNIT         ?C_INITSEG
            CODE    1759H     009BH     UNIT         ?PR?UART?MAIN
            CODE    17F4H     009AH     UNIT         ?PR?_READ_VCNL4035?VCNL4035
            CODE    188EH     009AH     UNIT         ?PR?EXP?EXP
            CODE    1928H     0095H     UNIT         ?PR?_DISPLAY_PROX?MAIN
            CODE    19BDH     008CH     UNIT         ?C_C51STARTUP
            CODE    1A49H     0084H     UNIT         ?PR?_DAY_OF_YEAR?PCF85063BTL
            CODE    1ACDH     0075H     UNIT         ?PR?_WRITEDATA?LCD_DRIVER_SPLC780D
BL51 BANKED LINKER/LOCATER V6.22                                                      08/14/2018  16:10:57  PAGE 3


            CODE    1B42H     006FH     UNIT         ?PR?_READ_TIME?PCF85063BTL
            CODE    1BB1H     0059H     UNIT         ?PR?LCD_INIT?LCD_DRIVER_SPLC780D
            CODE    1C0AH     0059H     UNIT         ?PR?_STEP_MOVE?BIPOLARMOTOR
            CODE    1C63H     0049H     UNIT         ?PR?_WRITE_VCNL4035X?VCNL4035
            CODE    1CACH     0040H     UNIT         ?PR?_COMMAND?LCD_DRIVER_SPLC780D
            CODE    1CECH     0034H     UNIT         ?PR?_MOVE?BIPOLARMOTOR
            CODE    1D20H     0033H     UNIT         ?PR?_SENDSTRING?UART1
            CODE    1D53H     002CH     UNIT         ?PR?I2C_RECEIVEBYTE?VCNL4035
            CODE    1D7FH     002BH     UNIT         ?PR?_WAIT_MS_I2C?VCNL4035
            CODE    1DAAH     0024H     UNIT         ?PR?_WAIT_MS?LCD_DRIVER_SPLC780D
            CODE    1DCEH     0024H     UNIT         ?PR?_BCDTODEC1?BIPOLARMOTOR
            CODE    1DF2H     0022H     UNIT         ?PR?_I2C_SENDBYTE?VCNL4035
            CODE    1E14H     0020H     UNIT         ?PR?_SPI_SENDBYTE?PCF85063BTL
            CODE    1E34H     0020H     UNIT         ?PR?SPI_RECEIVEBYTE?PCF85063BTL
            CODE    1E54H     001EH     UNIT         ?PR?_DELAY_MS?KEYPAD
            CODE    1E72H     001EH     UNIT         ?PR?_WAIT_MS_IIC?VCNL4035
            CODE    1E90H     001DH     UNIT         ?PR?_DISPLAYLCD?LCD_DRIVER_SPLC780D
            CODE    1EADH     001BH     UNIT         ?PR?I2C_ACK?VCNL4035
            CODE    1EC8H     0018H     UNIT         ?PR?_SPI_WRITETIME?PCF85063BTL
            CODE    1EE0H     0017H     UNIT         ?PR?_ASCIITOBCD?UART1
            CODE    1EF7H     0017H     UNIT         ?PR?I2C_INIT?VCNL4035
            CODE    1F0EH     0015H     UNIT         ?PR?I2C_STOP?VCNL4035
            CODE    1F23H     0014H     UNIT         ?PR?_PCF85063BTL_DELAY?PCF85063BTL
            CODE    1F37H     0014H     UNIT         ?PR?_ISSPACE?ISSPACE
            CODE    1F4BH     0013H     UNIT         ?PR?I2C_START?VCNL4035
            CODE    1F5EH     0011H     UNIT         ?PR?_SPI_READTIME?PCF85063BTL
            CODE    1F6FH     0011H     UNIT         ?PR?_BCDTODEC?PCF85063BTL
            CODE    1F80H     0011H     UNIT         ?PR?INITUART1?UART1
            CODE    1F91H     000FH     UNIT         ?PR?UC_NACK?VCNL4035
            CODE    1FA0H     000FH     UNIT         ?PR?_ISDIGIT?ISDIGIT
            CODE    1FAFH     000DH     UNIT         ?PR?SPI_INIT?PCF85063BTL
            CODE    1FBCH     000CH     UNIT         ?PR?_ABS?ABS
            CODE    1FC8H     000AH     UNIT         ?PR?LCD_RETURN_HOME?LCD_DRIVER_SPLC780D
            CODE    1FD2H     000AH     UNIT         ?PR?LCD_CLEAR?LCD_DRIVER_SPLC780D
            CODE    1FDCH     0009H     UNIT         ?PR?_SENDUART1?MAIN
            CODE    1FE5H     0006H     UNIT         ?PR?_TEN?UART1
            CODE    1FEBH     0006H     UNIT         ?PR?UC_ACK?VCNL4035
            CODE    1FF1H     0006H     UNIT         ?PR?_DISPLAYLCD_VCNL4035?VCNL4035
            CODE    1FF7H     0005H     UNIT         ?PR?_UNIT?UART1
            CODE    1FFCH     0005H     UNIT         ?PR?_ASCII_LETTER?UART1
            CODE    2001H     0001H     UNIT         ?PR?_DECTOBCD?UART1
            CODE    2002H     0001H     UNIT         ?PR?NOP?VCNL4035



OVERLAY MAP OF MODULE:   .\Obj\GPIO_RTC_Test (MAIN)


SEGMENT                                            BIT_GROUP          XDATA_GROUP
  +--> CALLED SEGMENT                           START    LENGTH     START    LENGTH
-----------------------------------------------------------------------------------
?PR?UART?MAIN                                   -----    -----      -----    -----
  +--> ?PR?_ASCIITOBCD?UART1

?PR?_ASCIITOBCD?UART1                           -----    -----      -----    -----
  +--> ?PR?_ATOI?ATOI

BL51 BANKED LINKER/LOCATER V6.22                                                      08/14/2018  16:10:57  PAGE 4


?PR?_ATOI?ATOI                                  0020H.3  0000H.1    007CH    0005H
  +--> ?PR?_ISSPACE?ISSPACE
  +--> ?PR?_ISDIGIT?ISDIGIT

*** NEW ROOT ***************************************************

?C_C51STARTUP                                   -----    -----      -----    -----
  +--> ?PR?MAIN?MAIN
  +--> ?C_INITSEG

?PR?MAIN?MAIN                                   -----    -----      0081H    0017H
  +--> ?PR?LCD_INIT?LCD_DRIVER_SPLC780D
  +--> ?PR?SPI_INIT?PCF85063BTL
  +--> ?PR?KEYPAD_IO_INIT?KEYPAD
  +--> ?PR?INITUART1?UART1
  +--> ?PR?I2C_INIT?VCNL4035
  +--> ?PR?_DELAY_MS?KEYPAD
  +--> ?PR?_DISPLAY_LINE?LCD_DRIVER_SPLC780D
  +--> ?PR?_WRITEDATA?LCD_DRIVER_SPLC780D
  +--> ?PR?KEY_PROCESS?KEYPAD
  +--> ?PR?_COMMAND?LCD_DRIVER_SPLC780D
  +--> ?PR?_DISPLAY_POS?MAIN
  +--> ?PR?_DISPLAYLCD?LCD_DRIVER_SPLC780D
  +--> ?PR?_STEP_MOVE?BIPOLARMOTOR
  +--> ?PR?LCD_RETURN_HOME?LCD_DRIVER_SPLC780D
  +--> ?PR?_READ_TIME?PCF85063BTL
  +--> ?PR?_UPDATE_POSITION?BIPOLARMOTOR
  +--> ?PR?_SPI_WRITETIME?PCF85063BTL
  +--> ?PR?_SENDUART1?MAIN

?PR?LCD_INIT?LCD_DRIVER_SPLC780D                -----    -----      -----    -----
  +--> ?PR?_WAIT_MS?LCD_DRIVER_SPLC780D
  +--> ?PR?_COMMAND?LCD_DRIVER_SPLC780D

?PR?_COMMAND?LCD_DRIVER_SPLC780D                -----    -----      -----    -----
  +--> ?PR?_WAIT_MS?LCD_DRIVER_SPLC780D

?PR?I2C_INIT?VCNL4035                           -----    -----      -----    -----
  +--> ?PR?_WRITE_VCNL4035X?VCNL4035

?PR?_WRITE_VCNL4035X?VCNL4035                   -----    -----      0098H    0003H
  +--> ?PR?I2C_START?VCNL4035
  +--> ?PR?_WAIT_MS_I2C?VCNL4035
  +--> ?PR?I2C_ACK?VCNL4035
  +--> ?PR?_I2C_SENDBYTE?VCNL4035
  +--> ?PR?I2C_STOP?VCNL4035

?PR?I2C_START?VCNL4035                          -----    -----      -----    -----
  +--> ?PR?_WAIT_MS_IIC?VCNL4035
  +--> ?PR?_WAIT_MS_I2C?VCNL4035

?PR?I2C_ACK?VCNL4035                            -----    -----      009BH    0001H
  +--> ?PR?_I2C_SENDBYTE?VCNL4035
  +--> ?PR?_WAIT_MS_I2C?VCNL4035

?PR?_I2C_SENDBYTE?VCNL4035                      -----    -----      -----    -----
  +--> ?PR?_WAIT_MS_I2C?VCNL4035
BL51 BANKED LINKER/LOCATER V6.22                                                      08/14/2018  16:10:57  PAGE 5



?PR?I2C_STOP?VCNL4035                           -----    -----      -----    -----
  +--> ?PR?_WAIT_MS_I2C?VCNL4035

?PR?_DISPLAY_LINE?LCD_DRIVER_SPLC780D           -----    -----      -----    -----
  +--> ?PR?_COMMAND?LCD_DRIVER_SPLC780D

?PR?_WRITEDATA?LCD_DRIVER_SPLC780D              -----    -----      00A2H    0001H
  +--> ?PR?_WAIT_MS?LCD_DRIVER_SPLC780D

?PR?KEY_PROCESS?KEYPAD                          -----    -----      0098H    0006H
  +--> ?PR?KEY_SCAN?KEYPAD
  +--> ?PR?_SPI_WRITETIME?PCF85063BTL
  +--> ?PR?LCD_CLEAR?LCD_DRIVER_SPLC780D
  +--> ?PR?_COMMAND?LCD_DRIVER_SPLC780D
  +--> ?PR?_WRITEDATA?LCD_DRIVER_SPLC780D

?PR?KEY_SCAN?KEYPAD                             -----    -----      009EH    0003H
  +--> ?PR?_DELAY_MS?KEYPAD

?PR?_SPI_WRITETIME?PCF85063BTL                  -----    -----      -----    -----
  +--> ?PR?_SPI_SENDBYTE?PCF85063BTL

?PR?_SPI_SENDBYTE?PCF85063BTL                   -----    -----      -----    -----
  +--> ?PR?_PCF85063BTL_DELAY?PCF85063BTL

?PR?LCD_CLEAR?LCD_DRIVER_SPLC780D               -----    -----      -----    -----
  +--> ?PR?_COMMAND?LCD_DRIVER_SPLC780D

?PR?_DISPLAY_POS?MAIN                           -----    -----      0098H    000AH
  +--> ?PR?_ABS?ABS
  +--> ?PR?_WRITEDATA?LCD_DRIVER_SPLC780D

?PR?_DISPLAYLCD?LCD_DRIVER_SPLC780D             -----    -----      0098H    0001H
  +--> ?PR?_WRITEDATA?LCD_DRIVER_SPLC780D

?PR?_STEP_MOVE?BIPOLARMOTOR                     0020H.5  0000H.1    00B4H    0004H
  +--> ?PR?_WAIT_MS?LCD_DRIVER_SPLC780D

?PR?LCD_RETURN_HOME?LCD_DRIVER_SPLC780D         -----    -----      -----    -----
  +--> ?PR?_COMMAND?LCD_DRIVER_SPLC780D

?PR?_READ_TIME?PCF85063BTL                      -----    -----      0098H    000FH
  +--> ?PR?_SPI_READTIME?PCF85063BTL

?PR?_SPI_READTIME?PCF85063BTL                   -----    -----      -----    -----
  +--> ?PR?_SPI_SENDBYTE?PCF85063BTL
  +--> ?PR?SPI_RECEIVEBYTE?PCF85063BTL

?PR?SPI_RECEIVEBYTE?PCF85063BTL                 -----    -----      -----    -----
  +--> ?PR?_PCF85063BTL_DELAY?PCF85063BTL

?PR?_UPDATE_POSITION?BIPOLARMOTOR               -----    -----      0098H    0018H
  +--> ?PR?_DAY_OF_YEAR?PCF85063BTL
  +--> ?PR?_BCDTODEC1?BIPOLARMOTOR
  +--> ?PR?_TREND_LINE_30_31?BIPOLARMOTOR
  +--> ?PR?_MOVE?BIPOLARMOTOR
BL51 BANKED LINKER/LOCATER V6.22                                                      08/14/2018  16:10:57  PAGE 6



?PR?_DAY_OF_YEAR?PCF85063BTL                    -----    -----      -----    -----
  +--> ?PR?_BCDTODEC?PCF85063BTL

?PR?_TREND_LINE_30_31?BIPOLARMOTOR              -----    -----      00B0H    0008H
  +--> ?PR?_POW?POW

?PR?_POW?POW                                    -----    -----      00B8H    000AH
  +--> ?PR?LOG?LOG
  +--> ?PR?EXP?EXP

?PR?LOG?LOG                                     0020H.4  0000H.1    00C2H    0004H

?PR?_MOVE?BIPOLARMOTOR                          0020H.4  0000H.1    00B0H    0004H
  +--> ?PR?_STEP_MOVE?BIPOLARMOTOR



UNRESOLVED EXTERNAL SYMBOLS:
   AUTO_MODE



SYMBOL TABLE OF MODULE:  .\Obj\GPIO_RTC_Test (MAIN)

  VALUE           TYPE          NAME
  ----------------------------------

  -------         MODULE        MAIN
  C:0000H         SYMBOL        _ICE_DUMMY_
  D:0080H         PUBLIC        P0
  D:0090H         PUBLIC        P1
  D:00A0H         PUBLIC        P2
  D:00B0H         PUBLIC        P3
  D:00C0H         PUBLIC        P4
  D:00C8H         PUBLIC        P5
  X:00CEH         SYMBOL        PressedKey
  B:00A8H.7       PUBLIC        EA
  D:00E8H         PUBLIC        P6
  D:00F8H         PUBLIC        P7
  X:00D2H         PUBLIC        RX_Data_Uart_Cnt
  D:00A8H         PUBLIC        IE
  D:00B8H         PUBLIC        IP
  B:0098H.0       PUBLIC        RI
  B:0098H.1       PUBLIC        TI
  C:1759H         PUBLIC        Uart
  D:00D8H         PUBLIC        CCON
  C:069BH         PUBLIC        main
  D:0099H         PUBLIC        SBUF
  D:0098H         PUBLIC        SCON
  D:0089H         PUBLIC        TMOD
  D:0088H         PUBLIC        TCON
  B:00B0H.3       PUBLIC        P33
  X:00D4H         SYMBOL        KeyCount
  X:00D6H         PUBLIC        Rec_data_hour
  X:00D9H         PUBLIC        Rec_data_min
  D:008EH         PUBLIC        AUXR
BL51 BANKED LINKER/LOCATER V6.22                                                      08/14/2018  16:10:57  PAGE 7


  C:000AH         PUBLIC        tm0_isr
  B:0020H.6       PUBLIC        busy
  D:00E0H         PUBLIC        ACC
  B:00A8H.1       PUBLIC        ET0
  D:008CH         PUBLIC        TH0
  X:00DCH         PUBLIC        hour_count
  D:008AH         PUBLIC        TL0
  X:00DDH         PUBLIC        min_count
  B:0088H.4       PUBLIC        TR0
  X:00DEH         SYMBOL        KeyNum
  X:00DFH         SYMBOL        KeyNum_Old
  C:1928H         PUBLIC        _Display_Prox
  C:0FE1H         PUBLIC        _Display_Pos
  X:00E0H         PUBLIC        st_time
  D:00D0H         PUBLIC        PSW
  C:1FDCH         PUBLIC        _SendUART1
  -------         PROC          TM0_ISR
  C:000AH         LINE#         53
  C:000AH         LINE#         56
  -------         ENDPROC       TM0_ISR
  -------         PROC          MAIN
  -------         DO            
  X:0081H         SYMBOL        seconds
  X:0082H         SYMBOL        mins
  X:0083H         SYMBOL        hours
  X:0084H         SYMBOL        days
  X:0085H         SYMBOL        months
  X:0086H         SYMBOL        mins1
  X:0087H         SYMBOL        hours1
  X:0088H         SYMBOL        mins2
  X:0089H         SYMBOL        hours2
  X:008AH         SYMBOL        prox_data
  X:00C6H         SYMBOL        KeyCount
  X:00C8H         SYMBOL        KeyNum_Old
  X:00C9H         SYMBOL        KeyNum
  X:00CAH         SYMBOL        PressedKey
  X:008CH         SYMBOL        prox_flag
  X:008DH         SYMBOL        count
  X:008FH         SYMBOL        numStr
  X:0094H         SYMBOL        current_position
  -------         ENDDO         
  C:069BH         LINE#         58
  C:069BH         LINE#         59
  C:069BH         LINE#         64
  C:06A1H         LINE#         66
  C:06A6H         LINE#         68
  C:06B0H         LINE#         69
  C:06B2H         LINE#         70
  C:06B4H         LINE#         71
  C:06B6H         LINE#         72
  C:06B8H         LINE#         81
  C:06BBH         LINE#         82
  C:06BEH         LINE#         83
  C:06C1H         LINE#         84
  C:06C4H         LINE#         85
  C:06C7H         LINE#         87
  C:06CAH         LINE#         88
BL51 BANKED LINKER/LOCATER V6.22                                                      08/14/2018  16:10:57  PAGE 8


  C:06CDH         LINE#         89
  C:06D0H         LINE#         90
  C:06D2H         LINE#         91
  C:06D4H         LINE#         92
  C:06D6H         LINE#         94
  C:06D8H         LINE#         96
  C:06DFH         LINE#         98
  C:06E6H         LINE#         102
  C:06EDH         LINE#         103
  C:06F2H         LINE#         104
  C:06F7H         LINE#         105
  C:06FCH         LINE#         106
  C:0701H         LINE#         107
  C:0706H         LINE#         110
  C:0706H         LINE#         111
  C:0706H         LINE#         112
  C:0709H         LINE#         113
  C:0717H         LINE#         115
  C:0717H         LINE#         118
  C:071CH         LINE#         119
  C:0721H         LINE#         121
  C:0726H         LINE#         122
  C:072BH         LINE#         123
  C:0730H         LINE#         124
  C:0735H         LINE#         126
  C:0746H         LINE#         128
  C:074DH         LINE#         129
  C:0755H         LINE#         130
  C:075AH         LINE#         131
  C:0762H         LINE#         132
  C:0767H         LINE#         133
  C:0771H         LINE#         134
  C:0776H         LINE#         135
  C:077EH         LINE#         137
  C:0786H         LINE#         138
  C:0789H         LINE#         139
  C:0789H         LINE#         140
  C:078BH         LINE#         141
  C:078DH         LINE#         143
  C:078DH         LINE#         144
  C:0792H         LINE#         145
  C:0792H         LINE#         157
  C:0798H         LINE#         158
  C:0798H         LINE#         159
  C:07A3H         LINE#         160
  C:07BAH         LINE#         161
  C:07BAH         LINE#         162
  C:07BCH         LINE#         163
  C:07BEH         LINE#         165
  C:07BEH         LINE#         166
  C:07C9H         LINE#         167
  C:07C9H         LINE#         168
  C:07CEH         LINE#         169
  C:07CEH         LINE#         170
  C:07D4H         LINE#         171
  C:07D4H         LINE#         172
  C:07D6H         LINE#         173
BL51 BANKED LINKER/LOCATER V6.22                                                      08/14/2018  16:10:57  PAGE 9


  C:07E1H         LINE#         174
  C:07F8H         LINE#         175
  C:07F8H         LINE#         176
  C:07FAH         LINE#         177
  C:07FCH         LINE#         179
  C:07FCH         LINE#         180
  C:0807H         LINE#         181
  C:0807H         LINE#         182
  C:080CH         LINE#         183
  C:080CH         LINE#         191
  C:0831H         LINE#         192
  C:0831H         LINE#         193
  C:083BH         LINE#         194
  C:0841H         LINE#         195
  C:0843H         LINE#         196
  C:0845H         LINE#         197
  C:0847H         LINE#         198
  C:0847H         LINE#         199
  C:084AH         LINE#         201
  C:084AH         LINE#         202
  C:0852H         LINE#         203
  C:085AH         LINE#         204
  C:0862H         LINE#         205
  C:086AH         LINE#         206
  C:08A5H         LINE#         210
  C:08A8H         LINE#         211
  C:08A8H         LINE#         212
  C:08CFH         LINE#         213
  C:08F5H         LINE#         214
  C:08F5H         LINE#         218
  C:0902H         LINE#         219
  C:0902H         LINE#         220
  C:090CH         LINE#         221
  C:0916H         LINE#         222
  C:091DH         LINE#         223
  C:0925H         LINE#         224
  C:092DH         LINE#         225
  -------         ENDPROC       MAIN
  -------         PROC          UART
  C:1759H         LINE#         238
  C:1766H         LINE#         240
  C:1769H         LINE#         241
  C:1769H         LINE#         242
  C:1777H         LINE#         243
  C:1779H         LINE#         244
  C:178BH         LINE#         245
  C:179AH         LINE#         246
  C:17A5H         LINE#         247
  C:17A5H         LINE#         250
  C:17B2H         LINE#         251
  C:17B8H         LINE#         252
  C:17B8H         LINE#         253
  C:17BEH         LINE#         254
  C:17CCH         LINE#         255
  C:17DAH         LINE#         256
  C:17E2H         LINE#         261
  C:17E2H         LINE#         262
BL51 BANKED LINKER/LOCATER V6.22                                                      08/14/2018  16:10:57  PAGE 10


  C:17E2H         LINE#         265
  C:17E2H         LINE#         266
  C:17E5H         LINE#         267
  C:17E5H         LINE#         268
  C:17E7H         LINE#         269
  C:17E9H         LINE#         270
  C:17E9H         LINE#         271
  -------         ENDPROC       UART
  -------         PROC          _SENDUART1
  D:0007H         SYMBOL        dat
  C:1FDCH         LINE#         274
  C:1FDCH         LINE#         275
  C:1FDCH         LINE#         276
  C:1FDFH         LINE#         277
  C:1FE1H         LINE#         278
  C:1FE2H         LINE#         279
  C:1FE4H         LINE#         280
  -------         ENDPROC       _SENDUART1
  -------         PROC          _DISPLAY_PROX
  D:0002H         SYMBOL        dat
  -------         DO            
  X:00F3H         SYMBOL        unit
  X:00F4H         SYMBOL        ten
  X:00F5H         SYMBOL        hundred
  X:00F6H         SYMBOL        thousand
  -------         ENDDO         
  C:1928H         LINE#         283
  C:192CH         LINE#         284
  C:192CH         LINE#         286
  C:1938H         LINE#         287
  C:1948H         LINE#         288
  C:1964H         LINE#         289
  C:1994H         LINE#         290
  C:199EH         LINE#         291
  C:19A8H         LINE#         292
  C:19B2H         LINE#         293
  C:19BCH         LINE#         295
  -------         ENDPROC       _DISPLAY_PROX
  -------         PROC          _DISPLAY_POS
  X:0098H         SYMBOL        sign_dat
  -------         DO            
  X:009CH         SYMBOL        unit
  X:009DH         SYMBOL        ten
  X:009EH         SYMBOL        hundred
  D:0003H         SYMBOL        thousand
  X:009FH         SYMBOL        after_dot
  X:00A0H         SYMBOL        dat
  -------         ENDDO         
  C:0FE1H         LINE#         298
  C:0FE7H         LINE#         299
  C:0FE7H         LINE#         303
  C:1003H         LINE#         304
  C:101DH         LINE#         305
  C:1041H         LINE#         307
  C:108BH         LINE#         309
  C:10A2H         LINE#         310
  C:10AFH         LINE#         311
BL51 BANKED LINKER/LOCATER V6.22                                                      08/14/2018  16:10:57  PAGE 11


  C:10D1H         LINE#         312
  C:1106H         LINE#         313
  C:111EH         LINE#         314
  C:111EH         LINE#         316
  C:1128H         LINE#         317
  C:1132H         LINE#         318
  C:113CH         LINE#         319
  C:1141H         LINE#         320
  C:114BH         LINE#         321
  C:1150H         LINE#         322
  C:1155H         LINE#         323
  C:1157H         LINE#         324
  C:1159H         LINE#         326
  C:1159H         LINE#         328
  C:115EH         LINE#         329
  C:1168H         LINE#         330
  C:1172H         LINE#         331
  C:117CH         LINE#         332
  C:1181H         LINE#         333
  C:118BH         LINE#         334
  C:1190H         LINE#         335
  C:1195H         LINE#         337
  C:1195H         LINE#         339
  -------         ENDPROC       _DISPLAY_POS
  -------         ENDMOD        MAIN

  -------         MODULE        PCF85063BTL
  C:0000H         SYMBOL        _ICE_DUMMY_
  D:0096H         PUBLIC        P2M0
  D:0080H         PUBLIC        P0
  D:0095H         PUBLIC        P2M1
  D:0090H         PUBLIC        P1
  D:00A0H         PUBLIC        P2
  D:00B0H         PUBLIC        P3
  D:00C0H         PUBLIC        P4
  D:00C8H         PUBLIC        P5
  D:00E8H         PUBLIC        P6
  B:00A0H.2       PUBLIC        PCF85063BTL_SDI
  D:00F8H         PUBLIC        P7
  B:00A0H.1       PUBLIC        PCF85063BTL_SCK
  B:00A0H.2       PUBLIC        PCF85063BTL_SDO
  D:00A8H         PUBLIC        IE
  C:1B42H         PUBLIC        _Read_time
  C:1F29H         PUBLIC        _PCF85063BTL_Delay
  D:00B8H         PUBLIC        IP
  D:00D8H         PUBLIC        CCON
  C:1A49H         PUBLIC        _Day_Of_Year
  C:1E34H         PUBLIC        SPI_ReceiveByte
  D:0098H         PUBLIC        SCON
  D:0088H         PUBLIC        TCON
  C:1F6FH         PUBLIC        _BCDtoDec
  B:00A0H.0       PUBLIC        PCF85063BTL_CS
  C:1F5EH         PUBLIC        _SPI_ReadTime
  C:1FAFH         PUBLIC        SPI_Init
  C:1EC8H         PUBLIC        _SPI_WriteTime
  C:1E14H         PUBLIC        _SPI_SendByte
  D:00D0H         PUBLIC        PSW
BL51 BANKED LINKER/LOCATER V6.22                                                      08/14/2018  16:10:57  PAGE 12


  C:1F25H         SYMBOL        L?0047
  -------         PROC          L?0046
  -------         ENDPROC       L?0046
  C:1F25H         SYMBOL        L?0047
  -------         PROC          _PCF85063BTL_DELAY
  D:0006H         SYMBOL        us
  C:1F29H         LINE#         8
  C:1F29H         LINE#         9
  C:1F29H         LINE#         10
  C:1F33H         LINE#         11
  C:1F33H         LINE#         12
  C:1F34H         LINE#         13
  C:1F36H         LINE#         14
  -------         ENDPROC       _PCF85063BTL_DELAY
  -------         PROC          _SPI_SENDBYTE
  D:0005H         SYMBOL        dat
  -------         DO            
  D:0003H         SYMBOL        i
  -------         ENDDO         
  C:1E14H         LINE#         17
  C:1E16H         LINE#         18
  C:1E16H         LINE#         20
  C:1E18H         LINE#         21
  C:1E18H         LINE#         22
  C:1E1AH         LINE#         23
  C:1E1EH         LINE#         24
  C:1E1EH         LINE#         25
  C:1E20H         LINE#         26
  C:1E22H         LINE#         28
  C:1E22H         LINE#         29
  C:1E24H         LINE#         30
  C:1E24H         LINE#         31
  C:1E27H         LINE#         32
  C:1E27H         LINE#         33
  C:1E2AH         LINE#         34
  C:1E2EH         LINE#         35
  C:1E33H         LINE#         36
  -------         ENDPROC       _SPI_SENDBYTE
  -------         PROC          SPI_RECEIVEBYTE
  -------         DO            
  D:0003H         SYMBOL        i
  D:0005H         SYMBOL        dat
  -------         ENDDO         
  C:1E34H         LINE#         39
  C:1E34H         LINE#         40
  C:1E34H         LINE#         42
  C:1E36H         LINE#         44
  C:1E38H         LINE#         45
  C:1E39H         LINE#         46
  C:1E39H         LINE#         47
  C:1E3DH         LINE#         48
  C:1E3FH         LINE#         49
  C:1E42H         LINE#         51
  C:1E45H         LINE#         52
  C:1E45H         LINE#         53
  C:1E49H         LINE#         54
  C:1E49H         LINE#         55
BL51 BANKED LINKER/LOCATER V6.22                                                      08/14/2018  16:10:57  PAGE 13


  C:1E49H         LINE#         56
  C:1E4CH         LINE#         57
  C:1E51H         LINE#         58
  C:1E53H         LINE#         59
  -------         ENDPROC       SPI_RECEIVEBYTE
  -------         PROC          _SPI_READTIME
  D:0007H         SYMBOL        addr
  -------         DO            
  D:0006H         SYMBOL        dat
  -------         ENDDO         
  C:1F5EH         LINE#         61
  C:1F5EH         LINE#         62
  C:1F5EH         LINE#         64
  C:1F60H         LINE#         65
  C:1F62H         LINE#         66
  C:1F69H         LINE#         67
  C:1F6CH         LINE#         68
  C:1F6EH         LINE#         69
  C:1F6EH         LINE#         70
  -------         ENDPROC       _SPI_READTIME
  -------         PROC          _SPI_WRITETIME
  D:0002H         SYMBOL        val
  D:0005H         SYMBOL        addr
  C:1EC8H         LINE#         71
  C:1ECAH         LINE#         72
  C:1ECAH         LINE#         74
  C:1ECCH         LINE#         75
  C:1ED3H         LINE#         76
  C:1ED8H         LINE#         77
  C:1EDDH         LINE#         78
  C:1EDFH         LINE#         79
  -------         ENDPROC       _SPI_WRITETIME
  -------         PROC          SPI_INIT
  C:1FAFH         LINE#         83
  C:1FAFH         LINE#         84
  C:1FAFH         LINE#         89
  C:1FB2H         LINE#         90
  C:1FB5H         LINE#         91
  C:1FB7H         LINE#         92
  C:1FB9H         LINE#         93
  C:1FBBH         LINE#         94
  -------         ENDPROC       SPI_INIT
  -------         PROC          _READ_TIME
  X:0098H         SYMBOL        months
  X:009BH         SYMBOL        days
  X:009EH         SYMBOL        hours
  X:00A1H         SYMBOL        mins
  X:00A4H         SYMBOL        seconds
  C:1B42H         LINE#         96
  C:1B4DH         LINE#         97
  C:1B4DH         LINE#         99
  C:1B61H         LINE#         101
  C:1B75H         LINE#         103
  C:1B89H         LINE#         108
  C:1B9DH         LINE#         113
  -------         ENDPROC       _READ_TIME
  -------         PROC          _BCDTODEC
BL51 BANKED LINKER/LOCATER V6.22                                                      08/14/2018  16:10:57  PAGE 14


  D:0007H         SYMBOL        bcd
  -------         DO            
  D:0006H         SYMBOL        hi
  D:0007H         SYMBOL        lo
  -------         ENDDO         
  C:1F6FH         LINE#         119
  C:1F6FH         LINE#         120
  C:1F6FH         LINE#         122
  C:1F74H         LINE#         123
  C:1F78H         LINE#         124
  C:1F7FH         LINE#         125
  -------         ENDPROC       _BCDTODEC
  -------         PROC          _DAY_OF_YEAR
  D:0007H         SYMBOL        months_bcd
  D:0005H         SYMBOL        days_bcd
  -------         DO            
  D:0004H         SYMBOL        months
  D:0007H         SYMBOL        days
  -------         ENDDO         
  C:1A49H         LINE#         126
  C:1A49H         LINE#         127
  C:1A49H         LINE#         130
  C:1A4EH         LINE#         132
  C:1A53H         LINE#         134
  C:1A8CH         LINE#         135
  C:1A8CH         LINE#         136
  C:1A8CH         LINE#         137
  C:1A8FH         LINE#         138
  C:1A8FH         LINE#         139
  C:1A8FH         LINE#         140
  C:1A94H         LINE#         141
  C:1A94H         LINE#         142
  C:1A94H         LINE#         143
  C:1A99H         LINE#         144
  C:1A99H         LINE#         145
  C:1A99H         LINE#         146
  C:1A9EH         LINE#         147
  C:1A9EH         LINE#         148
  C:1A9EH         LINE#         149
  C:1AA3H         LINE#         150
  C:1AA3H         LINE#         151
  C:1AA3H         LINE#         152
  C:1AA8H         LINE#         153
  C:1AA8H         LINE#         154
  C:1AA8H         LINE#         155
  C:1AADH         LINE#         156
  C:1AADH         LINE#         157
  C:1AADH         LINE#         158
  C:1AB2H         LINE#         159
  C:1AB2H         LINE#         160
  C:1AB2H         LINE#         161
  C:1ABAH         LINE#         162
  C:1ABAH         LINE#         163
  C:1ABAH         LINE#         164
  C:1ABFH         LINE#         165
  C:1ABFH         LINE#         166
  C:1ABFH         LINE#         167
BL51 BANKED LINKER/LOCATER V6.22                                                      08/14/2018  16:10:57  PAGE 15


  C:1AC4H         LINE#         168
  C:1AC4H         LINE#         169
  C:1AC4H         LINE#         170
  C:1ACCH         LINE#         171
  C:1ACCH         LINE#         172
  C:1ACCH         LINE#         173
  -------         ENDPROC       _DAY_OF_YEAR
  -------         ENDMOD        PCF85063BTL

  -------         MODULE        UART1
  C:0000H         SYMBOL        _ICE_DUMMY_
  D:0080H         PUBLIC        P0
  D:0090H         PUBLIC        P1
  D:00A0H         PUBLIC        P2
  D:00B0H         PUBLIC        P3
  D:00C0H         PUBLIC        P4
  D:00C8H         PUBLIC        P5
  B:00A8H.7       PUBLIC        EA
  D:00E8H         PUBLIC        P6
  D:00F8H         PUBLIC        P7
  C:1D20H         PUBLIC        _SendString
  D:00A8H         PUBLIC        IE
  B:00A8H.4       PUBLIC        ES
  D:00B8H         PUBLIC        IP
  C:1EE0H         PUBLIC        _ASCIItoBCD
  D:00D8H         PUBLIC        CCON
  C:1F80H         PUBLIC        initUART1
  D:0098H         PUBLIC        SCON
  D:0088H         PUBLIC        TCON
  C:2001H         PUBLIC        _DectoBCD
  C:1FFCH         PUBLIC        _ASCII_Letter
  D:008EH         PUBLIC        AUXR
  C:1FF7H         PUBLIC        _unit
  C:1FE5H         PUBLIC        _ten
  D:00D6H         PUBLIC        T2H
  D:00D7H         PUBLIC        T2L
  D:00D0H         PUBLIC        PSW
  -------         PROC          INITUART1
  C:1F80H         LINE#         21
  C:1F80H         LINE#         22
  C:1F80H         LINE#         23
  C:1F83H         LINE#         24
  C:1F86H         LINE#         25
  C:1F89H         LINE#         26
  C:1F8CH         LINE#         27
  C:1F8EH         LINE#         28
  C:1F90H         LINE#         30
  -------         ENDPROC       INITUART1
  -------         PROC          _SENDSTRING
  X:00F7H         SYMBOL        s
  C:1D20H         LINE#         35
  C:1D2BH         LINE#         36
  C:1D2BH         LINE#         37
  C:1D3BH         LINE#         38
  C:1D3BH         LINE#         39
  C:1D50H         LINE#         40
  C:1D52H         LINE#         41
BL51 BANKED LINKER/LOCATER V6.22                                                      08/14/2018  16:10:57  PAGE 16


  -------         ENDPROC       _SENDSTRING
  -------         PROC          _TEN
  D:0007H         SYMBOL        BCD
  C:1FE5H         LINE#         43
  C:1FE5H         LINE#         44
  C:1FE5H         LINE#         45
  C:1FEAH         LINE#         46
  -------         ENDPROC       _TEN
  -------         PROC          _UNIT
  D:0007H         SYMBOL        BCD
  C:1FF7H         LINE#         47
  C:1FF7H         LINE#         48
  C:1FF7H         LINE#         52
  C:1FFBH         LINE#         53
  -------         ENDPROC       _UNIT
  -------         PROC          _DECTOBCD
  D:0007H         SYMBOL        dec
  C:2001H         LINE#         54
  C:2001H         LINE#         55
  C:2001H         LINE#         57
  C:2001H         LINE#         58
  -------         ENDPROC       _DECTOBCD
  -------         PROC          _ASCII_LETTER
  D:0007H         SYMBOL        dat
  C:1FFCH         LINE#         60
  C:1FFCH         LINE#         61
  C:1FFCH         LINE#         63
  C:2000H         LINE#         64
  -------         ENDPROC       _ASCII_LETTER
  -------         PROC          _ASCIITOBCD
  D:0001H         SYMBOL        ascii
  -------         DO            
  D:0007H         SYMBOL        dec_val
  D:0006H         SYMBOL        ten
  D:0007H         SYMBOL        unit
  -------         ENDDO         
  C:1EE0H         LINE#         66
  C:1EE0H         LINE#         67
  C:1EE0H         LINE#         69
  C:1EE3H         LINE#         70
  C:1EE9H         LINE#         71
  C:1EF0H         LINE#         72
  C:1EF6H         LINE#         74
  -------         ENDPROC       _ASCIITOBCD
  -------         ENDMOD        UART1

  -------         MODULE        LCD_DRIVER_SPLC780D
  C:0000H         SYMBOL        _ICE_DUMMY_
  D:0092H         PUBLIC        P1M0
  D:0091H         PUBLIC        P1M1
  D:0080H         PUBLIC        P0
  D:0090H         PUBLIC        P1
  D:00A0H         PUBLIC        P2
  D:00B0H         PUBLIC        P3
  D:00C0H         PUBLIC        P4
  D:00C8H         PUBLIC        P5
  D:00E8H         PUBLIC        P6
BL51 BANKED LINKER/LOCATER V6.22                                                      08/14/2018  16:10:57  PAGE 17


  D:00F8H         PUBLIC        P7
  C:1ACDH         PUBLIC        _WriteData
  D:00A8H         PUBLIC        IE
  D:00B8H         PUBLIC        IP
  D:00D8H         PUBLIC        CCON
  B:0090H.4       PUBLIC        LCD_D4
  B:0090H.5       PUBLIC        LCD_D5
  B:0090H.6       PUBLIC        LCD_D6
  C:1E90H         PUBLIC        _DisplayLCD
  B:0090H.7       PUBLIC        LCD_D7
  D:0098H         PUBLIC        SCON
  D:0088H         PUBLIC        TCON
  C:1FD2H         PUBLIC        LCD_clear
  C:1CACH         PUBLIC        _Command
  C:000EH         PUBLIC        _Display_Line
  C:1BB1H         PUBLIC        LCD_Init
  C:1DB0H         PUBLIC        _Wait_ms
  B:0090H.1       PUBLIC        LCD_RS
  B:0090H.2       PUBLIC        LCD_RW
  C:1FC8H         PUBLIC        LCD_return_home
  B:0090H.3       PUBLIC        LCD_E
  D:00D0H         PUBLIC        PSW
  -------         PROC          LCD_INIT
  C:1BB1H         LINE#         9
  C:1BB1H         LINE#         10
  C:1BB1H         LINE#         11
  C:1BB4H         LINE#         12
  C:1BB7H         LINE#         14
  C:1BBDH         LINE#         15
  C:1BC2H         LINE#         17
  C:1BC9H         LINE#         18
  C:1BCEH         LINE#         20
  C:1BD1H         LINE#         21
  C:1BD6H         LINE#         23
  C:1BD9H         LINE#         24
  C:1BDEH         LINE#         26
  C:1BE5H         LINE#         29
  C:1BEAH         LINE#         30
  C:1BEFH         LINE#         32
  C:1BF4H         LINE#         33
  C:1BF9H         LINE#         35
  C:1BFEH         LINE#         36
  C:1C03H         LINE#         37
  -------         ENDPROC       LCD_INIT
  -------         PROC          _WRITEDATA
  X:00A2H         SYMBOL        dat
  C:1ACDH         LINE#         40
  C:1AD2H         LINE#         41
  C:1AD2H         LINE#         46
  C:1AD4H         LINE#         47
  C:1AD6H         LINE#         49
  C:1AE4H         LINE#         50
  C:1AF0H         LINE#         51
  C:1AFCH         LINE#         52
  C:1B06H         LINE#         53
  C:1B08H         LINE#         54
  C:1B0FH         LINE#         55
BL51 BANKED LINKER/LOCATER V6.22                                                      08/14/2018  16:10:57  PAGE 18


  C:1B11H         LINE#         57
  C:1B21H         LINE#         58
  C:1B2CH         LINE#         59
  C:1B36H         LINE#         60
  C:1B3AH         LINE#         62
  C:1B3AH         LINE#         63
  C:1B3DH         LINE#         64
  C:1B3FH         LINE#         65
  C:1B41H         LINE#         67
  -------         ENDPROC       _WRITEDATA
  -------         PROC          _COMMAND
  D:0007H         SYMBOL        dat
  C:1CACH         LINE#         69
  C:1CACH         LINE#         70
  C:1CACH         LINE#         71
  C:1CAEH         LINE#         72
  C:1CB0H         LINE#         74
  C:1CBAH         LINE#         75
  C:1CBEH         LINE#         77
  C:1CC0H         LINE#         78
  C:1CC9H         LINE#         79
  C:1CCDH         LINE#         81
  C:1CCFH         LINE#         82
  C:1CD6H         LINE#         83
  C:1CDAH         LINE#         85
  C:1CDCH         LINE#         86
  C:1CE0H         LINE#         87
  C:1CE4H         LINE#         89
  C:1CE6H         LINE#         90
  C:1CE6H         LINE#         91
  C:1CE9H         LINE#         92
  C:1CEBH         LINE#         93
  -------         ENDPROC       _COMMAND
  C:1DACH         SYMBOL        L?0028
  -------         PROC          L?0027
  -------         ENDPROC       L?0027
  C:1DACH         SYMBOL        L?0028
  -------         PROC          _WAIT_MS
  D:0006H         SYMBOL        ms
  -------         DO            
  D:0004H         SYMBOL        De_Cnt
  -------         ENDDO         
  C:1DB0H         LINE#         95
  C:1DB0H         LINE#         96
  C:1DB0H         LINE#         98
  C:1DBAH         LINE#         99
  C:1DBAH         LINE#         100
  C:1DCDH         LINE#         101
  C:1DCDH         LINE#         102
  -------         ENDPROC       _WAIT_MS
  -------         PROC          _DISPLAYLCD
  D:0007H         SYMBOL        BCD
  -------         DO            
  D:0006H         SYMBOL        first_digit
  X:0098H         SYMBOL        second_digit
  -------         ENDDO         
  C:1E90H         LINE#         103
BL51 BANKED LINKER/LOCATER V6.22                                                      08/14/2018  16:10:57  PAGE 19


  C:1E90H         LINE#         104
  C:1E90H         LINE#         106
  C:1E97H         LINE#         107
  C:1EA0H         LINE#         109
  C:1EA5H         LINE#         111
  -------         ENDPROC       _DISPLAYLCD
  -------         PROC          LCD_RETURN_HOME
  C:1FC8H         LINE#         115
  C:1FC8H         LINE#         116
  C:1FC8H         LINE#         117
  C:1FCDH         LINE#         118
  -------         ENDPROC       LCD_RETURN_HOME
  -------         PROC          LCD_CLEAR
  C:1FD2H         LINE#         121
  C:1FD2H         LINE#         122
  C:1FD2H         LINE#         123
  C:1FD7H         LINE#         124
  -------         ENDPROC       LCD_CLEAR
  -------         PROC          _DISPLAY_LINE
  D:0006H         SYMBOL        line
  C:000EH         LINE#         128
  C:000EH         LINE#         129
  C:000EH         LINE#         130
  C:0014H         LINE#         131
  C:0014H         LINE#         132
  C:0016H         LINE#         133
  C:0016H         LINE#         134
  C:0018H         LINE#         136
  C:0018H         LINE#         137
  C:001DH         LINE#         138
  C:0022H         LINE#         139
  C:0022H         LINE#         140
  -------         ENDPROC       _DISPLAY_LINE
  -------         ENDMOD        LCD_DRIVER_SPLC780D

  -------         MODULE        KEYPAD
  C:0000H         SYMBOL        _ICE_DUMMY_
  D:0093H         PUBLIC        P0M1
  D:0080H         PUBLIC        P0
  D:0090H         PUBLIC        P1
  D:00A0H         PUBLIC        P2
  D:00B0H         PUBLIC        P3
  D:00C0H         PUBLIC        P4
  D:00C8H         PUBLIC        P5
  D:00E8H         PUBLIC        P6
  D:00F8H         PUBLIC        P7
  D:00A8H         PUBLIC        IE
  C:1196H         PUBLIC        Key_Scan
  D:00B8H         PUBLIC        IP
  D:00D8H         PUBLIC        CCON
  C:0003H         PUBLIC        KeyPad_IO_Init
  C:1E54H         PUBLIC        _Delay_ms
  D:0098H         PUBLIC        SCON
  D:0088H         PUBLIC        TCON
  B:0020H.0       PUBLIC        small_move
  B:0020H.1       PUBLIC        move
  B:0020H.2       PUBLIC        direction
BL51 BANKED LINKER/LOCATER V6.22                                                      08/14/2018  16:10:57  PAGE 20


  C:0930H         PUBLIC        Key_Process
  D:00D0H         PUBLIC        PSW
  D:0094H         PUBLIC        P0M0
  -------         PROC          _DELAY_MS
  D:0006H         SYMBOL        ms
  -------         DO            
  D:0004H         SYMBOL        De_Cnt
  -------         ENDDO         
  C:1E54H         LINE#         16
  C:1E54H         LINE#         17
  C:1E54H         LINE#         19
  C:1E5EH         LINE#         20
  C:1E5EH         LINE#         21
  C:1E71H         LINE#         22
  C:1E71H         LINE#         23
  -------         ENDPROC       _DELAY_MS
  -------         PROC          KEY_SCAN
  -------         DO            
  X:009EH         SYMBOL        KeyTemp1
  X:009FH         SYMBOL        KeyTemp2
  X:00A0H         SYMBOL        KeyValue
  -------         ENDDO         
  C:1196H         LINE#         24
  C:1196H         LINE#         25
  C:1196H         LINE#         30
  C:1199H         LINE#         33
  C:119CH         LINE#         35
  C:11A4H         LINE#         36
  C:11ABH         LINE#         37
  C:11ABH         LINE#         38
  C:11B2H         LINE#         39
  C:11B7H         LINE#         40
  C:11BEH         LINE#         41
  C:11BEH         LINE#         44
  C:11C1H         LINE#         45
  C:11C4H         LINE#         46
  C:11C9H         LINE#         47
  C:11CDH         LINE#         48
  C:11CDH         LINE#         49
  C:11D5H         LINE#         50
  C:11D5H         LINE#         51
  C:11D8H         LINE#         52
  C:11E0H         LINE#         53
  C:11E2H         LINE#         55
  C:11F6H         LINE#         56
  C:11F6H         LINE#         57
  C:11F6H         LINE#         58
  C:11F6H         LINE#         59
  C:11FCH         LINE#         61
  C:11FEH         LINE#         62
  C:11FEH         LINE#         63
  C:11FEH         LINE#         64
  C:1204H         LINE#         66
  C:1206H         LINE#         67
  C:1206H         LINE#         68
  C:1206H         LINE#         69
  C:120CH         LINE#         71
BL51 BANKED LINKER/LOCATER V6.22                                                      08/14/2018  16:10:57  PAGE 21


  C:120EH         LINE#         72
  C:120EH         LINE#         73
  C:120EH         LINE#         74
  C:1214H         LINE#         76
  C:1214H         LINE#         77
  C:1214H         LINE#         78
  C:1214H         LINE#         81
  C:1217H         LINE#         82
  C:121AH         LINE#         83
  C:1222H         LINE#         84
  C:1226H         LINE#         85
  C:1226H         LINE#         86
  C:122EH         LINE#         87
  C:122EH         LINE#         88
  C:1231H         LINE#         89
  C:1239H         LINE#         90
  C:123BH         LINE#         91
  C:124FH         LINE#         92
  C:124FH         LINE#         93
  C:124FH         LINE#         94
  C:124FH         LINE#         95
  C:1255H         LINE#         97
  C:1257H         LINE#         98
  C:1257H         LINE#         99
  C:1257H         LINE#         100
  C:125DH         LINE#         102
  C:125FH         LINE#         103
  C:125FH         LINE#         104
  C:125FH         LINE#         105
  C:1265H         LINE#         107
  C:1267H         LINE#         108
  C:1267H         LINE#         109
  C:1267H         LINE#         110
  C:126CH         LINE#         112
  C:126CH         LINE#         113
  C:126CH         LINE#         114
  C:126CH         LINE#         117
  C:126FH         LINE#         118
  C:1272H         LINE#         119
  C:127AH         LINE#         120
  C:127EH         LINE#         121
  C:127EH         LINE#         122
  C:1286H         LINE#         123
  C:1286H         LINE#         124
  C:1289H         LINE#         125
  C:1291H         LINE#         126
  C:1293H         LINE#         127
  C:12A7H         LINE#         128
  C:12A7H         LINE#         129
  C:12A7H         LINE#         130
  C:12A7H         LINE#         131
  C:12ADH         LINE#         133
  C:12AFH         LINE#         134
  C:12AFH         LINE#         135
  C:12AFH         LINE#         136
  C:12B5H         LINE#         138
  C:12B7H         LINE#         139
BL51 BANKED LINKER/LOCATER V6.22                                                      08/14/2018  16:10:57  PAGE 22


  C:12B7H         LINE#         140
  C:12B7H         LINE#         141
  C:12BDH         LINE#         143
  C:12BFH         LINE#         144
  C:12BFH         LINE#         145
  C:12BFH         LINE#         146
  C:12C5H         LINE#         148
  C:12C5H         LINE#         149
  C:12C5H         LINE#         150
  C:12C5H         LINE#         154
  C:12C8H         LINE#         155
  C:12CBH         LINE#         156
  C:12D3H         LINE#         157
  C:12D7H         LINE#         158
  C:12D7H         LINE#         159
  C:12DFH         LINE#         160
  C:12DFH         LINE#         161
  C:12E2H         LINE#         162
  C:12EAH         LINE#         163
  C:12ECH         LINE#         164
  C:1300H         LINE#         165
  C:1300H         LINE#         166
  C:1300H         LINE#         167
  C:1300H         LINE#         168
  C:1306H         LINE#         170
  C:1308H         LINE#         171
  C:1308H         LINE#         172
  C:1308H         LINE#         173
  C:130EH         LINE#         175
  C:1310H         LINE#         176
  C:1310H         LINE#         177
  C:1310H         LINE#         178
  C:1316H         LINE#         180
  C:1318H         LINE#         181
  C:1318H         LINE#         182
  C:1318H         LINE#         183
  C:131EH         LINE#         185
  C:131EH         LINE#         186
  C:131EH         LINE#         187
  C:131EH         LINE#         189
  C:1324H         LINE#         190
  C:1324H         LINE#         192
  C:1324H         LINE#         193
  C:1327H         LINE#         194
  C:1327H         LINE#         195
  C:1327H         LINE#         197
  C:1327H         LINE#         198
  C:1329H         LINE#         199
  C:1329H         LINE#         200
  -------         ENDPROC       KEY_SCAN
  -------         PROC          KEY_PROCESS
  -------         DO            
  X:00E2H         SYMBOL        KeyCount
  X:00E4H         SYMBOL        KeyNum_Old
  X:00E5H         SYMBOL        KeyNum
  X:00E6H         SYMBOL        PressedKey
  X:0098H         SYMBOL        d
BL51 BANKED LINKER/LOCATER V6.22                                                      08/14/2018  16:10:57  PAGE 23


  D:0004H         SYMBOL        hours
  D:0006H         SYMBOL        mins
  X:009AH         SYMBOL        months
  X:009CH         SYMBOL        days
  -------         ENDDO         
  C:0930H         LINE#         201
  C:0930H         LINE#         202
  C:0930H         LINE#         206
  C:0938H         LINE#         207
  C:0940H         LINE#         209
  C:094DH         LINE#         210
  C:094DH         LINE#         211
  C:0950H         LINE#         212
  C:0953H         LINE#         214
  C:0956H         LINE#         216
  C:0956H         LINE#         217
  C:0961H         LINE#         218
  C:0961H         LINE#         219
  C:0964H         LINE#         221
  C:0964H         LINE#         222
  C:096BH         LINE#         223
  C:096BH         LINE#         224
  C:096EH         LINE#         226
  C:096EH         LINE#         227
  C:0975H         LINE#         228
  C:0975H         LINE#         229
  C:0978H         LINE#         231
  C:0978H         LINE#         232
  C:097FH         LINE#         233
  C:097FH         LINE#         234
  C:0982H         LINE#         236
  C:0982H         LINE#         238
  C:0986H         LINE#         239
  C:0986H         LINE#         240
  C:0989H         LINE#         242
  C:0989H         LINE#         244
  C:0999H         LINE#         245
  C:0999H         LINE#         246
  C:09ABH         LINE#         247
  C:09B9H         LINE#         248
  C:09C8H         LINE#         249
  C:09C8H         LINE#         251
  C:09CEH         LINE#         255
  C:09E4H         LINE#         256
  C:09F5H         LINE#         257
  C:0A10H         LINE#         258
  C:0A10H         LINE#         259
  C:0A20H         LINE#         260
  C:0A31H         LINE#         261
  C:0A31H         LINE#         265
  C:0A4AH         LINE#         266
  C:0A61H         LINE#         267
  C:0A81H         LINE#         268
  C:0A81H         LINE#         269
  C:0A8BH         LINE#         270
  C:0A8BH         LINE#         271
  C:0A94H         LINE#         272
BL51 BANKED LINKER/LOCATER V6.22                                                      08/14/2018  16:10:57  PAGE 24


  C:0A94H         LINE#         273
  C:0AA8H         LINE#         274
  C:0AA8H         LINE#         275
  C:0AA8H         LINE#         276
  C:0AA8H         LINE#         277
  C:0AA8H         LINE#         278
  C:0AAAH         LINE#         280
  C:0AAAH         LINE#         281
  C:0AB6H         LINE#         282
  C:0AB6H         LINE#         283
  C:0AC7H         LINE#         284
  C:0AC7H         LINE#         285
  C:0AC7H         LINE#         286
  C:0AC7H         LINE#         287
  C:0AC7H         LINE#         289
  C:0AC9H         LINE#         291
  C:0AC9H         LINE#         292
  C:0ADAH         LINE#         293
  C:0ADAH         LINE#         294
  C:0ADAH         LINE#         295
  C:0ADAH         LINE#         296
  C:0ADAH         LINE#         298
  C:0ADAH         LINE#         300
  C:0ADAH         LINE#         301
  C:0ADCH         LINE#         303
  C:0ADCH         LINE#         304
  C:0AEFH         LINE#         305
  C:0AEFH         LINE#         306
  C:0B00H         LINE#         307
  C:0B00H         LINE#         308
  C:0B00H         LINE#         309
  C:0B00H         LINE#         310
  C:0B00H         LINE#         311
  C:0B02H         LINE#         313
  C:0B02H         LINE#         314
  C:0B13H         LINE#         315
  C:0B13H         LINE#         316
  C:0B24H         LINE#         317
  C:0B35H         LINE#         318
  C:0B35H         LINE#         319
  C:0B35H         LINE#         320
  C:0B35H         LINE#         321
  C:0B35H         LINE#         322
  C:0B38H         LINE#         323
  C:0B3DH         LINE#         324
  C:0B42H         LINE#         325
  C:0B47H         LINE#         326
  C:0B4CH         LINE#         327
  C:0B51H         LINE#         328
  C:0B56H         LINE#         329
  C:0B5BH         LINE#         330
  C:0B5BH         LINE#         332
  C:0B7DH         LINE#         333
  C:0B7DH         LINE#         334
  C:0B87H         LINE#         335
  C:0B87H         LINE#         336
  C:0B8CH         LINE#         337
BL51 BANKED LINKER/LOCATER V6.22                                                      08/14/2018  16:10:57  PAGE 25


  C:0B95H         LINE#         338
  C:0BACH         LINE#         339
  C:0BACH         LINE#         340
  C:0BBCH         LINE#         342
  C:0BBCH         LINE#         346
  -------         ENDPROC       KEY_PROCESS
  -------         PROC          KEYPAD_IO_INIT
  C:0003H         LINE#         349
  C:0003H         LINE#         350
  C:0003H         LINE#         351
  C:0006H         LINE#         352
  C:0009H         LINE#         353
  -------         ENDPROC       KEYPAD_IO_INIT
  -------         ENDMOD        KEYPAD

  -------         MODULE        VCNL4035
  C:0000H         SYMBOL        _ICE_DUMMY_
  D:0080H         PUBLIC        P0
  B:00B0H.2       PUBLIC        I2C_SCK
  D:00B2H         PUBLIC        P3M0
  D:0090H         PUBLIC        P1
  D:00B1H         PUBLIC        P3M1
  D:00A0H         PUBLIC        P2
  D:00B0H         PUBLIC        P3
  D:00C0H         PUBLIC        P4
  D:00C8H         PUBLIC        P5
  D:00E8H         PUBLIC        P6
  D:00F8H         PUBLIC        P7
  D:00A8H         PUBLIC        IE
  C:1FF1H         PUBLIC        _DisplayLCD_VCNL4035
  D:00B8H         PUBLIC        IP
  D:00D8H         PUBLIC        CCON
  C:1F4BH         PUBLIC        I2C_Start
  D:0098H         PUBLIC        SCON
  C:1EF7H         PUBLIC        I2C_Init
  D:0088H         PUBLIC        TCON
  C:1F91H         PUBLIC        uC_NACK
  C:1D8CH         PUBLIC        _Wait_ms_i2c
  C:1DF2H         PUBLIC        _I2C_SendByte
  C:1F0EH         PUBLIC        I2C_Stop
  C:1C63H         PUBLIC        _Write_VCNL4035X
  C:2002H         PUBLIC        nop
  C:17F4H         PUBLIC        _Read_VCNL4035
  C:1FEBH         PUBLIC        uC_ACK
  C:1EB2H         PUBLIC        I2C_ACK
  C:1E72H         PUBLIC        _Wait_ms_iic
  B:00B0H.1       PUBLIC        I2C_SDA
  D:00D0H         PUBLIC        PSW
  C:1D59H         PUBLIC        I2C_ReceiveByte
  -------         PROC          _WAIT_MS_IIC
  D:0006H         SYMBOL        ms
  -------         DO            
  D:0004H         SYMBOL        De_Cnt
  -------         ENDDO         
  C:1E72H         LINE#         5
  C:1E72H         LINE#         6
  C:1E72H         LINE#         8
BL51 BANKED LINKER/LOCATER V6.22                                                      08/14/2018  16:10:57  PAGE 26


  C:1E7CH         LINE#         9
  C:1E7CH         LINE#         10
  C:1E8FH         LINE#         11
  C:1E8FH         LINE#         12
  -------         ENDPROC       _WAIT_MS_IIC
  C:1D86H         SYMBOL        L?0048
  C:1D88H         SYMBOL        L?0049
  -------         PROC          L?0047
  -------         ENDPROC       L?0047
  C:1D86H         SYMBOL        L?0048
  C:1D88H         SYMBOL        L?0049
  -------         PROC          _WAIT_MS_I2C
  D:0006H         SYMBOL        ms
  -------         DO            
  D:0004H         SYMBOL        De_Cnt
  -------         ENDDO         
  C:1D8CH         LINE#         14
  C:1D8CH         LINE#         15
  C:1D8CH         LINE#         17
  C:1D96H         LINE#         18
  C:1D96H         LINE#         19
  C:1DA9H         LINE#         20
  C:1DA9H         LINE#         21
  -------         ENDPROC       _WAIT_MS_I2C
  -------         PROC          NOP
  C:2002H         LINE#         22
  C:2002H         LINE#         23
  C:2002H         LINE#         25
  -------         ENDPROC       NOP
  -------         PROC          I2C_START
  C:1F4BH         LINE#         26
  C:1F4BH         LINE#         27
  C:1F4BH         LINE#         29
  C:1F4DH         LINE#         30
  C:1F4FH         LINE#         31
  C:1F56H         LINE#         32
  C:1F58H         LINE#         33
  C:1F5BH         LINE#         34
  C:1F5DH         LINE#         37
  -------         ENDPROC       I2C_START
  -------         PROC          I2C_STOP
  C:1F0EH         LINE#         39
  C:1F0EH         LINE#         40
  C:1F0EH         LINE#         41
  C:1F10H         LINE#         42
  C:1F12H         LINE#         43
  C:1F15H         LINE#         44
  C:1F17H         LINE#         45
  C:1F19H         LINE#         46
  C:1F20H         LINE#         47
  C:1F22H         LINE#         50
  -------         ENDPROC       I2C_STOP
  -------         PROC          L?0050
  -------         ENDPROC       L?0050
  -------         PROC          I2C_ACK
  -------         DO            
  X:009BH         SYMBOL        i
BL51 BANKED LINKER/LOCATER V6.22                                                      08/14/2018  16:10:57  PAGE 27


  D:0003H         SYMBOL        dat
  -------         ENDDO         
  C:1EB2H         LINE#         52
  C:1EB2H         LINE#         53
  C:1EB2H         LINE#         55
  C:1EB3H         LINE#         60
  C:1EB6H         LINE#         61
  C:1EB8H         LINE#         62
  C:1EBBH         LINE#         64
  C:1EBEH         LINE#         65
  C:1EBEH         LINE#         66
  C:1EC2H         LINE#         67
  C:1EC2H         LINE#         70
  C:1EC2H         LINE#         71
  C:1EC5H         LINE#         72
  C:1EC5H         LINE#         73
  C:1EC7H         LINE#         74
  -------         ENDPROC       I2C_ACK
  -------         PROC          UC_ACK
  -------         DO            
  X:00FAH         SYMBOL        i
  -------         ENDDO         
  C:1FEBH         LINE#         75
  C:1FEBH         LINE#         76
  C:1FEBH         LINE#         78
  C:1FEBH         LINE#         85
  C:1FEBH         LINE#         87
  C:1FEBH         LINE#         89
  C:1FEBH         LINE#         90
  C:1FEBH         LINE#         93
  C:1FEEH         LINE#         94
  C:1FF0H         LINE#         95
  C:1FF0H         LINE#         99
  -------         ENDPROC       UC_ACK
  -------         PROC          UC_NACK
  -------         DO            
  X:00FBH         SYMBOL        i
  -------         ENDDO         
  C:1F91H         LINE#         101
  C:1F91H         LINE#         102
  C:1F91H         LINE#         104
  C:1F91H         LINE#         108
  C:1F93H         LINE#         111
  C:1F93H         LINE#         112
  C:1F95H         LINE#         113
  C:1F95H         LINE#         115
  C:1F95H         LINE#         116
  C:1F95H         LINE#         119
  C:1F98H         LINE#         120
  C:1F9AH         LINE#         121
  C:1F9DH         LINE#         122
  C:1F9FH         LINE#         123
  C:1F9FH         LINE#         127
  -------         ENDPROC       UC_NACK
  -------         PROC          I2C_INIT
  C:1EF7H         LINE#         129
  C:1EF7H         LINE#         130
BL51 BANKED LINKER/LOCATER V6.22                                                      08/14/2018  16:10:57  PAGE 28


  C:1EF7H         LINE#         133
  C:1EFAH         LINE#         134
  C:1EFDH         LINE#         139
  C:1F05H         LINE#         141
  -------         ENDPROC       I2C_INIT
  -------         PROC          _I2C_SENDBYTE
  D:0001H         SYMBOL        dat
  -------         DO            
  D:0003H         SYMBOL        i
  -------         ENDDO         
  C:1DF2H         LINE#         145
  C:1DF4H         LINE#         146
  C:1DF4H         LINE#         149
  C:1DF6H         LINE#         150
  C:1DF6H         LINE#         151
  C:1DF8H         LINE#         153
  C:1DFCH         LINE#         154
  C:1DFCH         LINE#         155
  C:1DFEH         LINE#         156
  C:1E00H         LINE#         158
  C:1E00H         LINE#         159
  C:1E02H         LINE#         160
  C:1E02H         LINE#         161
  C:1E05H         LINE#         162
  C:1E07H         LINE#         164
  C:1E0BH         LINE#         165
  C:1E0EH         LINE#         166
  C:1E13H         LINE#         167
  -------         ENDPROC       _I2C_SENDBYTE
  -------         PROC          L?0051
  -------         ENDPROC       L?0051
  -------         PROC          I2C_RECEIVEBYTE
  -------         DO            
  D:0003H         SYMBOL        i
  D:0001H         SYMBOL        dat
  -------         ENDDO         
  C:1D59H         LINE#         171
  C:1D59H         LINE#         172
  C:1D59H         LINE#         174
  C:1D5BH         LINE#         178
  C:1D5CH         LINE#         179
  C:1D5CH         LINE#         180
  C:1D60H         LINE#         181
  C:1D62H         LINE#         182
  C:1D65H         LINE#         184
  C:1D68H         LINE#         185
  C:1D68H         LINE#         186
  C:1D6CH         LINE#         187
  C:1D6CH         LINE#         188
  C:1D6CH         LINE#         189
  C:1D6FH         LINE#         190
  C:1D73H         LINE#         191
  C:1D73H         LINE#         192
  C:1D75H         LINE#         193
  C:1D77H         LINE#         194
  C:1D77H         LINE#         196
  C:1D7CH         LINE#         197
BL51 BANKED LINKER/LOCATER V6.22                                                      08/14/2018  16:10:57  PAGE 29


  C:1D7EH         LINE#         198
  -------         ENDPROC       I2C_RECEIVEBYTE
  -------         PROC          _WRITE_VCNL4035X
  X:0098H         SYMBOL        command_code
  X:0099H         SYMBOL        dat_h
  X:009AH         SYMBOL        dat_l
  C:1C63H         LINE#         199
  C:1C6EH         LINE#         200
  C:1C6EH         LINE#         201
  C:1C71H         LINE#         202
  C:1C78H         LINE#         203
  C:1C78H         LINE#         204
  C:1C7EH         LINE#         205
  C:1C7EH         LINE#         206
  C:1C86H         LINE#         207
  C:1C86H         LINE#         208
  C:1C8CH         LINE#         209
  C:1C94H         LINE#         211
  C:1C9AH         LINE#         212
  C:1CA2H         LINE#         214
  C:1CA8H         LINE#         215
  C:1CABH         LINE#         216
  -------         ENDPROC       _WRITE_VCNL4035X
  -------         PROC          _READ_VCNL4035
  X:00EBH         SYMBOL        command_code
  -------         DO            
  X:00EDH         SYMBOL        temp_dat
  X:00EFH         SYMBOL        temp_dat_l
  X:00F1H         SYMBOL        temp_dat_h
  -------         ENDDO         
  C:17F4H         LINE#         218
  C:17FCH         LINE#         219
  C:17FCH         LINE#         220
  C:1809H         LINE#         222
  C:180CH         LINE#         223
  C:180FH         LINE#         224
  C:1814H         LINE#         226
  C:181AH         LINE#         227
  C:181AH         LINE#         228
  C:181AH         LINE#         229
  C:181AH         LINE#         230
  C:1825H         LINE#         231
  C:1828H         LINE#         232
  C:182BH         LINE#         233
  C:182BH         LINE#         236
  C:182EH         LINE#         238
  C:1835H         LINE#         239
  C:1835H         LINE#         240
  C:1835H         LINE#         241
  C:1840H         LINE#         242
  C:1843H         LINE#         243
  C:1846H         LINE#         244
  C:1849H         LINE#         245
  C:184CH         LINE#         246
  C:184FH         LINE#         247
  C:1852H         LINE#         248
  C:1855H         LINE#         249
BL51 BANKED LINKER/LOCATER V6.22                                                      08/14/2018  16:10:57  PAGE 30


  C:1858H         LINE#         250
  C:1858H         LINE#         251
  C:185EH         LINE#         252
  C:185EH         LINE#         253
  C:1867H         LINE#         255
  C:1867H         LINE#         256
  C:186DH         LINE#         257
  C:186DH         LINE#         259
  C:186FH         LINE#         260
  C:1875H         LINE#         261
  C:1878H         LINE#         262
  C:187FH         LINE#         263
  C:187FH         LINE#         264
  C:188DH         LINE#         265
  -------         ENDPROC       _READ_VCNL4035
  -------         PROC          _DISPLAYLCD_VCNL4035
  X:00FCH         SYMBOL        dat
  C:1FF1H         LINE#         267
  C:1FF6H         LINE#         268
  C:1FF6H         LINE#         270
  -------         ENDPROC       _DISPLAYLCD_VCNL4035
  -------         ENDMOD        VCNL4035

  -------         MODULE        BIPOLARMOTOR
  C:0000H         SYMBOL        _ICE_DUMMY_
  D:0080H         PUBLIC        P0
  D:0090H         PUBLIC        P1
  D:00A0H         PUBLIC        P2
  D:00B0H         PUBLIC        P3
  D:00C0H         PUBLIC        P4
  D:00C8H         PUBLIC        P5
  D:00E8H         PUBLIC        P6
  D:00F8H         PUBLIC        P7
  D:00A8H         PUBLIC        IE
  X:0000H         PUBLIC        receiver_pos
  X:0044H         PUBLIC        Time_stamp_PM
  C:1CECH         PUBLIC        _Move
  D:00B8H         PUBLIC        IP
  X:0077H         PUBLIC        num_of_time_stamp
  D:00D8H         PUBLIC        CCON
  C:0DECH         PUBLIC        _trend_line_30_31
  D:0098H         PUBLIC        SCON
  D:0088H         PUBLIC        TCON
  C:1C0AH         PUBLIC        _Step_move
  C:0BBDH         PUBLIC        _Update_position
  C:1DE1H         PUBLIC        _BCDtoDec1
  X:0078H         PUBLIC        degree
  D:00D0H         PUBLIC        PSW
  -------         PROC          L?0024
  -------         ENDPROC       L?0024
  -------         PROC          _BCDTODEC1
  D:0007H         SYMBOL        bcd
  -------         DO            
  D:0006H         SYMBOL        hi
  D:0007H         SYMBOL        lo
  -------         ENDDO         
  C:1DE1H         LINE#         12
BL51 BANKED LINKER/LOCATER V6.22                                                      08/14/2018  16:10:57  PAGE 31


  C:1DE1H         LINE#         13
  C:1DE1H         LINE#         15
  C:1DE6H         LINE#         16
  C:1DEAH         LINE#         17
  C:1DF1H         LINE#         18
  -------         ENDPROC       _BCDTODEC1
  -------         PROC          _STEP_MOVE
  X:00B4H         SYMBOL        step
  B:0020H.5       SYMBOL        dir
  -------         DO            
  X:00B6H         SYMBOL        i
  -------         ENDDO         
  C:1C0AH         LINE#         24
  C:1C12H         LINE#         25
  C:1C12H         LINE#         26
  C:1C17H         LINE#         27
  C:1C1AH         LINE#         28
  C:1C1FH         LINE#         30
  C:1C22H         LINE#         32
  C:1C3EH         LINE#         33
  C:1C3EH         LINE#         34
  C:1C41H         LINE#         35
  C:1C48H         LINE#         36
  C:1C4BH         LINE#         37
  C:1C52H         LINE#         38
  C:1C62H         LINE#         39
  -------         ENDPROC       _STEP_MOVE
  -------         PROC          _MOVE
  X:00B0H         SYMBOL        distance
  B:0020H.4       SYMBOL        direction
  -------         DO            
  D:0006H         SYMBOL        step
  -------         ENDDO         
  C:1CECH         LINE#         41
  C:1CF2H         LINE#         42
  C:1CF2H         LINE#         44
  C:1D19H         LINE#         45
  -------         ENDPROC       _MOVE
  -------         PROC          _UPDATE_POSITION
  X:0098H         SYMBOL        mnths
  X:0099H         SYMBOL        dys
  X:009AH         SYMBOL        hurs
  X:009BH         SYMBOL        mns
  X:009CH         SYMBOL        sconds
  X:009DH         SYMBOL        currnt_pos
  -------         DO            
  X:00A0H         SYMBOL        date
  X:00A2H         SYMBOL        i
  X:00A4H         SYMBOL        desired_distance
  X:00A8H         SYMBOL        distance
  X:00ACH         SYMBOL        h_float
  D:0004H         SYMBOL        m_float
  -------         ENDDO         
  C:0BBDH         LINE#         51
  C:0BC8H         LINE#         52
  C:0BC8H         LINE#         54
  C:0BD2H         LINE#         59
BL51 BANKED LINKER/LOCATER V6.22                                                      08/14/2018  16:10:57  PAGE 32


  C:0BE6H         LINE#         60
  C:0BF9H         LINE#         62
  C:0C18H         LINE#         63
  C:0C18H         LINE#         64
  C:0CEDH         LINE#         65
  C:0CEDH         LINE#         67
  C:0CEDH         LINE#         70
  C:0CF9H         LINE#         71
  C:0CF9H         LINE#         72
  C:0D0DH         LINE#         73
  C:0D1BH         LINE#         75
  C:0D3FH         LINE#         76
  C:0D3FH         LINE#         77
  C:0D3FH         LINE#         78
  C:0D64H         LINE#         79
  C:0D80H         LINE#         80
  C:0D9AH         LINE#         81
  C:0D9AH         LINE#         82
  C:0DAAH         LINE#         83
  C:0DACH         LINE#         84
  C:0DC4H         LINE#         85
  C:0DC4H         LINE#         86
  C:0DDAH         LINE#         87
  C:0DDAH         LINE#         89
  C:0DDAH         LINE#         90
  C:0DDAH         LINE#         92
  C:0DDAH         LINE#         94
  C:0DDAH         LINE#         96
  C:0DEBH         LINE#         97
  -------         ENDPROC       _UPDATE_POSITION
  -------         PROC          _TREND_LINE_30_31
  X:00B0H         SYMBOL        time
  -------         DO            
  X:00B4H         SYMBOL        offset
  -------         ENDDO         
  C:0DECH         LINE#         99
  C:0DF2H         LINE#         100
  C:0DF2H         LINE#         102
  C:0F49H         LINE#         103
  C:0FE0H         LINE#         106
  -------         ENDPROC       _TREND_LINE_30_31
  -------         ENDMOD        BIPOLARMOTOR

  -------         MODULE        ?C_STARTUP
  C:19BDH         SEGMENT       ?C_C51STARTUP
  I:0021H         SEGMENT       ?STACK
  C:0000H         PUBLIC        ?C_STARTUP
  D:00E0H         SYMBOL        ACC
  D:00F0H         SYMBOL        B
  D:0083H         SYMBOL        DPH
  D:0082H         SYMBOL        DPL
  N:0000H         SYMBOL        IBPSTACK
  N:0100H         SYMBOL        IBPSTACKTOP
  N:0080H         SYMBOL        IDATALEN
  C:19C0H         SYMBOL        IDATALOOP
  N:0000H         SYMBOL        PBPSTACK
  N:0100H         SYMBOL        PBPSTACKTOP
BL51 BANKED LINKER/LOCATER V6.22                                                      08/14/2018  16:10:57  PAGE 33


  N:0000H         SYMBOL        PDATALEN
  N:0000H         SYMBOL        PDATASTART
  N:0000H         SYMBOL        PPAGE
  N:0000H         SYMBOL        PPAGEENABLE
  D:00A0H         SYMBOL        PPAGE_SFR
  D:0081H         SYMBOL        SP
  C:19BDH         SYMBOL        STARTUP1
  N:0000H         SYMBOL        XBPSTACK
  N:0000H         SYMBOL        XBPSTACKTOP
  N:0000H         SYMBOL        XDATALEN
  N:0000H         SYMBOL        XDATASTART
  C:0000H         LINE#         126
  C:19BDH         LINE#         133
  C:19BFH         LINE#         134
  C:19C0H         LINE#         135
  C:19C1H         LINE#         136
  C:19C3H         LINE#         185
  C:19C6H         LINE#         196
  -------         ENDMOD        ?C_STARTUP

  -------         MODULE        ?C?FPADD
  C:002DH         PUBLIC        ?C?FPADD
  C:0029H         PUBLIC        ?C?FPSUB
  -------         ENDMOD        ?C?FPADD

  -------         MODULE        ?C?FPMUL
  C:011EH         PUBLIC        ?C?FPMUL
  -------         ENDMOD        ?C?FPMUL

  -------         MODULE        ?C?FPDIV
  C:0227H         PUBLIC        ?C?FPDIV
  -------         ENDMOD        ?C?FPDIV

  -------         MODULE        ?C?FPCMP
  C:02C6H         PUBLIC        ?C?FPCMP
  C:02C4H         PUBLIC        ?C?FPCMP3
  -------         ENDMOD        ?C?FPCMP

  -------         MODULE        ?C?FPNEG
  C:033DH         PUBLIC        ?C?FPNEG
  -------         ENDMOD        ?C?FPNEG

  -------         MODULE        ?C?FCAST
  C:0358H         PUBLIC        ?C?FCASTC
  C:0353H         PUBLIC        ?C?FCASTI
  C:034EH         PUBLIC        ?C?FCASTL
  -------         ENDMOD        ?C?FCAST

  -------         MODULE        ?C?CASTF
  C:038CH         PUBLIC        ?C?CASTF
  -------         ENDMOD        ?C?CASTF

  -------         MODULE        POW
  X:00B8H         PUBLIC        ?_pow?BYTE
  C:132AH         PUBLIC        _pow
  -------         ENDMOD        POW

BL51 BANKED LINKER/LOCATER V6.22                                                      08/14/2018  16:10:57  PAGE 34


  -------         MODULE        ?C?CHKFLOAT
  C:040DH         PUBLIC        ?C?CHKFLOAT
  -------         ENDMOD        ?C?CHKFLOAT

  -------         MODULE        EXP
  C:18C6H         PUBLIC        _EXP
  -------         ENDMOD        EXP

  -------         MODULE        LOG
  C:14C4H         PUBLIC        _LOG
  C:14C0H         PUBLIC        _LOG10
  -------         ENDMOD        LOG

  -------         MODULE        ?C?CLDPTR
  C:0474H         PUBLIC        ?C?CLDPTR
  -------         ENDMOD        ?C?CLDPTR

  -------         MODULE        ?C?CSTPTR
  C:048DH         PUBLIC        ?C?CSTPTR
  -------         ENDMOD        ?C?CSTPTR

  -------         MODULE        ?C?IMUL
  C:049FH         PUBLIC        ?C?IMUL
  -------         ENDMOD        ?C?IMUL

  -------         MODULE        ?C?UIDIV
  C:04B1H         PUBLIC        ?C?UIDIV
  -------         ENDMOD        ?C?UIDIV

  -------         MODULE        ?C?SIDIV
  C:0506H         PUBLIC        ?C?SIDIV
  -------         ENDMOD        ?C?SIDIV

  -------         MODULE        ?C?ILDIX
  C:053CH         PUBLIC        ?C?ILDIX
  -------         ENDMOD        ?C?ILDIX

  -------         MODULE        ?C?LNEG
  C:0552H         PUBLIC        ?C?LNEG
  -------         ENDMOD        ?C?LNEG

  -------         MODULE        ?C?LLDPTR
  C:0560H         PUBLIC        ?C?LLDPTR
  -------         ENDMOD        ?C?LLDPTR

  -------         MODULE        ?C?LSTPTR
  C:0580H         PUBLIC        ?C?LSTPTR
  -------         ENDMOD        ?C?LSTPTR

  -------         MODULE        ?C?LLDCODE
  C:059AH         PUBLIC        ?C?LLDCODE
  -------         ENDMOD        ?C?LLDCODE

  -------         MODULE        ?C?LLDXDATA0
  C:05AAH         PUBLIC        ?C?LLDXDATA0
  -------         ENDMOD        ?C?LLDXDATA0

BL51 BANKED LINKER/LOCATER V6.22                                                      08/14/2018  16:10:57  PAGE 35


  -------         MODULE        ?C?LLDCODE0
  C:05B6H         PUBLIC        ?C?LLDCODE0
  -------         ENDMOD        ?C?LLDCODE0

  -------         MODULE        ?C?LLDPTR0
  C:05C6H         PUBLIC        ?C?LLDPTR0
  -------         ENDMOD        ?C?LLDPTR0

  -------         MODULE        ?C?LSTXDATA
  C:05E6H         PUBLIC        ?C?LSTXDATA
  -------         ENDMOD        ?C?LSTXDATA

  -------         MODULE        ?C?LSTKXDATA
  C:05F2H         PUBLIC        ?C?LSTKXDATA
  -------         ENDMOD        ?C?LSTKXDATA

  -------         MODULE        ?C?OFFXADD
  C:0623H         PUBLIC        ?C?OFFXADD
  -------         ENDMOD        ?C?OFFXADD

  -------         MODULE        ABS
  C:1FBCH         PUBLIC        _ABS
  -------         ENDMOD        ABS

  -------         MODULE        ATOI
  C:15B9H         PUBLIC        _atoi
  -------         ENDMOD        ATOI

  -------         MODULE        ?C?IILDX
  C:062FH         PUBLIC        ?C?IILDX
  -------         ENDMOD        ?C?IILDX

  -------         MODULE        ?C?LLDIDATA
  C:0645H         PUBLIC        ?C?LLDIDATA
  -------         ENDMOD        ?C?LLDIDATA

  -------         MODULE        ?C?LLDXDATA
  C:0651H         PUBLIC        ?C?LLDXDATA
  -------         ENDMOD        ?C?LLDXDATA

  -------         MODULE        ?C?LLDPDATA
  C:065DH         PUBLIC        ?C?LLDPDATA
  -------         ENDMOD        ?C?LLDPDATA

  -------         MODULE        ?C?LLDIDATA0
  C:0669H         PUBLIC        ?C?LLDIDATA0
  -------         ENDMOD        ?C?LLDIDATA0

  -------         MODULE        ?C?LLDPDATA0
  C:0676H         PUBLIC        ?C?LLDPDATA0
  -------         ENDMOD        ?C?LLDPDATA0

  -------         MODULE        ?C?LSTIDATA
  C:0683H         PUBLIC        ?C?LSTIDATA
  -------         ENDMOD        ?C?LSTIDATA

  -------         MODULE        ?C?LSTPDATA
BL51 BANKED LINKER/LOCATER V6.22                                                      08/14/2018  16:10:57  PAGE 36


  C:068FH         PUBLIC        ?C?LSTPDATA
  -------         ENDMOD        ?C?LSTPDATA

  -------         MODULE        ISDIGIT
  C:1FA0H         PUBLIC        _isdigit
  -------         ENDMOD        ISDIGIT

  -------         MODULE        ISSPACE
  C:1F37H         PUBLIC        _isspace
  -------         ENDMOD        ISSPACE

*** WARNING L16: UNCALLED SEGMENT, IGNORED FOR OVERLAY PROCESS
    SEGMENT: ?PR?_DISPLAY_PROX?MAIN

*** WARNING L16: UNCALLED SEGMENT, IGNORED FOR OVERLAY PROCESS
    SEGMENT: ?PR?_SENDSTRING?UART1

*** WARNING L16: UNCALLED SEGMENT, IGNORED FOR OVERLAY PROCESS
    SEGMENT: ?PR?_TEN?UART1

*** WARNING L16: UNCALLED SEGMENT, IGNORED FOR OVERLAY PROCESS
    SEGMENT: ?PR?_UNIT?UART1

*** WARNING L16: UNCALLED SEGMENT, IGNORED FOR OVERLAY PROCESS
    SEGMENT: ?PR?_DECTOBCD?UART1

*** WARNING L16: UNCALLED SEGMENT, IGNORED FOR OVERLAY PROCESS
    SEGMENT: ?PR?_ASCII_LETTER?UART1

*** WARNING L16: UNCALLED SEGMENT, IGNORED FOR OVERLAY PROCESS
    SEGMENT: ?PR?NOP?VCNL4035

*** WARNING L16: UNCALLED SEGMENT, IGNORED FOR OVERLAY PROCESS
    SEGMENT: ?PR?_READ_VCNL4035?VCNL4035

*** WARNING L16: UNCALLED SEGMENT, IGNORED FOR OVERLAY PROCESS
    SEGMENT: ?PR?_DISPLAYLCD_VCNL4035?VCNL4035

*** WARNING L1: UNRESOLVED EXTERNAL SYMBOL
    SYMBOL:  AUTO_MODE
    MODULE:  .\Obj\main.obj (MAIN)

*** WARNING L2: REFERENCE MADE TO UNRESOLVED EXTERNAL
    SYMBOL:  AUTO_MODE
    MODULE:  .\Obj\main.obj (MAIN)
    ADDRESS: 06B7H

*** WARNING L2: REFERENCE MADE TO UNRESOLVED EXTERNAL
    SYMBOL:  AUTO_MODE
    MODULE:  .\Obj\main.obj (MAIN)
    ADDRESS: 0787H

*** WARNING L2: REFERENCE MADE TO UNRESOLVED EXTERNAL
    SYMBOL:  AUTO_MODE
    MODULE:  .\Obj\main.obj (MAIN)
    ADDRESS: 0796H

BL51 BANKED LINKER/LOCATER V6.22                                                      08/14/2018  16:10:57  PAGE 37


*** WARNING L2: REFERENCE MADE TO UNRESOLVED EXTERNAL
    SYMBOL:  AUTO_MODE
    MODULE:  .\Obj\main.obj (MAIN)
    ADDRESS: 07D2H

*** WARNING L2: REFERENCE MADE TO UNRESOLVED EXTERNAL
    SYMBOL:  AUTO_MODE
    MODULE:  .\Obj\main.obj (MAIN)
    ADDRESS: 082FH

*** WARNING L2: REFERENCE MADE TO UNRESOLVED EXTERNAL
    SYMBOL:  AUTO_MODE
    MODULE:  .\Obj\main.obj (MAIN)
    ADDRESS: 08A6H

*** WARNING L1: UNRESOLVED EXTERNAL SYMBOL
    SYMBOL:  AUTO_MODE
    MODULE:  .\Obj\KeyPad.obj (KEYPAD)

*** WARNING L2: REFERENCE MADE TO UNRESOLVED EXTERNAL
    SYMBOL:  AUTO_MODE
    MODULE:  .\Obj\KeyPad.obj (KEYPAD)
    ADDRESS: 0973H

*** WARNING L2: REFERENCE MADE TO UNRESOLVED EXTERNAL
    SYMBOL:  AUTO_MODE
    MODULE:  .\Obj\KeyPad.obj (KEYPAD)
    ADDRESS: 0976H

*** WARNING L2: REFERENCE MADE TO UNRESOLVED EXTERNAL
    SYMBOL:  AUTO_MODE
    MODULE:  .\Obj\KeyPad.obj (KEYPAD)
    ADDRESS: 097DH

*** WARNING L2: REFERENCE MADE TO UNRESOLVED EXTERNAL
    SYMBOL:  AUTO_MODE
    MODULE:  .\Obj\KeyPad.obj (KEYPAD)
    ADDRESS: 0980H

Program Size: data=17.7 xdata=253 code=8195
LINK/LOCATE RUN COMPLETE.  21 WARNING(S),  0 ERROR(S)
