BL51 BANKED LINKER/LOCATER V6.22                                                        08/20/2019  12:02:48  PAGE 1


BL51 BANKED LINKER/LOCATER V6.22, INVOKED BY:
C:\KEIL_V5\C51\BIN\BL51.EXE .\Obj\main.obj, .\Obj\PCF85063BTL.obj, .\Obj\LCd_Driver_SPLC780D.obj, .\Obj\KeyPad.obj, .\Ob
>> j\BipolarMotor.obj, .\Obj\SunPos.obj, .\Obj\ADC.obj, .\Obj\Calibration.obj, .\Obj\IOExpander_PI4IOE5V96248.obj, .\Obj
>> \AT25SF041.obj, .\Obj\SI1120.obj, .\Obj\UART1.obj, .\Obj\STARTUP.obj TO .\Obj\GPIO_RTC_Test RTX51TINY PRINT (.\Lis\GP
>> IO_RTC_Test.m51) RAMSIZE (256)


MEMORY MODEL: LARGE WITH FLOATING POINT ARITHMETIC


INPUT MODULES INCLUDED:
  .\Obj\main.obj (MAIN)
  .\Obj\PCF85063BTL.obj (PCF85063BTL)
  .\Obj\LCd_Driver_SPLC780D.obj (LCD_DRIVER_SPLC780D)
  .\Obj\KeyPad.obj (KEYPAD)
  .\Obj\BipolarMotor.obj (BIPOLARMOTOR)
  .\Obj\SunPos.obj (SUNPOS)
  .\Obj\ADC.obj (ADC)
  .\Obj\Calibration.obj (CALIBRATION)
  .\Obj\IOExpander_PI4IOE5V96248.obj (IOEXPANDER_PI4IOE5V96248)
  .\Obj\AT25SF041.obj (AT25SF041)
  .\Obj\SI1120.obj (SI1120)
  .\Obj\UART1.obj (UART1)
  .\Obj\STARTUP.obj (?C_STARTUP)
  C:\KEIL_V5\C51\LIB\C51FPL.LIB (?C?FPADD)
  C:\KEIL_V5\C51\LIB\C51FPL.LIB (?C?FPMUL)
  C:\KEIL_V5\C51\LIB\C51FPL.LIB (?C?FPDIV)
  C:\KEIL_V5\C51\LIB\C51FPL.LIB (?C?FPCMP)
  C:\KEIL_V5\C51\LIB\C51FPL.LIB (?C?FPNEG)
  C:\KEIL_V5\C51\LIB\C51FPL.LIB (?C?FCAST)
  C:\KEIL_V5\C51\LIB\C51FPL.LIB (?C?CASTF)
  C:\KEIL_V5\C51\LIB\C51FPL.LIB (PRINTF)
  C:\KEIL_V5\C51\LIB\C51FPL.LIB (FABS)
  C:\KEIL_V5\C51\LIB\C51FPL.LIB (ATAN2)
  C:\KEIL_V5\C51\LIB\C51FPL.LIB (SIN)
  C:\KEIL_V5\C51\LIB\C51FPL.LIB (ACOS)
  C:\KEIL_V5\C51\LIB\C51FPL.LIB (ASIN)
  C:\KEIL_V5\C51\LIB\C51FPL.LIB (POW)
  C:\KEIL_V5\C51\LIB\C51FPL.LIB (?C?FPGETOPN)
  C:\KEIL_V5\C51\LIB\C51FPL.LIB (?C?CHKFLOAT)
  C:\KEIL_V5\C51\LIB\C51FPL.LIB (?C?FPROUND)
  C:\KEIL_V5\C51\LIB\C51FPL.LIB (?C?FPCONVERT)
  C:\KEIL_V5\C51\LIB\C51FPL.LIB (?C?FPSERIES)
  C:\KEIL_V5\C51\LIB\C51FPL.LIB (EXP)
  C:\KEIL_V5\C51\LIB\C51FPL.LIB (LOG)
  C:\KEIL_V5\C51\LIB\C51FPL.LIB (SQRT)
  C:\KEIL_V5\C51\LIB\C51FPL.LIB (ATAN)
  C:\KEIL_V5\C51\LIB\C51FPL.LIB (?C?FTNPWR)
  C:\KEIL_V5\C51\LIB\C51L.LIB (?C_INIT)
  C:\KEIL_V5\C51\LIB\C51L.LIB (?C?COPY)
  C:\KEIL_V5\C51\LIB\C51L.LIB (?C?CLDPTR)
  C:\KEIL_V5\C51\LIB\C51L.LIB (?C?CLDOPTR)
  C:\KEIL_V5\C51\LIB\C51L.LIB (?C?CSTPTR)
  C:\KEIL_V5\C51\LIB\C51L.LIB (?C?IMUL)
  C:\KEIL_V5\C51\LIB\C51L.LIB (?C?UIDIV)
  C:\KEIL_V5\C51\LIB\C51L.LIB (?C?SIDIV)
  C:\KEIL_V5\C51\LIB\C51L.LIB (?C?ILDIX)
  C:\KEIL_V5\C51\LIB\C51L.LIB (?C?ILDOPTR)
BL51 BANKED LINKER/LOCATER V6.22                                                      08/20/2019  12:02:48  PAGE 2


  C:\KEIL_V5\C51\LIB\C51L.LIB (?C?ISTPTR)
  C:\KEIL_V5\C51\LIB\C51L.LIB (?C?LMUL)
  C:\KEIL_V5\C51\LIB\C51L.LIB (?C?SLDIV)
  C:\KEIL_V5\C51\LIB\C51L.LIB (?C?LNEG)
  C:\KEIL_V5\C51\LIB\C51L.LIB (?C?ULCMP)
  C:\KEIL_V5\C51\LIB\C51L.LIB (?C?LSHL)
  C:\KEIL_V5\C51\LIB\C51L.LIB (?C?LLDPTR)
  C:\KEIL_V5\C51\LIB\C51L.LIB (?C?LLDOPTR)
  C:\KEIL_V5\C51\LIB\C51L.LIB (?C?LSTPTR)
  C:\KEIL_V5\C51\LIB\C51L.LIB (?C?LSTOPTR)
  C:\KEIL_V5\C51\LIB\C51L.LIB (?C?LLDXDATA)
  C:\KEIL_V5\C51\LIB\C51L.LIB (?C?LLDCODE)
  C:\KEIL_V5\C51\LIB\C51L.LIB (?C?LLDXDATA0)
  C:\KEIL_V5\C51\LIB\C51L.LIB (?C?LLDCODE0)
  C:\KEIL_V5\C51\LIB\C51L.LIB (?C?LLDPTR0)
  C:\KEIL_V5\C51\LIB\C51L.LIB (?C?LSTXDATA)
  C:\KEIL_V5\C51\LIB\C51L.LIB (?C?LSTKXDATA)
  C:\KEIL_V5\C51\LIB\C51L.LIB (?C?LSTKPTR)
  C:\KEIL_V5\C51\LIB\C51L.LIB (?C?OFFXADD)
  C:\KEIL_V5\C51\LIB\C51L.LIB (?C?PLDIXDATA)
  C:\KEIL_V5\C51\LIB\C51L.LIB (?C?PSTXDATA)
  C:\KEIL_V5\C51\LIB\C51L.LIB (?C?CCASE)
  C:\KEIL_V5\C51\LIB\C51L.LIB (PUTCHAR)
  C:\KEIL_V5\C51\LIB\C51L.LIB (ABS)
  C:\KEIL_V5\C51\LIB\C51L.LIB (ATOI)
  C:\KEIL_V5\C51\LIB\C51L.LIB (?C?IILDX)
  C:\KEIL_V5\C51\LIB\C51L.LIB (?C?ULDIV)
  C:\KEIL_V5\C51\LIB\C51L.LIB (?C?LLDIDATA)
  C:\KEIL_V5\C51\LIB\C51L.LIB (?C?LLDPDATA)
  C:\KEIL_V5\C51\LIB\C51L.LIB (?C?LLDIDATA0)
  C:\KEIL_V5\C51\LIB\C51L.LIB (?C?LLDPDATA0)
  C:\KEIL_V5\C51\LIB\C51L.LIB (?C?LSTIDATA)
  C:\KEIL_V5\C51\LIB\C51L.LIB (?C?LSTPDATA)
  C:\KEIL_V5\C51\LIB\C51L.LIB (?C?LSTKIDATA)
  C:\KEIL_V5\C51\LIB\C51L.LIB (?C?LSTKPDATA)
  C:\KEIL_V5\C51\LIB\C51L.LIB (ISDIGIT)
  C:\KEIL_V5\C51\LIB\C51L.LIB (ISSPACE)


LINK MAP OF MODULE:  .\Obj\GPIO_RTC_Test (MAIN)


            TYPE    BASE      LENGTH    RELOCATION   SEGMENT NAME
            -----------------------------------------------------

            * * * * * * *   D A T A   M E M O R Y   * * * * * * *
            REG     0000H     0008H     ABSOLUTE     "REG BANK 0"
            DATA    0008H     0005H     UNIT         _DATA_GROUP_
                    000DH     0013H                  *** GAP ***
            BIT     0020H.0   0001H.2   UNIT         _BIT_GROUP_
            BIT     0021H.2   0000H.1   UNIT         ?BI?MAIN
            BIT     0021H.3   0000H.1   UNIT         ?BI?_ATOI?ATOI
                    0021H.4   0000H.4                *** GAP ***
            IDATA   0022H     0001H     UNIT         ?STACK

            * * * * * * *  X D A T A   M E M O R Y  * * * * * * *
            XDATA   0000H     03BCH     UNIT         ?XD?BIPOLARMOTOR
BL51 BANKED LINKER/LOCATER V6.22                                                      08/20/2019  12:02:48  PAGE 3


            XDATA   03BCH     015DH     UNIT         _XDATA_GROUP_
            XDATA   0519H     011DH     UNIT         ?XD?MAIN
            XDATA   0636H     0019H     UNIT         ?XD?KEYPAD
            XDATA   064FH     0005H     UNIT         ?XD?_ATOI?ATOI
            XDATA   0654H     0001H     UNIT         ?XD?UC_ACK?IOEXPANDER_PI4IOE5V96248
            XDATA   0655H     0001H     UNIT         ?XD?UC_NACK?IOEXPANDER_PI4IOE5V96248

            * * * * * * *   C O D E   M E M O R Y   * * * * * * *
            CODE    0000H     0003H     ABSOLUTE     
            CODE    0003H     0003H     ABSOLUTE     
            CODE    0006H     0005H     UNIT         ?PR?_UNIT?UART1
            CODE    000BH     0003H     ABSOLUTE     
            CODE    000EH     000DH     UNIT         ?PR?UART?MAIN
            CODE    001BH     0003H     ABSOLUTE     
            CODE    001EH     0005H     UNIT         ?PR?_ASCII_LETTER?UART1
            CODE    0023H     0003H     ABSOLUTE     
            CODE    0026H     218EH     UNIT         ?PR?MAIN?MAIN
            CODE    21B4H     0BC8H     UNIT         ?C?LIB_CODE
            CODE    2D7CH     07A2H     UNIT         ?PR?SUNPOS?SUNPOS
            CODE    351EH     06F4H     UNIT         ?PR?_FIND_REAL_MAX?CALIBRATION
            CODE    3C12H     05D1H     UNIT         ?PR?_UPDATE_POSITION?BIPOLARMOTOR
            CODE    41E3H     04FBH     UNIT         ?PR?_THEORICALJP_POSITION?BIPOLARMOTOR
            CODE    46DEH     0483H     UNIT         ?PR?PRINTF?PRINTF
            CODE    4B61H     041AH     UNIT         ?C_INITSEG
            CODE    4F7BH     038CH     UNIT         ?PR?KEY_PROCESS?KEYPAD
            CODE    5307H     0380H     UNIT         ?PR?_ELEVATION_CALCULATION?BIPOLARMOTOR
            CODE    5687H     01C7H     UNIT         ?PR?_CALIBRATION?CALIBRATION
            CODE    584EH     018DH     UNIT         ?PR?KEY_SCAN?KEYPAD
            CODE    59DBH     0189H     UNIT         ?PR?SPI_NOR_WRITE_DATA?AT25SF041
            CODE    5B64H     0188H     UNIT         ?PR?SIN?SIN
            CODE    5CECH     0166H     UNIT         ?PR?_POW?POW
            CODE    5E52H     0155H     UNIT         ?PR?_DISPLAY_POS?LCD_DRIVER_SPLC780D
            CODE    5FA7H     0129H     UNIT         ?PR?LOG?LOG
            CODE    60D0H     0122H     UNIT         ?PR?ATAN?ATAN
            CODE    61F2H     0110H     UNIT         ?PR?_AT25SF041_READ?AT25SF041
            CODE    6302H     0102H     UNIT         ?PR?_AT25SF041_WRITE?AT25SF041
            CODE    6404H     00F5H     UNIT         ?PR?EXINT0?MAIN
            CODE    64F9H     00DBH     UNIT         ?PR?_ATOI?ATOI
            CODE    65D4H     00C3H     UNIT         ?PR?LINEAR_INTERPOLATE?BIPOLARMOTOR
            CODE    6697H     00BBH     UNIT         ?PR?VOLTAGE_IS_STABLE?CALIBRATION
            CODE    6752H     00ADH     UNIT         ?PR?_WRITE_PI4IOE5V96248?IOEXPANDER_PI4IOE5V96248
            CODE    67FFH     00ACH     UNIT         ?PR?SQRT?SQRT
            CODE    68ABH     00A1H     UNIT         ?PR?UCREAD_STATUS_REGISTER_BYTE1?AT25SF041
            CODE    694CH     009DH     UNIT         ?PR?_ATAN2?ATAN2
            CODE    69E9H     009CH     UNIT         ?PR?_MAX_VALUE?CALIBRATION
            CODE    6A85H     009AH     UNIT         ?PR?EXP?EXP
            CODE    6B1FH     008CH     UNIT         ?C_C51STARTUP
            CODE    6BABH     0088H     UNIT         ?PR?_DAY_OF_YEAR?PCF85063BTL
            CODE    6C33H     0079H     UNIT         ?PR?_WRITEDATA?LCD_DRIVER_SPLC780D
            CODE    6CACH     0072H     UNIT         ?PR?AT25SF041_WRITEENABLE?AT25SF041
            CODE    6D1EH     006FH     UNIT         ?PR?_READ_TIME?PCF85063BTL
            CODE    6D8DH     005AH     UNIT         ?PR?AT25SF041_CHIPERASE?AT25SF041
            CODE    6DE7H     0059H     UNIT         ?PR?LCD_INIT?LCD_DRIVER_SPLC780D
            CODE    6E40H     0056H     UNIT         ?CO?MAIN
            CODE    6E96H     004BH     UNIT         ?CO?UART1
            CODE    6EE1H     004AH     UNIT         ?PR?VONESTEPMOVE?BIPOLARMOTOR
            CODE    6F2BH     004AH     UNIT         ?PR?ACOS?ACOS
BL51 BANKED LINKER/LOCATER V6.22                                                      08/20/2019  12:02:48  PAGE 4


            CODE    6F75H     0044H     UNIT         ?C?LDIV
            CODE    6FB9H     0040H     UNIT         ?PR?_COMMAND?LCD_DRIVER_SPLC780D
            CODE    6FF9H     0040H     UNIT         ?PR?_STEP_MOVE?BIPOLARMOTOR
            CODE    7039H     003BH     UNIT         ?PR?ASIN?ASIN
            CODE    7074H     0033H     UNIT         ?PR?_SENDSTRING?UART1
            CODE    70A7H     0031H     UNIT         ?PR?SI1120_CONFIG_MODE_VIRH?SI1120
            CODE    70D8H     002BH     UNIT         ?PR?_WAIT_MS_I2C?IOEXPANDER_PI4IOE5V96248
            CODE    7103H     002BH     UNIT         ?PR?_WAIT_MS_SPINOR?AT25SF041
            CODE    712EH     002AH     UNIT         ?PR?_ADC_GETRESULT?ADC
            CODE    7158H     0028H     UNIT         ?PR?_MOVE?BIPOLARMOTOR
            CODE    7180H     0028H     UNIT         ?CO?CALIBRATION
            CODE    71A8H     0027H     UNIT         ?PR?_I2C_SENDBYTE?IOEXPANDER_PI4IOE5V96248
            CODE    71CFH     0027H     UNIT         ?PR?PUTCHAR?PUTCHAR
            CODE    71F6H     0025H     UNIT         ?PR?_FINDCLOSESTSAMEDAYCALIBTIME?CALIBRATION
            CODE    721BH     0024H     UNIT         ?PR?_WAIT_MS?LCD_DRIVER_SPLC780D
            CODE    723FH     0024H     UNIT         ?PR?_UART1_SENDTOTCPSERVER?UART1
            CODE    7263H     0021H     UNIT         ?PR?TM0_ISR?MAIN
            CODE    7284H     0020H     UNIT         ?PR?_SPI_SENDBYTE?PCF85063BTL
            CODE    72A4H     0020H     UNIT         ?PR?SPI_RECEIVEBYTE?PCF85063BTL
            CODE    72C4H     001EH     UNIT         ?PR?_DELAY_MS?KEYPAD
            CODE    72E2H     001DH     UNIT         ?PR?_DISPLAYLCD?LCD_DRIVER_SPLC780D
            CODE    72FFH     001BH     UNIT         ?PR?_BCDTODEC1?BIPOLARMOTOR
            CODE    731AH     001AH     UNIT         ?PR?ADC_INIT?ADC
            CODE    7334H     0018H     UNIT         ?PR?_SPI_WRITETIME?PCF85063BTL
            CODE    734CH     0017H     UNIT         ?PR?_ASCIITOBCD?UART1
            CODE    7363H     0016H     UNIT         ?PR?I2C_ACK?IOEXPANDER_PI4IOE5V96248
            CODE    7379H     0015H     UNIT         ?PR?_DISPLAY_LINE?LCD_DRIVER_SPLC780D
            CODE    738EH     0015H     UNIT         ?PR?VSETLOCATION?BIPOLARMOTOR
            CODE    73A3H     0015H     UNIT         ?PR?I2C_STOP?IOEXPANDER_PI4IOE5V96248
            CODE    73B8H     0014H     UNIT         ?PR?_PCF85063BTL_DELAY?PCF85063BTL
            CODE    73CCH     0014H     UNIT         ?PR?_ISSPACE?ISSPACE
            CODE    73E0H     0011H     UNIT         ?PR?_SPI_READTIME?PCF85063BTL
            CODE    73F1H     0011H     UNIT         ?PR?_BCDTODEC?PCF85063BTL
            CODE    7402H     0011H     UNIT         ?PR?INITUART1?UART1
            CODE    7413H     000FH     UNIT         ?PR?I2C_START?IOEXPANDER_PI4IOE5V96248
            CODE    7422H     000FH     UNIT         ?PR?UC_NACK?IOEXPANDER_PI4IOE5V96248
            CODE    7431H     000FH     UNIT         ?PR?_ISDIGIT?ISDIGIT
            CODE    7440H     000DH     UNIT         ?PR?SPI_INIT?PCF85063BTL
            CODE    744DH     000DH     UNIT         ?PR?ENABLE_EXTINT0?SI1120
            CODE    745AH     000DH     UNIT         ?PR?_FABS?FABS
            CODE    7467H     000CH     UNIT         ?PR?KEYPAD_IO_INIT?KEYPAD
            CODE    7473H     000CH     UNIT         ?PR?_ABS?ABS
            CODE    747FH     000AH     UNIT         ?PR?LCD_RETURN_HOME?LCD_DRIVER_SPLC780D
            CODE    7489H     000AH     UNIT         ?PR?LCD_CLEAR?LCD_DRIVER_SPLC780D
            CODE    7493H     0009H     UNIT         ?PR?TM1_ISR?MAIN
            CODE    749CH     0009H     UNIT         ?PR?_SENDUART1?MAIN
            CODE    74A5H     0009H     UNIT         ?PR?UART1_INITTCPCONN?UART1
            CODE    74AEH     0006H     UNIT         ?PR?UC_ACK?IOEXPANDER_PI4IOE5V96248
            CODE    74B4H     0006H     UNIT         ?PR?_TEN?UART1
            CODE    74BAH     0001H     UNIT         ?PR?NOP?IOEXPANDER_PI4IOE5V96248
            CODE    74BBH     0001H     UNIT         ?PR?_DECTOBCD?UART1



OVERLAY MAP OF MODULE:   .\Obj\GPIO_RTC_Test (MAIN)


BL51 BANKED LINKER/LOCATER V6.22                                                      08/20/2019  12:02:48  PAGE 5


SEGMENT                                             BIT_GROUP          DATA_GROUP          XDATA_GROUP
  +--> CALLED SEGMENT                            START    LENGTH     START    LENGTH     START    LENGTH
--------------------------------------------------------------------------------------------------------
?PR?EXINT0?MAIN                                  -----    -----      -----    -----      -----    -----
  +--> ?PR?_POW?POW

?PR?_POW?POW                                     -----    -----      -----    -----      03BCH    000AH
  +--> ?PR?LOG?LOG
  +--> ?PR?EXP?EXP

?PR?LOG?LOG                                      0020H.0  0000H.1    -----    -----      03C6H    0004H

*** NEW ROOT ***************************************************

?C_C51STARTUP                                    -----    -----      -----    -----      -----    -----
  +--> ?PR?MAIN?MAIN
  +--> ?C_INITSEG

?PR?MAIN?MAIN                                    -----    -----      -----    -----      03CAH    002EH
  +--> ?PR?LCD_INIT?LCD_DRIVER_SPLC780D
  +--> ?PR?SPI_INIT?PCF85063BTL
  +--> ?PR?KEYPAD_IO_INIT?KEYPAD
  +--> ?PR?ADC_INIT?ADC
  +--> ?PR?SI1120_CONFIG_MODE_VIRH?SI1120
  +--> ?PR?ENABLE_EXTINT0?SI1120
  +--> ?PR?VSETLOCATION?BIPOLARMOTOR
  +--> ?PR?_SPI_WRITETIME?PCF85063BTL
  +--> ?PR?_DELAY_MS?KEYPAD
  +--> ?PR?_DISPLAY_LINE?LCD_DRIVER_SPLC780D
  +--> ?PR?_WRITEDATA?LCD_DRIVER_SPLC780D
  +--> ?PR?INITUART1?UART1
  +--> ?PR?UART1_INITTCPCONN?UART1
  +--> ?CO?MAIN
  +--> ?PR?_UART1_SENDTOTCPSERVER?UART1
  +--> ?PR?KEY_PROCESS?KEYPAD
  +--> ?PR?_COMMAND?LCD_DRIVER_SPLC780D
  +--> ?PR?_DISPLAY_POS?LCD_DRIVER_SPLC780D
  +--> ?PR?_DISPLAYLCD?LCD_DRIVER_SPLC780D
  +--> ?PR?_STEP_MOVE?BIPOLARMOTOR
  +--> ?PR?LCD_RETURN_HOME?LCD_DRIVER_SPLC780D
  +--> ?PR?_READ_TIME?PCF85063BTL
  +--> ?PR?_BCDTODEC1?BIPOLARMOTOR
  +--> ?PR?_SENDSTRING?UART1
  +--> ?PR?_ELEVATION_CALCULATION?BIPOLARMOTOR
  +--> ?PR?PRINTF?PRINTF
  +--> ?PR?_CALIBRATION?CALIBRATION
  +--> ?PR?_UPDATE_POSITION?BIPOLARMOTOR
  +--> ?PR?_AT25SF041_READ?AT25SF041
  +--> ?PR?_WAIT_MS_SPINOR?AT25SF041
  +--> ?PR?AT25SF041_WRITEENABLE?AT25SF041
  +--> ?PR?_AT25SF041_WRITE?AT25SF041
  +--> ?PR?_ABS?ABS
  +--> ?PR?_FABS?FABS
  +--> ?PR?SPI_NOR_WRITE_DATA?AT25SF041
  +--> ?PR?_WAIT_MS?LCD_DRIVER_SPLC780D
  +--> ?PR?LINEAR_INTERPOLATE?BIPOLARMOTOR
  +--> ?PR?_FINDCLOSESTSAMEDAYCALIBTIME?CALI...
BL51 BANKED LINKER/LOCATER V6.22                                                      08/20/2019  12:02:48  PAGE 6


  +--> ?PR?_ADC_GETRESULT?ADC
  +--> ?PR?AT25SF041_CHIPERASE?AT25SF041
  +--> ?PR?LCD_CLEAR?LCD_DRIVER_SPLC780D

?PR?LCD_INIT?LCD_DRIVER_SPLC780D                 -----    -----      -----    -----      -----    -----
  +--> ?PR?_WAIT_MS?LCD_DRIVER_SPLC780D
  +--> ?PR?_COMMAND?LCD_DRIVER_SPLC780D

?PR?_COMMAND?LCD_DRIVER_SPLC780D                 -----    -----      -----    -----      -----    -----
  +--> ?PR?_WAIT_MS?LCD_DRIVER_SPLC780D

?PR?SI1120_CONFIG_MODE_VIRH?SI1120               -----    -----      -----    -----      -----    -----
  +--> ?PR?_WAIT_MS?LCD_DRIVER_SPLC780D

?PR?_SPI_WRITETIME?PCF85063BTL                   -----    -----      -----    -----      -----    -----
  +--> ?PR?_SPI_SENDBYTE?PCF85063BTL

?PR?_SPI_SENDBYTE?PCF85063BTL                    -----    -----      -----    -----      -----    -----
  +--> ?PR?_PCF85063BTL_DELAY?PCF85063BTL

?PR?_DISPLAY_LINE?LCD_DRIVER_SPLC780D            -----    -----      -----    -----      -----    -----
  +--> ?PR?_COMMAND?LCD_DRIVER_SPLC780D

?PR?_WRITEDATA?LCD_DRIVER_SPLC780D               -----    -----      -----    -----      04F4H    0001H
  +--> ?PR?_WAIT_MS?LCD_DRIVER_SPLC780D

?PR?UART1_INITTCPCONN?UART1                      -----    -----      -----    -----      -----    -----
  +--> ?CO?UART1
  +--> ?PR?_SENDSTRING?UART1

?PR?_SENDSTRING?UART1                            -----    -----      -----    -----      04E9H    0003H
  +--> ?PR?_SENDUART1?MAIN

?PR?_UART1_SENDTOTCPSERVER?UART1                 -----    -----      -----    -----      03F8H    0003H
  +--> ?CO?UART1
  +--> ?PR?_SENDSTRING?UART1
  +--> ?PR?_DELAY_MS?KEYPAD

?PR?KEY_PROCESS?KEYPAD                           -----    -----      -----    -----      03F8H    0006H
  +--> ?PR?KEY_SCAN?KEYPAD
  +--> ?PR?_SPI_WRITETIME?PCF85063BTL
  +--> ?PR?LCD_CLEAR?LCD_DRIVER_SPLC780D
  +--> ?PR?_COMMAND?LCD_DRIVER_SPLC780D
  +--> ?PR?_WRITEDATA?LCD_DRIVER_SPLC780D

?PR?KEY_SCAN?KEYPAD                              -----    -----      -----    -----      03FEH    0003H

?PR?LCD_CLEAR?LCD_DRIVER_SPLC780D                -----    -----      -----    -----      -----    -----
  +--> ?PR?_COMMAND?LCD_DRIVER_SPLC780D

?PR?_DISPLAY_POS?LCD_DRIVER_SPLC780D             -----    -----      -----    -----      04E9H    000BH
  +--> ?PR?_ABS?ABS
  +--> ?PR?_WRITEDATA?LCD_DRIVER_SPLC780D

?PR?_DISPLAYLCD?LCD_DRIVER_SPLC780D              -----    -----      -----    -----      03F8H    0001H
  +--> ?PR?_WRITEDATA?LCD_DRIVER_SPLC780D

BL51 BANKED LINKER/LOCATER V6.22                                                      08/20/2019  12:02:48  PAGE 7


?PR?_STEP_MOVE?BIPOLARMOTOR                      0020H.2  0000H.1    -----    -----      04EDH    0004H
  +--> ?PR?VONESTEPMOVE?BIPOLARMOTOR

?PR?VONESTEPMOVE?BIPOLARMOTOR                    0020H.3  0000H.1    -----    -----      -----    -----
  +--> ?PR?_WRITE_PI4IOE5V96248?IOEXPANDER_P...
  +--> ?PR?_DELAY_MS?KEYPAD

?PR?_WRITE_PI4IOE5V96248?IOEXPANDER_P...         -----    -----      -----    -----      04F1H    0003H
  +--> ?PR?I2C_START?IOEXPANDER_PI4IOE5V96248
  +--> ?PR?_WAIT_MS_I2C?IOEXPANDER_PI4IOE5V9...
  +--> ?PR?_I2C_SENDBYTE?IOEXPANDER_PI4IOE5V...
  +--> ?PR?I2C_ACK?IOEXPANDER_PI4IOE5V96248
  +--> ?PR?I2C_STOP?IOEXPANDER_PI4IOE5V96248

?PR?I2C_START?IOEXPANDER_PI4IOE5V96248           -----    -----      -----    -----      -----    -----
  +--> ?PR?_WAIT_MS_I2C?IOEXPANDER_PI4IOE5V9...

?PR?_I2C_SENDBYTE?IOEXPANDER_PI4IOE5V...         -----    -----      -----    -----      -----    -----
  +--> ?PR?_WAIT_MS_I2C?IOEXPANDER_PI4IOE5V9...

?PR?I2C_ACK?IOEXPANDER_PI4IOE5V96248             -----    -----      -----    -----      04F4H    0001H
  +--> ?PR?_WAIT_MS_I2C?IOEXPANDER_PI4IOE5V9...

?PR?I2C_STOP?IOEXPANDER_PI4IOE5V96248            -----    -----      -----    -----      -----    -----
  +--> ?PR?_WAIT_MS_I2C?IOEXPANDER_PI4IOE5V9...

?PR?LCD_RETURN_HOME?LCD_DRIVER_SPLC780D          -----    -----      -----    -----      -----    -----
  +--> ?PR?_COMMAND?LCD_DRIVER_SPLC780D

?PR?_READ_TIME?PCF85063BTL                       -----    -----      -----    -----      04E9H    000FH
  +--> ?PR?_SPI_READTIME?PCF85063BTL

?PR?_SPI_READTIME?PCF85063BTL                    -----    -----      -----    -----      -----    -----
  +--> ?PR?_SPI_SENDBYTE?PCF85063BTL
  +--> ?PR?SPI_RECEIVEBYTE?PCF85063BTL

?PR?SPI_RECEIVEBYTE?PCF85063BTL                  -----    -----      -----    -----      -----    -----
  +--> ?PR?_PCF85063BTL_DELAY?PCF85063BTL

?PR?_ELEVATION_CALCULATION?BIPOLARMOTOR          -----    -----      -----    -----      03F8H    0005H
  +--> ?PR?_BCDTODEC1?BIPOLARMOTOR
  +--> ?PR?SUNPOS?SUNPOS
  +--> ?PR?SIN?SIN
  +--> ?PR?ASIN?ASIN

?PR?SUNPOS?SUNPOS                                -----    -----      -----    -----      0442H    005DH
  +--> ?PR?SIN?SIN
  +--> ?PR?_ATAN2?ATAN2
  +--> ?PR?ASIN?ASIN
  +--> ?PR?ACOS?ACOS

?PR?SIN?SIN                                      0020H.1  0000H.1    -----    -----      049FH    0004H

?PR?_ATAN2?ATAN2                                 -----    -----      -----    -----      049FH    0008H
  +--> ?PR?ATAN?ATAN

?PR?ATAN?ATAN                                    0020H.1  0000H.2    -----    -----      04A7H    0004H
BL51 BANKED LINKER/LOCATER V6.22                                                      08/20/2019  12:02:48  PAGE 8



?PR?ASIN?ASIN                                    -----    -----      -----    -----      -----    -----
  +--> ?PR?SQRT?SQRT
  +--> ?PR?ATAN?ATAN

?PR?SQRT?SQRT                                    -----    -----      -----    -----      049FH    0004H

?PR?ACOS?ACOS                                    -----    -----      -----    -----      -----    -----
  +--> ?PR?SQRT?SQRT
  +--> ?PR?ATAN?ATAN

?PR?PRINTF?PRINTF                                0020H.1  0001H.1    0008H    0005H      04E9H    0030H
  +--> ?PR?PUTCHAR?PUTCHAR

?PR?_CALIBRATION?CALIBRATION                     -----    -----      -----    -----      03F8H    0024H
  +--> ?PR?VOLTAGE_IS_STABLE?CALIBRATION
  +--> ?PR?_UPDATE_POSITION?BIPOLARMOTOR
  +--> ?PR?_FIND_REAL_MAX?CALIBRATION

?PR?VOLTAGE_IS_STABLE?CALIBRATION                -----    -----      -----    -----      041CH    0018H
  +--> ?PR?_ADC_GETRESULT?ADC
  +--> ?PR?_ABS?ABS

?PR?_UPDATE_POSITION?BIPOLARMOTOR                -----    -----      -----    -----      041CH    0026H
  +--> ?PR?_BCDTODEC1?BIPOLARMOTOR
  +--> ?PR?SUNPOS?SUNPOS
  +--> ?PR?SIN?SIN
  +--> ?PR?ASIN?ASIN
  +--> ?PR?_THEORICALJP_POSITION?BIPOLARMOTOR
  +--> ?PR?_FABS?FABS

?PR?_THEORICALJP_POSITION?BIPOLARMOTOR           -----    -----      -----    -----      0442H    005CH
  +--> ?PR?LINEAR_INTERPOLATE?BIPOLARMOTOR

?PR?LINEAR_INTERPOLATE?BIPOLARMOTOR              -----    -----      -----    -----      049EH    0014H

?PR?_FIND_REAL_MAX?CALIBRATION                   -----    -----      -----    -----      041CH    00CDH
  +--> ?PR?_ADC_GETRESULT?ADC
  +--> ?PR?_WAIT_MS?LCD_DRIVER_SPLC780D
  +--> ?CO?CALIBRATION
  +--> ?PR?PRINTF?PRINTF
  +--> ?PR?_SENDSTRING?UART1
  +--> ?PR?_COMMAND?LCD_DRIVER_SPLC780D
  +--> ?PR?_WRITEDATA?LCD_DRIVER_SPLC780D
  +--> ?PR?_DISPLAY_POS?LCD_DRIVER_SPLC780D
  +--> ?PR?_MOVE?BIPOLARMOTOR
  +--> ?PR?_READ_TIME?PCF85063BTL
  +--> ?PR?_BCDTODEC1?BIPOLARMOTOR
  +--> ?PR?_MAX_VALUE?CALIBRATION

?PR?_MOVE?BIPOLARMOTOR                           0020H.1  0000H.1    -----    -----      04E9H    0004H
  +--> ?PR?_STEP_MOVE?BIPOLARMOTOR

?PR?_MAX_VALUE?CALIBRATION                       -----    -----      -----    -----      04E9H    0004H

?PR?_AT25SF041_READ?AT25SF041                    -----    -----      -----    -----      03F8H    0008H
  +--> ?PR?_WAIT_MS_SPINOR?AT25SF041
BL51 BANKED LINKER/LOCATER V6.22                                                      08/20/2019  12:02:48  PAGE 9


  +--> ?PR?UCREAD_STATUS_REGISTER_BYTE1?AT25...

?PR?UCREAD_STATUS_REGISTER_BYTE1?AT25...         -----    -----      -----    -----      040EH    0003H
  +--> ?PR?_WAIT_MS_SPINOR?AT25SF041

?PR?AT25SF041_WRITEENABLE?AT25SF041              -----    -----      -----    -----      0406H    0002H
  +--> ?PR?_WAIT_MS_SPINOR?AT25SF041
  +--> ?PR?UCREAD_STATUS_REGISTER_BYTE1?AT25...

?PR?_AT25SF041_WRITE?AT25SF041                   -----    -----      -----    -----      0406H    0008H
  +--> ?PR?_WAIT_MS_SPINOR?AT25SF041
  +--> ?PR?UCREAD_STATUS_REGISTER_BYTE1?AT25...

?PR?SPI_NOR_WRITE_DATA?AT25SF041                 -----    -----      -----    -----      03F8H    000EH
  +--> ?PR?AT25SF041_WRITEENABLE?AT25SF041
  +--> ?PR?_AT25SF041_WRITE?AT25SF041
  +--> ?PR?_WAIT_MS_SPINOR?AT25SF041

?PR?AT25SF041_CHIPERASE?AT25SF041                -----    -----      -----    -----      03F8H    0002H
  +--> ?PR?_WAIT_MS_SPINOR?AT25SF041
  +--> ?PR?UCREAD_STATUS_REGISTER_BYTE1?AT25...



SYMBOL TABLE OF MODULE:  .\Obj\GPIO_RTC_Test (MAIN)

  VALUE           TYPE          NAME
  ----------------------------------

  -------         MODULE        MAIN
  C:0000H         SYMBOL        _ICE_DUMMY_
  X:0521H         PUBLIC        calib_value
  D:0080H         PUBLIC        P0
  D:0090H         PUBLIC        P1
  D:00A0H         PUBLIC        P2
  D:00B0H         PUBLIC        P3
  D:00C0H         PUBLIC        P4
  D:00C8H         PUBLIC        P5
  X:0575H         SYMBOL        PressedKey
  B:00A8H.7       PUBLIC        EA
  D:00E8H         PUBLIC        P6
  X:0579H         PUBLIC        calib_stamp
  D:00F8H         PUBLIC        P7
  X:057AH         PUBLIC        sTempString
  X:0583H         PUBLIC        calib_bool
  X:05ADH         PUBLIC        pwm_time_min
  D:00A8H         PUBLIC        IE
  X:05B1H         PUBLIC        calib_time
  X:0605H         PUBLIC        pwm_time_max
  B:0090H.7       PUBLIC        Connect_Electronics_Load
  D:00B8H         PUBLIC        IP
  B:0098H.0       PUBLIC        RI
  B:00B0H.2       PUBLIC        INT0
  X:0609H         PUBLIC        months
  B:0098H.1       PUBLIC        TI
  C:000EH         PUBLIC        Uart
  D:00D8H         PUBLIC        CCON
BL51 BANKED LINKER/LOCATER V6.22                                                      08/20/2019  12:02:48  PAGE 10


  C:0026H         PUBLIC        main
  X:060AH         PUBLIC        found_1st_point
  X:060CH         PUBLIC        i_point1
  X:060EH         PUBLIC        i_point2
  X:0610H         PUBLIC        count
  B:0090H.2       PUBLIC        Connect_IV_Load
  D:0099H         PUBLIC        SBUF
  X:0612H         PUBLIC        days
  X:0613H         PUBLIC        hours
  D:0098H         PUBLIC        SCON
  D:0089H         PUBLIC        TMOD
  D:0088H         PUBLIC        TCON
  B:00A0H.3       PUBLIC        P23
  X:0614H         SYMBOL        KeyCount
  X:0616H         PUBLIC        mins
  B:00C8H.5       PUBLIC        P55
  X:0617H         PUBLIC        diff_of_offset
  D:008EH         PUBLIC        AUXR
  C:7263H         PUBLIC        tm0_isr
  B:0090H.5       PUBLIC        SI1120_STX
  C:7493H         PUBLIC        tm1_isr
  B:0021H.2       PUBLIC        busy
  D:00E0H         PUBLIC        ACC
  B:00A8H.1       PUBLIC        ET0
  B:00A8H.3       PUBLIC        ET1
  X:061BH         PUBLIC        SPI_NOR_INTERNAL_FLASH_ADDR
  D:008CH         PUBLIC        TH0
  D:008DH         PUBLIC        TH1
  D:008AH         PUBLIC        TL0
  D:008BH         PUBLIC        TL1
  X:061FH         PUBLIC        ii
  X:0621H         PUBLIC        jj
  B:0088H.4       PUBLIC        TR0
  B:0088H.6       PUBLIC        TR1
  X:0623H         PUBLIC        old_mins
  C:6404H         PUBLIC        exint0
  X:0624H         SYMBOL        KeyNum
  X:0625H         SYMBOL        KeyNum_Old
  X:0626H         PUBLIC        timer0_count
  X:0628H         PUBLIC        current_position
  X:062CH         PUBLIC        pwm_time
  X:0630H         PUBLIC        i
  X:0632H         PUBLIC        j
  X:0634H         PUBLIC        start_timer0_count
  X:0635H         PUBLIC        seconds
  D:00D0H         PUBLIC        PSW
  C:749CH         PUBLIC        _SendUART1
  -------         PROC          TM0_ISR
  C:7263H         LINE#         106
  C:7269H         LINE#         110
  C:726CH         LINE#         111
  C:726FH         LINE#         112
  C:727DH         LINE#         113
  -------         ENDPROC       TM0_ISR
  -------         PROC          TM1_ISR
  C:7493H         LINE#         114
  C:7493H         LINE#         116
BL51 BANKED LINKER/LOCATER V6.22                                                      08/20/2019  12:02:48  PAGE 11


  C:7495H         LINE#         118
  C:7498H         LINE#         119
  C:749BH         LINE#         120
  -------         ENDPROC       TM1_ISR
  -------         PROC          EXINT0
  C:6404H         LINE#         121
  C:6421H         LINE#         125
  C:6424H         LINE#         126
  C:6424H         LINE#         127
  C:6427H         LINE#         128
  C:642AH         LINE#         129
  C:642CH         LINE#         130
  C:642EH         LINE#         134
  C:6431H         LINE#         137
  C:6431H         LINE#         138
  C:6433H         LINE#         140
  C:643FH         LINE#         141
  C:6499H         LINE#         142
  C:64D7H         LINE#         143
  C:64DEH         LINE#         148
  C:64DEH         LINE#         150
  -------         ENDPROC       EXINT0
  -------         PROC          MAIN
  -------         DO            
  X:0519H         SYMBOL        KeyCount
  X:051BH         SYMBOL        KeyNum_Old
  X:051CH         SYMBOL        KeyNum
  X:051DH         SYMBOL        PressedKey
  X:03CAH         SYMBOL        prox_flag
  X:03CBH         SYMBOL        iUse_prevday_calib_value
  X:03CDH         SYMBOL        max_ADC_Val_JP
  X:03CFH         SYMBOL        max_ADC_Val
  X:03D1H         SYMBOL        calib_point1
  X:03D9H         SYMBOL        calib_point2
  X:03E1H         SYMBOL        dat_to_store
  X:03ECH         SYMBOL        calib_day
  X:03EEH         SYMBOL        calib_count
  X:03F0H         SYMBOL        theorical_JP_max_pos
  X:03F4H         SYMBOL        elevation
  -------         ENDDO         
  C:0026H         LINE#         152
  C:0026H         LINE#         153
  C:0026H         LINE#         158
  C:002CH         LINE#         159
  C:0031H         LINE#         161
  C:0039H         LINE#         165
  C:003FH         LINE#         166
  C:0049H         LINE#         177
  C:0051H         LINE#         178
  C:0058H         LINE#         179
  C:005EH         LINE#         181
  C:0064H         LINE#         193
  C:0067H         LINE#         194
  C:006AH         LINE#         195
  C:006DH         LINE#         197
  C:0070H         LINE#         200
  C:0073H         LINE#         201
BL51 BANKED LINKER/LOCATER V6.22                                                      08/20/2019  12:02:48  PAGE 12


  C:0076H         LINE#         203
  C:0079H         LINE#         205
  C:007CH         LINE#         206
  C:007FH         LINE#         207
  C:0082H         LINE#         208
  C:0084H         LINE#         209
  C:0086H         LINE#         210
  C:0089H         LINE#         211
  C:008BH         LINE#         212
  C:008DH         LINE#         214
  C:008FH         LINE#         215
  C:0096H         LINE#         216
  C:009DH         LINE#         217
  C:00A4H         LINE#         218
  C:00ABH         LINE#         222
  C:00B2H         LINE#         223
  C:00B7H         LINE#         224
  C:00BCH         LINE#         225
  C:00C1H         LINE#         226
  C:00C6H         LINE#         227
  C:00CBH         LINE#         230
  C:00D2H         LINE#         231
  C:00D2H         LINE#         232
  C:00F5H         LINE#         233
  C:013FH         LINE#         234
  C:0154H         LINE#         235
  C:0171H         LINE#         236
  C:0174H         LINE#         239
  C:017BH         LINE#         242
  C:017EH         LINE#         244
  C:0185H         LINE#         245
  C:018EH         LINE#         248
  C:018EH         LINE#         249
  C:018EH         LINE#         250
  C:0191H         LINE#         260
  C:0191H         LINE#         264
  C:0196H         LINE#         265
  C:019BH         LINE#         267
  C:01A0H         LINE#         269
  C:01A5H         LINE#         270
  C:01AAH         LINE#         273
  C:01BBH         LINE#         275
  C:01C0H         LINE#         276
  C:01C5H         LINE#         278
  C:01CCH         LINE#         279
  C:01D4H         LINE#         280
  C:01D9H         LINE#         281
  C:01E1H         LINE#         282
  C:01E6H         LINE#         283
  C:01F0H         LINE#         284
  C:01F5H         LINE#         285
  C:01FDH         LINE#         287
  C:0205H         LINE#         288
  C:020AH         LINE#         289
  C:0214H         LINE#         290
  C:0214H         LINE#         291
  C:0216H         LINE#         292
BL51 BANKED LINKER/LOCATER V6.22                                                      08/20/2019  12:02:48  PAGE 13


  C:0218H         LINE#         293
  C:0222H         LINE#         294
  C:0222H         LINE#         295
  C:0227H         LINE#         296
  C:0227H         LINE#         308
  C:023BH         LINE#         309
  C:023BH         LINE#         310
  C:0250H         LINE#         311
  C:025FH         LINE#         312
  C:025FH         LINE#         313
  C:0272H         LINE#         314
  C:0274H         LINE#         316
  C:0274H         LINE#         317
  C:0290H         LINE#         318
  C:0290H         LINE#         319
  C:0295H         LINE#         320
  C:0295H         LINE#         321
  C:02A9H         LINE#         322
  C:02A9H         LINE#         325
  C:02BEH         LINE#         326
  C:02CDH         LINE#         327
  C:02CDH         LINE#         328
  C:02E0H         LINE#         329
  C:02E2H         LINE#         331
  C:02E2H         LINE#         332
  C:02FEH         LINE#         333
  C:02FEH         LINE#         334
  C:0303H         LINE#         335
  C:0309H         LINE#         336
  C:0309H         LINE#         338
  C:032BH         LINE#         339
  C:032BH         LINE#         340
  C:0335H         LINE#         341
  C:033BH         LINE#         342
  C:0342H         LINE#         343
  C:0348H         LINE#         344
  C:034FH         LINE#         345
  C:034FH         LINE#         346
  C:0352H         LINE#         348
  C:0352H         LINE#         353
  C:035AH         LINE#         354
  C:0395H         LINE#         355
  C:03B3H         LINE#         356
  C:03B3H         LINE#         358
  C:03BCH         LINE#         359
  C:03C3H         LINE#         360
  C:03CCH         LINE#         361
  C:03D3H         LINE#         363
  C:03D3H         LINE#         367
  C:03E0H         LINE#         368
  C:03E0H         LINE#         371
  C:03E7H         LINE#         372
  C:03F8H         LINE#         375
  C:03F8H         LINE#         376
  C:0420H         LINE#         377
  C:0420H         LINE#         378
  C:0442H         LINE#         379
BL51 BANKED LINKER/LOCATER V6.22                                                      08/20/2019  12:02:48  PAGE 14


  C:0442H         LINE#         381
  C:0468H         LINE#         382
  C:04BEH         LINE#         383
  C:04C7H         LINE#         384
  C:04CEH         LINE#         385
  C:04D7H         LINE#         386
  C:04E0H         LINE#         387
  C:04E7H         LINE#         393
  C:04E7H         LINE#         399
  C:04E7H         LINE#         401
  C:0563H         LINE#         402
  C:057CH         LINE#         403
  C:057EH         LINE#         404
  C:0580H         LINE#         406
  C:060AH         LINE#         411
  C:0638H         LINE#         412
  C:0638H         LINE#         414
  C:066EH         LINE#         415
  C:0691H         LINE#         416
  C:06A6H         LINE#         417
  C:06B0H         LINE#         419
  C:06B3H         LINE#         421
  C:06B3H         LINE#         422
  C:06D9H         LINE#         423
  C:06D9H         LINE#         424
  C:0701H         LINE#         425
  C:07B0H         LINE#         426
  C:07D6H         LINE#         427
  C:0888H         LINE#         430
  C:0888H         LINE#         432
  C:088FH         LINE#         433
  C:0892H         LINE#         436
  C:08C7H         LINE#         437
  C:08CEH         LINE#         438
  C:08D1H         LINE#         440
  C:090BH         LINE#         441
  C:0937H         LINE#         443
  C:0966H         LINE#         445
  C:096DH         LINE#         446
  C:0974H         LINE#         447
  C:0977H         LINE#         450
  C:09DFH         LINE#         452
  C:09E6H         LINE#         454
  C:09EDH         LINE#         455
  C:09F0H         LINE#         458
  C:0AAFH         LINE#         460
  C:0AB6H         LINE#         461
  C:0AB6H         LINE#         463
  C:0AB8H         LINE#         465
  C:0AB8H         LINE#         467
  C:0AB8H         LINE#         468
  C:0AB8H         LINE#         469
  C:0AB8H         LINE#         486
  C:0AC0H         LINE#         487
  C:0AC8H         LINE#         488
  C:0AD0H         LINE#         489
  C:0AD8H         LINE#         491
BL51 BANKED LINKER/LOCATER V6.22                                                      08/20/2019  12:02:48  PAGE 15


  C:0AECH         LINE#         492
  C:0B02H         LINE#         493
  C:0B32H         LINE#         494
  C:0B52H         LINE#         496
  C:0B66H         LINE#         497
  C:0B7CH         LINE#         498
  C:0BACH         LINE#         499
  C:0BB3H         LINE#         501
  C:0BD7H         LINE#         504
  C:0C02H         LINE#         506
  C:0C0BH         LINE#         507
  C:0C12H         LINE#         508
  C:0C1BH         LINE#         509
  C:0C24H         LINE#         510
  C:0C2BH         LINE#         512
  C:0C68H         LINE#         514
  C:0C71H         LINE#         515
  C:0C78H         LINE#         516
  C:0C81H         LINE#         517
  C:0C8AH         LINE#         518
  C:0C91H         LINE#         520
  C:0CBCH         LINE#         522
  C:0CC5H         LINE#         523
  C:0CCCH         LINE#         524
  C:0CD5H         LINE#         525
  C:0CDEH         LINE#         526
  C:0CE5H         LINE#         528
  C:0D10H         LINE#         530
  C:0D19H         LINE#         531
  C:0D20H         LINE#         532
  C:0D29H         LINE#         533
  C:0D30H         LINE#         534
  C:0D39H         LINE#         535
  C:0D40H         LINE#         537
  C:0D42H         LINE#         539
  C:0D50H         LINE#         540
  C:0D50H         LINE#         541
  C:0D58H         LINE#         544
  C:0D58H         LINE#         545
  C:0D58H         LINE#         547
  C:0D7DH         LINE#         548
  C:0D7DH         LINE#         549
  C:0D9FH         LINE#         550
  C:0D9FH         LINE#         551
  C:0E1BH         LINE#         552
  C:0E1DH         LINE#         553
  C:0E1FH         LINE#         555
  C:0E77H         LINE#         558
  C:0E86H         LINE#         559
  C:0E86H         LINE#         560
  C:0E86H         LINE#         561
  C:0E86H         LINE#         562
  C:0E86H         LINE#         563
  C:0E86H         LINE#         564
  C:0E86H         LINE#         565
  C:0E86H         LINE#         568
  C:0E86H         LINE#         570
BL51 BANKED LINKER/LOCATER V6.22                                                      08/20/2019  12:02:48  PAGE 16


  C:0E86H         LINE#         571
  C:0E86H         LINE#         572
  C:0E86H         LINE#         573
  C:0E86H         LINE#         577
  C:0E86H         LINE#         579
  C:0E86H         LINE#         581
  C:0E86H         LINE#         582
  C:0E86H         LINE#         583
  C:0E86H         LINE#         584
  C:0E86H         LINE#         585
  C:0E86H         LINE#         586
  C:0E86H         LINE#         589
  C:0E86H         LINE#         591
  C:0E86H         LINE#         592
  C:0E86H         LINE#         593
  C:0E86H         LINE#         594
  C:0E86H         LINE#         595
  C:0E86H         LINE#         596
  C:0E86H         LINE#         597
  C:0E86H         LINE#         599
  C:0E89H         LINE#         602
  C:0EB0H         LINE#         603
  C:0EB0H         LINE#         606
  C:0ED2H         LINE#         607
  C:0ED2H         LINE#         608
  C:0F4EH         LINE#         610
  C:0F7BH         LINE#         613
  C:0F98H         LINE#         614
  C:0F98H         LINE#         617
  C:0FC3H         LINE#         618
  C:103EH         LINE#         619
  C:1064H         LINE#         620
  C:10E2H         LINE#         621
  C:10E4H         LINE#         622
  C:10E6H         LINE#         629
  C:1111H         LINE#         630
  C:1189H         LINE#         631
  C:11B5H         LINE#         632
  C:1244H         LINE#         635
  C:12ACH         LINE#         636
  C:12AEH         LINE#         638
  C:12AEH         LINE#         639
  C:1311H         LINE#         640
  C:1311H         LINE#         643
  C:1320H         LINE#         644
  C:1320H         LINE#         645
  C:139EH         LINE#         646
  C:13A7H         LINE#         647
  C:13AEH         LINE#         648
  C:13B7H         LINE#         649
  C:13C0H         LINE#         650
  C:13C7H         LINE#         653
  C:13F2H         LINE#         655
  C:13FBH         LINE#         656
  C:1402H         LINE#         657
  C:140BH         LINE#         658
  C:1414H         LINE#         662
BL51 BANKED LINKER/LOCATER V6.22                                                      08/20/2019  12:02:48  PAGE 17


  C:141BH         LINE#         664
  C:1446H         LINE#         666
  C:144FH         LINE#         667
  C:1456H         LINE#         668
  C:145FH         LINE#         669
  C:1466H         LINE#         671
  C:146FH         LINE#         672
  C:1476H         LINE#         675
  C:14B4H         LINE#         677
  C:14BDH         LINE#         678
  C:14C4H         LINE#         679
  C:14CDH         LINE#         680
  C:14D6H         LINE#         681
  C:14DDH         LINE#         682
  C:14DDH         LINE#         684
  C:14DDH         LINE#         686
  C:14DDH         LINE#         687
  C:14DDH         LINE#         689
  C:14DDH         LINE#         693
  C:14F9H         LINE#         694
  C:14F9H         LINE#         695
  C:14FBH         LINE#         698
  C:14FEH         LINE#         700
  C:152EH         LINE#         701
  C:152EH         LINE#         702
  C:1530H         LINE#         704
  C:153FH         LINE#         705
  C:153FH         LINE#         707
  C:1542H         LINE#         709
  C:1545H         LINE#         710
  C:154CH         LINE#         712
  C:1568H         LINE#         713
  C:1568H         LINE#         714
  C:1585H         LINE#         715
  C:1585H         LINE#         716
  C:158BH         LINE#         717
  C:158EH         LINE#         720
  C:15C3H         LINE#         721
  C:15CAH         LINE#         722
  C:15CDH         LINE#         724
  C:1607H         LINE#         725
  C:161DH         LINE#         727
  C:1636H         LINE#         729
  C:163DH         LINE#         730
  C:1644H         LINE#         731
  C:1647H         LINE#         734
  C:169CH         LINE#         736
  C:16A3H         LINE#         738
  C:16AAH         LINE#         739
  C:16ADH         LINE#         742
  C:1759H         LINE#         744
  C:1760H         LINE#         745
  C:1760H         LINE#         746
  C:1771H         LINE#         748
  C:1771H         LINE#         752
  C:1778H         LINE#         753
  C:1778H         LINE#         756
BL51 BANKED LINKER/LOCATER V6.22                                                      08/20/2019  12:02:48  PAGE 18


  C:1787H         LINE#         757
  C:1787H         LINE#         758
  C:17B9H         LINE#         759
  C:17B9H         LINE#         760
  C:1838H         LINE#         762
  C:183FH         LINE#         763
  C:1842H         LINE#         765
  C:187CH         LINE#         766
  C:1892H         LINE#         768
  C:18ABH         LINE#         770
  C:18B2H         LINE#         771
  C:18B9H         LINE#         772
  C:18BCH         LINE#         774
  C:1911H         LINE#         775
  C:1918H         LINE#         777
  C:191FH         LINE#         778
  C:1922H         LINE#         780
  C:19CEH         LINE#         781
  C:19D5H         LINE#         783
  C:19DCH         LINE#         784
  C:19DFH         LINE#         786
  C:1A03H         LINE#         787
  C:1A0AH         LINE#         788
  C:1A1BH         LINE#         791
  C:1A2FH         LINE#         792
  C:1A43H         LINE#         793
  C:1A52H         LINE#         794
  C:1A52H         LINE#         796
  C:1A85H         LINE#         797
  C:1A85H         LINE#         798
  C:1AABH         LINE#         800
  C:1ACAH         LINE#         802
  C:1ADCH         LINE#         805
  C:1B06H         LINE#         808
  C:1B15H         LINE#         809
  C:1B18H         LINE#         812
  C:1B49H         LINE#         813
  C:1B49H         LINE#         815
  C:1B6FH         LINE#         817
  C:1B8EH         LINE#         818
  C:1BA0H         LINE#         821
  C:1BCAH         LINE#         824
  C:1BDAH         LINE#         825
  C:1BE0H         LINE#         826
  C:1BF4H         LINE#         827
  C:1C08H         LINE#         828
  C:1C10H         LINE#         829
  C:1C1DH         LINE#         830
  C:1C1DH         LINE#         831
  C:1C41H         LINE#         832
  C:1C41H         LINE#         833
  C:1C8BH         LINE#         834
  C:1C92H         LINE#         835
  C:1C95H         LINE#         838
  C:1CB9H         LINE#         840
  C:1CC0H         LINE#         841
  C:1CC3H         LINE#         843
BL51 BANKED LINKER/LOCATER V6.22                                                      08/20/2019  12:02:48  PAGE 19


  C:1CF6H         LINE#         844
  C:1D15H         LINE#         846
  C:1D37H         LINE#         848
  C:1D3EH         LINE#         850
  C:1D45H         LINE#         851
  C:1D48H         LINE#         853
  C:1D9DH         LINE#         854
  C:1DA4H         LINE#         856
  C:1DABH         LINE#         857
  C:1DAEH         LINE#         859
  C:1E5AH         LINE#         860
  C:1E61H         LINE#         861
  C:1E72H         LINE#         862
  C:1E72H         LINE#         863
  C:1E72H         LINE#         867
  C:1E94H         LINE#         868
  C:1EA1H         LINE#         869
  C:1EA1H         LINE#         870
  C:1EC4H         LINE#         871
  C:1EC4H         LINE#         872
  C:1F14H         LINE#         873
  C:1F14H         LINE#         874
  C:1F1BH         LINE#         875
  C:1F1EH         LINE#         877
  C:1F58H         LINE#         878
  C:1F6EH         LINE#         880
  C:1F87H         LINE#         882
  C:1F8EH         LINE#         883
  C:1F95H         LINE#         884
  C:1F98H         LINE#         886
  C:1FEDH         LINE#         887
  C:1FF4H         LINE#         889
  C:1FFBH         LINE#         890
  C:1FFEH         LINE#         892
  C:20AAH         LINE#         893
  C:20B1H         LINE#         895
  C:20B8H         LINE#         896
  C:20BBH         LINE#         898
  C:20DFH         LINE#         899
  C:20E6H         LINE#         900
  C:20E6H         LINE#         901
  C:20F7H         LINE#         902
  C:20F7H         LINE#         903
  C:20F7H         LINE#         905
  C:211CH         LINE#         906
  C:211CH         LINE#         907
  C:2134H         LINE#         908
  C:2134H         LINE#         909
  C:214EH         LINE#         913
  C:215EH         LINE#         915
  C:215EH         LINE#         917
  C:216DH         LINE#         918
  C:216DH         LINE#         919
  C:2170H         LINE#         920
  C:2177H         LINE#         921
  C:217CH         LINE#         922
  C:2181H         LINE#         923
BL51 BANKED LINKER/LOCATER V6.22                                                      08/20/2019  12:02:48  PAGE 20


  C:2186H         LINE#         924
  C:218BH         LINE#         925
  C:2190H         LINE#         935
  C:2193H         LINE#         937
  C:2196H         LINE#         938
  C:219DH         LINE#         939
  C:21A7H         LINE#         940
  C:21AEH         LINE#         942
  C:21B1H         LINE#         951
  C:21B1H         LINE#         952
  -------         ENDPROC       MAIN
  -------         PROC          UART
  C:000EH         LINE#         966
  C:000EH         LINE#         968
  C:0011H         LINE#         969
  C:0011H         LINE#         970
  C:0013H         LINE#         972
  C:0013H         LINE#         973
  C:0016H         LINE#         974
  C:0016H         LINE#         975
  C:0018H         LINE#         976
  C:001AH         LINE#         977
  C:001AH         LINE#         978
  -------         ENDPROC       UART
  -------         PROC          _SENDUART1
  D:0007H         SYMBOL        dat
  C:749CH         LINE#         980
  C:749CH         LINE#         981
  C:749CH         LINE#         982
  C:749FH         LINE#         983
  C:74A1H         LINE#         984
  C:74A2H         LINE#         985
  C:74A4H         LINE#         986
  -------         ENDPROC       _SENDUART1
  -------         ENDMOD        MAIN

  -------         MODULE        PCF85063BTL
  C:0000H         SYMBOL        _ICE_DUMMY_
  D:0096H         PUBLIC        P2M0
  D:0080H         PUBLIC        P0
  D:0095H         PUBLIC        P2M1
  D:0090H         PUBLIC        P1
  D:00A0H         PUBLIC        P2
  D:00B0H         PUBLIC        P3
  D:00C0H         PUBLIC        P4
  D:00C8H         PUBLIC        P5
  D:00E8H         PUBLIC        P6
  B:00A0H.1       PUBLIC        PCF85063BTL_SDI
  D:00F8H         PUBLIC        P7
  B:00A0H.2       PUBLIC        PCF85063BTL_SCK
  B:00A0H.1       PUBLIC        PCF85063BTL_SDO
  D:00A8H         PUBLIC        IE
  C:6D1EH         PUBLIC        _Read_time
  C:73BEH         PUBLIC        _PCF85063BTL_Delay
  D:00B8H         PUBLIC        IP
  D:00D8H         PUBLIC        CCON
  C:6BABH         PUBLIC        _Day_Of_Year
BL51 BANKED LINKER/LOCATER V6.22                                                      08/20/2019  12:02:48  PAGE 21


  C:72A4H         PUBLIC        SPI_ReceiveByte
  D:0098H         PUBLIC        SCON
  D:0088H         PUBLIC        TCON
  C:73F1H         PUBLIC        _BCDtoDec
  B:00A0H.0       PUBLIC        PCF85063BTL_CS
  C:73E0H         PUBLIC        _SPI_ReadTime
  C:7440H         PUBLIC        SPI_Init
  C:7334H         PUBLIC        _SPI_WriteTime
  C:7284H         PUBLIC        _SPI_SendByte
  D:00D0H         PUBLIC        PSW
  C:73BAH         SYMBOL        L?0048
  -------         PROC          L?0047
  -------         ENDPROC       L?0047
  C:73BAH         SYMBOL        L?0048
  -------         PROC          _PCF85063BTL_DELAY
  D:0006H         SYMBOL        us
  C:73BEH         LINE#         8
  C:73BEH         LINE#         9
  C:73BEH         LINE#         10
  C:73C8H         LINE#         11
  C:73C8H         LINE#         12
  C:73C9H         LINE#         13
  C:73CBH         LINE#         14
  -------         ENDPROC       _PCF85063BTL_DELAY
  -------         PROC          _SPI_SENDBYTE
  D:0005H         SYMBOL        dat
  -------         DO            
  D:0003H         SYMBOL        i
  -------         ENDDO         
  C:7284H         LINE#         17
  C:7286H         LINE#         18
  C:7286H         LINE#         20
  C:7288H         LINE#         21
  C:7288H         LINE#         22
  C:728AH         LINE#         23
  C:728EH         LINE#         24
  C:728EH         LINE#         25
  C:7290H         LINE#         26
  C:7292H         LINE#         28
  C:7292H         LINE#         29
  C:7294H         LINE#         30
  C:7294H         LINE#         31
  C:7297H         LINE#         32
  C:7297H         LINE#         33
  C:729AH         LINE#         34
  C:729EH         LINE#         35
  C:72A3H         LINE#         36
  -------         ENDPROC       _SPI_SENDBYTE
  -------         PROC          SPI_RECEIVEBYTE
  -------         DO            
  D:0003H         SYMBOL        i
  D:0005H         SYMBOL        dat
  -------         ENDDO         
  C:72A4H         LINE#         39
  C:72A4H         LINE#         40
  C:72A4H         LINE#         42
  C:72A6H         LINE#         44
BL51 BANKED LINKER/LOCATER V6.22                                                      08/20/2019  12:02:48  PAGE 22


  C:72A8H         LINE#         45
  C:72A9H         LINE#         46
  C:72A9H         LINE#         47
  C:72ADH         LINE#         48
  C:72AFH         LINE#         49
  C:72B2H         LINE#         51
  C:72B5H         LINE#         52
  C:72B5H         LINE#         53
  C:72B9H         LINE#         54
  C:72B9H         LINE#         55
  C:72B9H         LINE#         56
  C:72BCH         LINE#         57
  C:72C1H         LINE#         58
  C:72C3H         LINE#         59
  -------         ENDPROC       SPI_RECEIVEBYTE
  -------         PROC          _SPI_READTIME
  D:0007H         SYMBOL        addr
  -------         DO            
  D:0006H         SYMBOL        dat
  -------         ENDDO         
  C:73E0H         LINE#         61
  C:73E0H         LINE#         62
  C:73E0H         LINE#         64
  C:73E2H         LINE#         65
  C:73E4H         LINE#         66
  C:73EBH         LINE#         67
  C:73EEH         LINE#         68
  C:73F0H         LINE#         69
  C:73F0H         LINE#         70
  -------         ENDPROC       _SPI_READTIME
  -------         PROC          _SPI_WRITETIME
  D:0002H         SYMBOL        val
  D:0005H         SYMBOL        addr
  C:7334H         LINE#         71
  C:7336H         LINE#         72
  C:7336H         LINE#         74
  C:7338H         LINE#         75
  C:733FH         LINE#         76
  C:7344H         LINE#         77
  C:7349H         LINE#         78
  C:734BH         LINE#         79
  -------         ENDPROC       _SPI_WRITETIME
  -------         PROC          SPI_INIT
  C:7440H         LINE#         83
  C:7440H         LINE#         84
  C:7440H         LINE#         89
  C:7443H         LINE#         90
  C:7446H         LINE#         91
  C:7448H         LINE#         92
  C:744AH         LINE#         93
  C:744CH         LINE#         94
  -------         ENDPROC       SPI_INIT
  -------         PROC          _READ_TIME
  X:04E9H         SYMBOL        months
  X:04ECH         SYMBOL        days
  X:04EFH         SYMBOL        hours
  X:04F2H         SYMBOL        mins
BL51 BANKED LINKER/LOCATER V6.22                                                      08/20/2019  12:02:48  PAGE 23


  X:04F5H         SYMBOL        seconds
  C:6D1EH         LINE#         96
  C:6D29H         LINE#         97
  C:6D29H         LINE#         99
  C:6D3DH         LINE#         101
  C:6D51H         LINE#         103
  C:6D65H         LINE#         108
  C:6D79H         LINE#         113
  -------         ENDPROC       _READ_TIME
  -------         PROC          _BCDTODEC
  D:0007H         SYMBOL        bcd
  -------         DO            
  D:0006H         SYMBOL        hi
  D:0007H         SYMBOL        lo
  -------         ENDDO         
  C:73F1H         LINE#         119
  C:73F1H         LINE#         120
  C:73F1H         LINE#         122
  C:73F6H         LINE#         123
  C:73FAH         LINE#         124
  C:7401H         LINE#         125
  -------         ENDPROC       _BCDTODEC
  -------         PROC          _DAY_OF_YEAR
  D:0007H         SYMBOL        months_bcd
  D:0005H         SYMBOL        days_bcd
  -------         DO            
  D:0004H         SYMBOL        months
  D:0007H         SYMBOL        days
  -------         ENDDO         
  C:6BABH         LINE#         126
  C:6BABH         LINE#         127
  C:6BABH         LINE#         130
  C:6BB0H         LINE#         132
  C:6BB5H         LINE#         134
  C:6BEEH         LINE#         135
  C:6BEEH         LINE#         136
  C:6BEEH         LINE#         137
  C:6BF1H         LINE#         138
  C:6BF1H         LINE#         139
  C:6BF1H         LINE#         140
  C:6BF6H         LINE#         141
  C:6BF6H         LINE#         142
  C:6BF6H         LINE#         143
  C:6BFBH         LINE#         144
  C:6BFBH         LINE#         145
  C:6BFBH         LINE#         146
  C:6C00H         LINE#         147
  C:6C00H         LINE#         148
  C:6C00H         LINE#         149
  C:6C05H         LINE#         150
  C:6C05H         LINE#         151
  C:6C05H         LINE#         152
  C:6C0AH         LINE#         153
  C:6C0AH         LINE#         154
  C:6C0AH         LINE#         155
  C:6C0FH         LINE#         156
  C:6C0FH         LINE#         157
BL51 BANKED LINKER/LOCATER V6.22                                                      08/20/2019  12:02:48  PAGE 24


  C:6C0FH         LINE#         158
  C:6C14H         LINE#         159
  C:6C14H         LINE#         160
  C:6C14H         LINE#         161
  C:6C1CH         LINE#         162
  C:6C1CH         LINE#         163
  C:6C1CH         LINE#         164
  C:6C21H         LINE#         165
  C:6C21H         LINE#         166
  C:6C21H         LINE#         167
  C:6C26H         LINE#         168
  C:6C26H         LINE#         169
  C:6C26H         LINE#         170
  C:6C2FH         LINE#         171
  C:6C2FH         LINE#         172
  C:6C2FH         LINE#         173
  C:6C32H         LINE#         174
  C:6C32H         LINE#         175
  -------         ENDPROC       _DAY_OF_YEAR
  -------         ENDMOD        PCF85063BTL

  -------         MODULE        LCD_DRIVER_SPLC780D
  C:0000H         SYMBOL        _ICE_DUMMY_
  D:0092H         PUBLIC        P1M0
  D:0091H         PUBLIC        P1M1
  D:0080H         PUBLIC        P0
  D:0090H         PUBLIC        P1
  D:00A0H         PUBLIC        P2
  D:00B0H         PUBLIC        P3
  D:00C0H         PUBLIC        P4
  D:00C8H         PUBLIC        P5
  D:00E8H         PUBLIC        P6
  D:00F8H         PUBLIC        P7
  C:6C37H         PUBLIC        _WriteData
  D:00A8H         PUBLIC        IE
  D:00B8H         PUBLIC        IP
  D:00D8H         PUBLIC        CCON
  B:00B0H.4       PUBLIC        LCD_D4
  B:00B0H.5       PUBLIC        LCD_D5
  B:00B0H.6       PUBLIC        LCD_D6
  C:72E2H         PUBLIC        _DisplayLCD
  B:00B0H.7       PUBLIC        LCD_D7
  D:0098H         PUBLIC        SCON
  D:0088H         PUBLIC        TCON
  C:7489H         PUBLIC        LCD_clear
  C:6FB9H         PUBLIC        _Command
  C:7379H         PUBLIC        _Display_Line
  C:6DE7H         PUBLIC        LCD_Init
  C:7221H         PUBLIC        _Wait_ms
  B:00C0H.0       PUBLIC        LCD_RS
  B:0090H.3       PUBLIC        LCD_RW
  C:747FH         PUBLIC        LCD_return_home
  C:5E52H         PUBLIC        _Display_Pos
  B:00B0H.3       PUBLIC        LCD_E
  D:00D0H         PUBLIC        PSW
  -------         PROC          LCD_INIT
  C:6DE7H         LINE#         9
BL51 BANKED LINKER/LOCATER V6.22                                                      08/20/2019  12:02:48  PAGE 25


  C:6DE7H         LINE#         10
  C:6DE7H         LINE#         11
  C:6DEAH         LINE#         12
  C:6DEDH         LINE#         14
  C:6DF3H         LINE#         15
  C:6DF8H         LINE#         17
  C:6DFFH         LINE#         18
  C:6E04H         LINE#         20
  C:6E07H         LINE#         21
  C:6E0CH         LINE#         23
  C:6E0FH         LINE#         24
  C:6E14H         LINE#         26
  C:6E1BH         LINE#         29
  C:6E20H         LINE#         30
  C:6E25H         LINE#         32
  C:6E2AH         LINE#         33
  C:6E2FH         LINE#         35
  C:6E34H         LINE#         36
  C:6E39H         LINE#         37
  -------         ENDPROC       LCD_INIT
  C:6C33H         SYMBOL        L?0035
  -------         PROC          L?0034
  -------         ENDPROC       L?0034
  C:6C33H         SYMBOL        L?0035
  -------         PROC          _WRITEDATA
  X:04F4H         SYMBOL        dat
  C:6C37H         LINE#         40
  C:6C3CH         LINE#         41
  C:6C3CH         LINE#         46
  C:6C3EH         LINE#         47
  C:6C40H         LINE#         49
  C:6C4EH         LINE#         50
  C:6C5AH         LINE#         51
  C:6C66H         LINE#         52
  C:6C70H         LINE#         53
  C:6C72H         LINE#         54
  C:6C79H         LINE#         55
  C:6C7BH         LINE#         57
  C:6C8BH         LINE#         58
  C:6C96H         LINE#         59
  C:6CA0H         LINE#         60
  C:6CA4H         LINE#         62
  C:6CA4H         LINE#         63
  C:6CA7H         LINE#         64
  C:6CA9H         LINE#         65
  C:6CABH         LINE#         67
  -------         ENDPROC       _WRITEDATA
  -------         PROC          _COMMAND
  D:0007H         SYMBOL        dat
  C:6FB9H         LINE#         69
  C:6FB9H         LINE#         70
  C:6FB9H         LINE#         71
  C:6FBBH         LINE#         72
  C:6FBDH         LINE#         74
  C:6FC7H         LINE#         75
  C:6FCBH         LINE#         77
  C:6FCDH         LINE#         78
BL51 BANKED LINKER/LOCATER V6.22                                                      08/20/2019  12:02:48  PAGE 26


  C:6FD6H         LINE#         79
  C:6FDAH         LINE#         81
  C:6FDCH         LINE#         82
  C:6FE3H         LINE#         83
  C:6FE7H         LINE#         85
  C:6FE9H         LINE#         86
  C:6FEDH         LINE#         87
  C:6FF1H         LINE#         89
  C:6FF3H         LINE#         90
  C:6FF3H         LINE#         91
  C:6FF6H         LINE#         92
  C:6FF8H         LINE#         93
  -------         ENDPROC       _COMMAND
  C:721DH         SYMBOL        L?0037
  -------         PROC          L?0036
  -------         ENDPROC       L?0036
  C:721DH         SYMBOL        L?0037
  -------         PROC          _WAIT_MS
  D:0006H         SYMBOL        ms
  -------         DO            
  D:0004H         SYMBOL        De_Cnt
  -------         ENDDO         
  C:7221H         LINE#         95
  C:7221H         LINE#         96
  C:7221H         LINE#         98
  C:722BH         LINE#         99
  C:722BH         LINE#         100
  C:723EH         LINE#         101
  C:723EH         LINE#         102
  -------         ENDPROC       _WAIT_MS
  -------         PROC          _DISPLAYLCD
  D:0007H         SYMBOL        BCD
  -------         DO            
  D:0006H         SYMBOL        first_digit
  X:03F8H         SYMBOL        second_digit
  -------         ENDDO         
  C:72E2H         LINE#         103
  C:72E2H         LINE#         104
  C:72E2H         LINE#         106
  C:72E9H         LINE#         107
  C:72F2H         LINE#         109
  C:72F7H         LINE#         111
  -------         ENDPROC       _DISPLAYLCD
  -------         PROC          LCD_RETURN_HOME
  C:747FH         LINE#         115
  C:747FH         LINE#         116
  C:747FH         LINE#         117
  C:7484H         LINE#         118
  -------         ENDPROC       LCD_RETURN_HOME
  -------         PROC          LCD_CLEAR
  C:7489H         LINE#         121
  C:7489H         LINE#         122
  C:7489H         LINE#         123
  C:748EH         LINE#         124
  -------         ENDPROC       LCD_CLEAR
  -------         PROC          _DISPLAY_LINE
  D:0006H         SYMBOL        line
BL51 BANKED LINKER/LOCATER V6.22                                                      08/20/2019  12:02:48  PAGE 27


  C:7379H         LINE#         128
  C:7379H         LINE#         129
  C:7379H         LINE#         130
  C:737FH         LINE#         131
  C:737FH         LINE#         132
  C:7381H         LINE#         133
  C:7381H         LINE#         134
  C:7383H         LINE#         136
  C:7383H         LINE#         137
  C:7388H         LINE#         138
  C:738DH         LINE#         139
  C:738DH         LINE#         140
  -------         ENDPROC       _DISPLAY_LINE
  -------         PROC          _DISPLAY_POS
  X:04E9H         SYMBOL        sign_dat
  -------         DO            
  X:04EDH         SYMBOL        unit
  X:04EEH         SYMBOL        ten
  X:04EFH         SYMBOL        hundred
  X:04F0H         SYMBOL        thousand
  X:04F1H         SYMBOL        after_dot
  X:04F2H         SYMBOL        dat
  -------         ENDDO         
  C:5E52H         LINE#         142
  C:5E58H         LINE#         143
  C:5E58H         LINE#         147
  C:5E74H         LINE#         148
  C:5E8EH         LINE#         149
  C:5EB2H         LINE#         151
  C:5EFCH         LINE#         153
  C:5F13H         LINE#         154
  C:5F25H         LINE#         155
  C:5F4AH         LINE#         156
  C:5F64H         LINE#         157
  C:5F7CH         LINE#         158
  C:5F7CH         LINE#         159
  C:5F7CH         LINE#         160
  C:5F7CH         LINE#         161
  C:5F7CH         LINE#         162
  C:5F7CH         LINE#         163
  C:5F7CH         LINE#         164
  C:5F7CH         LINE#         168
  C:5F7EH         LINE#         170
  C:5F7EH         LINE#         172
  C:5F83H         LINE#         173
  C:5F89H         LINE#         174
  C:5F8FH         LINE#         175
  C:5F95H         LINE#         176
  C:5F9BH         LINE#         177
  C:5FA0H         LINE#         178
  C:5FA6H         LINE#         182
  C:5FA6H         LINE#         184
  -------         ENDPROC       _DISPLAY_POS
  -------         ENDMOD        LCD_DRIVER_SPLC780D

  -------         MODULE        KEYPAD
  C:0000H         SYMBOL        _ICE_DUMMY_
BL51 BANKED LINKER/LOCATER V6.22                                                      08/20/2019  12:02:48  PAGE 28


  D:0093H         PUBLIC        P0M1
  D:0080H         PUBLIC        P0
  D:0090H         PUBLIC        P1
  D:00A0H         PUBLIC        P2
  D:00B0H         PUBLIC        P3
  D:00C0H         PUBLIC        P4
  D:00C8H         PUBLIC        P5
  D:00E8H         PUBLIC        P6
  D:00F8H         PUBLIC        P7
  D:00A8H         PUBLIC        IE
  C:584EH         PUBLIC        Key_Scan
  D:00B8H         PUBLIC        IP
  D:00D8H         PUBLIC        CCON
  C:7467H         PUBLIC        KeyPad_IO_Init
  C:72C4H         PUBLIC        _Delay_ms
  D:0098H         PUBLIC        SCON
  D:0088H         PUBLIC        TCON
  X:0645H         PUBLIC        small_move
  X:0647H         PUBLIC        move
  X:0649H         PUBLIC        auto_mode
  X:064BH         PUBLIC        direction
  X:064DH         PUBLIC        SPI_NOR_ClearEnable
  C:4F7BH         PUBLIC        Key_Process
  D:00D0H         PUBLIC        PSW
  D:0094H         PUBLIC        P0M0
  -------         PROC          _DELAY_MS
  D:0006H         SYMBOL        ms
  -------         DO            
  D:0004H         SYMBOL        De_Cnt
  -------         ENDDO         
  C:72C4H         LINE#         20
  C:72C4H         LINE#         21
  C:72C4H         LINE#         23
  C:72CEH         LINE#         24
  C:72CEH         LINE#         25
  C:72E1H         LINE#         26
  C:72E1H         LINE#         27
  -------         ENDPROC       _DELAY_MS
  -------         PROC          KEY_SCAN
  -------         DO            
  X:03FEH         SYMBOL        KeyTemp1
  X:03FFH         SYMBOL        KeyTemp2
  X:0400H         SYMBOL        KeyValue
  -------         ENDDO         
  C:584EH         LINE#         28
  C:584EH         LINE#         29
  C:584EH         LINE#         34
  C:5851H         LINE#         37
  C:5854H         LINE#         39
  C:585CH         LINE#         40
  C:5863H         LINE#         41
  C:5863H         LINE#         43
  C:5868H         LINE#         44
  C:586FH         LINE#         45
  C:586FH         LINE#         48
  C:5872H         LINE#         49
  C:5875H         LINE#         50
BL51 BANKED LINKER/LOCATER V6.22                                                      08/20/2019  12:02:48  PAGE 29


  C:587AH         LINE#         51
  C:587EH         LINE#         52
  C:587EH         LINE#         53
  C:5886H         LINE#         54
  C:5886H         LINE#         55
  C:5889H         LINE#         56
  C:5891H         LINE#         57
  C:5893H         LINE#         59
  C:58A7H         LINE#         60
  C:58A7H         LINE#         61
  C:58A7H         LINE#         62
  C:58A7H         LINE#         63
  C:58ADH         LINE#         65
  C:58AFH         LINE#         66
  C:58AFH         LINE#         67
  C:58AFH         LINE#         68
  C:58B5H         LINE#         70
  C:58B7H         LINE#         71
  C:58B7H         LINE#         72
  C:58B7H         LINE#         73
  C:58BDH         LINE#         75
  C:58BFH         LINE#         76
  C:58BFH         LINE#         77
  C:58BFH         LINE#         78
  C:58C5H         LINE#         80
  C:58C5H         LINE#         81
  C:58C5H         LINE#         82
  C:58C5H         LINE#         85
  C:58C8H         LINE#         86
  C:58CBH         LINE#         87
  C:58D3H         LINE#         88
  C:58D7H         LINE#         89
  C:58D7H         LINE#         90
  C:58DFH         LINE#         91
  C:58DFH         LINE#         92
  C:58E2H         LINE#         93
  C:58EAH         LINE#         94
  C:58ECH         LINE#         95
  C:5900H         LINE#         96
  C:5900H         LINE#         97
  C:5900H         LINE#         98
  C:5900H         LINE#         99
  C:5906H         LINE#         101
  C:5908H         LINE#         102
  C:5908H         LINE#         103
  C:5908H         LINE#         104
  C:590EH         LINE#         106
  C:5910H         LINE#         107
  C:5910H         LINE#         108
  C:5910H         LINE#         109
  C:5916H         LINE#         111
  C:5918H         LINE#         112
  C:5918H         LINE#         113
  C:5918H         LINE#         114
  C:591DH         LINE#         116
  C:591DH         LINE#         117
  C:591DH         LINE#         118
BL51 BANKED LINKER/LOCATER V6.22                                                      08/20/2019  12:02:48  PAGE 30


  C:591DH         LINE#         121
  C:5920H         LINE#         122
  C:5923H         LINE#         123
  C:592BH         LINE#         124
  C:592FH         LINE#         125
  C:592FH         LINE#         126
  C:5937H         LINE#         127
  C:5937H         LINE#         128
  C:593AH         LINE#         129
  C:5942H         LINE#         130
  C:5944H         LINE#         131
  C:5958H         LINE#         132
  C:5958H         LINE#         133
  C:5958H         LINE#         134
  C:5958H         LINE#         135
  C:595EH         LINE#         137
  C:5960H         LINE#         138
  C:5960H         LINE#         139
  C:5960H         LINE#         140
  C:5966H         LINE#         142
  C:5968H         LINE#         143
  C:5968H         LINE#         144
  C:5968H         LINE#         145
  C:596EH         LINE#         147
  C:5970H         LINE#         148
  C:5970H         LINE#         149
  C:5970H         LINE#         150
  C:5976H         LINE#         152
  C:5976H         LINE#         153
  C:5976H         LINE#         154
  C:5976H         LINE#         158
  C:5979H         LINE#         159
  C:597CH         LINE#         160
  C:5984H         LINE#         161
  C:5988H         LINE#         162
  C:5988H         LINE#         163
  C:5990H         LINE#         164
  C:5990H         LINE#         165
  C:5993H         LINE#         166
  C:599BH         LINE#         167
  C:599DH         LINE#         168
  C:59B1H         LINE#         169
  C:59B1H         LINE#         170
  C:59B1H         LINE#         171
  C:59B1H         LINE#         172
  C:59B7H         LINE#         174
  C:59B9H         LINE#         175
  C:59B9H         LINE#         176
  C:59B9H         LINE#         177
  C:59BFH         LINE#         179
  C:59C1H         LINE#         180
  C:59C1H         LINE#         181
  C:59C1H         LINE#         182
  C:59C7H         LINE#         184
  C:59C9H         LINE#         185
  C:59C9H         LINE#         186
  C:59C9H         LINE#         187
BL51 BANKED LINKER/LOCATER V6.22                                                      08/20/2019  12:02:48  PAGE 31


  C:59CFH         LINE#         189
  C:59CFH         LINE#         190
  C:59CFH         LINE#         191
  C:59CFH         LINE#         193
  C:59D5H         LINE#         194
  C:59D5H         LINE#         196
  C:59D5H         LINE#         197
  C:59D8H         LINE#         198
  C:59D8H         LINE#         199
  C:59D8H         LINE#         201
  C:59D8H         LINE#         202
  C:59DAH         LINE#         203
  C:59DAH         LINE#         204
  -------         ENDPROC       KEY_SCAN
  -------         PROC          KEY_PROCESS
  -------         DO            
  X:0636H         SYMBOL        KeyCount
  X:0637H         SYMBOL        KeyNum_Old
  X:0639H         SYMBOL        KeyNum
  X:063BH         SYMBOL        PressedKey
  X:03F8H         SYMBOL        d
  D:0002H         SYMBOL        hours
  D:0006H         SYMBOL        mins
  X:03FAH         SYMBOL        months
  X:03FCH         SYMBOL        days
  -------         ENDDO         
  C:4F7BH         LINE#         205
  C:4F7BH         LINE#         206
  C:4F7BH         LINE#         210
  C:4F8AH         LINE#         211
  C:4F97H         LINE#         213
  C:4F9BH         LINE#         214
  C:4F9BH         LINE#         215
  C:4FA1H         LINE#         217
  C:4FA1H         LINE#         218
  C:4FB8H         LINE#         219
  C:4FB8H         LINE#         220
  C:4FC2H         LINE#         221
  C:4FC8H         LINE#         223
  C:4FCEH         LINE#         225
  C:4FCEH         LINE#         226
  C:4FE5H         LINE#         227
  C:4FE5H         LINE#         228
  C:4FEAH         LINE#         230
  C:4FEAH         LINE#         231
  C:4FFAH         LINE#         232
  C:4FFAH         LINE#         233
  C:5000H         LINE#         235
  C:5000H         LINE#         236
  C:5012H         LINE#         237
  C:5012H         LINE#         238
  C:501CH         LINE#         239
  C:5024H         LINE#         241
  C:502DH         LINE#         243
  C:502DH         LINE#         252
  C:504CH         LINE#         253
  C:504CH         LINE#         254
BL51 BANKED LINKER/LOCATER V6.22                                                      08/20/2019  12:02:48  PAGE 32


  C:506BH         LINE#         255
  C:5071H         LINE#         256
  C:5079H         LINE#         257
  C:5079H         LINE#         259
  C:507AH         LINE#         265
  C:5086H         LINE#         266
  C:5086H         LINE#         267
  C:50A3H         LINE#         268
  C:50BAH         LINE#         269
  C:50D1H         LINE#         270
  C:50D1H         LINE#         271
  C:50E4H         LINE#         272
  C:50F7H         LINE#         273
  C:50F7H         LINE#         274
  C:50F7H         LINE#         275
  C:50FAH         LINE#         280
  C:5109H         LINE#         281
  C:5109H         LINE#         282
  C:512CH         LINE#         283
  C:5149H         LINE#         284
  C:5152H         LINE#         285
  C:5152H         LINE#         286
  C:5159H         LINE#         287
  C:5159H         LINE#         288
  C:516AH         LINE#         289
  C:516AH         LINE#         290
  C:5179H         LINE#         291
  C:5179H         LINE#         292
  C:5179H         LINE#         293
  C:517CH         LINE#         295
  C:517CH         LINE#         296
  C:5188H         LINE#         297
  C:5188H         LINE#         298
  C:519AH         LINE#         299
  C:519AH         LINE#         300
  C:51AAH         LINE#         301
  C:51AAH         LINE#         302
  C:51AAH         LINE#         304
  C:51ACH         LINE#         306
  C:51ACH         LINE#         307
  C:51BBH         LINE#         308
  C:51BBH         LINE#         309
  C:51CBH         LINE#         310
  C:51CBH         LINE#         311
  C:51CBH         LINE#         313
  C:51CBH         LINE#         315
  C:51CBH         LINE#         316
  C:51CDH         LINE#         318
  C:51CDH         LINE#         319
  C:51D4H         LINE#         320
  C:51D4H         LINE#         321
  C:51E3H         LINE#         322
  C:51E3H         LINE#         323
  C:51F3H         LINE#         324
  C:51F3H         LINE#         325
  C:51F3H         LINE#         326
  C:51F5H         LINE#         328
BL51 BANKED LINKER/LOCATER V6.22                                                      08/20/2019  12:02:48  PAGE 33


  C:51F5H         LINE#         329
  C:5204H         LINE#         330
  C:5204H         LINE#         331
  C:5217H         LINE#         332
  C:522AH         LINE#         333
  C:522AH         LINE#         334
  C:522AH         LINE#         335
  C:522AH         LINE#         336
  C:5233H         LINE#         338
  C:5233H         LINE#         340
  C:526DH         LINE#         341
  C:526DH         LINE#         342
  C:5274H         LINE#         343
  C:5274H         LINE#         344
  C:527EH         LINE#         345
  C:527EH         LINE#         346
  C:5281H         LINE#         347
  C:5286H         LINE#         348
  C:528BH         LINE#         349
  C:5290H         LINE#         350
  C:5295H         LINE#         351
  C:529AH         LINE#         352
  C:529FH         LINE#         353
  C:52A4H         LINE#         354
  C:52A4H         LINE#         355
  C:52A4H         LINE#         357
  C:52C2H         LINE#         358
  C:52C2H         LINE#         359
  C:52C9H         LINE#         360
  C:52C9H         LINE#         361
  C:52CEH         LINE#         362
  C:52D7H         LINE#         363
  C:52F6H         LINE#         364
  C:52F6H         LINE#         365
  C:5306H         LINE#         367
  C:5306H         LINE#         371
  -------         ENDPROC       KEY_PROCESS
  -------         PROC          KEYPAD_IO_INIT
  C:7467H         LINE#         374
  C:7467H         LINE#         375
  C:7467H         LINE#         376
  C:746AH         LINE#         377
  C:746DH         LINE#         378
  C:7470H         LINE#         379
  C:7472H         LINE#         380
  -------         ENDPROC       KEYPAD_IO_INIT
  -------         ENDMOD        KEYPAD

  -------         MODULE        BIPOLARMOTOR
  C:0000H         SYMBOL        _ICE_DUMMY_
  X:0000H         PUBLIC        UTC_time
  D:0080H         PUBLIC        P0
  D:0090H         PUBLIC        P1
  X:0004H         PUBLIC        RX_pos_test
  D:00A0H         PUBLIC        P2
  D:00B0H         PUBLIC        P3
  D:00C0H         PUBLIC        P4
BL51 BANKED LINKER/LOCATER V6.22                                                      08/20/2019  12:02:48  PAGE 34


  D:00C8H         PUBLIC        P5
  D:00E8H         PUBLIC        P6
  D:00F8H         PUBLIC        P7
  X:00A4H         PUBLIC        low_date_azimuth_mapping
  D:00A8H         PUBLIC        IE
  C:65F7H         PUBLIC        linear_interpolate
  X:00CCH         PUBLIC        declination
  C:7158H         PUBLIC        _Move
  D:00B8H         PUBLIC        IP
  X:00D0H         PUBLIC        time_offset
  D:00D8H         PUBLIC        CCON
  X:00D4H         PUBLIC        previous_move_time
  X:00D5H         PUBLIC        time
  D:0098H         PUBLIC        SCON
  D:0088H         PUBLIC        TCON
  C:6FF9H         PUBLIC        _Step_move
  X:00E7H         PUBLIC        dat
[...]
  C:5A57H         LINE#         326
  C:5A57H         LINE#         328
  C:5A5AH         LINE#         330
  C:5A74H         LINE#         331
  C:5A74H         LINE#         332
  C:5A74H         LINE#         334
  C:5A77H         LINE#         336
  C:5A91H         LINE#         337
  C:5A91H         LINE#         338
  C:5A91H         LINE#         340
  C:5A94H         LINE#         342
  C:5AAEH         LINE#         343
  C:5AAEH         LINE#         344
  C:5AAEH         LINE#         346
BL51 BANKED LINKER/LOCATER V6.22                                                      08/20/2019  12:02:48  PAGE 55


  C:5AB1H         LINE#         348
  C:5ACBH         LINE#         349
  C:5ACBH         LINE#         350
  C:5ACBH         LINE#         352
  C:5ACEH         LINE#         354
  C:5AE8H         LINE#         355
  C:5AE8H         LINE#         356
  C:5AE8H         LINE#         358
  C:5AEBH         LINE#         360
  C:5B05H         LINE#         361
  C:5B05H         LINE#         362
  C:5B05H         LINE#         364
  C:5B08H         LINE#         366
  C:5B22H         LINE#         367
  C:5B22H         LINE#         368
  C:5B22H         LINE#         370
  C:5B25H         LINE#         372
  C:5B3FH         LINE#         373
  C:5B46H         LINE#         374
  -------         ENDPROC       SPI_NOR_WRITE_DATA
  -------         ENDMOD        AT25SF041

  -------         MODULE        SI1120
  C:0000H         SYMBOL        _ICE_DUMMY_
  D:0080H         PUBLIC        P0
  D:00B2H         PUBLIC        P3M0
  D:0090H         PUBLIC        P1
  D:00B1H         PUBLIC        P3M1
  D:00A0H         PUBLIC        P2
  D:00B0H         PUBLIC        P3
  D:00C0H         PUBLIC        P4
  D:00C8H         PUBLIC        P5
  B:00A8H.7       PUBLIC        EA
  D:00E8H         PUBLIC        P6
  D:00F8H         PUBLIC        P7
  D:00A8H         PUBLIC        IE
  D:00B8H         PUBLIC        IP
  C:70A7H         PUBLIC        SI1120_CONFIG_MODE_VIRH
  D:00D8H         PUBLIC        CCON
  D:0098H         PUBLIC        SCON
  D:0088H         PUBLIC        TCON
  C:744DH         PUBLIC        Enable_EXTINT0
  B:0090H.5       PUBLIC        SI1120_STX
  B:0088H.0       PUBLIC        IT0
  B:00A8H.0       PUBLIC        EX0
  B:0090H.4       PUBLIC        SI1120_MD
  B:0090H.6       PUBLIC        SI1120_SC
  D:00D0H         PUBLIC        PSW
  -------         PROC          SI1120_CONFIG_MODE_VIRH
  C:70A7H         LINE#         4
  C:70A7H         LINE#         5
  C:70A7H         LINE#         6
  C:70A9H         LINE#         7
  C:70ABH         LINE#         8
  C:70ADH         LINE#         10
  C:70B4H         LINE#         11
  C:70B6H         LINE#         13
BL51 BANKED LINKER/LOCATER V6.22                                                      08/20/2019  12:02:48  PAGE 56


  C:70B8H         LINE#         14
  C:70BAH         LINE#         16
  C:70C1H         LINE#         18
  C:70C3H         LINE#         20
  C:70CAH         LINE#         23
  C:70CCH         LINE#         25
  C:70CEH         LINE#         27
  C:70D5H         LINE#         29
  C:70D7H         LINE#         31
  -------         ENDPROC       SI1120_CONFIG_MODE_VIRH
  -------         PROC          ENABLE_EXTINT0
  C:744DH         LINE#         33
  C:744DH         LINE#         34
  C:744DH         LINE#         35
  C:7450H         LINE#         36
  C:7453H         LINE#         37
  C:7455H         LINE#         38
  C:7457H         LINE#         39
  C:7459H         LINE#         40
  -------         ENDPROC       ENABLE_EXTINT0
  -------         ENDMOD        SI1120

  -------         MODULE        UART1
  C:0000H         SYMBOL        _ICE_DUMMY_
  D:0080H         PUBLIC        P0
  D:0090H         PUBLIC        P1
  D:00A0H         PUBLIC        P2
  D:00B0H         PUBLIC        P3
  D:00C0H         PUBLIC        P4
  D:00C8H         PUBLIC        P5
  C:723FH         PUBLIC        _uart1_SendToTCPServer
  B:00A8H.7       PUBLIC        EA
  D:00E8H         PUBLIC        P6
  D:00F8H         PUBLIC        P7
  C:7074H         PUBLIC        _SendString
  D:00A8H         PUBLIC        IE
  B:00A8H.4       PUBLIC        ES
  D:00B8H         PUBLIC        IP
  C:734CH         PUBLIC        _ASCIItoBCD
  D:00D8H         PUBLIC        CCON
  C:7402H         PUBLIC        initUART1
  D:0098H         PUBLIC        SCON
  D:0088H         PUBLIC        TCON
  C:74BBH         PUBLIC        _DectoBCD
  C:001EH         PUBLIC        _ASCII_Letter
  D:008EH         PUBLIC        AUXR
  C:0006H         PUBLIC        _unit
  C:74B4H         PUBLIC        _ten
  D:00D6H         PUBLIC        T2H
  D:00D7H         PUBLIC        T2L
  C:74A5H         PUBLIC        uart1_InitTCPConn
  D:00D0H         PUBLIC        PSW
  -------         PROC          INITUART1
  C:7402H         LINE#         24
  C:7402H         LINE#         25
  C:7402H         LINE#         26
  C:7405H         LINE#         27
BL51 BANKED LINKER/LOCATER V6.22                                                      08/20/2019  12:02:48  PAGE 57


  C:7408H         LINE#         28
  C:740BH         LINE#         29
  C:740EH         LINE#         30
  C:7410H         LINE#         31
  C:7412H         LINE#         33
  -------         ENDPROC       INITUART1
  -------         PROC          _SENDSTRING
  X:04E9H         SYMBOL        s
  C:7074H         LINE#         36
  C:707FH         LINE#         37
  C:707FH         LINE#         38
  C:708FH         LINE#         39
  C:708FH         LINE#         40
  C:70A4H         LINE#         41
  C:70A6H         LINE#         42
  -------         ENDPROC       _SENDSTRING
  -------         PROC          _TEN
  D:0007H         SYMBOL        BCD
  C:74B4H         LINE#         44
  C:74B4H         LINE#         45
  C:74B4H         LINE#         46
  C:74B9H         LINE#         47
  -------         ENDPROC       _TEN
  -------         PROC          _UNIT
  D:0007H         SYMBOL        BCD
  C:0006H         LINE#         48
  C:0006H         LINE#         49
  C:0006H         LINE#         53
  C:000AH         LINE#         54
  -------         ENDPROC       _UNIT
  -------         PROC          _DECTOBCD
  D:0007H         SYMBOL        dec
  C:74BBH         LINE#         55
  C:74BBH         LINE#         56
  C:74BBH         LINE#         58
  C:74BBH         LINE#         59
  -------         ENDPROC       _DECTOBCD
  -------         PROC          _ASCII_LETTER
  D:0007H         SYMBOL        dat
  C:001EH         LINE#         61
  C:001EH         LINE#         62
  C:001EH         LINE#         64
  C:0022H         LINE#         65
  -------         ENDPROC       _ASCII_LETTER
  -------         PROC          _ASCIITOBCD
  D:0001H         SYMBOL        ascii
  -------         DO            
  D:0007H         SYMBOL        dec_val
  D:0006H         SYMBOL        ten
  D:0007H         SYMBOL        unit
  -------         ENDDO         
  C:734CH         LINE#         67
  C:734CH         LINE#         68
  C:734CH         LINE#         70
  C:734FH         LINE#         71
  C:7355H         LINE#         72
  C:735CH         LINE#         73
BL51 BANKED LINKER/LOCATER V6.22                                                      08/20/2019  12:02:48  PAGE 58


  C:7362H         LINE#         75
  -------         ENDPROC       _ASCIITOBCD
  -------         PROC          UART1_INITTCPCONN
  C:74A5H         LINE#         77
  C:74A5H         LINE#         78
  C:74A5H         LINE#         82
  -------         ENDPROC       UART1_INITTCPCONN
  -------         PROC          _UART1_SENDTOTCPSERVER
  X:03F8H         SYMBOL        str
  C:723FH         LINE#         85
  C:724AH         LINE#         86
  C:724AH         LINE#         87
  C:7253H         LINE#         88
  C:725AH         LINE#         89
  -------         ENDPROC       _UART1_SENDTOTCPSERVER
  -------         ENDMOD        UART1

  -------         MODULE        ?C_STARTUP
  C:6B1FH         SEGMENT       ?C_C51STARTUP
  I:0022H         SEGMENT       ?STACK
  C:0000H         PUBLIC        ?C_STARTUP
  D:00E0H         SYMBOL        ACC
  D:00F0H         SYMBOL        B
  D:0083H         SYMBOL        DPH
  D:0082H         SYMBOL        DPL
  N:0000H         SYMBOL        IBPSTACK
  N:0100H         SYMBOL        IBPSTACKTOP
  N:0080H         SYMBOL        IDATALEN
  C:6B22H         SYMBOL        IDATALOOP
  N:0000H         SYMBOL        PBPSTACK
  N:0100H         SYMBOL        PBPSTACKTOP
  N:0000H         SYMBOL        PDATALEN
  N:0000H         SYMBOL        PDATASTART
  N:0000H         SYMBOL        PPAGE
  N:0000H         SYMBOL        PPAGEENABLE
  D:00A0H         SYMBOL        PPAGE_SFR
  D:0081H         SYMBOL        SP
  C:6B1FH         SYMBOL        STARTUP1
  N:0000H         SYMBOL        XBPSTACK
  N:0000H         SYMBOL        XBPSTACKTOP
  N:0000H         SYMBOL        XDATALEN
  N:0000H         SYMBOL        XDATASTART
  C:0000H         LINE#         126
  C:6B1FH         LINE#         133
  C:6B21H         LINE#         134
  C:6B22H         LINE#         135
  C:6B23H         LINE#         136
  C:6B25H         LINE#         185
  C:6B28H         LINE#         196
  -------         ENDMOD        ?C_STARTUP

  -------         MODULE        ?C?FPADD
  C:21BBH         PUBLIC        ?C?FPADD
  C:21B7H         PUBLIC        ?C?FPSUB
  -------         ENDMOD        ?C?FPADD

  -------         MODULE        ?C?FPMUL
BL51 BANKED LINKER/LOCATER V6.22                                                      08/20/2019  12:02:48  PAGE 59


  C:22ACH         PUBLIC        ?C?FPMUL
  -------         ENDMOD        ?C?FPMUL

  -------         MODULE        ?C?FPDIV
  C:23B5H         PUBLIC        ?C?FPDIV
  -------         ENDMOD        ?C?FPDIV

  -------         MODULE        ?C?FPCMP
  C:2454H         PUBLIC        ?C?FPCMP
  C:2452H         PUBLIC        ?C?FPCMP3
  -------         ENDMOD        ?C?FPCMP

  -------         MODULE        ?C?FPNEG
  C:24CBH         PUBLIC        ?C?FPNEG
  -------         ENDMOD        ?C?FPNEG

  -------         MODULE        ?C?FCAST
  C:24E6H         PUBLIC        ?C?FCASTC
  C:24E1H         PUBLIC        ?C?FCASTI
  C:24DCH         PUBLIC        ?C?FCASTL
  -------         ENDMOD        ?C?FCAST

  -------         MODULE        ?C?CASTF
  C:251AH         PUBLIC        ?C?CASTF
  -------         ENDMOD        ?C?CASTF

  -------         MODULE        PRINTF
  X:04E9H         PUBLIC        ?_PRINTF?BYTE
  X:04E9H         PUBLIC        ?_SPRINTF?BYTE
  C:4749H         PUBLIC        _PRINTF
  C:4743H         PUBLIC        _SPRINTF
  -------         ENDMOD        PRINTF

  -------         MODULE        FABS
  C:745AH         PUBLIC        _FABS
  -------         ENDMOD        FABS

  -------         MODULE        ATAN2
  X:049FH         PUBLIC        ?_atan2?BYTE
  C:694CH         PUBLIC        _atan2
  -------         ENDMOD        ATAN2

  -------         MODULE        SIN
  C:5BACH         PUBLIC        _COS
  C:5BC2H         PUBLIC        _SIN
  C:5BFEH         PUBLIC        _TAN
  -------         ENDMOD        SIN

  -------         MODULE        ACOS
  C:6F2BH         PUBLIC        _ACOS
  -------         ENDMOD        ACOS

  -------         MODULE        ASIN
  C:7039H         PUBLIC        _ASIN
  -------         ENDMOD        ASIN

  -------         MODULE        POW
BL51 BANKED LINKER/LOCATER V6.22                                                      08/20/2019  12:02:48  PAGE 60


  X:03BCH         PUBLIC        ?_pow?BYTE
  C:5CECH         PUBLIC        _pow
  -------         ENDMOD        POW

  -------         MODULE        ?C?CHKFLOAT
  C:259BH         PUBLIC        ?C?CHKFLOAT
  -------         ENDMOD        ?C?CHKFLOAT

  -------         MODULE        ?C?FPROUND
  C:25B5H         PUBLIC        ?C?FPROUND
  -------         ENDMOD        ?C?FPROUND

  -------         MODULE        ?C?FPCONVERT
  C:25F2H         PUBLIC        ?C?FPCONVERT
  -------         ENDMOD        ?C?FPCONVERT

  -------         MODULE        EXP
  C:6ABDH         PUBLIC        _EXP
  -------         ENDMOD        EXP

  -------         MODULE        LOG
  C:5FDBH         PUBLIC        _LOG
  C:5FD7H         PUBLIC        _LOG10
  -------         ENDMOD        LOG

  -------         MODULE        SQRT
  C:6803H         PUBLIC        _SQRT
  -------         ENDMOD        SQRT

  -------         MODULE        ATAN
  C:60F0H         PUBLIC        _ATAN
  -------         ENDMOD        ATAN

  -------         MODULE        ?C?FTNPWR
  C:2774H         PUBLIC        ?C?FTNPWR
  -------         ENDMOD        ?C?FTNPWR

  -------         MODULE        ?C?COPY
  C:2884H         PUBLIC        ?C?COPY
  -------         ENDMOD        ?C?COPY

  -------         MODULE        ?C?CLDPTR
  C:28AAH         PUBLIC        ?C?CLDPTR
  -------         ENDMOD        ?C?CLDPTR

  -------         MODULE        ?C?CLDOPTR
  C:28C3H         PUBLIC        ?C?CLDOPTR
  -------         ENDMOD        ?C?CLDOPTR

  -------         MODULE        ?C?CSTPTR
  C:28F0H         PUBLIC        ?C?CSTPTR
  -------         ENDMOD        ?C?CSTPTR

  -------         MODULE        ?C?IMUL
  C:2902H         PUBLIC        ?C?IMUL
  -------         ENDMOD        ?C?IMUL

BL51 BANKED LINKER/LOCATER V6.22                                                      08/20/2019  12:02:48  PAGE 61


  -------         MODULE        ?C?UIDIV
  C:2914H         PUBLIC        ?C?UIDIV
  -------         ENDMOD        ?C?UIDIV

  -------         MODULE        ?C?SIDIV
  C:2969H         PUBLIC        ?C?SIDIV
  -------         ENDMOD        ?C?SIDIV

  -------         MODULE        ?C?ILDIX
  C:299FH         PUBLIC        ?C?ILDIX
  -------         ENDMOD        ?C?ILDIX

  -------         MODULE        ?C?ILDOPTR
  C:29B5H         PUBLIC        ?C?ILDOPTR
  -------         ENDMOD        ?C?ILDOPTR

  -------         MODULE        ?C?ISTPTR
  C:29EDH         PUBLIC        ?C?ISTPTR
  -------         ENDMOD        ?C?ISTPTR

  -------         MODULE        ?C?LMUL
  C:2A0CH         PUBLIC        ?C?LMUL
  -------         ENDMOD        ?C?LMUL

  -------         MODULE        ?C?SLDIV
  C:6F75H         PUBLIC        ?C?SLDIV
  -------         ENDMOD        ?C?SLDIV

  -------         MODULE        ?C?LNEG
  C:2A5BH         PUBLIC        ?C?LNEG
  -------         ENDMOD        ?C?LNEG

  -------         MODULE        ?C?ULCMP
  C:2A69H         PUBLIC        ?C?ULCMP
  -------         ENDMOD        ?C?ULCMP

  -------         MODULE        ?C?LSHL
  C:2A7AH         PUBLIC        ?C?LSHL
  -------         ENDMOD        ?C?LSHL

  -------         MODULE        ?C?LLDPTR
  C:2A8DH         PUBLIC        ?C?LLDPTR
  -------         ENDMOD        ?C?LLDPTR

  -------         MODULE        ?C?LLDOPTR
  C:2AADH         PUBLIC        ?C?LLDOPTR
  -------         ENDMOD        ?C?LLDOPTR

  -------         MODULE        ?C?LSTPTR
  C:2ADDH         PUBLIC        ?C?LSTPTR
  -------         ENDMOD        ?C?LSTPTR

  -------         MODULE        ?C?LSTOPTR
  C:2AF7H         PUBLIC        ?C?LSTOPTR
  -------         ENDMOD        ?C?LSTOPTR

  -------         MODULE        ?C?LLDXDATA
BL51 BANKED LINKER/LOCATER V6.22                                                      08/20/2019  12:02:48  PAGE 62


  C:2B1BH         PUBLIC        ?C?LLDXDATA
  -------         ENDMOD        ?C?LLDXDATA

  -------         MODULE        ?C?LLDCODE
  C:2B27H         PUBLIC        ?C?LLDCODE
  -------         ENDMOD        ?C?LLDCODE

  -------         MODULE        ?C?LLDXDATA0
  C:2B37H         PUBLIC        ?C?LLDXDATA0
  -------         ENDMOD        ?C?LLDXDATA0

  -------         MODULE        ?C?LLDCODE0
  C:2B43H         PUBLIC        ?C?LLDCODE0
  -------         ENDMOD        ?C?LLDCODE0

  -------         MODULE        ?C?LLDPTR0
  C:2B53H         PUBLIC        ?C?LLDPTR0
  -------         ENDMOD        ?C?LLDPTR0

  -------         MODULE        ?C?LSTXDATA
  C:2B73H         PUBLIC        ?C?LSTXDATA
  -------         ENDMOD        ?C?LSTXDATA

  -------         MODULE        ?C?LSTKXDATA
  C:2B7FH         PUBLIC        ?C?LSTKXDATA
  -------         ENDMOD        ?C?LSTKXDATA

  -------         MODULE        ?C?LSTKPTR
  C:2BB0H         PUBLIC        ?C?LSTKPTR
  -------         ENDMOD        ?C?LSTKPTR

  -------         MODULE        ?C?OFFXADD
  C:2BCAH         PUBLIC        ?C?OFFXADD
  -------         ENDMOD        ?C?OFFXADD

  -------         MODULE        ?C?PLDIXDATA
  C:2BD6H         PUBLIC        ?C?PLDIXDATA
  -------         ENDMOD        ?C?PLDIXDATA

  -------         MODULE        ?C?PSTXDATA
  C:2BEDH         PUBLIC        ?C?PSTXDATA
  -------         ENDMOD        ?C?PSTXDATA

  -------         MODULE        ?C?CCASE
  C:2BF6H         PUBLIC        ?C?CCASE
  -------         ENDMOD        ?C?CCASE

  -------         MODULE        PUTCHAR
  C:71CFH         PUBLIC        _PUTCHAR
  -------         ENDMOD        PUTCHAR

  -------         MODULE        ABS
  C:7473H         PUBLIC        _ABS
  -------         ENDMOD        ABS

  -------         MODULE        ATOI
  C:64F9H         PUBLIC        _atoi
BL51 BANKED LINKER/LOCATER V6.22                                                      08/20/2019  12:02:48  PAGE 63


  -------         ENDMOD        ATOI

  -------         MODULE        ?C?IILDX
  C:2C1CH         PUBLIC        ?C?IILDX
  -------         ENDMOD        ?C?IILDX

  -------         MODULE        ?C?ULDIV
  C:2C6EH         PUBLIC        ?C?ULDIV
  -------         ENDMOD        ?C?ULDIV

  -------         MODULE        ?C?LLDIDATA
  C:2D00H         PUBLIC        ?C?LLDIDATA
  -------         ENDMOD        ?C?LLDIDATA

  -------         MODULE        ?C?LLDPDATA
  C:2D0CH         PUBLIC        ?C?LLDPDATA
  -------         ENDMOD        ?C?LLDPDATA

  -------         MODULE        ?C?LLDIDATA0
  C:2D18H         PUBLIC        ?C?LLDIDATA0
  -------         ENDMOD        ?C?LLDIDATA0

  -------         MODULE        ?C?LLDPDATA0
  C:2D25H         PUBLIC        ?C?LLDPDATA0
  -------         ENDMOD        ?C?LLDPDATA0

  -------         MODULE        ?C?LSTIDATA
  C:2D32H         PUBLIC        ?C?LSTIDATA
  -------         ENDMOD        ?C?LSTIDATA

  -------         MODULE        ?C?LSTPDATA
  C:2D3EH         PUBLIC        ?C?LSTPDATA
  -------         ENDMOD        ?C?LSTPDATA

  -------         MODULE        ?C?LSTKIDATA
  C:2D4AH         PUBLIC        ?C?LSTKIDATA
  -------         ENDMOD        ?C?LSTKIDATA

  -------         MODULE        ?C?LSTKPDATA
  C:2D63H         PUBLIC        ?C?LSTKPDATA
  -------         ENDMOD        ?C?LSTKPDATA

  -------         MODULE        ISDIGIT
  C:7431H         PUBLIC        _isdigit
  -------         ENDMOD        ISDIGIT

  -------         MODULE        ISSPACE
  C:73CCH         PUBLIC        _isspace
  -------         ENDMOD        ISSPACE

*** WARNING L16: UNCALLED SEGMENT, IGNORED FOR OVERLAY PROCESS
    SEGMENT: ?PR?_DAY_OF_YEAR?PCF85063BTL

*** WARNING L16: UNCALLED SEGMENT, IGNORED FOR OVERLAY PROCESS
    SEGMENT: ?PR?NOP?IOEXPANDER_PI4IOE5V96248

*** WARNING L16: UNCALLED SEGMENT, IGNORED FOR OVERLAY PROCESS
BL51 BANKED LINKER/LOCATER V6.22                                                      08/20/2019  12:02:48  PAGE 64


    SEGMENT: ?PR?UC_ACK?IOEXPANDER_PI4IOE5V96248

*** WARNING L16: UNCALLED SEGMENT, IGNORED FOR OVERLAY PROCESS
    SEGMENT: ?PR?UC_NACK?IOEXPANDER_PI4IOE5V96248

*** WARNING L16: UNCALLED SEGMENT, IGNORED FOR OVERLAY PROCESS
    SEGMENT: ?PR?_TEN?UART1

*** WARNING L16: UNCALLED SEGMENT, IGNORED FOR OVERLAY PROCESS
    SEGMENT: ?PR?_UNIT?UART1

*** WARNING L16: UNCALLED SEGMENT, IGNORED FOR OVERLAY PROCESS
    SEGMENT: ?PR?_DECTOBCD?UART1

*** WARNING L16: UNCALLED SEGMENT, IGNORED FOR OVERLAY PROCESS
    SEGMENT: ?PR?_ASCII_LETTER?UART1

*** WARNING L16: UNCALLED SEGMENT, IGNORED FOR OVERLAY PROCESS
    SEGMENT: ?PR?_ASCIITOBCD?UART1

Program Size: data=15.4 xdata=1622 code=29884
LINK/LOCATE RUN COMPLETE.  9 WARNING(S),  0 ERROR(S)
