BL51 BANKED LINKER/LOCATER V6.22                                                        08/30/2019  12:24:44  PAGE 1


BL51 BANKED LINKER/LOCATER V6.22, INVOKED BY:
C:\KEIL_V5\C51\BIN\BL51.EXE .\Obj\main.obj, .\Obj\PCF85063BTL.obj, .\Obj\LCd_Driver_SPLC780D.obj, .\Obj\KeyPad.obj, .\Ob
>> j\BipolarMotor.obj, .\Obj\SunPos.obj, .\Obj\ADC.obj, .\Obj\Calibration.obj, .\Obj\IOExpander_PI4IOE5V96248.obj, .\Obj
>> \AT25SF041.obj, .\Obj\SI1120.obj, .\Obj\UART1.obj, .\Obj\STARTUP.obj TO .\Obj\GPIO_RTC_Test RTX51TINY PRINT (.\Lis\GP
>> IO_RTC_Test.m51) RAMSIZE (256)


MEMORY MODEL: LARGE WITH FLOATING POINT ARITHMETIC


INPUT MODULES INCLUDED:
  .\Obj\main.obj (MAIN)
  .\Obj\PCF85063BTL.obj (PCF85063BTL)
  .\Obj\LCd_Driver_SPLC780D.obj (LCD_DRIVER_SPLC780D)
  .\Obj\KeyPad.obj (KEYPAD)
  .\Obj\BipolarMotor.obj (BIPOLARMOTOR)
  .\Obj\SunPos.obj (SUNPOS)
  .\Obj\ADC.obj (ADC)
  .\Obj\Calibration.obj (CALIBRATION)
  .\Obj\IOExpander_PI4IOE5V96248.obj (IOEXPANDER_PI4IOE5V96248)
  .\Obj\AT25SF041.obj (AT25SF041)
  .\Obj\SI1120.obj (SI1120)
  .\Obj\UART1.obj (UART1)
  .\Obj\STARTUP.obj (?C_STARTUP)
  C:\KEIL_V5\C51\LIB\C51FPL.LIB (?C?FPADD)
  C:\KEIL_V5\C51\LIB\C51FPL.LIB (?C?FPMUL)
  C:\KEIL_V5\C51\LIB\C51FPL.LIB (?C?FPDIV)
  C:\KEIL_V5\C51\LIB\C51FPL.LIB (?C?FPCMP)
  C:\KEIL_V5\C51\LIB\C51FPL.LIB (?C?FPNEG)
  C:\KEIL_V5\C51\LIB\C51FPL.LIB (?C?FCAST)
  C:\KEIL_V5\C51\LIB\C51FPL.LIB (?C?CASTF)
  C:\KEIL_V5\C51\LIB\C51FPL.LIB (PRINTF)
  C:\KEIL_V5\C51\LIB\C51FPL.LIB (FABS)
  C:\KEIL_V5\C51\LIB\C51FPL.LIB (ATAN2)
  C:\KEIL_V5\C51\LIB\C51FPL.LIB (SIN)
  C:\KEIL_V5\C51\LIB\C51FPL.LIB (ACOS)
  C:\KEIL_V5\C51\LIB\C51FPL.LIB (ASIN)
  C:\KEIL_V5\C51\LIB\C51FPL.LIB (POW)
  C:\KEIL_V5\C51\LIB\C51FPL.LIB (?C?FPGETOPN)
  C:\KEIL_V5\C51\LIB\C51FPL.LIB (?C?CHKFLOAT)
  C:\KEIL_V5\C51\LIB\C51FPL.LIB (?C?FPROUND)
  C:\KEIL_V5\C51\LIB\C51FPL.LIB (?C?FPCONVERT)
  C:\KEIL_V5\C51\LIB\C51FPL.LIB (?C?FPSERIES)
  C:\KEIL_V5\C51\LIB\C51FPL.LIB (EXP)
  C:\KEIL_V5\C51\LIB\C51FPL.LIB (LOG)
  C:\KEIL_V5\C51\LIB\C51FPL.LIB (SQRT)
  C:\KEIL_V5\C51\LIB\C51FPL.LIB (ATAN)
  C:\KEIL_V5\C51\LIB\C51FPL.LIB (?C?FTNPWR)
  C:\KEIL_V5\C51\LIB\C51L.LIB (?C_INIT)
  C:\KEIL_V5\C51\LIB\C51L.LIB (?C?COPY)
  C:\KEIL_V5\C51\LIB\C51L.LIB (?C?CLDPTR)
  C:\KEIL_V5\C51\LIB\C51L.LIB (?C?CLDOPTR)
  C:\KEIL_V5\C51\LIB\C51L.LIB (?C?CSTPTR)
  C:\KEIL_V5\C51\LIB\C51L.LIB (?C?IMUL)
  C:\KEIL_V5\C51\LIB\C51L.LIB (?C?UIDIV)
  C:\KEIL_V5\C51\LIB\C51L.LIB (?C?SIDIV)
  C:\KEIL_V5\C51\LIB\C51L.LIB (?C?ILDIX)
  C:\KEIL_V5\C51\LIB\C51L.LIB (?C?ILDOPTR)
BL51 BANKED LINKER/LOCATER V6.22                                                      08/30/2019  12:24:44  PAGE 2


  C:\KEIL_V5\C51\LIB\C51L.LIB (?C?ISTPTR)
  C:\KEIL_V5\C51\LIB\C51L.LIB (?C?LMUL)
  C:\KEIL_V5\C51\LIB\C51L.LIB (?C?SLDIV)
  C:\KEIL_V5\C51\LIB\C51L.LIB (?C?LNEG)
  C:\KEIL_V5\C51\LIB\C51L.LIB (?C?ULCMP)
  C:\KEIL_V5\C51\LIB\C51L.LIB (?C?LSHL)
  C:\KEIL_V5\C51\LIB\C51L.LIB (?C?LLDPTR)
  C:\KEIL_V5\C51\LIB\C51L.LIB (?C?LLDOPTR)
  C:\KEIL_V5\C51\LIB\C51L.LIB (?C?LSTPTR)
  C:\KEIL_V5\C51\LIB\C51L.LIB (?C?LSTOPTR)
  C:\KEIL_V5\C51\LIB\C51L.LIB (?C?LLDXDATA)
  C:\KEIL_V5\C51\LIB\C51L.LIB (?C?LLDCODE)
  C:\KEIL_V5\C51\LIB\C51L.LIB (?C?LLDXDATA0)
  C:\KEIL_V5\C51\LIB\C51L.LIB (?C?LLDCODE0)
  C:\KEIL_V5\C51\LIB\C51L.LIB (?C?LLDPTR0)
  C:\KEIL_V5\C51\LIB\C51L.LIB (?C?LSTXDATA)
  C:\KEIL_V5\C51\LIB\C51L.LIB (?C?LSTKXDATA)
  C:\KEIL_V5\C51\LIB\C51L.LIB (?C?LSTKPTR)
  C:\KEIL_V5\C51\LIB\C51L.LIB (?C?OFFXADD)
  C:\KEIL_V5\C51\LIB\C51L.LIB (?C?PLDIXDATA)
  C:\KEIL_V5\C51\LIB\C51L.LIB (?C?PSTXDATA)
  C:\KEIL_V5\C51\LIB\C51L.LIB (?C?CCASE)
  C:\KEIL_V5\C51\LIB\C51L.LIB (PUTCHAR)
  C:\KEIL_V5\C51\LIB\C51L.LIB (ABS)
  C:\KEIL_V5\C51\LIB\C51L.LIB (ATOI)
  C:\KEIL_V5\C51\LIB\C51L.LIB (?C?IILDX)
  C:\KEIL_V5\C51\LIB\C51L.LIB (?C?ULDIV)
  C:\KEIL_V5\C51\LIB\C51L.LIB (?C?LLDIDATA)
  C:\KEIL_V5\C51\LIB\C51L.LIB (?C?LLDPDATA)
  C:\KEIL_V5\C51\LIB\C51L.LIB (?C?LLDIDATA0)
  C:\KEIL_V5\C51\LIB\C51L.LIB (?C?LLDPDATA0)
  C:\KEIL_V5\C51\LIB\C51L.LIB (?C?LSTIDATA)
  C:\KEIL_V5\C51\LIB\C51L.LIB (?C?LSTPDATA)
  C:\KEIL_V5\C51\LIB\C51L.LIB (?C?LSTKIDATA)
  C:\KEIL_V5\C51\LIB\C51L.LIB (?C?LSTKPDATA)
  C:\KEIL_V5\C51\LIB\C51L.LIB (ISDIGIT)
  C:\KEIL_V5\C51\LIB\C51L.LIB (ISSPACE)


LINK MAP OF MODULE:  .\Obj\GPIO_RTC_Test (MAIN)


            TYPE    BASE      LENGTH    RELOCATION   SEGMENT NAME
            -----------------------------------------------------

            * * * * * * *   D A T A   M E M O R Y   * * * * * * *
            REG     0000H     0008H     ABSOLUTE     "REG BANK 0"
            DATA    0008H     0005H     UNIT         ?DT?PRINTF?PRINTF
                    000DH     0013H                  *** GAP ***
            BIT     0020H.0   0001H.1   UNIT         ?BI?PRINTF?PRINTF
            BIT     0021H.1   0000H.2   UNIT         ?BI?ATAN?ATAN
            BIT     0021H.3   0000H.1   UNIT         ?BI?MAIN
            BIT     0021H.4   0000H.1   UNIT         ?BI?VONESTEPMOVE?BIPOLARMOTOR
            BIT     0021H.5   0000H.1   UNIT         ?BI?_STEP_MOVE?BIPOLARMOTOR
            BIT     0021H.6   0000H.1   UNIT         ?BI?_MOVE?BIPOLARMOTOR
            BIT     0021H.7   0000H.1   UNIT         ?BI?SIN?SIN
            BIT     0022H.0   0000H.1   UNIT         ?BI?_ATOI?ATOI
BL51 BANKED LINKER/LOCATER V6.22                                                      08/30/2019  12:24:44  PAGE 3


            BIT     0022H.1   0000H.1   UNIT         _BIT_GROUP_
                    0022H.2   0000H.6                *** GAP ***
            IDATA   0023H     0001H     UNIT         ?STACK

            * * * * * * *  X D A T A   M E M O R Y  * * * * * * *
            XDATA   0000H     03BCH     UNIT         ?XD?BIPOLARMOTOR
            XDATA   03BCH     0171H     UNIT         ?XD?MAIN
            XDATA   052DH     00CDH     UNIT         ?XD?_FIND_REAL_MAX?CALIBRATION
            XDATA   05FAH     005DH     UNIT         ?XD?SUNPOS?SUNPOS
            XDATA   0657H     005CH     UNIT         ?XD?_THEORICALJP_POSITION?BIPOLARMOTOR
            XDATA   06B3H     004BH     UNIT         _XDATA_GROUP_
            XDATA   06FEH     0030H     UNIT         ?XD?PRINTF?PRINTF
            XDATA   072EH     0026H     UNIT         ?XD?_UPDATE_POSITION?BIPOLARMOTOR
            XDATA   0754H     0024H     UNIT         ?XD?_CALIBRATION?CALIBRATION
            XDATA   0778H     0019H     UNIT         ?XD?KEYPAD
            XDATA   0791H     0018H     UNIT         ?XD?VOLTAGE_IS_STABLE?CALIBRATION
            XDATA   07A9H     0014H     UNIT         ?XD?LINEAR_INTERPOLATE?BIPOLARMOTOR
            XDATA   07BDH     000EH     UNIT         ?XD?SPI_NOR_WRITE_DATA?AT25SF041
            XDATA   07CBH     000BH     UNIT         ?XD?_DISPLAY_POS?LCD_DRIVER_SPLC780D
            XDATA   07D6H     0008H     UNIT         ?XD?_AT25SF041_READ?AT25SF041
            XDATA   07DEH     0008H     UNIT         ?XD?_ATAN2?ATAN2
            XDATA   07E6H     0006H     UNIT         ?XD?KEY_PROCESS?KEYPAD
            XDATA   07ECH     0005H     UNIT         ?XD?_ELEVATION_CALCULATION?BIPOLARMOTOR
            XDATA   07F1H     0005H     UNIT         ?XD?_ATOI?ATOI
            XDATA   07F6H     0004H     UNIT         ?XD?_STEP_MOVE?BIPOLARMOTOR
            XDATA   07FAH     0004H     UNIT         ?XD?_MOVE?BIPOLARMOTOR
            XDATA   07FEH     0004H     UNIT         ?XD?_MAX_VALUE?CALIBRATION
            XDATA   0802H     0004H     UNIT         ?XD?SIN?SIN
            XDATA   0806H     0004H     UNIT         ?XD?SQRT?SQRT
            XDATA   080AH     0004H     UNIT         ?XD?ATAN?ATAN
            XDATA   080EH     0003H     UNIT         ?XD?KEY_SCAN?KEYPAD
            XDATA   0811H     0003H     UNIT         ?XD?_WRITE_PI4IOE5V96248?IOEXPANDER_PI4IOE5V96248
            XDATA   0814H     0001H     UNIT         ?XD?_DISPLAYLCD?LCD_DRIVER_SPLC780D
            XDATA   0815H     0001H     UNIT         ?XD?I2C_ACK?IOEXPANDER_PI4IOE5V96248
            XDATA   0816H     0001H     UNIT         ?XD?UC_ACK?IOEXPANDER_PI4IOE5V96248
            XDATA   0817H     0001H     UNIT         ?XD?UC_NACK?IOEXPANDER_PI4IOE5V96248

            * * * * * * *   C O D E   M E M O R Y   * * * * * * *
            CODE    0000H     0003H     ABSOLUTE     
            CODE    0003H     0003H     ABSOLUTE     
            CODE    0006H     0005H     UNIT         ?PR?_UNIT?UART1
            CODE    000BH     0003H     ABSOLUTE     
            CODE    000EH     000DH     UNIT         ?PR?UART?MAIN
            CODE    001BH     0003H     ABSOLUTE     
            CODE    001EH     0005H     UNIT         ?PR?_ASCII_LETTER?UART1
            CODE    0023H     0003H     ABSOLUTE     
            CODE    0026H     0BC8H     UNIT         ?C?LIB_CODE
            CODE    0BEEH     07A2H     UNIT         ?PR?SUNPOS?SUNPOS
            CODE    1390H     06F4H     UNIT         ?PR?_FIND_REAL_MAX?CALIBRATION
            CODE    1A84H     06B3H     UNIT         ?PR?MAIN?MAIN
            CODE    2137H     0631H     UNIT         ?PR?_UPDATE_POSITION?BIPOLARMOTOR
            CODE    2768H     04FBH     UNIT         ?PR?_THEORICALJP_POSITION?BIPOLARMOTOR
            CODE    2C63H     0483H     UNIT         ?PR?PRINTF?PRINTF
            CODE    30E6H     0472H     UNIT         ?C_INITSEG
            CODE    3558H     038CH     UNIT         ?PR?KEY_PROCESS?KEYPAD
            CODE    38E4H     0380H     UNIT         ?PR?_ELEVATION_CALCULATION?BIPOLARMOTOR
            CODE    3C64H     01C7H     UNIT         ?PR?_CALIBRATION?CALIBRATION
BL51 BANKED LINKER/LOCATER V6.22                                                      08/30/2019  12:24:44  PAGE 4


            CODE    3E2BH     018DH     UNIT         ?PR?KEY_SCAN?KEYPAD
            CODE    3FB8H     0189H     UNIT         ?PR?SPI_NOR_WRITE_DATA?AT25SF041
            CODE    4141H     0188H     UNIT         ?PR?SIN?SIN
            CODE    42C9H     0166H     UNIT         ?PR?_POW?POW
            CODE    442FH     0155H     UNIT         ?PR?_DISPLAY_POS?LCD_DRIVER_SPLC780D
            CODE    4584H     0129H     UNIT         ?PR?LOG?LOG
            CODE    46ADH     0122H     UNIT         ?PR?ATAN?ATAN
            CODE    47CFH     0110H     UNIT         ?PR?_AT25SF041_READ?AT25SF041
            CODE    48DFH     0102H     UNIT         ?PR?_AT25SF041_WRITE?AT25SF041
            CODE    49E1H     00F5H     UNIT         ?PR?EXINT0?MAIN
            CODE    4AD6H     00DBH     UNIT         ?PR?_ATOI?ATOI
            CODE    4BB1H     00C3H     UNIT         ?PR?LINEAR_INTERPOLATE?BIPOLARMOTOR
            CODE    4C74H     00BBH     UNIT         ?PR?VOLTAGE_IS_STABLE?CALIBRATION
            CODE    4D2FH     00ADH     UNIT         ?PR?_WRITE_PI4IOE5V96248?IOEXPANDER_PI4IOE5V96248
            CODE    4DDCH     00ACH     UNIT         ?PR?SQRT?SQRT
            CODE    4E88H     00A1H     UNIT         ?PR?UCREAD_STATUS_REGISTER_BYTE1?AT25SF041
            CODE    4F29H     009DH     UNIT         ?PR?_ATAN2?ATAN2
            CODE    4FC6H     009CH     UNIT         ?PR?_MAX_VALUE?CALIBRATION
            CODE    5062H     009AH     UNIT         ?PR?EXP?EXP
            CODE    50FCH     008CH     UNIT         ?C_C51STARTUP
            CODE    5188H     0088H     UNIT         ?PR?_DAY_OF_YEAR?PCF85063BTL
            CODE    5210H     0079H     UNIT         ?PR?_WRITEDATA?LCD_DRIVER_SPLC780D
            CODE    5289H     0072H     UNIT         ?PR?AT25SF041_WRITEENABLE?AT25SF041
            CODE    52FBH     006FH     UNIT         ?PR?_READ_TIME?PCF85063BTL
            CODE    536AH     005AH     UNIT         ?PR?AT25SF041_CHIPERASE?AT25SF041
            CODE    53C4H     0059H     UNIT         ?PR?LCD_INIT?LCD_DRIVER_SPLC780D
            CODE    541DH     004BH     UNIT         ?CO?UART1
            CODE    5468H     004AH     UNIT         ?PR?VONESTEPMOVE?BIPOLARMOTOR
            CODE    54B2H     004AH     UNIT         ?PR?ACOS?ACOS
            CODE    54FCH     0044H     UNIT         ?C?LDIV
            CODE    5540H     0040H     UNIT         ?PR?_COMMAND?LCD_DRIVER_SPLC780D
            CODE    5580H     0040H     UNIT         ?PR?_STEP_MOVE?BIPOLARMOTOR
            CODE    55C0H     003BH     UNIT         ?PR?ASIN?ASIN
            CODE    55FBH     0033H     UNIT         ?PR?_SENDSTRING?UART1
            CODE    562EH     0031H     UNIT         ?PR?SI1120_CONFIG_MODE_VIRH?SI1120
            CODE    565FH     002EH     UNIT         ?CO?MAIN
            CODE    568DH     002BH     UNIT         ?PR?_WAIT_MS_I2C?IOEXPANDER_PI4IOE5V96248
            CODE    56B8H     002BH     UNIT         ?PR?_WAIT_MS_SPINOR?AT25SF041
            CODE    56E3H     002AH     UNIT         ?PR?_ADC_GETRESULT?ADC
            CODE    570DH     0028H     UNIT         ?PR?_MOVE?BIPOLARMOTOR
            CODE    5735H     0028H     UNIT         ?CO?CALIBRATION
            CODE    575DH     0027H     UNIT         ?PR?_I2C_SENDBYTE?IOEXPANDER_PI4IOE5V96248
            CODE    5784H     0027H     UNIT         ?PR?PUTCHAR?PUTCHAR
            CODE    57ABH     0025H     UNIT         ?PR?_FINDCLOSESTSAMEDAYCALIBTIME?CALIBRATION
            CODE    57D0H     0024H     UNIT         ?PR?_WAIT_MS?LCD_DRIVER_SPLC780D
            CODE    57F4H     0024H     UNIT         ?PR?_UART1_SENDTOTCPSERVER?UART1
            CODE    5818H     0021H     UNIT         ?PR?TM0_ISR?MAIN
            CODE    5839H     0020H     UNIT         ?PR?_SPI_SENDBYTE?PCF85063BTL
            CODE    5859H     0020H     UNIT         ?PR?SPI_RECEIVEBYTE?PCF85063BTL
            CODE    5879H     001EH     UNIT         ?PR?_DELAY_MS?KEYPAD
            CODE    5897H     001DH     UNIT         ?PR?_DISPLAYLCD?LCD_DRIVER_SPLC780D
            CODE    58B4H     001BH     UNIT         ?PR?_BCDTODEC1?BIPOLARMOTOR
            CODE    58CFH     001AH     UNIT         ?PR?ADC_INIT?ADC
            CODE    58E9H     0018H     UNIT         ?PR?_SPI_WRITETIME?PCF85063BTL
            CODE    5901H     0017H     UNIT         ?PR?_ASCIITOBCD?UART1
            CODE    5918H     0016H     UNIT         ?PR?I2C_ACK?IOEXPANDER_PI4IOE5V96248
            CODE    592EH     0015H     UNIT         ?PR?_DISPLAY_LINE?LCD_DRIVER_SPLC780D
BL51 BANKED LINKER/LOCATER V6.22                                                      08/30/2019  12:24:44  PAGE 5


            CODE    5943H     0015H     UNIT         ?PR?VSETLOCATION?BIPOLARMOTOR
            CODE    5958H     0015H     UNIT         ?PR?I2C_STOP?IOEXPANDER_PI4IOE5V96248
            CODE    596DH     0014H     UNIT         ?PR?_PCF85063BTL_DELAY?PCF85063BTL
            CODE    5981H     0014H     UNIT         ?PR?_ISSPACE?ISSPACE
            CODE    5995H     0011H     UNIT         ?PR?_SPI_READTIME?PCF85063BTL
            CODE    59A6H     0011H     UNIT         ?PR?_BCDTODEC?PCF85063BTL
            CODE    59B7H     0011H     UNIT         ?PR?INITUART1?UART1
            CODE    59C8H     000FH     UNIT         ?PR?I2C_START?IOEXPANDER_PI4IOE5V96248
            CODE    59D7H     000FH     UNIT         ?PR?UC_NACK?IOEXPANDER_PI4IOE5V96248
            CODE    59E6H     000FH     UNIT         ?PR?_ISDIGIT?ISDIGIT
            CODE    59F5H     000DH     UNIT         ?PR?SPI_INIT?PCF85063BTL
            CODE    5A02H     000DH     UNIT         ?PR?ENABLE_EXTINT0?SI1120
            CODE    5A0FH     000DH     UNIT         ?PR?_FABS?FABS
            CODE    5A1CH     000CH     UNIT         ?PR?KEYPAD_IO_INIT?KEYPAD
            CODE    5A28H     000CH     UNIT         ?PR?_ABS?ABS
            CODE    5A34H     000AH     UNIT         ?PR?LCD_RETURN_HOME?LCD_DRIVER_SPLC780D
            CODE    5A3EH     000AH     UNIT         ?PR?LCD_CLEAR?LCD_DRIVER_SPLC780D
            CODE    5A48H     0009H     UNIT         ?PR?TM1_ISR?MAIN
            CODE    5A51H     0009H     UNIT         ?PR?_SENDUART1?MAIN
            CODE    5A5AH     0009H     UNIT         ?PR?UART1_INITTCPCONN?UART1
            CODE    5A63H     0006H     UNIT         ?PR?UC_ACK?IOEXPANDER_PI4IOE5V96248
            CODE    5A69H     0006H     UNIT         ?PR?_TEN?UART1
            CODE    5A6FH     0001H     UNIT         ?PR?NOP?IOEXPANDER_PI4IOE5V96248
            CODE    5A70H     0001H     UNIT         ?PR?_DECTOBCD?UART1



OVERLAY MAP OF MODULE:   .\Obj\GPIO_RTC_Test (MAIN)


SEGMENT                                             BIT_GROUP          XDATA_GROUP
  +--> CALLED SEGMENT                            START    LENGTH     START    LENGTH
------------------------------------------------------------------------------------
?PR?EXINT0?MAIN                                  -----    -----      -----    -----
  +--> ?PR?_POW?POW

?PR?_POW?POW                                     -----    -----      06B3H    000AH
  +--> ?PR?LOG?LOG
  +--> ?PR?EXP?EXP

?PR?LOG?LOG                                      0022H.1  0000H.1    06BDH    0004H

*** NEW ROOT ***************************************************

?C_C51STARTUP                                    -----    -----      -----    -----
  +--> ?PR?MAIN?MAIN
  +--> ?C_INITSEG

?PR?MAIN?MAIN                                    -----    -----      06C1H    002EH
  +--> ?PR?LCD_INIT?LCD_DRIVER_SPLC780D
  +--> ?PR?SPI_INIT?PCF85063BTL
  +--> ?PR?KEYPAD_IO_INIT?KEYPAD
  +--> ?PR?ADC_INIT?ADC
  +--> ?PR?SI1120_CONFIG_MODE_VIRH?SI1120
  +--> ?PR?ENABLE_EXTINT0?SI1120
  +--> ?PR?VSETLOCATION?BIPOLARMOTOR
  +--> ?PR?_SPI_WRITETIME?PCF85063BTL
BL51 BANKED LINKER/LOCATER V6.22                                                      08/30/2019  12:24:44  PAGE 6


  +--> ?PR?_DELAY_MS?KEYPAD
  +--> ?PR?_DISPLAY_LINE?LCD_DRIVER_SPLC780D
  +--> ?PR?_WRITEDATA?LCD_DRIVER_SPLC780D
  +--> ?PR?INITUART1?UART1
  +--> ?PR?UART1_INITTCPCONN?UART1
  +--> ?CO?MAIN
  +--> ?PR?_UART1_SENDTOTCPSERVER?UART1
  +--> ?PR?_READ_TIME?PCF85063BTL
  +--> ?PR?_BCDTODEC1?BIPOLARMOTOR
  +--> ?PR?_SENDSTRING?UART1
  +--> ?PR?AT25SF041_WRITEENABLE?AT25SF041
  +--> ?PR?AT25SF041_CHIPERASE?AT25SF041
  +--> ?PR?_WAIT_MS_SPINOR?AT25SF041
  +--> ?PR?_AT25SF041_WRITE?AT25SF041
  +--> ?PR?_ABS?ABS
  +--> ?PR?_FABS?FABS

?PR?LCD_INIT?LCD_DRIVER_SPLC780D                 -----    -----      -----    -----
  +--> ?PR?_WAIT_MS?LCD_DRIVER_SPLC780D
  +--> ?PR?_COMMAND?LCD_DRIVER_SPLC780D

?PR?_COMMAND?LCD_DRIVER_SPLC780D                 -----    -----      -----    -----
  +--> ?PR?_WAIT_MS?LCD_DRIVER_SPLC780D

?PR?SI1120_CONFIG_MODE_VIRH?SI1120               -----    -----      -----    -----
  +--> ?PR?_WAIT_MS?LCD_DRIVER_SPLC780D

?PR?_SPI_WRITETIME?PCF85063BTL                   -----    -----      -----    -----
  +--> ?PR?_SPI_SENDBYTE?PCF85063BTL

?PR?_SPI_SENDBYTE?PCF85063BTL                    -----    -----      -----    -----
  +--> ?PR?_PCF85063BTL_DELAY?PCF85063BTL

?PR?_DISPLAY_LINE?LCD_DRIVER_SPLC780D            -----    -----      -----    -----
  +--> ?PR?_COMMAND?LCD_DRIVER_SPLC780D

?PR?_WRITEDATA?LCD_DRIVER_SPLC780D               -----    -----      06EFH    0001H
  +--> ?PR?_WAIT_MS?LCD_DRIVER_SPLC780D

?PR?UART1_INITTCPCONN?UART1                      -----    -----      -----    -----
  +--> ?CO?UART1
  +--> ?PR?_SENDSTRING?UART1

?PR?_SENDSTRING?UART1                            -----    -----      06F2H    0003H
  +--> ?PR?_SENDUART1?MAIN

?PR?_UART1_SENDTOTCPSERVER?UART1                 -----    -----      06EFH    0003H
  +--> ?CO?UART1
  +--> ?PR?_SENDSTRING?UART1
  +--> ?PR?_DELAY_MS?KEYPAD

?PR?_READ_TIME?PCF85063BTL                       -----    -----      06EFH    000FH
  +--> ?PR?_SPI_READTIME?PCF85063BTL

?PR?_SPI_READTIME?PCF85063BTL                    -----    -----      -----    -----
  +--> ?PR?_SPI_SENDBYTE?PCF85063BTL
  +--> ?PR?SPI_RECEIVEBYTE?PCF85063BTL
BL51 BANKED LINKER/LOCATER V6.22                                                      08/30/2019  12:24:44  PAGE 7



?PR?SPI_RECEIVEBYTE?PCF85063BTL                  -----    -----      -----    -----
  +--> ?PR?_PCF85063BTL_DELAY?PCF85063BTL

?PR?AT25SF041_WRITEENABLE?AT25SF041              -----    -----      06EFH    0002H
  +--> ?PR?_WAIT_MS_SPINOR?AT25SF041
  +--> ?PR?UCREAD_STATUS_REGISTER_BYTE1?AT25...

?PR?UCREAD_STATUS_REGISTER_BYTE1?AT25...         -----    -----      06F7H    0003H
  +--> ?PR?_WAIT_MS_SPINOR?AT25SF041

?PR?AT25SF041_CHIPERASE?AT25SF041                -----    -----      06EFH    0002H
  +--> ?PR?_WAIT_MS_SPINOR?AT25SF041
  +--> ?PR?UCREAD_STATUS_REGISTER_BYTE1?AT25...

?PR?_AT25SF041_WRITE?AT25SF041                   -----    -----      06EFH    0008H
  +--> ?PR?_WAIT_MS_SPINOR?AT25SF041
  +--> ?PR?UCREAD_STATUS_REGISTER_BYTE1?AT25...



SYMBOL TABLE OF MODULE:  .\Obj\GPIO_RTC_Test (MAIN)

  VALUE           TYPE          NAME
  ----------------------------------

  -------         MODULE        MAIN
  C:0000H         SYMBOL        _ICE_DUMMY_
  X:03C4H         PUBLIC        calib_value
  D:0080H         PUBLIC        P0
  D:0090H         PUBLIC        P1
  D:00A0H         PUBLIC        P2
  D:00B0H         PUBLIC        P3
  D:00C0H         PUBLIC        P4
  D:00C8H         PUBLIC        P5
  X:0418H         SYMBOL        PressedKey
  B:00A8H.7       PUBLIC        EA
  D:00E8H         PUBLIC        P6
  X:041CH         PUBLIC        calib_stamp
  D:00F8H         PUBLIC        P7
  X:041DH         PUBLIC        sTempString
  X:0426H         PUBLIC        calib_bool
  X:0450H         PUBLIC        pwm_time_min
  D:00A8H         PUBLIC        IE
  X:0454H         PUBLIC        calib_time
  X:04A8H         PUBLIC        pwm_time_max
  D:00B8H         PUBLIC        IP
  X:04ACH         PUBLIC        val_to_store
  B:0098H.0       PUBLIC        RI
  B:00B0H.2       PUBLIC        INT0
  X:0500H         PUBLIC        months
  B:0098H.1       PUBLIC        TI
  C:000EH         PUBLIC        Uart
  D:00D8H         PUBLIC        CCON
  C:1A84H         PUBLIC        main
  X:0501H         PUBLIC        found_1st_point
  X:0503H         PUBLIC        i_point1
BL51 BANKED LINKER/LOCATER V6.22                                                      08/30/2019  12:24:44  PAGE 8


  X:0505H         PUBLIC        i_point2
  X:0507H         PUBLIC        count
  D:0099H         PUBLIC        SBUF
  X:0509H         PUBLIC        days
  X:050AH         PUBLIC        hours
  D:0098H         PUBLIC        SCON
  D:0089H         PUBLIC        TMOD
  D:0088H         PUBLIC        TCON
  X:050BH         SYMBOL        KeyCount
  X:050DH         PUBLIC        mins
  B:00C8H.5       PUBLIC        P55
  X:050EH         PUBLIC        diff_of_offset
  D:008EH         PUBLIC        AUXR
  C:5818H         PUBLIC        tm0_isr
  B:0090H.5       PUBLIC        SI1120_STX
  C:5A48H         PUBLIC        tm1_isr
  B:0021H.3       PUBLIC        busy
  D:00E0H         PUBLIC        ACC
  B:00A8H.1       PUBLIC        ET0
  B:00A8H.3       PUBLIC        ET1
  X:0512H         PUBLIC        SPI_NOR_INTERNAL_FLASH_ADDR
  D:008CH         PUBLIC        TH0
  D:008DH         PUBLIC        TH1
  D:008AH         PUBLIC        TL0
  D:008BH         PUBLIC        TL1
  X:0516H         PUBLIC        ii
  X:0518H         PUBLIC        jj
  B:0088H.4       PUBLIC        TR0
  B:0088H.6       PUBLIC        TR1
  X:051AH         PUBLIC        old_mins
  C:49E1H         PUBLIC        exint0
  X:051BH         SYMBOL        KeyNum
  X:051CH         SYMBOL        KeyNum_Old
  X:051DH         PUBLIC        timer0_count
  X:051FH         PUBLIC        current_position
  X:0523H         PUBLIC        pwm_time
  X:0527H         PUBLIC        i
  X:0529H         PUBLIC        j
  X:052BH         PUBLIC        start_timer0_count
  X:052CH         PUBLIC        seconds
  D:00D0H         PUBLIC        PSW
  C:5A51H         PUBLIC        _SendUART1
  -------         PROC          TM0_ISR
  C:5818H         LINE#         108
  C:581EH         LINE#         112
  C:5821H         LINE#         113
  C:5824H         LINE#         114
  C:5832H         LINE#         115
  -------         ENDPROC       TM0_ISR
  -------         PROC          TM1_ISR
  C:5A48H         LINE#         116
  C:5A48H         LINE#         118
  C:5A4AH         LINE#         120
  C:5A4DH         LINE#         121
  C:5A50H         LINE#         122
  -------         ENDPROC       TM1_ISR
  -------         PROC          EXINT0
BL51 BANKED LINKER/LOCATER V6.22                                                      08/30/2019  12:24:44  PAGE 9


  C:49E1H         LINE#         123
  C:49FEH         LINE#         127
  C:4A01H         LINE#         128
  C:4A01H         LINE#         129
  C:4A04H         LINE#         130
  C:4A07H         LINE#         131
  C:4A09H         LINE#         132
  C:4A0BH         LINE#         136
  C:4A0EH         LINE#         139
  C:4A0EH         LINE#         140
  C:4A10H         LINE#         142
  C:4A1CH         LINE#         143
  C:4A76H         LINE#         144
  C:4AB4H         LINE#         145
  C:4ABBH         LINE#         150
  C:4ABBH         LINE#         152
  -------         ENDPROC       EXINT0
  -------         PROC          MAIN
  -------         DO            
  X:03BCH         SYMBOL        KeyCount
  X:03BEH         SYMBOL        KeyNum_Old
  X:03BFH         SYMBOL        KeyNum
  X:03C0H         SYMBOL        PressedKey
  X:06C1H         SYMBOL        prox_flag
  X:06C2H         SYMBOL        iUse_prevday_calib_value
  X:06C4H         SYMBOL        max_ADC_Val_JP
  X:06C6H         SYMBOL        max_ADC_Val
  X:06C8H         SYMBOL        calib_point1
  X:06D0H         SYMBOL        calib_point2
  X:06D8H         SYMBOL        dat_to_store
  X:06E3H         SYMBOL        calib_day
  X:06E5H         SYMBOL        calib_count
  X:06E7H         SYMBOL        theorical_JP_max_pos
  X:06EBH         SYMBOL        elevation
  -------         ENDDO         
  C:1A84H         LINE#         154
  C:1A84H         LINE#         155
  C:1A84H         LINE#         160
  C:1A8AH         LINE#         161
  C:1A8FH         LINE#         163
  C:1A97H         LINE#         167
  C:1A9DH         LINE#         168
  C:1AA7H         LINE#         179
  C:1AAFH         LINE#         180
  C:1AB6H         LINE#         181
  C:1ABCH         LINE#         183
  C:1AC2H         LINE#         195
  C:1AC5H         LINE#         196
  C:1AC8H         LINE#         197
  C:1ACBH         LINE#         199
  C:1ACEH         LINE#         202
  C:1AD1H         LINE#         203
  C:1AD4H         LINE#         205
  C:1AD7H         LINE#         207
  C:1ADAH         LINE#         208
  C:1ADDH         LINE#         209
  C:1AE0H         LINE#         210
BL51 BANKED LINKER/LOCATER V6.22                                                      08/30/2019  12:24:44  PAGE 10


  C:1AE2H         LINE#         211
  C:1AE4H         LINE#         212
  C:1AE7H         LINE#         213
  C:1AE9H         LINE#         214
  C:1AEBH         LINE#         216
  C:1AEDH         LINE#         217
  C:1AF4H         LINE#         218
  C:1AFBH         LINE#         219
  C:1B02H         LINE#         220
  C:1B09H         LINE#         224
  C:1B10H         LINE#         225
  C:1B15H         LINE#         226
  C:1B1AH         LINE#         227
  C:1B1FH         LINE#         228
  C:1B24H         LINE#         229
  C:1B29H         LINE#         232
  C:1B30H         LINE#         233
  C:1B30H         LINE#         234
  C:1B53H         LINE#         235
  C:1B9DH         LINE#         236
  C:1BB2H         LINE#         237
  C:1BCFH         LINE#         238
  C:1BD2H         LINE#         241
  C:1BD9H         LINE#         244
  C:1BDCH         LINE#         246
  C:1BE3H         LINE#         247
  C:1BECH         LINE#         255
  C:1BF4H         LINE#         256
  C:1C2FH         LINE#         257
  C:1C4DH         LINE#         258
  C:1C4DH         LINE#         260
  C:1C56H         LINE#         261
  C:1C5DH         LINE#         262
  C:1C66H         LINE#         263
  C:1C6DH         LINE#         265
  C:1C6DH         LINE#         266
  C:1C70H         LINE#         268
  C:1C73H         LINE#         269
  C:1C7AH         LINE#         271
  C:1C81H         LINE#         272
  C:1C81H         LINE#         273
  C:1C88H         LINE#         274
  C:1C8BH         LINE#         276
  C:1CC5H         LINE#         277
  C:1CDBH         LINE#         279
  C:1CF4H         LINE#         281
  C:1CFBH         LINE#         282
  C:1D02H         LINE#         283
  C:1D05H         LINE#         285
  C:1D5AH         LINE#         286
  C:1D61H         LINE#         288
  C:1D68H         LINE#         289
  C:1D6BH         LINE#         291
  C:1E17H         LINE#         292
  C:1E1EH         LINE#         293
  C:1E40H         LINE#         294
  C:1E47H         LINE#         295
BL51 BANKED LINKER/LOCATER V6.22                                                      08/30/2019  12:24:44  PAGE 11


  C:1E4AH         LINE#         297
  C:1E5FH         LINE#         298
  C:1E66H         LINE#         300
  C:1E6DH         LINE#         301
  C:1E70H         LINE#         303
  C:1E85H         LINE#         304
  C:1E8CH         LINE#         309
  C:1E8EH         LINE#         311
  C:1E9DH         LINE#         312
  C:1E9DH         LINE#         314
  C:1EA0H         LINE#         316
  C:1EA3H         LINE#         317
  C:1EAAH         LINE#         319
  C:1EC6H         LINE#         320
  C:1EC6H         LINE#         321
  C:1EE3H         LINE#         322
  C:1EE3H         LINE#         323
  C:1EE9H         LINE#         324
  C:1EECH         LINE#         327
  C:1F21H         LINE#         328
  C:1F28H         LINE#         329
  C:1F2BH         LINE#         331
  C:1F65H         LINE#         332
  C:1F7BH         LINE#         334
  C:1F94H         LINE#         336
  C:1F9BH         LINE#         337
  C:1FA2H         LINE#         338
  C:1FA5H         LINE#         341
  C:1FFAH         LINE#         343
  C:2001H         LINE#         345
  C:2008H         LINE#         346
  C:200BH         LINE#         349
  C:20B7H         LINE#         351
  C:20BEH         LINE#         352
  C:20BEH         LINE#         353
  C:20CFH         LINE#         355
  C:20CFH         LINE#         362
  C:20D7H         LINE#         363
  C:20DEH         LINE#         365
  C:20E4H         LINE#         366
  C:20E4H         LINE#         367
  C:2107H         LINE#         368
  C:211CH         LINE#         370
  C:2136H         LINE#         372
  -------         ENDPROC       MAIN
  -------         PROC          UART
  C:000EH         LINE#         387
  C:000EH         LINE#         389
  C:0011H         LINE#         390
  C:0011H         LINE#         391
  C:0013H         LINE#         393
  C:0013H         LINE#         394
  C:0016H         LINE#         395
  C:0016H         LINE#         396
  C:0018H         LINE#         397
  C:001AH         LINE#         398
  C:001AH         LINE#         399
BL51 BANKED LINKER/LOCATER V6.22                                                      08/30/2019  12:24:44  PAGE 12


  -------         ENDPROC       UART
  -------         PROC          _SENDUART1
  D:0007H         SYMBOL        dat
  C:5A51H         LINE#         401
  C:5A51H         LINE#         402
  C:5A51H         LINE#         403
  C:5A54H         LINE#         404
  C:5A56H         LINE#         405
  C:5A57H         LINE#         406
  C:5A59H         LINE#         407
  -------         ENDPROC       _SENDUART1
  -------         ENDMOD        MAIN

  -------         MODULE        PCF85063BTL
  C:0000H         SYMBOL        _ICE_DUMMY_
  D:0096H         PUBLIC        P2M0
  D:0080H         PUBLIC        P0
  D:0095H         PUBLIC        P2M1
  D:0090H         PUBLIC        P1
  D:00A0H         PUBLIC        P2
  D:00B0H         PUBLIC        P3
  D:00C0H         PUBLIC        P4
  D:00C8H         PUBLIC        P5
  D:00E8H         PUBLIC        P6
  B:00A0H.1       PUBLIC        PCF85063BTL_SDI
  D:00F8H         PUBLIC        P7
  B:00A0H.2       PUBLIC        PCF85063BTL_SCK
  B:00A0H.1       PUBLIC        PCF85063BTL_SDO
  D:00A8H         PUBLIC        IE
  C:52FBH         PUBLIC        _Read_time
  C:5973H         PUBLIC        _PCF85063BTL_Delay
  D:00B8H         PUBLIC        IP
  D:00D8H         PUBLIC        CCON
  C:5188H         PUBLIC        _Day_Of_Year
  C:5859H         PUBLIC        SPI_ReceiveByte
  D:0098H         PUBLIC        SCON
  D:0088H         PUBLIC        TCON
  C:59A6H         PUBLIC        _BCDtoDec
  B:00A0H.0       PUBLIC        PCF85063BTL_CS
  C:5995H         PUBLIC        _SPI_ReadTime
  C:59F5H         PUBLIC        SPI_Init
  C:58E9H         PUBLIC        _SPI_WriteTime
  C:5839H         PUBLIC        _SPI_SendByte
  D:00D0H         PUBLIC        PSW
  C:596FH         SYMBOL        L?0048
  -------         PROC          L?0047
  -------         ENDPROC       L?0047
  C:596FH         SYMBOL        L?0048
  -------         PROC          _PCF85063BTL_DELAY
  D:0006H         SYMBOL        us
  C:5973H         LINE#         8
  C:5973H         LINE#         9
  C:5973H         LINE#         10
  C:597DH         LINE#         11
  C:597DH         LINE#         12
  C:597EH         LINE#         13
  C:5980H         LINE#         14
BL51 BANKED LINKER/LOCATER V6.22                                                      08/30/2019  12:24:44  PAGE 13


  -------         ENDPROC       _PCF85063BTL_DELAY
  -------         PROC          _SPI_SENDBYTE
  D:0005H         SYMBOL        dat
  -------         DO            
  D:0003H         SYMBOL        i
  -------         ENDDO         
  C:5839H         LINE#         17
  C:583BH         LINE#         18
  C:583BH         LINE#         20
  C:583DH         LINE#         21
  C:583DH         LINE#         22
  C:583FH         LINE#         23
  C:5843H         LINE#         24
  C:5843H         LINE#         25
  C:5845H         LINE#         26
  C:5847H         LINE#         28
  C:5847H         LINE#         29
  C:5849H         LINE#         30
  C:5849H         LINE#         31
  C:584CH         LINE#         32
  C:584CH         LINE#         33
  C:584FH         LINE#         34
  C:5853H         LINE#         35
  C:5858H         LINE#         36
  -------         ENDPROC       _SPI_SENDBYTE
  -------         PROC          SPI_RECEIVEBYTE
  -------         DO            
  D:0003H         SYMBOL        i
  D:0005H         SYMBOL        dat
  -------         ENDDO         
  C:5859H         LINE#         39
  C:5859H         LINE#         40
  C:5859H         LINE#         42
  C:585BH         LINE#         44
  C:585DH         LINE#         45
  C:585EH         LINE#         46
  C:585EH         LINE#         47
  C:5862H         LINE#         48
  C:5864H         LINE#         49
  C:5867H         LINE#         51
  C:586AH         LINE#         52
  C:586AH         LINE#         53
  C:586EH         LINE#         54
  C:586EH         LINE#         55
  C:586EH         LINE#         56
  C:5871H         LINE#         57
  C:5876H         LINE#         58
  C:5878H         LINE#         59
  -------         ENDPROC       SPI_RECEIVEBYTE
  -------         PROC          _SPI_READTIME
  D:0007H         SYMBOL        addr
  -------         DO            
  D:0006H         SYMBOL        dat
  -------         ENDDO         
  C:5995H         LINE#         61
  C:5995H         LINE#         62
  C:5995H         LINE#         64
BL51 BANKED LINKER/LOCATER V6.22                                                      08/30/2019  12:24:44  PAGE 14


  C:5997H         LINE#         65
  C:5999H         LINE#         66
  C:59A0H         LINE#         67
  C:59A3H         LINE#         68
  C:59A5H         LINE#         69
  C:59A5H         LINE#         70
  -------         ENDPROC       _SPI_READTIME
  -------         PROC          _SPI_WRITETIME
  D:0002H         SYMBOL        val
  D:0005H         SYMBOL        addr
  C:58E9H         LINE#         71
  C:58EBH         LINE#         72
  C:58EBH         LINE#         74
  C:58EDH         LINE#         75
  C:58F4H         LINE#         76
  C:58F9H         LINE#         77
  C:58FEH         LINE#         78
  C:5900H         LINE#         79
  -------         ENDPROC       _SPI_WRITETIME
  -------         PROC          SPI_INIT
  C:59F5H         LINE#         83
  C:59F5H         LINE#         84
  C:59F5H         LINE#         89
  C:59F8H         LINE#         90
  C:59FBH         LINE#         91
  C:59FDH         LINE#         92
  C:59FFH         LINE#         93
  C:5A01H         LINE#         94
  -------         ENDPROC       SPI_INIT
  -------         PROC          _READ_TIME
  X:06EFH         SYMBOL        months
  X:06F2H         SYMBOL        days
  X:06F5H         SYMBOL        hours
  X:06F8H         SYMBOL        mins
  X:06FBH         SYMBOL        seconds
  C:52FBH         LINE#         96
  C:5306H         LINE#         97
  C:5306H         LINE#         99
  C:531AH         LINE#         101
  C:532EH         LINE#         103
  C:5342H         LINE#         108
  C:5356H         LINE#         113
  -------         ENDPROC       _READ_TIME
  -------         PROC          _BCDTODEC
  D:0007H         SYMBOL        bcd
  -------         DO            
  D:0006H         SYMBOL        hi
  D:0007H         SYMBOL        lo
  -------         ENDDO         
  C:59A6H         LINE#         119
  C:59A6H         LINE#         120
  C:59A6H         LINE#         122
  C:59ABH         LINE#         123
  C:59AFH         LINE#         124
  C:59B6H         LINE#         125
  -------         ENDPROC       _BCDTODEC
  -------         PROC          _DAY_OF_YEAR
BL51 BANKED LINKER/LOCATER V6.22                                                      08/30/2019  12:24:44  PAGE 15


  D:0007H         SYMBOL        months_bcd
  D:0005H         SYMBOL        days_bcd
  -------         DO            
  D:0004H         SYMBOL        months
  D:0007H         SYMBOL        days
  -------         ENDDO         
  C:5188H         LINE#         126
  C:5188H         LINE#         127
  C:5188H         LINE#         130
  C:518DH         LINE#         132
  C:5192H         LINE#         134
  C:51CBH         LINE#         135
  C:51CBH         LINE#         136
  C:51CBH         LINE#         137
  C:51CEH         LINE#         138
  C:51CEH         LINE#         139
  C:51CEH         LINE#         140
  C:51D3H         LINE#         141
  C:51D3H         LINE#         142
  C:51D3H         LINE#         143
  C:51D8H         LINE#         144
  C:51D8H         LINE#         145
  C:51D8H         LINE#         146
  C:51DDH         LINE#         147
  C:51DDH         LINE#         148
  C:51DDH         LINE#         149
  C:51E2H         LINE#         150
  C:51E2H         LINE#         151
  C:51E2H         LINE#         152
  C:51E7H         LINE#         153
  C:51E7H         LINE#         154
  C:51E7H         LINE#         155
  C:51ECH         LINE#         156
  C:51ECH         LINE#         157
  C:51ECH         LINE#         158
  C:51F1H         LINE#         159
  C:51F1H         LINE#         160
  C:51F1H         LINE#         161
  C:51F9H         LINE#         162
  C:51F9H         LINE#         163
  C:51F9H         LINE#         164
  C:51FEH         LINE#         165
  C:51FEH         LINE#         166
  C:51FEH         LINE#         167
  C:5203H         LINE#         168
  C:5203H         LINE#         169
  C:5203H         LINE#         170
  C:520CH         LINE#         171
  C:520CH         LINE#         172
  C:520CH         LINE#         173
  C:520FH         LINE#         174
  C:520FH         LINE#         175
  -------         ENDPROC       _DAY_OF_YEAR
  -------         ENDMOD        PCF85063BTL

  -------         MODULE        LCD_DRIVER_SPLC780D
  C:0000H         SYMBOL        _ICE_DUMMY_
BL51 BANKED LINKER/LOCATER V6.22                                                      08/30/2019  12:24:44  PAGE 16


  D:0092H         PUBLIC        P1M0
  D:0091H         PUBLIC        P1M1
  D:0080H         PUBLIC        P0
  D:0090H         PUBLIC        P1
  D:00A0H         PUBLIC        P2
  D:00B0H         PUBLIC        P3
  D:00C0H         PUBLIC        P4
  D:00C8H         PUBLIC        P5
  D:00E8H         PUBLIC        P6
  D:00F8H         PUBLIC        P7
  C:5214H         PUBLIC        _WriteData
  D:00A8H         PUBLIC        IE
  D:00B8H         PUBLIC        IP
  D:00D8H         PUBLIC        CCON
  B:00B0H.4       PUBLIC        LCD_D4
  B:00B0H.5       PUBLIC        LCD_D5
  B:00B0H.6       PUBLIC        LCD_D6
  C:5897H         PUBLIC        _DisplayLCD
  B:00B0H.7       PUBLIC        LCD_D7
  D:0098H         PUBLIC        SCON
  D:0088H         PUBLIC        TCON
  C:5A3EH         PUBLIC        LCD_clear
  C:5540H         PUBLIC        _Command
  C:592EH         PUBLIC        _Display_Line
  C:53C4H         PUBLIC        LCD_Init
  C:57D6H         PUBLIC        _Wait_ms
  B:00C0H.0       PUBLIC        LCD_RS
  B:0090H.3       PUBLIC        LCD_RW
  C:5A34H         PUBLIC        LCD_return_home
  C:442FH         PUBLIC        _Display_Pos
  B:00B0H.3       PUBLIC        LCD_E
  D:00D0H         PUBLIC        PSW
  -------         PROC          LCD_INIT
  C:53C4H         LINE#         9
  C:53C4H         LINE#         10
  C:53C4H         LINE#         11
  C:53C7H         LINE#         12
  C:53CAH         LINE#         14
  C:53D0H         LINE#         15
  C:53D5H         LINE#         17
  C:53DCH         LINE#         18
  C:53E1H         LINE#         20
  C:53E4H         LINE#         21
  C:53E9H         LINE#         23
  C:53ECH         LINE#         24
  C:53F1H         LINE#         26
  C:53F8H         LINE#         29
  C:53FDH         LINE#         30
  C:5402H         LINE#         32
  C:5407H         LINE#         33
  C:540CH         LINE#         35
  C:5411H         LINE#         36
  C:5416H         LINE#         37
  -------         ENDPROC       LCD_INIT
  C:5210H         SYMBOL        L?0035
  -------         PROC          L?0034
  -------         ENDPROC       L?0034
BL51 BANKED LINKER/LOCATER V6.22                                                      08/30/2019  12:24:44  PAGE 17


  C:5210H         SYMBOL        L?0035
  -------         PROC          _WRITEDATA
  X:06EFH         SYMBOL        dat
  C:5214H         LINE#         40
  C:5219H         LINE#         41
  C:5219H         LINE#         46
  C:521BH         LINE#         47
  C:521DH         LINE#         49
  C:522BH         LINE#         50
  C:5237H         LINE#         51
  C:5243H         LINE#         52
  C:524DH         LINE#         53
  C:524FH         LINE#         54
  C:5256H         LINE#         55
  C:5258H         LINE#         57
  C:5268H         LINE#         58
  C:5273H         LINE#         59
  C:527DH         LINE#         60
  C:5281H         LINE#         62
  C:5281H         LINE#         63
  C:5284H         LINE#         64
  C:5286H         LINE#         65
  C:5288H         LINE#         67
  -------         ENDPROC       _WRITEDATA
  -------         PROC          _COMMAND
  D:0007H         SYMBOL        dat
  C:5540H         LINE#         69
  C:5540H         LINE#         70
  C:5540H         LINE#         71
  C:5542H         LINE#         72
  C:5544H         LINE#         74
  C:554EH         LINE#         75
  C:5552H         LINE#         77
  C:5554H         LINE#         78
  C:555DH         LINE#         79
  C:5561H         LINE#         81
  C:5563H         LINE#         82
  C:556AH         LINE#         83
  C:556EH         LINE#         85
  C:5570H         LINE#         86
  C:5574H         LINE#         87
  C:5578H         LINE#         89
  C:557AH         LINE#         90
  C:557AH         LINE#         91
  C:557DH         LINE#         92
  C:557FH         LINE#         93
  -------         ENDPROC       _COMMAND
  C:57D2H         SYMBOL        L?0037
  -------         PROC          L?0036
  -------         ENDPROC       L?0036
  C:57D2H         SYMBOL        L?0037
  -------         PROC          _WAIT_MS
  D:0006H         SYMBOL        ms
  -------         DO            
  D:0004H         SYMBOL        De_Cnt
  -------         ENDDO         
  C:57D6H         LINE#         95
BL51 BANKED LINKER/LOCATER V6.22                                                      08/30/2019  12:24:44  PAGE 18


  C:57D6H         LINE#         96
  C:57D6H         LINE#         98
  C:57E0H         LINE#         99
  C:57E0H         LINE#         100
  C:57F3H         LINE#         101
  C:57F3H         LINE#         102
  -------         ENDPROC       _WAIT_MS
  -------         PROC          _DISPLAYLCD
  D:0007H         SYMBOL        BCD
  -------         DO            
  D:0006H         SYMBOL        first_digit
  X:0814H         SYMBOL        second_digit
  -------         ENDDO         
  C:5897H         LINE#         103
  C:5897H         LINE#         104
  C:5897H         LINE#         106
  C:589EH         LINE#         107
  C:58A7H         LINE#         109
  C:58ACH         LINE#         111
  -------         ENDPROC       _DISPLAYLCD
  -------         PROC          LCD_RETURN_HOME
  C:5A34H         LINE#         115
  C:5A34H         LINE#         116
  C:5A34H         LINE#         117
  C:5A39H         LINE#         118
  -------         ENDPROC       LCD_RETURN_HOME
  -------         PROC          LCD_CLEAR
  C:5A3EH         LINE#         121
  C:5A3EH         LINE#         122
  C:5A3EH         LINE#         123
  C:5A43H         LINE#         124
  -------         ENDPROC       LCD_CLEAR
  -------         PROC          _DISPLAY_LINE
  D:0006H         SYMBOL        line
  C:592EH         LINE#         128
  C:592EH         LINE#         129
  C:592EH         LINE#         130
  C:5934H         LINE#         131
  C:5934H         LINE#         132
  C:5936H         LINE#         133
  C:5936H         LINE#         134
  C:5938H         LINE#         136
  C:5938H         LINE#         137
  C:593DH         LINE#         138
  C:5942H         LINE#         139
  C:5942H         LINE#         140
  -------         ENDPROC       _DISPLAY_LINE
  -------         PROC          _DISPLAY_POS
  X:07CBH         SYMBOL        sign_dat
  -------         DO            
  X:07CFH         SYMBOL        unit
  X:07D0H         SYMBOL        ten
  X:07D1H         SYMBOL        hundred
  X:07D2H         SYMBOL        thousand
  X:07D3H         SYMBOL        after_dot
  X:07D4H         SYMBOL        dat
  -------         ENDDO         
BL51 BANKED LINKER/LOCATER V6.22                                                      08/30/2019  12:24:44  PAGE 19


  C:442FH         LINE#         142
  C:4435H         LINE#         143
  C:4435H         LINE#         147
  C:4451H         LINE#         148
  C:446BH         LINE#         149
  C:448FH         LINE#         151
  C:44D9H         LINE#         153
  C:44F0H         LINE#         154
  C:4502H         LINE#         155
  C:4527H         LINE#         156
  C:4541H         LINE#         157
  C:4559H         LINE#         158
  C:4559H         LINE#         159
  C:4559H         LINE#         160
  C:4559H         LINE#         161
  C:4559H         LINE#         162
  C:4559H         LINE#         163
  C:4559H         LINE#         164
  C:4559H         LINE#         168
  C:455BH         LINE#         170
  C:455BH         LINE#         172
  C:4560H         LINE#         173
  C:4566H         LINE#         174
  C:456CH         LINE#         175
  C:4572H         LINE#         176
  C:4578H         LINE#         177
  C:457DH         LINE#         178
  C:4583H         LINE#         182
  C:4583H         LINE#         184
  -------         ENDPROC       _DISPLAY_POS
  -------         ENDMOD        LCD_DRIVER_SPLC780D

  -------         MODULE        KEYPAD
  C:0000H         SYMBOL        _ICE_DUMMY_
  D:0093H         PUBLIC        P0M1
  D:0080H         PUBLIC        P0
  D:0090H         PUBLIC        P1
  D:00A0H         PUBLIC        P2
  D:00B0H         PUBLIC        P3
  D:00C0H         PUBLIC        P4
  D:00C8H         PUBLIC        P5
  D:00E8H         PUBLIC        P6
  D:00F8H         PUBLIC        P7
  D:00A8H         PUBLIC        IE
  C:3E2BH         PUBLIC        Key_Scan
  D:00B8H         PUBLIC        IP
  D:00D8H         PUBLIC        CCON
  C:5A1CH         PUBLIC        KeyPad_IO_Init
  C:5879H         PUBLIC        _Delay_ms
  D:0098H         PUBLIC        SCON
  D:0088H         PUBLIC        TCON
  X:0787H         PUBLIC        small_move
  X:0789H         PUBLIC        move
  X:078BH         PUBLIC        auto_mode
  X:078DH         PUBLIC        direction
  X:078FH         PUBLIC        SPI_NOR_ClearEnable
  C:3558H         PUBLIC        Key_Process
BL51 BANKED LINKER/LOCATER V6.22                                                      08/30/2019  12:24:44  PAGE 20


  D:00D0H         PUBLIC        PSW
  D:0094H         PUBLIC        P0M0
  -------         PROC          _DELAY_MS
  D:0006H         SYMBOL        ms
  -------         DO            
  D:0004H         SYMBOL        De_Cnt
  -------         ENDDO         
  C:5879H         LINE#         20
  C:5879H         LINE#         21
  C:5879H         LINE#         23
  C:5883H         LINE#         24
  C:5883H         LINE#         25
  C:5896H         LINE#         26
  C:5896H         LINE#         27
  -------         ENDPROC       _DELAY_MS
  -------         PROC          KEY_SCAN
  -------         DO            
  X:080EH         SYMBOL        KeyTemp1
  X:080FH         SYMBOL        KeyTemp2
  X:0810H         SYMBOL        KeyValue
  -------         ENDDO         
  C:3E2BH         LINE#         28
  C:3E2BH         LINE#         29
  C:3E2BH         LINE#         34
  C:3E2EH         LINE#         37
  C:3E31H         LINE#         39
  C:3E39H         LINE#         40
  C:3E40H         LINE#         41
  C:3E40H         LINE#         43
  C:3E45H         LINE#         44
  C:3E4CH         LINE#         45
  C:3E4CH         LINE#         48
  C:3E4FH         LINE#         49
  C:3E52H         LINE#         50
  C:3E57H         LINE#         51
  C:3E5BH         LINE#         52
  C:3E5BH         LINE#         53
  C:3E63H         LINE#         54
  C:3E63H         LINE#         55
  C:3E66H         LINE#         56
  C:3E6EH         LINE#         57
  C:3E70H         LINE#         59
  C:3E84H         LINE#         60
  C:3E84H         LINE#         61
  C:3E84H         LINE#         62
  C:3E84H         LINE#         63
  C:3E8AH         LINE#         65
  C:3E8CH         LINE#         66
  C:3E8CH         LINE#         67
  C:3E8CH         LINE#         68
  C:3E92H         LINE#         70
  C:3E94H         LINE#         71
  C:3E94H         LINE#         72
  C:3E94H         LINE#         73
  C:3E9AH         LINE#         75
  C:3E9CH         LINE#         76
  C:3E9CH         LINE#         77
BL51 BANKED LINKER/LOCATER V6.22                                                      08/30/2019  12:24:44  PAGE 21


  C:3E9CH         LINE#         78
  C:3EA2H         LINE#         80
  C:3EA2H         LINE#         81
  C:3EA2H         LINE#         82
  C:3EA2H         LINE#         85
  C:3EA5H         LINE#         86
  C:3EA8H         LINE#         87
  C:3EB0H         LINE#         88
  C:3EB4H         LINE#         89
  C:3EB4H         LINE#         90
  C:3EBCH         LINE#         91
  C:3EBCH         LINE#         92
  C:3EBFH         LINE#         93
  C:3EC7H         LINE#         94
  C:3EC9H         LINE#         95
  C:3EDDH         LINE#         96
  C:3EDDH         LINE#         97
  C:3EDDH         LINE#         98
  C:3EDDH         LINE#         99
  C:3EE3H         LINE#         101
  C:3EE5H         LINE#         102
  C:3EE5H         LINE#         103
  C:3EE5H         LINE#         104
  C:3EEBH         LINE#         106
  C:3EEDH         LINE#         107
  C:3EEDH         LINE#         108
  C:3EEDH         LINE#         109
  C:3EF3H         LINE#         111
  C:3EF5H         LINE#         112
  C:3EF5H         LINE#         113
  C:3EF5H         LINE#         114
  C:3EFAH         LINE#         116
  C:3EFAH         LINE#         117
  C:3EFAH         LINE#         118
  C:3EFAH         LINE#         121
  C:3EFDH         LINE#         122
  C:3F00H         LINE#         123
  C:3F08H         LINE#         124
  C:3F0CH         LINE#         125
  C:3F0CH         LINE#         126
  C:3F14H         LINE#         127
  C:3F14H         LINE#         128
  C:3F17H         LINE#         129
  C:3F1FH         LINE#         130
  C:3F21H         LINE#         131
  C:3F35H         LINE#         132
  C:3F35H         LINE#         133
  C:3F35H         LINE#         134
  C:3F35H         LINE#         135
  C:3F3BH         LINE#         137
  C:3F3DH         LINE#         138
  C:3F3DH         LINE#         139
  C:3F3DH         LINE#         140
  C:3F43H         LINE#         142
  C:3F45H         LINE#         143
  C:3F45H         LINE#         144
  C:3F45H         LINE#         145
BL51 BANKED LINKER/LOCATER V6.22                                                      08/30/2019  12:24:44  PAGE 22


  C:3F4BH         LINE#         147
  C:3F4DH         LINE#         148
  C:3F4DH         LINE#         149
  C:3F4DH         LINE#         150
  C:3F53H         LINE#         152
  C:3F53H         LINE#         153
  C:3F53H         LINE#         154
  C:3F53H         LINE#         158
  C:3F56H         LINE#         159
  C:3F59H         LINE#         160
  C:3F61H         LINE#         161
  C:3F65H         LINE#         162
  C:3F65H         LINE#         163
  C:3F6DH         LINE#         164
  C:3F6DH         LINE#         165
  C:3F70H         LINE#         166
  C:3F78H         LINE#         167
  C:3F7AH         LINE#         168
  C:3F8EH         LINE#         169
  C:3F8EH         LINE#         170
  C:3F8EH         LINE#         171
  C:3F8EH         LINE#         172
  C:3F94H         LINE#         174
  C:3F96H         LINE#         175
  C:3F96H         LINE#         176
  C:3F96H         LINE#         177
  C:3F9CH         LINE#         179
  C:3F9EH         LINE#         180
  C:3F9EH         LINE#         181
  C:3F9EH         LINE#         182
  C:3FA4H         LINE#         184
  C:3FA6H         LINE#         185
  C:3FA6H         LINE#         186
  C:3FA6H         LINE#         187
  C:3FACH         LINE#         189
  C:3FACH         LINE#         190
  C:3FACH         LINE#         191
  C:3FACH         LINE#         193
  C:3FB2H         LINE#         194
  C:3FB2H         LINE#         196
  C:3FB2H         LINE#         197
  C:3FB5H         LINE#         198
  C:3FB5H         LINE#         199
  C:3FB5H         LINE#         201
  C:3FB5H         LINE#         202
  C:3FB7H         LINE#         203
  C:3FB7H         LINE#         204
  -------         ENDPROC       KEY_SCAN
  -------         PROC          KEY_PROCESS
  -------         DO            
  X:0778H         SYMBOL        KeyCount
  X:0779H         SYMBOL        KeyNum_Old
  X:077BH         SYMBOL        KeyNum
  X:077DH         SYMBOL        PressedKey
  X:07E6H         SYMBOL        d
  D:0002H         SYMBOL        hours
  D:0006H         SYMBOL        mins
BL51 BANKED LINKER/LOCATER V6.22                                                      08/30/2019  12:24:44  PAGE 23


  X:07E8H         SYMBOL        months
  X:07EAH         SYMBOL        days
  -------         ENDDO         
  C:3558H         LINE#         205
  C:3558H         LINE#         206
  C:3558H         LINE#         210
  C:3567H         LINE#         211
  C:3574H         LINE#         213
  C:3578H         LINE#         214
  C:3578H         LINE#         215
  C:357EH         LINE#         217
  C:357EH         LINE#         218
  C:3595H         LINE#         219
  C:3595H         LINE#         220
  C:359FH         LINE#         221
  C:35A5H         LINE#         223
  C:35ABH         LINE#         225
  C:35ABH         LINE#         226
  C:35C2H         LINE#         227
  C:35C2H         LINE#         228
  C:35C7H         LINE#         230
  C:35C7H         LINE#         231
  C:35D7H         LINE#         232
  C:35D7H         LINE#         233
  C:35DDH         LINE#         235
  C:35DDH         LINE#         236
  C:35EFH         LINE#         237
  C:35EFH         LINE#         238
  C:35F9H         LINE#         239
  C:3601H         LINE#         241
  C:360AH         LINE#         243
  C:360AH         LINE#         252
  C:3629H         LINE#         253
  C:3629H         LINE#         254
  C:3648H         LINE#         255
  C:364EH         LINE#         256
  C:3656H         LINE#         257
  C:3656H         LINE#         259
  C:3657H         LINE#         265
  C:3663H         LINE#         266
  C:3663H         LINE#         267
  C:3680H         LINE#         268
  C:3697H         LINE#         269
  C:36AEH         LINE#         270
  C:36AEH         LINE#         271
  C:36C1H         LINE#         272
  C:36D4H         LINE#         273
  C:36D4H         LINE#         274
  C:36D4H         LINE#         275
  C:36D7H         LINE#         280
  C:36E6H         LINE#         281
  C:36E6H         LINE#         282
  C:3709H         LINE#         283
  C:3726H         LINE#         284
  C:372FH         LINE#         285
  C:372FH         LINE#         286
  C:3736H         LINE#         287
BL51 BANKED LINKER/LOCATER V6.22                                                      08/30/2019  12:24:44  PAGE 24


  C:3736H         LINE#         288
  C:3747H         LINE#         289
  C:3747H         LINE#         290
  C:3756H         LINE#         291
  C:3756H         LINE#         292
  C:3756H         LINE#         293
  C:3759H         LINE#         295
  C:3759H         LINE#         296
  C:3765H         LINE#         297
  C:3765H         LINE#         298
  C:3777H         LINE#         299
  C:3777H         LINE#         300
  C:3787H         LINE#         301
  C:3787H         LINE#         302
  C:3787H         LINE#         304
  C:3789H         LINE#         306
  C:3789H         LINE#         307
  C:3798H         LINE#         308
  C:3798H         LINE#         309
  C:37A8H         LINE#         310
  C:37A8H         LINE#         311
  C:37A8H         LINE#         313
  C:37A8H         LINE#         315
  C:37A8H         LINE#         316
  C:37AAH         LINE#         318
  C:37AAH         LINE#         319
  C:37B1H         LINE#         320
  C:37B1H         LINE#         321
  C:37C0H         LINE#         322
  C:37C0H         LINE#         323
  C:37D0H         LINE#         324
  C:37D0H         LINE#         325
  C:37D0H         LINE#         326
  C:37D2H         LINE#         328
  C:37D2H         LINE#         329
  C:37E1H         LINE#         330
  C:37E1H         LINE#         331
  C:37F4H         LINE#         332
  C:3807H         LINE#         333
  C:3807H         LINE#         334
  C:3807H         LINE#         335
  C:3807H         LINE#         336
  C:3810H         LINE#         338
  C:3810H         LINE#         340
  C:384AH         LINE#         341
  C:384AH         LINE#         342
  C:3851H         LINE#         343
  C:3851H         LINE#         344
  C:385BH         LINE#         345
  C:385BH         LINE#         346
  C:385EH         LINE#         347
  C:3863H         LINE#         348
  C:3868H         LINE#         349
  C:386DH         LINE#         350
  C:3872H         LINE#         351
  C:3877H         LINE#         352
  C:387CH         LINE#         353
BL51 BANKED LINKER/LOCATER V6.22                                                      08/30/2019  12:24:44  PAGE 25


  C:3881H         LINE#         354
  C:3881H         LINE#         355
  C:3881H         LINE#         357
  C:389FH         LINE#         358
  C:389FH         LINE#         359
  C:38A6H         LINE#         360
  C:38A6H         LINE#         361
  C:38ABH         LINE#         362
  C:38B4H         LINE#         363
  C:38D3H         LINE#         364
  C:38D3H         LINE#         365
  C:38E3H         LINE#         367
  C:38E3H         LINE#         371
  -------         ENDPROC       KEY_PROCESS
  -------         PROC          KEYPAD_IO_INIT
  C:5A1CH         LINE#         374
  C:5A1CH         LINE#         375
  C:5A1CH         LINE#         376
  C:5A1FH         LINE#         377
  C:5A22H         LINE#         378
  C:5A25H         LINE#         379
  C:5A27H         LINE#         380
  -------         ENDPROC       KEYPAD_IO_INIT
  -------         ENDMOD        KEYPAD

  -------         MODULE        BIPOLARMOTOR
  C:0000H         SYMBOL        _ICE_DUMMY_
  X:0000H         PUBLIC        UTC_time
  D:0080H         PUBLIC        P0
  D:0090H         PUBLIC        P1
  X:0004H         PUBLIC        RX_pos_test
  D:00A0H         PUBLIC        P2
  D:00B0H         PUBLIC        P3
  D:00C0H         PUBLIC        P4
  D:00C8H         PUBLIC        P5
  D:00E8H         PUBLIC        P6
  D:00F8H         PUBLIC        P7
  X:00A4H         PUBLIC        low_date_azimuth_mapping
  D:00A8H         PUBLIC        IE
  C:4BD4H         PUBLIC        linear_interpolate
  X:00CCH         PUBLIC        declination
  C:570DH         PUBLIC        _Move
  D:00B8H         PUBLIC        IP
  X:00D0H         PUBLIC        time_offset
  D:00D8H         PUBLIC        CCON
  X:00D4H         PUBLIC        previous_move_time
  X:00D5H         PUBLIC        time
  D:0098H         PUBLIC        SCON
  D:0088H         PUBLIC        TCON
  C:5580H         PUBLIC        _Step_move
  X:00E7H         PUBLIC        dat
  X:00EDH         PUBLIC        current_local_sun_time
  C:2137H         PUBLIC        _Update_position
  C:38E4H         PUBLIC        _elevation_calculation
  X:00F1H         PUBLIC        sunCoord
  C:5468H         PUBLIC        vOneStepMove
  X:00F4H         PUBLIC        elevation_stamp
BL51 BANKED LINKER/LOCATER V6.22                                                      08/30/2019  12:24:44  PAGE 26


  X:0130H         PUBLIC        date_azimuth_mapping
  X:0158H         PUBLIC        location
  X:0160H         PUBLIC        RX_pos
  C:5943H         PUBLIC        vSetLocation
  C:58BEH         PUBLIC        _BCDtoDec1
  X:03B8H         PUBLIC        degree
  C:2768H         PUBLIC        _TheoricalJP_Position
  D:00D0H         PUBLIC        PSW
  -------         PROC          VSETLOCATION
  C:5943H         LINE#         44
  C:5943H         LINE#         45
  C:5943H         LINE#         46
  C:594DH         LINE#         47
  C:5957H         LINE#         48
  -------         ENDPROC       VSETLOCATION
  C:58BAH         SYMBOL        L?0060
  -------         PROC          L?0059
  -------         ENDPROC       L?0059
  C:58BAH         SYMBOL        L?0060
  -------         PROC          _BCDTODEC1
  D:0007H         SYMBOL        bcd
  -------         DO            
  D:0006H         SYMBOL        hi
  D:0007H         SYMBOL        lo
  -------         ENDDO         
  C:58BEH         LINE#         49
  C:58BEH         LINE#         50
  C:58BEH         LINE#         52
  C:58C3H         LINE#         53
  C:58C7H         LINE#         54
  C:58CEH         LINE#         55
  -------         ENDPROC       _BCDTODEC1
  -------         PROC          VONESTEPMOVE
  B:0021H.4       SYMBOL        bDir
  C:5468H         LINE#         59
  C:5468H         LINE#         60
  C:5468H         LINE#         62
  C:546EH         LINE#         63
  C:546EH         LINE#         64
  C:5471H         LINE#         65
  C:547AH         LINE#         66
  C:5481H         LINE#         67
  C:5486H         LINE#         68
  C:5486H         LINE#         69
  C:5486H         LINE#         71
  C:5488H         LINE#         74
  C:5488H         LINE#         75
  C:548BH         LINE#         76
  C:5494H         LINE#         77
  C:549BH         LINE#         78
  C:54A1H         LINE#         79
  C:54AAH         LINE#         80
  C:54B1H         LINE#         81
  C:54B1H         LINE#         85
  -------         ENDPROC       VONESTEPMOVE
  -------         PROC          _STEP_MOVE
  X:07F6H         SYMBOL        step
BL51 BANKED LINKER/LOCATER V6.22                                                      08/30/2019  12:24:44  PAGE 27


  B:0021H.5       SYMBOL        dir
  -------         DO            
  X:07F8H         SYMBOL        i
  -------         ENDDO         
  C:5580H         LINE#         87
  C:5588H         LINE#         88
  C:5588H         LINE#         90
  C:558DH         LINE#         93
  C:55A8H         LINE#         94
  C:55A8H         LINE#         95
  C:55AFH         LINE#         97
  C:55BFH         LINE#         99
  -------         ENDPROC       _STEP_MOVE
  -------         PROC          _MOVE
  X:07FAH         SYMBOL        distance
  B:0021H.6       SYMBOL        direction
  -------         DO            
  D:0006H         SYMBOL        step
  -------         ENDDO         
  C:570DH         LINE#         101
  C:5713H         LINE#         102
  C:5713H         LINE#         106
  C:572EH         LINE#         108
  -------         ENDPROC       _MOVE
  C:4BC3H         SYMBOL        L?0058
  -------         PROC          L?0057
  -------         ENDPROC       L?0057
  C:4BC3H         SYMBOL        L?0058
  -------         PROC          LINEAR_INTERPOLATE
  X:07A9H         SYMBOL        p1
  X:07B1H         SYMBOL        p2
  X:07B9H         SYMBOL        x
  -------         DO            
  D:0004H         SYMBOL        fx
  -------         ENDDO         
  C:4BD4H         LINE#         141
  C:4BD4H         LINE#         142
  C:4BD4H         LINE#         145
  C:4C73H         LINE#         147
  C:4C73H         LINE#         148
  -------         ENDPROC       LINEAR_INTERPOLATE
  -------         PROC          _THEORICALJP_POSITION
  X:0657H         SYMBOL        azimuth
  X:065BH         SYMBOL        elevation
  -------         DO            
  X:065FH         SYMBOL        pos_interpolate_azimuth
  X:069BH         SYMBOL        JP_pos
  X:069FH         SYMBOL        i
  X:06A1H         SYMBOL        yy
  X:06A3H         SYMBOL        p1
  X:06ABH         SYMBOL        p2
  -------         ENDDO         
  C:2768H         LINE#         151
  C:276EH         LINE#         152
  C:276EH         LINE#         154
  C:2778H         LINE#         157
  C:2794H         LINE#         158
BL51 BANKED LINKER/LOCATER V6.22                                                      08/30/2019  12:24:44  PAGE 28


  C:2794H         LINE#         159
  C:2804H         LINE#         160
  C:2804H         LINE#         161
  C:280BH         LINE#         162
  C:280BH         LINE#         163
  C:2838H         LINE#         164
  C:2853H         LINE#         166
  C:289AH         LINE#         167
  C:28CEH         LINE#         169
  C:2914H         LINE#         170
  C:2939H         LINE#         172
  C:2939H         LINE#         174
  C:29AFH         LINE#         175
  C:29AFH         LINE#         176
  C:29B6H         LINE#         177
  C:29B6H         LINE#         178
  C:29E3H         LINE#         179
  C:29FEH         LINE#         181
  C:2A45H         LINE#         182
  C:2A79H         LINE#         184
  C:2ABFH         LINE#         185
  C:2AE1H         LINE#         187
  C:2AE1H         LINE#         188
  C:2AF5H         LINE#         191
  C:2B11H         LINE#         192
  C:2B11H         LINE#         193
  C:2B81H         LINE#         194
  C:2B81H         LINE#         195
  C:2BAEH         LINE#         196
  C:2BC9H         LINE#         198
  C:2BF6H         LINE#         199
  C:2C11H         LINE#         201
  C:2C43H         LINE#         204
  C:2C43H         LINE#         206
  C:2C54H         LINE#         207
  C:2C62H         LINE#         209
  -------         ENDPROC       _THEORICALJP_POSITION
  -------         PROC          _UPDATE_POSITION
  D:0001H         SYMBOL        mnths
  D:0002H         SYMBOL        dys
  X:0730H         SYMBOL        hurs
  X:0731H         SYMBOL        mns
  X:0732H         SYMBOL        sconds
  X:0733H         SYMBOL        currnt_pos
  X:0736H         SYMBOL        offset_calib
  -------         DO            
  X:073AH         SYMBOL        date
  X:073CH         SYMBOL        i
  X:073EH         SYMBOL        yy
  X:0740H         SYMBOL        desired_distance
  X:0744H         SYMBOL        distance
  X:0748H         SYMBOL        JP_pos
  X:074CH         SYMBOL        elevation
  X:0750H         SYMBOL        azimuth
  -------         ENDDO         
  C:2137H         LINE#         212
  C:2140H         LINE#         215
BL51 BANKED LINKER/LOCATER V6.22                                                      08/30/2019  12:24:44  PAGE 29


  C:2140H         LINE#         216
  C:214BH         LINE#         218
  C:2167H         LINE#         225
  C:2171H         LINE#         226
  C:217CH         LINE#         227
  C:2187H         LINE#         228
  C:21A0H         LINE#         229
  C:21B1H         LINE#         230
  C:21C0H         LINE#         233
  C:21D4H         LINE#         237
  C:2226H         LINE#         238
  C:238AH         LINE#         239
  C:23DAH         LINE#         242
  C:2502H         LINE#         245
  C:25D1H         LINE#         252
  C:2618H         LINE#         253
  C:2618H         LINE#         255
  C:2643H         LINE#         256
  C:2672H         LINE#         258
  C:2697H         LINE#         259
  C:26F1H         LINE#         260
  C:26F1H         LINE#         261
  C:270BH         LINE#         262
  C:271DH         LINE#         263
  C:2735H         LINE#         264
  C:274BH         LINE#         266
  C:2767H         LINE#         267
  C:2767H         LINE#         268
  C:2767H         LINE#         271
  -------         ENDPROC       _UPDATE_POSITION
  -------         PROC          _ELEVATION_CALCULATION
  D:0007H         SYMBOL        mnths
  D:0005H         SYMBOL        dys
  X:07EEH         SYMBOL        hurs
  X:07EFH         SYMBOL        mns
  X:07F0H         SYMBOL        sconds
  C:38E4H         LINE#         273
  C:38E9H         LINE#         275
  C:38E9H         LINE#         276
  C:38F3H         LINE#         277
  C:38FCH         LINE#         278
  C:3907H         LINE#         279
  C:3920H         LINE#         280
  C:3934H         LINE#         281
  C:3946H         LINE#         285
  C:3998H         LINE#         286
  C:3AFCH         LINE#         287
  C:3B4CH         LINE#         289
  C:3C63H         LINE#         291
  -------         ENDPROC       _ELEVATION_CALCULATION
  -------         ENDMOD        BIPOLARMOTOR

  -------         MODULE        SUNPOS
  C:0000H         SYMBOL        _ICE_DUMMY_
  C:0BEEH         PUBLIC        sunpos
  -------         PROC          SUNPOS
  X:05FAH         SYMBOL        udtTime
BL51 BANKED LINKER/LOCATER V6.22                                                      08/30/2019  12:24:44  PAGE 30


  X:060CH         SYMBOL        udtLocation
  X:0614H         SYMBOL        udtSunCoordinates
  -------         DO            
  X:0617H         SYMBOL        dElapsedJulianDays
  X:061BH         SYMBOL        dDecimalHours
  X:061FH         SYMBOL        dEclipticLongitude
  X:0623H         SYMBOL        dEclipticObliquity
  X:0627H         SYMBOL        dRightAscension
  X:062BH         SYMBOL        dDeclination
  X:062FH         SYMBOL        dY
  X:0633H         SYMBOL        dX
  -------         DO            
  X:0637H         SYMBOL        dJulianDate
  X:063BH         SYMBOL        liAux1
  X:063FH         SYMBOL        liAux2
  X:0637H         SYMBOL        dMeanLongitude
  X:063BH         SYMBOL        dMeanAnomaly
  X:063FH         SYMBOL        dOmega
  X:0637H         SYMBOL        dSin_EclipticLongitude
  X:0637H         SYMBOL        dGreenwichMeanSiderealTime
  X:063BH         SYMBOL        dLocalMeanSiderealTime
  X:063FH         SYMBOL        dLatitudeInRadians
  X:0643H         SYMBOL        dHourAngle
  X:0647H         SYMBOL        dCos_Latitude
  X:064BH         SYMBOL        dSin_Latitude
  X:064FH         SYMBOL        dCos_HourAngle
  X:0653H         SYMBOL        dParallax
  -------         ENDDO         
  -------         DO            
  X:0637H         SYMBOL        dMeanLongitude
  X:063BH         SYMBOL        dMeanAnomaly
  X:063FH         SYMBOL        dOmega
  X:0637H         SYMBOL        dSin_EclipticLongitude
  X:0637H         SYMBOL        dGreenwichMeanSiderealTime
  X:063BH         SYMBOL        dLocalMeanSiderealTime
  X:063FH         SYMBOL        dLatitudeInRadians
  X:0643H         SYMBOL        dHourAngle
  X:0647H         SYMBOL        dCos_Latitude
  X:064BH         SYMBOL        dSin_Latitude
  X:064FH         SYMBOL        dCos_HourAngle
  X:0653H         SYMBOL        dParallax
  -------         ENDDO         
  -------         DO            
  X:0637H         SYMBOL        dSin_EclipticLongitude
  X:0637H         SYMBOL        dGreenwichMeanSiderealTime
  X:063BH         SYMBOL        dLocalMeanSiderealTime
  X:063FH         SYMBOL        dLatitudeInRadians
  X:0643H         SYMBOL        dHourAngle
  X:0647H         SYMBOL        dCos_Latitude
  X:064BH         SYMBOL        dSin_Latitude
  X:064FH         SYMBOL        dCos_HourAngle
  X:0653H         SYMBOL        dParallax
  -------         ENDDO         
  -------         DO            
  X:0637H         SYMBOL        dGreenwichMeanSiderealTime
  X:063BH         SYMBOL        dLocalMeanSiderealTime
  X:063FH         SYMBOL        dLatitudeInRadians
BL51 BANKED LINKER/LOCATER V6.22                                                      08/30/2019  12:24:44  PAGE 31


  X:0643H         SYMBOL        dHourAngle
  X:0647H         SYMBOL        dCos_Latitude
  X:064BH         SYMBOL        dSin_Latitude
  X:064FH         SYMBOL        dCos_HourAngle
  X:0653H         SYMBOL        dParallax
  -------         ENDDO         
  -------         ENDDO         
  C:0BEEH         LINE#         6
  C:0BEEH         LINE#         7
  C:0BEEH         LINE#         9
  C:0BEEH         LINE#         27
  C:0C38H         LINE#         30
  C:0C59H         LINE#         31
  C:0DA0H         LINE#         34
  C:0DECH         LINE#         36
  C:0E0BH         LINE#         37
  C:0E0BH         LINE#         42
  C:0E0BH         LINE#         46
  C:0E3DH         LINE#         47
  C:0E67H         LINE#         48
  C:0E91H         LINE#         49
  C:0F3EH         LINE#         52
  C:0F9FH         LINE#         54
  C:0F9FH         LINE#         59
  C:0F9FH         LINE#         61
  C:0FB6H         LINE#         62
  C:0FDEH         LINE#         63
  C:0FF5H         LINE#         64
  C:1020H         LINE#         65
  C:1057H         LINE#         66
  C:1082H         LINE#         67
  C:1082H         LINE#         70
  C:1082H         LINE#         79
  C:10BDH         LINE#         82
  C:10F7H         LINE#         84
  C:111CH         LINE#         85
  C:113BH         LINE#         86
  C:1152H         LINE#         87
  C:1169H         LINE#         88
  C:1180H         LINE#         89
  C:1209H         LINE#         91
  C:1223H         LINE#         92
  C:1285H         LINE#         93
  C:12BBH         LINE#         94
  C:12CDH         LINE#         95
  C:12FAH         LINE#         96
  C:1327H         LINE#         98
  C:1349H         LINE#         100
  C:1381H         LINE#         103
  C:1381H         LINE#         104
  C:138FH         LINE#         105
  -------         ENDPROC       SUNPOS
  -------         ENDMOD        SUNPOS

  -------         MODULE        ADC
  C:0000H         SYMBOL        _ICE_DUMMY_
  D:0092H         PUBLIC        P1M0
BL51 BANKED LINKER/LOCATER V6.22                                                      08/30/2019  12:24:44  PAGE 32


  D:0091H         PUBLIC        P1M1
  D:0080H         PUBLIC        P0
  D:0090H         PUBLIC        P1
  D:00A0H         PUBLIC        P2
  D:00B0H         PUBLIC        P3
  D:00C0H         PUBLIC        P4
  D:00C8H         PUBLIC        P5
  D:00E8H         PUBLIC        P6
  D:00F8H         PUBLIC        P7
  D:00A8H         PUBLIC        IE
  D:00BDH         PUBLIC        ADC_RES
  D:00B8H         PUBLIC        IP
  D:0097H         PUBLIC        CLK_DIV
  D:00D8H         PUBLIC        CCON
  D:00BCH         PUBLIC        ADC_CONTR
  D:0098H         PUBLIC        SCON
  D:0088H         PUBLIC        TCON
  B:00A0H.4       PUBLIC        P24
  B:00A0H.5       PUBLIC        P25
  B:00A0H.6       PUBLIC        P26
  C:58CFH         PUBLIC        ADC_Init
  C:56E3H         PUBLIC        _ADC_GetResult
  D:009DH         PUBLIC        P1ASF
  D:00BEH         PUBLIC        ADC_RESL
  D:00D0H         PUBLIC        PSW
  -------         PROC          ADC_INIT
  C:58CFH         LINE#         7
  C:58CFH         LINE#         8
  C:58CFH         LINE#         10
  C:58D1H         LINE#         11
  C:58D3H         LINE#         12
  C:58D5H         LINE#         13
  C:58D8H         LINE#         14
  C:58DBH         LINE#         15
  C:58DEH         LINE#         16
  C:58E1H         LINE#         18
  C:58E3H         LINE#         19
  C:58E5H         LINE#         20
  C:58E8H         LINE#         24
  -------         ENDPROC       ADC_INIT
  -------         PROC          _ADC_GETRESULT
  D:0007H         SYMBOL        ch
  -------         DO            
  D:0006H         SYMBOL        ADC_Value_H
  D:0004H         SYMBOL        ADC_Value_L
  D:0006H         SYMBOL        ADC_Value
  -------         ENDDO         
  C:56E3H         LINE#         27
  C:56E3H         LINE#         28
  C:56E3H         LINE#         30
  C:56E8H         LINE#         31
  C:56E9H         LINE#         32
  C:56EAH         LINE#         35
  C:56EFH         LINE#         36
  C:56F2H         LINE#         37
  C:56F6H         LINE#         38
  C:56FAH         LINE#         40
BL51 BANKED LINKER/LOCATER V6.22                                                      08/30/2019  12:24:44  PAGE 33


  C:570CH         LINE#         41
  C:570CH         LINE#         42
  -------         ENDPROC       _ADC_GETRESULT
  -------         ENDMOD        ADC

  -------         MODULE        CALIBRATION
  C:0000H         SYMBOL        _ICE_DUMMY_
  D:0080H         PUBLIC        P0
  D:0090H         PUBLIC        P1
  D:00A0H         PUBLIC        P2
  D:00B0H         PUBLIC        P3
  D:00C0H         PUBLIC        P4
  D:00C8H         PUBLIC        P5
  D:00E8H         PUBLIC        P6
  D:00F8H         PUBLIC        P7
  C:4FC6H         PUBLIC        _Max_Value
  D:00A8H         PUBLIC        IE
  C:3C64H         PUBLIC        _calibration
  C:4C74H         PUBLIC        voltage_is_stable
  D:00B8H         PUBLIC        IP
  C:57ABH         PUBLIC        _FindClosestSamedayCalibTime
  D:00D8H         PUBLIC        CCON
  D:0098H         PUBLIC        SCON
  D:0088H         PUBLIC        TCON
  C:1390H         PUBLIC        _Find_Real_Max
  D:00D0H         PUBLIC        PSW
  -------         PROC          VOLTAGE_IS_STABLE
  -------         DO            
  X:0791H         SYMBOL        sample_voltage
  X:07A5H         SYMBOL        i
  X:07A7H         SYMBOL        ch
  -------         ENDDO         
  C:4C74H         LINE#         26
  C:4C74H         LINE#         27
  C:4C74H         LINE#         29
  C:4C7BH         LINE#         30
  C:4C81H         LINE#         31
  C:4C81H         LINE#         32
  C:4CAAH         LINE#         33
  C:4CC9H         LINE#         35
  C:4CE3H         LINE#         36
  C:4CE3H         LINE#         37
  C:4D16H         LINE#         38
  C:4D1AH         LINE#         39
  C:4D2AH         LINE#         40
  C:4D2EH         LINE#         41
  -------         ENDPROC       VOLTAGE_IS_STABLE
  -------         PROC          _FIND_REAL_MAX
  X:052DH         SYMBOL        current_position
  X:0530H         SYMBOL        calib_max_ADC_Value
  X:0533H         SYMBOL        max_ADC_JP_value
  X:0536H         SYMBOL        address_to_write
  -------         DO            
[...]
  C:40E2H         LINE#         364
  C:40E5H         LINE#         366
  C:40FFH         LINE#         367
  C:40FFH         LINE#         368
  C:40FFH         LINE#         370
  C:4102H         LINE#         372
  C:411CH         LINE#         373
  C:4123H         LINE#         374
BL51 BANKED LINKER/LOCATER V6.22                                                      08/30/2019  12:24:44  PAGE 47


  -------         ENDPROC       SPI_NOR_WRITE_DATA
  -------         ENDMOD        AT25SF041

  -------         MODULE        SI1120
  C:0000H         SYMBOL        _ICE_DUMMY_
  D:0080H         PUBLIC        P0
  D:00B2H         PUBLIC        P3M0
  D:0090H         PUBLIC        P1
  D:00B1H         PUBLIC        P3M1
  D:00A0H         PUBLIC        P2
  D:00B0H         PUBLIC        P3
  D:00C0H         PUBLIC        P4
  D:00C8H         PUBLIC        P5
  B:00A8H.7       PUBLIC        EA
  D:00E8H         PUBLIC        P6
  D:00F8H         PUBLIC        P7
  D:00A8H         PUBLIC        IE
  D:00B8H         PUBLIC        IP
  C:562EH         PUBLIC        SI1120_CONFIG_MODE_VIRH
  D:00D8H         PUBLIC        CCON
  D:0098H         PUBLIC        SCON
  D:0088H         PUBLIC        TCON
  C:5A02H         PUBLIC        Enable_EXTINT0
  B:0090H.5       PUBLIC        SI1120_STX
  B:0088H.0       PUBLIC        IT0
  B:00A8H.0       PUBLIC        EX0
  B:0090H.4       PUBLIC        SI1120_MD
  B:0090H.6       PUBLIC        SI1120_SC
  D:00D0H         PUBLIC        PSW
  -------         PROC          SI1120_CONFIG_MODE_VIRH
  C:562EH         LINE#         4
  C:562EH         LINE#         5
  C:562EH         LINE#         6
  C:5630H         LINE#         7
  C:5632H         LINE#         8
  C:5634H         LINE#         10
  C:563BH         LINE#         11
  C:563DH         LINE#         13
  C:563FH         LINE#         14
  C:5641H         LINE#         16
  C:5648H         LINE#         18
  C:564AH         LINE#         20
  C:5651H         LINE#         23
  C:5653H         LINE#         25
  C:5655H         LINE#         27
  C:565CH         LINE#         29
  C:565EH         LINE#         31
  -------         ENDPROC       SI1120_CONFIG_MODE_VIRH
  -------         PROC          ENABLE_EXTINT0
  C:5A02H         LINE#         33
  C:5A02H         LINE#         34
  C:5A02H         LINE#         35
  C:5A05H         LINE#         36
  C:5A08H         LINE#         37
  C:5A0AH         LINE#         38
  C:5A0CH         LINE#         39
  C:5A0EH         LINE#         40
BL51 BANKED LINKER/LOCATER V6.22                                                      08/30/2019  12:24:44  PAGE 48


  -------         ENDPROC       ENABLE_EXTINT0
  -------         ENDMOD        SI1120

  -------         MODULE        UART1
  C:0000H         SYMBOL        _ICE_DUMMY_
  D:0080H         PUBLIC        P0
  D:0090H         PUBLIC        P1
  D:00A0H         PUBLIC        P2
  D:00B0H         PUBLIC        P3
  D:00C0H         PUBLIC        P4
  D:00C8H         PUBLIC        P5
  C:57F4H         PUBLIC        _uart1_SendToTCPServer
  B:00A8H.7       PUBLIC        EA
  D:00E8H         PUBLIC        P6
  D:00F8H         PUBLIC        P7
  C:55FBH         PUBLIC        _SendString
  D:00A8H         PUBLIC        IE
  B:00A8H.4       PUBLIC        ES
  D:00B8H         PUBLIC        IP
  C:5901H         PUBLIC        _ASCIItoBCD
  D:00D8H         PUBLIC        CCON
  C:59B7H         PUBLIC        initUART1
  D:0098H         PUBLIC        SCON
  D:0088H         PUBLIC        TCON
  C:5A70H         PUBLIC        _DectoBCD
  C:001EH         PUBLIC        _ASCII_Letter
  D:008EH         PUBLIC        AUXR
  C:0006H         PUBLIC        _unit
  C:5A69H         PUBLIC        _ten
  D:00D6H         PUBLIC        T2H
  D:00D7H         PUBLIC        T2L
  C:5A5AH         PUBLIC        uart1_InitTCPConn
  D:00D0H         PUBLIC        PSW
  -------         PROC          INITUART1
  C:59B7H         LINE#         24
  C:59B7H         LINE#         25
  C:59B7H         LINE#         26
  C:59BAH         LINE#         27
  C:59BDH         LINE#         28
  C:59C0H         LINE#         29
  C:59C3H         LINE#         30
  C:59C5H         LINE#         31
  C:59C7H         LINE#         33
  -------         ENDPROC       INITUART1
  -------         PROC          _SENDSTRING
  X:06F2H         SYMBOL        s
  C:55FBH         LINE#         36
  C:5606H         LINE#         37
  C:5606H         LINE#         38
  C:5616H         LINE#         39
  C:5616H         LINE#         40
  C:562BH         LINE#         41
  C:562DH         LINE#         42
  -------         ENDPROC       _SENDSTRING
  -------         PROC          _TEN
  D:0007H         SYMBOL        BCD
  C:5A69H         LINE#         44
BL51 BANKED LINKER/LOCATER V6.22                                                      08/30/2019  12:24:44  PAGE 49


  C:5A69H         LINE#         45
  C:5A69H         LINE#         46
  C:5A6EH         LINE#         47
  -------         ENDPROC       _TEN
  -------         PROC          _UNIT
  D:0007H         SYMBOL        BCD
  C:0006H         LINE#         48
  C:0006H         LINE#         49
  C:0006H         LINE#         53
  C:000AH         LINE#         54
  -------         ENDPROC       _UNIT
  -------         PROC          _DECTOBCD
  D:0007H         SYMBOL        dec
  C:5A70H         LINE#         55
  C:5A70H         LINE#         56
  C:5A70H         LINE#         58
  C:5A70H         LINE#         59
  -------         ENDPROC       _DECTOBCD
  -------         PROC          _ASCII_LETTER
  D:0007H         SYMBOL        dat
  C:001EH         LINE#         61
  C:001EH         LINE#         62
  C:001EH         LINE#         64
  C:0022H         LINE#         65
  -------         ENDPROC       _ASCII_LETTER
  -------         PROC          _ASCIITOBCD
  D:0001H         SYMBOL        ascii
  -------         DO            
  D:0007H         SYMBOL        dec_val
  D:0006H         SYMBOL        ten
  D:0007H         SYMBOL        unit
  -------         ENDDO         
  C:5901H         LINE#         67
  C:5901H         LINE#         68
  C:5901H         LINE#         70
  C:5904H         LINE#         71
  C:590AH         LINE#         72
  C:5911H         LINE#         73
  C:5917H         LINE#         75
  -------         ENDPROC       _ASCIITOBCD
  -------         PROC          UART1_INITTCPCONN
  C:5A5AH         LINE#         77
  C:5A5AH         LINE#         78
  C:5A5AH         LINE#         82
  -------         ENDPROC       UART1_INITTCPCONN
  -------         PROC          _UART1_SENDTOTCPSERVER
  X:06EFH         SYMBOL        str
  C:57F4H         LINE#         85
  C:57FFH         LINE#         86
  C:57FFH         LINE#         87
  C:5808H         LINE#         88
  C:580FH         LINE#         89
  -------         ENDPROC       _UART1_SENDTOTCPSERVER
  -------         ENDMOD        UART1

  -------         MODULE        ?C_STARTUP
  C:50FCH         SEGMENT       ?C_C51STARTUP
BL51 BANKED LINKER/LOCATER V6.22                                                      08/30/2019  12:24:44  PAGE 50


  I:0023H         SEGMENT       ?STACK
  C:0000H         PUBLIC        ?C_STARTUP
  D:00E0H         SYMBOL        ACC
  D:00F0H         SYMBOL        B
  D:0083H         SYMBOL        DPH
  D:0082H         SYMBOL        DPL
  N:0000H         SYMBOL        IBPSTACK
  N:0100H         SYMBOL        IBPSTACKTOP
  N:0080H         SYMBOL        IDATALEN
  C:50FFH         SYMBOL        IDATALOOP
  N:0000H         SYMBOL        PBPSTACK
  N:0100H         SYMBOL        PBPSTACKTOP
  N:0000H         SYMBOL        PDATALEN
  N:0000H         SYMBOL        PDATASTART
  N:0000H         SYMBOL        PPAGE
  N:0000H         SYMBOL        PPAGEENABLE
  D:00A0H         SYMBOL        PPAGE_SFR
  D:0081H         SYMBOL        SP
  C:50FCH         SYMBOL        STARTUP1
  N:0000H         SYMBOL        XBPSTACK
  N:0000H         SYMBOL        XBPSTACKTOP
  N:0000H         SYMBOL        XDATALEN
  N:0000H         SYMBOL        XDATASTART
  C:0000H         LINE#         126
  C:50FCH         LINE#         133
  C:50FEH         LINE#         134
  C:50FFH         LINE#         135
  C:5100H         LINE#         136
  C:5102H         LINE#         185
  C:5105H         LINE#         196
  -------         ENDMOD        ?C_STARTUP

  -------         MODULE        ?C?FPADD
  C:002DH         PUBLIC        ?C?FPADD
  C:0029H         PUBLIC        ?C?FPSUB
  -------         ENDMOD        ?C?FPADD

  -------         MODULE        ?C?FPMUL
  C:011EH         PUBLIC        ?C?FPMUL
  -------         ENDMOD        ?C?FPMUL

  -------         MODULE        ?C?FPDIV
  C:0227H         PUBLIC        ?C?FPDIV
  -------         ENDMOD        ?C?FPDIV

  -------         MODULE        ?C?FPCMP
  C:02C6H         PUBLIC        ?C?FPCMP
  C:02C4H         PUBLIC        ?C?FPCMP3
  -------         ENDMOD        ?C?FPCMP

  -------         MODULE        ?C?FPNEG
  C:033DH         PUBLIC        ?C?FPNEG
  -------         ENDMOD        ?C?FPNEG

  -------         MODULE        ?C?FCAST
  C:0358H         PUBLIC        ?C?FCASTC
  C:0353H         PUBLIC        ?C?FCASTI
BL51 BANKED LINKER/LOCATER V6.22                                                      08/30/2019  12:24:44  PAGE 51


  C:034EH         PUBLIC        ?C?FCASTL
  -------         ENDMOD        ?C?FCAST

  -------         MODULE        ?C?CASTF
  C:038CH         PUBLIC        ?C?CASTF
  -------         ENDMOD        ?C?CASTF

  -------         MODULE        PRINTF
  X:06FEH         PUBLIC        ?_PRINTF?BYTE
  X:06FEH         PUBLIC        ?_SPRINTF?BYTE
  C:2CCEH         PUBLIC        _PRINTF
  C:2CC8H         PUBLIC        _SPRINTF
  -------         ENDMOD        PRINTF

  -------         MODULE        FABS
  C:5A0FH         PUBLIC        _FABS
  -------         ENDMOD        FABS

  -------         MODULE        ATAN2
  X:07DEH         PUBLIC        ?_atan2?BYTE
  C:4F29H         PUBLIC        _atan2
  -------         ENDMOD        ATAN2

  -------         MODULE        SIN
  C:4189H         PUBLIC        _COS
  C:419FH         PUBLIC        _SIN
  C:41DBH         PUBLIC        _TAN
  -------         ENDMOD        SIN

  -------         MODULE        ACOS
  C:54B2H         PUBLIC        _ACOS
  -------         ENDMOD        ACOS

  -------         MODULE        ASIN
  C:55C0H         PUBLIC        _ASIN
  -------         ENDMOD        ASIN

  -------         MODULE        POW
  X:06B3H         PUBLIC        ?_pow?BYTE
  C:42C9H         PUBLIC        _pow
  -------         ENDMOD        POW

  -------         MODULE        ?C?CHKFLOAT
  C:040DH         PUBLIC        ?C?CHKFLOAT
  -------         ENDMOD        ?C?CHKFLOAT

  -------         MODULE        ?C?FPROUND
  C:0427H         PUBLIC        ?C?FPROUND
  -------         ENDMOD        ?C?FPROUND

  -------         MODULE        ?C?FPCONVERT
  C:0464H         PUBLIC        ?C?FPCONVERT
  -------         ENDMOD        ?C?FPCONVERT

  -------         MODULE        EXP
  C:509AH         PUBLIC        _EXP
  -------         ENDMOD        EXP
BL51 BANKED LINKER/LOCATER V6.22                                                      08/30/2019  12:24:44  PAGE 52



  -------         MODULE        LOG
  C:45B8H         PUBLIC        _LOG
  C:45B4H         PUBLIC        _LOG10
  -------         ENDMOD        LOG

  -------         MODULE        SQRT
  C:4DE0H         PUBLIC        _SQRT
  -------         ENDMOD        SQRT

  -------         MODULE        ATAN
  C:46CDH         PUBLIC        _ATAN
  -------         ENDMOD        ATAN

  -------         MODULE        ?C?FTNPWR
  C:05E6H         PUBLIC        ?C?FTNPWR
  -------         ENDMOD        ?C?FTNPWR

  -------         MODULE        ?C?COPY
  C:06F6H         PUBLIC        ?C?COPY
  -------         ENDMOD        ?C?COPY

  -------         MODULE        ?C?CLDPTR
  C:071CH         PUBLIC        ?C?CLDPTR
  -------         ENDMOD        ?C?CLDPTR

  -------         MODULE        ?C?CLDOPTR
  C:0735H         PUBLIC        ?C?CLDOPTR
  -------         ENDMOD        ?C?CLDOPTR

  -------         MODULE        ?C?CSTPTR
  C:0762H         PUBLIC        ?C?CSTPTR
  -------         ENDMOD        ?C?CSTPTR

  -------         MODULE        ?C?IMUL
  C:0774H         PUBLIC        ?C?IMUL
  -------         ENDMOD        ?C?IMUL

  -------         MODULE        ?C?UIDIV
  C:0786H         PUBLIC        ?C?UIDIV
  -------         ENDMOD        ?C?UIDIV

  -------         MODULE        ?C?SIDIV
  C:07DBH         PUBLIC        ?C?SIDIV
  -------         ENDMOD        ?C?SIDIV

  -------         MODULE        ?C?ILDIX
  C:0811H         PUBLIC        ?C?ILDIX
  -------         ENDMOD        ?C?ILDIX

  -------         MODULE        ?C?ILDOPTR
  C:0827H         PUBLIC        ?C?ILDOPTR
  -------         ENDMOD        ?C?ILDOPTR

  -------         MODULE        ?C?ISTPTR
  C:085FH         PUBLIC        ?C?ISTPTR
  -------         ENDMOD        ?C?ISTPTR
BL51 BANKED LINKER/LOCATER V6.22                                                      08/30/2019  12:24:44  PAGE 53



  -------         MODULE        ?C?LMUL
  C:087EH         PUBLIC        ?C?LMUL
  -------         ENDMOD        ?C?LMUL

  -------         MODULE        ?C?SLDIV
  C:54FCH         PUBLIC        ?C?SLDIV
  -------         ENDMOD        ?C?SLDIV

  -------         MODULE        ?C?LNEG
  C:08CDH         PUBLIC        ?C?LNEG
  -------         ENDMOD        ?C?LNEG

  -------         MODULE        ?C?ULCMP
  C:08DBH         PUBLIC        ?C?ULCMP
  -------         ENDMOD        ?C?ULCMP

  -------         MODULE        ?C?LSHL
  C:08ECH         PUBLIC        ?C?LSHL
  -------         ENDMOD        ?C?LSHL

  -------         MODULE        ?C?LLDPTR
  C:08FFH         PUBLIC        ?C?LLDPTR
  -------         ENDMOD        ?C?LLDPTR

  -------         MODULE        ?C?LLDOPTR
  C:091FH         PUBLIC        ?C?LLDOPTR
  -------         ENDMOD        ?C?LLDOPTR

  -------         MODULE        ?C?LSTPTR
  C:094FH         PUBLIC        ?C?LSTPTR
  -------         ENDMOD        ?C?LSTPTR

  -------         MODULE        ?C?LSTOPTR
  C:0969H         PUBLIC        ?C?LSTOPTR
  -------         ENDMOD        ?C?LSTOPTR

  -------         MODULE        ?C?LLDXDATA
  C:098DH         PUBLIC        ?C?LLDXDATA
  -------         ENDMOD        ?C?LLDXDATA

  -------         MODULE        ?C?LLDCODE
  C:0999H         PUBLIC        ?C?LLDCODE
  -------         ENDMOD        ?C?LLDCODE

  -------         MODULE        ?C?LLDXDATA0
  C:09A9H         PUBLIC        ?C?LLDXDATA0
  -------         ENDMOD        ?C?LLDXDATA0

  -------         MODULE        ?C?LLDCODE0
  C:09B5H         PUBLIC        ?C?LLDCODE0
  -------         ENDMOD        ?C?LLDCODE0

  -------         MODULE        ?C?LLDPTR0
  C:09C5H         PUBLIC        ?C?LLDPTR0
  -------         ENDMOD        ?C?LLDPTR0

BL51 BANKED LINKER/LOCATER V6.22                                                      08/30/2019  12:24:44  PAGE 54


  -------         MODULE        ?C?LSTXDATA
  C:09E5H         PUBLIC        ?C?LSTXDATA
  -------         ENDMOD        ?C?LSTXDATA

  -------         MODULE        ?C?LSTKXDATA
  C:09F1H         PUBLIC        ?C?LSTKXDATA
  -------         ENDMOD        ?C?LSTKXDATA

  -------         MODULE        ?C?LSTKPTR
  C:0A22H         PUBLIC        ?C?LSTKPTR
  -------         ENDMOD        ?C?LSTKPTR

  -------         MODULE        ?C?OFFXADD
  C:0A3CH         PUBLIC        ?C?OFFXADD
  -------         ENDMOD        ?C?OFFXADD

  -------         MODULE        ?C?PLDIXDATA
  C:0A48H         PUBLIC        ?C?PLDIXDATA
  -------         ENDMOD        ?C?PLDIXDATA

  -------         MODULE        ?C?PSTXDATA
  C:0A5FH         PUBLIC        ?C?PSTXDATA
  -------         ENDMOD        ?C?PSTXDATA

  -------         MODULE        ?C?CCASE
  C:0A68H         PUBLIC        ?C?CCASE
  -------         ENDMOD        ?C?CCASE

  -------         MODULE        PUTCHAR
  C:5784H         PUBLIC        _PUTCHAR
  -------         ENDMOD        PUTCHAR

  -------         MODULE        ABS
  C:5A28H         PUBLIC        _ABS
  -------         ENDMOD        ABS

  -------         MODULE        ATOI
  C:4AD6H         PUBLIC        _atoi
  -------         ENDMOD        ATOI

  -------         MODULE        ?C?IILDX
  C:0A8EH         PUBLIC        ?C?IILDX
  -------         ENDMOD        ?C?IILDX

  -------         MODULE        ?C?ULDIV
  C:0AE0H         PUBLIC        ?C?ULDIV
  -------         ENDMOD        ?C?ULDIV

  -------         MODULE        ?C?LLDIDATA
  C:0B72H         PUBLIC        ?C?LLDIDATA
  -------         ENDMOD        ?C?LLDIDATA

  -------         MODULE        ?C?LLDPDATA
  C:0B7EH         PUBLIC        ?C?LLDPDATA
  -------         ENDMOD        ?C?LLDPDATA

  -------         MODULE        ?C?LLDIDATA0
BL51 BANKED LINKER/LOCATER V6.22                                                      08/30/2019  12:24:44  PAGE 55


  C:0B8AH         PUBLIC        ?C?LLDIDATA0
  -------         ENDMOD        ?C?LLDIDATA0

  -------         MODULE        ?C?LLDPDATA0
  C:0B97H         PUBLIC        ?C?LLDPDATA0
  -------         ENDMOD        ?C?LLDPDATA0

  -------         MODULE        ?C?LSTIDATA
  C:0BA4H         PUBLIC        ?C?LSTIDATA
  -------         ENDMOD        ?C?LSTIDATA

  -------         MODULE        ?C?LSTPDATA
  C:0BB0H         PUBLIC        ?C?LSTPDATA
  -------         ENDMOD        ?C?LSTPDATA

  -------         MODULE        ?C?LSTKIDATA
  C:0BBCH         PUBLIC        ?C?LSTKIDATA
  -------         ENDMOD        ?C?LSTKIDATA

  -------         MODULE        ?C?LSTKPDATA
  C:0BD5H         PUBLIC        ?C?LSTKPDATA
  -------         ENDMOD        ?C?LSTKPDATA

  -------         MODULE        ISDIGIT
  C:59E6H         PUBLIC        _isdigit
  -------         ENDMOD        ISDIGIT

  -------         MODULE        ISSPACE
  C:5981H         PUBLIC        _isspace
  -------         ENDMOD        ISSPACE

*** WARNING L16: UNCALLED SEGMENT, IGNORED FOR OVERLAY PROCESS
    SEGMENT: ?PR?_DAY_OF_YEAR?PCF85063BTL

*** WARNING L16: UNCALLED SEGMENT, IGNORED FOR OVERLAY PROCESS
    SEGMENT: ?PR?_DISPLAYLCD?LCD_DRIVER_SPLC780D

*** WARNING L16: UNCALLED SEGMENT, IGNORED FOR OVERLAY PROCESS
    SEGMENT: ?PR?LCD_RETURN_HOME?LCD_DRIVER_SPLC780D

*** WARNING L16: UNCALLED SEGMENT, IGNORED FOR OVERLAY PROCESS
    SEGMENT: ?PR?KEY_PROCESS?KEYPAD

*** WARNING L16: UNCALLED SEGMENT, IGNORED FOR OVERLAY PROCESS
    SEGMENT: ?PR?_ELEVATION_CALCULATION?BIPOLARMOTOR

*** WARNING L16: UNCALLED SEGMENT, IGNORED FOR OVERLAY PROCESS
    SEGMENT: ?PR?_CALIBRATION?CALIBRATION

*** WARNING L16: UNCALLED SEGMENT, IGNORED FOR OVERLAY PROCESS
    SEGMENT: ?PR?_FINDCLOSESTSAMEDAYCALIBTIME?CALIBRATION

*** WARNING L16: UNCALLED SEGMENT, IGNORED FOR OVERLAY PROCESS
    SEGMENT: ?PR?NOP?IOEXPANDER_PI4IOE5V96248

*** WARNING L16: UNCALLED SEGMENT, IGNORED FOR OVERLAY PROCESS
    SEGMENT: ?PR?UC_ACK?IOEXPANDER_PI4IOE5V96248
BL51 BANKED LINKER/LOCATER V6.22                                                      08/30/2019  12:24:44  PAGE 56



*** WARNING L16: UNCALLED SEGMENT, IGNORED FOR OVERLAY PROCESS
    SEGMENT: ?PR?UC_NACK?IOEXPANDER_PI4IOE5V96248

*** WARNING L16: UNCALLED SEGMENT, IGNORED FOR OVERLAY PROCESS
    SEGMENT: ?PR?_AT25SF041_READ?AT25SF041

*** WARNING L16: UNCALLED SEGMENT, IGNORED FOR OVERLAY PROCESS
    SEGMENT: ?PR?SPI_NOR_WRITE_DATA?AT25SF041

*** WARNING L16: UNCALLED SEGMENT, IGNORED FOR OVERLAY PROCESS
    SEGMENT: ?PR?_TEN?UART1

*** WARNING L16: UNCALLED SEGMENT, IGNORED FOR OVERLAY PROCESS
    SEGMENT: ?PR?_UNIT?UART1

*** WARNING L16: UNCALLED SEGMENT, IGNORED FOR OVERLAY PROCESS
    SEGMENT: ?PR?_DECTOBCD?UART1

*** WARNING L16: UNCALLED SEGMENT, IGNORED FOR OVERLAY PROCESS
    SEGMENT: ?PR?_ASCII_LETTER?UART1

*** WARNING L16: UNCALLED SEGMENT, IGNORED FOR OVERLAY PROCESS
    SEGMENT: ?PR?_ASCIITOBCD?UART1

Program Size: data=16.2 xdata=2072 code=23153
LINK/LOCATE RUN COMPLETE.  17 WARNING(S),  0 ERROR(S)
