BL51 BANKED LINKER/LOCATER V6.22                                                        05/02/2018  15:14:38  PAGE 1


BL51 BANKED LINKER/LOCATER V6.22, INVOKED BY:
C:\KEIL_V5\C51\BIN\BL51.EXE .\Obj\main.obj, .\Obj\PCF85063BTL.obj, .\Obj\UART1.obj, .\Obj\STARTUP.obj TO .\Obj\GPIO_RTC_
>> Test PRINT (.\Lis\GPIO_RTC_Test.m51) RAMSIZE (256)


MEMORY MODEL: LARGE


INPUT MODULES INCLUDED:
  .\Obj\main.obj (MAIN)
  .\Obj\PCF85063BTL.obj (PCF85063BTL)
  .\Obj\UART1.obj (UART1)
  .\Obj\STARTUP.obj (?C_STARTUP)
  C:\KEIL_V5\C51\LIB\C51L.LIB (?C?CLDPTR)
  C:\KEIL_V5\C51\LIB\C51L.LIB (?C?ILDIX)


LINK MAP OF MODULE:  .\Obj\GPIO_RTC_Test (MAIN)


            TYPE    BASE      LENGTH    RELOCATION   SEGMENT NAME
            -----------------------------------------------------

            * * * * * * *   D A T A   M E M O R Y   * * * * * * *
            REG     0000H     0008H     ABSOLUTE     "REG BANK 0"
                    0008H     0018H                  *** GAP ***
            BIT     0020H.0   0000H.1   UNIT         ?BI?UART1
                    0020H.1   0000H.7                *** GAP ***
            IDATA   0021H     0001H     UNIT         ?STACK

            * * * * * * *  X D A T A   M E M O R Y  * * * * * * *
            XDATA   0000H     0009H     UNIT         _XDATA_GROUP_
            XDATA   0009H     0003H     UNIT         ?XD?_SENDSTRING?UART1

            * * * * * * *   C O D E   M E M O R Y   * * * * * * *
            CODE    0000H     0003H     ABSOLUTE     
            CODE    0003H     0020H     UNIT         ?PR?_SPI_SENDBYTE?PCF85063BTL
            CODE    0023H     0003H     ABSOLUTE     
            CODE    0026H     003AH     UNIT         ?PR?MAIN?MAIN
            CODE    0060H     0033H     UNIT         ?PR?_SENDSTRING?UART1
            CODE    0093H     002FH     UNIT         ?C?LIB_CODE
            CODE    00C2H     0020H     UNIT         ?PR?SPI_RECEIVEBYTE?PCF85063BTL
            CODE    00E2H     001EH     UNIT         ?PR?_DELAY_MS?MAIN
            CODE    0100H     0014H     UNIT         ?PR?_PCF85063BTL_DELAY?PCF85063BTL
            CODE    0114H     0013H     UNIT         ?PR?INITUART1?UART1
            CODE    0127H     000DH     UNIT         ?PR?SPI_READTIME?PCF85063BTL
            CODE    0134H     000DH     UNIT         ?PR?UART?UART1
            CODE    0141H     000CH     UNIT         ?C_C51STARTUP
            CODE    014DH     000BH     UNIT         ?PR?SPI_INIT?PCF85063BTL
            CODE    0158H     0009H     UNIT         ?PR?_SENDUART1?UART1
            CODE    0161H     0006H     UNIT         ?PR?_TEN?UART1
            CODE    0167H     0005H     UNIT         ?PR?_UNIT?UART1
            CODE    016CH     0005H     UNIT         ?PR?_ASCII_LETTER?UART1
            CODE    0171H     0001H     UNIT         ?PR?_DECTOBCD?UART1



OVERLAY MAP OF MODULE:   .\Obj\GPIO_RTC_Test (MAIN)
BL51 BANKED LINKER/LOCATER V6.22                                                      05/02/2018  15:14:38  PAGE 2




SEGMENT                                      XDATA_GROUP
  +--> CALLED SEGMENT                      START    LENGTH
----------------------------------------------------------
?C_C51STARTUP                              -----    -----
  +--> ?PR?MAIN?MAIN

?PR?MAIN?MAIN                              0000H    0008H
  +--> ?PR?SPI_INIT?PCF85063BTL
  +--> ?PR?INITUART1?UART1
  +--> ?PR?SPI_READTIME?PCF85063BTL
  +--> ?PR?_TEN?UART1
  +--> ?PR?_SENDUART1?UART1
  +--> ?PR?_UNIT?UART1
  +--> ?PR?_DELAY_MS?MAIN

?PR?SPI_READTIME?PCF85063BTL               0008H    0001H
  +--> ?PR?_SPI_SENDBYTE?PCF85063BTL
  +--> ?PR?SPI_RECEIVEBYTE?PCF85063BTL

?PR?_SPI_SENDBYTE?PCF85063BTL              -----    -----
  +--> ?PR?_PCF85063BTL_DELAY?PCF85063BTL

?PR?SPI_RECEIVEBYTE?PCF85063BTL            -----    -----
  +--> ?PR?_PCF85063BTL_DELAY?PCF85063BTL



SYMBOL TABLE OF MODULE:  .\Obj\GPIO_RTC_Test (MAIN)

  VALUE           TYPE          NAME
  ----------------------------------

  -------         MODULE        MAIN
  C:0000H         SYMBOL        _ICE_DUMMY_
  D:0080H         PUBLIC        P0
  D:0090H         PUBLIC        P1
  D:00A0H         PUBLIC        P2
  D:00B0H         PUBLIC        P3
  D:00C0H         PUBLIC        P4
  D:00C8H         PUBLIC        P5
  B:00A8H.7       PUBLIC        EA
  D:00E8H         PUBLIC        P6
  D:00F8H         PUBLIC        P7
  D:00A8H         PUBLIC        IE
  D:00B8H         PUBLIC        IP
  D:00D8H         PUBLIC        CCON
  C:0026H         PUBLIC        main
  C:00E2H         PUBLIC        _Delay_ms
  D:0098H         PUBLIC        SCON
  D:0088H         PUBLIC        TCON
  D:00D0H         PUBLIC        PSW
  -------         PROC          MAIN
  -------         DO            
  X:0000H         SYMBOL        seconds
  X:0001H         SYMBOL        sec_decimal
BL51 BANKED LINKER/LOCATER V6.22                                                      05/02/2018  15:14:38  PAGE 3


  X:0003H         SYMBOL        numStr
  -------         ENDDO         
  C:0026H         LINE#         20
  C:0026H         LINE#         21
  C:0026H         LINE#         25
  C:0029H         LINE#         26
  C:002CH         LINE#         27
  C:002EH         LINE#         29
  C:002EH         LINE#         30
  C:002EH         LINE#         31
  C:0036H         LINE#         35
  C:0038H         LINE#         36
  C:0046H         LINE#         37
  C:0057H         LINE#         43
  C:005EH         LINE#         44
  -------         ENDPROC       MAIN
  -------         PROC          _DELAY_MS
  D:0006H         SYMBOL        ms
  -------         DO            
  D:0004H         SYMBOL        De_Cnt
  -------         ENDDO         
  C:00E2H         LINE#         48
  C:00E2H         LINE#         49
  C:00E2H         LINE#         51
  C:00ECH         LINE#         52
  C:00ECH         LINE#         53
  C:00FFH         LINE#         54
  C:00FFH         LINE#         55
  -------         ENDPROC       _DELAY_MS
  -------         ENDMOD        MAIN

  -------         MODULE        PCF85063BTL
  C:0000H         SYMBOL        _ICE_DUMMY_
  D:0096H         PUBLIC        P2M0
  D:0080H         PUBLIC        P0
  D:0095H         PUBLIC        P2M1
  D:0090H         PUBLIC        P1
  D:00A0H         PUBLIC        P2
  D:00B0H         PUBLIC        P3
  D:00C0H         PUBLIC        P4
  D:00C8H         PUBLIC        P5
  D:00E8H         PUBLIC        P6
  B:00A0H.2       PUBLIC        PCF85063BTL_SDI
  D:00F8H         PUBLIC        P7
  B:00A0H.1       PUBLIC        PCF85063BTL_SCK
  B:00A0H.2       PUBLIC        PCF85063BTL_SDO
  D:00A8H         PUBLIC        IE
  C:0106H         PUBLIC        _PCF85063BTL_Delay
  D:00B8H         PUBLIC        IP
  D:00D8H         PUBLIC        CCON
  C:00C2H         PUBLIC        SPI_ReceiveByte
  D:0098H         PUBLIC        SCON
  D:0088H         PUBLIC        TCON
  B:00A0H.0       PUBLIC        PCF85063BTL_CS
  C:0127H         PUBLIC        SPI_ReadTime
  C:014DH         PUBLIC        SPI_Init
  C:0003H         PUBLIC        _SPI_SendByte
BL51 BANKED LINKER/LOCATER V6.22                                                      05/02/2018  15:14:38  PAGE 4


  D:00D0H         PUBLIC        PSW
  C:0102H         SYMBOL        L?0019
  -------         PROC          L?0018
  -------         ENDPROC       L?0018
  C:0102H         SYMBOL        L?0019
  -------         PROC          _PCF85063BTL_DELAY
  D:0006H         SYMBOL        us
  C:0106H         LINE#         8
  C:0106H         LINE#         9
  C:0106H         LINE#         10
  C:0110H         LINE#         11
  C:0110H         LINE#         12
  C:0111H         LINE#         13
  C:0113H         LINE#         14
  -------         ENDPROC       _PCF85063BTL_DELAY
  -------         PROC          _SPI_SENDBYTE
  D:0005H         SYMBOL        dat
  -------         DO            
  D:0003H         SYMBOL        i
  -------         ENDDO         
  C:0003H         LINE#         17
  C:0005H         LINE#         18
  C:0005H         LINE#         20
  C:0007H         LINE#         21
  C:0007H         LINE#         22
  C:0009H         LINE#         23
  C:000DH         LINE#         24
  C:000DH         LINE#         25
  C:000FH         LINE#         26
  C:0011H         LINE#         28
  C:0011H         LINE#         29
  C:0013H         LINE#         30
  C:0013H         LINE#         31
  C:0016H         LINE#         32
  C:0016H         LINE#         33
  C:0019H         LINE#         34
  C:001DH         LINE#         35
  C:0022H         LINE#         36
  -------         ENDPROC       _SPI_SENDBYTE
  -------         PROC          SPI_RECEIVEBYTE
  -------         DO            
  D:0003H         SYMBOL        i
  D:0005H         SYMBOL        dat
  -------         ENDDO         
  C:00C2H         LINE#         39
  C:00C2H         LINE#         40
  C:00C2H         LINE#         42
  C:00C4H         LINE#         44
  C:00C6H         LINE#         45
  C:00C7H         LINE#         46
  C:00C7H         LINE#         47
  C:00CBH         LINE#         48
  C:00CDH         LINE#         49
  C:00D0H         LINE#         51
  C:00D3H         LINE#         52
  C:00D3H         LINE#         53
  C:00D7H         LINE#         54
BL51 BANKED LINKER/LOCATER V6.22                                                      05/02/2018  15:14:38  PAGE 5


  C:00D7H         LINE#         55
  C:00D7H         LINE#         56
  C:00DAH         LINE#         57
  C:00DFH         LINE#         58
  C:00E1H         LINE#         59
  -------         ENDPROC       SPI_RECEIVEBYTE
  -------         PROC          SPI_READTIME
  -------         DO            
  X:0008H         SYMBOL        i
  D:0007H         SYMBOL        dat
  -------         ENDDO         
  C:0127H         LINE#         61
  C:0127H         LINE#         62
  C:0127H         LINE#         64
  C:0127H         LINE#         65
  C:0129H         LINE#         66
  C:012EH         LINE#         67
  C:0131H         LINE#         68
  C:0133H         LINE#         69
  C:0133H         LINE#         70
  -------         ENDPROC       SPI_READTIME
  -------         PROC          SPI_INIT
  C:014DH         LINE#         74
  C:014DH         LINE#         75
  C:014DH         LINE#         80
  C:0150H         LINE#         81
  C:0153H         LINE#         82
  C:0155H         LINE#         83
  C:0157H         LINE#         84
  -------         ENDPROC       SPI_INIT
  -------         ENDMOD        PCF85063BTL

  -------         MODULE        UART1
  C:0000H         SYMBOL        _ICE_DUMMY_
  D:0080H         PUBLIC        P0
  D:0090H         PUBLIC        P1
  D:00A0H         PUBLIC        P2
  D:00B0H         PUBLIC        P3
  D:00C0H         PUBLIC        P4
  D:00C8H         PUBLIC        P5
  B:00A8H.7       PUBLIC        EA
  D:00E8H         PUBLIC        P6
  D:00F8H         PUBLIC        P7
  C:0060H         PUBLIC        _SendString
  D:00A8H         PUBLIC        IE
  B:00A8H.4       PUBLIC        ES
  D:00B8H         PUBLIC        IP
  B:0098H.0       PUBLIC        RI
  B:0098H.1       PUBLIC        TI
  C:0134H         PUBLIC        Uart
  B:00B8H.4       PUBLIC        PS
  D:00D8H         PUBLIC        CCON
  C:0114H         PUBLIC        initUART1
  D:0099H         PUBLIC        SBUF
  D:0098H         PUBLIC        SCON
  D:0088H         PUBLIC        TCON
  C:0171H         PUBLIC        _DectoBCD
BL51 BANKED LINKER/LOCATER V6.22                                                      05/02/2018  15:14:38  PAGE 6


  C:016CH         PUBLIC        _ASCII_Letter
  D:008EH         PUBLIC        AUXR
  C:0167H         PUBLIC        _unit
  B:0020H.0       PUBLIC        busy
  D:00E0H         PUBLIC        ACC
  C:0161H         PUBLIC        _ten
  D:00D6H         PUBLIC        T2H
  D:00D7H         PUBLIC        T2L
  D:00D0H         PUBLIC        PSW
  C:0158H         PUBLIC        _SendUART1
  -------         PROC          UART
  C:0134H         LINE#         8
  C:0134H         LINE#         10
  C:0137H         LINE#         11
  C:0137H         LINE#         12
  C:0139H         LINE#         13
  C:0139H         LINE#         14
  C:013CH         LINE#         15
  C:013CH         LINE#         16
  C:013EH         LINE#         17
  C:0140H         LINE#         18
  C:0140H         LINE#         19
  -------         ENDPROC       UART
  -------         PROC          INITUART1
  C:0114H         LINE#         20
  C:0114H         LINE#         21
  C:0114H         LINE#         22
  C:0117H         LINE#         23
  C:011AH         LINE#         24
  C:011DH         LINE#         25
  C:0120H         LINE#         26
  C:0122H         LINE#         27
  C:0124H         LINE#         28
  C:0126H         LINE#         29
  -------         ENDPROC       INITUART1
  -------         PROC          _SENDUART1
  D:0007H         SYMBOL        dat
  C:0158H         LINE#         31
  C:0158H         LINE#         32
  C:0158H         LINE#         33
  C:015BH         LINE#         34
  C:015DH         LINE#         35
  C:015EH         LINE#         36
  C:0160H         LINE#         37
  -------         ENDPROC       _SENDUART1
  -------         PROC          _SENDSTRING
  X:0009H         SYMBOL        s
  C:0060H         LINE#         41
  C:006BH         LINE#         42
  C:006BH         LINE#         43
  C:007BH         LINE#         44
  C:007BH         LINE#         45
  C:0090H         LINE#         46
  C:0092H         LINE#         47
  -------         ENDPROC       _SENDSTRING
  -------         PROC          _TEN
  D:0007H         SYMBOL        BCD
BL51 BANKED LINKER/LOCATER V6.22                                                      05/02/2018  15:14:38  PAGE 7


  C:0161H         LINE#         48
  C:0161H         LINE#         49
  C:0161H         LINE#         50
  C:0166H         LINE#         51
  -------         ENDPROC       _TEN
  -------         PROC          _UNIT
  D:0007H         SYMBOL        BCD
  C:0167H         LINE#         52
  C:0167H         LINE#         53
  C:0167H         LINE#         57
  C:016BH         LINE#         58
  -------         ENDPROC       _UNIT
  -------         PROC          _DECTOBCD
  D:0007H         SYMBOL        dec
  C:0171H         LINE#         59
  C:0171H         LINE#         60
  C:0171H         LINE#         66
  C:0171H         LINE#         67
  -------         ENDPROC       _DECTOBCD
  -------         PROC          _ASCII_LETTER
  D:0007H         SYMBOL        dat
  C:016CH         LINE#         69
  C:016CH         LINE#         70
  C:016CH         LINE#         71
  C:0170H         LINE#         72
  -------         ENDPROC       _ASCII_LETTER
  -------         ENDMOD        UART1

  -------         MODULE        ?C_STARTUP
  C:0141H         SEGMENT       ?C_C51STARTUP
  I:0021H         SEGMENT       ?STACK
  C:0000H         PUBLIC        ?C_STARTUP
  D:00E0H         SYMBOL        ACC
  D:00F0H         SYMBOL        B
  D:0083H         SYMBOL        DPH
  D:0082H         SYMBOL        DPL
  N:0000H         SYMBOL        IBPSTACK
  N:0100H         SYMBOL        IBPSTACKTOP
  N:0080H         SYMBOL        IDATALEN
  C:0144H         SYMBOL        IDATALOOP
  N:0000H         SYMBOL        PBPSTACK
  N:0100H         SYMBOL        PBPSTACKTOP
  N:0000H         SYMBOL        PDATALEN
  N:0000H         SYMBOL        PDATASTART
  N:0000H         SYMBOL        PPAGE
  N:0000H         SYMBOL        PPAGEENABLE
  D:00A0H         SYMBOL        PPAGE_SFR
  D:0081H         SYMBOL        SP
  C:0141H         SYMBOL        STARTUP1
  N:0000H         SYMBOL        XBPSTACK
  N:0000H         SYMBOL        XBPSTACKTOP
  N:0000H         SYMBOL        XDATALEN
  N:0000H         SYMBOL        XDATASTART
  C:0000H         LINE#         126
  C:0141H         LINE#         133
  C:0143H         LINE#         134
  C:0144H         LINE#         135
BL51 BANKED LINKER/LOCATER V6.22                                                      05/02/2018  15:14:38  PAGE 8


  C:0145H         LINE#         136
  C:0147H         LINE#         185
  C:014AH         LINE#         196
  -------         ENDMOD        ?C_STARTUP

  -------         MODULE        ?C?CLDPTR
  C:0093H         PUBLIC        ?C?CLDPTR
  -------         ENDMOD        ?C?CLDPTR

  -------         MODULE        ?C?ILDIX
  C:00ACH         PUBLIC        ?C?ILDIX
  -------         ENDMOD        ?C?ILDIX

*** WARNING L16: UNCALLED SEGMENT, IGNORED FOR OVERLAY PROCESS
    SEGMENT: ?PR?_SENDSTRING?UART1

*** WARNING L16: UNCALLED SEGMENT, IGNORED FOR OVERLAY PROCESS
    SEGMENT: ?PR?_DECTOBCD?UART1

*** WARNING L16: UNCALLED SEGMENT, IGNORED FOR OVERLAY PROCESS
    SEGMENT: ?PR?_ASCII_LETTER?UART1

Program Size: data=9.1 xdata=12 code=370
LINK/LOCATE RUN COMPLETE.  3 WARNING(S),  0 ERROR(S)
