BL51 BANKED LINKER/LOCATER V6.22                                                        02/25/2019  12:37:00  PAGE 1


BL51 BANKED LINKER/LOCATER V6.22, INVOKED BY:
C:\KEIL_V5\C51\BIN\BL51.EXE .\Obj\main.obj, .\Obj\PCF85063BTL.obj, .\Obj\UART1.obj, .\Obj\LCd_Driver_SPLC780D.obj, .\Obj
>> \KeyPad.obj, .\Obj\BipolarMotor.obj, .\Obj\SunPos.obj, .\Obj\ADC.obj, .\Obj\Calibration.obj, .\Obj\IOExpander_PI4IOE5
>> V96248.obj, .\Obj\AT25SF041.obj, .\Obj\STARTUP.obj TO .\Obj\GPIO_RTC_Test PRINT (.\Lis\GPIO_RTC_Test.m51) RAMSIZE (25
>> 6)


MEMORY MODEL: LARGE WITH FLOATING POINT ARITHMETIC


INPUT MODULES INCLUDED:
  .\Obj\main.obj (MAIN)
  .\Obj\PCF85063BTL.obj (PCF85063BTL)
  .\Obj\UART1.obj (UART1)
  .\Obj\LCd_Driver_SPLC780D.obj (LCD_DRIVER_SPLC780D)
  .\Obj\KeyPad.obj (KEYPAD)
  .\Obj\BipolarMotor.obj (BIPOLARMOTOR)
  .\Obj\SunPos.obj (SUNPOS)
  .\Obj\ADC.obj (ADC)
  .\Obj\Calibration.obj (CALIBRATION)
  .\Obj\IOExpander_PI4IOE5V96248.obj (IOEXPANDER_PI4IOE5V96248)
  .\Obj\AT25SF041.obj (AT25SF041)
  .\Obj\STARTUP.obj (?C_STARTUP)
  C:\KEIL_V5\C51\LIB\C51FPL.LIB (?C?FPADD)
  C:\KEIL_V5\C51\LIB\C51FPL.LIB (?C?FPMUL)
  C:\KEIL_V5\C51\LIB\C51FPL.LIB (?C?FPDIV)
  C:\KEIL_V5\C51\LIB\C51FPL.LIB (?C?FPCMP)
  C:\KEIL_V5\C51\LIB\C51FPL.LIB (?C?FPNEG)
  C:\KEIL_V5\C51\LIB\C51FPL.LIB (?C?FCAST)
  C:\KEIL_V5\C51\LIB\C51FPL.LIB (?C?CASTF)
  C:\KEIL_V5\C51\LIB\C51FPL.LIB (ATAN2)
  C:\KEIL_V5\C51\LIB\C51FPL.LIB (SIN)
  C:\KEIL_V5\C51\LIB\C51FPL.LIB (ACOS)
  C:\KEIL_V5\C51\LIB\C51FPL.LIB (ASIN)
  C:\KEIL_V5\C51\LIB\C51FPL.LIB (?C?FPGETOPN)
  C:\KEIL_V5\C51\LIB\C51FPL.LIB (?C?FPSERIES)
  C:\KEIL_V5\C51\LIB\C51FPL.LIB (SQRT)
  C:\KEIL_V5\C51\LIB\C51FPL.LIB (ATAN)
  C:\KEIL_V5\C51\LIB\C51L.LIB (?C_INIT)
  C:\KEIL_V5\C51\LIB\C51L.LIB (?C?COPY)
  C:\KEIL_V5\C51\LIB\C51L.LIB (?C?CLDPTR)
  C:\KEIL_V5\C51\LIB\C51L.LIB (?C?CLDOPTR)
  C:\KEIL_V5\C51\LIB\C51L.LIB (?C?CSTPTR)
  C:\KEIL_V5\C51\LIB\C51L.LIB (?C?IMUL)
  C:\KEIL_V5\C51\LIB\C51L.LIB (?C?UIDIV)
  C:\KEIL_V5\C51\LIB\C51L.LIB (?C?SIDIV)
  C:\KEIL_V5\C51\LIB\C51L.LIB (?C?ILDIX)
  C:\KEIL_V5\C51\LIB\C51L.LIB (?C?ILDOPTR)
  C:\KEIL_V5\C51\LIB\C51L.LIB (?C?LMUL)
  C:\KEIL_V5\C51\LIB\C51L.LIB (?C?SLDIV)
  C:\KEIL_V5\C51\LIB\C51L.LIB (?C?LNEG)
  C:\KEIL_V5\C51\LIB\C51L.LIB (?C?ULCMP)
  C:\KEIL_V5\C51\LIB\C51L.LIB (?C?LSHL)
  C:\KEIL_V5\C51\LIB\C51L.LIB (?C?LLDPTR)
  C:\KEIL_V5\C51\LIB\C51L.LIB (?C?LLDOPTR)
  C:\KEIL_V5\C51\LIB\C51L.LIB (?C?LSTPTR)
  C:\KEIL_V5\C51\LIB\C51L.LIB (?C?LSTOPTR)
  C:\KEIL_V5\C51\LIB\C51L.LIB (?C?LLDXDATA)
BL51 BANKED LINKER/LOCATER V6.22                                                      02/25/2019  12:37:00  PAGE 2


  C:\KEIL_V5\C51\LIB\C51L.LIB (?C?LLDCODE)
  C:\KEIL_V5\C51\LIB\C51L.LIB (?C?LLDXDATA0)
  C:\KEIL_V5\C51\LIB\C51L.LIB (?C?LLDCODE0)
  C:\KEIL_V5\C51\LIB\C51L.LIB (?C?LLDPTR0)
  C:\KEIL_V5\C51\LIB\C51L.LIB (?C?LSTXDATA)
  C:\KEIL_V5\C51\LIB\C51L.LIB (?C?LSTKXDATA)
  C:\KEIL_V5\C51\LIB\C51L.LIB (ABS)
  C:\KEIL_V5\C51\LIB\C51L.LIB (ATOI)
  C:\KEIL_V5\C51\LIB\C51L.LIB (?C?IILDX)
  C:\KEIL_V5\C51\LIB\C51L.LIB (?C?ULDIV)
  C:\KEIL_V5\C51\LIB\C51L.LIB (?C?LLDIDATA)
  C:\KEIL_V5\C51\LIB\C51L.LIB (?C?LLDPDATA)
  C:\KEIL_V5\C51\LIB\C51L.LIB (?C?LLDIDATA0)
  C:\KEIL_V5\C51\LIB\C51L.LIB (?C?LLDPDATA0)
  C:\KEIL_V5\C51\LIB\C51L.LIB (?C?LSTIDATA)
  C:\KEIL_V5\C51\LIB\C51L.LIB (?C?LSTPDATA)
  C:\KEIL_V5\C51\LIB\C51L.LIB (ISDIGIT)
  C:\KEIL_V5\C51\LIB\C51L.LIB (ISSPACE)


LINK MAP OF MODULE:  .\Obj\GPIO_RTC_Test (MAIN)


            TYPE    BASE      LENGTH    RELOCATION   SEGMENT NAME
            -----------------------------------------------------

            * * * * * * *   D A T A   M E M O R Y   * * * * * * *
            REG     0000H     0008H     ABSOLUTE     "REG BANK 0"
                    0008H     0018H                  *** GAP ***
            BIT     0020H.0   0000H.5   UNIT         ?BI?KEYPAD
            BIT     0020H.5   0000H.2   UNIT         ?BI?ATAN?ATAN
            BIT     0020H.7   0000H.1   UNIT         ?BI?MAIN
            BIT     0021H.0   0000H.1   UNIT         ?BI?VONESTEPMOVE?BIPOLARMOTOR
            BIT     0021H.1   0000H.1   UNIT         ?BI?_STEP_MOVE?BIPOLARMOTOR
            BIT     0021H.2   0000H.1   UNIT         ?BI?_MOVE?BIPOLARMOTOR
            BIT     0021H.3   0000H.1   UNIT         ?BI?SIN?SIN
            BIT     0021H.4   0000H.1   UNIT         ?BI?_ATOI?ATOI
                    0021H.5   0000H.3                *** GAP ***
            IDATA   0022H     0001H     UNIT         ?STACK

            * * * * * * *  X D A T A   M E M O R Y  * * * * * * *
            XDATA   0000H     00D4H     UNIT         ?XD?MAIN
            XDATA   00D4H     00A7H     UNIT         ?XD?BIPOLARMOTOR
            XDATA   017BH     009FH     UNIT         ?XD?_UPDATE_POSITION?BIPOLARMOTOR
            XDATA   021AH     0084H     UNIT         ?XD?_FIND_REAL_MAX?CALIBRATION
            XDATA   029EH     005DH     UNIT         ?XD?SUNPOS?SUNPOS
            XDATA   02FBH     0040H     UNIT         ?XD?_FINDDET4X4?BIPOLARMOTOR
            XDATA   033BH     0027H     UNIT         _XDATA_GROUP_
            XDATA   0362H     0024H     UNIT         ?XD?_FINDDET3X3?BIPOLARMOTOR
            XDATA   0386H     0018H     UNIT         ?XD?VOLTAGE_IS_STABLE?CALIBRATION
            XDATA   039EH     0014H     UNIT         ?XD?LINEAR_INTERPOLATE?BIPOLARMOTOR
            XDATA   03B2H     0014H     UNIT         ?XD?_CALIBRATION?CALIBRATION
            XDATA   03C6H     000FH     UNIT         ?XD?_READ_TIME?PCF85063BTL
            XDATA   03D5H     000AH     UNIT         ?XD?_DISPLAY_POS?MAIN
            XDATA   03DFH     0009H     UNIT         ?XD?KEYPAD
            XDATA   03E8H     0008H     UNIT         ?XD?_ATAN2?ATAN2
            XDATA   03F0H     0006H     UNIT         ?XD?KEY_PROCESS?KEYPAD
BL51 BANKED LINKER/LOCATER V6.22                                                      02/25/2019  12:37:00  PAGE 3


            XDATA   03F6H     0005H     UNIT         ?XD?_ATOI?ATOI
            XDATA   03FBH     0004H     UNIT         ?XD?_DISPLAY_PROX?MAIN
            XDATA   03FFH     0004H     UNIT         ?XD?_STEP_MOVE?BIPOLARMOTOR
            XDATA   0403H     0004H     UNIT         ?XD?_MOVE?BIPOLARMOTOR
            XDATA   0407H     0004H     UNIT         ?XD?_MAX_VALUE?CALIBRATION
            XDATA   040BH     0004H     UNIT         ?XD?SIN?SIN
            XDATA   040FH     0004H     UNIT         ?XD?SQRT?SQRT
            XDATA   0413H     0004H     UNIT         ?XD?ATAN?ATAN
            XDATA   0417H     0003H     UNIT         ?XD?_SENDSTRING?UART1
            XDATA   041AH     0003H     UNIT         ?XD?KEY_SCAN?KEYPAD
            XDATA   041DH     0003H     UNIT         ?XD?_WRITE_PI4IOE5V96248?IOEXPANDER_PI4IOE5V96248
            XDATA   0420H     0001H     UNIT         ?XD?_DISPLAYLCD?LCD_DRIVER_SPLC780D
            XDATA   0421H     0001H     UNIT         ?XD?I2C_ACK?IOEXPANDER_PI4IOE5V96248
            XDATA   0422H     0001H     UNIT         ?XD?UC_ACK?IOEXPANDER_PI4IOE5V96248
            XDATA   0423H     0001H     UNIT         ?XD?UC_NACK?IOEXPANDER_PI4IOE5V96248

            * * * * * * *   C O D E   M E M O R Y   * * * * * * *
            CODE    0000H     0003H     ABSOLUTE     
            CODE    0003H     0006H     UNIT         ?PR?_TEN?UART1
            CODE    0009H     0001H     UNIT         ?PR?TM0_ISR?MAIN
            CODE    000AH     0001H     UNIT         ?PR?_DECTOBCD?UART1
            CODE    000BH     0003H     ABSOLUTE     
            CODE    000EH     0B00H     UNIT         ?PR?_UPDATE_POSITION?BIPOLARMOTOR
            CODE    0B0EH     093FH     UNIT         ?C?LIB_CODE
            CODE    144DH     07A2H     UNIT         ?PR?SUNPOS?SUNPOS
            CODE    1BEFH     02C0H     UNIT         ?PR?_FINDDET4X4?BIPOLARMOTOR
            CODE    1EAFH     02B1H     UNIT         ?PR?_FIND_REAL_MAX?CALIBRATION
            CODE    2160H     02AAH     UNIT         ?PR?MAIN?MAIN
            CODE    240AH     02A0H     UNIT         ?PR?KEY_PROCESS?KEYPAD
            CODE    26AAH     01D1H     UNIT         ?PR?_FINDDET3X3?BIPOLARMOTOR
            CODE    287BH     018DH     UNIT         ?PR?KEY_SCAN?KEYPAD
            CODE    2A08H     0188H     UNIT         ?PR?SIN?SIN
            CODE    2B90H     0172H     UNIT         ?PR?_DISPLAY_POS?MAIN
            CODE    2D02H     0122H     UNIT         ?PR?ATAN?ATAN
            CODE    2E24H     0106H     UNIT         ?PR?_AT25SF041_READ?AT25SF041
            CODE    2F2AH     00F4H     UNIT         ?PR?_AT25SF041_WRITE?AT25SF041
            CODE    301EH     00E4H     UNIT         ?PR?_CALIBRATION?CALIBRATION
            CODE    3102H     00DBH     UNIT         ?PR?_ATOI?ATOI
            CODE    31DDH     00C3H     UNIT         ?PR?LINEAR_INTERPOLATE?BIPOLARMOTOR
            CODE    32A0H     00BBH     UNIT         ?PR?VOLTAGE_IS_STABLE?CALIBRATION
            CODE    335BH     00B2H     UNIT         ?C_INITSEG
            CODE    340DH     00ADH     UNIT         ?PR?_WRITE_PI4IOE5V96248?IOEXPANDER_PI4IOE5V96248
            CODE    34BAH     00ACH     UNIT         ?PR?SQRT?SQRT
            CODE    3566H     00A1H     UNIT         ?PR?READ_STATUS_REGISTER_BYTE1?AT25SF041
            CODE    3607H     009DH     UNIT         ?PR?_ATAN2?ATAN2
            CODE    36A4H     009CH     UNIT         ?PR?_MAX_VALUE?CALIBRATION
            CODE    3740H     0095H     UNIT         ?PR?_DISPLAY_PROX?MAIN
            CODE    37D5H     008CH     UNIT         ?C_C51STARTUP
            CODE    3861H     0084H     UNIT         ?PR?_DAY_OF_YEAR?PCF85063BTL
            CODE    38E5H     0075H     UNIT         ?PR?_WRITEDATA?LCD_DRIVER_SPLC780D
            CODE    395AH     006FH     UNIT         ?PR?_READ_TIME?PCF85063BTL
            CODE    39C9H     005AH     UNIT         ?PR?AT25SF041_CHIPERASE?AT25SF041
            CODE    3A23H     0059H     UNIT         ?PR?LCD_INIT?LCD_DRIVER_SPLC780D
            CODE    3A7CH     004AH     UNIT         ?PR?VONESTEPMOVE?BIPOLARMOTOR
            CODE    3AC6H     004AH     UNIT         ?PR?ACOS?ACOS
            CODE    3B10H     0049H     UNIT         ?PR?AT25SF041_WRITEENABLE?AT25SF041
            CODE    3B59H     0044H     UNIT         ?C?LDIV
BL51 BANKED LINKER/LOCATER V6.22                                                      02/25/2019  12:37:00  PAGE 4


            CODE    3B9DH     0040H     UNIT         ?PR?_COMMAND?LCD_DRIVER_SPLC780D
            CODE    3BDDH     0040H     UNIT         ?PR?_STEP_MOVE?BIPOLARMOTOR
            CODE    3C1DH     003BH     UNIT         ?PR?ASIN?ASIN
            CODE    3C58H     0033H     UNIT         ?PR?_SENDSTRING?UART1
            CODE    3C8BH     002CH     UNIT         ?PR?_ADC_GETRESULT?ADC
            CODE    3CB7H     002BH     UNIT         ?PR?_WAIT_MS_I2C?IOEXPANDER_PI4IOE5V96248
            CODE    3CE2H     002BH     UNIT         ?PR?_WAIT_MS_SPINOR?AT25SF041
            CODE    3D0DH     0028H     UNIT         ?PR?_MOVE?BIPOLARMOTOR
            CODE    3D35H     0027H     UNIT         ?PR?_I2C_SENDBYTE?IOEXPANDER_PI4IOE5V96248
            CODE    3D5CH     0024H     UNIT         ?PR?_WAIT_MS?LCD_DRIVER_SPLC780D
            CODE    3D80H     0020H     UNIT         ?PR?_SPI_SENDBYTE?PCF85063BTL
            CODE    3DA0H     0020H     UNIT         ?PR?SPI_RECEIVEBYTE?PCF85063BTL
            CODE    3DC0H     001FH     UNIT         ?PR?ADC_INIT?ADC
            CODE    3DDFH     001EH     UNIT         ?PR?_DELAY_MS?KEYPAD
            CODE    3DFDH     001DH     UNIT         ?PR?_DISPLAYLCD?LCD_DRIVER_SPLC780D
            CODE    3E1AH     001BH     UNIT         ?PR?_BCDTODEC1?BIPOLARMOTOR
            CODE    3E35H     0018H     UNIT         ?PR?_SPI_WRITETIME?PCF85063BTL
            CODE    3E4DH     0017H     UNIT         ?PR?_ASCIITOBCD?UART1
            CODE    3E64H     0016H     UNIT         ?PR?I2C_ACK?IOEXPANDER_PI4IOE5V96248
            CODE    3E7AH     0015H     UNIT         ?PR?_DISPLAY_LINE?LCD_DRIVER_SPLC780D
            CODE    3E8FH     0015H     UNIT         ?PR?I2C_STOP?IOEXPANDER_PI4IOE5V96248
            CODE    3EA4H     0014H     UNIT         ?PR?_PCF85063BTL_DELAY?PCF85063BTL
            CODE    3EB8H     0014H     UNIT         ?PR?_ISSPACE?ISSPACE
            CODE    3ECCH     0011H     UNIT         ?PR?_SPI_READTIME?PCF85063BTL
            CODE    3EDDH     0011H     UNIT         ?PR?_BCDTODEC?PCF85063BTL
            CODE    3EEEH     0011H     UNIT         ?PR?INITUART1?UART1
            CODE    3EFFH     000FH     UNIT         ?PR?I2C_START?IOEXPANDER_PI4IOE5V96248
            CODE    3F0EH     000FH     UNIT         ?PR?UC_NACK?IOEXPANDER_PI4IOE5V96248
            CODE    3F1DH     000FH     UNIT         ?PR?_ISDIGIT?ISDIGIT
            CODE    3F2CH     000DH     UNIT         ?PR?SPI_INIT?PCF85063BTL
            CODE    3F39H     000CH     UNIT         ?PR?KEYPAD_IO_INIT?KEYPAD
            CODE    3F45H     000CH     UNIT         ?PR?_ABS?ABS
            CODE    3F51H     000AH     UNIT         ?PR?LCD_RETURN_HOME?LCD_DRIVER_SPLC780D
            CODE    3F5BH     000AH     UNIT         ?PR?LCD_CLEAR?LCD_DRIVER_SPLC780D
            CODE    3F65H     0006H     UNIT         ?PR?UC_ACK?IOEXPANDER_PI4IOE5V96248
            CODE    3F6BH     0005H     UNIT         ?PR?_UNIT?UART1
            CODE    3F70H     0005H     UNIT         ?PR?_ASCII_LETTER?UART1
            CODE    3F75H     0001H     UNIT         ?PR?WAIT?BIPOLARMOTOR
            CODE    3F76H     0001H     UNIT         ?PR?NOP?IOEXPANDER_PI4IOE5V96248



OVERLAY MAP OF MODULE:   .\Obj\GPIO_RTC_Test (MAIN)


SEGMENT                                            XDATA_GROUP
  +--> CALLED SEGMENT                            START    LENGTH
----------------------------------------------------------------
?C_C51STARTUP                                    -----    -----
  +--> ?PR?MAIN?MAIN
  +--> ?C_INITSEG

?PR?MAIN?MAIN                                    033BH    001FH
  +--> ?PR?LCD_INIT?LCD_DRIVER_SPLC780D
  +--> ?PR?SPI_INIT?PCF85063BTL
  +--> ?PR?KEYPAD_IO_INIT?KEYPAD
  +--> ?PR?ADC_INIT?ADC
BL51 BANKED LINKER/LOCATER V6.22                                                      02/25/2019  12:37:00  PAGE 5


  +--> ?PR?_SPI_WRITETIME?PCF85063BTL
  +--> ?PR?_DELAY_MS?KEYPAD
  +--> ?PR?AT25SF041_WRITEENABLE?AT25SF041
  +--> ?PR?AT25SF041_CHIPERASE?AT25SF041
  +--> ?PR?_WAIT_MS_SPINOR?AT25SF041
  +--> ?PR?_DISPLAY_LINE?LCD_DRIVER_SPLC780D
  +--> ?PR?_WRITEDATA?LCD_DRIVER_SPLC780D
  +--> ?PR?_AT25SF041_WRITE?AT25SF041
  +--> ?PR?_AT25SF041_READ?AT25SF041

?PR?LCD_INIT?LCD_DRIVER_SPLC780D                 -----    -----
  +--> ?PR?_WAIT_MS?LCD_DRIVER_SPLC780D
  +--> ?PR?_COMMAND?LCD_DRIVER_SPLC780D

?PR?_COMMAND?LCD_DRIVER_SPLC780D                 -----    -----
  +--> ?PR?_WAIT_MS?LCD_DRIVER_SPLC780D

?PR?ADC_INIT?ADC                                 -----    -----
  +--> ?PR?_WAIT_MS?LCD_DRIVER_SPLC780D

?PR?_SPI_WRITETIME?PCF85063BTL                   -----    -----
  +--> ?PR?_SPI_SENDBYTE?PCF85063BTL

?PR?_SPI_SENDBYTE?PCF85063BTL                    -----    -----
  +--> ?PR?_PCF85063BTL_DELAY?PCF85063BTL

?PR?AT25SF041_WRITEENABLE?AT25SF041              035AH    0002H
  +--> ?PR?_WAIT_MS_SPINOR?AT25SF041

?PR?AT25SF041_CHIPERASE?AT25SF041                035AH    0002H
  +--> ?PR?_WAIT_MS_SPINOR?AT25SF041
  +--> ?PR?READ_STATUS_REGISTER_BYTE1?AT25SF041

?PR?READ_STATUS_REGISTER_BYTE1?AT25SF041         035CH    0003H
  +--> ?PR?_WAIT_MS_SPINOR?AT25SF041

?PR?_DISPLAY_LINE?LCD_DRIVER_SPLC780D            -----    -----
  +--> ?PR?_COMMAND?LCD_DRIVER_SPLC780D

?PR?_WRITEDATA?LCD_DRIVER_SPLC780D               035AH    0001H
  +--> ?PR?_WAIT_MS?LCD_DRIVER_SPLC780D

?PR?_AT25SF041_WRITE?AT25SF041                   035AH    0008H
  +--> ?PR?_WAIT_MS_SPINOR?AT25SF041

?PR?_AT25SF041_READ?AT25SF041                    035AH    0008H
  +--> ?PR?_WAIT_MS_SPINOR?AT25SF041



UNRESOLVED EXTERNAL SYMBOLS:
   AUTO_MODE
   _SENDUART1



SYMBOL TABLE OF MODULE:  .\Obj\GPIO_RTC_Test (MAIN)
BL51 BANKED LINKER/LOCATER V6.22                                                      02/25/2019  12:37:00  PAGE 6



  VALUE           TYPE          NAME
  ----------------------------------

  -------         MODULE        MAIN
  C:0000H         SYMBOL        _ICE_DUMMY_
  X:0008H         PUBLIC        calib_value
  D:0080H         PUBLIC        P0
  D:00B2H         PUBLIC        P3M0
  D:0090H         PUBLIC        P1
  D:00B1H         PUBLIC        P3M1
  D:00A0H         PUBLIC        P2
  D:00B0H         PUBLIC        P3
  D:00C0H         PUBLIC        P4
  D:00C8H         PUBLIC        P5
  X:005CH         SYMBOL        PressedKey
  B:00A8H.7       PUBLIC        EA
  D:00E8H         PUBLIC        P6
  X:0060H         PUBLIC        calib_stamp
  D:00F8H         PUBLIC        P7
  X:0061H         PUBLIC        RX_Data_Uart_Cnt
  D:00A8H         PUBLIC        IE
  X:0063H         PUBLIC        calib_time
  D:00B8H         PUBLIC        IP
  X:00B7H         PUBLIC        months
  D:00D8H         PUBLIC        CCON
  C:2160H         PUBLIC        main
  X:00B8H         PUBLIC        count
  X:00BAH         PUBLIC        days
  X:00BBH         PUBLIC        hours
  D:0098H         PUBLIC        SCON
  D:0089H         PUBLIC        TMOD
  D:0088H         PUBLIC        TCON
  X:00BCH         SYMBOL        KeyCount
  X:00BEH         PUBLIC        mins
  X:00BFH         PUBLIC        Rec_data_hour
  X:00C2H         PUBLIC        Rec_data_min
  D:008EH         PUBLIC        AUXR
  C:0009H         PUBLIC        tm0_isr
  B:0020H.7       PUBLIC        busy
  B:00A8H.1       PUBLIC        ET0
  D:008CH         PUBLIC        TH0
  X:00C5H         PUBLIC        hour_count
  D:008AH         PUBLIC        TL0
  X:00C6H         PUBLIC        min_count
  B:0088H.4       PUBLIC        TR0
  X:00C7H         SYMBOL        KeyNum
  X:00C8H         SYMBOL        KeyNum_Old
  X:00C9H         PUBLIC        current_position
  X:00CDH         PUBLIC        hours1
  X:00CEH         PUBLIC        hours2
  C:3740H         PUBLIC        _Display_Prox
  X:00CFH         PUBLIC        mins1
  X:00D0H         PUBLIC        mins2
  C:2B90H         PUBLIC        _Display_Pos
  X:00D1H         PUBLIC        seconds
  X:00D2H         PUBLIC        st_time
BL51 BANKED LINKER/LOCATER V6.22                                                      02/25/2019  12:37:00  PAGE 7


  D:00D0H         PUBLIC        PSW
  -------         PROC          TM0_ISR
  C:0009H         LINE#         86
  C:0009H         LINE#         88
  -------         ENDPROC       TM0_ISR
  -------         PROC          MAIN
  -------         DO            
  X:033BH         SYMBOL        sunlight_ADC
  X:033DH         SYMBOL        address
  X:0000H         SYMBOL        KeyCount
  X:0002H         SYMBOL        KeyNum_Old
  X:0003H         SYMBOL        KeyNum
  X:0004H         SYMBOL        PressedKey
  X:0341H         SYMBOL        prox_flag
  X:0342H         SYMBOL        SPI_NOR_DATA
  X:0343H         SYMBOL        error
  X:0344H         SYMBOL        iUse_prevday_calib_value
  X:0346H         SYMBOL        calib_point1
  X:034EH         SYMBOL        calib_point2
  X:0356H         SYMBOL        calib_day
  X:0358H         SYMBOL        calib_count
  -------         ENDDO         
  C:2160H         LINE#         90
  C:2160H         LINE#         91
  C:2160H         LINE#         94
  C:216AH         LINE#         97
  C:2175H         LINE#         98
  C:2179H         LINE#         101
  C:217FH         LINE#         106
  C:2181H         LINE#         107
  C:2183H         LINE#         108
  C:2185H         LINE#         109
  C:2187H         LINE#         111
  C:218DH         LINE#         120
  C:218FH         LINE#         121
  C:2192H         LINE#         122
  C:2195H         LINE#         123
  C:2198H         LINE#         124
  C:219BH         LINE#         125
  C:219EH         LINE#         128
  C:21A1H         LINE#         130
  C:21A4H         LINE#         131
  C:21A7H         LINE#         132
  C:21AAH         LINE#         133
  C:21ACH         LINE#         134
  C:21AEH         LINE#         135
  C:21B0H         LINE#         137
  C:21B2H         LINE#         138
  C:21B9H         LINE#         139
  C:21C0H         LINE#         140
  C:21C7H         LINE#         141
  C:21CEH         LINE#         142
  C:21D1H         LINE#         144
  C:21D4H         LINE#         145
  C:21DBH         LINE#         146
  C:21F9H         LINE#         147
  C:21F9H         LINE#         151
BL51 BANKED LINKER/LOCATER V6.22                                                      02/25/2019  12:37:00  PAGE 8


  C:2200H         LINE#         152
  C:2205H         LINE#         153
  C:220AH         LINE#         154
  C:220FH         LINE#         159
  C:2228H         LINE#         160
  C:2228H         LINE#         161
  C:2244H         LINE#         162
  C:228BH         LINE#         163
  C:229CH         LINE#         178
  C:22A1H         LINE#         179
  C:22A8H         LINE#         180
  C:22ABH         LINE#         182
  C:22CAH         LINE#         183
  C:22E8H         LINE#         184
  C:22ECH         LINE#         185
  C:22ECH         LINE#         186
  C:22F1H         LINE#         187
  C:2308H         LINE#         188
  C:2327H         LINE#         189
  C:232FH         LINE#         191
  C:2336H         LINE#         192
  C:233BH         LINE#         193
  C:233EH         LINE#         195
  C:233EH         LINE#         196
  C:2344H         LINE#         198
  C:2349H         LINE#         200
  C:234EH         LINE#         202
  C:2353H         LINE#         204
  C:2358H         LINE#         206
  C:235DH         LINE#         208
  C:2362H         LINE#         210
  C:2362H         LINE#         211
  C:2362H         LINE#         216
  C:2362H         LINE#         217
  C:236CH         LINE#         218
  C:2374H         LINE#         219
  C:2374H         LINE#         220
  C:2392H         LINE#         221
  C:2395H         LINE#         222
  C:23B4H         LINE#         223
  C:23CFH         LINE#         224
  C:23CFH         LINE#         225
  C:23D9H         LINE#         226
  C:23E0H         LINE#         227
  C:23E0H         LINE#         231
  C:23E2H         LINE#         232
  C:23E9H         LINE#         233
  C:23E9H         LINE#         234
  C:23EEH         LINE#         236
  C:23F3H         LINE#         238
  C:23F8H         LINE#         240
  C:23FDH         LINE#         242
  C:2402H         LINE#         244
  C:2407H         LINE#         245
  C:2409H         LINE#         248
  -------         ENDPROC       MAIN
  -------         PROC          _DISPLAY_PROX
BL51 BANKED LINKER/LOCATER V6.22                                                      02/25/2019  12:37:00  PAGE 9


  D:0002H         SYMBOL        dat
  -------         DO            
  X:03FBH         SYMBOL        unit
  X:03FCH         SYMBOL        ten
  X:03FDH         SYMBOL        hundred
  X:03FEH         SYMBOL        thousand
  -------         ENDDO         
  C:3740H         LINE#         326
  C:3744H         LINE#         327
  C:3744H         LINE#         329
  C:3750H         LINE#         330
  C:3760H         LINE#         331
  C:377CH         LINE#         332
  C:37ACH         LINE#         333
  C:37B6H         LINE#         334
  C:37C0H         LINE#         335
  C:37CAH         LINE#         336
  C:37D4H         LINE#         338
  -------         ENDPROC       _DISPLAY_PROX
  -------         PROC          _DISPLAY_POS
  X:03D5H         SYMBOL        sign_dat
  -------         DO            
  X:03D9H         SYMBOL        unit
  X:03DAH         SYMBOL        ten
  X:03DBH         SYMBOL        hundred
  D:0003H         SYMBOL        thousand
  X:03DCH         SYMBOL        after_dot
  X:03DDH         SYMBOL        dat
  -------         ENDDO         
  C:2B90H         LINE#         341
  C:2B96H         LINE#         342
  C:2B96H         LINE#         346
  C:2BB2H         LINE#         347
  C:2BCCH         LINE#         348
  C:2BF0H         LINE#         350
  C:2C3AH         LINE#         352
  C:2C51H         LINE#         353
  C:2C5EH         LINE#         354
  C:2C80H         LINE#         355
  C:2CB5H         LINE#         356
  C:2CCDH         LINE#         357
  C:2CCDH         LINE#         359
  C:2CCDH         LINE#         360
  C:2CCDH         LINE#         361
  C:2CCDH         LINE#         362
  C:2CCDH         LINE#         363
  C:2CCDH         LINE#         367
  C:2CCFH         LINE#         369
  C:2CCFH         LINE#         371
  C:2CD4H         LINE#         372
  C:2CDEH         LINE#         373
  C:2CE8H         LINE#         374
  C:2CF2H         LINE#         375
  C:2CF7H         LINE#         376
  C:2D01H         LINE#         380
  C:2D01H         LINE#         382
  -------         ENDPROC       _DISPLAY_POS
BL51 BANKED LINKER/LOCATER V6.22                                                      02/25/2019  12:37:00  PAGE 10


  -------         ENDMOD        MAIN

  -------         MODULE        PCF85063BTL
  C:0000H         SYMBOL        _ICE_DUMMY_
  D:0096H         PUBLIC        P2M0
  D:0080H         PUBLIC        P0
  D:0095H         PUBLIC        P2M1
  D:0090H         PUBLIC        P1
  D:00A0H         PUBLIC        P2
  D:00B0H         PUBLIC        P3
  D:00C0H         PUBLIC        P4
  D:00C8H         PUBLIC        P5
  D:00E8H         PUBLIC        P6
  B:00A0H.1       PUBLIC        PCF85063BTL_SDI
  D:00F8H         PUBLIC        P7
  B:00A0H.2       PUBLIC        PCF85063BTL_SCK
  B:00A0H.1       PUBLIC        PCF85063BTL_SDO
  D:00A8H         PUBLIC        IE
  C:395AH         PUBLIC        _Read_time
  C:3EAAH         PUBLIC        _PCF85063BTL_Delay
  D:00B8H         PUBLIC        IP
  D:00D8H         PUBLIC        CCON
  C:3861H         PUBLIC        _Day_Of_Year
  C:3DA0H         PUBLIC        SPI_ReceiveByte
  D:0098H         PUBLIC        SCON
  D:0088H         PUBLIC        TCON
  C:3EDDH         PUBLIC        _BCDtoDec
  B:00A0H.0       PUBLIC        PCF85063BTL_CS
  C:3ECCH         PUBLIC        _SPI_ReadTime
  C:3F2CH         PUBLIC        SPI_Init
  C:3E35H         PUBLIC        _SPI_WriteTime
  C:3D80H         PUBLIC        _SPI_SendByte
  D:00D0H         PUBLIC        PSW
  C:3EA6H         SYMBOL        L?0047
  -------         PROC          L?0046
  -------         ENDPROC       L?0046
  C:3EA6H         SYMBOL        L?0047
  -------         PROC          _PCF85063BTL_DELAY
  D:0006H         SYMBOL        us
  C:3EAAH         LINE#         8
  C:3EAAH         LINE#         9
  C:3EAAH         LINE#         10
  C:3EB4H         LINE#         11
  C:3EB4H         LINE#         12
  C:3EB5H         LINE#         13
  C:3EB7H         LINE#         14
  -------         ENDPROC       _PCF85063BTL_DELAY
  -------         PROC          _SPI_SENDBYTE
  D:0005H         SYMBOL        dat
  -------         DO            
  D:0003H         SYMBOL        i
  -------         ENDDO         
  C:3D80H         LINE#         17
  C:3D82H         LINE#         18
  C:3D82H         LINE#         20
  C:3D84H         LINE#         21
  C:3D84H         LINE#         22
BL51 BANKED LINKER/LOCATER V6.22                                                      02/25/2019  12:37:00  PAGE 11


  C:3D86H         LINE#         23
  C:3D8AH         LINE#         24
  C:3D8AH         LINE#         25
  C:3D8CH         LINE#         26
  C:3D8EH         LINE#         28
  C:3D8EH         LINE#         29
  C:3D90H         LINE#         30
  C:3D90H         LINE#         31
  C:3D93H         LINE#         32
  C:3D93H         LINE#         33
  C:3D96H         LINE#         34
  C:3D9AH         LINE#         35
  C:3D9FH         LINE#         36
  -------         ENDPROC       _SPI_SENDBYTE
  -------         PROC          SPI_RECEIVEBYTE
  -------         DO            
  D:0003H         SYMBOL        i
  D:0005H         SYMBOL        dat
  -------         ENDDO         
  C:3DA0H         LINE#         39
  C:3DA0H         LINE#         40
  C:3DA0H         LINE#         42
  C:3DA2H         LINE#         44
  C:3DA4H         LINE#         45
  C:3DA5H         LINE#         46
  C:3DA5H         LINE#         47
  C:3DA9H         LINE#         48
  C:3DABH         LINE#         49
  C:3DAEH         LINE#         51
  C:3DB1H         LINE#         52
  C:3DB1H         LINE#         53
  C:3DB5H         LINE#         54
  C:3DB5H         LINE#         55
  C:3DB5H         LINE#         56
  C:3DB8H         LINE#         57
  C:3DBDH         LINE#         58
  C:3DBFH         LINE#         59
  -------         ENDPROC       SPI_RECEIVEBYTE
  -------         PROC          _SPI_READTIME
  D:0007H         SYMBOL        addr
  -------         DO            
  D:0006H         SYMBOL        dat
  -------         ENDDO         
  C:3ECCH         LINE#         61
  C:3ECCH         LINE#         62
  C:3ECCH         LINE#         64
  C:3ECEH         LINE#         65
  C:3ED0H         LINE#         66
  C:3ED7H         LINE#         67
  C:3EDAH         LINE#         68
  C:3EDCH         LINE#         69
  C:3EDCH         LINE#         70
  -------         ENDPROC       _SPI_READTIME
  -------         PROC          _SPI_WRITETIME
  D:0002H         SYMBOL        val
  D:0005H         SYMBOL        addr
  C:3E35H         LINE#         71
BL51 BANKED LINKER/LOCATER V6.22                                                      02/25/2019  12:37:00  PAGE 12


  C:3E37H         LINE#         72
  C:3E37H         LINE#         74
  C:3E39H         LINE#         75
  C:3E40H         LINE#         76
  C:3E45H         LINE#         77
  C:3E4AH         LINE#         78
  C:3E4CH         LINE#         79
  -------         ENDPROC       _SPI_WRITETIME
  -------         PROC          SPI_INIT
  C:3F2CH         LINE#         83
  C:3F2CH         LINE#         84
  C:3F2CH         LINE#         89
  C:3F2FH         LINE#         90
  C:3F32H         LINE#         91
  C:3F34H         LINE#         92
  C:3F36H         LINE#         93
  C:3F38H         LINE#         94
  -------         ENDPROC       SPI_INIT
  -------         PROC          _READ_TIME
  X:03C6H         SYMBOL        months
  X:03C9H         SYMBOL        days
  X:03CCH         SYMBOL        hours
  X:03CFH         SYMBOL        mins
  X:03D2H         SYMBOL        seconds
  C:395AH         LINE#         96
  C:3965H         LINE#         97
  C:3965H         LINE#         99
  C:3979H         LINE#         101
  C:398DH         LINE#         103
  C:39A1H         LINE#         108
  C:39B5H         LINE#         113
  -------         ENDPROC       _READ_TIME
  -------         PROC          _BCDTODEC
  D:0007H         SYMBOL        bcd
  -------         DO            
  D:0006H         SYMBOL        hi
  D:0007H         SYMBOL        lo
  -------         ENDDO         
  C:3EDDH         LINE#         119
  C:3EDDH         LINE#         120
  C:3EDDH         LINE#         122
  C:3EE2H         LINE#         123
  C:3EE6H         LINE#         124
  C:3EEDH         LINE#         125
  -------         ENDPROC       _BCDTODEC
  -------         PROC          _DAY_OF_YEAR
  D:0007H         SYMBOL        months_bcd
  D:0005H         SYMBOL        days_bcd
  -------         DO            
  D:0004H         SYMBOL        months
  D:0007H         SYMBOL        days
  -------         ENDDO         
  C:3861H         LINE#         126
  C:3861H         LINE#         127
  C:3861H         LINE#         130
  C:3866H         LINE#         132
  C:386BH         LINE#         134
BL51 BANKED LINKER/LOCATER V6.22                                                      02/25/2019  12:37:00  PAGE 13


  C:38A4H         LINE#         135
  C:38A4H         LINE#         136
  C:38A4H         LINE#         137
  C:38A7H         LINE#         138
  C:38A7H         LINE#         139
  C:38A7H         LINE#         140
  C:38ACH         LINE#         141
  C:38ACH         LINE#         142
  C:38ACH         LINE#         143
  C:38B1H         LINE#         144
  C:38B1H         LINE#         145
  C:38B1H         LINE#         146
  C:38B6H         LINE#         147
  C:38B6H         LINE#         148
  C:38B6H         LINE#         149
  C:38BBH         LINE#         150
  C:38BBH         LINE#         151
  C:38BBH         LINE#         152
  C:38C0H         LINE#         153
  C:38C0H         LINE#         154
  C:38C0H         LINE#         155
  C:38C5H         LINE#         156
  C:38C5H         LINE#         157
  C:38C5H         LINE#         158
  C:38CAH         LINE#         159
  C:38CAH         LINE#         160
  C:38CAH         LINE#         161
  C:38D2H         LINE#         162
  C:38D2H         LINE#         163
  C:38D2H         LINE#         164
  C:38D7H         LINE#         165
  C:38D7H         LINE#         166
  C:38D7H         LINE#         167
  C:38DCH         LINE#         168
  C:38DCH         LINE#         169
  C:38DCH         LINE#         170
  C:38E4H         LINE#         171
  C:38E4H         LINE#         172
  C:38E4H         LINE#         173
  -------         ENDPROC       _DAY_OF_YEAR
  -------         ENDMOD        PCF85063BTL

  -------         MODULE        UART1
  C:0000H         SYMBOL        _ICE_DUMMY_
  D:0080H         PUBLIC        P0
  D:0090H         PUBLIC        P1
  D:00A0H         PUBLIC        P2
  D:00B0H         PUBLIC        P3
  D:00C0H         PUBLIC        P4
  D:00C8H         PUBLIC        P5
  B:00A8H.7       PUBLIC        EA
  D:00E8H         PUBLIC        P6
  D:00F8H         PUBLIC        P7
  C:3C58H         PUBLIC        _SendString
  D:00A8H         PUBLIC        IE
  B:00A8H.4       PUBLIC        ES
  D:00B8H         PUBLIC        IP
BL51 BANKED LINKER/LOCATER V6.22                                                      02/25/2019  12:37:00  PAGE 14


  C:3E4DH         PUBLIC        _ASCIItoBCD
  D:00D8H         PUBLIC        CCON
  C:3EEEH         PUBLIC        initUART1
  D:0098H         PUBLIC        SCON
  D:0088H         PUBLIC        TCON
  C:000AH         PUBLIC        _DectoBCD
  C:3F70H         PUBLIC        _ASCII_Letter
  D:008EH         PUBLIC        AUXR
  C:3F6BH         PUBLIC        _unit
  C:0003H         PUBLIC        _ten
  D:00D6H         PUBLIC        T2H
  D:00D7H         PUBLIC        T2L
  D:00D0H         PUBLIC        PSW
  -------         PROC          INITUART1
  C:3EEEH         LINE#         21
  C:3EEEH         LINE#         22
  C:3EEEH         LINE#         23
  C:3EF1H         LINE#         24
  C:3EF4H         LINE#         25
  C:3EF7H         LINE#         26
  C:3EFAH         LINE#         27
  C:3EFCH         LINE#         28
  C:3EFEH         LINE#         30
  -------         ENDPROC       INITUART1
  -------         PROC          _SENDSTRING
  X:0417H         SYMBOL        s
  C:3C58H         LINE#         35
  C:3C63H         LINE#         36
  C:3C63H         LINE#         37
  C:3C73H         LINE#         38
  C:3C73H         LINE#         39
  C:3C88H         LINE#         40
  C:3C8AH         LINE#         41
  -------         ENDPROC       _SENDSTRING
  -------         PROC          _TEN
  D:0007H         SYMBOL        BCD
  C:0003H         LINE#         43
  C:0003H         LINE#         44
  C:0003H         LINE#         45
  C:0008H         LINE#         46
  -------         ENDPROC       _TEN
  -------         PROC          _UNIT
  D:0007H         SYMBOL        BCD
  C:3F6BH         LINE#         47
  C:3F6BH         LINE#         48
  C:3F6BH         LINE#         52
  C:3F6FH         LINE#         53
  -------         ENDPROC       _UNIT
  -------         PROC          _DECTOBCD
  D:0007H         SYMBOL        dec
  C:000AH         LINE#         54
  C:000AH         LINE#         55
  C:000AH         LINE#         57
  C:000AH         LINE#         58
  -------         ENDPROC       _DECTOBCD
  -------         PROC          _ASCII_LETTER
  D:0007H         SYMBOL        dat
BL51 BANKED LINKER/LOCATER V6.22                                                      02/25/2019  12:37:00  PAGE 15


  C:3F70H         LINE#         60
  C:3F70H         LINE#         61
  C:3F70H         LINE#         63
  C:3F74H         LINE#         64
  -------         ENDPROC       _ASCII_LETTER
  -------         PROC          _ASCIITOBCD
  D:0001H         SYMBOL        ascii
  -------         DO            
  D:0007H         SYMBOL        dec_val
  D:0006H         SYMBOL        ten
  D:0007H         SYMBOL        unit
  -------         ENDDO         
  C:3E4DH         LINE#         66
  C:3E4DH         LINE#         67
  C:3E4DH         LINE#         69
  C:3E50H         LINE#         70
  C:3E56H         LINE#         71
  C:3E5DH         LINE#         72
  C:3E63H         LINE#         74
  -------         ENDPROC       _ASCIITOBCD
  -------         ENDMOD        UART1

  -------         MODULE        LCD_DRIVER_SPLC780D
  C:0000H         SYMBOL        _ICE_DUMMY_
  D:0092H         PUBLIC        P1M0
  D:0091H         PUBLIC        P1M1
  D:0080H         PUBLIC        P0
  D:0090H         PUBLIC        P1
  D:00A0H         PUBLIC        P2
  D:00B0H         PUBLIC        P3
  D:00C0H         PUBLIC        P4
  D:00C8H         PUBLIC        P5
  D:00E8H         PUBLIC        P6
  D:00F8H         PUBLIC        P7
  C:38E5H         PUBLIC        _WriteData
  D:00A8H         PUBLIC        IE
  D:00B8H         PUBLIC        IP
  D:00D8H         PUBLIC        CCON
  B:00B0H.4       PUBLIC        LCD_D4
  B:00B0H.5       PUBLIC        LCD_D5
  B:00B0H.6       PUBLIC        LCD_D6
  C:3DFDH         PUBLIC        _DisplayLCD
  B:00B0H.7       PUBLIC        LCD_D7
  D:0098H         PUBLIC        SCON
  D:0088H         PUBLIC        TCON
  C:3F5BH         PUBLIC        LCD_clear
  C:3B9DH         PUBLIC        _Command
  C:3E7AH         PUBLIC        _Display_Line
  C:3A23H         PUBLIC        LCD_Init
  C:3D62H         PUBLIC        _Wait_ms
  B:00C0H.0       PUBLIC        LCD_RS
  B:00B0H.2       PUBLIC        LCD_RW
  C:3F51H         PUBLIC        LCD_return_home
  B:00B0H.3       PUBLIC        LCD_E
  D:00D0H         PUBLIC        PSW
  -------         PROC          LCD_INIT
  C:3A23H         LINE#         9
BL51 BANKED LINKER/LOCATER V6.22                                                      02/25/2019  12:37:00  PAGE 16


  C:3A23H         LINE#         10
  C:3A23H         LINE#         11
  C:3A26H         LINE#         12
  C:3A29H         LINE#         14
  C:3A2FH         LINE#         15
  C:3A34H         LINE#         17
  C:3A3BH         LINE#         18
  C:3A40H         LINE#         20
  C:3A43H         LINE#         21
  C:3A48H         LINE#         23
  C:3A4BH         LINE#         24
  C:3A50H         LINE#         26
  C:3A57H         LINE#         29
  C:3A5CH         LINE#         30
  C:3A61H         LINE#         32
  C:3A66H         LINE#         33
  C:3A6BH         LINE#         35
  C:3A70H         LINE#         36
  C:3A75H         LINE#         37
  -------         ENDPROC       LCD_INIT
  -------         PROC          _WRITEDATA
  X:035AH         SYMBOL        dat
  C:38E5H         LINE#         40
  C:38EAH         LINE#         41
  C:38EAH         LINE#         46
  C:38ECH         LINE#         47
  C:38EEH         LINE#         49
  C:38FCH         LINE#         50
  C:3908H         LINE#         51
  C:3914H         LINE#         52
  C:391EH         LINE#         53
  C:3920H         LINE#         54
  C:3927H         LINE#         55
  C:3929H         LINE#         57
  C:3939H         LINE#         58
  C:3944H         LINE#         59
  C:394EH         LINE#         60
  C:3952H         LINE#         62
  C:3952H         LINE#         63
  C:3955H         LINE#         64
  C:3957H         LINE#         65
  C:3959H         LINE#         67
  -------         ENDPROC       _WRITEDATA
  -------         PROC          _COMMAND
  D:0007H         SYMBOL        dat
  C:3B9DH         LINE#         69
  C:3B9DH         LINE#         70
  C:3B9DH         LINE#         71
  C:3B9FH         LINE#         72
  C:3BA1H         LINE#         74
  C:3BABH         LINE#         75
  C:3BAFH         LINE#         77
  C:3BB1H         LINE#         78
  C:3BBAH         LINE#         79
  C:3BBEH         LINE#         81
  C:3BC0H         LINE#         82
  C:3BC7H         LINE#         83
BL51 BANKED LINKER/LOCATER V6.22                                                      02/25/2019  12:37:00  PAGE 17


  C:3BCBH         LINE#         85
  C:3BCDH         LINE#         86
  C:3BD1H         LINE#         87
  C:3BD5H         LINE#         89
  C:3BD7H         LINE#         90
  C:3BD7H         LINE#         91
  C:3BDAH         LINE#         92
  C:3BDCH         LINE#         93
  -------         ENDPROC       _COMMAND
  C:3D5EH         SYMBOL        L?0028
  -------         PROC          L?0027
  -------         ENDPROC       L?0027
  C:3D5EH         SYMBOL        L?0028
  -------         PROC          _WAIT_MS
  D:0006H         SYMBOL        ms
  -------         DO            
  D:0004H         SYMBOL        De_Cnt
  -------         ENDDO         
  C:3D62H         LINE#         95
  C:3D62H         LINE#         96
  C:3D62H         LINE#         98
  C:3D6CH         LINE#         99
  C:3D6CH         LINE#         100
  C:3D7FH         LINE#         101
  C:3D7FH         LINE#         102
  -------         ENDPROC       _WAIT_MS
  -------         PROC          _DISPLAYLCD
  D:0007H         SYMBOL        BCD
  -------         DO            
  D:0006H         SYMBOL        first_digit
  X:0420H         SYMBOL        second_digit
  -------         ENDDO         
  C:3DFDH         LINE#         103
  C:3DFDH         LINE#         104
  C:3DFDH         LINE#         106
  C:3E04H         LINE#         107
  C:3E0DH         LINE#         109
  C:3E12H         LINE#         111
  -------         ENDPROC       _DISPLAYLCD
  -------         PROC          LCD_RETURN_HOME
  C:3F51H         LINE#         115
  C:3F51H         LINE#         116
  C:3F51H         LINE#         117
  C:3F56H         LINE#         118
  -------         ENDPROC       LCD_RETURN_HOME
  -------         PROC          LCD_CLEAR
  C:3F5BH         LINE#         121
  C:3F5BH         LINE#         122
  C:3F5BH         LINE#         123
  C:3F60H         LINE#         124
  -------         ENDPROC       LCD_CLEAR
  -------         PROC          _DISPLAY_LINE
  D:0006H         SYMBOL        line
  C:3E7AH         LINE#         128
  C:3E7AH         LINE#         129
  C:3E7AH         LINE#         130
  C:3E80H         LINE#         131
BL51 BANKED LINKER/LOCATER V6.22                                                      02/25/2019  12:37:00  PAGE 18


  C:3E80H         LINE#         132
  C:3E82H         LINE#         133
  C:3E82H         LINE#         134
  C:3E84H         LINE#         136
  C:3E84H         LINE#         137
  C:3E89H         LINE#         138
  C:3E8EH         LINE#         139
  C:3E8EH         LINE#         140
  -------         ENDPROC       _DISPLAY_LINE
  -------         ENDMOD        LCD_DRIVER_SPLC780D

  -------         MODULE        KEYPAD
  C:0000H         SYMBOL        _ICE_DUMMY_
  D:0093H         PUBLIC        P0M1
  D:0080H         PUBLIC        P0
  D:0090H         PUBLIC        P1
  D:00A0H         PUBLIC        P2
  D:00B0H         PUBLIC        P3
  D:00C0H         PUBLIC        P4
  D:00C8H         PUBLIC        P5
  B:0020H.0       PUBLIC        calib_mode
  D:00E8H         PUBLIC        P6
  D:00F8H         PUBLIC        P7
  D:00A8H         PUBLIC        IE
  C:287BH         PUBLIC        Key_Scan
  D:00B8H         PUBLIC        IP
  D:00D8H         PUBLIC        CCON
  C:3F39H         PUBLIC        KeyPad_IO_Init
  C:3DDFH         PUBLIC        _Delay_ms
  D:0098H         PUBLIC        SCON
  D:0088H         PUBLIC        TCON
  B:0020H.1       PUBLIC        small_move
  B:0020H.2       PUBLIC        move
  B:0020H.3       PUBLIC        direction
  B:0020H.4       PUBLIC        auto_move
  C:240AH         PUBLIC        Key_Process
  D:00D0H         PUBLIC        PSW
  D:0094H         PUBLIC        P0M0
  -------         PROC          _DELAY_MS
  D:0006H         SYMBOL        ms
  -------         DO            
  D:0004H         SYMBOL        De_Cnt
  -------         ENDDO         
  C:3DDFH         LINE#         19
  C:3DDFH         LINE#         20
  C:3DDFH         LINE#         22
  C:3DE9H         LINE#         23
  C:3DE9H         LINE#         24
  C:3DFCH         LINE#         25
  C:3DFCH         LINE#         26
  -------         ENDPROC       _DELAY_MS
  -------         PROC          KEY_SCAN
  -------         DO            
  X:041AH         SYMBOL        KeyTemp1
  X:041BH         SYMBOL        KeyTemp2
  X:041CH         SYMBOL        KeyValue
  -------         ENDDO         
BL51 BANKED LINKER/LOCATER V6.22                                                      02/25/2019  12:37:00  PAGE 19


  C:287BH         LINE#         27
  C:287BH         LINE#         28
  C:287BH         LINE#         33
  C:287EH         LINE#         36
  C:2881H         LINE#         38
  C:2889H         LINE#         39
  C:2890H         LINE#         40
  C:2890H         LINE#         42
  C:2895H         LINE#         43
  C:289CH         LINE#         44
  C:289CH         LINE#         47
  C:289FH         LINE#         48
  C:28A2H         LINE#         49
  C:28A7H         LINE#         50
  C:28ABH         LINE#         51
  C:28ABH         LINE#         52
  C:28B3H         LINE#         53
  C:28B3H         LINE#         54
  C:28B6H         LINE#         55
  C:28BEH         LINE#         56
  C:28C0H         LINE#         58
  C:28D4H         LINE#         59
  C:28D4H         LINE#         60
  C:28D4H         LINE#         61
  C:28D4H         LINE#         62
  C:28DAH         LINE#         64
  C:28DCH         LINE#         65
  C:28DCH         LINE#         66
  C:28DCH         LINE#         67
  C:28E2H         LINE#         69
  C:28E4H         LINE#         70
  C:28E4H         LINE#         71
  C:28E4H         LINE#         72
  C:28EAH         LINE#         74
  C:28ECH         LINE#         75
  C:28ECH         LINE#         76
  C:28ECH         LINE#         77
  C:28F2H         LINE#         79
  C:28F2H         LINE#         80
  C:28F2H         LINE#         81
  C:28F2H         LINE#         84
  C:28F5H         LINE#         85
  C:28F8H         LINE#         86
  C:2900H         LINE#         87
  C:2904H         LINE#         88
  C:2904H         LINE#         89
  C:290CH         LINE#         90
  C:290CH         LINE#         91
  C:290FH         LINE#         92
  C:2917H         LINE#         93
  C:2919H         LINE#         94
  C:292DH         LINE#         95
  C:292DH         LINE#         96
  C:292DH         LINE#         97
  C:292DH         LINE#         98
  C:2933H         LINE#         100
  C:2935H         LINE#         101
BL51 BANKED LINKER/LOCATER V6.22                                                      02/25/2019  12:37:00  PAGE 20


  C:2935H         LINE#         102
  C:2935H         LINE#         103
  C:293BH         LINE#         105
  C:293DH         LINE#         106
  C:293DH         LINE#         107
  C:293DH         LINE#         108
  C:2943H         LINE#         110
  C:2945H         LINE#         111
  C:2945H         LINE#         112
  C:2945H         LINE#         113
  C:294AH         LINE#         115
  C:294AH         LINE#         116
  C:294AH         LINE#         117
  C:294AH         LINE#         120
  C:294DH         LINE#         121
  C:2950H         LINE#         122
  C:2958H         LINE#         123
  C:295CH         LINE#         124
  C:295CH         LINE#         125
  C:2964H         LINE#         126
  C:2964H         LINE#         127
  C:2967H         LINE#         128
  C:296FH         LINE#         129
  C:2971H         LINE#         130
  C:2985H         LINE#         131
  C:2985H         LINE#         132
  C:2985H         LINE#         133
  C:2985H         LINE#         134
  C:298BH         LINE#         136
  C:298DH         LINE#         137
  C:298DH         LINE#         138
  C:298DH         LINE#         139
  C:2993H         LINE#         141
  C:2995H         LINE#         142
  C:2995H         LINE#         143
  C:2995H         LINE#         144
  C:299BH         LINE#         146
  C:299DH         LINE#         147
  C:299DH         LINE#         148
  C:299DH         LINE#         149
  C:29A3H         LINE#         151
  C:29A3H         LINE#         152
  C:29A3H         LINE#         153
  C:29A3H         LINE#         157
  C:29A6H         LINE#         158
  C:29A9H         LINE#         159
  C:29B1H         LINE#         160
  C:29B5H         LINE#         161
  C:29B5H         LINE#         162
  C:29BDH         LINE#         163
  C:29BDH         LINE#         164
  C:29C0H         LINE#         165
  C:29C8H         LINE#         166
  C:29CAH         LINE#         167
  C:29DEH         LINE#         168
  C:29DEH         LINE#         169
  C:29DEH         LINE#         170
BL51 BANKED LINKER/LOCATER V6.22                                                      02/25/2019  12:37:00  PAGE 21


  C:29DEH         LINE#         171
  C:29E4H         LINE#         173
  C:29E6H         LINE#         174
  C:29E6H         LINE#         175
  C:29E6H         LINE#         176
  C:29ECH         LINE#         178
  C:29EEH         LINE#         179
  C:29EEH         LINE#         180
  C:29EEH         LINE#         181
  C:29F4H         LINE#         183
  C:29F6H         LINE#         184
  C:29F6H         LINE#         185
  C:29F6H         LINE#         186
  C:29FCH         LINE#         188
  C:29FCH         LINE#         189
  C:29FCH         LINE#         190
  C:29FCH         LINE#         192
  C:2A02H         LINE#         193
  C:2A02H         LINE#         195
  C:2A02H         LINE#         196
  C:2A05H         LINE#         197
  C:2A05H         LINE#         198
  C:2A05H         LINE#         200
  C:2A05H         LINE#         201
  C:2A07H         LINE#         202
  C:2A07H         LINE#         203
  -------         ENDPROC       KEY_SCAN
  -------         PROC          KEY_PROCESS
  -------         DO            
  X:03DFH         SYMBOL        KeyCount
  X:03E1H         SYMBOL        KeyNum_Old
  X:03E2H         SYMBOL        KeyNum
  X:03E3H         SYMBOL        PressedKey
  X:03F0H         SYMBOL        d
  D:0004H         SYMBOL        hours
  D:0006H         SYMBOL        mins
  X:03F2H         SYMBOL        months
  X:03F4H         SYMBOL        days
  -------         ENDDO         
  C:240AH         LINE#         204
  C:240AH         LINE#         205
  C:240AH         LINE#         209
  C:2412H         LINE#         210
  C:241AH         LINE#         212
  C:241DH         LINE#         213
  C:241DH         LINE#         214
  C:2420H         LINE#         216
  C:2420H         LINE#         217
  C:242DH         LINE#         218
  C:242DH         LINE#         219
  C:2430H         LINE#         220
  C:2433H         LINE#         222
  C:2436H         LINE#         224
  C:2436H         LINE#         225
  C:2441H         LINE#         226
  C:2441H         LINE#         227
  C:2444H         LINE#         229
BL51 BANKED LINKER/LOCATER V6.22                                                      02/25/2019  12:37:00  PAGE 22


  C:2444H         LINE#         230
  C:244BH         LINE#         231
  C:244BH         LINE#         232
  C:244EH         LINE#         234
  C:244EH         LINE#         235
  C:2456H         LINE#         236
  C:2456H         LINE#         237
  C:2460H         LINE#         238
  C:2468H         LINE#         240
  C:2471H         LINE#         242
  C:2471H         LINE#         251
  C:2486H         LINE#         252
  C:2486H         LINE#         253
  C:2498H         LINE#         254
  C:24A6H         LINE#         255
  C:24B5H         LINE#         256
  C:24B5H         LINE#         258
  C:24BBH         LINE#         262
  C:24D1H         LINE#         263
  C:24E2H         LINE#         264
  C:24FDH         LINE#         265
  C:24FDH         LINE#         266
  C:250DH         LINE#         267
  C:251EH         LINE#         268
  C:251EH         LINE#         272
  C:2537H         LINE#         273
  C:254EH         LINE#         274
  C:256EH         LINE#         275
  C:256EH         LINE#         276
  C:2578H         LINE#         277
  C:2578H         LINE#         278
  C:2581H         LINE#         279
  C:2581H         LINE#         280
  C:2595H         LINE#         281
  C:2595H         LINE#         282
  C:2595H         LINE#         283
  C:2595H         LINE#         284
  C:2595H         LINE#         285
  C:2597H         LINE#         287
  C:2597H         LINE#         288
  C:25A3H         LINE#         289
  C:25A3H         LINE#         290
  C:25B4H         LINE#         291
  C:25B4H         LINE#         292
  C:25B4H         LINE#         293
  C:25B4H         LINE#         294
  C:25B4H         LINE#         296
  C:25B6H         LINE#         298
  C:25B6H         LINE#         299
  C:25C7H         LINE#         300
  C:25C7H         LINE#         301
  C:25C7H         LINE#         302
  C:25C7H         LINE#         303
  C:25C7H         LINE#         305
  C:25C7H         LINE#         307
  C:25C7H         LINE#         308
  C:25C9H         LINE#         310
BL51 BANKED LINKER/LOCATER V6.22                                                      02/25/2019  12:37:00  PAGE 23


  C:25C9H         LINE#         311
  C:25DCH         LINE#         312
  C:25DCH         LINE#         313
  C:25EDH         LINE#         314
  C:25EDH         LINE#         315
  C:25EDH         LINE#         316
  C:25EDH         LINE#         317
  C:25EDH         LINE#         318
  C:25EFH         LINE#         320
  C:25EFH         LINE#         321
  C:2600H         LINE#         322
  C:2600H         LINE#         323
  C:2611H         LINE#         324
  C:2622H         LINE#         325
  C:2622H         LINE#         326
  C:2622H         LINE#         327
  C:2622H         LINE#         328
  C:2622H         LINE#         329
  C:2625H         LINE#         330
  C:262AH         LINE#         331
  C:262FH         LINE#         332
  C:2634H         LINE#         333
  C:2639H         LINE#         334
  C:263EH         LINE#         335
  C:2643H         LINE#         336
  C:2648H         LINE#         337
  C:2648H         LINE#         339
  C:266AH         LINE#         340
  C:266AH         LINE#         341
  C:2674H         LINE#         342
  C:2674H         LINE#         343
  C:2679H         LINE#         344
  C:2682H         LINE#         345
  C:2699H         LINE#         346
  C:2699H         LINE#         347
  C:26A9H         LINE#         349
  C:26A9H         LINE#         353
  -------         ENDPROC       KEY_PROCESS
  -------         PROC          KEYPAD_IO_INIT
  C:3F39H         LINE#         356
  C:3F39H         LINE#         357
  C:3F39H         LINE#         358
  C:3F3CH         LINE#         359
  C:3F3FH         LINE#         360
  C:3F42H         LINE#         361
  C:3F44H         LINE#         362
  -------         ENDPROC       KEYPAD_IO_INIT
  -------         ENDMOD        KEYPAD

  -------         MODULE        BIPOLARMOTOR
  C:0000H         SYMBOL        _ICE_DUMMY_
  D:0080H         PUBLIC        P0
  D:0090H         PUBLIC        P1
  D:00A0H         PUBLIC        P2
  D:00B0H         PUBLIC        P3
  D:00C0H         PUBLIC        P4
  D:00C8H         PUBLIC        P5
BL51 BANKED LINKER/LOCATER V6.22                                                      02/25/2019  12:37:00  PAGE 24


  D:00E8H         PUBLIC        P6
  D:00F8H         PUBLIC        P7
  X:00D4H         PUBLIC        low_date_azimuth_mapping
  D:00A8H         PUBLIC        IE
  C:3200H         PUBLIC        linear_interpolate
  C:3D0DH         PUBLIC        _Move
  D:00B8H         PUBLIC        IP
  C:26DDH         PUBLIC        _findDet3x3
  C:1BEFH         PUBLIC        _findDet4x4
  D:00D8H         PUBLIC        CCON
  X:00FCH         PUBLIC        previous_move_time
  D:0098H         PUBLIC        SCON
  D:0088H         PUBLIC        TCON
  C:3F75H         PUBLIC        wait
  C:3BDDH         PUBLIC        _Step_move
  X:00FDH         PUBLIC        dat
  C:000EH         PUBLIC        _Update_position
  C:3A7CH         PUBLIC        vOneStepMove
  X:0103H         PUBLIC        elevation_stamp
  X:013FH         PUBLIC        date_azimuth_mapping
  X:0167H         PUBLIC        RX_pos
  C:3E24H         PUBLIC        _BCDtoDec1
  X:0177H         PUBLIC        degree
  D:00D0H         PUBLIC        PSW
  -------         PROC          L?0066
  -------         ENDPROC       L?0066
  -------         PROC          _BCDTODEC1
  D:0007H         SYMBOL        bcd
  -------         DO            
  D:0006H         SYMBOL        hi
  D:0007H         SYMBOL        lo
  -------         ENDDO         
  C:3E24H         LINE#         28
  C:3E24H         LINE#         29
  C:3E24H         LINE#         31
  C:3E29H         LINE#         32
  C:3E2DH         LINE#         33
  C:3E34H         LINE#         34
  -------         ENDPROC       _BCDTODEC1
  -------         PROC          WAIT
  C:3F75H         LINE#         36
  C:3F75H         LINE#         38
  -------         ENDPROC       WAIT
  -------         PROC          VONESTEPMOVE
  B:0021H.0       SYMBOL        bDir
  C:3A7CH         LINE#         40
  C:3A7CH         LINE#         41
  C:3A7CH         LINE#         43
  C:3A82H         LINE#         44
  C:3A82H         LINE#         45
  C:3A85H         LINE#         46
  C:3A8EH         LINE#         47
  C:3A95H         LINE#         48
  C:3A9AH         LINE#         49
  C:3A9AH         LINE#         50
  C:3A9AH         LINE#         52
  C:3A9CH         LINE#         55
BL51 BANKED LINKER/LOCATER V6.22                                                      02/25/2019  12:37:00  PAGE 25


  C:3A9CH         LINE#         56
  C:3A9FH         LINE#         57
  C:3AA8H         LINE#         58
  C:3AAFH         LINE#         59
  C:3AB5H         LINE#         60
  C:3ABEH         LINE#         61
  C:3AC5H         LINE#         62
  C:3AC5H         LINE#         66
  -------         ENDPROC       VONESTEPMOVE
  -------         PROC          _STEP_MOVE
  X:03FFH         SYMBOL        step
  B:0021H.1       SYMBOL        dir
  -------         DO            
  X:0401H         SYMBOL        i
  -------         ENDDO         
  C:3BDDH         LINE#         68
  C:3BE5H         LINE#         69
  C:3BE5H         LINE#         71
  C:3BEAH         LINE#         74
  C:3C05H         LINE#         75
  C:3C05H         LINE#         76
  C:3C0CH         LINE#         78
  C:3C1CH         LINE#         80
  -------         ENDPROC       _STEP_MOVE
  -------         PROC          _MOVE
  X:0403H         SYMBOL        distance
  B:0021H.2       SYMBOL        direction
  -------         DO            
  D:0006H         SYMBOL        step
  -------         ENDDO         
  C:3D0DH         LINE#         82
  C:3D13H         LINE#         83
  C:3D13H         LINE#         86
  C:3D2EH         LINE#         87
  -------         ENDPROC       _MOVE
  C:26BEH         SYMBOL        L?0062
  C:26D2H         SYMBOL        L?0063
  -------         PROC          L?0061
  -------         ENDPROC       L?0061
  C:26BEH         SYMBOL        L?0062
  C:26D2H         SYMBOL        L?0063
  -------         PROC          _FINDDET3X3
  X:0362H         SYMBOL        a11
  X:0366H         SYMBOL        a12
  X:036AH         SYMBOL        a13
  X:036EH         SYMBOL        a21
  X:0372H         SYMBOL        a22
  X:0376H         SYMBOL        a23
  X:037AH         SYMBOL        a31
  X:037EH         SYMBOL        a32
  X:0382H         SYMBOL        a33
  C:26DDH         LINE#         91
  C:26E3H         LINE#         95
  C:26E3H         LINE#         96
  C:287AH         LINE#         98
  -------         ENDPROC       _FINDDET3X3
  -------         PROC          _FINDDET4X4
BL51 BANKED LINKER/LOCATER V6.22                                                      02/25/2019  12:37:00  PAGE 26


  X:02FBH         SYMBOL        a11
  X:02FFH         SYMBOL        a12
  X:0303H         SYMBOL        a13
  X:0307H         SYMBOL        a14
  X:030BH         SYMBOL        a21
  X:030FH         SYMBOL        a22
  X:0313H         SYMBOL        a23
  X:0317H         SYMBOL        a24
  X:031BH         SYMBOL        a31
  X:031FH         SYMBOL        a32
  X:0323H         SYMBOL        a33
  X:0327H         SYMBOL        a34
  X:032BH         SYMBOL        a41
  X:032FH         SYMBOL        a42
  X:0333H         SYMBOL        a43
  X:0337H         SYMBOL        a44
  C:1BEFH         LINE#         99
  C:1BF5H         LINE#         103
  C:1BF5H         LINE#         110
  C:1EAEH         LINE#         114
  -------         ENDPROC       _FINDDET4X4
  C:31EFH         SYMBOL        L?0065
  -------         PROC          L?0064
  -------         ENDPROC       L?0064
  C:31EFH         SYMBOL        L?0065
  -------         PROC          LINEAR_INTERPOLATE
  X:039EH         SYMBOL        p1
  X:03A6H         SYMBOL        p2
  X:03AEH         SYMBOL        x
  -------         DO            
  D:0004H         SYMBOL        fx
  -------         ENDDO         
  C:3200H         LINE#         120
  C:3200H         LINE#         121
  C:3200H         LINE#         124
  C:329FH         LINE#         126
  C:329FH         LINE#         127
  -------         ENDPROC       LINEAR_INTERPOLATE
  -------         PROC          _UPDATE_POSITION
  D:0001H         SYMBOL        mnths
  D:0002H         SYMBOL        dys
  X:017DH         SYMBOL        hurs
  X:017EH         SYMBOL        mns
  X:017FH         SYMBOL        sconds
  X:0180H         SYMBOL        currnt_pos
  X:0183H         SYMBOL        offset_calib
  -------         DO            
  X:0187H         SYMBOL        date
  X:0189H         SYMBOL        i
  X:018BH         SYMBOL        yy
  X:018DH         SYMBOL        desired_distance
  X:0191H         SYMBOL        distance
  X:0195H         SYMBOL        JP_pos
  X:0199H         SYMBOL        pos_interpolate_azimuth
  X:01D5H         SYMBOL        current_local_sun_time
  X:01D9H         SYMBOL        azimuth
  X:01DDH         SYMBOL        elevation
BL51 BANKED LINKER/LOCATER V6.22                                                      02/25/2019  12:37:00  PAGE 27


  X:01E1H         SYMBOL        time_offset
  X:01E5H         SYMBOL        UTC_time
  X:01E9H         SYMBOL        declination
  X:01EDH         SYMBOL        p1
  X:01F5H         SYMBOL        p2
  X:01FDH         SYMBOL        time
  X:020FH         SYMBOL        location
  X:0217H         SYMBOL        sunCoord
  -------         ENDDO         
  C:000EH         LINE#         131
  C:0017H         LINE#         134
  C:0017H         LINE#         135
  C:0022H         LINE#         137
  C:003EH         LINE#         138
  C:0048H         LINE#         146
  C:0052H         LINE#         147
  C:005CH         LINE#         148
  C:0066H         LINE#         149
  C:0071H         LINE#         150
  C:007CH         LINE#         151
  C:0095H         LINE#         152
  C:00A6H         LINE#         153
  C:00B5H         LINE#         156
  C:00C9H         LINE#         160
  C:011BH         LINE#         161
  C:027FH         LINE#         162
  C:02CFH         LINE#         164
  C:03F7H         LINE#         166
  C:04C6H         LINE#         173
  C:050DH         LINE#         174
  C:050DH         LINE#         176
  C:0527H         LINE#         177
  C:0527H         LINE#         178
  C:0597H         LINE#         179
  C:0597H         LINE#         180
  C:059EH         LINE#         181
  C:059EH         LINE#         182
  C:05CBH         LINE#         183
  C:05E6H         LINE#         185
  C:062DH         LINE#         186
  C:0661H         LINE#         188
  C:06A7H         LINE#         189
  C:06CAH         LINE#         191
  C:06CAH         LINE#         193
  C:0740H         LINE#         194
  C:0740H         LINE#         195
  C:0747H         LINE#         196
  C:0747H         LINE#         197
  C:0774H         LINE#         198
  C:078FH         LINE#         200
  C:07D6H         LINE#         201
  C:080AH         LINE#         203
  C:0850H         LINE#         204
  C:0870H         LINE#         206
  C:0870H         LINE#         207
  C:0881H         LINE#         210
  C:089BH         LINE#         211
BL51 BANKED LINKER/LOCATER V6.22                                                      02/25/2019  12:37:00  PAGE 28


  C:089BH         LINE#         212
  C:090BH         LINE#         213
  C:090BH         LINE#         214
  C:0938H         LINE#         215
  C:0953H         LINE#         217
  C:0980H         LINE#         218
  C:099BH         LINE#         220
  C:09CDH         LINE#         223
  C:09CDH         LINE#         225
  C:09DEH         LINE#         227
  C:0A0DH         LINE#         229
  C:0A32H         LINE#         230
  C:0A97H         LINE#         231
  C:0A97H         LINE#         232
  C:0AB1H         LINE#         233
  C:0AC3H         LINE#         234
  C:0ADBH         LINE#         235
  C:0AF1H         LINE#         237
  C:0B0DH         LINE#         238
  C:0B0DH         LINE#         239
  C:0B0DH         LINE#         242
  -------         ENDPROC       _UPDATE_POSITION
  -------         ENDMOD        BIPOLARMOTOR

  -------         MODULE        SUNPOS
  C:0000H         SYMBOL        _ICE_DUMMY_
  C:144DH         PUBLIC        sunpos
  -------         PROC          SUNPOS
  X:029EH         SYMBOL        udtTime
  X:02B0H         SYMBOL        udtLocation
  X:02B8H         SYMBOL        udtSunCoordinates
  -------         DO            
  X:02BBH         SYMBOL        dElapsedJulianDays
  X:02BFH         SYMBOL        dDecimalHours
  X:02C3H         SYMBOL        dEclipticLongitude
  X:02C7H         SYMBOL        dEclipticObliquity
  X:02CBH         SYMBOL        dRightAscension
  X:02CFH         SYMBOL        dDeclination
  X:02D3H         SYMBOL        dY
  X:02D7H         SYMBOL        dX
  -------         DO            
  X:02DBH         SYMBOL        dJulianDate
  X:02DFH         SYMBOL        liAux1
  X:02E3H         SYMBOL        liAux2
  X:02DBH         SYMBOL        dMeanLongitude
  X:02DFH         SYMBOL        dMeanAnomaly
  X:02E3H         SYMBOL        dOmega
  X:02DBH         SYMBOL        dSin_EclipticLongitude
  X:02DBH         SYMBOL        dGreenwichMeanSiderealTime
  X:02DFH         SYMBOL        dLocalMeanSiderealTime
  X:02E3H         SYMBOL        dLatitudeInRadians
  X:02E7H         SYMBOL        dHourAngle
  X:02EBH         SYMBOL        dCos_Latitude
  X:02EFH         SYMBOL        dSin_Latitude
  X:02F3H         SYMBOL        dCos_HourAngle
  X:02F7H         SYMBOL        dParallax
  -------         ENDDO         
BL51 BANKED LINKER/LOCATER V6.22                                                      02/25/2019  12:37:00  PAGE 29


  -------         DO            
  X:02DBH         SYMBOL        dMeanLongitude
  X:02DFH         SYMBOL        dMeanAnomaly
  X:02E3H         SYMBOL        dOmega
  X:02DBH         SYMBOL        dSin_EclipticLongitude
  X:02DBH         SYMBOL        dGreenwichMeanSiderealTime
  X:02DFH         SYMBOL        dLocalMeanSiderealTime
  X:02E3H         SYMBOL        dLatitudeInRadians
  X:02E7H         SYMBOL        dHourAngle
  X:02EBH         SYMBOL        dCos_Latitude
  X:02EFH         SYMBOL        dSin_Latitude
  X:02F3H         SYMBOL        dCos_HourAngle
  X:02F7H         SYMBOL        dParallax
  -------         ENDDO         
  -------         DO            
  X:02DBH         SYMBOL        dSin_EclipticLongitude
  X:02DBH         SYMBOL        dGreenwichMeanSiderealTime
  X:02DFH         SYMBOL        dLocalMeanSiderealTime
  X:02E3H         SYMBOL        dLatitudeInRadians
  X:02E7H         SYMBOL        dHourAngle
  X:02EBH         SYMBOL        dCos_Latitude
  X:02EFH         SYMBOL        dSin_Latitude
  X:02F3H         SYMBOL        dCos_HourAngle
  X:02F7H         SYMBOL        dParallax
  -------         ENDDO         
  -------         DO            
  X:02DBH         SYMBOL        dGreenwichMeanSiderealTime
  X:02DFH         SYMBOL        dLocalMeanSiderealTime
  X:02E3H         SYMBOL        dLatitudeInRadians
  X:02E7H         SYMBOL        dHourAngle
  X:02EBH         SYMBOL        dCos_Latitude
  X:02EFH         SYMBOL        dSin_Latitude
  X:02F3H         SYMBOL        dCos_HourAngle
  X:02F7H         SYMBOL        dParallax
  -------         ENDDO         
  -------         ENDDO         
  C:144DH         LINE#         6
  C:144DH         LINE#         7
  C:144DH         LINE#         9
  C:144DH         LINE#         27
  C:1497H         LINE#         30
  C:14B8H         LINE#         31
  C:15FFH         LINE#         34
  C:164BH         LINE#         36
  C:166AH         LINE#         37
  C:166AH         LINE#         42
  C:166AH         LINE#         46
  C:169CH         LINE#         47
  C:16C6H         LINE#         48
  C:16F0H         LINE#         49
  C:179DH         LINE#         52
  C:17FEH         LINE#         54
  C:17FEH         LINE#         59
  C:17FEH         LINE#         61
  C:1815H         LINE#         62
  C:183DH         LINE#         63
  C:1854H         LINE#         64
BL51 BANKED LINKER/LOCATER V6.22                                                      02/25/2019  12:37:00  PAGE 30


  C:187FH         LINE#         65
  C:18B6H         LINE#         66
  C:18E1H         LINE#         67
  C:18E1H         LINE#         70
  C:18E1H         LINE#         79
  C:191CH         LINE#         82
  C:1956H         LINE#         84
  C:197BH         LINE#         85
  C:199AH         LINE#         86
  C:19B1H         LINE#         87
  C:19C8H         LINE#         88
  C:19DFH         LINE#         89
  C:1A68H         LINE#         91
  C:1A82H         LINE#         92
  C:1AE4H         LINE#         93
  C:1B1AH         LINE#         94
  C:1B2CH         LINE#         95
  C:1B59H         LINE#         96
  C:1B86H         LINE#         98
  C:1BA8H         LINE#         100
  C:1BE0H         LINE#         103
  C:1BE0H         LINE#         104
  C:1BEEH         LINE#         105
  -------         ENDPROC       SUNPOS
  -------         ENDMOD        SUNPOS

  -------         MODULE        ADC
  C:0000H         SYMBOL        _ICE_DUMMY_
  D:0092H         PUBLIC        P1M0
  D:0091H         PUBLIC        P1M1
  D:0080H         PUBLIC        P0
  D:0090H         PUBLIC        P1
  D:00A0H         PUBLIC        P2
  D:00B0H         PUBLIC        P3
  D:00C0H         PUBLIC        P4
  D:00C8H         PUBLIC        P5
  D:00E8H         PUBLIC        P6
  D:00F8H         PUBLIC        P7
  D:00A8H         PUBLIC        IE
  D:00BDH         PUBLIC        ADC_RES
  D:00B8H         PUBLIC        IP
  D:0097H         PUBLIC        CLK_DIV
  D:00D8H         PUBLIC        CCON
  D:00BCH         PUBLIC        ADC_CONTR
  D:0098H         PUBLIC        SCON
  D:0088H         PUBLIC        TCON
  B:00A0H.4       PUBLIC        P24
  B:00A0H.5       PUBLIC        P25
  B:00A0H.6       PUBLIC        P26
  C:3DC0H         PUBLIC        ADC_Init
  C:3C8BH         PUBLIC        _ADC_GetResult
  D:009DH         PUBLIC        P1ASF
  D:00BEH         PUBLIC        ADC_RESL
  D:00D0H         PUBLIC        PSW
  -------         PROC          ADC_INIT
  C:3DC0H         LINE#         7
  C:3DC0H         LINE#         8
BL51 BANKED LINKER/LOCATER V6.22                                                      02/25/2019  12:37:00  PAGE 31


  C:3DC0H         LINE#         10
  C:3DC2H         LINE#         11
  C:3DC4H         LINE#         12
  C:3DC6H         LINE#         13
  C:3DC9H         LINE#         14
  C:3DCCH         LINE#         15
  C:3DCFH         LINE#         16
  C:3DD2H         LINE#         18
  C:3DD4H         LINE#         19
  C:3DD6H         LINE#         20
  C:3DD9H         LINE#         22
  -------         ENDPROC       ADC_INIT
  -------         PROC          _ADC_GETRESULT
  D:0007H         SYMBOL        ch
  -------         DO            
  D:0006H         SYMBOL        ADC_Value_H
  D:0004H         SYMBOL        ADC_Value_L
  D:0006H         SYMBOL        ADC_Value
  -------         ENDDO         
  C:3C8BH         LINE#         27
  C:3C8BH         LINE#         28
  C:3C8BH         LINE#         30
  C:3C90H         LINE#         31
  C:3C91H         LINE#         32
  C:3C92H         LINE#         33
  C:3C93H         LINE#         34
  C:3C94H         LINE#         35
  C:3C99H         LINE#         36
  C:3C9CH         LINE#         37
  C:3CA0H         LINE#         38
  C:3CA4H         LINE#         40
  C:3CB6H         LINE#         41
  C:3CB6H         LINE#         42
  -------         ENDPROC       _ADC_GETRESULT
  -------         ENDMOD        ADC

  -------         MODULE        CALIBRATION
  C:0000H         SYMBOL        _ICE_DUMMY_
  D:0080H         PUBLIC        P0
  D:0090H         PUBLIC        P1
  D:00A0H         PUBLIC        P2
  D:00B0H         PUBLIC        P3
  D:00C0H         PUBLIC        P4
  D:00C8H         PUBLIC        P5
  D:00E8H         PUBLIC        P6
  D:00F8H         PUBLIC        P7
  C:36A4H         PUBLIC        _Max_Value
  D:00A8H         PUBLIC        IE
  C:301EH         PUBLIC        _calibration
  C:32A0H         PUBLIC        voltage_is_stable
  D:00B8H         PUBLIC        IP
  D:00D8H         PUBLIC        CCON
  D:0098H         PUBLIC        SCON
  D:0088H         PUBLIC        TCON
  C:1EAFH         PUBLIC        _Find_Real_Max
  D:00D0H         PUBLIC        PSW
  -------         PROC          VOLTAGE_IS_STABLE
BL51 BANKED LINKER/LOCATER V6.22                                                      02/25/2019  12:37:00  PAGE 32


  -------         DO            
  X:0386H         SYMBOL        sample_voltage
  X:039AH         SYMBOL        i
  X:039CH         SYMBOL        ch
  -------         ENDDO         
  C:32A0H         LINE#         19
  C:32A0H         LINE#         20
  C:32A0H         LINE#         22
  C:32A7H         LINE#         23
  C:32ADH         LINE#         24
  C:32ADH         LINE#         25
  C:32D6H         LINE#         26
  C:32F5H         LINE#         28
  C:330FH         LINE#         29
  C:330FH         LINE#         30
  C:3342H         LINE#         31
  C:3346H         LINE#         32
  C:3356H         LINE#         33
  C:335AH         LINE#         34
  -------         ENDPROC       VOLTAGE_IS_STABLE
  -------         PROC          _FIND_REAL_MAX
  X:021AH         SYMBOL        current_position
  -------         DO            
  X:021DH         SYMBOL        ch
  X:021EH         SYMBOL        calib_step_move
  X:0222H         SYMBOL        voltage_at_scanned_pos
  X:029AH         SYMBOL        max_location
  X:029CH         SYMBOL        i
  -------         ENDDO         
  C:1EAFH         LINE#         35
  C:1EBAH         LINE#         36
  C:1EBAH         LINE#         37
  C:1EBDH         LINE#         38
  C:1EC5H         LINE#         42
  C:1EDEH         LINE#         43
  C:1EDEH         LINE#         44
  C:1EF3H         LINE#         45
  C:1F03H         LINE#         46
  C:1F0AH         LINE#         47
  C:1F0AH         LINE#         48
  C:1F15H         LINE#         49
  C:1F15H         LINE#         50
  C:1F28H         LINE#         51
  C:1F4EH         LINE#         52
  C:1F76H         LINE#         53
  C:1F79H         LINE#         55
  C:1F79H         LINE#         57
  C:1F8BH         LINE#         58
  C:1FABH         LINE#         61
  C:1FD2H         LINE#         63
  C:202EH         LINE#         64
  C:2031H         LINE#         65
  C:2031H         LINE#         69
  C:2036H         LINE#         70
  C:203BH         LINE#         72
  C:2040H         LINE#         73
  C:2045H         LINE#         74
BL51 BANKED LINKER/LOCATER V6.22                                                      02/25/2019  12:37:00  PAGE 33


  C:204AH         LINE#         75
  C:204FH         LINE#         78
  C:2086H         LINE#         79
  C:208BH         LINE#         80
  C:2090H         LINE#         81
  C:2097H         LINE#         82
  C:20B9H         LINE#         96
  C:20C8H         LINE#         97
  C:20C8H         LINE#         98
  C:20D9H         LINE#         100
  C:20FBH         LINE#         101
  C:2158H         LINE#         102
  C:215FH         LINE#         103
  C:215FH         LINE#         105
  -------         ENDPROC       _FIND_REAL_MAX
  -------         PROC          _MAX_VALUE
  D:0001H         SYMBOL        input
  -------         DO            
  D:0004H         SYMBOL        max
  X:0407H         SYMBOL        max_location
  X:0409H         SYMBOL        i
  -------         ENDDO         
  C:36A4H         LINE#         108
  C:36A4H         LINE#         109
  C:36A4H         LINE#         110
  C:36AFH         LINE#         112
  C:36C4H         LINE#         113
  C:36C4H         LINE#         114
  C:36FAH         LINE#         115
  C:3717H         LINE#         116
  C:3726H         LINE#         117
  C:3737H         LINE#         118
  C:373FH         LINE#         120
  -------         ENDPROC       _MAX_VALUE
  -------         PROC          _CALIBRATION
  X:03B2H         SYMBOL        mnths
  X:03B3H         SYMBOL        dys
  X:03B4H         SYMBOL        hurs
  X:03B5H         SYMBOL        mns
  X:03B6H         SYMBOL        sconds
  X:03B7H         SYMBOL        currnt_pos
  -------         DO            
  X:03BAH         SYMBOL        calib_value
  X:03BEH         SYMBOL        theorical_max_pos
  X:03C2H         SYMBOL        JP_max_pos
  -------         ENDDO         
  C:301EH         LINE#         122
  C:3029H         LINE#         125
  C:3029H         LINE#         126
  C:3033H         LINE#         127
  C:3047H         LINE#         129
  C:3051H         LINE#         130
  C:3051H         LINE#         132
  C:3087H         LINE#         133
  C:30A5H         LINE#         135
  C:30AEH         LINE#         136
  C:30D1H         LINE#         137
BL51 BANKED LINKER/LOCATER V6.22                                                      02/25/2019  12:37:00  PAGE 34


  C:30EDH         LINE#         138
  C:30FCH         LINE#         139
  C:30FCH         LINE#         141
  C:3101H         LINE#         142
  -------         ENDPROC       _CALIBRATION
  -------         ENDMOD        CALIBRATION

  -------         MODULE        IOEXPANDER_PI4IOE5V96248
  C:0000H         SYMBOL        _ICE_DUMMY_
  D:0080H         PUBLIC        P0
  B:00C8H.4       PUBLIC        I2C_SCK
  D:0090H         PUBLIC        P1
  D:00A0H         PUBLIC        P2
  D:00B0H         PUBLIC        P3
  D:00C0H         PUBLIC        P4
  D:00C8H         PUBLIC        P5
  D:00E8H         PUBLIC        P6
  D:00F8H         PUBLIC        P7
  D:00A8H         PUBLIC        IE
  D:00B8H         PUBLIC        IP
  D:00D8H         PUBLIC        CCON
  C:3EFFH         PUBLIC        I2C_Start
  D:0098H         PUBLIC        SCON
  D:0088H         PUBLIC        TCON
  C:340DH         PUBLIC        _Write_PI4IOE5V96248
  C:3F0EH         PUBLIC        uC_NACK
  C:3CC4H         PUBLIC        _Wait_ms_i2c
  C:3D3AH         PUBLIC        _I2C_SendByte
  C:3E8FH         PUBLIC        I2C_Stop
  C:3F76H         PUBLIC        nop
  C:3F65H         PUBLIC        uC_ACK
  C:3E64H         PUBLIC        I2C_ACK
  B:00C0H.7       PUBLIC        I2C_SDA
  D:00D0H         PUBLIC        PSW
  C:3CBEH         SYMBOL        L?0031
  C:3CC0H         SYMBOL        L?0032
[...]
  C:39ECH         LINE#         36
  C:39ECH         LINE#         37
  C:39ECH         LINE#         38
  C:39EFH         LINE#         39
  C:39F3H         LINE#         42
  C:3A12H         LINE#         44
  C:3A14H         LINE#         45
  C:3A1BH         LINE#         46
  C:3A22H         LINE#         48
  -------         ENDPROC       AT25SF041_CHIPERASE
BL51 BANKED LINKER/LOCATER V6.22                                                      02/25/2019  12:37:00  PAGE 39


  -------         PROC          AT25SF041_WRITEENABLE
  -------         DO            
  X:035AH         SYMBOL        i
  D:0003H         SYMBOL        write_en
  -------         ENDDO         
  C:3B10H         LINE#         49
  C:3B10H         LINE#         50
  C:3B10H         LINE#         53
  C:3B12H         LINE#         54
  C:3B14H         LINE#         57
  C:3B1BH         LINE#         58
  C:3B1BH         LINE#         59
  C:3B1DH         LINE#         60
  C:3B20H         LINE#         61
  C:3B24H         LINE#         62
  C:3B24H         LINE#         63
  C:3B26H         LINE#         64
  C:3B28H         LINE#         66
  C:3B28H         LINE#         67
  C:3B2AH         LINE#         69
  C:3B2AH         LINE#         70
  C:3B2AH         LINE#         71
  C:3B2AH         LINE#         72
  C:3B2DH         LINE#         73
  C:3B31H         LINE#         76
  C:3B50H         LINE#         77
  C:3B52H         LINE#         78
  -------         ENDPROC       AT25SF041_WRITEENABLE
  -------         PROC          _AT25SF041_WRITE
  D:0003H         SYMBOL        opcode
  X:035BH         SYMBOL        addr
  X:035FH         SYMBOL        dat
  -------         DO            
  X:0360H         SYMBOL        i
  -------         ENDDO         
  C:2F2AH         LINE#         83
  C:2F2CH         LINE#         84
  C:2F2CH         LINE#         85
  C:2F2CH         LINE#         86
  C:2F2EH         LINE#         87
  C:2F31H         LINE#         90
  C:2F38H         LINE#         91
  C:2F38H         LINE#         92
  C:2F3AH         LINE#         93
  C:2F3DH         LINE#         94
  C:2F41H         LINE#         95
  C:2F41H         LINE#         96
  C:2F43H         LINE#         97
  C:2F45H         LINE#         99
  C:2F45H         LINE#         100
  C:2F47H         LINE#         102
  C:2F47H         LINE#         103
  C:2F47H         LINE#         104
  C:2F47H         LINE#         105
  C:2F4AH         LINE#         106
  C:2F4EH         LINE#         109
  C:2F6DH         LINE#         111
BL51 BANKED LINKER/LOCATER V6.22                                                      02/25/2019  12:37:00  PAGE 40


  C:2F74H         LINE#         112
  C:2F74H         LINE#         113
  C:2F76H         LINE#         114
  C:2F79H         LINE#         115
  C:2F92H         LINE#         116
  C:2F92H         LINE#         117
  C:2F94H         LINE#         118
  C:2F96H         LINE#         120
  C:2F96H         LINE#         121
  C:2F98H         LINE#         123
  C:2F98H         LINE#         124
  C:2F98H         LINE#         125
  C:2F98H         LINE#         126
  C:2F9BH         LINE#         127
  C:2FB4H         LINE#         129
  C:2FD3H         LINE#         131
  C:2FDAH         LINE#         132
  C:2FDAH         LINE#         133
  C:2FDCH         LINE#         134
  C:2FDFH         LINE#         135
  C:2FE6H         LINE#         136
  C:2FE6H         LINE#         137
  C:2FE8H         LINE#         138
  C:2FEAH         LINE#         140
  C:2FEAH         LINE#         141
  C:2FECH         LINE#         143
  C:2FECH         LINE#         144
  C:2FECH         LINE#         145
  C:2FECH         LINE#         146
  C:2FEFH         LINE#         147
  C:2FF6H         LINE#         149
  C:3015H         LINE#         151
  C:3017H         LINE#         152
  -------         ENDPROC       _AT25SF041_WRITE
  -------         PROC          _AT25SF041_READ
  D:0003H         SYMBOL        opcode
  X:035BH         SYMBOL        addr
  -------         DO            
  X:035FH         SYMBOL        dat
  X:0360H         SYMBOL        i
  -------         ENDDO         
  C:2E24H         LINE#         156
  C:2E26H         LINE#         157
  C:2E26H         LINE#         158
  C:2E2BH         LINE#         160
  C:2E2DH         LINE#         161
  C:2E33H         LINE#         165
  C:2E38H         LINE#         166
  C:2E38H         LINE#         167
  C:2E3AH         LINE#         168
  C:2E3DH         LINE#         169
  C:2E41H         LINE#         170
  C:2E41H         LINE#         171
  C:2E43H         LINE#         172
  C:2E45H         LINE#         174
  C:2E45H         LINE#         175
  C:2E47H         LINE#         177
BL51 BANKED LINKER/LOCATER V6.22                                                      02/25/2019  12:37:00  PAGE 41


  C:2E47H         LINE#         178
  C:2E47H         LINE#         179
  C:2E47H         LINE#         180
  C:2E4AH         LINE#         181
  C:2E4EH         LINE#         184
  C:2E6DH         LINE#         186
  C:2E74H         LINE#         187
  C:2E74H         LINE#         188
  C:2E76H         LINE#         189
  C:2E79H         LINE#         190
  C:2E92H         LINE#         191
  C:2E92H         LINE#         192
  C:2E94H         LINE#         193
  C:2E96H         LINE#         195
  C:2E96H         LINE#         196
  C:2E98H         LINE#         198
  C:2E98H         LINE#         199
  C:2E98H         LINE#         200
  C:2E98H         LINE#         201
  C:2E9BH         LINE#         202
  C:2EB4H         LINE#         204
  C:2ED3H         LINE#         207
  C:2EDAH         LINE#         209
  C:2EDCH         LINE#         210
  C:2EE3H         LINE#         212
  C:2EEAH         LINE#         213
  C:2EEAH         LINE#         214
  C:2EF1H         LINE#         215
  C:2EF1H         LINE#         216
  C:2EF4H         LINE#         217
  C:2EF6H         LINE#         218
  C:2EF9H         LINE#         220
  C:2EFCH         LINE#         221
  C:2EFCH         LINE#         223
  C:2F00H         LINE#         224
  C:2F00H         LINE#         230
  C:2F1FH         LINE#         233
  C:2F21H         LINE#         234
  C:2F24H         LINE#         235
  C:2F29H         LINE#         237
  -------         ENDPROC       _AT25SF041_READ
  -------         PROC          READ_STATUS_REGISTER_BYTE1
  -------         DO            
  D:0003H         SYMBOL        dat
  D:0001H         SYMBOL        opcode
  X:035CH         SYMBOL        count
  X:035DH         SYMBOL        i
  -------         ENDDO         
  C:3566H         LINE#         241
  C:3566H         LINE#         242
  C:3566H         LINE#         243
  C:356CH         LINE#         244
  C:3570H         LINE#         245
  C:3572H         LINE#         246
  C:3574H         LINE#         247
  C:357AH         LINE#         251
  C:3581H         LINE#         252
BL51 BANKED LINKER/LOCATER V6.22                                                      02/25/2019  12:37:00  PAGE 42


  C:3581H         LINE#         253
  C:3583H         LINE#         254
  C:3586H         LINE#         255
  C:358AH         LINE#         256
  C:358AH         LINE#         257
  C:358CH         LINE#         258
  C:358EH         LINE#         260
  C:358EH         LINE#         261
  C:3590H         LINE#         263
  C:3590H         LINE#         264
  C:3590H         LINE#         265
  C:3590H         LINE#         266
  C:3593H         LINE#         267
  C:3597H         LINE#         270
  C:35B6H         LINE#         274
  C:35BDH         LINE#         276
  C:35BFH         LINE#         277
  C:35C6H         LINE#         278
  C:35CDH         LINE#         279
  C:35CDH         LINE#         280
  C:35D1H         LINE#         281
  C:35D1H         LINE#         282
  C:35D4H         LINE#         283
  C:35D6H         LINE#         284
  C:35D9H         LINE#         286
  C:35DCH         LINE#         287
  C:35DCH         LINE#         289
  C:35E0H         LINE#         290
  C:35E0H         LINE#         292
  C:35FFH         LINE#         296
  C:3601H         LINE#         297
  C:3604H         LINE#         298
  C:3606H         LINE#         299
  -------         ENDPROC       READ_STATUS_REGISTER_BYTE1
  -------         ENDMOD        AT25SF041

  -------         MODULE        ?C_STARTUP
  C:37D5H         SEGMENT       ?C_C51STARTUP
  I:0022H         SEGMENT       ?STACK
  C:0000H         PUBLIC        ?C_STARTUP
  D:00E0H         SYMBOL        ACC
  D:00F0H         SYMBOL        B
  D:0083H         SYMBOL        DPH
  D:0082H         SYMBOL        DPL
  N:0000H         SYMBOL        IBPSTACK
  N:0100H         SYMBOL        IBPSTACKTOP
  N:0080H         SYMBOL        IDATALEN
  C:37D8H         SYMBOL        IDATALOOP
  N:0000H         SYMBOL        PBPSTACK
  N:0100H         SYMBOL        PBPSTACKTOP
  N:0000H         SYMBOL        PDATALEN
  N:0000H         SYMBOL        PDATASTART
  N:0000H         SYMBOL        PPAGE
  N:0000H         SYMBOL        PPAGEENABLE
  D:00A0H         SYMBOL        PPAGE_SFR
  D:0081H         SYMBOL        SP
  C:37D5H         SYMBOL        STARTUP1
BL51 BANKED LINKER/LOCATER V6.22                                                      02/25/2019  12:37:00  PAGE 43


  N:0000H         SYMBOL        XBPSTACK
  N:0000H         SYMBOL        XBPSTACKTOP
  N:0000H         SYMBOL        XDATALEN
  N:0000H         SYMBOL        XDATASTART
  C:0000H         LINE#         126
  C:37D5H         LINE#         133
  C:37D7H         LINE#         134
  C:37D8H         LINE#         135
  C:37D9H         LINE#         136
  C:37DBH         LINE#         185
  C:37DEH         LINE#         196
  -------         ENDMOD        ?C_STARTUP

  -------         MODULE        ?C?FPADD
  C:0B15H         PUBLIC        ?C?FPADD
  C:0B11H         PUBLIC        ?C?FPSUB
  -------         ENDMOD        ?C?FPADD

  -------         MODULE        ?C?FPMUL
  C:0C06H         PUBLIC        ?C?FPMUL
  -------         ENDMOD        ?C?FPMUL

  -------         MODULE        ?C?FPDIV
  C:0D0FH         PUBLIC        ?C?FPDIV
  -------         ENDMOD        ?C?FPDIV

  -------         MODULE        ?C?FPCMP
  C:0DAEH         PUBLIC        ?C?FPCMP
  C:0DACH         PUBLIC        ?C?FPCMP3
  -------         ENDMOD        ?C?FPCMP

  -------         MODULE        ?C?FPNEG
  C:0E25H         PUBLIC        ?C?FPNEG
  -------         ENDMOD        ?C?FPNEG

  -------         MODULE        ?C?FCAST
  C:0E40H         PUBLIC        ?C?FCASTC
  C:0E3BH         PUBLIC        ?C?FCASTI
  C:0E36H         PUBLIC        ?C?FCASTL
  -------         ENDMOD        ?C?FCAST

  -------         MODULE        ?C?CASTF
  C:0E74H         PUBLIC        ?C?CASTF
  -------         ENDMOD        ?C?CASTF

  -------         MODULE        ATAN2
  X:03E8H         PUBLIC        ?_atan2?BYTE
  C:3607H         PUBLIC        _atan2
  -------         ENDMOD        ATAN2

  -------         MODULE        SIN
  C:2A50H         PUBLIC        _COS
  C:2A66H         PUBLIC        _SIN
  C:2AA2H         PUBLIC        _TAN
  -------         ENDMOD        SIN

  -------         MODULE        ACOS
BL51 BANKED LINKER/LOCATER V6.22                                                      02/25/2019  12:37:00  PAGE 44


  C:3AC6H         PUBLIC        _ACOS
  -------         ENDMOD        ACOS

  -------         MODULE        ASIN
  C:3C1DH         PUBLIC        _ASIN
  -------         ENDMOD        ASIN

  -------         MODULE        SQRT
  C:34BEH         PUBLIC        _SQRT
  -------         ENDMOD        SQRT

  -------         MODULE        ATAN
  C:2D22H         PUBLIC        _ATAN
  -------         ENDMOD        ATAN

  -------         MODULE        ?C?COPY
  C:1012H         PUBLIC        ?C?COPY
  -------         ENDMOD        ?C?COPY

  -------         MODULE        ?C?CLDPTR
  C:1038H         PUBLIC        ?C?CLDPTR
  -------         ENDMOD        ?C?CLDPTR

  -------         MODULE        ?C?CLDOPTR
  C:1051H         PUBLIC        ?C?CLDOPTR
  -------         ENDMOD        ?C?CLDOPTR

  -------         MODULE        ?C?CSTPTR
  C:107EH         PUBLIC        ?C?CSTPTR
  -------         ENDMOD        ?C?CSTPTR

  -------         MODULE        ?C?IMUL
  C:1090H         PUBLIC        ?C?IMUL
  -------         ENDMOD        ?C?IMUL

  -------         MODULE        ?C?UIDIV
  C:10A2H         PUBLIC        ?C?UIDIV
  -------         ENDMOD        ?C?UIDIV

  -------         MODULE        ?C?SIDIV
  C:10F7H         PUBLIC        ?C?SIDIV
  -------         ENDMOD        ?C?SIDIV

  -------         MODULE        ?C?ILDIX
  C:112DH         PUBLIC        ?C?ILDIX
  -------         ENDMOD        ?C?ILDIX

  -------         MODULE        ?C?ILDOPTR
  C:1143H         PUBLIC        ?C?ILDOPTR
  -------         ENDMOD        ?C?ILDOPTR

  -------         MODULE        ?C?LMUL
  C:117BH         PUBLIC        ?C?LMUL
  -------         ENDMOD        ?C?LMUL

  -------         MODULE        ?C?SLDIV
  C:3B59H         PUBLIC        ?C?SLDIV
BL51 BANKED LINKER/LOCATER V6.22                                                      02/25/2019  12:37:00  PAGE 45


  -------         ENDMOD        ?C?SLDIV

  -------         MODULE        ?C?LNEG
  C:11CAH         PUBLIC        ?C?LNEG
  -------         ENDMOD        ?C?LNEG

  -------         MODULE        ?C?ULCMP
  C:11D8H         PUBLIC        ?C?ULCMP
  -------         ENDMOD        ?C?ULCMP

  -------         MODULE        ?C?LSHL
  C:11E9H         PUBLIC        ?C?LSHL
  -------         ENDMOD        ?C?LSHL

  -------         MODULE        ?C?LLDPTR
  C:11FCH         PUBLIC        ?C?LLDPTR
  -------         ENDMOD        ?C?LLDPTR

  -------         MODULE        ?C?LLDOPTR
  C:121CH         PUBLIC        ?C?LLDOPTR
  -------         ENDMOD        ?C?LLDOPTR

  -------         MODULE        ?C?LSTPTR
  C:124CH         PUBLIC        ?C?LSTPTR
  -------         ENDMOD        ?C?LSTPTR

  -------         MODULE        ?C?LSTOPTR
  C:1266H         PUBLIC        ?C?LSTOPTR
  -------         ENDMOD        ?C?LSTOPTR

  -------         MODULE        ?C?LLDXDATA
  C:128AH         PUBLIC        ?C?LLDXDATA
  -------         ENDMOD        ?C?LLDXDATA

  -------         MODULE        ?C?LLDCODE
  C:1296H         PUBLIC        ?C?LLDCODE
  -------         ENDMOD        ?C?LLDCODE

  -------         MODULE        ?C?LLDXDATA0
  C:12A6H         PUBLIC        ?C?LLDXDATA0
  -------         ENDMOD        ?C?LLDXDATA0

  -------         MODULE        ?C?LLDCODE0
  C:12B2H         PUBLIC        ?C?LLDCODE0
  -------         ENDMOD        ?C?LLDCODE0

  -------         MODULE        ?C?LLDPTR0
  C:12C2H         PUBLIC        ?C?LLDPTR0
  -------         ENDMOD        ?C?LLDPTR0

  -------         MODULE        ?C?LSTXDATA
  C:12E2H         PUBLIC        ?C?LSTXDATA
  -------         ENDMOD        ?C?LSTXDATA

  -------         MODULE        ?C?LSTKXDATA
  C:12EEH         PUBLIC        ?C?LSTKXDATA
  -------         ENDMOD        ?C?LSTKXDATA
BL51 BANKED LINKER/LOCATER V6.22                                                      02/25/2019  12:37:00  PAGE 46



  -------         MODULE        ABS
  C:3F45H         PUBLIC        _ABS
  -------         ENDMOD        ABS

  -------         MODULE        ATOI
  C:3102H         PUBLIC        _atoi
  -------         ENDMOD        ATOI

  -------         MODULE        ?C?IILDX
  C:131FH         PUBLIC        ?C?IILDX
  -------         ENDMOD        ?C?IILDX

  -------         MODULE        ?C?ULDIV
  C:1371H         PUBLIC        ?C?ULDIV
  -------         ENDMOD        ?C?ULDIV

  -------         MODULE        ?C?LLDIDATA
  C:1403H         PUBLIC        ?C?LLDIDATA
  -------         ENDMOD        ?C?LLDIDATA

  -------         MODULE        ?C?LLDPDATA
  C:140FH         PUBLIC        ?C?LLDPDATA
  -------         ENDMOD        ?C?LLDPDATA

  -------         MODULE        ?C?LLDIDATA0
  C:141BH         PUBLIC        ?C?LLDIDATA0
  -------         ENDMOD        ?C?LLDIDATA0

  -------         MODULE        ?C?LLDPDATA0
  C:1428H         PUBLIC        ?C?LLDPDATA0
  -------         ENDMOD        ?C?LLDPDATA0

  -------         MODULE        ?C?LSTIDATA
  C:1435H         PUBLIC        ?C?LSTIDATA
  -------         ENDMOD        ?C?LSTIDATA

  -------         MODULE        ?C?LSTPDATA
  C:1441H         PUBLIC        ?C?LSTPDATA
  -------         ENDMOD        ?C?LSTPDATA

  -------         MODULE        ISDIGIT
  C:3F1DH         PUBLIC        _isdigit
  -------         ENDMOD        ISDIGIT

  -------         MODULE        ISSPACE
  C:3EB8H         PUBLIC        _isspace
  -------         ENDMOD        ISSPACE

*** WARNING L16: UNCALLED SEGMENT, IGNORED FOR OVERLAY PROCESS
    SEGMENT: ?PR?_DISPLAY_PROX?MAIN

*** WARNING L16: UNCALLED SEGMENT, IGNORED FOR OVERLAY PROCESS
    SEGMENT: ?PR?_READ_TIME?PCF85063BTL

*** WARNING L16: UNCALLED SEGMENT, IGNORED FOR OVERLAY PROCESS
    SEGMENT: ?PR?_DAY_OF_YEAR?PCF85063BTL
BL51 BANKED LINKER/LOCATER V6.22                                                      02/25/2019  12:37:00  PAGE 47



*** WARNING L16: UNCALLED SEGMENT, IGNORED FOR OVERLAY PROCESS
    SEGMENT: ?PR?INITUART1?UART1

*** WARNING L16: UNCALLED SEGMENT, IGNORED FOR OVERLAY PROCESS
    SEGMENT: ?PR?_SENDSTRING?UART1

*** WARNING L16: UNCALLED SEGMENT, IGNORED FOR OVERLAY PROCESS
    SEGMENT: ?PR?_TEN?UART1

*** WARNING L16: UNCALLED SEGMENT, IGNORED FOR OVERLAY PROCESS
    SEGMENT: ?PR?_UNIT?UART1

*** WARNING L16: UNCALLED SEGMENT, IGNORED FOR OVERLAY PROCESS
    SEGMENT: ?PR?_DECTOBCD?UART1

*** WARNING L16: UNCALLED SEGMENT, IGNORED FOR OVERLAY PROCESS
    SEGMENT: ?PR?_ASCII_LETTER?UART1

*** WARNING L16: UNCALLED SEGMENT, IGNORED FOR OVERLAY PROCESS
    SEGMENT: ?PR?_ASCIITOBCD?UART1

*** WARNING L16: UNCALLED SEGMENT, IGNORED FOR OVERLAY PROCESS
    SEGMENT: ?PR?_DISPLAYLCD?LCD_DRIVER_SPLC780D

*** WARNING L16: UNCALLED SEGMENT, IGNORED FOR OVERLAY PROCESS
    SEGMENT: ?PR?LCD_RETURN_HOME?LCD_DRIVER_SPLC780D

*** WARNING L16: UNCALLED SEGMENT, IGNORED FOR OVERLAY PROCESS
    SEGMENT: ?PR?KEY_PROCESS?KEYPAD

*** WARNING L16: UNCALLED SEGMENT, IGNORED FOR OVERLAY PROCESS
    SEGMENT: ?PR?WAIT?BIPOLARMOTOR

*** WARNING L16: UNCALLED SEGMENT, IGNORED FOR OVERLAY PROCESS
    SEGMENT: ?PR?_FINDDET4X4?BIPOLARMOTOR

*** WARNING L16: UNCALLED SEGMENT, IGNORED FOR OVERLAY PROCESS
    SEGMENT: ?PR?_CALIBRATION?CALIBRATION

*** WARNING L16: UNCALLED SEGMENT, IGNORED FOR OVERLAY PROCESS
    SEGMENT: ?PR?NOP?IOEXPANDER_PI4IOE5V96248

*** WARNING L16: UNCALLED SEGMENT, IGNORED FOR OVERLAY PROCESS
    SEGMENT: ?PR?UC_ACK?IOEXPANDER_PI4IOE5V96248

*** WARNING L16: UNCALLED SEGMENT, IGNORED FOR OVERLAY PROCESS
    SEGMENT: ?PR?UC_NACK?IOEXPANDER_PI4IOE5V96248

*** WARNING L1: UNRESOLVED EXTERNAL SYMBOL
    SYMBOL:  AUTO_MODE
    MODULE:  .\Obj\main.obj (MAIN)

*** WARNING L2: REFERENCE MADE TO UNRESOLVED EXTERNAL
    SYMBOL:  AUTO_MODE
    MODULE:  .\Obj\main.obj (MAIN)
    ADDRESS: 2188H
BL51 BANKED LINKER/LOCATER V6.22                                                      02/25/2019  12:37:00  PAGE 48



*** WARNING L1: UNRESOLVED EXTERNAL SYMBOL
    SYMBOL:  _SENDUART1
    MODULE:  .\Obj\UART1.obj (UART1)

*** WARNING L2: REFERENCE MADE TO UNRESOLVED EXTERNAL
    SYMBOL:  _SENDUART1
    MODULE:  .\Obj\UART1.obj (UART1)
    ADDRESS: 3C86H

*** WARNING L1: UNRESOLVED EXTERNAL SYMBOL
    SYMBOL:  AUTO_MODE
    MODULE:  .\Obj\KeyPad.obj (KEYPAD)

*** WARNING L2: REFERENCE MADE TO UNRESOLVED EXTERNAL
    SYMBOL:  AUTO_MODE
    MODULE:  .\Obj\KeyPad.obj (KEYPAD)
    ADDRESS: 2457H

*** WARNING L2: REFERENCE MADE TO UNRESOLVED EXTERNAL
    SYMBOL:  AUTO_MODE
    MODULE:  .\Obj\KeyPad.obj (KEYPAD)
    ADDRESS: 2462H

*** WARNING L2: REFERENCE MADE TO UNRESOLVED EXTERNAL
    SYMBOL:  AUTO_MODE
    MODULE:  .\Obj\KeyPad.obj (KEYPAD)
    ADDRESS: 2469H

Program Size: data=10.5 xdata=1060 code=16247
LINK/LOCATE RUN COMPLETE.  27 WARNING(S),  0 ERROR(S)
