BL51 BANKED LINKER/LOCATER V6.22                                                        02/28/2019  11:58:45  PAGE 1


BL51 BANKED LINKER/LOCATER V6.22, INVOKED BY:
C:\KEIL_V5\C51\BIN\BL51.EXE .\Obj\main.obj, .\Obj\PCF85063BTL.obj, .\Obj\UART1.obj, .\Obj\LCd_Driver_SPLC780D.obj, .\Obj
>> \KeyPad.obj, .\Obj\BipolarMotor.obj, .\Obj\SunPos.obj, .\Obj\ADC.obj, .\Obj\Calibration.obj, .\Obj\IOExpander_PI4IOE5
>> V96248.obj, .\Obj\AT25SF041.obj, .\Obj\STARTUP.obj TO .\Obj\GPIO_RTC_Test PRINT (.\Lis\GPIO_RTC_Test.m51) RAMSIZE (25
>> 6)


MEMORY MODEL: LARGE WITH FLOATING POINT ARITHMETIC


INPUT MODULES INCLUDED:
  .\Obj\main.obj (MAIN)
  .\Obj\PCF85063BTL.obj (PCF85063BTL)
  .\Obj\UART1.obj (UART1)
  .\Obj\LCd_Driver_SPLC780D.obj (LCD_DRIVER_SPLC780D)
  .\Obj\KeyPad.obj (KEYPAD)
  .\Obj\BipolarMotor.obj (BIPOLARMOTOR)
  .\Obj\SunPos.obj (SUNPOS)
  .\Obj\ADC.obj (ADC)
  .\Obj\Calibration.obj (CALIBRATION)
  .\Obj\IOExpander_PI4IOE5V96248.obj (IOEXPANDER_PI4IOE5V96248)
  .\Obj\AT25SF041.obj (AT25SF041)
  .\Obj\STARTUP.obj (?C_STARTUP)
  C:\KEIL_V5\C51\LIB\C51FPL.LIB (?C?FPADD)
  C:\KEIL_V5\C51\LIB\C51FPL.LIB (?C?FPMUL)
  C:\KEIL_V5\C51\LIB\C51FPL.LIB (?C?FPDIV)
  C:\KEIL_V5\C51\LIB\C51FPL.LIB (?C?FPCMP)
  C:\KEIL_V5\C51\LIB\C51FPL.LIB (?C?FPNEG)
  C:\KEIL_V5\C51\LIB\C51FPL.LIB (?C?FCAST)
  C:\KEIL_V5\C51\LIB\C51FPL.LIB (?C?CASTF)
  C:\KEIL_V5\C51\LIB\C51FPL.LIB (ATAN2)
  C:\KEIL_V5\C51\LIB\C51FPL.LIB (SIN)
  C:\KEIL_V5\C51\LIB\C51FPL.LIB (ACOS)
  C:\KEIL_V5\C51\LIB\C51FPL.LIB (ASIN)
  C:\KEIL_V5\C51\LIB\C51FPL.LIB (?C?FPGETOPN)
  C:\KEIL_V5\C51\LIB\C51FPL.LIB (?C?FPSERIES)
  C:\KEIL_V5\C51\LIB\C51FPL.LIB (SQRT)
  C:\KEIL_V5\C51\LIB\C51FPL.LIB (ATAN)
  C:\KEIL_V5\C51\LIB\C51L.LIB (?C_INIT)
  C:\KEIL_V5\C51\LIB\C51L.LIB (?C?COPY)
  C:\KEIL_V5\C51\LIB\C51L.LIB (?C?CLDPTR)
  C:\KEIL_V5\C51\LIB\C51L.LIB (?C?CLDOPTR)
  C:\KEIL_V5\C51\LIB\C51L.LIB (?C?CSTPTR)
  C:\KEIL_V5\C51\LIB\C51L.LIB (?C?IMUL)
  C:\KEIL_V5\C51\LIB\C51L.LIB (?C?UIDIV)
  C:\KEIL_V5\C51\LIB\C51L.LIB (?C?SIDIV)
  C:\KEIL_V5\C51\LIB\C51L.LIB (?C?ILDIX)
  C:\KEIL_V5\C51\LIB\C51L.LIB (?C?ILDOPTR)
  C:\KEIL_V5\C51\LIB\C51L.LIB (?C?LMUL)
  C:\KEIL_V5\C51\LIB\C51L.LIB (?C?SLDIV)
  C:\KEIL_V5\C51\LIB\C51L.LIB (?C?LNEG)
  C:\KEIL_V5\C51\LIB\C51L.LIB (?C?ULCMP)
  C:\KEIL_V5\C51\LIB\C51L.LIB (?C?LSHL)
  C:\KEIL_V5\C51\LIB\C51L.LIB (?C?LLDPTR)
  C:\KEIL_V5\C51\LIB\C51L.LIB (?C?LLDOPTR)
  C:\KEIL_V5\C51\LIB\C51L.LIB (?C?LSTPTR)
  C:\KEIL_V5\C51\LIB\C51L.LIB (?C?LSTOPTR)
  C:\KEIL_V5\C51\LIB\C51L.LIB (?C?LLDXDATA)
BL51 BANKED LINKER/LOCATER V6.22                                                      02/28/2019  11:58:45  PAGE 2


  C:\KEIL_V5\C51\LIB\C51L.LIB (?C?LLDCODE)
  C:\KEIL_V5\C51\LIB\C51L.LIB (?C?LLDXDATA0)
  C:\KEIL_V5\C51\LIB\C51L.LIB (?C?LLDCODE0)
  C:\KEIL_V5\C51\LIB\C51L.LIB (?C?LLDPTR0)
  C:\KEIL_V5\C51\LIB\C51L.LIB (?C?LSTXDATA)
  C:\KEIL_V5\C51\LIB\C51L.LIB (?C?LSTKXDATA)
  C:\KEIL_V5\C51\LIB\C51L.LIB (ABS)
  C:\KEIL_V5\C51\LIB\C51L.LIB (ATOI)
  C:\KEIL_V5\C51\LIB\C51L.LIB (?C?IILDX)
  C:\KEIL_V5\C51\LIB\C51L.LIB (?C?ULDIV)
  C:\KEIL_V5\C51\LIB\C51L.LIB (?C?LLDIDATA)
  C:\KEIL_V5\C51\LIB\C51L.LIB (?C?LLDPDATA)
  C:\KEIL_V5\C51\LIB\C51L.LIB (?C?LLDIDATA0)
  C:\KEIL_V5\C51\LIB\C51L.LIB (?C?LLDPDATA0)
  C:\KEIL_V5\C51\LIB\C51L.LIB (?C?LSTIDATA)
  C:\KEIL_V5\C51\LIB\C51L.LIB (?C?LSTPDATA)
  C:\KEIL_V5\C51\LIB\C51L.LIB (ISDIGIT)
  C:\KEIL_V5\C51\LIB\C51L.LIB (ISSPACE)


LINK MAP OF MODULE:  .\Obj\GPIO_RTC_Test (MAIN)


            TYPE    BASE      LENGTH    RELOCATION   SEGMENT NAME
            -----------------------------------------------------

            * * * * * * *   D A T A   M E M O R Y   * * * * * * *
            REG     0000H     0008H     ABSOLUTE     "REG BANK 0"
                    0008H     0018H                  *** GAP ***
            BIT     0020H.0   0000H.5   UNIT         ?BI?KEYPAD
            BIT     0020H.5   0000H.2   UNIT         ?BI?ATAN?ATAN
            BIT     0020H.7   0000H.1   UNIT         ?BI?MAIN
            BIT     0021H.0   0000H.1   UNIT         ?BI?VONESTEPMOVE?BIPOLARMOTOR
            BIT     0021H.1   0000H.1   UNIT         ?BI?_STEP_MOVE?BIPOLARMOTOR
            BIT     0021H.2   0000H.1   UNIT         ?BI?_MOVE?BIPOLARMOTOR
            BIT     0021H.3   0000H.1   UNIT         ?BI?SIN?SIN
            BIT     0021H.4   0000H.1   UNIT         ?BI?_ATOI?ATOI
                    0021H.5   0000H.3                *** GAP ***
            IDATA   0022H     0001H     UNIT         ?STACK

            * * * * * * *  X D A T A   M E M O R Y  * * * * * * *
            XDATA   0000H     00D4H     UNIT         ?XD?MAIN
            XDATA   00D4H     00A7H     UNIT         ?XD?BIPOLARMOTOR
            XDATA   017BH     009FH     UNIT         ?XD?_UPDATE_POSITION?BIPOLARMOTOR
            XDATA   021AH     0084H     UNIT         ?XD?_FIND_REAL_MAX?CALIBRATION
            XDATA   029EH     005DH     UNIT         ?XD?SUNPOS?SUNPOS
            XDATA   02FBH     0040H     UNIT         ?XD?_FINDDET4X4?BIPOLARMOTOR
            XDATA   033BH     0027H     UNIT         _XDATA_GROUP_
            XDATA   0362H     0024H     UNIT         ?XD?_FINDDET3X3?BIPOLARMOTOR
            XDATA   0386H     0018H     UNIT         ?XD?VOLTAGE_IS_STABLE?CALIBRATION
            XDATA   039EH     0014H     UNIT         ?XD?LINEAR_INTERPOLATE?BIPOLARMOTOR
            XDATA   03B2H     0014H     UNIT         ?XD?_CALIBRATION?CALIBRATION
            XDATA   03C6H     000FH     UNIT         ?XD?_READ_TIME?PCF85063BTL
            XDATA   03D5H     000AH     UNIT         ?XD?_DISPLAY_POS?MAIN
            XDATA   03DFH     0009H     UNIT         ?XD?KEYPAD
            XDATA   03E8H     0008H     UNIT         ?XD?_AT25SF041_WRITE?AT25SF041
            XDATA   03F0H     0008H     UNIT         ?XD?_ATAN2?ATAN2
BL51 BANKED LINKER/LOCATER V6.22                                                      02/28/2019  11:58:45  PAGE 3


            XDATA   03F8H     0006H     UNIT         ?XD?KEY_PROCESS?KEYPAD
            XDATA   03FEH     0005H     UNIT         ?XD?_ATOI?ATOI
            XDATA   0403H     0004H     UNIT         ?XD?_DISPLAY_PROX?MAIN
            XDATA   0407H     0004H     UNIT         ?XD?_STEP_MOVE?BIPOLARMOTOR
            XDATA   040BH     0004H     UNIT         ?XD?_MOVE?BIPOLARMOTOR
            XDATA   040FH     0004H     UNIT         ?XD?_MAX_VALUE?CALIBRATION
            XDATA   0413H     0004H     UNIT         ?XD?SIN?SIN
            XDATA   0417H     0004H     UNIT         ?XD?SQRT?SQRT
            XDATA   041BH     0004H     UNIT         ?XD?ATAN?ATAN
            XDATA   041FH     0003H     UNIT         ?XD?_SENDSTRING?UART1
            XDATA   0422H     0003H     UNIT         ?XD?KEY_SCAN?KEYPAD
            XDATA   0425H     0003H     UNIT         ?XD?_WRITE_PI4IOE5V96248?IOEXPANDER_PI4IOE5V96248
            XDATA   0428H     0003H     UNIT         ?XD?UCREAD_STATUS_REGISTER_BYTE1?AT25SF041
            XDATA   042BH     0002H     UNIT         ?XD?AT25SF041_CHIPERASE?AT25SF041
            XDATA   042DH     0002H     UNIT         ?XD?AT25SF041_WRITEENABLE?AT25SF041
            XDATA   042FH     0001H     UNIT         ?XD?_DISPLAYLCD?LCD_DRIVER_SPLC780D
            XDATA   0430H     0001H     UNIT         ?XD?I2C_ACK?IOEXPANDER_PI4IOE5V96248
            XDATA   0431H     0001H     UNIT         ?XD?UC_ACK?IOEXPANDER_PI4IOE5V96248
            XDATA   0432H     0001H     UNIT         ?XD?UC_NACK?IOEXPANDER_PI4IOE5V96248

            * * * * * * *   C O D E   M E M O R Y   * * * * * * *
            CODE    0000H     0003H     ABSOLUTE     
            CODE    0003H     0008H     UNIT         ?PR?UART?MAIN
            CODE    000BH     0003H     ABSOLUTE     
            CODE    000EH     0015H     UNIT         ?PR?_DISPLAY_LINE?LCD_DRIVER_SPLC780D
            CODE    0023H     0003H     ABSOLUTE     
            CODE    0026H     0B00H     UNIT         ?PR?_UPDATE_POSITION?BIPOLARMOTOR
            CODE    0B26H     093FH     UNIT         ?C?LIB_CODE
            CODE    1465H     07A2H     UNIT         ?PR?SUNPOS?SUNPOS
            CODE    1C07H     02C0H     UNIT         ?PR?_FINDDET4X4?BIPOLARMOTOR
            CODE    1EC7H     02B1H     UNIT         ?PR?_FIND_REAL_MAX?CALIBRATION
            CODE    2178H     02A0H     UNIT         ?PR?KEY_PROCESS?KEYPAD
            CODE    2418H     01D1H     UNIT         ?PR?_FINDDET3X3?BIPOLARMOTOR
            CODE    25E9H     018DH     UNIT         ?PR?KEY_SCAN?KEYPAD
            CODE    2776H     0188H     UNIT         ?PR?SIN?SIN
            CODE    28FEH     0172H     UNIT         ?PR?_DISPLAY_POS?MAIN
            CODE    2A70H     0122H     UNIT         ?PR?ATAN?ATAN
            CODE    2B92H     0109H     UNIT         ?PR?_AT25SF041_READ?AT25SF041
            CODE    2C9BH     00F7H     UNIT         ?PR?_AT25SF041_WRITE?AT25SF041
            CODE    2D92H     00E4H     UNIT         ?PR?_CALIBRATION?CALIBRATION
            CODE    2E76H     00DBH     UNIT         ?PR?_ATOI?ATOI
            CODE    2F51H     00C4H     UNIT         ?PR?MAIN?MAIN
            CODE    3015H     00C3H     UNIT         ?PR?LINEAR_INTERPOLATE?BIPOLARMOTOR
            CODE    30D8H     00BBH     UNIT         ?PR?VOLTAGE_IS_STABLE?CALIBRATION
            CODE    3193H     00B2H     UNIT         ?C_INITSEG
            CODE    3245H     00ADH     UNIT         ?PR?_WRITE_PI4IOE5V96248?IOEXPANDER_PI4IOE5V96248
            CODE    32F2H     00ACH     UNIT         ?PR?SQRT?SQRT
            CODE    339EH     00A1H     UNIT         ?PR?UCREAD_STATUS_REGISTER_BYTE1?AT25SF041
            CODE    343FH     009DH     UNIT         ?PR?_ATAN2?ATAN2
            CODE    34DCH     009CH     UNIT         ?PR?_MAX_VALUE?CALIBRATION
            CODE    3578H     0095H     UNIT         ?PR?_DISPLAY_PROX?MAIN
            CODE    360DH     008CH     UNIT         ?C_C51STARTUP
            CODE    3699H     0084H     UNIT         ?PR?_DAY_OF_YEAR?PCF85063BTL
            CODE    371DH     0075H     UNIT         ?PR?_WRITEDATA?LCD_DRIVER_SPLC780D
            CODE    3792H     006FH     UNIT         ?PR?_READ_TIME?PCF85063BTL
            CODE    3801H     005AH     UNIT         ?PR?AT25SF041_CHIPERASE?AT25SF041
            CODE    385BH     0059H     UNIT         ?PR?LCD_INIT?LCD_DRIVER_SPLC780D
BL51 BANKED LINKER/LOCATER V6.22                                                      02/28/2019  11:58:45  PAGE 4


            CODE    38B4H     004AH     UNIT         ?PR?VONESTEPMOVE?BIPOLARMOTOR
            CODE    38FEH     004AH     UNIT         ?PR?ACOS?ACOS
            CODE    3948H     0049H     UNIT         ?PR?AT25SF041_WRITEENABLE?AT25SF041
            CODE    3991H     0044H     UNIT         ?C?LDIV
            CODE    39D5H     0040H     UNIT         ?PR?_COMMAND?LCD_DRIVER_SPLC780D
            CODE    3A15H     0040H     UNIT         ?PR?_STEP_MOVE?BIPOLARMOTOR
            CODE    3A55H     003BH     UNIT         ?PR?ASIN?ASIN
            CODE    3A90H     0033H     UNIT         ?PR?_SENDSTRING?UART1
            CODE    3AC3H     002CH     UNIT         ?PR?_ADC_GETRESULT?ADC
            CODE    3AEFH     002BH     UNIT         ?PR?_WAIT_MS_I2C?IOEXPANDER_PI4IOE5V96248
            CODE    3B1AH     002BH     UNIT         ?PR?_WAIT_MS_SPINOR?AT25SF041
            CODE    3B45H     0028H     UNIT         ?PR?_MOVE?BIPOLARMOTOR
            CODE    3B6DH     0027H     UNIT         ?PR?_I2C_SENDBYTE?IOEXPANDER_PI4IOE5V96248
            CODE    3B94H     0024H     UNIT         ?PR?_WAIT_MS?LCD_DRIVER_SPLC780D
            CODE    3BB8H     0020H     UNIT         ?PR?_SPI_SENDBYTE?PCF85063BTL
            CODE    3BD8H     0020H     UNIT         ?PR?SPI_RECEIVEBYTE?PCF85063BTL
            CODE    3BF8H     001FH     UNIT         ?PR?ADC_INIT?ADC
            CODE    3C17H     001EH     UNIT         ?PR?_DELAY_MS?KEYPAD
            CODE    3C35H     001DH     UNIT         ?PR?_DISPLAYLCD?LCD_DRIVER_SPLC780D
            CODE    3C52H     001BH     UNIT         ?PR?_BCDTODEC1?BIPOLARMOTOR
            CODE    3C6DH     0018H     UNIT         ?PR?_SPI_WRITETIME?PCF85063BTL
            CODE    3C85H     0017H     UNIT         ?PR?_ASCIITOBCD?UART1
            CODE    3C9CH     0016H     UNIT         ?PR?I2C_ACK?IOEXPANDER_PI4IOE5V96248
            CODE    3CB2H     0015H     UNIT         ?PR?I2C_STOP?IOEXPANDER_PI4IOE5V96248
            CODE    3CC7H     0014H     UNIT         ?PR?_PCF85063BTL_DELAY?PCF85063BTL
            CODE    3CDBH     0014H     UNIT         ?PR?_ISSPACE?ISSPACE
            CODE    3CEFH     0011H     UNIT         ?PR?_SPI_READTIME?PCF85063BTL
            CODE    3D00H     0011H     UNIT         ?PR?_BCDTODEC?PCF85063BTL
            CODE    3D11H     0011H     UNIT         ?PR?INITUART1?UART1
            CODE    3D22H     000FH     UNIT         ?PR?I2C_START?IOEXPANDER_PI4IOE5V96248
            CODE    3D31H     000FH     UNIT         ?PR?UC_NACK?IOEXPANDER_PI4IOE5V96248
            CODE    3D40H     000FH     UNIT         ?PR?_ISDIGIT?ISDIGIT
            CODE    3D4FH     000DH     UNIT         ?PR?SPI_INIT?PCF85063BTL
            CODE    3D5CH     000CH     UNIT         ?PR?KEYPAD_IO_INIT?KEYPAD
            CODE    3D68H     000CH     UNIT         ?PR?_ABS?ABS
            CODE    3D74H     000AH     UNIT         ?PR?LCD_RETURN_HOME?LCD_DRIVER_SPLC780D
            CODE    3D7EH     000AH     UNIT         ?PR?LCD_CLEAR?LCD_DRIVER_SPLC780D
            CODE    3D88H     0009H     UNIT         ?PR?_SENDUART1?MAIN
            CODE    3D91H     0006H     UNIT         ?PR?_TEN?UART1
            CODE    3D97H     0006H     UNIT         ?PR?UC_ACK?IOEXPANDER_PI4IOE5V96248
            CODE    3D9DH     0005H     UNIT         ?PR?_UNIT?UART1
            CODE    3DA2H     0005H     UNIT         ?PR?_ASCII_LETTER?UART1
            CODE    3DA7H     0001H     UNIT         ?PR?TM0_ISR?MAIN
            CODE    3DA8H     0001H     UNIT         ?PR?_DECTOBCD?UART1
            CODE    3DA9H     0001H     UNIT         ?PR?WAIT?BIPOLARMOTOR
            CODE    3DAAH     0001H     UNIT         ?PR?NOP?IOEXPANDER_PI4IOE5V96248



OVERLAY MAP OF MODULE:   .\Obj\GPIO_RTC_Test (MAIN)


SEGMENT                                            XDATA_GROUP
  +--> CALLED SEGMENT                            START    LENGTH
----------------------------------------------------------------
?C_C51STARTUP                                    -----    -----
  +--> ?PR?MAIN?MAIN
BL51 BANKED LINKER/LOCATER V6.22                                                      02/28/2019  11:58:45  PAGE 5


  +--> ?C_INITSEG

?PR?MAIN?MAIN                                    033BH    001FH
  +--> ?PR?LCD_INIT?LCD_DRIVER_SPLC780D
  +--> ?PR?SPI_INIT?PCF85063BTL
  +--> ?PR?KEYPAD_IO_INIT?KEYPAD
  +--> ?PR?INITUART1?UART1
  +--> ?PR?ADC_INIT?ADC
  +--> ?PR?_SPI_WRITETIME?PCF85063BTL
  +--> ?PR?_DELAY_MS?KEYPAD
  +--> ?PR?_WAIT_MS_SPINOR?AT25SF041
  +--> ?PR?_AT25SF041_READ?AT25SF041
  +--> ?PR?_WRITEDATA?LCD_DRIVER_SPLC780D
  +--> ?PR?_SENDUART1?MAIN

?PR?LCD_INIT?LCD_DRIVER_SPLC780D                 -----    -----
  +--> ?PR?_WAIT_MS?LCD_DRIVER_SPLC780D
  +--> ?PR?_COMMAND?LCD_DRIVER_SPLC780D

?PR?_COMMAND?LCD_DRIVER_SPLC780D                 -----    -----
  +--> ?PR?_WAIT_MS?LCD_DRIVER_SPLC780D

?PR?ADC_INIT?ADC                                 -----    -----
  +--> ?PR?_WAIT_MS?LCD_DRIVER_SPLC780D

?PR?_SPI_WRITETIME?PCF85063BTL                   -----    -----
  +--> ?PR?_SPI_SENDBYTE?PCF85063BTL

?PR?_SPI_SENDBYTE?PCF85063BTL                    -----    -----
  +--> ?PR?_PCF85063BTL_DELAY?PCF85063BTL

?PR?_AT25SF041_READ?AT25SF041                    035AH    0008H
  +--> ?PR?_WAIT_MS_SPINOR?AT25SF041

?PR?_WRITEDATA?LCD_DRIVER_SPLC780D               035AH    0001H
  +--> ?PR?_WAIT_MS?LCD_DRIVER_SPLC780D



UNRESOLVED EXTERNAL SYMBOLS:
   AUTO_MODE



SYMBOL TABLE OF MODULE:  .\Obj\GPIO_RTC_Test (MAIN)

  VALUE           TYPE          NAME
  ----------------------------------

  -------         MODULE        MAIN
  C:0000H         SYMBOL        _ICE_DUMMY_
  X:0008H         PUBLIC        calib_value
  D:0080H         PUBLIC        P0
  D:00B2H         PUBLIC        P3M0
  D:0090H         PUBLIC        P1
  D:00B1H         PUBLIC        P3M1
  D:00A0H         PUBLIC        P2
BL51 BANKED LINKER/LOCATER V6.22                                                      02/28/2019  11:58:45  PAGE 6


  D:00B0H         PUBLIC        P3
  D:00C0H         PUBLIC        P4
  D:00C8H         PUBLIC        P5
  X:005CH         SYMBOL        PressedKey
  B:00A8H.7       PUBLIC        EA
  D:00E8H         PUBLIC        P6
  X:0060H         PUBLIC        calib_stamp
  D:00F8H         PUBLIC        P7
  X:0061H         PUBLIC        RX_Data_Uart_Cnt
  D:00A8H         PUBLIC        IE
  X:0063H         PUBLIC        calib_time
  D:00B8H         PUBLIC        IP
  B:0098H.0       PUBLIC        RI
  X:00B7H         PUBLIC        months
  B:0098H.1       PUBLIC        TI
  C:0003H         PUBLIC        Uart
  B:00C0H.1       PUBLIC        AT25SF041_CS
  D:00D8H         PUBLIC        CCON
  C:2F51H         PUBLIC        main
  X:00B8H         PUBLIC        count
  D:0099H         PUBLIC        SBUF
  X:00BAH         PUBLIC        days
  X:00BBH         PUBLIC        hours
  D:0098H         PUBLIC        SCON
  D:0089H         PUBLIC        TMOD
  D:0088H         PUBLIC        TCON
  X:00BCH         SYMBOL        KeyCount
  X:00BEH         PUBLIC        mins
  X:00BFH         PUBLIC        Rec_data_hour
  X:00C2H         PUBLIC        Rec_data_min
  D:008EH         PUBLIC        AUXR
  C:3DA7H         PUBLIC        tm0_isr
  B:0020H.7       PUBLIC        busy
  D:00E0H         PUBLIC        ACC
  B:00A8H.1       PUBLIC        ET0
  D:008CH         PUBLIC        TH0
  X:00C5H         PUBLIC        hour_count
  D:008AH         PUBLIC        TL0
  X:00C6H         PUBLIC        min_count
  B:0088H.4       PUBLIC        TR0
  X:00C7H         SYMBOL        KeyNum
  X:00C8H         SYMBOL        KeyNum_Old
  X:00C9H         PUBLIC        current_position
  X:00CDH         PUBLIC        hours1
  X:00CEH         PUBLIC        hours2
  C:3578H         PUBLIC        _Display_Prox
  X:00CFH         PUBLIC        mins1
  X:00D0H         PUBLIC        mins2
  C:28FEH         PUBLIC        _Display_Pos
  X:00D1H         PUBLIC        seconds
  X:00D2H         PUBLIC        st_time
  D:00D0H         PUBLIC        PSW
  C:3D88H         PUBLIC        _SendUART1
  -------         PROC          TM0_ISR
  C:3DA7H         LINE#         86
  C:3DA7H         LINE#         88
  -------         ENDPROC       TM0_ISR
BL51 BANKED LINKER/LOCATER V6.22                                                      02/28/2019  11:58:45  PAGE 7


  -------         PROC          MAIN
  -------         DO            
  X:033BH         SYMBOL        sunlight_ADC
  X:033DH         SYMBOL        address
  X:0000H         SYMBOL        KeyCount
  X:0002H         SYMBOL        KeyNum_Old
  X:0003H         SYMBOL        KeyNum
  X:0004H         SYMBOL        PressedKey
  X:0341H         SYMBOL        prox_flag
  X:0342H         SYMBOL        SPI_NOR_DATA
  X:0343H         SYMBOL        error
  X:0344H         SYMBOL        iUse_prevday_calib_value
  X:0346H         SYMBOL        calib_point1
  X:034EH         SYMBOL        calib_point2
  X:0356H         SYMBOL        calib_day
  X:0358H         SYMBOL        calib_count
  -------         ENDDO         
  C:2F51H         LINE#         90
  C:2F51H         LINE#         91
  C:2F51H         LINE#         94
  C:2F5BH         LINE#         97
  C:2F66H         LINE#         98
  C:2F6AH         LINE#         101
  C:2F70H         LINE#         106
  C:2F72H         LINE#         107
  C:2F74H         LINE#         108
  C:2F76H         LINE#         109
  C:2F78H         LINE#         111
  C:2F7EH         LINE#         120
  C:2F80H         LINE#         121
  C:2F83H         LINE#         122
  C:2F86H         LINE#         123
  C:2F89H         LINE#         124
  C:2F8CH         LINE#         125
  C:2F8FH         LINE#         126
  C:2F92H         LINE#         129
  C:2F95H         LINE#         131
  C:2F98H         LINE#         132
  C:2F9BH         LINE#         133
  C:2F9EH         LINE#         134
  C:2FA0H         LINE#         135
  C:2FA2H         LINE#         136
  C:2FA4H         LINE#         138
  C:2FA6H         LINE#         139
  C:2FADH         LINE#         140
  C:2FB4H         LINE#         141
  C:2FBBH         LINE#         142
  C:2FC2H         LINE#         144
  C:2FCCH         LINE#         145
  C:2FCCH         LINE#         146
  C:2FCCH         LINE#         147
  C:2FD3H         LINE#         148
  C:2FD5H         LINE#         149
  C:2FDCH         LINE#         152
  C:2FF0H         LINE#         153
  C:2FF7H         LINE#         154
  C:2FFEH         LINE#         155
BL51 BANKED LINKER/LOCATER V6.22                                                      02/28/2019  11:58:45  PAGE 8


  C:2FFEH         LINE#         156
  C:3003H         LINE#         157
  C:3003H         LINE#         158
  C:300BH         LINE#         159
  C:3013H         LINE#         160
  -------         ENDPROC       MAIN
  -------         PROC          UART
  C:0003H         LINE#         171
  C:0003H         LINE#         173
  C:0003H         LINE#         174
  C:0003H         LINE#         198
  C:0003H         LINE#         199
  C:0006H         LINE#         200
  C:0006H         LINE#         201
  C:0008H         LINE#         202
  C:000AH         LINE#         204
  C:000AH         LINE#         205
  -------         ENDPROC       UART
  -------         PROC          _SENDUART1
  D:0007H         SYMBOL        dat
  C:3D88H         LINE#         233
  C:3D88H         LINE#         234
  C:3D88H         LINE#         235
  C:3D8BH         LINE#         236
  C:3D8DH         LINE#         237
  C:3D8EH         LINE#         238
  C:3D90H         LINE#         239
  -------         ENDPROC       _SENDUART1
  -------         PROC          _DISPLAY_PROX
  D:0002H         SYMBOL        dat
  -------         DO            
  X:0403H         SYMBOL        unit
  X:0404H         SYMBOL        ten
  X:0405H         SYMBOL        hundred
  X:0406H         SYMBOL        thousand
  -------         ENDDO         
  C:3578H         LINE#         244
  C:357CH         LINE#         245
  C:357CH         LINE#         247
  C:3588H         LINE#         248
  C:3598H         LINE#         249
  C:35B4H         LINE#         250
  C:35E4H         LINE#         251
  C:35EEH         LINE#         252
  C:35F8H         LINE#         253
  C:3602H         LINE#         254
  C:360CH         LINE#         256
  -------         ENDPROC       _DISPLAY_PROX
  -------         PROC          _DISPLAY_POS
  X:03D5H         SYMBOL        sign_dat
  -------         DO            
  X:03D9H         SYMBOL        unit
  X:03DAH         SYMBOL        ten
  X:03DBH         SYMBOL        hundred
  D:0003H         SYMBOL        thousand
  X:03DCH         SYMBOL        after_dot
  X:03DDH         SYMBOL        dat
BL51 BANKED LINKER/LOCATER V6.22                                                      02/28/2019  11:58:45  PAGE 9


  -------         ENDDO         
  C:28FEH         LINE#         259
  C:2904H         LINE#         260
  C:2904H         LINE#         264
  C:2920H         LINE#         265
  C:293AH         LINE#         266
  C:295EH         LINE#         268
  C:29A8H         LINE#         270
  C:29BFH         LINE#         271
  C:29CCH         LINE#         272
  C:29EEH         LINE#         273
  C:2A23H         LINE#         274
  C:2A3BH         LINE#         275
  C:2A3BH         LINE#         277
  C:2A3BH         LINE#         278
  C:2A3BH         LINE#         279
  C:2A3BH         LINE#         280
  C:2A3BH         LINE#         281
  C:2A3BH         LINE#         285
  C:2A3DH         LINE#         287
  C:2A3DH         LINE#         289
  C:2A42H         LINE#         290
  C:2A4CH         LINE#         291
  C:2A56H         LINE#         292
  C:2A60H         LINE#         293
  C:2A65H         LINE#         294
  C:2A6FH         LINE#         298
  C:2A6FH         LINE#         300
  -------         ENDPROC       _DISPLAY_POS
  -------         ENDMOD        MAIN

  -------         MODULE        PCF85063BTL
  C:0000H         SYMBOL        _ICE_DUMMY_
  D:0096H         PUBLIC        P2M0
  D:0080H         PUBLIC        P0
  D:0095H         PUBLIC        P2M1
  D:0090H         PUBLIC        P1
  D:00A0H         PUBLIC        P2
  D:00B0H         PUBLIC        P3
  D:00C0H         PUBLIC        P4
  D:00C8H         PUBLIC        P5
  D:00E8H         PUBLIC        P6
  B:00A0H.1       PUBLIC        PCF85063BTL_SDI
  D:00F8H         PUBLIC        P7
  B:00A0H.2       PUBLIC        PCF85063BTL_SCK
  B:00A0H.1       PUBLIC        PCF85063BTL_SDO
  D:00A8H         PUBLIC        IE
  C:3792H         PUBLIC        _Read_time
  C:3CCDH         PUBLIC        _PCF85063BTL_Delay
  D:00B8H         PUBLIC        IP
  D:00D8H         PUBLIC        CCON
  C:3699H         PUBLIC        _Day_Of_Year
  C:3BD8H         PUBLIC        SPI_ReceiveByte
  D:0098H         PUBLIC        SCON
  D:0088H         PUBLIC        TCON
  C:3D00H         PUBLIC        _BCDtoDec
  B:00A0H.0       PUBLIC        PCF85063BTL_CS
BL51 BANKED LINKER/LOCATER V6.22                                                      02/28/2019  11:58:45  PAGE 10


  C:3CEFH         PUBLIC        _SPI_ReadTime
  C:3D4FH         PUBLIC        SPI_Init
  C:3C6DH         PUBLIC        _SPI_WriteTime
  C:3BB8H         PUBLIC        _SPI_SendByte
  D:00D0H         PUBLIC        PSW
  C:3CC9H         SYMBOL        L?0047
  -------         PROC          L?0046
  -------         ENDPROC       L?0046
  C:3CC9H         SYMBOL        L?0047
  -------         PROC          _PCF85063BTL_DELAY
  D:0006H         SYMBOL        us
  C:3CCDH         LINE#         8
  C:3CCDH         LINE#         9
  C:3CCDH         LINE#         10
  C:3CD7H         LINE#         11
  C:3CD7H         LINE#         12
  C:3CD8H         LINE#         13
  C:3CDAH         LINE#         14
  -------         ENDPROC       _PCF85063BTL_DELAY
  -------         PROC          _SPI_SENDBYTE
  D:0005H         SYMBOL        dat
  -------         DO            
  D:0003H         SYMBOL        i
  -------         ENDDO         
  C:3BB8H         LINE#         17
  C:3BBAH         LINE#         18
  C:3BBAH         LINE#         20
  C:3BBCH         LINE#         21
  C:3BBCH         LINE#         22
  C:3BBEH         LINE#         23
  C:3BC2H         LINE#         24
  C:3BC2H         LINE#         25
  C:3BC4H         LINE#         26
  C:3BC6H         LINE#         28
  C:3BC6H         LINE#         29
  C:3BC8H         LINE#         30
  C:3BC8H         LINE#         31
  C:3BCBH         LINE#         32
  C:3BCBH         LINE#         33
  C:3BCEH         LINE#         34
  C:3BD2H         LINE#         35
  C:3BD7H         LINE#         36
  -------         ENDPROC       _SPI_SENDBYTE
  -------         PROC          SPI_RECEIVEBYTE
  -------         DO            
  D:0003H         SYMBOL        i
  D:0005H         SYMBOL        dat
  -------         ENDDO         
  C:3BD8H         LINE#         39
  C:3BD8H         LINE#         40
  C:3BD8H         LINE#         42
  C:3BDAH         LINE#         44
  C:3BDCH         LINE#         45
  C:3BDDH         LINE#         46
  C:3BDDH         LINE#         47
  C:3BE1H         LINE#         48
  C:3BE3H         LINE#         49
BL51 BANKED LINKER/LOCATER V6.22                                                      02/28/2019  11:58:45  PAGE 11


  C:3BE6H         LINE#         51
  C:3BE9H         LINE#         52
  C:3BE9H         LINE#         53
  C:3BEDH         LINE#         54
  C:3BEDH         LINE#         55
  C:3BEDH         LINE#         56
  C:3BF0H         LINE#         57
  C:3BF5H         LINE#         58
  C:3BF7H         LINE#         59
  -------         ENDPROC       SPI_RECEIVEBYTE
  -------         PROC          _SPI_READTIME
  D:0007H         SYMBOL        addr
  -------         DO            
  D:0006H         SYMBOL        dat
  -------         ENDDO         
  C:3CEFH         LINE#         61
  C:3CEFH         LINE#         62
  C:3CEFH         LINE#         64
  C:3CF1H         LINE#         65
  C:3CF3H         LINE#         66
  C:3CFAH         LINE#         67
  C:3CFDH         LINE#         68
  C:3CFFH         LINE#         69
  C:3CFFH         LINE#         70
  -------         ENDPROC       _SPI_READTIME
  -------         PROC          _SPI_WRITETIME
  D:0002H         SYMBOL        val
  D:0005H         SYMBOL        addr
  C:3C6DH         LINE#         71
  C:3C6FH         LINE#         72
  C:3C6FH         LINE#         74
  C:3C71H         LINE#         75
  C:3C78H         LINE#         76
  C:3C7DH         LINE#         77
  C:3C82H         LINE#         78
  C:3C84H         LINE#         79
  -------         ENDPROC       _SPI_WRITETIME
  -------         PROC          SPI_INIT
  C:3D4FH         LINE#         83
  C:3D4FH         LINE#         84
  C:3D4FH         LINE#         89
  C:3D52H         LINE#         90
  C:3D55H         LINE#         91
  C:3D57H         LINE#         92
  C:3D59H         LINE#         93
  C:3D5BH         LINE#         94
  -------         ENDPROC       SPI_INIT
  -------         PROC          _READ_TIME
  X:03C6H         SYMBOL        months
  X:03C9H         SYMBOL        days
  X:03CCH         SYMBOL        hours
  X:03CFH         SYMBOL        mins
  X:03D2H         SYMBOL        seconds
  C:3792H         LINE#         96
  C:379DH         LINE#         97
  C:379DH         LINE#         99
  C:37B1H         LINE#         101
BL51 BANKED LINKER/LOCATER V6.22                                                      02/28/2019  11:58:45  PAGE 12


  C:37C5H         LINE#         103
  C:37D9H         LINE#         108
  C:37EDH         LINE#         113
  -------         ENDPROC       _READ_TIME
  -------         PROC          _BCDTODEC
  D:0007H         SYMBOL        bcd
  -------         DO            
  D:0006H         SYMBOL        hi
  D:0007H         SYMBOL        lo
  -------         ENDDO         
  C:3D00H         LINE#         119
  C:3D00H         LINE#         120
  C:3D00H         LINE#         122
  C:3D05H         LINE#         123
  C:3D09H         LINE#         124
  C:3D10H         LINE#         125
  -------         ENDPROC       _BCDTODEC
  -------         PROC          _DAY_OF_YEAR
  D:0007H         SYMBOL        months_bcd
  D:0005H         SYMBOL        days_bcd
  -------         DO            
  D:0004H         SYMBOL        months
  D:0007H         SYMBOL        days
  -------         ENDDO         
  C:3699H         LINE#         126
  C:3699H         LINE#         127
  C:3699H         LINE#         130
  C:369EH         LINE#         132
  C:36A3H         LINE#         134
  C:36DCH         LINE#         135
  C:36DCH         LINE#         136
  C:36DCH         LINE#         137
  C:36DFH         LINE#         138
  C:36DFH         LINE#         139
  C:36DFH         LINE#         140
  C:36E4H         LINE#         141
  C:36E4H         LINE#         142
  C:36E4H         LINE#         143
  C:36E9H         LINE#         144
  C:36E9H         LINE#         145
  C:36E9H         LINE#         146
  C:36EEH         LINE#         147
  C:36EEH         LINE#         148
  C:36EEH         LINE#         149
  C:36F3H         LINE#         150
  C:36F3H         LINE#         151
  C:36F3H         LINE#         152
  C:36F8H         LINE#         153
  C:36F8H         LINE#         154
  C:36F8H         LINE#         155
  C:36FDH         LINE#         156
  C:36FDH         LINE#         157
  C:36FDH         LINE#         158
  C:3702H         LINE#         159
  C:3702H         LINE#         160
  C:3702H         LINE#         161
  C:370AH         LINE#         162
BL51 BANKED LINKER/LOCATER V6.22                                                      02/28/2019  11:58:45  PAGE 13


  C:370AH         LINE#         163
  C:370AH         LINE#         164
  C:370FH         LINE#         165
  C:370FH         LINE#         166
  C:370FH         LINE#         167
  C:3714H         LINE#         168
  C:3714H         LINE#         169
  C:3714H         LINE#         170
  C:371CH         LINE#         171
  C:371CH         LINE#         172
  C:371CH         LINE#         173
  -------         ENDPROC       _DAY_OF_YEAR
  -------         ENDMOD        PCF85063BTL

  -------         MODULE        UART1
  C:0000H         SYMBOL        _ICE_DUMMY_
  D:0080H         PUBLIC        P0
  D:0090H         PUBLIC        P1
  D:00A0H         PUBLIC        P2
  D:00B0H         PUBLIC        P3
  D:00C0H         PUBLIC        P4
  D:00C8H         PUBLIC        P5
  B:00A8H.7       PUBLIC        EA
  D:00E8H         PUBLIC        P6
  D:00F8H         PUBLIC        P7
  C:3A90H         PUBLIC        _SendString
  D:00A8H         PUBLIC        IE
  B:00A8H.4       PUBLIC        ES
  D:00B8H         PUBLIC        IP
  C:3C85H         PUBLIC        _ASCIItoBCD
  D:00D8H         PUBLIC        CCON
  C:3D11H         PUBLIC        initUART1
  D:0098H         PUBLIC        SCON
  D:0088H         PUBLIC        TCON
  C:3DA8H         PUBLIC        _DectoBCD
  C:3DA2H         PUBLIC        _ASCII_Letter
  D:008EH         PUBLIC        AUXR
  C:3D9DH         PUBLIC        _unit
  C:3D91H         PUBLIC        _ten
  D:00D6H         PUBLIC        T2H
  D:00D7H         PUBLIC        T2L
  D:00D0H         PUBLIC        PSW
  -------         PROC          INITUART1
  C:3D11H         LINE#         21
  C:3D11H         LINE#         22
  C:3D11H         LINE#         23
  C:3D14H         LINE#         24
  C:3D17H         LINE#         25
  C:3D1AH         LINE#         26
  C:3D1DH         LINE#         27
  C:3D1FH         LINE#         28
  C:3D21H         LINE#         30
  -------         ENDPROC       INITUART1
  -------         PROC          _SENDSTRING
  X:041FH         SYMBOL        s
  C:3A90H         LINE#         35
  C:3A9BH         LINE#         36
BL51 BANKED LINKER/LOCATER V6.22                                                      02/28/2019  11:58:45  PAGE 14


  C:3A9BH         LINE#         37
  C:3AABH         LINE#         38
  C:3AABH         LINE#         39
  C:3AC0H         LINE#         40
  C:3AC2H         LINE#         41
  -------         ENDPROC       _SENDSTRING
  -------         PROC          _TEN
  D:0007H         SYMBOL        BCD
  C:3D91H         LINE#         43
  C:3D91H         LINE#         44
  C:3D91H         LINE#         45
  C:3D96H         LINE#         46
  -------         ENDPROC       _TEN
  -------         PROC          _UNIT
  D:0007H         SYMBOL        BCD
  C:3D9DH         LINE#         47
  C:3D9DH         LINE#         48
  C:3D9DH         LINE#         52
  C:3DA1H         LINE#         53
  -------         ENDPROC       _UNIT
  -------         PROC          _DECTOBCD
  D:0007H         SYMBOL        dec
  C:3DA8H         LINE#         54
  C:3DA8H         LINE#         55
  C:3DA8H         LINE#         57
  C:3DA8H         LINE#         58
  -------         ENDPROC       _DECTOBCD
  -------         PROC          _ASCII_LETTER
  D:0007H         SYMBOL        dat
  C:3DA2H         LINE#         60
  C:3DA2H         LINE#         61
  C:3DA2H         LINE#         63
  C:3DA6H         LINE#         64
  -------         ENDPROC       _ASCII_LETTER
  -------         PROC          _ASCIITOBCD
  D:0001H         SYMBOL        ascii
  -------         DO            
  D:0007H         SYMBOL        dec_val
  D:0006H         SYMBOL        ten
  D:0007H         SYMBOL        unit
  -------         ENDDO         
  C:3C85H         LINE#         66
  C:3C85H         LINE#         67
  C:3C85H         LINE#         69
  C:3C88H         LINE#         70
  C:3C8EH         LINE#         71
  C:3C95H         LINE#         72
  C:3C9BH         LINE#         74
  -------         ENDPROC       _ASCIITOBCD
  -------         ENDMOD        UART1

  -------         MODULE        LCD_DRIVER_SPLC780D
  C:0000H         SYMBOL        _ICE_DUMMY_
  D:0092H         PUBLIC        P1M0
  D:0091H         PUBLIC        P1M1
  D:0080H         PUBLIC        P0
  D:0090H         PUBLIC        P1
BL51 BANKED LINKER/LOCATER V6.22                                                      02/28/2019  11:58:45  PAGE 15


  D:00A0H         PUBLIC        P2
  D:00B0H         PUBLIC        P3
  D:00C0H         PUBLIC        P4
  D:00C8H         PUBLIC        P5
  D:00E8H         PUBLIC        P6
  D:00F8H         PUBLIC        P7
  C:371DH         PUBLIC        _WriteData
  D:00A8H         PUBLIC        IE
  D:00B8H         PUBLIC        IP
  D:00D8H         PUBLIC        CCON
  B:00B0H.4       PUBLIC        LCD_D4
  B:00B0H.5       PUBLIC        LCD_D5
  B:00B0H.6       PUBLIC        LCD_D6
  C:3C35H         PUBLIC        _DisplayLCD
  B:00B0H.7       PUBLIC        LCD_D7
  D:0098H         PUBLIC        SCON
  D:0088H         PUBLIC        TCON
  C:3D7EH         PUBLIC        LCD_clear
  C:39D5H         PUBLIC        _Command
  C:000EH         PUBLIC        _Display_Line
  C:385BH         PUBLIC        LCD_Init
  C:3B9AH         PUBLIC        _Wait_ms
  B:00C0H.0       PUBLIC        LCD_RS
  B:00B0H.2       PUBLIC        LCD_RW
  C:3D74H         PUBLIC        LCD_return_home
  B:00B0H.3       PUBLIC        LCD_E
  D:00D0H         PUBLIC        PSW
  -------         PROC          LCD_INIT
  C:385BH         LINE#         9
  C:385BH         LINE#         10
  C:385BH         LINE#         11
  C:385EH         LINE#         12
  C:3861H         LINE#         14
  C:3867H         LINE#         15
  C:386CH         LINE#         17
  C:3873H         LINE#         18
  C:3878H         LINE#         20
  C:387BH         LINE#         21
  C:3880H         LINE#         23
  C:3883H         LINE#         24
  C:3888H         LINE#         26
  C:388FH         LINE#         29
  C:3894H         LINE#         30
  C:3899H         LINE#         32
  C:389EH         LINE#         33
  C:38A3H         LINE#         35
  C:38A8H         LINE#         36
  C:38ADH         LINE#         37
  -------         ENDPROC       LCD_INIT
  -------         PROC          _WRITEDATA
  X:035AH         SYMBOL        dat
  C:371DH         LINE#         40
  C:3722H         LINE#         41
  C:3722H         LINE#         46
  C:3724H         LINE#         47
  C:3726H         LINE#         49
  C:3734H         LINE#         50
BL51 BANKED LINKER/LOCATER V6.22                                                      02/28/2019  11:58:45  PAGE 16


  C:3740H         LINE#         51
  C:374CH         LINE#         52
  C:3756H         LINE#         53
  C:3758H         LINE#         54
  C:375FH         LINE#         55
  C:3761H         LINE#         57
  C:3771H         LINE#         58
  C:377CH         LINE#         59
  C:3786H         LINE#         60
  C:378AH         LINE#         62
  C:378AH         LINE#         63
  C:378DH         LINE#         64
  C:378FH         LINE#         65
  C:3791H         LINE#         67
  -------         ENDPROC       _WRITEDATA
  -------         PROC          _COMMAND
  D:0007H         SYMBOL        dat
  C:39D5H         LINE#         69
  C:39D5H         LINE#         70
  C:39D5H         LINE#         71
  C:39D7H         LINE#         72
  C:39D9H         LINE#         74
  C:39E3H         LINE#         75
  C:39E7H         LINE#         77
  C:39E9H         LINE#         78
  C:39F2H         LINE#         79
  C:39F6H         LINE#         81
  C:39F8H         LINE#         82
  C:39FFH         LINE#         83
  C:3A03H         LINE#         85
  C:3A05H         LINE#         86
  C:3A09H         LINE#         87
  C:3A0DH         LINE#         89
  C:3A0FH         LINE#         90
  C:3A0FH         LINE#         91
  C:3A12H         LINE#         92
  C:3A14H         LINE#         93
  -------         ENDPROC       _COMMAND
  C:3B96H         SYMBOL        L?0028
  -------         PROC          L?0027
  -------         ENDPROC       L?0027
  C:3B96H         SYMBOL        L?0028
  -------         PROC          _WAIT_MS
  D:0006H         SYMBOL        ms
  -------         DO            
  D:0004H         SYMBOL        De_Cnt
  -------         ENDDO         
  C:3B9AH         LINE#         95
  C:3B9AH         LINE#         96
  C:3B9AH         LINE#         98
  C:3BA4H         LINE#         99
  C:3BA4H         LINE#         100
  C:3BB7H         LINE#         101
  C:3BB7H         LINE#         102
  -------         ENDPROC       _WAIT_MS
  -------         PROC          _DISPLAYLCD
  D:0007H         SYMBOL        BCD
BL51 BANKED LINKER/LOCATER V6.22                                                      02/28/2019  11:58:45  PAGE 17


  -------         DO            
  D:0006H         SYMBOL        first_digit
  X:042FH         SYMBOL        second_digit
  -------         ENDDO         
  C:3C35H         LINE#         103
  C:3C35H         LINE#         104
  C:3C35H         LINE#         106
  C:3C3CH         LINE#         107
  C:3C45H         LINE#         109
  C:3C4AH         LINE#         111
  -------         ENDPROC       _DISPLAYLCD
  -------         PROC          LCD_RETURN_HOME
  C:3D74H         LINE#         115
  C:3D74H         LINE#         116
  C:3D74H         LINE#         117
  C:3D79H         LINE#         118
  -------         ENDPROC       LCD_RETURN_HOME
  -------         PROC          LCD_CLEAR
  C:3D7EH         LINE#         121
  C:3D7EH         LINE#         122
  C:3D7EH         LINE#         123
  C:3D83H         LINE#         124
  -------         ENDPROC       LCD_CLEAR
  -------         PROC          _DISPLAY_LINE
  D:0006H         SYMBOL        line
  C:000EH         LINE#         128
  C:000EH         LINE#         129
  C:000EH         LINE#         130
  C:0014H         LINE#         131
  C:0014H         LINE#         132
  C:0016H         LINE#         133
  C:0016H         LINE#         134
  C:0018H         LINE#         136
  C:0018H         LINE#         137
  C:001DH         LINE#         138
  C:0022H         LINE#         139
  C:0022H         LINE#         140
  -------         ENDPROC       _DISPLAY_LINE
  -------         ENDMOD        LCD_DRIVER_SPLC780D

  -------         MODULE        KEYPAD
  C:0000H         SYMBOL        _ICE_DUMMY_
  D:0093H         PUBLIC        P0M1
  D:0080H         PUBLIC        P0
  D:0090H         PUBLIC        P1
  D:00A0H         PUBLIC        P2
  D:00B0H         PUBLIC        P3
  D:00C0H         PUBLIC        P4
  D:00C8H         PUBLIC        P5
  B:0020H.0       PUBLIC        calib_mode
  D:00E8H         PUBLIC        P6
  D:00F8H         PUBLIC        P7
  D:00A8H         PUBLIC        IE
  C:25E9H         PUBLIC        Key_Scan
  D:00B8H         PUBLIC        IP
  D:00D8H         PUBLIC        CCON
  C:3D5CH         PUBLIC        KeyPad_IO_Init
BL51 BANKED LINKER/LOCATER V6.22                                                      02/28/2019  11:58:45  PAGE 18


  C:3C17H         PUBLIC        _Delay_ms
  D:0098H         PUBLIC        SCON
  D:0088H         PUBLIC        TCON
  B:0020H.1       PUBLIC        small_move
  B:0020H.2       PUBLIC        move
  B:0020H.3       PUBLIC        direction
  B:0020H.4       PUBLIC        auto_move
  C:2178H         PUBLIC        Key_Process
  D:00D0H         PUBLIC        PSW
  D:0094H         PUBLIC        P0M0
  -------         PROC          _DELAY_MS
  D:0006H         SYMBOL        ms
  -------         DO            
  D:0004H         SYMBOL        De_Cnt
  -------         ENDDO         
  C:3C17H         LINE#         19
  C:3C17H         LINE#         20
  C:3C17H         LINE#         22
  C:3C21H         LINE#         23
  C:3C21H         LINE#         24
  C:3C34H         LINE#         25
  C:3C34H         LINE#         26
  -------         ENDPROC       _DELAY_MS
  -------         PROC          KEY_SCAN
  -------         DO            
  X:0422H         SYMBOL        KeyTemp1
  X:0423H         SYMBOL        KeyTemp2
  X:0424H         SYMBOL        KeyValue
  -------         ENDDO         
  C:25E9H         LINE#         27
  C:25E9H         LINE#         28
  C:25E9H         LINE#         33
  C:25ECH         LINE#         36
  C:25EFH         LINE#         38
  C:25F7H         LINE#         39
  C:25FEH         LINE#         40
  C:25FEH         LINE#         42
  C:2603H         LINE#         43
  C:260AH         LINE#         44
  C:260AH         LINE#         47
  C:260DH         LINE#         48
  C:2610H         LINE#         49
  C:2615H         LINE#         50
  C:2619H         LINE#         51
  C:2619H         LINE#         52
  C:2621H         LINE#         53
  C:2621H         LINE#         54
  C:2624H         LINE#         55
  C:262CH         LINE#         56
  C:262EH         LINE#         58
  C:2642H         LINE#         59
  C:2642H         LINE#         60
  C:2642H         LINE#         61
  C:2642H         LINE#         62
  C:2648H         LINE#         64
  C:264AH         LINE#         65
  C:264AH         LINE#         66
BL51 BANKED LINKER/LOCATER V6.22                                                      02/28/2019  11:58:45  PAGE 19


  C:264AH         LINE#         67
  C:2650H         LINE#         69
  C:2652H         LINE#         70
  C:2652H         LINE#         71
  C:2652H         LINE#         72
  C:2658H         LINE#         74
  C:265AH         LINE#         75
  C:265AH         LINE#         76
  C:265AH         LINE#         77
  C:2660H         LINE#         79
  C:2660H         LINE#         80
  C:2660H         LINE#         81
  C:2660H         LINE#         84
  C:2663H         LINE#         85
  C:2666H         LINE#         86
  C:266EH         LINE#         87
  C:2672H         LINE#         88
  C:2672H         LINE#         89
  C:267AH         LINE#         90
  C:267AH         LINE#         91
  C:267DH         LINE#         92
  C:2685H         LINE#         93
  C:2687H         LINE#         94
  C:269BH         LINE#         95
  C:269BH         LINE#         96
  C:269BH         LINE#         97
  C:269BH         LINE#         98
  C:26A1H         LINE#         100
  C:26A3H         LINE#         101
  C:26A3H         LINE#         102
  C:26A3H         LINE#         103
  C:26A9H         LINE#         105
  C:26ABH         LINE#         106
  C:26ABH         LINE#         107
  C:26ABH         LINE#         108
  C:26B1H         LINE#         110
  C:26B3H         LINE#         111
  C:26B3H         LINE#         112
  C:26B3H         LINE#         113
  C:26B8H         LINE#         115
  C:26B8H         LINE#         116
  C:26B8H         LINE#         117
  C:26B8H         LINE#         120
  C:26BBH         LINE#         121
  C:26BEH         LINE#         122
  C:26C6H         LINE#         123
  C:26CAH         LINE#         124
  C:26CAH         LINE#         125
  C:26D2H         LINE#         126
  C:26D2H         LINE#         127
  C:26D5H         LINE#         128
  C:26DDH         LINE#         129
  C:26DFH         LINE#         130
  C:26F3H         LINE#         131
  C:26F3H         LINE#         132
  C:26F3H         LINE#         133
  C:26F3H         LINE#         134
BL51 BANKED LINKER/LOCATER V6.22                                                      02/28/2019  11:58:45  PAGE 20


  C:26F9H         LINE#         136
  C:26FBH         LINE#         137
  C:26FBH         LINE#         138
  C:26FBH         LINE#         139
  C:2701H         LINE#         141
  C:2703H         LINE#         142
  C:2703H         LINE#         143
  C:2703H         LINE#         144
  C:2709H         LINE#         146
  C:270BH         LINE#         147
  C:270BH         LINE#         148
  C:270BH         LINE#         149
  C:2711H         LINE#         151
  C:2711H         LINE#         152
  C:2711H         LINE#         153
  C:2711H         LINE#         157
  C:2714H         LINE#         158
  C:2717H         LINE#         159
  C:271FH         LINE#         160
  C:2723H         LINE#         161
  C:2723H         LINE#         162
  C:272BH         LINE#         163
  C:272BH         LINE#         164
  C:272EH         LINE#         165
  C:2736H         LINE#         166
  C:2738H         LINE#         167
  C:274CH         LINE#         168
  C:274CH         LINE#         169
  C:274CH         LINE#         170
  C:274CH         LINE#         171
  C:2752H         LINE#         173
  C:2754H         LINE#         174
  C:2754H         LINE#         175
  C:2754H         LINE#         176
  C:275AH         LINE#         178
  C:275CH         LINE#         179
  C:275CH         LINE#         180
  C:275CH         LINE#         181
  C:2762H         LINE#         183
  C:2764H         LINE#         184
  C:2764H         LINE#         185
  C:2764H         LINE#         186
  C:276AH         LINE#         188
  C:276AH         LINE#         189
  C:276AH         LINE#         190
  C:276AH         LINE#         192
  C:2770H         LINE#         193
  C:2770H         LINE#         195
  C:2770H         LINE#         196
  C:2773H         LINE#         197
  C:2773H         LINE#         198
  C:2773H         LINE#         200
  C:2773H         LINE#         201
  C:2775H         LINE#         202
  C:2775H         LINE#         203
  -------         ENDPROC       KEY_SCAN
  -------         PROC          KEY_PROCESS
BL51 BANKED LINKER/LOCATER V6.22                                                      02/28/2019  11:58:45  PAGE 21


  -------         DO            
  X:03DFH         SYMBOL        KeyCount
  X:03E1H         SYMBOL        KeyNum_Old
  X:03E2H         SYMBOL        KeyNum
  X:03E3H         SYMBOL        PressedKey
  X:03F8H         SYMBOL        d
  D:0004H         SYMBOL        hours
  D:0006H         SYMBOL        mins
  X:03FAH         SYMBOL        months
  X:03FCH         SYMBOL        days
  -------         ENDDO         
  C:2178H         LINE#         204
  C:2178H         LINE#         205
  C:2178H         LINE#         209
  C:2180H         LINE#         210
  C:2188H         LINE#         212
  C:218BH         LINE#         213
  C:218BH         LINE#         214
  C:218EH         LINE#         216
  C:218EH         LINE#         217
  C:219BH         LINE#         218
  C:219BH         LINE#         219
  C:219EH         LINE#         220
  C:21A1H         LINE#         222
  C:21A4H         LINE#         224
  C:21A4H         LINE#         225
  C:21AFH         LINE#         226
  C:21AFH         LINE#         227
  C:21B2H         LINE#         229
  C:21B2H         LINE#         230
  C:21B9H         LINE#         231
  C:21B9H         LINE#         232
  C:21BCH         LINE#         234
  C:21BCH         LINE#         235
  C:21C4H         LINE#         236
  C:21C4H         LINE#         237
  C:21CEH         LINE#         238
  C:21D6H         LINE#         240
  C:21DFH         LINE#         242
  C:21DFH         LINE#         251
  C:21F4H         LINE#         252
  C:21F4H         LINE#         253
  C:2206H         LINE#         254
  C:2214H         LINE#         255
  C:2223H         LINE#         256
  C:2223H         LINE#         258
  C:2229H         LINE#         262
  C:223FH         LINE#         263
  C:2250H         LINE#         264
  C:226BH         LINE#         265
  C:226BH         LINE#         266
  C:227BH         LINE#         267
  C:228CH         LINE#         268
  C:228CH         LINE#         272
  C:22A5H         LINE#         273
  C:22BCH         LINE#         274
  C:22DCH         LINE#         275
BL51 BANKED LINKER/LOCATER V6.22                                                      02/28/2019  11:58:45  PAGE 22


  C:22DCH         LINE#         276
  C:22E6H         LINE#         277
  C:22E6H         LINE#         278
  C:22EFH         LINE#         279
  C:22EFH         LINE#         280
  C:2303H         LINE#         281
  C:2303H         LINE#         282
  C:2303H         LINE#         283
  C:2303H         LINE#         284
  C:2303H         LINE#         285
  C:2305H         LINE#         287
  C:2305H         LINE#         288
  C:2311H         LINE#         289
  C:2311H         LINE#         290
  C:2322H         LINE#         291
  C:2322H         LINE#         292
  C:2322H         LINE#         293
  C:2322H         LINE#         294
  C:2322H         LINE#         296
  C:2324H         LINE#         298
  C:2324H         LINE#         299
  C:2335H         LINE#         300
  C:2335H         LINE#         301
  C:2335H         LINE#         302
  C:2335H         LINE#         303
  C:2335H         LINE#         305
  C:2335H         LINE#         307
  C:2335H         LINE#         308
  C:2337H         LINE#         310
  C:2337H         LINE#         311
  C:234AH         LINE#         312
  C:234AH         LINE#         313
  C:235BH         LINE#         314
  C:235BH         LINE#         315
  C:235BH         LINE#         316
  C:235BH         LINE#         317
  C:235BH         LINE#         318
  C:235DH         LINE#         320
  C:235DH         LINE#         321
  C:236EH         LINE#         322
  C:236EH         LINE#         323
  C:237FH         LINE#         324
  C:2390H         LINE#         325
  C:2390H         LINE#         326
  C:2390H         LINE#         327
  C:2390H         LINE#         328
  C:2390H         LINE#         329
  C:2393H         LINE#         330
  C:2398H         LINE#         331
  C:239DH         LINE#         332
  C:23A2H         LINE#         333
  C:23A7H         LINE#         334
  C:23ACH         LINE#         335
  C:23B1H         LINE#         336
  C:23B6H         LINE#         337
  C:23B6H         LINE#         339
  C:23D8H         LINE#         340
BL51 BANKED LINKER/LOCATER V6.22                                                      02/28/2019  11:58:45  PAGE 23


  C:23D8H         LINE#         341
  C:23E2H         LINE#         342
  C:23E2H         LINE#         343
  C:23E7H         LINE#         344
  C:23F0H         LINE#         345
  C:2407H         LINE#         346
  C:2407H         LINE#         347
  C:2417H         LINE#         349
  C:2417H         LINE#         353
  -------         ENDPROC       KEY_PROCESS
  -------         PROC          KEYPAD_IO_INIT
  C:3D5CH         LINE#         356
  C:3D5CH         LINE#         357
  C:3D5CH         LINE#         358
  C:3D5FH         LINE#         359
  C:3D62H         LINE#         360
  C:3D65H         LINE#         361
  C:3D67H         LINE#         362
  -------         ENDPROC       KEYPAD_IO_INIT
  -------         ENDMOD        KEYPAD

  -------         MODULE        BIPOLARMOTOR
  C:0000H         SYMBOL        _ICE_DUMMY_
  D:0080H         PUBLIC        P0
  D:0090H         PUBLIC        P1
  D:00A0H         PUBLIC        P2
  D:00B0H         PUBLIC        P3
  D:00C0H         PUBLIC        P4
  D:00C8H         PUBLIC        P5
  D:00E8H         PUBLIC        P6
  D:00F8H         PUBLIC        P7
  X:00D4H         PUBLIC        low_date_azimuth_mapping
  D:00A8H         PUBLIC        IE
  C:3038H         PUBLIC        linear_interpolate
  C:3B45H         PUBLIC        _Move
  D:00B8H         PUBLIC        IP
  C:244BH         PUBLIC        _findDet3x3
  C:1C07H         PUBLIC        _findDet4x4
  D:00D8H         PUBLIC        CCON
  X:00FCH         PUBLIC        previous_move_time
  D:0098H         PUBLIC        SCON
  D:0088H         PUBLIC        TCON
  C:3DA9H         PUBLIC        wait
  C:3A15H         PUBLIC        _Step_move
  X:00FDH         PUBLIC        dat
  C:0026H         PUBLIC        _Update_position
  C:38B4H         PUBLIC        vOneStepMove
  X:0103H         PUBLIC        elevation_stamp
  X:013FH         PUBLIC        date_azimuth_mapping
  X:0167H         PUBLIC        RX_pos
  C:3C5CH         PUBLIC        _BCDtoDec1
  X:0177H         PUBLIC        degree
  D:00D0H         PUBLIC        PSW
  -------         PROC          L?0066
  -------         ENDPROC       L?0066
  -------         PROC          _BCDTODEC1
  D:0007H         SYMBOL        bcd
BL51 BANKED LINKER/LOCATER V6.22                                                      02/28/2019  11:58:45  PAGE 24


  -------         DO            
  D:0006H         SYMBOL        hi
  D:0007H         SYMBOL        lo
  -------         ENDDO         
  C:3C5CH         LINE#         28
  C:3C5CH         LINE#         29
  C:3C5CH         LINE#         31
  C:3C61H         LINE#         32
  C:3C65H         LINE#         33
  C:3C6CH         LINE#         34
  -------         ENDPROC       _BCDTODEC1
  -------         PROC          WAIT
  C:3DA9H         LINE#         36
  C:3DA9H         LINE#         38
  -------         ENDPROC       WAIT
  -------         PROC          VONESTEPMOVE
  B:0021H.0       SYMBOL        bDir
  C:38B4H         LINE#         40
  C:38B4H         LINE#         41
  C:38B4H         LINE#         43
  C:38BAH         LINE#         44
  C:38BAH         LINE#         45
  C:38BDH         LINE#         46
  C:38C6H         LINE#         47
  C:38CDH         LINE#         48
  C:38D2H         LINE#         49
  C:38D2H         LINE#         50
  C:38D2H         LINE#         52
  C:38D4H         LINE#         55
  C:38D4H         LINE#         56
  C:38D7H         LINE#         57
  C:38E0H         LINE#         58
  C:38E7H         LINE#         59
  C:38EDH         LINE#         60
  C:38F6H         LINE#         61
  C:38FDH         LINE#         62
  C:38FDH         LINE#         66
  -------         ENDPROC       VONESTEPMOVE
  -------         PROC          _STEP_MOVE
  X:0407H         SYMBOL        step
  B:0021H.1       SYMBOL        dir
  -------         DO            
  X:0409H         SYMBOL        i
  -------         ENDDO         
  C:3A15H         LINE#         68
  C:3A1DH         LINE#         69
  C:3A1DH         LINE#         71
  C:3A22H         LINE#         74
  C:3A3DH         LINE#         75
  C:3A3DH         LINE#         76
  C:3A44H         LINE#         78
  C:3A54H         LINE#         80
  -------         ENDPROC       _STEP_MOVE
  -------         PROC          _MOVE
  X:040BH         SYMBOL        distance
  B:0021H.2       SYMBOL        direction
  -------         DO            
BL51 BANKED LINKER/LOCATER V6.22                                                      02/28/2019  11:58:45  PAGE 25


  D:0006H         SYMBOL        step
  -------         ENDDO         
  C:3B45H         LINE#         82
  C:3B4BH         LINE#         83
  C:3B4BH         LINE#         86
  C:3B66H         LINE#         87
  -------         ENDPROC       _MOVE
  C:242CH         SYMBOL        L?0062
  C:2440H         SYMBOL        L?0063
  -------         PROC          L?0061
  -------         ENDPROC       L?0061
  C:242CH         SYMBOL        L?0062
  C:2440H         SYMBOL        L?0063
  -------         PROC          _FINDDET3X3
  X:0362H         SYMBOL        a11
  X:0366H         SYMBOL        a12
  X:036AH         SYMBOL        a13
  X:036EH         SYMBOL        a21
  X:0372H         SYMBOL        a22
  X:0376H         SYMBOL        a23
  X:037AH         SYMBOL        a31
  X:037EH         SYMBOL        a32
  X:0382H         SYMBOL        a33
  C:244BH         LINE#         91
  C:2451H         LINE#         95
  C:2451H         LINE#         96
  C:25E8H         LINE#         98
  -------         ENDPROC       _FINDDET3X3
  -------         PROC          _FINDDET4X4
  X:02FBH         SYMBOL        a11
  X:02FFH         SYMBOL        a12
  X:0303H         SYMBOL        a13
  X:0307H         SYMBOL        a14
  X:030BH         SYMBOL        a21
  X:030FH         SYMBOL        a22
  X:0313H         SYMBOL        a23
  X:0317H         SYMBOL        a24
  X:031BH         SYMBOL        a31
  X:031FH         SYMBOL        a32
  X:0323H         SYMBOL        a33
  X:0327H         SYMBOL        a34
  X:032BH         SYMBOL        a41
  X:032FH         SYMBOL        a42
  X:0333H         SYMBOL        a43
  X:0337H         SYMBOL        a44
  C:1C07H         LINE#         99
  C:1C0DH         LINE#         103
  C:1C0DH         LINE#         110
  C:1EC6H         LINE#         114
  -------         ENDPROC       _FINDDET4X4
  C:3027H         SYMBOL        L?0065
  -------         PROC          L?0064
  -------         ENDPROC       L?0064
  C:3027H         SYMBOL        L?0065
  -------         PROC          LINEAR_INTERPOLATE
  X:039EH         SYMBOL        p1
  X:03A6H         SYMBOL        p2
BL51 BANKED LINKER/LOCATER V6.22                                                      02/28/2019  11:58:45  PAGE 26


  X:03AEH         SYMBOL        x
  -------         DO            
  D:0004H         SYMBOL        fx
  -------         ENDDO         
  C:3038H         LINE#         120
  C:3038H         LINE#         121
  C:3038H         LINE#         124
  C:30D7H         LINE#         126
  C:30D7H         LINE#         127
  -------         ENDPROC       LINEAR_INTERPOLATE
  -------         PROC          _UPDATE_POSITION
  D:0001H         SYMBOL        mnths
  D:0002H         SYMBOL        dys
  X:017DH         SYMBOL        hurs
  X:017EH         SYMBOL        mns
  X:017FH         SYMBOL        sconds
  X:0180H         SYMBOL        currnt_pos
  X:0183H         SYMBOL        offset_calib
  -------         DO            
  X:0187H         SYMBOL        date
  X:0189H         SYMBOL        i
  X:018BH         SYMBOL        yy
  X:018DH         SYMBOL        desired_distance
  X:0191H         SYMBOL        distance
  X:0195H         SYMBOL        JP_pos
  X:0199H         SYMBOL        pos_interpolate_azimuth
  X:01D5H         SYMBOL        current_local_sun_time
  X:01D9H         SYMBOL        azimuth
  X:01DDH         SYMBOL        elevation
  X:01E1H         SYMBOL        time_offset
  X:01E5H         SYMBOL        UTC_time
  X:01E9H         SYMBOL        declination
  X:01EDH         SYMBOL        p1
  X:01F5H         SYMBOL        p2
  X:01FDH         SYMBOL        time
  X:020FH         SYMBOL        location
  X:0217H         SYMBOL        sunCoord
  -------         ENDDO         
  C:0026H         LINE#         131
  C:002FH         LINE#         134
  C:002FH         LINE#         135
  C:003AH         LINE#         137
  C:0056H         LINE#         138
  C:0060H         LINE#         146
  C:006AH         LINE#         147
  C:0074H         LINE#         148
  C:007EH         LINE#         149
  C:0089H         LINE#         150
  C:0094H         LINE#         151
  C:00ADH         LINE#         152
  C:00BEH         LINE#         153
  C:00CDH         LINE#         156
  C:00E1H         LINE#         160
  C:0133H         LINE#         161
  C:0297H         LINE#         162
  C:02E7H         LINE#         164
  C:040FH         LINE#         166
BL51 BANKED LINKER/LOCATER V6.22                                                      02/28/2019  11:58:45  PAGE 27


  C:04DEH         LINE#         173
  C:0525H         LINE#         174
  C:0525H         LINE#         176
  C:053FH         LINE#         177
  C:053FH         LINE#         178
  C:05AFH         LINE#         179
  C:05AFH         LINE#         180
  C:05B6H         LINE#         181
  C:05B6H         LINE#         182
  C:05E3H         LINE#         183
  C:05FEH         LINE#         185
  C:0645H         LINE#         186
  C:0679H         LINE#         188
  C:06BFH         LINE#         189
  C:06E2H         LINE#         191
  C:06E2H         LINE#         193
  C:0758H         LINE#         194
  C:0758H         LINE#         195
  C:075FH         LINE#         196
  C:075FH         LINE#         197
  C:078CH         LINE#         198
  C:07A7H         LINE#         200
  C:07EEH         LINE#         201
  C:0822H         LINE#         203
  C:0868H         LINE#         204
  C:0888H         LINE#         206
  C:0888H         LINE#         207
  C:0899H         LINE#         210
  C:08B3H         LINE#         211
  C:08B3H         LINE#         212
  C:0923H         LINE#         213
  C:0923H         LINE#         214
  C:0950H         LINE#         215
  C:096BH         LINE#         217
  C:0998H         LINE#         218
  C:09B3H         LINE#         220
  C:09E5H         LINE#         223
  C:09E5H         LINE#         225
  C:09F6H         LINE#         227
  C:0A25H         LINE#         229
  C:0A4AH         LINE#         230
  C:0AAFH         LINE#         231
  C:0AAFH         LINE#         232
  C:0AC9H         LINE#         233
  C:0ADBH         LINE#         234
  C:0AF3H         LINE#         235
  C:0B09H         LINE#         237
  C:0B25H         LINE#         238
  C:0B25H         LINE#         239
  C:0B25H         LINE#         242
  -------         ENDPROC       _UPDATE_POSITION
  -------         ENDMOD        BIPOLARMOTOR

  -------         MODULE        SUNPOS
  C:0000H         SYMBOL        _ICE_DUMMY_
  C:1465H         PUBLIC        sunpos
  -------         PROC          SUNPOS
BL51 BANKED LINKER/LOCATER V6.22                                                      02/28/2019  11:58:45  PAGE 28


  X:029EH         SYMBOL        udtTime
  X:02B0H         SYMBOL        udtLocation
  X:02B8H         SYMBOL        udtSunCoordinates
  -------         DO            
  X:02BBH         SYMBOL        dElapsedJulianDays
  X:02BFH         SYMBOL        dDecimalHours
  X:02C3H         SYMBOL        dEclipticLongitude
  X:02C7H         SYMBOL        dEclipticObliquity
  X:02CBH         SYMBOL        dRightAscension
  X:02CFH         SYMBOL        dDeclination
  X:02D3H         SYMBOL        dY
  X:02D7H         SYMBOL        dX
  -------         DO            
  X:02DBH         SYMBOL        dJulianDate
  X:02DFH         SYMBOL        liAux1
  X:02E3H         SYMBOL        liAux2
  X:02DBH         SYMBOL        dMeanLongitude
  X:02DFH         SYMBOL        dMeanAnomaly
  X:02E3H         SYMBOL        dOmega
  X:02DBH         SYMBOL        dSin_EclipticLongitude
  X:02DBH         SYMBOL        dGreenwichMeanSiderealTime
  X:02DFH         SYMBOL        dLocalMeanSiderealTime
  X:02E3H         SYMBOL        dLatitudeInRadians
  X:02E7H         SYMBOL        dHourAngle
  X:02EBH         SYMBOL        dCos_Latitude
  X:02EFH         SYMBOL        dSin_Latitude
  X:02F3H         SYMBOL        dCos_HourAngle
  X:02F7H         SYMBOL        dParallax
  -------         ENDDO         
  -------         DO            
  X:02DBH         SYMBOL        dMeanLongitude
  X:02DFH         SYMBOL        dMeanAnomaly
  X:02E3H         SYMBOL        dOmega
  X:02DBH         SYMBOL        dSin_EclipticLongitude
  X:02DBH         SYMBOL        dGreenwichMeanSiderealTime
  X:02DFH         SYMBOL        dLocalMeanSiderealTime
  X:02E3H         SYMBOL        dLatitudeInRadians
  X:02E7H         SYMBOL        dHourAngle
  X:02EBH         SYMBOL        dCos_Latitude
  X:02EFH         SYMBOL        dSin_Latitude
  X:02F3H         SYMBOL        dCos_HourAngle
  X:02F7H         SYMBOL        dParallax
  -------         ENDDO         
  -------         DO            
  X:02DBH         SYMBOL        dSin_EclipticLongitude
  X:02DBH         SYMBOL        dGreenwichMeanSiderealTime
  X:02DFH         SYMBOL        dLocalMeanSiderealTime
  X:02E3H         SYMBOL        dLatitudeInRadians
  X:02E7H         SYMBOL        dHourAngle
  X:02EBH         SYMBOL        dCos_Latitude
  X:02EFH         SYMBOL        dSin_Latitude
  X:02F3H         SYMBOL        dCos_HourAngle
  X:02F7H         SYMBOL        dParallax
  -------         ENDDO         
  -------         DO            
  X:02DBH         SYMBOL        dGreenwichMeanSiderealTime
  X:02DFH         SYMBOL        dLocalMeanSiderealTime
BL51 BANKED LINKER/LOCATER V6.22                                                      02/28/2019  11:58:45  PAGE 29


  X:02E3H         SYMBOL        dLatitudeInRadians
  X:02E7H         SYMBOL        dHourAngle
  X:02EBH         SYMBOL        dCos_Latitude
  X:02EFH         SYMBOL        dSin_Latitude
  X:02F3H         SYMBOL        dCos_HourAngle
  X:02F7H         SYMBOL        dParallax
  -------         ENDDO         
  -------         ENDDO         
  C:1465H         LINE#         6
  C:1465H         LINE#         7
  C:1465H         LINE#         9
  C:1465H         LINE#         27
  C:14AFH         LINE#         30
  C:14D0H         LINE#         31
  C:1617H         LINE#         34
  C:1663H         LINE#         36
  C:1682H         LINE#         37
  C:1682H         LINE#         42
  C:1682H         LINE#         46
  C:16B4H         LINE#         47
  C:16DEH         LINE#         48
  C:1708H         LINE#         49
  C:17B5H         LINE#         52
  C:1816H         LINE#         54
  C:1816H         LINE#         59
  C:1816H         LINE#         61
  C:182DH         LINE#         62
  C:1855H         LINE#         63
  C:186CH         LINE#         64
  C:1897H         LINE#         65
  C:18CEH         LINE#         66
  C:18F9H         LINE#         67
  C:18F9H         LINE#         70
  C:18F9H         LINE#         79
  C:1934H         LINE#         82
  C:196EH         LINE#         84
  C:1993H         LINE#         85
  C:19B2H         LINE#         86
  C:19C9H         LINE#         87
  C:19E0H         LINE#         88
  C:19F7H         LINE#         89
  C:1A80H         LINE#         91
  C:1A9AH         LINE#         92
  C:1AFCH         LINE#         93
  C:1B32H         LINE#         94
  C:1B44H         LINE#         95
  C:1B71H         LINE#         96
  C:1B9EH         LINE#         98
  C:1BC0H         LINE#         100
  C:1BF8H         LINE#         103
  C:1BF8H         LINE#         104
  C:1C06H         LINE#         105
  -------         ENDPROC       SUNPOS
  -------         ENDMOD        SUNPOS

  -------         MODULE        ADC
  C:0000H         SYMBOL        _ICE_DUMMY_
BL51 BANKED LINKER/LOCATER V6.22                                                      02/28/2019  11:58:45  PAGE 30


  D:0092H         PUBLIC        P1M0
  D:0091H         PUBLIC        P1M1
  D:0080H         PUBLIC        P0
  D:0090H         PUBLIC        P1
  D:00A0H         PUBLIC        P2
  D:00B0H         PUBLIC        P3
  D:00C0H         PUBLIC        P4
  D:00C8H         PUBLIC        P5
  D:00E8H         PUBLIC        P6
  D:00F8H         PUBLIC        P7
  D:00A8H         PUBLIC        IE
  D:00BDH         PUBLIC        ADC_RES
  D:00B8H         PUBLIC        IP
  D:0097H         PUBLIC        CLK_DIV
  D:00D8H         PUBLIC        CCON
  D:00BCH         PUBLIC        ADC_CONTR
  D:0098H         PUBLIC        SCON
  D:0088H         PUBLIC        TCON
  B:00A0H.4       PUBLIC        P24
  B:00A0H.5       PUBLIC        P25
  B:00A0H.6       PUBLIC        P26
  C:3BF8H         PUBLIC        ADC_Init
  C:3AC3H         PUBLIC        _ADC_GetResult
  D:009DH         PUBLIC        P1ASF
  D:00BEH         PUBLIC        ADC_RESL
  D:00D0H         PUBLIC        PSW
  -------         PROC          ADC_INIT
  C:3BF8H         LINE#         7
  C:3BF8H         LINE#         8
  C:3BF8H         LINE#         10
  C:3BFAH         LINE#         11
  C:3BFCH         LINE#         12
  C:3BFEH         LINE#         13
  C:3C01H         LINE#         14
  C:3C04H         LINE#         15
  C:3C07H         LINE#         16
  C:3C0AH         LINE#         18
  C:3C0CH         LINE#         19
  C:3C0EH         LINE#         20
  C:3C11H         LINE#         22
  -------         ENDPROC       ADC_INIT
  -------         PROC          _ADC_GETRESULT
  D:0007H         SYMBOL        ch
  -------         DO            
  D:0006H         SYMBOL        ADC_Value_H
  D:0004H         SYMBOL        ADC_Value_L
  D:0006H         SYMBOL        ADC_Value
  -------         ENDDO         
  C:3AC3H         LINE#         27
  C:3AC3H         LINE#         28
  C:3AC3H         LINE#         30
  C:3AC8H         LINE#         31
  C:3AC9H         LINE#         32
  C:3ACAH         LINE#         33
  C:3ACBH         LINE#         34
  C:3ACCH         LINE#         35
  C:3AD1H         LINE#         36
BL51 BANKED LINKER/LOCATER V6.22                                                      02/28/2019  11:58:45  PAGE 31


  C:3AD4H         LINE#         37
  C:3AD8H         LINE#         38
  C:3ADCH         LINE#         40
  C:3AEEH         LINE#         41
  C:3AEEH         LINE#         42
  -------         ENDPROC       _ADC_GETRESULT
  -------         ENDMOD        ADC

  -------         MODULE        CALIBRATION
  C:0000H         SYMBOL        _ICE_DUMMY_
  D:0080H         PUBLIC        P0
  D:0090H         PUBLIC        P1
  D:00A0H         PUBLIC        P2
  D:00B0H         PUBLIC        P3
  D:00C0H         PUBLIC        P4
  D:00C8H         PUBLIC        P5
  D:00E8H         PUBLIC        P6
  D:00F8H         PUBLIC        P7
  C:34DCH         PUBLIC        _Max_Value
  D:00A8H         PUBLIC        IE
  C:2D92H         PUBLIC        _calibration
  C:30D8H         PUBLIC        voltage_is_stable
  D:00B8H         PUBLIC        IP
  D:00D8H         PUBLIC        CCON
  D:0098H         PUBLIC        SCON
  D:0088H         PUBLIC        TCON
  C:1EC7H         PUBLIC        _Find_Real_Max
  D:00D0H         PUBLIC        PSW
  -------         PROC          VOLTAGE_IS_STABLE
  -------         DO            
  X:0386H         SYMBOL        sample_voltage
  X:039AH         SYMBOL        i
  X:039CH         SYMBOL        ch
  -------         ENDDO         
  C:30D8H         LINE#         19
  C:30D8H         LINE#         20
  C:30D8H         LINE#         22
  C:30DFH         LINE#         23
  C:30E5H         LINE#         24
  C:30E5H         LINE#         25
  C:310EH         LINE#         26
  C:312DH         LINE#         28
  C:3147H         LINE#         29
  C:3147H         LINE#         30
  C:317AH         LINE#         31
  C:317EH         LINE#         32
  C:318EH         LINE#         33
  C:3192H         LINE#         34
  -------         ENDPROC       VOLTAGE_IS_STABLE
  -------         PROC          _FIND_REAL_MAX
  X:021AH         SYMBOL        current_position
  -------         DO            
  X:021DH         SYMBOL        ch
  X:021EH         SYMBOL        calib_step_move
  X:0222H         SYMBOL        voltage_at_scanned_pos
  X:029AH         SYMBOL        max_location
  X:029CH         SYMBOL        i
BL51 BANKED LINKER/LOCATER V6.22                                                      02/28/2019  11:58:45  PAGE 32


  -------         ENDDO         
  C:1EC7H         LINE#         35
  C:1ED2H         LINE#         36
  C:1ED2H         LINE#         37
  C:1ED5H         LINE#         38
  C:1EDDH         LINE#         42
  C:1EF6H         LINE#         43
  C:1EF6H         LINE#         44
  C:1F0BH         LINE#         45
  C:1F1BH         LINE#         46
  C:1F22H         LINE#         47
  C:1F22H         LINE#         48
  C:1F2DH         LINE#         49
  C:1F2DH         LINE#         50
  C:1F40H         LINE#         51
  C:1F66H         LINE#         52
  C:1F8EH         LINE#         53
  C:1F91H         LINE#         55
  C:1F91H         LINE#         57
  C:1FA3H         LINE#         58
  C:1FC3H         LINE#         61
  C:1FEAH         LINE#         63
  C:2046H         LINE#         64
  C:2049H         LINE#         65
  C:2049H         LINE#         69
  C:204EH         LINE#         70
  C:2053H         LINE#         72
  C:2058H         LINE#         73
  C:205DH         LINE#         74
  C:2062H         LINE#         75
  C:2067H         LINE#         78
  C:209EH         LINE#         79
  C:20A3H         LINE#         80
  C:20A8H         LINE#         81
  C:20AFH         LINE#         82
  C:20D1H         LINE#         96
  C:20E0H         LINE#         97
  C:20E0H         LINE#         98
  C:20F1H         LINE#         100
  C:2113H         LINE#         101
  C:2170H         LINE#         102
  C:2177H         LINE#         103
  C:2177H         LINE#         105
  -------         ENDPROC       _FIND_REAL_MAX
  -------         PROC          _MAX_VALUE
  D:0001H         SYMBOL        input
  -------         DO            
  D:0004H         SYMBOL        max
  X:040FH         SYMBOL        max_location
  X:0411H         SYMBOL        i
  -------         ENDDO         
  C:34DCH         LINE#         108
  C:34DCH         LINE#         109
  C:34DCH         LINE#         110
  C:34E7H         LINE#         112
  C:34FCH         LINE#         113
  C:34FCH         LINE#         114
BL51 BANKED LINKER/LOCATER V6.22                                                      02/28/2019  11:58:45  PAGE 33


  C:3532H         LINE#         115
  C:354FH         LINE#         116
  C:355EH         LINE#         117
  C:356FH         LINE#         118
  C:3577H         LINE#         120
  -------         ENDPROC       _MAX_VALUE
  -------         PROC          _CALIBRATION
  X:03B2H         SYMBOL        mnths
  X:03B3H         SYMBOL        dys
  X:03B4H         SYMBOL        hurs
  X:03B5H         SYMBOL        mns
  X:03B6H         SYMBOL        sconds
  X:03B7H         SYMBOL        currnt_pos
  -------         DO            
  X:03BAH         SYMBOL        calib_value
  X:03BEH         SYMBOL        theorical_max_pos
  X:03C2H         SYMBOL        JP_max_pos
  -------         ENDDO         
  C:2D92H         LINE#         122
  C:2D9DH         LINE#         125
  C:2D9DH         LINE#         126
  C:2DA7H         LINE#         127
  C:2DBBH         LINE#         129
  C:2DC5H         LINE#         130
  C:2DC5H         LINE#         132
  C:2DFBH         LINE#         133
  C:2E19H         LINE#         135
  C:2E22H         LINE#         136
  C:2E45H         LINE#         137
  C:2E61H         LINE#         138
  C:2E70H         LINE#         139
  C:2E70H         LINE#         141
  C:2E75H         LINE#         142
  -------         ENDPROC       _CALIBRATION
  -------         ENDMOD        CALIBRATION

  -------         MODULE        IOEXPANDER_PI4IOE5V96248
  C:0000H         SYMBOL        _ICE_DUMMY_
  D:0080H         PUBLIC        P0
  B:00C8H.4       PUBLIC        I2C_SCK
  D:0090H         PUBLIC        P1
  D:00A0H         PUBLIC        P2
  D:00B0H         PUBLIC        P3
  D:00C0H         PUBLIC        P4
  D:00C8H         PUBLIC        P5
  D:00E8H         PUBLIC        P6
  D:00F8H         PUBLIC        P7
  D:00A8H         PUBLIC        IE
  D:00B8H         PUBLIC        IP
  D:00D8H         PUBLIC        CCON
  C:3D22H         PUBLIC        I2C_Start
  D:0098H         PUBLIC        SCON
  D:0088H         PUBLIC        TCON
  C:3245H         PUBLIC        _Write_PI4IOE5V96248
  C:3D31H         PUBLIC        uC_NACK
  C:3AFCH         PUBLIC        _Wait_ms_i2c
  C:3B72H         PUBLIC        _I2C_SendByte
BL51 BANKED LINKER/LOCATER V6.22                                                      02/28/2019  11:58:45  PAGE 34


  C:3CB2H         PUBLIC        I2C_Stop
  C:3DAAH         PUBLIC        nop
  C:3D97H         PUBLIC        uC_ACK
  C:3C9CH         PUBLIC        I2C_ACK
  B:00C0H.7       PUBLIC        I2C_SDA
  D:00D0H         PUBLIC        PSW
  C:3AF6H         SYMBOL        L?0031
  C:3AF8H         SYMBOL        L?0032
  -------         PROC          L?0030
  -------         ENDPROC       L?0030
  C:3AF6H         SYMBOL        L?0031
  C:3AF8H         SYMBOL        L?0032
  -------         PROC          _WAIT_MS_I2C
  D:0006H         SYMBOL        ms
  -------         DO            
  D:0004H         SYMBOL        De_Cnt
  -------         ENDDO         
  C:3AFCH         LINE#         7
  C:3AFCH         LINE#         8
  C:3AFCH         LINE#         10
  C:3B06H         LINE#         11
  C:3B06H         LINE#         12
  C:3B19H         LINE#         13
  C:3B19H         LINE#         14
  -------         ENDPROC       _WAIT_MS_I2C
  -------         PROC          NOP
  C:3DAAH         LINE#         16
[...]
  C:3827H         LINE#         39
  C:382BH         LINE#         42
  C:384AH         LINE#         44
  C:384CH         LINE#         45
  C:3853H         LINE#         46
  C:385AH         LINE#         48
  -------         ENDPROC       AT25SF041_CHIPERASE
  -------         PROC          AT25SF041_WRITEENABLE
  -------         DO            
  X:042DH         SYMBOL        i
  D:0003H         SYMBOL        write_en
  -------         ENDDO         
  C:3948H         LINE#         49
  C:3948H         LINE#         50
  C:3948H         LINE#         53
  C:394AH         LINE#         54
  C:394CH         LINE#         57
  C:3953H         LINE#         58
  C:3953H         LINE#         59
  C:3955H         LINE#         60
  C:3958H         LINE#         61
  C:395CH         LINE#         62
  C:395CH         LINE#         63
  C:395EH         LINE#         64
  C:3960H         LINE#         66
  C:3960H         LINE#         67
  C:3962H         LINE#         69
  C:3962H         LINE#         70
  C:3962H         LINE#         71
  C:3962H         LINE#         72
  C:3965H         LINE#         73
  C:3969H         LINE#         76
  C:3988H         LINE#         77
  C:398AH         LINE#         78
  -------         ENDPROC       AT25SF041_WRITEENABLE
BL51 BANKED LINKER/LOCATER V6.22                                                      02/28/2019  11:58:45  PAGE 39


  -------         PROC          _AT25SF041_WRITE
  D:0003H         SYMBOL        opcode
  X:03E9H         SYMBOL        addr
  X:03EDH         SYMBOL        dat
  -------         DO            
  X:03EEH         SYMBOL        i
  -------         ENDDO         
  C:2C9BH         LINE#         83
  C:2C9DH         LINE#         84
  C:2C9DH         LINE#         85
  C:2C9DH         LINE#         86
  C:2C9FH         LINE#         87
  C:2CA2H         LINE#         90
  C:2CA9H         LINE#         91
  C:2CA9H         LINE#         92
  C:2CABH         LINE#         93
  C:2CAEH         LINE#         94
  C:2CB2H         LINE#         95
  C:2CB2H         LINE#         96
  C:2CB4H         LINE#         97
  C:2CB6H         LINE#         99
  C:2CB6H         LINE#         100
  C:2CB8H         LINE#         102
  C:2CB8H         LINE#         103
  C:2CB8H         LINE#         104
  C:2CB8H         LINE#         105
  C:2CBBH         LINE#         106
  C:2CBFH         LINE#         109
  C:2CDEH         LINE#         111
  C:2CE5H         LINE#         112
  C:2CE5H         LINE#         113
  C:2CE7H         LINE#         114
  C:2CEAH         LINE#         115
  C:2D06H         LINE#         116
  C:2D06H         LINE#         117
  C:2D08H         LINE#         118
  C:2D0AH         LINE#         120
  C:2D0AH         LINE#         121
  C:2D0CH         LINE#         123
  C:2D0CH         LINE#         124
  C:2D0CH         LINE#         125
  C:2D0CH         LINE#         126
  C:2D0FH         LINE#         127
  C:2D28H         LINE#         129
  C:2D47H         LINE#         131
  C:2D4EH         LINE#         132
  C:2D4EH         LINE#         133
  C:2D50H         LINE#         134
  C:2D53H         LINE#         135
  C:2D5AH         LINE#         136
  C:2D5AH         LINE#         137
  C:2D5CH         LINE#         138
  C:2D5EH         LINE#         140
  C:2D5EH         LINE#         141
  C:2D60H         LINE#         143
  C:2D60H         LINE#         144
  C:2D60H         LINE#         145
BL51 BANKED LINKER/LOCATER V6.22                                                      02/28/2019  11:58:45  PAGE 40


  C:2D60H         LINE#         146
  C:2D63H         LINE#         147
  C:2D6AH         LINE#         149
  C:2D89H         LINE#         151
  C:2D8BH         LINE#         152
  -------         ENDPROC       _AT25SF041_WRITE
  -------         PROC          _AT25SF041_READ
  D:0003H         SYMBOL        opcode
  X:035BH         SYMBOL        addr
  -------         DO            
  X:035FH         SYMBOL        dat
  X:0360H         SYMBOL        i
  -------         ENDDO         
  C:2B92H         LINE#         156
  C:2B94H         LINE#         157
  C:2B94H         LINE#         158
  C:2B99H         LINE#         160
  C:2B9BH         LINE#         161
  C:2BA1H         LINE#         165
  C:2BA6H         LINE#         166
  C:2BA6H         LINE#         167
  C:2BA8H         LINE#         168
  C:2BABH         LINE#         169
  C:2BAFH         LINE#         170
  C:2BAFH         LINE#         171
  C:2BB1H         LINE#         172
  C:2BB3H         LINE#         174
  C:2BB3H         LINE#         175
  C:2BB5H         LINE#         177
  C:2BB5H         LINE#         178
  C:2BB5H         LINE#         179
  C:2BB5H         LINE#         180
  C:2BB8H         LINE#         181
  C:2BBCH         LINE#         184
  C:2BDBH         LINE#         186
  C:2BE2H         LINE#         187
  C:2BE2H         LINE#         188
  C:2BE4H         LINE#         189
  C:2BE7H         LINE#         190
  C:2C03H         LINE#         191
  C:2C03H         LINE#         192
  C:2C05H         LINE#         193
  C:2C07H         LINE#         195
  C:2C07H         LINE#         196
  C:2C09H         LINE#         198
  C:2C09H         LINE#         199
  C:2C09H         LINE#         200
  C:2C09H         LINE#         201
  C:2C0CH         LINE#         202
  C:2C25H         LINE#         204
  C:2C44H         LINE#         207
  C:2C4BH         LINE#         209
  C:2C4DH         LINE#         210
  C:2C54H         LINE#         212
  C:2C5BH         LINE#         213
  C:2C5BH         LINE#         214
  C:2C62H         LINE#         215
BL51 BANKED LINKER/LOCATER V6.22                                                      02/28/2019  11:58:45  PAGE 41


  C:2C62H         LINE#         216
  C:2C65H         LINE#         217
  C:2C67H         LINE#         218
  C:2C6AH         LINE#         220
  C:2C6DH         LINE#         221
  C:2C6DH         LINE#         223
  C:2C71H         LINE#         224
  C:2C71H         LINE#         230
  C:2C90H         LINE#         233
  C:2C92H         LINE#         234
  C:2C95H         LINE#         235
  C:2C9AH         LINE#         237
  -------         ENDPROC       _AT25SF041_READ
  -------         PROC          UCREAD_STATUS_REGISTER_BYTE1
  -------         DO            
  D:0003H         SYMBOL        dat
  D:0001H         SYMBOL        opcode
  X:0428H         SYMBOL        count
  X:0429H         SYMBOL        i
  -------         ENDDO         
  C:339EH         LINE#         241
  C:339EH         LINE#         242
  C:339EH         LINE#         243
  C:33A4H         LINE#         244
  C:33A8H         LINE#         245
  C:33AAH         LINE#         246
  C:33ACH         LINE#         247
  C:33B2H         LINE#         251
  C:33B9H         LINE#         252
  C:33B9H         LINE#         253
  C:33BBH         LINE#         254
  C:33BEH         LINE#         255
  C:33C2H         LINE#         256
  C:33C2H         LINE#         257
  C:33C4H         LINE#         258
  C:33C6H         LINE#         260
  C:33C6H         LINE#         261
  C:33C8H         LINE#         263
  C:33C8H         LINE#         264
  C:33C8H         LINE#         265
  C:33C8H         LINE#         266
  C:33CBH         LINE#         267
  C:33CFH         LINE#         270
  C:33EEH         LINE#         274
  C:33F5H         LINE#         276
  C:33F7H         LINE#         277
  C:33FEH         LINE#         278
  C:3405H         LINE#         279
  C:3405H         LINE#         280
  C:3409H         LINE#         281
  C:3409H         LINE#         282
  C:340CH         LINE#         283
  C:340EH         LINE#         284
  C:3411H         LINE#         286
  C:3414H         LINE#         287
  C:3414H         LINE#         289
  C:3418H         LINE#         290
BL51 BANKED LINKER/LOCATER V6.22                                                      02/28/2019  11:58:45  PAGE 42


  C:3418H         LINE#         292
  C:3437H         LINE#         296
  C:3439H         LINE#         297
  C:343CH         LINE#         298
  C:343EH         LINE#         299
  -------         ENDPROC       UCREAD_STATUS_REGISTER_BYTE1
  -------         ENDMOD        AT25SF041

  -------         MODULE        ?C_STARTUP
  C:360DH         SEGMENT       ?C_C51STARTUP
  I:0022H         SEGMENT       ?STACK
  C:0000H         PUBLIC        ?C_STARTUP
  D:00E0H         SYMBOL        ACC
  D:00F0H         SYMBOL        B
  D:0083H         SYMBOL        DPH
  D:0082H         SYMBOL        DPL
  N:0000H         SYMBOL        IBPSTACK
  N:0100H         SYMBOL        IBPSTACKTOP
  N:0080H         SYMBOL        IDATALEN
  C:3610H         SYMBOL        IDATALOOP
  N:0000H         SYMBOL        PBPSTACK
  N:0100H         SYMBOL        PBPSTACKTOP
  N:0000H         SYMBOL        PDATALEN
  N:0000H         SYMBOL        PDATASTART
  N:0000H         SYMBOL        PPAGE
  N:0000H         SYMBOL        PPAGEENABLE
  D:00A0H         SYMBOL        PPAGE_SFR
  D:0081H         SYMBOL        SP
  C:360DH         SYMBOL        STARTUP1
  N:0000H         SYMBOL        XBPSTACK
  N:0000H         SYMBOL        XBPSTACKTOP
  N:0000H         SYMBOL        XDATALEN
  N:0000H         SYMBOL        XDATASTART
  C:0000H         LINE#         126
  C:360DH         LINE#         133
  C:360FH         LINE#         134
  C:3610H         LINE#         135
  C:3611H         LINE#         136
  C:3613H         LINE#         185
  C:3616H         LINE#         196
  -------         ENDMOD        ?C_STARTUP

  -------         MODULE        ?C?FPADD
  C:0B2DH         PUBLIC        ?C?FPADD
  C:0B29H         PUBLIC        ?C?FPSUB
  -------         ENDMOD        ?C?FPADD

  -------         MODULE        ?C?FPMUL
  C:0C1EH         PUBLIC        ?C?FPMUL
  -------         ENDMOD        ?C?FPMUL

  -------         MODULE        ?C?FPDIV
  C:0D27H         PUBLIC        ?C?FPDIV
  -------         ENDMOD        ?C?FPDIV

  -------         MODULE        ?C?FPCMP
  C:0DC6H         PUBLIC        ?C?FPCMP
BL51 BANKED LINKER/LOCATER V6.22                                                      02/28/2019  11:58:45  PAGE 43


  C:0DC4H         PUBLIC        ?C?FPCMP3
  -------         ENDMOD        ?C?FPCMP

  -------         MODULE        ?C?FPNEG
  C:0E3DH         PUBLIC        ?C?FPNEG
  -------         ENDMOD        ?C?FPNEG

  -------         MODULE        ?C?FCAST
  C:0E58H         PUBLIC        ?C?FCASTC
  C:0E53H         PUBLIC        ?C?FCASTI
  C:0E4EH         PUBLIC        ?C?FCASTL
  -------         ENDMOD        ?C?FCAST

  -------         MODULE        ?C?CASTF
  C:0E8CH         PUBLIC        ?C?CASTF
  -------         ENDMOD        ?C?CASTF

  -------         MODULE        ATAN2
  X:03F0H         PUBLIC        ?_atan2?BYTE
  C:343FH         PUBLIC        _atan2
  -------         ENDMOD        ATAN2

  -------         MODULE        SIN
  C:27BEH         PUBLIC        _COS
  C:27D4H         PUBLIC        _SIN
  C:2810H         PUBLIC        _TAN
  -------         ENDMOD        SIN

  -------         MODULE        ACOS
  C:38FEH         PUBLIC        _ACOS
  -------         ENDMOD        ACOS

  -------         MODULE        ASIN
  C:3A55H         PUBLIC        _ASIN
  -------         ENDMOD        ASIN

  -------         MODULE        SQRT
  C:32F6H         PUBLIC        _SQRT
  -------         ENDMOD        SQRT

  -------         MODULE        ATAN
  C:2A90H         PUBLIC        _ATAN
  -------         ENDMOD        ATAN

  -------         MODULE        ?C?COPY
  C:102AH         PUBLIC        ?C?COPY
  -------         ENDMOD        ?C?COPY

  -------         MODULE        ?C?CLDPTR
  C:1050H         PUBLIC        ?C?CLDPTR
  -------         ENDMOD        ?C?CLDPTR

  -------         MODULE        ?C?CLDOPTR
  C:1069H         PUBLIC        ?C?CLDOPTR
  -------         ENDMOD        ?C?CLDOPTR

  -------         MODULE        ?C?CSTPTR
BL51 BANKED LINKER/LOCATER V6.22                                                      02/28/2019  11:58:45  PAGE 44


  C:1096H         PUBLIC        ?C?CSTPTR
  -------         ENDMOD        ?C?CSTPTR

  -------         MODULE        ?C?IMUL
  C:10A8H         PUBLIC        ?C?IMUL
  -------         ENDMOD        ?C?IMUL

  -------         MODULE        ?C?UIDIV
  C:10BAH         PUBLIC        ?C?UIDIV
  -------         ENDMOD        ?C?UIDIV

  -------         MODULE        ?C?SIDIV
  C:110FH         PUBLIC        ?C?SIDIV
  -------         ENDMOD        ?C?SIDIV

  -------         MODULE        ?C?ILDIX
  C:1145H         PUBLIC        ?C?ILDIX
  -------         ENDMOD        ?C?ILDIX

  -------         MODULE        ?C?ILDOPTR
  C:115BH         PUBLIC        ?C?ILDOPTR
  -------         ENDMOD        ?C?ILDOPTR

  -------         MODULE        ?C?LMUL
  C:1193H         PUBLIC        ?C?LMUL
  -------         ENDMOD        ?C?LMUL

  -------         MODULE        ?C?SLDIV
  C:3991H         PUBLIC        ?C?SLDIV
  -------         ENDMOD        ?C?SLDIV

  -------         MODULE        ?C?LNEG
  C:11E2H         PUBLIC        ?C?LNEG
  -------         ENDMOD        ?C?LNEG

  -------         MODULE        ?C?ULCMP
  C:11F0H         PUBLIC        ?C?ULCMP
  -------         ENDMOD        ?C?ULCMP

  -------         MODULE        ?C?LSHL
  C:1201H         PUBLIC        ?C?LSHL
  -------         ENDMOD        ?C?LSHL

  -------         MODULE        ?C?LLDPTR
  C:1214H         PUBLIC        ?C?LLDPTR
  -------         ENDMOD        ?C?LLDPTR

  -------         MODULE        ?C?LLDOPTR
  C:1234H         PUBLIC        ?C?LLDOPTR
  -------         ENDMOD        ?C?LLDOPTR

  -------         MODULE        ?C?LSTPTR
  C:1264H         PUBLIC        ?C?LSTPTR
  -------         ENDMOD        ?C?LSTPTR

  -------         MODULE        ?C?LSTOPTR
  C:127EH         PUBLIC        ?C?LSTOPTR
BL51 BANKED LINKER/LOCATER V6.22                                                      02/28/2019  11:58:45  PAGE 45


  -------         ENDMOD        ?C?LSTOPTR

  -------         MODULE        ?C?LLDXDATA
  C:12A2H         PUBLIC        ?C?LLDXDATA
  -------         ENDMOD        ?C?LLDXDATA

  -------         MODULE        ?C?LLDCODE
  C:12AEH         PUBLIC        ?C?LLDCODE
  -------         ENDMOD        ?C?LLDCODE

  -------         MODULE        ?C?LLDXDATA0
  C:12BEH         PUBLIC        ?C?LLDXDATA0
  -------         ENDMOD        ?C?LLDXDATA0

  -------         MODULE        ?C?LLDCODE0
  C:12CAH         PUBLIC        ?C?LLDCODE0
  -------         ENDMOD        ?C?LLDCODE0

  -------         MODULE        ?C?LLDPTR0
  C:12DAH         PUBLIC        ?C?LLDPTR0
  -------         ENDMOD        ?C?LLDPTR0

  -------         MODULE        ?C?LSTXDATA
  C:12FAH         PUBLIC        ?C?LSTXDATA
  -------         ENDMOD        ?C?LSTXDATA

  -------         MODULE        ?C?LSTKXDATA
  C:1306H         PUBLIC        ?C?LSTKXDATA
  -------         ENDMOD        ?C?LSTKXDATA

  -------         MODULE        ABS
  C:3D68H         PUBLIC        _ABS
  -------         ENDMOD        ABS

  -------         MODULE        ATOI
  C:2E76H         PUBLIC        _atoi
  -------         ENDMOD        ATOI

  -------         MODULE        ?C?IILDX
  C:1337H         PUBLIC        ?C?IILDX
  -------         ENDMOD        ?C?IILDX

  -------         MODULE        ?C?ULDIV
  C:1389H         PUBLIC        ?C?ULDIV
  -------         ENDMOD        ?C?ULDIV

  -------         MODULE        ?C?LLDIDATA
  C:141BH         PUBLIC        ?C?LLDIDATA
  -------         ENDMOD        ?C?LLDIDATA

  -------         MODULE        ?C?LLDPDATA
  C:1427H         PUBLIC        ?C?LLDPDATA
  -------         ENDMOD        ?C?LLDPDATA

  -------         MODULE        ?C?LLDIDATA0
  C:1433H         PUBLIC        ?C?LLDIDATA0
  -------         ENDMOD        ?C?LLDIDATA0
BL51 BANKED LINKER/LOCATER V6.22                                                      02/28/2019  11:58:45  PAGE 46



  -------         MODULE        ?C?LLDPDATA0
  C:1440H         PUBLIC        ?C?LLDPDATA0
  -------         ENDMOD        ?C?LLDPDATA0

  -------         MODULE        ?C?LSTIDATA
  C:144DH         PUBLIC        ?C?LSTIDATA
  -------         ENDMOD        ?C?LSTIDATA

  -------         MODULE        ?C?LSTPDATA
  C:1459H         PUBLIC        ?C?LSTPDATA
  -------         ENDMOD        ?C?LSTPDATA

  -------         MODULE        ISDIGIT
  C:3D40H         PUBLIC        _isdigit
  -------         ENDMOD        ISDIGIT

  -------         MODULE        ISSPACE
  C:3CDBH         PUBLIC        _isspace
  -------         ENDMOD        ISSPACE

*** WARNING L16: UNCALLED SEGMENT, IGNORED FOR OVERLAY PROCESS
    SEGMENT: ?PR?_DISPLAY_PROX?MAIN

*** WARNING L16: UNCALLED SEGMENT, IGNORED FOR OVERLAY PROCESS
    SEGMENT: ?PR?_READ_TIME?PCF85063BTL

*** WARNING L16: UNCALLED SEGMENT, IGNORED FOR OVERLAY PROCESS
    SEGMENT: ?PR?_DAY_OF_YEAR?PCF85063BTL

*** WARNING L16: UNCALLED SEGMENT, IGNORED FOR OVERLAY PROCESS
    SEGMENT: ?PR?_SENDSTRING?UART1

*** WARNING L16: UNCALLED SEGMENT, IGNORED FOR OVERLAY PROCESS
    SEGMENT: ?PR?_TEN?UART1

*** WARNING L16: UNCALLED SEGMENT, IGNORED FOR OVERLAY PROCESS
    SEGMENT: ?PR?_UNIT?UART1

*** WARNING L16: UNCALLED SEGMENT, IGNORED FOR OVERLAY PROCESS
    SEGMENT: ?PR?_DECTOBCD?UART1

*** WARNING L16: UNCALLED SEGMENT, IGNORED FOR OVERLAY PROCESS
    SEGMENT: ?PR?_ASCII_LETTER?UART1

*** WARNING L16: UNCALLED SEGMENT, IGNORED FOR OVERLAY PROCESS
    SEGMENT: ?PR?_ASCIITOBCD?UART1

*** WARNING L16: UNCALLED SEGMENT, IGNORED FOR OVERLAY PROCESS
    SEGMENT: ?PR?_DISPLAYLCD?LCD_DRIVER_SPLC780D

*** WARNING L16: UNCALLED SEGMENT, IGNORED FOR OVERLAY PROCESS
    SEGMENT: ?PR?LCD_RETURN_HOME?LCD_DRIVER_SPLC780D

*** WARNING L16: UNCALLED SEGMENT, IGNORED FOR OVERLAY PROCESS
    SEGMENT: ?PR?_DISPLAY_LINE?LCD_DRIVER_SPLC780D

BL51 BANKED LINKER/LOCATER V6.22                                                      02/28/2019  11:58:45  PAGE 47


*** WARNING L16: UNCALLED SEGMENT, IGNORED FOR OVERLAY PROCESS
    SEGMENT: ?PR?KEY_PROCESS?KEYPAD

*** WARNING L16: UNCALLED SEGMENT, IGNORED FOR OVERLAY PROCESS
    SEGMENT: ?PR?WAIT?BIPOLARMOTOR

*** WARNING L16: UNCALLED SEGMENT, IGNORED FOR OVERLAY PROCESS
    SEGMENT: ?PR?_FINDDET4X4?BIPOLARMOTOR

*** WARNING L16: UNCALLED SEGMENT, IGNORED FOR OVERLAY PROCESS
    SEGMENT: ?PR?_CALIBRATION?CALIBRATION

*** WARNING L16: UNCALLED SEGMENT, IGNORED FOR OVERLAY PROCESS
    SEGMENT: ?PR?NOP?IOEXPANDER_PI4IOE5V96248

*** WARNING L16: UNCALLED SEGMENT, IGNORED FOR OVERLAY PROCESS
    SEGMENT: ?PR?UC_ACK?IOEXPANDER_PI4IOE5V96248

*** WARNING L16: UNCALLED SEGMENT, IGNORED FOR OVERLAY PROCESS
    SEGMENT: ?PR?UC_NACK?IOEXPANDER_PI4IOE5V96248

*** WARNING L16: UNCALLED SEGMENT, IGNORED FOR OVERLAY PROCESS
    SEGMENT: ?PR?AT25SF041_CHIPERASE?AT25SF041

*** WARNING L16: UNCALLED SEGMENT, IGNORED FOR OVERLAY PROCESS
    SEGMENT: ?PR?AT25SF041_WRITEENABLE?AT25SF041

*** WARNING L16: UNCALLED SEGMENT, IGNORED FOR OVERLAY PROCESS
    SEGMENT: ?PR?_AT25SF041_WRITE?AT25SF041

*** WARNING L1: UNRESOLVED EXTERNAL SYMBOL
    SYMBOL:  AUTO_MODE
    MODULE:  .\Obj\main.obj (MAIN)

*** WARNING L2: REFERENCE MADE TO UNRESOLVED EXTERNAL
    SYMBOL:  AUTO_MODE
    MODULE:  .\Obj\main.obj (MAIN)
    ADDRESS: 2F79H

*** WARNING L1: UNRESOLVED EXTERNAL SYMBOL
    SYMBOL:  AUTO_MODE
    MODULE:  .\Obj\KeyPad.obj (KEYPAD)

*** WARNING L2: REFERENCE MADE TO UNRESOLVED EXTERNAL
    SYMBOL:  AUTO_MODE
    MODULE:  .\Obj\KeyPad.obj (KEYPAD)
    ADDRESS: 21C5H

*** WARNING L2: REFERENCE MADE TO UNRESOLVED EXTERNAL
    SYMBOL:  AUTO_MODE
    MODULE:  .\Obj\KeyPad.obj (KEYPAD)
    ADDRESS: 21D0H

*** WARNING L2: REFERENCE MADE TO UNRESOLVED EXTERNAL
    SYMBOL:  AUTO_MODE
    MODULE:  .\Obj\KeyPad.obj (KEYPAD)
    ADDRESS: 21D7H
BL51 BANKED LINKER/LOCATER V6.22                                                      02/28/2019  11:58:45  PAGE 48



Program Size: data=10.5 xdata=1075 code=15787
LINK/LOCATE RUN COMPLETE.  28 WARNING(S),  0 ERROR(S)
