BL51 BANKED LINKER/LOCATER V6.22                                                        04/30/2019  15:46:27  PAGE 1


BL51 BANKED LINKER/LOCATER V6.22, INVOKED BY:
C:\KEIL_V5\C51\BIN\BL51.EXE .\Obj\main.obj, .\Obj\PCF85063BTL.obj, .\Obj\UART1.obj, .\Obj\LCd_Driver_SPLC780D.obj, .\Obj
>> \KeyPad.obj, .\Obj\BipolarMotor.obj, .\Obj\SunPos.obj, .\Obj\ADC.obj, .\Obj\Calibration.obj, .\Obj\IOExpander_PI4IOE5
>> V96248.obj, .\Obj\AT25SF041.obj, .\Obj\SI1120.obj, .\Obj\STARTUP.obj TO .\Obj\GPIO_RTC_Test PRINT (.\Lis\GPIO_RTC_Tes
>> t.m51) RAMSIZE (256)


MEMORY MODEL: LARGE WITH FLOATING POINT ARITHMETIC


INPUT MODULES INCLUDED:
  .\Obj\main.obj (MAIN)
  .\Obj\PCF85063BTL.obj (PCF85063BTL)
  .\Obj\UART1.obj (UART1)
  .\Obj\LCd_Driver_SPLC780D.obj (LCD_DRIVER_SPLC780D)
  .\Obj\KeyPad.obj (KEYPAD)
  .\Obj\BipolarMotor.obj (BIPOLARMOTOR)
  .\Obj\SunPos.obj (SUNPOS)
  .\Obj\ADC.obj (ADC)
  .\Obj\Calibration.obj (CALIBRATION)
  .\Obj\IOExpander_PI4IOE5V96248.obj (IOEXPANDER_PI4IOE5V96248)
  .\Obj\AT25SF041.obj (AT25SF041)
  .\Obj\SI1120.obj (SI1120)
  .\Obj\STARTUP.obj (?C_STARTUP)
  C:\KEIL_V5\C51\LIB\C51FPL.LIB (?C?FPADD)
  C:\KEIL_V5\C51\LIB\C51FPL.LIB (?C?FPMUL)
  C:\KEIL_V5\C51\LIB\C51FPL.LIB (?C?FPDIV)
  C:\KEIL_V5\C51\LIB\C51FPL.LIB (?C?FPCMP)
  C:\KEIL_V5\C51\LIB\C51FPL.LIB (?C?FPNEG)
  C:\KEIL_V5\C51\LIB\C51FPL.LIB (?C?FCAST)
  C:\KEIL_V5\C51\LIB\C51FPL.LIB (?C?CASTF)
  C:\KEIL_V5\C51\LIB\C51FPL.LIB (ATAN2)
  C:\KEIL_V5\C51\LIB\C51FPL.LIB (SIN)
  C:\KEIL_V5\C51\LIB\C51FPL.LIB (ACOS)
  C:\KEIL_V5\C51\LIB\C51FPL.LIB (ASIN)
  C:\KEIL_V5\C51\LIB\C51FPL.LIB (?C?FPGETOPN)
  C:\KEIL_V5\C51\LIB\C51FPL.LIB (?C?FPSERIES)
  C:\KEIL_V5\C51\LIB\C51FPL.LIB (SQRT)
  C:\KEIL_V5\C51\LIB\C51FPL.LIB (ATAN)
  C:\KEIL_V5\C51\LIB\C51L.LIB (?C_INIT)
  C:\KEIL_V5\C51\LIB\C51L.LIB (?C?COPY)
  C:\KEIL_V5\C51\LIB\C51L.LIB (?C?CLDPTR)
  C:\KEIL_V5\C51\LIB\C51L.LIB (?C?CLDOPTR)
  C:\KEIL_V5\C51\LIB\C51L.LIB (?C?CSTPTR)
  C:\KEIL_V5\C51\LIB\C51L.LIB (?C?IMUL)
  C:\KEIL_V5\C51\LIB\C51L.LIB (?C?UIDIV)
  C:\KEIL_V5\C51\LIB\C51L.LIB (?C?SIDIV)
  C:\KEIL_V5\C51\LIB\C51L.LIB (?C?ILDIX)
  C:\KEIL_V5\C51\LIB\C51L.LIB (?C?ILDOPTR)
  C:\KEIL_V5\C51\LIB\C51L.LIB (?C?ISTPTR)
  C:\KEIL_V5\C51\LIB\C51L.LIB (?C?LMUL)
  C:\KEIL_V5\C51\LIB\C51L.LIB (?C?SLDIV)
  C:\KEIL_V5\C51\LIB\C51L.LIB (?C?LNEG)
  C:\KEIL_V5\C51\LIB\C51L.LIB (?C?ULCMP)
  C:\KEIL_V5\C51\LIB\C51L.LIB (?C?LSHL)
  C:\KEIL_V5\C51\LIB\C51L.LIB (?C?LLDPTR)
  C:\KEIL_V5\C51\LIB\C51L.LIB (?C?LLDOPTR)
  C:\KEIL_V5\C51\LIB\C51L.LIB (?C?LSTPTR)
BL51 BANKED LINKER/LOCATER V6.22                                                      04/30/2019  15:46:27  PAGE 2


  C:\KEIL_V5\C51\LIB\C51L.LIB (?C?LSTOPTR)
  C:\KEIL_V5\C51\LIB\C51L.LIB (?C?LLDXDATA)
  C:\KEIL_V5\C51\LIB\C51L.LIB (?C?LLDCODE)
  C:\KEIL_V5\C51\LIB\C51L.LIB (?C?LLDXDATA0)
  C:\KEIL_V5\C51\LIB\C51L.LIB (?C?LLDCODE0)
  C:\KEIL_V5\C51\LIB\C51L.LIB (?C?LLDPTR0)
  C:\KEIL_V5\C51\LIB\C51L.LIB (?C?LSTXDATA)
  C:\KEIL_V5\C51\LIB\C51L.LIB (?C?LSTKXDATA)
  C:\KEIL_V5\C51\LIB\C51L.LIB (?C?LSTKPTR)
  C:\KEIL_V5\C51\LIB\C51L.LIB (?C?OFFXADD)
  C:\KEIL_V5\C51\LIB\C51L.LIB (ATOI)
  C:\KEIL_V5\C51\LIB\C51L.LIB (?C?IILDX)
  C:\KEIL_V5\C51\LIB\C51L.LIB (?C?ULDIV)
  C:\KEIL_V5\C51\LIB\C51L.LIB (?C?LLDIDATA)
  C:\KEIL_V5\C51\LIB\C51L.LIB (?C?LLDPDATA)
  C:\KEIL_V5\C51\LIB\C51L.LIB (?C?LLDIDATA0)
  C:\KEIL_V5\C51\LIB\C51L.LIB (?C?LLDPDATA0)
  C:\KEIL_V5\C51\LIB\C51L.LIB (?C?LSTIDATA)
  C:\KEIL_V5\C51\LIB\C51L.LIB (?C?LSTPDATA)
  C:\KEIL_V5\C51\LIB\C51L.LIB (?C?LSTKIDATA)
  C:\KEIL_V5\C51\LIB\C51L.LIB (?C?LSTKPDATA)
  C:\KEIL_V5\C51\LIB\C51L.LIB (ISDIGIT)
  C:\KEIL_V5\C51\LIB\C51L.LIB (ISSPACE)


LINK MAP OF MODULE:  .\Obj\GPIO_RTC_Test (MAIN)


            TYPE    BASE      LENGTH    RELOCATION   SEGMENT NAME
            -----------------------------------------------------

            * * * * * * *   D A T A   M E M O R Y   * * * * * * *
            REG     0000H     0008H     ABSOLUTE     "REG BANK 0"
                    0008H     0018H                  *** GAP ***
            BIT     0020H.0   0000H.5   UNIT         ?BI?KEYPAD
            BIT     0020H.5   0000H.3   UNIT         _BIT_GROUP_
            BIT     0021H.0   0000H.1   UNIT         ?BI?MAIN
            BIT     0021H.1   0000H.1   UNIT         ?BI?_ATOI?ATOI
                    0021H.2   0000H.6                *** GAP ***
            IDATA   0022H     0001H     UNIT         ?STACK

            * * * * * * *  X D A T A   M E M O R Y  * * * * * * *
            XDATA   0000H     03BCH     UNIT         ?XD?BIPOLARMOTOR
            XDATA   03BCH     011BH     UNIT         _XDATA_GROUP_
            XDATA   04D7H     0107H     UNIT         ?XD?MAIN
            XDATA   05DEH     0009H     UNIT         ?XD?KEYPAD
            XDATA   05E7H     0008H     UNIT         ?XD?_AT25SF041_READ?AT25SF041
            XDATA   05EFH     0005H     UNIT         ?XD?_ATOI?ATOI
            XDATA   05F4H     0003H     UNIT         ?XD?_SENDSTRING?UART1
            XDATA   05F7H     0001H     UNIT         ?XD?UC_ACK?IOEXPANDER_PI4IOE5V96248
            XDATA   05F8H     0001H     UNIT         ?XD?UC_NACK?IOEXPANDER_PI4IOE5V96248

            * * * * * * *   C O D E   M E M O R Y   * * * * * * *
            CODE    0000H     0003H     ABSOLUTE     
            CODE    0003H     0003H     ABSOLUTE     
            CODE    0006H     0005H     UNIT         ?PR?_UNIT?UART1
            CODE    000BH     0003H     ABSOLUTE     
BL51 BANKED LINKER/LOCATER V6.22                                                      04/30/2019  15:46:27  PAGE 3


            CODE    000EH     0BCEH     UNIT         ?PR?MAIN?MAIN
            CODE    0BDCH     09B6H     UNIT         ?C?LIB_CODE
            CODE    1592H     07A2H     UNIT         ?PR?SUNPOS?SUNPOS
            CODE    1D34H     0646H     UNIT         ?PR?_UPDATE_POSITION?BIPOLARMOTOR
            CODE    237AH     04FBH     UNIT         ?PR?_THEORICALJP_POSITION?BIPOLARMOTOR
            CODE    2875H     0444H     UNIT         ?PR?_FIND_REAL_MAX?CALIBRATION
            CODE    2CB9H     0409H     UNIT         ?C_INITSEG
            CODE    30C2H     0380H     UNIT         ?PR?_ELEVATION_CALCULATION?BIPOLARMOTOR
            CODE    3442H     02C5H     UNIT         ?PR?KEY_PROCESS?KEYPAD
            CODE    3707H     01B3H     UNIT         ?PR?_CALIBRATION?CALIBRATION
            CODE    38BAH     018DH     UNIT         ?PR?KEY_SCAN?KEYPAD
            CODE    3A47H     0189H     UNIT         ?PR?SPI_NOR_WRITE_DATA?AT25SF041
            CODE    3BD0H     0188H     UNIT         ?PR?SIN?SIN
            CODE    3D58H     0162H     UNIT         ?PR?_DISPLAY_POS?LCD_DRIVER_SPLC780D
            CODE    3EBAH     0122H     UNIT         ?PR?ATAN?ATAN
            CODE    3FDCH     0110H     UNIT         ?PR?_AT25SF041_READ?AT25SF041
            CODE    40ECH     0102H     UNIT         ?PR?_AT25SF041_WRITE?AT25SF041
            CODE    41EEH     00DBH     UNIT         ?PR?_ATOI?ATOI
            CODE    42C9H     00C3H     UNIT         ?PR?LINEAR_INTERPOLATE?BIPOLARMOTOR
            CODE    438CH     00BBH     UNIT         ?PR?VOLTAGE_IS_STABLE?CALIBRATION
            CODE    4447H     00ADH     UNIT         ?PR?_WRITE_PI4IOE5V96248?IOEXPANDER_PI4IOE5V96248
            CODE    44F4H     00ACH     UNIT         ?PR?SQRT?SQRT
            CODE    45A0H     00A1H     UNIT         ?PR?UCREAD_STATUS_REGISTER_BYTE1?AT25SF041
            CODE    4641H     009DH     UNIT         ?PR?_ATAN2?ATAN2
            CODE    46DEH     009CH     UNIT         ?PR?_MAX_VALUE?CALIBRATION
            CODE    477AH     008CH     UNIT         ?C_C51STARTUP
            CODE    4806H     0088H     UNIT         ?PR?_DAY_OF_YEAR?PCF85063BTL
            CODE    488EH     0079H     UNIT         ?PR?_WRITEDATA?LCD_DRIVER_SPLC780D
            CODE    4907H     0072H     UNIT         ?PR?AT25SF041_WRITEENABLE?AT25SF041
            CODE    4979H     006FH     UNIT         ?PR?_READ_TIME?PCF85063BTL
            CODE    49E8H     005AH     UNIT         ?PR?AT25SF041_CHIPERASE?AT25SF041
            CODE    4A42H     0059H     UNIT         ?PR?LCD_INIT?LCD_DRIVER_SPLC780D
            CODE    4A9BH     004AH     UNIT         ?PR?VONESTEPMOVE?BIPOLARMOTOR
            CODE    4AE5H     004AH     UNIT         ?PR?ACOS?ACOS
            CODE    4B2FH     0044H     UNIT         ?C?LDIV
            CODE    4B73H     0040H     UNIT         ?PR?_COMMAND?LCD_DRIVER_SPLC780D
            CODE    4BB3H     0040H     UNIT         ?PR?_STEP_MOVE?BIPOLARMOTOR
            CODE    4BF3H     003DH     UNIT         ?PR?EXINT0?MAIN
            CODE    4C30H     003BH     UNIT         ?PR?ASIN?ASIN
            CODE    4C6BH     0033H     UNIT         ?PR?_SENDSTRING?UART1
            CODE    4C9EH     002CH     UNIT         ?PR?_ADC_GETRESULT?ADC
            CODE    4CCAH     002BH     UNIT         ?PR?_WAIT_MS_I2C?IOEXPANDER_PI4IOE5V96248
            CODE    4CF5H     002BH     UNIT         ?PR?_WAIT_MS_SPINOR?AT25SF041
            CODE    4D20H     0028H     UNIT         ?PR?_MOVE?BIPOLARMOTOR
            CODE    4D48H     0027H     UNIT         ?PR?_I2C_SENDBYTE?IOEXPANDER_PI4IOE5V96248
            CODE    4D6FH     0026H     UNIT         ?PR?TM0_ISR?MAIN
            CODE    4D95H     0025H     UNIT         ?PR?_FINDCLOSESTSAMEDAYCALIBTIME?CALIBRATION
            CODE    4DBAH     0024H     UNIT         ?PR?_WAIT_MS?LCD_DRIVER_SPLC780D
            CODE    4DDEH     0020H     UNIT         ?PR?_SPI_SENDBYTE?PCF85063BTL
            CODE    4DFEH     0020H     UNIT         ?PR?SPI_RECEIVEBYTE?PCF85063BTL
            CODE    4E1EH     001FH     UNIT         ?PR?ADC_INIT?ADC
            CODE    4E3DH     001EH     UNIT         ?PR?_DELAY_MS?KEYPAD
            CODE    4E5BH     001DH     UNIT         ?PR?_DISPLAYLCD?LCD_DRIVER_SPLC780D
            CODE    4E78H     001DH     UNIT         ?PR?SI1120_CONFIG_MODE_VIRH?SI1120
            CODE    4E95H     001BH     UNIT         ?PR?_BCDTODEC1?BIPOLARMOTOR
            CODE    4EB0H     0018H     UNIT         ?PR?_SPI_WRITETIME?PCF85063BTL
            CODE    4EC8H     0017H     UNIT         ?PR?_ASCIITOBCD?UART1
BL51 BANKED LINKER/LOCATER V6.22                                                      04/30/2019  15:46:27  PAGE 4


            CODE    4EDFH     0016H     UNIT         ?PR?I2C_ACK?IOEXPANDER_PI4IOE5V96248
            CODE    4EF5H     0015H     UNIT         ?PR?_DISPLAY_LINE?LCD_DRIVER_SPLC780D
            CODE    4F0AH     0015H     UNIT         ?PR?VSETLOCATION?BIPOLARMOTOR
            CODE    4F1FH     0015H     UNIT         ?PR?I2C_STOP?IOEXPANDER_PI4IOE5V96248
            CODE    4F34H     0014H     UNIT         ?PR?_PCF85063BTL_DELAY?PCF85063BTL
            CODE    4F48H     0014H     UNIT         ?PR?_ABS?LCD_DRIVER_SPLC780D
            CODE    4F5CH     0014H     UNIT         ?PR?_ISSPACE?ISSPACE
            CODE    4F70H     0011H     UNIT         ?PR?_SPI_READTIME?PCF85063BTL
            CODE    4F81H     0011H     UNIT         ?PR?_BCDTODEC?PCF85063BTL
            CODE    4F92H     0011H     UNIT         ?PR?INITUART1?UART1
            CODE    4FA3H     000FH     UNIT         ?PR?I2C_START?IOEXPANDER_PI4IOE5V96248
            CODE    4FB2H     000FH     UNIT         ?PR?UC_NACK?IOEXPANDER_PI4IOE5V96248
            CODE    4FC1H     000FH     UNIT         ?PR?_ISDIGIT?ISDIGIT
            CODE    4FD0H     000DH     UNIT         ?PR?SPI_INIT?PCF85063BTL
            CODE    4FDDH     000CH     UNIT         ?PR?KEYPAD_IO_INIT?KEYPAD
            CODE    4FE9H     000AH     UNIT         ?PR?LCD_RETURN_HOME?LCD_DRIVER_SPLC780D
            CODE    4FF3H     000AH     UNIT         ?PR?LCD_CLEAR?LCD_DRIVER_SPLC780D
            CODE    4FFDH     0007H     UNIT         ?PR?ENABLE_EXTINT0?SI1120
            CODE    5004H     0006H     UNIT         ?PR?_TEN?UART1
            CODE    500AH     0006H     UNIT         ?PR?UC_ACK?IOEXPANDER_PI4IOE5V96248
            CODE    5010H     0005H     UNIT         ?PR?_ASCII_LETTER?UART1
            CODE    5015H     0001H     UNIT         ?PR?_DECTOBCD?UART1
            CODE    5016H     0001H     UNIT         ?PR?WAIT?BIPOLARMOTOR
            CODE    5017H     0001H     UNIT         ?PR?NOP?IOEXPANDER_PI4IOE5V96248



OVERLAY MAP OF MODULE:   .\Obj\GPIO_RTC_Test (MAIN)


SEGMENT                                             BIT_GROUP          XDATA_GROUP
  +--> CALLED SEGMENT                            START    LENGTH     START    LENGTH
------------------------------------------------------------------------------------
?C_C51STARTUP                                    -----    -----      -----    -----
  +--> ?PR?MAIN?MAIN
  +--> ?C_INITSEG

?PR?MAIN?MAIN                                    -----    -----      03BCH    002CH
  +--> ?PR?LCD_INIT?LCD_DRIVER_SPLC780D
  +--> ?PR?SPI_INIT?PCF85063BTL
  +--> ?PR?KEYPAD_IO_INIT?KEYPAD
  +--> ?PR?ADC_INIT?ADC
  +--> ?PR?SI1120_CONFIG_MODE_VIRH?SI1120
  +--> ?PR?ENABLE_EXTINT0?SI1120
  +--> ?PR?VSETLOCATION?BIPOLARMOTOR
  +--> ?PR?_SPI_WRITETIME?PCF85063BTL
  +--> ?PR?_DELAY_MS?KEYPAD
  +--> ?PR?_DISPLAY_LINE?LCD_DRIVER_SPLC780D
  +--> ?PR?_WRITEDATA?LCD_DRIVER_SPLC780D
  +--> ?PR?KEY_PROCESS?KEYPAD
  +--> ?PR?_COMMAND?LCD_DRIVER_SPLC780D
  +--> ?PR?_DISPLAY_POS?LCD_DRIVER_SPLC780D
  +--> ?PR?_DISPLAYLCD?LCD_DRIVER_SPLC780D
  +--> ?PR?_STEP_MOVE?BIPOLARMOTOR
  +--> ?PR?LCD_RETURN_HOME?LCD_DRIVER_SPLC780D
  +--> ?PR?_READ_TIME?PCF85063BTL
  +--> ?PR?_ADC_GETRESULT?ADC
BL51 BANKED LINKER/LOCATER V6.22                                                      04/30/2019  15:46:27  PAGE 5


  +--> ?PR?_BCDTODEC1?BIPOLARMOTOR
  +--> ?PR?_ELEVATION_CALCULATION?BIPOLARMOTOR
  +--> ?PR?SIN?SIN
  +--> ?PR?_CALIBRATION?CALIBRATION
  +--> ?PR?AT25SF041_WRITEENABLE?AT25SF041
  +--> ?PR?_AT25SF041_WRITE?AT25SF041
  +--> ?PR?_WAIT_MS_SPINOR?AT25SF041
  +--> ?PR?_UPDATE_POSITION?BIPOLARMOTOR
  +--> ?PR?SPI_NOR_WRITE_DATA?AT25SF041
  +--> ?PR?LINEAR_INTERPOLATE?BIPOLARMOTOR
  +--> ?PR?_FINDCLOSESTSAMEDAYCALIBTIME?CALI...
  +--> ?PR?LCD_CLEAR?LCD_DRIVER_SPLC780D
  +--> ?PR?AT25SF041_CHIPERASE?AT25SF041

?PR?LCD_INIT?LCD_DRIVER_SPLC780D                 -----    -----      -----    -----
  +--> ?PR?_WAIT_MS?LCD_DRIVER_SPLC780D
  +--> ?PR?_COMMAND?LCD_DRIVER_SPLC780D

?PR?_COMMAND?LCD_DRIVER_SPLC780D                 -----    -----      -----    -----
  +--> ?PR?_WAIT_MS?LCD_DRIVER_SPLC780D

?PR?ADC_INIT?ADC                                 -----    -----      -----    -----
  +--> ?PR?_WAIT_MS?LCD_DRIVER_SPLC780D

?PR?SI1120_CONFIG_MODE_VIRH?SI1120               -----    -----      -----    -----
  +--> ?PR?_WAIT_MS?LCD_DRIVER_SPLC780D

?PR?_SPI_WRITETIME?PCF85063BTL                   -----    -----      -----    -----
  +--> ?PR?_SPI_SENDBYTE?PCF85063BTL

?PR?_SPI_SENDBYTE?PCF85063BTL                    -----    -----      -----    -----
  +--> ?PR?_PCF85063BTL_DELAY?PCF85063BTL

?PR?_DISPLAY_LINE?LCD_DRIVER_SPLC780D            -----    -----      -----    -----
  +--> ?PR?_COMMAND?LCD_DRIVER_SPLC780D

?PR?_WRITEDATA?LCD_DRIVER_SPLC780D               -----    -----      04D5H    0001H
  +--> ?PR?_WAIT_MS?LCD_DRIVER_SPLC780D

?PR?KEY_PROCESS?KEYPAD                           -----    -----      03E8H    0006H
  +--> ?PR?KEY_SCAN?KEYPAD
  +--> ?PR?_SPI_WRITETIME?PCF85063BTL
  +--> ?PR?LCD_CLEAR?LCD_DRIVER_SPLC780D
  +--> ?PR?_COMMAND?LCD_DRIVER_SPLC780D
  +--> ?PR?_WRITEDATA?LCD_DRIVER_SPLC780D

?PR?KEY_SCAN?KEYPAD                              -----    -----      03EEH    0003H

?PR?LCD_CLEAR?LCD_DRIVER_SPLC780D                -----    -----      -----    -----
  +--> ?PR?_COMMAND?LCD_DRIVER_SPLC780D

?PR?_DISPLAY_POS?LCD_DRIVER_SPLC780D             -----    -----      04CBH    000AH
  +--> ?PR?_ABS?LCD_DRIVER_SPLC780D
  +--> ?PR?_WRITEDATA?LCD_DRIVER_SPLC780D

?PR?_DISPLAYLCD?LCD_DRIVER_SPLC780D              -----    -----      03E8H    0001H
  +--> ?PR?_WRITEDATA?LCD_DRIVER_SPLC780D
BL51 BANKED LINKER/LOCATER V6.22                                                      04/30/2019  15:46:27  PAGE 6



?PR?_STEP_MOVE?BIPOLARMOTOR                      0020H.6  0000H.1    04CFH    0004H
  +--> ?PR?VONESTEPMOVE?BIPOLARMOTOR

?PR?VONESTEPMOVE?BIPOLARMOTOR                    0020H.7  0000H.1    -----    -----
  +--> ?PR?_WRITE_PI4IOE5V96248?IOEXPANDER_P...
  +--> ?PR?_DELAY_MS?KEYPAD

?PR?_WRITE_PI4IOE5V96248?IOEXPANDER_P...         -----    -----      04D3H    0003H
  +--> ?PR?I2C_START?IOEXPANDER_PI4IOE5V96248
  +--> ?PR?_WAIT_MS_I2C?IOEXPANDER_PI4IOE5V9...
  +--> ?PR?_I2C_SENDBYTE?IOEXPANDER_PI4IOE5V...
  +--> ?PR?I2C_ACK?IOEXPANDER_PI4IOE5V96248
  +--> ?PR?I2C_STOP?IOEXPANDER_PI4IOE5V96248

?PR?I2C_START?IOEXPANDER_PI4IOE5V96248           -----    -----      -----    -----
  +--> ?PR?_WAIT_MS_I2C?IOEXPANDER_PI4IOE5V9...

?PR?_I2C_SENDBYTE?IOEXPANDER_PI4IOE5V...         -----    -----      -----    -----
  +--> ?PR?_WAIT_MS_I2C?IOEXPANDER_PI4IOE5V9...

?PR?I2C_ACK?IOEXPANDER_PI4IOE5V96248             -----    -----      04D6H    0001H
  +--> ?PR?_WAIT_MS_I2C?IOEXPANDER_PI4IOE5V9...

?PR?I2C_STOP?IOEXPANDER_PI4IOE5V96248            -----    -----      -----    -----
  +--> ?PR?_WAIT_MS_I2C?IOEXPANDER_PI4IOE5V9...

?PR?LCD_RETURN_HOME?LCD_DRIVER_SPLC780D          -----    -----      -----    -----
  +--> ?PR?_COMMAND?LCD_DRIVER_SPLC780D

?PR?_READ_TIME?PCF85063BTL                       -----    -----      03E8H    000FH
  +--> ?PR?_SPI_READTIME?PCF85063BTL

?PR?_SPI_READTIME?PCF85063BTL                    -----    -----      -----    -----
  +--> ?PR?_SPI_SENDBYTE?PCF85063BTL
  +--> ?PR?SPI_RECEIVEBYTE?PCF85063BTL

?PR?SPI_RECEIVEBYTE?PCF85063BTL                  -----    -----      -----    -----
  +--> ?PR?_PCF85063BTL_DELAY?PCF85063BTL

?PR?_ELEVATION_CALCULATION?BIPOLARMOTOR          -----    -----      03E8H    0005H
  +--> ?PR?_BCDTODEC1?BIPOLARMOTOR
  +--> ?PR?SUNPOS?SUNPOS
  +--> ?PR?SIN?SIN
  +--> ?PR?ASIN?ASIN

?PR?SUNPOS?SUNPOS                                -----    -----      043AH    005DH
  +--> ?PR?SIN?SIN
  +--> ?PR?_ATAN2?ATAN2
  +--> ?PR?ASIN?ASIN
  +--> ?PR?ACOS?ACOS

?PR?SIN?SIN                                      0020H.5  0000H.1    0497H    0004H

?PR?_ATAN2?ATAN2                                 -----    -----      0497H    0008H
  +--> ?PR?ATAN?ATAN

BL51 BANKED LINKER/LOCATER V6.22                                                      04/30/2019  15:46:27  PAGE 7


?PR?ATAN?ATAN                                    0020H.5  0000H.2    049FH    0004H

?PR?ASIN?ASIN                                    -----    -----      -----    -----
  +--> ?PR?SQRT?SQRT
  +--> ?PR?ATAN?ATAN

?PR?SQRT?SQRT                                    -----    -----      0497H    0004H

?PR?ACOS?ACOS                                    -----    -----      -----    -----
  +--> ?PR?SQRT?SQRT
  +--> ?PR?ATAN?ATAN

?PR?_CALIBRATION?CALIBRATION                     -----    -----      03E8H    0024H
  +--> ?PR?VOLTAGE_IS_STABLE?CALIBRATION
  +--> ?PR?_UPDATE_POSITION?BIPOLARMOTOR
  +--> ?PR?_FIND_REAL_MAX?CALIBRATION

?PR?VOLTAGE_IS_STABLE?CALIBRATION                -----    -----      040CH    0018H
  +--> ?PR?_ADC_GETRESULT?ADC
  +--> ?PR?_ABS?LCD_DRIVER_SPLC780D

?PR?_UPDATE_POSITION?BIPOLARMOTOR                -----    -----      040CH    002EH
  +--> ?PR?_BCDTODEC1?BIPOLARMOTOR
  +--> ?PR?SUNPOS?SUNPOS
  +--> ?PR?SIN?SIN
  +--> ?PR?ASIN?ASIN
  +--> ?PR?_THEORICALJP_POSITION?BIPOLARMOTOR
  +--> ?PR?_ABS?LCD_DRIVER_SPLC780D
  +--> ?PR?_MOVE?BIPOLARMOTOR

?PR?_THEORICALJP_POSITION?BIPOLARMOTOR           -----    -----      043AH    005CH
  +--> ?PR?LINEAR_INTERPOLATE?BIPOLARMOTOR

?PR?LINEAR_INTERPOLATE?BIPOLARMOTOR              -----    -----      0496H    0014H

?PR?_MOVE?BIPOLARMOTOR                           0020H.5  0000H.1    04CBH    0004H
  +--> ?PR?_STEP_MOVE?BIPOLARMOTOR

?PR?_FIND_REAL_MAX?CALIBRATION                   -----    -----      040CH    00BFH
  +--> ?PR?_ADC_GETRESULT?ADC
  +--> ?PR?_WAIT_MS?LCD_DRIVER_SPLC780D
  +--> ?PR?AT25SF041_WRITEENABLE?AT25SF041
  +--> ?PR?_AT25SF041_WRITE?AT25SF041
  +--> ?PR?_WAIT_MS_SPINOR?AT25SF041
  +--> ?PR?_COMMAND?LCD_DRIVER_SPLC780D
  +--> ?PR?_WRITEDATA?LCD_DRIVER_SPLC780D
  +--> ?PR?_DISPLAY_POS?LCD_DRIVER_SPLC780D
  +--> ?PR?_MOVE?BIPOLARMOTOR
  +--> ?PR?_MAX_VALUE?CALIBRATION

?PR?AT25SF041_WRITEENABLE?AT25SF041              -----    -----      04CBH    0002H
  +--> ?PR?_WAIT_MS_SPINOR?AT25SF041
  +--> ?PR?UCREAD_STATUS_REGISTER_BYTE1?AT25...

?PR?UCREAD_STATUS_REGISTER_BYTE1?AT25...         -----    -----      04D3H    0003H
  +--> ?PR?_WAIT_MS_SPINOR?AT25SF041

BL51 BANKED LINKER/LOCATER V6.22                                                      04/30/2019  15:46:27  PAGE 8


?PR?_AT25SF041_WRITE?AT25SF041                   -----    -----      04CBH    0008H
  +--> ?PR?_WAIT_MS_SPINOR?AT25SF041
  +--> ?PR?UCREAD_STATUS_REGISTER_BYTE1?AT25...

?PR?_MAX_VALUE?CALIBRATION                       -----    -----      04CBH    0004H

?PR?SPI_NOR_WRITE_DATA?AT25SF041                 -----    -----      03E8H    000EH
  +--> ?PR?AT25SF041_WRITEENABLE?AT25SF041
  +--> ?PR?_AT25SF041_WRITE?AT25SF041
  +--> ?PR?_WAIT_MS_SPINOR?AT25SF041

?PR?AT25SF041_CHIPERASE?AT25SF041                -----    -----      03E8H    0002H
  +--> ?PR?_WAIT_MS_SPINOR?AT25SF041
  +--> ?PR?UCREAD_STATUS_REGISTER_BYTE1?AT25...



UNRESOLVED EXTERNAL SYMBOLS:
   AUTO_MODE
   SPI_NOR_CLEARENABLE
   _SENDUART1



SYMBOL TABLE OF MODULE:  .\Obj\GPIO_RTC_Test (MAIN)

  VALUE           TYPE          NAME
  ----------------------------------

  -------         MODULE        MAIN
  C:0000H         SYMBOL        _ICE_DUMMY_
  X:04DFH         PUBLIC        calib_value
  D:0080H         PUBLIC        P0
  D:00B2H         PUBLIC        P3M0
  D:0090H         PUBLIC        P1
  D:00B1H         PUBLIC        P3M1
  D:00A0H         PUBLIC        P2
  D:00B0H         PUBLIC        P3
  D:00C0H         PUBLIC        P4
  D:00C8H         PUBLIC        P5
  X:0533H         SYMBOL        PressedKey
  B:00A8H.7       PUBLIC        EA
  D:00E8H         PUBLIC        P6
  X:0537H         PUBLIC        calib_stamp
  D:00F8H         PUBLIC        P7
  X:0538H         PUBLIC        calib_bool
  X:0562H         PUBLIC        RX_Data_Uart_Cnt
  D:00A8H         PUBLIC        IE
  X:0564H         PUBLIC        calib_time
  D:00B8H         PUBLIC        IP
  B:00B0H.2       PUBLIC        INT0
  X:05B8H         PUBLIC        months
  D:00D8H         PUBLIC        CCON
  C:000EH         PUBLIC        main
  X:05B9H         PUBLIC        count
  X:05BBH         PUBLIC        days
  X:05BCH         PUBLIC        hours
BL51 BANKED LINKER/LOCATER V6.22                                                      04/30/2019  15:46:27  PAGE 9


  D:0098H         PUBLIC        SCON
  D:0089H         PUBLIC        TMOD
  D:0088H         PUBLIC        TCON
  B:00A0H.3       PUBLIC        P23
  X:05BDH         SYMBOL        KeyCount
  X:05BFH         PUBLIC        mins
  X:05C0H         PUBLIC        Rec_data_hour
  B:00C8H.5       PUBLIC        P55
  X:05C3H         PUBLIC        Rec_data_min
  D:008EH         PUBLIC        AUXR
  C:4D6FH         PUBLIC        tm0_isr
  B:0021H.0       PUBLIC        busy
  B:00A8H.1       PUBLIC        ET0
  X:05C6H         PUBLIC        SPI_NOR_INTERNAL_FLASH_ADDR
  D:008CH         PUBLIC        TH0
  X:05CAH         PUBLIC        hour_count
  D:008AH         PUBLIC        TL0
  X:05CBH         PUBLIC        min_count
  B:0088H.4       PUBLIC        TR0
  C:4BF3H         PUBLIC        exint0
  X:05CCH         SYMBOL        KeyNum
  X:05CDH         SYMBOL        KeyNum_Old
  X:05CEH         PUBLIC        timer0_count
  X:05D0H         PUBLIC        current_position
  X:05D4H         PUBLIC        hours1
  X:05D5H         PUBLIC        hours2
  X:05D6H         PUBLIC        pwm_time
  X:05D8H         PUBLIC        mins1
  X:05D9H         PUBLIC        mins2
  X:05DAH         PUBLIC        start_timer0_count
  X:05DBH         PUBLIC        seconds
  X:05DCH         PUBLIC        st_time
  D:00D0H         PUBLIC        PSW
  -------         PROC          TM0_ISR
  C:4D6FH         LINE#         91
  C:4D77H         LINE#         93
  C:4D7EH         LINE#         94
  C:4D8CH         LINE#         95
  -------         ENDPROC       TM0_ISR
  -------         PROC          EXINT0
  C:4BF3H         LINE#         97
  C:4C00H         LINE#         101
  C:4C03H         LINE#         102
  C:4C03H         LINE#         103
  C:4C12H         LINE#         104
  C:4C19H         LINE#         105
  C:4C1DH         LINE#         106
  C:4C1FH         LINE#         109
  C:4C1FH         LINE#         111
  C:4C25H         LINE#         113
  C:4C25H         LINE#         115
  -------         ENDPROC       EXINT0
  -------         PROC          MAIN
  -------         DO            
  X:03BCH         SYMBOL        sunlight_ADC
  X:04D7H         SYMBOL        KeyCount
  X:04D9H         SYMBOL        KeyNum_Old
BL51 BANKED LINKER/LOCATER V6.22                                                      04/30/2019  15:46:27  PAGE 10


  X:04DAH         SYMBOL        KeyNum
  X:04DBH         SYMBOL        PressedKey
  X:03BEH         SYMBOL        prox_flag
  X:03BFH         SYMBOL        iUse_prevday_calib_value
  X:03C1H         SYMBOL        max_ADC_Val_JP
  X:03C3H         SYMBOL        max_ADC_Val
  X:03C5H         SYMBOL        calib_point1
  X:03CDH         SYMBOL        calib_point2
  X:03D5H         SYMBOL        dat_to_store
  X:03E0H         SYMBOL        calib_day
  X:03E2H         SYMBOL        calib_count
  X:03E4H         SYMBOL        theorical_JP_max_pos
  D:0004H         SYMBOL        elevation
  -------         ENDDO         
  C:000EH         LINE#         117
  C:000EH         LINE#         118
  C:000EH         LINE#         123
  C:0014H         LINE#         124
  C:0019H         LINE#         126
  C:0021H         LINE#         130
  C:0027H         LINE#         131
  C:0031H         LINE#         135
  C:0033H         LINE#         136
  C:0035H         LINE#         137
  C:0037H         LINE#         138
  C:0039H         LINE#         140
  C:0040H         LINE#         141
  C:0044H         LINE#         150
  C:0046H         LINE#         151
  C:0049H         LINE#         152
  C:004CH         LINE#         153
  C:004FH         LINE#         154
  C:0052H         LINE#         155
  C:0055H         LINE#         158
  C:0058H         LINE#         161
  C:005BH         LINE#         162
  C:005EH         LINE#         164
  C:0061H         LINE#         166
  C:0064H         LINE#         167
  C:0067H         LINE#         168
  C:006AH         LINE#         169
  C:006DH         LINE#         170
  C:006FH         LINE#         171
  C:0071H         LINE#         173
  C:0073H         LINE#         174
  C:007AH         LINE#         175
  C:0081H         LINE#         176
  C:0088H         LINE#         177
  C:008FH         LINE#         181
  C:0096H         LINE#         182
  C:009BH         LINE#         183
  C:00A0H         LINE#         184
  C:00A5H         LINE#         185
  C:00AAH         LINE#         186
  C:00AFH         LINE#         189
  C:00C8H         LINE#         190
  C:00C8H         LINE#         191
BL51 BANKED LINKER/LOCATER V6.22                                                      04/30/2019  15:46:27  PAGE 11


  C:00E4H         LINE#         192
  C:012BH         LINE#         193
  C:013CH         LINE#         196
  C:013CH         LINE#         197
  C:013CH         LINE#         198
  C:013FH         LINE#         201
  C:013FH         LINE#         204
  C:0144H         LINE#         205
  C:0149H         LINE#         207
  C:014EH         LINE#         208
  C:0153H         LINE#         209
  C:0158H         LINE#         210
  C:015DH         LINE#         212
  C:016EH         LINE#         213
  C:0173H         LINE#         214
  C:0178H         LINE#         216
  C:017FH         LINE#         217
  C:0187H         LINE#         218
  C:018CH         LINE#         219
  C:0194H         LINE#         220
  C:0199H         LINE#         221
  C:01A3H         LINE#         222
  C:01A8H         LINE#         223
  C:01B0H         LINE#         225
  C:01B8H         LINE#         226
  C:01BDH         LINE#         227
  C:01C7H         LINE#         228
  C:01C7H         LINE#         229
  C:01C9H         LINE#         230
  C:01CBH         LINE#         231
  C:01D5H         LINE#         232
  C:01D5H         LINE#         233
  C:01DAH         LINE#         234
  C:01DAH         LINE#         246
  C:01E7H         LINE#         247
  C:01E7H         LINE#         248
  C:01F1H         LINE#         249
  C:0208H         LINE#         250
  C:0208H         LINE#         251
  C:020AH         LINE#         252
  C:020CH         LINE#         254
  C:020CH         LINE#         255
  C:0217H         LINE#         256
  C:0217H         LINE#         257
  C:021CH         LINE#         258
  C:021CH         LINE#         259
  C:0229H         LINE#         260
  C:0229H         LINE#         263
  C:0233H         LINE#         264
  C:024AH         LINE#         265
  C:024AH         LINE#         266
  C:024CH         LINE#         267
  C:024EH         LINE#         269
  C:024EH         LINE#         270
  C:0259H         LINE#         271
  C:0259H         LINE#         272
  C:025EH         LINE#         273
BL51 BANKED LINKER/LOCATER V6.22                                                      04/30/2019  15:46:27  PAGE 12


  C:0260H         LINE#         274
  C:0260H         LINE#         276
  C:0282H         LINE#         277
  C:0282H         LINE#         278
  C:028CH         LINE#         279
  C:0292H         LINE#         280
  C:0294H         LINE#         281
  C:0296H         LINE#         282
  C:0298H         LINE#         283
  C:0298H         LINE#         284
  C:029BH         LINE#         286
  C:029BH         LINE#         287
  C:02A1H         LINE#         288
  C:02A9H         LINE#         289
  C:02AFH         LINE#         290
  C:02B7H         LINE#         291
  C:02F2H         LINE#         295
  C:02FFH         LINE#         296
  C:02FFH         LINE#         298
  C:030CH         LINE#         299
  C:033FH         LINE#         300
  C:033FH         LINE#         301
  C:0362H         LINE#         302
  C:0362H         LINE#         303
  C:0384H         LINE#         304
  C:0384H         LINE#         306
  C:03A4H         LINE#         308
  C:03DDH         LINE#         309
  C:03DDH         LINE#         310
  C:0459H         LINE#         311
  C:0472H         LINE#         312
  C:04FCH         LINE#         313
  C:04FFH         LINE#         315
  C:04FFH         LINE#         317
  C:0506H         LINE#         318
  C:0506H         LINE#         319
  C:0509H         LINE#         320
  C:0527H         LINE#         321
  C:052EH         LINE#         322
  C:054DH         LINE#         323
  C:056CH         LINE#         325
  C:05E8H         LINE#         326
  C:0600H         LINE#         328
  C:0658H         LINE#         329
  C:066CH         LINE#         330
  C:0679H         LINE#         331
  C:0688H         LINE#         332
  C:0688H         LINE#         334
  C:0690H         LINE#         335
  C:0698H         LINE#         336
  C:06A0H         LINE#         337
  C:06A8H         LINE#         339
  C:06BCH         LINE#         340
  C:06D2H         LINE#         341
  C:0702H         LINE#         342
  C:0716H         LINE#         344
  C:072AH         LINE#         345
BL51 BANKED LINKER/LOCATER V6.22                                                      04/30/2019  15:46:27  PAGE 13


  C:0740H         LINE#         346
  C:0770H         LINE#         347
  C:0777H         LINE#         349
  C:079BH         LINE#         352
  C:079DH         LINE#         354
  C:07ABH         LINE#         355
  C:07ABH         LINE#         356
  C:07B3H         LINE#         358
  C:07B3H         LINE#         361
  C:07B3H         LINE#         362
  C:07C0H         LINE#         363
  C:07C0H         LINE#         364
  C:07E2H         LINE#         365
  C:07E2H         LINE#         366
  C:085EH         LINE#         367
  C:08B3H         LINE#         368
  C:08B3H         LINE#         370
  C:08B6H         LINE#         374
  C:08B6H         LINE#         377
  C:08D8H         LINE#         378
  C:08D8H         LINE#         379
  C:0954H         LINE#         381
  C:0981H         LINE#         382
  C:099CH         LINE#         383
  C:09C9H         LINE#         384
  C:09FCH         LINE#         385
  C:09FCH         LINE#         386
  C:0A26H         LINE#         387
  C:0ABFH         LINE#         388
  C:0AC1H         LINE#         390
  C:0AC1H         LINE#         391
  C:0B24H         LINE#         392
  C:0B24H         LINE#         396
  C:0B24H         LINE#         398
  C:0B24H         LINE#         399
  C:0B24H         LINE#         401
  C:0B24H         LINE#         404
  C:0B40H         LINE#         405
  C:0B44H         LINE#         407
  C:0B46H         LINE#         410
  C:0B51H         LINE#         411
  C:0B51H         LINE#         412
  C:0B54H         LINE#         413
  C:0B5BH         LINE#         414
  C:0B60H         LINE#         415
  C:0B65H         LINE#         416
  C:0B6AH         LINE#         417
  C:0B6FH         LINE#         418
  C:0B74H         LINE#         419
  C:0B79H         LINE#         420
  C:0B7EH         LINE#         421
  C:0B83H         LINE#         422
  C:0B88H         LINE#         423
  C:0B8DH         LINE#         424
  C:0B92H         LINE#         425
  C:0B97H         LINE#         428
  C:0B9AH         LINE#         430
BL51 BANKED LINKER/LOCATER V6.22                                                      04/30/2019  15:46:27  PAGE 14


  C:0B9DH         LINE#         431
  C:0BA4H         LINE#         432
  C:0BAEH         LINE#         433
  C:0BB3H         LINE#         435
  C:0BB6H         LINE#         436
  C:0BBBH         LINE#         437
  C:0BC0H         LINE#         438
  C:0BC5H         LINE#         439
  C:0BCAH         LINE#         440
  C:0BCFH         LINE#         441
  C:0BD4H         LINE#         442
  C:0BD9H         LINE#         444
  C:0BD9H         LINE#         445
  -------         ENDPROC       MAIN
  -------         ENDMOD        MAIN

  -------         MODULE        PCF85063BTL
  C:0000H         SYMBOL        _ICE_DUMMY_
  D:0096H         PUBLIC        P2M0
  D:0080H         PUBLIC        P0
  D:0095H         PUBLIC        P2M1
  D:0090H         PUBLIC        P1
  D:00A0H         PUBLIC        P2
  D:00B0H         PUBLIC        P3
  D:00C0H         PUBLIC        P4
  D:00C8H         PUBLIC        P5
  D:00E8H         PUBLIC        P6
  B:00A0H.1       PUBLIC        PCF85063BTL_SDI
  D:00F8H         PUBLIC        P7
  B:00A0H.2       PUBLIC        PCF85063BTL_SCK
  B:00A0H.1       PUBLIC        PCF85063BTL_SDO
  D:00A8H         PUBLIC        IE
  C:4979H         PUBLIC        _Read_time
  C:4F3AH         PUBLIC        _PCF85063BTL_Delay
  D:00B8H         PUBLIC        IP
  D:00D8H         PUBLIC        CCON
  C:4806H         PUBLIC        _Day_Of_Year
  C:4DFEH         PUBLIC        SPI_ReceiveByte
  D:0098H         PUBLIC        SCON
  D:0088H         PUBLIC        TCON
  C:4F81H         PUBLIC        _BCDtoDec
  B:00A0H.0       PUBLIC        PCF85063BTL_CS
  C:4F70H         PUBLIC        _SPI_ReadTime
  C:4FD0H         PUBLIC        SPI_Init
  C:4EB0H         PUBLIC        _SPI_WriteTime
  C:4DDEH         PUBLIC        _SPI_SendByte
  D:00D0H         PUBLIC        PSW
  C:4F36H         SYMBOL        L?0048
  -------         PROC          L?0047
  -------         ENDPROC       L?0047
  C:4F36H         SYMBOL        L?0048
  -------         PROC          _PCF85063BTL_DELAY
  D:0006H         SYMBOL        us
  C:4F3AH         LINE#         8
  C:4F3AH         LINE#         9
  C:4F3AH         LINE#         10
  C:4F44H         LINE#         11
BL51 BANKED LINKER/LOCATER V6.22                                                      04/30/2019  15:46:27  PAGE 15


  C:4F44H         LINE#         12
  C:4F45H         LINE#         13
  C:4F47H         LINE#         14
  -------         ENDPROC       _PCF85063BTL_DELAY
  -------         PROC          _SPI_SENDBYTE
  D:0005H         SYMBOL        dat
  -------         DO            
  D:0003H         SYMBOL        i
  -------         ENDDO         
  C:4DDEH         LINE#         17
  C:4DE0H         LINE#         18
  C:4DE0H         LINE#         20
  C:4DE2H         LINE#         21
  C:4DE2H         LINE#         22
  C:4DE4H         LINE#         23
  C:4DE8H         LINE#         24
  C:4DE8H         LINE#         25
  C:4DEAH         LINE#         26
  C:4DECH         LINE#         28
  C:4DECH         LINE#         29
  C:4DEEH         LINE#         30
  C:4DEEH         LINE#         31
  C:4DF1H         LINE#         32
  C:4DF1H         LINE#         33
  C:4DF4H         LINE#         34
  C:4DF8H         LINE#         35
  C:4DFDH         LINE#         36
  -------         ENDPROC       _SPI_SENDBYTE
  -------         PROC          SPI_RECEIVEBYTE
  -------         DO            
  D:0003H         SYMBOL        i
  D:0005H         SYMBOL        dat
  -------         ENDDO         
  C:4DFEH         LINE#         39
  C:4DFEH         LINE#         40
  C:4DFEH         LINE#         42
  C:4E00H         LINE#         44
  C:4E02H         LINE#         45
  C:4E03H         LINE#         46
  C:4E03H         LINE#         47
  C:4E07H         LINE#         48
  C:4E09H         LINE#         49
  C:4E0CH         LINE#         51
  C:4E0FH         LINE#         52
  C:4E0FH         LINE#         53
  C:4E13H         LINE#         54
  C:4E13H         LINE#         55
  C:4E13H         LINE#         56
  C:4E16H         LINE#         57
  C:4E1BH         LINE#         58
  C:4E1DH         LINE#         59
  -------         ENDPROC       SPI_RECEIVEBYTE
  -------         PROC          _SPI_READTIME
  D:0007H         SYMBOL        addr
  -------         DO            
  D:0006H         SYMBOL        dat
  -------         ENDDO         
BL51 BANKED LINKER/LOCATER V6.22                                                      04/30/2019  15:46:27  PAGE 16


  C:4F70H         LINE#         61
  C:4F70H         LINE#         62
  C:4F70H         LINE#         64
  C:4F72H         LINE#         65
  C:4F74H         LINE#         66
  C:4F7BH         LINE#         67
  C:4F7EH         LINE#         68
  C:4F80H         LINE#         69
  C:4F80H         LINE#         70
  -------         ENDPROC       _SPI_READTIME
  -------         PROC          _SPI_WRITETIME
  D:0002H         SYMBOL        val
  D:0005H         SYMBOL        addr
  C:4EB0H         LINE#         71
  C:4EB2H         LINE#         72
  C:4EB2H         LINE#         74
  C:4EB4H         LINE#         75
  C:4EBBH         LINE#         76
  C:4EC0H         LINE#         77
  C:4EC5H         LINE#         78
  C:4EC7H         LINE#         79
  -------         ENDPROC       _SPI_WRITETIME
  -------         PROC          SPI_INIT
  C:4FD0H         LINE#         83
  C:4FD0H         LINE#         84
  C:4FD0H         LINE#         89
  C:4FD3H         LINE#         90
  C:4FD6H         LINE#         91
  C:4FD8H         LINE#         92
  C:4FDAH         LINE#         93
  C:4FDCH         LINE#         94
  -------         ENDPROC       SPI_INIT
  -------         PROC          _READ_TIME
  X:03E8H         SYMBOL        months
  X:03EBH         SYMBOL        days
  X:03EEH         SYMBOL        hours
  X:03F1H         SYMBOL        mins
  X:03F4H         SYMBOL        seconds
  C:4979H         LINE#         96
  C:4984H         LINE#         97
  C:4984H         LINE#         99
  C:4998H         LINE#         101
  C:49ACH         LINE#         103
  C:49C0H         LINE#         108
  C:49D4H         LINE#         113
  -------         ENDPROC       _READ_TIME
  -------         PROC          _BCDTODEC
  D:0007H         SYMBOL        bcd
  -------         DO            
  D:0006H         SYMBOL        hi
  D:0007H         SYMBOL        lo
  -------         ENDDO         
  C:4F81H         LINE#         119
  C:4F81H         LINE#         120
  C:4F81H         LINE#         122
  C:4F86H         LINE#         123
  C:4F8AH         LINE#         124
BL51 BANKED LINKER/LOCATER V6.22                                                      04/30/2019  15:46:27  PAGE 17


  C:4F91H         LINE#         125
  -------         ENDPROC       _BCDTODEC
  -------         PROC          _DAY_OF_YEAR
  D:0007H         SYMBOL        months_bcd
  D:0005H         SYMBOL        days_bcd
  -------         DO            
  D:0004H         SYMBOL        months
  D:0007H         SYMBOL        days
  -------         ENDDO         
  C:4806H         LINE#         126
  C:4806H         LINE#         127
  C:4806H         LINE#         130
  C:480BH         LINE#         132
  C:4810H         LINE#         134
  C:4849H         LINE#         135
  C:4849H         LINE#         136
  C:4849H         LINE#         137
  C:484CH         LINE#         138
  C:484CH         LINE#         139
  C:484CH         LINE#         140
  C:4851H         LINE#         141
  C:4851H         LINE#         142
  C:4851H         LINE#         143
  C:4856H         LINE#         144
  C:4856H         LINE#         145
  C:4856H         LINE#         146
  C:485BH         LINE#         147
  C:485BH         LINE#         148
  C:485BH         LINE#         149
  C:4860H         LINE#         150
  C:4860H         LINE#         151
  C:4860H         LINE#         152
  C:4865H         LINE#         153
  C:4865H         LINE#         154
  C:4865H         LINE#         155
  C:486AH         LINE#         156
  C:486AH         LINE#         157
  C:486AH         LINE#         158
  C:486FH         LINE#         159
  C:486FH         LINE#         160
  C:486FH         LINE#         161
  C:4877H         LINE#         162
  C:4877H         LINE#         163
  C:4877H         LINE#         164
  C:487CH         LINE#         165
  C:487CH         LINE#         166
  C:487CH         LINE#         167
  C:4881H         LINE#         168
  C:4881H         LINE#         169
  C:4881H         LINE#         170
  C:488AH         LINE#         171
  C:488AH         LINE#         172
  C:488AH         LINE#         173
  C:488DH         LINE#         174
  C:488DH         LINE#         175
  -------         ENDPROC       _DAY_OF_YEAR
  -------         ENDMOD        PCF85063BTL
BL51 BANKED LINKER/LOCATER V6.22                                                      04/30/2019  15:46:27  PAGE 18



  -------         MODULE        UART1
  C:0000H         SYMBOL        _ICE_DUMMY_
  D:0080H         PUBLIC        P0
  D:0090H         PUBLIC        P1
  D:00A0H         PUBLIC        P2
  D:00B0H         PUBLIC        P3
  D:00C0H         PUBLIC        P4
  D:00C8H         PUBLIC        P5
  B:00A8H.7       PUBLIC        EA
  D:00E8H         PUBLIC        P6
  D:00F8H         PUBLIC        P7
  C:4C6BH         PUBLIC        _SendString
  D:00A8H         PUBLIC        IE
  B:00A8H.4       PUBLIC        ES
  D:00B8H         PUBLIC        IP
  C:4EC8H         PUBLIC        _ASCIItoBCD
  D:00D8H         PUBLIC        CCON
  C:4F92H         PUBLIC        initUART1
  D:0098H         PUBLIC        SCON
  D:0088H         PUBLIC        TCON
  C:5015H         PUBLIC        _DectoBCD
  C:5010H         PUBLIC        _ASCII_Letter
  D:008EH         PUBLIC        AUXR
  C:0006H         PUBLIC        _unit
  C:5004H         PUBLIC        _ten
  D:00D6H         PUBLIC        T2H
  D:00D7H         PUBLIC        T2L
  D:00D0H         PUBLIC        PSW
  -------         PROC          INITUART1
  C:4F92H         LINE#         21
  C:4F92H         LINE#         22
  C:4F92H         LINE#         23
  C:4F95H         LINE#         24
  C:4F98H         LINE#         25
  C:4F9BH         LINE#         26
  C:4F9EH         LINE#         27
  C:4FA0H         LINE#         28
  C:4FA2H         LINE#         30
  -------         ENDPROC       INITUART1
  -------         PROC          _SENDSTRING
  X:05F4H         SYMBOL        s
  C:4C6BH         LINE#         35
  C:4C76H         LINE#         36
  C:4C76H         LINE#         37
  C:4C86H         LINE#         38
  C:4C86H         LINE#         39
  C:4C9BH         LINE#         40
  C:4C9DH         LINE#         41
  -------         ENDPROC       _SENDSTRING
  -------         PROC          _TEN
  D:0007H         SYMBOL        BCD
  C:5004H         LINE#         43
  C:5004H         LINE#         44
  C:5004H         LINE#         45
  C:5009H         LINE#         46
  -------         ENDPROC       _TEN
BL51 BANKED LINKER/LOCATER V6.22                                                      04/30/2019  15:46:27  PAGE 19


  -------         PROC          _UNIT
  D:0007H         SYMBOL        BCD
  C:0006H         LINE#         47
  C:0006H         LINE#         48
  C:0006H         LINE#         52
  C:000AH         LINE#         53
  -------         ENDPROC       _UNIT
  -------         PROC          _DECTOBCD
  D:0007H         SYMBOL        dec
  C:5015H         LINE#         54
  C:5015H         LINE#         55
  C:5015H         LINE#         57
  C:5015H         LINE#         58
  -------         ENDPROC       _DECTOBCD
  -------         PROC          _ASCII_LETTER
  D:0007H         SYMBOL        dat
  C:5010H         LINE#         60
  C:5010H         LINE#         61
  C:5010H         LINE#         63
  C:5014H         LINE#         64
  -------         ENDPROC       _ASCII_LETTER
  -------         PROC          _ASCIITOBCD
  D:0001H         SYMBOL        ascii
  -------         DO            
  D:0007H         SYMBOL        dec_val
  D:0006H         SYMBOL        ten
  D:0007H         SYMBOL        unit
  -------         ENDDO         
  C:4EC8H         LINE#         66
  C:4EC8H         LINE#         67
  C:4EC8H         LINE#         69
  C:4ECBH         LINE#         70
  C:4ED1H         LINE#         71
  C:4ED8H         LINE#         72
  C:4EDEH         LINE#         74
  -------         ENDPROC       _ASCIITOBCD
  -------         ENDMOD        UART1

  -------         MODULE        LCD_DRIVER_SPLC780D
  C:0000H         SYMBOL        _ICE_DUMMY_
  D:0092H         PUBLIC        P1M0
  D:0091H         PUBLIC        P1M1
  D:0080H         PUBLIC        P0
  D:0090H         PUBLIC        P1
  D:00A0H         PUBLIC        P2
  D:00B0H         PUBLIC        P3
  D:00C0H         PUBLIC        P4
  D:00C8H         PUBLIC        P5
  D:00E8H         PUBLIC        P6
  D:00F8H         PUBLIC        P7
  C:4892H         PUBLIC        _WriteData
  D:00A8H         PUBLIC        IE
  D:00B8H         PUBLIC        IP
  D:00D8H         PUBLIC        CCON
  B:00B0H.4       PUBLIC        LCD_D4
  B:00B0H.5       PUBLIC        LCD_D5
  B:00B0H.6       PUBLIC        LCD_D6
BL51 BANKED LINKER/LOCATER V6.22                                                      04/30/2019  15:46:27  PAGE 20


  C:4E5BH         PUBLIC        _DisplayLCD
  B:00B0H.7       PUBLIC        LCD_D7
  D:0098H         PUBLIC        SCON
  D:0088H         PUBLIC        TCON
  C:4F48H         PUBLIC        _abs
  C:4FF3H         PUBLIC        LCD_clear
  C:4B73H         PUBLIC        _Command
  C:4EF5H         PUBLIC        _Display_Line
  C:4A42H         PUBLIC        LCD_Init
  C:4DC0H         PUBLIC        _Wait_ms
  B:00C0H.0       PUBLIC        LCD_RS
  B:0090H.3       PUBLIC        LCD_RW
  C:4FE9H         PUBLIC        LCD_return_home
  C:3D58H         PUBLIC        _Display_Pos
  B:00B0H.3       PUBLIC        LCD_E
  D:00D0H         PUBLIC        PSW
  -------         PROC          LCD_INIT
  C:4A42H         LINE#         9
  C:4A42H         LINE#         10
  C:4A42H         LINE#         11
  C:4A45H         LINE#         12
  C:4A48H         LINE#         14
  C:4A4EH         LINE#         15
  C:4A53H         LINE#         17
  C:4A5AH         LINE#         18
  C:4A5FH         LINE#         20
  C:4A62H         LINE#         21
  C:4A67H         LINE#         23
  C:4A6AH         LINE#         24
  C:4A6FH         LINE#         26
  C:4A76H         LINE#         29
  C:4A7BH         LINE#         30
  C:4A80H         LINE#         32
  C:4A85H         LINE#         33
  C:4A8AH         LINE#         35
  C:4A8FH         LINE#         36
  C:4A94H         LINE#         37
  -------         ENDPROC       LCD_INIT
  C:488EH         SYMBOL        L?0040
  -------         PROC          L?0039
  -------         ENDPROC       L?0039
  C:488EH         SYMBOL        L?0040
  -------         PROC          _WRITEDATA
  X:04D5H         SYMBOL        dat
  C:4892H         LINE#         40
  C:4897H         LINE#         41
  C:4897H         LINE#         46
  C:4899H         LINE#         47
  C:489BH         LINE#         49
  C:48A9H         LINE#         50
  C:48B5H         LINE#         51
  C:48C1H         LINE#         52
  C:48CBH         LINE#         53
  C:48CDH         LINE#         54
  C:48D4H         LINE#         55
  C:48D6H         LINE#         57
  C:48E6H         LINE#         58
BL51 BANKED LINKER/LOCATER V6.22                                                      04/30/2019  15:46:27  PAGE 21


  C:48F1H         LINE#         59
  C:48FBH         LINE#         60
  C:48FFH         LINE#         62
  C:48FFH         LINE#         63
  C:4902H         LINE#         64
  C:4904H         LINE#         65
  C:4906H         LINE#         67
  -------         ENDPROC       _WRITEDATA
  -------         PROC          _COMMAND
  D:0007H         SYMBOL        dat
  C:4B73H         LINE#         69
  C:4B73H         LINE#         70
  C:4B73H         LINE#         71
  C:4B75H         LINE#         72
  C:4B77H         LINE#         74
  C:4B81H         LINE#         75
  C:4B85H         LINE#         77
  C:4B87H         LINE#         78
  C:4B90H         LINE#         79
  C:4B94H         LINE#         81
  C:4B96H         LINE#         82
  C:4B9DH         LINE#         83
  C:4BA1H         LINE#         85
  C:4BA3H         LINE#         86
  C:4BA7H         LINE#         87
  C:4BABH         LINE#         89
  C:4BADH         LINE#         90
  C:4BADH         LINE#         91
  C:4BB0H         LINE#         92
  C:4BB2H         LINE#         93
  -------         ENDPROC       _COMMAND
  C:4DBCH         SYMBOL        L?0038
  -------         PROC          L?0037
  -------         ENDPROC       L?0037
  C:4DBCH         SYMBOL        L?0038
  -------         PROC          _WAIT_MS
  D:0006H         SYMBOL        ms
  -------         DO            
  D:0004H         SYMBOL        De_Cnt
  -------         ENDDO         
  C:4DC0H         LINE#         95
  C:4DC0H         LINE#         96
  C:4DC0H         LINE#         98
  C:4DCAH         LINE#         99
  C:4DCAH         LINE#         100
  C:4DDDH         LINE#         101
  C:4DDDH         LINE#         102
  -------         ENDPROC       _WAIT_MS
  -------         PROC          _DISPLAYLCD
  D:0007H         SYMBOL        BCD
  -------         DO            
  D:0006H         SYMBOL        first_digit
  X:03E8H         SYMBOL        second_digit
  -------         ENDDO         
  C:4E5BH         LINE#         103
  C:4E5BH         LINE#         104
  C:4E5BH         LINE#         106
BL51 BANKED LINKER/LOCATER V6.22                                                      04/30/2019  15:46:27  PAGE 22


  C:4E62H         LINE#         107
  C:4E6BH         LINE#         109
  C:4E70H         LINE#         111
  -------         ENDPROC       _DISPLAYLCD
  -------         PROC          LCD_RETURN_HOME
  C:4FE9H         LINE#         115
  C:4FE9H         LINE#         116
  C:4FE9H         LINE#         117
  C:4FEEH         LINE#         118
  -------         ENDPROC       LCD_RETURN_HOME
  -------         PROC          LCD_CLEAR
  C:4FF3H         LINE#         121
  C:4FF3H         LINE#         122
  C:4FF3H         LINE#         123
  C:4FF8H         LINE#         124
  -------         ENDPROC       LCD_CLEAR
  -------         PROC          _DISPLAY_LINE
  D:0006H         SYMBOL        line
  C:4EF5H         LINE#         128
  C:4EF5H         LINE#         129
  C:4EF5H         LINE#         130
  C:4EFBH         LINE#         131
  C:4EFBH         LINE#         132
  C:4EFDH         LINE#         133
  C:4EFDH         LINE#         134
  C:4EFFH         LINE#         136
  C:4EFFH         LINE#         137
  C:4F04H         LINE#         138
  C:4F09H         LINE#         139
  C:4F09H         LINE#         140
  -------         ENDPROC       _DISPLAY_LINE
  -------         PROC          _DISPLAY_POS
  X:04CBH         SYMBOL        sign_dat
  -------         DO            
  X:04CFH         SYMBOL        unit
  X:04D0H         SYMBOL        ten
  X:04D1H         SYMBOL        hundred
  D:0003H         SYMBOL        thousand
  X:04D2H         SYMBOL        after_dot
  X:04D3H         SYMBOL        dat
  -------         ENDDO         
  C:3D58H         LINE#         142
  C:3D5EH         LINE#         143
  C:3D5EH         LINE#         147
  C:3D7AH         LINE#         148
  C:3D94H         LINE#         149
  C:3DB8H         LINE#         151
  C:3E02H         LINE#         153
  C:3E19H         LINE#         154
  C:3E26H         LINE#         155
  C:3E48H         LINE#         156
  C:3E7DH         LINE#         157
  C:3E95H         LINE#         158
  C:3E95H         LINE#         160
  C:3E95H         LINE#         161
  C:3E95H         LINE#         162
  C:3E95H         LINE#         163
BL51 BANKED LINKER/LOCATER V6.22                                                      04/30/2019  15:46:27  PAGE 23


  C:3E95H         LINE#         164
  C:3E95H         LINE#         168
  C:3E97H         LINE#         170
  C:3E97H         LINE#         172
  C:3E9CH         LINE#         173
  C:3EA2H         LINE#         174
  C:3EA8H         LINE#         175
  C:3EAEH         LINE#         176
  C:3EB3H         LINE#         177
  C:3EB9H         LINE#         181
  C:3EB9H         LINE#         183
  -------         ENDPROC       _DISPLAY_POS
  -------         PROC          _ABS
  D:0006H         SYMBOL        dat
  C:4F48H         LINE#         185
  C:4F48H         LINE#         186
  C:4F48H         LINE#         187
  C:4F53H         LINE#         188
  C:4F54H         LINE#         190
  C:4F5BH         LINE#         191
  -------         ENDPROC       _ABS
  -------         ENDMOD        LCD_DRIVER_SPLC780D

  -------         MODULE        KEYPAD
  C:0000H         SYMBOL        _ICE_DUMMY_
  D:0093H         PUBLIC        P0M1
  D:0080H         PUBLIC        P0
  D:0090H         PUBLIC        P1
  D:00A0H         PUBLIC        P2
  D:00B0H         PUBLIC        P3
  D:00C0H         PUBLIC        P4
  D:00C8H         PUBLIC        P5
  B:0020H.0       PUBLIC        calib_mode
  D:00E8H         PUBLIC        P6
  D:00F8H         PUBLIC        P7
  D:00A8H         PUBLIC        IE
  C:38BAH         PUBLIC        Key_Scan
  D:00B8H         PUBLIC        IP
  D:00D8H         PUBLIC        CCON
  C:4FDDH         PUBLIC        KeyPad_IO_Init
  C:4E3DH         PUBLIC        _Delay_ms
  D:0098H         PUBLIC        SCON
  D:0088H         PUBLIC        TCON
  B:0020H.1       PUBLIC        small_move
  B:0020H.2       PUBLIC        move
  B:0020H.3       PUBLIC        direction
  B:0020H.4       PUBLIC        auto_move
  C:3442H         PUBLIC        Key_Process
  D:00D0H         PUBLIC        PSW
  D:0094H         PUBLIC        P0M0
  -------         PROC          _DELAY_MS
  D:0006H         SYMBOL        ms
  -------         DO            
  D:0004H         SYMBOL        De_Cnt
  -------         ENDDO         
  C:4E3DH         LINE#         19
  C:4E3DH         LINE#         20
BL51 BANKED LINKER/LOCATER V6.22                                                      04/30/2019  15:46:27  PAGE 24


  C:4E3DH         LINE#         22
  C:4E47H         LINE#         23
  C:4E47H         LINE#         24
  C:4E5AH         LINE#         25
  C:4E5AH         LINE#         26
  -------         ENDPROC       _DELAY_MS
  -------         PROC          KEY_SCAN
  -------         DO            
  X:03EEH         SYMBOL        KeyTemp1
  X:03EFH         SYMBOL        KeyTemp2
  X:03F0H         SYMBOL        KeyValue
  -------         ENDDO         
  C:38BAH         LINE#         27
  C:38BAH         LINE#         28
  C:38BAH         LINE#         33
  C:38BDH         LINE#         36
  C:38C0H         LINE#         38
  C:38C8H         LINE#         39
  C:38CFH         LINE#         40
  C:38CFH         LINE#         42
  C:38D4H         LINE#         43
  C:38DBH         LINE#         44
  C:38DBH         LINE#         47
  C:38DEH         LINE#         48
  C:38E1H         LINE#         49
  C:38E6H         LINE#         50
  C:38EAH         LINE#         51
  C:38EAH         LINE#         52
  C:38F2H         LINE#         53
  C:38F2H         LINE#         54
  C:38F5H         LINE#         55
  C:38FDH         LINE#         56
  C:38FFH         LINE#         58
  C:3913H         LINE#         59
  C:3913H         LINE#         60
  C:3913H         LINE#         61
  C:3913H         LINE#         62
  C:3919H         LINE#         64
  C:391BH         LINE#         65
  C:391BH         LINE#         66
  C:391BH         LINE#         67
  C:3921H         LINE#         69
  C:3923H         LINE#         70
  C:3923H         LINE#         71
  C:3923H         LINE#         72
  C:3929H         LINE#         74
  C:392BH         LINE#         75
  C:392BH         LINE#         76
  C:392BH         LINE#         77
  C:3931H         LINE#         79
  C:3931H         LINE#         80
  C:3931H         LINE#         81
  C:3931H         LINE#         84
  C:3934H         LINE#         85
  C:3937H         LINE#         86
  C:393FH         LINE#         87
  C:3943H         LINE#         88
BL51 BANKED LINKER/LOCATER V6.22                                                      04/30/2019  15:46:27  PAGE 25


  C:3943H         LINE#         89
  C:394BH         LINE#         90
  C:394BH         LINE#         91
  C:394EH         LINE#         92
  C:3956H         LINE#         93
  C:3958H         LINE#         94
  C:396CH         LINE#         95
  C:396CH         LINE#         96
  C:396CH         LINE#         97
  C:396CH         LINE#         98
  C:3972H         LINE#         100
  C:3974H         LINE#         101
  C:3974H         LINE#         102
  C:3974H         LINE#         103
  C:397AH         LINE#         105
  C:397CH         LINE#         106
  C:397CH         LINE#         107
  C:397CH         LINE#         108
  C:3982H         LINE#         110
  C:3984H         LINE#         111
  C:3984H         LINE#         112
  C:3984H         LINE#         113
  C:3989H         LINE#         115
  C:3989H         LINE#         116
  C:3989H         LINE#         117
  C:3989H         LINE#         120
  C:398CH         LINE#         121
  C:398FH         LINE#         122
  C:3997H         LINE#         123
  C:399BH         LINE#         124
  C:399BH         LINE#         125
  C:39A3H         LINE#         126
  C:39A3H         LINE#         127
  C:39A6H         LINE#         128
  C:39AEH         LINE#         129
  C:39B0H         LINE#         130
  C:39C4H         LINE#         131
  C:39C4H         LINE#         132
  C:39C4H         LINE#         133
  C:39C4H         LINE#         134
  C:39CAH         LINE#         136
  C:39CCH         LINE#         137
  C:39CCH         LINE#         138
  C:39CCH         LINE#         139
  C:39D2H         LINE#         141
  C:39D4H         LINE#         142
  C:39D4H         LINE#         143
  C:39D4H         LINE#         144
  C:39DAH         LINE#         146
  C:39DCH         LINE#         147
  C:39DCH         LINE#         148
  C:39DCH         LINE#         149
  C:39E2H         LINE#         151
  C:39E2H         LINE#         152
  C:39E2H         LINE#         153
  C:39E2H         LINE#         157
  C:39E5H         LINE#         158
BL51 BANKED LINKER/LOCATER V6.22                                                      04/30/2019  15:46:27  PAGE 26


  C:39E8H         LINE#         159
  C:39F0H         LINE#         160
  C:39F4H         LINE#         161
  C:39F4H         LINE#         162
  C:39FCH         LINE#         163
  C:39FCH         LINE#         164
  C:39FFH         LINE#         165
  C:3A07H         LINE#         166
  C:3A09H         LINE#         167
  C:3A1DH         LINE#         168
  C:3A1DH         LINE#         169
  C:3A1DH         LINE#         170
  C:3A1DH         LINE#         171
  C:3A23H         LINE#         173
  C:3A25H         LINE#         174
  C:3A25H         LINE#         175
  C:3A25H         LINE#         176
  C:3A2BH         LINE#         178
  C:3A2DH         LINE#         179
  C:3A2DH         LINE#         180
  C:3A2DH         LINE#         181
  C:3A33H         LINE#         183
  C:3A35H         LINE#         184
  C:3A35H         LINE#         185
  C:3A35H         LINE#         186
  C:3A3BH         LINE#         188
  C:3A3BH         LINE#         189
  C:3A3BH         LINE#         190
  C:3A3BH         LINE#         192
  C:3A41H         LINE#         193
  C:3A41H         LINE#         195
  C:3A41H         LINE#         196
  C:3A44H         LINE#         197
  C:3A44H         LINE#         198
  C:3A44H         LINE#         200
  C:3A44H         LINE#         201
  C:3A46H         LINE#         202
  C:3A46H         LINE#         203
  -------         ENDPROC       KEY_SCAN
  -------         PROC          KEY_PROCESS
  -------         DO            
  X:05DEH         SYMBOL        KeyCount
  X:05E0H         SYMBOL        KeyNum_Old
  X:05E1H         SYMBOL        KeyNum
  X:05E2H         SYMBOL        PressedKey
  X:03E8H         SYMBOL        d
  D:0004H         SYMBOL        hours
  D:0006H         SYMBOL        mins
  X:03EAH         SYMBOL        months
  X:03ECH         SYMBOL        days
  -------         ENDDO         
  C:3442H         LINE#         204
  C:3442H         LINE#         205
  C:3442H         LINE#         209
  C:344AH         LINE#         210
  C:3452H         LINE#         212
  C:3455H         LINE#         213
BL51 BANKED LINKER/LOCATER V6.22                                                      04/30/2019  15:46:27  PAGE 27


  C:3455H         LINE#         214
  C:3458H         LINE#         216
  C:3458H         LINE#         217
  C:3465H         LINE#         218
  C:3465H         LINE#         219
  C:3468H         LINE#         220
  C:346BH         LINE#         222
  C:346EH         LINE#         224
  C:346EH         LINE#         225
  C:3479H         LINE#         226
  C:3479H         LINE#         227
  C:347CH         LINE#         229
  C:347CH         LINE#         230
  C:3483H         LINE#         231
  C:3483H         LINE#         232
  C:3486H         LINE#         234
  C:3486H         LINE#         235
  C:348EH         LINE#         236
  C:348EH         LINE#         237
  C:3498H         LINE#         238
  C:34A0H         LINE#         240
  C:34A9H         LINE#         242
  C:34A9H         LINE#         251
  C:34BEH         LINE#         252
  C:34BEH         LINE#         253
  C:34D0H         LINE#         254
  C:34DEH         LINE#         255
  C:34EDH         LINE#         256
  C:34EDH         LINE#         258
  C:34F3H         LINE#         262
  C:3509H         LINE#         263
  C:351AH         LINE#         264
  C:3535H         LINE#         265
  C:3535H         LINE#         266
  C:3545H         LINE#         267
  C:3556H         LINE#         268
  C:3556H         LINE#         272
  C:356FH         LINE#         273
  C:3586H         LINE#         274
  C:35A6H         LINE#         275
  C:35A6H         LINE#         276
  C:35B0H         LINE#         277
  C:35B0H         LINE#         278
  C:35B9H         LINE#         279
  C:35B9H         LINE#         280
  C:35CDH         LINE#         281
  C:35CDH         LINE#         282
  C:35CDH         LINE#         283
  C:35CDH         LINE#         284
  C:35CDH         LINE#         285
  C:35CFH         LINE#         287
  C:35CFH         LINE#         288
  C:35DBH         LINE#         289
  C:35DBH         LINE#         290
  C:35ECH         LINE#         291
  C:35ECH         LINE#         292
  C:35ECH         LINE#         293
BL51 BANKED LINKER/LOCATER V6.22                                                      04/30/2019  15:46:27  PAGE 28


  C:35ECH         LINE#         294
  C:35ECH         LINE#         296
  C:35EEH         LINE#         298
  C:35EEH         LINE#         299
  C:35FFH         LINE#         300
  C:35FFH         LINE#         301
  C:35FFH         LINE#         302
  C:35FFH         LINE#         303
  C:35FFH         LINE#         305
  C:35FFH         LINE#         307
  C:35FFH         LINE#         308
  C:3601H         LINE#         310
  C:3601H         LINE#         311
  C:3614H         LINE#         312
  C:3614H         LINE#         313
  C:3625H         LINE#         314
  C:3625H         LINE#         315
  C:3625H         LINE#         316
  C:3625H         LINE#         317
  C:3625H         LINE#         318
  C:3627H         LINE#         320
  C:3627H         LINE#         321
  C:3638H         LINE#         322
  C:3638H         LINE#         323
  C:3649H         LINE#         324
  C:365AH         LINE#         325
  C:365AH         LINE#         326
  C:365AH         LINE#         327
  C:365AH         LINE#         328
  C:365AH         LINE#         330
  C:3674H         LINE#         331
  C:3674H         LINE#         332
  C:3679H         LINE#         333
  C:3679H         LINE#         334
  C:367FH         LINE#         335
  C:367FH         LINE#         336
  C:3682H         LINE#         337
  C:3687H         LINE#         338
  C:368CH         LINE#         339
  C:3691H         LINE#         340
  C:3696H         LINE#         341
  C:369BH         LINE#         342
  C:36A0H         LINE#         343
  C:36A5H         LINE#         344
  C:36A5H         LINE#         345
  C:36A5H         LINE#         347
  C:36C7H         LINE#         348
  C:36C7H         LINE#         349
  C:36D1H         LINE#         350
  C:36D1H         LINE#         351
  C:36D6H         LINE#         352
  C:36DFH         LINE#         353
  C:36F6H         LINE#         354
  C:36F6H         LINE#         355
  C:3706H         LINE#         357
  C:3706H         LINE#         361
  -------         ENDPROC       KEY_PROCESS
BL51 BANKED LINKER/LOCATER V6.22                                                      04/30/2019  15:46:27  PAGE 29


  -------         PROC          KEYPAD_IO_INIT
  C:4FDDH         LINE#         364
  C:4FDDH         LINE#         365
  C:4FDDH         LINE#         366
  C:4FE0H         LINE#         367
  C:4FE3H         LINE#         368
  C:4FE6H         LINE#         369
  C:4FE8H         LINE#         370
  -------         ENDPROC       KEYPAD_IO_INIT
  -------         ENDMOD        KEYPAD

  -------         MODULE        BIPOLARMOTOR
  C:0000H         SYMBOL        _ICE_DUMMY_
  X:0000H         PUBLIC        UTC_time
  D:0080H         PUBLIC        P0
  D:0090H         PUBLIC        P1
  X:0004H         PUBLIC        RX_pos_test
  D:00A0H         PUBLIC        P2
  D:00B0H         PUBLIC        P3
  D:00C0H         PUBLIC        P4
  D:00C8H         PUBLIC        P5
  D:00E8H         PUBLIC        P6
  D:00F8H         PUBLIC        P7
  X:00A4H         PUBLIC        low_date_azimuth_mapping
  D:00A8H         PUBLIC        IE
  C:42ECH         PUBLIC        linear_interpolate
  X:00CCH         PUBLIC        declination
  C:4D20H         PUBLIC        _Move
  D:00B8H         PUBLIC        IP
  X:00D0H         PUBLIC        time_offset
  D:00D8H         PUBLIC        CCON
  X:00D4H         PUBLIC        previous_move_time
  X:00D5H         PUBLIC        time
  D:0098H         PUBLIC        SCON
  D:0088H         PUBLIC        TCON
  C:5016H         PUBLIC        wait
  C:4BB3H         PUBLIC        _Step_move
  X:00E7H         PUBLIC        dat
  X:00EDH         PUBLIC        current_local_sun_time
  C:1D34H         PUBLIC        _Update_position
  C:30C2H         PUBLIC        _elevation_calculation
  X:00F1H         PUBLIC        sunCoord
  C:4A9BH         PUBLIC        vOneStepMove
  X:00F4H         PUBLIC        elevation_stamp
  X:0130H         PUBLIC        date_azimuth_mapping
  X:0158H         PUBLIC        location
  X:0160H         PUBLIC        RX_pos
  C:4F0AH         PUBLIC        vSetLocation
  C:4E9FH         PUBLIC        _BCDtoDec1
  X:03B8H         PUBLIC        degree
  C:237AH         PUBLIC        _TheoricalJP_Position
  D:00D0H         PUBLIC        PSW
  -------         PROC          VSETLOCATION
  C:4F0AH         LINE#         44
  C:4F0AH         LINE#         45
  C:4F0AH         LINE#         46
  C:4F14H         LINE#         47
BL51 BANKED LINKER/LOCATER V6.22                                                      04/30/2019  15:46:27  PAGE 30


  C:4F1EH         LINE#         48
  -------         ENDPROC       VSETLOCATION
  C:4E9BH         SYMBOL        L?0061
  -------         PROC          L?0060
  -------         ENDPROC       L?0060
  C:4E9BH         SYMBOL        L?0061
  -------         PROC          _BCDTODEC1
  D:0007H         SYMBOL        bcd
  -------         DO            
  D:0006H         SYMBOL        hi
  D:0007H         SYMBOL        lo
  -------         ENDDO         
  C:4E9FH         LINE#         49
  C:4E9FH         LINE#         50
  C:4E9FH         LINE#         52
  C:4EA4H         LINE#         53
  C:4EA8H         LINE#         54
  C:4EAFH         LINE#         55
  -------         ENDPROC       _BCDTODEC1
  -------         PROC          WAIT
  C:5016H         LINE#         57
  C:5016H         LINE#         59
  -------         ENDPROC       WAIT
  -------         PROC          VONESTEPMOVE
  B:0020H.7       SYMBOL        bDir
  C:4A9BH         LINE#         61
  C:4A9BH         LINE#         62
  C:4A9BH         LINE#         64
  C:4AA1H         LINE#         65
  C:4AA1H         LINE#         66
  C:4AA4H         LINE#         67
  C:4AADH         LINE#         68
  C:4AB4H         LINE#         69
  C:4AB9H         LINE#         70
  C:4AB9H         LINE#         71
  C:4AB9H         LINE#         73
  C:4ABBH         LINE#         76
  C:4ABBH         LINE#         77
  C:4ABEH         LINE#         78
  C:4AC7H         LINE#         79
  C:4ACEH         LINE#         80
  C:4AD4H         LINE#         81
  C:4ADDH         LINE#         82
  C:4AE4H         LINE#         83
  C:4AE4H         LINE#         87
  -------         ENDPROC       VONESTEPMOVE
  -------         PROC          _STEP_MOVE
  X:04CFH         SYMBOL        step
  B:0020H.6       SYMBOL        dir
  -------         DO            
  X:04D1H         SYMBOL        i
  -------         ENDDO         
  C:4BB3H         LINE#         89
  C:4BBBH         LINE#         90
  C:4BBBH         LINE#         92
  C:4BC0H         LINE#         95
  C:4BDBH         LINE#         96
BL51 BANKED LINKER/LOCATER V6.22                                                      04/30/2019  15:46:27  PAGE 31


  C:4BDBH         LINE#         97
  C:4BE2H         LINE#         99
  C:4BF2H         LINE#         101
  -------         ENDPROC       _STEP_MOVE
  -------         PROC          _MOVE
  X:04CBH         SYMBOL        distance
  B:0020H.5       SYMBOL        direction
  -------         DO            
  D:0006H         SYMBOL        step
  -------         ENDDO         
  C:4D20H         LINE#         103
  C:4D26H         LINE#         104
  C:4D26H         LINE#         107
  C:4D41H         LINE#         108
  -------         ENDPROC       _MOVE
  C:42DBH         SYMBOL        L?0059
  -------         PROC          L?0058
  -------         ENDPROC       L?0058
  C:42DBH         SYMBOL        L?0059
  -------         PROC          LINEAR_INTERPOLATE
  X:0496H         SYMBOL        p1
  X:049EH         SYMBOL        p2
  X:04A6H         SYMBOL        x
  -------         DO            
  D:0004H         SYMBOL        fx
  -------         ENDDO         
  C:42ECH         LINE#         141
  C:42ECH         LINE#         142
  C:42ECH         LINE#         145
  C:438BH         LINE#         147
  C:438BH         LINE#         148
  -------         ENDPROC       LINEAR_INTERPOLATE
  -------         PROC          _THEORICALJP_POSITION
  X:043AH         SYMBOL        azimuth
  X:043EH         SYMBOL        elevation
  -------         DO            
  X:0442H         SYMBOL        pos_interpolate_azimuth
  X:047EH         SYMBOL        JP_pos
  X:0482H         SYMBOL        i
  X:0484H         SYMBOL        yy
  X:0486H         SYMBOL        p1
  X:048EH         SYMBOL        p2
  -------         ENDDO         
  C:237AH         LINE#         151
  C:2380H         LINE#         152
  C:2380H         LINE#         154
  C:238AH         LINE#         157
  C:23A6H         LINE#         158
  C:23A6H         LINE#         159
  C:2416H         LINE#         160
  C:2416H         LINE#         161
  C:241DH         LINE#         162
  C:241DH         LINE#         163
  C:244AH         LINE#         164
  C:2465H         LINE#         166
  C:24ACH         LINE#         167
  C:24E0H         LINE#         169
BL51 BANKED LINKER/LOCATER V6.22                                                      04/30/2019  15:46:27  PAGE 32


  C:2526H         LINE#         170
  C:254BH         LINE#         172
  C:254BH         LINE#         174
  C:25C1H         LINE#         175
  C:25C1H         LINE#         176
  C:25C8H         LINE#         177
  C:25C8H         LINE#         178
  C:25F5H         LINE#         179
  C:2610H         LINE#         181
  C:2657H         LINE#         182
  C:268BH         LINE#         184
  C:26D1H         LINE#         185
  C:26F3H         LINE#         187
  C:26F3H         LINE#         188
  C:2707H         LINE#         191
  C:2723H         LINE#         192
  C:2723H         LINE#         193
  C:2793H         LINE#         194
  C:2793H         LINE#         195
  C:27C0H         LINE#         196
  C:27DBH         LINE#         198
  C:2808H         LINE#         199
  C:2823H         LINE#         201
  C:2855H         LINE#         204
  C:2855H         LINE#         206
  C:2866H         LINE#         207
  C:2874H         LINE#         209
  -------         ENDPROC       _THEORICALJP_POSITION
  -------         PROC          _UPDATE_POSITION
  D:0001H         SYMBOL        mnths
  D:0002H         SYMBOL        dys
  X:040EH         SYMBOL        hurs
  X:040FH         SYMBOL        mns
  X:0410H         SYMBOL        sconds
  X:0411H         SYMBOL        currnt_pos
  X:0414H         SYMBOL        offset_calib
  -------         DO            
  X:0418H         SYMBOL        date
  X:041AH         SYMBOL        i
  X:041CH         SYMBOL        yy
  X:041EH         SYMBOL        desired_distance
  X:0422H         SYMBOL        distance
  X:0426H         SYMBOL        JP_pos
  X:042AH         SYMBOL        elevation
  X:042EH         SYMBOL        azimuth
  X:0432H         SYMBOL        time_offset
  X:0436H         SYMBOL        UTC_time
  -------         ENDDO         
  C:1D34H         LINE#         212
  C:1D3DH         LINE#         215
  C:1D3DH         LINE#         216
  C:1D48H         LINE#         218
  C:1D64H         LINE#         219
  C:1D6EH         LINE#         225
  C:1D78H         LINE#         226
  C:1D83H         LINE#         227
  C:1D8EH         LINE#         228
BL51 BANKED LINKER/LOCATER V6.22                                                      04/30/2019  15:46:27  PAGE 33


  C:1DA7H         LINE#         229
  C:1DB8H         LINE#         230
  C:1DC7H         LINE#         233
  C:1DDBH         LINE#         237
  C:1E2DH         LINE#         238
  C:1F91H         LINE#         239
  C:1FE1H         LINE#         242
  C:2109H         LINE#         245
  C:21D8H         LINE#         252
  C:221FH         LINE#         253
  C:221FH         LINE#         255
  C:224AH         LINE#         256
  C:2279H         LINE#         258
  C:229EH         LINE#         259
  C:2303H         LINE#         260
  C:2303H         LINE#         261
  C:231DH         LINE#         262
  C:232FH         LINE#         263
  C:2347H         LINE#         264
  C:235DH         LINE#         266
  C:2379H         LINE#         267
  C:2379H         LINE#         268
  C:2379H         LINE#         271
  -------         ENDPROC       _UPDATE_POSITION
  -------         PROC          _ELEVATION_CALCULATION
  D:0007H         SYMBOL        mnths
  D:0005H         SYMBOL        dys
  X:03EAH         SYMBOL        hurs
  X:03EBH         SYMBOL        mns
  X:03ECH         SYMBOL        sconds
  C:30C2H         LINE#         273
  C:30C7H         LINE#         275
  C:30C7H         LINE#         276
  C:30D1H         LINE#         277
  C:30DAH         LINE#         278
  C:30E5H         LINE#         279
  C:30FEH         LINE#         280
  C:3112H         LINE#         281
  C:3124H         LINE#         285
  C:3176H         LINE#         286
  C:32DAH         LINE#         287
  C:332AH         LINE#         289
  C:3441H         LINE#         291
  -------         ENDPROC       _ELEVATION_CALCULATION
  -------         ENDMOD        BIPOLARMOTOR

  -------         MODULE        SUNPOS
  C:0000H         SYMBOL        _ICE_DUMMY_
  C:1592H         PUBLIC        sunpos
  -------         PROC          SUNPOS
  X:043AH         SYMBOL        udtTime
  X:044CH         SYMBOL        udtLocation
  X:0454H         SYMBOL        udtSunCoordinates
  -------         DO            
  X:0457H         SYMBOL        dElapsedJulianDays
  X:045BH         SYMBOL        dDecimalHours
  X:045FH         SYMBOL        dEclipticLongitude
BL51 BANKED LINKER/LOCATER V6.22                                                      04/30/2019  15:46:27  PAGE 34


  X:0463H         SYMBOL        dEclipticObliquity
  X:0467H         SYMBOL        dRightAscension
  X:046BH         SYMBOL        dDeclination
  X:046FH         SYMBOL        dY
  X:0473H         SYMBOL        dX
  -------         DO            
  X:0477H         SYMBOL        dJulianDate
  X:047BH         SYMBOL        liAux1
  X:047FH         SYMBOL        liAux2
  X:0477H         SYMBOL        dMeanLongitude
  X:047BH         SYMBOL        dMeanAnomaly
  X:047FH         SYMBOL        dOmega
  X:0477H         SYMBOL        dSin_EclipticLongitude
  X:0477H         SYMBOL        dGreenwichMeanSiderealTime
  X:047BH         SYMBOL        dLocalMeanSiderealTime
  X:047FH         SYMBOL        dLatitudeInRadians
  X:0483H         SYMBOL        dHourAngle
  X:0487H         SYMBOL        dCos_Latitude
  X:048BH         SYMBOL        dSin_Latitude
  X:048FH         SYMBOL        dCos_HourAngle
  X:0493H         SYMBOL        dParallax
  -------         ENDDO         
  -------         DO            
  X:0477H         SYMBOL        dMeanLongitude
  X:047BH         SYMBOL        dMeanAnomaly
  X:047FH         SYMBOL        dOmega
  X:0477H         SYMBOL        dSin_EclipticLongitude
  X:0477H         SYMBOL        dGreenwichMeanSiderealTime
  X:047BH         SYMBOL        dLocalMeanSiderealTime
  X:047FH         SYMBOL        dLatitudeInRadians
  X:0483H         SYMBOL        dHourAngle
  X:0487H         SYMBOL        dCos_Latitude
  X:048BH         SYMBOL        dSin_Latitude
  X:048FH         SYMBOL        dCos_HourAngle
  X:0493H         SYMBOL        dParallax
  -------         ENDDO         
  -------         DO            
  X:0477H         SYMBOL        dSin_EclipticLongitude
  X:0477H         SYMBOL        dGreenwichMeanSiderealTime
[...]
  C:4053H         LINE#         204
BL51 BANKED LINKER/LOCATER V6.22                                                      04/30/2019  15:46:27  PAGE 48


  C:4056H         LINE#         205
  C:406FH         LINE#         207
  C:408EH         LINE#         210
  C:4095H         LINE#         212
  C:4097H         LINE#         213
  C:409EH         LINE#         215
  C:40A5H         LINE#         216
  C:40A5H         LINE#         217
  C:40ACH         LINE#         218
  C:40ACH         LINE#         219
  C:40AFH         LINE#         220
  C:40B1H         LINE#         221
  C:40B4H         LINE#         223
  C:40B7H         LINE#         224
  C:40B7H         LINE#         226
  C:40BBH         LINE#         227
  C:40BBH         LINE#         233
  C:40DAH         LINE#         236
  C:40DCH         LINE#         237
  C:40DFH         LINE#         238
  C:40E6H         LINE#         240
  C:40EBH         LINE#         242
  -------         ENDPROC       _AT25SF041_READ
  -------         PROC          UCREAD_STATUS_REGISTER_BYTE1
  -------         DO            
  D:0003H         SYMBOL        dat
  D:0001H         SYMBOL        opcode
  X:04D3H         SYMBOL        count
  X:04D4H         SYMBOL        i
  -------         ENDDO         
  C:45A0H         LINE#         246
  C:45A0H         LINE#         247
  C:45A0H         LINE#         248
  C:45A6H         LINE#         249
  C:45AAH         LINE#         250
  C:45ACH         LINE#         251
  C:45AEH         LINE#         252
  C:45B4H         LINE#         256
  C:45BBH         LINE#         257
  C:45BBH         LINE#         258
  C:45BDH         LINE#         259
  C:45C0H         LINE#         260
  C:45C4H         LINE#         261
  C:45C4H         LINE#         262
  C:45C6H         LINE#         263
  C:45C8H         LINE#         265
  C:45C8H         LINE#         266
  C:45CAH         LINE#         268
  C:45CAH         LINE#         269
  C:45CAH         LINE#         270
  C:45CAH         LINE#         271
  C:45CDH         LINE#         272
  C:45D1H         LINE#         275
  C:45F0H         LINE#         279
  C:45F7H         LINE#         281
  C:45F9H         LINE#         282
  C:4600H         LINE#         283
BL51 BANKED LINKER/LOCATER V6.22                                                      04/30/2019  15:46:27  PAGE 49


  C:4607H         LINE#         284
  C:4607H         LINE#         285
  C:460BH         LINE#         286
  C:460BH         LINE#         287
  C:460EH         LINE#         288
  C:4610H         LINE#         289
  C:4613H         LINE#         291
  C:4616H         LINE#         292
  C:4616H         LINE#         294
  C:461AH         LINE#         295
  C:461AH         LINE#         297
  C:4639H         LINE#         301
  C:463BH         LINE#         302
  C:463EH         LINE#         303
  C:4640H         LINE#         304
  -------         ENDPROC       UCREAD_STATUS_REGISTER_BYTE1
  -------         PROC          SPI_NOR_WRITE_DATA
  X:03E8H         SYMBOL        dat
  X:03F3H         SYMBOL        addr
  C:3A47H         LINE#         306
  C:3A47H         LINE#         307
  C:3A47H         LINE#         309
  C:3A4AH         LINE#         311
  C:3A64H         LINE#         312
  C:3A82H         LINE#         314
  C:3A89H         LINE#         315
  C:3A8CH         LINE#         317
  C:3AA6H         LINE#         318
  C:3AA6H         LINE#         319
  C:3AA6H         LINE#         322
  C:3AA9H         LINE#         324
  C:3AC3H         LINE#         325
  C:3AC3H         LINE#         326
  C:3AC3H         LINE#         328
  C:3AC6H         LINE#         330
  C:3AE0H         LINE#         331
  C:3AE0H         LINE#         332
  C:3AE0H         LINE#         334
  C:3AE3H         LINE#         336
  C:3AFDH         LINE#         337
  C:3AFDH         LINE#         338
  C:3AFDH         LINE#         340
  C:3B00H         LINE#         342
  C:3B1AH         LINE#         343
  C:3B1AH         LINE#         344
  C:3B1AH         LINE#         346
  C:3B1DH         LINE#         348
  C:3B37H         LINE#         349
  C:3B37H         LINE#         350
  C:3B37H         LINE#         352
  C:3B3AH         LINE#         354
  C:3B54H         LINE#         355
  C:3B54H         LINE#         356
  C:3B54H         LINE#         358
  C:3B57H         LINE#         360
  C:3B71H         LINE#         361
  C:3B71H         LINE#         362
BL51 BANKED LINKER/LOCATER V6.22                                                      04/30/2019  15:46:27  PAGE 50


  C:3B71H         LINE#         364
  C:3B74H         LINE#         366
  C:3B8EH         LINE#         367
  C:3B8EH         LINE#         368
  C:3B8EH         LINE#         370
  C:3B91H         LINE#         372
  C:3BABH         LINE#         373
  C:3BB2H         LINE#         374
  -------         ENDPROC       SPI_NOR_WRITE_DATA
  -------         ENDMOD        AT25SF041

  -------         MODULE        SI1120
  C:0000H         SYMBOL        _ICE_DUMMY_
  D:0080H         PUBLIC        P0
  D:0090H         PUBLIC        P1
  D:00A0H         PUBLIC        P2
  D:00B0H         PUBLIC        P3
  D:00C0H         PUBLIC        P4
  D:00C8H         PUBLIC        P5
  B:00A8H.7       PUBLIC        EA
  D:00E8H         PUBLIC        P6
  D:00F8H         PUBLIC        P7
  D:00A8H         PUBLIC        IE
  D:00B8H         PUBLIC        IP
  C:4E78H         PUBLIC        SI1120_CONFIG_MODE_VIRH
  D:00D8H         PUBLIC        CCON
  D:0098H         PUBLIC        SCON
  D:0088H         PUBLIC        TCON
  C:4FFDH         PUBLIC        Enable_EXTINT0
  B:0090H.5       PUBLIC        SI1120_STX
  B:0088H.0       PUBLIC        IT0
  B:00A8H.0       PUBLIC        EX0
  B:0090H.4       PUBLIC        SI1120_MD
  B:0090H.3       PUBLIC        SI1120_SC
  D:00D0H         PUBLIC        PSW
  -------         PROC          SI1120_CONFIG_MODE_VIRH
  C:4E78H         LINE#         4
  C:4E78H         LINE#         5
  C:4E78H         LINE#         6
  C:4E7AH         LINE#         7
  C:4E7CH         LINE#         8
  C:4E7EH         LINE#         10
  C:4E85H         LINE#         12
  C:4E87H         LINE#         13
  C:4E89H         LINE#         14
  C:4E8BH         LINE#         16
  C:4E92H         LINE#         18
  C:4E94H         LINE#         20
  -------         ENDPROC       SI1120_CONFIG_MODE_VIRH
  -------         PROC          ENABLE_EXTINT0
  C:4FFDH         LINE#         22
  C:4FFDH         LINE#         23
  C:4FFDH         LINE#         24
  C:4FFFH         LINE#         25
  C:5001H         LINE#         26
  C:5003H         LINE#         27
  -------         ENDPROC       ENABLE_EXTINT0
BL51 BANKED LINKER/LOCATER V6.22                                                      04/30/2019  15:46:27  PAGE 51


  -------         ENDMOD        SI1120

  -------         MODULE        ?C_STARTUP
  C:477AH         SEGMENT       ?C_C51STARTUP
  I:0022H         SEGMENT       ?STACK
  C:0000H         PUBLIC        ?C_STARTUP
  D:00E0H         SYMBOL        ACC
  D:00F0H         SYMBOL        B
  D:0083H         SYMBOL        DPH
  D:0082H         SYMBOL        DPL
  N:0000H         SYMBOL        IBPSTACK
  N:0100H         SYMBOL        IBPSTACKTOP
  N:0080H         SYMBOL        IDATALEN
  C:477DH         SYMBOL        IDATALOOP
  N:0000H         SYMBOL        PBPSTACK
  N:0100H         SYMBOL        PBPSTACKTOP
  N:0000H         SYMBOL        PDATALEN
  N:0000H         SYMBOL        PDATASTART
  N:0000H         SYMBOL        PPAGE
  N:0000H         SYMBOL        PPAGEENABLE
  D:00A0H         SYMBOL        PPAGE_SFR
  D:0081H         SYMBOL        SP
  C:477AH         SYMBOL        STARTUP1
  N:0000H         SYMBOL        XBPSTACK
  N:0000H         SYMBOL        XBPSTACKTOP
  N:0000H         SYMBOL        XDATALEN
  N:0000H         SYMBOL        XDATASTART
  C:0000H         LINE#         126
  C:477AH         LINE#         133
  C:477CH         LINE#         134
  C:477DH         LINE#         135
  C:477EH         LINE#         136
  C:4780H         LINE#         185
  C:4783H         LINE#         196
  -------         ENDMOD        ?C_STARTUP

  -------         MODULE        ?C?FPADD
  C:0BE3H         PUBLIC        ?C?FPADD
  C:0BDFH         PUBLIC        ?C?FPSUB
  -------         ENDMOD        ?C?FPADD

  -------         MODULE        ?C?FPMUL
  C:0CD4H         PUBLIC        ?C?FPMUL
  -------         ENDMOD        ?C?FPMUL

  -------         MODULE        ?C?FPDIV
  C:0DDDH         PUBLIC        ?C?FPDIV
  -------         ENDMOD        ?C?FPDIV

  -------         MODULE        ?C?FPCMP
  C:0E7CH         PUBLIC        ?C?FPCMP
  C:0E7AH         PUBLIC        ?C?FPCMP3
  -------         ENDMOD        ?C?FPCMP

  -------         MODULE        ?C?FPNEG
  C:0EF3H         PUBLIC        ?C?FPNEG
  -------         ENDMOD        ?C?FPNEG
BL51 BANKED LINKER/LOCATER V6.22                                                      04/30/2019  15:46:27  PAGE 52



  -------         MODULE        ?C?FCAST
  C:0F0EH         PUBLIC        ?C?FCASTC
  C:0F09H         PUBLIC        ?C?FCASTI
  C:0F04H         PUBLIC        ?C?FCASTL
  -------         ENDMOD        ?C?FCAST

  -------         MODULE        ?C?CASTF
  C:0F42H         PUBLIC        ?C?CASTF
  -------         ENDMOD        ?C?CASTF

  -------         MODULE        ATAN2
  X:0497H         PUBLIC        ?_atan2?BYTE
  C:4641H         PUBLIC        _atan2
  -------         ENDMOD        ATAN2

  -------         MODULE        SIN
  C:3C18H         PUBLIC        _COS
  C:3C2EH         PUBLIC        _SIN
  C:3C6AH         PUBLIC        _TAN
  -------         ENDMOD        SIN

  -------         MODULE        ACOS
  C:4AE5H         PUBLIC        _ACOS
  -------         ENDMOD        ACOS

  -------         MODULE        ASIN
  C:4C30H         PUBLIC        _ASIN
  -------         ENDMOD        ASIN

  -------         MODULE        SQRT
  C:44F8H         PUBLIC        _SQRT
  -------         ENDMOD        SQRT

  -------         MODULE        ATAN
  C:3EDAH         PUBLIC        _ATAN
  -------         ENDMOD        ATAN

  -------         MODULE        ?C?COPY
  C:10E0H         PUBLIC        ?C?COPY
  -------         ENDMOD        ?C?COPY

  -------         MODULE        ?C?CLDPTR
  C:1106H         PUBLIC        ?C?CLDPTR
  -------         ENDMOD        ?C?CLDPTR

  -------         MODULE        ?C?CLDOPTR
  C:111FH         PUBLIC        ?C?CLDOPTR
  -------         ENDMOD        ?C?CLDOPTR

  -------         MODULE        ?C?CSTPTR
  C:114CH         PUBLIC        ?C?CSTPTR
  -------         ENDMOD        ?C?CSTPTR

  -------         MODULE        ?C?IMUL
  C:115EH         PUBLIC        ?C?IMUL
  -------         ENDMOD        ?C?IMUL
BL51 BANKED LINKER/LOCATER V6.22                                                      04/30/2019  15:46:27  PAGE 53



  -------         MODULE        ?C?UIDIV
  C:1170H         PUBLIC        ?C?UIDIV
  -------         ENDMOD        ?C?UIDIV

  -------         MODULE        ?C?SIDIV
  C:11C5H         PUBLIC        ?C?SIDIV
  -------         ENDMOD        ?C?SIDIV

  -------         MODULE        ?C?ILDIX
  C:11FBH         PUBLIC        ?C?ILDIX
  -------         ENDMOD        ?C?ILDIX

  -------         MODULE        ?C?ILDOPTR
  C:1211H         PUBLIC        ?C?ILDOPTR
  -------         ENDMOD        ?C?ILDOPTR

  -------         MODULE        ?C?ISTPTR
  C:1249H         PUBLIC        ?C?ISTPTR
  -------         ENDMOD        ?C?ISTPTR

  -------         MODULE        ?C?LMUL
  C:1268H         PUBLIC        ?C?LMUL
  -------         ENDMOD        ?C?LMUL

  -------         MODULE        ?C?SLDIV
  C:4B2FH         PUBLIC        ?C?SLDIV
  -------         ENDMOD        ?C?SLDIV

  -------         MODULE        ?C?LNEG
  C:12B7H         PUBLIC        ?C?LNEG
  -------         ENDMOD        ?C?LNEG

  -------         MODULE        ?C?ULCMP
  C:12C5H         PUBLIC        ?C?ULCMP
  -------         ENDMOD        ?C?ULCMP

  -------         MODULE        ?C?LSHL
  C:12D6H         PUBLIC        ?C?LSHL
  -------         ENDMOD        ?C?LSHL

  -------         MODULE        ?C?LLDPTR
  C:12E9H         PUBLIC        ?C?LLDPTR
  -------         ENDMOD        ?C?LLDPTR

  -------         MODULE        ?C?LLDOPTR
  C:1309H         PUBLIC        ?C?LLDOPTR
  -------         ENDMOD        ?C?LLDOPTR

  -------         MODULE        ?C?LSTPTR
  C:1339H         PUBLIC        ?C?LSTPTR
  -------         ENDMOD        ?C?LSTPTR

  -------         MODULE        ?C?LSTOPTR
  C:1353H         PUBLIC        ?C?LSTOPTR
  -------         ENDMOD        ?C?LSTOPTR

BL51 BANKED LINKER/LOCATER V6.22                                                      04/30/2019  15:46:27  PAGE 54


  -------         MODULE        ?C?LLDXDATA
  C:1377H         PUBLIC        ?C?LLDXDATA
  -------         ENDMOD        ?C?LLDXDATA

  -------         MODULE        ?C?LLDCODE
  C:1383H         PUBLIC        ?C?LLDCODE
  -------         ENDMOD        ?C?LLDCODE

  -------         MODULE        ?C?LLDXDATA0
  C:1393H         PUBLIC        ?C?LLDXDATA0
  -------         ENDMOD        ?C?LLDXDATA0

  -------         MODULE        ?C?LLDCODE0
  C:139FH         PUBLIC        ?C?LLDCODE0
  -------         ENDMOD        ?C?LLDCODE0

  -------         MODULE        ?C?LLDPTR0
  C:13AFH         PUBLIC        ?C?LLDPTR0
  -------         ENDMOD        ?C?LLDPTR0

  -------         MODULE        ?C?LSTXDATA
  C:13CFH         PUBLIC        ?C?LSTXDATA
  -------         ENDMOD        ?C?LSTXDATA

  -------         MODULE        ?C?LSTKXDATA
  C:13DBH         PUBLIC        ?C?LSTKXDATA
  -------         ENDMOD        ?C?LSTKXDATA

  -------         MODULE        ?C?LSTKPTR
  C:140CH         PUBLIC        ?C?LSTKPTR
  -------         ENDMOD        ?C?LSTKPTR

  -------         MODULE        ?C?OFFXADD
  C:1426H         PUBLIC        ?C?OFFXADD
  -------         ENDMOD        ?C?OFFXADD

  -------         MODULE        ATOI
  C:41EEH         PUBLIC        _atoi
  -------         ENDMOD        ATOI

  -------         MODULE        ?C?IILDX
  C:1432H         PUBLIC        ?C?IILDX
  -------         ENDMOD        ?C?IILDX

  -------         MODULE        ?C?ULDIV
  C:1484H         PUBLIC        ?C?ULDIV
  -------         ENDMOD        ?C?ULDIV

  -------         MODULE        ?C?LLDIDATA
  C:1516H         PUBLIC        ?C?LLDIDATA
  -------         ENDMOD        ?C?LLDIDATA

  -------         MODULE        ?C?LLDPDATA
  C:1522H         PUBLIC        ?C?LLDPDATA
  -------         ENDMOD        ?C?LLDPDATA

  -------         MODULE        ?C?LLDIDATA0
BL51 BANKED LINKER/LOCATER V6.22                                                      04/30/2019  15:46:27  PAGE 55


  C:152EH         PUBLIC        ?C?LLDIDATA0
  -------         ENDMOD        ?C?LLDIDATA0

  -------         MODULE        ?C?LLDPDATA0
  C:153BH         PUBLIC        ?C?LLDPDATA0
  -------         ENDMOD        ?C?LLDPDATA0

  -------         MODULE        ?C?LSTIDATA
  C:1548H         PUBLIC        ?C?LSTIDATA
  -------         ENDMOD        ?C?LSTIDATA

  -------         MODULE        ?C?LSTPDATA
  C:1554H         PUBLIC        ?C?LSTPDATA
  -------         ENDMOD        ?C?LSTPDATA

  -------         MODULE        ?C?LSTKIDATA
  C:1560H         PUBLIC        ?C?LSTKIDATA
  -------         ENDMOD        ?C?LSTKIDATA

  -------         MODULE        ?C?LSTKPDATA
  C:1579H         PUBLIC        ?C?LSTKPDATA
  -------         ENDMOD        ?C?LSTKPDATA

  -------         MODULE        ISDIGIT
  C:4FC1H         PUBLIC        _isdigit
  -------         ENDMOD        ISDIGIT

  -------         MODULE        ISSPACE
  C:4F5CH         PUBLIC        _isspace
  -------         ENDMOD        ISSPACE

*** WARNING L16: UNCALLED SEGMENT, IGNORED FOR OVERLAY PROCESS
    SEGMENT: ?PR?_DAY_OF_YEAR?PCF85063BTL

*** WARNING L16: UNCALLED SEGMENT, IGNORED FOR OVERLAY PROCESS
    SEGMENT: ?PR?INITUART1?UART1

*** WARNING L16: UNCALLED SEGMENT, IGNORED FOR OVERLAY PROCESS
    SEGMENT: ?PR?_SENDSTRING?UART1

*** WARNING L16: UNCALLED SEGMENT, IGNORED FOR OVERLAY PROCESS
    SEGMENT: ?PR?_TEN?UART1

*** WARNING L16: UNCALLED SEGMENT, IGNORED FOR OVERLAY PROCESS
    SEGMENT: ?PR?_UNIT?UART1

*** WARNING L16: UNCALLED SEGMENT, IGNORED FOR OVERLAY PROCESS
    SEGMENT: ?PR?_DECTOBCD?UART1

*** WARNING L16: UNCALLED SEGMENT, IGNORED FOR OVERLAY PROCESS
    SEGMENT: ?PR?_ASCII_LETTER?UART1

*** WARNING L16: UNCALLED SEGMENT, IGNORED FOR OVERLAY PROCESS
    SEGMENT: ?PR?_ASCIITOBCD?UART1

*** WARNING L16: UNCALLED SEGMENT, IGNORED FOR OVERLAY PROCESS
    SEGMENT: ?PR?WAIT?BIPOLARMOTOR
BL51 BANKED LINKER/LOCATER V6.22                                                      04/30/2019  15:46:27  PAGE 56



*** WARNING L16: UNCALLED SEGMENT, IGNORED FOR OVERLAY PROCESS
    SEGMENT: ?PR?NOP?IOEXPANDER_PI4IOE5V96248

*** WARNING L16: UNCALLED SEGMENT, IGNORED FOR OVERLAY PROCESS
    SEGMENT: ?PR?UC_ACK?IOEXPANDER_PI4IOE5V96248

*** WARNING L16: UNCALLED SEGMENT, IGNORED FOR OVERLAY PROCESS
    SEGMENT: ?PR?UC_NACK?IOEXPANDER_PI4IOE5V96248

*** WARNING L16: UNCALLED SEGMENT, IGNORED FOR OVERLAY PROCESS
    SEGMENT: ?PR?_AT25SF041_READ?AT25SF041

*** WARNING L1: UNRESOLVED EXTERNAL SYMBOL
    SYMBOL:  AUTO_MODE
    MODULE:  .\Obj\main.obj (MAIN)

*** WARNING L1: UNRESOLVED EXTERNAL SYMBOL
    SYMBOL:  SPI_NOR_CLEARENABLE
    MODULE:  .\Obj\main.obj (MAIN)

*** WARNING L2: REFERENCE MADE TO UNRESOLVED EXTERNAL
    SYMBOL:  AUTO_MODE
    MODULE:  .\Obj\main.obj (MAIN)
    ADDRESS: 003BH

*** WARNING L2: REFERENCE MADE TO UNRESOLVED EXTERNAL
    SYMBOL:  SPI_NOR_CLEARENABLE
    MODULE:  .\Obj\main.obj (MAIN)
    ADDRESS: 0041H

*** WARNING L2: REFERENCE MADE TO UNRESOLVED EXTERNAL
    SYMBOL:  AUTO_MODE
    MODULE:  .\Obj\main.obj (MAIN)
    ADDRESS: 01BEH

*** WARNING L2: REFERENCE MADE TO UNRESOLVED EXTERNAL
    SYMBOL:  AUTO_MODE
    MODULE:  .\Obj\main.obj (MAIN)
    ADDRESS: 01CCH

*** WARNING L2: REFERENCE MADE TO UNRESOLVED EXTERNAL
    SYMBOL:  AUTO_MODE
    MODULE:  .\Obj\main.obj (MAIN)
    ADDRESS: 01DEH

*** WARNING L2: REFERENCE MADE TO UNRESOLVED EXTERNAL
    SYMBOL:  AUTO_MODE
    MODULE:  .\Obj\main.obj (MAIN)
    ADDRESS: 0220H

*** WARNING L2: REFERENCE MADE TO UNRESOLVED EXTERNAL
    SYMBOL:  AUTO_MODE
    MODULE:  .\Obj\main.obj (MAIN)
    ADDRESS: 02F3H

*** WARNING L2: REFERENCE MADE TO UNRESOLVED EXTERNAL
BL51 BANKED LINKER/LOCATER V6.22                                                      04/30/2019  15:46:27  PAGE 57


    SYMBOL:  SPI_NOR_CLEARENABLE
    MODULE:  .\Obj\main.obj (MAIN)
    ADDRESS: 0B47H

*** WARNING L2: REFERENCE MADE TO UNRESOLVED EXTERNAL
    SYMBOL:  SPI_NOR_CLEARENABLE
    MODULE:  .\Obj\main.obj (MAIN)
    ADDRESS: 0BB0H

*** WARNING L1: UNRESOLVED EXTERNAL SYMBOL
    SYMBOL:  _SENDUART1
    MODULE:  .\Obj\UART1.obj (UART1)

*** WARNING L2: REFERENCE MADE TO UNRESOLVED EXTERNAL
    SYMBOL:  _SENDUART1
    MODULE:  .\Obj\UART1.obj (UART1)
    ADDRESS: 4C99H

*** WARNING L1: UNRESOLVED EXTERNAL SYMBOL
    SYMBOL:  AUTO_MODE
    MODULE:  .\Obj\KeyPad.obj (KEYPAD)

*** WARNING L1: UNRESOLVED EXTERNAL SYMBOL
    SYMBOL:  SPI_NOR_CLEARENABLE
    MODULE:  .\Obj\KeyPad.obj (KEYPAD)

*** WARNING L2: REFERENCE MADE TO UNRESOLVED EXTERNAL
    SYMBOL:  AUTO_MODE
    MODULE:  .\Obj\KeyPad.obj (KEYPAD)
    ADDRESS: 348FH

*** WARNING L2: REFERENCE MADE TO UNRESOLVED EXTERNAL
    SYMBOL:  AUTO_MODE
    MODULE:  .\Obj\KeyPad.obj (KEYPAD)
    ADDRESS: 349AH

*** WARNING L2: REFERENCE MADE TO UNRESOLVED EXTERNAL
    SYMBOL:  AUTO_MODE
    MODULE:  .\Obj\KeyPad.obj (KEYPAD)
    ADDRESS: 34A1H

*** WARNING L2: REFERENCE MADE TO UNRESOLVED EXTERNAL
    SYMBOL:  SPI_NOR_CLEARENABLE
    MODULE:  .\Obj\KeyPad.obj (KEYPAD)
    ADDRESS: 3675H

*** WARNING L2: REFERENCE MADE TO UNRESOLVED EXTERNAL
    SYMBOL:  SPI_NOR_CLEARENABLE
    MODULE:  .\Obj\KeyPad.obj (KEYPAD)
    ADDRESS: 367AH

Program Size: data=10.2 xdata=1529 code=20504
LINK/LOCATE RUN COMPLETE.  33 WARNING(S),  0 ERROR(S)
