BL51 BANKED LINKER/LOCATER V6.22                                                        07/18/2019  10:42:54  PAGE 1


BL51 BANKED LINKER/LOCATER V6.22, INVOKED BY:
C:\KEIL_V5\C51\BIN\BL51.EXE .\Obj\main.obj, .\Obj\PCF85063BTL.obj, .\Obj\LCd_Driver_SPLC780D.obj, .\Obj\KeyPad.obj, .\Ob
>> j\BipolarMotor.obj, .\Obj\SunPos.obj, .\Obj\ADC.obj, .\Obj\Calibration.obj, .\Obj\IOExpander_PI4IOE5V96248.obj, .\Obj
>> \AT25SF041.obj, .\Obj\SI1120.obj, .\Obj\UART1.obj, .\Obj\STARTUP.obj TO .\Obj\GPIO_RTC_Test PRINT (.\Lis\GPIO_RTC_Tes
>> t.m51) RAMSIZE (256)


MEMORY MODEL: LARGE WITH FLOATING POINT ARITHMETIC


INPUT MODULES INCLUDED:
  .\Obj\main.obj (MAIN)
  .\Obj\PCF85063BTL.obj (PCF85063BTL)
  .\Obj\LCd_Driver_SPLC780D.obj (LCD_DRIVER_SPLC780D)
  .\Obj\KeyPad.obj (KEYPAD)
  .\Obj\BipolarMotor.obj (BIPOLARMOTOR)
  .\Obj\SunPos.obj (SUNPOS)
  .\Obj\ADC.obj (ADC)
  .\Obj\Calibration.obj (CALIBRATION)
  .\Obj\IOExpander_PI4IOE5V96248.obj (IOEXPANDER_PI4IOE5V96248)
  .\Obj\AT25SF041.obj (AT25SF041)
  .\Obj\SI1120.obj (SI1120)
  .\Obj\UART1.obj (UART1)
  .\Obj\STARTUP.obj (?C_STARTUP)
  C:\KEIL_V5\C51\LIB\C51FPL.LIB (?C?FPADD)
  C:\KEIL_V5\C51\LIB\C51FPL.LIB (?C?FPMUL)
  C:\KEIL_V5\C51\LIB\C51FPL.LIB (?C?FPDIV)
  C:\KEIL_V5\C51\LIB\C51FPL.LIB (?C?FPCMP)
  C:\KEIL_V5\C51\LIB\C51FPL.LIB (?C?FPNEG)
  C:\KEIL_V5\C51\LIB\C51FPL.LIB (?C?FCAST)
  C:\KEIL_V5\C51\LIB\C51FPL.LIB (?C?CASTF)
  C:\KEIL_V5\C51\LIB\C51FPL.LIB (PRINTF)
  C:\KEIL_V5\C51\LIB\C51FPL.LIB (FABS)
  C:\KEIL_V5\C51\LIB\C51FPL.LIB (ATAN2)
  C:\KEIL_V5\C51\LIB\C51FPL.LIB (SIN)
  C:\KEIL_V5\C51\LIB\C51FPL.LIB (ACOS)
  C:\KEIL_V5\C51\LIB\C51FPL.LIB (ASIN)
  C:\KEIL_V5\C51\LIB\C51FPL.LIB (POW)
  C:\KEIL_V5\C51\LIB\C51FPL.LIB (?C?FPGETOPN)
  C:\KEIL_V5\C51\LIB\C51FPL.LIB (?C?CHKFLOAT)
  C:\KEIL_V5\C51\LIB\C51FPL.LIB (?C?FPROUND)
  C:\KEIL_V5\C51\LIB\C51FPL.LIB (?C?FPCONVERT)
  C:\KEIL_V5\C51\LIB\C51FPL.LIB (?C?FPSERIES)
  C:\KEIL_V5\C51\LIB\C51FPL.LIB (EXP)
  C:\KEIL_V5\C51\LIB\C51FPL.LIB (LOG)
  C:\KEIL_V5\C51\LIB\C51FPL.LIB (SQRT)
  C:\KEIL_V5\C51\LIB\C51FPL.LIB (ATAN)
  C:\KEIL_V5\C51\LIB\C51FPL.LIB (?C?FTNPWR)
  C:\KEIL_V5\C51\LIB\C51L.LIB (?C_INIT)
  C:\KEIL_V5\C51\LIB\C51L.LIB (?C?COPY)
  C:\KEIL_V5\C51\LIB\C51L.LIB (?C?CLDPTR)
  C:\KEIL_V5\C51\LIB\C51L.LIB (?C?CLDOPTR)
  C:\KEIL_V5\C51\LIB\C51L.LIB (?C?CSTPTR)
  C:\KEIL_V5\C51\LIB\C51L.LIB (?C?IMUL)
  C:\KEIL_V5\C51\LIB\C51L.LIB (?C?UIDIV)
  C:\KEIL_V5\C51\LIB\C51L.LIB (?C?SIDIV)
  C:\KEIL_V5\C51\LIB\C51L.LIB (?C?ILDIX)
  C:\KEIL_V5\C51\LIB\C51L.LIB (?C?ILDOPTR)
BL51 BANKED LINKER/LOCATER V6.22                                                      07/18/2019  10:42:54  PAGE 2


  C:\KEIL_V5\C51\LIB\C51L.LIB (?C?ISTPTR)
  C:\KEIL_V5\C51\LIB\C51L.LIB (?C?LMUL)
  C:\KEIL_V5\C51\LIB\C51L.LIB (?C?SLDIV)
  C:\KEIL_V5\C51\LIB\C51L.LIB (?C?LNEG)
  C:\KEIL_V5\C51\LIB\C51L.LIB (?C?ULCMP)
  C:\KEIL_V5\C51\LIB\C51L.LIB (?C?LSHL)
  C:\KEIL_V5\C51\LIB\C51L.LIB (?C?LLDPTR)
  C:\KEIL_V5\C51\LIB\C51L.LIB (?C?LLDOPTR)
  C:\KEIL_V5\C51\LIB\C51L.LIB (?C?LSTPTR)
  C:\KEIL_V5\C51\LIB\C51L.LIB (?C?LSTOPTR)
  C:\KEIL_V5\C51\LIB\C51L.LIB (?C?LLDXDATA)
  C:\KEIL_V5\C51\LIB\C51L.LIB (?C?LLDCODE)
  C:\KEIL_V5\C51\LIB\C51L.LIB (?C?LLDXDATA0)
  C:\KEIL_V5\C51\LIB\C51L.LIB (?C?LLDCODE0)
  C:\KEIL_V5\C51\LIB\C51L.LIB (?C?LLDPTR0)
  C:\KEIL_V5\C51\LIB\C51L.LIB (?C?LSTXDATA)
  C:\KEIL_V5\C51\LIB\C51L.LIB (?C?LSTKXDATA)
  C:\KEIL_V5\C51\LIB\C51L.LIB (?C?LSTKPTR)
  C:\KEIL_V5\C51\LIB\C51L.LIB (?C?OFFXADD)
  C:\KEIL_V5\C51\LIB\C51L.LIB (?C?PLDIXDATA)
  C:\KEIL_V5\C51\LIB\C51L.LIB (?C?PSTXDATA)
  C:\KEIL_V5\C51\LIB\C51L.LIB (?C?CCASE)
  C:\KEIL_V5\C51\LIB\C51L.LIB (PUTCHAR)
  C:\KEIL_V5\C51\LIB\C51L.LIB (ABS)
  C:\KEIL_V5\C51\LIB\C51L.LIB (ATOI)
  C:\KEIL_V5\C51\LIB\C51L.LIB (?C?IILDX)
  C:\KEIL_V5\C51\LIB\C51L.LIB (?C?ULDIV)
  C:\KEIL_V5\C51\LIB\C51L.LIB (?C?LLDIDATA)
  C:\KEIL_V5\C51\LIB\C51L.LIB (?C?LLDPDATA)
  C:\KEIL_V5\C51\LIB\C51L.LIB (?C?LLDIDATA0)
  C:\KEIL_V5\C51\LIB\C51L.LIB (?C?LLDPDATA0)
  C:\KEIL_V5\C51\LIB\C51L.LIB (?C?LSTIDATA)
  C:\KEIL_V5\C51\LIB\C51L.LIB (?C?LSTPDATA)
  C:\KEIL_V5\C51\LIB\C51L.LIB (?C?LSTKIDATA)
  C:\KEIL_V5\C51\LIB\C51L.LIB (?C?LSTKPDATA)
  C:\KEIL_V5\C51\LIB\C51L.LIB (ISDIGIT)
  C:\KEIL_V5\C51\LIB\C51L.LIB (ISSPACE)


LINK MAP OF MODULE:  .\Obj\GPIO_RTC_Test (MAIN)


            TYPE    BASE      LENGTH    RELOCATION   SEGMENT NAME
            -----------------------------------------------------

            * * * * * * *   D A T A   M E M O R Y   * * * * * * *
            REG     0000H     0008H     ABSOLUTE     "REG BANK 0"
            DATA    0008H     0005H     UNIT         _DATA_GROUP_
                    000DH     0013H                  *** GAP ***
            BIT     0020H.0   0001H.2   UNIT         _BIT_GROUP_
            BIT     0021H.2   0000H.1   UNIT         ?BI?MAIN
            BIT     0021H.3   0000H.1   UNIT         ?BI?_ATOI?ATOI
                    0021H.4   0000H.4                *** GAP ***
            IDATA   0022H     0001H     UNIT         ?STACK

            * * * * * * *  X D A T A   M E M O R Y  * * * * * * *
            XDATA   0000H     03BCH     UNIT         ?XD?BIPOLARMOTOR
BL51 BANKED LINKER/LOCATER V6.22                                                      07/18/2019  10:42:54  PAGE 3


            XDATA   03BCH     015DH     UNIT         _XDATA_GROUP_
            XDATA   0519H     010BH     UNIT         ?XD?MAIN
            XDATA   0624H     0019H     UNIT         ?XD?KEYPAD
            XDATA   063DH     0008H     UNIT         ?XD?_AT25SF041_READ?AT25SF041
            XDATA   0645H     0005H     UNIT         ?XD?_ATOI?ATOI
            XDATA   064AH     0001H     UNIT         ?XD?UC_ACK?IOEXPANDER_PI4IOE5V96248
            XDATA   064BH     0001H     UNIT         ?XD?UC_NACK?IOEXPANDER_PI4IOE5V96248

            * * * * * * *   C O D E   M E M O R Y   * * * * * * *
            CODE    0000H     0003H     ABSOLUTE     
            CODE    0003H     0003H     ABSOLUTE     
            CODE    0006H     0005H     UNIT         ?PR?_UNIT?UART1
            CODE    000BH     0003H     ABSOLUTE     
            CODE    000EH     000DH     UNIT         ?PR?UART?MAIN
            CODE    001BH     0003H     ABSOLUTE     
            CODE    001EH     0005H     UNIT         ?PR?_ASCII_LETTER?UART1
            CODE    0023H     0003H     ABSOLUTE     
            CODE    0026H     1076H     UNIT         ?PR?MAIN?MAIN
            CODE    109CH     0BC8H     UNIT         ?C?LIB_CODE
            CODE    1C64H     07A2H     UNIT         ?PR?SUNPOS?SUNPOS
            CODE    2406H     06F4H     UNIT         ?PR?_FIND_REAL_MAX?CALIBRATION
            CODE    2AFAH     0631H     UNIT         ?PR?_UPDATE_POSITION?BIPOLARMOTOR
            CODE    312BH     04FBH     UNIT         ?PR?_THEORICALJP_POSITION?BIPOLARMOTOR
            CODE    3626H     0483H     UNIT         ?PR?PRINTF?PRINTF
            CODE    3AA9H     040EH     UNIT         ?C_INITSEG
            CODE    3EB7H     038CH     UNIT         ?PR?KEY_PROCESS?KEYPAD
            CODE    4243H     0380H     UNIT         ?PR?_ELEVATION_CALCULATION?BIPOLARMOTOR
            CODE    45C3H     01C7H     UNIT         ?PR?_CALIBRATION?CALIBRATION
            CODE    478AH     018DH     UNIT         ?PR?KEY_SCAN?KEYPAD
            CODE    4917H     0189H     UNIT         ?PR?SPI_NOR_WRITE_DATA?AT25SF041
            CODE    4AA0H     0188H     UNIT         ?PR?SIN?SIN
            CODE    4C28H     0166H     UNIT         ?PR?_POW?POW
            CODE    4D8EH     0155H     UNIT         ?PR?_DISPLAY_POS?LCD_DRIVER_SPLC780D
            CODE    4EE3H     0129H     UNIT         ?PR?LOG?LOG
            CODE    500CH     0122H     UNIT         ?PR?ATAN?ATAN
            CODE    512EH     0110H     UNIT         ?PR?_AT25SF041_READ?AT25SF041
            CODE    523EH     0102H     UNIT         ?PR?_AT25SF041_WRITE?AT25SF041
            CODE    5340H     00F5H     UNIT         ?PR?EXINT0?MAIN
            CODE    5435H     00DBH     UNIT         ?PR?_ATOI?ATOI
            CODE    5510H     00C3H     UNIT         ?PR?LINEAR_INTERPOLATE?BIPOLARMOTOR
            CODE    55D3H     00BBH     UNIT         ?PR?VOLTAGE_IS_STABLE?CALIBRATION
            CODE    568EH     00ADH     UNIT         ?PR?_WRITE_PI4IOE5V96248?IOEXPANDER_PI4IOE5V96248
            CODE    573BH     00ACH     UNIT         ?PR?SQRT?SQRT
            CODE    57E7H     00A1H     UNIT         ?PR?UCREAD_STATUS_REGISTER_BYTE1?AT25SF041
            CODE    5888H     009DH     UNIT         ?PR?_ATAN2?ATAN2
            CODE    5925H     009CH     UNIT         ?PR?_MAX_VALUE?CALIBRATION
            CODE    59C1H     009AH     UNIT         ?PR?EXP?EXP
            CODE    5A5BH     008CH     UNIT         ?C_C51STARTUP
            CODE    5AE7H     0088H     UNIT         ?PR?_DAY_OF_YEAR?PCF85063BTL
            CODE    5B6FH     0079H     UNIT         ?PR?_WRITEDATA?LCD_DRIVER_SPLC780D
            CODE    5BE8H     0072H     UNIT         ?PR?AT25SF041_WRITEENABLE?AT25SF041
            CODE    5C5AH     006FH     UNIT         ?PR?_READ_TIME?PCF85063BTL
            CODE    5CC9H     005AH     UNIT         ?PR?AT25SF041_CHIPERASE?AT25SF041
            CODE    5D23H     0059H     UNIT         ?PR?LCD_INIT?LCD_DRIVER_SPLC780D
            CODE    5D7CH     0056H     UNIT         ?CO?MAIN
            CODE    5DD2H     004BH     UNIT         ?CO?UART1
            CODE    5E1DH     004AH     UNIT         ?PR?VONESTEPMOVE?BIPOLARMOTOR
BL51 BANKED LINKER/LOCATER V6.22                                                      07/18/2019  10:42:54  PAGE 4


            CODE    5E67H     004AH     UNIT         ?PR?ACOS?ACOS
            CODE    5EB1H     0044H     UNIT         ?C?LDIV
            CODE    5EF5H     0040H     UNIT         ?PR?_COMMAND?LCD_DRIVER_SPLC780D
            CODE    5F35H     0040H     UNIT         ?PR?_STEP_MOVE?BIPOLARMOTOR
            CODE    5F75H     003BH     UNIT         ?PR?ASIN?ASIN
            CODE    5FB0H     0033H     UNIT         ?PR?_SENDSTRING?UART1
            CODE    5FE3H     0031H     UNIT         ?PR?SI1120_CONFIG_MODE_VIRH?SI1120
            CODE    6014H     002BH     UNIT         ?PR?_WAIT_MS_I2C?IOEXPANDER_PI4IOE5V96248
            CODE    603FH     002BH     UNIT         ?PR?_WAIT_MS_SPINOR?AT25SF041
            CODE    606AH     002AH     UNIT         ?PR?_ADC_GETRESULT?ADC
            CODE    6094H     0028H     UNIT         ?PR?_MOVE?BIPOLARMOTOR
            CODE    60BCH     0028H     UNIT         ?CO?CALIBRATION
            CODE    60E4H     0027H     UNIT         ?PR?_I2C_SENDBYTE?IOEXPANDER_PI4IOE5V96248
            CODE    610BH     0027H     UNIT         ?PR?PUTCHAR?PUTCHAR
            CODE    6132H     0025H     UNIT         ?PR?_FINDCLOSESTSAMEDAYCALIBTIME?CALIBRATION
            CODE    6157H     0024H     UNIT         ?PR?_WAIT_MS?LCD_DRIVER_SPLC780D
            CODE    617BH     0024H     UNIT         ?PR?_UART1_SENDTOTCPSERVER?UART1
            CODE    619FH     0021H     UNIT         ?PR?TM0_ISR?MAIN
            CODE    61C0H     0020H     UNIT         ?PR?_SPI_SENDBYTE?PCF85063BTL
            CODE    61E0H     0020H     UNIT         ?PR?SPI_RECEIVEBYTE?PCF85063BTL
            CODE    6200H     001EH     UNIT         ?PR?_DELAY_MS?KEYPAD
            CODE    621EH     001DH     UNIT         ?PR?_DISPLAYLCD?LCD_DRIVER_SPLC780D
            CODE    623BH     001BH     UNIT         ?PR?_BCDTODEC1?BIPOLARMOTOR
            CODE    6256H     001AH     UNIT         ?PR?ADC_INIT?ADC
            CODE    6270H     0018H     UNIT         ?PR?_SPI_WRITETIME?PCF85063BTL
            CODE    6288H     0017H     UNIT         ?PR?_ASCIITOBCD?UART1
            CODE    629FH     0016H     UNIT         ?PR?I2C_ACK?IOEXPANDER_PI4IOE5V96248
            CODE    62B5H     0015H     UNIT         ?PR?_DISPLAY_LINE?LCD_DRIVER_SPLC780D
            CODE    62CAH     0015H     UNIT         ?PR?VSETLOCATION?BIPOLARMOTOR
            CODE    62DFH     0015H     UNIT         ?PR?I2C_STOP?IOEXPANDER_PI4IOE5V96248
            CODE    62F4H     0014H     UNIT         ?PR?_PCF85063BTL_DELAY?PCF85063BTL
            CODE    6308H     0014H     UNIT         ?PR?_ISSPACE?ISSPACE
            CODE    631CH     0011H     UNIT         ?PR?_SPI_READTIME?PCF85063BTL
            CODE    632DH     0011H     UNIT         ?PR?_BCDTODEC?PCF85063BTL
            CODE    633EH     0011H     UNIT         ?PR?INITUART1?UART1
            CODE    634FH     000FH     UNIT         ?PR?I2C_START?IOEXPANDER_PI4IOE5V96248
            CODE    635EH     000FH     UNIT         ?PR?UC_NACK?IOEXPANDER_PI4IOE5V96248
            CODE    636DH     000FH     UNIT         ?PR?_ISDIGIT?ISDIGIT
            CODE    637CH     000DH     UNIT         ?PR?SPI_INIT?PCF85063BTL
            CODE    6389H     000DH     UNIT         ?PR?ENABLE_EXTINT0?SI1120
            CODE    6396H     000DH     UNIT         ?PR?_FABS?FABS
            CODE    63A3H     000CH     UNIT         ?PR?KEYPAD_IO_INIT?KEYPAD
            CODE    63AFH     000CH     UNIT         ?PR?_ABS?ABS
            CODE    63BBH     000AH     UNIT         ?PR?LCD_RETURN_HOME?LCD_DRIVER_SPLC780D
            CODE    63C5H     000AH     UNIT         ?PR?LCD_CLEAR?LCD_DRIVER_SPLC780D
            CODE    63CFH     0009H     UNIT         ?PR?TM1_ISR?MAIN
            CODE    63D8H     0009H     UNIT         ?PR?_SENDUART1?MAIN
            CODE    63E1H     0009H     UNIT         ?PR?UART1_INITTCPCONN?UART1
            CODE    63EAH     0006H     UNIT         ?PR?UC_ACK?IOEXPANDER_PI4IOE5V96248
            CODE    63F0H     0006H     UNIT         ?PR?_TEN?UART1
            CODE    63F6H     0001H     UNIT         ?PR?NOP?IOEXPANDER_PI4IOE5V96248
            CODE    63F7H     0001H     UNIT         ?PR?_DECTOBCD?UART1



OVERLAY MAP OF MODULE:   .\Obj\GPIO_RTC_Test (MAIN)

BL51 BANKED LINKER/LOCATER V6.22                                                      07/18/2019  10:42:54  PAGE 5



SEGMENT                                             BIT_GROUP          DATA_GROUP          XDATA_GROUP
  +--> CALLED SEGMENT                            START    LENGTH     START    LENGTH     START    LENGTH
--------------------------------------------------------------------------------------------------------
?PR?EXINT0?MAIN                                  -----    -----      -----    -----      -----    -----
  +--> ?PR?_POW?POW

?PR?_POW?POW                                     -----    -----      -----    -----      03BCH    000AH
  +--> ?PR?LOG?LOG
  +--> ?PR?EXP?EXP

?PR?LOG?LOG                                      0020H.0  0000H.1    -----    -----      03C6H    0004H

*** NEW ROOT ***************************************************

?C_C51STARTUP                                    -----    -----      -----    -----      -----    -----
  +--> ?PR?MAIN?MAIN
  +--> ?C_INITSEG

?PR?MAIN?MAIN                                    -----    -----      -----    -----      03CAH    002EH
  +--> ?PR?LCD_INIT?LCD_DRIVER_SPLC780D
  +--> ?PR?SPI_INIT?PCF85063BTL
  +--> ?PR?KEYPAD_IO_INIT?KEYPAD
  +--> ?PR?ADC_INIT?ADC
  +--> ?PR?SI1120_CONFIG_MODE_VIRH?SI1120
  +--> ?PR?ENABLE_EXTINT0?SI1120
  +--> ?PR?VSETLOCATION?BIPOLARMOTOR
  +--> ?PR?_SPI_WRITETIME?PCF85063BTL
  +--> ?PR?_DELAY_MS?KEYPAD
  +--> ?PR?_DISPLAY_LINE?LCD_DRIVER_SPLC780D
  +--> ?PR?_WRITEDATA?LCD_DRIVER_SPLC780D
  +--> ?PR?INITUART1?UART1
  +--> ?PR?UART1_INITTCPCONN?UART1
  +--> ?CO?MAIN
  +--> ?PR?_UART1_SENDTOTCPSERVER?UART1
  +--> ?PR?KEY_PROCESS?KEYPAD
  +--> ?PR?_COMMAND?LCD_DRIVER_SPLC780D
  +--> ?PR?_DISPLAY_POS?LCD_DRIVER_SPLC780D
  +--> ?PR?_DISPLAYLCD?LCD_DRIVER_SPLC780D
  +--> ?PR?_STEP_MOVE?BIPOLARMOTOR
  +--> ?PR?LCD_RETURN_HOME?LCD_DRIVER_SPLC780D
  +--> ?PR?_READ_TIME?PCF85063BTL
  +--> ?PR?_BCDTODEC1?BIPOLARMOTOR
  +--> ?PR?_SENDSTRING?UART1
  +--> ?PR?_ELEVATION_CALCULATION?BIPOLARMOTOR
  +--> ?PR?PRINTF?PRINTF
  +--> ?PR?SIN?SIN
  +--> ?PR?_CALIBRATION?CALIBRATION
  +--> ?PR?_UPDATE_POSITION?BIPOLARMOTOR
  +--> ?PR?AT25SF041_WRITEENABLE?AT25SF041
  +--> ?PR?_AT25SF041_WRITE?AT25SF041
  +--> ?PR?_WAIT_MS_SPINOR?AT25SF041
  +--> ?PR?_ADC_GETRESULT?ADC
  +--> ?PR?SPI_NOR_WRITE_DATA?AT25SF041
  +--> ?PR?_WAIT_MS?LCD_DRIVER_SPLC780D
  +--> ?PR?LINEAR_INTERPOLATE?BIPOLARMOTOR
  +--> ?PR?_FINDCLOSESTSAMEDAYCALIBTIME?CALI...
BL51 BANKED LINKER/LOCATER V6.22                                                      07/18/2019  10:42:54  PAGE 6


  +--> ?PR?LCD_CLEAR?LCD_DRIVER_SPLC780D
  +--> ?PR?AT25SF041_CHIPERASE?AT25SF041

?PR?LCD_INIT?LCD_DRIVER_SPLC780D                 -----    -----      -----    -----      -----    -----
  +--> ?PR?_WAIT_MS?LCD_DRIVER_SPLC780D
  +--> ?PR?_COMMAND?LCD_DRIVER_SPLC780D

?PR?_COMMAND?LCD_DRIVER_SPLC780D                 -----    -----      -----    -----      -----    -----
  +--> ?PR?_WAIT_MS?LCD_DRIVER_SPLC780D

?PR?SI1120_CONFIG_MODE_VIRH?SI1120               -----    -----      -----    -----      -----    -----
  +--> ?PR?_WAIT_MS?LCD_DRIVER_SPLC780D

?PR?_SPI_WRITETIME?PCF85063BTL                   -----    -----      -----    -----      -----    -----
  +--> ?PR?_SPI_SENDBYTE?PCF85063BTL

?PR?_SPI_SENDBYTE?PCF85063BTL                    -----    -----      -----    -----      -----    -----
  +--> ?PR?_PCF85063BTL_DELAY?PCF85063BTL

?PR?_DISPLAY_LINE?LCD_DRIVER_SPLC780D            -----    -----      -----    -----      -----    -----
  +--> ?PR?_COMMAND?LCD_DRIVER_SPLC780D

?PR?_WRITEDATA?LCD_DRIVER_SPLC780D               -----    -----      -----    -----      04F4H    0001H
  +--> ?PR?_WAIT_MS?LCD_DRIVER_SPLC780D

?PR?UART1_INITTCPCONN?UART1                      -----    -----      -----    -----      -----    -----
  +--> ?CO?UART1
  +--> ?PR?_SENDSTRING?UART1

?PR?_SENDSTRING?UART1                            -----    -----      -----    -----      04E9H    0003H
  +--> ?PR?_SENDUART1?MAIN

?PR?_UART1_SENDTOTCPSERVER?UART1                 -----    -----      -----    -----      03F8H    0003H
  +--> ?CO?UART1
  +--> ?PR?_SENDSTRING?UART1
  +--> ?PR?_DELAY_MS?KEYPAD

?PR?KEY_PROCESS?KEYPAD                           -----    -----      -----    -----      03F8H    0006H
  +--> ?PR?KEY_SCAN?KEYPAD
  +--> ?PR?_SPI_WRITETIME?PCF85063BTL
  +--> ?PR?LCD_CLEAR?LCD_DRIVER_SPLC780D
  +--> ?PR?_COMMAND?LCD_DRIVER_SPLC780D
  +--> ?PR?_WRITEDATA?LCD_DRIVER_SPLC780D

?PR?KEY_SCAN?KEYPAD                              -----    -----      -----    -----      03FEH    0003H

?PR?LCD_CLEAR?LCD_DRIVER_SPLC780D                -----    -----      -----    -----      -----    -----
  +--> ?PR?_COMMAND?LCD_DRIVER_SPLC780D

?PR?_DISPLAY_POS?LCD_DRIVER_SPLC780D             -----    -----      -----    -----      04E9H    000BH
  +--> ?PR?_ABS?ABS
  +--> ?PR?_WRITEDATA?LCD_DRIVER_SPLC780D

?PR?_DISPLAYLCD?LCD_DRIVER_SPLC780D              -----    -----      -----    -----      03F8H    0001H
  +--> ?PR?_WRITEDATA?LCD_DRIVER_SPLC780D

?PR?_STEP_MOVE?BIPOLARMOTOR                      0020H.2  0000H.1    -----    -----      04EDH    0004H
BL51 BANKED LINKER/LOCATER V6.22                                                      07/18/2019  10:42:54  PAGE 7


  +--> ?PR?VONESTEPMOVE?BIPOLARMOTOR

?PR?VONESTEPMOVE?BIPOLARMOTOR                    0020H.3  0000H.1    -----    -----      -----    -----
  +--> ?PR?_WRITE_PI4IOE5V96248?IOEXPANDER_P...
  +--> ?PR?_DELAY_MS?KEYPAD

?PR?_WRITE_PI4IOE5V96248?IOEXPANDER_P...         -----    -----      -----    -----      04F1H    0003H
  +--> ?PR?I2C_START?IOEXPANDER_PI4IOE5V96248
  +--> ?PR?_WAIT_MS_I2C?IOEXPANDER_PI4IOE5V9...
  +--> ?PR?_I2C_SENDBYTE?IOEXPANDER_PI4IOE5V...
  +--> ?PR?I2C_ACK?IOEXPANDER_PI4IOE5V96248
  +--> ?PR?I2C_STOP?IOEXPANDER_PI4IOE5V96248

?PR?I2C_START?IOEXPANDER_PI4IOE5V96248           -----    -----      -----    -----      -----    -----
  +--> ?PR?_WAIT_MS_I2C?IOEXPANDER_PI4IOE5V9...

?PR?_I2C_SENDBYTE?IOEXPANDER_PI4IOE5V...         -----    -----      -----    -----      -----    -----
  +--> ?PR?_WAIT_MS_I2C?IOEXPANDER_PI4IOE5V9...

?PR?I2C_ACK?IOEXPANDER_PI4IOE5V96248             -----    -----      -----    -----      04F4H    0001H
  +--> ?PR?_WAIT_MS_I2C?IOEXPANDER_PI4IOE5V9...

?PR?I2C_STOP?IOEXPANDER_PI4IOE5V96248            -----    -----      -----    -----      -----    -----
  +--> ?PR?_WAIT_MS_I2C?IOEXPANDER_PI4IOE5V9...

?PR?LCD_RETURN_HOME?LCD_DRIVER_SPLC780D          -----    -----      -----    -----      -----    -----
  +--> ?PR?_COMMAND?LCD_DRIVER_SPLC780D

?PR?_READ_TIME?PCF85063BTL                       -----    -----      -----    -----      04E9H    000FH
  +--> ?PR?_SPI_READTIME?PCF85063BTL

?PR?_SPI_READTIME?PCF85063BTL                    -----    -----      -----    -----      -----    -----
  +--> ?PR?_SPI_SENDBYTE?PCF85063BTL
  +--> ?PR?SPI_RECEIVEBYTE?PCF85063BTL

?PR?SPI_RECEIVEBYTE?PCF85063BTL                  -----    -----      -----    -----      -----    -----
  +--> ?PR?_PCF85063BTL_DELAY?PCF85063BTL

?PR?_ELEVATION_CALCULATION?BIPOLARMOTOR          -----    -----      -----    -----      03F8H    0005H
  +--> ?PR?_BCDTODEC1?BIPOLARMOTOR
  +--> ?PR?SUNPOS?SUNPOS
  +--> ?PR?SIN?SIN
  +--> ?PR?ASIN?ASIN

?PR?SUNPOS?SUNPOS                                -----    -----      -----    -----      0442H    005DH
  +--> ?PR?SIN?SIN
  +--> ?PR?_ATAN2?ATAN2
  +--> ?PR?ASIN?ASIN
  +--> ?PR?ACOS?ACOS

?PR?SIN?SIN                                      0020H.1  0000H.1    -----    -----      049FH    0004H

?PR?_ATAN2?ATAN2                                 -----    -----      -----    -----      049FH    0008H
  +--> ?PR?ATAN?ATAN

?PR?ATAN?ATAN                                    0020H.1  0000H.2    -----    -----      04A7H    0004H

BL51 BANKED LINKER/LOCATER V6.22                                                      07/18/2019  10:42:54  PAGE 8


?PR?ASIN?ASIN                                    -----    -----      -----    -----      -----    -----
  +--> ?PR?SQRT?SQRT
  +--> ?PR?ATAN?ATAN

?PR?SQRT?SQRT                                    -----    -----      -----    -----      049FH    0004H

?PR?ACOS?ACOS                                    -----    -----      -----    -----      -----    -----
  +--> ?PR?SQRT?SQRT
  +--> ?PR?ATAN?ATAN

?PR?PRINTF?PRINTF                                0020H.1  0001H.1    0008H    0005H      04E9H    0030H
  +--> ?PR?PUTCHAR?PUTCHAR

?PR?_CALIBRATION?CALIBRATION                     -----    -----      -----    -----      03F8H    0024H
  +--> ?PR?VOLTAGE_IS_STABLE?CALIBRATION
  +--> ?PR?_UPDATE_POSITION?BIPOLARMOTOR
  +--> ?PR?_FIND_REAL_MAX?CALIBRATION

?PR?VOLTAGE_IS_STABLE?CALIBRATION                -----    -----      -----    -----      041CH    0018H
  +--> ?PR?_ADC_GETRESULT?ADC
  +--> ?PR?_ABS?ABS

?PR?_UPDATE_POSITION?BIPOLARMOTOR                -----    -----      -----    -----      041CH    0026H
  +--> ?PR?_BCDTODEC1?BIPOLARMOTOR
  +--> ?PR?SUNPOS?SUNPOS
  +--> ?PR?SIN?SIN
  +--> ?PR?ASIN?ASIN
  +--> ?PR?_THEORICALJP_POSITION?BIPOLARMOTOR
  +--> ?PR?_FABS?FABS
  +--> ?PR?_MOVE?BIPOLARMOTOR

?PR?_THEORICALJP_POSITION?BIPOLARMOTOR           -----    -----      -----    -----      0442H    005CH
  +--> ?PR?LINEAR_INTERPOLATE?BIPOLARMOTOR

?PR?LINEAR_INTERPOLATE?BIPOLARMOTOR              -----    -----      -----    -----      049EH    0014H

?PR?_MOVE?BIPOLARMOTOR                           0020H.1  0000H.1    -----    -----      04E9H    0004H
  +--> ?PR?_STEP_MOVE?BIPOLARMOTOR

?PR?_FIND_REAL_MAX?CALIBRATION                   -----    -----      -----    -----      041CH    00CDH
  +--> ?PR?_ADC_GETRESULT?ADC
  +--> ?PR?_WAIT_MS?LCD_DRIVER_SPLC780D
  +--> ?CO?CALIBRATION
  +--> ?PR?PRINTF?PRINTF
  +--> ?PR?_SENDSTRING?UART1
  +--> ?PR?_COMMAND?LCD_DRIVER_SPLC780D
  +--> ?PR?_WRITEDATA?LCD_DRIVER_SPLC780D
  +--> ?PR?_DISPLAY_POS?LCD_DRIVER_SPLC780D
  +--> ?PR?_MOVE?BIPOLARMOTOR
  +--> ?PR?_READ_TIME?PCF85063BTL
  +--> ?PR?_BCDTODEC1?BIPOLARMOTOR
  +--> ?PR?_MAX_VALUE?CALIBRATION

?PR?_MAX_VALUE?CALIBRATION                       -----    -----      -----    -----      04E9H    0004H

?PR?AT25SF041_WRITEENABLE?AT25SF041              -----    -----      -----    -----      0406H    0002H
  +--> ?PR?_WAIT_MS_SPINOR?AT25SF041
BL51 BANKED LINKER/LOCATER V6.22                                                      07/18/2019  10:42:54  PAGE 9


  +--> ?PR?UCREAD_STATUS_REGISTER_BYTE1?AT25...

?PR?UCREAD_STATUS_REGISTER_BYTE1?AT25...         -----    -----      -----    -----      040EH    0003H
  +--> ?PR?_WAIT_MS_SPINOR?AT25SF041

?PR?_AT25SF041_WRITE?AT25SF041                   -----    -----      -----    -----      0406H    0008H
  +--> ?PR?_WAIT_MS_SPINOR?AT25SF041
  +--> ?PR?UCREAD_STATUS_REGISTER_BYTE1?AT25...

?PR?SPI_NOR_WRITE_DATA?AT25SF041                 -----    -----      -----    -----      03F8H    000EH
  +--> ?PR?AT25SF041_WRITEENABLE?AT25SF041
  +--> ?PR?_AT25SF041_WRITE?AT25SF041
  +--> ?PR?_WAIT_MS_SPINOR?AT25SF041

?PR?AT25SF041_CHIPERASE?AT25SF041                -----    -----      -----    -----      03F8H    0002H
  +--> ?PR?_WAIT_MS_SPINOR?AT25SF041
  +--> ?PR?UCREAD_STATUS_REGISTER_BYTE1?AT25...



SYMBOL TABLE OF MODULE:  .\Obj\GPIO_RTC_Test (MAIN)

  VALUE           TYPE          NAME
  ----------------------------------

  -------         MODULE        MAIN
  C:0000H         SYMBOL        _ICE_DUMMY_
  X:0521H         PUBLIC        calib_value
  D:0080H         PUBLIC        P0
  D:0090H         PUBLIC        P1
  D:00A0H         PUBLIC        P2
  D:00B0H         PUBLIC        P3
  D:00C0H         PUBLIC        P4
  D:00C8H         PUBLIC        P5
  X:0575H         SYMBOL        PressedKey
  B:00A8H.7       PUBLIC        EA
  D:00E8H         PUBLIC        P6
  X:0579H         PUBLIC        calib_stamp
  D:00F8H         PUBLIC        P7
  X:057AH         PUBLIC        sTempString
  X:0583H         PUBLIC        calib_bool
  X:05ADH         PUBLIC        pwm_time_min
  D:00A8H         PUBLIC        IE
  X:05B1H         PUBLIC        calib_time
  X:0605H         PUBLIC        pwm_time_max
  B:0090H.7       PUBLIC        Connect_Electronics_Load
  D:00B8H         PUBLIC        IP
  B:0098H.0       PUBLIC        RI
  B:00B0H.2       PUBLIC        INT0
  X:0609H         PUBLIC        months
  B:0098H.1       PUBLIC        TI
  C:000EH         PUBLIC        Uart
  D:00D8H         PUBLIC        CCON
  C:0026H         PUBLIC        main
  X:060AH         PUBLIC        count
  B:0090H.2       PUBLIC        Connect_IV_Load
  D:0099H         PUBLIC        SBUF
BL51 BANKED LINKER/LOCATER V6.22                                                      07/18/2019  10:42:54  PAGE 10


  X:060CH         PUBLIC        days
  X:060DH         PUBLIC        hours
  D:0098H         PUBLIC        SCON
  D:0089H         PUBLIC        TMOD
  D:0088H         PUBLIC        TCON
  B:00A0H.3       PUBLIC        P23
  X:060EH         SYMBOL        KeyCount
  X:0610H         PUBLIC        mins
  B:00C8H.5       PUBLIC        P55
  D:008EH         PUBLIC        AUXR
  C:619FH         PUBLIC        tm0_isr
  B:0090H.5       PUBLIC        SI1120_STX
  C:63CFH         PUBLIC        tm1_isr
  B:0021H.2       PUBLIC        busy
  D:00E0H         PUBLIC        ACC
  B:00A8H.1       PUBLIC        ET0
  B:00A8H.3       PUBLIC        ET1
  X:0611H         PUBLIC        SPI_NOR_INTERNAL_FLASH_ADDR
  D:008CH         PUBLIC        TH0
  D:008DH         PUBLIC        TH1
  D:008AH         PUBLIC        TL0
  D:008BH         PUBLIC        TL1
  B:0088H.4       PUBLIC        TR0
  B:0088H.6       PUBLIC        TR1
  X:0615H         PUBLIC        old_mins
  C:5340H         PUBLIC        exint0
  X:0616H         SYMBOL        KeyNum
  X:0617H         SYMBOL        KeyNum_Old
  X:0618H         PUBLIC        timer0_count
  X:061AH         PUBLIC        current_position
  X:061EH         PUBLIC        pwm_time
  X:0622H         PUBLIC        start_timer0_count
  X:0623H         PUBLIC        seconds
  D:00D0H         PUBLIC        PSW
  C:63D8H         PUBLIC        _SendUART1
  -------         PROC          TM0_ISR
  C:619FH         LINE#         105
  C:61A5H         LINE#         109
  C:61A8H         LINE#         110
  C:61ABH         LINE#         111
  C:61B9H         LINE#         112
  -------         ENDPROC       TM0_ISR
  -------         PROC          TM1_ISR
  C:63CFH         LINE#         113
  C:63CFH         LINE#         115
  C:63D1H         LINE#         117
  C:63D4H         LINE#         118
  C:63D7H         LINE#         119
  -------         ENDPROC       TM1_ISR
  -------         PROC          EXINT0
  C:5340H         LINE#         120
  C:535DH         LINE#         124
  C:5360H         LINE#         125
  C:5360H         LINE#         126
  C:5363H         LINE#         127
  C:5366H         LINE#         128
  C:5368H         LINE#         129
BL51 BANKED LINKER/LOCATER V6.22                                                      07/18/2019  10:42:54  PAGE 11


  C:536AH         LINE#         133
  C:536DH         LINE#         136
  C:536DH         LINE#         137
  C:536FH         LINE#         139
  C:537BH         LINE#         140
  C:53D5H         LINE#         141
  C:5413H         LINE#         142
  C:541AH         LINE#         147
  C:541AH         LINE#         149
  -------         ENDPROC       EXINT0
  -------         PROC          MAIN
  -------         DO            
  X:0519H         SYMBOL        KeyCount
  X:051BH         SYMBOL        KeyNum_Old
  X:051CH         SYMBOL        KeyNum
  X:051DH         SYMBOL        PressedKey
  X:03CAH         SYMBOL        prox_flag
  X:03CBH         SYMBOL        iUse_prevday_calib_value
  X:03CDH         SYMBOL        max_ADC_Val_JP
  X:03CFH         SYMBOL        max_ADC_Val
  X:03D1H         SYMBOL        calib_point1
  X:03D9H         SYMBOL        calib_point2
  X:03E1H         SYMBOL        dat_to_store
  X:03ECH         SYMBOL        calib_day
  X:03EEH         SYMBOL        calib_count
  X:03F0H         SYMBOL        theorical_JP_max_pos
  X:03F4H         SYMBOL        elevation
  -------         ENDDO         
  C:0026H         LINE#         151
  C:0026H         LINE#         152
  C:0026H         LINE#         157
  C:002CH         LINE#         158
  C:0031H         LINE#         160
  C:0039H         LINE#         164
  C:003FH         LINE#         165
  C:0049H         LINE#         176
  C:0051H         LINE#         177
  C:0058H         LINE#         178
  C:005EH         LINE#         180
  C:0064H         LINE#         192
  C:0067H         LINE#         193
  C:006AH         LINE#         194
  C:006DH         LINE#         196
  C:0070H         LINE#         199
  C:0073H         LINE#         200
  C:0076H         LINE#         202
  C:0079H         LINE#         204
  C:007CH         LINE#         205
  C:007FH         LINE#         206
  C:0082H         LINE#         207
  C:0084H         LINE#         208
  C:0086H         LINE#         209
  C:0089H         LINE#         210
  C:008BH         LINE#         211
  C:008DH         LINE#         213
  C:008FH         LINE#         214
  C:0096H         LINE#         215
BL51 BANKED LINKER/LOCATER V6.22                                                      07/18/2019  10:42:54  PAGE 12


  C:009DH         LINE#         216
  C:00A4H         LINE#         217
  C:00ABH         LINE#         221
  C:00B2H         LINE#         222
  C:00B7H         LINE#         223
  C:00BCH         LINE#         224
  C:00C1H         LINE#         225
  C:00C6H         LINE#         226
  C:00CBH         LINE#         229
  C:00E4H         LINE#         230
  C:00E4H         LINE#         231
  C:0100H         LINE#         232
  C:0147H         LINE#         233
  C:0158H         LINE#         234
  C:015BH         LINE#         237
  C:0162H         LINE#         240
  C:0165H         LINE#         242
  C:016CH         LINE#         243
  C:0175H         LINE#         246
  C:0175H         LINE#         247
  C:0175H         LINE#         248
  C:0178H         LINE#         258
  C:0178H         LINE#         262
  C:017DH         LINE#         263
  C:0182H         LINE#         265
  C:0187H         LINE#         267
  C:018CH         LINE#         268
  C:0191H         LINE#         271
  C:01A2H         LINE#         273
  C:01A7H         LINE#         274
  C:01ACH         LINE#         276
  C:01B3H         LINE#         277
  C:01BBH         LINE#         278
  C:01C0H         LINE#         279
  C:01C8H         LINE#         280
  C:01CDH         LINE#         281
  C:01D7H         LINE#         282
  C:01DCH         LINE#         283
  C:01E4H         LINE#         285
  C:01ECH         LINE#         286
  C:01F1H         LINE#         287
  C:01FBH         LINE#         288
  C:01FBH         LINE#         289
  C:01FDH         LINE#         290
  C:01FFH         LINE#         291
  C:0209H         LINE#         292
  C:0209H         LINE#         293
  C:020EH         LINE#         294
  C:020EH         LINE#         306
  C:0222H         LINE#         307
  C:0222H         LINE#         308
  C:0237H         LINE#         309
  C:0246H         LINE#         310
  C:0246H         LINE#         311
  C:0259H         LINE#         312
  C:025BH         LINE#         314
  C:025BH         LINE#         315
BL51 BANKED LINKER/LOCATER V6.22                                                      07/18/2019  10:42:54  PAGE 13


  C:0277H         LINE#         316
  C:0277H         LINE#         317
  C:027CH         LINE#         318
  C:027CH         LINE#         319
  C:0290H         LINE#         320
  C:0290H         LINE#         323
  C:02A5H         LINE#         324
  C:02B4H         LINE#         325
  C:02B4H         LINE#         326
  C:02C7H         LINE#         327
  C:02C9H         LINE#         329
  C:02C9H         LINE#         330
  C:02E5H         LINE#         331
  C:02E5H         LINE#         332
  C:02EAH         LINE#         333
  C:02F0H         LINE#         334
  C:02F0H         LINE#         336
  C:0312H         LINE#         337
  C:0312H         LINE#         338
  C:031CH         LINE#         339
  C:0322H         LINE#         340
  C:0329H         LINE#         341
  C:032FH         LINE#         342
  C:0336H         LINE#         343
  C:0336H         LINE#         344
  C:0339H         LINE#         346
  C:0339H         LINE#         351
  C:0341H         LINE#         352
  C:037CH         LINE#         353
  C:039AH         LINE#         354
  C:039AH         LINE#         356
  C:03A3H         LINE#         357
  C:03AAH         LINE#         358
  C:03B3H         LINE#         359
  C:03BAH         LINE#         361
  C:03BAH         LINE#         365
  C:03C7H         LINE#         366
  C:03C7H         LINE#         370
  C:03C7H         LINE#         371
  C:03EFH         LINE#         372
  C:03EFH         LINE#         373
  C:0411H         LINE#         374
  C:0411H         LINE#         376
  C:0437H         LINE#         377
  C:048DH         LINE#         378
  C:0496H         LINE#         379
  C:049DH         LINE#         380
  C:04A6H         LINE#         381
  C:04AFH         LINE#         382
  C:04B6H         LINE#         386
  C:04F3H         LINE#         394
  C:04F3H         LINE#         396
  C:056FH         LINE#         397
  C:0588H         LINE#         398
  C:058AH         LINE#         399
  C:058CH         LINE#         401
  C:0616H         LINE#         406
BL51 BANKED LINKER/LOCATER V6.22                                                      07/18/2019  10:42:54  PAGE 14


  C:0647H         LINE#         407
  C:0647H         LINE#         409
  C:067DH         LINE#         410
  C:06A0H         LINE#         411
  C:06B5H         LINE#         414
  C:06B5H         LINE#         415
  C:06B8H         LINE#         417
  C:06B8H         LINE#         419
  C:06BFH         LINE#         420
  C:06BFH         LINE#         421
  C:06C2H         LINE#         422
  C:06E0H         LINE#         423
  C:06E7H         LINE#         424
  C:0706H         LINE#         425
  C:0725H         LINE#         427
  C:07A1H         LINE#         428
  C:07B9H         LINE#         430
  C:07BBH         LINE#         431
  C:07BDH         LINE#         432
  C:0815H         LINE#         433
  C:0850H         LINE#         434
  C:085DH         LINE#         435
  C:086CH         LINE#         436
  C:086CH         LINE#         438
  C:0874H         LINE#         439
  C:087CH         LINE#         440
  C:0884H         LINE#         441
  C:088CH         LINE#         443
  C:08A0H         LINE#         444
  C:08B6H         LINE#         445
  C:08E6H         LINE#         446
  C:0906H         LINE#         448
  C:091AH         LINE#         449
  C:0930H         LINE#         450
  C:0960H         LINE#         451
  C:0967H         LINE#         453
  C:098BH         LINE#         456
  C:09B6H         LINE#         458
  C:09BFH         LINE#         459
  C:09C6H         LINE#         460
  C:09CFH         LINE#         461
  C:09D8H         LINE#         462
  C:09DFH         LINE#         464
  C:0A1CH         LINE#         466
  C:0A25H         LINE#         467
  C:0A2CH         LINE#         468
  C:0A35H         LINE#         469
  C:0A3EH         LINE#         470
  C:0A45H         LINE#         472
  C:0A70H         LINE#         474
  C:0A79H         LINE#         475
  C:0A80H         LINE#         476
  C:0A89H         LINE#         477
  C:0A92H         LINE#         478
  C:0A99H         LINE#         480
  C:0AC4H         LINE#         482
  C:0ACDH         LINE#         483
BL51 BANKED LINKER/LOCATER V6.22                                                      07/18/2019  10:42:54  PAGE 15


  C:0AD4H         LINE#         484
  C:0ADDH         LINE#         485
  C:0AE6H         LINE#         486
  C:0AE8H         LINE#         488
  C:0AF6H         LINE#         489
  C:0AF6H         LINE#         490
  C:0AFEH         LINE#         492
  C:0AFEH         LINE#         495
  C:0AFEH         LINE#         497
  C:0B23H         LINE#         498
  C:0B23H         LINE#         499
  C:0B45H         LINE#         500
  C:0B45H         LINE#         501
  C:0BC1H         LINE#         502
  C:0BC3H         LINE#         503
  C:0BC5H         LINE#         505
  C:0C1DH         LINE#         508
  C:0C2CH         LINE#         509
  C:0C2CH         LINE#         510
  C:0CAAH         LINE#         511
  C:0CB3H         LINE#         512
  C:0CBAH         LINE#         513
  C:0CC3H         LINE#         514
  C:0CCCH         LINE#         515
  C:0CD3H         LINE#         518
  C:0CFEH         LINE#         520
  C:0D07H         LINE#         521
  C:0D0EH         LINE#         522
  C:0D17H         LINE#         523
  C:0D20H         LINE#         527
  C:0D27H         LINE#         529
  C:0D52H         LINE#         531
  C:0D5BH         LINE#         532
  C:0D62H         LINE#         533
  C:0D6BH         LINE#         534
  C:0D74H         LINE#         535
  C:0D7BH         LINE#         538
  C:0DB9H         LINE#         540
  C:0DC2H         LINE#         541
  C:0DC9H         LINE#         542
  C:0DD2H         LINE#         543
  C:0DDBH         LINE#         544
  C:0DE2H         LINE#         545
  C:0DE2H         LINE#         546
  C:0DE2H         LINE#         548
  C:0DE5H         LINE#         552
  C:0DE5H         LINE#         555
  C:0E07H         LINE#         556
  C:0E07H         LINE#         557
  C:0E83H         LINE#         559
  C:0EB0H         LINE#         560
  C:0ECBH         LINE#         561
  C:0EF8H         LINE#         562
  C:0EFAH         LINE#         564
  C:0F2DH         LINE#         565
  C:0F2DH         LINE#         566
  C:0F57H         LINE#         567
BL51 BANKED LINKER/LOCATER V6.22                                                      07/18/2019  10:42:54  PAGE 16


  C:0FBFH         LINE#         568
  C:0FC1H         LINE#         570
  C:0FC1H         LINE#         571
  C:1024H         LINE#         572
  C:1024H         LINE#         576
  C:1024H         LINE#         578
  C:1024H         LINE#         579
  C:1024H         LINE#         581
  C:1024H         LINE#         584
  C:1040H         LINE#         585
  C:1040H         LINE#         586
  C:1042H         LINE#         588
  C:1044H         LINE#         590
  C:1044H         LINE#         591
  C:1046H         LINE#         593
  C:1046H         LINE#         595
  C:1055H         LINE#         596
  C:1055H         LINE#         597
  C:1058H         LINE#         598
  C:105FH         LINE#         599
  C:1064H         LINE#         600
  C:1069H         LINE#         601
  C:106EH         LINE#         602
  C:1073H         LINE#         603
  C:1078H         LINE#         613
  C:107BH         LINE#         615
  C:107EH         LINE#         616
  C:1085H         LINE#         617
  C:108FH         LINE#         618
  C:1096H         LINE#         620
  C:1099H         LINE#         629
  C:1099H         LINE#         630
  -------         ENDPROC       MAIN
  -------         PROC          UART
  C:000EH         LINE#         644
  C:000EH         LINE#         646
  C:0011H         LINE#         647
  C:0011H         LINE#         648
  C:0013H         LINE#         650
  C:0013H         LINE#         651
  C:0016H         LINE#         652
  C:0016H         LINE#         653
  C:0018H         LINE#         654
  C:001AH         LINE#         655
  C:001AH         LINE#         656
  -------         ENDPROC       UART
  -------         PROC          _SENDUART1
  D:0007H         SYMBOL        dat
  C:63D8H         LINE#         658
  C:63D8H         LINE#         659
  C:63D8H         LINE#         660
  C:63DBH         LINE#         661
  C:63DDH         LINE#         662
  C:63DEH         LINE#         663
  C:63E0H         LINE#         664
  -------         ENDPROC       _SENDUART1
  -------         ENDMOD        MAIN
BL51 BANKED LINKER/LOCATER V6.22                                                      07/18/2019  10:42:54  PAGE 17



  -------         MODULE        PCF85063BTL
  C:0000H         SYMBOL        _ICE_DUMMY_
  D:0096H         PUBLIC        P2M0
  D:0080H         PUBLIC        P0
  D:0095H         PUBLIC        P2M1
  D:0090H         PUBLIC        P1
  D:00A0H         PUBLIC        P2
  D:00B0H         PUBLIC        P3
  D:00C0H         PUBLIC        P4
  D:00C8H         PUBLIC        P5
  D:00E8H         PUBLIC        P6
  B:00A0H.1       PUBLIC        PCF85063BTL_SDI
  D:00F8H         PUBLIC        P7
  B:00A0H.2       PUBLIC        PCF85063BTL_SCK
  B:00A0H.1       PUBLIC        PCF85063BTL_SDO
  D:00A8H         PUBLIC        IE
  C:5C5AH         PUBLIC        _Read_time
  C:62FAH         PUBLIC        _PCF85063BTL_Delay
  D:00B8H         PUBLIC        IP
  D:00D8H         PUBLIC        CCON
  C:5AE7H         PUBLIC        _Day_Of_Year
  C:61E0H         PUBLIC        SPI_ReceiveByte
  D:0098H         PUBLIC        SCON
  D:0088H         PUBLIC        TCON
  C:632DH         PUBLIC        _BCDtoDec
  B:00A0H.0       PUBLIC        PCF85063BTL_CS
  C:631CH         PUBLIC        _SPI_ReadTime
  C:637CH         PUBLIC        SPI_Init
  C:6270H         PUBLIC        _SPI_WriteTime
  C:61C0H         PUBLIC        _SPI_SendByte
  D:00D0H         PUBLIC        PSW
  C:62F6H         SYMBOL        L?0048
  -------         PROC          L?0047
  -------         ENDPROC       L?0047
  C:62F6H         SYMBOL        L?0048
  -------         PROC          _PCF85063BTL_DELAY
  D:0006H         SYMBOL        us
  C:62FAH         LINE#         8
  C:62FAH         LINE#         9
  C:62FAH         LINE#         10
  C:6304H         LINE#         11
  C:6304H         LINE#         12
  C:6305H         LINE#         13
  C:6307H         LINE#         14
  -------         ENDPROC       _PCF85063BTL_DELAY
  -------         PROC          _SPI_SENDBYTE
  D:0005H         SYMBOL        dat
  -------         DO            
  D:0003H         SYMBOL        i
  -------         ENDDO         
  C:61C0H         LINE#         17
  C:61C2H         LINE#         18
  C:61C2H         LINE#         20
  C:61C4H         LINE#         21
  C:61C4H         LINE#         22
  C:61C6H         LINE#         23
BL51 BANKED LINKER/LOCATER V6.22                                                      07/18/2019  10:42:54  PAGE 18


  C:61CAH         LINE#         24
  C:61CAH         LINE#         25
  C:61CCH         LINE#         26
  C:61CEH         LINE#         28
  C:61CEH         LINE#         29
  C:61D0H         LINE#         30
  C:61D0H         LINE#         31
  C:61D3H         LINE#         32
  C:61D3H         LINE#         33
  C:61D6H         LINE#         34
  C:61DAH         LINE#         35
  C:61DFH         LINE#         36
  -------         ENDPROC       _SPI_SENDBYTE
  -------         PROC          SPI_RECEIVEBYTE
  -------         DO            
  D:0003H         SYMBOL        i
  D:0005H         SYMBOL        dat
  -------         ENDDO         
  C:61E0H         LINE#         39
  C:61E0H         LINE#         40
  C:61E0H         LINE#         42
  C:61E2H         LINE#         44
  C:61E4H         LINE#         45
  C:61E5H         LINE#         46
  C:61E5H         LINE#         47
  C:61E9H         LINE#         48
  C:61EBH         LINE#         49
  C:61EEH         LINE#         51
  C:61F1H         LINE#         52
  C:61F1H         LINE#         53
  C:61F5H         LINE#         54
  C:61F5H         LINE#         55
  C:61F5H         LINE#         56
  C:61F8H         LINE#         57
  C:61FDH         LINE#         58
  C:61FFH         LINE#         59
  -------         ENDPROC       SPI_RECEIVEBYTE
  -------         PROC          _SPI_READTIME
  D:0007H         SYMBOL        addr
  -------         DO            
  D:0006H         SYMBOL        dat
  -------         ENDDO         
  C:631CH         LINE#         61
  C:631CH         LINE#         62
  C:631CH         LINE#         64
  C:631EH         LINE#         65
  C:6320H         LINE#         66
  C:6327H         LINE#         67
  C:632AH         LINE#         68
  C:632CH         LINE#         69
  C:632CH         LINE#         70
  -------         ENDPROC       _SPI_READTIME
  -------         PROC          _SPI_WRITETIME
  D:0002H         SYMBOL        val
  D:0005H         SYMBOL        addr
  C:6270H         LINE#         71
  C:6272H         LINE#         72
BL51 BANKED LINKER/LOCATER V6.22                                                      07/18/2019  10:42:54  PAGE 19


  C:6272H         LINE#         74
  C:6274H         LINE#         75
  C:627BH         LINE#         76
  C:6280H         LINE#         77
  C:6285H         LINE#         78
  C:6287H         LINE#         79
  -------         ENDPROC       _SPI_WRITETIME
  -------         PROC          SPI_INIT
  C:637CH         LINE#         83
  C:637CH         LINE#         84
  C:637CH         LINE#         89
  C:637FH         LINE#         90
  C:6382H         LINE#         91
  C:6384H         LINE#         92
  C:6386H         LINE#         93
  C:6388H         LINE#         94
  -------         ENDPROC       SPI_INIT
  -------         PROC          _READ_TIME
  X:04E9H         SYMBOL        months
  X:04ECH         SYMBOL        days
  X:04EFH         SYMBOL        hours
  X:04F2H         SYMBOL        mins
  X:04F5H         SYMBOL        seconds
  C:5C5AH         LINE#         96
  C:5C65H         LINE#         97
  C:5C65H         LINE#         99
  C:5C79H         LINE#         101
  C:5C8DH         LINE#         103
  C:5CA1H         LINE#         108
  C:5CB5H         LINE#         113
  -------         ENDPROC       _READ_TIME
  -------         PROC          _BCDTODEC
  D:0007H         SYMBOL        bcd
  -------         DO            
  D:0006H         SYMBOL        hi
  D:0007H         SYMBOL        lo
  -------         ENDDO         
  C:632DH         LINE#         119
  C:632DH         LINE#         120
  C:632DH         LINE#         122
  C:6332H         LINE#         123
  C:6336H         LINE#         124
  C:633DH         LINE#         125
  -------         ENDPROC       _BCDTODEC
  -------         PROC          _DAY_OF_YEAR
  D:0007H         SYMBOL        months_bcd
  D:0005H         SYMBOL        days_bcd
  -------         DO            
  D:0004H         SYMBOL        months
  D:0007H         SYMBOL        days
  -------         ENDDO         
  C:5AE7H         LINE#         126
  C:5AE7H         LINE#         127
  C:5AE7H         LINE#         130
  C:5AECH         LINE#         132
  C:5AF1H         LINE#         134
  C:5B2AH         LINE#         135
BL51 BANKED LINKER/LOCATER V6.22                                                      07/18/2019  10:42:54  PAGE 20


  C:5B2AH         LINE#         136
  C:5B2AH         LINE#         137
  C:5B2DH         LINE#         138
  C:5B2DH         LINE#         139
  C:5B2DH         LINE#         140
  C:5B32H         LINE#         141
  C:5B32H         LINE#         142
  C:5B32H         LINE#         143
  C:5B37H         LINE#         144
  C:5B37H         LINE#         145
  C:5B37H         LINE#         146
  C:5B3CH         LINE#         147
  C:5B3CH         LINE#         148
  C:5B3CH         LINE#         149
  C:5B41H         LINE#         150
  C:5B41H         LINE#         151
  C:5B41H         LINE#         152
  C:5B46H         LINE#         153
  C:5B46H         LINE#         154
  C:5B46H         LINE#         155
  C:5B4BH         LINE#         156
  C:5B4BH         LINE#         157
  C:5B4BH         LINE#         158
  C:5B50H         LINE#         159
  C:5B50H         LINE#         160
  C:5B50H         LINE#         161
  C:5B58H         LINE#         162
  C:5B58H         LINE#         163
  C:5B58H         LINE#         164
  C:5B5DH         LINE#         165
  C:5B5DH         LINE#         166
  C:5B5DH         LINE#         167
  C:5B62H         LINE#         168
  C:5B62H         LINE#         169
  C:5B62H         LINE#         170
  C:5B6BH         LINE#         171
  C:5B6BH         LINE#         172
  C:5B6BH         LINE#         173
  C:5B6EH         LINE#         174
  C:5B6EH         LINE#         175
  -------         ENDPROC       _DAY_OF_YEAR
  -------         ENDMOD        PCF85063BTL

  -------         MODULE        LCD_DRIVER_SPLC780D
  C:0000H         SYMBOL        _ICE_DUMMY_
  D:0092H         PUBLIC        P1M0
  D:0091H         PUBLIC        P1M1
  D:0080H         PUBLIC        P0
  D:0090H         PUBLIC        P1
  D:00A0H         PUBLIC        P2
  D:00B0H         PUBLIC        P3
  D:00C0H         PUBLIC        P4
  D:00C8H         PUBLIC        P5
  D:00E8H         PUBLIC        P6
  D:00F8H         PUBLIC        P7
  C:5B73H         PUBLIC        _WriteData
  D:00A8H         PUBLIC        IE
BL51 BANKED LINKER/LOCATER V6.22                                                      07/18/2019  10:42:54  PAGE 21


  D:00B8H         PUBLIC        IP
  D:00D8H         PUBLIC        CCON
  B:00B0H.4       PUBLIC        LCD_D4
  B:00B0H.5       PUBLIC        LCD_D5
  B:00B0H.6       PUBLIC        LCD_D6
  C:621EH         PUBLIC        _DisplayLCD
  B:00B0H.7       PUBLIC        LCD_D7
  D:0098H         PUBLIC        SCON
  D:0088H         PUBLIC        TCON
  C:63C5H         PUBLIC        LCD_clear
  C:5EF5H         PUBLIC        _Command
  C:62B5H         PUBLIC        _Display_Line
  C:5D23H         PUBLIC        LCD_Init
  C:615DH         PUBLIC        _Wait_ms
  B:00C0H.0       PUBLIC        LCD_RS
  B:0090H.3       PUBLIC        LCD_RW
  C:63BBH         PUBLIC        LCD_return_home
  C:4D8EH         PUBLIC        _Display_Pos
  B:00B0H.3       PUBLIC        LCD_E
  D:00D0H         PUBLIC        PSW
  -------         PROC          LCD_INIT
  C:5D23H         LINE#         9
  C:5D23H         LINE#         10
  C:5D23H         LINE#         11
  C:5D26H         LINE#         12
  C:5D29H         LINE#         14
  C:5D2FH         LINE#         15
  C:5D34H         LINE#         17
  C:5D3BH         LINE#         18
  C:5D40H         LINE#         20
  C:5D43H         LINE#         21
  C:5D48H         LINE#         23
  C:5D4BH         LINE#         24
  C:5D50H         LINE#         26
  C:5D57H         LINE#         29
  C:5D5CH         LINE#         30
  C:5D61H         LINE#         32
  C:5D66H         LINE#         33
  C:5D6BH         LINE#         35
  C:5D70H         LINE#         36
  C:5D75H         LINE#         37
  -------         ENDPROC       LCD_INIT
  C:5B6FH         SYMBOL        L?0035
  -------         PROC          L?0034
  -------         ENDPROC       L?0034
  C:5B6FH         SYMBOL        L?0035
  -------         PROC          _WRITEDATA
  X:04F4H         SYMBOL        dat
  C:5B73H         LINE#         40
  C:5B78H         LINE#         41
  C:5B78H         LINE#         46
  C:5B7AH         LINE#         47
  C:5B7CH         LINE#         49
  C:5B8AH         LINE#         50
  C:5B96H         LINE#         51
  C:5BA2H         LINE#         52
  C:5BACH         LINE#         53
BL51 BANKED LINKER/LOCATER V6.22                                                      07/18/2019  10:42:54  PAGE 22


  C:5BAEH         LINE#         54
  C:5BB5H         LINE#         55
  C:5BB7H         LINE#         57
  C:5BC7H         LINE#         58
  C:5BD2H         LINE#         59
  C:5BDCH         LINE#         60
  C:5BE0H         LINE#         62
  C:5BE0H         LINE#         63
  C:5BE3H         LINE#         64
  C:5BE5H         LINE#         65
  C:5BE7H         LINE#         67
  -------         ENDPROC       _WRITEDATA
  -------         PROC          _COMMAND
  D:0007H         SYMBOL        dat
  C:5EF5H         LINE#         69
  C:5EF5H         LINE#         70
  C:5EF5H         LINE#         71
  C:5EF7H         LINE#         72
  C:5EF9H         LINE#         74
  C:5F03H         LINE#         75
  C:5F07H         LINE#         77
  C:5F09H         LINE#         78
  C:5F12H         LINE#         79
  C:5F16H         LINE#         81
  C:5F18H         LINE#         82
  C:5F1FH         LINE#         83
  C:5F23H         LINE#         85
  C:5F25H         LINE#         86
  C:5F29H         LINE#         87
  C:5F2DH         LINE#         89
  C:5F2FH         LINE#         90
  C:5F2FH         LINE#         91
  C:5F32H         LINE#         92
  C:5F34H         LINE#         93
  -------         ENDPROC       _COMMAND
  C:6159H         SYMBOL        L?0037
  -------         PROC          L?0036
  -------         ENDPROC       L?0036
  C:6159H         SYMBOL        L?0037
  -------         PROC          _WAIT_MS
  D:0006H         SYMBOL        ms
  -------         DO            
  D:0004H         SYMBOL        De_Cnt
  -------         ENDDO         
  C:615DH         LINE#         95
  C:615DH         LINE#         96
  C:615DH         LINE#         98
  C:6167H         LINE#         99
  C:6167H         LINE#         100
  C:617AH         LINE#         101
  C:617AH         LINE#         102
  -------         ENDPROC       _WAIT_MS
  -------         PROC          _DISPLAYLCD
  D:0007H         SYMBOL        BCD
  -------         DO            
  D:0006H         SYMBOL        first_digit
  X:03F8H         SYMBOL        second_digit
BL51 BANKED LINKER/LOCATER V6.22                                                      07/18/2019  10:42:54  PAGE 23


  -------         ENDDO         
  C:621EH         LINE#         103
  C:621EH         LINE#         104
  C:621EH         LINE#         106
  C:6225H         LINE#         107
  C:622EH         LINE#         109
  C:6233H         LINE#         111
  -------         ENDPROC       _DISPLAYLCD
  -------         PROC          LCD_RETURN_HOME
  C:63BBH         LINE#         115
  C:63BBH         LINE#         116
  C:63BBH         LINE#         117
  C:63C0H         LINE#         118
  -------         ENDPROC       LCD_RETURN_HOME
  -------         PROC          LCD_CLEAR
  C:63C5H         LINE#         121
  C:63C5H         LINE#         122
  C:63C5H         LINE#         123
  C:63CAH         LINE#         124
  -------         ENDPROC       LCD_CLEAR
  -------         PROC          _DISPLAY_LINE
  D:0006H         SYMBOL        line
  C:62B5H         LINE#         128
  C:62B5H         LINE#         129
  C:62B5H         LINE#         130
  C:62BBH         LINE#         131
  C:62BBH         LINE#         132
  C:62BDH         LINE#         133
  C:62BDH         LINE#         134
  C:62BFH         LINE#         136
  C:62BFH         LINE#         137
  C:62C4H         LINE#         138
  C:62C9H         LINE#         139
  C:62C9H         LINE#         140
  -------         ENDPROC       _DISPLAY_LINE
  -------         PROC          _DISPLAY_POS
  X:04E9H         SYMBOL        sign_dat
  -------         DO            
  X:04EDH         SYMBOL        unit
  X:04EEH         SYMBOL        ten
  X:04EFH         SYMBOL        hundred
  X:04F0H         SYMBOL        thousand
  X:04F1H         SYMBOL        after_dot
  X:04F2H         SYMBOL        dat
  -------         ENDDO         
  C:4D8EH         LINE#         142
  C:4D94H         LINE#         143
  C:4D94H         LINE#         147
  C:4DB0H         LINE#         148
  C:4DCAH         LINE#         149
  C:4DEEH         LINE#         151
  C:4E38H         LINE#         153
  C:4E4FH         LINE#         154
  C:4E61H         LINE#         155
  C:4E86H         LINE#         156
  C:4EA0H         LINE#         157
  C:4EB8H         LINE#         158
BL51 BANKED LINKER/LOCATER V6.22                                                      07/18/2019  10:42:54  PAGE 24


  C:4EB8H         LINE#         159
  C:4EB8H         LINE#         160
  C:4EB8H         LINE#         161
  C:4EB8H         LINE#         162
  C:4EB8H         LINE#         163
  C:4EB8H         LINE#         164
  C:4EB8H         LINE#         168
  C:4EBAH         LINE#         170
  C:4EBAH         LINE#         172
  C:4EBFH         LINE#         173
  C:4EC5H         LINE#         174
  C:4ECBH         LINE#         175
  C:4ED1H         LINE#         176
  C:4ED7H         LINE#         177
  C:4EDCH         LINE#         178
  C:4EE2H         LINE#         182
  C:4EE2H         LINE#         184
  -------         ENDPROC       _DISPLAY_POS
  -------         ENDMOD        LCD_DRIVER_SPLC780D

  -------         MODULE        KEYPAD
  C:0000H         SYMBOL        _ICE_DUMMY_
  D:0093H         PUBLIC        P0M1
  D:0080H         PUBLIC        P0
  D:0090H         PUBLIC        P1
  D:00A0H         PUBLIC        P2
  D:00B0H         PUBLIC        P3
  D:00C0H         PUBLIC        P4
  D:00C8H         PUBLIC        P5
  D:00E8H         PUBLIC        P6
  D:00F8H         PUBLIC        P7
  D:00A8H         PUBLIC        IE
  C:478AH         PUBLIC        Key_Scan
  D:00B8H         PUBLIC        IP
  D:00D8H         PUBLIC        CCON
  C:63A3H         PUBLIC        KeyPad_IO_Init
  C:6200H         PUBLIC        _Delay_ms
  D:0098H         PUBLIC        SCON
  D:0088H         PUBLIC        TCON
  X:0633H         PUBLIC        small_move
  X:0635H         PUBLIC        move
  X:0637H         PUBLIC        auto_mode
  X:0639H         PUBLIC        direction
  X:063BH         PUBLIC        SPI_NOR_ClearEnable
  C:3EB7H         PUBLIC        Key_Process
  D:00D0H         PUBLIC        PSW
  D:0094H         PUBLIC        P0M0
  -------         PROC          _DELAY_MS
  D:0006H         SYMBOL        ms
  -------         DO            
  D:0004H         SYMBOL        De_Cnt
  -------         ENDDO         
  C:6200H         LINE#         20
  C:6200H         LINE#         21
  C:6200H         LINE#         23
  C:620AH         LINE#         24
  C:620AH         LINE#         25
BL51 BANKED LINKER/LOCATER V6.22                                                      07/18/2019  10:42:54  PAGE 25


  C:621DH         LINE#         26
  C:621DH         LINE#         27
  -------         ENDPROC       _DELAY_MS
  -------         PROC          KEY_SCAN
  -------         DO            
  X:03FEH         SYMBOL        KeyTemp1
  X:03FFH         SYMBOL        KeyTemp2
  X:0400H         SYMBOL        KeyValue
  -------         ENDDO         
  C:478AH         LINE#         28
  C:478AH         LINE#         29
  C:478AH         LINE#         34
  C:478DH         LINE#         37
  C:4790H         LINE#         39
  C:4798H         LINE#         40
  C:479FH         LINE#         41
  C:479FH         LINE#         43
  C:47A4H         LINE#         44
  C:47ABH         LINE#         45
  C:47ABH         LINE#         48
  C:47AEH         LINE#         49
  C:47B1H         LINE#         50
  C:47B6H         LINE#         51
  C:47BAH         LINE#         52
  C:47BAH         LINE#         53
  C:47C2H         LINE#         54
  C:47C2H         LINE#         55
  C:47C5H         LINE#         56
  C:47CDH         LINE#         57
  C:47CFH         LINE#         59
  C:47E3H         LINE#         60
  C:47E3H         LINE#         61
  C:47E3H         LINE#         62
  C:47E3H         LINE#         63
  C:47E9H         LINE#         65
  C:47EBH         LINE#         66
  C:47EBH         LINE#         67
  C:47EBH         LINE#         68
  C:47F1H         LINE#         70
  C:47F3H         LINE#         71
  C:47F3H         LINE#         72
  C:47F3H         LINE#         73
  C:47F9H         LINE#         75
  C:47FBH         LINE#         76
  C:47FBH         LINE#         77
  C:47FBH         LINE#         78
  C:4801H         LINE#         80
  C:4801H         LINE#         81
  C:4801H         LINE#         82
  C:4801H         LINE#         85
  C:4804H         LINE#         86
  C:4807H         LINE#         87
  C:480FH         LINE#         88
  C:4813H         LINE#         89
  C:4813H         LINE#         90
  C:481BH         LINE#         91
  C:481BH         LINE#         92
BL51 BANKED LINKER/LOCATER V6.22                                                      07/18/2019  10:42:54  PAGE 26


  C:481EH         LINE#         93
  C:4826H         LINE#         94
  C:4828H         LINE#         95
  C:483CH         LINE#         96
  C:483CH         LINE#         97
  C:483CH         LINE#         98
  C:483CH         LINE#         99
  C:4842H         LINE#         101
  C:4844H         LINE#         102
  C:4844H         LINE#         103
  C:4844H         LINE#         104
  C:484AH         LINE#         106
  C:484CH         LINE#         107
  C:484CH         LINE#         108
  C:484CH         LINE#         109
  C:4852H         LINE#         111
  C:4854H         LINE#         112
  C:4854H         LINE#         113
  C:4854H         LINE#         114
  C:4859H         LINE#         116
  C:4859H         LINE#         117
  C:4859H         LINE#         118
  C:4859H         LINE#         121
  C:485CH         LINE#         122
  C:485FH         LINE#         123
  C:4867H         LINE#         124
  C:486BH         LINE#         125
  C:486BH         LINE#         126
  C:4873H         LINE#         127
  C:4873H         LINE#         128
  C:4876H         LINE#         129
  C:487EH         LINE#         130
  C:4880H         LINE#         131
  C:4894H         LINE#         132
  C:4894H         LINE#         133
  C:4894H         LINE#         134
  C:4894H         LINE#         135
  C:489AH         LINE#         137
  C:489CH         LINE#         138
  C:489CH         LINE#         139
  C:489CH         LINE#         140
  C:48A2H         LINE#         142
  C:48A4H         LINE#         143
  C:48A4H         LINE#         144
  C:48A4H         LINE#         145
  C:48AAH         LINE#         147
  C:48ACH         LINE#         148
  C:48ACH         LINE#         149
  C:48ACH         LINE#         150
  C:48B2H         LINE#         152
  C:48B2H         LINE#         153
  C:48B2H         LINE#         154
  C:48B2H         LINE#         158
  C:48B5H         LINE#         159
  C:48B8H         LINE#         160
  C:48C0H         LINE#         161
  C:48C4H         LINE#         162
BL51 BANKED LINKER/LOCATER V6.22                                                      07/18/2019  10:42:54  PAGE 27


  C:48C4H         LINE#         163
  C:48CCH         LINE#         164
  C:48CCH         LINE#         165
  C:48CFH         LINE#         166
  C:48D7H         LINE#         167
  C:48D9H         LINE#         168
  C:48EDH         LINE#         169
  C:48EDH         LINE#         170
  C:48EDH         LINE#         171
  C:48EDH         LINE#         172
  C:48F3H         LINE#         174
  C:48F5H         LINE#         175
  C:48F5H         LINE#         176
  C:48F5H         LINE#         177
  C:48FBH         LINE#         179
  C:48FDH         LINE#         180
  C:48FDH         LINE#         181
  C:48FDH         LINE#         182
  C:4903H         LINE#         184
  C:4905H         LINE#         185
  C:4905H         LINE#         186
  C:4905H         LINE#         187
  C:490BH         LINE#         189
  C:490BH         LINE#         190
  C:490BH         LINE#         191
  C:490BH         LINE#         193
  C:4911H         LINE#         194
  C:4911H         LINE#         196
  C:4911H         LINE#         197
  C:4914H         LINE#         198
  C:4914H         LINE#         199
  C:4914H         LINE#         201
  C:4914H         LINE#         202
  C:4916H         LINE#         203
  C:4916H         LINE#         204
  -------         ENDPROC       KEY_SCAN
  -------         PROC          KEY_PROCESS
  -------         DO            
  X:0624H         SYMBOL        KeyCount
  X:0625H         SYMBOL        KeyNum_Old
  X:0627H         SYMBOL        KeyNum
  X:0629H         SYMBOL        PressedKey
  X:03F8H         SYMBOL        d
  D:0002H         SYMBOL        hours
  D:0006H         SYMBOL        mins
  X:03FAH         SYMBOL        months
  X:03FCH         SYMBOL        days
  -------         ENDDO         
  C:3EB7H         LINE#         205
  C:3EB7H         LINE#         206
  C:3EB7H         LINE#         210
  C:3EC6H         LINE#         211
  C:3ED3H         LINE#         213
  C:3ED7H         LINE#         214
  C:3ED7H         LINE#         215
  C:3EDDH         LINE#         217
  C:3EDDH         LINE#         218
BL51 BANKED LINKER/LOCATER V6.22                                                      07/18/2019  10:42:54  PAGE 28


  C:3EF4H         LINE#         219
  C:3EF4H         LINE#         220
  C:3EFEH         LINE#         221
  C:3F04H         LINE#         223
  C:3F0AH         LINE#         225
  C:3F0AH         LINE#         226
  C:3F21H         LINE#         227
  C:3F21H         LINE#         228
  C:3F26H         LINE#         230
  C:3F26H         LINE#         231
  C:3F36H         LINE#         232
  C:3F36H         LINE#         233
  C:3F3CH         LINE#         235
  C:3F3CH         LINE#         236
  C:3F4EH         LINE#         237
  C:3F4EH         LINE#         238
  C:3F58H         LINE#         239
  C:3F60H         LINE#         241
  C:3F69H         LINE#         243
  C:3F69H         LINE#         252
  C:3F88H         LINE#         253
  C:3F88H         LINE#         254
  C:3FA7H         LINE#         255
  C:3FADH         LINE#         256
  C:3FB5H         LINE#         257
  C:3FB5H         LINE#         259
  C:3FB6H         LINE#         265
  C:3FC2H         LINE#         266
  C:3FC2H         LINE#         267
  C:3FDFH         LINE#         268
  C:3FF6H         LINE#         269
  C:400DH         LINE#         270
  C:400DH         LINE#         271
  C:4020H         LINE#         272
  C:4033H         LINE#         273
  C:4033H         LINE#         274
  C:4033H         LINE#         275
  C:4036H         LINE#         280
  C:4045H         LINE#         281
  C:4045H         LINE#         282
  C:4068H         LINE#         283
  C:4085H         LINE#         284
  C:408EH         LINE#         285
  C:408EH         LINE#         286
  C:4095H         LINE#         287
  C:4095H         LINE#         288
  C:40A6H         LINE#         289
  C:40A6H         LINE#         290
  C:40B5H         LINE#         291
  C:40B5H         LINE#         292
  C:40B5H         LINE#         293
  C:40B8H         LINE#         295
  C:40B8H         LINE#         296
  C:40C4H         LINE#         297
  C:40C4H         LINE#         298
  C:40D6H         LINE#         299
  C:40D6H         LINE#         300
BL51 BANKED LINKER/LOCATER V6.22                                                      07/18/2019  10:42:54  PAGE 29


  C:40E6H         LINE#         301
  C:40E6H         LINE#         302
  C:40E6H         LINE#         304
  C:40E8H         LINE#         306
  C:40E8H         LINE#         307
  C:40F7H         LINE#         308
  C:40F7H         LINE#         309
  C:4107H         LINE#         310
  C:4107H         LINE#         311
  C:4107H         LINE#         313
  C:4107H         LINE#         315
  C:4107H         LINE#         316
  C:4109H         LINE#         318
  C:4109H         LINE#         319
  C:4110H         LINE#         320
  C:4110H         LINE#         321
  C:411FH         LINE#         322
  C:411FH         LINE#         323
  C:412FH         LINE#         324
  C:412FH         LINE#         325
  C:412FH         LINE#         326
  C:4131H         LINE#         328
  C:4131H         LINE#         329
  C:4140H         LINE#         330
  C:4140H         LINE#         331
  C:4153H         LINE#         332
  C:4166H         LINE#         333
  C:4166H         LINE#         334
  C:4166H         LINE#         335
  C:4166H         LINE#         336
  C:416FH         LINE#         338
  C:416FH         LINE#         340
  C:41A9H         LINE#         341
  C:41A9H         LINE#         342
  C:41B0H         LINE#         343
  C:41B0H         LINE#         344
  C:41BAH         LINE#         345
  C:41BAH         LINE#         346
  C:41BDH         LINE#         347
  C:41C2H         LINE#         348
  C:41C7H         LINE#         349
  C:41CCH         LINE#         350
  C:41D1H         LINE#         351
  C:41D6H         LINE#         352
  C:41DBH         LINE#         353
  C:41E0H         LINE#         354
  C:41E0H         LINE#         355
  C:41E0H         LINE#         357
  C:41FEH         LINE#         358
  C:41FEH         LINE#         359
  C:4205H         LINE#         360
  C:4205H         LINE#         361
  C:420AH         LINE#         362
  C:4213H         LINE#         363
  C:4232H         LINE#         364
  C:4232H         LINE#         365
  C:4242H         LINE#         367
BL51 BANKED LINKER/LOCATER V6.22                                                      07/18/2019  10:42:54  PAGE 30


  C:4242H         LINE#         371
  -------         ENDPROC       KEY_PROCESS
  -------         PROC          KEYPAD_IO_INIT
  C:63A3H         LINE#         374
  C:63A3H         LINE#         375
  C:63A3H         LINE#         376
  C:63A6H         LINE#         377
  C:63A9H         LINE#         378
  C:63ACH         LINE#         379
  C:63AEH         LINE#         380
  -------         ENDPROC       KEYPAD_IO_INIT
  -------         ENDMOD        KEYPAD

  -------         MODULE        BIPOLARMOTOR
  C:0000H         SYMBOL        _ICE_DUMMY_
  X:0000H         PUBLIC        UTC_time
  D:0080H         PUBLIC        P0
  D:0090H         PUBLIC        P1
  X:0004H         PUBLIC        RX_pos_test
  D:00A0H         PUBLIC        P2
  D:00B0H         PUBLIC        P3
  D:00C0H         PUBLIC        P4
  D:00C8H         PUBLIC        P5
  D:00E8H         PUBLIC        P6
  D:00F8H         PUBLIC        P7
  X:00A4H         PUBLIC        low_date_azimuth_mapping
  D:00A8H         PUBLIC        IE
  C:5533H         PUBLIC        linear_interpolate
  X:00CCH         PUBLIC        declination
  C:6094H         PUBLIC        _Move
  D:00B8H         PUBLIC        IP
  X:00D0H         PUBLIC        time_offset
  D:00D8H         PUBLIC        CCON
  X:00D4H         PUBLIC        previous_move_time
  X:00D5H         PUBLIC        time
  D:0098H         PUBLIC        SCON
  D:0088H         PUBLIC        TCON
  C:5F35H         PUBLIC        _Step_move
  X:00E7H         PUBLIC        dat
  X:00EDH         PUBLIC        current_local_sun_time
  C:2AFAH         PUBLIC        _Update_position
  C:4243H         PUBLIC        _elevation_calculation
  X:00F1H         PUBLIC        sunCoord
  C:5E1DH         PUBLIC        vOneStepMove
  X:00F4H         PUBLIC        elevation_stamp
  X:0130H         PUBLIC        date_azimuth_mapping
  X:0158H         PUBLIC        location
  X:0160H         PUBLIC        RX_pos
  C:62CAH         PUBLIC        vSetLocation
  C:6245H         PUBLIC        _BCDtoDec1
  X:03B8H         PUBLIC        degree
  C:312BH         PUBLIC        _TheoricalJP_Position
  D:00D0H         PUBLIC        PSW
  -------         PROC          VSETLOCATION
  C:62CAH         LINE#         44
  C:62CAH         LINE#         45
  C:62CAH         LINE#         46
BL51 BANKED LINKER/LOCATER V6.22                                                      07/18/2019  10:42:54  PAGE 31


  C:62D4H         LINE#         47
  C:62DEH         LINE#         48
  -------         ENDPROC       VSETLOCATION
  C:6241H         SYMBOL        L?0060
  -------         PROC          L?0059
  -------         ENDPROC       L?0059
  C:6241H         SYMBOL        L?0060
  -------         PROC          _BCDTODEC1
  D:0007H         SYMBOL        bcd
  -------         DO            
  D:0006H         SYMBOL        hi
  D:0007H         SYMBOL        lo
  -------         ENDDO         
  C:6245H         LINE#         49
  C:6245H         LINE#         50
  C:6245H         LINE#         52
  C:624AH         LINE#         53
  C:624EH         LINE#         54
  C:6255H         LINE#         55
  -------         ENDPROC       _BCDTODEC1
  -------         PROC          VONESTEPMOVE
  B:0020H.3       SYMBOL        bDir
  C:5E1DH         LINE#         59
  C:5E1DH         LINE#         60
  C:5E1DH         LINE#         62
  C:5E23H         LINE#         63
  C:5E23H         LINE#         64
  C:5E26H         LINE#         65
  C:5E2FH         LINE#         66
  C:5E36H         LINE#         67
  C:5E3BH         LINE#         68
  C:5E3BH         LINE#         69
  C:5E3BH         LINE#         71
  C:5E3DH         LINE#         74
  C:5E3DH         LINE#         75
  C:5E40H         LINE#         76
  C:5E49H         LINE#         77
  C:5E50H         LINE#         78
  C:5E56H         LINE#         79
  C:5E5FH         LINE#         80
  C:5E66H         LINE#         81
  C:5E66H         LINE#         85
  -------         ENDPROC       VONESTEPMOVE
  -------         PROC          _STEP_MOVE
  X:04EDH         SYMBOL        step
  B:0020H.2       SYMBOL        dir
  -------         DO            
  X:04EFH         SYMBOL        i
  -------         ENDDO         
  C:5F35H         LINE#         87
  C:5F3DH         LINE#         88
  C:5F3DH         LINE#         90
  C:5F42H         LINE#         93
  C:5F5DH         LINE#         94
  C:5F5DH         LINE#         95
  C:5F64H         LINE#         97
  C:5F74H         LINE#         99
BL51 BANKED LINKER/LOCATER V6.22                                                      07/18/2019  10:42:54  PAGE 32


  -------         ENDPROC       _STEP_MOVE
  -------         PROC          _MOVE
  X:04E9H         SYMBOL        distance
  B:0020H.1       SYMBOL        direction
  -------         DO            
  D:0006H         SYMBOL        step
  -------         ENDDO         
  C:6094H         LINE#         101
  C:609AH         LINE#         102
  C:609AH         LINE#         106
  C:60B5H         LINE#         108
  -------         ENDPROC       _MOVE
  C:5522H         SYMBOL        L?0058
  -------         PROC          L?0057
  -------         ENDPROC       L?0057
  C:5522H         SYMBOL        L?0058
  -------         PROC          LINEAR_INTERPOLATE
  X:049EH         SYMBOL        p1
  X:04A6H         SYMBOL        p2
  X:04AEH         SYMBOL        x
  -------         DO            
  D:0004H         SYMBOL        fx
  -------         ENDDO         
  C:5533H         LINE#         141
  C:5533H         LINE#         142
  C:5533H         LINE#         145
  C:55D2H         LINE#         147
  C:55D2H         LINE#         148
  -------         ENDPROC       LINEAR_INTERPOLATE
  -------         PROC          _THEORICALJP_POSITION
  X:0442H         SYMBOL        azimuth
  X:0446H         SYMBOL        elevation
  -------         DO            
  X:044AH         SYMBOL        pos_interpolate_azimuth
  X:0486H         SYMBOL        JP_pos
  X:048AH         SYMBOL        i
  X:048CH         SYMBOL        yy
  X:048EH         SYMBOL        p1
  X:0496H         SYMBOL        p2
  -------         ENDDO         
  C:312BH         LINE#         151
  C:3131H         LINE#         152
  C:3131H         LINE#         154
  C:313BH         LINE#         157
  C:3157H         LINE#         158
  C:3157H         LINE#         159
  C:31C7H         LINE#         160
  C:31C7H         LINE#         161
  C:31CEH         LINE#         162
  C:31CEH         LINE#         163
  C:31FBH         LINE#         164
  C:3216H         LINE#         166
  C:325DH         LINE#         167
  C:3291H         LINE#         169
  C:32D7H         LINE#         170
  C:32FCH         LINE#         172
  C:32FCH         LINE#         174
BL51 BANKED LINKER/LOCATER V6.22                                                      07/18/2019  10:42:54  PAGE 33


  C:3372H         LINE#         175
  C:3372H         LINE#         176
  C:3379H         LINE#         177
  C:3379H         LINE#         178
  C:33A6H         LINE#         179
  C:33C1H         LINE#         181
  C:3408H         LINE#         182
  C:343CH         LINE#         184
  C:3482H         LINE#         185
  C:34A4H         LINE#         187
  C:34A4H         LINE#         188
  C:34B8H         LINE#         191
  C:34D4H         LINE#         192
  C:34D4H         LINE#         193
  C:3544H         LINE#         194
  C:3544H         LINE#         195
  C:3571H         LINE#         196
  C:358CH         LINE#         198
  C:35B9H         LINE#         199
  C:35D4H         LINE#         201
  C:3606H         LINE#         204
  C:3606H         LINE#         206
  C:3617H         LINE#         207
  C:3625H         LINE#         209
  -------         ENDPROC       _THEORICALJP_POSITION
  -------         PROC          _UPDATE_POSITION
  D:0001H         SYMBOL        mnths
  D:0002H         SYMBOL        dys
  X:041EH         SYMBOL        hurs
  X:041FH         SYMBOL        mns
  X:0420H         SYMBOL        sconds
  X:0421H         SYMBOL        currnt_pos
  X:0424H         SYMBOL        offset_calib
  -------         DO            
  X:0428H         SYMBOL        date
  X:042AH         SYMBOL        i
  X:042CH         SYMBOL        yy
  X:042EH         SYMBOL        desired_distance
  X:0432H         SYMBOL        distance
  X:0436H         SYMBOL        JP_pos
  X:043AH         SYMBOL        elevation
  X:043EH         SYMBOL        azimuth
  -------         ENDDO         
  C:2AFAH         LINE#         212
  C:2B03H         LINE#         215
  C:2B03H         LINE#         216
  C:2B0EH         LINE#         218
  C:2B2AH         LINE#         225
  C:2B34H         LINE#         226
  C:2B3FH         LINE#         227
  C:2B4AH         LINE#         228
  C:2B63H         LINE#         229
  C:2B74H         LINE#         230
  C:2B83H         LINE#         233
  C:2B97H         LINE#         237
  C:2BE9H         LINE#         238
  C:2D4DH         LINE#         239
BL51 BANKED LINKER/LOCATER V6.22                                                      07/18/2019  10:42:54  PAGE 34


  C:2D9DH         LINE#         242
  C:2EC5H         LINE#         245
  C:2F94H         LINE#         252
  C:2FDBH         LINE#         253
  C:2FDBH         LINE#         255
  C:3006H         LINE#         256
  C:3035H         LINE#         258
  C:305AH         LINE#         259
  C:30B4H         LINE#         260
[...]
  C:4993H         LINE#         326
  C:4993H         LINE#         328
  C:4996H         LINE#         330
  C:49B0H         LINE#         331
  C:49B0H         LINE#         332
  C:49B0H         LINE#         334
  C:49B3H         LINE#         336
  C:49CDH         LINE#         337
  C:49CDH         LINE#         338
  C:49CDH         LINE#         340
  C:49D0H         LINE#         342
  C:49EAH         LINE#         343
  C:49EAH         LINE#         344
  C:49EAH         LINE#         346
  C:49EDH         LINE#         348
  C:4A07H         LINE#         349
  C:4A07H         LINE#         350
  C:4A07H         LINE#         352
  C:4A0AH         LINE#         354
  C:4A24H         LINE#         355
  C:4A24H         LINE#         356
  C:4A24H         LINE#         358
  C:4A27H         LINE#         360
  C:4A41H         LINE#         361
  C:4A41H         LINE#         362
  C:4A41H         LINE#         364
  C:4A44H         LINE#         366
  C:4A5EH         LINE#         367
  C:4A5EH         LINE#         368
  C:4A5EH         LINE#         370
  C:4A61H         LINE#         372
  C:4A7BH         LINE#         373
  C:4A82H         LINE#         374
  -------         ENDPROC       SPI_NOR_WRITE_DATA
  -------         ENDMOD        AT25SF041

  -------         MODULE        SI1120
  C:0000H         SYMBOL        _ICE_DUMMY_
  D:0080H         PUBLIC        P0
  D:00B2H         PUBLIC        P3M0
  D:0090H         PUBLIC        P1
  D:00B1H         PUBLIC        P3M1
  D:00A0H         PUBLIC        P2
  D:00B0H         PUBLIC        P3
  D:00C0H         PUBLIC        P4
BL51 BANKED LINKER/LOCATER V6.22                                                      07/18/2019  10:42:54  PAGE 52


  D:00C8H         PUBLIC        P5
  B:00A8H.7       PUBLIC        EA
  D:00E8H         PUBLIC        P6
  D:00F8H         PUBLIC        P7
  D:00A8H         PUBLIC        IE
  D:00B8H         PUBLIC        IP
  C:5FE3H         PUBLIC        SI1120_CONFIG_MODE_VIRH
  D:00D8H         PUBLIC        CCON
  D:0098H         PUBLIC        SCON
  D:0088H         PUBLIC        TCON
  C:6389H         PUBLIC        Enable_EXTINT0
  B:0090H.5       PUBLIC        SI1120_STX
  B:0088H.0       PUBLIC        IT0
  B:00A8H.0       PUBLIC        EX0
  B:0090H.4       PUBLIC        SI1120_MD
  B:0090H.6       PUBLIC        SI1120_SC
  D:00D0H         PUBLIC        PSW
  -------         PROC          SI1120_CONFIG_MODE_VIRH
  C:5FE3H         LINE#         4
  C:5FE3H         LINE#         5
  C:5FE3H         LINE#         6
  C:5FE5H         LINE#         7
  C:5FE7H         LINE#         8
  C:5FE9H         LINE#         10
  C:5FF0H         LINE#         11
  C:5FF2H         LINE#         13
  C:5FF4H         LINE#         14
  C:5FF6H         LINE#         16
  C:5FFDH         LINE#         18
  C:5FFFH         LINE#         20
  C:6006H         LINE#         23
  C:6008H         LINE#         25
  C:600AH         LINE#         27
  C:6011H         LINE#         29
  C:6013H         LINE#         31
  -------         ENDPROC       SI1120_CONFIG_MODE_VIRH
  -------         PROC          ENABLE_EXTINT0
  C:6389H         LINE#         33
  C:6389H         LINE#         34
  C:6389H         LINE#         35
  C:638CH         LINE#         36
  C:638FH         LINE#         37
  C:6391H         LINE#         38
  C:6393H         LINE#         39
  C:6395H         LINE#         40
  -------         ENDPROC       ENABLE_EXTINT0
  -------         ENDMOD        SI1120

  -------         MODULE        UART1
  C:0000H         SYMBOL        _ICE_DUMMY_
  D:0080H         PUBLIC        P0
  D:0090H         PUBLIC        P1
  D:00A0H         PUBLIC        P2
  D:00B0H         PUBLIC        P3
  D:00C0H         PUBLIC        P4
  D:00C8H         PUBLIC        P5
  C:617BH         PUBLIC        _uart1_SendToTCPServer
BL51 BANKED LINKER/LOCATER V6.22                                                      07/18/2019  10:42:54  PAGE 53


  B:00A8H.7       PUBLIC        EA
  D:00E8H         PUBLIC        P6
  D:00F8H         PUBLIC        P7
  C:5FB0H         PUBLIC        _SendString
  D:00A8H         PUBLIC        IE
  B:00A8H.4       PUBLIC        ES
  D:00B8H         PUBLIC        IP
  C:6288H         PUBLIC        _ASCIItoBCD
  D:00D8H         PUBLIC        CCON
  C:633EH         PUBLIC        initUART1
  D:0098H         PUBLIC        SCON
  D:0088H         PUBLIC        TCON
  C:63F7H         PUBLIC        _DectoBCD
  C:001EH         PUBLIC        _ASCII_Letter
  D:008EH         PUBLIC        AUXR
  C:0006H         PUBLIC        _unit
  C:63F0H         PUBLIC        _ten
  D:00D6H         PUBLIC        T2H
  D:00D7H         PUBLIC        T2L
  C:63E1H         PUBLIC        uart1_InitTCPConn
  D:00D0H         PUBLIC        PSW
  -------         PROC          INITUART1
  C:633EH         LINE#         24
  C:633EH         LINE#         25
  C:633EH         LINE#         26
  C:6341H         LINE#         27
  C:6344H         LINE#         28
  C:6347H         LINE#         29
  C:634AH         LINE#         30
  C:634CH         LINE#         31
  C:634EH         LINE#         33
  -------         ENDPROC       INITUART1
  -------         PROC          _SENDSTRING
  X:04E9H         SYMBOL        s
  C:5FB0H         LINE#         36
  C:5FBBH         LINE#         37
  C:5FBBH         LINE#         38
  C:5FCBH         LINE#         39
  C:5FCBH         LINE#         40
  C:5FE0H         LINE#         41
  C:5FE2H         LINE#         42
  -------         ENDPROC       _SENDSTRING
  -------         PROC          _TEN
  D:0007H         SYMBOL        BCD
  C:63F0H         LINE#         44
  C:63F0H         LINE#         45
  C:63F0H         LINE#         46
  C:63F5H         LINE#         47
  -------         ENDPROC       _TEN
  -------         PROC          _UNIT
  D:0007H         SYMBOL        BCD
  C:0006H         LINE#         48
  C:0006H         LINE#         49
  C:0006H         LINE#         53
  C:000AH         LINE#         54
  -------         ENDPROC       _UNIT
  -------         PROC          _DECTOBCD
BL51 BANKED LINKER/LOCATER V6.22                                                      07/18/2019  10:42:54  PAGE 54


  D:0007H         SYMBOL        dec
  C:63F7H         LINE#         55
  C:63F7H         LINE#         56
  C:63F7H         LINE#         58
  C:63F7H         LINE#         59
  -------         ENDPROC       _DECTOBCD
  -------         PROC          _ASCII_LETTER
  D:0007H         SYMBOL        dat
  C:001EH         LINE#         61
  C:001EH         LINE#         62
  C:001EH         LINE#         64
  C:0022H         LINE#         65
  -------         ENDPROC       _ASCII_LETTER
  -------         PROC          _ASCIITOBCD
  D:0001H         SYMBOL        ascii
  -------         DO            
  D:0007H         SYMBOL        dec_val
  D:0006H         SYMBOL        ten
  D:0007H         SYMBOL        unit
  -------         ENDDO         
  C:6288H         LINE#         67
  C:6288H         LINE#         68
  C:6288H         LINE#         70
  C:628BH         LINE#         71
  C:6291H         LINE#         72
  C:6298H         LINE#         73
  C:629EH         LINE#         75
  -------         ENDPROC       _ASCIITOBCD
  -------         PROC          UART1_INITTCPCONN
  C:63E1H         LINE#         77
  C:63E1H         LINE#         78
  C:63E1H         LINE#         82
  -------         ENDPROC       UART1_INITTCPCONN
  -------         PROC          _UART1_SENDTOTCPSERVER
  X:03F8H         SYMBOL        str
  C:617BH         LINE#         85
  C:6186H         LINE#         86
  C:6186H         LINE#         87
  C:618FH         LINE#         88
  C:6196H         LINE#         89
  -------         ENDPROC       _UART1_SENDTOTCPSERVER
  -------         ENDMOD        UART1

  -------         MODULE        ?C_STARTUP
  C:5A5BH         SEGMENT       ?C_C51STARTUP
  I:0022H         SEGMENT       ?STACK
  C:0000H         PUBLIC        ?C_STARTUP
  D:00E0H         SYMBOL        ACC
  D:00F0H         SYMBOL        B
  D:0083H         SYMBOL        DPH
  D:0082H         SYMBOL        DPL
  N:0000H         SYMBOL        IBPSTACK
  N:0100H         SYMBOL        IBPSTACKTOP
  N:0080H         SYMBOL        IDATALEN
  C:5A5EH         SYMBOL        IDATALOOP
  N:0000H         SYMBOL        PBPSTACK
  N:0100H         SYMBOL        PBPSTACKTOP
BL51 BANKED LINKER/LOCATER V6.22                                                      07/18/2019  10:42:54  PAGE 55


  N:0000H         SYMBOL        PDATALEN
  N:0000H         SYMBOL        PDATASTART
  N:0000H         SYMBOL        PPAGE
  N:0000H         SYMBOL        PPAGEENABLE
  D:00A0H         SYMBOL        PPAGE_SFR
  D:0081H         SYMBOL        SP
  C:5A5BH         SYMBOL        STARTUP1
  N:0000H         SYMBOL        XBPSTACK
  N:0000H         SYMBOL        XBPSTACKTOP
  N:0000H         SYMBOL        XDATALEN
  N:0000H         SYMBOL        XDATASTART
  C:0000H         LINE#         126
  C:5A5BH         LINE#         133
  C:5A5DH         LINE#         134
  C:5A5EH         LINE#         135
  C:5A5FH         LINE#         136
  C:5A61H         LINE#         185
  C:5A64H         LINE#         196
  -------         ENDMOD        ?C_STARTUP

  -------         MODULE        ?C?FPADD
  C:10A3H         PUBLIC        ?C?FPADD
  C:109FH         PUBLIC        ?C?FPSUB
  -------         ENDMOD        ?C?FPADD

  -------         MODULE        ?C?FPMUL
  C:1194H         PUBLIC        ?C?FPMUL
  -------         ENDMOD        ?C?FPMUL

  -------         MODULE        ?C?FPDIV
  C:129DH         PUBLIC        ?C?FPDIV
  -------         ENDMOD        ?C?FPDIV

  -------         MODULE        ?C?FPCMP
  C:133CH         PUBLIC        ?C?FPCMP
  C:133AH         PUBLIC        ?C?FPCMP3
  -------         ENDMOD        ?C?FPCMP

  -------         MODULE        ?C?FPNEG
  C:13B3H         PUBLIC        ?C?FPNEG
  -------         ENDMOD        ?C?FPNEG

  -------         MODULE        ?C?FCAST
  C:13CEH         PUBLIC        ?C?FCASTC
  C:13C9H         PUBLIC        ?C?FCASTI
  C:13C4H         PUBLIC        ?C?FCASTL
  -------         ENDMOD        ?C?FCAST

  -------         MODULE        ?C?CASTF
  C:1402H         PUBLIC        ?C?CASTF
  -------         ENDMOD        ?C?CASTF

  -------         MODULE        PRINTF
  X:04E9H         PUBLIC        ?_PRINTF?BYTE
  X:04E9H         PUBLIC        ?_SPRINTF?BYTE
  C:3691H         PUBLIC        _PRINTF
  C:368BH         PUBLIC        _SPRINTF
BL51 BANKED LINKER/LOCATER V6.22                                                      07/18/2019  10:42:54  PAGE 56


  -------         ENDMOD        PRINTF

  -------         MODULE        FABS
  C:6396H         PUBLIC        _FABS
  -------         ENDMOD        FABS

  -------         MODULE        ATAN2
  X:049FH         PUBLIC        ?_atan2?BYTE
  C:5888H         PUBLIC        _atan2
  -------         ENDMOD        ATAN2

  -------         MODULE        SIN
  C:4AE8H         PUBLIC        _COS
  C:4AFEH         PUBLIC        _SIN
  C:4B3AH         PUBLIC        _TAN
  -------         ENDMOD        SIN

  -------         MODULE        ACOS
  C:5E67H         PUBLIC        _ACOS
  -------         ENDMOD        ACOS

  -------         MODULE        ASIN
  C:5F75H         PUBLIC        _ASIN
  -------         ENDMOD        ASIN

  -------         MODULE        POW
  X:03BCH         PUBLIC        ?_pow?BYTE
  C:4C28H         PUBLIC        _pow
  -------         ENDMOD        POW

  -------         MODULE        ?C?CHKFLOAT
  C:1483H         PUBLIC        ?C?CHKFLOAT
  -------         ENDMOD        ?C?CHKFLOAT

  -------         MODULE        ?C?FPROUND
  C:149DH         PUBLIC        ?C?FPROUND
  -------         ENDMOD        ?C?FPROUND

  -------         MODULE        ?C?FPCONVERT
  C:14DAH         PUBLIC        ?C?FPCONVERT
  -------         ENDMOD        ?C?FPCONVERT

  -------         MODULE        EXP
  C:59F9H         PUBLIC        _EXP
  -------         ENDMOD        EXP

  -------         MODULE        LOG
  C:4F17H         PUBLIC        _LOG
  C:4F13H         PUBLIC        _LOG10
  -------         ENDMOD        LOG

  -------         MODULE        SQRT
  C:573FH         PUBLIC        _SQRT
  -------         ENDMOD        SQRT

  -------         MODULE        ATAN
  C:502CH         PUBLIC        _ATAN
BL51 BANKED LINKER/LOCATER V6.22                                                      07/18/2019  10:42:54  PAGE 57


  -------         ENDMOD        ATAN

  -------         MODULE        ?C?FTNPWR
  C:165CH         PUBLIC        ?C?FTNPWR
  -------         ENDMOD        ?C?FTNPWR

  -------         MODULE        ?C?COPY
  C:176CH         PUBLIC        ?C?COPY
  -------         ENDMOD        ?C?COPY

  -------         MODULE        ?C?CLDPTR
  C:1792H         PUBLIC        ?C?CLDPTR
  -------         ENDMOD        ?C?CLDPTR

  -------         MODULE        ?C?CLDOPTR
  C:17ABH         PUBLIC        ?C?CLDOPTR
  -------         ENDMOD        ?C?CLDOPTR

  -------         MODULE        ?C?CSTPTR
  C:17D8H         PUBLIC        ?C?CSTPTR
  -------         ENDMOD        ?C?CSTPTR

  -------         MODULE        ?C?IMUL
  C:17EAH         PUBLIC        ?C?IMUL
  -------         ENDMOD        ?C?IMUL

  -------         MODULE        ?C?UIDIV
  C:17FCH         PUBLIC        ?C?UIDIV
  -------         ENDMOD        ?C?UIDIV

  -------         MODULE        ?C?SIDIV
  C:1851H         PUBLIC        ?C?SIDIV
  -------         ENDMOD        ?C?SIDIV

  -------         MODULE        ?C?ILDIX
  C:1887H         PUBLIC        ?C?ILDIX
  -------         ENDMOD        ?C?ILDIX

  -------         MODULE        ?C?ILDOPTR
  C:189DH         PUBLIC        ?C?ILDOPTR
  -------         ENDMOD        ?C?ILDOPTR

  -------         MODULE        ?C?ISTPTR
  C:18D5H         PUBLIC        ?C?ISTPTR
  -------         ENDMOD        ?C?ISTPTR

  -------         MODULE        ?C?LMUL
  C:18F4H         PUBLIC        ?C?LMUL
  -------         ENDMOD        ?C?LMUL

  -------         MODULE        ?C?SLDIV
  C:5EB1H         PUBLIC        ?C?SLDIV
  -------         ENDMOD        ?C?SLDIV

  -------         MODULE        ?C?LNEG
  C:1943H         PUBLIC        ?C?LNEG
  -------         ENDMOD        ?C?LNEG
BL51 BANKED LINKER/LOCATER V6.22                                                      07/18/2019  10:42:54  PAGE 58



  -------         MODULE        ?C?ULCMP
  C:1951H         PUBLIC        ?C?ULCMP
  -------         ENDMOD        ?C?ULCMP

  -------         MODULE        ?C?LSHL
  C:1962H         PUBLIC        ?C?LSHL
  -------         ENDMOD        ?C?LSHL

  -------         MODULE        ?C?LLDPTR
  C:1975H         PUBLIC        ?C?LLDPTR
  -------         ENDMOD        ?C?LLDPTR

  -------         MODULE        ?C?LLDOPTR
  C:1995H         PUBLIC        ?C?LLDOPTR
  -------         ENDMOD        ?C?LLDOPTR

  -------         MODULE        ?C?LSTPTR
  C:19C5H         PUBLIC        ?C?LSTPTR
  -------         ENDMOD        ?C?LSTPTR

  -------         MODULE        ?C?LSTOPTR
  C:19DFH         PUBLIC        ?C?LSTOPTR
  -------         ENDMOD        ?C?LSTOPTR

  -------         MODULE        ?C?LLDXDATA
  C:1A03H         PUBLIC        ?C?LLDXDATA
  -------         ENDMOD        ?C?LLDXDATA

  -------         MODULE        ?C?LLDCODE
  C:1A0FH         PUBLIC        ?C?LLDCODE
  -------         ENDMOD        ?C?LLDCODE

  -------         MODULE        ?C?LLDXDATA0
  C:1A1FH         PUBLIC        ?C?LLDXDATA0
  -------         ENDMOD        ?C?LLDXDATA0

  -------         MODULE        ?C?LLDCODE0
  C:1A2BH         PUBLIC        ?C?LLDCODE0
  -------         ENDMOD        ?C?LLDCODE0

  -------         MODULE        ?C?LLDPTR0
  C:1A3BH         PUBLIC        ?C?LLDPTR0
  -------         ENDMOD        ?C?LLDPTR0

  -------         MODULE        ?C?LSTXDATA
  C:1A5BH         PUBLIC        ?C?LSTXDATA
  -------         ENDMOD        ?C?LSTXDATA

  -------         MODULE        ?C?LSTKXDATA
  C:1A67H         PUBLIC        ?C?LSTKXDATA
  -------         ENDMOD        ?C?LSTKXDATA

  -------         MODULE        ?C?LSTKPTR
  C:1A98H         PUBLIC        ?C?LSTKPTR
  -------         ENDMOD        ?C?LSTKPTR

BL51 BANKED LINKER/LOCATER V6.22                                                      07/18/2019  10:42:54  PAGE 59


  -------         MODULE        ?C?OFFXADD
  C:1AB2H         PUBLIC        ?C?OFFXADD
  -------         ENDMOD        ?C?OFFXADD

  -------         MODULE        ?C?PLDIXDATA
  C:1ABEH         PUBLIC        ?C?PLDIXDATA
  -------         ENDMOD        ?C?PLDIXDATA

  -------         MODULE        ?C?PSTXDATA
  C:1AD5H         PUBLIC        ?C?PSTXDATA
  -------         ENDMOD        ?C?PSTXDATA

  -------         MODULE        ?C?CCASE
  C:1ADEH         PUBLIC        ?C?CCASE
  -------         ENDMOD        ?C?CCASE

  -------         MODULE        PUTCHAR
  C:610BH         PUBLIC        _PUTCHAR
  -------         ENDMOD        PUTCHAR

  -------         MODULE        ABS
  C:63AFH         PUBLIC        _ABS
  -------         ENDMOD        ABS

  -------         MODULE        ATOI
  C:5435H         PUBLIC        _atoi
  -------         ENDMOD        ATOI

  -------         MODULE        ?C?IILDX
  C:1B04H         PUBLIC        ?C?IILDX
  -------         ENDMOD        ?C?IILDX

  -------         MODULE        ?C?ULDIV
  C:1B56H         PUBLIC        ?C?ULDIV
  -------         ENDMOD        ?C?ULDIV

  -------         MODULE        ?C?LLDIDATA
  C:1BE8H         PUBLIC        ?C?LLDIDATA
  -------         ENDMOD        ?C?LLDIDATA

  -------         MODULE        ?C?LLDPDATA
  C:1BF4H         PUBLIC        ?C?LLDPDATA
  -------         ENDMOD        ?C?LLDPDATA

  -------         MODULE        ?C?LLDIDATA0
  C:1C00H         PUBLIC        ?C?LLDIDATA0
  -------         ENDMOD        ?C?LLDIDATA0

  -------         MODULE        ?C?LLDPDATA0
  C:1C0DH         PUBLIC        ?C?LLDPDATA0
  -------         ENDMOD        ?C?LLDPDATA0

  -------         MODULE        ?C?LSTIDATA
  C:1C1AH         PUBLIC        ?C?LSTIDATA
  -------         ENDMOD        ?C?LSTIDATA

  -------         MODULE        ?C?LSTPDATA
BL51 BANKED LINKER/LOCATER V6.22                                                      07/18/2019  10:42:54  PAGE 60


  C:1C26H         PUBLIC        ?C?LSTPDATA
  -------         ENDMOD        ?C?LSTPDATA

  -------         MODULE        ?C?LSTKIDATA
  C:1C32H         PUBLIC        ?C?LSTKIDATA
  -------         ENDMOD        ?C?LSTKIDATA

  -------         MODULE        ?C?LSTKPDATA
  C:1C4BH         PUBLIC        ?C?LSTKPDATA
  -------         ENDMOD        ?C?LSTKPDATA

  -------         MODULE        ISDIGIT
  C:636DH         PUBLIC        _isdigit
  -------         ENDMOD        ISDIGIT

  -------         MODULE        ISSPACE
  C:6308H         PUBLIC        _isspace
  -------         ENDMOD        ISSPACE

*** WARNING L16: UNCALLED SEGMENT, IGNORED FOR OVERLAY PROCESS
    SEGMENT: ?PR?_DAY_OF_YEAR?PCF85063BTL

*** WARNING L16: UNCALLED SEGMENT, IGNORED FOR OVERLAY PROCESS
    SEGMENT: ?PR?NOP?IOEXPANDER_PI4IOE5V96248

*** WARNING L16: UNCALLED SEGMENT, IGNORED FOR OVERLAY PROCESS
    SEGMENT: ?PR?UC_ACK?IOEXPANDER_PI4IOE5V96248

*** WARNING L16: UNCALLED SEGMENT, IGNORED FOR OVERLAY PROCESS
    SEGMENT: ?PR?UC_NACK?IOEXPANDER_PI4IOE5V96248

*** WARNING L16: UNCALLED SEGMENT, IGNORED FOR OVERLAY PROCESS
    SEGMENT: ?PR?_AT25SF041_READ?AT25SF041

*** WARNING L16: UNCALLED SEGMENT, IGNORED FOR OVERLAY PROCESS
    SEGMENT: ?PR?_TEN?UART1

*** WARNING L16: UNCALLED SEGMENT, IGNORED FOR OVERLAY PROCESS
    SEGMENT: ?PR?_UNIT?UART1

*** WARNING L16: UNCALLED SEGMENT, IGNORED FOR OVERLAY PROCESS
    SEGMENT: ?PR?_DECTOBCD?UART1

*** WARNING L16: UNCALLED SEGMENT, IGNORED FOR OVERLAY PROCESS
    SEGMENT: ?PR?_ASCII_LETTER?UART1

*** WARNING L16: UNCALLED SEGMENT, IGNORED FOR OVERLAY PROCESS
    SEGMENT: ?PR?_ASCIITOBCD?UART1

Program Size: data=15.4 xdata=1612 code=25592
LINK/LOCATE RUN COMPLETE.  10 WARNING(S),  0 ERROR(S)
