BL51 BANKED LINKER/LOCATER V6.22                                                        10/30/2019  17:06:00  PAGE 1


BL51 BANKED LINKER/LOCATER V6.22, INVOKED BY:
C:\KEIL_V5\C51\BIN\BL51.EXE .\Obj\main.obj, .\Obj\PCF85063BTL.obj, .\Obj\LCd_Driver_SPLC780D.obj, .\Obj\KeyPad.obj, .\Ob
>> j\BipolarMotor.obj, .\Obj\SunPos.obj, .\Obj\ADC.obj, .\Obj\Calibration.obj, .\Obj\IOExpander_PI4IOE5V96248.obj, .\Obj
>> \AT25SF041.obj, .\Obj\SI1120.obj, .\Obj\UART1.obj, .\Obj\STARTUP.obj TO .\Obj\GPIO_RTC_Test RTX51TINY PRINT (.\Lis\GP
>> IO_RTC_Test.m51) RAMSIZE (256)


MEMORY MODEL: LARGE WITH FLOATING POINT ARITHMETIC


INPUT MODULES INCLUDED:
  .\Obj\main.obj (MAIN)
  .\Obj\PCF85063BTL.obj (PCF85063BTL)
  .\Obj\LCd_Driver_SPLC780D.obj (LCD_DRIVER_SPLC780D)
  .\Obj\KeyPad.obj (KEYPAD)
  .\Obj\BipolarMotor.obj (BIPOLARMOTOR)
  .\Obj\SunPos.obj (SUNPOS)
  .\Obj\ADC.obj (ADC)
  .\Obj\Calibration.obj (CALIBRATION)
  .\Obj\IOExpander_PI4IOE5V96248.obj (IOEXPANDER_PI4IOE5V96248)
  .\Obj\AT25SF041.obj (AT25SF041)
  .\Obj\SI1120.obj (SI1120)
  .\Obj\UART1.obj (UART1)
  .\Obj\STARTUP.obj (?C_STARTUP)
  C:\KEIL_V5\C51\LIB\C51FPL.LIB (?C?FPADD)
  C:\KEIL_V5\C51\LIB\C51FPL.LIB (?C?FPMUL)
  C:\KEIL_V5\C51\LIB\C51FPL.LIB (?C?FPDIV)
  C:\KEIL_V5\C51\LIB\C51FPL.LIB (?C?FPCMP)
  C:\KEIL_V5\C51\LIB\C51FPL.LIB (?C?FPNEG)
  C:\KEIL_V5\C51\LIB\C51FPL.LIB (?C?FCAST)
  C:\KEIL_V5\C51\LIB\C51FPL.LIB (?C?CASTF)
  C:\KEIL_V5\C51\LIB\C51FPL.LIB (PRINTF)
  C:\KEIL_V5\C51\LIB\C51FPL.LIB (FABS)
  C:\KEIL_V5\C51\LIB\C51FPL.LIB (ATAN2)
  C:\KEIL_V5\C51\LIB\C51FPL.LIB (SIN)
  C:\KEIL_V5\C51\LIB\C51FPL.LIB (ACOS)
  C:\KEIL_V5\C51\LIB\C51FPL.LIB (ASIN)
  C:\KEIL_V5\C51\LIB\C51FPL.LIB (POW)
  C:\KEIL_V5\C51\LIB\C51FPL.LIB (?C?FPGETOPN)
  C:\KEIL_V5\C51\LIB\C51FPL.LIB (?C?CHKFLOAT)
  C:\KEIL_V5\C51\LIB\C51FPL.LIB (?C?FPROUND)
  C:\KEIL_V5\C51\LIB\C51FPL.LIB (?C?FPCONVERT)
  C:\KEIL_V5\C51\LIB\C51FPL.LIB (?C?FPSERIES)
  C:\KEIL_V5\C51\LIB\C51FPL.LIB (EXP)
  C:\KEIL_V5\C51\LIB\C51FPL.LIB (LOG)
  C:\KEIL_V5\C51\LIB\C51FPL.LIB (SQRT)
  C:\KEIL_V5\C51\LIB\C51FPL.LIB (ATAN)
  C:\KEIL_V5\C51\LIB\C51FPL.LIB (?C?FTNPWR)
  C:\KEIL_V5\C51\LIB\C51L.LIB (?C_INIT)
  C:\KEIL_V5\C51\LIB\C51L.LIB (?C?COPY)
  C:\KEIL_V5\C51\LIB\C51L.LIB (?C?CLDPTR)
  C:\KEIL_V5\C51\LIB\C51L.LIB (?C?CLDOPTR)
  C:\KEIL_V5\C51\LIB\C51L.LIB (?C?CSTPTR)
  C:\KEIL_V5\C51\LIB\C51L.LIB (?C?IMUL)
  C:\KEIL_V5\C51\LIB\C51L.LIB (?C?UIDIV)
  C:\KEIL_V5\C51\LIB\C51L.LIB (?C?SIDIV)
  C:\KEIL_V5\C51\LIB\C51L.LIB (?C?ILDIX)
  C:\KEIL_V5\C51\LIB\C51L.LIB (?C?ILDOPTR)
BL51 BANKED LINKER/LOCATER V6.22                                                      10/30/2019  17:06:00  PAGE 2


  C:\KEIL_V5\C51\LIB\C51L.LIB (?C?ISTPTR)
  C:\KEIL_V5\C51\LIB\C51L.LIB (?C?LMUL)
  C:\KEIL_V5\C51\LIB\C51L.LIB (?C?SLDIV)
  C:\KEIL_V5\C51\LIB\C51L.LIB (?C?LNEG)
  C:\KEIL_V5\C51\LIB\C51L.LIB (?C?ULCMP)
  C:\KEIL_V5\C51\LIB\C51L.LIB (?C?LSHL)
  C:\KEIL_V5\C51\LIB\C51L.LIB (?C?LLDPTR)
  C:\KEIL_V5\C51\LIB\C51L.LIB (?C?LLDOPTR)
  C:\KEIL_V5\C51\LIB\C51L.LIB (?C?LSTPTR)
  C:\KEIL_V5\C51\LIB\C51L.LIB (?C?LSTOPTR)
  C:\KEIL_V5\C51\LIB\C51L.LIB (?C?LLDXDATA)
  C:\KEIL_V5\C51\LIB\C51L.LIB (?C?LLDCODE)
  C:\KEIL_V5\C51\LIB\C51L.LIB (?C?LLDXDATA0)
  C:\KEIL_V5\C51\LIB\C51L.LIB (?C?LLDCODE0)
  C:\KEIL_V5\C51\LIB\C51L.LIB (?C?LLDPTR0)
  C:\KEIL_V5\C51\LIB\C51L.LIB (?C?LSTXDATA)
  C:\KEIL_V5\C51\LIB\C51L.LIB (?C?LSTKXDATA)
  C:\KEIL_V5\C51\LIB\C51L.LIB (?C?LSTKPTR)
  C:\KEIL_V5\C51\LIB\C51L.LIB (?C?OFFXADD)
  C:\KEIL_V5\C51\LIB\C51L.LIB (?C?PLDIXDATA)
  C:\KEIL_V5\C51\LIB\C51L.LIB (?C?PSTXDATA)
  C:\KEIL_V5\C51\LIB\C51L.LIB (?C?CCASE)
  C:\KEIL_V5\C51\LIB\C51L.LIB (PUTCHAR)
  C:\KEIL_V5\C51\LIB\C51L.LIB (ABS)
  C:\KEIL_V5\C51\LIB\C51L.LIB (ATOI)
  C:\KEIL_V5\C51\LIB\C51L.LIB (?C?IILDX)
  C:\KEIL_V5\C51\LIB\C51L.LIB (?C?ULDIV)
  C:\KEIL_V5\C51\LIB\C51L.LIB (?C?LLDIDATA)
  C:\KEIL_V5\C51\LIB\C51L.LIB (?C?LLDPDATA)
  C:\KEIL_V5\C51\LIB\C51L.LIB (?C?LLDIDATA0)
  C:\KEIL_V5\C51\LIB\C51L.LIB (?C?LLDPDATA0)
  C:\KEIL_V5\C51\LIB\C51L.LIB (?C?LSTIDATA)
  C:\KEIL_V5\C51\LIB\C51L.LIB (?C?LSTPDATA)
  C:\KEIL_V5\C51\LIB\C51L.LIB (?C?LSTKIDATA)
  C:\KEIL_V5\C51\LIB\C51L.LIB (?C?LSTKPDATA)
  C:\KEIL_V5\C51\LIB\C51L.LIB (ISDIGIT)
  C:\KEIL_V5\C51\LIB\C51L.LIB (ISSPACE)


LINK MAP OF MODULE:  .\Obj\GPIO_RTC_Test (MAIN)


            TYPE    BASE      LENGTH    RELOCATION   SEGMENT NAME
            -----------------------------------------------------

            * * * * * * *   D A T A   M E M O R Y   * * * * * * *
            REG     0000H     0008H     ABSOLUTE     "REG BANK 0"
            DATA    0008H     0005H     UNIT         _DATA_GROUP_
                    000DH     0013H                  *** GAP ***
            BIT     0020H.0   0001H.2   UNIT         _BIT_GROUP_
            BIT     0021H.2   0000H.1   UNIT         ?BI?MAIN
            BIT     0021H.3   0000H.1   UNIT         ?BI?_ATOI?ATOI
                    0021H.4   0000H.4                *** GAP ***
            IDATA   0022H     0001H     UNIT         ?STACK

            * * * * * * *  X D A T A   M E M O R Y  * * * * * * *
            XDATA   0000H     0298H     UNIT         ?XD?BIPOLARMOTOR
BL51 BANKED LINKER/LOCATER V6.22                                                      10/30/2019  17:06:00  PAGE 3


            XDATA   0298H     0171H     UNIT         _XDATA_GROUP_
            XDATA   0409H     0121H     UNIT         ?XD?MAIN
            XDATA   052AH     0019H     UNIT         ?XD?KEYPAD
            XDATA   0543H     0005H     UNIT         ?XD?_ATOI?ATOI
            XDATA   0548H     0001H     UNIT         ?XD?UC_ACK?IOEXPANDER_PI4IOE5V96248
            XDATA   0549H     0001H     UNIT         ?XD?UC_NACK?IOEXPANDER_PI4IOE5V96248

            * * * * * * *   C O D E   M E M O R Y   * * * * * * *
            CODE    0000H     0003H     ABSOLUTE     
            CODE    0003H     0003H     ABSOLUTE     
            CODE    0006H     0005H     UNIT         ?PR?_UNIT?UART1
            CODE    000BH     0003H     ABSOLUTE     
            CODE    000EH     000DH     UNIT         ?PR?UART?MAIN
            CODE    001BH     0003H     ABSOLUTE     
            CODE    001EH     0005H     UNIT         ?PR?_ASCII_LETTER?UART1
            CODE    0023H     0003H     ABSOLUTE     
            CODE    0026H     26CCH     UNIT         ?PR?MAIN?MAIN
            CODE    26F2H     0BC8H     UNIT         ?C?LIB_CODE
            CODE    32BAH     07F7H     UNIT         ?PR?_FIND_REAL_MAX?CALIBRATION
            CODE    3AB1H     07A2H     UNIT         ?PR?SUNPOS?SUNPOS
            CODE    4253H     06C1H     UNIT         ?PR?_UPDATE_POSITION?BIPOLARMOTOR
            CODE    4914H     04FFH     UNIT         ?PR?_THEORICALJP_POSITION?BIPOLARMOTOR
            CODE    4E13H     0483H     UNIT         ?PR?PRINTF?PRINTF
            CODE    5296H     044AH     UNIT         ?PR?_AZIMUTH_CALCULATION?BIPOLARMOTOR
            CODE    56E0H     038CH     UNIT         ?PR?KEY_PROCESS?KEYPAD
            CODE    5A6CH     036DH     UNIT         ?PR?_ELEVATION_CALCULATION?BIPOLARMOTOR
            CODE    5DD9H     02FCH     UNIT         ?C_INITSEG
            CODE    60D5H     01C7H     UNIT         ?PR?_CALIBRATION?CALIBRATION
            CODE    629CH     018DH     UNIT         ?PR?KEY_SCAN?KEYPAD
            CODE    6429H     0189H     UNIT         ?PR?SPI_NOR_WRITE_DATA?AT25SF041
            CODE    65B2H     0188H     UNIT         ?PR?SIN?SIN
            CODE    673AH     0166H     UNIT         ?PR?_POW?POW
            CODE    68A0H     0155H     UNIT         ?PR?_DISPLAY_POS?LCD_DRIVER_SPLC780D
            CODE    69F5H     0129H     UNIT         ?PR?LOG?LOG
            CODE    6B1EH     0122H     UNIT         ?PR?ATAN?ATAN
            CODE    6C40H     0110H     UNIT         ?PR?_AT25SF041_READ?AT25SF041
            CODE    6D50H     0102H     UNIT         ?PR?_AT25SF041_WRITE?AT25SF041
            CODE    6E52H     00F5H     UNIT         ?PR?EXINT0?MAIN
            CODE    6F47H     00DBH     UNIT         ?PR?_ATOI?ATOI
            CODE    7022H     00C3H     UNIT         ?PR?LINEAR_INTERPOLATE?BIPOLARMOTOR
            CODE    70E5H     00BBH     UNIT         ?PR?VOLTAGE_IS_STABLE?CALIBRATION
            CODE    71A0H     00ADH     UNIT         ?PR?_WRITE_PI4IOE5V96248?IOEXPANDER_PI4IOE5V96248
            CODE    724DH     00ACH     UNIT         ?PR?SQRT?SQRT
            CODE    72F9H     00A1H     UNIT         ?PR?UCREAD_STATUS_REGISTER_BYTE1?AT25SF041
            CODE    739AH     009DH     UNIT         ?PR?_ATAN2?ATAN2
            CODE    7437H     009CH     UNIT         ?PR?_MAX_VALUE?CALIBRATION
            CODE    74D3H     009AH     UNIT         ?PR?EXP?EXP
            CODE    756DH     008CH     UNIT         ?C_C51STARTUP
            CODE    75F9H     0088H     UNIT         ?PR?_DAY_OF_YEAR?PCF85063BTL
            CODE    7681H     0079H     UNIT         ?PR?_WRITEDATA?LCD_DRIVER_SPLC780D
            CODE    76FAH     0072H     UNIT         ?PR?AT25SF041_WRITEENABLE?AT25SF041
            CODE    776CH     006FH     UNIT         ?PR?_READ_TIME?PCF85063BTL
            CODE    77DBH     005AH     UNIT         ?PR?AT25SF041_CHIPERASE?AT25SF041
            CODE    7835H     0059H     UNIT         ?PR?LCD_INIT?LCD_DRIVER_SPLC780D
            CODE    788EH     0056H     UNIT         ?CO?MAIN
            CODE    78E4H     004BH     UNIT         ?CO?UART1
            CODE    792FH     004AH     UNIT         ?PR?VONESTEPMOVE?BIPOLARMOTOR
BL51 BANKED LINKER/LOCATER V6.22                                                      10/30/2019  17:06:00  PAGE 4


            CODE    7979H     004AH     UNIT         ?PR?ACOS?ACOS
            CODE    79C3H     0044H     UNIT         ?C?LDIV
            CODE    7A07H     0040H     UNIT         ?PR?_COMMAND?LCD_DRIVER_SPLC780D
            CODE    7A47H     0040H     UNIT         ?PR?_STEP_MOVE?BIPOLARMOTOR
            CODE    7A87H     003BH     UNIT         ?PR?ASIN?ASIN
            CODE    7AC2H     0033H     UNIT         ?PR?_SENDSTRING?UART1
            CODE    7AF5H     0031H     UNIT         ?PR?SI1120_CONFIG_MODE_VIRH?SI1120
            CODE    7B26H     002BH     UNIT         ?PR?_WAIT_MS_I2C?IOEXPANDER_PI4IOE5V96248
            CODE    7B51H     002BH     UNIT         ?PR?_WAIT_MS_SPINOR?AT25SF041
            CODE    7B7CH     002AH     UNIT         ?PR?_ADC_GETRESULT?ADC
            CODE    7BA6H     0028H     UNIT         ?PR?_BCDTODEC1?BIPOLARMOTOR
            CODE    7BCEH     0028H     UNIT         ?PR?_MOVE?BIPOLARMOTOR
            CODE    7BF6H     0028H     UNIT         ?CO?CALIBRATION
            CODE    7C1EH     0027H     UNIT         ?PR?_I2C_SENDBYTE?IOEXPANDER_PI4IOE5V96248
            CODE    7C45H     0027H     UNIT         ?PR?PUTCHAR?PUTCHAR
            CODE    7C6CH     0024H     UNIT         ?PR?_WAIT_MS?LCD_DRIVER_SPLC780D
            CODE    7C90H     0024H     UNIT         ?PR?_FINDCLOSESTSAMEDAYCALIBTIME?CALIBRATION
            CODE    7CB4H     0024H     UNIT         ?PR?_UART1_SENDTOTCPSERVER?UART1
            CODE    7CD8H     0021H     UNIT         ?PR?TM0_ISR?MAIN
            CODE    7CF9H     0020H     UNIT         ?PR?_SPI_SENDBYTE?PCF85063BTL
            CODE    7D19H     0020H     UNIT         ?PR?SPI_RECEIVEBYTE?PCF85063BTL
            CODE    7D39H     001EH     UNIT         ?PR?_DELAY_MS?KEYPAD
            CODE    7D57H     001DH     UNIT         ?PR?_DISPLAYLCD?LCD_DRIVER_SPLC780D
            CODE    7D74H     001AH     UNIT         ?PR?ADC_INIT?ADC
            CODE    7D8EH     0018H     UNIT         ?PR?_SPI_WRITETIME?PCF85063BTL
            CODE    7DA6H     0017H     UNIT         ?PR?_ASCIITOBCD?UART1
            CODE    7DBDH     0016H     UNIT         ?PR?I2C_ACK?IOEXPANDER_PI4IOE5V96248
            CODE    7DD3H     0015H     UNIT         ?PR?_DISPLAY_LINE?LCD_DRIVER_SPLC780D
            CODE    7DE8H     0015H     UNIT         ?PR?VSETLOCATION?BIPOLARMOTOR
            CODE    7DFDH     0015H     UNIT         ?PR?I2C_STOP?IOEXPANDER_PI4IOE5V96248
            CODE    7E12H     0014H     UNIT         ?PR?_PCF85063BTL_DELAY?PCF85063BTL
            CODE    7E26H     0014H     UNIT         ?PR?_ISSPACE?ISSPACE
            CODE    7E3AH     0011H     UNIT         ?PR?_SPI_READTIME?PCF85063BTL
            CODE    7E4BH     0011H     UNIT         ?PR?_BCDTODEC?PCF85063BTL
            CODE    7E5CH     0011H     UNIT         ?PR?INITUART1?UART1
            CODE    7E6DH     000FH     UNIT         ?PR?I2C_START?IOEXPANDER_PI4IOE5V96248
            CODE    7E7CH     000FH     UNIT         ?PR?UC_NACK?IOEXPANDER_PI4IOE5V96248
            CODE    7E8BH     000FH     UNIT         ?PR?_ISDIGIT?ISDIGIT
            CODE    7E9AH     000DH     UNIT         ?PR?SPI_INIT?PCF85063BTL
            CODE    7EA7H     000DH     UNIT         ?PR?ENABLE_EXTINT0?SI1120
            CODE    7EB4H     000DH     UNIT         ?PR?_FABS?FABS
            CODE    7EC1H     000CH     UNIT         ?PR?KEYPAD_IO_INIT?KEYPAD
            CODE    7ECDH     000CH     UNIT         ?PR?_ABS?ABS
            CODE    7ED9H     000AH     UNIT         ?PR?LCD_RETURN_HOME?LCD_DRIVER_SPLC780D
            CODE    7EE3H     000AH     UNIT         ?PR?LCD_CLEAR?LCD_DRIVER_SPLC780D
            CODE    7EEDH     0009H     UNIT         ?PR?TM1_ISR?MAIN
            CODE    7EF6H     0009H     UNIT         ?PR?_SENDUART1?MAIN
            CODE    7EFFH     0009H     UNIT         ?PR?UART1_INITTCPCONN?UART1
            CODE    7F08H     0006H     UNIT         ?PR?UC_ACK?IOEXPANDER_PI4IOE5V96248
            CODE    7F0EH     0006H     UNIT         ?PR?_TEN?UART1
            CODE    7F14H     0001H     UNIT         ?PR?NOP?IOEXPANDER_PI4IOE5V96248
            CODE    7F15H     0001H     UNIT         ?PR?_DECTOBCD?UART1



OVERLAY MAP OF MODULE:   .\Obj\GPIO_RTC_Test (MAIN)

BL51 BANKED LINKER/LOCATER V6.22                                                      10/30/2019  17:06:00  PAGE 5



SEGMENT                                             BIT_GROUP          DATA_GROUP          XDATA_GROUP
  +--> CALLED SEGMENT                            START    LENGTH     START    LENGTH     START    LENGTH
--------------------------------------------------------------------------------------------------------
?PR?EXINT0?MAIN                                  -----    -----      -----    -----      -----    -----
  +--> ?PR?_POW?POW

?PR?_POW?POW                                     -----    -----      -----    -----      0298H    000AH
  +--> ?PR?LOG?LOG
  +--> ?PR?EXP?EXP

?PR?LOG?LOG                                      0020H.0  0000H.1    -----    -----      02A2H    0004H

*** NEW ROOT ***************************************************

?C_C51STARTUP                                    -----    -----      -----    -----      -----    -----
  +--> ?PR?MAIN?MAIN
  +--> ?C_INITSEG

?PR?MAIN?MAIN                                    -----    -----      -----    -----      02A6H    003EH
  +--> ?PR?LCD_INIT?LCD_DRIVER_SPLC780D
  +--> ?PR?SPI_INIT?PCF85063BTL
  +--> ?PR?KEYPAD_IO_INIT?KEYPAD
  +--> ?PR?ADC_INIT?ADC
  +--> ?PR?SI1120_CONFIG_MODE_VIRH?SI1120
  +--> ?PR?ENABLE_EXTINT0?SI1120
  +--> ?PR?VSETLOCATION?BIPOLARMOTOR
  +--> ?PR?_SPI_WRITETIME?PCF85063BTL
  +--> ?PR?_DELAY_MS?KEYPAD
  +--> ?PR?_DISPLAY_LINE?LCD_DRIVER_SPLC780D
  +--> ?PR?_WRITEDATA?LCD_DRIVER_SPLC780D
  +--> ?PR?INITUART1?UART1
  +--> ?PR?UART1_INITTCPCONN?UART1
  +--> ?CO?MAIN
  +--> ?PR?_UART1_SENDTOTCPSERVER?UART1
  +--> ?PR?KEY_PROCESS?KEYPAD
  +--> ?PR?_BCDTODEC1?BIPOLARMOTOR
  +--> ?PR?_COMMAND?LCD_DRIVER_SPLC780D
  +--> ?PR?_DISPLAY_POS?LCD_DRIVER_SPLC780D
  +--> ?PR?_DISPLAYLCD?LCD_DRIVER_SPLC780D
  +--> ?PR?_STEP_MOVE?BIPOLARMOTOR
  +--> ?PR?LCD_RETURN_HOME?LCD_DRIVER_SPLC780D
  +--> ?PR?_READ_TIME?PCF85063BTL
  +--> ?PR?_SENDSTRING?UART1
  +--> ?PR?_ELEVATION_CALCULATION?BIPOLARMOTOR
  +--> ?PR?_AZIMUTH_CALCULATION?BIPOLARMOTOR
  +--> ?PR?_AT25SF041_READ?AT25SF041
  +--> ?PR?_DAY_OF_YEAR?PCF85063BTL
  +--> ?PR?_THEORICALJP_POSITION?BIPOLARMOTOR
  +--> ?PR?PRINTF?PRINTF
  +--> ?PR?SIN?SIN
  +--> ?PR?_CALIBRATION?CALIBRATION
  +--> ?PR?_WAIT_MS_SPINOR?AT25SF041
  +--> ?PR?AT25SF041_WRITEENABLE?AT25SF041
  +--> ?PR?_AT25SF041_WRITE?AT25SF041
  +--> ?PR?_ABS?ABS
  +--> ?PR?_FABS?FABS
BL51 BANKED LINKER/LOCATER V6.22                                                      10/30/2019  17:06:00  PAGE 6


  +--> ?PR?_ADC_GETRESULT?ADC
  +--> ?PR?SPI_NOR_WRITE_DATA?AT25SF041
  +--> ?PR?_WAIT_MS?LCD_DRIVER_SPLC780D
  +--> ?PR?_UPDATE_POSITION?BIPOLARMOTOR
  +--> ?PR?LINEAR_INTERPOLATE?BIPOLARMOTOR
  +--> ?PR?AT25SF041_CHIPERASE?AT25SF041
  +--> ?PR?LCD_CLEAR?LCD_DRIVER_SPLC780D

?PR?LCD_INIT?LCD_DRIVER_SPLC780D                 -----    -----      -----    -----      -----    -----
  +--> ?PR?_WAIT_MS?LCD_DRIVER_SPLC780D
  +--> ?PR?_COMMAND?LCD_DRIVER_SPLC780D

?PR?_COMMAND?LCD_DRIVER_SPLC780D                 -----    -----      -----    -----      -----    -----
  +--> ?PR?_WAIT_MS?LCD_DRIVER_SPLC780D

?PR?SI1120_CONFIG_MODE_VIRH?SI1120               -----    -----      -----    -----      -----    -----
  +--> ?PR?_WAIT_MS?LCD_DRIVER_SPLC780D

?PR?_SPI_WRITETIME?PCF85063BTL                   -----    -----      -----    -----      -----    -----
  +--> ?PR?_SPI_SENDBYTE?PCF85063BTL

?PR?_SPI_SENDBYTE?PCF85063BTL                    -----    -----      -----    -----      -----    -----
  +--> ?PR?_PCF85063BTL_DELAY?PCF85063BTL

?PR?_DISPLAY_LINE?LCD_DRIVER_SPLC780D            -----    -----      -----    -----      -----    -----
  +--> ?PR?_COMMAND?LCD_DRIVER_SPLC780D

?PR?_WRITEDATA?LCD_DRIVER_SPLC780D               -----    -----      -----    -----      03E4H    0001H
  +--> ?PR?_WAIT_MS?LCD_DRIVER_SPLC780D

?PR?UART1_INITTCPCONN?UART1                      -----    -----      -----    -----      -----    -----
  +--> ?CO?UART1
  +--> ?PR?_SENDSTRING?UART1

?PR?_SENDSTRING?UART1                            -----    -----      -----    -----      03D9H    0003H
  +--> ?PR?_SENDUART1?MAIN

?PR?_UART1_SENDTOTCPSERVER?UART1                 -----    -----      -----    -----      02E4H    0003H
  +--> ?CO?UART1
  +--> ?PR?_SENDSTRING?UART1
  +--> ?PR?_DELAY_MS?KEYPAD

?PR?KEY_PROCESS?KEYPAD                           -----    -----      -----    -----      02E4H    0006H
  +--> ?PR?KEY_SCAN?KEYPAD
  +--> ?PR?_SPI_WRITETIME?PCF85063BTL
  +--> ?PR?LCD_CLEAR?LCD_DRIVER_SPLC780D
  +--> ?PR?_COMMAND?LCD_DRIVER_SPLC780D
  +--> ?PR?_WRITEDATA?LCD_DRIVER_SPLC780D

?PR?KEY_SCAN?KEYPAD                              -----    -----      -----    -----      02EAH    0003H

?PR?LCD_CLEAR?LCD_DRIVER_SPLC780D                -----    -----      -----    -----      -----    -----
  +--> ?PR?_COMMAND?LCD_DRIVER_SPLC780D

?PR?_DISPLAY_POS?LCD_DRIVER_SPLC780D             -----    -----      -----    -----      03D9H    000BH
  +--> ?PR?_ABS?ABS
  +--> ?PR?_WRITEDATA?LCD_DRIVER_SPLC780D
BL51 BANKED LINKER/LOCATER V6.22                                                      10/30/2019  17:06:00  PAGE 7



?PR?_DISPLAYLCD?LCD_DRIVER_SPLC780D              -----    -----      -----    -----      02E4H    0001H
  +--> ?PR?_WRITEDATA?LCD_DRIVER_SPLC780D

?PR?_STEP_MOVE?BIPOLARMOTOR                      0020H.2  0000H.1    -----    -----      03DDH    0004H
  +--> ?PR?VONESTEPMOVE?BIPOLARMOTOR

?PR?VONESTEPMOVE?BIPOLARMOTOR                    0020H.3  0000H.1    -----    -----      -----    -----
  +--> ?PR?_WRITE_PI4IOE5V96248?IOEXPANDER_P...
  +--> ?PR?_DELAY_MS?KEYPAD

?PR?_WRITE_PI4IOE5V96248?IOEXPANDER_P...         -----    -----      -----    -----      03E1H    0003H
  +--> ?PR?I2C_START?IOEXPANDER_PI4IOE5V96248
  +--> ?PR?_WAIT_MS_I2C?IOEXPANDER_PI4IOE5V9...
  +--> ?PR?_I2C_SENDBYTE?IOEXPANDER_PI4IOE5V...
  +--> ?PR?I2C_ACK?IOEXPANDER_PI4IOE5V96248
  +--> ?PR?I2C_STOP?IOEXPANDER_PI4IOE5V96248

?PR?I2C_START?IOEXPANDER_PI4IOE5V96248           -----    -----      -----    -----      -----    -----
  +--> ?PR?_WAIT_MS_I2C?IOEXPANDER_PI4IOE5V9...

?PR?_I2C_SENDBYTE?IOEXPANDER_PI4IOE5V...         -----    -----      -----    -----      -----    -----
  +--> ?PR?_WAIT_MS_I2C?IOEXPANDER_PI4IOE5V9...

?PR?I2C_ACK?IOEXPANDER_PI4IOE5V96248             -----    -----      -----    -----      03E4H    0001H
  +--> ?PR?_WAIT_MS_I2C?IOEXPANDER_PI4IOE5V9...

?PR?I2C_STOP?IOEXPANDER_PI4IOE5V96248            -----    -----      -----    -----      -----    -----
  +--> ?PR?_WAIT_MS_I2C?IOEXPANDER_PI4IOE5V9...

?PR?LCD_RETURN_HOME?LCD_DRIVER_SPLC780D          -----    -----      -----    -----      -----    -----
  +--> ?PR?_COMMAND?LCD_DRIVER_SPLC780D

?PR?_READ_TIME?PCF85063BTL                       -----    -----      -----    -----      03D9H    000FH
  +--> ?PR?_SPI_READTIME?PCF85063BTL

?PR?_SPI_READTIME?PCF85063BTL                    -----    -----      -----    -----      -----    -----
  +--> ?PR?_SPI_SENDBYTE?PCF85063BTL
  +--> ?PR?SPI_RECEIVEBYTE?PCF85063BTL

?PR?SPI_RECEIVEBYTE?PCF85063BTL                  -----    -----      -----    -----      -----    -----
  +--> ?PR?_PCF85063BTL_DELAY?PCF85063BTL

?PR?_ELEVATION_CALCULATION?BIPOLARMOTOR          -----    -----      -----    -----      02E4H    0005H
  +--> ?PR?_BCDTODEC1?BIPOLARMOTOR
  +--> ?PR?SUNPOS?SUNPOS
  +--> ?PR?SIN?SIN
  +--> ?PR?ASIN?ASIN

?PR?SUNPOS?SUNPOS                                -----    -----      -----    -----      032EH    005DH
  +--> ?PR?SIN?SIN
  +--> ?PR?_ATAN2?ATAN2
  +--> ?PR?ASIN?ASIN
  +--> ?PR?ACOS?ACOS

?PR?SIN?SIN                                      0020H.1  0000H.1    -----    -----      038BH    0004H

BL51 BANKED LINKER/LOCATER V6.22                                                      10/30/2019  17:06:00  PAGE 8


?PR?_ATAN2?ATAN2                                 -----    -----      -----    -----      038BH    0008H
  +--> ?PR?ATAN?ATAN

?PR?ATAN?ATAN                                    0020H.1  0000H.2    -----    -----      0393H    0004H

?PR?ASIN?ASIN                                    -----    -----      -----    -----      -----    -----
  +--> ?PR?SQRT?SQRT
  +--> ?PR?ATAN?ATAN

?PR?SQRT?SQRT                                    -----    -----      -----    -----      038BH    0004H

?PR?ACOS?ACOS                                    -----    -----      -----    -----      -----    -----
  +--> ?PR?SQRT?SQRT
  +--> ?PR?ATAN?ATAN

?PR?_AZIMUTH_CALCULATION?BIPOLARMOTOR            -----    -----      -----    -----      02E4H    0009H
  +--> ?PR?_BCDTODEC1?BIPOLARMOTOR
  +--> ?PR?SUNPOS?SUNPOS
  +--> ?PR?SIN?SIN
  +--> ?PR?ASIN?ASIN

?PR?_AT25SF041_READ?AT25SF041                    -----    -----      -----    -----      02E4H    0008H
  +--> ?PR?_WAIT_MS_SPINOR?AT25SF041
  +--> ?PR?UCREAD_STATUS_REGISTER_BYTE1?AT25...

?PR?UCREAD_STATUS_REGISTER_BYTE1?AT25...         -----    -----      -----    -----      02FAH    0003H
  +--> ?PR?_WAIT_MS_SPINOR?AT25SF041

?PR?_DAY_OF_YEAR?PCF85063BTL                     -----    -----      -----    -----      -----    -----
  +--> ?PR?_BCDTODEC?PCF85063BTL

?PR?_THEORICALJP_POSITION?BIPOLARMOTOR           -----    -----      -----    -----      032EH    0060H
  +--> ?PR?LINEAR_INTERPOLATE?BIPOLARMOTOR

?PR?LINEAR_INTERPOLATE?BIPOLARMOTOR              -----    -----      -----    -----      038EH    0014H

?PR?PRINTF?PRINTF                                0020H.1  0001H.1    0008H    0005H      03D9H    0030H
  +--> ?PR?PUTCHAR?PUTCHAR

?PR?_CALIBRATION?CALIBRATION                     -----    -----      -----    -----      02E4H    0024H
  +--> ?PR?VOLTAGE_IS_STABLE?CALIBRATION
  +--> ?PR?_UPDATE_POSITION?BIPOLARMOTOR
  +--> ?PR?_FIND_REAL_MAX?CALIBRATION

?PR?VOLTAGE_IS_STABLE?CALIBRATION                -----    -----      -----    -----      0308H    0018H
  +--> ?PR?_ADC_GETRESULT?ADC
  +--> ?PR?_ABS?ABS

?PR?_UPDATE_POSITION?BIPOLARMOTOR                -----    -----      -----    -----      0308H    0026H
  +--> ?PR?_BCDTODEC1?BIPOLARMOTOR
  +--> ?PR?SUNPOS?SUNPOS
  +--> ?PR?SIN?SIN
  +--> ?PR?ASIN?ASIN
  +--> ?PR?_THEORICALJP_POSITION?BIPOLARMOTOR
  +--> ?PR?_FABS?FABS
  +--> ?PR?_MOVE?BIPOLARMOTOR

BL51 BANKED LINKER/LOCATER V6.22                                                      10/30/2019  17:06:00  PAGE 9


?PR?_MOVE?BIPOLARMOTOR                           0020H.1  0000H.1    -----    -----      03D9H    0004H
  +--> ?PR?_STEP_MOVE?BIPOLARMOTOR

?PR?_FIND_REAL_MAX?CALIBRATION                   -----    -----      -----    -----      0308H    00D1H
  +--> ?PR?_ADC_GETRESULT?ADC
  +--> ?PR?_WAIT_MS?LCD_DRIVER_SPLC780D
  +--> ?CO?CALIBRATION
  +--> ?PR?PRINTF?PRINTF
  +--> ?PR?_SENDSTRING?UART1
  +--> ?PR?_COMMAND?LCD_DRIVER_SPLC780D
  +--> ?PR?_WRITEDATA?LCD_DRIVER_SPLC780D
  +--> ?PR?_DISPLAY_POS?LCD_DRIVER_SPLC780D
  +--> ?PR?_MOVE?BIPOLARMOTOR
  +--> ?PR?_READ_TIME?PCF85063BTL
  +--> ?PR?_BCDTODEC1?BIPOLARMOTOR
  +--> ?PR?_MAX_VALUE?CALIBRATION

?PR?_MAX_VALUE?CALIBRATION                       -----    -----      -----    -----      03D9H    0004H

?PR?AT25SF041_WRITEENABLE?AT25SF041              -----    -----      -----    -----      02F2H    0002H
  +--> ?PR?_WAIT_MS_SPINOR?AT25SF041
  +--> ?PR?UCREAD_STATUS_REGISTER_BYTE1?AT25...

?PR?_AT25SF041_WRITE?AT25SF041                   -----    -----      -----    -----      02F2H    0008H
  +--> ?PR?_WAIT_MS_SPINOR?AT25SF041
  +--> ?PR?UCREAD_STATUS_REGISTER_BYTE1?AT25...

?PR?SPI_NOR_WRITE_DATA?AT25SF041                 -----    -----      -----    -----      02E4H    000EH
  +--> ?PR?AT25SF041_WRITEENABLE?AT25SF041
  +--> ?PR?_AT25SF041_WRITE?AT25SF041
  +--> ?PR?_WAIT_MS_SPINOR?AT25SF041

?PR?AT25SF041_CHIPERASE?AT25SF041                -----    -----      -----    -----      02E4H    0002H
  +--> ?PR?_WAIT_MS_SPINOR?AT25SF041
  +--> ?PR?UCREAD_STATUS_REGISTER_BYTE1?AT25...



SYMBOL TABLE OF MODULE:  .\Obj\GPIO_RTC_Test (MAIN)

  VALUE           TYPE          NAME
  ----------------------------------

  -------         MODULE        MAIN
  C:0000H         SYMBOL        _ICE_DUMMY_
  X:0411H         PUBLIC        calib_value
  D:0080H         PUBLIC        P0
  D:0090H         PUBLIC        P1
  D:00A0H         PUBLIC        P2
  D:00B0H         PUBLIC        P3
  D:00C0H         PUBLIC        P4
  D:00C8H         PUBLIC        P5
  X:0465H         SYMBOL        PressedKey
  B:00A8H.7       PUBLIC        EA
  D:00E8H         PUBLIC        P6
  X:0469H         PUBLIC        calib_stamp
  D:00F8H         PUBLIC        P7
BL51 BANKED LINKER/LOCATER V6.22                                                      10/30/2019  17:06:00  PAGE 10


  X:046AH         PUBLIC        sTempString
  X:0473H         PUBLIC        calib_bool
  X:049DH         PUBLIC        pwm_time_min
  D:00A8H         PUBLIC        IE
  X:04A1H         PUBLIC        calib_time
  X:04F5H         PUBLIC        pwm_time_max
  B:0090H.7       PUBLIC        Connect_Electronics_Load
  D:00B8H         PUBLIC        IP
  B:0098H.0       PUBLIC        RI
  B:00B0H.2       PUBLIC        INT0
  X:04F9H         PUBLIC        months
  B:0098H.1       PUBLIC        TI
  C:000EH         PUBLIC        Uart
  D:00D8H         PUBLIC        CCON
  C:0026H         PUBLIC        main
  X:04FAH         PUBLIC        found_1st_point
  X:04FCH         PUBLIC        i_point1
  X:04FEH         PUBLIC        i_point2
  X:0500H         PUBLIC        day_offset
  X:0502H         PUBLIC        count
  B:0090H.2       PUBLIC        Connect_IV_Load
  D:0099H         PUBLIC        SBUF
  X:0504H         PUBLIC        days
  X:0505H         PUBLIC        hours
  D:0098H         PUBLIC        SCON
  D:0089H         PUBLIC        TMOD
  D:0088H         PUBLIC        TCON
  B:00A0H.3       PUBLIC        P23
  X:0506H         SYMBOL        KeyCount
  X:0508H         PUBLIC        mins
  B:00C8H.5       PUBLIC        P55
  X:0509H         PUBLIC        diff_of_offset
  D:008EH         PUBLIC        AUXR
  C:7CD8H         PUBLIC        tm0_isr
  B:0090H.5       PUBLIC        SI1120_STX
  C:7EEDH         PUBLIC        tm1_isr
  B:0021H.2       PUBLIC        busy
  D:00E0H         PUBLIC        ACC
  B:00A8H.1       PUBLIC        ET0
  B:00A8H.3       PUBLIC        ET1
  X:050DH         PUBLIC        SPI_NOR_INTERNAL_FLASH_ADDR
  D:008CH         PUBLIC        TH0
  D:008DH         PUBLIC        TH1
  D:008AH         PUBLIC        TL0
  D:008BH         PUBLIC        TL1
  X:0511H         PUBLIC        ii
  X:0513H         PUBLIC        jj
  B:0088H.4       PUBLIC        TR0
  B:0088H.6       PUBLIC        TR1
  X:0515H         PUBLIC        old_mins
  C:6E52H         PUBLIC        exint0
  X:0516H         SYMBOL        KeyNum
  X:0517H         SYMBOL        KeyNum_Old
  X:0518H         PUBLIC        timer0_count
  X:051AH         PUBLIC        current_position
  X:051EH         PUBLIC        pwm_time
  X:0522H         PUBLIC        i
BL51 BANKED LINKER/LOCATER V6.22                                                      10/30/2019  17:06:00  PAGE 11


  X:0524H         PUBLIC        j
  X:0526H         PUBLIC        Enable_UpdateSPINOR
  X:0528H         PUBLIC        start_timer0_count
  X:0529H         PUBLIC        seconds
  D:00D0H         PUBLIC        PSW
  C:7EF6H         PUBLIC        _SendUART1
  -------         PROC          TM0_ISR
  C:7CD8H         LINE#         110
  C:7CDEH         LINE#         114
  C:7CE1H         LINE#         115
  C:7CE4H         LINE#         116
  C:7CF2H         LINE#         117
  -------         ENDPROC       TM0_ISR
  -------         PROC          TM1_ISR
  C:7EEDH         LINE#         118
  C:7EEDH         LINE#         120
  C:7EEFH         LINE#         122
  C:7EF2H         LINE#         123
  C:7EF5H         LINE#         124
  -------         ENDPROC       TM1_ISR
  -------         PROC          EXINT0
  C:6E52H         LINE#         125
  C:6E6FH         LINE#         129
  C:6E72H         LINE#         130
  C:6E72H         LINE#         131
  C:6E75H         LINE#         132
  C:6E78H         LINE#         133
  C:6E7AH         LINE#         134
  C:6E7CH         LINE#         138
  C:6E7FH         LINE#         141
  C:6E7FH         LINE#         142
  C:6E81H         LINE#         144
  C:6E8DH         LINE#         145
  C:6EE7H         LINE#         146
  C:6F25H         LINE#         147
  C:6F2CH         LINE#         152
  C:6F2CH         LINE#         154
  -------         ENDPROC       EXINT0
  -------         PROC          MAIN
  -------         DO            
  X:0409H         SYMBOL        KeyCount
  X:040BH         SYMBOL        KeyNum_Old
  X:040CH         SYMBOL        KeyNum
  X:040DH         SYMBOL        PressedKey
  X:02A6H         SYMBOL        prox_flag
  X:02A7H         SYMBOL        iUse_prevday_calib_value
  X:02A9H         SYMBOL        max_ADC_Val_JP
  X:02ABH         SYMBOL        max_ADC_Val
  X:02ADH         SYMBOL        calib_point1
  X:02B5H         SYMBOL        calib_point2
  X:02BDH         SYMBOL        dat_to_store
  X:02C8H         SYMBOL        calib_day
  X:02CAH         SYMBOL        calib_count
  X:02CCH         SYMBOL        theorical_JP_max_pos
  X:02D0H         SYMBOL        elevation
  X:02D4H         SYMBOL        azimuth
  X:02D8H         SYMBOL        prev_elevation
BL51 BANKED LINKER/LOCATER V6.22                                                      10/30/2019  17:06:00  PAGE 12


  X:02DCH         SYMBOL        prev_azimuth
  X:02E0H         SYMBOL        JP_Pos_Offset
  -------         ENDDO         
  C:0026H         LINE#         156
  C:0026H         LINE#         157
  C:0026H         LINE#         162
  C:002CH         LINE#         163
  C:0031H         LINE#         165
  C:0039H         LINE#         169
  C:003FH         LINE#         170
  C:007BH         LINE#         181
  C:0083H         LINE#         182
  C:008AH         LINE#         183
  C:0090H         LINE#         185
  C:0096H         LINE#         197
  C:0099H         LINE#         198
  C:009CH         LINE#         199
  C:009FH         LINE#         201
  C:00A2H         LINE#         204
  C:00A5H         LINE#         206
  C:00A8H         LINE#         208
  C:00ABH         LINE#         210
  C:00AEH         LINE#         211
  C:00B1H         LINE#         212
  C:00B4H         LINE#         213
  C:00B6H         LINE#         214
  C:00B8H         LINE#         215
  C:00BBH         LINE#         216
  C:00BDH         LINE#         217
  C:00BFH         LINE#         219
  C:00C1H         LINE#         220
  C:00C8H         LINE#         221
  C:00CFH         LINE#         222
  C:00D6H         LINE#         223
  C:00DDH         LINE#         227
  C:00E4H         LINE#         228
  C:00E9H         LINE#         229
  C:00EEH         LINE#         230
  C:00F3H         LINE#         231
  C:00F8H         LINE#         232
  C:00FDH         LINE#         235
  C:0104H         LINE#         236
  C:0104H         LINE#         237
  C:0127H         LINE#         238
  C:0171H         LINE#         239
  C:0186H         LINE#         240
  C:01A3H         LINE#         241
  C:01A6H         LINE#         244
  C:01ADH         LINE#         247
  C:01B0H         LINE#         249
  C:01B7H         LINE#         250
  C:01C0H         LINE#         253
  C:01C0H         LINE#         254
  C:01C0H         LINE#         255
  C:01C3H         LINE#         256
  C:01CEH         LINE#         257
  C:01CEH         LINE#         258
BL51 BANKED LINKER/LOCATER V6.22                                                      10/30/2019  17:06:00  PAGE 13


  C:01D5H         LINE#         259
  C:01DCH         LINE#         260
  C:01E3H         LINE#         261
  C:01EAH         LINE#         262
  C:01EAH         LINE#         272
  C:01EAH         LINE#         276
  C:01EFH         LINE#         277
  C:01F4H         LINE#         279
  C:01F9H         LINE#         281
  C:01FEH         LINE#         282
  C:0203H         LINE#         285
  C:0214H         LINE#         287
  C:0219H         LINE#         288
  C:021EH         LINE#         290
  C:0225H         LINE#         291
  C:022DH         LINE#         292
  C:0232H         LINE#         293
  C:023AH         LINE#         294
  C:023FH         LINE#         295
  C:0249H         LINE#         296
  C:024EH         LINE#         297
  C:0256H         LINE#         299
  C:025EH         LINE#         300
  C:0263H         LINE#         301
  C:026DH         LINE#         302
  C:026DH         LINE#         303
  C:026FH         LINE#         304
  C:0271H         LINE#         305
  C:027BH         LINE#         306
  C:027BH         LINE#         307
  C:0280H         LINE#         308
  C:0280H         LINE#         320
  C:0294H         LINE#         321
  C:0294H         LINE#         322
  C:02A9H         LINE#         323
  C:02B8H         LINE#         324
  C:02B8H         LINE#         325
  C:02CBH         LINE#         326
  C:02CDH         LINE#         328
  C:02CDH         LINE#         329
  C:02E9H         LINE#         330
  C:02E9H         LINE#         331
  C:02EEH         LINE#         332
  C:02EEH         LINE#         333
  C:0302H         LINE#         334
  C:0302H         LINE#         337
  C:0317H         LINE#         338
  C:0326H         LINE#         339
  C:0326H         LINE#         340
  C:0339H         LINE#         341
  C:033BH         LINE#         343
  C:033BH         LINE#         344
  C:0357H         LINE#         345
  C:0357H         LINE#         346
  C:035CH         LINE#         347
  C:0362H         LINE#         348
  C:0362H         LINE#         350
BL51 BANKED LINKER/LOCATER V6.22                                                      10/30/2019  17:06:00  PAGE 14


  C:0384H         LINE#         351
  C:0384H         LINE#         352
  C:038EH         LINE#         353
  C:0394H         LINE#         354
  C:039BH         LINE#         355
  C:03A1H         LINE#         356
  C:03A8H         LINE#         357
  C:03A8H         LINE#         358
  C:03ABH         LINE#         360
  C:03ABH         LINE#         365
  C:03B3H         LINE#         366
  C:03EEH         LINE#         367
  C:040CH         LINE#         368
  C:040CH         LINE#         370
  C:0415H         LINE#         373
  C:041CH         LINE#         374
  C:0425H         LINE#         375
  C:042CH         LINE#         380
  C:042CH         LINE#         384
  C:0439H         LINE#         385
  C:0439H         LINE#         388
  C:0440H         LINE#         390
  C:0451H         LINE#         393
  C:0451H         LINE#         394
  C:0479H         LINE#         395
  C:0479H         LINE#         396
  C:049BH         LINE#         397
  C:049BH         LINE#         399
  C:04C1H         LINE#         400
  C:04E7H         LINE#         403
  C:052EH         LINE#         410
  C:0570H         LINE#         413
  C:05B2H         LINE#         416
  C:062BH         LINE#         419
  C:0632H         LINE#         421
  C:0643H         LINE#         422
  C:0699H         LINE#         423
  C:06A2H         LINE#         424
  C:06A9H         LINE#         425
  C:06B2H         LINE#         426
  C:06BBH         LINE#         427
  C:06C2H         LINE#         435
  C:06FFH         LINE#         444
  C:06FFH         LINE#         446
  C:077BH         LINE#         447
  C:0794H         LINE#         448
  C:0796H         LINE#         449
  C:0798H         LINE#         451
  C:0822H         LINE#         457
  C:0850H         LINE#         458
  C:0850H         LINE#         461
  C:0873H         LINE#         462
  C:0888H         LINE#         463
  C:0892H         LINE#         465
  C:0895H         LINE#         468
  C:0895H         LINE#         469
  C:08BBH         LINE#         470
BL51 BANKED LINKER/LOCATER V6.22                                                      10/30/2019  17:06:00  PAGE 15


  C:08BBH         LINE#         471
  C:08E3H         LINE#         472
  C:0992H         LINE#         473
  C:09B8H         LINE#         474
  C:0A6AH         LINE#         478
  C:0A6AH         LINE#         479
  C:0A72H         LINE#         480
  C:0A79H         LINE#         481
  C:0A7CH         LINE#         484
  C:0AB1H         LINE#         485
  C:0AB8H         LINE#         486
  C:0ABBH         LINE#         488
  C:0AF5H         LINE#         489
  C:0B21H         LINE#         491
  C:0B50H         LINE#         493
  C:0B57H         LINE#         494
  C:0B5EH         LINE#         495
  C:0B61H         LINE#         498
  C:0BC9H         LINE#         500
  C:0BD0H         LINE#         502
  C:0BD7H         LINE#         503
  C:0BDAH         LINE#         506
  C:0C99H         LINE#         508
  C:0CA0H         LINE#         509
  C:0CA0H         LINE#         511
  C:0CA3H         LINE#         513
  C:0CA3H         LINE#         515
  C:0CAAH         LINE#         516
  C:0CAAH         LINE#         517
  C:0CADH         LINE#         518
  C:0CCBH         LINE#         519
  C:0CD2H         LINE#         520
  C:0CF1H         LINE#         521
  C:0D10H         LINE#         523
  C:0D8CH         LINE#         524
  C:0DA8H         LINE#         526
  C:0DAAH         LINE#         527
  C:0DACH         LINE#         529
  C:0DE3H         LINE#         530
  C:0DF0H         LINE#         531
  C:0DFFH         LINE#         535
  C:0DFFH         LINE#         537
  C:0E07H         LINE#         538
  C:0E0FH         LINE#         539
  C:0E17H         LINE#         540
  C:0E1FH         LINE#         542
  C:0E33H         LINE#         543
  C:0E49H         LINE#         544
  C:0E79H         LINE#         545
  C:0E99H         LINE#         547
  C:0EADH         LINE#         548
  C:0EC3H         LINE#         549
  C:0EF3H         LINE#         550
  C:0EFAH         LINE#         552
  C:0F1EH         LINE#         555
  C:0F49H         LINE#         557
  C:0F52H         LINE#         558
BL51 BANKED LINKER/LOCATER V6.22                                                      10/30/2019  17:06:00  PAGE 16


  C:0F59H         LINE#         559
  C:0F62H         LINE#         560
  C:0F6BH         LINE#         561
  C:0F72H         LINE#         563
  C:0FAFH         LINE#         565
  C:0FB8H         LINE#         566
  C:0FBFH         LINE#         567
  C:0FC8H         LINE#         568
  C:0FD1H         LINE#         569
  C:0FD8H         LINE#         571
  C:1003H         LINE#         573
  C:100CH         LINE#         574
  C:1013H         LINE#         575
  C:101CH         LINE#         576
  C:1025H         LINE#         577
  C:102CH         LINE#         579
  C:1057H         LINE#         581
  C:1060H         LINE#         582
  C:1067H         LINE#         583
  C:1070H         LINE#         584
  C:1077H         LINE#         585
  C:1080H         LINE#         586
  C:1087H         LINE#         588
  C:1089H         LINE#         593
  C:10BBH         LINE#         594
  C:10BBH         LINE#         595
  C:10C3H         LINE#         599
  C:10C3H         LINE#         600
  C:10C3H         LINE#         602
  C:10E8H         LINE#         603
  C:10E8H         LINE#         604
  C:110AH         LINE#         605
  C:110AH         LINE#         606
  C:1186H         LINE#         607
  C:1188H         LINE#         608
  C:118AH         LINE#         610
  C:11E2H         LINE#         613
  C:11F1H         LINE#         614
  C:11F1H         LINE#         615
  C:126FH         LINE#         616
  C:1278H         LINE#         617
  C:127FH         LINE#         618
  C:1288H         LINE#         619
  C:1291H         LINE#         620
  C:1298H         LINE#         623
  C:12C3H         LINE#         625
  C:12CCH         LINE#         626
  C:12D3H         LINE#         627
  C:12DCH         LINE#         628
  C:12E5H         LINE#         632
  C:12ECH         LINE#         634
  C:1317H         LINE#         636
  C:1320H         LINE#         637
  C:1327H         LINE#         638
  C:1330H         LINE#         640
  C:1330H         LINE#         641
  C:1330H         LINE#         644
BL51 BANKED LINKER/LOCATER V6.22                                                      10/30/2019  17:06:00  PAGE 17


  C:1330H         LINE#         646
  C:1330H         LINE#         647
  C:1330H         LINE#         648
  C:1330H         LINE#         649
  C:1330H         LINE#         650
  C:1330H         LINE#         651
  C:1330H         LINE#         652
  C:1330H         LINE#         654
  C:1333H         LINE#         657
  C:135AH         LINE#         658
  C:135AH         LINE#         661
  C:137CH         LINE#         662
  C:137CH         LINE#         664
  C:13F8H         LINE#         666
  C:1425H         LINE#         667
  C:1440H         LINE#         673
  C:1442H         LINE#         674
  C:1444H         LINE#         682
  C:1471H         LINE#         684
  C:1498H         LINE#         685
  C:150CH         LINE#         687
  C:1598H         LINE#         691
  C:15BBH         LINE#         692
  C:15BBH         LINE#         693
  C:1657H         LINE#         694
  C:165AH         LINE#         696
  C:165AH         LINE#         697
  C:1682H         LINE#         698
  C:16F6H         LINE#         700
  C:1771H         LINE#         707
  C:181EH         LINE#         712
  C:1825H         LINE#         714
  C:1836H         LINE#         715
  C:1836H         LINE#         718
  C:1845H         LINE#         719
  C:1845H         LINE#         720
  C:18C3H         LINE#         721
  C:18CCH         LINE#         722
  C:18D3H         LINE#         723
  C:18DCH         LINE#         724
  C:18E5H         LINE#         725
  C:18ECH         LINE#         728
  C:1917H         LINE#         730
  C:1920H         LINE#         731
  C:1927H         LINE#         732
  C:1930H         LINE#         733
  C:1939H         LINE#         737
  C:1940H         LINE#         739
  C:196BH         LINE#         741
  C:1974H         LINE#         742
  C:197BH         LINE#         743
  C:1984H         LINE#         744
  C:198BH         LINE#         746
  C:1994H         LINE#         747
  C:199BH         LINE#         750
  C:19D9H         LINE#         752
  C:19E2H         LINE#         753
BL51 BANKED LINKER/LOCATER V6.22                                                      10/30/2019  17:06:00  PAGE 18


  C:19E9H         LINE#         754
  C:19F2H         LINE#         755
  C:19FBH         LINE#         756
  C:1A02H         LINE#         757
  C:1A02H         LINE#         759
  C:1A02H         LINE#         761
  C:1A02H         LINE#         762
  C:1A02H         LINE#         764
  C:1A02H         LINE#         768
  C:1A1EH         LINE#         769
  C:1A1EH         LINE#         770
  C:1A20H         LINE#         773
  C:1A23H         LINE#         775
  C:1A60H         LINE#         776
  C:1A60H         LINE#         777
  C:1A62H         LINE#         782
  C:1A62H         LINE#         783
  C:1A68H         LINE#         784
  C:1A6BH         LINE#         787
  C:1A82H         LINE#         789
  C:1A89H         LINE#         791
  C:1A90H         LINE#         792
  C:1A93H         LINE#         795
  C:1AAAH         LINE#         796
  C:1AAAH         LINE#         797
  C:1AB9H         LINE#         798
  C:1AB9H         LINE#         800
  C:1ABCH         LINE#         802
  C:1ABFH         LINE#         803
  C:1AC6H         LINE#         806
  C:1AE2H         LINE#         807
  C:1AE2H         LINE#         808
  C:1AFFH         LINE#         809
  C:1AFFH         LINE#         810
  C:1B05H         LINE#         811
  C:1B08H         LINE#         814
  C:1B3DH         LINE#         815
  C:1B44H         LINE#         816
  C:1B47H         LINE#         818
  C:1B81H         LINE#         819
  C:1B97H         LINE#         821
  C:1BB0H         LINE#         823
  C:1BB7H         LINE#         824
  C:1BBEH         LINE#         825
  C:1BC1H         LINE#         828
  C:1C16H         LINE#         830
  C:1C1DH         LINE#         832
  C:1C24H         LINE#         833
  C:1C27H         LINE#         836
  C:1CD3H         LINE#         838
  C:1CDAH         LINE#         841
  C:1CDAH         LINE#         842
  C:1CEBH         LINE#         844
  C:1CEBH         LINE#         848
  C:1CF2H         LINE#         849
  C:1CF2H         LINE#         852
  C:1D01H         LINE#         853
BL51 BANKED LINKER/LOCATER V6.22                                                      10/30/2019  17:06:00  PAGE 19


  C:1D01H         LINE#         854
  C:1D33H         LINE#         855
  C:1D33H         LINE#         856
  C:1DB2H         LINE#         858
  C:1DB9H         LINE#         859
  C:1DBCH         LINE#         861
  C:1DF6H         LINE#         862
  C:1E0CH         LINE#         864
  C:1E25H         LINE#         866
  C:1E2CH         LINE#         867
  C:1E33H         LINE#         868
  C:1E36H         LINE#         870
  C:1E8BH         LINE#         871
  C:1E92H         LINE#         873
  C:1E99H         LINE#         874
  C:1E9CH         LINE#         876
  C:1F48H         LINE#         877
  C:1F4FH         LINE#         879
  C:1F56H         LINE#         880
  C:1F59H         LINE#         882
  C:1F7DH         LINE#         883
  C:1F84H         LINE#         884
  C:1F95H         LINE#         887
  C:1FA9H         LINE#         888
  C:1FBDH         LINE#         889
  C:1FCCH         LINE#         890
  C:1FCCH         LINE#         892
  C:1FF8H         LINE#         893
  C:1FF8H         LINE#         894
  C:2025H         LINE#         901
  C:2040H         LINE#         904
  C:204FH         LINE#         905
  C:2052H         LINE#         908
  C:2082H         LINE#         909
  C:2082H         LINE#         911
  C:20AFH         LINE#         917
  C:20CAH         LINE#         920
  C:20DAH         LINE#         921
  C:20E0H         LINE#         922
  C:20F4H         LINE#         923
  C:2108H         LINE#         924
  C:2110H         LINE#         925
  C:211DH         LINE#         926
  C:211DH         LINE#         927
  C:2141H         LINE#         928
  C:2141H         LINE#         929
  C:218BH         LINE#         930
  C:2192H         LINE#         931
  C:2195H         LINE#         934
  C:21B9H         LINE#         936
  C:21C0H         LINE#         937
  C:21C3H         LINE#         939
  C:21F6H         LINE#         940
  C:2215H         LINE#         942
  C:2237H         LINE#         944
  C:223EH         LINE#         946
  C:2245H         LINE#         947
BL51 BANKED LINKER/LOCATER V6.22                                                      10/30/2019  17:06:00  PAGE 20


  C:2248H         LINE#         949
  C:229DH         LINE#         950
  C:22A4H         LINE#         952
  C:22ABH         LINE#         953
  C:22AEH         LINE#         955
  C:235AH         LINE#         956
  C:2361H         LINE#         957
  C:2372H         LINE#         958
  C:2372H         LINE#         959
  C:2372H         LINE#         963
  C:2394H         LINE#         964
  C:23A1H         LINE#         965
  C:23A1H         LINE#         966
  C:23C4H         LINE#         967
  C:23C4H         LINE#         968
  C:2414H         LINE#         969
  C:2414H         LINE#         970
  C:241BH         LINE#         971
  C:241EH         LINE#         973
  C:2458H         LINE#         974
  C:246EH         LINE#         976
  C:2487H         LINE#         978
  C:248EH         LINE#         979
  C:2495H         LINE#         980
  C:2498H         LINE#         982
  C:24EDH         LINE#         983
  C:24F4H         LINE#         985
  C:24FBH         LINE#         986
  C:24FEH         LINE#         988
  C:25AAH         LINE#         989
  C:25B1H         LINE#         991
  C:25B8H         LINE#         992
  C:25BBH         LINE#         994
  C:25DFH         LINE#         995
  C:25E6H         LINE#         996
  C:25E6H         LINE#         997
  C:25F7H         LINE#         998
  C:25F7H         LINE#         999
  C:25F7H         LINE#         1000
  C:2630H         LINE#         1001
  C:2630H         LINE#         1005
  C:2637H         LINE#         1006
  C:263EH         LINE#         1007
  C:2644H         LINE#         1008
  C:264AH         LINE#         1009
  C:264AH         LINE#         1010
  C:266DH         LINE#         1011
  C:2682H         LINE#         1013
  C:269CH         LINE#         1015
  C:269CH         LINE#         1018
  C:26ABH         LINE#         1019
  C:26ABH         LINE#         1020
  C:26AEH         LINE#         1021
  C:26B5H         LINE#         1022
  C:26BAH         LINE#         1023
  C:26BFH         LINE#         1024
  C:26C4H         LINE#         1025
BL51 BANKED LINKER/LOCATER V6.22                                                      10/30/2019  17:06:00  PAGE 21


  C:26C9H         LINE#         1026
  C:26CEH         LINE#         1036
  C:26D1H         LINE#         1038
  C:26D4H         LINE#         1039
  C:26DBH         LINE#         1040
  C:26E5H         LINE#         1041
  C:26ECH         LINE#         1043
  C:26EFH         LINE#         1052
  C:26EFH         LINE#         1053
  -------         ENDPROC       MAIN
  -------         PROC          UART
  C:000EH         LINE#         1067
  C:000EH         LINE#         1069
  C:0011H         LINE#         1070
  C:0011H         LINE#         1071
  C:0013H         LINE#         1073
  C:0013H         LINE#         1074
  C:0016H         LINE#         1075
  C:0016H         LINE#         1076
  C:0018H         LINE#         1077
  C:001AH         LINE#         1078
  C:001AH         LINE#         1079
  -------         ENDPROC       UART
  -------         PROC          _SENDUART1
  D:0007H         SYMBOL        dat
  C:7EF6H         LINE#         1081
  C:7EF6H         LINE#         1082
  C:7EF6H         LINE#         1083
  C:7EF9H         LINE#         1084
  C:7EFBH         LINE#         1085
  C:7EFCH         LINE#         1086
  C:7EFEH         LINE#         1087
  -------         ENDPROC       _SENDUART1
  -------         ENDMOD        MAIN

  -------         MODULE        PCF85063BTL
  C:0000H         SYMBOL        _ICE_DUMMY_
  D:0096H         PUBLIC        P2M0
  D:0080H         PUBLIC        P0
  D:0095H         PUBLIC        P2M1
  D:0090H         PUBLIC        P1
  D:00A0H         PUBLIC        P2
  D:00B0H         PUBLIC        P3
  D:00C0H         PUBLIC        P4
  D:00C8H         PUBLIC        P5
  D:00E8H         PUBLIC        P6
  B:00A0H.1       PUBLIC        PCF85063BTL_SDI
  D:00F8H         PUBLIC        P7
  B:00A0H.2       PUBLIC        PCF85063BTL_SCK
  B:00A0H.1       PUBLIC        PCF85063BTL_SDO
  D:00A8H         PUBLIC        IE
  C:776CH         PUBLIC        _Read_time
  C:7E18H         PUBLIC        _PCF85063BTL_Delay
  D:00B8H         PUBLIC        IP
  D:00D8H         PUBLIC        CCON
  C:75F9H         PUBLIC        _Day_Of_Year
  C:7D19H         PUBLIC        SPI_ReceiveByte
BL51 BANKED LINKER/LOCATER V6.22                                                      10/30/2019  17:06:00  PAGE 22


  D:0098H         PUBLIC        SCON
  D:0088H         PUBLIC        TCON
  C:7E4BH         PUBLIC        _BCDtoDec
  B:00A0H.0       PUBLIC        PCF85063BTL_CS
  C:7E3AH         PUBLIC        _SPI_ReadTime
  C:7E9AH         PUBLIC        SPI_Init
  C:7D8EH         PUBLIC        _SPI_WriteTime
  C:7CF9H         PUBLIC        _SPI_SendByte
  D:00D0H         PUBLIC        PSW
  C:7E14H         SYMBOL        L?0048
  -------         PROC          L?0047
  -------         ENDPROC       L?0047
  C:7E14H         SYMBOL        L?0048
  -------         PROC          _PCF85063BTL_DELAY
  D:0006H         SYMBOL        us
  C:7E18H         LINE#         8
  C:7E18H         LINE#         9
  C:7E18H         LINE#         10
  C:7E22H         LINE#         11
  C:7E22H         LINE#         12
  C:7E23H         LINE#         13
  C:7E25H         LINE#         14
  -------         ENDPROC       _PCF85063BTL_DELAY
  -------         PROC          _SPI_SENDBYTE
  D:0005H         SYMBOL        dat
  -------         DO            
  D:0003H         SYMBOL        i
  -------         ENDDO         
  C:7CF9H         LINE#         17
  C:7CFBH         LINE#         18
  C:7CFBH         LINE#         20
  C:7CFDH         LINE#         21
  C:7CFDH         LINE#         22
  C:7CFFH         LINE#         23
  C:7D03H         LINE#         24
  C:7D03H         LINE#         25
  C:7D05H         LINE#         26
  C:7D07H         LINE#         28
  C:7D07H         LINE#         29
  C:7D09H         LINE#         30
  C:7D09H         LINE#         31
  C:7D0CH         LINE#         32
  C:7D0CH         LINE#         33
  C:7D0FH         LINE#         34
  C:7D13H         LINE#         35
  C:7D18H         LINE#         36
  -------         ENDPROC       _SPI_SENDBYTE
  -------         PROC          SPI_RECEIVEBYTE
  -------         DO            
  D:0003H         SYMBOL        i
  D:0005H         SYMBOL        dat
  -------         ENDDO         
  C:7D19H         LINE#         39
  C:7D19H         LINE#         40
  C:7D19H         LINE#         42
  C:7D1BH         LINE#         44
  C:7D1DH         LINE#         45
BL51 BANKED LINKER/LOCATER V6.22                                                      10/30/2019  17:06:00  PAGE 23


  C:7D1EH         LINE#         46
  C:7D1EH         LINE#         47
  C:7D22H         LINE#         48
  C:7D24H         LINE#         49
  C:7D27H         LINE#         51
  C:7D2AH         LINE#         52
  C:7D2AH         LINE#         53
  C:7D2EH         LINE#         54
  C:7D2EH         LINE#         55
  C:7D2EH         LINE#         56
  C:7D31H         LINE#         57
  C:7D36H         LINE#         58
  C:7D38H         LINE#         59
  -------         ENDPROC       SPI_RECEIVEBYTE
  -------         PROC          _SPI_READTIME
  D:0007H         SYMBOL        addr
  -------         DO            
  D:0006H         SYMBOL        dat
  -------         ENDDO         
  C:7E3AH         LINE#         61
  C:7E3AH         LINE#         62
  C:7E3AH         LINE#         64
  C:7E3CH         LINE#         65
  C:7E3EH         LINE#         66
  C:7E45H         LINE#         67
  C:7E48H         LINE#         68
  C:7E4AH         LINE#         69
  C:7E4AH         LINE#         70
  -------         ENDPROC       _SPI_READTIME
  -------         PROC          _SPI_WRITETIME
  D:0002H         SYMBOL        val
  D:0005H         SYMBOL        addr
  C:7D8EH         LINE#         71
  C:7D90H         LINE#         72
  C:7D90H         LINE#         74
  C:7D92H         LINE#         75
  C:7D99H         LINE#         76
  C:7D9EH         LINE#         77
  C:7DA3H         LINE#         78
  C:7DA5H         LINE#         79
  -------         ENDPROC       _SPI_WRITETIME
  -------         PROC          SPI_INIT
  C:7E9AH         LINE#         83
  C:7E9AH         LINE#         84
  C:7E9AH         LINE#         89
  C:7E9DH         LINE#         90
  C:7EA0H         LINE#         91
  C:7EA2H         LINE#         92
  C:7EA4H         LINE#         93
  C:7EA6H         LINE#         94
  -------         ENDPROC       SPI_INIT
  -------         PROC          _READ_TIME
  X:03D9H         SYMBOL        months
  X:03DCH         SYMBOL        days
  X:03DFH         SYMBOL        hours
  X:03E2H         SYMBOL        mins
  X:03E5H         SYMBOL        seconds
BL51 BANKED LINKER/LOCATER V6.22                                                      10/30/2019  17:06:00  PAGE 24


  C:776CH         LINE#         96
  C:7777H         LINE#         97
  C:7777H         LINE#         99
  C:778BH         LINE#         101
  C:779FH         LINE#         103
  C:77B3H         LINE#         108
  C:77C7H         LINE#         113
  -------         ENDPROC       _READ_TIME
  -------         PROC          _BCDTODEC
  D:0007H         SYMBOL        bcd
  -------         DO            
  D:0006H         SYMBOL        hi
  D:0007H         SYMBOL        lo
  -------         ENDDO         
  C:7E4BH         LINE#         119
  C:7E4BH         LINE#         120
  C:7E4BH         LINE#         122
  C:7E50H         LINE#         123
  C:7E54H         LINE#         124
  C:7E5BH         LINE#         125
  -------         ENDPROC       _BCDTODEC
  -------         PROC          _DAY_OF_YEAR
  D:0007H         SYMBOL        months_bcd
  D:0005H         SYMBOL        days_bcd
  -------         DO            
  D:0004H         SYMBOL        months
  D:0007H         SYMBOL        days
  -------         ENDDO         
  C:75F9H         LINE#         126
  C:75F9H         LINE#         127
  C:75F9H         LINE#         130
  C:75FEH         LINE#         132
  C:7603H         LINE#         134
  C:763CH         LINE#         135
  C:763CH         LINE#         136
  C:763CH         LINE#         137
  C:763FH         LINE#         138
  C:763FH         LINE#         139
  C:763FH         LINE#         140
  C:7644H         LINE#         141
  C:7644H         LINE#         142
  C:7644H         LINE#         143
  C:7649H         LINE#         144
  C:7649H         LINE#         145
  C:7649H         LINE#         146
  C:764EH         LINE#         147
  C:764EH         LINE#         148
  C:764EH         LINE#         149
  C:7653H         LINE#         150
  C:7653H         LINE#         151
  C:7653H         LINE#         152
  C:7658H         LINE#         153
  C:7658H         LINE#         154
  C:7658H         LINE#         155
  C:765DH         LINE#         156
  C:765DH         LINE#         157
  C:765DH         LINE#         158
BL51 BANKED LINKER/LOCATER V6.22                                                      10/30/2019  17:06:00  PAGE 25


  C:7662H         LINE#         159
  C:7662H         LINE#         160
  C:7662H         LINE#         161
  C:766AH         LINE#         162
  C:766AH         LINE#         163
  C:766AH         LINE#         164
  C:766FH         LINE#         165
  C:766FH         LINE#         166
  C:766FH         LINE#         167
  C:7674H         LINE#         168
  C:7674H         LINE#         169
  C:7674H         LINE#         170
  C:767DH         LINE#         171
  C:767DH         LINE#         172
  C:767DH         LINE#         173
  C:7680H         LINE#         174
  C:7680H         LINE#         175
  -------         ENDPROC       _DAY_OF_YEAR
  -------         ENDMOD        PCF85063BTL

  -------         MODULE        LCD_DRIVER_SPLC780D
  C:0000H         SYMBOL        _ICE_DUMMY_
  D:0092H         PUBLIC        P1M0
  D:0091H         PUBLIC        P1M1
  D:0080H         PUBLIC        P0
  D:0090H         PUBLIC        P1
  D:00A0H         PUBLIC        P2
  D:00B0H         PUBLIC        P3
  D:00C0H         PUBLIC        P4
  D:00C8H         PUBLIC        P5
  D:00E8H         PUBLIC        P6
  D:00F8H         PUBLIC        P7
  C:7685H         PUBLIC        _WriteData
  D:00A8H         PUBLIC        IE
  D:00B8H         PUBLIC        IP
  D:00D8H         PUBLIC        CCON
  B:00B0H.4       PUBLIC        LCD_D4
  B:00B0H.5       PUBLIC        LCD_D5
  B:00B0H.6       PUBLIC        LCD_D6
  C:7D57H         PUBLIC        _DisplayLCD
  B:00B0H.7       PUBLIC        LCD_D7
  D:0098H         PUBLIC        SCON
  D:0088H         PUBLIC        TCON
  C:7EE3H         PUBLIC        LCD_clear
  C:7A07H         PUBLIC        _Command
  C:7DD3H         PUBLIC        _Display_Line
  C:7835H         PUBLIC        LCD_Init
  C:7C72H         PUBLIC        _Wait_ms
  B:00C0H.0       PUBLIC        LCD_RS
  B:0090H.3       PUBLIC        LCD_RW
  C:7ED9H         PUBLIC        LCD_return_home
  C:68A0H         PUBLIC        _Display_Pos
  B:00B0H.3       PUBLIC        LCD_E
  D:00D0H         PUBLIC        PSW
  -------         PROC          LCD_INIT
  C:7835H         LINE#         9
  C:7835H         LINE#         10
BL51 BANKED LINKER/LOCATER V6.22                                                      10/30/2019  17:06:00  PAGE 26


  C:7835H         LINE#         11
  C:7838H         LINE#         12
  C:783BH         LINE#         14
  C:7841H         LINE#         15
  C:7846H         LINE#         17
  C:784DH         LINE#         18
  C:7852H         LINE#         20
  C:7855H         LINE#         21
  C:785AH         LINE#         23
  C:785DH         LINE#         24
  C:7862H         LINE#         26
  C:7869H         LINE#         29
  C:786EH         LINE#         30
  C:7873H         LINE#         32
  C:7878H         LINE#         33
  C:787DH         LINE#         35
  C:7882H         LINE#         36
  C:7887H         LINE#         37
  -------         ENDPROC       LCD_INIT
  C:7681H         SYMBOL        L?0035
  -------         PROC          L?0034
  -------         ENDPROC       L?0034
  C:7681H         SYMBOL        L?0035
  -------         PROC          _WRITEDATA
  X:03E4H         SYMBOL        dat
  C:7685H         LINE#         40
  C:768AH         LINE#         41
  C:768AH         LINE#         46
  C:768CH         LINE#         47
  C:768EH         LINE#         49
  C:769CH         LINE#         50
  C:76A8H         LINE#         51
  C:76B4H         LINE#         52
  C:76BEH         LINE#         53
  C:76C0H         LINE#         54
  C:76C7H         LINE#         55
  C:76C9H         LINE#         57
  C:76D9H         LINE#         58
  C:76E4H         LINE#         59
  C:76EEH         LINE#         60
  C:76F2H         LINE#         62
  C:76F2H         LINE#         63
  C:76F5H         LINE#         64
  C:76F7H         LINE#         65
  C:76F9H         LINE#         67
  -------         ENDPROC       _WRITEDATA
  -------         PROC          _COMMAND
  D:0007H         SYMBOL        dat
  C:7A07H         LINE#         69
  C:7A07H         LINE#         70
  C:7A07H         LINE#         71
  C:7A09H         LINE#         72
  C:7A0BH         LINE#         74
  C:7A15H         LINE#         75
  C:7A19H         LINE#         77
  C:7A1BH         LINE#         78
  C:7A24H         LINE#         79
BL51 BANKED LINKER/LOCATER V6.22                                                      10/30/2019  17:06:00  PAGE 27


  C:7A28H         LINE#         81
  C:7A2AH         LINE#         82
  C:7A31H         LINE#         83
  C:7A35H         LINE#         85
  C:7A37H         LINE#         86
  C:7A3BH         LINE#         87
  C:7A3FH         LINE#         89
  C:7A41H         LINE#         90
  C:7A41H         LINE#         91
  C:7A44H         LINE#         92
  C:7A46H         LINE#         93
  -------         ENDPROC       _COMMAND
  C:7C6EH         SYMBOL        L?0037
  -------         PROC          L?0036
  -------         ENDPROC       L?0036
  C:7C6EH         SYMBOL        L?0037
  -------         PROC          _WAIT_MS
  D:0006H         SYMBOL        ms
  -------         DO            
  D:0004H         SYMBOL        De_Cnt
  -------         ENDDO         
  C:7C72H         LINE#         95
  C:7C72H         LINE#         96
  C:7C72H         LINE#         98
  C:7C7CH         LINE#         99
  C:7C7CH         LINE#         100
  C:7C8FH         LINE#         101
  C:7C8FH         LINE#         102
  -------         ENDPROC       _WAIT_MS
  -------         PROC          _DISPLAYLCD
  D:0007H         SYMBOL        BCD
  -------         DO            
  D:0006H         SYMBOL        first_digit
  X:02E4H         SYMBOL        second_digit
  -------         ENDDO         
  C:7D57H         LINE#         103
  C:7D57H         LINE#         104
  C:7D57H         LINE#         106
  C:7D5EH         LINE#         107
  C:7D67H         LINE#         109
  C:7D6CH         LINE#         111
  -------         ENDPROC       _DISPLAYLCD
  -------         PROC          LCD_RETURN_HOME
  C:7ED9H         LINE#         115
  C:7ED9H         LINE#         116
  C:7ED9H         LINE#         117
  C:7EDEH         LINE#         118
  -------         ENDPROC       LCD_RETURN_HOME
  -------         PROC          LCD_CLEAR
  C:7EE3H         LINE#         121
  C:7EE3H         LINE#         122
  C:7EE3H         LINE#         123
  C:7EE8H         LINE#         124
  -------         ENDPROC       LCD_CLEAR
  -------         PROC          _DISPLAY_LINE
  D:0006H         SYMBOL        line
  C:7DD3H         LINE#         128
BL51 BANKED LINKER/LOCATER V6.22                                                      10/30/2019  17:06:00  PAGE 28


  C:7DD3H         LINE#         129
  C:7DD3H         LINE#         130
  C:7DD9H         LINE#         131
  C:7DD9H         LINE#         132
  C:7DDBH         LINE#         133
  C:7DDBH         LINE#         134
  C:7DDDH         LINE#         136
  C:7DDDH         LINE#         137
  C:7DE2H         LINE#         138
  C:7DE7H         LINE#         139
  C:7DE7H         LINE#         140
  -------         ENDPROC       _DISPLAY_LINE
  -------         PROC          _DISPLAY_POS
  X:03D9H         SYMBOL        sign_dat
  -------         DO            
  X:03DDH         SYMBOL        unit
  X:03DEH         SYMBOL        ten
  X:03DFH         SYMBOL        hundred
  X:03E0H         SYMBOL        thousand
  X:03E1H         SYMBOL        after_dot
  X:03E2H         SYMBOL        dat
  -------         ENDDO         
  C:68A0H         LINE#         142
  C:68A6H         LINE#         143
  C:68A6H         LINE#         147
  C:68C2H         LINE#         148
  C:68DCH         LINE#         149
  C:6900H         LINE#         151
  C:694AH         LINE#         153
  C:6961H         LINE#         154
  C:6973H         LINE#         155
  C:6998H         LINE#         156
  C:69B2H         LINE#         157
  C:69CAH         LINE#         158
  C:69CAH         LINE#         159
  C:69CAH         LINE#         160
  C:69CAH         LINE#         161
  C:69CAH         LINE#         162
  C:69CAH         LINE#         163
  C:69CAH         LINE#         164
  C:69CAH         LINE#         168
  C:69CCH         LINE#         170
  C:69CCH         LINE#         172
  C:69D1H         LINE#         173
  C:69D7H         LINE#         174
  C:69DDH         LINE#         175
  C:69E3H         LINE#         176
  C:69E9H         LINE#         177
  C:69EEH         LINE#         178
  C:69F4H         LINE#         182
  C:69F4H         LINE#         184
  -------         ENDPROC       _DISPLAY_POS
  -------         ENDMOD        LCD_DRIVER_SPLC780D

  -------         MODULE        KEYPAD
  C:0000H         SYMBOL        _ICE_DUMMY_
  D:0093H         PUBLIC        P0M1
BL51 BANKED LINKER/LOCATER V6.22                                                      10/30/2019  17:06:00  PAGE 29


  D:0080H         PUBLIC        P0
  D:0090H         PUBLIC        P1
  D:00A0H         PUBLIC        P2
  D:00B0H         PUBLIC        P3
  D:00C0H         PUBLIC        P4
  D:00C8H         PUBLIC        P5
  D:00E8H         PUBLIC        P6
  D:00F8H         PUBLIC        P7
  D:00A8H         PUBLIC        IE
  C:629CH         PUBLIC        Key_Scan
  D:00B8H         PUBLIC        IP
  D:00D8H         PUBLIC        CCON
  C:7EC1H         PUBLIC        KeyPad_IO_Init
  C:7D39H         PUBLIC        _Delay_ms
  D:0098H         PUBLIC        SCON
  D:0088H         PUBLIC        TCON
  X:0539H         PUBLIC        small_move
  X:053BH         PUBLIC        move
  X:053DH         PUBLIC        auto_mode
  X:053FH         PUBLIC        direction
  X:0541H         PUBLIC        SPI_NOR_ClearEnable
  C:56E0H         PUBLIC        Key_Process
  D:00D0H         PUBLIC        PSW
  D:0094H         PUBLIC        P0M0
  -------         PROC          _DELAY_MS
  D:0006H         SYMBOL        ms
  -------         DO            
  D:0004H         SYMBOL        De_Cnt
  -------         ENDDO         
  C:7D39H         LINE#         20
  C:7D39H         LINE#         21
  C:7D39H         LINE#         23
  C:7D43H         LINE#         24
  C:7D43H         LINE#         25
  C:7D56H         LINE#         26
  C:7D56H         LINE#         27
  -------         ENDPROC       _DELAY_MS
  -------         PROC          KEY_SCAN
  -------         DO            
  X:02EAH         SYMBOL        KeyTemp1
  X:02EBH         SYMBOL        KeyTemp2
  X:02ECH         SYMBOL        KeyValue
  -------         ENDDO         
  C:629CH         LINE#         28
  C:629CH         LINE#         29
  C:629CH         LINE#         34
  C:629FH         LINE#         37
  C:62A2H         LINE#         39
  C:62AAH         LINE#         40
  C:62B1H         LINE#         41
  C:62B1H         LINE#         43
  C:62B6H         LINE#         44
  C:62BDH         LINE#         45
  C:62BDH         LINE#         48
  C:62C0H         LINE#         49
  C:62C3H         LINE#         50
  C:62C8H         LINE#         51
BL51 BANKED LINKER/LOCATER V6.22                                                      10/30/2019  17:06:00  PAGE 30


  C:62CCH         LINE#         52
  C:62CCH         LINE#         53
  C:62D4H         LINE#         54
  C:62D4H         LINE#         55
  C:62D7H         LINE#         56
  C:62DFH         LINE#         57
  C:62E1H         LINE#         59
  C:62F5H         LINE#         60
  C:62F5H         LINE#         61
  C:62F5H         LINE#         62
  C:62F5H         LINE#         63
  C:62FBH         LINE#         65
  C:62FDH         LINE#         66
  C:62FDH         LINE#         67
  C:62FDH         LINE#         68
  C:6303H         LINE#         70
  C:6305H         LINE#         71
  C:6305H         LINE#         72
  C:6305H         LINE#         73
  C:630BH         LINE#         75
  C:630DH         LINE#         76
  C:630DH         LINE#         77
  C:630DH         LINE#         78
  C:6313H         LINE#         80
  C:6313H         LINE#         81
  C:6313H         LINE#         82
  C:6313H         LINE#         85
  C:6316H         LINE#         86
  C:6319H         LINE#         87
  C:6321H         LINE#         88
  C:6325H         LINE#         89
  C:6325H         LINE#         90
  C:632DH         LINE#         91
  C:632DH         LINE#         92
  C:6330H         LINE#         93
  C:6338H         LINE#         94
  C:633AH         LINE#         95
  C:634EH         LINE#         96
  C:634EH         LINE#         97
  C:634EH         LINE#         98
  C:634EH         LINE#         99
  C:6354H         LINE#         101
  C:6356H         LINE#         102
  C:6356H         LINE#         103
  C:6356H         LINE#         104
  C:635CH         LINE#         106
  C:635EH         LINE#         107
  C:635EH         LINE#         108
  C:635EH         LINE#         109
  C:6364H         LINE#         111
  C:6366H         LINE#         112
  C:6366H         LINE#         113
  C:6366H         LINE#         114
  C:636BH         LINE#         116
  C:636BH         LINE#         117
  C:636BH         LINE#         118
  C:636BH         LINE#         121
BL51 BANKED LINKER/LOCATER V6.22                                                      10/30/2019  17:06:00  PAGE 31


  C:636EH         LINE#         122
  C:6371H         LINE#         123
  C:6379H         LINE#         124
  C:637DH         LINE#         125
  C:637DH         LINE#         126
  C:6385H         LINE#         127
  C:6385H         LINE#         128
  C:6388H         LINE#         129
  C:6390H         LINE#         130
  C:6392H         LINE#         131
  C:63A6H         LINE#         132
  C:63A6H         LINE#         133
  C:63A6H         LINE#         134
  C:63A6H         LINE#         135
  C:63ACH         LINE#         137
  C:63AEH         LINE#         138
  C:63AEH         LINE#         139
  C:63AEH         LINE#         140
  C:63B4H         LINE#         142
  C:63B6H         LINE#         143
  C:63B6H         LINE#         144
  C:63B6H         LINE#         145
  C:63BCH         LINE#         147
  C:63BEH         LINE#         148
  C:63BEH         LINE#         149
  C:63BEH         LINE#         150
  C:63C4H         LINE#         152
  C:63C4H         LINE#         153
  C:63C4H         LINE#         154
  C:63C4H         LINE#         158
  C:63C7H         LINE#         159
  C:63CAH         LINE#         160
  C:63D2H         LINE#         161
  C:63D6H         LINE#         162
  C:63D6H         LINE#         163
  C:63DEH         LINE#         164
  C:63DEH         LINE#         165
  C:63E1H         LINE#         166
  C:63E9H         LINE#         167
  C:63EBH         LINE#         168
  C:63FFH         LINE#         169
  C:63FFH         LINE#         170
  C:63FFH         LINE#         171
  C:63FFH         LINE#         172
  C:6405H         LINE#         174
  C:6407H         LINE#         175
  C:6407H         LINE#         176
  C:6407H         LINE#         177
  C:640DH         LINE#         179
  C:640FH         LINE#         180
  C:640FH         LINE#         181
  C:640FH         LINE#         182
  C:6415H         LINE#         184
  C:6417H         LINE#         185
  C:6417H         LINE#         186
  C:6417H         LINE#         187
  C:641DH         LINE#         189
BL51 BANKED LINKER/LOCATER V6.22                                                      10/30/2019  17:06:00  PAGE 32


  C:641DH         LINE#         190
  C:641DH         LINE#         191
  C:641DH         LINE#         193
  C:6423H         LINE#         194
  C:6423H         LINE#         196
  C:6423H         LINE#         197
  C:6426H         LINE#         198
  C:6426H         LINE#         199
  C:6426H         LINE#         201
  C:6426H         LINE#         202
  C:6428H         LINE#         203
  C:6428H         LINE#         204
  -------         ENDPROC       KEY_SCAN
  -------         PROC          KEY_PROCESS
  -------         DO            
  X:052AH         SYMBOL        KeyCount
  X:052BH         SYMBOL        KeyNum_Old
  X:052DH         SYMBOL        KeyNum
  X:052FH         SYMBOL        PressedKey
  X:02E4H         SYMBOL        d
  D:0002H         SYMBOL        hours
  D:0006H         SYMBOL        mins
  X:02E6H         SYMBOL        months
  X:02E8H         SYMBOL        days
  -------         ENDDO         
  C:56E0H         LINE#         205
  C:56E0H         LINE#         206
  C:56E0H         LINE#         210
  C:56EFH         LINE#         211
  C:56FCH         LINE#         213
  C:5700H         LINE#         214
  C:5700H         LINE#         215
  C:5706H         LINE#         217
  C:5706H         LINE#         218
  C:571DH         LINE#         219
  C:571DH         LINE#         220
  C:5727H         LINE#         221
  C:572DH         LINE#         223
  C:5733H         LINE#         225
  C:5733H         LINE#         226
  C:574AH         LINE#         227
  C:574AH         LINE#         228
  C:574FH         LINE#         230
  C:574FH         LINE#         231
  C:575FH         LINE#         232
  C:575FH         LINE#         233
  C:5765H         LINE#         235
  C:5765H         LINE#         236
  C:5777H         LINE#         237
  C:5777H         LINE#         238
  C:5781H         LINE#         239
  C:5789H         LINE#         241
  C:5792H         LINE#         243
  C:5792H         LINE#         252
  C:57B1H         LINE#         253
  C:57B1H         LINE#         254
  C:57D0H         LINE#         255
BL51 BANKED LINKER/LOCATER V6.22                                                      10/30/2019  17:06:00  PAGE 33


  C:57D6H         LINE#         256
  C:57DEH         LINE#         257
  C:57DEH         LINE#         259
  C:57DFH         LINE#         265
  C:57EBH         LINE#         266
  C:57EBH         LINE#         267
  C:5808H         LINE#         268
  C:581FH         LINE#         269
  C:5836H         LINE#         270
  C:5836H         LINE#         271
  C:5849H         LINE#         272
  C:585CH         LINE#         273
  C:585CH         LINE#         274
  C:585CH         LINE#         275
  C:585FH         LINE#         280
  C:586EH         LINE#         281
  C:586EH         LINE#         282
  C:5891H         LINE#         283
  C:58AEH         LINE#         284
  C:58B7H         LINE#         285
  C:58B7H         LINE#         286
  C:58BEH         LINE#         287
  C:58BEH         LINE#         288
  C:58CFH         LINE#         289
  C:58CFH         LINE#         290
  C:58DEH         LINE#         291
  C:58DEH         LINE#         292
  C:58DEH         LINE#         293
  C:58E1H         LINE#         295
  C:58E1H         LINE#         296
  C:58EDH         LINE#         297
  C:58EDH         LINE#         298
  C:58FFH         LINE#         299
  C:58FFH         LINE#         300
  C:590FH         LINE#         301
  C:590FH         LINE#         302
  C:590FH         LINE#         304
  C:5911H         LINE#         306
  C:5911H         LINE#         307
  C:5920H         LINE#         308
  C:5920H         LINE#         309
  C:5930H         LINE#         310
  C:5930H         LINE#         311
  C:5930H         LINE#         313
  C:5930H         LINE#         315
  C:5930H         LINE#         316
  C:5932H         LINE#         318
  C:5932H         LINE#         319
  C:5939H         LINE#         320
  C:5939H         LINE#         321
  C:5948H         LINE#         322
  C:5948H         LINE#         323
  C:5958H         LINE#         324
  C:5958H         LINE#         325
  C:5958H         LINE#         326
  C:595AH         LINE#         328
  C:595AH         LINE#         329
BL51 BANKED LINKER/LOCATER V6.22                                                      10/30/2019  17:06:00  PAGE 34


  C:5969H         LINE#         330
  C:5969H         LINE#         331
  C:597CH         LINE#         332
  C:598FH         LINE#         333
  C:598FH         LINE#         334
  C:598FH         LINE#         335
  C:598FH         LINE#         336
  C:5998H         LINE#         338
  C:5998H         LINE#         340
  C:59D2H         LINE#         341
  C:59D2H         LINE#         342
  C:59D9H         LINE#         343
  C:59D9H         LINE#         344
  C:59E3H         LINE#         345
  C:59E3H         LINE#         346
[...]
  C:64A5H         LINE#         328
  C:64A8H         LINE#         330
  C:64C2H         LINE#         331
  C:64C2H         LINE#         332
  C:64C2H         LINE#         334
  C:64C5H         LINE#         336
  C:64DFH         LINE#         337
  C:64DFH         LINE#         338
  C:64DFH         LINE#         340
  C:64E2H         LINE#         342
  C:64FCH         LINE#         343
  C:64FCH         LINE#         344
  C:64FCH         LINE#         346
  C:64FFH         LINE#         348
BL51 BANKED LINKER/LOCATER V6.22                                                      10/30/2019  17:06:00  PAGE 57


  C:6519H         LINE#         349
  C:6519H         LINE#         350
  C:6519H         LINE#         352
  C:651CH         LINE#         354
  C:6536H         LINE#         355
  C:6536H         LINE#         356
  C:6536H         LINE#         358
  C:6539H         LINE#         360
  C:6553H         LINE#         361
  C:6553H         LINE#         362
  C:6553H         LINE#         364
  C:6556H         LINE#         366
  C:6570H         LINE#         367
  C:6570H         LINE#         368
  C:6570H         LINE#         370
  C:6573H         LINE#         372
  C:658DH         LINE#         373
  C:6594H         LINE#         374
  -------         ENDPROC       SPI_NOR_WRITE_DATA
  -------         ENDMOD        AT25SF041

  -------         MODULE        SI1120
  C:0000H         SYMBOL        _ICE_DUMMY_
  D:0080H         PUBLIC        P0
  D:00B2H         PUBLIC        P3M0
  D:0090H         PUBLIC        P1
  D:00B1H         PUBLIC        P3M1
  D:00A0H         PUBLIC        P2
  D:00B0H         PUBLIC        P3
  D:00C0H         PUBLIC        P4
  D:00C8H         PUBLIC        P5
  B:00A8H.7       PUBLIC        EA
  D:00E8H         PUBLIC        P6
  D:00F8H         PUBLIC        P7
  D:00A8H         PUBLIC        IE
  D:00B8H         PUBLIC        IP
  C:7AF5H         PUBLIC        SI1120_CONFIG_MODE_VIRH
  D:00D8H         PUBLIC        CCON
  D:0098H         PUBLIC        SCON
  D:0088H         PUBLIC        TCON
  C:7EA7H         PUBLIC        Enable_EXTINT0
  B:0090H.5       PUBLIC        SI1120_STX
  B:0088H.0       PUBLIC        IT0
  B:00A8H.0       PUBLIC        EX0
  B:0090H.4       PUBLIC        SI1120_MD
  B:0090H.6       PUBLIC        SI1120_SC
  D:00D0H         PUBLIC        PSW
  -------         PROC          SI1120_CONFIG_MODE_VIRH
  C:7AF5H         LINE#         4
  C:7AF5H         LINE#         5
  C:7AF5H         LINE#         6
  C:7AF7H         LINE#         7
  C:7AF9H         LINE#         8
  C:7AFBH         LINE#         10
  C:7B02H         LINE#         11
  C:7B04H         LINE#         13
  C:7B06H         LINE#         14
BL51 BANKED LINKER/LOCATER V6.22                                                      10/30/2019  17:06:00  PAGE 58


  C:7B08H         LINE#         16
  C:7B0FH         LINE#         18
  C:7B11H         LINE#         20
  C:7B18H         LINE#         23
  C:7B1AH         LINE#         25
  C:7B1CH         LINE#         27
  C:7B23H         LINE#         29
  C:7B25H         LINE#         31
  -------         ENDPROC       SI1120_CONFIG_MODE_VIRH
  -------         PROC          ENABLE_EXTINT0
  C:7EA7H         LINE#         33
  C:7EA7H         LINE#         34
  C:7EA7H         LINE#         35
  C:7EAAH         LINE#         36
  C:7EADH         LINE#         37
  C:7EAFH         LINE#         38
  C:7EB1H         LINE#         39
  C:7EB3H         LINE#         40
  -------         ENDPROC       ENABLE_EXTINT0
  -------         ENDMOD        SI1120

  -------         MODULE        UART1
  C:0000H         SYMBOL        _ICE_DUMMY_
  D:0080H         PUBLIC        P0
  D:0090H         PUBLIC        P1
  D:00A0H         PUBLIC        P2
  D:00B0H         PUBLIC        P3
  D:00C0H         PUBLIC        P4
  D:00C8H         PUBLIC        P5
  C:7CB4H         PUBLIC        _uart1_SendToTCPServer
  B:00A8H.7       PUBLIC        EA
  D:00E8H         PUBLIC        P6
  D:00F8H         PUBLIC        P7
  C:7AC2H         PUBLIC        _SendString
  D:00A8H         PUBLIC        IE
  B:00A8H.4       PUBLIC        ES
  D:00B8H         PUBLIC        IP
  C:7DA6H         PUBLIC        _ASCIItoBCD
  D:00D8H         PUBLIC        CCON
  C:7E5CH         PUBLIC        initUART1
  D:0098H         PUBLIC        SCON
  D:0088H         PUBLIC        TCON
  C:7F15H         PUBLIC        _DectoBCD
  C:001EH         PUBLIC        _ASCII_Letter
  D:008EH         PUBLIC        AUXR
  C:0006H         PUBLIC        _unit
  C:7F0EH         PUBLIC        _ten
  D:00D6H         PUBLIC        T2H
  D:00D7H         PUBLIC        T2L
  C:7EFFH         PUBLIC        uart1_InitTCPConn
  D:00D0H         PUBLIC        PSW
  -------         PROC          INITUART1
  C:7E5CH         LINE#         24
  C:7E5CH         LINE#         25
  C:7E5CH         LINE#         26
  C:7E5FH         LINE#         27
  C:7E62H         LINE#         28
BL51 BANKED LINKER/LOCATER V6.22                                                      10/30/2019  17:06:00  PAGE 59


  C:7E65H         LINE#         29
  C:7E68H         LINE#         30
  C:7E6AH         LINE#         31
  C:7E6CH         LINE#         33
  -------         ENDPROC       INITUART1
  -------         PROC          _SENDSTRING
  X:03D9H         SYMBOL        s
  C:7AC2H         LINE#         36
  C:7ACDH         LINE#         37
  C:7ACDH         LINE#         38
  C:7ADDH         LINE#         39
  C:7ADDH         LINE#         40
  C:7AF2H         LINE#         41
  C:7AF4H         LINE#         42
  -------         ENDPROC       _SENDSTRING
  -------         PROC          _TEN
  D:0007H         SYMBOL        BCD
  C:7F0EH         LINE#         44
  C:7F0EH         LINE#         45
  C:7F0EH         LINE#         46
  C:7F13H         LINE#         47
  -------         ENDPROC       _TEN
  -------         PROC          _UNIT
  D:0007H         SYMBOL        BCD
  C:0006H         LINE#         48
  C:0006H         LINE#         49
  C:0006H         LINE#         53
  C:000AH         LINE#         54
  -------         ENDPROC       _UNIT
  -------         PROC          _DECTOBCD
  D:0007H         SYMBOL        dec
  C:7F15H         LINE#         55
  C:7F15H         LINE#         56
  C:7F15H         LINE#         58
  C:7F15H         LINE#         59
  -------         ENDPROC       _DECTOBCD
  -------         PROC          _ASCII_LETTER
  D:0007H         SYMBOL        dat
  C:001EH         LINE#         61
  C:001EH         LINE#         62
  C:001EH         LINE#         64
  C:0022H         LINE#         65
  -------         ENDPROC       _ASCII_LETTER
  -------         PROC          _ASCIITOBCD
  D:0001H         SYMBOL        ascii
  -------         DO            
  D:0007H         SYMBOL        dec_val
  D:0006H         SYMBOL        ten
  D:0007H         SYMBOL        unit
  -------         ENDDO         
  C:7DA6H         LINE#         67
  C:7DA6H         LINE#         68
  C:7DA6H         LINE#         70
  C:7DA9H         LINE#         71
  C:7DAFH         LINE#         72
  C:7DB6H         LINE#         73
  C:7DBCH         LINE#         75
BL51 BANKED LINKER/LOCATER V6.22                                                      10/30/2019  17:06:00  PAGE 60


  -------         ENDPROC       _ASCIITOBCD
  -------         PROC          UART1_INITTCPCONN
  C:7EFFH         LINE#         77
  C:7EFFH         LINE#         78
  C:7EFFH         LINE#         82
  -------         ENDPROC       UART1_INITTCPCONN
  -------         PROC          _UART1_SENDTOTCPSERVER
  X:02E4H         SYMBOL        str
  C:7CB4H         LINE#         88
  C:7CBFH         LINE#         89
  C:7CBFH         LINE#         90
  C:7CC8H         LINE#         91
  C:7CCFH         LINE#         92
  -------         ENDPROC       _UART1_SENDTOTCPSERVER
  -------         ENDMOD        UART1

  -------         MODULE        ?C_STARTUP
  C:756DH         SEGMENT       ?C_C51STARTUP
  I:0022H         SEGMENT       ?STACK
  C:0000H         PUBLIC        ?C_STARTUP
  D:00E0H         SYMBOL        ACC
  D:00F0H         SYMBOL        B
  D:0083H         SYMBOL        DPH
  D:0082H         SYMBOL        DPL
  N:0000H         SYMBOL        IBPSTACK
  N:0100H         SYMBOL        IBPSTACKTOP
  N:0080H         SYMBOL        IDATALEN
  C:7570H         SYMBOL        IDATALOOP
  N:0000H         SYMBOL        PBPSTACK
  N:0100H         SYMBOL        PBPSTACKTOP
  N:0000H         SYMBOL        PDATALEN
  N:0000H         SYMBOL        PDATASTART
  N:0000H         SYMBOL        PPAGE
  N:0000H         SYMBOL        PPAGEENABLE
  D:00A0H         SYMBOL        PPAGE_SFR
  D:0081H         SYMBOL        SP
  C:756DH         SYMBOL        STARTUP1
  N:0000H         SYMBOL        XBPSTACK
  N:0000H         SYMBOL        XBPSTACKTOP
  N:0000H         SYMBOL        XDATALEN
  N:0000H         SYMBOL        XDATASTART
  C:0000H         LINE#         126
  C:756DH         LINE#         133
  C:756FH         LINE#         134
  C:7570H         LINE#         135
  C:7571H         LINE#         136
  C:7573H         LINE#         185
  C:7576H         LINE#         196
  -------         ENDMOD        ?C_STARTUP

  -------         MODULE        ?C?FPADD
  C:26F9H         PUBLIC        ?C?FPADD
  C:26F5H         PUBLIC        ?C?FPSUB
  -------         ENDMOD        ?C?FPADD

  -------         MODULE        ?C?FPMUL
  C:27EAH         PUBLIC        ?C?FPMUL
BL51 BANKED LINKER/LOCATER V6.22                                                      10/30/2019  17:06:00  PAGE 61


  -------         ENDMOD        ?C?FPMUL

  -------         MODULE        ?C?FPDIV
  C:28F3H         PUBLIC        ?C?FPDIV
  -------         ENDMOD        ?C?FPDIV

  -------         MODULE        ?C?FPCMP
  C:2992H         PUBLIC        ?C?FPCMP
  C:2990H         PUBLIC        ?C?FPCMP3
  -------         ENDMOD        ?C?FPCMP

  -------         MODULE        ?C?FPNEG
  C:2A09H         PUBLIC        ?C?FPNEG
  -------         ENDMOD        ?C?FPNEG

  -------         MODULE        ?C?FCAST
  C:2A24H         PUBLIC        ?C?FCASTC
  C:2A1FH         PUBLIC        ?C?FCASTI
  C:2A1AH         PUBLIC        ?C?FCASTL
  -------         ENDMOD        ?C?FCAST

  -------         MODULE        ?C?CASTF
  C:2A58H         PUBLIC        ?C?CASTF
  -------         ENDMOD        ?C?CASTF

  -------         MODULE        PRINTF
  X:03D9H         PUBLIC        ?_PRINTF?BYTE
  X:03D9H         PUBLIC        ?_SPRINTF?BYTE
  C:4E7EH         PUBLIC        _PRINTF
  C:4E78H         PUBLIC        _SPRINTF
  -------         ENDMOD        PRINTF

  -------         MODULE        FABS
  C:7EB4H         PUBLIC        _FABS
  -------         ENDMOD        FABS

  -------         MODULE        ATAN2
  X:038BH         PUBLIC        ?_atan2?BYTE
  C:739AH         PUBLIC        _atan2
  -------         ENDMOD        ATAN2

  -------         MODULE        SIN
  C:65FAH         PUBLIC        _COS
  C:6610H         PUBLIC        _SIN
  C:664CH         PUBLIC        _TAN
  -------         ENDMOD        SIN

  -------         MODULE        ACOS
  C:7979H         PUBLIC        _ACOS
  -------         ENDMOD        ACOS

  -------         MODULE        ASIN
  C:7A87H         PUBLIC        _ASIN
  -------         ENDMOD        ASIN

  -------         MODULE        POW
  X:0298H         PUBLIC        ?_pow?BYTE
BL51 BANKED LINKER/LOCATER V6.22                                                      10/30/2019  17:06:00  PAGE 62


  C:673AH         PUBLIC        _pow
  -------         ENDMOD        POW

  -------         MODULE        ?C?CHKFLOAT
  C:2AD9H         PUBLIC        ?C?CHKFLOAT
  -------         ENDMOD        ?C?CHKFLOAT

  -------         MODULE        ?C?FPROUND
  C:2AF3H         PUBLIC        ?C?FPROUND
  -------         ENDMOD        ?C?FPROUND

  -------         MODULE        ?C?FPCONVERT
  C:2B30H         PUBLIC        ?C?FPCONVERT
  -------         ENDMOD        ?C?FPCONVERT

  -------         MODULE        EXP
  C:750BH         PUBLIC        _EXP
  -------         ENDMOD        EXP

  -------         MODULE        LOG
  C:6A29H         PUBLIC        _LOG
  C:6A25H         PUBLIC        _LOG10
  -------         ENDMOD        LOG

  -------         MODULE        SQRT
  C:7251H         PUBLIC        _SQRT
  -------         ENDMOD        SQRT

  -------         MODULE        ATAN
  C:6B3EH         PUBLIC        _ATAN
  -------         ENDMOD        ATAN

  -------         MODULE        ?C?FTNPWR
  C:2CB2H         PUBLIC        ?C?FTNPWR
  -------         ENDMOD        ?C?FTNPWR

  -------         MODULE        ?C?COPY
  C:2DC2H         PUBLIC        ?C?COPY
  -------         ENDMOD        ?C?COPY

  -------         MODULE        ?C?CLDPTR
  C:2DE8H         PUBLIC        ?C?CLDPTR
  -------         ENDMOD        ?C?CLDPTR

  -------         MODULE        ?C?CLDOPTR
  C:2E01H         PUBLIC        ?C?CLDOPTR
  -------         ENDMOD        ?C?CLDOPTR

  -------         MODULE        ?C?CSTPTR
  C:2E2EH         PUBLIC        ?C?CSTPTR
  -------         ENDMOD        ?C?CSTPTR

  -------         MODULE        ?C?IMUL
  C:2E40H         PUBLIC        ?C?IMUL
  -------         ENDMOD        ?C?IMUL

  -------         MODULE        ?C?UIDIV
BL51 BANKED LINKER/LOCATER V6.22                                                      10/30/2019  17:06:00  PAGE 63


  C:2E52H         PUBLIC        ?C?UIDIV
  -------         ENDMOD        ?C?UIDIV

  -------         MODULE        ?C?SIDIV
  C:2EA7H         PUBLIC        ?C?SIDIV
  -------         ENDMOD        ?C?SIDIV

  -------         MODULE        ?C?ILDIX
  C:2EDDH         PUBLIC        ?C?ILDIX
  -------         ENDMOD        ?C?ILDIX

  -------         MODULE        ?C?ILDOPTR
  C:2EF3H         PUBLIC        ?C?ILDOPTR
  -------         ENDMOD        ?C?ILDOPTR

  -------         MODULE        ?C?ISTPTR
  C:2F2BH         PUBLIC        ?C?ISTPTR
  -------         ENDMOD        ?C?ISTPTR

  -------         MODULE        ?C?LMUL
  C:2F4AH         PUBLIC        ?C?LMUL
  -------         ENDMOD        ?C?LMUL

  -------         MODULE        ?C?SLDIV
  C:79C3H         PUBLIC        ?C?SLDIV
  -------         ENDMOD        ?C?SLDIV

  -------         MODULE        ?C?LNEG
  C:2F99H         PUBLIC        ?C?LNEG
  -------         ENDMOD        ?C?LNEG

  -------         MODULE        ?C?ULCMP
  C:2FA7H         PUBLIC        ?C?ULCMP
  -------         ENDMOD        ?C?ULCMP

  -------         MODULE        ?C?LSHL
  C:2FB8H         PUBLIC        ?C?LSHL
  -------         ENDMOD        ?C?LSHL

  -------         MODULE        ?C?LLDPTR
  C:2FCBH         PUBLIC        ?C?LLDPTR
  -------         ENDMOD        ?C?LLDPTR

  -------         MODULE        ?C?LLDOPTR
  C:2FEBH         PUBLIC        ?C?LLDOPTR
  -------         ENDMOD        ?C?LLDOPTR

  -------         MODULE        ?C?LSTPTR
  C:301BH         PUBLIC        ?C?LSTPTR
  -------         ENDMOD        ?C?LSTPTR

  -------         MODULE        ?C?LSTOPTR
  C:3035H         PUBLIC        ?C?LSTOPTR
  -------         ENDMOD        ?C?LSTOPTR

  -------         MODULE        ?C?LLDXDATA
  C:3059H         PUBLIC        ?C?LLDXDATA
BL51 BANKED LINKER/LOCATER V6.22                                                      10/30/2019  17:06:00  PAGE 64


  -------         ENDMOD        ?C?LLDXDATA

  -------         MODULE        ?C?LLDCODE
  C:3065H         PUBLIC        ?C?LLDCODE
  -------         ENDMOD        ?C?LLDCODE

  -------         MODULE        ?C?LLDXDATA0
  C:3075H         PUBLIC        ?C?LLDXDATA0
  -------         ENDMOD        ?C?LLDXDATA0

  -------         MODULE        ?C?LLDCODE0
  C:3081H         PUBLIC        ?C?LLDCODE0
  -------         ENDMOD        ?C?LLDCODE0

  -------         MODULE        ?C?LLDPTR0
  C:3091H         PUBLIC        ?C?LLDPTR0
  -------         ENDMOD        ?C?LLDPTR0

  -------         MODULE        ?C?LSTXDATA
  C:30B1H         PUBLIC        ?C?LSTXDATA
  -------         ENDMOD        ?C?LSTXDATA

  -------         MODULE        ?C?LSTKXDATA
  C:30BDH         PUBLIC        ?C?LSTKXDATA
  -------         ENDMOD        ?C?LSTKXDATA

  -------         MODULE        ?C?LSTKPTR
  C:30EEH         PUBLIC        ?C?LSTKPTR
  -------         ENDMOD        ?C?LSTKPTR

  -------         MODULE        ?C?OFFXADD
  C:3108H         PUBLIC        ?C?OFFXADD
  -------         ENDMOD        ?C?OFFXADD

  -------         MODULE        ?C?PLDIXDATA
  C:3114H         PUBLIC        ?C?PLDIXDATA
  -------         ENDMOD        ?C?PLDIXDATA

  -------         MODULE        ?C?PSTXDATA
  C:312BH         PUBLIC        ?C?PSTXDATA
  -------         ENDMOD        ?C?PSTXDATA

  -------         MODULE        ?C?CCASE
  C:3134H         PUBLIC        ?C?CCASE
  -------         ENDMOD        ?C?CCASE

  -------         MODULE        PUTCHAR
  C:7C45H         PUBLIC        _PUTCHAR
  -------         ENDMOD        PUTCHAR

  -------         MODULE        ABS
  C:7ECDH         PUBLIC        _ABS
  -------         ENDMOD        ABS

  -------         MODULE        ATOI
  C:6F47H         PUBLIC        _atoi
  -------         ENDMOD        ATOI
BL51 BANKED LINKER/LOCATER V6.22                                                      10/30/2019  17:06:00  PAGE 65



  -------         MODULE        ?C?IILDX
  C:315AH         PUBLIC        ?C?IILDX
  -------         ENDMOD        ?C?IILDX

  -------         MODULE        ?C?ULDIV
  C:31ACH         PUBLIC        ?C?ULDIV
  -------         ENDMOD        ?C?ULDIV

  -------         MODULE        ?C?LLDIDATA
  C:323EH         PUBLIC        ?C?LLDIDATA
  -------         ENDMOD        ?C?LLDIDATA

  -------         MODULE        ?C?LLDPDATA
  C:324AH         PUBLIC        ?C?LLDPDATA
  -------         ENDMOD        ?C?LLDPDATA

  -------         MODULE        ?C?LLDIDATA0
  C:3256H         PUBLIC        ?C?LLDIDATA0
  -------         ENDMOD        ?C?LLDIDATA0

  -------         MODULE        ?C?LLDPDATA0
  C:3263H         PUBLIC        ?C?LLDPDATA0
  -------         ENDMOD        ?C?LLDPDATA0

  -------         MODULE        ?C?LSTIDATA
  C:3270H         PUBLIC        ?C?LSTIDATA
  -------         ENDMOD        ?C?LSTIDATA

  -------         MODULE        ?C?LSTPDATA
  C:327CH         PUBLIC        ?C?LSTPDATA
  -------         ENDMOD        ?C?LSTPDATA

  -------         MODULE        ?C?LSTKIDATA
  C:3288H         PUBLIC        ?C?LSTKIDATA
  -------         ENDMOD        ?C?LSTKIDATA

  -------         MODULE        ?C?LSTKPDATA
  C:32A1H         PUBLIC        ?C?LSTKPDATA
  -------         ENDMOD        ?C?LSTKPDATA

  -------         MODULE        ISDIGIT
  C:7E8BH         PUBLIC        _isdigit
  -------         ENDMOD        ISDIGIT

  -------         MODULE        ISSPACE
  C:7E26H         PUBLIC        _isspace
  -------         ENDMOD        ISSPACE

*** WARNING L16: UNCALLED SEGMENT, IGNORED FOR OVERLAY PROCESS
    SEGMENT: ?PR?_FINDCLOSESTSAMEDAYCALIBTIME?CALIBRATION

*** WARNING L16: UNCALLED SEGMENT, IGNORED FOR OVERLAY PROCESS
    SEGMENT: ?PR?NOP?IOEXPANDER_PI4IOE5V96248

*** WARNING L16: UNCALLED SEGMENT, IGNORED FOR OVERLAY PROCESS
    SEGMENT: ?PR?UC_ACK?IOEXPANDER_PI4IOE5V96248
BL51 BANKED LINKER/LOCATER V6.22                                                      10/30/2019  17:06:00  PAGE 66



*** WARNING L16: UNCALLED SEGMENT, IGNORED FOR OVERLAY PROCESS
    SEGMENT: ?PR?UC_NACK?IOEXPANDER_PI4IOE5V96248

*** WARNING L16: UNCALLED SEGMENT, IGNORED FOR OVERLAY PROCESS
    SEGMENT: ?PR?_TEN?UART1

*** WARNING L16: UNCALLED SEGMENT, IGNORED FOR OVERLAY PROCESS
    SEGMENT: ?PR?_UNIT?UART1

*** WARNING L16: UNCALLED SEGMENT, IGNORED FOR OVERLAY PROCESS
    SEGMENT: ?PR?_DECTOBCD?UART1

*** WARNING L16: UNCALLED SEGMENT, IGNORED FOR OVERLAY PROCESS
    SEGMENT: ?PR?_ASCII_LETTER?UART1

*** WARNING L16: UNCALLED SEGMENT, IGNORED FOR OVERLAY PROCESS
    SEGMENT: ?PR?_ASCIITOBCD?UART1

Program Size: data=15.4 xdata=1354 code=32534
LINK/LOCATE RUN COMPLETE.  9 WARNING(S),  0 ERROR(S)
