BL51 BANKED LINKER/LOCATER V6.22                                                        03/28/2019  16:44:23  PAGE 1


BL51 BANKED LINKER/LOCATER V6.22, INVOKED BY:
C:\KEIL_V5\C51\BIN\BL51.EXE .\Obj\main.obj, .\Obj\PCF85063BTL.obj, .\Obj\UART1.obj, .\Obj\LCd_Driver_SPLC780D.obj, .\Obj
>> \KeyPad.obj, .\Obj\BipolarMotor.obj, .\Obj\SunPos.obj, .\Obj\ADC.obj, .\Obj\Calibration.obj, .\Obj\IOExpander_PI4IOE5
>> V96248.obj, .\Obj\AT25SF041.obj, .\Obj\STARTUP.obj TO .\Obj\GPIO_RTC_Test PRINT (.\Lis\GPIO_RTC_Test.m51) RAMSIZE (25
>> 6)


MEMORY MODEL: LARGE WITH FLOATING POINT ARITHMETIC


INPUT MODULES INCLUDED:
  .\Obj\main.obj (MAIN)
  .\Obj\PCF85063BTL.obj (PCF85063BTL)
  .\Obj\UART1.obj (UART1)
  .\Obj\LCd_Driver_SPLC780D.obj (LCD_DRIVER_SPLC780D)
  .\Obj\KeyPad.obj (KEYPAD)
  .\Obj\BipolarMotor.obj (BIPOLARMOTOR)
  .\Obj\SunPos.obj (SUNPOS)
  .\Obj\ADC.obj (ADC)
  .\Obj\Calibration.obj (CALIBRATION)
  .\Obj\IOExpander_PI4IOE5V96248.obj (IOEXPANDER_PI4IOE5V96248)
  .\Obj\AT25SF041.obj (AT25SF041)
  .\Obj\STARTUP.obj (?C_STARTUP)
  C:\KEIL_V5\C51\LIB\C51FPL.LIB (?C?FPADD)
  C:\KEIL_V5\C51\LIB\C51FPL.LIB (?C?FPMUL)
  C:\KEIL_V5\C51\LIB\C51FPL.LIB (?C?FPDIV)
  C:\KEIL_V5\C51\LIB\C51FPL.LIB (?C?FPCMP)
  C:\KEIL_V5\C51\LIB\C51FPL.LIB (?C?FPNEG)
  C:\KEIL_V5\C51\LIB\C51FPL.LIB (?C?FCAST)
  C:\KEIL_V5\C51\LIB\C51FPL.LIB (?C?CASTF)
  C:\KEIL_V5\C51\LIB\C51FPL.LIB (ATAN2)
  C:\KEIL_V5\C51\LIB\C51FPL.LIB (SIN)
  C:\KEIL_V5\C51\LIB\C51FPL.LIB (ACOS)
  C:\KEIL_V5\C51\LIB\C51FPL.LIB (ASIN)
  C:\KEIL_V5\C51\LIB\C51FPL.LIB (?C?FPGETOPN)
  C:\KEIL_V5\C51\LIB\C51FPL.LIB (?C?FPSERIES)
  C:\KEIL_V5\C51\LIB\C51FPL.LIB (SQRT)
  C:\KEIL_V5\C51\LIB\C51FPL.LIB (ATAN)
  C:\KEIL_V5\C51\LIB\C51L.LIB (?C_INIT)
  C:\KEIL_V5\C51\LIB\C51L.LIB (?C?COPY)
  C:\KEIL_V5\C51\LIB\C51L.LIB (?C?CLDPTR)
  C:\KEIL_V5\C51\LIB\C51L.LIB (?C?CLDOPTR)
  C:\KEIL_V5\C51\LIB\C51L.LIB (?C?CSTPTR)
  C:\KEIL_V5\C51\LIB\C51L.LIB (?C?IMUL)
  C:\KEIL_V5\C51\LIB\C51L.LIB (?C?UIDIV)
  C:\KEIL_V5\C51\LIB\C51L.LIB (?C?SIDIV)
  C:\KEIL_V5\C51\LIB\C51L.LIB (?C?ILDIX)
  C:\KEIL_V5\C51\LIB\C51L.LIB (?C?ILDOPTR)
  C:\KEIL_V5\C51\LIB\C51L.LIB (?C?ISTPTR)
  C:\KEIL_V5\C51\LIB\C51L.LIB (?C?LMUL)
  C:\KEIL_V5\C51\LIB\C51L.LIB (?C?SLDIV)
  C:\KEIL_V5\C51\LIB\C51L.LIB (?C?LNEG)
  C:\KEIL_V5\C51\LIB\C51L.LIB (?C?ULCMP)
  C:\KEIL_V5\C51\LIB\C51L.LIB (?C?LSHL)
  C:\KEIL_V5\C51\LIB\C51L.LIB (?C?LLDPTR)
  C:\KEIL_V5\C51\LIB\C51L.LIB (?C?LLDOPTR)
  C:\KEIL_V5\C51\LIB\C51L.LIB (?C?LSTPTR)
  C:\KEIL_V5\C51\LIB\C51L.LIB (?C?LSTOPTR)
BL51 BANKED LINKER/LOCATER V6.22                                                      03/28/2019  16:44:23  PAGE 2


  C:\KEIL_V5\C51\LIB\C51L.LIB (?C?LLDXDATA)
  C:\KEIL_V5\C51\LIB\C51L.LIB (?C?LLDCODE)
  C:\KEIL_V5\C51\LIB\C51L.LIB (?C?LLDXDATA0)
  C:\KEIL_V5\C51\LIB\C51L.LIB (?C?LLDCODE0)
  C:\KEIL_V5\C51\LIB\C51L.LIB (?C?LLDPTR0)
  C:\KEIL_V5\C51\LIB\C51L.LIB (?C?LSTXDATA)
  C:\KEIL_V5\C51\LIB\C51L.LIB (?C?LSTKXDATA)
  C:\KEIL_V5\C51\LIB\C51L.LIB (?C?LSTKPTR)
  C:\KEIL_V5\C51\LIB\C51L.LIB (?C?OFFXADD)
  C:\KEIL_V5\C51\LIB\C51L.LIB (ATOI)
  C:\KEIL_V5\C51\LIB\C51L.LIB (?C?IILDX)
  C:\KEIL_V5\C51\LIB\C51L.LIB (?C?ULDIV)
  C:\KEIL_V5\C51\LIB\C51L.LIB (?C?LLDIDATA)
  C:\KEIL_V5\C51\LIB\C51L.LIB (?C?LLDPDATA)
  C:\KEIL_V5\C51\LIB\C51L.LIB (?C?LLDIDATA0)
  C:\KEIL_V5\C51\LIB\C51L.LIB (?C?LLDPDATA0)
  C:\KEIL_V5\C51\LIB\C51L.LIB (?C?LSTIDATA)
  C:\KEIL_V5\C51\LIB\C51L.LIB (?C?LSTPDATA)
  C:\KEIL_V5\C51\LIB\C51L.LIB (?C?LSTKIDATA)
  C:\KEIL_V5\C51\LIB\C51L.LIB (?C?LSTKPDATA)
  C:\KEIL_V5\C51\LIB\C51L.LIB (ISDIGIT)
  C:\KEIL_V5\C51\LIB\C51L.LIB (ISSPACE)


LINK MAP OF MODULE:  .\Obj\GPIO_RTC_Test (MAIN)


            TYPE    BASE      LENGTH    RELOCATION   SEGMENT NAME
            -----------------------------------------------------

            * * * * * * *   D A T A   M E M O R Y   * * * * * * *
            REG     0000H     0008H     ABSOLUTE     "REG BANK 0"
                    0008H     0018H                  *** GAP ***
            BIT     0020H.0   0000H.5   UNIT         ?BI?KEYPAD
            BIT     0020H.5   0000H.3   UNIT         _BIT_GROUP_
            BIT     0021H.0   0000H.1   UNIT         ?BI?MAIN
            BIT     0021H.1   0000H.1   UNIT         ?BI?_ATOI?ATOI
                    0021H.2   0000H.6                *** GAP ***
            IDATA   0022H     0001H     UNIT         ?STACK

            * * * * * * *  X D A T A   M E M O R Y  * * * * * * *
            XDATA   0000H     038FH     UNIT         ?XD?BIPOLARMOTOR
            XDATA   038FH     0113H     UNIT         _XDATA_GROUP_
            XDATA   04A2H     00D8H     UNIT         ?XD?MAIN
            XDATA   057AH     0040H     UNIT         ?XD?_FINDDET4X4?BIPOLARMOTOR
            XDATA   05BAH     0024H     UNIT         ?XD?_FINDDET3X3?BIPOLARMOTOR
            XDATA   05DEH     0009H     UNIT         ?XD?KEYPAD
            XDATA   05E7H     0008H     UNIT         ?XD?_AT25SF041_READ?AT25SF041
            XDATA   05EFH     0005H     UNIT         ?XD?_ATOI?ATOI
            XDATA   05F4H     0003H     UNIT         ?XD?_SENDSTRING?UART1
            XDATA   05F7H     0001H     UNIT         ?XD?UC_ACK?IOEXPANDER_PI4IOE5V96248
            XDATA   05F8H     0001H     UNIT         ?XD?UC_NACK?IOEXPANDER_PI4IOE5V96248

            * * * * * * *   C O D E   M E M O R Y   * * * * * * *
            CODE    0000H     0003H     ABSOLUTE     
            CODE    0003H     0006H     UNIT         ?PR?_TEN?UART1
            CODE    0009H     0001H     UNIT         ?PR?TM0_ISR?MAIN
BL51 BANKED LINKER/LOCATER V6.22                                                      03/28/2019  16:44:23  PAGE 3


            CODE    000AH     0001H     UNIT         ?PR?_DECTOBCD?UART1
            CODE    000BH     0003H     ABSOLUTE     
            CODE    000EH     0AA7H     UNIT         ?PR?MAIN?MAIN
            CODE    0AB5H     09B6H     UNIT         ?C?LIB_CODE
            CODE    146BH     07A2H     UNIT         ?PR?SUNPOS?SUNPOS
            CODE    1C0DH     065AH     UNIT         ?PR?_UPDATE_POSITION?BIPOLARMOTOR
            CODE    2267H     04FBH     UNIT         ?PR?_THEORICALJP_POSITION?BIPOLARMOTOR
            CODE    2762H     03F9H     UNIT         ?C_INITSEG
            CODE    2B5BH     03D5H     UNIT         ?PR?_FIND_REAL_MAX?CALIBRATION
            CODE    2F30H     02C5H     UNIT         ?PR?KEY_PROCESS?KEYPAD
            CODE    31F5H     02C0H     UNIT         ?PR?_FINDDET4X4?BIPOLARMOTOR
            CODE    34B5H     01D1H     UNIT         ?PR?_FINDDET3X3?BIPOLARMOTOR
            CODE    3686H     01B3H     UNIT         ?PR?_CALIBRATION?CALIBRATION
            CODE    3839H     018DH     UNIT         ?PR?KEY_SCAN?KEYPAD
            CODE    39C6H     0189H     UNIT         ?PR?SPI_NOR_WRITE_DATA?AT25SF041
            CODE    3B4FH     0188H     UNIT         ?PR?SIN?SIN
            CODE    3CD7H     0162H     UNIT         ?PR?_DISPLAY_POS?LCD_DRIVER_SPLC780D
            CODE    3E39H     0122H     UNIT         ?PR?ATAN?ATAN
            CODE    3F5BH     0110H     UNIT         ?PR?_AT25SF041_READ?AT25SF041
            CODE    406BH     0102H     UNIT         ?PR?_AT25SF041_WRITE?AT25SF041
            CODE    416DH     00DBH     UNIT         ?PR?_ATOI?ATOI
            CODE    4248H     00C3H     UNIT         ?PR?LINEAR_INTERPOLATE?BIPOLARMOTOR
            CODE    430BH     00BBH     UNIT         ?PR?VOLTAGE_IS_STABLE?CALIBRATION
            CODE    43C6H     00ADH     UNIT         ?PR?_WRITE_PI4IOE5V96248?IOEXPANDER_PI4IOE5V96248
            CODE    4473H     00ACH     UNIT         ?PR?SQRT?SQRT
            CODE    451FH     00A1H     UNIT         ?PR?UCREAD_STATUS_REGISTER_BYTE1?AT25SF041
            CODE    45C0H     009DH     UNIT         ?PR?_ATAN2?ATAN2
            CODE    465DH     009CH     UNIT         ?PR?_MAX_VALUE?CALIBRATION
            CODE    46F9H     008CH     UNIT         ?C_C51STARTUP
            CODE    4785H     0084H     UNIT         ?PR?_DAY_OF_YEAR?PCF85063BTL
            CODE    4809H     0079H     UNIT         ?PR?_WRITEDATA?LCD_DRIVER_SPLC780D
            CODE    4882H     0072H     UNIT         ?PR?AT25SF041_WRITEENABLE?AT25SF041
            CODE    48F4H     006FH     UNIT         ?PR?_READ_TIME?PCF85063BTL
            CODE    4963H     005AH     UNIT         ?PR?AT25SF041_CHIPERASE?AT25SF041
            CODE    49BDH     0059H     UNIT         ?PR?LCD_INIT?LCD_DRIVER_SPLC780D
            CODE    4A16H     004AH     UNIT         ?PR?VONESTEPMOVE?BIPOLARMOTOR
            CODE    4A60H     004AH     UNIT         ?PR?ACOS?ACOS
            CODE    4AAAH     0044H     UNIT         ?C?LDIV
            CODE    4AEEH     0040H     UNIT         ?PR?_COMMAND?LCD_DRIVER_SPLC780D
            CODE    4B2EH     0040H     UNIT         ?PR?_STEP_MOVE?BIPOLARMOTOR
            CODE    4B6EH     003BH     UNIT         ?PR?ASIN?ASIN
            CODE    4BA9H     0033H     UNIT         ?PR?_SENDSTRING?UART1
            CODE    4BDCH     002CH     UNIT         ?PR?_ADC_GETRESULT?ADC
            CODE    4C08H     002BH     UNIT         ?PR?_WAIT_MS_I2C?IOEXPANDER_PI4IOE5V96248
            CODE    4C33H     002BH     UNIT         ?PR?_WAIT_MS_SPINOR?AT25SF041
            CODE    4C5EH     0028H     UNIT         ?PR?_MOVE?BIPOLARMOTOR
            CODE    4C86H     0027H     UNIT         ?PR?_I2C_SENDBYTE?IOEXPANDER_PI4IOE5V96248
            CODE    4CADH     0024H     UNIT         ?PR?_WAIT_MS?LCD_DRIVER_SPLC780D
            CODE    4CD1H     0020H     UNIT         ?PR?_SPI_SENDBYTE?PCF85063BTL
            CODE    4CF1H     0020H     UNIT         ?PR?SPI_RECEIVEBYTE?PCF85063BTL
            CODE    4D11H     001FH     UNIT         ?PR?ADC_INIT?ADC
            CODE    4D30H     001EH     UNIT         ?PR?_DELAY_MS?KEYPAD
            CODE    4D4EH     001DH     UNIT         ?PR?_DISPLAYLCD?LCD_DRIVER_SPLC780D
            CODE    4D6BH     001BH     UNIT         ?PR?_BCDTODEC1?BIPOLARMOTOR
            CODE    4D86H     0018H     UNIT         ?PR?_SPI_WRITETIME?PCF85063BTL
            CODE    4D9EH     0017H     UNIT         ?PR?_ASCIITOBCD?UART1
            CODE    4DB5H     0016H     UNIT         ?PR?I2C_ACK?IOEXPANDER_PI4IOE5V96248
BL51 BANKED LINKER/LOCATER V6.22                                                      03/28/2019  16:44:23  PAGE 4


            CODE    4DCBH     0015H     UNIT         ?PR?_DISPLAY_LINE?LCD_DRIVER_SPLC780D
            CODE    4DE0H     0015H     UNIT         ?PR?I2C_STOP?IOEXPANDER_PI4IOE5V96248
            CODE    4DF5H     0014H     UNIT         ?PR?_PCF85063BTL_DELAY?PCF85063BTL
            CODE    4E09H     0014H     UNIT         ?PR?_ABS?LCD_DRIVER_SPLC780D
            CODE    4E1DH     0014H     UNIT         ?PR?_ISSPACE?ISSPACE
            CODE    4E31H     0011H     UNIT         ?PR?_SPI_READTIME?PCF85063BTL
            CODE    4E42H     0011H     UNIT         ?PR?_BCDTODEC?PCF85063BTL
            CODE    4E53H     0011H     UNIT         ?PR?INITUART1?UART1
            CODE    4E64H     000FH     UNIT         ?PR?I2C_START?IOEXPANDER_PI4IOE5V96248
            CODE    4E73H     000FH     UNIT         ?PR?UC_NACK?IOEXPANDER_PI4IOE5V96248
            CODE    4E82H     000FH     UNIT         ?PR?_ISDIGIT?ISDIGIT
            CODE    4E91H     000DH     UNIT         ?PR?SPI_INIT?PCF85063BTL
            CODE    4E9EH     000CH     UNIT         ?PR?KEYPAD_IO_INIT?KEYPAD
            CODE    4EAAH     000AH     UNIT         ?PR?LCD_RETURN_HOME?LCD_DRIVER_SPLC780D
            CODE    4EB4H     000AH     UNIT         ?PR?LCD_CLEAR?LCD_DRIVER_SPLC780D
            CODE    4EBEH     0006H     UNIT         ?PR?UC_ACK?IOEXPANDER_PI4IOE5V96248
            CODE    4EC4H     0005H     UNIT         ?PR?_UNIT?UART1
            CODE    4EC9H     0005H     UNIT         ?PR?_ASCII_LETTER?UART1
            CODE    4ECEH     0001H     UNIT         ?PR?WAIT?BIPOLARMOTOR
            CODE    4ECFH     0001H     UNIT         ?PR?NOP?IOEXPANDER_PI4IOE5V96248



OVERLAY MAP OF MODULE:   .\Obj\GPIO_RTC_Test (MAIN)


SEGMENT                                             BIT_GROUP          XDATA_GROUP
  +--> CALLED SEGMENT                            START    LENGTH     START    LENGTH
------------------------------------------------------------------------------------
?C_C51STARTUP                                    -----    -----      -----    -----
  +--> ?PR?MAIN?MAIN
  +--> ?C_INITSEG

?PR?MAIN?MAIN                                    -----    -----      038FH    002CH
  +--> ?PR?LCD_INIT?LCD_DRIVER_SPLC780D
  +--> ?PR?SPI_INIT?PCF85063BTL
  +--> ?PR?KEYPAD_IO_INIT?KEYPAD
  +--> ?PR?ADC_INIT?ADC
  +--> ?PR?_SPI_WRITETIME?PCF85063BTL
  +--> ?PR?_DELAY_MS?KEYPAD
  +--> ?PR?_DISPLAY_LINE?LCD_DRIVER_SPLC780D
  +--> ?PR?_WRITEDATA?LCD_DRIVER_SPLC780D
  +--> ?PR?KEY_PROCESS?KEYPAD
  +--> ?PR?_COMMAND?LCD_DRIVER_SPLC780D
  +--> ?PR?_DISPLAY_POS?LCD_DRIVER_SPLC780D
  +--> ?PR?_DISPLAYLCD?LCD_DRIVER_SPLC780D
  +--> ?PR?_STEP_MOVE?BIPOLARMOTOR
  +--> ?PR?LCD_RETURN_HOME?LCD_DRIVER_SPLC780D
  +--> ?PR?_READ_TIME?PCF85063BTL
  +--> ?PR?_ADC_GETRESULT?ADC
  +--> ?PR?_BCDTODEC1?BIPOLARMOTOR
  +--> ?PR?_CALIBRATION?CALIBRATION
  +--> ?PR?AT25SF041_WRITEENABLE?AT25SF041
  +--> ?PR?_AT25SF041_WRITE?AT25SF041
  +--> ?PR?_WAIT_MS_SPINOR?AT25SF041
  +--> ?PR?_UPDATE_POSITION?BIPOLARMOTOR
  +--> ?PR?SPI_NOR_WRITE_DATA?AT25SF041
BL51 BANKED LINKER/LOCATER V6.22                                                      03/28/2019  16:44:23  PAGE 5


  +--> ?PR?LINEAR_INTERPOLATE?BIPOLARMOTOR
  +--> ?PR?LCD_CLEAR?LCD_DRIVER_SPLC780D
  +--> ?PR?AT25SF041_CHIPERASE?AT25SF041

?PR?LCD_INIT?LCD_DRIVER_SPLC780D                 -----    -----      -----    -----
  +--> ?PR?_WAIT_MS?LCD_DRIVER_SPLC780D
  +--> ?PR?_COMMAND?LCD_DRIVER_SPLC780D

?PR?_COMMAND?LCD_DRIVER_SPLC780D                 -----    -----      -----    -----
  +--> ?PR?_WAIT_MS?LCD_DRIVER_SPLC780D

?PR?ADC_INIT?ADC                                 -----    -----      -----    -----
  +--> ?PR?_WAIT_MS?LCD_DRIVER_SPLC780D

?PR?_SPI_WRITETIME?PCF85063BTL                   -----    -----      -----    -----
  +--> ?PR?_SPI_SENDBYTE?PCF85063BTL

?PR?_SPI_SENDBYTE?PCF85063BTL                    -----    -----      -----    -----
  +--> ?PR?_PCF85063BTL_DELAY?PCF85063BTL

?PR?_DISPLAY_LINE?LCD_DRIVER_SPLC780D            -----    -----      -----    -----
  +--> ?PR?_COMMAND?LCD_DRIVER_SPLC780D

?PR?_WRITEDATA?LCD_DRIVER_SPLC780D               -----    -----      04A0H    0001H
  +--> ?PR?_WAIT_MS?LCD_DRIVER_SPLC780D

?PR?KEY_PROCESS?KEYPAD                           -----    -----      03BBH    0006H
  +--> ?PR?KEY_SCAN?KEYPAD
  +--> ?PR?_SPI_WRITETIME?PCF85063BTL
  +--> ?PR?LCD_CLEAR?LCD_DRIVER_SPLC780D
  +--> ?PR?_COMMAND?LCD_DRIVER_SPLC780D
  +--> ?PR?_WRITEDATA?LCD_DRIVER_SPLC780D

?PR?KEY_SCAN?KEYPAD                              -----    -----      03C1H    0003H

?PR?LCD_CLEAR?LCD_DRIVER_SPLC780D                -----    -----      -----    -----
  +--> ?PR?_COMMAND?LCD_DRIVER_SPLC780D

?PR?_DISPLAY_POS?LCD_DRIVER_SPLC780D             -----    -----      0496H    000AH
  +--> ?PR?_ABS?LCD_DRIVER_SPLC780D
  +--> ?PR?_WRITEDATA?LCD_DRIVER_SPLC780D

?PR?_DISPLAYLCD?LCD_DRIVER_SPLC780D              -----    -----      03BBH    0001H
  +--> ?PR?_WRITEDATA?LCD_DRIVER_SPLC780D

?PR?_STEP_MOVE?BIPOLARMOTOR                      0020H.6  0000H.1    049AH    0004H
  +--> ?PR?VONESTEPMOVE?BIPOLARMOTOR

?PR?VONESTEPMOVE?BIPOLARMOTOR                    0020H.7  0000H.1    -----    -----
  +--> ?PR?_WRITE_PI4IOE5V96248?IOEXPANDER_P...
  +--> ?PR?_DELAY_MS?KEYPAD

?PR?_WRITE_PI4IOE5V96248?IOEXPANDER_P...         -----    -----      049EH    0003H
  +--> ?PR?I2C_START?IOEXPANDER_PI4IOE5V96248
  +--> ?PR?_WAIT_MS_I2C?IOEXPANDER_PI4IOE5V9...
  +--> ?PR?_I2C_SENDBYTE?IOEXPANDER_PI4IOE5V...
  +--> ?PR?I2C_ACK?IOEXPANDER_PI4IOE5V96248
BL51 BANKED LINKER/LOCATER V6.22                                                      03/28/2019  16:44:23  PAGE 6


  +--> ?PR?I2C_STOP?IOEXPANDER_PI4IOE5V96248

?PR?I2C_START?IOEXPANDER_PI4IOE5V96248           -----    -----      -----    -----
  +--> ?PR?_WAIT_MS_I2C?IOEXPANDER_PI4IOE5V9...

?PR?_I2C_SENDBYTE?IOEXPANDER_PI4IOE5V...         -----    -----      -----    -----
  +--> ?PR?_WAIT_MS_I2C?IOEXPANDER_PI4IOE5V9...

?PR?I2C_ACK?IOEXPANDER_PI4IOE5V96248             -----    -----      04A1H    0001H
  +--> ?PR?_WAIT_MS_I2C?IOEXPANDER_PI4IOE5V9...

?PR?I2C_STOP?IOEXPANDER_PI4IOE5V96248            -----    -----      -----    -----
  +--> ?PR?_WAIT_MS_I2C?IOEXPANDER_PI4IOE5V9...

?PR?LCD_RETURN_HOME?LCD_DRIVER_SPLC780D          -----    -----      -----    -----
  +--> ?PR?_COMMAND?LCD_DRIVER_SPLC780D

?PR?_READ_TIME?PCF85063BTL                       -----    -----      03BBH    000FH
  +--> ?PR?_SPI_READTIME?PCF85063BTL

?PR?_SPI_READTIME?PCF85063BTL                    -----    -----      -----    -----
  +--> ?PR?_SPI_SENDBYTE?PCF85063BTL
  +--> ?PR?SPI_RECEIVEBYTE?PCF85063BTL

?PR?SPI_RECEIVEBYTE?PCF85063BTL                  -----    -----      -----    -----
  +--> ?PR?_PCF85063BTL_DELAY?PCF85063BTL

?PR?_CALIBRATION?CALIBRATION                     -----    -----      03BBH    0024H
  +--> ?PR?VOLTAGE_IS_STABLE?CALIBRATION
  +--> ?PR?_UPDATE_POSITION?BIPOLARMOTOR
  +--> ?PR?_FIND_REAL_MAX?CALIBRATION

?PR?VOLTAGE_IS_STABLE?CALIBRATION                -----    -----      03DFH    0018H
  +--> ?PR?_ADC_GETRESULT?ADC
  +--> ?PR?_ABS?LCD_DRIVER_SPLC780D

?PR?_UPDATE_POSITION?BIPOLARMOTOR                -----    -----      03DFH    0053H
  +--> ?PR?_BCDTODEC1?BIPOLARMOTOR
  +--> ?PR?SUNPOS?SUNPOS
  +--> ?PR?SIN?SIN
  +--> ?PR?ASIN?ASIN
  +--> ?PR?_THEORICALJP_POSITION?BIPOLARMOTOR
  +--> ?PR?_ABS?LCD_DRIVER_SPLC780D
  +--> ?PR?_MOVE?BIPOLARMOTOR

?PR?SUNPOS?SUNPOS                                -----    -----      0432H    005DH
  +--> ?PR?SIN?SIN
  +--> ?PR?_ATAN2?ATAN2
  +--> ?PR?ASIN?ASIN
  +--> ?PR?ACOS?ACOS

?PR?SIN?SIN                                      0020H.5  0000H.1    048FH    0004H

?PR?_ATAN2?ATAN2                                 -----    -----      048FH    0008H
  +--> ?PR?ATAN?ATAN

?PR?ATAN?ATAN                                    0020H.5  0000H.2    0497H    0004H
BL51 BANKED LINKER/LOCATER V6.22                                                      03/28/2019  16:44:23  PAGE 7



?PR?ASIN?ASIN                                    -----    -----      -----    -----
  +--> ?PR?SQRT?SQRT
  +--> ?PR?ATAN?ATAN

?PR?SQRT?SQRT                                    -----    -----      048FH    0004H

?PR?ACOS?ACOS                                    -----    -----      -----    -----
  +--> ?PR?SQRT?SQRT
  +--> ?PR?ATAN?ATAN

?PR?_THEORICALJP_POSITION?BIPOLARMOTOR           -----    -----      0432H    005CH
  +--> ?PR?LINEAR_INTERPOLATE?BIPOLARMOTOR

?PR?LINEAR_INTERPOLATE?BIPOLARMOTOR              -----    -----      048EH    0014H

?PR?_MOVE?BIPOLARMOTOR                           0020H.5  0000H.1    0496H    0004H
  +--> ?PR?_STEP_MOVE?BIPOLARMOTOR

?PR?_FIND_REAL_MAX?CALIBRATION                   -----    -----      03DFH    00B7H
  +--> ?PR?_MOVE?BIPOLARMOTOR
  +--> ?PR?_ADC_GETRESULT?ADC
  +--> ?PR?AT25SF041_WRITEENABLE?AT25SF041
  +--> ?PR?_AT25SF041_WRITE?AT25SF041
  +--> ?PR?_WAIT_MS_SPINOR?AT25SF041
  +--> ?PR?_COMMAND?LCD_DRIVER_SPLC780D
  +--> ?PR?_WRITEDATA?LCD_DRIVER_SPLC780D
  +--> ?PR?_DISPLAY_POS?LCD_DRIVER_SPLC780D
  +--> ?PR?_WAIT_MS?LCD_DRIVER_SPLC780D
  +--> ?PR?_MAX_VALUE?CALIBRATION

?PR?AT25SF041_WRITEENABLE?AT25SF041              -----    -----      0496H    0002H
  +--> ?PR?_WAIT_MS_SPINOR?AT25SF041
  +--> ?PR?UCREAD_STATUS_REGISTER_BYTE1?AT25...

?PR?UCREAD_STATUS_REGISTER_BYTE1?AT25...         -----    -----      049EH    0003H
  +--> ?PR?_WAIT_MS_SPINOR?AT25SF041

?PR?_AT25SF041_WRITE?AT25SF041                   -----    -----      0496H    0008H
  +--> ?PR?_WAIT_MS_SPINOR?AT25SF041
  +--> ?PR?UCREAD_STATUS_REGISTER_BYTE1?AT25...

?PR?_MAX_VALUE?CALIBRATION                       -----    -----      0496H    0004H

?PR?SPI_NOR_WRITE_DATA?AT25SF041                 -----    -----      03BBH    000EH
  +--> ?PR?AT25SF041_WRITEENABLE?AT25SF041
  +--> ?PR?_AT25SF041_WRITE?AT25SF041
  +--> ?PR?_WAIT_MS_SPINOR?AT25SF041

?PR?AT25SF041_CHIPERASE?AT25SF041                -----    -----      03BBH    0002H
  +--> ?PR?_WAIT_MS_SPINOR?AT25SF041
  +--> ?PR?UCREAD_STATUS_REGISTER_BYTE1?AT25...



UNRESOLVED EXTERNAL SYMBOLS:
   AUTO_MODE
BL51 BANKED LINKER/LOCATER V6.22                                                      03/28/2019  16:44:23  PAGE 8


   SPI_NOR_CLEARENABLE
   _SENDUART1



SYMBOL TABLE OF MODULE:  .\Obj\GPIO_RTC_Test (MAIN)

  VALUE           TYPE          NAME
  ----------------------------------

  -------         MODULE        MAIN
  C:0000H         SYMBOL        _ICE_DUMMY_
  X:04AAH         PUBLIC        calib_value
  D:0080H         PUBLIC        P0
  D:00B2H         PUBLIC        P3M0
  D:0090H         PUBLIC        P1
  D:00B1H         PUBLIC        P3M1
  D:00A0H         PUBLIC        P2
  D:00B0H         PUBLIC        P3
  D:00C0H         PUBLIC        P4
  D:00C8H         PUBLIC        P5
  X:04FEH         SYMBOL        PressedKey
  B:00A8H.7       PUBLIC        EA
  D:00E8H         PUBLIC        P6
  X:0502H         PUBLIC        calib_stamp
  D:00F8H         PUBLIC        P7
  X:0503H         PUBLIC        RX_Data_Uart_Cnt
  D:00A8H         PUBLIC        IE
  X:0505H         PUBLIC        calib_time
  D:00B8H         PUBLIC        IP
  X:0559H         PUBLIC        months
  D:00D8H         PUBLIC        CCON
  C:000EH         PUBLIC        main
  X:055AH         PUBLIC        count
  X:055CH         PUBLIC        days
  X:055DH         PUBLIC        hours
  D:0098H         PUBLIC        SCON
  D:0089H         PUBLIC        TMOD
  D:0088H         PUBLIC        TCON
  B:00A0H.3       PUBLIC        P23
  X:055EH         SYMBOL        KeyCount
  X:0560H         PUBLIC        mins
  X:0561H         PUBLIC        Rec_data_hour
  B:00C8H.5       PUBLIC        P55
  X:0564H         PUBLIC        Rec_data_min
  D:008EH         PUBLIC        AUXR
  C:0009H         PUBLIC        tm0_isr
  B:0021H.0       PUBLIC        busy
  B:00A8H.1       PUBLIC        ET0
  X:0567H         PUBLIC        SPI_NOR_INTERNAL_FLASH_ADDR
  D:008CH         PUBLIC        TH0
  X:056BH         PUBLIC        hour_count
  D:008AH         PUBLIC        TL0
  X:056CH         PUBLIC        min_count
  B:0088H.4       PUBLIC        TR0
  X:056DH         SYMBOL        KeyNum
  X:056EH         SYMBOL        KeyNum_Old
BL51 BANKED LINKER/LOCATER V6.22                                                      03/28/2019  16:44:23  PAGE 9


  X:056FH         PUBLIC        current_position
  X:0573H         PUBLIC        hours1
  X:0574H         PUBLIC        hours2
  X:0575H         PUBLIC        mins1
  X:0576H         PUBLIC        mins2
  X:0577H         PUBLIC        seconds
  X:0578H         PUBLIC        st_time
  D:00D0H         PUBLIC        PSW
  -------         PROC          TM0_ISR
  C:0009H         LINE#         76
  C:0009H         LINE#         78
  -------         ENDPROC       TM0_ISR
  -------         PROC          MAIN
  -------         DO            
  X:038FH         SYMBOL        sunlight_ADC
  X:04A2H         SYMBOL        KeyCount
  X:04A4H         SYMBOL        KeyNum_Old
  X:04A5H         SYMBOL        KeyNum
  X:04A6H         SYMBOL        PressedKey
  X:0391H         SYMBOL        prox_flag
  X:0392H         SYMBOL        iUse_prevday_calib_value
  X:0394H         SYMBOL        max_ADC_Val_JP
  X:0396H         SYMBOL        max_ADC_Val
  X:0398H         SYMBOL        calib_point1
  X:03A0H         SYMBOL        calib_point2
  X:03A8H         SYMBOL        dat_to_store
  X:03B3H         SYMBOL        calib_day
  X:03B5H         SYMBOL        calib_count
  X:03B7H         SYMBOL        theorical_JP_max_pos
  -------         ENDDO         
  C:000EH         LINE#         80
  C:000EH         LINE#         81
  C:000EH         LINE#         86
  C:0014H         LINE#         87
  C:0019H         LINE#         89
  C:0021H         LINE#         93
  C:0027H         LINE#         94
  C:0031H         LINE#         98
  C:0033H         LINE#         99
  C:0035H         LINE#         100
  C:0037H         LINE#         101
  C:0039H         LINE#         103
  C:0040H         LINE#         104
  C:0044H         LINE#         113
  C:0046H         LINE#         114
  C:0049H         LINE#         115
  C:004CH         LINE#         116
  C:004FH         LINE#         117
  C:0052H         LINE#         118
  C:0055H         LINE#         121
  C:0058H         LINE#         123
  C:005BH         LINE#         124
  C:005EH         LINE#         125
  C:0061H         LINE#         126
  C:0063H         LINE#         127
  C:0065H         LINE#         128
  C:0067H         LINE#         130
BL51 BANKED LINKER/LOCATER V6.22                                                      03/28/2019  16:44:23  PAGE 10


  C:0069H         LINE#         131
  C:0070H         LINE#         132
  C:0077H         LINE#         133
  C:007EH         LINE#         134
  C:0085H         LINE#         138
  C:008CH         LINE#         139
  C:0091H         LINE#         140
  C:0096H         LINE#         141
  C:009BH         LINE#         142
  C:00A0H         LINE#         143
  C:00A5H         LINE#         146
  C:00BEH         LINE#         147
  C:00BEH         LINE#         148
  C:00DAH         LINE#         149
  C:0121H         LINE#         150
  C:0132H         LINE#         153
  C:0132H         LINE#         154
  C:0132H         LINE#         155
  C:0135H         LINE#         158
  C:0135H         LINE#         161
  C:013AH         LINE#         162
  C:013FH         LINE#         164
  C:0144H         LINE#         165
  C:0149H         LINE#         166
  C:014EH         LINE#         167
  C:0153H         LINE#         169
  C:0164H         LINE#         170
  C:0169H         LINE#         171
  C:016EH         LINE#         173
  C:0175H         LINE#         174
  C:017DH         LINE#         175
  C:0182H         LINE#         176
  C:018AH         LINE#         177
  C:018FH         LINE#         178
  C:0199H         LINE#         179
  C:019EH         LINE#         180
  C:01A6H         LINE#         182
  C:01AEH         LINE#         183
  C:01B3H         LINE#         184
  C:01BDH         LINE#         185
  C:01BDH         LINE#         186
  C:01BFH         LINE#         187
  C:01C1H         LINE#         188
  C:01CBH         LINE#         189
  C:01CBH         LINE#         190
  C:01D0H         LINE#         191
  C:01D0H         LINE#         203
  C:01DDH         LINE#         204
  C:01DDH         LINE#         205
  C:01E7H         LINE#         206
  C:01FEH         LINE#         207
  C:01FEH         LINE#         208
  C:0200H         LINE#         209
  C:0202H         LINE#         211
  C:0202H         LINE#         212
  C:020DH         LINE#         213
  C:020DH         LINE#         214
BL51 BANKED LINKER/LOCATER V6.22                                                      03/28/2019  16:44:23  PAGE 11


  C:0212H         LINE#         215
  C:0212H         LINE#         216
  C:021FH         LINE#         217
  C:021FH         LINE#         220
  C:0229H         LINE#         221
  C:0240H         LINE#         222
  C:0240H         LINE#         223
  C:0242H         LINE#         224
  C:0244H         LINE#         226
  C:0244H         LINE#         227
  C:024FH         LINE#         228
  C:024FH         LINE#         229
  C:0254H         LINE#         230
  C:0256H         LINE#         231
  C:0256H         LINE#         233
  C:0278H         LINE#         234
  C:0278H         LINE#         235
  C:0282H         LINE#         236
  C:0288H         LINE#         237
  C:028AH         LINE#         238
  C:028CH         LINE#         239
  C:028EH         LINE#         240
  C:028EH         LINE#         241
  C:0291H         LINE#         243
  C:0291H         LINE#         244
  C:0297H         LINE#         245
  C:029FH         LINE#         246
  C:02A5H         LINE#         247
  C:02ADH         LINE#         248
  C:02E8H         LINE#         252
  C:02F5H         LINE#         253
  C:02F5H         LINE#         255
  C:0302H         LINE#         256
  C:0335H         LINE#         257
  C:0335H         LINE#         258
  C:0358H         LINE#         259
  C:0358H         LINE#         260
  C:037AH         LINE#         261
  C:037AH         LINE#         262
  C:038BH         LINE#         263
  C:038BH         LINE#         264
  C:0407H         LINE#         265
  C:0491H         LINE#         266
  C:0494H         LINE#         268
  C:0494H         LINE#         270
  C:049BH         LINE#         271
  C:049BH         LINE#         272
  C:049EH         LINE#         273
  C:04BCH         LINE#         274
  C:04C3H         LINE#         275
  C:04E2H         LINE#         276
  C:0501H         LINE#         278
  C:057DH         LINE#         279
  C:05D5H         LINE#         280
  C:05E9H         LINE#         281
  C:05F6H         LINE#         282
  C:0605H         LINE#         283
BL51 BANKED LINKER/LOCATER V6.22                                                      03/28/2019  16:44:23  PAGE 12


  C:0605H         LINE#         285
  C:060DH         LINE#         286
  C:0615H         LINE#         287
  C:061DH         LINE#         288
  C:0625H         LINE#         290
  C:0639H         LINE#         291
  C:064FH         LINE#         292
  C:067FH         LINE#         293
  C:0693H         LINE#         295
  C:06A7H         LINE#         296
  C:06BDH         LINE#         297
  C:06EDH         LINE#         298
  C:06F4H         LINE#         300
  C:0718H         LINE#         303
  C:071AH         LINE#         305
  C:0728H         LINE#         306
  C:0728H         LINE#         307
  C:0730H         LINE#         309
  C:0730H         LINE#         312
  C:0730H         LINE#         313
  C:073DH         LINE#         314
  C:073DH         LINE#         315
  C:075FH         LINE#         316
  C:075FH         LINE#         317
  C:07DBH         LINE#         318
  C:0830H         LINE#         319
  C:0830H         LINE#         321
  C:0833H         LINE#         325
  C:0833H         LINE#         328
  C:0855H         LINE#         329
  C:0855H         LINE#         330
  C:08D1H         LINE#         332
  C:08FEH         LINE#         333
  C:0919H         LINE#         334
  C:0946H         LINE#         335
  C:0961H         LINE#         337
  C:09FDH         LINE#         340
  C:09FDH         LINE#         342
  C:09FDH         LINE#         343
  C:09FDH         LINE#         345
  C:09FDH         LINE#         348
  C:0A19H         LINE#         349
  C:0A1DH         LINE#         351
  C:0A1FH         LINE#         354
  C:0A2AH         LINE#         355
  C:0A2AH         LINE#         356
  C:0A2DH         LINE#         357
  C:0A34H         LINE#         358
  C:0A39H         LINE#         359
  C:0A3EH         LINE#         360
  C:0A43H         LINE#         361
  C:0A48H         LINE#         362
  C:0A4DH         LINE#         363
  C:0A52H         LINE#         364
  C:0A57H         LINE#         365
  C:0A5CH         LINE#         366
  C:0A61H         LINE#         367
BL51 BANKED LINKER/LOCATER V6.22                                                      03/28/2019  16:44:23  PAGE 13


  C:0A66H         LINE#         368
  C:0A6BH         LINE#         369
  C:0A70H         LINE#         372
  C:0A73H         LINE#         374
  C:0A76H         LINE#         375
  C:0A7DH         LINE#         376
  C:0A87H         LINE#         377
  C:0A8CH         LINE#         379
  C:0A8FH         LINE#         380
  C:0A94H         LINE#         381
  C:0A99H         LINE#         382
  C:0A9EH         LINE#         383
  C:0AA3H         LINE#         384
  C:0AA8H         LINE#         385
  C:0AADH         LINE#         386
  C:0AB2H         LINE#         388
  C:0AB2H         LINE#         389
  -------         ENDPROC       MAIN
  -------         ENDMOD        MAIN

  -------         MODULE        PCF85063BTL
  C:0000H         SYMBOL        _ICE_DUMMY_
  D:0096H         PUBLIC        P2M0
  D:0080H         PUBLIC        P0
  D:0095H         PUBLIC        P2M1
  D:0090H         PUBLIC        P1
  D:00A0H         PUBLIC        P2
  D:00B0H         PUBLIC        P3
  D:00C0H         PUBLIC        P4
  D:00C8H         PUBLIC        P5
  D:00E8H         PUBLIC        P6
  B:00A0H.1       PUBLIC        PCF85063BTL_SDI
  D:00F8H         PUBLIC        P7
  B:00A0H.2       PUBLIC        PCF85063BTL_SCK
  B:00A0H.1       PUBLIC        PCF85063BTL_SDO
  D:00A8H         PUBLIC        IE
  C:48F4H         PUBLIC        _Read_time
  C:4DFBH         PUBLIC        _PCF85063BTL_Delay
  D:00B8H         PUBLIC        IP
  D:00D8H         PUBLIC        CCON
  C:4785H         PUBLIC        _Day_Of_Year
  C:4CF1H         PUBLIC        SPI_ReceiveByte
  D:0098H         PUBLIC        SCON
  D:0088H         PUBLIC        TCON
  C:4E42H         PUBLIC        _BCDtoDec
  B:00A0H.0       PUBLIC        PCF85063BTL_CS
  C:4E31H         PUBLIC        _SPI_ReadTime
  C:4E91H         PUBLIC        SPI_Init
  C:4D86H         PUBLIC        _SPI_WriteTime
  C:4CD1H         PUBLIC        _SPI_SendByte
  D:00D0H         PUBLIC        PSW
  C:4DF7H         SYMBOL        L?0047
  -------         PROC          L?0046
  -------         ENDPROC       L?0046
  C:4DF7H         SYMBOL        L?0047
  -------         PROC          _PCF85063BTL_DELAY
  D:0006H         SYMBOL        us
BL51 BANKED LINKER/LOCATER V6.22                                                      03/28/2019  16:44:23  PAGE 14


  C:4DFBH         LINE#         8
  C:4DFBH         LINE#         9
  C:4DFBH         LINE#         10
  C:4E05H         LINE#         11
  C:4E05H         LINE#         12
  C:4E06H         LINE#         13
  C:4E08H         LINE#         14
  -------         ENDPROC       _PCF85063BTL_DELAY
  -------         PROC          _SPI_SENDBYTE
  D:0005H         SYMBOL        dat
  -------         DO            
  D:0003H         SYMBOL        i
  -------         ENDDO         
  C:4CD1H         LINE#         17
  C:4CD3H         LINE#         18
  C:4CD3H         LINE#         20
  C:4CD5H         LINE#         21
  C:4CD5H         LINE#         22
  C:4CD7H         LINE#         23
  C:4CDBH         LINE#         24
  C:4CDBH         LINE#         25
  C:4CDDH         LINE#         26
  C:4CDFH         LINE#         28
  C:4CDFH         LINE#         29
  C:4CE1H         LINE#         30
  C:4CE1H         LINE#         31
  C:4CE4H         LINE#         32
  C:4CE4H         LINE#         33
  C:4CE7H         LINE#         34
  C:4CEBH         LINE#         35
  C:4CF0H         LINE#         36
  -------         ENDPROC       _SPI_SENDBYTE
  -------         PROC          SPI_RECEIVEBYTE
  -------         DO            
  D:0003H         SYMBOL        i
  D:0005H         SYMBOL        dat
  -------         ENDDO         
  C:4CF1H         LINE#         39
  C:4CF1H         LINE#         40
  C:4CF1H         LINE#         42
  C:4CF3H         LINE#         44
  C:4CF5H         LINE#         45
  C:4CF6H         LINE#         46
  C:4CF6H         LINE#         47
  C:4CFAH         LINE#         48
  C:4CFCH         LINE#         49
  C:4CFFH         LINE#         51
  C:4D02H         LINE#         52
  C:4D02H         LINE#         53
  C:4D06H         LINE#         54
  C:4D06H         LINE#         55
  C:4D06H         LINE#         56
  C:4D09H         LINE#         57
  C:4D0EH         LINE#         58
  C:4D10H         LINE#         59
  -------         ENDPROC       SPI_RECEIVEBYTE
  -------         PROC          _SPI_READTIME
BL51 BANKED LINKER/LOCATER V6.22                                                      03/28/2019  16:44:23  PAGE 15


  D:0007H         SYMBOL        addr
  -------         DO            
  D:0006H         SYMBOL        dat
  -------         ENDDO         
  C:4E31H         LINE#         61
  C:4E31H         LINE#         62
  C:4E31H         LINE#         64
  C:4E33H         LINE#         65
  C:4E35H         LINE#         66
  C:4E3CH         LINE#         67
  C:4E3FH         LINE#         68
  C:4E41H         LINE#         69
  C:4E41H         LINE#         70
  -------         ENDPROC       _SPI_READTIME
  -------         PROC          _SPI_WRITETIME
  D:0002H         SYMBOL        val
  D:0005H         SYMBOL        addr
  C:4D86H         LINE#         71
  C:4D88H         LINE#         72
  C:4D88H         LINE#         74
  C:4D8AH         LINE#         75
  C:4D91H         LINE#         76
  C:4D96H         LINE#         77
  C:4D9BH         LINE#         78
  C:4D9DH         LINE#         79
  -------         ENDPROC       _SPI_WRITETIME
  -------         PROC          SPI_INIT
  C:4E91H         LINE#         83
  C:4E91H         LINE#         84
  C:4E91H         LINE#         89
  C:4E94H         LINE#         90
  C:4E97H         LINE#         91
  C:4E99H         LINE#         92
  C:4E9BH         LINE#         93
  C:4E9DH         LINE#         94
  -------         ENDPROC       SPI_INIT
  -------         PROC          _READ_TIME
  X:03BBH         SYMBOL        months
  X:03BEH         SYMBOL        days
  X:03C1H         SYMBOL        hours
  X:03C4H         SYMBOL        mins
  X:03C7H         SYMBOL        seconds
  C:48F4H         LINE#         96
  C:48FFH         LINE#         97
  C:48FFH         LINE#         99
  C:4913H         LINE#         101
  C:4927H         LINE#         103
  C:493BH         LINE#         108
  C:494FH         LINE#         113
  -------         ENDPROC       _READ_TIME
  -------         PROC          _BCDTODEC
  D:0007H         SYMBOL        bcd
  -------         DO            
  D:0006H         SYMBOL        hi
  D:0007H         SYMBOL        lo
  -------         ENDDO         
  C:4E42H         LINE#         119
BL51 BANKED LINKER/LOCATER V6.22                                                      03/28/2019  16:44:23  PAGE 16


  C:4E42H         LINE#         120
  C:4E42H         LINE#         122
  C:4E47H         LINE#         123
  C:4E4BH         LINE#         124
  C:4E52H         LINE#         125
  -------         ENDPROC       _BCDTODEC
  -------         PROC          _DAY_OF_YEAR
  D:0007H         SYMBOL        months_bcd
  D:0005H         SYMBOL        days_bcd
  -------         DO            
  D:0004H         SYMBOL        months
  D:0007H         SYMBOL        days
  -------         ENDDO         
  C:4785H         LINE#         126
  C:4785H         LINE#         127
  C:4785H         LINE#         130
  C:478AH         LINE#         132
  C:478FH         LINE#         134
  C:47C8H         LINE#         135
  C:47C8H         LINE#         136
  C:47C8H         LINE#         137
  C:47CBH         LINE#         138
  C:47CBH         LINE#         139
  C:47CBH         LINE#         140
  C:47D0H         LINE#         141
  C:47D0H         LINE#         142
  C:47D0H         LINE#         143
  C:47D5H         LINE#         144
  C:47D5H         LINE#         145
  C:47D5H         LINE#         146
  C:47DAH         LINE#         147
  C:47DAH         LINE#         148
  C:47DAH         LINE#         149
  C:47DFH         LINE#         150
  C:47DFH         LINE#         151
  C:47DFH         LINE#         152
  C:47E4H         LINE#         153
  C:47E4H         LINE#         154
  C:47E4H         LINE#         155
  C:47E9H         LINE#         156
  C:47E9H         LINE#         157
  C:47E9H         LINE#         158
  C:47EEH         LINE#         159
  C:47EEH         LINE#         160
  C:47EEH         LINE#         161
  C:47F6H         LINE#         162
  C:47F6H         LINE#         163
  C:47F6H         LINE#         164
  C:47FBH         LINE#         165
  C:47FBH         LINE#         166
  C:47FBH         LINE#         167
  C:4800H         LINE#         168
  C:4800H         LINE#         169
  C:4800H         LINE#         170
  C:4808H         LINE#         171
  C:4808H         LINE#         172
  C:4808H         LINE#         173
BL51 BANKED LINKER/LOCATER V6.22                                                      03/28/2019  16:44:23  PAGE 17


  -------         ENDPROC       _DAY_OF_YEAR
  -------         ENDMOD        PCF85063BTL

  -------         MODULE        UART1
  C:0000H         SYMBOL        _ICE_DUMMY_
  D:0080H         PUBLIC        P0
  D:0090H         PUBLIC        P1
  D:00A0H         PUBLIC        P2
  D:00B0H         PUBLIC        P3
  D:00C0H         PUBLIC        P4
  D:00C8H         PUBLIC        P5
  B:00A8H.7       PUBLIC        EA
  D:00E8H         PUBLIC        P6
  D:00F8H         PUBLIC        P7
  C:4BA9H         PUBLIC        _SendString
  D:00A8H         PUBLIC        IE
  B:00A8H.4       PUBLIC        ES
  D:00B8H         PUBLIC        IP
  C:4D9EH         PUBLIC        _ASCIItoBCD
  D:00D8H         PUBLIC        CCON
  C:4E53H         PUBLIC        initUART1
  D:0098H         PUBLIC        SCON
  D:0088H         PUBLIC        TCON
  C:000AH         PUBLIC        _DectoBCD
  C:4EC9H         PUBLIC        _ASCII_Letter
  D:008EH         PUBLIC        AUXR
  C:4EC4H         PUBLIC        _unit
  C:0003H         PUBLIC        _ten
  D:00D6H         PUBLIC        T2H
  D:00D7H         PUBLIC        T2L
  D:00D0H         PUBLIC        PSW
  -------         PROC          INITUART1
  C:4E53H         LINE#         21
  C:4E53H         LINE#         22
  C:4E53H         LINE#         23
  C:4E56H         LINE#         24
  C:4E59H         LINE#         25
  C:4E5CH         LINE#         26
  C:4E5FH         LINE#         27
  C:4E61H         LINE#         28
  C:4E63H         LINE#         30
  -------         ENDPROC       INITUART1
  -------         PROC          _SENDSTRING
  X:05F4H         SYMBOL        s
  C:4BA9H         LINE#         35
  C:4BB4H         LINE#         36
  C:4BB4H         LINE#         37
  C:4BC4H         LINE#         38
  C:4BC4H         LINE#         39
  C:4BD9H         LINE#         40
  C:4BDBH         LINE#         41
  -------         ENDPROC       _SENDSTRING
  -------         PROC          _TEN
  D:0007H         SYMBOL        BCD
  C:0003H         LINE#         43
  C:0003H         LINE#         44
  C:0003H         LINE#         45
BL51 BANKED LINKER/LOCATER V6.22                                                      03/28/2019  16:44:23  PAGE 18


  C:0008H         LINE#         46
  -------         ENDPROC       _TEN
  -------         PROC          _UNIT
  D:0007H         SYMBOL        BCD
  C:4EC4H         LINE#         47
  C:4EC4H         LINE#         48
  C:4EC4H         LINE#         52
  C:4EC8H         LINE#         53
  -------         ENDPROC       _UNIT
  -------         PROC          _DECTOBCD
  D:0007H         SYMBOL        dec
  C:000AH         LINE#         54
  C:000AH         LINE#         55
  C:000AH         LINE#         57
  C:000AH         LINE#         58
  -------         ENDPROC       _DECTOBCD
  -------         PROC          _ASCII_LETTER
  D:0007H         SYMBOL        dat
  C:4EC9H         LINE#         60
  C:4EC9H         LINE#         61
  C:4EC9H         LINE#         63
  C:4ECDH         LINE#         64
  -------         ENDPROC       _ASCII_LETTER
  -------         PROC          _ASCIITOBCD
  D:0001H         SYMBOL        ascii
  -------         DO            
  D:0007H         SYMBOL        dec_val
  D:0006H         SYMBOL        ten
  D:0007H         SYMBOL        unit
  -------         ENDDO         
  C:4D9EH         LINE#         66
  C:4D9EH         LINE#         67
  C:4D9EH         LINE#         69
  C:4DA1H         LINE#         70
  C:4DA7H         LINE#         71
  C:4DAEH         LINE#         72
  C:4DB4H         LINE#         74
  -------         ENDPROC       _ASCIITOBCD
  -------         ENDMOD        UART1

  -------         MODULE        LCD_DRIVER_SPLC780D
  C:0000H         SYMBOL        _ICE_DUMMY_
  D:0092H         PUBLIC        P1M0
  D:0091H         PUBLIC        P1M1
  D:0080H         PUBLIC        P0
  D:0090H         PUBLIC        P1
  D:00A0H         PUBLIC        P2
  D:00B0H         PUBLIC        P3
  D:00C0H         PUBLIC        P4
  D:00C8H         PUBLIC        P5
  D:00E8H         PUBLIC        P6
  D:00F8H         PUBLIC        P7
  C:480DH         PUBLIC        _WriteData
  D:00A8H         PUBLIC        IE
  D:00B8H         PUBLIC        IP
  D:00D8H         PUBLIC        CCON
  B:00B0H.4       PUBLIC        LCD_D4
BL51 BANKED LINKER/LOCATER V6.22                                                      03/28/2019  16:44:23  PAGE 19


  B:00B0H.5       PUBLIC        LCD_D5
  B:00B0H.6       PUBLIC        LCD_D6
  C:4D4EH         PUBLIC        _DisplayLCD
  B:00B0H.7       PUBLIC        LCD_D7
  D:0098H         PUBLIC        SCON
  D:0088H         PUBLIC        TCON
  C:4E09H         PUBLIC        _abs
  C:4EB4H         PUBLIC        LCD_clear
  C:4AEEH         PUBLIC        _Command
  C:4DCBH         PUBLIC        _Display_Line
  C:49BDH         PUBLIC        LCD_Init
  C:4CB3H         PUBLIC        _Wait_ms
  B:00C0H.0       PUBLIC        LCD_RS
  B:00B0H.2       PUBLIC        LCD_RW
  C:4EAAH         PUBLIC        LCD_return_home
  C:3CD7H         PUBLIC        _Display_Pos
  B:00B0H.3       PUBLIC        LCD_E
  D:00D0H         PUBLIC        PSW
  -------         PROC          LCD_INIT
  C:49BDH         LINE#         9
  C:49BDH         LINE#         10
  C:49BDH         LINE#         11
  C:49C0H         LINE#         12
  C:49C3H         LINE#         14
  C:49C9H         LINE#         15
  C:49CEH         LINE#         17
  C:49D5H         LINE#         18
  C:49DAH         LINE#         20
  C:49DDH         LINE#         21
  C:49E2H         LINE#         23
  C:49E5H         LINE#         24
  C:49EAH         LINE#         26
  C:49F1H         LINE#         29
  C:49F6H         LINE#         30
  C:49FBH         LINE#         32
  C:4A00H         LINE#         33
  C:4A05H         LINE#         35
  C:4A0AH         LINE#         36
  C:4A0FH         LINE#         37
  -------         ENDPROC       LCD_INIT
  C:4809H         SYMBOL        L?0040
  -------         PROC          L?0039
  -------         ENDPROC       L?0039
  C:4809H         SYMBOL        L?0040
  -------         PROC          _WRITEDATA
  X:04A0H         SYMBOL        dat
  C:480DH         LINE#         40
  C:4812H         LINE#         41
  C:4812H         LINE#         46
  C:4814H         LINE#         47
  C:4816H         LINE#         49
  C:4824H         LINE#         50
  C:4830H         LINE#         51
  C:483CH         LINE#         52
  C:4846H         LINE#         53
  C:4848H         LINE#         54
  C:484FH         LINE#         55
BL51 BANKED LINKER/LOCATER V6.22                                                      03/28/2019  16:44:23  PAGE 20


  C:4851H         LINE#         57
  C:4861H         LINE#         58
  C:486CH         LINE#         59
  C:4876H         LINE#         60
  C:487AH         LINE#         62
  C:487AH         LINE#         63
  C:487DH         LINE#         64
  C:487FH         LINE#         65
  C:4881H         LINE#         67
  -------         ENDPROC       _WRITEDATA
  -------         PROC          _COMMAND
  D:0007H         SYMBOL        dat
  C:4AEEH         LINE#         69
  C:4AEEH         LINE#         70
  C:4AEEH         LINE#         71
  C:4AF0H         LINE#         72
  C:4AF2H         LINE#         74
  C:4AFCH         LINE#         75
  C:4B00H         LINE#         77
  C:4B02H         LINE#         78
  C:4B0BH         LINE#         79
  C:4B0FH         LINE#         81
  C:4B11H         LINE#         82
  C:4B18H         LINE#         83
  C:4B1CH         LINE#         85
  C:4B1EH         LINE#         86
  C:4B22H         LINE#         87
  C:4B26H         LINE#         89
  C:4B28H         LINE#         90
  C:4B28H         LINE#         91
  C:4B2BH         LINE#         92
  C:4B2DH         LINE#         93
  -------         ENDPROC       _COMMAND
  C:4CAFH         SYMBOL        L?0038
  -------         PROC          L?0037
  -------         ENDPROC       L?0037
  C:4CAFH         SYMBOL        L?0038
  -------         PROC          _WAIT_MS
  D:0006H         SYMBOL        ms
  -------         DO            
  D:0004H         SYMBOL        De_Cnt
  -------         ENDDO         
  C:4CB3H         LINE#         95
  C:4CB3H         LINE#         96
  C:4CB3H         LINE#         98
  C:4CBDH         LINE#         99
  C:4CBDH         LINE#         100
  C:4CD0H         LINE#         101
  C:4CD0H         LINE#         102
  -------         ENDPROC       _WAIT_MS
  -------         PROC          _DISPLAYLCD
  D:0007H         SYMBOL        BCD
  -------         DO            
  D:0006H         SYMBOL        first_digit
  X:03BBH         SYMBOL        second_digit
  -------         ENDDO         
  C:4D4EH         LINE#         103
BL51 BANKED LINKER/LOCATER V6.22                                                      03/28/2019  16:44:23  PAGE 21


  C:4D4EH         LINE#         104
  C:4D4EH         LINE#         106
  C:4D55H         LINE#         107
  C:4D5EH         LINE#         109
  C:4D63H         LINE#         111
  -------         ENDPROC       _DISPLAYLCD
  -------         PROC          LCD_RETURN_HOME
  C:4EAAH         LINE#         115
  C:4EAAH         LINE#         116
  C:4EAAH         LINE#         117
  C:4EAFH         LINE#         118
  -------         ENDPROC       LCD_RETURN_HOME
  -------         PROC          LCD_CLEAR
  C:4EB4H         LINE#         121
  C:4EB4H         LINE#         122
  C:4EB4H         LINE#         123
  C:4EB9H         LINE#         124
  -------         ENDPROC       LCD_CLEAR
  -------         PROC          _DISPLAY_LINE
  D:0006H         SYMBOL        line
  C:4DCBH         LINE#         128
  C:4DCBH         LINE#         129
  C:4DCBH         LINE#         130
  C:4DD1H         LINE#         131
  C:4DD1H         LINE#         132
  C:4DD3H         LINE#         133
  C:4DD3H         LINE#         134
  C:4DD5H         LINE#         136
  C:4DD5H         LINE#         137
  C:4DDAH         LINE#         138
  C:4DDFH         LINE#         139
  C:4DDFH         LINE#         140
  -------         ENDPROC       _DISPLAY_LINE
  -------         PROC          _DISPLAY_POS
  X:0496H         SYMBOL        sign_dat
  -------         DO            
  X:049AH         SYMBOL        unit
  X:049BH         SYMBOL        ten
  X:049CH         SYMBOL        hundred
  D:0003H         SYMBOL        thousand
  X:049DH         SYMBOL        after_dot
  X:049EH         SYMBOL        dat
  -------         ENDDO         
  C:3CD7H         LINE#         142
  C:3CDDH         LINE#         143
  C:3CDDH         LINE#         147
  C:3CF9H         LINE#         148
  C:3D13H         LINE#         149
  C:3D37H         LINE#         151
  C:3D81H         LINE#         153
  C:3D98H         LINE#         154
  C:3DA5H         LINE#         155
  C:3DC7H         LINE#         156
  C:3DFCH         LINE#         157
  C:3E14H         LINE#         158
  C:3E14H         LINE#         160
  C:3E14H         LINE#         161
BL51 BANKED LINKER/LOCATER V6.22                                                      03/28/2019  16:44:23  PAGE 22


  C:3E14H         LINE#         162
  C:3E14H         LINE#         163
  C:3E14H         LINE#         164
  C:3E14H         LINE#         168
  C:3E16H         LINE#         170
  C:3E16H         LINE#         172
  C:3E1BH         LINE#         173
  C:3E21H         LINE#         174
  C:3E27H         LINE#         175
  C:3E2DH         LINE#         176
  C:3E32H         LINE#         177
  C:3E38H         LINE#         181
  C:3E38H         LINE#         183
  -------         ENDPROC       _DISPLAY_POS
  -------         PROC          _ABS
  D:0006H         SYMBOL        dat
  C:4E09H         LINE#         185
  C:4E09H         LINE#         186
  C:4E09H         LINE#         187
  C:4E14H         LINE#         188
  C:4E15H         LINE#         190
  C:4E1CH         LINE#         191
  -------         ENDPROC       _ABS
  -------         ENDMOD        LCD_DRIVER_SPLC780D

  -------         MODULE        KEYPAD
  C:0000H         SYMBOL        _ICE_DUMMY_
  D:0093H         PUBLIC        P0M1
  D:0080H         PUBLIC        P0
  D:0090H         PUBLIC        P1
  D:00A0H         PUBLIC        P2
  D:00B0H         PUBLIC        P3
  D:00C0H         PUBLIC        P4
  D:00C8H         PUBLIC        P5
  B:0020H.0       PUBLIC        calib_mode
  D:00E8H         PUBLIC        P6
  D:00F8H         PUBLIC        P7
  D:00A8H         PUBLIC        IE
  C:3839H         PUBLIC        Key_Scan
  D:00B8H         PUBLIC        IP
  D:00D8H         PUBLIC        CCON
  C:4E9EH         PUBLIC        KeyPad_IO_Init
  C:4D30H         PUBLIC        _Delay_ms
  D:0098H         PUBLIC        SCON
  D:0088H         PUBLIC        TCON
  B:0020H.1       PUBLIC        small_move
  B:0020H.2       PUBLIC        move
  B:0020H.3       PUBLIC        direction
  B:0020H.4       PUBLIC        auto_move
  C:2F30H         PUBLIC        Key_Process
  D:00D0H         PUBLIC        PSW
  D:0094H         PUBLIC        P0M0
  -------         PROC          _DELAY_MS
  D:0006H         SYMBOL        ms
  -------         DO            
  D:0004H         SYMBOL        De_Cnt
  -------         ENDDO         
BL51 BANKED LINKER/LOCATER V6.22                                                      03/28/2019  16:44:23  PAGE 23


  C:4D30H         LINE#         19
  C:4D30H         LINE#         20
  C:4D30H         LINE#         22
  C:4D3AH         LINE#         23
  C:4D3AH         LINE#         24
  C:4D4DH         LINE#         25
  C:4D4DH         LINE#         26
  -------         ENDPROC       _DELAY_MS
  -------         PROC          KEY_SCAN
  -------         DO            
  X:03C1H         SYMBOL        KeyTemp1
  X:03C2H         SYMBOL        KeyTemp2
  X:03C3H         SYMBOL        KeyValue
  -------         ENDDO         
  C:3839H         LINE#         27
  C:3839H         LINE#         28
  C:3839H         LINE#         33
  C:383CH         LINE#         36
  C:383FH         LINE#         38
  C:3847H         LINE#         39
  C:384EH         LINE#         40
  C:384EH         LINE#         42
  C:3853H         LINE#         43
  C:385AH         LINE#         44
  C:385AH         LINE#         47
  C:385DH         LINE#         48
  C:3860H         LINE#         49
  C:3865H         LINE#         50
  C:3869H         LINE#         51
  C:3869H         LINE#         52
  C:3871H         LINE#         53
  C:3871H         LINE#         54
  C:3874H         LINE#         55
  C:387CH         LINE#         56
  C:387EH         LINE#         58
  C:3892H         LINE#         59
  C:3892H         LINE#         60
  C:3892H         LINE#         61
  C:3892H         LINE#         62
  C:3898H         LINE#         64
  C:389AH         LINE#         65
  C:389AH         LINE#         66
  C:389AH         LINE#         67
  C:38A0H         LINE#         69
  C:38A2H         LINE#         70
  C:38A2H         LINE#         71
  C:38A2H         LINE#         72
  C:38A8H         LINE#         74
  C:38AAH         LINE#         75
  C:38AAH         LINE#         76
  C:38AAH         LINE#         77
  C:38B0H         LINE#         79
  C:38B0H         LINE#         80
  C:38B0H         LINE#         81
  C:38B0H         LINE#         84
  C:38B3H         LINE#         85
  C:38B6H         LINE#         86
BL51 BANKED LINKER/LOCATER V6.22                                                      03/28/2019  16:44:23  PAGE 24


  C:38BEH         LINE#         87
  C:38C2H         LINE#         88
  C:38C2H         LINE#         89
  C:38CAH         LINE#         90
  C:38CAH         LINE#         91
  C:38CDH         LINE#         92
  C:38D5H         LINE#         93
  C:38D7H         LINE#         94
  C:38EBH         LINE#         95
  C:38EBH         LINE#         96
  C:38EBH         LINE#         97
  C:38EBH         LINE#         98
  C:38F1H         LINE#         100
  C:38F3H         LINE#         101
  C:38F3H         LINE#         102
  C:38F3H         LINE#         103
  C:38F9H         LINE#         105
  C:38FBH         LINE#         106
  C:38FBH         LINE#         107
  C:38FBH         LINE#         108
  C:3901H         LINE#         110
  C:3903H         LINE#         111
  C:3903H         LINE#         112
  C:3903H         LINE#         113
  C:3908H         LINE#         115
  C:3908H         LINE#         116
  C:3908H         LINE#         117
  C:3908H         LINE#         120
  C:390BH         LINE#         121
  C:390EH         LINE#         122
  C:3916H         LINE#         123
  C:391AH         LINE#         124
  C:391AH         LINE#         125
  C:3922H         LINE#         126
  C:3922H         LINE#         127
  C:3925H         LINE#         128
  C:392DH         LINE#         129
  C:392FH         LINE#         130
  C:3943H         LINE#         131
  C:3943H         LINE#         132
  C:3943H         LINE#         133
  C:3943H         LINE#         134
  C:3949H         LINE#         136
  C:394BH         LINE#         137
  C:394BH         LINE#         138
  C:394BH         LINE#         139
  C:3951H         LINE#         141
  C:3953H         LINE#         142
  C:3953H         LINE#         143
  C:3953H         LINE#         144
  C:3959H         LINE#         146
  C:395BH         LINE#         147
  C:395BH         LINE#         148
  C:395BH         LINE#         149
  C:3961H         LINE#         151
  C:3961H         LINE#         152
  C:3961H         LINE#         153
BL51 BANKED LINKER/LOCATER V6.22                                                      03/28/2019  16:44:23  PAGE 25


  C:3961H         LINE#         157
  C:3964H         LINE#         158
  C:3967H         LINE#         159
  C:396FH         LINE#         160
  C:3973H         LINE#         161
  C:3973H         LINE#         162
  C:397BH         LINE#         163
  C:397BH         LINE#         164
  C:397EH         LINE#         165
  C:3986H         LINE#         166
  C:3988H         LINE#         167
  C:399CH         LINE#         168
  C:399CH         LINE#         169
  C:399CH         LINE#         170
  C:399CH         LINE#         171
  C:39A2H         LINE#         173
  C:39A4H         LINE#         174
  C:39A4H         LINE#         175
  C:39A4H         LINE#         176
  C:39AAH         LINE#         178
  C:39ACH         LINE#         179
  C:39ACH         LINE#         180
  C:39ACH         LINE#         181
  C:39B2H         LINE#         183
  C:39B4H         LINE#         184
  C:39B4H         LINE#         185
  C:39B4H         LINE#         186
  C:39BAH         LINE#         188
  C:39BAH         LINE#         189
  C:39BAH         LINE#         190
  C:39BAH         LINE#         192
  C:39C0H         LINE#         193
  C:39C0H         LINE#         195
  C:39C0H         LINE#         196
  C:39C3H         LINE#         197
  C:39C3H         LINE#         198
  C:39C3H         LINE#         200
  C:39C3H         LINE#         201
  C:39C5H         LINE#         202
  C:39C5H         LINE#         203
  -------         ENDPROC       KEY_SCAN
  -------         PROC          KEY_PROCESS
  -------         DO            
  X:05DEH         SYMBOL        KeyCount
  X:05E0H         SYMBOL        KeyNum_Old
  X:05E1H         SYMBOL        KeyNum
  X:05E2H         SYMBOL        PressedKey
  X:03BBH         SYMBOL        d
  D:0004H         SYMBOL        hours
  D:0006H         SYMBOL        mins
  X:03BDH         SYMBOL        months
  X:03BFH         SYMBOL        days
  -------         ENDDO         
  C:2F30H         LINE#         204
  C:2F30H         LINE#         205
  C:2F30H         LINE#         209
  C:2F38H         LINE#         210
BL51 BANKED LINKER/LOCATER V6.22                                                      03/28/2019  16:44:23  PAGE 26


  C:2F40H         LINE#         212
  C:2F43H         LINE#         213
  C:2F43H         LINE#         214
  C:2F46H         LINE#         216
  C:2F46H         LINE#         217
  C:2F53H         LINE#         218
  C:2F53H         LINE#         219
  C:2F56H         LINE#         220
  C:2F59H         LINE#         222
  C:2F5CH         LINE#         224
  C:2F5CH         LINE#         225
  C:2F67H         LINE#         226
  C:2F67H         LINE#         227
  C:2F6AH         LINE#         229
  C:2F6AH         LINE#         230
  C:2F71H         LINE#         231
  C:2F71H         LINE#         232
  C:2F74H         LINE#         234
  C:2F74H         LINE#         235
  C:2F7CH         LINE#         236
  C:2F7CH         LINE#         237
  C:2F86H         LINE#         238
  C:2F8EH         LINE#         240
  C:2F97H         LINE#         242
  C:2F97H         LINE#         251
  C:2FACH         LINE#         252
  C:2FACH         LINE#         253
  C:2FBEH         LINE#         254
  C:2FCCH         LINE#         255
  C:2FDBH         LINE#         256
  C:2FDBH         LINE#         258
  C:2FE1H         LINE#         262
  C:2FF7H         LINE#         263
  C:3008H         LINE#         264
  C:3023H         LINE#         265
  C:3023H         LINE#         266
  C:3033H         LINE#         267
  C:3044H         LINE#         268
  C:3044H         LINE#         272
  C:305DH         LINE#         273
  C:3074H         LINE#         274
  C:3094H         LINE#         275
  C:3094H         LINE#         276
  C:309EH         LINE#         277
  C:309EH         LINE#         278
  C:30A7H         LINE#         279
  C:30A7H         LINE#         280
  C:30BBH         LINE#         281
  C:30BBH         LINE#         282
  C:30BBH         LINE#         283
  C:30BBH         LINE#         284
  C:30BBH         LINE#         285
  C:30BDH         LINE#         287
  C:30BDH         LINE#         288
  C:30C9H         LINE#         289
  C:30C9H         LINE#         290
  C:30DAH         LINE#         291
BL51 BANKED LINKER/LOCATER V6.22                                                      03/28/2019  16:44:23  PAGE 27


  C:30DAH         LINE#         292
  C:30DAH         LINE#         293
  C:30DAH         LINE#         294
  C:30DAH         LINE#         296
  C:30DCH         LINE#         298
  C:30DCH         LINE#         299
  C:30EDH         LINE#         300
  C:30EDH         LINE#         301
  C:30EDH         LINE#         302
  C:30EDH         LINE#         303
  C:30EDH         LINE#         305
  C:30EDH         LINE#         307
  C:30EDH         LINE#         308
  C:30EFH         LINE#         310
  C:30EFH         LINE#         311
  C:3102H         LINE#         312
  C:3102H         LINE#         313
  C:3113H         LINE#         314
  C:3113H         LINE#         315
  C:3113H         LINE#         316
  C:3113H         LINE#         317
  C:3113H         LINE#         318
  C:3115H         LINE#         320
  C:3115H         LINE#         321
  C:3126H         LINE#         322
  C:3126H         LINE#         323
  C:3137H         LINE#         324
  C:3148H         LINE#         325
  C:3148H         LINE#         326
  C:3148H         LINE#         327
  C:3148H         LINE#         328
  C:3148H         LINE#         330
  C:3162H         LINE#         331
  C:3162H         LINE#         332
  C:3167H         LINE#         333
  C:3167H         LINE#         334
  C:316DH         LINE#         335
  C:316DH         LINE#         336
  C:3170H         LINE#         337
  C:3175H         LINE#         338
  C:317AH         LINE#         339
  C:317FH         LINE#         340
  C:3184H         LINE#         341
  C:3189H         LINE#         342
  C:318EH         LINE#         343
  C:3193H         LINE#         344
  C:3193H         LINE#         345
  C:3193H         LINE#         347
  C:31B5H         LINE#         348
  C:31B5H         LINE#         349
  C:31BFH         LINE#         350
  C:31BFH         LINE#         351
  C:31C4H         LINE#         352
  C:31CDH         LINE#         353
  C:31E4H         LINE#         354
  C:31E4H         LINE#         355
  C:31F4H         LINE#         357
BL51 BANKED LINKER/LOCATER V6.22                                                      03/28/2019  16:44:23  PAGE 28


  C:31F4H         LINE#         361
  -------         ENDPROC       KEY_PROCESS
  -------         PROC          KEYPAD_IO_INIT
  C:4E9EH         LINE#         364
  C:4E9EH         LINE#         365
  C:4E9EH         LINE#         366
  C:4EA1H         LINE#         367
  C:4EA4H         LINE#         368
  C:4EA7H         LINE#         369
  C:4EA9H         LINE#         370
  -------         ENDPROC       KEYPAD_IO_INIT
  -------         ENDMOD        KEYPAD

  -------         MODULE        BIPOLARMOTOR
  C:0000H         SYMBOL        _ICE_DUMMY_
  D:0080H         PUBLIC        P0
  D:0090H         PUBLIC        P1
  X:0000H         PUBLIC        RX_pos_test
  D:00A0H         PUBLIC        P2
  D:00B0H         PUBLIC        P3
  D:00C0H         PUBLIC        P4
  D:00C8H         PUBLIC        P5
  D:00E8H         PUBLIC        P6
  D:00F8H         PUBLIC        P7
  X:00A0H         PUBLIC        low_date_azimuth_mapping
  D:00A8H         PUBLIC        IE
  C:426BH         PUBLIC        linear_interpolate
  C:4C5EH         PUBLIC        _Move
  D:00B8H         PUBLIC        IP
  C:34E8H         PUBLIC        _findDet3x3
  C:31F5H         PUBLIC        _findDet4x4
  D:00D8H         PUBLIC        CCON
  X:00C8H         PUBLIC        previous_move_time
  D:0098H         PUBLIC        SCON
  D:0088H         PUBLIC        TCON
  C:4ECEH         PUBLIC        wait
  C:4B2EH         PUBLIC        _Step_move
  X:00C9H         PUBLIC        dat
  C:1C0DH         PUBLIC        _Update_position
  C:4A16H         PUBLIC        vOneStepMove
  X:00CFH         PUBLIC        elevation_stamp
  X:010BH         PUBLIC        date_azimuth_mapping
  X:0133H         PUBLIC        RX_pos
  C:4D75H         PUBLIC        _BCDtoDec1
  X:038BH         PUBLIC        degree
  C:2267H         PUBLIC        _TheoricalJP_Position
  D:00D0H         PUBLIC        PSW
  -------         PROC          L?0063
  -------         ENDPROC       L?0063
  -------         PROC          _BCDTODEC1
  D:0007H         SYMBOL        bcd
  -------         DO            
  D:0006H         SYMBOL        hi
  D:0007H         SYMBOL        lo
  -------         ENDDO         
  C:4D75H         LINE#         28
  C:4D75H         LINE#         29
BL51 BANKED LINKER/LOCATER V6.22                                                      03/28/2019  16:44:23  PAGE 29


  C:4D75H         LINE#         31
  C:4D7AH         LINE#         32
  C:4D7EH         LINE#         33
  C:4D85H         LINE#         34
  -------         ENDPROC       _BCDTODEC1
  -------         PROC          WAIT
  C:4ECEH         LINE#         36
  C:4ECEH         LINE#         38
  -------         ENDPROC       WAIT
  -------         PROC          VONESTEPMOVE
  B:0020H.7       SYMBOL        bDir
  C:4A16H         LINE#         40
  C:4A16H         LINE#         41
  C:4A16H         LINE#         43
  C:4A1CH         LINE#         44
  C:4A1CH         LINE#         45
  C:4A1FH         LINE#         46
  C:4A28H         LINE#         47
  C:4A2FH         LINE#         48
  C:4A34H         LINE#         49
  C:4A34H         LINE#         50
  C:4A34H         LINE#         52
  C:4A36H         LINE#         55
  C:4A36H         LINE#         56
  C:4A39H         LINE#         57
  C:4A42H         LINE#         58
  C:4A49H         LINE#         59
  C:4A4FH         LINE#         60
  C:4A58H         LINE#         61
  C:4A5FH         LINE#         62
  C:4A5FH         LINE#         66
  -------         ENDPROC       VONESTEPMOVE
  -------         PROC          _STEP_MOVE
  X:049AH         SYMBOL        step
  B:0020H.6       SYMBOL        dir
  -------         DO            
  X:049CH         SYMBOL        i
  -------         ENDDO         
  C:4B2EH         LINE#         68
  C:4B36H         LINE#         69
  C:4B36H         LINE#         71
  C:4B3BH         LINE#         74
  C:4B56H         LINE#         75
  C:4B56H         LINE#         76
  C:4B5DH         LINE#         78
  C:4B6DH         LINE#         80
  -------         ENDPROC       _STEP_MOVE
  -------         PROC          _MOVE
  X:0496H         SYMBOL        distance
  B:0020H.5       SYMBOL        direction
  -------         DO            
  D:0006H         SYMBOL        step
  -------         ENDDO         
  C:4C5EH         LINE#         82
  C:4C64H         LINE#         83
  C:4C64H         LINE#         86
  C:4C7FH         LINE#         87
BL51 BANKED LINKER/LOCATER V6.22                                                      03/28/2019  16:44:23  PAGE 30


  -------         ENDPROC       _MOVE
  C:34C9H         SYMBOL        L?0059
  C:34DDH         SYMBOL        L?0060
  -------         PROC          L?0058
  -------         ENDPROC       L?0058
  C:34C9H         SYMBOL        L?0059
  C:34DDH         SYMBOL        L?0060
  -------         PROC          _FINDDET3X3
  X:05BAH         SYMBOL        a11
  X:05BEH         SYMBOL        a12
  X:05C2H         SYMBOL        a13
  X:05C6H         SYMBOL        a21
  X:05CAH         SYMBOL        a22
  X:05CEH         SYMBOL        a23
  X:05D2H         SYMBOL        a31
  X:05D6H         SYMBOL        a32
  X:05DAH         SYMBOL        a33
  C:34E8H         LINE#         91
  C:34EEH         LINE#         95
  C:34EEH         LINE#         96
  C:3685H         LINE#         98
  -------         ENDPROC       _FINDDET3X3
  -------         PROC          _FINDDET4X4
  X:057AH         SYMBOL        a11
  X:057EH         SYMBOL        a12
  X:0582H         SYMBOL        a13
  X:0586H         SYMBOL        a14
  X:058AH         SYMBOL        a21
  X:058EH         SYMBOL        a22
  X:0592H         SYMBOL        a23
  X:0596H         SYMBOL        a24
  X:059AH         SYMBOL        a31
  X:059EH         SYMBOL        a32
  X:05A2H         SYMBOL        a33
  X:05A6H         SYMBOL        a34
  X:05AAH         SYMBOL        a41
  X:05AEH         SYMBOL        a42
  X:05B2H         SYMBOL        a43
  X:05B6H         SYMBOL        a44
  C:31F5H         LINE#         99
  C:31FBH         LINE#         103
  C:31FBH         LINE#         110
  C:34B4H         LINE#         114
  -------         ENDPROC       _FINDDET4X4
  C:425AH         SYMBOL        L?0062
  -------         PROC          L?0061
  -------         ENDPROC       L?0061
  C:425AH         SYMBOL        L?0062
  -------         PROC          LINEAR_INTERPOLATE
  X:048EH         SYMBOL        p1
  X:0496H         SYMBOL        p2
  X:049EH         SYMBOL        x
  -------         DO            
  D:0004H         SYMBOL        fx
  -------         ENDDO         
  C:426BH         LINE#         120
  C:426BH         LINE#         121
BL51 BANKED LINKER/LOCATER V6.22                                                      03/28/2019  16:44:23  PAGE 31


  C:426BH         LINE#         124
  C:430AH         LINE#         126
  C:430AH         LINE#         127
  -------         ENDPROC       LINEAR_INTERPOLATE
  -------         PROC          _THEORICALJP_POSITION
  X:0432H         SYMBOL        azimuth
  X:0436H         SYMBOL        elevation
  -------         DO            
  X:043AH         SYMBOL        pos_interpolate_azimuth
  X:0476H         SYMBOL        JP_pos
  X:047AH         SYMBOL        i
  X:047CH         SYMBOL        yy
  X:047EH         SYMBOL        p1
  X:0486H         SYMBOL        p2
  -------         ENDDO         
  C:2267H         LINE#         130
  C:226DH         LINE#         131
  C:226DH         LINE#         133
  C:2277H         LINE#         136
  C:2293H         LINE#         137
  C:2293H         LINE#         138
  C:2303H         LINE#         139
  C:2303H         LINE#         140
  C:230AH         LINE#         141
  C:230AH         LINE#         142
  C:2337H         LINE#         143
  C:2352H         LINE#         145
  C:2399H         LINE#         146
  C:23CDH         LINE#         148
  C:2413H         LINE#         149
  C:2438H         LINE#         151
  C:2438H         LINE#         153
  C:24AEH         LINE#         154
  C:24AEH         LINE#         155
  C:24B5H         LINE#         156
  C:24B5H         LINE#         157
  C:24E2H         LINE#         158
  C:24FDH         LINE#         160
  C:2544H         LINE#         161
  C:2578H         LINE#         163
  C:25BEH         LINE#         164
  C:25E0H         LINE#         166
  C:25E0H         LINE#         167
  C:25F4H         LINE#         170
  C:2610H         LINE#         171
  C:2610H         LINE#         172
  C:2680H         LINE#         173
  C:2680H         LINE#         174
  C:26ADH         LINE#         175
  C:26C8H         LINE#         177
  C:26F5H         LINE#         178
  C:2710H         LINE#         180
  C:2742H         LINE#         183
  C:2742H         LINE#         185
  C:2753H         LINE#         186
  C:2761H         LINE#         188
  -------         ENDPROC       _THEORICALJP_POSITION
BL51 BANKED LINKER/LOCATER V6.22                                                      03/28/2019  16:44:23  PAGE 32


  -------         PROC          _UPDATE_POSITION
  D:0001H         SYMBOL        mnths
  D:0002H         SYMBOL        dys
  X:03E1H         SYMBOL        hurs
  X:03E2H         SYMBOL        mns
  X:03E3H         SYMBOL        sconds
  X:03E4H         SYMBOL        currnt_pos
  X:03E7H         SYMBOL        offset_calib
  -------         DO            
  X:03EBH         SYMBOL        date
  X:03EDH         SYMBOL        i
  X:03EFH         SYMBOL        yy
  X:03F1H         SYMBOL        desired_distance
  X:03F5H         SYMBOL        distance
  X:03F9H         SYMBOL        JP_pos
  X:03FDH         SYMBOL        current_local_sun_time
  X:0401H         SYMBOL        azimuth
  X:0405H         SYMBOL        elevation
  X:0409H         SYMBOL        time_offset
  X:040DH         SYMBOL        UTC_time
  X:0411H         SYMBOL        declination
  X:0415H         SYMBOL        time
  X:0427H         SYMBOL        location
  X:042FH         SYMBOL        sunCoord
  -------         ENDDO         
  C:1C0DH         LINE#         191
  C:1C16H         LINE#         194
  C:1C16H         LINE#         195
  C:1C21H         LINE#         197
  C:1C3DH         LINE#         198
  C:1C47H         LINE#         206
  C:1C51H         LINE#         207
  C:1C5BH         LINE#         208
  C:1C65H         LINE#         209
  C:1C70H         LINE#         210
  C:1C7BH         LINE#         211
  C:1C94H         LINE#         212
  C:1CA5H         LINE#         213
  C:1CB4H         LINE#         216
  C:1CC8H         LINE#         220
  C:1D1AH         LINE#         221
  C:1E7EH         LINE#         222
  C:1ECEH         LINE#         224
  C:1FF6H         LINE#         226
  C:20C5H         LINE#         233
  C:210CH         LINE#         234
  C:210CH         LINE#         236
  C:2137H         LINE#         237
  C:2166H         LINE#         239
  C:218BH         LINE#         240
  C:21F0H         LINE#         241
  C:21F0H         LINE#         242
  C:220AH         LINE#         243
  C:221CH         LINE#         244
  C:2234H         LINE#         245
  C:224AH         LINE#         247
  C:2266H         LINE#         248
BL51 BANKED LINKER/LOCATER V6.22                                                      03/28/2019  16:44:23  PAGE 33


  C:2266H         LINE#         249
  C:2266H         LINE#         252
  -------         ENDPROC       _UPDATE_POSITION
  -------         ENDMOD        BIPOLARMOTOR

  -------         MODULE        SUNPOS
  C:0000H         SYMBOL        _ICE_DUMMY_
  C:146BH         PUBLIC        sunpos
  -------         PROC          SUNPOS
  X:0432H         SYMBOL        udtTime
  X:0444H         SYMBOL        udtLocation
  X:044CH         SYMBOL        udtSunCoordinates
  -------         DO            
  X:044FH         SYMBOL        dElapsedJulianDays
  X:0453H         SYMBOL        dDecimalHours
  X:0457H         SYMBOL        dEclipticLongitude
  X:045BH         SYMBOL        dEclipticObliquity
  X:045FH         SYMBOL        dRightAscension
  X:0463H         SYMBOL        dDeclination
  X:0467H         SYMBOL        dY
  X:046BH         SYMBOL        dX
  -------         DO            
  X:046FH         SYMBOL        dJulianDate
  X:0473H         SYMBOL        liAux1
  X:0477H         SYMBOL        liAux2
  X:046FH         SYMBOL        dMeanLongitude
  X:0473H         SYMBOL        dMeanAnomaly
  X:0477H         SYMBOL        dOmega
  X:046FH         SYMBOL        dSin_EclipticLongitude
  X:046FH         SYMBOL        dGreenwichMeanSiderealTime
  X:0473H         SYMBOL        dLocalMeanSiderealTime
  X:0477H         SYMBOL        dLatitudeInRadians
  X:047BH         SYMBOL        dHourAngle
  X:047FH         SYMBOL        dCos_Latitude
  X:0483H         SYMBOL        dSin_Latitude
  X:0487H         SYMBOL        dCos_HourAngle
  X:048BH         SYMBOL        dParallax
  -------         ENDDO         
  -------         DO            
  X:046FH         SYMBOL        dMeanLongitude
  X:0473H         SYMBOL        dMeanAnomaly
  X:0477H         SYMBOL        dOmega
  X:046FH         SYMBOL        dSin_EclipticLongitude
  X:046FH         SYMBOL        dGreenwichMeanSiderealTime
  X:0473H         SYMBOL        dLocalMeanSiderealTime
  X:0477H         SYMBOL        dLatitudeInRadians
  X:047BH         SYMBOL        dHourAngle
  X:047FH         SYMBOL        dCos_Latitude
  X:0483H         SYMBOL        dSin_Latitude
  X:0487H         SYMBOL        dCos_HourAngle
  X:048BH         SYMBOL        dParallax
  -------         ENDDO         
  -------         DO            
  X:046FH         SYMBOL        dSin_EclipticLongitude
  X:046FH         SYMBOL        dGreenwichMeanSiderealTime
  X:0473H         SYMBOL        dLocalMeanSiderealTime
  X:0477H         SYMBOL        dLatitudeInRadians
BL51 BANKED LINKER/LOCATER V6.22                                                      03/28/2019  16:44:23  PAGE 34


  X:047BH         SYMBOL        dHourAngle
  X:047FH         SYMBOL        dCos_Latitude
  X:0483H         SYMBOL        dSin_Latitude
  X:0487H         SYMBOL        dCos_HourAngle
  X:048BH         SYMBOL        dParallax
  -------         ENDDO         
  -------         DO            
  X:046FH         SYMBOL        dGreenwichMeanSiderealTime
  X:0473H         SYMBOL        dLocalMeanSiderealTime
  X:0477H         SYMBOL        dLatitudeInRadians
  X:047BH         SYMBOL        dHourAngle
  X:047FH         SYMBOL        dCos_Latitude
  X:0483H         SYMBOL        dSin_Latitude
  X:0487H         SYMBOL        dCos_HourAngle
  X:048BH         SYMBOL        dParallax
  -------         ENDDO         
  -------         ENDDO         
  C:146BH         LINE#         6
  C:146BH         LINE#         7
  C:146BH         LINE#         9
  C:146BH         LINE#         27
  C:14B5H         LINE#         30
  C:14D6H         LINE#         31
  C:161DH         LINE#         34
  C:1669H         LINE#         36
  C:1688H         LINE#         37
  C:1688H         LINE#         42
  C:1688H         LINE#         46
  C:16BAH         LINE#         47
  C:16E4H         LINE#         48
  C:170EH         LINE#         49
  C:17BBH         LINE#         52
  C:181CH         LINE#         54
  C:181CH         LINE#         59
  C:181CH         LINE#         61
  C:1833H         LINE#         62
  C:185BH         LINE#         63
  C:1872H         LINE#         64
  C:189DH         LINE#         65
  C:18D4H         LINE#         66
  C:18FFH         LINE#         67
  C:18FFH         LINE#         70
[...]
  C:4160H         LINE#         153
  C:4162H         LINE#         154
  C:4165H         LINE#         155
  C:416CH         LINE#         157
  -------         ENDPROC       _AT25SF041_WRITE
BL51 BANKED LINKER/LOCATER V6.22                                                      03/28/2019  16:44:23  PAGE 46


  -------         PROC          _AT25SF041_READ
  D:0003H         SYMBOL        opcode
  X:05E8H         SYMBOL        addr
  -------         DO            
  X:05ECH         SYMBOL        dat
  X:05EDH         SYMBOL        i
  -------         ENDDO         
  C:3F5BH         LINE#         159
  C:3F5DH         LINE#         160
  C:3F5DH         LINE#         161
  C:3F62H         LINE#         163
  C:3F64H         LINE#         164
  C:3F6AH         LINE#         168
  C:3F6FH         LINE#         169
  C:3F6FH         LINE#         170
  C:3F71H         LINE#         171
  C:3F74H         LINE#         172
  C:3F78H         LINE#         173
  C:3F78H         LINE#         174
  C:3F7AH         LINE#         175
  C:3F7CH         LINE#         177
  C:3F7CH         LINE#         178
  C:3F7EH         LINE#         180
  C:3F7EH         LINE#         181
  C:3F7EH         LINE#         182
  C:3F7EH         LINE#         183
  C:3F81H         LINE#         184
  C:3F85H         LINE#         187
  C:3FA4H         LINE#         189
  C:3FABH         LINE#         190
  C:3FABH         LINE#         191
  C:3FADH         LINE#         192
  C:3FB0H         LINE#         193
  C:3FCCH         LINE#         194
  C:3FCCH         LINE#         195
  C:3FCEH         LINE#         196
  C:3FD0H         LINE#         198
  C:3FD0H         LINE#         199
  C:3FD2H         LINE#         201
  C:3FD2H         LINE#         202
  C:3FD2H         LINE#         203
  C:3FD2H         LINE#         204
  C:3FD5H         LINE#         205
  C:3FEEH         LINE#         207
  C:400DH         LINE#         210
  C:4014H         LINE#         212
  C:4016H         LINE#         213
  C:401DH         LINE#         215
  C:4024H         LINE#         216
  C:4024H         LINE#         217
  C:402BH         LINE#         218
  C:402BH         LINE#         219
  C:402EH         LINE#         220
  C:4030H         LINE#         221
  C:4033H         LINE#         223
  C:4036H         LINE#         224
  C:4036H         LINE#         226
BL51 BANKED LINKER/LOCATER V6.22                                                      03/28/2019  16:44:23  PAGE 47


  C:403AH         LINE#         227
  C:403AH         LINE#         233
  C:4059H         LINE#         236
  C:405BH         LINE#         237
  C:405EH         LINE#         238
  C:4065H         LINE#         240
  C:406AH         LINE#         242
  -------         ENDPROC       _AT25SF041_READ
  -------         PROC          UCREAD_STATUS_REGISTER_BYTE1
  -------         DO            
  D:0003H         SYMBOL        dat
  D:0001H         SYMBOL        opcode
  X:049EH         SYMBOL        count
  X:049FH         SYMBOL        i
  -------         ENDDO         
  C:451FH         LINE#         246
  C:451FH         LINE#         247
  C:451FH         LINE#         248
  C:4525H         LINE#         249
  C:4529H         LINE#         250
  C:452BH         LINE#         251
  C:452DH         LINE#         252
  C:4533H         LINE#         256
  C:453AH         LINE#         257
  C:453AH         LINE#         258
  C:453CH         LINE#         259
  C:453FH         LINE#         260
  C:4543H         LINE#         261
  C:4543H         LINE#         262
  C:4545H         LINE#         263
  C:4547H         LINE#         265
  C:4547H         LINE#         266
  C:4549H         LINE#         268
  C:4549H         LINE#         269
  C:4549H         LINE#         270
  C:4549H         LINE#         271
  C:454CH         LINE#         272
  C:4550H         LINE#         275
  C:456FH         LINE#         279
  C:4576H         LINE#         281
  C:4578H         LINE#         282
  C:457FH         LINE#         283
  C:4586H         LINE#         284
  C:4586H         LINE#         285
  C:458AH         LINE#         286
  C:458AH         LINE#         287
  C:458DH         LINE#         288
  C:458FH         LINE#         289
  C:4592H         LINE#         291
  C:4595H         LINE#         292
  C:4595H         LINE#         294
  C:4599H         LINE#         295
  C:4599H         LINE#         297
  C:45B8H         LINE#         301
  C:45BAH         LINE#         302
  C:45BDH         LINE#         303
  C:45BFH         LINE#         304
BL51 BANKED LINKER/LOCATER V6.22                                                      03/28/2019  16:44:23  PAGE 48


  -------         ENDPROC       UCREAD_STATUS_REGISTER_BYTE1
  -------         PROC          SPI_NOR_WRITE_DATA
  X:03BBH         SYMBOL        dat
  X:03C6H         SYMBOL        addr
  C:39C6H         LINE#         306
  C:39C6H         LINE#         307
  C:39C6H         LINE#         309
  C:39C9H         LINE#         311
  C:39E3H         LINE#         312
  C:3A01H         LINE#         314
  C:3A08H         LINE#         315
  C:3A0BH         LINE#         317
  C:3A25H         LINE#         318
  C:3A25H         LINE#         319
  C:3A25H         LINE#         322
  C:3A28H         LINE#         324
  C:3A42H         LINE#         325
  C:3A42H         LINE#         326
  C:3A42H         LINE#         328
  C:3A45H         LINE#         330
  C:3A5FH         LINE#         331
  C:3A5FH         LINE#         332
  C:3A5FH         LINE#         334
  C:3A62H         LINE#         336
  C:3A7CH         LINE#         337
  C:3A7CH         LINE#         338
  C:3A7CH         LINE#         340
  C:3A7FH         LINE#         342
  C:3A99H         LINE#         343
  C:3A99H         LINE#         344
  C:3A99H         LINE#         346
  C:3A9CH         LINE#         348
  C:3AB6H         LINE#         349
  C:3AB6H         LINE#         350
  C:3AB6H         LINE#         352
  C:3AB9H         LINE#         354
  C:3AD3H         LINE#         355
  C:3AD3H         LINE#         356
  C:3AD3H         LINE#         358
  C:3AD6H         LINE#         360
  C:3AF0H         LINE#         361
  C:3AF0H         LINE#         362
  C:3AF0H         LINE#         364
  C:3AF3H         LINE#         366
  C:3B0DH         LINE#         367
  C:3B0DH         LINE#         368
  C:3B0DH         LINE#         370
  C:3B10H         LINE#         372
  C:3B2AH         LINE#         373
  C:3B31H         LINE#         374
  -------         ENDPROC       SPI_NOR_WRITE_DATA
  -------         ENDMOD        AT25SF041

  -------         MODULE        ?C_STARTUP
  C:46F9H         SEGMENT       ?C_C51STARTUP
  I:0022H         SEGMENT       ?STACK
  C:0000H         PUBLIC        ?C_STARTUP
BL51 BANKED LINKER/LOCATER V6.22                                                      03/28/2019  16:44:23  PAGE 49


  D:00E0H         SYMBOL        ACC
  D:00F0H         SYMBOL        B
  D:0083H         SYMBOL        DPH
  D:0082H         SYMBOL        DPL
  N:0000H         SYMBOL        IBPSTACK
  N:0100H         SYMBOL        IBPSTACKTOP
  N:0080H         SYMBOL        IDATALEN
  C:46FCH         SYMBOL        IDATALOOP
  N:0000H         SYMBOL        PBPSTACK
  N:0100H         SYMBOL        PBPSTACKTOP
  N:0000H         SYMBOL        PDATALEN
  N:0000H         SYMBOL        PDATASTART
  N:0000H         SYMBOL        PPAGE
  N:0000H         SYMBOL        PPAGEENABLE
  D:00A0H         SYMBOL        PPAGE_SFR
  D:0081H         SYMBOL        SP
  C:46F9H         SYMBOL        STARTUP1
  N:0000H         SYMBOL        XBPSTACK
  N:0000H         SYMBOL        XBPSTACKTOP
  N:0000H         SYMBOL        XDATALEN
  N:0000H         SYMBOL        XDATASTART
  C:0000H         LINE#         126
  C:46F9H         LINE#         133
  C:46FBH         LINE#         134
  C:46FCH         LINE#         135
  C:46FDH         LINE#         136
  C:46FFH         LINE#         185
  C:4702H         LINE#         196
  -------         ENDMOD        ?C_STARTUP

  -------         MODULE        ?C?FPADD
  C:0ABCH         PUBLIC        ?C?FPADD
  C:0AB8H         PUBLIC        ?C?FPSUB
  -------         ENDMOD        ?C?FPADD

  -------         MODULE        ?C?FPMUL
  C:0BADH         PUBLIC        ?C?FPMUL
  -------         ENDMOD        ?C?FPMUL

  -------         MODULE        ?C?FPDIV
  C:0CB6H         PUBLIC        ?C?FPDIV
  -------         ENDMOD        ?C?FPDIV

  -------         MODULE        ?C?FPCMP
  C:0D55H         PUBLIC        ?C?FPCMP
  C:0D53H         PUBLIC        ?C?FPCMP3
  -------         ENDMOD        ?C?FPCMP

  -------         MODULE        ?C?FPNEG
  C:0DCCH         PUBLIC        ?C?FPNEG
  -------         ENDMOD        ?C?FPNEG

  -------         MODULE        ?C?FCAST
  C:0DE7H         PUBLIC        ?C?FCASTC
  C:0DE2H         PUBLIC        ?C?FCASTI
  C:0DDDH         PUBLIC        ?C?FCASTL
  -------         ENDMOD        ?C?FCAST
BL51 BANKED LINKER/LOCATER V6.22                                                      03/28/2019  16:44:23  PAGE 50



  -------         MODULE        ?C?CASTF
  C:0E1BH         PUBLIC        ?C?CASTF
  -------         ENDMOD        ?C?CASTF

  -------         MODULE        ATAN2
  X:048FH         PUBLIC        ?_atan2?BYTE
  C:45C0H         PUBLIC        _atan2
  -------         ENDMOD        ATAN2

  -------         MODULE        SIN
  C:3B97H         PUBLIC        _COS
  C:3BADH         PUBLIC        _SIN
  C:3BE9H         PUBLIC        _TAN
  -------         ENDMOD        SIN

  -------         MODULE        ACOS
  C:4A60H         PUBLIC        _ACOS
  -------         ENDMOD        ACOS

  -------         MODULE        ASIN
  C:4B6EH         PUBLIC        _ASIN
  -------         ENDMOD        ASIN

  -------         MODULE        SQRT
  C:4477H         PUBLIC        _SQRT
  -------         ENDMOD        SQRT

  -------         MODULE        ATAN
  C:3E59H         PUBLIC        _ATAN
  -------         ENDMOD        ATAN

  -------         MODULE        ?C?COPY
  C:0FB9H         PUBLIC        ?C?COPY
  -------         ENDMOD        ?C?COPY

  -------         MODULE        ?C?CLDPTR
  C:0FDFH         PUBLIC        ?C?CLDPTR
  -------         ENDMOD        ?C?CLDPTR

  -------         MODULE        ?C?CLDOPTR
  C:0FF8H         PUBLIC        ?C?CLDOPTR
  -------         ENDMOD        ?C?CLDOPTR

  -------         MODULE        ?C?CSTPTR
  C:1025H         PUBLIC        ?C?CSTPTR
  -------         ENDMOD        ?C?CSTPTR

  -------         MODULE        ?C?IMUL
  C:1037H         PUBLIC        ?C?IMUL
  -------         ENDMOD        ?C?IMUL

  -------         MODULE        ?C?UIDIV
  C:1049H         PUBLIC        ?C?UIDIV
  -------         ENDMOD        ?C?UIDIV

  -------         MODULE        ?C?SIDIV
BL51 BANKED LINKER/LOCATER V6.22                                                      03/28/2019  16:44:23  PAGE 51


  C:109EH         PUBLIC        ?C?SIDIV
  -------         ENDMOD        ?C?SIDIV

  -------         MODULE        ?C?ILDIX
  C:10D4H         PUBLIC        ?C?ILDIX
  -------         ENDMOD        ?C?ILDIX

  -------         MODULE        ?C?ILDOPTR
  C:10EAH         PUBLIC        ?C?ILDOPTR
  -------         ENDMOD        ?C?ILDOPTR

  -------         MODULE        ?C?ISTPTR
  C:1122H         PUBLIC        ?C?ISTPTR
  -------         ENDMOD        ?C?ISTPTR

  -------         MODULE        ?C?LMUL
  C:1141H         PUBLIC        ?C?LMUL
  -------         ENDMOD        ?C?LMUL

  -------         MODULE        ?C?SLDIV
  C:4AAAH         PUBLIC        ?C?SLDIV
  -------         ENDMOD        ?C?SLDIV

  -------         MODULE        ?C?LNEG
  C:1190H         PUBLIC        ?C?LNEG
  -------         ENDMOD        ?C?LNEG

  -------         MODULE        ?C?ULCMP
  C:119EH         PUBLIC        ?C?ULCMP
  -------         ENDMOD        ?C?ULCMP

  -------         MODULE        ?C?LSHL
  C:11AFH         PUBLIC        ?C?LSHL
  -------         ENDMOD        ?C?LSHL

  -------         MODULE        ?C?LLDPTR
  C:11C2H         PUBLIC        ?C?LLDPTR
  -------         ENDMOD        ?C?LLDPTR

  -------         MODULE        ?C?LLDOPTR
  C:11E2H         PUBLIC        ?C?LLDOPTR
  -------         ENDMOD        ?C?LLDOPTR

  -------         MODULE        ?C?LSTPTR
  C:1212H         PUBLIC        ?C?LSTPTR
  -------         ENDMOD        ?C?LSTPTR

  -------         MODULE        ?C?LSTOPTR
  C:122CH         PUBLIC        ?C?LSTOPTR
  -------         ENDMOD        ?C?LSTOPTR

  -------         MODULE        ?C?LLDXDATA
  C:1250H         PUBLIC        ?C?LLDXDATA
  -------         ENDMOD        ?C?LLDXDATA

  -------         MODULE        ?C?LLDCODE
  C:125CH         PUBLIC        ?C?LLDCODE
BL51 BANKED LINKER/LOCATER V6.22                                                      03/28/2019  16:44:23  PAGE 52


  -------         ENDMOD        ?C?LLDCODE

  -------         MODULE        ?C?LLDXDATA0
  C:126CH         PUBLIC        ?C?LLDXDATA0
  -------         ENDMOD        ?C?LLDXDATA0

  -------         MODULE        ?C?LLDCODE0
  C:1278H         PUBLIC        ?C?LLDCODE0
  -------         ENDMOD        ?C?LLDCODE0

  -------         MODULE        ?C?LLDPTR0
  C:1288H         PUBLIC        ?C?LLDPTR0
  -------         ENDMOD        ?C?LLDPTR0

  -------         MODULE        ?C?LSTXDATA
  C:12A8H         PUBLIC        ?C?LSTXDATA
  -------         ENDMOD        ?C?LSTXDATA

  -------         MODULE        ?C?LSTKXDATA
  C:12B4H         PUBLIC        ?C?LSTKXDATA
  -------         ENDMOD        ?C?LSTKXDATA

  -------         MODULE        ?C?LSTKPTR
  C:12E5H         PUBLIC        ?C?LSTKPTR
  -------         ENDMOD        ?C?LSTKPTR

  -------         MODULE        ?C?OFFXADD
  C:12FFH         PUBLIC        ?C?OFFXADD
  -------         ENDMOD        ?C?OFFXADD

  -------         MODULE        ATOI
  C:416DH         PUBLIC        _atoi
  -------         ENDMOD        ATOI

  -------         MODULE        ?C?IILDX
  C:130BH         PUBLIC        ?C?IILDX
  -------         ENDMOD        ?C?IILDX

  -------         MODULE        ?C?ULDIV
  C:135DH         PUBLIC        ?C?ULDIV
  -------         ENDMOD        ?C?ULDIV

  -------         MODULE        ?C?LLDIDATA
  C:13EFH         PUBLIC        ?C?LLDIDATA
  -------         ENDMOD        ?C?LLDIDATA

  -------         MODULE        ?C?LLDPDATA
  C:13FBH         PUBLIC        ?C?LLDPDATA
  -------         ENDMOD        ?C?LLDPDATA

  -------         MODULE        ?C?LLDIDATA0
  C:1407H         PUBLIC        ?C?LLDIDATA0
  -------         ENDMOD        ?C?LLDIDATA0

  -------         MODULE        ?C?LLDPDATA0
  C:1414H         PUBLIC        ?C?LLDPDATA0
  -------         ENDMOD        ?C?LLDPDATA0
BL51 BANKED LINKER/LOCATER V6.22                                                      03/28/2019  16:44:23  PAGE 53



  -------         MODULE        ?C?LSTIDATA
  C:1421H         PUBLIC        ?C?LSTIDATA
  -------         ENDMOD        ?C?LSTIDATA

  -------         MODULE        ?C?LSTPDATA
  C:142DH         PUBLIC        ?C?LSTPDATA
  -------         ENDMOD        ?C?LSTPDATA

  -------         MODULE        ?C?LSTKIDATA
  C:1439H         PUBLIC        ?C?LSTKIDATA
  -------         ENDMOD        ?C?LSTKIDATA

  -------         MODULE        ?C?LSTKPDATA
  C:1452H         PUBLIC        ?C?LSTKPDATA
  -------         ENDMOD        ?C?LSTKPDATA

  -------         MODULE        ISDIGIT
  C:4E82H         PUBLIC        _isdigit
  -------         ENDMOD        ISDIGIT

  -------         MODULE        ISSPACE
  C:4E1DH         PUBLIC        _isspace
  -------         ENDMOD        ISSPACE

*** WARNING L16: UNCALLED SEGMENT, IGNORED FOR OVERLAY PROCESS
    SEGMENT: ?PR?_DAY_OF_YEAR?PCF85063BTL

*** WARNING L16: UNCALLED SEGMENT, IGNORED FOR OVERLAY PROCESS
    SEGMENT: ?PR?INITUART1?UART1

*** WARNING L16: UNCALLED SEGMENT, IGNORED FOR OVERLAY PROCESS
    SEGMENT: ?PR?_SENDSTRING?UART1

*** WARNING L16: UNCALLED SEGMENT, IGNORED FOR OVERLAY PROCESS
    SEGMENT: ?PR?_TEN?UART1

*** WARNING L16: UNCALLED SEGMENT, IGNORED FOR OVERLAY PROCESS
    SEGMENT: ?PR?_UNIT?UART1

*** WARNING L16: UNCALLED SEGMENT, IGNORED FOR OVERLAY PROCESS
    SEGMENT: ?PR?_DECTOBCD?UART1

*** WARNING L16: UNCALLED SEGMENT, IGNORED FOR OVERLAY PROCESS
    SEGMENT: ?PR?_ASCII_LETTER?UART1

*** WARNING L16: UNCALLED SEGMENT, IGNORED FOR OVERLAY PROCESS
    SEGMENT: ?PR?_ASCIITOBCD?UART1

*** WARNING L16: UNCALLED SEGMENT, IGNORED FOR OVERLAY PROCESS
    SEGMENT: ?PR?WAIT?BIPOLARMOTOR

*** WARNING L16: UNCALLED SEGMENT, IGNORED FOR OVERLAY PROCESS
    SEGMENT: ?PR?_FINDDET4X4?BIPOLARMOTOR

*** WARNING L16: UNCALLED SEGMENT, IGNORED FOR OVERLAY PROCESS
    SEGMENT: ?PR?NOP?IOEXPANDER_PI4IOE5V96248
BL51 BANKED LINKER/LOCATER V6.22                                                      03/28/2019  16:44:23  PAGE 54



*** WARNING L16: UNCALLED SEGMENT, IGNORED FOR OVERLAY PROCESS
    SEGMENT: ?PR?UC_ACK?IOEXPANDER_PI4IOE5V96248

*** WARNING L16: UNCALLED SEGMENT, IGNORED FOR OVERLAY PROCESS
    SEGMENT: ?PR?UC_NACK?IOEXPANDER_PI4IOE5V96248

*** WARNING L16: UNCALLED SEGMENT, IGNORED FOR OVERLAY PROCESS
    SEGMENT: ?PR?_AT25SF041_READ?AT25SF041

*** WARNING L1: UNRESOLVED EXTERNAL SYMBOL
    SYMBOL:  AUTO_MODE
    MODULE:  .\Obj\main.obj (MAIN)

*** WARNING L1: UNRESOLVED EXTERNAL SYMBOL
    SYMBOL:  SPI_NOR_CLEARENABLE
    MODULE:  .\Obj\main.obj (MAIN)

*** WARNING L2: REFERENCE MADE TO UNRESOLVED EXTERNAL
    SYMBOL:  AUTO_MODE
    MODULE:  .\Obj\main.obj (MAIN)
    ADDRESS: 003BH

*** WARNING L2: REFERENCE MADE TO UNRESOLVED EXTERNAL
    SYMBOL:  SPI_NOR_CLEARENABLE
    MODULE:  .\Obj\main.obj (MAIN)
    ADDRESS: 0041H

*** WARNING L2: REFERENCE MADE TO UNRESOLVED EXTERNAL
    SYMBOL:  AUTO_MODE
    MODULE:  .\Obj\main.obj (MAIN)
    ADDRESS: 01B4H

*** WARNING L2: REFERENCE MADE TO UNRESOLVED EXTERNAL
    SYMBOL:  AUTO_MODE
    MODULE:  .\Obj\main.obj (MAIN)
    ADDRESS: 01C2H

*** WARNING L2: REFERENCE MADE TO UNRESOLVED EXTERNAL
    SYMBOL:  AUTO_MODE
    MODULE:  .\Obj\main.obj (MAIN)
    ADDRESS: 01D4H

*** WARNING L2: REFERENCE MADE TO UNRESOLVED EXTERNAL
    SYMBOL:  AUTO_MODE
    MODULE:  .\Obj\main.obj (MAIN)
    ADDRESS: 0216H

*** WARNING L2: REFERENCE MADE TO UNRESOLVED EXTERNAL
    SYMBOL:  AUTO_MODE
    MODULE:  .\Obj\main.obj (MAIN)
    ADDRESS: 02E9H

*** WARNING L2: REFERENCE MADE TO UNRESOLVED EXTERNAL
    SYMBOL:  SPI_NOR_CLEARENABLE
    MODULE:  .\Obj\main.obj (MAIN)
    ADDRESS: 0A20H
BL51 BANKED LINKER/LOCATER V6.22                                                      03/28/2019  16:44:23  PAGE 55



*** WARNING L2: REFERENCE MADE TO UNRESOLVED EXTERNAL
    SYMBOL:  SPI_NOR_CLEARENABLE
    MODULE:  .\Obj\main.obj (MAIN)
    ADDRESS: 0A89H

*** WARNING L1: UNRESOLVED EXTERNAL SYMBOL
    SYMBOL:  _SENDUART1
    MODULE:  .\Obj\UART1.obj (UART1)

*** WARNING L2: REFERENCE MADE TO UNRESOLVED EXTERNAL
    SYMBOL:  _SENDUART1
    MODULE:  .\Obj\UART1.obj (UART1)
    ADDRESS: 4BD7H

*** WARNING L1: UNRESOLVED EXTERNAL SYMBOL
    SYMBOL:  AUTO_MODE
    MODULE:  .\Obj\KeyPad.obj (KEYPAD)

*** WARNING L1: UNRESOLVED EXTERNAL SYMBOL
    SYMBOL:  SPI_NOR_CLEARENABLE
    MODULE:  .\Obj\KeyPad.obj (KEYPAD)

*** WARNING L2: REFERENCE MADE TO UNRESOLVED EXTERNAL
    SYMBOL:  AUTO_MODE
    MODULE:  .\Obj\KeyPad.obj (KEYPAD)
    ADDRESS: 2F7DH

*** WARNING L2: REFERENCE MADE TO UNRESOLVED EXTERNAL
    SYMBOL:  AUTO_MODE
    MODULE:  .\Obj\KeyPad.obj (KEYPAD)
    ADDRESS: 2F88H

*** WARNING L2: REFERENCE MADE TO UNRESOLVED EXTERNAL
    SYMBOL:  AUTO_MODE
    MODULE:  .\Obj\KeyPad.obj (KEYPAD)
    ADDRESS: 2F8FH

*** WARNING L2: REFERENCE MADE TO UNRESOLVED EXTERNAL
    SYMBOL:  SPI_NOR_CLEARENABLE
    MODULE:  .\Obj\KeyPad.obj (KEYPAD)
    ADDRESS: 3163H

*** WARNING L2: REFERENCE MADE TO UNRESOLVED EXTERNAL
    SYMBOL:  SPI_NOR_CLEARENABLE
    MODULE:  .\Obj\KeyPad.obj (KEYPAD)
    ADDRESS: 3168H

Program Size: data=10.2 xdata=1529 code=20176
LINK/LOCATE RUN COMPLETE.  34 WARNING(S),  0 ERROR(S)
