BL51 BANKED LINKER/LOCATER V6.22                                                        02/25/2019  13:58:44  PAGE 1


BL51 BANKED LINKER/LOCATER V6.22, INVOKED BY:
C:\KEIL_V5\C51\BIN\BL51.EXE .\Obj\main.obj, .\Obj\PCF85063BTL.obj, .\Obj\UART1.obj, .\Obj\LCd_Driver_SPLC780D.obj, .\Obj
>> \KeyPad.obj, .\Obj\BipolarMotor.obj, .\Obj\SunPos.obj, .\Obj\ADC.obj, .\Obj\Calibration.obj, .\Obj\IOExpander_PI4IOE5
>> V96248.obj, .\Obj\AT25SF041.obj, .\Obj\STARTUP.obj TO .\Obj\GPIO_RTC_Test PRINT (.\Lis\GPIO_RTC_Test.m51) RAMSIZE (25
>> 6)


MEMORY MODEL: LARGE WITH FLOATING POINT ARITHMETIC


INPUT MODULES INCLUDED:
  .\Obj\main.obj (MAIN)
  .\Obj\PCF85063BTL.obj (PCF85063BTL)
  .\Obj\UART1.obj (UART1)
  .\Obj\LCd_Driver_SPLC780D.obj (LCD_DRIVER_SPLC780D)
  .\Obj\KeyPad.obj (KEYPAD)
  .\Obj\BipolarMotor.obj (BIPOLARMOTOR)
  .\Obj\SunPos.obj (SUNPOS)
  .\Obj\ADC.obj (ADC)
  .\Obj\Calibration.obj (CALIBRATION)
  .\Obj\IOExpander_PI4IOE5V96248.obj (IOEXPANDER_PI4IOE5V96248)
  .\Obj\AT25SF041.obj (AT25SF041)
  .\Obj\STARTUP.obj (?C_STARTUP)
  C:\KEIL_V5\C51\LIB\C51FPL.LIB (?C?FPADD)
  C:\KEIL_V5\C51\LIB\C51FPL.LIB (?C?FPMUL)
  C:\KEIL_V5\C51\LIB\C51FPL.LIB (?C?FPDIV)
  C:\KEIL_V5\C51\LIB\C51FPL.LIB (?C?FPCMP)
  C:\KEIL_V5\C51\LIB\C51FPL.LIB (?C?FPNEG)
  C:\KEIL_V5\C51\LIB\C51FPL.LIB (?C?FCAST)
  C:\KEIL_V5\C51\LIB\C51FPL.LIB (?C?CASTF)
  C:\KEIL_V5\C51\LIB\C51FPL.LIB (ATAN2)
  C:\KEIL_V5\C51\LIB\C51FPL.LIB (SIN)
  C:\KEIL_V5\C51\LIB\C51FPL.LIB (ACOS)
  C:\KEIL_V5\C51\LIB\C51FPL.LIB (ASIN)
  C:\KEIL_V5\C51\LIB\C51FPL.LIB (?C?FPGETOPN)
  C:\KEIL_V5\C51\LIB\C51FPL.LIB (?C?FPSERIES)
  C:\KEIL_V5\C51\LIB\C51FPL.LIB (SQRT)
  C:\KEIL_V5\C51\LIB\C51FPL.LIB (ATAN)
  C:\KEIL_V5\C51\LIB\C51L.LIB (?C_INIT)
  C:\KEIL_V5\C51\LIB\C51L.LIB (?C?COPY)
  C:\KEIL_V5\C51\LIB\C51L.LIB (?C?CLDPTR)
  C:\KEIL_V5\C51\LIB\C51L.LIB (?C?CLDOPTR)
  C:\KEIL_V5\C51\LIB\C51L.LIB (?C?CSTPTR)
  C:\KEIL_V5\C51\LIB\C51L.LIB (?C?IMUL)
  C:\KEIL_V5\C51\LIB\C51L.LIB (?C?UIDIV)
  C:\KEIL_V5\C51\LIB\C51L.LIB (?C?SIDIV)
  C:\KEIL_V5\C51\LIB\C51L.LIB (?C?ILDIX)
  C:\KEIL_V5\C51\LIB\C51L.LIB (?C?ILDOPTR)
  C:\KEIL_V5\C51\LIB\C51L.LIB (?C?ISTPTR)
  C:\KEIL_V5\C51\LIB\C51L.LIB (?C?LMUL)
  C:\KEIL_V5\C51\LIB\C51L.LIB (?C?SLDIV)
  C:\KEIL_V5\C51\LIB\C51L.LIB (?C?LNEG)
  C:\KEIL_V5\C51\LIB\C51L.LIB (?C?ULCMP)
  C:\KEIL_V5\C51\LIB\C51L.LIB (?C?LSHL)
  C:\KEIL_V5\C51\LIB\C51L.LIB (?C?LLDPTR)
  C:\KEIL_V5\C51\LIB\C51L.LIB (?C?LLDOPTR)
  C:\KEIL_V5\C51\LIB\C51L.LIB (?C?LSTPTR)
  C:\KEIL_V5\C51\LIB\C51L.LIB (?C?LSTOPTR)
BL51 BANKED LINKER/LOCATER V6.22                                                      02/25/2019  13:58:44  PAGE 2


  C:\KEIL_V5\C51\LIB\C51L.LIB (?C?LLDXDATA)
  C:\KEIL_V5\C51\LIB\C51L.LIB (?C?LLDCODE)
  C:\KEIL_V5\C51\LIB\C51L.LIB (?C?LLDXDATA0)
  C:\KEIL_V5\C51\LIB\C51L.LIB (?C?LLDCODE0)
  C:\KEIL_V5\C51\LIB\C51L.LIB (?C?LLDPTR0)
  C:\KEIL_V5\C51\LIB\C51L.LIB (?C?LSTXDATA)
  C:\KEIL_V5\C51\LIB\C51L.LIB (?C?LSTKXDATA)
  C:\KEIL_V5\C51\LIB\C51L.LIB (?C?LSTKPTR)
  C:\KEIL_V5\C51\LIB\C51L.LIB (?C?OFFXADD)
  C:\KEIL_V5\C51\LIB\C51L.LIB (ABS)
  C:\KEIL_V5\C51\LIB\C51L.LIB (ATOI)
  C:\KEIL_V5\C51\LIB\C51L.LIB (?C?IILDX)
  C:\KEIL_V5\C51\LIB\C51L.LIB (?C?ULDIV)
  C:\KEIL_V5\C51\LIB\C51L.LIB (?C?LLDIDATA)
  C:\KEIL_V5\C51\LIB\C51L.LIB (?C?LLDPDATA)
  C:\KEIL_V5\C51\LIB\C51L.LIB (?C?LLDIDATA0)
  C:\KEIL_V5\C51\LIB\C51L.LIB (?C?LLDPDATA0)
  C:\KEIL_V5\C51\LIB\C51L.LIB (?C?LSTIDATA)
  C:\KEIL_V5\C51\LIB\C51L.LIB (?C?LSTPDATA)
  C:\KEIL_V5\C51\LIB\C51L.LIB (?C?LSTKIDATA)
  C:\KEIL_V5\C51\LIB\C51L.LIB (?C?LSTKPDATA)
  C:\KEIL_V5\C51\LIB\C51L.LIB (ISDIGIT)
  C:\KEIL_V5\C51\LIB\C51L.LIB (ISSPACE)


LINK MAP OF MODULE:  .\Obj\GPIO_RTC_Test (MAIN)


            TYPE    BASE      LENGTH    RELOCATION   SEGMENT NAME
            -----------------------------------------------------

            * * * * * * *   D A T A   M E M O R Y   * * * * * * *
            REG     0000H     0008H     ABSOLUTE     "REG BANK 0"
                    0008H     0018H                  *** GAP ***
            BIT     0020H.0   0000H.5   UNIT         ?BI?KEYPAD
            BIT     0020H.5   0000H.3   UNIT         _BIT_GROUP_
            BIT     0021H.0   0000H.1   UNIT         ?BI?MAIN
            BIT     0021H.1   0000H.1   UNIT         ?BI?_ATOI?ATOI
                    0021H.2   0000H.6                *** GAP ***
            IDATA   0022H     0001H     UNIT         ?STACK

            * * * * * * *  X D A T A   M E M O R Y  * * * * * * *
            XDATA   0000H     038FH     UNIT         ?XD?BIPOLARMOTOR
            XDATA   038FH     0144H     UNIT         _XDATA_GROUP_
            XDATA   04D3H     00D8H     UNIT         ?XD?MAIN
            XDATA   05ABH     0040H     UNIT         ?XD?_FINDDET4X4?BIPOLARMOTOR
            XDATA   05EBH     0024H     UNIT         ?XD?_FINDDET3X3?BIPOLARMOTOR
            XDATA   060FH     0009H     UNIT         ?XD?KEYPAD
            XDATA   0618H     0008H     UNIT         ?XD?_AT25SF041_READ?AT25SF041
            XDATA   0620H     0005H     UNIT         ?XD?_ATOI?ATOI
            XDATA   0625H     0004H     UNIT         ?XD?_DISPLAY_PROX?MAIN
            XDATA   0629H     0003H     UNIT         ?XD?_SENDSTRING?UART1
            XDATA   062CH     0001H     UNIT         ?XD?UC_ACK?IOEXPANDER_PI4IOE5V96248
            XDATA   062DH     0001H     UNIT         ?XD?UC_NACK?IOEXPANDER_PI4IOE5V96248

            * * * * * * *   C O D E   M E M O R Y   * * * * * * *
            CODE    0000H     0003H     ABSOLUTE     
BL51 BANKED LINKER/LOCATER V6.22                                                      02/25/2019  13:58:44  PAGE 3


            CODE    0003H     0006H     UNIT         ?PR?_TEN?UART1
            CODE    0009H     0001H     UNIT         ?PR?TM0_ISR?MAIN
            CODE    000AH     0001H     UNIT         ?PR?_DECTOBCD?UART1
            CODE    000BH     0003H     ABSOLUTE     
            CODE    000EH     0B00H     UNIT         ?PR?_UPDATE_POSITION?BIPOLARMOTOR
            CODE    0B0EH     0A51H     UNIT         ?PR?MAIN?MAIN
            CODE    155FH     09B6H     UNIT         ?C?LIB_CODE
            CODE    1F15H     07A2H     UNIT         ?PR?SUNPOS?SUNPOS
            CODE    26B7H     03F9H     UNIT         ?C_INITSEG
            CODE    2AB0H     0309H     UNIT         ?PR?_FIND_REAL_MAX?CALIBRATION
            CODE    2DB9H     02C0H     UNIT         ?PR?_FINDDET4X4?BIPOLARMOTOR
            CODE    3079H     02A0H     UNIT         ?PR?KEY_PROCESS?KEYPAD
            CODE    3319H     01D1H     UNIT         ?PR?_FINDDET3X3?BIPOLARMOTOR
            CODE    34EAH     018DH     UNIT         ?PR?KEY_SCAN?KEYPAD
            CODE    3677H     0188H     UNIT         ?PR?SIN?SIN
            CODE    37FFH     0172H     UNIT         ?PR?_DISPLAY_POS?MAIN
            CODE    3971H     015BH     UNIT         ?PR?_CALIBRATION?CALIBRATION
            CODE    3ACCH     0122H     UNIT         ?PR?ATAN?ATAN
            CODE    3BEEH     0106H     UNIT         ?PR?_AT25SF041_READ?AT25SF041
            CODE    3CF4H     00F4H     UNIT         ?PR?_AT25SF041_WRITE?AT25SF041
            CODE    3DE8H     00DBH     UNIT         ?PR?_ATOI?ATOI
            CODE    3EC3H     00C3H     UNIT         ?PR?LINEAR_INTERPOLATE?BIPOLARMOTOR
            CODE    3F86H     00BBH     UNIT         ?PR?VOLTAGE_IS_STABLE?CALIBRATION
            CODE    4041H     00ADH     UNIT         ?PR?_WRITE_PI4IOE5V96248?IOEXPANDER_PI4IOE5V96248
            CODE    40EEH     00ACH     UNIT         ?PR?SQRT?SQRT
            CODE    419AH     00A1H     UNIT         ?PR?READ_STATUS_REGISTER_BYTE1?AT25SF041
            CODE    423BH     009DH     UNIT         ?PR?_ATAN2?ATAN2
            CODE    42D8H     009CH     UNIT         ?PR?_MAX_VALUE?CALIBRATION
            CODE    4374H     0095H     UNIT         ?PR?_DISPLAY_PROX?MAIN
            CODE    4409H     008CH     UNIT         ?C_C51STARTUP
            CODE    4495H     0084H     UNIT         ?PR?_DAY_OF_YEAR?PCF85063BTL
            CODE    4519H     0075H     UNIT         ?PR?_WRITEDATA?LCD_DRIVER_SPLC780D
            CODE    458EH     006FH     UNIT         ?PR?_READ_TIME?PCF85063BTL
            CODE    45FDH     005AH     UNIT         ?PR?AT25SF041_CHIPERASE?AT25SF041
            CODE    4657H     0059H     UNIT         ?PR?LCD_INIT?LCD_DRIVER_SPLC780D
            CODE    46B0H     004AH     UNIT         ?PR?VONESTEPMOVE?BIPOLARMOTOR
            CODE    46FAH     004AH     UNIT         ?PR?ACOS?ACOS
            CODE    4744H     0049H     UNIT         ?PR?AT25SF041_WRITEENABLE?AT25SF041
            CODE    478DH     0044H     UNIT         ?C?LDIV
            CODE    47D1H     0040H     UNIT         ?PR?_COMMAND?LCD_DRIVER_SPLC780D
            CODE    4811H     0040H     UNIT         ?PR?_STEP_MOVE?BIPOLARMOTOR
            CODE    4851H     003BH     UNIT         ?PR?ASIN?ASIN
            CODE    488CH     0033H     UNIT         ?PR?_SENDSTRING?UART1
            CODE    48BFH     002CH     UNIT         ?PR?_ADC_GETRESULT?ADC
            CODE    48EBH     002BH     UNIT         ?PR?_WAIT_MS_I2C?IOEXPANDER_PI4IOE5V96248
            CODE    4916H     002BH     UNIT         ?PR?_WAIT_MS_SPINOR?AT25SF041
            CODE    4941H     0028H     UNIT         ?PR?_MOVE?BIPOLARMOTOR
            CODE    4969H     0027H     UNIT         ?PR?_I2C_SENDBYTE?IOEXPANDER_PI4IOE5V96248
            CODE    4990H     0024H     UNIT         ?PR?_WAIT_MS?LCD_DRIVER_SPLC780D
            CODE    49B4H     0020H     UNIT         ?PR?_SPI_SENDBYTE?PCF85063BTL
            CODE    49D4H     0020H     UNIT         ?PR?SPI_RECEIVEBYTE?PCF85063BTL
            CODE    49F4H     001FH     UNIT         ?PR?ADC_INIT?ADC
            CODE    4A13H     001EH     UNIT         ?PR?_DELAY_MS?KEYPAD
            CODE    4A31H     001DH     UNIT         ?PR?_DISPLAYLCD?LCD_DRIVER_SPLC780D
            CODE    4A4EH     001BH     UNIT         ?PR?_BCDTODEC1?BIPOLARMOTOR
            CODE    4A69H     0018H     UNIT         ?PR?_SPI_WRITETIME?PCF85063BTL
            CODE    4A81H     0017H     UNIT         ?PR?_ASCIITOBCD?UART1
BL51 BANKED LINKER/LOCATER V6.22                                                      02/25/2019  13:58:44  PAGE 4


            CODE    4A98H     0016H     UNIT         ?PR?I2C_ACK?IOEXPANDER_PI4IOE5V96248
            CODE    4AAEH     0015H     UNIT         ?PR?_DISPLAY_LINE?LCD_DRIVER_SPLC780D
            CODE    4AC3H     0015H     UNIT         ?PR?I2C_STOP?IOEXPANDER_PI4IOE5V96248
            CODE    4AD8H     0014H     UNIT         ?PR?_PCF85063BTL_DELAY?PCF85063BTL
            CODE    4AECH     0014H     UNIT         ?PR?_ISSPACE?ISSPACE
            CODE    4B00H     0011H     UNIT         ?PR?_SPI_READTIME?PCF85063BTL
            CODE    4B11H     0011H     UNIT         ?PR?_BCDTODEC?PCF85063BTL
            CODE    4B22H     0011H     UNIT         ?PR?INITUART1?UART1
            CODE    4B33H     000FH     UNIT         ?PR?I2C_START?IOEXPANDER_PI4IOE5V96248
            CODE    4B42H     000FH     UNIT         ?PR?UC_NACK?IOEXPANDER_PI4IOE5V96248
            CODE    4B51H     000FH     UNIT         ?PR?_ISDIGIT?ISDIGIT
            CODE    4B60H     000DH     UNIT         ?PR?SPI_INIT?PCF85063BTL
            CODE    4B6DH     000CH     UNIT         ?PR?KEYPAD_IO_INIT?KEYPAD
            CODE    4B79H     000CH     UNIT         ?PR?_ABS?ABS
            CODE    4B85H     000AH     UNIT         ?PR?LCD_RETURN_HOME?LCD_DRIVER_SPLC780D
            CODE    4B8FH     000AH     UNIT         ?PR?LCD_CLEAR?LCD_DRIVER_SPLC780D
            CODE    4B99H     0006H     UNIT         ?PR?UC_ACK?IOEXPANDER_PI4IOE5V96248
            CODE    4B9FH     0005H     UNIT         ?PR?_UNIT?UART1
            CODE    4BA4H     0005H     UNIT         ?PR?_ASCII_LETTER?UART1
            CODE    4BA9H     0001H     UNIT         ?PR?WAIT?BIPOLARMOTOR
            CODE    4BAAH     0001H     UNIT         ?PR?NOP?IOEXPANDER_PI4IOE5V96248



OVERLAY MAP OF MODULE:   .\Obj\GPIO_RTC_Test (MAIN)


SEGMENT                                             BIT_GROUP          XDATA_GROUP
  +--> CALLED SEGMENT                            START    LENGTH     START    LENGTH
------------------------------------------------------------------------------------
?C_C51STARTUP                                    -----    -----      -----    -----
  +--> ?PR?MAIN?MAIN
  +--> ?C_INITSEG

?PR?MAIN?MAIN                                    -----    -----      038FH    0021H
  +--> ?PR?AT25SF041_WRITEENABLE?AT25SF041
  +--> ?PR?AT25SF041_CHIPERASE?AT25SF041
  +--> ?PR?_WAIT_MS_SPINOR?AT25SF041
  +--> ?PR?LCD_INIT?LCD_DRIVER_SPLC780D
  +--> ?PR?SPI_INIT?PCF85063BTL
  +--> ?PR?KEYPAD_IO_INIT?KEYPAD
  +--> ?PR?ADC_INIT?ADC
  +--> ?PR?_SPI_WRITETIME?PCF85063BTL
  +--> ?PR?_DELAY_MS?KEYPAD
  +--> ?PR?_DISPLAY_LINE?LCD_DRIVER_SPLC780D
  +--> ?PR?_WRITEDATA?LCD_DRIVER_SPLC780D
  +--> ?PR?_AT25SF041_WRITE?AT25SF041
  +--> ?PR?KEY_PROCESS?KEYPAD
  +--> ?PR?_COMMAND?LCD_DRIVER_SPLC780D
  +--> ?PR?_DISPLAY_POS?MAIN
  +--> ?PR?_DISPLAYLCD?LCD_DRIVER_SPLC780D
  +--> ?PR?_STEP_MOVE?BIPOLARMOTOR
  +--> ?PR?LCD_RETURN_HOME?LCD_DRIVER_SPLC780D
  +--> ?PR?_READ_TIME?PCF85063BTL
  +--> ?PR?_ADC_GETRESULT?ADC
  +--> ?PR?_BCDTODEC1?BIPOLARMOTOR
  +--> ?PR?_CALIBRATION?CALIBRATION
BL51 BANKED LINKER/LOCATER V6.22                                                      02/25/2019  13:58:44  PAGE 5


  +--> ?PR?LINEAR_INTERPOLATE?BIPOLARMOTOR
  +--> ?PR?_UPDATE_POSITION?BIPOLARMOTOR

?PR?AT25SF041_WRITEENABLE?AT25SF041              -----    -----      03B0H    0002H
  +--> ?PR?_WAIT_MS_SPINOR?AT25SF041

?PR?AT25SF041_CHIPERASE?AT25SF041                -----    -----      03B0H    0002H
  +--> ?PR?_WAIT_MS_SPINOR?AT25SF041
  +--> ?PR?READ_STATUS_REGISTER_BYTE1?AT25SF041

?PR?READ_STATUS_REGISTER_BYTE1?AT25SF041         -----    -----      03B2H    0003H
  +--> ?PR?_WAIT_MS_SPINOR?AT25SF041

?PR?LCD_INIT?LCD_DRIVER_SPLC780D                 -----    -----      -----    -----
  +--> ?PR?_WAIT_MS?LCD_DRIVER_SPLC780D
  +--> ?PR?_COMMAND?LCD_DRIVER_SPLC780D

?PR?_COMMAND?LCD_DRIVER_SPLC780D                 -----    -----      -----    -----
  +--> ?PR?_WAIT_MS?LCD_DRIVER_SPLC780D

?PR?ADC_INIT?ADC                                 -----    -----      -----    -----
  +--> ?PR?_WAIT_MS?LCD_DRIVER_SPLC780D

?PR?_SPI_WRITETIME?PCF85063BTL                   -----    -----      -----    -----
  +--> ?PR?_SPI_SENDBYTE?PCF85063BTL

?PR?_SPI_SENDBYTE?PCF85063BTL                    -----    -----      -----    -----
  +--> ?PR?_PCF85063BTL_DELAY?PCF85063BTL

?PR?_DISPLAY_LINE?LCD_DRIVER_SPLC780D            -----    -----      -----    -----
  +--> ?PR?_COMMAND?LCD_DRIVER_SPLC780D

?PR?_WRITEDATA?LCD_DRIVER_SPLC780D               -----    -----      045FH    0001H
  +--> ?PR?_WAIT_MS?LCD_DRIVER_SPLC780D

?PR?_AT25SF041_WRITE?AT25SF041                   -----    -----      03B0H    0008H
  +--> ?PR?_WAIT_MS_SPINOR?AT25SF041

?PR?KEY_PROCESS?KEYPAD                           -----    -----      03B0H    0006H
  +--> ?PR?KEY_SCAN?KEYPAD
  +--> ?PR?_SPI_WRITETIME?PCF85063BTL
  +--> ?PR?LCD_CLEAR?LCD_DRIVER_SPLC780D
  +--> ?PR?_COMMAND?LCD_DRIVER_SPLC780D
  +--> ?PR?_WRITEDATA?LCD_DRIVER_SPLC780D

?PR?KEY_SCAN?KEYPAD                              -----    -----      03B6H    0003H

?PR?LCD_CLEAR?LCD_DRIVER_SPLC780D                -----    -----      -----    -----
  +--> ?PR?_COMMAND?LCD_DRIVER_SPLC780D

?PR?_DISPLAY_POS?MAIN                            -----    -----      0455H    000AH
  +--> ?PR?_ABS?ABS
  +--> ?PR?_WRITEDATA?LCD_DRIVER_SPLC780D

?PR?_DISPLAYLCD?LCD_DRIVER_SPLC780D              -----    -----      03B0H    0001H
  +--> ?PR?_WRITEDATA?LCD_DRIVER_SPLC780D

BL51 BANKED LINKER/LOCATER V6.22                                                      02/25/2019  13:58:44  PAGE 6


?PR?_STEP_MOVE?BIPOLARMOTOR                      0020H.6  0000H.1    046EH    0004H
  +--> ?PR?VONESTEPMOVE?BIPOLARMOTOR

?PR?VONESTEPMOVE?BIPOLARMOTOR                    0020H.7  0000H.1    -----    -----
  +--> ?PR?_WRITE_PI4IOE5V96248?IOEXPANDER_P...
  +--> ?PR?_DELAY_MS?KEYPAD

?PR?_WRITE_PI4IOE5V96248?IOEXPANDER_P...         -----    -----      0472H    0003H
  +--> ?PR?I2C_START?IOEXPANDER_PI4IOE5V96248
  +--> ?PR?_WAIT_MS_I2C?IOEXPANDER_PI4IOE5V9...
  +--> ?PR?_I2C_SENDBYTE?IOEXPANDER_PI4IOE5V...
  +--> ?PR?I2C_ACK?IOEXPANDER_PI4IOE5V96248
  +--> ?PR?I2C_STOP?IOEXPANDER_PI4IOE5V96248

?PR?I2C_START?IOEXPANDER_PI4IOE5V96248           -----    -----      -----    -----
  +--> ?PR?_WAIT_MS_I2C?IOEXPANDER_PI4IOE5V9...

?PR?_I2C_SENDBYTE?IOEXPANDER_PI4IOE5V...         -----    -----      -----    -----
  +--> ?PR?_WAIT_MS_I2C?IOEXPANDER_PI4IOE5V9...

?PR?I2C_ACK?IOEXPANDER_PI4IOE5V96248             -----    -----      0475H    0001H
  +--> ?PR?_WAIT_MS_I2C?IOEXPANDER_PI4IOE5V9...

?PR?I2C_STOP?IOEXPANDER_PI4IOE5V96248            -----    -----      -----    -----
  +--> ?PR?_WAIT_MS_I2C?IOEXPANDER_PI4IOE5V9...

?PR?LCD_RETURN_HOME?LCD_DRIVER_SPLC780D          -----    -----      -----    -----
  +--> ?PR?_COMMAND?LCD_DRIVER_SPLC780D

?PR?_READ_TIME?PCF85063BTL                       -----    -----      03B0H    000FH
  +--> ?PR?_SPI_READTIME?PCF85063BTL

?PR?_SPI_READTIME?PCF85063BTL                    -----    -----      -----    -----
  +--> ?PR?_SPI_SENDBYTE?PCF85063BTL
  +--> ?PR?SPI_RECEIVEBYTE?PCF85063BTL

?PR?SPI_RECEIVEBYTE?PCF85063BTL                  -----    -----      -----    -----
  +--> ?PR?_PCF85063BTL_DELAY?PCF85063BTL

?PR?_CALIBRATION?CALIBRATION                     -----    -----      03B0H    001BH
  +--> ?PR?VOLTAGE_IS_STABLE?CALIBRATION
  +--> ?PR?_UPDATE_POSITION?BIPOLARMOTOR
  +--> ?PR?_FIND_REAL_MAX?CALIBRATION

?PR?VOLTAGE_IS_STABLE?CALIBRATION                -----    -----      03CBH    0018H
  +--> ?PR?_ADC_GETRESULT?ADC
  +--> ?PR?_ABS?ABS

?PR?_UPDATE_POSITION?BIPOLARMOTOR                -----    -----      03CBH    009FH
  +--> ?PR?_BCDTODEC1?BIPOLARMOTOR
  +--> ?PR?SUNPOS?SUNPOS
  +--> ?PR?SIN?SIN
  +--> ?PR?ASIN?ASIN
  +--> ?PR?LINEAR_INTERPOLATE?BIPOLARMOTOR
  +--> ?PR?_ABS?ABS
  +--> ?PR?_MOVE?BIPOLARMOTOR

BL51 BANKED LINKER/LOCATER V6.22                                                      02/25/2019  13:58:44  PAGE 7


?PR?SUNPOS?SUNPOS                                -----    -----      046AH    005DH
  +--> ?PR?SIN?SIN
  +--> ?PR?_ATAN2?ATAN2
  +--> ?PR?ASIN?ASIN
  +--> ?PR?ACOS?ACOS

?PR?SIN?SIN                                      0020H.5  0000H.1    04C7H    0004H

?PR?_ATAN2?ATAN2                                 -----    -----      04C7H    0008H
  +--> ?PR?ATAN?ATAN

?PR?ATAN?ATAN                                    0020H.5  0000H.2    04CFH    0004H

?PR?ASIN?ASIN                                    -----    -----      -----    -----
  +--> ?PR?SQRT?SQRT
  +--> ?PR?ATAN?ATAN

?PR?SQRT?SQRT                                    -----    -----      04C7H    0004H

?PR?ACOS?ACOS                                    -----    -----      -----    -----
  +--> ?PR?SQRT?SQRT
  +--> ?PR?ATAN?ATAN

?PR?LINEAR_INTERPOLATE?BIPOLARMOTOR              -----    -----      046AH    0014H

?PR?_MOVE?BIPOLARMOTOR                           0020H.5  0000H.1    046AH    0004H
  +--> ?PR?_STEP_MOVE?BIPOLARMOTOR

?PR?_FIND_REAL_MAX?CALIBRATION                   -----    -----      03CBH    008AH
  +--> ?PR?_ADC_GETRESULT?ADC
  +--> ?PR?_MOVE?BIPOLARMOTOR
  +--> ?PR?_COMMAND?LCD_DRIVER_SPLC780D
  +--> ?PR?_WRITEDATA?LCD_DRIVER_SPLC780D
  +--> ?PR?_DISPLAY_POS?MAIN
  +--> ?PR?_WAIT_MS?LCD_DRIVER_SPLC780D
  +--> ?PR?_MAX_VALUE?CALIBRATION

?PR?_MAX_VALUE?CALIBRATION                       -----    -----      0455H    0004H



UNRESOLVED EXTERNAL SYMBOLS:
   AUTO_MODE
   _SENDUART1



SYMBOL TABLE OF MODULE:  .\Obj\GPIO_RTC_Test (MAIN)

  VALUE           TYPE          NAME
  ----------------------------------

  -------         MODULE        MAIN
  C:0000H         SYMBOL        _ICE_DUMMY_
  X:04DBH         PUBLIC        calib_value
  D:0080H         PUBLIC        P0
  D:00B2H         PUBLIC        P3M0
BL51 BANKED LINKER/LOCATER V6.22                                                      02/25/2019  13:58:44  PAGE 8


  D:0090H         PUBLIC        P1
  D:00B1H         PUBLIC        P3M1
  D:00A0H         PUBLIC        P2
  D:00B0H         PUBLIC        P3
  D:00C0H         PUBLIC        P4
  D:00C8H         PUBLIC        P5
  X:052FH         SYMBOL        PressedKey
  B:00A8H.7       PUBLIC        EA
  D:00E8H         PUBLIC        P6
  X:0533H         PUBLIC        calib_stamp
  D:00F8H         PUBLIC        P7
  X:0534H         PUBLIC        RX_Data_Uart_Cnt
  D:00A8H         PUBLIC        IE
  X:0536H         PUBLIC        calib_time
  D:00B8H         PUBLIC        IP
  X:058AH         PUBLIC        months
  D:00D8H         PUBLIC        CCON
  C:0B0EH         PUBLIC        main
  X:058BH         PUBLIC        count
  X:058DH         PUBLIC        days
  X:058EH         PUBLIC        hours
  D:0098H         PUBLIC        SCON
  D:0089H         PUBLIC        TMOD
  D:0088H         PUBLIC        TCON
  B:00A0H.3       PUBLIC        P23
  X:058FH         SYMBOL        KeyCount
  X:0591H         PUBLIC        mins
  X:0592H         PUBLIC        Rec_data_hour
  B:00C8H.5       PUBLIC        P55
  X:0595H         PUBLIC        Rec_data_min
  D:008EH         PUBLIC        AUXR
  C:0009H         PUBLIC        tm0_isr
  B:0021H.0       PUBLIC        busy
  B:00A8H.1       PUBLIC        ET0
  X:0598H         PUBLIC        SPI_NOR_INTERNAL_FLASH_ADDR
  D:008CH         PUBLIC        TH0
  X:059CH         PUBLIC        hour_count
  D:008AH         PUBLIC        TL0
  X:059DH         PUBLIC        min_count
  B:0088H.4       PUBLIC        TR0
  X:059EH         SYMBOL        KeyNum
  X:059FH         SYMBOL        KeyNum_Old
  X:05A0H         PUBLIC        current_position
  X:05A4H         PUBLIC        hours1
  X:05A5H         PUBLIC        hours2
  C:4374H         PUBLIC        _Display_Prox
  X:05A6H         PUBLIC        mins1
  X:05A7H         PUBLIC        mins2
  C:37FFH         PUBLIC        _Display_Pos
  X:05A8H         PUBLIC        seconds
  X:05A9H         PUBLIC        st_time
  D:00D0H         PUBLIC        PSW
  -------         PROC          TM0_ISR
  C:0009H         LINE#         86
  C:0009H         LINE#         88
  -------         ENDPROC       TM0_ISR
  -------         PROC          MAIN
BL51 BANKED LINKER/LOCATER V6.22                                                      02/25/2019  13:58:44  PAGE 9


  -------         DO            
  X:038FH         SYMBOL        sunlight_ADC
  X:04D3H         SYMBOL        KeyCount
  X:04D5H         SYMBOL        KeyNum_Old
  X:04D6H         SYMBOL        KeyNum
  X:04D7H         SYMBOL        PressedKey
  X:0391H         SYMBOL        prox_flag
  X:0392H         SYMBOL        iUse_prevday_calib_value
  X:0394H         SYMBOL        max_ADC_Val_JP
  X:0396H         SYMBOL        max_ADC_Val
  X:0398H         SYMBOL        calib_point1
  X:03A0H         SYMBOL        calib_point2
  X:03A8H         SYMBOL        calib_day
  X:03AAH         SYMBOL        calib_count
  X:03ACH         SYMBOL        theorical_JP_max_pos
  -------         ENDDO         
  C:0B0EH         LINE#         90
  C:0B0EH         LINE#         91
  C:0B0EH         LINE#         96
  C:0B14H         LINE#         97
  C:0B19H         LINE#         99
  C:0B21H         LINE#         103
  C:0B27H         LINE#         104
  C:0B31H         LINE#         108
  C:0B33H         LINE#         109
  C:0B35H         LINE#         110
  C:0B37H         LINE#         111
  C:0B39H         LINE#         113
  C:0B40H         LINE#         122
  C:0B40H         LINE#         123
  C:0B43H         LINE#         125
  C:0B46H         LINE#         126
  C:0B4DH         LINE#         127
  C:0B4DH         LINE#         128
  C:0B50H         LINE#         129
  C:0B53H         LINE#         130
  C:0B56H         LINE#         131
  C:0B59H         LINE#         132
  C:0B5CH         LINE#         133
  C:0B5FH         LINE#         136
  C:0B62H         LINE#         138
  C:0B65H         LINE#         139
  C:0B68H         LINE#         140
  C:0B6BH         LINE#         141
  C:0B6DH         LINE#         142
  C:0B6FH         LINE#         143
  C:0B71H         LINE#         145
  C:0B73H         LINE#         146
  C:0B7AH         LINE#         147
  C:0B81H         LINE#         148
  C:0B88H         LINE#         149
  C:0B8FH         LINE#         153
  C:0B96H         LINE#         154
  C:0B9BH         LINE#         155
  C:0BA0H         LINE#         156
  C:0BA5H         LINE#         157
  C:0BAAH         LINE#         158
BL51 BANKED LINKER/LOCATER V6.22                                                      02/25/2019  13:58:44  PAGE 10


  C:0BAFH         LINE#         161
  C:0BC8H         LINE#         162
  C:0BC8H         LINE#         163
  C:0BE4H         LINE#         164
  C:0C2BH         LINE#         165
  C:0C3CH         LINE#         168
  C:0C3FH         LINE#         170
  C:0C54H         LINE#         172
  C:0C5BH         LINE#         173
  C:0C5EH         LINE#         175
  C:0C73H         LINE#         176
  C:0C7AH         LINE#         179
  C:0C7DH         LINE#         181
  C:0C92H         LINE#         182
  C:0C99H         LINE#         184
  C:0C9CH         LINE#         186
  C:0CB1H         LINE#         187
  C:0CB8H         LINE#         189
  C:0CBBH         LINE#         191
  C:0CD0H         LINE#         192
  C:0CD7H         LINE#         194
  C:0CDAH         LINE#         196
  C:0CEFH         LINE#         197
  C:0CF6H         LINE#         199
  C:0CF9H         LINE#         201
  C:0D0EH         LINE#         202
  C:0D15H         LINE#         204
  C:0D18H         LINE#         206
  C:0D2DH         LINE#         207
  C:0D34H         LINE#         209
  C:0D37H         LINE#         211
  C:0D4CH         LINE#         212
  C:0D53H         LINE#         214
  C:0D56H         LINE#         216
  C:0D6BH         LINE#         217
  C:0D72H         LINE#         219
  C:0D75H         LINE#         221
  C:0D8AH         LINE#         222
  C:0D91H         LINE#         226
  C:0D91H         LINE#         227
  C:0D91H         LINE#         228
  C:0D94H         LINE#         231
  C:0D94H         LINE#         234
  C:0D99H         LINE#         235
  C:0D9EH         LINE#         237
  C:0DA3H         LINE#         238
  C:0DA8H         LINE#         239
  C:0DADH         LINE#         240
  C:0DB2H         LINE#         242
  C:0DC3H         LINE#         243
  C:0DC8H         LINE#         244
  C:0DCDH         LINE#         246
  C:0DD4H         LINE#         247
  C:0DDCH         LINE#         248
  C:0DE1H         LINE#         249
  C:0DE9H         LINE#         250
  C:0DEEH         LINE#         251
BL51 BANKED LINKER/LOCATER V6.22                                                      02/25/2019  13:58:44  PAGE 11


  C:0DF8H         LINE#         252
  C:0DFDH         LINE#         253
  C:0E05H         LINE#         255
  C:0E0DH         LINE#         256
  C:0E12H         LINE#         257
  C:0E1CH         LINE#         258
  C:0E1CH         LINE#         259
  C:0E1EH         LINE#         260
  C:0E20H         LINE#         261
  C:0E2AH         LINE#         262
  C:0E2AH         LINE#         263
  C:0E2FH         LINE#         264
  C:0E2FH         LINE#         276
  C:0E3CH         LINE#         277
  C:0E3CH         LINE#         278
  C:0E46H         LINE#         279
  C:0E5DH         LINE#         280
  C:0E5DH         LINE#         281
  C:0E5FH         LINE#         282
  C:0E61H         LINE#         284
  C:0E61H         LINE#         285
  C:0E6CH         LINE#         286
  C:0E6CH         LINE#         287
  C:0E71H         LINE#         288
  C:0E71H         LINE#         289
  C:0E7EH         LINE#         290
  C:0E7EH         LINE#         293
  C:0E88H         LINE#         294
  C:0E9FH         LINE#         295
  C:0E9FH         LINE#         296
  C:0EA1H         LINE#         297
  C:0EA3H         LINE#         299
  C:0EA3H         LINE#         300
  C:0EAEH         LINE#         301
  C:0EAEH         LINE#         302
  C:0EB3H         LINE#         303
  C:0EB5H         LINE#         304
  C:0EB5H         LINE#         313
  C:0ED7H         LINE#         314
  C:0ED7H         LINE#         315
  C:0EE1H         LINE#         316
  C:0EE7H         LINE#         317
  C:0EE9H         LINE#         318
  C:0EEBH         LINE#         319
  C:0EEDH         LINE#         320
  C:0EEDH         LINE#         321
  C:0EF0H         LINE#         323
  C:0EF0H         LINE#         324
  C:0EF6H         LINE#         325
  C:0EFEH         LINE#         326
  C:0F04H         LINE#         327
  C:0F0CH         LINE#         328
  C:0F47H         LINE#         332
  C:0F54H         LINE#         333
  C:0F54H         LINE#         334
  C:0F61H         LINE#         335
  C:0F94H         LINE#         336
BL51 BANKED LINKER/LOCATER V6.22                                                      02/25/2019  13:58:44  PAGE 12


  C:0FA1H         LINE#         337
  C:0FA1H         LINE#         339
  C:0FD0H         LINE#         340
  C:0FD0H         LINE#         341
  C:0FF2H         LINE#         342
  C:0FF2H         LINE#         343
  C:106EH         LINE#         344
  C:10ECH         LINE#         437
  C:10F3H         LINE#         441
  C:10F6H         LINE#         442
  C:1107H         LINE#         443
  C:1107H         LINE#         444
  C:1107H         LINE#         446
  C:1107H         LINE#         449
  C:110AH         LINE#         451
  C:110AH         LINE#         452
  C:112CH         LINE#         453
  C:112CH         LINE#         454
  C:11A8H         LINE#         455
  C:11FDH         LINE#         456
  C:11FDH         LINE#         457
  C:11FDH         LINE#         458
  C:1200H         LINE#         462
  C:1200H         LINE#         465
  C:1234H         LINE#         466
  C:1234H         LINE#         467
  C:1256H         LINE#         468
  C:1256H         LINE#         469
  C:12D2H         LINE#         470
  C:1350H         LINE#         490
  C:1353H         LINE#         491
  C:1364H         LINE#         492
  C:1364H         LINE#         493
  C:136CH         LINE#         495
  C:136CH         LINE#         498
  C:136FH         LINE#         500
  C:136FH         LINE#         502
  C:1391H         LINE#         503
  C:1391H         LINE#         504
  C:140DH         LINE#         506
  C:143AH         LINE#         507
  C:1455H         LINE#         508
  C:1482H         LINE#         509
  C:149DH         LINE#         511
  C:1539H         LINE#         514
  C:1539H         LINE#         515
  C:1539H         LINE#         516
  C:1539H         LINE#         518
  C:1539H         LINE#         521
  C:1555H         LINE#         522
  C:155AH         LINE#         524
  C:155CH         LINE#         525
  -------         ENDPROC       MAIN
  -------         PROC          _DISPLAY_PROX
  D:0002H         SYMBOL        dat
  -------         DO            
  X:0625H         SYMBOL        unit
BL51 BANKED LINKER/LOCATER V6.22                                                      02/25/2019  13:58:44  PAGE 13


  X:0626H         SYMBOL        ten
  X:0627H         SYMBOL        hundred
  X:0628H         SYMBOL        thousand
  -------         ENDDO         
  C:4374H         LINE#         609
  C:4378H         LINE#         610
  C:4378H         LINE#         612
  C:4384H         LINE#         613
  C:4394H         LINE#         614
  C:43B0H         LINE#         615
  C:43E0H         LINE#         616
  C:43EAH         LINE#         617
  C:43F4H         LINE#         618
  C:43FEH         LINE#         619
  C:4408H         LINE#         621
  -------         ENDPROC       _DISPLAY_PROX
  -------         PROC          _DISPLAY_POS
  X:0455H         SYMBOL        sign_dat
  -------         DO            
  X:0459H         SYMBOL        unit
  X:045AH         SYMBOL        ten
  X:045BH         SYMBOL        hundred
  D:0003H         SYMBOL        thousand
  X:045CH         SYMBOL        after_dot
  X:045DH         SYMBOL        dat
  -------         ENDDO         
  C:37FFH         LINE#         624
  C:3805H         LINE#         625
  C:3805H         LINE#         629
  C:3821H         LINE#         630
  C:383BH         LINE#         631
  C:385FH         LINE#         633
  C:38A9H         LINE#         635
  C:38C0H         LINE#         636
  C:38CDH         LINE#         637
  C:38EFH         LINE#         638
  C:3924H         LINE#         639
  C:393CH         LINE#         640
  C:393CH         LINE#         642
  C:393CH         LINE#         643
  C:393CH         LINE#         644
  C:393CH         LINE#         645
  C:393CH         LINE#         646
  C:393CH         LINE#         650
  C:393EH         LINE#         652
  C:393EH         LINE#         654
  C:3943H         LINE#         655
  C:394DH         LINE#         656
  C:3957H         LINE#         657
  C:3961H         LINE#         658
  C:3966H         LINE#         659
  C:3970H         LINE#         663
  C:3970H         LINE#         665
  -------         ENDPROC       _DISPLAY_POS
  -------         ENDMOD        MAIN

  -------         MODULE        PCF85063BTL
BL51 BANKED LINKER/LOCATER V6.22                                                      02/25/2019  13:58:44  PAGE 14


  C:0000H         SYMBOL        _ICE_DUMMY_
  D:0096H         PUBLIC        P2M0
  D:0080H         PUBLIC        P0
  D:0095H         PUBLIC        P2M1
  D:0090H         PUBLIC        P1
  D:00A0H         PUBLIC        P2
  D:00B0H         PUBLIC        P3
  D:00C0H         PUBLIC        P4
  D:00C8H         PUBLIC        P5
  D:00E8H         PUBLIC        P6
  B:00A0H.1       PUBLIC        PCF85063BTL_SDI
  D:00F8H         PUBLIC        P7
  B:00A0H.2       PUBLIC        PCF85063BTL_SCK
  B:00A0H.1       PUBLIC        PCF85063BTL_SDO
  D:00A8H         PUBLIC        IE
  C:458EH         PUBLIC        _Read_time
  C:4ADEH         PUBLIC        _PCF85063BTL_Delay
  D:00B8H         PUBLIC        IP
  D:00D8H         PUBLIC        CCON
  C:4495H         PUBLIC        _Day_Of_Year
  C:49D4H         PUBLIC        SPI_ReceiveByte
  D:0098H         PUBLIC        SCON
  D:0088H         PUBLIC        TCON
  C:4B11H         PUBLIC        _BCDtoDec
  B:00A0H.0       PUBLIC        PCF85063BTL_CS
  C:4B00H         PUBLIC        _SPI_ReadTime
  C:4B60H         PUBLIC        SPI_Init
  C:4A69H         PUBLIC        _SPI_WriteTime
  C:49B4H         PUBLIC        _SPI_SendByte
  D:00D0H         PUBLIC        PSW
  C:4ADAH         SYMBOL        L?0047
  -------         PROC          L?0046
  -------         ENDPROC       L?0046
  C:4ADAH         SYMBOL        L?0047
  -------         PROC          _PCF85063BTL_DELAY
  D:0006H         SYMBOL        us
  C:4ADEH         LINE#         8
  C:4ADEH         LINE#         9
  C:4ADEH         LINE#         10
  C:4AE8H         LINE#         11
  C:4AE8H         LINE#         12
  C:4AE9H         LINE#         13
  C:4AEBH         LINE#         14
  -------         ENDPROC       _PCF85063BTL_DELAY
  -------         PROC          _SPI_SENDBYTE
  D:0005H         SYMBOL        dat
  -------         DO            
  D:0003H         SYMBOL        i
  -------         ENDDO         
  C:49B4H         LINE#         17
  C:49B6H         LINE#         18
  C:49B6H         LINE#         20
  C:49B8H         LINE#         21
  C:49B8H         LINE#         22
  C:49BAH         LINE#         23
  C:49BEH         LINE#         24
  C:49BEH         LINE#         25
BL51 BANKED LINKER/LOCATER V6.22                                                      02/25/2019  13:58:44  PAGE 15


  C:49C0H         LINE#         26
  C:49C2H         LINE#         28
  C:49C2H         LINE#         29
  C:49C4H         LINE#         30
  C:49C4H         LINE#         31
  C:49C7H         LINE#         32
  C:49C7H         LINE#         33
  C:49CAH         LINE#         34
  C:49CEH         LINE#         35
  C:49D3H         LINE#         36
  -------         ENDPROC       _SPI_SENDBYTE
  -------         PROC          SPI_RECEIVEBYTE
  -------         DO            
  D:0003H         SYMBOL        i
  D:0005H         SYMBOL        dat
  -------         ENDDO         
  C:49D4H         LINE#         39
  C:49D4H         LINE#         40
  C:49D4H         LINE#         42
  C:49D6H         LINE#         44
  C:49D8H         LINE#         45
  C:49D9H         LINE#         46
  C:49D9H         LINE#         47
  C:49DDH         LINE#         48
  C:49DFH         LINE#         49
  C:49E2H         LINE#         51
  C:49E5H         LINE#         52
  C:49E5H         LINE#         53
  C:49E9H         LINE#         54
  C:49E9H         LINE#         55
  C:49E9H         LINE#         56
  C:49ECH         LINE#         57
  C:49F1H         LINE#         58
  C:49F3H         LINE#         59
  -------         ENDPROC       SPI_RECEIVEBYTE
  -------         PROC          _SPI_READTIME
  D:0007H         SYMBOL        addr
  -------         DO            
  D:0006H         SYMBOL        dat
  -------         ENDDO         
  C:4B00H         LINE#         61
  C:4B00H         LINE#         62
  C:4B00H         LINE#         64
  C:4B02H         LINE#         65
  C:4B04H         LINE#         66
  C:4B0BH         LINE#         67
  C:4B0EH         LINE#         68
  C:4B10H         LINE#         69
  C:4B10H         LINE#         70
  -------         ENDPROC       _SPI_READTIME
  -------         PROC          _SPI_WRITETIME
  D:0002H         SYMBOL        val
  D:0005H         SYMBOL        addr
  C:4A69H         LINE#         71
  C:4A6BH         LINE#         72
  C:4A6BH         LINE#         74
  C:4A6DH         LINE#         75
BL51 BANKED LINKER/LOCATER V6.22                                                      02/25/2019  13:58:44  PAGE 16


  C:4A74H         LINE#         76
  C:4A79H         LINE#         77
  C:4A7EH         LINE#         78
  C:4A80H         LINE#         79
  -------         ENDPROC       _SPI_WRITETIME
  -------         PROC          SPI_INIT
  C:4B60H         LINE#         83
  C:4B60H         LINE#         84
  C:4B60H         LINE#         89
  C:4B63H         LINE#         90
  C:4B66H         LINE#         91
  C:4B68H         LINE#         92
  C:4B6AH         LINE#         93
  C:4B6CH         LINE#         94
  -------         ENDPROC       SPI_INIT
  -------         PROC          _READ_TIME
  X:03B0H         SYMBOL        months
  X:03B3H         SYMBOL        days
  X:03B6H         SYMBOL        hours
  X:03B9H         SYMBOL        mins
  X:03BCH         SYMBOL        seconds
  C:458EH         LINE#         96
  C:4599H         LINE#         97
  C:4599H         LINE#         99
  C:45ADH         LINE#         101
  C:45C1H         LINE#         103
  C:45D5H         LINE#         108
  C:45E9H         LINE#         113
  -------         ENDPROC       _READ_TIME
  -------         PROC          _BCDTODEC
  D:0007H         SYMBOL        bcd
  -------         DO            
  D:0006H         SYMBOL        hi
  D:0007H         SYMBOL        lo
  -------         ENDDO         
  C:4B11H         LINE#         119
  C:4B11H         LINE#         120
  C:4B11H         LINE#         122
  C:4B16H         LINE#         123
  C:4B1AH         LINE#         124
  C:4B21H         LINE#         125
  -------         ENDPROC       _BCDTODEC
  -------         PROC          _DAY_OF_YEAR
  D:0007H         SYMBOL        months_bcd
  D:0005H         SYMBOL        days_bcd
  -------         DO            
  D:0004H         SYMBOL        months
  D:0007H         SYMBOL        days
  -------         ENDDO         
  C:4495H         LINE#         126
  C:4495H         LINE#         127
  C:4495H         LINE#         130
  C:449AH         LINE#         132
  C:449FH         LINE#         134
  C:44D8H         LINE#         135
  C:44D8H         LINE#         136
  C:44D8H         LINE#         137
BL51 BANKED LINKER/LOCATER V6.22                                                      02/25/2019  13:58:44  PAGE 17


  C:44DBH         LINE#         138
  C:44DBH         LINE#         139
  C:44DBH         LINE#         140
  C:44E0H         LINE#         141
  C:44E0H         LINE#         142
  C:44E0H         LINE#         143
  C:44E5H         LINE#         144
  C:44E5H         LINE#         145
  C:44E5H         LINE#         146
  C:44EAH         LINE#         147
  C:44EAH         LINE#         148
  C:44EAH         LINE#         149
  C:44EFH         LINE#         150
  C:44EFH         LINE#         151
  C:44EFH         LINE#         152
  C:44F4H         LINE#         153
  C:44F4H         LINE#         154
  C:44F4H         LINE#         155
  C:44F9H         LINE#         156
  C:44F9H         LINE#         157
  C:44F9H         LINE#         158
  C:44FEH         LINE#         159
  C:44FEH         LINE#         160
  C:44FEH         LINE#         161
  C:4506H         LINE#         162
  C:4506H         LINE#         163
  C:4506H         LINE#         164
  C:450BH         LINE#         165
  C:450BH         LINE#         166
  C:450BH         LINE#         167
  C:4510H         LINE#         168
  C:4510H         LINE#         169
  C:4510H         LINE#         170
  C:4518H         LINE#         171
  C:4518H         LINE#         172
  C:4518H         LINE#         173
  -------         ENDPROC       _DAY_OF_YEAR
  -------         ENDMOD        PCF85063BTL

  -------         MODULE        UART1
  C:0000H         SYMBOL        _ICE_DUMMY_
  D:0080H         PUBLIC        P0
  D:0090H         PUBLIC        P1
  D:00A0H         PUBLIC        P2
  D:00B0H         PUBLIC        P3
  D:00C0H         PUBLIC        P4
  D:00C8H         PUBLIC        P5
  B:00A8H.7       PUBLIC        EA
  D:00E8H         PUBLIC        P6
  D:00F8H         PUBLIC        P7
  C:488CH         PUBLIC        _SendString
  D:00A8H         PUBLIC        IE
  B:00A8H.4       PUBLIC        ES
  D:00B8H         PUBLIC        IP
  C:4A81H         PUBLIC        _ASCIItoBCD
  D:00D8H         PUBLIC        CCON
  C:4B22H         PUBLIC        initUART1
BL51 BANKED LINKER/LOCATER V6.22                                                      02/25/2019  13:58:44  PAGE 18


  D:0098H         PUBLIC        SCON
  D:0088H         PUBLIC        TCON
  C:000AH         PUBLIC        _DectoBCD
  C:4BA4H         PUBLIC        _ASCII_Letter
  D:008EH         PUBLIC        AUXR
  C:4B9FH         PUBLIC        _unit
  C:0003H         PUBLIC        _ten
  D:00D6H         PUBLIC        T2H
  D:00D7H         PUBLIC        T2L
  D:00D0H         PUBLIC        PSW
  -------         PROC          INITUART1
  C:4B22H         LINE#         21
  C:4B22H         LINE#         22
  C:4B22H         LINE#         23
  C:4B25H         LINE#         24
  C:4B28H         LINE#         25
  C:4B2BH         LINE#         26
  C:4B2EH         LINE#         27
  C:4B30H         LINE#         28
  C:4B32H         LINE#         30
  -------         ENDPROC       INITUART1
  -------         PROC          _SENDSTRING
  X:0629H         SYMBOL        s
  C:488CH         LINE#         35
  C:4897H         LINE#         36
  C:4897H         LINE#         37
  C:48A7H         LINE#         38
  C:48A7H         LINE#         39
  C:48BCH         LINE#         40
  C:48BEH         LINE#         41
  -------         ENDPROC       _SENDSTRING
  -------         PROC          _TEN
  D:0007H         SYMBOL        BCD
  C:0003H         LINE#         43
  C:0003H         LINE#         44
  C:0003H         LINE#         45
  C:0008H         LINE#         46
  -------         ENDPROC       _TEN
  -------         PROC          _UNIT
  D:0007H         SYMBOL        BCD
  C:4B9FH         LINE#         47
  C:4B9FH         LINE#         48
  C:4B9FH         LINE#         52
  C:4BA3H         LINE#         53
  -------         ENDPROC       _UNIT
  -------         PROC          _DECTOBCD
  D:0007H         SYMBOL        dec
  C:000AH         LINE#         54
  C:000AH         LINE#         55
  C:000AH         LINE#         57
  C:000AH         LINE#         58
  -------         ENDPROC       _DECTOBCD
  -------         PROC          _ASCII_LETTER
  D:0007H         SYMBOL        dat
  C:4BA4H         LINE#         60
  C:4BA4H         LINE#         61
  C:4BA4H         LINE#         63
BL51 BANKED LINKER/LOCATER V6.22                                                      02/25/2019  13:58:44  PAGE 19


  C:4BA8H         LINE#         64
  -------         ENDPROC       _ASCII_LETTER
  -------         PROC          _ASCIITOBCD
  D:0001H         SYMBOL        ascii
  -------         DO            
  D:0007H         SYMBOL        dec_val
  D:0006H         SYMBOL        ten
  D:0007H         SYMBOL        unit
  -------         ENDDO         
  C:4A81H         LINE#         66
  C:4A81H         LINE#         67
  C:4A81H         LINE#         69
  C:4A84H         LINE#         70
  C:4A8AH         LINE#         71
  C:4A91H         LINE#         72
  C:4A97H         LINE#         74
  -------         ENDPROC       _ASCIITOBCD
  -------         ENDMOD        UART1

  -------         MODULE        LCD_DRIVER_SPLC780D
  C:0000H         SYMBOL        _ICE_DUMMY_
  D:0092H         PUBLIC        P1M0
  D:0091H         PUBLIC        P1M1
  D:0080H         PUBLIC        P0
  D:0090H         PUBLIC        P1
  D:00A0H         PUBLIC        P2
  D:00B0H         PUBLIC        P3
  D:00C0H         PUBLIC        P4
  D:00C8H         PUBLIC        P5
  D:00E8H         PUBLIC        P6
  D:00F8H         PUBLIC        P7
  C:4519H         PUBLIC        _WriteData
  D:00A8H         PUBLIC        IE
  D:00B8H         PUBLIC        IP
  D:00D8H         PUBLIC        CCON
  B:00B0H.4       PUBLIC        LCD_D4
  B:00B0H.5       PUBLIC        LCD_D5
  B:00B0H.6       PUBLIC        LCD_D6
  C:4A31H         PUBLIC        _DisplayLCD
  B:00B0H.7       PUBLIC        LCD_D7
  D:0098H         PUBLIC        SCON
  D:0088H         PUBLIC        TCON
  C:4B8FH         PUBLIC        LCD_clear
  C:47D1H         PUBLIC        _Command
  C:4AAEH         PUBLIC        _Display_Line
  C:4657H         PUBLIC        LCD_Init
  C:4996H         PUBLIC        _Wait_ms
  B:00C0H.0       PUBLIC        LCD_RS
  B:00B0H.2       PUBLIC        LCD_RW
  C:4B85H         PUBLIC        LCD_return_home
  B:00B0H.3       PUBLIC        LCD_E
  D:00D0H         PUBLIC        PSW
  -------         PROC          LCD_INIT
  C:4657H         LINE#         9
  C:4657H         LINE#         10
  C:4657H         LINE#         11
  C:465AH         LINE#         12
BL51 BANKED LINKER/LOCATER V6.22                                                      02/25/2019  13:58:44  PAGE 20


  C:465DH         LINE#         14
  C:4663H         LINE#         15
  C:4668H         LINE#         17
  C:466FH         LINE#         18
  C:4674H         LINE#         20
  C:4677H         LINE#         21
  C:467CH         LINE#         23
  C:467FH         LINE#         24
  C:4684H         LINE#         26
  C:468BH         LINE#         29
  C:4690H         LINE#         30
  C:4695H         LINE#         32
  C:469AH         LINE#         33
  C:469FH         LINE#         35
  C:46A4H         LINE#         36
  C:46A9H         LINE#         37
  -------         ENDPROC       LCD_INIT
  -------         PROC          _WRITEDATA
  X:045FH         SYMBOL        dat
  C:4519H         LINE#         40
  C:451EH         LINE#         41
  C:451EH         LINE#         46
  C:4520H         LINE#         47
  C:4522H         LINE#         49
  C:4530H         LINE#         50
  C:453CH         LINE#         51
  C:4548H         LINE#         52
  C:4552H         LINE#         53
  C:4554H         LINE#         54
  C:455BH         LINE#         55
  C:455DH         LINE#         57
  C:456DH         LINE#         58
  C:4578H         LINE#         59
  C:4582H         LINE#         60
  C:4586H         LINE#         62
  C:4586H         LINE#         63
  C:4589H         LINE#         64
  C:458BH         LINE#         65
  C:458DH         LINE#         67
  -------         ENDPROC       _WRITEDATA
  -------         PROC          _COMMAND
  D:0007H         SYMBOL        dat
  C:47D1H         LINE#         69
  C:47D1H         LINE#         70
  C:47D1H         LINE#         71
  C:47D3H         LINE#         72
  C:47D5H         LINE#         74
  C:47DFH         LINE#         75
  C:47E3H         LINE#         77
  C:47E5H         LINE#         78
  C:47EEH         LINE#         79
  C:47F2H         LINE#         81
  C:47F4H         LINE#         82
  C:47FBH         LINE#         83
  C:47FFH         LINE#         85
  C:4801H         LINE#         86
  C:4805H         LINE#         87
BL51 BANKED LINKER/LOCATER V6.22                                                      02/25/2019  13:58:44  PAGE 21


  C:4809H         LINE#         89
  C:480BH         LINE#         90
  C:480BH         LINE#         91
  C:480EH         LINE#         92
  C:4810H         LINE#         93
  -------         ENDPROC       _COMMAND
  C:4992H         SYMBOL        L?0028
  -------         PROC          L?0027
  -------         ENDPROC       L?0027
  C:4992H         SYMBOL        L?0028
  -------         PROC          _WAIT_MS
  D:0006H         SYMBOL        ms
  -------         DO            
  D:0004H         SYMBOL        De_Cnt
  -------         ENDDO         
  C:4996H         LINE#         95
  C:4996H         LINE#         96
  C:4996H         LINE#         98
  C:49A0H         LINE#         99
  C:49A0H         LINE#         100
  C:49B3H         LINE#         101
  C:49B3H         LINE#         102
  -------         ENDPROC       _WAIT_MS
  -------         PROC          _DISPLAYLCD
  D:0007H         SYMBOL        BCD
  -------         DO            
  D:0006H         SYMBOL        first_digit
  X:03B0H         SYMBOL        second_digit
  -------         ENDDO         
  C:4A31H         LINE#         103
  C:4A31H         LINE#         104
  C:4A31H         LINE#         106
  C:4A38H         LINE#         107
  C:4A41H         LINE#         109
  C:4A46H         LINE#         111
  -------         ENDPROC       _DISPLAYLCD
  -------         PROC          LCD_RETURN_HOME
  C:4B85H         LINE#         115
  C:4B85H         LINE#         116
  C:4B85H         LINE#         117
  C:4B8AH         LINE#         118
  -------         ENDPROC       LCD_RETURN_HOME
  -------         PROC          LCD_CLEAR
  C:4B8FH         LINE#         121
  C:4B8FH         LINE#         122
  C:4B8FH         LINE#         123
  C:4B94H         LINE#         124
  -------         ENDPROC       LCD_CLEAR
  -------         PROC          _DISPLAY_LINE
  D:0006H         SYMBOL        line
  C:4AAEH         LINE#         128
  C:4AAEH         LINE#         129
  C:4AAEH         LINE#         130
  C:4AB4H         LINE#         131
  C:4AB4H         LINE#         132
  C:4AB6H         LINE#         133
  C:4AB6H         LINE#         134
BL51 BANKED LINKER/LOCATER V6.22                                                      02/25/2019  13:58:44  PAGE 22


  C:4AB8H         LINE#         136
  C:4AB8H         LINE#         137
  C:4ABDH         LINE#         138
  C:4AC2H         LINE#         139
  C:4AC2H         LINE#         140
  -------         ENDPROC       _DISPLAY_LINE
  -------         ENDMOD        LCD_DRIVER_SPLC780D

  -------         MODULE        KEYPAD
  C:0000H         SYMBOL        _ICE_DUMMY_
  D:0093H         PUBLIC        P0M1
  D:0080H         PUBLIC        P0
  D:0090H         PUBLIC        P1
  D:00A0H         PUBLIC        P2
  D:00B0H         PUBLIC        P3
  D:00C0H         PUBLIC        P4
  D:00C8H         PUBLIC        P5
  B:0020H.0       PUBLIC        calib_mode
  D:00E8H         PUBLIC        P6
  D:00F8H         PUBLIC        P7
  D:00A8H         PUBLIC        IE
  C:34EAH         PUBLIC        Key_Scan
  D:00B8H         PUBLIC        IP
  D:00D8H         PUBLIC        CCON
  C:4B6DH         PUBLIC        KeyPad_IO_Init
  C:4A13H         PUBLIC        _Delay_ms
  D:0098H         PUBLIC        SCON
  D:0088H         PUBLIC        TCON
  B:0020H.1       PUBLIC        small_move
  B:0020H.2       PUBLIC        move
  B:0020H.3       PUBLIC        direction
  B:0020H.4       PUBLIC        auto_move
  C:3079H         PUBLIC        Key_Process
  D:00D0H         PUBLIC        PSW
  D:0094H         PUBLIC        P0M0
  -------         PROC          _DELAY_MS
  D:0006H         SYMBOL        ms
  -------         DO            
  D:0004H         SYMBOL        De_Cnt
  -------         ENDDO         
  C:4A13H         LINE#         19
  C:4A13H         LINE#         20
  C:4A13H         LINE#         22
  C:4A1DH         LINE#         23
  C:4A1DH         LINE#         24
  C:4A30H         LINE#         25
  C:4A30H         LINE#         26
  -------         ENDPROC       _DELAY_MS
  -------         PROC          KEY_SCAN
  -------         DO            
  X:03B6H         SYMBOL        KeyTemp1
  X:03B7H         SYMBOL        KeyTemp2
  X:03B8H         SYMBOL        KeyValue
  -------         ENDDO         
  C:34EAH         LINE#         27
  C:34EAH         LINE#         28
  C:34EAH         LINE#         33
BL51 BANKED LINKER/LOCATER V6.22                                                      02/25/2019  13:58:44  PAGE 23


  C:34EDH         LINE#         36
  C:34F0H         LINE#         38
  C:34F8H         LINE#         39
  C:34FFH         LINE#         40
  C:34FFH         LINE#         42
  C:3504H         LINE#         43
  C:350BH         LINE#         44
  C:350BH         LINE#         47
  C:350EH         LINE#         48
  C:3511H         LINE#         49
  C:3516H         LINE#         50
  C:351AH         LINE#         51
  C:351AH         LINE#         52
  C:3522H         LINE#         53
  C:3522H         LINE#         54
  C:3525H         LINE#         55
  C:352DH         LINE#         56
  C:352FH         LINE#         58
  C:3543H         LINE#         59
  C:3543H         LINE#         60
  C:3543H         LINE#         61
  C:3543H         LINE#         62
  C:3549H         LINE#         64
  C:354BH         LINE#         65
  C:354BH         LINE#         66
  C:354BH         LINE#         67
  C:3551H         LINE#         69
  C:3553H         LINE#         70
  C:3553H         LINE#         71
  C:3553H         LINE#         72
  C:3559H         LINE#         74
  C:355BH         LINE#         75
  C:355BH         LINE#         76
  C:355BH         LINE#         77
  C:3561H         LINE#         79
  C:3561H         LINE#         80
  C:3561H         LINE#         81
  C:3561H         LINE#         84
  C:3564H         LINE#         85
  C:3567H         LINE#         86
  C:356FH         LINE#         87
  C:3573H         LINE#         88
  C:3573H         LINE#         89
  C:357BH         LINE#         90
  C:357BH         LINE#         91
  C:357EH         LINE#         92
  C:3586H         LINE#         93
  C:3588H         LINE#         94
  C:359CH         LINE#         95
  C:359CH         LINE#         96
  C:359CH         LINE#         97
  C:359CH         LINE#         98
  C:35A2H         LINE#         100
  C:35A4H         LINE#         101
  C:35A4H         LINE#         102
  C:35A4H         LINE#         103
  C:35AAH         LINE#         105
BL51 BANKED LINKER/LOCATER V6.22                                                      02/25/2019  13:58:44  PAGE 24


  C:35ACH         LINE#         106
  C:35ACH         LINE#         107
  C:35ACH         LINE#         108
  C:35B2H         LINE#         110
  C:35B4H         LINE#         111
  C:35B4H         LINE#         112
  C:35B4H         LINE#         113
  C:35B9H         LINE#         115
  C:35B9H         LINE#         116
  C:35B9H         LINE#         117
  C:35B9H         LINE#         120
  C:35BCH         LINE#         121
  C:35BFH         LINE#         122
  C:35C7H         LINE#         123
  C:35CBH         LINE#         124
  C:35CBH         LINE#         125
  C:35D3H         LINE#         126
  C:35D3H         LINE#         127
  C:35D6H         LINE#         128
  C:35DEH         LINE#         129
  C:35E0H         LINE#         130
  C:35F4H         LINE#         131
  C:35F4H         LINE#         132
  C:35F4H         LINE#         133
  C:35F4H         LINE#         134
  C:35FAH         LINE#         136
  C:35FCH         LINE#         137
  C:35FCH         LINE#         138
  C:35FCH         LINE#         139
  C:3602H         LINE#         141
  C:3604H         LINE#         142
  C:3604H         LINE#         143
  C:3604H         LINE#         144
  C:360AH         LINE#         146
  C:360CH         LINE#         147
  C:360CH         LINE#         148
  C:360CH         LINE#         149
  C:3612H         LINE#         151
  C:3612H         LINE#         152
  C:3612H         LINE#         153
  C:3612H         LINE#         157
  C:3615H         LINE#         158
  C:3618H         LINE#         159
  C:3620H         LINE#         160
  C:3624H         LINE#         161
  C:3624H         LINE#         162
  C:362CH         LINE#         163
  C:362CH         LINE#         164
  C:362FH         LINE#         165
  C:3637H         LINE#         166
  C:3639H         LINE#         167
  C:364DH         LINE#         168
  C:364DH         LINE#         169
  C:364DH         LINE#         170
  C:364DH         LINE#         171
  C:3653H         LINE#         173
  C:3655H         LINE#         174
BL51 BANKED LINKER/LOCATER V6.22                                                      02/25/2019  13:58:44  PAGE 25


  C:3655H         LINE#         175
  C:3655H         LINE#         176
  C:365BH         LINE#         178
  C:365DH         LINE#         179
  C:365DH         LINE#         180
  C:365DH         LINE#         181
  C:3663H         LINE#         183
  C:3665H         LINE#         184
  C:3665H         LINE#         185
  C:3665H         LINE#         186
  C:366BH         LINE#         188
  C:366BH         LINE#         189
  C:366BH         LINE#         190
  C:366BH         LINE#         192
  C:3671H         LINE#         193
  C:3671H         LINE#         195
  C:3671H         LINE#         196
  C:3674H         LINE#         197
  C:3674H         LINE#         198
  C:3674H         LINE#         200
  C:3674H         LINE#         201
  C:3676H         LINE#         202
  C:3676H         LINE#         203
  -------         ENDPROC       KEY_SCAN
  -------         PROC          KEY_PROCESS
  -------         DO            
  X:060FH         SYMBOL        KeyCount
  X:0611H         SYMBOL        KeyNum_Old
  X:0612H         SYMBOL        KeyNum
  X:0613H         SYMBOL        PressedKey
  X:03B0H         SYMBOL        d
  D:0004H         SYMBOL        hours
  D:0006H         SYMBOL        mins
  X:03B2H         SYMBOL        months
  X:03B4H         SYMBOL        days
  -------         ENDDO         
  C:3079H         LINE#         204
  C:3079H         LINE#         205
  C:3079H         LINE#         209
  C:3081H         LINE#         210
  C:3089H         LINE#         212
  C:308CH         LINE#         213
  C:308CH         LINE#         214
  C:308FH         LINE#         216
  C:308FH         LINE#         217
  C:309CH         LINE#         218
  C:309CH         LINE#         219
  C:309FH         LINE#         220
  C:30A2H         LINE#         222
  C:30A5H         LINE#         224
  C:30A5H         LINE#         225
  C:30B0H         LINE#         226
  C:30B0H         LINE#         227
  C:30B3H         LINE#         229
  C:30B3H         LINE#         230
  C:30BAH         LINE#         231
  C:30BAH         LINE#         232
BL51 BANKED LINKER/LOCATER V6.22                                                      02/25/2019  13:58:44  PAGE 26


  C:30BDH         LINE#         234
  C:30BDH         LINE#         235
  C:30C5H         LINE#         236
  C:30C5H         LINE#         237
  C:30CFH         LINE#         238
  C:30D7H         LINE#         240
  C:30E0H         LINE#         242
  C:30E0H         LINE#         251
  C:30F5H         LINE#         252
  C:30F5H         LINE#         253
  C:3107H         LINE#         254
  C:3115H         LINE#         255
  C:3124H         LINE#         256
  C:3124H         LINE#         258
  C:312AH         LINE#         262
  C:3140H         LINE#         263
  C:3151H         LINE#         264
  C:316CH         LINE#         265
  C:316CH         LINE#         266
  C:317CH         LINE#         267
  C:318DH         LINE#         268
  C:318DH         LINE#         272
  C:31A6H         LINE#         273
  C:31BDH         LINE#         274
  C:31DDH         LINE#         275
  C:31DDH         LINE#         276
  C:31E7H         LINE#         277
  C:31E7H         LINE#         278
  C:31F0H         LINE#         279
  C:31F0H         LINE#         280
  C:3204H         LINE#         281
  C:3204H         LINE#         282
  C:3204H         LINE#         283
  C:3204H         LINE#         284
  C:3204H         LINE#         285
  C:3206H         LINE#         287
  C:3206H         LINE#         288
  C:3212H         LINE#         289
  C:3212H         LINE#         290
  C:3223H         LINE#         291
  C:3223H         LINE#         292
  C:3223H         LINE#         293
  C:3223H         LINE#         294
  C:3223H         LINE#         296
  C:3225H         LINE#         298
  C:3225H         LINE#         299
  C:3236H         LINE#         300
  C:3236H         LINE#         301
  C:3236H         LINE#         302
  C:3236H         LINE#         303
  C:3236H         LINE#         305
  C:3236H         LINE#         307
  C:3236H         LINE#         308
  C:3238H         LINE#         310
  C:3238H         LINE#         311
  C:324BH         LINE#         312
  C:324BH         LINE#         313
BL51 BANKED LINKER/LOCATER V6.22                                                      02/25/2019  13:58:44  PAGE 27


  C:325CH         LINE#         314
  C:325CH         LINE#         315
  C:325CH         LINE#         316
  C:325CH         LINE#         317
  C:325CH         LINE#         318
  C:325EH         LINE#         320
  C:325EH         LINE#         321
  C:326FH         LINE#         322
  C:326FH         LINE#         323
  C:3280H         LINE#         324
  C:3291H         LINE#         325
  C:3291H         LINE#         326
  C:3291H         LINE#         327
  C:3291H         LINE#         328
  C:3291H         LINE#         329
  C:3294H         LINE#         330
  C:3299H         LINE#         331
  C:329EH         LINE#         332
  C:32A3H         LINE#         333
  C:32A8H         LINE#         334
  C:32ADH         LINE#         335
  C:32B2H         LINE#         336
  C:32B7H         LINE#         337
  C:32B7H         LINE#         339
  C:32D9H         LINE#         340
  C:32D9H         LINE#         341
  C:32E3H         LINE#         342
  C:32E3H         LINE#         343
  C:32E8H         LINE#         344
  C:32F1H         LINE#         345
  C:3308H         LINE#         346
  C:3308H         LINE#         347
  C:3318H         LINE#         349
  C:3318H         LINE#         353
  -------         ENDPROC       KEY_PROCESS
  -------         PROC          KEYPAD_IO_INIT
  C:4B6DH         LINE#         356
  C:4B6DH         LINE#         357
  C:4B6DH         LINE#         358
  C:4B70H         LINE#         359
  C:4B73H         LINE#         360
  C:4B76H         LINE#         361
  C:4B78H         LINE#         362
  -------         ENDPROC       KEYPAD_IO_INIT
  -------         ENDMOD        KEYPAD

  -------         MODULE        BIPOLARMOTOR
  C:0000H         SYMBOL        _ICE_DUMMY_
  D:0080H         PUBLIC        P0
  D:0090H         PUBLIC        P1
  X:0000H         PUBLIC        RX_pos_test
  D:00A0H         PUBLIC        P2
  D:00B0H         PUBLIC        P3
  D:00C0H         PUBLIC        P4
  D:00C8H         PUBLIC        P5
  D:00E8H         PUBLIC        P6
  D:00F8H         PUBLIC        P7
BL51 BANKED LINKER/LOCATER V6.22                                                      02/25/2019  13:58:44  PAGE 28


  X:00A0H         PUBLIC        low_date_azimuth_mapping
  D:00A8H         PUBLIC        IE
  C:3EE6H         PUBLIC        linear_interpolate
  C:4941H         PUBLIC        _Move
  D:00B8H         PUBLIC        IP
  C:334CH         PUBLIC        _findDet3x3
  C:2DB9H         PUBLIC        _findDet4x4
  D:00D8H         PUBLIC        CCON
  X:00C8H         PUBLIC        previous_move_time
  D:0098H         PUBLIC        SCON
  D:0088H         PUBLIC        TCON
  C:4BA9H         PUBLIC        wait
  C:4811H         PUBLIC        _Step_move
  X:00C9H         PUBLIC        dat
  C:000EH         PUBLIC        _Update_position
  C:46B0H         PUBLIC        vOneStepMove
  X:00CFH         PUBLIC        elevation_stamp
  X:010BH         PUBLIC        date_azimuth_mapping
  X:0133H         PUBLIC        RX_pos
  C:4A58H         PUBLIC        _BCDtoDec1
  X:038BH         PUBLIC        degree
  D:00D0H         PUBLIC        PSW
  -------         PROC          L?0062
  -------         ENDPROC       L?0062
  -------         PROC          _BCDTODEC1
  D:0007H         SYMBOL        bcd
  -------         DO            
  D:0006H         SYMBOL        hi
  D:0007H         SYMBOL        lo
  -------         ENDDO         
  C:4A58H         LINE#         28
  C:4A58H         LINE#         29
  C:4A58H         LINE#         31
  C:4A5DH         LINE#         32
  C:4A61H         LINE#         33
  C:4A68H         LINE#         34
  -------         ENDPROC       _BCDTODEC1
  -------         PROC          WAIT
  C:4BA9H         LINE#         36
  C:4BA9H         LINE#         38
  -------         ENDPROC       WAIT
  -------         PROC          VONESTEPMOVE
  B:0020H.7       SYMBOL        bDir
  C:46B0H         LINE#         40
  C:46B0H         LINE#         41
  C:46B0H         LINE#         43
  C:46B6H         LINE#         44
  C:46B6H         LINE#         45
  C:46B9H         LINE#         46
  C:46C2H         LINE#         47
  C:46C9H         LINE#         48
  C:46CEH         LINE#         49
  C:46CEH         LINE#         50
  C:46CEH         LINE#         52
  C:46D0H         LINE#         55
  C:46D0H         LINE#         56
  C:46D3H         LINE#         57
BL51 BANKED LINKER/LOCATER V6.22                                                      02/25/2019  13:58:44  PAGE 29


  C:46DCH         LINE#         58
  C:46E3H         LINE#         59
  C:46E9H         LINE#         60
  C:46F2H         LINE#         61
  C:46F9H         LINE#         62
  C:46F9H         LINE#         66
  -------         ENDPROC       VONESTEPMOVE
  -------         PROC          _STEP_MOVE
  X:046EH         SYMBOL        step
  B:0020H.6       SYMBOL        dir
  -------         DO            
  X:0470H         SYMBOL        i
  -------         ENDDO         
  C:4811H         LINE#         68
  C:4819H         LINE#         69
  C:4819H         LINE#         71
  C:481EH         LINE#         74
  C:4839H         LINE#         75
  C:4839H         LINE#         76
  C:4840H         LINE#         78
  C:4850H         LINE#         80
  -------         ENDPROC       _STEP_MOVE
  -------         PROC          _MOVE
  X:046AH         SYMBOL        distance
  B:0020H.5       SYMBOL        direction
  -------         DO            
  D:0006H         SYMBOL        step
  -------         ENDDO         
  C:4941H         LINE#         82
  C:4947H         LINE#         83
  C:4947H         LINE#         86
  C:4962H         LINE#         87
  -------         ENDPROC       _MOVE
  C:332DH         SYMBOL        L?0058
  C:3341H         SYMBOL        L?0059
  -------         PROC          L?0057
  -------         ENDPROC       L?0057
  C:332DH         SYMBOL        L?0058
  C:3341H         SYMBOL        L?0059
  -------         PROC          _FINDDET3X3
  X:05EBH         SYMBOL        a11
  X:05EFH         SYMBOL        a12
  X:05F3H         SYMBOL        a13
  X:05F7H         SYMBOL        a21
  X:05FBH         SYMBOL        a22
  X:05FFH         SYMBOL        a23
  X:0603H         SYMBOL        a31
  X:0607H         SYMBOL        a32
  X:060BH         SYMBOL        a33
  C:334CH         LINE#         91
  C:3352H         LINE#         95
  C:3352H         LINE#         96
  C:34E9H         LINE#         98
  -------         ENDPROC       _FINDDET3X3
  -------         PROC          _FINDDET4X4
  X:05ABH         SYMBOL        a11
  X:05AFH         SYMBOL        a12
BL51 BANKED LINKER/LOCATER V6.22                                                      02/25/2019  13:58:44  PAGE 30


  X:05B3H         SYMBOL        a13
  X:05B7H         SYMBOL        a14
  X:05BBH         SYMBOL        a21
  X:05BFH         SYMBOL        a22
  X:05C3H         SYMBOL        a23
  X:05C7H         SYMBOL        a24
  X:05CBH         SYMBOL        a31
  X:05CFH         SYMBOL        a32
  X:05D3H         SYMBOL        a33
  X:05D7H         SYMBOL        a34
  X:05DBH         SYMBOL        a41
  X:05DFH         SYMBOL        a42
  X:05E3H         SYMBOL        a43
  X:05E7H         SYMBOL        a44
  C:2DB9H         LINE#         99
  C:2DBFH         LINE#         103
  C:2DBFH         LINE#         110
  C:3078H         LINE#         114
  -------         ENDPROC       _FINDDET4X4
  C:3ED5H         SYMBOL        L?0061
  -------         PROC          L?0060
  -------         ENDPROC       L?0060
  C:3ED5H         SYMBOL        L?0061
  -------         PROC          LINEAR_INTERPOLATE
  X:046AH         SYMBOL        p1
  X:0472H         SYMBOL        p2
  X:047AH         SYMBOL        x
  -------         DO            
  D:0004H         SYMBOL        fx
  -------         ENDDO         
  C:3EE6H         LINE#         120
  C:3EE6H         LINE#         121
  C:3EE6H         LINE#         124
  C:3F85H         LINE#         126
  C:3F85H         LINE#         127
  -------         ENDPROC       LINEAR_INTERPOLATE
  -------         PROC          _UPDATE_POSITION
  D:0001H         SYMBOL        mnths
  D:0002H         SYMBOL        dys
  X:03CDH         SYMBOL        hurs
  X:03CEH         SYMBOL        mns
  X:03CFH         SYMBOL        sconds
  X:03D0H         SYMBOL        currnt_pos
  X:03D3H         SYMBOL        offset_calib
  -------         DO            
  X:03D7H         SYMBOL        date
  X:03D9H         SYMBOL        i
  X:03DBH         SYMBOL        yy
  X:03DDH         SYMBOL        desired_distance
  X:03E1H         SYMBOL        distance
  X:03E5H         SYMBOL        JP_pos
  X:03E9H         SYMBOL        pos_interpolate_azimuth
  X:0425H         SYMBOL        current_local_sun_time
  X:0429H         SYMBOL        azimuth
  X:042DH         SYMBOL        elevation
  X:0431H         SYMBOL        time_offset
  X:0435H         SYMBOL        UTC_time
BL51 BANKED LINKER/LOCATER V6.22                                                      02/25/2019  13:58:44  PAGE 31


  X:0439H         SYMBOL        declination
  X:043DH         SYMBOL        p1
  X:0445H         SYMBOL        p2
  X:044DH         SYMBOL        time
  X:045FH         SYMBOL        location
  X:0467H         SYMBOL        sunCoord
  -------         ENDDO         
  C:000EH         LINE#         131
  C:0017H         LINE#         134
  C:0017H         LINE#         135
  C:0022H         LINE#         137
  C:003EH         LINE#         138
  C:0048H         LINE#         146
  C:0052H         LINE#         147
  C:005CH         LINE#         148
  C:0066H         LINE#         149
  C:0071H         LINE#         150
  C:007CH         LINE#         151
  C:0095H         LINE#         152
  C:00A6H         LINE#         153
  C:00B5H         LINE#         156
  C:00C9H         LINE#         160
  C:011BH         LINE#         161
  C:027FH         LINE#         162
  C:02CFH         LINE#         164
  C:03F7H         LINE#         166
  C:04C6H         LINE#         173
  C:050DH         LINE#         174
  C:050DH         LINE#         176
  C:0527H         LINE#         177
  C:0527H         LINE#         178
  C:0597H         LINE#         179
  C:0597H         LINE#         180
  C:059EH         LINE#         181
  C:059EH         LINE#         182
  C:05CBH         LINE#         183
  C:05E6H         LINE#         185
  C:062DH         LINE#         186
  C:0661H         LINE#         188
  C:06A7H         LINE#         189
  C:06CAH         LINE#         191
  C:06CAH         LINE#         193
  C:0740H         LINE#         194
  C:0740H         LINE#         195
  C:0747H         LINE#         196
  C:0747H         LINE#         197
  C:0774H         LINE#         198
  C:078FH         LINE#         200
  C:07D6H         LINE#         201
  C:080AH         LINE#         203
  C:0850H         LINE#         204
  C:0870H         LINE#         206
  C:0870H         LINE#         207
  C:0881H         LINE#         210
  C:089BH         LINE#         211
  C:089BH         LINE#         212
  C:090BH         LINE#         213
BL51 BANKED LINKER/LOCATER V6.22                                                      02/25/2019  13:58:44  PAGE 32


  C:090BH         LINE#         214
  C:0938H         LINE#         215
  C:0953H         LINE#         217
  C:0980H         LINE#         218
  C:099BH         LINE#         220
  C:09CDH         LINE#         223
  C:09CDH         LINE#         225
  C:09DEH         LINE#         227
  C:0A0DH         LINE#         229
  C:0A32H         LINE#         230
  C:0A97H         LINE#         231
  C:0A97H         LINE#         232
  C:0AB1H         LINE#         233
  C:0AC3H         LINE#         234
  C:0ADBH         LINE#         235
  C:0AF1H         LINE#         237
  C:0B0DH         LINE#         238
  C:0B0DH         LINE#         239
  C:0B0DH         LINE#         242
  -------         ENDPROC       _UPDATE_POSITION
  -------         ENDMOD        BIPOLARMOTOR

  -------         MODULE        SUNPOS
  C:0000H         SYMBOL        _ICE_DUMMY_
  C:1F15H         PUBLIC        sunpos
  -------         PROC          SUNPOS
  X:046AH         SYMBOL        udtTime
  X:047CH         SYMBOL        udtLocation
  X:0484H         SYMBOL        udtSunCoordinates
  -------         DO            
  X:0487H         SYMBOL        dElapsedJulianDays
  X:048BH         SYMBOL        dDecimalHours
  X:048FH         SYMBOL        dEclipticLongitude
  X:0493H         SYMBOL        dEclipticObliquity
  X:0497H         SYMBOL        dRightAscension
  X:049BH         SYMBOL        dDeclination
  X:049FH         SYMBOL        dY
  X:04A3H         SYMBOL        dX
  -------         DO            
  X:04A7H         SYMBOL        dJulianDate
  X:04ABH         SYMBOL        liAux1
  X:04AFH         SYMBOL        liAux2
  X:04A7H         SYMBOL        dMeanLongitude
  X:04ABH         SYMBOL        dMeanAnomaly
  X:04AFH         SYMBOL        dOmega
  X:04A7H         SYMBOL        dSin_EclipticLongitude
  X:04A7H         SYMBOL        dGreenwichMeanSiderealTime
  X:04ABH         SYMBOL        dLocalMeanSiderealTime
  X:04AFH         SYMBOL        dLatitudeInRadians
  X:04B3H         SYMBOL        dHourAngle
  X:04B7H         SYMBOL        dCos_Latitude
  X:04BBH         SYMBOL        dSin_Latitude
  X:04BFH         SYMBOL        dCos_HourAngle
  X:04C3H         SYMBOL        dParallax
  -------         ENDDO         
  -------         DO            
  X:04A7H         SYMBOL        dMeanLongitude
BL51 BANKED LINKER/LOCATER V6.22                                                      02/25/2019  13:58:44  PAGE 33


  X:04ABH         SYMBOL        dMeanAnomaly
  X:04AFH         SYMBOL        dOmega
  X:04A7H         SYMBOL        dSin_EclipticLongitude
  X:04A7H         SYMBOL        dGreenwichMeanSiderealTime
  X:04ABH         SYMBOL        dLocalMeanSiderealTime
  X:04AFH         SYMBOL        dLatitudeInRadians
  X:04B3H         SYMBOL        dHourAngle
  X:04B7H         SYMBOL        dCos_Latitude
  X:04BBH         SYMBOL        dSin_Latitude
  X:04BFH         SYMBOL        dCos_HourAngle
  X:04C3H         SYMBOL        dParallax
  -------         ENDDO         
  -------         DO            
  X:04A7H         SYMBOL        dSin_EclipticLongitude
  X:04A7H         SYMBOL        dGreenwichMeanSiderealTime
  X:04ABH         SYMBOL        dLocalMeanSiderealTime
  X:04AFH         SYMBOL        dLatitudeInRadians
  X:04B3H         SYMBOL        dHourAngle
  X:04B7H         SYMBOL        dCos_Latitude
  X:04BBH         SYMBOL        dSin_Latitude
  X:04BFH         SYMBOL        dCos_HourAngle
  X:04C3H         SYMBOL        dParallax
  -------         ENDDO         
  -------         DO            
  X:04A7H         SYMBOL        dGreenwichMeanSiderealTime
  X:04ABH         SYMBOL        dLocalMeanSiderealTime
  X:04AFH         SYMBOL        dLatitudeInRadians
  X:04B3H         SYMBOL        dHourAngle
  X:04B7H         SYMBOL        dCos_Latitude
  X:04BBH         SYMBOL        dSin_Latitude
  X:04BFH         SYMBOL        dCos_HourAngle
  X:04C3H         SYMBOL        dParallax
  -------         ENDDO         
  -------         ENDDO         
  C:1F15H         LINE#         6
  C:1F15H         LINE#         7
  C:1F15H         LINE#         9
  C:1F15H         LINE#         27
  C:1F5FH         LINE#         30
  C:1F80H         LINE#         31
  C:20C7H         LINE#         34
  C:2113H         LINE#         36
  C:2132H         LINE#         37
  C:2132H         LINE#         42
  C:2132H         LINE#         46
  C:2164H         LINE#         47
  C:218EH         LINE#         48
  C:21B8H         LINE#         49
  C:2265H         LINE#         52
  C:22C6H         LINE#         54
  C:22C6H         LINE#         59
  C:22C6H         LINE#         61
  C:22DDH         LINE#         62
  C:2305H         LINE#         63
  C:231CH         LINE#         64
  C:2347H         LINE#         65
  C:237EH         LINE#         66
BL51 BANKED LINKER/LOCATER V6.22                                                      02/25/2019  13:58:44  PAGE 34


  C:23A9H         LINE#         67
  C:23A9H         LINE#         70
  C:23A9H         LINE#         79
  C:23E4H         LINE#         82
  C:241EH         LINE#         84
  C:2443H         LINE#         85
  C:2462H         LINE#         86
  C:2479H         LINE#         87
  C:2490H         LINE#         88
  C:24A7H         LINE#         89
  C:2530H         LINE#         91
  C:254AH         LINE#         92
  C:25ACH         LINE#         93
  C:25E2H         LINE#         94
  C:25F4H         LINE#         95
  C:2621H         LINE#         96
  C:264EH         LINE#         98
  C:2670H         LINE#         100
  C:26A8H         LINE#         103
  C:26A8H         LINE#         104
  C:26B6H         LINE#         105
  -------         ENDPROC       SUNPOS
  -------         ENDMOD        SUNPOS

  -------         MODULE        ADC
  C:0000H         SYMBOL        _ICE_DUMMY_
  D:0092H         PUBLIC        P1M0
  D:0091H         PUBLIC        P1M1
  D:0080H         PUBLIC        P0
  D:0090H         PUBLIC        P1
  D:00A0H         PUBLIC        P2
  D:00B0H         PUBLIC        P3
  D:00C0H         PUBLIC        P4
  D:00C8H         PUBLIC        P5
  D:00E8H         PUBLIC        P6
  D:00F8H         PUBLIC        P7
  D:00A8H         PUBLIC        IE
  D:00BDH         PUBLIC        ADC_RES
  D:00B8H         PUBLIC        IP
  D:0097H         PUBLIC        CLK_DIV
  D:00D8H         PUBLIC        CCON
  D:00BCH         PUBLIC        ADC_CONTR
  D:0098H         PUBLIC        SCON
  D:0088H         PUBLIC        TCON
  B:00A0H.4       PUBLIC        P24
  B:00A0H.5       PUBLIC        P25
  B:00A0H.6       PUBLIC        P26
  C:49F4H         PUBLIC        ADC_Init
  C:48BFH         PUBLIC        _ADC_GetResult
  D:009DH         PUBLIC        P1ASF
[...]
  C:4758H         LINE#         62
  C:4758H         LINE#         63
  C:475AH         LINE#         64
  C:475CH         LINE#         66
  C:475CH         LINE#         67
  C:475EH         LINE#         69
  C:475EH         LINE#         70
  C:475EH         LINE#         71
  C:475EH         LINE#         72
  C:4761H         LINE#         73
  C:4765H         LINE#         76
  C:4784H         LINE#         77
  C:4786H         LINE#         78
  -------         ENDPROC       AT25SF041_WRITEENABLE
  -------         PROC          _AT25SF041_WRITE
  D:0003H         SYMBOL        opcode
  X:03B1H         SYMBOL        addr
  X:03B5H         SYMBOL        dat
  -------         DO            
  X:03B6H         SYMBOL        i
  -------         ENDDO         
  C:3CF4H         LINE#         83
  C:3CF6H         LINE#         84
  C:3CF6H         LINE#         85
  C:3CF6H         LINE#         86
  C:3CF8H         LINE#         87
  C:3CFBH         LINE#         90
  C:3D02H         LINE#         91
  C:3D02H         LINE#         92
  C:3D04H         LINE#         93
BL51 BANKED LINKER/LOCATER V6.22                                                      02/25/2019  13:58:44  PAGE 44


  C:3D07H         LINE#         94
  C:3D0BH         LINE#         95
  C:3D0BH         LINE#         96
  C:3D0DH         LINE#         97
  C:3D0FH         LINE#         99
  C:3D0FH         LINE#         100
  C:3D11H         LINE#         102
  C:3D11H         LINE#         103
  C:3D11H         LINE#         104
  C:3D11H         LINE#         105
  C:3D14H         LINE#         106
  C:3D18H         LINE#         109
  C:3D37H         LINE#         111
  C:3D3EH         LINE#         112
  C:3D3EH         LINE#         113
  C:3D40H         LINE#         114
  C:3D43H         LINE#         115
  C:3D5CH         LINE#         116
  C:3D5CH         LINE#         117
  C:3D5EH         LINE#         118
  C:3D60H         LINE#         120
  C:3D60H         LINE#         121
  C:3D62H         LINE#         123
  C:3D62H         LINE#         124
  C:3D62H         LINE#         125
  C:3D62H         LINE#         126
  C:3D65H         LINE#         127
  C:3D7EH         LINE#         129
  C:3D9DH         LINE#         131
  C:3DA4H         LINE#         132
  C:3DA4H         LINE#         133
  C:3DA6H         LINE#         134
  C:3DA9H         LINE#         135
  C:3DB0H         LINE#         136
  C:3DB0H         LINE#         137
  C:3DB2H         LINE#         138
  C:3DB4H         LINE#         140
  C:3DB4H         LINE#         141
  C:3DB6H         LINE#         143
  C:3DB6H         LINE#         144
  C:3DB6H         LINE#         145
  C:3DB6H         LINE#         146
  C:3DB9H         LINE#         147
  C:3DC0H         LINE#         149
  C:3DDFH         LINE#         151
  C:3DE1H         LINE#         152
  -------         ENDPROC       _AT25SF041_WRITE
  -------         PROC          _AT25SF041_READ
  D:0003H         SYMBOL        opcode
  X:0619H         SYMBOL        addr
  -------         DO            
  X:061DH         SYMBOL        dat
  X:061EH         SYMBOL        i
  -------         ENDDO         
  C:3BEEH         LINE#         156
  C:3BF0H         LINE#         157
  C:3BF0H         LINE#         158
BL51 BANKED LINKER/LOCATER V6.22                                                      02/25/2019  13:58:44  PAGE 45


  C:3BF5H         LINE#         160
  C:3BF7H         LINE#         161
  C:3BFDH         LINE#         165
  C:3C02H         LINE#         166
  C:3C02H         LINE#         167
  C:3C04H         LINE#         168
  C:3C07H         LINE#         169
  C:3C0BH         LINE#         170
  C:3C0BH         LINE#         171
  C:3C0DH         LINE#         172
  C:3C0FH         LINE#         174
  C:3C0FH         LINE#         175
  C:3C11H         LINE#         177
  C:3C11H         LINE#         178
  C:3C11H         LINE#         179
  C:3C11H         LINE#         180
  C:3C14H         LINE#         181
  C:3C18H         LINE#         184
  C:3C37H         LINE#         186
  C:3C3EH         LINE#         187
  C:3C3EH         LINE#         188
  C:3C40H         LINE#         189
  C:3C43H         LINE#         190
  C:3C5CH         LINE#         191
  C:3C5CH         LINE#         192
  C:3C5EH         LINE#         193
  C:3C60H         LINE#         195
  C:3C60H         LINE#         196
  C:3C62H         LINE#         198
  C:3C62H         LINE#         199
  C:3C62H         LINE#         200
  C:3C62H         LINE#         201
  C:3C65H         LINE#         202
  C:3C7EH         LINE#         204
  C:3C9DH         LINE#         207
  C:3CA4H         LINE#         209
  C:3CA6H         LINE#         210
  C:3CADH         LINE#         212
  C:3CB4H         LINE#         213
  C:3CB4H         LINE#         214
  C:3CBBH         LINE#         215
  C:3CBBH         LINE#         216
  C:3CBEH         LINE#         217
  C:3CC0H         LINE#         218
  C:3CC3H         LINE#         220
  C:3CC6H         LINE#         221
  C:3CC6H         LINE#         223
  C:3CCAH         LINE#         224
  C:3CCAH         LINE#         230
  C:3CE9H         LINE#         233
  C:3CEBH         LINE#         234
  C:3CEEH         LINE#         235
  C:3CF3H         LINE#         237
  -------         ENDPROC       _AT25SF041_READ
  -------         PROC          READ_STATUS_REGISTER_BYTE1
  -------         DO            
  D:0003H         SYMBOL        dat
BL51 BANKED LINKER/LOCATER V6.22                                                      02/25/2019  13:58:44  PAGE 46


  D:0001H         SYMBOL        opcode
  X:03B2H         SYMBOL        count
  X:03B3H         SYMBOL        i
  -------         ENDDO         
  C:419AH         LINE#         241
  C:419AH         LINE#         242
  C:419AH         LINE#         243
  C:41A0H         LINE#         244
  C:41A4H         LINE#         245
  C:41A6H         LINE#         246
  C:41A8H         LINE#         247
  C:41AEH         LINE#         251
  C:41B5H         LINE#         252
  C:41B5H         LINE#         253
  C:41B7H         LINE#         254
  C:41BAH         LINE#         255
  C:41BEH         LINE#         256
  C:41BEH         LINE#         257
  C:41C0H         LINE#         258
  C:41C2H         LINE#         260
  C:41C2H         LINE#         261
  C:41C4H         LINE#         263
  C:41C4H         LINE#         264
  C:41C4H         LINE#         265
  C:41C4H         LINE#         266
  C:41C7H         LINE#         267
  C:41CBH         LINE#         270
  C:41EAH         LINE#         274
  C:41F1H         LINE#         276
  C:41F3H         LINE#         277
  C:41FAH         LINE#         278
  C:4201H         LINE#         279
  C:4201H         LINE#         280
  C:4205H         LINE#         281
  C:4205H         LINE#         282
  C:4208H         LINE#         283
  C:420AH         LINE#         284
  C:420DH         LINE#         286
  C:4210H         LINE#         287
  C:4210H         LINE#         289
  C:4214H         LINE#         290
  C:4214H         LINE#         292
  C:4233H         LINE#         296
  C:4235H         LINE#         297
  C:4238H         LINE#         298
  C:423AH         LINE#         299
  -------         ENDPROC       READ_STATUS_REGISTER_BYTE1
  -------         ENDMOD        AT25SF041

  -------         MODULE        ?C_STARTUP
  C:4409H         SEGMENT       ?C_C51STARTUP
  I:0022H         SEGMENT       ?STACK
  C:0000H         PUBLIC        ?C_STARTUP
  D:00E0H         SYMBOL        ACC
  D:00F0H         SYMBOL        B
  D:0083H         SYMBOL        DPH
  D:0082H         SYMBOL        DPL
BL51 BANKED LINKER/LOCATER V6.22                                                      02/25/2019  13:58:44  PAGE 47


  N:0000H         SYMBOL        IBPSTACK
  N:0100H         SYMBOL        IBPSTACKTOP
  N:0080H         SYMBOL        IDATALEN
  C:440CH         SYMBOL        IDATALOOP
  N:0000H         SYMBOL        PBPSTACK
  N:0100H         SYMBOL        PBPSTACKTOP
  N:0000H         SYMBOL        PDATALEN
  N:0000H         SYMBOL        PDATASTART
  N:0000H         SYMBOL        PPAGE
  N:0000H         SYMBOL        PPAGEENABLE
  D:00A0H         SYMBOL        PPAGE_SFR
  D:0081H         SYMBOL        SP
  C:4409H         SYMBOL        STARTUP1
  N:0000H         SYMBOL        XBPSTACK
  N:0000H         SYMBOL        XBPSTACKTOP
  N:0000H         SYMBOL        XDATALEN
  N:0000H         SYMBOL        XDATASTART
  C:0000H         LINE#         126
  C:4409H         LINE#         133
  C:440BH         LINE#         134
  C:440CH         LINE#         135
  C:440DH         LINE#         136
  C:440FH         LINE#         185
  C:4412H         LINE#         196
  -------         ENDMOD        ?C_STARTUP

  -------         MODULE        ?C?FPADD
  C:1566H         PUBLIC        ?C?FPADD
  C:1562H         PUBLIC        ?C?FPSUB
  -------         ENDMOD        ?C?FPADD

  -------         MODULE        ?C?FPMUL
  C:1657H         PUBLIC        ?C?FPMUL
  -------         ENDMOD        ?C?FPMUL

  -------         MODULE        ?C?FPDIV
  C:1760H         PUBLIC        ?C?FPDIV
  -------         ENDMOD        ?C?FPDIV

  -------         MODULE        ?C?FPCMP
  C:17FFH         PUBLIC        ?C?FPCMP
  C:17FDH         PUBLIC        ?C?FPCMP3
  -------         ENDMOD        ?C?FPCMP

  -------         MODULE        ?C?FPNEG
  C:1876H         PUBLIC        ?C?FPNEG
  -------         ENDMOD        ?C?FPNEG

  -------         MODULE        ?C?FCAST
  C:1891H         PUBLIC        ?C?FCASTC
  C:188CH         PUBLIC        ?C?FCASTI
  C:1887H         PUBLIC        ?C?FCASTL
  -------         ENDMOD        ?C?FCAST

  -------         MODULE        ?C?CASTF
  C:18C5H         PUBLIC        ?C?CASTF
  -------         ENDMOD        ?C?CASTF
BL51 BANKED LINKER/LOCATER V6.22                                                      02/25/2019  13:58:44  PAGE 48



  -------         MODULE        ATAN2
  X:04C7H         PUBLIC        ?_atan2?BYTE
  C:423BH         PUBLIC        _atan2
  -------         ENDMOD        ATAN2

  -------         MODULE        SIN
  C:36BFH         PUBLIC        _COS
  C:36D5H         PUBLIC        _SIN
  C:3711H         PUBLIC        _TAN
  -------         ENDMOD        SIN

  -------         MODULE        ACOS
  C:46FAH         PUBLIC        _ACOS
  -------         ENDMOD        ACOS

  -------         MODULE        ASIN
  C:4851H         PUBLIC        _ASIN
  -------         ENDMOD        ASIN

  -------         MODULE        SQRT
  C:40F2H         PUBLIC        _SQRT
  -------         ENDMOD        SQRT

  -------         MODULE        ATAN
  C:3AECH         PUBLIC        _ATAN
  -------         ENDMOD        ATAN

  -------         MODULE        ?C?COPY
  C:1A63H         PUBLIC        ?C?COPY
  -------         ENDMOD        ?C?COPY

  -------         MODULE        ?C?CLDPTR
  C:1A89H         PUBLIC        ?C?CLDPTR
  -------         ENDMOD        ?C?CLDPTR

  -------         MODULE        ?C?CLDOPTR
  C:1AA2H         PUBLIC        ?C?CLDOPTR
  -------         ENDMOD        ?C?CLDOPTR

  -------         MODULE        ?C?CSTPTR
  C:1ACFH         PUBLIC        ?C?CSTPTR
  -------         ENDMOD        ?C?CSTPTR

  -------         MODULE        ?C?IMUL
  C:1AE1H         PUBLIC        ?C?IMUL
  -------         ENDMOD        ?C?IMUL

  -------         MODULE        ?C?UIDIV
  C:1AF3H         PUBLIC        ?C?UIDIV
  -------         ENDMOD        ?C?UIDIV

  -------         MODULE        ?C?SIDIV
  C:1B48H         PUBLIC        ?C?SIDIV
  -------         ENDMOD        ?C?SIDIV

  -------         MODULE        ?C?ILDIX
BL51 BANKED LINKER/LOCATER V6.22                                                      02/25/2019  13:58:44  PAGE 49


  C:1B7EH         PUBLIC        ?C?ILDIX
  -------         ENDMOD        ?C?ILDIX

  -------         MODULE        ?C?ILDOPTR
  C:1B94H         PUBLIC        ?C?ILDOPTR
  -------         ENDMOD        ?C?ILDOPTR

  -------         MODULE        ?C?ISTPTR
  C:1BCCH         PUBLIC        ?C?ISTPTR
  -------         ENDMOD        ?C?ISTPTR

  -------         MODULE        ?C?LMUL
  C:1BEBH         PUBLIC        ?C?LMUL
  -------         ENDMOD        ?C?LMUL

  -------         MODULE        ?C?SLDIV
  C:478DH         PUBLIC        ?C?SLDIV
  -------         ENDMOD        ?C?SLDIV

  -------         MODULE        ?C?LNEG
  C:1C3AH         PUBLIC        ?C?LNEG
  -------         ENDMOD        ?C?LNEG

  -------         MODULE        ?C?ULCMP
  C:1C48H         PUBLIC        ?C?ULCMP
  -------         ENDMOD        ?C?ULCMP

  -------         MODULE        ?C?LSHL
  C:1C59H         PUBLIC        ?C?LSHL
  -------         ENDMOD        ?C?LSHL

  -------         MODULE        ?C?LLDPTR
  C:1C6CH         PUBLIC        ?C?LLDPTR
  -------         ENDMOD        ?C?LLDPTR

  -------         MODULE        ?C?LLDOPTR
  C:1C8CH         PUBLIC        ?C?LLDOPTR
  -------         ENDMOD        ?C?LLDOPTR

  -------         MODULE        ?C?LSTPTR
  C:1CBCH         PUBLIC        ?C?LSTPTR
  -------         ENDMOD        ?C?LSTPTR

  -------         MODULE        ?C?LSTOPTR
  C:1CD6H         PUBLIC        ?C?LSTOPTR
  -------         ENDMOD        ?C?LSTOPTR

  -------         MODULE        ?C?LLDXDATA
  C:1CFAH         PUBLIC        ?C?LLDXDATA
  -------         ENDMOD        ?C?LLDXDATA

  -------         MODULE        ?C?LLDCODE
  C:1D06H         PUBLIC        ?C?LLDCODE
  -------         ENDMOD        ?C?LLDCODE

  -------         MODULE        ?C?LLDXDATA0
  C:1D16H         PUBLIC        ?C?LLDXDATA0
BL51 BANKED LINKER/LOCATER V6.22                                                      02/25/2019  13:58:44  PAGE 50


  -------         ENDMOD        ?C?LLDXDATA0

  -------         MODULE        ?C?LLDCODE0
  C:1D22H         PUBLIC        ?C?LLDCODE0
  -------         ENDMOD        ?C?LLDCODE0

  -------         MODULE        ?C?LLDPTR0
  C:1D32H         PUBLIC        ?C?LLDPTR0
  -------         ENDMOD        ?C?LLDPTR0

  -------         MODULE        ?C?LSTXDATA
  C:1D52H         PUBLIC        ?C?LSTXDATA
  -------         ENDMOD        ?C?LSTXDATA

  -------         MODULE        ?C?LSTKXDATA
  C:1D5EH         PUBLIC        ?C?LSTKXDATA
  -------         ENDMOD        ?C?LSTKXDATA

  -------         MODULE        ?C?LSTKPTR
  C:1D8FH         PUBLIC        ?C?LSTKPTR
  -------         ENDMOD        ?C?LSTKPTR

  -------         MODULE        ?C?OFFXADD
  C:1DA9H         PUBLIC        ?C?OFFXADD
  -------         ENDMOD        ?C?OFFXADD

  -------         MODULE        ABS
  C:4B79H         PUBLIC        _ABS
  -------         ENDMOD        ABS

  -------         MODULE        ATOI
  C:3DE8H         PUBLIC        _atoi
  -------         ENDMOD        ATOI

  -------         MODULE        ?C?IILDX
  C:1DB5H         PUBLIC        ?C?IILDX
  -------         ENDMOD        ?C?IILDX

  -------         MODULE        ?C?ULDIV
  C:1E07H         PUBLIC        ?C?ULDIV
  -------         ENDMOD        ?C?ULDIV

  -------         MODULE        ?C?LLDIDATA
  C:1E99H         PUBLIC        ?C?LLDIDATA
  -------         ENDMOD        ?C?LLDIDATA

  -------         MODULE        ?C?LLDPDATA
  C:1EA5H         PUBLIC        ?C?LLDPDATA
  -------         ENDMOD        ?C?LLDPDATA

  -------         MODULE        ?C?LLDIDATA0
  C:1EB1H         PUBLIC        ?C?LLDIDATA0
  -------         ENDMOD        ?C?LLDIDATA0

  -------         MODULE        ?C?LLDPDATA0
  C:1EBEH         PUBLIC        ?C?LLDPDATA0
  -------         ENDMOD        ?C?LLDPDATA0
BL51 BANKED LINKER/LOCATER V6.22                                                      02/25/2019  13:58:44  PAGE 51



  -------         MODULE        ?C?LSTIDATA
  C:1ECBH         PUBLIC        ?C?LSTIDATA
  -------         ENDMOD        ?C?LSTIDATA

  -------         MODULE        ?C?LSTPDATA
  C:1ED7H         PUBLIC        ?C?LSTPDATA
  -------         ENDMOD        ?C?LSTPDATA

  -------         MODULE        ?C?LSTKIDATA
  C:1EE3H         PUBLIC        ?C?LSTKIDATA
  -------         ENDMOD        ?C?LSTKIDATA

  -------         MODULE        ?C?LSTKPDATA
  C:1EFCH         PUBLIC        ?C?LSTKPDATA
  -------         ENDMOD        ?C?LSTKPDATA

  -------         MODULE        ISDIGIT
  C:4B51H         PUBLIC        _isdigit
  -------         ENDMOD        ISDIGIT

  -------         MODULE        ISSPACE
  C:4AECH         PUBLIC        _isspace
  -------         ENDMOD        ISSPACE

*** WARNING L16: UNCALLED SEGMENT, IGNORED FOR OVERLAY PROCESS
    SEGMENT: ?PR?_DISPLAY_PROX?MAIN

*** WARNING L16: UNCALLED SEGMENT, IGNORED FOR OVERLAY PROCESS
    SEGMENT: ?PR?_DAY_OF_YEAR?PCF85063BTL

*** WARNING L16: UNCALLED SEGMENT, IGNORED FOR OVERLAY PROCESS
    SEGMENT: ?PR?INITUART1?UART1

*** WARNING L16: UNCALLED SEGMENT, IGNORED FOR OVERLAY PROCESS
    SEGMENT: ?PR?_SENDSTRING?UART1

*** WARNING L16: UNCALLED SEGMENT, IGNORED FOR OVERLAY PROCESS
    SEGMENT: ?PR?_TEN?UART1

*** WARNING L16: UNCALLED SEGMENT, IGNORED FOR OVERLAY PROCESS
    SEGMENT: ?PR?_UNIT?UART1

*** WARNING L16: UNCALLED SEGMENT, IGNORED FOR OVERLAY PROCESS
    SEGMENT: ?PR?_DECTOBCD?UART1

*** WARNING L16: UNCALLED SEGMENT, IGNORED FOR OVERLAY PROCESS
    SEGMENT: ?PR?_ASCII_LETTER?UART1

*** WARNING L16: UNCALLED SEGMENT, IGNORED FOR OVERLAY PROCESS
    SEGMENT: ?PR?_ASCIITOBCD?UART1

*** WARNING L16: UNCALLED SEGMENT, IGNORED FOR OVERLAY PROCESS
    SEGMENT: ?PR?WAIT?BIPOLARMOTOR

*** WARNING L16: UNCALLED SEGMENT, IGNORED FOR OVERLAY PROCESS
    SEGMENT: ?PR?_FINDDET4X4?BIPOLARMOTOR
BL51 BANKED LINKER/LOCATER V6.22                                                      02/25/2019  13:58:44  PAGE 52



*** WARNING L16: UNCALLED SEGMENT, IGNORED FOR OVERLAY PROCESS
    SEGMENT: ?PR?NOP?IOEXPANDER_PI4IOE5V96248

*** WARNING L16: UNCALLED SEGMENT, IGNORED FOR OVERLAY PROCESS
    SEGMENT: ?PR?UC_ACK?IOEXPANDER_PI4IOE5V96248

*** WARNING L16: UNCALLED SEGMENT, IGNORED FOR OVERLAY PROCESS
    SEGMENT: ?PR?UC_NACK?IOEXPANDER_PI4IOE5V96248

*** WARNING L16: UNCALLED SEGMENT, IGNORED FOR OVERLAY PROCESS
    SEGMENT: ?PR?_AT25SF041_READ?AT25SF041

*** WARNING L1: UNRESOLVED EXTERNAL SYMBOL
    SYMBOL:  AUTO_MODE
    MODULE:  .\Obj\main.obj (MAIN)

*** WARNING L2: REFERENCE MADE TO UNRESOLVED EXTERNAL
    SYMBOL:  AUTO_MODE
    MODULE:  .\Obj\main.obj (MAIN)
    ADDRESS: 0B3BH

*** WARNING L2: REFERENCE MADE TO UNRESOLVED EXTERNAL
    SYMBOL:  AUTO_MODE
    MODULE:  .\Obj\main.obj (MAIN)
    ADDRESS: 0E13H

*** WARNING L2: REFERENCE MADE TO UNRESOLVED EXTERNAL
    SYMBOL:  AUTO_MODE
    MODULE:  .\Obj\main.obj (MAIN)
    ADDRESS: 0E21H

*** WARNING L2: REFERENCE MADE TO UNRESOLVED EXTERNAL
    SYMBOL:  AUTO_MODE
    MODULE:  .\Obj\main.obj (MAIN)
    ADDRESS: 0E33H

*** WARNING L2: REFERENCE MADE TO UNRESOLVED EXTERNAL
    SYMBOL:  AUTO_MODE
    MODULE:  .\Obj\main.obj (MAIN)
    ADDRESS: 0E75H

*** WARNING L2: REFERENCE MADE TO UNRESOLVED EXTERNAL
    SYMBOL:  AUTO_MODE
    MODULE:  .\Obj\main.obj (MAIN)
    ADDRESS: 0F48H

*** WARNING L1: UNRESOLVED EXTERNAL SYMBOL
    SYMBOL:  _SENDUART1
    MODULE:  .\Obj\UART1.obj (UART1)

*** WARNING L2: REFERENCE MADE TO UNRESOLVED EXTERNAL
    SYMBOL:  _SENDUART1
    MODULE:  .\Obj\UART1.obj (UART1)
    ADDRESS: 48BAH

*** WARNING L1: UNRESOLVED EXTERNAL SYMBOL
BL51 BANKED LINKER/LOCATER V6.22                                                      02/25/2019  13:58:44  PAGE 53


    SYMBOL:  AUTO_MODE
    MODULE:  .\Obj\KeyPad.obj (KEYPAD)

*** WARNING L2: REFERENCE MADE TO UNRESOLVED EXTERNAL
    SYMBOL:  AUTO_MODE
    MODULE:  .\Obj\KeyPad.obj (KEYPAD)
    ADDRESS: 30C6H

*** WARNING L2: REFERENCE MADE TO UNRESOLVED EXTERNAL
    SYMBOL:  AUTO_MODE
    MODULE:  .\Obj\KeyPad.obj (KEYPAD)
    ADDRESS: 30D1H

*** WARNING L2: REFERENCE MADE TO UNRESOLVED EXTERNAL
    SYMBOL:  AUTO_MODE
    MODULE:  .\Obj\KeyPad.obj (KEYPAD)
    ADDRESS: 30D8H

Program Size: data=10.2 xdata=1582 code=19371
LINK/LOCATE RUN COMPLETE.  28 WARNING(S),  0 ERROR(S)
