BL51 BANKED LINKER/LOCATER V6.22                                                        02/18/2019  15:54:51  PAGE 1


BL51 BANKED LINKER/LOCATER V6.22, INVOKED BY:
C:\KEIL_V5\C51\BIN\BL51.EXE .\Obj\main.obj, .\Obj\PCF85063BTL.obj, .\Obj\UART1.obj, .\Obj\LCd_Driver_SPLC780D.obj, .\Obj
>> \KeyPad.obj, .\Obj\BipolarMotor.obj, .\Obj\SunPos.obj, .\Obj\ADC.obj, .\Obj\Calibration.obj, .\Obj\IOExpander_PI4IOE5
>> V96248.obj, .\Obj\AT25SF041.obj, .\Obj\STARTUP.obj TO .\Obj\GPIO_RTC_Test PRINT (.\Lis\GPIO_RTC_Test.m51) RAMSIZE (25
>> 6)


MEMORY MODEL: LARGE WITH FLOATING POINT ARITHMETIC


INPUT MODULES INCLUDED:
  .\Obj\main.obj (MAIN)
  .\Obj\PCF85063BTL.obj (PCF85063BTL)
  .\Obj\UART1.obj (UART1)
  .\Obj\LCd_Driver_SPLC780D.obj (LCD_DRIVER_SPLC780D)
  .\Obj\KeyPad.obj (KEYPAD)
  .\Obj\BipolarMotor.obj (BIPOLARMOTOR)
  .\Obj\SunPos.obj (SUNPOS)
  .\Obj\ADC.obj (ADC)
  .\Obj\Calibration.obj (CALIBRATION)
  .\Obj\IOExpander_PI4IOE5V96248.obj (IOEXPANDER_PI4IOE5V96248)
  .\Obj\AT25SF041.obj (AT25SF041)
  .\Obj\STARTUP.obj (?C_STARTUP)
  C:\KEIL_V5\C51\LIB\C51FPL.LIB (?C?FPADD)
  C:\KEIL_V5\C51\LIB\C51FPL.LIB (?C?FPMUL)
  C:\KEIL_V5\C51\LIB\C51FPL.LIB (?C?FPDIV)
  C:\KEIL_V5\C51\LIB\C51FPL.LIB (?C?FPCMP)
  C:\KEIL_V5\C51\LIB\C51FPL.LIB (?C?FPNEG)
  C:\KEIL_V5\C51\LIB\C51FPL.LIB (?C?FCAST)
  C:\KEIL_V5\C51\LIB\C51FPL.LIB (?C?CASTF)
  C:\KEIL_V5\C51\LIB\C51FPL.LIB (ATAN2)
  C:\KEIL_V5\C51\LIB\C51FPL.LIB (SIN)
  C:\KEIL_V5\C51\LIB\C51FPL.LIB (ACOS)
  C:\KEIL_V5\C51\LIB\C51FPL.LIB (ASIN)
  C:\KEIL_V5\C51\LIB\C51FPL.LIB (?C?FPGETOPN)
  C:\KEIL_V5\C51\LIB\C51FPL.LIB (?C?FPSERIES)
  C:\KEIL_V5\C51\LIB\C51FPL.LIB (SQRT)
  C:\KEIL_V5\C51\LIB\C51FPL.LIB (ATAN)
  C:\KEIL_V5\C51\LIB\C51L.LIB (?C_INIT)
  C:\KEIL_V5\C51\LIB\C51L.LIB (?C?COPY)
  C:\KEIL_V5\C51\LIB\C51L.LIB (?C?CLDPTR)
  C:\KEIL_V5\C51\LIB\C51L.LIB (?C?CLDOPTR)
  C:\KEIL_V5\C51\LIB\C51L.LIB (?C?CSTPTR)
  C:\KEIL_V5\C51\LIB\C51L.LIB (?C?IMUL)
  C:\KEIL_V5\C51\LIB\C51L.LIB (?C?UIDIV)
  C:\KEIL_V5\C51\LIB\C51L.LIB (?C?SIDIV)
  C:\KEIL_V5\C51\LIB\C51L.LIB (?C?ILDIX)
  C:\KEIL_V5\C51\LIB\C51L.LIB (?C?ILDOPTR)
  C:\KEIL_V5\C51\LIB\C51L.LIB (?C?ISTPTR)
  C:\KEIL_V5\C51\LIB\C51L.LIB (?C?LMUL)
  C:\KEIL_V5\C51\LIB\C51L.LIB (?C?SLDIV)
  C:\KEIL_V5\C51\LIB\C51L.LIB (?C?LNEG)
  C:\KEIL_V5\C51\LIB\C51L.LIB (?C?LLDPTR)
  C:\KEIL_V5\C51\LIB\C51L.LIB (?C?LLDOPTR)
  C:\KEIL_V5\C51\LIB\C51L.LIB (?C?LSTPTR)
  C:\KEIL_V5\C51\LIB\C51L.LIB (?C?LSTOPTR)
  C:\KEIL_V5\C51\LIB\C51L.LIB (?C?LLDXDATA)
  C:\KEIL_V5\C51\LIB\C51L.LIB (?C?LLDCODE)
BL51 BANKED LINKER/LOCATER V6.22                                                      02/18/2019  15:54:51  PAGE 2


  C:\KEIL_V5\C51\LIB\C51L.LIB (?C?LLDXDATA0)
  C:\KEIL_V5\C51\LIB\C51L.LIB (?C?LLDCODE0)
  C:\KEIL_V5\C51\LIB\C51L.LIB (?C?LLDPTR0)
  C:\KEIL_V5\C51\LIB\C51L.LIB (?C?LSTXDATA)
  C:\KEIL_V5\C51\LIB\C51L.LIB (?C?LSTKXDATA)
  C:\KEIL_V5\C51\LIB\C51L.LIB (?C?LSTKPTR)
  C:\KEIL_V5\C51\LIB\C51L.LIB (?C?OFFXADD)
  C:\KEIL_V5\C51\LIB\C51L.LIB (ABS)
  C:\KEIL_V5\C51\LIB\C51L.LIB (ATOI)
  C:\KEIL_V5\C51\LIB\C51L.LIB (?C?IILDX)
  C:\KEIL_V5\C51\LIB\C51L.LIB (?C?ULDIV)
  C:\KEIL_V5\C51\LIB\C51L.LIB (?C?LLDIDATA)
  C:\KEIL_V5\C51\LIB\C51L.LIB (?C?LLDPDATA)
  C:\KEIL_V5\C51\LIB\C51L.LIB (?C?LLDIDATA0)
  C:\KEIL_V5\C51\LIB\C51L.LIB (?C?LLDPDATA0)
  C:\KEIL_V5\C51\LIB\C51L.LIB (?C?LSTIDATA)
  C:\KEIL_V5\C51\LIB\C51L.LIB (?C?LSTPDATA)
  C:\KEIL_V5\C51\LIB\C51L.LIB (?C?LSTKIDATA)
  C:\KEIL_V5\C51\LIB\C51L.LIB (?C?LSTKPDATA)
  C:\KEIL_V5\C51\LIB\C51L.LIB (ISDIGIT)
  C:\KEIL_V5\C51\LIB\C51L.LIB (ISSPACE)


LINK MAP OF MODULE:  .\Obj\GPIO_RTC_Test (MAIN)


            TYPE    BASE      LENGTH    RELOCATION   SEGMENT NAME
            -----------------------------------------------------

            * * * * * * *   D A T A   M E M O R Y   * * * * * * *
            REG     0000H     0008H     ABSOLUTE     "REG BANK 0"
                    0008H     0018H                  *** GAP ***
            BIT     0020H.0   0000H.5   UNIT         ?BI?KEYPAD
            BIT     0020H.5   0000H.3   UNIT         _BIT_GROUP_
            BIT     0021H.0   0000H.1   UNIT         ?BI?MAIN
            BIT     0021H.1   0000H.1   UNIT         ?BI?_ATOI?ATOI
                    0021H.2   0000H.6                *** GAP ***
            IDATA   0022H     0001H     UNIT         ?STACK

            * * * * * * *  X D A T A   M E M O R Y  * * * * * * *
            XDATA   0000H     038FH     UNIT         ?XD?BIPOLARMOTOR
            XDATA   038FH     0151H     UNIT         _XDATA_GROUP_
            XDATA   04E0H     00D4H     UNIT         ?XD?MAIN
            XDATA   05B4H     0040H     UNIT         ?XD?_FINDDET4X4?BIPOLARMOTOR
            XDATA   05F4H     0024H     UNIT         ?XD?_FINDDET3X3?BIPOLARMOTOR
            XDATA   0618H     0009H     UNIT         ?XD?KEYPAD
            XDATA   0621H     0005H     UNIT         ?XD?_ATOI?ATOI
            XDATA   0626H     0004H     UNIT         ?XD?_DISPLAY_PROX?MAIN
            XDATA   062AH     0003H     UNIT         ?XD?_SENDSTRING?UART1
            XDATA   062DH     0001H     UNIT         ?XD?UC_ACK?IOEXPANDER_PI4IOE5V96248
            XDATA   062EH     0001H     UNIT         ?XD?UC_NACK?IOEXPANDER_PI4IOE5V96248

            * * * * * * *   C O D E   M E M O R Y   * * * * * * *
            CODE    0000H     0003H     ABSOLUTE     
            CODE    0003H     0006H     UNIT         ?PR?_TEN?UART1
            CODE    0009H     0001H     UNIT         ?PR?TM0_ISR?MAIN
            CODE    000AH     0001H     UNIT         ?PR?_DECTOBCD?UART1
BL51 BANKED LINKER/LOCATER V6.22                                                      02/18/2019  15:54:51  PAGE 3


            CODE    000BH     0003H     ABSOLUTE     
            CODE    000EH     0B00H     UNIT         ?PR?_UPDATE_POSITION?BIPOLARMOTOR
            CODE    0B0EH     0992H     UNIT         ?C?LIB_CODE
            CODE    14A0H     08D9H     UNIT         ?PR?MAIN?MAIN
            CODE    1D79H     07A2H     UNIT         ?PR?SUNPOS?SUNPOS
            CODE    251BH     03F2H     UNIT         ?C_INITSEG
            CODE    290DH     0309H     UNIT         ?PR?_FIND_REAL_MAX?CALIBRATION
            CODE    2C16H     02C0H     UNIT         ?PR?_FINDDET4X4?BIPOLARMOTOR
            CODE    2ED6H     02A0H     UNIT         ?PR?KEY_PROCESS?KEYPAD
            CODE    3176H     01D1H     UNIT         ?PR?_FINDDET3X3?BIPOLARMOTOR
            CODE    3347H     018DH     UNIT         ?PR?KEY_SCAN?KEYPAD
            CODE    34D4H     0188H     UNIT         ?PR?SIN?SIN
            CODE    365CH     0172H     UNIT         ?PR?_DISPLAY_POS?MAIN
            CODE    37CEH     013CH     UNIT         ?PR?_CALIBRATION?CALIBRATION
            CODE    390AH     0122H     UNIT         ?PR?ATAN?ATAN
            CODE    3A2CH     00DBH     UNIT         ?PR?_ATOI?ATOI
            CODE    3B07H     00C3H     UNIT         ?PR?LINEAR_INTERPOLATE?BIPOLARMOTOR
            CODE    3BCAH     00BBH     UNIT         ?PR?VOLTAGE_IS_STABLE?CALIBRATION
            CODE    3C85H     00ADH     UNIT         ?PR?_WRITE_PI4IOE5V96248?IOEXPANDER_PI4IOE5V96248
            CODE    3D32H     00ACH     UNIT         ?PR?SQRT?SQRT
            CODE    3DDEH     009DH     UNIT         ?PR?_ATAN2?ATAN2
            CODE    3E7BH     009CH     UNIT         ?PR?_MAX_VALUE?CALIBRATION
            CODE    3F17H     0095H     UNIT         ?PR?_DISPLAY_PROX?MAIN
            CODE    3FACH     008CH     UNIT         ?C_C51STARTUP
            CODE    4038H     0084H     UNIT         ?PR?_DAY_OF_YEAR?PCF85063BTL
            CODE    40BCH     0075H     UNIT         ?PR?_WRITEDATA?LCD_DRIVER_SPLC780D
            CODE    4131H     006FH     UNIT         ?PR?_READ_TIME?PCF85063BTL
            CODE    41A0H     0059H     UNIT         ?PR?LCD_INIT?LCD_DRIVER_SPLC780D
            CODE    41F9H     004AH     UNIT         ?PR?VONESTEPMOVE?BIPOLARMOTOR
            CODE    4243H     004AH     UNIT         ?PR?ACOS?ACOS
            CODE    428DH     0044H     UNIT         ?C?LDIV
            CODE    42D1H     0040H     UNIT         ?PR?_COMMAND?LCD_DRIVER_SPLC780D
            CODE    4311H     0040H     UNIT         ?PR?_STEP_MOVE?BIPOLARMOTOR
            CODE    4351H     003BH     UNIT         ?PR?ASIN?ASIN
            CODE    438CH     0033H     UNIT         ?PR?_SENDSTRING?UART1
            CODE    43BFH     002CH     UNIT         ?PR?_ADC_GETRESULT?ADC
            CODE    43EBH     002BH     UNIT         ?PR?_WAIT_MS_I2C?IOEXPANDER_PI4IOE5V96248
            CODE    4416H     0028H     UNIT         ?PR?_MOVE?BIPOLARMOTOR
            CODE    443EH     0027H     UNIT         ?PR?_I2C_SENDBYTE?IOEXPANDER_PI4IOE5V96248
            CODE    4465H     0024H     UNIT         ?PR?_WAIT_MS?LCD_DRIVER_SPLC780D
            CODE    4489H     0020H     UNIT         ?PR?_SPI_SENDBYTE?PCF85063BTL
            CODE    44A9H     0020H     UNIT         ?PR?SPI_RECEIVEBYTE?PCF85063BTL
            CODE    44C9H     001FH     UNIT         ?PR?ADC_INIT?ADC
            CODE    44E8H     001EH     UNIT         ?PR?_DELAY_MS?KEYPAD
            CODE    4506H     001EH     UNIT         ?PR?_WAIT_MS_SPINOR?AT25SF041
            CODE    4524H     001DH     UNIT         ?PR?_DISPLAYLCD?LCD_DRIVER_SPLC780D
            CODE    4541H     001BH     UNIT         ?PR?_BCDTODEC1?BIPOLARMOTOR
            CODE    455CH     0018H     UNIT         ?PR?_SPI_WRITETIME?PCF85063BTL
            CODE    4574H     0017H     UNIT         ?PR?_ASCIITOBCD?UART1
            CODE    458BH     0016H     UNIT         ?PR?I2C_ACK?IOEXPANDER_PI4IOE5V96248
            CODE    45A1H     0015H     UNIT         ?PR?_DISPLAY_LINE?LCD_DRIVER_SPLC780D
            CODE    45B6H     0015H     UNIT         ?PR?I2C_STOP?IOEXPANDER_PI4IOE5V96248
            CODE    45CBH     0014H     UNIT         ?PR?_PCF85063BTL_DELAY?PCF85063BTL
            CODE    45DFH     0014H     UNIT         ?PR?_ISSPACE?ISSPACE
            CODE    45F3H     0011H     UNIT         ?PR?_SPI_READTIME?PCF85063BTL
            CODE    4604H     0011H     UNIT         ?PR?_BCDTODEC?PCF85063BTL
            CODE    4615H     0011H     UNIT         ?PR?INITUART1?UART1
BL51 BANKED LINKER/LOCATER V6.22                                                      02/18/2019  15:54:51  PAGE 4


            CODE    4626H     000FH     UNIT         ?PR?I2C_START?IOEXPANDER_PI4IOE5V96248
            CODE    4635H     000FH     UNIT         ?PR?UC_NACK?IOEXPANDER_PI4IOE5V96248
            CODE    4644H     000FH     UNIT         ?PR?_ISDIGIT?ISDIGIT
            CODE    4653H     000DH     UNIT         ?PR?SPI_INIT?PCF85063BTL
            CODE    4660H     000CH     UNIT         ?PR?KEYPAD_IO_INIT?KEYPAD
            CODE    466CH     000CH     UNIT         ?PR?_ABS?ABS
            CODE    4678H     000AH     UNIT         ?PR?LCD_RETURN_HOME?LCD_DRIVER_SPLC780D
            CODE    4682H     000AH     UNIT         ?PR?LCD_CLEAR?LCD_DRIVER_SPLC780D
            CODE    468CH     0006H     UNIT         ?PR?UC_ACK?IOEXPANDER_PI4IOE5V96248
            CODE    4692H     0005H     UNIT         ?PR?_UNIT?UART1
            CODE    4697H     0005H     UNIT         ?PR?_ASCII_LETTER?UART1
            CODE    469CH     0001H     UNIT         ?PR?WAIT?BIPOLARMOTOR
            CODE    469DH     0001H     UNIT         ?PR?NOP?IOEXPANDER_PI4IOE5V96248



OVERLAY MAP OF MODULE:   .\Obj\GPIO_RTC_Test (MAIN)


SEGMENT                                             BIT_GROUP          XDATA_GROUP
  +--> CALLED SEGMENT                            START    LENGTH     START    LENGTH
------------------------------------------------------------------------------------
?C_C51STARTUP                                    -----    -----      -----    -----
  +--> ?PR?MAIN?MAIN
  +--> ?C_INITSEG

?PR?MAIN?MAIN                                    -----    -----      038FH    0030H
  +--> ?PR?LCD_INIT?LCD_DRIVER_SPLC780D
  +--> ?PR?SPI_INIT?PCF85063BTL
  +--> ?PR?KEYPAD_IO_INIT?KEYPAD
  +--> ?PR?ADC_INIT?ADC
  +--> ?PR?_SPI_WRITETIME?PCF85063BTL
  +--> ?PR?_DELAY_MS?KEYPAD
  +--> ?PR?_DISPLAY_LINE?LCD_DRIVER_SPLC780D
  +--> ?PR?_WRITEDATA?LCD_DRIVER_SPLC780D
  +--> ?PR?KEY_PROCESS?KEYPAD
  +--> ?PR?_COMMAND?LCD_DRIVER_SPLC780D
  +--> ?PR?_DISPLAY_POS?MAIN
  +--> ?PR?_DISPLAYLCD?LCD_DRIVER_SPLC780D
  +--> ?PR?_STEP_MOVE?BIPOLARMOTOR
  +--> ?PR?LCD_RETURN_HOME?LCD_DRIVER_SPLC780D
  +--> ?PR?_READ_TIME?PCF85063BTL
  +--> ?PR?_ADC_GETRESULT?ADC
  +--> ?PR?_BCDTODEC1?BIPOLARMOTOR
  +--> ?PR?_CALIBRATION?CALIBRATION
  +--> ?PR?LINEAR_INTERPOLATE?BIPOLARMOTOR
  +--> ?PR?_UPDATE_POSITION?BIPOLARMOTOR

?PR?LCD_INIT?LCD_DRIVER_SPLC780D                 -----    -----      -----    -----
  +--> ?PR?_WAIT_MS?LCD_DRIVER_SPLC780D
  +--> ?PR?_COMMAND?LCD_DRIVER_SPLC780D

?PR?_COMMAND?LCD_DRIVER_SPLC780D                 -----    -----      -----    -----
  +--> ?PR?_WAIT_MS?LCD_DRIVER_SPLC780D

?PR?ADC_INIT?ADC                                 -----    -----      -----    -----
  +--> ?PR?_WAIT_MS?LCD_DRIVER_SPLC780D
BL51 BANKED LINKER/LOCATER V6.22                                                      02/18/2019  15:54:51  PAGE 5



?PR?_SPI_WRITETIME?PCF85063BTL                   -----    -----      -----    -----
  +--> ?PR?_SPI_SENDBYTE?PCF85063BTL

?PR?_SPI_SENDBYTE?PCF85063BTL                    -----    -----      -----    -----
  +--> ?PR?_PCF85063BTL_DELAY?PCF85063BTL

?PR?_DISPLAY_LINE?LCD_DRIVER_SPLC780D            -----    -----      -----    -----
  +--> ?PR?_COMMAND?LCD_DRIVER_SPLC780D

?PR?_WRITEDATA?LCD_DRIVER_SPLC780D               -----    -----      046CH    0001H
  +--> ?PR?_WAIT_MS?LCD_DRIVER_SPLC780D

?PR?KEY_PROCESS?KEYPAD                           -----    -----      03BFH    0006H
  +--> ?PR?KEY_SCAN?KEYPAD
  +--> ?PR?_SPI_WRITETIME?PCF85063BTL
  +--> ?PR?LCD_CLEAR?LCD_DRIVER_SPLC780D
  +--> ?PR?_COMMAND?LCD_DRIVER_SPLC780D
  +--> ?PR?_WRITEDATA?LCD_DRIVER_SPLC780D

?PR?KEY_SCAN?KEYPAD                              -----    -----      03C5H    0003H

?PR?LCD_CLEAR?LCD_DRIVER_SPLC780D                -----    -----      -----    -----
  +--> ?PR?_COMMAND?LCD_DRIVER_SPLC780D

?PR?_DISPLAY_POS?MAIN                            -----    -----      0462H    000AH
  +--> ?PR?_ABS?ABS
  +--> ?PR?_WRITEDATA?LCD_DRIVER_SPLC780D

?PR?_DISPLAYLCD?LCD_DRIVER_SPLC780D              -----    -----      03BFH    0001H
  +--> ?PR?_WRITEDATA?LCD_DRIVER_SPLC780D

?PR?_STEP_MOVE?BIPOLARMOTOR                      0020H.6  0000H.1    047BH    0004H
  +--> ?PR?VONESTEPMOVE?BIPOLARMOTOR

?PR?VONESTEPMOVE?BIPOLARMOTOR                    0020H.7  0000H.1    -----    -----
  +--> ?PR?_WRITE_PI4IOE5V96248?IOEXPANDER_P...
  +--> ?PR?_DELAY_MS?KEYPAD

?PR?_WRITE_PI4IOE5V96248?IOEXPANDER_P...         -----    -----      047FH    0003H
  +--> ?PR?I2C_START?IOEXPANDER_PI4IOE5V96248
  +--> ?PR?_WAIT_MS_I2C?IOEXPANDER_PI4IOE5V9...
  +--> ?PR?_I2C_SENDBYTE?IOEXPANDER_PI4IOE5V...
  +--> ?PR?I2C_ACK?IOEXPANDER_PI4IOE5V96248
  +--> ?PR?I2C_STOP?IOEXPANDER_PI4IOE5V96248

?PR?I2C_START?IOEXPANDER_PI4IOE5V96248           -----    -----      -----    -----
  +--> ?PR?_WAIT_MS_I2C?IOEXPANDER_PI4IOE5V9...

?PR?_I2C_SENDBYTE?IOEXPANDER_PI4IOE5V...         -----    -----      -----    -----
  +--> ?PR?_WAIT_MS_I2C?IOEXPANDER_PI4IOE5V9...

?PR?I2C_ACK?IOEXPANDER_PI4IOE5V96248             -----    -----      0482H    0001H
  +--> ?PR?_WAIT_MS_I2C?IOEXPANDER_PI4IOE5V9...

?PR?I2C_STOP?IOEXPANDER_PI4IOE5V96248            -----    -----      -----    -----
  +--> ?PR?_WAIT_MS_I2C?IOEXPANDER_PI4IOE5V9...
BL51 BANKED LINKER/LOCATER V6.22                                                      02/18/2019  15:54:51  PAGE 6



?PR?LCD_RETURN_HOME?LCD_DRIVER_SPLC780D          -----    -----      -----    -----
  +--> ?PR?_COMMAND?LCD_DRIVER_SPLC780D

?PR?_READ_TIME?PCF85063BTL                       -----    -----      03BFH    000FH
  +--> ?PR?_SPI_READTIME?PCF85063BTL

?PR?_SPI_READTIME?PCF85063BTL                    -----    -----      -----    -----
  +--> ?PR?_SPI_SENDBYTE?PCF85063BTL
  +--> ?PR?SPI_RECEIVEBYTE?PCF85063BTL

?PR?SPI_RECEIVEBYTE?PCF85063BTL                  -----    -----      -----    -----
  +--> ?PR?_PCF85063BTL_DELAY?PCF85063BTL

?PR?_CALIBRATION?CALIBRATION                     -----    -----      03BFH    0019H
  +--> ?PR?VOLTAGE_IS_STABLE?CALIBRATION
  +--> ?PR?_UPDATE_POSITION?BIPOLARMOTOR
  +--> ?PR?_FIND_REAL_MAX?CALIBRATION

?PR?VOLTAGE_IS_STABLE?CALIBRATION                -----    -----      03D8H    0018H
  +--> ?PR?_ADC_GETRESULT?ADC
  +--> ?PR?_ABS?ABS

?PR?_UPDATE_POSITION?BIPOLARMOTOR                -----    -----      03D8H    009FH
  +--> ?PR?_BCDTODEC1?BIPOLARMOTOR
  +--> ?PR?SUNPOS?SUNPOS
  +--> ?PR?SIN?SIN
  +--> ?PR?ASIN?ASIN
  +--> ?PR?LINEAR_INTERPOLATE?BIPOLARMOTOR
  +--> ?PR?_ABS?ABS
  +--> ?PR?_MOVE?BIPOLARMOTOR

?PR?SUNPOS?SUNPOS                                -----    -----      0477H    005DH
  +--> ?PR?SIN?SIN
  +--> ?PR?_ATAN2?ATAN2
  +--> ?PR?ASIN?ASIN
  +--> ?PR?ACOS?ACOS

?PR?SIN?SIN                                      0020H.5  0000H.1    04D4H    0004H

?PR?_ATAN2?ATAN2                                 -----    -----      04D4H    0008H
  +--> ?PR?ATAN?ATAN

?PR?ATAN?ATAN                                    0020H.5  0000H.2    04DCH    0004H

?PR?ASIN?ASIN                                    -----    -----      -----    -----
  +--> ?PR?SQRT?SQRT
  +--> ?PR?ATAN?ATAN

?PR?SQRT?SQRT                                    -----    -----      04D4H    0004H

?PR?ACOS?ACOS                                    -----    -----      -----    -----
  +--> ?PR?SQRT?SQRT
  +--> ?PR?ATAN?ATAN

?PR?LINEAR_INTERPOLATE?BIPOLARMOTOR              -----    -----      0477H    0014H

BL51 BANKED LINKER/LOCATER V6.22                                                      02/18/2019  15:54:51  PAGE 7


?PR?_MOVE?BIPOLARMOTOR                           0020H.5  0000H.1    0477H    0004H
  +--> ?PR?_STEP_MOVE?BIPOLARMOTOR

?PR?_FIND_REAL_MAX?CALIBRATION                   -----    -----      03D8H    008AH
  +--> ?PR?_ADC_GETRESULT?ADC
  +--> ?PR?_MOVE?BIPOLARMOTOR
  +--> ?PR?_COMMAND?LCD_DRIVER_SPLC780D
  +--> ?PR?_WRITEDATA?LCD_DRIVER_SPLC780D
  +--> ?PR?_DISPLAY_POS?MAIN
  +--> ?PR?_WAIT_MS?LCD_DRIVER_SPLC780D
  +--> ?PR?_MAX_VALUE?CALIBRATION

?PR?_MAX_VALUE?CALIBRATION                       -----    -----      0462H    0004H



UNRESOLVED EXTERNAL SYMBOLS:
   AUTO_MODE
   _SENDUART1



SYMBOL TABLE OF MODULE:  .\Obj\GPIO_RTC_Test (MAIN)

  VALUE           TYPE          NAME
  ----------------------------------

  -------         MODULE        MAIN
  C:0000H         SYMBOL        _ICE_DUMMY_
  X:04E8H         PUBLIC        calib_value
  D:0080H         PUBLIC        P0
  D:00B2H         PUBLIC        P3M0
  D:0090H         PUBLIC        P1
  D:00B1H         PUBLIC        P3M1
  D:00A0H         PUBLIC        P2
  D:00B0H         PUBLIC        P3
  D:00C0H         PUBLIC        P4
  D:00C8H         PUBLIC        P5
  X:053CH         SYMBOL        PressedKey
  B:00A8H.7       PUBLIC        EA
  D:00E8H         PUBLIC        P6
  X:0540H         PUBLIC        calib_stamp
  D:00F8H         PUBLIC        P7
  X:0541H         PUBLIC        RX_Data_Uart_Cnt
  D:00A8H         PUBLIC        IE
  X:0543H         PUBLIC        calib_time
  D:00B8H         PUBLIC        IP
  X:0597H         PUBLIC        months
  D:00D8H         PUBLIC        CCON
  C:14A0H         PUBLIC        main
  X:0598H         PUBLIC        count
  X:059AH         PUBLIC        days
  X:059BH         PUBLIC        hours
  D:0098H         PUBLIC        SCON
  D:0089H         PUBLIC        TMOD
  D:0088H         PUBLIC        TCON
  B:00A0H.3       PUBLIC        P23
BL51 BANKED LINKER/LOCATER V6.22                                                      02/18/2019  15:54:51  PAGE 8


  X:059CH         SYMBOL        KeyCount
  X:059EH         PUBLIC        mins
  X:059FH         PUBLIC        Rec_data_hour
  B:00C8H.5       PUBLIC        P55
  X:05A2H         PUBLIC        Rec_data_min
  D:008EH         PUBLIC        AUXR
  C:0009H         PUBLIC        tm0_isr
  B:0021H.0       PUBLIC        busy
  B:00A8H.1       PUBLIC        ET0
  D:008CH         PUBLIC        TH0
  X:05A5H         PUBLIC        hour_count
  D:008AH         PUBLIC        TL0
  X:05A6H         PUBLIC        min_count
  B:0088H.4       PUBLIC        TR0
  X:05A7H         SYMBOL        KeyNum
  X:05A8H         SYMBOL        KeyNum_Old
  X:05A9H         PUBLIC        current_position
  X:05ADH         PUBLIC        hours1
  X:05AEH         PUBLIC        hours2
  C:3F17H         PUBLIC        _Display_Prox
  X:05AFH         PUBLIC        mins1
  X:05B0H         PUBLIC        mins2
  C:365CH         PUBLIC        _Display_Pos
  X:05B1H         PUBLIC        seconds
  X:05B2H         PUBLIC        st_time
  D:00D0H         PUBLIC        PSW
  -------         PROC          TM0_ISR
  C:0009H         LINE#         85
  C:0009H         LINE#         87
  -------         ENDPROC       TM0_ISR
  -------         PROC          MAIN
  -------         DO            
  X:038FH         SYMBOL        sunlight_ADC
  X:04E0H         SYMBOL        KeyCount
  X:04E2H         SYMBOL        KeyNum_Old
  X:04E3H         SYMBOL        KeyNum
  X:04E4H         SYMBOL        PressedKey
  X:0391H         SYMBOL        prox_flag
  X:0392H         SYMBOL        iUse_prevday_calib_value
  X:0394H         SYMBOL        max_ADC_Val
  X:0396H         SYMBOL        max_ADC_Val_JP
  X:0398H         SYMBOL        calib_point1
  X:03A0H         SYMBOL        calib_point2
  X:03A8H         SYMBOL        dat_to_store
  X:03B3H         SYMBOL        calib_day
  X:03B5H         SYMBOL        calib_count
  X:03B7H         SYMBOL        theorical_JP_max_pos
  X:03BBH         SYMBOL        spi_nor_mem_addr
  -------         ENDDO         
  C:14A0H         LINE#         89
  C:14A0H         LINE#         90
  C:14A0H         LINE#         95
  C:14A6H         LINE#         96
  C:14AFH         LINE#         100
  C:14B5H         LINE#         101
  C:14BFH         LINE#         102
  C:14C9H         LINE#         106
BL51 BANKED LINKER/LOCATER V6.22                                                      02/18/2019  15:54:51  PAGE 9


  C:14CBH         LINE#         107
  C:14CDH         LINE#         108
  C:14CFH         LINE#         109
  C:14D1H         LINE#         111
  C:14D8H         LINE#         120
  C:14DAH         LINE#         121
  C:14DDH         LINE#         122
  C:14E0H         LINE#         123
  C:14E3H         LINE#         124
  C:14E6H         LINE#         125
  C:14E9H         LINE#         128
  C:14ECH         LINE#         130
  C:14EFH         LINE#         131
  C:14F2H         LINE#         132
  C:14F5H         LINE#         133
  C:14F7H         LINE#         134
  C:14F9H         LINE#         135
  C:14FBH         LINE#         137
  C:14FDH         LINE#         138
  C:1504H         LINE#         139
  C:150BH         LINE#         140
  C:1512H         LINE#         141
  C:1519H         LINE#         145
  C:1520H         LINE#         146
  C:1525H         LINE#         147
  C:152AH         LINE#         148
  C:152FH         LINE#         149
  C:1534H         LINE#         150
  C:1539H         LINE#         153
  C:1552H         LINE#         154
  C:1552H         LINE#         155
  C:156EH         LINE#         156
  C:15B5H         LINE#         157
  C:15C6H         LINE#         158
  C:15C6H         LINE#         159
  C:15C6H         LINE#         160
  C:15C9H         LINE#         163
  C:15C9H         LINE#         166
  C:15CEH         LINE#         167
  C:15D3H         LINE#         169
  C:15D8H         LINE#         170
  C:15DDH         LINE#         171
  C:15E2H         LINE#         172
  C:15E7H         LINE#         174
  C:15F8H         LINE#         175
  C:15FDH         LINE#         176
  C:1602H         LINE#         178
  C:1609H         LINE#         179
  C:1611H         LINE#         180
  C:1616H         LINE#         181
  C:161EH         LINE#         182
  C:1623H         LINE#         183
  C:162DH         LINE#         184
  C:1632H         LINE#         185
  C:163AH         LINE#         187
  C:1642H         LINE#         188
  C:1647H         LINE#         189
BL51 BANKED LINKER/LOCATER V6.22                                                      02/18/2019  15:54:51  PAGE 10


  C:1651H         LINE#         190
  C:1651H         LINE#         191
  C:1653H         LINE#         192
  C:1655H         LINE#         193
  C:165FH         LINE#         194
  C:165FH         LINE#         195
  C:1664H         LINE#         196
  C:1664H         LINE#         208
  C:1671H         LINE#         209
  C:1671H         LINE#         210
  C:167BH         LINE#         211
  C:1692H         LINE#         212
  C:1692H         LINE#         213
  C:1694H         LINE#         214
  C:1696H         LINE#         216
  C:1696H         LINE#         217
  C:16A1H         LINE#         218
  C:16A1H         LINE#         219
  C:16A6H         LINE#         220
  C:16A6H         LINE#         221
  C:16B3H         LINE#         222
  C:16B3H         LINE#         225
  C:16BDH         LINE#         226
  C:16D4H         LINE#         227
  C:16D4H         LINE#         228
  C:16D6H         LINE#         229
  C:16D8H         LINE#         231
  C:16D8H         LINE#         232
  C:16E3H         LINE#         233
  C:16E3H         LINE#         234
  C:16E8H         LINE#         235
  C:16EAH         LINE#         236
  C:16EAH         LINE#         245
  C:170CH         LINE#         246
  C:170CH         LINE#         247
  C:1716H         LINE#         248
  C:171CH         LINE#         249
  C:171EH         LINE#         250
  C:1720H         LINE#         251
  C:1722H         LINE#         252
  C:1722H         LINE#         253
  C:1725H         LINE#         255
  C:1725H         LINE#         256
  C:172BH         LINE#         257
  C:1733H         LINE#         258
  C:1739H         LINE#         259
  C:1741H         LINE#         260
  C:177CH         LINE#         264
  C:1789H         LINE#         265
  C:1789H         LINE#         266
  C:1796H         LINE#         267
  C:17C9H         LINE#         268
  C:17D6H         LINE#         269
  C:17D6H         LINE#         271
  C:1805H         LINE#         272
  C:1805H         LINE#         273
  C:1827H         LINE#         274
BL51 BANKED LINKER/LOCATER V6.22                                                      02/18/2019  15:54:51  PAGE 11


  C:1827H         LINE#         275
  C:18A3H         LINE#         276
  C:190DH         LINE#         295
  C:1910H         LINE#         296
  C:1921H         LINE#         297
  C:1921H         LINE#         298
  C:1921H         LINE#         300
  C:1921H         LINE#         303
  C:1924H         LINE#         305
  C:1924H         LINE#         306
  C:1946H         LINE#         307
  C:1946H         LINE#         308
  C:19C2H         LINE#         309
  C:1A17H         LINE#         310
  C:1A17H         LINE#         311
  C:1A17H         LINE#         312
  C:1A1AH         LINE#         316
  C:1A1AH         LINE#         319
  C:1A4EH         LINE#         320
  C:1A4EH         LINE#         321
  C:1A70H         LINE#         322
  C:1A70H         LINE#         323
  C:1AECH         LINE#         324
  C:1B6AH         LINE#         344
  C:1B6DH         LINE#         345
  C:1B7EH         LINE#         346
  C:1B7EH         LINE#         347
  C:1B86H         LINE#         349
  C:1B86H         LINE#         352
  C:1B89H         LINE#         354
  C:1B89H         LINE#         356
  C:1BABH         LINE#         357
  C:1BABH         LINE#         358
  C:1C27H         LINE#         360
  C:1C54H         LINE#         361
  C:1C6FH         LINE#         362
  C:1C9CH         LINE#         363
  C:1CB7H         LINE#         365
  C:1D53H         LINE#         368
  C:1D53H         LINE#         369
  C:1D53H         LINE#         370
  C:1D53H         LINE#         372
  C:1D53H         LINE#         375
  C:1D6FH         LINE#         376
  C:1D74H         LINE#         378
  C:1D76H         LINE#         379
  -------         ENDPROC       MAIN
  -------         PROC          _DISPLAY_PROX
  D:0002H         SYMBOL        dat
  -------         DO            
  X:0626H         SYMBOL        unit
  X:0627H         SYMBOL        ten
  X:0628H         SYMBOL        hundred
  X:0629H         SYMBOL        thousand
  -------         ENDDO         
  C:3F17H         LINE#         463
  C:3F1BH         LINE#         464
BL51 BANKED LINKER/LOCATER V6.22                                                      02/18/2019  15:54:51  PAGE 12


  C:3F1BH         LINE#         466
  C:3F27H         LINE#         467
  C:3F37H         LINE#         468
  C:3F53H         LINE#         469
  C:3F83H         LINE#         470
  C:3F8DH         LINE#         471
  C:3F97H         LINE#         472
  C:3FA1H         LINE#         473
  C:3FABH         LINE#         475
  -------         ENDPROC       _DISPLAY_PROX
  -------         PROC          _DISPLAY_POS
  X:0462H         SYMBOL        sign_dat
  -------         DO            
  X:0466H         SYMBOL        unit
  X:0467H         SYMBOL        ten
  X:0468H         SYMBOL        hundred
  D:0003H         SYMBOL        thousand
  X:0469H         SYMBOL        after_dot
  X:046AH         SYMBOL        dat
  -------         ENDDO         
  C:365CH         LINE#         478
  C:3662H         LINE#         479
  C:3662H         LINE#         483
  C:367EH         LINE#         484
  C:3698H         LINE#         485
  C:36BCH         LINE#         487
  C:3706H         LINE#         489
  C:371DH         LINE#         490
  C:372AH         LINE#         491
  C:374CH         LINE#         492
  C:3781H         LINE#         493
  C:3799H         LINE#         494
  C:3799H         LINE#         496
  C:3799H         LINE#         497
  C:3799H         LINE#         498
  C:3799H         LINE#         499
  C:3799H         LINE#         500
  C:3799H         LINE#         504
  C:379BH         LINE#         506
  C:379BH         LINE#         508
  C:37A0H         LINE#         509
  C:37AAH         LINE#         510
  C:37B4H         LINE#         511
  C:37BEH         LINE#         512
  C:37C3H         LINE#         513
  C:37CDH         LINE#         517
  C:37CDH         LINE#         519
  -------         ENDPROC       _DISPLAY_POS
  -------         ENDMOD        MAIN

  -------         MODULE        PCF85063BTL
  C:0000H         SYMBOL        _ICE_DUMMY_
  D:0096H         PUBLIC        P2M0
  D:0080H         PUBLIC        P0
  D:0095H         PUBLIC        P2M1
  D:0090H         PUBLIC        P1
  D:00A0H         PUBLIC        P2
BL51 BANKED LINKER/LOCATER V6.22                                                      02/18/2019  15:54:51  PAGE 13


  D:00B0H         PUBLIC        P3
  D:00C0H         PUBLIC        P4
  D:00C8H         PUBLIC        P5
  D:00E8H         PUBLIC        P6
  B:00A0H.1       PUBLIC        PCF85063BTL_SDI
  D:00F8H         PUBLIC        P7
  B:00A0H.2       PUBLIC        PCF85063BTL_SCK
  B:00A0H.1       PUBLIC        PCF85063BTL_SDO
  D:00A8H         PUBLIC        IE
  C:4131H         PUBLIC        _Read_time
  C:45D1H         PUBLIC        _PCF85063BTL_Delay
  D:00B8H         PUBLIC        IP
  D:00D8H         PUBLIC        CCON
  C:4038H         PUBLIC        _Day_Of_Year
  C:44A9H         PUBLIC        SPI_ReceiveByte
  D:0098H         PUBLIC        SCON
  D:0088H         PUBLIC        TCON
  C:4604H         PUBLIC        _BCDtoDec
  B:00A0H.0       PUBLIC        PCF85063BTL_CS
  C:45F3H         PUBLIC        _SPI_ReadTime
  C:4653H         PUBLIC        SPI_Init
  C:455CH         PUBLIC        _SPI_WriteTime
  C:4489H         PUBLIC        _SPI_SendByte
  D:00D0H         PUBLIC        PSW
  C:45CDH         SYMBOL        L?0047
  -------         PROC          L?0046
  -------         ENDPROC       L?0046
  C:45CDH         SYMBOL        L?0047
  -------         PROC          _PCF85063BTL_DELAY
  D:0006H         SYMBOL        us
  C:45D1H         LINE#         8
  C:45D1H         LINE#         9
  C:45D1H         LINE#         10
  C:45DBH         LINE#         11
  C:45DBH         LINE#         12
  C:45DCH         LINE#         13
  C:45DEH         LINE#         14
  -------         ENDPROC       _PCF85063BTL_DELAY
  -------         PROC          _SPI_SENDBYTE
  D:0005H         SYMBOL        dat
  -------         DO            
  D:0003H         SYMBOL        i
  -------         ENDDO         
  C:4489H         LINE#         17
  C:448BH         LINE#         18
  C:448BH         LINE#         20
  C:448DH         LINE#         21
  C:448DH         LINE#         22
  C:448FH         LINE#         23
  C:4493H         LINE#         24
  C:4493H         LINE#         25
  C:4495H         LINE#         26
  C:4497H         LINE#         28
  C:4497H         LINE#         29
  C:4499H         LINE#         30
  C:4499H         LINE#         31
  C:449CH         LINE#         32
BL51 BANKED LINKER/LOCATER V6.22                                                      02/18/2019  15:54:51  PAGE 14


  C:449CH         LINE#         33
  C:449FH         LINE#         34
  C:44A3H         LINE#         35
  C:44A8H         LINE#         36
  -------         ENDPROC       _SPI_SENDBYTE
  -------         PROC          SPI_RECEIVEBYTE
  -------         DO            
  D:0003H         SYMBOL        i
  D:0005H         SYMBOL        dat
  -------         ENDDO         
  C:44A9H         LINE#         39
  C:44A9H         LINE#         40
  C:44A9H         LINE#         42
  C:44ABH         LINE#         44
  C:44ADH         LINE#         45
  C:44AEH         LINE#         46
  C:44AEH         LINE#         47
  C:44B2H         LINE#         48
  C:44B4H         LINE#         49
  C:44B7H         LINE#         51
  C:44BAH         LINE#         52
  C:44BAH         LINE#         53
  C:44BEH         LINE#         54
  C:44BEH         LINE#         55
  C:44BEH         LINE#         56
  C:44C1H         LINE#         57
  C:44C6H         LINE#         58
  C:44C8H         LINE#         59
  -------         ENDPROC       SPI_RECEIVEBYTE
  -------         PROC          _SPI_READTIME
  D:0007H         SYMBOL        addr
  -------         DO            
  D:0006H         SYMBOL        dat
  -------         ENDDO         
  C:45F3H         LINE#         61
  C:45F3H         LINE#         62
  C:45F3H         LINE#         64
  C:45F5H         LINE#         65
  C:45F7H         LINE#         66
  C:45FEH         LINE#         67
  C:4601H         LINE#         68
  C:4603H         LINE#         69
  C:4603H         LINE#         70
  -------         ENDPROC       _SPI_READTIME
  -------         PROC          _SPI_WRITETIME
  D:0002H         SYMBOL        val
  D:0005H         SYMBOL        addr
  C:455CH         LINE#         71
  C:455EH         LINE#         72
  C:455EH         LINE#         74
  C:4560H         LINE#         75
  C:4567H         LINE#         76
  C:456CH         LINE#         77
  C:4571H         LINE#         78
  C:4573H         LINE#         79
  -------         ENDPROC       _SPI_WRITETIME
  -------         PROC          SPI_INIT
BL51 BANKED LINKER/LOCATER V6.22                                                      02/18/2019  15:54:51  PAGE 15


  C:4653H         LINE#         83
  C:4653H         LINE#         84
  C:4653H         LINE#         89
  C:4656H         LINE#         90
  C:4659H         LINE#         91
  C:465BH         LINE#         92
  C:465DH         LINE#         93
  C:465FH         LINE#         94
  -------         ENDPROC       SPI_INIT
  -------         PROC          _READ_TIME
  X:03BFH         SYMBOL        months
  X:03C2H         SYMBOL        days
  X:03C5H         SYMBOL        hours
  X:03C8H         SYMBOL        mins
  X:03CBH         SYMBOL        seconds
  C:4131H         LINE#         96
  C:413CH         LINE#         97
  C:413CH         LINE#         99
  C:4150H         LINE#         101
  C:4164H         LINE#         103
  C:4178H         LINE#         108
  C:418CH         LINE#         113
  -------         ENDPROC       _READ_TIME
  -------         PROC          _BCDTODEC
  D:0007H         SYMBOL        bcd
  -------         DO            
  D:0006H         SYMBOL        hi
  D:0007H         SYMBOL        lo
  -------         ENDDO         
  C:4604H         LINE#         119
  C:4604H         LINE#         120
  C:4604H         LINE#         122
  C:4609H         LINE#         123
  C:460DH         LINE#         124
  C:4614H         LINE#         125
  -------         ENDPROC       _BCDTODEC
  -------         PROC          _DAY_OF_YEAR
  D:0007H         SYMBOL        months_bcd
  D:0005H         SYMBOL        days_bcd
  -------         DO            
  D:0004H         SYMBOL        months
  D:0007H         SYMBOL        days
  -------         ENDDO         
  C:4038H         LINE#         126
  C:4038H         LINE#         127
  C:4038H         LINE#         130
  C:403DH         LINE#         132
  C:4042H         LINE#         134
  C:407BH         LINE#         135
  C:407BH         LINE#         136
  C:407BH         LINE#         137
  C:407EH         LINE#         138
  C:407EH         LINE#         139
  C:407EH         LINE#         140
  C:4083H         LINE#         141
  C:4083H         LINE#         142
  C:4083H         LINE#         143
BL51 BANKED LINKER/LOCATER V6.22                                                      02/18/2019  15:54:51  PAGE 16


  C:4088H         LINE#         144
  C:4088H         LINE#         145
  C:4088H         LINE#         146
  C:408DH         LINE#         147
  C:408DH         LINE#         148
  C:408DH         LINE#         149
  C:4092H         LINE#         150
  C:4092H         LINE#         151
  C:4092H         LINE#         152
  C:4097H         LINE#         153
  C:4097H         LINE#         154
  C:4097H         LINE#         155
  C:409CH         LINE#         156
  C:409CH         LINE#         157
  C:409CH         LINE#         158
  C:40A1H         LINE#         159
  C:40A1H         LINE#         160
  C:40A1H         LINE#         161
  C:40A9H         LINE#         162
  C:40A9H         LINE#         163
  C:40A9H         LINE#         164
  C:40AEH         LINE#         165
  C:40AEH         LINE#         166
  C:40AEH         LINE#         167
  C:40B3H         LINE#         168
  C:40B3H         LINE#         169
  C:40B3H         LINE#         170
  C:40BBH         LINE#         171
  C:40BBH         LINE#         172
  C:40BBH         LINE#         173
  -------         ENDPROC       _DAY_OF_YEAR
  -------         ENDMOD        PCF85063BTL

  -------         MODULE        UART1
  C:0000H         SYMBOL        _ICE_DUMMY_
  D:0080H         PUBLIC        P0
  D:0090H         PUBLIC        P1
  D:00A0H         PUBLIC        P2
  D:00B0H         PUBLIC        P3
  D:00C0H         PUBLIC        P4
  D:00C8H         PUBLIC        P5
  B:00A8H.7       PUBLIC        EA
  D:00E8H         PUBLIC        P6
  D:00F8H         PUBLIC        P7
  C:438CH         PUBLIC        _SendString
  D:00A8H         PUBLIC        IE
  B:00A8H.4       PUBLIC        ES
  D:00B8H         PUBLIC        IP
  C:4574H         PUBLIC        _ASCIItoBCD
  D:00D8H         PUBLIC        CCON
  C:4615H         PUBLIC        initUART1
  D:0098H         PUBLIC        SCON
  D:0088H         PUBLIC        TCON
  C:000AH         PUBLIC        _DectoBCD
  C:4697H         PUBLIC        _ASCII_Letter
  D:008EH         PUBLIC        AUXR
  C:4692H         PUBLIC        _unit
BL51 BANKED LINKER/LOCATER V6.22                                                      02/18/2019  15:54:51  PAGE 17


  C:0003H         PUBLIC        _ten
  D:00D6H         PUBLIC        T2H
  D:00D7H         PUBLIC        T2L
  D:00D0H         PUBLIC        PSW
  -------         PROC          INITUART1
  C:4615H         LINE#         21
  C:4615H         LINE#         22
  C:4615H         LINE#         23
  C:4618H         LINE#         24
  C:461BH         LINE#         25
  C:461EH         LINE#         26
  C:4621H         LINE#         27
  C:4623H         LINE#         28
  C:4625H         LINE#         30
  -------         ENDPROC       INITUART1
  -------         PROC          _SENDSTRING
  X:062AH         SYMBOL        s
  C:438CH         LINE#         35
  C:4397H         LINE#         36
  C:4397H         LINE#         37
  C:43A7H         LINE#         38
  C:43A7H         LINE#         39
  C:43BCH         LINE#         40
  C:43BEH         LINE#         41
  -------         ENDPROC       _SENDSTRING
  -------         PROC          _TEN
  D:0007H         SYMBOL        BCD
  C:0003H         LINE#         43
  C:0003H         LINE#         44
  C:0003H         LINE#         45
  C:0008H         LINE#         46
  -------         ENDPROC       _TEN
  -------         PROC          _UNIT
  D:0007H         SYMBOL        BCD
  C:4692H         LINE#         47
  C:4692H         LINE#         48
  C:4692H         LINE#         52
  C:4696H         LINE#         53
  -------         ENDPROC       _UNIT
  -------         PROC          _DECTOBCD
  D:0007H         SYMBOL        dec
  C:000AH         LINE#         54
  C:000AH         LINE#         55
  C:000AH         LINE#         57
  C:000AH         LINE#         58
  -------         ENDPROC       _DECTOBCD
  -------         PROC          _ASCII_LETTER
  D:0007H         SYMBOL        dat
  C:4697H         LINE#         60
  C:4697H         LINE#         61
  C:4697H         LINE#         63
  C:469BH         LINE#         64
  -------         ENDPROC       _ASCII_LETTER
  -------         PROC          _ASCIITOBCD
  D:0001H         SYMBOL        ascii
  -------         DO            
  D:0007H         SYMBOL        dec_val
BL51 BANKED LINKER/LOCATER V6.22                                                      02/18/2019  15:54:51  PAGE 18


  D:0006H         SYMBOL        ten
  D:0007H         SYMBOL        unit
  -------         ENDDO         
  C:4574H         LINE#         66
  C:4574H         LINE#         67
  C:4574H         LINE#         69
  C:4577H         LINE#         70
  C:457DH         LINE#         71
  C:4584H         LINE#         72
  C:458AH         LINE#         74
  -------         ENDPROC       _ASCIITOBCD
  -------         ENDMOD        UART1

  -------         MODULE        LCD_DRIVER_SPLC780D
  C:0000H         SYMBOL        _ICE_DUMMY_
  D:0092H         PUBLIC        P1M0
  D:0091H         PUBLIC        P1M1
  D:0080H         PUBLIC        P0
  D:0090H         PUBLIC        P1
  D:00A0H         PUBLIC        P2
  D:00B0H         PUBLIC        P3
  D:00C0H         PUBLIC        P4
  D:00C8H         PUBLIC        P5
  D:00E8H         PUBLIC        P6
  D:00F8H         PUBLIC        P7
  C:40BCH         PUBLIC        _WriteData
  D:00A8H         PUBLIC        IE
  D:00B8H         PUBLIC        IP
  D:00D8H         PUBLIC        CCON
  B:00B0H.4       PUBLIC        LCD_D4
  B:00B0H.5       PUBLIC        LCD_D5
  B:00B0H.6       PUBLIC        LCD_D6
  C:4524H         PUBLIC        _DisplayLCD
  B:00B0H.7       PUBLIC        LCD_D7
  D:0098H         PUBLIC        SCON
  D:0088H         PUBLIC        TCON
  C:4682H         PUBLIC        LCD_clear
  C:42D1H         PUBLIC        _Command
  C:45A1H         PUBLIC        _Display_Line
  C:41A0H         PUBLIC        LCD_Init
  C:446BH         PUBLIC        _Wait_ms
  B:00C0H.0       PUBLIC        LCD_RS
  B:00B0H.2       PUBLIC        LCD_RW
  C:4678H         PUBLIC        LCD_return_home
  B:00B0H.3       PUBLIC        LCD_E
  D:00D0H         PUBLIC        PSW
  -------         PROC          LCD_INIT
  C:41A0H         LINE#         9
  C:41A0H         LINE#         10
  C:41A0H         LINE#         11
  C:41A3H         LINE#         12
  C:41A6H         LINE#         14
  C:41ACH         LINE#         15
  C:41B1H         LINE#         17
  C:41B8H         LINE#         18
  C:41BDH         LINE#         20
  C:41C0H         LINE#         21
BL51 BANKED LINKER/LOCATER V6.22                                                      02/18/2019  15:54:51  PAGE 19


  C:41C5H         LINE#         23
  C:41C8H         LINE#         24
  C:41CDH         LINE#         26
  C:41D4H         LINE#         29
  C:41D9H         LINE#         30
  C:41DEH         LINE#         32
  C:41E3H         LINE#         33
  C:41E8H         LINE#         35
  C:41EDH         LINE#         36
  C:41F2H         LINE#         37
  -------         ENDPROC       LCD_INIT
  -------         PROC          _WRITEDATA
  X:046CH         SYMBOL        dat
  C:40BCH         LINE#         40
  C:40C1H         LINE#         41
  C:40C1H         LINE#         46
  C:40C3H         LINE#         47
  C:40C5H         LINE#         49
  C:40D3H         LINE#         50
  C:40DFH         LINE#         51
  C:40EBH         LINE#         52
  C:40F5H         LINE#         53
  C:40F7H         LINE#         54
  C:40FEH         LINE#         55
  C:4100H         LINE#         57
  C:4110H         LINE#         58
  C:411BH         LINE#         59
  C:4125H         LINE#         60
  C:4129H         LINE#         62
  C:4129H         LINE#         63
  C:412CH         LINE#         64
  C:412EH         LINE#         65
  C:4130H         LINE#         67
  -------         ENDPROC       _WRITEDATA
  -------         PROC          _COMMAND
  D:0007H         SYMBOL        dat
  C:42D1H         LINE#         69
  C:42D1H         LINE#         70
  C:42D1H         LINE#         71
  C:42D3H         LINE#         72
  C:42D5H         LINE#         74
  C:42DFH         LINE#         75
  C:42E3H         LINE#         77
  C:42E5H         LINE#         78
  C:42EEH         LINE#         79
  C:42F2H         LINE#         81
  C:42F4H         LINE#         82
  C:42FBH         LINE#         83
  C:42FFH         LINE#         85
  C:4301H         LINE#         86
  C:4305H         LINE#         87
  C:4309H         LINE#         89
  C:430BH         LINE#         90
  C:430BH         LINE#         91
  C:430EH         LINE#         92
  C:4310H         LINE#         93
  -------         ENDPROC       _COMMAND
BL51 BANKED LINKER/LOCATER V6.22                                                      02/18/2019  15:54:51  PAGE 20


  C:4467H         SYMBOL        L?0028
  -------         PROC          L?0027
  -------         ENDPROC       L?0027
  C:4467H         SYMBOL        L?0028
  -------         PROC          _WAIT_MS
  D:0006H         SYMBOL        ms
  -------         DO            
  D:0004H         SYMBOL        De_Cnt
  -------         ENDDO         
  C:446BH         LINE#         95
  C:446BH         LINE#         96
  C:446BH         LINE#         98
  C:4475H         LINE#         99
  C:4475H         LINE#         100
  C:4488H         LINE#         101
  C:4488H         LINE#         102
  -------         ENDPROC       _WAIT_MS
  -------         PROC          _DISPLAYLCD
  D:0007H         SYMBOL        BCD
  -------         DO            
  D:0006H         SYMBOL        first_digit
  X:03BFH         SYMBOL        second_digit
  -------         ENDDO         
  C:4524H         LINE#         103
  C:4524H         LINE#         104
  C:4524H         LINE#         106
  C:452BH         LINE#         107
  C:4534H         LINE#         109
  C:4539H         LINE#         111
  -------         ENDPROC       _DISPLAYLCD
  -------         PROC          LCD_RETURN_HOME
  C:4678H         LINE#         115
  C:4678H         LINE#         116
  C:4678H         LINE#         117
  C:467DH         LINE#         118
  -------         ENDPROC       LCD_RETURN_HOME
  -------         PROC          LCD_CLEAR
  C:4682H         LINE#         121
  C:4682H         LINE#         122
  C:4682H         LINE#         123
  C:4687H         LINE#         124
  -------         ENDPROC       LCD_CLEAR
  -------         PROC          _DISPLAY_LINE
  D:0006H         SYMBOL        line
  C:45A1H         LINE#         128
  C:45A1H         LINE#         129
  C:45A1H         LINE#         130
  C:45A7H         LINE#         131
  C:45A7H         LINE#         132
  C:45A9H         LINE#         133
  C:45A9H         LINE#         134
  C:45ABH         LINE#         136
  C:45ABH         LINE#         137
  C:45B0H         LINE#         138
  C:45B5H         LINE#         139
  C:45B5H         LINE#         140
  -------         ENDPROC       _DISPLAY_LINE
BL51 BANKED LINKER/LOCATER V6.22                                                      02/18/2019  15:54:51  PAGE 21


  -------         ENDMOD        LCD_DRIVER_SPLC780D

  -------         MODULE        KEYPAD
  C:0000H         SYMBOL        _ICE_DUMMY_
  D:0093H         PUBLIC        P0M1
  D:0080H         PUBLIC        P0
  D:0090H         PUBLIC        P1
  D:00A0H         PUBLIC        P2
  D:00B0H         PUBLIC        P3
  D:00C0H         PUBLIC        P4
  D:00C8H         PUBLIC        P5
  B:0020H.0       PUBLIC        calib_mode
  D:00E8H         PUBLIC        P6
  D:00F8H         PUBLIC        P7
  D:00A8H         PUBLIC        IE
  C:3347H         PUBLIC        Key_Scan
  D:00B8H         PUBLIC        IP
  D:00D8H         PUBLIC        CCON
  C:4660H         PUBLIC        KeyPad_IO_Init
  C:44E8H         PUBLIC        _Delay_ms
  D:0098H         PUBLIC        SCON
  D:0088H         PUBLIC        TCON
  B:0020H.1       PUBLIC        small_move
  B:0020H.2       PUBLIC        move
  B:0020H.3       PUBLIC        direction
  B:0020H.4       PUBLIC        auto_move
  C:2ED6H         PUBLIC        Key_Process
  D:00D0H         PUBLIC        PSW
  D:0094H         PUBLIC        P0M0
  -------         PROC          _DELAY_MS
  D:0006H         SYMBOL        ms
  -------         DO            
  D:0004H         SYMBOL        De_Cnt
  -------         ENDDO         
  C:44E8H         LINE#         19
  C:44E8H         LINE#         20
  C:44E8H         LINE#         22
  C:44F2H         LINE#         23
  C:44F2H         LINE#         24
  C:4505H         LINE#         25
  C:4505H         LINE#         26
  -------         ENDPROC       _DELAY_MS
  -------         PROC          KEY_SCAN
  -------         DO            
  X:03C5H         SYMBOL        KeyTemp1
  X:03C6H         SYMBOL        KeyTemp2
  X:03C7H         SYMBOL        KeyValue
  -------         ENDDO         
  C:3347H         LINE#         27
  C:3347H         LINE#         28
  C:3347H         LINE#         33
  C:334AH         LINE#         36
  C:334DH         LINE#         38
  C:3355H         LINE#         39
  C:335CH         LINE#         40
  C:335CH         LINE#         42
  C:3361H         LINE#         43
BL51 BANKED LINKER/LOCATER V6.22                                                      02/18/2019  15:54:51  PAGE 22


  C:3368H         LINE#         44
  C:3368H         LINE#         47
  C:336BH         LINE#         48
  C:336EH         LINE#         49
  C:3373H         LINE#         50
  C:3377H         LINE#         51
  C:3377H         LINE#         52
  C:337FH         LINE#         53
  C:337FH         LINE#         54
  C:3382H         LINE#         55
  C:338AH         LINE#         56
  C:338CH         LINE#         58
  C:33A0H         LINE#         59
  C:33A0H         LINE#         60
  C:33A0H         LINE#         61
  C:33A0H         LINE#         62
  C:33A6H         LINE#         64
  C:33A8H         LINE#         65
  C:33A8H         LINE#         66
  C:33A8H         LINE#         67
  C:33AEH         LINE#         69
  C:33B0H         LINE#         70
  C:33B0H         LINE#         71
  C:33B0H         LINE#         72
  C:33B6H         LINE#         74
  C:33B8H         LINE#         75
  C:33B8H         LINE#         76
  C:33B8H         LINE#         77
  C:33BEH         LINE#         79
  C:33BEH         LINE#         80
  C:33BEH         LINE#         81
  C:33BEH         LINE#         84
  C:33C1H         LINE#         85
  C:33C4H         LINE#         86
  C:33CCH         LINE#         87
  C:33D0H         LINE#         88
  C:33D0H         LINE#         89
  C:33D8H         LINE#         90
  C:33D8H         LINE#         91
  C:33DBH         LINE#         92
  C:33E3H         LINE#         93
  C:33E5H         LINE#         94
  C:33F9H         LINE#         95
  C:33F9H         LINE#         96
  C:33F9H         LINE#         97
  C:33F9H         LINE#         98
  C:33FFH         LINE#         100
  C:3401H         LINE#         101
  C:3401H         LINE#         102
  C:3401H         LINE#         103
  C:3407H         LINE#         105
  C:3409H         LINE#         106
  C:3409H         LINE#         107
  C:3409H         LINE#         108
  C:340FH         LINE#         110
  C:3411H         LINE#         111
  C:3411H         LINE#         112
BL51 BANKED LINKER/LOCATER V6.22                                                      02/18/2019  15:54:51  PAGE 23


  C:3411H         LINE#         113
  C:3416H         LINE#         115
  C:3416H         LINE#         116
  C:3416H         LINE#         117
  C:3416H         LINE#         120
  C:3419H         LINE#         121
  C:341CH         LINE#         122
  C:3424H         LINE#         123
  C:3428H         LINE#         124
  C:3428H         LINE#         125
  C:3430H         LINE#         126
  C:3430H         LINE#         127
  C:3433H         LINE#         128
  C:343BH         LINE#         129
  C:343DH         LINE#         130
  C:3451H         LINE#         131
  C:3451H         LINE#         132
  C:3451H         LINE#         133
  C:3451H         LINE#         134
  C:3457H         LINE#         136
  C:3459H         LINE#         137
  C:3459H         LINE#         138
  C:3459H         LINE#         139
  C:345FH         LINE#         141
  C:3461H         LINE#         142
  C:3461H         LINE#         143
  C:3461H         LINE#         144
  C:3467H         LINE#         146
  C:3469H         LINE#         147
  C:3469H         LINE#         148
  C:3469H         LINE#         149
  C:346FH         LINE#         151
  C:346FH         LINE#         152
  C:346FH         LINE#         153
  C:346FH         LINE#         157
  C:3472H         LINE#         158
  C:3475H         LINE#         159
  C:347DH         LINE#         160
  C:3481H         LINE#         161
  C:3481H         LINE#         162
  C:3489H         LINE#         163
  C:3489H         LINE#         164
  C:348CH         LINE#         165
  C:3494H         LINE#         166
  C:3496H         LINE#         167
  C:34AAH         LINE#         168
  C:34AAH         LINE#         169
  C:34AAH         LINE#         170
  C:34AAH         LINE#         171
  C:34B0H         LINE#         173
  C:34B2H         LINE#         174
  C:34B2H         LINE#         175
  C:34B2H         LINE#         176
  C:34B8H         LINE#         178
  C:34BAH         LINE#         179
  C:34BAH         LINE#         180
  C:34BAH         LINE#         181
BL51 BANKED LINKER/LOCATER V6.22                                                      02/18/2019  15:54:51  PAGE 24


  C:34C0H         LINE#         183
  C:34C2H         LINE#         184
  C:34C2H         LINE#         185
  C:34C2H         LINE#         186
  C:34C8H         LINE#         188
  C:34C8H         LINE#         189
  C:34C8H         LINE#         190
  C:34C8H         LINE#         192
  C:34CEH         LINE#         193
  C:34CEH         LINE#         195
  C:34CEH         LINE#         196
  C:34D1H         LINE#         197
  C:34D1H         LINE#         198
  C:34D1H         LINE#         200
  C:34D1H         LINE#         201
  C:34D3H         LINE#         202
  C:34D3H         LINE#         203
  -------         ENDPROC       KEY_SCAN
  -------         PROC          KEY_PROCESS
  -------         DO            
  X:0618H         SYMBOL        KeyCount
  X:061AH         SYMBOL        KeyNum_Old
  X:061BH         SYMBOL        KeyNum
  X:061CH         SYMBOL        PressedKey
  X:03BFH         SYMBOL        d
  D:0004H         SYMBOL        hours
  D:0006H         SYMBOL        mins
  X:03C1H         SYMBOL        months
  X:03C3H         SYMBOL        days
  -------         ENDDO         
  C:2ED6H         LINE#         204
  C:2ED6H         LINE#         205
  C:2ED6H         LINE#         209
  C:2EDEH         LINE#         210
  C:2EE6H         LINE#         212
  C:2EE9H         LINE#         213
  C:2EE9H         LINE#         214
  C:2EECH         LINE#         216
  C:2EECH         LINE#         217
  C:2EF9H         LINE#         218
  C:2EF9H         LINE#         219
  C:2EFCH         LINE#         220
  C:2EFFH         LINE#         222
  C:2F02H         LINE#         224
  C:2F02H         LINE#         225
  C:2F0DH         LINE#         226
  C:2F0DH         LINE#         227
  C:2F10H         LINE#         229
  C:2F10H         LINE#         230
  C:2F17H         LINE#         231
  C:2F17H         LINE#         232
  C:2F1AH         LINE#         234
  C:2F1AH         LINE#         235
  C:2F22H         LINE#         236
  C:2F22H         LINE#         237
  C:2F2CH         LINE#         238
  C:2F34H         LINE#         240
BL51 BANKED LINKER/LOCATER V6.22                                                      02/18/2019  15:54:51  PAGE 25


  C:2F3DH         LINE#         242
  C:2F3DH         LINE#         251
  C:2F52H         LINE#         252
  C:2F52H         LINE#         253
  C:2F64H         LINE#         254
  C:2F72H         LINE#         255
  C:2F81H         LINE#         256
  C:2F81H         LINE#         258
  C:2F87H         LINE#         262
  C:2F9DH         LINE#         263
  C:2FAEH         LINE#         264
  C:2FC9H         LINE#         265
  C:2FC9H         LINE#         266
  C:2FD9H         LINE#         267
  C:2FEAH         LINE#         268
  C:2FEAH         LINE#         272
  C:3003H         LINE#         273
  C:301AH         LINE#         274
  C:303AH         LINE#         275
  C:303AH         LINE#         276
  C:3044H         LINE#         277
  C:3044H         LINE#         278
  C:304DH         LINE#         279
  C:304DH         LINE#         280
  C:3061H         LINE#         281
  C:3061H         LINE#         282
  C:3061H         LINE#         283
  C:3061H         LINE#         284
  C:3061H         LINE#         285
  C:3063H         LINE#         287
  C:3063H         LINE#         288
  C:306FH         LINE#         289
  C:306FH         LINE#         290
  C:3080H         LINE#         291
  C:3080H         LINE#         292
  C:3080H         LINE#         293
  C:3080H         LINE#         294
  C:3080H         LINE#         296
  C:3082H         LINE#         298
  C:3082H         LINE#         299
  C:3093H         LINE#         300
  C:3093H         LINE#         301
  C:3093H         LINE#         302
  C:3093H         LINE#         303
  C:3093H         LINE#         305
  C:3093H         LINE#         307
  C:3093H         LINE#         308
  C:3095H         LINE#         310
  C:3095H         LINE#         311
  C:30A8H         LINE#         312
  C:30A8H         LINE#         313
  C:30B9H         LINE#         314
  C:30B9H         LINE#         315
  C:30B9H         LINE#         316
  C:30B9H         LINE#         317
  C:30B9H         LINE#         318
  C:30BBH         LINE#         320
BL51 BANKED LINKER/LOCATER V6.22                                                      02/18/2019  15:54:51  PAGE 26


  C:30BBH         LINE#         321
  C:30CCH         LINE#         322
  C:30CCH         LINE#         323
  C:30DDH         LINE#         324
  C:30EEH         LINE#         325
  C:30EEH         LINE#         326
  C:30EEH         LINE#         327
  C:30EEH         LINE#         328
  C:30EEH         LINE#         329
  C:30F1H         LINE#         330
  C:30F6H         LINE#         331
  C:30FBH         LINE#         332
  C:3100H         LINE#         333
  C:3105H         LINE#         334
  C:310AH         LINE#         335
  C:310FH         LINE#         336
  C:3114H         LINE#         337
  C:3114H         LINE#         339
  C:3136H         LINE#         340
  C:3136H         LINE#         341
  C:3140H         LINE#         342
  C:3140H         LINE#         343
  C:3145H         LINE#         344
  C:314EH         LINE#         345
  C:3165H         LINE#         346
  C:3165H         LINE#         347
  C:3175H         LINE#         349
  C:3175H         LINE#         353
  -------         ENDPROC       KEY_PROCESS
  -------         PROC          KEYPAD_IO_INIT
  C:4660H         LINE#         356
  C:4660H         LINE#         357
  C:4660H         LINE#         358
  C:4663H         LINE#         359
  C:4666H         LINE#         360
  C:4669H         LINE#         361
  C:466BH         LINE#         362
  -------         ENDPROC       KEYPAD_IO_INIT
  -------         ENDMOD        KEYPAD

  -------         MODULE        BIPOLARMOTOR
  C:0000H         SYMBOL        _ICE_DUMMY_
  D:0080H         PUBLIC        P0
  D:0090H         PUBLIC        P1
  X:0000H         PUBLIC        RX_pos_test
  D:00A0H         PUBLIC        P2
  D:00B0H         PUBLIC        P3
  D:00C0H         PUBLIC        P4
  D:00C8H         PUBLIC        P5
  D:00E8H         PUBLIC        P6
  D:00F8H         PUBLIC        P7
  X:00A0H         PUBLIC        low_date_azimuth_mapping
  D:00A8H         PUBLIC        IE
  C:3B2AH         PUBLIC        linear_interpolate
  C:4416H         PUBLIC        _Move
  D:00B8H         PUBLIC        IP
  C:31A9H         PUBLIC        _findDet3x3
BL51 BANKED LINKER/LOCATER V6.22                                                      02/18/2019  15:54:51  PAGE 27


  C:2C16H         PUBLIC        _findDet4x4
  D:00D8H         PUBLIC        CCON
  X:00C8H         PUBLIC        previous_move_time
  D:0098H         PUBLIC        SCON
  D:0088H         PUBLIC        TCON
  C:469CH         PUBLIC        wait
  C:4311H         PUBLIC        _Step_move
  X:00C9H         PUBLIC        dat
  C:000EH         PUBLIC        _Update_position
  C:41F9H         PUBLIC        vOneStepMove
  X:00CFH         PUBLIC        elevation_stamp
  X:010BH         PUBLIC        date_azimuth_mapping
  X:0133H         PUBLIC        RX_pos
  C:454BH         PUBLIC        _BCDtoDec1
  X:038BH         PUBLIC        degree
  D:00D0H         PUBLIC        PSW
  -------         PROC          L?0062
  -------         ENDPROC       L?0062
  -------         PROC          _BCDTODEC1
  D:0007H         SYMBOL        bcd
  -------         DO            
  D:0006H         SYMBOL        hi
  D:0007H         SYMBOL        lo
  -------         ENDDO         
  C:454BH         LINE#         28
  C:454BH         LINE#         29
  C:454BH         LINE#         31
  C:4550H         LINE#         32
  C:4554H         LINE#         33
  C:455BH         LINE#         34
  -------         ENDPROC       _BCDTODEC1
  -------         PROC          WAIT
  C:469CH         LINE#         36
  C:469CH         LINE#         38
  -------         ENDPROC       WAIT
  -------         PROC          VONESTEPMOVE
  B:0020H.7       SYMBOL        bDir
  C:41F9H         LINE#         40
  C:41F9H         LINE#         41
  C:41F9H         LINE#         43
  C:41FFH         LINE#         44
  C:41FFH         LINE#         45
  C:4202H         LINE#         46
  C:420BH         LINE#         47
  C:4212H         LINE#         48
  C:4217H         LINE#         49
  C:4217H         LINE#         50
  C:4217H         LINE#         52
  C:4219H         LINE#         55
  C:4219H         LINE#         56
  C:421CH         LINE#         57
  C:4225H         LINE#         58
  C:422CH         LINE#         59
  C:4232H         LINE#         60
  C:423BH         LINE#         61
  C:4242H         LINE#         62
  C:4242H         LINE#         66
BL51 BANKED LINKER/LOCATER V6.22                                                      02/18/2019  15:54:51  PAGE 28


  -------         ENDPROC       VONESTEPMOVE
  -------         PROC          _STEP_MOVE
  X:047BH         SYMBOL        step
  B:0020H.6       SYMBOL        dir
  -------         DO            
  X:047DH         SYMBOL        i
  -------         ENDDO         
  C:4311H         LINE#         68
  C:4319H         LINE#         69
  C:4319H         LINE#         71
  C:431EH         LINE#         74
  C:4339H         LINE#         75
  C:4339H         LINE#         76
  C:4340H         LINE#         78
  C:4350H         LINE#         80
  -------         ENDPROC       _STEP_MOVE
  -------         PROC          _MOVE
  X:0477H         SYMBOL        distance
  B:0020H.5       SYMBOL        direction
  -------         DO            
  D:0006H         SYMBOL        step
  -------         ENDDO         
  C:4416H         LINE#         82
  C:441CH         LINE#         83
  C:441CH         LINE#         86
  C:4437H         LINE#         87
  -------         ENDPROC       _MOVE
  C:318AH         SYMBOL        L?0058
  C:319EH         SYMBOL        L?0059
  -------         PROC          L?0057
  -------         ENDPROC       L?0057
  C:318AH         SYMBOL        L?0058
  C:319EH         SYMBOL        L?0059
  -------         PROC          _FINDDET3X3
  X:05F4H         SYMBOL        a11
  X:05F8H         SYMBOL        a12
  X:05FCH         SYMBOL        a13
  X:0600H         SYMBOL        a21
  X:0604H         SYMBOL        a22
  X:0608H         SYMBOL        a23
  X:060CH         SYMBOL        a31
  X:0610H         SYMBOL        a32
  X:0614H         SYMBOL        a33
  C:31A9H         LINE#         91
  C:31AFH         LINE#         95
  C:31AFH         LINE#         96
  C:3346H         LINE#         98
  -------         ENDPROC       _FINDDET3X3
  -------         PROC          _FINDDET4X4
  X:05B4H         SYMBOL        a11
  X:05B8H         SYMBOL        a12
  X:05BCH         SYMBOL        a13
  X:05C0H         SYMBOL        a14
  X:05C4H         SYMBOL        a21
  X:05C8H         SYMBOL        a22
  X:05CCH         SYMBOL        a23
  X:05D0H         SYMBOL        a24
BL51 BANKED LINKER/LOCATER V6.22                                                      02/18/2019  15:54:51  PAGE 29


  X:05D4H         SYMBOL        a31
  X:05D8H         SYMBOL        a32
  X:05DCH         SYMBOL        a33
  X:05E0H         SYMBOL        a34
  X:05E4H         SYMBOL        a41
  X:05E8H         SYMBOL        a42
  X:05ECH         SYMBOL        a43
  X:05F0H         SYMBOL        a44
  C:2C16H         LINE#         99
  C:2C1CH         LINE#         103
  C:2C1CH         LINE#         110
  C:2ED5H         LINE#         114
  -------         ENDPROC       _FINDDET4X4
  C:3B19H         SYMBOL        L?0061
  -------         PROC          L?0060
  -------         ENDPROC       L?0060
  C:3B19H         SYMBOL        L?0061
  -------         PROC          LINEAR_INTERPOLATE
  X:0477H         SYMBOL        p1
  X:047FH         SYMBOL        p2
  X:0487H         SYMBOL        x
  -------         DO            
  D:0004H         SYMBOL        fx
  -------         ENDDO         
  C:3B2AH         LINE#         120
  C:3B2AH         LINE#         121
  C:3B2AH         LINE#         124
  C:3BC9H         LINE#         126
  C:3BC9H         LINE#         127
  -------         ENDPROC       LINEAR_INTERPOLATE
  -------         PROC          _UPDATE_POSITION
  D:0001H         SYMBOL        mnths
  D:0002H         SYMBOL        dys
  X:03DAH         SYMBOL        hurs
  X:03DBH         SYMBOL        mns
  X:03DCH         SYMBOL        sconds
  X:03DDH         SYMBOL        currnt_pos
  X:03E0H         SYMBOL        offset_calib
  -------         DO            
  X:03E4H         SYMBOL        date
  X:03E6H         SYMBOL        i
  X:03E8H         SYMBOL        yy
  X:03EAH         SYMBOL        desired_distance
  X:03EEH         SYMBOL        distance
  X:03F2H         SYMBOL        JP_pos
  X:03F6H         SYMBOL        pos_interpolate_azimuth
  X:0432H         SYMBOL        current_local_sun_time
  X:0436H         SYMBOL        azimuth
  X:043AH         SYMBOL        elevation
  X:043EH         SYMBOL        time_offset
  X:0442H         SYMBOL        UTC_time
  X:0446H         SYMBOL        declination
  X:044AH         SYMBOL        p1
  X:0452H         SYMBOL        p2
  X:045AH         SYMBOL        time
  X:046CH         SYMBOL        location
  X:0474H         SYMBOL        sunCoord
BL51 BANKED LINKER/LOCATER V6.22                                                      02/18/2019  15:54:51  PAGE 30


  -------         ENDDO         
  C:000EH         LINE#         131
  C:0017H         LINE#         134
  C:0017H         LINE#         135
  C:0022H         LINE#         137
  C:003EH         LINE#         138
  C:0048H         LINE#         146
  C:0052H         LINE#         147
  C:005CH         LINE#         148
  C:0066H         LINE#         149
  C:0071H         LINE#         150
  C:007CH         LINE#         151
  C:0095H         LINE#         152
  C:00A6H         LINE#         153
  C:00B5H         LINE#         156
  C:00C9H         LINE#         160
  C:011BH         LINE#         161
  C:027FH         LINE#         162
  C:02CFH         LINE#         164
  C:03F7H         LINE#         166
  C:04C6H         LINE#         173
  C:050DH         LINE#         174
  C:050DH         LINE#         176
  C:0527H         LINE#         177
  C:0527H         LINE#         178
  C:0597H         LINE#         179
  C:0597H         LINE#         180
  C:059EH         LINE#         181
  C:059EH         LINE#         182
  C:05CBH         LINE#         183
  C:05E6H         LINE#         185
  C:062DH         LINE#         186
  C:0661H         LINE#         188
  C:06A7H         LINE#         189
  C:06CAH         LINE#         191
  C:06CAH         LINE#         193
  C:0740H         LINE#         194
  C:0740H         LINE#         195
  C:0747H         LINE#         196
  C:0747H         LINE#         197
  C:0774H         LINE#         198
  C:078FH         LINE#         200
  C:07D6H         LINE#         201
  C:080AH         LINE#         203
  C:0850H         LINE#         204
  C:0870H         LINE#         206
  C:0870H         LINE#         207
  C:0881H         LINE#         210
  C:089BH         LINE#         211
  C:089BH         LINE#         212
  C:090BH         LINE#         213
  C:090BH         LINE#         214
  C:0938H         LINE#         215
  C:0953H         LINE#         217
  C:0980H         LINE#         218
  C:099BH         LINE#         220
  C:09CDH         LINE#         223
BL51 BANKED LINKER/LOCATER V6.22                                                      02/18/2019  15:54:51  PAGE 31


  C:09CDH         LINE#         225
  C:09DEH         LINE#         227
  C:0A0DH         LINE#         229
  C:0A32H         LINE#         230
  C:0A97H         LINE#         231
  C:0A97H         LINE#         232
  C:0AB1H         LINE#         233
  C:0AC3H         LINE#         234
  C:0ADBH         LINE#         235
  C:0AF1H         LINE#         237
  C:0B0DH         LINE#         238
  C:0B0DH         LINE#         239
  C:0B0DH         LINE#         242
  -------         ENDPROC       _UPDATE_POSITION
  -------         ENDMOD        BIPOLARMOTOR

  -------         MODULE        SUNPOS
  C:0000H         SYMBOL        _ICE_DUMMY_
  C:1D79H         PUBLIC        sunpos
  -------         PROC          SUNPOS
  X:0477H         SYMBOL        udtTime
  X:0489H         SYMBOL        udtLocation
  X:0491H         SYMBOL        udtSunCoordinates
  -------         DO            
  X:0494H         SYMBOL        dElapsedJulianDays
  X:0498H         SYMBOL        dDecimalHours
  X:049CH         SYMBOL        dEclipticLongitude
  X:04A0H         SYMBOL        dEclipticObliquity
  X:04A4H         SYMBOL        dRightAscension
  X:04A8H         SYMBOL        dDeclination
  X:04ACH         SYMBOL        dY
  X:04B0H         SYMBOL        dX
  -------         DO            
  X:04B4H         SYMBOL        dJulianDate
  X:04B8H         SYMBOL        liAux1
  X:04BCH         SYMBOL        liAux2
  X:04B4H         SYMBOL        dMeanLongitude
  X:04B8H         SYMBOL        dMeanAnomaly
  X:04BCH         SYMBOL        dOmega
  X:04B4H         SYMBOL        dSin_EclipticLongitude
  X:04B4H         SYMBOL        dGreenwichMeanSiderealTime
  X:04B8H         SYMBOL        dLocalMeanSiderealTime
  X:04BCH         SYMBOL        dLatitudeInRadians
  X:04C0H         SYMBOL        dHourAngle
  X:04C4H         SYMBOL        dCos_Latitude
  X:04C8H         SYMBOL        dSin_Latitude
  X:04CCH         SYMBOL        dCos_HourAngle
  X:04D0H         SYMBOL        dParallax
  -------         ENDDO         
  -------         DO            
  X:04B4H         SYMBOL        dMeanLongitude
  X:04B8H         SYMBOL        dMeanAnomaly
  X:04BCH         SYMBOL        dOmega
  X:04B4H         SYMBOL        dSin_EclipticLongitude
  X:04B4H         SYMBOL        dGreenwichMeanSiderealTime
  X:04B8H         SYMBOL        dLocalMeanSiderealTime
  X:04BCH         SYMBOL        dLatitudeInRadians
BL51 BANKED LINKER/LOCATER V6.22                                                      02/18/2019  15:54:51  PAGE 32


  X:04C0H         SYMBOL        dHourAngle
  X:04C4H         SYMBOL        dCos_Latitude
  X:04C8H         SYMBOL        dSin_Latitude
  X:04CCH         SYMBOL        dCos_HourAngle
  X:04D0H         SYMBOL        dParallax
  -------         ENDDO         
  -------         DO            
  X:04B4H         SYMBOL        dSin_EclipticLongitude
  X:04B4H         SYMBOL        dGreenwichMeanSiderealTime
  X:04B8H         SYMBOL        dLocalMeanSiderealTime
  X:04BCH         SYMBOL        dLatitudeInRadians
  X:04C0H         SYMBOL        dHourAngle
  X:04C4H         SYMBOL        dCos_Latitude
  X:04C8H         SYMBOL        dSin_Latitude
  X:04CCH         SYMBOL        dCos_HourAngle
  X:04D0H         SYMBOL        dParallax
  -------         ENDDO         
  -------         DO            
  X:04B4H         SYMBOL        dGreenwichMeanSiderealTime
  X:04B8H         SYMBOL        dLocalMeanSiderealTime
  X:04BCH         SYMBOL        dLatitudeInRadians
  X:04C0H         SYMBOL        dHourAngle
  X:04C4H         SYMBOL        dCos_Latitude
  X:04C8H         SYMBOL        dSin_Latitude
  X:04CCH         SYMBOL        dCos_HourAngle
  X:04D0H         SYMBOL        dParallax
  -------         ENDDO         
  -------         ENDDO         
  C:1D79H         LINE#         6
  C:1D79H         LINE#         7
  C:1D79H         LINE#         9
  C:1D79H         LINE#         27
  C:1DC3H         LINE#         30
  C:1DE4H         LINE#         31
  C:1F2BH         LINE#         34
  C:1F77H         LINE#         36
  C:1F96H         LINE#         37
  C:1F96H         LINE#         42
  C:1F96H         LINE#         46
  C:1FC8H         LINE#         47
  C:1FF2H         LINE#         48
  C:201CH         LINE#         49
  C:20C9H         LINE#         52
  C:212AH         LINE#         54
  C:212AH         LINE#         59
  C:212AH         LINE#         61
  C:2141H         LINE#         62
  C:2169H         LINE#         63
  C:2180H         LINE#         64
  C:21ABH         LINE#         65
  C:21E2H         LINE#         66
  C:220DH         LINE#         67
  C:220DH         LINE#         70
  C:220DH         LINE#         79
  C:2248H         LINE#         82
  C:2282H         LINE#         84
  C:22A7H         LINE#         85
BL51 BANKED LINKER/LOCATER V6.22                                                      02/18/2019  15:54:51  PAGE 33


  C:22C6H         LINE#         86
  C:22DDH         LINE#         87
  C:22F4H         LINE#         88
  C:230BH         LINE#         89
  C:2394H         LINE#         91
  C:23AEH         LINE#         92
  C:2410H         LINE#         93
  C:2446H         LINE#         94
  C:2458H         LINE#         95
  C:2485H         LINE#         96
  C:24B2H         LINE#         98
  C:24D4H         LINE#         100
  C:250CH         LINE#         103
  C:250CH         LINE#         104
  C:251AH         LINE#         105
  -------         ENDPROC       SUNPOS
  -------         ENDMOD        SUNPOS

  -------         MODULE        ADC
  C:0000H         SYMBOL        _ICE_DUMMY_
  D:0092H         PUBLIC        P1M0
  D:0091H         PUBLIC        P1M1
  D:0080H         PUBLIC        P0
  D:0090H         PUBLIC        P1
  D:00A0H         PUBLIC        P2
  D:00B0H         PUBLIC        P3
  D:00C0H         PUBLIC        P4
  D:00C8H         PUBLIC        P5
  D:00E8H         PUBLIC        P6
  D:00F8H         PUBLIC        P7
  D:00A8H         PUBLIC        IE
  D:00BDH         PUBLIC        ADC_RES
  D:00B8H         PUBLIC        IP
  D:0097H         PUBLIC        CLK_DIV
  D:00D8H         PUBLIC        CCON
  D:00BCH         PUBLIC        ADC_CONTR
  D:0098H         PUBLIC        SCON
  D:0088H         PUBLIC        TCON
  B:00A0H.4       PUBLIC        P24
  B:00A0H.5       PUBLIC        P25
  B:00A0H.6       PUBLIC        P26
  C:44C9H         PUBLIC        ADC_Init
  C:43BFH         PUBLIC        _ADC_GetResult
  D:009DH         PUBLIC        P1ASF
  D:00BEH         PUBLIC        ADC_RESL
  D:00D0H         PUBLIC        PSW
  -------         PROC          ADC_INIT
  C:44C9H         LINE#         7
  C:44C9H         LINE#         8
  C:44C9H         LINE#         10
  C:44CBH         LINE#         11
  C:44CDH         LINE#         12
  C:44CFH         LINE#         13
  C:44D2H         LINE#         14
  C:44D5H         LINE#         15
  C:44D8H         LINE#         16
  C:44DBH         LINE#         18
BL51 BANKED LINKER/LOCATER V6.22                                                      02/18/2019  15:54:51  PAGE 34


  C:44DDH         LINE#         19
  C:44DFH         LINE#         20
  C:44E2H         LINE#         22
  -------         ENDPROC       ADC_INIT
  -------         PROC          _ADC_GETRESULT
  D:0007H         SYMBOL        ch
  -------         DO            
  D:0006H         SYMBOL        ADC_Value_H
  D:0004H         SYMBOL        ADC_Value_L
  D:0006H         SYMBOL        ADC_Value
  -------         ENDDO         
  C:43BFH         LINE#         27
  C:43BFH         LINE#         28
  C:43BFH         LINE#         30
  C:43C4H         LINE#         31
  C:43C5H         LINE#         32
  C:43C6H         LINE#         33
  C:43C7H         LINE#         34
  C:43C8H         LINE#         35
  C:43CDH         LINE#         36
  C:43D0H         LINE#         37
  C:43D4H         LINE#         38
  C:43D8H         LINE#         40
  C:43EAH         LINE#         41
  C:43EAH         LINE#         42
  -------         ENDPROC       _ADC_GETRESULT
  -------         ENDMOD        ADC

  -------         MODULE        CALIBRATION
  C:0000H         SYMBOL        _ICE_DUMMY_
  D:0080H         PUBLIC        P0
  D:0090H         PUBLIC        P1
  D:00A0H         PUBLIC        P2
  D:00B0H         PUBLIC        P3
  D:00C0H         PUBLIC        P4
  D:00C8H         PUBLIC        P5
  D:00E8H         PUBLIC        P6
  D:00F8H         PUBLIC        P7
  C:3E7BH         PUBLIC        _Max_Value
  D:00A8H         PUBLIC        IE
  C:37CEH         PUBLIC        _calibration
  C:3BCAH         PUBLIC        voltage_is_stable
  D:00B8H         PUBLIC        IP
  D:00D8H         PUBLIC        CCON
  D:0098H         PUBLIC        SCON
  D:0088H         PUBLIC        TCON
  C:290DH         PUBLIC        _Find_Real_Max
  D:00D0H         PUBLIC        PSW
  -------         PROC          VOLTAGE_IS_STABLE
  -------         DO            
  X:03D8H         SYMBOL        sample_voltage
  X:03ECH         SYMBOL        i
  X:03EEH         SYMBOL        ch
  -------         ENDDO         
  C:3BCAH         LINE#         19
  C:3BCAH         LINE#         20
  C:3BCAH         LINE#         22
[...]
  C:43F4H         SYMBOL        L?0032
  -------         PROC          L?0030
  -------         ENDPROC       L?0030
  C:43F2H         SYMBOL        L?0031
  C:43F4H         SYMBOL        L?0032
  -------         PROC          _WAIT_MS_I2C
  D:0006H         SYMBOL        ms
  -------         DO            
  D:0004H         SYMBOL        De_Cnt
  -------         ENDDO         
  C:43F8H         LINE#         7
  C:43F8H         LINE#         8
  C:43F8H         LINE#         10
  C:4402H         LINE#         11
  C:4402H         LINE#         12
  C:4415H         LINE#         13
  C:4415H         LINE#         14
  -------         ENDPROC       _WAIT_MS_I2C
BL51 BANKED LINKER/LOCATER V6.22                                                      02/18/2019  15:54:51  PAGE 38


  -------         PROC          NOP
  C:469DH         LINE#         16
  C:469DH         LINE#         17
  C:469DH         LINE#         19
  -------         ENDPROC       NOP
  -------         PROC          I2C_START
  C:4626H         LINE#         20
  C:4626H         LINE#         21
  C:4626H         LINE#         23
  C:4628H         LINE#         24
  C:462AH         LINE#         25
  C:462DH         LINE#         26
  C:462FH         LINE#         27
  C:4632H         LINE#         28
  C:4634H         LINE#         31
  -------         ENDPROC       I2C_START
  -------         PROC          I2C_STOP
  C:45B6H         LINE#         33
  C:45B6H         LINE#         34
  C:45B6H         LINE#         35
  C:45B8H         LINE#         36
  C:45BAH         LINE#         37
  C:45BDH         LINE#         38
  C:45BFH         LINE#         39
  C:45C1H         LINE#         40
  C:45C8H         LINE#         41
  C:45CAH         LINE#         44
  -------         ENDPROC       I2C_STOP
  -------         PROC          I2C_ACK
  -------         DO            
  X:0482H         SYMBOL        i
  D:0003H         SYMBOL        dat
  -------         ENDDO         
  C:458BH         LINE#         46
  C:458BH         LINE#         47
  C:458BH         LINE#         49
  C:458CH         LINE#         54
  C:458FH         LINE#         55
  C:4591H         LINE#         56
  C:4594H         LINE#         58
  C:4597H         LINE#         59
  C:4597H         LINE#         60
  C:459BH         LINE#         61
  C:459BH         LINE#         64
  C:459BH         LINE#         65
  C:459EH         LINE#         66
  C:459EH         LINE#         67
  C:45A0H         LINE#         68
  -------         ENDPROC       I2C_ACK
  -------         PROC          UC_ACK
  -------         DO            
  X:062DH         SYMBOL        i
  -------         ENDDO         
  C:468CH         LINE#         69
  C:468CH         LINE#         70
  C:468CH         LINE#         72
  C:468CH         LINE#         79
BL51 BANKED LINKER/LOCATER V6.22                                                      02/18/2019  15:54:51  PAGE 39


  C:468CH         LINE#         81
  C:468CH         LINE#         83
  C:468CH         LINE#         84
  C:468CH         LINE#         87
  C:468FH         LINE#         88
  C:4691H         LINE#         89
  C:4691H         LINE#         93
  -------         ENDPROC       UC_ACK
  -------         PROC          UC_NACK
  -------         DO            
  X:062EH         SYMBOL        i
  -------         ENDDO         
  C:4635H         LINE#         95
  C:4635H         LINE#         96
  C:4635H         LINE#         98
  C:4635H         LINE#         102
  C:4637H         LINE#         105
  C:4637H         LINE#         106
  C:4639H         LINE#         107
  C:4639H         LINE#         109
  C:4639H         LINE#         110
  C:4639H         LINE#         113
  C:463CH         LINE#         114
  C:463EH         LINE#         115
  C:4641H         LINE#         116
  C:4643H         LINE#         117
  C:4643H         LINE#         121
  -------         ENDPROC       UC_NACK
  C:443FH         SYMBOL        L?0034
  -------         PROC          L?0033
  -------         ENDPROC       L?0033
  C:443FH         SYMBOL        L?0034
  -------         PROC          _I2C_SENDBYTE
  D:0001H         SYMBOL        dat
  -------         DO            
  D:0003H         SYMBOL        i
  -------         ENDDO         
  C:4443H         LINE#         125
  C:4445H         LINE#         126
  C:4445H         LINE#         129
  C:4447H         LINE#         130
  C:4447H         LINE#         131
  C:4449H         LINE#         133
  C:444DH         LINE#         134
  C:444DH         LINE#         135
  C:444FH         LINE#         136
  C:4451H         LINE#         138
  C:4451H         LINE#         139
  C:4453H         LINE#         140
  C:4453H         LINE#         141
  C:4456H         LINE#         142
  C:4458H         LINE#         144
  C:445CH         LINE#         145
  C:445FH         LINE#         146
  C:4464H         LINE#         147
  -------         ENDPROC       _I2C_SENDBYTE
  -------         PROC          _WRITE_PI4IOE5V96248
BL51 BANKED LINKER/LOCATER V6.22                                                      02/18/2019  15:54:51  PAGE 40


  X:047FH         SYMBOL        xdat
  C:3C85H         LINE#         148
  C:3C90H         LINE#         149
  C:3C90H         LINE#         150
  C:3C93H         LINE#         151
  C:3C9AH         LINE#         152
  C:3C9FH         LINE#         153
  C:3CA5H         LINE#         154
  C:3CA5H         LINE#         155
  C:3CB7H         LINE#         156
  C:3CB7H         LINE#         158
  C:3CBDH         LINE#         159
  C:3CBDH         LINE#         160
  C:3CCDH         LINE#         161
  C:3CCDH         LINE#         162
  C:3CD3H         LINE#         163
  C:3CD3H         LINE#         164
  C:3CE3H         LINE#         165
  C:3CE3H         LINE#         166
  C:3CE9H         LINE#         167
  C:3CE9H         LINE#         168
  C:3CFAH         LINE#         169
  C:3CFAH         LINE#         171
  C:3D00H         LINE#         172
  C:3D00H         LINE#         173
  C:3D11H         LINE#         174
  C:3D11H         LINE#         175
  C:3D17H         LINE#         176
  C:3D17H         LINE#         177
  C:3D28H         LINE#         178
  C:3D28H         LINE#         180
  C:3D2EH         LINE#         181
  C:3D31H         LINE#         182
  -------         ENDPROC       _WRITE_PI4IOE5V96248
  -------         ENDMOD        IOEXPANDER_PI4IOE5V96248

  -------         MODULE        AT25SF041
  C:0000H         SYMBOL        _ICE_DUMMY_
  D:0080H         PUBLIC        P0
  D:0090H         PUBLIC        P1
  D:00A0H         PUBLIC        P2
  D:00B0H         PUBLIC        P3
  D:00C0H         PUBLIC        P4
  D:00C8H         PUBLIC        P5
  D:00E8H         PUBLIC        P6
  D:00F8H         PUBLIC        P7
  D:00A8H         PUBLIC        IE
  C:4506H         PUBLIC        _Wait_ms_SPINOR
  D:00B8H         PUBLIC        IP
  D:00D8H         PUBLIC        CCON
  D:0098H         PUBLIC        SCON
  D:0088H         PUBLIC        TCON
  D:00D0H         PUBLIC        PSW
  -------         PROC          _WAIT_MS_SPINOR
  D:0006H         SYMBOL        ms
  -------         DO            
  D:0004H         SYMBOL        De_Cnt
BL51 BANKED LINKER/LOCATER V6.22                                                      02/18/2019  15:54:51  PAGE 41


  -------         ENDDO         
  C:4506H         LINE#         3
  C:4506H         LINE#         4
  C:4506H         LINE#         6
  C:4510H         LINE#         7
  C:4510H         LINE#         8
  C:4523H         LINE#         9
  C:4523H         LINE#         10
  -------         ENDPROC       _WAIT_MS_SPINOR
  -------         ENDMOD        AT25SF041

  -------         MODULE        ?C_STARTUP
  C:3FACH         SEGMENT       ?C_C51STARTUP
  I:0022H         SEGMENT       ?STACK
  C:0000H         PUBLIC        ?C_STARTUP
  D:00E0H         SYMBOL        ACC
  D:00F0H         SYMBOL        B
  D:0083H         SYMBOL        DPH
  D:0082H         SYMBOL        DPL
  N:0000H         SYMBOL        IBPSTACK
  N:0100H         SYMBOL        IBPSTACKTOP
  N:0080H         SYMBOL        IDATALEN
  C:3FAFH         SYMBOL        IDATALOOP
  N:0000H         SYMBOL        PBPSTACK
  N:0100H         SYMBOL        PBPSTACKTOP
  N:0000H         SYMBOL        PDATALEN
  N:0000H         SYMBOL        PDATASTART
  N:0000H         SYMBOL        PPAGE
  N:0000H         SYMBOL        PPAGEENABLE
  D:00A0H         SYMBOL        PPAGE_SFR
  D:0081H         SYMBOL        SP
  C:3FACH         SYMBOL        STARTUP1
  N:0000H         SYMBOL        XBPSTACK
  N:0000H         SYMBOL        XBPSTACKTOP
  N:0000H         SYMBOL        XDATALEN
  N:0000H         SYMBOL        XDATASTART
  C:0000H         LINE#         126
  C:3FACH         LINE#         133
  C:3FAEH         LINE#         134
  C:3FAFH         LINE#         135
  C:3FB0H         LINE#         136
  C:3FB2H         LINE#         185
  C:3FB5H         LINE#         196
  -------         ENDMOD        ?C_STARTUP

  -------         MODULE        ?C?FPADD
  C:0B15H         PUBLIC        ?C?FPADD
  C:0B11H         PUBLIC        ?C?FPSUB
  -------         ENDMOD        ?C?FPADD

  -------         MODULE        ?C?FPMUL
  C:0C06H         PUBLIC        ?C?FPMUL
  -------         ENDMOD        ?C?FPMUL

  -------         MODULE        ?C?FPDIV
  C:0D0FH         PUBLIC        ?C?FPDIV
  -------         ENDMOD        ?C?FPDIV
BL51 BANKED LINKER/LOCATER V6.22                                                      02/18/2019  15:54:51  PAGE 42



  -------         MODULE        ?C?FPCMP
  C:0DAEH         PUBLIC        ?C?FPCMP
  C:0DACH         PUBLIC        ?C?FPCMP3
  -------         ENDMOD        ?C?FPCMP

  -------         MODULE        ?C?FPNEG
  C:0E25H         PUBLIC        ?C?FPNEG
  -------         ENDMOD        ?C?FPNEG

  -------         MODULE        ?C?FCAST
  C:0E40H         PUBLIC        ?C?FCASTC
  C:0E3BH         PUBLIC        ?C?FCASTI
  C:0E36H         PUBLIC        ?C?FCASTL
  -------         ENDMOD        ?C?FCAST

  -------         MODULE        ?C?CASTF
  C:0E74H         PUBLIC        ?C?CASTF
  -------         ENDMOD        ?C?CASTF

  -------         MODULE        ATAN2
  X:04D4H         PUBLIC        ?_atan2?BYTE
  C:3DDEH         PUBLIC        _atan2
  -------         ENDMOD        ATAN2

  -------         MODULE        SIN
  C:351CH         PUBLIC        _COS
  C:3532H         PUBLIC        _SIN
  C:356EH         PUBLIC        _TAN
  -------         ENDMOD        SIN

  -------         MODULE        ACOS
  C:4243H         PUBLIC        _ACOS
  -------         ENDMOD        ACOS

  -------         MODULE        ASIN
  C:4351H         PUBLIC        _ASIN
  -------         ENDMOD        ASIN

  -------         MODULE        SQRT
  C:3D36H         PUBLIC        _SQRT
  -------         ENDMOD        SQRT

  -------         MODULE        ATAN
  C:392AH         PUBLIC        _ATAN
  -------         ENDMOD        ATAN

  -------         MODULE        ?C?COPY
  C:1012H         PUBLIC        ?C?COPY
  -------         ENDMOD        ?C?COPY

  -------         MODULE        ?C?CLDPTR
  C:1038H         PUBLIC        ?C?CLDPTR
  -------         ENDMOD        ?C?CLDPTR

  -------         MODULE        ?C?CLDOPTR
  C:1051H         PUBLIC        ?C?CLDOPTR
BL51 BANKED LINKER/LOCATER V6.22                                                      02/18/2019  15:54:51  PAGE 43


  -------         ENDMOD        ?C?CLDOPTR

  -------         MODULE        ?C?CSTPTR
  C:107EH         PUBLIC        ?C?CSTPTR
  -------         ENDMOD        ?C?CSTPTR

  -------         MODULE        ?C?IMUL
  C:1090H         PUBLIC        ?C?IMUL
  -------         ENDMOD        ?C?IMUL

  -------         MODULE        ?C?UIDIV
  C:10A2H         PUBLIC        ?C?UIDIV
  -------         ENDMOD        ?C?UIDIV

  -------         MODULE        ?C?SIDIV
  C:10F7H         PUBLIC        ?C?SIDIV
  -------         ENDMOD        ?C?SIDIV

  -------         MODULE        ?C?ILDIX
  C:112DH         PUBLIC        ?C?ILDIX
  -------         ENDMOD        ?C?ILDIX

  -------         MODULE        ?C?ILDOPTR
  C:1143H         PUBLIC        ?C?ILDOPTR
  -------         ENDMOD        ?C?ILDOPTR

  -------         MODULE        ?C?ISTPTR
  C:117BH         PUBLIC        ?C?ISTPTR
  -------         ENDMOD        ?C?ISTPTR

  -------         MODULE        ?C?LMUL
  C:119AH         PUBLIC        ?C?LMUL
  -------         ENDMOD        ?C?LMUL

  -------         MODULE        ?C?SLDIV
  C:428DH         PUBLIC        ?C?SLDIV
  -------         ENDMOD        ?C?SLDIV

  -------         MODULE        ?C?LNEG
  C:11E9H         PUBLIC        ?C?LNEG
  -------         ENDMOD        ?C?LNEG

  -------         MODULE        ?C?LLDPTR
  C:11F7H         PUBLIC        ?C?LLDPTR
  -------         ENDMOD        ?C?LLDPTR

  -------         MODULE        ?C?LLDOPTR
  C:1217H         PUBLIC        ?C?LLDOPTR
  -------         ENDMOD        ?C?LLDOPTR

  -------         MODULE        ?C?LSTPTR
  C:1247H         PUBLIC        ?C?LSTPTR
  -------         ENDMOD        ?C?LSTPTR

  -------         MODULE        ?C?LSTOPTR
  C:1261H         PUBLIC        ?C?LSTOPTR
  -------         ENDMOD        ?C?LSTOPTR
BL51 BANKED LINKER/LOCATER V6.22                                                      02/18/2019  15:54:51  PAGE 44



  -------         MODULE        ?C?LLDXDATA
  C:1285H         PUBLIC        ?C?LLDXDATA
  -------         ENDMOD        ?C?LLDXDATA

  -------         MODULE        ?C?LLDCODE
  C:1291H         PUBLIC        ?C?LLDCODE
  -------         ENDMOD        ?C?LLDCODE

  -------         MODULE        ?C?LLDXDATA0
  C:12A1H         PUBLIC        ?C?LLDXDATA0
  -------         ENDMOD        ?C?LLDXDATA0

  -------         MODULE        ?C?LLDCODE0
  C:12ADH         PUBLIC        ?C?LLDCODE0
  -------         ENDMOD        ?C?LLDCODE0

  -------         MODULE        ?C?LLDPTR0
  C:12BDH         PUBLIC        ?C?LLDPTR0
  -------         ENDMOD        ?C?LLDPTR0

  -------         MODULE        ?C?LSTXDATA
  C:12DDH         PUBLIC        ?C?LSTXDATA
  -------         ENDMOD        ?C?LSTXDATA

  -------         MODULE        ?C?LSTKXDATA
  C:12E9H         PUBLIC        ?C?LSTKXDATA
  -------         ENDMOD        ?C?LSTKXDATA

  -------         MODULE        ?C?LSTKPTR
  C:131AH         PUBLIC        ?C?LSTKPTR
  -------         ENDMOD        ?C?LSTKPTR

  -------         MODULE        ?C?OFFXADD
  C:1334H         PUBLIC        ?C?OFFXADD
  -------         ENDMOD        ?C?OFFXADD

  -------         MODULE        ABS
  C:466CH         PUBLIC        _ABS
  -------         ENDMOD        ABS

  -------         MODULE        ATOI
  C:3A2CH         PUBLIC        _atoi
  -------         ENDMOD        ATOI

  -------         MODULE        ?C?IILDX
  C:1340H         PUBLIC        ?C?IILDX
  -------         ENDMOD        ?C?IILDX

  -------         MODULE        ?C?ULDIV
  C:1392H         PUBLIC        ?C?ULDIV
  -------         ENDMOD        ?C?ULDIV

  -------         MODULE        ?C?LLDIDATA
  C:1424H         PUBLIC        ?C?LLDIDATA
  -------         ENDMOD        ?C?LLDIDATA

BL51 BANKED LINKER/LOCATER V6.22                                                      02/18/2019  15:54:51  PAGE 45


  -------         MODULE        ?C?LLDPDATA
  C:1430H         PUBLIC        ?C?LLDPDATA
  -------         ENDMOD        ?C?LLDPDATA

  -------         MODULE        ?C?LLDIDATA0
  C:143CH         PUBLIC        ?C?LLDIDATA0
  -------         ENDMOD        ?C?LLDIDATA0

  -------         MODULE        ?C?LLDPDATA0
  C:1449H         PUBLIC        ?C?LLDPDATA0
  -------         ENDMOD        ?C?LLDPDATA0

  -------         MODULE        ?C?LSTIDATA
  C:1456H         PUBLIC        ?C?LSTIDATA
  -------         ENDMOD        ?C?LSTIDATA

  -------         MODULE        ?C?LSTPDATA
  C:1462H         PUBLIC        ?C?LSTPDATA
  -------         ENDMOD        ?C?LSTPDATA

  -------         MODULE        ?C?LSTKIDATA
  C:146EH         PUBLIC        ?C?LSTKIDATA
  -------         ENDMOD        ?C?LSTKIDATA

  -------         MODULE        ?C?LSTKPDATA
  C:1487H         PUBLIC        ?C?LSTKPDATA
  -------         ENDMOD        ?C?LSTKPDATA

  -------         MODULE        ISDIGIT
  C:4644H         PUBLIC        _isdigit
  -------         ENDMOD        ISDIGIT

  -------         MODULE        ISSPACE
  C:45DFH         PUBLIC        _isspace
  -------         ENDMOD        ISSPACE

*** WARNING L16: UNCALLED SEGMENT, IGNORED FOR OVERLAY PROCESS
    SEGMENT: ?PR?_DISPLAY_PROX?MAIN

*** WARNING L16: UNCALLED SEGMENT, IGNORED FOR OVERLAY PROCESS
    SEGMENT: ?PR?_DAY_OF_YEAR?PCF85063BTL

*** WARNING L16: UNCALLED SEGMENT, IGNORED FOR OVERLAY PROCESS
    SEGMENT: ?PR?INITUART1?UART1

*** WARNING L16: UNCALLED SEGMENT, IGNORED FOR OVERLAY PROCESS
    SEGMENT: ?PR?_SENDSTRING?UART1

*** WARNING L16: UNCALLED SEGMENT, IGNORED FOR OVERLAY PROCESS
    SEGMENT: ?PR?_TEN?UART1

*** WARNING L16: UNCALLED SEGMENT, IGNORED FOR OVERLAY PROCESS
    SEGMENT: ?PR?_UNIT?UART1

*** WARNING L16: UNCALLED SEGMENT, IGNORED FOR OVERLAY PROCESS
    SEGMENT: ?PR?_DECTOBCD?UART1

BL51 BANKED LINKER/LOCATER V6.22                                                      02/18/2019  15:54:51  PAGE 46


*** WARNING L16: UNCALLED SEGMENT, IGNORED FOR OVERLAY PROCESS
    SEGMENT: ?PR?_ASCII_LETTER?UART1

*** WARNING L16: UNCALLED SEGMENT, IGNORED FOR OVERLAY PROCESS
    SEGMENT: ?PR?_ASCIITOBCD?UART1

*** WARNING L16: UNCALLED SEGMENT, IGNORED FOR OVERLAY PROCESS
    SEGMENT: ?PR?WAIT?BIPOLARMOTOR

*** WARNING L16: UNCALLED SEGMENT, IGNORED FOR OVERLAY PROCESS
    SEGMENT: ?PR?_FINDDET4X4?BIPOLARMOTOR

*** WARNING L16: UNCALLED SEGMENT, IGNORED FOR OVERLAY PROCESS
    SEGMENT: ?PR?NOP?IOEXPANDER_PI4IOE5V96248

*** WARNING L16: UNCALLED SEGMENT, IGNORED FOR OVERLAY PROCESS
    SEGMENT: ?PR?UC_ACK?IOEXPANDER_PI4IOE5V96248

*** WARNING L16: UNCALLED SEGMENT, IGNORED FOR OVERLAY PROCESS
    SEGMENT: ?PR?UC_NACK?IOEXPANDER_PI4IOE5V96248

*** WARNING L16: UNCALLED SEGMENT, IGNORED FOR OVERLAY PROCESS
    SEGMENT: ?PR?_WAIT_MS_SPINOR?AT25SF041

*** WARNING L1: UNRESOLVED EXTERNAL SYMBOL
    SYMBOL:  AUTO_MODE
    MODULE:  .\Obj\main.obj (MAIN)

*** WARNING L2: REFERENCE MADE TO UNRESOLVED EXTERNAL
    SYMBOL:  AUTO_MODE
    MODULE:  .\Obj\main.obj (MAIN)
    ADDRESS: 14D3H

*** WARNING L2: REFERENCE MADE TO UNRESOLVED EXTERNAL
    SYMBOL:  AUTO_MODE
    MODULE:  .\Obj\main.obj (MAIN)
    ADDRESS: 1648H

*** WARNING L2: REFERENCE MADE TO UNRESOLVED EXTERNAL
    SYMBOL:  AUTO_MODE
    MODULE:  .\Obj\main.obj (MAIN)
    ADDRESS: 1656H

*** WARNING L2: REFERENCE MADE TO UNRESOLVED EXTERNAL
    SYMBOL:  AUTO_MODE
    MODULE:  .\Obj\main.obj (MAIN)
    ADDRESS: 1668H

*** WARNING L2: REFERENCE MADE TO UNRESOLVED EXTERNAL
    SYMBOL:  AUTO_MODE
    MODULE:  .\Obj\main.obj (MAIN)
    ADDRESS: 16AAH

*** WARNING L2: REFERENCE MADE TO UNRESOLVED EXTERNAL
    SYMBOL:  AUTO_MODE
    MODULE:  .\Obj\main.obj (MAIN)
    ADDRESS: 177DH
BL51 BANKED LINKER/LOCATER V6.22                                                      02/18/2019  15:54:51  PAGE 47



*** WARNING L1: UNRESOLVED EXTERNAL SYMBOL
    SYMBOL:  _SENDUART1
    MODULE:  .\Obj\UART1.obj (UART1)

*** WARNING L2: REFERENCE MADE TO UNRESOLVED EXTERNAL
    SYMBOL:  _SENDUART1
    MODULE:  .\Obj\UART1.obj (UART1)
    ADDRESS: 43BAH

*** WARNING L1: UNRESOLVED EXTERNAL SYMBOL
    SYMBOL:  AUTO_MODE
    MODULE:  .\Obj\KeyPad.obj (KEYPAD)

*** WARNING L2: REFERENCE MADE TO UNRESOLVED EXTERNAL
    SYMBOL:  AUTO_MODE
    MODULE:  .\Obj\KeyPad.obj (KEYPAD)
    ADDRESS: 2F23H

*** WARNING L2: REFERENCE MADE TO UNRESOLVED EXTERNAL
    SYMBOL:  AUTO_MODE
    MODULE:  .\Obj\KeyPad.obj (KEYPAD)
    ADDRESS: 2F2EH

*** WARNING L2: REFERENCE MADE TO UNRESOLVED EXTERNAL
    SYMBOL:  AUTO_MODE
    MODULE:  .\Obj\KeyPad.obj (KEYPAD)
    ADDRESS: 2F35H

Program Size: data=10.2 xdata=1583 code=18078
LINK/LOCATE RUN COMPLETE.  28 WARNING(S),  0 ERROR(S)
