BL51 BANKED LINKER/LOCATER V6.22                                                        04/23/2019  13:58:13  PAGE 1


BL51 BANKED LINKER/LOCATER V6.22, INVOKED BY:
C:\KEIL_V5\C51\BIN\BL51.EXE .\Obj\main.obj, .\Obj\PCF85063BTL.obj, .\Obj\UART1.obj, .\Obj\LCd_Driver_SPLC780D.obj, .\Obj
>> \KeyPad.obj, .\Obj\BipolarMotor.obj, .\Obj\SunPos.obj, .\Obj\ADC.obj, .\Obj\Calibration.obj, .\Obj\IOExpander_PI4IOE5
>> V96248.obj, .\Obj\AT25SF041.obj, .\Obj\STARTUP.obj TO .\Obj\GPIO_RTC_Test PRINT (.\Lis\GPIO_RTC_Test.m51) RAMSIZE (25
>> 6)


MEMORY MODEL: LARGE WITH FLOATING POINT ARITHMETIC


INPUT MODULES INCLUDED:
  .\Obj\main.obj (MAIN)
  .\Obj\PCF85063BTL.obj (PCF85063BTL)
  .\Obj\UART1.obj (UART1)
  .\Obj\LCd_Driver_SPLC780D.obj (LCD_DRIVER_SPLC780D)
  .\Obj\KeyPad.obj (KEYPAD)
  .\Obj\BipolarMotor.obj (BIPOLARMOTOR)
  .\Obj\SunPos.obj (SUNPOS)
  .\Obj\ADC.obj (ADC)
  .\Obj\Calibration.obj (CALIBRATION)
  .\Obj\IOExpander_PI4IOE5V96248.obj (IOEXPANDER_PI4IOE5V96248)
  .\Obj\AT25SF041.obj (AT25SF041)
  .\Obj\STARTUP.obj (?C_STARTUP)
  C:\KEIL_V5\C51\LIB\C51FPL.LIB (?C?FPADD)
  C:\KEIL_V5\C51\LIB\C51FPL.LIB (?C?FPMUL)
  C:\KEIL_V5\C51\LIB\C51FPL.LIB (?C?FPDIV)
  C:\KEIL_V5\C51\LIB\C51FPL.LIB (?C?FPCMP)
  C:\KEIL_V5\C51\LIB\C51FPL.LIB (?C?FPNEG)
  C:\KEIL_V5\C51\LIB\C51FPL.LIB (?C?FCAST)
  C:\KEIL_V5\C51\LIB\C51FPL.LIB (?C?CASTF)
  C:\KEIL_V5\C51\LIB\C51FPL.LIB (ATAN2)
  C:\KEIL_V5\C51\LIB\C51FPL.LIB (SIN)
  C:\KEIL_V5\C51\LIB\C51FPL.LIB (ACOS)
  C:\KEIL_V5\C51\LIB\C51FPL.LIB (ASIN)
  C:\KEIL_V5\C51\LIB\C51FPL.LIB (?C?FPGETOPN)
  C:\KEIL_V5\C51\LIB\C51FPL.LIB (?C?FPSERIES)
  C:\KEIL_V5\C51\LIB\C51FPL.LIB (SQRT)
  C:\KEIL_V5\C51\LIB\C51FPL.LIB (ATAN)
  C:\KEIL_V5\C51\LIB\C51L.LIB (?C_INIT)
  C:\KEIL_V5\C51\LIB\C51L.LIB (?C?COPY)
  C:\KEIL_V5\C51\LIB\C51L.LIB (?C?CLDPTR)
  C:\KEIL_V5\C51\LIB\C51L.LIB (?C?CLDOPTR)
  C:\KEIL_V5\C51\LIB\C51L.LIB (?C?CSTPTR)
  C:\KEIL_V5\C51\LIB\C51L.LIB (?C?IMUL)
  C:\KEIL_V5\C51\LIB\C51L.LIB (?C?UIDIV)
  C:\KEIL_V5\C51\LIB\C51L.LIB (?C?SIDIV)
  C:\KEIL_V5\C51\LIB\C51L.LIB (?C?ILDIX)
  C:\KEIL_V5\C51\LIB\C51L.LIB (?C?ILDOPTR)
  C:\KEIL_V5\C51\LIB\C51L.LIB (?C?ISTPTR)
  C:\KEIL_V5\C51\LIB\C51L.LIB (?C?LMUL)
  C:\KEIL_V5\C51\LIB\C51L.LIB (?C?SLDIV)
  C:\KEIL_V5\C51\LIB\C51L.LIB (?C?LNEG)
  C:\KEIL_V5\C51\LIB\C51L.LIB (?C?ULCMP)
  C:\KEIL_V5\C51\LIB\C51L.LIB (?C?LSHL)
  C:\KEIL_V5\C51\LIB\C51L.LIB (?C?LLDPTR)
  C:\KEIL_V5\C51\LIB\C51L.LIB (?C?LLDOPTR)
  C:\KEIL_V5\C51\LIB\C51L.LIB (?C?LSTPTR)
  C:\KEIL_V5\C51\LIB\C51L.LIB (?C?LSTOPTR)
BL51 BANKED LINKER/LOCATER V6.22                                                      04/23/2019  13:58:13  PAGE 2


  C:\KEIL_V5\C51\LIB\C51L.LIB (?C?LLDXDATA)
  C:\KEIL_V5\C51\LIB\C51L.LIB (?C?LLDCODE)
  C:\KEIL_V5\C51\LIB\C51L.LIB (?C?LLDXDATA0)
  C:\KEIL_V5\C51\LIB\C51L.LIB (?C?LLDCODE0)
  C:\KEIL_V5\C51\LIB\C51L.LIB (?C?LLDPTR0)
  C:\KEIL_V5\C51\LIB\C51L.LIB (?C?LSTXDATA)
  C:\KEIL_V5\C51\LIB\C51L.LIB (?C?LSTKXDATA)
  C:\KEIL_V5\C51\LIB\C51L.LIB (?C?LSTKPTR)
  C:\KEIL_V5\C51\LIB\C51L.LIB (?C?OFFXADD)
  C:\KEIL_V5\C51\LIB\C51L.LIB (ATOI)
  C:\KEIL_V5\C51\LIB\C51L.LIB (?C?IILDX)
  C:\KEIL_V5\C51\LIB\C51L.LIB (?C?ULDIV)
  C:\KEIL_V5\C51\LIB\C51L.LIB (?C?LLDIDATA)
  C:\KEIL_V5\C51\LIB\C51L.LIB (?C?LLDPDATA)
  C:\KEIL_V5\C51\LIB\C51L.LIB (?C?LLDIDATA0)
  C:\KEIL_V5\C51\LIB\C51L.LIB (?C?LLDPDATA0)
  C:\KEIL_V5\C51\LIB\C51L.LIB (?C?LSTIDATA)
  C:\KEIL_V5\C51\LIB\C51L.LIB (?C?LSTPDATA)
  C:\KEIL_V5\C51\LIB\C51L.LIB (?C?LSTKIDATA)
  C:\KEIL_V5\C51\LIB\C51L.LIB (?C?LSTKPDATA)
  C:\KEIL_V5\C51\LIB\C51L.LIB (ISDIGIT)
  C:\KEIL_V5\C51\LIB\C51L.LIB (ISSPACE)


LINK MAP OF MODULE:  .\Obj\GPIO_RTC_Test (MAIN)


            TYPE    BASE      LENGTH    RELOCATION   SEGMENT NAME
            -----------------------------------------------------

            * * * * * * *   D A T A   M E M O R Y   * * * * * * *
            REG     0000H     0008H     ABSOLUTE     "REG BANK 0"
                    0008H     0018H                  *** GAP ***
            BIT     0020H.0   0000H.5   UNIT         ?BI?KEYPAD
            BIT     0020H.5   0000H.3   UNIT         _BIT_GROUP_
            BIT     0021H.0   0000H.1   UNIT         ?BI?MAIN
            BIT     0021H.1   0000H.1   UNIT         ?BI?_ATOI?ATOI
                    0021H.2   0000H.6                *** GAP ***
            IDATA   0022H     0001H     UNIT         ?STACK

            * * * * * * *  X D A T A   M E M O R Y  * * * * * * *
            XDATA   0000H     03BCH     UNIT         ?XD?BIPOLARMOTOR
            XDATA   03BCH     0117H     UNIT         _XDATA_GROUP_
            XDATA   04D3H     0102H     UNIT         ?XD?MAIN
            XDATA   05D5H     0009H     UNIT         ?XD?KEYPAD
            XDATA   05DEH     0008H     UNIT         ?XD?_AT25SF041_READ?AT25SF041
            XDATA   05E6H     0005H     UNIT         ?XD?_ATOI?ATOI
            XDATA   05EBH     0003H     UNIT         ?XD?_SENDSTRING?UART1
            XDATA   05EEH     0001H     UNIT         ?XD?UC_ACK?IOEXPANDER_PI4IOE5V96248
            XDATA   05EFH     0001H     UNIT         ?XD?UC_NACK?IOEXPANDER_PI4IOE5V96248

            * * * * * * *   C O D E   M E M O R Y   * * * * * * *
            CODE    0000H     0003H     ABSOLUTE     
            CODE    0003H     0006H     UNIT         ?PR?_TEN?UART1
            CODE    0009H     0001H     UNIT         ?PR?TM0_ISR?MAIN
            CODE    000AH     0001H     UNIT         ?PR?_DECTOBCD?UART1
            CODE    000BH     0003H     ABSOLUTE     
BL51 BANKED LINKER/LOCATER V6.22                                                      04/23/2019  13:58:13  PAGE 3


            CODE    000EH     0BC7H     UNIT         ?PR?MAIN?MAIN
            CODE    0BD5H     09B6H     UNIT         ?C?LIB_CODE
            CODE    158BH     07A2H     UNIT         ?PR?SUNPOS?SUNPOS
            CODE    1D2DH     0646H     UNIT         ?PR?_UPDATE_POSITION?BIPOLARMOTOR
            CODE    2373H     04FBH     UNIT         ?PR?_THEORICALJP_POSITION?BIPOLARMOTOR
            CODE    286EH     0416H     UNIT         ?PR?_FIND_REAL_MAX?CALIBRATION
            CODE    2C84H     0400H     UNIT         ?C_INITSEG
            CODE    3084H     0380H     UNIT         ?PR?_ELEVATION_CALCULATION?BIPOLARMOTOR
            CODE    3404H     02C5H     UNIT         ?PR?KEY_PROCESS?KEYPAD
            CODE    36C9H     01B3H     UNIT         ?PR?_CALIBRATION?CALIBRATION
            CODE    387CH     018DH     UNIT         ?PR?KEY_SCAN?KEYPAD
            CODE    3A09H     0189H     UNIT         ?PR?SPI_NOR_WRITE_DATA?AT25SF041
            CODE    3B92H     0188H     UNIT         ?PR?SIN?SIN
            CODE    3D1AH     0162H     UNIT         ?PR?_DISPLAY_POS?LCD_DRIVER_SPLC780D
            CODE    3E7CH     0122H     UNIT         ?PR?ATAN?ATAN
            CODE    3F9EH     0110H     UNIT         ?PR?_AT25SF041_READ?AT25SF041
            CODE    40AEH     0102H     UNIT         ?PR?_AT25SF041_WRITE?AT25SF041
            CODE    41B0H     00DBH     UNIT         ?PR?_ATOI?ATOI
            CODE    428BH     00C3H     UNIT         ?PR?LINEAR_INTERPOLATE?BIPOLARMOTOR
            CODE    434EH     00BBH     UNIT         ?PR?VOLTAGE_IS_STABLE?CALIBRATION
            CODE    4409H     00ADH     UNIT         ?PR?_WRITE_PI4IOE5V96248?IOEXPANDER_PI4IOE5V96248
            CODE    44B6H     00ACH     UNIT         ?PR?SQRT?SQRT
            CODE    4562H     00A1H     UNIT         ?PR?UCREAD_STATUS_REGISTER_BYTE1?AT25SF041
            CODE    4603H     009DH     UNIT         ?PR?_ATAN2?ATAN2
            CODE    46A0H     009CH     UNIT         ?PR?_MAX_VALUE?CALIBRATION
            CODE    473CH     008CH     UNIT         ?C_C51STARTUP
            CODE    47C8H     0088H     UNIT         ?PR?_DAY_OF_YEAR?PCF85063BTL
            CODE    4850H     0079H     UNIT         ?PR?_WRITEDATA?LCD_DRIVER_SPLC780D
            CODE    48C9H     0072H     UNIT         ?PR?AT25SF041_WRITEENABLE?AT25SF041
            CODE    493BH     006FH     UNIT         ?PR?_READ_TIME?PCF85063BTL
            CODE    49AAH     005AH     UNIT         ?PR?AT25SF041_CHIPERASE?AT25SF041
            CODE    4A04H     0059H     UNIT         ?PR?LCD_INIT?LCD_DRIVER_SPLC780D
            CODE    4A5DH     004AH     UNIT         ?PR?VONESTEPMOVE?BIPOLARMOTOR
            CODE    4AA7H     004AH     UNIT         ?PR?ACOS?ACOS
            CODE    4AF1H     0044H     UNIT         ?C?LDIV
            CODE    4B35H     0040H     UNIT         ?PR?_COMMAND?LCD_DRIVER_SPLC780D
            CODE    4B75H     0040H     UNIT         ?PR?_STEP_MOVE?BIPOLARMOTOR
            CODE    4BB5H     003BH     UNIT         ?PR?ASIN?ASIN
            CODE    4BF0H     0033H     UNIT         ?PR?_SENDSTRING?UART1
            CODE    4C23H     002CH     UNIT         ?PR?_ADC_GETRESULT?ADC
            CODE    4C4FH     002BH     UNIT         ?PR?_WAIT_MS_I2C?IOEXPANDER_PI4IOE5V96248
            CODE    4C7AH     002BH     UNIT         ?PR?_WAIT_MS_SPINOR?AT25SF041
            CODE    4CA5H     0028H     UNIT         ?PR?_MOVE?BIPOLARMOTOR
            CODE    4CCDH     0027H     UNIT         ?PR?_I2C_SENDBYTE?IOEXPANDER_PI4IOE5V96248
            CODE    4CF4H     0025H     UNIT         ?PR?_FINDCLOSESTSAMEDAYCALIBTIME?CALIBRATION
            CODE    4D19H     0024H     UNIT         ?PR?_WAIT_MS?LCD_DRIVER_SPLC780D
            CODE    4D3DH     0020H     UNIT         ?PR?_SPI_SENDBYTE?PCF85063BTL
            CODE    4D5DH     0020H     UNIT         ?PR?SPI_RECEIVEBYTE?PCF85063BTL
            CODE    4D7DH     001FH     UNIT         ?PR?ADC_INIT?ADC
            CODE    4D9CH     001EH     UNIT         ?PR?_DELAY_MS?KEYPAD
            CODE    4DBAH     001DH     UNIT         ?PR?_DISPLAYLCD?LCD_DRIVER_SPLC780D
            CODE    4DD7H     001BH     UNIT         ?PR?_BCDTODEC1?BIPOLARMOTOR
            CODE    4DF2H     0018H     UNIT         ?PR?_SPI_WRITETIME?PCF85063BTL
            CODE    4E0AH     0017H     UNIT         ?PR?_ASCIITOBCD?UART1
            CODE    4E21H     0016H     UNIT         ?PR?I2C_ACK?IOEXPANDER_PI4IOE5V96248
            CODE    4E37H     0015H     UNIT         ?PR?_DISPLAY_LINE?LCD_DRIVER_SPLC780D
            CODE    4E4CH     0015H     UNIT         ?PR?VSETLOCATION?BIPOLARMOTOR
BL51 BANKED LINKER/LOCATER V6.22                                                      04/23/2019  13:58:13  PAGE 4


            CODE    4E61H     0015H     UNIT         ?PR?I2C_STOP?IOEXPANDER_PI4IOE5V96248
            CODE    4E76H     0014H     UNIT         ?PR?_PCF85063BTL_DELAY?PCF85063BTL
            CODE    4E8AH     0014H     UNIT         ?PR?_ABS?LCD_DRIVER_SPLC780D
            CODE    4E9EH     0014H     UNIT         ?PR?_ISSPACE?ISSPACE
            CODE    4EB2H     0011H     UNIT         ?PR?_SPI_READTIME?PCF85063BTL
            CODE    4EC3H     0011H     UNIT         ?PR?_BCDTODEC?PCF85063BTL
            CODE    4ED4H     0011H     UNIT         ?PR?INITUART1?UART1
            CODE    4EE5H     000FH     UNIT         ?PR?I2C_START?IOEXPANDER_PI4IOE5V96248
            CODE    4EF4H     000FH     UNIT         ?PR?UC_NACK?IOEXPANDER_PI4IOE5V96248
            CODE    4F03H     000FH     UNIT         ?PR?_ISDIGIT?ISDIGIT
            CODE    4F12H     000DH     UNIT         ?PR?SPI_INIT?PCF85063BTL
            CODE    4F1FH     000CH     UNIT         ?PR?KEYPAD_IO_INIT?KEYPAD
            CODE    4F2BH     000AH     UNIT         ?PR?LCD_RETURN_HOME?LCD_DRIVER_SPLC780D
            CODE    4F35H     000AH     UNIT         ?PR?LCD_CLEAR?LCD_DRIVER_SPLC780D
            CODE    4F3FH     0006H     UNIT         ?PR?UC_ACK?IOEXPANDER_PI4IOE5V96248
            CODE    4F45H     0005H     UNIT         ?PR?_UNIT?UART1
            CODE    4F4AH     0005H     UNIT         ?PR?_ASCII_LETTER?UART1
            CODE    4F4FH     0001H     UNIT         ?PR?WAIT?BIPOLARMOTOR
            CODE    4F50H     0001H     UNIT         ?PR?NOP?IOEXPANDER_PI4IOE5V96248



OVERLAY MAP OF MODULE:   .\Obj\GPIO_RTC_Test (MAIN)


SEGMENT                                             BIT_GROUP          XDATA_GROUP
  +--> CALLED SEGMENT                            START    LENGTH     START    LENGTH
------------------------------------------------------------------------------------
?C_C51STARTUP                                    -----    -----      -----    -----
  +--> ?PR?MAIN?MAIN
  +--> ?C_INITSEG

?PR?MAIN?MAIN                                    -----    -----      03BCH    002CH
  +--> ?PR?LCD_INIT?LCD_DRIVER_SPLC780D
  +--> ?PR?SPI_INIT?PCF85063BTL
  +--> ?PR?KEYPAD_IO_INIT?KEYPAD
  +--> ?PR?ADC_INIT?ADC
  +--> ?PR?VSETLOCATION?BIPOLARMOTOR
  +--> ?PR?_SPI_WRITETIME?PCF85063BTL
  +--> ?PR?_DELAY_MS?KEYPAD
  +--> ?PR?_DISPLAY_LINE?LCD_DRIVER_SPLC780D
  +--> ?PR?_WRITEDATA?LCD_DRIVER_SPLC780D
  +--> ?PR?KEY_PROCESS?KEYPAD
  +--> ?PR?_COMMAND?LCD_DRIVER_SPLC780D
  +--> ?PR?_DISPLAY_POS?LCD_DRIVER_SPLC780D
  +--> ?PR?_DISPLAYLCD?LCD_DRIVER_SPLC780D
  +--> ?PR?_STEP_MOVE?BIPOLARMOTOR
  +--> ?PR?LCD_RETURN_HOME?LCD_DRIVER_SPLC780D
  +--> ?PR?_READ_TIME?PCF85063BTL
  +--> ?PR?_ADC_GETRESULT?ADC
  +--> ?PR?_BCDTODEC1?BIPOLARMOTOR
  +--> ?PR?_ELEVATION_CALCULATION?BIPOLARMOTOR
  +--> ?PR?SIN?SIN
  +--> ?PR?_CALIBRATION?CALIBRATION
  +--> ?PR?AT25SF041_WRITEENABLE?AT25SF041
  +--> ?PR?_AT25SF041_WRITE?AT25SF041
  +--> ?PR?_WAIT_MS_SPINOR?AT25SF041
BL51 BANKED LINKER/LOCATER V6.22                                                      04/23/2019  13:58:13  PAGE 5


  +--> ?PR?_UPDATE_POSITION?BIPOLARMOTOR
  +--> ?PR?SPI_NOR_WRITE_DATA?AT25SF041
  +--> ?PR?LINEAR_INTERPOLATE?BIPOLARMOTOR
  +--> ?PR?_FINDCLOSESTSAMEDAYCALIBTIME?CALI...
  +--> ?PR?LCD_CLEAR?LCD_DRIVER_SPLC780D
  +--> ?PR?AT25SF041_CHIPERASE?AT25SF041

?PR?LCD_INIT?LCD_DRIVER_SPLC780D                 -----    -----      -----    -----
  +--> ?PR?_WAIT_MS?LCD_DRIVER_SPLC780D
  +--> ?PR?_COMMAND?LCD_DRIVER_SPLC780D

?PR?_COMMAND?LCD_DRIVER_SPLC780D                 -----    -----      -----    -----
  +--> ?PR?_WAIT_MS?LCD_DRIVER_SPLC780D

?PR?ADC_INIT?ADC                                 -----    -----      -----    -----
  +--> ?PR?_WAIT_MS?LCD_DRIVER_SPLC780D

?PR?_SPI_WRITETIME?PCF85063BTL                   -----    -----      -----    -----
  +--> ?PR?_SPI_SENDBYTE?PCF85063BTL

?PR?_SPI_SENDBYTE?PCF85063BTL                    -----    -----      -----    -----
  +--> ?PR?_PCF85063BTL_DELAY?PCF85063BTL

?PR?_DISPLAY_LINE?LCD_DRIVER_SPLC780D            -----    -----      -----    -----
  +--> ?PR?_COMMAND?LCD_DRIVER_SPLC780D

?PR?_WRITEDATA?LCD_DRIVER_SPLC780D               -----    -----      04D1H    0001H
  +--> ?PR?_WAIT_MS?LCD_DRIVER_SPLC780D

?PR?KEY_PROCESS?KEYPAD                           -----    -----      03E8H    0006H
  +--> ?PR?KEY_SCAN?KEYPAD
  +--> ?PR?_SPI_WRITETIME?PCF85063BTL
  +--> ?PR?LCD_CLEAR?LCD_DRIVER_SPLC780D
  +--> ?PR?_COMMAND?LCD_DRIVER_SPLC780D
  +--> ?PR?_WRITEDATA?LCD_DRIVER_SPLC780D

?PR?KEY_SCAN?KEYPAD                              -----    -----      03EEH    0003H

?PR?LCD_CLEAR?LCD_DRIVER_SPLC780D                -----    -----      -----    -----
  +--> ?PR?_COMMAND?LCD_DRIVER_SPLC780D

?PR?_DISPLAY_POS?LCD_DRIVER_SPLC780D             -----    -----      04C7H    000AH
  +--> ?PR?_ABS?LCD_DRIVER_SPLC780D
  +--> ?PR?_WRITEDATA?LCD_DRIVER_SPLC780D

?PR?_DISPLAYLCD?LCD_DRIVER_SPLC780D              -----    -----      03E8H    0001H
  +--> ?PR?_WRITEDATA?LCD_DRIVER_SPLC780D

?PR?_STEP_MOVE?BIPOLARMOTOR                      0020H.6  0000H.1    04CBH    0004H
  +--> ?PR?VONESTEPMOVE?BIPOLARMOTOR

?PR?VONESTEPMOVE?BIPOLARMOTOR                    0020H.7  0000H.1    -----    -----
  +--> ?PR?_WRITE_PI4IOE5V96248?IOEXPANDER_P...
  +--> ?PR?_DELAY_MS?KEYPAD

?PR?_WRITE_PI4IOE5V96248?IOEXPANDER_P...         -----    -----      04CFH    0003H
  +--> ?PR?I2C_START?IOEXPANDER_PI4IOE5V96248
BL51 BANKED LINKER/LOCATER V6.22                                                      04/23/2019  13:58:13  PAGE 6


  +--> ?PR?_WAIT_MS_I2C?IOEXPANDER_PI4IOE5V9...
  +--> ?PR?_I2C_SENDBYTE?IOEXPANDER_PI4IOE5V...
  +--> ?PR?I2C_ACK?IOEXPANDER_PI4IOE5V96248
  +--> ?PR?I2C_STOP?IOEXPANDER_PI4IOE5V96248

?PR?I2C_START?IOEXPANDER_PI4IOE5V96248           -----    -----      -----    -----
  +--> ?PR?_WAIT_MS_I2C?IOEXPANDER_PI4IOE5V9...

?PR?_I2C_SENDBYTE?IOEXPANDER_PI4IOE5V...         -----    -----      -----    -----
  +--> ?PR?_WAIT_MS_I2C?IOEXPANDER_PI4IOE5V9...

?PR?I2C_ACK?IOEXPANDER_PI4IOE5V96248             -----    -----      04D2H    0001H
  +--> ?PR?_WAIT_MS_I2C?IOEXPANDER_PI4IOE5V9...

?PR?I2C_STOP?IOEXPANDER_PI4IOE5V96248            -----    -----      -----    -----
  +--> ?PR?_WAIT_MS_I2C?IOEXPANDER_PI4IOE5V9...

?PR?LCD_RETURN_HOME?LCD_DRIVER_SPLC780D          -----    -----      -----    -----
  +--> ?PR?_COMMAND?LCD_DRIVER_SPLC780D

?PR?_READ_TIME?PCF85063BTL                       -----    -----      03E8H    000FH
  +--> ?PR?_SPI_READTIME?PCF85063BTL

?PR?_SPI_READTIME?PCF85063BTL                    -----    -----      -----    -----
  +--> ?PR?_SPI_SENDBYTE?PCF85063BTL
  +--> ?PR?SPI_RECEIVEBYTE?PCF85063BTL

?PR?SPI_RECEIVEBYTE?PCF85063BTL                  -----    -----      -----    -----
  +--> ?PR?_PCF85063BTL_DELAY?PCF85063BTL

?PR?_ELEVATION_CALCULATION?BIPOLARMOTOR          -----    -----      03E8H    0005H
  +--> ?PR?_BCDTODEC1?BIPOLARMOTOR
  +--> ?PR?SUNPOS?SUNPOS
  +--> ?PR?SIN?SIN
  +--> ?PR?ASIN?ASIN

?PR?SUNPOS?SUNPOS                                -----    -----      043AH    005DH
  +--> ?PR?SIN?SIN
  +--> ?PR?_ATAN2?ATAN2
  +--> ?PR?ASIN?ASIN
  +--> ?PR?ACOS?ACOS

?PR?SIN?SIN                                      0020H.5  0000H.1    0497H    0004H

?PR?_ATAN2?ATAN2                                 -----    -----      0497H    0008H
  +--> ?PR?ATAN?ATAN

?PR?ATAN?ATAN                                    0020H.5  0000H.2    049FH    0004H

?PR?ASIN?ASIN                                    -----    -----      -----    -----
  +--> ?PR?SQRT?SQRT
  +--> ?PR?ATAN?ATAN

?PR?SQRT?SQRT                                    -----    -----      0497H    0004H

?PR?ACOS?ACOS                                    -----    -----      -----    -----
  +--> ?PR?SQRT?SQRT
BL51 BANKED LINKER/LOCATER V6.22                                                      04/23/2019  13:58:13  PAGE 7


  +--> ?PR?ATAN?ATAN

?PR?_CALIBRATION?CALIBRATION                     -----    -----      03E8H    0024H
  +--> ?PR?VOLTAGE_IS_STABLE?CALIBRATION
  +--> ?PR?_UPDATE_POSITION?BIPOLARMOTOR
  +--> ?PR?_FIND_REAL_MAX?CALIBRATION

?PR?VOLTAGE_IS_STABLE?CALIBRATION                -----    -----      040CH    0018H
  +--> ?PR?_ADC_GETRESULT?ADC
  +--> ?PR?_ABS?LCD_DRIVER_SPLC780D

?PR?_UPDATE_POSITION?BIPOLARMOTOR                -----    -----      040CH    002EH
  +--> ?PR?_BCDTODEC1?BIPOLARMOTOR
  +--> ?PR?SUNPOS?SUNPOS
  +--> ?PR?SIN?SIN
  +--> ?PR?ASIN?ASIN
  +--> ?PR?_THEORICALJP_POSITION?BIPOLARMOTOR
  +--> ?PR?_ABS?LCD_DRIVER_SPLC780D
  +--> ?PR?_MOVE?BIPOLARMOTOR

?PR?_THEORICALJP_POSITION?BIPOLARMOTOR           -----    -----      043AH    005CH
  +--> ?PR?LINEAR_INTERPOLATE?BIPOLARMOTOR

?PR?LINEAR_INTERPOLATE?BIPOLARMOTOR              -----    -----      0496H    0014H

?PR?_MOVE?BIPOLARMOTOR                           0020H.5  0000H.1    04C7H    0004H
  +--> ?PR?_STEP_MOVE?BIPOLARMOTOR

?PR?_FIND_REAL_MAX?CALIBRATION                   -----    -----      040CH    00BBH
  +--> ?PR?_ADC_GETRESULT?ADC
  +--> ?PR?AT25SF041_WRITEENABLE?AT25SF041
  +--> ?PR?_AT25SF041_WRITE?AT25SF041
  +--> ?PR?_WAIT_MS_SPINOR?AT25SF041
  +--> ?PR?_COMMAND?LCD_DRIVER_SPLC780D
  +--> ?PR?_WRITEDATA?LCD_DRIVER_SPLC780D
  +--> ?PR?_DISPLAY_POS?LCD_DRIVER_SPLC780D
  +--> ?PR?_WAIT_MS?LCD_DRIVER_SPLC780D
  +--> ?PR?_MOVE?BIPOLARMOTOR
  +--> ?PR?_MAX_VALUE?CALIBRATION

?PR?AT25SF041_WRITEENABLE?AT25SF041              -----    -----      04C7H    0002H
  +--> ?PR?_WAIT_MS_SPINOR?AT25SF041
  +--> ?PR?UCREAD_STATUS_REGISTER_BYTE1?AT25...

?PR?UCREAD_STATUS_REGISTER_BYTE1?AT25...         -----    -----      04CFH    0003H
  +--> ?PR?_WAIT_MS_SPINOR?AT25SF041

?PR?_AT25SF041_WRITE?AT25SF041                   -----    -----      04C7H    0008H
  +--> ?PR?_WAIT_MS_SPINOR?AT25SF041
  +--> ?PR?UCREAD_STATUS_REGISTER_BYTE1?AT25...

?PR?_MAX_VALUE?CALIBRATION                       -----    -----      04C7H    0004H

?PR?SPI_NOR_WRITE_DATA?AT25SF041                 -----    -----      03E8H    000EH
  +--> ?PR?AT25SF041_WRITEENABLE?AT25SF041
  +--> ?PR?_AT25SF041_WRITE?AT25SF041
  +--> ?PR?_WAIT_MS_SPINOR?AT25SF041
BL51 BANKED LINKER/LOCATER V6.22                                                      04/23/2019  13:58:13  PAGE 8



?PR?AT25SF041_CHIPERASE?AT25SF041                -----    -----      03E8H    0002H
  +--> ?PR?_WAIT_MS_SPINOR?AT25SF041
  +--> ?PR?UCREAD_STATUS_REGISTER_BYTE1?AT25...



UNRESOLVED EXTERNAL SYMBOLS:
   AUTO_MODE
   SPI_NOR_CLEARENABLE
   _SENDUART1



SYMBOL TABLE OF MODULE:  .\Obj\GPIO_RTC_Test (MAIN)

  VALUE           TYPE          NAME
  ----------------------------------

  -------         MODULE        MAIN
  C:0000H         SYMBOL        _ICE_DUMMY_
  X:04DBH         PUBLIC        calib_value
  D:0080H         PUBLIC        P0
  D:00B2H         PUBLIC        P3M0
  D:0090H         PUBLIC        P1
  D:00B1H         PUBLIC        P3M1
  D:00A0H         PUBLIC        P2
  D:00B0H         PUBLIC        P3
  D:00C0H         PUBLIC        P4
  D:00C8H         PUBLIC        P5
  X:052FH         SYMBOL        PressedKey
  B:00A8H.7       PUBLIC        EA
  D:00E8H         PUBLIC        P6
  X:0533H         PUBLIC        calib_stamp
  D:00F8H         PUBLIC        P7
  X:0534H         PUBLIC        calib_bool
  X:055EH         PUBLIC        RX_Data_Uart_Cnt
  D:00A8H         PUBLIC        IE
  X:0560H         PUBLIC        calib_time
  D:00B8H         PUBLIC        IP
  X:05B4H         PUBLIC        months
  D:00D8H         PUBLIC        CCON
  C:000EH         PUBLIC        main
  X:05B5H         PUBLIC        count
  X:05B7H         PUBLIC        days
  X:05B8H         PUBLIC        hours
  D:0098H         PUBLIC        SCON
  D:0089H         PUBLIC        TMOD
  D:0088H         PUBLIC        TCON
  B:00A0H.3       PUBLIC        P23
  X:05B9H         SYMBOL        KeyCount
  X:05BBH         PUBLIC        mins
  X:05BCH         PUBLIC        Rec_data_hour
  B:00C8H.5       PUBLIC        P55
  X:05BFH         PUBLIC        Rec_data_min
  D:008EH         PUBLIC        AUXR
  C:0009H         PUBLIC        tm0_isr
BL51 BANKED LINKER/LOCATER V6.22                                                      04/23/2019  13:58:13  PAGE 9


  B:0021H.0       PUBLIC        busy
  B:00A8H.1       PUBLIC        ET0
  X:05C2H         PUBLIC        SPI_NOR_INTERNAL_FLASH_ADDR
  D:008CH         PUBLIC        TH0
  X:05C6H         PUBLIC        hour_count
  D:008AH         PUBLIC        TL0
  X:05C7H         PUBLIC        min_count
  B:0088H.4       PUBLIC        TR0
  X:05C8H         SYMBOL        KeyNum
  X:05C9H         SYMBOL        KeyNum_Old
  X:05CAH         PUBLIC        current_position
  X:05CEH         PUBLIC        hours1
  X:05CFH         PUBLIC        hours2
  X:05D0H         PUBLIC        mins1
  X:05D1H         PUBLIC        mins2
  X:05D2H         PUBLIC        seconds
  X:05D3H         PUBLIC        st_time
  D:00D0H         PUBLIC        PSW
  -------         PROC          TM0_ISR
  C:0009H         LINE#         83
  C:0009H         LINE#         85
  -------         ENDPROC       TM0_ISR
  -------         PROC          MAIN
  -------         DO            
  X:03BCH         SYMBOL        sunlight_ADC
  X:04D3H         SYMBOL        KeyCount
  X:04D5H         SYMBOL        KeyNum_Old
  X:04D6H         SYMBOL        KeyNum
  X:04D7H         SYMBOL        PressedKey
  X:03BEH         SYMBOL        prox_flag
  X:03BFH         SYMBOL        iUse_prevday_calib_value
  X:03C1H         SYMBOL        max_ADC_Val_JP
  X:03C3H         SYMBOL        max_ADC_Val
  X:03C5H         SYMBOL        calib_point1
  X:03CDH         SYMBOL        calib_point2
  X:03D5H         SYMBOL        dat_to_store
  X:03E0H         SYMBOL        calib_day
  X:03E2H         SYMBOL        calib_count
  X:03E4H         SYMBOL        theorical_JP_max_pos
  D:0004H         SYMBOL        elevation
  -------         ENDDO         
  C:000EH         LINE#         87
  C:000EH         LINE#         88
  C:000EH         LINE#         93
  C:0014H         LINE#         94
  C:0019H         LINE#         96
  C:0021H         LINE#         100
  C:0027H         LINE#         101
  C:0031H         LINE#         105
  C:0033H         LINE#         106
  C:0035H         LINE#         107
  C:0037H         LINE#         108
  C:0039H         LINE#         110
  C:0040H         LINE#         111
  C:0044H         LINE#         120
  C:0046H         LINE#         121
  C:0049H         LINE#         122
BL51 BANKED LINKER/LOCATER V6.22                                                      04/23/2019  13:58:13  PAGE 10


  C:004CH         LINE#         123
  C:004FH         LINE#         124
  C:0052H         LINE#         125
  C:0055H         LINE#         128
  C:0058H         LINE#         129
  C:005BH         LINE#         131
  C:005EH         LINE#         132
  C:0061H         LINE#         133
  C:0064H         LINE#         134
  C:0066H         LINE#         135
  C:0068H         LINE#         136
  C:006AH         LINE#         138
  C:006CH         LINE#         139
  C:0073H         LINE#         140
  C:007AH         LINE#         141
  C:0081H         LINE#         142
  C:0088H         LINE#         146
  C:008FH         LINE#         147
  C:0094H         LINE#         148
  C:0099H         LINE#         149
  C:009EH         LINE#         150
  C:00A3H         LINE#         151
  C:00A8H         LINE#         154
  C:00C1H         LINE#         155
  C:00C1H         LINE#         156
  C:00DDH         LINE#         157
  C:0124H         LINE#         158
  C:0135H         LINE#         161
  C:0135H         LINE#         162
  C:0135H         LINE#         163
  C:0138H         LINE#         166
  C:0138H         LINE#         169
  C:013DH         LINE#         170
  C:0142H         LINE#         172
  C:0147H         LINE#         173
  C:014CH         LINE#         174
  C:0151H         LINE#         175
  C:0156H         LINE#         177
  C:0167H         LINE#         178
  C:016CH         LINE#         179
  C:0171H         LINE#         181
  C:0178H         LINE#         182
  C:0180H         LINE#         183
  C:0185H         LINE#         184
  C:018DH         LINE#         185
  C:0192H         LINE#         186
  C:019CH         LINE#         187
  C:01A1H         LINE#         188
  C:01A9H         LINE#         190
  C:01B1H         LINE#         191
  C:01B6H         LINE#         192
  C:01C0H         LINE#         193
  C:01C0H         LINE#         194
  C:01C2H         LINE#         195
  C:01C4H         LINE#         196
  C:01CEH         LINE#         197
  C:01CEH         LINE#         198
BL51 BANKED LINKER/LOCATER V6.22                                                      04/23/2019  13:58:13  PAGE 11


  C:01D3H         LINE#         199
  C:01D3H         LINE#         211
  C:01E0H         LINE#         212
  C:01E0H         LINE#         213
  C:01EAH         LINE#         214
  C:0201H         LINE#         215
  C:0201H         LINE#         216
  C:0203H         LINE#         217
  C:0205H         LINE#         219
  C:0205H         LINE#         220
  C:0210H         LINE#         221
  C:0210H         LINE#         222
  C:0215H         LINE#         223
  C:0215H         LINE#         224
  C:0222H         LINE#         225
  C:0222H         LINE#         228
  C:022CH         LINE#         229
  C:0243H         LINE#         230
  C:0243H         LINE#         231
  C:0245H         LINE#         232
  C:0247H         LINE#         234
  C:0247H         LINE#         235
  C:0252H         LINE#         236
  C:0252H         LINE#         237
  C:0257H         LINE#         238
  C:0259H         LINE#         239
  C:0259H         LINE#         241
  C:027BH         LINE#         242
  C:027BH         LINE#         243
  C:0285H         LINE#         244
  C:028BH         LINE#         245
  C:028DH         LINE#         246
  C:028FH         LINE#         247
  C:0291H         LINE#         248
  C:0291H         LINE#         249
  C:0294H         LINE#         251
  C:0294H         LINE#         252
  C:029AH         LINE#         253
  C:02A2H         LINE#         254
  C:02A8H         LINE#         255
  C:02B0H         LINE#         256
  C:02EBH         LINE#         260
  C:02F8H         LINE#         261
  C:02F8H         LINE#         263
  C:0305H         LINE#         264
  C:0338H         LINE#         265
  C:0338H         LINE#         266
  C:035BH         LINE#         267
  C:035BH         LINE#         268
  C:037DH         LINE#         269
  C:037DH         LINE#         271
  C:039DH         LINE#         273
  C:03D6H         LINE#         274
  C:03D6H         LINE#         275
  C:0452H         LINE#         276
  C:046BH         LINE#         277
  C:04F5H         LINE#         278
BL51 BANKED LINKER/LOCATER V6.22                                                      04/23/2019  13:58:13  PAGE 12


  C:04F8H         LINE#         280
  C:04F8H         LINE#         282
  C:04FFH         LINE#         283
  C:04FFH         LINE#         284
  C:0502H         LINE#         285
  C:0520H         LINE#         286
  C:0527H         LINE#         287
  C:0546H         LINE#         288
  C:0565H         LINE#         290
  C:05E1H         LINE#         291
  C:05F9H         LINE#         293
  C:0651H         LINE#         294
  C:0665H         LINE#         295
  C:0672H         LINE#         296
  C:0681H         LINE#         297
  C:0681H         LINE#         299
  C:0689H         LINE#         300
  C:0691H         LINE#         301
  C:0699H         LINE#         302
  C:06A1H         LINE#         304
  C:06B5H         LINE#         305
  C:06CBH         LINE#         306
  C:06FBH         LINE#         307
  C:070FH         LINE#         309
  C:0723H         LINE#         310
  C:0739H         LINE#         311
  C:0769H         LINE#         312
  C:0770H         LINE#         314
  C:0794H         LINE#         317
  C:0796H         LINE#         319
  C:07A4H         LINE#         320
  C:07A4H         LINE#         321
  C:07ACH         LINE#         323
  C:07ACH         LINE#         326
  C:07ACH         LINE#         327
  C:07B9H         LINE#         328
  C:07B9H         LINE#         329
  C:07DBH         LINE#         330
  C:07DBH         LINE#         331
  C:0857H         LINE#         332
  C:08ACH         LINE#         333
  C:08ACH         LINE#         335
  C:08AFH         LINE#         339
  C:08AFH         LINE#         342
  C:08D1H         LINE#         343
  C:08D1H         LINE#         344
  C:094DH         LINE#         346
  C:097AH         LINE#         347
  C:0995H         LINE#         348
  C:09C2H         LINE#         349
  C:09F5H         LINE#         350
  C:09F5H         LINE#         351
  C:0A1FH         LINE#         352
  C:0AB8H         LINE#         353
  C:0ABAH         LINE#         355
  C:0ABAH         LINE#         356
  C:0B1DH         LINE#         357
BL51 BANKED LINKER/LOCATER V6.22                                                      04/23/2019  13:58:13  PAGE 13


  C:0B1DH         LINE#         361
  C:0B1DH         LINE#         363
  C:0B1DH         LINE#         364
  C:0B1DH         LINE#         366
  C:0B1DH         LINE#         369
  C:0B39H         LINE#         370
  C:0B3DH         LINE#         372
  C:0B3FH         LINE#         375
  C:0B4AH         LINE#         376
  C:0B4AH         LINE#         377
  C:0B4DH         LINE#         378
  C:0B54H         LINE#         379
  C:0B59H         LINE#         380
  C:0B5EH         LINE#         381
  C:0B63H         LINE#         382
  C:0B68H         LINE#         383
  C:0B6DH         LINE#         384
  C:0B72H         LINE#         385
  C:0B77H         LINE#         386
  C:0B7CH         LINE#         387
  C:0B81H         LINE#         388
  C:0B86H         LINE#         389
  C:0B8BH         LINE#         390
  C:0B90H         LINE#         393
  C:0B93H         LINE#         395
  C:0B96H         LINE#         396
  C:0B9DH         LINE#         397
  C:0BA7H         LINE#         398
  C:0BACH         LINE#         400
  C:0BAFH         LINE#         401
  C:0BB4H         LINE#         402
  C:0BB9H         LINE#         403
  C:0BBEH         LINE#         404
  C:0BC3H         LINE#         405
  C:0BC8H         LINE#         406
  C:0BCDH         LINE#         407
  C:0BD2H         LINE#         409
  C:0BD2H         LINE#         410
  -------         ENDPROC       MAIN
  -------         ENDMOD        MAIN

  -------         MODULE        PCF85063BTL
  C:0000H         SYMBOL        _ICE_DUMMY_
  D:0096H         PUBLIC        P2M0
  D:0080H         PUBLIC        P0
  D:0095H         PUBLIC        P2M1
  D:0090H         PUBLIC        P1
  D:00A0H         PUBLIC        P2
  D:00B0H         PUBLIC        P3
  D:00C0H         PUBLIC        P4
  D:00C8H         PUBLIC        P5
  D:00E8H         PUBLIC        P6
  B:00A0H.1       PUBLIC        PCF85063BTL_SDI
  D:00F8H         PUBLIC        P7
  B:00A0H.2       PUBLIC        PCF85063BTL_SCK
  B:00A0H.1       PUBLIC        PCF85063BTL_SDO
  D:00A8H         PUBLIC        IE
BL51 BANKED LINKER/LOCATER V6.22                                                      04/23/2019  13:58:13  PAGE 14


  C:493BH         PUBLIC        _Read_time
  C:4E7CH         PUBLIC        _PCF85063BTL_Delay
  D:00B8H         PUBLIC        IP
  D:00D8H         PUBLIC        CCON
  C:47C8H         PUBLIC        _Day_Of_Year
  C:4D5DH         PUBLIC        SPI_ReceiveByte
  D:0098H         PUBLIC        SCON
  D:0088H         PUBLIC        TCON
  C:4EC3H         PUBLIC        _BCDtoDec
  B:00A0H.0       PUBLIC        PCF85063BTL_CS
  C:4EB2H         PUBLIC        _SPI_ReadTime
  C:4F12H         PUBLIC        SPI_Init
  C:4DF2H         PUBLIC        _SPI_WriteTime
  C:4D3DH         PUBLIC        _SPI_SendByte
  D:00D0H         PUBLIC        PSW
  C:4E78H         SYMBOL        L?0048
  -------         PROC          L?0047
  -------         ENDPROC       L?0047
  C:4E78H         SYMBOL        L?0048
  -------         PROC          _PCF85063BTL_DELAY
  D:0006H         SYMBOL        us
  C:4E7CH         LINE#         8
  C:4E7CH         LINE#         9
  C:4E7CH         LINE#         10
  C:4E86H         LINE#         11
  C:4E86H         LINE#         12
  C:4E87H         LINE#         13
  C:4E89H         LINE#         14
  -------         ENDPROC       _PCF85063BTL_DELAY
  -------         PROC          _SPI_SENDBYTE
  D:0005H         SYMBOL        dat
  -------         DO            
  D:0003H         SYMBOL        i
  -------         ENDDO         
  C:4D3DH         LINE#         17
  C:4D3FH         LINE#         18
  C:4D3FH         LINE#         20
  C:4D41H         LINE#         21
  C:4D41H         LINE#         22
  C:4D43H         LINE#         23
  C:4D47H         LINE#         24
  C:4D47H         LINE#         25
  C:4D49H         LINE#         26
  C:4D4BH         LINE#         28
  C:4D4BH         LINE#         29
  C:4D4DH         LINE#         30
  C:4D4DH         LINE#         31
  C:4D50H         LINE#         32
  C:4D50H         LINE#         33
  C:4D53H         LINE#         34
  C:4D57H         LINE#         35
  C:4D5CH         LINE#         36
  -------         ENDPROC       _SPI_SENDBYTE
  -------         PROC          SPI_RECEIVEBYTE
  -------         DO            
  D:0003H         SYMBOL        i
  D:0005H         SYMBOL        dat
BL51 BANKED LINKER/LOCATER V6.22                                                      04/23/2019  13:58:13  PAGE 15


  -------         ENDDO         
  C:4D5DH         LINE#         39
  C:4D5DH         LINE#         40
  C:4D5DH         LINE#         42
  C:4D5FH         LINE#         44
  C:4D61H         LINE#         45
  C:4D62H         LINE#         46
  C:4D62H         LINE#         47
  C:4D66H         LINE#         48
  C:4D68H         LINE#         49
  C:4D6BH         LINE#         51
  C:4D6EH         LINE#         52
  C:4D6EH         LINE#         53
  C:4D72H         LINE#         54
  C:4D72H         LINE#         55
  C:4D72H         LINE#         56
  C:4D75H         LINE#         57
  C:4D7AH         LINE#         58
  C:4D7CH         LINE#         59
  -------         ENDPROC       SPI_RECEIVEBYTE
  -------         PROC          _SPI_READTIME
  D:0007H         SYMBOL        addr
  -------         DO            
  D:0006H         SYMBOL        dat
  -------         ENDDO         
  C:4EB2H         LINE#         61
  C:4EB2H         LINE#         62
  C:4EB2H         LINE#         64
  C:4EB4H         LINE#         65
  C:4EB6H         LINE#         66
  C:4EBDH         LINE#         67
  C:4EC0H         LINE#         68
  C:4EC2H         LINE#         69
  C:4EC2H         LINE#         70
  -------         ENDPROC       _SPI_READTIME
  -------         PROC          _SPI_WRITETIME
  D:0002H         SYMBOL        val
  D:0005H         SYMBOL        addr
  C:4DF2H         LINE#         71
  C:4DF4H         LINE#         72
  C:4DF4H         LINE#         74
  C:4DF6H         LINE#         75
  C:4DFDH         LINE#         76
  C:4E02H         LINE#         77
  C:4E07H         LINE#         78
  C:4E09H         LINE#         79
  -------         ENDPROC       _SPI_WRITETIME
  -------         PROC          SPI_INIT
  C:4F12H         LINE#         83
  C:4F12H         LINE#         84
  C:4F12H         LINE#         89
  C:4F15H         LINE#         90
  C:4F18H         LINE#         91
  C:4F1AH         LINE#         92
  C:4F1CH         LINE#         93
  C:4F1EH         LINE#         94
  -------         ENDPROC       SPI_INIT
BL51 BANKED LINKER/LOCATER V6.22                                                      04/23/2019  13:58:13  PAGE 16


  -------         PROC          _READ_TIME
  X:03E8H         SYMBOL        months
  X:03EBH         SYMBOL        days
  X:03EEH         SYMBOL        hours
  X:03F1H         SYMBOL        mins
  X:03F4H         SYMBOL        seconds
  C:493BH         LINE#         96
  C:4946H         LINE#         97
  C:4946H         LINE#         99
  C:495AH         LINE#         101
  C:496EH         LINE#         103
  C:4982H         LINE#         108
  C:4996H         LINE#         113
  -------         ENDPROC       _READ_TIME
  -------         PROC          _BCDTODEC
  D:0007H         SYMBOL        bcd
  -------         DO            
  D:0006H         SYMBOL        hi
  D:0007H         SYMBOL        lo
  -------         ENDDO         
  C:4EC3H         LINE#         119
  C:4EC3H         LINE#         120
  C:4EC3H         LINE#         122
  C:4EC8H         LINE#         123
  C:4ECCH         LINE#         124
  C:4ED3H         LINE#         125
  -------         ENDPROC       _BCDTODEC
  -------         PROC          _DAY_OF_YEAR
  D:0007H         SYMBOL        months_bcd
  D:0005H         SYMBOL        days_bcd
  -------         DO            
  D:0004H         SYMBOL        months
  D:0007H         SYMBOL        days
  -------         ENDDO         
  C:47C8H         LINE#         126
  C:47C8H         LINE#         127
  C:47C8H         LINE#         130
  C:47CDH         LINE#         132
  C:47D2H         LINE#         134
  C:480BH         LINE#         135
  C:480BH         LINE#         136
  C:480BH         LINE#         137
  C:480EH         LINE#         138
  C:480EH         LINE#         139
  C:480EH         LINE#         140
  C:4813H         LINE#         141
  C:4813H         LINE#         142
  C:4813H         LINE#         143
  C:4818H         LINE#         144
  C:4818H         LINE#         145
  C:4818H         LINE#         146
  C:481DH         LINE#         147
  C:481DH         LINE#         148
  C:481DH         LINE#         149
  C:4822H         LINE#         150
  C:4822H         LINE#         151
  C:4822H         LINE#         152
BL51 BANKED LINKER/LOCATER V6.22                                                      04/23/2019  13:58:13  PAGE 17


  C:4827H         LINE#         153
  C:4827H         LINE#         154
  C:4827H         LINE#         155
  C:482CH         LINE#         156
  C:482CH         LINE#         157
  C:482CH         LINE#         158
  C:4831H         LINE#         159
  C:4831H         LINE#         160
  C:4831H         LINE#         161
  C:4839H         LINE#         162
  C:4839H         LINE#         163
  C:4839H         LINE#         164
  C:483EH         LINE#         165
  C:483EH         LINE#         166
  C:483EH         LINE#         167
  C:4843H         LINE#         168
  C:4843H         LINE#         169
  C:4843H         LINE#         170
  C:484CH         LINE#         171
  C:484CH         LINE#         172
  C:484CH         LINE#         173
  C:484FH         LINE#         174
  C:484FH         LINE#         175
  -------         ENDPROC       _DAY_OF_YEAR
  -------         ENDMOD        PCF85063BTL

  -------         MODULE        UART1
  C:0000H         SYMBOL        _ICE_DUMMY_
  D:0080H         PUBLIC        P0
  D:0090H         PUBLIC        P1
  D:00A0H         PUBLIC        P2
  D:00B0H         PUBLIC        P3
  D:00C0H         PUBLIC        P4
  D:00C8H         PUBLIC        P5
  B:00A8H.7       PUBLIC        EA
  D:00E8H         PUBLIC        P6
  D:00F8H         PUBLIC        P7
  C:4BF0H         PUBLIC        _SendString
  D:00A8H         PUBLIC        IE
  B:00A8H.4       PUBLIC        ES
  D:00B8H         PUBLIC        IP
  C:4E0AH         PUBLIC        _ASCIItoBCD
  D:00D8H         PUBLIC        CCON
  C:4ED4H         PUBLIC        initUART1
  D:0098H         PUBLIC        SCON
  D:0088H         PUBLIC        TCON
  C:000AH         PUBLIC        _DectoBCD
  C:4F4AH         PUBLIC        _ASCII_Letter
  D:008EH         PUBLIC        AUXR
  C:4F45H         PUBLIC        _unit
  C:0003H         PUBLIC        _ten
  D:00D6H         PUBLIC        T2H
  D:00D7H         PUBLIC        T2L
  D:00D0H         PUBLIC        PSW
  -------         PROC          INITUART1
  C:4ED4H         LINE#         21
  C:4ED4H         LINE#         22
BL51 BANKED LINKER/LOCATER V6.22                                                      04/23/2019  13:58:13  PAGE 18


  C:4ED4H         LINE#         23
  C:4ED7H         LINE#         24
  C:4EDAH         LINE#         25
  C:4EDDH         LINE#         26
  C:4EE0H         LINE#         27
  C:4EE2H         LINE#         28
  C:4EE4H         LINE#         30
  -------         ENDPROC       INITUART1
  -------         PROC          _SENDSTRING
  X:05EBH         SYMBOL        s
  C:4BF0H         LINE#         35
  C:4BFBH         LINE#         36
  C:4BFBH         LINE#         37
  C:4C0BH         LINE#         38
  C:4C0BH         LINE#         39
  C:4C20H         LINE#         40
  C:4C22H         LINE#         41
  -------         ENDPROC       _SENDSTRING
  -------         PROC          _TEN
  D:0007H         SYMBOL        BCD
  C:0003H         LINE#         43
  C:0003H         LINE#         44
  C:0003H         LINE#         45
  C:0008H         LINE#         46
  -------         ENDPROC       _TEN
  -------         PROC          _UNIT
  D:0007H         SYMBOL        BCD
  C:4F45H         LINE#         47
  C:4F45H         LINE#         48
  C:4F45H         LINE#         52
  C:4F49H         LINE#         53
  -------         ENDPROC       _UNIT
  -------         PROC          _DECTOBCD
  D:0007H         SYMBOL        dec
  C:000AH         LINE#         54
  C:000AH         LINE#         55
  C:000AH         LINE#         57
  C:000AH         LINE#         58
  -------         ENDPROC       _DECTOBCD
  -------         PROC          _ASCII_LETTER
  D:0007H         SYMBOL        dat
  C:4F4AH         LINE#         60
  C:4F4AH         LINE#         61
  C:4F4AH         LINE#         63
  C:4F4EH         LINE#         64
  -------         ENDPROC       _ASCII_LETTER
  -------         PROC          _ASCIITOBCD
  D:0001H         SYMBOL        ascii
  -------         DO            
  D:0007H         SYMBOL        dec_val
  D:0006H         SYMBOL        ten
  D:0007H         SYMBOL        unit
  -------         ENDDO         
  C:4E0AH         LINE#         66
  C:4E0AH         LINE#         67
  C:4E0AH         LINE#         69
  C:4E0DH         LINE#         70
BL51 BANKED LINKER/LOCATER V6.22                                                      04/23/2019  13:58:13  PAGE 19


  C:4E13H         LINE#         71
  C:4E1AH         LINE#         72
  C:4E20H         LINE#         74
  -------         ENDPROC       _ASCIITOBCD
  -------         ENDMOD        UART1

  -------         MODULE        LCD_DRIVER_SPLC780D
  C:0000H         SYMBOL        _ICE_DUMMY_
  D:0092H         PUBLIC        P1M0
  D:0091H         PUBLIC        P1M1
  D:0080H         PUBLIC        P0
  D:0090H         PUBLIC        P1
  D:00A0H         PUBLIC        P2
  D:00B0H         PUBLIC        P3
  D:00C0H         PUBLIC        P4
  D:00C8H         PUBLIC        P5
  D:00E8H         PUBLIC        P6
  D:00F8H         PUBLIC        P7
  C:4854H         PUBLIC        _WriteData
  D:00A8H         PUBLIC        IE
  D:00B8H         PUBLIC        IP
  D:00D8H         PUBLIC        CCON
  B:00B0H.4       PUBLIC        LCD_D4
  B:00B0H.5       PUBLIC        LCD_D5
  B:00B0H.6       PUBLIC        LCD_D6
  C:4DBAH         PUBLIC        _DisplayLCD
  B:00B0H.7       PUBLIC        LCD_D7
  D:0098H         PUBLIC        SCON
  D:0088H         PUBLIC        TCON
  C:4E8AH         PUBLIC        _abs
  C:4F35H         PUBLIC        LCD_clear
  C:4B35H         PUBLIC        _Command
  C:4E37H         PUBLIC        _Display_Line
  C:4A04H         PUBLIC        LCD_Init
  C:4D1FH         PUBLIC        _Wait_ms
  B:00C0H.0       PUBLIC        LCD_RS
  B:00B0H.2       PUBLIC        LCD_RW
  C:4F2BH         PUBLIC        LCD_return_home
  C:3D1AH         PUBLIC        _Display_Pos
  B:00B0H.3       PUBLIC        LCD_E
  D:00D0H         PUBLIC        PSW
  -------         PROC          LCD_INIT
  C:4A04H         LINE#         9
  C:4A04H         LINE#         10
  C:4A04H         LINE#         11
  C:4A07H         LINE#         12
  C:4A0AH         LINE#         14
  C:4A10H         LINE#         15
  C:4A15H         LINE#         17
  C:4A1CH         LINE#         18
  C:4A21H         LINE#         20
  C:4A24H         LINE#         21
  C:4A29H         LINE#         23
  C:4A2CH         LINE#         24
  C:4A31H         LINE#         26
  C:4A38H         LINE#         29
  C:4A3DH         LINE#         30
BL51 BANKED LINKER/LOCATER V6.22                                                      04/23/2019  13:58:13  PAGE 20


  C:4A42H         LINE#         32
  C:4A47H         LINE#         33
  C:4A4CH         LINE#         35
  C:4A51H         LINE#         36
  C:4A56H         LINE#         37
  -------         ENDPROC       LCD_INIT
  C:4850H         SYMBOL        L?0040
  -------         PROC          L?0039
  -------         ENDPROC       L?0039
  C:4850H         SYMBOL        L?0040
  -------         PROC          _WRITEDATA
  X:04D1H         SYMBOL        dat
  C:4854H         LINE#         40
  C:4859H         LINE#         41
  C:4859H         LINE#         46
  C:485BH         LINE#         47
  C:485DH         LINE#         49
  C:486BH         LINE#         50
  C:4877H         LINE#         51
  C:4883H         LINE#         52
  C:488DH         LINE#         53
  C:488FH         LINE#         54
  C:4896H         LINE#         55
  C:4898H         LINE#         57
  C:48A8H         LINE#         58
  C:48B3H         LINE#         59
  C:48BDH         LINE#         60
  C:48C1H         LINE#         62
  C:48C1H         LINE#         63
  C:48C4H         LINE#         64
  C:48C6H         LINE#         65
  C:48C8H         LINE#         67
  -------         ENDPROC       _WRITEDATA
  -------         PROC          _COMMAND
  D:0007H         SYMBOL        dat
  C:4B35H         LINE#         69
  C:4B35H         LINE#         70
  C:4B35H         LINE#         71
  C:4B37H         LINE#         72
  C:4B39H         LINE#         74
  C:4B43H         LINE#         75
  C:4B47H         LINE#         77
  C:4B49H         LINE#         78
  C:4B52H         LINE#         79
  C:4B56H         LINE#         81
  C:4B58H         LINE#         82
  C:4B5FH         LINE#         83
  C:4B63H         LINE#         85
  C:4B65H         LINE#         86
  C:4B69H         LINE#         87
  C:4B6DH         LINE#         89
  C:4B6FH         LINE#         90
  C:4B6FH         LINE#         91
  C:4B72H         LINE#         92
  C:4B74H         LINE#         93
  -------         ENDPROC       _COMMAND
  C:4D1BH         SYMBOL        L?0038
BL51 BANKED LINKER/LOCATER V6.22                                                      04/23/2019  13:58:13  PAGE 21


  -------         PROC          L?0037
  -------         ENDPROC       L?0037
  C:4D1BH         SYMBOL        L?0038
  -------         PROC          _WAIT_MS
  D:0006H         SYMBOL        ms
  -------         DO            
  D:0004H         SYMBOL        De_Cnt
  -------         ENDDO         
  C:4D1FH         LINE#         95
  C:4D1FH         LINE#         96
  C:4D1FH         LINE#         98
  C:4D29H         LINE#         99
  C:4D29H         LINE#         100
  C:4D3CH         LINE#         101
  C:4D3CH         LINE#         102
  -------         ENDPROC       _WAIT_MS
  -------         PROC          _DISPLAYLCD
  D:0007H         SYMBOL        BCD
  -------         DO            
  D:0006H         SYMBOL        first_digit
  X:03E8H         SYMBOL        second_digit
  -------         ENDDO         
  C:4DBAH         LINE#         103
  C:4DBAH         LINE#         104
  C:4DBAH         LINE#         106
  C:4DC1H         LINE#         107
  C:4DCAH         LINE#         109
  C:4DCFH         LINE#         111
  -------         ENDPROC       _DISPLAYLCD
  -------         PROC          LCD_RETURN_HOME
  C:4F2BH         LINE#         115
  C:4F2BH         LINE#         116
  C:4F2BH         LINE#         117
  C:4F30H         LINE#         118
  -------         ENDPROC       LCD_RETURN_HOME
  -------         PROC          LCD_CLEAR
  C:4F35H         LINE#         121
  C:4F35H         LINE#         122
  C:4F35H         LINE#         123
  C:4F3AH         LINE#         124
  -------         ENDPROC       LCD_CLEAR
  -------         PROC          _DISPLAY_LINE
  D:0006H         SYMBOL        line
  C:4E37H         LINE#         128
  C:4E37H         LINE#         129
  C:4E37H         LINE#         130
  C:4E3DH         LINE#         131
  C:4E3DH         LINE#         132
  C:4E3FH         LINE#         133
  C:4E3FH         LINE#         134
  C:4E41H         LINE#         136
  C:4E41H         LINE#         137
  C:4E46H         LINE#         138
  C:4E4BH         LINE#         139
  C:4E4BH         LINE#         140
  -------         ENDPROC       _DISPLAY_LINE
  -------         PROC          _DISPLAY_POS
BL51 BANKED LINKER/LOCATER V6.22                                                      04/23/2019  13:58:13  PAGE 22


  X:04C7H         SYMBOL        sign_dat
  -------         DO            
  X:04CBH         SYMBOL        unit
  X:04CCH         SYMBOL        ten
  X:04CDH         SYMBOL        hundred
  D:0003H         SYMBOL        thousand
  X:04CEH         SYMBOL        after_dot
  X:04CFH         SYMBOL        dat
  -------         ENDDO         
  C:3D1AH         LINE#         142
  C:3D20H         LINE#         143
  C:3D20H         LINE#         147
  C:3D3CH         LINE#         148
  C:3D56H         LINE#         149
  C:3D7AH         LINE#         151
  C:3DC4H         LINE#         153
  C:3DDBH         LINE#         154
  C:3DE8H         LINE#         155
  C:3E0AH         LINE#         156
  C:3E3FH         LINE#         157
  C:3E57H         LINE#         158
  C:3E57H         LINE#         160
  C:3E57H         LINE#         161
  C:3E57H         LINE#         162
  C:3E57H         LINE#         163
  C:3E57H         LINE#         164
  C:3E57H         LINE#         168
  C:3E59H         LINE#         170
  C:3E59H         LINE#         172
  C:3E5EH         LINE#         173
  C:3E64H         LINE#         174
  C:3E6AH         LINE#         175
  C:3E70H         LINE#         176
  C:3E75H         LINE#         177
  C:3E7BH         LINE#         181
  C:3E7BH         LINE#         183
  -------         ENDPROC       _DISPLAY_POS
  -------         PROC          _ABS
  D:0006H         SYMBOL        dat
  C:4E8AH         LINE#         185
  C:4E8AH         LINE#         186
  C:4E8AH         LINE#         187
  C:4E95H         LINE#         188
  C:4E96H         LINE#         190
  C:4E9DH         LINE#         191
  -------         ENDPROC       _ABS
  -------         ENDMOD        LCD_DRIVER_SPLC780D

  -------         MODULE        KEYPAD
  C:0000H         SYMBOL        _ICE_DUMMY_
  D:0093H         PUBLIC        P0M1
  D:0080H         PUBLIC        P0
  D:0090H         PUBLIC        P1
  D:00A0H         PUBLIC        P2
  D:00B0H         PUBLIC        P3
  D:00C0H         PUBLIC        P4
  D:00C8H         PUBLIC        P5
BL51 BANKED LINKER/LOCATER V6.22                                                      04/23/2019  13:58:13  PAGE 23


  B:0020H.0       PUBLIC        calib_mode
  D:00E8H         PUBLIC        P6
  D:00F8H         PUBLIC        P7
  D:00A8H         PUBLIC        IE
  C:387CH         PUBLIC        Key_Scan
  D:00B8H         PUBLIC        IP
  D:00D8H         PUBLIC        CCON
  C:4F1FH         PUBLIC        KeyPad_IO_Init
  C:4D9CH         PUBLIC        _Delay_ms
  D:0098H         PUBLIC        SCON
  D:0088H         PUBLIC        TCON
  B:0020H.1       PUBLIC        small_move
  B:0020H.2       PUBLIC        move
  B:0020H.3       PUBLIC        direction
  B:0020H.4       PUBLIC        auto_move
  C:3404H         PUBLIC        Key_Process
  D:00D0H         PUBLIC        PSW
  D:0094H         PUBLIC        P0M0
  -------         PROC          _DELAY_MS
  D:0006H         SYMBOL        ms
  -------         DO            
  D:0004H         SYMBOL        De_Cnt
  -------         ENDDO         
  C:4D9CH         LINE#         19
  C:4D9CH         LINE#         20
  C:4D9CH         LINE#         22
  C:4DA6H         LINE#         23
  C:4DA6H         LINE#         24
  C:4DB9H         LINE#         25
  C:4DB9H         LINE#         26
  -------         ENDPROC       _DELAY_MS
  -------         PROC          KEY_SCAN
  -------         DO            
  X:03EEH         SYMBOL        KeyTemp1
  X:03EFH         SYMBOL        KeyTemp2
  X:03F0H         SYMBOL        KeyValue
  -------         ENDDO         
  C:387CH         LINE#         27
  C:387CH         LINE#         28
  C:387CH         LINE#         33
  C:387FH         LINE#         36
  C:3882H         LINE#         38
  C:388AH         LINE#         39
  C:3891H         LINE#         40
  C:3891H         LINE#         42
  C:3896H         LINE#         43
  C:389DH         LINE#         44
  C:389DH         LINE#         47
  C:38A0H         LINE#         48
  C:38A3H         LINE#         49
  C:38A8H         LINE#         50
  C:38ACH         LINE#         51
  C:38ACH         LINE#         52
  C:38B4H         LINE#         53
  C:38B4H         LINE#         54
  C:38B7H         LINE#         55
  C:38BFH         LINE#         56
BL51 BANKED LINKER/LOCATER V6.22                                                      04/23/2019  13:58:13  PAGE 24


  C:38C1H         LINE#         58
  C:38D5H         LINE#         59
  C:38D5H         LINE#         60
  C:38D5H         LINE#         61
  C:38D5H         LINE#         62
  C:38DBH         LINE#         64
  C:38DDH         LINE#         65
  C:38DDH         LINE#         66
  C:38DDH         LINE#         67
  C:38E3H         LINE#         69
  C:38E5H         LINE#         70
  C:38E5H         LINE#         71
  C:38E5H         LINE#         72
  C:38EBH         LINE#         74
  C:38EDH         LINE#         75
  C:38EDH         LINE#         76
  C:38EDH         LINE#         77
  C:38F3H         LINE#         79
  C:38F3H         LINE#         80
  C:38F3H         LINE#         81
  C:38F3H         LINE#         84
  C:38F6H         LINE#         85
  C:38F9H         LINE#         86
  C:3901H         LINE#         87
  C:3905H         LINE#         88
  C:3905H         LINE#         89
  C:390DH         LINE#         90
  C:390DH         LINE#         91
  C:3910H         LINE#         92
  C:3918H         LINE#         93
  C:391AH         LINE#         94
  C:392EH         LINE#         95
  C:392EH         LINE#         96
  C:392EH         LINE#         97
  C:392EH         LINE#         98
  C:3934H         LINE#         100
  C:3936H         LINE#         101
  C:3936H         LINE#         102
  C:3936H         LINE#         103
  C:393CH         LINE#         105
  C:393EH         LINE#         106
  C:393EH         LINE#         107
  C:393EH         LINE#         108
  C:3944H         LINE#         110
  C:3946H         LINE#         111
  C:3946H         LINE#         112
  C:3946H         LINE#         113
  C:394BH         LINE#         115
  C:394BH         LINE#         116
  C:394BH         LINE#         117
  C:394BH         LINE#         120
  C:394EH         LINE#         121
  C:3951H         LINE#         122
  C:3959H         LINE#         123
  C:395DH         LINE#         124
  C:395DH         LINE#         125
  C:3965H         LINE#         126
BL51 BANKED LINKER/LOCATER V6.22                                                      04/23/2019  13:58:13  PAGE 25


  C:3965H         LINE#         127
  C:3968H         LINE#         128
  C:3970H         LINE#         129
  C:3972H         LINE#         130
  C:3986H         LINE#         131
  C:3986H         LINE#         132
  C:3986H         LINE#         133
  C:3986H         LINE#         134
  C:398CH         LINE#         136
  C:398EH         LINE#         137
  C:398EH         LINE#         138
  C:398EH         LINE#         139
  C:3994H         LINE#         141
  C:3996H         LINE#         142
  C:3996H         LINE#         143
  C:3996H         LINE#         144
  C:399CH         LINE#         146
  C:399EH         LINE#         147
  C:399EH         LINE#         148
  C:399EH         LINE#         149
  C:39A4H         LINE#         151
  C:39A4H         LINE#         152
  C:39A4H         LINE#         153
  C:39A4H         LINE#         157
  C:39A7H         LINE#         158
  C:39AAH         LINE#         159
  C:39B2H         LINE#         160
  C:39B6H         LINE#         161
  C:39B6H         LINE#         162
  C:39BEH         LINE#         163
  C:39BEH         LINE#         164
  C:39C1H         LINE#         165
  C:39C9H         LINE#         166
  C:39CBH         LINE#         167
  C:39DFH         LINE#         168
  C:39DFH         LINE#         169
  C:39DFH         LINE#         170
  C:39DFH         LINE#         171
  C:39E5H         LINE#         173
  C:39E7H         LINE#         174
  C:39E7H         LINE#         175
  C:39E7H         LINE#         176
  C:39EDH         LINE#         178
  C:39EFH         LINE#         179
  C:39EFH         LINE#         180
  C:39EFH         LINE#         181
  C:39F5H         LINE#         183
  C:39F7H         LINE#         184
  C:39F7H         LINE#         185
  C:39F7H         LINE#         186
  C:39FDH         LINE#         188
  C:39FDH         LINE#         189
  C:39FDH         LINE#         190
  C:39FDH         LINE#         192
  C:3A03H         LINE#         193
  C:3A03H         LINE#         195
  C:3A03H         LINE#         196
BL51 BANKED LINKER/LOCATER V6.22                                                      04/23/2019  13:58:13  PAGE 26


  C:3A06H         LINE#         197
  C:3A06H         LINE#         198
  C:3A06H         LINE#         200
  C:3A06H         LINE#         201
  C:3A08H         LINE#         202
  C:3A08H         LINE#         203
  -------         ENDPROC       KEY_SCAN
  -------         PROC          KEY_PROCESS
  -------         DO            
  X:05D5H         SYMBOL        KeyCount
  X:05D7H         SYMBOL        KeyNum_Old
  X:05D8H         SYMBOL        KeyNum
  X:05D9H         SYMBOL        PressedKey
  X:03E8H         SYMBOL        d
  D:0004H         SYMBOL        hours
  D:0006H         SYMBOL        mins
  X:03EAH         SYMBOL        months
  X:03ECH         SYMBOL        days
  -------         ENDDO         
  C:3404H         LINE#         204
  C:3404H         LINE#         205
  C:3404H         LINE#         209
  C:340CH         LINE#         210
  C:3414H         LINE#         212
  C:3417H         LINE#         213
  C:3417H         LINE#         214
  C:341AH         LINE#         216
  C:341AH         LINE#         217
  C:3427H         LINE#         218
  C:3427H         LINE#         219
  C:342AH         LINE#         220
  C:342DH         LINE#         222
  C:3430H         LINE#         224
  C:3430H         LINE#         225
  C:343BH         LINE#         226
  C:343BH         LINE#         227
  C:343EH         LINE#         229
  C:343EH         LINE#         230
  C:3445H         LINE#         231
  C:3445H         LINE#         232
  C:3448H         LINE#         234
  C:3448H         LINE#         235
  C:3450H         LINE#         236
  C:3450H         LINE#         237
  C:345AH         LINE#         238
  C:3462H         LINE#         240
  C:346BH         LINE#         242
  C:346BH         LINE#         251
  C:3480H         LINE#         252
  C:3480H         LINE#         253
  C:3492H         LINE#         254
  C:34A0H         LINE#         255
  C:34AFH         LINE#         256
  C:34AFH         LINE#         258
  C:34B5H         LINE#         262
  C:34CBH         LINE#         263
  C:34DCH         LINE#         264
BL51 BANKED LINKER/LOCATER V6.22                                                      04/23/2019  13:58:13  PAGE 27


  C:34F7H         LINE#         265
  C:34F7H         LINE#         266
  C:3507H         LINE#         267
  C:3518H         LINE#         268
  C:3518H         LINE#         272
  C:3531H         LINE#         273
  C:3548H         LINE#         274
  C:3568H         LINE#         275
  C:3568H         LINE#         276
  C:3572H         LINE#         277
  C:3572H         LINE#         278
  C:357BH         LINE#         279
  C:357BH         LINE#         280
  C:358FH         LINE#         281
  C:358FH         LINE#         282
  C:358FH         LINE#         283
  C:358FH         LINE#         284
  C:358FH         LINE#         285
  C:3591H         LINE#         287
  C:3591H         LINE#         288
  C:359DH         LINE#         289
  C:359DH         LINE#         290
  C:35AEH         LINE#         291
  C:35AEH         LINE#         292
  C:35AEH         LINE#         293
  C:35AEH         LINE#         294
  C:35AEH         LINE#         296
  C:35B0H         LINE#         298
  C:35B0H         LINE#         299
  C:35C1H         LINE#         300
  C:35C1H         LINE#         301
  C:35C1H         LINE#         302
  C:35C1H         LINE#         303
  C:35C1H         LINE#         305
  C:35C1H         LINE#         307
  C:35C1H         LINE#         308
  C:35C3H         LINE#         310
  C:35C3H         LINE#         311
  C:35D6H         LINE#         312
  C:35D6H         LINE#         313
  C:35E7H         LINE#         314
  C:35E7H         LINE#         315
  C:35E7H         LINE#         316
  C:35E7H         LINE#         317
  C:35E7H         LINE#         318
  C:35E9H         LINE#         320
  C:35E9H         LINE#         321
  C:35FAH         LINE#         322
  C:35FAH         LINE#         323
  C:360BH         LINE#         324
  C:361CH         LINE#         325
  C:361CH         LINE#         326
  C:361CH         LINE#         327
  C:361CH         LINE#         328
  C:361CH         LINE#         330
  C:3636H         LINE#         331
  C:3636H         LINE#         332
BL51 BANKED LINKER/LOCATER V6.22                                                      04/23/2019  13:58:13  PAGE 28


  C:363BH         LINE#         333
  C:363BH         LINE#         334
  C:3641H         LINE#         335
  C:3641H         LINE#         336
  C:3644H         LINE#         337
  C:3649H         LINE#         338
  C:364EH         LINE#         339
  C:3653H         LINE#         340
  C:3658H         LINE#         341
  C:365DH         LINE#         342
  C:3662H         LINE#         343
  C:3667H         LINE#         344
  C:3667H         LINE#         345
  C:3667H         LINE#         347
  C:3689H         LINE#         348
  C:3689H         LINE#         349
  C:3693H         LINE#         350
  C:3693H         LINE#         351
  C:3698H         LINE#         352
  C:36A1H         LINE#         353
  C:36B8H         LINE#         354
  C:36B8H         LINE#         355
  C:36C8H         LINE#         357
  C:36C8H         LINE#         361
  -------         ENDPROC       KEY_PROCESS
  -------         PROC          KEYPAD_IO_INIT
  C:4F1FH         LINE#         364
  C:4F1FH         LINE#         365
  C:4F1FH         LINE#         366
  C:4F22H         LINE#         367
  C:4F25H         LINE#         368
  C:4F28H         LINE#         369
  C:4F2AH         LINE#         370
  -------         ENDPROC       KEYPAD_IO_INIT
  -------         ENDMOD        KEYPAD

  -------         MODULE        BIPOLARMOTOR
  C:0000H         SYMBOL        _ICE_DUMMY_
  X:0000H         PUBLIC        UTC_time
  D:0080H         PUBLIC        P0
  D:0090H         PUBLIC        P1
  X:0004H         PUBLIC        RX_pos_test
  D:00A0H         PUBLIC        P2
  D:00B0H         PUBLIC        P3
  D:00C0H         PUBLIC        P4
  D:00C8H         PUBLIC        P5
  D:00E8H         PUBLIC        P6
  D:00F8H         PUBLIC        P7
  X:00A4H         PUBLIC        low_date_azimuth_mapping
  D:00A8H         PUBLIC        IE
  C:42AEH         PUBLIC        linear_interpolate
  X:00CCH         PUBLIC        declination
  C:4CA5H         PUBLIC        _Move
  D:00B8H         PUBLIC        IP
  X:00D0H         PUBLIC        time_offset
  D:00D8H         PUBLIC        CCON
  X:00D4H         PUBLIC        previous_move_time
BL51 BANKED LINKER/LOCATER V6.22                                                      04/23/2019  13:58:13  PAGE 29


  X:00D5H         PUBLIC        time
  D:0098H         PUBLIC        SCON
  D:0088H         PUBLIC        TCON
  C:4F4FH         PUBLIC        wait
  C:4B75H         PUBLIC        _Step_move
  X:00E7H         PUBLIC        dat
  X:00EDH         PUBLIC        current_local_sun_time
  C:1D2DH         PUBLIC        _Update_position
  C:3084H         PUBLIC        _elevation_calculation
  X:00F1H         PUBLIC        sunCoord
  C:4A5DH         PUBLIC        vOneStepMove
  X:00F4H         PUBLIC        elevation_stamp
  X:0130H         PUBLIC        date_azimuth_mapping
  X:0158H         PUBLIC        location
  X:0160H         PUBLIC        RX_pos
  C:4E4CH         PUBLIC        vSetLocation
  C:4DE1H         PUBLIC        _BCDtoDec1
  X:03B8H         PUBLIC        degree
  C:2373H         PUBLIC        _TheoricalJP_Position
  D:00D0H         PUBLIC        PSW
  -------         PROC          VSETLOCATION
  C:4E4CH         LINE#         44
  C:4E4CH         LINE#         45
  C:4E4CH         LINE#         46
  C:4E56H         LINE#         47
  C:4E60H         LINE#         48
  -------         ENDPROC       VSETLOCATION
  C:4DDDH         SYMBOL        L?0061
  -------         PROC          L?0060
  -------         ENDPROC       L?0060
  C:4DDDH         SYMBOL        L?0061
  -------         PROC          _BCDTODEC1
  D:0007H         SYMBOL        bcd
  -------         DO            
  D:0006H         SYMBOL        hi
  D:0007H         SYMBOL        lo
  -------         ENDDO         
  C:4DE1H         LINE#         49
  C:4DE1H         LINE#         50
  C:4DE1H         LINE#         52
  C:4DE6H         LINE#         53
  C:4DEAH         LINE#         54
  C:4DF1H         LINE#         55
  -------         ENDPROC       _BCDTODEC1
  -------         PROC          WAIT
  C:4F4FH         LINE#         57
  C:4F4FH         LINE#         59
  -------         ENDPROC       WAIT
  -------         PROC          VONESTEPMOVE
  B:0020H.7       SYMBOL        bDir
  C:4A5DH         LINE#         61
  C:4A5DH         LINE#         62
  C:4A5DH         LINE#         64
  C:4A63H         LINE#         65
  C:4A63H         LINE#         66
  C:4A66H         LINE#         67
  C:4A6FH         LINE#         68
BL51 BANKED LINKER/LOCATER V6.22                                                      04/23/2019  13:58:13  PAGE 30


  C:4A76H         LINE#         69
  C:4A7BH         LINE#         70
  C:4A7BH         LINE#         71
  C:4A7BH         LINE#         73
  C:4A7DH         LINE#         76
  C:4A7DH         LINE#         77
  C:4A80H         LINE#         78
  C:4A89H         LINE#         79
  C:4A90H         LINE#         80
  C:4A96H         LINE#         81
  C:4A9FH         LINE#         82
  C:4AA6H         LINE#         83
  C:4AA6H         LINE#         87
  -------         ENDPROC       VONESTEPMOVE
  -------         PROC          _STEP_MOVE
  X:04CBH         SYMBOL        step
  B:0020H.6       SYMBOL        dir
  -------         DO            
  X:04CDH         SYMBOL        i
  -------         ENDDO         
  C:4B75H         LINE#         89
  C:4B7DH         LINE#         90
  C:4B7DH         LINE#         92
  C:4B82H         LINE#         95
  C:4B9DH         LINE#         96
  C:4B9DH         LINE#         97
  C:4BA4H         LINE#         99
  C:4BB4H         LINE#         101
  -------         ENDPROC       _STEP_MOVE
  -------         PROC          _MOVE
  X:04C7H         SYMBOL        distance
  B:0020H.5       SYMBOL        direction
  -------         DO            
  D:0006H         SYMBOL        step
  -------         ENDDO         
  C:4CA5H         LINE#         103
  C:4CABH         LINE#         104
  C:4CABH         LINE#         107
  C:4CC6H         LINE#         108
  -------         ENDPROC       _MOVE
  C:429DH         SYMBOL        L?0059
  -------         PROC          L?0058
  -------         ENDPROC       L?0058
  C:429DH         SYMBOL        L?0059
  -------         PROC          LINEAR_INTERPOLATE
  X:0496H         SYMBOL        p1
  X:049EH         SYMBOL        p2
  X:04A6H         SYMBOL        x
  -------         DO            
  D:0004H         SYMBOL        fx
  -------         ENDDO         
  C:42AEH         LINE#         141
  C:42AEH         LINE#         142
  C:42AEH         LINE#         145
  C:434DH         LINE#         147
  C:434DH         LINE#         148
  -------         ENDPROC       LINEAR_INTERPOLATE
BL51 BANKED LINKER/LOCATER V6.22                                                      04/23/2019  13:58:13  PAGE 31


  -------         PROC          _THEORICALJP_POSITION
  X:043AH         SYMBOL        azimuth
  X:043EH         SYMBOL        elevation
  -------         DO            
  X:0442H         SYMBOL        pos_interpolate_azimuth
  X:047EH         SYMBOL        JP_pos
  X:0482H         SYMBOL        i
  X:0484H         SYMBOL        yy
  X:0486H         SYMBOL        p1
  X:048EH         SYMBOL        p2
  -------         ENDDO         
  C:2373H         LINE#         151
  C:2379H         LINE#         152
  C:2379H         LINE#         154
  C:2383H         LINE#         157
  C:239FH         LINE#         158
  C:239FH         LINE#         159
  C:240FH         LINE#         160
  C:240FH         LINE#         161
  C:2416H         LINE#         162
  C:2416H         LINE#         163
  C:2443H         LINE#         164
  C:245EH         LINE#         166
  C:24A5H         LINE#         167
  C:24D9H         LINE#         169
  C:251FH         LINE#         170
  C:2544H         LINE#         172
  C:2544H         LINE#         174
  C:25BAH         LINE#         175
  C:25BAH         LINE#         176
  C:25C1H         LINE#         177
  C:25C1H         LINE#         178
  C:25EEH         LINE#         179
  C:2609H         LINE#         181
  C:2650H         LINE#         182
  C:2684H         LINE#         184
  C:26CAH         LINE#         185
  C:26ECH         LINE#         187
  C:26ECH         LINE#         188
  C:2700H         LINE#         191
  C:271CH         LINE#         192
  C:271CH         LINE#         193
  C:278CH         LINE#         194
  C:278CH         LINE#         195
  C:27B9H         LINE#         196
  C:27D4H         LINE#         198
  C:2801H         LINE#         199
  C:281CH         LINE#         201
  C:284EH         LINE#         204
  C:284EH         LINE#         206
  C:285FH         LINE#         207
  C:286DH         LINE#         209
  -------         ENDPROC       _THEORICALJP_POSITION
  -------         PROC          _UPDATE_POSITION
  D:0001H         SYMBOL        mnths
  D:0002H         SYMBOL        dys
  X:040EH         SYMBOL        hurs
BL51 BANKED LINKER/LOCATER V6.22                                                      04/23/2019  13:58:13  PAGE 32


  X:040FH         SYMBOL        mns
  X:0410H         SYMBOL        sconds
  X:0411H         SYMBOL        currnt_pos
  X:0414H         SYMBOL        offset_calib
  -------         DO            
  X:0418H         SYMBOL        date
  X:041AH         SYMBOL        i
  X:041CH         SYMBOL        yy
  X:041EH         SYMBOL        desired_distance
  X:0422H         SYMBOL        distance
  X:0426H         SYMBOL        JP_pos
  X:042AH         SYMBOL        elevation
  X:042EH         SYMBOL        azimuth
  X:0432H         SYMBOL        time_offset
  X:0436H         SYMBOL        UTC_time
  -------         ENDDO         
  C:1D2DH         LINE#         212
  C:1D36H         LINE#         215
  C:1D36H         LINE#         216
  C:1D41H         LINE#         218
  C:1D5DH         LINE#         219
  C:1D67H         LINE#         225
  C:1D71H         LINE#         226
  C:1D7CH         LINE#         227
  C:1D87H         LINE#         228
  C:1DA0H         LINE#         229
  C:1DB1H         LINE#         230
  C:1DC0H         LINE#         233
  C:1DD4H         LINE#         237
  C:1E26H         LINE#         238
  C:1F8AH         LINE#         239
  C:1FDAH         LINE#         242
  C:2102H         LINE#         245
  C:21D1H         LINE#         252
  C:2218H         LINE#         253
  C:2218H         LINE#         255
  C:2243H         LINE#         256
  C:2272H         LINE#         258
  C:2297H         LINE#         259
  C:22FCH         LINE#         260
  C:22FCH         LINE#         261
  C:2316H         LINE#         262
  C:2328H         LINE#         263
  C:2340H         LINE#         264
  C:2356H         LINE#         266
  C:2372H         LINE#         267
  C:2372H         LINE#         268
  C:2372H         LINE#         271
  -------         ENDPROC       _UPDATE_POSITION
  -------         PROC          _ELEVATION_CALCULATION
  D:0007H         SYMBOL        mnths
  D:0005H         SYMBOL        dys
  X:03EAH         SYMBOL        hurs
  X:03EBH         SYMBOL        mns
  X:03ECH         SYMBOL        sconds
  C:3084H         LINE#         273
  C:3089H         LINE#         275
BL51 BANKED LINKER/LOCATER V6.22                                                      04/23/2019  13:58:13  PAGE 33


  C:3089H         LINE#         276
  C:3093H         LINE#         277
  C:309CH         LINE#         278
  C:30A7H         LINE#         279
  C:30C0H         LINE#         280
  C:30D4H         LINE#         281
  C:30E6H         LINE#         285
  C:3138H         LINE#         286
  C:329CH         LINE#         287
  C:32ECH         LINE#         289
  C:3403H         LINE#         291
  -------         ENDPROC       _ELEVATION_CALCULATION
  -------         ENDMOD        BIPOLARMOTOR

  -------         MODULE        SUNPOS
  C:0000H         SYMBOL        _ICE_DUMMY_
  C:158BH         PUBLIC        sunpos
  -------         PROC          SUNPOS
  X:043AH         SYMBOL        udtTime
  X:044CH         SYMBOL        udtLocation
  X:0454H         SYMBOL        udtSunCoordinates
  -------         DO            
  X:0457H         SYMBOL        dElapsedJulianDays
  X:045BH         SYMBOL        dDecimalHours
  X:045FH         SYMBOL        dEclipticLongitude
  X:0463H         SYMBOL        dEclipticObliquity
  X:0467H         SYMBOL        dRightAscension
  X:046BH         SYMBOL        dDeclination
  X:046FH         SYMBOL        dY
  X:0473H         SYMBOL        dX
  -------         DO            
  X:0477H         SYMBOL        dJulianDate
  X:047BH         SYMBOL        liAux1
  X:047FH         SYMBOL        liAux2
  X:0477H         SYMBOL        dMeanLongitude
  X:047BH         SYMBOL        dMeanAnomaly
  X:047FH         SYMBOL        dOmega
  X:0477H         SYMBOL        dSin_EclipticLongitude
  X:0477H         SYMBOL        dGreenwichMeanSiderealTime
  X:047BH         SYMBOL        dLocalMeanSiderealTime
  X:047FH         SYMBOL        dLatitudeInRadians
  X:0483H         SYMBOL        dHourAngle
  X:0487H         SYMBOL        dCos_Latitude
  X:048BH         SYMBOL        dSin_Latitude
  X:048FH         SYMBOL        dCos_HourAngle
  X:0493H         SYMBOL        dParallax
  -------         ENDDO         
  -------         DO            
  X:0477H         SYMBOL        dMeanLongitude
  X:047BH         SYMBOL        dMeanAnomaly
  X:047FH         SYMBOL        dOmega
  X:0477H         SYMBOL        dSin_EclipticLongitude
  X:0477H         SYMBOL        dGreenwichMeanSiderealTime
  X:047BH         SYMBOL        dLocalMeanSiderealTime
  X:047FH         SYMBOL        dLatitudeInRadians
  X:0483H         SYMBOL        dHourAngle
  X:0487H         SYMBOL        dCos_Latitude
BL51 BANKED LINKER/LOCATER V6.22                                                      04/23/2019  13:58:13  PAGE 34


  X:048BH         SYMBOL        dSin_Latitude
  X:048FH         SYMBOL        dCos_HourAngle
  X:0493H         SYMBOL        dParallax
  -------         ENDDO         
  -------         DO            
  X:0477H         SYMBOL        dSin_EclipticLongitude
  X:0477H         SYMBOL        dGreenwichMeanSiderealTime
  X:047BH         SYMBOL        dLocalMeanSiderealTime
  X:047FH         SYMBOL        dLatitudeInRadians
  X:0483H         SYMBOL        dHourAngle
  X:0487H         SYMBOL        dCos_Latitude
  X:048BH         SYMBOL        dSin_Latitude
  X:048FH         SYMBOL        dCos_HourAngle
  X:0493H         SYMBOL        dParallax
  -------         ENDDO         
  -------         DO            
  X:0477H         SYMBOL        dGreenwichMeanSiderealTime
  X:047BH         SYMBOL        dLocalMeanSiderealTime
  X:047FH         SYMBOL        dLatitudeInRadians
  X:0483H         SYMBOL        dHourAngle
  X:0487H         SYMBOL        dCos_Latitude
  X:048BH         SYMBOL        dSin_Latitude
  X:048FH         SYMBOL        dCos_HourAngle
  X:0493H         SYMBOL        dParallax
  -------         ENDDO         
  -------         ENDDO         
  C:158BH         LINE#         6
  C:158BH         LINE#         7
  C:158BH         LINE#         9
  C:158BH         LINE#         27
  C:15D5H         LINE#         30
  C:15F6H         LINE#         31
  C:173DH         LINE#         34
  C:1789H         LINE#         36
  C:17A8H         LINE#         37
  C:17A8H         LINE#         42
  C:17A8H         LINE#         46
  C:17DAH         LINE#         47
  C:1804H         LINE#         48
  C:182EH         LINE#         49
  C:18DBH         LINE#         52
[...]
  C:417AH         LINE#         148
  C:417DH         LINE#         149
  C:4184H         LINE#         151
  C:41A3H         LINE#         153
  C:41A5H         LINE#         154
  C:41A8H         LINE#         155
  C:41AFH         LINE#         157
  -------         ENDPROC       _AT25SF041_WRITE
  -------         PROC          _AT25SF041_READ
  D:0003H         SYMBOL        opcode
  X:05DFH         SYMBOL        addr
  -------         DO            
  X:05E3H         SYMBOL        dat
  X:05E4H         SYMBOL        i
  -------         ENDDO         
  C:3F9EH         LINE#         159
  C:3FA0H         LINE#         160
  C:3FA0H         LINE#         161
  C:3FA5H         LINE#         163
  C:3FA7H         LINE#         164
  C:3FADH         LINE#         168
  C:3FB2H         LINE#         169
  C:3FB2H         LINE#         170
  C:3FB4H         LINE#         171
  C:3FB7H         LINE#         172
  C:3FBBH         LINE#         173
  C:3FBBH         LINE#         174
  C:3FBDH         LINE#         175
  C:3FBFH         LINE#         177
  C:3FBFH         LINE#         178
  C:3FC1H         LINE#         180
  C:3FC1H         LINE#         181
  C:3FC1H         LINE#         182
BL51 BANKED LINKER/LOCATER V6.22                                                      04/23/2019  13:58:13  PAGE 47


  C:3FC1H         LINE#         183
  C:3FC4H         LINE#         184
  C:3FC8H         LINE#         187
  C:3FE7H         LINE#         189
  C:3FEEH         LINE#         190
  C:3FEEH         LINE#         191
  C:3FF0H         LINE#         192
  C:3FF3H         LINE#         193
  C:400FH         LINE#         194
  C:400FH         LINE#         195
  C:4011H         LINE#         196
  C:4013H         LINE#         198
  C:4013H         LINE#         199
  C:4015H         LINE#         201
  C:4015H         LINE#         202
  C:4015H         LINE#         203
  C:4015H         LINE#         204
  C:4018H         LINE#         205
  C:4031H         LINE#         207
  C:4050H         LINE#         210
  C:4057H         LINE#         212
  C:4059H         LINE#         213
  C:4060H         LINE#         215
  C:4067H         LINE#         216
  C:4067H         LINE#         217
  C:406EH         LINE#         218
  C:406EH         LINE#         219
  C:4071H         LINE#         220
  C:4073H         LINE#         221
  C:4076H         LINE#         223
  C:4079H         LINE#         224
  C:4079H         LINE#         226
  C:407DH         LINE#         227
  C:407DH         LINE#         233
  C:409CH         LINE#         236
  C:409EH         LINE#         237
  C:40A1H         LINE#         238
  C:40A8H         LINE#         240
  C:40ADH         LINE#         242
  -------         ENDPROC       _AT25SF041_READ
  -------         PROC          UCREAD_STATUS_REGISTER_BYTE1
  -------         DO            
  D:0003H         SYMBOL        dat
  D:0001H         SYMBOL        opcode
  X:04CFH         SYMBOL        count
  X:04D0H         SYMBOL        i
  -------         ENDDO         
  C:4562H         LINE#         246
  C:4562H         LINE#         247
  C:4562H         LINE#         248
  C:4568H         LINE#         249
  C:456CH         LINE#         250
  C:456EH         LINE#         251
  C:4570H         LINE#         252
  C:4576H         LINE#         256
  C:457DH         LINE#         257
  C:457DH         LINE#         258
BL51 BANKED LINKER/LOCATER V6.22                                                      04/23/2019  13:58:13  PAGE 48


  C:457FH         LINE#         259
  C:4582H         LINE#         260
  C:4586H         LINE#         261
  C:4586H         LINE#         262
  C:4588H         LINE#         263
  C:458AH         LINE#         265
  C:458AH         LINE#         266
  C:458CH         LINE#         268
  C:458CH         LINE#         269
  C:458CH         LINE#         270
  C:458CH         LINE#         271
  C:458FH         LINE#         272
  C:4593H         LINE#         275
  C:45B2H         LINE#         279
  C:45B9H         LINE#         281
  C:45BBH         LINE#         282
  C:45C2H         LINE#         283
  C:45C9H         LINE#         284
  C:45C9H         LINE#         285
  C:45CDH         LINE#         286
  C:45CDH         LINE#         287
  C:45D0H         LINE#         288
  C:45D2H         LINE#         289
  C:45D5H         LINE#         291
  C:45D8H         LINE#         292
  C:45D8H         LINE#         294
  C:45DCH         LINE#         295
  C:45DCH         LINE#         297
  C:45FBH         LINE#         301
  C:45FDH         LINE#         302
  C:4600H         LINE#         303
  C:4602H         LINE#         304
  -------         ENDPROC       UCREAD_STATUS_REGISTER_BYTE1
  -------         PROC          SPI_NOR_WRITE_DATA
  X:03E8H         SYMBOL        dat
  X:03F3H         SYMBOL        addr
  C:3A09H         LINE#         306
  C:3A09H         LINE#         307
  C:3A09H         LINE#         309
  C:3A0CH         LINE#         311
  C:3A26H         LINE#         312
  C:3A44H         LINE#         314
  C:3A4BH         LINE#         315
  C:3A4EH         LINE#         317
  C:3A68H         LINE#         318
  C:3A68H         LINE#         319
  C:3A68H         LINE#         322
  C:3A6BH         LINE#         324
  C:3A85H         LINE#         325
  C:3A85H         LINE#         326
  C:3A85H         LINE#         328
  C:3A88H         LINE#         330
  C:3AA2H         LINE#         331
  C:3AA2H         LINE#         332
  C:3AA2H         LINE#         334
  C:3AA5H         LINE#         336
  C:3ABFH         LINE#         337
BL51 BANKED LINKER/LOCATER V6.22                                                      04/23/2019  13:58:13  PAGE 49


  C:3ABFH         LINE#         338
  C:3ABFH         LINE#         340
  C:3AC2H         LINE#         342
  C:3ADCH         LINE#         343
  C:3ADCH         LINE#         344
  C:3ADCH         LINE#         346
  C:3ADFH         LINE#         348
  C:3AF9H         LINE#         349
  C:3AF9H         LINE#         350
  C:3AF9H         LINE#         352
  C:3AFCH         LINE#         354
  C:3B16H         LINE#         355
  C:3B16H         LINE#         356
  C:3B16H         LINE#         358
  C:3B19H         LINE#         360
  C:3B33H         LINE#         361
  C:3B33H         LINE#         362
  C:3B33H         LINE#         364
  C:3B36H         LINE#         366
  C:3B50H         LINE#         367
  C:3B50H         LINE#         368
  C:3B50H         LINE#         370
  C:3B53H         LINE#         372
  C:3B6DH         LINE#         373
  C:3B74H         LINE#         374
  -------         ENDPROC       SPI_NOR_WRITE_DATA
  -------         ENDMOD        AT25SF041

  -------         MODULE        ?C_STARTUP
  C:473CH         SEGMENT       ?C_C51STARTUP
  I:0022H         SEGMENT       ?STACK
  C:0000H         PUBLIC        ?C_STARTUP
  D:00E0H         SYMBOL        ACC
  D:00F0H         SYMBOL        B
  D:0083H         SYMBOL        DPH
  D:0082H         SYMBOL        DPL
  N:0000H         SYMBOL        IBPSTACK
  N:0100H         SYMBOL        IBPSTACKTOP
  N:0080H         SYMBOL        IDATALEN
  C:473FH         SYMBOL        IDATALOOP
  N:0000H         SYMBOL        PBPSTACK
  N:0100H         SYMBOL        PBPSTACKTOP
  N:0000H         SYMBOL        PDATALEN
  N:0000H         SYMBOL        PDATASTART
  N:0000H         SYMBOL        PPAGE
  N:0000H         SYMBOL        PPAGEENABLE
  D:00A0H         SYMBOL        PPAGE_SFR
  D:0081H         SYMBOL        SP
  C:473CH         SYMBOL        STARTUP1
  N:0000H         SYMBOL        XBPSTACK
  N:0000H         SYMBOL        XBPSTACKTOP
  N:0000H         SYMBOL        XDATALEN
  N:0000H         SYMBOL        XDATASTART
  C:0000H         LINE#         126
  C:473CH         LINE#         133
  C:473EH         LINE#         134
  C:473FH         LINE#         135
BL51 BANKED LINKER/LOCATER V6.22                                                      04/23/2019  13:58:13  PAGE 50


  C:4740H         LINE#         136
  C:4742H         LINE#         185
  C:4745H         LINE#         196
  -------         ENDMOD        ?C_STARTUP

  -------         MODULE        ?C?FPADD
  C:0BDCH         PUBLIC        ?C?FPADD
  C:0BD8H         PUBLIC        ?C?FPSUB
  -------         ENDMOD        ?C?FPADD

  -------         MODULE        ?C?FPMUL
  C:0CCDH         PUBLIC        ?C?FPMUL
  -------         ENDMOD        ?C?FPMUL

  -------         MODULE        ?C?FPDIV
  C:0DD6H         PUBLIC        ?C?FPDIV
  -------         ENDMOD        ?C?FPDIV

  -------         MODULE        ?C?FPCMP
  C:0E75H         PUBLIC        ?C?FPCMP
  C:0E73H         PUBLIC        ?C?FPCMP3
  -------         ENDMOD        ?C?FPCMP

  -------         MODULE        ?C?FPNEG
  C:0EECH         PUBLIC        ?C?FPNEG
  -------         ENDMOD        ?C?FPNEG

  -------         MODULE        ?C?FCAST
  C:0F07H         PUBLIC        ?C?FCASTC
  C:0F02H         PUBLIC        ?C?FCASTI
  C:0EFDH         PUBLIC        ?C?FCASTL
  -------         ENDMOD        ?C?FCAST

  -------         MODULE        ?C?CASTF
  C:0F3BH         PUBLIC        ?C?CASTF
  -------         ENDMOD        ?C?CASTF

  -------         MODULE        ATAN2
  X:0497H         PUBLIC        ?_atan2?BYTE
  C:4603H         PUBLIC        _atan2
  -------         ENDMOD        ATAN2

  -------         MODULE        SIN
  C:3BDAH         PUBLIC        _COS
  C:3BF0H         PUBLIC        _SIN
  C:3C2CH         PUBLIC        _TAN
  -------         ENDMOD        SIN

  -------         MODULE        ACOS
  C:4AA7H         PUBLIC        _ACOS
  -------         ENDMOD        ACOS

  -------         MODULE        ASIN
  C:4BB5H         PUBLIC        _ASIN
  -------         ENDMOD        ASIN

  -------         MODULE        SQRT
BL51 BANKED LINKER/LOCATER V6.22                                                      04/23/2019  13:58:13  PAGE 51


  C:44BAH         PUBLIC        _SQRT
  -------         ENDMOD        SQRT

  -------         MODULE        ATAN
  C:3E9CH         PUBLIC        _ATAN
  -------         ENDMOD        ATAN

  -------         MODULE        ?C?COPY
  C:10D9H         PUBLIC        ?C?COPY
  -------         ENDMOD        ?C?COPY

  -------         MODULE        ?C?CLDPTR
  C:10FFH         PUBLIC        ?C?CLDPTR
  -------         ENDMOD        ?C?CLDPTR

  -------         MODULE        ?C?CLDOPTR
  C:1118H         PUBLIC        ?C?CLDOPTR
  -------         ENDMOD        ?C?CLDOPTR

  -------         MODULE        ?C?CSTPTR
  C:1145H         PUBLIC        ?C?CSTPTR
  -------         ENDMOD        ?C?CSTPTR

  -------         MODULE        ?C?IMUL
  C:1157H         PUBLIC        ?C?IMUL
  -------         ENDMOD        ?C?IMUL

  -------         MODULE        ?C?UIDIV
  C:1169H         PUBLIC        ?C?UIDIV
  -------         ENDMOD        ?C?UIDIV

  -------         MODULE        ?C?SIDIV
  C:11BEH         PUBLIC        ?C?SIDIV
  -------         ENDMOD        ?C?SIDIV

  -------         MODULE        ?C?ILDIX
  C:11F4H         PUBLIC        ?C?ILDIX
  -------         ENDMOD        ?C?ILDIX

  -------         MODULE        ?C?ILDOPTR
  C:120AH         PUBLIC        ?C?ILDOPTR
  -------         ENDMOD        ?C?ILDOPTR

  -------         MODULE        ?C?ISTPTR
  C:1242H         PUBLIC        ?C?ISTPTR
  -------         ENDMOD        ?C?ISTPTR

  -------         MODULE        ?C?LMUL
  C:1261H         PUBLIC        ?C?LMUL
  -------         ENDMOD        ?C?LMUL

  -------         MODULE        ?C?SLDIV
  C:4AF1H         PUBLIC        ?C?SLDIV
  -------         ENDMOD        ?C?SLDIV

  -------         MODULE        ?C?LNEG
  C:12B0H         PUBLIC        ?C?LNEG
BL51 BANKED LINKER/LOCATER V6.22                                                      04/23/2019  13:58:13  PAGE 52


  -------         ENDMOD        ?C?LNEG

  -------         MODULE        ?C?ULCMP
  C:12BEH         PUBLIC        ?C?ULCMP
  -------         ENDMOD        ?C?ULCMP

  -------         MODULE        ?C?LSHL
  C:12CFH         PUBLIC        ?C?LSHL
  -------         ENDMOD        ?C?LSHL

  -------         MODULE        ?C?LLDPTR
  C:12E2H         PUBLIC        ?C?LLDPTR
  -------         ENDMOD        ?C?LLDPTR

  -------         MODULE        ?C?LLDOPTR
  C:1302H         PUBLIC        ?C?LLDOPTR
  -------         ENDMOD        ?C?LLDOPTR

  -------         MODULE        ?C?LSTPTR
  C:1332H         PUBLIC        ?C?LSTPTR
  -------         ENDMOD        ?C?LSTPTR

  -------         MODULE        ?C?LSTOPTR
  C:134CH         PUBLIC        ?C?LSTOPTR
  -------         ENDMOD        ?C?LSTOPTR

  -------         MODULE        ?C?LLDXDATA
  C:1370H         PUBLIC        ?C?LLDXDATA
  -------         ENDMOD        ?C?LLDXDATA

  -------         MODULE        ?C?LLDCODE
  C:137CH         PUBLIC        ?C?LLDCODE
  -------         ENDMOD        ?C?LLDCODE

  -------         MODULE        ?C?LLDXDATA0
  C:138CH         PUBLIC        ?C?LLDXDATA0
  -------         ENDMOD        ?C?LLDXDATA0

  -------         MODULE        ?C?LLDCODE0
  C:1398H         PUBLIC        ?C?LLDCODE0
  -------         ENDMOD        ?C?LLDCODE0

  -------         MODULE        ?C?LLDPTR0
  C:13A8H         PUBLIC        ?C?LLDPTR0
  -------         ENDMOD        ?C?LLDPTR0

  -------         MODULE        ?C?LSTXDATA
  C:13C8H         PUBLIC        ?C?LSTXDATA
  -------         ENDMOD        ?C?LSTXDATA

  -------         MODULE        ?C?LSTKXDATA
  C:13D4H         PUBLIC        ?C?LSTKXDATA
  -------         ENDMOD        ?C?LSTKXDATA

  -------         MODULE        ?C?LSTKPTR
  C:1405H         PUBLIC        ?C?LSTKPTR
  -------         ENDMOD        ?C?LSTKPTR
BL51 BANKED LINKER/LOCATER V6.22                                                      04/23/2019  13:58:13  PAGE 53



  -------         MODULE        ?C?OFFXADD
  C:141FH         PUBLIC        ?C?OFFXADD
  -------         ENDMOD        ?C?OFFXADD

  -------         MODULE        ATOI
  C:41B0H         PUBLIC        _atoi
  -------         ENDMOD        ATOI

  -------         MODULE        ?C?IILDX
  C:142BH         PUBLIC        ?C?IILDX
  -------         ENDMOD        ?C?IILDX

  -------         MODULE        ?C?ULDIV
  C:147DH         PUBLIC        ?C?ULDIV
  -------         ENDMOD        ?C?ULDIV

  -------         MODULE        ?C?LLDIDATA
  C:150FH         PUBLIC        ?C?LLDIDATA
  -------         ENDMOD        ?C?LLDIDATA

  -------         MODULE        ?C?LLDPDATA
  C:151BH         PUBLIC        ?C?LLDPDATA
  -------         ENDMOD        ?C?LLDPDATA

  -------         MODULE        ?C?LLDIDATA0
  C:1527H         PUBLIC        ?C?LLDIDATA0
  -------         ENDMOD        ?C?LLDIDATA0

  -------         MODULE        ?C?LLDPDATA0
  C:1534H         PUBLIC        ?C?LLDPDATA0
  -------         ENDMOD        ?C?LLDPDATA0

  -------         MODULE        ?C?LSTIDATA
  C:1541H         PUBLIC        ?C?LSTIDATA
  -------         ENDMOD        ?C?LSTIDATA

  -------         MODULE        ?C?LSTPDATA
  C:154DH         PUBLIC        ?C?LSTPDATA
  -------         ENDMOD        ?C?LSTPDATA

  -------         MODULE        ?C?LSTKIDATA
  C:1559H         PUBLIC        ?C?LSTKIDATA
  -------         ENDMOD        ?C?LSTKIDATA

  -------         MODULE        ?C?LSTKPDATA
  C:1572H         PUBLIC        ?C?LSTKPDATA
  -------         ENDMOD        ?C?LSTKPDATA

  -------         MODULE        ISDIGIT
  C:4F03H         PUBLIC        _isdigit
  -------         ENDMOD        ISDIGIT

  -------         MODULE        ISSPACE
  C:4E9EH         PUBLIC        _isspace
  -------         ENDMOD        ISSPACE

BL51 BANKED LINKER/LOCATER V6.22                                                      04/23/2019  13:58:13  PAGE 54


*** WARNING L16: UNCALLED SEGMENT, IGNORED FOR OVERLAY PROCESS
    SEGMENT: ?PR?_DAY_OF_YEAR?PCF85063BTL

*** WARNING L16: UNCALLED SEGMENT, IGNORED FOR OVERLAY PROCESS
    SEGMENT: ?PR?INITUART1?UART1

*** WARNING L16: UNCALLED SEGMENT, IGNORED FOR OVERLAY PROCESS
    SEGMENT: ?PR?_SENDSTRING?UART1

*** WARNING L16: UNCALLED SEGMENT, IGNORED FOR OVERLAY PROCESS
    SEGMENT: ?PR?_TEN?UART1

*** WARNING L16: UNCALLED SEGMENT, IGNORED FOR OVERLAY PROCESS
    SEGMENT: ?PR?_UNIT?UART1

*** WARNING L16: UNCALLED SEGMENT, IGNORED FOR OVERLAY PROCESS
    SEGMENT: ?PR?_DECTOBCD?UART1

*** WARNING L16: UNCALLED SEGMENT, IGNORED FOR OVERLAY PROCESS
    SEGMENT: ?PR?_ASCII_LETTER?UART1

*** WARNING L16: UNCALLED SEGMENT, IGNORED FOR OVERLAY PROCESS
    SEGMENT: ?PR?_ASCIITOBCD?UART1

*** WARNING L16: UNCALLED SEGMENT, IGNORED FOR OVERLAY PROCESS
    SEGMENT: ?PR?WAIT?BIPOLARMOTOR

*** WARNING L16: UNCALLED SEGMENT, IGNORED FOR OVERLAY PROCESS
    SEGMENT: ?PR?NOP?IOEXPANDER_PI4IOE5V96248

*** WARNING L16: UNCALLED SEGMENT, IGNORED FOR OVERLAY PROCESS
    SEGMENT: ?PR?UC_ACK?IOEXPANDER_PI4IOE5V96248

*** WARNING L16: UNCALLED SEGMENT, IGNORED FOR OVERLAY PROCESS
    SEGMENT: ?PR?UC_NACK?IOEXPANDER_PI4IOE5V96248

*** WARNING L16: UNCALLED SEGMENT, IGNORED FOR OVERLAY PROCESS
    SEGMENT: ?PR?_AT25SF041_READ?AT25SF041

*** WARNING L1: UNRESOLVED EXTERNAL SYMBOL
    SYMBOL:  AUTO_MODE
    MODULE:  .\Obj\main.obj (MAIN)

*** WARNING L1: UNRESOLVED EXTERNAL SYMBOL
    SYMBOL:  SPI_NOR_CLEARENABLE
    MODULE:  .\Obj\main.obj (MAIN)

*** WARNING L2: REFERENCE MADE TO UNRESOLVED EXTERNAL
    SYMBOL:  AUTO_MODE
    MODULE:  .\Obj\main.obj (MAIN)
    ADDRESS: 003BH

*** WARNING L2: REFERENCE MADE TO UNRESOLVED EXTERNAL
    SYMBOL:  SPI_NOR_CLEARENABLE
    MODULE:  .\Obj\main.obj (MAIN)
    ADDRESS: 0041H

BL51 BANKED LINKER/LOCATER V6.22                                                      04/23/2019  13:58:13  PAGE 55


*** WARNING L2: REFERENCE MADE TO UNRESOLVED EXTERNAL
    SYMBOL:  AUTO_MODE
    MODULE:  .\Obj\main.obj (MAIN)
    ADDRESS: 01B7H

*** WARNING L2: REFERENCE MADE TO UNRESOLVED EXTERNAL
    SYMBOL:  AUTO_MODE
    MODULE:  .\Obj\main.obj (MAIN)
    ADDRESS: 01C5H

*** WARNING L2: REFERENCE MADE TO UNRESOLVED EXTERNAL
    SYMBOL:  AUTO_MODE
    MODULE:  .\Obj\main.obj (MAIN)
    ADDRESS: 01D7H

*** WARNING L2: REFERENCE MADE TO UNRESOLVED EXTERNAL
    SYMBOL:  AUTO_MODE
    MODULE:  .\Obj\main.obj (MAIN)
    ADDRESS: 0219H

*** WARNING L2: REFERENCE MADE TO UNRESOLVED EXTERNAL
    SYMBOL:  AUTO_MODE
    MODULE:  .\Obj\main.obj (MAIN)
    ADDRESS: 02ECH

*** WARNING L2: REFERENCE MADE TO UNRESOLVED EXTERNAL
    SYMBOL:  SPI_NOR_CLEARENABLE
    MODULE:  .\Obj\main.obj (MAIN)
    ADDRESS: 0B40H

*** WARNING L2: REFERENCE MADE TO UNRESOLVED EXTERNAL
    SYMBOL:  SPI_NOR_CLEARENABLE
    MODULE:  .\Obj\main.obj (MAIN)
    ADDRESS: 0BA9H

*** WARNING L1: UNRESOLVED EXTERNAL SYMBOL
    SYMBOL:  _SENDUART1
    MODULE:  .\Obj\UART1.obj (UART1)

*** WARNING L2: REFERENCE MADE TO UNRESOLVED EXTERNAL
    SYMBOL:  _SENDUART1
    MODULE:  .\Obj\UART1.obj (UART1)
    ADDRESS: 4C1EH

*** WARNING L1: UNRESOLVED EXTERNAL SYMBOL
    SYMBOL:  AUTO_MODE
    MODULE:  .\Obj\KeyPad.obj (KEYPAD)

*** WARNING L1: UNRESOLVED EXTERNAL SYMBOL
    SYMBOL:  SPI_NOR_CLEARENABLE
    MODULE:  .\Obj\KeyPad.obj (KEYPAD)

*** WARNING L2: REFERENCE MADE TO UNRESOLVED EXTERNAL
    SYMBOL:  AUTO_MODE
    MODULE:  .\Obj\KeyPad.obj (KEYPAD)
    ADDRESS: 3451H

BL51 BANKED LINKER/LOCATER V6.22                                                      04/23/2019  13:58:13  PAGE 56


*** WARNING L2: REFERENCE MADE TO UNRESOLVED EXTERNAL
    SYMBOL:  AUTO_MODE
    MODULE:  .\Obj\KeyPad.obj (KEYPAD)
    ADDRESS: 345CH

*** WARNING L2: REFERENCE MADE TO UNRESOLVED EXTERNAL
    SYMBOL:  AUTO_MODE
    MODULE:  .\Obj\KeyPad.obj (KEYPAD)
    ADDRESS: 3463H

*** WARNING L2: REFERENCE MADE TO UNRESOLVED EXTERNAL
    SYMBOL:  SPI_NOR_CLEARENABLE
    MODULE:  .\Obj\KeyPad.obj (KEYPAD)
    ADDRESS: 3637H

*** WARNING L2: REFERENCE MADE TO UNRESOLVED EXTERNAL
    SYMBOL:  SPI_NOR_CLEARENABLE
    MODULE:  .\Obj\KeyPad.obj (KEYPAD)
    ADDRESS: 363CH

Program Size: data=10.2 xdata=1520 code=20305
LINK/LOCATE RUN COMPLETE.  33 WARNING(S),  0 ERROR(S)
