BL51 BANKED LINKER/LOCATER V6.22                                                        02/21/2019  14:00:31  PAGE 1


BL51 BANKED LINKER/LOCATER V6.22, INVOKED BY:
C:\KEIL_V5\C51\BIN\BL51.EXE .\Obj\main.obj, .\Obj\PCF85063BTL.obj, .\Obj\UART1.obj, .\Obj\LCd_Driver_SPLC780D.obj, .\Obj
>> \KeyPad.obj, .\Obj\BipolarMotor.obj, .\Obj\SunPos.obj, .\Obj\ADC.obj, .\Obj\Calibration.obj, .\Obj\IOExpander_PI4IOE5
>> V96248.obj, .\Obj\AT25SF041.obj, .\Obj\STARTUP.obj TO .\Obj\GPIO_RTC_Test PRINT (.\Lis\GPIO_RTC_Test.m51) RAMSIZE (25
>> 6)


MEMORY MODEL: LARGE WITH FLOATING POINT ARITHMETIC


INPUT MODULES INCLUDED:
  .\Obj\main.obj (MAIN)
  .\Obj\PCF85063BTL.obj (PCF85063BTL)
  .\Obj\UART1.obj (UART1)
  .\Obj\LCd_Driver_SPLC780D.obj (LCD_DRIVER_SPLC780D)
  .\Obj\KeyPad.obj (KEYPAD)
  .\Obj\BipolarMotor.obj (BIPOLARMOTOR)
  .\Obj\SunPos.obj (SUNPOS)
  .\Obj\ADC.obj (ADC)
  .\Obj\Calibration.obj (CALIBRATION)
  .\Obj\IOExpander_PI4IOE5V96248.obj (IOEXPANDER_PI4IOE5V96248)
  .\Obj\AT25SF041.obj (AT25SF041)
  .\Obj\STARTUP.obj (?C_STARTUP)
  C:\KEIL_V5\C51\LIB\C51FPL.LIB (?C?FPADD)
  C:\KEIL_V5\C51\LIB\C51FPL.LIB (?C?FPMUL)
  C:\KEIL_V5\C51\LIB\C51FPL.LIB (?C?FPDIV)
  C:\KEIL_V5\C51\LIB\C51FPL.LIB (?C?FPCMP)
  C:\KEIL_V5\C51\LIB\C51FPL.LIB (?C?FPNEG)
  C:\KEIL_V5\C51\LIB\C51FPL.LIB (?C?FCAST)
  C:\KEIL_V5\C51\LIB\C51FPL.LIB (?C?CASTF)
  C:\KEIL_V5\C51\LIB\C51FPL.LIB (ATAN2)
  C:\KEIL_V5\C51\LIB\C51FPL.LIB (SIN)
  C:\KEIL_V5\C51\LIB\C51FPL.LIB (ACOS)
  C:\KEIL_V5\C51\LIB\C51FPL.LIB (ASIN)
  C:\KEIL_V5\C51\LIB\C51FPL.LIB (?C?FPGETOPN)
  C:\KEIL_V5\C51\LIB\C51FPL.LIB (?C?FPSERIES)
  C:\KEIL_V5\C51\LIB\C51FPL.LIB (SQRT)
  C:\KEIL_V5\C51\LIB\C51FPL.LIB (ATAN)
  C:\KEIL_V5\C51\LIB\C51L.LIB (?C_INIT)
  C:\KEIL_V5\C51\LIB\C51L.LIB (?C?COPY)
  C:\KEIL_V5\C51\LIB\C51L.LIB (?C?CLDPTR)
  C:\KEIL_V5\C51\LIB\C51L.LIB (?C?CLDOPTR)
  C:\KEIL_V5\C51\LIB\C51L.LIB (?C?CSTPTR)
  C:\KEIL_V5\C51\LIB\C51L.LIB (?C?IMUL)
  C:\KEIL_V5\C51\LIB\C51L.LIB (?C?UIDIV)
  C:\KEIL_V5\C51\LIB\C51L.LIB (?C?SIDIV)
  C:\KEIL_V5\C51\LIB\C51L.LIB (?C?ILDIX)
  C:\KEIL_V5\C51\LIB\C51L.LIB (?C?ILDOPTR)
  C:\KEIL_V5\C51\LIB\C51L.LIB (?C?LMUL)
  C:\KEIL_V5\C51\LIB\C51L.LIB (?C?SLDIV)
  C:\KEIL_V5\C51\LIB\C51L.LIB (?C?LNEG)
  C:\KEIL_V5\C51\LIB\C51L.LIB (?C?ULCMP)
  C:\KEIL_V5\C51\LIB\C51L.LIB (?C?LSHL)
  C:\KEIL_V5\C51\LIB\C51L.LIB (?C?LLDPTR)
  C:\KEIL_V5\C51\LIB\C51L.LIB (?C?LLDOPTR)
  C:\KEIL_V5\C51\LIB\C51L.LIB (?C?LSTPTR)
  C:\KEIL_V5\C51\LIB\C51L.LIB (?C?LSTOPTR)
  C:\KEIL_V5\C51\LIB\C51L.LIB (?C?LLDXDATA)
BL51 BANKED LINKER/LOCATER V6.22                                                      02/21/2019  14:00:31  PAGE 2


  C:\KEIL_V5\C51\LIB\C51L.LIB (?C?LLDCODE)
  C:\KEIL_V5\C51\LIB\C51L.LIB (?C?LLDXDATA0)
  C:\KEIL_V5\C51\LIB\C51L.LIB (?C?LLDCODE0)
  C:\KEIL_V5\C51\LIB\C51L.LIB (?C?LLDPTR0)
  C:\KEIL_V5\C51\LIB\C51L.LIB (?C?LSTXDATA)
  C:\KEIL_V5\C51\LIB\C51L.LIB (?C?LSTKXDATA)
  C:\KEIL_V5\C51\LIB\C51L.LIB (ABS)
  C:\KEIL_V5\C51\LIB\C51L.LIB (ATOI)
  C:\KEIL_V5\C51\LIB\C51L.LIB (?C?IILDX)
  C:\KEIL_V5\C51\LIB\C51L.LIB (?C?ULDIV)
  C:\KEIL_V5\C51\LIB\C51L.LIB (?C?LLDIDATA)
  C:\KEIL_V5\C51\LIB\C51L.LIB (?C?LLDPDATA)
  C:\KEIL_V5\C51\LIB\C51L.LIB (?C?LLDIDATA0)
  C:\KEIL_V5\C51\LIB\C51L.LIB (?C?LLDPDATA0)
  C:\KEIL_V5\C51\LIB\C51L.LIB (?C?LSTIDATA)
  C:\KEIL_V5\C51\LIB\C51L.LIB (?C?LSTPDATA)
  C:\KEIL_V5\C51\LIB\C51L.LIB (ISDIGIT)
  C:\KEIL_V5\C51\LIB\C51L.LIB (ISSPACE)


LINK MAP OF MODULE:  .\Obj\GPIO_RTC_Test (MAIN)


            TYPE    BASE      LENGTH    RELOCATION   SEGMENT NAME
            -----------------------------------------------------

            * * * * * * *   D A T A   M E M O R Y   * * * * * * *
            REG     0000H     0008H     ABSOLUTE     "REG BANK 0"
                    0008H     0018H                  *** GAP ***
            BIT     0020H.0   0000H.5   UNIT         ?BI?KEYPAD
            BIT     0020H.5   0000H.2   UNIT         ?BI?ATAN?ATAN
            BIT     0020H.7   0000H.1   UNIT         ?BI?MAIN
            BIT     0021H.0   0000H.1   UNIT         ?BI?VONESTEPMOVE?BIPOLARMOTOR
            BIT     0021H.1   0000H.1   UNIT         ?BI?_STEP_MOVE?BIPOLARMOTOR
            BIT     0021H.2   0000H.1   UNIT         ?BI?_MOVE?BIPOLARMOTOR
            BIT     0021H.3   0000H.1   UNIT         ?BI?SIN?SIN
            BIT     0021H.4   0000H.1   UNIT         ?BI?_ATOI?ATOI
                    0021H.5   0000H.3                *** GAP ***
            IDATA   0022H     0001H     UNIT         ?STACK

            * * * * * * *  X D A T A   M E M O R Y  * * * * * * *
            XDATA   0000H     00D4H     UNIT         ?XD?MAIN
            XDATA   00D4H     00A7H     UNIT         ?XD?BIPOLARMOTOR
            XDATA   017BH     009FH     UNIT         ?XD?_UPDATE_POSITION?BIPOLARMOTOR
            XDATA   021AH     0084H     UNIT         ?XD?_FIND_REAL_MAX?CALIBRATION
            XDATA   029EH     005DH     UNIT         ?XD?SUNPOS?SUNPOS
            XDATA   02FBH     0040H     UNIT         ?XD?_FINDDET4X4?BIPOLARMOTOR
            XDATA   033BH     0027H     UNIT         _XDATA_GROUP_
            XDATA   0362H     0024H     UNIT         ?XD?_FINDDET3X3?BIPOLARMOTOR
            XDATA   0386H     0018H     UNIT         ?XD?VOLTAGE_IS_STABLE?CALIBRATION
            XDATA   039EH     0014H     UNIT         ?XD?LINEAR_INTERPOLATE?BIPOLARMOTOR
            XDATA   03B2H     0014H     UNIT         ?XD?_CALIBRATION?CALIBRATION
            XDATA   03C6H     000FH     UNIT         ?XD?_READ_TIME?PCF85063BTL
            XDATA   03D5H     000AH     UNIT         ?XD?_DISPLAY_POS?MAIN
            XDATA   03DFH     0009H     UNIT         ?XD?KEYPAD
            XDATA   03E8H     0008H     UNIT         ?XD?_AT25SF041_WRITE?AT25SF041
            XDATA   03F0H     0008H     UNIT         ?XD?_ATAN2?ATAN2
BL51 BANKED LINKER/LOCATER V6.22                                                      02/21/2019  14:00:31  PAGE 3


            XDATA   03F8H     0006H     UNIT         ?XD?KEY_PROCESS?KEYPAD
            XDATA   03FEH     0005H     UNIT         ?XD?_ATOI?ATOI
            XDATA   0403H     0004H     UNIT         ?XD?_DISPLAY_PROX?MAIN
            XDATA   0407H     0004H     UNIT         ?XD?_STEP_MOVE?BIPOLARMOTOR
            XDATA   040BH     0004H     UNIT         ?XD?_MOVE?BIPOLARMOTOR
            XDATA   040FH     0004H     UNIT         ?XD?_MAX_VALUE?CALIBRATION
            XDATA   0413H     0004H     UNIT         ?XD?SIN?SIN
            XDATA   0417H     0004H     UNIT         ?XD?SQRT?SQRT
            XDATA   041BH     0004H     UNIT         ?XD?ATAN?ATAN
            XDATA   041FH     0003H     UNIT         ?XD?_SENDSTRING?UART1
            XDATA   0422H     0003H     UNIT         ?XD?KEY_SCAN?KEYPAD
            XDATA   0425H     0003H     UNIT         ?XD?_WRITE_PI4IOE5V96248?IOEXPANDER_PI4IOE5V96248
            XDATA   0428H     0003H     UNIT         ?XD?READ_STATUS_REGISTER_BYTE1?AT25SF041
            XDATA   042BH     0002H     UNIT         ?XD?AT25SF041_CHIPERASE?AT25SF041
            XDATA   042DH     0002H     UNIT         ?XD?AT25SF041_WRITEENABLE?AT25SF041
            XDATA   042FH     0001H     UNIT         ?XD?_DISPLAYLCD?LCD_DRIVER_SPLC780D
            XDATA   0430H     0001H     UNIT         ?XD?I2C_ACK?IOEXPANDER_PI4IOE5V96248
            XDATA   0431H     0001H     UNIT         ?XD?UC_ACK?IOEXPANDER_PI4IOE5V96248
            XDATA   0432H     0001H     UNIT         ?XD?UC_NACK?IOEXPANDER_PI4IOE5V96248

            * * * * * * *   C O D E   M E M O R Y   * * * * * * *
            CODE    0000H     0003H     ABSOLUTE     
            CODE    0003H     0006H     UNIT         ?PR?_TEN?UART1
            CODE    0009H     0001H     UNIT         ?PR?TM0_ISR?MAIN
            CODE    000AH     0001H     UNIT         ?PR?_DECTOBCD?UART1
            CODE    000BH     0003H     ABSOLUTE     
            CODE    000EH     0B00H     UNIT         ?PR?_UPDATE_POSITION?BIPOLARMOTOR
            CODE    0B0EH     093FH     UNIT         ?C?LIB_CODE
            CODE    144DH     07A2H     UNIT         ?PR?SUNPOS?SUNPOS
            CODE    1BEFH     02C0H     UNIT         ?PR?_FINDDET4X4?BIPOLARMOTOR
            CODE    1EAFH     02B1H     UNIT         ?PR?_FIND_REAL_MAX?CALIBRATION
            CODE    2160H     02A0H     UNIT         ?PR?KEY_PROCESS?KEYPAD
            CODE    2400H     01D1H     UNIT         ?PR?_FINDDET3X3?BIPOLARMOTOR
            CODE    25D1H     018DH     UNIT         ?PR?KEY_SCAN?KEYPAD
            CODE    275EH     0188H     UNIT         ?PR?SIN?SIN
            CODE    28E6H     0172H     UNIT         ?PR?_DISPLAY_POS?MAIN
            CODE    2A58H     0122H     UNIT         ?PR?ATAN?ATAN
            CODE    2B7AH     011BH     UNIT         ?PR?MAIN?MAIN
            CODE    2C95H     0106H     UNIT         ?PR?_AT25SF041_READ?AT25SF041
            CODE    2D9BH     00F4H     UNIT         ?PR?_AT25SF041_WRITE?AT25SF041
            CODE    2E8FH     00E4H     UNIT         ?PR?_CALIBRATION?CALIBRATION
            CODE    2F73H     00DBH     UNIT         ?PR?_ATOI?ATOI
            CODE    304EH     00C3H     UNIT         ?PR?LINEAR_INTERPOLATE?BIPOLARMOTOR
            CODE    3111H     00BBH     UNIT         ?PR?VOLTAGE_IS_STABLE?CALIBRATION
            CODE    31CCH     00B2H     UNIT         ?C_INITSEG
            CODE    327EH     00ADH     UNIT         ?PR?_WRITE_PI4IOE5V96248?IOEXPANDER_PI4IOE5V96248
            CODE    332BH     00ACH     UNIT         ?PR?SQRT?SQRT
            CODE    33D7H     00A1H     UNIT         ?PR?READ_STATUS_REGISTER_BYTE1?AT25SF041
            CODE    3478H     009DH     UNIT         ?PR?_ATAN2?ATAN2
            CODE    3515H     009CH     UNIT         ?PR?_MAX_VALUE?CALIBRATION
            CODE    35B1H     0095H     UNIT         ?PR?_DISPLAY_PROX?MAIN
            CODE    3646H     008CH     UNIT         ?C_C51STARTUP
            CODE    36D2H     0084H     UNIT         ?PR?_DAY_OF_YEAR?PCF85063BTL
            CODE    3756H     0075H     UNIT         ?PR?_WRITEDATA?LCD_DRIVER_SPLC780D
            CODE    37CBH     006FH     UNIT         ?PR?_READ_TIME?PCF85063BTL
            CODE    383AH     0060H     UNIT         ?PR?AT25SF041_CHIPERASE?AT25SF041
            CODE    389AH     0059H     UNIT         ?PR?LCD_INIT?LCD_DRIVER_SPLC780D
BL51 BANKED LINKER/LOCATER V6.22                                                      02/21/2019  14:00:31  PAGE 4


            CODE    38F3H     004AH     UNIT         ?PR?VONESTEPMOVE?BIPOLARMOTOR
            CODE    393DH     004AH     UNIT         ?PR?ACOS?ACOS
            CODE    3987H     0049H     UNIT         ?PR?AT25SF041_WRITEENABLE?AT25SF041
            CODE    39D0H     0044H     UNIT         ?C?LDIV
            CODE    3A14H     0040H     UNIT         ?PR?_COMMAND?LCD_DRIVER_SPLC780D
            CODE    3A54H     0040H     UNIT         ?PR?_STEP_MOVE?BIPOLARMOTOR
            CODE    3A94H     003BH     UNIT         ?PR?ASIN?ASIN
            CODE    3ACFH     0033H     UNIT         ?PR?_SENDSTRING?UART1
            CODE    3B02H     002CH     UNIT         ?PR?_ADC_GETRESULT?ADC
            CODE    3B2EH     002BH     UNIT         ?PR?_WAIT_MS_I2C?IOEXPANDER_PI4IOE5V96248
            CODE    3B59H     002BH     UNIT         ?PR?_WAIT_MS_SPINOR?AT25SF041
            CODE    3B84H     0028H     UNIT         ?PR?_MOVE?BIPOLARMOTOR
            CODE    3BACH     0027H     UNIT         ?PR?_I2C_SENDBYTE?IOEXPANDER_PI4IOE5V96248
            CODE    3BD3H     0024H     UNIT         ?PR?_WAIT_MS?LCD_DRIVER_SPLC780D
            CODE    3BF7H     0020H     UNIT         ?PR?_SPI_SENDBYTE?PCF85063BTL
            CODE    3C17H     0020H     UNIT         ?PR?SPI_RECEIVEBYTE?PCF85063BTL
            CODE    3C37H     001FH     UNIT         ?PR?ADC_INIT?ADC
            CODE    3C56H     001EH     UNIT         ?PR?_DELAY_MS?KEYPAD
            CODE    3C74H     001DH     UNIT         ?PR?_DISPLAYLCD?LCD_DRIVER_SPLC780D
            CODE    3C91H     001BH     UNIT         ?PR?_BCDTODEC1?BIPOLARMOTOR
            CODE    3CACH     0018H     UNIT         ?PR?_SPI_WRITETIME?PCF85063BTL
            CODE    3CC4H     0017H     UNIT         ?PR?_ASCIITOBCD?UART1
            CODE    3CDBH     0016H     UNIT         ?PR?I2C_ACK?IOEXPANDER_PI4IOE5V96248
            CODE    3CF1H     0015H     UNIT         ?PR?_DISPLAY_LINE?LCD_DRIVER_SPLC780D
            CODE    3D06H     0015H     UNIT         ?PR?I2C_STOP?IOEXPANDER_PI4IOE5V96248
            CODE    3D1BH     0014H     UNIT         ?PR?_PCF85063BTL_DELAY?PCF85063BTL
            CODE    3D2FH     0014H     UNIT         ?PR?_ISSPACE?ISSPACE
            CODE    3D43H     0011H     UNIT         ?PR?_SPI_READTIME?PCF85063BTL
            CODE    3D54H     0011H     UNIT         ?PR?_BCDTODEC?PCF85063BTL
            CODE    3D65H     0011H     UNIT         ?PR?INITUART1?UART1
            CODE    3D76H     000FH     UNIT         ?PR?I2C_START?IOEXPANDER_PI4IOE5V96248
            CODE    3D85H     000FH     UNIT         ?PR?UC_NACK?IOEXPANDER_PI4IOE5V96248
            CODE    3D94H     000FH     UNIT         ?PR?_ISDIGIT?ISDIGIT
            CODE    3DA3H     000DH     UNIT         ?PR?SPI_INIT?PCF85063BTL
            CODE    3DB0H     000CH     UNIT         ?PR?KEYPAD_IO_INIT?KEYPAD
            CODE    3DBCH     000CH     UNIT         ?PR?_ABS?ABS
            CODE    3DC8H     000AH     UNIT         ?PR?LCD_RETURN_HOME?LCD_DRIVER_SPLC780D
            CODE    3DD2H     000AH     UNIT         ?PR?LCD_CLEAR?LCD_DRIVER_SPLC780D
            CODE    3DDCH     0006H     UNIT         ?PR?UC_ACK?IOEXPANDER_PI4IOE5V96248
            CODE    3DE2H     0005H     UNIT         ?PR?_UNIT?UART1
            CODE    3DE7H     0005H     UNIT         ?PR?_ASCII_LETTER?UART1
            CODE    3DECH     0001H     UNIT         ?PR?WAIT?BIPOLARMOTOR
            CODE    3DEDH     0001H     UNIT         ?PR?NOP?IOEXPANDER_PI4IOE5V96248



OVERLAY MAP OF MODULE:   .\Obj\GPIO_RTC_Test (MAIN)


SEGMENT                                            XDATA_GROUP
  +--> CALLED SEGMENT                            START    LENGTH
----------------------------------------------------------------
?C_C51STARTUP                                    -----    -----
  +--> ?PR?MAIN?MAIN
  +--> ?C_INITSEG

?PR?MAIN?MAIN                                    033BH    001FH
BL51 BANKED LINKER/LOCATER V6.22                                                      02/21/2019  14:00:31  PAGE 5


  +--> ?PR?LCD_INIT?LCD_DRIVER_SPLC780D
  +--> ?PR?SPI_INIT?PCF85063BTL
  +--> ?PR?KEYPAD_IO_INIT?KEYPAD
  +--> ?PR?ADC_INIT?ADC
  +--> ?PR?_SPI_WRITETIME?PCF85063BTL
  +--> ?PR?_DELAY_MS?KEYPAD
  +--> ?PR?_WAIT_MS_SPINOR?AT25SF041
  +--> ?PR?_AT25SF041_READ?AT25SF041
  +--> ?PR?_WRITEDATA?LCD_DRIVER_SPLC780D
  +--> ?PR?_DISPLAY_LINE?LCD_DRIVER_SPLC780D

?PR?LCD_INIT?LCD_DRIVER_SPLC780D                 -----    -----
  +--> ?PR?_WAIT_MS?LCD_DRIVER_SPLC780D
  +--> ?PR?_COMMAND?LCD_DRIVER_SPLC780D

?PR?_COMMAND?LCD_DRIVER_SPLC780D                 -----    -----
  +--> ?PR?_WAIT_MS?LCD_DRIVER_SPLC780D

?PR?ADC_INIT?ADC                                 -----    -----
  +--> ?PR?_WAIT_MS?LCD_DRIVER_SPLC780D

?PR?_SPI_WRITETIME?PCF85063BTL                   -----    -----
  +--> ?PR?_SPI_SENDBYTE?PCF85063BTL

?PR?_SPI_SENDBYTE?PCF85063BTL                    -----    -----
  +--> ?PR?_PCF85063BTL_DELAY?PCF85063BTL

?PR?_AT25SF041_READ?AT25SF041                    035AH    0008H
  +--> ?PR?_WAIT_MS_SPINOR?AT25SF041

?PR?_WRITEDATA?LCD_DRIVER_SPLC780D               035AH    0001H
  +--> ?PR?_WAIT_MS?LCD_DRIVER_SPLC780D

?PR?_DISPLAY_LINE?LCD_DRIVER_SPLC780D            -----    -----
  +--> ?PR?_COMMAND?LCD_DRIVER_SPLC780D



UNRESOLVED EXTERNAL SYMBOLS:
   AUTO_MODE
   _SENDUART1



SYMBOL TABLE OF MODULE:  .\Obj\GPIO_RTC_Test (MAIN)

  VALUE           TYPE          NAME
  ----------------------------------

  -------         MODULE        MAIN
  C:0000H         SYMBOL        _ICE_DUMMY_
  X:0008H         PUBLIC        calib_value
  D:0080H         PUBLIC        P0
  D:00B2H         PUBLIC        P3M0
  D:0090H         PUBLIC        P1
  D:00B1H         PUBLIC        P3M1
  D:00A0H         PUBLIC        P2
BL51 BANKED LINKER/LOCATER V6.22                                                      02/21/2019  14:00:31  PAGE 6


  D:00B0H         PUBLIC        P3
  D:00C0H         PUBLIC        P4
  D:00C8H         PUBLIC        P5
  X:005CH         SYMBOL        PressedKey
  B:00A8H.7       PUBLIC        EA
  D:00E8H         PUBLIC        P6
  X:0060H         PUBLIC        calib_stamp
  D:00F8H         PUBLIC        P7
  X:0061H         PUBLIC        RX_Data_Uart_Cnt
  D:00A8H         PUBLIC        IE
  X:0063H         PUBLIC        calib_time
  D:00B8H         PUBLIC        IP
  X:00B7H         PUBLIC        months
  B:00C0H.1       PUBLIC        AT25SF041_CS
  D:00D8H         PUBLIC        CCON
  C:2B7AH         PUBLIC        main
  X:00B8H         PUBLIC        count
  X:00BAH         PUBLIC        days
  X:00BBH         PUBLIC        hours
  D:0098H         PUBLIC        SCON
  D:0089H         PUBLIC        TMOD
  D:0088H         PUBLIC        TCON
  X:00BCH         SYMBOL        KeyCount
  X:00BEH         PUBLIC        mins
  X:00BFH         PUBLIC        Rec_data_hour
  X:00C2H         PUBLIC        Rec_data_min
  D:008EH         PUBLIC        AUXR
  C:0009H         PUBLIC        tm0_isr
  B:0020H.7       PUBLIC        busy
  B:00A8H.1       PUBLIC        ET0
  D:008CH         PUBLIC        TH0
  X:00C5H         PUBLIC        hour_count
  D:008AH         PUBLIC        TL0
  X:00C6H         PUBLIC        min_count
  B:0088H.4       PUBLIC        TR0
  X:00C7H         SYMBOL        KeyNum
  X:00C8H         SYMBOL        KeyNum_Old
  X:00C9H         PUBLIC        current_position
  X:00CDH         PUBLIC        hours1
  X:00CEH         PUBLIC        hours2
  C:35B1H         PUBLIC        _Display_Prox
  X:00CFH         PUBLIC        mins1
  X:00D0H         PUBLIC        mins2
  C:28E6H         PUBLIC        _Display_Pos
  X:00D1H         PUBLIC        seconds
  X:00D2H         PUBLIC        st_time
  D:00D0H         PUBLIC        PSW
  -------         PROC          TM0_ISR
  C:0009H         LINE#         86
  C:0009H         LINE#         88
  -------         ENDPROC       TM0_ISR
  -------         PROC          MAIN
  -------         DO            
  X:033BH         SYMBOL        sunlight_ADC
  X:033DH         SYMBOL        address
  X:0000H         SYMBOL        KeyCount
  X:0002H         SYMBOL        KeyNum_Old
BL51 BANKED LINKER/LOCATER V6.22                                                      02/21/2019  14:00:31  PAGE 7


  X:0003H         SYMBOL        KeyNum
  X:0004H         SYMBOL        PressedKey
  X:0341H         SYMBOL        prox_flag
  X:0342H         SYMBOL        SPI_NOR_DATA
  X:0343H         SYMBOL        error
  X:0344H         SYMBOL        iUse_prevday_calib_value
  X:0346H         SYMBOL        calib_point1
  X:034EH         SYMBOL        calib_point2
  X:0356H         SYMBOL        calib_day
  X:0358H         SYMBOL        calib_count
  -------         ENDDO         
  C:2B7AH         LINE#         90
  C:2B7AH         LINE#         91
  C:2B7AH         LINE#         94
  C:2B84H         LINE#         97
  C:2B8FH         LINE#         98
  C:2B93H         LINE#         101
  C:2B99H         LINE#         106
  C:2B9BH         LINE#         107
  C:2B9DH         LINE#         108
  C:2B9FH         LINE#         109
  C:2BA1H         LINE#         111
  C:2BA7H         LINE#         120
  C:2BA9H         LINE#         121
  C:2BACH         LINE#         122
  C:2BAFH         LINE#         123
  C:2BB2H         LINE#         124
  C:2BB5H         LINE#         125
  C:2BB8H         LINE#         128
  C:2BBBH         LINE#         130
  C:2BBEH         LINE#         131
  C:2BC1H         LINE#         132
  C:2BC4H         LINE#         133
  C:2BC6H         LINE#         134
  C:2BC8H         LINE#         135
  C:2BCAH         LINE#         137
  C:2BCCH         LINE#         138
  C:2BD3H         LINE#         139
  C:2BDAH         LINE#         140
  C:2BE1H         LINE#         141
  C:2BE8H         LINE#         143
  C:2BF2H         LINE#         144
  C:2BF2H         LINE#         145
  C:2BF2H         LINE#         146
  C:2BF9H         LINE#         147
  C:2BFBH         LINE#         148
  C:2C02H         LINE#         151
  C:2C20H         LINE#         152
  C:2C27H         LINE#         153
  C:2C2EH         LINE#         154
  C:2C2EH         LINE#         155
  C:2C30H         LINE#         156
  C:2C32H         LINE#         157
  C:2C39H         LINE#         158
  C:2C39H         LINE#         159
  C:2C3BH         LINE#         160
  C:2C3DH         LINE#         162
BL51 BANKED LINKER/LOCATER V6.22                                                      02/21/2019  14:00:31  PAGE 8


  C:2C3DH         LINE#         163
  C:2C45H         LINE#         164
  C:2C45H         LINE#         165
  C:2C64H         LINE#         166
  C:2C81H         LINE#         167
  C:2C81H         LINE#         168
  C:2C8BH         LINE#         169
  C:2C92H         LINE#         170
  C:2C92H         LINE#         172
  -------         ENDPROC       MAIN
  -------         PROC          _DISPLAY_PROX
  D:0002H         SYMBOL        dat
  -------         DO            
  X:0403H         SYMBOL        unit
  X:0404H         SYMBOL        ten
  X:0405H         SYMBOL        hundred
  X:0406H         SYMBOL        thousand
  -------         ENDDO         
  C:35B1H         LINE#         253
  C:35B5H         LINE#         254
  C:35B5H         LINE#         256
  C:35C1H         LINE#         257
  C:35D1H         LINE#         258
  C:35EDH         LINE#         259
  C:361DH         LINE#         260
  C:3627H         LINE#         261
  C:3631H         LINE#         262
  C:363BH         LINE#         263
  C:3645H         LINE#         265
  -------         ENDPROC       _DISPLAY_PROX
  -------         PROC          _DISPLAY_POS
  X:03D5H         SYMBOL        sign_dat
  -------         DO            
  X:03D9H         SYMBOL        unit
  X:03DAH         SYMBOL        ten
  X:03DBH         SYMBOL        hundred
  D:0003H         SYMBOL        thousand
  X:03DCH         SYMBOL        after_dot
  X:03DDH         SYMBOL        dat
  -------         ENDDO         
  C:28E6H         LINE#         268
  C:28ECH         LINE#         269
  C:28ECH         LINE#         273
  C:2908H         LINE#         274
  C:2922H         LINE#         275
  C:2946H         LINE#         277
  C:2990H         LINE#         279
  C:29A7H         LINE#         280
  C:29B4H         LINE#         281
  C:29D6H         LINE#         282
  C:2A0BH         LINE#         283
  C:2A23H         LINE#         284
  C:2A23H         LINE#         286
  C:2A23H         LINE#         287
  C:2A23H         LINE#         288
  C:2A23H         LINE#         289
  C:2A23H         LINE#         290
BL51 BANKED LINKER/LOCATER V6.22                                                      02/21/2019  14:00:31  PAGE 9


  C:2A23H         LINE#         294
  C:2A25H         LINE#         296
  C:2A25H         LINE#         298
  C:2A2AH         LINE#         299
  C:2A34H         LINE#         300
  C:2A3EH         LINE#         301
  C:2A48H         LINE#         302
  C:2A4DH         LINE#         303
  C:2A57H         LINE#         307
  C:2A57H         LINE#         309
  -------         ENDPROC       _DISPLAY_POS
  -------         ENDMOD        MAIN

  -------         MODULE        PCF85063BTL
  C:0000H         SYMBOL        _ICE_DUMMY_
  D:0096H         PUBLIC        P2M0
  D:0080H         PUBLIC        P0
  D:0095H         PUBLIC        P2M1
  D:0090H         PUBLIC        P1
  D:00A0H         PUBLIC        P2
  D:00B0H         PUBLIC        P3
  D:00C0H         PUBLIC        P4
  D:00C8H         PUBLIC        P5
  D:00E8H         PUBLIC        P6
  B:00A0H.1       PUBLIC        PCF85063BTL_SDI
  D:00F8H         PUBLIC        P7
  B:00A0H.2       PUBLIC        PCF85063BTL_SCK
  B:00A0H.1       PUBLIC        PCF85063BTL_SDO
  D:00A8H         PUBLIC        IE
  C:37CBH         PUBLIC        _Read_time
  C:3D21H         PUBLIC        _PCF85063BTL_Delay
  D:00B8H         PUBLIC        IP
  D:00D8H         PUBLIC        CCON
  C:36D2H         PUBLIC        _Day_Of_Year
  C:3C17H         PUBLIC        SPI_ReceiveByte
  D:0098H         PUBLIC        SCON
  D:0088H         PUBLIC        TCON
  C:3D54H         PUBLIC        _BCDtoDec
  B:00A0H.0       PUBLIC        PCF85063BTL_CS
  C:3D43H         PUBLIC        _SPI_ReadTime
  C:3DA3H         PUBLIC        SPI_Init
  C:3CACH         PUBLIC        _SPI_WriteTime
  C:3BF7H         PUBLIC        _SPI_SendByte
  D:00D0H         PUBLIC        PSW
  C:3D1DH         SYMBOL        L?0047
  -------         PROC          L?0046
  -------         ENDPROC       L?0046
  C:3D1DH         SYMBOL        L?0047
  -------         PROC          _PCF85063BTL_DELAY
  D:0006H         SYMBOL        us
  C:3D21H         LINE#         8
  C:3D21H         LINE#         9
  C:3D21H         LINE#         10
  C:3D2BH         LINE#         11
  C:3D2BH         LINE#         12
  C:3D2CH         LINE#         13
  C:3D2EH         LINE#         14
BL51 BANKED LINKER/LOCATER V6.22                                                      02/21/2019  14:00:31  PAGE 10


  -------         ENDPROC       _PCF85063BTL_DELAY
  -------         PROC          _SPI_SENDBYTE
  D:0005H         SYMBOL        dat
  -------         DO            
  D:0003H         SYMBOL        i
  -------         ENDDO         
  C:3BF7H         LINE#         17
  C:3BF9H         LINE#         18
  C:3BF9H         LINE#         20
  C:3BFBH         LINE#         21
  C:3BFBH         LINE#         22
  C:3BFDH         LINE#         23
  C:3C01H         LINE#         24
  C:3C01H         LINE#         25
  C:3C03H         LINE#         26
  C:3C05H         LINE#         28
  C:3C05H         LINE#         29
  C:3C07H         LINE#         30
  C:3C07H         LINE#         31
  C:3C0AH         LINE#         32
  C:3C0AH         LINE#         33
  C:3C0DH         LINE#         34
  C:3C11H         LINE#         35
  C:3C16H         LINE#         36
  -------         ENDPROC       _SPI_SENDBYTE
  -------         PROC          SPI_RECEIVEBYTE
  -------         DO            
  D:0003H         SYMBOL        i
  D:0005H         SYMBOL        dat
  -------         ENDDO         
  C:3C17H         LINE#         39
  C:3C17H         LINE#         40
  C:3C17H         LINE#         42
  C:3C19H         LINE#         44
  C:3C1BH         LINE#         45
  C:3C1CH         LINE#         46
  C:3C1CH         LINE#         47
  C:3C20H         LINE#         48
  C:3C22H         LINE#         49
  C:3C25H         LINE#         51
  C:3C28H         LINE#         52
  C:3C28H         LINE#         53
  C:3C2CH         LINE#         54
  C:3C2CH         LINE#         55
  C:3C2CH         LINE#         56
  C:3C2FH         LINE#         57
  C:3C34H         LINE#         58
  C:3C36H         LINE#         59
  -------         ENDPROC       SPI_RECEIVEBYTE
  -------         PROC          _SPI_READTIME
  D:0007H         SYMBOL        addr
  -------         DO            
  D:0006H         SYMBOL        dat
  -------         ENDDO         
  C:3D43H         LINE#         61
  C:3D43H         LINE#         62
  C:3D43H         LINE#         64
BL51 BANKED LINKER/LOCATER V6.22                                                      02/21/2019  14:00:31  PAGE 11


  C:3D45H         LINE#         65
  C:3D47H         LINE#         66
  C:3D4EH         LINE#         67
  C:3D51H         LINE#         68
  C:3D53H         LINE#         69
  C:3D53H         LINE#         70
  -------         ENDPROC       _SPI_READTIME
  -------         PROC          _SPI_WRITETIME
  D:0002H         SYMBOL        val
  D:0005H         SYMBOL        addr
  C:3CACH         LINE#         71
  C:3CAEH         LINE#         72
  C:3CAEH         LINE#         74
  C:3CB0H         LINE#         75
  C:3CB7H         LINE#         76
  C:3CBCH         LINE#         77
  C:3CC1H         LINE#         78
  C:3CC3H         LINE#         79
  -------         ENDPROC       _SPI_WRITETIME
  -------         PROC          SPI_INIT
  C:3DA3H         LINE#         83
  C:3DA3H         LINE#         84
  C:3DA3H         LINE#         89
  C:3DA6H         LINE#         90
  C:3DA9H         LINE#         91
  C:3DABH         LINE#         92
  C:3DADH         LINE#         93
  C:3DAFH         LINE#         94
  -------         ENDPROC       SPI_INIT
  -------         PROC          _READ_TIME
  X:03C6H         SYMBOL        months
  X:03C9H         SYMBOL        days
  X:03CCH         SYMBOL        hours
  X:03CFH         SYMBOL        mins
  X:03D2H         SYMBOL        seconds
  C:37CBH         LINE#         96
  C:37D6H         LINE#         97
  C:37D6H         LINE#         99
  C:37EAH         LINE#         101
  C:37FEH         LINE#         103
  C:3812H         LINE#         108
  C:3826H         LINE#         113
  -------         ENDPROC       _READ_TIME
  -------         PROC          _BCDTODEC
  D:0007H         SYMBOL        bcd
  -------         DO            
  D:0006H         SYMBOL        hi
  D:0007H         SYMBOL        lo
  -------         ENDDO         
  C:3D54H         LINE#         119
  C:3D54H         LINE#         120
  C:3D54H         LINE#         122
  C:3D59H         LINE#         123
  C:3D5DH         LINE#         124
  C:3D64H         LINE#         125
  -------         ENDPROC       _BCDTODEC
  -------         PROC          _DAY_OF_YEAR
BL51 BANKED LINKER/LOCATER V6.22                                                      02/21/2019  14:00:31  PAGE 12


  D:0007H         SYMBOL        months_bcd
  D:0005H         SYMBOL        days_bcd
  -------         DO            
  D:0004H         SYMBOL        months
  D:0007H         SYMBOL        days
  -------         ENDDO         
  C:36D2H         LINE#         126
  C:36D2H         LINE#         127
  C:36D2H         LINE#         130
  C:36D7H         LINE#         132
  C:36DCH         LINE#         134
  C:3715H         LINE#         135
  C:3715H         LINE#         136
  C:3715H         LINE#         137
  C:3718H         LINE#         138
  C:3718H         LINE#         139
  C:3718H         LINE#         140
  C:371DH         LINE#         141
  C:371DH         LINE#         142
  C:371DH         LINE#         143
  C:3722H         LINE#         144
  C:3722H         LINE#         145
  C:3722H         LINE#         146
  C:3727H         LINE#         147
  C:3727H         LINE#         148
  C:3727H         LINE#         149
  C:372CH         LINE#         150
  C:372CH         LINE#         151
  C:372CH         LINE#         152
  C:3731H         LINE#         153
  C:3731H         LINE#         154
  C:3731H         LINE#         155
  C:3736H         LINE#         156
  C:3736H         LINE#         157
  C:3736H         LINE#         158
  C:373BH         LINE#         159
  C:373BH         LINE#         160
  C:373BH         LINE#         161
  C:3743H         LINE#         162
  C:3743H         LINE#         163
  C:3743H         LINE#         164
  C:3748H         LINE#         165
  C:3748H         LINE#         166
  C:3748H         LINE#         167
  C:374DH         LINE#         168
  C:374DH         LINE#         169
  C:374DH         LINE#         170
  C:3755H         LINE#         171
  C:3755H         LINE#         172
  C:3755H         LINE#         173
  -------         ENDPROC       _DAY_OF_YEAR
  -------         ENDMOD        PCF85063BTL

  -------         MODULE        UART1
  C:0000H         SYMBOL        _ICE_DUMMY_
  D:0080H         PUBLIC        P0
  D:0090H         PUBLIC        P1
BL51 BANKED LINKER/LOCATER V6.22                                                      02/21/2019  14:00:31  PAGE 13


  D:00A0H         PUBLIC        P2
  D:00B0H         PUBLIC        P3
  D:00C0H         PUBLIC        P4
  D:00C8H         PUBLIC        P5
  B:00A8H.7       PUBLIC        EA
  D:00E8H         PUBLIC        P6
  D:00F8H         PUBLIC        P7
  C:3ACFH         PUBLIC        _SendString
  D:00A8H         PUBLIC        IE
  B:00A8H.4       PUBLIC        ES
  D:00B8H         PUBLIC        IP
  C:3CC4H         PUBLIC        _ASCIItoBCD
  D:00D8H         PUBLIC        CCON
  C:3D65H         PUBLIC        initUART1
  D:0098H         PUBLIC        SCON
  D:0088H         PUBLIC        TCON
  C:000AH         PUBLIC        _DectoBCD
  C:3DE7H         PUBLIC        _ASCII_Letter
  D:008EH         PUBLIC        AUXR
  C:3DE2H         PUBLIC        _unit
  C:0003H         PUBLIC        _ten
  D:00D6H         PUBLIC        T2H
  D:00D7H         PUBLIC        T2L
  D:00D0H         PUBLIC        PSW
  -------         PROC          INITUART1
  C:3D65H         LINE#         21
  C:3D65H         LINE#         22
  C:3D65H         LINE#         23
  C:3D68H         LINE#         24
  C:3D6BH         LINE#         25
  C:3D6EH         LINE#         26
  C:3D71H         LINE#         27
  C:3D73H         LINE#         28
  C:3D75H         LINE#         30
  -------         ENDPROC       INITUART1
  -------         PROC          _SENDSTRING
  X:041FH         SYMBOL        s
  C:3ACFH         LINE#         35
  C:3ADAH         LINE#         36
  C:3ADAH         LINE#         37
  C:3AEAH         LINE#         38
  C:3AEAH         LINE#         39
  C:3AFFH         LINE#         40
  C:3B01H         LINE#         41
  -------         ENDPROC       _SENDSTRING
  -------         PROC          _TEN
  D:0007H         SYMBOL        BCD
  C:0003H         LINE#         43
  C:0003H         LINE#         44
  C:0003H         LINE#         45
  C:0008H         LINE#         46
  -------         ENDPROC       _TEN
  -------         PROC          _UNIT
  D:0007H         SYMBOL        BCD
  C:3DE2H         LINE#         47
  C:3DE2H         LINE#         48
  C:3DE2H         LINE#         52
BL51 BANKED LINKER/LOCATER V6.22                                                      02/21/2019  14:00:31  PAGE 14


  C:3DE6H         LINE#         53
  -------         ENDPROC       _UNIT
  -------         PROC          _DECTOBCD
  D:0007H         SYMBOL        dec
  C:000AH         LINE#         54
  C:000AH         LINE#         55
  C:000AH         LINE#         57
  C:000AH         LINE#         58
  -------         ENDPROC       _DECTOBCD
  -------         PROC          _ASCII_LETTER
  D:0007H         SYMBOL        dat
  C:3DE7H         LINE#         60
  C:3DE7H         LINE#         61
  C:3DE7H         LINE#         63
  C:3DEBH         LINE#         64
  -------         ENDPROC       _ASCII_LETTER
  -------         PROC          _ASCIITOBCD
  D:0001H         SYMBOL        ascii
  -------         DO            
  D:0007H         SYMBOL        dec_val
  D:0006H         SYMBOL        ten
  D:0007H         SYMBOL        unit
  -------         ENDDO         
  C:3CC4H         LINE#         66
  C:3CC4H         LINE#         67
  C:3CC4H         LINE#         69
  C:3CC7H         LINE#         70
  C:3CCDH         LINE#         71
  C:3CD4H         LINE#         72
  C:3CDAH         LINE#         74
  -------         ENDPROC       _ASCIITOBCD
  -------         ENDMOD        UART1

  -------         MODULE        LCD_DRIVER_SPLC780D
  C:0000H         SYMBOL        _ICE_DUMMY_
  D:0092H         PUBLIC        P1M0
  D:0091H         PUBLIC        P1M1
  D:0080H         PUBLIC        P0
  D:0090H         PUBLIC        P1
  D:00A0H         PUBLIC        P2
  D:00B0H         PUBLIC        P3
  D:00C0H         PUBLIC        P4
  D:00C8H         PUBLIC        P5
  D:00E8H         PUBLIC        P6
  D:00F8H         PUBLIC        P7
  C:3756H         PUBLIC        _WriteData
  D:00A8H         PUBLIC        IE
  D:00B8H         PUBLIC        IP
  D:00D8H         PUBLIC        CCON
  B:00B0H.4       PUBLIC        LCD_D4
  B:00B0H.5       PUBLIC        LCD_D5
  B:00B0H.6       PUBLIC        LCD_D6
  C:3C74H         PUBLIC        _DisplayLCD
  B:00B0H.7       PUBLIC        LCD_D7
  D:0098H         PUBLIC        SCON
  D:0088H         PUBLIC        TCON
  C:3DD2H         PUBLIC        LCD_clear
BL51 BANKED LINKER/LOCATER V6.22                                                      02/21/2019  14:00:31  PAGE 15


  C:3A14H         PUBLIC        _Command
  C:3CF1H         PUBLIC        _Display_Line
  C:389AH         PUBLIC        LCD_Init
  C:3BD9H         PUBLIC        _Wait_ms
  B:00C0H.0       PUBLIC        LCD_RS
  B:00B0H.2       PUBLIC        LCD_RW
  C:3DC8H         PUBLIC        LCD_return_home
  B:00B0H.3       PUBLIC        LCD_E
  D:00D0H         PUBLIC        PSW
  -------         PROC          LCD_INIT
  C:389AH         LINE#         9
  C:389AH         LINE#         10
  C:389AH         LINE#         11
  C:389DH         LINE#         12
  C:38A0H         LINE#         14
  C:38A6H         LINE#         15
  C:38ABH         LINE#         17
  C:38B2H         LINE#         18
  C:38B7H         LINE#         20
  C:38BAH         LINE#         21
  C:38BFH         LINE#         23
  C:38C2H         LINE#         24
  C:38C7H         LINE#         26
  C:38CEH         LINE#         29
  C:38D3H         LINE#         30
  C:38D8H         LINE#         32
  C:38DDH         LINE#         33
  C:38E2H         LINE#         35
  C:38E7H         LINE#         36
  C:38ECH         LINE#         37
  -------         ENDPROC       LCD_INIT
  -------         PROC          _WRITEDATA
  X:035AH         SYMBOL        dat
  C:3756H         LINE#         40
  C:375BH         LINE#         41
  C:375BH         LINE#         46
  C:375DH         LINE#         47
  C:375FH         LINE#         49
  C:376DH         LINE#         50
  C:3779H         LINE#         51
  C:3785H         LINE#         52
  C:378FH         LINE#         53
  C:3791H         LINE#         54
  C:3798H         LINE#         55
  C:379AH         LINE#         57
  C:37AAH         LINE#         58
  C:37B5H         LINE#         59
  C:37BFH         LINE#         60
  C:37C3H         LINE#         62
  C:37C3H         LINE#         63
  C:37C6H         LINE#         64
  C:37C8H         LINE#         65
  C:37CAH         LINE#         67
  -------         ENDPROC       _WRITEDATA
  -------         PROC          _COMMAND
  D:0007H         SYMBOL        dat
  C:3A14H         LINE#         69
BL51 BANKED LINKER/LOCATER V6.22                                                      02/21/2019  14:00:31  PAGE 16


  C:3A14H         LINE#         70
  C:3A14H         LINE#         71
  C:3A16H         LINE#         72
  C:3A18H         LINE#         74
  C:3A22H         LINE#         75
  C:3A26H         LINE#         77
  C:3A28H         LINE#         78
  C:3A31H         LINE#         79
  C:3A35H         LINE#         81
  C:3A37H         LINE#         82
  C:3A3EH         LINE#         83
  C:3A42H         LINE#         85
  C:3A44H         LINE#         86
  C:3A48H         LINE#         87
  C:3A4CH         LINE#         89
  C:3A4EH         LINE#         90
  C:3A4EH         LINE#         91
  C:3A51H         LINE#         92
  C:3A53H         LINE#         93
  -------         ENDPROC       _COMMAND
  C:3BD5H         SYMBOL        L?0028
  -------         PROC          L?0027
  -------         ENDPROC       L?0027
  C:3BD5H         SYMBOL        L?0028
  -------         PROC          _WAIT_MS
  D:0006H         SYMBOL        ms
  -------         DO            
  D:0004H         SYMBOL        De_Cnt
  -------         ENDDO         
  C:3BD9H         LINE#         95
  C:3BD9H         LINE#         96
  C:3BD9H         LINE#         98
  C:3BE3H         LINE#         99
  C:3BE3H         LINE#         100
  C:3BF6H         LINE#         101
  C:3BF6H         LINE#         102
  -------         ENDPROC       _WAIT_MS
  -------         PROC          _DISPLAYLCD
  D:0007H         SYMBOL        BCD
  -------         DO            
  D:0006H         SYMBOL        first_digit
  X:042FH         SYMBOL        second_digit
  -------         ENDDO         
  C:3C74H         LINE#         103
  C:3C74H         LINE#         104
  C:3C74H         LINE#         106
  C:3C7BH         LINE#         107
  C:3C84H         LINE#         109
  C:3C89H         LINE#         111
  -------         ENDPROC       _DISPLAYLCD
  -------         PROC          LCD_RETURN_HOME
  C:3DC8H         LINE#         115
  C:3DC8H         LINE#         116
  C:3DC8H         LINE#         117
  C:3DCDH         LINE#         118
  -------         ENDPROC       LCD_RETURN_HOME
  -------         PROC          LCD_CLEAR
BL51 BANKED LINKER/LOCATER V6.22                                                      02/21/2019  14:00:31  PAGE 17


  C:3DD2H         LINE#         121
  C:3DD2H         LINE#         122
  C:3DD2H         LINE#         123
  C:3DD7H         LINE#         124
  -------         ENDPROC       LCD_CLEAR
  -------         PROC          _DISPLAY_LINE
  D:0006H         SYMBOL        line
  C:3CF1H         LINE#         128
  C:3CF1H         LINE#         129
  C:3CF1H         LINE#         130
  C:3CF7H         LINE#         131
  C:3CF7H         LINE#         132
  C:3CF9H         LINE#         133
  C:3CF9H         LINE#         134
  C:3CFBH         LINE#         136
  C:3CFBH         LINE#         137
  C:3D00H         LINE#         138
  C:3D05H         LINE#         139
  C:3D05H         LINE#         140
  -------         ENDPROC       _DISPLAY_LINE
  -------         ENDMOD        LCD_DRIVER_SPLC780D

  -------         MODULE        KEYPAD
  C:0000H         SYMBOL        _ICE_DUMMY_
  D:0093H         PUBLIC        P0M1
  D:0080H         PUBLIC        P0
  D:0090H         PUBLIC        P1
  D:00A0H         PUBLIC        P2
  D:00B0H         PUBLIC        P3
  D:00C0H         PUBLIC        P4
  D:00C8H         PUBLIC        P5
  B:0020H.0       PUBLIC        calib_mode
  D:00E8H         PUBLIC        P6
  D:00F8H         PUBLIC        P7
  D:00A8H         PUBLIC        IE
  C:25D1H         PUBLIC        Key_Scan
  D:00B8H         PUBLIC        IP
  D:00D8H         PUBLIC        CCON
  C:3DB0H         PUBLIC        KeyPad_IO_Init
  C:3C56H         PUBLIC        _Delay_ms
  D:0098H         PUBLIC        SCON
  D:0088H         PUBLIC        TCON
  B:0020H.1       PUBLIC        small_move
  B:0020H.2       PUBLIC        move
  B:0020H.3       PUBLIC        direction
  B:0020H.4       PUBLIC        auto_move
  C:2160H         PUBLIC        Key_Process
  D:00D0H         PUBLIC        PSW
  D:0094H         PUBLIC        P0M0
  -------         PROC          _DELAY_MS
  D:0006H         SYMBOL        ms
  -------         DO            
  D:0004H         SYMBOL        De_Cnt
  -------         ENDDO         
  C:3C56H         LINE#         19
  C:3C56H         LINE#         20
  C:3C56H         LINE#         22
BL51 BANKED LINKER/LOCATER V6.22                                                      02/21/2019  14:00:31  PAGE 18


  C:3C60H         LINE#         23
  C:3C60H         LINE#         24
  C:3C73H         LINE#         25
  C:3C73H         LINE#         26
  -------         ENDPROC       _DELAY_MS
  -------         PROC          KEY_SCAN
  -------         DO            
  X:0422H         SYMBOL        KeyTemp1
  X:0423H         SYMBOL        KeyTemp2
  X:0424H         SYMBOL        KeyValue
  -------         ENDDO         
  C:25D1H         LINE#         27
  C:25D1H         LINE#         28
  C:25D1H         LINE#         33
  C:25D4H         LINE#         36
  C:25D7H         LINE#         38
  C:25DFH         LINE#         39
  C:25E6H         LINE#         40
  C:25E6H         LINE#         42
  C:25EBH         LINE#         43
  C:25F2H         LINE#         44
  C:25F2H         LINE#         47
  C:25F5H         LINE#         48
  C:25F8H         LINE#         49
  C:25FDH         LINE#         50
  C:2601H         LINE#         51
  C:2601H         LINE#         52
  C:2609H         LINE#         53
  C:2609H         LINE#         54
  C:260CH         LINE#         55
  C:2614H         LINE#         56
  C:2616H         LINE#         58
  C:262AH         LINE#         59
  C:262AH         LINE#         60
  C:262AH         LINE#         61
  C:262AH         LINE#         62
  C:2630H         LINE#         64
  C:2632H         LINE#         65
  C:2632H         LINE#         66
  C:2632H         LINE#         67
  C:2638H         LINE#         69
  C:263AH         LINE#         70
  C:263AH         LINE#         71
  C:263AH         LINE#         72
  C:2640H         LINE#         74
  C:2642H         LINE#         75
  C:2642H         LINE#         76
  C:2642H         LINE#         77
  C:2648H         LINE#         79
  C:2648H         LINE#         80
  C:2648H         LINE#         81
  C:2648H         LINE#         84
  C:264BH         LINE#         85
  C:264EH         LINE#         86
  C:2656H         LINE#         87
  C:265AH         LINE#         88
  C:265AH         LINE#         89
BL51 BANKED LINKER/LOCATER V6.22                                                      02/21/2019  14:00:31  PAGE 19


  C:2662H         LINE#         90
  C:2662H         LINE#         91
  C:2665H         LINE#         92
  C:266DH         LINE#         93
  C:266FH         LINE#         94
  C:2683H         LINE#         95
  C:2683H         LINE#         96
  C:2683H         LINE#         97
  C:2683H         LINE#         98
  C:2689H         LINE#         100
  C:268BH         LINE#         101
  C:268BH         LINE#         102
  C:268BH         LINE#         103
  C:2691H         LINE#         105
  C:2693H         LINE#         106
  C:2693H         LINE#         107
  C:2693H         LINE#         108
  C:2699H         LINE#         110
  C:269BH         LINE#         111
  C:269BH         LINE#         112
  C:269BH         LINE#         113
  C:26A0H         LINE#         115
  C:26A0H         LINE#         116
  C:26A0H         LINE#         117
  C:26A0H         LINE#         120
  C:26A3H         LINE#         121
  C:26A6H         LINE#         122
  C:26AEH         LINE#         123
  C:26B2H         LINE#         124
  C:26B2H         LINE#         125
  C:26BAH         LINE#         126
  C:26BAH         LINE#         127
  C:26BDH         LINE#         128
  C:26C5H         LINE#         129
  C:26C7H         LINE#         130
  C:26DBH         LINE#         131
  C:26DBH         LINE#         132
  C:26DBH         LINE#         133
  C:26DBH         LINE#         134
  C:26E1H         LINE#         136
  C:26E3H         LINE#         137
  C:26E3H         LINE#         138
  C:26E3H         LINE#         139
  C:26E9H         LINE#         141
  C:26EBH         LINE#         142
  C:26EBH         LINE#         143
  C:26EBH         LINE#         144
  C:26F1H         LINE#         146
  C:26F3H         LINE#         147
  C:26F3H         LINE#         148
  C:26F3H         LINE#         149
  C:26F9H         LINE#         151
  C:26F9H         LINE#         152
  C:26F9H         LINE#         153
  C:26F9H         LINE#         157
  C:26FCH         LINE#         158
  C:26FFH         LINE#         159
BL51 BANKED LINKER/LOCATER V6.22                                                      02/21/2019  14:00:31  PAGE 20


  C:2707H         LINE#         160
  C:270BH         LINE#         161
  C:270BH         LINE#         162
  C:2713H         LINE#         163
  C:2713H         LINE#         164
  C:2716H         LINE#         165
  C:271EH         LINE#         166
  C:2720H         LINE#         167
  C:2734H         LINE#         168
  C:2734H         LINE#         169
  C:2734H         LINE#         170
  C:2734H         LINE#         171
  C:273AH         LINE#         173
  C:273CH         LINE#         174
  C:273CH         LINE#         175
  C:273CH         LINE#         176
  C:2742H         LINE#         178
  C:2744H         LINE#         179
  C:2744H         LINE#         180
  C:2744H         LINE#         181
  C:274AH         LINE#         183
  C:274CH         LINE#         184
  C:274CH         LINE#         185
  C:274CH         LINE#         186
  C:2752H         LINE#         188
  C:2752H         LINE#         189
  C:2752H         LINE#         190
  C:2752H         LINE#         192
  C:2758H         LINE#         193
  C:2758H         LINE#         195
  C:2758H         LINE#         196
  C:275BH         LINE#         197
  C:275BH         LINE#         198
  C:275BH         LINE#         200
  C:275BH         LINE#         201
  C:275DH         LINE#         202
  C:275DH         LINE#         203
  -------         ENDPROC       KEY_SCAN
  -------         PROC          KEY_PROCESS
  -------         DO            
  X:03DFH         SYMBOL        KeyCount
  X:03E1H         SYMBOL        KeyNum_Old
  X:03E2H         SYMBOL        KeyNum
  X:03E3H         SYMBOL        PressedKey
  X:03F8H         SYMBOL        d
  D:0004H         SYMBOL        hours
  D:0006H         SYMBOL        mins
  X:03FAH         SYMBOL        months
  X:03FCH         SYMBOL        days
  -------         ENDDO         
  C:2160H         LINE#         204
  C:2160H         LINE#         205
  C:2160H         LINE#         209
  C:2168H         LINE#         210
  C:2170H         LINE#         212
  C:2173H         LINE#         213
  C:2173H         LINE#         214
BL51 BANKED LINKER/LOCATER V6.22                                                      02/21/2019  14:00:31  PAGE 21


  C:2176H         LINE#         216
  C:2176H         LINE#         217
  C:2183H         LINE#         218
  C:2183H         LINE#         219
  C:2186H         LINE#         220
  C:2189H         LINE#         222
  C:218CH         LINE#         224
  C:218CH         LINE#         225
  C:2197H         LINE#         226
  C:2197H         LINE#         227
  C:219AH         LINE#         229
  C:219AH         LINE#         230
  C:21A1H         LINE#         231
  C:21A1H         LINE#         232
  C:21A4H         LINE#         234
  C:21A4H         LINE#         235
  C:21ACH         LINE#         236
  C:21ACH         LINE#         237
  C:21B6H         LINE#         238
  C:21BEH         LINE#         240
  C:21C7H         LINE#         242
  C:21C7H         LINE#         251
  C:21DCH         LINE#         252
  C:21DCH         LINE#         253
  C:21EEH         LINE#         254
  C:21FCH         LINE#         255
  C:220BH         LINE#         256
  C:220BH         LINE#         258
  C:2211H         LINE#         262
  C:2227H         LINE#         263
  C:2238H         LINE#         264
  C:2253H         LINE#         265
  C:2253H         LINE#         266
  C:2263H         LINE#         267
  C:2274H         LINE#         268
  C:2274H         LINE#         272
  C:228DH         LINE#         273
  C:22A4H         LINE#         274
  C:22C4H         LINE#         275
  C:22C4H         LINE#         276
  C:22CEH         LINE#         277
  C:22CEH         LINE#         278
  C:22D7H         LINE#         279
  C:22D7H         LINE#         280
  C:22EBH         LINE#         281
  C:22EBH         LINE#         282
  C:22EBH         LINE#         283
  C:22EBH         LINE#         284
  C:22EBH         LINE#         285
  C:22EDH         LINE#         287
  C:22EDH         LINE#         288
  C:22F9H         LINE#         289
  C:22F9H         LINE#         290
  C:230AH         LINE#         291
  C:230AH         LINE#         292
  C:230AH         LINE#         293
  C:230AH         LINE#         294
BL51 BANKED LINKER/LOCATER V6.22                                                      02/21/2019  14:00:31  PAGE 22


  C:230AH         LINE#         296
  C:230CH         LINE#         298
  C:230CH         LINE#         299
  C:231DH         LINE#         300
  C:231DH         LINE#         301
  C:231DH         LINE#         302
  C:231DH         LINE#         303
  C:231DH         LINE#         305
  C:231DH         LINE#         307
  C:231DH         LINE#         308
  C:231FH         LINE#         310
  C:231FH         LINE#         311
  C:2332H         LINE#         312
  C:2332H         LINE#         313
  C:2343H         LINE#         314
  C:2343H         LINE#         315
  C:2343H         LINE#         316
  C:2343H         LINE#         317
  C:2343H         LINE#         318
  C:2345H         LINE#         320
  C:2345H         LINE#         321
  C:2356H         LINE#         322
  C:2356H         LINE#         323
  C:2367H         LINE#         324
  C:2378H         LINE#         325
  C:2378H         LINE#         326
  C:2378H         LINE#         327
  C:2378H         LINE#         328
  C:2378H         LINE#         329
  C:237BH         LINE#         330
  C:2380H         LINE#         331
  C:2385H         LINE#         332
  C:238AH         LINE#         333
  C:238FH         LINE#         334
  C:2394H         LINE#         335
  C:2399H         LINE#         336
  C:239EH         LINE#         337
  C:239EH         LINE#         339
  C:23C0H         LINE#         340
  C:23C0H         LINE#         341
  C:23CAH         LINE#         342
  C:23CAH         LINE#         343
  C:23CFH         LINE#         344
  C:23D8H         LINE#         345
  C:23EFH         LINE#         346
  C:23EFH         LINE#         347
  C:23FFH         LINE#         349
  C:23FFH         LINE#         353
  -------         ENDPROC       KEY_PROCESS
  -------         PROC          KEYPAD_IO_INIT
  C:3DB0H         LINE#         356
  C:3DB0H         LINE#         357
  C:3DB0H         LINE#         358
  C:3DB3H         LINE#         359
  C:3DB6H         LINE#         360
  C:3DB9H         LINE#         361
  C:3DBBH         LINE#         362
BL51 BANKED LINKER/LOCATER V6.22                                                      02/21/2019  14:00:31  PAGE 23


  -------         ENDPROC       KEYPAD_IO_INIT
  -------         ENDMOD        KEYPAD

  -------         MODULE        BIPOLARMOTOR
  C:0000H         SYMBOL        _ICE_DUMMY_
  D:0080H         PUBLIC        P0
  D:0090H         PUBLIC        P1
  D:00A0H         PUBLIC        P2
  D:00B0H         PUBLIC        P3
  D:00C0H         PUBLIC        P4
  D:00C8H         PUBLIC        P5
  D:00E8H         PUBLIC        P6
  D:00F8H         PUBLIC        P7
  X:00D4H         PUBLIC        low_date_azimuth_mapping
  D:00A8H         PUBLIC        IE
  C:3071H         PUBLIC        linear_interpolate
  C:3B84H         PUBLIC        _Move
  D:00B8H         PUBLIC        IP
  C:2433H         PUBLIC        _findDet3x3
  C:1BEFH         PUBLIC        _findDet4x4
  D:00D8H         PUBLIC        CCON
  X:00FCH         PUBLIC        previous_move_time
  D:0098H         PUBLIC        SCON
  D:0088H         PUBLIC        TCON
  C:3DECH         PUBLIC        wait
  C:3A54H         PUBLIC        _Step_move
  X:00FDH         PUBLIC        dat
  C:000EH         PUBLIC        _Update_position
  C:38F3H         PUBLIC        vOneStepMove
  X:0103H         PUBLIC        elevation_stamp
  X:013FH         PUBLIC        date_azimuth_mapping
  X:0167H         PUBLIC        RX_pos
  C:3C9BH         PUBLIC        _BCDtoDec1
  X:0177H         PUBLIC        degree
  D:00D0H         PUBLIC        PSW
  -------         PROC          L?0066
  -------         ENDPROC       L?0066
  -------         PROC          _BCDTODEC1
  D:0007H         SYMBOL        bcd
  -------         DO            
  D:0006H         SYMBOL        hi
  D:0007H         SYMBOL        lo
  -------         ENDDO         
  C:3C9BH         LINE#         28
  C:3C9BH         LINE#         29
  C:3C9BH         LINE#         31
  C:3CA0H         LINE#         32
  C:3CA4H         LINE#         33
  C:3CABH         LINE#         34
  -------         ENDPROC       _BCDTODEC1
  -------         PROC          WAIT
  C:3DECH         LINE#         36
  C:3DECH         LINE#         38
  -------         ENDPROC       WAIT
  -------         PROC          VONESTEPMOVE
  B:0021H.0       SYMBOL        bDir
  C:38F3H         LINE#         40
BL51 BANKED LINKER/LOCATER V6.22                                                      02/21/2019  14:00:31  PAGE 24


  C:38F3H         LINE#         41
  C:38F3H         LINE#         43
  C:38F9H         LINE#         44
  C:38F9H         LINE#         45
  C:38FCH         LINE#         46
  C:3905H         LINE#         47
  C:390CH         LINE#         48
  C:3911H         LINE#         49
  C:3911H         LINE#         50
  C:3911H         LINE#         52
  C:3913H         LINE#         55
  C:3913H         LINE#         56
  C:3916H         LINE#         57
  C:391FH         LINE#         58
  C:3926H         LINE#         59
  C:392CH         LINE#         60
  C:3935H         LINE#         61
  C:393CH         LINE#         62
  C:393CH         LINE#         66
  -------         ENDPROC       VONESTEPMOVE
  -------         PROC          _STEP_MOVE
  X:0407H         SYMBOL        step
  B:0021H.1       SYMBOL        dir
  -------         DO            
  X:0409H         SYMBOL        i
  -------         ENDDO         
  C:3A54H         LINE#         68
  C:3A5CH         LINE#         69
  C:3A5CH         LINE#         71
  C:3A61H         LINE#         74
  C:3A7CH         LINE#         75
  C:3A7CH         LINE#         76
  C:3A83H         LINE#         78
  C:3A93H         LINE#         80
  -------         ENDPROC       _STEP_MOVE
  -------         PROC          _MOVE
  X:040BH         SYMBOL        distance
  B:0021H.2       SYMBOL        direction
  -------         DO            
  D:0006H         SYMBOL        step
  -------         ENDDO         
  C:3B84H         LINE#         82
  C:3B8AH         LINE#         83
  C:3B8AH         LINE#         86
  C:3BA5H         LINE#         87
  -------         ENDPROC       _MOVE
  C:2414H         SYMBOL        L?0062
  C:2428H         SYMBOL        L?0063
  -------         PROC          L?0061
  -------         ENDPROC       L?0061
  C:2414H         SYMBOL        L?0062
  C:2428H         SYMBOL        L?0063
  -------         PROC          _FINDDET3X3
  X:0362H         SYMBOL        a11
  X:0366H         SYMBOL        a12
  X:036AH         SYMBOL        a13
  X:036EH         SYMBOL        a21
BL51 BANKED LINKER/LOCATER V6.22                                                      02/21/2019  14:00:31  PAGE 25


  X:0372H         SYMBOL        a22
  X:0376H         SYMBOL        a23
  X:037AH         SYMBOL        a31
  X:037EH         SYMBOL        a32
  X:0382H         SYMBOL        a33
  C:2433H         LINE#         91
  C:2439H         LINE#         95
  C:2439H         LINE#         96
  C:25D0H         LINE#         98
  -------         ENDPROC       _FINDDET3X3
  -------         PROC          _FINDDET4X4
  X:02FBH         SYMBOL        a11
  X:02FFH         SYMBOL        a12
  X:0303H         SYMBOL        a13
  X:0307H         SYMBOL        a14
  X:030BH         SYMBOL        a21
  X:030FH         SYMBOL        a22
  X:0313H         SYMBOL        a23
  X:0317H         SYMBOL        a24
  X:031BH         SYMBOL        a31
  X:031FH         SYMBOL        a32
  X:0323H         SYMBOL        a33
  X:0327H         SYMBOL        a34
  X:032BH         SYMBOL        a41
  X:032FH         SYMBOL        a42
  X:0333H         SYMBOL        a43
  X:0337H         SYMBOL        a44
  C:1BEFH         LINE#         99
  C:1BF5H         LINE#         103
  C:1BF5H         LINE#         110
  C:1EAEH         LINE#         114
  -------         ENDPROC       _FINDDET4X4
  C:3060H         SYMBOL        L?0065
  -------         PROC          L?0064
  -------         ENDPROC       L?0064
  C:3060H         SYMBOL        L?0065
  -------         PROC          LINEAR_INTERPOLATE
  X:039EH         SYMBOL        p1
  X:03A6H         SYMBOL        p2
  X:03AEH         SYMBOL        x
  -------         DO            
  D:0004H         SYMBOL        fx
  -------         ENDDO         
  C:3071H         LINE#         120
  C:3071H         LINE#         121
  C:3071H         LINE#         124
  C:3110H         LINE#         126
  C:3110H         LINE#         127
  -------         ENDPROC       LINEAR_INTERPOLATE
  -------         PROC          _UPDATE_POSITION
  D:0001H         SYMBOL        mnths
  D:0002H         SYMBOL        dys
  X:017DH         SYMBOL        hurs
  X:017EH         SYMBOL        mns
  X:017FH         SYMBOL        sconds
  X:0180H         SYMBOL        currnt_pos
  X:0183H         SYMBOL        offset_calib
BL51 BANKED LINKER/LOCATER V6.22                                                      02/21/2019  14:00:31  PAGE 26


  -------         DO            
  X:0187H         SYMBOL        date
  X:0189H         SYMBOL        i
  X:018BH         SYMBOL        yy
  X:018DH         SYMBOL        desired_distance
  X:0191H         SYMBOL        distance
  X:0195H         SYMBOL        JP_pos
  X:0199H         SYMBOL        pos_interpolate_azimuth
  X:01D5H         SYMBOL        current_local_sun_time
  X:01D9H         SYMBOL        azimuth
  X:01DDH         SYMBOL        elevation
  X:01E1H         SYMBOL        time_offset
  X:01E5H         SYMBOL        UTC_time
  X:01E9H         SYMBOL        declination
  X:01EDH         SYMBOL        p1
  X:01F5H         SYMBOL        p2
  X:01FDH         SYMBOL        time
  X:020FH         SYMBOL        location
  X:0217H         SYMBOL        sunCoord
  -------         ENDDO         
  C:000EH         LINE#         131
  C:0017H         LINE#         134
  C:0017H         LINE#         135
  C:0022H         LINE#         137
  C:003EH         LINE#         138
  C:0048H         LINE#         146
  C:0052H         LINE#         147
  C:005CH         LINE#         148
  C:0066H         LINE#         149
  C:0071H         LINE#         150
  C:007CH         LINE#         151
  C:0095H         LINE#         152
  C:00A6H         LINE#         153
  C:00B5H         LINE#         156
  C:00C9H         LINE#         160
  C:011BH         LINE#         161
  C:027FH         LINE#         162
  C:02CFH         LINE#         164
  C:03F7H         LINE#         166
  C:04C6H         LINE#         173
  C:050DH         LINE#         174
  C:050DH         LINE#         176
  C:0527H         LINE#         177
  C:0527H         LINE#         178
  C:0597H         LINE#         179
  C:0597H         LINE#         180
  C:059EH         LINE#         181
  C:059EH         LINE#         182
  C:05CBH         LINE#         183
  C:05E6H         LINE#         185
  C:062DH         LINE#         186
  C:0661H         LINE#         188
  C:06A7H         LINE#         189
  C:06CAH         LINE#         191
  C:06CAH         LINE#         193
  C:0740H         LINE#         194
  C:0740H         LINE#         195
BL51 BANKED LINKER/LOCATER V6.22                                                      02/21/2019  14:00:31  PAGE 27


  C:0747H         LINE#         196
  C:0747H         LINE#         197
  C:0774H         LINE#         198
  C:078FH         LINE#         200
  C:07D6H         LINE#         201
  C:080AH         LINE#         203
  C:0850H         LINE#         204
  C:0870H         LINE#         206
  C:0870H         LINE#         207
  C:0881H         LINE#         210
  C:089BH         LINE#         211
  C:089BH         LINE#         212
  C:090BH         LINE#         213
  C:090BH         LINE#         214
  C:0938H         LINE#         215
  C:0953H         LINE#         217
  C:0980H         LINE#         218
  C:099BH         LINE#         220
  C:09CDH         LINE#         223
  C:09CDH         LINE#         225
  C:09DEH         LINE#         227
  C:0A0DH         LINE#         229
  C:0A32H         LINE#         230
  C:0A97H         LINE#         231
  C:0A97H         LINE#         232
  C:0AB1H         LINE#         233
  C:0AC3H         LINE#         234
  C:0ADBH         LINE#         235
  C:0AF1H         LINE#         237
  C:0B0DH         LINE#         238
  C:0B0DH         LINE#         239
  C:0B0DH         LINE#         242
  -------         ENDPROC       _UPDATE_POSITION
  -------         ENDMOD        BIPOLARMOTOR

  -------         MODULE        SUNPOS
  C:0000H         SYMBOL        _ICE_DUMMY_
  C:144DH         PUBLIC        sunpos
  -------         PROC          SUNPOS
  X:029EH         SYMBOL        udtTime
  X:02B0H         SYMBOL        udtLocation
  X:02B8H         SYMBOL        udtSunCoordinates
  -------         DO            
  X:02BBH         SYMBOL        dElapsedJulianDays
  X:02BFH         SYMBOL        dDecimalHours
  X:02C3H         SYMBOL        dEclipticLongitude
  X:02C7H         SYMBOL        dEclipticObliquity
  X:02CBH         SYMBOL        dRightAscension
  X:02CFH         SYMBOL        dDeclination
  X:02D3H         SYMBOL        dY
  X:02D7H         SYMBOL        dX
  -------         DO            
  X:02DBH         SYMBOL        dJulianDate
  X:02DFH         SYMBOL        liAux1
  X:02E3H         SYMBOL        liAux2
  X:02DBH         SYMBOL        dMeanLongitude
  X:02DFH         SYMBOL        dMeanAnomaly
BL51 BANKED LINKER/LOCATER V6.22                                                      02/21/2019  14:00:31  PAGE 28


  X:02E3H         SYMBOL        dOmega
  X:02DBH         SYMBOL        dSin_EclipticLongitude
  X:02DBH         SYMBOL        dGreenwichMeanSiderealTime
  X:02DFH         SYMBOL        dLocalMeanSiderealTime
  X:02E3H         SYMBOL        dLatitudeInRadians
  X:02E7H         SYMBOL        dHourAngle
  X:02EBH         SYMBOL        dCos_Latitude
  X:02EFH         SYMBOL        dSin_Latitude
  X:02F3H         SYMBOL        dCos_HourAngle
  X:02F7H         SYMBOL        dParallax
  -------         ENDDO         
  -------         DO            
  X:02DBH         SYMBOL        dMeanLongitude
  X:02DFH         SYMBOL        dMeanAnomaly
  X:02E3H         SYMBOL        dOmega
  X:02DBH         SYMBOL        dSin_EclipticLongitude
  X:02DBH         SYMBOL        dGreenwichMeanSiderealTime
  X:02DFH         SYMBOL        dLocalMeanSiderealTime
  X:02E3H         SYMBOL        dLatitudeInRadians
  X:02E7H         SYMBOL        dHourAngle
  X:02EBH         SYMBOL        dCos_Latitude
  X:02EFH         SYMBOL        dSin_Latitude
  X:02F3H         SYMBOL        dCos_HourAngle
  X:02F7H         SYMBOL        dParallax
  -------         ENDDO         
  -------         DO            
  X:02DBH         SYMBOL        dSin_EclipticLongitude
  X:02DBH         SYMBOL        dGreenwichMeanSiderealTime
  X:02DFH         SYMBOL        dLocalMeanSiderealTime
  X:02E3H         SYMBOL        dLatitudeInRadians
  X:02E7H         SYMBOL        dHourAngle
  X:02EBH         SYMBOL        dCos_Latitude
  X:02EFH         SYMBOL        dSin_Latitude
  X:02F3H         SYMBOL        dCos_HourAngle
  X:02F7H         SYMBOL        dParallax
  -------         ENDDO         
  -------         DO            
  X:02DBH         SYMBOL        dGreenwichMeanSiderealTime
  X:02DFH         SYMBOL        dLocalMeanSiderealTime
  X:02E3H         SYMBOL        dLatitudeInRadians
  X:02E7H         SYMBOL        dHourAngle
  X:02EBH         SYMBOL        dCos_Latitude
  X:02EFH         SYMBOL        dSin_Latitude
  X:02F3H         SYMBOL        dCos_HourAngle
  X:02F7H         SYMBOL        dParallax
  -------         ENDDO         
  -------         ENDDO         
  C:144DH         LINE#         6
  C:144DH         LINE#         7
  C:144DH         LINE#         9
  C:144DH         LINE#         27
  C:1497H         LINE#         30
  C:14B8H         LINE#         31
  C:15FFH         LINE#         34
  C:164BH         LINE#         36
  C:166AH         LINE#         37
  C:166AH         LINE#         42
BL51 BANKED LINKER/LOCATER V6.22                                                      02/21/2019  14:00:31  PAGE 29


  C:166AH         LINE#         46
  C:169CH         LINE#         47
  C:16C6H         LINE#         48
  C:16F0H         LINE#         49
  C:179DH         LINE#         52
  C:17FEH         LINE#         54
  C:17FEH         LINE#         59
  C:17FEH         LINE#         61
  C:1815H         LINE#         62
  C:183DH         LINE#         63
  C:1854H         LINE#         64
  C:187FH         LINE#         65
  C:18B6H         LINE#         66
  C:18E1H         LINE#         67
  C:18E1H         LINE#         70
  C:18E1H         LINE#         79
  C:191CH         LINE#         82
  C:1956H         LINE#         84
  C:197BH         LINE#         85
  C:199AH         LINE#         86
  C:19B1H         LINE#         87
  C:19C8H         LINE#         88
  C:19DFH         LINE#         89
  C:1A68H         LINE#         91
  C:1A82H         LINE#         92
  C:1AE4H         LINE#         93
  C:1B1AH         LINE#         94
  C:1B2CH         LINE#         95
  C:1B59H         LINE#         96
  C:1B86H         LINE#         98
  C:1BA8H         LINE#         100
  C:1BE0H         LINE#         103
  C:1BE0H         LINE#         104
  C:1BEEH         LINE#         105
  -------         ENDPROC       SUNPOS
  -------         ENDMOD        SUNPOS

  -------         MODULE        ADC
  C:0000H         SYMBOL        _ICE_DUMMY_
  D:0092H         PUBLIC        P1M0
  D:0091H         PUBLIC        P1M1
  D:0080H         PUBLIC        P0
  D:0090H         PUBLIC        P1
  D:00A0H         PUBLIC        P2
  D:00B0H         PUBLIC        P3
  D:00C0H         PUBLIC        P4
  D:00C8H         PUBLIC        P5
  D:00E8H         PUBLIC        P6
  D:00F8H         PUBLIC        P7
  D:00A8H         PUBLIC        IE
  D:00BDH         PUBLIC        ADC_RES
  D:00B8H         PUBLIC        IP
  D:0097H         PUBLIC        CLK_DIV
  D:00D8H         PUBLIC        CCON
  D:00BCH         PUBLIC        ADC_CONTR
  D:0098H         PUBLIC        SCON
  D:0088H         PUBLIC        TCON
BL51 BANKED LINKER/LOCATER V6.22                                                      02/21/2019  14:00:31  PAGE 30


  B:00A0H.4       PUBLIC        P24
  B:00A0H.5       PUBLIC        P25
  B:00A0H.6       PUBLIC        P26
  C:3C37H         PUBLIC        ADC_Init
  C:3B02H         PUBLIC        _ADC_GetResult
  D:009DH         PUBLIC        P1ASF
  D:00BEH         PUBLIC        ADC_RESL
  D:00D0H         PUBLIC        PSW
  -------         PROC          ADC_INIT
  C:3C37H         LINE#         7
  C:3C37H         LINE#         8
  C:3C37H         LINE#         10
  C:3C39H         LINE#         11
  C:3C3BH         LINE#         12
  C:3C3DH         LINE#         13
  C:3C40H         LINE#         14
  C:3C43H         LINE#         15
  C:3C46H         LINE#         16
  C:3C49H         LINE#         18
  C:3C4BH         LINE#         19
  C:3C4DH         LINE#         20
  C:3C50H         LINE#         22
  -------         ENDPROC       ADC_INIT
  -------         PROC          _ADC_GETRESULT
  D:0007H         SYMBOL        ch
  -------         DO            
  D:0006H         SYMBOL        ADC_Value_H
  D:0004H         SYMBOL        ADC_Value_L
  D:0006H         SYMBOL        ADC_Value
  -------         ENDDO         
  C:3B02H         LINE#         27
  C:3B02H         LINE#         28
  C:3B02H         LINE#         30
  C:3B07H         LINE#         31
  C:3B08H         LINE#         32
  C:3B09H         LINE#         33
  C:3B0AH         LINE#         34
  C:3B0BH         LINE#         35
  C:3B10H         LINE#         36
  C:3B13H         LINE#         37
  C:3B17H         LINE#         38
  C:3B1BH         LINE#         40
  C:3B2DH         LINE#         41
  C:3B2DH         LINE#         42
  -------         ENDPROC       _ADC_GETRESULT
  -------         ENDMOD        ADC

  -------         MODULE        CALIBRATION
  C:0000H         SYMBOL        _ICE_DUMMY_
  D:0080H         PUBLIC        P0
  D:0090H         PUBLIC        P1
  D:00A0H         PUBLIC        P2
  D:00B0H         PUBLIC        P3
  D:00C0H         PUBLIC        P4
  D:00C8H         PUBLIC        P5
  D:00E8H         PUBLIC        P6
  D:00F8H         PUBLIC        P7
BL51 BANKED LINKER/LOCATER V6.22                                                      02/21/2019  14:00:31  PAGE 31


  C:3515H         PUBLIC        _Max_Value
  D:00A8H         PUBLIC        IE
  C:2E8FH         PUBLIC        _calibration
  C:3111H         PUBLIC        voltage_is_stable
  D:00B8H         PUBLIC        IP
  D:00D8H         PUBLIC        CCON
  D:0098H         PUBLIC        SCON
  D:0088H         PUBLIC        TCON
  C:1EAFH         PUBLIC        _Find_Real_Max
  D:00D0H         PUBLIC        PSW
  -------         PROC          VOLTAGE_IS_STABLE
  -------         DO            
  X:0386H         SYMBOL        sample_voltage
  X:039AH         SYMBOL        i
  X:039CH         SYMBOL        ch
  -------         ENDDO         
  C:3111H         LINE#         19
  C:3111H         LINE#         20
  C:3111H         LINE#         22
  C:3118H         LINE#         23
  C:311EH         LINE#         24
  C:311EH         LINE#         25
  C:3147H         LINE#         26
  C:3166H         LINE#         28
  C:3180H         LINE#         29
  C:3180H         LINE#         30
  C:31B3H         LINE#         31
  C:31B7H         LINE#         32
  C:31C7H         LINE#         33
  C:31CBH         LINE#         34
  -------         ENDPROC       VOLTAGE_IS_STABLE
  -------         PROC          _FIND_REAL_MAX
  X:021AH         SYMBOL        current_position
  -------         DO            
  X:021DH         SYMBOL        ch
  X:021EH         SYMBOL        calib_step_move
  X:0222H         SYMBOL        voltage_at_scanned_pos
  X:029AH         SYMBOL        max_location
  X:029CH         SYMBOL        i
  -------         ENDDO         
  C:1EAFH         LINE#         35
  C:1EBAH         LINE#         36
  C:1EBAH         LINE#         37
  C:1EBDH         LINE#         38
  C:1EC5H         LINE#         42
  C:1EDEH         LINE#         43
  C:1EDEH         LINE#         44
  C:1EF3H         LINE#         45
  C:1F03H         LINE#         46
  C:1F0AH         LINE#         47
  C:1F0AH         LINE#         48
  C:1F15H         LINE#         49
  C:1F15H         LINE#         50
  C:1F28H         LINE#         51
  C:1F4EH         LINE#         52
  C:1F76H         LINE#         53
  C:1F79H         LINE#         55
BL51 BANKED LINKER/LOCATER V6.22                                                      02/21/2019  14:00:31  PAGE 32


  C:1F79H         LINE#         57
  C:1F8BH         LINE#         58
  C:1FABH         LINE#         61
  C:1FD2H         LINE#         63
  C:202EH         LINE#         64
  C:2031H         LINE#         65
  C:2031H         LINE#         69
  C:2036H         LINE#         70
  C:203BH         LINE#         72
  C:2040H         LINE#         73
  C:2045H         LINE#         74
  C:204AH         LINE#         75
  C:204FH         LINE#         78
  C:2086H         LINE#         79
  C:208BH         LINE#         80
  C:2090H         LINE#         81
  C:2097H         LINE#         82
  C:20B9H         LINE#         96
  C:20C8H         LINE#         97
  C:20C8H         LINE#         98
  C:20D9H         LINE#         100
  C:20FBH         LINE#         101
  C:2158H         LINE#         102
  C:215FH         LINE#         103
  C:215FH         LINE#         105
  -------         ENDPROC       _FIND_REAL_MAX
  -------         PROC          _MAX_VALUE
  D:0001H         SYMBOL        input
  -------         DO            
  D:0004H         SYMBOL        max
  X:040FH         SYMBOL        max_location
  X:0411H         SYMBOL        i
  -------         ENDDO         
  C:3515H         LINE#         108
  C:3515H         LINE#         109
  C:3515H         LINE#         110
  C:3520H         LINE#         112
  C:3535H         LINE#         113
  C:3535H         LINE#         114
  C:356BH         LINE#         115
  C:3588H         LINE#         116
  C:3597H         LINE#         117
  C:35A8H         LINE#         118
  C:35B0H         LINE#         120
  -------         ENDPROC       _MAX_VALUE
  -------         PROC          _CALIBRATION
  X:03B2H         SYMBOL        mnths
  X:03B3H         SYMBOL        dys
  X:03B4H         SYMBOL        hurs
  X:03B5H         SYMBOL        mns
  X:03B6H         SYMBOL        sconds
  X:03B7H         SYMBOL        currnt_pos
  -------         DO            
  X:03BAH         SYMBOL        calib_value
  X:03BEH         SYMBOL        theorical_max_pos
  X:03C2H         SYMBOL        JP_max_pos
  -------         ENDDO         
BL51 BANKED LINKER/LOCATER V6.22                                                      02/21/2019  14:00:31  PAGE 33


  C:2E8FH         LINE#         122
  C:2E9AH         LINE#         125
  C:2E9AH         LINE#         126
  C:2EA4H         LINE#         127
  C:2EB8H         LINE#         129
  C:2EC2H         LINE#         130
  C:2EC2H         LINE#         132
  C:2EF8H         LINE#         133
  C:2F16H         LINE#         135
  C:2F1FH         LINE#         136
  C:2F42H         LINE#         137
  C:2F5EH         LINE#         138
  C:2F6DH         LINE#         139
  C:2F6DH         LINE#         141
  C:2F72H         LINE#         142
  -------         ENDPROC       _CALIBRATION
  -------         ENDMOD        CALIBRATION

  -------         MODULE        IOEXPANDER_PI4IOE5V96248
  C:0000H         SYMBOL        _ICE_DUMMY_
  D:0080H         PUBLIC        P0
  B:00C8H.4       PUBLIC        I2C_SCK
  D:0090H         PUBLIC        P1
  D:00A0H         PUBLIC        P2
  D:00B0H         PUBLIC        P3
  D:00C0H         PUBLIC        P4
  D:00C8H         PUBLIC        P5
  D:00E8H         PUBLIC        P6
  D:00F8H         PUBLIC        P7
  D:00A8H         PUBLIC        IE
  D:00B8H         PUBLIC        IP
  D:00D8H         PUBLIC        CCON
  C:3D76H         PUBLIC        I2C_Start
  D:0098H         PUBLIC        SCON
  D:0088H         PUBLIC        TCON
  C:327EH         PUBLIC        _Write_PI4IOE5V96248
  C:3D85H         PUBLIC        uC_NACK
  C:3B3BH         PUBLIC        _Wait_ms_i2c
  C:3BB1H         PUBLIC        _I2C_SendByte
  C:3D06H         PUBLIC        I2C_Stop
  C:3DEDH         PUBLIC        nop
  C:3DDCH         PUBLIC        uC_ACK
  C:3CDBH         PUBLIC        I2C_ACK
  B:00C0H.7       PUBLIC        I2C_SDA
  D:00D0H         PUBLIC        PSW
  C:3B35H         SYMBOL        L?0031
  C:3B37H         SYMBOL        L?0032
  -------         PROC          L?0030
  -------         ENDPROC       L?0030
  C:3B35H         SYMBOL        L?0031
  C:3B37H         SYMBOL        L?0032
  -------         PROC          _WAIT_MS_I2C
  D:0006H         SYMBOL        ms
  -------         DO            
  D:0004H         SYMBOL        De_Cnt
  -------         ENDDO         
  C:3B3BH         LINE#         7
BL51 BANKED LINKER/LOCATER V6.22                                                      02/21/2019  14:00:31  PAGE 34


  C:3B3BH         LINE#         8
  C:3B3BH         LINE#         10
  C:3B45H         LINE#         11
  C:3B45H         LINE#         12
  C:3B58H         LINE#         13
  C:3B58H         LINE#         14
  -------         ENDPROC       _WAIT_MS_I2C
  -------         PROC          NOP
  C:3DEDH         LINE#         16
  C:3DEDH         LINE#         17
  C:3DEDH         LINE#         19
  -------         ENDPROC       NOP
  -------         PROC          I2C_START
  C:3D76H         LINE#         20
  C:3D76H         LINE#         21
  C:3D76H         LINE#         23
  C:3D78H         LINE#         24
  C:3D7AH         LINE#         25
  C:3D7DH         LINE#         26
  C:3D7FH         LINE#         27
  C:3D82H         LINE#         28
  C:3D84H         LINE#         31
  -------         ENDPROC       I2C_START
  -------         PROC          I2C_STOP
  C:3D06H         LINE#         33
  C:3D06H         LINE#         34
  C:3D06H         LINE#         35
  C:3D08H         LINE#         36
  C:3D0AH         LINE#         37
  C:3D0DH         LINE#         38
[...]
  C:388BH         LINE#         45
  C:3892H         LINE#         46
  C:3899H         LINE#         48
  -------         ENDPROC       AT25SF041_CHIPERASE
  -------         PROC          AT25SF041_WRITEENABLE
  -------         DO            
  X:042DH         SYMBOL        i
  D:0003H         SYMBOL        write_en
  -------         ENDDO         
  C:3987H         LINE#         49
  C:3987H         LINE#         50
  C:3987H         LINE#         53
  C:3989H         LINE#         54
  C:398BH         LINE#         57
  C:3992H         LINE#         58
  C:3992H         LINE#         59
  C:3994H         LINE#         60
  C:3997H         LINE#         61
  C:399BH         LINE#         62
  C:399BH         LINE#         63
  C:399DH         LINE#         64
  C:399FH         LINE#         66
  C:399FH         LINE#         67
  C:39A1H         LINE#         69
  C:39A1H         LINE#         70
  C:39A1H         LINE#         71
  C:39A1H         LINE#         72
  C:39A4H         LINE#         73
  C:39A8H         LINE#         76
  C:39C7H         LINE#         77
  C:39C9H         LINE#         78
  -------         ENDPROC       AT25SF041_WRITEENABLE
  -------         PROC          _AT25SF041_WRITE
  D:0003H         SYMBOL        opcode
  X:03E9H         SYMBOL        addr
  X:03EDH         SYMBOL        dat
  -------         DO            
  X:03EEH         SYMBOL        i
  -------         ENDDO         
  C:2D9BH         LINE#         83
  C:2D9DH         LINE#         84
  C:2D9DH         LINE#         85
  C:2D9DH         LINE#         86
  C:2D9FH         LINE#         87
  C:2DA2H         LINE#         90
  C:2DA9H         LINE#         91
  C:2DA9H         LINE#         92
  C:2DABH         LINE#         93
BL51 BANKED LINKER/LOCATER V6.22                                                      02/21/2019  14:00:31  PAGE 39


  C:2DAEH         LINE#         94
  C:2DB2H         LINE#         95
  C:2DB2H         LINE#         96
  C:2DB4H         LINE#         97
  C:2DB6H         LINE#         99
  C:2DB6H         LINE#         100
  C:2DB8H         LINE#         102
  C:2DB8H         LINE#         103
  C:2DB8H         LINE#         104
  C:2DB8H         LINE#         105
  C:2DBBH         LINE#         106
  C:2DBFH         LINE#         109
  C:2DDEH         LINE#         111
  C:2DE5H         LINE#         112
  C:2DE5H         LINE#         113
  C:2DE7H         LINE#         114
  C:2DEAH         LINE#         115
  C:2E03H         LINE#         116
  C:2E03H         LINE#         117
  C:2E05H         LINE#         118
  C:2E07H         LINE#         120
  C:2E07H         LINE#         121
  C:2E09H         LINE#         123
  C:2E09H         LINE#         124
  C:2E09H         LINE#         125
  C:2E09H         LINE#         126
  C:2E0CH         LINE#         127
  C:2E25H         LINE#         129
  C:2E44H         LINE#         131
  C:2E4BH         LINE#         132
  C:2E4BH         LINE#         133
  C:2E4DH         LINE#         134
  C:2E50H         LINE#         135
  C:2E57H         LINE#         136
  C:2E57H         LINE#         137
  C:2E59H         LINE#         138
  C:2E5BH         LINE#         140
  C:2E5BH         LINE#         141
  C:2E5DH         LINE#         143
  C:2E5DH         LINE#         144
  C:2E5DH         LINE#         145
  C:2E5DH         LINE#         146
  C:2E60H         LINE#         147
  C:2E67H         LINE#         149
  C:2E86H         LINE#         151
  C:2E88H         LINE#         152
  -------         ENDPROC       _AT25SF041_WRITE
  -------         PROC          _AT25SF041_READ
  D:0003H         SYMBOL        opcode
  X:035BH         SYMBOL        addr
  -------         DO            
  X:035FH         SYMBOL        dat
  X:0360H         SYMBOL        i
  -------         ENDDO         
  C:2C95H         LINE#         156
  C:2C97H         LINE#         157
  C:2C97H         LINE#         158
BL51 BANKED LINKER/LOCATER V6.22                                                      02/21/2019  14:00:31  PAGE 40


  C:2C9CH         LINE#         160
  C:2C9EH         LINE#         161
  C:2CA4H         LINE#         165
  C:2CA9H         LINE#         166
  C:2CA9H         LINE#         167
  C:2CABH         LINE#         168
  C:2CAEH         LINE#         169
  C:2CB2H         LINE#         170
  C:2CB2H         LINE#         171
  C:2CB4H         LINE#         172
  C:2CB6H         LINE#         174
  C:2CB6H         LINE#         175
  C:2CB8H         LINE#         177
  C:2CB8H         LINE#         178
  C:2CB8H         LINE#         179
  C:2CB8H         LINE#         180
  C:2CBBH         LINE#         181
  C:2CBFH         LINE#         184
  C:2CDEH         LINE#         186
  C:2CE5H         LINE#         187
  C:2CE5H         LINE#         188
  C:2CE7H         LINE#         189
  C:2CEAH         LINE#         190
  C:2D03H         LINE#         191
  C:2D03H         LINE#         192
  C:2D05H         LINE#         193
  C:2D07H         LINE#         195
  C:2D07H         LINE#         196
  C:2D09H         LINE#         198
  C:2D09H         LINE#         199
  C:2D09H         LINE#         200
  C:2D09H         LINE#         201
  C:2D0CH         LINE#         202
  C:2D25H         LINE#         204
  C:2D44H         LINE#         207
  C:2D4BH         LINE#         209
  C:2D4DH         LINE#         210
  C:2D54H         LINE#         212
  C:2D5BH         LINE#         213
  C:2D5BH         LINE#         214
  C:2D62H         LINE#         215
  C:2D62H         LINE#         216
  C:2D65H         LINE#         217
  C:2D67H         LINE#         218
  C:2D6AH         LINE#         220
  C:2D6DH         LINE#         221
  C:2D6DH         LINE#         223
  C:2D71H         LINE#         224
  C:2D71H         LINE#         230
  C:2D90H         LINE#         233
  C:2D92H         LINE#         234
  C:2D95H         LINE#         235
  C:2D9AH         LINE#         237
  -------         ENDPROC       _AT25SF041_READ
  -------         PROC          READ_STATUS_REGISTER_BYTE1
  -------         DO            
  D:0003H         SYMBOL        dat
BL51 BANKED LINKER/LOCATER V6.22                                                      02/21/2019  14:00:31  PAGE 41


  D:0001H         SYMBOL        opcode
  X:0428H         SYMBOL        count
  X:0429H         SYMBOL        i
  -------         ENDDO         
  C:33D7H         LINE#         241
  C:33D7H         LINE#         242
  C:33D7H         LINE#         243
  C:33DDH         LINE#         244
  C:33E1H         LINE#         245
  C:33E3H         LINE#         246
  C:33E5H         LINE#         247
  C:33EBH         LINE#         251
  C:33F2H         LINE#         252
  C:33F2H         LINE#         253
  C:33F4H         LINE#         254
  C:33F7H         LINE#         255
  C:33FBH         LINE#         256
  C:33FBH         LINE#         257
  C:33FDH         LINE#         258
  C:33FFH         LINE#         260
  C:33FFH         LINE#         261
  C:3401H         LINE#         263
  C:3401H         LINE#         264
  C:3401H         LINE#         265
  C:3401H         LINE#         266
  C:3404H         LINE#         267
  C:3408H         LINE#         270
  C:3427H         LINE#         274
  C:342EH         LINE#         276
  C:3430H         LINE#         277
  C:3437H         LINE#         278
  C:343EH         LINE#         279
  C:343EH         LINE#         280
  C:3442H         LINE#         281
  C:3442H         LINE#         282
  C:3445H         LINE#         283
  C:3447H         LINE#         284
  C:344AH         LINE#         286
  C:344DH         LINE#         287
  C:344DH         LINE#         289
  C:3451H         LINE#         290
  C:3451H         LINE#         292
  C:3470H         LINE#         296
  C:3472H         LINE#         297
  C:3475H         LINE#         298
  C:3477H         LINE#         299
  -------         ENDPROC       READ_STATUS_REGISTER_BYTE1
  -------         ENDMOD        AT25SF041

  -------         MODULE        ?C_STARTUP
  C:3646H         SEGMENT       ?C_C51STARTUP
  I:0022H         SEGMENT       ?STACK
  C:0000H         PUBLIC        ?C_STARTUP
  D:00E0H         SYMBOL        ACC
  D:00F0H         SYMBOL        B
  D:0083H         SYMBOL        DPH
  D:0082H         SYMBOL        DPL
BL51 BANKED LINKER/LOCATER V6.22                                                      02/21/2019  14:00:31  PAGE 42


  N:0000H         SYMBOL        IBPSTACK
  N:0100H         SYMBOL        IBPSTACKTOP
  N:0080H         SYMBOL        IDATALEN
  C:3649H         SYMBOL        IDATALOOP
  N:0000H         SYMBOL        PBPSTACK
  N:0100H         SYMBOL        PBPSTACKTOP
  N:0000H         SYMBOL        PDATALEN
  N:0000H         SYMBOL        PDATASTART
  N:0000H         SYMBOL        PPAGE
  N:0000H         SYMBOL        PPAGEENABLE
  D:00A0H         SYMBOL        PPAGE_SFR
  D:0081H         SYMBOL        SP
  C:3646H         SYMBOL        STARTUP1
  N:0000H         SYMBOL        XBPSTACK
  N:0000H         SYMBOL        XBPSTACKTOP
  N:0000H         SYMBOL        XDATALEN
  N:0000H         SYMBOL        XDATASTART
  C:0000H         LINE#         126
  C:3646H         LINE#         133
  C:3648H         LINE#         134
  C:3649H         LINE#         135
  C:364AH         LINE#         136
  C:364CH         LINE#         185
  C:364FH         LINE#         196
  -------         ENDMOD        ?C_STARTUP

  -------         MODULE        ?C?FPADD
  C:0B15H         PUBLIC        ?C?FPADD
  C:0B11H         PUBLIC        ?C?FPSUB
  -------         ENDMOD        ?C?FPADD

  -------         MODULE        ?C?FPMUL
  C:0C06H         PUBLIC        ?C?FPMUL
  -------         ENDMOD        ?C?FPMUL

  -------         MODULE        ?C?FPDIV
  C:0D0FH         PUBLIC        ?C?FPDIV
  -------         ENDMOD        ?C?FPDIV

  -------         MODULE        ?C?FPCMP
  C:0DAEH         PUBLIC        ?C?FPCMP
  C:0DACH         PUBLIC        ?C?FPCMP3
  -------         ENDMOD        ?C?FPCMP

  -------         MODULE        ?C?FPNEG
  C:0E25H         PUBLIC        ?C?FPNEG
  -------         ENDMOD        ?C?FPNEG

  -------         MODULE        ?C?FCAST
  C:0E40H         PUBLIC        ?C?FCASTC
  C:0E3BH         PUBLIC        ?C?FCASTI
  C:0E36H         PUBLIC        ?C?FCASTL
  -------         ENDMOD        ?C?FCAST

  -------         MODULE        ?C?CASTF
  C:0E74H         PUBLIC        ?C?CASTF
  -------         ENDMOD        ?C?CASTF
BL51 BANKED LINKER/LOCATER V6.22                                                      02/21/2019  14:00:31  PAGE 43



  -------         MODULE        ATAN2
  X:03F0H         PUBLIC        ?_atan2?BYTE
  C:3478H         PUBLIC        _atan2
  -------         ENDMOD        ATAN2

  -------         MODULE        SIN
  C:27A6H         PUBLIC        _COS
  C:27BCH         PUBLIC        _SIN
  C:27F8H         PUBLIC        _TAN
  -------         ENDMOD        SIN

  -------         MODULE        ACOS
  C:393DH         PUBLIC        _ACOS
  -------         ENDMOD        ACOS

  -------         MODULE        ASIN
  C:3A94H         PUBLIC        _ASIN
  -------         ENDMOD        ASIN

  -------         MODULE        SQRT
  C:332FH         PUBLIC        _SQRT
  -------         ENDMOD        SQRT

  -------         MODULE        ATAN
  C:2A78H         PUBLIC        _ATAN
  -------         ENDMOD        ATAN

  -------         MODULE        ?C?COPY
  C:1012H         PUBLIC        ?C?COPY
  -------         ENDMOD        ?C?COPY

  -------         MODULE        ?C?CLDPTR
  C:1038H         PUBLIC        ?C?CLDPTR
  -------         ENDMOD        ?C?CLDPTR

  -------         MODULE        ?C?CLDOPTR
  C:1051H         PUBLIC        ?C?CLDOPTR
  -------         ENDMOD        ?C?CLDOPTR

  -------         MODULE        ?C?CSTPTR
  C:107EH         PUBLIC        ?C?CSTPTR
  -------         ENDMOD        ?C?CSTPTR

  -------         MODULE        ?C?IMUL
  C:1090H         PUBLIC        ?C?IMUL
  -------         ENDMOD        ?C?IMUL

  -------         MODULE        ?C?UIDIV
  C:10A2H         PUBLIC        ?C?UIDIV
  -------         ENDMOD        ?C?UIDIV

  -------         MODULE        ?C?SIDIV
  C:10F7H         PUBLIC        ?C?SIDIV
  -------         ENDMOD        ?C?SIDIV

  -------         MODULE        ?C?ILDIX
BL51 BANKED LINKER/LOCATER V6.22                                                      02/21/2019  14:00:31  PAGE 44


  C:112DH         PUBLIC        ?C?ILDIX
  -------         ENDMOD        ?C?ILDIX

  -------         MODULE        ?C?ILDOPTR
  C:1143H         PUBLIC        ?C?ILDOPTR
  -------         ENDMOD        ?C?ILDOPTR

  -------         MODULE        ?C?LMUL
  C:117BH         PUBLIC        ?C?LMUL
  -------         ENDMOD        ?C?LMUL

  -------         MODULE        ?C?SLDIV
  C:39D0H         PUBLIC        ?C?SLDIV
  -------         ENDMOD        ?C?SLDIV

  -------         MODULE        ?C?LNEG
  C:11CAH         PUBLIC        ?C?LNEG
  -------         ENDMOD        ?C?LNEG

  -------         MODULE        ?C?ULCMP
  C:11D8H         PUBLIC        ?C?ULCMP
  -------         ENDMOD        ?C?ULCMP

  -------         MODULE        ?C?LSHL
  C:11E9H         PUBLIC        ?C?LSHL
  -------         ENDMOD        ?C?LSHL

  -------         MODULE        ?C?LLDPTR
  C:11FCH         PUBLIC        ?C?LLDPTR
  -------         ENDMOD        ?C?LLDPTR

  -------         MODULE        ?C?LLDOPTR
  C:121CH         PUBLIC        ?C?LLDOPTR
  -------         ENDMOD        ?C?LLDOPTR

  -------         MODULE        ?C?LSTPTR
  C:124CH         PUBLIC        ?C?LSTPTR
  -------         ENDMOD        ?C?LSTPTR

  -------         MODULE        ?C?LSTOPTR
  C:1266H         PUBLIC        ?C?LSTOPTR
  -------         ENDMOD        ?C?LSTOPTR

  -------         MODULE        ?C?LLDXDATA
  C:128AH         PUBLIC        ?C?LLDXDATA
  -------         ENDMOD        ?C?LLDXDATA

  -------         MODULE        ?C?LLDCODE
  C:1296H         PUBLIC        ?C?LLDCODE
  -------         ENDMOD        ?C?LLDCODE

  -------         MODULE        ?C?LLDXDATA0
  C:12A6H         PUBLIC        ?C?LLDXDATA0
  -------         ENDMOD        ?C?LLDXDATA0

  -------         MODULE        ?C?LLDCODE0
  C:12B2H         PUBLIC        ?C?LLDCODE0
BL51 BANKED LINKER/LOCATER V6.22                                                      02/21/2019  14:00:31  PAGE 45


  -------         ENDMOD        ?C?LLDCODE0

  -------         MODULE        ?C?LLDPTR0
  C:12C2H         PUBLIC        ?C?LLDPTR0
  -------         ENDMOD        ?C?LLDPTR0

  -------         MODULE        ?C?LSTXDATA
  C:12E2H         PUBLIC        ?C?LSTXDATA
  -------         ENDMOD        ?C?LSTXDATA

  -------         MODULE        ?C?LSTKXDATA
  C:12EEH         PUBLIC        ?C?LSTKXDATA
  -------         ENDMOD        ?C?LSTKXDATA

  -------         MODULE        ABS
  C:3DBCH         PUBLIC        _ABS
  -------         ENDMOD        ABS

  -------         MODULE        ATOI
  C:2F73H         PUBLIC        _atoi
  -------         ENDMOD        ATOI

  -------         MODULE        ?C?IILDX
  C:131FH         PUBLIC        ?C?IILDX
  -------         ENDMOD        ?C?IILDX

  -------         MODULE        ?C?ULDIV
  C:1371H         PUBLIC        ?C?ULDIV
  -------         ENDMOD        ?C?ULDIV

  -------         MODULE        ?C?LLDIDATA
  C:1403H         PUBLIC        ?C?LLDIDATA
  -------         ENDMOD        ?C?LLDIDATA

  -------         MODULE        ?C?LLDPDATA
  C:140FH         PUBLIC        ?C?LLDPDATA
  -------         ENDMOD        ?C?LLDPDATA

  -------         MODULE        ?C?LLDIDATA0
  C:141BH         PUBLIC        ?C?LLDIDATA0
  -------         ENDMOD        ?C?LLDIDATA0

  -------         MODULE        ?C?LLDPDATA0
  C:1428H         PUBLIC        ?C?LLDPDATA0
  -------         ENDMOD        ?C?LLDPDATA0

  -------         MODULE        ?C?LSTIDATA
  C:1435H         PUBLIC        ?C?LSTIDATA
  -------         ENDMOD        ?C?LSTIDATA

  -------         MODULE        ?C?LSTPDATA
  C:1441H         PUBLIC        ?C?LSTPDATA
  -------         ENDMOD        ?C?LSTPDATA

  -------         MODULE        ISDIGIT
  C:3D94H         PUBLIC        _isdigit
  -------         ENDMOD        ISDIGIT
BL51 BANKED LINKER/LOCATER V6.22                                                      02/21/2019  14:00:31  PAGE 46



  -------         MODULE        ISSPACE
  C:3D2FH         PUBLIC        _isspace
  -------         ENDMOD        ISSPACE

*** WARNING L16: UNCALLED SEGMENT, IGNORED FOR OVERLAY PROCESS
    SEGMENT: ?PR?_DISPLAY_PROX?MAIN

*** WARNING L16: UNCALLED SEGMENT, IGNORED FOR OVERLAY PROCESS
    SEGMENT: ?PR?_READ_TIME?PCF85063BTL

*** WARNING L16: UNCALLED SEGMENT, IGNORED FOR OVERLAY PROCESS
    SEGMENT: ?PR?_DAY_OF_YEAR?PCF85063BTL

*** WARNING L16: UNCALLED SEGMENT, IGNORED FOR OVERLAY PROCESS
    SEGMENT: ?PR?INITUART1?UART1

*** WARNING L16: UNCALLED SEGMENT, IGNORED FOR OVERLAY PROCESS
    SEGMENT: ?PR?_SENDSTRING?UART1

*** WARNING L16: UNCALLED SEGMENT, IGNORED FOR OVERLAY PROCESS
    SEGMENT: ?PR?_TEN?UART1

*** WARNING L16: UNCALLED SEGMENT, IGNORED FOR OVERLAY PROCESS
    SEGMENT: ?PR?_UNIT?UART1

*** WARNING L16: UNCALLED SEGMENT, IGNORED FOR OVERLAY PROCESS
    SEGMENT: ?PR?_DECTOBCD?UART1

*** WARNING L16: UNCALLED SEGMENT, IGNORED FOR OVERLAY PROCESS
    SEGMENT: ?PR?_ASCII_LETTER?UART1

*** WARNING L16: UNCALLED SEGMENT, IGNORED FOR OVERLAY PROCESS
    SEGMENT: ?PR?_ASCIITOBCD?UART1

*** WARNING L16: UNCALLED SEGMENT, IGNORED FOR OVERLAY PROCESS
    SEGMENT: ?PR?_DISPLAYLCD?LCD_DRIVER_SPLC780D

*** WARNING L16: UNCALLED SEGMENT, IGNORED FOR OVERLAY PROCESS
    SEGMENT: ?PR?LCD_RETURN_HOME?LCD_DRIVER_SPLC780D

*** WARNING L16: UNCALLED SEGMENT, IGNORED FOR OVERLAY PROCESS
    SEGMENT: ?PR?KEY_PROCESS?KEYPAD

*** WARNING L16: UNCALLED SEGMENT, IGNORED FOR OVERLAY PROCESS
    SEGMENT: ?PR?WAIT?BIPOLARMOTOR

*** WARNING L16: UNCALLED SEGMENT, IGNORED FOR OVERLAY PROCESS
    SEGMENT: ?PR?_FINDDET4X4?BIPOLARMOTOR

*** WARNING L16: UNCALLED SEGMENT, IGNORED FOR OVERLAY PROCESS
    SEGMENT: ?PR?_CALIBRATION?CALIBRATION

*** WARNING L16: UNCALLED SEGMENT, IGNORED FOR OVERLAY PROCESS
    SEGMENT: ?PR?NOP?IOEXPANDER_PI4IOE5V96248

*** WARNING L16: UNCALLED SEGMENT, IGNORED FOR OVERLAY PROCESS
BL51 BANKED LINKER/LOCATER V6.22                                                      02/21/2019  14:00:31  PAGE 47


    SEGMENT: ?PR?UC_ACK?IOEXPANDER_PI4IOE5V96248

*** WARNING L16: UNCALLED SEGMENT, IGNORED FOR OVERLAY PROCESS
    SEGMENT: ?PR?UC_NACK?IOEXPANDER_PI4IOE5V96248

*** WARNING L16: UNCALLED SEGMENT, IGNORED FOR OVERLAY PROCESS
    SEGMENT: ?PR?AT25SF041_CHIPERASE?AT25SF041

*** WARNING L16: UNCALLED SEGMENT, IGNORED FOR OVERLAY PROCESS
    SEGMENT: ?PR?AT25SF041_WRITEENABLE?AT25SF041

*** WARNING L16: UNCALLED SEGMENT, IGNORED FOR OVERLAY PROCESS
    SEGMENT: ?PR?_AT25SF041_WRITE?AT25SF041

*** WARNING L1: UNRESOLVED EXTERNAL SYMBOL
    SYMBOL:  AUTO_MODE
    MODULE:  .\Obj\main.obj (MAIN)

*** WARNING L2: REFERENCE MADE TO UNRESOLVED EXTERNAL
    SYMBOL:  AUTO_MODE
    MODULE:  .\Obj\main.obj (MAIN)
    ADDRESS: 2BA2H

*** WARNING L1: UNRESOLVED EXTERNAL SYMBOL
    SYMBOL:  _SENDUART1
    MODULE:  .\Obj\UART1.obj (UART1)

*** WARNING L2: REFERENCE MADE TO UNRESOLVED EXTERNAL
    SYMBOL:  _SENDUART1
    MODULE:  .\Obj\UART1.obj (UART1)
    ADDRESS: 3AFDH

*** WARNING L1: UNRESOLVED EXTERNAL SYMBOL
    SYMBOL:  AUTO_MODE
    MODULE:  .\Obj\KeyPad.obj (KEYPAD)

*** WARNING L2: REFERENCE MADE TO UNRESOLVED EXTERNAL
    SYMBOL:  AUTO_MODE
    MODULE:  .\Obj\KeyPad.obj (KEYPAD)
    ADDRESS: 21ADH

*** WARNING L2: REFERENCE MADE TO UNRESOLVED EXTERNAL
    SYMBOL:  AUTO_MODE
    MODULE:  .\Obj\KeyPad.obj (KEYPAD)
    ADDRESS: 21B8H

*** WARNING L2: REFERENCE MADE TO UNRESOLVED EXTERNAL
    SYMBOL:  AUTO_MODE
    MODULE:  .\Obj\KeyPad.obj (KEYPAD)
    ADDRESS: 21BFH

Program Size: data=10.5 xdata=1075 code=15854
LINK/LOCATE RUN COMPLETE.  30 WARNING(S),  0 ERROR(S)
