BL51 BANKED LINKER/LOCATER V6.22                                                        02/22/2019  11:09:53  PAGE 1


BL51 BANKED LINKER/LOCATER V6.22, INVOKED BY:
C:\KEIL_V5\C51\BIN\BL51.EXE .\Obj\main.obj, .\Obj\PCF85063BTL.obj, .\Obj\UART1.obj, .\Obj\LCd_Driver_SPLC780D.obj, .\Obj
>> \KeyPad.obj, .\Obj\BipolarMotor.obj, .\Obj\SunPos.obj, .\Obj\ADC.obj, .\Obj\Calibration.obj, .\Obj\IOExpander_PI4IOE5
>> V96248.obj, .\Obj\AT25SF041.obj, .\Obj\STARTUP.obj TO .\Obj\GPIO_RTC_Test PRINT (.\Lis\GPIO_RTC_Test.m51) RAMSIZE (25
>> 6)


MEMORY MODEL: LARGE WITH FLOATING POINT ARITHMETIC


INPUT MODULES INCLUDED:
  .\Obj\main.obj (MAIN)
  .\Obj\PCF85063BTL.obj (PCF85063BTL)
  .\Obj\UART1.obj (UART1)
  .\Obj\LCd_Driver_SPLC780D.obj (LCD_DRIVER_SPLC780D)
  .\Obj\KeyPad.obj (KEYPAD)
  .\Obj\BipolarMotor.obj (BIPOLARMOTOR)
  .\Obj\SunPos.obj (SUNPOS)
  .\Obj\ADC.obj (ADC)
  .\Obj\Calibration.obj (CALIBRATION)
  .\Obj\IOExpander_PI4IOE5V96248.obj (IOEXPANDER_PI4IOE5V96248)
  .\Obj\AT25SF041.obj (AT25SF041)
  .\Obj\STARTUP.obj (?C_STARTUP)
  C:\KEIL_V5\C51\LIB\C51FPL.LIB (?C?FPADD)
  C:\KEIL_V5\C51\LIB\C51FPL.LIB (?C?FPMUL)
  C:\KEIL_V5\C51\LIB\C51FPL.LIB (?C?FPDIV)
  C:\KEIL_V5\C51\LIB\C51FPL.LIB (?C?FPCMP)
  C:\KEIL_V5\C51\LIB\C51FPL.LIB (?C?FPNEG)
  C:\KEIL_V5\C51\LIB\C51FPL.LIB (?C?FCAST)
  C:\KEIL_V5\C51\LIB\C51FPL.LIB (?C?CASTF)
  C:\KEIL_V5\C51\LIB\C51FPL.LIB (ATAN2)
  C:\KEIL_V5\C51\LIB\C51FPL.LIB (SIN)
  C:\KEIL_V5\C51\LIB\C51FPL.LIB (ACOS)
  C:\KEIL_V5\C51\LIB\C51FPL.LIB (ASIN)
  C:\KEIL_V5\C51\LIB\C51FPL.LIB (?C?FPGETOPN)
  C:\KEIL_V5\C51\LIB\C51FPL.LIB (?C?FPSERIES)
  C:\KEIL_V5\C51\LIB\C51FPL.LIB (SQRT)
  C:\KEIL_V5\C51\LIB\C51FPL.LIB (ATAN)
  C:\KEIL_V5\C51\LIB\C51L.LIB (?C_INIT)
  C:\KEIL_V5\C51\LIB\C51L.LIB (?C?COPY)
  C:\KEIL_V5\C51\LIB\C51L.LIB (?C?CLDPTR)
  C:\KEIL_V5\C51\LIB\C51L.LIB (?C?CLDOPTR)
  C:\KEIL_V5\C51\LIB\C51L.LIB (?C?CSTPTR)
  C:\KEIL_V5\C51\LIB\C51L.LIB (?C?IMUL)
  C:\KEIL_V5\C51\LIB\C51L.LIB (?C?UIDIV)
  C:\KEIL_V5\C51\LIB\C51L.LIB (?C?SIDIV)
  C:\KEIL_V5\C51\LIB\C51L.LIB (?C?ILDIX)
  C:\KEIL_V5\C51\LIB\C51L.LIB (?C?ILDOPTR)
  C:\KEIL_V5\C51\LIB\C51L.LIB (?C?ISTPTR)
  C:\KEIL_V5\C51\LIB\C51L.LIB (?C?LMUL)
  C:\KEIL_V5\C51\LIB\C51L.LIB (?C?SLDIV)
  C:\KEIL_V5\C51\LIB\C51L.LIB (?C?LNEG)
  C:\KEIL_V5\C51\LIB\C51L.LIB (?C?ULCMP)
  C:\KEIL_V5\C51\LIB\C51L.LIB (?C?LSHL)
  C:\KEIL_V5\C51\LIB\C51L.LIB (?C?LLDPTR)
  C:\KEIL_V5\C51\LIB\C51L.LIB (?C?LLDOPTR)
  C:\KEIL_V5\C51\LIB\C51L.LIB (?C?LSTPTR)
  C:\KEIL_V5\C51\LIB\C51L.LIB (?C?LSTOPTR)
BL51 BANKED LINKER/LOCATER V6.22                                                      02/22/2019  11:09:53  PAGE 2


  C:\KEIL_V5\C51\LIB\C51L.LIB (?C?LLDXDATA)
  C:\KEIL_V5\C51\LIB\C51L.LIB (?C?LLDCODE)
  C:\KEIL_V5\C51\LIB\C51L.LIB (?C?LLDXDATA0)
  C:\KEIL_V5\C51\LIB\C51L.LIB (?C?LLDCODE0)
  C:\KEIL_V5\C51\LIB\C51L.LIB (?C?LLDPTR0)
  C:\KEIL_V5\C51\LIB\C51L.LIB (?C?LSTXDATA)
  C:\KEIL_V5\C51\LIB\C51L.LIB (?C?LSTKXDATA)
  C:\KEIL_V5\C51\LIB\C51L.LIB (?C?LSTKPTR)
  C:\KEIL_V5\C51\LIB\C51L.LIB (?C?OFFXADD)
  C:\KEIL_V5\C51\LIB\C51L.LIB (ABS)
  C:\KEIL_V5\C51\LIB\C51L.LIB (ATOI)
  C:\KEIL_V5\C51\LIB\C51L.LIB (?C?IILDX)
  C:\KEIL_V5\C51\LIB\C51L.LIB (?C?ULDIV)
  C:\KEIL_V5\C51\LIB\C51L.LIB (?C?LLDIDATA)
  C:\KEIL_V5\C51\LIB\C51L.LIB (?C?LLDPDATA)
  C:\KEIL_V5\C51\LIB\C51L.LIB (?C?LLDIDATA0)
  C:\KEIL_V5\C51\LIB\C51L.LIB (?C?LLDPDATA0)
  C:\KEIL_V5\C51\LIB\C51L.LIB (?C?LSTIDATA)
  C:\KEIL_V5\C51\LIB\C51L.LIB (?C?LSTPDATA)
  C:\KEIL_V5\C51\LIB\C51L.LIB (?C?LSTKIDATA)
  C:\KEIL_V5\C51\LIB\C51L.LIB (?C?LSTKPDATA)
  C:\KEIL_V5\C51\LIB\C51L.LIB (ISDIGIT)
  C:\KEIL_V5\C51\LIB\C51L.LIB (ISSPACE)


LINK MAP OF MODULE:  .\Obj\GPIO_RTC_Test (MAIN)


            TYPE    BASE      LENGTH    RELOCATION   SEGMENT NAME
            -----------------------------------------------------

            * * * * * * *   D A T A   M E M O R Y   * * * * * * *
            REG     0000H     0008H     ABSOLUTE     "REG BANK 0"
                    0008H     0018H                  *** GAP ***
            BIT     0020H.0   0000H.5   UNIT         ?BI?KEYPAD
            BIT     0020H.5   0000H.3   UNIT         _BIT_GROUP_
            BIT     0021H.0   0000H.1   UNIT         ?BI?MAIN
            BIT     0021H.1   0000H.1   UNIT         ?BI?_ATOI?ATOI
                    0021H.2   0000H.6                *** GAP ***
            IDATA   0022H     0001H     UNIT         ?STACK

            * * * * * * *  X D A T A   M E M O R Y  * * * * * * *
            XDATA   0000H     038FH     UNIT         ?XD?BIPOLARMOTOR
            XDATA   038FH     0151H     UNIT         _XDATA_GROUP_
            XDATA   04E0H     00D4H     UNIT         ?XD?MAIN
            XDATA   05B4H     0040H     UNIT         ?XD?_FINDDET4X4?BIPOLARMOTOR
            XDATA   05F4H     0024H     UNIT         ?XD?_FINDDET3X3?BIPOLARMOTOR
            XDATA   0618H     0009H     UNIT         ?XD?KEYPAD
            XDATA   0621H     0008H     UNIT         ?XD?_AT25SF041_READ?AT25SF041
            XDATA   0629H     0005H     UNIT         ?XD?_ATOI?ATOI
            XDATA   062EH     0004H     UNIT         ?XD?_DISPLAY_PROX?MAIN
            XDATA   0632H     0003H     UNIT         ?XD?_SENDSTRING?UART1
            XDATA   0635H     0001H     UNIT         ?XD?UC_ACK?IOEXPANDER_PI4IOE5V96248
            XDATA   0636H     0001H     UNIT         ?XD?UC_NACK?IOEXPANDER_PI4IOE5V96248

            * * * * * * *   C O D E   M E M O R Y   * * * * * * *
            CODE    0000H     0003H     ABSOLUTE     
BL51 BANKED LINKER/LOCATER V6.22                                                      02/22/2019  11:09:53  PAGE 3


            CODE    0003H     0006H     UNIT         ?PR?_TEN?UART1
            CODE    0009H     0001H     UNIT         ?PR?TM0_ISR?MAIN
            CODE    000AH     0001H     UNIT         ?PR?_DECTOBCD?UART1
            CODE    000BH     0003H     ABSOLUTE     
            CODE    000EH     0B00H     UNIT         ?PR?_UPDATE_POSITION?BIPOLARMOTOR
            CODE    0B0EH     0A64H     UNIT         ?PR?MAIN?MAIN
            CODE    1572H     09B6H     UNIT         ?C?LIB_CODE
            CODE    1F28H     07A2H     UNIT         ?PR?SUNPOS?SUNPOS
            CODE    26CAH     03F2H     UNIT         ?C_INITSEG
            CODE    2ABCH     0309H     UNIT         ?PR?_FIND_REAL_MAX?CALIBRATION
            CODE    2DC5H     02C0H     UNIT         ?PR?_FINDDET4X4?BIPOLARMOTOR
            CODE    3085H     02A0H     UNIT         ?PR?KEY_PROCESS?KEYPAD
            CODE    3325H     01D1H     UNIT         ?PR?_FINDDET3X3?BIPOLARMOTOR
            CODE    34F6H     018DH     UNIT         ?PR?KEY_SCAN?KEYPAD
            CODE    3683H     0188H     UNIT         ?PR?SIN?SIN
            CODE    380BH     0172H     UNIT         ?PR?_DISPLAY_POS?MAIN
            CODE    397DH     013CH     UNIT         ?PR?_CALIBRATION?CALIBRATION
            CODE    3AB9H     0122H     UNIT         ?PR?ATAN?ATAN
            CODE    3BDBH     0106H     UNIT         ?PR?_AT25SF041_READ?AT25SF041
            CODE    3CE1H     00FBH     UNIT         ?PR?_AT25SF041_WRITE?AT25SF041
            CODE    3DDCH     00DBH     UNIT         ?PR?_ATOI?ATOI
            CODE    3EB7H     00C5H     UNIT         ?PR?SPI_NOR_WRITE_DATA?AT25SF041
            CODE    3F7CH     00C3H     UNIT         ?PR?LINEAR_INTERPOLATE?BIPOLARMOTOR
            CODE    403FH     00BBH     UNIT         ?PR?VOLTAGE_IS_STABLE?CALIBRATION
            CODE    40FAH     00ADH     UNIT         ?PR?_WRITE_PI4IOE5V96248?IOEXPANDER_PI4IOE5V96248
            CODE    41A7H     00ACH     UNIT         ?PR?SQRT?SQRT
            CODE    4253H     00A1H     UNIT         ?PR?READ_STATUS_REGISTER_BYTE1?AT25SF041
            CODE    42F4H     009DH     UNIT         ?PR?_ATAN2?ATAN2
            CODE    4391H     009CH     UNIT         ?PR?_MAX_VALUE?CALIBRATION
            CODE    442DH     0095H     UNIT         ?PR?_DISPLAY_PROX?MAIN
            CODE    44C2H     008CH     UNIT         ?C_C51STARTUP
            CODE    454EH     0084H     UNIT         ?PR?_DAY_OF_YEAR?PCF85063BTL
            CODE    45D2H     0075H     UNIT         ?PR?_WRITEDATA?LCD_DRIVER_SPLC780D
            CODE    4647H     006FH     UNIT         ?PR?_READ_TIME?PCF85063BTL
            CODE    46B6H     005AH     UNIT         ?PR?AT25SF041_CHIPERASE?AT25SF041
            CODE    4710H     0059H     UNIT         ?PR?LCD_INIT?LCD_DRIVER_SPLC780D
            CODE    4769H     0050H     UNIT         ?PR?AT25SF041_WRITEENABLE?AT25SF041
            CODE    47B9H     004AH     UNIT         ?PR?VONESTEPMOVE?BIPOLARMOTOR
            CODE    4803H     004AH     UNIT         ?PR?ACOS?ACOS
            CODE    484DH     0044H     UNIT         ?C?LDIV
            CODE    4891H     0040H     UNIT         ?PR?_COMMAND?LCD_DRIVER_SPLC780D
            CODE    48D1H     0040H     UNIT         ?PR?_STEP_MOVE?BIPOLARMOTOR
            CODE    4911H     003BH     UNIT         ?PR?ASIN?ASIN
            CODE    494CH     0033H     UNIT         ?PR?_SENDSTRING?UART1
            CODE    497FH     002CH     UNIT         ?PR?_ADC_GETRESULT?ADC
            CODE    49ABH     002BH     UNIT         ?PR?_WAIT_MS_I2C?IOEXPANDER_PI4IOE5V96248
            CODE    49D6H     002BH     UNIT         ?PR?_WAIT_MS_SPINOR?AT25SF041
            CODE    4A01H     0028H     UNIT         ?PR?_MOVE?BIPOLARMOTOR
            CODE    4A29H     0027H     UNIT         ?PR?_I2C_SENDBYTE?IOEXPANDER_PI4IOE5V96248
            CODE    4A50H     0024H     UNIT         ?PR?_WAIT_MS?LCD_DRIVER_SPLC780D
            CODE    4A74H     0020H     UNIT         ?PR?_SPI_SENDBYTE?PCF85063BTL
            CODE    4A94H     0020H     UNIT         ?PR?SPI_RECEIVEBYTE?PCF85063BTL
            CODE    4AB4H     001FH     UNIT         ?PR?ADC_INIT?ADC
            CODE    4AD3H     001EH     UNIT         ?PR?_DELAY_MS?KEYPAD
            CODE    4AF1H     001DH     UNIT         ?PR?_DISPLAYLCD?LCD_DRIVER_SPLC780D
            CODE    4B0EH     001BH     UNIT         ?PR?_BCDTODEC1?BIPOLARMOTOR
            CODE    4B29H     0018H     UNIT         ?PR?_SPI_WRITETIME?PCF85063BTL
BL51 BANKED LINKER/LOCATER V6.22                                                      02/22/2019  11:09:53  PAGE 4


            CODE    4B41H     0017H     UNIT         ?PR?_ASCIITOBCD?UART1
            CODE    4B58H     0016H     UNIT         ?PR?I2C_ACK?IOEXPANDER_PI4IOE5V96248
            CODE    4B6EH     0015H     UNIT         ?PR?_DISPLAY_LINE?LCD_DRIVER_SPLC780D
            CODE    4B83H     0015H     UNIT         ?PR?I2C_STOP?IOEXPANDER_PI4IOE5V96248
            CODE    4B98H     0014H     UNIT         ?PR?_PCF85063BTL_DELAY?PCF85063BTL
            CODE    4BACH     0014H     UNIT         ?PR?_ISSPACE?ISSPACE
            CODE    4BC0H     0011H     UNIT         ?PR?_SPI_READTIME?PCF85063BTL
            CODE    4BD1H     0011H     UNIT         ?PR?_BCDTODEC?PCF85063BTL
            CODE    4BE2H     0011H     UNIT         ?PR?INITUART1?UART1
            CODE    4BF3H     000FH     UNIT         ?PR?I2C_START?IOEXPANDER_PI4IOE5V96248
            CODE    4C02H     000FH     UNIT         ?PR?UC_NACK?IOEXPANDER_PI4IOE5V96248
            CODE    4C11H     000FH     UNIT         ?PR?_ISDIGIT?ISDIGIT
            CODE    4C20H     000DH     UNIT         ?PR?SPI_INIT?PCF85063BTL
            CODE    4C2DH     000CH     UNIT         ?PR?KEYPAD_IO_INIT?KEYPAD
            CODE    4C39H     000CH     UNIT         ?PR?_ABS?ABS
            CODE    4C45H     000AH     UNIT         ?PR?LCD_RETURN_HOME?LCD_DRIVER_SPLC780D
            CODE    4C4FH     000AH     UNIT         ?PR?LCD_CLEAR?LCD_DRIVER_SPLC780D
            CODE    4C59H     0006H     UNIT         ?PR?UC_ACK?IOEXPANDER_PI4IOE5V96248
            CODE    4C5FH     0005H     UNIT         ?PR?_UNIT?UART1
            CODE    4C64H     0005H     UNIT         ?PR?_ASCII_LETTER?UART1
            CODE    4C69H     0001H     UNIT         ?PR?WAIT?BIPOLARMOTOR
            CODE    4C6AH     0001H     UNIT         ?PR?NOP?IOEXPANDER_PI4IOE5V96248



OVERLAY MAP OF MODULE:   .\Obj\GPIO_RTC_Test (MAIN)


SEGMENT                                             BIT_GROUP          XDATA_GROUP
  +--> CALLED SEGMENT                            START    LENGTH     START    LENGTH
------------------------------------------------------------------------------------
?C_C51STARTUP                                    -----    -----      -----    -----
  +--> ?PR?MAIN?MAIN
  +--> ?C_INITSEG

?PR?MAIN?MAIN                                    -----    -----      038FH    0030H
  +--> ?PR?LCD_INIT?LCD_DRIVER_SPLC780D
  +--> ?PR?SPI_INIT?PCF85063BTL
  +--> ?PR?KEYPAD_IO_INIT?KEYPAD
  +--> ?PR?ADC_INIT?ADC
  +--> ?PR?_SPI_WRITETIME?PCF85063BTL
  +--> ?PR?_DELAY_MS?KEYPAD
  +--> ?PR?_DISPLAY_LINE?LCD_DRIVER_SPLC780D
  +--> ?PR?_WRITEDATA?LCD_DRIVER_SPLC780D
  +--> ?PR?KEY_PROCESS?KEYPAD
  +--> ?PR?_COMMAND?LCD_DRIVER_SPLC780D
  +--> ?PR?_DISPLAY_POS?MAIN
  +--> ?PR?_DISPLAYLCD?LCD_DRIVER_SPLC780D
  +--> ?PR?_STEP_MOVE?BIPOLARMOTOR
  +--> ?PR?LCD_RETURN_HOME?LCD_DRIVER_SPLC780D
  +--> ?PR?_READ_TIME?PCF85063BTL
  +--> ?PR?_ADC_GETRESULT?ADC
  +--> ?PR?_BCDTODEC1?BIPOLARMOTOR
  +--> ?PR?_CALIBRATION?CALIBRATION
  +--> ?PR?_WAIT_MS_SPINOR?AT25SF041
  +--> ?PR?SPI_NOR_WRITE_DATA?AT25SF041
  +--> ?PR?LINEAR_INTERPOLATE?BIPOLARMOTOR
BL51 BANKED LINKER/LOCATER V6.22                                                      02/22/2019  11:09:53  PAGE 5


  +--> ?PR?_UPDATE_POSITION?BIPOLARMOTOR

?PR?LCD_INIT?LCD_DRIVER_SPLC780D                 -----    -----      -----    -----
  +--> ?PR?_WAIT_MS?LCD_DRIVER_SPLC780D
  +--> ?PR?_COMMAND?LCD_DRIVER_SPLC780D

?PR?_COMMAND?LCD_DRIVER_SPLC780D                 -----    -----      -----    -----
  +--> ?PR?_WAIT_MS?LCD_DRIVER_SPLC780D

?PR?ADC_INIT?ADC                                 -----    -----      -----    -----
  +--> ?PR?_WAIT_MS?LCD_DRIVER_SPLC780D

?PR?_SPI_WRITETIME?PCF85063BTL                   -----    -----      -----    -----
  +--> ?PR?_SPI_SENDBYTE?PCF85063BTL

?PR?_SPI_SENDBYTE?PCF85063BTL                    -----    -----      -----    -----
  +--> ?PR?_PCF85063BTL_DELAY?PCF85063BTL

?PR?_DISPLAY_LINE?LCD_DRIVER_SPLC780D            -----    -----      -----    -----
  +--> ?PR?_COMMAND?LCD_DRIVER_SPLC780D

?PR?_WRITEDATA?LCD_DRIVER_SPLC780D               -----    -----      046CH    0001H
  +--> ?PR?_WAIT_MS?LCD_DRIVER_SPLC780D

?PR?KEY_PROCESS?KEYPAD                           -----    -----      03BFH    0006H
  +--> ?PR?KEY_SCAN?KEYPAD
  +--> ?PR?_SPI_WRITETIME?PCF85063BTL
  +--> ?PR?LCD_CLEAR?LCD_DRIVER_SPLC780D
  +--> ?PR?_COMMAND?LCD_DRIVER_SPLC780D
  +--> ?PR?_WRITEDATA?LCD_DRIVER_SPLC780D

?PR?KEY_SCAN?KEYPAD                              -----    -----      03C5H    0003H

?PR?LCD_CLEAR?LCD_DRIVER_SPLC780D                -----    -----      -----    -----
  +--> ?PR?_COMMAND?LCD_DRIVER_SPLC780D

?PR?_DISPLAY_POS?MAIN                            -----    -----      0462H    000AH
  +--> ?PR?_ABS?ABS
  +--> ?PR?_WRITEDATA?LCD_DRIVER_SPLC780D

?PR?_DISPLAYLCD?LCD_DRIVER_SPLC780D              -----    -----      03BFH    0001H
  +--> ?PR?_WRITEDATA?LCD_DRIVER_SPLC780D

?PR?_STEP_MOVE?BIPOLARMOTOR                      0020H.6  0000H.1    047BH    0004H
  +--> ?PR?VONESTEPMOVE?BIPOLARMOTOR

?PR?VONESTEPMOVE?BIPOLARMOTOR                    0020H.7  0000H.1    -----    -----
  +--> ?PR?_WRITE_PI4IOE5V96248?IOEXPANDER_P...
  +--> ?PR?_DELAY_MS?KEYPAD

?PR?_WRITE_PI4IOE5V96248?IOEXPANDER_P...         -----    -----      047FH    0003H
  +--> ?PR?I2C_START?IOEXPANDER_PI4IOE5V96248
  +--> ?PR?_WAIT_MS_I2C?IOEXPANDER_PI4IOE5V9...
  +--> ?PR?_I2C_SENDBYTE?IOEXPANDER_PI4IOE5V...
  +--> ?PR?I2C_ACK?IOEXPANDER_PI4IOE5V96248
  +--> ?PR?I2C_STOP?IOEXPANDER_PI4IOE5V96248

BL51 BANKED LINKER/LOCATER V6.22                                                      02/22/2019  11:09:53  PAGE 6


?PR?I2C_START?IOEXPANDER_PI4IOE5V96248           -----    -----      -----    -----
  +--> ?PR?_WAIT_MS_I2C?IOEXPANDER_PI4IOE5V9...

?PR?_I2C_SENDBYTE?IOEXPANDER_PI4IOE5V...         -----    -----      -----    -----
  +--> ?PR?_WAIT_MS_I2C?IOEXPANDER_PI4IOE5V9...

?PR?I2C_ACK?IOEXPANDER_PI4IOE5V96248             -----    -----      0482H    0001H
  +--> ?PR?_WAIT_MS_I2C?IOEXPANDER_PI4IOE5V9...

?PR?I2C_STOP?IOEXPANDER_PI4IOE5V96248            -----    -----      -----    -----
  +--> ?PR?_WAIT_MS_I2C?IOEXPANDER_PI4IOE5V9...

?PR?LCD_RETURN_HOME?LCD_DRIVER_SPLC780D          -----    -----      -----    -----
  +--> ?PR?_COMMAND?LCD_DRIVER_SPLC780D

?PR?_READ_TIME?PCF85063BTL                       -----    -----      03BFH    000FH
  +--> ?PR?_SPI_READTIME?PCF85063BTL

?PR?_SPI_READTIME?PCF85063BTL                    -----    -----      -----    -----
  +--> ?PR?_SPI_SENDBYTE?PCF85063BTL
  +--> ?PR?SPI_RECEIVEBYTE?PCF85063BTL

?PR?SPI_RECEIVEBYTE?PCF85063BTL                  -----    -----      -----    -----
  +--> ?PR?_PCF85063BTL_DELAY?PCF85063BTL

?PR?_CALIBRATION?CALIBRATION                     -----    -----      03BFH    0019H
  +--> ?PR?VOLTAGE_IS_STABLE?CALIBRATION
  +--> ?PR?_UPDATE_POSITION?BIPOLARMOTOR
  +--> ?PR?_FIND_REAL_MAX?CALIBRATION

?PR?VOLTAGE_IS_STABLE?CALIBRATION                -----    -----      03D8H    0018H
  +--> ?PR?_ADC_GETRESULT?ADC
  +--> ?PR?_ABS?ABS

?PR?_UPDATE_POSITION?BIPOLARMOTOR                -----    -----      03D8H    009FH
  +--> ?PR?_BCDTODEC1?BIPOLARMOTOR
  +--> ?PR?SUNPOS?SUNPOS
  +--> ?PR?SIN?SIN
  +--> ?PR?ASIN?ASIN
  +--> ?PR?LINEAR_INTERPOLATE?BIPOLARMOTOR
  +--> ?PR?_ABS?ABS
  +--> ?PR?_MOVE?BIPOLARMOTOR

?PR?SUNPOS?SUNPOS                                -----    -----      0477H    005DH
  +--> ?PR?SIN?SIN
  +--> ?PR?_ATAN2?ATAN2
  +--> ?PR?ASIN?ASIN
  +--> ?PR?ACOS?ACOS

?PR?SIN?SIN                                      0020H.5  0000H.1    04D4H    0004H

?PR?_ATAN2?ATAN2                                 -----    -----      04D4H    0008H
  +--> ?PR?ATAN?ATAN

?PR?ATAN?ATAN                                    0020H.5  0000H.2    04DCH    0004H

?PR?ASIN?ASIN                                    -----    -----      -----    -----
BL51 BANKED LINKER/LOCATER V6.22                                                      02/22/2019  11:09:53  PAGE 7


  +--> ?PR?SQRT?SQRT
  +--> ?PR?ATAN?ATAN

?PR?SQRT?SQRT                                    -----    -----      04D4H    0004H

?PR?ACOS?ACOS                                    -----    -----      -----    -----
  +--> ?PR?SQRT?SQRT
  +--> ?PR?ATAN?ATAN

?PR?LINEAR_INTERPOLATE?BIPOLARMOTOR              -----    -----      0477H    0014H

?PR?_MOVE?BIPOLARMOTOR                           0020H.5  0000H.1    0477H    0004H
  +--> ?PR?_STEP_MOVE?BIPOLARMOTOR

?PR?_FIND_REAL_MAX?CALIBRATION                   -----    -----      03D8H    008AH
  +--> ?PR?_ADC_GETRESULT?ADC
  +--> ?PR?_MOVE?BIPOLARMOTOR
  +--> ?PR?_COMMAND?LCD_DRIVER_SPLC780D
  +--> ?PR?_WRITEDATA?LCD_DRIVER_SPLC780D
  +--> ?PR?_DISPLAY_POS?MAIN
  +--> ?PR?_WAIT_MS?LCD_DRIVER_SPLC780D
  +--> ?PR?_MAX_VALUE?CALIBRATION

?PR?_MAX_VALUE?CALIBRATION                       -----    -----      0462H    0004H

?PR?SPI_NOR_WRITE_DATA?AT25SF041                 -----    -----      03BFH    000EH
  +--> ?PR?AT25SF041_WRITEENABLE?AT25SF041
  +--> ?PR?AT25SF041_CHIPERASE?AT25SF041
  +--> ?PR?_WAIT_MS_SPINOR?AT25SF041
  +--> ?PR?_AT25SF041_WRITE?AT25SF041

?PR?AT25SF041_WRITEENABLE?AT25SF041              -----    -----      03CDH    0002H
  +--> ?PR?_WAIT_MS_SPINOR?AT25SF041

?PR?AT25SF041_CHIPERASE?AT25SF041                -----    -----      03CDH    0002H
  +--> ?PR?_WAIT_MS_SPINOR?AT25SF041
  +--> ?PR?READ_STATUS_REGISTER_BYTE1?AT25SF041

?PR?READ_STATUS_REGISTER_BYTE1?AT25SF041         -----    -----      03CFH    0003H
  +--> ?PR?_WAIT_MS_SPINOR?AT25SF041

?PR?_AT25SF041_WRITE?AT25SF041                   -----    -----      03CDH    0008H
  +--> ?PR?_WAIT_MS_SPINOR?AT25SF041



UNRESOLVED EXTERNAL SYMBOLS:
   AUTO_MODE
   _SENDUART1



SYMBOL TABLE OF MODULE:  .\Obj\GPIO_RTC_Test (MAIN)

  VALUE           TYPE          NAME
  ----------------------------------

BL51 BANKED LINKER/LOCATER V6.22                                                      02/22/2019  11:09:53  PAGE 8


  -------         MODULE        MAIN
  C:0000H         SYMBOL        _ICE_DUMMY_
  X:04E8H         PUBLIC        calib_value
  D:0080H         PUBLIC        P0
  D:00B2H         PUBLIC        P3M0
  D:0090H         PUBLIC        P1
  D:00B1H         PUBLIC        P3M1
  D:00A0H         PUBLIC        P2
  D:00B0H         PUBLIC        P3
  D:00C0H         PUBLIC        P4
  D:00C8H         PUBLIC        P5
  X:053CH         SYMBOL        PressedKey
  B:00A8H.7       PUBLIC        EA
  D:00E8H         PUBLIC        P6
  X:0540H         PUBLIC        calib_stamp
  D:00F8H         PUBLIC        P7
  X:0541H         PUBLIC        RX_Data_Uart_Cnt
  D:00A8H         PUBLIC        IE
  X:0543H         PUBLIC        calib_time
  D:00B8H         PUBLIC        IP
  X:0597H         PUBLIC        months
  D:00D8H         PUBLIC        CCON
  C:0B0EH         PUBLIC        main
  X:0598H         PUBLIC        count
  X:059AH         PUBLIC        days
  X:059BH         PUBLIC        hours
  D:0098H         PUBLIC        SCON
  D:0089H         PUBLIC        TMOD
  D:0088H         PUBLIC        TCON
  B:00A0H.3       PUBLIC        P23
  X:059CH         SYMBOL        KeyCount
  X:059EH         PUBLIC        mins
  X:059FH         PUBLIC        Rec_data_hour
  B:00C8H.5       PUBLIC        P55
  X:05A2H         PUBLIC        Rec_data_min
  D:008EH         PUBLIC        AUXR
  C:0009H         PUBLIC        tm0_isr
  B:0021H.0       PUBLIC        busy
  B:00A8H.1       PUBLIC        ET0
  D:008CH         PUBLIC        TH0
  X:05A5H         PUBLIC        hour_count
  D:008AH         PUBLIC        TL0
  X:05A6H         PUBLIC        min_count
  B:0088H.4       PUBLIC        TR0
  X:05A7H         SYMBOL        KeyNum
  X:05A8H         SYMBOL        KeyNum_Old
  X:05A9H         PUBLIC        current_position
  X:05ADH         PUBLIC        hours1
  X:05AEH         PUBLIC        hours2
  C:442DH         PUBLIC        _Display_Prox
  X:05AFH         PUBLIC        mins1
  X:05B0H         PUBLIC        mins2
  C:380BH         PUBLIC        _Display_Pos
  X:05B1H         PUBLIC        seconds
  X:05B2H         PUBLIC        st_time
  D:00D0H         PUBLIC        PSW
  -------         PROC          TM0_ISR
BL51 BANKED LINKER/LOCATER V6.22                                                      02/22/2019  11:09:53  PAGE 9


  C:0009H         LINE#         85
  C:0009H         LINE#         87
  -------         ENDPROC       TM0_ISR
  -------         PROC          MAIN
  -------         DO            
  X:038FH         SYMBOL        sunlight_ADC
  X:04E0H         SYMBOL        KeyCount
  X:04E2H         SYMBOL        KeyNum_Old
  X:04E3H         SYMBOL        KeyNum
  X:04E4H         SYMBOL        PressedKey
  X:0391H         SYMBOL        prox_flag
  X:0392H         SYMBOL        iUse_prevday_calib_value
  X:0394H         SYMBOL        max_ADC_Val
  X:0396H         SYMBOL        max_ADC_Val_JP
  X:0398H         SYMBOL        calib_point1
  X:03A0H         SYMBOL        calib_point2
  X:03A8H         SYMBOL        dat_to_store
  X:03B3H         SYMBOL        calib_day
  X:03B5H         SYMBOL        calib_count
  X:03B7H         SYMBOL        theorical_JP_max_pos
  X:03BBH         SYMBOL        SPI_NOR_INTERNAL_FLASH_ADDR
  -------         ENDDO         
  C:0B0EH         LINE#         89
  C:0B0EH         LINE#         90
  C:0B0EH         LINE#         95
  C:0B14H         LINE#         96
  C:0B1DH         LINE#         100
  C:0B23H         LINE#         101
  C:0B2DH         LINE#         102
  C:0B37H         LINE#         106
  C:0B39H         LINE#         107
  C:0B3BH         LINE#         108
  C:0B3DH         LINE#         109
  C:0B3FH         LINE#         111
  C:0B46H         LINE#         120
  C:0B48H         LINE#         121
  C:0B4BH         LINE#         122
  C:0B4EH         LINE#         123
  C:0B51H         LINE#         124
  C:0B54H         LINE#         125
  C:0B57H         LINE#         128
  C:0B5AH         LINE#         130
  C:0B5DH         LINE#         131
  C:0B60H         LINE#         132
  C:0B63H         LINE#         133
  C:0B65H         LINE#         134
  C:0B67H         LINE#         135
  C:0B69H         LINE#         137
  C:0B6BH         LINE#         138
  C:0B72H         LINE#         139
  C:0B79H         LINE#         140
  C:0B80H         LINE#         141
  C:0B87H         LINE#         145
  C:0B8EH         LINE#         146
  C:0B93H         LINE#         147
  C:0B98H         LINE#         148
  C:0B9DH         LINE#         149
BL51 BANKED LINKER/LOCATER V6.22                                                      02/22/2019  11:09:53  PAGE 10


  C:0BA2H         LINE#         150
  C:0BA7H         LINE#         153
  C:0BC0H         LINE#         154
  C:0BC0H         LINE#         155
  C:0BDCH         LINE#         156
  C:0C23H         LINE#         157
  C:0C34H         LINE#         158
  C:0C34H         LINE#         159
  C:0C34H         LINE#         160
  C:0C37H         LINE#         163
  C:0C37H         LINE#         166
  C:0C3CH         LINE#         167
  C:0C41H         LINE#         169
  C:0C46H         LINE#         170
  C:0C4BH         LINE#         171
  C:0C50H         LINE#         172
  C:0C55H         LINE#         174
  C:0C66H         LINE#         175
  C:0C6BH         LINE#         176
  C:0C70H         LINE#         178
  C:0C77H         LINE#         179
  C:0C7FH         LINE#         180
  C:0C84H         LINE#         181
  C:0C8CH         LINE#         182
  C:0C91H         LINE#         183
  C:0C9BH         LINE#         184
  C:0CA0H         LINE#         185
  C:0CA8H         LINE#         187
  C:0CB0H         LINE#         188
  C:0CB5H         LINE#         189
  C:0CBFH         LINE#         190
  C:0CBFH         LINE#         191
  C:0CC1H         LINE#         192
  C:0CC3H         LINE#         193
  C:0CCDH         LINE#         194
  C:0CCDH         LINE#         195
  C:0CD2H         LINE#         196
  C:0CD2H         LINE#         208
  C:0CDFH         LINE#         209
  C:0CDFH         LINE#         210
  C:0CE9H         LINE#         211
  C:0D00H         LINE#         212
  C:0D00H         LINE#         213
  C:0D02H         LINE#         214
  C:0D04H         LINE#         216
  C:0D04H         LINE#         217
  C:0D0FH         LINE#         218
  C:0D0FH         LINE#         219
  C:0D14H         LINE#         220
  C:0D14H         LINE#         221
  C:0D21H         LINE#         222
  C:0D21H         LINE#         225
  C:0D2BH         LINE#         226
  C:0D42H         LINE#         227
  C:0D42H         LINE#         228
  C:0D44H         LINE#         229
  C:0D46H         LINE#         231
BL51 BANKED LINKER/LOCATER V6.22                                                      02/22/2019  11:09:53  PAGE 11


  C:0D46H         LINE#         232
  C:0D51H         LINE#         233
  C:0D51H         LINE#         234
  C:0D56H         LINE#         235
  C:0D58H         LINE#         236
  C:0D58H         LINE#         245
  C:0D7AH         LINE#         246
  C:0D7AH         LINE#         247
  C:0D84H         LINE#         248
  C:0D8AH         LINE#         249
  C:0D8CH         LINE#         250
  C:0D8EH         LINE#         251
  C:0D90H         LINE#         252
  C:0D90H         LINE#         253
  C:0D93H         LINE#         255
  C:0D93H         LINE#         256
  C:0D99H         LINE#         257
  C:0DA1H         LINE#         258
  C:0DA7H         LINE#         259
  C:0DAFH         LINE#         260
  C:0DEAH         LINE#         264
  C:0DF7H         LINE#         265
  C:0DF7H         LINE#         266
  C:0E04H         LINE#         267
  C:0E37H         LINE#         268
  C:0E44H         LINE#         269
  C:0E44H         LINE#         271
  C:0E73H         LINE#         272
  C:0E73H         LINE#         273
  C:0E95H         LINE#         274
  C:0E95H         LINE#         275
  C:0F11H         LINE#         276
  C:0F8FH         LINE#         280
  C:0F97H         LINE#         281
  C:0F9FH         LINE#         282
  C:0FA7H         LINE#         284
  C:0FAFH         LINE#         286
  C:0FC5H         LINE#         288
  C:0FEFH         LINE#         292
  C:1005H         LINE#         293
  C:102FH         LINE#         356
  C:1036H         LINE#         357
  C:1036H         LINE#         358
  C:1039H         LINE#         359
  C:104AH         LINE#         360
  C:104AH         LINE#         361
  C:104AH         LINE#         363
  C:104AH         LINE#         366
  C:104DH         LINE#         368
  C:104DH         LINE#         369
  C:106FH         LINE#         370
  C:106FH         LINE#         371
  C:10EBH         LINE#         372
  C:1140H         LINE#         373
  C:1140H         LINE#         374
  C:1140H         LINE#         375
  C:1143H         LINE#         379
BL51 BANKED LINKER/LOCATER V6.22                                                      02/22/2019  11:09:53  PAGE 12


  C:1143H         LINE#         382
  C:1177H         LINE#         383
  C:1177H         LINE#         384
  C:1199H         LINE#         385
  C:1199H         LINE#         386
  C:1215H         LINE#         387
  C:1293H         LINE#         391
  C:129BH         LINE#         392
  C:12A3H         LINE#         393
  C:12ABH         LINE#         395
  C:12B3H         LINE#         397
  C:12C9H         LINE#         399
  C:12F9H         LINE#         403
  C:130FH         LINE#         404
  C:133FH         LINE#         405
  C:1363H         LINE#         407
  C:1366H         LINE#         408
  C:1377H         LINE#         409
  C:1377H         LINE#         410
  C:137FH         LINE#         412
  C:137FH         LINE#         415
  C:1382H         LINE#         417
  C:1382H         LINE#         419
  C:13A4H         LINE#         420
  C:13A4H         LINE#         421
  C:1420H         LINE#         423
  C:144DH         LINE#         424
  C:1468H         LINE#         425
  C:1495H         LINE#         426
  C:14B0H         LINE#         428
  C:154CH         LINE#         431
  C:154CH         LINE#         432
  C:154CH         LINE#         433
  C:154CH         LINE#         435
  C:154CH         LINE#         438
  C:1568H         LINE#         439
  C:156DH         LINE#         441
  C:156FH         LINE#         442
  -------         ENDPROC       MAIN
  -------         PROC          _DISPLAY_PROX
  D:0002H         SYMBOL        dat
  -------         DO            
  X:062EH         SYMBOL        unit
  X:062FH         SYMBOL        ten
  X:0630H         SYMBOL        hundred
  X:0631H         SYMBOL        thousand
  -------         ENDDO         
  C:442DH         LINE#         526
  C:4431H         LINE#         527
  C:4431H         LINE#         529
  C:443DH         LINE#         530
  C:444DH         LINE#         531
  C:4469H         LINE#         532
  C:4499H         LINE#         533
  C:44A3H         LINE#         534
  C:44ADH         LINE#         535
  C:44B7H         LINE#         536
BL51 BANKED LINKER/LOCATER V6.22                                                      02/22/2019  11:09:53  PAGE 13


  C:44C1H         LINE#         538
  -------         ENDPROC       _DISPLAY_PROX
  -------         PROC          _DISPLAY_POS
  X:0462H         SYMBOL        sign_dat
  -------         DO            
  X:0466H         SYMBOL        unit
  X:0467H         SYMBOL        ten
  X:0468H         SYMBOL        hundred
  D:0003H         SYMBOL        thousand
  X:0469H         SYMBOL        after_dot
  X:046AH         SYMBOL        dat
  -------         ENDDO         
  C:380BH         LINE#         541
  C:3811H         LINE#         542
  C:3811H         LINE#         546
  C:382DH         LINE#         547
  C:3847H         LINE#         548
  C:386BH         LINE#         550
  C:38B5H         LINE#         552
  C:38CCH         LINE#         553
  C:38D9H         LINE#         554
  C:38FBH         LINE#         555
  C:3930H         LINE#         556
  C:3948H         LINE#         557
  C:3948H         LINE#         559
  C:3948H         LINE#         560
  C:3948H         LINE#         561
  C:3948H         LINE#         562
  C:3948H         LINE#         563
  C:3948H         LINE#         567
  C:394AH         LINE#         569
  C:394AH         LINE#         571
  C:394FH         LINE#         572
  C:3959H         LINE#         573
  C:3963H         LINE#         574
  C:396DH         LINE#         575
  C:3972H         LINE#         576
  C:397CH         LINE#         580
  C:397CH         LINE#         582
  -------         ENDPROC       _DISPLAY_POS
  -------         ENDMOD        MAIN

  -------         MODULE        PCF85063BTL
  C:0000H         SYMBOL        _ICE_DUMMY_
  D:0096H         PUBLIC        P2M0
  D:0080H         PUBLIC        P0
  D:0095H         PUBLIC        P2M1
  D:0090H         PUBLIC        P1
  D:00A0H         PUBLIC        P2
  D:00B0H         PUBLIC        P3
  D:00C0H         PUBLIC        P4
  D:00C8H         PUBLIC        P5
  D:00E8H         PUBLIC        P6
  B:00A0H.1       PUBLIC        PCF85063BTL_SDI
  D:00F8H         PUBLIC        P7
  B:00A0H.2       PUBLIC        PCF85063BTL_SCK
  B:00A0H.1       PUBLIC        PCF85063BTL_SDO
BL51 BANKED LINKER/LOCATER V6.22                                                      02/22/2019  11:09:53  PAGE 14


  D:00A8H         PUBLIC        IE
  C:4647H         PUBLIC        _Read_time
  C:4B9EH         PUBLIC        _PCF85063BTL_Delay
  D:00B8H         PUBLIC        IP
  D:00D8H         PUBLIC        CCON
  C:454EH         PUBLIC        _Day_Of_Year
  C:4A94H         PUBLIC        SPI_ReceiveByte
  D:0098H         PUBLIC        SCON
  D:0088H         PUBLIC        TCON
  C:4BD1H         PUBLIC        _BCDtoDec
  B:00A0H.0       PUBLIC        PCF85063BTL_CS
  C:4BC0H         PUBLIC        _SPI_ReadTime
  C:4C20H         PUBLIC        SPI_Init
  C:4B29H         PUBLIC        _SPI_WriteTime
  C:4A74H         PUBLIC        _SPI_SendByte
  D:00D0H         PUBLIC        PSW
  C:4B9AH         SYMBOL        L?0047
  -------         PROC          L?0046
  -------         ENDPROC       L?0046
  C:4B9AH         SYMBOL        L?0047
  -------         PROC          _PCF85063BTL_DELAY
  D:0006H         SYMBOL        us
  C:4B9EH         LINE#         8
  C:4B9EH         LINE#         9
  C:4B9EH         LINE#         10
  C:4BA8H         LINE#         11
  C:4BA8H         LINE#         12
  C:4BA9H         LINE#         13
  C:4BABH         LINE#         14
  -------         ENDPROC       _PCF85063BTL_DELAY
  -------         PROC          _SPI_SENDBYTE
  D:0005H         SYMBOL        dat
  -------         DO            
  D:0003H         SYMBOL        i
  -------         ENDDO         
  C:4A74H         LINE#         17
  C:4A76H         LINE#         18
  C:4A76H         LINE#         20
  C:4A78H         LINE#         21
  C:4A78H         LINE#         22
  C:4A7AH         LINE#         23
  C:4A7EH         LINE#         24
  C:4A7EH         LINE#         25
  C:4A80H         LINE#         26
  C:4A82H         LINE#         28
  C:4A82H         LINE#         29
  C:4A84H         LINE#         30
  C:4A84H         LINE#         31
  C:4A87H         LINE#         32
  C:4A87H         LINE#         33
  C:4A8AH         LINE#         34
  C:4A8EH         LINE#         35
  C:4A93H         LINE#         36
  -------         ENDPROC       _SPI_SENDBYTE
  -------         PROC          SPI_RECEIVEBYTE
  -------         DO            
  D:0003H         SYMBOL        i
BL51 BANKED LINKER/LOCATER V6.22                                                      02/22/2019  11:09:53  PAGE 15


  D:0005H         SYMBOL        dat
  -------         ENDDO         
  C:4A94H         LINE#         39
  C:4A94H         LINE#         40
  C:4A94H         LINE#         42
  C:4A96H         LINE#         44
  C:4A98H         LINE#         45
  C:4A99H         LINE#         46
  C:4A99H         LINE#         47
  C:4A9DH         LINE#         48
  C:4A9FH         LINE#         49
  C:4AA2H         LINE#         51
  C:4AA5H         LINE#         52
  C:4AA5H         LINE#         53
  C:4AA9H         LINE#         54
  C:4AA9H         LINE#         55
  C:4AA9H         LINE#         56
  C:4AACH         LINE#         57
  C:4AB1H         LINE#         58
  C:4AB3H         LINE#         59
  -------         ENDPROC       SPI_RECEIVEBYTE
  -------         PROC          _SPI_READTIME
  D:0007H         SYMBOL        addr
  -------         DO            
  D:0006H         SYMBOL        dat
  -------         ENDDO         
  C:4BC0H         LINE#         61
  C:4BC0H         LINE#         62
  C:4BC0H         LINE#         64
  C:4BC2H         LINE#         65
  C:4BC4H         LINE#         66
  C:4BCBH         LINE#         67
  C:4BCEH         LINE#         68
  C:4BD0H         LINE#         69
  C:4BD0H         LINE#         70
  -------         ENDPROC       _SPI_READTIME
  -------         PROC          _SPI_WRITETIME
  D:0002H         SYMBOL        val
  D:0005H         SYMBOL        addr
  C:4B29H         LINE#         71
  C:4B2BH         LINE#         72
  C:4B2BH         LINE#         74
  C:4B2DH         LINE#         75
  C:4B34H         LINE#         76
  C:4B39H         LINE#         77
  C:4B3EH         LINE#         78
  C:4B40H         LINE#         79
  -------         ENDPROC       _SPI_WRITETIME
  -------         PROC          SPI_INIT
  C:4C20H         LINE#         83
  C:4C20H         LINE#         84
  C:4C20H         LINE#         89
  C:4C23H         LINE#         90
  C:4C26H         LINE#         91
  C:4C28H         LINE#         92
  C:4C2AH         LINE#         93
  C:4C2CH         LINE#         94
BL51 BANKED LINKER/LOCATER V6.22                                                      02/22/2019  11:09:53  PAGE 16


  -------         ENDPROC       SPI_INIT
  -------         PROC          _READ_TIME
  X:03BFH         SYMBOL        months
  X:03C2H         SYMBOL        days
  X:03C5H         SYMBOL        hours
  X:03C8H         SYMBOL        mins
  X:03CBH         SYMBOL        seconds
  C:4647H         LINE#         96
  C:4652H         LINE#         97
  C:4652H         LINE#         99
  C:4666H         LINE#         101
  C:467AH         LINE#         103
  C:468EH         LINE#         108
  C:46A2H         LINE#         113
  -------         ENDPROC       _READ_TIME
  -------         PROC          _BCDTODEC
  D:0007H         SYMBOL        bcd
  -------         DO            
  D:0006H         SYMBOL        hi
  D:0007H         SYMBOL        lo
  -------         ENDDO         
  C:4BD1H         LINE#         119
  C:4BD1H         LINE#         120
  C:4BD1H         LINE#         122
  C:4BD6H         LINE#         123
  C:4BDAH         LINE#         124
  C:4BE1H         LINE#         125
  -------         ENDPROC       _BCDTODEC
  -------         PROC          _DAY_OF_YEAR
  D:0007H         SYMBOL        months_bcd
  D:0005H         SYMBOL        days_bcd
  -------         DO            
  D:0004H         SYMBOL        months
  D:0007H         SYMBOL        days
  -------         ENDDO         
  C:454EH         LINE#         126
  C:454EH         LINE#         127
  C:454EH         LINE#         130
  C:4553H         LINE#         132
  C:4558H         LINE#         134
  C:4591H         LINE#         135
  C:4591H         LINE#         136
  C:4591H         LINE#         137
  C:4594H         LINE#         138
  C:4594H         LINE#         139
  C:4594H         LINE#         140
  C:4599H         LINE#         141
  C:4599H         LINE#         142
  C:4599H         LINE#         143
  C:459EH         LINE#         144
  C:459EH         LINE#         145
  C:459EH         LINE#         146
  C:45A3H         LINE#         147
  C:45A3H         LINE#         148
  C:45A3H         LINE#         149
  C:45A8H         LINE#         150
  C:45A8H         LINE#         151
BL51 BANKED LINKER/LOCATER V6.22                                                      02/22/2019  11:09:53  PAGE 17


  C:45A8H         LINE#         152
  C:45ADH         LINE#         153
  C:45ADH         LINE#         154
  C:45ADH         LINE#         155
  C:45B2H         LINE#         156
  C:45B2H         LINE#         157
  C:45B2H         LINE#         158
  C:45B7H         LINE#         159
  C:45B7H         LINE#         160
  C:45B7H         LINE#         161
  C:45BFH         LINE#         162
  C:45BFH         LINE#         163
  C:45BFH         LINE#         164
  C:45C4H         LINE#         165
  C:45C4H         LINE#         166
  C:45C4H         LINE#         167
  C:45C9H         LINE#         168
  C:45C9H         LINE#         169
  C:45C9H         LINE#         170
  C:45D1H         LINE#         171
  C:45D1H         LINE#         172
  C:45D1H         LINE#         173
  -------         ENDPROC       _DAY_OF_YEAR
  -------         ENDMOD        PCF85063BTL

  -------         MODULE        UART1
  C:0000H         SYMBOL        _ICE_DUMMY_
  D:0080H         PUBLIC        P0
  D:0090H         PUBLIC        P1
  D:00A0H         PUBLIC        P2
  D:00B0H         PUBLIC        P3
  D:00C0H         PUBLIC        P4
  D:00C8H         PUBLIC        P5
  B:00A8H.7       PUBLIC        EA
  D:00E8H         PUBLIC        P6
  D:00F8H         PUBLIC        P7
  C:494CH         PUBLIC        _SendString
  D:00A8H         PUBLIC        IE
  B:00A8H.4       PUBLIC        ES
  D:00B8H         PUBLIC        IP
  C:4B41H         PUBLIC        _ASCIItoBCD
  D:00D8H         PUBLIC        CCON
  C:4BE2H         PUBLIC        initUART1
  D:0098H         PUBLIC        SCON
  D:0088H         PUBLIC        TCON
  C:000AH         PUBLIC        _DectoBCD
  C:4C64H         PUBLIC        _ASCII_Letter
  D:008EH         PUBLIC        AUXR
  C:4C5FH         PUBLIC        _unit
  C:0003H         PUBLIC        _ten
  D:00D6H         PUBLIC        T2H
  D:00D7H         PUBLIC        T2L
  D:00D0H         PUBLIC        PSW
  -------         PROC          INITUART1
  C:4BE2H         LINE#         21
  C:4BE2H         LINE#         22
  C:4BE2H         LINE#         23
BL51 BANKED LINKER/LOCATER V6.22                                                      02/22/2019  11:09:53  PAGE 18


  C:4BE5H         LINE#         24
  C:4BE8H         LINE#         25
  C:4BEBH         LINE#         26
  C:4BEEH         LINE#         27
  C:4BF0H         LINE#         28
  C:4BF2H         LINE#         30
  -------         ENDPROC       INITUART1
  -------         PROC          _SENDSTRING
  X:0632H         SYMBOL        s
  C:494CH         LINE#         35
  C:4957H         LINE#         36
  C:4957H         LINE#         37
  C:4967H         LINE#         38
  C:4967H         LINE#         39
  C:497CH         LINE#         40
  C:497EH         LINE#         41
  -------         ENDPROC       _SENDSTRING
  -------         PROC          _TEN
  D:0007H         SYMBOL        BCD
  C:0003H         LINE#         43
  C:0003H         LINE#         44
  C:0003H         LINE#         45
  C:0008H         LINE#         46
  -------         ENDPROC       _TEN
  -------         PROC          _UNIT
  D:0007H         SYMBOL        BCD
  C:4C5FH         LINE#         47
  C:4C5FH         LINE#         48
  C:4C5FH         LINE#         52
  C:4C63H         LINE#         53
  -------         ENDPROC       _UNIT
  -------         PROC          _DECTOBCD
  D:0007H         SYMBOL        dec
  C:000AH         LINE#         54
  C:000AH         LINE#         55
  C:000AH         LINE#         57
  C:000AH         LINE#         58
  -------         ENDPROC       _DECTOBCD
  -------         PROC          _ASCII_LETTER
  D:0007H         SYMBOL        dat
  C:4C64H         LINE#         60
  C:4C64H         LINE#         61
  C:4C64H         LINE#         63
  C:4C68H         LINE#         64
  -------         ENDPROC       _ASCII_LETTER
  -------         PROC          _ASCIITOBCD
  D:0001H         SYMBOL        ascii
  -------         DO            
  D:0007H         SYMBOL        dec_val
  D:0006H         SYMBOL        ten
  D:0007H         SYMBOL        unit
  -------         ENDDO         
  C:4B41H         LINE#         66
  C:4B41H         LINE#         67
  C:4B41H         LINE#         69
  C:4B44H         LINE#         70
  C:4B4AH         LINE#         71
BL51 BANKED LINKER/LOCATER V6.22                                                      02/22/2019  11:09:53  PAGE 19


  C:4B51H         LINE#         72
  C:4B57H         LINE#         74
  -------         ENDPROC       _ASCIITOBCD
  -------         ENDMOD        UART1

  -------         MODULE        LCD_DRIVER_SPLC780D
  C:0000H         SYMBOL        _ICE_DUMMY_
  D:0092H         PUBLIC        P1M0
  D:0091H         PUBLIC        P1M1
  D:0080H         PUBLIC        P0
  D:0090H         PUBLIC        P1
  D:00A0H         PUBLIC        P2
  D:00B0H         PUBLIC        P3
  D:00C0H         PUBLIC        P4
  D:00C8H         PUBLIC        P5
  D:00E8H         PUBLIC        P6
  D:00F8H         PUBLIC        P7
  C:45D2H         PUBLIC        _WriteData
  D:00A8H         PUBLIC        IE
  D:00B8H         PUBLIC        IP
  D:00D8H         PUBLIC        CCON
  B:00B0H.4       PUBLIC        LCD_D4
  B:00B0H.5       PUBLIC        LCD_D5
  B:00B0H.6       PUBLIC        LCD_D6
  C:4AF1H         PUBLIC        _DisplayLCD
  B:00B0H.7       PUBLIC        LCD_D7
  D:0098H         PUBLIC        SCON
  D:0088H         PUBLIC        TCON
  C:4C4FH         PUBLIC        LCD_clear
  C:4891H         PUBLIC        _Command
  C:4B6EH         PUBLIC        _Display_Line
  C:4710H         PUBLIC        LCD_Init
  C:4A56H         PUBLIC        _Wait_ms
  B:00C0H.0       PUBLIC        LCD_RS
  B:00B0H.2       PUBLIC        LCD_RW
  C:4C45H         PUBLIC        LCD_return_home
  B:00B0H.3       PUBLIC        LCD_E
  D:00D0H         PUBLIC        PSW
  -------         PROC          LCD_INIT
  C:4710H         LINE#         9
  C:4710H         LINE#         10
  C:4710H         LINE#         11
  C:4713H         LINE#         12
  C:4716H         LINE#         14
  C:471CH         LINE#         15
  C:4721H         LINE#         17
  C:4728H         LINE#         18
  C:472DH         LINE#         20
  C:4730H         LINE#         21
  C:4735H         LINE#         23
  C:4738H         LINE#         24
  C:473DH         LINE#         26
  C:4744H         LINE#         29
  C:4749H         LINE#         30
  C:474EH         LINE#         32
  C:4753H         LINE#         33
  C:4758H         LINE#         35
BL51 BANKED LINKER/LOCATER V6.22                                                      02/22/2019  11:09:53  PAGE 20


  C:475DH         LINE#         36
  C:4762H         LINE#         37
  -------         ENDPROC       LCD_INIT
  -------         PROC          _WRITEDATA
  X:046CH         SYMBOL        dat
  C:45D2H         LINE#         40
  C:45D7H         LINE#         41
  C:45D7H         LINE#         46
  C:45D9H         LINE#         47
  C:45DBH         LINE#         49
  C:45E9H         LINE#         50
  C:45F5H         LINE#         51
  C:4601H         LINE#         52
  C:460BH         LINE#         53
  C:460DH         LINE#         54
  C:4614H         LINE#         55
  C:4616H         LINE#         57
  C:4626H         LINE#         58
  C:4631H         LINE#         59
  C:463BH         LINE#         60
  C:463FH         LINE#         62
  C:463FH         LINE#         63
  C:4642H         LINE#         64
  C:4644H         LINE#         65
  C:4646H         LINE#         67
  -------         ENDPROC       _WRITEDATA
  -------         PROC          _COMMAND
  D:0007H         SYMBOL        dat
  C:4891H         LINE#         69
  C:4891H         LINE#         70
  C:4891H         LINE#         71
  C:4893H         LINE#         72
  C:4895H         LINE#         74
  C:489FH         LINE#         75
  C:48A3H         LINE#         77
  C:48A5H         LINE#         78
  C:48AEH         LINE#         79
  C:48B2H         LINE#         81
  C:48B4H         LINE#         82
  C:48BBH         LINE#         83
  C:48BFH         LINE#         85
  C:48C1H         LINE#         86
  C:48C5H         LINE#         87
  C:48C9H         LINE#         89
  C:48CBH         LINE#         90
  C:48CBH         LINE#         91
  C:48CEH         LINE#         92
  C:48D0H         LINE#         93
  -------         ENDPROC       _COMMAND
  C:4A52H         SYMBOL        L?0028
  -------         PROC          L?0027
  -------         ENDPROC       L?0027
  C:4A52H         SYMBOL        L?0028
  -------         PROC          _WAIT_MS
  D:0006H         SYMBOL        ms
  -------         DO            
  D:0004H         SYMBOL        De_Cnt
BL51 BANKED LINKER/LOCATER V6.22                                                      02/22/2019  11:09:53  PAGE 21


  -------         ENDDO         
  C:4A56H         LINE#         95
  C:4A56H         LINE#         96
  C:4A56H         LINE#         98
  C:4A60H         LINE#         99
  C:4A60H         LINE#         100
  C:4A73H         LINE#         101
  C:4A73H         LINE#         102
  -------         ENDPROC       _WAIT_MS
  -------         PROC          _DISPLAYLCD
  D:0007H         SYMBOL        BCD
  -------         DO            
  D:0006H         SYMBOL        first_digit
  X:03BFH         SYMBOL        second_digit
  -------         ENDDO         
  C:4AF1H         LINE#         103
  C:4AF1H         LINE#         104
  C:4AF1H         LINE#         106
  C:4AF8H         LINE#         107
  C:4B01H         LINE#         109
  C:4B06H         LINE#         111
  -------         ENDPROC       _DISPLAYLCD
  -------         PROC          LCD_RETURN_HOME
  C:4C45H         LINE#         115
  C:4C45H         LINE#         116
  C:4C45H         LINE#         117
  C:4C4AH         LINE#         118
  -------         ENDPROC       LCD_RETURN_HOME
  -------         PROC          LCD_CLEAR
  C:4C4FH         LINE#         121
  C:4C4FH         LINE#         122
  C:4C4FH         LINE#         123
  C:4C54H         LINE#         124
  -------         ENDPROC       LCD_CLEAR
  -------         PROC          _DISPLAY_LINE
  D:0006H         SYMBOL        line
  C:4B6EH         LINE#         128
  C:4B6EH         LINE#         129
  C:4B6EH         LINE#         130
  C:4B74H         LINE#         131
  C:4B74H         LINE#         132
  C:4B76H         LINE#         133
  C:4B76H         LINE#         134
  C:4B78H         LINE#         136
  C:4B78H         LINE#         137
  C:4B7DH         LINE#         138
  C:4B82H         LINE#         139
  C:4B82H         LINE#         140
  -------         ENDPROC       _DISPLAY_LINE
  -------         ENDMOD        LCD_DRIVER_SPLC780D

  -------         MODULE        KEYPAD
  C:0000H         SYMBOL        _ICE_DUMMY_
  D:0093H         PUBLIC        P0M1
  D:0080H         PUBLIC        P0
  D:0090H         PUBLIC        P1
  D:00A0H         PUBLIC        P2
BL51 BANKED LINKER/LOCATER V6.22                                                      02/22/2019  11:09:53  PAGE 22


  D:00B0H         PUBLIC        P3
  D:00C0H         PUBLIC        P4
  D:00C8H         PUBLIC        P5
  B:0020H.0       PUBLIC        calib_mode
  D:00E8H         PUBLIC        P6
  D:00F8H         PUBLIC        P7
  D:00A8H         PUBLIC        IE
  C:34F6H         PUBLIC        Key_Scan
  D:00B8H         PUBLIC        IP
  D:00D8H         PUBLIC        CCON
  C:4C2DH         PUBLIC        KeyPad_IO_Init
  C:4AD3H         PUBLIC        _Delay_ms
  D:0098H         PUBLIC        SCON
  D:0088H         PUBLIC        TCON
  B:0020H.1       PUBLIC        small_move
  B:0020H.2       PUBLIC        move
  B:0020H.3       PUBLIC        direction
  B:0020H.4       PUBLIC        auto_move
  C:3085H         PUBLIC        Key_Process
  D:00D0H         PUBLIC        PSW
  D:0094H         PUBLIC        P0M0
  -------         PROC          _DELAY_MS
  D:0006H         SYMBOL        ms
  -------         DO            
  D:0004H         SYMBOL        De_Cnt
  -------         ENDDO         
  C:4AD3H         LINE#         19
  C:4AD3H         LINE#         20
  C:4AD3H         LINE#         22
  C:4ADDH         LINE#         23
  C:4ADDH         LINE#         24
  C:4AF0H         LINE#         25
  C:4AF0H         LINE#         26
  -------         ENDPROC       _DELAY_MS
  -------         PROC          KEY_SCAN
  -------         DO            
  X:03C5H         SYMBOL        KeyTemp1
  X:03C6H         SYMBOL        KeyTemp2
  X:03C7H         SYMBOL        KeyValue
  -------         ENDDO         
  C:34F6H         LINE#         27
  C:34F6H         LINE#         28
  C:34F6H         LINE#         33
  C:34F9H         LINE#         36
  C:34FCH         LINE#         38
  C:3504H         LINE#         39
  C:350BH         LINE#         40
  C:350BH         LINE#         42
  C:3510H         LINE#         43
  C:3517H         LINE#         44
  C:3517H         LINE#         47
  C:351AH         LINE#         48
  C:351DH         LINE#         49
  C:3522H         LINE#         50
  C:3526H         LINE#         51
  C:3526H         LINE#         52
  C:352EH         LINE#         53
BL51 BANKED LINKER/LOCATER V6.22                                                      02/22/2019  11:09:53  PAGE 23


  C:352EH         LINE#         54
  C:3531H         LINE#         55
  C:3539H         LINE#         56
  C:353BH         LINE#         58
  C:354FH         LINE#         59
  C:354FH         LINE#         60
  C:354FH         LINE#         61
  C:354FH         LINE#         62
  C:3555H         LINE#         64
  C:3557H         LINE#         65
  C:3557H         LINE#         66
  C:3557H         LINE#         67
  C:355DH         LINE#         69
  C:355FH         LINE#         70
  C:355FH         LINE#         71
  C:355FH         LINE#         72
  C:3565H         LINE#         74
  C:3567H         LINE#         75
  C:3567H         LINE#         76
  C:3567H         LINE#         77
  C:356DH         LINE#         79
  C:356DH         LINE#         80
  C:356DH         LINE#         81
  C:356DH         LINE#         84
  C:3570H         LINE#         85
  C:3573H         LINE#         86
  C:357BH         LINE#         87
  C:357FH         LINE#         88
  C:357FH         LINE#         89
  C:3587H         LINE#         90
  C:3587H         LINE#         91
  C:358AH         LINE#         92
  C:3592H         LINE#         93
  C:3594H         LINE#         94
  C:35A8H         LINE#         95
  C:35A8H         LINE#         96
  C:35A8H         LINE#         97
  C:35A8H         LINE#         98
  C:35AEH         LINE#         100
  C:35B0H         LINE#         101
  C:35B0H         LINE#         102
  C:35B0H         LINE#         103
  C:35B6H         LINE#         105
  C:35B8H         LINE#         106
  C:35B8H         LINE#         107
  C:35B8H         LINE#         108
  C:35BEH         LINE#         110
  C:35C0H         LINE#         111
  C:35C0H         LINE#         112
  C:35C0H         LINE#         113
  C:35C5H         LINE#         115
  C:35C5H         LINE#         116
  C:35C5H         LINE#         117
  C:35C5H         LINE#         120
  C:35C8H         LINE#         121
  C:35CBH         LINE#         122
  C:35D3H         LINE#         123
BL51 BANKED LINKER/LOCATER V6.22                                                      02/22/2019  11:09:53  PAGE 24


  C:35D7H         LINE#         124
  C:35D7H         LINE#         125
  C:35DFH         LINE#         126
  C:35DFH         LINE#         127
  C:35E2H         LINE#         128
  C:35EAH         LINE#         129
  C:35ECH         LINE#         130
  C:3600H         LINE#         131
  C:3600H         LINE#         132
  C:3600H         LINE#         133
  C:3600H         LINE#         134
  C:3606H         LINE#         136
  C:3608H         LINE#         137
  C:3608H         LINE#         138
  C:3608H         LINE#         139
  C:360EH         LINE#         141
  C:3610H         LINE#         142
  C:3610H         LINE#         143
  C:3610H         LINE#         144
  C:3616H         LINE#         146
  C:3618H         LINE#         147
  C:3618H         LINE#         148
  C:3618H         LINE#         149
  C:361EH         LINE#         151
  C:361EH         LINE#         152
  C:361EH         LINE#         153
  C:361EH         LINE#         157
  C:3621H         LINE#         158
  C:3624H         LINE#         159
  C:362CH         LINE#         160
  C:3630H         LINE#         161
  C:3630H         LINE#         162
  C:3638H         LINE#         163
  C:3638H         LINE#         164
  C:363BH         LINE#         165
  C:3643H         LINE#         166
  C:3645H         LINE#         167
  C:3659H         LINE#         168
  C:3659H         LINE#         169
  C:3659H         LINE#         170
  C:3659H         LINE#         171
  C:365FH         LINE#         173
  C:3661H         LINE#         174
  C:3661H         LINE#         175
  C:3661H         LINE#         176
  C:3667H         LINE#         178
  C:3669H         LINE#         179
  C:3669H         LINE#         180
  C:3669H         LINE#         181
  C:366FH         LINE#         183
  C:3671H         LINE#         184
  C:3671H         LINE#         185
  C:3671H         LINE#         186
  C:3677H         LINE#         188
  C:3677H         LINE#         189
  C:3677H         LINE#         190
  C:3677H         LINE#         192
BL51 BANKED LINKER/LOCATER V6.22                                                      02/22/2019  11:09:53  PAGE 25


  C:367DH         LINE#         193
  C:367DH         LINE#         195
  C:367DH         LINE#         196
  C:3680H         LINE#         197
  C:3680H         LINE#         198
  C:3680H         LINE#         200
  C:3680H         LINE#         201
  C:3682H         LINE#         202
  C:3682H         LINE#         203
  -------         ENDPROC       KEY_SCAN
  -------         PROC          KEY_PROCESS
  -------         DO            
  X:0618H         SYMBOL        KeyCount
  X:061AH         SYMBOL        KeyNum_Old
  X:061BH         SYMBOL        KeyNum
  X:061CH         SYMBOL        PressedKey
  X:03BFH         SYMBOL        d
  D:0004H         SYMBOL        hours
  D:0006H         SYMBOL        mins
  X:03C1H         SYMBOL        months
  X:03C3H         SYMBOL        days
  -------         ENDDO         
  C:3085H         LINE#         204
  C:3085H         LINE#         205
  C:3085H         LINE#         209
  C:308DH         LINE#         210
  C:3095H         LINE#         212
  C:3098H         LINE#         213
  C:3098H         LINE#         214
  C:309BH         LINE#         216
  C:309BH         LINE#         217
  C:30A8H         LINE#         218
  C:30A8H         LINE#         219
  C:30ABH         LINE#         220
  C:30AEH         LINE#         222
  C:30B1H         LINE#         224
  C:30B1H         LINE#         225
  C:30BCH         LINE#         226
  C:30BCH         LINE#         227
  C:30BFH         LINE#         229
  C:30BFH         LINE#         230
  C:30C6H         LINE#         231
  C:30C6H         LINE#         232
  C:30C9H         LINE#         234
  C:30C9H         LINE#         235
  C:30D1H         LINE#         236
  C:30D1H         LINE#         237
  C:30DBH         LINE#         238
  C:30E3H         LINE#         240
  C:30ECH         LINE#         242
  C:30ECH         LINE#         251
  C:3101H         LINE#         252
  C:3101H         LINE#         253
  C:3113H         LINE#         254
  C:3121H         LINE#         255
  C:3130H         LINE#         256
  C:3130H         LINE#         258
BL51 BANKED LINKER/LOCATER V6.22                                                      02/22/2019  11:09:53  PAGE 26


  C:3136H         LINE#         262
  C:314CH         LINE#         263
  C:315DH         LINE#         264
  C:3178H         LINE#         265
  C:3178H         LINE#         266
  C:3188H         LINE#         267
  C:3199H         LINE#         268
  C:3199H         LINE#         272
  C:31B2H         LINE#         273
  C:31C9H         LINE#         274
  C:31E9H         LINE#         275
  C:31E9H         LINE#         276
  C:31F3H         LINE#         277
  C:31F3H         LINE#         278
  C:31FCH         LINE#         279
  C:31FCH         LINE#         280
  C:3210H         LINE#         281
  C:3210H         LINE#         282
  C:3210H         LINE#         283
  C:3210H         LINE#         284
  C:3210H         LINE#         285
  C:3212H         LINE#         287
  C:3212H         LINE#         288
  C:321EH         LINE#         289
  C:321EH         LINE#         290
  C:322FH         LINE#         291
  C:322FH         LINE#         292
  C:322FH         LINE#         293
  C:322FH         LINE#         294
  C:322FH         LINE#         296
  C:3231H         LINE#         298
  C:3231H         LINE#         299
  C:3242H         LINE#         300
  C:3242H         LINE#         301
  C:3242H         LINE#         302
  C:3242H         LINE#         303
  C:3242H         LINE#         305
  C:3242H         LINE#         307
  C:3242H         LINE#         308
  C:3244H         LINE#         310
  C:3244H         LINE#         311
  C:3257H         LINE#         312
  C:3257H         LINE#         313
  C:3268H         LINE#         314
  C:3268H         LINE#         315
  C:3268H         LINE#         316
  C:3268H         LINE#         317
  C:3268H         LINE#         318
  C:326AH         LINE#         320
  C:326AH         LINE#         321
  C:327BH         LINE#         322
  C:327BH         LINE#         323
  C:328CH         LINE#         324
  C:329DH         LINE#         325
  C:329DH         LINE#         326
  C:329DH         LINE#         327
  C:329DH         LINE#         328
BL51 BANKED LINKER/LOCATER V6.22                                                      02/22/2019  11:09:53  PAGE 27


  C:329DH         LINE#         329
  C:32A0H         LINE#         330
  C:32A5H         LINE#         331
  C:32AAH         LINE#         332
  C:32AFH         LINE#         333
  C:32B4H         LINE#         334
  C:32B9H         LINE#         335
  C:32BEH         LINE#         336
  C:32C3H         LINE#         337
  C:32C3H         LINE#         339
  C:32E5H         LINE#         340
  C:32E5H         LINE#         341
  C:32EFH         LINE#         342
  C:32EFH         LINE#         343
  C:32F4H         LINE#         344
  C:32FDH         LINE#         345
  C:3314H         LINE#         346
  C:3314H         LINE#         347
  C:3324H         LINE#         349
  C:3324H         LINE#         353
  -------         ENDPROC       KEY_PROCESS
  -------         PROC          KEYPAD_IO_INIT
  C:4C2DH         LINE#         356
  C:4C2DH         LINE#         357
  C:4C2DH         LINE#         358
  C:4C30H         LINE#         359
  C:4C33H         LINE#         360
  C:4C36H         LINE#         361
  C:4C38H         LINE#         362
  -------         ENDPROC       KEYPAD_IO_INIT
  -------         ENDMOD        KEYPAD

  -------         MODULE        BIPOLARMOTOR
  C:0000H         SYMBOL        _ICE_DUMMY_
  D:0080H         PUBLIC        P0
  D:0090H         PUBLIC        P1
  X:0000H         PUBLIC        RX_pos_test
  D:00A0H         PUBLIC        P2
  D:00B0H         PUBLIC        P3
  D:00C0H         PUBLIC        P4
  D:00C8H         PUBLIC        P5
  D:00E8H         PUBLIC        P6
  D:00F8H         PUBLIC        P7
  X:00A0H         PUBLIC        low_date_azimuth_mapping
  D:00A8H         PUBLIC        IE
  C:3F9FH         PUBLIC        linear_interpolate
  C:4A01H         PUBLIC        _Move
  D:00B8H         PUBLIC        IP
  C:3358H         PUBLIC        _findDet3x3
  C:2DC5H         PUBLIC        _findDet4x4
  D:00D8H         PUBLIC        CCON
  X:00C8H         PUBLIC        previous_move_time
  D:0098H         PUBLIC        SCON
  D:0088H         PUBLIC        TCON
  C:4C69H         PUBLIC        wait
  C:48D1H         PUBLIC        _Step_move
  X:00C9H         PUBLIC        dat
BL51 BANKED LINKER/LOCATER V6.22                                                      02/22/2019  11:09:53  PAGE 28


  C:000EH         PUBLIC        _Update_position
  C:47B9H         PUBLIC        vOneStepMove
  X:00CFH         PUBLIC        elevation_stamp
  X:010BH         PUBLIC        date_azimuth_mapping
  X:0133H         PUBLIC        RX_pos
  C:4B18H         PUBLIC        _BCDtoDec1
  X:038BH         PUBLIC        degree
  D:00D0H         PUBLIC        PSW
  -------         PROC          L?0062
  -------         ENDPROC       L?0062
  -------         PROC          _BCDTODEC1
  D:0007H         SYMBOL        bcd
  -------         DO            
  D:0006H         SYMBOL        hi
  D:0007H         SYMBOL        lo
  -------         ENDDO         
  C:4B18H         LINE#         28
  C:4B18H         LINE#         29
  C:4B18H         LINE#         31
  C:4B1DH         LINE#         32
  C:4B21H         LINE#         33
  C:4B28H         LINE#         34
  -------         ENDPROC       _BCDTODEC1
  -------         PROC          WAIT
  C:4C69H         LINE#         36
  C:4C69H         LINE#         38
  -------         ENDPROC       WAIT
  -------         PROC          VONESTEPMOVE
  B:0020H.7       SYMBOL        bDir
  C:47B9H         LINE#         40
  C:47B9H         LINE#         41
  C:47B9H         LINE#         43
  C:47BFH         LINE#         44
  C:47BFH         LINE#         45
  C:47C2H         LINE#         46
  C:47CBH         LINE#         47
  C:47D2H         LINE#         48
  C:47D7H         LINE#         49
  C:47D7H         LINE#         50
  C:47D7H         LINE#         52
  C:47D9H         LINE#         55
  C:47D9H         LINE#         56
  C:47DCH         LINE#         57
  C:47E5H         LINE#         58
  C:47ECH         LINE#         59
  C:47F2H         LINE#         60
  C:47FBH         LINE#         61
  C:4802H         LINE#         62
  C:4802H         LINE#         66
  -------         ENDPROC       VONESTEPMOVE
  -------         PROC          _STEP_MOVE
  X:047BH         SYMBOL        step
  B:0020H.6       SYMBOL        dir
  -------         DO            
  X:047DH         SYMBOL        i
  -------         ENDDO         
  C:48D1H         LINE#         68
BL51 BANKED LINKER/LOCATER V6.22                                                      02/22/2019  11:09:53  PAGE 29


  C:48D9H         LINE#         69
  C:48D9H         LINE#         71
  C:48DEH         LINE#         74
  C:48F9H         LINE#         75
  C:48F9H         LINE#         76
  C:4900H         LINE#         78
  C:4910H         LINE#         80
  -------         ENDPROC       _STEP_MOVE
  -------         PROC          _MOVE
  X:0477H         SYMBOL        distance
  B:0020H.5       SYMBOL        direction
  -------         DO            
  D:0006H         SYMBOL        step
  -------         ENDDO         
  C:4A01H         LINE#         82
  C:4A07H         LINE#         83
  C:4A07H         LINE#         86
  C:4A22H         LINE#         87
  -------         ENDPROC       _MOVE
  C:3339H         SYMBOL        L?0058
  C:334DH         SYMBOL        L?0059
  -------         PROC          L?0057
  -------         ENDPROC       L?0057
  C:3339H         SYMBOL        L?0058
  C:334DH         SYMBOL        L?0059
  -------         PROC          _FINDDET3X3
  X:05F4H         SYMBOL        a11
  X:05F8H         SYMBOL        a12
  X:05FCH         SYMBOL        a13
  X:0600H         SYMBOL        a21
  X:0604H         SYMBOL        a22
  X:0608H         SYMBOL        a23
  X:060CH         SYMBOL        a31
  X:0610H         SYMBOL        a32
  X:0614H         SYMBOL        a33
  C:3358H         LINE#         91
  C:335EH         LINE#         95
  C:335EH         LINE#         96
  C:34F5H         LINE#         98
  -------         ENDPROC       _FINDDET3X3
  -------         PROC          _FINDDET4X4
  X:05B4H         SYMBOL        a11
  X:05B8H         SYMBOL        a12
  X:05BCH         SYMBOL        a13
  X:05C0H         SYMBOL        a14
  X:05C4H         SYMBOL        a21
  X:05C8H         SYMBOL        a22
  X:05CCH         SYMBOL        a23
  X:05D0H         SYMBOL        a24
  X:05D4H         SYMBOL        a31
  X:05D8H         SYMBOL        a32
  X:05DCH         SYMBOL        a33
  X:05E0H         SYMBOL        a34
  X:05E4H         SYMBOL        a41
  X:05E8H         SYMBOL        a42
  X:05ECH         SYMBOL        a43
  X:05F0H         SYMBOL        a44
BL51 BANKED LINKER/LOCATER V6.22                                                      02/22/2019  11:09:53  PAGE 30


  C:2DC5H         LINE#         99
  C:2DCBH         LINE#         103
  C:2DCBH         LINE#         110
  C:3084H         LINE#         114
  -------         ENDPROC       _FINDDET4X4
  C:3F8EH         SYMBOL        L?0061
  -------         PROC          L?0060
  -------         ENDPROC       L?0060
  C:3F8EH         SYMBOL        L?0061
  -------         PROC          LINEAR_INTERPOLATE
  X:0477H         SYMBOL        p1
  X:047FH         SYMBOL        p2
  X:0487H         SYMBOL        x
  -------         DO            
  D:0004H         SYMBOL        fx
  -------         ENDDO         
  C:3F9FH         LINE#         120
  C:3F9FH         LINE#         121
  C:3F9FH         LINE#         124
  C:403EH         LINE#         126
  C:403EH         LINE#         127
  -------         ENDPROC       LINEAR_INTERPOLATE
  -------         PROC          _UPDATE_POSITION
  D:0001H         SYMBOL        mnths
  D:0002H         SYMBOL        dys
  X:03DAH         SYMBOL        hurs
  X:03DBH         SYMBOL        mns
  X:03DCH         SYMBOL        sconds
  X:03DDH         SYMBOL        currnt_pos
  X:03E0H         SYMBOL        offset_calib
  -------         DO            
  X:03E4H         SYMBOL        date
  X:03E6H         SYMBOL        i
  X:03E8H         SYMBOL        yy
  X:03EAH         SYMBOL        desired_distance
  X:03EEH         SYMBOL        distance
  X:03F2H         SYMBOL        JP_pos
  X:03F6H         SYMBOL        pos_interpolate_azimuth
  X:0432H         SYMBOL        current_local_sun_time
  X:0436H         SYMBOL        azimuth
  X:043AH         SYMBOL        elevation
  X:043EH         SYMBOL        time_offset
  X:0442H         SYMBOL        UTC_time
  X:0446H         SYMBOL        declination
  X:044AH         SYMBOL        p1
  X:0452H         SYMBOL        p2
  X:045AH         SYMBOL        time
  X:046CH         SYMBOL        location
  X:0474H         SYMBOL        sunCoord
  -------         ENDDO         
  C:000EH         LINE#         131
  C:0017H         LINE#         134
  C:0017H         LINE#         135
  C:0022H         LINE#         137
  C:003EH         LINE#         138
  C:0048H         LINE#         146
  C:0052H         LINE#         147
BL51 BANKED LINKER/LOCATER V6.22                                                      02/22/2019  11:09:53  PAGE 31


  C:005CH         LINE#         148
  C:0066H         LINE#         149
  C:0071H         LINE#         150
  C:007CH         LINE#         151
  C:0095H         LINE#         152
  C:00A6H         LINE#         153
  C:00B5H         LINE#         156
  C:00C9H         LINE#         160
  C:011BH         LINE#         161
  C:027FH         LINE#         162
  C:02CFH         LINE#         164
  C:03F7H         LINE#         166
  C:04C6H         LINE#         173
  C:050DH         LINE#         174
  C:050DH         LINE#         176
  C:0527H         LINE#         177
  C:0527H         LINE#         178
  C:0597H         LINE#         179
  C:0597H         LINE#         180
  C:059EH         LINE#         181
  C:059EH         LINE#         182
  C:05CBH         LINE#         183
  C:05E6H         LINE#         185
  C:062DH         LINE#         186
  C:0661H         LINE#         188
  C:06A7H         LINE#         189
  C:06CAH         LINE#         191
  C:06CAH         LINE#         193
  C:0740H         LINE#         194
  C:0740H         LINE#         195
  C:0747H         LINE#         196
  C:0747H         LINE#         197
  C:0774H         LINE#         198
  C:078FH         LINE#         200
  C:07D6H         LINE#         201
  C:080AH         LINE#         203
  C:0850H         LINE#         204
  C:0870H         LINE#         206
  C:0870H         LINE#         207
  C:0881H         LINE#         210
  C:089BH         LINE#         211
  C:089BH         LINE#         212
  C:090BH         LINE#         213
  C:090BH         LINE#         214
  C:0938H         LINE#         215
  C:0953H         LINE#         217
  C:0980H         LINE#         218
  C:099BH         LINE#         220
  C:09CDH         LINE#         223
  C:09CDH         LINE#         225
  C:09DEH         LINE#         227
  C:0A0DH         LINE#         229
  C:0A32H         LINE#         230
  C:0A97H         LINE#         231
  C:0A97H         LINE#         232
  C:0AB1H         LINE#         233
  C:0AC3H         LINE#         234
BL51 BANKED LINKER/LOCATER V6.22                                                      02/22/2019  11:09:53  PAGE 32


  C:0ADBH         LINE#         235
  C:0AF1H         LINE#         237
  C:0B0DH         LINE#         238
  C:0B0DH         LINE#         239
  C:0B0DH         LINE#         242
  -------         ENDPROC       _UPDATE_POSITION
  -------         ENDMOD        BIPOLARMOTOR

  -------         MODULE        SUNPOS
  C:0000H         SYMBOL        _ICE_DUMMY_
  C:1F28H         PUBLIC        sunpos
  -------         PROC          SUNPOS
  X:0477H         SYMBOL        udtTime
  X:0489H         SYMBOL        udtLocation
  X:0491H         SYMBOL        udtSunCoordinates
  -------         DO            
  X:0494H         SYMBOL        dElapsedJulianDays
  X:0498H         SYMBOL        dDecimalHours
  X:049CH         SYMBOL        dEclipticLongitude
  X:04A0H         SYMBOL        dEclipticObliquity
  X:04A4H         SYMBOL        dRightAscension
  X:04A8H         SYMBOL        dDeclination
  X:04ACH         SYMBOL        dY
  X:04B0H         SYMBOL        dX
  -------         DO            
  X:04B4H         SYMBOL        dJulianDate
  X:04B8H         SYMBOL        liAux1
  X:04BCH         SYMBOL        liAux2
  X:04B4H         SYMBOL        dMeanLongitude
  X:04B8H         SYMBOL        dMeanAnomaly
  X:04BCH         SYMBOL        dOmega
  X:04B4H         SYMBOL        dSin_EclipticLongitude
  X:04B4H         SYMBOL        dGreenwichMeanSiderealTime
  X:04B8H         SYMBOL        dLocalMeanSiderealTime
  X:04BCH         SYMBOL        dLatitudeInRadians
  X:04C0H         SYMBOL        dHourAngle
  X:04C4H         SYMBOL        dCos_Latitude
  X:04C8H         SYMBOL        dSin_Latitude
  X:04CCH         SYMBOL        dCos_HourAngle
  X:04D0H         SYMBOL        dParallax
  -------         ENDDO         
  -------         DO            
  X:04B4H         SYMBOL        dMeanLongitude
  X:04B8H         SYMBOL        dMeanAnomaly
  X:04BCH         SYMBOL        dOmega
  X:04B4H         SYMBOL        dSin_EclipticLongitude
  X:04B4H         SYMBOL        dGreenwichMeanSiderealTime
  X:04B8H         SYMBOL        dLocalMeanSiderealTime
  X:04BCH         SYMBOL        dLatitudeInRadians
  X:04C0H         SYMBOL        dHourAngle
  X:04C4H         SYMBOL        dCos_Latitude
  X:04C8H         SYMBOL        dSin_Latitude
  X:04CCH         SYMBOL        dCos_HourAngle
  X:04D0H         SYMBOL        dParallax
  -------         ENDDO         
  -------         DO            
  X:04B4H         SYMBOL        dSin_EclipticLongitude
BL51 BANKED LINKER/LOCATER V6.22                                                      02/22/2019  11:09:53  PAGE 33


  X:04B4H         SYMBOL        dGreenwichMeanSiderealTime
  X:04B8H         SYMBOL        dLocalMeanSiderealTime
  X:04BCH         SYMBOL        dLatitudeInRadians
  X:04C0H         SYMBOL        dHourAngle
  X:04C4H         SYMBOL        dCos_Latitude
  X:04C8H         SYMBOL        dSin_Latitude
  X:04CCH         SYMBOL        dCos_HourAngle
  X:04D0H         SYMBOL        dParallax
  -------         ENDDO         
  -------         DO            
  X:04B4H         SYMBOL        dGreenwichMeanSiderealTime
  X:04B8H         SYMBOL        dLocalMeanSiderealTime
  X:04BCH         SYMBOL        dLatitudeInRadians
  X:04C0H         SYMBOL        dHourAngle
  X:04C4H         SYMBOL        dCos_Latitude
  X:04C8H         SYMBOL        dSin_Latitude
  X:04CCH         SYMBOL        dCos_HourAngle
  X:04D0H         SYMBOL        dParallax
  -------         ENDDO         
  -------         ENDDO         
  C:1F28H         LINE#         6
  C:1F28H         LINE#         7
  C:1F28H         LINE#         9
  C:1F28H         LINE#         27
  C:1F72H         LINE#         30
  C:1F93H         LINE#         31
  C:20DAH         LINE#         34
  C:2126H         LINE#         36
  C:2145H         LINE#         37
  C:2145H         LINE#         42
  C:2145H         LINE#         46
  C:2177H         LINE#         47
  C:21A1H         LINE#         48
  C:21CBH         LINE#         49
  C:2278H         LINE#         52
  C:22D9H         LINE#         54
  C:22D9H         LINE#         59
  C:22D9H         LINE#         61
  C:22F0H         LINE#         62
  C:2318H         LINE#         63
  C:232FH         LINE#         64
  C:235AH         LINE#         65
  C:2391H         LINE#         66
  C:23BCH         LINE#         67
  C:23BCH         LINE#         70
  C:23BCH         LINE#         79
  C:23F7H         LINE#         82
  C:2431H         LINE#         84
  C:2456H         LINE#         85
  C:2475H         LINE#         86
  C:248CH         LINE#         87
  C:24A3H         LINE#         88
  C:24BAH         LINE#         89
  C:2543H         LINE#         91
  C:255DH         LINE#         92
  C:25BFH         LINE#         93
  C:25F5H         LINE#         94
BL51 BANKED LINKER/LOCATER V6.22                                                      02/22/2019  11:09:53  PAGE 34


  C:2607H         LINE#         95
  C:2634H         LINE#         96
  C:2661H         LINE#         98
  C:2683H         LINE#         100
  C:26BBH         LINE#         103
  C:26BBH         LINE#         104
  C:26C9H         LINE#         105
  -------         ENDPROC       SUNPOS
  -------         ENDMOD        SUNPOS

  -------         MODULE        ADC
  C:0000H         SYMBOL        _ICE_DUMMY_
  D:0092H         PUBLIC        P1M0
  D:0091H         PUBLIC        P1M1
  D:0080H         PUBLIC        P0
  D:0090H         PUBLIC        P1
  D:00A0H         PUBLIC        P2
  D:00B0H         PUBLIC        P3
  D:00C0H         PUBLIC        P4
  D:00C8H         PUBLIC        P5
  D:00E8H         PUBLIC        P6
  D:00F8H         PUBLIC        P7
  D:00A8H         PUBLIC        IE
  D:00BDH         PUBLIC        ADC_RES
  D:00B8H         PUBLIC        IP
  D:0097H         PUBLIC        CLK_DIV
  D:00D8H         PUBLIC        CCON
  D:00BCH         PUBLIC        ADC_CONTR
  D:0098H         PUBLIC        SCON
  D:0088H         PUBLIC        TCON
  B:00A0H.4       PUBLIC        P24
  B:00A0H.5       PUBLIC        P25
  B:00A0H.6       PUBLIC        P26
  C:4AB4H         PUBLIC        ADC_Init
  C:497FH         PUBLIC        _ADC_GetResult
  D:009DH         PUBLIC        P1ASF
  D:00BEH         PUBLIC        ADC_RESL
  D:00D0H         PUBLIC        PSW
  -------         PROC          ADC_INIT
  C:4AB4H         LINE#         7
  C:4AB4H         LINE#         8
  C:4AB4H         LINE#         10
  C:4AB6H         LINE#         11
  C:4AB8H         LINE#         12
  C:4ABAH         LINE#         13
  C:4ABDH         LINE#         14
  C:4AC0H         LINE#         15
[...]
  C:3D05H         LINE#         103
BL51 BANKED LINKER/LOCATER V6.22                                                      02/22/2019  11:09:53  PAGE 44


  C:3D05H         LINE#         104
  C:3D05H         LINE#         105
  C:3D08H         LINE#         106
  C:3D0CH         LINE#         109
  C:3D2BH         LINE#         111
  C:3D32H         LINE#         112
  C:3D32H         LINE#         113
  C:3D34H         LINE#         114
  C:3D37H         LINE#         115
  C:3D50H         LINE#         116
  C:3D50H         LINE#         117
  C:3D52H         LINE#         118
  C:3D54H         LINE#         120
  C:3D54H         LINE#         121
  C:3D56H         LINE#         123
  C:3D56H         LINE#         124
  C:3D56H         LINE#         125
  C:3D56H         LINE#         126
  C:3D59H         LINE#         127
  C:3D72H         LINE#         129
  C:3D91H         LINE#         131
  C:3D98H         LINE#         132
  C:3D98H         LINE#         133
  C:3D9AH         LINE#         134
  C:3D9DH         LINE#         135
  C:3DA4H         LINE#         136
  C:3DA4H         LINE#         137
  C:3DA6H         LINE#         138
  C:3DA8H         LINE#         140
  C:3DA8H         LINE#         141
  C:3DAAH         LINE#         143
  C:3DAAH         LINE#         144
  C:3DAAH         LINE#         145
  C:3DAAH         LINE#         146
  C:3DADH         LINE#         147
  C:3DB4H         LINE#         149
  C:3DD3H         LINE#         151
  C:3DD5H         LINE#         152
  -------         ENDPROC       _AT25SF041_WRITE
  -------         PROC          _AT25SF041_READ
  D:0003H         SYMBOL        opcode
  X:0622H         SYMBOL        addr
  -------         DO            
  X:0626H         SYMBOL        dat
  X:0627H         SYMBOL        i
  -------         ENDDO         
  C:3BDBH         LINE#         156
  C:3BDDH         LINE#         157
  C:3BDDH         LINE#         158
  C:3BE2H         LINE#         160
  C:3BE4H         LINE#         161
  C:3BEAH         LINE#         165
  C:3BEFH         LINE#         166
  C:3BEFH         LINE#         167
  C:3BF1H         LINE#         168
  C:3BF4H         LINE#         169
  C:3BF8H         LINE#         170
BL51 BANKED LINKER/LOCATER V6.22                                                      02/22/2019  11:09:53  PAGE 45


  C:3BF8H         LINE#         171
  C:3BFAH         LINE#         172
  C:3BFCH         LINE#         174
  C:3BFCH         LINE#         175
  C:3BFEH         LINE#         177
  C:3BFEH         LINE#         178
  C:3BFEH         LINE#         179
  C:3BFEH         LINE#         180
  C:3C01H         LINE#         181
  C:3C05H         LINE#         184
  C:3C24H         LINE#         186
  C:3C2BH         LINE#         187
  C:3C2BH         LINE#         188
  C:3C2DH         LINE#         189
  C:3C30H         LINE#         190
  C:3C49H         LINE#         191
  C:3C49H         LINE#         192
  C:3C4BH         LINE#         193
  C:3C4DH         LINE#         195
  C:3C4DH         LINE#         196
  C:3C4FH         LINE#         198
  C:3C4FH         LINE#         199
  C:3C4FH         LINE#         200
  C:3C4FH         LINE#         201
  C:3C52H         LINE#         202
  C:3C6BH         LINE#         204
  C:3C8AH         LINE#         207
  C:3C91H         LINE#         209
  C:3C93H         LINE#         210
  C:3C9AH         LINE#         212
  C:3CA1H         LINE#         213
  C:3CA1H         LINE#         214
  C:3CA8H         LINE#         215
  C:3CA8H         LINE#         216
  C:3CABH         LINE#         217
  C:3CADH         LINE#         218
  C:3CB0H         LINE#         220
  C:3CB3H         LINE#         221
  C:3CB3H         LINE#         223
  C:3CB7H         LINE#         224
  C:3CB7H         LINE#         230
  C:3CD6H         LINE#         233
  C:3CD8H         LINE#         234
  C:3CDBH         LINE#         235
  C:3CE0H         LINE#         237
  -------         ENDPROC       _AT25SF041_READ
  -------         PROC          READ_STATUS_REGISTER_BYTE1
  -------         DO            
  D:0003H         SYMBOL        dat
  D:0001H         SYMBOL        opcode
  X:03CFH         SYMBOL        count
  X:03D0H         SYMBOL        i
  -------         ENDDO         
  C:4253H         LINE#         241
  C:4253H         LINE#         242
  C:4253H         LINE#         243
  C:4259H         LINE#         244
BL51 BANKED LINKER/LOCATER V6.22                                                      02/22/2019  11:09:53  PAGE 46


  C:425DH         LINE#         245
  C:425FH         LINE#         246
  C:4261H         LINE#         247
  C:4267H         LINE#         251
  C:426EH         LINE#         252
  C:426EH         LINE#         253
  C:4270H         LINE#         254
  C:4273H         LINE#         255
  C:4277H         LINE#         256
  C:4277H         LINE#         257
  C:4279H         LINE#         258
  C:427BH         LINE#         260
  C:427BH         LINE#         261
  C:427DH         LINE#         263
  C:427DH         LINE#         264
  C:427DH         LINE#         265
  C:427DH         LINE#         266
  C:4280H         LINE#         267
  C:4284H         LINE#         270
  C:42A3H         LINE#         274
  C:42AAH         LINE#         276
  C:42ACH         LINE#         277
  C:42B3H         LINE#         278
  C:42BAH         LINE#         279
  C:42BAH         LINE#         280
  C:42BEH         LINE#         281
  C:42BEH         LINE#         282
  C:42C1H         LINE#         283
  C:42C3H         LINE#         284
  C:42C6H         LINE#         286
  C:42C9H         LINE#         287
  C:42C9H         LINE#         289
  C:42CDH         LINE#         290
  C:42CDH         LINE#         292
  C:42ECH         LINE#         296
  C:42EEH         LINE#         297
  C:42F1H         LINE#         298
  C:42F3H         LINE#         299
  -------         ENDPROC       READ_STATUS_REGISTER_BYTE1
  -------         PROC          SPI_NOR_WRITE_DATA
  X:03BFH         SYMBOL        dat
  X:03CAH         SYMBOL        addr
  C:3EB7H         LINE#         301
  C:3EB7H         LINE#         302
  C:3EB7H         LINE#         303
  C:3ED0H         LINE#         304
  C:3ED0H         LINE#         305
  C:3ED3H         LINE#         307
  C:3ED6H         LINE#         308
  C:3EDDH         LINE#         309
  C:3EDDH         LINE#         310
  C:3EE0H         LINE#         312
  C:3EF0H         LINE#         314
  C:3EF0H         LINE#         315
  C:3EF3H         LINE#         317
  C:3F03H         LINE#         318
  C:3F03H         LINE#         321
BL51 BANKED LINKER/LOCATER V6.22                                                      02/22/2019  11:09:53  PAGE 47


  C:3F06H         LINE#         323
  C:3F16H         LINE#         324
  C:3F16H         LINE#         326
  C:3F19H         LINE#         328
  C:3F29H         LINE#         329
  C:3F29H         LINE#         336
  C:3F2CH         LINE#         338
  C:3F3CH         LINE#         339
  C:3F3CH         LINE#         340
  C:3F3FH         LINE#         342
  C:3F4FH         LINE#         343
  C:3F4FH         LINE#         355
  C:3F52H         LINE#         357
  C:3F62H         LINE#         358
  C:3F62H         LINE#         360
  C:3F65H         LINE#         362
  C:3F75H         LINE#         363
  -------         ENDPROC       SPI_NOR_WRITE_DATA
  -------         ENDMOD        AT25SF041

  -------         MODULE        ?C_STARTUP
  C:44C2H         SEGMENT       ?C_C51STARTUP
  I:0022H         SEGMENT       ?STACK
  C:0000H         PUBLIC        ?C_STARTUP
  D:00E0H         SYMBOL        ACC
  D:00F0H         SYMBOL        B
  D:0083H         SYMBOL        DPH
  D:0082H         SYMBOL        DPL
  N:0000H         SYMBOL        IBPSTACK
  N:0100H         SYMBOL        IBPSTACKTOP
  N:0080H         SYMBOL        IDATALEN
  C:44C5H         SYMBOL        IDATALOOP
  N:0000H         SYMBOL        PBPSTACK
  N:0100H         SYMBOL        PBPSTACKTOP
  N:0000H         SYMBOL        PDATALEN
  N:0000H         SYMBOL        PDATASTART
  N:0000H         SYMBOL        PPAGE
  N:0000H         SYMBOL        PPAGEENABLE
  D:00A0H         SYMBOL        PPAGE_SFR
  D:0081H         SYMBOL        SP
  C:44C2H         SYMBOL        STARTUP1
  N:0000H         SYMBOL        XBPSTACK
  N:0000H         SYMBOL        XBPSTACKTOP
  N:0000H         SYMBOL        XDATALEN
  N:0000H         SYMBOL        XDATASTART
  C:0000H         LINE#         126
  C:44C2H         LINE#         133
  C:44C4H         LINE#         134
  C:44C5H         LINE#         135
  C:44C6H         LINE#         136
  C:44C8H         LINE#         185
  C:44CBH         LINE#         196
  -------         ENDMOD        ?C_STARTUP

  -------         MODULE        ?C?FPADD
  C:1579H         PUBLIC        ?C?FPADD
  C:1575H         PUBLIC        ?C?FPSUB
BL51 BANKED LINKER/LOCATER V6.22                                                      02/22/2019  11:09:53  PAGE 48


  -------         ENDMOD        ?C?FPADD

  -------         MODULE        ?C?FPMUL
  C:166AH         PUBLIC        ?C?FPMUL
  -------         ENDMOD        ?C?FPMUL

  -------         MODULE        ?C?FPDIV
  C:1773H         PUBLIC        ?C?FPDIV
  -------         ENDMOD        ?C?FPDIV

  -------         MODULE        ?C?FPCMP
  C:1812H         PUBLIC        ?C?FPCMP
  C:1810H         PUBLIC        ?C?FPCMP3
  -------         ENDMOD        ?C?FPCMP

  -------         MODULE        ?C?FPNEG
  C:1889H         PUBLIC        ?C?FPNEG
  -------         ENDMOD        ?C?FPNEG

  -------         MODULE        ?C?FCAST
  C:18A4H         PUBLIC        ?C?FCASTC
  C:189FH         PUBLIC        ?C?FCASTI
  C:189AH         PUBLIC        ?C?FCASTL
  -------         ENDMOD        ?C?FCAST

  -------         MODULE        ?C?CASTF
  C:18D8H         PUBLIC        ?C?CASTF
  -------         ENDMOD        ?C?CASTF

  -------         MODULE        ATAN2
  X:04D4H         PUBLIC        ?_atan2?BYTE
  C:42F4H         PUBLIC        _atan2
  -------         ENDMOD        ATAN2

  -------         MODULE        SIN
  C:36CBH         PUBLIC        _COS
  C:36E1H         PUBLIC        _SIN
  C:371DH         PUBLIC        _TAN
  -------         ENDMOD        SIN

  -------         MODULE        ACOS
  C:4803H         PUBLIC        _ACOS
  -------         ENDMOD        ACOS

  -------         MODULE        ASIN
  C:4911H         PUBLIC        _ASIN
  -------         ENDMOD        ASIN

  -------         MODULE        SQRT
  C:41ABH         PUBLIC        _SQRT
  -------         ENDMOD        SQRT

  -------         MODULE        ATAN
  C:3AD9H         PUBLIC        _ATAN
  -------         ENDMOD        ATAN

  -------         MODULE        ?C?COPY
BL51 BANKED LINKER/LOCATER V6.22                                                      02/22/2019  11:09:53  PAGE 49


  C:1A76H         PUBLIC        ?C?COPY
  -------         ENDMOD        ?C?COPY

  -------         MODULE        ?C?CLDPTR
  C:1A9CH         PUBLIC        ?C?CLDPTR
  -------         ENDMOD        ?C?CLDPTR

  -------         MODULE        ?C?CLDOPTR
  C:1AB5H         PUBLIC        ?C?CLDOPTR
  -------         ENDMOD        ?C?CLDOPTR

  -------         MODULE        ?C?CSTPTR
  C:1AE2H         PUBLIC        ?C?CSTPTR
  -------         ENDMOD        ?C?CSTPTR

  -------         MODULE        ?C?IMUL
  C:1AF4H         PUBLIC        ?C?IMUL
  -------         ENDMOD        ?C?IMUL

  -------         MODULE        ?C?UIDIV
  C:1B06H         PUBLIC        ?C?UIDIV
  -------         ENDMOD        ?C?UIDIV

  -------         MODULE        ?C?SIDIV
  C:1B5BH         PUBLIC        ?C?SIDIV
  -------         ENDMOD        ?C?SIDIV

  -------         MODULE        ?C?ILDIX
  C:1B91H         PUBLIC        ?C?ILDIX
  -------         ENDMOD        ?C?ILDIX

  -------         MODULE        ?C?ILDOPTR
  C:1BA7H         PUBLIC        ?C?ILDOPTR
  -------         ENDMOD        ?C?ILDOPTR

  -------         MODULE        ?C?ISTPTR
  C:1BDFH         PUBLIC        ?C?ISTPTR
  -------         ENDMOD        ?C?ISTPTR

  -------         MODULE        ?C?LMUL
  C:1BFEH         PUBLIC        ?C?LMUL
  -------         ENDMOD        ?C?LMUL

  -------         MODULE        ?C?SLDIV
  C:484DH         PUBLIC        ?C?SLDIV
  -------         ENDMOD        ?C?SLDIV

  -------         MODULE        ?C?LNEG
  C:1C4DH         PUBLIC        ?C?LNEG
  -------         ENDMOD        ?C?LNEG

  -------         MODULE        ?C?ULCMP
  C:1C5BH         PUBLIC        ?C?ULCMP
  -------         ENDMOD        ?C?ULCMP

  -------         MODULE        ?C?LSHL
  C:1C6CH         PUBLIC        ?C?LSHL
BL51 BANKED LINKER/LOCATER V6.22                                                      02/22/2019  11:09:53  PAGE 50


  -------         ENDMOD        ?C?LSHL

  -------         MODULE        ?C?LLDPTR
  C:1C7FH         PUBLIC        ?C?LLDPTR
  -------         ENDMOD        ?C?LLDPTR

  -------         MODULE        ?C?LLDOPTR
  C:1C9FH         PUBLIC        ?C?LLDOPTR
  -------         ENDMOD        ?C?LLDOPTR

  -------         MODULE        ?C?LSTPTR
  C:1CCFH         PUBLIC        ?C?LSTPTR
  -------         ENDMOD        ?C?LSTPTR

  -------         MODULE        ?C?LSTOPTR
  C:1CE9H         PUBLIC        ?C?LSTOPTR
  -------         ENDMOD        ?C?LSTOPTR

  -------         MODULE        ?C?LLDXDATA
  C:1D0DH         PUBLIC        ?C?LLDXDATA
  -------         ENDMOD        ?C?LLDXDATA

  -------         MODULE        ?C?LLDCODE
  C:1D19H         PUBLIC        ?C?LLDCODE
  -------         ENDMOD        ?C?LLDCODE

  -------         MODULE        ?C?LLDXDATA0
  C:1D29H         PUBLIC        ?C?LLDXDATA0
  -------         ENDMOD        ?C?LLDXDATA0

  -------         MODULE        ?C?LLDCODE0
  C:1D35H         PUBLIC        ?C?LLDCODE0
  -------         ENDMOD        ?C?LLDCODE0

  -------         MODULE        ?C?LLDPTR0
  C:1D45H         PUBLIC        ?C?LLDPTR0
  -------         ENDMOD        ?C?LLDPTR0

  -------         MODULE        ?C?LSTXDATA
  C:1D65H         PUBLIC        ?C?LSTXDATA
  -------         ENDMOD        ?C?LSTXDATA

  -------         MODULE        ?C?LSTKXDATA
  C:1D71H         PUBLIC        ?C?LSTKXDATA
  -------         ENDMOD        ?C?LSTKXDATA

  -------         MODULE        ?C?LSTKPTR
  C:1DA2H         PUBLIC        ?C?LSTKPTR
  -------         ENDMOD        ?C?LSTKPTR

  -------         MODULE        ?C?OFFXADD
  C:1DBCH         PUBLIC        ?C?OFFXADD
  -------         ENDMOD        ?C?OFFXADD

  -------         MODULE        ABS
  C:4C39H         PUBLIC        _ABS
  -------         ENDMOD        ABS
BL51 BANKED LINKER/LOCATER V6.22                                                      02/22/2019  11:09:53  PAGE 51



  -------         MODULE        ATOI
  C:3DDCH         PUBLIC        _atoi
  -------         ENDMOD        ATOI

  -------         MODULE        ?C?IILDX
  C:1DC8H         PUBLIC        ?C?IILDX
  -------         ENDMOD        ?C?IILDX

  -------         MODULE        ?C?ULDIV
  C:1E1AH         PUBLIC        ?C?ULDIV
  -------         ENDMOD        ?C?ULDIV

  -------         MODULE        ?C?LLDIDATA
  C:1EACH         PUBLIC        ?C?LLDIDATA
  -------         ENDMOD        ?C?LLDIDATA

  -------         MODULE        ?C?LLDPDATA
  C:1EB8H         PUBLIC        ?C?LLDPDATA
  -------         ENDMOD        ?C?LLDPDATA

  -------         MODULE        ?C?LLDIDATA0
  C:1EC4H         PUBLIC        ?C?LLDIDATA0
  -------         ENDMOD        ?C?LLDIDATA0

  -------         MODULE        ?C?LLDPDATA0
  C:1ED1H         PUBLIC        ?C?LLDPDATA0
  -------         ENDMOD        ?C?LLDPDATA0

  -------         MODULE        ?C?LSTIDATA
  C:1EDEH         PUBLIC        ?C?LSTIDATA
  -------         ENDMOD        ?C?LSTIDATA

  -------         MODULE        ?C?LSTPDATA
  C:1EEAH         PUBLIC        ?C?LSTPDATA
  -------         ENDMOD        ?C?LSTPDATA

  -------         MODULE        ?C?LSTKIDATA
  C:1EF6H         PUBLIC        ?C?LSTKIDATA
  -------         ENDMOD        ?C?LSTKIDATA

  -------         MODULE        ?C?LSTKPDATA
  C:1F0FH         PUBLIC        ?C?LSTKPDATA
  -------         ENDMOD        ?C?LSTKPDATA

  -------         MODULE        ISDIGIT
  C:4C11H         PUBLIC        _isdigit
  -------         ENDMOD        ISDIGIT

  -------         MODULE        ISSPACE
  C:4BACH         PUBLIC        _isspace
  -------         ENDMOD        ISSPACE

*** WARNING L16: UNCALLED SEGMENT, IGNORED FOR OVERLAY PROCESS
    SEGMENT: ?PR?_DISPLAY_PROX?MAIN

*** WARNING L16: UNCALLED SEGMENT, IGNORED FOR OVERLAY PROCESS
BL51 BANKED LINKER/LOCATER V6.22                                                      02/22/2019  11:09:53  PAGE 52


    SEGMENT: ?PR?_DAY_OF_YEAR?PCF85063BTL

*** WARNING L16: UNCALLED SEGMENT, IGNORED FOR OVERLAY PROCESS
    SEGMENT: ?PR?INITUART1?UART1

*** WARNING L16: UNCALLED SEGMENT, IGNORED FOR OVERLAY PROCESS
    SEGMENT: ?PR?_SENDSTRING?UART1

*** WARNING L16: UNCALLED SEGMENT, IGNORED FOR OVERLAY PROCESS
    SEGMENT: ?PR?_TEN?UART1

*** WARNING L16: UNCALLED SEGMENT, IGNORED FOR OVERLAY PROCESS
    SEGMENT: ?PR?_UNIT?UART1

*** WARNING L16: UNCALLED SEGMENT, IGNORED FOR OVERLAY PROCESS
    SEGMENT: ?PR?_DECTOBCD?UART1

*** WARNING L16: UNCALLED SEGMENT, IGNORED FOR OVERLAY PROCESS
    SEGMENT: ?PR?_ASCII_LETTER?UART1

*** WARNING L16: UNCALLED SEGMENT, IGNORED FOR OVERLAY PROCESS
    SEGMENT: ?PR?_ASCIITOBCD?UART1

*** WARNING L16: UNCALLED SEGMENT, IGNORED FOR OVERLAY PROCESS
    SEGMENT: ?PR?WAIT?BIPOLARMOTOR

*** WARNING L16: UNCALLED SEGMENT, IGNORED FOR OVERLAY PROCESS
    SEGMENT: ?PR?_FINDDET4X4?BIPOLARMOTOR

*** WARNING L16: UNCALLED SEGMENT, IGNORED FOR OVERLAY PROCESS
    SEGMENT: ?PR?NOP?IOEXPANDER_PI4IOE5V96248

*** WARNING L16: UNCALLED SEGMENT, IGNORED FOR OVERLAY PROCESS
    SEGMENT: ?PR?UC_ACK?IOEXPANDER_PI4IOE5V96248

*** WARNING L16: UNCALLED SEGMENT, IGNORED FOR OVERLAY PROCESS
    SEGMENT: ?PR?UC_NACK?IOEXPANDER_PI4IOE5V96248

*** WARNING L16: UNCALLED SEGMENT, IGNORED FOR OVERLAY PROCESS
    SEGMENT: ?PR?_AT25SF041_READ?AT25SF041

*** WARNING L1: UNRESOLVED EXTERNAL SYMBOL
    SYMBOL:  AUTO_MODE
    MODULE:  .\Obj\main.obj (MAIN)

*** WARNING L2: REFERENCE MADE TO UNRESOLVED EXTERNAL
    SYMBOL:  AUTO_MODE
    MODULE:  .\Obj\main.obj (MAIN)
    ADDRESS: 0B41H

*** WARNING L2: REFERENCE MADE TO UNRESOLVED EXTERNAL
    SYMBOL:  AUTO_MODE
    MODULE:  .\Obj\main.obj (MAIN)
    ADDRESS: 0CB6H

*** WARNING L2: REFERENCE MADE TO UNRESOLVED EXTERNAL
    SYMBOL:  AUTO_MODE
BL51 BANKED LINKER/LOCATER V6.22                                                      02/22/2019  11:09:53  PAGE 53


    MODULE:  .\Obj\main.obj (MAIN)
    ADDRESS: 0CC4H

*** WARNING L2: REFERENCE MADE TO UNRESOLVED EXTERNAL
    SYMBOL:  AUTO_MODE
    MODULE:  .\Obj\main.obj (MAIN)
    ADDRESS: 0CD6H

*** WARNING L2: REFERENCE MADE TO UNRESOLVED EXTERNAL
    SYMBOL:  AUTO_MODE
    MODULE:  .\Obj\main.obj (MAIN)
    ADDRESS: 0D18H

*** WARNING L2: REFERENCE MADE TO UNRESOLVED EXTERNAL
    SYMBOL:  AUTO_MODE
    MODULE:  .\Obj\main.obj (MAIN)
    ADDRESS: 0DEBH

*** WARNING L1: UNRESOLVED EXTERNAL SYMBOL
    SYMBOL:  _SENDUART1
    MODULE:  .\Obj\UART1.obj (UART1)

*** WARNING L2: REFERENCE MADE TO UNRESOLVED EXTERNAL
    SYMBOL:  _SENDUART1
    MODULE:  .\Obj\UART1.obj (UART1)
    ADDRESS: 497AH

*** WARNING L1: UNRESOLVED EXTERNAL SYMBOL
    SYMBOL:  AUTO_MODE
    MODULE:  .\Obj\KeyPad.obj (KEYPAD)

*** WARNING L2: REFERENCE MADE TO UNRESOLVED EXTERNAL
    SYMBOL:  AUTO_MODE
    MODULE:  .\Obj\KeyPad.obj (KEYPAD)
    ADDRESS: 30D2H

*** WARNING L2: REFERENCE MADE TO UNRESOLVED EXTERNAL
    SYMBOL:  AUTO_MODE
    MODULE:  .\Obj\KeyPad.obj (KEYPAD)
    ADDRESS: 30DDH

*** WARNING L2: REFERENCE MADE TO UNRESOLVED EXTERNAL
    SYMBOL:  AUTO_MODE
    MODULE:  .\Obj\KeyPad.obj (KEYPAD)
    ADDRESS: 30E4H

Program Size: data=10.2 xdata=1591 code=19563
LINK/LOCATE RUN COMPLETE.  28 WARNING(S),  0 ERROR(S)
