BL51 BANKED LINKER/LOCATER V6.22                                                        08/21/2019  10:18:24  PAGE 1


BL51 BANKED LINKER/LOCATER V6.22, INVOKED BY:
C:\KEIL_V5\C51\BIN\BL51.EXE .\Obj\main.obj, .\Obj\PCF85063BTL.obj, .\Obj\LCd_Driver_SPLC780D.obj, .\Obj\KeyPad.obj, .\Ob
>> j\BipolarMotor.obj, .\Obj\SunPos.obj, .\Obj\ADC.obj, .\Obj\Calibration.obj, .\Obj\IOExpander_PI4IOE5V96248.obj, .\Obj
>> \AT25SF041.obj, .\Obj\SI1120.obj, .\Obj\UART1.obj, .\Obj\STARTUP.obj TO .\Obj\GPIO_RTC_Test RTX51TINY PRINT (.\Lis\GP
>> IO_RTC_Test.m51) RAMSIZE (256)


MEMORY MODEL: LARGE WITH FLOATING POINT ARITHMETIC


INPUT MODULES INCLUDED:
  .\Obj\main.obj (MAIN)
  .\Obj\PCF85063BTL.obj (PCF85063BTL)
  .\Obj\LCd_Driver_SPLC780D.obj (LCD_DRIVER_SPLC780D)
  .\Obj\KeyPad.obj (KEYPAD)
  .\Obj\BipolarMotor.obj (BIPOLARMOTOR)
  .\Obj\SunPos.obj (SUNPOS)
  .\Obj\ADC.obj (ADC)
  .\Obj\Calibration.obj (CALIBRATION)
  .\Obj\IOExpander_PI4IOE5V96248.obj (IOEXPANDER_PI4IOE5V96248)
  .\Obj\AT25SF041.obj (AT25SF041)
  .\Obj\SI1120.obj (SI1120)
  .\Obj\UART1.obj (UART1)
  .\Obj\STARTUP.obj (?C_STARTUP)
  C:\KEIL_V5\C51\LIB\C51FPL.LIB (?C?FPADD)
  C:\KEIL_V5\C51\LIB\C51FPL.LIB (?C?FPMUL)
  C:\KEIL_V5\C51\LIB\C51FPL.LIB (?C?FPDIV)
  C:\KEIL_V5\C51\LIB\C51FPL.LIB (?C?FPCMP)
  C:\KEIL_V5\C51\LIB\C51FPL.LIB (?C?FPNEG)
  C:\KEIL_V5\C51\LIB\C51FPL.LIB (?C?FCAST)
  C:\KEIL_V5\C51\LIB\C51FPL.LIB (?C?CASTF)
  C:\KEIL_V5\C51\LIB\C51FPL.LIB (PRINTF)
  C:\KEIL_V5\C51\LIB\C51FPL.LIB (FABS)
  C:\KEIL_V5\C51\LIB\C51FPL.LIB (ATAN2)
  C:\KEIL_V5\C51\LIB\C51FPL.LIB (SIN)
  C:\KEIL_V5\C51\LIB\C51FPL.LIB (ACOS)
  C:\KEIL_V5\C51\LIB\C51FPL.LIB (ASIN)
  C:\KEIL_V5\C51\LIB\C51FPL.LIB (POW)
  C:\KEIL_V5\C51\LIB\C51FPL.LIB (?C?FPGETOPN)
  C:\KEIL_V5\C51\LIB\C51FPL.LIB (?C?CHKFLOAT)
  C:\KEIL_V5\C51\LIB\C51FPL.LIB (?C?FPROUND)
  C:\KEIL_V5\C51\LIB\C51FPL.LIB (?C?FPCONVERT)
  C:\KEIL_V5\C51\LIB\C51FPL.LIB (?C?FPSERIES)
  C:\KEIL_V5\C51\LIB\C51FPL.LIB (EXP)
  C:\KEIL_V5\C51\LIB\C51FPL.LIB (LOG)
  C:\KEIL_V5\C51\LIB\C51FPL.LIB (SQRT)
  C:\KEIL_V5\C51\LIB\C51FPL.LIB (ATAN)
  C:\KEIL_V5\C51\LIB\C51FPL.LIB (?C?FTNPWR)
  C:\KEIL_V5\C51\LIB\C51L.LIB (?C_INIT)
  C:\KEIL_V5\C51\LIB\C51L.LIB (?C?COPY)
  C:\KEIL_V5\C51\LIB\C51L.LIB (?C?CLDPTR)
  C:\KEIL_V5\C51\LIB\C51L.LIB (?C?CLDOPTR)
  C:\KEIL_V5\C51\LIB\C51L.LIB (?C?CSTPTR)
  C:\KEIL_V5\C51\LIB\C51L.LIB (?C?IMUL)
  C:\KEIL_V5\C51\LIB\C51L.LIB (?C?UIDIV)
  C:\KEIL_V5\C51\LIB\C51L.LIB (?C?SIDIV)
  C:\KEIL_V5\C51\LIB\C51L.LIB (?C?ILDIX)
  C:\KEIL_V5\C51\LIB\C51L.LIB (?C?ILDOPTR)
BL51 BANKED LINKER/LOCATER V6.22                                                      08/21/2019  10:18:24  PAGE 2


  C:\KEIL_V5\C51\LIB\C51L.LIB (?C?ISTPTR)
  C:\KEIL_V5\C51\LIB\C51L.LIB (?C?LMUL)
  C:\KEIL_V5\C51\LIB\C51L.LIB (?C?SLDIV)
  C:\KEIL_V5\C51\LIB\C51L.LIB (?C?LNEG)
  C:\KEIL_V5\C51\LIB\C51L.LIB (?C?ULCMP)
  C:\KEIL_V5\C51\LIB\C51L.LIB (?C?LSHL)
  C:\KEIL_V5\C51\LIB\C51L.LIB (?C?LLDPTR)
  C:\KEIL_V5\C51\LIB\C51L.LIB (?C?LLDOPTR)
  C:\KEIL_V5\C51\LIB\C51L.LIB (?C?LSTPTR)
  C:\KEIL_V5\C51\LIB\C51L.LIB (?C?LSTOPTR)
  C:\KEIL_V5\C51\LIB\C51L.LIB (?C?LLDXDATA)
  C:\KEIL_V5\C51\LIB\C51L.LIB (?C?LLDCODE)
  C:\KEIL_V5\C51\LIB\C51L.LIB (?C?LLDXDATA0)
  C:\KEIL_V5\C51\LIB\C51L.LIB (?C?LLDCODE0)
  C:\KEIL_V5\C51\LIB\C51L.LIB (?C?LLDPTR0)
  C:\KEIL_V5\C51\LIB\C51L.LIB (?C?LSTXDATA)
  C:\KEIL_V5\C51\LIB\C51L.LIB (?C?LSTKXDATA)
  C:\KEIL_V5\C51\LIB\C51L.LIB (?C?LSTKPTR)
  C:\KEIL_V5\C51\LIB\C51L.LIB (?C?OFFXADD)
  C:\KEIL_V5\C51\LIB\C51L.LIB (?C?PLDIXDATA)
  C:\KEIL_V5\C51\LIB\C51L.LIB (?C?PSTXDATA)
  C:\KEIL_V5\C51\LIB\C51L.LIB (?C?CCASE)
  C:\KEIL_V5\C51\LIB\C51L.LIB (PUTCHAR)
  C:\KEIL_V5\C51\LIB\C51L.LIB (ABS)
  C:\KEIL_V5\C51\LIB\C51L.LIB (ATOI)
  C:\KEIL_V5\C51\LIB\C51L.LIB (?C?IILDX)
  C:\KEIL_V5\C51\LIB\C51L.LIB (?C?ULDIV)
  C:\KEIL_V5\C51\LIB\C51L.LIB (?C?LLDIDATA)
  C:\KEIL_V5\C51\LIB\C51L.LIB (?C?LLDPDATA)
  C:\KEIL_V5\C51\LIB\C51L.LIB (?C?LLDIDATA0)
  C:\KEIL_V5\C51\LIB\C51L.LIB (?C?LLDPDATA0)
  C:\KEIL_V5\C51\LIB\C51L.LIB (?C?LSTIDATA)
  C:\KEIL_V5\C51\LIB\C51L.LIB (?C?LSTPDATA)
  C:\KEIL_V5\C51\LIB\C51L.LIB (?C?LSTKIDATA)
  C:\KEIL_V5\C51\LIB\C51L.LIB (?C?LSTKPDATA)
  C:\KEIL_V5\C51\LIB\C51L.LIB (ISDIGIT)
  C:\KEIL_V5\C51\LIB\C51L.LIB (ISSPACE)


LINK MAP OF MODULE:  .\Obj\GPIO_RTC_Test (MAIN)


            TYPE    BASE      LENGTH    RELOCATION   SEGMENT NAME
            -----------------------------------------------------

            * * * * * * *   D A T A   M E M O R Y   * * * * * * *
            REG     0000H     0008H     ABSOLUTE     "REG BANK 0"
            DATA    0008H     0005H     UNIT         _DATA_GROUP_
                    000DH     0013H                  *** GAP ***
            BIT     0020H.0   0001H.2   UNIT         _BIT_GROUP_
            BIT     0021H.2   0000H.1   UNIT         ?BI?MAIN
            BIT     0021H.3   0000H.1   UNIT         ?BI?_MOVE?BIPOLARMOTOR
            BIT     0021H.4   0000H.1   UNIT         ?BI?_ATOI?ATOI
                    0021H.5   0000H.3                *** GAP ***
            IDATA   0022H     0001H     UNIT         ?STACK

            * * * * * * *  X D A T A   M E M O R Y  * * * * * * *
BL51 BANKED LINKER/LOCATER V6.22                                                      08/21/2019  10:18:24  PAGE 3


            XDATA   0000H     03BCH     UNIT         ?XD?BIPOLARMOTOR
            XDATA   03BCH     0121H     UNIT         ?XD?MAIN
            XDATA   04DDH     00D2H     UNIT         _XDATA_GROUP_
            XDATA   05AFH     00CDH     UNIT         ?XD?_FIND_REAL_MAX?CALIBRATION
            XDATA   067CH     0024H     UNIT         ?XD?_CALIBRATION?CALIBRATION
            XDATA   06A0H     0019H     UNIT         ?XD?KEYPAD
            XDATA   06B9H     0018H     UNIT         ?XD?VOLTAGE_IS_STABLE?CALIBRATION
            XDATA   06D1H     000EH     UNIT         ?XD?SPI_NOR_WRITE_DATA?AT25SF041
            XDATA   06DFH     0005H     UNIT         ?XD?_ELEVATION_CALCULATION?BIPOLARMOTOR
            XDATA   06E4H     0005H     UNIT         ?XD?_ATOI?ATOI
            XDATA   06E9H     0004H     UNIT         ?XD?_MOVE?BIPOLARMOTOR
            XDATA   06EDH     0004H     UNIT         ?XD?_MAX_VALUE?CALIBRATION
            XDATA   06F1H     0001H     UNIT         ?XD?UC_ACK?IOEXPANDER_PI4IOE5V96248
            XDATA   06F2H     0001H     UNIT         ?XD?UC_NACK?IOEXPANDER_PI4IOE5V96248

            * * * * * * *   C O D E   M E M O R Y   * * * * * * *
            CODE    0000H     0003H     ABSOLUTE     
            CODE    0003H     0003H     ABSOLUTE     
            CODE    0006H     0005H     UNIT         ?PR?_UNIT?UART1
            CODE    000BH     0003H     ABSOLUTE     
            CODE    000EH     000DH     UNIT         ?PR?UART?MAIN
            CODE    001BH     0003H     ABSOLUTE     
            CODE    001EH     0005H     UNIT         ?PR?_ASCII_LETTER?UART1
            CODE    0023H     0003H     ABSOLUTE     
            CODE    0026H     0BC8H     UNIT         ?C?LIB_CODE
            CODE    0BEEH     093CH     UNIT         ?PR?MAIN?MAIN
            CODE    152AH     07A2H     UNIT         ?PR?SUNPOS?SUNPOS
            CODE    1CCCH     06F4H     UNIT         ?PR?_FIND_REAL_MAX?CALIBRATION
            CODE    23C0H     05D1H     UNIT         ?PR?_UPDATE_POSITION?BIPOLARMOTOR
            CODE    2991H     04FBH     UNIT         ?PR?_THEORICALJP_POSITION?BIPOLARMOTOR
            CODE    2E8CH     0483H     UNIT         ?PR?PRINTF?PRINTF
            CODE    330FH     041AH     UNIT         ?C_INITSEG
            CODE    3729H     038CH     UNIT         ?PR?KEY_PROCESS?KEYPAD
            CODE    3AB5H     0380H     UNIT         ?PR?_ELEVATION_CALCULATION?BIPOLARMOTOR
            CODE    3E35H     01C7H     UNIT         ?PR?_CALIBRATION?CALIBRATION
            CODE    3FFCH     018DH     UNIT         ?PR?KEY_SCAN?KEYPAD
            CODE    4189H     0189H     UNIT         ?PR?SPI_NOR_WRITE_DATA?AT25SF041
            CODE    4312H     0188H     UNIT         ?PR?SIN?SIN
            CODE    449AH     0166H     UNIT         ?PR?_POW?POW
            CODE    4600H     0155H     UNIT         ?PR?_DISPLAY_POS?LCD_DRIVER_SPLC780D
            CODE    4755H     0129H     UNIT         ?PR?LOG?LOG
            CODE    487EH     0122H     UNIT         ?PR?ATAN?ATAN
            CODE    49A0H     0110H     UNIT         ?PR?_AT25SF041_READ?AT25SF041
            CODE    4AB0H     0102H     UNIT         ?PR?_AT25SF041_WRITE?AT25SF041
            CODE    4BB2H     00F5H     UNIT         ?PR?EXINT0?MAIN
            CODE    4CA7H     00DBH     UNIT         ?PR?_ATOI?ATOI
            CODE    4D82H     00C3H     UNIT         ?PR?LINEAR_INTERPOLATE?BIPOLARMOTOR
            CODE    4E45H     00BBH     UNIT         ?PR?VOLTAGE_IS_STABLE?CALIBRATION
            CODE    4F00H     00ADH     UNIT         ?PR?_WRITE_PI4IOE5V96248?IOEXPANDER_PI4IOE5V96248
            CODE    4FADH     00ACH     UNIT         ?PR?SQRT?SQRT
            CODE    5059H     00A1H     UNIT         ?PR?UCREAD_STATUS_REGISTER_BYTE1?AT25SF041
            CODE    50FAH     009DH     UNIT         ?PR?_ATAN2?ATAN2
            CODE    5197H     009CH     UNIT         ?PR?_MAX_VALUE?CALIBRATION
            CODE    5233H     009AH     UNIT         ?PR?EXP?EXP
            CODE    52CDH     008CH     UNIT         ?C_C51STARTUP
            CODE    5359H     0088H     UNIT         ?PR?_DAY_OF_YEAR?PCF85063BTL
            CODE    53E1H     0079H     UNIT         ?PR?_WRITEDATA?LCD_DRIVER_SPLC780D
BL51 BANKED LINKER/LOCATER V6.22                                                      08/21/2019  10:18:24  PAGE 4


            CODE    545AH     0072H     UNIT         ?PR?AT25SF041_WRITEENABLE?AT25SF041
            CODE    54CCH     006FH     UNIT         ?PR?_READ_TIME?PCF85063BTL
            CODE    553BH     005AH     UNIT         ?PR?AT25SF041_CHIPERASE?AT25SF041
            CODE    5595H     0059H     UNIT         ?PR?LCD_INIT?LCD_DRIVER_SPLC780D
            CODE    55EEH     0052H     UNIT         ?CO?MAIN
            CODE    5640H     004BH     UNIT         ?CO?UART1
            CODE    568BH     004AH     UNIT         ?PR?VONESTEPMOVE?BIPOLARMOTOR
            CODE    56D5H     004AH     UNIT         ?PR?ACOS?ACOS
            CODE    571FH     0044H     UNIT         ?C?LDIV
            CODE    5763H     0040H     UNIT         ?PR?_COMMAND?LCD_DRIVER_SPLC780D
            CODE    57A3H     0040H     UNIT         ?PR?_STEP_MOVE?BIPOLARMOTOR
            CODE    57E3H     003BH     UNIT         ?PR?ASIN?ASIN
            CODE    581EH     0033H     UNIT         ?PR?_SENDSTRING?UART1
            CODE    5851H     0031H     UNIT         ?PR?SI1120_CONFIG_MODE_VIRH?SI1120
            CODE    5882H     002BH     UNIT         ?PR?_WAIT_MS_I2C?IOEXPANDER_PI4IOE5V96248
            CODE    58ADH     002BH     UNIT         ?PR?_WAIT_MS_SPINOR?AT25SF041
            CODE    58D8H     002AH     UNIT         ?PR?_ADC_GETRESULT?ADC
            CODE    5902H     0028H     UNIT         ?PR?_MOVE?BIPOLARMOTOR
            CODE    592AH     0028H     UNIT         ?CO?CALIBRATION
            CODE    5952H     0027H     UNIT         ?PR?_I2C_SENDBYTE?IOEXPANDER_PI4IOE5V96248
            CODE    5979H     0027H     UNIT         ?PR?PUTCHAR?PUTCHAR
            CODE    59A0H     0025H     UNIT         ?PR?_FINDCLOSESTSAMEDAYCALIBTIME?CALIBRATION
            CODE    59C5H     0024H     UNIT         ?PR?_WAIT_MS?LCD_DRIVER_SPLC780D
            CODE    59E9H     0024H     UNIT         ?PR?_UART1_SENDTOTCPSERVER?UART1
            CODE    5A0DH     0021H     UNIT         ?PR?TM0_ISR?MAIN
            CODE    5A2EH     0020H     UNIT         ?PR?_SPI_SENDBYTE?PCF85063BTL
            CODE    5A4EH     0020H     UNIT         ?PR?SPI_RECEIVEBYTE?PCF85063BTL
            CODE    5A6EH     001EH     UNIT         ?PR?_DELAY_MS?KEYPAD
            CODE    5A8CH     001DH     UNIT         ?PR?_DISPLAYLCD?LCD_DRIVER_SPLC780D
            CODE    5AA9H     001BH     UNIT         ?PR?_BCDTODEC1?BIPOLARMOTOR
            CODE    5AC4H     001AH     UNIT         ?PR?ADC_INIT?ADC
            CODE    5ADEH     0018H     UNIT         ?PR?_SPI_WRITETIME?PCF85063BTL
            CODE    5AF6H     0017H     UNIT         ?PR?_ASCIITOBCD?UART1
            CODE    5B0DH     0016H     UNIT         ?PR?I2C_ACK?IOEXPANDER_PI4IOE5V96248
            CODE    5B23H     0015H     UNIT         ?PR?_DISPLAY_LINE?LCD_DRIVER_SPLC780D
            CODE    5B38H     0015H     UNIT         ?PR?VSETLOCATION?BIPOLARMOTOR
            CODE    5B4DH     0015H     UNIT         ?PR?I2C_STOP?IOEXPANDER_PI4IOE5V96248
            CODE    5B62H     0014H     UNIT         ?PR?_PCF85063BTL_DELAY?PCF85063BTL
            CODE    5B76H     0014H     UNIT         ?PR?_ISSPACE?ISSPACE
            CODE    5B8AH     0011H     UNIT         ?PR?_SPI_READTIME?PCF85063BTL
            CODE    5B9BH     0011H     UNIT         ?PR?_BCDTODEC?PCF85063BTL
            CODE    5BACH     0011H     UNIT         ?PR?INITUART1?UART1
            CODE    5BBDH     000FH     UNIT         ?PR?I2C_START?IOEXPANDER_PI4IOE5V96248
            CODE    5BCCH     000FH     UNIT         ?PR?UC_NACK?IOEXPANDER_PI4IOE5V96248
            CODE    5BDBH     000FH     UNIT         ?PR?_ISDIGIT?ISDIGIT
            CODE    5BEAH     000DH     UNIT         ?PR?SPI_INIT?PCF85063BTL
            CODE    5BF7H     000DH     UNIT         ?PR?ENABLE_EXTINT0?SI1120
            CODE    5C04H     000DH     UNIT         ?PR?_FABS?FABS
            CODE    5C11H     000CH     UNIT         ?PR?KEYPAD_IO_INIT?KEYPAD
            CODE    5C1DH     000CH     UNIT         ?PR?_ABS?ABS
            CODE    5C29H     000AH     UNIT         ?PR?LCD_RETURN_HOME?LCD_DRIVER_SPLC780D
            CODE    5C33H     000AH     UNIT         ?PR?LCD_CLEAR?LCD_DRIVER_SPLC780D
            CODE    5C3DH     0009H     UNIT         ?PR?TM1_ISR?MAIN
            CODE    5C46H     0009H     UNIT         ?PR?_SENDUART1?MAIN
            CODE    5C4FH     0009H     UNIT         ?PR?UART1_INITTCPCONN?UART1
            CODE    5C58H     0006H     UNIT         ?PR?UC_ACK?IOEXPANDER_PI4IOE5V96248
            CODE    5C5EH     0006H     UNIT         ?PR?_TEN?UART1
BL51 BANKED LINKER/LOCATER V6.22                                                      08/21/2019  10:18:24  PAGE 5


            CODE    5C64H     0001H     UNIT         ?PR?NOP?IOEXPANDER_PI4IOE5V96248
            CODE    5C65H     0001H     UNIT         ?PR?_DECTOBCD?UART1



OVERLAY MAP OF MODULE:   .\Obj\GPIO_RTC_Test (MAIN)


SEGMENT                                             BIT_GROUP          DATA_GROUP          XDATA_GROUP
  +--> CALLED SEGMENT                            START    LENGTH     START    LENGTH     START    LENGTH
--------------------------------------------------------------------------------------------------------
?PR?EXINT0?MAIN                                  -----    -----      -----    -----      -----    -----
  +--> ?PR?_POW?POW

?PR?_POW?POW                                     -----    -----      -----    -----      04DDH    000AH
  +--> ?PR?LOG?LOG
  +--> ?PR?EXP?EXP

?PR?LOG?LOG                                      0020H.0  0000H.1    -----    -----      04E7H    0004H

*** NEW ROOT ***************************************************

?C_C51STARTUP                                    -----    -----      -----    -----      -----    -----
  +--> ?PR?MAIN?MAIN
  +--> ?C_INITSEG

?PR?MAIN?MAIN                                    -----    -----      -----    -----      04EBH    002EH
  +--> ?PR?LCD_INIT?LCD_DRIVER_SPLC780D
  +--> ?PR?SPI_INIT?PCF85063BTL
  +--> ?PR?KEYPAD_IO_INIT?KEYPAD
  +--> ?PR?ADC_INIT?ADC
  +--> ?PR?SI1120_CONFIG_MODE_VIRH?SI1120
  +--> ?PR?ENABLE_EXTINT0?SI1120
  +--> ?PR?VSETLOCATION?BIPOLARMOTOR
  +--> ?PR?_SPI_WRITETIME?PCF85063BTL
  +--> ?PR?_DELAY_MS?KEYPAD
  +--> ?PR?_DISPLAY_LINE?LCD_DRIVER_SPLC780D
  +--> ?PR?_WRITEDATA?LCD_DRIVER_SPLC780D
  +--> ?PR?INITUART1?UART1
  +--> ?PR?UART1_INITTCPCONN?UART1
  +--> ?CO?MAIN
  +--> ?PR?_UART1_SENDTOTCPSERVER?UART1
  +--> ?PR?AT25SF041_WRITEENABLE?AT25SF041
  +--> ?PR?_WAIT_MS_SPINOR?AT25SF041
  +--> ?PR?AT25SF041_CHIPERASE?AT25SF041
  +--> ?PR?_AT25SF041_WRITE?AT25SF041
  +--> ?PR?KEY_PROCESS?KEYPAD
  +--> ?PR?_COMMAND?LCD_DRIVER_SPLC780D
  +--> ?PR?_DISPLAY_POS?LCD_DRIVER_SPLC780D
  +--> ?PR?_DISPLAYLCD?LCD_DRIVER_SPLC780D
  +--> ?PR?_STEP_MOVE?BIPOLARMOTOR
  +--> ?PR?LCD_RETURN_HOME?LCD_DRIVER_SPLC780D
  +--> ?PR?_READ_TIME?PCF85063BTL
  +--> ?PR?_BCDTODEC1?BIPOLARMOTOR
  +--> ?PR?_SENDSTRING?UART1
  +--> ?PR?_AT25SF041_READ?AT25SF041
  +--> ?PR?LINEAR_INTERPOLATE?BIPOLARMOTOR
BL51 BANKED LINKER/LOCATER V6.22                                                      08/21/2019  10:18:24  PAGE 6


  +--> ?PR?_FINDCLOSESTSAMEDAYCALIBTIME?CALI...
  +--> ?PR?_UPDATE_POSITION?BIPOLARMOTOR
  +--> ?PR?PRINTF?PRINTF
  +--> ?PR?_WAIT_MS?LCD_DRIVER_SPLC780D
  +--> ?PR?_ADC_GETRESULT?ADC

?PR?LCD_INIT?LCD_DRIVER_SPLC780D                 -----    -----      -----    -----      -----    -----
  +--> ?PR?_WAIT_MS?LCD_DRIVER_SPLC780D
  +--> ?PR?_COMMAND?LCD_DRIVER_SPLC780D

?PR?_COMMAND?LCD_DRIVER_SPLC780D                 -----    -----      -----    -----      -----    -----
  +--> ?PR?_WAIT_MS?LCD_DRIVER_SPLC780D

?PR?SI1120_CONFIG_MODE_VIRH?SI1120               -----    -----      -----    -----      -----    -----
  +--> ?PR?_WAIT_MS?LCD_DRIVER_SPLC780D

?PR?_SPI_WRITETIME?PCF85063BTL                   -----    -----      -----    -----      -----    -----
  +--> ?PR?_SPI_SENDBYTE?PCF85063BTL

?PR?_SPI_SENDBYTE?PCF85063BTL                    -----    -----      -----    -----      -----    -----
  +--> ?PR?_PCF85063BTL_DELAY?PCF85063BTL

?PR?_DISPLAY_LINE?LCD_DRIVER_SPLC780D            -----    -----      -----    -----      -----    -----
  +--> ?PR?_COMMAND?LCD_DRIVER_SPLC780D

?PR?_WRITEDATA?LCD_DRIVER_SPLC780D               -----    -----      -----    -----      0524H    0001H
  +--> ?PR?_WAIT_MS?LCD_DRIVER_SPLC780D

?PR?UART1_INITTCPCONN?UART1                      -----    -----      -----    -----      -----    -----
  +--> ?CO?UART1
  +--> ?PR?_SENDSTRING?UART1

?PR?_SENDSTRING?UART1                            -----    -----      -----    -----      051CH    0003H
  +--> ?PR?_SENDUART1?MAIN

?PR?_UART1_SENDTOTCPSERVER?UART1                 -----    -----      -----    -----      0519H    0003H
  +--> ?CO?UART1
  +--> ?PR?_SENDSTRING?UART1
  +--> ?PR?_DELAY_MS?KEYPAD

?PR?AT25SF041_WRITEENABLE?AT25SF041              -----    -----      -----    -----      0519H    0002H
  +--> ?PR?_WAIT_MS_SPINOR?AT25SF041
  +--> ?PR?UCREAD_STATUS_REGISTER_BYTE1?AT25...

?PR?UCREAD_STATUS_REGISTER_BYTE1?AT25...         -----    -----      -----    -----      0521H    0003H
  +--> ?PR?_WAIT_MS_SPINOR?AT25SF041

?PR?AT25SF041_CHIPERASE?AT25SF041                -----    -----      -----    -----      0519H    0002H
  +--> ?PR?_WAIT_MS_SPINOR?AT25SF041
  +--> ?PR?UCREAD_STATUS_REGISTER_BYTE1?AT25...

?PR?_AT25SF041_WRITE?AT25SF041                   -----    -----      -----    -----      0519H    0008H
  +--> ?PR?_WAIT_MS_SPINOR?AT25SF041
  +--> ?PR?UCREAD_STATUS_REGISTER_BYTE1?AT25...

?PR?KEY_PROCESS?KEYPAD                           -----    -----      -----    -----      0519H    0006H
  +--> ?PR?KEY_SCAN?KEYPAD
BL51 BANKED LINKER/LOCATER V6.22                                                      08/21/2019  10:18:24  PAGE 7


  +--> ?PR?_SPI_WRITETIME?PCF85063BTL
  +--> ?PR?LCD_CLEAR?LCD_DRIVER_SPLC780D
  +--> ?PR?_COMMAND?LCD_DRIVER_SPLC780D
  +--> ?PR?_WRITEDATA?LCD_DRIVER_SPLC780D

?PR?KEY_SCAN?KEYPAD                              -----    -----      -----    -----      051FH    0003H

?PR?LCD_CLEAR?LCD_DRIVER_SPLC780D                -----    -----      -----    -----      -----    -----
  +--> ?PR?_COMMAND?LCD_DRIVER_SPLC780D

?PR?_DISPLAY_POS?LCD_DRIVER_SPLC780D             -----    -----      -----    -----      0519H    000BH
  +--> ?PR?_ABS?ABS
  +--> ?PR?_WRITEDATA?LCD_DRIVER_SPLC780D

?PR?_DISPLAYLCD?LCD_DRIVER_SPLC780D              -----    -----      -----    -----      0519H    0001H
  +--> ?PR?_WRITEDATA?LCD_DRIVER_SPLC780D

?PR?_STEP_MOVE?BIPOLARMOTOR                      0020H.1  0000H.1    -----    -----      0519H    0004H
  +--> ?PR?VONESTEPMOVE?BIPOLARMOTOR

?PR?VONESTEPMOVE?BIPOLARMOTOR                    0020H.2  0000H.1    -----    -----      -----    -----
  +--> ?PR?_WRITE_PI4IOE5V96248?IOEXPANDER_P...
  +--> ?PR?_DELAY_MS?KEYPAD

?PR?_WRITE_PI4IOE5V96248?IOEXPANDER_P...         -----    -----      -----    -----      051DH    0003H
  +--> ?PR?I2C_START?IOEXPANDER_PI4IOE5V96248
  +--> ?PR?_WAIT_MS_I2C?IOEXPANDER_PI4IOE5V9...
  +--> ?PR?_I2C_SENDBYTE?IOEXPANDER_PI4IOE5V...
  +--> ?PR?I2C_ACK?IOEXPANDER_PI4IOE5V96248
  +--> ?PR?I2C_STOP?IOEXPANDER_PI4IOE5V96248

?PR?I2C_START?IOEXPANDER_PI4IOE5V96248           -----    -----      -----    -----      -----    -----
  +--> ?PR?_WAIT_MS_I2C?IOEXPANDER_PI4IOE5V9...

?PR?_I2C_SENDBYTE?IOEXPANDER_PI4IOE5V...         -----    -----      -----    -----      -----    -----
  +--> ?PR?_WAIT_MS_I2C?IOEXPANDER_PI4IOE5V9...

?PR?I2C_ACK?IOEXPANDER_PI4IOE5V96248             -----    -----      -----    -----      0520H    0001H
  +--> ?PR?_WAIT_MS_I2C?IOEXPANDER_PI4IOE5V9...

?PR?I2C_STOP?IOEXPANDER_PI4IOE5V96248            -----    -----      -----    -----      -----    -----
  +--> ?PR?_WAIT_MS_I2C?IOEXPANDER_PI4IOE5V9...

?PR?LCD_RETURN_HOME?LCD_DRIVER_SPLC780D          -----    -----      -----    -----      -----    -----
  +--> ?PR?_COMMAND?LCD_DRIVER_SPLC780D

?PR?_READ_TIME?PCF85063BTL                       -----    -----      -----    -----      0519H    000FH
  +--> ?PR?_SPI_READTIME?PCF85063BTL

?PR?_SPI_READTIME?PCF85063BTL                    -----    -----      -----    -----      -----    -----
  +--> ?PR?_SPI_SENDBYTE?PCF85063BTL
  +--> ?PR?SPI_RECEIVEBYTE?PCF85063BTL

?PR?SPI_RECEIVEBYTE?PCF85063BTL                  -----    -----      -----    -----      -----    -----
  +--> ?PR?_PCF85063BTL_DELAY?PCF85063BTL

?PR?_AT25SF041_READ?AT25SF041                    -----    -----      -----    -----      0519H    0008H
BL51 BANKED LINKER/LOCATER V6.22                                                      08/21/2019  10:18:24  PAGE 8


  +--> ?PR?_WAIT_MS_SPINOR?AT25SF041
  +--> ?PR?UCREAD_STATUS_REGISTER_BYTE1?AT25...

?PR?LINEAR_INTERPOLATE?BIPOLARMOTOR              -----    -----      -----    -----      059BH    0014H

?PR?_UPDATE_POSITION?BIPOLARMOTOR                -----    -----      -----    -----      0519H    0026H
  +--> ?PR?_BCDTODEC1?BIPOLARMOTOR
  +--> ?PR?SUNPOS?SUNPOS
  +--> ?PR?SIN?SIN
  +--> ?PR?ASIN?ASIN
  +--> ?PR?_THEORICALJP_POSITION?BIPOLARMOTOR
  +--> ?PR?_FABS?FABS

?PR?SUNPOS?SUNPOS                                -----    -----      -----    -----      053FH    005DH
  +--> ?PR?SIN?SIN
  +--> ?PR?_ATAN2?ATAN2
  +--> ?PR?ASIN?ASIN
  +--> ?PR?ACOS?ACOS

?PR?SIN?SIN                                      0020H.1  0000H.1    -----    -----      059CH    0004H

?PR?_ATAN2?ATAN2                                 -----    -----      -----    -----      059CH    0008H
  +--> ?PR?ATAN?ATAN

?PR?ATAN?ATAN                                    0020H.1  0000H.2    -----    -----      05A4H    0004H

?PR?ASIN?ASIN                                    -----    -----      -----    -----      -----    -----
  +--> ?PR?SQRT?SQRT
  +--> ?PR?ATAN?ATAN

?PR?SQRT?SQRT                                    -----    -----      -----    -----      059CH    0004H

?PR?ACOS?ACOS                                    -----    -----      -----    -----      -----    -----
  +--> ?PR?SQRT?SQRT
  +--> ?PR?ATAN?ATAN

?PR?_THEORICALJP_POSITION?BIPOLARMOTOR           -----    -----      -----    -----      053FH    005CH
  +--> ?PR?LINEAR_INTERPOLATE?BIPOLARMOTOR

?PR?PRINTF?PRINTF                                0020H.1  0001H.1    0008H    0005H      0519H    0030H
  +--> ?PR?PUTCHAR?PUTCHAR



SYMBOL TABLE OF MODULE:  .\Obj\GPIO_RTC_Test (MAIN)

  VALUE           TYPE          NAME
  ----------------------------------

  -------         MODULE        MAIN
  C:0000H         SYMBOL        _ICE_DUMMY_
  X:03C4H         PUBLIC        calib_value
  D:0080H         PUBLIC        P0
  D:0090H         PUBLIC        P1
  D:00A0H         PUBLIC        P2
  D:00B0H         PUBLIC        P3
  D:00C0H         PUBLIC        P4
BL51 BANKED LINKER/LOCATER V6.22                                                      08/21/2019  10:18:24  PAGE 9


  D:00C8H         PUBLIC        P5
  X:0418H         SYMBOL        PressedKey
  B:00A8H.7       PUBLIC        EA
  D:00E8H         PUBLIC        P6
  X:041CH         PUBLIC        calib_stamp
  D:00F8H         PUBLIC        P7
  X:041DH         PUBLIC        sTempString
  X:0426H         PUBLIC        calib_bool
  X:0450H         PUBLIC        pwm_time_min
  D:00A8H         PUBLIC        IE
  X:0454H         PUBLIC        calib_time
  X:04A8H         PUBLIC        pwm_time_max
  B:0090H.7       PUBLIC        Connect_Electronics_Load
  D:00B8H         PUBLIC        IP
  B:0098H.0       PUBLIC        RI
  B:00B0H.2       PUBLIC        INT0
  X:04ACH         PUBLIC        months
  B:0098H.1       PUBLIC        TI
  C:000EH         PUBLIC        Uart
  D:00D8H         PUBLIC        CCON
  C:0BEEH         PUBLIC        main
  X:04ADH         PUBLIC        found_1st_point
  X:04AFH         PUBLIC        i_point1
  X:04B1H         PUBLIC        i_point2
  X:04B3H         PUBLIC        count
  B:0090H.2       PUBLIC        Connect_IV_Load
  D:0099H         PUBLIC        SBUF
  X:04B5H         PUBLIC        days
  X:04B6H         PUBLIC        hours
  D:0098H         PUBLIC        SCON
  D:0089H         PUBLIC        TMOD
  D:0088H         PUBLIC        TCON
  B:00A0H.3       PUBLIC        P23
  X:04B7H         PUBLIC        fTest_read_spi
  X:04BBH         SYMBOL        KeyCount
  X:04BDH         PUBLIC        mins
  X:04BEH         PUBLIC        diff_of_offset
  D:008EH         PUBLIC        AUXR
  C:5A0DH         PUBLIC        tm0_isr
  B:0090H.5       PUBLIC        SI1120_STX
  C:5C3DH         PUBLIC        tm1_isr
  B:0021H.2       PUBLIC        busy
  D:00E0H         PUBLIC        ACC
  B:00A8H.1       PUBLIC        ET0
  B:00A8H.3       PUBLIC        ET1
  X:04C2H         PUBLIC        SPI_NOR_INTERNAL_FLASH_ADDR
  D:008CH         PUBLIC        TH0
  D:008DH         PUBLIC        TH1
  D:008AH         PUBLIC        TL0
  D:008BH         PUBLIC        TL1
  X:04C6H         PUBLIC        ii
  X:04C8H         PUBLIC        jj
  B:0088H.4       PUBLIC        TR0
  B:0088H.6       PUBLIC        TR1
  X:04CAH         PUBLIC        old_mins
  C:4BB2H         PUBLIC        exint0
  X:04CBH         SYMBOL        KeyNum
BL51 BANKED LINKER/LOCATER V6.22                                                      08/21/2019  10:18:24  PAGE 10


  X:04CCH         SYMBOL        KeyNum_Old
  X:04CDH         PUBLIC        timer0_count
  X:04CFH         PUBLIC        current_position
  X:04D3H         PUBLIC        pwm_time
  X:04D7H         PUBLIC        i
  X:04D9H         PUBLIC        j
  X:04DBH         PUBLIC        start_timer0_count
  X:04DCH         PUBLIC        seconds
  D:00D0H         PUBLIC        PSW
  C:5C46H         PUBLIC        _SendUART1
  -------         PROC          TM0_ISR
  C:5A0DH         LINE#         106
  C:5A13H         LINE#         110
  C:5A16H         LINE#         111
  C:5A19H         LINE#         112
  C:5A27H         LINE#         113
  -------         ENDPROC       TM0_ISR
  -------         PROC          TM1_ISR
  C:5C3DH         LINE#         114
  C:5C3DH         LINE#         116
  C:5C3FH         LINE#         118
  C:5C42H         LINE#         119
  C:5C45H         LINE#         120
  -------         ENDPROC       TM1_ISR
  -------         PROC          EXINT0
  C:4BB2H         LINE#         121
  C:4BCFH         LINE#         125
  C:4BD2H         LINE#         126
  C:4BD2H         LINE#         127
  C:4BD5H         LINE#         128
  C:4BD8H         LINE#         129
  C:4BDAH         LINE#         130
  C:4BDCH         LINE#         134
  C:4BDFH         LINE#         137
  C:4BDFH         LINE#         138
  C:4BE1H         LINE#         140
  C:4BEDH         LINE#         141
  C:4C47H         LINE#         142
  C:4C85H         LINE#         143
  C:4C8CH         LINE#         148
  C:4C8CH         LINE#         150
  -------         ENDPROC       EXINT0
  -------         PROC          MAIN
  -------         DO            
  X:03BCH         SYMBOL        KeyCount
  X:03BEH         SYMBOL        KeyNum_Old
  X:03BFH         SYMBOL        KeyNum
  X:03C0H         SYMBOL        PressedKey
  X:04EBH         SYMBOL        prox_flag
  X:04ECH         SYMBOL        iUse_prevday_calib_value
  X:04EEH         SYMBOL        max_ADC_Val_JP
  X:04F0H         SYMBOL        max_ADC_Val
  X:04F2H         SYMBOL        calib_point1
  X:04FAH         SYMBOL        calib_point2
  X:0502H         SYMBOL        dat_to_store
  X:050DH         SYMBOL        calib_day
  X:050FH         SYMBOL        calib_count
BL51 BANKED LINKER/LOCATER V6.22                                                      08/21/2019  10:18:24  PAGE 11


  X:0511H         SYMBOL        theorical_JP_max_pos
  X:0515H         SYMBOL        elevation
  -------         ENDDO         
  C:0BEEH         LINE#         152
  C:0BEEH         LINE#         153
  C:0BEEH         LINE#         158
  C:0BF4H         LINE#         159
  C:0BF9H         LINE#         161
  C:0C01H         LINE#         165
  C:0C07H         LINE#         166
  C:0C11H         LINE#         177
  C:0C19H         LINE#         178
  C:0C20H         LINE#         179
  C:0C26H         LINE#         181
  C:0C2CH         LINE#         193
  C:0C2FH         LINE#         194
  C:0C32H         LINE#         195
  C:0C35H         LINE#         197
  C:0C38H         LINE#         200
  C:0C3BH         LINE#         201
  C:0C3EH         LINE#         203
  C:0C41H         LINE#         205
  C:0C44H         LINE#         206
  C:0C47H         LINE#         207
  C:0C4AH         LINE#         208
  C:0C4CH         LINE#         209
  C:0C4EH         LINE#         210
  C:0C51H         LINE#         211
  C:0C53H         LINE#         212
  C:0C55H         LINE#         214
  C:0C57H         LINE#         215
  C:0C5EH         LINE#         216
  C:0C65H         LINE#         217
  C:0C6CH         LINE#         218
  C:0C73H         LINE#         222
  C:0C7AH         LINE#         223
  C:0C7FH         LINE#         224
  C:0C84H         LINE#         225
  C:0C89H         LINE#         226
  C:0C8EH         LINE#         227
  C:0C93H         LINE#         230
  C:0C9AH         LINE#         231
  C:0C9AH         LINE#         232
  C:0CBDH         LINE#         233
  C:0D07H         LINE#         234
  C:0D1CH         LINE#         235
  C:0D39H         LINE#         236
  C:0D3CH         LINE#         238
  C:0D43H         LINE#         241
  C:0D46H         LINE#         243
  C:0D4DH         LINE#         244
  C:0D56H         LINE#         246
  C:0D59H         LINE#         247
  C:0D60H         LINE#         248
  C:0D63H         LINE#         249
  C:0D6AH         LINE#         252
  C:0D71H         LINE#         253
BL51 BANKED LINKER/LOCATER V6.22                                                      08/21/2019  10:18:24  PAGE 12


  C:0D74H         LINE#         254
  C:0D89H         LINE#         257
  C:0D89H         LINE#         258
  C:0D89H         LINE#         259
  C:0D8CH         LINE#         262
  C:0D8CH         LINE#         266
  C:0D91H         LINE#         267
  C:0D96H         LINE#         269
  C:0D9BH         LINE#         271
  C:0DA0H         LINE#         272
  C:0DA5H         LINE#         275
  C:0DB6H         LINE#         277
  C:0DBBH         LINE#         278
  C:0DC0H         LINE#         280
  C:0DC7H         LINE#         281
  C:0DCFH         LINE#         282
  C:0DD4H         LINE#         283
  C:0DDCH         LINE#         284
  C:0DE1H         LINE#         285
  C:0DEBH         LINE#         286
  C:0DF0H         LINE#         287
  C:0DF8H         LINE#         289
  C:0E00H         LINE#         290
  C:0E05H         LINE#         291
  C:0E0FH         LINE#         292
  C:0E0FH         LINE#         293
  C:0E11H         LINE#         294
  C:0E13H         LINE#         295
  C:0E1DH         LINE#         296
  C:0E1DH         LINE#         297
  C:0E22H         LINE#         298
  C:0E22H         LINE#         300
  C:0E36H         LINE#         301
  C:0E36H         LINE#         302
  C:0E4BH         LINE#         303
  C:0E5AH         LINE#         304
  C:0E5AH         LINE#         305
  C:0E6DH         LINE#         306
  C:0E6FH         LINE#         308
  C:0E6FH         LINE#         309
  C:0E8BH         LINE#         310
  C:0E8BH         LINE#         311
  C:0E90H         LINE#         312
  C:0E90H         LINE#         313
  C:0EA4H         LINE#         314
  C:0EA4H         LINE#         317
  C:0EB9H         LINE#         318
  C:0EC8H         LINE#         319
  C:0EC8H         LINE#         320
  C:0EDBH         LINE#         321
  C:0EDDH         LINE#         323
  C:0EDDH         LINE#         324
  C:0EF9H         LINE#         325
  C:0EF9H         LINE#         326
  C:0EFEH         LINE#         327
  C:0F04H         LINE#         328
  C:0F04H         LINE#         330
BL51 BANKED LINKER/LOCATER V6.22                                                      08/21/2019  10:18:24  PAGE 13


  C:0F26H         LINE#         331
  C:0F26H         LINE#         332
  C:0F30H         LINE#         333
  C:0F36H         LINE#         334
  C:0F3DH         LINE#         335
  C:0F43H         LINE#         336
  C:0F4AH         LINE#         337
  C:0F4AH         LINE#         338
  C:0F4DH         LINE#         340
  C:0F4DH         LINE#         345
  C:0F55H         LINE#         346
  C:0F90H         LINE#         347
  C:0FAEH         LINE#         348
  C:0FAEH         LINE#         350
  C:0FB7H         LINE#         351
  C:0FBEH         LINE#         352
  C:0FC7H         LINE#         353
  C:0FCEH         LINE#         355
  C:0FCEH         LINE#         361
  C:0FE9H         LINE#         365
  C:0FF0H         LINE#         366
  C:1001H         LINE#         375
  C:1023H         LINE#         376
  C:1023H         LINE#         378
  C:109FH         LINE#         380
  C:10CCH         LINE#         381
  C:10E7H         LINE#         387
  C:10E9H         LINE#         388
  C:10EBH         LINE#         390
  C:110FH         LINE#         391
  C:110FH         LINE#         397
  C:1135H         LINE#         399
  C:115EH         LINE#         400
  C:1162H         LINE#         401
  C:11DAH         LINE#         402
  C:11E7H         LINE#         403
  C:1276H         LINE#         404
  C:127DH         LINE#         405
  C:128EH         LINE#         407
  C:12F6H         LINE#         408
  C:12F8H         LINE#         410
  C:12F8H         LINE#         411
  C:135BH         LINE#         412
  C:135BH         LINE#         415
  C:136AH         LINE#         416
  C:136AH         LINE#         417
  C:13E8H         LINE#         418
  C:13F1H         LINE#         419
  C:13F8H         LINE#         420
  C:1401H         LINE#         421
  C:140AH         LINE#         422
  C:1411H         LINE#         425
  C:143CH         LINE#         427
  C:1445H         LINE#         428
  C:144CH         LINE#         429
  C:1455H         LINE#         430
  C:145EH         LINE#         434
BL51 BANKED LINKER/LOCATER V6.22                                                      08/21/2019  10:18:24  PAGE 14


  C:1465H         LINE#         436
  C:1490H         LINE#         438
  C:1499H         LINE#         439
  C:14A0H         LINE#         440
  C:14A9H         LINE#         441
  C:14B0H         LINE#         443
  C:14B9H         LINE#         444
  C:14C0H         LINE#         447
  C:14FEH         LINE#         449
  C:1507H         LINE#         450
  C:150EH         LINE#         451
  C:1517H         LINE#         452
  C:1520H         LINE#         453
  C:1527H         LINE#         454
  C:1527H         LINE#         456
  C:1527H         LINE#         458
  -------         ENDPROC       MAIN
  -------         PROC          UART
  C:000EH         LINE#         515
  C:000EH         LINE#         517
  C:0011H         LINE#         518
  C:0011H         LINE#         519
  C:0013H         LINE#         521
  C:0013H         LINE#         522
  C:0016H         LINE#         523
  C:0016H         LINE#         524
  C:0018H         LINE#         525
  C:001AH         LINE#         526
  C:001AH         LINE#         527
  -------         ENDPROC       UART
  -------         PROC          _SENDUART1
  D:0007H         SYMBOL        dat
  C:5C46H         LINE#         529
  C:5C46H         LINE#         530
  C:5C46H         LINE#         531
  C:5C49H         LINE#         532
  C:5C4BH         LINE#         533
  C:5C4CH         LINE#         534
  C:5C4EH         LINE#         535
  -------         ENDPROC       _SENDUART1
  -------         ENDMOD        MAIN

  -------         MODULE        PCF85063BTL
  C:0000H         SYMBOL        _ICE_DUMMY_
  D:0096H         PUBLIC        P2M0
  D:0080H         PUBLIC        P0
  D:0095H         PUBLIC        P2M1
  D:0090H         PUBLIC        P1
  D:00A0H         PUBLIC        P2
  D:00B0H         PUBLIC        P3
  D:00C0H         PUBLIC        P4
  D:00C8H         PUBLIC        P5
  D:00E8H         PUBLIC        P6
  B:00A0H.1       PUBLIC        PCF85063BTL_SDI
  D:00F8H         PUBLIC        P7
  B:00A0H.2       PUBLIC        PCF85063BTL_SCK
  B:00A0H.1       PUBLIC        PCF85063BTL_SDO
BL51 BANKED LINKER/LOCATER V6.22                                                      08/21/2019  10:18:24  PAGE 15


  D:00A8H         PUBLIC        IE
  C:54CCH         PUBLIC        _Read_time
  C:5B68H         PUBLIC        _PCF85063BTL_Delay
  D:00B8H         PUBLIC        IP
  D:00D8H         PUBLIC        CCON
  C:5359H         PUBLIC        _Day_Of_Year
  C:5A4EH         PUBLIC        SPI_ReceiveByte
  D:0098H         PUBLIC        SCON
  D:0088H         PUBLIC        TCON
  C:5B9BH         PUBLIC        _BCDtoDec
  B:00A0H.0       PUBLIC        PCF85063BTL_CS
  C:5B8AH         PUBLIC        _SPI_ReadTime
  C:5BEAH         PUBLIC        SPI_Init
  C:5ADEH         PUBLIC        _SPI_WriteTime
  C:5A2EH         PUBLIC        _SPI_SendByte
  D:00D0H         PUBLIC        PSW
  C:5B64H         SYMBOL        L?0048
  -------         PROC          L?0047
  -------         ENDPROC       L?0047
  C:5B64H         SYMBOL        L?0048
  -------         PROC          _PCF85063BTL_DELAY
  D:0006H         SYMBOL        us
  C:5B68H         LINE#         8
  C:5B68H         LINE#         9
  C:5B68H         LINE#         10
  C:5B72H         LINE#         11
  C:5B72H         LINE#         12
  C:5B73H         LINE#         13
  C:5B75H         LINE#         14
  -------         ENDPROC       _PCF85063BTL_DELAY
  -------         PROC          _SPI_SENDBYTE
  D:0005H         SYMBOL        dat
  -------         DO            
  D:0003H         SYMBOL        i
  -------         ENDDO         
  C:5A2EH         LINE#         17
  C:5A30H         LINE#         18
  C:5A30H         LINE#         20
  C:5A32H         LINE#         21
  C:5A32H         LINE#         22
  C:5A34H         LINE#         23
  C:5A38H         LINE#         24
  C:5A38H         LINE#         25
  C:5A3AH         LINE#         26
  C:5A3CH         LINE#         28
  C:5A3CH         LINE#         29
  C:5A3EH         LINE#         30
  C:5A3EH         LINE#         31
  C:5A41H         LINE#         32
  C:5A41H         LINE#         33
  C:5A44H         LINE#         34
  C:5A48H         LINE#         35
  C:5A4DH         LINE#         36
  -------         ENDPROC       _SPI_SENDBYTE
  -------         PROC          SPI_RECEIVEBYTE
  -------         DO            
  D:0003H         SYMBOL        i
BL51 BANKED LINKER/LOCATER V6.22                                                      08/21/2019  10:18:24  PAGE 16


  D:0005H         SYMBOL        dat
  -------         ENDDO         
  C:5A4EH         LINE#         39
  C:5A4EH         LINE#         40
  C:5A4EH         LINE#         42
  C:5A50H         LINE#         44
  C:5A52H         LINE#         45
  C:5A53H         LINE#         46
  C:5A53H         LINE#         47
  C:5A57H         LINE#         48
  C:5A59H         LINE#         49
  C:5A5CH         LINE#         51
  C:5A5FH         LINE#         52
  C:5A5FH         LINE#         53
  C:5A63H         LINE#         54
  C:5A63H         LINE#         55
  C:5A63H         LINE#         56
  C:5A66H         LINE#         57
  C:5A6BH         LINE#         58
  C:5A6DH         LINE#         59
  -------         ENDPROC       SPI_RECEIVEBYTE
  -------         PROC          _SPI_READTIME
  D:0007H         SYMBOL        addr
  -------         DO            
  D:0006H         SYMBOL        dat
  -------         ENDDO         
  C:5B8AH         LINE#         61
  C:5B8AH         LINE#         62
  C:5B8AH         LINE#         64
  C:5B8CH         LINE#         65
  C:5B8EH         LINE#         66
  C:5B95H         LINE#         67
  C:5B98H         LINE#         68
  C:5B9AH         LINE#         69
  C:5B9AH         LINE#         70
  -------         ENDPROC       _SPI_READTIME
  -------         PROC          _SPI_WRITETIME
  D:0002H         SYMBOL        val
  D:0005H         SYMBOL        addr
  C:5ADEH         LINE#         71
  C:5AE0H         LINE#         72
  C:5AE0H         LINE#         74
  C:5AE2H         LINE#         75
  C:5AE9H         LINE#         76
  C:5AEEH         LINE#         77
  C:5AF3H         LINE#         78
  C:5AF5H         LINE#         79
  -------         ENDPROC       _SPI_WRITETIME
  -------         PROC          SPI_INIT
  C:5BEAH         LINE#         83
  C:5BEAH         LINE#         84
  C:5BEAH         LINE#         89
  C:5BEDH         LINE#         90
  C:5BF0H         LINE#         91
  C:5BF2H         LINE#         92
  C:5BF4H         LINE#         93
  C:5BF6H         LINE#         94
BL51 BANKED LINKER/LOCATER V6.22                                                      08/21/2019  10:18:24  PAGE 17


  -------         ENDPROC       SPI_INIT
  -------         PROC          _READ_TIME
  X:0519H         SYMBOL        months
  X:051CH         SYMBOL        days
  X:051FH         SYMBOL        hours
  X:0522H         SYMBOL        mins
  X:0525H         SYMBOL        seconds
  C:54CCH         LINE#         96
  C:54D7H         LINE#         97
  C:54D7H         LINE#         99
  C:54EBH         LINE#         101
  C:54FFH         LINE#         103
  C:5513H         LINE#         108
  C:5527H         LINE#         113
  -------         ENDPROC       _READ_TIME
  -------         PROC          _BCDTODEC
  D:0007H         SYMBOL        bcd
  -------         DO            
  D:0006H         SYMBOL        hi
  D:0007H         SYMBOL        lo
  -------         ENDDO         
  C:5B9BH         LINE#         119
  C:5B9BH         LINE#         120
  C:5B9BH         LINE#         122
  C:5BA0H         LINE#         123
  C:5BA4H         LINE#         124
  C:5BABH         LINE#         125
  -------         ENDPROC       _BCDTODEC
  -------         PROC          _DAY_OF_YEAR
  D:0007H         SYMBOL        months_bcd
  D:0005H         SYMBOL        days_bcd
  -------         DO            
  D:0004H         SYMBOL        months
  D:0007H         SYMBOL        days
  -------         ENDDO         
  C:5359H         LINE#         126
  C:5359H         LINE#         127
  C:5359H         LINE#         130
  C:535EH         LINE#         132
  C:5363H         LINE#         134
  C:539CH         LINE#         135
  C:539CH         LINE#         136
  C:539CH         LINE#         137
  C:539FH         LINE#         138
  C:539FH         LINE#         139
  C:539FH         LINE#         140
  C:53A4H         LINE#         141
  C:53A4H         LINE#         142
  C:53A4H         LINE#         143
  C:53A9H         LINE#         144
  C:53A9H         LINE#         145
  C:53A9H         LINE#         146
  C:53AEH         LINE#         147
  C:53AEH         LINE#         148
  C:53AEH         LINE#         149
  C:53B3H         LINE#         150
  C:53B3H         LINE#         151
BL51 BANKED LINKER/LOCATER V6.22                                                      08/21/2019  10:18:24  PAGE 18


  C:53B3H         LINE#         152
  C:53B8H         LINE#         153
  C:53B8H         LINE#         154
  C:53B8H         LINE#         155
  C:53BDH         LINE#         156
  C:53BDH         LINE#         157
  C:53BDH         LINE#         158
  C:53C2H         LINE#         159
  C:53C2H         LINE#         160
  C:53C2H         LINE#         161
  C:53CAH         LINE#         162
  C:53CAH         LINE#         163
  C:53CAH         LINE#         164
  C:53CFH         LINE#         165
  C:53CFH         LINE#         166
  C:53CFH         LINE#         167
  C:53D4H         LINE#         168
  C:53D4H         LINE#         169
  C:53D4H         LINE#         170
  C:53DDH         LINE#         171
  C:53DDH         LINE#         172
  C:53DDH         LINE#         173
  C:53E0H         LINE#         174
  C:53E0H         LINE#         175
  -------         ENDPROC       _DAY_OF_YEAR
  -------         ENDMOD        PCF85063BTL

  -------         MODULE        LCD_DRIVER_SPLC780D
  C:0000H         SYMBOL        _ICE_DUMMY_
  D:0092H         PUBLIC        P1M0
  D:0091H         PUBLIC        P1M1
  D:0080H         PUBLIC        P0
  D:0090H         PUBLIC        P1
  D:00A0H         PUBLIC        P2
  D:00B0H         PUBLIC        P3
  D:00C0H         PUBLIC        P4
  D:00C8H         PUBLIC        P5
  D:00E8H         PUBLIC        P6
  D:00F8H         PUBLIC        P7
  C:53E5H         PUBLIC        _WriteData
  D:00A8H         PUBLIC        IE
  D:00B8H         PUBLIC        IP
  D:00D8H         PUBLIC        CCON
  B:00B0H.4       PUBLIC        LCD_D4
  B:00B0H.5       PUBLIC        LCD_D5
  B:00B0H.6       PUBLIC        LCD_D6
  C:5A8CH         PUBLIC        _DisplayLCD
  B:00B0H.7       PUBLIC        LCD_D7
  D:0098H         PUBLIC        SCON
  D:0088H         PUBLIC        TCON
  C:5C33H         PUBLIC        LCD_clear
  C:5763H         PUBLIC        _Command
  C:5B23H         PUBLIC        _Display_Line
  C:5595H         PUBLIC        LCD_Init
  C:59CBH         PUBLIC        _Wait_ms
  B:00C0H.0       PUBLIC        LCD_RS
  B:0090H.3       PUBLIC        LCD_RW
BL51 BANKED LINKER/LOCATER V6.22                                                      08/21/2019  10:18:24  PAGE 19


  C:5C29H         PUBLIC        LCD_return_home
  C:4600H         PUBLIC        _Display_Pos
  B:00B0H.3       PUBLIC        LCD_E
  D:00D0H         PUBLIC        PSW
  -------         PROC          LCD_INIT
  C:5595H         LINE#         9
  C:5595H         LINE#         10
  C:5595H         LINE#         11
  C:5598H         LINE#         12
  C:559BH         LINE#         14
  C:55A1H         LINE#         15
  C:55A6H         LINE#         17
  C:55ADH         LINE#         18
  C:55B2H         LINE#         20
  C:55B5H         LINE#         21
  C:55BAH         LINE#         23
  C:55BDH         LINE#         24
  C:55C2H         LINE#         26
  C:55C9H         LINE#         29
  C:55CEH         LINE#         30
  C:55D3H         LINE#         32
  C:55D8H         LINE#         33
  C:55DDH         LINE#         35
  C:55E2H         LINE#         36
  C:55E7H         LINE#         37
  -------         ENDPROC       LCD_INIT
  C:53E1H         SYMBOL        L?0035
  -------         PROC          L?0034
  -------         ENDPROC       L?0034
  C:53E1H         SYMBOL        L?0035
  -------         PROC          _WRITEDATA
  X:0524H         SYMBOL        dat
  C:53E5H         LINE#         40
  C:53EAH         LINE#         41
  C:53EAH         LINE#         46
  C:53ECH         LINE#         47
  C:53EEH         LINE#         49
  C:53FCH         LINE#         50
  C:5408H         LINE#         51
  C:5414H         LINE#         52
  C:541EH         LINE#         53
  C:5420H         LINE#         54
  C:5427H         LINE#         55
  C:5429H         LINE#         57
  C:5439H         LINE#         58
  C:5444H         LINE#         59
  C:544EH         LINE#         60
  C:5452H         LINE#         62
  C:5452H         LINE#         63
  C:5455H         LINE#         64
  C:5457H         LINE#         65
  C:5459H         LINE#         67
  -------         ENDPROC       _WRITEDATA
  -------         PROC          _COMMAND
  D:0007H         SYMBOL        dat
  C:5763H         LINE#         69
  C:5763H         LINE#         70
BL51 BANKED LINKER/LOCATER V6.22                                                      08/21/2019  10:18:24  PAGE 20


  C:5763H         LINE#         71
  C:5765H         LINE#         72
  C:5767H         LINE#         74
  C:5771H         LINE#         75
  C:5775H         LINE#         77
  C:5777H         LINE#         78
  C:5780H         LINE#         79
  C:5784H         LINE#         81
  C:5786H         LINE#         82
  C:578DH         LINE#         83
  C:5791H         LINE#         85
  C:5793H         LINE#         86
  C:5797H         LINE#         87
  C:579BH         LINE#         89
  C:579DH         LINE#         90
  C:579DH         LINE#         91
  C:57A0H         LINE#         92
  C:57A2H         LINE#         93
  -------         ENDPROC       _COMMAND
  C:59C7H         SYMBOL        L?0037
  -------         PROC          L?0036
  -------         ENDPROC       L?0036
  C:59C7H         SYMBOL        L?0037
  -------         PROC          _WAIT_MS
  D:0006H         SYMBOL        ms
  -------         DO            
  D:0004H         SYMBOL        De_Cnt
  -------         ENDDO         
  C:59CBH         LINE#         95
  C:59CBH         LINE#         96
  C:59CBH         LINE#         98
  C:59D5H         LINE#         99
  C:59D5H         LINE#         100
  C:59E8H         LINE#         101
  C:59E8H         LINE#         102
  -------         ENDPROC       _WAIT_MS
  -------         PROC          _DISPLAYLCD
  D:0007H         SYMBOL        BCD
  -------         DO            
  D:0006H         SYMBOL        first_digit
  X:0519H         SYMBOL        second_digit
  -------         ENDDO         
  C:5A8CH         LINE#         103
  C:5A8CH         LINE#         104
  C:5A8CH         LINE#         106
  C:5A93H         LINE#         107
  C:5A9CH         LINE#         109
  C:5AA1H         LINE#         111
  -------         ENDPROC       _DISPLAYLCD
  -------         PROC          LCD_RETURN_HOME
  C:5C29H         LINE#         115
  C:5C29H         LINE#         116
  C:5C29H         LINE#         117
  C:5C2EH         LINE#         118
  -------         ENDPROC       LCD_RETURN_HOME
  -------         PROC          LCD_CLEAR
  C:5C33H         LINE#         121
BL51 BANKED LINKER/LOCATER V6.22                                                      08/21/2019  10:18:24  PAGE 21


  C:5C33H         LINE#         122
  C:5C33H         LINE#         123
  C:5C38H         LINE#         124
  -------         ENDPROC       LCD_CLEAR
  -------         PROC          _DISPLAY_LINE
  D:0006H         SYMBOL        line
  C:5B23H         LINE#         128
  C:5B23H         LINE#         129
  C:5B23H         LINE#         130
  C:5B29H         LINE#         131
  C:5B29H         LINE#         132
  C:5B2BH         LINE#         133
  C:5B2BH         LINE#         134
  C:5B2DH         LINE#         136
  C:5B2DH         LINE#         137
  C:5B32H         LINE#         138
  C:5B37H         LINE#         139
  C:5B37H         LINE#         140
  -------         ENDPROC       _DISPLAY_LINE
  -------         PROC          _DISPLAY_POS
  X:0519H         SYMBOL        sign_dat
  -------         DO            
  X:051DH         SYMBOL        unit
  X:051EH         SYMBOL        ten
  X:051FH         SYMBOL        hundred
  X:0520H         SYMBOL        thousand
  X:0521H         SYMBOL        after_dot
  X:0522H         SYMBOL        dat
  -------         ENDDO         
  C:4600H         LINE#         142
  C:4606H         LINE#         143
  C:4606H         LINE#         147
  C:4622H         LINE#         148
  C:463CH         LINE#         149
  C:4660H         LINE#         151
  C:46AAH         LINE#         153
  C:46C1H         LINE#         154
  C:46D3H         LINE#         155
  C:46F8H         LINE#         156
  C:4712H         LINE#         157
  C:472AH         LINE#         158
  C:472AH         LINE#         159
  C:472AH         LINE#         160
  C:472AH         LINE#         161
  C:472AH         LINE#         162
  C:472AH         LINE#         163
  C:472AH         LINE#         164
  C:472AH         LINE#         168
  C:472CH         LINE#         170
  C:472CH         LINE#         172
  C:4731H         LINE#         173
  C:4737H         LINE#         174
  C:473DH         LINE#         175
  C:4743H         LINE#         176
  C:4749H         LINE#         177
  C:474EH         LINE#         178
  C:4754H         LINE#         182
BL51 BANKED LINKER/LOCATER V6.22                                                      08/21/2019  10:18:24  PAGE 22


  C:4754H         LINE#         184
  -------         ENDPROC       _DISPLAY_POS
  -------         ENDMOD        LCD_DRIVER_SPLC780D

  -------         MODULE        KEYPAD
  C:0000H         SYMBOL        _ICE_DUMMY_
  D:0093H         PUBLIC        P0M1
  D:0080H         PUBLIC        P0
  D:0090H         PUBLIC        P1
  D:00A0H         PUBLIC        P2
  D:00B0H         PUBLIC        P3
  D:00C0H         PUBLIC        P4
  D:00C8H         PUBLIC        P5
  D:00E8H         PUBLIC        P6
  D:00F8H         PUBLIC        P7
  D:00A8H         PUBLIC        IE
  C:3FFCH         PUBLIC        Key_Scan
  D:00B8H         PUBLIC        IP
  D:00D8H         PUBLIC        CCON
  C:5C11H         PUBLIC        KeyPad_IO_Init
  C:5A6EH         PUBLIC        _Delay_ms
  D:0098H         PUBLIC        SCON
  D:0088H         PUBLIC        TCON
  X:06AFH         PUBLIC        small_move
  X:06B1H         PUBLIC        move
  X:06B3H         PUBLIC        auto_mode
  X:06B5H         PUBLIC        direction
  X:06B7H         PUBLIC        SPI_NOR_ClearEnable
  C:3729H         PUBLIC        Key_Process
  D:00D0H         PUBLIC        PSW
  D:0094H         PUBLIC        P0M0
  -------         PROC          _DELAY_MS
  D:0006H         SYMBOL        ms
  -------         DO            
  D:0004H         SYMBOL        De_Cnt
  -------         ENDDO         
  C:5A6EH         LINE#         20
  C:5A6EH         LINE#         21
  C:5A6EH         LINE#         23
  C:5A78H         LINE#         24
  C:5A78H         LINE#         25
  C:5A8BH         LINE#         26
  C:5A8BH         LINE#         27
  -------         ENDPROC       _DELAY_MS
  -------         PROC          KEY_SCAN
  -------         DO            
  X:051FH         SYMBOL        KeyTemp1
  X:0520H         SYMBOL        KeyTemp2
  X:0521H         SYMBOL        KeyValue
  -------         ENDDO         
  C:3FFCH         LINE#         28
  C:3FFCH         LINE#         29
  C:3FFCH         LINE#         34
  C:3FFFH         LINE#         37
  C:4002H         LINE#         39
  C:400AH         LINE#         40
  C:4011H         LINE#         41
BL51 BANKED LINKER/LOCATER V6.22                                                      08/21/2019  10:18:24  PAGE 23


  C:4011H         LINE#         43
  C:4016H         LINE#         44
  C:401DH         LINE#         45
  C:401DH         LINE#         48
  C:4020H         LINE#         49
  C:4023H         LINE#         50
  C:4028H         LINE#         51
  C:402CH         LINE#         52
  C:402CH         LINE#         53
  C:4034H         LINE#         54
  C:4034H         LINE#         55
  C:4037H         LINE#         56
  C:403FH         LINE#         57
  C:4041H         LINE#         59
  C:4055H         LINE#         60
  C:4055H         LINE#         61
  C:4055H         LINE#         62
  C:4055H         LINE#         63
  C:405BH         LINE#         65
  C:405DH         LINE#         66
  C:405DH         LINE#         67
  C:405DH         LINE#         68
  C:4063H         LINE#         70
  C:4065H         LINE#         71
  C:4065H         LINE#         72
  C:4065H         LINE#         73
  C:406BH         LINE#         75
  C:406DH         LINE#         76
  C:406DH         LINE#         77
  C:406DH         LINE#         78
  C:4073H         LINE#         80
  C:4073H         LINE#         81
  C:4073H         LINE#         82
  C:4073H         LINE#         85
  C:4076H         LINE#         86
  C:4079H         LINE#         87
  C:4081H         LINE#         88
  C:4085H         LINE#         89
  C:4085H         LINE#         90
  C:408DH         LINE#         91
  C:408DH         LINE#         92
  C:4090H         LINE#         93
  C:4098H         LINE#         94
  C:409AH         LINE#         95
  C:40AEH         LINE#         96
  C:40AEH         LINE#         97
  C:40AEH         LINE#         98
  C:40AEH         LINE#         99
  C:40B4H         LINE#         101
  C:40B6H         LINE#         102
  C:40B6H         LINE#         103
  C:40B6H         LINE#         104
  C:40BCH         LINE#         106
  C:40BEH         LINE#         107
  C:40BEH         LINE#         108
  C:40BEH         LINE#         109
  C:40C4H         LINE#         111
BL51 BANKED LINKER/LOCATER V6.22                                                      08/21/2019  10:18:24  PAGE 24


  C:40C6H         LINE#         112
  C:40C6H         LINE#         113
  C:40C6H         LINE#         114
  C:40CBH         LINE#         116
  C:40CBH         LINE#         117
  C:40CBH         LINE#         118
  C:40CBH         LINE#         121
  C:40CEH         LINE#         122
  C:40D1H         LINE#         123
  C:40D9H         LINE#         124
  C:40DDH         LINE#         125
  C:40DDH         LINE#         126
  C:40E5H         LINE#         127
  C:40E5H         LINE#         128
  C:40E8H         LINE#         129
  C:40F0H         LINE#         130
  C:40F2H         LINE#         131
  C:4106H         LINE#         132
  C:4106H         LINE#         133
  C:4106H         LINE#         134
  C:4106H         LINE#         135
  C:410CH         LINE#         137
  C:410EH         LINE#         138
  C:410EH         LINE#         139
  C:410EH         LINE#         140
  C:4114H         LINE#         142
  C:4116H         LINE#         143
  C:4116H         LINE#         144
  C:4116H         LINE#         145
  C:411CH         LINE#         147
  C:411EH         LINE#         148
  C:411EH         LINE#         149
  C:411EH         LINE#         150
  C:4124H         LINE#         152
  C:4124H         LINE#         153
  C:4124H         LINE#         154
  C:4124H         LINE#         158
  C:4127H         LINE#         159
  C:412AH         LINE#         160
  C:4132H         LINE#         161
  C:4136H         LINE#         162
  C:4136H         LINE#         163
  C:413EH         LINE#         164
  C:413EH         LINE#         165
  C:4141H         LINE#         166
  C:4149H         LINE#         167
  C:414BH         LINE#         168
  C:415FH         LINE#         169
  C:415FH         LINE#         170
  C:415FH         LINE#         171
  C:415FH         LINE#         172
  C:4165H         LINE#         174
  C:4167H         LINE#         175
  C:4167H         LINE#         176
  C:4167H         LINE#         177
  C:416DH         LINE#         179
  C:416FH         LINE#         180
BL51 BANKED LINKER/LOCATER V6.22                                                      08/21/2019  10:18:24  PAGE 25


  C:416FH         LINE#         181
  C:416FH         LINE#         182
  C:4175H         LINE#         184
  C:4177H         LINE#         185
  C:4177H         LINE#         186
  C:4177H         LINE#         187
  C:417DH         LINE#         189
  C:417DH         LINE#         190
  C:417DH         LINE#         191
  C:417DH         LINE#         193
  C:4183H         LINE#         194
  C:4183H         LINE#         196
  C:4183H         LINE#         197
  C:4186H         LINE#         198
  C:4186H         LINE#         199
  C:4186H         LINE#         201
  C:4186H         LINE#         202
  C:4188H         LINE#         203
  C:4188H         LINE#         204
  -------         ENDPROC       KEY_SCAN
  -------         PROC          KEY_PROCESS
  -------         DO            
  X:06A0H         SYMBOL        KeyCount
  X:06A1H         SYMBOL        KeyNum_Old
  X:06A3H         SYMBOL        KeyNum
  X:06A5H         SYMBOL        PressedKey
  X:0519H         SYMBOL        d
  D:0002H         SYMBOL        hours
  D:0006H         SYMBOL        mins
  X:051BH         SYMBOL        months
  X:051DH         SYMBOL        days
  -------         ENDDO         
  C:3729H         LINE#         205
  C:3729H         LINE#         206
  C:3729H         LINE#         210
  C:3738H         LINE#         211
  C:3745H         LINE#         213
  C:3749H         LINE#         214
  C:3749H         LINE#         215
  C:374FH         LINE#         217
  C:374FH         LINE#         218
  C:3766H         LINE#         219
  C:3766H         LINE#         220
  C:3770H         LINE#         221
  C:3776H         LINE#         223
  C:377CH         LINE#         225
  C:377CH         LINE#         226
  C:3793H         LINE#         227
  C:3793H         LINE#         228
  C:3798H         LINE#         230
  C:3798H         LINE#         231
  C:37A8H         LINE#         232
  C:37A8H         LINE#         233
  C:37AEH         LINE#         235
  C:37AEH         LINE#         236
  C:37C0H         LINE#         237
  C:37C0H         LINE#         238
BL51 BANKED LINKER/LOCATER V6.22                                                      08/21/2019  10:18:24  PAGE 26


  C:37CAH         LINE#         239
  C:37D2H         LINE#         241
  C:37DBH         LINE#         243
  C:37DBH         LINE#         252
  C:37FAH         LINE#         253
  C:37FAH         LINE#         254
  C:3819H         LINE#         255
  C:381FH         LINE#         256
  C:3827H         LINE#         257
  C:3827H         LINE#         259
  C:3828H         LINE#         265
  C:3834H         LINE#         266
  C:3834H         LINE#         267
  C:3851H         LINE#         268
  C:3868H         LINE#         269
  C:387FH         LINE#         270
  C:387FH         LINE#         271
  C:3892H         LINE#         272
  C:38A5H         LINE#         273
  C:38A5H         LINE#         274
  C:38A5H         LINE#         275
  C:38A8H         LINE#         280
  C:38B7H         LINE#         281
  C:38B7H         LINE#         282
  C:38DAH         LINE#         283
  C:38F7H         LINE#         284
  C:3900H         LINE#         285
  C:3900H         LINE#         286
  C:3907H         LINE#         287
  C:3907H         LINE#         288
  C:3918H         LINE#         289
  C:3918H         LINE#         290
  C:3927H         LINE#         291
  C:3927H         LINE#         292
  C:3927H         LINE#         293
  C:392AH         LINE#         295
  C:392AH         LINE#         296
  C:3936H         LINE#         297
  C:3936H         LINE#         298
  C:3948H         LINE#         299
  C:3948H         LINE#         300
  C:3958H         LINE#         301
  C:3958H         LINE#         302
  C:3958H         LINE#         304
  C:395AH         LINE#         306
  C:395AH         LINE#         307
  C:3969H         LINE#         308
  C:3969H         LINE#         309
  C:3979H         LINE#         310
  C:3979H         LINE#         311
  C:3979H         LINE#         313
  C:3979H         LINE#         315
  C:3979H         LINE#         316
  C:397BH         LINE#         318
  C:397BH         LINE#         319
  C:3982H         LINE#         320
  C:3982H         LINE#         321
BL51 BANKED LINKER/LOCATER V6.22                                                      08/21/2019  10:18:24  PAGE 27


  C:3991H         LINE#         322
  C:3991H         LINE#         323
  C:39A1H         LINE#         324
  C:39A1H         LINE#         325
  C:39A1H         LINE#         326
  C:39A3H         LINE#         328
  C:39A3H         LINE#         329
  C:39B2H         LINE#         330
  C:39B2H         LINE#         331
  C:39C5H         LINE#         332
  C:39D8H         LINE#         333
  C:39D8H         LINE#         334
  C:39D8H         LINE#         335
  C:39D8H         LINE#         336
  C:39E1H         LINE#         338
  C:39E1H         LINE#         340
  C:3A1BH         LINE#         341
  C:3A1BH         LINE#         342
  C:3A22H         LINE#         343
  C:3A22H         LINE#         344
  C:3A2CH         LINE#         345
  C:3A2CH         LINE#         346
  C:3A2FH         LINE#         347
  C:3A34H         LINE#         348
  C:3A39H         LINE#         349
  C:3A3EH         LINE#         350
  C:3A43H         LINE#         351
  C:3A48H         LINE#         352
  C:3A4DH         LINE#         353
  C:3A52H         LINE#         354
  C:3A52H         LINE#         355
  C:3A52H         LINE#         357
  C:3A70H         LINE#         358
  C:3A70H         LINE#         359
  C:3A77H         LINE#         360
  C:3A77H         LINE#         361
  C:3A7CH         LINE#         362
  C:3A85H         LINE#         363
  C:3AA4H         LINE#         364
  C:3AA4H         LINE#         365
  C:3AB4H         LINE#         367
  C:3AB4H         LINE#         371
  -------         ENDPROC       KEY_PROCESS
  -------         PROC          KEYPAD_IO_INIT
  C:5C11H         LINE#         374
  C:5C11H         LINE#         375
  C:5C11H         LINE#         376
  C:5C14H         LINE#         377
  C:5C17H         LINE#         378
  C:5C1AH         LINE#         379
  C:5C1CH         LINE#         380
  -------         ENDPROC       KEYPAD_IO_INIT
  -------         ENDMOD        KEYPAD

  -------         MODULE        BIPOLARMOTOR
  C:0000H         SYMBOL        _ICE_DUMMY_
  X:0000H         PUBLIC        UTC_time
BL51 BANKED LINKER/LOCATER V6.22                                                      08/21/2019  10:18:24  PAGE 28


  D:0080H         PUBLIC        P0
  D:0090H         PUBLIC        P1
  X:0004H         PUBLIC        RX_pos_test
  D:00A0H         PUBLIC        P2
  D:00B0H         PUBLIC        P3
  D:00C0H         PUBLIC        P4
  D:00C8H         PUBLIC        P5
  D:00E8H         PUBLIC        P6
  D:00F8H         PUBLIC        P7
  X:00A4H         PUBLIC        low_date_azimuth_mapping
  D:00A8H         PUBLIC        IE
  C:4DA5H         PUBLIC        linear_interpolate
  X:00CCH         PUBLIC        declination
  C:5902H         PUBLIC        _Move
  D:00B8H         PUBLIC        IP
  X:00D0H         PUBLIC        time_offset
  D:00D8H         PUBLIC        CCON
  X:00D4H         PUBLIC        previous_move_time
  X:00D5H         PUBLIC        time
  D:0098H         PUBLIC        SCON
  D:0088H         PUBLIC        TCON
  C:57A3H         PUBLIC        _Step_move
  X:00E7H         PUBLIC        dat
  X:00EDH         PUBLIC        current_local_sun_time
  C:23C0H         PUBLIC        _Update_position
  C:3AB5H         PUBLIC        _elevation_calculation
  X:00F1H         PUBLIC        sunCoord
  C:568BH         PUBLIC        vOneStepMove
  X:00F4H         PUBLIC        elevation_stamp
  X:0130H         PUBLIC        date_azimuth_mapping
  X:0158H         PUBLIC        location
  X:0160H         PUBLIC        RX_pos
  C:5B38H         PUBLIC        vSetLocation
  C:5AB3H         PUBLIC        _BCDtoDec1
  X:03B8H         PUBLIC        degree
  C:2991H         PUBLIC        _TheoricalJP_Position
  D:00D0H         PUBLIC        PSW
  -------         PROC          VSETLOCATION
  C:5B38H         LINE#         44
  C:5B38H         LINE#         45
  C:5B38H         LINE#         46
  C:5B42H         LINE#         47
  C:5B4CH         LINE#         48
  -------         ENDPROC       VSETLOCATION
  C:5AAFH         SYMBOL        L?0056
  -------         PROC          L?0055
  -------         ENDPROC       L?0055
  C:5AAFH         SYMBOL        L?0056
  -------         PROC          _BCDTODEC1
  D:0007H         SYMBOL        bcd
  -------         DO            
  D:0006H         SYMBOL        hi
  D:0007H         SYMBOL        lo
  -------         ENDDO         
  C:5AB3H         LINE#         49
  C:5AB3H         LINE#         50
  C:5AB3H         LINE#         52
BL51 BANKED LINKER/LOCATER V6.22                                                      08/21/2019  10:18:24  PAGE 29


  C:5AB8H         LINE#         53
  C:5ABCH         LINE#         54
  C:5AC3H         LINE#         55
  -------         ENDPROC       _BCDTODEC1
  -------         PROC          VONESTEPMOVE
  B:0020H.2       SYMBOL        bDir
  C:568BH         LINE#         59
  C:568BH         LINE#         60
  C:568BH         LINE#         62
  C:5691H         LINE#         63
  C:5691H         LINE#         64
  C:5694H         LINE#         65
  C:569DH         LINE#         66
  C:56A4H         LINE#         67
  C:56A9H         LINE#         68
  C:56A9H         LINE#         69
  C:56A9H         LINE#         71
  C:56ABH         LINE#         74
  C:56ABH         LINE#         75
  C:56AEH         LINE#         76
  C:56B7H         LINE#         77
  C:56BEH         LINE#         78
  C:56C4H         LINE#         79
  C:56CDH         LINE#         80
  C:56D4H         LINE#         81
  C:56D4H         LINE#         85
  -------         ENDPROC       VONESTEPMOVE
  -------         PROC          _STEP_MOVE
  X:0519H         SYMBOL        step
  B:0020H.1       SYMBOL        dir
  -------         DO            
  X:051BH         SYMBOL        i
  -------         ENDDO         
  C:57A3H         LINE#         87
  C:57ABH         LINE#         88
  C:57ABH         LINE#         90
  C:57B0H         LINE#         93
  C:57CBH         LINE#         94
  C:57CBH         LINE#         95
  C:57D2H         LINE#         97
  C:57E2H         LINE#         99
  -------         ENDPROC       _STEP_MOVE
  -------         PROC          _MOVE
  X:06E9H         SYMBOL        distance
  B:0021H.3       SYMBOL        direction
  -------         DO            
  D:0006H         SYMBOL        step
  -------         ENDDO         
  C:5902H         LINE#         101
  C:5908H         LINE#         102
  C:5908H         LINE#         105
  C:5923H         LINE#         108
  -------         ENDPROC       _MOVE
  C:4D94H         SYMBOL        L?0054
  -------         PROC          L?0053
  -------         ENDPROC       L?0053
  C:4D94H         SYMBOL        L?0054
BL51 BANKED LINKER/LOCATER V6.22                                                      08/21/2019  10:18:24  PAGE 30


  -------         PROC          LINEAR_INTERPOLATE
  X:059BH         SYMBOL        p1
  X:05A3H         SYMBOL        p2
  X:05ABH         SYMBOL        x
  -------         DO            
  D:0004H         SYMBOL        fx
  -------         ENDDO         
  C:4DA5H         LINE#         141
  C:4DA5H         LINE#         142
  C:4DA5H         LINE#         145
  C:4E44H         LINE#         147
  C:4E44H         LINE#         148
  -------         ENDPROC       LINEAR_INTERPOLATE
  -------         PROC          _THEORICALJP_POSITION
  X:053FH         SYMBOL        azimuth
  X:0543H         SYMBOL        elevation
  -------         DO            
  X:0547H         SYMBOL        pos_interpolate_azimuth
  X:0583H         SYMBOL        JP_pos
  X:0587H         SYMBOL        i
  X:0589H         SYMBOL        yy
  X:058BH         SYMBOL        p1
  X:0593H         SYMBOL        p2
  -------         ENDDO         
  C:2991H         LINE#         151
  C:2997H         LINE#         152
  C:2997H         LINE#         154
  C:29A1H         LINE#         157
  C:29BDH         LINE#         158
  C:29BDH         LINE#         159
  C:2A2DH         LINE#         160
  C:2A2DH         LINE#         161
  C:2A34H         LINE#         162
  C:2A34H         LINE#         163
  C:2A61H         LINE#         164
  C:2A7CH         LINE#         166
  C:2AC3H         LINE#         167
  C:2AF7H         LINE#         169
  C:2B3DH         LINE#         170
  C:2B62H         LINE#         172
  C:2B62H         LINE#         174
  C:2BD8H         LINE#         175
  C:2BD8H         LINE#         176
  C:2BDFH         LINE#         177
  C:2BDFH         LINE#         178
  C:2C0CH         LINE#         179
  C:2C27H         LINE#         181
  C:2C6EH         LINE#         182
  C:2CA2H         LINE#         184
  C:2CE8H         LINE#         185
  C:2D0AH         LINE#         187
  C:2D0AH         LINE#         188
  C:2D1EH         LINE#         191
  C:2D3AH         LINE#         192
  C:2D3AH         LINE#         193
  C:2DAAH         LINE#         194
  C:2DAAH         LINE#         195
BL51 BANKED LINKER/LOCATER V6.22                                                      08/21/2019  10:18:24  PAGE 31


  C:2DD7H         LINE#         196
  C:2DF2H         LINE#         198
  C:2E1FH         LINE#         199
  C:2E3AH         LINE#         201
  C:2E6CH         LINE#         204
  C:2E6CH         LINE#         206
  C:2E7DH         LINE#         207
  C:2E8BH         LINE#         209
  -------         ENDPROC       _THEORICALJP_POSITION
  -------         PROC          _UPDATE_POSITION
  D:0001H         SYMBOL        mnths
  D:0002H         SYMBOL        dys
  X:051BH         SYMBOL        hurs
  X:051CH         SYMBOL        mns
  X:051DH         SYMBOL        sconds
  X:051EH         SYMBOL        currnt_pos
  X:0521H         SYMBOL        offset_calib
  -------         DO            
  X:0525H         SYMBOL        date
  X:0527H         SYMBOL        i
  X:0529H         SYMBOL        yy
  X:052BH         SYMBOL        desired_distance
  X:052FH         SYMBOL        distance
  X:0533H         SYMBOL        JP_pos
  X:0537H         SYMBOL        elevation
  X:053BH         SYMBOL        azimuth
  -------         ENDDO         
  C:23C0H         LINE#         212
  C:23C9H         LINE#         215
  C:23C9H         LINE#         216
  C:23D4H         LINE#         218
  C:23F0H         LINE#         225
  C:23FAH         LINE#         226
  C:2405H         LINE#         227
  C:2410H         LINE#         228
  C:2429H         LINE#         229
  C:243AH         LINE#         230
  C:2449H         LINE#         233
  C:245DH         LINE#         237
  C:24AFH         LINE#         238
  C:2613H         LINE#         239
  C:2663H         LINE#         242
  C:278BH         LINE#         245
  C:285AH         LINE#         252
  C:28A1H         LINE#         253
  C:28A1H         LINE#         255
  C:28CCH         LINE#         256
  C:28FBH         LINE#         258
  C:2920H         LINE#         259
  C:2974H         LINE#         260
  C:2974H         LINE#         266
  C:2990H         LINE#         267
  C:2990H         LINE#         268
  C:2990H         LINE#         271
  -------         ENDPROC       _UPDATE_POSITION
  -------         PROC          _ELEVATION_CALCULATION
  D:0007H         SYMBOL        mnths
BL51 BANKED LINKER/LOCATER V6.22                                                      08/21/2019  10:18:24  PAGE 32


  D:0005H         SYMBOL        dys
  X:06E1H         SYMBOL        hurs
  X:06E2H         SYMBOL        mns
  X:06E3H         SYMBOL        sconds
  C:3AB5H         LINE#         273
  C:3ABAH         LINE#         275
  C:3ABAH         LINE#         276
  C:3AC4H         LINE#         277
  C:3ACDH         LINE#         278
  C:3AD8H         LINE#         279
  C:3AF1H         LINE#         280
  C:3B05H         LINE#         281
  C:3B17H         LINE#         285
  C:3B69H         LINE#         286
  C:3CCDH         LINE#         287
  C:3D1DH         LINE#         289
  C:3E34H         LINE#         291
  -------         ENDPROC       _ELEVATION_CALCULATION
  -------         ENDMOD        BIPOLARMOTOR

  -------         MODULE        SUNPOS
  C:0000H         SYMBOL        _ICE_DUMMY_
  C:152AH         PUBLIC        sunpos
  -------         PROC          SUNPOS
  X:053FH         SYMBOL        udtTime
  X:0551H         SYMBOL        udtLocation
  X:0559H         SYMBOL        udtSunCoordinates
  -------         DO            
  X:055CH         SYMBOL        dElapsedJulianDays
  X:0560H         SYMBOL        dDecimalHours
  X:0564H         SYMBOL        dEclipticLongitude
  X:0568H         SYMBOL        dEclipticObliquity
  X:056CH         SYMBOL        dRightAscension
  X:0570H         SYMBOL        dDeclination
  X:0574H         SYMBOL        dY
  X:0578H         SYMBOL        dX
  -------         DO            
  X:057CH         SYMBOL        dJulianDate
  X:0580H         SYMBOL        liAux1
  X:0584H         SYMBOL        liAux2
  X:057CH         SYMBOL        dMeanLongitude
  X:0580H         SYMBOL        dMeanAnomaly
  X:0584H         SYMBOL        dOmega
  X:057CH         SYMBOL        dSin_EclipticLongitude
  X:057CH         SYMBOL        dGreenwichMeanSiderealTime
  X:0580H         SYMBOL        dLocalMeanSiderealTime
  X:0584H         SYMBOL        dLatitudeInRadians
  X:0588H         SYMBOL        dHourAngle
  X:058CH         SYMBOL        dCos_Latitude
  X:0590H         SYMBOL        dSin_Latitude
  X:0594H         SYMBOL        dCos_HourAngle
  X:0598H         SYMBOL        dParallax
  -------         ENDDO         
  -------         DO            
  X:057CH         SYMBOL        dMeanLongitude
  X:0580H         SYMBOL        dMeanAnomaly
  X:0584H         SYMBOL        dOmega
BL51 BANKED LINKER/LOCATER V6.22                                                      08/21/2019  10:18:24  PAGE 33


  X:057CH         SYMBOL        dSin_EclipticLongitude
  X:057CH         SYMBOL        dGreenwichMeanSiderealTime
  X:0580H         SYMBOL        dLocalMeanSiderealTime
  X:0584H         SYMBOL        dLatitudeInRadians
  X:0588H         SYMBOL        dHourAngle
  X:058CH         SYMBOL        dCos_Latitude
  X:0590H         SYMBOL        dSin_Latitude
  X:0594H         SYMBOL        dCos_HourAngle
  X:0598H         SYMBOL        dParallax
  -------         ENDDO         
  -------         DO            
  X:057CH         SYMBOL        dSin_EclipticLongitude
  X:057CH         SYMBOL        dGreenwichMeanSiderealTime
  X:0580H         SYMBOL        dLocalMeanSiderealTime
  X:0584H         SYMBOL        dLatitudeInRadians
  X:0588H         SYMBOL        dHourAngle
  X:058CH         SYMBOL        dCos_Latitude
  X:0590H         SYMBOL        dSin_Latitude
  X:0594H         SYMBOL        dCos_HourAngle
  X:0598H         SYMBOL        dParallax
  -------         ENDDO         
  -------         DO            
  X:057CH         SYMBOL        dGreenwichMeanSiderealTime
  X:0580H         SYMBOL        dLocalMeanSiderealTime
  X:0584H         SYMBOL        dLatitudeInRadians
  X:0588H         SYMBOL        dHourAngle
  X:058CH         SYMBOL        dCos_Latitude
  X:0590H         SYMBOL        dSin_Latitude
  X:0594H         SYMBOL        dCos_HourAngle
  X:0598H         SYMBOL        dParallax
  -------         ENDDO         
  -------         ENDDO         
  C:152AH         LINE#         6
  C:152AH         LINE#         7
  C:152AH         LINE#         9
  C:152AH         LINE#         27
  C:1574H         LINE#         30
  C:1595H         LINE#         31
  C:16DCH         LINE#         34
  C:1728H         LINE#         36
  C:1747H         LINE#         37
  C:1747H         LINE#         42
  C:1747H         LINE#         46
  C:1779H         LINE#         47
[...]


  C:423FH         LINE#         338
  C:423FH         LINE#         340
  C:4242H         LINE#         342
  C:425CH         LINE#         343
  C:425CH         LINE#         344
  C:425CH         LINE#         346
  C:425FH         LINE#         348
  C:4279H         LINE#         349
  C:4279H         LINE#         350
  C:4279H         LINE#         352
  C:427CH         LINE#         354
  C:4296H         LINE#         355
  C:4296H         LINE#         356
  C:4296H         LINE#         358
  C:4299H         LINE#         360
  C:42B3H         LINE#         361
  C:42B3H         LINE#         362
  C:42B3H         LINE#         364
  C:42B6H         LINE#         366
  C:42D0H         LINE#         367
  C:42D0H         LINE#         368
  C:42D0H         LINE#         370
  C:42D3H         LINE#         372
  C:42EDH         LINE#         373
  C:42F4H         LINE#         374
  -------         ENDPROC       SPI_NOR_WRITE_DATA
  -------         ENDMOD        AT25SF041

  -------         MODULE        SI1120
  C:0000H         SYMBOL        _ICE_DUMMY_
  D:0080H         PUBLIC        P0
  D:00B2H         PUBLIC        P3M0
  D:0090H         PUBLIC        P1
  D:00B1H         PUBLIC        P3M1
  D:00A0H         PUBLIC        P2
  D:00B0H         PUBLIC        P3
  D:00C0H         PUBLIC        P4
  D:00C8H         PUBLIC        P5
  B:00A8H.7       PUBLIC        EA
  D:00E8H         PUBLIC        P6
  D:00F8H         PUBLIC        P7
  D:00A8H         PUBLIC        IE
  D:00B8H         PUBLIC        IP
  C:5851H         PUBLIC        SI1120_CONFIG_MODE_VIRH
  D:00D8H         PUBLIC        CCON
  D:0098H         PUBLIC        SCON
  D:0088H         PUBLIC        TCON
  C:5BF7H         PUBLIC        Enable_EXTINT0
  B:0090H.5       PUBLIC        SI1120_STX
  B:0088H.0       PUBLIC        IT0
  B:00A8H.0       PUBLIC        EX0
  B:0090H.4       PUBLIC        SI1120_MD
  B:0090H.6       PUBLIC        SI1120_SC
  D:00D0H         PUBLIC        PSW
  -------         PROC          SI1120_CONFIG_MODE_VIRH
  C:5851H         LINE#         4
  C:5851H         LINE#         5
BL51 BANKED LINKER/LOCATER V6.22                                                      08/21/2019  10:18:24  PAGE 50


  C:5851H         LINE#         6
  C:5853H         LINE#         7
  C:5855H         LINE#         8
  C:5857H         LINE#         10
  C:585EH         LINE#         11
  C:5860H         LINE#         13
  C:5862H         LINE#         14
  C:5864H         LINE#         16
  C:586BH         LINE#         18
  C:586DH         LINE#         20
  C:5874H         LINE#         23
  C:5876H         LINE#         25
  C:5878H         LINE#         27
  C:587FH         LINE#         29
  C:5881H         LINE#         31
  -------         ENDPROC       SI1120_CONFIG_MODE_VIRH
  -------         PROC          ENABLE_EXTINT0
  C:5BF7H         LINE#         33
  C:5BF7H         LINE#         34
  C:5BF7H         LINE#         35
  C:5BFAH         LINE#         36
  C:5BFDH         LINE#         37
  C:5BFFH         LINE#         38
  C:5C01H         LINE#         39
  C:5C03H         LINE#         40
  -------         ENDPROC       ENABLE_EXTINT0
  -------         ENDMOD        SI1120

  -------         MODULE        UART1
  C:0000H         SYMBOL        _ICE_DUMMY_
  D:0080H         PUBLIC        P0
  D:0090H         PUBLIC        P1
  D:00A0H         PUBLIC        P2
  D:00B0H         PUBLIC        P3
  D:00C0H         PUBLIC        P4
  D:00C8H         PUBLIC        P5
  C:59E9H         PUBLIC        _uart1_SendToTCPServer
  B:00A8H.7       PUBLIC        EA
  D:00E8H         PUBLIC        P6
  D:00F8H         PUBLIC        P7
  C:581EH         PUBLIC        _SendString
  D:00A8H         PUBLIC        IE
  B:00A8H.4       PUBLIC        ES
  D:00B8H         PUBLIC        IP
  C:5AF6H         PUBLIC        _ASCIItoBCD
  D:00D8H         PUBLIC        CCON
  C:5BACH         PUBLIC        initUART1
  D:0098H         PUBLIC        SCON
  D:0088H         PUBLIC        TCON
  C:5C65H         PUBLIC        _DectoBCD
  C:001EH         PUBLIC        _ASCII_Letter
  D:008EH         PUBLIC        AUXR
  C:0006H         PUBLIC        _unit
  C:5C5EH         PUBLIC        _ten
  D:00D6H         PUBLIC        T2H
  D:00D7H         PUBLIC        T2L
  C:5C4FH         PUBLIC        uart1_InitTCPConn
BL51 BANKED LINKER/LOCATER V6.22                                                      08/21/2019  10:18:24  PAGE 51


  D:00D0H         PUBLIC        PSW
  -------         PROC          INITUART1
  C:5BACH         LINE#         24
  C:5BACH         LINE#         25
  C:5BACH         LINE#         26
  C:5BAFH         LINE#         27
  C:5BB2H         LINE#         28
  C:5BB5H         LINE#         29
  C:5BB8H         LINE#         30
  C:5BBAH         LINE#         31
  C:5BBCH         LINE#         33
  -------         ENDPROC       INITUART1
  -------         PROC          _SENDSTRING
  X:051CH         SYMBOL        s
  C:581EH         LINE#         36
  C:5829H         LINE#         37
  C:5829H         LINE#         38
  C:5839H         LINE#         39
  C:5839H         LINE#         40
  C:584EH         LINE#         41
  C:5850H         LINE#         42
  -------         ENDPROC       _SENDSTRING
  -------         PROC          _TEN
  D:0007H         SYMBOL        BCD
  C:5C5EH         LINE#         44
  C:5C5EH         LINE#         45
  C:5C5EH         LINE#         46
  C:5C63H         LINE#         47
  -------         ENDPROC       _TEN
  -------         PROC          _UNIT
  D:0007H         SYMBOL        BCD
  C:0006H         LINE#         48
  C:0006H         LINE#         49
  C:0006H         LINE#         53
  C:000AH         LINE#         54
  -------         ENDPROC       _UNIT
  -------         PROC          _DECTOBCD
  D:0007H         SYMBOL        dec
  C:5C65H         LINE#         55
  C:5C65H         LINE#         56
  C:5C65H         LINE#         58
  C:5C65H         LINE#         59
  -------         ENDPROC       _DECTOBCD
  -------         PROC          _ASCII_LETTER
  D:0007H         SYMBOL        dat
  C:001EH         LINE#         61
  C:001EH         LINE#         62
  C:001EH         LINE#         64
  C:0022H         LINE#         65
  -------         ENDPROC       _ASCII_LETTER
  -------         PROC          _ASCIITOBCD
  D:0001H         SYMBOL        ascii
  -------         DO            
  D:0007H         SYMBOL        dec_val
  D:0006H         SYMBOL        ten
  D:0007H         SYMBOL        unit
  -------         ENDDO         
BL51 BANKED LINKER/LOCATER V6.22                                                      08/21/2019  10:18:24  PAGE 52


  C:5AF6H         LINE#         67
  C:5AF6H         LINE#         68
  C:5AF6H         LINE#         70
  C:5AF9H         LINE#         71
  C:5AFFH         LINE#         72
  C:5B06H         LINE#         73
  C:5B0CH         LINE#         75
  -------         ENDPROC       _ASCIITOBCD
  -------         PROC          UART1_INITTCPCONN
  C:5C4FH         LINE#         77
  C:5C4FH         LINE#         78
  C:5C4FH         LINE#         82
  -------         ENDPROC       UART1_INITTCPCONN
  -------         PROC          _UART1_SENDTOTCPSERVER
  X:0519H         SYMBOL        str
  C:59E9H         LINE#         85
  C:59F4H         LINE#         86
  C:59F4H         LINE#         87
  C:59FDH         LINE#         88
  C:5A04H         LINE#         89
  -------         ENDPROC       _UART1_SENDTOTCPSERVER
  -------         ENDMOD        UART1

  -------         MODULE        ?C_STARTUP
  C:52CDH         SEGMENT       ?C_C51STARTUP
  I:0022H         SEGMENT       ?STACK
  C:0000H         PUBLIC        ?C_STARTUP
  D:00E0H         SYMBOL        ACC
  D:00F0H         SYMBOL        B
  D:0083H         SYMBOL        DPH
  D:0082H         SYMBOL        DPL
  N:0000H         SYMBOL        IBPSTACK
  N:0100H         SYMBOL        IBPSTACKTOP
  N:0080H         SYMBOL        IDATALEN
  C:52D0H         SYMBOL        IDATALOOP
  N:0000H         SYMBOL        PBPSTACK
  N:0100H         SYMBOL        PBPSTACKTOP
  N:0000H         SYMBOL        PDATALEN
  N:0000H         SYMBOL        PDATASTART
  N:0000H         SYMBOL        PPAGE
  N:0000H         SYMBOL        PPAGEENABLE
  D:00A0H         SYMBOL        PPAGE_SFR
  D:0081H         SYMBOL        SP
  C:52CDH         SYMBOL        STARTUP1
  N:0000H         SYMBOL        XBPSTACK
  N:0000H         SYMBOL        XBPSTACKTOP
  N:0000H         SYMBOL        XDATALEN
  N:0000H         SYMBOL        XDATASTART
  C:0000H         LINE#         126
  C:52CDH         LINE#         133
  C:52CFH         LINE#         134
  C:52D0H         LINE#         135
  C:52D1H         LINE#         136
  C:52D3H         LINE#         185
  C:52D6H         LINE#         196
  -------         ENDMOD        ?C_STARTUP

BL51 BANKED LINKER/LOCATER V6.22                                                      08/21/2019  10:18:24  PAGE 53


  -------         MODULE        ?C?FPADD
  C:002DH         PUBLIC        ?C?FPADD
  C:0029H         PUBLIC        ?C?FPSUB
  -------         ENDMOD        ?C?FPADD

  -------         MODULE        ?C?FPMUL
  C:011EH         PUBLIC        ?C?FPMUL
  -------         ENDMOD        ?C?FPMUL

  -------         MODULE        ?C?FPDIV
  C:0227H         PUBLIC        ?C?FPDIV
  -------         ENDMOD        ?C?FPDIV

  -------         MODULE        ?C?FPCMP
  C:02C6H         PUBLIC        ?C?FPCMP
  C:02C4H         PUBLIC        ?C?FPCMP3
  -------         ENDMOD        ?C?FPCMP

  -------         MODULE        ?C?FPNEG
  C:033DH         PUBLIC        ?C?FPNEG
  -------         ENDMOD        ?C?FPNEG

  -------         MODULE        ?C?FCAST
  C:0358H         PUBLIC        ?C?FCASTC
  C:0353H         PUBLIC        ?C?FCASTI
  C:034EH         PUBLIC        ?C?FCASTL
  -------         ENDMOD        ?C?FCAST

  -------         MODULE        ?C?CASTF
  C:038CH         PUBLIC        ?C?CASTF
  -------         ENDMOD        ?C?CASTF

  -------         MODULE        PRINTF
  X:0519H         PUBLIC        ?_PRINTF?BYTE
  X:0519H         PUBLIC        ?_SPRINTF?BYTE
  C:2EF7H         PUBLIC        _PRINTF
  C:2EF1H         PUBLIC        _SPRINTF
  -------         ENDMOD        PRINTF

  -------         MODULE        FABS
  C:5C04H         PUBLIC        _FABS
  -------         ENDMOD        FABS

  -------         MODULE        ATAN2
  X:059CH         PUBLIC        ?_atan2?BYTE
  C:50FAH         PUBLIC        _atan2
  -------         ENDMOD        ATAN2

  -------         MODULE        SIN
  C:435AH         PUBLIC        _COS
  C:4370H         PUBLIC        _SIN
  C:43ACH         PUBLIC        _TAN
  -------         ENDMOD        SIN

  -------         MODULE        ACOS
  C:56D5H         PUBLIC        _ACOS
  -------         ENDMOD        ACOS
BL51 BANKED LINKER/LOCATER V6.22                                                      08/21/2019  10:18:24  PAGE 54



  -------         MODULE        ASIN
  C:57E3H         PUBLIC        _ASIN
  -------         ENDMOD        ASIN

  -------         MODULE        POW
  X:04DDH         PUBLIC        ?_pow?BYTE
  C:449AH         PUBLIC        _pow
  -------         ENDMOD        POW

  -------         MODULE        ?C?CHKFLOAT
  C:040DH         PUBLIC        ?C?CHKFLOAT
  -------         ENDMOD        ?C?CHKFLOAT

  -------         MODULE        ?C?FPROUND
  C:0427H         PUBLIC        ?C?FPROUND
  -------         ENDMOD        ?C?FPROUND

  -------         MODULE        ?C?FPCONVERT
  C:0464H         PUBLIC        ?C?FPCONVERT
  -------         ENDMOD        ?C?FPCONVERT

  -------         MODULE        EXP
  C:526BH         PUBLIC        _EXP
  -------         ENDMOD        EXP

  -------         MODULE        LOG
  C:4789H         PUBLIC        _LOG
  C:4785H         PUBLIC        _LOG10
  -------         ENDMOD        LOG

  -------         MODULE        SQRT
  C:4FB1H         PUBLIC        _SQRT
  -------         ENDMOD        SQRT

  -------         MODULE        ATAN
  C:489EH         PUBLIC        _ATAN
  -------         ENDMOD        ATAN

  -------         MODULE        ?C?FTNPWR
  C:05E6H         PUBLIC        ?C?FTNPWR
  -------         ENDMOD        ?C?FTNPWR

  -------         MODULE        ?C?COPY
  C:06F6H         PUBLIC        ?C?COPY
  -------         ENDMOD        ?C?COPY

  -------         MODULE        ?C?CLDPTR
  C:071CH         PUBLIC        ?C?CLDPTR
  -------         ENDMOD        ?C?CLDPTR

  -------         MODULE        ?C?CLDOPTR
  C:0735H         PUBLIC        ?C?CLDOPTR
  -------         ENDMOD        ?C?CLDOPTR

  -------         MODULE        ?C?CSTPTR
  C:0762H         PUBLIC        ?C?CSTPTR
BL51 BANKED LINKER/LOCATER V6.22                                                      08/21/2019  10:18:24  PAGE 55


  -------         ENDMOD        ?C?CSTPTR

  -------         MODULE        ?C?IMUL
  C:0774H         PUBLIC        ?C?IMUL
  -------         ENDMOD        ?C?IMUL

  -------         MODULE        ?C?UIDIV
  C:0786H         PUBLIC        ?C?UIDIV
  -------         ENDMOD        ?C?UIDIV

  -------         MODULE        ?C?SIDIV
  C:07DBH         PUBLIC        ?C?SIDIV
  -------         ENDMOD        ?C?SIDIV

  -------         MODULE        ?C?ILDIX
  C:0811H         PUBLIC        ?C?ILDIX
  -------         ENDMOD        ?C?ILDIX

  -------         MODULE        ?C?ILDOPTR
  C:0827H         PUBLIC        ?C?ILDOPTR
  -------         ENDMOD        ?C?ILDOPTR

  -------         MODULE        ?C?ISTPTR
  C:085FH         PUBLIC        ?C?ISTPTR
  -------         ENDMOD        ?C?ISTPTR

  -------         MODULE        ?C?LMUL
  C:087EH         PUBLIC        ?C?LMUL
  -------         ENDMOD        ?C?LMUL

  -------         MODULE        ?C?SLDIV
  C:571FH         PUBLIC        ?C?SLDIV
  -------         ENDMOD        ?C?SLDIV

  -------         MODULE        ?C?LNEG
  C:08CDH         PUBLIC        ?C?LNEG
  -------         ENDMOD        ?C?LNEG

  -------         MODULE        ?C?ULCMP
  C:08DBH         PUBLIC        ?C?ULCMP
  -------         ENDMOD        ?C?ULCMP

  -------         MODULE        ?C?LSHL
  C:08ECH         PUBLIC        ?C?LSHL
  -------         ENDMOD        ?C?LSHL

  -------         MODULE        ?C?LLDPTR
  C:08FFH         PUBLIC        ?C?LLDPTR
  -------         ENDMOD        ?C?LLDPTR

  -------         MODULE        ?C?LLDOPTR
  C:091FH         PUBLIC        ?C?LLDOPTR
  -------         ENDMOD        ?C?LLDOPTR

  -------         MODULE        ?C?LSTPTR
  C:094FH         PUBLIC        ?C?LSTPTR
  -------         ENDMOD        ?C?LSTPTR
BL51 BANKED LINKER/LOCATER V6.22                                                      08/21/2019  10:18:24  PAGE 56



  -------         MODULE        ?C?LSTOPTR
  C:0969H         PUBLIC        ?C?LSTOPTR
  -------         ENDMOD        ?C?LSTOPTR

  -------         MODULE        ?C?LLDXDATA
  C:098DH         PUBLIC        ?C?LLDXDATA
  -------         ENDMOD        ?C?LLDXDATA

  -------         MODULE        ?C?LLDCODE
  C:0999H         PUBLIC        ?C?LLDCODE
  -------         ENDMOD        ?C?LLDCODE

  -------         MODULE        ?C?LLDXDATA0
  C:09A9H         PUBLIC        ?C?LLDXDATA0
  -------         ENDMOD        ?C?LLDXDATA0

  -------         MODULE        ?C?LLDCODE0
  C:09B5H         PUBLIC        ?C?LLDCODE0
  -------         ENDMOD        ?C?LLDCODE0

  -------         MODULE        ?C?LLDPTR0
  C:09C5H         PUBLIC        ?C?LLDPTR0
  -------         ENDMOD        ?C?LLDPTR0

  -------         MODULE        ?C?LSTXDATA
  C:09E5H         PUBLIC        ?C?LSTXDATA
  -------         ENDMOD        ?C?LSTXDATA

  -------         MODULE        ?C?LSTKXDATA
  C:09F1H         PUBLIC        ?C?LSTKXDATA
  -------         ENDMOD        ?C?LSTKXDATA

  -------         MODULE        ?C?LSTKPTR
  C:0A22H         PUBLIC        ?C?LSTKPTR
  -------         ENDMOD        ?C?LSTKPTR

  -------         MODULE        ?C?OFFXADD
  C:0A3CH         PUBLIC        ?C?OFFXADD
  -------         ENDMOD        ?C?OFFXADD

  -------         MODULE        ?C?PLDIXDATA
  C:0A48H         PUBLIC        ?C?PLDIXDATA
  -------         ENDMOD        ?C?PLDIXDATA

  -------         MODULE        ?C?PSTXDATA
  C:0A5FH         PUBLIC        ?C?PSTXDATA
  -------         ENDMOD        ?C?PSTXDATA

  -------         MODULE        ?C?CCASE
  C:0A68H         PUBLIC        ?C?CCASE
  -------         ENDMOD        ?C?CCASE

  -------         MODULE        PUTCHAR
  C:5979H         PUBLIC        _PUTCHAR
  -------         ENDMOD        PUTCHAR

BL51 BANKED LINKER/LOCATER V6.22                                                      08/21/2019  10:18:24  PAGE 57


  -------         MODULE        ABS
  C:5C1DH         PUBLIC        _ABS
  -------         ENDMOD        ABS

  -------         MODULE        ATOI
  C:4CA7H         PUBLIC        _atoi
  -------         ENDMOD        ATOI

  -------         MODULE        ?C?IILDX
  C:0A8EH         PUBLIC        ?C?IILDX
  -------         ENDMOD        ?C?IILDX

  -------         MODULE        ?C?ULDIV
  C:0AE0H         PUBLIC        ?C?ULDIV
  -------         ENDMOD        ?C?ULDIV

  -------         MODULE        ?C?LLDIDATA
  C:0B72H         PUBLIC        ?C?LLDIDATA
  -------         ENDMOD        ?C?LLDIDATA

  -------         MODULE        ?C?LLDPDATA
  C:0B7EH         PUBLIC        ?C?LLDPDATA
  -------         ENDMOD        ?C?LLDPDATA

  -------         MODULE        ?C?LLDIDATA0
  C:0B8AH         PUBLIC        ?C?LLDIDATA0
  -------         ENDMOD        ?C?LLDIDATA0

  -------         MODULE        ?C?LLDPDATA0
  C:0B97H         PUBLIC        ?C?LLDPDATA0
  -------         ENDMOD        ?C?LLDPDATA0

  -------         MODULE        ?C?LSTIDATA
  C:0BA4H         PUBLIC        ?C?LSTIDATA
  -------         ENDMOD        ?C?LSTIDATA

  -------         MODULE        ?C?LSTPDATA
  C:0BB0H         PUBLIC        ?C?LSTPDATA
  -------         ENDMOD        ?C?LSTPDATA

  -------         MODULE        ?C?LSTKIDATA
  C:0BBCH         PUBLIC        ?C?LSTKIDATA
  -------         ENDMOD        ?C?LSTKIDATA

  -------         MODULE        ?C?LSTKPDATA
  C:0BD5H         PUBLIC        ?C?LSTKPDATA
  -------         ENDMOD        ?C?LSTKPDATA

  -------         MODULE        ISDIGIT
  C:5BDBH         PUBLIC        _isdigit
  -------         ENDMOD        ISDIGIT

  -------         MODULE        ISSPACE
  C:5B76H         PUBLIC        _isspace
  -------         ENDMOD        ISSPACE

*** WARNING L16: UNCALLED SEGMENT, IGNORED FOR OVERLAY PROCESS
BL51 BANKED LINKER/LOCATER V6.22                                                      08/21/2019  10:18:24  PAGE 58


    SEGMENT: ?PR?_DAY_OF_YEAR?PCF85063BTL

*** WARNING L16: UNCALLED SEGMENT, IGNORED FOR OVERLAY PROCESS
    SEGMENT: ?PR?_ELEVATION_CALCULATION?BIPOLARMOTOR

*** WARNING L16: UNCALLED SEGMENT, IGNORED FOR OVERLAY PROCESS
    SEGMENT: ?PR?_CALIBRATION?CALIBRATION

*** WARNING L16: UNCALLED SEGMENT, IGNORED FOR OVERLAY PROCESS
    SEGMENT: ?PR?NOP?IOEXPANDER_PI4IOE5V96248

*** WARNING L16: UNCALLED SEGMENT, IGNORED FOR OVERLAY PROCESS
    SEGMENT: ?PR?UC_ACK?IOEXPANDER_PI4IOE5V96248

*** WARNING L16: UNCALLED SEGMENT, IGNORED FOR OVERLAY PROCESS
    SEGMENT: ?PR?UC_NACK?IOEXPANDER_PI4IOE5V96248

*** WARNING L16: UNCALLED SEGMENT, IGNORED FOR OVERLAY PROCESS
    SEGMENT: ?PR?SPI_NOR_WRITE_DATA?AT25SF041

*** WARNING L16: UNCALLED SEGMENT, IGNORED FOR OVERLAY PROCESS
    SEGMENT: ?PR?_TEN?UART1

*** WARNING L16: UNCALLED SEGMENT, IGNORED FOR OVERLAY PROCESS
    SEGMENT: ?PR?_UNIT?UART1

*** WARNING L16: UNCALLED SEGMENT, IGNORED FOR OVERLAY PROCESS
    SEGMENT: ?PR?_DECTOBCD?UART1

*** WARNING L16: UNCALLED SEGMENT, IGNORED FOR OVERLAY PROCESS
    SEGMENT: ?PR?_ASCII_LETTER?UART1

*** WARNING L16: UNCALLED SEGMENT, IGNORED FOR OVERLAY PROCESS
    SEGMENT: ?PR?_ASCIITOBCD?UART1

Program Size: data=15.5 xdata=1779 code=23654
LINK/LOCATE RUN COMPLETE.  12 WARNING(S),  0 ERROR(S)
