BL51 BANKED LINKER/LOCATER V6.22                                                        04/25/2019  11:03:12  PAGE 1


BL51 BANKED LINKER/LOCATER V6.22, INVOKED BY:
C:\KEIL_V5\C51\BIN\BL51.EXE .\Obj\main.obj, .\Obj\PCF85063BTL.obj, .\Obj\UART1.obj, .\Obj\LCd_Driver_SPLC780D.obj, .\Obj
>> \KeyPad.obj, .\Obj\BipolarMotor.obj, .\Obj\SunPos.obj, .\Obj\ADC.obj, .\Obj\Calibration.obj, .\Obj\IOExpander_PI4IOE5
>> V96248.obj, .\Obj\AT25SF041.obj, .\Obj\STARTUP.obj TO .\Obj\GPIO_RTC_Test PRINT (.\Lis\GPIO_RTC_Test.m51) RAMSIZE (25
>> 6)


MEMORY MODEL: LARGE WITH FLOATING POINT ARITHMETIC


INPUT MODULES INCLUDED:
  .\Obj\main.obj (MAIN)
  .\Obj\PCF85063BTL.obj (PCF85063BTL)
  .\Obj\UART1.obj (UART1)
  .\Obj\LCd_Driver_SPLC780D.obj (LCD_DRIVER_SPLC780D)
  .\Obj\KeyPad.obj (KEYPAD)
  .\Obj\BipolarMotor.obj (BIPOLARMOTOR)
  .\Obj\SunPos.obj (SUNPOS)
  .\Obj\ADC.obj (ADC)
  .\Obj\Calibration.obj (CALIBRATION)
  .\Obj\IOExpander_PI4IOE5V96248.obj (IOEXPANDER_PI4IOE5V96248)
  .\Obj\AT25SF041.obj (AT25SF041)
  .\Obj\STARTUP.obj (?C_STARTUP)
  C:\KEIL_V5\C51\LIB\C51FPL.LIB (?C?FPADD)
  C:\KEIL_V5\C51\LIB\C51FPL.LIB (?C?FPMUL)
  C:\KEIL_V5\C51\LIB\C51FPL.LIB (?C?FPDIV)
  C:\KEIL_V5\C51\LIB\C51FPL.LIB (?C?FPCMP)
  C:\KEIL_V5\C51\LIB\C51FPL.LIB (?C?FPNEG)
  C:\KEIL_V5\C51\LIB\C51FPL.LIB (?C?FCAST)
  C:\KEIL_V5\C51\LIB\C51FPL.LIB (?C?CASTF)
  C:\KEIL_V5\C51\LIB\C51FPL.LIB (ATAN2)
  C:\KEIL_V5\C51\LIB\C51FPL.LIB (SIN)
  C:\KEIL_V5\C51\LIB\C51FPL.LIB (ACOS)
  C:\KEIL_V5\C51\LIB\C51FPL.LIB (ASIN)
  C:\KEIL_V5\C51\LIB\C51FPL.LIB (?C?FPGETOPN)
  C:\KEIL_V5\C51\LIB\C51FPL.LIB (?C?FPSERIES)
  C:\KEIL_V5\C51\LIB\C51FPL.LIB (SQRT)
  C:\KEIL_V5\C51\LIB\C51FPL.LIB (ATAN)
  C:\KEIL_V5\C51\LIB\C51L.LIB (?C_INIT)
  C:\KEIL_V5\C51\LIB\C51L.LIB (?C?COPY)
  C:\KEIL_V5\C51\LIB\C51L.LIB (?C?CLDPTR)
  C:\KEIL_V5\C51\LIB\C51L.LIB (?C?CLDOPTR)
  C:\KEIL_V5\C51\LIB\C51L.LIB (?C?CSTPTR)
  C:\KEIL_V5\C51\LIB\C51L.LIB (?C?IMUL)
  C:\KEIL_V5\C51\LIB\C51L.LIB (?C?UIDIV)
  C:\KEIL_V5\C51\LIB\C51L.LIB (?C?SIDIV)
  C:\KEIL_V5\C51\LIB\C51L.LIB (?C?ILDIX)
  C:\KEIL_V5\C51\LIB\C51L.LIB (?C?ILDOPTR)
  C:\KEIL_V5\C51\LIB\C51L.LIB (?C?ISTPTR)
  C:\KEIL_V5\C51\LIB\C51L.LIB (?C?LMUL)
  C:\KEIL_V5\C51\LIB\C51L.LIB (?C?SLDIV)
  C:\KEIL_V5\C51\LIB\C51L.LIB (?C?LNEG)
  C:\KEIL_V5\C51\LIB\C51L.LIB (?C?ULCMP)
  C:\KEIL_V5\C51\LIB\C51L.LIB (?C?LSHL)
  C:\KEIL_V5\C51\LIB\C51L.LIB (?C?LLDPTR)
  C:\KEIL_V5\C51\LIB\C51L.LIB (?C?LLDOPTR)
  C:\KEIL_V5\C51\LIB\C51L.LIB (?C?LSTPTR)
  C:\KEIL_V5\C51\LIB\C51L.LIB (?C?LSTOPTR)
BL51 BANKED LINKER/LOCATER V6.22                                                      04/25/2019  11:03:12  PAGE 2


  C:\KEIL_V5\C51\LIB\C51L.LIB (?C?LLDXDATA)
  C:\KEIL_V5\C51\LIB\C51L.LIB (?C?LLDCODE)
  C:\KEIL_V5\C51\LIB\C51L.LIB (?C?LLDXDATA0)
  C:\KEIL_V5\C51\LIB\C51L.LIB (?C?LLDCODE0)
  C:\KEIL_V5\C51\LIB\C51L.LIB (?C?LLDPTR0)
  C:\KEIL_V5\C51\LIB\C51L.LIB (?C?LSTXDATA)
  C:\KEIL_V5\C51\LIB\C51L.LIB (?C?LSTKXDATA)
  C:\KEIL_V5\C51\LIB\C51L.LIB (?C?LSTKPTR)
  C:\KEIL_V5\C51\LIB\C51L.LIB (?C?OFFXADD)
  C:\KEIL_V5\C51\LIB\C51L.LIB (ATOI)
  C:\KEIL_V5\C51\LIB\C51L.LIB (?C?IILDX)
  C:\KEIL_V5\C51\LIB\C51L.LIB (?C?ULDIV)
  C:\KEIL_V5\C51\LIB\C51L.LIB (?C?LLDIDATA)
  C:\KEIL_V5\C51\LIB\C51L.LIB (?C?LLDPDATA)
  C:\KEIL_V5\C51\LIB\C51L.LIB (?C?LLDIDATA0)
  C:\KEIL_V5\C51\LIB\C51L.LIB (?C?LLDPDATA0)
  C:\KEIL_V5\C51\LIB\C51L.LIB (?C?LSTIDATA)
  C:\KEIL_V5\C51\LIB\C51L.LIB (?C?LSTPDATA)
  C:\KEIL_V5\C51\LIB\C51L.LIB (?C?LSTKIDATA)
  C:\KEIL_V5\C51\LIB\C51L.LIB (?C?LSTKPDATA)
  C:\KEIL_V5\C51\LIB\C51L.LIB (ISDIGIT)
  C:\KEIL_V5\C51\LIB\C51L.LIB (ISSPACE)


LINK MAP OF MODULE:  .\Obj\GPIO_RTC_Test (MAIN)


            TYPE    BASE      LENGTH    RELOCATION   SEGMENT NAME
            -----------------------------------------------------

            * * * * * * *   D A T A   M E M O R Y   * * * * * * *
            REG     0000H     0008H     ABSOLUTE     "REG BANK 0"
                    0008H     0018H                  *** GAP ***
            BIT     0020H.0   0000H.5   UNIT         ?BI?KEYPAD
            BIT     0020H.5   0000H.2   UNIT         ?BI?ATAN?ATAN
            BIT     0020H.7   0000H.2   UNIT         _BIT_GROUP_
            BIT     0021H.1   0000H.1   UNIT         ?BI?MAIN
            BIT     0021H.2   0000H.1   UNIT         ?BI?_MOVE?BIPOLARMOTOR
            BIT     0021H.3   0000H.1   UNIT         ?BI?SIN?SIN
            BIT     0021H.4   0000H.1   UNIT         ?BI?_ATOI?ATOI
                    0021H.5   0000H.3                *** GAP ***
            IDATA   0022H     0001H     UNIT         ?STACK

            * * * * * * *  X D A T A   M E M O R Y  * * * * * * *
            XDATA   0000H     03BCH     UNIT         ?XD?BIPOLARMOTOR
            XDATA   03BCH     0102H     UNIT         ?XD?MAIN
            XDATA   04BEH     00BBH     UNIT         ?XD?_FIND_REAL_MAX?CALIBRATION
            XDATA   0579H     005DH     UNIT         ?XD?SUNPOS?SUNPOS
            XDATA   05D6H     005CH     UNIT         ?XD?_THEORICALJP_POSITION?BIPOLARMOTOR
            XDATA   0632H     003FH     UNIT         _XDATA_GROUP_
            XDATA   0671H     002EH     UNIT         ?XD?_UPDATE_POSITION?BIPOLARMOTOR
            XDATA   069FH     0024H     UNIT         ?XD?_CALIBRATION?CALIBRATION
            XDATA   06C3H     0018H     UNIT         ?XD?VOLTAGE_IS_STABLE?CALIBRATION
            XDATA   06DBH     0014H     UNIT         ?XD?LINEAR_INTERPOLATE?BIPOLARMOTOR
            XDATA   06EFH     000EH     UNIT         ?XD?SPI_NOR_WRITE_DATA?AT25SF041
            XDATA   06FDH     0009H     UNIT         ?XD?KEYPAD
            XDATA   0706H     0008H     UNIT         ?XD?_AT25SF041_WRITE?AT25SF041
BL51 BANKED LINKER/LOCATER V6.22                                                      04/25/2019  11:03:12  PAGE 3


            XDATA   070EH     0008H     UNIT         ?XD?_AT25SF041_READ?AT25SF041
            XDATA   0716H     0008H     UNIT         ?XD?_ATAN2?ATAN2
            XDATA   071EH     0005H     UNIT         ?XD?_ELEVATION_CALCULATION?BIPOLARMOTOR
            XDATA   0723H     0005H     UNIT         ?XD?_ATOI?ATOI
            XDATA   0728H     0004H     UNIT         ?XD?_MOVE?BIPOLARMOTOR
            XDATA   072CH     0004H     UNIT         ?XD?_MAX_VALUE?CALIBRATION
            XDATA   0730H     0004H     UNIT         ?XD?SIN?SIN
            XDATA   0734H     0004H     UNIT         ?XD?SQRT?SQRT
            XDATA   0738H     0004H     UNIT         ?XD?ATAN?ATAN
            XDATA   073CH     0003H     UNIT         ?XD?_SENDSTRING?UART1

            * * * * * * *   C O D E   M E M O R Y   * * * * * * *
            CODE    0000H     0003H     ABSOLUTE     
            CODE    0003H     0006H     UNIT         ?PR?_TEN?UART1
            CODE    0009H     0001H     UNIT         ?PR?TM0_ISR?MAIN
            CODE    000AH     0001H     UNIT         ?PR?_DECTOBCD?UART1
            CODE    000BH     0003H     ABSOLUTE     
            CODE    000EH     09B6H     UNIT         ?C?LIB_CODE
            CODE    09C4H     07A2H     UNIT         ?PR?SUNPOS?SUNPOS
            CODE    1166H     0646H     UNIT         ?PR?_UPDATE_POSITION?BIPOLARMOTOR
            CODE    17ACH     04FBH     UNIT         ?PR?_THEORICALJP_POSITION?BIPOLARMOTOR
            CODE    1CA7H     041DH     UNIT         ?PR?_FIND_REAL_MAX?CALIBRATION
            CODE    20C4H     0400H     UNIT         ?C_INITSEG
            CODE    24C4H     03BBH     UNIT         ?PR?MAIN?MAIN
            CODE    287FH     0380H     UNIT         ?PR?_ELEVATION_CALCULATION?BIPOLARMOTOR
            CODE    2BFFH     02C5H     UNIT         ?PR?KEY_PROCESS?KEYPAD
            CODE    2EC4H     01B3H     UNIT         ?PR?_CALIBRATION?CALIBRATION
            CODE    3077H     018DH     UNIT         ?PR?KEY_SCAN?KEYPAD
            CODE    3204H     0189H     UNIT         ?PR?SPI_NOR_WRITE_DATA?AT25SF041
            CODE    338DH     0188H     UNIT         ?PR?SIN?SIN
            CODE    3515H     0162H     UNIT         ?PR?_DISPLAY_POS?LCD_DRIVER_SPLC780D
            CODE    3677H     0122H     UNIT         ?PR?ATAN?ATAN
            CODE    3799H     0110H     UNIT         ?PR?_AT25SF041_READ?AT25SF041
            CODE    38A9H     0102H     UNIT         ?PR?_AT25SF041_WRITE?AT25SF041
            CODE    39ABH     00DBH     UNIT         ?PR?_ATOI?ATOI
            CODE    3A86H     00C3H     UNIT         ?PR?LINEAR_INTERPOLATE?BIPOLARMOTOR
            CODE    3B49H     00BBH     UNIT         ?PR?VOLTAGE_IS_STABLE?CALIBRATION
            CODE    3C04H     00ADH     UNIT         ?PR?_WRITE_PI4IOE5V96248?IOEXPANDER_PI4IOE5V96248
            CODE    3CB1H     00ACH     UNIT         ?PR?SQRT?SQRT
            CODE    3D5DH     00A1H     UNIT         ?PR?UCREAD_STATUS_REGISTER_BYTE1?AT25SF041
            CODE    3DFEH     009DH     UNIT         ?PR?_ATAN2?ATAN2
            CODE    3E9BH     009CH     UNIT         ?PR?_MAX_VALUE?CALIBRATION
            CODE    3F37H     0092H     UNIT         ?PR?_READ_VEML6030_ALS?IOEXPANDER_PI4IOE5V96248
            CODE    3FC9H     008CH     UNIT         ?C_C51STARTUP
            CODE    4055H     0088H     UNIT         ?PR?_DAY_OF_YEAR?PCF85063BTL
            CODE    40DDH     0079H     UNIT         ?PR?_WRITEDATA?LCD_DRIVER_SPLC780D
            CODE    4156H     0072H     UNIT         ?PR?AT25SF041_WRITEENABLE?AT25SF041
            CODE    41C8H     006FH     UNIT         ?PR?_READ_TIME?PCF85063BTL
            CODE    4237H     005AH     UNIT         ?PR?AT25SF041_CHIPERASE?AT25SF041
            CODE    4291H     0059H     UNIT         ?PR?LCD_INIT?LCD_DRIVER_SPLC780D
            CODE    42EAH     0055H     UNIT         ?PR?_WRITE_VEML6030_ALS?IOEXPANDER_PI4IOE5V96248
            CODE    433FH     004AH     UNIT         ?PR?VONESTEPMOVE?BIPOLARMOTOR
            CODE    4389H     004AH     UNIT         ?PR?ACOS?ACOS
            CODE    43D3H     0044H     UNIT         ?C?LDIV
            CODE    4417H     0040H     UNIT         ?PR?_COMMAND?LCD_DRIVER_SPLC780D
            CODE    4457H     0040H     UNIT         ?PR?_STEP_MOVE?BIPOLARMOTOR
            CODE    4497H     003BH     UNIT         ?PR?ASIN?ASIN
BL51 BANKED LINKER/LOCATER V6.22                                                      04/25/2019  11:03:12  PAGE 4


            CODE    44D2H     0033H     UNIT         ?PR?_SENDSTRING?UART1
            CODE    4505H     0030H     UNIT         ?PR?I2C_RECEIVEBYTE?IOEXPANDER_PI4IOE5V96248
            CODE    4535H     002CH     UNIT         ?PR?_ADC_GETRESULT?ADC
            CODE    4561H     002BH     UNIT         ?PR?_WAIT_MS_I2C?IOEXPANDER_PI4IOE5V96248
            CODE    458CH     002BH     UNIT         ?PR?_WAIT_MS_SPINOR?AT25SF041
            CODE    45B7H     0028H     UNIT         ?PR?_MOVE?BIPOLARMOTOR
            CODE    45DFH     0027H     UNIT         ?PR?_I2C_SENDBYTE?IOEXPANDER_PI4IOE5V96248
            CODE    4606H     0025H     UNIT         ?PR?_FINDCLOSESTSAMEDAYCALIBTIME?CALIBRATION
            CODE    462BH     0024H     UNIT         ?PR?_WAIT_MS?LCD_DRIVER_SPLC780D
            CODE    464FH     0020H     UNIT         ?PR?_SPI_SENDBYTE?PCF85063BTL
            CODE    466FH     0020H     UNIT         ?PR?SPI_RECEIVEBYTE?PCF85063BTL
            CODE    468FH     001FH     UNIT         ?PR?ADC_INIT?ADC
            CODE    46AEH     001EH     UNIT         ?PR?_DELAY_MS?KEYPAD
            CODE    46CCH     001DH     UNIT         ?PR?_DISPLAYLCD?LCD_DRIVER_SPLC780D
            CODE    46E9H     001BH     UNIT         ?PR?_BCDTODEC1?BIPOLARMOTOR
            CODE    4704H     001BH     UNIT         ?PR?I2C_ACK?IOEXPANDER_PI4IOE5V96248
            CODE    471FH     0018H     UNIT         ?PR?_SPI_WRITETIME?PCF85063BTL
            CODE    4737H     0017H     UNIT         ?PR?_ASCIITOBCD?UART1
            CODE    474EH     0015H     UNIT         ?PR?_DISPLAY_LINE?LCD_DRIVER_SPLC780D
            CODE    4763H     0015H     UNIT         ?PR?VSETLOCATION?BIPOLARMOTOR
            CODE    4778H     0015H     UNIT         ?PR?I2C_START?IOEXPANDER_PI4IOE5V96248
            CODE    478DH     0015H     UNIT         ?PR?I2C_STOP?IOEXPANDER_PI4IOE5V96248
            CODE    47A2H     0014H     UNIT         ?PR?_PCF85063BTL_DELAY?PCF85063BTL
            CODE    47B6H     0014H     UNIT         ?PR?_ABS?LCD_DRIVER_SPLC780D
            CODE    47CAH     0014H     UNIT         ?PR?_ISSPACE?ISSPACE
            CODE    47DEH     0011H     UNIT         ?PR?_SPI_READTIME?PCF85063BTL
            CODE    47EFH     0011H     UNIT         ?PR?_BCDTODEC?PCF85063BTL
            CODE    4800H     0011H     UNIT         ?PR?INITUART1?UART1
            CODE    4811H     000FH     UNIT         ?PR?UC_NACK?IOEXPANDER_PI4IOE5V96248
            CODE    4820H     000FH     UNIT         ?PR?_ISDIGIT?ISDIGIT
            CODE    482FH     000DH     UNIT         ?PR?SPI_INIT?PCF85063BTL
            CODE    483CH     000CH     UNIT         ?PR?KEYPAD_IO_INIT?KEYPAD
            CODE    4848H     000AH     UNIT         ?PR?LCD_RETURN_HOME?LCD_DRIVER_SPLC780D
            CODE    4852H     000AH     UNIT         ?PR?LCD_CLEAR?LCD_DRIVER_SPLC780D
            CODE    485CH     0006H     UNIT         ?PR?UC_ACK?IOEXPANDER_PI4IOE5V96248
            CODE    4862H     0005H     UNIT         ?PR?_UNIT?UART1
            CODE    4867H     0005H     UNIT         ?PR?_ASCII_LETTER?UART1
            CODE    486CH     0001H     UNIT         ?PR?WAIT?BIPOLARMOTOR
            CODE    486DH     0001H     UNIT         ?PR?NOP?IOEXPANDER_PI4IOE5V96248



OVERLAY MAP OF MODULE:   .\Obj\GPIO_RTC_Test (MAIN)


SEGMENT                                             BIT_GROUP          XDATA_GROUP
  +--> CALLED SEGMENT                            START    LENGTH     START    LENGTH
------------------------------------------------------------------------------------
?C_C51STARTUP                                    -----    -----      -----    -----
  +--> ?PR?MAIN?MAIN
  +--> ?C_INITSEG

?PR?MAIN?MAIN                                    -----    -----      0632H    0030H
  +--> ?PR?LCD_INIT?LCD_DRIVER_SPLC780D
  +--> ?PR?SPI_INIT?PCF85063BTL
  +--> ?PR?KEYPAD_IO_INIT?KEYPAD
  +--> ?PR?ADC_INIT?ADC
BL51 BANKED LINKER/LOCATER V6.22                                                      04/25/2019  11:03:12  PAGE 5


  +--> ?PR?VSETLOCATION?BIPOLARMOTOR
  +--> ?PR?_SPI_WRITETIME?PCF85063BTL
  +--> ?PR?_DELAY_MS?KEYPAD
  +--> ?PR?_WRITE_VEML6030_ALS?IOEXPANDER_PI...
  +--> ?PR?_DISPLAY_LINE?LCD_DRIVER_SPLC780D
  +--> ?PR?_WRITEDATA?LCD_DRIVER_SPLC780D
  +--> ?PR?KEY_PROCESS?KEYPAD
  +--> ?PR?_COMMAND?LCD_DRIVER_SPLC780D
  +--> ?PR?_DISPLAYLCD?LCD_DRIVER_SPLC780D
  +--> ?PR?_STEP_MOVE?BIPOLARMOTOR
  +--> ?PR?LCD_RETURN_HOME?LCD_DRIVER_SPLC780D
  +--> ?PR?_READ_TIME?PCF85063BTL
  +--> ?PR?_READ_VEML6030_ALS?IOEXPANDER_PI4...
  +--> ?PR?_DISPLAY_POS?LCD_DRIVER_SPLC780D
  +--> ?PR?_BCDTODEC1?BIPOLARMOTOR
  +--> ?PR?LCD_CLEAR?LCD_DRIVER_SPLC780D
  +--> ?PR?AT25SF041_WRITEENABLE?AT25SF041
  +--> ?PR?AT25SF041_CHIPERASE?AT25SF041
  +--> ?PR?_WAIT_MS_SPINOR?AT25SF041

?PR?LCD_INIT?LCD_DRIVER_SPLC780D                 -----    -----      -----    -----
  +--> ?PR?_WAIT_MS?LCD_DRIVER_SPLC780D
  +--> ?PR?_COMMAND?LCD_DRIVER_SPLC780D

?PR?_COMMAND?LCD_DRIVER_SPLC780D                 -----    -----      -----    -----
  +--> ?PR?_WAIT_MS?LCD_DRIVER_SPLC780D

?PR?ADC_INIT?ADC                                 -----    -----      -----    -----
  +--> ?PR?_WAIT_MS?LCD_DRIVER_SPLC780D

?PR?_SPI_WRITETIME?PCF85063BTL                   -----    -----      -----    -----
  +--> ?PR?_SPI_SENDBYTE?PCF85063BTL

?PR?_SPI_SENDBYTE?PCF85063BTL                    -----    -----      -----    -----
  +--> ?PR?_PCF85063BTL_DELAY?PCF85063BTL

?PR?_WRITE_VEML6030_ALS?IOEXPANDER_PI...         -----    -----      0662H    0003H
  +--> ?PR?I2C_START?IOEXPANDER_PI4IOE5V96248
  +--> ?PR?_WAIT_MS_I2C?IOEXPANDER_PI4IOE5V9...
  +--> ?PR?I2C_ACK?IOEXPANDER_PI4IOE5V96248
  +--> ?PR?_I2C_SENDBYTE?IOEXPANDER_PI4IOE5V...
  +--> ?PR?I2C_STOP?IOEXPANDER_PI4IOE5V96248

?PR?I2C_START?IOEXPANDER_PI4IOE5V96248           -----    -----      -----    -----
  +--> ?PR?_WAIT_MS_I2C?IOEXPANDER_PI4IOE5V9...

?PR?I2C_ACK?IOEXPANDER_PI4IOE5V96248             -----    -----      0669H    0001H
  +--> ?PR?_I2C_SENDBYTE?IOEXPANDER_PI4IOE5V...
  +--> ?PR?_WAIT_MS_I2C?IOEXPANDER_PI4IOE5V9...

?PR?_I2C_SENDBYTE?IOEXPANDER_PI4IOE5V...         -----    -----      -----    -----
  +--> ?PR?_WAIT_MS_I2C?IOEXPANDER_PI4IOE5V9...

?PR?I2C_STOP?IOEXPANDER_PI4IOE5V96248            -----    -----      -----    -----
  +--> ?PR?_WAIT_MS_I2C?IOEXPANDER_PI4IOE5V9...

?PR?_DISPLAY_LINE?LCD_DRIVER_SPLC780D            -----    -----      -----    -----
BL51 BANKED LINKER/LOCATER V6.22                                                      04/25/2019  11:03:12  PAGE 6


  +--> ?PR?_COMMAND?LCD_DRIVER_SPLC780D

?PR?_WRITEDATA?LCD_DRIVER_SPLC780D               -----    -----      066CH    0001H
  +--> ?PR?_WAIT_MS?LCD_DRIVER_SPLC780D

?PR?KEY_PROCESS?KEYPAD                           -----    -----      0662H    0006H
  +--> ?PR?KEY_SCAN?KEYPAD
  +--> ?PR?_SPI_WRITETIME?PCF85063BTL
  +--> ?PR?LCD_CLEAR?LCD_DRIVER_SPLC780D
  +--> ?PR?_COMMAND?LCD_DRIVER_SPLC780D
  +--> ?PR?_WRITEDATA?LCD_DRIVER_SPLC780D

?PR?KEY_SCAN?KEYPAD                              -----    -----      0668H    0003H

?PR?LCD_CLEAR?LCD_DRIVER_SPLC780D                -----    -----      -----    -----
  +--> ?PR?_COMMAND?LCD_DRIVER_SPLC780D

?PR?_DISPLAYLCD?LCD_DRIVER_SPLC780D              -----    -----      0662H    0001H
  +--> ?PR?_WRITEDATA?LCD_DRIVER_SPLC780D

?PR?_STEP_MOVE?BIPOLARMOTOR                      0020H.7  0000H.1    0662H    0004H
  +--> ?PR?VONESTEPMOVE?BIPOLARMOTOR

?PR?VONESTEPMOVE?BIPOLARMOTOR                    0021H.0  0000H.1    -----    -----
  +--> ?PR?_WRITE_PI4IOE5V96248?IOEXPANDER_P...
  +--> ?PR?_DELAY_MS?KEYPAD

?PR?_WRITE_PI4IOE5V96248?IOEXPANDER_P...         -----    -----      0666H    0003H
  +--> ?PR?I2C_START?IOEXPANDER_PI4IOE5V96248
  +--> ?PR?_WAIT_MS_I2C?IOEXPANDER_PI4IOE5V9...
  +--> ?PR?_I2C_SENDBYTE?IOEXPANDER_PI4IOE5V...
  +--> ?PR?I2C_ACK?IOEXPANDER_PI4IOE5V96248
  +--> ?PR?I2C_STOP?IOEXPANDER_PI4IOE5V96248

?PR?LCD_RETURN_HOME?LCD_DRIVER_SPLC780D          -----    -----      -----    -----
  +--> ?PR?_COMMAND?LCD_DRIVER_SPLC780D

?PR?_READ_TIME?PCF85063BTL                       -----    -----      0662H    000FH
  +--> ?PR?_SPI_READTIME?PCF85063BTL

?PR?_SPI_READTIME?PCF85063BTL                    -----    -----      -----    -----
  +--> ?PR?_SPI_SENDBYTE?PCF85063BTL
  +--> ?PR?SPI_RECEIVEBYTE?PCF85063BTL

?PR?SPI_RECEIVEBYTE?PCF85063BTL                  -----    -----      -----    -----
  +--> ?PR?_PCF85063BTL_DELAY?PCF85063BTL

?PR?_READ_VEML6030_ALS?IOEXPANDER_PI4...         -----    -----      0662H    0005H
  +--> ?PR?I2C_START?IOEXPANDER_PI4IOE5V96248
  +--> ?PR?_WAIT_MS_I2C?IOEXPANDER_PI4IOE5V9...
  +--> ?PR?I2C_ACK?IOEXPANDER_PI4IOE5V96248
  +--> ?PR?_I2C_SENDBYTE?IOEXPANDER_PI4IOE5V...
  +--> ?PR?I2C_STOP?IOEXPANDER_PI4IOE5V96248
  +--> ?PR?I2C_RECEIVEBYTE?IOEXPANDER_PI4IOE...
  +--> ?PR?UC_ACK?IOEXPANDER_PI4IOE5V96248
  +--> ?PR?UC_NACK?IOEXPANDER_PI4IOE5V96248

BL51 BANKED LINKER/LOCATER V6.22                                                      04/25/2019  11:03:12  PAGE 7


?PR?I2C_RECEIVEBYTE?IOEXPANDER_PI4IOE...         -----    -----      -----    -----
  +--> ?PR?_WAIT_MS_I2C?IOEXPANDER_PI4IOE5V9...

?PR?UC_ACK?IOEXPANDER_PI4IOE5V96248              -----    -----      0667H    0001H
  +--> ?PR?_WAIT_MS_I2C?IOEXPANDER_PI4IOE5V9...

?PR?UC_NACK?IOEXPANDER_PI4IOE5V96248             -----    -----      0667H    0001H
  +--> ?PR?_WAIT_MS_I2C?IOEXPANDER_PI4IOE5V9...

?PR?_DISPLAY_POS?LCD_DRIVER_SPLC780D             -----    -----      0662H    000AH
  +--> ?PR?_ABS?LCD_DRIVER_SPLC780D
  +--> ?PR?_WRITEDATA?LCD_DRIVER_SPLC780D

?PR?AT25SF041_WRITEENABLE?AT25SF041              -----    -----      0662H    0002H
  +--> ?PR?_WAIT_MS_SPINOR?AT25SF041
  +--> ?PR?UCREAD_STATUS_REGISTER_BYTE1?AT25...

?PR?UCREAD_STATUS_REGISTER_BYTE1?AT25...         -----    -----      0664H    0003H
  +--> ?PR?_WAIT_MS_SPINOR?AT25SF041

?PR?AT25SF041_CHIPERASE?AT25SF041                -----    -----      0662H    0002H
  +--> ?PR?_WAIT_MS_SPINOR?AT25SF041
  +--> ?PR?UCREAD_STATUS_REGISTER_BYTE1?AT25...



UNRESOLVED EXTERNAL SYMBOLS:
   AUTO_MODE
   SPI_NOR_CLEARENABLE
   _SENDUART1



SYMBOL TABLE OF MODULE:  .\Obj\GPIO_RTC_Test (MAIN)

  VALUE           TYPE          NAME
  ----------------------------------

  -------         MODULE        MAIN
  C:0000H         SYMBOL        _ICE_DUMMY_
  X:03C4H         PUBLIC        calib_value
  D:0080H         PUBLIC        P0
  D:00B2H         PUBLIC        P3M0
  D:0090H         PUBLIC        P1
  D:00B1H         PUBLIC        P3M1
  D:00A0H         PUBLIC        P2
  D:00B0H         PUBLIC        P3
  D:00C0H         PUBLIC        P4
  D:00C8H         PUBLIC        P5
  X:0418H         SYMBOL        PressedKey
  B:00A8H.7       PUBLIC        EA
  D:00E8H         PUBLIC        P6
  X:041CH         PUBLIC        calib_stamp
  D:00F8H         PUBLIC        P7
  X:041DH         PUBLIC        calib_bool
  X:0447H         PUBLIC        RX_Data_Uart_Cnt
  D:00A8H         PUBLIC        IE
BL51 BANKED LINKER/LOCATER V6.22                                                      04/25/2019  11:03:12  PAGE 8


  X:0449H         PUBLIC        calib_time
  D:00B8H         PUBLIC        IP
  X:049DH         PUBLIC        months
  D:00D8H         PUBLIC        CCON
  C:24C4H         PUBLIC        main
  X:049EH         PUBLIC        count
  X:04A0H         PUBLIC        days
  X:04A1H         PUBLIC        hours
  D:0098H         PUBLIC        SCON
  D:0089H         PUBLIC        TMOD
  D:0088H         PUBLIC        TCON
  B:00A0H.3       PUBLIC        P23
  X:04A2H         SYMBOL        KeyCount
  X:04A4H         PUBLIC        mins
  X:04A5H         PUBLIC        Rec_data_hour
  B:00C8H.5       PUBLIC        P55
  X:04A8H         PUBLIC        Rec_data_min
  D:008EH         PUBLIC        AUXR
  C:0009H         PUBLIC        tm0_isr
  B:0021H.1       PUBLIC        busy
  B:00A8H.1       PUBLIC        ET0
  X:04ABH         PUBLIC        SPI_NOR_INTERNAL_FLASH_ADDR
  D:008CH         PUBLIC        TH0
  X:04AFH         PUBLIC        hour_count
  D:008AH         PUBLIC        TL0
  X:04B0H         PUBLIC        min_count
  B:0088H.4       PUBLIC        TR0
  X:04B1H         SYMBOL        KeyNum
  X:04B2H         SYMBOL        KeyNum_Old
  X:04B3H         PUBLIC        current_position
  X:04B7H         PUBLIC        hours1
  X:04B8H         PUBLIC        hours2
  X:04B9H         PUBLIC        mins1
  X:04BAH         PUBLIC        mins2
  X:04BBH         PUBLIC        seconds
  X:04BCH         PUBLIC        st_time
  D:00D0H         PUBLIC        PSW
  -------         PROC          TM0_ISR
  C:0009H         LINE#         83
  C:0009H         LINE#         85
  -------         ENDPROC       TM0_ISR
  -------         PROC          MAIN
  -------         DO            
  X:0632H         SYMBOL        sunlight_ADC
  X:03BCH         SYMBOL        KeyCount
  X:03BEH         SYMBOL        KeyNum_Old
  X:03BFH         SYMBOL        KeyNum
  X:03C0H         SYMBOL        PressedKey
  X:0634H         SYMBOL        prox_flag
  X:0635H         SYMBOL        iUse_prevday_calib_value
  X:0637H         SYMBOL        max_ADC_Val_JP
  X:0639H         SYMBOL        max_ADC_Val
  X:063BH         SYMBOL        calib_point1
  X:0643H         SYMBOL        calib_point2
  X:064BH         SYMBOL        dat_to_store
  X:0656H         SYMBOL        calib_day
  X:0658H         SYMBOL        calib_count
BL51 BANKED LINKER/LOCATER V6.22                                                      04/25/2019  11:03:12  PAGE 9


  X:065AH         SYMBOL        theorical_JP_max_pos
  X:065EH         SYMBOL        elevation
  -------         ENDDO         
  C:24C4H         LINE#         87
  C:24C4H         LINE#         88
  C:24C4H         LINE#         90
  C:24CBH         LINE#         93
  C:24CEH         LINE#         94
  C:24D3H         LINE#         96
  C:24DBH         LINE#         100
  C:24E1H         LINE#         101
  C:24EBH         LINE#         105
  C:24EDH         LINE#         106
  C:24EFH         LINE#         107
  C:24F1H         LINE#         108
  C:24F3H         LINE#         110
  C:24FAH         LINE#         111
  C:24FEH         LINE#         120
  C:2500H         LINE#         121
  C:2503H         LINE#         122
  C:2506H         LINE#         123
  C:2509H         LINE#         124
  C:250CH         LINE#         125
  C:250FH         LINE#         128
  C:2512H         LINE#         129
  C:2515H         LINE#         131
  C:2518H         LINE#         132
  C:251BH         LINE#         133
  C:251EH         LINE#         134
  C:2520H         LINE#         135
  C:2522H         LINE#         136
  C:2524H         LINE#         138
  C:2526H         LINE#         139
  C:252DH         LINE#         140
  C:2534H         LINE#         141
  C:253BH         LINE#         142
  C:2542H         LINE#         143
  C:254BH         LINE#         147
  C:2552H         LINE#         148
  C:2557H         LINE#         149
  C:255CH         LINE#         150
  C:2561H         LINE#         151
  C:2566H         LINE#         152
  C:256BH         LINE#         155
  C:2584H         LINE#         156
  C:2584H         LINE#         157
  C:25A0H         LINE#         158
  C:25E7H         LINE#         159
  C:25F8H         LINE#         162
  C:25F8H         LINE#         163
  C:25F8H         LINE#         164
  C:25FBH         LINE#         167
  C:25FBH         LINE#         170
  C:2600H         LINE#         171
  C:2605H         LINE#         173
  C:260AH         LINE#         174
  C:260FH         LINE#         175
BL51 BANKED LINKER/LOCATER V6.22                                                      04/25/2019  11:03:12  PAGE 10


  C:2614H         LINE#         176
  C:2619H         LINE#         178
  C:2622H         LINE#         179
  C:2627H         LINE#         180
  C:262CH         LINE#         182
  C:2633H         LINE#         183
  C:263BH         LINE#         184
  C:2640H         LINE#         185
  C:2648H         LINE#         186
  C:264DH         LINE#         187
  C:2657H         LINE#         188
  C:265CH         LINE#         189
  C:2664H         LINE#         191
  C:266CH         LINE#         192
  C:2671H         LINE#         193
  C:267BH         LINE#         194
  C:267BH         LINE#         195
  C:267DH         LINE#         196
  C:267FH         LINE#         197
  C:2689H         LINE#         198
  C:2689H         LINE#         199
  C:268EH         LINE#         200
  C:268EH         LINE#         212
  C:269BH         LINE#         213
  C:269BH         LINE#         214
  C:26A5H         LINE#         215
  C:26BCH         LINE#         216
  C:26BCH         LINE#         217
  C:26BEH         LINE#         218
  C:26C0H         LINE#         220
  C:26C0H         LINE#         221
  C:26CBH         LINE#         222
  C:26CBH         LINE#         223
  C:26D0H         LINE#         224
  C:26D0H         LINE#         225
  C:26DDH         LINE#         226
  C:26DDH         LINE#         229
  C:26E7H         LINE#         230
  C:26FEH         LINE#         231
  C:26FEH         LINE#         232
  C:2700H         LINE#         233
  C:2702H         LINE#         235
  C:2702H         LINE#         236
  C:270DH         LINE#         237
  C:270DH         LINE#         238
  C:2712H         LINE#         239
  C:2714H         LINE#         240
  C:2714H         LINE#         242
  C:2736H         LINE#         243
  C:2736H         LINE#         244
  C:2740H         LINE#         245
  C:2746H         LINE#         246
  C:2748H         LINE#         247
  C:274AH         LINE#         248
  C:274CH         LINE#         249
  C:274CH         LINE#         250
  C:274FH         LINE#         252
BL51 BANKED LINKER/LOCATER V6.22                                                      04/25/2019  11:03:12  PAGE 11


  C:274FH         LINE#         253
  C:2755H         LINE#         254
  C:275DH         LINE#         255
  C:2763H         LINE#         256
  C:276BH         LINE#         257
  C:27A6H         LINE#         260
  C:27B3H         LINE#         261
  C:27BDH         LINE#         264
  C:27C7H         LINE#         373
  C:27E3H         LINE#         374
  C:27E7H         LINE#         376
  C:27E9H         LINE#         379
  C:27F4H         LINE#         380
  C:27F4H         LINE#         381
  C:27F7H         LINE#         382
  C:27FEH         LINE#         383
  C:2803H         LINE#         384
  C:2808H         LINE#         385
  C:280DH         LINE#         386
  C:2812H         LINE#         387
  C:2817H         LINE#         388
  C:281CH         LINE#         389
  C:2821H         LINE#         390
  C:2826H         LINE#         391
  C:282BH         LINE#         392
  C:2830H         LINE#         393
  C:2835H         LINE#         394
  C:283AH         LINE#         397
  C:283DH         LINE#         399
  C:2840H         LINE#         400
  C:2847H         LINE#         401
  C:2851H         LINE#         402
  C:2856H         LINE#         404
  C:2859H         LINE#         405
  C:285EH         LINE#         406
  C:2863H         LINE#         407
  C:2868H         LINE#         408
  C:286DH         LINE#         409
  C:2872H         LINE#         410
  C:2877H         LINE#         411
  C:287CH         LINE#         413
  C:287CH         LINE#         414
  -------         ENDPROC       MAIN
  -------         ENDMOD        MAIN

  -------         MODULE        PCF85063BTL
  C:0000H         SYMBOL        _ICE_DUMMY_
  D:0096H         PUBLIC        P2M0
  D:0080H         PUBLIC        P0
  D:0095H         PUBLIC        P2M1
  D:0090H         PUBLIC        P1
  D:00A0H         PUBLIC        P2
  D:00B0H         PUBLIC        P3
  D:00C0H         PUBLIC        P4
  D:00C8H         PUBLIC        P5
  D:00E8H         PUBLIC        P6
  B:00A0H.1       PUBLIC        PCF85063BTL_SDI
BL51 BANKED LINKER/LOCATER V6.22                                                      04/25/2019  11:03:12  PAGE 12


  D:00F8H         PUBLIC        P7
  B:00A0H.2       PUBLIC        PCF85063BTL_SCK
  B:00A0H.1       PUBLIC        PCF85063BTL_SDO
  D:00A8H         PUBLIC        IE
  C:41C8H         PUBLIC        _Read_time
  C:47A8H         PUBLIC        _PCF85063BTL_Delay
  D:00B8H         PUBLIC        IP
  D:00D8H         PUBLIC        CCON
  C:4055H         PUBLIC        _Day_Of_Year
  C:466FH         PUBLIC        SPI_ReceiveByte
  D:0098H         PUBLIC        SCON
  D:0088H         PUBLIC        TCON
  C:47EFH         PUBLIC        _BCDtoDec
  B:00A0H.0       PUBLIC        PCF85063BTL_CS
  C:47DEH         PUBLIC        _SPI_ReadTime
  C:482FH         PUBLIC        SPI_Init
  C:471FH         PUBLIC        _SPI_WriteTime
  C:464FH         PUBLIC        _SPI_SendByte
  D:00D0H         PUBLIC        PSW
  C:47A4H         SYMBOL        L?0048
  -------         PROC          L?0047
  -------         ENDPROC       L?0047
  C:47A4H         SYMBOL        L?0048
  -------         PROC          _PCF85063BTL_DELAY
  D:0006H         SYMBOL        us
  C:47A8H         LINE#         8
  C:47A8H         LINE#         9
  C:47A8H         LINE#         10
  C:47B2H         LINE#         11
  C:47B2H         LINE#         12
  C:47B3H         LINE#         13
  C:47B5H         LINE#         14
  -------         ENDPROC       _PCF85063BTL_DELAY
  -------         PROC          _SPI_SENDBYTE
  D:0005H         SYMBOL        dat
  -------         DO            
  D:0003H         SYMBOL        i
  -------         ENDDO         
  C:464FH         LINE#         17
  C:4651H         LINE#         18
  C:4651H         LINE#         20
  C:4653H         LINE#         21
  C:4653H         LINE#         22
  C:4655H         LINE#         23
  C:4659H         LINE#         24
  C:4659H         LINE#         25
  C:465BH         LINE#         26
  C:465DH         LINE#         28
  C:465DH         LINE#         29
  C:465FH         LINE#         30
  C:465FH         LINE#         31
  C:4662H         LINE#         32
  C:4662H         LINE#         33
  C:4665H         LINE#         34
  C:4669H         LINE#         35
  C:466EH         LINE#         36
  -------         ENDPROC       _SPI_SENDBYTE
BL51 BANKED LINKER/LOCATER V6.22                                                      04/25/2019  11:03:12  PAGE 13


  -------         PROC          SPI_RECEIVEBYTE
  -------         DO            
  D:0003H         SYMBOL        i
  D:0005H         SYMBOL        dat
  -------         ENDDO         
  C:466FH         LINE#         39
  C:466FH         LINE#         40
  C:466FH         LINE#         42
  C:4671H         LINE#         44
  C:4673H         LINE#         45
  C:4674H         LINE#         46
  C:4674H         LINE#         47
  C:4678H         LINE#         48
  C:467AH         LINE#         49
  C:467DH         LINE#         51
  C:4680H         LINE#         52
  C:4680H         LINE#         53
  C:4684H         LINE#         54
  C:4684H         LINE#         55
  C:4684H         LINE#         56
  C:4687H         LINE#         57
  C:468CH         LINE#         58
  C:468EH         LINE#         59
  -------         ENDPROC       SPI_RECEIVEBYTE
  -------         PROC          _SPI_READTIME
  D:0007H         SYMBOL        addr
  -------         DO            
  D:0006H         SYMBOL        dat
  -------         ENDDO         
  C:47DEH         LINE#         61
  C:47DEH         LINE#         62
  C:47DEH         LINE#         64
  C:47E0H         LINE#         65
  C:47E2H         LINE#         66
  C:47E9H         LINE#         67
  C:47ECH         LINE#         68
  C:47EEH         LINE#         69
  C:47EEH         LINE#         70
  -------         ENDPROC       _SPI_READTIME
  -------         PROC          _SPI_WRITETIME
  D:0002H         SYMBOL        val
  D:0005H         SYMBOL        addr
  C:471FH         LINE#         71
  C:4721H         LINE#         72
  C:4721H         LINE#         74
  C:4723H         LINE#         75
  C:472AH         LINE#         76
  C:472FH         LINE#         77
  C:4734H         LINE#         78
  C:4736H         LINE#         79
  -------         ENDPROC       _SPI_WRITETIME
  -------         PROC          SPI_INIT
  C:482FH         LINE#         83
  C:482FH         LINE#         84
  C:482FH         LINE#         89
  C:4832H         LINE#         90
  C:4835H         LINE#         91
BL51 BANKED LINKER/LOCATER V6.22                                                      04/25/2019  11:03:12  PAGE 14


  C:4837H         LINE#         92
  C:4839H         LINE#         93
  C:483BH         LINE#         94
  -------         ENDPROC       SPI_INIT
  -------         PROC          _READ_TIME
  X:0662H         SYMBOL        months
  X:0665H         SYMBOL        days
  X:0668H         SYMBOL        hours
  X:066BH         SYMBOL        mins
  X:066EH         SYMBOL        seconds
  C:41C8H         LINE#         96
  C:41D3H         LINE#         97
  C:41D3H         LINE#         99
  C:41E7H         LINE#         101
  C:41FBH         LINE#         103
  C:420FH         LINE#         108
  C:4223H         LINE#         113
  -------         ENDPROC       _READ_TIME
  -------         PROC          _BCDTODEC
  D:0007H         SYMBOL        bcd
  -------         DO            
  D:0006H         SYMBOL        hi
  D:0007H         SYMBOL        lo
  -------         ENDDO         
  C:47EFH         LINE#         119
  C:47EFH         LINE#         120
  C:47EFH         LINE#         122
  C:47F4H         LINE#         123
  C:47F8H         LINE#         124
  C:47FFH         LINE#         125
  -------         ENDPROC       _BCDTODEC
  -------         PROC          _DAY_OF_YEAR
  D:0007H         SYMBOL        months_bcd
  D:0005H         SYMBOL        days_bcd
  -------         DO            
  D:0004H         SYMBOL        months
  D:0007H         SYMBOL        days
  -------         ENDDO         
  C:4055H         LINE#         126
  C:4055H         LINE#         127
  C:4055H         LINE#         130
  C:405AH         LINE#         132
  C:405FH         LINE#         134
  C:4098H         LINE#         135
  C:4098H         LINE#         136
  C:4098H         LINE#         137
  C:409BH         LINE#         138
  C:409BH         LINE#         139
  C:409BH         LINE#         140
  C:40A0H         LINE#         141
  C:40A0H         LINE#         142
  C:40A0H         LINE#         143
  C:40A5H         LINE#         144
  C:40A5H         LINE#         145
  C:40A5H         LINE#         146
  C:40AAH         LINE#         147
  C:40AAH         LINE#         148
BL51 BANKED LINKER/LOCATER V6.22                                                      04/25/2019  11:03:12  PAGE 15


  C:40AAH         LINE#         149
  C:40AFH         LINE#         150
  C:40AFH         LINE#         151
  C:40AFH         LINE#         152
  C:40B4H         LINE#         153
  C:40B4H         LINE#         154
  C:40B4H         LINE#         155
  C:40B9H         LINE#         156
  C:40B9H         LINE#         157
  C:40B9H         LINE#         158
  C:40BEH         LINE#         159
  C:40BEH         LINE#         160
  C:40BEH         LINE#         161
  C:40C6H         LINE#         162
  C:40C6H         LINE#         163
  C:40C6H         LINE#         164
  C:40CBH         LINE#         165
  C:40CBH         LINE#         166
  C:40CBH         LINE#         167
  C:40D0H         LINE#         168
  C:40D0H         LINE#         169
  C:40D0H         LINE#         170
  C:40D9H         LINE#         171
  C:40D9H         LINE#         172
  C:40D9H         LINE#         173
  C:40DCH         LINE#         174
  C:40DCH         LINE#         175
  -------         ENDPROC       _DAY_OF_YEAR
  -------         ENDMOD        PCF85063BTL

  -------         MODULE        UART1
  C:0000H         SYMBOL        _ICE_DUMMY_
  D:0080H         PUBLIC        P0
  D:0090H         PUBLIC        P1
  D:00A0H         PUBLIC        P2
  D:00B0H         PUBLIC        P3
  D:00C0H         PUBLIC        P4
  D:00C8H         PUBLIC        P5
  B:00A8H.7       PUBLIC        EA
  D:00E8H         PUBLIC        P6
  D:00F8H         PUBLIC        P7
  C:44D2H         PUBLIC        _SendString
  D:00A8H         PUBLIC        IE
  B:00A8H.4       PUBLIC        ES
  D:00B8H         PUBLIC        IP
  C:4737H         PUBLIC        _ASCIItoBCD
  D:00D8H         PUBLIC        CCON
  C:4800H         PUBLIC        initUART1
  D:0098H         PUBLIC        SCON
  D:0088H         PUBLIC        TCON
  C:000AH         PUBLIC        _DectoBCD
  C:4867H         PUBLIC        _ASCII_Letter
  D:008EH         PUBLIC        AUXR
  C:4862H         PUBLIC        _unit
  C:0003H         PUBLIC        _ten
  D:00D6H         PUBLIC        T2H
  D:00D7H         PUBLIC        T2L
BL51 BANKED LINKER/LOCATER V6.22                                                      04/25/2019  11:03:12  PAGE 16


  D:00D0H         PUBLIC        PSW
  -------         PROC          INITUART1
  C:4800H         LINE#         21
  C:4800H         LINE#         22
  C:4800H         LINE#         23
  C:4803H         LINE#         24
  C:4806H         LINE#         25
  C:4809H         LINE#         26
  C:480CH         LINE#         27
  C:480EH         LINE#         28
  C:4810H         LINE#         30
  -------         ENDPROC       INITUART1
  -------         PROC          _SENDSTRING
  X:073CH         SYMBOL        s
  C:44D2H         LINE#         35
  C:44DDH         LINE#         36
  C:44DDH         LINE#         37
  C:44EDH         LINE#         38
  C:44EDH         LINE#         39
  C:4502H         LINE#         40
  C:4504H         LINE#         41
  -------         ENDPROC       _SENDSTRING
  -------         PROC          _TEN
  D:0007H         SYMBOL        BCD
  C:0003H         LINE#         43
  C:0003H         LINE#         44
  C:0003H         LINE#         45
  C:0008H         LINE#         46
  -------         ENDPROC       _TEN
  -------         PROC          _UNIT
  D:0007H         SYMBOL        BCD
  C:4862H         LINE#         47
  C:4862H         LINE#         48
  C:4862H         LINE#         52
  C:4866H         LINE#         53
  -------         ENDPROC       _UNIT
  -------         PROC          _DECTOBCD
  D:0007H         SYMBOL        dec
  C:000AH         LINE#         54
  C:000AH         LINE#         55
  C:000AH         LINE#         57
  C:000AH         LINE#         58
  -------         ENDPROC       _DECTOBCD
  -------         PROC          _ASCII_LETTER
  D:0007H         SYMBOL        dat
  C:4867H         LINE#         60
  C:4867H         LINE#         61
  C:4867H         LINE#         63
  C:486BH         LINE#         64
  -------         ENDPROC       _ASCII_LETTER
  -------         PROC          _ASCIITOBCD
  D:0001H         SYMBOL        ascii
  -------         DO            
  D:0007H         SYMBOL        dec_val
  D:0006H         SYMBOL        ten
  D:0007H         SYMBOL        unit
  -------         ENDDO         
BL51 BANKED LINKER/LOCATER V6.22                                                      04/25/2019  11:03:12  PAGE 17


  C:4737H         LINE#         66
  C:4737H         LINE#         67
  C:4737H         LINE#         69
  C:473AH         LINE#         70
  C:4740H         LINE#         71
  C:4747H         LINE#         72
  C:474DH         LINE#         74
  -------         ENDPROC       _ASCIITOBCD
  -------         ENDMOD        UART1

  -------         MODULE        LCD_DRIVER_SPLC780D
  C:0000H         SYMBOL        _ICE_DUMMY_
  D:0092H         PUBLIC        P1M0
  D:0091H         PUBLIC        P1M1
  D:0080H         PUBLIC        P0
  D:0090H         PUBLIC        P1
  D:00A0H         PUBLIC        P2
  D:00B0H         PUBLIC        P3
  D:00C0H         PUBLIC        P4
  D:00C8H         PUBLIC        P5
  D:00E8H         PUBLIC        P6
  D:00F8H         PUBLIC        P7
  C:40E1H         PUBLIC        _WriteData
  D:00A8H         PUBLIC        IE
  D:00B8H         PUBLIC        IP
  D:00D8H         PUBLIC        CCON
  B:00B0H.4       PUBLIC        LCD_D4
  B:00B0H.5       PUBLIC        LCD_D5
  B:00B0H.6       PUBLIC        LCD_D6
  C:46CCH         PUBLIC        _DisplayLCD
  B:00B0H.7       PUBLIC        LCD_D7
  D:0098H         PUBLIC        SCON
  D:0088H         PUBLIC        TCON
  C:47B6H         PUBLIC        _abs
  C:4852H         PUBLIC        LCD_clear
  C:4417H         PUBLIC        _Command
  C:474EH         PUBLIC        _Display_Line
  C:4291H         PUBLIC        LCD_Init
  C:4631H         PUBLIC        _Wait_ms
  B:00C0H.0       PUBLIC        LCD_RS
  B:00B0H.2       PUBLIC        LCD_RW
  C:4848H         PUBLIC        LCD_return_home
  C:3515H         PUBLIC        _Display_Pos
  B:00B0H.3       PUBLIC        LCD_E
  D:00D0H         PUBLIC        PSW
  -------         PROC          LCD_INIT
  C:4291H         LINE#         9
  C:4291H         LINE#         10
  C:4291H         LINE#         11
  C:4294H         LINE#         12
  C:4297H         LINE#         14
  C:429DH         LINE#         15
  C:42A2H         LINE#         17
  C:42A9H         LINE#         18
  C:42AEH         LINE#         20
  C:42B1H         LINE#         21
  C:42B6H         LINE#         23
BL51 BANKED LINKER/LOCATER V6.22                                                      04/25/2019  11:03:12  PAGE 18


  C:42B9H         LINE#         24
  C:42BEH         LINE#         26
  C:42C5H         LINE#         29
  C:42CAH         LINE#         30
  C:42CFH         LINE#         32
  C:42D4H         LINE#         33
  C:42D9H         LINE#         35
  C:42DEH         LINE#         36
  C:42E3H         LINE#         37
  -------         ENDPROC       LCD_INIT
  C:40DDH         SYMBOL        L?0040
  -------         PROC          L?0039
  -------         ENDPROC       L?0039
  C:40DDH         SYMBOL        L?0040
  -------         PROC          _WRITEDATA
  X:066CH         SYMBOL        dat
  C:40E1H         LINE#         40
  C:40E6H         LINE#         41
  C:40E6H         LINE#         46
  C:40E8H         LINE#         47
  C:40EAH         LINE#         49
  C:40F8H         LINE#         50
  C:4104H         LINE#         51
  C:4110H         LINE#         52
  C:411AH         LINE#         53
  C:411CH         LINE#         54
  C:4123H         LINE#         55
  C:4125H         LINE#         57
  C:4135H         LINE#         58
  C:4140H         LINE#         59
  C:414AH         LINE#         60
  C:414EH         LINE#         62
  C:414EH         LINE#         63
  C:4151H         LINE#         64
  C:4153H         LINE#         65
  C:4155H         LINE#         67
  -------         ENDPROC       _WRITEDATA
  -------         PROC          _COMMAND
  D:0007H         SYMBOL        dat
  C:4417H         LINE#         69
  C:4417H         LINE#         70
  C:4417H         LINE#         71
  C:4419H         LINE#         72
  C:441BH         LINE#         74
  C:4425H         LINE#         75
  C:4429H         LINE#         77
  C:442BH         LINE#         78
  C:4434H         LINE#         79
  C:4438H         LINE#         81
  C:443AH         LINE#         82
  C:4441H         LINE#         83
  C:4445H         LINE#         85
  C:4447H         LINE#         86
  C:444BH         LINE#         87
  C:444FH         LINE#         89
  C:4451H         LINE#         90
  C:4451H         LINE#         91
BL51 BANKED LINKER/LOCATER V6.22                                                      04/25/2019  11:03:12  PAGE 19


  C:4454H         LINE#         92
  C:4456H         LINE#         93
  -------         ENDPROC       _COMMAND
  C:462DH         SYMBOL        L?0038
  -------         PROC          L?0037
  -------         ENDPROC       L?0037
  C:462DH         SYMBOL        L?0038
  -------         PROC          _WAIT_MS
  D:0006H         SYMBOL        ms
  -------         DO            
  D:0004H         SYMBOL        De_Cnt
  -------         ENDDO         
  C:4631H         LINE#         95
  C:4631H         LINE#         96
  C:4631H         LINE#         98
  C:463BH         LINE#         99
  C:463BH         LINE#         100
  C:464EH         LINE#         101
  C:464EH         LINE#         102
  -------         ENDPROC       _WAIT_MS
  -------         PROC          _DISPLAYLCD
  D:0007H         SYMBOL        BCD
  -------         DO            
  D:0006H         SYMBOL        first_digit
  X:0662H         SYMBOL        second_digit
  -------         ENDDO         
  C:46CCH         LINE#         103
  C:46CCH         LINE#         104
  C:46CCH         LINE#         106
  C:46D3H         LINE#         107
  C:46DCH         LINE#         109
  C:46E1H         LINE#         111
  -------         ENDPROC       _DISPLAYLCD
  -------         PROC          LCD_RETURN_HOME
  C:4848H         LINE#         115
  C:4848H         LINE#         116
  C:4848H         LINE#         117
  C:484DH         LINE#         118
  -------         ENDPROC       LCD_RETURN_HOME
  -------         PROC          LCD_CLEAR
  C:4852H         LINE#         121
  C:4852H         LINE#         122
  C:4852H         LINE#         123
  C:4857H         LINE#         124
  -------         ENDPROC       LCD_CLEAR
  -------         PROC          _DISPLAY_LINE
  D:0006H         SYMBOL        line
  C:474EH         LINE#         128
  C:474EH         LINE#         129
  C:474EH         LINE#         130
  C:4754H         LINE#         131
  C:4754H         LINE#         132
  C:4756H         LINE#         133
  C:4756H         LINE#         134
  C:4758H         LINE#         136
  C:4758H         LINE#         137
  C:475DH         LINE#         138
BL51 BANKED LINKER/LOCATER V6.22                                                      04/25/2019  11:03:12  PAGE 20


  C:4762H         LINE#         139
  C:4762H         LINE#         140
  -------         ENDPROC       _DISPLAY_LINE
  -------         PROC          _DISPLAY_POS
  X:0662H         SYMBOL        sign_dat
  -------         DO            
  X:0666H         SYMBOL        unit
  X:0667H         SYMBOL        ten
  X:0668H         SYMBOL        hundred
  D:0003H         SYMBOL        thousand
  X:0669H         SYMBOL        after_dot
  X:066AH         SYMBOL        dat
  -------         ENDDO         
  C:3515H         LINE#         142
  C:351BH         LINE#         143
  C:351BH         LINE#         147
  C:3537H         LINE#         148
  C:3551H         LINE#         149
  C:3575H         LINE#         151
  C:35BFH         LINE#         153
  C:35D6H         LINE#         154
  C:35E3H         LINE#         155
  C:3605H         LINE#         156
  C:363AH         LINE#         157
  C:3652H         LINE#         158
  C:3652H         LINE#         160
  C:3652H         LINE#         161
  C:3652H         LINE#         162
  C:3652H         LINE#         163
  C:3652H         LINE#         164
  C:3652H         LINE#         168
  C:3654H         LINE#         170
  C:3654H         LINE#         172
  C:3659H         LINE#         173
  C:365FH         LINE#         174
  C:3665H         LINE#         175
  C:366BH         LINE#         176
  C:3670H         LINE#         177
  C:3676H         LINE#         181
  C:3676H         LINE#         183
  -------         ENDPROC       _DISPLAY_POS
  -------         PROC          _ABS
  D:0006H         SYMBOL        dat
  C:47B6H         LINE#         185
  C:47B6H         LINE#         186
  C:47B6H         LINE#         187
  C:47C1H         LINE#         188
  C:47C2H         LINE#         190
  C:47C9H         LINE#         191
  -------         ENDPROC       _ABS
  -------         ENDMOD        LCD_DRIVER_SPLC780D

  -------         MODULE        KEYPAD
  C:0000H         SYMBOL        _ICE_DUMMY_
  D:0093H         PUBLIC        P0M1
  D:0080H         PUBLIC        P0
  D:0090H         PUBLIC        P1
BL51 BANKED LINKER/LOCATER V6.22                                                      04/25/2019  11:03:12  PAGE 21


  D:00A0H         PUBLIC        P2
  D:00B0H         PUBLIC        P3
  D:00C0H         PUBLIC        P4
  D:00C8H         PUBLIC        P5
  B:0020H.0       PUBLIC        calib_mode
  D:00E8H         PUBLIC        P6
  D:00F8H         PUBLIC        P7
  D:00A8H         PUBLIC        IE
  C:3077H         PUBLIC        Key_Scan
  D:00B8H         PUBLIC        IP
  D:00D8H         PUBLIC        CCON
  C:483CH         PUBLIC        KeyPad_IO_Init
  C:46AEH         PUBLIC        _Delay_ms
  D:0098H         PUBLIC        SCON
  D:0088H         PUBLIC        TCON
  B:0020H.1       PUBLIC        small_move
  B:0020H.2       PUBLIC        move
  B:0020H.3       PUBLIC        direction
  B:0020H.4       PUBLIC        auto_move
  C:2BFFH         PUBLIC        Key_Process
  D:00D0H         PUBLIC        PSW
  D:0094H         PUBLIC        P0M0
  -------         PROC          _DELAY_MS
  D:0006H         SYMBOL        ms
  -------         DO            
  D:0004H         SYMBOL        De_Cnt
  -------         ENDDO         
  C:46AEH         LINE#         19
  C:46AEH         LINE#         20
  C:46AEH         LINE#         22
  C:46B8H         LINE#         23
  C:46B8H         LINE#         24
  C:46CBH         LINE#         25
  C:46CBH         LINE#         26
  -------         ENDPROC       _DELAY_MS
  -------         PROC          KEY_SCAN
  -------         DO            
  X:0668H         SYMBOL        KeyTemp1
  X:0669H         SYMBOL        KeyTemp2
  X:066AH         SYMBOL        KeyValue
  -------         ENDDO         
  C:3077H         LINE#         27
  C:3077H         LINE#         28
  C:3077H         LINE#         33
  C:307AH         LINE#         36
  C:307DH         LINE#         38
  C:3085H         LINE#         39
  C:308CH         LINE#         40
  C:308CH         LINE#         42
  C:3091H         LINE#         43
  C:3098H         LINE#         44
  C:3098H         LINE#         47
  C:309BH         LINE#         48
  C:309EH         LINE#         49
  C:30A3H         LINE#         50
  C:30A7H         LINE#         51
  C:30A7H         LINE#         52
BL51 BANKED LINKER/LOCATER V6.22                                                      04/25/2019  11:03:12  PAGE 22


  C:30AFH         LINE#         53
  C:30AFH         LINE#         54
  C:30B2H         LINE#         55
  C:30BAH         LINE#         56
  C:30BCH         LINE#         58
  C:30D0H         LINE#         59
  C:30D0H         LINE#         60
  C:30D0H         LINE#         61
  C:30D0H         LINE#         62
  C:30D6H         LINE#         64
  C:30D8H         LINE#         65
  C:30D8H         LINE#         66
  C:30D8H         LINE#         67
  C:30DEH         LINE#         69
  C:30E0H         LINE#         70
  C:30E0H         LINE#         71
  C:30E0H         LINE#         72
  C:30E6H         LINE#         74
  C:30E8H         LINE#         75
  C:30E8H         LINE#         76
  C:30E8H         LINE#         77
  C:30EEH         LINE#         79
  C:30EEH         LINE#         80
  C:30EEH         LINE#         81
  C:30EEH         LINE#         84
  C:30F1H         LINE#         85
  C:30F4H         LINE#         86
  C:30FCH         LINE#         87
  C:3100H         LINE#         88
  C:3100H         LINE#         89
  C:3108H         LINE#         90
  C:3108H         LINE#         91
  C:310BH         LINE#         92
  C:3113H         LINE#         93
  C:3115H         LINE#         94
  C:3129H         LINE#         95
  C:3129H         LINE#         96
  C:3129H         LINE#         97
  C:3129H         LINE#         98
  C:312FH         LINE#         100
  C:3131H         LINE#         101
  C:3131H         LINE#         102
  C:3131H         LINE#         103
  C:3137H         LINE#         105
  C:3139H         LINE#         106
  C:3139H         LINE#         107
  C:3139H         LINE#         108
  C:313FH         LINE#         110
  C:3141H         LINE#         111
  C:3141H         LINE#         112
  C:3141H         LINE#         113
  C:3146H         LINE#         115
  C:3146H         LINE#         116
  C:3146H         LINE#         117
  C:3146H         LINE#         120
  C:3149H         LINE#         121
  C:314CH         LINE#         122
BL51 BANKED LINKER/LOCATER V6.22                                                      04/25/2019  11:03:12  PAGE 23


  C:3154H         LINE#         123
  C:3158H         LINE#         124
  C:3158H         LINE#         125
  C:3160H         LINE#         126
  C:3160H         LINE#         127
  C:3163H         LINE#         128
  C:316BH         LINE#         129
  C:316DH         LINE#         130
  C:3181H         LINE#         131
  C:3181H         LINE#         132
  C:3181H         LINE#         133
  C:3181H         LINE#         134
  C:3187H         LINE#         136
  C:3189H         LINE#         137
  C:3189H         LINE#         138
  C:3189H         LINE#         139
  C:318FH         LINE#         141
  C:3191H         LINE#         142
  C:3191H         LINE#         143
  C:3191H         LINE#         144
  C:3197H         LINE#         146
  C:3199H         LINE#         147
  C:3199H         LINE#         148
  C:3199H         LINE#         149
  C:319FH         LINE#         151
  C:319FH         LINE#         152
  C:319FH         LINE#         153
  C:319FH         LINE#         157
  C:31A2H         LINE#         158
  C:31A5H         LINE#         159
  C:31ADH         LINE#         160
  C:31B1H         LINE#         161
  C:31B1H         LINE#         162
  C:31B9H         LINE#         163
  C:31B9H         LINE#         164
  C:31BCH         LINE#         165
  C:31C4H         LINE#         166
  C:31C6H         LINE#         167
  C:31DAH         LINE#         168
  C:31DAH         LINE#         169
  C:31DAH         LINE#         170
  C:31DAH         LINE#         171
  C:31E0H         LINE#         173
  C:31E2H         LINE#         174
  C:31E2H         LINE#         175
  C:31E2H         LINE#         176
  C:31E8H         LINE#         178
  C:31EAH         LINE#         179
  C:31EAH         LINE#         180
  C:31EAH         LINE#         181
  C:31F0H         LINE#         183
  C:31F2H         LINE#         184
  C:31F2H         LINE#         185
  C:31F2H         LINE#         186
  C:31F8H         LINE#         188
  C:31F8H         LINE#         189
  C:31F8H         LINE#         190
BL51 BANKED LINKER/LOCATER V6.22                                                      04/25/2019  11:03:12  PAGE 24


  C:31F8H         LINE#         192
  C:31FEH         LINE#         193
  C:31FEH         LINE#         195
  C:31FEH         LINE#         196
  C:3201H         LINE#         197
  C:3201H         LINE#         198
  C:3201H         LINE#         200
  C:3201H         LINE#         201
  C:3203H         LINE#         202
  C:3203H         LINE#         203
  -------         ENDPROC       KEY_SCAN
  -------         PROC          KEY_PROCESS
  -------         DO            
  X:06FDH         SYMBOL        KeyCount
  X:06FFH         SYMBOL        KeyNum_Old
  X:0700H         SYMBOL        KeyNum
  X:0701H         SYMBOL        PressedKey
  X:0662H         SYMBOL        d
  D:0004H         SYMBOL        hours
  D:0006H         SYMBOL        mins
  X:0664H         SYMBOL        months
  X:0666H         SYMBOL        days
  -------         ENDDO         
  C:2BFFH         LINE#         204
  C:2BFFH         LINE#         205
  C:2BFFH         LINE#         209
  C:2C07H         LINE#         210
  C:2C0FH         LINE#         212
  C:2C12H         LINE#         213
  C:2C12H         LINE#         214
  C:2C15H         LINE#         216
  C:2C15H         LINE#         217
  C:2C22H         LINE#         218
  C:2C22H         LINE#         219
  C:2C25H         LINE#         220
  C:2C28H         LINE#         222
  C:2C2BH         LINE#         224
  C:2C2BH         LINE#         225
  C:2C36H         LINE#         226
  C:2C36H         LINE#         227
  C:2C39H         LINE#         229
  C:2C39H         LINE#         230
  C:2C40H         LINE#         231
  C:2C40H         LINE#         232
  C:2C43H         LINE#         234
  C:2C43H         LINE#         235
  C:2C4BH         LINE#         236
  C:2C4BH         LINE#         237
  C:2C55H         LINE#         238
  C:2C5DH         LINE#         240
  C:2C66H         LINE#         242
  C:2C66H         LINE#         251
  C:2C7BH         LINE#         252
  C:2C7BH         LINE#         253
  C:2C8DH         LINE#         254
  C:2C9BH         LINE#         255
  C:2CAAH         LINE#         256
BL51 BANKED LINKER/LOCATER V6.22                                                      04/25/2019  11:03:12  PAGE 25


  C:2CAAH         LINE#         258
  C:2CB0H         LINE#         262
  C:2CC6H         LINE#         263
  C:2CD7H         LINE#         264
  C:2CF2H         LINE#         265
  C:2CF2H         LINE#         266
  C:2D02H         LINE#         267
  C:2D13H         LINE#         268
  C:2D13H         LINE#         272
  C:2D2CH         LINE#         273
  C:2D43H         LINE#         274
  C:2D63H         LINE#         275
  C:2D63H         LINE#         276
  C:2D6DH         LINE#         277
  C:2D6DH         LINE#         278
  C:2D76H         LINE#         279
  C:2D76H         LINE#         280
  C:2D8AH         LINE#         281
  C:2D8AH         LINE#         282
  C:2D8AH         LINE#         283
  C:2D8AH         LINE#         284
  C:2D8AH         LINE#         285
  C:2D8CH         LINE#         287
  C:2D8CH         LINE#         288
  C:2D98H         LINE#         289
  C:2D98H         LINE#         290
  C:2DA9H         LINE#         291
  C:2DA9H         LINE#         292
  C:2DA9H         LINE#         293
  C:2DA9H         LINE#         294
  C:2DA9H         LINE#         296
  C:2DABH         LINE#         298
  C:2DABH         LINE#         299
  C:2DBCH         LINE#         300
  C:2DBCH         LINE#         301
  C:2DBCH         LINE#         302
  C:2DBCH         LINE#         303
  C:2DBCH         LINE#         305
  C:2DBCH         LINE#         307
  C:2DBCH         LINE#         308
  C:2DBEH         LINE#         310
  C:2DBEH         LINE#         311
  C:2DD1H         LINE#         312
  C:2DD1H         LINE#         313
  C:2DE2H         LINE#         314
  C:2DE2H         LINE#         315
  C:2DE2H         LINE#         316
  C:2DE2H         LINE#         317
  C:2DE2H         LINE#         318
  C:2DE4H         LINE#         320
  C:2DE4H         LINE#         321
  C:2DF5H         LINE#         322
  C:2DF5H         LINE#         323
  C:2E06H         LINE#         324
  C:2E17H         LINE#         325
  C:2E17H         LINE#         326
  C:2E17H         LINE#         327
BL51 BANKED LINKER/LOCATER V6.22                                                      04/25/2019  11:03:12  PAGE 26


  C:2E17H         LINE#         328
  C:2E17H         LINE#         330
  C:2E31H         LINE#         331
  C:2E31H         LINE#         332
  C:2E36H         LINE#         333
  C:2E36H         LINE#         334
  C:2E3CH         LINE#         335
  C:2E3CH         LINE#         336
  C:2E3FH         LINE#         337
  C:2E44H         LINE#         338
  C:2E49H         LINE#         339
  C:2E4EH         LINE#         340
  C:2E53H         LINE#         341
  C:2E58H         LINE#         342
  C:2E5DH         LINE#         343
  C:2E62H         LINE#         344
  C:2E62H         LINE#         345
  C:2E62H         LINE#         347
  C:2E84H         LINE#         348
  C:2E84H         LINE#         349
  C:2E8EH         LINE#         350
  C:2E8EH         LINE#         351
  C:2E93H         LINE#         352
  C:2E9CH         LINE#         353
  C:2EB3H         LINE#         354
  C:2EB3H         LINE#         355
  C:2EC3H         LINE#         357
  C:2EC3H         LINE#         361
  -------         ENDPROC       KEY_PROCESS
  -------         PROC          KEYPAD_IO_INIT
  C:483CH         LINE#         364
  C:483CH         LINE#         365
  C:483CH         LINE#         366
  C:483FH         LINE#         367
  C:4842H         LINE#         368
  C:4845H         LINE#         369
  C:4847H         LINE#         370
  -------         ENDPROC       KEYPAD_IO_INIT
  -------         ENDMOD        KEYPAD

  -------         MODULE        BIPOLARMOTOR
  C:0000H         SYMBOL        _ICE_DUMMY_
  X:0000H         PUBLIC        UTC_time
  D:0080H         PUBLIC        P0
  D:0090H         PUBLIC        P1
  X:0004H         PUBLIC        RX_pos_test
  D:00A0H         PUBLIC        P2
  D:00B0H         PUBLIC        P3
  D:00C0H         PUBLIC        P4
  D:00C8H         PUBLIC        P5
  D:00E8H         PUBLIC        P6
  D:00F8H         PUBLIC        P7
  X:00A4H         PUBLIC        low_date_azimuth_mapping
  D:00A8H         PUBLIC        IE
  C:3AA9H         PUBLIC        linear_interpolate
  X:00CCH         PUBLIC        declination
  C:45B7H         PUBLIC        _Move
BL51 BANKED LINKER/LOCATER V6.22                                                      04/25/2019  11:03:12  PAGE 27


  D:00B8H         PUBLIC        IP
  X:00D0H         PUBLIC        time_offset
  D:00D8H         PUBLIC        CCON
  X:00D4H         PUBLIC        previous_move_time
  X:00D5H         PUBLIC        time
  D:0098H         PUBLIC        SCON
  D:0088H         PUBLIC        TCON
  C:486CH         PUBLIC        wait
  C:4457H         PUBLIC        _Step_move
  X:00E7H         PUBLIC        dat
  X:00EDH         PUBLIC        current_local_sun_time
  C:1166H         PUBLIC        _Update_position
  C:287FH         PUBLIC        _elevation_calculation
  X:00F1H         PUBLIC        sunCoord
  C:433FH         PUBLIC        vOneStepMove
  X:00F4H         PUBLIC        elevation_stamp
  X:0130H         PUBLIC        date_azimuth_mapping
  X:0158H         PUBLIC        location
  X:0160H         PUBLIC        RX_pos
  C:4763H         PUBLIC        vSetLocation
  C:46F3H         PUBLIC        _BCDtoDec1
  X:03B8H         PUBLIC        degree
  C:17ACH         PUBLIC        _TheoricalJP_Position
  D:00D0H         PUBLIC        PSW
  -------         PROC          VSETLOCATION
  C:4763H         LINE#         44
  C:4763H         LINE#         45
  C:4763H         LINE#         46
  C:476DH         LINE#         47
  C:4777H         LINE#         48
  -------         ENDPROC       VSETLOCATION
  C:46EFH         SYMBOL        L?0061
  -------         PROC          L?0060
  -------         ENDPROC       L?0060
  C:46EFH         SYMBOL        L?0061
  -------         PROC          _BCDTODEC1
  D:0007H         SYMBOL        bcd
  -------         DO            
  D:0006H         SYMBOL        hi
  D:0007H         SYMBOL        lo
  -------         ENDDO         
  C:46F3H         LINE#         49
  C:46F3H         LINE#         50
  C:46F3H         LINE#         52
  C:46F8H         LINE#         53
  C:46FCH         LINE#         54
  C:4703H         LINE#         55
  -------         ENDPROC       _BCDTODEC1
  -------         PROC          WAIT
  C:486CH         LINE#         57
  C:486CH         LINE#         59
  -------         ENDPROC       WAIT
  -------         PROC          VONESTEPMOVE
  B:0021H.0       SYMBOL        bDir
  C:433FH         LINE#         61
  C:433FH         LINE#         62
  C:433FH         LINE#         64
BL51 BANKED LINKER/LOCATER V6.22                                                      04/25/2019  11:03:12  PAGE 28


  C:4345H         LINE#         65
  C:4345H         LINE#         66
  C:4348H         LINE#         67
  C:4351H         LINE#         68
  C:4358H         LINE#         69
  C:435DH         LINE#         70
  C:435DH         LINE#         71
  C:435DH         LINE#         73
  C:435FH         LINE#         76
  C:435FH         LINE#         77
  C:4362H         LINE#         78
  C:436BH         LINE#         79
  C:4372H         LINE#         80
  C:4378H         LINE#         81
  C:4381H         LINE#         82
  C:4388H         LINE#         83
  C:4388H         LINE#         87
  -------         ENDPROC       VONESTEPMOVE
  -------         PROC          _STEP_MOVE
  X:0662H         SYMBOL        step
  B:0020H.7       SYMBOL        dir
  -------         DO            
  X:0664H         SYMBOL        i
  -------         ENDDO         
  C:4457H         LINE#         89
  C:445FH         LINE#         90
  C:445FH         LINE#         92
  C:4464H         LINE#         95
  C:447FH         LINE#         96
  C:447FH         LINE#         97
  C:4486H         LINE#         99
  C:4496H         LINE#         101
  -------         ENDPROC       _STEP_MOVE
  -------         PROC          _MOVE
  X:0728H         SYMBOL        distance
  B:0021H.2       SYMBOL        direction
  -------         DO            
  D:0006H         SYMBOL        step
  -------         ENDDO         
  C:45B7H         LINE#         103
  C:45BDH         LINE#         104
  C:45BDH         LINE#         107
  C:45D8H         LINE#         108
  -------         ENDPROC       _MOVE
  C:3A98H         SYMBOL        L?0059
  -------         PROC          L?0058
  -------         ENDPROC       L?0058
  C:3A98H         SYMBOL        L?0059
  -------         PROC          LINEAR_INTERPOLATE
  X:06DBH         SYMBOL        p1
  X:06E3H         SYMBOL        p2
  X:06EBH         SYMBOL        x
  -------         DO            
  D:0004H         SYMBOL        fx
  -------         ENDDO         
  C:3AA9H         LINE#         141
  C:3AA9H         LINE#         142
BL51 BANKED LINKER/LOCATER V6.22                                                      04/25/2019  11:03:12  PAGE 29


  C:3AA9H         LINE#         145
  C:3B48H         LINE#         147
  C:3B48H         LINE#         148
  -------         ENDPROC       LINEAR_INTERPOLATE
  -------         PROC          _THEORICALJP_POSITION
  X:05D6H         SYMBOL        azimuth
  X:05DAH         SYMBOL        elevation
  -------         DO            
  X:05DEH         SYMBOL        pos_interpolate_azimuth
  X:061AH         SYMBOL        JP_pos
  X:061EH         SYMBOL        i
  X:0620H         SYMBOL        yy
  X:0622H         SYMBOL        p1
  X:062AH         SYMBOL        p2
  -------         ENDDO         
  C:17ACH         LINE#         151
  C:17B2H         LINE#         152
  C:17B2H         LINE#         154
  C:17BCH         LINE#         157
  C:17D8H         LINE#         158
  C:17D8H         LINE#         159
  C:1848H         LINE#         160
  C:1848H         LINE#         161
  C:184FH         LINE#         162
  C:184FH         LINE#         163
  C:187CH         LINE#         164
  C:1897H         LINE#         166
  C:18DEH         LINE#         167
  C:1912H         LINE#         169
  C:1958H         LINE#         170
  C:197DH         LINE#         172
  C:197DH         LINE#         174
  C:19F3H         LINE#         175
  C:19F3H         LINE#         176
  C:19FAH         LINE#         177
  C:19FAH         LINE#         178
  C:1A27H         LINE#         179
  C:1A42H         LINE#         181
  C:1A89H         LINE#         182
  C:1ABDH         LINE#         184
  C:1B03H         LINE#         185
  C:1B25H         LINE#         187
  C:1B25H         LINE#         188
  C:1B39H         LINE#         191
  C:1B55H         LINE#         192
  C:1B55H         LINE#         193
  C:1BC5H         LINE#         194
  C:1BC5H         LINE#         195
  C:1BF2H         LINE#         196
  C:1C0DH         LINE#         198
  C:1C3AH         LINE#         199
  C:1C55H         LINE#         201
  C:1C87H         LINE#         204
  C:1C87H         LINE#         206
  C:1C98H         LINE#         207
  C:1CA6H         LINE#         209
  -------         ENDPROC       _THEORICALJP_POSITION
BL51 BANKED LINKER/LOCATER V6.22                                                      04/25/2019  11:03:12  PAGE 30


  -------         PROC          _UPDATE_POSITION
  D:0001H         SYMBOL        mnths
  D:0002H         SYMBOL        dys
  X:0673H         SYMBOL        hurs
  X:0674H         SYMBOL        mns
  X:0675H         SYMBOL        sconds
  X:0676H         SYMBOL        currnt_pos
  X:0679H         SYMBOL        offset_calib
  -------         DO            
  X:067DH         SYMBOL        date
  X:067FH         SYMBOL        i
  X:0681H         SYMBOL        yy
  X:0683H         SYMBOL        desired_distance
  X:0687H         SYMBOL        distance
  X:068BH         SYMBOL        JP_pos
  X:068FH         SYMBOL        elevation
  X:0693H         SYMBOL        azimuth
  X:0697H         SYMBOL        time_offset
  X:069BH         SYMBOL        UTC_time
  -------         ENDDO         
  C:1166H         LINE#         212
  C:116FH         LINE#         215
  C:116FH         LINE#         216
  C:117AH         LINE#         218
  C:1196H         LINE#         219
  C:11A0H         LINE#         225
  C:11AAH         LINE#         226
  C:11B5H         LINE#         227
  C:11C0H         LINE#         228
  C:11D9H         LINE#         229
  C:11EAH         LINE#         230
  C:11F9H         LINE#         233
  C:120DH         LINE#         237
  C:125FH         LINE#         238
  C:13C3H         LINE#         239
  C:1413H         LINE#         242
  C:153BH         LINE#         245
  C:160AH         LINE#         252
  C:1651H         LINE#         253
  C:1651H         LINE#         255
  C:167CH         LINE#         256
  C:16ABH         LINE#         258
  C:16D0H         LINE#         259
  C:1735H         LINE#         260
  C:1735H         LINE#         261
  C:174FH         LINE#         262
  C:1761H         LINE#         263
  C:1779H         LINE#         264
  C:178FH         LINE#         266
  C:17ABH         LINE#         267
  C:17ABH         LINE#         268
  C:17ABH         LINE#         271
  -------         ENDPROC       _UPDATE_POSITION
  -------         PROC          _ELEVATION_CALCULATION
  D:0007H         SYMBOL        mnths
  D:0005H         SYMBOL        dys
  X:0720H         SYMBOL        hurs
BL51 BANKED LINKER/LOCATER V6.22                                                      04/25/2019  11:03:12  PAGE 31


  X:0721H         SYMBOL        mns
  X:0722H         SYMBOL        sconds
  C:287FH         LINE#         273
  C:2884H         LINE#         275
  C:2884H         LINE#         276
  C:288EH         LINE#         277
  C:2897H         LINE#         278
  C:28A2H         LINE#         279
  C:28BBH         LINE#         280
  C:28CFH         LINE#         281
  C:28E1H         LINE#         285
  C:2933H         LINE#         286
  C:2A97H         LINE#         287
  C:2AE7H         LINE#         289
  C:2BFEH         LINE#         291
  -------         ENDPROC       _ELEVATION_CALCULATION
  -------         ENDMOD        BIPOLARMOTOR

  -------         MODULE        SUNPOS
  C:0000H         SYMBOL        _ICE_DUMMY_
  C:09C4H         PUBLIC        sunpos
  -------         PROC          SUNPOS
  X:0579H         SYMBOL        udtTime
  X:058BH         SYMBOL        udtLocation
  X:0593H         SYMBOL        udtSunCoordinates
  -------         DO            
  X:0596H         SYMBOL        dElapsedJulianDays
  X:059AH         SYMBOL        dDecimalHours
  X:059EH         SYMBOL        dEclipticLongitude
  X:05A2H         SYMBOL        dEclipticObliquity
  X:05A6H         SYMBOL        dRightAscension
  X:05AAH         SYMBOL        dDeclination
  X:05AEH         SYMBOL        dY
  X:05B2H         SYMBOL        dX
  -------         DO            
  X:05B6H         SYMBOL        dJulianDate
  X:05BAH         SYMBOL        liAux1
  X:05BEH         SYMBOL        liAux2
  X:05B6H         SYMBOL        dMeanLongitude
  X:05BAH         SYMBOL        dMeanAnomaly
  X:05BEH         SYMBOL        dOmega
  X:05B6H         SYMBOL        dSin_EclipticLongitude
  X:05B6H         SYMBOL        dGreenwichMeanSiderealTime
  X:05BAH         SYMBOL        dLocalMeanSiderealTime
  X:05BEH         SYMBOL        dLatitudeInRadians
  X:05C2H         SYMBOL        dHourAngle
  X:05C6H         SYMBOL        dCos_Latitude
  X:05CAH         SYMBOL        dSin_Latitude
  X:05CEH         SYMBOL        dCos_HourAngle
  X:05D2H         SYMBOL        dParallax
  -------         ENDDO         
  -------         DO            
  X:05B6H         SYMBOL        dMeanLongitude
  X:05BAH         SYMBOL        dMeanAnomaly
  X:05BEH         SYMBOL        dOmega
  X:05B6H         SYMBOL        dSin_EclipticLongitude
  X:05B6H         SYMBOL        dGreenwichMeanSiderealTime
BL51 BANKED LINKER/LOCATER V6.22                                                      04/25/2019  11:03:12  PAGE 32


  X:05BAH         SYMBOL        dLocalMeanSiderealTime
  X:05BEH         SYMBOL        dLatitudeInRadians
  X:05C2H         SYMBOL        dHourAngle
  X:05C6H         SYMBOL        dCos_Latitude
  X:05CAH         SYMBOL        dSin_Latitude
  X:05CEH         SYMBOL        dCos_HourAngle
  X:05D2H         SYMBOL        dParallax
  -------         ENDDO         
  -------         DO            
  X:05B6H         SYMBOL        dSin_EclipticLongitude
  X:05B6H         SYMBOL        dGreenwichMeanSiderealTime
  X:05BAH         SYMBOL        dLocalMeanSiderealTime
  X:05BEH         SYMBOL        dLatitudeInRadians
  X:05C2H         SYMBOL        dHourAngle
  X:05C6H         SYMBOL        dCos_Latitude
  X:05CAH         SYMBOL        dSin_Latitude
  X:05CEH         SYMBOL        dCos_HourAngle
  X:05D2H         SYMBOL        dParallax
  -------         ENDDO         
  -------         DO            
  X:05B6H         SYMBOL        dGreenwichMeanSiderealTime
  X:05BAH         SYMBOL        dLocalMeanSiderealTime
  X:05BEH         SYMBOL        dLatitudeInRadians
  X:05C2H         SYMBOL        dHourAngle
  X:05C6H         SYMBOL        dCos_Latitude
  X:05CAH         SYMBOL        dSin_Latitude
  X:05CEH         SYMBOL        dCos_HourAngle
  X:05D2H         SYMBOL        dParallax
  -------         ENDDO         
  -------         ENDDO         
  C:09C4H         LINE#         6
  C:09C4H         LINE#         7
  C:09C4H         LINE#         9
  C:09C4H         LINE#         27
  C:0A0EH         LINE#         30
  C:0A2FH         LINE#         31
  C:0B76H         LINE#         34
  C:0BC2H         LINE#         36
  C:0BE1H         LINE#         37
  C:0BE1H         LINE#         42
  C:0BE1H         LINE#         46
  C:0C13H         LINE#         47
  C:0C3DH         LINE#         48
  C:0C67H         LINE#         49
  C:0D14H         LINE#         52
  C:0D75H         LINE#         54
  C:0D75H         LINE#         59
  C:0D75H         LINE#         61
  C:0D8CH         LINE#         62
  C:0DB4H         LINE#         63
  C:0DCBH         LINE#         64
  C:0DF6H         LINE#         65
  C:0E2DH         LINE#         66
  C:0E58H         LINE#         67
  C:0E58H         LINE#         70
  C:0E58H         LINE#         79
  C:0E93H         LINE#         82
BL51 BANKED LINKER/LOCATER V6.22                                                      04/25/2019  11:03:12  PAGE 33


  C:0ECDH         LINE#         84
  C:0EF2H         LINE#         85
  C:0F11H         LINE#         86
  C:0F28H         LINE#         87
  C:0F3FH         LINE#         88
  C:0F56H         LINE#         89
  C:0FDFH         LINE#         91
  C:0FF9H         LINE#         92
  C:105BH         LINE#         93
  C:1091H         LINE#         94
  C:10A3H         LINE#         95
  C:10D0H         LINE#         96
  C:10FDH         LINE#         98
  C:111FH         LINE#         100
  C:1157H         LINE#         103
  C:1157H         LINE#         104
  C:1165H         LINE#         105
  -------         ENDPROC       SUNPOS
  -------         ENDMOD        SUNPOS

  -------         MODULE        ADC
  C:0000H         SYMBOL        _ICE_DUMMY_
  D:0092H         PUBLIC        P1M0
  D:0091H         PUBLIC        P1M1
  D:0080H         PUBLIC        P0
  D:0090H         PUBLIC        P1
  D:00A0H         PUBLIC        P2
  D:00B0H         PUBLIC        P3
  D:00C0H         PUBLIC        P4
  D:00C8H         PUBLIC        P5
  D:00E8H         PUBLIC        P6
  D:00F8H         PUBLIC        P7
  D:00A8H         PUBLIC        IE
  D:00BDH         PUBLIC        ADC_RES
  D:00B8H         PUBLIC        IP
  D:0097H         PUBLIC        CLK_DIV
  D:00D8H         PUBLIC        CCON
  D:00BCH         PUBLIC        ADC_CONTR
  D:0098H         PUBLIC        SCON
  D:0088H         PUBLIC        TCON
  B:00A0H.4       PUBLIC        P24
  B:00A0H.5       PUBLIC        P25
  B:00A0H.6       PUBLIC        P26
  C:468FH         PUBLIC        ADC_Init
  C:4535H         PUBLIC        _ADC_GetResult
  D:009DH         PUBLIC        P1ASF
  D:00BEH         PUBLIC        ADC_RESL
  D:00D0H         PUBLIC        PSW
  -------         PROC          ADC_INIT
  C:468FH         LINE#         7
  C:468FH         LINE#         8
  C:468FH         LINE#         10
  C:4691H         LINE#         11
  C:4693H         LINE#         12
  C:4695H         LINE#         13
  C:4698H         LINE#         14
  C:469BH         LINE#         15
BL51 BANKED LINKER/LOCATER V6.22                                                      04/25/2019  11:03:12  PAGE 34


  C:469EH         LINE#         16
  C:46A1H         LINE#         18
  C:46A3H         LINE#         19
  C:46A5H         LINE#         20
  C:46A8H         LINE#         22
  -------         ENDPROC       ADC_INIT
  -------         PROC          _ADC_GETRESULT
  D:0007H         SYMBOL        ch
  -------         DO            
  D:0006H         SYMBOL        ADC_Value_H
  D:0004H         SYMBOL        ADC_Value_L
[...]
  -------         ENDPROC       _AT25SF041_WRITE
  -------         PROC          _AT25SF041_READ
  D:0003H         SYMBOL        opcode
  X:070FH         SYMBOL        addr
  -------         DO            
  X:0713H         SYMBOL        dat
  X:0714H         SYMBOL        i
  -------         ENDDO         
  C:3799H         LINE#         159
  C:379BH         LINE#         160
  C:379BH         LINE#         161
  C:37A0H         LINE#         163
  C:37A2H         LINE#         164
  C:37A8H         LINE#         168
  C:37ADH         LINE#         169
  C:37ADH         LINE#         170
  C:37AFH         LINE#         171
  C:37B2H         LINE#         172
  C:37B6H         LINE#         173
  C:37B6H         LINE#         174
  C:37B8H         LINE#         175
  C:37BAH         LINE#         177
  C:37BAH         LINE#         178
  C:37BCH         LINE#         180
BL51 BANKED LINKER/LOCATER V6.22                                                      04/25/2019  11:03:12  PAGE 47


  C:37BCH         LINE#         181
  C:37BCH         LINE#         182
  C:37BCH         LINE#         183
  C:37BFH         LINE#         184
  C:37C3H         LINE#         187
  C:37E2H         LINE#         189
  C:37E9H         LINE#         190
  C:37E9H         LINE#         191
  C:37EBH         LINE#         192
  C:37EEH         LINE#         193
  C:380AH         LINE#         194
  C:380AH         LINE#         195
  C:380CH         LINE#         196
  C:380EH         LINE#         198
  C:380EH         LINE#         199
  C:3810H         LINE#         201
  C:3810H         LINE#         202
  C:3810H         LINE#         203
  C:3810H         LINE#         204
  C:3813H         LINE#         205
  C:382CH         LINE#         207
  C:384BH         LINE#         210
  C:3852H         LINE#         212
  C:3854H         LINE#         213
  C:385BH         LINE#         215
  C:3862H         LINE#         216
  C:3862H         LINE#         217
  C:3869H         LINE#         218
  C:3869H         LINE#         219
  C:386CH         LINE#         220
  C:386EH         LINE#         221
  C:3871H         LINE#         223
  C:3874H         LINE#         224
  C:3874H         LINE#         226
  C:3878H         LINE#         227
  C:3878H         LINE#         233
  C:3897H         LINE#         236
  C:3899H         LINE#         237
  C:389CH         LINE#         238
  C:38A3H         LINE#         240
  C:38A8H         LINE#         242
  -------         ENDPROC       _AT25SF041_READ
  -------         PROC          UCREAD_STATUS_REGISTER_BYTE1
  -------         DO            
  D:0003H         SYMBOL        dat
  D:0001H         SYMBOL        opcode
  X:0664H         SYMBOL        count
  X:0665H         SYMBOL        i
  -------         ENDDO         
  C:3D5DH         LINE#         246
  C:3D5DH         LINE#         247
  C:3D5DH         LINE#         248
  C:3D63H         LINE#         249
  C:3D67H         LINE#         250
  C:3D69H         LINE#         251
  C:3D6BH         LINE#         252
  C:3D71H         LINE#         256
BL51 BANKED LINKER/LOCATER V6.22                                                      04/25/2019  11:03:12  PAGE 48


  C:3D78H         LINE#         257
  C:3D78H         LINE#         258
  C:3D7AH         LINE#         259
  C:3D7DH         LINE#         260
  C:3D81H         LINE#         261
  C:3D81H         LINE#         262
  C:3D83H         LINE#         263
  C:3D85H         LINE#         265
  C:3D85H         LINE#         266
  C:3D87H         LINE#         268
  C:3D87H         LINE#         269
  C:3D87H         LINE#         270
  C:3D87H         LINE#         271
  C:3D8AH         LINE#         272
  C:3D8EH         LINE#         275
  C:3DADH         LINE#         279
  C:3DB4H         LINE#         281
  C:3DB6H         LINE#         282
  C:3DBDH         LINE#         283
  C:3DC4H         LINE#         284
  C:3DC4H         LINE#         285
  C:3DC8H         LINE#         286
  C:3DC8H         LINE#         287
  C:3DCBH         LINE#         288
  C:3DCDH         LINE#         289
  C:3DD0H         LINE#         291
  C:3DD3H         LINE#         292
  C:3DD3H         LINE#         294
  C:3DD7H         LINE#         295
  C:3DD7H         LINE#         297
  C:3DF6H         LINE#         301
  C:3DF8H         LINE#         302
  C:3DFBH         LINE#         303
  C:3DFDH         LINE#         304
  -------         ENDPROC       UCREAD_STATUS_REGISTER_BYTE1
  -------         PROC          SPI_NOR_WRITE_DATA
  X:06EFH         SYMBOL        dat
  X:06FAH         SYMBOL        addr
  C:3204H         LINE#         306
  C:3204H         LINE#         307
  C:3204H         LINE#         309
  C:3207H         LINE#         311
  C:3221H         LINE#         312
  C:323FH         LINE#         314
  C:3246H         LINE#         315
  C:3249H         LINE#         317
  C:3263H         LINE#         318
  C:3263H         LINE#         319
  C:3263H         LINE#         322
  C:3266H         LINE#         324
  C:3280H         LINE#         325
  C:3280H         LINE#         326
  C:3280H         LINE#         328
  C:3283H         LINE#         330
  C:329DH         LINE#         331
  C:329DH         LINE#         332
  C:329DH         LINE#         334
BL51 BANKED LINKER/LOCATER V6.22                                                      04/25/2019  11:03:12  PAGE 49


  C:32A0H         LINE#         336
  C:32BAH         LINE#         337
  C:32BAH         LINE#         338
  C:32BAH         LINE#         340
  C:32BDH         LINE#         342
  C:32D7H         LINE#         343
  C:32D7H         LINE#         344
  C:32D7H         LINE#         346
  C:32DAH         LINE#         348
  C:32F4H         LINE#         349
  C:32F4H         LINE#         350
  C:32F4H         LINE#         352
  C:32F7H         LINE#         354
  C:3311H         LINE#         355
  C:3311H         LINE#         356
  C:3311H         LINE#         358
  C:3314H         LINE#         360
  C:332EH         LINE#         361
  C:332EH         LINE#         362
  C:332EH         LINE#         364
  C:3331H         LINE#         366
  C:334BH         LINE#         367
  C:334BH         LINE#         368
  C:334BH         LINE#         370
  C:334EH         LINE#         372
  C:3368H         LINE#         373
  C:336FH         LINE#         374
  -------         ENDPROC       SPI_NOR_WRITE_DATA
  -------         ENDMOD        AT25SF041

  -------         MODULE        ?C_STARTUP
  C:3FC9H         SEGMENT       ?C_C51STARTUP
  I:0022H         SEGMENT       ?STACK
  C:0000H         PUBLIC        ?C_STARTUP
  D:00E0H         SYMBOL        ACC
  D:00F0H         SYMBOL        B
  D:0083H         SYMBOL        DPH
  D:0082H         SYMBOL        DPL
  N:0000H         SYMBOL        IBPSTACK
  N:0100H         SYMBOL        IBPSTACKTOP
  N:0080H         SYMBOL        IDATALEN
  C:3FCCH         SYMBOL        IDATALOOP
  N:0000H         SYMBOL        PBPSTACK
  N:0100H         SYMBOL        PBPSTACKTOP
  N:0000H         SYMBOL        PDATALEN
  N:0000H         SYMBOL        PDATASTART
  N:0000H         SYMBOL        PPAGE
  N:0000H         SYMBOL        PPAGEENABLE
  D:00A0H         SYMBOL        PPAGE_SFR
  D:0081H         SYMBOL        SP
  C:3FC9H         SYMBOL        STARTUP1
  N:0000H         SYMBOL        XBPSTACK
  N:0000H         SYMBOL        XBPSTACKTOP
  N:0000H         SYMBOL        XDATALEN
  N:0000H         SYMBOL        XDATASTART
  C:0000H         LINE#         126
  C:3FC9H         LINE#         133
BL51 BANKED LINKER/LOCATER V6.22                                                      04/25/2019  11:03:12  PAGE 50


  C:3FCBH         LINE#         134
  C:3FCCH         LINE#         135
  C:3FCDH         LINE#         136
  C:3FCFH         LINE#         185
  C:3FD2H         LINE#         196
  -------         ENDMOD        ?C_STARTUP

  -------         MODULE        ?C?FPADD
  C:0015H         PUBLIC        ?C?FPADD
  C:0011H         PUBLIC        ?C?FPSUB
  -------         ENDMOD        ?C?FPADD

  -------         MODULE        ?C?FPMUL
  C:0106H         PUBLIC        ?C?FPMUL
  -------         ENDMOD        ?C?FPMUL

  -------         MODULE        ?C?FPDIV
  C:020FH         PUBLIC        ?C?FPDIV
  -------         ENDMOD        ?C?FPDIV

  -------         MODULE        ?C?FPCMP
  C:02AEH         PUBLIC        ?C?FPCMP
  C:02ACH         PUBLIC        ?C?FPCMP3
  -------         ENDMOD        ?C?FPCMP

  -------         MODULE        ?C?FPNEG
  C:0325H         PUBLIC        ?C?FPNEG
  -------         ENDMOD        ?C?FPNEG

  -------         MODULE        ?C?FCAST
  C:0340H         PUBLIC        ?C?FCASTC
  C:033BH         PUBLIC        ?C?FCASTI
  C:0336H         PUBLIC        ?C?FCASTL
  -------         ENDMOD        ?C?FCAST

  -------         MODULE        ?C?CASTF
  C:0374H         PUBLIC        ?C?CASTF
  -------         ENDMOD        ?C?CASTF

  -------         MODULE        ATAN2
  X:0716H         PUBLIC        ?_atan2?BYTE
  C:3DFEH         PUBLIC        _atan2
  -------         ENDMOD        ATAN2

  -------         MODULE        SIN
  C:33D5H         PUBLIC        _COS
  C:33EBH         PUBLIC        _SIN
  C:3427H         PUBLIC        _TAN
  -------         ENDMOD        SIN

  -------         MODULE        ACOS
  C:4389H         PUBLIC        _ACOS
  -------         ENDMOD        ACOS

  -------         MODULE        ASIN
  C:4497H         PUBLIC        _ASIN
  -------         ENDMOD        ASIN
BL51 BANKED LINKER/LOCATER V6.22                                                      04/25/2019  11:03:12  PAGE 51



  -------         MODULE        SQRT
  C:3CB5H         PUBLIC        _SQRT
  -------         ENDMOD        SQRT

  -------         MODULE        ATAN
  C:3697H         PUBLIC        _ATAN
  -------         ENDMOD        ATAN

  -------         MODULE        ?C?COPY
  C:0512H         PUBLIC        ?C?COPY
  -------         ENDMOD        ?C?COPY

  -------         MODULE        ?C?CLDPTR
  C:0538H         PUBLIC        ?C?CLDPTR
  -------         ENDMOD        ?C?CLDPTR

  -------         MODULE        ?C?CLDOPTR
  C:0551H         PUBLIC        ?C?CLDOPTR
  -------         ENDMOD        ?C?CLDOPTR

  -------         MODULE        ?C?CSTPTR
  C:057EH         PUBLIC        ?C?CSTPTR
  -------         ENDMOD        ?C?CSTPTR

  -------         MODULE        ?C?IMUL
  C:0590H         PUBLIC        ?C?IMUL
  -------         ENDMOD        ?C?IMUL

  -------         MODULE        ?C?UIDIV
  C:05A2H         PUBLIC        ?C?UIDIV
  -------         ENDMOD        ?C?UIDIV

  -------         MODULE        ?C?SIDIV
  C:05F7H         PUBLIC        ?C?SIDIV
  -------         ENDMOD        ?C?SIDIV

  -------         MODULE        ?C?ILDIX
  C:062DH         PUBLIC        ?C?ILDIX
  -------         ENDMOD        ?C?ILDIX

  -------         MODULE        ?C?ILDOPTR
  C:0643H         PUBLIC        ?C?ILDOPTR
  -------         ENDMOD        ?C?ILDOPTR

  -------         MODULE        ?C?ISTPTR
  C:067BH         PUBLIC        ?C?ISTPTR
  -------         ENDMOD        ?C?ISTPTR

  -------         MODULE        ?C?LMUL
  C:069AH         PUBLIC        ?C?LMUL
  -------         ENDMOD        ?C?LMUL

  -------         MODULE        ?C?SLDIV
  C:43D3H         PUBLIC        ?C?SLDIV
  -------         ENDMOD        ?C?SLDIV

BL51 BANKED LINKER/LOCATER V6.22                                                      04/25/2019  11:03:12  PAGE 52


  -------         MODULE        ?C?LNEG
  C:06E9H         PUBLIC        ?C?LNEG
  -------         ENDMOD        ?C?LNEG

  -------         MODULE        ?C?ULCMP
  C:06F7H         PUBLIC        ?C?ULCMP
  -------         ENDMOD        ?C?ULCMP

  -------         MODULE        ?C?LSHL
  C:0708H         PUBLIC        ?C?LSHL
  -------         ENDMOD        ?C?LSHL

  -------         MODULE        ?C?LLDPTR
  C:071BH         PUBLIC        ?C?LLDPTR
  -------         ENDMOD        ?C?LLDPTR

  -------         MODULE        ?C?LLDOPTR
  C:073BH         PUBLIC        ?C?LLDOPTR
  -------         ENDMOD        ?C?LLDOPTR

  -------         MODULE        ?C?LSTPTR
  C:076BH         PUBLIC        ?C?LSTPTR
  -------         ENDMOD        ?C?LSTPTR

  -------         MODULE        ?C?LSTOPTR
  C:0785H         PUBLIC        ?C?LSTOPTR
  -------         ENDMOD        ?C?LSTOPTR

  -------         MODULE        ?C?LLDXDATA
  C:07A9H         PUBLIC        ?C?LLDXDATA
  -------         ENDMOD        ?C?LLDXDATA

  -------         MODULE        ?C?LLDCODE
  C:07B5H         PUBLIC        ?C?LLDCODE
  -------         ENDMOD        ?C?LLDCODE

  -------         MODULE        ?C?LLDXDATA0
  C:07C5H         PUBLIC        ?C?LLDXDATA0
  -------         ENDMOD        ?C?LLDXDATA0

  -------         MODULE        ?C?LLDCODE0
  C:07D1H         PUBLIC        ?C?LLDCODE0
  -------         ENDMOD        ?C?LLDCODE0

  -------         MODULE        ?C?LLDPTR0
  C:07E1H         PUBLIC        ?C?LLDPTR0
  -------         ENDMOD        ?C?LLDPTR0

  -------         MODULE        ?C?LSTXDATA
  C:0801H         PUBLIC        ?C?LSTXDATA
  -------         ENDMOD        ?C?LSTXDATA

  -------         MODULE        ?C?LSTKXDATA
  C:080DH         PUBLIC        ?C?LSTKXDATA
  -------         ENDMOD        ?C?LSTKXDATA

  -------         MODULE        ?C?LSTKPTR
BL51 BANKED LINKER/LOCATER V6.22                                                      04/25/2019  11:03:12  PAGE 53


  C:083EH         PUBLIC        ?C?LSTKPTR
  -------         ENDMOD        ?C?LSTKPTR

  -------         MODULE        ?C?OFFXADD
  C:0858H         PUBLIC        ?C?OFFXADD
  -------         ENDMOD        ?C?OFFXADD

  -------         MODULE        ATOI
  C:39ABH         PUBLIC        _atoi
  -------         ENDMOD        ATOI

  -------         MODULE        ?C?IILDX
  C:0864H         PUBLIC        ?C?IILDX
  -------         ENDMOD        ?C?IILDX

  -------         MODULE        ?C?ULDIV
  C:08B6H         PUBLIC        ?C?ULDIV
  -------         ENDMOD        ?C?ULDIV

  -------         MODULE        ?C?LLDIDATA
  C:0948H         PUBLIC        ?C?LLDIDATA
  -------         ENDMOD        ?C?LLDIDATA

  -------         MODULE        ?C?LLDPDATA
  C:0954H         PUBLIC        ?C?LLDPDATA
  -------         ENDMOD        ?C?LLDPDATA

  -------         MODULE        ?C?LLDIDATA0
  C:0960H         PUBLIC        ?C?LLDIDATA0
  -------         ENDMOD        ?C?LLDIDATA0

  -------         MODULE        ?C?LLDPDATA0
  C:096DH         PUBLIC        ?C?LLDPDATA0
  -------         ENDMOD        ?C?LLDPDATA0

  -------         MODULE        ?C?LSTIDATA
  C:097AH         PUBLIC        ?C?LSTIDATA
  -------         ENDMOD        ?C?LSTIDATA

  -------         MODULE        ?C?LSTPDATA
  C:0986H         PUBLIC        ?C?LSTPDATA
  -------         ENDMOD        ?C?LSTPDATA

  -------         MODULE        ?C?LSTKIDATA
  C:0992H         PUBLIC        ?C?LSTKIDATA
  -------         ENDMOD        ?C?LSTKIDATA

  -------         MODULE        ?C?LSTKPDATA
  C:09ABH         PUBLIC        ?C?LSTKPDATA
  -------         ENDMOD        ?C?LSTKPDATA

  -------         MODULE        ISDIGIT
  C:4820H         PUBLIC        _isdigit
  -------         ENDMOD        ISDIGIT

  -------         MODULE        ISSPACE
  C:47CAH         PUBLIC        _isspace
BL51 BANKED LINKER/LOCATER V6.22                                                      04/25/2019  11:03:12  PAGE 54


  -------         ENDMOD        ISSPACE

*** WARNING L16: UNCALLED SEGMENT, IGNORED FOR OVERLAY PROCESS
    SEGMENT: ?PR?_DAY_OF_YEAR?PCF85063BTL

*** WARNING L16: UNCALLED SEGMENT, IGNORED FOR OVERLAY PROCESS
    SEGMENT: ?PR?INITUART1?UART1

*** WARNING L16: UNCALLED SEGMENT, IGNORED FOR OVERLAY PROCESS
    SEGMENT: ?PR?_SENDSTRING?UART1

*** WARNING L16: UNCALLED SEGMENT, IGNORED FOR OVERLAY PROCESS
    SEGMENT: ?PR?_TEN?UART1

*** WARNING L16: UNCALLED SEGMENT, IGNORED FOR OVERLAY PROCESS
    SEGMENT: ?PR?_UNIT?UART1

*** WARNING L16: UNCALLED SEGMENT, IGNORED FOR OVERLAY PROCESS
    SEGMENT: ?PR?_DECTOBCD?UART1

*** WARNING L16: UNCALLED SEGMENT, IGNORED FOR OVERLAY PROCESS
    SEGMENT: ?PR?_ASCII_LETTER?UART1

*** WARNING L16: UNCALLED SEGMENT, IGNORED FOR OVERLAY PROCESS
    SEGMENT: ?PR?_ASCIITOBCD?UART1

*** WARNING L16: UNCALLED SEGMENT, IGNORED FOR OVERLAY PROCESS
    SEGMENT: ?PR?WAIT?BIPOLARMOTOR

*** WARNING L16: UNCALLED SEGMENT, IGNORED FOR OVERLAY PROCESS
    SEGMENT: ?PR?_ELEVATION_CALCULATION?BIPOLARMOTOR

*** WARNING L16: UNCALLED SEGMENT, IGNORED FOR OVERLAY PROCESS
    SEGMENT: ?PR?_CALIBRATION?CALIBRATION

*** WARNING L16: UNCALLED SEGMENT, IGNORED FOR OVERLAY PROCESS
    SEGMENT: ?PR?_FINDCLOSESTSAMEDAYCALIBTIME?CALIBRATION

*** WARNING L16: UNCALLED SEGMENT, IGNORED FOR OVERLAY PROCESS
    SEGMENT: ?PR?NOP?IOEXPANDER_PI4IOE5V96248

*** WARNING L16: UNCALLED SEGMENT, IGNORED FOR OVERLAY PROCESS
    SEGMENT: ?PR?_AT25SF041_READ?AT25SF041

*** WARNING L16: UNCALLED SEGMENT, IGNORED FOR OVERLAY PROCESS
    SEGMENT: ?PR?SPI_NOR_WRITE_DATA?AT25SF041

*** WARNING L1: UNRESOLVED EXTERNAL SYMBOL
    SYMBOL:  AUTO_MODE
    MODULE:  .\Obj\main.obj (MAIN)

*** WARNING L1: UNRESOLVED EXTERNAL SYMBOL
    SYMBOL:  SPI_NOR_CLEARENABLE
    MODULE:  .\Obj\main.obj (MAIN)

*** WARNING L2: REFERENCE MADE TO UNRESOLVED EXTERNAL
    SYMBOL:  AUTO_MODE
BL51 BANKED LINKER/LOCATER V6.22                                                      04/25/2019  11:03:12  PAGE 55


    MODULE:  .\Obj\main.obj (MAIN)
    ADDRESS: 24F5H

*** WARNING L2: REFERENCE MADE TO UNRESOLVED EXTERNAL
    SYMBOL:  SPI_NOR_CLEARENABLE
    MODULE:  .\Obj\main.obj (MAIN)
    ADDRESS: 24FBH

*** WARNING L2: REFERENCE MADE TO UNRESOLVED EXTERNAL
    SYMBOL:  AUTO_MODE
    MODULE:  .\Obj\main.obj (MAIN)
    ADDRESS: 2672H

*** WARNING L2: REFERENCE MADE TO UNRESOLVED EXTERNAL
    SYMBOL:  AUTO_MODE
    MODULE:  .\Obj\main.obj (MAIN)
    ADDRESS: 2680H

*** WARNING L2: REFERENCE MADE TO UNRESOLVED EXTERNAL
    SYMBOL:  AUTO_MODE
    MODULE:  .\Obj\main.obj (MAIN)
    ADDRESS: 2692H

*** WARNING L2: REFERENCE MADE TO UNRESOLVED EXTERNAL
    SYMBOL:  AUTO_MODE
    MODULE:  .\Obj\main.obj (MAIN)
    ADDRESS: 26D4H

*** WARNING L2: REFERENCE MADE TO UNRESOLVED EXTERNAL
    SYMBOL:  AUTO_MODE
    MODULE:  .\Obj\main.obj (MAIN)
    ADDRESS: 27BEH

*** WARNING L2: REFERENCE MADE TO UNRESOLVED EXTERNAL
    SYMBOL:  SPI_NOR_CLEARENABLE
    MODULE:  .\Obj\main.obj (MAIN)
    ADDRESS: 27EAH

*** WARNING L2: REFERENCE MADE TO UNRESOLVED EXTERNAL
    SYMBOL:  SPI_NOR_CLEARENABLE
    MODULE:  .\Obj\main.obj (MAIN)
    ADDRESS: 2853H

*** WARNING L1: UNRESOLVED EXTERNAL SYMBOL
    SYMBOL:  _SENDUART1
    MODULE:  .\Obj\UART1.obj (UART1)

*** WARNING L2: REFERENCE MADE TO UNRESOLVED EXTERNAL
    SYMBOL:  _SENDUART1
    MODULE:  .\Obj\UART1.obj (UART1)
    ADDRESS: 4500H

*** WARNING L1: UNRESOLVED EXTERNAL SYMBOL
    SYMBOL:  AUTO_MODE
    MODULE:  .\Obj\KeyPad.obj (KEYPAD)

*** WARNING L1: UNRESOLVED EXTERNAL SYMBOL
BL51 BANKED LINKER/LOCATER V6.22                                                      04/25/2019  11:03:12  PAGE 56


    SYMBOL:  SPI_NOR_CLEARENABLE
    MODULE:  .\Obj\KeyPad.obj (KEYPAD)

*** WARNING L2: REFERENCE MADE TO UNRESOLVED EXTERNAL
    SYMBOL:  AUTO_MODE
    MODULE:  .\Obj\KeyPad.obj (KEYPAD)
    ADDRESS: 2C4CH

*** WARNING L2: REFERENCE MADE TO UNRESOLVED EXTERNAL
    SYMBOL:  AUTO_MODE
    MODULE:  .\Obj\KeyPad.obj (KEYPAD)
    ADDRESS: 2C57H

*** WARNING L2: REFERENCE MADE TO UNRESOLVED EXTERNAL
    SYMBOL:  AUTO_MODE
    MODULE:  .\Obj\KeyPad.obj (KEYPAD)
    ADDRESS: 2C5EH

*** WARNING L2: REFERENCE MADE TO UNRESOLVED EXTERNAL
    SYMBOL:  SPI_NOR_CLEARENABLE
    MODULE:  .\Obj\KeyPad.obj (KEYPAD)
    ADDRESS: 2E32H

*** WARNING L2: REFERENCE MADE TO UNRESOLVED EXTERNAL
    SYMBOL:  SPI_NOR_CLEARENABLE
    MODULE:  .\Obj\KeyPad.obj (KEYPAD)
    ADDRESS: 2E37H

Program Size: data=10.5 xdata=1855 code=18542
LINK/LOCATE RUN COMPLETE.  35 WARNING(S),  0 ERROR(S)
