BL51 BANKED LINKER/LOCATER V6.22                                                        02/25/2019  12:34:05  PAGE 1


BL51 BANKED LINKER/LOCATER V6.22, INVOKED BY:
C:\KEIL_V5\C51\BIN\BL51.EXE .\Obj\main.obj, .\Obj\PCF85063BTL.obj, .\Obj\UART1.obj, .\Obj\LCd_Driver_SPLC780D.obj, .\Obj
>> \KeyPad.obj, .\Obj\BipolarMotor.obj, .\Obj\SunPos.obj, .\Obj\ADC.obj, .\Obj\Calibration.obj, .\Obj\IOExpander_PI4IOE5
>> V96248.obj, .\Obj\AT25SF041.obj, .\Obj\STARTUP.obj TO .\Obj\GPIO_RTC_Test PRINT (.\Lis\GPIO_RTC_Test.m51) RAMSIZE (25
>> 6)


MEMORY MODEL: LARGE WITH FLOATING POINT ARITHMETIC


INPUT MODULES INCLUDED:
  .\Obj\main.obj (MAIN)
  .\Obj\PCF85063BTL.obj (PCF85063BTL)
  .\Obj\UART1.obj (UART1)
  .\Obj\LCd_Driver_SPLC780D.obj (LCD_DRIVER_SPLC780D)
  .\Obj\KeyPad.obj (KEYPAD)
  .\Obj\BipolarMotor.obj (BIPOLARMOTOR)
  .\Obj\SunPos.obj (SUNPOS)
  .\Obj\ADC.obj (ADC)
  .\Obj\Calibration.obj (CALIBRATION)
  .\Obj\IOExpander_PI4IOE5V96248.obj (IOEXPANDER_PI4IOE5V96248)
  .\Obj\AT25SF041.obj (AT25SF041)
  .\Obj\STARTUP.obj (?C_STARTUP)
  C:\KEIL_V5\C51\LIB\C51FPL.LIB (?C?FPADD)
  C:\KEIL_V5\C51\LIB\C51FPL.LIB (?C?FPMUL)
  C:\KEIL_V5\C51\LIB\C51FPL.LIB (?C?FPDIV)
  C:\KEIL_V5\C51\LIB\C51FPL.LIB (?C?FPCMP)
  C:\KEIL_V5\C51\LIB\C51FPL.LIB (?C?FPNEG)
  C:\KEIL_V5\C51\LIB\C51FPL.LIB (?C?FCAST)
  C:\KEIL_V5\C51\LIB\C51FPL.LIB (?C?CASTF)
  C:\KEIL_V5\C51\LIB\C51FPL.LIB (ATAN2)
  C:\KEIL_V5\C51\LIB\C51FPL.LIB (SIN)
  C:\KEIL_V5\C51\LIB\C51FPL.LIB (ACOS)
  C:\KEIL_V5\C51\LIB\C51FPL.LIB (ASIN)
  C:\KEIL_V5\C51\LIB\C51FPL.LIB (?C?FPGETOPN)
  C:\KEIL_V5\C51\LIB\C51FPL.LIB (?C?FPSERIES)
  C:\KEIL_V5\C51\LIB\C51FPL.LIB (SQRT)
  C:\KEIL_V5\C51\LIB\C51FPL.LIB (ATAN)
  C:\KEIL_V5\C51\LIB\C51L.LIB (?C_INIT)
  C:\KEIL_V5\C51\LIB\C51L.LIB (?C?COPY)
  C:\KEIL_V5\C51\LIB\C51L.LIB (?C?CLDPTR)
  C:\KEIL_V5\C51\LIB\C51L.LIB (?C?CLDOPTR)
  C:\KEIL_V5\C51\LIB\C51L.LIB (?C?CSTPTR)
  C:\KEIL_V5\C51\LIB\C51L.LIB (?C?IMUL)
  C:\KEIL_V5\C51\LIB\C51L.LIB (?C?UIDIV)
  C:\KEIL_V5\C51\LIB\C51L.LIB (?C?SIDIV)
  C:\KEIL_V5\C51\LIB\C51L.LIB (?C?ILDIX)
  C:\KEIL_V5\C51\LIB\C51L.LIB (?C?ILDOPTR)
  C:\KEIL_V5\C51\LIB\C51L.LIB (?C?LMUL)
  C:\KEIL_V5\C51\LIB\C51L.LIB (?C?SLDIV)
  C:\KEIL_V5\C51\LIB\C51L.LIB (?C?LNEG)
  C:\KEIL_V5\C51\LIB\C51L.LIB (?C?ULCMP)
  C:\KEIL_V5\C51\LIB\C51L.LIB (?C?LSHL)
  C:\KEIL_V5\C51\LIB\C51L.LIB (?C?LLDPTR)
  C:\KEIL_V5\C51\LIB\C51L.LIB (?C?LLDOPTR)
  C:\KEIL_V5\C51\LIB\C51L.LIB (?C?LSTPTR)
  C:\KEIL_V5\C51\LIB\C51L.LIB (?C?LSTOPTR)
  C:\KEIL_V5\C51\LIB\C51L.LIB (?C?LLDXDATA)
BL51 BANKED LINKER/LOCATER V6.22                                                      02/25/2019  12:34:05  PAGE 2


  C:\KEIL_V5\C51\LIB\C51L.LIB (?C?LLDCODE)
  C:\KEIL_V5\C51\LIB\C51L.LIB (?C?LLDXDATA0)
  C:\KEIL_V5\C51\LIB\C51L.LIB (?C?LLDCODE0)
  C:\KEIL_V5\C51\LIB\C51L.LIB (?C?LLDPTR0)
  C:\KEIL_V5\C51\LIB\C51L.LIB (?C?LSTXDATA)
  C:\KEIL_V5\C51\LIB\C51L.LIB (?C?LSTKXDATA)
  C:\KEIL_V5\C51\LIB\C51L.LIB (ABS)
  C:\KEIL_V5\C51\LIB\C51L.LIB (ATOI)
  C:\KEIL_V5\C51\LIB\C51L.LIB (?C?IILDX)
  C:\KEIL_V5\C51\LIB\C51L.LIB (?C?ULDIV)
  C:\KEIL_V5\C51\LIB\C51L.LIB (?C?LLDIDATA)
  C:\KEIL_V5\C51\LIB\C51L.LIB (?C?LLDPDATA)
  C:\KEIL_V5\C51\LIB\C51L.LIB (?C?LLDIDATA0)
  C:\KEIL_V5\C51\LIB\C51L.LIB (?C?LLDPDATA0)
  C:\KEIL_V5\C51\LIB\C51L.LIB (?C?LSTIDATA)
  C:\KEIL_V5\C51\LIB\C51L.LIB (?C?LSTPDATA)
  C:\KEIL_V5\C51\LIB\C51L.LIB (ISDIGIT)
  C:\KEIL_V5\C51\LIB\C51L.LIB (ISSPACE)


LINK MAP OF MODULE:  .\Obj\GPIO_RTC_Test (MAIN)


            TYPE    BASE      LENGTH    RELOCATION   SEGMENT NAME
            -----------------------------------------------------

            * * * * * * *   D A T A   M E M O R Y   * * * * * * *
            REG     0000H     0008H     ABSOLUTE     "REG BANK 0"
                    0008H     0018H                  *** GAP ***
            BIT     0020H.0   0000H.5   UNIT         ?BI?KEYPAD
            BIT     0020H.5   0000H.2   UNIT         ?BI?ATAN?ATAN
            BIT     0020H.7   0000H.1   UNIT         ?BI?MAIN
            BIT     0021H.0   0000H.1   UNIT         ?BI?VONESTEPMOVE?BIPOLARMOTOR
            BIT     0021H.1   0000H.1   UNIT         ?BI?_STEP_MOVE?BIPOLARMOTOR
            BIT     0021H.2   0000H.1   UNIT         ?BI?_MOVE?BIPOLARMOTOR
            BIT     0021H.3   0000H.1   UNIT         ?BI?SIN?SIN
            BIT     0021H.4   0000H.1   UNIT         ?BI?_ATOI?ATOI
                    0021H.5   0000H.3                *** GAP ***
            IDATA   0022H     0001H     UNIT         ?STACK

            * * * * * * *  X D A T A   M E M O R Y  * * * * * * *
            XDATA   0000H     00D4H     UNIT         ?XD?MAIN
            XDATA   00D4H     00A7H     UNIT         ?XD?BIPOLARMOTOR
            XDATA   017BH     009FH     UNIT         ?XD?_UPDATE_POSITION?BIPOLARMOTOR
            XDATA   021AH     0084H     UNIT         ?XD?_FIND_REAL_MAX?CALIBRATION
            XDATA   029EH     005DH     UNIT         ?XD?SUNPOS?SUNPOS
            XDATA   02FBH     0040H     UNIT         ?XD?_FINDDET4X4?BIPOLARMOTOR
            XDATA   033BH     0027H     UNIT         _XDATA_GROUP_
            XDATA   0362H     0024H     UNIT         ?XD?_FINDDET3X3?BIPOLARMOTOR
            XDATA   0386H     0018H     UNIT         ?XD?VOLTAGE_IS_STABLE?CALIBRATION
            XDATA   039EH     0014H     UNIT         ?XD?LINEAR_INTERPOLATE?BIPOLARMOTOR
            XDATA   03B2H     0014H     UNIT         ?XD?_CALIBRATION?CALIBRATION
            XDATA   03C6H     000FH     UNIT         ?XD?_READ_TIME?PCF85063BTL
            XDATA   03D5H     000AH     UNIT         ?XD?_DISPLAY_POS?MAIN
            XDATA   03DFH     0009H     UNIT         ?XD?KEYPAD
            XDATA   03E8H     0008H     UNIT         ?XD?_ATAN2?ATAN2
            XDATA   03F0H     0006H     UNIT         ?XD?KEY_PROCESS?KEYPAD
BL51 BANKED LINKER/LOCATER V6.22                                                      02/25/2019  12:34:05  PAGE 3


            XDATA   03F6H     0005H     UNIT         ?XD?_ATOI?ATOI
            XDATA   03FBH     0004H     UNIT         ?XD?_DISPLAY_PROX?MAIN
            XDATA   03FFH     0004H     UNIT         ?XD?_STEP_MOVE?BIPOLARMOTOR
            XDATA   0403H     0004H     UNIT         ?XD?_MOVE?BIPOLARMOTOR
            XDATA   0407H     0004H     UNIT         ?XD?_MAX_VALUE?CALIBRATION
            XDATA   040BH     0004H     UNIT         ?XD?SIN?SIN
            XDATA   040FH     0004H     UNIT         ?XD?SQRT?SQRT
            XDATA   0413H     0004H     UNIT         ?XD?ATAN?ATAN
            XDATA   0417H     0003H     UNIT         ?XD?_SENDSTRING?UART1
            XDATA   041AH     0003H     UNIT         ?XD?KEY_SCAN?KEYPAD
            XDATA   041DH     0003H     UNIT         ?XD?_WRITE_PI4IOE5V96248?IOEXPANDER_PI4IOE5V96248
            XDATA   0420H     0001H     UNIT         ?XD?_DISPLAYLCD?LCD_DRIVER_SPLC780D
            XDATA   0421H     0001H     UNIT         ?XD?I2C_ACK?IOEXPANDER_PI4IOE5V96248
            XDATA   0422H     0001H     UNIT         ?XD?UC_ACK?IOEXPANDER_PI4IOE5V96248
            XDATA   0423H     0001H     UNIT         ?XD?UC_NACK?IOEXPANDER_PI4IOE5V96248

            * * * * * * *   C O D E   M E M O R Y   * * * * * * *
            CODE    0000H     0003H     ABSOLUTE     
            CODE    0003H     0006H     UNIT         ?PR?_TEN?UART1
            CODE    0009H     0001H     UNIT         ?PR?TM0_ISR?MAIN
            CODE    000AH     0001H     UNIT         ?PR?_DECTOBCD?UART1
            CODE    000BH     0003H     ABSOLUTE     
            CODE    000EH     0B00H     UNIT         ?PR?_UPDATE_POSITION?BIPOLARMOTOR
            CODE    0B0EH     093FH     UNIT         ?C?LIB_CODE
            CODE    144DH     07A2H     UNIT         ?PR?SUNPOS?SUNPOS
            CODE    1BEFH     02C0H     UNIT         ?PR?_FINDDET4X4?BIPOLARMOTOR
            CODE    1EAFH     02B1H     UNIT         ?PR?_FIND_REAL_MAX?CALIBRATION
            CODE    2160H     02A3H     UNIT         ?PR?MAIN?MAIN
            CODE    2403H     02A0H     UNIT         ?PR?KEY_PROCESS?KEYPAD
            CODE    26A3H     01D1H     UNIT         ?PR?_FINDDET3X3?BIPOLARMOTOR
            CODE    2874H     018DH     UNIT         ?PR?KEY_SCAN?KEYPAD
            CODE    2A01H     0188H     UNIT         ?PR?SIN?SIN
            CODE    2B89H     0172H     UNIT         ?PR?_DISPLAY_POS?MAIN
            CODE    2CFBH     0122H     UNIT         ?PR?ATAN?ATAN
            CODE    2E1DH     0106H     UNIT         ?PR?_AT25SF041_READ?AT25SF041
            CODE    2F23H     00F4H     UNIT         ?PR?_AT25SF041_WRITE?AT25SF041
            CODE    3017H     00E4H     UNIT         ?PR?_CALIBRATION?CALIBRATION
            CODE    30FBH     00DBH     UNIT         ?PR?_ATOI?ATOI
            CODE    31D6H     00C3H     UNIT         ?PR?LINEAR_INTERPOLATE?BIPOLARMOTOR
            CODE    3299H     00BBH     UNIT         ?PR?VOLTAGE_IS_STABLE?CALIBRATION
            CODE    3354H     00B2H     UNIT         ?C_INITSEG
            CODE    3406H     00ADH     UNIT         ?PR?_WRITE_PI4IOE5V96248?IOEXPANDER_PI4IOE5V96248
            CODE    34B3H     00ACH     UNIT         ?PR?SQRT?SQRT
            CODE    355FH     00A1H     UNIT         ?PR?READ_STATUS_REGISTER_BYTE1?AT25SF041
            CODE    3600H     009DH     UNIT         ?PR?_ATAN2?ATAN2
            CODE    369DH     009CH     UNIT         ?PR?_MAX_VALUE?CALIBRATION
            CODE    3739H     0095H     UNIT         ?PR?_DISPLAY_PROX?MAIN
            CODE    37CEH     008CH     UNIT         ?C_C51STARTUP
            CODE    385AH     0084H     UNIT         ?PR?_DAY_OF_YEAR?PCF85063BTL
            CODE    38DEH     0075H     UNIT         ?PR?_WRITEDATA?LCD_DRIVER_SPLC780D
            CODE    3953H     006FH     UNIT         ?PR?_READ_TIME?PCF85063BTL
            CODE    39C2H     005AH     UNIT         ?PR?AT25SF041_CHIPERASE?AT25SF041
            CODE    3A1CH     0059H     UNIT         ?PR?LCD_INIT?LCD_DRIVER_SPLC780D
            CODE    3A75H     004AH     UNIT         ?PR?VONESTEPMOVE?BIPOLARMOTOR
            CODE    3ABFH     004AH     UNIT         ?PR?ACOS?ACOS
            CODE    3B09H     0049H     UNIT         ?PR?AT25SF041_WRITEENABLE?AT25SF041
            CODE    3B52H     0044H     UNIT         ?C?LDIV
BL51 BANKED LINKER/LOCATER V6.22                                                      02/25/2019  12:34:05  PAGE 4


            CODE    3B96H     0040H     UNIT         ?PR?_COMMAND?LCD_DRIVER_SPLC780D
            CODE    3BD6H     0040H     UNIT         ?PR?_STEP_MOVE?BIPOLARMOTOR
            CODE    3C16H     003BH     UNIT         ?PR?ASIN?ASIN
            CODE    3C51H     0033H     UNIT         ?PR?_SENDSTRING?UART1
            CODE    3C84H     002CH     UNIT         ?PR?_ADC_GETRESULT?ADC
            CODE    3CB0H     002BH     UNIT         ?PR?_WAIT_MS_I2C?IOEXPANDER_PI4IOE5V96248
            CODE    3CDBH     002BH     UNIT         ?PR?_WAIT_MS_SPINOR?AT25SF041
            CODE    3D06H     0028H     UNIT         ?PR?_MOVE?BIPOLARMOTOR
            CODE    3D2EH     0027H     UNIT         ?PR?_I2C_SENDBYTE?IOEXPANDER_PI4IOE5V96248
            CODE    3D55H     0024H     UNIT         ?PR?_WAIT_MS?LCD_DRIVER_SPLC780D
            CODE    3D79H     0020H     UNIT         ?PR?_SPI_SENDBYTE?PCF85063BTL
            CODE    3D99H     0020H     UNIT         ?PR?SPI_RECEIVEBYTE?PCF85063BTL
            CODE    3DB9H     001FH     UNIT         ?PR?ADC_INIT?ADC
            CODE    3DD8H     001EH     UNIT         ?PR?_DELAY_MS?KEYPAD
            CODE    3DF6H     001DH     UNIT         ?PR?_DISPLAYLCD?LCD_DRIVER_SPLC780D
            CODE    3E13H     001BH     UNIT         ?PR?_BCDTODEC1?BIPOLARMOTOR
            CODE    3E2EH     0018H     UNIT         ?PR?_SPI_WRITETIME?PCF85063BTL
            CODE    3E46H     0017H     UNIT         ?PR?_ASCIITOBCD?UART1
            CODE    3E5DH     0016H     UNIT         ?PR?I2C_ACK?IOEXPANDER_PI4IOE5V96248
            CODE    3E73H     0015H     UNIT         ?PR?_DISPLAY_LINE?LCD_DRIVER_SPLC780D
            CODE    3E88H     0015H     UNIT         ?PR?I2C_STOP?IOEXPANDER_PI4IOE5V96248
            CODE    3E9DH     0014H     UNIT         ?PR?_PCF85063BTL_DELAY?PCF85063BTL
            CODE    3EB1H     0014H     UNIT         ?PR?_ISSPACE?ISSPACE
            CODE    3EC5H     0011H     UNIT         ?PR?_SPI_READTIME?PCF85063BTL
            CODE    3ED6H     0011H     UNIT         ?PR?_BCDTODEC?PCF85063BTL
            CODE    3EE7H     0011H     UNIT         ?PR?INITUART1?UART1
            CODE    3EF8H     000FH     UNIT         ?PR?I2C_START?IOEXPANDER_PI4IOE5V96248
            CODE    3F07H     000FH     UNIT         ?PR?UC_NACK?IOEXPANDER_PI4IOE5V96248
            CODE    3F16H     000FH     UNIT         ?PR?_ISDIGIT?ISDIGIT
            CODE    3F25H     000DH     UNIT         ?PR?SPI_INIT?PCF85063BTL
            CODE    3F32H     000CH     UNIT         ?PR?KEYPAD_IO_INIT?KEYPAD
            CODE    3F3EH     000CH     UNIT         ?PR?_ABS?ABS
            CODE    3F4AH     000AH     UNIT         ?PR?LCD_RETURN_HOME?LCD_DRIVER_SPLC780D
            CODE    3F54H     000AH     UNIT         ?PR?LCD_CLEAR?LCD_DRIVER_SPLC780D
            CODE    3F5EH     0006H     UNIT         ?PR?UC_ACK?IOEXPANDER_PI4IOE5V96248
            CODE    3F64H     0005H     UNIT         ?PR?_UNIT?UART1
            CODE    3F69H     0005H     UNIT         ?PR?_ASCII_LETTER?UART1
            CODE    3F6EH     0001H     UNIT         ?PR?WAIT?BIPOLARMOTOR
            CODE    3F6FH     0001H     UNIT         ?PR?NOP?IOEXPANDER_PI4IOE5V96248



OVERLAY MAP OF MODULE:   .\Obj\GPIO_RTC_Test (MAIN)


SEGMENT                                            XDATA_GROUP
  +--> CALLED SEGMENT                            START    LENGTH
----------------------------------------------------------------
?C_C51STARTUP                                    -----    -----
  +--> ?PR?MAIN?MAIN
  +--> ?C_INITSEG

?PR?MAIN?MAIN                                    033BH    001FH
  +--> ?PR?LCD_INIT?LCD_DRIVER_SPLC780D
  +--> ?PR?SPI_INIT?PCF85063BTL
  +--> ?PR?KEYPAD_IO_INIT?KEYPAD
  +--> ?PR?ADC_INIT?ADC
BL51 BANKED LINKER/LOCATER V6.22                                                      02/25/2019  12:34:05  PAGE 5


  +--> ?PR?_SPI_WRITETIME?PCF85063BTL
  +--> ?PR?_DELAY_MS?KEYPAD
  +--> ?PR?AT25SF041_WRITEENABLE?AT25SF041
  +--> ?PR?AT25SF041_CHIPERASE?AT25SF041
  +--> ?PR?_DISPLAY_LINE?LCD_DRIVER_SPLC780D
  +--> ?PR?_WRITEDATA?LCD_DRIVER_SPLC780D
  +--> ?PR?_WAIT_MS_SPINOR?AT25SF041
  +--> ?PR?_AT25SF041_WRITE?AT25SF041
  +--> ?PR?_AT25SF041_READ?AT25SF041

?PR?LCD_INIT?LCD_DRIVER_SPLC780D                 -----    -----
  +--> ?PR?_WAIT_MS?LCD_DRIVER_SPLC780D
  +--> ?PR?_COMMAND?LCD_DRIVER_SPLC780D

?PR?_COMMAND?LCD_DRIVER_SPLC780D                 -----    -----
  +--> ?PR?_WAIT_MS?LCD_DRIVER_SPLC780D

?PR?ADC_INIT?ADC                                 -----    -----
  +--> ?PR?_WAIT_MS?LCD_DRIVER_SPLC780D

?PR?_SPI_WRITETIME?PCF85063BTL                   -----    -----
  +--> ?PR?_SPI_SENDBYTE?PCF85063BTL

?PR?_SPI_SENDBYTE?PCF85063BTL                    -----    -----
  +--> ?PR?_PCF85063BTL_DELAY?PCF85063BTL

?PR?AT25SF041_WRITEENABLE?AT25SF041              035AH    0002H
  +--> ?PR?_WAIT_MS_SPINOR?AT25SF041

?PR?AT25SF041_CHIPERASE?AT25SF041                035AH    0002H
  +--> ?PR?_WAIT_MS_SPINOR?AT25SF041
  +--> ?PR?READ_STATUS_REGISTER_BYTE1?AT25SF041

?PR?READ_STATUS_REGISTER_BYTE1?AT25SF041         035CH    0003H
  +--> ?PR?_WAIT_MS_SPINOR?AT25SF041

?PR?_DISPLAY_LINE?LCD_DRIVER_SPLC780D            -----    -----
  +--> ?PR?_COMMAND?LCD_DRIVER_SPLC780D

?PR?_WRITEDATA?LCD_DRIVER_SPLC780D               035AH    0001H
  +--> ?PR?_WAIT_MS?LCD_DRIVER_SPLC780D

?PR?_AT25SF041_WRITE?AT25SF041                   035AH    0008H
  +--> ?PR?_WAIT_MS_SPINOR?AT25SF041

?PR?_AT25SF041_READ?AT25SF041                    035AH    0008H
  +--> ?PR?_WAIT_MS_SPINOR?AT25SF041



UNRESOLVED EXTERNAL SYMBOLS:
   AUTO_MODE
   _SENDUART1



SYMBOL TABLE OF MODULE:  .\Obj\GPIO_RTC_Test (MAIN)
BL51 BANKED LINKER/LOCATER V6.22                                                      02/25/2019  12:34:05  PAGE 6



  VALUE           TYPE          NAME
  ----------------------------------

  -------         MODULE        MAIN
  C:0000H         SYMBOL        _ICE_DUMMY_
  X:0008H         PUBLIC        calib_value
  D:0080H         PUBLIC        P0
  D:00B2H         PUBLIC        P3M0
  D:0090H         PUBLIC        P1
  D:00B1H         PUBLIC        P3M1
  D:00A0H         PUBLIC        P2
  D:00B0H         PUBLIC        P3
  D:00C0H         PUBLIC        P4
  D:00C8H         PUBLIC        P5
  X:005CH         SYMBOL        PressedKey
  B:00A8H.7       PUBLIC        EA
  D:00E8H         PUBLIC        P6
  X:0060H         PUBLIC        calib_stamp
  D:00F8H         PUBLIC        P7
  X:0061H         PUBLIC        RX_Data_Uart_Cnt
  D:00A8H         PUBLIC        IE
  X:0063H         PUBLIC        calib_time
  D:00B8H         PUBLIC        IP
  X:00B7H         PUBLIC        months
  D:00D8H         PUBLIC        CCON
  C:2160H         PUBLIC        main
  X:00B8H         PUBLIC        count
  X:00BAH         PUBLIC        days
  X:00BBH         PUBLIC        hours
  D:0098H         PUBLIC        SCON
  D:0089H         PUBLIC        TMOD
  D:0088H         PUBLIC        TCON
  X:00BCH         SYMBOL        KeyCount
  X:00BEH         PUBLIC        mins
  X:00BFH         PUBLIC        Rec_data_hour
  X:00C2H         PUBLIC        Rec_data_min
  D:008EH         PUBLIC        AUXR
  C:0009H         PUBLIC        tm0_isr
  B:0020H.7       PUBLIC        busy
  B:00A8H.1       PUBLIC        ET0
  D:008CH         PUBLIC        TH0
  X:00C5H         PUBLIC        hour_count
  D:008AH         PUBLIC        TL0
  X:00C6H         PUBLIC        min_count
  B:0088H.4       PUBLIC        TR0
  X:00C7H         SYMBOL        KeyNum
  X:00C8H         SYMBOL        KeyNum_Old
  X:00C9H         PUBLIC        current_position
  X:00CDH         PUBLIC        hours1
  X:00CEH         PUBLIC        hours2
  C:3739H         PUBLIC        _Display_Prox
  X:00CFH         PUBLIC        mins1
  X:00D0H         PUBLIC        mins2
  C:2B89H         PUBLIC        _Display_Pos
  X:00D1H         PUBLIC        seconds
  X:00D2H         PUBLIC        st_time
BL51 BANKED LINKER/LOCATER V6.22                                                      02/25/2019  12:34:05  PAGE 7


  D:00D0H         PUBLIC        PSW
  -------         PROC          TM0_ISR
  C:0009H         LINE#         86
  C:0009H         LINE#         88
  -------         ENDPROC       TM0_ISR
  -------         PROC          MAIN
  -------         DO            
  X:033BH         SYMBOL        sunlight_ADC
  X:033DH         SYMBOL        address
  X:0000H         SYMBOL        KeyCount
  X:0002H         SYMBOL        KeyNum_Old
  X:0003H         SYMBOL        KeyNum
  X:0004H         SYMBOL        PressedKey
  X:0341H         SYMBOL        prox_flag
  X:0342H         SYMBOL        SPI_NOR_DATA
  X:0343H         SYMBOL        error
  X:0344H         SYMBOL        iUse_prevday_calib_value
  X:0346H         SYMBOL        calib_point1
  X:034EH         SYMBOL        calib_point2
  X:0356H         SYMBOL        calib_day
  X:0358H         SYMBOL        calib_count
  -------         ENDDO         
  C:2160H         LINE#         90
  C:2160H         LINE#         91
  C:2160H         LINE#         94
  C:216AH         LINE#         97
  C:2175H         LINE#         98
  C:2179H         LINE#         101
  C:217FH         LINE#         106
  C:2181H         LINE#         107
  C:2183H         LINE#         108
  C:2185H         LINE#         109
  C:2187H         LINE#         111
  C:218DH         LINE#         120
  C:218FH         LINE#         121
  C:2192H         LINE#         122
  C:2195H         LINE#         123
  C:2198H         LINE#         124
  C:219BH         LINE#         125
  C:219EH         LINE#         128
  C:21A1H         LINE#         130
  C:21A4H         LINE#         131
  C:21A7H         LINE#         132
  C:21AAH         LINE#         133
  C:21ACH         LINE#         134
  C:21AEH         LINE#         135
  C:21B0H         LINE#         137
  C:21B2H         LINE#         138
  C:21B9H         LINE#         139
  C:21C0H         LINE#         140
  C:21C7H         LINE#         141
  C:21CEH         LINE#         142
  C:21D1H         LINE#         144
  C:21D4H         LINE#         145
  C:21D9H         LINE#         146
  C:21F7H         LINE#         147
  C:21F7H         LINE#         151
BL51 BANKED LINKER/LOCATER V6.22                                                      02/25/2019  12:34:05  PAGE 8


  C:21FEH         LINE#         152
  C:2203H         LINE#         153
  C:2208H         LINE#         154
  C:220DH         LINE#         159
  C:2226H         LINE#         160
  C:2226H         LINE#         161
  C:2242H         LINE#         162
  C:2289H         LINE#         163
  C:229AH         LINE#         178
  C:229FH         LINE#         179
  C:22A6H         LINE#         180
  C:22A9H         LINE#         182
  C:22C8H         LINE#         183
  C:22E6H         LINE#         184
  C:22EAH         LINE#         185
  C:22EAH         LINE#         186
  C:22EFH         LINE#         187
  C:2306H         LINE#         188
  C:2325H         LINE#         189
  C:232DH         LINE#         191
  C:2334H         LINE#         192
  C:2337H         LINE#         194
  C:2337H         LINE#         195
  C:233DH         LINE#         197
  C:2342H         LINE#         199
  C:2347H         LINE#         201
  C:234CH         LINE#         203
  C:2351H         LINE#         205
  C:2356H         LINE#         207
  C:235BH         LINE#         209
  C:235BH         LINE#         210
  C:235BH         LINE#         215
  C:235BH         LINE#         216
  C:2365H         LINE#         217
  C:236DH         LINE#         218
  C:236DH         LINE#         219
  C:238BH         LINE#         220
  C:238EH         LINE#         221
  C:23ADH         LINE#         222
  C:23C8H         LINE#         223
  C:23C8H         LINE#         224
  C:23D2H         LINE#         225
  C:23D9H         LINE#         226
  C:23D9H         LINE#         230
  C:23DBH         LINE#         231
  C:23E2H         LINE#         232
  C:23E2H         LINE#         233
  C:23E7H         LINE#         235
  C:23ECH         LINE#         237
  C:23F1H         LINE#         239
  C:23F6H         LINE#         241
  C:23FBH         LINE#         243
  C:2400H         LINE#         244
  C:2402H         LINE#         247
  -------         ENDPROC       MAIN
  -------         PROC          _DISPLAY_PROX
  D:0002H         SYMBOL        dat
BL51 BANKED LINKER/LOCATER V6.22                                                      02/25/2019  12:34:05  PAGE 9


  -------         DO            
  X:03FBH         SYMBOL        unit
  X:03FCH         SYMBOL        ten
  X:03FDH         SYMBOL        hundred
  X:03FEH         SYMBOL        thousand
  -------         ENDDO         
  C:3739H         LINE#         325
  C:373DH         LINE#         326
  C:373DH         LINE#         328
  C:3749H         LINE#         329
  C:3759H         LINE#         330
  C:3775H         LINE#         331
  C:37A5H         LINE#         332
  C:37AFH         LINE#         333
  C:37B9H         LINE#         334
  C:37C3H         LINE#         335
  C:37CDH         LINE#         337
  -------         ENDPROC       _DISPLAY_PROX
  -------         PROC          _DISPLAY_POS
  X:03D5H         SYMBOL        sign_dat
  -------         DO            
  X:03D9H         SYMBOL        unit
  X:03DAH         SYMBOL        ten
  X:03DBH         SYMBOL        hundred
  D:0003H         SYMBOL        thousand
  X:03DCH         SYMBOL        after_dot
  X:03DDH         SYMBOL        dat
  -------         ENDDO         
  C:2B89H         LINE#         340
  C:2B8FH         LINE#         341
  C:2B8FH         LINE#         345
  C:2BABH         LINE#         346
  C:2BC5H         LINE#         347
  C:2BE9H         LINE#         349
  C:2C33H         LINE#         351
  C:2C4AH         LINE#         352
  C:2C57H         LINE#         353
  C:2C79H         LINE#         354
  C:2CAEH         LINE#         355
  C:2CC6H         LINE#         356
  C:2CC6H         LINE#         358
  C:2CC6H         LINE#         359
  C:2CC6H         LINE#         360
  C:2CC6H         LINE#         361
  C:2CC6H         LINE#         362
  C:2CC6H         LINE#         366
  C:2CC8H         LINE#         368
  C:2CC8H         LINE#         370
  C:2CCDH         LINE#         371
  C:2CD7H         LINE#         372
  C:2CE1H         LINE#         373
  C:2CEBH         LINE#         374
  C:2CF0H         LINE#         375
  C:2CFAH         LINE#         379
  C:2CFAH         LINE#         381
  -------         ENDPROC       _DISPLAY_POS
  -------         ENDMOD        MAIN
BL51 BANKED LINKER/LOCATER V6.22                                                      02/25/2019  12:34:05  PAGE 10



  -------         MODULE        PCF85063BTL
  C:0000H         SYMBOL        _ICE_DUMMY_
  D:0096H         PUBLIC        P2M0
  D:0080H         PUBLIC        P0
  D:0095H         PUBLIC        P2M1
  D:0090H         PUBLIC        P1
  D:00A0H         PUBLIC        P2
  D:00B0H         PUBLIC        P3
  D:00C0H         PUBLIC        P4
  D:00C8H         PUBLIC        P5
  D:00E8H         PUBLIC        P6
  B:00A0H.1       PUBLIC        PCF85063BTL_SDI
  D:00F8H         PUBLIC        P7
  B:00A0H.2       PUBLIC        PCF85063BTL_SCK
  B:00A0H.1       PUBLIC        PCF85063BTL_SDO
  D:00A8H         PUBLIC        IE
  C:3953H         PUBLIC        _Read_time
  C:3EA3H         PUBLIC        _PCF85063BTL_Delay
  D:00B8H         PUBLIC        IP
  D:00D8H         PUBLIC        CCON
  C:385AH         PUBLIC        _Day_Of_Year
  C:3D99H         PUBLIC        SPI_ReceiveByte
  D:0098H         PUBLIC        SCON
  D:0088H         PUBLIC        TCON
  C:3ED6H         PUBLIC        _BCDtoDec
  B:00A0H.0       PUBLIC        PCF85063BTL_CS
  C:3EC5H         PUBLIC        _SPI_ReadTime
  C:3F25H         PUBLIC        SPI_Init
  C:3E2EH         PUBLIC        _SPI_WriteTime
  C:3D79H         PUBLIC        _SPI_SendByte
  D:00D0H         PUBLIC        PSW
  C:3E9FH         SYMBOL        L?0047
  -------         PROC          L?0046
  -------         ENDPROC       L?0046
  C:3E9FH         SYMBOL        L?0047
  -------         PROC          _PCF85063BTL_DELAY
  D:0006H         SYMBOL        us
  C:3EA3H         LINE#         8
  C:3EA3H         LINE#         9
  C:3EA3H         LINE#         10
  C:3EADH         LINE#         11
  C:3EADH         LINE#         12
  C:3EAEH         LINE#         13
  C:3EB0H         LINE#         14
  -------         ENDPROC       _PCF85063BTL_DELAY
  -------         PROC          _SPI_SENDBYTE
  D:0005H         SYMBOL        dat
  -------         DO            
  D:0003H         SYMBOL        i
  -------         ENDDO         
  C:3D79H         LINE#         17
  C:3D7BH         LINE#         18
  C:3D7BH         LINE#         20
  C:3D7DH         LINE#         21
  C:3D7DH         LINE#         22
  C:3D7FH         LINE#         23
BL51 BANKED LINKER/LOCATER V6.22                                                      02/25/2019  12:34:05  PAGE 11


  C:3D83H         LINE#         24
  C:3D83H         LINE#         25
  C:3D85H         LINE#         26
  C:3D87H         LINE#         28
  C:3D87H         LINE#         29
  C:3D89H         LINE#         30
  C:3D89H         LINE#         31
  C:3D8CH         LINE#         32
  C:3D8CH         LINE#         33
  C:3D8FH         LINE#         34
  C:3D93H         LINE#         35
  C:3D98H         LINE#         36
  -------         ENDPROC       _SPI_SENDBYTE
  -------         PROC          SPI_RECEIVEBYTE
  -------         DO            
  D:0003H         SYMBOL        i
  D:0005H         SYMBOL        dat
  -------         ENDDO         
  C:3D99H         LINE#         39
  C:3D99H         LINE#         40
  C:3D99H         LINE#         42
  C:3D9BH         LINE#         44
  C:3D9DH         LINE#         45
  C:3D9EH         LINE#         46
  C:3D9EH         LINE#         47
  C:3DA2H         LINE#         48
  C:3DA4H         LINE#         49
  C:3DA7H         LINE#         51
  C:3DAAH         LINE#         52
  C:3DAAH         LINE#         53
  C:3DAEH         LINE#         54
  C:3DAEH         LINE#         55
  C:3DAEH         LINE#         56
  C:3DB1H         LINE#         57
  C:3DB6H         LINE#         58
  C:3DB8H         LINE#         59
  -------         ENDPROC       SPI_RECEIVEBYTE
  -------         PROC          _SPI_READTIME
  D:0007H         SYMBOL        addr
  -------         DO            
  D:0006H         SYMBOL        dat
  -------         ENDDO         
  C:3EC5H         LINE#         61
  C:3EC5H         LINE#         62
  C:3EC5H         LINE#         64
  C:3EC7H         LINE#         65
  C:3EC9H         LINE#         66
  C:3ED0H         LINE#         67
  C:3ED3H         LINE#         68
  C:3ED5H         LINE#         69
  C:3ED5H         LINE#         70
  -------         ENDPROC       _SPI_READTIME
  -------         PROC          _SPI_WRITETIME
  D:0002H         SYMBOL        val
  D:0005H         SYMBOL        addr
  C:3E2EH         LINE#         71
  C:3E30H         LINE#         72
BL51 BANKED LINKER/LOCATER V6.22                                                      02/25/2019  12:34:05  PAGE 12


  C:3E30H         LINE#         74
  C:3E32H         LINE#         75
  C:3E39H         LINE#         76
  C:3E3EH         LINE#         77
  C:3E43H         LINE#         78
  C:3E45H         LINE#         79
  -------         ENDPROC       _SPI_WRITETIME
  -------         PROC          SPI_INIT
  C:3F25H         LINE#         83
  C:3F25H         LINE#         84
  C:3F25H         LINE#         89
  C:3F28H         LINE#         90
  C:3F2BH         LINE#         91
  C:3F2DH         LINE#         92
  C:3F2FH         LINE#         93
  C:3F31H         LINE#         94
  -------         ENDPROC       SPI_INIT
  -------         PROC          _READ_TIME
  X:03C6H         SYMBOL        months
  X:03C9H         SYMBOL        days
  X:03CCH         SYMBOL        hours
  X:03CFH         SYMBOL        mins
  X:03D2H         SYMBOL        seconds
  C:3953H         LINE#         96
  C:395EH         LINE#         97
  C:395EH         LINE#         99
  C:3972H         LINE#         101
  C:3986H         LINE#         103
  C:399AH         LINE#         108
  C:39AEH         LINE#         113
  -------         ENDPROC       _READ_TIME
  -------         PROC          _BCDTODEC
  D:0007H         SYMBOL        bcd
  -------         DO            
  D:0006H         SYMBOL        hi
  D:0007H         SYMBOL        lo
  -------         ENDDO         
  C:3ED6H         LINE#         119
  C:3ED6H         LINE#         120
  C:3ED6H         LINE#         122
  C:3EDBH         LINE#         123
  C:3EDFH         LINE#         124
  C:3EE6H         LINE#         125
  -------         ENDPROC       _BCDTODEC
  -------         PROC          _DAY_OF_YEAR
  D:0007H         SYMBOL        months_bcd
  D:0005H         SYMBOL        days_bcd
  -------         DO            
  D:0004H         SYMBOL        months
  D:0007H         SYMBOL        days
  -------         ENDDO         
  C:385AH         LINE#         126
  C:385AH         LINE#         127
  C:385AH         LINE#         130
  C:385FH         LINE#         132
  C:3864H         LINE#         134
  C:389DH         LINE#         135
BL51 BANKED LINKER/LOCATER V6.22                                                      02/25/2019  12:34:05  PAGE 13


  C:389DH         LINE#         136
  C:389DH         LINE#         137
  C:38A0H         LINE#         138
  C:38A0H         LINE#         139
  C:38A0H         LINE#         140
  C:38A5H         LINE#         141
  C:38A5H         LINE#         142
  C:38A5H         LINE#         143
  C:38AAH         LINE#         144
  C:38AAH         LINE#         145
  C:38AAH         LINE#         146
  C:38AFH         LINE#         147
  C:38AFH         LINE#         148
  C:38AFH         LINE#         149
  C:38B4H         LINE#         150
  C:38B4H         LINE#         151
  C:38B4H         LINE#         152
  C:38B9H         LINE#         153
  C:38B9H         LINE#         154
  C:38B9H         LINE#         155
  C:38BEH         LINE#         156
  C:38BEH         LINE#         157
  C:38BEH         LINE#         158
  C:38C3H         LINE#         159
  C:38C3H         LINE#         160
  C:38C3H         LINE#         161
  C:38CBH         LINE#         162
  C:38CBH         LINE#         163
  C:38CBH         LINE#         164
  C:38D0H         LINE#         165
  C:38D0H         LINE#         166
  C:38D0H         LINE#         167
  C:38D5H         LINE#         168
  C:38D5H         LINE#         169
  C:38D5H         LINE#         170
  C:38DDH         LINE#         171
  C:38DDH         LINE#         172
  C:38DDH         LINE#         173
  -------         ENDPROC       _DAY_OF_YEAR
  -------         ENDMOD        PCF85063BTL

  -------         MODULE        UART1
  C:0000H         SYMBOL        _ICE_DUMMY_
  D:0080H         PUBLIC        P0
  D:0090H         PUBLIC        P1
  D:00A0H         PUBLIC        P2
  D:00B0H         PUBLIC        P3
  D:00C0H         PUBLIC        P4
  D:00C8H         PUBLIC        P5
  B:00A8H.7       PUBLIC        EA
  D:00E8H         PUBLIC        P6
  D:00F8H         PUBLIC        P7
  C:3C51H         PUBLIC        _SendString
  D:00A8H         PUBLIC        IE
  B:00A8H.4       PUBLIC        ES
  D:00B8H         PUBLIC        IP
  C:3E46H         PUBLIC        _ASCIItoBCD
BL51 BANKED LINKER/LOCATER V6.22                                                      02/25/2019  12:34:05  PAGE 14


  D:00D8H         PUBLIC        CCON
  C:3EE7H         PUBLIC        initUART1
  D:0098H         PUBLIC        SCON
  D:0088H         PUBLIC        TCON
  C:000AH         PUBLIC        _DectoBCD
  C:3F69H         PUBLIC        _ASCII_Letter
  D:008EH         PUBLIC        AUXR
  C:3F64H         PUBLIC        _unit
  C:0003H         PUBLIC        _ten
  D:00D6H         PUBLIC        T2H
  D:00D7H         PUBLIC        T2L
  D:00D0H         PUBLIC        PSW
  -------         PROC          INITUART1
  C:3EE7H         LINE#         21
  C:3EE7H         LINE#         22
  C:3EE7H         LINE#         23
  C:3EEAH         LINE#         24
  C:3EEDH         LINE#         25
  C:3EF0H         LINE#         26
  C:3EF3H         LINE#         27
  C:3EF5H         LINE#         28
  C:3EF7H         LINE#         30
  -------         ENDPROC       INITUART1
  -------         PROC          _SENDSTRING
  X:0417H         SYMBOL        s
  C:3C51H         LINE#         35
  C:3C5CH         LINE#         36
  C:3C5CH         LINE#         37
  C:3C6CH         LINE#         38
  C:3C6CH         LINE#         39
  C:3C81H         LINE#         40
  C:3C83H         LINE#         41
  -------         ENDPROC       _SENDSTRING
  -------         PROC          _TEN
  D:0007H         SYMBOL        BCD
  C:0003H         LINE#         43
  C:0003H         LINE#         44
  C:0003H         LINE#         45
  C:0008H         LINE#         46
  -------         ENDPROC       _TEN
  -------         PROC          _UNIT
  D:0007H         SYMBOL        BCD
  C:3F64H         LINE#         47
  C:3F64H         LINE#         48
  C:3F64H         LINE#         52
  C:3F68H         LINE#         53
  -------         ENDPROC       _UNIT
  -------         PROC          _DECTOBCD
  D:0007H         SYMBOL        dec
  C:000AH         LINE#         54
  C:000AH         LINE#         55
  C:000AH         LINE#         57
  C:000AH         LINE#         58
  -------         ENDPROC       _DECTOBCD
  -------         PROC          _ASCII_LETTER
  D:0007H         SYMBOL        dat
  C:3F69H         LINE#         60
BL51 BANKED LINKER/LOCATER V6.22                                                      02/25/2019  12:34:05  PAGE 15


  C:3F69H         LINE#         61
  C:3F69H         LINE#         63
  C:3F6DH         LINE#         64
  -------         ENDPROC       _ASCII_LETTER
  -------         PROC          _ASCIITOBCD
  D:0001H         SYMBOL        ascii
  -------         DO            
  D:0007H         SYMBOL        dec_val
  D:0006H         SYMBOL        ten
  D:0007H         SYMBOL        unit
  -------         ENDDO         
  C:3E46H         LINE#         66
  C:3E46H         LINE#         67
  C:3E46H         LINE#         69
  C:3E49H         LINE#         70
  C:3E4FH         LINE#         71
  C:3E56H         LINE#         72
  C:3E5CH         LINE#         74
  -------         ENDPROC       _ASCIITOBCD
  -------         ENDMOD        UART1

  -------         MODULE        LCD_DRIVER_SPLC780D
  C:0000H         SYMBOL        _ICE_DUMMY_
  D:0092H         PUBLIC        P1M0
  D:0091H         PUBLIC        P1M1
  D:0080H         PUBLIC        P0
  D:0090H         PUBLIC        P1
  D:00A0H         PUBLIC        P2
  D:00B0H         PUBLIC        P3
  D:00C0H         PUBLIC        P4
  D:00C8H         PUBLIC        P5
  D:00E8H         PUBLIC        P6
  D:00F8H         PUBLIC        P7
  C:38DEH         PUBLIC        _WriteData
  D:00A8H         PUBLIC        IE
  D:00B8H         PUBLIC        IP
  D:00D8H         PUBLIC        CCON
  B:00B0H.4       PUBLIC        LCD_D4
  B:00B0H.5       PUBLIC        LCD_D5
  B:00B0H.6       PUBLIC        LCD_D6
  C:3DF6H         PUBLIC        _DisplayLCD
  B:00B0H.7       PUBLIC        LCD_D7
  D:0098H         PUBLIC        SCON
  D:0088H         PUBLIC        TCON
  C:3F54H         PUBLIC        LCD_clear
  C:3B96H         PUBLIC        _Command
  C:3E73H         PUBLIC        _Display_Line
  C:3A1CH         PUBLIC        LCD_Init
  C:3D5BH         PUBLIC        _Wait_ms
  B:00C0H.0       PUBLIC        LCD_RS
  B:00B0H.2       PUBLIC        LCD_RW
  C:3F4AH         PUBLIC        LCD_return_home
  B:00B0H.3       PUBLIC        LCD_E
  D:00D0H         PUBLIC        PSW
  -------         PROC          LCD_INIT
  C:3A1CH         LINE#         9
  C:3A1CH         LINE#         10
BL51 BANKED LINKER/LOCATER V6.22                                                      02/25/2019  12:34:05  PAGE 16


  C:3A1CH         LINE#         11
  C:3A1FH         LINE#         12
  C:3A22H         LINE#         14
  C:3A28H         LINE#         15
  C:3A2DH         LINE#         17
  C:3A34H         LINE#         18
  C:3A39H         LINE#         20
  C:3A3CH         LINE#         21
  C:3A41H         LINE#         23
  C:3A44H         LINE#         24
  C:3A49H         LINE#         26
  C:3A50H         LINE#         29
  C:3A55H         LINE#         30
  C:3A5AH         LINE#         32
  C:3A5FH         LINE#         33
  C:3A64H         LINE#         35
  C:3A69H         LINE#         36
  C:3A6EH         LINE#         37
  -------         ENDPROC       LCD_INIT
  -------         PROC          _WRITEDATA
  X:035AH         SYMBOL        dat
  C:38DEH         LINE#         40
  C:38E3H         LINE#         41
  C:38E3H         LINE#         46
  C:38E5H         LINE#         47
  C:38E7H         LINE#         49
  C:38F5H         LINE#         50
  C:3901H         LINE#         51
  C:390DH         LINE#         52
  C:3917H         LINE#         53
  C:3919H         LINE#         54
  C:3920H         LINE#         55
  C:3922H         LINE#         57
  C:3932H         LINE#         58
  C:393DH         LINE#         59
  C:3947H         LINE#         60
  C:394BH         LINE#         62
  C:394BH         LINE#         63
  C:394EH         LINE#         64
  C:3950H         LINE#         65
  C:3952H         LINE#         67
  -------         ENDPROC       _WRITEDATA
  -------         PROC          _COMMAND
  D:0007H         SYMBOL        dat
  C:3B96H         LINE#         69
  C:3B96H         LINE#         70
  C:3B96H         LINE#         71
  C:3B98H         LINE#         72
  C:3B9AH         LINE#         74
  C:3BA4H         LINE#         75
  C:3BA8H         LINE#         77
  C:3BAAH         LINE#         78
  C:3BB3H         LINE#         79
  C:3BB7H         LINE#         81
  C:3BB9H         LINE#         82
  C:3BC0H         LINE#         83
  C:3BC4H         LINE#         85
BL51 BANKED LINKER/LOCATER V6.22                                                      02/25/2019  12:34:05  PAGE 17


  C:3BC6H         LINE#         86
  C:3BCAH         LINE#         87
  C:3BCEH         LINE#         89
  C:3BD0H         LINE#         90
  C:3BD0H         LINE#         91
  C:3BD3H         LINE#         92
  C:3BD5H         LINE#         93
  -------         ENDPROC       _COMMAND
  C:3D57H         SYMBOL        L?0028
  -------         PROC          L?0027
  -------         ENDPROC       L?0027
  C:3D57H         SYMBOL        L?0028
  -------         PROC          _WAIT_MS
  D:0006H         SYMBOL        ms
  -------         DO            
  D:0004H         SYMBOL        De_Cnt
  -------         ENDDO         
  C:3D5BH         LINE#         95
  C:3D5BH         LINE#         96
  C:3D5BH         LINE#         98
  C:3D65H         LINE#         99
  C:3D65H         LINE#         100
  C:3D78H         LINE#         101
  C:3D78H         LINE#         102
  -------         ENDPROC       _WAIT_MS
  -------         PROC          _DISPLAYLCD
  D:0007H         SYMBOL        BCD
  -------         DO            
  D:0006H         SYMBOL        first_digit
  X:0420H         SYMBOL        second_digit
  -------         ENDDO         
  C:3DF6H         LINE#         103
  C:3DF6H         LINE#         104
  C:3DF6H         LINE#         106
  C:3DFDH         LINE#         107
  C:3E06H         LINE#         109
  C:3E0BH         LINE#         111
  -------         ENDPROC       _DISPLAYLCD
  -------         PROC          LCD_RETURN_HOME
  C:3F4AH         LINE#         115
  C:3F4AH         LINE#         116
  C:3F4AH         LINE#         117
  C:3F4FH         LINE#         118
  -------         ENDPROC       LCD_RETURN_HOME
  -------         PROC          LCD_CLEAR
  C:3F54H         LINE#         121
  C:3F54H         LINE#         122
  C:3F54H         LINE#         123
  C:3F59H         LINE#         124
  -------         ENDPROC       LCD_CLEAR
  -------         PROC          _DISPLAY_LINE
  D:0006H         SYMBOL        line
  C:3E73H         LINE#         128
  C:3E73H         LINE#         129
  C:3E73H         LINE#         130
  C:3E79H         LINE#         131
  C:3E79H         LINE#         132
BL51 BANKED LINKER/LOCATER V6.22                                                      02/25/2019  12:34:05  PAGE 18


  C:3E7BH         LINE#         133
  C:3E7BH         LINE#         134
  C:3E7DH         LINE#         136
  C:3E7DH         LINE#         137
  C:3E82H         LINE#         138
  C:3E87H         LINE#         139
  C:3E87H         LINE#         140
  -------         ENDPROC       _DISPLAY_LINE
  -------         ENDMOD        LCD_DRIVER_SPLC780D

  -------         MODULE        KEYPAD
  C:0000H         SYMBOL        _ICE_DUMMY_
  D:0093H         PUBLIC        P0M1
  D:0080H         PUBLIC        P0
  D:0090H         PUBLIC        P1
  D:00A0H         PUBLIC        P2
  D:00B0H         PUBLIC        P3
  D:00C0H         PUBLIC        P4
  D:00C8H         PUBLIC        P5
  B:0020H.0       PUBLIC        calib_mode
  D:00E8H         PUBLIC        P6
  D:00F8H         PUBLIC        P7
  D:00A8H         PUBLIC        IE
  C:2874H         PUBLIC        Key_Scan
  D:00B8H         PUBLIC        IP
  D:00D8H         PUBLIC        CCON
  C:3F32H         PUBLIC        KeyPad_IO_Init
  C:3DD8H         PUBLIC        _Delay_ms
  D:0098H         PUBLIC        SCON
  D:0088H         PUBLIC        TCON
  B:0020H.1       PUBLIC        small_move
  B:0020H.2       PUBLIC        move
  B:0020H.3       PUBLIC        direction
  B:0020H.4       PUBLIC        auto_move
  C:2403H         PUBLIC        Key_Process
  D:00D0H         PUBLIC        PSW
  D:0094H         PUBLIC        P0M0
  -------         PROC          _DELAY_MS
  D:0006H         SYMBOL        ms
  -------         DO            
  D:0004H         SYMBOL        De_Cnt
  -------         ENDDO         
  C:3DD8H         LINE#         19
  C:3DD8H         LINE#         20
  C:3DD8H         LINE#         22
  C:3DE2H         LINE#         23
  C:3DE2H         LINE#         24
  C:3DF5H         LINE#         25
  C:3DF5H         LINE#         26
  -------         ENDPROC       _DELAY_MS
  -------         PROC          KEY_SCAN
  -------         DO            
  X:041AH         SYMBOL        KeyTemp1
  X:041BH         SYMBOL        KeyTemp2
  X:041CH         SYMBOL        KeyValue
  -------         ENDDO         
  C:2874H         LINE#         27
BL51 BANKED LINKER/LOCATER V6.22                                                      02/25/2019  12:34:05  PAGE 19


  C:2874H         LINE#         28
  C:2874H         LINE#         33
  C:2877H         LINE#         36
  C:287AH         LINE#         38
  C:2882H         LINE#         39
  C:2889H         LINE#         40
  C:2889H         LINE#         42
  C:288EH         LINE#         43
  C:2895H         LINE#         44
  C:2895H         LINE#         47
  C:2898H         LINE#         48
  C:289BH         LINE#         49
  C:28A0H         LINE#         50
  C:28A4H         LINE#         51
  C:28A4H         LINE#         52
  C:28ACH         LINE#         53
  C:28ACH         LINE#         54
  C:28AFH         LINE#         55
  C:28B7H         LINE#         56
  C:28B9H         LINE#         58
  C:28CDH         LINE#         59
  C:28CDH         LINE#         60
  C:28CDH         LINE#         61
  C:28CDH         LINE#         62
  C:28D3H         LINE#         64
  C:28D5H         LINE#         65
  C:28D5H         LINE#         66
  C:28D5H         LINE#         67
  C:28DBH         LINE#         69
  C:28DDH         LINE#         70
  C:28DDH         LINE#         71
  C:28DDH         LINE#         72
  C:28E3H         LINE#         74
  C:28E5H         LINE#         75
  C:28E5H         LINE#         76
  C:28E5H         LINE#         77
  C:28EBH         LINE#         79
  C:28EBH         LINE#         80
  C:28EBH         LINE#         81
  C:28EBH         LINE#         84
  C:28EEH         LINE#         85
  C:28F1H         LINE#         86
  C:28F9H         LINE#         87
  C:28FDH         LINE#         88
  C:28FDH         LINE#         89
  C:2905H         LINE#         90
  C:2905H         LINE#         91
  C:2908H         LINE#         92
  C:2910H         LINE#         93
  C:2912H         LINE#         94
  C:2926H         LINE#         95
  C:2926H         LINE#         96
  C:2926H         LINE#         97
  C:2926H         LINE#         98
  C:292CH         LINE#         100
  C:292EH         LINE#         101
  C:292EH         LINE#         102
BL51 BANKED LINKER/LOCATER V6.22                                                      02/25/2019  12:34:05  PAGE 20


  C:292EH         LINE#         103
  C:2934H         LINE#         105
  C:2936H         LINE#         106
  C:2936H         LINE#         107
  C:2936H         LINE#         108
  C:293CH         LINE#         110
  C:293EH         LINE#         111
  C:293EH         LINE#         112
  C:293EH         LINE#         113
  C:2943H         LINE#         115
  C:2943H         LINE#         116
  C:2943H         LINE#         117
  C:2943H         LINE#         120
  C:2946H         LINE#         121
  C:2949H         LINE#         122
  C:2951H         LINE#         123
  C:2955H         LINE#         124
  C:2955H         LINE#         125
  C:295DH         LINE#         126
  C:295DH         LINE#         127
  C:2960H         LINE#         128
  C:2968H         LINE#         129
  C:296AH         LINE#         130
  C:297EH         LINE#         131
  C:297EH         LINE#         132
  C:297EH         LINE#         133
  C:297EH         LINE#         134
  C:2984H         LINE#         136
  C:2986H         LINE#         137
  C:2986H         LINE#         138
  C:2986H         LINE#         139
  C:298CH         LINE#         141
  C:298EH         LINE#         142
  C:298EH         LINE#         143
  C:298EH         LINE#         144
  C:2994H         LINE#         146
  C:2996H         LINE#         147
  C:2996H         LINE#         148
  C:2996H         LINE#         149
  C:299CH         LINE#         151
  C:299CH         LINE#         152
  C:299CH         LINE#         153
  C:299CH         LINE#         157
  C:299FH         LINE#         158
  C:29A2H         LINE#         159
  C:29AAH         LINE#         160
  C:29AEH         LINE#         161
  C:29AEH         LINE#         162
  C:29B6H         LINE#         163
  C:29B6H         LINE#         164
  C:29B9H         LINE#         165
  C:29C1H         LINE#         166
  C:29C3H         LINE#         167
  C:29D7H         LINE#         168
  C:29D7H         LINE#         169
  C:29D7H         LINE#         170
  C:29D7H         LINE#         171
BL51 BANKED LINKER/LOCATER V6.22                                                      02/25/2019  12:34:05  PAGE 21


  C:29DDH         LINE#         173
  C:29DFH         LINE#         174
  C:29DFH         LINE#         175
  C:29DFH         LINE#         176
  C:29E5H         LINE#         178
  C:29E7H         LINE#         179
  C:29E7H         LINE#         180
  C:29E7H         LINE#         181
  C:29EDH         LINE#         183
  C:29EFH         LINE#         184
  C:29EFH         LINE#         185
  C:29EFH         LINE#         186
  C:29F5H         LINE#         188
  C:29F5H         LINE#         189
  C:29F5H         LINE#         190
  C:29F5H         LINE#         192
  C:29FBH         LINE#         193
  C:29FBH         LINE#         195
  C:29FBH         LINE#         196
  C:29FEH         LINE#         197
  C:29FEH         LINE#         198
  C:29FEH         LINE#         200
  C:29FEH         LINE#         201
  C:2A00H         LINE#         202
  C:2A00H         LINE#         203
  -------         ENDPROC       KEY_SCAN
  -------         PROC          KEY_PROCESS
  -------         DO            
  X:03DFH         SYMBOL        KeyCount
  X:03E1H         SYMBOL        KeyNum_Old
  X:03E2H         SYMBOL        KeyNum
  X:03E3H         SYMBOL        PressedKey
  X:03F0H         SYMBOL        d
  D:0004H         SYMBOL        hours
  D:0006H         SYMBOL        mins
  X:03F2H         SYMBOL        months
  X:03F4H         SYMBOL        days
  -------         ENDDO         
  C:2403H         LINE#         204
  C:2403H         LINE#         205
  C:2403H         LINE#         209
  C:240BH         LINE#         210
  C:2413H         LINE#         212
  C:2416H         LINE#         213
  C:2416H         LINE#         214
  C:2419H         LINE#         216
  C:2419H         LINE#         217
  C:2426H         LINE#         218
  C:2426H         LINE#         219
  C:2429H         LINE#         220
  C:242CH         LINE#         222
  C:242FH         LINE#         224
  C:242FH         LINE#         225
  C:243AH         LINE#         226
  C:243AH         LINE#         227
  C:243DH         LINE#         229
  C:243DH         LINE#         230
BL51 BANKED LINKER/LOCATER V6.22                                                      02/25/2019  12:34:05  PAGE 22


  C:2444H         LINE#         231
  C:2444H         LINE#         232
  C:2447H         LINE#         234
  C:2447H         LINE#         235
  C:244FH         LINE#         236
  C:244FH         LINE#         237
  C:2459H         LINE#         238
  C:2461H         LINE#         240
  C:246AH         LINE#         242
  C:246AH         LINE#         251
  C:247FH         LINE#         252
  C:247FH         LINE#         253
  C:2491H         LINE#         254
  C:249FH         LINE#         255
  C:24AEH         LINE#         256
  C:24AEH         LINE#         258
  C:24B4H         LINE#         262
  C:24CAH         LINE#         263
  C:24DBH         LINE#         264
  C:24F6H         LINE#         265
  C:24F6H         LINE#         266
  C:2506H         LINE#         267
  C:2517H         LINE#         268
  C:2517H         LINE#         272
  C:2530H         LINE#         273
  C:2547H         LINE#         274
  C:2567H         LINE#         275
  C:2567H         LINE#         276
  C:2571H         LINE#         277
  C:2571H         LINE#         278
  C:257AH         LINE#         279
  C:257AH         LINE#         280
  C:258EH         LINE#         281
  C:258EH         LINE#         282
  C:258EH         LINE#         283
  C:258EH         LINE#         284
  C:258EH         LINE#         285
  C:2590H         LINE#         287
  C:2590H         LINE#         288
  C:259CH         LINE#         289
  C:259CH         LINE#         290
  C:25ADH         LINE#         291
  C:25ADH         LINE#         292
  C:25ADH         LINE#         293
  C:25ADH         LINE#         294
  C:25ADH         LINE#         296
  C:25AFH         LINE#         298
  C:25AFH         LINE#         299
  C:25C0H         LINE#         300
  C:25C0H         LINE#         301
  C:25C0H         LINE#         302
  C:25C0H         LINE#         303
  C:25C0H         LINE#         305
  C:25C0H         LINE#         307
  C:25C0H         LINE#         308
  C:25C2H         LINE#         310
  C:25C2H         LINE#         311
BL51 BANKED LINKER/LOCATER V6.22                                                      02/25/2019  12:34:05  PAGE 23


  C:25D5H         LINE#         312
  C:25D5H         LINE#         313
  C:25E6H         LINE#         314
  C:25E6H         LINE#         315
  C:25E6H         LINE#         316
  C:25E6H         LINE#         317
  C:25E6H         LINE#         318
  C:25E8H         LINE#         320
  C:25E8H         LINE#         321
  C:25F9H         LINE#         322
  C:25F9H         LINE#         323
  C:260AH         LINE#         324
  C:261BH         LINE#         325
  C:261BH         LINE#         326
  C:261BH         LINE#         327
  C:261BH         LINE#         328
  C:261BH         LINE#         329
  C:261EH         LINE#         330
  C:2623H         LINE#         331
  C:2628H         LINE#         332
  C:262DH         LINE#         333
  C:2632H         LINE#         334
  C:2637H         LINE#         335
  C:263CH         LINE#         336
  C:2641H         LINE#         337
  C:2641H         LINE#         339
  C:2663H         LINE#         340
  C:2663H         LINE#         341
  C:266DH         LINE#         342
  C:266DH         LINE#         343
  C:2672H         LINE#         344
  C:267BH         LINE#         345
  C:2692H         LINE#         346
  C:2692H         LINE#         347
  C:26A2H         LINE#         349
  C:26A2H         LINE#         353
  -------         ENDPROC       KEY_PROCESS
  -------         PROC          KEYPAD_IO_INIT
  C:3F32H         LINE#         356
  C:3F32H         LINE#         357
  C:3F32H         LINE#         358
  C:3F35H         LINE#         359
  C:3F38H         LINE#         360
  C:3F3BH         LINE#         361
  C:3F3DH         LINE#         362
  -------         ENDPROC       KEYPAD_IO_INIT
  -------         ENDMOD        KEYPAD

  -------         MODULE        BIPOLARMOTOR
  C:0000H         SYMBOL        _ICE_DUMMY_
  D:0080H         PUBLIC        P0
  D:0090H         PUBLIC        P1
  D:00A0H         PUBLIC        P2
  D:00B0H         PUBLIC        P3
  D:00C0H         PUBLIC        P4
  D:00C8H         PUBLIC        P5
  D:00E8H         PUBLIC        P6
BL51 BANKED LINKER/LOCATER V6.22                                                      02/25/2019  12:34:05  PAGE 24


  D:00F8H         PUBLIC        P7
  X:00D4H         PUBLIC        low_date_azimuth_mapping
  D:00A8H         PUBLIC        IE
  C:31F9H         PUBLIC        linear_interpolate
  C:3D06H         PUBLIC        _Move
  D:00B8H         PUBLIC        IP
  C:26D6H         PUBLIC        _findDet3x3
  C:1BEFH         PUBLIC        _findDet4x4
  D:00D8H         PUBLIC        CCON
  X:00FCH         PUBLIC        previous_move_time
  D:0098H         PUBLIC        SCON
  D:0088H         PUBLIC        TCON
  C:3F6EH         PUBLIC        wait
  C:3BD6H         PUBLIC        _Step_move
  X:00FDH         PUBLIC        dat
  C:000EH         PUBLIC        _Update_position
  C:3A75H         PUBLIC        vOneStepMove
  X:0103H         PUBLIC        elevation_stamp
  X:013FH         PUBLIC        date_azimuth_mapping
  X:0167H         PUBLIC        RX_pos
  C:3E1DH         PUBLIC        _BCDtoDec1
  X:0177H         PUBLIC        degree
  D:00D0H         PUBLIC        PSW
  -------         PROC          L?0066
  -------         ENDPROC       L?0066
  -------         PROC          _BCDTODEC1
  D:0007H         SYMBOL        bcd
  -------         DO            
  D:0006H         SYMBOL        hi
  D:0007H         SYMBOL        lo
  -------         ENDDO         
  C:3E1DH         LINE#         28
  C:3E1DH         LINE#         29
  C:3E1DH         LINE#         31
  C:3E22H         LINE#         32
  C:3E26H         LINE#         33
  C:3E2DH         LINE#         34
  -------         ENDPROC       _BCDTODEC1
  -------         PROC          WAIT
  C:3F6EH         LINE#         36
  C:3F6EH         LINE#         38
  -------         ENDPROC       WAIT
  -------         PROC          VONESTEPMOVE
  B:0021H.0       SYMBOL        bDir
  C:3A75H         LINE#         40
  C:3A75H         LINE#         41
  C:3A75H         LINE#         43
  C:3A7BH         LINE#         44
  C:3A7BH         LINE#         45
  C:3A7EH         LINE#         46
  C:3A87H         LINE#         47
  C:3A8EH         LINE#         48
  C:3A93H         LINE#         49
  C:3A93H         LINE#         50
  C:3A93H         LINE#         52
  C:3A95H         LINE#         55
  C:3A95H         LINE#         56
BL51 BANKED LINKER/LOCATER V6.22                                                      02/25/2019  12:34:05  PAGE 25


  C:3A98H         LINE#         57
  C:3AA1H         LINE#         58
  C:3AA8H         LINE#         59
  C:3AAEH         LINE#         60
  C:3AB7H         LINE#         61
  C:3ABEH         LINE#         62
  C:3ABEH         LINE#         66
  -------         ENDPROC       VONESTEPMOVE
  -------         PROC          _STEP_MOVE
  X:03FFH         SYMBOL        step
  B:0021H.1       SYMBOL        dir
  -------         DO            
  X:0401H         SYMBOL        i
  -------         ENDDO         
  C:3BD6H         LINE#         68
  C:3BDEH         LINE#         69
  C:3BDEH         LINE#         71
  C:3BE3H         LINE#         74
  C:3BFEH         LINE#         75
  C:3BFEH         LINE#         76
  C:3C05H         LINE#         78
  C:3C15H         LINE#         80
  -------         ENDPROC       _STEP_MOVE
  -------         PROC          _MOVE
  X:0403H         SYMBOL        distance
  B:0021H.2       SYMBOL        direction
  -------         DO            
  D:0006H         SYMBOL        step
  -------         ENDDO         
  C:3D06H         LINE#         82
  C:3D0CH         LINE#         83
  C:3D0CH         LINE#         86
  C:3D27H         LINE#         87
  -------         ENDPROC       _MOVE
  C:26B7H         SYMBOL        L?0062
  C:26CBH         SYMBOL        L?0063
  -------         PROC          L?0061
  -------         ENDPROC       L?0061
  C:26B7H         SYMBOL        L?0062
  C:26CBH         SYMBOL        L?0063
  -------         PROC          _FINDDET3X3
  X:0362H         SYMBOL        a11
  X:0366H         SYMBOL        a12
  X:036AH         SYMBOL        a13
  X:036EH         SYMBOL        a21
  X:0372H         SYMBOL        a22
  X:0376H         SYMBOL        a23
  X:037AH         SYMBOL        a31
  X:037EH         SYMBOL        a32
  X:0382H         SYMBOL        a33
  C:26D6H         LINE#         91
  C:26DCH         LINE#         95
  C:26DCH         LINE#         96
  C:2873H         LINE#         98
  -------         ENDPROC       _FINDDET3X3
  -------         PROC          _FINDDET4X4
  X:02FBH         SYMBOL        a11
BL51 BANKED LINKER/LOCATER V6.22                                                      02/25/2019  12:34:05  PAGE 26


  X:02FFH         SYMBOL        a12
  X:0303H         SYMBOL        a13
  X:0307H         SYMBOL        a14
  X:030BH         SYMBOL        a21
  X:030FH         SYMBOL        a22
  X:0313H         SYMBOL        a23
  X:0317H         SYMBOL        a24
  X:031BH         SYMBOL        a31
  X:031FH         SYMBOL        a32
  X:0323H         SYMBOL        a33
  X:0327H         SYMBOL        a34
  X:032BH         SYMBOL        a41
  X:032FH         SYMBOL        a42
  X:0333H         SYMBOL        a43
  X:0337H         SYMBOL        a44
  C:1BEFH         LINE#         99
  C:1BF5H         LINE#         103
  C:1BF5H         LINE#         110
  C:1EAEH         LINE#         114
  -------         ENDPROC       _FINDDET4X4
  C:31E8H         SYMBOL        L?0065
  -------         PROC          L?0064
  -------         ENDPROC       L?0064
  C:31E8H         SYMBOL        L?0065
  -------         PROC          LINEAR_INTERPOLATE
  X:039EH         SYMBOL        p1
  X:03A6H         SYMBOL        p2
  X:03AEH         SYMBOL        x
  -------         DO            
  D:0004H         SYMBOL        fx
  -------         ENDDO         
  C:31F9H         LINE#         120
  C:31F9H         LINE#         121
  C:31F9H         LINE#         124
  C:3298H         LINE#         126
  C:3298H         LINE#         127
  -------         ENDPROC       LINEAR_INTERPOLATE
  -------         PROC          _UPDATE_POSITION
  D:0001H         SYMBOL        mnths
  D:0002H         SYMBOL        dys
  X:017DH         SYMBOL        hurs
  X:017EH         SYMBOL        mns
  X:017FH         SYMBOL        sconds
  X:0180H         SYMBOL        currnt_pos
  X:0183H         SYMBOL        offset_calib
  -------         DO            
  X:0187H         SYMBOL        date
  X:0189H         SYMBOL        i
  X:018BH         SYMBOL        yy
  X:018DH         SYMBOL        desired_distance
  X:0191H         SYMBOL        distance
  X:0195H         SYMBOL        JP_pos
  X:0199H         SYMBOL        pos_interpolate_azimuth
  X:01D5H         SYMBOL        current_local_sun_time
  X:01D9H         SYMBOL        azimuth
  X:01DDH         SYMBOL        elevation
  X:01E1H         SYMBOL        time_offset
BL51 BANKED LINKER/LOCATER V6.22                                                      02/25/2019  12:34:05  PAGE 27


  X:01E5H         SYMBOL        UTC_time
  X:01E9H         SYMBOL        declination
  X:01EDH         SYMBOL        p1
  X:01F5H         SYMBOL        p2
  X:01FDH         SYMBOL        time
  X:020FH         SYMBOL        location
  X:0217H         SYMBOL        sunCoord
  -------         ENDDO         
  C:000EH         LINE#         131
  C:0017H         LINE#         134
  C:0017H         LINE#         135
  C:0022H         LINE#         137
  C:003EH         LINE#         138
  C:0048H         LINE#         146
  C:0052H         LINE#         147
  C:005CH         LINE#         148
  C:0066H         LINE#         149
  C:0071H         LINE#         150
  C:007CH         LINE#         151
  C:0095H         LINE#         152
  C:00A6H         LINE#         153
  C:00B5H         LINE#         156
  C:00C9H         LINE#         160
  C:011BH         LINE#         161
  C:027FH         LINE#         162
  C:02CFH         LINE#         164
  C:03F7H         LINE#         166
  C:04C6H         LINE#         173
  C:050DH         LINE#         174
  C:050DH         LINE#         176
  C:0527H         LINE#         177
  C:0527H         LINE#         178
  C:0597H         LINE#         179
  C:0597H         LINE#         180
  C:059EH         LINE#         181
  C:059EH         LINE#         182
  C:05CBH         LINE#         183
  C:05E6H         LINE#         185
  C:062DH         LINE#         186
  C:0661H         LINE#         188
  C:06A7H         LINE#         189
  C:06CAH         LINE#         191
  C:06CAH         LINE#         193
  C:0740H         LINE#         194
  C:0740H         LINE#         195
  C:0747H         LINE#         196
  C:0747H         LINE#         197
  C:0774H         LINE#         198
  C:078FH         LINE#         200
  C:07D6H         LINE#         201
  C:080AH         LINE#         203
  C:0850H         LINE#         204
  C:0870H         LINE#         206
  C:0870H         LINE#         207
  C:0881H         LINE#         210
  C:089BH         LINE#         211
  C:089BH         LINE#         212
BL51 BANKED LINKER/LOCATER V6.22                                                      02/25/2019  12:34:05  PAGE 28


  C:090BH         LINE#         213
  C:090BH         LINE#         214
  C:0938H         LINE#         215
  C:0953H         LINE#         217
  C:0980H         LINE#         218
  C:099BH         LINE#         220
  C:09CDH         LINE#         223
  C:09CDH         LINE#         225
  C:09DEH         LINE#         227
  C:0A0DH         LINE#         229
  C:0A32H         LINE#         230
  C:0A97H         LINE#         231
  C:0A97H         LINE#         232
  C:0AB1H         LINE#         233
  C:0AC3H         LINE#         234
  C:0ADBH         LINE#         235
  C:0AF1H         LINE#         237
  C:0B0DH         LINE#         238
  C:0B0DH         LINE#         239
  C:0B0DH         LINE#         242
  -------         ENDPROC       _UPDATE_POSITION
  -------         ENDMOD        BIPOLARMOTOR

  -------         MODULE        SUNPOS
  C:0000H         SYMBOL        _ICE_DUMMY_
  C:144DH         PUBLIC        sunpos
  -------         PROC          SUNPOS
  X:029EH         SYMBOL        udtTime
  X:02B0H         SYMBOL        udtLocation
  X:02B8H         SYMBOL        udtSunCoordinates
  -------         DO            
  X:02BBH         SYMBOL        dElapsedJulianDays
  X:02BFH         SYMBOL        dDecimalHours
  X:02C3H         SYMBOL        dEclipticLongitude
  X:02C7H         SYMBOL        dEclipticObliquity
  X:02CBH         SYMBOL        dRightAscension
  X:02CFH         SYMBOL        dDeclination
  X:02D3H         SYMBOL        dY
  X:02D7H         SYMBOL        dX
  -------         DO            
  X:02DBH         SYMBOL        dJulianDate
  X:02DFH         SYMBOL        liAux1
  X:02E3H         SYMBOL        liAux2
  X:02DBH         SYMBOL        dMeanLongitude
  X:02DFH         SYMBOL        dMeanAnomaly
  X:02E3H         SYMBOL        dOmega
  X:02DBH         SYMBOL        dSin_EclipticLongitude
  X:02DBH         SYMBOL        dGreenwichMeanSiderealTime
  X:02DFH         SYMBOL        dLocalMeanSiderealTime
  X:02E3H         SYMBOL        dLatitudeInRadians
  X:02E7H         SYMBOL        dHourAngle
  X:02EBH         SYMBOL        dCos_Latitude
  X:02EFH         SYMBOL        dSin_Latitude
  X:02F3H         SYMBOL        dCos_HourAngle
  X:02F7H         SYMBOL        dParallax
  -------         ENDDO         
  -------         DO            
BL51 BANKED LINKER/LOCATER V6.22                                                      02/25/2019  12:34:05  PAGE 29


  X:02DBH         SYMBOL        dMeanLongitude
  X:02DFH         SYMBOL        dMeanAnomaly
  X:02E3H         SYMBOL        dOmega
  X:02DBH         SYMBOL        dSin_EclipticLongitude
  X:02DBH         SYMBOL        dGreenwichMeanSiderealTime
  X:02DFH         SYMBOL        dLocalMeanSiderealTime
  X:02E3H         SYMBOL        dLatitudeInRadians
  X:02E7H         SYMBOL        dHourAngle
  X:02EBH         SYMBOL        dCos_Latitude
  X:02EFH         SYMBOL        dSin_Latitude
  X:02F3H         SYMBOL        dCos_HourAngle
  X:02F7H         SYMBOL        dParallax
  -------         ENDDO         
  -------         DO            
  X:02DBH         SYMBOL        dSin_EclipticLongitude
  X:02DBH         SYMBOL        dGreenwichMeanSiderealTime
  X:02DFH         SYMBOL        dLocalMeanSiderealTime
  X:02E3H         SYMBOL        dLatitudeInRadians
  X:02E7H         SYMBOL        dHourAngle
  X:02EBH         SYMBOL        dCos_Latitude
  X:02EFH         SYMBOL        dSin_Latitude
  X:02F3H         SYMBOL        dCos_HourAngle
  X:02F7H         SYMBOL        dParallax
  -------         ENDDO         
  -------         DO            
  X:02DBH         SYMBOL        dGreenwichMeanSiderealTime
  X:02DFH         SYMBOL        dLocalMeanSiderealTime
  X:02E3H         SYMBOL        dLatitudeInRadians
  X:02E7H         SYMBOL        dHourAngle
  X:02EBH         SYMBOL        dCos_Latitude
  X:02EFH         SYMBOL        dSin_Latitude
  X:02F3H         SYMBOL        dCos_HourAngle
  X:02F7H         SYMBOL        dParallax
  -------         ENDDO         
  -------         ENDDO         
  C:144DH         LINE#         6
  C:144DH         LINE#         7
  C:144DH         LINE#         9
  C:144DH         LINE#         27
  C:1497H         LINE#         30
  C:14B8H         LINE#         31
  C:15FFH         LINE#         34
  C:164BH         LINE#         36
  C:166AH         LINE#         37
  C:166AH         LINE#         42
  C:166AH         LINE#         46
  C:169CH         LINE#         47
  C:16C6H         LINE#         48
  C:16F0H         LINE#         49
  C:179DH         LINE#         52
  C:17FEH         LINE#         54
  C:17FEH         LINE#         59
  C:17FEH         LINE#         61
  C:1815H         LINE#         62
  C:183DH         LINE#         63
  C:1854H         LINE#         64
  C:187FH         LINE#         65
BL51 BANKED LINKER/LOCATER V6.22                                                      02/25/2019  12:34:05  PAGE 30


  C:18B6H         LINE#         66
  C:18E1H         LINE#         67
  C:18E1H         LINE#         70
  C:18E1H         LINE#         79
  C:191CH         LINE#         82
  C:1956H         LINE#         84
  C:197BH         LINE#         85
  C:199AH         LINE#         86
  C:19B1H         LINE#         87
  C:19C8H         LINE#         88
  C:19DFH         LINE#         89
  C:1A68H         LINE#         91
  C:1A82H         LINE#         92
  C:1AE4H         LINE#         93
  C:1B1AH         LINE#         94
  C:1B2CH         LINE#         95
  C:1B59H         LINE#         96
  C:1B86H         LINE#         98
  C:1BA8H         LINE#         100
  C:1BE0H         LINE#         103
  C:1BE0H         LINE#         104
  C:1BEEH         LINE#         105
  -------         ENDPROC       SUNPOS
  -------         ENDMOD        SUNPOS

  -------         MODULE        ADC
  C:0000H         SYMBOL        _ICE_DUMMY_
  D:0092H         PUBLIC        P1M0
  D:0091H         PUBLIC        P1M1
  D:0080H         PUBLIC        P0
  D:0090H         PUBLIC        P1
  D:00A0H         PUBLIC        P2
  D:00B0H         PUBLIC        P3
  D:00C0H         PUBLIC        P4
  D:00C8H         PUBLIC        P5
  D:00E8H         PUBLIC        P6
  D:00F8H         PUBLIC        P7
  D:00A8H         PUBLIC        IE
  D:00BDH         PUBLIC        ADC_RES
  D:00B8H         PUBLIC        IP
  D:0097H         PUBLIC        CLK_DIV
  D:00D8H         PUBLIC        CCON
  D:00BCH         PUBLIC        ADC_CONTR
  D:0098H         PUBLIC        SCON
  D:0088H         PUBLIC        TCON
  B:00A0H.4       PUBLIC        P24
  B:00A0H.5       PUBLIC        P25
  B:00A0H.6       PUBLIC        P26
  C:3DB9H         PUBLIC        ADC_Init
  C:3C84H         PUBLIC        _ADC_GetResult
  D:009DH         PUBLIC        P1ASF
  D:00BEH         PUBLIC        ADC_RESL
  D:00D0H         PUBLIC        PSW
  -------         PROC          ADC_INIT
  C:3DB9H         LINE#         7
  C:3DB9H         LINE#         8
  C:3DB9H         LINE#         10
BL51 BANKED LINKER/LOCATER V6.22                                                      02/25/2019  12:34:05  PAGE 31


  C:3DBBH         LINE#         11
  C:3DBDH         LINE#         12
  C:3DBFH         LINE#         13
  C:3DC2H         LINE#         14
  C:3DC5H         LINE#         15
  C:3DC8H         LINE#         16
  C:3DCBH         LINE#         18
  C:3DCDH         LINE#         19
  C:3DCFH         LINE#         20
  C:3DD2H         LINE#         22
  -------         ENDPROC       ADC_INIT
  -------         PROC          _ADC_GETRESULT
  D:0007H         SYMBOL        ch
  -------         DO            
  D:0006H         SYMBOL        ADC_Value_H
  D:0004H         SYMBOL        ADC_Value_L
  D:0006H         SYMBOL        ADC_Value
  -------         ENDDO         
  C:3C84H         LINE#         27
  C:3C84H         LINE#         28
  C:3C84H         LINE#         30
  C:3C89H         LINE#         31
  C:3C8AH         LINE#         32
  C:3C8BH         LINE#         33
  C:3C8CH         LINE#         34
  C:3C8DH         LINE#         35
  C:3C92H         LINE#         36
  C:3C95H         LINE#         37
  C:3C99H         LINE#         38
  C:3C9DH         LINE#         40
  C:3CAFH         LINE#         41
  C:3CAFH         LINE#         42
  -------         ENDPROC       _ADC_GETRESULT
  -------         ENDMOD        ADC

  -------         MODULE        CALIBRATION
  C:0000H         SYMBOL        _ICE_DUMMY_
  D:0080H         PUBLIC        P0
  D:0090H         PUBLIC        P1
  D:00A0H         PUBLIC        P2
  D:00B0H         PUBLIC        P3
  D:00C0H         PUBLIC        P4
  D:00C8H         PUBLIC        P5
  D:00E8H         PUBLIC        P6
  D:00F8H         PUBLIC        P7
  C:369DH         PUBLIC        _Max_Value
  D:00A8H         PUBLIC        IE
  C:3017H         PUBLIC        _calibration
  C:3299H         PUBLIC        voltage_is_stable
  D:00B8H         PUBLIC        IP
  D:00D8H         PUBLIC        CCON
  D:0098H         PUBLIC        SCON
  D:0088H         PUBLIC        TCON
  C:1EAFH         PUBLIC        _Find_Real_Max
  D:00D0H         PUBLIC        PSW
  -------         PROC          VOLTAGE_IS_STABLE
  -------         DO            
BL51 BANKED LINKER/LOCATER V6.22                                                      02/25/2019  12:34:05  PAGE 32


  X:0386H         SYMBOL        sample_voltage
  X:039AH         SYMBOL        i
  X:039CH         SYMBOL        ch
  -------         ENDDO         
  C:3299H         LINE#         19
  C:3299H         LINE#         20
  C:3299H         LINE#         22
  C:32A0H         LINE#         23
  C:32A6H         LINE#         24
  C:32A6H         LINE#         25
  C:32CFH         LINE#         26
  C:32EEH         LINE#         28
  C:3308H         LINE#         29
  C:3308H         LINE#         30
  C:333BH         LINE#         31
  C:333FH         LINE#         32
  C:334FH         LINE#         33
  C:3353H         LINE#         34
  -------         ENDPROC       VOLTAGE_IS_STABLE
  -------         PROC          _FIND_REAL_MAX
  X:021AH         SYMBOL        current_position
  -------         DO            
  X:021DH         SYMBOL        ch
  X:021EH         SYMBOL        calib_step_move
  X:0222H         SYMBOL        voltage_at_scanned_pos
  X:029AH         SYMBOL        max_location
  X:029CH         SYMBOL        i
  -------         ENDDO         
  C:1EAFH         LINE#         35
  C:1EBAH         LINE#         36
  C:1EBAH         LINE#         37
  C:1EBDH         LINE#         38
  C:1EC5H         LINE#         42
  C:1EDEH         LINE#         43
  C:1EDEH         LINE#         44
  C:1EF3H         LINE#         45
  C:1F03H         LINE#         46
  C:1F0AH         LINE#         47
  C:1F0AH         LINE#         48
  C:1F15H         LINE#         49
  C:1F15H         LINE#         50
  C:1F28H         LINE#         51
  C:1F4EH         LINE#         52
  C:1F76H         LINE#         53
  C:1F79H         LINE#         55
  C:1F79H         LINE#         57
  C:1F8BH         LINE#         58
  C:1FABH         LINE#         61
  C:1FD2H         LINE#         63
  C:202EH         LINE#         64
  C:2031H         LINE#         65
  C:2031H         LINE#         69
  C:2036H         LINE#         70
  C:203BH         LINE#         72
  C:2040H         LINE#         73
  C:2045H         LINE#         74
  C:204AH         LINE#         75
BL51 BANKED LINKER/LOCATER V6.22                                                      02/25/2019  12:34:05  PAGE 33


  C:204FH         LINE#         78
  C:2086H         LINE#         79
  C:208BH         LINE#         80
  C:2090H         LINE#         81
  C:2097H         LINE#         82
  C:20B9H         LINE#         96
  C:20C8H         LINE#         97
  C:20C8H         LINE#         98
  C:20D9H         LINE#         100
  C:20FBH         LINE#         101
  C:2158H         LINE#         102
  C:215FH         LINE#         103
  C:215FH         LINE#         105
  -------         ENDPROC       _FIND_REAL_MAX
  -------         PROC          _MAX_VALUE
  D:0001H         SYMBOL        input
  -------         DO            
  D:0004H         SYMBOL        max
  X:0407H         SYMBOL        max_location
  X:0409H         SYMBOL        i
  -------         ENDDO         
  C:369DH         LINE#         108
  C:369DH         LINE#         109
  C:369DH         LINE#         110
  C:36A8H         LINE#         112
  C:36BDH         LINE#         113
  C:36BDH         LINE#         114
  C:36F3H         LINE#         115
  C:3710H         LINE#         116
  C:371FH         LINE#         117
  C:3730H         LINE#         118
  C:3738H         LINE#         120
  -------         ENDPROC       _MAX_VALUE
  -------         PROC          _CALIBRATION
  X:03B2H         SYMBOL        mnths
  X:03B3H         SYMBOL        dys
  X:03B4H         SYMBOL        hurs
  X:03B5H         SYMBOL        mns
  X:03B6H         SYMBOL        sconds
  X:03B7H         SYMBOL        currnt_pos
  -------         DO            
  X:03BAH         SYMBOL        calib_value
  X:03BEH         SYMBOL        theorical_max_pos
  X:03C2H         SYMBOL        JP_max_pos
  -------         ENDDO         
  C:3017H         LINE#         122
  C:3022H         LINE#         125
  C:3022H         LINE#         126
  C:302CH         LINE#         127
  C:3040H         LINE#         129
  C:304AH         LINE#         130
  C:304AH         LINE#         132
  C:3080H         LINE#         133
  C:309EH         LINE#         135
  C:30A7H         LINE#         136
  C:30CAH         LINE#         137
  C:30E6H         LINE#         138
BL51 BANKED LINKER/LOCATER V6.22                                                      02/25/2019  12:34:05  PAGE 34


  C:30F5H         LINE#         139
  C:30F5H         LINE#         141
  C:30FAH         LINE#         142
  -------         ENDPROC       _CALIBRATION
  -------         ENDMOD        CALIBRATION

  -------         MODULE        IOEXPANDER_PI4IOE5V96248
  C:0000H         SYMBOL        _ICE_DUMMY_
  D:0080H         PUBLIC        P0
  B:00C8H.4       PUBLIC        I2C_SCK
  D:0090H         PUBLIC        P1
  D:00A0H         PUBLIC        P2
  D:00B0H         PUBLIC        P3
  D:00C0H         PUBLIC        P4
  D:00C8H         PUBLIC        P5
  D:00E8H         PUBLIC        P6
  D:00F8H         PUBLIC        P7
  D:00A8H         PUBLIC        IE
  D:00B8H         PUBLIC        IP
  D:00D8H         PUBLIC        CCON
  C:3EF8H         PUBLIC        I2C_Start
  D:0098H         PUBLIC        SCON
  D:0088H         PUBLIC        TCON
  C:3406H         PUBLIC        _Write_PI4IOE5V96248
  C:3F07H         PUBLIC        uC_NACK
  C:3CBDH         PUBLIC        _Wait_ms_i2c
  C:3D33H         PUBLIC        _I2C_SendByte
  C:3E88H         PUBLIC        I2C_Stop
  C:3F6FH         PUBLIC        nop
  C:3F5EH         PUBLIC        uC_ACK
  C:3E5DH         PUBLIC        I2C_ACK
  B:00C0H.7       PUBLIC        I2C_SDA
  D:00D0H         PUBLIC        PSW
  C:3CB7H         SYMBOL        L?0031
  C:3CB9H         SYMBOL        L?0032
  -------         PROC          L?0030
[...]
  C:39E5H         LINE#         36
  C:39E5H         LINE#         37
  C:39E5H         LINE#         38
  C:39E8H         LINE#         39
  C:39ECH         LINE#         42
  C:3A0BH         LINE#         44
  C:3A0DH         LINE#         45
  C:3A14H         LINE#         46
  C:3A1BH         LINE#         48
  -------         ENDPROC       AT25SF041_CHIPERASE
  -------         PROC          AT25SF041_WRITEENABLE
BL51 BANKED LINKER/LOCATER V6.22                                                      02/25/2019  12:34:05  PAGE 39


  -------         DO            
  X:035AH         SYMBOL        i
  D:0003H         SYMBOL        write_en
  -------         ENDDO         
  C:3B09H         LINE#         49
  C:3B09H         LINE#         50
  C:3B09H         LINE#         53
  C:3B0BH         LINE#         54
  C:3B0DH         LINE#         57
  C:3B14H         LINE#         58
  C:3B14H         LINE#         59
  C:3B16H         LINE#         60
  C:3B19H         LINE#         61
  C:3B1DH         LINE#         62
  C:3B1DH         LINE#         63
  C:3B1FH         LINE#         64
  C:3B21H         LINE#         66
  C:3B21H         LINE#         67
  C:3B23H         LINE#         69
  C:3B23H         LINE#         70
  C:3B23H         LINE#         71
  C:3B23H         LINE#         72
  C:3B26H         LINE#         73
  C:3B2AH         LINE#         76
  C:3B49H         LINE#         77
  C:3B4BH         LINE#         78
  -------         ENDPROC       AT25SF041_WRITEENABLE
  -------         PROC          _AT25SF041_WRITE
  D:0003H         SYMBOL        opcode
  X:035BH         SYMBOL        addr
  X:035FH         SYMBOL        dat
  -------         DO            
  X:0360H         SYMBOL        i
  -------         ENDDO         
  C:2F23H         LINE#         83
  C:2F25H         LINE#         84
  C:2F25H         LINE#         85
  C:2F25H         LINE#         86
  C:2F27H         LINE#         87
  C:2F2AH         LINE#         90
  C:2F31H         LINE#         91
  C:2F31H         LINE#         92
  C:2F33H         LINE#         93
  C:2F36H         LINE#         94
  C:2F3AH         LINE#         95
  C:2F3AH         LINE#         96
  C:2F3CH         LINE#         97
  C:2F3EH         LINE#         99
  C:2F3EH         LINE#         100
  C:2F40H         LINE#         102
  C:2F40H         LINE#         103
  C:2F40H         LINE#         104
  C:2F40H         LINE#         105
  C:2F43H         LINE#         106
  C:2F47H         LINE#         109
  C:2F66H         LINE#         111
  C:2F6DH         LINE#         112
BL51 BANKED LINKER/LOCATER V6.22                                                      02/25/2019  12:34:05  PAGE 40


  C:2F6DH         LINE#         113
  C:2F6FH         LINE#         114
  C:2F72H         LINE#         115
  C:2F8BH         LINE#         116
  C:2F8BH         LINE#         117
  C:2F8DH         LINE#         118
  C:2F8FH         LINE#         120
  C:2F8FH         LINE#         121
  C:2F91H         LINE#         123
  C:2F91H         LINE#         124
  C:2F91H         LINE#         125
  C:2F91H         LINE#         126
  C:2F94H         LINE#         127
  C:2FADH         LINE#         129
  C:2FCCH         LINE#         131
  C:2FD3H         LINE#         132
  C:2FD3H         LINE#         133
  C:2FD5H         LINE#         134
  C:2FD8H         LINE#         135
  C:2FDFH         LINE#         136
  C:2FDFH         LINE#         137
  C:2FE1H         LINE#         138
  C:2FE3H         LINE#         140
  C:2FE3H         LINE#         141
  C:2FE5H         LINE#         143
  C:2FE5H         LINE#         144
  C:2FE5H         LINE#         145
  C:2FE5H         LINE#         146
  C:2FE8H         LINE#         147
  C:2FEFH         LINE#         149
  C:300EH         LINE#         151
  C:3010H         LINE#         152
  -------         ENDPROC       _AT25SF041_WRITE
  -------         PROC          _AT25SF041_READ
  D:0003H         SYMBOL        opcode
  X:035BH         SYMBOL        addr
  -------         DO            
  X:035FH         SYMBOL        dat
  X:0360H         SYMBOL        i
  -------         ENDDO         
  C:2E1DH         LINE#         156
  C:2E1FH         LINE#         157
  C:2E1FH         LINE#         158
  C:2E24H         LINE#         160
  C:2E26H         LINE#         161
  C:2E2CH         LINE#         165
  C:2E31H         LINE#         166
  C:2E31H         LINE#         167
  C:2E33H         LINE#         168
  C:2E36H         LINE#         169
  C:2E3AH         LINE#         170
  C:2E3AH         LINE#         171
  C:2E3CH         LINE#         172
  C:2E3EH         LINE#         174
  C:2E3EH         LINE#         175
  C:2E40H         LINE#         177
  C:2E40H         LINE#         178
BL51 BANKED LINKER/LOCATER V6.22                                                      02/25/2019  12:34:05  PAGE 41


  C:2E40H         LINE#         179
  C:2E40H         LINE#         180
  C:2E43H         LINE#         181
  C:2E47H         LINE#         184
  C:2E66H         LINE#         186
  C:2E6DH         LINE#         187
  C:2E6DH         LINE#         188
  C:2E6FH         LINE#         189
  C:2E72H         LINE#         190
  C:2E8BH         LINE#         191
  C:2E8BH         LINE#         192
  C:2E8DH         LINE#         193
  C:2E8FH         LINE#         195
  C:2E8FH         LINE#         196
  C:2E91H         LINE#         198
  C:2E91H         LINE#         199
  C:2E91H         LINE#         200
  C:2E91H         LINE#         201
  C:2E94H         LINE#         202
  C:2EADH         LINE#         204
  C:2ECCH         LINE#         207
  C:2ED3H         LINE#         209
  C:2ED5H         LINE#         210
  C:2EDCH         LINE#         212
  C:2EE3H         LINE#         213
  C:2EE3H         LINE#         214
  C:2EEAH         LINE#         215
  C:2EEAH         LINE#         216
  C:2EEDH         LINE#         217
  C:2EEFH         LINE#         218
  C:2EF2H         LINE#         220
  C:2EF5H         LINE#         221
  C:2EF5H         LINE#         223
  C:2EF9H         LINE#         224
  C:2EF9H         LINE#         230
  C:2F18H         LINE#         233
  C:2F1AH         LINE#         234
  C:2F1DH         LINE#         235
  C:2F22H         LINE#         237
  -------         ENDPROC       _AT25SF041_READ
  -------         PROC          READ_STATUS_REGISTER_BYTE1
  -------         DO            
  D:0003H         SYMBOL        dat
  D:0001H         SYMBOL        opcode
  X:035CH         SYMBOL        count
  X:035DH         SYMBOL        i
  -------         ENDDO         
  C:355FH         LINE#         241
  C:355FH         LINE#         242
  C:355FH         LINE#         243
  C:3565H         LINE#         244
  C:3569H         LINE#         245
  C:356BH         LINE#         246
  C:356DH         LINE#         247
  C:3573H         LINE#         251
  C:357AH         LINE#         252
  C:357AH         LINE#         253
BL51 BANKED LINKER/LOCATER V6.22                                                      02/25/2019  12:34:05  PAGE 42


  C:357CH         LINE#         254
  C:357FH         LINE#         255
  C:3583H         LINE#         256
  C:3583H         LINE#         257
  C:3585H         LINE#         258
  C:3587H         LINE#         260
  C:3587H         LINE#         261
  C:3589H         LINE#         263
  C:3589H         LINE#         264
  C:3589H         LINE#         265
  C:3589H         LINE#         266
  C:358CH         LINE#         267
  C:3590H         LINE#         270
  C:35AFH         LINE#         274
  C:35B6H         LINE#         276
  C:35B8H         LINE#         277
  C:35BFH         LINE#         278
  C:35C6H         LINE#         279
  C:35C6H         LINE#         280
  C:35CAH         LINE#         281
  C:35CAH         LINE#         282
  C:35CDH         LINE#         283
  C:35CFH         LINE#         284
  C:35D2H         LINE#         286
  C:35D5H         LINE#         287
  C:35D5H         LINE#         289
  C:35D9H         LINE#         290
  C:35D9H         LINE#         292
  C:35F8H         LINE#         296
  C:35FAH         LINE#         297
  C:35FDH         LINE#         298
  C:35FFH         LINE#         299
  -------         ENDPROC       READ_STATUS_REGISTER_BYTE1
  -------         ENDMOD        AT25SF041

  -------         MODULE        ?C_STARTUP
  C:37CEH         SEGMENT       ?C_C51STARTUP
  I:0022H         SEGMENT       ?STACK
  C:0000H         PUBLIC        ?C_STARTUP
  D:00E0H         SYMBOL        ACC
  D:00F0H         SYMBOL        B
  D:0083H         SYMBOL        DPH
  D:0082H         SYMBOL        DPL
  N:0000H         SYMBOL        IBPSTACK
  N:0100H         SYMBOL        IBPSTACKTOP
  N:0080H         SYMBOL        IDATALEN
  C:37D1H         SYMBOL        IDATALOOP
  N:0000H         SYMBOL        PBPSTACK
  N:0100H         SYMBOL        PBPSTACKTOP
  N:0000H         SYMBOL        PDATALEN
  N:0000H         SYMBOL        PDATASTART
  N:0000H         SYMBOL        PPAGE
  N:0000H         SYMBOL        PPAGEENABLE
  D:00A0H         SYMBOL        PPAGE_SFR
  D:0081H         SYMBOL        SP
  C:37CEH         SYMBOL        STARTUP1
  N:0000H         SYMBOL        XBPSTACK
BL51 BANKED LINKER/LOCATER V6.22                                                      02/25/2019  12:34:05  PAGE 43


  N:0000H         SYMBOL        XBPSTACKTOP
  N:0000H         SYMBOL        XDATALEN
  N:0000H         SYMBOL        XDATASTART
  C:0000H         LINE#         126
  C:37CEH         LINE#         133
  C:37D0H         LINE#         134
  C:37D1H         LINE#         135
  C:37D2H         LINE#         136
  C:37D4H         LINE#         185
  C:37D7H         LINE#         196
  -------         ENDMOD        ?C_STARTUP

  -------         MODULE        ?C?FPADD
  C:0B15H         PUBLIC        ?C?FPADD
  C:0B11H         PUBLIC        ?C?FPSUB
  -------         ENDMOD        ?C?FPADD

  -------         MODULE        ?C?FPMUL
  C:0C06H         PUBLIC        ?C?FPMUL
  -------         ENDMOD        ?C?FPMUL

  -------         MODULE        ?C?FPDIV
  C:0D0FH         PUBLIC        ?C?FPDIV
  -------         ENDMOD        ?C?FPDIV

  -------         MODULE        ?C?FPCMP
  C:0DAEH         PUBLIC        ?C?FPCMP
  C:0DACH         PUBLIC        ?C?FPCMP3
  -------         ENDMOD        ?C?FPCMP

  -------         MODULE        ?C?FPNEG
  C:0E25H         PUBLIC        ?C?FPNEG
  -------         ENDMOD        ?C?FPNEG

  -------         MODULE        ?C?FCAST
  C:0E40H         PUBLIC        ?C?FCASTC
  C:0E3BH         PUBLIC        ?C?FCASTI
  C:0E36H         PUBLIC        ?C?FCASTL
  -------         ENDMOD        ?C?FCAST

  -------         MODULE        ?C?CASTF
  C:0E74H         PUBLIC        ?C?CASTF
  -------         ENDMOD        ?C?CASTF

  -------         MODULE        ATAN2
  X:03E8H         PUBLIC        ?_atan2?BYTE
  C:3600H         PUBLIC        _atan2
  -------         ENDMOD        ATAN2

  -------         MODULE        SIN
  C:2A49H         PUBLIC        _COS
  C:2A5FH         PUBLIC        _SIN
  C:2A9BH         PUBLIC        _TAN
  -------         ENDMOD        SIN

  -------         MODULE        ACOS
  C:3ABFH         PUBLIC        _ACOS
BL51 BANKED LINKER/LOCATER V6.22                                                      02/25/2019  12:34:05  PAGE 44


  -------         ENDMOD        ACOS

  -------         MODULE        ASIN
  C:3C16H         PUBLIC        _ASIN
  -------         ENDMOD        ASIN

  -------         MODULE        SQRT
  C:34B7H         PUBLIC        _SQRT
  -------         ENDMOD        SQRT

  -------         MODULE        ATAN
  C:2D1BH         PUBLIC        _ATAN
  -------         ENDMOD        ATAN

  -------         MODULE        ?C?COPY
  C:1012H         PUBLIC        ?C?COPY
  -------         ENDMOD        ?C?COPY

  -------         MODULE        ?C?CLDPTR
  C:1038H         PUBLIC        ?C?CLDPTR
  -------         ENDMOD        ?C?CLDPTR

  -------         MODULE        ?C?CLDOPTR
  C:1051H         PUBLIC        ?C?CLDOPTR
  -------         ENDMOD        ?C?CLDOPTR

  -------         MODULE        ?C?CSTPTR
  C:107EH         PUBLIC        ?C?CSTPTR
  -------         ENDMOD        ?C?CSTPTR

  -------         MODULE        ?C?IMUL
  C:1090H         PUBLIC        ?C?IMUL
  -------         ENDMOD        ?C?IMUL

  -------         MODULE        ?C?UIDIV
  C:10A2H         PUBLIC        ?C?UIDIV
  -------         ENDMOD        ?C?UIDIV

  -------         MODULE        ?C?SIDIV
  C:10F7H         PUBLIC        ?C?SIDIV
  -------         ENDMOD        ?C?SIDIV

  -------         MODULE        ?C?ILDIX
  C:112DH         PUBLIC        ?C?ILDIX
  -------         ENDMOD        ?C?ILDIX

  -------         MODULE        ?C?ILDOPTR
  C:1143H         PUBLIC        ?C?ILDOPTR
  -------         ENDMOD        ?C?ILDOPTR

  -------         MODULE        ?C?LMUL
  C:117BH         PUBLIC        ?C?LMUL
  -------         ENDMOD        ?C?LMUL

  -------         MODULE        ?C?SLDIV
  C:3B52H         PUBLIC        ?C?SLDIV
  -------         ENDMOD        ?C?SLDIV
BL51 BANKED LINKER/LOCATER V6.22                                                      02/25/2019  12:34:05  PAGE 45



  -------         MODULE        ?C?LNEG
  C:11CAH         PUBLIC        ?C?LNEG
  -------         ENDMOD        ?C?LNEG

  -------         MODULE        ?C?ULCMP
  C:11D8H         PUBLIC        ?C?ULCMP
  -------         ENDMOD        ?C?ULCMP

  -------         MODULE        ?C?LSHL
  C:11E9H         PUBLIC        ?C?LSHL
  -------         ENDMOD        ?C?LSHL

  -------         MODULE        ?C?LLDPTR
  C:11FCH         PUBLIC        ?C?LLDPTR
  -------         ENDMOD        ?C?LLDPTR

  -------         MODULE        ?C?LLDOPTR
  C:121CH         PUBLIC        ?C?LLDOPTR
  -------         ENDMOD        ?C?LLDOPTR

  -------         MODULE        ?C?LSTPTR
  C:124CH         PUBLIC        ?C?LSTPTR
  -------         ENDMOD        ?C?LSTPTR

  -------         MODULE        ?C?LSTOPTR
  C:1266H         PUBLIC        ?C?LSTOPTR
  -------         ENDMOD        ?C?LSTOPTR

  -------         MODULE        ?C?LLDXDATA
  C:128AH         PUBLIC        ?C?LLDXDATA
  -------         ENDMOD        ?C?LLDXDATA

  -------         MODULE        ?C?LLDCODE
  C:1296H         PUBLIC        ?C?LLDCODE
  -------         ENDMOD        ?C?LLDCODE

  -------         MODULE        ?C?LLDXDATA0
  C:12A6H         PUBLIC        ?C?LLDXDATA0
  -------         ENDMOD        ?C?LLDXDATA0

  -------         MODULE        ?C?LLDCODE0
  C:12B2H         PUBLIC        ?C?LLDCODE0
  -------         ENDMOD        ?C?LLDCODE0

  -------         MODULE        ?C?LLDPTR0
  C:12C2H         PUBLIC        ?C?LLDPTR0
  -------         ENDMOD        ?C?LLDPTR0

  -------         MODULE        ?C?LSTXDATA
  C:12E2H         PUBLIC        ?C?LSTXDATA
  -------         ENDMOD        ?C?LSTXDATA

  -------         MODULE        ?C?LSTKXDATA
  C:12EEH         PUBLIC        ?C?LSTKXDATA
  -------         ENDMOD        ?C?LSTKXDATA

BL51 BANKED LINKER/LOCATER V6.22                                                      02/25/2019  12:34:05  PAGE 46


  -------         MODULE        ABS
  C:3F3EH         PUBLIC        _ABS
  -------         ENDMOD        ABS

  -------         MODULE        ATOI
  C:30FBH         PUBLIC        _atoi
  -------         ENDMOD        ATOI

  -------         MODULE        ?C?IILDX
  C:131FH         PUBLIC        ?C?IILDX
  -------         ENDMOD        ?C?IILDX

  -------         MODULE        ?C?ULDIV
  C:1371H         PUBLIC        ?C?ULDIV
  -------         ENDMOD        ?C?ULDIV

  -------         MODULE        ?C?LLDIDATA
  C:1403H         PUBLIC        ?C?LLDIDATA
  -------         ENDMOD        ?C?LLDIDATA

  -------         MODULE        ?C?LLDPDATA
  C:140FH         PUBLIC        ?C?LLDPDATA
  -------         ENDMOD        ?C?LLDPDATA

  -------         MODULE        ?C?LLDIDATA0
  C:141BH         PUBLIC        ?C?LLDIDATA0
  -------         ENDMOD        ?C?LLDIDATA0

  -------         MODULE        ?C?LLDPDATA0
  C:1428H         PUBLIC        ?C?LLDPDATA0
  -------         ENDMOD        ?C?LLDPDATA0

  -------         MODULE        ?C?LSTIDATA
  C:1435H         PUBLIC        ?C?LSTIDATA
  -------         ENDMOD        ?C?LSTIDATA

  -------         MODULE        ?C?LSTPDATA
  C:1441H         PUBLIC        ?C?LSTPDATA
  -------         ENDMOD        ?C?LSTPDATA

  -------         MODULE        ISDIGIT
  C:3F16H         PUBLIC        _isdigit
  -------         ENDMOD        ISDIGIT

  -------         MODULE        ISSPACE
  C:3EB1H         PUBLIC        _isspace
  -------         ENDMOD        ISSPACE

*** WARNING L16: UNCALLED SEGMENT, IGNORED FOR OVERLAY PROCESS
    SEGMENT: ?PR?_DISPLAY_PROX?MAIN

*** WARNING L16: UNCALLED SEGMENT, IGNORED FOR OVERLAY PROCESS
    SEGMENT: ?PR?_READ_TIME?PCF85063BTL

*** WARNING L16: UNCALLED SEGMENT, IGNORED FOR OVERLAY PROCESS
    SEGMENT: ?PR?_DAY_OF_YEAR?PCF85063BTL

BL51 BANKED LINKER/LOCATER V6.22                                                      02/25/2019  12:34:05  PAGE 47


*** WARNING L16: UNCALLED SEGMENT, IGNORED FOR OVERLAY PROCESS
    SEGMENT: ?PR?INITUART1?UART1

*** WARNING L16: UNCALLED SEGMENT, IGNORED FOR OVERLAY PROCESS
    SEGMENT: ?PR?_SENDSTRING?UART1

*** WARNING L16: UNCALLED SEGMENT, IGNORED FOR OVERLAY PROCESS
    SEGMENT: ?PR?_TEN?UART1

*** WARNING L16: UNCALLED SEGMENT, IGNORED FOR OVERLAY PROCESS
    SEGMENT: ?PR?_UNIT?UART1

*** WARNING L16: UNCALLED SEGMENT, IGNORED FOR OVERLAY PROCESS
    SEGMENT: ?PR?_DECTOBCD?UART1

*** WARNING L16: UNCALLED SEGMENT, IGNORED FOR OVERLAY PROCESS
    SEGMENT: ?PR?_ASCII_LETTER?UART1

*** WARNING L16: UNCALLED SEGMENT, IGNORED FOR OVERLAY PROCESS
    SEGMENT: ?PR?_ASCIITOBCD?UART1

*** WARNING L16: UNCALLED SEGMENT, IGNORED FOR OVERLAY PROCESS
    SEGMENT: ?PR?_DISPLAYLCD?LCD_DRIVER_SPLC780D

*** WARNING L16: UNCALLED SEGMENT, IGNORED FOR OVERLAY PROCESS
    SEGMENT: ?PR?LCD_RETURN_HOME?LCD_DRIVER_SPLC780D

*** WARNING L16: UNCALLED SEGMENT, IGNORED FOR OVERLAY PROCESS
    SEGMENT: ?PR?KEY_PROCESS?KEYPAD

*** WARNING L16: UNCALLED SEGMENT, IGNORED FOR OVERLAY PROCESS
    SEGMENT: ?PR?WAIT?BIPOLARMOTOR

*** WARNING L16: UNCALLED SEGMENT, IGNORED FOR OVERLAY PROCESS
    SEGMENT: ?PR?_FINDDET4X4?BIPOLARMOTOR

*** WARNING L16: UNCALLED SEGMENT, IGNORED FOR OVERLAY PROCESS
    SEGMENT: ?PR?_CALIBRATION?CALIBRATION

*** WARNING L16: UNCALLED SEGMENT, IGNORED FOR OVERLAY PROCESS
    SEGMENT: ?PR?NOP?IOEXPANDER_PI4IOE5V96248

*** WARNING L16: UNCALLED SEGMENT, IGNORED FOR OVERLAY PROCESS
    SEGMENT: ?PR?UC_ACK?IOEXPANDER_PI4IOE5V96248

*** WARNING L16: UNCALLED SEGMENT, IGNORED FOR OVERLAY PROCESS
    SEGMENT: ?PR?UC_NACK?IOEXPANDER_PI4IOE5V96248

*** WARNING L1: UNRESOLVED EXTERNAL SYMBOL
    SYMBOL:  AUTO_MODE
    MODULE:  .\Obj\main.obj (MAIN)

*** WARNING L2: REFERENCE MADE TO UNRESOLVED EXTERNAL
    SYMBOL:  AUTO_MODE
    MODULE:  .\Obj\main.obj (MAIN)
    ADDRESS: 2188H

BL51 BANKED LINKER/LOCATER V6.22                                                      02/25/2019  12:34:05  PAGE 48


*** WARNING L1: UNRESOLVED EXTERNAL SYMBOL
    SYMBOL:  _SENDUART1
    MODULE:  .\Obj\UART1.obj (UART1)

*** WARNING L2: REFERENCE MADE TO UNRESOLVED EXTERNAL
    SYMBOL:  _SENDUART1
    MODULE:  .\Obj\UART1.obj (UART1)
    ADDRESS: 3C7FH

*** WARNING L1: UNRESOLVED EXTERNAL SYMBOL
    SYMBOL:  AUTO_MODE
    MODULE:  .\Obj\KeyPad.obj (KEYPAD)

*** WARNING L2: REFERENCE MADE TO UNRESOLVED EXTERNAL
    SYMBOL:  AUTO_MODE
    MODULE:  .\Obj\KeyPad.obj (KEYPAD)
    ADDRESS: 2450H

*** WARNING L2: REFERENCE MADE TO UNRESOLVED EXTERNAL
    SYMBOL:  AUTO_MODE
    MODULE:  .\Obj\KeyPad.obj (KEYPAD)
    ADDRESS: 245BH

*** WARNING L2: REFERENCE MADE TO UNRESOLVED EXTERNAL
    SYMBOL:  AUTO_MODE
    MODULE:  .\Obj\KeyPad.obj (KEYPAD)
    ADDRESS: 2462H

Program Size: data=10.5 xdata=1060 code=16240
LINK/LOCATE RUN COMPLETE.  27 WARNING(S),  0 ERROR(S)
