BL51 BANKED LINKER/LOCATER V6.22                                                        03/29/2019  13:38:26  PAGE 1


BL51 BANKED LINKER/LOCATER V6.22, INVOKED BY:
C:\KEIL\C51\BIN\BL51.EXE .\Obj\main.obj, .\Obj\PCF85063BTL.obj, .\Obj\UART1.obj, .\Obj\LCd_Driver_SPLC780D.obj, .\Obj\Ke
>> yPad.obj, .\Obj\VCNL4035.obj, .\Obj\BipolarMotor.obj, .\Obj\SunPos.obj, .\Obj\STARTUP.obj TO .\Obj\GPIO_RTC_Test PRIN
>> T (.\Lis\GPIO_RTC_Test.m51) RAMSIZE (256)


MEMORY MODEL: LARGE WITH FLOATING POINT ARITHMETIC


INPUT MODULES INCLUDED:
  .\Obj\main.obj (MAIN)
  .\Obj\PCF85063BTL.obj (PCF85063BTL)
  .\Obj\UART1.obj (UART1)
  .\Obj\LCd_Driver_SPLC780D.obj (LCD_DRIVER_SPLC780D)
  .\Obj\KeyPad.obj (KEYPAD)
  .\Obj\VCNL4035.obj (VCNL4035)
  .\Obj\BipolarMotor.obj (BIPOLARMOTOR)
  .\Obj\SunPos.obj (SUNPOS)
  .\Obj\STARTUP.obj (?C_STARTUP)
  C:\KEIL\C51\LIB\C51FPL.LIB (?C?FPADD)
  C:\KEIL\C51\LIB\C51FPL.LIB (?C?FPMUL)
  C:\KEIL\C51\LIB\C51FPL.LIB (?C?FPDIV)
  C:\KEIL\C51\LIB\C51FPL.LIB (?C?FPCMP)
  C:\KEIL\C51\LIB\C51FPL.LIB (?C?FPNEG)
  C:\KEIL\C51\LIB\C51FPL.LIB (?C?FCAST)
  C:\KEIL\C51\LIB\C51FPL.LIB (?C?CASTF)
  C:\KEIL\C51\LIB\C51FPL.LIB (ATAN2)
  C:\KEIL\C51\LIB\C51FPL.LIB (SIN)
  C:\KEIL\C51\LIB\C51FPL.LIB (ACOS)
  C:\KEIL\C51\LIB\C51FPL.LIB (ASIN)
  C:\KEIL\C51\LIB\C51FPL.LIB (?C?FPGETOPN)
  C:\KEIL\C51\LIB\C51FPL.LIB (?C?FPSERIES)
  C:\KEIL\C51\LIB\C51FPL.LIB (SQRT)
  C:\KEIL\C51\LIB\C51FPL.LIB (ATAN)
  C:\KEIL\C51\LIB\C51L.LIB (?C_INIT)
  C:\KEIL\C51\LIB\C51L.LIB (?C?COPY)
  C:\KEIL\C51\LIB\C51L.LIB (?C?CLDPTR)
  C:\KEIL\C51\LIB\C51L.LIB (?C?CSTPTR)
  C:\KEIL\C51\LIB\C51L.LIB (?C?IMUL)
  C:\KEIL\C51\LIB\C51L.LIB (?C?UIDIV)
  C:\KEIL\C51\LIB\C51L.LIB (?C?SIDIV)
  C:\KEIL\C51\LIB\C51L.LIB (?C?ILDIX)
  C:\KEIL\C51\LIB\C51L.LIB (?C?LMUL)
  C:\KEIL\C51\LIB\C51L.LIB (?C?SLDIV)
  C:\KEIL\C51\LIB\C51L.LIB (?C?LNEG)
  C:\KEIL\C51\LIB\C51L.LIB (?C?LLDPTR)
  C:\KEIL\C51\LIB\C51L.LIB (?C?LLDOPTR)
  C:\KEIL\C51\LIB\C51L.LIB (?C?LSTPTR)
  C:\KEIL\C51\LIB\C51L.LIB (?C?LSTOPTR)
  C:\KEIL\C51\LIB\C51L.LIB (?C?LLDXDATA)
  C:\KEIL\C51\LIB\C51L.LIB (?C?LLDCODE)
  C:\KEIL\C51\LIB\C51L.LIB (?C?LLDXDATA0)
  C:\KEIL\C51\LIB\C51L.LIB (?C?LLDCODE0)
  C:\KEIL\C51\LIB\C51L.LIB (?C?LLDPTR0)
  C:\KEIL\C51\LIB\C51L.LIB (?C?LSTXDATA)
  C:\KEIL\C51\LIB\C51L.LIB (?C?LSTKXDATA)
  C:\KEIL\C51\LIB\C51L.LIB (?C?OFFXADD)
  C:\KEIL\C51\LIB\C51L.LIB (ABS)
BL51 BANKED LINKER/LOCATER V6.22                                                      03/29/2019  13:38:26  PAGE 2


  C:\KEIL\C51\LIB\C51L.LIB (ATOI)
  C:\KEIL\C51\LIB\C51L.LIB (?C?IILDX)
  C:\KEIL\C51\LIB\C51L.LIB (?C?ULDIV)
  C:\KEIL\C51\LIB\C51L.LIB (?C?LLDIDATA)
  C:\KEIL\C51\LIB\C51L.LIB (?C?LLDPDATA)
  C:\KEIL\C51\LIB\C51L.LIB (?C?LLDIDATA0)
  C:\KEIL\C51\LIB\C51L.LIB (?C?LLDPDATA0)
  C:\KEIL\C51\LIB\C51L.LIB (?C?LSTIDATA)
  C:\KEIL\C51\LIB\C51L.LIB (?C?LSTPDATA)
  C:\KEIL\C51\LIB\C51L.LIB (ISDIGIT)
  C:\KEIL\C51\LIB\C51L.LIB (ISSPACE)


LINK MAP OF MODULE:  .\Obj\GPIO_RTC_Test (MAIN)


            TYPE    BASE      LENGTH    RELOCATION   SEGMENT NAME
            -----------------------------------------------------

            * * * * * * *   D A T A   M E M O R Y   * * * * * * *
            REG     0000H     0008H     ABSOLUTE     "REG BANK 0"
                    0008H     0018H                  *** GAP ***
            BIT     0020H.0   0000H.5   UNIT         ?BI?KEYPAD
            BIT     0020H.5   0000H.2   UNIT         ?BI?ATAN?ATAN
            BIT     0020H.7   0000H.1   UNIT         ?BI?MAIN
            BIT     0021H.0   0000H.1   UNIT         ?BI?VONESTEPMOVE?BIPOLARMOTOR
            BIT     0021H.1   0000H.1   UNIT         ?BI?_STEP_MOVE?BIPOLARMOTOR
            BIT     0021H.2   0000H.1   UNIT         ?BI?_MOVE?BIPOLARMOTOR
            BIT     0021H.3   0000H.1   UNIT         ?BI?SIN?SIN
            BIT     0021H.4   0000H.1   UNIT         ?BI?_ATOI?ATOI
                    0021H.5   0000H.3                *** GAP ***
            IDATA   0022H     0001H     UNIT         ?STACK

            * * * * * * *  X D A T A   M E M O R Y  * * * * * * *
            XDATA   0000H     039FH     UNIT         ?XD?BIPOLARMOTOR
            XDATA   039FH     00D4H     UNIT         ?XD?MAIN
            XDATA   0473H     009FH     UNIT         ?XD?_UPDATE_POSITION?BIPOLARMOTOR
            XDATA   0512H     005DH     UNIT         ?XD?SUNPOS?SUNPOS
            XDATA   056FH     0040H     UNIT         ?XD?_FINDDET4X4?BIPOLARMOTOR
            XDATA   05AFH     0024H     UNIT         ?XD?_FINDDET3X3?BIPOLARMOTOR
            XDATA   05D3H     0024H     UNIT         _XDATA_GROUP_
            XDATA   05F7H     0014H     UNIT         ?XD?LINEAR_INTERPOLATE?BIPOLARMOTOR
            XDATA   060BH     000FH     UNIT         ?XD?_READ_TIME?PCF85063BTL
            XDATA   061AH     0009H     UNIT         ?XD?KEYPAD
            XDATA   0623H     0008H     UNIT         ?XD?_READ_VCNL4035?VCNL4035
            XDATA   062BH     0008H     UNIT         ?XD?_ATAN2?ATAN2
            XDATA   0633H     0005H     UNIT         ?XD?_ATOI?ATOI
            XDATA   0638H     0004H     UNIT         ?XD?_DISPLAY_PROX?MAIN
            XDATA   063CH     0004H     UNIT         ?XD?_STEP_MOVE?BIPOLARMOTOR
            XDATA   0640H     0004H     UNIT         ?XD?_MOVE?BIPOLARMOTOR
            XDATA   0644H     0004H     UNIT         ?XD?SIN?SIN
            XDATA   0648H     0004H     UNIT         ?XD?SQRT?SQRT
            XDATA   064CH     0004H     UNIT         ?XD?ATAN?ATAN
            XDATA   0650H     0003H     UNIT         ?XD?_SENDSTRING?UART1
            XDATA   0653H     0003H     UNIT         ?XD?_WRITE_VCNL4035X?VCNL4035
            XDATA   0656H     0001H     UNIT         ?XD?I2C_ACK?VCNL4035
            XDATA   0657H     0001H     UNIT         ?XD?UC_ACK?VCNL4035
BL51 BANKED LINKER/LOCATER V6.22                                                      03/29/2019  13:38:26  PAGE 3


            XDATA   0658H     0001H     UNIT         ?XD?UC_NACK?VCNL4035
            XDATA   0659H     0001H     UNIT         ?XD?_DISPLAYLCD_VCNL4035?VCNL4035

            * * * * * * *   C O D E   M E M O R Y   * * * * * * *
            CODE    0000H     0003H     ABSOLUTE     
            CODE    0003H     0006H     UNIT         ?PR?_TEN?UART1
            CODE    0009H     0001H     UNIT         ?PR?TM0_ISR?MAIN
            CODE    000AH     0001H     UNIT         ?PR?_DECTOBCD?UART1
            CODE    000BH     0003H     ABSOLUTE     
            CODE    000EH     0B00H     UNIT         ?PR?_UPDATE_POSITION?BIPOLARMOTOR
            CODE    0B0EH     08C2H     UNIT         ?C?LIB_CODE
            CODE    13D0H     07A2H     UNIT         ?PR?SUNPOS?SUNPOS
            CODE    1B72H     0405H     UNIT         ?C_INITSEG
            CODE    1F77H     02C0H     UNIT         ?PR?_FINDDET4X4?BIPOLARMOTOR
            CODE    2237H     02A0H     UNIT         ?PR?KEY_PROCESS?KEYPAD
            CODE    24D7H     01D1H     UNIT         ?PR?_FINDDET3X3?BIPOLARMOTOR
            CODE    26A8H     01B5H     UNIT         ?PR?_DISPLAY_POS?MAIN
            CODE    285DH     01AFH     UNIT         ?PR?MAIN?MAIN
            CODE    2A0CH     018DH     UNIT         ?PR?KEY_SCAN?KEYPAD
            CODE    2B99H     0188H     UNIT         ?PR?SIN?SIN
            CODE    2D21H     0122H     UNIT         ?PR?ATAN?ATAN
            CODE    2E43H     00DBH     UNIT         ?PR?_ATOI?ATOI
            CODE    2F1EH     00C3H     UNIT         ?PR?LINEAR_INTERPOLATE?BIPOLARMOTOR
            CODE    2FE1H     00ACH     UNIT         ?PR?SQRT?SQRT
            CODE    308DH     009DH     UNIT         ?PR?_ATAN2?ATAN2
            CODE    312AH     009AH     UNIT         ?PR?_READ_VCNL4035?VCNL4035
            CODE    31C4H     0095H     UNIT         ?PR?_DISPLAY_PROX?MAIN
            CODE    3259H     008CH     UNIT         ?C_C51STARTUP
            CODE    32E5H     0084H     UNIT         ?PR?_DAY_OF_YEAR?PCF85063BTL
            CODE    3369H     0075H     UNIT         ?PR?_WRITEDATA?LCD_DRIVER_SPLC780D
            CODE    33DEH     006FH     UNIT         ?PR?_READ_TIME?PCF85063BTL
            CODE    344DH     0059H     UNIT         ?PR?LCD_INIT?LCD_DRIVER_SPLC780D
            CODE    34A6H     004AH     UNIT         ?PR?VONESTEPMOVE?BIPOLARMOTOR
            CODE    34F0H     004AH     UNIT         ?PR?ACOS?ACOS
            CODE    353AH     0049H     UNIT         ?PR?_WRITE_VCNL4035X?VCNL4035
            CODE    3583H     0044H     UNIT         ?C?LDIV
            CODE    35C7H     0040H     UNIT         ?PR?_COMMAND?LCD_DRIVER_SPLC780D
            CODE    3607H     0040H     UNIT         ?PR?_STEP_MOVE?BIPOLARMOTOR
            CODE    3647H     003BH     UNIT         ?PR?ASIN?ASIN
            CODE    3682H     0033H     UNIT         ?PR?_SENDSTRING?UART1
            CODE    36B5H     002CH     UNIT         ?PR?I2C_RECEIVEBYTE?VCNL4035
            CODE    36E1H     002BH     UNIT         ?PR?_WAIT_MS_I2C?VCNL4035
            CODE    370CH     0028H     UNIT         ?PR?_MOVE?BIPOLARMOTOR
            CODE    3734H     0024H     UNIT         ?PR?_WAIT_MS?LCD_DRIVER_SPLC780D
            CODE    3758H     0022H     UNIT         ?PR?_I2C_SENDBYTE?VCNL4035
            CODE    377AH     0020H     UNIT         ?PR?_SPI_SENDBYTE?PCF85063BTL
            CODE    379AH     0020H     UNIT         ?PR?SPI_RECEIVEBYTE?PCF85063BTL
            CODE    37BAH     001EH     UNIT         ?PR?_DELAY_MS?KEYPAD
            CODE    37D8H     001EH     UNIT         ?PR?_WAIT_MS_IIC?VCNL4035
            CODE    37F6H     001DH     UNIT         ?PR?_DISPLAYLCD?LCD_DRIVER_SPLC780D
            CODE    3813H     001BH     UNIT         ?PR?I2C_ACK?VCNL4035
            CODE    382EH     001BH     UNIT         ?PR?_BCDTODEC1?BIPOLARMOTOR
            CODE    3849H     0018H     UNIT         ?PR?_SPI_WRITETIME?PCF85063BTL
            CODE    3861H     0017H     UNIT         ?PR?_ASCIITOBCD?UART1
            CODE    3878H     0017H     UNIT         ?PR?I2C_INIT?VCNL4035
            CODE    388FH     0015H     UNIT         ?PR?_DISPLAY_LINE?LCD_DRIVER_SPLC780D
            CODE    38A4H     0015H     UNIT         ?PR?I2C_STOP?VCNL4035
BL51 BANKED LINKER/LOCATER V6.22                                                      03/29/2019  13:38:26  PAGE 4


            CODE    38B9H     0014H     UNIT         ?PR?_PCF85063BTL_DELAY?PCF85063BTL
            CODE    38CDH     0014H     UNIT         ?PR?_ISSPACE?ISSPACE
            CODE    38E1H     0013H     UNIT         ?PR?I2C_START?VCNL4035
            CODE    38F4H     0011H     UNIT         ?PR?_SPI_READTIME?PCF85063BTL
            CODE    3905H     0011H     UNIT         ?PR?_BCDTODEC?PCF85063BTL
            CODE    3916H     0011H     UNIT         ?PR?INITUART1?UART1
            CODE    3927H     000FH     UNIT         ?PR?UC_NACK?VCNL4035
            CODE    3936H     000FH     UNIT         ?PR?_ISDIGIT?ISDIGIT
            CODE    3945H     000DH     UNIT         ?PR?SPI_INIT?PCF85063BTL
            CODE    3952H     000CH     UNIT         ?PR?KEYPAD_IO_INIT?KEYPAD
            CODE    395EH     000CH     UNIT         ?PR?_ABS?ABS
            CODE    396AH     000AH     UNIT         ?PR?LCD_RETURN_HOME?LCD_DRIVER_SPLC780D
            CODE    3974H     000AH     UNIT         ?PR?LCD_CLEAR?LCD_DRIVER_SPLC780D
            CODE    397EH     0006H     UNIT         ?PR?UC_ACK?VCNL4035
            CODE    3984H     0006H     UNIT         ?PR?_DISPLAYLCD_VCNL4035?VCNL4035
            CODE    398AH     0005H     UNIT         ?PR?_UNIT?UART1
            CODE    398FH     0005H     UNIT         ?PR?_ASCII_LETTER?UART1
            CODE    3994H     0001H     UNIT         ?PR?NOP?VCNL4035
            CODE    3995H     0001H     UNIT         ?PR?WAIT?BIPOLARMOTOR



OVERLAY MAP OF MODULE:   .\Obj\GPIO_RTC_Test (MAIN)


SEGMENT                                           XDATA_GROUP
  +--> CALLED SEGMENT                           START    LENGTH
---------------------------------------------------------------
?C_C51STARTUP                                   -----    -----
  +--> ?PR?MAIN?MAIN
  +--> ?C_INITSEG

?PR?MAIN?MAIN                                   05D3H    0019H
  +--> ?PR?LCD_INIT?LCD_DRIVER_SPLC780D
  +--> ?PR?SPI_INIT?PCF85063BTL
  +--> ?PR?KEYPAD_IO_INIT?KEYPAD
  +--> ?PR?_SPI_WRITETIME?PCF85063BTL
  +--> ?PR?_DELAY_MS?KEYPAD
  +--> ?PR?_DISPLAY_LINE?LCD_DRIVER_SPLC780D
  +--> ?PR?_WRITEDATA?LCD_DRIVER_SPLC780D
  +--> ?PR?KEY_PROCESS?KEYPAD
  +--> ?PR?_COMMAND?LCD_DRIVER_SPLC780D
  +--> ?PR?_DISPLAY_POS?MAIN
  +--> ?PR?_DISPLAYLCD?LCD_DRIVER_SPLC780D

?PR?LCD_INIT?LCD_DRIVER_SPLC780D                -----    -----
  +--> ?PR?_WAIT_MS?LCD_DRIVER_SPLC780D
  +--> ?PR?_COMMAND?LCD_DRIVER_SPLC780D

?PR?_COMMAND?LCD_DRIVER_SPLC780D                -----    -----
  +--> ?PR?_WAIT_MS?LCD_DRIVER_SPLC780D

?PR?_SPI_WRITETIME?PCF85063BTL                  -----    -----
  +--> ?PR?_SPI_SENDBYTE?PCF85063BTL

?PR?_SPI_SENDBYTE?PCF85063BTL                   -----    -----
  +--> ?PR?_PCF85063BTL_DELAY?PCF85063BTL
BL51 BANKED LINKER/LOCATER V6.22                                                      03/29/2019  13:38:26  PAGE 5



?PR?_DISPLAY_LINE?LCD_DRIVER_SPLC780D           -----    -----
  +--> ?PR?_COMMAND?LCD_DRIVER_SPLC780D

?PR?_WRITEDATA?LCD_DRIVER_SPLC780D              05F6H    0001H
  +--> ?PR?_WAIT_MS?LCD_DRIVER_SPLC780D

?PR?KEY_PROCESS?KEYPAD                          05ECH    0006H
  +--> ?PR?KEY_SCAN?KEYPAD
  +--> ?PR?_SPI_WRITETIME?PCF85063BTL
  +--> ?PR?LCD_CLEAR?LCD_DRIVER_SPLC780D
  +--> ?PR?_COMMAND?LCD_DRIVER_SPLC780D
  +--> ?PR?_WRITEDATA?LCD_DRIVER_SPLC780D

?PR?KEY_SCAN?KEYPAD                             05F2H    0003H

?PR?LCD_CLEAR?LCD_DRIVER_SPLC780D               -----    -----
  +--> ?PR?_COMMAND?LCD_DRIVER_SPLC780D

?PR?_DISPLAY_POS?MAIN                           05ECH    000AH
  +--> ?PR?_ABS?ABS
  +--> ?PR?_WRITEDATA?LCD_DRIVER_SPLC780D

?PR?_DISPLAYLCD?LCD_DRIVER_SPLC780D             05ECH    0001H
  +--> ?PR?_WRITEDATA?LCD_DRIVER_SPLC780D



UNRESOLVED EXTERNAL SYMBOLS:
   ADC_INIT
   AUTO_MODE
   _ADC_GETRESULT
   _SENDUART1
   _WRITE_PI4IOE5V96248



SYMBOL TABLE OF MODULE:  .\Obj\GPIO_RTC_Test (MAIN)

  VALUE           TYPE          NAME
  ----------------------------------

  -------         MODULE        MAIN
  C:0000H         SYMBOL        _ICE_DUMMY_
  X:03A7H         PUBLIC        calib_value
  D:0080H         PUBLIC        P0
  D:00B2H         PUBLIC        P3M0
  D:0090H         PUBLIC        P1
  D:00B1H         PUBLIC        P3M1
  D:00A0H         PUBLIC        P2
  D:00B0H         PUBLIC        P3
  D:00C0H         PUBLIC        P4
  D:00C8H         PUBLIC        P5
  X:03FBH         SYMBOL        PressedKey
  B:00A8H.7       PUBLIC        EA
  D:00E8H         PUBLIC        P6
  X:03FFH         PUBLIC        calib_stamp
BL51 BANKED LINKER/LOCATER V6.22                                                      03/29/2019  13:38:26  PAGE 6


  D:00F8H         PUBLIC        P7
  X:0400H         PUBLIC        RX_Data_Uart_Cnt
  D:00A8H         PUBLIC        IE
  X:0402H         PUBLIC        calib_time
  D:00B8H         PUBLIC        IP
  X:0456H         PUBLIC        months
  D:00D8H         PUBLIC        CCON
  C:285DH         PUBLIC        main
  X:0457H         PUBLIC        count
  X:0459H         PUBLIC        days
  X:045AH         PUBLIC        hours
  D:0098H         PUBLIC        SCON
  D:0089H         PUBLIC        TMOD
  D:0088H         PUBLIC        TCON
  X:045BH         SYMBOL        KeyCount
  X:045DH         PUBLIC        mins
  X:045EH         PUBLIC        Rec_data_hour
  B:00C8H.5       PUBLIC        P55
  X:0461H         PUBLIC        Rec_data_min
  D:008EH         PUBLIC        AUXR
  C:0009H         PUBLIC        tm0_isr
  B:0020H.7       PUBLIC        busy
  B:00A8H.1       PUBLIC        ET0
  D:008CH         PUBLIC        TH0
  X:0464H         PUBLIC        hour_count
  D:008AH         PUBLIC        TL0
  X:0465H         PUBLIC        min_count
  B:0088H.4       PUBLIC        TR0
  X:0466H         SYMBOL        KeyNum
  X:0467H         SYMBOL        KeyNum_Old
  X:0468H         PUBLIC        current_position
  X:046CH         PUBLIC        hours1
  X:046DH         PUBLIC        hours2
  C:31C4H         PUBLIC        _Display_Prox
  X:046EH         PUBLIC        mins1
  X:046FH         PUBLIC        mins2
  C:26A8H         PUBLIC        _Display_Pos
  X:0470H         PUBLIC        seconds
  X:0471H         PUBLIC        st_time
  D:00D0H         PUBLIC        PSW
  -------         PROC          TM0_ISR
  C:0009H         LINE#         88
  C:0009H         LINE#         90
  -------         ENDPROC       TM0_ISR
  -------         PROC          MAIN
  -------         DO            
  X:05D3H         SYMBOL        ADC_data
  X:039FH         SYMBOL        KeyCount
  X:03A1H         SYMBOL        KeyNum_Old
  X:03A2H         SYMBOL        KeyNum
  X:03A3H         SYMBOL        PressedKey
  X:05D5H         SYMBOL        prox_flag
  X:05D6H         SYMBOL        iUse_prevday_calib_value
  X:05D8H         SYMBOL        calib_point1
  X:05E0H         SYMBOL        calib_point2
  X:05E8H         SYMBOL        calib_day
  X:05EAH         SYMBOL        calib_count
BL51 BANKED LINKER/LOCATER V6.22                                                      03/29/2019  13:38:26  PAGE 7


  -------         ENDDO         
  C:285DH         LINE#         92
  C:285DH         LINE#         93
  C:285DH         LINE#         98
  C:2863H         LINE#         99
  C:2868H         LINE#         102
  C:286EH         LINE#         106
  C:2870H         LINE#         107
  C:2872H         LINE#         108
  C:2874H         LINE#         109
  C:2876H         LINE#         111
  C:287CH         LINE#         120
  C:287EH         LINE#         121
  C:2881H         LINE#         122
  C:2884H         LINE#         123
  C:2887H         LINE#         124
  C:288AH         LINE#         125
  C:288DH         LINE#         128
  C:2890H         LINE#         130
  C:2893H         LINE#         131
  C:2896H         LINE#         132
  C:2899H         LINE#         133
  C:289BH         LINE#         134
  C:289DH         LINE#         135
  C:289FH         LINE#         137
  C:28A1H         LINE#         138
  C:28A8H         LINE#         139
  C:28AFH         LINE#         140
  C:28B6H         LINE#         141
  C:28BDH         LINE#         145
  C:28C4H         LINE#         146
  C:28C9H         LINE#         147
  C:28CEH         LINE#         148
  C:28D3H         LINE#         149
  C:28D8H         LINE#         150
  C:28DDH         LINE#         153
  C:28F6H         LINE#         154
  C:28F6H         LINE#         155
  C:2912H         LINE#         156
  C:2959H         LINE#         157
  C:296AH         LINE#         158
  C:296AH         LINE#         159
  C:296AH         LINE#         160
  C:296DH         LINE#         163
  C:296DH         LINE#         166
  C:2972H         LINE#         167
  C:2977H         LINE#         169
  C:297CH         LINE#         170
  C:2981H         LINE#         171
  C:2986H         LINE#         172
  C:298BH         LINE#         174
  C:299AH         LINE#         176
  C:29A1H         LINE#         177
  C:29A9H         LINE#         178
  C:29AEH         LINE#         179
  C:29B6H         LINE#         180
  C:29BBH         LINE#         181
BL51 BANKED LINKER/LOCATER V6.22                                                      03/29/2019  13:38:26  PAGE 8


  C:29C5H         LINE#         182
  C:29CAH         LINE#         183
  C:29D2H         LINE#         185
  C:29DAH         LINE#         186
  C:29DFH         LINE#         187
  C:29E9H         LINE#         188
  C:29E9H         LINE#         189
  C:29EBH         LINE#         190
  C:29EDH         LINE#         191
  C:29F7H         LINE#         192
  C:29F7H         LINE#         193
  C:29FCH         LINE#         194
  C:29FCH         LINE#         195
  C:2A09H         LINE#         335
  C:2A09H         LINE#         337
  -------         ENDPROC       MAIN
  -------         PROC          _DISPLAY_PROX
  D:0002H         SYMBOL        dat
  -------         DO            
  X:0638H         SYMBOL        unit
  X:0639H         SYMBOL        ten
  X:063AH         SYMBOL        hundred
  X:063BH         SYMBOL        thousand
  -------         ENDDO         
  C:31C4H         LINE#         426
  C:31C8H         LINE#         427
  C:31C8H         LINE#         429
  C:31D4H         LINE#         430
  C:31E4H         LINE#         431
  C:3200H         LINE#         432
  C:3230H         LINE#         433
  C:323AH         LINE#         434
  C:3244H         LINE#         435
  C:324EH         LINE#         436
  C:3258H         LINE#         438
  -------         ENDPROC       _DISPLAY_PROX
  -------         PROC          _DISPLAY_POS
  X:05ECH         SYMBOL        sign_dat
  -------         DO            
  X:05F0H         SYMBOL        unit
  X:05F1H         SYMBOL        ten
  X:05F2H         SYMBOL        hundred
  D:0003H         SYMBOL        thousand
  X:05F3H         SYMBOL        after_dot
  X:05F4H         SYMBOL        dat
  -------         ENDDO         
  C:26A8H         LINE#         441
  C:26AEH         LINE#         442
  C:26AEH         LINE#         446
  C:26CAH         LINE#         447
  C:26E4H         LINE#         448
  C:2708H         LINE#         450
  C:2752H         LINE#         452
  C:2769H         LINE#         453
  C:2776H         LINE#         454
  C:2798H         LINE#         455
  C:27CDH         LINE#         456
BL51 BANKED LINKER/LOCATER V6.22                                                      03/29/2019  13:38:26  PAGE 9


  C:27E5H         LINE#         457
  C:27E5H         LINE#         459
  C:27EFH         LINE#         460
  C:27F9H         LINE#         461
  C:2803H         LINE#         462
  C:2808H         LINE#         463
  C:2812H         LINE#         464
  C:2817H         LINE#         465
  C:281CH         LINE#         466
  C:281EH         LINE#         467
  C:2820H         LINE#         469
  C:2820H         LINE#         471
  C:2825H         LINE#         472
  C:282FH         LINE#         473
  C:2839H         LINE#         474
  C:2843H         LINE#         475
  C:2848H         LINE#         476
  C:2852H         LINE#         477
  C:2857H         LINE#         478
  C:285CH         LINE#         480
  C:285CH         LINE#         482
  -------         ENDPROC       _DISPLAY_POS
  -------         ENDMOD        MAIN

  -------         MODULE        PCF85063BTL
  C:0000H         SYMBOL        _ICE_DUMMY_
  D:0096H         PUBLIC        P2M0
  D:0080H         PUBLIC        P0
  D:0095H         PUBLIC        P2M1
  D:0090H         PUBLIC        P1
  D:00A0H         PUBLIC        P2
  D:00B0H         PUBLIC        P3
  D:00C0H         PUBLIC        P4
  D:00C8H         PUBLIC        P5
  D:00E8H         PUBLIC        P6
  B:00A0H.1       PUBLIC        PCF85063BTL_SDI
  D:00F8H         PUBLIC        P7
  B:00A0H.2       PUBLIC        PCF85063BTL_SCK
  B:00A0H.1       PUBLIC        PCF85063BTL_SDO
  D:00A8H         PUBLIC        IE
  C:33DEH         PUBLIC        _Read_time
  C:38BFH         PUBLIC        _PCF85063BTL_Delay
  D:00B8H         PUBLIC        IP
  D:00D8H         PUBLIC        CCON
  C:32E5H         PUBLIC        _Day_Of_Year
  C:379AH         PUBLIC        SPI_ReceiveByte
  D:0098H         PUBLIC        SCON
  D:0088H         PUBLIC        TCON
  C:3905H         PUBLIC        _BCDtoDec
  B:00A0H.0       PUBLIC        PCF85063BTL_CS
  C:38F4H         PUBLIC        _SPI_ReadTime
  C:3945H         PUBLIC        SPI_Init
  C:3849H         PUBLIC        _SPI_WriteTime
  C:377AH         PUBLIC        _SPI_SendByte
  D:00D0H         PUBLIC        PSW
  C:38BBH         SYMBOL        L?0047
  -------         PROC          L?0046
BL51 BANKED LINKER/LOCATER V6.22                                                      03/29/2019  13:38:26  PAGE 10


  -------         ENDPROC       L?0046
  C:38BBH         SYMBOL        L?0047
  -------         PROC          _PCF85063BTL_DELAY
  D:0006H         SYMBOL        us
  C:38BFH         LINE#         8
  C:38BFH         LINE#         9
  C:38BFH         LINE#         10
  C:38C9H         LINE#         11
  C:38C9H         LINE#         12
  C:38CAH         LINE#         13
  C:38CCH         LINE#         14
  -------         ENDPROC       _PCF85063BTL_DELAY
  -------         PROC          _SPI_SENDBYTE
  D:0005H         SYMBOL        dat
  -------         DO            
  D:0003H         SYMBOL        i
  -------         ENDDO         
  C:377AH         LINE#         17
  C:377CH         LINE#         18
  C:377CH         LINE#         20
  C:377EH         LINE#         21
  C:377EH         LINE#         22
  C:3780H         LINE#         23
  C:3784H         LINE#         24
  C:3784H         LINE#         25
  C:3786H         LINE#         26
  C:3788H         LINE#         28
  C:3788H         LINE#         29
  C:378AH         LINE#         30
  C:378AH         LINE#         31
  C:378DH         LINE#         32
  C:378DH         LINE#         33
  C:3790H         LINE#         34
  C:3794H         LINE#         35
  C:3799H         LINE#         36
  -------         ENDPROC       _SPI_SENDBYTE
  -------         PROC          SPI_RECEIVEBYTE
  -------         DO            
  D:0003H         SYMBOL        i
  D:0005H         SYMBOL        dat
  -------         ENDDO         
  C:379AH         LINE#         39
  C:379AH         LINE#         40
  C:379AH         LINE#         42
  C:379CH         LINE#         44
  C:379EH         LINE#         45
  C:379FH         LINE#         46
  C:379FH         LINE#         47
  C:37A3H         LINE#         48
  C:37A5H         LINE#         49
  C:37A8H         LINE#         51
  C:37ABH         LINE#         52
  C:37ABH         LINE#         53
  C:37AFH         LINE#         54
  C:37AFH         LINE#         55
  C:37AFH         LINE#         56
  C:37B2H         LINE#         57
BL51 BANKED LINKER/LOCATER V6.22                                                      03/29/2019  13:38:26  PAGE 11


  C:37B7H         LINE#         58
  C:37B9H         LINE#         59
  -------         ENDPROC       SPI_RECEIVEBYTE
  -------         PROC          _SPI_READTIME
  D:0007H         SYMBOL        addr
  -------         DO            
  D:0006H         SYMBOL        dat
  -------         ENDDO         
  C:38F4H         LINE#         61
  C:38F4H         LINE#         62
  C:38F4H         LINE#         64
  C:38F6H         LINE#         65
  C:38F8H         LINE#         66
  C:38FFH         LINE#         67
  C:3902H         LINE#         68
  C:3904H         LINE#         69
  C:3904H         LINE#         70
  -------         ENDPROC       _SPI_READTIME
  -------         PROC          _SPI_WRITETIME
  D:0002H         SYMBOL        val
  D:0005H         SYMBOL        addr
  C:3849H         LINE#         71
  C:384BH         LINE#         72
  C:384BH         LINE#         74
  C:384DH         LINE#         75
  C:3854H         LINE#         76
  C:3859H         LINE#         77
  C:385EH         LINE#         78
  C:3860H         LINE#         79
  -------         ENDPROC       _SPI_WRITETIME
  -------         PROC          SPI_INIT
  C:3945H         LINE#         83
  C:3945H         LINE#         84
  C:3945H         LINE#         89
  C:3948H         LINE#         90
  C:394BH         LINE#         91
  C:394DH         LINE#         92
  C:394FH         LINE#         93
  C:3951H         LINE#         94
  -------         ENDPROC       SPI_INIT
  -------         PROC          _READ_TIME
  X:060BH         SYMBOL        months
  X:060EH         SYMBOL        days
  X:0611H         SYMBOL        hours
  X:0614H         SYMBOL        mins
  X:0617H         SYMBOL        seconds
  C:33DEH         LINE#         96
  C:33E9H         LINE#         97
  C:33E9H         LINE#         99
  C:33FDH         LINE#         101
  C:3411H         LINE#         103
  C:3425H         LINE#         108
  C:3439H         LINE#         113
  -------         ENDPROC       _READ_TIME
  -------         PROC          _BCDTODEC
  D:0007H         SYMBOL        bcd
  -------         DO            
BL51 BANKED LINKER/LOCATER V6.22                                                      03/29/2019  13:38:26  PAGE 12


  D:0006H         SYMBOL        hi
  D:0007H         SYMBOL        lo
  -------         ENDDO         
  C:3905H         LINE#         119
  C:3905H         LINE#         120
  C:3905H         LINE#         122
  C:390AH         LINE#         123
  C:390EH         LINE#         124
  C:3915H         LINE#         125
  -------         ENDPROC       _BCDTODEC
  -------         PROC          _DAY_OF_YEAR
  D:0007H         SYMBOL        months_bcd
  D:0005H         SYMBOL        days_bcd
  -------         DO            
  D:0004H         SYMBOL        months
  D:0007H         SYMBOL        days
  -------         ENDDO         
  C:32E5H         LINE#         126
  C:32E5H         LINE#         127
  C:32E5H         LINE#         130
  C:32EAH         LINE#         132
  C:32EFH         LINE#         134
  C:3328H         LINE#         135
  C:3328H         LINE#         136
  C:3328H         LINE#         137
  C:332BH         LINE#         138
  C:332BH         LINE#         139
  C:332BH         LINE#         140
  C:3330H         LINE#         141
  C:3330H         LINE#         142
  C:3330H         LINE#         143
  C:3335H         LINE#         144
  C:3335H         LINE#         145
  C:3335H         LINE#         146
  C:333AH         LINE#         147
  C:333AH         LINE#         148
  C:333AH         LINE#         149
  C:333FH         LINE#         150
  C:333FH         LINE#         151
  C:333FH         LINE#         152
  C:3344H         LINE#         153
  C:3344H         LINE#         154
  C:3344H         LINE#         155
  C:3349H         LINE#         156
  C:3349H         LINE#         157
  C:3349H         LINE#         158
  C:334EH         LINE#         159
  C:334EH         LINE#         160
  C:334EH         LINE#         161
  C:3356H         LINE#         162
  C:3356H         LINE#         163
  C:3356H         LINE#         164
  C:335BH         LINE#         165
  C:335BH         LINE#         166
  C:335BH         LINE#         167
  C:3360H         LINE#         168
  C:3360H         LINE#         169
BL51 BANKED LINKER/LOCATER V6.22                                                      03/29/2019  13:38:26  PAGE 13


  C:3360H         LINE#         170
  C:3368H         LINE#         171
  C:3368H         LINE#         172
  C:3368H         LINE#         173
  -------         ENDPROC       _DAY_OF_YEAR
  -------         ENDMOD        PCF85063BTL

  -------         MODULE        UART1
  C:0000H         SYMBOL        _ICE_DUMMY_
  D:0080H         PUBLIC        P0
  D:0090H         PUBLIC        P1
  D:00A0H         PUBLIC        P2
  D:00B0H         PUBLIC        P3
  D:00C0H         PUBLIC        P4
  D:00C8H         PUBLIC        P5
  B:00A8H.7       PUBLIC        EA
  D:00E8H         PUBLIC        P6
  D:00F8H         PUBLIC        P7
  C:3682H         PUBLIC        _SendString
  D:00A8H         PUBLIC        IE
  B:00A8H.4       PUBLIC        ES
  D:00B8H         PUBLIC        IP
  C:3861H         PUBLIC        _ASCIItoBCD
  D:00D8H         PUBLIC        CCON
  C:3916H         PUBLIC        initUART1
  D:0098H         PUBLIC        SCON
  D:0088H         PUBLIC        TCON
  C:000AH         PUBLIC        _DectoBCD
  C:398FH         PUBLIC        _ASCII_Letter
  D:008EH         PUBLIC        AUXR
  C:398AH         PUBLIC        _unit
  C:0003H         PUBLIC        _ten
  D:00D6H         PUBLIC        T2H
  D:00D7H         PUBLIC        T2L
  D:00D0H         PUBLIC        PSW
  -------         PROC          INITUART1
  C:3916H         LINE#         21
  C:3916H         LINE#         22
  C:3916H         LINE#         23
  C:3919H         LINE#         24
  C:391CH         LINE#         25
  C:391FH         LINE#         26
  C:3922H         LINE#         27
  C:3924H         LINE#         28
  C:3926H         LINE#         30
  -------         ENDPROC       INITUART1
  -------         PROC          _SENDSTRING
  X:0650H         SYMBOL        s
  C:3682H         LINE#         35
  C:368DH         LINE#         36
  C:368DH         LINE#         37
  C:369DH         LINE#         38
  C:369DH         LINE#         39
  C:36B2H         LINE#         40
  C:36B4H         LINE#         41
  -------         ENDPROC       _SENDSTRING
  -------         PROC          _TEN
BL51 BANKED LINKER/LOCATER V6.22                                                      03/29/2019  13:38:26  PAGE 14


  D:0007H         SYMBOL        BCD
  C:0003H         LINE#         43
  C:0003H         LINE#         44
  C:0003H         LINE#         45
  C:0008H         LINE#         46
  -------         ENDPROC       _TEN
  -------         PROC          _UNIT
  D:0007H         SYMBOL        BCD
  C:398AH         LINE#         47
  C:398AH         LINE#         48
  C:398AH         LINE#         52
  C:398EH         LINE#         53
  -------         ENDPROC       _UNIT
  -------         PROC          _DECTOBCD
  D:0007H         SYMBOL        dec
  C:000AH         LINE#         54
  C:000AH         LINE#         55
  C:000AH         LINE#         57
  C:000AH         LINE#         58
  -------         ENDPROC       _DECTOBCD
  -------         PROC          _ASCII_LETTER
  D:0007H         SYMBOL        dat
  C:398FH         LINE#         60
  C:398FH         LINE#         61
  C:398FH         LINE#         63
  C:3993H         LINE#         64
  -------         ENDPROC       _ASCII_LETTER
  -------         PROC          _ASCIITOBCD
  D:0001H         SYMBOL        ascii
  -------         DO            
  D:0007H         SYMBOL        dec_val
  D:0006H         SYMBOL        ten
  D:0007H         SYMBOL        unit
  -------         ENDDO         
  C:3861H         LINE#         66
  C:3861H         LINE#         67
  C:3861H         LINE#         69
  C:3864H         LINE#         70
  C:386AH         LINE#         71
  C:3871H         LINE#         72
  C:3877H         LINE#         74
  -------         ENDPROC       _ASCIITOBCD
  -------         ENDMOD        UART1

  -------         MODULE        LCD_DRIVER_SPLC780D
  C:0000H         SYMBOL        _ICE_DUMMY_
  D:0092H         PUBLIC        P1M0
  D:0091H         PUBLIC        P1M1
  D:0080H         PUBLIC        P0
  D:0090H         PUBLIC        P1
  D:00A0H         PUBLIC        P2
  D:00B0H         PUBLIC        P3
  D:00C0H         PUBLIC        P4
  D:00C8H         PUBLIC        P5
  D:00E8H         PUBLIC        P6
  D:00F8H         PUBLIC        P7
  C:3369H         PUBLIC        _WriteData
BL51 BANKED LINKER/LOCATER V6.22                                                      03/29/2019  13:38:26  PAGE 15


  D:00A8H         PUBLIC        IE
  D:00B8H         PUBLIC        IP
  D:00D8H         PUBLIC        CCON
  B:00B0H.4       PUBLIC        LCD_D4
  B:00B0H.5       PUBLIC        LCD_D5
  B:00B0H.6       PUBLIC        LCD_D6
  C:37F6H         PUBLIC        _DisplayLCD
  B:00B0H.7       PUBLIC        LCD_D7
  D:0098H         PUBLIC        SCON
  D:0088H         PUBLIC        TCON
  C:3974H         PUBLIC        LCD_clear
  C:35C7H         PUBLIC        _Command
  C:388FH         PUBLIC        _Display_Line
  C:344DH         PUBLIC        LCD_Init
  C:373AH         PUBLIC        _Wait_ms
  B:00C0H.0       PUBLIC        LCD_RS
  B:00B0H.2       PUBLIC        LCD_RW
  C:396AH         PUBLIC        LCD_return_home
  B:00B0H.3       PUBLIC        LCD_E
  D:00D0H         PUBLIC        PSW
  -------         PROC          LCD_INIT
  C:344DH         LINE#         9
  C:344DH         LINE#         10
  C:344DH         LINE#         11
  C:3450H         LINE#         12
  C:3453H         LINE#         14
  C:3459H         LINE#         15
  C:345EH         LINE#         17
  C:3465H         LINE#         18
  C:346AH         LINE#         20
  C:346DH         LINE#         21
  C:3472H         LINE#         23
  C:3475H         LINE#         24
  C:347AH         LINE#         26
  C:3481H         LINE#         29
  C:3486H         LINE#         30
  C:348BH         LINE#         32
  C:3490H         LINE#         33
  C:3495H         LINE#         35
  C:349AH         LINE#         36
  C:349FH         LINE#         37
  -------         ENDPROC       LCD_INIT
  -------         PROC          _WRITEDATA
  X:05F6H         SYMBOL        dat
  C:3369H         LINE#         40
  C:336EH         LINE#         41
  C:336EH         LINE#         46
  C:3370H         LINE#         47
  C:3372H         LINE#         49
  C:3380H         LINE#         50
  C:338CH         LINE#         51
  C:3398H         LINE#         52
  C:33A2H         LINE#         53
  C:33A4H         LINE#         54
  C:33ABH         LINE#         55
  C:33ADH         LINE#         57
  C:33BDH         LINE#         58
BL51 BANKED LINKER/LOCATER V6.22                                                      03/29/2019  13:38:26  PAGE 16


  C:33C8H         LINE#         59
  C:33D2H         LINE#         60
  C:33D6H         LINE#         62
  C:33D6H         LINE#         63
  C:33D9H         LINE#         64
  C:33DBH         LINE#         65
  C:33DDH         LINE#         67
  -------         ENDPROC       _WRITEDATA
  -------         PROC          _COMMAND
  D:0007H         SYMBOL        dat
  C:35C7H         LINE#         69
  C:35C7H         LINE#         70
  C:35C7H         LINE#         71
  C:35C9H         LINE#         72
  C:35CBH         LINE#         74
  C:35D5H         LINE#         75
  C:35D9H         LINE#         77
  C:35DBH         LINE#         78
  C:35E4H         LINE#         79
  C:35E8H         LINE#         81
  C:35EAH         LINE#         82
  C:35F1H         LINE#         83
  C:35F5H         LINE#         85
  C:35F7H         LINE#         86
  C:35FBH         LINE#         87
  C:35FFH         LINE#         89
  C:3601H         LINE#         90
  C:3601H         LINE#         91
  C:3604H         LINE#         92
  C:3606H         LINE#         93
  -------         ENDPROC       _COMMAND
  C:3736H         SYMBOL        L?0028
  -------         PROC          L?0027
  -------         ENDPROC       L?0027
  C:3736H         SYMBOL        L?0028
  -------         PROC          _WAIT_MS
  D:0006H         SYMBOL        ms
  -------         DO            
  D:0004H         SYMBOL        De_Cnt
  -------         ENDDO         
  C:373AH         LINE#         95
  C:373AH         LINE#         96
  C:373AH         LINE#         98
  C:3744H         LINE#         99
  C:3744H         LINE#         100
  C:3757H         LINE#         101
  C:3757H         LINE#         102
  -------         ENDPROC       _WAIT_MS
  -------         PROC          _DISPLAYLCD
  D:0007H         SYMBOL        BCD
  -------         DO            
  D:0006H         SYMBOL        first_digit
  X:05ECH         SYMBOL        second_digit
  -------         ENDDO         
  C:37F6H         LINE#         103
  C:37F6H         LINE#         104
  C:37F6H         LINE#         106
BL51 BANKED LINKER/LOCATER V6.22                                                      03/29/2019  13:38:26  PAGE 17


  C:37FDH         LINE#         107
  C:3806H         LINE#         109
  C:380BH         LINE#         111
  -------         ENDPROC       _DISPLAYLCD
  -------         PROC          LCD_RETURN_HOME
  C:396AH         LINE#         115
  C:396AH         LINE#         116
  C:396AH         LINE#         117
  C:396FH         LINE#         118
  -------         ENDPROC       LCD_RETURN_HOME
  -------         PROC          LCD_CLEAR
  C:3974H         LINE#         121
  C:3974H         LINE#         122
  C:3974H         LINE#         123
  C:3979H         LINE#         124
  -------         ENDPROC       LCD_CLEAR
  -------         PROC          _DISPLAY_LINE
  D:0006H         SYMBOL        line
  C:388FH         LINE#         128
  C:388FH         LINE#         129
  C:388FH         LINE#         130
  C:3895H         LINE#         131
  C:3895H         LINE#         132
  C:3897H         LINE#         133
  C:3897H         LINE#         134
  C:3899H         LINE#         136
  C:3899H         LINE#         137
  C:389EH         LINE#         138
  C:38A3H         LINE#         139
  C:38A3H         LINE#         140
  -------         ENDPROC       _DISPLAY_LINE
  -------         ENDMOD        LCD_DRIVER_SPLC780D

  -------         MODULE        KEYPAD
  C:0000H         SYMBOL        _ICE_DUMMY_
  D:0093H         PUBLIC        P0M1
  D:0080H         PUBLIC        P0
  D:0090H         PUBLIC        P1
  D:00A0H         PUBLIC        P2
  D:00B0H         PUBLIC        P3
  D:00C0H         PUBLIC        P4
  D:00C8H         PUBLIC        P5
  B:0020H.0       PUBLIC        calib_mode
  D:00E8H         PUBLIC        P6
  D:00F8H         PUBLIC        P7
  D:00A8H         PUBLIC        IE
  C:2A0CH         PUBLIC        Key_Scan
  D:00B8H         PUBLIC        IP
  D:00D8H         PUBLIC        CCON
  C:3952H         PUBLIC        KeyPad_IO_Init
  C:37BAH         PUBLIC        _Delay_ms
  D:0098H         PUBLIC        SCON
  D:0088H         PUBLIC        TCON
  B:0020H.1       PUBLIC        small_move
  B:0020H.2       PUBLIC        move
  B:0020H.3       PUBLIC        direction
  B:0020H.4       PUBLIC        auto_move
BL51 BANKED LINKER/LOCATER V6.22                                                      03/29/2019  13:38:26  PAGE 18


  C:2237H         PUBLIC        Key_Process
  D:00D0H         PUBLIC        PSW
  D:0094H         PUBLIC        P0M0
  -------         PROC          _DELAY_MS
  D:0006H         SYMBOL        ms
  -------         DO            
  D:0004H         SYMBOL        De_Cnt
  -------         ENDDO         
  C:37BAH         LINE#         19
  C:37BAH         LINE#         20
  C:37BAH         LINE#         22
  C:37C4H         LINE#         23
  C:37C4H         LINE#         24
  C:37D7H         LINE#         25
  C:37D7H         LINE#         26
  -------         ENDPROC       _DELAY_MS
  -------         PROC          KEY_SCAN
  -------         DO            
  X:05F2H         SYMBOL        KeyTemp1
  X:05F3H         SYMBOL        KeyTemp2
  X:05F4H         SYMBOL        KeyValue
  -------         ENDDO         
  C:2A0CH         LINE#         27
  C:2A0CH         LINE#         28
  C:2A0CH         LINE#         33
  C:2A0FH         LINE#         36
  C:2A12H         LINE#         38
  C:2A1AH         LINE#         39
  C:2A21H         LINE#         40
  C:2A21H         LINE#         42
  C:2A26H         LINE#         43
  C:2A2DH         LINE#         44
  C:2A2DH         LINE#         47
  C:2A30H         LINE#         48
  C:2A33H         LINE#         49
  C:2A38H         LINE#         50
  C:2A3CH         LINE#         51
  C:2A3CH         LINE#         52
  C:2A44H         LINE#         53
  C:2A44H         LINE#         54
  C:2A47H         LINE#         55
  C:2A4FH         LINE#         56
  C:2A51H         LINE#         58
  C:2A65H         LINE#         59
  C:2A65H         LINE#         60
  C:2A65H         LINE#         61
  C:2A65H         LINE#         62
  C:2A6BH         LINE#         64
  C:2A6DH         LINE#         65
  C:2A6DH         LINE#         66
  C:2A6DH         LINE#         67
  C:2A73H         LINE#         69
  C:2A75H         LINE#         70
  C:2A75H         LINE#         71
  C:2A75H         LINE#         72
  C:2A7BH         LINE#         74
  C:2A7DH         LINE#         75
BL51 BANKED LINKER/LOCATER V6.22                                                      03/29/2019  13:38:26  PAGE 19


  C:2A7DH         LINE#         76
  C:2A7DH         LINE#         77
  C:2A83H         LINE#         79
  C:2A83H         LINE#         80
  C:2A83H         LINE#         81
  C:2A83H         LINE#         84
  C:2A86H         LINE#         85
  C:2A89H         LINE#         86
  C:2A91H         LINE#         87
  C:2A95H         LINE#         88
  C:2A95H         LINE#         89
  C:2A9DH         LINE#         90
  C:2A9DH         LINE#         91
  C:2AA0H         LINE#         92
  C:2AA8H         LINE#         93
  C:2AAAH         LINE#         94
  C:2ABEH         LINE#         95
  C:2ABEH         LINE#         96
  C:2ABEH         LINE#         97
  C:2ABEH         LINE#         98
  C:2AC4H         LINE#         100
  C:2AC6H         LINE#         101
  C:2AC6H         LINE#         102
  C:2AC6H         LINE#         103
  C:2ACCH         LINE#         105
  C:2ACEH         LINE#         106
  C:2ACEH         LINE#         107
  C:2ACEH         LINE#         108
  C:2AD4H         LINE#         110
  C:2AD6H         LINE#         111
  C:2AD6H         LINE#         112
  C:2AD6H         LINE#         113
  C:2ADBH         LINE#         115
  C:2ADBH         LINE#         116
  C:2ADBH         LINE#         117
  C:2ADBH         LINE#         120
  C:2ADEH         LINE#         121
  C:2AE1H         LINE#         122
  C:2AE9H         LINE#         123
  C:2AEDH         LINE#         124
  C:2AEDH         LINE#         125
  C:2AF5H         LINE#         126
  C:2AF5H         LINE#         127
  C:2AF8H         LINE#         128
  C:2B00H         LINE#         129
  C:2B02H         LINE#         130
  C:2B16H         LINE#         131
  C:2B16H         LINE#         132
  C:2B16H         LINE#         133
  C:2B16H         LINE#         134
  C:2B1CH         LINE#         136
  C:2B1EH         LINE#         137
  C:2B1EH         LINE#         138
  C:2B1EH         LINE#         139
  C:2B24H         LINE#         141
  C:2B26H         LINE#         142
  C:2B26H         LINE#         143
BL51 BANKED LINKER/LOCATER V6.22                                                      03/29/2019  13:38:26  PAGE 20


  C:2B26H         LINE#         144
  C:2B2CH         LINE#         146
  C:2B2EH         LINE#         147
  C:2B2EH         LINE#         148
  C:2B2EH         LINE#         149
  C:2B34H         LINE#         151
  C:2B34H         LINE#         152
  C:2B34H         LINE#         153
  C:2B34H         LINE#         157
  C:2B37H         LINE#         158
  C:2B3AH         LINE#         159
  C:2B42H         LINE#         160
  C:2B46H         LINE#         161
  C:2B46H         LINE#         162
  C:2B4EH         LINE#         163
  C:2B4EH         LINE#         164
  C:2B51H         LINE#         165
  C:2B59H         LINE#         166
  C:2B5BH         LINE#         167
  C:2B6FH         LINE#         168
  C:2B6FH         LINE#         169
  C:2B6FH         LINE#         170
  C:2B6FH         LINE#         171
  C:2B75H         LINE#         173
  C:2B77H         LINE#         174
  C:2B77H         LINE#         175
  C:2B77H         LINE#         176
  C:2B7DH         LINE#         178
  C:2B7FH         LINE#         179
  C:2B7FH         LINE#         180
  C:2B7FH         LINE#         181
  C:2B85H         LINE#         183
  C:2B87H         LINE#         184
  C:2B87H         LINE#         185
  C:2B87H         LINE#         186
  C:2B8DH         LINE#         188
  C:2B8DH         LINE#         189
  C:2B8DH         LINE#         190
  C:2B8DH         LINE#         192
  C:2B93H         LINE#         193
  C:2B93H         LINE#         195
  C:2B93H         LINE#         196
  C:2B96H         LINE#         197
  C:2B96H         LINE#         198
  C:2B96H         LINE#         200
  C:2B96H         LINE#         201
  C:2B98H         LINE#         202
  C:2B98H         LINE#         203
  -------         ENDPROC       KEY_SCAN
  -------         PROC          KEY_PROCESS
  -------         DO            
  X:061AH         SYMBOL        KeyCount
  X:061CH         SYMBOL        KeyNum_Old
  X:061DH         SYMBOL        KeyNum
  X:061EH         SYMBOL        PressedKey
  X:05ECH         SYMBOL        d
  D:0004H         SYMBOL        hours
BL51 BANKED LINKER/LOCATER V6.22                                                      03/29/2019  13:38:26  PAGE 21


  D:0006H         SYMBOL        mins
  X:05EEH         SYMBOL        months
  X:05F0H         SYMBOL        days
  -------         ENDDO         
  C:2237H         LINE#         204
  C:2237H         LINE#         205
  C:2237H         LINE#         209
  C:223FH         LINE#         210
  C:2247H         LINE#         212
  C:224AH         LINE#         213
  C:224AH         LINE#         214
  C:224DH         LINE#         216
  C:224DH         LINE#         217
  C:225AH         LINE#         218
  C:225AH         LINE#         219
  C:225DH         LINE#         220
  C:2260H         LINE#         222
  C:2263H         LINE#         224
  C:2263H         LINE#         225
  C:226EH         LINE#         226
  C:226EH         LINE#         227
  C:2271H         LINE#         229
  C:2271H         LINE#         230
  C:2278H         LINE#         231
  C:2278H         LINE#         232
  C:227BH         LINE#         234
  C:227BH         LINE#         235
  C:2283H         LINE#         236
  C:2283H         LINE#         237
  C:228DH         LINE#         238
  C:2295H         LINE#         240
  C:229EH         LINE#         242
  C:229EH         LINE#         251
  C:22B3H         LINE#         252
  C:22B3H         LINE#         253
  C:22C5H         LINE#         254
  C:22D3H         LINE#         255
  C:22E2H         LINE#         256
  C:22E2H         LINE#         258
  C:22E8H         LINE#         262
  C:22FEH         LINE#         263
  C:230FH         LINE#         264
  C:232AH         LINE#         265
  C:232AH         LINE#         266
  C:233AH         LINE#         267
  C:234BH         LINE#         268
  C:234BH         LINE#         272
  C:2364H         LINE#         273
  C:237BH         LINE#         274
  C:239BH         LINE#         275
  C:239BH         LINE#         276
  C:23A5H         LINE#         277
  C:23A5H         LINE#         278
  C:23AEH         LINE#         279
  C:23AEH         LINE#         280
  C:23C2H         LINE#         281
  C:23C2H         LINE#         282
BL51 BANKED LINKER/LOCATER V6.22                                                      03/29/2019  13:38:26  PAGE 22


  C:23C2H         LINE#         283
  C:23C2H         LINE#         284
  C:23C2H         LINE#         285
  C:23C4H         LINE#         287
  C:23C4H         LINE#         288
  C:23D0H         LINE#         289
  C:23D0H         LINE#         290
  C:23E1H         LINE#         291
  C:23E1H         LINE#         292
  C:23E1H         LINE#         293
  C:23E1H         LINE#         294
  C:23E1H         LINE#         296
  C:23E3H         LINE#         298
  C:23E3H         LINE#         299
  C:23F4H         LINE#         300
  C:23F4H         LINE#         301
  C:23F4H         LINE#         302
  C:23F4H         LINE#         303
  C:23F4H         LINE#         305
  C:23F4H         LINE#         307
  C:23F4H         LINE#         308
  C:23F6H         LINE#         310
  C:23F6H         LINE#         311
  C:2409H         LINE#         312
  C:2409H         LINE#         313
  C:241AH         LINE#         314
  C:241AH         LINE#         315
  C:241AH         LINE#         316
  C:241AH         LINE#         317
  C:241AH         LINE#         318
  C:241CH         LINE#         320
  C:241CH         LINE#         321
  C:242DH         LINE#         322
  C:242DH         LINE#         323
  C:243EH         LINE#         324
  C:244FH         LINE#         325
  C:244FH         LINE#         326
  C:244FH         LINE#         327
  C:244FH         LINE#         328
  C:244FH         LINE#         329
  C:2452H         LINE#         330
  C:2457H         LINE#         331
  C:245CH         LINE#         332
  C:2461H         LINE#         333
  C:2466H         LINE#         334
  C:246BH         LINE#         335
  C:2470H         LINE#         336
  C:2475H         LINE#         337
  C:2475H         LINE#         339
  C:2497H         LINE#         340
  C:2497H         LINE#         341
  C:24A1H         LINE#         342
  C:24A1H         LINE#         343
  C:24A6H         LINE#         344
  C:24AFH         LINE#         345
  C:24C6H         LINE#         346
  C:24C6H         LINE#         347
BL51 BANKED LINKER/LOCATER V6.22                                                      03/29/2019  13:38:26  PAGE 23


  C:24D6H         LINE#         349
  C:24D6H         LINE#         353
  -------         ENDPROC       KEY_PROCESS
  -------         PROC          KEYPAD_IO_INIT
  C:3952H         LINE#         356
  C:3952H         LINE#         357
  C:3952H         LINE#         358
  C:3955H         LINE#         359
  C:3958H         LINE#         360
  C:395BH         LINE#         361
  C:395DH         LINE#         362
  -------         ENDPROC       KEYPAD_IO_INIT
  -------         ENDMOD        KEYPAD

  -------         MODULE        VCNL4035
  C:0000H         SYMBOL        _ICE_DUMMY_
  D:0080H         PUBLIC        P0
  B:00B0H.2       PUBLIC        I2C_SCK
  D:00B2H         PUBLIC        P3M0
  D:0090H         PUBLIC        P1
  D:00B1H         PUBLIC        P3M1
  D:00A0H         PUBLIC        P2
  D:00B0H         PUBLIC        P3
  D:00C0H         PUBLIC        P4
  D:00C8H         PUBLIC        P5
  D:00E8H         PUBLIC        P6
  D:00F8H         PUBLIC        P7
  D:00A8H         PUBLIC        IE
  C:3984H         PUBLIC        _DisplayLCD_VCNL4035
  D:00B8H         PUBLIC        IP
  D:00D8H         PUBLIC        CCON
  C:38E1H         PUBLIC        I2C_Start
  D:0098H         PUBLIC        SCON
  C:3878H         PUBLIC        I2C_Init
  D:0088H         PUBLIC        TCON
  C:3927H         PUBLIC        uC_NACK
  C:36EEH         PUBLIC        _Wait_ms_i2c
  C:3758H         PUBLIC        _I2C_SendByte
  C:38A4H         PUBLIC        I2C_Stop
  C:353AH         PUBLIC        _Write_VCNL4035X
  C:3994H         PUBLIC        nop
  C:312AH         PUBLIC        _Read_VCNL4035
  C:397EH         PUBLIC        uC_ACK
  C:3818H         PUBLIC        I2C_ACK
  C:37D8H         PUBLIC        _Wait_ms_iic
  B:00B0H.1       PUBLIC        I2C_SDA
  D:00D0H         PUBLIC        PSW
  C:36BBH         PUBLIC        I2C_ReceiveByte
  -------         PROC          _WAIT_MS_IIC
  D:0006H         SYMBOL        ms
  -------         DO            
  D:0004H         SYMBOL        De_Cnt
  -------         ENDDO         
  C:37D8H         LINE#         5
  C:37D8H         LINE#         6
  C:37D8H         LINE#         8
  C:37E2H         LINE#         9
BL51 BANKED LINKER/LOCATER V6.22                                                      03/29/2019  13:38:26  PAGE 24


  C:37E2H         LINE#         10
  C:37F5H         LINE#         11
  C:37F5H         LINE#         12
  -------         ENDPROC       _WAIT_MS_IIC
  C:36E8H         SYMBOL        L?0048
  C:36EAH         SYMBOL        L?0049
  -------         PROC          L?0047
  -------         ENDPROC       L?0047
  C:36E8H         SYMBOL        L?0048
  C:36EAH         SYMBOL        L?0049
  -------         PROC          _WAIT_MS_I2C
  D:0006H         SYMBOL        ms
  -------         DO            
  D:0004H         SYMBOL        De_Cnt
  -------         ENDDO         
  C:36EEH         LINE#         14
  C:36EEH         LINE#         15
  C:36EEH         LINE#         17
  C:36F8H         LINE#         18
  C:36F8H         LINE#         19
  C:370BH         LINE#         20
  C:370BH         LINE#         21
  -------         ENDPROC       _WAIT_MS_I2C
  -------         PROC          NOP
  C:3994H         LINE#         22
  C:3994H         LINE#         23
  C:3994H         LINE#         25
  -------         ENDPROC       NOP
  -------         PROC          I2C_START
  C:38E1H         LINE#         26
  C:38E1H         LINE#         27
  C:38E1H         LINE#         29
  C:38E3H         LINE#         30
  C:38E5H         LINE#         31
  C:38ECH         LINE#         32
  C:38EEH         LINE#         33
  C:38F1H         LINE#         34
  C:38F3H         LINE#         37
  -------         ENDPROC       I2C_START
  -------         PROC          I2C_STOP
  C:38A4H         LINE#         39
  C:38A4H         LINE#         40
  C:38A4H         LINE#         41
  C:38A6H         LINE#         42
  C:38A8H         LINE#         43
  C:38ABH         LINE#         44
  C:38ADH         LINE#         45
  C:38AFH         LINE#         46
  C:38B6H         LINE#         47
  C:38B8H         LINE#         50
  -------         ENDPROC       I2C_STOP
  -------         PROC          L?0050
  -------         ENDPROC       L?0050
  -------         PROC          I2C_ACK
  -------         DO            
  X:0656H         SYMBOL        i
  D:0003H         SYMBOL        dat
BL51 BANKED LINKER/LOCATER V6.22                                                      03/29/2019  13:38:26  PAGE 25


  -------         ENDDO         
  C:3818H         LINE#         52
  C:3818H         LINE#         53
  C:3818H         LINE#         55
  C:3819H         LINE#         60
  C:381CH         LINE#         61
  C:381EH         LINE#         62
  C:3821H         LINE#         64
  C:3824H         LINE#         65
  C:3824H         LINE#         66
  C:3828H         LINE#         67
  C:3828H         LINE#         70
  C:3828H         LINE#         71
  C:382BH         LINE#         72
  C:382BH         LINE#         73
  C:382DH         LINE#         74
  -------         ENDPROC       I2C_ACK
  -------         PROC          UC_ACK
  -------         DO            
  X:0657H         SYMBOL        i
  -------         ENDDO         
  C:397EH         LINE#         75
  C:397EH         LINE#         76
  C:397EH         LINE#         78
  C:397EH         LINE#         85
  C:397EH         LINE#         87
  C:397EH         LINE#         89
  C:397EH         LINE#         90
  C:397EH         LINE#         93
  C:3981H         LINE#         94
  C:3983H         LINE#         95
  C:3983H         LINE#         99
  -------         ENDPROC       UC_ACK
  -------         PROC          UC_NACK
  -------         DO            
  X:0658H         SYMBOL        i
  -------         ENDDO         
  C:3927H         LINE#         101
  C:3927H         LINE#         102
  C:3927H         LINE#         104
  C:3927H         LINE#         108
  C:3929H         LINE#         111
  C:3929H         LINE#         112
  C:392BH         LINE#         113
  C:392BH         LINE#         115
  C:392BH         LINE#         116
  C:392BH         LINE#         119
  C:392EH         LINE#         120
  C:3930H         LINE#         121
  C:3933H         LINE#         122
  C:3935H         LINE#         123
  C:3935H         LINE#         127
  -------         ENDPROC       UC_NACK
  -------         PROC          I2C_INIT
  C:3878H         LINE#         129
  C:3878H         LINE#         130
  C:3878H         LINE#         133
BL51 BANKED LINKER/LOCATER V6.22                                                      03/29/2019  13:38:26  PAGE 26


  C:387BH         LINE#         134
  C:387EH         LINE#         139
  C:3886H         LINE#         141
  -------         ENDPROC       I2C_INIT
  -------         PROC          _I2C_SENDBYTE
  D:0001H         SYMBOL        dat
  -------         DO            
  D:0003H         SYMBOL        i
  -------         ENDDO         
  C:3758H         LINE#         145
  C:375AH         LINE#         146
  C:375AH         LINE#         149
  C:375CH         LINE#         150
  C:375CH         LINE#         151
  C:375EH         LINE#         153
  C:3762H         LINE#         154
  C:3762H         LINE#         155
  C:3764H         LINE#         156
  C:3766H         LINE#         158
  C:3766H         LINE#         159
  C:3768H         LINE#         160
  C:3768H         LINE#         161
  C:376BH         LINE#         162
  C:376DH         LINE#         164
  C:3771H         LINE#         165
  C:3774H         LINE#         166
  C:3779H         LINE#         167
  -------         ENDPROC       _I2C_SENDBYTE
  -------         PROC          L?0051
  -------         ENDPROC       L?0051
  -------         PROC          I2C_RECEIVEBYTE
  -------         DO            
  D:0003H         SYMBOL        i
  D:0001H         SYMBOL        dat
  -------         ENDDO         
  C:36BBH         LINE#         171
  C:36BBH         LINE#         172
  C:36BBH         LINE#         174
  C:36BDH         LINE#         178
  C:36BEH         LINE#         179
  C:36BEH         LINE#         180
  C:36C2H         LINE#         181
  C:36C4H         LINE#         182
  C:36C7H         LINE#         184
  C:36CAH         LINE#         185
  C:36CAH         LINE#         186
  C:36CEH         LINE#         187
  C:36CEH         LINE#         188
  C:36CEH         LINE#         189
  C:36D1H         LINE#         190
  C:36D5H         LINE#         191
  C:36D5H         LINE#         192
  C:36D7H         LINE#         193
  C:36D9H         LINE#         194
  C:36D9H         LINE#         196
  C:36DEH         LINE#         197
  C:36E0H         LINE#         198
BL51 BANKED LINKER/LOCATER V6.22                                                      03/29/2019  13:38:26  PAGE 27


  -------         ENDPROC       I2C_RECEIVEBYTE
  -------         PROC          _WRITE_VCNL4035X
  X:0653H         SYMBOL        command_code
  X:0654H         SYMBOL        dat_h
  X:0655H         SYMBOL        dat_l
  C:353AH         LINE#         199
  C:3545H         LINE#         200
  C:3545H         LINE#         201
  C:3548H         LINE#         202
  C:354FH         LINE#         203
  C:354FH         LINE#         204
  C:3555H         LINE#         205
  C:3555H         LINE#         206
  C:355DH         LINE#         207
  C:355DH         LINE#         208
  C:3563H         LINE#         209
  C:356BH         LINE#         211
  C:3571H         LINE#         212
  C:3579H         LINE#         214
  C:357FH         LINE#         215
  C:3582H         LINE#         216
  -------         ENDPROC       _WRITE_VCNL4035X
  -------         PROC          _READ_VCNL4035
  X:0623H         SYMBOL        command_code
  -------         DO            
  X:0625H         SYMBOL        temp_dat
  X:0627H         SYMBOL        temp_dat_l
  X:0629H         SYMBOL        temp_dat_h
  -------         ENDDO         
  C:312AH         LINE#         218
  C:3132H         LINE#         219
  C:3132H         LINE#         220
  C:313FH         LINE#         222
  C:3142H         LINE#         223
  C:3145H         LINE#         224
  C:314AH         LINE#         226
  C:3150H         LINE#         227
  C:3150H         LINE#         228
  C:3150H         LINE#         229
  C:3150H         LINE#         230
  C:315BH         LINE#         231
  C:315EH         LINE#         232
  C:3161H         LINE#         233
  C:3161H         LINE#         236
  C:3164H         LINE#         238
  C:316BH         LINE#         239
  C:316BH         LINE#         240
  C:316BH         LINE#         241
  C:3176H         LINE#         242
  C:3179H         LINE#         243
  C:317CH         LINE#         244
  C:317FH         LINE#         245
  C:3182H         LINE#         246
  C:3185H         LINE#         247
  C:3188H         LINE#         248
  C:318BH         LINE#         249
  C:318EH         LINE#         250
BL51 BANKED LINKER/LOCATER V6.22                                                      03/29/2019  13:38:26  PAGE 28


  C:318EH         LINE#         251
  C:3194H         LINE#         252
  C:3194H         LINE#         253
  C:319DH         LINE#         255
  C:319DH         LINE#         256
  C:31A3H         LINE#         257
  C:31A3H         LINE#         259
  C:31A5H         LINE#         260
  C:31ABH         LINE#         261
  C:31AEH         LINE#         262
  C:31B5H         LINE#         263
  C:31B5H         LINE#         264
  C:31C3H         LINE#         265
  -------         ENDPROC       _READ_VCNL4035
  -------         PROC          _DISPLAYLCD_VCNL4035
  X:0659H         SYMBOL        dat
  C:3984H         LINE#         267
  C:3989H         LINE#         268
  C:3989H         LINE#         270
  -------         ENDPROC       _DISPLAYLCD_VCNL4035
  -------         ENDMOD        VCNL4035

  -------         MODULE        BIPOLARMOTOR
  C:0000H         SYMBOL        _ICE_DUMMY_
  D:0080H         PUBLIC        P0
  D:0090H         PUBLIC        P1
  X:0000H         PUBLIC        RX_pos_test
  D:00A0H         PUBLIC        P2
  D:00B0H         PUBLIC        P3
  D:00C0H         PUBLIC        P4
  D:00C8H         PUBLIC        P5
  D:00E8H         PUBLIC        P6
  D:00F8H         PUBLIC        P7
  X:00A0H         PUBLIC        low_date_azimuth_mapping
  D:00A8H         PUBLIC        IE
  C:2F41H         PUBLIC        linear_interpolate
  C:370CH         PUBLIC        _Move
  D:00B8H         PUBLIC        IP
  C:250AH         PUBLIC        _findDet3x3
  C:1F77H         PUBLIC        _findDet4x4
  D:00D8H         PUBLIC        CCON
  X:00C8H         PUBLIC        previous_move_time
  D:0098H         PUBLIC        SCON
  D:0088H         PUBLIC        TCON
  C:3995H         PUBLIC        wait
  C:3607H         PUBLIC        _Step_move
  X:00C9H         PUBLIC        dat
  C:000EH         PUBLIC        _Update_position
  C:34A6H         PUBLIC        vOneStepMove
  X:00CFH         PUBLIC        elevation_stamp
  X:010BH         PUBLIC        date_azimuth_mapping
  X:0133H         PUBLIC        RX_pos
  C:3838H         PUBLIC        _BCDtoDec1
  X:038BH         PUBLIC        degree
  X:038FH         PUBLIC        elevation_stamp_test
  D:00D0H         PUBLIC        PSW
  -------         PROC          L?0062
BL51 BANKED LINKER/LOCATER V6.22                                                      03/29/2019  13:38:26  PAGE 29


  -------         ENDPROC       L?0062
  -------         PROC          _BCDTODEC1
  D:0007H         SYMBOL        bcd
  -------         DO            
  D:0006H         SYMBOL        hi
  D:0007H         SYMBOL        lo
  -------         ENDDO         
  C:3838H         LINE#         28
  C:3838H         LINE#         29
  C:3838H         LINE#         31
  C:383DH         LINE#         32
  C:3841H         LINE#         33
  C:3848H         LINE#         34
  -------         ENDPROC       _BCDTODEC1
  -------         PROC          WAIT
  C:3995H         LINE#         36
  C:3995H         LINE#         38
  -------         ENDPROC       WAIT
  -------         PROC          VONESTEPMOVE
  B:0021H.0       SYMBOL        bDir
  C:34A6H         LINE#         40
  C:34A6H         LINE#         41
  C:34A6H         LINE#         43
  C:34ACH         LINE#         44
  C:34ACH         LINE#         45
  C:34AFH         LINE#         46
  C:34B8H         LINE#         47
  C:34BFH         LINE#         48
  C:34C4H         LINE#         49
  C:34C4H         LINE#         50
  C:34C4H         LINE#         52
  C:34C6H         LINE#         55
  C:34C6H         LINE#         56
  C:34C9H         LINE#         57
  C:34D2H         LINE#         58
  C:34D9H         LINE#         59
  C:34DFH         LINE#         60
  C:34E8H         LINE#         61
  C:34EFH         LINE#         62
  C:34EFH         LINE#         66
  -------         ENDPROC       VONESTEPMOVE
  -------         PROC          _STEP_MOVE
  X:063CH         SYMBOL        step
  B:0021H.1       SYMBOL        dir
  -------         DO            
  X:063EH         SYMBOL        i
  -------         ENDDO         
  C:3607H         LINE#         68
  C:360FH         LINE#         69
  C:360FH         LINE#         71
  C:3614H         LINE#         74
  C:362FH         LINE#         75
  C:362FH         LINE#         76
  C:3636H         LINE#         78
  C:3646H         LINE#         80
  -------         ENDPROC       _STEP_MOVE
  -------         PROC          _MOVE
BL51 BANKED LINKER/LOCATER V6.22                                                      03/29/2019  13:38:26  PAGE 30


  X:0640H         SYMBOL        distance
  B:0021H.2       SYMBOL        direction
  -------         DO            
  D:0006H         SYMBOL        step
  -------         ENDDO         
  C:370CH         LINE#         82
  C:3712H         LINE#         83
  C:3712H         LINE#         86
  C:372DH         LINE#         87
  -------         ENDPROC       _MOVE
  C:24EBH         SYMBOL        L?0058
  C:24FFH         SYMBOL        L?0059
  -------         PROC          L?0057
  -------         ENDPROC       L?0057
  C:24EBH         SYMBOL        L?0058
  C:24FFH         SYMBOL        L?0059
  -------         PROC          _FINDDET3X3
  X:05AFH         SYMBOL        a11
  X:05B3H         SYMBOL        a12
  X:05B7H         SYMBOL        a13
  X:05BBH         SYMBOL        a21
  X:05BFH         SYMBOL        a22
  X:05C3H         SYMBOL        a23
  X:05C7H         SYMBOL        a31
  X:05CBH         SYMBOL        a32
  X:05CFH         SYMBOL        a33
  C:250AH         LINE#         91
  C:2510H         LINE#         95
  C:2510H         LINE#         96
  C:26A7H         LINE#         98
  -------         ENDPROC       _FINDDET3X3
  -------         PROC          _FINDDET4X4
  X:056FH         SYMBOL        a11
  X:0573H         SYMBOL        a12
  X:0577H         SYMBOL        a13
  X:057BH         SYMBOL        a14
  X:057FH         SYMBOL        a21
  X:0583H         SYMBOL        a22
  X:0587H         SYMBOL        a23
  X:058BH         SYMBOL        a24
  X:058FH         SYMBOL        a31
  X:0593H         SYMBOL        a32
  X:0597H         SYMBOL        a33
  X:059BH         SYMBOL        a34
  X:059FH         SYMBOL        a41
  X:05A3H         SYMBOL        a42
  X:05A7H         SYMBOL        a43
  X:05ABH         SYMBOL        a44
  C:1F77H         LINE#         99
  C:1F7DH         LINE#         103
  C:1F7DH         LINE#         110
  C:2236H         LINE#         114
  -------         ENDPROC       _FINDDET4X4
  C:2F30H         SYMBOL        L?0061
  -------         PROC          L?0060
  -------         ENDPROC       L?0060
  C:2F30H         SYMBOL        L?0061
BL51 BANKED LINKER/LOCATER V6.22                                                      03/29/2019  13:38:26  PAGE 31


  -------         PROC          LINEAR_INTERPOLATE
  X:05F7H         SYMBOL        p1
  X:05FFH         SYMBOL        p2
  X:0607H         SYMBOL        x
  -------         DO            
  D:0004H         SYMBOL        fx
  -------         ENDDO         
  C:2F41H         LINE#         120
  C:2F41H         LINE#         121
  C:2F41H         LINE#         124
  C:2FE0H         LINE#         126
  C:2FE0H         LINE#         127
  -------         ENDPROC       LINEAR_INTERPOLATE
  -------         PROC          _UPDATE_POSITION
  D:0001H         SYMBOL        mnths
  D:0002H         SYMBOL        dys
  X:0475H         SYMBOL        hurs
  X:0476H         SYMBOL        mns
  X:0477H         SYMBOL        sconds
  X:0478H         SYMBOL        currnt_pos
  X:047BH         SYMBOL        offset_calib
  -------         DO            
  X:047FH         SYMBOL        date
  X:0481H         SYMBOL        i
  X:0483H         SYMBOL        yy
  X:0485H         SYMBOL        desired_distance
  X:0489H         SYMBOL        distance
  X:048DH         SYMBOL        JP_pos
  X:0491H         SYMBOL        pos_interpolate_azimuth
  X:04CDH         SYMBOL        current_local_sun_time
  X:04D1H         SYMBOL        azimuth
  X:04D5H         SYMBOL        elevation
  X:04D9H         SYMBOL        time_offset
  X:04DDH         SYMBOL        UTC_time
  X:04E1H         SYMBOL        declination
  X:04E5H         SYMBOL        p1
  X:04EDH         SYMBOL        p2
  X:04F5H         SYMBOL        time
  X:0507H         SYMBOL        location
  X:050FH         SYMBOL        sunCoord
  -------         ENDDO         
  C:000EH         LINE#         131
  C:0017H         LINE#         134
  C:0017H         LINE#         135
  C:0022H         LINE#         137
  C:003EH         LINE#         138
  C:0048H         LINE#         146
  C:0052H         LINE#         147
  C:005CH         LINE#         148
  C:0066H         LINE#         149
  C:0071H         LINE#         150
  C:007CH         LINE#         151
  C:0095H         LINE#         152
  C:00A6H         LINE#         153
  C:00B5H         LINE#         156
  C:00C9H         LINE#         160
  C:011BH         LINE#         161
BL51 BANKED LINKER/LOCATER V6.22                                                      03/29/2019  13:38:26  PAGE 32


  C:027FH         LINE#         162
  C:02CFH         LINE#         164
  C:03F7H         LINE#         166
  C:04C6H         LINE#         173
  C:050DH         LINE#         174
  C:050DH         LINE#         176
  C:0527H         LINE#         177
  C:0527H         LINE#         178
  C:0597H         LINE#         179
  C:0597H         LINE#         180
  C:059EH         LINE#         181
  C:059EH         LINE#         182
  C:05CBH         LINE#         183
  C:05E6H         LINE#         185
  C:062DH         LINE#         186
  C:0661H         LINE#         188
  C:06A7H         LINE#         189
  C:06CAH         LINE#         191
  C:06CAH         LINE#         193
  C:0740H         LINE#         194
  C:0740H         LINE#         195
  C:0747H         LINE#         196
  C:0747H         LINE#         197
  C:0774H         LINE#         198
  C:078FH         LINE#         200
  C:07D6H         LINE#         201
  C:080AH         LINE#         203
  C:0850H         LINE#         204
  C:0870H         LINE#         206
  C:0870H         LINE#         207
  C:0881H         LINE#         210
  C:089BH         LINE#         211
  C:089BH         LINE#         212
  C:090BH         LINE#         213
  C:090BH         LINE#         214
  C:0938H         LINE#         215
  C:0953H         LINE#         217
  C:0980H         LINE#         218
  C:099BH         LINE#         220
  C:09CDH         LINE#         223
  C:09CDH         LINE#         225
  C:09DEH         LINE#         227
  C:0A0DH         LINE#         229
  C:0A32H         LINE#         230
  C:0A97H         LINE#         231
  C:0A97H         LINE#         232
  C:0AB1H         LINE#         233
  C:0AC3H         LINE#         234
  C:0ADBH         LINE#         235
  C:0AF1H         LINE#         237
  C:0B0DH         LINE#         238
  C:0B0DH         LINE#         239
  C:0B0DH         LINE#         242
  -------         ENDPROC       _UPDATE_POSITION
  -------         ENDMOD        BIPOLARMOTOR

  -------         MODULE        SUNPOS
BL51 BANKED LINKER/LOCATER V6.22                                                      03/29/2019  13:38:26  PAGE 33


  C:0000H         SYMBOL        _ICE_DUMMY_
  C:13D0H         PUBLIC        sunpos
  -------         PROC          SUNPOS
  X:0512H         SYMBOL        udtTime
  X:0524H         SYMBOL        udtLocation
  X:052CH         SYMBOL        udtSunCoordinates
  -------         DO            
  X:052FH         SYMBOL        dElapsedJulianDays
  X:0533H         SYMBOL        dDecimalHours
  X:0537H         SYMBOL        dEclipticLongitude
  X:053BH         SYMBOL        dEclipticObliquity
  X:053FH         SYMBOL        dRightAscension
  X:0543H         SYMBOL        dDeclination
  X:0547H         SYMBOL        dY
  X:054BH         SYMBOL        dX
  -------         DO            
  X:054FH         SYMBOL        dJulianDate
  X:0553H         SYMBOL        liAux1
  X:0557H         SYMBOL        liAux2
  X:054FH         SYMBOL        dMeanLongitude
  X:0553H         SYMBOL        dMeanAnomaly
  X:0557H         SYMBOL        dOmega
  X:054FH         SYMBOL        dSin_EclipticLongitude
  X:054FH         SYMBOL        dGreenwichMeanSiderealTime
  X:0553H         SYMBOL        dLocalMeanSiderealTime
  X:0557H         SYMBOL        dLatitudeInRadians
  X:055BH         SYMBOL        dHourAngle
  X:055FH         SYMBOL        dCos_Latitude
  X:0563H         SYMBOL        dSin_Latitude
  X:0567H         SYMBOL        dCos_HourAngle
  X:056BH         SYMBOL        dParallax
  -------         ENDDO         
  -------         DO            
  X:054FH         SYMBOL        dMeanLongitude
  X:0553H         SYMBOL        dMeanAnomaly
  X:0557H         SYMBOL        dOmega
  X:054FH         SYMBOL        dSin_EclipticLongitude
  X:054FH         SYMBOL        dGreenwichMeanSiderealTime
  X:0553H         SYMBOL        dLocalMeanSiderealTime
  X:0557H         SYMBOL        dLatitudeInRadians
  X:055BH         SYMBOL        dHourAngle
  X:055FH         SYMBOL        dCos_Latitude
  X:0563H         SYMBOL        dSin_Latitude
  X:0567H         SYMBOL        dCos_HourAngle
  X:056BH         SYMBOL        dParallax
  -------         ENDDO         
  -------         DO            
  X:054FH         SYMBOL        dSin_EclipticLongitude
  X:054FH         SYMBOL        dGreenwichMeanSiderealTime
  X:0553H         SYMBOL        dLocalMeanSiderealTime
  X:0557H         SYMBOL        dLatitudeInRadians
  X:055BH         SYMBOL        dHourAngle
  X:055FH         SYMBOL        dCos_Latitude
  X:0563H         SYMBOL        dSin_Latitude
  X:0567H         SYMBOL        dCos_HourAngle
  X:056BH         SYMBOL        dParallax
  -------         ENDDO         
BL51 BANKED LINKER/LOCATER V6.22                                                      03/29/2019  13:38:26  PAGE 34


  -------         DO            
  X:054FH         SYMBOL        dGreenwichMeanSiderealTime
  X:0553H         SYMBOL        dLocalMeanSiderealTime
  X:0557H         SYMBOL        dLatitudeInRadians
  X:055BH         SYMBOL        dHourAngle
  X:055FH         SYMBOL        dCos_Latitude
  X:0563H         SYMBOL        dSin_Latitude
  X:0567H         SYMBOL        dCos_HourAngle
  X:056BH         SYMBOL        dParallax
  -------         ENDDO         
  -------         ENDDO         
  C:13D0H         LINE#         6
  C:13D0H         LINE#         7
  C:13D0H         LINE#         9
  C:13D0H         LINE#         27
  C:141AH         LINE#         30
  C:143BH         LINE#         31
  C:1582H         LINE#         34
  C:15CEH         LINE#         36
  C:15EDH         LINE#         37
  C:15EDH         LINE#         42
  C:15EDH         LINE#         46
  C:161FH         LINE#         47
  C:1649H         LINE#         48
  C:1673H         LINE#         49
  C:1720H         LINE#         52
  C:1781H         LINE#         54
  C:1781H         LINE#         59
  C:1781H         LINE#         61
  C:1798H         LINE#         62
  C:17C0H         LINE#         63
  C:17D7H         LINE#         64
  C:1802H         LINE#         65
  C:1839H         LINE#         66
  C:1864H         LINE#         67
  C:1864H         LINE#         70
  C:1864H         LINE#         79
  C:189FH         LINE#         82
  C:18D9H         LINE#         84
  C:18FEH         LINE#         85
  C:191DH         LINE#         86
  C:1934H         LINE#         87
  C:194BH         LINE#         88
  C:1962H         LINE#         89
  C:19EBH         LINE#         91
  C:1A05H         LINE#         92
  C:1A67H         LINE#         93
  C:1A9DH         LINE#         94
  C:1AAFH         LINE#         95
  C:1ADCH         LINE#         96
  C:1B09H         LINE#         98
  C:1B2BH         LINE#         100
  C:1B63H         LINE#         103
  C:1B63H         LINE#         104
  C:1B71H         LINE#         105
  -------         ENDPROC       SUNPOS
  -------         ENDMOD        SUNPOS
BL51 BANKED LINKER/LOCATER V6.22                                                      03/29/2019  13:38:26  PAGE 35



  -------         MODULE        ?C_STARTUP
  C:3259H         SEGMENT       ?C_C51STARTUP
  I:0022H         SEGMENT       ?STACK
  C:0000H         PUBLIC        ?C_STARTUP
  D:00E0H         SYMBOL        ACC
  D:00F0H         SYMBOL        B
  D:0083H         SYMBOL        DPH
  D:0082H         SYMBOL        DPL
  N:0000H         SYMBOL        IBPSTACK
  N:0100H         SYMBOL        IBPSTACKTOP
  N:0080H         SYMBOL        IDATALEN
  C:325CH         SYMBOL        IDATALOOP
  N:0000H         SYMBOL        PBPSTACK
  N:0100H         SYMBOL        PBPSTACKTOP
  N:0000H         SYMBOL        PDATALEN
  N:0000H         SYMBOL        PDATASTART
  N:0000H         SYMBOL        PPAGE
  N:0000H         SYMBOL        PPAGEENABLE
  D:00A0H         SYMBOL        PPAGE_SFR
  D:0081H         SYMBOL        SP
  C:3259H         SYMBOL        STARTUP1
  N:0000H         SYMBOL        XBPSTACK
  N:0000H         SYMBOL        XBPSTACKTOP
  N:0000H         SYMBOL        XDATALEN
  N:0000H         SYMBOL        XDATASTART
  C:0000H         LINE#         126
  C:3259H         LINE#         133
  C:325BH         LINE#         134
  C:325CH         LINE#         135
  C:325DH         LINE#         136
  C:325FH         LINE#         185
  C:3262H         LINE#         196
  -------         ENDMOD        ?C_STARTUP

  -------         MODULE        ?C?FPADD
  C:0B15H         PUBLIC        ?C?FPADD
  C:0B11H         PUBLIC        ?C?FPSUB
  -------         ENDMOD        ?C?FPADD

  -------         MODULE        ?C?FPMUL
  C:0C06H         PUBLIC        ?C?FPMUL
  -------         ENDMOD        ?C?FPMUL

  -------         MODULE        ?C?FPDIV
  C:0D0FH         PUBLIC        ?C?FPDIV
  -------         ENDMOD        ?C?FPDIV

  -------         MODULE        ?C?FPCMP
  C:0DAEH         PUBLIC        ?C?FPCMP
  C:0DACH         PUBLIC        ?C?FPCMP3
  -------         ENDMOD        ?C?FPCMP

  -------         MODULE        ?C?FPNEG
  C:0E25H         PUBLIC        ?C?FPNEG
  -------         ENDMOD        ?C?FPNEG

BL51 BANKED LINKER/LOCATER V6.22                                                      03/29/2019  13:38:26  PAGE 36


  -------         MODULE        ?C?FCAST
  C:0E40H         PUBLIC        ?C?FCASTC
  C:0E3BH         PUBLIC        ?C?FCASTI
  C:0E36H         PUBLIC        ?C?FCASTL
  -------         ENDMOD        ?C?FCAST

  -------         MODULE        ?C?CASTF
  C:0E74H         PUBLIC        ?C?CASTF
  -------         ENDMOD        ?C?CASTF

  -------         MODULE        ATAN2
  X:062BH         PUBLIC        ?_atan2?BYTE
  C:308DH         PUBLIC        _atan2
  -------         ENDMOD        ATAN2

  -------         MODULE        SIN
  C:2BE1H         PUBLIC        _COS
  C:2BF7H         PUBLIC        _SIN
  C:2C33H         PUBLIC        _TAN
  -------         ENDMOD        SIN

  -------         MODULE        ACOS
  C:34F0H         PUBLIC        _ACOS
  -------         ENDMOD        ACOS

  -------         MODULE        ASIN
  C:3647H         PUBLIC        _ASIN
  -------         ENDMOD        ASIN

  -------         MODULE        SQRT
  C:2FE5H         PUBLIC        _SQRT
  -------         ENDMOD        SQRT

  -------         MODULE        ATAN
  C:2D41H         PUBLIC        _ATAN
  -------         ENDMOD        ATAN

  -------         MODULE        ?C?COPY
  C:1012H         PUBLIC        ?C?COPY
  -------         ENDMOD        ?C?COPY

  -------         MODULE        ?C?CLDPTR
  C:1038H         PUBLIC        ?C?CLDPTR
  -------         ENDMOD        ?C?CLDPTR

  -------         MODULE        ?C?CSTPTR
  C:1051H         PUBLIC        ?C?CSTPTR
  -------         ENDMOD        ?C?CSTPTR

  -------         MODULE        ?C?IMUL
  C:1063H         PUBLIC        ?C?IMUL
  -------         ENDMOD        ?C?IMUL

  -------         MODULE        ?C?UIDIV
  C:1075H         PUBLIC        ?C?UIDIV
  -------         ENDMOD        ?C?UIDIV

BL51 BANKED LINKER/LOCATER V6.22                                                      03/29/2019  13:38:26  PAGE 37


  -------         MODULE        ?C?SIDIV
  C:10CAH         PUBLIC        ?C?SIDIV
  -------         ENDMOD        ?C?SIDIV

  -------         MODULE        ?C?ILDIX
  C:1100H         PUBLIC        ?C?ILDIX
  -------         ENDMOD        ?C?ILDIX

  -------         MODULE        ?C?LMUL
  C:1116H         PUBLIC        ?C?LMUL
  -------         ENDMOD        ?C?LMUL

  -------         MODULE        ?C?SLDIV
  C:3583H         PUBLIC        ?C?SLDIV
  -------         ENDMOD        ?C?SLDIV

  -------         MODULE        ?C?LNEG
  C:1165H         PUBLIC        ?C?LNEG
  -------         ENDMOD        ?C?LNEG

  -------         MODULE        ?C?LLDPTR
  C:1173H         PUBLIC        ?C?LLDPTR
  -------         ENDMOD        ?C?LLDPTR

  -------         MODULE        ?C?LLDOPTR
  C:1193H         PUBLIC        ?C?LLDOPTR
  -------         ENDMOD        ?C?LLDOPTR

  -------         MODULE        ?C?LSTPTR
  C:11C3H         PUBLIC        ?C?LSTPTR
  -------         ENDMOD        ?C?LSTPTR

  -------         MODULE        ?C?LSTOPTR
  C:11DDH         PUBLIC        ?C?LSTOPTR
  -------         ENDMOD        ?C?LSTOPTR

  -------         MODULE        ?C?LLDXDATA
  C:1201H         PUBLIC        ?C?LLDXDATA
  -------         ENDMOD        ?C?LLDXDATA

  -------         MODULE        ?C?LLDCODE
  C:120DH         PUBLIC        ?C?LLDCODE
  -------         ENDMOD        ?C?LLDCODE

  -------         MODULE        ?C?LLDXDATA0
  C:121DH         PUBLIC        ?C?LLDXDATA0
  -------         ENDMOD        ?C?LLDXDATA0

  -------         MODULE        ?C?LLDCODE0
  C:1229H         PUBLIC        ?C?LLDCODE0
  -------         ENDMOD        ?C?LLDCODE0

  -------         MODULE        ?C?LLDPTR0
  C:1239H         PUBLIC        ?C?LLDPTR0
  -------         ENDMOD        ?C?LLDPTR0

  -------         MODULE        ?C?LSTXDATA
BL51 BANKED LINKER/LOCATER V6.22                                                      03/29/2019  13:38:26  PAGE 38


  C:1259H         PUBLIC        ?C?LSTXDATA
  -------         ENDMOD        ?C?LSTXDATA

  -------         MODULE        ?C?LSTKXDATA
  C:1265H         PUBLIC        ?C?LSTKXDATA
  -------         ENDMOD        ?C?LSTKXDATA

  -------         MODULE        ?C?OFFXADD
  C:1296H         PUBLIC        ?C?OFFXADD
  -------         ENDMOD        ?C?OFFXADD

  -------         MODULE        ABS
  C:395EH         PUBLIC        _ABS
  -------         ENDMOD        ABS

  -------         MODULE        ATOI
  C:2E43H         PUBLIC        _atoi
  -------         ENDMOD        ATOI

  -------         MODULE        ?C?IILDX
  C:12A2H         PUBLIC        ?C?IILDX
  -------         ENDMOD        ?C?IILDX

  -------         MODULE        ?C?ULDIV
  C:12F4H         PUBLIC        ?C?ULDIV
  -------         ENDMOD        ?C?ULDIV

  -------         MODULE        ?C?LLDIDATA
  C:1386H         PUBLIC        ?C?LLDIDATA
  -------         ENDMOD        ?C?LLDIDATA

  -------         MODULE        ?C?LLDPDATA
  C:1392H         PUBLIC        ?C?LLDPDATA
  -------         ENDMOD        ?C?LLDPDATA

  -------         MODULE        ?C?LLDIDATA0
  C:139EH         PUBLIC        ?C?LLDIDATA0
  -------         ENDMOD        ?C?LLDIDATA0

  -------         MODULE        ?C?LLDPDATA0
  C:13ABH         PUBLIC        ?C?LLDPDATA0
  -------         ENDMOD        ?C?LLDPDATA0

  -------         MODULE        ?C?LSTIDATA
  C:13B8H         PUBLIC        ?C?LSTIDATA
  -------         ENDMOD        ?C?LSTIDATA

  -------         MODULE        ?C?LSTPDATA
  C:13C4H         PUBLIC        ?C?LSTPDATA
  -------         ENDMOD        ?C?LSTPDATA

  -------         MODULE        ISDIGIT
  C:3936H         PUBLIC        _isdigit
  -------         ENDMOD        ISDIGIT

  -------         MODULE        ISSPACE
  C:38CDH         PUBLIC        _isspace
BL51 BANKED LINKER/LOCATER V6.22                                                      03/29/2019  13:38:26  PAGE 39


  -------         ENDMOD        ISSPACE

*** WARNING L16: UNCALLED SEGMENT, IGNORED FOR OVERLAY PROCESS
    SEGMENT: ?PR?_DISPLAY_PROX?MAIN

*** WARNING L16: UNCALLED SEGMENT, IGNORED FOR OVERLAY PROCESS
    SEGMENT: ?PR?_READ_TIME?PCF85063BTL

*** WARNING L16: UNCALLED SEGMENT, IGNORED FOR OVERLAY PROCESS
    SEGMENT: ?PR?_DAY_OF_YEAR?PCF85063BTL

*** WARNING L16: UNCALLED SEGMENT, IGNORED FOR OVERLAY PROCESS
    SEGMENT: ?PR?INITUART1?UART1

*** WARNING L16: UNCALLED SEGMENT, IGNORED FOR OVERLAY PROCESS
    SEGMENT: ?PR?_SENDSTRING?UART1

*** WARNING L16: UNCALLED SEGMENT, IGNORED FOR OVERLAY PROCESS
    SEGMENT: ?PR?_TEN?UART1

*** WARNING L16: UNCALLED SEGMENT, IGNORED FOR OVERLAY PROCESS
    SEGMENT: ?PR?_UNIT?UART1

*** WARNING L16: UNCALLED SEGMENT, IGNORED FOR OVERLAY PROCESS
    SEGMENT: ?PR?_DECTOBCD?UART1

*** WARNING L16: UNCALLED SEGMENT, IGNORED FOR OVERLAY PROCESS
    SEGMENT: ?PR?_ASCII_LETTER?UART1

*** WARNING L16: UNCALLED SEGMENT, IGNORED FOR OVERLAY PROCESS
    SEGMENT: ?PR?_ASCIITOBCD?UART1

*** WARNING L16: UNCALLED SEGMENT, IGNORED FOR OVERLAY PROCESS
    SEGMENT: ?PR?LCD_RETURN_HOME?LCD_DRIVER_SPLC780D

*** WARNING L16: UNCALLED SEGMENT, IGNORED FOR OVERLAY PROCESS
    SEGMENT: ?PR?NOP?VCNL4035

*** WARNING L16: UNCALLED SEGMENT, IGNORED FOR OVERLAY PROCESS
    SEGMENT: ?PR?I2C_INIT?VCNL4035

*** WARNING L16: UNCALLED SEGMENT, IGNORED FOR OVERLAY PROCESS
    SEGMENT: ?PR?_READ_VCNL4035?VCNL4035

*** WARNING L16: UNCALLED SEGMENT, IGNORED FOR OVERLAY PROCESS
    SEGMENT: ?PR?_DISPLAYLCD_VCNL4035?VCNL4035

*** WARNING L16: UNCALLED SEGMENT, IGNORED FOR OVERLAY PROCESS
    SEGMENT: ?PR?WAIT?BIPOLARMOTOR

*** WARNING L16: UNCALLED SEGMENT, IGNORED FOR OVERLAY PROCESS
    SEGMENT: ?PR?_FINDDET4X4?BIPOLARMOTOR

*** WARNING L16: UNCALLED SEGMENT, IGNORED FOR OVERLAY PROCESS
    SEGMENT: ?PR?_UPDATE_POSITION?BIPOLARMOTOR

*** WARNING L1: UNRESOLVED EXTERNAL SYMBOL
BL51 BANKED LINKER/LOCATER V6.22                                                      03/29/2019  13:38:26  PAGE 40


    SYMBOL:  ADC_INIT
    MODULE:  .\Obj\main.obj (MAIN)

*** WARNING L1: UNRESOLVED EXTERNAL SYMBOL
    SYMBOL:  AUTO_MODE
    MODULE:  .\Obj\main.obj (MAIN)

*** WARNING L1: UNRESOLVED EXTERNAL SYMBOL
    SYMBOL:  _ADC_GETRESULT
    MODULE:  .\Obj\main.obj (MAIN)

*** WARNING L2: REFERENCE MADE TO UNRESOLVED EXTERNAL
    SYMBOL:  AUTO_MODE
    MODULE:  .\Obj\main.obj (MAIN)
    ADDRESS: 2877H

*** WARNING L2: REFERENCE MADE TO UNRESOLVED EXTERNAL
    SYMBOL:  ADC_INIT
    MODULE:  .\Obj\main.obj (MAIN)
    ADDRESS: 288EH

*** WARNING L2: REFERENCE MADE TO UNRESOLVED EXTERNAL
    SYMBOL:  AUTO_MODE
    MODULE:  .\Obj\main.obj (MAIN)
    ADDRESS: 29E0H

*** WARNING L2: REFERENCE MADE TO UNRESOLVED EXTERNAL
    SYMBOL:  AUTO_MODE
    MODULE:  .\Obj\main.obj (MAIN)
    ADDRESS: 29EEH

*** WARNING L2: REFERENCE MADE TO UNRESOLVED EXTERNAL
    SYMBOL:  _ADC_GETRESULT
    MODULE:  .\Obj\main.obj (MAIN)
    ADDRESS: 29FFH

*** WARNING L1: UNRESOLVED EXTERNAL SYMBOL
    SYMBOL:  _SENDUART1
    MODULE:  .\Obj\UART1.obj (UART1)

*** WARNING L2: REFERENCE MADE TO UNRESOLVED EXTERNAL
    SYMBOL:  _SENDUART1
    MODULE:  .\Obj\UART1.obj (UART1)
    ADDRESS: 36B0H

*** WARNING L1: UNRESOLVED EXTERNAL SYMBOL
    SYMBOL:  AUTO_MODE
    MODULE:  .\Obj\KeyPad.obj (KEYPAD)

*** WARNING L2: REFERENCE MADE TO UNRESOLVED EXTERNAL
    SYMBOL:  AUTO_MODE
    MODULE:  .\Obj\KeyPad.obj (KEYPAD)
    ADDRESS: 2284H

*** WARNING L2: REFERENCE MADE TO UNRESOLVED EXTERNAL
    SYMBOL:  AUTO_MODE
    MODULE:  .\Obj\KeyPad.obj (KEYPAD)
BL51 BANKED LINKER/LOCATER V6.22                                                      03/29/2019  13:38:26  PAGE 41


    ADDRESS: 228FH

*** WARNING L2: REFERENCE MADE TO UNRESOLVED EXTERNAL
    SYMBOL:  AUTO_MODE
    MODULE:  .\Obj\KeyPad.obj (KEYPAD)
    ADDRESS: 2296H

*** WARNING L1: UNRESOLVED EXTERNAL SYMBOL
    SYMBOL:  _WRITE_PI4IOE5V96248
    MODULE:  .\Obj\BipolarMotor.obj (BIPOLARMOTOR)

*** WARNING L2: REFERENCE MADE TO UNRESOLVED EXTERNAL
    SYMBOL:  _WRITE_PI4IOE5V96248
    MODULE:  .\Obj\BipolarMotor.obj (BIPOLARMOTOR)
    ADDRESS: 34B6H

*** WARNING L2: REFERENCE MADE TO UNRESOLVED EXTERNAL
    SYMBOL:  _WRITE_PI4IOE5V96248
    MODULE:  .\Obj\BipolarMotor.obj (BIPOLARMOTOR)
    ADDRESS: 34D0H

*** WARNING L2: REFERENCE MADE TO UNRESOLVED EXTERNAL
    SYMBOL:  _WRITE_PI4IOE5V96248
    MODULE:  .\Obj\BipolarMotor.obj (BIPOLARMOTOR)
    ADDRESS: 34E6H

Program Size: data=10.5 xdata=1626 code=14742
LINK/LOCATE RUN COMPLETE.  36 WARNING(S),  0 ERROR(S)
