BL51 BANKED LINKER/LOCATER V6.22                                                        02/05/2021  14:24:31  PAGE 1


BL51 BANKED LINKER/LOCATER V6.22, INVOKED BY:
C:\KEIL\C51\BIN\BL51.EXE .\Obj\main.obj, .\Obj\PCF85063BTL.obj, .\Obj\LCd_Driver_SPLC780D.obj, .\Obj\KeyPad.obj, .\Obj\B
>> ipolarMotor.obj, .\Obj\SunPos.obj, .\Obj\ADC.obj, .\Obj\Calibration.obj, .\Obj\IOExpander_PI4IOE5V96248.obj, .\Obj\AT
>> 25SF041.obj, .\Obj\SI1120.obj, .\Obj\UART1.obj, .\Obj\STARTUP.obj TO .\Obj\GPIO_RTC_Test RTX51TINY PRINT (.\Lis\GPIO_
>> RTC_Test.m51) RAMSIZE (256)


MEMORY MODEL: LARGE WITH FLOATING POINT ARITHMETIC


INPUT MODULES INCLUDED:
  .\Obj\main.obj (MAIN)
  .\Obj\PCF85063BTL.obj (PCF85063BTL)
  .\Obj\LCd_Driver_SPLC780D.obj (LCD_DRIVER_SPLC780D)
  .\Obj\KeyPad.obj (KEYPAD)
  .\Obj\BipolarMotor.obj (BIPOLARMOTOR)
  .\Obj\SunPos.obj (SUNPOS)
  .\Obj\ADC.obj (ADC)
  .\Obj\Calibration.obj (CALIBRATION)
  .\Obj\IOExpander_PI4IOE5V96248.obj (IOEXPANDER_PI4IOE5V96248)
  .\Obj\AT25SF041.obj (AT25SF041)
  .\Obj\SI1120.obj (SI1120)
  .\Obj\UART1.obj (UART1)
  .\Obj\STARTUP.obj (?C_STARTUP)
  C:\KEIL\C51\LIB\C51FPL.LIB (?C?FPADD)
  C:\KEIL\C51\LIB\C51FPL.LIB (?C?FPMUL)
  C:\KEIL\C51\LIB\C51FPL.LIB (?C?FPDIV)
  C:\KEIL\C51\LIB\C51FPL.LIB (?C?FPCMP)
  C:\KEIL\C51\LIB\C51FPL.LIB (?C?FPNEG)
  C:\KEIL\C51\LIB\C51FPL.LIB (?C?FCAST)
  C:\KEIL\C51\LIB\C51FPL.LIB (?C?CASTF)
  C:\KEIL\C51\LIB\C51FPL.LIB (PRINTF)
  C:\KEIL\C51\LIB\C51FPL.LIB (FABS)
  C:\KEIL\C51\LIB\C51FPL.LIB (ATAN2)
  C:\KEIL\C51\LIB\C51FPL.LIB (SIN)
  C:\KEIL\C51\LIB\C51FPL.LIB (ACOS)
  C:\KEIL\C51\LIB\C51FPL.LIB (ASIN)
  C:\KEIL\C51\LIB\C51FPL.LIB (?C?FPGETOPN)
  C:\KEIL\C51\LIB\C51FPL.LIB (?C?FPROUND)
  C:\KEIL\C51\LIB\C51FPL.LIB (?C?FPCONVERT)
  C:\KEIL\C51\LIB\C51FPL.LIB (?C?FPSERIES)
  C:\KEIL\C51\LIB\C51FPL.LIB (SQRT)
  C:\KEIL\C51\LIB\C51FPL.LIB (ATAN)
  C:\KEIL\C51\LIB\C51FPL.LIB (?C?FTNPWR)
  C:\KEIL\C51\LIB\C51L.LIB (?C_INIT)
  C:\KEIL\C51\LIB\C51L.LIB (?C?COPY)
  C:\KEIL\C51\LIB\C51L.LIB (?C?CLDPTR)
  C:\KEIL\C51\LIB\C51L.LIB (?C?CLDOPTR)
  C:\KEIL\C51\LIB\C51L.LIB (?C?CSTPTR)
  C:\KEIL\C51\LIB\C51L.LIB (?C?IMUL)
  C:\KEIL\C51\LIB\C51L.LIB (?C?UIDIV)
  C:\KEIL\C51\LIB\C51L.LIB (?C?SIDIV)
  C:\KEIL\C51\LIB\C51L.LIB (?C?ILDIX)
  C:\KEIL\C51\LIB\C51L.LIB (?C?ILDOPTR)
  C:\KEIL\C51\LIB\C51L.LIB (?C?ISTPTR)
  C:\KEIL\C51\LIB\C51L.LIB (?C?LMUL)
  C:\KEIL\C51\LIB\C51L.LIB (?C?SLDIV)
  C:\KEIL\C51\LIB\C51L.LIB (?C?LNEG)
BL51 BANKED LINKER/LOCATER V6.22                                                      02/05/2021  14:24:31  PAGE 2


  C:\KEIL\C51\LIB\C51L.LIB (?C?ULCMP)
  C:\KEIL\C51\LIB\C51L.LIB (?C?LSHL)
  C:\KEIL\C51\LIB\C51L.LIB (?C?LLDPTR)
  C:\KEIL\C51\LIB\C51L.LIB (?C?LLDOPTR)
  C:\KEIL\C51\LIB\C51L.LIB (?C?LSTPTR)
  C:\KEIL\C51\LIB\C51L.LIB (?C?LSTOPTR)
  C:\KEIL\C51\LIB\C51L.LIB (?C?LLDXDATA)
  C:\KEIL\C51\LIB\C51L.LIB (?C?LLDCODE)
  C:\KEIL\C51\LIB\C51L.LIB (?C?LLDXDATA0)
  C:\KEIL\C51\LIB\C51L.LIB (?C?LLDCODE0)
  C:\KEIL\C51\LIB\C51L.LIB (?C?LLDPTR0)
  C:\KEIL\C51\LIB\C51L.LIB (?C?LSTXDATA)
  C:\KEIL\C51\LIB\C51L.LIB (?C?LSTKXDATA)
  C:\KEIL\C51\LIB\C51L.LIB (?C?LSTKPTR)
  C:\KEIL\C51\LIB\C51L.LIB (?C?OFFXADD)
  C:\KEIL\C51\LIB\C51L.LIB (?C?PLDIXDATA)
  C:\KEIL\C51\LIB\C51L.LIB (?C?PSTXDATA)
  C:\KEIL\C51\LIB\C51L.LIB (?C?CCASE)
  C:\KEIL\C51\LIB\C51L.LIB (PUTCHAR)
  C:\KEIL\C51\LIB\C51L.LIB (ABS)
  C:\KEIL\C51\LIB\C51L.LIB (ATOI)
  C:\KEIL\C51\LIB\C51L.LIB (?C?IILDX)
  C:\KEIL\C51\LIB\C51L.LIB (?C?ULDIV)
  C:\KEIL\C51\LIB\C51L.LIB (?C?LLDIDATA)
  C:\KEIL\C51\LIB\C51L.LIB (?C?LLDPDATA)
  C:\KEIL\C51\LIB\C51L.LIB (?C?LLDIDATA0)
  C:\KEIL\C51\LIB\C51L.LIB (?C?LLDPDATA0)
  C:\KEIL\C51\LIB\C51L.LIB (?C?LSTIDATA)
  C:\KEIL\C51\LIB\C51L.LIB (?C?LSTPDATA)
  C:\KEIL\C51\LIB\C51L.LIB (?C?LSTKIDATA)
  C:\KEIL\C51\LIB\C51L.LIB (?C?LSTKPDATA)
  C:\KEIL\C51\LIB\C51L.LIB (ISDIGIT)
  C:\KEIL\C51\LIB\C51L.LIB (ISSPACE)


LINK MAP OF MODULE:  .\Obj\GPIO_RTC_Test (MAIN)


            TYPE    BASE      LENGTH    RELOCATION   SEGMENT NAME
            -----------------------------------------------------

            * * * * * * *   D A T A   M E M O R Y   * * * * * * *
            REG     0000H     0008H     ABSOLUTE     "REG BANK 0"
            DATA    0008H     0005H     UNIT         _DATA_GROUP_
                    000DH     0013H                  *** GAP ***
            BIT     0020H.0   0001H.1   UNIT         _BIT_GROUP_
            BIT     0021H.1   0000H.2   UNIT         ?BI?ATAN?ATAN
            BIT     0021H.3   0000H.1   UNIT         ?BI?MAIN
            BIT     0021H.4   0000H.1   UNIT         ?BI?VONESTEPMOVE?BIPOLARMOTOR
            BIT     0021H.5   0000H.1   UNIT         ?BI?_STEP_MOVE?BIPOLARMOTOR
            BIT     0021H.6   0000H.1   UNIT         ?BI?_MOVE?BIPOLARMOTOR
            BIT     0021H.7   0000H.1   UNIT         ?BI?SIN?SIN
            BIT     0022H.0   0000H.1   UNIT         ?BI?_ATOI?ATOI
                    0022H.1   0000H.7                *** GAP ***
            IDATA   0023H     0001H     UNIT         ?STACK

            * * * * * * *  X D A T A   M E M O R Y  * * * * * * *
BL51 BANKED LINKER/LOCATER V6.22                                                      02/05/2021  14:24:31  PAGE 3


            XDATA   0000H     031CH     UNIT         ?XD?BIPOLARMOTOR
            XDATA   031CH     019AH     UNIT         ?XD?MAIN
            XDATA   04B6H     00D1H     UNIT         ?XD?_FIND_REAL_MAX?CALIBRATION
            XDATA   0587H     006CH     UNIT         ?XD?_THEORICALJP_POSITION?BIPOLARMOTOR
            XDATA   05F3H     005DH     UNIT         ?XD?SUNPOS?SUNPOS
            XDATA   0650H     0030H     UNIT         _XDATA_GROUP_
            XDATA   0680H     0026H     UNIT         ?XD?_UPDATE_POSITION?BIPOLARMOTOR
            XDATA   06A6H     0024H     UNIT         ?XD?_CALIBRATION?CALIBRATION
            XDATA   06CAH     0019H     UNIT         ?XD?KEYPAD
            XDATA   06E3H     0018H     UNIT         ?XD?VOLTAGE_IS_STABLE?CALIBRATION
            XDATA   06FBH     0014H     UNIT         ?XD?LINEAR_INTERPOLATE?BIPOLARMOTOR
            XDATA   070FH     000FH     UNIT         ?XD?_READ_TIME?PCF85063BTL
            XDATA   071EH     000EH     UNIT         ?XD?SPI_NOR_WRITE_DATA?AT25SF041
            XDATA   072CH     000BH     UNIT         ?XD?_DISPLAY_POS?LCD_DRIVER_SPLC780D
            XDATA   0737H     0009H     UNIT         ?XD?_AZIMUTH_CALCULATION?BIPOLARMOTOR
            XDATA   0740H     0008H     UNIT         ?XD?_AT25SF041_WRITE?AT25SF041
            XDATA   0748H     0008H     UNIT         ?XD?_AT25SF041_READ?AT25SF041
            XDATA   0750H     0008H     UNIT         ?XD?_ATAN2?ATAN2
            XDATA   0758H     0006H     UNIT         ?XD?KEY_PROCESS?KEYPAD
            XDATA   075EH     0005H     UNIT         ?XD?_ELEVATION_CALCULATION?BIPOLARMOTOR
            XDATA   0763H     0005H     UNIT         ?XD?_ATOI?ATOI
            XDATA   0768H     0004H     UNIT         ?XD?_STEP_MOVE?BIPOLARMOTOR
            XDATA   076CH     0004H     UNIT         ?XD?_MOVE?BIPOLARMOTOR
            XDATA   0770H     0004H     UNIT         ?XD?_MAX_VALUE?CALIBRATION
            XDATA   0774H     0004H     UNIT         ?XD?SIN?SIN
            XDATA   0778H     0004H     UNIT         ?XD?SQRT?SQRT
            XDATA   077CH     0004H     UNIT         ?XD?ATAN?ATAN
            XDATA   0780H     0003H     UNIT         ?XD?KEY_SCAN?KEYPAD
            XDATA   0783H     0003H     UNIT         ?XD?_WRITE_PI4IOE5V96248?IOEXPANDER_PI4IOE5V96248
            XDATA   0786H     0003H     UNIT         ?XD?UCREAD_STATUS_REGISTER_BYTE1?AT25SF041
            XDATA   0789H     0003H     UNIT         ?XD?_UART1_SENDTOTCPSERVER?UART1
            XDATA   078CH     0002H     UNIT         ?XD?AT25SF041_CHIPERASE?AT25SF041
            XDATA   078EH     0002H     UNIT         ?XD?AT25SF041_WRITEENABLE?AT25SF041
            XDATA   0790H     0001H     UNIT         ?XD?_WRITEDATA?LCD_DRIVER_SPLC780D
            XDATA   0791H     0001H     UNIT         ?XD?_DISPLAYLCD?LCD_DRIVER_SPLC780D
            XDATA   0792H     0001H     UNIT         ?XD?I2C_ACK?IOEXPANDER_PI4IOE5V96248
            XDATA   0793H     0001H     UNIT         ?XD?UC_ACK?IOEXPANDER_PI4IOE5V96248
            XDATA   0794H     0001H     UNIT         ?XD?UC_NACK?IOEXPANDER_PI4IOE5V96248

            * * * * * * *   C O D E   M E M O R Y   * * * * * * *
            CODE    0000H     0003H     ABSOLUTE     
            CODE    0003H     0003H     ABSOLUTE     
            CODE    0006H     0005H     UNIT         ?PR?_UNIT?UART1
            CODE    000BH     0003H     ABSOLUTE     
            CODE    000EH     000DH     UNIT         ?PR?UART?MAIN
            CODE    001BH     0003H     ABSOLUTE     
            CODE    001EH     0005H     UNIT         ?PR?_ASCII_LETTER?UART1
            CODE    0023H     0003H     ABSOLUTE     
            CODE    0026H     0BAEH     UNIT         ?C?LIB_CODE
            CODE    0BD4H     07F7H     UNIT         ?PR?_FIND_REAL_MAX?CALIBRATION
            CODE    13CBH     07A2H     UNIT         ?PR?SUNPOS?SUNPOS
            CODE    1B6DH     06C1H     UNIT         ?PR?_UPDATE_POSITION?BIPOLARMOTOR
            CODE    222EH     04FFH     UNIT         ?PR?_THEORICALJP_POSITION?BIPOLARMOTOR
            CODE    272DH     0483H     UNIT         ?PR?PRINTF?PRINTF
            CODE    2BB0H     044AH     UNIT         ?PR?_AZIMUTH_CALCULATION?BIPOLARMOTOR
            CODE    2FFAH     03A2H     UNIT         ?C_INITSEG
            CODE    339CH     038CH     UNIT         ?PR?KEY_PROCESS?KEYPAD
BL51 BANKED LINKER/LOCATER V6.22                                                      02/05/2021  14:24:31  PAGE 4


            CODE    3728H     036DH     UNIT         ?PR?_ELEVATION_CALCULATION?BIPOLARMOTOR
            CODE    3A95H     02F5H     UNIT         ?PR?MAIN?MAIN
            CODE    3D8AH     01C7H     UNIT         ?PR?_CALIBRATION?CALIBRATION
            CODE    3F51H     018DH     UNIT         ?PR?KEY_SCAN?KEYPAD
            CODE    40DEH     0189H     UNIT         ?PR?SPI_NOR_WRITE_DATA?AT25SF041
            CODE    4267H     0188H     UNIT         ?PR?SIN?SIN
            CODE    43EFH     0155H     UNIT         ?PR?_DISPLAY_POS?LCD_DRIVER_SPLC780D
            CODE    4544H     0122H     UNIT         ?PR?ATAN?ATAN
            CODE    4666H     0110H     UNIT         ?PR?_AT25SF041_READ?AT25SF041
            CODE    4776H     0102H     UNIT         ?PR?_AT25SF041_WRITE?AT25SF041
            CODE    4878H     00DBH     UNIT         ?PR?_ATOI?ATOI
            CODE    4953H     00C3H     UNIT         ?PR?LINEAR_INTERPOLATE?BIPOLARMOTOR
            CODE    4A16H     00BBH     UNIT         ?PR?VOLTAGE_IS_STABLE?CALIBRATION
            CODE    4AD1H     00ADH     UNIT         ?PR?_WRITE_PI4IOE5V96248?IOEXPANDER_PI4IOE5V96248
            CODE    4B7EH     00ACH     UNIT         ?PR?SQRT?SQRT
            CODE    4C2AH     00A1H     UNIT         ?PR?UCREAD_STATUS_REGISTER_BYTE1?AT25SF041
            CODE    4CCBH     009DH     UNIT         ?PR?_ATAN2?ATAN2
            CODE    4D68H     009CH     UNIT         ?PR?_MAX_VALUE?CALIBRATION
            CODE    4E04H     008CH     UNIT         ?C_C51STARTUP
            CODE    4E90H     0088H     UNIT         ?PR?_DAY_OF_YEAR?PCF85063BTL
            CODE    4F18H     0079H     UNIT         ?PR?_WRITEDATA?LCD_DRIVER_SPLC780D
            CODE    4F91H     0072H     UNIT         ?PR?AT25SF041_WRITEENABLE?AT25SF041
            CODE    5003H     006FH     UNIT         ?PR?_READ_TIME?PCF85063BTL
            CODE    5072H     005AH     UNIT         ?PR?AT25SF041_CHIPERASE?AT25SF041
            CODE    50CCH     0059H     UNIT         ?PR?LCD_INIT?LCD_DRIVER_SPLC780D
            CODE    5125H     004FH     UNIT         ?PR?_ADC_GETRESULT?ADC
            CODE    5174H     004BH     UNIT         ?CO?UART1
            CODE    51BFH     004AH     UNIT         ?PR?VONESTEPMOVE?BIPOLARMOTOR
            CODE    5209H     004AH     UNIT         ?PR?ACOS?ACOS
            CODE    5253H     0044H     UNIT         ?C?LDIV
            CODE    5297H     0040H     UNIT         ?PR?_COMMAND?LCD_DRIVER_SPLC780D
            CODE    52D7H     0040H     UNIT         ?PR?_STEP_MOVE?BIPOLARMOTOR
            CODE    5317H     003BH     UNIT         ?PR?ASIN?ASIN
            CODE    5352H     0035H     UNIT         ?PR?TM1_ISR?MAIN
            CODE    5387H     0033H     UNIT         ?PR?_SENDSTRING?UART1
            CODE    53BAH     0031H     UNIT         ?PR?SI1120_CONFIG_MODE_VIRH?SI1120
            CODE    53EBH     002BH     UNIT         ?PR?_WAIT_MS_I2C?IOEXPANDER_PI4IOE5V96248
            CODE    5416H     002BH     UNIT         ?PR?_WAIT_MS_SPINOR?AT25SF041
            CODE    5441H     0028H     UNIT         ?PR?_BCDTODEC1?BIPOLARMOTOR
            CODE    5469H     0028H     UNIT         ?PR?_MOVE?BIPOLARMOTOR
            CODE    5491H     0028H     UNIT         ?CO?CALIBRATION
            CODE    54B9H     0027H     UNIT         ?PR?_I2C_SENDBYTE?IOEXPANDER_PI4IOE5V96248
            CODE    54E0H     0027H     UNIT         ?PR?PUTCHAR?PUTCHAR
            CODE    5507H     0024H     UNIT         ?PR?_WAIT_MS?LCD_DRIVER_SPLC780D
            CODE    552BH     0024H     UNIT         ?PR?_FINDCLOSESTSAMEDAYCALIBTIME?CALIBRATION
            CODE    554FH     0024H     UNIT         ?PR?_UART1_SENDTOTCPSERVER?UART1
            CODE    5573H     0020H     UNIT         ?PR?_SPI_SENDBYTE?PCF85063BTL
            CODE    5593H     0020H     UNIT         ?PR?SPI_RECEIVEBYTE?PCF85063BTL
            CODE    55B3H     001EH     UNIT         ?PR?_DELAY_MS?KEYPAD
            CODE    55D1H     001DH     UNIT         ?PR?_DISPLAYLCD?LCD_DRIVER_SPLC780D
            CODE    55EEH     0018H     UNIT         ?PR?_SPI_WRITETIME?PCF85063BTL
            CODE    5606H     0017H     UNIT         ?PR?_ASCIITOBCD?UART1
            CODE    561DH     0016H     UNIT         ?PR?I2C_ACK?IOEXPANDER_PI4IOE5V96248
            CODE    5633H     0015H     UNIT         ?PR?_DISPLAY_LINE?LCD_DRIVER_SPLC780D
            CODE    5648H     0015H     UNIT         ?PR?VSETLOCATION?BIPOLARMOTOR
            CODE    565DH     0015H     UNIT         ?PR?I2C_STOP?IOEXPANDER_PI4IOE5V96248
            CODE    5672H     0014H     UNIT         ?CO?MAIN
BL51 BANKED LINKER/LOCATER V6.22                                                      02/05/2021  14:24:31  PAGE 5


            CODE    5686H     0014H     UNIT         ?PR?_PCF85063BTL_DELAY?PCF85063BTL
            CODE    569AH     0014H     UNIT         ?PR?_ISSPACE?ISSPACE
            CODE    56AEH     0011H     UNIT         ?PR?_SPI_READTIME?PCF85063BTL
            CODE    56BFH     0011H     UNIT         ?PR?_BCDTODEC?PCF85063BTL
            CODE    56D0H     0011H     UNIT         ?PR?ADC_INIT?ADC
            CODE    56E1H     0011H     UNIT         ?PR?INITUART1?UART1
            CODE    56F2H     000FH     UNIT         ?PR?I2C_START?IOEXPANDER_PI4IOE5V96248
            CODE    5701H     000FH     UNIT         ?PR?UC_NACK?IOEXPANDER_PI4IOE5V96248
            CODE    5710H     000FH     UNIT         ?PR?_ISDIGIT?ISDIGIT
            CODE    571FH     000DH     UNIT         ?PR?SPI_INIT?PCF85063BTL
            CODE    572CH     000DH     UNIT         ?PR?ENABLE_EXTINT0?SI1120
            CODE    5739H     000DH     UNIT         ?PR?_FABS?FABS
            CODE    5746H     000CH     UNIT         ?PR?KEYPAD_IO_INIT?KEYPAD
            CODE    5752H     000CH     UNIT         ?PR?_ABS?ABS
            CODE    575EH     000AH     UNIT         ?PR?LCD_RETURN_HOME?LCD_DRIVER_SPLC780D
            CODE    5768H     000AH     UNIT         ?PR?LCD_CLEAR?LCD_DRIVER_SPLC780D
            CODE    5772H     0009H     UNIT         ?PR?_SENDUART1?MAIN
            CODE    577BH     0009H     UNIT         ?PR?UART1_INITTCPCONN?UART1
            CODE    5784H     0007H     UNIT         ?PR?TM0_ISR?MAIN
            CODE    578BH     0006H     UNIT         ?PR?UC_ACK?IOEXPANDER_PI4IOE5V96248
            CODE    5791H     0006H     UNIT         ?PR?_TEN?UART1
            CODE    5797H     0001H     UNIT         ?PR?EXINT0?MAIN
            CODE    5798H     0001H     UNIT         ?PR?NOP?IOEXPANDER_PI4IOE5V96248
            CODE    5799H     0001H     UNIT         ?PR?_DECTOBCD?UART1



OVERLAY MAP OF MODULE:   .\Obj\GPIO_RTC_Test (MAIN)


SEGMENT                                             BIT_GROUP          DATA_GROUP          XDATA_GROUP
  +--> CALLED SEGMENT                            START    LENGTH     START    LENGTH     START    LENGTH
--------------------------------------------------------------------------------------------------------
?C_C51STARTUP                                    -----    -----      -----    -----      -----    -----
  +--> ?PR?MAIN?MAIN
  +--> ?C_INITSEG

?PR?MAIN?MAIN                                    -----    -----      -----    -----      -----    -----
  +--> ?PR?ADC_INIT?ADC
  +--> ?PR?INITUART1?UART1
  +--> ?PR?_ADC_GETRESULT?ADC
  +--> ?CO?MAIN
  +--> ?PR?PRINTF?PRINTF
  +--> ?PR?_SENDSTRING?UART1
  +--> ?PR?_WAIT_MS?LCD_DRIVER_SPLC780D

?PR?PRINTF?PRINTF                                0020H.0  0001H.1    0008H    0005H      0650H    0030H
  +--> ?PR?PUTCHAR?PUTCHAR

?PR?_SENDSTRING?UART1                            -----    -----      -----    -----      0650H    0003H
  +--> ?PR?_SENDUART1?MAIN



SYMBOL TABLE OF MODULE:  .\Obj\GPIO_RTC_Test (MAIN)

  VALUE           TYPE          NAME
BL51 BANKED LINKER/LOCATER V6.22                                                      02/05/2021  14:24:31  PAGE 6


  ----------------------------------

  -------         MODULE        MAIN
  C:0000H         SYMBOL        _ICE_DUMMY_
  X:031CH         PUBLIC        calib_value
  D:0080H         PUBLIC        P0
  D:0090H         PUBLIC        P1
  D:00A0H         PUBLIC        P2
  D:00B0H         PUBLIC        P3
  D:00C0H         PUBLIC        P4
  D:00C8H         PUBLIC        P5
  X:0370H         SYMBOL        PressedKey
  B:00A8H.7       PUBLIC        EA
  D:00E8H         PUBLIC        P6
  X:0374H         PUBLIC        calib_stamp
  D:00F8H         PUBLIC        P7
  X:0375H         PUBLIC        sTempString
  X:037EH         PUBLIC        calib_bool
  X:03A8H         PUBLIC        pwm_time_min
  D:00A8H         PUBLIC        IE
  X:03ACH         PUBLIC        calib_time
  X:0400H         PUBLIC        pwm_time_max
  X:0404H         PUBLIC        gas_sensor_voltage
  X:0408H         PUBLIC        gas_sensor1_ADC
  X:040EH         PUBLIC        gas_sensor2_ADC
  X:0414H         PUBLIC        gas_sensor3_ADC
  X:041AH         PUBLIC        gas_sensor4_ADC
  D:00B8H         PUBLIC        IP
  B:0098H.0       PUBLIC        RI
  X:0420H         PUBLIC        months
  B:0098H.1       PUBLIC        TI
  C:000EH         PUBLIC        Uart
  D:00D8H         PUBLIC        CCON
  C:3A95H         PUBLIC        main
  X:0421H         PUBLIC        found_1st_point
  X:0423H         PUBLIC        i_point1
  X:0425H         PUBLIC        i_point2
  X:0427H         PUBLIC        day_offset
  X:0429H         PUBLIC        count
  D:0099H         PUBLIC        SBUF
  X:042BH         PUBLIC        days
  X:042CH         PUBLIC        hours
  D:0098H         PUBLIC        SCON
  D:0089H         PUBLIC        TMOD
  D:0088H         PUBLIC        TCON
  X:042DH         SYMBOL        KeyCount
  X:042FH         PUBLIC        mins
  X:0430H         PUBLIC        diff_of_offset
  D:008EH         PUBLIC        AUXR
  C:5784H         PUBLIC        tm0_isr
  C:5352H         PUBLIC        tm1_isr
  B:0021H.3       PUBLIC        busy
  D:00E0H         PUBLIC        ACC
  B:00A8H.3       PUBLIC        ET1
  X:0434H         PUBLIC        SPI_NOR_INTERNAL_FLASH_ADDR
  D:008CH         PUBLIC        TH0
  D:008DH         PUBLIC        TH1
BL51 BANKED LINKER/LOCATER V6.22                                                      02/05/2021  14:24:31  PAGE 7


  D:008AH         PUBLIC        TL0
  D:008BH         PUBLIC        TL1
  X:0438H         PUBLIC        ii
  X:043AH         PUBLIC        jj
  B:0088H.6       PUBLIC        TR1
  X:043CH         PUBLIC        old_mins
  C:5797H         PUBLIC        exint0
  X:043DH         SYMBOL        KeyNum
  X:043EH         SYMBOL        KeyNum_Old
  X:043FH         PUBLIC        a
  X:044BH         PUBLIC        b
  X:0457H         PUBLIC        timer0_count
  X:0459H         PUBLIC        current_position
  X:045DH         PUBLIC        pwm_time
  X:0461H         PUBLIC        i
  X:0463H         PUBLIC        j
  X:0465H         PUBLIC        cRead_adc
  X:0466H         PUBLIC        n
  X:0468H         PUBLIC        Enable_UpdateSPINOR
  X:046AH         PUBLIC        filted_gas_sensor1_ADC
  X:0476H         PUBLIC        flag_500ms
  X:0478H         PUBLIC        filted_gas_sensor2_ADC
  X:0484H         PUBLIC        start_timer0_count
  X:0485H         PUBLIC        seconds
  X:0486H         PUBLIC        filted_gas_sensor3_ADC
  X:0492H         PUBLIC        filted_gas_sensor4_ADC
  X:049EH         PUBLIC        filted_gas_sensor5_ADC
  X:04AAH         PUBLIC        filted_gas_sensor6_ADC
  D:00D0H         PUBLIC        PSW
  C:5772H         PUBLIC        _SendUART1
  -------         PROC          TM0_ISR
  C:5784H         LINE#         113
  C:5784H         LINE#         117
  C:5787H         LINE#         118
  C:578AH         LINE#         122
  -------         ENDPROC       TM0_ISR
  -------         PROC          TM1_ISR
  C:5352H         LINE#         126
  C:5358H         LINE#         130
  C:535BH         LINE#         131
  C:535EH         LINE#         132
  C:5364H         LINE#         133
  C:5372H         LINE#         134
  C:5380H         LINE#         138
  -------         ENDPROC       TM1_ISR
  -------         PROC          EXINT0
  C:5797H         LINE#         139
  C:5797H         LINE#         142
  -------         ENDPROC       EXINT0
  -------         PROC          MAIN
  C:3A95H         LINE#         144
  C:3A95H         LINE#         145
  C:3A95H         LINE#         147
  C:3A98H         LINE#         154
  C:3A9BH         LINE#         155
  C:3A9EH         LINE#         156
  C:3AA1H         LINE#         157
BL51 BANKED LINKER/LOCATER V6.22                                                      02/05/2021  14:24:31  PAGE 8


  C:3AA3H         LINE#         158
  C:3AA5H         LINE#         159
  C:3AA8H         LINE#         160
  C:3AAAH         LINE#         161
  C:3AACH         LINE#         163
  C:3AAEH         LINE#         166
  C:3AB1H         LINE#         176
  C:3AB1H         LINE#         177
  C:3AB1H         LINE#         182
  C:3AB9H         LINE#         183
  C:3AB9H         LINE#         184
  C:3ACCH         LINE#         189
  C:3ADFH         LINE#         211
  C:3AF2H         LINE#         214
  C:3B05H         LINE#         217
  C:3B18H         LINE#         220
  C:3B2BH         LINE#         233
  C:3B30H         LINE#         234
  C:3B30H         LINE#         235
  C:3B41H         LINE#         236
  C:3B41H         LINE#         237
  C:3B80H         LINE#         238
  C:3B89H         LINE#         239
  C:3B92H         LINE#         240
  C:3B9BH         LINE#         241
  C:3BA2H         LINE#         242
  C:3BE1H         LINE#         243
  C:3BEAH         LINE#         244
  C:3BF3H         LINE#         245
  C:3BFCH         LINE#         246
  C:3C03H         LINE#         249
  C:3C42H         LINE#         250
  C:3C4BH         LINE#         251
  C:3C54H         LINE#         252
  C:3C5DH         LINE#         253
  C:3C64H         LINE#         255
  C:3CA3H         LINE#         256
  C:3CACH         LINE#         257
  C:3CB5H         LINE#         258
  C:3CBEH         LINE#         259
  C:3CC5H         LINE#         261
  C:3D04H         LINE#         262
  C:3D0DH         LINE#         263
  C:3D16H         LINE#         264
  C:3D1FH         LINE#         265
  C:3D26H         LINE#         267
  C:3D65H         LINE#         268
  C:3D6EH         LINE#         269
  C:3D77H         LINE#         270
  C:3D80H         LINE#         271
  C:3D87H         LINE#         274
  C:3D87H         LINE#         276
  -------         ENDPROC       MAIN
  -------         PROC          UART
  C:000EH         LINE#         284
  C:000EH         LINE#         286
  C:0011H         LINE#         287
BL51 BANKED LINKER/LOCATER V6.22                                                      02/05/2021  14:24:31  PAGE 9


  C:0011H         LINE#         288
  C:0013H         LINE#         290
  C:0013H         LINE#         291
  C:0016H         LINE#         292
  C:0016H         LINE#         293
  C:0018H         LINE#         294
  C:001AH         LINE#         295
  C:001AH         LINE#         296
  -------         ENDPROC       UART
  -------         PROC          _SENDUART1
  D:0007H         SYMBOL        dat
  C:5772H         LINE#         298
  C:5772H         LINE#         299
  C:5772H         LINE#         300
  C:5775H         LINE#         301
  C:5777H         LINE#         302
  C:5778H         LINE#         303
  C:577AH         LINE#         304
  -------         ENDPROC       _SENDUART1
  -------         ENDMOD        MAIN

  -------         MODULE        PCF85063BTL
  C:0000H         SYMBOL        _ICE_DUMMY_
  D:0096H         PUBLIC        P2M0
  D:0080H         PUBLIC        P0
  D:0095H         PUBLIC        P2M1
  D:0090H         PUBLIC        P1
  D:00A0H         PUBLIC        P2
  D:00B0H         PUBLIC        P3
  D:00C0H         PUBLIC        P4
  D:00C8H         PUBLIC        P5
  D:00E8H         PUBLIC        P6
  B:00A0H.1       PUBLIC        PCF85063BTL_SDI
  D:00F8H         PUBLIC        P7
  B:00A0H.2       PUBLIC        PCF85063BTL_SCK
  B:00A0H.1       PUBLIC        PCF85063BTL_SDO
  D:00A8H         PUBLIC        IE
  C:5003H         PUBLIC        _Read_time
  C:568CH         PUBLIC        _PCF85063BTL_Delay
  D:00B8H         PUBLIC        IP
  D:00D8H         PUBLIC        CCON
  C:4E90H         PUBLIC        _Day_Of_Year
  C:5593H         PUBLIC        SPI_ReceiveByte
  D:0098H         PUBLIC        SCON
  D:0088H         PUBLIC        TCON
  C:56BFH         PUBLIC        _BCDtoDec
  B:00A0H.0       PUBLIC        PCF85063BTL_CS
  C:56AEH         PUBLIC        _SPI_ReadTime
  C:571FH         PUBLIC        SPI_Init
  C:55EEH         PUBLIC        _SPI_WriteTime
  C:5573H         PUBLIC        _SPI_SendByte
  D:00D0H         PUBLIC        PSW
  C:5688H         SYMBOL        L?0048
  -------         PROC          L?0047
  -------         ENDPROC       L?0047
  C:5688H         SYMBOL        L?0048
  -------         PROC          _PCF85063BTL_DELAY
BL51 BANKED LINKER/LOCATER V6.22                                                      02/05/2021  14:24:31  PAGE 10


  D:0006H         SYMBOL        us
  C:568CH         LINE#         8
  C:568CH         LINE#         9
  C:568CH         LINE#         10
  C:5696H         LINE#         11
  C:5696H         LINE#         12
  C:5697H         LINE#         13
  C:5699H         LINE#         14
  -------         ENDPROC       _PCF85063BTL_DELAY
  -------         PROC          _SPI_SENDBYTE
  D:0005H         SYMBOL        dat
  -------         DO            
  D:0003H         SYMBOL        i
  -------         ENDDO         
  C:5573H         LINE#         17
  C:5575H         LINE#         18
  C:5575H         LINE#         20
  C:5577H         LINE#         21
  C:5577H         LINE#         22
  C:5579H         LINE#         23
  C:557DH         LINE#         24
  C:557DH         LINE#         25
  C:557FH         LINE#         26
  C:5581H         LINE#         28
  C:5581H         LINE#         29
  C:5583H         LINE#         30
  C:5583H         LINE#         31
  C:5586H         LINE#         32
  C:5586H         LINE#         33
  C:5589H         LINE#         34
  C:558DH         LINE#         35
  C:5592H         LINE#         36
  -------         ENDPROC       _SPI_SENDBYTE
  -------         PROC          SPI_RECEIVEBYTE
  -------         DO            
  D:0003H         SYMBOL        i
  D:0005H         SYMBOL        dat
  -------         ENDDO         
  C:5593H         LINE#         39
  C:5593H         LINE#         40
  C:5593H         LINE#         42
  C:5595H         LINE#         44
  C:5597H         LINE#         45
  C:5598H         LINE#         46
  C:5598H         LINE#         47
  C:559CH         LINE#         48
  C:559EH         LINE#         49
  C:55A1H         LINE#         51
  C:55A4H         LINE#         52
  C:55A4H         LINE#         53
  C:55A8H         LINE#         54
  C:55A8H         LINE#         55
  C:55A8H         LINE#         56
  C:55ABH         LINE#         57
  C:55B0H         LINE#         58
  C:55B2H         LINE#         59
  -------         ENDPROC       SPI_RECEIVEBYTE
BL51 BANKED LINKER/LOCATER V6.22                                                      02/05/2021  14:24:31  PAGE 11


  -------         PROC          _SPI_READTIME
  D:0007H         SYMBOL        addr
  -------         DO            
  D:0006H         SYMBOL        dat
  -------         ENDDO         
  C:56AEH         LINE#         61
  C:56AEH         LINE#         62
  C:56AEH         LINE#         64
  C:56B0H         LINE#         65
  C:56B2H         LINE#         66
  C:56B9H         LINE#         67
  C:56BCH         LINE#         68
  C:56BEH         LINE#         69
  C:56BEH         LINE#         70
  -------         ENDPROC       _SPI_READTIME
  -------         PROC          _SPI_WRITETIME
  D:0002H         SYMBOL        val
  D:0005H         SYMBOL        addr
  C:55EEH         LINE#         71
  C:55F0H         LINE#         72
  C:55F0H         LINE#         74
  C:55F2H         LINE#         75
  C:55F9H         LINE#         76
  C:55FEH         LINE#         77
  C:5603H         LINE#         78
  C:5605H         LINE#         79
  -------         ENDPROC       _SPI_WRITETIME
  -------         PROC          SPI_INIT
  C:571FH         LINE#         83
  C:571FH         LINE#         84
  C:571FH         LINE#         89
  C:5722H         LINE#         90
  C:5725H         LINE#         91
  C:5727H         LINE#         92
  C:5729H         LINE#         93
  C:572BH         LINE#         94
  -------         ENDPROC       SPI_INIT
  -------         PROC          _READ_TIME
  X:070FH         SYMBOL        months
  X:0712H         SYMBOL        days
  X:0715H         SYMBOL        hours
  X:0718H         SYMBOL        mins
  X:071BH         SYMBOL        seconds
  C:5003H         LINE#         96
  C:500EH         LINE#         97
  C:500EH         LINE#         99
  C:5022H         LINE#         101
  C:5036H         LINE#         103
  C:504AH         LINE#         108
  C:505EH         LINE#         113
  -------         ENDPROC       _READ_TIME
  -------         PROC          _BCDTODEC
  D:0007H         SYMBOL        bcd
  -------         DO            
  D:0006H         SYMBOL        hi
  D:0007H         SYMBOL        lo
  -------         ENDDO         
BL51 BANKED LINKER/LOCATER V6.22                                                      02/05/2021  14:24:31  PAGE 12


  C:56BFH         LINE#         119
  C:56BFH         LINE#         120
  C:56BFH         LINE#         122
  C:56C4H         LINE#         123
  C:56C8H         LINE#         124
  C:56CFH         LINE#         125
  -------         ENDPROC       _BCDTODEC
  -------         PROC          _DAY_OF_YEAR
  D:0007H         SYMBOL        months_bcd
  D:0005H         SYMBOL        days_bcd
  -------         DO            
  D:0004H         SYMBOL        months
  D:0007H         SYMBOL        days
  -------         ENDDO         
  C:4E90H         LINE#         126
  C:4E90H         LINE#         127
  C:4E90H         LINE#         130
  C:4E95H         LINE#         132
  C:4E9AH         LINE#         134
  C:4ED3H         LINE#         135
  C:4ED3H         LINE#         136
  C:4ED3H         LINE#         137
  C:4ED6H         LINE#         138
  C:4ED6H         LINE#         139
  C:4ED6H         LINE#         140
  C:4EDBH         LINE#         141
  C:4EDBH         LINE#         142
  C:4EDBH         LINE#         143
  C:4EE0H         LINE#         144
  C:4EE0H         LINE#         145
  C:4EE0H         LINE#         146
  C:4EE5H         LINE#         147
  C:4EE5H         LINE#         148
  C:4EE5H         LINE#         149
  C:4EEAH         LINE#         150
  C:4EEAH         LINE#         151
  C:4EEAH         LINE#         152
  C:4EEFH         LINE#         153
  C:4EEFH         LINE#         154
  C:4EEFH         LINE#         155
  C:4EF4H         LINE#         156
  C:4EF4H         LINE#         157
  C:4EF4H         LINE#         158
  C:4EF9H         LINE#         159
  C:4EF9H         LINE#         160
  C:4EF9H         LINE#         161
  C:4F01H         LINE#         162
  C:4F01H         LINE#         163
  C:4F01H         LINE#         164
  C:4F06H         LINE#         165
  C:4F06H         LINE#         166
  C:4F06H         LINE#         167
  C:4F0BH         LINE#         168
  C:4F0BH         LINE#         169
  C:4F0BH         LINE#         170
  C:4F14H         LINE#         171
  C:4F14H         LINE#         172
BL51 BANKED LINKER/LOCATER V6.22                                                      02/05/2021  14:24:31  PAGE 13


  C:4F14H         LINE#         173
  C:4F17H         LINE#         174
  C:4F17H         LINE#         175
  -------         ENDPROC       _DAY_OF_YEAR
  -------         ENDMOD        PCF85063BTL

  -------         MODULE        LCD_DRIVER_SPLC780D
  C:0000H         SYMBOL        _ICE_DUMMY_
  D:0092H         PUBLIC        P1M0
  D:0091H         PUBLIC        P1M1
  D:0080H         PUBLIC        P0
  D:0090H         PUBLIC        P1
  D:00A0H         PUBLIC        P2
  D:00B0H         PUBLIC        P3
  D:00C0H         PUBLIC        P4
  D:00C8H         PUBLIC        P5
  D:00E8H         PUBLIC        P6
  D:00F8H         PUBLIC        P7
  C:4F1CH         PUBLIC        _WriteData
  D:00A8H         PUBLIC        IE
  D:00B8H         PUBLIC        IP
  D:00D8H         PUBLIC        CCON
  B:00B0H.4       PUBLIC        LCD_D4
  B:00B0H.5       PUBLIC        LCD_D5
  B:00B0H.6       PUBLIC        LCD_D6
  C:55D1H         PUBLIC        _DisplayLCD
  B:00B0H.7       PUBLIC        LCD_D7
  D:0098H         PUBLIC        SCON
  D:0088H         PUBLIC        TCON
  C:5768H         PUBLIC        LCD_clear
  C:5297H         PUBLIC        _Command
  C:5633H         PUBLIC        _Display_Line
  C:50CCH         PUBLIC        LCD_Init
  C:550DH         PUBLIC        _Wait_ms
  B:00C0H.0       PUBLIC        LCD_RS
  B:0090H.3       PUBLIC        LCD_RW
  C:575EH         PUBLIC        LCD_return_home
  C:43EFH         PUBLIC        _Display_Pos
  B:00B0H.3       PUBLIC        LCD_E
  D:00D0H         PUBLIC        PSW
  -------         PROC          LCD_INIT
  C:50CCH         LINE#         9
  C:50CCH         LINE#         10
  C:50CCH         LINE#         11
  C:50CFH         LINE#         12
  C:50D2H         LINE#         14
  C:50D8H         LINE#         15
  C:50DDH         LINE#         17
  C:50E4H         LINE#         18
  C:50E9H         LINE#         20
  C:50ECH         LINE#         21
  C:50F1H         LINE#         23
  C:50F4H         LINE#         24
  C:50F9H         LINE#         26
  C:5100H         LINE#         29
  C:5105H         LINE#         30
  C:510AH         LINE#         32
BL51 BANKED LINKER/LOCATER V6.22                                                      02/05/2021  14:24:31  PAGE 14


  C:510FH         LINE#         33
  C:5114H         LINE#         35
  C:5119H         LINE#         36
  C:511EH         LINE#         37
  -------         ENDPROC       LCD_INIT
  C:4F18H         SYMBOL        L?0035
  -------         PROC          L?0034
  -------         ENDPROC       L?0034
  C:4F18H         SYMBOL        L?0035
  -------         PROC          _WRITEDATA
  X:0790H         SYMBOL        dat
  C:4F1CH         LINE#         40
  C:4F21H         LINE#         41
  C:4F21H         LINE#         46
  C:4F23H         LINE#         47
  C:4F25H         LINE#         49
  C:4F33H         LINE#         50
  C:4F3FH         LINE#         51
  C:4F4BH         LINE#         52
  C:4F55H         LINE#         53
  C:4F57H         LINE#         54
  C:4F5EH         LINE#         55
  C:4F60H         LINE#         57
  C:4F70H         LINE#         58
  C:4F7BH         LINE#         59
  C:4F85H         LINE#         60
  C:4F89H         LINE#         62
  C:4F89H         LINE#         63
  C:4F8CH         LINE#         64
  C:4F8EH         LINE#         65
  C:4F90H         LINE#         67
  -------         ENDPROC       _WRITEDATA
  -------         PROC          _COMMAND
  D:0007H         SYMBOL        dat
  C:5297H         LINE#         69
  C:5297H         LINE#         70
  C:5297H         LINE#         71
  C:5299H         LINE#         72
  C:529BH         LINE#         74
  C:52A5H         LINE#         75
  C:52A9H         LINE#         77
  C:52ABH         LINE#         78
  C:52B4H         LINE#         79
  C:52B8H         LINE#         81
  C:52BAH         LINE#         82
  C:52C1H         LINE#         83
  C:52C5H         LINE#         85
  C:52C7H         LINE#         86
  C:52CBH         LINE#         87
  C:52CFH         LINE#         89
  C:52D1H         LINE#         90
  C:52D1H         LINE#         91
  C:52D4H         LINE#         92
  C:52D6H         LINE#         93
  -------         ENDPROC       _COMMAND
  C:5509H         SYMBOL        L?0037
  -------         PROC          L?0036
BL51 BANKED LINKER/LOCATER V6.22                                                      02/05/2021  14:24:31  PAGE 15


  -------         ENDPROC       L?0036
  C:5509H         SYMBOL        L?0037
  -------         PROC          _WAIT_MS
  D:0006H         SYMBOL        ms
  -------         DO            
  D:0004H         SYMBOL        De_Cnt
  -------         ENDDO         
  C:550DH         LINE#         95
  C:550DH         LINE#         96
  C:550DH         LINE#         98
  C:5517H         LINE#         99
  C:5517H         LINE#         100
  C:552AH         LINE#         101
  C:552AH         LINE#         102
  -------         ENDPROC       _WAIT_MS
  -------         PROC          _DISPLAYLCD
  D:0007H         SYMBOL        BCD
  -------         DO            
  D:0006H         SYMBOL        first_digit
  X:0791H         SYMBOL        second_digit
  -------         ENDDO         
  C:55D1H         LINE#         103
  C:55D1H         LINE#         104
  C:55D1H         LINE#         106
  C:55D8H         LINE#         107
  C:55E1H         LINE#         109
  C:55E6H         LINE#         111
  -------         ENDPROC       _DISPLAYLCD
  -------         PROC          LCD_RETURN_HOME
  C:575EH         LINE#         115
  C:575EH         LINE#         116
  C:575EH         LINE#         117
  C:5763H         LINE#         118
  -------         ENDPROC       LCD_RETURN_HOME
  -------         PROC          LCD_CLEAR
  C:5768H         LINE#         121
  C:5768H         LINE#         122
  C:5768H         LINE#         123
  C:576DH         LINE#         124
  -------         ENDPROC       LCD_CLEAR
  -------         PROC          _DISPLAY_LINE
  D:0006H         SYMBOL        line
  C:5633H         LINE#         128
  C:5633H         LINE#         129
  C:5633H         LINE#         130
  C:5639H         LINE#         131
  C:5639H         LINE#         132
  C:563BH         LINE#         133
  C:563BH         LINE#         134
  C:563DH         LINE#         136
  C:563DH         LINE#         137
  C:5642H         LINE#         138
  C:5647H         LINE#         139
  C:5647H         LINE#         140
  -------         ENDPROC       _DISPLAY_LINE
  -------         PROC          _DISPLAY_POS
  X:072CH         SYMBOL        sign_dat
BL51 BANKED LINKER/LOCATER V6.22                                                      02/05/2021  14:24:31  PAGE 16


  -------         DO            
  X:0730H         SYMBOL        unit
  X:0731H         SYMBOL        ten
  X:0732H         SYMBOL        hundred
  X:0733H         SYMBOL        thousand
  X:0734H         SYMBOL        after_dot
  X:0735H         SYMBOL        dat
  -------         ENDDO         
  C:43EFH         LINE#         142
  C:43F5H         LINE#         143
  C:43F5H         LINE#         147
  C:4411H         LINE#         148
  C:442BH         LINE#         149
  C:444FH         LINE#         151
  C:4499H         LINE#         153
  C:44B0H         LINE#         154
  C:44C2H         LINE#         155
  C:44E7H         LINE#         156
  C:4501H         LINE#         157
  C:4519H         LINE#         158
  C:4519H         LINE#         159
  C:4519H         LINE#         160
  C:4519H         LINE#         161
  C:4519H         LINE#         162
  C:4519H         LINE#         163
  C:4519H         LINE#         164
  C:4519H         LINE#         168
  C:451BH         LINE#         170
  C:451BH         LINE#         172
  C:4520H         LINE#         173
  C:4526H         LINE#         174
  C:452CH         LINE#         175
  C:4532H         LINE#         176
  C:4538H         LINE#         177
  C:453DH         LINE#         178
  C:4543H         LINE#         182
  C:4543H         LINE#         184
  -------         ENDPROC       _DISPLAY_POS
  -------         ENDMOD        LCD_DRIVER_SPLC780D

  -------         MODULE        KEYPAD
  C:0000H         SYMBOL        _ICE_DUMMY_
  D:0093H         PUBLIC        P0M1
  D:0080H         PUBLIC        P0
  D:0090H         PUBLIC        P1
  D:00A0H         PUBLIC        P2
  D:00B0H         PUBLIC        P3
  D:00C0H         PUBLIC        P4
  D:00C8H         PUBLIC        P5
  D:00E8H         PUBLIC        P6
  D:00F8H         PUBLIC        P7
  D:00A8H         PUBLIC        IE
  C:3F51H         PUBLIC        Key_Scan
  D:00B8H         PUBLIC        IP
  D:00D8H         PUBLIC        CCON
  C:5746H         PUBLIC        KeyPad_IO_Init
  C:55B3H         PUBLIC        _Delay_ms
BL51 BANKED LINKER/LOCATER V6.22                                                      02/05/2021  14:24:31  PAGE 17


  D:0098H         PUBLIC        SCON
  D:0088H         PUBLIC        TCON
  X:06D9H         PUBLIC        small_move
  X:06DBH         PUBLIC        move
  X:06DDH         PUBLIC        auto_mode
  X:06DFH         PUBLIC        direction
  X:06E1H         PUBLIC        SPI_NOR_ClearEnable
  C:339CH         PUBLIC        Key_Process
  D:00D0H         PUBLIC        PSW
  D:0094H         PUBLIC        P0M0
  -------         PROC          _DELAY_MS
  D:0006H         SYMBOL        ms
  -------         DO            
  D:0004H         SYMBOL        De_Cnt
  -------         ENDDO         
  C:55B3H         LINE#         20
  C:55B3H         LINE#         21
  C:55B3H         LINE#         23
  C:55BDH         LINE#         24
  C:55BDH         LINE#         25
  C:55D0H         LINE#         26
  C:55D0H         LINE#         27
  -------         ENDPROC       _DELAY_MS
  -------         PROC          KEY_SCAN
  -------         DO            
  X:0780H         SYMBOL        KeyTemp1
  X:0781H         SYMBOL        KeyTemp2
  X:0782H         SYMBOL        KeyValue
  -------         ENDDO         
  C:3F51H         LINE#         28
  C:3F51H         LINE#         29
  C:3F51H         LINE#         34
  C:3F54H         LINE#         37
  C:3F57H         LINE#         39
  C:3F5FH         LINE#         40
  C:3F66H         LINE#         41
  C:3F66H         LINE#         43
  C:3F6BH         LINE#         44
  C:3F72H         LINE#         45
  C:3F72H         LINE#         48
  C:3F75H         LINE#         49
  C:3F78H         LINE#         50
  C:3F7DH         LINE#         51
  C:3F81H         LINE#         52
  C:3F81H         LINE#         53
  C:3F89H         LINE#         54
  C:3F89H         LINE#         55
  C:3F8CH         LINE#         56
  C:3F94H         LINE#         57
  C:3F96H         LINE#         59
  C:3FAAH         LINE#         60
  C:3FAAH         LINE#         61
  C:3FAAH         LINE#         62
  C:3FAAH         LINE#         63
  C:3FB0H         LINE#         65
  C:3FB2H         LINE#         66
  C:3FB2H         LINE#         67
BL51 BANKED LINKER/LOCATER V6.22                                                      02/05/2021  14:24:31  PAGE 18


  C:3FB2H         LINE#         68
  C:3FB8H         LINE#         70
  C:3FBAH         LINE#         71
  C:3FBAH         LINE#         72
  C:3FBAH         LINE#         73
  C:3FC0H         LINE#         75
  C:3FC2H         LINE#         76
  C:3FC2H         LINE#         77
  C:3FC2H         LINE#         78
  C:3FC8H         LINE#         80
  C:3FC8H         LINE#         81
  C:3FC8H         LINE#         82
  C:3FC8H         LINE#         85
  C:3FCBH         LINE#         86
  C:3FCEH         LINE#         87
  C:3FD6H         LINE#         88
  C:3FDAH         LINE#         89
  C:3FDAH         LINE#         90
  C:3FE2H         LINE#         91
  C:3FE2H         LINE#         92
  C:3FE5H         LINE#         93
  C:3FEDH         LINE#         94
  C:3FEFH         LINE#         95
  C:4003H         LINE#         96
  C:4003H         LINE#         97
  C:4003H         LINE#         98
  C:4003H         LINE#         99
  C:4009H         LINE#         101
  C:400BH         LINE#         102
  C:400BH         LINE#         103
  C:400BH         LINE#         104
  C:4011H         LINE#         106
  C:4013H         LINE#         107
  C:4013H         LINE#         108
  C:4013H         LINE#         109
  C:4019H         LINE#         111
  C:401BH         LINE#         112
  C:401BH         LINE#         113
  C:401BH         LINE#         114
  C:4020H         LINE#         116
  C:4020H         LINE#         117
  C:4020H         LINE#         118
  C:4020H         LINE#         121
  C:4023H         LINE#         122
  C:4026H         LINE#         123
  C:402EH         LINE#         124
  C:4032H         LINE#         125
  C:4032H         LINE#         126
  C:403AH         LINE#         127
  C:403AH         LINE#         128
  C:403DH         LINE#         129
  C:4045H         LINE#         130
  C:4047H         LINE#         131
  C:405BH         LINE#         132
  C:405BH         LINE#         133
  C:405BH         LINE#         134
  C:405BH         LINE#         135
BL51 BANKED LINKER/LOCATER V6.22                                                      02/05/2021  14:24:31  PAGE 19


  C:4061H         LINE#         137
  C:4063H         LINE#         138
  C:4063H         LINE#         139
  C:4063H         LINE#         140
  C:4069H         LINE#         142
  C:406BH         LINE#         143
  C:406BH         LINE#         144
  C:406BH         LINE#         145
  C:4071H         LINE#         147
  C:4073H         LINE#         148
  C:4073H         LINE#         149
  C:4073H         LINE#         150
  C:4079H         LINE#         152
  C:4079H         LINE#         153
  C:4079H         LINE#         154
  C:4079H         LINE#         158
  C:407CH         LINE#         159
  C:407FH         LINE#         160
  C:4087H         LINE#         161
  C:408BH         LINE#         162
  C:408BH         LINE#         163
  C:4093H         LINE#         164
  C:4093H         LINE#         165
  C:4096H         LINE#         166
  C:409EH         LINE#         167
  C:40A0H         LINE#         168
  C:40B4H         LINE#         169
  C:40B4H         LINE#         170
  C:40B4H         LINE#         171
  C:40B4H         LINE#         172
  C:40BAH         LINE#         174
  C:40BCH         LINE#         175
  C:40BCH         LINE#         176
  C:40BCH         LINE#         177
  C:40C2H         LINE#         179
  C:40C4H         LINE#         180
  C:40C4H         LINE#         181
  C:40C4H         LINE#         182
  C:40CAH         LINE#         184
  C:40CCH         LINE#         185
  C:40CCH         LINE#         186
  C:40CCH         LINE#         187
  C:40D2H         LINE#         189
  C:40D2H         LINE#         190
  C:40D2H         LINE#         191
  C:40D2H         LINE#         193
  C:40D8H         LINE#         194
  C:40D8H         LINE#         196
  C:40D8H         LINE#         197
  C:40DBH         LINE#         198
  C:40DBH         LINE#         199
  C:40DBH         LINE#         201
  C:40DBH         LINE#         202
  C:40DDH         LINE#         203
  C:40DDH         LINE#         204
  -------         ENDPROC       KEY_SCAN
  -------         PROC          KEY_PROCESS
BL51 BANKED LINKER/LOCATER V6.22                                                      02/05/2021  14:24:31  PAGE 20


  -------         DO            
  X:06CAH         SYMBOL        KeyCount
  X:06CBH         SYMBOL        KeyNum_Old
  X:06CDH         SYMBOL        KeyNum
  X:06CFH         SYMBOL        PressedKey
  X:0758H         SYMBOL        d
  D:0002H         SYMBOL        hours
  D:0006H         SYMBOL        mins
  X:075AH         SYMBOL        months
  X:075CH         SYMBOL        days
  -------         ENDDO         
  C:339CH         LINE#         205
  C:339CH         LINE#         206
  C:339CH         LINE#         210
  C:33ABH         LINE#         211
  C:33B8H         LINE#         213
  C:33BCH         LINE#         214
  C:33BCH         LINE#         215
  C:33C2H         LINE#         217
  C:33C2H         LINE#         218
  C:33D9H         LINE#         219
  C:33D9H         LINE#         220
  C:33E3H         LINE#         221
  C:33E9H         LINE#         223
  C:33EFH         LINE#         225
  C:33EFH         LINE#         226
  C:3406H         LINE#         227
  C:3406H         LINE#         228
  C:340BH         LINE#         230
  C:340BH         LINE#         231
  C:341BH         LINE#         232
  C:341BH         LINE#         233
  C:3421H         LINE#         235
  C:3421H         LINE#         236
  C:3433H         LINE#         237
  C:3433H         LINE#         238
  C:343DH         LINE#         239
  C:3445H         LINE#         241
  C:344EH         LINE#         243
  C:344EH         LINE#         252
  C:346DH         LINE#         253
  C:346DH         LINE#         254
  C:348CH         LINE#         255
  C:3492H         LINE#         256
  C:349AH         LINE#         257
  C:349AH         LINE#         259
  C:349BH         LINE#         265
  C:34A7H         LINE#         266
  C:34A7H         LINE#         267
  C:34C4H         LINE#         268
  C:34DBH         LINE#         269
  C:34F2H         LINE#         270
  C:34F2H         LINE#         271
  C:3505H         LINE#         272
  C:3518H         LINE#         273
  C:3518H         LINE#         274
  C:3518H         LINE#         275
BL51 BANKED LINKER/LOCATER V6.22                                                      02/05/2021  14:24:31  PAGE 21


  C:351BH         LINE#         280
  C:352AH         LINE#         281
  C:352AH         LINE#         282
  C:354DH         LINE#         283
  C:356AH         LINE#         284
  C:3573H         LINE#         285
  C:3573H         LINE#         286
  C:357AH         LINE#         287
  C:357AH         LINE#         288
  C:358BH         LINE#         289
  C:358BH         LINE#         290
  C:359AH         LINE#         291
  C:359AH         LINE#         292
  C:359AH         LINE#         293
  C:359DH         LINE#         295
  C:359DH         LINE#         296
  C:35A9H         LINE#         297
  C:35A9H         LINE#         298
  C:35BBH         LINE#         299
  C:35BBH         LINE#         300
  C:35CBH         LINE#         301
  C:35CBH         LINE#         302
  C:35CBH         LINE#         304
  C:35CDH         LINE#         306
  C:35CDH         LINE#         307
  C:35DCH         LINE#         308
  C:35DCH         LINE#         309
  C:35ECH         LINE#         310
  C:35ECH         LINE#         311
  C:35ECH         LINE#         313
  C:35ECH         LINE#         315
  C:35ECH         LINE#         316
  C:35EEH         LINE#         318
  C:35EEH         LINE#         319
  C:35F5H         LINE#         320
  C:35F5H         LINE#         321
  C:3604H         LINE#         322
  C:3604H         LINE#         323
  C:3614H         LINE#         324
  C:3614H         LINE#         325
  C:3614H         LINE#         326
  C:3616H         LINE#         328
  C:3616H         LINE#         329
  C:3625H         LINE#         330
  C:3625H         LINE#         331
  C:3638H         LINE#         332
  C:364BH         LINE#         333
  C:364BH         LINE#         334
  C:364BH         LINE#         335
  C:364BH         LINE#         336
  C:3654H         LINE#         338
  C:3654H         LINE#         340
  C:368EH         LINE#         341
  C:368EH         LINE#         342
  C:3695H         LINE#         343
  C:3695H         LINE#         344
  C:369FH         LINE#         345
BL51 BANKED LINKER/LOCATER V6.22                                                      02/05/2021  14:24:31  PAGE 22


  C:369FH         LINE#         346
  C:36A2H         LINE#         347
  C:36A7H         LINE#         348
  C:36ACH         LINE#         349
  C:36B1H         LINE#         350
  C:36B6H         LINE#         351
  C:36BBH         LINE#         352
  C:36C0H         LINE#         353
  C:36C5H         LINE#         354
  C:36C5H         LINE#         355
  C:36C5H         LINE#         357
  C:36E3H         LINE#         358
  C:36E3H         LINE#         359
  C:36EAH         LINE#         360
  C:36EAH         LINE#         361
  C:36EFH         LINE#         362
  C:36F8H         LINE#         363
  C:3717H         LINE#         364
  C:3717H         LINE#         365
  C:3727H         LINE#         367
  C:3727H         LINE#         371
  -------         ENDPROC       KEY_PROCESS
  -------         PROC          KEYPAD_IO_INIT
  C:5746H         LINE#         374
  C:5746H         LINE#         375
  C:5746H         LINE#         376
  C:5749H         LINE#         377
  C:574CH         LINE#         378
  C:574FH         LINE#         379
  C:5751H         LINE#         380
  -------         ENDPROC       KEYPAD_IO_INIT
  -------         ENDMOD        KEYPAD

  -------         MODULE        BIPOLARMOTOR
  C:0000H         SYMBOL        _ICE_DUMMY_
  X:0000H         PUBLIC        UTC_time
  C:2BB0H         PUBLIC        _azimuth_calculation
  D:0080H         PUBLIC        P0
  D:0090H         PUBLIC        P1
  D:00A0H         PUBLIC        P2
  D:00B0H         PUBLIC        P3
  D:00C0H         PUBLIC        P4
  D:00C8H         PUBLIC        P5
  D:00E8H         PUBLIC        P6
  D:00F8H         PUBLIC        P7
  X:0004H         PUBLIC        low_date_azimuth_mapping
  D:00A8H         PUBLIC        IE
  C:4976H         PUBLIC        linear_interpolate
  X:002CH         PUBLIC        declination
  C:5469H         PUBLIC        _Move
  D:00B8H         PUBLIC        IP
  X:0030H         PUBLIC        time_offset
  D:00D8H         PUBLIC        CCON
  X:0034H         PUBLIC        previous_move_time
  X:0035H         PUBLIC        time
  D:0098H         PUBLIC        SCON
  D:0088H         PUBLIC        TCON
BL51 BANKED LINKER/LOCATER V6.22                                                      02/05/2021  14:24:31  PAGE 23


  C:52D7H         PUBLIC        _Step_move
  X:0047H         PUBLIC        dat
  X:004DH         PUBLIC        current_local_sun_time
  C:1B6DH         PUBLIC        _Update_position
  C:3728H         PUBLIC        _elevation_calculation
  X:0051H         PUBLIC        sunCoord
  C:51BFH         PUBLIC        vOneStepMove
  X:0054H         PUBLIC        elevation_stamp
  X:0090H         PUBLIC        date_azimuth_mapping
  X:00B8H         PUBLIC        location
  X:00C0H         PUBLIC        RX_pos
  C:5648H         PUBLIC        vSetLocation
  C:5458H         PUBLIC        _BCDtoDec1
  X:0318H         PUBLIC        degree
  C:222EH         PUBLIC        _TheoricalJP_Position
  D:00D0H         PUBLIC        PSW
  -------         PROC          VSETLOCATION
  C:5648H         LINE#         44
  C:5648H         LINE#         45
  C:5648H         LINE#         46
  C:5652H         LINE#         47
  C:565CH         LINE#         48
  -------         ENDPROC       VSETLOCATION
  -------         PROC          L?0060
  -------         ENDPROC       L?0060
  -------         PROC          _BCDTODEC1
  D:0007H         SYMBOL        bcd
  -------         DO            
  D:0006H         SYMBOL        hi
  D:0007H         SYMBOL        lo
  -------         ENDDO         
  C:5458H         LINE#         49
  C:5458H         LINE#         50
  C:5458H         LINE#         52
  C:545DH         LINE#         53
  C:5461H         LINE#         54
  C:5468H         LINE#         55
  -------         ENDPROC       _BCDTODEC1
  -------         PROC          VONESTEPMOVE
  B:0021H.4       SYMBOL        bDir
  C:51BFH         LINE#         59
  C:51BFH         LINE#         60
  C:51BFH         LINE#         62
  C:51C5H         LINE#         63
  C:51C5H         LINE#         64
  C:51C8H         LINE#         65
  C:51D1H         LINE#         66
  C:51D8H         LINE#         67
  C:51DDH         LINE#         68
  C:51DDH         LINE#         69
  C:51DDH         LINE#         71
  C:51DFH         LINE#         74
  C:51DFH         LINE#         75
  C:51E2H         LINE#         76
  C:51EBH         LINE#         77
  C:51F2H         LINE#         78
  C:51F8H         LINE#         79
BL51 BANKED LINKER/LOCATER V6.22                                                      02/05/2021  14:24:31  PAGE 24


  C:5201H         LINE#         80
  C:5208H         LINE#         81
  C:5208H         LINE#         85
  -------         ENDPROC       VONESTEPMOVE
  -------         PROC          _STEP_MOVE
  X:0768H         SYMBOL        step
  B:0021H.5       SYMBOL        dir
  -------         DO            
  X:076AH         SYMBOL        i
  -------         ENDDO         
  C:52D7H         LINE#         87
  C:52DFH         LINE#         88
  C:52DFH         LINE#         90
  C:52E4H         LINE#         93
  C:52FFH         LINE#         94
  C:52FFH         LINE#         95
  C:5306H         LINE#         97
  C:5316H         LINE#         99
  -------         ENDPROC       _STEP_MOVE
  -------         PROC          _MOVE
  X:076CH         SYMBOL        distance
  B:0021H.6       SYMBOL        direction
  -------         DO            
  D:0006H         SYMBOL        step
  -------         ENDDO         
  C:5469H         LINE#         101
  C:546FH         LINE#         102
  C:546FH         LINE#         105
  C:548AH         LINE#         108
  -------         ENDPROC       _MOVE
  C:4965H         SYMBOL        L?0059
  -------         PROC          L?0058
  -------         ENDPROC       L?0058
  C:4965H         SYMBOL        L?0059
  -------         PROC          LINEAR_INTERPOLATE
  X:06FBH         SYMBOL        p1
  X:0703H         SYMBOL        p2
  X:070BH         SYMBOL        x
  -------         DO            
  D:0004H         SYMBOL        fx
  -------         ENDDO         
  C:4976H         LINE#         141
  C:4976H         LINE#         142
  C:4976H         LINE#         145
  C:4A15H         LINE#         147
  C:4A15H         LINE#         148
  -------         ENDPROC       LINEAR_INTERPOLATE
  -------         PROC          _THEORICALJP_POSITION
  X:0587H         SYMBOL        azimuth
  X:058BH         SYMBOL        elevation
  -------         DO            
  X:058FH         SYMBOL        pos_interpolate_azimuth
  X:05CBH         SYMBOL        JP_pos
  X:05CFH         SYMBOL        i
  X:05D1H         SYMBOL        yy
  X:05D3H         SYMBOL        p1
  X:05DBH         SYMBOL        p2
BL51 BANKED LINKER/LOCATER V6.22                                                      02/05/2021  14:24:31  PAGE 25


  X:05E3H         SYMBOL        p3
  X:05EBH         SYMBOL        p4
  -------         ENDDO         
  C:222EH         LINE#         151
  C:2234H         LINE#         152
  C:2234H         LINE#         156
  C:223EH         LINE#         161
  C:225AH         LINE#         162
  C:225AH         LINE#         163
  C:22CAH         LINE#         164
  C:22CAH         LINE#         165
  C:22D1H         LINE#         166
  C:22D1H         LINE#         167
  C:22FEH         LINE#         168
  C:2319H         LINE#         170
  C:2360H         LINE#         171
  C:2394H         LINE#         173
  C:23DAH         LINE#         174
  C:23FFH         LINE#         175
  C:23FFH         LINE#         176
  C:23FFH         LINE#         178
  C:2475H         LINE#         179
  C:2475H         LINE#         180
  C:247CH         LINE#         181
  C:247CH         LINE#         182
  C:24A9H         LINE#         183
  C:24C4H         LINE#         185
  C:250BH         LINE#         186
  C:253FH         LINE#         188
  C:2585H         LINE#         189
  C:25A9H         LINE#         190
  C:25A9H         LINE#         191
  C:25A9H         LINE#         192
  C:25BDH         LINE#         195
  C:25D9H         LINE#         196
  C:25D9H         LINE#         197
  C:2649H         LINE#         198
  C:2649H         LINE#         199
  C:2676H         LINE#         200
  C:2691H         LINE#         202
  C:26BEH         LINE#         203
  C:26D9H         LINE#         205
  C:270BH         LINE#         206
  C:270DH         LINE#         207
  C:270DH         LINE#         209
  C:271EH         LINE#         210
  C:271EH         LINE#         211
  C:272CH         LINE#         213
  -------         ENDPROC       _THEORICALJP_POSITION
  -------         PROC          _UPDATE_POSITION
  D:0001H         SYMBOL        mnths
  D:0002H         SYMBOL        dys
  X:0682H         SYMBOL        hurs
  X:0683H         SYMBOL        mns
  X:0684H         SYMBOL        sconds
  X:0685H         SYMBOL        currnt_pos
  X:0688H         SYMBOL        offset_calib
BL51 BANKED LINKER/LOCATER V6.22                                                      02/05/2021  14:24:31  PAGE 26


  -------         DO            
  X:068CH         SYMBOL        date
  X:068EH         SYMBOL        i
  X:0690H         SYMBOL        yy
  X:0692H         SYMBOL        desired_distance
  X:0696H         SYMBOL        distance
  X:069AH         SYMBOL        JP_pos
  X:069EH         SYMBOL        elevation
  X:06A2H         SYMBOL        azimuth
  -------         ENDDO         
  C:1B6DH         LINE#         216
  C:1B76H         LINE#         219
  C:1B76H         LINE#         220
  C:1B81H         LINE#         222
  C:1B9DH         LINE#         229
  C:1BA7H         LINE#         230
  C:1BB2H         LINE#         231
  C:1BBDH         LINE#         232
  C:1BD6H         LINE#         233
  C:1BEAH         LINE#         234
  C:1C00H         LINE#         237
  C:1C14H         LINE#         241
  C:1C66H         LINE#         242
  C:1DCAH         LINE#         243
  C:1E1AH         LINE#         246
  C:1F42H         LINE#         249
  C:2014H         LINE#         256
  C:20A3H         LINE#         257
  C:20A3H         LINE#         258
  C:20CEH         LINE#         261
  C:20FDH         LINE#         264
  C:2122H         LINE#         265
  C:21B7H         LINE#         267
  C:21B7H         LINE#         268
  C:21D1H         LINE#         269
  C:21E3H         LINE#         270
  C:21FBH         LINE#         271
  C:2211H         LINE#         273
  C:222DH         LINE#         274
  C:222DH         LINE#         275
  C:222DH         LINE#         278
  -------         ENDPROC       _UPDATE_POSITION
  -------         PROC          _ELEVATION_CALCULATION
  D:0007H         SYMBOL        mnths
  D:0005H         SYMBOL        dys
  X:0760H         SYMBOL        hurs
  X:0761H         SYMBOL        mns
  X:0762H         SYMBOL        sconds
  C:3728H         LINE#         280
  C:372BH         LINE#         282
  C:372BH         LINE#         283
  C:372BH         LINE#         284
  C:372BH         LINE#         285
  C:3734H         LINE#         286
  C:374DH         LINE#         287
  C:3761H         LINE#         288
  C:3777H         LINE#         292
BL51 BANKED LINKER/LOCATER V6.22                                                      02/05/2021  14:24:31  PAGE 27


  C:37C9H         LINE#         293
  C:392DH         LINE#         294
  C:397DH         LINE#         296
  C:3A94H         LINE#         298
  -------         ENDPROC       _ELEVATION_CALCULATION
  -------         PROC          _AZIMUTH_CALCULATION
  D:0007H         SYMBOL        mnths
  D:0005H         SYMBOL        dys
  X:0739H         SYMBOL        hurs
  X:073AH         SYMBOL        mns
  X:073BH         SYMBOL        sconds
  -------         DO            
  X:073CH         SYMBOL        elevation
  -------         ENDDO         
  C:2BB0H         LINE#         300
  C:2BB3H         LINE#         302
  C:2BB3H         LINE#         304
  C:2BB3H         LINE#         305
  C:2BB3H         LINE#         306
  C:2BBCH         LINE#         307
  C:2BD5H         LINE#         308
  C:2BE9H         LINE#         309
  C:2BFFH         LINE#         313
  C:2C51H         LINE#         314
  C:2DB5H         LINE#         315
  C:2E05H         LINE#         316
  C:2F2DH         LINE#         319
  C:2FF9H         LINE#         320
  -------         ENDPROC       _AZIMUTH_CALCULATION
  -------         ENDMOD        BIPOLARMOTOR

  -------         MODULE        SUNPOS
  C:0000H         SYMBOL        _ICE_DUMMY_
  C:13CBH         PUBLIC        sunpos
  -------         PROC          SUNPOS
  X:05F3H         SYMBOL        udtTime
  X:0605H         SYMBOL        udtLocation
  X:060DH         SYMBOL        udtSunCoordinates
  -------         DO            
  X:0610H         SYMBOL        dElapsedJulianDays
  X:0614H         SYMBOL        dDecimalHours
  X:0618H         SYMBOL        dEclipticLongitude
  X:061CH         SYMBOL        dEclipticObliquity
  X:0620H         SYMBOL        dRightAscension
  X:0624H         SYMBOL        dDeclination
  X:0628H         SYMBOL        dY
  X:062CH         SYMBOL        dX
  -------         DO            
  X:0630H         SYMBOL        dJulianDate
  X:0634H         SYMBOL        liAux1
  X:0638H         SYMBOL        liAux2
  X:0630H         SYMBOL        dMeanLongitude
  X:0634H         SYMBOL        dMeanAnomaly
  X:0638H         SYMBOL        dOmega
  X:0630H         SYMBOL        dSin_EclipticLongitude
  X:0630H         SYMBOL        dGreenwichMeanSiderealTime
  X:0634H         SYMBOL        dLocalMeanSiderealTime
BL51 BANKED LINKER/LOCATER V6.22                                                      02/05/2021  14:24:31  PAGE 28


  X:0638H         SYMBOL        dLatitudeInRadians
  X:063CH         SYMBOL        dHourAngle
  X:0640H         SYMBOL        dCos_Latitude
  X:0644H         SYMBOL        dSin_Latitude
  X:0648H         SYMBOL        dCos_HourAngle
  X:064CH         SYMBOL        dParallax
  -------         ENDDO         
  -------         DO            
  X:0630H         SYMBOL        dMeanLongitude
  X:0634H         SYMBOL        dMeanAnomaly
  X:0638H         SYMBOL        dOmega
  X:0630H         SYMBOL        dSin_EclipticLongitude
  X:0630H         SYMBOL        dGreenwichMeanSiderealTime
  X:0634H         SYMBOL        dLocalMeanSiderealTime
  X:0638H         SYMBOL        dLatitudeInRadians
  X:063CH         SYMBOL        dHourAngle
  X:0640H         SYMBOL        dCos_Latitude
  X:0644H         SYMBOL        dSin_Latitude
  X:0648H         SYMBOL        dCos_HourAngle
  X:064CH         SYMBOL        dParallax
  -------         ENDDO         
  -------         DO            
  X:0630H         SYMBOL        dSin_EclipticLongitude
  X:0630H         SYMBOL        dGreenwichMeanSiderealTime
  X:0634H         SYMBOL        dLocalMeanSiderealTime
  X:0638H         SYMBOL        dLatitudeInRadians
  X:063CH         SYMBOL        dHourAngle
  X:0640H         SYMBOL        dCos_Latitude
  X:0644H         SYMBOL        dSin_Latitude
  X:0648H         SYMBOL        dCos_HourAngle
  X:064CH         SYMBOL        dParallax
  -------         ENDDO         
  -------         DO            
  X:0630H         SYMBOL        dGreenwichMeanSiderealTime
  X:0634H         SYMBOL        dLocalMeanSiderealTime
  X:0638H         SYMBOL        dLatitudeInRadians
  X:063CH         SYMBOL        dHourAngle
  X:0640H         SYMBOL        dCos_Latitude
  X:0644H         SYMBOL        dSin_Latitude
  X:0648H         SYMBOL        dCos_HourAngle
  X:064CH         SYMBOL        dParallax
  -------         ENDDO         
  -------         ENDDO         
  C:13CBH         LINE#         6
  C:13CBH         LINE#         7
  C:13CBH         LINE#         9
  C:13CBH         LINE#         27
  C:1415H         LINE#         30
  C:1436H         LINE#         31
  C:157DH         LINE#         34
  C:15C9H         LINE#         36
  C:15E8H         LINE#         37
  C:15E8H         LINE#         42
  C:15E8H         LINE#         46
  C:161AH         LINE#         47
  C:1644H         LINE#         48
  C:166EH         LINE#         49
BL51 BANKED LINKER/LOCATER V6.22                                                      02/05/2021  14:24:31  PAGE 29


  C:171BH         LINE#         52
  C:177CH         LINE#         54
  C:177CH         LINE#         59
  C:177CH         LINE#         61
  C:1793H         LINE#         62
  C:17BBH         LINE#         63
  C:17D2H         LINE#         64
  C:17FDH         LINE#         65
  C:1834H         LINE#         66
  C:185FH         LINE#         67
  C:185FH         LINE#         70
  C:185FH         LINE#         79
  C:189AH         LINE#         82
  C:18D4H         LINE#         84
  C:18F9H         LINE#         85
  C:1918H         LINE#         86
  C:192FH         LINE#         87
  C:1946H         LINE#         88
  C:195DH         LINE#         89
  C:19E6H         LINE#         91
  C:1A00H         LINE#         92
  C:1A62H         LINE#         93
  C:1A98H         LINE#         94
  C:1AAAH         LINE#         95
  C:1AD7H         LINE#         96
  C:1B04H         LINE#         98
  C:1B26H         LINE#         100
  C:1B5EH         LINE#         103
  C:1B5EH         LINE#         104
  C:1B6CH         LINE#         105
  -------         ENDPROC       SUNPOS
  -------         ENDMOD        SUNPOS

  -------         MODULE        ADC
  C:0000H         SYMBOL        _ICE_DUMMY_
  D:0092H         PUBLIC        P1M0
  D:0091H         PUBLIC        P1M1
  D:0080H         PUBLIC        P0
  D:0090H         PUBLIC        P1
  D:00A0H         PUBLIC        P2
  D:00B0H         PUBLIC        P3
  D:00C0H         PUBLIC        P4
  D:00C8H         PUBLIC        P5
  D:00E8H         PUBLIC        P6
  D:00F8H         PUBLIC        P7
  D:00A8H         PUBLIC        IE
  D:00BDH         PUBLIC        ADC_RES
  D:00B8H         PUBLIC        IP
  D:0097H         PUBLIC        CLK_DIV
  D:00D8H         PUBLIC        CCON
  D:00BCH         PUBLIC        ADC_CONTR
  D:0098H         PUBLIC        SCON
  D:0088H         PUBLIC        TCON
  C:56D0H         PUBLIC        ADC_Init
  C:5125H         PUBLIC        _ADC_GetResult
  D:009DH         PUBLIC        P1ASF
  D:00BEH         PUBLIC        ADC_RESL
BL51 BANKED LINKER/LOCATER V6.22                                                      02/05/2021  14:24:31  PAGE 30


  D:00D0H         PUBLIC        PSW
  -------         PROC          ADC_INIT
  C:56D0H         LINE#         7
  C:56D0H         LINE#         8
  C:56D0H         LINE#         11
  C:56D3H         LINE#         12
  C:56D6H         LINE#         15
  C:56D9H         LINE#         21
  C:56DBH         LINE#         22
  C:56DDH         LINE#         23
  C:56E0H         LINE#         27
  -------         ENDPROC       ADC_INIT
  -------         PROC          _ADC_GETRESULT
  D:0007H         SYMBOL        ch
  -------         DO            
  D:0004H         SYMBOL        ADC_Value_H
  D:0002H         SYMBOL        ADC_Value_L
  D:0082H         SYMBOL        ADC_Value
  -------         ENDDO         
  C:5125H         LINE#         28
  C:5125H         LINE#         29
  C:5125H         LINE#         30
  C:512EH         LINE#         33
  C:513AH         LINE#         34
  C:513DH         LINE#         35
  C:513EH         LINE#         36
  C:513FH         LINE#         37
  C:5144H         LINE#         38
  C:5145H         LINE#         39
  C:5146H         LINE#         42
  C:514BH         LINE#         43
  C:514EH         LINE#         44
  C:5154H         LINE#         45
  C:515AH         LINE#         47
  C:5172H         LINE#         48
  C:5173H         LINE#         49
  -------         ENDPROC       _ADC_GETRESULT
  -------         ENDMOD        ADC

  -------         MODULE        CALIBRATION
  C:0000H         SYMBOL        _ICE_DUMMY_
  D:0080H         PUBLIC        P0
  D:0090H         PUBLIC        P1
  D:00A0H         PUBLIC        P2
  D:00B0H         PUBLIC        P3
  D:00C0H         PUBLIC        P4
  D:00C8H         PUBLIC        P5
  D:00E8H         PUBLIC        P6
  D:00F8H         PUBLIC        P7
  C:4D68H         PUBLIC        _Max_Value
  D:00A8H         PUBLIC        IE
  C:3D8AH         PUBLIC        _calibration
  C:4A16H         PUBLIC        voltage_is_stable
  D:00B8H         PUBLIC        IP
  C:552BH         PUBLIC        _FindClosestSamedayCalibTime
  D:00D8H         PUBLIC        CCON
  D:0098H         PUBLIC        SCON
BL51 BANKED LINKER/LOCATER V6.22                                                      02/05/2021  14:24:31  PAGE 31


  D:0088H         PUBLIC        TCON
  C:0BD4H         PUBLIC        _Find_Real_Max
  D:00D0H         PUBLIC        PSW
  -------         PROC          VOLTAGE_IS_STABLE
  -------         DO            
  X:06E3H         SYMBOL        sample_voltage
  X:06F7H         SYMBOL        i
  X:06F9H         SYMBOL        ch
  -------         ENDDO         
  C:4A16H         LINE#         26
  C:4A16H         LINE#         27
  C:4A16H         LINE#         29
  C:4A1DH         LINE#         30
  C:4A23H         LINE#         31
  C:4A23H         LINE#         32
  C:4A4CH         LINE#         33
  C:4A6BH         LINE#         35
  C:4A85H         LINE#         36
  C:4A85H         LINE#         37
  C:4AB8H         LINE#         38
  C:4ABCH         LINE#         39
  C:4ACCH         LINE#         40
  C:4AD0H         LINE#         41
  -------         ENDPROC       VOLTAGE_IS_STABLE
  -------         PROC          _FIND_REAL_MAX
  X:04B6H         SYMBOL        current_position
  X:04B9H         SYMBOL        calib_max_ADC_Value
  X:04BCH         SYMBOL        max_ADC_JP_value
  X:04BFH         SYMBOL        address_to_write
  -------         DO            
  X:04C2H         SYMBOL        seconds
  X:04C3H         SYMBOL        mins
  X:04C4H         SYMBOL        hours
  X:04C5H         SYMBOL        days
  X:04C6H         SYMBOL        months
  X:04C7H         SYMBOL        ch
  X:04C8H         SYMBOL        calib_step_move
  X:04CCH         SYMBOL        JPPos
  X:04D0H         SYMBOL        sTemp
  X:04D9H         SYMBOL        voltage_at_scanned_pos
  X:057BH         SYMBOL        max_location
  X:057DH         SYMBOL        avg_voltage
  X:057FH         SYMBOL        new_voltage_at_scanned_pos
  X:0581H         SYMBOL        old_voltage_at_scanned_pos
  X:0583H         SYMBOL        i
  X:0585H         SYMBOL        j
  -------         ENDDO         
  C:0BD4H         LINE#         42
  C:0BDFH         LINE#         43
  C:0BDFH         LINE#         46
  C:0BE4H         LINE#         47
  C:0BECH         LINE#         50
  C:0BFBH         LINE#         54
  C:0C05H         LINE#         55
  C:0C0FH         LINE#         56
  C:0C22H         LINE#         57
  C:0C3BH         LINE#         58
BL51 BANKED LINKER/LOCATER V6.22                                                      02/05/2021  14:24:31  PAGE 32


  C:0C3BH         LINE#         59
  C:0C50H         LINE#         60
  C:0C60H         LINE#         61
  C:0C67H         LINE#         62
  C:0C67H         LINE#         64
  C:0C67H         LINE#         66
  C:0C80H         LINE#         67
  C:0C80H         LINE#         68
  C:0C84H         LINE#         69
  C:0C84H         LINE#         70
  C:0C8AH         LINE#         71
  C:0C8AH         LINE#         72
  C:0C9EH         LINE#         73
  C:0CA5H         LINE#         75
  C:0CB5H         LINE#         76
  C:0CE4H         LINE#         79
  C:0D0FH         LINE#         81
  C:0D18H         LINE#         82
  C:0D1FH         LINE#         83
  C:0D28H         LINE#         84
  C:0D31H         LINE#         85
  C:0D38H         LINE#         87
  C:0D89H         LINE#         89
  C:0D92H         LINE#         90
  C:0D99H         LINE#         91
  C:0DA2H         LINE#         92
  C:0DABH         LINE#         93
  C:0DB2H         LINE#         97
  C:0DCAH         LINE#         98
  C:0DCAH         LINE#         99
  C:0DFEH         LINE#         100
  C:0E00H         LINE#         102
  C:0E14H         LINE#         104
  C:0E50H         LINE#         109
  C:0E50H         LINE#         134
  C:0E50H         LINE#         136
  C:0E50H         LINE#         152
  C:0E55H         LINE#         153
  C:0E5AH         LINE#         155
  C:0E5FH         LINE#         156
  C:0E64H         LINE#         157
  C:0E69H         LINE#         158
  C:0E6EH         LINE#         161
  C:0EA5H         LINE#         162
  C:0EAAH         LINE#         163
  C:0EAFH         LINE#         164
  C:0EB6H         LINE#         166
  C:0EE1H         LINE#         168
  C:0EEAH         LINE#         169
  C:0EF1H         LINE#         170
  C:0EFAH         LINE#         171
  C:0F03H         LINE#         173
  C:0F0AH         LINE#         175
  C:0F35H         LINE#         177
  C:0F3EH         LINE#         178
  C:0F45H         LINE#         179
  C:0F4EH         LINE#         180
BL51 BANKED LINKER/LOCATER V6.22                                                      02/05/2021  14:24:31  PAGE 33


  C:0F57H         LINE#         181
  C:0F5EH         LINE#         182
  C:0F71H         LINE#         183
  C:0F97H         LINE#         186
  C:0F9EH         LINE#         187
  C:0FD9H         LINE#         189
  C:105CH         LINE#         190
  C:1065H         LINE#         191
  C:106CH         LINE#         192
  C:1075H         LINE#         193
  C:107EH         LINE#         194
  C:1085H         LINE#         196
  C:10A7H         LINE#         197
  C:10AEH         LINE#         199
  C:10BDH         LINE#         200
  C:10BDH         LINE#         201
  C:10CEH         LINE#         202
  C:10F7H         LINE#         204
  C:110FH         LINE#         207
  C:1138H         LINE#         218
  C:1194H         LINE#         222
  C:119BH         LINE#         223
  C:119BH         LINE#         224
  C:11AEH         LINE#         225
  C:11B5H         LINE#         227
  C:11CEH         LINE#         228
  C:11CEH         LINE#         229
  C:11D2H         LINE#         230
  C:11D2H         LINE#         231
  C:11D8H         LINE#         232
  C:11D8H         LINE#         233
  C:11ECH         LINE#         234
  C:11F3H         LINE#         236
  C:1203H         LINE#         237
  C:1218H         LINE#         238
  C:122BH         LINE#         239
  C:122BH         LINE#         240
  C:1251H         LINE#         241
  C:1258H         LINE#         242
  C:125EH         LINE#         245
  C:1260H         LINE#         246
  C:1260H         LINE#         247
  C:126DH         LINE#         249
  C:128FH         LINE#         252
  C:12BAH         LINE#         254
  C:12C3H         LINE#         255
  C:12CAH         LINE#         256
  C:12D3H         LINE#         257
[...]
  D:0090H         PUBLIC        P1
  D:00B1H         PUBLIC        P3M1
  D:00A0H         PUBLIC        P2
  D:00B0H         PUBLIC        P3
  D:00C0H         PUBLIC        P4
  D:00C8H         PUBLIC        P5
  B:00A8H.7       PUBLIC        EA
  D:00E8H         PUBLIC        P6
  D:00F8H         PUBLIC        P7
  D:00A8H         PUBLIC        IE
  D:00B8H         PUBLIC        IP
  C:53BAH         PUBLIC        SI1120_CONFIG_MODE_VIRH
  D:00D8H         PUBLIC        CCON
  D:0098H         PUBLIC        SCON
  D:0088H         PUBLIC        TCON
  C:572CH         PUBLIC        Enable_EXTINT0
  B:0090H.5       PUBLIC        SI1120_STX
  B:0088H.0       PUBLIC        IT0
  B:00A8H.0       PUBLIC        EX0
  B:0090H.4       PUBLIC        SI1120_MD
  B:0090H.6       PUBLIC        SI1120_SC
  D:00D0H         PUBLIC        PSW
  -------         PROC          SI1120_CONFIG_MODE_VIRH
  C:53BAH         LINE#         4
  C:53BAH         LINE#         5
  C:53BAH         LINE#         6
  C:53BCH         LINE#         7
  C:53BEH         LINE#         8
  C:53C0H         LINE#         10
  C:53C7H         LINE#         11
  C:53C9H         LINE#         13
  C:53CBH         LINE#         14
  C:53CDH         LINE#         16
  C:53D4H         LINE#         18
  C:53D6H         LINE#         20
  C:53DDH         LINE#         23
  C:53DFH         LINE#         25
  C:53E1H         LINE#         27
  C:53E8H         LINE#         29
  C:53EAH         LINE#         31
  -------         ENDPROC       SI1120_CONFIG_MODE_VIRH
  -------         PROC          ENABLE_EXTINT0
  C:572CH         LINE#         33
  C:572CH         LINE#         34
  C:572CH         LINE#         35
  C:572FH         LINE#         36
  C:5732H         LINE#         37
  C:5734H         LINE#         38
BL51 BANKED LINKER/LOCATER V6.22                                                      02/05/2021  14:24:31  PAGE 46


  C:5736H         LINE#         39
  C:5738H         LINE#         40
  -------         ENDPROC       ENABLE_EXTINT0
  -------         ENDMOD        SI1120

  -------         MODULE        UART1
  C:0000H         SYMBOL        _ICE_DUMMY_
  D:0080H         PUBLIC        P0
  D:0090H         PUBLIC        P1
  D:00A0H         PUBLIC        P2
  D:00B0H         PUBLIC        P3
  D:00C0H         PUBLIC        P4
  D:00C8H         PUBLIC        P5
  C:554FH         PUBLIC        _uart1_SendToTCPServer
  B:00A8H.7       PUBLIC        EA
  D:00E8H         PUBLIC        P6
  D:00F8H         PUBLIC        P7
  C:5387H         PUBLIC        _SendString
  D:00A8H         PUBLIC        IE
  B:00A8H.4       PUBLIC        ES
  D:00B8H         PUBLIC        IP
  C:5606H         PUBLIC        _ASCIItoBCD
  D:00D8H         PUBLIC        CCON
  C:56E1H         PUBLIC        initUART1
  D:0098H         PUBLIC        SCON
  D:0088H         PUBLIC        TCON
  C:5799H         PUBLIC        _DectoBCD
  C:001EH         PUBLIC        _ASCII_Letter
  D:008EH         PUBLIC        AUXR
  C:0006H         PUBLIC        _unit
  C:5791H         PUBLIC        _ten
  D:00D6H         PUBLIC        T2H
  D:00D7H         PUBLIC        T2L
  C:577BH         PUBLIC        uart1_InitTCPConn
  D:00D0H         PUBLIC        PSW
  -------         PROC          INITUART1
  C:56E1H         LINE#         24
  C:56E1H         LINE#         25
  C:56E1H         LINE#         26
  C:56E4H         LINE#         27
  C:56E7H         LINE#         28
  C:56EAH         LINE#         29
  C:56EDH         LINE#         30
  C:56EFH         LINE#         31
  C:56F1H         LINE#         33
  -------         ENDPROC       INITUART1
  -------         PROC          _SENDSTRING
  X:0650H         SYMBOL        s
  C:5387H         LINE#         36
  C:5392H         LINE#         37
  C:5392H         LINE#         38
  C:53A2H         LINE#         39
  C:53A2H         LINE#         40
  C:53B7H         LINE#         41
  C:53B9H         LINE#         42
  -------         ENDPROC       _SENDSTRING
  -------         PROC          _TEN
BL51 BANKED LINKER/LOCATER V6.22                                                      02/05/2021  14:24:31  PAGE 47


  D:0007H         SYMBOL        BCD
  C:5791H         LINE#         44
  C:5791H         LINE#         45
  C:5791H         LINE#         46
  C:5796H         LINE#         47
  -------         ENDPROC       _TEN
  -------         PROC          _UNIT
  D:0007H         SYMBOL        BCD
  C:0006H         LINE#         48
  C:0006H         LINE#         49
  C:0006H         LINE#         53
  C:000AH         LINE#         54
  -------         ENDPROC       _UNIT
  -------         PROC          _DECTOBCD
  D:0007H         SYMBOL        dec
  C:5799H         LINE#         55
  C:5799H         LINE#         56
  C:5799H         LINE#         58
  C:5799H         LINE#         59
  -------         ENDPROC       _DECTOBCD
  -------         PROC          _ASCII_LETTER
  D:0007H         SYMBOL        dat
  C:001EH         LINE#         61
  C:001EH         LINE#         62
  C:001EH         LINE#         64
  C:0022H         LINE#         65
  -------         ENDPROC       _ASCII_LETTER
  -------         PROC          _ASCIITOBCD
  D:0001H         SYMBOL        ascii
  -------         DO            
  D:0007H         SYMBOL        dec_val
  D:0006H         SYMBOL        ten
  D:0007H         SYMBOL        unit
  -------         ENDDO         
  C:5606H         LINE#         67
  C:5606H         LINE#         68
  C:5606H         LINE#         70
  C:5609H         LINE#         71
  C:560FH         LINE#         72
  C:5616H         LINE#         73
  C:561CH         LINE#         75
  -------         ENDPROC       _ASCIITOBCD
  -------         PROC          UART1_INITTCPCONN
  C:577BH         LINE#         77
  C:577BH         LINE#         78
  C:577BH         LINE#         82
  -------         ENDPROC       UART1_INITTCPCONN
  -------         PROC          _UART1_SENDTOTCPSERVER
  X:0789H         SYMBOL        str
  C:554FH         LINE#         88
  C:555AH         LINE#         89
  C:555AH         LINE#         90
  C:5563H         LINE#         91
  C:556AH         LINE#         92
  -------         ENDPROC       _UART1_SENDTOTCPSERVER
  -------         ENDMOD        UART1

BL51 BANKED LINKER/LOCATER V6.22                                                      02/05/2021  14:24:31  PAGE 48


  -------         MODULE        ?C_STARTUP
  C:4E04H         SEGMENT       ?C_C51STARTUP
  I:0023H         SEGMENT       ?STACK
  C:0000H         PUBLIC        ?C_STARTUP
  D:00E0H         SYMBOL        ACC
  D:00F0H         SYMBOL        B
  D:0083H         SYMBOL        DPH
  D:0082H         SYMBOL        DPL
  N:0000H         SYMBOL        IBPSTACK
  N:0100H         SYMBOL        IBPSTACKTOP
  N:0080H         SYMBOL        IDATALEN
  C:4E07H         SYMBOL        IDATALOOP
  N:0000H         SYMBOL        PBPSTACK
  N:0100H         SYMBOL        PBPSTACKTOP
  N:0000H         SYMBOL        PDATALEN
  N:0000H         SYMBOL        PDATASTART
  N:0000H         SYMBOL        PPAGE
  N:0000H         SYMBOL        PPAGEENABLE
  D:00A0H         SYMBOL        PPAGE_SFR
  D:0081H         SYMBOL        SP
  C:4E04H         SYMBOL        STARTUP1
  N:0000H         SYMBOL        XBPSTACK
  N:0000H         SYMBOL        XBPSTACKTOP
  N:0000H         SYMBOL        XDATALEN
  N:0000H         SYMBOL        XDATASTART
  C:0000H         LINE#         126
  C:4E04H         LINE#         133
  C:4E06H         LINE#         134
  C:4E07H         LINE#         135
  C:4E08H         LINE#         136
  C:4E0AH         LINE#         185
  C:4E0DH         LINE#         196
  -------         ENDMOD        ?C_STARTUP

  -------         MODULE        ?C?FPADD
  C:002DH         PUBLIC        ?C?FPADD
  C:0029H         PUBLIC        ?C?FPSUB
  -------         ENDMOD        ?C?FPADD

  -------         MODULE        ?C?FPMUL
  C:011EH         PUBLIC        ?C?FPMUL
  -------         ENDMOD        ?C?FPMUL

  -------         MODULE        ?C?FPDIV
  C:0227H         PUBLIC        ?C?FPDIV
  -------         ENDMOD        ?C?FPDIV

  -------         MODULE        ?C?FPCMP
  C:02C6H         PUBLIC        ?C?FPCMP
  C:02C4H         PUBLIC        ?C?FPCMP3
  -------         ENDMOD        ?C?FPCMP

  -------         MODULE        ?C?FPNEG
  C:033DH         PUBLIC        ?C?FPNEG
  -------         ENDMOD        ?C?FPNEG

  -------         MODULE        ?C?FCAST
BL51 BANKED LINKER/LOCATER V6.22                                                      02/05/2021  14:24:31  PAGE 49


  C:0358H         PUBLIC        ?C?FCASTC
  C:0353H         PUBLIC        ?C?FCASTI
  C:034EH         PUBLIC        ?C?FCASTL
  -------         ENDMOD        ?C?FCAST

  -------         MODULE        ?C?CASTF
  C:038CH         PUBLIC        ?C?CASTF
  -------         ENDMOD        ?C?CASTF

  -------         MODULE        PRINTF
  X:0650H         PUBLIC        ?_PRINTF?BYTE
  X:0650H         PUBLIC        ?_SPRINTF?BYTE
  C:2798H         PUBLIC        _PRINTF
  C:2792H         PUBLIC        _SPRINTF
  -------         ENDMOD        PRINTF

  -------         MODULE        FABS
  C:5739H         PUBLIC        _FABS
  -------         ENDMOD        FABS

  -------         MODULE        ATAN2
  X:0750H         PUBLIC        ?_atan2?BYTE
  C:4CCBH         PUBLIC        _atan2
  -------         ENDMOD        ATAN2

  -------         MODULE        SIN
  C:42AFH         PUBLIC        _COS
  C:42C5H         PUBLIC        _SIN
  C:4301H         PUBLIC        _TAN
  -------         ENDMOD        SIN

  -------         MODULE        ACOS
  C:5209H         PUBLIC        _ACOS
  -------         ENDMOD        ACOS

  -------         MODULE        ASIN
  C:5317H         PUBLIC        _ASIN
  -------         ENDMOD        ASIN

  -------         MODULE        ?C?FPROUND
  C:040DH         PUBLIC        ?C?FPROUND
  -------         ENDMOD        ?C?FPROUND

  -------         MODULE        ?C?FPCONVERT
  C:044AH         PUBLIC        ?C?FPCONVERT
  -------         ENDMOD        ?C?FPCONVERT

  -------         MODULE        SQRT
  C:4B82H         PUBLIC        _SQRT
  -------         ENDMOD        SQRT

  -------         MODULE        ATAN
  C:4564H         PUBLIC        _ATAN
  -------         ENDMOD        ATAN

  -------         MODULE        ?C?FTNPWR
  C:05CCH         PUBLIC        ?C?FTNPWR
BL51 BANKED LINKER/LOCATER V6.22                                                      02/05/2021  14:24:31  PAGE 50


  -------         ENDMOD        ?C?FTNPWR

  -------         MODULE        ?C?COPY
  C:06DCH         PUBLIC        ?C?COPY
  -------         ENDMOD        ?C?COPY

  -------         MODULE        ?C?CLDPTR
  C:0702H         PUBLIC        ?C?CLDPTR
  -------         ENDMOD        ?C?CLDPTR

  -------         MODULE        ?C?CLDOPTR
  C:071BH         PUBLIC        ?C?CLDOPTR
  -------         ENDMOD        ?C?CLDOPTR

  -------         MODULE        ?C?CSTPTR
  C:0748H         PUBLIC        ?C?CSTPTR
  -------         ENDMOD        ?C?CSTPTR

  -------         MODULE        ?C?IMUL
  C:075AH         PUBLIC        ?C?IMUL
  -------         ENDMOD        ?C?IMUL

  -------         MODULE        ?C?UIDIV
  C:076CH         PUBLIC        ?C?UIDIV
  -------         ENDMOD        ?C?UIDIV

  -------         MODULE        ?C?SIDIV
  C:07C1H         PUBLIC        ?C?SIDIV
  -------         ENDMOD        ?C?SIDIV

  -------         MODULE        ?C?ILDIX
  C:07F7H         PUBLIC        ?C?ILDIX
  -------         ENDMOD        ?C?ILDIX

  -------         MODULE        ?C?ILDOPTR
  C:080DH         PUBLIC        ?C?ILDOPTR
  -------         ENDMOD        ?C?ILDOPTR

  -------         MODULE        ?C?ISTPTR
  C:0845H         PUBLIC        ?C?ISTPTR
  -------         ENDMOD        ?C?ISTPTR

  -------         MODULE        ?C?LMUL
  C:0864H         PUBLIC        ?C?LMUL
  -------         ENDMOD        ?C?LMUL

  -------         MODULE        ?C?SLDIV
  C:5253H         PUBLIC        ?C?SLDIV
  -------         ENDMOD        ?C?SLDIV

  -------         MODULE        ?C?LNEG
  C:08B3H         PUBLIC        ?C?LNEG
  -------         ENDMOD        ?C?LNEG

  -------         MODULE        ?C?ULCMP
  C:08C1H         PUBLIC        ?C?ULCMP
  -------         ENDMOD        ?C?ULCMP
BL51 BANKED LINKER/LOCATER V6.22                                                      02/05/2021  14:24:31  PAGE 51



  -------         MODULE        ?C?LSHL
  C:08D2H         PUBLIC        ?C?LSHL
  -------         ENDMOD        ?C?LSHL

  -------         MODULE        ?C?LLDPTR
  C:08E5H         PUBLIC        ?C?LLDPTR
  -------         ENDMOD        ?C?LLDPTR

  -------         MODULE        ?C?LLDOPTR
  C:0905H         PUBLIC        ?C?LLDOPTR
  -------         ENDMOD        ?C?LLDOPTR

  -------         MODULE        ?C?LSTPTR
  C:0935H         PUBLIC        ?C?LSTPTR
  -------         ENDMOD        ?C?LSTPTR

  -------         MODULE        ?C?LSTOPTR
  C:094FH         PUBLIC        ?C?LSTOPTR
  -------         ENDMOD        ?C?LSTOPTR

  -------         MODULE        ?C?LLDXDATA
  C:0973H         PUBLIC        ?C?LLDXDATA
  -------         ENDMOD        ?C?LLDXDATA

  -------         MODULE        ?C?LLDCODE
  C:097FH         PUBLIC        ?C?LLDCODE
  -------         ENDMOD        ?C?LLDCODE

  -------         MODULE        ?C?LLDXDATA0
  C:098FH         PUBLIC        ?C?LLDXDATA0
  -------         ENDMOD        ?C?LLDXDATA0

  -------         MODULE        ?C?LLDCODE0
  C:099BH         PUBLIC        ?C?LLDCODE0
  -------         ENDMOD        ?C?LLDCODE0

  -------         MODULE        ?C?LLDPTR0
  C:09ABH         PUBLIC        ?C?LLDPTR0
  -------         ENDMOD        ?C?LLDPTR0

  -------         MODULE        ?C?LSTXDATA
  C:09CBH         PUBLIC        ?C?LSTXDATA
  -------         ENDMOD        ?C?LSTXDATA

  -------         MODULE        ?C?LSTKXDATA
  C:09D7H         PUBLIC        ?C?LSTKXDATA
  -------         ENDMOD        ?C?LSTKXDATA

  -------         MODULE        ?C?LSTKPTR
  C:0A08H         PUBLIC        ?C?LSTKPTR
  -------         ENDMOD        ?C?LSTKPTR

  -------         MODULE        ?C?OFFXADD
  C:0A22H         PUBLIC        ?C?OFFXADD
  -------         ENDMOD        ?C?OFFXADD

BL51 BANKED LINKER/LOCATER V6.22                                                      02/05/2021  14:24:31  PAGE 52


  -------         MODULE        ?C?PLDIXDATA
  C:0A2EH         PUBLIC        ?C?PLDIXDATA
  -------         ENDMOD        ?C?PLDIXDATA

  -------         MODULE        ?C?PSTXDATA
  C:0A45H         PUBLIC        ?C?PSTXDATA
  -------         ENDMOD        ?C?PSTXDATA

  -------         MODULE        ?C?CCASE
  C:0A4EH         PUBLIC        ?C?CCASE
  -------         ENDMOD        ?C?CCASE

  -------         MODULE        PUTCHAR
  C:54E0H         PUBLIC        _PUTCHAR
  -------         ENDMOD        PUTCHAR

  -------         MODULE        ABS
  C:5752H         PUBLIC        _ABS
  -------         ENDMOD        ABS

  -------         MODULE        ATOI
  C:4878H         PUBLIC        _atoi
  -------         ENDMOD        ATOI

  -------         MODULE        ?C?IILDX
  C:0A74H         PUBLIC        ?C?IILDX
  -------         ENDMOD        ?C?IILDX

  -------         MODULE        ?C?ULDIV
  C:0AC6H         PUBLIC        ?C?ULDIV
  -------         ENDMOD        ?C?ULDIV

  -------         MODULE        ?C?LLDIDATA
  C:0B58H         PUBLIC        ?C?LLDIDATA
  -------         ENDMOD        ?C?LLDIDATA

  -------         MODULE        ?C?LLDPDATA
  C:0B64H         PUBLIC        ?C?LLDPDATA
  -------         ENDMOD        ?C?LLDPDATA

  -------         MODULE        ?C?LLDIDATA0
  C:0B70H         PUBLIC        ?C?LLDIDATA0
  -------         ENDMOD        ?C?LLDIDATA0

  -------         MODULE        ?C?LLDPDATA0
  C:0B7DH         PUBLIC        ?C?LLDPDATA0
  -------         ENDMOD        ?C?LLDPDATA0

  -------         MODULE        ?C?LSTIDATA
  C:0B8AH         PUBLIC        ?C?LSTIDATA
  -------         ENDMOD        ?C?LSTIDATA

  -------         MODULE        ?C?LSTPDATA
  C:0B96H         PUBLIC        ?C?LSTPDATA
  -------         ENDMOD        ?C?LSTPDATA

  -------         MODULE        ?C?LSTKIDATA
BL51 BANKED LINKER/LOCATER V6.22                                                      02/05/2021  14:24:31  PAGE 53


  C:0BA2H         PUBLIC        ?C?LSTKIDATA
  -------         ENDMOD        ?C?LSTKIDATA

  -------         MODULE        ?C?LSTKPDATA
  C:0BBBH         PUBLIC        ?C?LSTKPDATA
  -------         ENDMOD        ?C?LSTKPDATA

  -------         MODULE        ISDIGIT
  C:5710H         PUBLIC        _isdigit
  -------         ENDMOD        ISDIGIT

  -------         MODULE        ISSPACE
  C:569AH         PUBLIC        _isspace
  -------         ENDMOD        ISSPACE

*** WARNING L16: UNCALLED SEGMENT, IGNORED FOR OVERLAY PROCESS
    SEGMENT: ?PR?SPI_INIT?PCF85063BTL

*** WARNING L16: UNCALLED SEGMENT, IGNORED FOR OVERLAY PROCESS
    SEGMENT: ?PR?_DAY_OF_YEAR?PCF85063BTL

*** WARNING L16: UNCALLED SEGMENT, IGNORED FOR OVERLAY PROCESS
    SEGMENT: ?PR?LCD_INIT?LCD_DRIVER_SPLC780D

*** WARNING L16: UNCALLED SEGMENT, IGNORED FOR OVERLAY PROCESS
    SEGMENT: ?PR?_DISPLAYLCD?LCD_DRIVER_SPLC780D

*** WARNING L16: UNCALLED SEGMENT, IGNORED FOR OVERLAY PROCESS
    SEGMENT: ?PR?LCD_RETURN_HOME?LCD_DRIVER_SPLC780D

*** WARNING L16: UNCALLED SEGMENT, IGNORED FOR OVERLAY PROCESS
    SEGMENT: ?PR?_DISPLAY_LINE?LCD_DRIVER_SPLC780D

*** WARNING L16: UNCALLED SEGMENT, IGNORED FOR OVERLAY PROCESS
    SEGMENT: ?PR?KEY_PROCESS?KEYPAD

*** WARNING L16: UNCALLED SEGMENT, IGNORED FOR OVERLAY PROCESS
    SEGMENT: ?PR?KEYPAD_IO_INIT?KEYPAD

*** WARNING L16: UNCALLED SEGMENT, IGNORED FOR OVERLAY PROCESS
    SEGMENT: ?PR?VSETLOCATION?BIPOLARMOTOR

*** WARNING L16: UNCALLED SEGMENT, IGNORED FOR OVERLAY PROCESS
    SEGMENT: ?PR?_ELEVATION_CALCULATION?BIPOLARMOTOR

*** WARNING L16: UNCALLED SEGMENT, IGNORED FOR OVERLAY PROCESS
    SEGMENT: ?PR?_AZIMUTH_CALCULATION?BIPOLARMOTOR

*** WARNING L16: UNCALLED SEGMENT, IGNORED FOR OVERLAY PROCESS
    SEGMENT: ?PR?_CALIBRATION?CALIBRATION

*** WARNING L16: UNCALLED SEGMENT, IGNORED FOR OVERLAY PROCESS
    SEGMENT: ?PR?_FINDCLOSESTSAMEDAYCALIBTIME?CALIBRATION

*** WARNING L16: UNCALLED SEGMENT, IGNORED FOR OVERLAY PROCESS
    SEGMENT: ?PR?NOP?IOEXPANDER_PI4IOE5V96248

BL51 BANKED LINKER/LOCATER V6.22                                                      02/05/2021  14:24:31  PAGE 54


*** WARNING L16: UNCALLED SEGMENT, IGNORED FOR OVERLAY PROCESS
    SEGMENT: ?PR?UC_ACK?IOEXPANDER_PI4IOE5V96248

*** WARNING L16: UNCALLED SEGMENT, IGNORED FOR OVERLAY PROCESS
    SEGMENT: ?PR?UC_NACK?IOEXPANDER_PI4IOE5V96248

*** WARNING L16: UNCALLED SEGMENT, IGNORED FOR OVERLAY PROCESS
    SEGMENT: ?PR?AT25SF041_CHIPERASE?AT25SF041

*** WARNING L16: UNCALLED SEGMENT, IGNORED FOR OVERLAY PROCESS
    SEGMENT: ?PR?_AT25SF041_READ?AT25SF041

*** WARNING L16: UNCALLED SEGMENT, IGNORED FOR OVERLAY PROCESS
    SEGMENT: ?PR?SPI_NOR_WRITE_DATA?AT25SF041

*** WARNING L16: UNCALLED SEGMENT, IGNORED FOR OVERLAY PROCESS
    SEGMENT: ?PR?SI1120_CONFIG_MODE_VIRH?SI1120

*** WARNING L16: UNCALLED SEGMENT, IGNORED FOR OVERLAY PROCESS
    SEGMENT: ?PR?ENABLE_EXTINT0?SI1120

*** WARNING L16: UNCALLED SEGMENT, IGNORED FOR OVERLAY PROCESS
    SEGMENT: ?PR?_TEN?UART1

*** WARNING L16: UNCALLED SEGMENT, IGNORED FOR OVERLAY PROCESS
    SEGMENT: ?PR?_UNIT?UART1

*** WARNING L16: UNCALLED SEGMENT, IGNORED FOR OVERLAY PROCESS
    SEGMENT: ?PR?_DECTOBCD?UART1

*** WARNING L16: UNCALLED SEGMENT, IGNORED FOR OVERLAY PROCESS
    SEGMENT: ?PR?_ASCII_LETTER?UART1

*** WARNING L16: UNCALLED SEGMENT, IGNORED FOR OVERLAY PROCESS
    SEGMENT: ?PR?_ASCIITOBCD?UART1

*** WARNING L16: UNCALLED SEGMENT, IGNORED FOR OVERLAY PROCESS
    SEGMENT: ?PR?UART1_INITTCPCONN?UART1

*** WARNING L16: UNCALLED SEGMENT, IGNORED FOR OVERLAY PROCESS
    SEGMENT: ?PR?_UART1_SENDTOTCPSERVER?UART1

Program Size: data=16.1 xdata=1941 code=22426
LINK/LOCATE RUN COMPLETE.  28 WARNING(S),  0 ERROR(S)
