BL51 BANKED LINKER/LOCATER V6.22                                                        01/16/2019  16:21:51  PAGE 1


BL51 BANKED LINKER/LOCATER V6.22, INVOKED BY:
C:\KEIL_V5\C51\BIN\BL51.EXE .\Obj\main.obj, .\Obj\PCF85063BTL.obj, .\Obj\UART1.obj, .\Obj\LCd_Driver_SPLC780D.obj, .\Obj
>> \KeyPad.obj, .\Obj\BipolarMotor.obj, .\Obj\SunPos.obj, .\Obj\ADC.obj, .\Obj\Calibration.obj, .\Obj\IOExpander_PI4IOE5
>> V96248.obj, .\Obj\STARTUP.obj TO .\Obj\GPIO_RTC_Test PRINT (.\Lis\GPIO_RTC_Test.m51) RAMSIZE (256)


MEMORY MODEL: LARGE WITH FLOATING POINT ARITHMETIC


INPUT MODULES INCLUDED:
  .\Obj\main.obj (MAIN)
  .\Obj\PCF85063BTL.obj (PCF85063BTL)
  .\Obj\UART1.obj (UART1)
  .\Obj\LCd_Driver_SPLC780D.obj (LCD_DRIVER_SPLC780D)
  .\Obj\KeyPad.obj (KEYPAD)
  .\Obj\BipolarMotor.obj (BIPOLARMOTOR)
  .\Obj\SunPos.obj (SUNPOS)
  .\Obj\ADC.obj (ADC)
  .\Obj\Calibration.obj (CALIBRATION)
  .\Obj\IOExpander_PI4IOE5V96248.obj (IOEXPANDER_PI4IOE5V96248)
  .\Obj\STARTUP.obj (?C_STARTUP)
  C:\KEIL_V5\C51\LIB\C51FPL.LIB (?C?FPADD)
  C:\KEIL_V5\C51\LIB\C51FPL.LIB (?C?FPMUL)
  C:\KEIL_V5\C51\LIB\C51FPL.LIB (?C?FPDIV)
  C:\KEIL_V5\C51\LIB\C51FPL.LIB (?C?FPCMP)
  C:\KEIL_V5\C51\LIB\C51FPL.LIB (?C?FPNEG)
  C:\KEIL_V5\C51\LIB\C51FPL.LIB (?C?FCAST)
  C:\KEIL_V5\C51\LIB\C51FPL.LIB (?C?CASTF)
  C:\KEIL_V5\C51\LIB\C51FPL.LIB (ATAN2)
  C:\KEIL_V5\C51\LIB\C51FPL.LIB (SIN)
  C:\KEIL_V5\C51\LIB\C51FPL.LIB (ACOS)
  C:\KEIL_V5\C51\LIB\C51FPL.LIB (ASIN)
  C:\KEIL_V5\C51\LIB\C51FPL.LIB (?C?FPGETOPN)
  C:\KEIL_V5\C51\LIB\C51FPL.LIB (?C?FPSERIES)
  C:\KEIL_V5\C51\LIB\C51FPL.LIB (SQRT)
  C:\KEIL_V5\C51\LIB\C51FPL.LIB (ATAN)
  C:\KEIL_V5\C51\LIB\C51L.LIB (?C_INIT)
  C:\KEIL_V5\C51\LIB\C51L.LIB (?C?COPY)
  C:\KEIL_V5\C51\LIB\C51L.LIB (?C?CLDPTR)
  C:\KEIL_V5\C51\LIB\C51L.LIB (?C?CLDOPTR)
  C:\KEIL_V5\C51\LIB\C51L.LIB (?C?CSTPTR)
  C:\KEIL_V5\C51\LIB\C51L.LIB (?C?IMUL)
  C:\KEIL_V5\C51\LIB\C51L.LIB (?C?UIDIV)
  C:\KEIL_V5\C51\LIB\C51L.LIB (?C?SIDIV)
  C:\KEIL_V5\C51\LIB\C51L.LIB (?C?ILDIX)
  C:\KEIL_V5\C51\LIB\C51L.LIB (?C?ILDOPTR)
  C:\KEIL_V5\C51\LIB\C51L.LIB (?C?LMUL)
  C:\KEIL_V5\C51\LIB\C51L.LIB (?C?SLDIV)
  C:\KEIL_V5\C51\LIB\C51L.LIB (?C?LNEG)
  C:\KEIL_V5\C51\LIB\C51L.LIB (?C?LLDPTR)
  C:\KEIL_V5\C51\LIB\C51L.LIB (?C?LLDOPTR)
  C:\KEIL_V5\C51\LIB\C51L.LIB (?C?LSTPTR)
  C:\KEIL_V5\C51\LIB\C51L.LIB (?C?LSTOPTR)
  C:\KEIL_V5\C51\LIB\C51L.LIB (?C?LLDXDATA)
  C:\KEIL_V5\C51\LIB\C51L.LIB (?C?LLDCODE)
  C:\KEIL_V5\C51\LIB\C51L.LIB (?C?LLDXDATA0)
  C:\KEIL_V5\C51\LIB\C51L.LIB (?C?LLDCODE0)
  C:\KEIL_V5\C51\LIB\C51L.LIB (?C?LLDPTR0)
BL51 BANKED LINKER/LOCATER V6.22                                                      01/16/2019  16:21:51  PAGE 2


  C:\KEIL_V5\C51\LIB\C51L.LIB (?C?LSTXDATA)
  C:\KEIL_V5\C51\LIB\C51L.LIB (?C?LSTKXDATA)
  C:\KEIL_V5\C51\LIB\C51L.LIB (?C?OFFXADD)
  C:\KEIL_V5\C51\LIB\C51L.LIB (ABS)
  C:\KEIL_V5\C51\LIB\C51L.LIB (ATOI)
  C:\KEIL_V5\C51\LIB\C51L.LIB (?C?IILDX)
  C:\KEIL_V5\C51\LIB\C51L.LIB (?C?ULDIV)
  C:\KEIL_V5\C51\LIB\C51L.LIB (?C?LLDIDATA)
  C:\KEIL_V5\C51\LIB\C51L.LIB (?C?LLDPDATA)
  C:\KEIL_V5\C51\LIB\C51L.LIB (?C?LLDIDATA0)
  C:\KEIL_V5\C51\LIB\C51L.LIB (?C?LLDPDATA0)
  C:\KEIL_V5\C51\LIB\C51L.LIB (?C?LSTIDATA)
  C:\KEIL_V5\C51\LIB\C51L.LIB (?C?LSTPDATA)
  C:\KEIL_V5\C51\LIB\C51L.LIB (ISDIGIT)
  C:\KEIL_V5\C51\LIB\C51L.LIB (ISSPACE)


LINK MAP OF MODULE:  .\Obj\GPIO_RTC_Test (MAIN)


            TYPE    BASE      LENGTH    RELOCATION   SEGMENT NAME
            -----------------------------------------------------

            * * * * * * *   D A T A   M E M O R Y   * * * * * * *
            REG     0000H     0008H     ABSOLUTE     "REG BANK 0"
            REG     0008H     0008H     ABSOLUTE     "REG BANK 1"
                    0010H     0010H                  *** GAP ***
            BIT     0020H.0   0000H.5   UNIT         ?BI?KEYPAD
            BIT     0020H.5   0000H.4   UNIT         _BIT_GROUP_
            BIT     0021H.1   0000H.1   UNIT         ?BI?MAIN
                    0021H.2   0000H.6                *** GAP ***
            IDATA   0022H     0001H     UNIT         ?STACK

            * * * * * * *  X D A T A   M E M O R Y  * * * * * * *
            XDATA   0000H     03C7H     UNIT         ?XD?BIPOLARMOTOR
            XDATA   03C7H     0137H     UNIT         _XDATA_GROUP_
            XDATA   04FEH     00EDH     UNIT         ?XD?MAIN
            XDATA   05EBH     0040H     UNIT         ?XD?_FINDDET4X4?BIPOLARMOTOR
            XDATA   062BH     0024H     UNIT         ?XD?_FINDDET3X3?BIPOLARMOTOR
            XDATA   064FH     001EH     UNIT         ?XD?_CALIB_INTERPOLATE?MAIN
            XDATA   066DH     0009H     UNIT         ?XD?KEYPAD
            XDATA   0676H     0004H     UNIT         ?XD?_DISPLAY_PROX?MAIN
            XDATA   067AH     0003H     UNIT         ?XD?_SENDSTRING?UART1
            XDATA   067DH     0001H     UNIT         ?XD?UC_ACK?IOEXPANDER_PI4IOE5V96248
            XDATA   067EH     0001H     UNIT         ?XD?UC_NACK?IOEXPANDER_PI4IOE5V96248

            * * * * * * *   C O D E   M E M O R Y   * * * * * * *
            CODE    0000H     0003H     ABSOLUTE     
            CODE    0003H     0006H     UNIT         ?PR?_TEN?UART1
            CODE    0009H     0001H     UNIT         ?PR?_DECTOBCD?UART1
            CODE    000AH     0001H     UNIT         ?PR?WAIT?BIPOLARMOTOR
            CODE    000BH     0003H     ABSOLUTE     
            CODE    000EH     0015H     UNIT         ?PR?_DISPLAY_LINE?LCD_DRIVER_SPLC780D
            CODE    0023H     0003H     ABSOLUTE     
            CODE    0026H     0927H     UNIT         ?C?LIB_CODE
            CODE    094DH     07D2H     UNIT         ?PR?_UPDATE_POSITION?BIPOLARMOTOR
            CODE    111FH     07A2H     UNIT         ?PR?SUNPOS?SUNPOS
BL51 BANKED LINKER/LOCATER V6.22                                                      01/16/2019  16:21:51  PAGE 3


            CODE    18C1H     0423H     UNIT         ?C_INITSEG
            CODE    1CE4H     03A7H     UNIT         ?PR?MAIN?MAIN
            CODE    208BH     02C0H     UNIT         ?PR?_FINDDET4X4?BIPOLARMOTOR
            CODE    234BH     02A0H     UNIT         ?PR?KEY_PROCESS?KEYPAD
            CODE    25EBH     01D1H     UNIT         ?PR?_FINDDET3X3?BIPOLARMOTOR
            CODE    27BCH     01B5H     UNIT         ?PR?_DISPLAY_POS?MAIN
            CODE    2971H     01A6H     UNIT         ?PR?_FIND_REAL_MAX?CALIBRATION
            CODE    2B17H     01A1H     UNIT         ?PR?_CALIB_INTERPOLATE?MAIN
            CODE    2CB8H     018DH     UNIT         ?PR?KEY_SCAN?KEYPAD
            CODE    2E45H     0188H     UNIT         ?PR?SIN?SIN
            CODE    2FCDH     0122H     UNIT         ?PR?ATAN?ATAN
            CODE    30EFH     00DBH     UNIT         ?PR?_ATOI?ATOI
            CODE    31CAH     00C8H     UNIT         ?PR?_CALIBRATION?CALIBRATION
            CODE    3292H     00BBH     UNIT         ?PR?VOLTAGE_IS_STABLE?CALIBRATION
            CODE    334DH     00B1H     UNIT         ?PR?LINEAR_INTERPOLATE?BIPOLARMOTOR
            CODE    33FEH     00ADH     UNIT         ?PR?_WRITE_PI4IOE5V96248?IOEXPANDER_PI4IOE5V96248
            CODE    34ABH     00ACH     UNIT         ?PR?SQRT?SQRT
            CODE    3557H     009DH     UNIT         ?PR?_ATAN2?ATAN2
            CODE    35F4H     009BH     UNIT         ?PR?UART?MAIN
            CODE    368FH     0095H     UNIT         ?PR?_DISPLAY_PROX?MAIN
            CODE    3724H     0093H     UNIT         ?PR?_MAX_VALUE?CALIBRATION
            CODE    37B7H     008CH     UNIT         ?C_C51STARTUP
            CODE    3843H     0084H     UNIT         ?PR?_DAY_OF_YEAR?PCF85063BTL
            CODE    38C7H     0075H     UNIT         ?PR?_WRITEDATA?LCD_DRIVER_SPLC780D
            CODE    393CH     006FH     UNIT         ?PR?_READ_TIME?PCF85063BTL
            CODE    39ABH     0059H     UNIT         ?PR?LCD_INIT?LCD_DRIVER_SPLC780D
            CODE    3A04H     004AH     UNIT         ?PR?VONESTEPMOVE?BIPOLARMOTOR
            CODE    3A4EH     004AH     UNIT         ?PR?ACOS?ACOS
            CODE    3A98H     0044H     UNIT         ?C?LDIV
            CODE    3ADCH     0040H     UNIT         ?PR?_COMMAND?LCD_DRIVER_SPLC780D
            CODE    3B1CH     0040H     UNIT         ?PR?_STEP_MOVE?BIPOLARMOTOR
            CODE    3B5CH     003BH     UNIT         ?PR?ASIN?ASIN
            CODE    3B97H     0033H     UNIT         ?PR?_SENDSTRING?UART1
            CODE    3BCAH     002BH     UNIT         ?PR?_WAIT_MS_I2C?IOEXPANDER_PI4IOE5V96248
            CODE    3BF5H     0028H     UNIT         ?PR?_MOVE?BIPOLARMOTOR
            CODE    3C1DH     0027H     UNIT         ?PR?_I2C_SENDBYTE?IOEXPANDER_PI4IOE5V96248
            CODE    3C44H     0026H     UNIT         ?PR?_ADC_GETRESULT?ADC
            CODE    3C6AH     0024H     UNIT         ?PR?_WAIT_MS?LCD_DRIVER_SPLC780D
            CODE    3C8EH     0020H     UNIT         ?PR?_SPI_SENDBYTE?PCF85063BTL
            CODE    3CAEH     0020H     UNIT         ?PR?SPI_RECEIVEBYTE?PCF85063BTL
            CODE    3CCEH     001EH     UNIT         ?PR?_DELAY_MS?KEYPAD
            CODE    3CECH     001DH     UNIT         ?PR?_DISPLAYLCD?LCD_DRIVER_SPLC780D
            CODE    3D09H     001DH     UNIT         ?PR?ADC_INIT?ADC
            CODE    3D26H     001BH     UNIT         ?PR?TM0_ISR?MAIN
            CODE    3D41H     001BH     UNIT         ?PR?_BCDTODEC1?BIPOLARMOTOR
            CODE    3D5CH     0018H     UNIT         ?PR?_SPI_WRITETIME?PCF85063BTL
            CODE    3D74H     0017H     UNIT         ?PR?_ASCIITOBCD?UART1
            CODE    3D8BH     0016H     UNIT         ?PR?I2C_ACK?IOEXPANDER_PI4IOE5V96248
            CODE    3DA1H     0015H     UNIT         ?PR?I2C_STOP?IOEXPANDER_PI4IOE5V96248
            CODE    3DB6H     0014H     UNIT         ?PR?_PCF85063BTL_DELAY?PCF85063BTL
            CODE    3DCAH     0014H     UNIT         ?PR?_ISSPACE?ISSPACE
            CODE    3DDEH     0011H     UNIT         ?PR?_SPI_READTIME?PCF85063BTL
            CODE    3DEFH     0011H     UNIT         ?PR?_BCDTODEC?PCF85063BTL
            CODE    3E00H     0011H     UNIT         ?PR?INITUART1?UART1
            CODE    3E11H     000FH     UNIT         ?PR?I2C_START?IOEXPANDER_PI4IOE5V96248
            CODE    3E20H     000FH     UNIT         ?PR?UC_NACK?IOEXPANDER_PI4IOE5V96248
            CODE    3E2FH     000FH     UNIT         ?PR?_ISDIGIT?ISDIGIT
BL51 BANKED LINKER/LOCATER V6.22                                                      01/16/2019  16:21:51  PAGE 4


            CODE    3E3EH     000DH     UNIT         ?PR?SPI_INIT?PCF85063BTL
            CODE    3E4BH     000CH     UNIT         ?PR?KEYPAD_IO_INIT?KEYPAD
            CODE    3E57H     000CH     UNIT         ?PR?_ABS?ABS
            CODE    3E63H     000AH     UNIT         ?PR?LCD_RETURN_HOME?LCD_DRIVER_SPLC780D
            CODE    3E6DH     000AH     UNIT         ?PR?LCD_CLEAR?LCD_DRIVER_SPLC780D
            CODE    3E77H     0009H     UNIT         ?PR?_SENDUART1?MAIN
            CODE    3E80H     0006H     UNIT         ?PR?UC_ACK?IOEXPANDER_PI4IOE5V96248
            CODE    3E86H     0005H     UNIT         ?PR?_UNIT?UART1
            CODE    3E8BH     0005H     UNIT         ?PR?_ASCII_LETTER?UART1
            CODE    3E90H     0001H     UNIT         ?PR?NOP?IOEXPANDER_PI4IOE5V96248



OVERLAY MAP OF MODULE:   .\Obj\GPIO_RTC_Test (MAIN)


SEGMENT                                             BIT_GROUP          XDATA_GROUP
  +--> CALLED SEGMENT                            START    LENGTH     START    LENGTH
------------------------------------------------------------------------------------
?PR?UART?MAIN                                    -----    -----      -----    -----
  +--> ?PR?_ASCIITOBCD?UART1

?PR?_ASCIITOBCD?UART1                            -----    -----      -----    -----
  +--> ?PR?_ATOI?ATOI

?PR?_ATOI?ATOI                                   0020H.5  0000H.1    03C7H    0005H
  +--> ?PR?_ISSPACE?ISSPACE
  +--> ?PR?_ISDIGIT?ISDIGIT

*** NEW ROOT ***************************************************

?C_C51STARTUP                                    -----    -----      -----    -----
  +--> ?PR?MAIN?MAIN
  +--> ?C_INITSEG

?PR?MAIN?MAIN                                    -----    -----      03CCH    000AH
  +--> ?PR?LCD_INIT?LCD_DRIVER_SPLC780D
  +--> ?PR?SPI_INIT?PCF85063BTL
  +--> ?PR?KEYPAD_IO_INIT?KEYPAD
  +--> ?PR?ADC_INIT?ADC
  +--> ?PR?_DELAY_MS?KEYPAD
  +--> ?PR?_DISPLAY_LINE?LCD_DRIVER_SPLC780D
  +--> ?PR?_WRITEDATA?LCD_DRIVER_SPLC780D
  +--> ?PR?KEY_PROCESS?KEYPAD
  +--> ?PR?_COMMAND?LCD_DRIVER_SPLC780D
  +--> ?PR?_DISPLAY_POS?MAIN
  +--> ?PR?_DISPLAYLCD?LCD_DRIVER_SPLC780D
  +--> ?PR?_STEP_MOVE?BIPOLARMOTOR
  +--> ?PR?LCD_RETURN_HOME?LCD_DRIVER_SPLC780D
  +--> ?PR?_READ_TIME?PCF85063BTL
  +--> ?PR?_DAY_OF_YEAR?PCF85063BTL
  +--> ?PR?_BCDTODEC1?BIPOLARMOTOR
  +--> ?PR?_CALIBRATION?CALIBRATION

?PR?LCD_INIT?LCD_DRIVER_SPLC780D                 -----    -----      -----    -----
  +--> ?PR?_WAIT_MS?LCD_DRIVER_SPLC780D
  +--> ?PR?_COMMAND?LCD_DRIVER_SPLC780D
BL51 BANKED LINKER/LOCATER V6.22                                                      01/16/2019  16:21:51  PAGE 5



?PR?_COMMAND?LCD_DRIVER_SPLC780D                 -----    -----      -----    -----
  +--> ?PR?_WAIT_MS?LCD_DRIVER_SPLC780D

?PR?ADC_INIT?ADC                                 -----    -----      -----    -----
  +--> ?PR?_WAIT_MS?LCD_DRIVER_SPLC780D

?PR?_DISPLAY_LINE?LCD_DRIVER_SPLC780D            -----    -----      -----    -----
  +--> ?PR?_COMMAND?LCD_DRIVER_SPLC780D

?PR?_WRITEDATA?LCD_DRIVER_SPLC780D               -----    -----      03E0H    0001H
  +--> ?PR?_WAIT_MS?LCD_DRIVER_SPLC780D

?PR?KEY_PROCESS?KEYPAD                           -----    -----      03D6H    0006H
  +--> ?PR?KEY_SCAN?KEYPAD
  +--> ?PR?_SPI_WRITETIME?PCF85063BTL
  +--> ?PR?LCD_CLEAR?LCD_DRIVER_SPLC780D
  +--> ?PR?_COMMAND?LCD_DRIVER_SPLC780D
  +--> ?PR?_WRITEDATA?LCD_DRIVER_SPLC780D

?PR?KEY_SCAN?KEYPAD                              -----    -----      03DCH    0003H

?PR?_SPI_WRITETIME?PCF85063BTL                   -----    -----      -----    -----
  +--> ?PR?_SPI_SENDBYTE?PCF85063BTL

?PR?_SPI_SENDBYTE?PCF85063BTL                    -----    -----      -----    -----
  +--> ?PR?_PCF85063BTL_DELAY?PCF85063BTL

?PR?LCD_CLEAR?LCD_DRIVER_SPLC780D                -----    -----      -----    -----
  +--> ?PR?_COMMAND?LCD_DRIVER_SPLC780D

?PR?_DISPLAY_POS?MAIN                            -----    -----      03D6H    000AH
  +--> ?PR?_ABS?ABS
  +--> ?PR?_WRITEDATA?LCD_DRIVER_SPLC780D

?PR?_DISPLAYLCD?LCD_DRIVER_SPLC780D              -----    -----      03D6H    0001H
  +--> ?PR?_WRITEDATA?LCD_DRIVER_SPLC780D

?PR?_STEP_MOVE?BIPOLARMOTOR                      0020H.7  0000H.1    0499H    0004H
  +--> ?PR?VONESTEPMOVE?BIPOLARMOTOR

?PR?VONESTEPMOVE?BIPOLARMOTOR                    0021H.0  0000H.1    -----    -----
  +--> ?PR?_WRITE_PI4IOE5V96248?IOEXPANDER_P...
  +--> ?PR?_DELAY_MS?KEYPAD

?PR?_WRITE_PI4IOE5V96248?IOEXPANDER_P...         -----    -----      049DH    0003H
  +--> ?PR?I2C_START?IOEXPANDER_PI4IOE5V96248
  +--> ?PR?_WAIT_MS_I2C?IOEXPANDER_PI4IOE5V9...
  +--> ?PR?_I2C_SENDBYTE?IOEXPANDER_PI4IOE5V...
  +--> ?PR?I2C_ACK?IOEXPANDER_PI4IOE5V96248
  +--> ?PR?I2C_STOP?IOEXPANDER_PI4IOE5V96248

?PR?I2C_START?IOEXPANDER_PI4IOE5V96248           -----    -----      -----    -----
  +--> ?PR?_WAIT_MS_I2C?IOEXPANDER_PI4IOE5V9...

?PR?_I2C_SENDBYTE?IOEXPANDER_PI4IOE5V...         -----    -----      -----    -----
  +--> ?PR?_WAIT_MS_I2C?IOEXPANDER_PI4IOE5V9...
BL51 BANKED LINKER/LOCATER V6.22                                                      01/16/2019  16:21:51  PAGE 6



?PR?I2C_ACK?IOEXPANDER_PI4IOE5V96248             -----    -----      04A0H    0001H
  +--> ?PR?_WAIT_MS_I2C?IOEXPANDER_PI4IOE5V9...

?PR?I2C_STOP?IOEXPANDER_PI4IOE5V96248            -----    -----      -----    -----
  +--> ?PR?_WAIT_MS_I2C?IOEXPANDER_PI4IOE5V9...

?PR?LCD_RETURN_HOME?LCD_DRIVER_SPLC780D          -----    -----      -----    -----
  +--> ?PR?_COMMAND?LCD_DRIVER_SPLC780D

?PR?_READ_TIME?PCF85063BTL                       -----    -----      03D6H    000FH
  +--> ?PR?_SPI_READTIME?PCF85063BTL

?PR?_SPI_READTIME?PCF85063BTL                    -----    -----      -----    -----
  +--> ?PR?_SPI_SENDBYTE?PCF85063BTL
  +--> ?PR?SPI_RECEIVEBYTE?PCF85063BTL

?PR?SPI_RECEIVEBYTE?PCF85063BTL                  -----    -----      -----    -----
  +--> ?PR?_PCF85063BTL_DELAY?PCF85063BTL

?PR?_DAY_OF_YEAR?PCF85063BTL                     -----    -----      -----    -----
  +--> ?PR?_BCDTODEC?PCF85063BTL

?PR?_CALIBRATION?CALIBRATION                     -----    -----      03D6H    0010H
  +--> ?PR?VOLTAGE_IS_STABLE?CALIBRATION
  +--> ?PR?_UPDATE_POSITION?BIPOLARMOTOR
  +--> ?PR?_FIND_REAL_MAX?CALIBRATION

?PR?VOLTAGE_IS_STABLE?CALIBRATION                -----    -----      03E6H    0018H
  +--> ?PR?_ADC_GETRESULT?ADC
  +--> ?PR?_ABS?ABS

?PR?_UPDATE_POSITION?BIPOLARMOTOR                -----    -----      03E6H    00AFH
  +--> ?PR?_BCDTODEC1?BIPOLARMOTOR
  +--> ?PR?SUNPOS?SUNPOS
  +--> ?PR?SIN?SIN
  +--> ?PR?ASIN?ASIN
  +--> ?PR?LINEAR_INTERPOLATE?BIPOLARMOTOR
  +--> ?PR?_ABS?ABS
  +--> ?PR?_MOVE?BIPOLARMOTOR

?PR?SUNPOS?SUNPOS                                -----    -----      0495H    005DH
  +--> ?PR?SIN?SIN
  +--> ?PR?_ATAN2?ATAN2
  +--> ?PR?ASIN?ASIN
  +--> ?PR?ACOS?ACOS

?PR?SIN?SIN                                      0020H.6  0000H.1    04F2H    0004H

?PR?_ATAN2?ATAN2                                 -----    -----      04F2H    0008H
  +--> ?PR?ATAN?ATAN

?PR?ATAN?ATAN                                    0020H.6  0000H.2    04FAH    0004H

?PR?ASIN?ASIN                                    -----    -----      -----    -----
  +--> ?PR?SQRT?SQRT
  +--> ?PR?ATAN?ATAN
BL51 BANKED LINKER/LOCATER V6.22                                                      01/16/2019  16:21:51  PAGE 7



?PR?SQRT?SQRT                                    -----    -----      04F2H    0004H

?PR?ACOS?ACOS                                    -----    -----      -----    -----
  +--> ?PR?SQRT?SQRT
  +--> ?PR?ATAN?ATAN

?PR?LINEAR_INTERPOLATE?BIPOLARMOTOR              -----    -----      0495H    0014H

?PR?_MOVE?BIPOLARMOTOR                           0020H.6  0000H.1    0495H    0004H
  +--> ?PR?_STEP_MOVE?BIPOLARMOTOR

?PR?_FIND_REAL_MAX?CALIBRATION                   -----    -----      03E6H    005CH
  +--> ?PR?_MOVE?BIPOLARMOTOR
  +--> ?PR?_ADC_GETRESULT?ADC
  +--> ?PR?_WAIT_MS?LCD_DRIVER_SPLC780D
  +--> ?PR?_MAX_VALUE?CALIBRATION

?PR?_MAX_VALUE?CALIBRATION                       -----    -----      0442H    0004H



UNRESOLVED EXTERNAL SYMBOLS:
   AUTO_MODE



SYMBOL TABLE OF MODULE:  .\Obj\GPIO_RTC_Test (MAIN)

  VALUE           TYPE          NAME
  ----------------------------------

  -------         MODULE        MAIN
  C:0000H         SYMBOL        _ICE_DUMMY_
  X:0506H         PUBLIC        calib_value
  D:0080H         PUBLIC        P0
  D:00B2H         PUBLIC        P3M0
  D:0090H         PUBLIC        P1
  D:00B1H         PUBLIC        P3M1
  D:00A0H         PUBLIC        P2
  D:00B0H         PUBLIC        P3
  D:00C0H         PUBLIC        P4
  D:00C8H         PUBLIC        P5
  X:0566H         SYMBOL        PressedKey
  B:00A8H.7       PUBLIC        EA
  D:00E8H         PUBLIC        P6
  D:00F8H         PUBLIC        P7
  X:056AH         PUBLIC        RX_Data_Uart_Cnt
  C:2B17H         PUBLIC        _calib_interpolate
  D:00A8H         PUBLIC        IE
  X:056CH         PUBLIC        calib_time
  D:00B8H         PUBLIC        IP
  B:0098H.0       PUBLIC        RI
  X:05CCH         PUBLIC        months
  B:0098H.1       PUBLIC        TI
  C:35F4H         PUBLIC        Uart
  D:00D8H         PUBLIC        CCON
BL51 BANKED LINKER/LOCATER V6.22                                                      01/16/2019  16:21:51  PAGE 8


  C:1CE4H         PUBLIC        main
  X:05CDH         PUBLIC        count
  D:0099H         PUBLIC        SBUF
  X:05CFH         PUBLIC        days
  X:05D0H         PUBLIC        lcd
  X:05D2H         PUBLIC        hours
  D:0098H         PUBLIC        SCON
  D:0089H         PUBLIC        TMOD
  D:0088H         PUBLIC        TCON
  B:00A0H.3       PUBLIC        P23
  X:05D3H         SYMBOL        KeyCount
  X:05D5H         PUBLIC        mins
  X:05D6H         PUBLIC        Rec_data_hour
  X:05D9H         PUBLIC        Rec_data_min
  D:008EH         PUBLIC        AUXR
  C:3D26H         PUBLIC        tm0_isr
  B:0021H.1       PUBLIC        busy
  D:00E0H         PUBLIC        ACC
  B:00A8H.1       PUBLIC        ET0
  D:008CH         PUBLIC        TH0
  X:05DCH         PUBLIC        hour_count
  D:008AH         PUBLIC        TL0
  X:05DDH         PUBLIC        min_count
  B:0088H.4       PUBLIC        TR0
  X:05DEH         SYMBOL        KeyNum
  X:05DFH         SYMBOL        KeyNum_Old
  X:05E0H         PUBLIC        current_position
  X:05E4H         PUBLIC        hours1
  X:05E5H         PUBLIC        hours2
  C:368FH         PUBLIC        _Display_Prox
  X:05E6H         PUBLIC        mins1
  X:05E7H         PUBLIC        mins2
  C:27BCH         PUBLIC        _Display_Pos
  X:05E8H         PUBLIC        seconds
  X:05E9H         PUBLIC        st_time
  D:00D0H         PUBLIC        PSW
  C:3E77H         PUBLIC        _SendUART1
  -------         PROC          TM0_ISR
  C:3D26H         LINE#         85
  C:3D2CH         LINE#         88
  C:3D3AH         LINE#         132
  -------         ENDPROC       TM0_ISR
  -------         PROC          MAIN
  -------         DO            
  X:03CCH         SYMBOL        prox_data
  X:04FEH         SYMBOL        KeyCount
  X:0500H         SYMBOL        KeyNum_Old
  X:0501H         SYMBOL        KeyNum
  X:0502H         SYMBOL        PressedKey
  X:03CEH         SYMBOL        prox_flag
  X:03CFH         SYMBOL        calib_day
  X:03D1H         SYMBOL        numStr
  -------         ENDDO         
  C:1CE4H         LINE#         134
  C:1CE4H         LINE#         135
  C:1CE4H         LINE#         140
  C:1CEAH         LINE#         142
BL51 BANKED LINKER/LOCATER V6.22                                                      01/16/2019  16:21:51  PAGE 9


  C:1CEFH         LINE#         146
  C:1CF1H         LINE#         147
  C:1CF3H         LINE#         148
  C:1CF5H         LINE#         149
  C:1CF7H         LINE#         151
  C:1CFDH         LINE#         161
  C:1CFFH         LINE#         162
  C:1D02H         LINE#         163
  C:1D05H         LINE#         164
  C:1D08H         LINE#         165
  C:1D0BH         LINE#         166
  C:1D0EH         LINE#         169
  C:1D11H         LINE#         171
  C:1D14H         LINE#         172
  C:1D17H         LINE#         173
  C:1D1AH         LINE#         174
  C:1D1CH         LINE#         175
  C:1D1EH         LINE#         176
  C:1D20H         LINE#         178
  C:1D22H         LINE#         180
  C:1D29H         LINE#         182
  C:1D30H         LINE#         186
  C:1D37H         LINE#         187
  C:1D3CH         LINE#         188
  C:1D41H         LINE#         189
  C:1D46H         LINE#         190
  C:1D4BH         LINE#         191
  C:1D50H         LINE#         194
  C:1D50H         LINE#         195
  C:1D50H         LINE#         196
  C:1D53H         LINE#         199
  C:1D53H         LINE#         202
  C:1D58H         LINE#         203
  C:1D5DH         LINE#         205
  C:1D62H         LINE#         206
  C:1D67H         LINE#         207
  C:1D6CH         LINE#         208
  C:1D71H         LINE#         210
  C:1D82H         LINE#         212
  C:1D89H         LINE#         213
  C:1D91H         LINE#         214
  C:1D96H         LINE#         215
  C:1D9EH         LINE#         216
  C:1DA3H         LINE#         217
  C:1DADH         LINE#         218
  C:1DB2H         LINE#         219
  C:1DBAH         LINE#         221
  C:1DC2H         LINE#         222
  C:1DC7H         LINE#         223
  C:1DD1H         LINE#         224
  C:1DD1H         LINE#         225
  C:1DD3H         LINE#         226
  C:1DD5H         LINE#         227
  C:1DDFH         LINE#         228
  C:1DDFH         LINE#         229
  C:1DE4H         LINE#         230
  C:1DE4H         LINE#         242
BL51 BANKED LINKER/LOCATER V6.22                                                      01/16/2019  16:21:51  PAGE 10


  C:1DF1H         LINE#         243
  C:1DF1H         LINE#         244
  C:1DFBH         LINE#         245
  C:1E12H         LINE#         246
  C:1E12H         LINE#         247
  C:1E14H         LINE#         248
  C:1E16H         LINE#         250
  C:1E16H         LINE#         251
  C:1E21H         LINE#         252
  C:1E21H         LINE#         253
  C:1E26H         LINE#         254
  C:1E26H         LINE#         255
  C:1E33H         LINE#         256
  C:1E33H         LINE#         259
  C:1E3DH         LINE#         260
  C:1E54H         LINE#         261
  C:1E54H         LINE#         262
  C:1E56H         LINE#         263
  C:1E58H         LINE#         265
  C:1E58H         LINE#         266
  C:1E63H         LINE#         267
  C:1E63H         LINE#         268
  C:1E68H         LINE#         269
  C:1E6AH         LINE#         270
  C:1E6AH         LINE#         279
  C:1E8CH         LINE#         280
  C:1E8CH         LINE#         281
  C:1E96H         LINE#         282
  C:1E9CH         LINE#         283
  C:1E9EH         LINE#         284
  C:1EA0H         LINE#         285
  C:1EA2H         LINE#         286
  C:1EA2H         LINE#         287
  C:1EA5H         LINE#         289
  C:1EA5H         LINE#         290
  C:1EABH         LINE#         291
  C:1EB3H         LINE#         292
  C:1EB9H         LINE#         293
  C:1EC1H         LINE#         294
  C:1EFCH         LINE#         298
  C:1F06H         LINE#         299
  C:1F06H         LINE#         301
  C:1F2DH         LINE#         302
  C:1F54H         LINE#         303
  C:1F54H         LINE#         306
  C:1F54H         LINE#         308
  C:1F54H         LINE#         309
  C:1F77H         LINE#         310
  C:1F77H         LINE#         311
  C:1F79H         LINE#         312
  C:1F80H         LINE#         313
  C:1F80H         LINE#         317
  C:1FAAH         LINE#         318
  C:1FAAH         LINE#         319
  C:2004H         LINE#         321
  C:2055H         LINE#         322
  C:2063H         LINE#         323
BL51 BANKED LINKER/LOCATER V6.22                                                      01/16/2019  16:21:51  PAGE 11


  C:2063H         LINE#         324
  C:2078H         LINE#         325
  C:207AH         LINE#         327
  C:207AH         LINE#         329
  C:2088H         LINE#         330
  C:2088H         LINE#         347
  -------         ENDPROC       MAIN
  -------         PROC          UART
  C:35F4H         LINE#         354
  C:3601H         LINE#         356
  C:3604H         LINE#         357
  C:3604H         LINE#         358
  C:3612H         LINE#         359
  C:3614H         LINE#         360
  C:3626H         LINE#         361
  C:3635H         LINE#         362
  C:3640H         LINE#         363
  C:3640H         LINE#         366
  C:364DH         LINE#         367
  C:3653H         LINE#         368
  C:3653H         LINE#         369
  C:3659H         LINE#         370
  C:3667H         LINE#         371
  C:3675H         LINE#         372
  C:367DH         LINE#         377
  C:367DH         LINE#         378
  C:367DH         LINE#         381
  C:367DH         LINE#         382
  C:3680H         LINE#         383
  C:3680H         LINE#         384
  C:3682H         LINE#         385
  C:3684H         LINE#         386
  C:3684H         LINE#         387
  -------         ENDPROC       UART
  -------         PROC          _CALIB_INTERPOLATE
  X:064FH         SYMBOL        hours
  X:0653H         SYMBOL        mins
  -------         DO            
  X:0657H         SYMBOL        p_calib1
  X:065FH         SYMBOL        p_calib2
  X:0667H         SYMBOL        i
  X:0669H         SYMBOL        current_time
  -------         ENDDO         
  C:2B17H         LINE#         390
  C:2B1DH         LINE#         391
  C:2B1DH         LINE#         395
  C:2B74H         LINE#         397
  C:2B9AH         LINE#         398
  C:2B9AH         LINE#         399
  C:2C0CH         LINE#         400
  C:2C0CH         LINE#         401
  C:2C39H         LINE#         402
  C:2C54H         LINE#         404
  C:2C81H         LINE#         405
  C:2C9CH         LINE#         407
  C:2C9EH         LINE#         408
  C:2C9EH         LINE#         409
BL51 BANKED LINKER/LOCATER V6.22                                                      01/16/2019  16:21:51  PAGE 12


  C:2CB2H         LINE#         410
  C:2CB7H         LINE#         412
  -------         ENDPROC       _CALIB_INTERPOLATE
  -------         PROC          _SENDUART1
  D:0007H         SYMBOL        dat
  C:3E77H         LINE#         415
  C:3E77H         LINE#         416
  C:3E77H         LINE#         417
  C:3E7AH         LINE#         418
  C:3E7CH         LINE#         419
  C:3E7DH         LINE#         420
  C:3E7FH         LINE#         421
  -------         ENDPROC       _SENDUART1
  -------         PROC          _DISPLAY_PROX
  D:0002H         SYMBOL        dat
  -------         DO            
  X:0676H         SYMBOL        unit
  X:0677H         SYMBOL        ten
  X:0678H         SYMBOL        hundred
  X:0679H         SYMBOL        thousand
  -------         ENDDO         
  C:368FH         LINE#         424
  C:3693H         LINE#         425
  C:3693H         LINE#         427
  C:369FH         LINE#         428
  C:36AFH         LINE#         429
  C:36CBH         LINE#         430
  C:36FBH         LINE#         431
  C:3705H         LINE#         432
  C:370FH         LINE#         433
  C:3719H         LINE#         434
  C:3723H         LINE#         436
  -------         ENDPROC       _DISPLAY_PROX
  -------         PROC          _DISPLAY_POS
  X:03D6H         SYMBOL        sign_dat
  -------         DO            
  X:03DAH         SYMBOL        unit
  X:03DBH         SYMBOL        ten
  X:03DCH         SYMBOL        hundred
  D:0003H         SYMBOL        thousand
  X:03DDH         SYMBOL        after_dot
  X:03DEH         SYMBOL        dat
  -------         ENDDO         
  C:27BCH         LINE#         439
  C:27C2H         LINE#         440
  C:27C2H         LINE#         444
  C:27DEH         LINE#         445
  C:27F8H         LINE#         446
  C:281CH         LINE#         448
  C:2866H         LINE#         450
  C:287DH         LINE#         451
  C:288AH         LINE#         452
  C:28ACH         LINE#         453
  C:28E1H         LINE#         454
  C:28F9H         LINE#         455
  C:28F9H         LINE#         457
  C:2903H         LINE#         458
BL51 BANKED LINKER/LOCATER V6.22                                                      01/16/2019  16:21:51  PAGE 13


  C:290DH         LINE#         459
  C:2917H         LINE#         460
  C:291CH         LINE#         461
  C:2926H         LINE#         462
  C:292BH         LINE#         463
  C:2930H         LINE#         464
  C:2932H         LINE#         465
  C:2934H         LINE#         467
  C:2934H         LINE#         469
  C:2939H         LINE#         470
  C:2943H         LINE#         471
  C:294DH         LINE#         472
  C:2957H         LINE#         473
  C:295CH         LINE#         474
  C:2966H         LINE#         475
  C:296BH         LINE#         476
  C:2970H         LINE#         478
  C:2970H         LINE#         480
  -------         ENDPROC       _DISPLAY_POS
  -------         ENDMOD        MAIN

  -------         MODULE        PCF85063BTL
  C:0000H         SYMBOL        _ICE_DUMMY_
  D:0096H         PUBLIC        P2M0
  D:0080H         PUBLIC        P0
  D:0095H         PUBLIC        P2M1
  D:0090H         PUBLIC        P1
  D:00A0H         PUBLIC        P2
  D:00B0H         PUBLIC        P3
  D:00C0H         PUBLIC        P4
  D:00C8H         PUBLIC        P5
  D:00E8H         PUBLIC        P6
  B:00A0H.1       PUBLIC        PCF85063BTL_SDI
  D:00F8H         PUBLIC        P7
  B:00A0H.2       PUBLIC        PCF85063BTL_SCK
  B:00A0H.1       PUBLIC        PCF85063BTL_SDO
  D:00A8H         PUBLIC        IE
  C:393CH         PUBLIC        _Read_time
  C:3DBCH         PUBLIC        _PCF85063BTL_Delay
  D:00B8H         PUBLIC        IP
  D:00D8H         PUBLIC        CCON
  C:3843H         PUBLIC        _Day_Of_Year
  C:3CAEH         PUBLIC        SPI_ReceiveByte
  D:0098H         PUBLIC        SCON
  D:0088H         PUBLIC        TCON
  C:3DEFH         PUBLIC        _BCDtoDec
  B:00A0H.0       PUBLIC        PCF85063BTL_CS
  C:3DDEH         PUBLIC        _SPI_ReadTime
  C:3E3EH         PUBLIC        SPI_Init
  C:3D5CH         PUBLIC        _SPI_WriteTime
  C:3C8EH         PUBLIC        _SPI_SendByte
  D:00D0H         PUBLIC        PSW
  C:3DB8H         SYMBOL        L?0047
  -------         PROC          L?0046
  -------         ENDPROC       L?0046
  C:3DB8H         SYMBOL        L?0047
  -------         PROC          _PCF85063BTL_DELAY
BL51 BANKED LINKER/LOCATER V6.22                                                      01/16/2019  16:21:51  PAGE 14


  D:0006H         SYMBOL        us
  C:3DBCH         LINE#         8
  C:3DBCH         LINE#         9
  C:3DBCH         LINE#         10
  C:3DC6H         LINE#         11
  C:3DC6H         LINE#         12
  C:3DC7H         LINE#         13
  C:3DC9H         LINE#         14
  -------         ENDPROC       _PCF85063BTL_DELAY
  -------         PROC          _SPI_SENDBYTE
  D:0005H         SYMBOL        dat
  -------         DO            
  D:0003H         SYMBOL        i
  -------         ENDDO         
  C:3C8EH         LINE#         17
  C:3C90H         LINE#         18
  C:3C90H         LINE#         20
  C:3C92H         LINE#         21
  C:3C92H         LINE#         22
  C:3C94H         LINE#         23
  C:3C98H         LINE#         24
  C:3C98H         LINE#         25
  C:3C9AH         LINE#         26
  C:3C9CH         LINE#         28
  C:3C9CH         LINE#         29
  C:3C9EH         LINE#         30
  C:3C9EH         LINE#         31
  C:3CA1H         LINE#         32
  C:3CA1H         LINE#         33
  C:3CA4H         LINE#         34
  C:3CA8H         LINE#         35
  C:3CADH         LINE#         36
  -------         ENDPROC       _SPI_SENDBYTE
  -------         PROC          SPI_RECEIVEBYTE
  -------         DO            
  D:0003H         SYMBOL        i
  D:0005H         SYMBOL        dat
  -------         ENDDO         
  C:3CAEH         LINE#         39
  C:3CAEH         LINE#         40
  C:3CAEH         LINE#         42
  C:3CB0H         LINE#         44
  C:3CB2H         LINE#         45
  C:3CB3H         LINE#         46
  C:3CB3H         LINE#         47
  C:3CB7H         LINE#         48
  C:3CB9H         LINE#         49
  C:3CBCH         LINE#         51
  C:3CBFH         LINE#         52
  C:3CBFH         LINE#         53
  C:3CC3H         LINE#         54
  C:3CC3H         LINE#         55
  C:3CC3H         LINE#         56
  C:3CC6H         LINE#         57
  C:3CCBH         LINE#         58
  C:3CCDH         LINE#         59
  -------         ENDPROC       SPI_RECEIVEBYTE
BL51 BANKED LINKER/LOCATER V6.22                                                      01/16/2019  16:21:51  PAGE 15


  -------         PROC          _SPI_READTIME
  D:0007H         SYMBOL        addr
  -------         DO            
  D:0006H         SYMBOL        dat
  -------         ENDDO         
  C:3DDEH         LINE#         61
  C:3DDEH         LINE#         62
  C:3DDEH         LINE#         64
  C:3DE0H         LINE#         65
  C:3DE2H         LINE#         66
  C:3DE9H         LINE#         67
  C:3DECH         LINE#         68
  C:3DEEH         LINE#         69
  C:3DEEH         LINE#         70
  -------         ENDPROC       _SPI_READTIME
  -------         PROC          _SPI_WRITETIME
  D:0002H         SYMBOL        val
  D:0005H         SYMBOL        addr
  C:3D5CH         LINE#         71
  C:3D5EH         LINE#         72
  C:3D5EH         LINE#         74
  C:3D60H         LINE#         75
  C:3D67H         LINE#         76
  C:3D6CH         LINE#         77
  C:3D71H         LINE#         78
  C:3D73H         LINE#         79
  -------         ENDPROC       _SPI_WRITETIME
  -------         PROC          SPI_INIT
  C:3E3EH         LINE#         83
  C:3E3EH         LINE#         84
  C:3E3EH         LINE#         89
  C:3E41H         LINE#         90
  C:3E44H         LINE#         91
  C:3E46H         LINE#         92
  C:3E48H         LINE#         93
  C:3E4AH         LINE#         94
  -------         ENDPROC       SPI_INIT
  -------         PROC          _READ_TIME
  X:03D6H         SYMBOL        months
  X:03D9H         SYMBOL        days
  X:03DCH         SYMBOL        hours
  X:03DFH         SYMBOL        mins
  X:03E2H         SYMBOL        seconds
  C:393CH         LINE#         96
  C:3947H         LINE#         97
  C:3947H         LINE#         99
  C:395BH         LINE#         101
  C:396FH         LINE#         103
  C:3983H         LINE#         108
  C:3997H         LINE#         113
  -------         ENDPROC       _READ_TIME
  -------         PROC          _BCDTODEC
  D:0007H         SYMBOL        bcd
  -------         DO            
  D:0006H         SYMBOL        hi
  D:0007H         SYMBOL        lo
  -------         ENDDO         
BL51 BANKED LINKER/LOCATER V6.22                                                      01/16/2019  16:21:51  PAGE 16


  C:3DEFH         LINE#         119
  C:3DEFH         LINE#         120
  C:3DEFH         LINE#         122
  C:3DF4H         LINE#         123
  C:3DF8H         LINE#         124
  C:3DFFH         LINE#         125
  -------         ENDPROC       _BCDTODEC
  -------         PROC          _DAY_OF_YEAR
  D:0007H         SYMBOL        months_bcd
  D:0005H         SYMBOL        days_bcd
  -------         DO            
  D:0004H         SYMBOL        months
  D:0007H         SYMBOL        days
  -------         ENDDO         
  C:3843H         LINE#         126
  C:3843H         LINE#         127
  C:3843H         LINE#         130
  C:3848H         LINE#         132
  C:384DH         LINE#         134
  C:3886H         LINE#         135
  C:3886H         LINE#         136
  C:3886H         LINE#         137
  C:3889H         LINE#         138
  C:3889H         LINE#         139
  C:3889H         LINE#         140
  C:388EH         LINE#         141
  C:388EH         LINE#         142
  C:388EH         LINE#         143
  C:3893H         LINE#         144
  C:3893H         LINE#         145
  C:3893H         LINE#         146
  C:3898H         LINE#         147
  C:3898H         LINE#         148
  C:3898H         LINE#         149
  C:389DH         LINE#         150
  C:389DH         LINE#         151
  C:389DH         LINE#         152
  C:38A2H         LINE#         153
  C:38A2H         LINE#         154
  C:38A2H         LINE#         155
  C:38A7H         LINE#         156
  C:38A7H         LINE#         157
  C:38A7H         LINE#         158
  C:38ACH         LINE#         159
  C:38ACH         LINE#         160
  C:38ACH         LINE#         161
  C:38B4H         LINE#         162
  C:38B4H         LINE#         163
  C:38B4H         LINE#         164
  C:38B9H         LINE#         165
  C:38B9H         LINE#         166
  C:38B9H         LINE#         167
  C:38BEH         LINE#         168
  C:38BEH         LINE#         169
  C:38BEH         LINE#         170
  C:38C6H         LINE#         171
  C:38C6H         LINE#         172
BL51 BANKED LINKER/LOCATER V6.22                                                      01/16/2019  16:21:51  PAGE 17


  C:38C6H         LINE#         173
  -------         ENDPROC       _DAY_OF_YEAR
  -------         ENDMOD        PCF85063BTL

  -------         MODULE        UART1
  C:0000H         SYMBOL        _ICE_DUMMY_
  D:0080H         PUBLIC        P0
  D:0090H         PUBLIC        P1
  D:00A0H         PUBLIC        P2
  D:00B0H         PUBLIC        P3
  D:00C0H         PUBLIC        P4
  D:00C8H         PUBLIC        P5
  B:00A8H.7       PUBLIC        EA
  D:00E8H         PUBLIC        P6
  D:00F8H         PUBLIC        P7
  C:3B97H         PUBLIC        _SendString
  D:00A8H         PUBLIC        IE
  B:00A8H.4       PUBLIC        ES
  D:00B8H         PUBLIC        IP
  C:3D74H         PUBLIC        _ASCIItoBCD
  D:00D8H         PUBLIC        CCON
  C:3E00H         PUBLIC        initUART1
  D:0098H         PUBLIC        SCON
  D:0088H         PUBLIC        TCON
  C:0009H         PUBLIC        _DectoBCD
  C:3E8BH         PUBLIC        _ASCII_Letter
  D:008EH         PUBLIC        AUXR
  C:3E86H         PUBLIC        _unit
  C:0003H         PUBLIC        _ten
  D:00D6H         PUBLIC        T2H
  D:00D7H         PUBLIC        T2L
  D:00D0H         PUBLIC        PSW
  -------         PROC          INITUART1
  C:3E00H         LINE#         21
  C:3E00H         LINE#         22
  C:3E00H         LINE#         23
  C:3E03H         LINE#         24
  C:3E06H         LINE#         25
  C:3E09H         LINE#         26
  C:3E0CH         LINE#         27
  C:3E0EH         LINE#         28
  C:3E10H         LINE#         30
  -------         ENDPROC       INITUART1
  -------         PROC          _SENDSTRING
  X:067AH         SYMBOL        s
  C:3B97H         LINE#         35
  C:3BA2H         LINE#         36
  C:3BA2H         LINE#         37
  C:3BB2H         LINE#         38
  C:3BB2H         LINE#         39
  C:3BC7H         LINE#         40
  C:3BC9H         LINE#         41
  -------         ENDPROC       _SENDSTRING
  -------         PROC          _TEN
  D:0007H         SYMBOL        BCD
  C:0003H         LINE#         43
  C:0003H         LINE#         44
BL51 BANKED LINKER/LOCATER V6.22                                                      01/16/2019  16:21:51  PAGE 18


  C:0003H         LINE#         45
  C:0008H         LINE#         46
  -------         ENDPROC       _TEN
  -------         PROC          _UNIT
  D:0007H         SYMBOL        BCD
  C:3E86H         LINE#         47
  C:3E86H         LINE#         48
  C:3E86H         LINE#         52
  C:3E8AH         LINE#         53
  -------         ENDPROC       _UNIT
  -------         PROC          _DECTOBCD
  D:0007H         SYMBOL        dec
  C:0009H         LINE#         54
  C:0009H         LINE#         55
  C:0009H         LINE#         57
  C:0009H         LINE#         58
  -------         ENDPROC       _DECTOBCD
  -------         PROC          _ASCII_LETTER
  D:0007H         SYMBOL        dat
  C:3E8BH         LINE#         60
  C:3E8BH         LINE#         61
  C:3E8BH         LINE#         63
  C:3E8FH         LINE#         64
  -------         ENDPROC       _ASCII_LETTER
  -------         PROC          _ASCIITOBCD
  D:0001H         SYMBOL        ascii
  -------         DO            
  D:0007H         SYMBOL        dec_val
  D:0006H         SYMBOL        ten
  D:0007H         SYMBOL        unit
  -------         ENDDO         
  C:3D74H         LINE#         66
  C:3D74H         LINE#         67
  C:3D74H         LINE#         69
  C:3D77H         LINE#         70
  C:3D7DH         LINE#         71
  C:3D84H         LINE#         72
  C:3D8AH         LINE#         74
  -------         ENDPROC       _ASCIITOBCD
  -------         ENDMOD        UART1

  -------         MODULE        LCD_DRIVER_SPLC780D
  C:0000H         SYMBOL        _ICE_DUMMY_
  D:0092H         PUBLIC        P1M0
  D:0091H         PUBLIC        P1M1
  D:0080H         PUBLIC        P0
  D:0090H         PUBLIC        P1
  D:00A0H         PUBLIC        P2
  D:00B0H         PUBLIC        P3
  D:00C0H         PUBLIC        P4
  D:00C8H         PUBLIC        P5
  D:00E8H         PUBLIC        P6
  D:00F8H         PUBLIC        P7
  C:38C7H         PUBLIC        _WriteData
  D:00A8H         PUBLIC        IE
  D:00B8H         PUBLIC        IP
  D:00D8H         PUBLIC        CCON
BL51 BANKED LINKER/LOCATER V6.22                                                      01/16/2019  16:21:51  PAGE 19


  B:00B0H.4       PUBLIC        LCD_D4
  B:00B0H.5       PUBLIC        LCD_D5
  B:00B0H.6       PUBLIC        LCD_D6
  C:3CECH         PUBLIC        _DisplayLCD
  B:00B0H.7       PUBLIC        LCD_D7
  D:0098H         PUBLIC        SCON
  D:0088H         PUBLIC        TCON
  C:3E6DH         PUBLIC        LCD_clear
  C:3ADCH         PUBLIC        _Command
  C:000EH         PUBLIC        _Display_Line
  C:39ABH         PUBLIC        LCD_Init
  C:3C70H         PUBLIC        _Wait_ms
  B:00C0H.0       PUBLIC        LCD_RS
  B:00B0H.2       PUBLIC        LCD_RW
  C:3E63H         PUBLIC        LCD_return_home
  B:00B0H.3       PUBLIC        LCD_E
  D:00D0H         PUBLIC        PSW
  -------         PROC          LCD_INIT
  C:39ABH         LINE#         9
  C:39ABH         LINE#         10
  C:39ABH         LINE#         11
  C:39AEH         LINE#         12
  C:39B1H         LINE#         14
  C:39B7H         LINE#         15
  C:39BCH         LINE#         17
  C:39C3H         LINE#         18
  C:39C8H         LINE#         20
  C:39CBH         LINE#         21
  C:39D0H         LINE#         23
  C:39D3H         LINE#         24
  C:39D8H         LINE#         26
  C:39DFH         LINE#         29
  C:39E4H         LINE#         30
  C:39E9H         LINE#         32
  C:39EEH         LINE#         33
  C:39F3H         LINE#         35
  C:39F8H         LINE#         36
  C:39FDH         LINE#         37
  -------         ENDPROC       LCD_INIT
  -------         PROC          _WRITEDATA
  X:03E0H         SYMBOL        dat
  C:38C7H         LINE#         40
  C:38CCH         LINE#         41
  C:38CCH         LINE#         46
  C:38CEH         LINE#         47
  C:38D0H         LINE#         49
  C:38DEH         LINE#         50
  C:38EAH         LINE#         51
  C:38F6H         LINE#         52
  C:3900H         LINE#         53
  C:3902H         LINE#         54
  C:3909H         LINE#         55
  C:390BH         LINE#         57
  C:391BH         LINE#         58
  C:3926H         LINE#         59
  C:3930H         LINE#         60
  C:3934H         LINE#         62
BL51 BANKED LINKER/LOCATER V6.22                                                      01/16/2019  16:21:51  PAGE 20


  C:3934H         LINE#         63
  C:3937H         LINE#         64
  C:3939H         LINE#         65
  C:393BH         LINE#         67
  -------         ENDPROC       _WRITEDATA
  -------         PROC          _COMMAND
  D:0007H         SYMBOL        dat
  C:3ADCH         LINE#         69
  C:3ADCH         LINE#         70
  C:3ADCH         LINE#         71
  C:3ADEH         LINE#         72
  C:3AE0H         LINE#         74
  C:3AEAH         LINE#         75
  C:3AEEH         LINE#         77
  C:3AF0H         LINE#         78
  C:3AF9H         LINE#         79
  C:3AFDH         LINE#         81
  C:3AFFH         LINE#         82
  C:3B06H         LINE#         83
  C:3B0AH         LINE#         85
  C:3B0CH         LINE#         86
  C:3B10H         LINE#         87
  C:3B14H         LINE#         89
  C:3B16H         LINE#         90
  C:3B16H         LINE#         91
  C:3B19H         LINE#         92
  C:3B1BH         LINE#         93
  -------         ENDPROC       _COMMAND
  C:3C6CH         SYMBOL        L?0028
  -------         PROC          L?0027
  -------         ENDPROC       L?0027
  C:3C6CH         SYMBOL        L?0028
  -------         PROC          _WAIT_MS
  D:0006H         SYMBOL        ms
  -------         DO            
  D:0004H         SYMBOL        De_Cnt
  -------         ENDDO         
  C:3C70H         LINE#         95
  C:3C70H         LINE#         96
  C:3C70H         LINE#         98
  C:3C7AH         LINE#         99
  C:3C7AH         LINE#         100
  C:3C8DH         LINE#         101
  C:3C8DH         LINE#         102
  -------         ENDPROC       _WAIT_MS
  -------         PROC          _DISPLAYLCD
  D:0007H         SYMBOL        BCD
  -------         DO            
  D:0006H         SYMBOL        first_digit
  X:03D6H         SYMBOL        second_digit
  -------         ENDDO         
  C:3CECH         LINE#         103
  C:3CECH         LINE#         104
  C:3CECH         LINE#         106
  C:3CF3H         LINE#         107
  C:3CFCH         LINE#         109
  C:3D01H         LINE#         111
BL51 BANKED LINKER/LOCATER V6.22                                                      01/16/2019  16:21:51  PAGE 21


  -------         ENDPROC       _DISPLAYLCD
  -------         PROC          LCD_RETURN_HOME
  C:3E63H         LINE#         115
  C:3E63H         LINE#         116
  C:3E63H         LINE#         117
  C:3E68H         LINE#         118
  -------         ENDPROC       LCD_RETURN_HOME
  -------         PROC          LCD_CLEAR
  C:3E6DH         LINE#         121
  C:3E6DH         LINE#         122
  C:3E6DH         LINE#         123
  C:3E72H         LINE#         124
  -------         ENDPROC       LCD_CLEAR
  -------         PROC          _DISPLAY_LINE
  D:0006H         SYMBOL        line
  C:000EH         LINE#         128
  C:000EH         LINE#         129
  C:000EH         LINE#         130
  C:0014H         LINE#         131
  C:0014H         LINE#         132
  C:0016H         LINE#         133
  C:0016H         LINE#         134
  C:0018H         LINE#         136
  C:0018H         LINE#         137
  C:001DH         LINE#         138
  C:0022H         LINE#         139
  C:0022H         LINE#         140
  -------         ENDPROC       _DISPLAY_LINE
  -------         ENDMOD        LCD_DRIVER_SPLC780D

  -------         MODULE        KEYPAD
  C:0000H         SYMBOL        _ICE_DUMMY_
  D:0093H         PUBLIC        P0M1
  D:0080H         PUBLIC        P0
  D:0090H         PUBLIC        P1
  D:00A0H         PUBLIC        P2
  D:00B0H         PUBLIC        P3
  D:00C0H         PUBLIC        P4
  D:00C8H         PUBLIC        P5
  B:0020H.0       PUBLIC        calib_mode
  D:00E8H         PUBLIC        P6
  D:00F8H         PUBLIC        P7
  D:00A8H         PUBLIC        IE
  C:2CB8H         PUBLIC        Key_Scan
  D:00B8H         PUBLIC        IP
  D:00D8H         PUBLIC        CCON
  C:3E4BH         PUBLIC        KeyPad_IO_Init
  C:3CCEH         PUBLIC        _Delay_ms
  D:0098H         PUBLIC        SCON
  D:0088H         PUBLIC        TCON
  B:0020H.1       PUBLIC        small_move
  B:0020H.2       PUBLIC        move
  B:0020H.3       PUBLIC        direction
  B:0020H.4       PUBLIC        auto_move
  C:234BH         PUBLIC        Key_Process
  D:00D0H         PUBLIC        PSW
  D:0094H         PUBLIC        P0M0
BL51 BANKED LINKER/LOCATER V6.22                                                      01/16/2019  16:21:51  PAGE 22


  -------         PROC          _DELAY_MS
  D:0006H         SYMBOL        ms
  -------         DO            
  D:0004H         SYMBOL        De_Cnt
  -------         ENDDO         
  C:3CCEH         LINE#         19
  C:3CCEH         LINE#         20
  C:3CCEH         LINE#         22
  C:3CD8H         LINE#         23
  C:3CD8H         LINE#         24
  C:3CEBH         LINE#         25
  C:3CEBH         LINE#         26
  -------         ENDPROC       _DELAY_MS
  -------         PROC          KEY_SCAN
  -------         DO            
  X:03DCH         SYMBOL        KeyTemp1
  X:03DDH         SYMBOL        KeyTemp2
  X:03DEH         SYMBOL        KeyValue
  -------         ENDDO         
  C:2CB8H         LINE#         27
  C:2CB8H         LINE#         28
  C:2CB8H         LINE#         33
  C:2CBBH         LINE#         36
  C:2CBEH         LINE#         38
  C:2CC6H         LINE#         39
  C:2CCDH         LINE#         40
  C:2CCDH         LINE#         42
  C:2CD2H         LINE#         43
  C:2CD9H         LINE#         44
  C:2CD9H         LINE#         47
  C:2CDCH         LINE#         48
  C:2CDFH         LINE#         49
  C:2CE4H         LINE#         50
  C:2CE8H         LINE#         51
  C:2CE8H         LINE#         52
  C:2CF0H         LINE#         53
  C:2CF0H         LINE#         54
  C:2CF3H         LINE#         55
  C:2CFBH         LINE#         56
  C:2CFDH         LINE#         58
  C:2D11H         LINE#         59
  C:2D11H         LINE#         60
  C:2D11H         LINE#         61
  C:2D11H         LINE#         62
  C:2D17H         LINE#         64
  C:2D19H         LINE#         65
  C:2D19H         LINE#         66
  C:2D19H         LINE#         67
  C:2D1FH         LINE#         69
  C:2D21H         LINE#         70
  C:2D21H         LINE#         71
  C:2D21H         LINE#         72
  C:2D27H         LINE#         74
  C:2D29H         LINE#         75
  C:2D29H         LINE#         76
  C:2D29H         LINE#         77
  C:2D2FH         LINE#         79
BL51 BANKED LINKER/LOCATER V6.22                                                      01/16/2019  16:21:51  PAGE 23


  C:2D2FH         LINE#         80
  C:2D2FH         LINE#         81
  C:2D2FH         LINE#         84
  C:2D32H         LINE#         85
  C:2D35H         LINE#         86
  C:2D3DH         LINE#         87
  C:2D41H         LINE#         88
  C:2D41H         LINE#         89
  C:2D49H         LINE#         90
  C:2D49H         LINE#         91
  C:2D4CH         LINE#         92
  C:2D54H         LINE#         93
  C:2D56H         LINE#         94
  C:2D6AH         LINE#         95
  C:2D6AH         LINE#         96
  C:2D6AH         LINE#         97
  C:2D6AH         LINE#         98
  C:2D70H         LINE#         100
  C:2D72H         LINE#         101
  C:2D72H         LINE#         102
  C:2D72H         LINE#         103
  C:2D78H         LINE#         105
  C:2D7AH         LINE#         106
  C:2D7AH         LINE#         107
  C:2D7AH         LINE#         108
  C:2D80H         LINE#         110
  C:2D82H         LINE#         111
  C:2D82H         LINE#         112
  C:2D82H         LINE#         113
  C:2D87H         LINE#         115
  C:2D87H         LINE#         116
  C:2D87H         LINE#         117
  C:2D87H         LINE#         120
  C:2D8AH         LINE#         121
  C:2D8DH         LINE#         122
  C:2D95H         LINE#         123
  C:2D99H         LINE#         124
  C:2D99H         LINE#         125
  C:2DA1H         LINE#         126
  C:2DA1H         LINE#         127
  C:2DA4H         LINE#         128
  C:2DACH         LINE#         129
  C:2DAEH         LINE#         130
  C:2DC2H         LINE#         131
  C:2DC2H         LINE#         132
  C:2DC2H         LINE#         133
  C:2DC2H         LINE#         134
  C:2DC8H         LINE#         136
  C:2DCAH         LINE#         137
  C:2DCAH         LINE#         138
  C:2DCAH         LINE#         139
  C:2DD0H         LINE#         141
  C:2DD2H         LINE#         142
  C:2DD2H         LINE#         143
  C:2DD2H         LINE#         144
  C:2DD8H         LINE#         146
  C:2DDAH         LINE#         147
BL51 BANKED LINKER/LOCATER V6.22                                                      01/16/2019  16:21:51  PAGE 24


  C:2DDAH         LINE#         148
  C:2DDAH         LINE#         149
  C:2DE0H         LINE#         151
  C:2DE0H         LINE#         152
  C:2DE0H         LINE#         153
  C:2DE0H         LINE#         157
  C:2DE3H         LINE#         158
  C:2DE6H         LINE#         159
  C:2DEEH         LINE#         160
  C:2DF2H         LINE#         161
  C:2DF2H         LINE#         162
  C:2DFAH         LINE#         163
  C:2DFAH         LINE#         164
  C:2DFDH         LINE#         165
  C:2E05H         LINE#         166
  C:2E07H         LINE#         167
  C:2E1BH         LINE#         168
  C:2E1BH         LINE#         169
  C:2E1BH         LINE#         170
  C:2E1BH         LINE#         171
  C:2E21H         LINE#         173
  C:2E23H         LINE#         174
  C:2E23H         LINE#         175
  C:2E23H         LINE#         176
  C:2E29H         LINE#         178
  C:2E2BH         LINE#         179
  C:2E2BH         LINE#         180
  C:2E2BH         LINE#         181
  C:2E31H         LINE#         183
  C:2E33H         LINE#         184
  C:2E33H         LINE#         185
  C:2E33H         LINE#         186
  C:2E39H         LINE#         188
  C:2E39H         LINE#         189
  C:2E39H         LINE#         190
  C:2E39H         LINE#         192
  C:2E3FH         LINE#         193
  C:2E3FH         LINE#         195
  C:2E3FH         LINE#         196
  C:2E42H         LINE#         197
  C:2E42H         LINE#         198
  C:2E42H         LINE#         200
  C:2E42H         LINE#         201
  C:2E44H         LINE#         202
  C:2E44H         LINE#         203
  -------         ENDPROC       KEY_SCAN
  -------         PROC          KEY_PROCESS
  -------         DO            
  X:066DH         SYMBOL        KeyCount
  X:066FH         SYMBOL        KeyNum_Old
  X:0670H         SYMBOL        KeyNum
  X:0671H         SYMBOL        PressedKey
  X:03D6H         SYMBOL        d
  D:0004H         SYMBOL        hours
  D:0006H         SYMBOL        mins
  X:03D8H         SYMBOL        months
  X:03DAH         SYMBOL        days
BL51 BANKED LINKER/LOCATER V6.22                                                      01/16/2019  16:21:51  PAGE 25


  -------         ENDDO         
  C:234BH         LINE#         204
  C:234BH         LINE#         205
  C:234BH         LINE#         209
  C:2353H         LINE#         210
  C:235BH         LINE#         212
  C:235EH         LINE#         213
  C:235EH         LINE#         214
  C:2361H         LINE#         216
  C:2361H         LINE#         217
  C:236EH         LINE#         218
  C:236EH         LINE#         219
  C:2371H         LINE#         220
  C:2374H         LINE#         222
  C:2377H         LINE#         224
  C:2377H         LINE#         225
  C:2382H         LINE#         226
  C:2382H         LINE#         227
  C:2385H         LINE#         229
  C:2385H         LINE#         230
  C:238CH         LINE#         231
  C:238CH         LINE#         232
  C:238FH         LINE#         234
  C:238FH         LINE#         235
  C:2397H         LINE#         236
  C:2397H         LINE#         237
  C:23A1H         LINE#         238
  C:23A9H         LINE#         240
  C:23B2H         LINE#         242
  C:23B2H         LINE#         251
  C:23C7H         LINE#         252
  C:23C7H         LINE#         253
  C:23D9H         LINE#         254
  C:23E7H         LINE#         255
  C:23F6H         LINE#         256
  C:23F6H         LINE#         258
  C:23FCH         LINE#         262
  C:2412H         LINE#         263
  C:2423H         LINE#         264
  C:243EH         LINE#         265
  C:243EH         LINE#         266
  C:244EH         LINE#         267
  C:245FH         LINE#         268
  C:245FH         LINE#         272
  C:2478H         LINE#         273
  C:248FH         LINE#         274
  C:24AFH         LINE#         275
  C:24AFH         LINE#         276
  C:24B9H         LINE#         277
  C:24B9H         LINE#         278
  C:24C2H         LINE#         279
  C:24C2H         LINE#         280
  C:24D6H         LINE#         281
  C:24D6H         LINE#         282
  C:24D6H         LINE#         283
  C:24D6H         LINE#         284
  C:24D6H         LINE#         285
BL51 BANKED LINKER/LOCATER V6.22                                                      01/16/2019  16:21:51  PAGE 26


  C:24D8H         LINE#         287
  C:24D8H         LINE#         288
  C:24E4H         LINE#         289
  C:24E4H         LINE#         290
  C:24F5H         LINE#         291
  C:24F5H         LINE#         292
  C:24F5H         LINE#         293
  C:24F5H         LINE#         294
  C:24F5H         LINE#         296
  C:24F7H         LINE#         298
  C:24F7H         LINE#         299
  C:2508H         LINE#         300
  C:2508H         LINE#         301
  C:2508H         LINE#         302
  C:2508H         LINE#         303
  C:2508H         LINE#         305
  C:2508H         LINE#         307
  C:2508H         LINE#         308
  C:250AH         LINE#         310
  C:250AH         LINE#         311
  C:251DH         LINE#         312
  C:251DH         LINE#         313
  C:252EH         LINE#         314
  C:252EH         LINE#         315
  C:252EH         LINE#         316
  C:252EH         LINE#         317
  C:252EH         LINE#         318
  C:2530H         LINE#         320
  C:2530H         LINE#         321
  C:2541H         LINE#         322
  C:2541H         LINE#         323
  C:2552H         LINE#         324
  C:2563H         LINE#         325
  C:2563H         LINE#         326
  C:2563H         LINE#         327
  C:2563H         LINE#         328
  C:2563H         LINE#         329
  C:2566H         LINE#         330
  C:256BH         LINE#         331
  C:2570H         LINE#         332
  C:2575H         LINE#         333
  C:257AH         LINE#         334
  C:257FH         LINE#         335
  C:2584H         LINE#         336
  C:2589H         LINE#         337
  C:2589H         LINE#         339
  C:25ABH         LINE#         340
  C:25ABH         LINE#         341
  C:25B5H         LINE#         342
  C:25B5H         LINE#         343
  C:25BAH         LINE#         344
  C:25C3H         LINE#         345
  C:25DAH         LINE#         346
  C:25DAH         LINE#         347
  C:25EAH         LINE#         349
  C:25EAH         LINE#         353
  -------         ENDPROC       KEY_PROCESS
BL51 BANKED LINKER/LOCATER V6.22                                                      01/16/2019  16:21:51  PAGE 27


  -------         PROC          KEYPAD_IO_INIT
  C:3E4BH         LINE#         356
  C:3E4BH         LINE#         357
  C:3E4BH         LINE#         358
  C:3E4EH         LINE#         359
  C:3E51H         LINE#         360
  C:3E54H         LINE#         361
  C:3E56H         LINE#         362
  -------         ENDPROC       KEYPAD_IO_INIT
  -------         ENDMOD        KEYPAD

  -------         MODULE        BIPOLARMOTOR
  C:0000H         SYMBOL        _ICE_DUMMY_
  D:0080H         PUBLIC        P0
  D:0090H         PUBLIC        P1
  D:00A0H         PUBLIC        P2
  D:00B0H         PUBLIC        P3
  D:00C0H         PUBLIC        P4
  D:00C8H         PUBLIC        P5
  D:00E8H         PUBLIC        P6
  D:00F8H         PUBLIC        P7
  D:00A8H         PUBLIC        IE
  C:335EH         PUBLIC        linear_interpolate
  C:3BF5H         PUBLIC        _Move
  D:00B8H         PUBLIC        IP
  C:261EH         PUBLIC        _findDet3x3
  C:208BH         PUBLIC        _findDet4x4
  D:00D8H         PUBLIC        CCON
  X:0000H         PUBLIC        previous_move_time
  D:0098H         PUBLIC        SCON
  D:0088H         PUBLIC        TCON
  C:000AH         PUBLIC        wait
  C:3B1CH         PUBLIC        _Step_move
  X:0001H         PUBLIC        dat
  C:094DH         PUBLIC        _Update_position
  C:3A04H         PUBLIC        vOneStepMove
  X:0007H         PUBLIC        elevation_stamp
  X:0033H         PUBLIC        date_azimuth_mapping
  X:007FH         PUBLIC        RX_pos
  C:3D4BH         PUBLIC        _BCDtoDec1
  X:03C3H         PUBLIC        degree
  D:00D0H         PUBLIC        PSW
  C:3D41H         SYMBOL        L?0054
  C:3D44H         SYMBOL        L?0055
  -------         PROC          L?0053
  -------         ENDPROC       L?0053
  C:3D41H         SYMBOL        L?0054
  C:3D44H         SYMBOL        L?0055
  -------         PROC          _BCDTODEC1
  D:0007H         SYMBOL        bcd
  -------         DO            
  D:0006H         SYMBOL        hi
  D:0007H         SYMBOL        lo
  -------         ENDDO         
  C:3D4BH         LINE#         28
  C:3D4BH         LINE#         29
  C:3D4BH         LINE#         31
BL51 BANKED LINKER/LOCATER V6.22                                                      01/16/2019  16:21:51  PAGE 28


  C:3D50H         LINE#         32
  C:3D54H         LINE#         33
  C:3D5BH         LINE#         34
  -------         ENDPROC       _BCDTODEC1
  -------         PROC          WAIT
  C:000AH         LINE#         36
  C:000AH         LINE#         38
  -------         ENDPROC       WAIT
  -------         PROC          VONESTEPMOVE
  B:0021H.0       SYMBOL        bDir
  C:3A04H         LINE#         40
  C:3A04H         LINE#         41
  C:3A04H         LINE#         43
  C:3A0AH         LINE#         44
  C:3A0AH         LINE#         45
  C:3A0DH         LINE#         46
  C:3A16H         LINE#         47
  C:3A1DH         LINE#         48
  C:3A22H         LINE#         49
  C:3A22H         LINE#         50
  C:3A22H         LINE#         52
  C:3A24H         LINE#         55
  C:3A24H         LINE#         56
  C:3A27H         LINE#         57
  C:3A30H         LINE#         58
  C:3A37H         LINE#         59
  C:3A3DH         LINE#         60
  C:3A46H         LINE#         61
  C:3A4DH         LINE#         62
  C:3A4DH         LINE#         66
  -------         ENDPROC       VONESTEPMOVE
  -------         PROC          _STEP_MOVE
  X:0499H         SYMBOL        step
  B:0020H.7       SYMBOL        dir
  -------         DO            
  X:049BH         SYMBOL        i
  -------         ENDDO         
  C:3B1CH         LINE#         68
  C:3B24H         LINE#         69
  C:3B24H         LINE#         71
  C:3B29H         LINE#         74
  C:3B44H         LINE#         75
  C:3B44H         LINE#         76
  C:3B4BH         LINE#         78
  C:3B5BH         LINE#         80
  -------         ENDPROC       _STEP_MOVE
  -------         PROC          _MOVE
  X:0495H         SYMBOL        distance
  B:0020H.6       SYMBOL        direction
  -------         DO            
  D:0006H         SYMBOL        step
  -------         ENDDO         
  C:3BF5H         LINE#         82
  C:3BFBH         LINE#         83
  C:3BFBH         LINE#         86
  C:3C16H         LINE#         87
  -------         ENDPROC       _MOVE
BL51 BANKED LINKER/LOCATER V6.22                                                      01/16/2019  16:21:51  PAGE 29


  C:25FFH         SYMBOL        L?0051
  C:2613H         SYMBOL        L?0052
  -------         PROC          L?0050
  -------         ENDPROC       L?0050
  C:25FFH         SYMBOL        L?0051
  C:2613H         SYMBOL        L?0052
  -------         PROC          _FINDDET3X3
  X:062BH         SYMBOL        a11
  X:062FH         SYMBOL        a12
  X:0633H         SYMBOL        a13
  X:0637H         SYMBOL        a21
  X:063BH         SYMBOL        a22
  X:063FH         SYMBOL        a23
  X:0643H         SYMBOL        a31
  X:0647H         SYMBOL        a32
  X:064BH         SYMBOL        a33
  C:261EH         LINE#         91
  C:2624H         LINE#         95
  C:2624H         LINE#         96
  C:27BBH         LINE#         98
  -------         ENDPROC       _FINDDET3X3
  -------         PROC          _FINDDET4X4
  X:05EBH         SYMBOL        a11
  X:05EFH         SYMBOL        a12
  X:05F3H         SYMBOL        a13
  X:05F7H         SYMBOL        a14
  X:05FBH         SYMBOL        a21
  X:05FFH         SYMBOL        a22
  X:0603H         SYMBOL        a23
  X:0607H         SYMBOL        a24
  X:060BH         SYMBOL        a31
  X:060FH         SYMBOL        a32
  X:0613H         SYMBOL        a33
  X:0617H         SYMBOL        a34
  X:061BH         SYMBOL        a41
  X:061FH         SYMBOL        a42
  X:0623H         SYMBOL        a43
  X:0627H         SYMBOL        a44
  C:208BH         LINE#         99
  C:2091H         LINE#         103
  C:2091H         LINE#         110
  C:234AH         LINE#         114
  -------         ENDPROC       _FINDDET4X4
  -------         PROC          L?0056
  -------         ENDPROC       L?0056
  -------         PROC          LINEAR_INTERPOLATE
  X:0495H         SYMBOL        p1
  X:049DH         SYMBOL        p2
  X:04A5H         SYMBOL        x
  -------         DO            
  D:0004H         SYMBOL        fx
  -------         ENDDO         
  C:335EH         LINE#         120
  C:335EH         LINE#         121
  C:335EH         LINE#         124
  C:33FDH         LINE#         126
  C:33FDH         LINE#         127
BL51 BANKED LINKER/LOCATER V6.22                                                      01/16/2019  16:21:51  PAGE 30


  -------         ENDPROC       LINEAR_INTERPOLATE
  -------         PROC          _UPDATE_POSITION
  D:0001H         SYMBOL        mnths
  D:0002H         SYMBOL        dys
  X:03E8H         SYMBOL        hurs
  X:03E9H         SYMBOL        mns
  X:03EAH         SYMBOL        sconds
  X:03EBH         SYMBOL        currnt_pos
  X:03EEH         SYMBOL        offset_calib
  -------         DO            
  X:03F2H         SYMBOL        date
  X:03F4H         SYMBOL        i
  X:03F6H         SYMBOL        yy
  X:03F8H         SYMBOL        desired_distance
  X:03FCH         SYMBOL        distance
  X:0400H         SYMBOL        JP_pos
  X:0404H         SYMBOL        pos_interpolate_azimuth
  X:0450H         SYMBOL        current_local_sun_time
  X:0454H         SYMBOL        azimuth
  X:0458H         SYMBOL        elevation
  X:045CH         SYMBOL        time_offset
  X:0460H         SYMBOL        UTC_time
  X:0464H         SYMBOL        declination
  X:0468H         SYMBOL        p1
  X:0470H         SYMBOL        p2
  X:0478H         SYMBOL        time
  X:048AH         SYMBOL        location
  X:0492H         SYMBOL        sunCoord
  -------         ENDDO         
  C:094DH         LINE#         131
  C:0956H         LINE#         134
  C:0956H         LINE#         135
  C:0961H         LINE#         137
  C:097DH         LINE#         138
  C:0987H         LINE#         146
  C:0991H         LINE#         147
  C:099BH         LINE#         148
  C:09A5H         LINE#         149
  C:09B0H         LINE#         150
  C:09BBH         LINE#         151
  C:09CFH         LINE#         152
  C:09E0H         LINE#         153
  C:09EFH         LINE#         156
  C:0A03H         LINE#         160
  C:0A55H         LINE#         161
  C:0A5FH         LINE#         162
  C:0AB9H         LINE#         164
  C:0BE1H         LINE#         166
  C:0CB0H         LINE#         173
  C:0CBAH         LINE#         174
  C:0CBAH         LINE#         176
  C:0CD4H         LINE#         177
  C:0CD4H         LINE#         178
  C:0D44H         LINE#         179
  C:0D44H         LINE#         180
  C:0D4BH         LINE#         181
  C:0D4BH         LINE#         182
BL51 BANKED LINKER/LOCATER V6.22                                                      01/16/2019  16:21:51  PAGE 31


  C:0D78H         LINE#         183
  C:0D93H         LINE#         185
  C:0DDAH         LINE#         186
  C:0E0EH         LINE#         188
  C:0E66H         LINE#         189
  C:0E86H         LINE#         191
  C:0E86H         LINE#         192
  C:0E97H         LINE#         195
  C:0EB1H         LINE#         196
  C:0EB1H         LINE#         197
  C:0F21H         LINE#         198
  C:0F21H         LINE#         199
  C:0F4EH         LINE#         200
  C:0F69H         LINE#         202
  C:0F96H         LINE#         203
  C:0FB1H         LINE#         205
  C:0FE3H         LINE#         208
  C:0FE3H         LINE#         210
  C:0FF4H         LINE#         212
  C:1023H         LINE#         214
  C:1045H         LINE#         215
  C:10A0H         LINE#         216
  C:10A0H         LINE#         217
  C:10BAH         LINE#         218
  C:10CCH         LINE#         219
  C:10E4H         LINE#         220
  C:10FAH         LINE#         221
  C:1102H         LINE#         222
  C:111EH         LINE#         223
  C:111EH         LINE#         224
  C:111EH         LINE#         227
  -------         ENDPROC       _UPDATE_POSITION
  -------         ENDMOD        BIPOLARMOTOR

  -------         MODULE        SUNPOS
  C:0000H         SYMBOL        _ICE_DUMMY_
  C:111FH         PUBLIC        sunpos
  -------         PROC          SUNPOS
  X:0495H         SYMBOL        udtTime
  X:04A7H         SYMBOL        udtLocation
  X:04AFH         SYMBOL        udtSunCoordinates
  -------         DO            
  X:04B2H         SYMBOL        dElapsedJulianDays
  X:04B6H         SYMBOL        dDecimalHours
  X:04BAH         SYMBOL        dEclipticLongitude
  X:04BEH         SYMBOL        dEclipticObliquity
  X:04C2H         SYMBOL        dRightAscension
  X:04C6H         SYMBOL        dDeclination
  X:04CAH         SYMBOL        dY
  X:04CEH         SYMBOL        dX
  -------         DO            
  X:04D2H         SYMBOL        dJulianDate
  X:04D6H         SYMBOL        liAux1
  X:04DAH         SYMBOL        liAux2
  X:04D2H         SYMBOL        dMeanLongitude
  X:04D6H         SYMBOL        dMeanAnomaly
  X:04DAH         SYMBOL        dOmega
BL51 BANKED LINKER/LOCATER V6.22                                                      01/16/2019  16:21:51  PAGE 32


  X:04D2H         SYMBOL        dSin_EclipticLongitude
  X:04D2H         SYMBOL        dGreenwichMeanSiderealTime
  X:04D6H         SYMBOL        dLocalMeanSiderealTime
  X:04DAH         SYMBOL        dLatitudeInRadians
  X:04DEH         SYMBOL        dHourAngle
  X:04E2H         SYMBOL        dCos_Latitude
  X:04E6H         SYMBOL        dSin_Latitude
  X:04EAH         SYMBOL        dCos_HourAngle
  X:04EEH         SYMBOL        dParallax
  -------         ENDDO         
  -------         DO            
  X:04D2H         SYMBOL        dMeanLongitude
  X:04D6H         SYMBOL        dMeanAnomaly
  X:04DAH         SYMBOL        dOmega
  X:04D2H         SYMBOL        dSin_EclipticLongitude
  X:04D2H         SYMBOL        dGreenwichMeanSiderealTime
  X:04D6H         SYMBOL        dLocalMeanSiderealTime
  X:04DAH         SYMBOL        dLatitudeInRadians
  X:04DEH         SYMBOL        dHourAngle
  X:04E2H         SYMBOL        dCos_Latitude
  X:04E6H         SYMBOL        dSin_Latitude
  X:04EAH         SYMBOL        dCos_HourAngle
  X:04EEH         SYMBOL        dParallax
  -------         ENDDO         
  -------         DO            
  X:04D2H         SYMBOL        dSin_EclipticLongitude
  X:04D2H         SYMBOL        dGreenwichMeanSiderealTime
  X:04D6H         SYMBOL        dLocalMeanSiderealTime
  X:04DAH         SYMBOL        dLatitudeInRadians
  X:04DEH         SYMBOL        dHourAngle
  X:04E2H         SYMBOL        dCos_Latitude
  X:04E6H         SYMBOL        dSin_Latitude
  X:04EAH         SYMBOL        dCos_HourAngle
  X:04EEH         SYMBOL        dParallax
  -------         ENDDO         
  -------         DO            
  X:04D2H         SYMBOL        dGreenwichMeanSiderealTime
  X:04D6H         SYMBOL        dLocalMeanSiderealTime
  X:04DAH         SYMBOL        dLatitudeInRadians
  X:04DEH         SYMBOL        dHourAngle
  X:04E2H         SYMBOL        dCos_Latitude
  X:04E6H         SYMBOL        dSin_Latitude
  X:04EAH         SYMBOL        dCos_HourAngle
  X:04EEH         SYMBOL        dParallax
  -------         ENDDO         
  -------         ENDDO         
  C:111FH         LINE#         6
  C:111FH         LINE#         7
  C:111FH         LINE#         9
  C:111FH         LINE#         27
  C:1169H         LINE#         30
  C:118AH         LINE#         31
  C:12D1H         LINE#         34
  C:131DH         LINE#         36
  C:133CH         LINE#         37
  C:133CH         LINE#         42
  C:133CH         LINE#         46
BL51 BANKED LINKER/LOCATER V6.22                                                      01/16/2019  16:21:51  PAGE 33


  C:136EH         LINE#         47
  C:1398H         LINE#         48
  C:13C2H         LINE#         49
  C:146FH         LINE#         52
  C:14D0H         LINE#         54
  C:14D0H         LINE#         59
  C:14D0H         LINE#         61
  C:14E7H         LINE#         62
  C:150FH         LINE#         63
  C:1526H         LINE#         64
  C:1551H         LINE#         65
  C:1588H         LINE#         66
  C:15B3H         LINE#         67
  C:15B3H         LINE#         70
  C:15B3H         LINE#         79
  C:15EEH         LINE#         82
  C:1628H         LINE#         84
  C:164DH         LINE#         85
  C:166CH         LINE#         86
  C:1683H         LINE#         87
  C:169AH         LINE#         88
  C:16B1H         LINE#         89
  C:173AH         LINE#         91
  C:1754H         LINE#         92
  C:17B6H         LINE#         93
  C:17ECH         LINE#         94
  C:17FEH         LINE#         95
  C:182BH         LINE#         96
  C:1858H         LINE#         98
  C:187AH         LINE#         100
  C:18B2H         LINE#         103
  C:18B2H         LINE#         104
  C:18C0H         LINE#         105
  -------         ENDPROC       SUNPOS
  -------         ENDMOD        SUNPOS

  -------         MODULE        ADC
  C:0000H         SYMBOL        _ICE_DUMMY_
  D:0092H         PUBLIC        P1M0
  D:0091H         PUBLIC        P1M1
  D:0080H         PUBLIC        P0
  D:0090H         PUBLIC        P1
  D:00A0H         PUBLIC        P2
  D:00B0H         PUBLIC        P3
  D:00C0H         PUBLIC        P4
  D:00C8H         PUBLIC        P5
  D:00E8H         PUBLIC        P6
  D:00F8H         PUBLIC        P7
  D:00A8H         PUBLIC        IE
  D:00BDH         PUBLIC        ADC_RES
  D:00B8H         PUBLIC        IP
  D:0097H         PUBLIC        CLK_DIV
  D:00D8H         PUBLIC        CCON
  D:00BCH         PUBLIC        ADC_CONTR
  D:0098H         PUBLIC        SCON
  D:0088H         PUBLIC        TCON
  B:00A0H.4       PUBLIC        P24
BL51 BANKED LINKER/LOCATER V6.22                                                      01/16/2019  16:21:51  PAGE 34


  B:00A0H.5       PUBLIC        P25
  B:00A0H.6       PUBLIC        P26
  C:3D09H         PUBLIC        ADC_Init
  C:3C44H         PUBLIC        _ADC_GetResult
  D:009DH         PUBLIC        P1ASF
  D:00BEH         PUBLIC        ADC_RESL
  D:00D0H         PUBLIC        PSW
  -------         PROC          ADC_INIT
  C:3D09H         LINE#         7
  C:3D09H         LINE#         8
  C:3D09H         LINE#         10
  C:3D0BH         LINE#         11
  C:3D0DH         LINE#         12
  C:3D0FH         LINE#         13
  C:3D12H         LINE#         14
  C:3D15H         LINE#         15
  C:3D18H         LINE#         16
  C:3D1BH         LINE#         18
  C:3D1DH         LINE#         19
  C:3D20H         LINE#         21
  -------         ENDPROC       ADC_INIT
  -------         PROC          _ADC_GETRESULT
  D:0007H         SYMBOL        ch
  -------         DO            
  D:0006H         SYMBOL        ADC_Value
  -------         ENDDO         
  C:3C44H         LINE#         26
  C:3C44H         LINE#         27
  C:3C44H         LINE#         29
  C:3C49H         LINE#         30
  C:3C4AH         LINE#         31
  C:3C4BH         LINE#         32
  C:3C4CH         LINE#         33
  C:3C4DH         LINE#         34
  C:3C52H         LINE#         35
  C:3C55H         LINE#         36
  C:3C59H         LINE#         37
  C:3C69H         LINE#         38
  C:3C69H         LINE#         39
  -------         ENDPROC       _ADC_GETRESULT
  -------         ENDMOD        ADC

  -------         MODULE        CALIBRATION
  C:0000H         SYMBOL        _ICE_DUMMY_
  D:0080H         PUBLIC        P0
  D:0090H         PUBLIC        P1
  D:00A0H         PUBLIC        P2
  D:00B0H         PUBLIC        P3
  D:00C0H         PUBLIC        P4
  D:00C8H         PUBLIC        P5
  D:00E8H         PUBLIC        P6
  D:00F8H         PUBLIC        P7
  C:3724H         PUBLIC        _Max_Value
  D:00A8H         PUBLIC        IE
  C:31CAH         PUBLIC        _calibration
  C:3292H         PUBLIC        voltage_is_stable
  D:00B8H         PUBLIC        IP
[...]
  -------         ENDPROC       _MAX_VALUE
  -------         PROC          _CALIBRATION
  X:03D6H         SYMBOL        mnths
  X:03D7H         SYMBOL        dys
  X:03D8H         SYMBOL        hurs
  X:03D9H         SYMBOL        mns
  X:03DAH         SYMBOL        sconds
  X:03DBH         SYMBOL        currnt_pos
  -------         DO            
  X:03DEH         SYMBOL        calib_value
  X:03E2H         SYMBOL        JP_max_pos
  -------         ENDDO         
  C:31CAH         LINE#         90
  C:31D5H         LINE#         93
  C:31D5H         LINE#         94
  C:31DFH         LINE#         95
  C:31F3H         LINE#         97
  C:31FDH         LINE#         98
  C:31FDH         LINE#         100
  C:3233H         LINE#         102
  C:323CH         LINE#         103
  C:3261H         LINE#         104
  C:327DH         LINE#         105
  C:328CH         LINE#         106
  C:328CH         LINE#         108
  C:3291H         LINE#         109
  -------         ENDPROC       _CALIBRATION
  -------         ENDMOD        CALIBRATION

  -------         MODULE        IOEXPANDER_PI4IOE5V96248
  C:0000H         SYMBOL        _ICE_DUMMY_
  D:0080H         PUBLIC        P0
  B:00C8H.4       PUBLIC        I2C_SCK
  D:0090H         PUBLIC        P1
  D:00A0H         PUBLIC        P2
  D:00B0H         PUBLIC        P3
  D:00C0H         PUBLIC        P4
  D:00C8H         PUBLIC        P5
  D:00E8H         PUBLIC        P6
  D:00F8H         PUBLIC        P7
  D:00A8H         PUBLIC        IE
BL51 BANKED LINKER/LOCATER V6.22                                                      01/16/2019  16:21:51  PAGE 37


  D:00B8H         PUBLIC        IP
  D:00D8H         PUBLIC        CCON
  C:3E11H         PUBLIC        I2C_Start
  D:0098H         PUBLIC        SCON
  D:0088H         PUBLIC        TCON
  C:33FEH         PUBLIC        _Write_PI4IOE5V96248
  C:3E20H         PUBLIC        uC_NACK
  C:3BD7H         PUBLIC        _Wait_ms_i2c
  C:3C22H         PUBLIC        _I2C_SendByte
  C:3DA1H         PUBLIC        I2C_Stop
  C:3E90H         PUBLIC        nop
  C:3E80H         PUBLIC        uC_ACK
  C:3D8BH         PUBLIC        I2C_ACK
  B:00C0H.7       PUBLIC        I2C_SDA
  D:00D0H         PUBLIC        PSW
  C:3BD1H         SYMBOL        L?0031
  C:3BD3H         SYMBOL        L?0032
  -------         PROC          L?0030
  -------         ENDPROC       L?0030
  C:3BD1H         SYMBOL        L?0031
  C:3BD3H         SYMBOL        L?0032
  -------         PROC          _WAIT_MS_I2C
  D:0006H         SYMBOL        ms
  -------         DO            
  D:0004H         SYMBOL        De_Cnt
  -------         ENDDO         
  C:3BD7H         LINE#         7
  C:3BD7H         LINE#         8
  C:3BD7H         LINE#         10
  C:3BE1H         LINE#         11
  C:3BE1H         LINE#         12
  C:3BF4H         LINE#         13
  C:3BF4H         LINE#         14
  -------         ENDPROC       _WAIT_MS_I2C
  -------         PROC          NOP
  C:3E90H         LINE#         16
  C:3E90H         LINE#         17
  C:3E90H         LINE#         19
  -------         ENDPROC       NOP
  -------         PROC          I2C_START
  C:3E11H         LINE#         20
  C:3E11H         LINE#         21
  C:3E11H         LINE#         23
  C:3E13H         LINE#         24
  C:3E15H         LINE#         25
  C:3E18H         LINE#         26
  C:3E1AH         LINE#         27
  C:3E1DH         LINE#         28
  C:3E1FH         LINE#         31
  -------         ENDPROC       I2C_START
  -------         PROC          I2C_STOP
  C:3DA1H         LINE#         33
  C:3DA1H         LINE#         34
  C:3DA1H         LINE#         35
  C:3DA3H         LINE#         36
  C:3DA5H         LINE#         37
  C:3DA8H         LINE#         38
BL51 BANKED LINKER/LOCATER V6.22                                                      01/16/2019  16:21:51  PAGE 38


  C:3DAAH         LINE#         39
  C:3DACH         LINE#         40
  C:3DB3H         LINE#         41
  C:3DB5H         LINE#         44
  -------         ENDPROC       I2C_STOP
  -------         PROC          I2C_ACK
  -------         DO            
  X:04A0H         SYMBOL        i
  D:0003H         SYMBOL        dat
  -------         ENDDO         
  C:3D8BH         LINE#         46
  C:3D8BH         LINE#         47
  C:3D8BH         LINE#         49
  C:3D8CH         LINE#         54
  C:3D8FH         LINE#         55
  C:3D91H         LINE#         56
  C:3D94H         LINE#         58
  C:3D97H         LINE#         59
  C:3D97H         LINE#         60
  C:3D9BH         LINE#         61
  C:3D9BH         LINE#         64
  C:3D9BH         LINE#         65
  C:3D9EH         LINE#         66
  C:3D9EH         LINE#         67
  C:3DA0H         LINE#         68
  -------         ENDPROC       I2C_ACK
  -------         PROC          UC_ACK
  -------         DO            
  X:067DH         SYMBOL        i
  -------         ENDDO         
  C:3E80H         LINE#         69
  C:3E80H         LINE#         70
  C:3E80H         LINE#         72
  C:3E80H         LINE#         79
  C:3E80H         LINE#         81
  C:3E80H         LINE#         83
  C:3E80H         LINE#         84
  C:3E80H         LINE#         87
  C:3E83H         LINE#         88
  C:3E85H         LINE#         89
  C:3E85H         LINE#         93
  -------         ENDPROC       UC_ACK
  -------         PROC          UC_NACK
  -------         DO            
  X:067EH         SYMBOL        i
  -------         ENDDO         
  C:3E20H         LINE#         95
  C:3E20H         LINE#         96
  C:3E20H         LINE#         98
  C:3E20H         LINE#         102
  C:3E22H         LINE#         105
  C:3E22H         LINE#         106
  C:3E24H         LINE#         107
  C:3E24H         LINE#         109
  C:3E24H         LINE#         110
  C:3E24H         LINE#         113
  C:3E27H         LINE#         114
BL51 BANKED LINKER/LOCATER V6.22                                                      01/16/2019  16:21:51  PAGE 39


  C:3E29H         LINE#         115
  C:3E2CH         LINE#         116
  C:3E2EH         LINE#         117
  C:3E2EH         LINE#         121
  -------         ENDPROC       UC_NACK
  C:3C1EH         SYMBOL        L?0034
  -------         PROC          L?0033
  -------         ENDPROC       L?0033
  C:3C1EH         SYMBOL        L?0034
  -------         PROC          _I2C_SENDBYTE
  D:0001H         SYMBOL        dat
  -------         DO            
  D:0003H         SYMBOL        i
  -------         ENDDO         
  C:3C22H         LINE#         125
  C:3C24H         LINE#         126
  C:3C24H         LINE#         129
  C:3C26H         LINE#         130
  C:3C26H         LINE#         131
  C:3C28H         LINE#         133
  C:3C2CH         LINE#         134
  C:3C2CH         LINE#         135
  C:3C2EH         LINE#         136
  C:3C30H         LINE#         138
  C:3C30H         LINE#         139
  C:3C32H         LINE#         140
  C:3C32H         LINE#         141
  C:3C35H         LINE#         142
  C:3C37H         LINE#         144
  C:3C3BH         LINE#         145
  C:3C3EH         LINE#         146
  C:3C43H         LINE#         147
  -------         ENDPROC       _I2C_SENDBYTE
  -------         PROC          _WRITE_PI4IOE5V96248
  X:049DH         SYMBOL        xdat
  C:33FEH         LINE#         148
  C:3409H         LINE#         149
  C:3409H         LINE#         150
  C:340CH         LINE#         151
  C:3413H         LINE#         152
  C:3418H         LINE#         153
  C:341EH         LINE#         154
  C:341EH         LINE#         155
  C:3430H         LINE#         156
  C:3430H         LINE#         158
  C:3436H         LINE#         159
  C:3436H         LINE#         160
  C:3446H         LINE#         161
  C:3446H         LINE#         162
  C:344CH         LINE#         163
  C:344CH         LINE#         164
  C:345CH         LINE#         165
  C:345CH         LINE#         166
  C:3462H         LINE#         167
  C:3462H         LINE#         168
  C:3473H         LINE#         169
  C:3473H         LINE#         171
BL51 BANKED LINKER/LOCATER V6.22                                                      01/16/2019  16:21:51  PAGE 40


  C:3479H         LINE#         172
  C:3479H         LINE#         173
  C:348AH         LINE#         174
  C:348AH         LINE#         175
  C:3490H         LINE#         176
  C:3490H         LINE#         177
  C:34A1H         LINE#         178
  C:34A1H         LINE#         180
  C:34A7H         LINE#         181
  C:34AAH         LINE#         182
  -------         ENDPROC       _WRITE_PI4IOE5V96248
  -------         ENDMOD        IOEXPANDER_PI4IOE5V96248

  -------         MODULE        ?C_STARTUP
  C:37B7H         SEGMENT       ?C_C51STARTUP
  I:0022H         SEGMENT       ?STACK
  C:0000H         PUBLIC        ?C_STARTUP
  D:00E0H         SYMBOL        ACC
  D:00F0H         SYMBOL        B
  D:0083H         SYMBOL        DPH
  D:0082H         SYMBOL        DPL
  N:0000H         SYMBOL        IBPSTACK
  N:0100H         SYMBOL        IBPSTACKTOP
  N:0080H         SYMBOL        IDATALEN
  C:37BAH         SYMBOL        IDATALOOP
  N:0000H         SYMBOL        PBPSTACK
  N:0100H         SYMBOL        PBPSTACKTOP
  N:0000H         SYMBOL        PDATALEN
  N:0000H         SYMBOL        PDATASTART
  N:0000H         SYMBOL        PPAGE
  N:0000H         SYMBOL        PPAGEENABLE
  D:00A0H         SYMBOL        PPAGE_SFR
  D:0081H         SYMBOL        SP
  C:37B7H         SYMBOL        STARTUP1
  N:0000H         SYMBOL        XBPSTACK
  N:0000H         SYMBOL        XBPSTACKTOP
  N:0000H         SYMBOL        XDATALEN
  N:0000H         SYMBOL        XDATASTART
  C:0000H         LINE#         126
  C:37B7H         LINE#         133
  C:37B9H         LINE#         134
  C:37BAH         LINE#         135
  C:37BBH         LINE#         136
  C:37BDH         LINE#         185
  C:37C0H         LINE#         196
  -------         ENDMOD        ?C_STARTUP

  -------         MODULE        ?C?FPADD
  C:002DH         PUBLIC        ?C?FPADD
  C:0029H         PUBLIC        ?C?FPSUB
  -------         ENDMOD        ?C?FPADD

  -------         MODULE        ?C?FPMUL
  C:011EH         PUBLIC        ?C?FPMUL
  -------         ENDMOD        ?C?FPMUL

  -------         MODULE        ?C?FPDIV
BL51 BANKED LINKER/LOCATER V6.22                                                      01/16/2019  16:21:51  PAGE 41


  C:0227H         PUBLIC        ?C?FPDIV
  -------         ENDMOD        ?C?FPDIV

  -------         MODULE        ?C?FPCMP
  C:02C6H         PUBLIC        ?C?FPCMP
  C:02C4H         PUBLIC        ?C?FPCMP3
  -------         ENDMOD        ?C?FPCMP

  -------         MODULE        ?C?FPNEG
  C:033DH         PUBLIC        ?C?FPNEG
  -------         ENDMOD        ?C?FPNEG

  -------         MODULE        ?C?FCAST
  C:0358H         PUBLIC        ?C?FCASTC
  C:0353H         PUBLIC        ?C?FCASTI
  C:034EH         PUBLIC        ?C?FCASTL
  -------         ENDMOD        ?C?FCAST

  -------         MODULE        ?C?CASTF
  C:038CH         PUBLIC        ?C?CASTF
  -------         ENDMOD        ?C?CASTF

  -------         MODULE        ATAN2
  X:04F2H         PUBLIC        ?_atan2?BYTE
  C:3557H         PUBLIC        _atan2
  -------         ENDMOD        ATAN2

  -------         MODULE        SIN
  C:2E8DH         PUBLIC        _COS
  C:2EA3H         PUBLIC        _SIN
  C:2EDFH         PUBLIC        _TAN
  -------         ENDMOD        SIN

  -------         MODULE        ACOS
  C:3A4EH         PUBLIC        _ACOS
  -------         ENDMOD        ACOS

  -------         MODULE        ASIN
  C:3B5CH         PUBLIC        _ASIN
  -------         ENDMOD        ASIN

  -------         MODULE        SQRT
  C:34AFH         PUBLIC        _SQRT
  -------         ENDMOD        SQRT

  -------         MODULE        ATAN
  C:2FEDH         PUBLIC        _ATAN
  -------         ENDMOD        ATAN

  -------         MODULE        ?C?COPY
  C:052AH         PUBLIC        ?C?COPY
  -------         ENDMOD        ?C?COPY

  -------         MODULE        ?C?CLDPTR
  C:0550H         PUBLIC        ?C?CLDPTR
  -------         ENDMOD        ?C?CLDPTR

BL51 BANKED LINKER/LOCATER V6.22                                                      01/16/2019  16:21:51  PAGE 42


  -------         MODULE        ?C?CLDOPTR
  C:0569H         PUBLIC        ?C?CLDOPTR
  -------         ENDMOD        ?C?CLDOPTR

  -------         MODULE        ?C?CSTPTR
  C:0596H         PUBLIC        ?C?CSTPTR
  -------         ENDMOD        ?C?CSTPTR

  -------         MODULE        ?C?IMUL
  C:05A8H         PUBLIC        ?C?IMUL
  -------         ENDMOD        ?C?IMUL

  -------         MODULE        ?C?UIDIV
  C:05BAH         PUBLIC        ?C?UIDIV
  -------         ENDMOD        ?C?UIDIV

  -------         MODULE        ?C?SIDIV
  C:060FH         PUBLIC        ?C?SIDIV
  -------         ENDMOD        ?C?SIDIV

  -------         MODULE        ?C?ILDIX
  C:0645H         PUBLIC        ?C?ILDIX
  -------         ENDMOD        ?C?ILDIX

  -------         MODULE        ?C?ILDOPTR
  C:065BH         PUBLIC        ?C?ILDOPTR
  -------         ENDMOD        ?C?ILDOPTR

  -------         MODULE        ?C?LMUL
  C:0693H         PUBLIC        ?C?LMUL
  -------         ENDMOD        ?C?LMUL

  -------         MODULE        ?C?SLDIV
  C:3A98H         PUBLIC        ?C?SLDIV
  -------         ENDMOD        ?C?SLDIV

  -------         MODULE        ?C?LNEG
  C:06E2H         PUBLIC        ?C?LNEG
  -------         ENDMOD        ?C?LNEG

  -------         MODULE        ?C?LLDPTR
  C:06F0H         PUBLIC        ?C?LLDPTR
  -------         ENDMOD        ?C?LLDPTR

  -------         MODULE        ?C?LLDOPTR
  C:0710H         PUBLIC        ?C?LLDOPTR
  -------         ENDMOD        ?C?LLDOPTR

  -------         MODULE        ?C?LSTPTR
  C:0740H         PUBLIC        ?C?LSTPTR
  -------         ENDMOD        ?C?LSTPTR

  -------         MODULE        ?C?LSTOPTR
  C:075AH         PUBLIC        ?C?LSTOPTR
  -------         ENDMOD        ?C?LSTOPTR

  -------         MODULE        ?C?LLDXDATA
BL51 BANKED LINKER/LOCATER V6.22                                                      01/16/2019  16:21:51  PAGE 43


  C:077EH         PUBLIC        ?C?LLDXDATA
  -------         ENDMOD        ?C?LLDXDATA

  -------         MODULE        ?C?LLDCODE
  C:078AH         PUBLIC        ?C?LLDCODE
  -------         ENDMOD        ?C?LLDCODE

  -------         MODULE        ?C?LLDXDATA0
  C:079AH         PUBLIC        ?C?LLDXDATA0
  -------         ENDMOD        ?C?LLDXDATA0

  -------         MODULE        ?C?LLDCODE0
  C:07A6H         PUBLIC        ?C?LLDCODE0
  -------         ENDMOD        ?C?LLDCODE0

  -------         MODULE        ?C?LLDPTR0
  C:07B6H         PUBLIC        ?C?LLDPTR0
  -------         ENDMOD        ?C?LLDPTR0

  -------         MODULE        ?C?LSTXDATA
  C:07D6H         PUBLIC        ?C?LSTXDATA
  -------         ENDMOD        ?C?LSTXDATA

  -------         MODULE        ?C?LSTKXDATA
  C:07E2H         PUBLIC        ?C?LSTKXDATA
  -------         ENDMOD        ?C?LSTKXDATA

  -------         MODULE        ?C?OFFXADD
  C:0813H         PUBLIC        ?C?OFFXADD
  -------         ENDMOD        ?C?OFFXADD

  -------         MODULE        ABS
  C:3E57H         PUBLIC        _ABS
  -------         ENDMOD        ABS

  -------         MODULE        ATOI
  C:30EFH         PUBLIC        _atoi
  -------         ENDMOD        ATOI

  -------         MODULE        ?C?IILDX
  C:081FH         PUBLIC        ?C?IILDX
  -------         ENDMOD        ?C?IILDX

  -------         MODULE        ?C?ULDIV
  C:0871H         PUBLIC        ?C?ULDIV
  -------         ENDMOD        ?C?ULDIV

  -------         MODULE        ?C?LLDIDATA
  C:0903H         PUBLIC        ?C?LLDIDATA
  -------         ENDMOD        ?C?LLDIDATA

  -------         MODULE        ?C?LLDPDATA
  C:090FH         PUBLIC        ?C?LLDPDATA
  -------         ENDMOD        ?C?LLDPDATA

  -------         MODULE        ?C?LLDIDATA0
  C:091BH         PUBLIC        ?C?LLDIDATA0
BL51 BANKED LINKER/LOCATER V6.22                                                      01/16/2019  16:21:51  PAGE 44


  -------         ENDMOD        ?C?LLDIDATA0

  -------         MODULE        ?C?LLDPDATA0
  C:0928H         PUBLIC        ?C?LLDPDATA0
  -------         ENDMOD        ?C?LLDPDATA0

  -------         MODULE        ?C?LSTIDATA
  C:0935H         PUBLIC        ?C?LSTIDATA
  -------         ENDMOD        ?C?LSTIDATA

  -------         MODULE        ?C?LSTPDATA
  C:0941H         PUBLIC        ?C?LSTPDATA
  -------         ENDMOD        ?C?LSTPDATA

  -------         MODULE        ISDIGIT
  C:3E2FH         PUBLIC        _isdigit
  -------         ENDMOD        ISDIGIT

  -------         MODULE        ISSPACE
  C:3DCAH         PUBLIC        _isspace
  -------         ENDMOD        ISSPACE

*** WARNING L16: UNCALLED SEGMENT, IGNORED FOR OVERLAY PROCESS
    SEGMENT: ?PR?_CALIB_INTERPOLATE?MAIN

*** WARNING L16: UNCALLED SEGMENT, IGNORED FOR OVERLAY PROCESS
    SEGMENT: ?PR?_DISPLAY_PROX?MAIN

*** WARNING L16: UNCALLED SEGMENT, IGNORED FOR OVERLAY PROCESS
    SEGMENT: ?PR?INITUART1?UART1

*** WARNING L16: UNCALLED SEGMENT, IGNORED FOR OVERLAY PROCESS
    SEGMENT: ?PR?_SENDSTRING?UART1

*** WARNING L16: UNCALLED SEGMENT, IGNORED FOR OVERLAY PROCESS
    SEGMENT: ?PR?_TEN?UART1

*** WARNING L16: UNCALLED SEGMENT, IGNORED FOR OVERLAY PROCESS
    SEGMENT: ?PR?_UNIT?UART1

*** WARNING L16: UNCALLED SEGMENT, IGNORED FOR OVERLAY PROCESS
    SEGMENT: ?PR?_DECTOBCD?UART1

*** WARNING L16: UNCALLED SEGMENT, IGNORED FOR OVERLAY PROCESS
    SEGMENT: ?PR?_ASCII_LETTER?UART1

*** WARNING L16: UNCALLED SEGMENT, IGNORED FOR OVERLAY PROCESS
    SEGMENT: ?PR?WAIT?BIPOLARMOTOR

*** WARNING L16: UNCALLED SEGMENT, IGNORED FOR OVERLAY PROCESS
    SEGMENT: ?PR?_FINDDET4X4?BIPOLARMOTOR

*** WARNING L16: UNCALLED SEGMENT, IGNORED FOR OVERLAY PROCESS
    SEGMENT: ?PR?NOP?IOEXPANDER_PI4IOE5V96248

*** WARNING L16: UNCALLED SEGMENT, IGNORED FOR OVERLAY PROCESS
    SEGMENT: ?PR?UC_ACK?IOEXPANDER_PI4IOE5V96248
BL51 BANKED LINKER/LOCATER V6.22                                                      01/16/2019  16:21:51  PAGE 45



*** WARNING L16: UNCALLED SEGMENT, IGNORED FOR OVERLAY PROCESS
    SEGMENT: ?PR?UC_NACK?IOEXPANDER_PI4IOE5V96248

*** WARNING L1: UNRESOLVED EXTERNAL SYMBOL
    SYMBOL:  AUTO_MODE
    MODULE:  .\Obj\main.obj (MAIN)

*** WARNING L2: REFERENCE MADE TO UNRESOLVED EXTERNAL
    SYMBOL:  AUTO_MODE
    MODULE:  .\Obj\main.obj (MAIN)
    ADDRESS: 1CF8H

*** WARNING L2: REFERENCE MADE TO UNRESOLVED EXTERNAL
    SYMBOL:  AUTO_MODE
    MODULE:  .\Obj\main.obj (MAIN)
    ADDRESS: 1DC8H

*** WARNING L2: REFERENCE MADE TO UNRESOLVED EXTERNAL
    SYMBOL:  AUTO_MODE
    MODULE:  .\Obj\main.obj (MAIN)
    ADDRESS: 1DD6H

*** WARNING L2: REFERENCE MADE TO UNRESOLVED EXTERNAL
    SYMBOL:  AUTO_MODE
    MODULE:  .\Obj\main.obj (MAIN)
    ADDRESS: 1DE8H

*** WARNING L2: REFERENCE MADE TO UNRESOLVED EXTERNAL
    SYMBOL:  AUTO_MODE
    MODULE:  .\Obj\main.obj (MAIN)
    ADDRESS: 1E2AH

*** WARNING L2: REFERENCE MADE TO UNRESOLVED EXTERNAL
    SYMBOL:  AUTO_MODE
    MODULE:  .\Obj\main.obj (MAIN)
    ADDRESS: 1EFDH

*** WARNING L1: UNRESOLVED EXTERNAL SYMBOL
    SYMBOL:  AUTO_MODE
    MODULE:  .\Obj\KeyPad.obj (KEYPAD)

*** WARNING L2: REFERENCE MADE TO UNRESOLVED EXTERNAL
    SYMBOL:  AUTO_MODE
    MODULE:  .\Obj\KeyPad.obj (KEYPAD)
    ADDRESS: 2398H

*** WARNING L2: REFERENCE MADE TO UNRESOLVED EXTERNAL
    SYMBOL:  AUTO_MODE
    MODULE:  .\Obj\KeyPad.obj (KEYPAD)
    ADDRESS: 23A3H

*** WARNING L2: REFERENCE MADE TO UNRESOLVED EXTERNAL
    SYMBOL:  AUTO_MODE
    MODULE:  .\Obj\KeyPad.obj (KEYPAD)
    ADDRESS: 23AAH

BL51 BANKED LINKER/LOCATER V6.22                                                      01/16/2019  16:21:51  PAGE 46


Program Size: data=18.2 xdata=1663 code=16017
LINK/LOCATE RUN COMPLETE.  24 WARNING(S),  0 ERROR(S)
