BL51 BANKED LINKER/LOCATER V6.22                                                        05/03/2018  15:51:44  PAGE 1


BL51 BANKED LINKER/LOCATER V6.22, INVOKED BY:
C:\KEIL_V5\C51\BIN\BL51.EXE .\Obj\main.obj, .\Obj\PCF85063BTL.obj, .\Obj\UART1.obj, .\Obj\STARTUP.obj TO .\Obj\GPIO_RTC_
>> Test PRINT (.\Lis\GPIO_RTC_Test.m51) RAMSIZE (256)


MEMORY MODEL: LARGE


INPUT MODULES INCLUDED:
  .\Obj\main.obj (MAIN)
  .\Obj\PCF85063BTL.obj (PCF85063BTL)
  .\Obj\UART1.obj (UART1)
  .\Obj\STARTUP.obj (?C_STARTUP)
  C:\KEIL_V5\C51\LIB\C51L.LIB (?C_INIT)
  C:\KEIL_V5\C51\LIB\C51L.LIB (?C?CLDPTR)
  C:\KEIL_V5\C51\LIB\C51L.LIB (?C?ILDIX)
  C:\KEIL_V5\C51\LIB\C51L.LIB (ATOI)
  C:\KEIL_V5\C51\LIB\C51L.LIB (?C?IMUL)
  C:\KEIL_V5\C51\LIB\C51L.LIB (?C?IILDX)
  C:\KEIL_V5\C51\LIB\C51L.LIB (ISDIGIT)
  C:\KEIL_V5\C51\LIB\C51L.LIB (ISSPACE)


LINK MAP OF MODULE:  .\Obj\GPIO_RTC_Test (MAIN)


            TYPE    BASE      LENGTH    RELOCATION   SEGMENT NAME
            -----------------------------------------------------

            * * * * * * *   D A T A   M E M O R Y   * * * * * * *
            REG     0000H     0008H     ABSOLUTE     "REG BANK 0"
            REG     0008H     0008H     ABSOLUTE     "REG BANK 1"
                    0010H     0010H                  *** GAP ***
            BIT     0020H.0   0000H.1   UNIT         ?BI?MAIN
            BIT     0020H.1   0000H.1   UNIT         _BIT_GROUP_
                    0020H.2   0000H.6                *** GAP ***
            IDATA   0021H     0001H     UNIT         ?STACK

            * * * * * * *  X D A T A   M E M O R Y  * * * * * * *
            XDATA   0000H     0012H     UNIT         _XDATA_GROUP_
            XDATA   0012H     000CH     UNIT         ?XD?MAIN
            XDATA   001EH     0003H     UNIT         ?XD?_SENDSTRING?UART1

            * * * * * * *   C O D E   M E M O R Y   * * * * * * *
            CODE    0000H     0003H     ABSOLUTE     
            CODE    0003H     0020H     UNIT         ?PR?_SPI_SENDBYTE?PCF85063BTL
            CODE    0023H     0003H     ABSOLUTE     
            CODE    0026H     00DBH     UNIT         ?PR?_ATOI?ATOI
            CODE    0101H     0099H     UNIT         ?PR?UART?MAIN
            CODE    019AH     008CH     UNIT         ?C_C51STARTUP
            CODE    0226H     0080H     UNIT         ?PR?DISPLAY_TIME?UART1
            CODE    02A6H     0067H     UNIT         ?PR?MAIN?MAIN
            CODE    030DH     0057H     UNIT         ?C?LIB_CODE
            CODE    0364H     0033H     UNIT         ?PR?_SENDSTRING?UART1
            CODE    0397H     0020H     UNIT         ?PR?SPI_RECEIVEBYTE?PCF85063BTL
            CODE    03B7H     001EH     UNIT         ?PR?_DELAY_MS?MAIN
            CODE    03D5H     0018H     UNIT         ?PR?_SPI_WRITETIME?PCF85063BTL
            CODE    03EDH     0017H     UNIT         ?C_INITSEG
BL51 BANKED LINKER/LOCATER V6.22                                                      05/03/2018  15:51:44  PAGE 2


            CODE    0404H     0017H     UNIT         ?PR?_ASCIITOBCD?UART1
            CODE    041BH     0014H     UNIT         ?PR?_PCF85063BTL_DELAY?PCF85063BTL
            CODE    042FH     0014H     UNIT         ?PR?_ISSPACE?ISSPACE
            CODE    0443H     0011H     UNIT         ?PR?_SPI_READTIME?PCF85063BTL
            CODE    0454H     0011H     UNIT         ?PR?INITUART1?UART1
            CODE    0465H     000FH     UNIT         ?PR?_ISDIGIT?ISDIGIT
            CODE    0474H     000DH     UNIT         ?PR?SPI_INIT?PCF85063BTL
            CODE    0481H     0009H     UNIT         ?PR?_SENDUART1?MAIN
            CODE    048AH     0006H     UNIT         ?PR?_TEN?UART1
            CODE    0490H     0005H     UNIT         ?PR?_UNIT?UART1
            CODE    0495H     0005H     UNIT         ?PR?_ASCII_LETTER?UART1
            CODE    049AH     0001H     UNIT         ?PR?_DECTOBCD?UART1



OVERLAY MAP OF MODULE:   .\Obj\GPIO_RTC_Test (MAIN)


SEGMENT                                       BIT_GROUP          XDATA_GROUP
  +--> CALLED SEGMENT                      START    LENGTH     START    LENGTH
------------------------------------------------------------------------------
?PR?UART?MAIN                              -----    -----      -----    -----
  +--> ?PR?_ASCIITOBCD?UART1

?PR?_ASCIITOBCD?UART1                      -----    -----      -----    -----
  +--> ?PR?_ATOI?ATOI

?PR?_ATOI?ATOI                             0020H.1  0000H.1    0000H    0005H
  +--> ?PR?_ISSPACE?ISSPACE
  +--> ?PR?_ISDIGIT?ISDIGIT

*** NEW ROOT ***************************************************

?C_C51STARTUP                              -----    -----      -----    -----
  +--> ?PR?MAIN?MAIN
  +--> ?C_INITSEG

?PR?MAIN?MAIN                              -----    -----      0005H    000AH
  +--> ?PR?SPI_INIT?PCF85063BTL
  +--> ?PR?INITUART1?UART1
  +--> ?PR?_SPI_WRITETIME?PCF85063BTL
  +--> ?PR?_DELAY_MS?MAIN
  +--> ?PR?_SENDUART1?MAIN
  +--> ?PR?DISPLAY_TIME?UART1

?PR?_SPI_WRITETIME?PCF85063BTL             -----    -----      -----    -----
  +--> ?PR?_SPI_SENDBYTE?PCF85063BTL

?PR?_SPI_SENDBYTE?PCF85063BTL              -----    -----      -----    -----
  +--> ?PR?_PCF85063BTL_DELAY?PCF85063BTL

?PR?DISPLAY_TIME?UART1                     -----    -----      000FH    0003H
  +--> ?PR?_SPI_READTIME?PCF85063BTL
  +--> ?PR?_TEN?UART1
  +--> ?PR?_SENDUART1?MAIN
  +--> ?PR?_UNIT?UART1

BL51 BANKED LINKER/LOCATER V6.22                                                      05/03/2018  15:51:44  PAGE 3


?PR?_SPI_READTIME?PCF85063BTL              -----    -----      -----    -----
  +--> ?PR?_SPI_SENDBYTE?PCF85063BTL
  +--> ?PR?SPI_RECEIVEBYTE?PCF85063BTL

?PR?SPI_RECEIVEBYTE?PCF85063BTL            -----    -----      -----    -----
  +--> ?PR?_PCF85063BTL_DELAY?PCF85063BTL



SYMBOL TABLE OF MODULE:  .\Obj\GPIO_RTC_Test (MAIN)

  VALUE           TYPE          NAME
  ----------------------------------

  -------         MODULE        MAIN
  C:0000H         SYMBOL        _ICE_DUMMY_
  D:0080H         PUBLIC        P0
  D:0090H         PUBLIC        P1
  D:00A0H         PUBLIC        P2
  D:00B0H         PUBLIC        P3
  D:00C0H         PUBLIC        P4
  D:00C8H         PUBLIC        P5
  B:00A8H.7       PUBLIC        EA
  D:00E8H         PUBLIC        P6
  D:00F8H         PUBLIC        P7
  X:0012H         PUBLIC        RX_Data_Uart_Cnt
  D:00A8H         PUBLIC        IE
  D:00B8H         PUBLIC        IP
  B:0098H.0       PUBLIC        RI
  B:0098H.1       PUBLIC        TI
  C:0101H         PUBLIC        Uart
  D:00D8H         PUBLIC        CCON
  C:02A6H         PUBLIC        main
  D:0099H         PUBLIC        SBUF
  C:03B7H         PUBLIC        _Delay_ms
  D:0098H         PUBLIC        SCON
  D:0088H         PUBLIC        TCON
  X:0014H         PUBLIC        Rec_data_hour
  X:0017H         PUBLIC        Rec_data_min
  B:0020H.0       PUBLIC        busy
  D:00E0H         PUBLIC        ACC
  X:001AH         PUBLIC        hour_count
  X:001BH         PUBLIC        min_count
  X:001CH         PUBLIC        st_time
  D:00D0H         PUBLIC        PSW
  C:0481H         PUBLIC        _SendUART1
  -------         PROC          MAIN
  -------         DO            
  X:0005H         SYMBOL        seconds
  X:0006H         SYMBOL        mins
  X:0007H         SYMBOL        hours
  X:0008H         SYMBOL        sec_decimal
  X:000AH         SYMBOL        numStr
  -------         ENDDO         
  C:02A6H         LINE#         31
  C:02A6H         LINE#         32
  C:02A6H         LINE#         36
BL51 BANKED LINKER/LOCATER V6.22                                                      05/03/2018  15:51:44  PAGE 4


  C:02A9H         LINE#         37
  C:02ACH         LINE#         38
  C:02AEH         LINE#         39
  C:02B5H         LINE#         40
  C:02BCH         LINE#         41
  C:02C3H         LINE#         42
  C:02CAH         LINE#         44
  C:02CAH         LINE#         45
  C:02CAH         LINE#         46
  C:02D4H         LINE#         47
  C:02D4H         LINE#         48
  C:02DEH         LINE#         49
  C:02E8H         LINE#         50
  C:02EFH         LINE#         51
  C:02F7H         LINE#         52
  C:02FFH         LINE#         53
  C:0301H         LINE#         55
  C:0301H         LINE#         56
  C:0304H         LINE#         57
  C:030BH         LINE#         58
  C:030BH         LINE#         59
  -------         ENDPROC       MAIN
  -------         PROC          _DELAY_MS
  D:0006H         SYMBOL        ms
  -------         DO            
  D:0004H         SYMBOL        De_Cnt
  -------         ENDDO         
  C:03B7H         LINE#         63
  C:03B7H         LINE#         64
  C:03B7H         LINE#         66
  C:03C1H         LINE#         67
  C:03C1H         LINE#         68
  C:03D4H         LINE#         69
  C:03D4H         LINE#         70
  -------         ENDPROC       _DELAY_MS
  -------         PROC          UART
  C:0101H         LINE#         73
  C:010EH         LINE#         75
  C:0111H         LINE#         76
  C:0111H         LINE#         77
  C:011FH         LINE#         78
  C:0121H         LINE#         79
  C:0133H         LINE#         80
  C:0142H         LINE#         81
  C:014DH         LINE#         82
  C:014DH         LINE#         85
  C:015AH         LINE#         86
  C:0160H         LINE#         87
  C:0160H         LINE#         88
  C:0166H         LINE#         89
  C:0174H         LINE#         90
  C:0182H         LINE#         91
  C:0188H         LINE#         96
  C:0188H         LINE#         97
  C:0188H         LINE#         100
  C:0188H         LINE#         101
  C:018BH         LINE#         102
BL51 BANKED LINKER/LOCATER V6.22                                                      05/03/2018  15:51:44  PAGE 5


  C:018BH         LINE#         103
  C:018DH         LINE#         104
  C:018FH         LINE#         105
  C:018FH         LINE#         106
  -------         ENDPROC       UART
  -------         PROC          _SENDUART1
  D:0007H         SYMBOL        dat
  C:0481H         LINE#         109
  C:0481H         LINE#         110
  C:0481H         LINE#         111
  C:0484H         LINE#         112
  C:0486H         LINE#         113
  C:0487H         LINE#         114
  C:0489H         LINE#         115
  -------         ENDPROC       _SENDUART1
  -------         ENDMOD        MAIN

  -------         MODULE        PCF85063BTL
  C:0000H         SYMBOL        _ICE_DUMMY_
  D:0096H         PUBLIC        P2M0
  D:0080H         PUBLIC        P0
  D:0095H         PUBLIC        P2M1
  D:0090H         PUBLIC        P1
  D:00A0H         PUBLIC        P2
  D:00B0H         PUBLIC        P3
  D:00C0H         PUBLIC        P4
  D:00C8H         PUBLIC        P5
  D:00E8H         PUBLIC        P6
  B:00A0H.2       PUBLIC        PCF85063BTL_SDI
  D:00F8H         PUBLIC        P7
  B:00A0H.1       PUBLIC        PCF85063BTL_SCK
  B:00A0H.2       PUBLIC        PCF85063BTL_SDO
  D:00A8H         PUBLIC        IE
  C:0421H         PUBLIC        _PCF85063BTL_Delay
  D:00B8H         PUBLIC        IP
  D:00D8H         PUBLIC        CCON
  C:0397H         PUBLIC        SPI_ReceiveByte
  D:0098H         PUBLIC        SCON
  D:0088H         PUBLIC        TCON
  B:00A0H.0       PUBLIC        PCF85063BTL_CS
  C:0443H         PUBLIC        _SPI_ReadTime
  C:0474H         PUBLIC        SPI_Init
  C:03D5H         PUBLIC        _SPI_WriteTime
  C:0003H         PUBLIC        _SPI_SendByte
  D:00D0H         PUBLIC        PSW
  C:041DH         SYMBOL        L?0020
  -------         PROC          L?0019
  -------         ENDPROC       L?0019
  C:041DH         SYMBOL        L?0020
  -------         PROC          _PCF85063BTL_DELAY
  D:0006H         SYMBOL        us
  C:0421H         LINE#         8
  C:0421H         LINE#         9
  C:0421H         LINE#         10
  C:042BH         LINE#         11
  C:042BH         LINE#         12
  C:042CH         LINE#         13
BL51 BANKED LINKER/LOCATER V6.22                                                      05/03/2018  15:51:44  PAGE 6


  C:042EH         LINE#         14
  -------         ENDPROC       _PCF85063BTL_DELAY
  -------         PROC          _SPI_SENDBYTE
  D:0005H         SYMBOL        dat
  -------         DO            
  D:0003H         SYMBOL        i
  -------         ENDDO         
  C:0003H         LINE#         17
  C:0005H         LINE#         18
  C:0005H         LINE#         20
  C:0007H         LINE#         21
  C:0007H         LINE#         22
  C:0009H         LINE#         23
  C:000DH         LINE#         24
  C:000DH         LINE#         25
  C:000FH         LINE#         26
  C:0011H         LINE#         28
  C:0011H         LINE#         29
  C:0013H         LINE#         30
  C:0013H         LINE#         31
  C:0016H         LINE#         32
  C:0016H         LINE#         33
  C:0019H         LINE#         34
  C:001DH         LINE#         35
  C:0022H         LINE#         36
  -------         ENDPROC       _SPI_SENDBYTE
  -------         PROC          SPI_RECEIVEBYTE
  -------         DO            
  D:0003H         SYMBOL        i
  D:0005H         SYMBOL        dat
  -------         ENDDO         
  C:0397H         LINE#         39
  C:0397H         LINE#         40
  C:0397H         LINE#         42
  C:0399H         LINE#         44
  C:039BH         LINE#         45
  C:039CH         LINE#         46
  C:039CH         LINE#         47
  C:03A0H         LINE#         48
  C:03A2H         LINE#         49
  C:03A5H         LINE#         51
  C:03A8H         LINE#         52
  C:03A8H         LINE#         53
  C:03ACH         LINE#         54
  C:03ACH         LINE#         55
  C:03ACH         LINE#         56
  C:03AFH         LINE#         57
  C:03B4H         LINE#         58
  C:03B6H         LINE#         59
  -------         ENDPROC       SPI_RECEIVEBYTE
  -------         PROC          _SPI_READTIME
  D:0007H         SYMBOL        addr
  -------         DO            
  D:0006H         SYMBOL        dat
  -------         ENDDO         
  C:0443H         LINE#         61
  C:0443H         LINE#         62
BL51 BANKED LINKER/LOCATER V6.22                                                      05/03/2018  15:51:44  PAGE 7


  C:0443H         LINE#         64
  C:0445H         LINE#         65
  C:0447H         LINE#         66
  C:044EH         LINE#         67
  C:0451H         LINE#         68
  C:0453H         LINE#         69
  C:0453H         LINE#         70
  -------         ENDPROC       _SPI_READTIME
  -------         PROC          _SPI_WRITETIME
  D:0002H         SYMBOL        val
  D:0005H         SYMBOL        addr
  C:03D5H         LINE#         71
  C:03D7H         LINE#         72
  C:03D7H         LINE#         74
  C:03D9H         LINE#         75
  C:03E0H         LINE#         76
  C:03E5H         LINE#         77
  C:03EAH         LINE#         78
  C:03ECH         LINE#         79
  -------         ENDPROC       _SPI_WRITETIME
  -------         PROC          SPI_INIT
  C:0474H         LINE#         83
  C:0474H         LINE#         84
  C:0474H         LINE#         89
  C:0477H         LINE#         90
  C:047AH         LINE#         91
  C:047CH         LINE#         92
  C:047EH         LINE#         93
  C:0480H         LINE#         94
  -------         ENDPROC       SPI_INIT
  -------         ENDMOD        PCF85063BTL

  -------         MODULE        UART1
  C:0000H         SYMBOL        _ICE_DUMMY_
  D:0080H         PUBLIC        P0
  D:0090H         PUBLIC        P1
  D:00A0H         PUBLIC        P2
  D:00B0H         PUBLIC        P3
  D:00C0H         PUBLIC        P4
  D:00C8H         PUBLIC        P5
  B:00A8H.7       PUBLIC        EA
  D:00E8H         PUBLIC        P6
  D:00F8H         PUBLIC        P7
  C:0364H         PUBLIC        _SendString
  D:00A8H         PUBLIC        IE
  B:00A8H.4       PUBLIC        ES
  D:00B8H         PUBLIC        IP
  C:0404H         PUBLIC        _ASCIItoBCD
  D:00D8H         PUBLIC        CCON
  C:0454H         PUBLIC        initUART1
  D:0098H         PUBLIC        SCON
  D:0088H         PUBLIC        TCON
  C:049AH         PUBLIC        _DectoBCD
  C:0495H         PUBLIC        _ASCII_Letter
  D:008EH         PUBLIC        AUXR
  C:0490H         PUBLIC        _unit
  C:048AH         PUBLIC        _ten
BL51 BANKED LINKER/LOCATER V6.22                                                      05/03/2018  15:51:44  PAGE 8


  D:00D6H         PUBLIC        T2H
  D:00D7H         PUBLIC        T2L
  C:0226H         PUBLIC        Display_time
  D:00D0H         PUBLIC        PSW
  -------         PROC          INITUART1
  C:0454H         LINE#         21
  C:0454H         LINE#         22
  C:0454H         LINE#         23
  C:0457H         LINE#         24
  C:045AH         LINE#         25
  C:045DH         LINE#         26
  C:0460H         LINE#         27
  C:0462H         LINE#         28
  C:0464H         LINE#         30
  -------         ENDPROC       INITUART1
  -------         PROC          _SENDSTRING
  X:001EH         SYMBOL        s
  C:0364H         LINE#         35
  C:036FH         LINE#         36
  C:036FH         LINE#         37
  C:037FH         LINE#         38
  C:037FH         LINE#         39
  C:0394H         LINE#         40
  C:0396H         LINE#         41
  -------         ENDPROC       _SENDSTRING
  -------         PROC          _TEN
  D:0007H         SYMBOL        BCD
  C:048AH         LINE#         43
  C:048AH         LINE#         44
  C:048AH         LINE#         45
  C:048FH         LINE#         46
  -------         ENDPROC       _TEN
  -------         PROC          _UNIT
  D:0007H         SYMBOL        BCD
  C:0490H         LINE#         47
  C:0490H         LINE#         48
  C:0490H         LINE#         52
  C:0494H         LINE#         53
  -------         ENDPROC       _UNIT
  -------         PROC          _DECTOBCD
  D:0007H         SYMBOL        dec
  C:049AH         LINE#         54
  C:049AH         LINE#         55
  C:049AH         LINE#         57
  C:049AH         LINE#         58
  -------         ENDPROC       _DECTOBCD
  -------         PROC          _ASCII_LETTER
  D:0007H         SYMBOL        dat
  C:0495H         LINE#         60
  C:0495H         LINE#         61
  C:0495H         LINE#         63
  C:0499H         LINE#         64
  -------         ENDPROC       _ASCII_LETTER
  -------         PROC          _ASCIITOBCD
  D:0001H         SYMBOL        ascii
  -------         DO            
  D:0007H         SYMBOL        dec_val
BL51 BANKED LINKER/LOCATER V6.22                                                      05/03/2018  15:51:44  PAGE 9


  D:0006H         SYMBOL        ten
  D:0007H         SYMBOL        unit
  -------         ENDDO         
  C:0404H         LINE#         66
  C:0404H         LINE#         67
  C:0404H         LINE#         69
  C:0407H         LINE#         70
  C:040DH         LINE#         71
  C:0414H         LINE#         72
  C:041AH         LINE#         74
  -------         ENDPROC       _ASCIITOBCD
  -------         PROC          DISPLAY_TIME
  -------         DO            
  X:000FH         SYMBOL        seconds
  X:0010H         SYMBOL        mins
  X:0011H         SYMBOL        hours
  -------         ENDDO         
  C:0226H         LINE#         75
  C:0226H         LINE#         76
  C:0226H         LINE#         79
  C:0230H         LINE#         80
  C:023AH         LINE#         81
  C:0249H         LINE#         82
  C:024EH         LINE#         84
  C:0258H         LINE#         85
  C:0262H         LINE#         86
  C:0271H         LINE#         87
  C:0276H         LINE#         89
  C:0280H         LINE#         90
  C:0282H         LINE#         91
  C:0290H         LINE#         92
  C:02A1H         LINE#         93
  -------         ENDPROC       DISPLAY_TIME
  -------         ENDMOD        UART1

  -------         MODULE        ?C_STARTUP
  C:019AH         SEGMENT       ?C_C51STARTUP
  I:0021H         SEGMENT       ?STACK
  C:0000H         PUBLIC        ?C_STARTUP
  D:00E0H         SYMBOL        ACC
  D:00F0H         SYMBOL        B
  D:0083H         SYMBOL        DPH
  D:0082H         SYMBOL        DPL
  N:0000H         SYMBOL        IBPSTACK
  N:0100H         SYMBOL        IBPSTACKTOP
  N:0080H         SYMBOL        IDATALEN
  C:019DH         SYMBOL        IDATALOOP
  N:0000H         SYMBOL        PBPSTACK
  N:0100H         SYMBOL        PBPSTACKTOP
  N:0000H         SYMBOL        PDATALEN
  N:0000H         SYMBOL        PDATASTART
  N:0000H         SYMBOL        PPAGE
  N:0000H         SYMBOL        PPAGEENABLE
  D:00A0H         SYMBOL        PPAGE_SFR
  D:0081H         SYMBOL        SP
  C:019AH         SYMBOL        STARTUP1
  N:0000H         SYMBOL        XBPSTACK
BL51 BANKED LINKER/LOCATER V6.22                                                      05/03/2018  15:51:44  PAGE 10


  N:0000H         SYMBOL        XBPSTACKTOP
  N:0000H         SYMBOL        XDATALEN
  N:0000H         SYMBOL        XDATASTART
  C:0000H         LINE#         126
  C:019AH         LINE#         133
  C:019CH         LINE#         134
  C:019DH         LINE#         135
  C:019EH         LINE#         136
  C:01A0H         LINE#         185
  C:01A3H         LINE#         196
  -------         ENDMOD        ?C_STARTUP

  -------         MODULE        ?C?CLDPTR
  C:030DH         PUBLIC        ?C?CLDPTR
  -------         ENDMOD        ?C?CLDPTR

  -------         MODULE        ?C?ILDIX
  C:0326H         PUBLIC        ?C?ILDIX
  -------         ENDMOD        ?C?ILDIX

  -------         MODULE        ATOI
  C:0026H         PUBLIC        _atoi
  -------         ENDMOD        ATOI

  -------         MODULE        ?C?IMUL
  C:033CH         PUBLIC        ?C?IMUL
  -------         ENDMOD        ?C?IMUL

  -------         MODULE        ?C?IILDX
  C:034EH         PUBLIC        ?C?IILDX
  -------         ENDMOD        ?C?IILDX

  -------         MODULE        ISDIGIT
  C:0465H         PUBLIC        _isdigit
  -------         ENDMOD        ISDIGIT

  -------         MODULE        ISSPACE
  C:042FH         PUBLIC        _isspace
  -------         ENDMOD        ISSPACE

*** WARNING L16: UNCALLED SEGMENT, IGNORED FOR OVERLAY PROCESS
    SEGMENT: ?PR?_SENDSTRING?UART1

*** WARNING L16: UNCALLED SEGMENT, IGNORED FOR OVERLAY PROCESS
    SEGMENT: ?PR?_DECTOBCD?UART1

*** WARNING L16: UNCALLED SEGMENT, IGNORED FOR OVERLAY PROCESS
    SEGMENT: ?PR?_ASCII_LETTER?UART1

Program Size: data=17.2 xdata=33 code=1179
LINK/LOCATE RUN COMPLETE.  3 WARNING(S),  0 ERROR(S)
