BL51 BANKED LINKER/LOCATER V6.22                                                        08/08/2019  13:33:47  PAGE 1


BL51 BANKED LINKER/LOCATER V6.22, INVOKED BY:
C:\KEIL_V5\C51\BIN\BL51.EXE .\Obj\main.obj, .\Obj\PCF85063BTL.obj, .\Obj\LCd_Driver_SPLC780D.obj, .\Obj\KeyPad.obj, .\Ob
>> j\BipolarMotor.obj, .\Obj\SunPos.obj, .\Obj\ADC.obj, .\Obj\Calibration.obj, .\Obj\IOExpander_PI4IOE5V96248.obj, .\Obj
>> \AT25SF041.obj, .\Obj\SI1120.obj, .\Obj\UART1.obj, .\Obj\STARTUP.obj TO .\Obj\GPIO_RTC_Test RTX51TINY PRINT (.\Lis\GP
>> IO_RTC_Test.m51) RAMSIZE (256)


MEMORY MODEL: LARGE WITH FLOATING POINT ARITHMETIC


INPUT MODULES INCLUDED:
  .\Obj\main.obj (MAIN)
  .\Obj\PCF85063BTL.obj (PCF85063BTL)
  .\Obj\LCd_Driver_SPLC780D.obj (LCD_DRIVER_SPLC780D)
  .\Obj\KeyPad.obj (KEYPAD)
  .\Obj\BipolarMotor.obj (BIPOLARMOTOR)
  .\Obj\SunPos.obj (SUNPOS)
  .\Obj\ADC.obj (ADC)
  .\Obj\Calibration.obj (CALIBRATION)
  .\Obj\IOExpander_PI4IOE5V96248.obj (IOEXPANDER_PI4IOE5V96248)
  .\Obj\AT25SF041.obj (AT25SF041)
  .\Obj\SI1120.obj (SI1120)
  .\Obj\UART1.obj (UART1)
  .\Obj\STARTUP.obj (?C_STARTUP)
  C:\KEIL_V5\C51\LIB\C51FPL.LIB (?C?FPADD)
  C:\KEIL_V5\C51\LIB\C51FPL.LIB (?C?FPMUL)
  C:\KEIL_V5\C51\LIB\C51FPL.LIB (?C?FPDIV)
  C:\KEIL_V5\C51\LIB\C51FPL.LIB (?C?FPCMP)
  C:\KEIL_V5\C51\LIB\C51FPL.LIB (?C?FPNEG)
  C:\KEIL_V5\C51\LIB\C51FPL.LIB (?C?FCAST)
  C:\KEIL_V5\C51\LIB\C51FPL.LIB (?C?CASTF)
  C:\KEIL_V5\C51\LIB\C51FPL.LIB (PRINTF)
  C:\KEIL_V5\C51\LIB\C51FPL.LIB (FABS)
  C:\KEIL_V5\C51\LIB\C51FPL.LIB (ATAN2)
  C:\KEIL_V5\C51\LIB\C51FPL.LIB (SIN)
  C:\KEIL_V5\C51\LIB\C51FPL.LIB (ACOS)
  C:\KEIL_V5\C51\LIB\C51FPL.LIB (ASIN)
  C:\KEIL_V5\C51\LIB\C51FPL.LIB (POW)
  C:\KEIL_V5\C51\LIB\C51FPL.LIB (?C?FPGETOPN)
  C:\KEIL_V5\C51\LIB\C51FPL.LIB (?C?CHKFLOAT)
  C:\KEIL_V5\C51\LIB\C51FPL.LIB (?C?FPROUND)
  C:\KEIL_V5\C51\LIB\C51FPL.LIB (?C?FPCONVERT)
  C:\KEIL_V5\C51\LIB\C51FPL.LIB (?C?FPSERIES)
  C:\KEIL_V5\C51\LIB\C51FPL.LIB (EXP)
  C:\KEIL_V5\C51\LIB\C51FPL.LIB (LOG)
  C:\KEIL_V5\C51\LIB\C51FPL.LIB (SQRT)
  C:\KEIL_V5\C51\LIB\C51FPL.LIB (ATAN)
  C:\KEIL_V5\C51\LIB\C51FPL.LIB (?C?FTNPWR)
  C:\KEIL_V5\C51\LIB\C51L.LIB (?C_INIT)
  C:\KEIL_V5\C51\LIB\C51L.LIB (?C?COPY)
  C:\KEIL_V5\C51\LIB\C51L.LIB (?C?CLDPTR)
  C:\KEIL_V5\C51\LIB\C51L.LIB (?C?CLDOPTR)
  C:\KEIL_V5\C51\LIB\C51L.LIB (?C?CSTPTR)
  C:\KEIL_V5\C51\LIB\C51L.LIB (?C?IMUL)
  C:\KEIL_V5\C51\LIB\C51L.LIB (?C?UIDIV)
  C:\KEIL_V5\C51\LIB\C51L.LIB (?C?SIDIV)
  C:\KEIL_V5\C51\LIB\C51L.LIB (?C?ILDIX)
  C:\KEIL_V5\C51\LIB\C51L.LIB (?C?ILDOPTR)
BL51 BANKED LINKER/LOCATER V6.22                                                      08/08/2019  13:33:47  PAGE 2


  C:\KEIL_V5\C51\LIB\C51L.LIB (?C?ISTPTR)
  C:\KEIL_V5\C51\LIB\C51L.LIB (?C?LMUL)
  C:\KEIL_V5\C51\LIB\C51L.LIB (?C?SLDIV)
  C:\KEIL_V5\C51\LIB\C51L.LIB (?C?LNEG)
  C:\KEIL_V5\C51\LIB\C51L.LIB (?C?ULCMP)
  C:\KEIL_V5\C51\LIB\C51L.LIB (?C?LSHL)
  C:\KEIL_V5\C51\LIB\C51L.LIB (?C?LLDPTR)
  C:\KEIL_V5\C51\LIB\C51L.LIB (?C?LLDOPTR)
  C:\KEIL_V5\C51\LIB\C51L.LIB (?C?LSTPTR)
  C:\KEIL_V5\C51\LIB\C51L.LIB (?C?LSTOPTR)
  C:\KEIL_V5\C51\LIB\C51L.LIB (?C?LLDXDATA)
  C:\KEIL_V5\C51\LIB\C51L.LIB (?C?LLDCODE)
  C:\KEIL_V5\C51\LIB\C51L.LIB (?C?LLDXDATA0)
  C:\KEIL_V5\C51\LIB\C51L.LIB (?C?LLDCODE0)
  C:\KEIL_V5\C51\LIB\C51L.LIB (?C?LLDPTR0)
  C:\KEIL_V5\C51\LIB\C51L.LIB (?C?LSTXDATA)
  C:\KEIL_V5\C51\LIB\C51L.LIB (?C?LSTKXDATA)
  C:\KEIL_V5\C51\LIB\C51L.LIB (?C?LSTKPTR)
  C:\KEIL_V5\C51\LIB\C51L.LIB (?C?OFFXADD)
  C:\KEIL_V5\C51\LIB\C51L.LIB (?C?PLDIXDATA)
  C:\KEIL_V5\C51\LIB\C51L.LIB (?C?PSTXDATA)
  C:\KEIL_V5\C51\LIB\C51L.LIB (?C?CCASE)
  C:\KEIL_V5\C51\LIB\C51L.LIB (PUTCHAR)
  C:\KEIL_V5\C51\LIB\C51L.LIB (ABS)
  C:\KEIL_V5\C51\LIB\C51L.LIB (ATOI)
  C:\KEIL_V5\C51\LIB\C51L.LIB (?C?IILDX)
  C:\KEIL_V5\C51\LIB\C51L.LIB (?C?ULDIV)
  C:\KEIL_V5\C51\LIB\C51L.LIB (?C?LLDIDATA)
  C:\KEIL_V5\C51\LIB\C51L.LIB (?C?LLDPDATA)
  C:\KEIL_V5\C51\LIB\C51L.LIB (?C?LLDIDATA0)
  C:\KEIL_V5\C51\LIB\C51L.LIB (?C?LLDPDATA0)
  C:\KEIL_V5\C51\LIB\C51L.LIB (?C?LSTIDATA)
  C:\KEIL_V5\C51\LIB\C51L.LIB (?C?LSTPDATA)
  C:\KEIL_V5\C51\LIB\C51L.LIB (?C?LSTKIDATA)
  C:\KEIL_V5\C51\LIB\C51L.LIB (?C?LSTKPDATA)
  C:\KEIL_V5\C51\LIB\C51L.LIB (ISDIGIT)
  C:\KEIL_V5\C51\LIB\C51L.LIB (ISSPACE)


LINK MAP OF MODULE:  .\Obj\GPIO_RTC_Test (MAIN)


            TYPE    BASE      LENGTH    RELOCATION   SEGMENT NAME
            -----------------------------------------------------

            * * * * * * *   D A T A   M E M O R Y   * * * * * * *
            REG     0000H     0008H     ABSOLUTE     "REG BANK 0"
            DATA    0008H     0005H     UNIT         _DATA_GROUP_
                    000DH     0013H                  *** GAP ***
            BIT     0020H.0   0001H.2   UNIT         _BIT_GROUP_
            BIT     0021H.2   0000H.1   UNIT         ?BI?MAIN
            BIT     0021H.3   0000H.1   UNIT         ?BI?_ATOI?ATOI
                    0021H.4   0000H.4                *** GAP ***
            IDATA   0022H     0001H     UNIT         ?STACK

            * * * * * * *  X D A T A   M E M O R Y  * * * * * * *
            XDATA   0000H     03BCH     UNIT         ?XD?BIPOLARMOTOR
BL51 BANKED LINKER/LOCATER V6.22                                                      08/08/2019  13:33:47  PAGE 3


            XDATA   03BCH     015DH     UNIT         _XDATA_GROUP_
            XDATA   0519H     011DH     UNIT         ?XD?MAIN
            XDATA   0636H     0019H     UNIT         ?XD?KEYPAD
            XDATA   064FH     0005H     UNIT         ?XD?_ATOI?ATOI
            XDATA   0654H     0001H     UNIT         ?XD?UC_ACK?IOEXPANDER_PI4IOE5V96248
            XDATA   0655H     0001H     UNIT         ?XD?UC_NACK?IOEXPANDER_PI4IOE5V96248

            * * * * * * *   C O D E   M E M O R Y   * * * * * * *
            CODE    0000H     0003H     ABSOLUTE     
            CODE    0003H     0003H     ABSOLUTE     
            CODE    0006H     0005H     UNIT         ?PR?_UNIT?UART1
            CODE    000BH     0003H     ABSOLUTE     
            CODE    000EH     000DH     UNIT         ?PR?UART?MAIN
            CODE    001BH     0003H     ABSOLUTE     
            CODE    001EH     0005H     UNIT         ?PR?_ASCII_LETTER?UART1
            CODE    0023H     0003H     ABSOLUTE     
            CODE    0026H     1DEBH     UNIT         ?PR?MAIN?MAIN
            CODE    1E11H     0BC8H     UNIT         ?C?LIB_CODE
            CODE    29D9H     07A2H     UNIT         ?PR?SUNPOS?SUNPOS
            CODE    317BH     06F4H     UNIT         ?PR?_FIND_REAL_MAX?CALIBRATION
            CODE    386FH     0631H     UNIT         ?PR?_UPDATE_POSITION?BIPOLARMOTOR
            CODE    3EA0H     04FBH     UNIT         ?PR?_THEORICALJP_POSITION?BIPOLARMOTOR
            CODE    439BH     0483H     UNIT         ?PR?PRINTF?PRINTF
            CODE    481EH     041AH     UNIT         ?C_INITSEG
            CODE    4C38H     038CH     UNIT         ?PR?KEY_PROCESS?KEYPAD
            CODE    4FC4H     0380H     UNIT         ?PR?_ELEVATION_CALCULATION?BIPOLARMOTOR
            CODE    5344H     01C7H     UNIT         ?PR?_CALIBRATION?CALIBRATION
            CODE    550BH     018DH     UNIT         ?PR?KEY_SCAN?KEYPAD
            CODE    5698H     0189H     UNIT         ?PR?SPI_NOR_WRITE_DATA?AT25SF041
            CODE    5821H     0188H     UNIT         ?PR?SIN?SIN
            CODE    59A9H     0166H     UNIT         ?PR?_POW?POW
            CODE    5B0FH     0155H     UNIT         ?PR?_DISPLAY_POS?LCD_DRIVER_SPLC780D
            CODE    5C64H     0129H     UNIT         ?PR?LOG?LOG
            CODE    5D8DH     0122H     UNIT         ?PR?ATAN?ATAN
            CODE    5EAFH     0110H     UNIT         ?PR?_AT25SF041_READ?AT25SF041
            CODE    5FBFH     0102H     UNIT         ?PR?_AT25SF041_WRITE?AT25SF041
            CODE    60C1H     00F5H     UNIT         ?PR?EXINT0?MAIN
            CODE    61B6H     00DBH     UNIT         ?PR?_ATOI?ATOI
            CODE    6291H     00C3H     UNIT         ?PR?LINEAR_INTERPOLATE?BIPOLARMOTOR
            CODE    6354H     00BBH     UNIT         ?PR?VOLTAGE_IS_STABLE?CALIBRATION
            CODE    640FH     00ADH     UNIT         ?PR?_WRITE_PI4IOE5V96248?IOEXPANDER_PI4IOE5V96248
            CODE    64BCH     00ACH     UNIT         ?PR?SQRT?SQRT
            CODE    6568H     00A1H     UNIT         ?PR?UCREAD_STATUS_REGISTER_BYTE1?AT25SF041
            CODE    6609H     009DH     UNIT         ?PR?_ATAN2?ATAN2
            CODE    66A6H     009CH     UNIT         ?PR?_MAX_VALUE?CALIBRATION
            CODE    6742H     009AH     UNIT         ?PR?EXP?EXP
            CODE    67DCH     008CH     UNIT         ?C_C51STARTUP
            CODE    6868H     0088H     UNIT         ?PR?_DAY_OF_YEAR?PCF85063BTL
            CODE    68F0H     0079H     UNIT         ?PR?_WRITEDATA?LCD_DRIVER_SPLC780D
            CODE    6969H     0072H     UNIT         ?PR?AT25SF041_WRITEENABLE?AT25SF041
            CODE    69DBH     006FH     UNIT         ?PR?_READ_TIME?PCF85063BTL
            CODE    6A4AH     005AH     UNIT         ?PR?AT25SF041_CHIPERASE?AT25SF041
            CODE    6AA4H     0059H     UNIT         ?PR?LCD_INIT?LCD_DRIVER_SPLC780D
            CODE    6AFDH     0056H     UNIT         ?CO?MAIN
            CODE    6B53H     004BH     UNIT         ?CO?UART1
            CODE    6B9EH     004AH     UNIT         ?PR?VONESTEPMOVE?BIPOLARMOTOR
            CODE    6BE8H     004AH     UNIT         ?PR?ACOS?ACOS
BL51 BANKED LINKER/LOCATER V6.22                                                      08/08/2019  13:33:47  PAGE 4


            CODE    6C32H     0044H     UNIT         ?C?LDIV
            CODE    6C76H     0040H     UNIT         ?PR?_COMMAND?LCD_DRIVER_SPLC780D
            CODE    6CB6H     0040H     UNIT         ?PR?_STEP_MOVE?BIPOLARMOTOR
            CODE    6CF6H     003BH     UNIT         ?PR?ASIN?ASIN
            CODE    6D31H     0033H     UNIT         ?PR?_SENDSTRING?UART1
            CODE    6D64H     0031H     UNIT         ?PR?SI1120_CONFIG_MODE_VIRH?SI1120
            CODE    6D95H     002BH     UNIT         ?PR?_WAIT_MS_I2C?IOEXPANDER_PI4IOE5V96248
            CODE    6DC0H     002BH     UNIT         ?PR?_WAIT_MS_SPINOR?AT25SF041
            CODE    6DEBH     002AH     UNIT         ?PR?_ADC_GETRESULT?ADC
            CODE    6E15H     0028H     UNIT         ?PR?_MOVE?BIPOLARMOTOR
            CODE    6E3DH     0028H     UNIT         ?CO?CALIBRATION
            CODE    6E65H     0027H     UNIT         ?PR?_I2C_SENDBYTE?IOEXPANDER_PI4IOE5V96248
            CODE    6E8CH     0027H     UNIT         ?PR?PUTCHAR?PUTCHAR
            CODE    6EB3H     0025H     UNIT         ?PR?_FINDCLOSESTSAMEDAYCALIBTIME?CALIBRATION
            CODE    6ED8H     0024H     UNIT         ?PR?_WAIT_MS?LCD_DRIVER_SPLC780D
            CODE    6EFCH     0024H     UNIT         ?PR?_UART1_SENDTOTCPSERVER?UART1
            CODE    6F20H     0021H     UNIT         ?PR?TM0_ISR?MAIN
            CODE    6F41H     0020H     UNIT         ?PR?_SPI_SENDBYTE?PCF85063BTL
            CODE    6F61H     0020H     UNIT         ?PR?SPI_RECEIVEBYTE?PCF85063BTL
            CODE    6F81H     001EH     UNIT         ?PR?_DELAY_MS?KEYPAD
            CODE    6F9FH     001DH     UNIT         ?PR?_DISPLAYLCD?LCD_DRIVER_SPLC780D
            CODE    6FBCH     001BH     UNIT         ?PR?_BCDTODEC1?BIPOLARMOTOR
            CODE    6FD7H     001AH     UNIT         ?PR?ADC_INIT?ADC
            CODE    6FF1H     0018H     UNIT         ?PR?_SPI_WRITETIME?PCF85063BTL
            CODE    7009H     0017H     UNIT         ?PR?_ASCIITOBCD?UART1
            CODE    7020H     0016H     UNIT         ?PR?I2C_ACK?IOEXPANDER_PI4IOE5V96248
            CODE    7036H     0015H     UNIT         ?PR?_DISPLAY_LINE?LCD_DRIVER_SPLC780D
            CODE    704BH     0015H     UNIT         ?PR?VSETLOCATION?BIPOLARMOTOR
            CODE    7060H     0015H     UNIT         ?PR?I2C_STOP?IOEXPANDER_PI4IOE5V96248
            CODE    7075H     0014H     UNIT         ?PR?_PCF85063BTL_DELAY?PCF85063BTL
            CODE    7089H     0014H     UNIT         ?PR?_ISSPACE?ISSPACE
            CODE    709DH     0011H     UNIT         ?PR?_SPI_READTIME?PCF85063BTL
            CODE    70AEH     0011H     UNIT         ?PR?_BCDTODEC?PCF85063BTL
            CODE    70BFH     0011H     UNIT         ?PR?INITUART1?UART1
            CODE    70D0H     000FH     UNIT         ?PR?I2C_START?IOEXPANDER_PI4IOE5V96248
            CODE    70DFH     000FH     UNIT         ?PR?UC_NACK?IOEXPANDER_PI4IOE5V96248
            CODE    70EEH     000FH     UNIT         ?PR?_ISDIGIT?ISDIGIT
            CODE    70FDH     000DH     UNIT         ?PR?SPI_INIT?PCF85063BTL
            CODE    710AH     000DH     UNIT         ?PR?ENABLE_EXTINT0?SI1120
            CODE    7117H     000DH     UNIT         ?PR?_FABS?FABS
            CODE    7124H     000CH     UNIT         ?PR?KEYPAD_IO_INIT?KEYPAD
            CODE    7130H     000CH     UNIT         ?PR?_ABS?ABS
            CODE    713CH     000AH     UNIT         ?PR?LCD_RETURN_HOME?LCD_DRIVER_SPLC780D
            CODE    7146H     000AH     UNIT         ?PR?LCD_CLEAR?LCD_DRIVER_SPLC780D
            CODE    7150H     0009H     UNIT         ?PR?TM1_ISR?MAIN
            CODE    7159H     0009H     UNIT         ?PR?_SENDUART1?MAIN
            CODE    7162H     0009H     UNIT         ?PR?UART1_INITTCPCONN?UART1
            CODE    716BH     0006H     UNIT         ?PR?UC_ACK?IOEXPANDER_PI4IOE5V96248
            CODE    7171H     0006H     UNIT         ?PR?_TEN?UART1
            CODE    7177H     0001H     UNIT         ?PR?NOP?IOEXPANDER_PI4IOE5V96248
            CODE    7178H     0001H     UNIT         ?PR?_DECTOBCD?UART1



OVERLAY MAP OF MODULE:   .\Obj\GPIO_RTC_Test (MAIN)


BL51 BANKED LINKER/LOCATER V6.22                                                      08/08/2019  13:33:47  PAGE 5


SEGMENT                                             BIT_GROUP          DATA_GROUP          XDATA_GROUP
  +--> CALLED SEGMENT                            START    LENGTH     START    LENGTH     START    LENGTH
--------------------------------------------------------------------------------------------------------
?PR?EXINT0?MAIN                                  -----    -----      -----    -----      -----    -----
  +--> ?PR?_POW?POW

?PR?_POW?POW                                     -----    -----      -----    -----      03BCH    000AH
  +--> ?PR?LOG?LOG
  +--> ?PR?EXP?EXP

?PR?LOG?LOG                                      0020H.0  0000H.1    -----    -----      03C6H    0004H

*** NEW ROOT ***************************************************

?C_C51STARTUP                                    -----    -----      -----    -----      -----    -----
  +--> ?PR?MAIN?MAIN
  +--> ?C_INITSEG

?PR?MAIN?MAIN                                    -----    -----      -----    -----      03CAH    002EH
  +--> ?PR?LCD_INIT?LCD_DRIVER_SPLC780D
  +--> ?PR?SPI_INIT?PCF85063BTL
  +--> ?PR?KEYPAD_IO_INIT?KEYPAD
  +--> ?PR?ADC_INIT?ADC
  +--> ?PR?SI1120_CONFIG_MODE_VIRH?SI1120
  +--> ?PR?ENABLE_EXTINT0?SI1120
  +--> ?PR?VSETLOCATION?BIPOLARMOTOR
  +--> ?PR?_SPI_WRITETIME?PCF85063BTL
  +--> ?PR?_DELAY_MS?KEYPAD
  +--> ?PR?_DISPLAY_LINE?LCD_DRIVER_SPLC780D
  +--> ?PR?_WRITEDATA?LCD_DRIVER_SPLC780D
  +--> ?PR?INITUART1?UART1
  +--> ?PR?UART1_INITTCPCONN?UART1
  +--> ?CO?MAIN
  +--> ?PR?_UART1_SENDTOTCPSERVER?UART1
  +--> ?PR?KEY_PROCESS?KEYPAD
  +--> ?PR?_COMMAND?LCD_DRIVER_SPLC780D
  +--> ?PR?_DISPLAY_POS?LCD_DRIVER_SPLC780D
  +--> ?PR?_DISPLAYLCD?LCD_DRIVER_SPLC780D
  +--> ?PR?_STEP_MOVE?BIPOLARMOTOR
  +--> ?PR?LCD_RETURN_HOME?LCD_DRIVER_SPLC780D
  +--> ?PR?_READ_TIME?PCF85063BTL
  +--> ?PR?_BCDTODEC1?BIPOLARMOTOR
  +--> ?PR?_SENDSTRING?UART1
  +--> ?PR?_ELEVATION_CALCULATION?BIPOLARMOTOR
  +--> ?PR?PRINTF?PRINTF
  +--> ?PR?_CALIBRATION?CALIBRATION
  +--> ?PR?_UPDATE_POSITION?BIPOLARMOTOR
  +--> ?PR?_AT25SF041_READ?AT25SF041
  +--> ?PR?_WAIT_MS_SPINOR?AT25SF041
  +--> ?PR?AT25SF041_WRITEENABLE?AT25SF041
  +--> ?PR?_AT25SF041_WRITE?AT25SF041
  +--> ?PR?SPI_NOR_WRITE_DATA?AT25SF041
  +--> ?PR?_WAIT_MS?LCD_DRIVER_SPLC780D
  +--> ?PR?LINEAR_INTERPOLATE?BIPOLARMOTOR
  +--> ?PR?_FINDCLOSESTSAMEDAYCALIBTIME?CALI...
  +--> ?PR?_ADC_GETRESULT?ADC
  +--> ?PR?_FABS?FABS
BL51 BANKED LINKER/LOCATER V6.22                                                      08/08/2019  13:33:47  PAGE 6


  +--> ?PR?LCD_CLEAR?LCD_DRIVER_SPLC780D
  +--> ?PR?AT25SF041_CHIPERASE?AT25SF041

?PR?LCD_INIT?LCD_DRIVER_SPLC780D                 -----    -----      -----    -----      -----    -----
  +--> ?PR?_WAIT_MS?LCD_DRIVER_SPLC780D
  +--> ?PR?_COMMAND?LCD_DRIVER_SPLC780D

?PR?_COMMAND?LCD_DRIVER_SPLC780D                 -----    -----      -----    -----      -----    -----
  +--> ?PR?_WAIT_MS?LCD_DRIVER_SPLC780D

?PR?SI1120_CONFIG_MODE_VIRH?SI1120               -----    -----      -----    -----      -----    -----
  +--> ?PR?_WAIT_MS?LCD_DRIVER_SPLC780D

?PR?_SPI_WRITETIME?PCF85063BTL                   -----    -----      -----    -----      -----    -----
  +--> ?PR?_SPI_SENDBYTE?PCF85063BTL

?PR?_SPI_SENDBYTE?PCF85063BTL                    -----    -----      -----    -----      -----    -----
  +--> ?PR?_PCF85063BTL_DELAY?PCF85063BTL

?PR?_DISPLAY_LINE?LCD_DRIVER_SPLC780D            -----    -----      -----    -----      -----    -----
  +--> ?PR?_COMMAND?LCD_DRIVER_SPLC780D

?PR?_WRITEDATA?LCD_DRIVER_SPLC780D               -----    -----      -----    -----      04F4H    0001H
  +--> ?PR?_WAIT_MS?LCD_DRIVER_SPLC780D

?PR?UART1_INITTCPCONN?UART1                      -----    -----      -----    -----      -----    -----
  +--> ?CO?UART1
  +--> ?PR?_SENDSTRING?UART1

?PR?_SENDSTRING?UART1                            -----    -----      -----    -----      04E9H    0003H
  +--> ?PR?_SENDUART1?MAIN

?PR?_UART1_SENDTOTCPSERVER?UART1                 -----    -----      -----    -----      03F8H    0003H
  +--> ?CO?UART1
  +--> ?PR?_SENDSTRING?UART1
  +--> ?PR?_DELAY_MS?KEYPAD

?PR?KEY_PROCESS?KEYPAD                           -----    -----      -----    -----      03F8H    0006H
  +--> ?PR?KEY_SCAN?KEYPAD
  +--> ?PR?_SPI_WRITETIME?PCF85063BTL
  +--> ?PR?LCD_CLEAR?LCD_DRIVER_SPLC780D
  +--> ?PR?_COMMAND?LCD_DRIVER_SPLC780D
  +--> ?PR?_WRITEDATA?LCD_DRIVER_SPLC780D

?PR?KEY_SCAN?KEYPAD                              -----    -----      -----    -----      03FEH    0003H

?PR?LCD_CLEAR?LCD_DRIVER_SPLC780D                -----    -----      -----    -----      -----    -----
  +--> ?PR?_COMMAND?LCD_DRIVER_SPLC780D

?PR?_DISPLAY_POS?LCD_DRIVER_SPLC780D             -----    -----      -----    -----      04E9H    000BH
  +--> ?PR?_ABS?ABS
  +--> ?PR?_WRITEDATA?LCD_DRIVER_SPLC780D

?PR?_DISPLAYLCD?LCD_DRIVER_SPLC780D              -----    -----      -----    -----      03F8H    0001H
  +--> ?PR?_WRITEDATA?LCD_DRIVER_SPLC780D

?PR?_STEP_MOVE?BIPOLARMOTOR                      0020H.2  0000H.1    -----    -----      04EDH    0004H
BL51 BANKED LINKER/LOCATER V6.22                                                      08/08/2019  13:33:47  PAGE 7


  +--> ?PR?VONESTEPMOVE?BIPOLARMOTOR

?PR?VONESTEPMOVE?BIPOLARMOTOR                    0020H.3  0000H.1    -----    -----      -----    -----
  +--> ?PR?_WRITE_PI4IOE5V96248?IOEXPANDER_P...
  +--> ?PR?_DELAY_MS?KEYPAD

?PR?_WRITE_PI4IOE5V96248?IOEXPANDER_P...         -----    -----      -----    -----      04F1H    0003H
  +--> ?PR?I2C_START?IOEXPANDER_PI4IOE5V96248
  +--> ?PR?_WAIT_MS_I2C?IOEXPANDER_PI4IOE5V9...
  +--> ?PR?_I2C_SENDBYTE?IOEXPANDER_PI4IOE5V...
  +--> ?PR?I2C_ACK?IOEXPANDER_PI4IOE5V96248
  +--> ?PR?I2C_STOP?IOEXPANDER_PI4IOE5V96248

?PR?I2C_START?IOEXPANDER_PI4IOE5V96248           -----    -----      -----    -----      -----    -----
  +--> ?PR?_WAIT_MS_I2C?IOEXPANDER_PI4IOE5V9...

?PR?_I2C_SENDBYTE?IOEXPANDER_PI4IOE5V...         -----    -----      -----    -----      -----    -----
  +--> ?PR?_WAIT_MS_I2C?IOEXPANDER_PI4IOE5V9...

?PR?I2C_ACK?IOEXPANDER_PI4IOE5V96248             -----    -----      -----    -----      04F4H    0001H
  +--> ?PR?_WAIT_MS_I2C?IOEXPANDER_PI4IOE5V9...

?PR?I2C_STOP?IOEXPANDER_PI4IOE5V96248            -----    -----      -----    -----      -----    -----
  +--> ?PR?_WAIT_MS_I2C?IOEXPANDER_PI4IOE5V9...

?PR?LCD_RETURN_HOME?LCD_DRIVER_SPLC780D          -----    -----      -----    -----      -----    -----
  +--> ?PR?_COMMAND?LCD_DRIVER_SPLC780D

?PR?_READ_TIME?PCF85063BTL                       -----    -----      -----    -----      04E9H    000FH
  +--> ?PR?_SPI_READTIME?PCF85063BTL

?PR?_SPI_READTIME?PCF85063BTL                    -----    -----      -----    -----      -----    -----
  +--> ?PR?_SPI_SENDBYTE?PCF85063BTL
  +--> ?PR?SPI_RECEIVEBYTE?PCF85063BTL

?PR?SPI_RECEIVEBYTE?PCF85063BTL                  -----    -----      -----    -----      -----    -----
  +--> ?PR?_PCF85063BTL_DELAY?PCF85063BTL

?PR?_ELEVATION_CALCULATION?BIPOLARMOTOR          -----    -----      -----    -----      03F8H    0005H
  +--> ?PR?_BCDTODEC1?BIPOLARMOTOR
  +--> ?PR?SUNPOS?SUNPOS
  +--> ?PR?SIN?SIN
  +--> ?PR?ASIN?ASIN

?PR?SUNPOS?SUNPOS                                -----    -----      -----    -----      0442H    005DH
  +--> ?PR?SIN?SIN
  +--> ?PR?_ATAN2?ATAN2
  +--> ?PR?ASIN?ASIN
  +--> ?PR?ACOS?ACOS

?PR?SIN?SIN                                      0020H.1  0000H.1    -----    -----      049FH    0004H

?PR?_ATAN2?ATAN2                                 -----    -----      -----    -----      049FH    0008H
  +--> ?PR?ATAN?ATAN

?PR?ATAN?ATAN                                    0020H.1  0000H.2    -----    -----      04A7H    0004H

BL51 BANKED LINKER/LOCATER V6.22                                                      08/08/2019  13:33:47  PAGE 8


?PR?ASIN?ASIN                                    -----    -----      -----    -----      -----    -----
  +--> ?PR?SQRT?SQRT
  +--> ?PR?ATAN?ATAN

?PR?SQRT?SQRT                                    -----    -----      -----    -----      049FH    0004H

?PR?ACOS?ACOS                                    -----    -----      -----    -----      -----    -----
  +--> ?PR?SQRT?SQRT
  +--> ?PR?ATAN?ATAN

?PR?PRINTF?PRINTF                                0020H.1  0001H.1    0008H    0005H      04E9H    0030H
  +--> ?PR?PUTCHAR?PUTCHAR

?PR?_CALIBRATION?CALIBRATION                     -----    -----      -----    -----      03F8H    0024H
  +--> ?PR?VOLTAGE_IS_STABLE?CALIBRATION
  +--> ?PR?_UPDATE_POSITION?BIPOLARMOTOR
  +--> ?PR?_FIND_REAL_MAX?CALIBRATION

?PR?VOLTAGE_IS_STABLE?CALIBRATION                -----    -----      -----    -----      041CH    0018H
  +--> ?PR?_ADC_GETRESULT?ADC
  +--> ?PR?_ABS?ABS

?PR?_UPDATE_POSITION?BIPOLARMOTOR                -----    -----      -----    -----      041CH    0026H
  +--> ?PR?_BCDTODEC1?BIPOLARMOTOR
  +--> ?PR?SUNPOS?SUNPOS
  +--> ?PR?SIN?SIN
  +--> ?PR?ASIN?ASIN
  +--> ?PR?_THEORICALJP_POSITION?BIPOLARMOTOR
  +--> ?PR?_FABS?FABS
  +--> ?PR?_MOVE?BIPOLARMOTOR

?PR?_THEORICALJP_POSITION?BIPOLARMOTOR           -----    -----      -----    -----      0442H    005CH
  +--> ?PR?LINEAR_INTERPOLATE?BIPOLARMOTOR

?PR?LINEAR_INTERPOLATE?BIPOLARMOTOR              -----    -----      -----    -----      049EH    0014H

?PR?_MOVE?BIPOLARMOTOR                           0020H.1  0000H.1    -----    -----      04E9H    0004H
  +--> ?PR?_STEP_MOVE?BIPOLARMOTOR

?PR?_FIND_REAL_MAX?CALIBRATION                   -----    -----      -----    -----      041CH    00CDH
  +--> ?PR?_ADC_GETRESULT?ADC
  +--> ?PR?_WAIT_MS?LCD_DRIVER_SPLC780D
  +--> ?CO?CALIBRATION
  +--> ?PR?PRINTF?PRINTF
  +--> ?PR?_SENDSTRING?UART1
  +--> ?PR?_COMMAND?LCD_DRIVER_SPLC780D
  +--> ?PR?_WRITEDATA?LCD_DRIVER_SPLC780D
  +--> ?PR?_DISPLAY_POS?LCD_DRIVER_SPLC780D
  +--> ?PR?_MOVE?BIPOLARMOTOR
  +--> ?PR?_READ_TIME?PCF85063BTL
  +--> ?PR?_BCDTODEC1?BIPOLARMOTOR
  +--> ?PR?_MAX_VALUE?CALIBRATION

?PR?_MAX_VALUE?CALIBRATION                       -----    -----      -----    -----      04E9H    0004H

?PR?_AT25SF041_READ?AT25SF041                    -----    -----      -----    -----      03F8H    0008H
  +--> ?PR?_WAIT_MS_SPINOR?AT25SF041
BL51 BANKED LINKER/LOCATER V6.22                                                      08/08/2019  13:33:47  PAGE 9


  +--> ?PR?UCREAD_STATUS_REGISTER_BYTE1?AT25...

?PR?UCREAD_STATUS_REGISTER_BYTE1?AT25...         -----    -----      -----    -----      040EH    0003H
  +--> ?PR?_WAIT_MS_SPINOR?AT25SF041

?PR?AT25SF041_WRITEENABLE?AT25SF041              -----    -----      -----    -----      0406H    0002H
  +--> ?PR?_WAIT_MS_SPINOR?AT25SF041
  +--> ?PR?UCREAD_STATUS_REGISTER_BYTE1?AT25...

?PR?_AT25SF041_WRITE?AT25SF041                   -----    -----      -----    -----      0406H    0008H
  +--> ?PR?_WAIT_MS_SPINOR?AT25SF041
  +--> ?PR?UCREAD_STATUS_REGISTER_BYTE1?AT25...

?PR?SPI_NOR_WRITE_DATA?AT25SF041                 -----    -----      -----    -----      03F8H    000EH
  +--> ?PR?AT25SF041_WRITEENABLE?AT25SF041
  +--> ?PR?_AT25SF041_WRITE?AT25SF041
  +--> ?PR?_WAIT_MS_SPINOR?AT25SF041

?PR?AT25SF041_CHIPERASE?AT25SF041                -----    -----      -----    -----      03F8H    0002H
  +--> ?PR?_WAIT_MS_SPINOR?AT25SF041
  +--> ?PR?UCREAD_STATUS_REGISTER_BYTE1?AT25...



SYMBOL TABLE OF MODULE:  .\Obj\GPIO_RTC_Test (MAIN)

  VALUE           TYPE          NAME
  ----------------------------------

  -------         MODULE        MAIN
  C:0000H         SYMBOL        _ICE_DUMMY_
  X:0521H         PUBLIC        calib_value
  D:0080H         PUBLIC        P0
  D:0090H         PUBLIC        P1
  D:00A0H         PUBLIC        P2
  D:00B0H         PUBLIC        P3
  D:00C0H         PUBLIC        P4
  D:00C8H         PUBLIC        P5
  X:0575H         SYMBOL        PressedKey
  B:00A8H.7       PUBLIC        EA
  D:00E8H         PUBLIC        P6
  X:0579H         PUBLIC        calib_stamp
  D:00F8H         PUBLIC        P7
  X:057AH         PUBLIC        sTempString
  X:0583H         PUBLIC        calib_bool
  X:05ADH         PUBLIC        pwm_time_min
  D:00A8H         PUBLIC        IE
  X:05B1H         PUBLIC        calib_time
  X:0605H         PUBLIC        pwm_time_max
  B:0090H.7       PUBLIC        Connect_Electronics_Load
  D:00B8H         PUBLIC        IP
  B:0098H.0       PUBLIC        RI
  B:00B0H.2       PUBLIC        INT0
  X:0609H         PUBLIC        months
  B:0098H.1       PUBLIC        TI
  C:000EH         PUBLIC        Uart
  D:00D8H         PUBLIC        CCON
BL51 BANKED LINKER/LOCATER V6.22                                                      08/08/2019  13:33:47  PAGE 10


  C:0026H         PUBLIC        main
  X:060AH         PUBLIC        found_1st_point
  X:060CH         PUBLIC        i_point1
  X:060EH         PUBLIC        i_point2
  X:0610H         PUBLIC        count
  B:0090H.2       PUBLIC        Connect_IV_Load
  D:0099H         PUBLIC        SBUF
  X:0612H         PUBLIC        days
  X:0613H         PUBLIC        hours
  D:0098H         PUBLIC        SCON
  D:0089H         PUBLIC        TMOD
  D:0088H         PUBLIC        TCON
  B:00A0H.3       PUBLIC        P23
  X:0614H         SYMBOL        KeyCount
  X:0616H         PUBLIC        mins
  B:00C8H.5       PUBLIC        P55
  X:0617H         PUBLIC        diff_of_offset
  D:008EH         PUBLIC        AUXR
  C:6F20H         PUBLIC        tm0_isr
  B:0090H.5       PUBLIC        SI1120_STX
  C:7150H         PUBLIC        tm1_isr
  B:0021H.2       PUBLIC        busy
  D:00E0H         PUBLIC        ACC
  B:00A8H.1       PUBLIC        ET0
  B:00A8H.3       PUBLIC        ET1
  X:061BH         PUBLIC        SPI_NOR_INTERNAL_FLASH_ADDR
  D:008CH         PUBLIC        TH0
  D:008DH         PUBLIC        TH1
  D:008AH         PUBLIC        TL0
  D:008BH         PUBLIC        TL1
  X:061FH         PUBLIC        ii
  X:0621H         PUBLIC        jj
  B:0088H.4       PUBLIC        TR0
  B:0088H.6       PUBLIC        TR1
  X:0623H         PUBLIC        old_mins
  C:60C1H         PUBLIC        exint0
  X:0624H         SYMBOL        KeyNum
  X:0625H         SYMBOL        KeyNum_Old
  X:0626H         PUBLIC        timer0_count
  X:0628H         PUBLIC        current_position
  X:062CH         PUBLIC        pwm_time
  X:0630H         PUBLIC        i
  X:0632H         PUBLIC        j
  X:0634H         PUBLIC        start_timer0_count
  X:0635H         PUBLIC        seconds
  D:00D0H         PUBLIC        PSW
  C:7159H         PUBLIC        _SendUART1
  -------         PROC          TM0_ISR
  C:6F20H         LINE#         106
  C:6F26H         LINE#         110
  C:6F29H         LINE#         111
  C:6F2CH         LINE#         112
  C:6F3AH         LINE#         113
  -------         ENDPROC       TM0_ISR
  -------         PROC          TM1_ISR
  C:7150H         LINE#         114
  C:7150H         LINE#         116
BL51 BANKED LINKER/LOCATER V6.22                                                      08/08/2019  13:33:47  PAGE 11


  C:7152H         LINE#         118
  C:7155H         LINE#         119
  C:7158H         LINE#         120
  -------         ENDPROC       TM1_ISR
  -------         PROC          EXINT0
  C:60C1H         LINE#         121
  C:60DEH         LINE#         125
  C:60E1H         LINE#         126
  C:60E1H         LINE#         127
  C:60E4H         LINE#         128
  C:60E7H         LINE#         129
  C:60E9H         LINE#         130
  C:60EBH         LINE#         134
  C:60EEH         LINE#         137
  C:60EEH         LINE#         138
  C:60F0H         LINE#         140
  C:60FCH         LINE#         141
  C:6156H         LINE#         142
  C:6194H         LINE#         143
  C:619BH         LINE#         148
  C:619BH         LINE#         150
  -------         ENDPROC       EXINT0
  -------         PROC          MAIN
  -------         DO            
  X:0519H         SYMBOL        KeyCount
  X:051BH         SYMBOL        KeyNum_Old
  X:051CH         SYMBOL        KeyNum
  X:051DH         SYMBOL        PressedKey
  X:03CAH         SYMBOL        prox_flag
  X:03CBH         SYMBOL        iUse_prevday_calib_value
  X:03CDH         SYMBOL        max_ADC_Val_JP
  X:03CFH         SYMBOL        max_ADC_Val
  X:03D1H         SYMBOL        calib_point1
  X:03D9H         SYMBOL        calib_point2
  X:03E1H         SYMBOL        dat_to_store
  X:03ECH         SYMBOL        calib_day
  X:03EEH         SYMBOL        calib_count
  X:03F0H         SYMBOL        theorical_JP_max_pos
  X:03F4H         SYMBOL        elevation
  -------         ENDDO         
  C:0026H         LINE#         152
  C:0026H         LINE#         153
  C:0026H         LINE#         158
  C:002CH         LINE#         159
  C:0031H         LINE#         161
  C:0039H         LINE#         165
  C:003FH         LINE#         166
  C:0049H         LINE#         177
  C:0051H         LINE#         178
  C:0058H         LINE#         179
  C:005EH         LINE#         181
  C:0064H         LINE#         193
  C:0067H         LINE#         194
  C:006AH         LINE#         195
  C:006DH         LINE#         197
  C:0070H         LINE#         200
  C:0073H         LINE#         201
BL51 BANKED LINKER/LOCATER V6.22                                                      08/08/2019  13:33:47  PAGE 12


  C:0076H         LINE#         203
  C:0079H         LINE#         205
  C:007CH         LINE#         206
  C:007FH         LINE#         207
  C:0082H         LINE#         208
  C:0084H         LINE#         209
  C:0086H         LINE#         210
  C:0089H         LINE#         211
  C:008BH         LINE#         212
  C:008DH         LINE#         214
  C:008FH         LINE#         215
  C:0096H         LINE#         216
  C:009DH         LINE#         217
  C:00A4H         LINE#         218
  C:00ABH         LINE#         222
  C:00B2H         LINE#         223
  C:00B7H         LINE#         224
  C:00BCH         LINE#         225
  C:00C1H         LINE#         226
  C:00C6H         LINE#         227
  C:00CBH         LINE#         230
  C:00E4H         LINE#         231
  C:00E4H         LINE#         232
  C:0100H         LINE#         233
  C:0147H         LINE#         234
  C:0158H         LINE#         235
  C:015BH         LINE#         238
  C:0162H         LINE#         241
  C:0165H         LINE#         243
  C:016CH         LINE#         244
  C:0175H         LINE#         247
  C:0175H         LINE#         248
  C:0175H         LINE#         249
  C:0178H         LINE#         259
  C:0178H         LINE#         263
  C:017DH         LINE#         264
  C:0182H         LINE#         266
  C:0187H         LINE#         268
  C:018CH         LINE#         269
  C:0191H         LINE#         272
  C:01A2H         LINE#         274
  C:01A7H         LINE#         275
  C:01ACH         LINE#         277
  C:01B3H         LINE#         278
  C:01BBH         LINE#         279
  C:01C0H         LINE#         280
  C:01C8H         LINE#         281
  C:01CDH         LINE#         282
  C:01D7H         LINE#         283
  C:01DCH         LINE#         284
  C:01E4H         LINE#         286
  C:01ECH         LINE#         287
  C:01F1H         LINE#         288
  C:01FBH         LINE#         289
  C:01FBH         LINE#         290
  C:01FDH         LINE#         291
  C:01FFH         LINE#         292
BL51 BANKED LINKER/LOCATER V6.22                                                      08/08/2019  13:33:47  PAGE 13


  C:0209H         LINE#         293
  C:0209H         LINE#         294
  C:020EH         LINE#         295
  C:020EH         LINE#         307
  C:0222H         LINE#         308
  C:0222H         LINE#         309
  C:0237H         LINE#         310
  C:0246H         LINE#         311
  C:0246H         LINE#         312
  C:0259H         LINE#         313
  C:025BH         LINE#         315
  C:025BH         LINE#         316
  C:0277H         LINE#         317
  C:0277H         LINE#         318
  C:027CH         LINE#         319
  C:027CH         LINE#         320
  C:0290H         LINE#         321
  C:0290H         LINE#         324
  C:02A5H         LINE#         325
  C:02B4H         LINE#         326
  C:02B4H         LINE#         327
  C:02C7H         LINE#         328
  C:02C9H         LINE#         330
  C:02C9H         LINE#         331
  C:02E5H         LINE#         332
  C:02E5H         LINE#         333
  C:02EAH         LINE#         334
  C:02F0H         LINE#         335
  C:02F0H         LINE#         337
  C:0312H         LINE#         338
  C:0312H         LINE#         339
  C:031CH         LINE#         340
  C:0322H         LINE#         341
  C:0329H         LINE#         342
  C:032FH         LINE#         343
  C:0336H         LINE#         344
  C:0336H         LINE#         345
  C:0339H         LINE#         347
  C:0339H         LINE#         352
  C:0341H         LINE#         353
  C:037CH         LINE#         354
  C:039AH         LINE#         355
  C:039AH         LINE#         357
  C:03A3H         LINE#         358
  C:03AAH         LINE#         359
  C:03B3H         LINE#         360
  C:03BAH         LINE#         362
  C:03BAH         LINE#         366
  C:03C7H         LINE#         367
  C:03C7H         LINE#         370
  C:03CEH         LINE#         371
  C:03DFH         LINE#         374
  C:03DFH         LINE#         375
  C:0407H         LINE#         376
  C:0407H         LINE#         377
  C:0429H         LINE#         378
  C:0429H         LINE#         380
BL51 BANKED LINKER/LOCATER V6.22                                                      08/08/2019  13:33:47  PAGE 14


  C:044FH         LINE#         381
  C:04A5H         LINE#         382
  C:04AEH         LINE#         383
  C:04B5H         LINE#         384
  C:04BEH         LINE#         385
  C:04C7H         LINE#         386
  C:04CEH         LINE#         392
  C:04CEH         LINE#         398
  C:04CEH         LINE#         400
  C:054AH         LINE#         401
  C:0563H         LINE#         402
  C:0565H         LINE#         403
  C:0567H         LINE#         405
  C:05F1H         LINE#         410
  C:061FH         LINE#         411
  C:061FH         LINE#         413
  C:0655H         LINE#         414
  C:0678H         LINE#         415
  C:068DH         LINE#         416
  C:0697H         LINE#         418
  C:069AH         LINE#         420
  C:069AH         LINE#         421
  C:06C0H         LINE#         422
  C:06C0H         LINE#         423
  C:06E5H         LINE#         424
  C:074BH         LINE#         425
  C:0771H         LINE#         426
  C:0819H         LINE#         429
  C:0819H         LINE#         431
  C:0820H         LINE#         432
  C:0823H         LINE#         435
  C:0858H         LINE#         436
  C:085FH         LINE#         437
  C:0862H         LINE#         439
  C:089CH         LINE#         440
  C:08B2H         LINE#         442
  C:08CBH         LINE#         444
  C:08D2H         LINE#         445
  C:08D9H         LINE#         446
  C:08DCH         LINE#         448
  C:092DH         LINE#         449
  C:0934H         LINE#         451
  C:093BH         LINE#         452
  C:093EH         LINE#         454
  C:09D9H         LINE#         455
  C:09E0H         LINE#         456
  C:09E0H         LINE#         458
  C:09E2H         LINE#         460
  C:09E2H         LINE#         462
  C:09E2H         LINE#         463
  C:09E2H         LINE#         464
  C:09E2H         LINE#         481
  C:09EAH         LINE#         482
  C:09F2H         LINE#         483
  C:09FAH         LINE#         484
  C:0A02H         LINE#         486
  C:0A16H         LINE#         487
BL51 BANKED LINKER/LOCATER V6.22                                                      08/08/2019  13:33:47  PAGE 15


  C:0A2CH         LINE#         488
  C:0A5CH         LINE#         489
  C:0A7CH         LINE#         491
  C:0A90H         LINE#         492
  C:0AA6H         LINE#         493
  C:0AD6H         LINE#         494
  C:0ADDH         LINE#         496
  C:0B01H         LINE#         499
  C:0B2CH         LINE#         501
  C:0B35H         LINE#         502
  C:0B3CH         LINE#         503
  C:0B45H         LINE#         504
  C:0B4EH         LINE#         505
  C:0B55H         LINE#         507
  C:0B92H         LINE#         509
  C:0B9BH         LINE#         510
  C:0BA2H         LINE#         511
  C:0BABH         LINE#         512
  C:0BB4H         LINE#         513
  C:0BBBH         LINE#         515
  C:0BE6H         LINE#         517
  C:0BEFH         LINE#         518
  C:0BF6H         LINE#         519
  C:0BFFH         LINE#         520
  C:0C08H         LINE#         521
  C:0C0FH         LINE#         523
  C:0C3AH         LINE#         525
  C:0C43H         LINE#         526
  C:0C4AH         LINE#         527
  C:0C53H         LINE#         528
  C:0C5AH         LINE#         529
  C:0C63H         LINE#         530
  C:0C6AH         LINE#         532
  C:0C6CH         LINE#         534
  C:0C7AH         LINE#         535
  C:0C7AH         LINE#         536
  C:0C82H         LINE#         539
  C:0C82H         LINE#         540
  C:0C82H         LINE#         542
  C:0CA7H         LINE#         543
  C:0CA7H         LINE#         544
  C:0CC9H         LINE#         545
  C:0CC9H         LINE#         546
  C:0D45H         LINE#         547
  C:0D47H         LINE#         548
  C:0D49H         LINE#         550
  C:0DA1H         LINE#         553
  C:0DB0H         LINE#         554
  C:0DB0H         LINE#         555
  C:0DB0H         LINE#         556
  C:0DB0H         LINE#         557
  C:0DB0H         LINE#         558
  C:0DB0H         LINE#         559
  C:0DB0H         LINE#         560
  C:0DB0H         LINE#         563
  C:0DB0H         LINE#         565
  C:0DB0H         LINE#         566
BL51 BANKED LINKER/LOCATER V6.22                                                      08/08/2019  13:33:47  PAGE 16


  C:0DB0H         LINE#         567
  C:0DB0H         LINE#         568
  C:0DB0H         LINE#         572
  C:0DB0H         LINE#         574
  C:0DB0H         LINE#         576
  C:0DB0H         LINE#         577
  C:0DB0H         LINE#         578
  C:0DB0H         LINE#         579
  C:0DB0H         LINE#         580
  C:0DB0H         LINE#         581
  C:0DB0H         LINE#         584
  C:0DB0H         LINE#         586
  C:0DB0H         LINE#         587
  C:0DB0H         LINE#         588
  C:0DB0H         LINE#         589
  C:0DB0H         LINE#         590
  C:0DB0H         LINE#         591
  C:0DB0H         LINE#         592
  C:0DB0H         LINE#         594
  C:0DB3H         LINE#         597
  C:0DDAH         LINE#         598
  C:0DDAH         LINE#         601
  C:0DFCH         LINE#         602
  C:0DFCH         LINE#         603
  C:0E78H         LINE#         605
  C:0EA5H         LINE#         608
  C:0EC6H         LINE#         609
  C:0F2DH         LINE#         610
  C:0F50H         LINE#         611
  C:0FBDH         LINE#         612
  C:0FBFH         LINE#         613
  C:0FC1H         LINE#         615
  C:0FFAH         LINE#         616
  C:0FFAH         LINE#         618
  C:1025H         LINE#         619
  C:1065H         LINE#         620
  C:1091H         LINE#         621
  C:110FH         LINE#         624
  C:1177H         LINE#         625
  C:1179H         LINE#         627
  C:1179H         LINE#         628
  C:11DCH         LINE#         629
  C:11DCH         LINE#         632
  C:11EBH         LINE#         633
  C:11EBH         LINE#         634
  C:1269H         LINE#         635
  C:1272H         LINE#         636
  C:1279H         LINE#         637
  C:1282H         LINE#         638
  C:128BH         LINE#         639
  C:1292H         LINE#         642
  C:12BDH         LINE#         644
  C:12C6H         LINE#         645
  C:12CDH         LINE#         646
  C:12D6H         LINE#         647
  C:12DFH         LINE#         651
  C:12E6H         LINE#         653
BL51 BANKED LINKER/LOCATER V6.22                                                      08/08/2019  13:33:47  PAGE 17


  C:1311H         LINE#         655
  C:131AH         LINE#         656
  C:1321H         LINE#         657
  C:132AH         LINE#         658
  C:1331H         LINE#         660
  C:133AH         LINE#         661
  C:1341H         LINE#         664
  C:137FH         LINE#         666
  C:1388H         LINE#         667
  C:138FH         LINE#         668
  C:1398H         LINE#         669
  C:13A1H         LINE#         670
  C:13A8H         LINE#         671
  C:13A8H         LINE#         673
  C:13A8H         LINE#         675
  C:13A8H         LINE#         676
  C:13A8H         LINE#         678
  C:13A8H         LINE#         682
  C:13C4H         LINE#         683
  C:13C4H         LINE#         684
  C:13C6H         LINE#         687
  C:13C9H         LINE#         690
  C:13C9H         LINE#         691
  C:13CBH         LINE#         695
  C:13E7H         LINE#         696
  C:13E7H         LINE#         697
  C:1411H         LINE#         698
  C:1411H         LINE#         700
  C:1423H         LINE#         702
  C:1449H         LINE#         703
  C:14B1H         LINE#         705
  C:151BH         LINE#         707
  C:152BH         LINE#         708
  C:1531H         LINE#         709
  C:1545H         LINE#         710
  C:1559H         LINE#         711
  C:1561H         LINE#         712
  C:156EH         LINE#         713
  C:156EH         LINE#         714
  C:1592H         LINE#         715
  C:1592H         LINE#         716
  C:15DCH         LINE#         717
  C:15E3H         LINE#         718
  C:15E6H         LINE#         721
  C:160AH         LINE#         723
  C:1611H         LINE#         724
  C:1614H         LINE#         726
  C:1647H         LINE#         727
  C:1666H         LINE#         729
  C:1688H         LINE#         731
  C:168FH         LINE#         733
  C:1696H         LINE#         734
  C:1699H         LINE#         736
  C:16EEH         LINE#         737
  C:16F5H         LINE#         739
  C:16FCH         LINE#         740
  C:16FFH         LINE#         742
BL51 BANKED LINKER/LOCATER V6.22                                                      08/08/2019  13:33:47  PAGE 18


  C:179EH         LINE#         743
  C:17A5H         LINE#         744
  C:17B6H         LINE#         745
  C:17B6H         LINE#         747
  C:17E9H         LINE#         748
  C:17E9H         LINE#         749
  C:17F3H         LINE#         751
  C:1819H         LINE#         752
  C:187BH         LINE#         754
  C:18DFH         LINE#         756
  C:18EEH         LINE#         757
  C:18EEH         LINE#         762
  C:18FDH         LINE#         763
  C:18FDH         LINE#         764
  C:192AH         LINE#         765
  C:192AH         LINE#         766
  C:19A9H         LINE#         768
  C:19B0H         LINE#         769
  C:19B3H         LINE#         771
  C:19EDH         LINE#         772
  C:1A03H         LINE#         774
  C:1A1CH         LINE#         776
  C:1A23H         LINE#         777
  C:1A2AH         LINE#         778
  C:1A2DH         LINE#         780
  C:1A82H         LINE#         781
  C:1A89H         LINE#         783
  C:1A90H         LINE#         784
  C:1A93H         LINE#         786
  C:1B32H         LINE#         787
  C:1B39H         LINE#         788
  C:1B4AH         LINE#         791
  C:1B5EH         LINE#         792
  C:1B72H         LINE#         793
  C:1B81H         LINE#         794
  C:1B81H         LINE#         796
  C:1B81H         LINE#         797
  C:1B92H         LINE#         798
  C:1B9FH         LINE#         799
  C:1B9FH         LINE#         800
  C:1BC2H         LINE#         801
  C:1BC2H         LINE#         802
  C:1C12H         LINE#         803
  C:1C12H         LINE#         804
  C:1C19H         LINE#         805
  C:1C1CH         LINE#         807
  C:1C56H         LINE#         808
  C:1C6CH         LINE#         810
  C:1C85H         LINE#         812
  C:1C8CH         LINE#         813
  C:1C93H         LINE#         814
  C:1C96H         LINE#         816
  C:1CEBH         LINE#         817
  C:1CF2H         LINE#         819
  C:1CF9H         LINE#         820
  C:1CFCH         LINE#         822
  C:1DA3H         LINE#         823
BL51 BANKED LINKER/LOCATER V6.22                                                      08/08/2019  13:33:47  PAGE 19


  C:1DAAH         LINE#         824
  C:1DAAH         LINE#         825
  C:1DBBH         LINE#         826
  C:1DBBH         LINE#         827
  C:1DBBH         LINE#         829
  C:1DCAH         LINE#         830
  C:1DCAH         LINE#         831
  C:1DCDH         LINE#         832
  C:1DD4H         LINE#         833
  C:1DD9H         LINE#         834
  C:1DDEH         LINE#         835
  C:1DE3H         LINE#         836
  C:1DE8H         LINE#         837
  C:1DEDH         LINE#         847
  C:1DF0H         LINE#         849
  C:1DF3H         LINE#         850
  C:1DFAH         LINE#         851
  C:1E04H         LINE#         852
  C:1E0BH         LINE#         854
  C:1E0EH         LINE#         863
  C:1E0EH         LINE#         864
  -------         ENDPROC       MAIN
  -------         PROC          UART
  C:000EH         LINE#         878
  C:000EH         LINE#         880
  C:0011H         LINE#         881
  C:0011H         LINE#         882
  C:0013H         LINE#         884
  C:0013H         LINE#         885
  C:0016H         LINE#         886
  C:0016H         LINE#         887
  C:0018H         LINE#         888
  C:001AH         LINE#         889
  C:001AH         LINE#         890
  -------         ENDPROC       UART
  -------         PROC          _SENDUART1
  D:0007H         SYMBOL        dat
  C:7159H         LINE#         892
  C:7159H         LINE#         893
  C:7159H         LINE#         894
  C:715CH         LINE#         895
  C:715EH         LINE#         896
  C:715FH         LINE#         897
  C:7161H         LINE#         898
  -------         ENDPROC       _SENDUART1
  -------         ENDMOD        MAIN

  -------         MODULE        PCF85063BTL
  C:0000H         SYMBOL        _ICE_DUMMY_
  D:0096H         PUBLIC        P2M0
  D:0080H         PUBLIC        P0
  D:0095H         PUBLIC        P2M1
  D:0090H         PUBLIC        P1
  D:00A0H         PUBLIC        P2
  D:00B0H         PUBLIC        P3
  D:00C0H         PUBLIC        P4
  D:00C8H         PUBLIC        P5
BL51 BANKED LINKER/LOCATER V6.22                                                      08/08/2019  13:33:47  PAGE 20


  D:00E8H         PUBLIC        P6
  B:00A0H.1       PUBLIC        PCF85063BTL_SDI
  D:00F8H         PUBLIC        P7
  B:00A0H.2       PUBLIC        PCF85063BTL_SCK
  B:00A0H.1       PUBLIC        PCF85063BTL_SDO
  D:00A8H         PUBLIC        IE
  C:69DBH         PUBLIC        _Read_time
  C:707BH         PUBLIC        _PCF85063BTL_Delay
  D:00B8H         PUBLIC        IP
  D:00D8H         PUBLIC        CCON
  C:6868H         PUBLIC        _Day_Of_Year
  C:6F61H         PUBLIC        SPI_ReceiveByte
  D:0098H         PUBLIC        SCON
  D:0088H         PUBLIC        TCON
  C:70AEH         PUBLIC        _BCDtoDec
  B:00A0H.0       PUBLIC        PCF85063BTL_CS
  C:709DH         PUBLIC        _SPI_ReadTime
  C:70FDH         PUBLIC        SPI_Init
  C:6FF1H         PUBLIC        _SPI_WriteTime
  C:6F41H         PUBLIC        _SPI_SendByte
  D:00D0H         PUBLIC        PSW
  C:7077H         SYMBOL        L?0048
  -------         PROC          L?0047
  -------         ENDPROC       L?0047
  C:7077H         SYMBOL        L?0048
  -------         PROC          _PCF85063BTL_DELAY
  D:0006H         SYMBOL        us
  C:707BH         LINE#         8
  C:707BH         LINE#         9
  C:707BH         LINE#         10
  C:7085H         LINE#         11
  C:7085H         LINE#         12
  C:7086H         LINE#         13
  C:7088H         LINE#         14
  -------         ENDPROC       _PCF85063BTL_DELAY
  -------         PROC          _SPI_SENDBYTE
  D:0005H         SYMBOL        dat
  -------         DO            
  D:0003H         SYMBOL        i
  -------         ENDDO         
  C:6F41H         LINE#         17
  C:6F43H         LINE#         18
  C:6F43H         LINE#         20
  C:6F45H         LINE#         21
  C:6F45H         LINE#         22
  C:6F47H         LINE#         23
  C:6F4BH         LINE#         24
  C:6F4BH         LINE#         25
  C:6F4DH         LINE#         26
  C:6F4FH         LINE#         28
  C:6F4FH         LINE#         29
  C:6F51H         LINE#         30
  C:6F51H         LINE#         31
  C:6F54H         LINE#         32
  C:6F54H         LINE#         33
  C:6F57H         LINE#         34
  C:6F5BH         LINE#         35
BL51 BANKED LINKER/LOCATER V6.22                                                      08/08/2019  13:33:47  PAGE 21


  C:6F60H         LINE#         36
  -------         ENDPROC       _SPI_SENDBYTE
  -------         PROC          SPI_RECEIVEBYTE
  -------         DO            
  D:0003H         SYMBOL        i
  D:0005H         SYMBOL        dat
  -------         ENDDO         
  C:6F61H         LINE#         39
  C:6F61H         LINE#         40
  C:6F61H         LINE#         42
  C:6F63H         LINE#         44
  C:6F65H         LINE#         45
  C:6F66H         LINE#         46
  C:6F66H         LINE#         47
  C:6F6AH         LINE#         48
  C:6F6CH         LINE#         49
  C:6F6FH         LINE#         51
  C:6F72H         LINE#         52
  C:6F72H         LINE#         53
  C:6F76H         LINE#         54
  C:6F76H         LINE#         55
  C:6F76H         LINE#         56
  C:6F79H         LINE#         57
  C:6F7EH         LINE#         58
  C:6F80H         LINE#         59
  -------         ENDPROC       SPI_RECEIVEBYTE
  -------         PROC          _SPI_READTIME
  D:0007H         SYMBOL        addr
  -------         DO            
  D:0006H         SYMBOL        dat
  -------         ENDDO         
  C:709DH         LINE#         61
  C:709DH         LINE#         62
  C:709DH         LINE#         64
  C:709FH         LINE#         65
  C:70A1H         LINE#         66
  C:70A8H         LINE#         67
  C:70ABH         LINE#         68
  C:70ADH         LINE#         69
  C:70ADH         LINE#         70
  -------         ENDPROC       _SPI_READTIME
  -------         PROC          _SPI_WRITETIME
  D:0002H         SYMBOL        val
  D:0005H         SYMBOL        addr
  C:6FF1H         LINE#         71
  C:6FF3H         LINE#         72
  C:6FF3H         LINE#         74
  C:6FF5H         LINE#         75
  C:6FFCH         LINE#         76
  C:7001H         LINE#         77
  C:7006H         LINE#         78
  C:7008H         LINE#         79
  -------         ENDPROC       _SPI_WRITETIME
  -------         PROC          SPI_INIT
  C:70FDH         LINE#         83
  C:70FDH         LINE#         84
  C:70FDH         LINE#         89
BL51 BANKED LINKER/LOCATER V6.22                                                      08/08/2019  13:33:47  PAGE 22


  C:7100H         LINE#         90
  C:7103H         LINE#         91
  C:7105H         LINE#         92
  C:7107H         LINE#         93
  C:7109H         LINE#         94
  -------         ENDPROC       SPI_INIT
  -------         PROC          _READ_TIME
  X:04E9H         SYMBOL        months
  X:04ECH         SYMBOL        days
  X:04EFH         SYMBOL        hours
  X:04F2H         SYMBOL        mins
  X:04F5H         SYMBOL        seconds
  C:69DBH         LINE#         96
  C:69E6H         LINE#         97
  C:69E6H         LINE#         99
  C:69FAH         LINE#         101
  C:6A0EH         LINE#         103
  C:6A22H         LINE#         108
  C:6A36H         LINE#         113
  -------         ENDPROC       _READ_TIME
  -------         PROC          _BCDTODEC
  D:0007H         SYMBOL        bcd
  -------         DO            
  D:0006H         SYMBOL        hi
  D:0007H         SYMBOL        lo
  -------         ENDDO         
  C:70AEH         LINE#         119
  C:70AEH         LINE#         120
  C:70AEH         LINE#         122
  C:70B3H         LINE#         123
  C:70B7H         LINE#         124
  C:70BEH         LINE#         125
  -------         ENDPROC       _BCDTODEC
  -------         PROC          _DAY_OF_YEAR
  D:0007H         SYMBOL        months_bcd
  D:0005H         SYMBOL        days_bcd
  -------         DO            
  D:0004H         SYMBOL        months
  D:0007H         SYMBOL        days
  -------         ENDDO         
  C:6868H         LINE#         126
  C:6868H         LINE#         127
  C:6868H         LINE#         130
  C:686DH         LINE#         132
  C:6872H         LINE#         134
  C:68ABH         LINE#         135
  C:68ABH         LINE#         136
  C:68ABH         LINE#         137
  C:68AEH         LINE#         138
  C:68AEH         LINE#         139
  C:68AEH         LINE#         140
  C:68B3H         LINE#         141
  C:68B3H         LINE#         142
  C:68B3H         LINE#         143
  C:68B8H         LINE#         144
  C:68B8H         LINE#         145
  C:68B8H         LINE#         146
BL51 BANKED LINKER/LOCATER V6.22                                                      08/08/2019  13:33:47  PAGE 23


  C:68BDH         LINE#         147
  C:68BDH         LINE#         148
  C:68BDH         LINE#         149
  C:68C2H         LINE#         150
  C:68C2H         LINE#         151
  C:68C2H         LINE#         152
  C:68C7H         LINE#         153
  C:68C7H         LINE#         154
  C:68C7H         LINE#         155
  C:68CCH         LINE#         156
  C:68CCH         LINE#         157
  C:68CCH         LINE#         158
  C:68D1H         LINE#         159
  C:68D1H         LINE#         160
  C:68D1H         LINE#         161
  C:68D9H         LINE#         162
  C:68D9H         LINE#         163
  C:68D9H         LINE#         164
  C:68DEH         LINE#         165
  C:68DEH         LINE#         166
  C:68DEH         LINE#         167
  C:68E3H         LINE#         168
  C:68E3H         LINE#         169
  C:68E3H         LINE#         170
  C:68ECH         LINE#         171
  C:68ECH         LINE#         172
  C:68ECH         LINE#         173
  C:68EFH         LINE#         174
  C:68EFH         LINE#         175
  -------         ENDPROC       _DAY_OF_YEAR
  -------         ENDMOD        PCF85063BTL

  -------         MODULE        LCD_DRIVER_SPLC780D
  C:0000H         SYMBOL        _ICE_DUMMY_
  D:0092H         PUBLIC        P1M0
  D:0091H         PUBLIC        P1M1
  D:0080H         PUBLIC        P0
  D:0090H         PUBLIC        P1
  D:00A0H         PUBLIC        P2
  D:00B0H         PUBLIC        P3
  D:00C0H         PUBLIC        P4
  D:00C8H         PUBLIC        P5
  D:00E8H         PUBLIC        P6
  D:00F8H         PUBLIC        P7
  C:68F4H         PUBLIC        _WriteData
  D:00A8H         PUBLIC        IE
  D:00B8H         PUBLIC        IP
  D:00D8H         PUBLIC        CCON
  B:00B0H.4       PUBLIC        LCD_D4
  B:00B0H.5       PUBLIC        LCD_D5
  B:00B0H.6       PUBLIC        LCD_D6
  C:6F9FH         PUBLIC        _DisplayLCD
  B:00B0H.7       PUBLIC        LCD_D7
  D:0098H         PUBLIC        SCON
  D:0088H         PUBLIC        TCON
  C:7146H         PUBLIC        LCD_clear
  C:6C76H         PUBLIC        _Command
BL51 BANKED LINKER/LOCATER V6.22                                                      08/08/2019  13:33:47  PAGE 24


  C:7036H         PUBLIC        _Display_Line
  C:6AA4H         PUBLIC        LCD_Init
  C:6EDEH         PUBLIC        _Wait_ms
  B:00C0H.0       PUBLIC        LCD_RS
  B:0090H.3       PUBLIC        LCD_RW
  C:713CH         PUBLIC        LCD_return_home
  C:5B0FH         PUBLIC        _Display_Pos
  B:00B0H.3       PUBLIC        LCD_E
  D:00D0H         PUBLIC        PSW
  -------         PROC          LCD_INIT
  C:6AA4H         LINE#         9
  C:6AA4H         LINE#         10
  C:6AA4H         LINE#         11
  C:6AA7H         LINE#         12
  C:6AAAH         LINE#         14
  C:6AB0H         LINE#         15
  C:6AB5H         LINE#         17
  C:6ABCH         LINE#         18
  C:6AC1H         LINE#         20
  C:6AC4H         LINE#         21
  C:6AC9H         LINE#         23
  C:6ACCH         LINE#         24
  C:6AD1H         LINE#         26
  C:6AD8H         LINE#         29
  C:6ADDH         LINE#         30
  C:6AE2H         LINE#         32
  C:6AE7H         LINE#         33
  C:6AECH         LINE#         35
  C:6AF1H         LINE#         36
  C:6AF6H         LINE#         37
  -------         ENDPROC       LCD_INIT
  C:68F0H         SYMBOL        L?0035
  -------         PROC          L?0034
  -------         ENDPROC       L?0034
  C:68F0H         SYMBOL        L?0035
  -------         PROC          _WRITEDATA
  X:04F4H         SYMBOL        dat
  C:68F4H         LINE#         40
  C:68F9H         LINE#         41
  C:68F9H         LINE#         46
  C:68FBH         LINE#         47
  C:68FDH         LINE#         49
  C:690BH         LINE#         50
  C:6917H         LINE#         51
  C:6923H         LINE#         52
  C:692DH         LINE#         53
  C:692FH         LINE#         54
  C:6936H         LINE#         55
  C:6938H         LINE#         57
  C:6948H         LINE#         58
  C:6953H         LINE#         59
  C:695DH         LINE#         60
  C:6961H         LINE#         62
  C:6961H         LINE#         63
  C:6964H         LINE#         64
  C:6966H         LINE#         65
  C:6968H         LINE#         67
BL51 BANKED LINKER/LOCATER V6.22                                                      08/08/2019  13:33:47  PAGE 25


  -------         ENDPROC       _WRITEDATA
  -------         PROC          _COMMAND
  D:0007H         SYMBOL        dat
  C:6C76H         LINE#         69
  C:6C76H         LINE#         70
  C:6C76H         LINE#         71
  C:6C78H         LINE#         72
  C:6C7AH         LINE#         74
  C:6C84H         LINE#         75
  C:6C88H         LINE#         77
  C:6C8AH         LINE#         78
  C:6C93H         LINE#         79
  C:6C97H         LINE#         81
  C:6C99H         LINE#         82
  C:6CA0H         LINE#         83
  C:6CA4H         LINE#         85
  C:6CA6H         LINE#         86
  C:6CAAH         LINE#         87
  C:6CAEH         LINE#         89
  C:6CB0H         LINE#         90
  C:6CB0H         LINE#         91
  C:6CB3H         LINE#         92
  C:6CB5H         LINE#         93
  -------         ENDPROC       _COMMAND
  C:6EDAH         SYMBOL        L?0037
  -------         PROC          L?0036
  -------         ENDPROC       L?0036
  C:6EDAH         SYMBOL        L?0037
  -------         PROC          _WAIT_MS
  D:0006H         SYMBOL        ms
  -------         DO            
  D:0004H         SYMBOL        De_Cnt
  -------         ENDDO         
  C:6EDEH         LINE#         95
  C:6EDEH         LINE#         96
  C:6EDEH         LINE#         98
  C:6EE8H         LINE#         99
  C:6EE8H         LINE#         100
  C:6EFBH         LINE#         101
  C:6EFBH         LINE#         102
  -------         ENDPROC       _WAIT_MS
  -------         PROC          _DISPLAYLCD
  D:0007H         SYMBOL        BCD
  -------         DO            
  D:0006H         SYMBOL        first_digit
  X:03F8H         SYMBOL        second_digit
  -------         ENDDO         
  C:6F9FH         LINE#         103
  C:6F9FH         LINE#         104
  C:6F9FH         LINE#         106
  C:6FA6H         LINE#         107
  C:6FAFH         LINE#         109
  C:6FB4H         LINE#         111
  -------         ENDPROC       _DISPLAYLCD
  -------         PROC          LCD_RETURN_HOME
  C:713CH         LINE#         115
  C:713CH         LINE#         116
BL51 BANKED LINKER/LOCATER V6.22                                                      08/08/2019  13:33:47  PAGE 26


  C:713CH         LINE#         117
  C:7141H         LINE#         118
  -------         ENDPROC       LCD_RETURN_HOME
  -------         PROC          LCD_CLEAR
  C:7146H         LINE#         121
  C:7146H         LINE#         122
  C:7146H         LINE#         123
  C:714BH         LINE#         124
  -------         ENDPROC       LCD_CLEAR
  -------         PROC          _DISPLAY_LINE
  D:0006H         SYMBOL        line
  C:7036H         LINE#         128
  C:7036H         LINE#         129
  C:7036H         LINE#         130
  C:703CH         LINE#         131
  C:703CH         LINE#         132
  C:703EH         LINE#         133
  C:703EH         LINE#         134
  C:7040H         LINE#         136
  C:7040H         LINE#         137
  C:7045H         LINE#         138
  C:704AH         LINE#         139
  C:704AH         LINE#         140
  -------         ENDPROC       _DISPLAY_LINE
  -------         PROC          _DISPLAY_POS
  X:04E9H         SYMBOL        sign_dat
  -------         DO            
  X:04EDH         SYMBOL        unit
  X:04EEH         SYMBOL        ten
  X:04EFH         SYMBOL        hundred
  X:04F0H         SYMBOL        thousand
  X:04F1H         SYMBOL        after_dot
  X:04F2H         SYMBOL        dat
  -------         ENDDO         
  C:5B0FH         LINE#         142
  C:5B15H         LINE#         143
  C:5B15H         LINE#         147
  C:5B31H         LINE#         148
  C:5B4BH         LINE#         149
  C:5B6FH         LINE#         151
  C:5BB9H         LINE#         153
  C:5BD0H         LINE#         154
  C:5BE2H         LINE#         155
  C:5C07H         LINE#         156
  C:5C21H         LINE#         157
  C:5C39H         LINE#         158
  C:5C39H         LINE#         159
  C:5C39H         LINE#         160
  C:5C39H         LINE#         161
  C:5C39H         LINE#         162
  C:5C39H         LINE#         163
  C:5C39H         LINE#         164
  C:5C39H         LINE#         168
  C:5C3BH         LINE#         170
  C:5C3BH         LINE#         172
  C:5C40H         LINE#         173
  C:5C46H         LINE#         174
BL51 BANKED LINKER/LOCATER V6.22                                                      08/08/2019  13:33:47  PAGE 27


  C:5C4CH         LINE#         175
  C:5C52H         LINE#         176
  C:5C58H         LINE#         177
  C:5C5DH         LINE#         178
  C:5C63H         LINE#         182
  C:5C63H         LINE#         184
  -------         ENDPROC       _DISPLAY_POS
  -------         ENDMOD        LCD_DRIVER_SPLC780D

  -------         MODULE        KEYPAD
  C:0000H         SYMBOL        _ICE_DUMMY_
  D:0093H         PUBLIC        P0M1
  D:0080H         PUBLIC        P0
  D:0090H         PUBLIC        P1
  D:00A0H         PUBLIC        P2
  D:00B0H         PUBLIC        P3
  D:00C0H         PUBLIC        P4
  D:00C8H         PUBLIC        P5
  D:00E8H         PUBLIC        P6
  D:00F8H         PUBLIC        P7
  D:00A8H         PUBLIC        IE
  C:550BH         PUBLIC        Key_Scan
  D:00B8H         PUBLIC        IP
  D:00D8H         PUBLIC        CCON
  C:7124H         PUBLIC        KeyPad_IO_Init
  C:6F81H         PUBLIC        _Delay_ms
  D:0098H         PUBLIC        SCON
  D:0088H         PUBLIC        TCON
  X:0645H         PUBLIC        small_move
  X:0647H         PUBLIC        move
  X:0649H         PUBLIC        auto_mode
  X:064BH         PUBLIC        direction
  X:064DH         PUBLIC        SPI_NOR_ClearEnable
  C:4C38H         PUBLIC        Key_Process
  D:00D0H         PUBLIC        PSW
  D:0094H         PUBLIC        P0M0
  -------         PROC          _DELAY_MS
  D:0006H         SYMBOL        ms
  -------         DO            
  D:0004H         SYMBOL        De_Cnt
  -------         ENDDO         
  C:6F81H         LINE#         20
  C:6F81H         LINE#         21
  C:6F81H         LINE#         23
  C:6F8BH         LINE#         24
  C:6F8BH         LINE#         25
  C:6F9EH         LINE#         26
  C:6F9EH         LINE#         27
  -------         ENDPROC       _DELAY_MS
  -------         PROC          KEY_SCAN
  -------         DO            
  X:03FEH         SYMBOL        KeyTemp1
  X:03FFH         SYMBOL        KeyTemp2
  X:0400H         SYMBOL        KeyValue
  -------         ENDDO         
  C:550BH         LINE#         28
  C:550BH         LINE#         29
BL51 BANKED LINKER/LOCATER V6.22                                                      08/08/2019  13:33:47  PAGE 28


  C:550BH         LINE#         34
  C:550EH         LINE#         37
  C:5511H         LINE#         39
  C:5519H         LINE#         40
  C:5520H         LINE#         41
  C:5520H         LINE#         43
  C:5525H         LINE#         44
  C:552CH         LINE#         45
  C:552CH         LINE#         48
  C:552FH         LINE#         49
  C:5532H         LINE#         50
  C:5537H         LINE#         51
  C:553BH         LINE#         52
  C:553BH         LINE#         53
  C:5543H         LINE#         54
  C:5543H         LINE#         55
  C:5546H         LINE#         56
  C:554EH         LINE#         57
  C:5550H         LINE#         59
  C:5564H         LINE#         60
  C:5564H         LINE#         61
  C:5564H         LINE#         62
  C:5564H         LINE#         63
  C:556AH         LINE#         65
  C:556CH         LINE#         66
  C:556CH         LINE#         67
  C:556CH         LINE#         68
  C:5572H         LINE#         70
  C:5574H         LINE#         71
  C:5574H         LINE#         72
  C:5574H         LINE#         73
  C:557AH         LINE#         75
  C:557CH         LINE#         76
  C:557CH         LINE#         77
  C:557CH         LINE#         78
  C:5582H         LINE#         80
  C:5582H         LINE#         81
  C:5582H         LINE#         82
  C:5582H         LINE#         85
  C:5585H         LINE#         86
  C:5588H         LINE#         87
  C:5590H         LINE#         88
  C:5594H         LINE#         89
  C:5594H         LINE#         90
  C:559CH         LINE#         91
  C:559CH         LINE#         92
  C:559FH         LINE#         93
  C:55A7H         LINE#         94
  C:55A9H         LINE#         95
  C:55BDH         LINE#         96
  C:55BDH         LINE#         97
  C:55BDH         LINE#         98
  C:55BDH         LINE#         99
  C:55C3H         LINE#         101
  C:55C5H         LINE#         102
  C:55C5H         LINE#         103
  C:55C5H         LINE#         104
BL51 BANKED LINKER/LOCATER V6.22                                                      08/08/2019  13:33:47  PAGE 29


  C:55CBH         LINE#         106
  C:55CDH         LINE#         107
  C:55CDH         LINE#         108
  C:55CDH         LINE#         109
  C:55D3H         LINE#         111
  C:55D5H         LINE#         112
  C:55D5H         LINE#         113
  C:55D5H         LINE#         114
  C:55DAH         LINE#         116
  C:55DAH         LINE#         117
  C:55DAH         LINE#         118
  C:55DAH         LINE#         121
  C:55DDH         LINE#         122
  C:55E0H         LINE#         123
  C:55E8H         LINE#         124
  C:55ECH         LINE#         125
  C:55ECH         LINE#         126
  C:55F4H         LINE#         127
  C:55F4H         LINE#         128
  C:55F7H         LINE#         129
  C:55FFH         LINE#         130
  C:5601H         LINE#         131
  C:5615H         LINE#         132
  C:5615H         LINE#         133
  C:5615H         LINE#         134
  C:5615H         LINE#         135
  C:561BH         LINE#         137
  C:561DH         LINE#         138
  C:561DH         LINE#         139
  C:561DH         LINE#         140
  C:5623H         LINE#         142
  C:5625H         LINE#         143
  C:5625H         LINE#         144
  C:5625H         LINE#         145
  C:562BH         LINE#         147
  C:562DH         LINE#         148
  C:562DH         LINE#         149
  C:562DH         LINE#         150
  C:5633H         LINE#         152
  C:5633H         LINE#         153
  C:5633H         LINE#         154
  C:5633H         LINE#         158
  C:5636H         LINE#         159
  C:5639H         LINE#         160
  C:5641H         LINE#         161
  C:5645H         LINE#         162
  C:5645H         LINE#         163
  C:564DH         LINE#         164
  C:564DH         LINE#         165
  C:5650H         LINE#         166
  C:5658H         LINE#         167
  C:565AH         LINE#         168
  C:566EH         LINE#         169
  C:566EH         LINE#         170
  C:566EH         LINE#         171
  C:566EH         LINE#         172
  C:5674H         LINE#         174
BL51 BANKED LINKER/LOCATER V6.22                                                      08/08/2019  13:33:47  PAGE 30


  C:5676H         LINE#         175
  C:5676H         LINE#         176
  C:5676H         LINE#         177
  C:567CH         LINE#         179
  C:567EH         LINE#         180
  C:567EH         LINE#         181
  C:567EH         LINE#         182
  C:5684H         LINE#         184
  C:5686H         LINE#         185
  C:5686H         LINE#         186
  C:5686H         LINE#         187
  C:568CH         LINE#         189
  C:568CH         LINE#         190
  C:568CH         LINE#         191
  C:568CH         LINE#         193
  C:5692H         LINE#         194
  C:5692H         LINE#         196
  C:5692H         LINE#         197
  C:5695H         LINE#         198
  C:5695H         LINE#         199
  C:5695H         LINE#         201
  C:5695H         LINE#         202
  C:5697H         LINE#         203
  C:5697H         LINE#         204
  -------         ENDPROC       KEY_SCAN
  -------         PROC          KEY_PROCESS
  -------         DO            
  X:0636H         SYMBOL        KeyCount
  X:0637H         SYMBOL        KeyNum_Old
  X:0639H         SYMBOL        KeyNum
  X:063BH         SYMBOL        PressedKey
  X:03F8H         SYMBOL        d
  D:0002H         SYMBOL        hours
  D:0006H         SYMBOL        mins
  X:03FAH         SYMBOL        months
  X:03FCH         SYMBOL        days
  -------         ENDDO         
  C:4C38H         LINE#         205
  C:4C38H         LINE#         206
  C:4C38H         LINE#         210
  C:4C47H         LINE#         211
  C:4C54H         LINE#         213
  C:4C58H         LINE#         214
  C:4C58H         LINE#         215
  C:4C5EH         LINE#         217
  C:4C5EH         LINE#         218
  C:4C75H         LINE#         219
  C:4C75H         LINE#         220
  C:4C7FH         LINE#         221
  C:4C85H         LINE#         223
  C:4C8BH         LINE#         225
  C:4C8BH         LINE#         226
  C:4CA2H         LINE#         227
  C:4CA2H         LINE#         228
  C:4CA7H         LINE#         230
  C:4CA7H         LINE#         231
  C:4CB7H         LINE#         232
BL51 BANKED LINKER/LOCATER V6.22                                                      08/08/2019  13:33:47  PAGE 31


  C:4CB7H         LINE#         233
  C:4CBDH         LINE#         235
  C:4CBDH         LINE#         236
  C:4CCFH         LINE#         237
  C:4CCFH         LINE#         238
  C:4CD9H         LINE#         239
  C:4CE1H         LINE#         241
  C:4CEAH         LINE#         243
  C:4CEAH         LINE#         252
  C:4D09H         LINE#         253
  C:4D09H         LINE#         254
  C:4D28H         LINE#         255
  C:4D2EH         LINE#         256
  C:4D36H         LINE#         257
  C:4D36H         LINE#         259
  C:4D37H         LINE#         265
  C:4D43H         LINE#         266
  C:4D43H         LINE#         267
  C:4D60H         LINE#         268
  C:4D77H         LINE#         269
  C:4D8EH         LINE#         270
  C:4D8EH         LINE#         271
  C:4DA1H         LINE#         272
  C:4DB4H         LINE#         273
  C:4DB4H         LINE#         274
  C:4DB4H         LINE#         275
  C:4DB7H         LINE#         280
  C:4DC6H         LINE#         281
  C:4DC6H         LINE#         282
  C:4DE9H         LINE#         283
  C:4E06H         LINE#         284
  C:4E0FH         LINE#         285
  C:4E0FH         LINE#         286
  C:4E16H         LINE#         287
  C:4E16H         LINE#         288
  C:4E27H         LINE#         289
  C:4E27H         LINE#         290
  C:4E36H         LINE#         291
  C:4E36H         LINE#         292
  C:4E36H         LINE#         293
  C:4E39H         LINE#         295
  C:4E39H         LINE#         296
  C:4E45H         LINE#         297
  C:4E45H         LINE#         298
  C:4E57H         LINE#         299
  C:4E57H         LINE#         300
  C:4E67H         LINE#         301
  C:4E67H         LINE#         302
  C:4E67H         LINE#         304
  C:4E69H         LINE#         306
  C:4E69H         LINE#         307
  C:4E78H         LINE#         308
  C:4E78H         LINE#         309
  C:4E88H         LINE#         310
  C:4E88H         LINE#         311
  C:4E88H         LINE#         313
  C:4E88H         LINE#         315
BL51 BANKED LINKER/LOCATER V6.22                                                      08/08/2019  13:33:47  PAGE 32


  C:4E88H         LINE#         316
  C:4E8AH         LINE#         318
  C:4E8AH         LINE#         319
  C:4E91H         LINE#         320
  C:4E91H         LINE#         321
  C:4EA0H         LINE#         322
  C:4EA0H         LINE#         323
  C:4EB0H         LINE#         324
  C:4EB0H         LINE#         325
  C:4EB0H         LINE#         326
  C:4EB2H         LINE#         328
  C:4EB2H         LINE#         329
  C:4EC1H         LINE#         330
  C:4EC1H         LINE#         331
  C:4ED4H         LINE#         332
  C:4EE7H         LINE#         333
  C:4EE7H         LINE#         334
  C:4EE7H         LINE#         335
  C:4EE7H         LINE#         336
  C:4EF0H         LINE#         338
  C:4EF0H         LINE#         340
  C:4F2AH         LINE#         341
  C:4F2AH         LINE#         342
  C:4F31H         LINE#         343
  C:4F31H         LINE#         344
  C:4F3BH         LINE#         345
  C:4F3BH         LINE#         346
  C:4F3EH         LINE#         347
  C:4F43H         LINE#         348
  C:4F48H         LINE#         349
  C:4F4DH         LINE#         350
  C:4F52H         LINE#         351
  C:4F57H         LINE#         352
  C:4F5CH         LINE#         353
  C:4F61H         LINE#         354
  C:4F61H         LINE#         355
  C:4F61H         LINE#         357
  C:4F7FH         LINE#         358
  C:4F7FH         LINE#         359
  C:4F86H         LINE#         360
  C:4F86H         LINE#         361
  C:4F8BH         LINE#         362
  C:4F94H         LINE#         363
  C:4FB3H         LINE#         364
  C:4FB3H         LINE#         365
  C:4FC3H         LINE#         367
  C:4FC3H         LINE#         371
  -------         ENDPROC       KEY_PROCESS
  -------         PROC          KEYPAD_IO_INIT
  C:7124H         LINE#         374
  C:7124H         LINE#         375
  C:7124H         LINE#         376
  C:7127H         LINE#         377
  C:712AH         LINE#         378
  C:712DH         LINE#         379
  C:712FH         LINE#         380
  -------         ENDPROC       KEYPAD_IO_INIT
BL51 BANKED LINKER/LOCATER V6.22                                                      08/08/2019  13:33:47  PAGE 33


  -------         ENDMOD        KEYPAD

  -------         MODULE        BIPOLARMOTOR
  C:0000H         SYMBOL        _ICE_DUMMY_
  X:0000H         PUBLIC        UTC_time
  D:0080H         PUBLIC        P0
  D:0090H         PUBLIC        P1
  X:0004H         PUBLIC        RX_pos_test
  D:00A0H         PUBLIC        P2
  D:00B0H         PUBLIC        P3
  D:00C0H         PUBLIC        P4
  D:00C8H         PUBLIC        P5
  D:00E8H         PUBLIC        P6
  D:00F8H         PUBLIC        P7
  X:00A4H         PUBLIC        low_date_azimuth_mapping
  D:00A8H         PUBLIC        IE
  C:62B4H         PUBLIC        linear_interpolate
  X:00CCH         PUBLIC        declination
  C:6E15H         PUBLIC        _Move
  D:00B8H         PUBLIC        IP
  X:00D0H         PUBLIC        time_offset
  D:00D8H         PUBLIC        CCON
  X:00D4H         PUBLIC        previous_move_time
  X:00D5H         PUBLIC        time
  D:0098H         PUBLIC        SCON
  D:0088H         PUBLIC        TCON
  C:6CB6H         PUBLIC        _Step_move
  X:00E7H         PUBLIC        dat
  X:00EDH         PUBLIC        current_local_sun_time
  C:386FH         PUBLIC        _Update_position
  C:4FC4H         PUBLIC        _elevation_calculation
  X:00F1H         PUBLIC        sunCoord
  C:6B9EH         PUBLIC        vOneStepMove
  X:00F4H         PUBLIC        elevation_stamp
  X:0130H         PUBLIC        date_azimuth_mapping
  X:0158H         PUBLIC        location
  X:0160H         PUBLIC        RX_pos
  C:704BH         PUBLIC        vSetLocation
  C:6FC6H         PUBLIC        _BCDtoDec1
  X:03B8H         PUBLIC        degree
  C:3EA0H         PUBLIC        _TheoricalJP_Position
  D:00D0H         PUBLIC        PSW
  -------         PROC          VSETLOCATION
  C:704BH         LINE#         44
  C:704BH         LINE#         45
  C:704BH         LINE#         46
  C:7055H         LINE#         47
  C:705FH         LINE#         48
  -------         ENDPROC       VSETLOCATION
  C:6FC2H         SYMBOL        L?0060
  -------         PROC          L?0059
  -------         ENDPROC       L?0059
  C:6FC2H         SYMBOL        L?0060
  -------         PROC          _BCDTODEC1
  D:0007H         SYMBOL        bcd
  -------         DO            
  D:0006H         SYMBOL        hi
BL51 BANKED LINKER/LOCATER V6.22                                                      08/08/2019  13:33:47  PAGE 34


  D:0007H         SYMBOL        lo
  -------         ENDDO         
  C:6FC6H         LINE#         49
  C:6FC6H         LINE#         50
  C:6FC6H         LINE#         52
  C:6FCBH         LINE#         53
  C:6FCFH         LINE#         54
  C:6FD6H         LINE#         55
  -------         ENDPROC       _BCDTODEC1
  -------         PROC          VONESTEPMOVE
  B:0020H.3       SYMBOL        bDir
  C:6B9EH         LINE#         59
[...]


  C:5714H         LINE#         325
  C:5714H         LINE#         326
  C:5714H         LINE#         328
  C:5717H         LINE#         330
  C:5731H         LINE#         331
  C:5731H         LINE#         332
  C:5731H         LINE#         334
  C:5734H         LINE#         336
  C:574EH         LINE#         337
  C:574EH         LINE#         338
  C:574EH         LINE#         340
  C:5751H         LINE#         342
  C:576BH         LINE#         343
  C:576BH         LINE#         344
  C:576BH         LINE#         346
  C:576EH         LINE#         348
  C:5788H         LINE#         349
  C:5788H         LINE#         350
  C:5788H         LINE#         352
  C:578BH         LINE#         354
  C:57A5H         LINE#         355
  C:57A5H         LINE#         356
  C:57A5H         LINE#         358
  C:57A8H         LINE#         360
  C:57C2H         LINE#         361
  C:57C2H         LINE#         362
  C:57C2H         LINE#         364
  C:57C5H         LINE#         366
  C:57DFH         LINE#         367
  C:57DFH         LINE#         368
  C:57DFH         LINE#         370
  C:57E2H         LINE#         372
  C:57FCH         LINE#         373
  C:5803H         LINE#         374
  -------         ENDPROC       SPI_NOR_WRITE_DATA
  -------         ENDMOD        AT25SF041

  -------         MODULE        SI1120
  C:0000H         SYMBOL        _ICE_DUMMY_
  D:0080H         PUBLIC        P0
  D:00B2H         PUBLIC        P3M0
  D:0090H         PUBLIC        P1
  D:00B1H         PUBLIC        P3M1
  D:00A0H         PUBLIC        P2
  D:00B0H         PUBLIC        P3
  D:00C0H         PUBLIC        P4
  D:00C8H         PUBLIC        P5
  B:00A8H.7       PUBLIC        EA
  D:00E8H         PUBLIC        P6
  D:00F8H         PUBLIC        P7
  D:00A8H         PUBLIC        IE
  D:00B8H         PUBLIC        IP
  C:6D64H         PUBLIC        SI1120_CONFIG_MODE_VIRH
  D:00D8H         PUBLIC        CCON
  D:0098H         PUBLIC        SCON
  D:0088H         PUBLIC        TCON
  C:710AH         PUBLIC        Enable_EXTINT0
BL51 BANKED LINKER/LOCATER V6.22                                                      08/08/2019  13:33:47  PAGE 55


  B:0090H.5       PUBLIC        SI1120_STX
  B:0088H.0       PUBLIC        IT0
  B:00A8H.0       PUBLIC        EX0
  B:0090H.4       PUBLIC        SI1120_MD
  B:0090H.6       PUBLIC        SI1120_SC
  D:00D0H         PUBLIC        PSW
  -------         PROC          SI1120_CONFIG_MODE_VIRH
  C:6D64H         LINE#         4
  C:6D64H         LINE#         5
  C:6D64H         LINE#         6
  C:6D66H         LINE#         7
  C:6D68H         LINE#         8
  C:6D6AH         LINE#         10
  C:6D71H         LINE#         11
  C:6D73H         LINE#         13
  C:6D75H         LINE#         14
  C:6D77H         LINE#         16
  C:6D7EH         LINE#         18
  C:6D80H         LINE#         20
  C:6D87H         LINE#         23
  C:6D89H         LINE#         25
  C:6D8BH         LINE#         27
  C:6D92H         LINE#         29
  C:6D94H         LINE#         31
  -------         ENDPROC       SI1120_CONFIG_MODE_VIRH
  -------         PROC          ENABLE_EXTINT0
  C:710AH         LINE#         33
  C:710AH         LINE#         34
  C:710AH         LINE#         35
  C:710DH         LINE#         36
  C:7110H         LINE#         37
  C:7112H         LINE#         38
  C:7114H         LINE#         39
  C:7116H         LINE#         40
  -------         ENDPROC       ENABLE_EXTINT0
  -------         ENDMOD        SI1120

  -------         MODULE        UART1
  C:0000H         SYMBOL        _ICE_DUMMY_
  D:0080H         PUBLIC        P0
  D:0090H         PUBLIC        P1
  D:00A0H         PUBLIC        P2
  D:00B0H         PUBLIC        P3
  D:00C0H         PUBLIC        P4
  D:00C8H         PUBLIC        P5
  C:6EFCH         PUBLIC        _uart1_SendToTCPServer
  B:00A8H.7       PUBLIC        EA
  D:00E8H         PUBLIC        P6
  D:00F8H         PUBLIC        P7
  C:6D31H         PUBLIC        _SendString
  D:00A8H         PUBLIC        IE
  B:00A8H.4       PUBLIC        ES
  D:00B8H         PUBLIC        IP
  C:7009H         PUBLIC        _ASCIItoBCD
  D:00D8H         PUBLIC        CCON
  C:70BFH         PUBLIC        initUART1
  D:0098H         PUBLIC        SCON
BL51 BANKED LINKER/LOCATER V6.22                                                      08/08/2019  13:33:47  PAGE 56


  D:0088H         PUBLIC        TCON
  C:7178H         PUBLIC        _DectoBCD
  C:001EH         PUBLIC        _ASCII_Letter
  D:008EH         PUBLIC        AUXR
  C:0006H         PUBLIC        _unit
  C:7171H         PUBLIC        _ten
  D:00D6H         PUBLIC        T2H
  D:00D7H         PUBLIC        T2L
  C:7162H         PUBLIC        uart1_InitTCPConn
  D:00D0H         PUBLIC        PSW
  -------         PROC          INITUART1
  C:70BFH         LINE#         24
  C:70BFH         LINE#         25
  C:70BFH         LINE#         26
  C:70C2H         LINE#         27
  C:70C5H         LINE#         28
  C:70C8H         LINE#         29
  C:70CBH         LINE#         30
  C:70CDH         LINE#         31
  C:70CFH         LINE#         33
  -------         ENDPROC       INITUART1
  -------         PROC          _SENDSTRING
  X:04E9H         SYMBOL        s
  C:6D31H         LINE#         36
  C:6D3CH         LINE#         37
  C:6D3CH         LINE#         38
  C:6D4CH         LINE#         39
  C:6D4CH         LINE#         40
  C:6D61H         LINE#         41
  C:6D63H         LINE#         42
  -------         ENDPROC       _SENDSTRING
  -------         PROC          _TEN
  D:0007H         SYMBOL        BCD
  C:7171H         LINE#         44
  C:7171H         LINE#         45
  C:7171H         LINE#         46
  C:7176H         LINE#         47
  -------         ENDPROC       _TEN
  -------         PROC          _UNIT
  D:0007H         SYMBOL        BCD
  C:0006H         LINE#         48
  C:0006H         LINE#         49
  C:0006H         LINE#         53
  C:000AH         LINE#         54
  -------         ENDPROC       _UNIT
  -------         PROC          _DECTOBCD
  D:0007H         SYMBOL        dec
  C:7178H         LINE#         55
  C:7178H         LINE#         56
  C:7178H         LINE#         58
  C:7178H         LINE#         59
  -------         ENDPROC       _DECTOBCD
  -------         PROC          _ASCII_LETTER
  D:0007H         SYMBOL        dat
  C:001EH         LINE#         61
  C:001EH         LINE#         62
  C:001EH         LINE#         64
BL51 BANKED LINKER/LOCATER V6.22                                                      08/08/2019  13:33:47  PAGE 57


  C:0022H         LINE#         65
  -------         ENDPROC       _ASCII_LETTER
  -------         PROC          _ASCIITOBCD
  D:0001H         SYMBOL        ascii
  -------         DO            
  D:0007H         SYMBOL        dec_val
  D:0006H         SYMBOL        ten
  D:0007H         SYMBOL        unit
  -------         ENDDO         
  C:7009H         LINE#         67
  C:7009H         LINE#         68
  C:7009H         LINE#         70
  C:700CH         LINE#         71
  C:7012H         LINE#         72
  C:7019H         LINE#         73
  C:701FH         LINE#         75
  -------         ENDPROC       _ASCIITOBCD
  -------         PROC          UART1_INITTCPCONN
  C:7162H         LINE#         77
  C:7162H         LINE#         78
  C:7162H         LINE#         82
  -------         ENDPROC       UART1_INITTCPCONN
  -------         PROC          _UART1_SENDTOTCPSERVER
  X:03F8H         SYMBOL        str
  C:6EFCH         LINE#         85
  C:6F07H         LINE#         86
  C:6F07H         LINE#         87
  C:6F10H         LINE#         88
  C:6F17H         LINE#         89
  -------         ENDPROC       _UART1_SENDTOTCPSERVER
  -------         ENDMOD        UART1

  -------         MODULE        ?C_STARTUP
  C:67DCH         SEGMENT       ?C_C51STARTUP
  I:0022H         SEGMENT       ?STACK
  C:0000H         PUBLIC        ?C_STARTUP
  D:00E0H         SYMBOL        ACC
  D:00F0H         SYMBOL        B
  D:0083H         SYMBOL        DPH
  D:0082H         SYMBOL        DPL
  N:0000H         SYMBOL        IBPSTACK
  N:0100H         SYMBOL        IBPSTACKTOP
  N:0080H         SYMBOL        IDATALEN
  C:67DFH         SYMBOL        IDATALOOP
  N:0000H         SYMBOL        PBPSTACK
  N:0100H         SYMBOL        PBPSTACKTOP
  N:0000H         SYMBOL        PDATALEN
  N:0000H         SYMBOL        PDATASTART
  N:0000H         SYMBOL        PPAGE
  N:0000H         SYMBOL        PPAGEENABLE
  D:00A0H         SYMBOL        PPAGE_SFR
  D:0081H         SYMBOL        SP
  C:67DCH         SYMBOL        STARTUP1
  N:0000H         SYMBOL        XBPSTACK
  N:0000H         SYMBOL        XBPSTACKTOP
  N:0000H         SYMBOL        XDATALEN
  N:0000H         SYMBOL        XDATASTART
BL51 BANKED LINKER/LOCATER V6.22                                                      08/08/2019  13:33:47  PAGE 58


  C:0000H         LINE#         126
  C:67DCH         LINE#         133
  C:67DEH         LINE#         134
  C:67DFH         LINE#         135
  C:67E0H         LINE#         136
  C:67E2H         LINE#         185
  C:67E5H         LINE#         196
  -------         ENDMOD        ?C_STARTUP

  -------         MODULE        ?C?FPADD
  C:1E18H         PUBLIC        ?C?FPADD
  C:1E14H         PUBLIC        ?C?FPSUB
  -------         ENDMOD        ?C?FPADD

  -------         MODULE        ?C?FPMUL
  C:1F09H         PUBLIC        ?C?FPMUL
  -------         ENDMOD        ?C?FPMUL

  -------         MODULE        ?C?FPDIV
  C:2012H         PUBLIC        ?C?FPDIV
  -------         ENDMOD        ?C?FPDIV

  -------         MODULE        ?C?FPCMP
  C:20B1H         PUBLIC        ?C?FPCMP
  C:20AFH         PUBLIC        ?C?FPCMP3
  -------         ENDMOD        ?C?FPCMP

  -------         MODULE        ?C?FPNEG
  C:2128H         PUBLIC        ?C?FPNEG
  -------         ENDMOD        ?C?FPNEG

  -------         MODULE        ?C?FCAST
  C:2143H         PUBLIC        ?C?FCASTC
  C:213EH         PUBLIC        ?C?FCASTI
  C:2139H         PUBLIC        ?C?FCASTL
  -------         ENDMOD        ?C?FCAST

  -------         MODULE        ?C?CASTF
  C:2177H         PUBLIC        ?C?CASTF
  -------         ENDMOD        ?C?CASTF

  -------         MODULE        PRINTF
  X:04E9H         PUBLIC        ?_PRINTF?BYTE
  X:04E9H         PUBLIC        ?_SPRINTF?BYTE
  C:4406H         PUBLIC        _PRINTF
  C:4400H         PUBLIC        _SPRINTF
  -------         ENDMOD        PRINTF

  -------         MODULE        FABS
  C:7117H         PUBLIC        _FABS
  -------         ENDMOD        FABS

  -------         MODULE        ATAN2
  X:049FH         PUBLIC        ?_atan2?BYTE
  C:6609H         PUBLIC        _atan2
  -------         ENDMOD        ATAN2

BL51 BANKED LINKER/LOCATER V6.22                                                      08/08/2019  13:33:47  PAGE 59


  -------         MODULE        SIN
  C:5869H         PUBLIC        _COS
  C:587FH         PUBLIC        _SIN
  C:58BBH         PUBLIC        _TAN
  -------         ENDMOD        SIN

  -------         MODULE        ACOS
  C:6BE8H         PUBLIC        _ACOS
  -------         ENDMOD        ACOS

  -------         MODULE        ASIN
  C:6CF6H         PUBLIC        _ASIN
  -------         ENDMOD        ASIN

  -------         MODULE        POW
  X:03BCH         PUBLIC        ?_pow?BYTE
  C:59A9H         PUBLIC        _pow
  -------         ENDMOD        POW

  -------         MODULE        ?C?CHKFLOAT
  C:21F8H         PUBLIC        ?C?CHKFLOAT
  -------         ENDMOD        ?C?CHKFLOAT

  -------         MODULE        ?C?FPROUND
  C:2212H         PUBLIC        ?C?FPROUND
  -------         ENDMOD        ?C?FPROUND

  -------         MODULE        ?C?FPCONVERT
  C:224FH         PUBLIC        ?C?FPCONVERT
  -------         ENDMOD        ?C?FPCONVERT

  -------         MODULE        EXP
  C:677AH         PUBLIC        _EXP
  -------         ENDMOD        EXP

  -------         MODULE        LOG
  C:5C98H         PUBLIC        _LOG
  C:5C94H         PUBLIC        _LOG10
  -------         ENDMOD        LOG

  -------         MODULE        SQRT
  C:64C0H         PUBLIC        _SQRT
  -------         ENDMOD        SQRT

  -------         MODULE        ATAN
  C:5DADH         PUBLIC        _ATAN
  -------         ENDMOD        ATAN

  -------         MODULE        ?C?FTNPWR
  C:23D1H         PUBLIC        ?C?FTNPWR
  -------         ENDMOD        ?C?FTNPWR

  -------         MODULE        ?C?COPY
  C:24E1H         PUBLIC        ?C?COPY
  -------         ENDMOD        ?C?COPY

  -------         MODULE        ?C?CLDPTR
BL51 BANKED LINKER/LOCATER V6.22                                                      08/08/2019  13:33:47  PAGE 60


  C:2507H         PUBLIC        ?C?CLDPTR
  -------         ENDMOD        ?C?CLDPTR

  -------         MODULE        ?C?CLDOPTR
  C:2520H         PUBLIC        ?C?CLDOPTR
  -------         ENDMOD        ?C?CLDOPTR

  -------         MODULE        ?C?CSTPTR
  C:254DH         PUBLIC        ?C?CSTPTR
  -------         ENDMOD        ?C?CSTPTR

  -------         MODULE        ?C?IMUL
  C:255FH         PUBLIC        ?C?IMUL
  -------         ENDMOD        ?C?IMUL

  -------         MODULE        ?C?UIDIV
  C:2571H         PUBLIC        ?C?UIDIV
  -------         ENDMOD        ?C?UIDIV

  -------         MODULE        ?C?SIDIV
  C:25C6H         PUBLIC        ?C?SIDIV
  -------         ENDMOD        ?C?SIDIV

  -------         MODULE        ?C?ILDIX
  C:25FCH         PUBLIC        ?C?ILDIX
  -------         ENDMOD        ?C?ILDIX

  -------         MODULE        ?C?ILDOPTR
  C:2612H         PUBLIC        ?C?ILDOPTR
  -------         ENDMOD        ?C?ILDOPTR

  -------         MODULE        ?C?ISTPTR
  C:264AH         PUBLIC        ?C?ISTPTR
  -------         ENDMOD        ?C?ISTPTR

  -------         MODULE        ?C?LMUL
  C:2669H         PUBLIC        ?C?LMUL
  -------         ENDMOD        ?C?LMUL

  -------         MODULE        ?C?SLDIV
  C:6C32H         PUBLIC        ?C?SLDIV
  -------         ENDMOD        ?C?SLDIV

  -------         MODULE        ?C?LNEG
  C:26B8H         PUBLIC        ?C?LNEG
  -------         ENDMOD        ?C?LNEG

  -------         MODULE        ?C?ULCMP
  C:26C6H         PUBLIC        ?C?ULCMP
  -------         ENDMOD        ?C?ULCMP

  -------         MODULE        ?C?LSHL
  C:26D7H         PUBLIC        ?C?LSHL
  -------         ENDMOD        ?C?LSHL

  -------         MODULE        ?C?LLDPTR
  C:26EAH         PUBLIC        ?C?LLDPTR
BL51 BANKED LINKER/LOCATER V6.22                                                      08/08/2019  13:33:47  PAGE 61


  -------         ENDMOD        ?C?LLDPTR

  -------         MODULE        ?C?LLDOPTR
  C:270AH         PUBLIC        ?C?LLDOPTR
  -------         ENDMOD        ?C?LLDOPTR

  -------         MODULE        ?C?LSTPTR
  C:273AH         PUBLIC        ?C?LSTPTR
  -------         ENDMOD        ?C?LSTPTR

  -------         MODULE        ?C?LSTOPTR
  C:2754H         PUBLIC        ?C?LSTOPTR
  -------         ENDMOD        ?C?LSTOPTR

  -------         MODULE        ?C?LLDXDATA
  C:2778H         PUBLIC        ?C?LLDXDATA
  -------         ENDMOD        ?C?LLDXDATA

  -------         MODULE        ?C?LLDCODE
  C:2784H         PUBLIC        ?C?LLDCODE
  -------         ENDMOD        ?C?LLDCODE

  -------         MODULE        ?C?LLDXDATA0
  C:2794H         PUBLIC        ?C?LLDXDATA0
  -------         ENDMOD        ?C?LLDXDATA0

  -------         MODULE        ?C?LLDCODE0
  C:27A0H         PUBLIC        ?C?LLDCODE0
  -------         ENDMOD        ?C?LLDCODE0

  -------         MODULE        ?C?LLDPTR0
  C:27B0H         PUBLIC        ?C?LLDPTR0
  -------         ENDMOD        ?C?LLDPTR0

  -------         MODULE        ?C?LSTXDATA
  C:27D0H         PUBLIC        ?C?LSTXDATA
  -------         ENDMOD        ?C?LSTXDATA

  -------         MODULE        ?C?LSTKXDATA
  C:27DCH         PUBLIC        ?C?LSTKXDATA
  -------         ENDMOD        ?C?LSTKXDATA

  -------         MODULE        ?C?LSTKPTR
  C:280DH         PUBLIC        ?C?LSTKPTR
  -------         ENDMOD        ?C?LSTKPTR

  -------         MODULE        ?C?OFFXADD
  C:2827H         PUBLIC        ?C?OFFXADD
  -------         ENDMOD        ?C?OFFXADD

  -------         MODULE        ?C?PLDIXDATA
  C:2833H         PUBLIC        ?C?PLDIXDATA
  -------         ENDMOD        ?C?PLDIXDATA

  -------         MODULE        ?C?PSTXDATA
  C:284AH         PUBLIC        ?C?PSTXDATA
  -------         ENDMOD        ?C?PSTXDATA
BL51 BANKED LINKER/LOCATER V6.22                                                      08/08/2019  13:33:47  PAGE 62



  -------         MODULE        ?C?CCASE
  C:2853H         PUBLIC        ?C?CCASE
  -------         ENDMOD        ?C?CCASE

  -------         MODULE        PUTCHAR
  C:6E8CH         PUBLIC        _PUTCHAR
  -------         ENDMOD        PUTCHAR

  -------         MODULE        ABS
  C:7130H         PUBLIC        _ABS
  -------         ENDMOD        ABS

  -------         MODULE        ATOI
  C:61B6H         PUBLIC        _atoi
  -------         ENDMOD        ATOI

  -------         MODULE        ?C?IILDX
  C:2879H         PUBLIC        ?C?IILDX
  -------         ENDMOD        ?C?IILDX

  -------         MODULE        ?C?ULDIV
  C:28CBH         PUBLIC        ?C?ULDIV
  -------         ENDMOD        ?C?ULDIV

  -------         MODULE        ?C?LLDIDATA
  C:295DH         PUBLIC        ?C?LLDIDATA
  -------         ENDMOD        ?C?LLDIDATA

  -------         MODULE        ?C?LLDPDATA
  C:2969H         PUBLIC        ?C?LLDPDATA
  -------         ENDMOD        ?C?LLDPDATA

  -------         MODULE        ?C?LLDIDATA0
  C:2975H         PUBLIC        ?C?LLDIDATA0
  -------         ENDMOD        ?C?LLDIDATA0

  -------         MODULE        ?C?LLDPDATA0
  C:2982H         PUBLIC        ?C?LLDPDATA0
  -------         ENDMOD        ?C?LLDPDATA0

  -------         MODULE        ?C?LSTIDATA
  C:298FH         PUBLIC        ?C?LSTIDATA
  -------         ENDMOD        ?C?LSTIDATA

  -------         MODULE        ?C?LSTPDATA
  C:299BH         PUBLIC        ?C?LSTPDATA
  -------         ENDMOD        ?C?LSTPDATA

  -------         MODULE        ?C?LSTKIDATA
  C:29A7H         PUBLIC        ?C?LSTKIDATA
  -------         ENDMOD        ?C?LSTKIDATA

  -------         MODULE        ?C?LSTKPDATA
  C:29C0H         PUBLIC        ?C?LSTKPDATA
  -------         ENDMOD        ?C?LSTKPDATA

BL51 BANKED LINKER/LOCATER V6.22                                                      08/08/2019  13:33:47  PAGE 63


  -------         MODULE        ISDIGIT
  C:70EEH         PUBLIC        _isdigit
  -------         ENDMOD        ISDIGIT

  -------         MODULE        ISSPACE
  C:7089H         PUBLIC        _isspace
  -------         ENDMOD        ISSPACE

*** WARNING L16: UNCALLED SEGMENT, IGNORED FOR OVERLAY PROCESS
    SEGMENT: ?PR?_DAY_OF_YEAR?PCF85063BTL

*** WARNING L16: UNCALLED SEGMENT, IGNORED FOR OVERLAY PROCESS
    SEGMENT: ?PR?NOP?IOEXPANDER_PI4IOE5V96248

*** WARNING L16: UNCALLED SEGMENT, IGNORED FOR OVERLAY PROCESS
    SEGMENT: ?PR?UC_ACK?IOEXPANDER_PI4IOE5V96248

*** WARNING L16: UNCALLED SEGMENT, IGNORED FOR OVERLAY PROCESS
    SEGMENT: ?PR?UC_NACK?IOEXPANDER_PI4IOE5V96248

*** WARNING L16: UNCALLED SEGMENT, IGNORED FOR OVERLAY PROCESS
    SEGMENT: ?PR?_TEN?UART1

*** WARNING L16: UNCALLED SEGMENT, IGNORED FOR OVERLAY PROCESS
    SEGMENT: ?PR?_UNIT?UART1

*** WARNING L16: UNCALLED SEGMENT, IGNORED FOR OVERLAY PROCESS
    SEGMENT: ?PR?_DECTOBCD?UART1

*** WARNING L16: UNCALLED SEGMENT, IGNORED FOR OVERLAY PROCESS
    SEGMENT: ?PR?_ASCII_LETTER?UART1

*** WARNING L16: UNCALLED SEGMENT, IGNORED FOR OVERLAY PROCESS
    SEGMENT: ?PR?_ASCIITOBCD?UART1

Program Size: data=15.4 xdata=1622 code=29049
LINK/LOCATE RUN COMPLETE.  9 WARNING(S),  0 ERROR(S)
