BL51 BANKED LINKER/LOCATER V6.22                                                        02/22/2019  14:21:04  PAGE 1


BL51 BANKED LINKER/LOCATER V6.22, INVOKED BY:
C:\KEIL_V5\C51\BIN\BL51.EXE .\Obj\main.obj, .\Obj\PCF85063BTL.obj, .\Obj\UART1.obj, .\Obj\LCd_Driver_SPLC780D.obj, .\Obj
>> \KeyPad.obj, .\Obj\BipolarMotor.obj, .\Obj\SunPos.obj, .\Obj\ADC.obj, .\Obj\Calibration.obj, .\Obj\IOExpander_PI4IOE5
>> V96248.obj, .\Obj\AT25SF041.obj, .\Obj\STARTUP.obj TO .\Obj\GPIO_RTC_Test PRINT (.\Lis\GPIO_RTC_Test.m51) RAMSIZE (25
>> 6)


MEMORY MODEL: LARGE WITH FLOATING POINT ARITHMETIC


INPUT MODULES INCLUDED:
  .\Obj\main.obj (MAIN)
  .\Obj\PCF85063BTL.obj (PCF85063BTL)
  .\Obj\UART1.obj (UART1)
  .\Obj\LCd_Driver_SPLC780D.obj (LCD_DRIVER_SPLC780D)
  .\Obj\KeyPad.obj (KEYPAD)
  .\Obj\BipolarMotor.obj (BIPOLARMOTOR)
  .\Obj\SunPos.obj (SUNPOS)
  .\Obj\ADC.obj (ADC)
  .\Obj\Calibration.obj (CALIBRATION)
  .\Obj\IOExpander_PI4IOE5V96248.obj (IOEXPANDER_PI4IOE5V96248)
  .\Obj\AT25SF041.obj (AT25SF041)
  .\Obj\STARTUP.obj (?C_STARTUP)
  C:\KEIL_V5\C51\LIB\C51FPL.LIB (?C?FPADD)
  C:\KEIL_V5\C51\LIB\C51FPL.LIB (?C?FPMUL)
  C:\KEIL_V5\C51\LIB\C51FPL.LIB (?C?FPDIV)
  C:\KEIL_V5\C51\LIB\C51FPL.LIB (?C?FPCMP)
  C:\KEIL_V5\C51\LIB\C51FPL.LIB (?C?FPNEG)
  C:\KEIL_V5\C51\LIB\C51FPL.LIB (?C?FCAST)
  C:\KEIL_V5\C51\LIB\C51FPL.LIB (?C?CASTF)
  C:\KEIL_V5\C51\LIB\C51FPL.LIB (ATAN2)
  C:\KEIL_V5\C51\LIB\C51FPL.LIB (SIN)
  C:\KEIL_V5\C51\LIB\C51FPL.LIB (ACOS)
  C:\KEIL_V5\C51\LIB\C51FPL.LIB (ASIN)
  C:\KEIL_V5\C51\LIB\C51FPL.LIB (?C?FPGETOPN)
  C:\KEIL_V5\C51\LIB\C51FPL.LIB (?C?FPSERIES)
  C:\KEIL_V5\C51\LIB\C51FPL.LIB (SQRT)
  C:\KEIL_V5\C51\LIB\C51FPL.LIB (ATAN)
  C:\KEIL_V5\C51\LIB\C51L.LIB (?C_INIT)
  C:\KEIL_V5\C51\LIB\C51L.LIB (?C?COPY)
  C:\KEIL_V5\C51\LIB\C51L.LIB (?C?CLDPTR)
  C:\KEIL_V5\C51\LIB\C51L.LIB (?C?CLDOPTR)
  C:\KEIL_V5\C51\LIB\C51L.LIB (?C?CSTPTR)
  C:\KEIL_V5\C51\LIB\C51L.LIB (?C?IMUL)
  C:\KEIL_V5\C51\LIB\C51L.LIB (?C?UIDIV)
  C:\KEIL_V5\C51\LIB\C51L.LIB (?C?SIDIV)
  C:\KEIL_V5\C51\LIB\C51L.LIB (?C?ILDIX)
  C:\KEIL_V5\C51\LIB\C51L.LIB (?C?ILDOPTR)
  C:\KEIL_V5\C51\LIB\C51L.LIB (?C?ISTPTR)
  C:\KEIL_V5\C51\LIB\C51L.LIB (?C?LMUL)
  C:\KEIL_V5\C51\LIB\C51L.LIB (?C?SLDIV)
  C:\KEIL_V5\C51\LIB\C51L.LIB (?C?LNEG)
  C:\KEIL_V5\C51\LIB\C51L.LIB (?C?ULCMP)
  C:\KEIL_V5\C51\LIB\C51L.LIB (?C?LSHL)
  C:\KEIL_V5\C51\LIB\C51L.LIB (?C?LLDPTR)
  C:\KEIL_V5\C51\LIB\C51L.LIB (?C?LLDOPTR)
  C:\KEIL_V5\C51\LIB\C51L.LIB (?C?LSTPTR)
  C:\KEIL_V5\C51\LIB\C51L.LIB (?C?LSTOPTR)
BL51 BANKED LINKER/LOCATER V6.22                                                      02/22/2019  14:21:04  PAGE 2


  C:\KEIL_V5\C51\LIB\C51L.LIB (?C?LLDXDATA)
  C:\KEIL_V5\C51\LIB\C51L.LIB (?C?LLDCODE)
  C:\KEIL_V5\C51\LIB\C51L.LIB (?C?LLDXDATA0)
  C:\KEIL_V5\C51\LIB\C51L.LIB (?C?LLDCODE0)
  C:\KEIL_V5\C51\LIB\C51L.LIB (?C?LLDPTR0)
  C:\KEIL_V5\C51\LIB\C51L.LIB (?C?LSTXDATA)
  C:\KEIL_V5\C51\LIB\C51L.LIB (?C?LSTKXDATA)
  C:\KEIL_V5\C51\LIB\C51L.LIB (?C?LSTKPTR)
  C:\KEIL_V5\C51\LIB\C51L.LIB (?C?OFFXADD)
  C:\KEIL_V5\C51\LIB\C51L.LIB (ABS)
  C:\KEIL_V5\C51\LIB\C51L.LIB (ATOI)
  C:\KEIL_V5\C51\LIB\C51L.LIB (?C?IILDX)
  C:\KEIL_V5\C51\LIB\C51L.LIB (?C?ULDIV)
  C:\KEIL_V5\C51\LIB\C51L.LIB (?C?LLDIDATA)
  C:\KEIL_V5\C51\LIB\C51L.LIB (?C?LLDPDATA)
  C:\KEIL_V5\C51\LIB\C51L.LIB (?C?LLDIDATA0)
  C:\KEIL_V5\C51\LIB\C51L.LIB (?C?LLDPDATA0)
  C:\KEIL_V5\C51\LIB\C51L.LIB (?C?LSTIDATA)
  C:\KEIL_V5\C51\LIB\C51L.LIB (?C?LSTPDATA)
  C:\KEIL_V5\C51\LIB\C51L.LIB (?C?LSTKIDATA)
  C:\KEIL_V5\C51\LIB\C51L.LIB (?C?LSTKPDATA)
  C:\KEIL_V5\C51\LIB\C51L.LIB (ISDIGIT)
  C:\KEIL_V5\C51\LIB\C51L.LIB (ISSPACE)


LINK MAP OF MODULE:  .\Obj\GPIO_RTC_Test (MAIN)


            TYPE    BASE      LENGTH    RELOCATION   SEGMENT NAME
            -----------------------------------------------------

            * * * * * * *   D A T A   M E M O R Y   * * * * * * *
            REG     0000H     0008H     ABSOLUTE     "REG BANK 0"
                    0008H     0018H                  *** GAP ***
            BIT     0020H.0   0000H.5   UNIT         ?BI?KEYPAD
            BIT     0020H.5   0000H.3   UNIT         _BIT_GROUP_
            BIT     0021H.0   0000H.1   UNIT         ?BI?MAIN
            BIT     0021H.1   0000H.1   UNIT         ?BI?_ATOI?ATOI
                    0021H.2   0000H.6                *** GAP ***
            IDATA   0022H     0001H     UNIT         ?STACK

            * * * * * * *  X D A T A   M E M O R Y  * * * * * * *
            XDATA   0000H     038FH     UNIT         ?XD?BIPOLARMOTOR
            XDATA   038FH     0146H     UNIT         _XDATA_GROUP_
            XDATA   04D5H     00DFH     UNIT         ?XD?MAIN
            XDATA   05B4H     0040H     UNIT         ?XD?_FINDDET4X4?BIPOLARMOTOR
            XDATA   05F4H     0024H     UNIT         ?XD?_FINDDET3X3?BIPOLARMOTOR
            XDATA   0618H     0009H     UNIT         ?XD?KEYPAD
            XDATA   0621H     0008H     UNIT         ?XD?_AT25SF041_READ?AT25SF041
            XDATA   0629H     0005H     UNIT         ?XD?_ATOI?ATOI
            XDATA   062EH     0004H     UNIT         ?XD?_DISPLAY_PROX?MAIN
            XDATA   0632H     0003H     UNIT         ?XD?_SENDSTRING?UART1
            XDATA   0635H     0001H     UNIT         ?XD?UC_ACK?IOEXPANDER_PI4IOE5V96248
            XDATA   0636H     0001H     UNIT         ?XD?UC_NACK?IOEXPANDER_PI4IOE5V96248

            * * * * * * *   C O D E   M E M O R Y   * * * * * * *
            CODE    0000H     0003H     ABSOLUTE     
BL51 BANKED LINKER/LOCATER V6.22                                                      02/22/2019  14:21:04  PAGE 3


            CODE    0003H     0006H     UNIT         ?PR?_TEN?UART1
            CODE    0009H     0001H     UNIT         ?PR?TM0_ISR?MAIN
            CODE    000AH     0001H     UNIT         ?PR?_DECTOBCD?UART1
            CODE    000BH     0003H     ABSOLUTE     
            CODE    000EH     0B00H     UNIT         ?PR?_UPDATE_POSITION?BIPOLARMOTOR
            CODE    0B0EH     0A9FH     UNIT         ?PR?MAIN?MAIN
            CODE    15ADH     09B6H     UNIT         ?C?LIB_CODE
            CODE    1F63H     07A2H     UNIT         ?PR?SUNPOS?SUNPOS
            CODE    2705H     03F2H     UNIT         ?C_INITSEG
            CODE    2AF7H     0309H     UNIT         ?PR?_FIND_REAL_MAX?CALIBRATION
            CODE    2E00H     02C0H     UNIT         ?PR?_FINDDET4X4?BIPOLARMOTOR
            CODE    30C0H     02A0H     UNIT         ?PR?KEY_PROCESS?KEYPAD
            CODE    3360H     01D1H     UNIT         ?PR?_FINDDET3X3?BIPOLARMOTOR
            CODE    3531H     018DH     UNIT         ?PR?KEY_SCAN?KEYPAD
            CODE    36BEH     0188H     UNIT         ?PR?SIN?SIN
            CODE    3846H     0172H     UNIT         ?PR?_DISPLAY_POS?MAIN
            CODE    39B8H     013CH     UNIT         ?PR?_CALIBRATION?CALIBRATION
            CODE    3AF4H     0122H     UNIT         ?PR?ATAN?ATAN
            CODE    3C16H     0106H     UNIT         ?PR?_AT25SF041_READ?AT25SF041
            CODE    3D1CH     00FBH     UNIT         ?PR?_AT25SF041_WRITE?AT25SF041
            CODE    3E17H     00EBH     UNIT         ?PR?SPI_NOR_WRITE_DATA?AT25SF041
            CODE    3F02H     00DBH     UNIT         ?PR?_ATOI?ATOI
            CODE    3FDDH     00C3H     UNIT         ?PR?LINEAR_INTERPOLATE?BIPOLARMOTOR
            CODE    40A0H     00BBH     UNIT         ?PR?VOLTAGE_IS_STABLE?CALIBRATION
            CODE    415BH     00ADH     UNIT         ?PR?_WRITE_PI4IOE5V96248?IOEXPANDER_PI4IOE5V96248
            CODE    4208H     00ACH     UNIT         ?PR?SQRT?SQRT
            CODE    42B4H     00A1H     UNIT         ?PR?READ_STATUS_REGISTER_BYTE1?AT25SF041
            CODE    4355H     009DH     UNIT         ?PR?_ATAN2?ATAN2
            CODE    43F2H     009CH     UNIT         ?PR?_MAX_VALUE?CALIBRATION
            CODE    448EH     0095H     UNIT         ?PR?_DISPLAY_PROX?MAIN
            CODE    4523H     008CH     UNIT         ?C_C51STARTUP
            CODE    45AFH     0084H     UNIT         ?PR?_DAY_OF_YEAR?PCF85063BTL
            CODE    4633H     0075H     UNIT         ?PR?_WRITEDATA?LCD_DRIVER_SPLC780D
            CODE    46A8H     006FH     UNIT         ?PR?_READ_TIME?PCF85063BTL
            CODE    4717H     005AH     UNIT         ?PR?AT25SF041_CHIPERASE?AT25SF041
            CODE    4771H     0059H     UNIT         ?PR?LCD_INIT?LCD_DRIVER_SPLC780D
            CODE    47CAH     0050H     UNIT         ?PR?AT25SF041_WRITEENABLE?AT25SF041
            CODE    481AH     004AH     UNIT         ?PR?VONESTEPMOVE?BIPOLARMOTOR
            CODE    4864H     004AH     UNIT         ?PR?ACOS?ACOS
            CODE    48AEH     0044H     UNIT         ?C?LDIV
            CODE    48F2H     0040H     UNIT         ?PR?_COMMAND?LCD_DRIVER_SPLC780D
            CODE    4932H     0040H     UNIT         ?PR?_STEP_MOVE?BIPOLARMOTOR
            CODE    4972H     003BH     UNIT         ?PR?ASIN?ASIN
            CODE    49ADH     0033H     UNIT         ?PR?_SENDSTRING?UART1
            CODE    49E0H     002CH     UNIT         ?PR?_ADC_GETRESULT?ADC
            CODE    4A0CH     002BH     UNIT         ?PR?_WAIT_MS_I2C?IOEXPANDER_PI4IOE5V96248
            CODE    4A37H     002BH     UNIT         ?PR?_WAIT_MS_SPINOR?AT25SF041
            CODE    4A62H     0028H     UNIT         ?PR?_MOVE?BIPOLARMOTOR
            CODE    4A8AH     0027H     UNIT         ?PR?_I2C_SENDBYTE?IOEXPANDER_PI4IOE5V96248
            CODE    4AB1H     0024H     UNIT         ?PR?_WAIT_MS?LCD_DRIVER_SPLC780D
            CODE    4AD5H     0020H     UNIT         ?PR?_SPI_SENDBYTE?PCF85063BTL
            CODE    4AF5H     0020H     UNIT         ?PR?SPI_RECEIVEBYTE?PCF85063BTL
            CODE    4B15H     001FH     UNIT         ?PR?ADC_INIT?ADC
            CODE    4B34H     001EH     UNIT         ?PR?_DELAY_MS?KEYPAD
            CODE    4B52H     001DH     UNIT         ?PR?_DISPLAYLCD?LCD_DRIVER_SPLC780D
            CODE    4B6FH     001BH     UNIT         ?PR?_BCDTODEC1?BIPOLARMOTOR
            CODE    4B8AH     0018H     UNIT         ?PR?_SPI_WRITETIME?PCF85063BTL
BL51 BANKED LINKER/LOCATER V6.22                                                      02/22/2019  14:21:04  PAGE 4


            CODE    4BA2H     0017H     UNIT         ?PR?_ASCIITOBCD?UART1
            CODE    4BB9H     0016H     UNIT         ?PR?I2C_ACK?IOEXPANDER_PI4IOE5V96248
            CODE    4BCFH     0015H     UNIT         ?PR?_DISPLAY_LINE?LCD_DRIVER_SPLC780D
            CODE    4BE4H     0015H     UNIT         ?PR?I2C_STOP?IOEXPANDER_PI4IOE5V96248
            CODE    4BF9H     0014H     UNIT         ?PR?_PCF85063BTL_DELAY?PCF85063BTL
            CODE    4C0DH     0014H     UNIT         ?PR?_ISSPACE?ISSPACE
            CODE    4C21H     0011H     UNIT         ?PR?_SPI_READTIME?PCF85063BTL
            CODE    4C32H     0011H     UNIT         ?PR?_BCDTODEC?PCF85063BTL
            CODE    4C43H     0011H     UNIT         ?PR?INITUART1?UART1
            CODE    4C54H     000FH     UNIT         ?PR?I2C_START?IOEXPANDER_PI4IOE5V96248
            CODE    4C63H     000FH     UNIT         ?PR?UC_NACK?IOEXPANDER_PI4IOE5V96248
            CODE    4C72H     000FH     UNIT         ?PR?_ISDIGIT?ISDIGIT
            CODE    4C81H     000DH     UNIT         ?PR?SPI_INIT?PCF85063BTL
            CODE    4C8EH     000CH     UNIT         ?PR?KEYPAD_IO_INIT?KEYPAD
            CODE    4C9AH     000CH     UNIT         ?PR?_ABS?ABS
            CODE    4CA6H     000AH     UNIT         ?PR?LCD_RETURN_HOME?LCD_DRIVER_SPLC780D
            CODE    4CB0H     000AH     UNIT         ?PR?LCD_CLEAR?LCD_DRIVER_SPLC780D
            CODE    4CBAH     0006H     UNIT         ?PR?UC_ACK?IOEXPANDER_PI4IOE5V96248
            CODE    4CC0H     0005H     UNIT         ?PR?_UNIT?UART1
            CODE    4CC5H     0005H     UNIT         ?PR?_ASCII_LETTER?UART1
            CODE    4CCAH     0001H     UNIT         ?PR?WAIT?BIPOLARMOTOR
            CODE    4CCBH     0001H     UNIT         ?PR?NOP?IOEXPANDER_PI4IOE5V96248



OVERLAY MAP OF MODULE:   .\Obj\GPIO_RTC_Test (MAIN)


SEGMENT                                             BIT_GROUP          XDATA_GROUP
  +--> CALLED SEGMENT                            START    LENGTH     START    LENGTH
------------------------------------------------------------------------------------
?C_C51STARTUP                                    -----    -----      -----    -----
  +--> ?PR?MAIN?MAIN
  +--> ?C_INITSEG

?PR?MAIN?MAIN                                    -----    -----      038FH    0025H
  +--> ?PR?LCD_INIT?LCD_DRIVER_SPLC780D
  +--> ?PR?SPI_INIT?PCF85063BTL
  +--> ?PR?KEYPAD_IO_INIT?KEYPAD
  +--> ?PR?ADC_INIT?ADC
  +--> ?PR?_SPI_WRITETIME?PCF85063BTL
  +--> ?PR?_DELAY_MS?KEYPAD
  +--> ?PR?_DISPLAY_LINE?LCD_DRIVER_SPLC780D
  +--> ?PR?_WRITEDATA?LCD_DRIVER_SPLC780D
  +--> ?PR?KEY_PROCESS?KEYPAD
  +--> ?PR?_COMMAND?LCD_DRIVER_SPLC780D
  +--> ?PR?_DISPLAY_POS?MAIN
  +--> ?PR?_DISPLAYLCD?LCD_DRIVER_SPLC780D
  +--> ?PR?_STEP_MOVE?BIPOLARMOTOR
  +--> ?PR?LCD_RETURN_HOME?LCD_DRIVER_SPLC780D
  +--> ?PR?_READ_TIME?PCF85063BTL
  +--> ?PR?_ADC_GETRESULT?ADC
  +--> ?PR?_BCDTODEC1?BIPOLARMOTOR
  +--> ?PR?_CALIBRATION?CALIBRATION
  +--> ?PR?_WAIT_MS_SPINOR?AT25SF041
  +--> ?PR?SPI_NOR_WRITE_DATA?AT25SF041
  +--> ?PR?LINEAR_INTERPOLATE?BIPOLARMOTOR
BL51 BANKED LINKER/LOCATER V6.22                                                      02/22/2019  14:21:04  PAGE 5


  +--> ?PR?_UPDATE_POSITION?BIPOLARMOTOR

?PR?LCD_INIT?LCD_DRIVER_SPLC780D                 -----    -----      -----    -----
  +--> ?PR?_WAIT_MS?LCD_DRIVER_SPLC780D
  +--> ?PR?_COMMAND?LCD_DRIVER_SPLC780D

?PR?_COMMAND?LCD_DRIVER_SPLC780D                 -----    -----      -----    -----
  +--> ?PR?_WAIT_MS?LCD_DRIVER_SPLC780D

?PR?ADC_INIT?ADC                                 -----    -----      -----    -----
  +--> ?PR?_WAIT_MS?LCD_DRIVER_SPLC780D

?PR?_SPI_WRITETIME?PCF85063BTL                   -----    -----      -----    -----
  +--> ?PR?_SPI_SENDBYTE?PCF85063BTL

?PR?_SPI_SENDBYTE?PCF85063BTL                    -----    -----      -----    -----
  +--> ?PR?_PCF85063BTL_DELAY?PCF85063BTL

?PR?_DISPLAY_LINE?LCD_DRIVER_SPLC780D            -----    -----      -----    -----
  +--> ?PR?_COMMAND?LCD_DRIVER_SPLC780D

?PR?_WRITEDATA?LCD_DRIVER_SPLC780D               -----    -----      0461H    0001H
  +--> ?PR?_WAIT_MS?LCD_DRIVER_SPLC780D

?PR?KEY_PROCESS?KEYPAD                           -----    -----      03B4H    0006H
  +--> ?PR?KEY_SCAN?KEYPAD
  +--> ?PR?_SPI_WRITETIME?PCF85063BTL
  +--> ?PR?LCD_CLEAR?LCD_DRIVER_SPLC780D
  +--> ?PR?_COMMAND?LCD_DRIVER_SPLC780D
  +--> ?PR?_WRITEDATA?LCD_DRIVER_SPLC780D

?PR?KEY_SCAN?KEYPAD                              -----    -----      03BAH    0003H

?PR?LCD_CLEAR?LCD_DRIVER_SPLC780D                -----    -----      -----    -----
  +--> ?PR?_COMMAND?LCD_DRIVER_SPLC780D

?PR?_DISPLAY_POS?MAIN                            -----    -----      0457H    000AH
  +--> ?PR?_ABS?ABS
  +--> ?PR?_WRITEDATA?LCD_DRIVER_SPLC780D

?PR?_DISPLAYLCD?LCD_DRIVER_SPLC780D              -----    -----      03B4H    0001H
  +--> ?PR?_WRITEDATA?LCD_DRIVER_SPLC780D

?PR?_STEP_MOVE?BIPOLARMOTOR                      0020H.6  0000H.1    0470H    0004H
  +--> ?PR?VONESTEPMOVE?BIPOLARMOTOR

?PR?VONESTEPMOVE?BIPOLARMOTOR                    0020H.7  0000H.1    -----    -----
  +--> ?PR?_WRITE_PI4IOE5V96248?IOEXPANDER_P...
  +--> ?PR?_DELAY_MS?KEYPAD

?PR?_WRITE_PI4IOE5V96248?IOEXPANDER_P...         -----    -----      0474H    0003H
  +--> ?PR?I2C_START?IOEXPANDER_PI4IOE5V96248
  +--> ?PR?_WAIT_MS_I2C?IOEXPANDER_PI4IOE5V9...
  +--> ?PR?_I2C_SENDBYTE?IOEXPANDER_PI4IOE5V...
  +--> ?PR?I2C_ACK?IOEXPANDER_PI4IOE5V96248
  +--> ?PR?I2C_STOP?IOEXPANDER_PI4IOE5V96248

BL51 BANKED LINKER/LOCATER V6.22                                                      02/22/2019  14:21:04  PAGE 6


?PR?I2C_START?IOEXPANDER_PI4IOE5V96248           -----    -----      -----    -----
  +--> ?PR?_WAIT_MS_I2C?IOEXPANDER_PI4IOE5V9...

?PR?_I2C_SENDBYTE?IOEXPANDER_PI4IOE5V...         -----    -----      -----    -----
  +--> ?PR?_WAIT_MS_I2C?IOEXPANDER_PI4IOE5V9...

?PR?I2C_ACK?IOEXPANDER_PI4IOE5V96248             -----    -----      0477H    0001H
  +--> ?PR?_WAIT_MS_I2C?IOEXPANDER_PI4IOE5V9...

?PR?I2C_STOP?IOEXPANDER_PI4IOE5V96248            -----    -----      -----    -----
  +--> ?PR?_WAIT_MS_I2C?IOEXPANDER_PI4IOE5V9...

?PR?LCD_RETURN_HOME?LCD_DRIVER_SPLC780D          -----    -----      -----    -----
  +--> ?PR?_COMMAND?LCD_DRIVER_SPLC780D

?PR?_READ_TIME?PCF85063BTL                       -----    -----      03B4H    000FH
  +--> ?PR?_SPI_READTIME?PCF85063BTL

?PR?_SPI_READTIME?PCF85063BTL                    -----    -----      -----    -----
  +--> ?PR?_SPI_SENDBYTE?PCF85063BTL
  +--> ?PR?SPI_RECEIVEBYTE?PCF85063BTL

?PR?SPI_RECEIVEBYTE?PCF85063BTL                  -----    -----      -----    -----
  +--> ?PR?_PCF85063BTL_DELAY?PCF85063BTL

?PR?_CALIBRATION?CALIBRATION                     -----    -----      03B4H    0019H
  +--> ?PR?VOLTAGE_IS_STABLE?CALIBRATION
  +--> ?PR?_UPDATE_POSITION?BIPOLARMOTOR
  +--> ?PR?_FIND_REAL_MAX?CALIBRATION

?PR?VOLTAGE_IS_STABLE?CALIBRATION                -----    -----      03CDH    0018H
  +--> ?PR?_ADC_GETRESULT?ADC
  +--> ?PR?_ABS?ABS

?PR?_UPDATE_POSITION?BIPOLARMOTOR                -----    -----      03CDH    009FH
  +--> ?PR?_BCDTODEC1?BIPOLARMOTOR
  +--> ?PR?SUNPOS?SUNPOS
  +--> ?PR?SIN?SIN
  +--> ?PR?ASIN?ASIN
  +--> ?PR?LINEAR_INTERPOLATE?BIPOLARMOTOR
  +--> ?PR?_ABS?ABS
  +--> ?PR?_MOVE?BIPOLARMOTOR

?PR?SUNPOS?SUNPOS                                -----    -----      046CH    005DH
  +--> ?PR?SIN?SIN
  +--> ?PR?_ATAN2?ATAN2
  +--> ?PR?ASIN?ASIN
  +--> ?PR?ACOS?ACOS

?PR?SIN?SIN                                      0020H.5  0000H.1    04C9H    0004H

?PR?_ATAN2?ATAN2                                 -----    -----      04C9H    0008H
  +--> ?PR?ATAN?ATAN

?PR?ATAN?ATAN                                    0020H.5  0000H.2    04D1H    0004H

?PR?ASIN?ASIN                                    -----    -----      -----    -----
BL51 BANKED LINKER/LOCATER V6.22                                                      02/22/2019  14:21:04  PAGE 7


  +--> ?PR?SQRT?SQRT
  +--> ?PR?ATAN?ATAN

?PR?SQRT?SQRT                                    -----    -----      04C9H    0004H

?PR?ACOS?ACOS                                    -----    -----      -----    -----
  +--> ?PR?SQRT?SQRT
  +--> ?PR?ATAN?ATAN

?PR?LINEAR_INTERPOLATE?BIPOLARMOTOR              -----    -----      046CH    0014H

?PR?_MOVE?BIPOLARMOTOR                           0020H.5  0000H.1    046CH    0004H
  +--> ?PR?_STEP_MOVE?BIPOLARMOTOR

?PR?_FIND_REAL_MAX?CALIBRATION                   -----    -----      03CDH    008AH
  +--> ?PR?_ADC_GETRESULT?ADC
  +--> ?PR?_MOVE?BIPOLARMOTOR
  +--> ?PR?_COMMAND?LCD_DRIVER_SPLC780D
  +--> ?PR?_WRITEDATA?LCD_DRIVER_SPLC780D
  +--> ?PR?_DISPLAY_POS?MAIN
  +--> ?PR?_WAIT_MS?LCD_DRIVER_SPLC780D
  +--> ?PR?_MAX_VALUE?CALIBRATION

?PR?_MAX_VALUE?CALIBRATION                       -----    -----      0457H    0004H

?PR?SPI_NOR_WRITE_DATA?AT25SF041                 -----    -----      03B4H    000EH
  +--> ?PR?AT25SF041_WRITEENABLE?AT25SF041
  +--> ?PR?AT25SF041_CHIPERASE?AT25SF041
  +--> ?PR?_WAIT_MS_SPINOR?AT25SF041
  +--> ?PR?_AT25SF041_WRITE?AT25SF041

?PR?AT25SF041_WRITEENABLE?AT25SF041              -----    -----      03C2H    0002H
  +--> ?PR?_WAIT_MS_SPINOR?AT25SF041

?PR?AT25SF041_CHIPERASE?AT25SF041                -----    -----      03C2H    0002H
  +--> ?PR?_WAIT_MS_SPINOR?AT25SF041
  +--> ?PR?READ_STATUS_REGISTER_BYTE1?AT25SF041

?PR?READ_STATUS_REGISTER_BYTE1?AT25SF041         -----    -----      03C4H    0003H
  +--> ?PR?_WAIT_MS_SPINOR?AT25SF041

?PR?_AT25SF041_WRITE?AT25SF041                   -----    -----      03C2H    0008H
  +--> ?PR?_WAIT_MS_SPINOR?AT25SF041



UNRESOLVED EXTERNAL SYMBOLS:
   AUTO_MODE
   _SENDUART1



SYMBOL TABLE OF MODULE:  .\Obj\GPIO_RTC_Test (MAIN)

  VALUE           TYPE          NAME
  ----------------------------------

BL51 BANKED LINKER/LOCATER V6.22                                                      02/22/2019  14:21:04  PAGE 8


  -------         MODULE        MAIN
  C:0000H         SYMBOL        _ICE_DUMMY_
  X:04DDH         PUBLIC        calib_value
  D:0080H         PUBLIC        P0
  D:00B2H         PUBLIC        P3M0
  D:0090H         PUBLIC        P1
  D:00B1H         PUBLIC        P3M1
  D:00A0H         PUBLIC        P2
  D:00B0H         PUBLIC        P3
  D:00C0H         PUBLIC        P4
  D:00C8H         PUBLIC        P5
  X:0531H         SYMBOL        PressedKey
  B:00A8H.7       PUBLIC        EA
  D:00E8H         PUBLIC        P6
  X:0535H         PUBLIC        calib_stamp
  D:00F8H         PUBLIC        P7
  X:0536H         PUBLIC        RX_Data_Uart_Cnt
  D:00A8H         PUBLIC        IE
  X:0538H         PUBLIC        dat_to_store
  X:0543H         PUBLIC        calib_time
  D:00B8H         PUBLIC        IP
  X:0597H         PUBLIC        months
  D:00D8H         PUBLIC        CCON
  C:0B0EH         PUBLIC        main
  X:0598H         PUBLIC        count
  X:059AH         PUBLIC        days
  X:059BH         PUBLIC        hours
  D:0098H         PUBLIC        SCON
  D:0089H         PUBLIC        TMOD
  D:0088H         PUBLIC        TCON
  B:00A0H.3       PUBLIC        P23
  X:059CH         SYMBOL        KeyCount
  X:059EH         PUBLIC        mins
  X:059FH         PUBLIC        Rec_data_hour
  B:00C8H.5       PUBLIC        P55
  X:05A2H         PUBLIC        Rec_data_min
  D:008EH         PUBLIC        AUXR
  C:0009H         PUBLIC        tm0_isr
  B:0021H.0       PUBLIC        busy
  B:00A8H.1       PUBLIC        ET0
  D:008CH         PUBLIC        TH0
  X:05A5H         PUBLIC        hour_count
  D:008AH         PUBLIC        TL0
  X:05A6H         PUBLIC        min_count
  B:0088H.4       PUBLIC        TR0
  X:05A7H         SYMBOL        KeyNum
  X:05A8H         SYMBOL        KeyNum_Old
  X:05A9H         PUBLIC        current_position
  X:05ADH         PUBLIC        hours1
  X:05AEH         PUBLIC        hours2
  C:448EH         PUBLIC        _Display_Prox
  X:05AFH         PUBLIC        mins1
  X:05B0H         PUBLIC        mins2
  C:3846H         PUBLIC        _Display_Pos
  X:05B1H         PUBLIC        seconds
  X:05B2H         PUBLIC        st_time
  D:00D0H         PUBLIC        PSW
BL51 BANKED LINKER/LOCATER V6.22                                                      02/22/2019  14:21:04  PAGE 9


  -------         PROC          TM0_ISR
  C:0009H         LINE#         86
  C:0009H         LINE#         88
  -------         ENDPROC       TM0_ISR
  -------         PROC          MAIN
  -------         DO            
  X:038FH         SYMBOL        sunlight_ADC
  X:04D5H         SYMBOL        KeyCount
  X:04D7H         SYMBOL        KeyNum_Old
  X:04D8H         SYMBOL        KeyNum
  X:04D9H         SYMBOL        PressedKey
  X:0391H         SYMBOL        prox_flag
  X:0392H         SYMBOL        iUse_prevday_calib_value
  X:0394H         SYMBOL        max_ADC_Val
  X:0396H         SYMBOL        max_ADC_Val_JP
  X:0398H         SYMBOL        calib_point1
  X:03A0H         SYMBOL        calib_point2
  X:03A8H         SYMBOL        calib_day
  X:03AAH         SYMBOL        calib_count
  X:03ACH         SYMBOL        theorical_JP_max_pos
  X:03B0H         SYMBOL        SPI_NOR_INTERNAL_FLASH_ADDR
  -------         ENDDO         
  C:0B0EH         LINE#         90
  C:0B0EH         LINE#         91
  C:0B0EH         LINE#         96
  C:0B14H         LINE#         97
  C:0B21H         LINE#         101
  C:0B27H         LINE#         102
  C:0B31H         LINE#         103
  C:0B3BH         LINE#         107
  C:0B3DH         LINE#         108
  C:0B3FH         LINE#         109
  C:0B41H         LINE#         110
  C:0B43H         LINE#         112
  C:0B4AH         LINE#         121
  C:0B4CH         LINE#         122
  C:0B4FH         LINE#         123
  C:0B52H         LINE#         124
  C:0B55H         LINE#         125
  C:0B58H         LINE#         126
  C:0B5BH         LINE#         129
  C:0B5EH         LINE#         131
  C:0B61H         LINE#         132
  C:0B64H         LINE#         133
  C:0B67H         LINE#         134
  C:0B69H         LINE#         135
  C:0B6BH         LINE#         136
  C:0B6DH         LINE#         138
  C:0B6FH         LINE#         139
  C:0B76H         LINE#         140
  C:0B7DH         LINE#         141
  C:0B84H         LINE#         142
  C:0B8BH         LINE#         146
  C:0B92H         LINE#         147
  C:0B97H         LINE#         148
  C:0B9CH         LINE#         149
  C:0BA1H         LINE#         150
BL51 BANKED LINKER/LOCATER V6.22                                                      02/22/2019  14:21:04  PAGE 10


  C:0BA6H         LINE#         151
  C:0BABH         LINE#         154
  C:0BC4H         LINE#         155
  C:0BC4H         LINE#         156
  C:0BE0H         LINE#         157
  C:0C27H         LINE#         158
  C:0C38H         LINE#         159
  C:0C38H         LINE#         160
  C:0C38H         LINE#         161
  C:0C3BH         LINE#         164
  C:0C3BH         LINE#         167
  C:0C40H         LINE#         168
  C:0C45H         LINE#         170
  C:0C4AH         LINE#         171
  C:0C4FH         LINE#         172
  C:0C54H         LINE#         173
  C:0C59H         LINE#         175
  C:0C6AH         LINE#         176
  C:0C6FH         LINE#         177
  C:0C74H         LINE#         179
  C:0C7BH         LINE#         180
  C:0C83H         LINE#         181
  C:0C88H         LINE#         182
  C:0C90H         LINE#         183
  C:0C95H         LINE#         184
  C:0C9FH         LINE#         185
  C:0CA4H         LINE#         186
  C:0CACH         LINE#         188
  C:0CB4H         LINE#         189
  C:0CB9H         LINE#         190
  C:0CC3H         LINE#         191
  C:0CC3H         LINE#         192
  C:0CC5H         LINE#         193
  C:0CC7H         LINE#         194
  C:0CD1H         LINE#         195
  C:0CD1H         LINE#         196
  C:0CD6H         LINE#         197
  C:0CD6H         LINE#         209
  C:0CE3H         LINE#         210
  C:0CE3H         LINE#         211
  C:0CEDH         LINE#         212
  C:0D04H         LINE#         213
  C:0D04H         LINE#         214
  C:0D06H         LINE#         215
  C:0D08H         LINE#         217
  C:0D08H         LINE#         218
  C:0D13H         LINE#         219
  C:0D13H         LINE#         220
  C:0D18H         LINE#         221
  C:0D18H         LINE#         222
  C:0D25H         LINE#         223
  C:0D25H         LINE#         226
  C:0D2FH         LINE#         227
  C:0D46H         LINE#         228
  C:0D46H         LINE#         229
  C:0D48H         LINE#         230
  C:0D4AH         LINE#         232
BL51 BANKED LINKER/LOCATER V6.22                                                      02/22/2019  14:21:04  PAGE 11


  C:0D4AH         LINE#         233
  C:0D55H         LINE#         234
  C:0D55H         LINE#         235
  C:0D5AH         LINE#         236
  C:0D5CH         LINE#         237
  C:0D5CH         LINE#         246
  C:0D7EH         LINE#         247
  C:0D7EH         LINE#         248
  C:0D88H         LINE#         249
  C:0D8EH         LINE#         250
  C:0D90H         LINE#         251
  C:0D92H         LINE#         252
  C:0D94H         LINE#         253
  C:0D94H         LINE#         254
  C:0D97H         LINE#         256
  C:0D97H         LINE#         257
  C:0D9DH         LINE#         258
  C:0DA5H         LINE#         259
  C:0DABH         LINE#         260
  C:0DB3H         LINE#         261
  C:0DEEH         LINE#         265
  C:0DFBH         LINE#         266
  C:0DFBH         LINE#         267
  C:0E08H         LINE#         268
  C:0E3BH         LINE#         269
  C:0E48H         LINE#         270
  C:0E48H         LINE#         272
  C:0E77H         LINE#         273
  C:0E77H         LINE#         274
  C:0E99H         LINE#         275
  C:0E99H         LINE#         276
  C:0F15H         LINE#         277
  C:0F93H         LINE#         281
  C:0F9BH         LINE#         282
  C:0FA3H         LINE#         283
  C:0FABH         LINE#         285
  C:0FB3H         LINE#         286
  C:0FC7H         LINE#         287
  C:0FDDH         LINE#         289
  C:100DH         LINE#         290
  C:1021H         LINE#         291
  C:102AH         LINE#         294
  C:1040H         LINE#         295
  C:106AH         LINE#         360
  C:1071H         LINE#         361
  C:1071H         LINE#         362
  C:1074H         LINE#         363
  C:1085H         LINE#         364
  C:1085H         LINE#         365
  C:1085H         LINE#         367
  C:1085H         LINE#         370
  C:1088H         LINE#         372
  C:1088H         LINE#         373
  C:10AAH         LINE#         374
  C:10AAH         LINE#         375
  C:1126H         LINE#         376
  C:117BH         LINE#         377
BL51 BANKED LINKER/LOCATER V6.22                                                      02/22/2019  14:21:04  PAGE 12


  C:117BH         LINE#         378
  C:117BH         LINE#         379
  C:117EH         LINE#         383
  C:117EH         LINE#         386
  C:11B2H         LINE#         387
  C:11B2H         LINE#         388
  C:11D4H         LINE#         389
  C:11D4H         LINE#         390
  C:1250H         LINE#         391
  C:12CEH         LINE#         395
  C:12D6H         LINE#         396
  C:12DEH         LINE#         397
  C:12E6H         LINE#         399
  C:12EEH         LINE#         401
  C:1304H         LINE#         403
  C:1334H         LINE#         407
  C:134AH         LINE#         408
  C:137AH         LINE#         409
  C:139EH         LINE#         411
  C:13A1H         LINE#         412
  C:13B2H         LINE#         413
  C:13B2H         LINE#         414
  C:13BAH         LINE#         416
  C:13BAH         LINE#         419
  C:13BDH         LINE#         421
  C:13BDH         LINE#         423
  C:13DFH         LINE#         424
  C:13DFH         LINE#         425
  C:145BH         LINE#         427
  C:1488H         LINE#         428
  C:14A3H         LINE#         429
  C:14D0H         LINE#         430
  C:14EBH         LINE#         432
  C:1587H         LINE#         435
  C:1587H         LINE#         436
  C:1587H         LINE#         437
  C:1587H         LINE#         439
  C:1587H         LINE#         442
  C:15A3H         LINE#         443
  C:15A8H         LINE#         445
  C:15AAH         LINE#         446
  -------         ENDPROC       MAIN
  -------         PROC          _DISPLAY_PROX
  D:0002H         SYMBOL        dat
  -------         DO            
  X:062EH         SYMBOL        unit
  X:062FH         SYMBOL        ten
  X:0630H         SYMBOL        hundred
  X:0631H         SYMBOL        thousand
  -------         ENDDO         
  C:448EH         LINE#         530
  C:4492H         LINE#         531
  C:4492H         LINE#         533
  C:449EH         LINE#         534
  C:44AEH         LINE#         535
  C:44CAH         LINE#         536
  C:44FAH         LINE#         537
BL51 BANKED LINKER/LOCATER V6.22                                                      02/22/2019  14:21:04  PAGE 13


  C:4504H         LINE#         538
  C:450EH         LINE#         539
  C:4518H         LINE#         540
  C:4522H         LINE#         542
  -------         ENDPROC       _DISPLAY_PROX
  -------         PROC          _DISPLAY_POS
  X:0457H         SYMBOL        sign_dat
  -------         DO            
  X:045BH         SYMBOL        unit
  X:045CH         SYMBOL        ten
  X:045DH         SYMBOL        hundred
  D:0003H         SYMBOL        thousand
  X:045EH         SYMBOL        after_dot
  X:045FH         SYMBOL        dat
  -------         ENDDO         
  C:3846H         LINE#         545
  C:384CH         LINE#         546
  C:384CH         LINE#         550
  C:3868H         LINE#         551
  C:3882H         LINE#         552
  C:38A6H         LINE#         554
  C:38F0H         LINE#         556
  C:3907H         LINE#         557
  C:3914H         LINE#         558
  C:3936H         LINE#         559
  C:396BH         LINE#         560
  C:3983H         LINE#         561
  C:3983H         LINE#         563
  C:3983H         LINE#         564
  C:3983H         LINE#         565
  C:3983H         LINE#         566
  C:3983H         LINE#         567
  C:3983H         LINE#         571
  C:3985H         LINE#         573
  C:3985H         LINE#         575
  C:398AH         LINE#         576
  C:3994H         LINE#         577
  C:399EH         LINE#         578
  C:39A8H         LINE#         579
  C:39ADH         LINE#         580
  C:39B7H         LINE#         584
  C:39B7H         LINE#         586
  -------         ENDPROC       _DISPLAY_POS
  -------         ENDMOD        MAIN

  -------         MODULE        PCF85063BTL
  C:0000H         SYMBOL        _ICE_DUMMY_
  D:0096H         PUBLIC        P2M0
  D:0080H         PUBLIC        P0
  D:0095H         PUBLIC        P2M1
  D:0090H         PUBLIC        P1
  D:00A0H         PUBLIC        P2
  D:00B0H         PUBLIC        P3
  D:00C0H         PUBLIC        P4
  D:00C8H         PUBLIC        P5
  D:00E8H         PUBLIC        P6
  B:00A0H.1       PUBLIC        PCF85063BTL_SDI
BL51 BANKED LINKER/LOCATER V6.22                                                      02/22/2019  14:21:04  PAGE 14


  D:00F8H         PUBLIC        P7
  B:00A0H.2       PUBLIC        PCF85063BTL_SCK
  B:00A0H.1       PUBLIC        PCF85063BTL_SDO
  D:00A8H         PUBLIC        IE
  C:46A8H         PUBLIC        _Read_time
  C:4BFFH         PUBLIC        _PCF85063BTL_Delay
  D:00B8H         PUBLIC        IP
  D:00D8H         PUBLIC        CCON
  C:45AFH         PUBLIC        _Day_Of_Year
  C:4AF5H         PUBLIC        SPI_ReceiveByte
  D:0098H         PUBLIC        SCON
  D:0088H         PUBLIC        TCON
  C:4C32H         PUBLIC        _BCDtoDec
  B:00A0H.0       PUBLIC        PCF85063BTL_CS
  C:4C21H         PUBLIC        _SPI_ReadTime
  C:4C81H         PUBLIC        SPI_Init
  C:4B8AH         PUBLIC        _SPI_WriteTime
  C:4AD5H         PUBLIC        _SPI_SendByte
  D:00D0H         PUBLIC        PSW
  C:4BFBH         SYMBOL        L?0047
  -------         PROC          L?0046
  -------         ENDPROC       L?0046
  C:4BFBH         SYMBOL        L?0047
  -------         PROC          _PCF85063BTL_DELAY
  D:0006H         SYMBOL        us
  C:4BFFH         LINE#         8
  C:4BFFH         LINE#         9
  C:4BFFH         LINE#         10
  C:4C09H         LINE#         11
  C:4C09H         LINE#         12
  C:4C0AH         LINE#         13
  C:4C0CH         LINE#         14
  -------         ENDPROC       _PCF85063BTL_DELAY
  -------         PROC          _SPI_SENDBYTE
  D:0005H         SYMBOL        dat
  -------         DO            
  D:0003H         SYMBOL        i
  -------         ENDDO         
  C:4AD5H         LINE#         17
  C:4AD7H         LINE#         18
  C:4AD7H         LINE#         20
  C:4AD9H         LINE#         21
  C:4AD9H         LINE#         22
  C:4ADBH         LINE#         23
  C:4ADFH         LINE#         24
  C:4ADFH         LINE#         25
  C:4AE1H         LINE#         26
  C:4AE3H         LINE#         28
  C:4AE3H         LINE#         29
  C:4AE5H         LINE#         30
  C:4AE5H         LINE#         31
  C:4AE8H         LINE#         32
  C:4AE8H         LINE#         33
  C:4AEBH         LINE#         34
  C:4AEFH         LINE#         35
  C:4AF4H         LINE#         36
  -------         ENDPROC       _SPI_SENDBYTE
BL51 BANKED LINKER/LOCATER V6.22                                                      02/22/2019  14:21:04  PAGE 15


  -------         PROC          SPI_RECEIVEBYTE
  -------         DO            
  D:0003H         SYMBOL        i
  D:0005H         SYMBOL        dat
  -------         ENDDO         
  C:4AF5H         LINE#         39
  C:4AF5H         LINE#         40
  C:4AF5H         LINE#         42
  C:4AF7H         LINE#         44
  C:4AF9H         LINE#         45
  C:4AFAH         LINE#         46
  C:4AFAH         LINE#         47
  C:4AFEH         LINE#         48
  C:4B00H         LINE#         49
  C:4B03H         LINE#         51
  C:4B06H         LINE#         52
  C:4B06H         LINE#         53
  C:4B0AH         LINE#         54
  C:4B0AH         LINE#         55
  C:4B0AH         LINE#         56
  C:4B0DH         LINE#         57
  C:4B12H         LINE#         58
  C:4B14H         LINE#         59
  -------         ENDPROC       SPI_RECEIVEBYTE
  -------         PROC          _SPI_READTIME
  D:0007H         SYMBOL        addr
  -------         DO            
  D:0006H         SYMBOL        dat
  -------         ENDDO         
  C:4C21H         LINE#         61
  C:4C21H         LINE#         62
  C:4C21H         LINE#         64
  C:4C23H         LINE#         65
  C:4C25H         LINE#         66
  C:4C2CH         LINE#         67
  C:4C2FH         LINE#         68
  C:4C31H         LINE#         69
  C:4C31H         LINE#         70
  -------         ENDPROC       _SPI_READTIME
  -------         PROC          _SPI_WRITETIME
  D:0002H         SYMBOL        val
  D:0005H         SYMBOL        addr
  C:4B8AH         LINE#         71
  C:4B8CH         LINE#         72
  C:4B8CH         LINE#         74
  C:4B8EH         LINE#         75
  C:4B95H         LINE#         76
  C:4B9AH         LINE#         77
  C:4B9FH         LINE#         78
  C:4BA1H         LINE#         79
  -------         ENDPROC       _SPI_WRITETIME
  -------         PROC          SPI_INIT
  C:4C81H         LINE#         83
  C:4C81H         LINE#         84
  C:4C81H         LINE#         89
  C:4C84H         LINE#         90
  C:4C87H         LINE#         91
BL51 BANKED LINKER/LOCATER V6.22                                                      02/22/2019  14:21:04  PAGE 16


  C:4C89H         LINE#         92
  C:4C8BH         LINE#         93
  C:4C8DH         LINE#         94
  -------         ENDPROC       SPI_INIT
  -------         PROC          _READ_TIME
  X:03B4H         SYMBOL        months
  X:03B7H         SYMBOL        days
  X:03BAH         SYMBOL        hours
  X:03BDH         SYMBOL        mins
  X:03C0H         SYMBOL        seconds
  C:46A8H         LINE#         96
  C:46B3H         LINE#         97
  C:46B3H         LINE#         99
  C:46C7H         LINE#         101
  C:46DBH         LINE#         103
  C:46EFH         LINE#         108
  C:4703H         LINE#         113
  -------         ENDPROC       _READ_TIME
  -------         PROC          _BCDTODEC
  D:0007H         SYMBOL        bcd
  -------         DO            
  D:0006H         SYMBOL        hi
  D:0007H         SYMBOL        lo
  -------         ENDDO         
  C:4C32H         LINE#         119
  C:4C32H         LINE#         120
  C:4C32H         LINE#         122
  C:4C37H         LINE#         123
  C:4C3BH         LINE#         124
  C:4C42H         LINE#         125
  -------         ENDPROC       _BCDTODEC
  -------         PROC          _DAY_OF_YEAR
  D:0007H         SYMBOL        months_bcd
  D:0005H         SYMBOL        days_bcd
  -------         DO            
  D:0004H         SYMBOL        months
  D:0007H         SYMBOL        days
  -------         ENDDO         
  C:45AFH         LINE#         126
  C:45AFH         LINE#         127
  C:45AFH         LINE#         130
  C:45B4H         LINE#         132
  C:45B9H         LINE#         134
  C:45F2H         LINE#         135
  C:45F2H         LINE#         136
  C:45F2H         LINE#         137
  C:45F5H         LINE#         138
  C:45F5H         LINE#         139
  C:45F5H         LINE#         140
  C:45FAH         LINE#         141
  C:45FAH         LINE#         142
  C:45FAH         LINE#         143
  C:45FFH         LINE#         144
  C:45FFH         LINE#         145
  C:45FFH         LINE#         146
  C:4604H         LINE#         147
  C:4604H         LINE#         148
BL51 BANKED LINKER/LOCATER V6.22                                                      02/22/2019  14:21:04  PAGE 17


  C:4604H         LINE#         149
  C:4609H         LINE#         150
  C:4609H         LINE#         151
  C:4609H         LINE#         152
  C:460EH         LINE#         153
  C:460EH         LINE#         154
  C:460EH         LINE#         155
  C:4613H         LINE#         156
  C:4613H         LINE#         157
  C:4613H         LINE#         158
  C:4618H         LINE#         159
  C:4618H         LINE#         160
  C:4618H         LINE#         161
  C:4620H         LINE#         162
  C:4620H         LINE#         163
  C:4620H         LINE#         164
  C:4625H         LINE#         165
  C:4625H         LINE#         166
  C:4625H         LINE#         167
  C:462AH         LINE#         168
  C:462AH         LINE#         169
  C:462AH         LINE#         170
  C:4632H         LINE#         171
  C:4632H         LINE#         172
  C:4632H         LINE#         173
  -------         ENDPROC       _DAY_OF_YEAR
  -------         ENDMOD        PCF85063BTL

  -------         MODULE        UART1
  C:0000H         SYMBOL        _ICE_DUMMY_
  D:0080H         PUBLIC        P0
  D:0090H         PUBLIC        P1
  D:00A0H         PUBLIC        P2
  D:00B0H         PUBLIC        P3
  D:00C0H         PUBLIC        P4
  D:00C8H         PUBLIC        P5
  B:00A8H.7       PUBLIC        EA
  D:00E8H         PUBLIC        P6
  D:00F8H         PUBLIC        P7
  C:49ADH         PUBLIC        _SendString
  D:00A8H         PUBLIC        IE
  B:00A8H.4       PUBLIC        ES
  D:00B8H         PUBLIC        IP
  C:4BA2H         PUBLIC        _ASCIItoBCD
  D:00D8H         PUBLIC        CCON
  C:4C43H         PUBLIC        initUART1
  D:0098H         PUBLIC        SCON
  D:0088H         PUBLIC        TCON
  C:000AH         PUBLIC        _DectoBCD
  C:4CC5H         PUBLIC        _ASCII_Letter
  D:008EH         PUBLIC        AUXR
  C:4CC0H         PUBLIC        _unit
  C:0003H         PUBLIC        _ten
  D:00D6H         PUBLIC        T2H
  D:00D7H         PUBLIC        T2L
  D:00D0H         PUBLIC        PSW
  -------         PROC          INITUART1
BL51 BANKED LINKER/LOCATER V6.22                                                      02/22/2019  14:21:04  PAGE 18


  C:4C43H         LINE#         21
  C:4C43H         LINE#         22
  C:4C43H         LINE#         23
  C:4C46H         LINE#         24
  C:4C49H         LINE#         25
  C:4C4CH         LINE#         26
  C:4C4FH         LINE#         27
  C:4C51H         LINE#         28
  C:4C53H         LINE#         30
  -------         ENDPROC       INITUART1
  -------         PROC          _SENDSTRING
  X:0632H         SYMBOL        s
  C:49ADH         LINE#         35
  C:49B8H         LINE#         36
  C:49B8H         LINE#         37
  C:49C8H         LINE#         38
  C:49C8H         LINE#         39
  C:49DDH         LINE#         40
  C:49DFH         LINE#         41
  -------         ENDPROC       _SENDSTRING
  -------         PROC          _TEN
  D:0007H         SYMBOL        BCD
  C:0003H         LINE#         43
  C:0003H         LINE#         44
  C:0003H         LINE#         45
  C:0008H         LINE#         46
  -------         ENDPROC       _TEN
  -------         PROC          _UNIT
  D:0007H         SYMBOL        BCD
  C:4CC0H         LINE#         47
  C:4CC0H         LINE#         48
  C:4CC0H         LINE#         52
  C:4CC4H         LINE#         53
  -------         ENDPROC       _UNIT
  -------         PROC          _DECTOBCD
  D:0007H         SYMBOL        dec
  C:000AH         LINE#         54
  C:000AH         LINE#         55
  C:000AH         LINE#         57
  C:000AH         LINE#         58
  -------         ENDPROC       _DECTOBCD
  -------         PROC          _ASCII_LETTER
  D:0007H         SYMBOL        dat
  C:4CC5H         LINE#         60
  C:4CC5H         LINE#         61
  C:4CC5H         LINE#         63
  C:4CC9H         LINE#         64
  -------         ENDPROC       _ASCII_LETTER
  -------         PROC          _ASCIITOBCD
  D:0001H         SYMBOL        ascii
  -------         DO            
  D:0007H         SYMBOL        dec_val
  D:0006H         SYMBOL        ten
  D:0007H         SYMBOL        unit
  -------         ENDDO         
  C:4BA2H         LINE#         66
  C:4BA2H         LINE#         67
BL51 BANKED LINKER/LOCATER V6.22                                                      02/22/2019  14:21:04  PAGE 19


  C:4BA2H         LINE#         69
  C:4BA5H         LINE#         70
  C:4BABH         LINE#         71
  C:4BB2H         LINE#         72
  C:4BB8H         LINE#         74
  -------         ENDPROC       _ASCIITOBCD
  -------         ENDMOD        UART1

  -------         MODULE        LCD_DRIVER_SPLC780D
  C:0000H         SYMBOL        _ICE_DUMMY_
  D:0092H         PUBLIC        P1M0
  D:0091H         PUBLIC        P1M1
  D:0080H         PUBLIC        P0
  D:0090H         PUBLIC        P1
  D:00A0H         PUBLIC        P2
  D:00B0H         PUBLIC        P3
  D:00C0H         PUBLIC        P4
  D:00C8H         PUBLIC        P5
  D:00E8H         PUBLIC        P6
  D:00F8H         PUBLIC        P7
  C:4633H         PUBLIC        _WriteData
  D:00A8H         PUBLIC        IE
  D:00B8H         PUBLIC        IP
  D:00D8H         PUBLIC        CCON
  B:00B0H.4       PUBLIC        LCD_D4
  B:00B0H.5       PUBLIC        LCD_D5
  B:00B0H.6       PUBLIC        LCD_D6
  C:4B52H         PUBLIC        _DisplayLCD
  B:00B0H.7       PUBLIC        LCD_D7
  D:0098H         PUBLIC        SCON
  D:0088H         PUBLIC        TCON
  C:4CB0H         PUBLIC        LCD_clear
  C:48F2H         PUBLIC        _Command
  C:4BCFH         PUBLIC        _Display_Line
  C:4771H         PUBLIC        LCD_Init
  C:4AB7H         PUBLIC        _Wait_ms
  B:00C0H.0       PUBLIC        LCD_RS
  B:00B0H.2       PUBLIC        LCD_RW
  C:4CA6H         PUBLIC        LCD_return_home
  B:00B0H.3       PUBLIC        LCD_E
  D:00D0H         PUBLIC        PSW
  -------         PROC          LCD_INIT
  C:4771H         LINE#         9
  C:4771H         LINE#         10
  C:4771H         LINE#         11
  C:4774H         LINE#         12
  C:4777H         LINE#         14
  C:477DH         LINE#         15
  C:4782H         LINE#         17
  C:4789H         LINE#         18
  C:478EH         LINE#         20
  C:4791H         LINE#         21
  C:4796H         LINE#         23
  C:4799H         LINE#         24
  C:479EH         LINE#         26
  C:47A5H         LINE#         29
  C:47AAH         LINE#         30
BL51 BANKED LINKER/LOCATER V6.22                                                      02/22/2019  14:21:04  PAGE 20


  C:47AFH         LINE#         32
  C:47B4H         LINE#         33
  C:47B9H         LINE#         35
  C:47BEH         LINE#         36
  C:47C3H         LINE#         37
  -------         ENDPROC       LCD_INIT
  -------         PROC          _WRITEDATA
  X:0461H         SYMBOL        dat
  C:4633H         LINE#         40
  C:4638H         LINE#         41
  C:4638H         LINE#         46
  C:463AH         LINE#         47
  C:463CH         LINE#         49
  C:464AH         LINE#         50
  C:4656H         LINE#         51
  C:4662H         LINE#         52
  C:466CH         LINE#         53
  C:466EH         LINE#         54
  C:4675H         LINE#         55
  C:4677H         LINE#         57
  C:4687H         LINE#         58
  C:4692H         LINE#         59
  C:469CH         LINE#         60
  C:46A0H         LINE#         62
  C:46A0H         LINE#         63
  C:46A3H         LINE#         64
  C:46A5H         LINE#         65
  C:46A7H         LINE#         67
  -------         ENDPROC       _WRITEDATA
  -------         PROC          _COMMAND
  D:0007H         SYMBOL        dat
  C:48F2H         LINE#         69
  C:48F2H         LINE#         70
  C:48F2H         LINE#         71
  C:48F4H         LINE#         72
  C:48F6H         LINE#         74
  C:4900H         LINE#         75
  C:4904H         LINE#         77
  C:4906H         LINE#         78
  C:490FH         LINE#         79
  C:4913H         LINE#         81
  C:4915H         LINE#         82
  C:491CH         LINE#         83
  C:4920H         LINE#         85
  C:4922H         LINE#         86
  C:4926H         LINE#         87
  C:492AH         LINE#         89
  C:492CH         LINE#         90
  C:492CH         LINE#         91
  C:492FH         LINE#         92
  C:4931H         LINE#         93
  -------         ENDPROC       _COMMAND
  C:4AB3H         SYMBOL        L?0028
  -------         PROC          L?0027
  -------         ENDPROC       L?0027
  C:4AB3H         SYMBOL        L?0028
  -------         PROC          _WAIT_MS
BL51 BANKED LINKER/LOCATER V6.22                                                      02/22/2019  14:21:04  PAGE 21


  D:0006H         SYMBOL        ms
  -------         DO            
  D:0004H         SYMBOL        De_Cnt
  -------         ENDDO         
  C:4AB7H         LINE#         95
  C:4AB7H         LINE#         96
  C:4AB7H         LINE#         98
  C:4AC1H         LINE#         99
  C:4AC1H         LINE#         100
  C:4AD4H         LINE#         101
  C:4AD4H         LINE#         102
  -------         ENDPROC       _WAIT_MS
  -------         PROC          _DISPLAYLCD
  D:0007H         SYMBOL        BCD
  -------         DO            
  D:0006H         SYMBOL        first_digit
  X:03B4H         SYMBOL        second_digit
  -------         ENDDO         
  C:4B52H         LINE#         103
  C:4B52H         LINE#         104
  C:4B52H         LINE#         106
  C:4B59H         LINE#         107
  C:4B62H         LINE#         109
  C:4B67H         LINE#         111
  -------         ENDPROC       _DISPLAYLCD
  -------         PROC          LCD_RETURN_HOME
  C:4CA6H         LINE#         115
  C:4CA6H         LINE#         116
  C:4CA6H         LINE#         117
  C:4CABH         LINE#         118
  -------         ENDPROC       LCD_RETURN_HOME
  -------         PROC          LCD_CLEAR
  C:4CB0H         LINE#         121
  C:4CB0H         LINE#         122
  C:4CB0H         LINE#         123
  C:4CB5H         LINE#         124
  -------         ENDPROC       LCD_CLEAR
  -------         PROC          _DISPLAY_LINE
  D:0006H         SYMBOL        line
  C:4BCFH         LINE#         128
  C:4BCFH         LINE#         129
  C:4BCFH         LINE#         130
  C:4BD5H         LINE#         131
  C:4BD5H         LINE#         132
  C:4BD7H         LINE#         133
  C:4BD7H         LINE#         134
  C:4BD9H         LINE#         136
  C:4BD9H         LINE#         137
  C:4BDEH         LINE#         138
  C:4BE3H         LINE#         139
  C:4BE3H         LINE#         140
  -------         ENDPROC       _DISPLAY_LINE
  -------         ENDMOD        LCD_DRIVER_SPLC780D

  -------         MODULE        KEYPAD
  C:0000H         SYMBOL        _ICE_DUMMY_
  D:0093H         PUBLIC        P0M1
BL51 BANKED LINKER/LOCATER V6.22                                                      02/22/2019  14:21:04  PAGE 22


  D:0080H         PUBLIC        P0
  D:0090H         PUBLIC        P1
  D:00A0H         PUBLIC        P2
  D:00B0H         PUBLIC        P3
  D:00C0H         PUBLIC        P4
  D:00C8H         PUBLIC        P5
  B:0020H.0       PUBLIC        calib_mode
  D:00E8H         PUBLIC        P6
  D:00F8H         PUBLIC        P7
  D:00A8H         PUBLIC        IE
  C:3531H         PUBLIC        Key_Scan
  D:00B8H         PUBLIC        IP
  D:00D8H         PUBLIC        CCON
  C:4C8EH         PUBLIC        KeyPad_IO_Init
  C:4B34H         PUBLIC        _Delay_ms
  D:0098H         PUBLIC        SCON
  D:0088H         PUBLIC        TCON
  B:0020H.1       PUBLIC        small_move
  B:0020H.2       PUBLIC        move
  B:0020H.3       PUBLIC        direction
  B:0020H.4       PUBLIC        auto_move
  C:30C0H         PUBLIC        Key_Process
  D:00D0H         PUBLIC        PSW
  D:0094H         PUBLIC        P0M0
  -------         PROC          _DELAY_MS
  D:0006H         SYMBOL        ms
  -------         DO            
  D:0004H         SYMBOL        De_Cnt
  -------         ENDDO         
  C:4B34H         LINE#         19
  C:4B34H         LINE#         20
  C:4B34H         LINE#         22
  C:4B3EH         LINE#         23
  C:4B3EH         LINE#         24
  C:4B51H         LINE#         25
  C:4B51H         LINE#         26
  -------         ENDPROC       _DELAY_MS
  -------         PROC          KEY_SCAN
  -------         DO            
  X:03BAH         SYMBOL        KeyTemp1
  X:03BBH         SYMBOL        KeyTemp2
  X:03BCH         SYMBOL        KeyValue
  -------         ENDDO         
  C:3531H         LINE#         27
  C:3531H         LINE#         28
  C:3531H         LINE#         33
  C:3534H         LINE#         36
  C:3537H         LINE#         38
  C:353FH         LINE#         39
  C:3546H         LINE#         40
  C:3546H         LINE#         42
  C:354BH         LINE#         43
  C:3552H         LINE#         44
  C:3552H         LINE#         47
  C:3555H         LINE#         48
  C:3558H         LINE#         49
  C:355DH         LINE#         50
BL51 BANKED LINKER/LOCATER V6.22                                                      02/22/2019  14:21:04  PAGE 23


  C:3561H         LINE#         51
  C:3561H         LINE#         52
  C:3569H         LINE#         53
  C:3569H         LINE#         54
  C:356CH         LINE#         55
  C:3574H         LINE#         56
  C:3576H         LINE#         58
  C:358AH         LINE#         59
  C:358AH         LINE#         60
  C:358AH         LINE#         61
  C:358AH         LINE#         62
  C:3590H         LINE#         64
  C:3592H         LINE#         65
  C:3592H         LINE#         66
  C:3592H         LINE#         67
  C:3598H         LINE#         69
  C:359AH         LINE#         70
  C:359AH         LINE#         71
  C:359AH         LINE#         72
  C:35A0H         LINE#         74
  C:35A2H         LINE#         75
  C:35A2H         LINE#         76
  C:35A2H         LINE#         77
  C:35A8H         LINE#         79
  C:35A8H         LINE#         80
  C:35A8H         LINE#         81
  C:35A8H         LINE#         84
  C:35ABH         LINE#         85
  C:35AEH         LINE#         86
  C:35B6H         LINE#         87
  C:35BAH         LINE#         88
  C:35BAH         LINE#         89
  C:35C2H         LINE#         90
  C:35C2H         LINE#         91
  C:35C5H         LINE#         92
  C:35CDH         LINE#         93
  C:35CFH         LINE#         94
  C:35E3H         LINE#         95
  C:35E3H         LINE#         96
  C:35E3H         LINE#         97
  C:35E3H         LINE#         98
  C:35E9H         LINE#         100
  C:35EBH         LINE#         101
  C:35EBH         LINE#         102
  C:35EBH         LINE#         103
  C:35F1H         LINE#         105
  C:35F3H         LINE#         106
  C:35F3H         LINE#         107
  C:35F3H         LINE#         108
  C:35F9H         LINE#         110
  C:35FBH         LINE#         111
  C:35FBH         LINE#         112
  C:35FBH         LINE#         113
  C:3600H         LINE#         115
  C:3600H         LINE#         116
  C:3600H         LINE#         117
  C:3600H         LINE#         120
BL51 BANKED LINKER/LOCATER V6.22                                                      02/22/2019  14:21:04  PAGE 24


  C:3603H         LINE#         121
  C:3606H         LINE#         122
  C:360EH         LINE#         123
  C:3612H         LINE#         124
  C:3612H         LINE#         125
  C:361AH         LINE#         126
  C:361AH         LINE#         127
  C:361DH         LINE#         128
  C:3625H         LINE#         129
  C:3627H         LINE#         130
  C:363BH         LINE#         131
  C:363BH         LINE#         132
  C:363BH         LINE#         133
  C:363BH         LINE#         134
  C:3641H         LINE#         136
  C:3643H         LINE#         137
  C:3643H         LINE#         138
  C:3643H         LINE#         139
  C:3649H         LINE#         141
  C:364BH         LINE#         142
  C:364BH         LINE#         143
  C:364BH         LINE#         144
  C:3651H         LINE#         146
  C:3653H         LINE#         147
  C:3653H         LINE#         148
  C:3653H         LINE#         149
  C:3659H         LINE#         151
  C:3659H         LINE#         152
  C:3659H         LINE#         153
  C:3659H         LINE#         157
  C:365CH         LINE#         158
  C:365FH         LINE#         159
  C:3667H         LINE#         160
  C:366BH         LINE#         161
  C:366BH         LINE#         162
  C:3673H         LINE#         163
  C:3673H         LINE#         164
  C:3676H         LINE#         165
  C:367EH         LINE#         166
  C:3680H         LINE#         167
  C:3694H         LINE#         168
  C:3694H         LINE#         169
  C:3694H         LINE#         170
  C:3694H         LINE#         171
  C:369AH         LINE#         173
  C:369CH         LINE#         174
  C:369CH         LINE#         175
  C:369CH         LINE#         176
  C:36A2H         LINE#         178
  C:36A4H         LINE#         179
  C:36A4H         LINE#         180
  C:36A4H         LINE#         181
  C:36AAH         LINE#         183
  C:36ACH         LINE#         184
  C:36ACH         LINE#         185
  C:36ACH         LINE#         186
  C:36B2H         LINE#         188
BL51 BANKED LINKER/LOCATER V6.22                                                      02/22/2019  14:21:04  PAGE 25


  C:36B2H         LINE#         189
  C:36B2H         LINE#         190
  C:36B2H         LINE#         192
  C:36B8H         LINE#         193
  C:36B8H         LINE#         195
  C:36B8H         LINE#         196
  C:36BBH         LINE#         197
  C:36BBH         LINE#         198
  C:36BBH         LINE#         200
  C:36BBH         LINE#         201
  C:36BDH         LINE#         202
  C:36BDH         LINE#         203
  -------         ENDPROC       KEY_SCAN
  -------         PROC          KEY_PROCESS
  -------         DO            
  X:0618H         SYMBOL        KeyCount
  X:061AH         SYMBOL        KeyNum_Old
  X:061BH         SYMBOL        KeyNum
  X:061CH         SYMBOL        PressedKey
  X:03B4H         SYMBOL        d
  D:0004H         SYMBOL        hours
  D:0006H         SYMBOL        mins
  X:03B6H         SYMBOL        months
  X:03B8H         SYMBOL        days
  -------         ENDDO         
  C:30C0H         LINE#         204
  C:30C0H         LINE#         205
  C:30C0H         LINE#         209
  C:30C8H         LINE#         210
  C:30D0H         LINE#         212
  C:30D3H         LINE#         213
  C:30D3H         LINE#         214
  C:30D6H         LINE#         216
  C:30D6H         LINE#         217
  C:30E3H         LINE#         218
  C:30E3H         LINE#         219
  C:30E6H         LINE#         220
  C:30E9H         LINE#         222
  C:30ECH         LINE#         224
  C:30ECH         LINE#         225
  C:30F7H         LINE#         226
  C:30F7H         LINE#         227
  C:30FAH         LINE#         229
  C:30FAH         LINE#         230
  C:3101H         LINE#         231
  C:3101H         LINE#         232
  C:3104H         LINE#         234
  C:3104H         LINE#         235
  C:310CH         LINE#         236
  C:310CH         LINE#         237
  C:3116H         LINE#         238
  C:311EH         LINE#         240
  C:3127H         LINE#         242
  C:3127H         LINE#         251
  C:313CH         LINE#         252
  C:313CH         LINE#         253
  C:314EH         LINE#         254
BL51 BANKED LINKER/LOCATER V6.22                                                      02/22/2019  14:21:04  PAGE 26


  C:315CH         LINE#         255
  C:316BH         LINE#         256
  C:316BH         LINE#         258
  C:3171H         LINE#         262
  C:3187H         LINE#         263
  C:3198H         LINE#         264
  C:31B3H         LINE#         265
  C:31B3H         LINE#         266
  C:31C3H         LINE#         267
  C:31D4H         LINE#         268
  C:31D4H         LINE#         272
  C:31EDH         LINE#         273
  C:3204H         LINE#         274
  C:3224H         LINE#         275
  C:3224H         LINE#         276
  C:322EH         LINE#         277
  C:322EH         LINE#         278
  C:3237H         LINE#         279
  C:3237H         LINE#         280
  C:324BH         LINE#         281
  C:324BH         LINE#         282
  C:324BH         LINE#         283
  C:324BH         LINE#         284
  C:324BH         LINE#         285
  C:324DH         LINE#         287
  C:324DH         LINE#         288
  C:3259H         LINE#         289
  C:3259H         LINE#         290
  C:326AH         LINE#         291
  C:326AH         LINE#         292
  C:326AH         LINE#         293
  C:326AH         LINE#         294
  C:326AH         LINE#         296
  C:326CH         LINE#         298
  C:326CH         LINE#         299
  C:327DH         LINE#         300
  C:327DH         LINE#         301
  C:327DH         LINE#         302
  C:327DH         LINE#         303
  C:327DH         LINE#         305
  C:327DH         LINE#         307
  C:327DH         LINE#         308
  C:327FH         LINE#         310
  C:327FH         LINE#         311
  C:3292H         LINE#         312
  C:3292H         LINE#         313
  C:32A3H         LINE#         314
  C:32A3H         LINE#         315
  C:32A3H         LINE#         316
  C:32A3H         LINE#         317
  C:32A3H         LINE#         318
  C:32A5H         LINE#         320
  C:32A5H         LINE#         321
  C:32B6H         LINE#         322
  C:32B6H         LINE#         323
  C:32C7H         LINE#         324
  C:32D8H         LINE#         325
BL51 BANKED LINKER/LOCATER V6.22                                                      02/22/2019  14:21:04  PAGE 27


  C:32D8H         LINE#         326
  C:32D8H         LINE#         327
  C:32D8H         LINE#         328
  C:32D8H         LINE#         329
  C:32DBH         LINE#         330
  C:32E0H         LINE#         331
  C:32E5H         LINE#         332
  C:32EAH         LINE#         333
  C:32EFH         LINE#         334
  C:32F4H         LINE#         335
  C:32F9H         LINE#         336
  C:32FEH         LINE#         337
  C:32FEH         LINE#         339
  C:3320H         LINE#         340
  C:3320H         LINE#         341
  C:332AH         LINE#         342
  C:332AH         LINE#         343
  C:332FH         LINE#         344
  C:3338H         LINE#         345
  C:334FH         LINE#         346
  C:334FH         LINE#         347
  C:335FH         LINE#         349
  C:335FH         LINE#         353
  -------         ENDPROC       KEY_PROCESS
  -------         PROC          KEYPAD_IO_INIT
  C:4C8EH         LINE#         356
  C:4C8EH         LINE#         357
  C:4C8EH         LINE#         358
  C:4C91H         LINE#         359
  C:4C94H         LINE#         360
  C:4C97H         LINE#         361
  C:4C99H         LINE#         362
  -------         ENDPROC       KEYPAD_IO_INIT
  -------         ENDMOD        KEYPAD

  -------         MODULE        BIPOLARMOTOR
  C:0000H         SYMBOL        _ICE_DUMMY_
  D:0080H         PUBLIC        P0
  D:0090H         PUBLIC        P1
  X:0000H         PUBLIC        RX_pos_test
  D:00A0H         PUBLIC        P2
  D:00B0H         PUBLIC        P3
  D:00C0H         PUBLIC        P4
  D:00C8H         PUBLIC        P5
  D:00E8H         PUBLIC        P6
  D:00F8H         PUBLIC        P7
  X:00A0H         PUBLIC        low_date_azimuth_mapping
  D:00A8H         PUBLIC        IE
  C:4000H         PUBLIC        linear_interpolate
  C:4A62H         PUBLIC        _Move
  D:00B8H         PUBLIC        IP
  C:3393H         PUBLIC        _findDet3x3
  C:2E00H         PUBLIC        _findDet4x4
  D:00D8H         PUBLIC        CCON
  X:00C8H         PUBLIC        previous_move_time
  D:0098H         PUBLIC        SCON
  D:0088H         PUBLIC        TCON
BL51 BANKED LINKER/LOCATER V6.22                                                      02/22/2019  14:21:04  PAGE 28


  C:4CCAH         PUBLIC        wait
  C:4932H         PUBLIC        _Step_move
  X:00C9H         PUBLIC        dat
  C:000EH         PUBLIC        _Update_position
  C:481AH         PUBLIC        vOneStepMove
  X:00CFH         PUBLIC        elevation_stamp
  X:010BH         PUBLIC        date_azimuth_mapping
  X:0133H         PUBLIC        RX_pos
  C:4B79H         PUBLIC        _BCDtoDec1
  X:038BH         PUBLIC        degree
  D:00D0H         PUBLIC        PSW
  -------         PROC          L?0062
  -------         ENDPROC       L?0062
  -------         PROC          _BCDTODEC1
  D:0007H         SYMBOL        bcd
  -------         DO            
  D:0006H         SYMBOL        hi
  D:0007H         SYMBOL        lo
  -------         ENDDO         
  C:4B79H         LINE#         28
  C:4B79H         LINE#         29
  C:4B79H         LINE#         31
  C:4B7EH         LINE#         32
  C:4B82H         LINE#         33
  C:4B89H         LINE#         34
  -------         ENDPROC       _BCDTODEC1
  -------         PROC          WAIT
  C:4CCAH         LINE#         36
  C:4CCAH         LINE#         38
  -------         ENDPROC       WAIT
  -------         PROC          VONESTEPMOVE
  B:0020H.7       SYMBOL        bDir
  C:481AH         LINE#         40
  C:481AH         LINE#         41
  C:481AH         LINE#         43
  C:4820H         LINE#         44
  C:4820H         LINE#         45
  C:4823H         LINE#         46
  C:482CH         LINE#         47
  C:4833H         LINE#         48
  C:4838H         LINE#         49
  C:4838H         LINE#         50
  C:4838H         LINE#         52
  C:483AH         LINE#         55
  C:483AH         LINE#         56
  C:483DH         LINE#         57
  C:4846H         LINE#         58
  C:484DH         LINE#         59
  C:4853H         LINE#         60
  C:485CH         LINE#         61
  C:4863H         LINE#         62
  C:4863H         LINE#         66
  -------         ENDPROC       VONESTEPMOVE
  -------         PROC          _STEP_MOVE
  X:0470H         SYMBOL        step
  B:0020H.6       SYMBOL        dir
  -------         DO            
BL51 BANKED LINKER/LOCATER V6.22                                                      02/22/2019  14:21:04  PAGE 29


  X:0472H         SYMBOL        i
  -------         ENDDO         
  C:4932H         LINE#         68
  C:493AH         LINE#         69
  C:493AH         LINE#         71
  C:493FH         LINE#         74
  C:495AH         LINE#         75
  C:495AH         LINE#         76
  C:4961H         LINE#         78
  C:4971H         LINE#         80
  -------         ENDPROC       _STEP_MOVE
  -------         PROC          _MOVE
  X:046CH         SYMBOL        distance
  B:0020H.5       SYMBOL        direction
  -------         DO            
  D:0006H         SYMBOL        step
  -------         ENDDO         
  C:4A62H         LINE#         82
  C:4A68H         LINE#         83
  C:4A68H         LINE#         86
  C:4A83H         LINE#         87
  -------         ENDPROC       _MOVE
  C:3374H         SYMBOL        L?0058
  C:3388H         SYMBOL        L?0059
  -------         PROC          L?0057
  -------         ENDPROC       L?0057
  C:3374H         SYMBOL        L?0058
  C:3388H         SYMBOL        L?0059
  -------         PROC          _FINDDET3X3
  X:05F4H         SYMBOL        a11
  X:05F8H         SYMBOL        a12
  X:05FCH         SYMBOL        a13
  X:0600H         SYMBOL        a21
  X:0604H         SYMBOL        a22
  X:0608H         SYMBOL        a23
  X:060CH         SYMBOL        a31
  X:0610H         SYMBOL        a32
  X:0614H         SYMBOL        a33
  C:3393H         LINE#         91
  C:3399H         LINE#         95
  C:3399H         LINE#         96
  C:3530H         LINE#         98
  -------         ENDPROC       _FINDDET3X3
  -------         PROC          _FINDDET4X4
  X:05B4H         SYMBOL        a11
  X:05B8H         SYMBOL        a12
  X:05BCH         SYMBOL        a13
  X:05C0H         SYMBOL        a14
  X:05C4H         SYMBOL        a21
  X:05C8H         SYMBOL        a22
  X:05CCH         SYMBOL        a23
  X:05D0H         SYMBOL        a24
  X:05D4H         SYMBOL        a31
  X:05D8H         SYMBOL        a32
  X:05DCH         SYMBOL        a33
  X:05E0H         SYMBOL        a34
  X:05E4H         SYMBOL        a41
BL51 BANKED LINKER/LOCATER V6.22                                                      02/22/2019  14:21:04  PAGE 30


  X:05E8H         SYMBOL        a42
  X:05ECH         SYMBOL        a43
  X:05F0H         SYMBOL        a44
  C:2E00H         LINE#         99
  C:2E06H         LINE#         103
  C:2E06H         LINE#         110
  C:30BFH         LINE#         114
  -------         ENDPROC       _FINDDET4X4
  C:3FEFH         SYMBOL        L?0061
  -------         PROC          L?0060
  -------         ENDPROC       L?0060
  C:3FEFH         SYMBOL        L?0061
  -------         PROC          LINEAR_INTERPOLATE
  X:046CH         SYMBOL        p1
  X:0474H         SYMBOL        p2
  X:047CH         SYMBOL        x
  -------         DO            
  D:0004H         SYMBOL        fx
  -------         ENDDO         
  C:4000H         LINE#         120
  C:4000H         LINE#         121
  C:4000H         LINE#         124
  C:409FH         LINE#         126
  C:409FH         LINE#         127
  -------         ENDPROC       LINEAR_INTERPOLATE
  -------         PROC          _UPDATE_POSITION
  D:0001H         SYMBOL        mnths
  D:0002H         SYMBOL        dys
  X:03CFH         SYMBOL        hurs
  X:03D0H         SYMBOL        mns
  X:03D1H         SYMBOL        sconds
  X:03D2H         SYMBOL        currnt_pos
  X:03D5H         SYMBOL        offset_calib
  -------         DO            
  X:03D9H         SYMBOL        date
  X:03DBH         SYMBOL        i
  X:03DDH         SYMBOL        yy
  X:03DFH         SYMBOL        desired_distance
  X:03E3H         SYMBOL        distance
  X:03E7H         SYMBOL        JP_pos
  X:03EBH         SYMBOL        pos_interpolate_azimuth
  X:0427H         SYMBOL        current_local_sun_time
  X:042BH         SYMBOL        azimuth
  X:042FH         SYMBOL        elevation
  X:0433H         SYMBOL        time_offset
  X:0437H         SYMBOL        UTC_time
  X:043BH         SYMBOL        declination
  X:043FH         SYMBOL        p1
  X:0447H         SYMBOL        p2
  X:044FH         SYMBOL        time
  X:0461H         SYMBOL        location
  X:0469H         SYMBOL        sunCoord
  -------         ENDDO         
  C:000EH         LINE#         131
  C:0017H         LINE#         134
  C:0017H         LINE#         135
  C:0022H         LINE#         137
BL51 BANKED LINKER/LOCATER V6.22                                                      02/22/2019  14:21:04  PAGE 31


  C:003EH         LINE#         138
  C:0048H         LINE#         146
  C:0052H         LINE#         147
  C:005CH         LINE#         148
  C:0066H         LINE#         149
  C:0071H         LINE#         150
  C:007CH         LINE#         151
  C:0095H         LINE#         152
  C:00A6H         LINE#         153
  C:00B5H         LINE#         156
  C:00C9H         LINE#         160
  C:011BH         LINE#         161
  C:027FH         LINE#         162
  C:02CFH         LINE#         164
  C:03F7H         LINE#         166
  C:04C6H         LINE#         173
  C:050DH         LINE#         174
  C:050DH         LINE#         176
  C:0527H         LINE#         177
  C:0527H         LINE#         178
  C:0597H         LINE#         179
  C:0597H         LINE#         180
  C:059EH         LINE#         181
  C:059EH         LINE#         182
  C:05CBH         LINE#         183
  C:05E6H         LINE#         185
  C:062DH         LINE#         186
  C:0661H         LINE#         188
  C:06A7H         LINE#         189
  C:06CAH         LINE#         191
  C:06CAH         LINE#         193
  C:0740H         LINE#         194
  C:0740H         LINE#         195
  C:0747H         LINE#         196
  C:0747H         LINE#         197
  C:0774H         LINE#         198
  C:078FH         LINE#         200
  C:07D6H         LINE#         201
  C:080AH         LINE#         203
  C:0850H         LINE#         204
  C:0870H         LINE#         206
  C:0870H         LINE#         207
  C:0881H         LINE#         210
  C:089BH         LINE#         211
  C:089BH         LINE#         212
  C:090BH         LINE#         213
  C:090BH         LINE#         214
  C:0938H         LINE#         215
  C:0953H         LINE#         217
  C:0980H         LINE#         218
  C:099BH         LINE#         220
  C:09CDH         LINE#         223
  C:09CDH         LINE#         225
  C:09DEH         LINE#         227
  C:0A0DH         LINE#         229
  C:0A32H         LINE#         230
  C:0A97H         LINE#         231
BL51 BANKED LINKER/LOCATER V6.22                                                      02/22/2019  14:21:04  PAGE 32


  C:0A97H         LINE#         232
  C:0AB1H         LINE#         233
  C:0AC3H         LINE#         234
  C:0ADBH         LINE#         235
  C:0AF1H         LINE#         237
  C:0B0DH         LINE#         238
  C:0B0DH         LINE#         239
  C:0B0DH         LINE#         242
  -------         ENDPROC       _UPDATE_POSITION
  -------         ENDMOD        BIPOLARMOTOR

  -------         MODULE        SUNPOS
  C:0000H         SYMBOL        _ICE_DUMMY_
  C:1F63H         PUBLIC        sunpos
  -------         PROC          SUNPOS
  X:046CH         SYMBOL        udtTime
  X:047EH         SYMBOL        udtLocation
  X:0486H         SYMBOL        udtSunCoordinates
  -------         DO            
  X:0489H         SYMBOL        dElapsedJulianDays
  X:048DH         SYMBOL        dDecimalHours
  X:0491H         SYMBOL        dEclipticLongitude
  X:0495H         SYMBOL        dEclipticObliquity
  X:0499H         SYMBOL        dRightAscension
  X:049DH         SYMBOL        dDeclination
  X:04A1H         SYMBOL        dY
  X:04A5H         SYMBOL        dX
  -------         DO            
  X:04A9H         SYMBOL        dJulianDate
  X:04ADH         SYMBOL        liAux1
  X:04B1H         SYMBOL        liAux2
  X:04A9H         SYMBOL        dMeanLongitude
  X:04ADH         SYMBOL        dMeanAnomaly
  X:04B1H         SYMBOL        dOmega
  X:04A9H         SYMBOL        dSin_EclipticLongitude
  X:04A9H         SYMBOL        dGreenwichMeanSiderealTime
  X:04ADH         SYMBOL        dLocalMeanSiderealTime
  X:04B1H         SYMBOL        dLatitudeInRadians
  X:04B5H         SYMBOL        dHourAngle
  X:04B9H         SYMBOL        dCos_Latitude
  X:04BDH         SYMBOL        dSin_Latitude
  X:04C1H         SYMBOL        dCos_HourAngle
  X:04C5H         SYMBOL        dParallax
  -------         ENDDO         
  -------         DO            
  X:04A9H         SYMBOL        dMeanLongitude
  X:04ADH         SYMBOL        dMeanAnomaly
  X:04B1H         SYMBOL        dOmega
  X:04A9H         SYMBOL        dSin_EclipticLongitude
  X:04A9H         SYMBOL        dGreenwichMeanSiderealTime
  X:04ADH         SYMBOL        dLocalMeanSiderealTime
  X:04B1H         SYMBOL        dLatitudeInRadians
  X:04B5H         SYMBOL        dHourAngle
  X:04B9H         SYMBOL        dCos_Latitude
  X:04BDH         SYMBOL        dSin_Latitude
  X:04C1H         SYMBOL        dCos_HourAngle
  X:04C5H         SYMBOL        dParallax
BL51 BANKED LINKER/LOCATER V6.22                                                      02/22/2019  14:21:04  PAGE 33


  -------         ENDDO         
  -------         DO            
  X:04A9H         SYMBOL        dSin_EclipticLongitude
  X:04A9H         SYMBOL        dGreenwichMeanSiderealTime
  X:04ADH         SYMBOL        dLocalMeanSiderealTime
  X:04B1H         SYMBOL        dLatitudeInRadians
  X:04B5H         SYMBOL        dHourAngle
  X:04B9H         SYMBOL        dCos_Latitude
  X:04BDH         SYMBOL        dSin_Latitude
  X:04C1H         SYMBOL        dCos_HourAngle
  X:04C5H         SYMBOL        dParallax
  -------         ENDDO         
  -------         DO            
  X:04A9H         SYMBOL        dGreenwichMeanSiderealTime
  X:04ADH         SYMBOL        dLocalMeanSiderealTime
  X:04B1H         SYMBOL        dLatitudeInRadians
  X:04B5H         SYMBOL        dHourAngle
  X:04B9H         SYMBOL        dCos_Latitude
  X:04BDH         SYMBOL        dSin_Latitude
  X:04C1H         SYMBOL        dCos_HourAngle
  X:04C5H         SYMBOL        dParallax
  -------         ENDDO         
  -------         ENDDO         
  C:1F63H         LINE#         6
  C:1F63H         LINE#         7
  C:1F63H         LINE#         9
  C:1F63H         LINE#         27
  C:1FADH         LINE#         30
  C:1FCEH         LINE#         31
  C:2115H         LINE#         34
  C:2161H         LINE#         36
  C:2180H         LINE#         37
  C:2180H         LINE#         42
  C:2180H         LINE#         46
  C:21B2H         LINE#         47
  C:21DCH         LINE#         48
  C:2206H         LINE#         49
  C:22B3H         LINE#         52
  C:2314H         LINE#         54
  C:2314H         LINE#         59
  C:2314H         LINE#         61
  C:232BH         LINE#         62
  C:2353H         LINE#         63
  C:236AH         LINE#         64
  C:2395H         LINE#         65
  C:23CCH         LINE#         66
  C:23F7H         LINE#         67
  C:23F7H         LINE#         70
  C:23F7H         LINE#         79
  C:2432H         LINE#         82
  C:246CH         LINE#         84
  C:2491H         LINE#         85
  C:24B0H         LINE#         86
  C:24C7H         LINE#         87
  C:24DEH         LINE#         88
  C:24F5H         LINE#         89
  C:257EH         LINE#         91
BL51 BANKED LINKER/LOCATER V6.22                                                      02/22/2019  14:21:04  PAGE 34


  C:2598H         LINE#         92
  C:25FAH         LINE#         93
  C:2630H         LINE#         94
  C:2642H         LINE#         95
  C:266FH         LINE#         96
  C:269CH         LINE#         98
  C:26BEH         LINE#         100
  C:26F6H         LINE#         103
  C:26F6H         LINE#         104
  C:2704H         LINE#         105
  -------         ENDPROC       SUNPOS
  -------         ENDMOD        SUNPOS

  -------         MODULE        ADC
  C:0000H         SYMBOL        _ICE_DUMMY_
  D:0092H         PUBLIC        P1M0
  D:0091H         PUBLIC        P1M1
  D:0080H         PUBLIC        P0
  D:0090H         PUBLIC        P1
  D:00A0H         PUBLIC        P2
  D:00B0H         PUBLIC        P3
  D:00C0H         PUBLIC        P4
  D:00C8H         PUBLIC        P5
  D:00E8H         PUBLIC        P6
  D:00F8H         PUBLIC        P7
  D:00A8H         PUBLIC        IE
  D:00BDH         PUBLIC        ADC_RES
  D:00B8H         PUBLIC        IP
  D:0097H         PUBLIC        CLK_DIV
  D:00D8H         PUBLIC        CCON
  D:00BCH         PUBLIC        ADC_CONTR
  D:0098H         PUBLIC        SCON
  D:0088H         PUBLIC        TCON
  B:00A0H.4       PUBLIC        P24
  B:00A0H.5       PUBLIC        P25
  B:00A0H.6       PUBLIC        P26
  C:4B15H         PUBLIC        ADC_Init
  C:49E0H         PUBLIC        _ADC_GetResult
  D:009DH         PUBLIC        P1ASF
  D:00BEH         PUBLIC        ADC_RESL
  D:00D0H         PUBLIC        PSW
  -------         PROC          ADC_INIT
  C:4B15H         LINE#         7
  C:4B15H         LINE#         8
  C:4B15H         LINE#         10
  C:4B17H         LINE#         11
  C:4B19H         LINE#         12
[...]
  C:3D40H         LINE#         105
  C:3D43H         LINE#         106
  C:3D47H         LINE#         109
  C:3D66H         LINE#         111
  C:3D6DH         LINE#         112
  C:3D6DH         LINE#         113
  C:3D6FH         LINE#         114
  C:3D72H         LINE#         115
  C:3D8BH         LINE#         116
  C:3D8BH         LINE#         117
  C:3D8DH         LINE#         118
  C:3D8FH         LINE#         120
  C:3D8FH         LINE#         121
  C:3D91H         LINE#         123
  C:3D91H         LINE#         124
  C:3D91H         LINE#         125
  C:3D91H         LINE#         126
  C:3D94H         LINE#         127
  C:3DADH         LINE#         129
  C:3DCCH         LINE#         131
  C:3DD3H         LINE#         132
  C:3DD3H         LINE#         133
  C:3DD5H         LINE#         134
  C:3DD8H         LINE#         135
  C:3DDFH         LINE#         136
  C:3DDFH         LINE#         137
  C:3DE1H         LINE#         138
  C:3DE3H         LINE#         140
  C:3DE3H         LINE#         141
  C:3DE5H         LINE#         143
  C:3DE5H         LINE#         144
  C:3DE5H         LINE#         145
  C:3DE5H         LINE#         146
  C:3DE8H         LINE#         147
  C:3DEFH         LINE#         149
  C:3E0EH         LINE#         151
  C:3E10H         LINE#         152
  -------         ENDPROC       _AT25SF041_WRITE
  -------         PROC          _AT25SF041_READ
  D:0003H         SYMBOL        opcode
  X:0622H         SYMBOL        addr
  -------         DO            
  X:0626H         SYMBOL        dat
  X:0627H         SYMBOL        i
  -------         ENDDO         
  C:3C16H         LINE#         156
  C:3C18H         LINE#         157
  C:3C18H         LINE#         158
  C:3C1DH         LINE#         160
  C:3C1FH         LINE#         161
  C:3C25H         LINE#         165
  C:3C2AH         LINE#         166
  C:3C2AH         LINE#         167
BL51 BANKED LINKER/LOCATER V6.22                                                      02/22/2019  14:21:04  PAGE 45


  C:3C2CH         LINE#         168
  C:3C2FH         LINE#         169
  C:3C33H         LINE#         170
  C:3C33H         LINE#         171
  C:3C35H         LINE#         172
  C:3C37H         LINE#         174
  C:3C37H         LINE#         175
  C:3C39H         LINE#         177
  C:3C39H         LINE#         178
  C:3C39H         LINE#         179
  C:3C39H         LINE#         180
  C:3C3CH         LINE#         181
  C:3C40H         LINE#         184
  C:3C5FH         LINE#         186
  C:3C66H         LINE#         187
  C:3C66H         LINE#         188
  C:3C68H         LINE#         189
  C:3C6BH         LINE#         190
  C:3C84H         LINE#         191
  C:3C84H         LINE#         192
  C:3C86H         LINE#         193
  C:3C88H         LINE#         195
  C:3C88H         LINE#         196
  C:3C8AH         LINE#         198
  C:3C8AH         LINE#         199
  C:3C8AH         LINE#         200
  C:3C8AH         LINE#         201
  C:3C8DH         LINE#         202
  C:3CA6H         LINE#         204
  C:3CC5H         LINE#         207
  C:3CCCH         LINE#         209
  C:3CCEH         LINE#         210
  C:3CD5H         LINE#         212
  C:3CDCH         LINE#         213
  C:3CDCH         LINE#         214
  C:3CE3H         LINE#         215
  C:3CE3H         LINE#         216
  C:3CE6H         LINE#         217
  C:3CE8H         LINE#         218
  C:3CEBH         LINE#         220
  C:3CEEH         LINE#         221
  C:3CEEH         LINE#         223
  C:3CF2H         LINE#         224
  C:3CF2H         LINE#         230
  C:3D11H         LINE#         233
  C:3D13H         LINE#         234
  C:3D16H         LINE#         235
  C:3D1BH         LINE#         237
  -------         ENDPROC       _AT25SF041_READ
  -------         PROC          READ_STATUS_REGISTER_BYTE1
  -------         DO            
  D:0003H         SYMBOL        dat
  D:0001H         SYMBOL        opcode
  X:03C4H         SYMBOL        count
  X:03C5H         SYMBOL        i
  -------         ENDDO         
  C:42B4H         LINE#         241
BL51 BANKED LINKER/LOCATER V6.22                                                      02/22/2019  14:21:04  PAGE 46


  C:42B4H         LINE#         242
  C:42B4H         LINE#         243
  C:42BAH         LINE#         244
  C:42BEH         LINE#         245
  C:42C0H         LINE#         246
  C:42C2H         LINE#         247
  C:42C8H         LINE#         251
  C:42CFH         LINE#         252
  C:42CFH         LINE#         253
  C:42D1H         LINE#         254
  C:42D4H         LINE#         255
  C:42D8H         LINE#         256
  C:42D8H         LINE#         257
  C:42DAH         LINE#         258
  C:42DCH         LINE#         260
  C:42DCH         LINE#         261
  C:42DEH         LINE#         263
  C:42DEH         LINE#         264
  C:42DEH         LINE#         265
  C:42DEH         LINE#         266
  C:42E1H         LINE#         267
  C:42E5H         LINE#         270
  C:4304H         LINE#         274
  C:430BH         LINE#         276
  C:430DH         LINE#         277
  C:4314H         LINE#         278
  C:431BH         LINE#         279
  C:431BH         LINE#         280
  C:431FH         LINE#         281
  C:431FH         LINE#         282
  C:4322H         LINE#         283
  C:4324H         LINE#         284
  C:4327H         LINE#         286
  C:432AH         LINE#         287
  C:432AH         LINE#         289
  C:432EH         LINE#         290
  C:432EH         LINE#         292
  C:434DH         LINE#         296
  C:434FH         LINE#         297
  C:4352H         LINE#         298
  C:4354H         LINE#         299
  -------         ENDPROC       READ_STATUS_REGISTER_BYTE1
  -------         PROC          SPI_NOR_WRITE_DATA
  X:03B4H         SYMBOL        dat
  X:03BFH         SYMBOL        addr
  C:3E17H         LINE#         301
  C:3E17H         LINE#         302
  C:3E17H         LINE#         303
  C:3E30H         LINE#         304
  C:3E30H         LINE#         305
  C:3E33H         LINE#         307
  C:3E36H         LINE#         308
  C:3E3DH         LINE#         309
  C:3E3DH         LINE#         310
  C:3E40H         LINE#         312
  C:3E50H         LINE#         314
  C:3E50H         LINE#         315
BL51 BANKED LINKER/LOCATER V6.22                                                      02/22/2019  14:21:04  PAGE 47


  C:3E53H         LINE#         317
  C:3E63H         LINE#         318
  C:3E63H         LINE#         321
  C:3E66H         LINE#         323
  C:3E76H         LINE#         324
  C:3E76H         LINE#         326
  C:3E79H         LINE#         328
  C:3E89H         LINE#         329
  C:3E89H         LINE#         331
  C:3E8CH         LINE#         333
  C:3E9CH         LINE#         334
  C:3E9CH         LINE#         336
  C:3E9FH         LINE#         338
  C:3EAFH         LINE#         339
  C:3EAFH         LINE#         340
  C:3EB2H         LINE#         342
  C:3EC2H         LINE#         343
  C:3EC2H         LINE#         345
  C:3EC5H         LINE#         347
  C:3ED5H         LINE#         348
  C:3ED5H         LINE#         350
  C:3ED8H         LINE#         352
  C:3EE8H         LINE#         353
  C:3EE8H         LINE#         355
  C:3EEBH         LINE#         357
  C:3EFBH         LINE#         358
  -------         ENDPROC       SPI_NOR_WRITE_DATA
  -------         ENDMOD        AT25SF041

  -------         MODULE        ?C_STARTUP
  C:4523H         SEGMENT       ?C_C51STARTUP
  I:0022H         SEGMENT       ?STACK
  C:0000H         PUBLIC        ?C_STARTUP
  D:00E0H         SYMBOL        ACC
  D:00F0H         SYMBOL        B
  D:0083H         SYMBOL        DPH
  D:0082H         SYMBOL        DPL
  N:0000H         SYMBOL        IBPSTACK
  N:0100H         SYMBOL        IBPSTACKTOP
  N:0080H         SYMBOL        IDATALEN
  C:4526H         SYMBOL        IDATALOOP
  N:0000H         SYMBOL        PBPSTACK
  N:0100H         SYMBOL        PBPSTACKTOP
  N:0000H         SYMBOL        PDATALEN
  N:0000H         SYMBOL        PDATASTART
  N:0000H         SYMBOL        PPAGE
  N:0000H         SYMBOL        PPAGEENABLE
  D:00A0H         SYMBOL        PPAGE_SFR
  D:0081H         SYMBOL        SP
  C:4523H         SYMBOL        STARTUP1
  N:0000H         SYMBOL        XBPSTACK
  N:0000H         SYMBOL        XBPSTACKTOP
  N:0000H         SYMBOL        XDATALEN
  N:0000H         SYMBOL        XDATASTART
  C:0000H         LINE#         126
  C:4523H         LINE#         133
  C:4525H         LINE#         134
BL51 BANKED LINKER/LOCATER V6.22                                                      02/22/2019  14:21:04  PAGE 48


  C:4526H         LINE#         135
  C:4527H         LINE#         136
  C:4529H         LINE#         185
  C:452CH         LINE#         196
  -------         ENDMOD        ?C_STARTUP

  -------         MODULE        ?C?FPADD
  C:15B4H         PUBLIC        ?C?FPADD
  C:15B0H         PUBLIC        ?C?FPSUB
  -------         ENDMOD        ?C?FPADD

  -------         MODULE        ?C?FPMUL
  C:16A5H         PUBLIC        ?C?FPMUL
  -------         ENDMOD        ?C?FPMUL

  -------         MODULE        ?C?FPDIV
  C:17AEH         PUBLIC        ?C?FPDIV
  -------         ENDMOD        ?C?FPDIV

  -------         MODULE        ?C?FPCMP
  C:184DH         PUBLIC        ?C?FPCMP
  C:184BH         PUBLIC        ?C?FPCMP3
  -------         ENDMOD        ?C?FPCMP

  -------         MODULE        ?C?FPNEG
  C:18C4H         PUBLIC        ?C?FPNEG
  -------         ENDMOD        ?C?FPNEG

  -------         MODULE        ?C?FCAST
  C:18DFH         PUBLIC        ?C?FCASTC
  C:18DAH         PUBLIC        ?C?FCASTI
  C:18D5H         PUBLIC        ?C?FCASTL
  -------         ENDMOD        ?C?FCAST

  -------         MODULE        ?C?CASTF
  C:1913H         PUBLIC        ?C?CASTF
  -------         ENDMOD        ?C?CASTF

  -------         MODULE        ATAN2
  X:04C9H         PUBLIC        ?_atan2?BYTE
  C:4355H         PUBLIC        _atan2
  -------         ENDMOD        ATAN2

  -------         MODULE        SIN
  C:3706H         PUBLIC        _COS
  C:371CH         PUBLIC        _SIN
  C:3758H         PUBLIC        _TAN
  -------         ENDMOD        SIN

  -------         MODULE        ACOS
  C:4864H         PUBLIC        _ACOS
  -------         ENDMOD        ACOS

  -------         MODULE        ASIN
  C:4972H         PUBLIC        _ASIN
  -------         ENDMOD        ASIN

BL51 BANKED LINKER/LOCATER V6.22                                                      02/22/2019  14:21:04  PAGE 49


  -------         MODULE        SQRT
  C:420CH         PUBLIC        _SQRT
  -------         ENDMOD        SQRT

  -------         MODULE        ATAN
  C:3B14H         PUBLIC        _ATAN
  -------         ENDMOD        ATAN

  -------         MODULE        ?C?COPY
  C:1AB1H         PUBLIC        ?C?COPY
  -------         ENDMOD        ?C?COPY

  -------         MODULE        ?C?CLDPTR
  C:1AD7H         PUBLIC        ?C?CLDPTR
  -------         ENDMOD        ?C?CLDPTR

  -------         MODULE        ?C?CLDOPTR
  C:1AF0H         PUBLIC        ?C?CLDOPTR
  -------         ENDMOD        ?C?CLDOPTR

  -------         MODULE        ?C?CSTPTR
  C:1B1DH         PUBLIC        ?C?CSTPTR
  -------         ENDMOD        ?C?CSTPTR

  -------         MODULE        ?C?IMUL
  C:1B2FH         PUBLIC        ?C?IMUL
  -------         ENDMOD        ?C?IMUL

  -------         MODULE        ?C?UIDIV
  C:1B41H         PUBLIC        ?C?UIDIV
  -------         ENDMOD        ?C?UIDIV

  -------         MODULE        ?C?SIDIV
  C:1B96H         PUBLIC        ?C?SIDIV
  -------         ENDMOD        ?C?SIDIV

  -------         MODULE        ?C?ILDIX
  C:1BCCH         PUBLIC        ?C?ILDIX
  -------         ENDMOD        ?C?ILDIX

  -------         MODULE        ?C?ILDOPTR
  C:1BE2H         PUBLIC        ?C?ILDOPTR
  -------         ENDMOD        ?C?ILDOPTR

  -------         MODULE        ?C?ISTPTR
  C:1C1AH         PUBLIC        ?C?ISTPTR
  -------         ENDMOD        ?C?ISTPTR

  -------         MODULE        ?C?LMUL
  C:1C39H         PUBLIC        ?C?LMUL
  -------         ENDMOD        ?C?LMUL

  -------         MODULE        ?C?SLDIV
  C:48AEH         PUBLIC        ?C?SLDIV
  -------         ENDMOD        ?C?SLDIV

  -------         MODULE        ?C?LNEG
BL51 BANKED LINKER/LOCATER V6.22                                                      02/22/2019  14:21:04  PAGE 50


  C:1C88H         PUBLIC        ?C?LNEG
  -------         ENDMOD        ?C?LNEG

  -------         MODULE        ?C?ULCMP
  C:1C96H         PUBLIC        ?C?ULCMP
  -------         ENDMOD        ?C?ULCMP

  -------         MODULE        ?C?LSHL
  C:1CA7H         PUBLIC        ?C?LSHL
  -------         ENDMOD        ?C?LSHL

  -------         MODULE        ?C?LLDPTR
  C:1CBAH         PUBLIC        ?C?LLDPTR
  -------         ENDMOD        ?C?LLDPTR

  -------         MODULE        ?C?LLDOPTR
  C:1CDAH         PUBLIC        ?C?LLDOPTR
  -------         ENDMOD        ?C?LLDOPTR

  -------         MODULE        ?C?LSTPTR
  C:1D0AH         PUBLIC        ?C?LSTPTR
  -------         ENDMOD        ?C?LSTPTR

  -------         MODULE        ?C?LSTOPTR
  C:1D24H         PUBLIC        ?C?LSTOPTR
  -------         ENDMOD        ?C?LSTOPTR

  -------         MODULE        ?C?LLDXDATA
  C:1D48H         PUBLIC        ?C?LLDXDATA
  -------         ENDMOD        ?C?LLDXDATA

  -------         MODULE        ?C?LLDCODE
  C:1D54H         PUBLIC        ?C?LLDCODE
  -------         ENDMOD        ?C?LLDCODE

  -------         MODULE        ?C?LLDXDATA0
  C:1D64H         PUBLIC        ?C?LLDXDATA0
  -------         ENDMOD        ?C?LLDXDATA0

  -------         MODULE        ?C?LLDCODE0
  C:1D70H         PUBLIC        ?C?LLDCODE0
  -------         ENDMOD        ?C?LLDCODE0

  -------         MODULE        ?C?LLDPTR0
  C:1D80H         PUBLIC        ?C?LLDPTR0
  -------         ENDMOD        ?C?LLDPTR0

  -------         MODULE        ?C?LSTXDATA
  C:1DA0H         PUBLIC        ?C?LSTXDATA
  -------         ENDMOD        ?C?LSTXDATA

  -------         MODULE        ?C?LSTKXDATA
  C:1DACH         PUBLIC        ?C?LSTKXDATA
  -------         ENDMOD        ?C?LSTKXDATA

  -------         MODULE        ?C?LSTKPTR
  C:1DDDH         PUBLIC        ?C?LSTKPTR
BL51 BANKED LINKER/LOCATER V6.22                                                      02/22/2019  14:21:04  PAGE 51


  -------         ENDMOD        ?C?LSTKPTR

  -------         MODULE        ?C?OFFXADD
  C:1DF7H         PUBLIC        ?C?OFFXADD
  -------         ENDMOD        ?C?OFFXADD

  -------         MODULE        ABS
  C:4C9AH         PUBLIC        _ABS
  -------         ENDMOD        ABS

  -------         MODULE        ATOI
  C:3F02H         PUBLIC        _atoi
  -------         ENDMOD        ATOI

  -------         MODULE        ?C?IILDX
  C:1E03H         PUBLIC        ?C?IILDX
  -------         ENDMOD        ?C?IILDX

  -------         MODULE        ?C?ULDIV
  C:1E55H         PUBLIC        ?C?ULDIV
  -------         ENDMOD        ?C?ULDIV

  -------         MODULE        ?C?LLDIDATA
  C:1EE7H         PUBLIC        ?C?LLDIDATA
  -------         ENDMOD        ?C?LLDIDATA

  -------         MODULE        ?C?LLDPDATA
  C:1EF3H         PUBLIC        ?C?LLDPDATA
  -------         ENDMOD        ?C?LLDPDATA

  -------         MODULE        ?C?LLDIDATA0
  C:1EFFH         PUBLIC        ?C?LLDIDATA0
  -------         ENDMOD        ?C?LLDIDATA0

  -------         MODULE        ?C?LLDPDATA0
  C:1F0CH         PUBLIC        ?C?LLDPDATA0
  -------         ENDMOD        ?C?LLDPDATA0

  -------         MODULE        ?C?LSTIDATA
  C:1F19H         PUBLIC        ?C?LSTIDATA
  -------         ENDMOD        ?C?LSTIDATA

  -------         MODULE        ?C?LSTPDATA
  C:1F25H         PUBLIC        ?C?LSTPDATA
  -------         ENDMOD        ?C?LSTPDATA

  -------         MODULE        ?C?LSTKIDATA
  C:1F31H         PUBLIC        ?C?LSTKIDATA
  -------         ENDMOD        ?C?LSTKIDATA

  -------         MODULE        ?C?LSTKPDATA
  C:1F4AH         PUBLIC        ?C?LSTKPDATA
  -------         ENDMOD        ?C?LSTKPDATA

  -------         MODULE        ISDIGIT
  C:4C72H         PUBLIC        _isdigit
  -------         ENDMOD        ISDIGIT
BL51 BANKED LINKER/LOCATER V6.22                                                      02/22/2019  14:21:04  PAGE 52



  -------         MODULE        ISSPACE
  C:4C0DH         PUBLIC        _isspace
  -------         ENDMOD        ISSPACE

*** WARNING L16: UNCALLED SEGMENT, IGNORED FOR OVERLAY PROCESS
    SEGMENT: ?PR?_DISPLAY_PROX?MAIN

*** WARNING L16: UNCALLED SEGMENT, IGNORED FOR OVERLAY PROCESS
    SEGMENT: ?PR?_DAY_OF_YEAR?PCF85063BTL

*** WARNING L16: UNCALLED SEGMENT, IGNORED FOR OVERLAY PROCESS
    SEGMENT: ?PR?INITUART1?UART1

*** WARNING L16: UNCALLED SEGMENT, IGNORED FOR OVERLAY PROCESS
    SEGMENT: ?PR?_SENDSTRING?UART1

*** WARNING L16: UNCALLED SEGMENT, IGNORED FOR OVERLAY PROCESS
    SEGMENT: ?PR?_TEN?UART1

*** WARNING L16: UNCALLED SEGMENT, IGNORED FOR OVERLAY PROCESS
    SEGMENT: ?PR?_UNIT?UART1

*** WARNING L16: UNCALLED SEGMENT, IGNORED FOR OVERLAY PROCESS
    SEGMENT: ?PR?_DECTOBCD?UART1

*** WARNING L16: UNCALLED SEGMENT, IGNORED FOR OVERLAY PROCESS
    SEGMENT: ?PR?_ASCII_LETTER?UART1

*** WARNING L16: UNCALLED SEGMENT, IGNORED FOR OVERLAY PROCESS
    SEGMENT: ?PR?_ASCIITOBCD?UART1

*** WARNING L16: UNCALLED SEGMENT, IGNORED FOR OVERLAY PROCESS
    SEGMENT: ?PR?WAIT?BIPOLARMOTOR

*** WARNING L16: UNCALLED SEGMENT, IGNORED FOR OVERLAY PROCESS
    SEGMENT: ?PR?_FINDDET4X4?BIPOLARMOTOR

*** WARNING L16: UNCALLED SEGMENT, IGNORED FOR OVERLAY PROCESS
    SEGMENT: ?PR?NOP?IOEXPANDER_PI4IOE5V96248

*** WARNING L16: UNCALLED SEGMENT, IGNORED FOR OVERLAY PROCESS
    SEGMENT: ?PR?UC_ACK?IOEXPANDER_PI4IOE5V96248

*** WARNING L16: UNCALLED SEGMENT, IGNORED FOR OVERLAY PROCESS
    SEGMENT: ?PR?UC_NACK?IOEXPANDER_PI4IOE5V96248

*** WARNING L16: UNCALLED SEGMENT, IGNORED FOR OVERLAY PROCESS
    SEGMENT: ?PR?_AT25SF041_READ?AT25SF041

*** WARNING L1: UNRESOLVED EXTERNAL SYMBOL
    SYMBOL:  AUTO_MODE
    MODULE:  .\Obj\main.obj (MAIN)

*** WARNING L2: REFERENCE MADE TO UNRESOLVED EXTERNAL
    SYMBOL:  AUTO_MODE
    MODULE:  .\Obj\main.obj (MAIN)
BL51 BANKED LINKER/LOCATER V6.22                                                      02/22/2019  14:21:04  PAGE 53


    ADDRESS: 0B45H

*** WARNING L2: REFERENCE MADE TO UNRESOLVED EXTERNAL
    SYMBOL:  AUTO_MODE
    MODULE:  .\Obj\main.obj (MAIN)
    ADDRESS: 0CBAH

*** WARNING L2: REFERENCE MADE TO UNRESOLVED EXTERNAL
    SYMBOL:  AUTO_MODE
    MODULE:  .\Obj\main.obj (MAIN)
    ADDRESS: 0CC8H

*** WARNING L2: REFERENCE MADE TO UNRESOLVED EXTERNAL
    SYMBOL:  AUTO_MODE
    MODULE:  .\Obj\main.obj (MAIN)
    ADDRESS: 0CDAH

*** WARNING L2: REFERENCE MADE TO UNRESOLVED EXTERNAL
    SYMBOL:  AUTO_MODE
    MODULE:  .\Obj\main.obj (MAIN)
    ADDRESS: 0D1CH

*** WARNING L2: REFERENCE MADE TO UNRESOLVED EXTERNAL
    SYMBOL:  AUTO_MODE
    MODULE:  .\Obj\main.obj (MAIN)
    ADDRESS: 0DEFH

*** WARNING L1: UNRESOLVED EXTERNAL SYMBOL
    SYMBOL:  _SENDUART1
    MODULE:  .\Obj\UART1.obj (UART1)

*** WARNING L2: REFERENCE MADE TO UNRESOLVED EXTERNAL
    SYMBOL:  _SENDUART1
    MODULE:  .\Obj\UART1.obj (UART1)
    ADDRESS: 49DBH

*** WARNING L1: UNRESOLVED EXTERNAL SYMBOL
    SYMBOL:  AUTO_MODE
    MODULE:  .\Obj\KeyPad.obj (KEYPAD)

*** WARNING L2: REFERENCE MADE TO UNRESOLVED EXTERNAL
    SYMBOL:  AUTO_MODE
    MODULE:  .\Obj\KeyPad.obj (KEYPAD)
    ADDRESS: 310DH

*** WARNING L2: REFERENCE MADE TO UNRESOLVED EXTERNAL
    SYMBOL:  AUTO_MODE
    MODULE:  .\Obj\KeyPad.obj (KEYPAD)
    ADDRESS: 3118H

*** WARNING L2: REFERENCE MADE TO UNRESOLVED EXTERNAL
    SYMBOL:  AUTO_MODE
    MODULE:  .\Obj\KeyPad.obj (KEYPAD)
    ADDRESS: 311FH

Program Size: data=10.2 xdata=1591 code=19660
LINK/LOCATE RUN COMPLETE.  28 WARNING(S),  0 ERROR(S)
