BL51 BANKED LINKER/LOCATER V6.22                                                        02/27/2019  10:15:54  PAGE 1


BL51 BANKED LINKER/LOCATER V6.22, INVOKED BY:
C:\KEIL_V5\C51\BIN\BL51.EXE .\Obj\main.obj, .\Obj\PCF85063BTL.obj, .\Obj\UART1.obj, .\Obj\LCd_Driver_SPLC780D.obj, .\Obj
>> \KeyPad.obj, .\Obj\BipolarMotor.obj, .\Obj\SunPos.obj, .\Obj\ADC.obj, .\Obj\Calibration.obj, .\Obj\IOExpander_PI4IOE5
>> V96248.obj, .\Obj\AT25SF041.obj, .\Obj\STARTUP.obj TO .\Obj\GPIO_RTC_Test PRINT (.\Lis\GPIO_RTC_Test.m51) RAMSIZE (25
>> 6)


MEMORY MODEL: LARGE WITH FLOATING POINT ARITHMETIC


INPUT MODULES INCLUDED:
  .\Obj\main.obj (MAIN)
  .\Obj\PCF85063BTL.obj (PCF85063BTL)
  .\Obj\UART1.obj (UART1)
  .\Obj\LCd_Driver_SPLC780D.obj (LCD_DRIVER_SPLC780D)
  .\Obj\KeyPad.obj (KEYPAD)
  .\Obj\BipolarMotor.obj (BIPOLARMOTOR)
  .\Obj\SunPos.obj (SUNPOS)
  .\Obj\ADC.obj (ADC)
  .\Obj\Calibration.obj (CALIBRATION)
  .\Obj\IOExpander_PI4IOE5V96248.obj (IOEXPANDER_PI4IOE5V96248)
  .\Obj\AT25SF041.obj (AT25SF041)
  .\Obj\STARTUP.obj (?C_STARTUP)
  C:\KEIL_V5\C51\LIB\C51FPL.LIB (?C?FPADD)
  C:\KEIL_V5\C51\LIB\C51FPL.LIB (?C?FPMUL)
  C:\KEIL_V5\C51\LIB\C51FPL.LIB (?C?FPDIV)
  C:\KEIL_V5\C51\LIB\C51FPL.LIB (?C?FPCMP)
  C:\KEIL_V5\C51\LIB\C51FPL.LIB (?C?FPNEG)
  C:\KEIL_V5\C51\LIB\C51FPL.LIB (?C?FCAST)
  C:\KEIL_V5\C51\LIB\C51FPL.LIB (?C?CASTF)
  C:\KEIL_V5\C51\LIB\C51FPL.LIB (ATAN2)
  C:\KEIL_V5\C51\LIB\C51FPL.LIB (SIN)
  C:\KEIL_V5\C51\LIB\C51FPL.LIB (ACOS)
  C:\KEIL_V5\C51\LIB\C51FPL.LIB (ASIN)
  C:\KEIL_V5\C51\LIB\C51FPL.LIB (?C?FPGETOPN)
  C:\KEIL_V5\C51\LIB\C51FPL.LIB (?C?FPSERIES)
  C:\KEIL_V5\C51\LIB\C51FPL.LIB (SQRT)
  C:\KEIL_V5\C51\LIB\C51FPL.LIB (ATAN)
  C:\KEIL_V5\C51\LIB\C51L.LIB (?C_INIT)
  C:\KEIL_V5\C51\LIB\C51L.LIB (?C?COPY)
  C:\KEIL_V5\C51\LIB\C51L.LIB (?C?CLDPTR)
  C:\KEIL_V5\C51\LIB\C51L.LIB (?C?CLDOPTR)
  C:\KEIL_V5\C51\LIB\C51L.LIB (?C?CSTPTR)
  C:\KEIL_V5\C51\LIB\C51L.LIB (?C?IMUL)
  C:\KEIL_V5\C51\LIB\C51L.LIB (?C?UIDIV)
  C:\KEIL_V5\C51\LIB\C51L.LIB (?C?SIDIV)
  C:\KEIL_V5\C51\LIB\C51L.LIB (?C?ILDIX)
  C:\KEIL_V5\C51\LIB\C51L.LIB (?C?ILDOPTR)
  C:\KEIL_V5\C51\LIB\C51L.LIB (?C?ISTPTR)
  C:\KEIL_V5\C51\LIB\C51L.LIB (?C?LMUL)
  C:\KEIL_V5\C51\LIB\C51L.LIB (?C?SLDIV)
  C:\KEIL_V5\C51\LIB\C51L.LIB (?C?LNEG)
  C:\KEIL_V5\C51\LIB\C51L.LIB (?C?ULCMP)
  C:\KEIL_V5\C51\LIB\C51L.LIB (?C?LSHL)
  C:\KEIL_V5\C51\LIB\C51L.LIB (?C?LLDPTR)
  C:\KEIL_V5\C51\LIB\C51L.LIB (?C?LLDOPTR)
  C:\KEIL_V5\C51\LIB\C51L.LIB (?C?LSTPTR)
  C:\KEIL_V5\C51\LIB\C51L.LIB (?C?LSTOPTR)
BL51 BANKED LINKER/LOCATER V6.22                                                      02/27/2019  10:15:54  PAGE 2


  C:\KEIL_V5\C51\LIB\C51L.LIB (?C?LLDXDATA)
  C:\KEIL_V5\C51\LIB\C51L.LIB (?C?LLDCODE)
  C:\KEIL_V5\C51\LIB\C51L.LIB (?C?LLDXDATA0)
  C:\KEIL_V5\C51\LIB\C51L.LIB (?C?LLDCODE0)
  C:\KEIL_V5\C51\LIB\C51L.LIB (?C?LLDPTR0)
  C:\KEIL_V5\C51\LIB\C51L.LIB (?C?LSTXDATA)
  C:\KEIL_V5\C51\LIB\C51L.LIB (?C?LSTKXDATA)
  C:\KEIL_V5\C51\LIB\C51L.LIB (?C?LSTKPTR)
  C:\KEIL_V5\C51\LIB\C51L.LIB (?C?OFFXADD)
  C:\KEIL_V5\C51\LIB\C51L.LIB (ABS)
  C:\KEIL_V5\C51\LIB\C51L.LIB (ATOI)
  C:\KEIL_V5\C51\LIB\C51L.LIB (?C?IILDX)
  C:\KEIL_V5\C51\LIB\C51L.LIB (?C?ULDIV)
  C:\KEIL_V5\C51\LIB\C51L.LIB (?C?LLDIDATA)
  C:\KEIL_V5\C51\LIB\C51L.LIB (?C?LLDPDATA)
  C:\KEIL_V5\C51\LIB\C51L.LIB (?C?LLDIDATA0)
  C:\KEIL_V5\C51\LIB\C51L.LIB (?C?LLDPDATA0)
  C:\KEIL_V5\C51\LIB\C51L.LIB (?C?LSTIDATA)
  C:\KEIL_V5\C51\LIB\C51L.LIB (?C?LSTPDATA)
  C:\KEIL_V5\C51\LIB\C51L.LIB (?C?LSTKIDATA)
  C:\KEIL_V5\C51\LIB\C51L.LIB (?C?LSTKPDATA)
  C:\KEIL_V5\C51\LIB\C51L.LIB (ISDIGIT)
  C:\KEIL_V5\C51\LIB\C51L.LIB (ISSPACE)


LINK MAP OF MODULE:  .\Obj\GPIO_RTC_Test (MAIN)


            TYPE    BASE      LENGTH    RELOCATION   SEGMENT NAME
            -----------------------------------------------------

            * * * * * * *   D A T A   M E M O R Y   * * * * * * *
            REG     0000H     0008H     ABSOLUTE     "REG BANK 0"
                    0008H     0018H                  *** GAP ***
            BIT     0020H.0   0000H.5   UNIT         ?BI?KEYPAD
            BIT     0020H.5   0000H.3   UNIT         _BIT_GROUP_
            BIT     0021H.0   0000H.1   UNIT         ?BI?MAIN
            BIT     0021H.1   0000H.1   UNIT         ?BI?_ATOI?ATOI
                    0021H.2   0000H.6                *** GAP ***
            IDATA   0022H     0001H     UNIT         ?STACK

            * * * * * * *  X D A T A   M E M O R Y  * * * * * * *
            XDATA   0000H     038FH     UNIT         ?XD?BIPOLARMOTOR
            XDATA   038FH     0151H     UNIT         _XDATA_GROUP_
            XDATA   04E0H     00D8H     UNIT         ?XD?MAIN
            XDATA   05B8H     0040H     UNIT         ?XD?_FINDDET4X4?BIPOLARMOTOR
            XDATA   05F8H     0024H     UNIT         ?XD?_FINDDET3X3?BIPOLARMOTOR
            XDATA   061CH     0009H     UNIT         ?XD?KEYPAD
            XDATA   0625H     0008H     UNIT         ?XD?_AT25SF041_READ?AT25SF041
            XDATA   062DH     0005H     UNIT         ?XD?_ATOI?ATOI
            XDATA   0632H     0004H     UNIT         ?XD?_DISPLAY_PROX?MAIN
            XDATA   0636H     0003H     UNIT         ?XD?_SENDSTRING?UART1
            XDATA   0639H     0001H     UNIT         ?XD?UC_ACK?IOEXPANDER_PI4IOE5V96248
            XDATA   063AH     0001H     UNIT         ?XD?UC_NACK?IOEXPANDER_PI4IOE5V96248

            * * * * * * *   C O D E   M E M O R Y   * * * * * * *
            CODE    0000H     0003H     ABSOLUTE     
BL51 BANKED LINKER/LOCATER V6.22                                                      02/27/2019  10:15:54  PAGE 3


            CODE    0003H     0006H     UNIT         ?PR?_TEN?UART1
            CODE    0009H     0001H     UNIT         ?PR?TM0_ISR?MAIN
            CODE    000AH     0001H     UNIT         ?PR?_DECTOBCD?UART1
            CODE    000BH     0003H     ABSOLUTE     
            CODE    000EH     0B00H     UNIT         ?PR?_UPDATE_POSITION?BIPOLARMOTOR
            CODE    0B0EH     09FDH     UNIT         ?PR?MAIN?MAIN
            CODE    150BH     09B6H     UNIT         ?C?LIB_CODE
            CODE    1EC1H     07A2H     UNIT         ?PR?SUNPOS?SUNPOS
            CODE    2663H     03F9H     UNIT         ?C_INITSEG
            CODE    2A5CH     0309H     UNIT         ?PR?_FIND_REAL_MAX?CALIBRATION
            CODE    2D65H     02C0H     UNIT         ?PR?_FINDDET4X4?BIPOLARMOTOR
            CODE    3025H     02A0H     UNIT         ?PR?KEY_PROCESS?KEYPAD
            CODE    32C5H     01D1H     UNIT         ?PR?_FINDDET3X3?BIPOLARMOTOR
            CODE    3496H     0192H     UNIT         ?PR?SPI_NOR_WRITE_DATA?AT25SF041
            CODE    3628H     018DH     UNIT         ?PR?KEY_SCAN?KEYPAD
            CODE    37B5H     0188H     UNIT         ?PR?SIN?SIN
            CODE    393DH     0177H     UNIT         ?PR?_CALIBRATION?CALIBRATION
            CODE    3AB4H     0172H     UNIT         ?PR?_DISPLAY_POS?MAIN
            CODE    3C26H     0122H     UNIT         ?PR?ATAN?ATAN
            CODE    3D48H     0110H     UNIT         ?PR?_AT25SF041_READ?AT25SF041
            CODE    3E58H     0102H     UNIT         ?PR?_AT25SF041_WRITE?AT25SF041
            CODE    3F5AH     00DBH     UNIT         ?PR?_ATOI?ATOI
            CODE    4035H     00C3H     UNIT         ?PR?LINEAR_INTERPOLATE?BIPOLARMOTOR
            CODE    40F8H     00BBH     UNIT         ?PR?VOLTAGE_IS_STABLE?CALIBRATION
            CODE    41B3H     00ADH     UNIT         ?PR?_WRITE_PI4IOE5V96248?IOEXPANDER_PI4IOE5V96248
            CODE    4260H     00ACH     UNIT         ?PR?SQRT?SQRT
            CODE    430CH     00A1H     UNIT         ?PR?UCREAD_STATUS_REGISTER_BYTE1?AT25SF041
            CODE    43ADH     009DH     UNIT         ?PR?_ATAN2?ATAN2
            CODE    444AH     009CH     UNIT         ?PR?_MAX_VALUE?CALIBRATION
            CODE    44E6H     0095H     UNIT         ?PR?_DISPLAY_PROX?MAIN
            CODE    457BH     008CH     UNIT         ?C_C51STARTUP
            CODE    4607H     0084H     UNIT         ?PR?_DAY_OF_YEAR?PCF85063BTL
            CODE    468BH     0075H     UNIT         ?PR?_WRITEDATA?LCD_DRIVER_SPLC780D
            CODE    4700H     0072H     UNIT         ?PR?AT25SF041_WRITEENABLE?AT25SF041
            CODE    4772H     006FH     UNIT         ?PR?_READ_TIME?PCF85063BTL
            CODE    47E1H     005AH     UNIT         ?PR?AT25SF041_CHIPERASE?AT25SF041
            CODE    483BH     0059H     UNIT         ?PR?LCD_INIT?LCD_DRIVER_SPLC780D
            CODE    4894H     004AH     UNIT         ?PR?VONESTEPMOVE?BIPOLARMOTOR
            CODE    48DEH     004AH     UNIT         ?PR?ACOS?ACOS
            CODE    4928H     0044H     UNIT         ?C?LDIV
            CODE    496CH     0040H     UNIT         ?PR?_COMMAND?LCD_DRIVER_SPLC780D
            CODE    49ACH     0040H     UNIT         ?PR?_STEP_MOVE?BIPOLARMOTOR
            CODE    49ECH     003BH     UNIT         ?PR?ASIN?ASIN
            CODE    4A27H     0033H     UNIT         ?PR?_SENDSTRING?UART1
            CODE    4A5AH     002CH     UNIT         ?PR?_ADC_GETRESULT?ADC
            CODE    4A86H     002BH     UNIT         ?PR?_WAIT_MS_I2C?IOEXPANDER_PI4IOE5V96248
            CODE    4AB1H     002BH     UNIT         ?PR?_WAIT_MS_SPINOR?AT25SF041
            CODE    4ADCH     0028H     UNIT         ?PR?_MOVE?BIPOLARMOTOR
            CODE    4B04H     0027H     UNIT         ?PR?_I2C_SENDBYTE?IOEXPANDER_PI4IOE5V96248
            CODE    4B2BH     0024H     UNIT         ?PR?_WAIT_MS?LCD_DRIVER_SPLC780D
            CODE    4B4FH     0020H     UNIT         ?PR?_SPI_SENDBYTE?PCF85063BTL
            CODE    4B6FH     0020H     UNIT         ?PR?SPI_RECEIVEBYTE?PCF85063BTL
            CODE    4B8FH     001FH     UNIT         ?PR?ADC_INIT?ADC
            CODE    4BAEH     001EH     UNIT         ?PR?_DELAY_MS?KEYPAD
            CODE    4BCCH     001DH     UNIT         ?PR?_DISPLAYLCD?LCD_DRIVER_SPLC780D
            CODE    4BE9H     001BH     UNIT         ?PR?_BCDTODEC1?BIPOLARMOTOR
            CODE    4C04H     0018H     UNIT         ?PR?_SPI_WRITETIME?PCF85063BTL
BL51 BANKED LINKER/LOCATER V6.22                                                      02/27/2019  10:15:54  PAGE 4


            CODE    4C1CH     0017H     UNIT         ?PR?_ASCIITOBCD?UART1
            CODE    4C33H     0016H     UNIT         ?PR?I2C_ACK?IOEXPANDER_PI4IOE5V96248
            CODE    4C49H     0015H     UNIT         ?PR?_DISPLAY_LINE?LCD_DRIVER_SPLC780D
            CODE    4C5EH     0015H     UNIT         ?PR?I2C_STOP?IOEXPANDER_PI4IOE5V96248
            CODE    4C73H     0014H     UNIT         ?PR?_PCF85063BTL_DELAY?PCF85063BTL
            CODE    4C87H     0014H     UNIT         ?PR?_ISSPACE?ISSPACE
            CODE    4C9BH     0011H     UNIT         ?PR?_SPI_READTIME?PCF85063BTL
            CODE    4CACH     0011H     UNIT         ?PR?_BCDTODEC?PCF85063BTL
            CODE    4CBDH     0011H     UNIT         ?PR?INITUART1?UART1
            CODE    4CCEH     000FH     UNIT         ?PR?I2C_START?IOEXPANDER_PI4IOE5V96248
            CODE    4CDDH     000FH     UNIT         ?PR?UC_NACK?IOEXPANDER_PI4IOE5V96248
            CODE    4CECH     000FH     UNIT         ?PR?_ISDIGIT?ISDIGIT
            CODE    4CFBH     000DH     UNIT         ?PR?SPI_INIT?PCF85063BTL
            CODE    4D08H     000CH     UNIT         ?PR?KEYPAD_IO_INIT?KEYPAD
            CODE    4D14H     000CH     UNIT         ?PR?_ABS?ABS
            CODE    4D20H     000AH     UNIT         ?PR?LCD_RETURN_HOME?LCD_DRIVER_SPLC780D
            CODE    4D2AH     000AH     UNIT         ?PR?LCD_CLEAR?LCD_DRIVER_SPLC780D
            CODE    4D34H     0006H     UNIT         ?PR?UC_ACK?IOEXPANDER_PI4IOE5V96248
            CODE    4D3AH     0005H     UNIT         ?PR?_UNIT?UART1
            CODE    4D3FH     0005H     UNIT         ?PR?_ASCII_LETTER?UART1
            CODE    4D44H     0001H     UNIT         ?PR?WAIT?BIPOLARMOTOR
            CODE    4D45H     0001H     UNIT         ?PR?NOP?IOEXPANDER_PI4IOE5V96248



OVERLAY MAP OF MODULE:   .\Obj\GPIO_RTC_Test (MAIN)


SEGMENT                                             BIT_GROUP          XDATA_GROUP
  +--> CALLED SEGMENT                            START    LENGTH     START    LENGTH
------------------------------------------------------------------------------------
?C_C51STARTUP                                    -----    -----      -----    -----
  +--> ?PR?MAIN?MAIN
  +--> ?C_INITSEG

?PR?MAIN?MAIN                                    -----    -----      038FH    002CH
  +--> ?PR?AT25SF041_WRITEENABLE?AT25SF041
  +--> ?PR?AT25SF041_CHIPERASE?AT25SF041
  +--> ?PR?_WAIT_MS_SPINOR?AT25SF041
  +--> ?PR?LCD_INIT?LCD_DRIVER_SPLC780D
  +--> ?PR?SPI_INIT?PCF85063BTL
  +--> ?PR?KEYPAD_IO_INIT?KEYPAD
  +--> ?PR?ADC_INIT?ADC
  +--> ?PR?_SPI_WRITETIME?PCF85063BTL
  +--> ?PR?_DELAY_MS?KEYPAD
  +--> ?PR?_DISPLAY_LINE?LCD_DRIVER_SPLC780D
  +--> ?PR?_WRITEDATA?LCD_DRIVER_SPLC780D
  +--> ?PR?KEY_PROCESS?KEYPAD
  +--> ?PR?_COMMAND?LCD_DRIVER_SPLC780D
  +--> ?PR?_DISPLAY_POS?MAIN
  +--> ?PR?_DISPLAYLCD?LCD_DRIVER_SPLC780D
  +--> ?PR?_STEP_MOVE?BIPOLARMOTOR
  +--> ?PR?LCD_RETURN_HOME?LCD_DRIVER_SPLC780D
  +--> ?PR?_READ_TIME?PCF85063BTL
  +--> ?PR?_ADC_GETRESULT?ADC
  +--> ?PR?_BCDTODEC1?BIPOLARMOTOR
  +--> ?PR?_CALIBRATION?CALIBRATION
BL51 BANKED LINKER/LOCATER V6.22                                                      02/27/2019  10:15:54  PAGE 5


  +--> ?PR?SPI_NOR_WRITE_DATA?AT25SF041
  +--> ?PR?LINEAR_INTERPOLATE?BIPOLARMOTOR
  +--> ?PR?_UPDATE_POSITION?BIPOLARMOTOR

?PR?AT25SF041_WRITEENABLE?AT25SF041              -----    -----      03C9H    0002H
  +--> ?PR?_WAIT_MS_SPINOR?AT25SF041
  +--> ?PR?UCREAD_STATUS_REGISTER_BYTE1?AT25...

?PR?UCREAD_STATUS_REGISTER_BYTE1?AT25...         -----    -----      03D1H    0003H
  +--> ?PR?_WAIT_MS_SPINOR?AT25SF041

?PR?AT25SF041_CHIPERASE?AT25SF041                -----    -----      03C9H    0002H
  +--> ?PR?_WAIT_MS_SPINOR?AT25SF041
  +--> ?PR?UCREAD_STATUS_REGISTER_BYTE1?AT25...

?PR?LCD_INIT?LCD_DRIVER_SPLC780D                 -----    -----      -----    -----
  +--> ?PR?_WAIT_MS?LCD_DRIVER_SPLC780D
  +--> ?PR?_COMMAND?LCD_DRIVER_SPLC780D

?PR?_COMMAND?LCD_DRIVER_SPLC780D                 -----    -----      -----    -----
  +--> ?PR?_WAIT_MS?LCD_DRIVER_SPLC780D

?PR?ADC_INIT?ADC                                 -----    -----      -----    -----
  +--> ?PR?_WAIT_MS?LCD_DRIVER_SPLC780D

?PR?_SPI_WRITETIME?PCF85063BTL                   -----    -----      -----    -----
  +--> ?PR?_SPI_SENDBYTE?PCF85063BTL

?PR?_SPI_SENDBYTE?PCF85063BTL                    -----    -----      -----    -----
  +--> ?PR?_PCF85063BTL_DELAY?PCF85063BTL

?PR?_DISPLAY_LINE?LCD_DRIVER_SPLC780D            -----    -----      -----    -----
  +--> ?PR?_COMMAND?LCD_DRIVER_SPLC780D

?PR?_WRITEDATA?LCD_DRIVER_SPLC780D               -----    -----      046CH    0001H
  +--> ?PR?_WAIT_MS?LCD_DRIVER_SPLC780D

?PR?KEY_PROCESS?KEYPAD                           -----    -----      03BBH    0006H
  +--> ?PR?KEY_SCAN?KEYPAD
  +--> ?PR?_SPI_WRITETIME?PCF85063BTL
  +--> ?PR?LCD_CLEAR?LCD_DRIVER_SPLC780D
  +--> ?PR?_COMMAND?LCD_DRIVER_SPLC780D
  +--> ?PR?_WRITEDATA?LCD_DRIVER_SPLC780D

?PR?KEY_SCAN?KEYPAD                              -----    -----      03C1H    0003H

?PR?LCD_CLEAR?LCD_DRIVER_SPLC780D                -----    -----      -----    -----
  +--> ?PR?_COMMAND?LCD_DRIVER_SPLC780D

?PR?_DISPLAY_POS?MAIN                            -----    -----      0462H    000AH
  +--> ?PR?_ABS?ABS
  +--> ?PR?_WRITEDATA?LCD_DRIVER_SPLC780D

?PR?_DISPLAYLCD?LCD_DRIVER_SPLC780D              -----    -----      03BBH    0001H
  +--> ?PR?_WRITEDATA?LCD_DRIVER_SPLC780D

?PR?_STEP_MOVE?BIPOLARMOTOR                      0020H.6  0000H.1    047BH    0004H
BL51 BANKED LINKER/LOCATER V6.22                                                      02/27/2019  10:15:54  PAGE 6


  +--> ?PR?VONESTEPMOVE?BIPOLARMOTOR

?PR?VONESTEPMOVE?BIPOLARMOTOR                    0020H.7  0000H.1    -----    -----
  +--> ?PR?_WRITE_PI4IOE5V96248?IOEXPANDER_P...
  +--> ?PR?_DELAY_MS?KEYPAD

?PR?_WRITE_PI4IOE5V96248?IOEXPANDER_P...         -----    -----      047FH    0003H
  +--> ?PR?I2C_START?IOEXPANDER_PI4IOE5V96248
  +--> ?PR?_WAIT_MS_I2C?IOEXPANDER_PI4IOE5V9...
  +--> ?PR?_I2C_SENDBYTE?IOEXPANDER_PI4IOE5V...
  +--> ?PR?I2C_ACK?IOEXPANDER_PI4IOE5V96248
  +--> ?PR?I2C_STOP?IOEXPANDER_PI4IOE5V96248

?PR?I2C_START?IOEXPANDER_PI4IOE5V96248           -----    -----      -----    -----
  +--> ?PR?_WAIT_MS_I2C?IOEXPANDER_PI4IOE5V9...

?PR?_I2C_SENDBYTE?IOEXPANDER_PI4IOE5V...         -----    -----      -----    -----
  +--> ?PR?_WAIT_MS_I2C?IOEXPANDER_PI4IOE5V9...

?PR?I2C_ACK?IOEXPANDER_PI4IOE5V96248             -----    -----      0482H    0001H
  +--> ?PR?_WAIT_MS_I2C?IOEXPANDER_PI4IOE5V9...

?PR?I2C_STOP?IOEXPANDER_PI4IOE5V96248            -----    -----      -----    -----
  +--> ?PR?_WAIT_MS_I2C?IOEXPANDER_PI4IOE5V9...

?PR?LCD_RETURN_HOME?LCD_DRIVER_SPLC780D          -----    -----      -----    -----
  +--> ?PR?_COMMAND?LCD_DRIVER_SPLC780D

?PR?_READ_TIME?PCF85063BTL                       -----    -----      03BBH    000FH
  +--> ?PR?_SPI_READTIME?PCF85063BTL

?PR?_SPI_READTIME?PCF85063BTL                    -----    -----      -----    -----
  +--> ?PR?_SPI_SENDBYTE?PCF85063BTL
  +--> ?PR?SPI_RECEIVEBYTE?PCF85063BTL

?PR?SPI_RECEIVEBYTE?PCF85063BTL                  -----    -----      -----    -----
  +--> ?PR?_PCF85063BTL_DELAY?PCF85063BTL

?PR?_CALIBRATION?CALIBRATION                     -----    -----      03BBH    001DH
  +--> ?PR?VOLTAGE_IS_STABLE?CALIBRATION
  +--> ?PR?_UPDATE_POSITION?BIPOLARMOTOR
  +--> ?PR?_FIND_REAL_MAX?CALIBRATION

?PR?VOLTAGE_IS_STABLE?CALIBRATION                -----    -----      03D8H    0018H
  +--> ?PR?_ADC_GETRESULT?ADC
  +--> ?PR?_ABS?ABS

?PR?_UPDATE_POSITION?BIPOLARMOTOR                -----    -----      03D8H    009FH
  +--> ?PR?_BCDTODEC1?BIPOLARMOTOR
  +--> ?PR?SUNPOS?SUNPOS
  +--> ?PR?SIN?SIN
  +--> ?PR?ASIN?ASIN
  +--> ?PR?LINEAR_INTERPOLATE?BIPOLARMOTOR
  +--> ?PR?_ABS?ABS
  +--> ?PR?_MOVE?BIPOLARMOTOR

?PR?SUNPOS?SUNPOS                                -----    -----      0477H    005DH
BL51 BANKED LINKER/LOCATER V6.22                                                      02/27/2019  10:15:54  PAGE 7


  +--> ?PR?SIN?SIN
  +--> ?PR?_ATAN2?ATAN2
  +--> ?PR?ASIN?ASIN
  +--> ?PR?ACOS?ACOS

?PR?SIN?SIN                                      0020H.5  0000H.1    04D4H    0004H

?PR?_ATAN2?ATAN2                                 -----    -----      04D4H    0008H
  +--> ?PR?ATAN?ATAN

?PR?ATAN?ATAN                                    0020H.5  0000H.2    04DCH    0004H

?PR?ASIN?ASIN                                    -----    -----      -----    -----
  +--> ?PR?SQRT?SQRT
  +--> ?PR?ATAN?ATAN

?PR?SQRT?SQRT                                    -----    -----      04D4H    0004H

?PR?ACOS?ACOS                                    -----    -----      -----    -----
  +--> ?PR?SQRT?SQRT
  +--> ?PR?ATAN?ATAN

?PR?LINEAR_INTERPOLATE?BIPOLARMOTOR              -----    -----      0477H    0014H

?PR?_MOVE?BIPOLARMOTOR                           0020H.5  0000H.1    0477H    0004H
  +--> ?PR?_STEP_MOVE?BIPOLARMOTOR

?PR?_FIND_REAL_MAX?CALIBRATION                   -----    -----      03D8H    008AH
  +--> ?PR?_ADC_GETRESULT?ADC
  +--> ?PR?_MOVE?BIPOLARMOTOR
  +--> ?PR?_COMMAND?LCD_DRIVER_SPLC780D
  +--> ?PR?_WRITEDATA?LCD_DRIVER_SPLC780D
  +--> ?PR?_DISPLAY_POS?MAIN
  +--> ?PR?_WAIT_MS?LCD_DRIVER_SPLC780D
  +--> ?PR?_MAX_VALUE?CALIBRATION

?PR?_MAX_VALUE?CALIBRATION                       -----    -----      0462H    0004H

?PR?SPI_NOR_WRITE_DATA?AT25SF041                 -----    -----      03BBH    000EH
  +--> ?PR?AT25SF041_WRITEENABLE?AT25SF041
  +--> ?PR?AT25SF041_CHIPERASE?AT25SF041
  +--> ?PR?_WAIT_MS_SPINOR?AT25SF041
  +--> ?PR?_AT25SF041_WRITE?AT25SF041

?PR?_AT25SF041_WRITE?AT25SF041                   -----    -----      03C9H    0008H
  +--> ?PR?_WAIT_MS_SPINOR?AT25SF041
  +--> ?PR?UCREAD_STATUS_REGISTER_BYTE1?AT25...



UNRESOLVED EXTERNAL SYMBOLS:
   AUTO_MODE
   _SENDUART1



SYMBOL TABLE OF MODULE:  .\Obj\GPIO_RTC_Test (MAIN)
BL51 BANKED LINKER/LOCATER V6.22                                                      02/27/2019  10:15:54  PAGE 8



  VALUE           TYPE          NAME
  ----------------------------------

  -------         MODULE        MAIN
  C:0000H         SYMBOL        _ICE_DUMMY_
  X:04E8H         PUBLIC        calib_value
  D:0080H         PUBLIC        P0
  D:00B2H         PUBLIC        P3M0
  D:0090H         PUBLIC        P1
  D:00B1H         PUBLIC        P3M1
  D:00A0H         PUBLIC        P2
  D:00B0H         PUBLIC        P3
  D:00C0H         PUBLIC        P4
  D:00C8H         PUBLIC        P5
  X:053CH         SYMBOL        PressedKey
  B:00A8H.7       PUBLIC        EA
  D:00E8H         PUBLIC        P6
  X:0540H         PUBLIC        calib_stamp
  D:00F8H         PUBLIC        P7
  X:0541H         PUBLIC        RX_Data_Uart_Cnt
  D:00A8H         PUBLIC        IE
  X:0543H         PUBLIC        calib_time
  D:00B8H         PUBLIC        IP
  X:0597H         PUBLIC        months
  D:00D8H         PUBLIC        CCON
  C:0B0EH         PUBLIC        main
  X:0598H         PUBLIC        count
  X:059AH         PUBLIC        days
  X:059BH         PUBLIC        hours
  D:0098H         PUBLIC        SCON
  D:0089H         PUBLIC        TMOD
  D:0088H         PUBLIC        TCON
  B:00A0H.3       PUBLIC        P23
  X:059CH         SYMBOL        KeyCount
  X:059EH         PUBLIC        mins
  X:059FH         PUBLIC        Rec_data_hour
  B:00C8H.5       PUBLIC        P55
  X:05A2H         PUBLIC        Rec_data_min
  D:008EH         PUBLIC        AUXR
  C:0009H         PUBLIC        tm0_isr
  B:0021H.0       PUBLIC        busy
  B:00A8H.1       PUBLIC        ET0
  X:05A5H         PUBLIC        SPI_NOR_INTERNAL_FLASH_ADDR
  D:008CH         PUBLIC        TH0
  X:05A9H         PUBLIC        hour_count
  D:008AH         PUBLIC        TL0
  X:05AAH         PUBLIC        min_count
  B:0088H.4       PUBLIC        TR0
  X:05ABH         SYMBOL        KeyNum
  X:05ACH         SYMBOL        KeyNum_Old
  X:05ADH         PUBLIC        current_position
  X:05B1H         PUBLIC        hours1
  X:05B2H         PUBLIC        hours2
  C:44E6H         PUBLIC        _Display_Prox
  X:05B3H         PUBLIC        mins1
  X:05B4H         PUBLIC        mins2
BL51 BANKED LINKER/LOCATER V6.22                                                      02/27/2019  10:15:54  PAGE 9


  C:3AB4H         PUBLIC        _Display_Pos
  X:05B5H         PUBLIC        seconds
  X:05B6H         PUBLIC        st_time
  D:00D0H         PUBLIC        PSW
  -------         PROC          TM0_ISR
  C:0009H         LINE#         85
  C:0009H         LINE#         87
  -------         ENDPROC       TM0_ISR
  -------         PROC          MAIN
  -------         DO            
  X:038FH         SYMBOL        sunlight_ADC
  X:04E0H         SYMBOL        KeyCount
  X:04E2H         SYMBOL        KeyNum_Old
  X:04E3H         SYMBOL        KeyNum
  X:04E4H         SYMBOL        PressedKey
  X:0391H         SYMBOL        prox_flag
  X:0392H         SYMBOL        iUse_prevday_calib_value
  X:0394H         SYMBOL        max_ADC_Val_JP
  X:0396H         SYMBOL        max_ADC_Val
  X:0398H         SYMBOL        calib_point1
  X:03A0H         SYMBOL        calib_point2
  X:03A8H         SYMBOL        dat_to_store
  X:03B3H         SYMBOL        calib_day
  X:03B5H         SYMBOL        calib_count
  X:03B7H         SYMBOL        theorical_JP_max_pos
  -------         ENDDO         
  C:0B0EH         LINE#         89
  C:0B0EH         LINE#         90
  C:0B0EH         LINE#         95
  C:0B14H         LINE#         96
  C:0B19H         LINE#         98
  C:0B21H         LINE#         102
  C:0B27H         LINE#         103
  C:0B31H         LINE#         107
  C:0B33H         LINE#         108
  C:0B35H         LINE#         109
  C:0B37H         LINE#         110
  C:0B39H         LINE#         112
  C:0B40H         LINE#         121
  C:0B40H         LINE#         122
  C:0B43H         LINE#         124
  C:0B46H         LINE#         125
  C:0B4DH         LINE#         126
  C:0B4DH         LINE#         127
  C:0B50H         LINE#         128
  C:0B53H         LINE#         129
  C:0B56H         LINE#         130
  C:0B59H         LINE#         131
  C:0B5CH         LINE#         132
  C:0B5FH         LINE#         135
  C:0B62H         LINE#         137
  C:0B65H         LINE#         138
  C:0B68H         LINE#         139
  C:0B6BH         LINE#         140
  C:0B6DH         LINE#         141
  C:0B6FH         LINE#         142
  C:0B71H         LINE#         144
BL51 BANKED LINKER/LOCATER V6.22                                                      02/27/2019  10:15:54  PAGE 10


  C:0B73H         LINE#         145
  C:0B7AH         LINE#         146
  C:0B81H         LINE#         147
  C:0B88H         LINE#         148
  C:0B8FH         LINE#         152
  C:0B96H         LINE#         153
  C:0B9BH         LINE#         154
  C:0BA0H         LINE#         155
  C:0BA5H         LINE#         156
  C:0BAAH         LINE#         157
  C:0BAFH         LINE#         160
  C:0BC8H         LINE#         161
  C:0BC8H         LINE#         162
  C:0BE4H         LINE#         163
  C:0C2BH         LINE#         164
  C:0C3CH         LINE#         167
  C:0C3CH         LINE#         168
  C:0C3CH         LINE#         169
  C:0C3FH         LINE#         172
  C:0C3FH         LINE#         175
  C:0C44H         LINE#         176
  C:0C49H         LINE#         178
  C:0C4EH         LINE#         179
  C:0C53H         LINE#         180
  C:0C58H         LINE#         181
  C:0C5DH         LINE#         183
  C:0C6EH         LINE#         184
  C:0C73H         LINE#         185
  C:0C78H         LINE#         187
  C:0C7FH         LINE#         188
  C:0C87H         LINE#         189
  C:0C8CH         LINE#         190
  C:0C94H         LINE#         191
  C:0C99H         LINE#         192
  C:0CA3H         LINE#         193
  C:0CA8H         LINE#         194
  C:0CB0H         LINE#         196
  C:0CB8H         LINE#         197
  C:0CBDH         LINE#         198
  C:0CC7H         LINE#         199
  C:0CC7H         LINE#         200
  C:0CC9H         LINE#         201
  C:0CCBH         LINE#         202
  C:0CD5H         LINE#         203
  C:0CD5H         LINE#         204
  C:0CDAH         LINE#         205
  C:0CDAH         LINE#         217
  C:0CE7H         LINE#         218
  C:0CE7H         LINE#         219
  C:0CF1H         LINE#         220
  C:0D08H         LINE#         221
  C:0D08H         LINE#         222
  C:0D0AH         LINE#         223
  C:0D0CH         LINE#         225
  C:0D0CH         LINE#         226
  C:0D17H         LINE#         227
  C:0D17H         LINE#         228
BL51 BANKED LINKER/LOCATER V6.22                                                      02/27/2019  10:15:54  PAGE 11


  C:0D1CH         LINE#         229
  C:0D1CH         LINE#         230
  C:0D29H         LINE#         231
  C:0D29H         LINE#         234
  C:0D33H         LINE#         235
  C:0D4AH         LINE#         236
  C:0D4AH         LINE#         237
  C:0D4CH         LINE#         238
  C:0D4EH         LINE#         240
  C:0D4EH         LINE#         241
  C:0D59H         LINE#         242
  C:0D59H         LINE#         243
  C:0D5EH         LINE#         244
  C:0D60H         LINE#         245
  C:0D60H         LINE#         254
  C:0D82H         LINE#         255
  C:0D82H         LINE#         256
  C:0D8CH         LINE#         257
  C:0D92H         LINE#         258
  C:0D94H         LINE#         259
  C:0D96H         LINE#         260
  C:0D98H         LINE#         261
  C:0D98H         LINE#         262
  C:0D9BH         LINE#         264
  C:0D9BH         LINE#         265
  C:0DA1H         LINE#         266
  C:0DA9H         LINE#         267
  C:0DAFH         LINE#         268
  C:0DB7H         LINE#         269
  C:0DF2H         LINE#         273
  C:0DFFH         LINE#         274
  C:0DFFH         LINE#         275
  C:0E0CH         LINE#         276
  C:0E3FH         LINE#         277
  C:0E4CH         LINE#         278
  C:0E4CH         LINE#         280
  C:0E7BH         LINE#         281
  C:0E7BH         LINE#         282
  C:0E9DH         LINE#         283
  C:0E9DH         LINE#         284
  C:0F19H         LINE#         285
  C:0F97H         LINE#         291
  C:0F9FH         LINE#         292
  C:0FA7H         LINE#         293
  C:0FAFH         LINE#         295
  C:0FB7H         LINE#         296
  C:0FCBH         LINE#         297
  C:0FE1H         LINE#         301
  C:1011H         LINE#         304
  C:1025H         LINE#         306
  C:102EH         LINE#         310
  C:1044H         LINE#         311
  C:1074H         LINE#         378
  C:107BH         LINE#         379
  C:109FH         LINE#         382
  C:10A2H         LINE#         383
  C:10B3H         LINE#         384
BL51 BANKED LINKER/LOCATER V6.22                                                      02/27/2019  10:15:54  PAGE 12


  C:10B3H         LINE#         385
  C:10B3H         LINE#         387
  C:10B3H         LINE#         390
  C:10B6H         LINE#         392
  C:10B6H         LINE#         393
  C:10D8H         LINE#         394
  C:10D8H         LINE#         395
  C:1154H         LINE#         396
  C:11A9H         LINE#         397
  C:11A9H         LINE#         398
  C:11A9H         LINE#         399
  C:11ACH         LINE#         403
  C:11ACH         LINE#         406
  C:11E0H         LINE#         407
  C:11E0H         LINE#         408
  C:1202H         LINE#         409
  C:1202H         LINE#         410
  C:127EH         LINE#         411
  C:12FCH         LINE#         431
  C:12FFH         LINE#         432
  C:1310H         LINE#         433
  C:1310H         LINE#         434
  C:1318H         LINE#         436
  C:1318H         LINE#         439
  C:131BH         LINE#         441
  C:131BH         LINE#         443
  C:133DH         LINE#         444
  C:133DH         LINE#         445
  C:13B9H         LINE#         447
  C:13E6H         LINE#         448
  C:1401H         LINE#         449
  C:142EH         LINE#         450
  C:1449H         LINE#         452
  C:14E5H         LINE#         455
  C:14E5H         LINE#         456
  C:14E5H         LINE#         457
  C:14E5H         LINE#         459
  C:14E5H         LINE#         462
  C:1501H         LINE#         463
  C:1506H         LINE#         465
  C:1508H         LINE#         466
  -------         ENDPROC       MAIN
  -------         PROC          _DISPLAY_PROX
  D:0002H         SYMBOL        dat
  -------         DO            
  X:0632H         SYMBOL        unit
  X:0633H         SYMBOL        ten
  X:0634H         SYMBOL        hundred
  X:0635H         SYMBOL        thousand
  -------         ENDDO         
  C:44E6H         LINE#         550
  C:44EAH         LINE#         551
  C:44EAH         LINE#         553
  C:44F6H         LINE#         554
  C:4506H         LINE#         555
  C:4522H         LINE#         556
  C:4552H         LINE#         557
BL51 BANKED LINKER/LOCATER V6.22                                                      02/27/2019  10:15:54  PAGE 13


  C:455CH         LINE#         558
  C:4566H         LINE#         559
  C:4570H         LINE#         560
  C:457AH         LINE#         562
  -------         ENDPROC       _DISPLAY_PROX
  -------         PROC          _DISPLAY_POS
  X:0462H         SYMBOL        sign_dat
  -------         DO            
  X:0466H         SYMBOL        unit
  X:0467H         SYMBOL        ten
  X:0468H         SYMBOL        hundred
  D:0003H         SYMBOL        thousand
  X:0469H         SYMBOL        after_dot
  X:046AH         SYMBOL        dat
  -------         ENDDO         
  C:3AB4H         LINE#         565
  C:3ABAH         LINE#         566
  C:3ABAH         LINE#         570
  C:3AD6H         LINE#         571
  C:3AF0H         LINE#         572
  C:3B14H         LINE#         574
  C:3B5EH         LINE#         576
  C:3B75H         LINE#         577
  C:3B82H         LINE#         578
  C:3BA4H         LINE#         579
  C:3BD9H         LINE#         580
  C:3BF1H         LINE#         581
  C:3BF1H         LINE#         583
  C:3BF1H         LINE#         584
  C:3BF1H         LINE#         585
  C:3BF1H         LINE#         586
  C:3BF1H         LINE#         587
  C:3BF1H         LINE#         591
  C:3BF3H         LINE#         593
  C:3BF3H         LINE#         595
  C:3BF8H         LINE#         596
  C:3C02H         LINE#         597
  C:3C0CH         LINE#         598
  C:3C16H         LINE#         599
  C:3C1BH         LINE#         600
  C:3C25H         LINE#         604
  C:3C25H         LINE#         606
  -------         ENDPROC       _DISPLAY_POS
  -------         ENDMOD        MAIN

  -------         MODULE        PCF85063BTL
  C:0000H         SYMBOL        _ICE_DUMMY_
  D:0096H         PUBLIC        P2M0
  D:0080H         PUBLIC        P0
  D:0095H         PUBLIC        P2M1
  D:0090H         PUBLIC        P1
  D:00A0H         PUBLIC        P2
  D:00B0H         PUBLIC        P3
  D:00C0H         PUBLIC        P4
  D:00C8H         PUBLIC        P5
  D:00E8H         PUBLIC        P6
  B:00A0H.1       PUBLIC        PCF85063BTL_SDI
BL51 BANKED LINKER/LOCATER V6.22                                                      02/27/2019  10:15:54  PAGE 14


  D:00F8H         PUBLIC        P7
  B:00A0H.2       PUBLIC        PCF85063BTL_SCK
  B:00A0H.1       PUBLIC        PCF85063BTL_SDO
  D:00A8H         PUBLIC        IE
  C:4772H         PUBLIC        _Read_time
  C:4C79H         PUBLIC        _PCF85063BTL_Delay
  D:00B8H         PUBLIC        IP
  D:00D8H         PUBLIC        CCON
  C:4607H         PUBLIC        _Day_Of_Year
  C:4B6FH         PUBLIC        SPI_ReceiveByte
  D:0098H         PUBLIC        SCON
  D:0088H         PUBLIC        TCON
  C:4CACH         PUBLIC        _BCDtoDec
  B:00A0H.0       PUBLIC        PCF85063BTL_CS
  C:4C9BH         PUBLIC        _SPI_ReadTime
  C:4CFBH         PUBLIC        SPI_Init
  C:4C04H         PUBLIC        _SPI_WriteTime
  C:4B4FH         PUBLIC        _SPI_SendByte
  D:00D0H         PUBLIC        PSW
  C:4C75H         SYMBOL        L?0047
  -------         PROC          L?0046
  -------         ENDPROC       L?0046
  C:4C75H         SYMBOL        L?0047
  -------         PROC          _PCF85063BTL_DELAY
  D:0006H         SYMBOL        us
  C:4C79H         LINE#         8
  C:4C79H         LINE#         9
  C:4C79H         LINE#         10
  C:4C83H         LINE#         11
  C:4C83H         LINE#         12
  C:4C84H         LINE#         13
  C:4C86H         LINE#         14
  -------         ENDPROC       _PCF85063BTL_DELAY
  -------         PROC          _SPI_SENDBYTE
  D:0005H         SYMBOL        dat
  -------         DO            
  D:0003H         SYMBOL        i
  -------         ENDDO         
  C:4B4FH         LINE#         17
  C:4B51H         LINE#         18
  C:4B51H         LINE#         20
  C:4B53H         LINE#         21
  C:4B53H         LINE#         22
  C:4B55H         LINE#         23
  C:4B59H         LINE#         24
  C:4B59H         LINE#         25
  C:4B5BH         LINE#         26
  C:4B5DH         LINE#         28
  C:4B5DH         LINE#         29
  C:4B5FH         LINE#         30
  C:4B5FH         LINE#         31
  C:4B62H         LINE#         32
  C:4B62H         LINE#         33
  C:4B65H         LINE#         34
  C:4B69H         LINE#         35
  C:4B6EH         LINE#         36
  -------         ENDPROC       _SPI_SENDBYTE
BL51 BANKED LINKER/LOCATER V6.22                                                      02/27/2019  10:15:54  PAGE 15


  -------         PROC          SPI_RECEIVEBYTE
  -------         DO            
  D:0003H         SYMBOL        i
  D:0005H         SYMBOL        dat
  -------         ENDDO         
  C:4B6FH         LINE#         39
  C:4B6FH         LINE#         40
  C:4B6FH         LINE#         42
  C:4B71H         LINE#         44
  C:4B73H         LINE#         45
  C:4B74H         LINE#         46
  C:4B74H         LINE#         47
  C:4B78H         LINE#         48
  C:4B7AH         LINE#         49
  C:4B7DH         LINE#         51
  C:4B80H         LINE#         52
  C:4B80H         LINE#         53
  C:4B84H         LINE#         54
  C:4B84H         LINE#         55
  C:4B84H         LINE#         56
  C:4B87H         LINE#         57
  C:4B8CH         LINE#         58
  C:4B8EH         LINE#         59
  -------         ENDPROC       SPI_RECEIVEBYTE
  -------         PROC          _SPI_READTIME
  D:0007H         SYMBOL        addr
  -------         DO            
  D:0006H         SYMBOL        dat
  -------         ENDDO         
  C:4C9BH         LINE#         61
  C:4C9BH         LINE#         62
  C:4C9BH         LINE#         64
  C:4C9DH         LINE#         65
  C:4C9FH         LINE#         66
  C:4CA6H         LINE#         67
  C:4CA9H         LINE#         68
  C:4CABH         LINE#         69
  C:4CABH         LINE#         70
  -------         ENDPROC       _SPI_READTIME
  -------         PROC          _SPI_WRITETIME
  D:0002H         SYMBOL        val
  D:0005H         SYMBOL        addr
  C:4C04H         LINE#         71
  C:4C06H         LINE#         72
  C:4C06H         LINE#         74
  C:4C08H         LINE#         75
  C:4C0FH         LINE#         76
  C:4C14H         LINE#         77
  C:4C19H         LINE#         78
  C:4C1BH         LINE#         79
  -------         ENDPROC       _SPI_WRITETIME
  -------         PROC          SPI_INIT
  C:4CFBH         LINE#         83
  C:4CFBH         LINE#         84
  C:4CFBH         LINE#         89
  C:4CFEH         LINE#         90
  C:4D01H         LINE#         91
BL51 BANKED LINKER/LOCATER V6.22                                                      02/27/2019  10:15:54  PAGE 16


  C:4D03H         LINE#         92
  C:4D05H         LINE#         93
  C:4D07H         LINE#         94
  -------         ENDPROC       SPI_INIT
  -------         PROC          _READ_TIME
  X:03BBH         SYMBOL        months
  X:03BEH         SYMBOL        days
  X:03C1H         SYMBOL        hours
  X:03C4H         SYMBOL        mins
  X:03C7H         SYMBOL        seconds
  C:4772H         LINE#         96
  C:477DH         LINE#         97
  C:477DH         LINE#         99
  C:4791H         LINE#         101
  C:47A5H         LINE#         103
  C:47B9H         LINE#         108
  C:47CDH         LINE#         113
  -------         ENDPROC       _READ_TIME
  -------         PROC          _BCDTODEC
  D:0007H         SYMBOL        bcd
  -------         DO            
  D:0006H         SYMBOL        hi
  D:0007H         SYMBOL        lo
  -------         ENDDO         
  C:4CACH         LINE#         119
  C:4CACH         LINE#         120
  C:4CACH         LINE#         122
  C:4CB1H         LINE#         123
  C:4CB5H         LINE#         124
  C:4CBCH         LINE#         125
  -------         ENDPROC       _BCDTODEC
  -------         PROC          _DAY_OF_YEAR
  D:0007H         SYMBOL        months_bcd
  D:0005H         SYMBOL        days_bcd
  -------         DO            
  D:0004H         SYMBOL        months
  D:0007H         SYMBOL        days
  -------         ENDDO         
  C:4607H         LINE#         126
  C:4607H         LINE#         127
  C:4607H         LINE#         130
  C:460CH         LINE#         132
  C:4611H         LINE#         134
  C:464AH         LINE#         135
  C:464AH         LINE#         136
  C:464AH         LINE#         137
  C:464DH         LINE#         138
  C:464DH         LINE#         139
  C:464DH         LINE#         140
  C:4652H         LINE#         141
  C:4652H         LINE#         142
  C:4652H         LINE#         143
  C:4657H         LINE#         144
  C:4657H         LINE#         145
  C:4657H         LINE#         146
  C:465CH         LINE#         147
  C:465CH         LINE#         148
BL51 BANKED LINKER/LOCATER V6.22                                                      02/27/2019  10:15:54  PAGE 17


  C:465CH         LINE#         149
  C:4661H         LINE#         150
  C:4661H         LINE#         151
  C:4661H         LINE#         152
  C:4666H         LINE#         153
  C:4666H         LINE#         154
  C:4666H         LINE#         155
  C:466BH         LINE#         156
  C:466BH         LINE#         157
  C:466BH         LINE#         158
  C:4670H         LINE#         159
  C:4670H         LINE#         160
  C:4670H         LINE#         161
  C:4678H         LINE#         162
  C:4678H         LINE#         163
  C:4678H         LINE#         164
  C:467DH         LINE#         165
  C:467DH         LINE#         166
  C:467DH         LINE#         167
  C:4682H         LINE#         168
  C:4682H         LINE#         169
  C:4682H         LINE#         170
  C:468AH         LINE#         171
  C:468AH         LINE#         172
  C:468AH         LINE#         173
  -------         ENDPROC       _DAY_OF_YEAR
  -------         ENDMOD        PCF85063BTL

  -------         MODULE        UART1
  C:0000H         SYMBOL        _ICE_DUMMY_
  D:0080H         PUBLIC        P0
  D:0090H         PUBLIC        P1
  D:00A0H         PUBLIC        P2
  D:00B0H         PUBLIC        P3
  D:00C0H         PUBLIC        P4
  D:00C8H         PUBLIC        P5
  B:00A8H.7       PUBLIC        EA
  D:00E8H         PUBLIC        P6
  D:00F8H         PUBLIC        P7
  C:4A27H         PUBLIC        _SendString
  D:00A8H         PUBLIC        IE
  B:00A8H.4       PUBLIC        ES
  D:00B8H         PUBLIC        IP
  C:4C1CH         PUBLIC        _ASCIItoBCD
  D:00D8H         PUBLIC        CCON
  C:4CBDH         PUBLIC        initUART1
  D:0098H         PUBLIC        SCON
  D:0088H         PUBLIC        TCON
  C:000AH         PUBLIC        _DectoBCD
  C:4D3FH         PUBLIC        _ASCII_Letter
  D:008EH         PUBLIC        AUXR
  C:4D3AH         PUBLIC        _unit
  C:0003H         PUBLIC        _ten
  D:00D6H         PUBLIC        T2H
  D:00D7H         PUBLIC        T2L
  D:00D0H         PUBLIC        PSW
  -------         PROC          INITUART1
BL51 BANKED LINKER/LOCATER V6.22                                                      02/27/2019  10:15:54  PAGE 18


  C:4CBDH         LINE#         21
  C:4CBDH         LINE#         22
  C:4CBDH         LINE#         23
  C:4CC0H         LINE#         24
  C:4CC3H         LINE#         25
  C:4CC6H         LINE#         26
  C:4CC9H         LINE#         27
  C:4CCBH         LINE#         28
  C:4CCDH         LINE#         30
  -------         ENDPROC       INITUART1
  -------         PROC          _SENDSTRING
  X:0636H         SYMBOL        s
  C:4A27H         LINE#         35
  C:4A32H         LINE#         36
  C:4A32H         LINE#         37
  C:4A42H         LINE#         38
  C:4A42H         LINE#         39
  C:4A57H         LINE#         40
  C:4A59H         LINE#         41
  -------         ENDPROC       _SENDSTRING
  -------         PROC          _TEN
  D:0007H         SYMBOL        BCD
  C:0003H         LINE#         43
  C:0003H         LINE#         44
  C:0003H         LINE#         45
  C:0008H         LINE#         46
  -------         ENDPROC       _TEN
  -------         PROC          _UNIT
  D:0007H         SYMBOL        BCD
  C:4D3AH         LINE#         47
  C:4D3AH         LINE#         48
  C:4D3AH         LINE#         52
  C:4D3EH         LINE#         53
  -------         ENDPROC       _UNIT
  -------         PROC          _DECTOBCD
  D:0007H         SYMBOL        dec
  C:000AH         LINE#         54
  C:000AH         LINE#         55
  C:000AH         LINE#         57
  C:000AH         LINE#         58
  -------         ENDPROC       _DECTOBCD
  -------         PROC          _ASCII_LETTER
  D:0007H         SYMBOL        dat
  C:4D3FH         LINE#         60
  C:4D3FH         LINE#         61
  C:4D3FH         LINE#         63
  C:4D43H         LINE#         64
  -------         ENDPROC       _ASCII_LETTER
  -------         PROC          _ASCIITOBCD
  D:0001H         SYMBOL        ascii
  -------         DO            
  D:0007H         SYMBOL        dec_val
  D:0006H         SYMBOL        ten
  D:0007H         SYMBOL        unit
  -------         ENDDO         
  C:4C1CH         LINE#         66
  C:4C1CH         LINE#         67
BL51 BANKED LINKER/LOCATER V6.22                                                      02/27/2019  10:15:54  PAGE 19


  C:4C1CH         LINE#         69
  C:4C1FH         LINE#         70
  C:4C25H         LINE#         71
  C:4C2CH         LINE#         72
  C:4C32H         LINE#         74
  -------         ENDPROC       _ASCIITOBCD
  -------         ENDMOD        UART1

  -------         MODULE        LCD_DRIVER_SPLC780D
  C:0000H         SYMBOL        _ICE_DUMMY_
  D:0092H         PUBLIC        P1M0
  D:0091H         PUBLIC        P1M1
  D:0080H         PUBLIC        P0
  D:0090H         PUBLIC        P1
  D:00A0H         PUBLIC        P2
  D:00B0H         PUBLIC        P3
  D:00C0H         PUBLIC        P4
  D:00C8H         PUBLIC        P5
  D:00E8H         PUBLIC        P6
  D:00F8H         PUBLIC        P7
  C:468BH         PUBLIC        _WriteData
  D:00A8H         PUBLIC        IE
  D:00B8H         PUBLIC        IP
  D:00D8H         PUBLIC        CCON
  B:00B0H.4       PUBLIC        LCD_D4
  B:00B0H.5       PUBLIC        LCD_D5
  B:00B0H.6       PUBLIC        LCD_D6
  C:4BCCH         PUBLIC        _DisplayLCD
  B:00B0H.7       PUBLIC        LCD_D7
  D:0098H         PUBLIC        SCON
  D:0088H         PUBLIC        TCON
  C:4D2AH         PUBLIC        LCD_clear
  C:496CH         PUBLIC        _Command
  C:4C49H         PUBLIC        _Display_Line
  C:483BH         PUBLIC        LCD_Init
  C:4B31H         PUBLIC        _Wait_ms
  B:00C0H.0       PUBLIC        LCD_RS
  B:00B0H.2       PUBLIC        LCD_RW
  C:4D20H         PUBLIC        LCD_return_home
  B:00B0H.3       PUBLIC        LCD_E
  D:00D0H         PUBLIC        PSW
  -------         PROC          LCD_INIT
  C:483BH         LINE#         9
  C:483BH         LINE#         10
  C:483BH         LINE#         11
  C:483EH         LINE#         12
  C:4841H         LINE#         14
  C:4847H         LINE#         15
  C:484CH         LINE#         17
  C:4853H         LINE#         18
  C:4858H         LINE#         20
  C:485BH         LINE#         21
  C:4860H         LINE#         23
  C:4863H         LINE#         24
  C:4868H         LINE#         26
  C:486FH         LINE#         29
  C:4874H         LINE#         30
BL51 BANKED LINKER/LOCATER V6.22                                                      02/27/2019  10:15:54  PAGE 20


  C:4879H         LINE#         32
  C:487EH         LINE#         33
  C:4883H         LINE#         35
  C:4888H         LINE#         36
  C:488DH         LINE#         37
  -------         ENDPROC       LCD_INIT
  -------         PROC          _WRITEDATA
  X:046CH         SYMBOL        dat
  C:468BH         LINE#         40
  C:4690H         LINE#         41
  C:4690H         LINE#         46
  C:4692H         LINE#         47
  C:4694H         LINE#         49
  C:46A2H         LINE#         50
  C:46AEH         LINE#         51
  C:46BAH         LINE#         52
  C:46C4H         LINE#         53
  C:46C6H         LINE#         54
  C:46CDH         LINE#         55
  C:46CFH         LINE#         57
  C:46DFH         LINE#         58
  C:46EAH         LINE#         59
  C:46F4H         LINE#         60
  C:46F8H         LINE#         62
  C:46F8H         LINE#         63
  C:46FBH         LINE#         64
  C:46FDH         LINE#         65
  C:46FFH         LINE#         67
  -------         ENDPROC       _WRITEDATA
  -------         PROC          _COMMAND
  D:0007H         SYMBOL        dat
  C:496CH         LINE#         69
  C:496CH         LINE#         70
  C:496CH         LINE#         71
  C:496EH         LINE#         72
  C:4970H         LINE#         74
  C:497AH         LINE#         75
  C:497EH         LINE#         77
  C:4980H         LINE#         78
  C:4989H         LINE#         79
  C:498DH         LINE#         81
  C:498FH         LINE#         82
  C:4996H         LINE#         83
  C:499AH         LINE#         85
  C:499CH         LINE#         86
  C:49A0H         LINE#         87
  C:49A4H         LINE#         89
  C:49A6H         LINE#         90
  C:49A6H         LINE#         91
  C:49A9H         LINE#         92
  C:49ABH         LINE#         93
  -------         ENDPROC       _COMMAND
  C:4B2DH         SYMBOL        L?0028
  -------         PROC          L?0027
  -------         ENDPROC       L?0027
  C:4B2DH         SYMBOL        L?0028
  -------         PROC          _WAIT_MS
BL51 BANKED LINKER/LOCATER V6.22                                                      02/27/2019  10:15:54  PAGE 21


  D:0006H         SYMBOL        ms
  -------         DO            
  D:0004H         SYMBOL        De_Cnt
  -------         ENDDO         
  C:4B31H         LINE#         95
  C:4B31H         LINE#         96
  C:4B31H         LINE#         98
  C:4B3BH         LINE#         99
  C:4B3BH         LINE#         100
  C:4B4EH         LINE#         101
  C:4B4EH         LINE#         102
  -------         ENDPROC       _WAIT_MS
  -------         PROC          _DISPLAYLCD
  D:0007H         SYMBOL        BCD
  -------         DO            
  D:0006H         SYMBOL        first_digit
  X:03BBH         SYMBOL        second_digit
  -------         ENDDO         
  C:4BCCH         LINE#         103
  C:4BCCH         LINE#         104
  C:4BCCH         LINE#         106
  C:4BD3H         LINE#         107
  C:4BDCH         LINE#         109
  C:4BE1H         LINE#         111
  -------         ENDPROC       _DISPLAYLCD
  -------         PROC          LCD_RETURN_HOME
  C:4D20H         LINE#         115
  C:4D20H         LINE#         116
  C:4D20H         LINE#         117
  C:4D25H         LINE#         118
  -------         ENDPROC       LCD_RETURN_HOME
  -------         PROC          LCD_CLEAR
  C:4D2AH         LINE#         121
  C:4D2AH         LINE#         122
  C:4D2AH         LINE#         123
  C:4D2FH         LINE#         124
  -------         ENDPROC       LCD_CLEAR
  -------         PROC          _DISPLAY_LINE
  D:0006H         SYMBOL        line
  C:4C49H         LINE#         128
  C:4C49H         LINE#         129
  C:4C49H         LINE#         130
  C:4C4FH         LINE#         131
  C:4C4FH         LINE#         132
  C:4C51H         LINE#         133
  C:4C51H         LINE#         134
  C:4C53H         LINE#         136
  C:4C53H         LINE#         137
  C:4C58H         LINE#         138
  C:4C5DH         LINE#         139
  C:4C5DH         LINE#         140
  -------         ENDPROC       _DISPLAY_LINE
  -------         ENDMOD        LCD_DRIVER_SPLC780D

  -------         MODULE        KEYPAD
  C:0000H         SYMBOL        _ICE_DUMMY_
  D:0093H         PUBLIC        P0M1
BL51 BANKED LINKER/LOCATER V6.22                                                      02/27/2019  10:15:54  PAGE 22


  D:0080H         PUBLIC        P0
  D:0090H         PUBLIC        P1
  D:00A0H         PUBLIC        P2
  D:00B0H         PUBLIC        P3
  D:00C0H         PUBLIC        P4
  D:00C8H         PUBLIC        P5
  B:0020H.0       PUBLIC        calib_mode
  D:00E8H         PUBLIC        P6
  D:00F8H         PUBLIC        P7
  D:00A8H         PUBLIC        IE
  C:3628H         PUBLIC        Key_Scan
  D:00B8H         PUBLIC        IP
  D:00D8H         PUBLIC        CCON
  C:4D08H         PUBLIC        KeyPad_IO_Init
  C:4BAEH         PUBLIC        _Delay_ms
  D:0098H         PUBLIC        SCON
  D:0088H         PUBLIC        TCON
  B:0020H.1       PUBLIC        small_move
  B:0020H.2       PUBLIC        move
  B:0020H.3       PUBLIC        direction
  B:0020H.4       PUBLIC        auto_move
  C:3025H         PUBLIC        Key_Process
  D:00D0H         PUBLIC        PSW
  D:0094H         PUBLIC        P0M0
  -------         PROC          _DELAY_MS
  D:0006H         SYMBOL        ms
  -------         DO            
  D:0004H         SYMBOL        De_Cnt
  -------         ENDDO         
  C:4BAEH         LINE#         19
  C:4BAEH         LINE#         20
  C:4BAEH         LINE#         22
  C:4BB8H         LINE#         23
  C:4BB8H         LINE#         24
  C:4BCBH         LINE#         25
  C:4BCBH         LINE#         26
  -------         ENDPROC       _DELAY_MS
  -------         PROC          KEY_SCAN
  -------         DO            
  X:03C1H         SYMBOL        KeyTemp1
  X:03C2H         SYMBOL        KeyTemp2
  X:03C3H         SYMBOL        KeyValue
  -------         ENDDO         
  C:3628H         LINE#         27
  C:3628H         LINE#         28
  C:3628H         LINE#         33
  C:362BH         LINE#         36
  C:362EH         LINE#         38
  C:3636H         LINE#         39
  C:363DH         LINE#         40
  C:363DH         LINE#         42
  C:3642H         LINE#         43
  C:3649H         LINE#         44
  C:3649H         LINE#         47
  C:364CH         LINE#         48
  C:364FH         LINE#         49
  C:3654H         LINE#         50
BL51 BANKED LINKER/LOCATER V6.22                                                      02/27/2019  10:15:54  PAGE 23


  C:3658H         LINE#         51
  C:3658H         LINE#         52
  C:3660H         LINE#         53
  C:3660H         LINE#         54
  C:3663H         LINE#         55
  C:366BH         LINE#         56
  C:366DH         LINE#         58
  C:3681H         LINE#         59
  C:3681H         LINE#         60
  C:3681H         LINE#         61
  C:3681H         LINE#         62
  C:3687H         LINE#         64
  C:3689H         LINE#         65
  C:3689H         LINE#         66
  C:3689H         LINE#         67
  C:368FH         LINE#         69
  C:3691H         LINE#         70
  C:3691H         LINE#         71
  C:3691H         LINE#         72
  C:3697H         LINE#         74
  C:3699H         LINE#         75
  C:3699H         LINE#         76
  C:3699H         LINE#         77
  C:369FH         LINE#         79
  C:369FH         LINE#         80
  C:369FH         LINE#         81
  C:369FH         LINE#         84
  C:36A2H         LINE#         85
  C:36A5H         LINE#         86
  C:36ADH         LINE#         87
  C:36B1H         LINE#         88
  C:36B1H         LINE#         89
  C:36B9H         LINE#         90
  C:36B9H         LINE#         91
  C:36BCH         LINE#         92
  C:36C4H         LINE#         93
  C:36C6H         LINE#         94
  C:36DAH         LINE#         95
  C:36DAH         LINE#         96
  C:36DAH         LINE#         97
  C:36DAH         LINE#         98
  C:36E0H         LINE#         100
  C:36E2H         LINE#         101
  C:36E2H         LINE#         102
  C:36E2H         LINE#         103
  C:36E8H         LINE#         105
  C:36EAH         LINE#         106
  C:36EAH         LINE#         107
  C:36EAH         LINE#         108
  C:36F0H         LINE#         110
  C:36F2H         LINE#         111
  C:36F2H         LINE#         112
  C:36F2H         LINE#         113
  C:36F7H         LINE#         115
  C:36F7H         LINE#         116
  C:36F7H         LINE#         117
  C:36F7H         LINE#         120
BL51 BANKED LINKER/LOCATER V6.22                                                      02/27/2019  10:15:54  PAGE 24


  C:36FAH         LINE#         121
  C:36FDH         LINE#         122
  C:3705H         LINE#         123
  C:3709H         LINE#         124
  C:3709H         LINE#         125
  C:3711H         LINE#         126
  C:3711H         LINE#         127
  C:3714H         LINE#         128
  C:371CH         LINE#         129
  C:371EH         LINE#         130
  C:3732H         LINE#         131
  C:3732H         LINE#         132
  C:3732H         LINE#         133
  C:3732H         LINE#         134
  C:3738H         LINE#         136
  C:373AH         LINE#         137
  C:373AH         LINE#         138
  C:373AH         LINE#         139
  C:3740H         LINE#         141
  C:3742H         LINE#         142
  C:3742H         LINE#         143
  C:3742H         LINE#         144
  C:3748H         LINE#         146
  C:374AH         LINE#         147
  C:374AH         LINE#         148
  C:374AH         LINE#         149
  C:3750H         LINE#         151
  C:3750H         LINE#         152
  C:3750H         LINE#         153
  C:3750H         LINE#         157
  C:3753H         LINE#         158
  C:3756H         LINE#         159
  C:375EH         LINE#         160
  C:3762H         LINE#         161
  C:3762H         LINE#         162
  C:376AH         LINE#         163
  C:376AH         LINE#         164
  C:376DH         LINE#         165
  C:3775H         LINE#         166
  C:3777H         LINE#         167
  C:378BH         LINE#         168
  C:378BH         LINE#         169
  C:378BH         LINE#         170
  C:378BH         LINE#         171
  C:3791H         LINE#         173
  C:3793H         LINE#         174
  C:3793H         LINE#         175
  C:3793H         LINE#         176
  C:3799H         LINE#         178
  C:379BH         LINE#         179
  C:379BH         LINE#         180
  C:379BH         LINE#         181
  C:37A1H         LINE#         183
  C:37A3H         LINE#         184
  C:37A3H         LINE#         185
  C:37A3H         LINE#         186
  C:37A9H         LINE#         188
BL51 BANKED LINKER/LOCATER V6.22                                                      02/27/2019  10:15:54  PAGE 25


  C:37A9H         LINE#         189
  C:37A9H         LINE#         190
  C:37A9H         LINE#         192
  C:37AFH         LINE#         193
  C:37AFH         LINE#         195
  C:37AFH         LINE#         196
  C:37B2H         LINE#         197
  C:37B2H         LINE#         198
  C:37B2H         LINE#         200
  C:37B2H         LINE#         201
  C:37B4H         LINE#         202
  C:37B4H         LINE#         203
  -------         ENDPROC       KEY_SCAN
  -------         PROC          KEY_PROCESS
  -------         DO            
  X:061CH         SYMBOL        KeyCount
  X:061EH         SYMBOL        KeyNum_Old
  X:061FH         SYMBOL        KeyNum
  X:0620H         SYMBOL        PressedKey
  X:03BBH         SYMBOL        d
  D:0004H         SYMBOL        hours
  D:0006H         SYMBOL        mins
  X:03BDH         SYMBOL        months
  X:03BFH         SYMBOL        days
  -------         ENDDO         
  C:3025H         LINE#         204
  C:3025H         LINE#         205
  C:3025H         LINE#         209
  C:302DH         LINE#         210
  C:3035H         LINE#         212
  C:3038H         LINE#         213
  C:3038H         LINE#         214
  C:303BH         LINE#         216
  C:303BH         LINE#         217
  C:3048H         LINE#         218
  C:3048H         LINE#         219
  C:304BH         LINE#         220
  C:304EH         LINE#         222
  C:3051H         LINE#         224
  C:3051H         LINE#         225
  C:305CH         LINE#         226
  C:305CH         LINE#         227
  C:305FH         LINE#         229
  C:305FH         LINE#         230
  C:3066H         LINE#         231
  C:3066H         LINE#         232
  C:3069H         LINE#         234
  C:3069H         LINE#         235
  C:3071H         LINE#         236
  C:3071H         LINE#         237
  C:307BH         LINE#         238
  C:3083H         LINE#         240
  C:308CH         LINE#         242
  C:308CH         LINE#         251
  C:30A1H         LINE#         252
  C:30A1H         LINE#         253
  C:30B3H         LINE#         254
BL51 BANKED LINKER/LOCATER V6.22                                                      02/27/2019  10:15:54  PAGE 26


  C:30C1H         LINE#         255
  C:30D0H         LINE#         256
  C:30D0H         LINE#         258
  C:30D6H         LINE#         262
  C:30ECH         LINE#         263
  C:30FDH         LINE#         264
  C:3118H         LINE#         265
  C:3118H         LINE#         266
  C:3128H         LINE#         267
  C:3139H         LINE#         268
  C:3139H         LINE#         272
  C:3152H         LINE#         273
  C:3169H         LINE#         274
  C:3189H         LINE#         275
  C:3189H         LINE#         276
  C:3193H         LINE#         277
  C:3193H         LINE#         278
  C:319CH         LINE#         279
  C:319CH         LINE#         280
  C:31B0H         LINE#         281
  C:31B0H         LINE#         282
  C:31B0H         LINE#         283
  C:31B0H         LINE#         284
  C:31B0H         LINE#         285
  C:31B2H         LINE#         287
  C:31B2H         LINE#         288
  C:31BEH         LINE#         289
  C:31BEH         LINE#         290
  C:31CFH         LINE#         291
  C:31CFH         LINE#         292
  C:31CFH         LINE#         293
  C:31CFH         LINE#         294
  C:31CFH         LINE#         296
  C:31D1H         LINE#         298
  C:31D1H         LINE#         299
  C:31E2H         LINE#         300
  C:31E2H         LINE#         301
  C:31E2H         LINE#         302
  C:31E2H         LINE#         303
  C:31E2H         LINE#         305
  C:31E2H         LINE#         307
  C:31E2H         LINE#         308
  C:31E4H         LINE#         310
  C:31E4H         LINE#         311
  C:31F7H         LINE#         312
  C:31F7H         LINE#         313
  C:3208H         LINE#         314
  C:3208H         LINE#         315
  C:3208H         LINE#         316
  C:3208H         LINE#         317
  C:3208H         LINE#         318
  C:320AH         LINE#         320
  C:320AH         LINE#         321
  C:321BH         LINE#         322
  C:321BH         LINE#         323
  C:322CH         LINE#         324
  C:323DH         LINE#         325
BL51 BANKED LINKER/LOCATER V6.22                                                      02/27/2019  10:15:54  PAGE 27


  C:323DH         LINE#         326
  C:323DH         LINE#         327
  C:323DH         LINE#         328
  C:323DH         LINE#         329
  C:3240H         LINE#         330
  C:3245H         LINE#         331
  C:324AH         LINE#         332
  C:324FH         LINE#         333
  C:3254H         LINE#         334
  C:3259H         LINE#         335
  C:325EH         LINE#         336
  C:3263H         LINE#         337
  C:3263H         LINE#         339
  C:3285H         LINE#         340
  C:3285H         LINE#         341
  C:328FH         LINE#         342
  C:328FH         LINE#         343
  C:3294H         LINE#         344
  C:329DH         LINE#         345
  C:32B4H         LINE#         346
  C:32B4H         LINE#         347
  C:32C4H         LINE#         349
  C:32C4H         LINE#         353
  -------         ENDPROC       KEY_PROCESS
  -------         PROC          KEYPAD_IO_INIT
  C:4D08H         LINE#         356
  C:4D08H         LINE#         357
  C:4D08H         LINE#         358
  C:4D0BH         LINE#         359
  C:4D0EH         LINE#         360
  C:4D11H         LINE#         361
  C:4D13H         LINE#         362
  -------         ENDPROC       KEYPAD_IO_INIT
  -------         ENDMOD        KEYPAD

  -------         MODULE        BIPOLARMOTOR
  C:0000H         SYMBOL        _ICE_DUMMY_
  D:0080H         PUBLIC        P0
  D:0090H         PUBLIC        P1
  X:0000H         PUBLIC        RX_pos_test
  D:00A0H         PUBLIC        P2
  D:00B0H         PUBLIC        P3
  D:00C0H         PUBLIC        P4
  D:00C8H         PUBLIC        P5
  D:00E8H         PUBLIC        P6
  D:00F8H         PUBLIC        P7
  X:00A0H         PUBLIC        low_date_azimuth_mapping
  D:00A8H         PUBLIC        IE
  C:4058H         PUBLIC        linear_interpolate
  C:4ADCH         PUBLIC        _Move
  D:00B8H         PUBLIC        IP
  C:32F8H         PUBLIC        _findDet3x3
  C:2D65H         PUBLIC        _findDet4x4
  D:00D8H         PUBLIC        CCON
  X:00C8H         PUBLIC        previous_move_time
  D:0098H         PUBLIC        SCON
  D:0088H         PUBLIC        TCON
BL51 BANKED LINKER/LOCATER V6.22                                                      02/27/2019  10:15:54  PAGE 28


  C:4D44H         PUBLIC        wait
  C:49ACH         PUBLIC        _Step_move
  X:00C9H         PUBLIC        dat
  C:000EH         PUBLIC        _Update_position
  C:4894H         PUBLIC        vOneStepMove
  X:00CFH         PUBLIC        elevation_stamp
  X:010BH         PUBLIC        date_azimuth_mapping
  X:0133H         PUBLIC        RX_pos
  C:4BF3H         PUBLIC        _BCDtoDec1
  X:038BH         PUBLIC        degree
  D:00D0H         PUBLIC        PSW
  -------         PROC          L?0062
  -------         ENDPROC       L?0062
  -------         PROC          _BCDTODEC1
  D:0007H         SYMBOL        bcd
  -------         DO            
  D:0006H         SYMBOL        hi
  D:0007H         SYMBOL        lo
  -------         ENDDO         
  C:4BF3H         LINE#         28
  C:4BF3H         LINE#         29
  C:4BF3H         LINE#         31
  C:4BF8H         LINE#         32
  C:4BFCH         LINE#         33
  C:4C03H         LINE#         34
  -------         ENDPROC       _BCDTODEC1
  -------         PROC          WAIT
  C:4D44H         LINE#         36
  C:4D44H         LINE#         38
  -------         ENDPROC       WAIT
  -------         PROC          VONESTEPMOVE
  B:0020H.7       SYMBOL        bDir
  C:4894H         LINE#         40
  C:4894H         LINE#         41
  C:4894H         LINE#         43
  C:489AH         LINE#         44
  C:489AH         LINE#         45
  C:489DH         LINE#         46
  C:48A6H         LINE#         47
  C:48ADH         LINE#         48
  C:48B2H         LINE#         49
  C:48B2H         LINE#         50
  C:48B2H         LINE#         52
  C:48B4H         LINE#         55
  C:48B4H         LINE#         56
  C:48B7H         LINE#         57
  C:48C0H         LINE#         58
  C:48C7H         LINE#         59
  C:48CDH         LINE#         60
  C:48D6H         LINE#         61
  C:48DDH         LINE#         62
  C:48DDH         LINE#         66
  -------         ENDPROC       VONESTEPMOVE
  -------         PROC          _STEP_MOVE
  X:047BH         SYMBOL        step
  B:0020H.6       SYMBOL        dir
  -------         DO            
BL51 BANKED LINKER/LOCATER V6.22                                                      02/27/2019  10:15:54  PAGE 29


  X:047DH         SYMBOL        i
  -------         ENDDO         
  C:49ACH         LINE#         68
  C:49B4H         LINE#         69
  C:49B4H         LINE#         71
  C:49B9H         LINE#         74
  C:49D4H         LINE#         75
  C:49D4H         LINE#         76
  C:49DBH         LINE#         78
  C:49EBH         LINE#         80
  -------         ENDPROC       _STEP_MOVE
  -------         PROC          _MOVE
  X:0477H         SYMBOL        distance
  B:0020H.5       SYMBOL        direction
  -------         DO            
  D:0006H         SYMBOL        step
  -------         ENDDO         
  C:4ADCH         LINE#         82
  C:4AE2H         LINE#         83
  C:4AE2H         LINE#         86
  C:4AFDH         LINE#         87
  -------         ENDPROC       _MOVE
  C:32D9H         SYMBOL        L?0058
  C:32EDH         SYMBOL        L?0059
  -------         PROC          L?0057
  -------         ENDPROC       L?0057
  C:32D9H         SYMBOL        L?0058
  C:32EDH         SYMBOL        L?0059
  -------         PROC          _FINDDET3X3
  X:05F8H         SYMBOL        a11
  X:05FCH         SYMBOL        a12
  X:0600H         SYMBOL        a13
  X:0604H         SYMBOL        a21
  X:0608H         SYMBOL        a22
  X:060CH         SYMBOL        a23
  X:0610H         SYMBOL        a31
  X:0614H         SYMBOL        a32
  X:0618H         SYMBOL        a33
  C:32F8H         LINE#         91
  C:32FEH         LINE#         95
  C:32FEH         LINE#         96
  C:3495H         LINE#         98
  -------         ENDPROC       _FINDDET3X3
  -------         PROC          _FINDDET4X4
  X:05B8H         SYMBOL        a11
  X:05BCH         SYMBOL        a12
  X:05C0H         SYMBOL        a13
  X:05C4H         SYMBOL        a14
  X:05C8H         SYMBOL        a21
  X:05CCH         SYMBOL        a22
  X:05D0H         SYMBOL        a23
  X:05D4H         SYMBOL        a24
  X:05D8H         SYMBOL        a31
  X:05DCH         SYMBOL        a32
  X:05E0H         SYMBOL        a33
  X:05E4H         SYMBOL        a34
  X:05E8H         SYMBOL        a41
BL51 BANKED LINKER/LOCATER V6.22                                                      02/27/2019  10:15:54  PAGE 30


  X:05ECH         SYMBOL        a42
  X:05F0H         SYMBOL        a43
  X:05F4H         SYMBOL        a44
  C:2D65H         LINE#         99
  C:2D6BH         LINE#         103
  C:2D6BH         LINE#         110
  C:3024H         LINE#         114
  -------         ENDPROC       _FINDDET4X4
  C:4047H         SYMBOL        L?0061
  -------         PROC          L?0060
  -------         ENDPROC       L?0060
  C:4047H         SYMBOL        L?0061
  -------         PROC          LINEAR_INTERPOLATE
  X:0477H         SYMBOL        p1
  X:047FH         SYMBOL        p2
  X:0487H         SYMBOL        x
  -------         DO            
  D:0004H         SYMBOL        fx
  -------         ENDDO         
  C:4058H         LINE#         120
  C:4058H         LINE#         121
  C:4058H         LINE#         124
  C:40F7H         LINE#         126
  C:40F7H         LINE#         127
  -------         ENDPROC       LINEAR_INTERPOLATE
  -------         PROC          _UPDATE_POSITION
  D:0001H         SYMBOL        mnths
  D:0002H         SYMBOL        dys
  X:03DAH         SYMBOL        hurs
  X:03DBH         SYMBOL        mns
  X:03DCH         SYMBOL        sconds
  X:03DDH         SYMBOL        currnt_pos
  X:03E0H         SYMBOL        offset_calib
  -------         DO            
  X:03E4H         SYMBOL        date
  X:03E6H         SYMBOL        i
  X:03E8H         SYMBOL        yy
  X:03EAH         SYMBOL        desired_distance
  X:03EEH         SYMBOL        distance
  X:03F2H         SYMBOL        JP_pos
  X:03F6H         SYMBOL        pos_interpolate_azimuth
  X:0432H         SYMBOL        current_local_sun_time
  X:0436H         SYMBOL        azimuth
  X:043AH         SYMBOL        elevation
  X:043EH         SYMBOL        time_offset
  X:0442H         SYMBOL        UTC_time
  X:0446H         SYMBOL        declination
  X:044AH         SYMBOL        p1
  X:0452H         SYMBOL        p2
  X:045AH         SYMBOL        time
  X:046CH         SYMBOL        location
  X:0474H         SYMBOL        sunCoord
  -------         ENDDO         
  C:000EH         LINE#         131
  C:0017H         LINE#         134
  C:0017H         LINE#         135
  C:0022H         LINE#         137
BL51 BANKED LINKER/LOCATER V6.22                                                      02/27/2019  10:15:54  PAGE 31


  C:003EH         LINE#         138
  C:0048H         LINE#         146
  C:0052H         LINE#         147
  C:005CH         LINE#         148
  C:0066H         LINE#         149
  C:0071H         LINE#         150
  C:007CH         LINE#         151
  C:0095H         LINE#         152
  C:00A6H         LINE#         153
  C:00B5H         LINE#         156
  C:00C9H         LINE#         160
  C:011BH         LINE#         161
  C:027FH         LINE#         162
  C:02CFH         LINE#         164
  C:03F7H         LINE#         166
  C:04C6H         LINE#         173
  C:050DH         LINE#         174
  C:050DH         LINE#         176
  C:0527H         LINE#         177
  C:0527H         LINE#         178
  C:0597H         LINE#         179
  C:0597H         LINE#         180
  C:059EH         LINE#         181
  C:059EH         LINE#         182
  C:05CBH         LINE#         183
  C:05E6H         LINE#         185
  C:062DH         LINE#         186
  C:0661H         LINE#         188
  C:06A7H         LINE#         189
  C:06CAH         LINE#         191
  C:06CAH         LINE#         193
  C:0740H         LINE#         194
  C:0740H         LINE#         195
  C:0747H         LINE#         196
  C:0747H         LINE#         197
  C:0774H         LINE#         198
  C:078FH         LINE#         200
  C:07D6H         LINE#         201
  C:080AH         LINE#         203
  C:0850H         LINE#         204
  C:0870H         LINE#         206
  C:0870H         LINE#         207
  C:0881H         LINE#         210
  C:089BH         LINE#         211
  C:089BH         LINE#         212
  C:090BH         LINE#         213
  C:090BH         LINE#         214
  C:0938H         LINE#         215
  C:0953H         LINE#         217
  C:0980H         LINE#         218
  C:099BH         LINE#         220
  C:09CDH         LINE#         223
  C:09CDH         LINE#         225
  C:09DEH         LINE#         227
  C:0A0DH         LINE#         229
  C:0A32H         LINE#         230
  C:0A97H         LINE#         231
BL51 BANKED LINKER/LOCATER V6.22                                                      02/27/2019  10:15:54  PAGE 32


  C:0A97H         LINE#         232
  C:0AB1H         LINE#         233
  C:0AC3H         LINE#         234
  C:0ADBH         LINE#         235
  C:0AF1H         LINE#         237
  C:0B0DH         LINE#         238
  C:0B0DH         LINE#         239
  C:0B0DH         LINE#         242
  -------         ENDPROC       _UPDATE_POSITION
  -------         ENDMOD        BIPOLARMOTOR

  -------         MODULE        SUNPOS
  C:0000H         SYMBOL        _ICE_DUMMY_
  C:1EC1H         PUBLIC        sunpos
  -------         PROC          SUNPOS
  X:0477H         SYMBOL        udtTime
  X:0489H         SYMBOL        udtLocation
  X:0491H         SYMBOL        udtSunCoordinates
  -------         DO            
  X:0494H         SYMBOL        dElapsedJulianDays
  X:0498H         SYMBOL        dDecimalHours
  X:049CH         SYMBOL        dEclipticLongitude
  X:04A0H         SYMBOL        dEclipticObliquity
  X:04A4H         SYMBOL        dRightAscension
  X:04A8H         SYMBOL        dDeclination
  X:04ACH         SYMBOL        dY
  X:04B0H         SYMBOL        dX
  -------         DO            
  X:04B4H         SYMBOL        dJulianDate
  X:04B8H         SYMBOL        liAux1
  X:04BCH         SYMBOL        liAux2
  X:04B4H         SYMBOL        dMeanLongitude
  X:04B8H         SYMBOL        dMeanAnomaly
  X:04BCH         SYMBOL        dOmega
  X:04B4H         SYMBOL        dSin_EclipticLongitude
  X:04B4H         SYMBOL        dGreenwichMeanSiderealTime
  X:04B8H         SYMBOL        dLocalMeanSiderealTime
  X:04BCH         SYMBOL        dLatitudeInRadians
  X:04C0H         SYMBOL        dHourAngle
  X:04C4H         SYMBOL        dCos_Latitude
  X:04C8H         SYMBOL        dSin_Latitude
  X:04CCH         SYMBOL        dCos_HourAngle
  X:04D0H         SYMBOL        dParallax
  -------         ENDDO         
  -------         DO            
  X:04B4H         SYMBOL        dMeanLongitude
  X:04B8H         SYMBOL        dMeanAnomaly
  X:04BCH         SYMBOL        dOmega
  X:04B4H         SYMBOL        dSin_EclipticLongitude
  X:04B4H         SYMBOL        dGreenwichMeanSiderealTime
  X:04B8H         SYMBOL        dLocalMeanSiderealTime
  X:04BCH         SYMBOL        dLatitudeInRadians
  X:04C0H         SYMBOL        dHourAngle
  X:04C4H         SYMBOL        dCos_Latitude
  X:04C8H         SYMBOL        dSin_Latitude
  X:04CCH         SYMBOL        dCos_HourAngle
  X:04D0H         SYMBOL        dParallax
BL51 BANKED LINKER/LOCATER V6.22                                                      02/27/2019  10:15:54  PAGE 33


  -------         ENDDO         
  -------         DO            
  X:04B4H         SYMBOL        dSin_EclipticLongitude
  X:04B4H         SYMBOL        dGreenwichMeanSiderealTime
  X:04B8H         SYMBOL        dLocalMeanSiderealTime
  X:04BCH         SYMBOL        dLatitudeInRadians
  X:04C0H         SYMBOL        dHourAngle
  X:04C4H         SYMBOL        dCos_Latitude
  X:04C8H         SYMBOL        dSin_Latitude
  X:04CCH         SYMBOL        dCos_HourAngle
  X:04D0H         SYMBOL        dParallax
  -------         ENDDO         
  -------         DO            
  X:04B4H         SYMBOL        dGreenwichMeanSiderealTime
  X:04B8H         SYMBOL        dLocalMeanSiderealTime
  X:04BCH         SYMBOL        dLatitudeInRadians
  X:04C0H         SYMBOL        dHourAngle
  X:04C4H         SYMBOL        dCos_Latitude
  X:04C8H         SYMBOL        dSin_Latitude
  X:04CCH         SYMBOL        dCos_HourAngle
  X:04D0H         SYMBOL        dParallax
  -------         ENDDO         
  -------         ENDDO         
  C:1EC1H         LINE#         6
  C:1EC1H         LINE#         7
  C:1EC1H         LINE#         9
  C:1EC1H         LINE#         27
  C:1F0BH         LINE#         30
  C:1F2CH         LINE#         31
  C:2073H         LINE#         34
  C:20BFH         LINE#         36
  C:20DEH         LINE#         37
  C:20DEH         LINE#         42
  C:20DEH         LINE#         46
  C:2110H         LINE#         47
  C:213AH         LINE#         48
  C:2164H         LINE#         49
  C:2211H         LINE#         52
  C:2272H         LINE#         54
  C:2272H         LINE#         59
  C:2272H         LINE#         61
  C:2289H         LINE#         62
  C:22B1H         LINE#         63
  C:22C8H         LINE#         64
  C:22F3H         LINE#         65
  C:232AH         LINE#         66
  C:2355H         LINE#         67
  C:2355H         LINE#         70
  C:2355H         LINE#         79
  C:2390H         LINE#         82
  C:23CAH         LINE#         84
  C:23EFH         LINE#         85
  C:240EH         LINE#         86
  C:2425H         LINE#         87
  C:243CH         LINE#         88
  C:2453H         LINE#         89
  C:24DCH         LINE#         91
BL51 BANKED LINKER/LOCATER V6.22                                                      02/27/2019  10:15:54  PAGE 34


  C:24F6H         LINE#         92
  C:2558H         LINE#         93
  C:258EH         LINE#         94
  C:25A0H         LINE#         95
  C:25CDH         LINE#         96
  C:25FAH         LINE#         98
  C:261CH         LINE#         100
  C:2654H         LINE#         103
  C:2654H         LINE#         104
  C:2662H         LINE#         105
  -------         ENDPROC       SUNPOS
  -------         ENDMOD        SUNPOS

  -------         MODULE        ADC
  C:0000H         SYMBOL        _ICE_DUMMY_
  D:0092H         PUBLIC        P1M0
  D:0091H         PUBLIC        P1M1
  D:0080H         PUBLIC        P0
  D:0090H         PUBLIC        P1
  D:00A0H         PUBLIC        P2
  D:00B0H         PUBLIC        P3
  D:00C0H         PUBLIC        P4
  D:00C8H         PUBLIC        P5
  D:00E8H         PUBLIC        P6
  D:00F8H         PUBLIC        P7
  D:00A8H         PUBLIC        IE
  D:00BDH         PUBLIC        ADC_RES
  D:00B8H         PUBLIC        IP
  D:0097H         PUBLIC        CLK_DIV
  D:00D8H         PUBLIC        CCON
  D:00BCH         PUBLIC        ADC_CONTR
  D:0098H         PUBLIC        SCON
  D:0088H         PUBLIC        TCON
  B:00A0H.4       PUBLIC        P24
  B:00A0H.5       PUBLIC        P25
  B:00A0H.6       PUBLIC        P26
  C:4B8FH         PUBLIC        ADC_Init
  C:4A5AH         PUBLIC        _ADC_GetResult
  D:009DH         PUBLIC        P1ASF
  D:00BEH         PUBLIC        ADC_RESL
  D:00D0H         PUBLIC        PSW
  -------         PROC          ADC_INIT
  C:4B8FH         LINE#         7
  C:4B8FH         LINE#         8
  C:4B8FH         LINE#         10
  C:4B91H         LINE#         11
[...]
  C:3F12H         LINE#         134
  C:3F12H         LINE#         135
  C:3F14H         LINE#         136
  C:3F17H         LINE#         137
  C:3F1EH         LINE#         138
  C:3F1EH         LINE#         139
  C:3F20H         LINE#         140
  C:3F22H         LINE#         142
  C:3F22H         LINE#         143
  C:3F24H         LINE#         145
  C:3F24H         LINE#         146
  C:3F24H         LINE#         147
  C:3F24H         LINE#         148
  C:3F27H         LINE#         149
  C:3F2EH         LINE#         151
  C:3F4DH         LINE#         153
  C:3F4FH         LINE#         154
  C:3F52H         LINE#         155
  C:3F59H         LINE#         157
  -------         ENDPROC       _AT25SF041_WRITE
  -------         PROC          _AT25SF041_READ
  D:0003H         SYMBOL        opcode
  X:0626H         SYMBOL        addr
  -------         DO            
  X:062AH         SYMBOL        dat
  X:062BH         SYMBOL        i
BL51 BANKED LINKER/LOCATER V6.22                                                      02/27/2019  10:15:54  PAGE 45


  -------         ENDDO         
  C:3D48H         LINE#         159
  C:3D4AH         LINE#         160
  C:3D4AH         LINE#         161
  C:3D4FH         LINE#         163
  C:3D51H         LINE#         164
  C:3D57H         LINE#         168
  C:3D5CH         LINE#         169
  C:3D5CH         LINE#         170
  C:3D5EH         LINE#         171
  C:3D61H         LINE#         172
  C:3D65H         LINE#         173
  C:3D65H         LINE#         174
  C:3D67H         LINE#         175
  C:3D69H         LINE#         177
  C:3D69H         LINE#         178
  C:3D6BH         LINE#         180
  C:3D6BH         LINE#         181
  C:3D6BH         LINE#         182
  C:3D6BH         LINE#         183
  C:3D6EH         LINE#         184
  C:3D72H         LINE#         187
  C:3D91H         LINE#         189
  C:3D98H         LINE#         190
  C:3D98H         LINE#         191
  C:3D9AH         LINE#         192
  C:3D9DH         LINE#         193
  C:3DB9H         LINE#         194
  C:3DB9H         LINE#         195
  C:3DBBH         LINE#         196
  C:3DBDH         LINE#         198
  C:3DBDH         LINE#         199
  C:3DBFH         LINE#         201
  C:3DBFH         LINE#         202
  C:3DBFH         LINE#         203
  C:3DBFH         LINE#         204
  C:3DC2H         LINE#         205
  C:3DDBH         LINE#         207
  C:3DFAH         LINE#         210
  C:3E01H         LINE#         212
  C:3E03H         LINE#         213
  C:3E0AH         LINE#         215
  C:3E11H         LINE#         216
  C:3E11H         LINE#         217
  C:3E18H         LINE#         218
  C:3E18H         LINE#         219
  C:3E1BH         LINE#         220
  C:3E1DH         LINE#         221
  C:3E20H         LINE#         223
  C:3E23H         LINE#         224
  C:3E23H         LINE#         226
  C:3E27H         LINE#         227
  C:3E27H         LINE#         233
  C:3E46H         LINE#         236
  C:3E48H         LINE#         237
  C:3E4BH         LINE#         238
  C:3E52H         LINE#         240
BL51 BANKED LINKER/LOCATER V6.22                                                      02/27/2019  10:15:54  PAGE 46


  C:3E57H         LINE#         242
  -------         ENDPROC       _AT25SF041_READ
  -------         PROC          UCREAD_STATUS_REGISTER_BYTE1
  -------         DO            
  D:0003H         SYMBOL        dat
  D:0001H         SYMBOL        opcode
  X:03D1H         SYMBOL        count
  X:03D2H         SYMBOL        i
  -------         ENDDO         
  C:430CH         LINE#         246
  C:430CH         LINE#         247
  C:430CH         LINE#         248
  C:4312H         LINE#         249
  C:4316H         LINE#         250
  C:4318H         LINE#         251
  C:431AH         LINE#         252
  C:4320H         LINE#         256
  C:4327H         LINE#         257
  C:4327H         LINE#         258
  C:4329H         LINE#         259
  C:432CH         LINE#         260
  C:4330H         LINE#         261
  C:4330H         LINE#         262
  C:4332H         LINE#         263
  C:4334H         LINE#         265
  C:4334H         LINE#         266
  C:4336H         LINE#         268
  C:4336H         LINE#         269
  C:4336H         LINE#         270
  C:4336H         LINE#         271
  C:4339H         LINE#         272
  C:433DH         LINE#         275
  C:435CH         LINE#         279
  C:4363H         LINE#         281
  C:4365H         LINE#         282
  C:436CH         LINE#         283
  C:4373H         LINE#         284
  C:4373H         LINE#         285
  C:4377H         LINE#         286
  C:4377H         LINE#         287
  C:437AH         LINE#         288
  C:437CH         LINE#         289
  C:437FH         LINE#         291
  C:4382H         LINE#         292
  C:4382H         LINE#         294
  C:4386H         LINE#         295
  C:4386H         LINE#         297
  C:43A5H         LINE#         301
  C:43A7H         LINE#         302
  C:43AAH         LINE#         303
  C:43ACH         LINE#         304
  -------         ENDPROC       UCREAD_STATUS_REGISTER_BYTE1
  -------         PROC          SPI_NOR_WRITE_DATA
  X:03BBH         SYMBOL        dat
  X:03C6H         SYMBOL        addr
  C:3496H         LINE#         306
  C:3496H         LINE#         307
BL51 BANKED LINKER/LOCATER V6.22                                                      02/27/2019  10:15:54  PAGE 47


  C:3496H         LINE#         309
  C:3496H         LINE#         310
  C:3499H         LINE#         312
  C:349CH         LINE#         313
  C:349FH         LINE#         314
  C:349FH         LINE#         315
  C:34A2H         LINE#         317
  C:34BCH         LINE#         318
  C:34DAH         LINE#         320
  C:34E1H         LINE#         321
  C:34E4H         LINE#         323
  C:34FEH         LINE#         324
  C:34FEH         LINE#         325
  C:34FEH         LINE#         328
  C:3501H         LINE#         330
  C:351BH         LINE#         331
  C:351BH         LINE#         332
  C:351BH         LINE#         334
  C:351EH         LINE#         336
  C:3538H         LINE#         337
  C:3538H         LINE#         338
  C:3538H         LINE#         340
  C:353BH         LINE#         342
  C:3555H         LINE#         343
  C:3555H         LINE#         344
  C:3555H         LINE#         346
  C:3558H         LINE#         348
  C:3572H         LINE#         349
  C:3572H         LINE#         350
  C:3572H         LINE#         352
  C:3575H         LINE#         354
  C:358FH         LINE#         355
  C:358FH         LINE#         356
  C:358FH         LINE#         358
  C:3592H         LINE#         360
  C:35ACH         LINE#         361
  C:35ACH         LINE#         362
  C:35ACH         LINE#         364
  C:35AFH         LINE#         366
  C:35C9H         LINE#         367
  C:35C9H         LINE#         368
  C:35C9H         LINE#         370
  C:35CCH         LINE#         372
  C:35E6H         LINE#         373
  C:35E6H         LINE#         374
  C:35E6H         LINE#         376
  C:35E9H         LINE#         378
  C:3603H         LINE#         379
  C:360AH         LINE#         380
  -------         ENDPROC       SPI_NOR_WRITE_DATA
  -------         ENDMOD        AT25SF041

  -------         MODULE        ?C_STARTUP
  C:457BH         SEGMENT       ?C_C51STARTUP
  I:0022H         SEGMENT       ?STACK
  C:0000H         PUBLIC        ?C_STARTUP
  D:00E0H         SYMBOL        ACC
BL51 BANKED LINKER/LOCATER V6.22                                                      02/27/2019  10:15:54  PAGE 48


  D:00F0H         SYMBOL        B
  D:0083H         SYMBOL        DPH
  D:0082H         SYMBOL        DPL
  N:0000H         SYMBOL        IBPSTACK
  N:0100H         SYMBOL        IBPSTACKTOP
  N:0080H         SYMBOL        IDATALEN
  C:457EH         SYMBOL        IDATALOOP
  N:0000H         SYMBOL        PBPSTACK
  N:0100H         SYMBOL        PBPSTACKTOP
  N:0000H         SYMBOL        PDATALEN
  N:0000H         SYMBOL        PDATASTART
  N:0000H         SYMBOL        PPAGE
  N:0000H         SYMBOL        PPAGEENABLE
  D:00A0H         SYMBOL        PPAGE_SFR
  D:0081H         SYMBOL        SP
  C:457BH         SYMBOL        STARTUP1
  N:0000H         SYMBOL        XBPSTACK
  N:0000H         SYMBOL        XBPSTACKTOP
  N:0000H         SYMBOL        XDATALEN
  N:0000H         SYMBOL        XDATASTART
  C:0000H         LINE#         126
  C:457BH         LINE#         133
  C:457DH         LINE#         134
  C:457EH         LINE#         135
  C:457FH         LINE#         136
  C:4581H         LINE#         185
  C:4584H         LINE#         196
  -------         ENDMOD        ?C_STARTUP

  -------         MODULE        ?C?FPADD
  C:1512H         PUBLIC        ?C?FPADD
  C:150EH         PUBLIC        ?C?FPSUB
  -------         ENDMOD        ?C?FPADD

  -------         MODULE        ?C?FPMUL
  C:1603H         PUBLIC        ?C?FPMUL
  -------         ENDMOD        ?C?FPMUL

  -------         MODULE        ?C?FPDIV
  C:170CH         PUBLIC        ?C?FPDIV
  -------         ENDMOD        ?C?FPDIV

  -------         MODULE        ?C?FPCMP
  C:17ABH         PUBLIC        ?C?FPCMP
  C:17A9H         PUBLIC        ?C?FPCMP3
  -------         ENDMOD        ?C?FPCMP

  -------         MODULE        ?C?FPNEG
  C:1822H         PUBLIC        ?C?FPNEG
  -------         ENDMOD        ?C?FPNEG

  -------         MODULE        ?C?FCAST
  C:183DH         PUBLIC        ?C?FCASTC
  C:1838H         PUBLIC        ?C?FCASTI
  C:1833H         PUBLIC        ?C?FCASTL
  -------         ENDMOD        ?C?FCAST

BL51 BANKED LINKER/LOCATER V6.22                                                      02/27/2019  10:15:54  PAGE 49


  -------         MODULE        ?C?CASTF
  C:1871H         PUBLIC        ?C?CASTF
  -------         ENDMOD        ?C?CASTF

  -------         MODULE        ATAN2
  X:04D4H         PUBLIC        ?_atan2?BYTE
  C:43ADH         PUBLIC        _atan2
  -------         ENDMOD        ATAN2

  -------         MODULE        SIN
  C:37FDH         PUBLIC        _COS
  C:3813H         PUBLIC        _SIN
  C:384FH         PUBLIC        _TAN
  -------         ENDMOD        SIN

  -------         MODULE        ACOS
  C:48DEH         PUBLIC        _ACOS
  -------         ENDMOD        ACOS

  -------         MODULE        ASIN
  C:49ECH         PUBLIC        _ASIN
  -------         ENDMOD        ASIN

  -------         MODULE        SQRT
  C:4264H         PUBLIC        _SQRT
  -------         ENDMOD        SQRT

  -------         MODULE        ATAN
  C:3C46H         PUBLIC        _ATAN
  -------         ENDMOD        ATAN

  -------         MODULE        ?C?COPY
  C:1A0FH         PUBLIC        ?C?COPY
  -------         ENDMOD        ?C?COPY

  -------         MODULE        ?C?CLDPTR
  C:1A35H         PUBLIC        ?C?CLDPTR
  -------         ENDMOD        ?C?CLDPTR

  -------         MODULE        ?C?CLDOPTR
  C:1A4EH         PUBLIC        ?C?CLDOPTR
  -------         ENDMOD        ?C?CLDOPTR

  -------         MODULE        ?C?CSTPTR
  C:1A7BH         PUBLIC        ?C?CSTPTR
  -------         ENDMOD        ?C?CSTPTR

  -------         MODULE        ?C?IMUL
  C:1A8DH         PUBLIC        ?C?IMUL
  -------         ENDMOD        ?C?IMUL

  -------         MODULE        ?C?UIDIV
  C:1A9FH         PUBLIC        ?C?UIDIV
  -------         ENDMOD        ?C?UIDIV

  -------         MODULE        ?C?SIDIV
  C:1AF4H         PUBLIC        ?C?SIDIV
BL51 BANKED LINKER/LOCATER V6.22                                                      02/27/2019  10:15:54  PAGE 50


  -------         ENDMOD        ?C?SIDIV

  -------         MODULE        ?C?ILDIX
  C:1B2AH         PUBLIC        ?C?ILDIX
  -------         ENDMOD        ?C?ILDIX

  -------         MODULE        ?C?ILDOPTR
  C:1B40H         PUBLIC        ?C?ILDOPTR
  -------         ENDMOD        ?C?ILDOPTR

  -------         MODULE        ?C?ISTPTR
  C:1B78H         PUBLIC        ?C?ISTPTR
  -------         ENDMOD        ?C?ISTPTR

  -------         MODULE        ?C?LMUL
  C:1B97H         PUBLIC        ?C?LMUL
  -------         ENDMOD        ?C?LMUL

  -------         MODULE        ?C?SLDIV
  C:4928H         PUBLIC        ?C?SLDIV
  -------         ENDMOD        ?C?SLDIV

  -------         MODULE        ?C?LNEG
  C:1BE6H         PUBLIC        ?C?LNEG
  -------         ENDMOD        ?C?LNEG

  -------         MODULE        ?C?ULCMP
  C:1BF4H         PUBLIC        ?C?ULCMP
  -------         ENDMOD        ?C?ULCMP

  -------         MODULE        ?C?LSHL
  C:1C05H         PUBLIC        ?C?LSHL
  -------         ENDMOD        ?C?LSHL

  -------         MODULE        ?C?LLDPTR
  C:1C18H         PUBLIC        ?C?LLDPTR
  -------         ENDMOD        ?C?LLDPTR

  -------         MODULE        ?C?LLDOPTR
  C:1C38H         PUBLIC        ?C?LLDOPTR
  -------         ENDMOD        ?C?LLDOPTR

  -------         MODULE        ?C?LSTPTR
  C:1C68H         PUBLIC        ?C?LSTPTR
  -------         ENDMOD        ?C?LSTPTR

  -------         MODULE        ?C?LSTOPTR
  C:1C82H         PUBLIC        ?C?LSTOPTR
  -------         ENDMOD        ?C?LSTOPTR

  -------         MODULE        ?C?LLDXDATA
  C:1CA6H         PUBLIC        ?C?LLDXDATA
  -------         ENDMOD        ?C?LLDXDATA

  -------         MODULE        ?C?LLDCODE
  C:1CB2H         PUBLIC        ?C?LLDCODE
  -------         ENDMOD        ?C?LLDCODE
BL51 BANKED LINKER/LOCATER V6.22                                                      02/27/2019  10:15:54  PAGE 51



  -------         MODULE        ?C?LLDXDATA0
  C:1CC2H         PUBLIC        ?C?LLDXDATA0
  -------         ENDMOD        ?C?LLDXDATA0

  -------         MODULE        ?C?LLDCODE0
  C:1CCEH         PUBLIC        ?C?LLDCODE0
  -------         ENDMOD        ?C?LLDCODE0

  -------         MODULE        ?C?LLDPTR0
  C:1CDEH         PUBLIC        ?C?LLDPTR0
  -------         ENDMOD        ?C?LLDPTR0

  -------         MODULE        ?C?LSTXDATA
  C:1CFEH         PUBLIC        ?C?LSTXDATA
  -------         ENDMOD        ?C?LSTXDATA

  -------         MODULE        ?C?LSTKXDATA
  C:1D0AH         PUBLIC        ?C?LSTKXDATA
  -------         ENDMOD        ?C?LSTKXDATA

  -------         MODULE        ?C?LSTKPTR
  C:1D3BH         PUBLIC        ?C?LSTKPTR
  -------         ENDMOD        ?C?LSTKPTR

  -------         MODULE        ?C?OFFXADD
  C:1D55H         PUBLIC        ?C?OFFXADD
  -------         ENDMOD        ?C?OFFXADD

  -------         MODULE        ABS
  C:4D14H         PUBLIC        _ABS
  -------         ENDMOD        ABS

  -------         MODULE        ATOI
  C:3F5AH         PUBLIC        _atoi
  -------         ENDMOD        ATOI

  -------         MODULE        ?C?IILDX
  C:1D61H         PUBLIC        ?C?IILDX
  -------         ENDMOD        ?C?IILDX

  -------         MODULE        ?C?ULDIV
  C:1DB3H         PUBLIC        ?C?ULDIV
  -------         ENDMOD        ?C?ULDIV

  -------         MODULE        ?C?LLDIDATA
  C:1E45H         PUBLIC        ?C?LLDIDATA
  -------         ENDMOD        ?C?LLDIDATA

  -------         MODULE        ?C?LLDPDATA
  C:1E51H         PUBLIC        ?C?LLDPDATA
  -------         ENDMOD        ?C?LLDPDATA

  -------         MODULE        ?C?LLDIDATA0
  C:1E5DH         PUBLIC        ?C?LLDIDATA0
  -------         ENDMOD        ?C?LLDIDATA0

BL51 BANKED LINKER/LOCATER V6.22                                                      02/27/2019  10:15:54  PAGE 52


  -------         MODULE        ?C?LLDPDATA0
  C:1E6AH         PUBLIC        ?C?LLDPDATA0
  -------         ENDMOD        ?C?LLDPDATA0

  -------         MODULE        ?C?LSTIDATA
  C:1E77H         PUBLIC        ?C?LSTIDATA
  -------         ENDMOD        ?C?LSTIDATA

  -------         MODULE        ?C?LSTPDATA
  C:1E83H         PUBLIC        ?C?LSTPDATA
  -------         ENDMOD        ?C?LSTPDATA

  -------         MODULE        ?C?LSTKIDATA
  C:1E8FH         PUBLIC        ?C?LSTKIDATA
  -------         ENDMOD        ?C?LSTKIDATA

  -------         MODULE        ?C?LSTKPDATA
  C:1EA8H         PUBLIC        ?C?LSTKPDATA
  -------         ENDMOD        ?C?LSTKPDATA

  -------         MODULE        ISDIGIT
  C:4CECH         PUBLIC        _isdigit
  -------         ENDMOD        ISDIGIT

  -------         MODULE        ISSPACE
  C:4C87H         PUBLIC        _isspace
  -------         ENDMOD        ISSPACE

*** WARNING L16: UNCALLED SEGMENT, IGNORED FOR OVERLAY PROCESS
    SEGMENT: ?PR?_DISPLAY_PROX?MAIN

*** WARNING L16: UNCALLED SEGMENT, IGNORED FOR OVERLAY PROCESS
    SEGMENT: ?PR?_DAY_OF_YEAR?PCF85063BTL

*** WARNING L16: UNCALLED SEGMENT, IGNORED FOR OVERLAY PROCESS
    SEGMENT: ?PR?INITUART1?UART1

*** WARNING L16: UNCALLED SEGMENT, IGNORED FOR OVERLAY PROCESS
    SEGMENT: ?PR?_SENDSTRING?UART1

*** WARNING L16: UNCALLED SEGMENT, IGNORED FOR OVERLAY PROCESS
    SEGMENT: ?PR?_TEN?UART1

*** WARNING L16: UNCALLED SEGMENT, IGNORED FOR OVERLAY PROCESS
    SEGMENT: ?PR?_UNIT?UART1

*** WARNING L16: UNCALLED SEGMENT, IGNORED FOR OVERLAY PROCESS
    SEGMENT: ?PR?_DECTOBCD?UART1

*** WARNING L16: UNCALLED SEGMENT, IGNORED FOR OVERLAY PROCESS
    SEGMENT: ?PR?_ASCII_LETTER?UART1

*** WARNING L16: UNCALLED SEGMENT, IGNORED FOR OVERLAY PROCESS
    SEGMENT: ?PR?_ASCIITOBCD?UART1

*** WARNING L16: UNCALLED SEGMENT, IGNORED FOR OVERLAY PROCESS
    SEGMENT: ?PR?WAIT?BIPOLARMOTOR
BL51 BANKED LINKER/LOCATER V6.22                                                      02/27/2019  10:15:54  PAGE 53



*** WARNING L16: UNCALLED SEGMENT, IGNORED FOR OVERLAY PROCESS
    SEGMENT: ?PR?_FINDDET4X4?BIPOLARMOTOR

*** WARNING L16: UNCALLED SEGMENT, IGNORED FOR OVERLAY PROCESS
    SEGMENT: ?PR?NOP?IOEXPANDER_PI4IOE5V96248

*** WARNING L16: UNCALLED SEGMENT, IGNORED FOR OVERLAY PROCESS
    SEGMENT: ?PR?UC_ACK?IOEXPANDER_PI4IOE5V96248

*** WARNING L16: UNCALLED SEGMENT, IGNORED FOR OVERLAY PROCESS
    SEGMENT: ?PR?UC_NACK?IOEXPANDER_PI4IOE5V96248

*** WARNING L16: UNCALLED SEGMENT, IGNORED FOR OVERLAY PROCESS
    SEGMENT: ?PR?_AT25SF041_READ?AT25SF041

*** WARNING L1: UNRESOLVED EXTERNAL SYMBOL
    SYMBOL:  AUTO_MODE
    MODULE:  .\Obj\main.obj (MAIN)

*** WARNING L2: REFERENCE MADE TO UNRESOLVED EXTERNAL
    SYMBOL:  AUTO_MODE
    MODULE:  .\Obj\main.obj (MAIN)
    ADDRESS: 0B3BH

*** WARNING L2: REFERENCE MADE TO UNRESOLVED EXTERNAL
    SYMBOL:  AUTO_MODE
    MODULE:  .\Obj\main.obj (MAIN)
    ADDRESS: 0CBEH

*** WARNING L2: REFERENCE MADE TO UNRESOLVED EXTERNAL
    SYMBOL:  AUTO_MODE
    MODULE:  .\Obj\main.obj (MAIN)
    ADDRESS: 0CCCH

*** WARNING L2: REFERENCE MADE TO UNRESOLVED EXTERNAL
    SYMBOL:  AUTO_MODE
    MODULE:  .\Obj\main.obj (MAIN)
    ADDRESS: 0CDEH

*** WARNING L2: REFERENCE MADE TO UNRESOLVED EXTERNAL
    SYMBOL:  AUTO_MODE
    MODULE:  .\Obj\main.obj (MAIN)
    ADDRESS: 0D20H

*** WARNING L2: REFERENCE MADE TO UNRESOLVED EXTERNAL
    SYMBOL:  AUTO_MODE
    MODULE:  .\Obj\main.obj (MAIN)
    ADDRESS: 0DF3H

*** WARNING L1: UNRESOLVED EXTERNAL SYMBOL
    SYMBOL:  _SENDUART1
    MODULE:  .\Obj\UART1.obj (UART1)

*** WARNING L2: REFERENCE MADE TO UNRESOLVED EXTERNAL
    SYMBOL:  _SENDUART1
    MODULE:  .\Obj\UART1.obj (UART1)
BL51 BANKED LINKER/LOCATER V6.22                                                      02/27/2019  10:15:54  PAGE 54


    ADDRESS: 4A55H

*** WARNING L1: UNRESOLVED EXTERNAL SYMBOL
    SYMBOL:  AUTO_MODE
    MODULE:  .\Obj\KeyPad.obj (KEYPAD)

*** WARNING L2: REFERENCE MADE TO UNRESOLVED EXTERNAL
    SYMBOL:  AUTO_MODE
    MODULE:  .\Obj\KeyPad.obj (KEYPAD)
    ADDRESS: 3072H

*** WARNING L2: REFERENCE MADE TO UNRESOLVED EXTERNAL
    SYMBOL:  AUTO_MODE
    MODULE:  .\Obj\KeyPad.obj (KEYPAD)
    ADDRESS: 307DH

*** WARNING L2: REFERENCE MADE TO UNRESOLVED EXTERNAL
    SYMBOL:  AUTO_MODE
    MODULE:  .\Obj\KeyPad.obj (KEYPAD)
    ADDRESS: 3084H

Program Size: data=10.2 xdata=1595 code=19782
LINK/LOCATE RUN COMPLETE.  28 WARNING(S),  0 ERROR(S)
