BL51 BANKED LINKER/LOCATER V6.22                                                        08/30/2019  09:47:22  PAGE 1


BL51 BANKED LINKER/LOCATER V6.22, INVOKED BY:
C:\KEIL_V5\C51\BIN\BL51.EXE .\Obj\main.obj, .\Obj\PCF85063BTL.obj, .\Obj\LCd_Driver_SPLC780D.obj, .\Obj\KeyPad.obj, .\Ob
>> j\BipolarMotor.obj, .\Obj\SunPos.obj, .\Obj\ADC.obj, .\Obj\Calibration.obj, .\Obj\IOExpander_PI4IOE5V96248.obj, .\Obj
>> \AT25SF041.obj, .\Obj\SI1120.obj, .\Obj\UART1.obj, .\Obj\STARTUP.obj TO .\Obj\GPIO_RTC_Test RTX51TINY PRINT (.\Lis\GP
>> IO_RTC_Test.m51) RAMSIZE (256)


MEMORY MODEL: LARGE WITH FLOATING POINT ARITHMETIC


INPUT MODULES INCLUDED:
  .\Obj\main.obj (MAIN)
  .\Obj\PCF85063BTL.obj (PCF85063BTL)
  .\Obj\LCd_Driver_SPLC780D.obj (LCD_DRIVER_SPLC780D)
  .\Obj\KeyPad.obj (KEYPAD)
  .\Obj\BipolarMotor.obj (BIPOLARMOTOR)
  .\Obj\SunPos.obj (SUNPOS)
  .\Obj\ADC.obj (ADC)
  .\Obj\Calibration.obj (CALIBRATION)
  .\Obj\IOExpander_PI4IOE5V96248.obj (IOEXPANDER_PI4IOE5V96248)
  .\Obj\AT25SF041.obj (AT25SF041)
  .\Obj\SI1120.obj (SI1120)
  .\Obj\UART1.obj (UART1)
  .\Obj\STARTUP.obj (?C_STARTUP)
  C:\KEIL_V5\C51\LIB\C51FPL.LIB (?C?FPADD)
  C:\KEIL_V5\C51\LIB\C51FPL.LIB (?C?FPMUL)
  C:\KEIL_V5\C51\LIB\C51FPL.LIB (?C?FPDIV)
  C:\KEIL_V5\C51\LIB\C51FPL.LIB (?C?FPCMP)
  C:\KEIL_V5\C51\LIB\C51FPL.LIB (?C?FPNEG)
  C:\KEIL_V5\C51\LIB\C51FPL.LIB (?C?FCAST)
  C:\KEIL_V5\C51\LIB\C51FPL.LIB (?C?CASTF)
  C:\KEIL_V5\C51\LIB\C51FPL.LIB (PRINTF)
  C:\KEIL_V5\C51\LIB\C51FPL.LIB (FABS)
  C:\KEIL_V5\C51\LIB\C51FPL.LIB (ATAN2)
  C:\KEIL_V5\C51\LIB\C51FPL.LIB (SIN)
  C:\KEIL_V5\C51\LIB\C51FPL.LIB (ACOS)
  C:\KEIL_V5\C51\LIB\C51FPL.LIB (ASIN)
  C:\KEIL_V5\C51\LIB\C51FPL.LIB (POW)
  C:\KEIL_V5\C51\LIB\C51FPL.LIB (?C?FPGETOPN)
  C:\KEIL_V5\C51\LIB\C51FPL.LIB (?C?CHKFLOAT)
  C:\KEIL_V5\C51\LIB\C51FPL.LIB (?C?FPROUND)
  C:\KEIL_V5\C51\LIB\C51FPL.LIB (?C?FPCONVERT)
  C:\KEIL_V5\C51\LIB\C51FPL.LIB (?C?FPSERIES)
  C:\KEIL_V5\C51\LIB\C51FPL.LIB (EXP)
  C:\KEIL_V5\C51\LIB\C51FPL.LIB (LOG)
  C:\KEIL_V5\C51\LIB\C51FPL.LIB (SQRT)
  C:\KEIL_V5\C51\LIB\C51FPL.LIB (ATAN)
  C:\KEIL_V5\C51\LIB\C51FPL.LIB (?C?FTNPWR)
  C:\KEIL_V5\C51\LIB\C51L.LIB (?C_INIT)
  C:\KEIL_V5\C51\LIB\C51L.LIB (?C?COPY)
  C:\KEIL_V5\C51\LIB\C51L.LIB (?C?CLDPTR)
  C:\KEIL_V5\C51\LIB\C51L.LIB (?C?CLDOPTR)
  C:\KEIL_V5\C51\LIB\C51L.LIB (?C?CSTPTR)
  C:\KEIL_V5\C51\LIB\C51L.LIB (?C?IMUL)
  C:\KEIL_V5\C51\LIB\C51L.LIB (?C?UIDIV)
  C:\KEIL_V5\C51\LIB\C51L.LIB (?C?SIDIV)
  C:\KEIL_V5\C51\LIB\C51L.LIB (?C?ILDIX)
  C:\KEIL_V5\C51\LIB\C51L.LIB (?C?ILDOPTR)
BL51 BANKED LINKER/LOCATER V6.22                                                      08/30/2019  09:47:22  PAGE 2


  C:\KEIL_V5\C51\LIB\C51L.LIB (?C?ISTPTR)
  C:\KEIL_V5\C51\LIB\C51L.LIB (?C?LMUL)
  C:\KEIL_V5\C51\LIB\C51L.LIB (?C?SLDIV)
  C:\KEIL_V5\C51\LIB\C51L.LIB (?C?LNEG)
  C:\KEIL_V5\C51\LIB\C51L.LIB (?C?ULCMP)
  C:\KEIL_V5\C51\LIB\C51L.LIB (?C?LSHL)
  C:\KEIL_V5\C51\LIB\C51L.LIB (?C?LLDPTR)
  C:\KEIL_V5\C51\LIB\C51L.LIB (?C?LLDOPTR)
  C:\KEIL_V5\C51\LIB\C51L.LIB (?C?LSTPTR)
  C:\KEIL_V5\C51\LIB\C51L.LIB (?C?LSTOPTR)
  C:\KEIL_V5\C51\LIB\C51L.LIB (?C?LLDXDATA)
  C:\KEIL_V5\C51\LIB\C51L.LIB (?C?LLDCODE)
  C:\KEIL_V5\C51\LIB\C51L.LIB (?C?LLDXDATA0)
  C:\KEIL_V5\C51\LIB\C51L.LIB (?C?LLDCODE0)
  C:\KEIL_V5\C51\LIB\C51L.LIB (?C?LLDPTR0)
  C:\KEIL_V5\C51\LIB\C51L.LIB (?C?LSTXDATA)
  C:\KEIL_V5\C51\LIB\C51L.LIB (?C?LSTKXDATA)
  C:\KEIL_V5\C51\LIB\C51L.LIB (?C?LSTKPTR)
  C:\KEIL_V5\C51\LIB\C51L.LIB (?C?OFFXADD)
  C:\KEIL_V5\C51\LIB\C51L.LIB (?C?PLDIXDATA)
  C:\KEIL_V5\C51\LIB\C51L.LIB (?C?PSTXDATA)
  C:\KEIL_V5\C51\LIB\C51L.LIB (?C?CCASE)
  C:\KEIL_V5\C51\LIB\C51L.LIB (PUTCHAR)
  C:\KEIL_V5\C51\LIB\C51L.LIB (ABS)
  C:\KEIL_V5\C51\LIB\C51L.LIB (ATOI)
  C:\KEIL_V5\C51\LIB\C51L.LIB (?C?IILDX)
  C:\KEIL_V5\C51\LIB\C51L.LIB (?C?ULDIV)
  C:\KEIL_V5\C51\LIB\C51L.LIB (?C?LLDIDATA)
  C:\KEIL_V5\C51\LIB\C51L.LIB (?C?LLDPDATA)
  C:\KEIL_V5\C51\LIB\C51L.LIB (?C?LLDIDATA0)
  C:\KEIL_V5\C51\LIB\C51L.LIB (?C?LLDPDATA0)
  C:\KEIL_V5\C51\LIB\C51L.LIB (?C?LSTIDATA)
  C:\KEIL_V5\C51\LIB\C51L.LIB (?C?LSTPDATA)
  C:\KEIL_V5\C51\LIB\C51L.LIB (?C?LSTKIDATA)
  C:\KEIL_V5\C51\LIB\C51L.LIB (?C?LSTKPDATA)
  C:\KEIL_V5\C51\LIB\C51L.LIB (ISDIGIT)
  C:\KEIL_V5\C51\LIB\C51L.LIB (ISSPACE)


LINK MAP OF MODULE:  .\Obj\GPIO_RTC_Test (MAIN)


            TYPE    BASE      LENGTH    RELOCATION   SEGMENT NAME
            -----------------------------------------------------

            * * * * * * *   D A T A   M E M O R Y   * * * * * * *
            REG     0000H     0008H     ABSOLUTE     "REG BANK 0"
            DATA    0008H     0005H     UNIT         _DATA_GROUP_
                    000DH     0013H                  *** GAP ***
            BIT     0020H.0   0001H.2   UNIT         _BIT_GROUP_
            BIT     0021H.2   0000H.1   UNIT         ?BI?MAIN
            BIT     0021H.3   0000H.1   UNIT         ?BI?_ATOI?ATOI
                    0021H.4   0000H.4                *** GAP ***
            IDATA   0022H     0001H     UNIT         ?STACK

            * * * * * * *  X D A T A   M E M O R Y  * * * * * * *
            XDATA   0000H     03BCH     UNIT         ?XD?BIPOLARMOTOR
BL51 BANKED LINKER/LOCATER V6.22                                                      08/30/2019  09:47:22  PAGE 3


            XDATA   03BCH     016DH     UNIT         _XDATA_GROUP_
            XDATA   0529H     011DH     UNIT         ?XD?MAIN
            XDATA   0646H     0019H     UNIT         ?XD?KEYPAD
            XDATA   065FH     0005H     UNIT         ?XD?_ATOI?ATOI
            XDATA   0664H     0001H     UNIT         ?XD?UC_ACK?IOEXPANDER_PI4IOE5V96248
            XDATA   0665H     0001H     UNIT         ?XD?UC_NACK?IOEXPANDER_PI4IOE5V96248

            * * * * * * *   C O D E   M E M O R Y   * * * * * * *
            CODE    0000H     0003H     ABSOLUTE     
            CODE    0003H     0003H     ABSOLUTE     
            CODE    0006H     0005H     UNIT         ?PR?_UNIT?UART1
            CODE    000BH     0003H     ABSOLUTE     
            CODE    000EH     000DH     UNIT         ?PR?UART?MAIN
            CODE    001BH     0003H     ABSOLUTE     
            CODE    001EH     0005H     UNIT         ?PR?_ASCII_LETTER?UART1
            CODE    0023H     0003H     ABSOLUTE     
            CODE    0026H     22BDH     UNIT         ?PR?MAIN?MAIN
            CODE    22E3H     0BC8H     UNIT         ?C?LIB_CODE
            CODE    2EABH     07F7H     UNIT         ?PR?_FIND_REAL_MAX?CALIBRATION
            CODE    36A2H     07A2H     UNIT         ?PR?SUNPOS?SUNPOS
            CODE    3E44H     0645H     UNIT         ?PR?_UPDATE_POSITION?BIPOLARMOTOR
            CODE    4489H     04FBH     UNIT         ?PR?_THEORICALJP_POSITION?BIPOLARMOTOR
            CODE    4984H     0483H     UNIT         ?PR?PRINTF?PRINTF
            CODE    4E07H     044AH     UNIT         ?PR?_AZIMUTH_CALCULATION?BIPOLARMOTOR
            CODE    5251H     041AH     UNIT         ?C_INITSEG
            CODE    566BH     038CH     UNIT         ?PR?KEY_PROCESS?KEYPAD
            CODE    59F7H     036DH     UNIT         ?PR?_ELEVATION_CALCULATION?BIPOLARMOTOR
            CODE    5D64H     01C7H     UNIT         ?PR?_CALIBRATION?CALIBRATION
            CODE    5F2BH     018DH     UNIT         ?PR?KEY_SCAN?KEYPAD
            CODE    60B8H     0189H     UNIT         ?PR?SPI_NOR_WRITE_DATA?AT25SF041
            CODE    6241H     0188H     UNIT         ?PR?SIN?SIN
            CODE    63C9H     0166H     UNIT         ?PR?_POW?POW
            CODE    652FH     0155H     UNIT         ?PR?_DISPLAY_POS?LCD_DRIVER_SPLC780D
            CODE    6684H     0129H     UNIT         ?PR?LOG?LOG
            CODE    67ADH     0122H     UNIT         ?PR?ATAN?ATAN
            CODE    68CFH     0110H     UNIT         ?PR?_AT25SF041_READ?AT25SF041
            CODE    69DFH     0102H     UNIT         ?PR?_AT25SF041_WRITE?AT25SF041
            CODE    6AE1H     00F5H     UNIT         ?PR?EXINT0?MAIN
            CODE    6BD6H     00DBH     UNIT         ?PR?_ATOI?ATOI
            CODE    6CB1H     00C3H     UNIT         ?PR?LINEAR_INTERPOLATE?BIPOLARMOTOR
            CODE    6D74H     00BBH     UNIT         ?PR?VOLTAGE_IS_STABLE?CALIBRATION
            CODE    6E2FH     00ADH     UNIT         ?PR?_WRITE_PI4IOE5V96248?IOEXPANDER_PI4IOE5V96248
            CODE    6EDCH     00ACH     UNIT         ?PR?SQRT?SQRT
            CODE    6F88H     00A1H     UNIT         ?PR?UCREAD_STATUS_REGISTER_BYTE1?AT25SF041
            CODE    7029H     009DH     UNIT         ?PR?_ATAN2?ATAN2
            CODE    70C6H     009CH     UNIT         ?PR?_MAX_VALUE?CALIBRATION
            CODE    7162H     009AH     UNIT         ?PR?EXP?EXP
            CODE    71FCH     008CH     UNIT         ?C_C51STARTUP
            CODE    7288H     0088H     UNIT         ?PR?_DAY_OF_YEAR?PCF85063BTL
            CODE    7310H     0079H     UNIT         ?PR?_WRITEDATA?LCD_DRIVER_SPLC780D
            CODE    7389H     0072H     UNIT         ?PR?AT25SF041_WRITEENABLE?AT25SF041
            CODE    73FBH     006FH     UNIT         ?PR?_READ_TIME?PCF85063BTL
            CODE    746AH     005AH     UNIT         ?PR?AT25SF041_CHIPERASE?AT25SF041
            CODE    74C4H     0059H     UNIT         ?PR?LCD_INIT?LCD_DRIVER_SPLC780D
            CODE    751DH     0056H     UNIT         ?CO?MAIN
            CODE    7573H     004BH     UNIT         ?CO?UART1
            CODE    75BEH     004AH     UNIT         ?PR?VONESTEPMOVE?BIPOLARMOTOR
BL51 BANKED LINKER/LOCATER V6.22                                                      08/30/2019  09:47:22  PAGE 4


            CODE    7608H     004AH     UNIT         ?PR?ACOS?ACOS
            CODE    7652H     0044H     UNIT         ?C?LDIV
            CODE    7696H     0040H     UNIT         ?PR?_COMMAND?LCD_DRIVER_SPLC780D
            CODE    76D6H     0040H     UNIT         ?PR?_STEP_MOVE?BIPOLARMOTOR
            CODE    7716H     003BH     UNIT         ?PR?ASIN?ASIN
            CODE    7751H     0033H     UNIT         ?PR?_SENDSTRING?UART1
            CODE    7784H     0031H     UNIT         ?PR?SI1120_CONFIG_MODE_VIRH?SI1120
            CODE    77B5H     002BH     UNIT         ?PR?_WAIT_MS_I2C?IOEXPANDER_PI4IOE5V96248
            CODE    77E0H     002BH     UNIT         ?PR?_WAIT_MS_SPINOR?AT25SF041
            CODE    780BH     002AH     UNIT         ?PR?_ADC_GETRESULT?ADC
            CODE    7835H     0028H     UNIT         ?PR?_BCDTODEC1?BIPOLARMOTOR
            CODE    785DH     0028H     UNIT         ?PR?_MOVE?BIPOLARMOTOR
            CODE    7885H     0028H     UNIT         ?CO?CALIBRATION
            CODE    78ADH     0027H     UNIT         ?PR?_I2C_SENDBYTE?IOEXPANDER_PI4IOE5V96248
            CODE    78D4H     0027H     UNIT         ?PR?PUTCHAR?PUTCHAR
            CODE    78FBH     0024H     UNIT         ?PR?_WAIT_MS?LCD_DRIVER_SPLC780D
            CODE    791FH     0024H     UNIT         ?PR?_FINDCLOSESTSAMEDAYCALIBTIME?CALIBRATION
            CODE    7943H     0024H     UNIT         ?PR?_UART1_SENDTOTCPSERVER?UART1
            CODE    7967H     0021H     UNIT         ?PR?TM0_ISR?MAIN
            CODE    7988H     0020H     UNIT         ?PR?_SPI_SENDBYTE?PCF85063BTL
            CODE    79A8H     0020H     UNIT         ?PR?SPI_RECEIVEBYTE?PCF85063BTL
            CODE    79C8H     001EH     UNIT         ?PR?_DELAY_MS?KEYPAD
            CODE    79E6H     001DH     UNIT         ?PR?_DISPLAYLCD?LCD_DRIVER_SPLC780D
            CODE    7A03H     001AH     UNIT         ?PR?ADC_INIT?ADC
            CODE    7A1DH     0018H     UNIT         ?PR?_SPI_WRITETIME?PCF85063BTL
            CODE    7A35H     0017H     UNIT         ?PR?_ASCIITOBCD?UART1
            CODE    7A4CH     0016H     UNIT         ?PR?I2C_ACK?IOEXPANDER_PI4IOE5V96248
            CODE    7A62H     0015H     UNIT         ?PR?_DISPLAY_LINE?LCD_DRIVER_SPLC780D
            CODE    7A77H     0015H     UNIT         ?PR?VSETLOCATION?BIPOLARMOTOR
            CODE    7A8CH     0015H     UNIT         ?PR?I2C_STOP?IOEXPANDER_PI4IOE5V96248
            CODE    7AA1H     0014H     UNIT         ?PR?_PCF85063BTL_DELAY?PCF85063BTL
            CODE    7AB5H     0014H     UNIT         ?PR?_ISSPACE?ISSPACE
            CODE    7AC9H     0011H     UNIT         ?PR?_SPI_READTIME?PCF85063BTL
            CODE    7ADAH     0011H     UNIT         ?PR?_BCDTODEC?PCF85063BTL
            CODE    7AEBH     0011H     UNIT         ?PR?INITUART1?UART1
            CODE    7AFCH     000FH     UNIT         ?PR?I2C_START?IOEXPANDER_PI4IOE5V96248
            CODE    7B0BH     000FH     UNIT         ?PR?UC_NACK?IOEXPANDER_PI4IOE5V96248
            CODE    7B1AH     000FH     UNIT         ?PR?_ISDIGIT?ISDIGIT
            CODE    7B29H     000DH     UNIT         ?PR?SPI_INIT?PCF85063BTL
            CODE    7B36H     000DH     UNIT         ?PR?ENABLE_EXTINT0?SI1120
            CODE    7B43H     000DH     UNIT         ?PR?_FABS?FABS
            CODE    7B50H     000CH     UNIT         ?PR?KEYPAD_IO_INIT?KEYPAD
            CODE    7B5CH     000CH     UNIT         ?PR?_ABS?ABS
            CODE    7B68H     000AH     UNIT         ?PR?LCD_RETURN_HOME?LCD_DRIVER_SPLC780D
            CODE    7B72H     000AH     UNIT         ?PR?LCD_CLEAR?LCD_DRIVER_SPLC780D
            CODE    7B7CH     0009H     UNIT         ?PR?TM1_ISR?MAIN
            CODE    7B85H     0009H     UNIT         ?PR?_SENDUART1?MAIN
            CODE    7B8EH     0009H     UNIT         ?PR?UART1_INITTCPCONN?UART1
            CODE    7B97H     0006H     UNIT         ?PR?UC_ACK?IOEXPANDER_PI4IOE5V96248
            CODE    7B9DH     0006H     UNIT         ?PR?_TEN?UART1
            CODE    7BA3H     0001H     UNIT         ?PR?NOP?IOEXPANDER_PI4IOE5V96248
            CODE    7BA4H     0001H     UNIT         ?PR?_DECTOBCD?UART1



OVERLAY MAP OF MODULE:   .\Obj\GPIO_RTC_Test (MAIN)

BL51 BANKED LINKER/LOCATER V6.22                                                      08/30/2019  09:47:22  PAGE 5



SEGMENT                                             BIT_GROUP          DATA_GROUP          XDATA_GROUP
  +--> CALLED SEGMENT                            START    LENGTH     START    LENGTH     START    LENGTH
--------------------------------------------------------------------------------------------------------
?PR?EXINT0?MAIN                                  -----    -----      -----    -----      -----    -----
  +--> ?PR?_POW?POW

?PR?_POW?POW                                     -----    -----      -----    -----      03BCH    000AH
  +--> ?PR?LOG?LOG
  +--> ?PR?EXP?EXP

?PR?LOG?LOG                                      0020H.0  0000H.1    -----    -----      03C6H    0004H

*** NEW ROOT ***************************************************

?C_C51STARTUP                                    -----    -----      -----    -----      -----    -----
  +--> ?PR?MAIN?MAIN
  +--> ?C_INITSEG

?PR?MAIN?MAIN                                    -----    -----      -----    -----      03CAH    003AH
  +--> ?PR?LCD_INIT?LCD_DRIVER_SPLC780D
  +--> ?PR?SPI_INIT?PCF85063BTL
  +--> ?PR?KEYPAD_IO_INIT?KEYPAD
  +--> ?PR?ADC_INIT?ADC
  +--> ?PR?SI1120_CONFIG_MODE_VIRH?SI1120
  +--> ?PR?ENABLE_EXTINT0?SI1120
  +--> ?PR?VSETLOCATION?BIPOLARMOTOR
  +--> ?PR?_SPI_WRITETIME?PCF85063BTL
  +--> ?PR?_DELAY_MS?KEYPAD
  +--> ?PR?_DISPLAY_LINE?LCD_DRIVER_SPLC780D
  +--> ?PR?_WRITEDATA?LCD_DRIVER_SPLC780D
  +--> ?PR?INITUART1?UART1
  +--> ?PR?UART1_INITTCPCONN?UART1
  +--> ?CO?MAIN
  +--> ?PR?_UART1_SENDTOTCPSERVER?UART1
  +--> ?PR?KEY_PROCESS?KEYPAD
  +--> ?PR?_COMMAND?LCD_DRIVER_SPLC780D
  +--> ?PR?_DISPLAY_POS?LCD_DRIVER_SPLC780D
  +--> ?PR?_DISPLAYLCD?LCD_DRIVER_SPLC780D
  +--> ?PR?_STEP_MOVE?BIPOLARMOTOR
  +--> ?PR?LCD_RETURN_HOME?LCD_DRIVER_SPLC780D
  +--> ?PR?_READ_TIME?PCF85063BTL
  +--> ?PR?_BCDTODEC1?BIPOLARMOTOR
  +--> ?PR?_SENDSTRING?UART1
  +--> ?PR?_ELEVATION_CALCULATION?BIPOLARMOTOR
  +--> ?PR?_AZIMUTH_CALCULATION?BIPOLARMOTOR
  +--> ?PR?_THEORICALJP_POSITION?BIPOLARMOTOR
  +--> ?PR?PRINTF?PRINTF
  +--> ?PR?SIN?SIN
  +--> ?PR?_CALIBRATION?CALIBRATION
  +--> ?PR?_AT25SF041_READ?AT25SF041
  +--> ?PR?_WAIT_MS_SPINOR?AT25SF041
  +--> ?PR?AT25SF041_WRITEENABLE?AT25SF041
  +--> ?PR?_AT25SF041_WRITE?AT25SF041
  +--> ?PR?_ABS?ABS
  +--> ?PR?_FABS?FABS
  +--> ?PR?_ADC_GETRESULT?ADC
BL51 BANKED LINKER/LOCATER V6.22                                                      08/30/2019  09:47:22  PAGE 6


  +--> ?PR?SPI_NOR_WRITE_DATA?AT25SF041
  +--> ?PR?_WAIT_MS?LCD_DRIVER_SPLC780D
  +--> ?PR?_UPDATE_POSITION?BIPOLARMOTOR
  +--> ?PR?LINEAR_INTERPOLATE?BIPOLARMOTOR
  +--> ?PR?AT25SF041_CHIPERASE?AT25SF041
  +--> ?PR?LCD_CLEAR?LCD_DRIVER_SPLC780D

?PR?LCD_INIT?LCD_DRIVER_SPLC780D                 -----    -----      -----    -----      -----    -----
  +--> ?PR?_WAIT_MS?LCD_DRIVER_SPLC780D
  +--> ?PR?_COMMAND?LCD_DRIVER_SPLC780D

?PR?_COMMAND?LCD_DRIVER_SPLC780D                 -----    -----      -----    -----      -----    -----
  +--> ?PR?_WAIT_MS?LCD_DRIVER_SPLC780D

?PR?SI1120_CONFIG_MODE_VIRH?SI1120               -----    -----      -----    -----      -----    -----
  +--> ?PR?_WAIT_MS?LCD_DRIVER_SPLC780D

?PR?_SPI_WRITETIME?PCF85063BTL                   -----    -----      -----    -----      -----    -----
  +--> ?PR?_SPI_SENDBYTE?PCF85063BTL

?PR?_SPI_SENDBYTE?PCF85063BTL                    -----    -----      -----    -----      -----    -----
  +--> ?PR?_PCF85063BTL_DELAY?PCF85063BTL

?PR?_DISPLAY_LINE?LCD_DRIVER_SPLC780D            -----    -----      -----    -----      -----    -----
  +--> ?PR?_COMMAND?LCD_DRIVER_SPLC780D

?PR?_WRITEDATA?LCD_DRIVER_SPLC780D               -----    -----      -----    -----      0504H    0001H
  +--> ?PR?_WAIT_MS?LCD_DRIVER_SPLC780D

?PR?UART1_INITTCPCONN?UART1                      -----    -----      -----    -----      -----    -----
  +--> ?CO?UART1
  +--> ?PR?_SENDSTRING?UART1

?PR?_SENDSTRING?UART1                            -----    -----      -----    -----      04F9H    0003H
  +--> ?PR?_SENDUART1?MAIN

?PR?_UART1_SENDTOTCPSERVER?UART1                 -----    -----      -----    -----      0404H    0003H
  +--> ?CO?UART1
  +--> ?PR?_SENDSTRING?UART1
  +--> ?PR?_DELAY_MS?KEYPAD

?PR?KEY_PROCESS?KEYPAD                           -----    -----      -----    -----      0404H    0006H
  +--> ?PR?KEY_SCAN?KEYPAD
  +--> ?PR?_SPI_WRITETIME?PCF85063BTL
  +--> ?PR?LCD_CLEAR?LCD_DRIVER_SPLC780D
  +--> ?PR?_COMMAND?LCD_DRIVER_SPLC780D
  +--> ?PR?_WRITEDATA?LCD_DRIVER_SPLC780D

?PR?KEY_SCAN?KEYPAD                              -----    -----      -----    -----      040AH    0003H

?PR?LCD_CLEAR?LCD_DRIVER_SPLC780D                -----    -----      -----    -----      -----    -----
  +--> ?PR?_COMMAND?LCD_DRIVER_SPLC780D

?PR?_DISPLAY_POS?LCD_DRIVER_SPLC780D             -----    -----      -----    -----      04F9H    000BH
  +--> ?PR?_ABS?ABS
  +--> ?PR?_WRITEDATA?LCD_DRIVER_SPLC780D

BL51 BANKED LINKER/LOCATER V6.22                                                      08/30/2019  09:47:22  PAGE 7


?PR?_DISPLAYLCD?LCD_DRIVER_SPLC780D              -----    -----      -----    -----      0404H    0001H
  +--> ?PR?_WRITEDATA?LCD_DRIVER_SPLC780D

?PR?_STEP_MOVE?BIPOLARMOTOR                      0020H.2  0000H.1    -----    -----      04FDH    0004H
  +--> ?PR?VONESTEPMOVE?BIPOLARMOTOR

?PR?VONESTEPMOVE?BIPOLARMOTOR                    0020H.3  0000H.1    -----    -----      -----    -----
  +--> ?PR?_WRITE_PI4IOE5V96248?IOEXPANDER_P...
  +--> ?PR?_DELAY_MS?KEYPAD

?PR?_WRITE_PI4IOE5V96248?IOEXPANDER_P...         -----    -----      -----    -----      0501H    0003H
  +--> ?PR?I2C_START?IOEXPANDER_PI4IOE5V96248
  +--> ?PR?_WAIT_MS_I2C?IOEXPANDER_PI4IOE5V9...
  +--> ?PR?_I2C_SENDBYTE?IOEXPANDER_PI4IOE5V...
  +--> ?PR?I2C_ACK?IOEXPANDER_PI4IOE5V96248
  +--> ?PR?I2C_STOP?IOEXPANDER_PI4IOE5V96248

?PR?I2C_START?IOEXPANDER_PI4IOE5V96248           -----    -----      -----    -----      -----    -----
  +--> ?PR?_WAIT_MS_I2C?IOEXPANDER_PI4IOE5V9...

?PR?_I2C_SENDBYTE?IOEXPANDER_PI4IOE5V...         -----    -----      -----    -----      -----    -----
  +--> ?PR?_WAIT_MS_I2C?IOEXPANDER_PI4IOE5V9...

?PR?I2C_ACK?IOEXPANDER_PI4IOE5V96248             -----    -----      -----    -----      0504H    0001H
  +--> ?PR?_WAIT_MS_I2C?IOEXPANDER_PI4IOE5V9...

?PR?I2C_STOP?IOEXPANDER_PI4IOE5V96248            -----    -----      -----    -----      -----    -----
  +--> ?PR?_WAIT_MS_I2C?IOEXPANDER_PI4IOE5V9...

?PR?LCD_RETURN_HOME?LCD_DRIVER_SPLC780D          -----    -----      -----    -----      -----    -----
  +--> ?PR?_COMMAND?LCD_DRIVER_SPLC780D

?PR?_READ_TIME?PCF85063BTL                       -----    -----      -----    -----      04F9H    000FH
  +--> ?PR?_SPI_READTIME?PCF85063BTL

?PR?_SPI_READTIME?PCF85063BTL                    -----    -----      -----    -----      -----    -----
  +--> ?PR?_SPI_SENDBYTE?PCF85063BTL
  +--> ?PR?SPI_RECEIVEBYTE?PCF85063BTL

?PR?SPI_RECEIVEBYTE?PCF85063BTL                  -----    -----      -----    -----      -----    -----
  +--> ?PR?_PCF85063BTL_DELAY?PCF85063BTL

?PR?_ELEVATION_CALCULATION?BIPOLARMOTOR          -----    -----      -----    -----      0404H    0005H
  +--> ?PR?_BCDTODEC1?BIPOLARMOTOR
  +--> ?PR?SUNPOS?SUNPOS
  +--> ?PR?SIN?SIN
  +--> ?PR?ASIN?ASIN

?PR?SUNPOS?SUNPOS                                -----    -----      -----    -----      044EH    005DH
  +--> ?PR?SIN?SIN
  +--> ?PR?_ATAN2?ATAN2
  +--> ?PR?ASIN?ASIN
  +--> ?PR?ACOS?ACOS

?PR?SIN?SIN                                      0020H.1  0000H.1    -----    -----      04ABH    0004H

?PR?_ATAN2?ATAN2                                 -----    -----      -----    -----      04ABH    0008H
BL51 BANKED LINKER/LOCATER V6.22                                                      08/30/2019  09:47:22  PAGE 8


  +--> ?PR?ATAN?ATAN

?PR?ATAN?ATAN                                    0020H.1  0000H.2    -----    -----      04B3H    0004H

?PR?ASIN?ASIN                                    -----    -----      -----    -----      -----    -----
  +--> ?PR?SQRT?SQRT
  +--> ?PR?ATAN?ATAN

?PR?SQRT?SQRT                                    -----    -----      -----    -----      04ABH    0004H

?PR?ACOS?ACOS                                    -----    -----      -----    -----      -----    -----
  +--> ?PR?SQRT?SQRT
  +--> ?PR?ATAN?ATAN

?PR?_AZIMUTH_CALCULATION?BIPOLARMOTOR            -----    -----      -----    -----      0404H    0009H
  +--> ?PR?_BCDTODEC1?BIPOLARMOTOR
  +--> ?PR?SUNPOS?SUNPOS
  +--> ?PR?SIN?SIN
  +--> ?PR?ASIN?ASIN

?PR?_THEORICALJP_POSITION?BIPOLARMOTOR           -----    -----      -----    -----      044EH    005CH
  +--> ?PR?LINEAR_INTERPOLATE?BIPOLARMOTOR

?PR?LINEAR_INTERPOLATE?BIPOLARMOTOR              -----    -----      -----    -----      04AAH    0014H

?PR?PRINTF?PRINTF                                0020H.1  0001H.1    0008H    0005H      04F9H    0030H
  +--> ?PR?PUTCHAR?PUTCHAR

?PR?_CALIBRATION?CALIBRATION                     -----    -----      -----    -----      0404H    0024H
  +--> ?PR?VOLTAGE_IS_STABLE?CALIBRATION
  +--> ?PR?_UPDATE_POSITION?BIPOLARMOTOR
  +--> ?PR?_FIND_REAL_MAX?CALIBRATION

?PR?VOLTAGE_IS_STABLE?CALIBRATION                -----    -----      -----    -----      0428H    0018H
  +--> ?PR?_ADC_GETRESULT?ADC
  +--> ?PR?_ABS?ABS

?PR?_UPDATE_POSITION?BIPOLARMOTOR                -----    -----      -----    -----      0428H    0026H
  +--> ?PR?_BCDTODEC1?BIPOLARMOTOR
  +--> ?PR?SUNPOS?SUNPOS
  +--> ?PR?SIN?SIN
  +--> ?PR?ASIN?ASIN
  +--> ?PR?_THEORICALJP_POSITION?BIPOLARMOTOR
  +--> ?PR?_FABS?FABS
  +--> ?PR?_MOVE?BIPOLARMOTOR

?PR?_MOVE?BIPOLARMOTOR                           0020H.1  0000H.1    -----    -----      04F9H    0004H
  +--> ?PR?_STEP_MOVE?BIPOLARMOTOR

?PR?_FIND_REAL_MAX?CALIBRATION                   -----    -----      -----    -----      0428H    00D1H
  +--> ?PR?_ADC_GETRESULT?ADC
  +--> ?PR?_WAIT_MS?LCD_DRIVER_SPLC780D
  +--> ?CO?CALIBRATION
  +--> ?PR?PRINTF?PRINTF
  +--> ?PR?_SENDSTRING?UART1
  +--> ?PR?_COMMAND?LCD_DRIVER_SPLC780D
  +--> ?PR?_WRITEDATA?LCD_DRIVER_SPLC780D
BL51 BANKED LINKER/LOCATER V6.22                                                      08/30/2019  09:47:22  PAGE 9


  +--> ?PR?_DISPLAY_POS?LCD_DRIVER_SPLC780D
  +--> ?PR?_MOVE?BIPOLARMOTOR
  +--> ?PR?_READ_TIME?PCF85063BTL
  +--> ?PR?_BCDTODEC1?BIPOLARMOTOR
  +--> ?PR?_MAX_VALUE?CALIBRATION

?PR?_MAX_VALUE?CALIBRATION                       -----    -----      -----    -----      04F9H    0004H

?PR?_AT25SF041_READ?AT25SF041                    -----    -----      -----    -----      0404H    0008H
  +--> ?PR?_WAIT_MS_SPINOR?AT25SF041
  +--> ?PR?UCREAD_STATUS_REGISTER_BYTE1?AT25...

?PR?UCREAD_STATUS_REGISTER_BYTE1?AT25...         -----    -----      -----    -----      041AH    0003H
  +--> ?PR?_WAIT_MS_SPINOR?AT25SF041

?PR?AT25SF041_WRITEENABLE?AT25SF041              -----    -----      -----    -----      0412H    0002H
  +--> ?PR?_WAIT_MS_SPINOR?AT25SF041
  +--> ?PR?UCREAD_STATUS_REGISTER_BYTE1?AT25...

?PR?_AT25SF041_WRITE?AT25SF041                   -----    -----      -----    -----      0412H    0008H
  +--> ?PR?_WAIT_MS_SPINOR?AT25SF041
  +--> ?PR?UCREAD_STATUS_REGISTER_BYTE1?AT25...

?PR?SPI_NOR_WRITE_DATA?AT25SF041                 -----    -----      -----    -----      0404H    000EH
  +--> ?PR?AT25SF041_WRITEENABLE?AT25SF041
  +--> ?PR?_AT25SF041_WRITE?AT25SF041
  +--> ?PR?_WAIT_MS_SPINOR?AT25SF041

?PR?AT25SF041_CHIPERASE?AT25SF041                -----    -----      -----    -----      0404H    0002H
  +--> ?PR?_WAIT_MS_SPINOR?AT25SF041
  +--> ?PR?UCREAD_STATUS_REGISTER_BYTE1?AT25...



SYMBOL TABLE OF MODULE:  .\Obj\GPIO_RTC_Test (MAIN)

  VALUE           TYPE          NAME
  ----------------------------------

  -------         MODULE        MAIN
  C:0000H         SYMBOL        _ICE_DUMMY_
  X:0531H         PUBLIC        calib_value
  D:0080H         PUBLIC        P0
  D:0090H         PUBLIC        P1
  D:00A0H         PUBLIC        P2
  D:00B0H         PUBLIC        P3
  D:00C0H         PUBLIC        P4
  D:00C8H         PUBLIC        P5
  X:0585H         SYMBOL        PressedKey
  B:00A8H.7       PUBLIC        EA
  D:00E8H         PUBLIC        P6
  X:0589H         PUBLIC        calib_stamp
  D:00F8H         PUBLIC        P7
  X:058AH         PUBLIC        sTempString
  X:0593H         PUBLIC        calib_bool
  X:05BDH         PUBLIC        pwm_time_min
  D:00A8H         PUBLIC        IE
BL51 BANKED LINKER/LOCATER V6.22                                                      08/30/2019  09:47:22  PAGE 10


  X:05C1H         PUBLIC        calib_time
  X:0615H         PUBLIC        pwm_time_max
  B:0090H.7       PUBLIC        Connect_Electronics_Load
  D:00B8H         PUBLIC        IP
  B:0098H.0       PUBLIC        RI
  B:00B0H.2       PUBLIC        INT0
  X:0619H         PUBLIC        months
  B:0098H.1       PUBLIC        TI
  C:000EH         PUBLIC        Uart
  D:00D8H         PUBLIC        CCON
  C:0026H         PUBLIC        main
  X:061AH         PUBLIC        found_1st_point
  X:061CH         PUBLIC        i_point1
  X:061EH         PUBLIC        i_point2
  X:0620H         PUBLIC        count
  B:0090H.2       PUBLIC        Connect_IV_Load
  D:0099H         PUBLIC        SBUF
  X:0622H         PUBLIC        days
  X:0623H         PUBLIC        hours
  D:0098H         PUBLIC        SCON
  D:0089H         PUBLIC        TMOD
  D:0088H         PUBLIC        TCON
  B:00A0H.3       PUBLIC        P23
  X:0624H         SYMBOL        KeyCount
  X:0626H         PUBLIC        mins
  B:00C8H.5       PUBLIC        P55
  X:0627H         PUBLIC        diff_of_offset
  D:008EH         PUBLIC        AUXR
  C:7967H         PUBLIC        tm0_isr
  B:0090H.5       PUBLIC        SI1120_STX
  C:7B7CH         PUBLIC        tm1_isr
  B:0021H.2       PUBLIC        busy
  D:00E0H         PUBLIC        ACC
  B:00A8H.1       PUBLIC        ET0
  B:00A8H.3       PUBLIC        ET1
  X:062BH         PUBLIC        SPI_NOR_INTERNAL_FLASH_ADDR
  D:008CH         PUBLIC        TH0
  D:008DH         PUBLIC        TH1
  D:008AH         PUBLIC        TL0
  D:008BH         PUBLIC        TL1
  X:062FH         PUBLIC        ii
  X:0631H         PUBLIC        jj
  B:0088H.4       PUBLIC        TR0
  B:0088H.6       PUBLIC        TR1
  X:0633H         PUBLIC        old_mins
  C:6AE1H         PUBLIC        exint0
  X:0634H         SYMBOL        KeyNum
  X:0635H         SYMBOL        KeyNum_Old
  X:0636H         PUBLIC        timer0_count
  X:0638H         PUBLIC        current_position
  X:063CH         PUBLIC        pwm_time
  X:0640H         PUBLIC        i
  X:0642H         PUBLIC        j
  X:0644H         PUBLIC        start_timer0_count
  X:0645H         PUBLIC        seconds
  D:00D0H         PUBLIC        PSW
  C:7B85H         PUBLIC        _SendUART1
BL51 BANKED LINKER/LOCATER V6.22                                                      08/30/2019  09:47:22  PAGE 11


  -------         PROC          TM0_ISR
  C:7967H         LINE#         110
  C:796DH         LINE#         114
  C:7970H         LINE#         115
  C:7973H         LINE#         116
  C:7981H         LINE#         117
  -------         ENDPROC       TM0_ISR
  -------         PROC          TM1_ISR
  C:7B7CH         LINE#         118
  C:7B7CH         LINE#         120
  C:7B7EH         LINE#         122
  C:7B81H         LINE#         123
  C:7B84H         LINE#         124
  -------         ENDPROC       TM1_ISR
  -------         PROC          EXINT0
  C:6AE1H         LINE#         125
  C:6AFEH         LINE#         129
  C:6B01H         LINE#         130
  C:6B01H         LINE#         131
  C:6B04H         LINE#         132
  C:6B07H         LINE#         133
  C:6B09H         LINE#         134
  C:6B0BH         LINE#         138
  C:6B0EH         LINE#         141
  C:6B0EH         LINE#         142
  C:6B10H         LINE#         144
  C:6B1CH         LINE#         145
  C:6B76H         LINE#         146
  C:6BB4H         LINE#         147
  C:6BBBH         LINE#         152
  C:6BBBH         LINE#         154
  -------         ENDPROC       EXINT0
  -------         PROC          MAIN
  -------         DO            
  X:0529H         SYMBOL        KeyCount
  X:052BH         SYMBOL        KeyNum_Old
  X:052CH         SYMBOL        KeyNum
  X:052DH         SYMBOL        PressedKey
  X:03CAH         SYMBOL        prox_flag
  X:03CBH         SYMBOL        iUse_prevday_calib_value
  X:03CDH         SYMBOL        max_ADC_Val_JP
  X:03CFH         SYMBOL        max_ADC_Val
  X:03D1H         SYMBOL        calib_point1
  X:03D9H         SYMBOL        calib_point2
  X:03E1H         SYMBOL        dat_to_store
  X:03ECH         SYMBOL        calib_day
  X:03EEH         SYMBOL        calib_count
  X:03F0H         SYMBOL        theorical_JP_max_pos
  X:03F4H         SYMBOL        elevation
  D:0004H         SYMBOL        azimuth
  X:03F8H         SYMBOL        prev_elevation
  X:03FCH         SYMBOL        prev_azimuth
  X:0400H         SYMBOL        JP_Pos_Offset
  -------         ENDDO         
  C:0026H         LINE#         156
  C:0026H         LINE#         157
  C:0026H         LINE#         162
BL51 BANKED LINKER/LOCATER V6.22                                                      08/30/2019  09:47:22  PAGE 12


  C:002CH         LINE#         163
  C:0031H         LINE#         165
  C:0039H         LINE#         169
  C:003FH         LINE#         170
  C:0067H         LINE#         181
  C:006FH         LINE#         182
  C:0076H         LINE#         183
  C:007CH         LINE#         185
  C:0082H         LINE#         197
  C:0085H         LINE#         198
  C:0088H         LINE#         199
  C:008BH         LINE#         201
  C:008EH         LINE#         204
  C:0091H         LINE#         205
  C:0094H         LINE#         207
  C:0097H         LINE#         209
  C:009AH         LINE#         210
  C:009DH         LINE#         211
  C:00A0H         LINE#         212
  C:00A2H         LINE#         213
  C:00A4H         LINE#         214
  C:00A7H         LINE#         215
  C:00A9H         LINE#         216
  C:00ABH         LINE#         218
  C:00ADH         LINE#         219
  C:00B4H         LINE#         220
  C:00BBH         LINE#         221
  C:00C2H         LINE#         222
  C:00C9H         LINE#         226
  C:00D0H         LINE#         227
  C:00D5H         LINE#         228
  C:00DAH         LINE#         229
  C:00DFH         LINE#         230
  C:00E4H         LINE#         231
  C:00E9H         LINE#         234
  C:00F0H         LINE#         235
  C:00F0H         LINE#         236
  C:0113H         LINE#         237
  C:015DH         LINE#         238
  C:0172H         LINE#         239
  C:018FH         LINE#         240
  C:0192H         LINE#         243
  C:0199H         LINE#         246
  C:019CH         LINE#         248
  C:01A3H         LINE#         249
  C:01ACH         LINE#         252
  C:01ACH         LINE#         253
  C:01ACH         LINE#         254
  C:01AFH         LINE#         264
  C:01AFH         LINE#         268
  C:01B4H         LINE#         269
  C:01B9H         LINE#         271
  C:01BEH         LINE#         273
  C:01C3H         LINE#         274
  C:01C8H         LINE#         277
  C:01D9H         LINE#         279
  C:01DEH         LINE#         280
BL51 BANKED LINKER/LOCATER V6.22                                                      08/30/2019  09:47:22  PAGE 13


  C:01E3H         LINE#         282
  C:01EAH         LINE#         283
  C:01F2H         LINE#         284
  C:01F7H         LINE#         285
  C:01FFH         LINE#         286
  C:0204H         LINE#         287
  C:020EH         LINE#         288
  C:0213H         LINE#         289
  C:021BH         LINE#         291
  C:0223H         LINE#         292
  C:0228H         LINE#         293
  C:0232H         LINE#         294
  C:0232H         LINE#         295
  C:0234H         LINE#         296
  C:0236H         LINE#         297
  C:0240H         LINE#         298
  C:0240H         LINE#         299
  C:0245H         LINE#         300
  C:0245H         LINE#         312
  C:0259H         LINE#         313
  C:0259H         LINE#         314
  C:026EH         LINE#         315
  C:027DH         LINE#         316
  C:027DH         LINE#         317
  C:0290H         LINE#         318
  C:0292H         LINE#         320
  C:0292H         LINE#         321
  C:02AEH         LINE#         322
  C:02AEH         LINE#         323
  C:02B3H         LINE#         324
  C:02B3H         LINE#         325
  C:02C7H         LINE#         326
  C:02C7H         LINE#         329
  C:02DCH         LINE#         330
  C:02EBH         LINE#         331
  C:02EBH         LINE#         332
  C:02FEH         LINE#         333
  C:0300H         LINE#         335
  C:0300H         LINE#         336
  C:031CH         LINE#         337
  C:031CH         LINE#         338
  C:0321H         LINE#         339
  C:0327H         LINE#         340
  C:0327H         LINE#         342
  C:0349H         LINE#         343
  C:0349H         LINE#         344
  C:0353H         LINE#         345
  C:0359H         LINE#         346
  C:0360H         LINE#         347
  C:0366H         LINE#         348
  C:036DH         LINE#         349
  C:036DH         LINE#         350
  C:0370H         LINE#         352
  C:0370H         LINE#         357
  C:0378H         LINE#         358
  C:03B3H         LINE#         359
  C:03D1H         LINE#         360
BL51 BANKED LINKER/LOCATER V6.22                                                      08/30/2019  09:47:22  PAGE 14


  C:03D1H         LINE#         362
  C:03DAH         LINE#         363
  C:03E1H         LINE#         364
  C:03EAH         LINE#         365
  C:03F1H         LINE#         367
  C:03F1H         LINE#         371
  C:03FEH         LINE#         372
  C:03FEH         LINE#         379
  C:03FEH         LINE#         380
  C:0426H         LINE#         381
  C:0426H         LINE#         382
  C:0448H         LINE#         383
  C:0448H         LINE#         385
  C:046EH         LINE#         386
  C:048EH         LINE#         390
  C:04BBH         LINE#         391
  C:04C2H         LINE#         393
  C:04D3H         LINE#         394
  C:0529H         LINE#         395
  C:0532H         LINE#         396
  C:0539H         LINE#         397
  C:0542H         LINE#         398
  C:054BH         LINE#         399
  C:0552H         LINE#         403
  C:058FH         LINE#         411
  C:058FH         LINE#         413
  C:060BH         LINE#         414
  C:0624H         LINE#         415
  C:0626H         LINE#         416
  C:0628H         LINE#         418
  C:06B2H         LINE#         423
  C:06E0H         LINE#         424
  C:06E0H         LINE#         427
  C:0703H         LINE#         428
  C:0718H         LINE#         429
  C:0722H         LINE#         431
  C:0725H         LINE#         433
  C:0725H         LINE#         434
  C:074BH         LINE#         435
  C:074BH         LINE#         436
  C:0773H         LINE#         437
  C:0822H         LINE#         438
  C:0848H         LINE#         439
  C:08FAH         LINE#         442
  C:08FAH         LINE#         444
  C:0901H         LINE#         445
  C:0904H         LINE#         448
  C:0939H         LINE#         449
  C:0940H         LINE#         450
  C:0943H         LINE#         452
  C:097DH         LINE#         453
  C:09A9H         LINE#         455
  C:09D8H         LINE#         457
  C:09DFH         LINE#         458
  C:09E6H         LINE#         459
  C:09E9H         LINE#         462
  C:0A51H         LINE#         464
BL51 BANKED LINKER/LOCATER V6.22                                                      08/30/2019  09:47:22  PAGE 15


  C:0A58H         LINE#         466
  C:0A5FH         LINE#         467
  C:0A62H         LINE#         470
  C:0B21H         LINE#         472
  C:0B28H         LINE#         473
  C:0B28H         LINE#         475
  C:0B2BH         LINE#         477
  C:0B2BH         LINE#         479
  C:0B32H         LINE#         480
  C:0B32H         LINE#         481
  C:0B35H         LINE#         482
  C:0B53H         LINE#         483
  C:0B5AH         LINE#         484
  C:0B79H         LINE#         485
  C:0B98H         LINE#         487
  C:0C14H         LINE#         488
  C:0C30H         LINE#         490
  C:0C32H         LINE#         491
  C:0C34H         LINE#         493
  C:0C6BH         LINE#         494
  C:0C78H         LINE#         495
  C:0C87H         LINE#         499
  C:0C87H         LINE#         501
  C:0C8FH         LINE#         502
  C:0C97H         LINE#         503
  C:0C9FH         LINE#         504
  C:0CA7H         LINE#         506
  C:0CBBH         LINE#         507
  C:0CD1H         LINE#         508
  C:0D01H         LINE#         509
  C:0D21H         LINE#         511
  C:0D35H         LINE#         512
  C:0D4BH         LINE#         513
  C:0D7BH         LINE#         514
  C:0D82H         LINE#         516
  C:0DA6H         LINE#         519
  C:0DD1H         LINE#         521
  C:0DDAH         LINE#         522
  C:0DE1H         LINE#         523
  C:0DEAH         LINE#         524
  C:0DF3H         LINE#         525
  C:0DFAH         LINE#         527
  C:0E37H         LINE#         529
  C:0E40H         LINE#         530
  C:0E47H         LINE#         531
  C:0E50H         LINE#         532
  C:0E59H         LINE#         533
  C:0E60H         LINE#         535
  C:0E8BH         LINE#         537
  C:0E94H         LINE#         538
  C:0E9BH         LINE#         539
  C:0EA4H         LINE#         540
  C:0EADH         LINE#         541
  C:0EB4H         LINE#         543
  C:0EDFH         LINE#         545
  C:0EE8H         LINE#         546
  C:0EEFH         LINE#         547
BL51 BANKED LINKER/LOCATER V6.22                                                      08/30/2019  09:47:22  PAGE 16


  C:0EF8H         LINE#         548
  C:0EFFH         LINE#         549
  C:0F08H         LINE#         550
  C:0F0FH         LINE#         552
  C:0F11H         LINE#         554
  C:0F1FH         LINE#         555
  C:0F1FH         LINE#         556
  C:0F27H         LINE#         559
  C:0F27H         LINE#         560
  C:0F27H         LINE#         562
  C:0F4CH         LINE#         563
  C:0F4CH         LINE#         564
  C:0F6EH         LINE#         565
  C:0F6EH         LINE#         566
  C:0FEAH         LINE#         567
  C:0FECH         LINE#         568
  C:0FEEH         LINE#         570
  C:1046H         LINE#         573
  C:1055H         LINE#         574
  C:1055H         LINE#         575
  C:1055H         LINE#         576
  C:1055H         LINE#         577
  C:1055H         LINE#         578
  C:1055H         LINE#         579
  C:1055H         LINE#         580
  C:1055H         LINE#         583
  C:1055H         LINE#         585
  C:1055H         LINE#         586
  C:1055H         LINE#         587
  C:1055H         LINE#         588
  C:1055H         LINE#         592
  C:1055H         LINE#         594
  C:1055H         LINE#         596
  C:1055H         LINE#         597
  C:1055H         LINE#         598
  C:1055H         LINE#         599
  C:1055H         LINE#         600
  C:1055H         LINE#         601
  C:1055H         LINE#         604
  C:1055H         LINE#         606
  C:1055H         LINE#         607
  C:1055H         LINE#         608
  C:1055H         LINE#         609
  C:1055H         LINE#         610
  C:1055H         LINE#         611
  C:1055H         LINE#         612
  C:1055H         LINE#         614
  C:1058H         LINE#         617
  C:107FH         LINE#         618
  C:107FH         LINE#         621
  C:10A1H         LINE#         622
  C:10A1H         LINE#         624
  C:111DH         LINE#         626
  C:114AH         LINE#         627
  C:1165H         LINE#         633
  C:1167H         LINE#         634
  C:1169H         LINE#         642
BL51 BANKED LINKER/LOCATER V6.22                                                      08/30/2019  09:47:22  PAGE 17


  C:1196H         LINE#         644
  C:11BDH         LINE#         645
  C:1231H         LINE#         647
  C:12BDH         LINE#         651
  C:12DDH         LINE#         652
  C:12DDH         LINE#         653
  C:12DDH         LINE#         654
  C:12E0H         LINE#         656
  C:12E0H         LINE#         657
  C:1308H         LINE#         658
  C:137CH         LINE#         660
  C:13F7H         LINE#         667
  C:1493H         LINE#         675
  C:1493H         LINE#         678
  C:14A2H         LINE#         679
  C:14A2H         LINE#         680
  C:1520H         LINE#         681
  C:1529H         LINE#         682
  C:1530H         LINE#         683
  C:1539H         LINE#         684
  C:1542H         LINE#         685
  C:1549H         LINE#         688
  C:1574H         LINE#         690
  C:157DH         LINE#         691
  C:1584H         LINE#         692
  C:158DH         LINE#         693
  C:1596H         LINE#         697
  C:159DH         LINE#         699
  C:15C8H         LINE#         701
  C:15D1H         LINE#         702
  C:15D8H         LINE#         703
  C:15E1H         LINE#         704
  C:15E8H         LINE#         706
  C:15F1H         LINE#         707
  C:15F8H         LINE#         710
  C:1636H         LINE#         712
  C:163FH         LINE#         713
  C:1646H         LINE#         714
  C:164FH         LINE#         715
  C:1658H         LINE#         716
  C:165FH         LINE#         717
  C:165FH         LINE#         719
  C:165FH         LINE#         721
  C:165FH         LINE#         722
  C:165FH         LINE#         724
  C:165FH         LINE#         728
  C:167BH         LINE#         729
  C:167BH         LINE#         730
  C:167DH         LINE#         733
  C:1680H         LINE#         735
  C:16AEH         LINE#         736
  C:16AEH         LINE#         737
  C:16B0H         LINE#         739
  C:16BFH         LINE#         740
  C:16BFH         LINE#         742
  C:16C2H         LINE#         744
  C:16C5H         LINE#         745
BL51 BANKED LINKER/LOCATER V6.22                                                      08/30/2019  09:47:22  PAGE 18


  C:16CCH         LINE#         747
  C:16E8H         LINE#         748
  C:16E8H         LINE#         749
  C:1705H         LINE#         750
  C:1705H         LINE#         751
  C:170BH         LINE#         752
  C:170EH         LINE#         755
  C:1743H         LINE#         756
  C:174AH         LINE#         757
  C:174DH         LINE#         759
  C:1787H         LINE#         760
  C:179DH         LINE#         762
  C:17B6H         LINE#         764
  C:17BDH         LINE#         765
  C:17C4H         LINE#         766
  C:17C7H         LINE#         769
  C:181CH         LINE#         771
  C:1823H         LINE#         773
  C:182AH         LINE#         774
  C:182DH         LINE#         777
  C:18D9H         LINE#         779
  C:18E0H         LINE#         780
  C:18E0H         LINE#         781
  C:18F1H         LINE#         783
  C:18F1H         LINE#         787
  C:18F8H         LINE#         788
  C:18F8H         LINE#         791
  C:1907H         LINE#         792
  C:1907H         LINE#         793
  C:1939H         LINE#         794
  C:1939H         LINE#         795
  C:19B8H         LINE#         797
  C:19BFH         LINE#         798
  C:19C2H         LINE#         800
  C:19FCH         LINE#         801
  C:1A12H         LINE#         803
  C:1A2BH         LINE#         805
  C:1A32H         LINE#         806
  C:1A39H         LINE#         807
  C:1A3CH         LINE#         809
  C:1A91H         LINE#         810
  C:1A98H         LINE#         812
  C:1A9FH         LINE#         813
  C:1AA2H         LINE#         815
  C:1B4EH         LINE#         816
  C:1B55H         LINE#         818
  C:1B5CH         LINE#         819
  C:1B5FH         LINE#         821
  C:1B83H         LINE#         822
  C:1B8AH         LINE#         823
  C:1B9BH         LINE#         826
  C:1BAFH         LINE#         827
  C:1BC3H         LINE#         828
  C:1BD2H         LINE#         829
  C:1BD2H         LINE#         831
  C:1BFEH         LINE#         832
  C:1BFEH         LINE#         833
BL51 BANKED LINKER/LOCATER V6.22                                                      08/30/2019  09:47:22  PAGE 19


  C:1C2BH         LINE#         840
  C:1C46H         LINE#         843
  C:1C55H         LINE#         844
  C:1C58H         LINE#         847
  C:1C88H         LINE#         848
  C:1C88H         LINE#         850
  C:1CB5H         LINE#         856
  C:1CD0H         LINE#         859
  C:1CE0H         LINE#         860
  C:1CE6H         LINE#         861
  C:1CFAH         LINE#         862
  C:1D0EH         LINE#         863
  C:1D16H         LINE#         864
  C:1D23H         LINE#         865
  C:1D23H         LINE#         866
  C:1D47H         LINE#         867
  C:1D47H         LINE#         868
  C:1D91H         LINE#         869
  C:1D98H         LINE#         870
  C:1D9BH         LINE#         873
  C:1DBFH         LINE#         875
  C:1DC6H         LINE#         876
  C:1DC9H         LINE#         878
  C:1DFCH         LINE#         879
  C:1E1BH         LINE#         881
  C:1E3DH         LINE#         883
  C:1E44H         LINE#         885
  C:1E4BH         LINE#         886
  C:1E4EH         LINE#         888
  C:1EA3H         LINE#         889
  C:1EAAH         LINE#         891
  C:1EB1H         LINE#         892
  C:1EB4H         LINE#         894
  C:1F60H         LINE#         895
  C:1F67H         LINE#         896
  C:1F78H         LINE#         897
  C:1F78H         LINE#         898
  C:1F78H         LINE#         902
  C:1F9AH         LINE#         903
  C:1FA7H         LINE#         904
  C:1FA7H         LINE#         905
  C:1FCAH         LINE#         906
  C:1FCAH         LINE#         907
  C:201AH         LINE#         908
  C:201AH         LINE#         909
  C:2021H         LINE#         910
  C:2024H         LINE#         912
  C:205EH         LINE#         913
  C:2074H         LINE#         915
  C:208DH         LINE#         917
  C:2094H         LINE#         918
  C:209BH         LINE#         919
  C:209EH         LINE#         921
  C:20F3H         LINE#         922
  C:20FAH         LINE#         924
  C:2101H         LINE#         925
  C:2104H         LINE#         927
BL51 BANKED LINKER/LOCATER V6.22                                                      08/30/2019  09:47:22  PAGE 20


  C:21B0H         LINE#         928
  C:21B7H         LINE#         930
  C:21BEH         LINE#         931
  C:21C1H         LINE#         933
  C:21E5H         LINE#         934
  C:21ECH         LINE#         935
  C:21ECH         LINE#         936
  C:21FDH         LINE#         937
  C:21FDH         LINE#         938
  C:21FDH         LINE#         939
  C:2227H         LINE#         940
  C:2227H         LINE#         943
  C:222EH         LINE#         944
  C:2235H         LINE#         946
  C:223BH         LINE#         947
  C:223BH         LINE#         948
  C:225EH         LINE#         949
  C:2273H         LINE#         951
  C:228DH         LINE#         953
  C:228DH         LINE#         956
  C:229CH         LINE#         957
  C:229CH         LINE#         958
  C:229FH         LINE#         959
  C:22A6H         LINE#         960
  C:22ABH         LINE#         961
  C:22B0H         LINE#         962
  C:22B5H         LINE#         963
  C:22BAH         LINE#         964
  C:22BFH         LINE#         974
  C:22C2H         LINE#         976
  C:22C5H         LINE#         977
  C:22CCH         LINE#         978
  C:22D6H         LINE#         979
  C:22DDH         LINE#         981
  C:22E0H         LINE#         990
  C:22E0H         LINE#         991
  -------         ENDPROC       MAIN
  -------         PROC          UART
  C:000EH         LINE#         1005
  C:000EH         LINE#         1007
  C:0011H         LINE#         1008
  C:0011H         LINE#         1009
  C:0013H         LINE#         1011
  C:0013H         LINE#         1012
  C:0016H         LINE#         1013
  C:0016H         LINE#         1014
  C:0018H         LINE#         1015
  C:001AH         LINE#         1016
  C:001AH         LINE#         1017
  -------         ENDPROC       UART
  -------         PROC          _SENDUART1
  D:0007H         SYMBOL        dat
  C:7B85H         LINE#         1019
  C:7B85H         LINE#         1020
  C:7B85H         LINE#         1021
  C:7B88H         LINE#         1022
  C:7B8AH         LINE#         1023
BL51 BANKED LINKER/LOCATER V6.22                                                      08/30/2019  09:47:22  PAGE 21


  C:7B8BH         LINE#         1024
  C:7B8DH         LINE#         1025
  -------         ENDPROC       _SENDUART1
  -------         ENDMOD        MAIN

  -------         MODULE        PCF85063BTL
  C:0000H         SYMBOL        _ICE_DUMMY_
  D:0096H         PUBLIC        P2M0
  D:0080H         PUBLIC        P0
  D:0095H         PUBLIC        P2M1
  D:0090H         PUBLIC        P1
  D:00A0H         PUBLIC        P2
  D:00B0H         PUBLIC        P3
  D:00C0H         PUBLIC        P4
  D:00C8H         PUBLIC        P5
  D:00E8H         PUBLIC        P6
  B:00A0H.1       PUBLIC        PCF85063BTL_SDI
  D:00F8H         PUBLIC        P7
  B:00A0H.2       PUBLIC        PCF85063BTL_SCK
  B:00A0H.1       PUBLIC        PCF85063BTL_SDO
  D:00A8H         PUBLIC        IE
  C:73FBH         PUBLIC        _Read_time
  C:7AA7H         PUBLIC        _PCF85063BTL_Delay
  D:00B8H         PUBLIC        IP
  D:00D8H         PUBLIC        CCON
  C:7288H         PUBLIC        _Day_Of_Year
  C:79A8H         PUBLIC        SPI_ReceiveByte
  D:0098H         PUBLIC        SCON
  D:0088H         PUBLIC        TCON
  C:7ADAH         PUBLIC        _BCDtoDec
  B:00A0H.0       PUBLIC        PCF85063BTL_CS
  C:7AC9H         PUBLIC        _SPI_ReadTime
  C:7B29H         PUBLIC        SPI_Init
  C:7A1DH         PUBLIC        _SPI_WriteTime
  C:7988H         PUBLIC        _SPI_SendByte
  D:00D0H         PUBLIC        PSW
  C:7AA3H         SYMBOL        L?0048
  -------         PROC          L?0047
  -------         ENDPROC       L?0047
  C:7AA3H         SYMBOL        L?0048
  -------         PROC          _PCF85063BTL_DELAY
  D:0006H         SYMBOL        us
  C:7AA7H         LINE#         8
  C:7AA7H         LINE#         9
  C:7AA7H         LINE#         10
  C:7AB1H         LINE#         11
  C:7AB1H         LINE#         12
  C:7AB2H         LINE#         13
  C:7AB4H         LINE#         14
  -------         ENDPROC       _PCF85063BTL_DELAY
  -------         PROC          _SPI_SENDBYTE
  D:0005H         SYMBOL        dat
  -------         DO            
  D:0003H         SYMBOL        i
  -------         ENDDO         
  C:7988H         LINE#         17
  C:798AH         LINE#         18
BL51 BANKED LINKER/LOCATER V6.22                                                      08/30/2019  09:47:22  PAGE 22


  C:798AH         LINE#         20
  C:798CH         LINE#         21
  C:798CH         LINE#         22
  C:798EH         LINE#         23
  C:7992H         LINE#         24
  C:7992H         LINE#         25
  C:7994H         LINE#         26
  C:7996H         LINE#         28
  C:7996H         LINE#         29
  C:7998H         LINE#         30
  C:7998H         LINE#         31
  C:799BH         LINE#         32
  C:799BH         LINE#         33
  C:799EH         LINE#         34
  C:79A2H         LINE#         35
  C:79A7H         LINE#         36
  -------         ENDPROC       _SPI_SENDBYTE
  -------         PROC          SPI_RECEIVEBYTE
  -------         DO            
  D:0003H         SYMBOL        i
  D:0005H         SYMBOL        dat
  -------         ENDDO         
  C:79A8H         LINE#         39
  C:79A8H         LINE#         40
  C:79A8H         LINE#         42
  C:79AAH         LINE#         44
  C:79ACH         LINE#         45
  C:79ADH         LINE#         46
  C:79ADH         LINE#         47
  C:79B1H         LINE#         48
  C:79B3H         LINE#         49
  C:79B6H         LINE#         51
  C:79B9H         LINE#         52
  C:79B9H         LINE#         53
  C:79BDH         LINE#         54
  C:79BDH         LINE#         55
  C:79BDH         LINE#         56
  C:79C0H         LINE#         57
  C:79C5H         LINE#         58
  C:79C7H         LINE#         59
  -------         ENDPROC       SPI_RECEIVEBYTE
  -------         PROC          _SPI_READTIME
  D:0007H         SYMBOL        addr
  -------         DO            
  D:0006H         SYMBOL        dat
  -------         ENDDO         
  C:7AC9H         LINE#         61
  C:7AC9H         LINE#         62
  C:7AC9H         LINE#         64
  C:7ACBH         LINE#         65
  C:7ACDH         LINE#         66
  C:7AD4H         LINE#         67
  C:7AD7H         LINE#         68
  C:7AD9H         LINE#         69
  C:7AD9H         LINE#         70
  -------         ENDPROC       _SPI_READTIME
  -------         PROC          _SPI_WRITETIME
BL51 BANKED LINKER/LOCATER V6.22                                                      08/30/2019  09:47:22  PAGE 23


  D:0002H         SYMBOL        val
  D:0005H         SYMBOL        addr
  C:7A1DH         LINE#         71
  C:7A1FH         LINE#         72
  C:7A1FH         LINE#         74
  C:7A21H         LINE#         75
  C:7A28H         LINE#         76
  C:7A2DH         LINE#         77
  C:7A32H         LINE#         78
  C:7A34H         LINE#         79
  -------         ENDPROC       _SPI_WRITETIME
  -------         PROC          SPI_INIT
  C:7B29H         LINE#         83
  C:7B29H         LINE#         84
  C:7B29H         LINE#         89
  C:7B2CH         LINE#         90
  C:7B2FH         LINE#         91
  C:7B31H         LINE#         92
  C:7B33H         LINE#         93
  C:7B35H         LINE#         94
  -------         ENDPROC       SPI_INIT
  -------         PROC          _READ_TIME
  X:04F9H         SYMBOL        months
  X:04FCH         SYMBOL        days
  X:04FFH         SYMBOL        hours
  X:0502H         SYMBOL        mins
  X:0505H         SYMBOL        seconds
  C:73FBH         LINE#         96
  C:7406H         LINE#         97
  C:7406H         LINE#         99
  C:741AH         LINE#         101
  C:742EH         LINE#         103
  C:7442H         LINE#         108
  C:7456H         LINE#         113
  -------         ENDPROC       _READ_TIME
  -------         PROC          _BCDTODEC
  D:0007H         SYMBOL        bcd
  -------         DO            
  D:0006H         SYMBOL        hi
  D:0007H         SYMBOL        lo
  -------         ENDDO         
  C:7ADAH         LINE#         119
  C:7ADAH         LINE#         120
  C:7ADAH         LINE#         122
  C:7ADFH         LINE#         123
  C:7AE3H         LINE#         124
  C:7AEAH         LINE#         125
  -------         ENDPROC       _BCDTODEC
  -------         PROC          _DAY_OF_YEAR
  D:0007H         SYMBOL        months_bcd
  D:0005H         SYMBOL        days_bcd
  -------         DO            
  D:0004H         SYMBOL        months
  D:0007H         SYMBOL        days
  -------         ENDDO         
  C:7288H         LINE#         126
  C:7288H         LINE#         127
BL51 BANKED LINKER/LOCATER V6.22                                                      08/30/2019  09:47:22  PAGE 24


  C:7288H         LINE#         130
  C:728DH         LINE#         132
  C:7292H         LINE#         134
  C:72CBH         LINE#         135
  C:72CBH         LINE#         136
  C:72CBH         LINE#         137
  C:72CEH         LINE#         138
  C:72CEH         LINE#         139
  C:72CEH         LINE#         140
  C:72D3H         LINE#         141
  C:72D3H         LINE#         142
  C:72D3H         LINE#         143
  C:72D8H         LINE#         144
  C:72D8H         LINE#         145
  C:72D8H         LINE#         146
  C:72DDH         LINE#         147
  C:72DDH         LINE#         148
  C:72DDH         LINE#         149
  C:72E2H         LINE#         150
  C:72E2H         LINE#         151
  C:72E2H         LINE#         152
  C:72E7H         LINE#         153
  C:72E7H         LINE#         154
  C:72E7H         LINE#         155
  C:72ECH         LINE#         156
  C:72ECH         LINE#         157
  C:72ECH         LINE#         158
  C:72F1H         LINE#         159
  C:72F1H         LINE#         160
  C:72F1H         LINE#         161
  C:72F9H         LINE#         162
  C:72F9H         LINE#         163
  C:72F9H         LINE#         164
  C:72FEH         LINE#         165
  C:72FEH         LINE#         166
  C:72FEH         LINE#         167
  C:7303H         LINE#         168
  C:7303H         LINE#         169
  C:7303H         LINE#         170
  C:730CH         LINE#         171
  C:730CH         LINE#         172
  C:730CH         LINE#         173
  C:730FH         LINE#         174
  C:730FH         LINE#         175
  -------         ENDPROC       _DAY_OF_YEAR
  -------         ENDMOD        PCF85063BTL

  -------         MODULE        LCD_DRIVER_SPLC780D
  C:0000H         SYMBOL        _ICE_DUMMY_
  D:0092H         PUBLIC        P1M0
  D:0091H         PUBLIC        P1M1
  D:0080H         PUBLIC        P0
  D:0090H         PUBLIC        P1
  D:00A0H         PUBLIC        P2
  D:00B0H         PUBLIC        P3
  D:00C0H         PUBLIC        P4
  D:00C8H         PUBLIC        P5
BL51 BANKED LINKER/LOCATER V6.22                                                      08/30/2019  09:47:22  PAGE 25


  D:00E8H         PUBLIC        P6
  D:00F8H         PUBLIC        P7
  C:7314H         PUBLIC        _WriteData
  D:00A8H         PUBLIC        IE
  D:00B8H         PUBLIC        IP
  D:00D8H         PUBLIC        CCON
  B:00B0H.4       PUBLIC        LCD_D4
  B:00B0H.5       PUBLIC        LCD_D5
  B:00B0H.6       PUBLIC        LCD_D6
  C:79E6H         PUBLIC        _DisplayLCD
  B:00B0H.7       PUBLIC        LCD_D7
  D:0098H         PUBLIC        SCON
  D:0088H         PUBLIC        TCON
  C:7B72H         PUBLIC        LCD_clear
  C:7696H         PUBLIC        _Command
  C:7A62H         PUBLIC        _Display_Line
  C:74C4H         PUBLIC        LCD_Init
  C:7901H         PUBLIC        _Wait_ms
  B:00C0H.0       PUBLIC        LCD_RS
  B:0090H.3       PUBLIC        LCD_RW
  C:7B68H         PUBLIC        LCD_return_home
  C:652FH         PUBLIC        _Display_Pos
  B:00B0H.3       PUBLIC        LCD_E
  D:00D0H         PUBLIC        PSW
  -------         PROC          LCD_INIT
  C:74C4H         LINE#         9
  C:74C4H         LINE#         10
  C:74C4H         LINE#         11
  C:74C7H         LINE#         12
  C:74CAH         LINE#         14
  C:74D0H         LINE#         15
  C:74D5H         LINE#         17
  C:74DCH         LINE#         18
  C:74E1H         LINE#         20
  C:74E4H         LINE#         21
  C:74E9H         LINE#         23
  C:74ECH         LINE#         24
  C:74F1H         LINE#         26
  C:74F8H         LINE#         29
  C:74FDH         LINE#         30
  C:7502H         LINE#         32
  C:7507H         LINE#         33
  C:750CH         LINE#         35
  C:7511H         LINE#         36
  C:7516H         LINE#         37
  -------         ENDPROC       LCD_INIT
  C:7310H         SYMBOL        L?0035
  -------         PROC          L?0034
  -------         ENDPROC       L?0034
  C:7310H         SYMBOL        L?0035
  -------         PROC          _WRITEDATA
  X:0504H         SYMBOL        dat
  C:7314H         LINE#         40
  C:7319H         LINE#         41
  C:7319H         LINE#         46
  C:731BH         LINE#         47
  C:731DH         LINE#         49
BL51 BANKED LINKER/LOCATER V6.22                                                      08/30/2019  09:47:22  PAGE 26


  C:732BH         LINE#         50
  C:7337H         LINE#         51
  C:7343H         LINE#         52
  C:734DH         LINE#         53
  C:734FH         LINE#         54
  C:7356H         LINE#         55
  C:7358H         LINE#         57
  C:7368H         LINE#         58
  C:7373H         LINE#         59
  C:737DH         LINE#         60
  C:7381H         LINE#         62
  C:7381H         LINE#         63
  C:7384H         LINE#         64
  C:7386H         LINE#         65
  C:7388H         LINE#         67
  -------         ENDPROC       _WRITEDATA
  -------         PROC          _COMMAND
  D:0007H         SYMBOL        dat
  C:7696H         LINE#         69
  C:7696H         LINE#         70
  C:7696H         LINE#         71
  C:7698H         LINE#         72
  C:769AH         LINE#         74
  C:76A4H         LINE#         75
  C:76A8H         LINE#         77
  C:76AAH         LINE#         78
  C:76B3H         LINE#         79
  C:76B7H         LINE#         81
  C:76B9H         LINE#         82
  C:76C0H         LINE#         83
  C:76C4H         LINE#         85
  C:76C6H         LINE#         86
  C:76CAH         LINE#         87
  C:76CEH         LINE#         89
  C:76D0H         LINE#         90
  C:76D0H         LINE#         91
  C:76D3H         LINE#         92
  C:76D5H         LINE#         93
  -------         ENDPROC       _COMMAND
  C:78FDH         SYMBOL        L?0037
  -------         PROC          L?0036
  -------         ENDPROC       L?0036
  C:78FDH         SYMBOL        L?0037
  -------         PROC          _WAIT_MS
  D:0006H         SYMBOL        ms
  -------         DO            
  D:0004H         SYMBOL        De_Cnt
  -------         ENDDO         
  C:7901H         LINE#         95
  C:7901H         LINE#         96
  C:7901H         LINE#         98
  C:790BH         LINE#         99
  C:790BH         LINE#         100
  C:791EH         LINE#         101
  C:791EH         LINE#         102
  -------         ENDPROC       _WAIT_MS
  -------         PROC          _DISPLAYLCD
BL51 BANKED LINKER/LOCATER V6.22                                                      08/30/2019  09:47:22  PAGE 27


  D:0007H         SYMBOL        BCD
  -------         DO            
  D:0006H         SYMBOL        first_digit
  X:0404H         SYMBOL        second_digit
  -------         ENDDO         
  C:79E6H         LINE#         103
  C:79E6H         LINE#         104
  C:79E6H         LINE#         106
  C:79EDH         LINE#         107
  C:79F6H         LINE#         109
  C:79FBH         LINE#         111
  -------         ENDPROC       _DISPLAYLCD
  -------         PROC          LCD_RETURN_HOME
  C:7B68H         LINE#         115
  C:7B68H         LINE#         116
  C:7B68H         LINE#         117
  C:7B6DH         LINE#         118
  -------         ENDPROC       LCD_RETURN_HOME
  -------         PROC          LCD_CLEAR
  C:7B72H         LINE#         121
  C:7B72H         LINE#         122
  C:7B72H         LINE#         123
  C:7B77H         LINE#         124
  -------         ENDPROC       LCD_CLEAR
  -------         PROC          _DISPLAY_LINE
  D:0006H         SYMBOL        line
  C:7A62H         LINE#         128
  C:7A62H         LINE#         129
  C:7A62H         LINE#         130
  C:7A68H         LINE#         131
  C:7A68H         LINE#         132
  C:7A6AH         LINE#         133
  C:7A6AH         LINE#         134
  C:7A6CH         LINE#         136
  C:7A6CH         LINE#         137
  C:7A71H         LINE#         138
  C:7A76H         LINE#         139
  C:7A76H         LINE#         140
  -------         ENDPROC       _DISPLAY_LINE
  -------         PROC          _DISPLAY_POS
  X:04F9H         SYMBOL        sign_dat
  -------         DO            
  X:04FDH         SYMBOL        unit
  X:04FEH         SYMBOL        ten
  X:04FFH         SYMBOL        hundred
  X:0500H         SYMBOL        thousand
  X:0501H         SYMBOL        after_dot
  X:0502H         SYMBOL        dat
  -------         ENDDO         
  C:652FH         LINE#         142
  C:6535H         LINE#         143
  C:6535H         LINE#         147
  C:6551H         LINE#         148
  C:656BH         LINE#         149
  C:658FH         LINE#         151
  C:65D9H         LINE#         153
  C:65F0H         LINE#         154
BL51 BANKED LINKER/LOCATER V6.22                                                      08/30/2019  09:47:22  PAGE 28


  C:6602H         LINE#         155
  C:6627H         LINE#         156
  C:6641H         LINE#         157
  C:6659H         LINE#         158
  C:6659H         LINE#         159
  C:6659H         LINE#         160
  C:6659H         LINE#         161
  C:6659H         LINE#         162
  C:6659H         LINE#         163
  C:6659H         LINE#         164
  C:6659H         LINE#         168
  C:665BH         LINE#         170
  C:665BH         LINE#         172
  C:6660H         LINE#         173
  C:6666H         LINE#         174
  C:666CH         LINE#         175
  C:6672H         LINE#         176
  C:6678H         LINE#         177
  C:667DH         LINE#         178
  C:6683H         LINE#         182
  C:6683H         LINE#         184
  -------         ENDPROC       _DISPLAY_POS
  -------         ENDMOD        LCD_DRIVER_SPLC780D

  -------         MODULE        KEYPAD
  C:0000H         SYMBOL        _ICE_DUMMY_
  D:0093H         PUBLIC        P0M1
  D:0080H         PUBLIC        P0
  D:0090H         PUBLIC        P1
  D:00A0H         PUBLIC        P2
  D:00B0H         PUBLIC        P3
  D:00C0H         PUBLIC        P4
  D:00C8H         PUBLIC        P5
  D:00E8H         PUBLIC        P6
  D:00F8H         PUBLIC        P7
  D:00A8H         PUBLIC        IE
  C:5F2BH         PUBLIC        Key_Scan
  D:00B8H         PUBLIC        IP
  D:00D8H         PUBLIC        CCON
  C:7B50H         PUBLIC        KeyPad_IO_Init
  C:79C8H         PUBLIC        _Delay_ms
  D:0098H         PUBLIC        SCON
  D:0088H         PUBLIC        TCON
  X:0655H         PUBLIC        small_move
  X:0657H         PUBLIC        move
  X:0659H         PUBLIC        auto_mode
  X:065BH         PUBLIC        direction
  X:065DH         PUBLIC        SPI_NOR_ClearEnable
  C:566BH         PUBLIC        Key_Process
  D:00D0H         PUBLIC        PSW
  D:0094H         PUBLIC        P0M0
  -------         PROC          _DELAY_MS
  D:0006H         SYMBOL        ms
  -------         DO            
  D:0004H         SYMBOL        De_Cnt
  -------         ENDDO         
  C:79C8H         LINE#         20
BL51 BANKED LINKER/LOCATER V6.22                                                      08/30/2019  09:47:22  PAGE 29


  C:79C8H         LINE#         21
  C:79C8H         LINE#         23
  C:79D2H         LINE#         24
  C:79D2H         LINE#         25
  C:79E5H         LINE#         26
  C:79E5H         LINE#         27
  -------         ENDPROC       _DELAY_MS
  -------         PROC          KEY_SCAN
  -------         DO            
  X:040AH         SYMBOL        KeyTemp1
  X:040BH         SYMBOL        KeyTemp2
  X:040CH         SYMBOL        KeyValue
  -------         ENDDO         
  C:5F2BH         LINE#         28
  C:5F2BH         LINE#         29
  C:5F2BH         LINE#         34
  C:5F2EH         LINE#         37
  C:5F31H         LINE#         39
  C:5F39H         LINE#         40
  C:5F40H         LINE#         41
  C:5F40H         LINE#         43
  C:5F45H         LINE#         44
  C:5F4CH         LINE#         45
  C:5F4CH         LINE#         48
  C:5F4FH         LINE#         49
  C:5F52H         LINE#         50
  C:5F57H         LINE#         51
  C:5F5BH         LINE#         52
  C:5F5BH         LINE#         53
  C:5F63H         LINE#         54
  C:5F63H         LINE#         55
  C:5F66H         LINE#         56
  C:5F6EH         LINE#         57
  C:5F70H         LINE#         59
  C:5F84H         LINE#         60
  C:5F84H         LINE#         61
  C:5F84H         LINE#         62
  C:5F84H         LINE#         63
  C:5F8AH         LINE#         65
  C:5F8CH         LINE#         66
  C:5F8CH         LINE#         67
  C:5F8CH         LINE#         68
  C:5F92H         LINE#         70
  C:5F94H         LINE#         71
  C:5F94H         LINE#         72
  C:5F94H         LINE#         73
  C:5F9AH         LINE#         75
  C:5F9CH         LINE#         76
  C:5F9CH         LINE#         77
  C:5F9CH         LINE#         78
  C:5FA2H         LINE#         80
  C:5FA2H         LINE#         81
  C:5FA2H         LINE#         82
  C:5FA2H         LINE#         85
  C:5FA5H         LINE#         86
  C:5FA8H         LINE#         87
  C:5FB0H         LINE#         88
BL51 BANKED LINKER/LOCATER V6.22                                                      08/30/2019  09:47:22  PAGE 30


  C:5FB4H         LINE#         89
  C:5FB4H         LINE#         90
  C:5FBCH         LINE#         91
  C:5FBCH         LINE#         92
  C:5FBFH         LINE#         93
  C:5FC7H         LINE#         94
  C:5FC9H         LINE#         95
  C:5FDDH         LINE#         96
  C:5FDDH         LINE#         97
  C:5FDDH         LINE#         98
  C:5FDDH         LINE#         99
  C:5FE3H         LINE#         101
  C:5FE5H         LINE#         102
  C:5FE5H         LINE#         103
  C:5FE5H         LINE#         104
  C:5FEBH         LINE#         106
  C:5FEDH         LINE#         107
  C:5FEDH         LINE#         108
  C:5FEDH         LINE#         109
  C:5FF3H         LINE#         111
  C:5FF5H         LINE#         112
  C:5FF5H         LINE#         113
  C:5FF5H         LINE#         114
  C:5FFAH         LINE#         116
  C:5FFAH         LINE#         117
  C:5FFAH         LINE#         118
  C:5FFAH         LINE#         121
  C:5FFDH         LINE#         122
  C:6000H         LINE#         123
  C:6008H         LINE#         124
  C:600CH         LINE#         125
  C:600CH         LINE#         126
  C:6014H         LINE#         127
  C:6014H         LINE#         128
  C:6017H         LINE#         129
  C:601FH         LINE#         130
  C:6021H         LINE#         131
  C:6035H         LINE#         132
  C:6035H         LINE#         133
  C:6035H         LINE#         134
  C:6035H         LINE#         135
  C:603BH         LINE#         137
  C:603DH         LINE#         138
  C:603DH         LINE#         139
  C:603DH         LINE#         140
  C:6043H         LINE#         142
  C:6045H         LINE#         143
  C:6045H         LINE#         144
  C:6045H         LINE#         145
  C:604BH         LINE#         147
  C:604DH         LINE#         148
  C:604DH         LINE#         149
  C:604DH         LINE#         150
  C:6053H         LINE#         152
  C:6053H         LINE#         153
  C:6053H         LINE#         154
  C:6053H         LINE#         158
BL51 BANKED LINKER/LOCATER V6.22                                                      08/30/2019  09:47:22  PAGE 31


  C:6056H         LINE#         159
  C:6059H         LINE#         160
  C:6061H         LINE#         161
  C:6065H         LINE#         162
  C:6065H         LINE#         163
  C:606DH         LINE#         164
  C:606DH         LINE#         165
  C:6070H         LINE#         166
  C:6078H         LINE#         167
  C:607AH         LINE#         168
  C:608EH         LINE#         169
  C:608EH         LINE#         170
  C:608EH         LINE#         171
  C:608EH         LINE#         172
  C:6094H         LINE#         174
  C:6096H         LINE#         175
  C:6096H         LINE#         176
  C:6096H         LINE#         177
  C:609CH         LINE#         179
  C:609EH         LINE#         180
  C:609EH         LINE#         181
  C:609EH         LINE#         182
  C:60A4H         LINE#         184
  C:60A6H         LINE#         185
  C:60A6H         LINE#         186
  C:60A6H         LINE#         187
  C:60ACH         LINE#         189
  C:60ACH         LINE#         190
  C:60ACH         LINE#         191
  C:60ACH         LINE#         193
  C:60B2H         LINE#         194
  C:60B2H         LINE#         196
  C:60B2H         LINE#         197
  C:60B5H         LINE#         198
  C:60B5H         LINE#         199
  C:60B5H         LINE#         201
  C:60B5H         LINE#         202
  C:60B7H         LINE#         203
  C:60B7H         LINE#         204
  -------         ENDPROC       KEY_SCAN
  -------         PROC          KEY_PROCESS
  -------         DO            
  X:0646H         SYMBOL        KeyCount
  X:0647H         SYMBOL        KeyNum_Old
  X:0649H         SYMBOL        KeyNum
  X:064BH         SYMBOL        PressedKey
  X:0404H         SYMBOL        d
  D:0002H         SYMBOL        hours
  D:0006H         SYMBOL        mins
  X:0406H         SYMBOL        months
  X:0408H         SYMBOL        days
  -------         ENDDO         
  C:566BH         LINE#         205
  C:566BH         LINE#         206
  C:566BH         LINE#         210
  C:567AH         LINE#         211
  C:5687H         LINE#         213
BL51 BANKED LINKER/LOCATER V6.22                                                      08/30/2019  09:47:22  PAGE 32


  C:568BH         LINE#         214
  C:568BH         LINE#         215
  C:5691H         LINE#         217
  C:5691H         LINE#         218
  C:56A8H         LINE#         219
  C:56A8H         LINE#         220
  C:56B2H         LINE#         221
  C:56B8H         LINE#         223
  C:56BEH         LINE#         225
  C:56BEH         LINE#         226
  C:56D5H         LINE#         227
  C:56D5H         LINE#         228
  C:56DAH         LINE#         230
  C:56DAH         LINE#         231
  C:56EAH         LINE#         232
  C:56EAH         LINE#         233
  C:56F0H         LINE#         235
  C:56F0H         LINE#         236
  C:5702H         LINE#         237
  C:5702H         LINE#         238
  C:570CH         LINE#         239
  C:5714H         LINE#         241
  C:571DH         LINE#         243
  C:571DH         LINE#         252
  C:573CH         LINE#         253
  C:573CH         LINE#         254
  C:575BH         LINE#         255
  C:5761H         LINE#         256
  C:5769H         LINE#         257
  C:5769H         LINE#         259
  C:576AH         LINE#         265
  C:5776H         LINE#         266
  C:5776H         LINE#         267
  C:5793H         LINE#         268
  C:57AAH         LINE#         269
  C:57C1H         LINE#         270
  C:57C1H         LINE#         271
  C:57D4H         LINE#         272
  C:57E7H         LINE#         273
  C:57E7H         LINE#         274
  C:57E7H         LINE#         275
  C:57EAH         LINE#         280
  C:57F9H         LINE#         281
  C:57F9H         LINE#         282
  C:581CH         LINE#         283
  C:5839H         LINE#         284
  C:5842H         LINE#         285
  C:5842H         LINE#         286
  C:5849H         LINE#         287
  C:5849H         LINE#         288
  C:585AH         LINE#         289
  C:585AH         LINE#         290
  C:5869H         LINE#         291
  C:5869H         LINE#         292
  C:5869H         LINE#         293
  C:586CH         LINE#         295
  C:586CH         LINE#         296
BL51 BANKED LINKER/LOCATER V6.22                                                      08/30/2019  09:47:22  PAGE 33


  C:5878H         LINE#         297
  C:5878H         LINE#         298
  C:588AH         LINE#         299
  C:588AH         LINE#         300
  C:589AH         LINE#         301
  C:589AH         LINE#         302
  C:589AH         LINE#         304
  C:589CH         LINE#         306
  C:589CH         LINE#         307
  C:58ABH         LINE#         308
  C:58ABH         LINE#         309
  C:58BBH         LINE#         310
  C:58BBH         LINE#         311
  C:58BBH         LINE#         313
  C:58BBH         LINE#         315
  C:58BBH         LINE#         316
  C:58BDH         LINE#         318
  C:58BDH         LINE#         319
  C:58C4H         LINE#         320
  C:58C4H         LINE#         321
  C:58D3H         LINE#         322
  C:58D3H         LINE#         323
  C:58E3H         LINE#         324
  C:58E3H         LINE#         325
  C:58E3H         LINE#         326
  C:58E5H         LINE#         328
  C:58E5H         LINE#         329
  C:58F4H         LINE#         330
  C:58F4H         LINE#         331
  C:5907H         LINE#         332
  C:591AH         LINE#         333
  C:591AH         LINE#         334
  C:591AH         LINE#         335
  C:591AH         LINE#         336
  C:5923H         LINE#         338
  C:5923H         LINE#         340
  C:595DH         LINE#         341
  C:595DH         LINE#         342
  C:5964H         LINE#         343
  C:5964H         LINE#         344
  C:596EH         LINE#         345
  C:596EH         LINE#         346
  C:5971H         LINE#         347
  C:5976H         LINE#         348
  C:597BH         LINE#         349
  C:5980H         LINE#         350
  C:5985H         LINE#         351
  C:598AH         LINE#         352
  C:598FH         LINE#         353
  C:5994H         LINE#         354
  C:5994H         LINE#         355
  C:5994H         LINE#         357
  C:59B2H         LINE#         358
  C:59B2H         LINE#         359
  C:59B9H         LINE#         360
  C:59B9H         LINE#         361
  C:59BEH         LINE#         362
BL51 BANKED LINKER/LOCATER V6.22                                                      08/30/2019  09:47:22  PAGE 34


  C:59C7H         LINE#         363
  C:59E6H         LINE#         364
  C:59E6H         LINE#         365
  C:59F6H         LINE#         367
  C:59F6H         LINE#         371
  -------         ENDPROC       KEY_PROCESS
  -------         PROC          KEYPAD_IO_INIT
  C:7B50H         LINE#         374
  C:7B50H         LINE#         375
  C:7B50H         LINE#         376
  C:7B53H         LINE#         377
  C:7B56H         LINE#         378
  C:7B59H         LINE#         379
  C:7B5BH         LINE#         380
  -------         ENDPROC       KEYPAD_IO_INIT
  -------         ENDMOD        KEYPAD

[...]
  C:6134H         LINE#         328
  C:6137H         LINE#         330
  C:6151H         LINE#         331
  C:6151H         LINE#         332
  C:6151H         LINE#         334
  C:6154H         LINE#         336
  C:616EH         LINE#         337
  C:616EH         LINE#         338
  C:616EH         LINE#         340
  C:6171H         LINE#         342
  C:618BH         LINE#         343
  C:618BH         LINE#         344
  C:618BH         LINE#         346
  C:618EH         LINE#         348
  C:61A8H         LINE#         349
  C:61A8H         LINE#         350
  C:61A8H         LINE#         352
  C:61ABH         LINE#         354
  C:61C5H         LINE#         355
  C:61C5H         LINE#         356
  C:61C5H         LINE#         358
  C:61C8H         LINE#         360
  C:61E2H         LINE#         361
  C:61E2H         LINE#         362
  C:61E2H         LINE#         364
  C:61E5H         LINE#         366
  C:61FFH         LINE#         367
  C:61FFH         LINE#         368
  C:61FFH         LINE#         370
  C:6202H         LINE#         372
  C:621CH         LINE#         373
  C:6223H         LINE#         374
  -------         ENDPROC       SPI_NOR_WRITE_DATA
  -------         ENDMOD        AT25SF041

  -------         MODULE        SI1120
  C:0000H         SYMBOL        _ICE_DUMMY_
  D:0080H         PUBLIC        P0
  D:00B2H         PUBLIC        P3M0
  D:0090H         PUBLIC        P1
  D:00B1H         PUBLIC        P3M1
  D:00A0H         PUBLIC        P2
  D:00B0H         PUBLIC        P3
  D:00C0H         PUBLIC        P4
  D:00C8H         PUBLIC        P5
  B:00A8H.7       PUBLIC        EA
  D:00E8H         PUBLIC        P6
  D:00F8H         PUBLIC        P7
  D:00A8H         PUBLIC        IE
BL51 BANKED LINKER/LOCATER V6.22                                                      08/30/2019  09:47:22  PAGE 57


  D:00B8H         PUBLIC        IP
  C:7784H         PUBLIC        SI1120_CONFIG_MODE_VIRH
  D:00D8H         PUBLIC        CCON
  D:0098H         PUBLIC        SCON
  D:0088H         PUBLIC        TCON
  C:7B36H         PUBLIC        Enable_EXTINT0
  B:0090H.5       PUBLIC        SI1120_STX
  B:0088H.0       PUBLIC        IT0
  B:00A8H.0       PUBLIC        EX0
  B:0090H.4       PUBLIC        SI1120_MD
  B:0090H.6       PUBLIC        SI1120_SC
  D:00D0H         PUBLIC        PSW
  -------         PROC          SI1120_CONFIG_MODE_VIRH
  C:7784H         LINE#         4
  C:7784H         LINE#         5
  C:7784H         LINE#         6
  C:7786H         LINE#         7
  C:7788H         LINE#         8
  C:778AH         LINE#         10
  C:7791H         LINE#         11
  C:7793H         LINE#         13
  C:7795H         LINE#         14
  C:7797H         LINE#         16
  C:779EH         LINE#         18
  C:77A0H         LINE#         20
  C:77A7H         LINE#         23
  C:77A9H         LINE#         25
  C:77ABH         LINE#         27
  C:77B2H         LINE#         29
  C:77B4H         LINE#         31
  -------         ENDPROC       SI1120_CONFIG_MODE_VIRH
  -------         PROC          ENABLE_EXTINT0
  C:7B36H         LINE#         33
  C:7B36H         LINE#         34
  C:7B36H         LINE#         35
  C:7B39H         LINE#         36
  C:7B3CH         LINE#         37
  C:7B3EH         LINE#         38
  C:7B40H         LINE#         39
  C:7B42H         LINE#         40
  -------         ENDPROC       ENABLE_EXTINT0
  -------         ENDMOD        SI1120

  -------         MODULE        UART1
  C:0000H         SYMBOL        _ICE_DUMMY_
  D:0080H         PUBLIC        P0
  D:0090H         PUBLIC        P1
  D:00A0H         PUBLIC        P2
  D:00B0H         PUBLIC        P3
  D:00C0H         PUBLIC        P4
  D:00C8H         PUBLIC        P5
  C:7943H         PUBLIC        _uart1_SendToTCPServer
  B:00A8H.7       PUBLIC        EA
  D:00E8H         PUBLIC        P6
  D:00F8H         PUBLIC        P7
  C:7751H         PUBLIC        _SendString
  D:00A8H         PUBLIC        IE
BL51 BANKED LINKER/LOCATER V6.22                                                      08/30/2019  09:47:22  PAGE 58


  B:00A8H.4       PUBLIC        ES
  D:00B8H         PUBLIC        IP
  C:7A35H         PUBLIC        _ASCIItoBCD
  D:00D8H         PUBLIC        CCON
  C:7AEBH         PUBLIC        initUART1
  D:0098H         PUBLIC        SCON
  D:0088H         PUBLIC        TCON
  C:7BA4H         PUBLIC        _DectoBCD
  C:001EH         PUBLIC        _ASCII_Letter
  D:008EH         PUBLIC        AUXR
  C:0006H         PUBLIC        _unit
  C:7B9DH         PUBLIC        _ten
  D:00D6H         PUBLIC        T2H
  D:00D7H         PUBLIC        T2L
  C:7B8EH         PUBLIC        uart1_InitTCPConn
  D:00D0H         PUBLIC        PSW
  -------         PROC          INITUART1
  C:7AEBH         LINE#         24
  C:7AEBH         LINE#         25
  C:7AEBH         LINE#         26
  C:7AEEH         LINE#         27
  C:7AF1H         LINE#         28
  C:7AF4H         LINE#         29
  C:7AF7H         LINE#         30
  C:7AF9H         LINE#         31
  C:7AFBH         LINE#         33
  -------         ENDPROC       INITUART1
  -------         PROC          _SENDSTRING
  X:04F9H         SYMBOL        s
  C:7751H         LINE#         36
  C:775CH         LINE#         37
  C:775CH         LINE#         38
  C:776CH         LINE#         39
  C:776CH         LINE#         40
  C:7781H         LINE#         41
  C:7783H         LINE#         42
  -------         ENDPROC       _SENDSTRING
  -------         PROC          _TEN
  D:0007H         SYMBOL        BCD
  C:7B9DH         LINE#         44
  C:7B9DH         LINE#         45
  C:7B9DH         LINE#         46
  C:7BA2H         LINE#         47
  -------         ENDPROC       _TEN
  -------         PROC          _UNIT
  D:0007H         SYMBOL        BCD
  C:0006H         LINE#         48
  C:0006H         LINE#         49
  C:0006H         LINE#         53
  C:000AH         LINE#         54
  -------         ENDPROC       _UNIT
  -------         PROC          _DECTOBCD
  D:0007H         SYMBOL        dec
  C:7BA4H         LINE#         55
  C:7BA4H         LINE#         56
  C:7BA4H         LINE#         58
  C:7BA4H         LINE#         59
BL51 BANKED LINKER/LOCATER V6.22                                                      08/30/2019  09:47:22  PAGE 59


  -------         ENDPROC       _DECTOBCD
  -------         PROC          _ASCII_LETTER
  D:0007H         SYMBOL        dat
  C:001EH         LINE#         61
  C:001EH         LINE#         62
  C:001EH         LINE#         64
  C:0022H         LINE#         65
  -------         ENDPROC       _ASCII_LETTER
  -------         PROC          _ASCIITOBCD
  D:0001H         SYMBOL        ascii
  -------         DO            
  D:0007H         SYMBOL        dec_val
  D:0006H         SYMBOL        ten
  D:0007H         SYMBOL        unit
  -------         ENDDO         
  C:7A35H         LINE#         67
  C:7A35H         LINE#         68
  C:7A35H         LINE#         70
  C:7A38H         LINE#         71
  C:7A3EH         LINE#         72
  C:7A45H         LINE#         73
  C:7A4BH         LINE#         75
  -------         ENDPROC       _ASCIITOBCD
  -------         PROC          UART1_INITTCPCONN
  C:7B8EH         LINE#         77
  C:7B8EH         LINE#         78
  C:7B8EH         LINE#         82
  -------         ENDPROC       UART1_INITTCPCONN
  -------         PROC          _UART1_SENDTOTCPSERVER
  X:0404H         SYMBOL        str
  C:7943H         LINE#         85
  C:794EH         LINE#         86
  C:794EH         LINE#         87
  C:7957H         LINE#         88
  C:795EH         LINE#         89
  -------         ENDPROC       _UART1_SENDTOTCPSERVER
  -------         ENDMOD        UART1

  -------         MODULE        ?C_STARTUP
  C:71FCH         SEGMENT       ?C_C51STARTUP
  I:0022H         SEGMENT       ?STACK
  C:0000H         PUBLIC        ?C_STARTUP
  D:00E0H         SYMBOL        ACC
  D:00F0H         SYMBOL        B
  D:0083H         SYMBOL        DPH
  D:0082H         SYMBOL        DPL
  N:0000H         SYMBOL        IBPSTACK
  N:0100H         SYMBOL        IBPSTACKTOP
  N:0080H         SYMBOL        IDATALEN
  C:71FFH         SYMBOL        IDATALOOP
  N:0000H         SYMBOL        PBPSTACK
  N:0100H         SYMBOL        PBPSTACKTOP
  N:0000H         SYMBOL        PDATALEN
  N:0000H         SYMBOL        PDATASTART
  N:0000H         SYMBOL        PPAGE
  N:0000H         SYMBOL        PPAGEENABLE
  D:00A0H         SYMBOL        PPAGE_SFR
BL51 BANKED LINKER/LOCATER V6.22                                                      08/30/2019  09:47:22  PAGE 60


  D:0081H         SYMBOL        SP
  C:71FCH         SYMBOL        STARTUP1
  N:0000H         SYMBOL        XBPSTACK
  N:0000H         SYMBOL        XBPSTACKTOP
  N:0000H         SYMBOL        XDATALEN
  N:0000H         SYMBOL        XDATASTART
  C:0000H         LINE#         126
  C:71FCH         LINE#         133
  C:71FEH         LINE#         134
  C:71FFH         LINE#         135
  C:7200H         LINE#         136
  C:7202H         LINE#         185
  C:7205H         LINE#         196
  -------         ENDMOD        ?C_STARTUP

  -------         MODULE        ?C?FPADD
  C:22EAH         PUBLIC        ?C?FPADD
  C:22E6H         PUBLIC        ?C?FPSUB
  -------         ENDMOD        ?C?FPADD

  -------         MODULE        ?C?FPMUL
  C:23DBH         PUBLIC        ?C?FPMUL
  -------         ENDMOD        ?C?FPMUL

  -------         MODULE        ?C?FPDIV
  C:24E4H         PUBLIC        ?C?FPDIV
  -------         ENDMOD        ?C?FPDIV

  -------         MODULE        ?C?FPCMP
  C:2583H         PUBLIC        ?C?FPCMP
  C:2581H         PUBLIC        ?C?FPCMP3
  -------         ENDMOD        ?C?FPCMP

  -------         MODULE        ?C?FPNEG
  C:25FAH         PUBLIC        ?C?FPNEG
  -------         ENDMOD        ?C?FPNEG

  -------         MODULE        ?C?FCAST
  C:2615H         PUBLIC        ?C?FCASTC
  C:2610H         PUBLIC        ?C?FCASTI
  C:260BH         PUBLIC        ?C?FCASTL
  -------         ENDMOD        ?C?FCAST

  -------         MODULE        ?C?CASTF
  C:2649H         PUBLIC        ?C?CASTF
  -------         ENDMOD        ?C?CASTF

  -------         MODULE        PRINTF
  X:04F9H         PUBLIC        ?_PRINTF?BYTE
  X:04F9H         PUBLIC        ?_SPRINTF?BYTE
  C:49EFH         PUBLIC        _PRINTF
  C:49E9H         PUBLIC        _SPRINTF
  -------         ENDMOD        PRINTF

  -------         MODULE        FABS
  C:7B43H         PUBLIC        _FABS
  -------         ENDMOD        FABS
BL51 BANKED LINKER/LOCATER V6.22                                                      08/30/2019  09:47:22  PAGE 61



  -------         MODULE        ATAN2
  X:04ABH         PUBLIC        ?_atan2?BYTE
  C:7029H         PUBLIC        _atan2
  -------         ENDMOD        ATAN2

  -------         MODULE        SIN
  C:6289H         PUBLIC        _COS
  C:629FH         PUBLIC        _SIN
  C:62DBH         PUBLIC        _TAN
  -------         ENDMOD        SIN

  -------         MODULE        ACOS
  C:7608H         PUBLIC        _ACOS
  -------         ENDMOD        ACOS

  -------         MODULE        ASIN
  C:7716H         PUBLIC        _ASIN
  -------         ENDMOD        ASIN

  -------         MODULE        POW
  X:03BCH         PUBLIC        ?_pow?BYTE
  C:63C9H         PUBLIC        _pow
  -------         ENDMOD        POW

  -------         MODULE        ?C?CHKFLOAT
  C:26CAH         PUBLIC        ?C?CHKFLOAT
  -------         ENDMOD        ?C?CHKFLOAT

  -------         MODULE        ?C?FPROUND
  C:26E4H         PUBLIC        ?C?FPROUND
  -------         ENDMOD        ?C?FPROUND

  -------         MODULE        ?C?FPCONVERT
  C:2721H         PUBLIC        ?C?FPCONVERT
  -------         ENDMOD        ?C?FPCONVERT

  -------         MODULE        EXP
  C:719AH         PUBLIC        _EXP
  -------         ENDMOD        EXP

  -------         MODULE        LOG
  C:66B8H         PUBLIC        _LOG
  C:66B4H         PUBLIC        _LOG10
  -------         ENDMOD        LOG

  -------         MODULE        SQRT
  C:6EE0H         PUBLIC        _SQRT
  -------         ENDMOD        SQRT

  -------         MODULE        ATAN
  C:67CDH         PUBLIC        _ATAN
  -------         ENDMOD        ATAN

  -------         MODULE        ?C?FTNPWR
  C:28A3H         PUBLIC        ?C?FTNPWR
  -------         ENDMOD        ?C?FTNPWR
BL51 BANKED LINKER/LOCATER V6.22                                                      08/30/2019  09:47:22  PAGE 62



  -------         MODULE        ?C?COPY
  C:29B3H         PUBLIC        ?C?COPY
  -------         ENDMOD        ?C?COPY

  -------         MODULE        ?C?CLDPTR
  C:29D9H         PUBLIC        ?C?CLDPTR
  -------         ENDMOD        ?C?CLDPTR

  -------         MODULE        ?C?CLDOPTR
  C:29F2H         PUBLIC        ?C?CLDOPTR
  -------         ENDMOD        ?C?CLDOPTR

  -------         MODULE        ?C?CSTPTR
  C:2A1FH         PUBLIC        ?C?CSTPTR
  -------         ENDMOD        ?C?CSTPTR

  -------         MODULE        ?C?IMUL
  C:2A31H         PUBLIC        ?C?IMUL
  -------         ENDMOD        ?C?IMUL

  -------         MODULE        ?C?UIDIV
  C:2A43H         PUBLIC        ?C?UIDIV
  -------         ENDMOD        ?C?UIDIV

  -------         MODULE        ?C?SIDIV
  C:2A98H         PUBLIC        ?C?SIDIV
  -------         ENDMOD        ?C?SIDIV

  -------         MODULE        ?C?ILDIX
  C:2ACEH         PUBLIC        ?C?ILDIX
  -------         ENDMOD        ?C?ILDIX

  -------         MODULE        ?C?ILDOPTR
  C:2AE4H         PUBLIC        ?C?ILDOPTR
  -------         ENDMOD        ?C?ILDOPTR

  -------         MODULE        ?C?ISTPTR
  C:2B1CH         PUBLIC        ?C?ISTPTR
  -------         ENDMOD        ?C?ISTPTR

  -------         MODULE        ?C?LMUL
  C:2B3BH         PUBLIC        ?C?LMUL
  -------         ENDMOD        ?C?LMUL

  -------         MODULE        ?C?SLDIV
  C:7652H         PUBLIC        ?C?SLDIV
  -------         ENDMOD        ?C?SLDIV

  -------         MODULE        ?C?LNEG
  C:2B8AH         PUBLIC        ?C?LNEG
  -------         ENDMOD        ?C?LNEG

  -------         MODULE        ?C?ULCMP
  C:2B98H         PUBLIC        ?C?ULCMP
  -------         ENDMOD        ?C?ULCMP

BL51 BANKED LINKER/LOCATER V6.22                                                      08/30/2019  09:47:22  PAGE 63


  -------         MODULE        ?C?LSHL
  C:2BA9H         PUBLIC        ?C?LSHL
  -------         ENDMOD        ?C?LSHL

  -------         MODULE        ?C?LLDPTR
  C:2BBCH         PUBLIC        ?C?LLDPTR
  -------         ENDMOD        ?C?LLDPTR

  -------         MODULE        ?C?LLDOPTR
  C:2BDCH         PUBLIC        ?C?LLDOPTR
  -------         ENDMOD        ?C?LLDOPTR

  -------         MODULE        ?C?LSTPTR
  C:2C0CH         PUBLIC        ?C?LSTPTR
  -------         ENDMOD        ?C?LSTPTR

  -------         MODULE        ?C?LSTOPTR
  C:2C26H         PUBLIC        ?C?LSTOPTR
  -------         ENDMOD        ?C?LSTOPTR

  -------         MODULE        ?C?LLDXDATA
  C:2C4AH         PUBLIC        ?C?LLDXDATA
  -------         ENDMOD        ?C?LLDXDATA

  -------         MODULE        ?C?LLDCODE
  C:2C56H         PUBLIC        ?C?LLDCODE
  -------         ENDMOD        ?C?LLDCODE

  -------         MODULE        ?C?LLDXDATA0
  C:2C66H         PUBLIC        ?C?LLDXDATA0
  -------         ENDMOD        ?C?LLDXDATA0

  -------         MODULE        ?C?LLDCODE0
  C:2C72H         PUBLIC        ?C?LLDCODE0
  -------         ENDMOD        ?C?LLDCODE0

  -------         MODULE        ?C?LLDPTR0
  C:2C82H         PUBLIC        ?C?LLDPTR0
  -------         ENDMOD        ?C?LLDPTR0

  -------         MODULE        ?C?LSTXDATA
  C:2CA2H         PUBLIC        ?C?LSTXDATA
  -------         ENDMOD        ?C?LSTXDATA

  -------         MODULE        ?C?LSTKXDATA
  C:2CAEH         PUBLIC        ?C?LSTKXDATA
  -------         ENDMOD        ?C?LSTKXDATA

  -------         MODULE        ?C?LSTKPTR
  C:2CDFH         PUBLIC        ?C?LSTKPTR
  -------         ENDMOD        ?C?LSTKPTR

  -------         MODULE        ?C?OFFXADD
  C:2CF9H         PUBLIC        ?C?OFFXADD
  -------         ENDMOD        ?C?OFFXADD

  -------         MODULE        ?C?PLDIXDATA
BL51 BANKED LINKER/LOCATER V6.22                                                      08/30/2019  09:47:22  PAGE 64


  C:2D05H         PUBLIC        ?C?PLDIXDATA
  -------         ENDMOD        ?C?PLDIXDATA

  -------         MODULE        ?C?PSTXDATA
  C:2D1CH         PUBLIC        ?C?PSTXDATA
  -------         ENDMOD        ?C?PSTXDATA

  -------         MODULE        ?C?CCASE
  C:2D25H         PUBLIC        ?C?CCASE
  -------         ENDMOD        ?C?CCASE

  -------         MODULE        PUTCHAR
  C:78D4H         PUBLIC        _PUTCHAR
  -------         ENDMOD        PUTCHAR

  -------         MODULE        ABS
  C:7B5CH         PUBLIC        _ABS
  -------         ENDMOD        ABS

  -------         MODULE        ATOI
  C:6BD6H         PUBLIC        _atoi
  -------         ENDMOD        ATOI

  -------         MODULE        ?C?IILDX
  C:2D4BH         PUBLIC        ?C?IILDX
  -------         ENDMOD        ?C?IILDX

  -------         MODULE        ?C?ULDIV
  C:2D9DH         PUBLIC        ?C?ULDIV
  -------         ENDMOD        ?C?ULDIV

  -------         MODULE        ?C?LLDIDATA
  C:2E2FH         PUBLIC        ?C?LLDIDATA
  -------         ENDMOD        ?C?LLDIDATA

  -------         MODULE        ?C?LLDPDATA
  C:2E3BH         PUBLIC        ?C?LLDPDATA
  -------         ENDMOD        ?C?LLDPDATA

  -------         MODULE        ?C?LLDIDATA0
  C:2E47H         PUBLIC        ?C?LLDIDATA0
  -------         ENDMOD        ?C?LLDIDATA0

  -------         MODULE        ?C?LLDPDATA0
  C:2E54H         PUBLIC        ?C?LLDPDATA0
  -------         ENDMOD        ?C?LLDPDATA0

  -------         MODULE        ?C?LSTIDATA
  C:2E61H         PUBLIC        ?C?LSTIDATA
  -------         ENDMOD        ?C?LSTIDATA

  -------         MODULE        ?C?LSTPDATA
  C:2E6DH         PUBLIC        ?C?LSTPDATA
  -------         ENDMOD        ?C?LSTPDATA

  -------         MODULE        ?C?LSTKIDATA
  C:2E79H         PUBLIC        ?C?LSTKIDATA
BL51 BANKED LINKER/LOCATER V6.22                                                      08/30/2019  09:47:22  PAGE 65


  -------         ENDMOD        ?C?LSTKIDATA

  -------         MODULE        ?C?LSTKPDATA
  C:2E92H         PUBLIC        ?C?LSTKPDATA
  -------         ENDMOD        ?C?LSTKPDATA

  -------         MODULE        ISDIGIT
  C:7B1AH         PUBLIC        _isdigit
  -------         ENDMOD        ISDIGIT

  -------         MODULE        ISSPACE
  C:7AB5H         PUBLIC        _isspace
  -------         ENDMOD        ISSPACE

*** WARNING L16: UNCALLED SEGMENT, IGNORED FOR OVERLAY PROCESS
    SEGMENT: ?PR?_DAY_OF_YEAR?PCF85063BTL

*** WARNING L16: UNCALLED SEGMENT, IGNORED FOR OVERLAY PROCESS
    SEGMENT: ?PR?_FINDCLOSESTSAMEDAYCALIBTIME?CALIBRATION

*** WARNING L16: UNCALLED SEGMENT, IGNORED FOR OVERLAY PROCESS
    SEGMENT: ?PR?NOP?IOEXPANDER_PI4IOE5V96248

*** WARNING L16: UNCALLED SEGMENT, IGNORED FOR OVERLAY PROCESS
    SEGMENT: ?PR?UC_ACK?IOEXPANDER_PI4IOE5V96248

*** WARNING L16: UNCALLED SEGMENT, IGNORED FOR OVERLAY PROCESS
    SEGMENT: ?PR?UC_NACK?IOEXPANDER_PI4IOE5V96248

*** WARNING L16: UNCALLED SEGMENT, IGNORED FOR OVERLAY PROCESS
    SEGMENT: ?PR?_TEN?UART1

*** WARNING L16: UNCALLED SEGMENT, IGNORED FOR OVERLAY PROCESS
    SEGMENT: ?PR?_UNIT?UART1

*** WARNING L16: UNCALLED SEGMENT, IGNORED FOR OVERLAY PROCESS
    SEGMENT: ?PR?_DECTOBCD?UART1

*** WARNING L16: UNCALLED SEGMENT, IGNORED FOR OVERLAY PROCESS
    SEGMENT: ?PR?_ASCII_LETTER?UART1

*** WARNING L16: UNCALLED SEGMENT, IGNORED FOR OVERLAY PROCESS
    SEGMENT: ?PR?_ASCIITOBCD?UART1

Program Size: data=15.4 xdata=1638 code=31653
LINK/LOCATE RUN COMPLETE.  10 WARNING(S),  0 ERROR(S)
