BL51 BANKED LINKER/LOCATER V6.22                                                        05/28/2019  13:42:09  PAGE 1


BL51 BANKED LINKER/LOCATER V6.22, INVOKED BY:
C:\KEIL_V5\C51\BIN\BL51.EXE .\Obj\main.obj, .\Obj\PCF85063BTL.obj, .\Obj\LCd_Driver_SPLC780D.obj, .\Obj\KeyPad.obj, .\Ob
>> j\BipolarMotor.obj, .\Obj\SunPos.obj, .\Obj\ADC.obj, .\Obj\Calibration.obj, .\Obj\IOExpander_PI4IOE5V96248.obj, .\Obj
>> \AT25SF041.obj, .\Obj\SI1120.obj, .\Obj\UART1.obj, .\Obj\STARTUP.obj TO .\Obj\GPIO_RTC_Test PRINT (.\Lis\GPIO_RTC_Tes
>> t.m51) RAMSIZE (256)


MEMORY MODEL: LARGE WITH FLOATING POINT ARITHMETIC


INPUT MODULES INCLUDED:
  .\Obj\main.obj (MAIN)
  .\Obj\PCF85063BTL.obj (PCF85063BTL)
  .\Obj\LCd_Driver_SPLC780D.obj (LCD_DRIVER_SPLC780D)
  .\Obj\KeyPad.obj (KEYPAD)
  .\Obj\BipolarMotor.obj (BIPOLARMOTOR)
  .\Obj\SunPos.obj (SUNPOS)
  .\Obj\ADC.obj (ADC)
  .\Obj\Calibration.obj (CALIBRATION)
  .\Obj\IOExpander_PI4IOE5V96248.obj (IOEXPANDER_PI4IOE5V96248)
  .\Obj\AT25SF041.obj (AT25SF041)
  .\Obj\SI1120.obj (SI1120)
  .\Obj\UART1.obj (UART1)
  .\Obj\STARTUP.obj (?C_STARTUP)
  C:\KEIL_V5\C51\LIB\C51FPL.LIB (?C?FPADD)
  C:\KEIL_V5\C51\LIB\C51FPL.LIB (?C?FPMUL)
  C:\KEIL_V5\C51\LIB\C51FPL.LIB (?C?FPDIV)
  C:\KEIL_V5\C51\LIB\C51FPL.LIB (?C?FPCMP)
  C:\KEIL_V5\C51\LIB\C51FPL.LIB (?C?FPNEG)
  C:\KEIL_V5\C51\LIB\C51FPL.LIB (?C?FCAST)
  C:\KEIL_V5\C51\LIB\C51FPL.LIB (?C?CASTF)
  C:\KEIL_V5\C51\LIB\C51FPL.LIB (ATAN2)
  C:\KEIL_V5\C51\LIB\C51FPL.LIB (SIN)
  C:\KEIL_V5\C51\LIB\C51FPL.LIB (ACOS)
  C:\KEIL_V5\C51\LIB\C51FPL.LIB (ASIN)
  C:\KEIL_V5\C51\LIB\C51FPL.LIB (POW)
  C:\KEIL_V5\C51\LIB\C51FPL.LIB (?C?FPGETOPN)
  C:\KEIL_V5\C51\LIB\C51FPL.LIB (?C?CHKFLOAT)
  C:\KEIL_V5\C51\LIB\C51FPL.LIB (?C?FPSERIES)
  C:\KEIL_V5\C51\LIB\C51FPL.LIB (EXP)
  C:\KEIL_V5\C51\LIB\C51FPL.LIB (LOG)
  C:\KEIL_V5\C51\LIB\C51FPL.LIB (SQRT)
  C:\KEIL_V5\C51\LIB\C51FPL.LIB (ATAN)
  C:\KEIL_V5\C51\LIB\C51L.LIB (?C_INIT)
  C:\KEIL_V5\C51\LIB\C51L.LIB (?C?COPY)
  C:\KEIL_V5\C51\LIB\C51L.LIB (?C?CLDPTR)
  C:\KEIL_V5\C51\LIB\C51L.LIB (?C?CLDOPTR)
  C:\KEIL_V5\C51\LIB\C51L.LIB (?C?CSTPTR)
  C:\KEIL_V5\C51\LIB\C51L.LIB (?C?IMUL)
  C:\KEIL_V5\C51\LIB\C51L.LIB (?C?UIDIV)
  C:\KEIL_V5\C51\LIB\C51L.LIB (?C?SIDIV)
  C:\KEIL_V5\C51\LIB\C51L.LIB (?C?ILDIX)
  C:\KEIL_V5\C51\LIB\C51L.LIB (?C?ILDOPTR)
  C:\KEIL_V5\C51\LIB\C51L.LIB (?C?ISTPTR)
  C:\KEIL_V5\C51\LIB\C51L.LIB (?C?LMUL)
  C:\KEIL_V5\C51\LIB\C51L.LIB (?C?SLDIV)
  C:\KEIL_V5\C51\LIB\C51L.LIB (?C?LNEG)
  C:\KEIL_V5\C51\LIB\C51L.LIB (?C?ULCMP)
BL51 BANKED LINKER/LOCATER V6.22                                                      05/28/2019  13:42:09  PAGE 2


  C:\KEIL_V5\C51\LIB\C51L.LIB (?C?LSHL)
  C:\KEIL_V5\C51\LIB\C51L.LIB (?C?LLDPTR)
  C:\KEIL_V5\C51\LIB\C51L.LIB (?C?LLDOPTR)
  C:\KEIL_V5\C51\LIB\C51L.LIB (?C?LSTPTR)
  C:\KEIL_V5\C51\LIB\C51L.LIB (?C?LSTOPTR)
  C:\KEIL_V5\C51\LIB\C51L.LIB (?C?LLDXDATA)
  C:\KEIL_V5\C51\LIB\C51L.LIB (?C?LLDCODE)
  C:\KEIL_V5\C51\LIB\C51L.LIB (?C?LLDXDATA0)
  C:\KEIL_V5\C51\LIB\C51L.LIB (?C?LLDCODE0)
  C:\KEIL_V5\C51\LIB\C51L.LIB (?C?LLDPTR0)
  C:\KEIL_V5\C51\LIB\C51L.LIB (?C?LSTXDATA)
  C:\KEIL_V5\C51\LIB\C51L.LIB (?C?LSTKXDATA)
  C:\KEIL_V5\C51\LIB\C51L.LIB (?C?LSTKPTR)
  C:\KEIL_V5\C51\LIB\C51L.LIB (?C?OFFXADD)
  C:\KEIL_V5\C51\LIB\C51L.LIB (ATOI)
  C:\KEIL_V5\C51\LIB\C51L.LIB (?C?IILDX)
  C:\KEIL_V5\C51\LIB\C51L.LIB (?C?ULDIV)
  C:\KEIL_V5\C51\LIB\C51L.LIB (?C?LLDIDATA)
  C:\KEIL_V5\C51\LIB\C51L.LIB (?C?LLDPDATA)
  C:\KEIL_V5\C51\LIB\C51L.LIB (?C?LLDIDATA0)
  C:\KEIL_V5\C51\LIB\C51L.LIB (?C?LLDPDATA0)
  C:\KEIL_V5\C51\LIB\C51L.LIB (?C?LSTIDATA)
  C:\KEIL_V5\C51\LIB\C51L.LIB (?C?LSTPDATA)
  C:\KEIL_V5\C51\LIB\C51L.LIB (?C?LSTKIDATA)
  C:\KEIL_V5\C51\LIB\C51L.LIB (?C?LSTKPDATA)
  C:\KEIL_V5\C51\LIB\C51L.LIB (ISDIGIT)
  C:\KEIL_V5\C51\LIB\C51L.LIB (ISSPACE)


LINK MAP OF MODULE:  .\Obj\GPIO_RTC_Test (MAIN)


            TYPE    BASE      LENGTH    RELOCATION   SEGMENT NAME
            -----------------------------------------------------

            * * * * * * *   D A T A   M E M O R Y   * * * * * * *
            REG     0000H     0008H     ABSOLUTE     "REG BANK 0"
                    0008H     0018H                  *** GAP ***
            BIT     0020H.0   0000H.4   UNIT         _BIT_GROUP_
            BIT     0020H.4   0000H.1   UNIT         ?BI?MAIN
            BIT     0020H.5   0000H.1   UNIT         ?BI?_ATOI?ATOI
                    0020H.6   0000H.2                *** GAP ***
            IDATA   0021H     0001H     UNIT         ?STACK

            * * * * * * *  X D A T A   M E M O R Y  * * * * * * *
            XDATA   0000H     03BCH     UNIT         ?XD?BIPOLARMOTOR
            XDATA   03BCH     0123H     UNIT         _XDATA_GROUP_
            XDATA   04DFH     0101H     UNIT         ?XD?MAIN
            XDATA   05E0H     0019H     UNIT         ?XD?KEYPAD
            XDATA   05F9H     0008H     UNIT         ?XD?_AT25SF041_READ?AT25SF041
            XDATA   0601H     0005H     UNIT         ?XD?_ATOI?ATOI
            XDATA   0606H     0001H     UNIT         ?XD?UC_ACK?IOEXPANDER_PI4IOE5V96248
            XDATA   0607H     0001H     UNIT         ?XD?UC_NACK?IOEXPANDER_PI4IOE5V96248

            * * * * * * *   C O D E   M E M O R Y   * * * * * * *
            CODE    0000H     0003H     ABSOLUTE     
            CODE    0003H     0003H     ABSOLUTE     
BL51 BANKED LINKER/LOCATER V6.22                                                      05/28/2019  13:42:09  PAGE 3


            CODE    0006H     0005H     UNIT         ?PR?_UNIT?UART1
            CODE    000BH     0003H     ABSOLUTE     
            CODE    000EH     000DH     UNIT         ?PR?UART?MAIN
            CODE    001BH     0003H     ABSOLUTE     
            CODE    001EH     0005H     UNIT         ?PR?_ASCII_LETTER?UART1
            CODE    0023H     0003H     ABSOLUTE     
            CODE    0026H     0C7BH     UNIT         ?PR?MAIN?MAIN
            CODE    0CA1H     09D0H     UNIT         ?C?LIB_CODE
            CODE    1671H     07A2H     UNIT         ?PR?SUNPOS?SUNPOS
            CODE    1E13H     063CH     UNIT         ?PR?_UPDATE_POSITION?BIPOLARMOTOR
            CODE    244FH     04FCH     UNIT         ?PR?_FIND_REAL_MAX?CALIBRATION
            CODE    294BH     04FBH     UNIT         ?PR?_THEORICALJP_POSITION?BIPOLARMOTOR
            CODE    2E46H     040EH     UNIT         ?C_INITSEG
            CODE    3254H     038CH     UNIT         ?PR?KEY_PROCESS?KEYPAD
            CODE    35E0H     0380H     UNIT         ?PR?_ELEVATION_CALCULATION?BIPOLARMOTOR
            CODE    3960H     01C7H     UNIT         ?PR?_CALIBRATION?CALIBRATION
            CODE    3B27H     018DH     UNIT         ?PR?KEY_SCAN?KEYPAD
            CODE    3CB4H     0189H     UNIT         ?PR?SPI_NOR_WRITE_DATA?AT25SF041
            CODE    3E3DH     0188H     UNIT         ?PR?SIN?SIN
            CODE    3FC5H     0166H     UNIT         ?PR?_POW?POW
            CODE    412BH     0155H     UNIT         ?PR?_DISPLAY_POS?LCD_DRIVER_SPLC780D
            CODE    4280H     0129H     UNIT         ?PR?LOG?LOG
            CODE    43A9H     0122H     UNIT         ?PR?ATAN?ATAN
            CODE    44CBH     0110H     UNIT         ?PR?_AT25SF041_READ?AT25SF041
            CODE    45DBH     0102H     UNIT         ?PR?_AT25SF041_WRITE?AT25SF041
            CODE    46DDH     00F5H     UNIT         ?PR?EXINT0?MAIN
            CODE    47D2H     00DBH     UNIT         ?PR?_ATOI?ATOI
            CODE    48ADH     00C3H     UNIT         ?PR?LINEAR_INTERPOLATE?BIPOLARMOTOR
            CODE    4970H     00BBH     UNIT         ?PR?VOLTAGE_IS_STABLE?CALIBRATION
            CODE    4A2BH     00ADH     UNIT         ?PR?_WRITE_PI4IOE5V96248?IOEXPANDER_PI4IOE5V96248
            CODE    4AD8H     00ACH     UNIT         ?PR?SQRT?SQRT
            CODE    4B84H     00A1H     UNIT         ?PR?UCREAD_STATUS_REGISTER_BYTE1?AT25SF041
            CODE    4C25H     009DH     UNIT         ?PR?_ATAN2?ATAN2
            CODE    4CC2H     009CH     UNIT         ?PR?_MAX_VALUE?CALIBRATION
            CODE    4D5EH     009AH     UNIT         ?PR?EXP?EXP
            CODE    4DF8H     008CH     UNIT         ?C_C51STARTUP
            CODE    4E84H     0088H     UNIT         ?PR?_DAY_OF_YEAR?PCF85063BTL
            CODE    4F0CH     0079H     UNIT         ?PR?_WRITEDATA?LCD_DRIVER_SPLC780D
            CODE    4F85H     0072H     UNIT         ?PR?AT25SF041_WRITEENABLE?AT25SF041
            CODE    4FF7H     006FH     UNIT         ?PR?_READ_TIME?PCF85063BTL
            CODE    5066H     005AH     UNIT         ?PR?AT25SF041_CHIPERASE?AT25SF041
            CODE    50C0H     0059H     UNIT         ?PR?LCD_INIT?LCD_DRIVER_SPLC780D
            CODE    5119H     004AH     UNIT         ?PR?VONESTEPMOVE?BIPOLARMOTOR
            CODE    5163H     004AH     UNIT         ?PR?ACOS?ACOS
            CODE    51ADH     0044H     UNIT         ?C?LDIV
            CODE    51F1H     0040H     UNIT         ?PR?_COMMAND?LCD_DRIVER_SPLC780D
            CODE    5231H     0040H     UNIT         ?PR?_STEP_MOVE?BIPOLARMOTOR
            CODE    5271H     003CH     UNIT         ?CO?UART1
            CODE    52ADH     003BH     UNIT         ?PR?ASIN?ASIN
            CODE    52E8H     0033H     UNIT         ?PR?_SENDSTRING?UART1
            CODE    531BH     0031H     UNIT         ?PR?SI1120_CONFIG_MODE_VIRH?SI1120
            CODE    534CH     002BH     UNIT         ?PR?_WAIT_MS_I2C?IOEXPANDER_PI4IOE5V96248
            CODE    5377H     002BH     UNIT         ?PR?_WAIT_MS_SPINOR?AT25SF041
            CODE    53A2H     002BH     UNIT         ?PR?_UART1_SENDTOTCPSERVER?UART1
            CODE    53CDH     002AH     UNIT         ?PR?_ADC_GETRESULT?ADC
            CODE    53F7H     0028H     UNIT         ?PR?_MOVE?BIPOLARMOTOR
            CODE    541FH     0027H     UNIT         ?PR?_I2C_SENDBYTE?IOEXPANDER_PI4IOE5V96248
BL51 BANKED LINKER/LOCATER V6.22                                                      05/28/2019  13:42:09  PAGE 4


            CODE    5446H     0025H     UNIT         ?PR?_FINDCLOSESTSAMEDAYCALIBTIME?CALIBRATION
            CODE    546BH     0024H     UNIT         ?PR?_WAIT_MS?LCD_DRIVER_SPLC780D
            CODE    548FH     0021H     UNIT         ?PR?TM0_ISR?MAIN
            CODE    54B0H     0020H     UNIT         ?PR?_SPI_SENDBYTE?PCF85063BTL
            CODE    54D0H     0020H     UNIT         ?PR?SPI_RECEIVEBYTE?PCF85063BTL
            CODE    54F0H     001EH     UNIT         ?PR?_DELAY_MS?KEYPAD
            CODE    550EH     001DH     UNIT         ?PR?_DISPLAYLCD?LCD_DRIVER_SPLC780D
            CODE    552BH     001BH     UNIT         ?PR?_BCDTODEC1?BIPOLARMOTOR
            CODE    5546H     001AH     UNIT         ?PR?ADC_INIT?ADC
            CODE    5560H     0018H     UNIT         ?PR?_SPI_WRITETIME?PCF85063BTL
            CODE    5578H     0017H     UNIT         ?PR?_ASCIITOBCD?UART1
            CODE    558FH     0016H     UNIT         ?PR?I2C_ACK?IOEXPANDER_PI4IOE5V96248
            CODE    55A5H     0015H     UNIT         ?PR?_DISPLAY_LINE?LCD_DRIVER_SPLC780D
            CODE    55BAH     0015H     UNIT         ?PR?VSETLOCATION?BIPOLARMOTOR
            CODE    55CFH     0015H     UNIT         ?PR?I2C_STOP?IOEXPANDER_PI4IOE5V96248
            CODE    55E4H     0014H     UNIT         ?PR?_PCF85063BTL_DELAY?PCF85063BTL
            CODE    55F8H     0014H     UNIT         ?PR?_ABS?LCD_DRIVER_SPLC780D
            CODE    560CH     0014H     UNIT         ?PR?_ISSPACE?ISSPACE
            CODE    5620H     0011H     UNIT         ?PR?_SPI_READTIME?PCF85063BTL
            CODE    5631H     0011H     UNIT         ?PR?_BCDTODEC?PCF85063BTL
            CODE    5642H     0011H     UNIT         ?PR?INITUART1?UART1
            CODE    5653H     000FH     UNIT         ?PR?I2C_START?IOEXPANDER_PI4IOE5V96248
            CODE    5662H     000FH     UNIT         ?PR?UC_NACK?IOEXPANDER_PI4IOE5V96248
            CODE    5671H     000FH     UNIT         ?PR?_ISDIGIT?ISDIGIT
            CODE    5680H     000DH     UNIT         ?PR?SPI_INIT?PCF85063BTL
            CODE    568DH     000DH     UNIT         ?PR?ENABLE_EXTINT0?SI1120
            CODE    569AH     000CH     UNIT         ?PR?KEYPAD_IO_INIT?KEYPAD
            CODE    56A6H     000AH     UNIT         ?PR?LCD_RETURN_HOME?LCD_DRIVER_SPLC780D
            CODE    56B0H     000AH     UNIT         ?PR?LCD_CLEAR?LCD_DRIVER_SPLC780D
            CODE    56BAH     0009H     UNIT         ?PR?TM1_ISR?MAIN
            CODE    56C3H     0009H     UNIT         ?PR?UART1_INITTCPCONN?UART1
            CODE    56CCH     0006H     UNIT         ?PR?UC_ACK?IOEXPANDER_PI4IOE5V96248
            CODE    56D2H     0006H     UNIT         ?PR?_TEN?UART1
            CODE    56D8H     0004H     UNIT         ?CO?MAIN
            CODE    56DCH     0001H     UNIT         ?PR?NOP?IOEXPANDER_PI4IOE5V96248
            CODE    56DDH     0001H     UNIT         ?PR?_DECTOBCD?UART1



OVERLAY MAP OF MODULE:   .\Obj\GPIO_RTC_Test (MAIN)


SEGMENT                                             BIT_GROUP          XDATA_GROUP
  +--> CALLED SEGMENT                            START    LENGTH     START    LENGTH
------------------------------------------------------------------------------------
?PR?EXINT0?MAIN                                  -----    -----      -----    -----
  +--> ?PR?_POW?POW

?PR?_POW?POW                                     -----    -----      03BCH    000AH
  +--> ?PR?LOG?LOG
  +--> ?PR?EXP?EXP

?PR?LOG?LOG                                      0020H.0  0000H.1    03C6H    0004H

*** NEW ROOT ***************************************************

?C_C51STARTUP                                    -----    -----      -----    -----
BL51 BANKED LINKER/LOCATER V6.22                                                      05/28/2019  13:42:09  PAGE 5


  +--> ?PR?MAIN?MAIN
  +--> ?C_INITSEG

?PR?MAIN?MAIN                                    -----    -----      03CAH    002AH
  +--> ?PR?LCD_INIT?LCD_DRIVER_SPLC780D
  +--> ?PR?SPI_INIT?PCF85063BTL
  +--> ?PR?KEYPAD_IO_INIT?KEYPAD
  +--> ?PR?ADC_INIT?ADC
  +--> ?PR?SI1120_CONFIG_MODE_VIRH?SI1120
  +--> ?PR?ENABLE_EXTINT0?SI1120
  +--> ?PR?VSETLOCATION?BIPOLARMOTOR
  +--> ?PR?_SPI_WRITETIME?PCF85063BTL
  +--> ?PR?_DELAY_MS?KEYPAD
  +--> ?PR?_DISPLAY_LINE?LCD_DRIVER_SPLC780D
  +--> ?PR?_WRITEDATA?LCD_DRIVER_SPLC780D
  +--> ?PR?KEY_PROCESS?KEYPAD
  +--> ?CO?MAIN
  +--> ?PR?_UART1_SENDTOTCPSERVER?UART1
  +--> ?PR?_COMMAND?LCD_DRIVER_SPLC780D
  +--> ?PR?_DISPLAY_POS?LCD_DRIVER_SPLC780D
  +--> ?PR?_DISPLAYLCD?LCD_DRIVER_SPLC780D
  +--> ?PR?_STEP_MOVE?BIPOLARMOTOR
  +--> ?PR?LCD_RETURN_HOME?LCD_DRIVER_SPLC780D
  +--> ?PR?_READ_TIME?PCF85063BTL
  +--> ?PR?_BCDTODEC1?BIPOLARMOTOR
  +--> ?PR?_ELEVATION_CALCULATION?BIPOLARMOTOR
  +--> ?PR?SIN?SIN
  +--> ?PR?_CALIBRATION?CALIBRATION
  +--> ?PR?_UPDATE_POSITION?BIPOLARMOTOR
  +--> ?PR?AT25SF041_WRITEENABLE?AT25SF041
  +--> ?PR?_AT25SF041_WRITE?AT25SF041
  +--> ?PR?_WAIT_MS_SPINOR?AT25SF041
  +--> ?PR?_ADC_GETRESULT?ADC
  +--> ?PR?SPI_NOR_WRITE_DATA?AT25SF041
  +--> ?PR?LINEAR_INTERPOLATE?BIPOLARMOTOR
  +--> ?PR?_FINDCLOSESTSAMEDAYCALIBTIME?CALI...
  +--> ?PR?LCD_CLEAR?LCD_DRIVER_SPLC780D
  +--> ?PR?AT25SF041_CHIPERASE?AT25SF041

?PR?LCD_INIT?LCD_DRIVER_SPLC780D                 -----    -----      -----    -----
  +--> ?PR?_WAIT_MS?LCD_DRIVER_SPLC780D
  +--> ?PR?_COMMAND?LCD_DRIVER_SPLC780D

?PR?_COMMAND?LCD_DRIVER_SPLC780D                 -----    -----      -----    -----
  +--> ?PR?_WAIT_MS?LCD_DRIVER_SPLC780D

?PR?SI1120_CONFIG_MODE_VIRH?SI1120               -----    -----      -----    -----
  +--> ?PR?_WAIT_MS?LCD_DRIVER_SPLC780D

?PR?_SPI_WRITETIME?PCF85063BTL                   -----    -----      -----    -----
  +--> ?PR?_SPI_SENDBYTE?PCF85063BTL

?PR?_SPI_SENDBYTE?PCF85063BTL                    -----    -----      -----    -----
  +--> ?PR?_PCF85063BTL_DELAY?PCF85063BTL

?PR?_DISPLAY_LINE?LCD_DRIVER_SPLC780D            -----    -----      -----    -----
  +--> ?PR?_COMMAND?LCD_DRIVER_SPLC780D
BL51 BANKED LINKER/LOCATER V6.22                                                      05/28/2019  13:42:09  PAGE 6



?PR?_WRITEDATA?LCD_DRIVER_SPLC780D               -----    -----      04DEH    0001H
  +--> ?PR?_WAIT_MS?LCD_DRIVER_SPLC780D

?PR?KEY_PROCESS?KEYPAD                           -----    -----      03F4H    0006H
  +--> ?PR?KEY_SCAN?KEYPAD
  +--> ?PR?_SPI_WRITETIME?PCF85063BTL
  +--> ?PR?LCD_CLEAR?LCD_DRIVER_SPLC780D
  +--> ?PR?_COMMAND?LCD_DRIVER_SPLC780D
  +--> ?PR?_WRITEDATA?LCD_DRIVER_SPLC780D

?PR?KEY_SCAN?KEYPAD                              -----    -----      03FAH    0003H

?PR?LCD_CLEAR?LCD_DRIVER_SPLC780D                -----    -----      -----    -----
  +--> ?PR?_COMMAND?LCD_DRIVER_SPLC780D

?PR?_UART1_SENDTOTCPSERVER?UART1                 -----    -----      03F4H    0003H
  +--> ?CO?UART1
  +--> ?PR?_SENDSTRING?UART1

?PR?_SENDSTRING?UART1                            -----    -----      03F7H    0003H

?PR?_DISPLAY_POS?LCD_DRIVER_SPLC780D             -----    -----      04D3H    000BH
  +--> ?PR?_ABS?LCD_DRIVER_SPLC780D
  +--> ?PR?_WRITEDATA?LCD_DRIVER_SPLC780D

?PR?_DISPLAYLCD?LCD_DRIVER_SPLC780D              -----    -----      03F4H    0001H
  +--> ?PR?_WRITEDATA?LCD_DRIVER_SPLC780D

?PR?_STEP_MOVE?BIPOLARMOTOR                      0020H.2  0000H.1    04D7H    0004H
  +--> ?PR?VONESTEPMOVE?BIPOLARMOTOR

?PR?VONESTEPMOVE?BIPOLARMOTOR                    0020H.3  0000H.1    -----    -----
  +--> ?PR?_WRITE_PI4IOE5V96248?IOEXPANDER_P...
  +--> ?PR?_DELAY_MS?KEYPAD

?PR?_WRITE_PI4IOE5V96248?IOEXPANDER_P...         -----    -----      04DBH    0003H
  +--> ?PR?I2C_START?IOEXPANDER_PI4IOE5V96248
  +--> ?PR?_WAIT_MS_I2C?IOEXPANDER_PI4IOE5V9...
  +--> ?PR?_I2C_SENDBYTE?IOEXPANDER_PI4IOE5V...
  +--> ?PR?I2C_ACK?IOEXPANDER_PI4IOE5V96248
  +--> ?PR?I2C_STOP?IOEXPANDER_PI4IOE5V96248

?PR?I2C_START?IOEXPANDER_PI4IOE5V96248           -----    -----      -----    -----
  +--> ?PR?_WAIT_MS_I2C?IOEXPANDER_PI4IOE5V9...

?PR?_I2C_SENDBYTE?IOEXPANDER_PI4IOE5V...         -----    -----      -----    -----
  +--> ?PR?_WAIT_MS_I2C?IOEXPANDER_PI4IOE5V9...

?PR?I2C_ACK?IOEXPANDER_PI4IOE5V96248             -----    -----      04DEH    0001H
  +--> ?PR?_WAIT_MS_I2C?IOEXPANDER_PI4IOE5V9...

?PR?I2C_STOP?IOEXPANDER_PI4IOE5V96248            -----    -----      -----    -----
  +--> ?PR?_WAIT_MS_I2C?IOEXPANDER_PI4IOE5V9...

?PR?LCD_RETURN_HOME?LCD_DRIVER_SPLC780D          -----    -----      -----    -----
  +--> ?PR?_COMMAND?LCD_DRIVER_SPLC780D
BL51 BANKED LINKER/LOCATER V6.22                                                      05/28/2019  13:42:09  PAGE 7



?PR?_READ_TIME?PCF85063BTL                       -----    -----      03F4H    000FH
  +--> ?PR?_SPI_READTIME?PCF85063BTL

?PR?_SPI_READTIME?PCF85063BTL                    -----    -----      -----    -----
  +--> ?PR?_SPI_SENDBYTE?PCF85063BTL
  +--> ?PR?SPI_RECEIVEBYTE?PCF85063BTL

?PR?SPI_RECEIVEBYTE?PCF85063BTL                  -----    -----      -----    -----
  +--> ?PR?_PCF85063BTL_DELAY?PCF85063BTL

?PR?_ELEVATION_CALCULATION?BIPOLARMOTOR          -----    -----      03F4H    0005H
  +--> ?PR?_BCDTODEC1?BIPOLARMOTOR
  +--> ?PR?SUNPOS?SUNPOS
  +--> ?PR?SIN?SIN
  +--> ?PR?ASIN?ASIN

?PR?SUNPOS?SUNPOS                                -----    -----      043EH    005DH
  +--> ?PR?SIN?SIN
  +--> ?PR?_ATAN2?ATAN2
  +--> ?PR?ASIN?ASIN
  +--> ?PR?ACOS?ACOS

?PR?SIN?SIN                                      0020H.1  0000H.1    049BH    0004H

?PR?_ATAN2?ATAN2                                 -----    -----      049BH    0008H
  +--> ?PR?ATAN?ATAN

?PR?ATAN?ATAN                                    0020H.1  0000H.2    04A3H    0004H

?PR?ASIN?ASIN                                    -----    -----      -----    -----
  +--> ?PR?SQRT?SQRT
  +--> ?PR?ATAN?ATAN

?PR?SQRT?SQRT                                    -----    -----      049BH    0004H

?PR?ACOS?ACOS                                    -----    -----      -----    -----
  +--> ?PR?SQRT?SQRT
  +--> ?PR?ATAN?ATAN

?PR?_CALIBRATION?CALIBRATION                     -----    -----      03F4H    0024H
  +--> ?PR?VOLTAGE_IS_STABLE?CALIBRATION
  +--> ?PR?_UPDATE_POSITION?BIPOLARMOTOR
  +--> ?PR?_FIND_REAL_MAX?CALIBRATION

?PR?VOLTAGE_IS_STABLE?CALIBRATION                -----    -----      0418H    0018H
  +--> ?PR?_ADC_GETRESULT?ADC
  +--> ?PR?_ABS?LCD_DRIVER_SPLC780D

?PR?_UPDATE_POSITION?BIPOLARMOTOR                -----    -----      0418H    0026H
  +--> ?PR?_BCDTODEC1?BIPOLARMOTOR
  +--> ?PR?SUNPOS?SUNPOS
  +--> ?PR?SIN?SIN
  +--> ?PR?ASIN?ASIN
  +--> ?PR?_THEORICALJP_POSITION?BIPOLARMOTOR
  +--> ?PR?_ABS?LCD_DRIVER_SPLC780D
  +--> ?PR?_MOVE?BIPOLARMOTOR
BL51 BANKED LINKER/LOCATER V6.22                                                      05/28/2019  13:42:09  PAGE 8



?PR?_THEORICALJP_POSITION?BIPOLARMOTOR           -----    -----      043EH    005CH
  +--> ?PR?LINEAR_INTERPOLATE?BIPOLARMOTOR

?PR?LINEAR_INTERPOLATE?BIPOLARMOTOR              -----    -----      049AH    0014H

?PR?_MOVE?BIPOLARMOTOR                           0020H.1  0000H.1    04D3H    0004H
  +--> ?PR?_STEP_MOVE?BIPOLARMOTOR

?PR?_FIND_REAL_MAX?CALIBRATION                   -----    -----      0418H    00BBH
  +--> ?PR?_ADC_GETRESULT?ADC
  +--> ?PR?_WAIT_MS?LCD_DRIVER_SPLC780D
  +--> ?PR?AT25SF041_WRITEENABLE?AT25SF041
  +--> ?PR?_AT25SF041_WRITE?AT25SF041
  +--> ?PR?_WAIT_MS_SPINOR?AT25SF041
  +--> ?PR?_COMMAND?LCD_DRIVER_SPLC780D
  +--> ?PR?_WRITEDATA?LCD_DRIVER_SPLC780D
  +--> ?PR?_DISPLAY_POS?LCD_DRIVER_SPLC780D
  +--> ?PR?_MOVE?BIPOLARMOTOR
  +--> ?PR?_MAX_VALUE?CALIBRATION

?PR?AT25SF041_WRITEENABLE?AT25SF041              -----    -----      04D3H    0002H
  +--> ?PR?_WAIT_MS_SPINOR?AT25SF041
  +--> ?PR?UCREAD_STATUS_REGISTER_BYTE1?AT25...

?PR?UCREAD_STATUS_REGISTER_BYTE1?AT25...         -----    -----      04DBH    0003H
  +--> ?PR?_WAIT_MS_SPINOR?AT25SF041

?PR?_AT25SF041_WRITE?AT25SF041                   -----    -----      04D3H    0008H
  +--> ?PR?_WAIT_MS_SPINOR?AT25SF041
  +--> ?PR?UCREAD_STATUS_REGISTER_BYTE1?AT25...

?PR?_MAX_VALUE?CALIBRATION                       -----    -----      04D3H    0004H

?PR?SPI_NOR_WRITE_DATA?AT25SF041                 -----    -----      03F4H    000EH
  +--> ?PR?AT25SF041_WRITEENABLE?AT25SF041
  +--> ?PR?_AT25SF041_WRITE?AT25SF041
  +--> ?PR?_WAIT_MS_SPINOR?AT25SF041

?PR?AT25SF041_CHIPERASE?AT25SF041                -----    -----      03F4H    0002H
  +--> ?PR?_WAIT_MS_SPINOR?AT25SF041
  +--> ?PR?UCREAD_STATUS_REGISTER_BYTE1?AT25...



UNRESOLVED EXTERNAL SYMBOLS:
   _SENDUART1



SYMBOL TABLE OF MODULE:  .\Obj\GPIO_RTC_Test (MAIN)

  VALUE           TYPE          NAME
  ----------------------------------

  -------         MODULE        MAIN
  C:0000H         SYMBOL        _ICE_DUMMY_
BL51 BANKED LINKER/LOCATER V6.22                                                      05/28/2019  13:42:09  PAGE 9


  X:04E7H         PUBLIC        calib_value
  D:0080H         PUBLIC        P0
  D:00B2H         PUBLIC        P3M0
  D:0090H         PUBLIC        P1
  D:00B1H         PUBLIC        P3M1
  D:00A0H         PUBLIC        P2
  D:00B0H         PUBLIC        P3
  D:00C0H         PUBLIC        P4
  D:00C8H         PUBLIC        P5
  X:053BH         SYMBOL        PressedKey
  B:00A8H.7       PUBLIC        EA
  D:00E8H         PUBLIC        P6
  X:053FH         PUBLIC        calib_stamp
  D:00F8H         PUBLIC        P7
  X:0540H         PUBLIC        calib_bool
  X:056AH         PUBLIC        pwm_time_min
  D:00A8H         PUBLIC        IE
  X:056EH         PUBLIC        calib_time
  X:05C2H         PUBLIC        pwm_time_max
  D:00B8H         PUBLIC        IP
  B:0098H.0       PUBLIC        RI
  B:00B0H.2       PUBLIC        INT0
  X:05C6H         PUBLIC        months
  B:0098H.1       PUBLIC        TI
  C:000EH         PUBLIC        Uart
  D:00D8H         PUBLIC        CCON
  C:0026H         PUBLIC        main
  X:05C7H         PUBLIC        count
  X:05C9H         PUBLIC        days
  X:05CAH         PUBLIC        hours
  D:0098H         PUBLIC        SCON
  D:0089H         PUBLIC        TMOD
  D:0088H         PUBLIC        TCON
  B:00A0H.3       PUBLIC        P23
  X:05CBH         SYMBOL        KeyCount
  X:05CDH         PUBLIC        mins
  B:00C8H.5       PUBLIC        P55
  D:008EH         PUBLIC        AUXR
  C:548FH         PUBLIC        tm0_isr
  B:0090H.5       PUBLIC        SI1120_STX
  C:56BAH         PUBLIC        tm1_isr
  B:0020H.4       PUBLIC        busy
  B:00A8H.1       PUBLIC        ET0
  B:00A8H.3       PUBLIC        ET1
  X:05CEH         PUBLIC        SPI_NOR_INTERNAL_FLASH_ADDR
  D:008CH         PUBLIC        TH0
  D:008DH         PUBLIC        TH1
  D:008AH         PUBLIC        TL0
  D:008BH         PUBLIC        TL1
  B:0088H.4       PUBLIC        TR0
  B:0088H.6       PUBLIC        TR1
  C:46DDH         PUBLIC        exint0
  X:05D2H         SYMBOL        KeyNum
  X:05D3H         SYMBOL        KeyNum_Old
  X:05D4H         PUBLIC        timer0_count
  X:05D6H         PUBLIC        current_position
  X:05DAH         PUBLIC        pwm_time
BL51 BANKED LINKER/LOCATER V6.22                                                      05/28/2019  13:42:09  PAGE 10


  X:05DEH         PUBLIC        start_timer0_count
  X:05DFH         PUBLIC        seconds
  D:00D0H         PUBLIC        PSW
  -------         PROC          TM0_ISR
  C:548FH         LINE#         97
  C:5495H         LINE#         101
  C:5498H         LINE#         102
  C:549BH         LINE#         103
  C:54A9H         LINE#         104
  -------         ENDPROC       TM0_ISR
  -------         PROC          TM1_ISR
  C:56BAH         LINE#         105
  C:56BAH         LINE#         107
  C:56BCH         LINE#         109
  C:56BFH         LINE#         110
  C:56C2H         LINE#         111
  -------         ENDPROC       TM1_ISR
  -------         PROC          EXINT0
  C:46DDH         LINE#         112
  C:46FAH         LINE#         116
  C:46FDH         LINE#         117
  C:46FDH         LINE#         118
  C:4700H         LINE#         119
  C:4703H         LINE#         120
  C:4705H         LINE#         121
  C:4707H         LINE#         125
  C:470AH         LINE#         128
  C:470AH         LINE#         129
  C:470CH         LINE#         131
  C:4718H         LINE#         132
  C:4772H         LINE#         133
  C:47B0H         LINE#         134
  C:47B7H         LINE#         139
  C:47B7H         LINE#         141
  -------         ENDPROC       EXINT0
  -------         PROC          MAIN
  -------         DO            
  X:04DFH         SYMBOL        KeyCount
  X:04E1H         SYMBOL        KeyNum_Old
  X:04E2H         SYMBOL        KeyNum
  X:04E3H         SYMBOL        PressedKey
  X:03CAH         SYMBOL        prox_flag
  X:03CBH         SYMBOL        iUse_prevday_calib_value
  X:03CDH         SYMBOL        max_ADC_Val_JP
  X:03CFH         SYMBOL        max_ADC_Val
  X:03D1H         SYMBOL        calib_point1
  X:03D9H         SYMBOL        calib_point2
  X:03E1H         SYMBOL        dat_to_store
  X:03ECH         SYMBOL        calib_day
  X:03EEH         SYMBOL        calib_count
  X:03F0H         SYMBOL        theorical_JP_max_pos
  D:0004H         SYMBOL        elevation
  -------         ENDDO         
  C:0026H         LINE#         143
  C:0026H         LINE#         144
  C:0026H         LINE#         149
  C:002CH         LINE#         150
BL51 BANKED LINKER/LOCATER V6.22                                                      05/28/2019  13:42:09  PAGE 11


  C:0031H         LINE#         152
  C:0039H         LINE#         156
  C:003FH         LINE#         157
  C:0049H         LINE#         164
  C:0051H         LINE#         165
  C:0058H         LINE#         166
  C:005EH         LINE#         168
  C:0064H         LINE#         177
  C:0066H         LINE#         178
  C:0069H         LINE#         179
  C:006CH         LINE#         180
  C:006FH         LINE#         181
  C:0072H         LINE#         182
  C:0075H         LINE#         185
  C:0078H         LINE#         188
  C:007BH         LINE#         189
  C:007EH         LINE#         191
  C:0081H         LINE#         193
  C:0084H         LINE#         194
  C:0087H         LINE#         195
  C:008AH         LINE#         196
  C:008DH         LINE#         197
  C:0090H         LINE#         198
  C:0093H         LINE#         199
  C:0095H         LINE#         200
  C:0097H         LINE#         202
  C:0099H         LINE#         203
  C:00A0H         LINE#         204
  C:00A7H         LINE#         205
  C:00AEH         LINE#         206
  C:00B5H         LINE#         210
  C:00BCH         LINE#         211
  C:00C1H         LINE#         212
  C:00C6H         LINE#         213
  C:00CBH         LINE#         214
  C:00D0H         LINE#         215
  C:00D5H         LINE#         218
  C:00EEH         LINE#         219
  C:00EEH         LINE#         220
  C:010AH         LINE#         221
  C:0151H         LINE#         222
  C:0162H         LINE#         226
  C:0162H         LINE#         227
  C:0162H         LINE#         228
  C:0165H         LINE#         229
  C:016EH         LINE#         232
  C:016EH         LINE#         236
  C:0173H         LINE#         237
  C:0178H         LINE#         239
  C:017DH         LINE#         241
  C:0182H         LINE#         242
  C:0187H         LINE#         244
  C:0198H         LINE#         247
  C:019DH         LINE#         248
  C:01A2H         LINE#         250
  C:01A9H         LINE#         251
  C:01B1H         LINE#         252
BL51 BANKED LINKER/LOCATER V6.22                                                      05/28/2019  13:42:09  PAGE 12


  C:01B6H         LINE#         253
  C:01BEH         LINE#         254
  C:01C3H         LINE#         255
  C:01CDH         LINE#         256
  C:01D2H         LINE#         257
  C:01DAH         LINE#         259
  C:01E2H         LINE#         260
  C:01E7H         LINE#         261
  C:01F1H         LINE#         262
  C:01F1H         LINE#         263
  C:01F3H         LINE#         264
  C:01F5H         LINE#         265
  C:01FFH         LINE#         266
  C:01FFH         LINE#         267
  C:0204H         LINE#         268
  C:0204H         LINE#         280
  C:0218H         LINE#         281
  C:0218H         LINE#         282
  C:022DH         LINE#         283
  C:023CH         LINE#         284
  C:023CH         LINE#         285
  C:024FH         LINE#         286
  C:0251H         LINE#         288
  C:0251H         LINE#         289
  C:026DH         LINE#         290
  C:026DH         LINE#         291
  C:0272H         LINE#         292
  C:0272H         LINE#         293
  C:0286H         LINE#         294
  C:0286H         LINE#         297
  C:029BH         LINE#         298
  C:02AAH         LINE#         299
  C:02AAH         LINE#         300
  C:02BDH         LINE#         301
  C:02BFH         LINE#         303
  C:02BFH         LINE#         304
  C:02DBH         LINE#         305
  C:02DBH         LINE#         306
  C:02E0H         LINE#         307
  C:02E6H         LINE#         308
  C:02E6H         LINE#         310
  C:0308H         LINE#         311
  C:0308H         LINE#         312
  C:0312H         LINE#         313
  C:0318H         LINE#         314
  C:031FH         LINE#         315
  C:0325H         LINE#         316
  C:032CH         LINE#         317
  C:032CH         LINE#         318
  C:032FH         LINE#         320
  C:032FH         LINE#         325
  C:036AH         LINE#         329
  C:0377H         LINE#         330
  C:0377H         LINE#         334
  C:0377H         LINE#         335
  C:039FH         LINE#         336
  C:039FH         LINE#         337
BL51 BANKED LINKER/LOCATER V6.22                                                      05/28/2019  13:42:09  PAGE 13


  C:03C1H         LINE#         338
  C:03C1H         LINE#         340
  C:03E1H         LINE#         344
  C:0410H         LINE#         352
  C:0410H         LINE#         353
  C:048CH         LINE#         354
  C:04A5H         LINE#         355
  C:052FH         LINE#         357
  C:0560H         LINE#         358
  C:0560H         LINE#         360
  C:0596H         LINE#         361
  C:05B9H         LINE#         362
  C:05CEH         LINE#         365
  C:05CEH         LINE#         366
  C:05D1H         LINE#         368
  C:05D1H         LINE#         370
  C:05D8H         LINE#         371
  C:05D8H         LINE#         372
  C:05DBH         LINE#         373
  C:05F9H         LINE#         374
  C:0600H         LINE#         375
  C:061FH         LINE#         376
  C:063EH         LINE#         378
  C:06BAH         LINE#         379
  C:06D2H         LINE#         382
  C:072AH         LINE#         383
  C:0765H         LINE#         384
  C:0772H         LINE#         385
  C:0781H         LINE#         386
  C:0781H         LINE#         388
  C:0789H         LINE#         389
  C:0791H         LINE#         390
  C:0799H         LINE#         391
  C:07A1H         LINE#         393
  C:07B5H         LINE#         394
  C:07CBH         LINE#         395
  C:07FBH         LINE#         396
  C:081BH         LINE#         398
  C:082FH         LINE#         399
  C:0845H         LINE#         400
  C:0875H         LINE#         401
  C:087CH         LINE#         403
  C:08A0H         LINE#         406
  C:08A2H         LINE#         408
  C:08B0H         LINE#         409
  C:08B0H         LINE#         410
  C:08B8H         LINE#         412
  C:08B8H         LINE#         415
  C:08B8H         LINE#         416
  C:08C5H         LINE#         417
  C:08C5H         LINE#         418
  C:08E7H         LINE#         419
  C:08E7H         LINE#         420
  C:0963H         LINE#         421
  C:09B8H         LINE#         422
  C:09B8H         LINE#         424
  C:09BBH         LINE#         428
BL51 BANKED LINKER/LOCATER V6.22                                                      05/28/2019  13:42:09  PAGE 14


  C:09BBH         LINE#         431
  C:09DDH         LINE#         432
  C:09DDH         LINE#         433
  C:0A59H         LINE#         435
  C:0A86H         LINE#         436
  C:0AA1H         LINE#         437
  C:0ACEH         LINE#         438
  C:0B01H         LINE#         439
  C:0B01H         LINE#         440
  C:0B2BH         LINE#         441
  C:0BC4H         LINE#         442
  C:0BC6H         LINE#         444
  C:0BC6H         LINE#         445
  C:0C29H         LINE#         446
  C:0C29H         LINE#         450
  C:0C29H         LINE#         452
  C:0C29H         LINE#         453
  C:0C29H         LINE#         455
  C:0C29H         LINE#         458
  C:0C45H         LINE#         459
  C:0C49H         LINE#         461
  C:0C4BH         LINE#         464
  C:0C5AH         LINE#         465
  C:0C5AH         LINE#         466
  C:0C5DH         LINE#         467
  C:0C64H         LINE#         468
  C:0C69H         LINE#         469
  C:0C6EH         LINE#         470
  C:0C73H         LINE#         471
  C:0C78H         LINE#         472
  C:0C7DH         LINE#         482
  C:0C80H         LINE#         484
  C:0C83H         LINE#         485
  C:0C8AH         LINE#         486
  C:0C94H         LINE#         487
  C:0C9BH         LINE#         489
  C:0C9EH         LINE#         498
  C:0C9EH         LINE#         499
  -------         ENDPROC       MAIN
  -------         PROC          UART
  C:000EH         LINE#         513
  C:000EH         LINE#         515
  C:0011H         LINE#         516
  C:0011H         LINE#         518
  C:0013H         LINE#         520
  C:0013H         LINE#         521
  C:0016H         LINE#         522
  C:0016H         LINE#         523
  C:0018H         LINE#         524
  C:001AH         LINE#         525
  C:001AH         LINE#         526
  -------         ENDPROC       UART
  -------         ENDMOD        MAIN

  -------         MODULE        PCF85063BTL
  C:0000H         SYMBOL        _ICE_DUMMY_
  D:0096H         PUBLIC        P2M0
BL51 BANKED LINKER/LOCATER V6.22                                                      05/28/2019  13:42:09  PAGE 15


  D:0080H         PUBLIC        P0
  D:0095H         PUBLIC        P2M1
  D:0090H         PUBLIC        P1
  D:00A0H         PUBLIC        P2
  D:00B0H         PUBLIC        P3
  D:00C0H         PUBLIC        P4
  D:00C8H         PUBLIC        P5
  D:00E8H         PUBLIC        P6
  B:00A0H.1       PUBLIC        PCF85063BTL_SDI
  D:00F8H         PUBLIC        P7
  B:00A0H.2       PUBLIC        PCF85063BTL_SCK
  B:00A0H.1       PUBLIC        PCF85063BTL_SDO
  D:00A8H         PUBLIC        IE
  C:4FF7H         PUBLIC        _Read_time
  C:55EAH         PUBLIC        _PCF85063BTL_Delay
  D:00B8H         PUBLIC        IP
  D:00D8H         PUBLIC        CCON
  C:4E84H         PUBLIC        _Day_Of_Year
  C:54D0H         PUBLIC        SPI_ReceiveByte
  D:0098H         PUBLIC        SCON
  D:0088H         PUBLIC        TCON
  C:5631H         PUBLIC        _BCDtoDec
  B:00A0H.0       PUBLIC        PCF85063BTL_CS
  C:5620H         PUBLIC        _SPI_ReadTime
  C:5680H         PUBLIC        SPI_Init
  C:5560H         PUBLIC        _SPI_WriteTime
  C:54B0H         PUBLIC        _SPI_SendByte
  D:00D0H         PUBLIC        PSW
  C:55E6H         SYMBOL        L?0048
  -------         PROC          L?0047
  -------         ENDPROC       L?0047
  C:55E6H         SYMBOL        L?0048
  -------         PROC          _PCF85063BTL_DELAY
  D:0006H         SYMBOL        us
  C:55EAH         LINE#         8
  C:55EAH         LINE#         9
  C:55EAH         LINE#         10
  C:55F4H         LINE#         11
  C:55F4H         LINE#         12
  C:55F5H         LINE#         13
  C:55F7H         LINE#         14
  -------         ENDPROC       _PCF85063BTL_DELAY
  -------         PROC          _SPI_SENDBYTE
  D:0005H         SYMBOL        dat
  -------         DO            
  D:0003H         SYMBOL        i
  -------         ENDDO         
  C:54B0H         LINE#         17
  C:54B2H         LINE#         18
  C:54B2H         LINE#         20
  C:54B4H         LINE#         21
  C:54B4H         LINE#         22
  C:54B6H         LINE#         23
  C:54BAH         LINE#         24
  C:54BAH         LINE#         25
  C:54BCH         LINE#         26
  C:54BEH         LINE#         28
BL51 BANKED LINKER/LOCATER V6.22                                                      05/28/2019  13:42:09  PAGE 16


  C:54BEH         LINE#         29
  C:54C0H         LINE#         30
  C:54C0H         LINE#         31
  C:54C3H         LINE#         32
  C:54C3H         LINE#         33
  C:54C6H         LINE#         34
  C:54CAH         LINE#         35
  C:54CFH         LINE#         36
  -------         ENDPROC       _SPI_SENDBYTE
  -------         PROC          SPI_RECEIVEBYTE
  -------         DO            
  D:0003H         SYMBOL        i
  D:0005H         SYMBOL        dat
  -------         ENDDO         
  C:54D0H         LINE#         39
  C:54D0H         LINE#         40
  C:54D0H         LINE#         42
  C:54D2H         LINE#         44
  C:54D4H         LINE#         45
  C:54D5H         LINE#         46
  C:54D5H         LINE#         47
  C:54D9H         LINE#         48
  C:54DBH         LINE#         49
  C:54DEH         LINE#         51
  C:54E1H         LINE#         52
  C:54E1H         LINE#         53
  C:54E5H         LINE#         54
  C:54E5H         LINE#         55
  C:54E5H         LINE#         56
  C:54E8H         LINE#         57
  C:54EDH         LINE#         58
  C:54EFH         LINE#         59
  -------         ENDPROC       SPI_RECEIVEBYTE
  -------         PROC          _SPI_READTIME
  D:0007H         SYMBOL        addr
  -------         DO            
  D:0006H         SYMBOL        dat
  -------         ENDDO         
  C:5620H         LINE#         61
  C:5620H         LINE#         62
  C:5620H         LINE#         64
  C:5622H         LINE#         65
  C:5624H         LINE#         66
  C:562BH         LINE#         67
  C:562EH         LINE#         68
  C:5630H         LINE#         69
  C:5630H         LINE#         70
  -------         ENDPROC       _SPI_READTIME
  -------         PROC          _SPI_WRITETIME
  D:0002H         SYMBOL        val
  D:0005H         SYMBOL        addr
  C:5560H         LINE#         71
  C:5562H         LINE#         72
  C:5562H         LINE#         74
  C:5564H         LINE#         75
  C:556BH         LINE#         76
  C:5570H         LINE#         77
BL51 BANKED LINKER/LOCATER V6.22                                                      05/28/2019  13:42:09  PAGE 17


  C:5575H         LINE#         78
  C:5577H         LINE#         79
  -------         ENDPROC       _SPI_WRITETIME
  -------         PROC          SPI_INIT
  C:5680H         LINE#         83
  C:5680H         LINE#         84
  C:5680H         LINE#         89
  C:5683H         LINE#         90
  C:5686H         LINE#         91
  C:5688H         LINE#         92
  C:568AH         LINE#         93
  C:568CH         LINE#         94
  -------         ENDPROC       SPI_INIT
  -------         PROC          _READ_TIME
  X:03F4H         SYMBOL        months
  X:03F7H         SYMBOL        days
  X:03FAH         SYMBOL        hours
  X:03FDH         SYMBOL        mins
  X:0400H         SYMBOL        seconds
  C:4FF7H         LINE#         96
  C:5002H         LINE#         97
  C:5002H         LINE#         99
  C:5016H         LINE#         101
  C:502AH         LINE#         103
  C:503EH         LINE#         108
  C:5052H         LINE#         113
  -------         ENDPROC       _READ_TIME
  -------         PROC          _BCDTODEC
  D:0007H         SYMBOL        bcd
  -------         DO            
  D:0006H         SYMBOL        hi
  D:0007H         SYMBOL        lo
  -------         ENDDO         
  C:5631H         LINE#         119
  C:5631H         LINE#         120
  C:5631H         LINE#         122
  C:5636H         LINE#         123
  C:563AH         LINE#         124
  C:5641H         LINE#         125
  -------         ENDPROC       _BCDTODEC
  -------         PROC          _DAY_OF_YEAR
  D:0007H         SYMBOL        months_bcd
  D:0005H         SYMBOL        days_bcd
  -------         DO            
  D:0004H         SYMBOL        months
  D:0007H         SYMBOL        days
  -------         ENDDO         
  C:4E84H         LINE#         126
  C:4E84H         LINE#         127
  C:4E84H         LINE#         130
  C:4E89H         LINE#         132
  C:4E8EH         LINE#         134
  C:4EC7H         LINE#         135
  C:4EC7H         LINE#         136
  C:4EC7H         LINE#         137
  C:4ECAH         LINE#         138
  C:4ECAH         LINE#         139
BL51 BANKED LINKER/LOCATER V6.22                                                      05/28/2019  13:42:09  PAGE 18


  C:4ECAH         LINE#         140
  C:4ECFH         LINE#         141
  C:4ECFH         LINE#         142
  C:4ECFH         LINE#         143
  C:4ED4H         LINE#         144
  C:4ED4H         LINE#         145
  C:4ED4H         LINE#         146
  C:4ED9H         LINE#         147
  C:4ED9H         LINE#         148
  C:4ED9H         LINE#         149
  C:4EDEH         LINE#         150
  C:4EDEH         LINE#         151
  C:4EDEH         LINE#         152
  C:4EE3H         LINE#         153
  C:4EE3H         LINE#         154
  C:4EE3H         LINE#         155
  C:4EE8H         LINE#         156
  C:4EE8H         LINE#         157
  C:4EE8H         LINE#         158
  C:4EEDH         LINE#         159
  C:4EEDH         LINE#         160
  C:4EEDH         LINE#         161
  C:4EF5H         LINE#         162
  C:4EF5H         LINE#         163
  C:4EF5H         LINE#         164
  C:4EFAH         LINE#         165
  C:4EFAH         LINE#         166
  C:4EFAH         LINE#         167
  C:4EFFH         LINE#         168
  C:4EFFH         LINE#         169
  C:4EFFH         LINE#         170
  C:4F08H         LINE#         171
  C:4F08H         LINE#         172
  C:4F08H         LINE#         173
  C:4F0BH         LINE#         174
  C:4F0BH         LINE#         175
  -------         ENDPROC       _DAY_OF_YEAR
  -------         ENDMOD        PCF85063BTL

  -------         MODULE        LCD_DRIVER_SPLC780D
  C:0000H         SYMBOL        _ICE_DUMMY_
  D:0092H         PUBLIC        P1M0
  D:0091H         PUBLIC        P1M1
  D:0080H         PUBLIC        P0
  D:0090H         PUBLIC        P1
  D:00A0H         PUBLIC        P2
  D:00B0H         PUBLIC        P3
  D:00C0H         PUBLIC        P4
  D:00C8H         PUBLIC        P5
  D:00E8H         PUBLIC        P6
  D:00F8H         PUBLIC        P7
  C:4F10H         PUBLIC        _WriteData
  D:00A8H         PUBLIC        IE
  D:00B8H         PUBLIC        IP
  D:00D8H         PUBLIC        CCON
  B:00B0H.4       PUBLIC        LCD_D4
  B:00B0H.5       PUBLIC        LCD_D5
BL51 BANKED LINKER/LOCATER V6.22                                                      05/28/2019  13:42:09  PAGE 19


  B:00B0H.6       PUBLIC        LCD_D6
  C:550EH         PUBLIC        _DisplayLCD
  B:00B0H.7       PUBLIC        LCD_D7
  D:0098H         PUBLIC        SCON
  D:0088H         PUBLIC        TCON
  C:55F8H         PUBLIC        _abs
  C:56B0H         PUBLIC        LCD_clear
  C:51F1H         PUBLIC        _Command
  C:55A5H         PUBLIC        _Display_Line
  C:50C0H         PUBLIC        LCD_Init
  C:5471H         PUBLIC        _Wait_ms
  B:00C0H.0       PUBLIC        LCD_RS
  B:0090H.3       PUBLIC        LCD_RW
  C:56A6H         PUBLIC        LCD_return_home
  C:412BH         PUBLIC        _Display_Pos
  B:00B0H.3       PUBLIC        LCD_E
  D:00D0H         PUBLIC        PSW
  -------         PROC          LCD_INIT
  C:50C0H         LINE#         9
  C:50C0H         LINE#         10
  C:50C0H         LINE#         11
  C:50C3H         LINE#         12
  C:50C6H         LINE#         14
  C:50CCH         LINE#         15
  C:50D1H         LINE#         17
  C:50D8H         LINE#         18
  C:50DDH         LINE#         20
  C:50E0H         LINE#         21
  C:50E5H         LINE#         23
  C:50E8H         LINE#         24
  C:50EDH         LINE#         26
  C:50F4H         LINE#         29
  C:50F9H         LINE#         30
  C:50FEH         LINE#         32
  C:5103H         LINE#         33
  C:5108H         LINE#         35
  C:510DH         LINE#         36
  C:5112H         LINE#         37
  -------         ENDPROC       LCD_INIT
  C:4F0CH         SYMBOL        L?0038
  -------         PROC          L?0037
  -------         ENDPROC       L?0037
  C:4F0CH         SYMBOL        L?0038
  -------         PROC          _WRITEDATA
  X:04DEH         SYMBOL        dat
  C:4F10H         LINE#         40
  C:4F15H         LINE#         41
  C:4F15H         LINE#         46
  C:4F17H         LINE#         47
  C:4F19H         LINE#         49
  C:4F27H         LINE#         50
  C:4F33H         LINE#         51
  C:4F3FH         LINE#         52
  C:4F49H         LINE#         53
  C:4F4BH         LINE#         54
  C:4F52H         LINE#         55
  C:4F54H         LINE#         57
BL51 BANKED LINKER/LOCATER V6.22                                                      05/28/2019  13:42:09  PAGE 20


  C:4F64H         LINE#         58
  C:4F6FH         LINE#         59
  C:4F79H         LINE#         60
  C:4F7DH         LINE#         62
  C:4F7DH         LINE#         63
  C:4F80H         LINE#         64
  C:4F82H         LINE#         65
  C:4F84H         LINE#         67
  -------         ENDPROC       _WRITEDATA
  -------         PROC          _COMMAND
  D:0007H         SYMBOL        dat
  C:51F1H         LINE#         69
  C:51F1H         LINE#         70
  C:51F1H         LINE#         71
  C:51F3H         LINE#         72
  C:51F5H         LINE#         74
  C:51FFH         LINE#         75
  C:5203H         LINE#         77
  C:5205H         LINE#         78
  C:520EH         LINE#         79
  C:5212H         LINE#         81
  C:5214H         LINE#         82
  C:521BH         LINE#         83
  C:521FH         LINE#         85
  C:5221H         LINE#         86
  C:5225H         LINE#         87
  C:5229H         LINE#         89
  C:522BH         LINE#         90
  C:522BH         LINE#         91
  C:522EH         LINE#         92
  C:5230H         LINE#         93
  -------         ENDPROC       _COMMAND
  C:546DH         SYMBOL        L?0040
  -------         PROC          L?0039
  -------         ENDPROC       L?0039
  C:546DH         SYMBOL        L?0040
  -------         PROC          _WAIT_MS
  D:0006H         SYMBOL        ms
  -------         DO            
  D:0004H         SYMBOL        De_Cnt
  -------         ENDDO         
  C:5471H         LINE#         95
  C:5471H         LINE#         96
  C:5471H         LINE#         98
  C:547BH         LINE#         99
  C:547BH         LINE#         100
  C:548EH         LINE#         101
  C:548EH         LINE#         102
  -------         ENDPROC       _WAIT_MS
  -------         PROC          _DISPLAYLCD
  D:0007H         SYMBOL        BCD
  -------         DO            
  D:0006H         SYMBOL        first_digit
  X:03F4H         SYMBOL        second_digit
  -------         ENDDO         
  C:550EH         LINE#         103
  C:550EH         LINE#         104
BL51 BANKED LINKER/LOCATER V6.22                                                      05/28/2019  13:42:09  PAGE 21


  C:550EH         LINE#         106
  C:5515H         LINE#         107
  C:551EH         LINE#         109
  C:5523H         LINE#         111
  -------         ENDPROC       _DISPLAYLCD
  -------         PROC          LCD_RETURN_HOME
  C:56A6H         LINE#         115
  C:56A6H         LINE#         116
  C:56A6H         LINE#         117
  C:56ABH         LINE#         118
  -------         ENDPROC       LCD_RETURN_HOME
  -------         PROC          LCD_CLEAR
  C:56B0H         LINE#         121
  C:56B0H         LINE#         122
  C:56B0H         LINE#         123
  C:56B5H         LINE#         124
  -------         ENDPROC       LCD_CLEAR
  -------         PROC          _DISPLAY_LINE
  D:0006H         SYMBOL        line
  C:55A5H         LINE#         128
  C:55A5H         LINE#         129
  C:55A5H         LINE#         130
  C:55ABH         LINE#         131
  C:55ABH         LINE#         132
  C:55ADH         LINE#         133
  C:55ADH         LINE#         134
  C:55AFH         LINE#         136
  C:55AFH         LINE#         137
  C:55B4H         LINE#         138
  C:55B9H         LINE#         139
  C:55B9H         LINE#         140
  -------         ENDPROC       _DISPLAY_LINE
  -------         PROC          _DISPLAY_POS
  X:04D3H         SYMBOL        sign_dat
  -------         DO            
  X:04D7H         SYMBOL        unit
  X:04D8H         SYMBOL        ten
  X:04D9H         SYMBOL        hundred
  X:04DAH         SYMBOL        thousand
  X:04DBH         SYMBOL        after_dot
  X:04DCH         SYMBOL        dat
  -------         ENDDO         
  C:412BH         LINE#         142
  C:4131H         LINE#         143
  C:4131H         LINE#         147
  C:414DH         LINE#         148
  C:4167H         LINE#         149
  C:418BH         LINE#         151
  C:41D5H         LINE#         153
  C:41ECH         LINE#         154
  C:41FEH         LINE#         155
  C:4223H         LINE#         156
  C:423DH         LINE#         157
  C:4255H         LINE#         158
  C:4255H         LINE#         159
  C:4255H         LINE#         160
  C:4255H         LINE#         161
BL51 BANKED LINKER/LOCATER V6.22                                                      05/28/2019  13:42:09  PAGE 22


  C:4255H         LINE#         162
  C:4255H         LINE#         163
  C:4255H         LINE#         164
  C:4255H         LINE#         168
  C:4257H         LINE#         170
  C:4257H         LINE#         172
  C:425CH         LINE#         173
  C:4262H         LINE#         174
  C:4268H         LINE#         175
  C:426EH         LINE#         176
  C:4274H         LINE#         177
  C:4279H         LINE#         178
  C:427FH         LINE#         182
  C:427FH         LINE#         184
  -------         ENDPROC       _DISPLAY_POS
  -------         PROC          _ABS
  D:0006H         SYMBOL        dat
  C:55F8H         LINE#         186
  C:55F8H         LINE#         187
  C:55F8H         LINE#         188
  C:5603H         LINE#         189
  C:5604H         LINE#         191
  C:560BH         LINE#         192
  -------         ENDPROC       _ABS
  -------         ENDMOD        LCD_DRIVER_SPLC780D

  -------         MODULE        KEYPAD
  C:0000H         SYMBOL        _ICE_DUMMY_
  D:0093H         PUBLIC        P0M1
  D:0080H         PUBLIC        P0
  D:0090H         PUBLIC        P1
  D:00A0H         PUBLIC        P2
  D:00B0H         PUBLIC        P3
  D:00C0H         PUBLIC        P4
  D:00C8H         PUBLIC        P5
  D:00E8H         PUBLIC        P6
  D:00F8H         PUBLIC        P7
  D:00A8H         PUBLIC        IE
  C:3B27H         PUBLIC        Key_Scan
  D:00B8H         PUBLIC        IP
  D:00D8H         PUBLIC        CCON
  C:569AH         PUBLIC        KeyPad_IO_Init
  C:54F0H         PUBLIC        _Delay_ms
  D:0098H         PUBLIC        SCON
  D:0088H         PUBLIC        TCON
  X:05EFH         PUBLIC        small_move
  X:05F1H         PUBLIC        move
  X:05F3H         PUBLIC        auto_mode
  X:05F5H         PUBLIC        direction
  X:05F7H         PUBLIC        SPI_NOR_ClearEnable
  C:3254H         PUBLIC        Key_Process
  D:00D0H         PUBLIC        PSW
  D:0094H         PUBLIC        P0M0
  -------         PROC          _DELAY_MS
  D:0006H         SYMBOL        ms
  -------         DO            
  D:0004H         SYMBOL        De_Cnt
BL51 BANKED LINKER/LOCATER V6.22                                                      05/28/2019  13:42:09  PAGE 23


  -------         ENDDO         
  C:54F0H         LINE#         20
  C:54F0H         LINE#         21
  C:54F0H         LINE#         23
  C:54FAH         LINE#         24
  C:54FAH         LINE#         25
  C:550DH         LINE#         26
  C:550DH         LINE#         27
  -------         ENDPROC       _DELAY_MS
  -------         PROC          KEY_SCAN
  -------         DO            
  X:03FAH         SYMBOL        KeyTemp1
  X:03FBH         SYMBOL        KeyTemp2
  X:03FCH         SYMBOL        KeyValue
  -------         ENDDO         
  C:3B27H         LINE#         28
  C:3B27H         LINE#         29
  C:3B27H         LINE#         34
  C:3B2AH         LINE#         37
  C:3B2DH         LINE#         39
  C:3B35H         LINE#         40
  C:3B3CH         LINE#         41
  C:3B3CH         LINE#         43
  C:3B41H         LINE#         44
  C:3B48H         LINE#         45
  C:3B48H         LINE#         48
  C:3B4BH         LINE#         49
  C:3B4EH         LINE#         50
  C:3B53H         LINE#         51
  C:3B57H         LINE#         52
  C:3B57H         LINE#         53
  C:3B5FH         LINE#         54
  C:3B5FH         LINE#         55
  C:3B62H         LINE#         56
  C:3B6AH         LINE#         57
  C:3B6CH         LINE#         59
  C:3B80H         LINE#         60
  C:3B80H         LINE#         61
  C:3B80H         LINE#         62
  C:3B80H         LINE#         63
  C:3B86H         LINE#         65
  C:3B88H         LINE#         66
  C:3B88H         LINE#         67
  C:3B88H         LINE#         68
  C:3B8EH         LINE#         70
  C:3B90H         LINE#         71
  C:3B90H         LINE#         72
  C:3B90H         LINE#         73
  C:3B96H         LINE#         75
  C:3B98H         LINE#         76
  C:3B98H         LINE#         77
  C:3B98H         LINE#         78
  C:3B9EH         LINE#         80
  C:3B9EH         LINE#         81
  C:3B9EH         LINE#         82
  C:3B9EH         LINE#         85
  C:3BA1H         LINE#         86
BL51 BANKED LINKER/LOCATER V6.22                                                      05/28/2019  13:42:09  PAGE 24


  C:3BA4H         LINE#         87
  C:3BACH         LINE#         88
  C:3BB0H         LINE#         89
  C:3BB0H         LINE#         90
  C:3BB8H         LINE#         91
  C:3BB8H         LINE#         92
  C:3BBBH         LINE#         93
  C:3BC3H         LINE#         94
  C:3BC5H         LINE#         95
  C:3BD9H         LINE#         96
  C:3BD9H         LINE#         97
  C:3BD9H         LINE#         98
  C:3BD9H         LINE#         99
  C:3BDFH         LINE#         101
  C:3BE1H         LINE#         102
  C:3BE1H         LINE#         103
  C:3BE1H         LINE#         104
  C:3BE7H         LINE#         106
  C:3BE9H         LINE#         107
  C:3BE9H         LINE#         108
  C:3BE9H         LINE#         109
  C:3BEFH         LINE#         111
  C:3BF1H         LINE#         112
  C:3BF1H         LINE#         113
  C:3BF1H         LINE#         114
  C:3BF6H         LINE#         116
  C:3BF6H         LINE#         117
  C:3BF6H         LINE#         118
  C:3BF6H         LINE#         121
  C:3BF9H         LINE#         122
  C:3BFCH         LINE#         123
  C:3C04H         LINE#         124
  C:3C08H         LINE#         125
  C:3C08H         LINE#         126
  C:3C10H         LINE#         127
  C:3C10H         LINE#         128
  C:3C13H         LINE#         129
  C:3C1BH         LINE#         130
  C:3C1DH         LINE#         131
  C:3C31H         LINE#         132
  C:3C31H         LINE#         133
  C:3C31H         LINE#         134
  C:3C31H         LINE#         135
  C:3C37H         LINE#         137
  C:3C39H         LINE#         138
  C:3C39H         LINE#         139
  C:3C39H         LINE#         140
  C:3C3FH         LINE#         142
  C:3C41H         LINE#         143
  C:3C41H         LINE#         144
  C:3C41H         LINE#         145
  C:3C47H         LINE#         147
  C:3C49H         LINE#         148
  C:3C49H         LINE#         149
  C:3C49H         LINE#         150
  C:3C4FH         LINE#         152
  C:3C4FH         LINE#         153
BL51 BANKED LINKER/LOCATER V6.22                                                      05/28/2019  13:42:09  PAGE 25


  C:3C4FH         LINE#         154
  C:3C4FH         LINE#         158
  C:3C52H         LINE#         159
  C:3C55H         LINE#         160
  C:3C5DH         LINE#         161
  C:3C61H         LINE#         162
  C:3C61H         LINE#         163
  C:3C69H         LINE#         164
  C:3C69H         LINE#         165
  C:3C6CH         LINE#         166
  C:3C74H         LINE#         167
  C:3C76H         LINE#         168
  C:3C8AH         LINE#         169
  C:3C8AH         LINE#         170
  C:3C8AH         LINE#         171
  C:3C8AH         LINE#         172
  C:3C90H         LINE#         174
  C:3C92H         LINE#         175
  C:3C92H         LINE#         176
  C:3C92H         LINE#         177
  C:3C98H         LINE#         179
  C:3C9AH         LINE#         180
  C:3C9AH         LINE#         181
  C:3C9AH         LINE#         182
  C:3CA0H         LINE#         184
  C:3CA2H         LINE#         185
  C:3CA2H         LINE#         186
  C:3CA2H         LINE#         187
  C:3CA8H         LINE#         189
  C:3CA8H         LINE#         190
  C:3CA8H         LINE#         191
  C:3CA8H         LINE#         193
  C:3CAEH         LINE#         194
  C:3CAEH         LINE#         196
  C:3CAEH         LINE#         197
  C:3CB1H         LINE#         198
  C:3CB1H         LINE#         199
  C:3CB1H         LINE#         201
  C:3CB1H         LINE#         202
  C:3CB3H         LINE#         203
  C:3CB3H         LINE#         204
  -------         ENDPROC       KEY_SCAN
  -------         PROC          KEY_PROCESS
  -------         DO            
  X:05E0H         SYMBOL        KeyCount
  X:05E1H         SYMBOL        KeyNum_Old
  X:05E3H         SYMBOL        KeyNum
  X:05E5H         SYMBOL        PressedKey
  X:03F4H         SYMBOL        d
  D:0002H         SYMBOL        hours
  D:0006H         SYMBOL        mins
  X:03F6H         SYMBOL        months
  X:03F8H         SYMBOL        days
  -------         ENDDO         
  C:3254H         LINE#         205
  C:3254H         LINE#         206
  C:3254H         LINE#         210
BL51 BANKED LINKER/LOCATER V6.22                                                      05/28/2019  13:42:09  PAGE 26


  C:3263H         LINE#         211
  C:3270H         LINE#         213
  C:3274H         LINE#         214
  C:3274H         LINE#         215
  C:327AH         LINE#         217
  C:327AH         LINE#         218
  C:3291H         LINE#         219
  C:3291H         LINE#         220
  C:329BH         LINE#         221
  C:32A1H         LINE#         223
  C:32A7H         LINE#         225
  C:32A7H         LINE#         226
  C:32BEH         LINE#         227
  C:32BEH         LINE#         228
  C:32C3H         LINE#         230
  C:32C3H         LINE#         231
  C:32D3H         LINE#         232
  C:32D3H         LINE#         233
  C:32D9H         LINE#         235
  C:32D9H         LINE#         236
  C:32EBH         LINE#         237
  C:32EBH         LINE#         238
  C:32F5H         LINE#         239
  C:32FDH         LINE#         241
  C:3306H         LINE#         243
  C:3306H         LINE#         252
  C:3325H         LINE#         253
  C:3325H         LINE#         254
  C:3344H         LINE#         255
  C:334AH         LINE#         256
  C:3352H         LINE#         257
  C:3352H         LINE#         259
  C:3353H         LINE#         265
  C:335FH         LINE#         266
  C:335FH         LINE#         267
  C:337CH         LINE#         268
  C:3393H         LINE#         269
  C:33AAH         LINE#         270
  C:33AAH         LINE#         271
  C:33BDH         LINE#         272
  C:33D0H         LINE#         273
  C:33D0H         LINE#         274
  C:33D0H         LINE#         275
  C:33D3H         LINE#         280
  C:33E2H         LINE#         281
  C:33E2H         LINE#         282
  C:3405H         LINE#         283
  C:3422H         LINE#         284
  C:342BH         LINE#         285
  C:342BH         LINE#         286
  C:3432H         LINE#         287
  C:3432H         LINE#         288
  C:3443H         LINE#         289
  C:3443H         LINE#         290
  C:3452H         LINE#         291
  C:3452H         LINE#         292
  C:3452H         LINE#         293
BL51 BANKED LINKER/LOCATER V6.22                                                      05/28/2019  13:42:09  PAGE 27


  C:3455H         LINE#         295
  C:3455H         LINE#         296
  C:3461H         LINE#         297
  C:3461H         LINE#         298
  C:3473H         LINE#         299
  C:3473H         LINE#         300
  C:3483H         LINE#         301
  C:3483H         LINE#         302
  C:3483H         LINE#         304
  C:3485H         LINE#         306
  C:3485H         LINE#         307
  C:3494H         LINE#         308
  C:3494H         LINE#         309
  C:34A4H         LINE#         310
  C:34A4H         LINE#         311
  C:34A4H         LINE#         313
  C:34A4H         LINE#         315
  C:34A4H         LINE#         316
  C:34A6H         LINE#         318
  C:34A6H         LINE#         319
  C:34ADH         LINE#         320
  C:34ADH         LINE#         321
  C:34BCH         LINE#         322
  C:34BCH         LINE#         323
  C:34CCH         LINE#         324
  C:34CCH         LINE#         325
  C:34CCH         LINE#         326
  C:34CEH         LINE#         328
  C:34CEH         LINE#         329
  C:34DDH         LINE#         330
  C:34DDH         LINE#         331
  C:34F0H         LINE#         332
  C:3503H         LINE#         333
  C:3503H         LINE#         334
  C:3503H         LINE#         335
  C:3503H         LINE#         336
  C:350CH         LINE#         338
  C:350CH         LINE#         340
  C:3546H         LINE#         341
  C:3546H         LINE#         342
  C:354DH         LINE#         343
  C:354DH         LINE#         344
  C:3557H         LINE#         345
  C:3557H         LINE#         346
  C:355AH         LINE#         347
  C:355FH         LINE#         348
  C:3564H         LINE#         349
  C:3569H         LINE#         350
  C:356EH         LINE#         351
  C:3573H         LINE#         352
  C:3578H         LINE#         353
  C:357DH         LINE#         354
  C:357DH         LINE#         355
  C:357DH         LINE#         357
  C:359BH         LINE#         358
  C:359BH         LINE#         359
  C:35A2H         LINE#         360
BL51 BANKED LINKER/LOCATER V6.22                                                      05/28/2019  13:42:09  PAGE 28


  C:35A2H         LINE#         361
  C:35A7H         LINE#         362
  C:35B0H         LINE#         363
  C:35CFH         LINE#         364
  C:35CFH         LINE#         365
  C:35DFH         LINE#         367
  C:35DFH         LINE#         371
  -------         ENDPROC       KEY_PROCESS
  -------         PROC          KEYPAD_IO_INIT
  C:569AH         LINE#         374
  C:569AH         LINE#         375
  C:569AH         LINE#         376
  C:569DH         LINE#         377
  C:56A0H         LINE#         378
  C:56A3H         LINE#         379
  C:56A5H         LINE#         380
  -------         ENDPROC       KEYPAD_IO_INIT
  -------         ENDMOD        KEYPAD

  -------         MODULE        BIPOLARMOTOR
  C:0000H         SYMBOL        _ICE_DUMMY_
  X:0000H         PUBLIC        UTC_time
  D:0080H         PUBLIC        P0
  D:0090H         PUBLIC        P1
  X:0004H         PUBLIC        RX_pos_test
  D:00A0H         PUBLIC        P2
  D:00B0H         PUBLIC        P3
  D:00C0H         PUBLIC        P4
  D:00C8H         PUBLIC        P5
  D:00E8H         PUBLIC        P6
  D:00F8H         PUBLIC        P7
  X:00A4H         PUBLIC        low_date_azimuth_mapping
  D:00A8H         PUBLIC        IE
  C:48D0H         PUBLIC        linear_interpolate
  X:00CCH         PUBLIC        declination
  C:53F7H         PUBLIC        _Move
  D:00B8H         PUBLIC        IP
  X:00D0H         PUBLIC        time_offset
  D:00D8H         PUBLIC        CCON
  X:00D4H         PUBLIC        previous_move_time
  X:00D5H         PUBLIC        time
  D:0098H         PUBLIC        SCON
  D:0088H         PUBLIC        TCON
  C:5231H         PUBLIC        _Step_move
  X:00E7H         PUBLIC        dat
  X:00EDH         PUBLIC        current_local_sun_time
  C:1E13H         PUBLIC        _Update_position
  C:35E0H         PUBLIC        _elevation_calculation
  X:00F1H         PUBLIC        sunCoord
  C:5119H         PUBLIC        vOneStepMove
  X:00F4H         PUBLIC        elevation_stamp
  X:0130H         PUBLIC        date_azimuth_mapping
  X:0158H         PUBLIC        location
  X:0160H         PUBLIC        RX_pos
  C:55BAH         PUBLIC        vSetLocation
  C:5535H         PUBLIC        _BCDtoDec1
  X:03B8H         PUBLIC        degree
BL51 BANKED LINKER/LOCATER V6.22                                                      05/28/2019  13:42:09  PAGE 29


  C:294BH         PUBLIC        _TheoricalJP_Position
  D:00D0H         PUBLIC        PSW
  -------         PROC          VSETLOCATION
  C:55BAH         LINE#         44
  C:55BAH         LINE#         45
  C:55BAH         LINE#         46
  C:55C4H         LINE#         47
  C:55CEH         LINE#         48
  -------         ENDPROC       VSETLOCATION
  C:5531H         SYMBOL        L?0060
  -------         PROC          L?0059
  -------         ENDPROC       L?0059
  C:5531H         SYMBOL        L?0060
  -------         PROC          _BCDTODEC1
  D:0007H         SYMBOL        bcd
  -------         DO            
  D:0006H         SYMBOL        hi
  D:0007H         SYMBOL        lo
  -------         ENDDO         
  C:5535H         LINE#         49
  C:5535H         LINE#         50
  C:5535H         LINE#         52
  C:553AH         LINE#         53
  C:553EH         LINE#         54
  C:5545H         LINE#         55
  -------         ENDPROC       _BCDTODEC1
  -------         PROC          VONESTEPMOVE
  B:0020H.3       SYMBOL        bDir
  C:5119H         LINE#         59
  C:5119H         LINE#         60
  C:5119H         LINE#         62
  C:511FH         LINE#         63
  C:511FH         LINE#         64
  C:5122H         LINE#         65
  C:512BH         LINE#         66
  C:5132H         LINE#         67
  C:5137H         LINE#         68
  C:5137H         LINE#         69
  C:5137H         LINE#         71
  C:5139H         LINE#         74
  C:5139H         LINE#         75
  C:513CH         LINE#         76
  C:5145H         LINE#         77
  C:514CH         LINE#         78
  C:5152H         LINE#         79
  C:515BH         LINE#         80
  C:5162H         LINE#         81
  C:5162H         LINE#         85
  -------         ENDPROC       VONESTEPMOVE
  -------         PROC          _STEP_MOVE
  X:04D7H         SYMBOL        step
  B:0020H.2       SYMBOL        dir
  -------         DO            
  X:04D9H         SYMBOL        i
  -------         ENDDO         
  C:5231H         LINE#         87
  C:5239H         LINE#         88
BL51 BANKED LINKER/LOCATER V6.22                                                      05/28/2019  13:42:09  PAGE 30


  C:5239H         LINE#         90
  C:523EH         LINE#         93
  C:5259H         LINE#         94
  C:5259H         LINE#         95
  C:5260H         LINE#         97
  C:5270H         LINE#         99
  -------         ENDPROC       _STEP_MOVE
  -------         PROC          _MOVE
  X:04D3H         SYMBOL        distance
  B:0020H.1       SYMBOL        direction
  -------         DO            
  D:0006H         SYMBOL        step
  -------         ENDDO         
  C:53F7H         LINE#         101
  C:53FDH         LINE#         102
  C:53FDH         LINE#         105
  C:5418H         LINE#         106
  -------         ENDPROC       _MOVE
  C:48BFH         SYMBOL        L?0058
  -------         PROC          L?0057
  -------         ENDPROC       L?0057
  C:48BFH         SYMBOL        L?0058
  -------         PROC          LINEAR_INTERPOLATE
  X:049AH         SYMBOL        p1
  X:04A2H         SYMBOL        p2
  X:04AAH         SYMBOL        x
  -------         DO            
  D:0004H         SYMBOL        fx
  -------         ENDDO         
  C:48D0H         LINE#         139
  C:48D0H         LINE#         140
  C:48D0H         LINE#         143
  C:496FH         LINE#         145
  C:496FH         LINE#         146
  -------         ENDPROC       LINEAR_INTERPOLATE
  -------         PROC          _THEORICALJP_POSITION
  X:043EH         SYMBOL        azimuth
  X:0442H         SYMBOL        elevation
  -------         DO            
  X:0446H         SYMBOL        pos_interpolate_azimuth
  X:0482H         SYMBOL        JP_pos
  X:0486H         SYMBOL        i
  X:0488H         SYMBOL        yy
  X:048AH         SYMBOL        p1
  X:0492H         SYMBOL        p2
  -------         ENDDO         
  C:294BH         LINE#         149
  C:2951H         LINE#         150
  C:2951H         LINE#         152
  C:295BH         LINE#         155
  C:2977H         LINE#         156
  C:2977H         LINE#         157
  C:29E7H         LINE#         158
  C:29E7H         LINE#         159
  C:29EEH         LINE#         160
  C:29EEH         LINE#         161
  C:2A1BH         LINE#         162
BL51 BANKED LINKER/LOCATER V6.22                                                      05/28/2019  13:42:09  PAGE 31


  C:2A36H         LINE#         164
  C:2A7DH         LINE#         165
  C:2AB1H         LINE#         167
  C:2AF7H         LINE#         168
  C:2B1CH         LINE#         170
  C:2B1CH         LINE#         172
  C:2B92H         LINE#         173
  C:2B92H         LINE#         174
  C:2B99H         LINE#         175
  C:2B99H         LINE#         176
  C:2BC6H         LINE#         177
  C:2BE1H         LINE#         179
  C:2C28H         LINE#         180
  C:2C5CH         LINE#         182
  C:2CA2H         LINE#         183
  C:2CC4H         LINE#         185
  C:2CC4H         LINE#         186
  C:2CD8H         LINE#         189
  C:2CF4H         LINE#         190
  C:2CF4H         LINE#         191
  C:2D64H         LINE#         192
  C:2D64H         LINE#         193
  C:2D91H         LINE#         194
  C:2DACH         LINE#         196
  C:2DD9H         LINE#         197
  C:2DF4H         LINE#         199
  C:2E26H         LINE#         202
  C:2E26H         LINE#         204
  C:2E37H         LINE#         205
  C:2E45H         LINE#         207
  -------         ENDPROC       _THEORICALJP_POSITION
  -------         PROC          _UPDATE_POSITION
  D:0001H         SYMBOL        mnths
  D:0002H         SYMBOL        dys
  X:041AH         SYMBOL        hurs
  X:041BH         SYMBOL        mns
  X:041CH         SYMBOL        sconds
  X:041DH         SYMBOL        currnt_pos
  X:0420H         SYMBOL        offset_calib
  -------         DO            
  X:0424H         SYMBOL        date
  X:0426H         SYMBOL        i
  X:0428H         SYMBOL        yy
  X:042AH         SYMBOL        desired_distance
  X:042EH         SYMBOL        distance
  X:0432H         SYMBOL        JP_pos
  X:0436H         SYMBOL        elevation
  X:043AH         SYMBOL        azimuth
  -------         ENDDO         
  C:1E13H         LINE#         210
  C:1E1CH         LINE#         213
  C:1E1CH         LINE#         214
  C:1E27H         LINE#         216
  C:1E43H         LINE#         223
  C:1E4DH         LINE#         224
  C:1E58H         LINE#         225
  C:1E63H         LINE#         226
BL51 BANKED LINKER/LOCATER V6.22                                                      05/28/2019  13:42:09  PAGE 32


  C:1E7CH         LINE#         227
  C:1E8DH         LINE#         228
  C:1E9CH         LINE#         231
  C:1EB0H         LINE#         235
  C:1F02H         LINE#         236
  C:2066H         LINE#         237
  C:20B6H         LINE#         240
  C:21DEH         LINE#         243
  C:22ADH         LINE#         250
  C:22F4H         LINE#         251
  C:22F4H         LINE#         253
  C:231FH         LINE#         254
  C:234EH         LINE#         256
  C:2373H         LINE#         257
  C:23D8H         LINE#         258
  C:23D8H         LINE#         259
  C:23F2H         LINE#         260
  C:2404H         LINE#         261
  C:241CH         LINE#         262
  C:2432H         LINE#         264
  C:244EH         LINE#         265
  C:244EH         LINE#         266
  C:244EH         LINE#         269
  -------         ENDPROC       _UPDATE_POSITION
  -------         PROC          _ELEVATION_CALCULATION
  D:0007H         SYMBOL        mnths
  D:0005H         SYMBOL        dys
  X:03F6H         SYMBOL        hurs
  X:03F7H         SYMBOL        mns
  X:03F8H         SYMBOL        sconds
  C:35E0H         LINE#         271
  C:35E5H         LINE#         273
  C:35E5H         LINE#         274
  C:35EFH         LINE#         275
  C:35F8H         LINE#         276
  C:3603H         LINE#         277
  C:361CH         LINE#         278
  C:3630H         LINE#         279
  C:3642H         LINE#         283
  C:3694H         LINE#         284
  C:37F8H         LINE#         285
  C:3848H         LINE#         287
  C:395FH         LINE#         289
  -------         ENDPROC       _ELEVATION_CALCULATION
  -------         ENDMOD        BIPOLARMOTOR

  -------         MODULE        SUNPOS
  C:0000H         SYMBOL        _ICE_DUMMY_
  C:1671H         PUBLIC        sunpos
  -------         PROC          SUNPOS
  X:043EH         SYMBOL        udtTime
  X:0450H         SYMBOL        udtLocation
  X:0458H         SYMBOL        udtSunCoordinates
  -------         DO            
  X:045BH         SYMBOL        dElapsedJulianDays
  X:045FH         SYMBOL        dDecimalHours
  X:0463H         SYMBOL        dEclipticLongitude
BL51 BANKED LINKER/LOCATER V6.22                                                      05/28/2019  13:42:09  PAGE 33


  X:0467H         SYMBOL        dEclipticObliquity
  X:046BH         SYMBOL        dRightAscension
  X:046FH         SYMBOL        dDeclination
  X:0473H         SYMBOL        dY
  X:0477H         SYMBOL        dX
  -------         DO            
  X:047BH         SYMBOL        dJulianDate
  X:047FH         SYMBOL        liAux1
  X:0483H         SYMBOL        liAux2
  X:047BH         SYMBOL        dMeanLongitude
  X:047FH         SYMBOL        dMeanAnomaly
  X:0483H         SYMBOL        dOmega
  X:047BH         SYMBOL        dSin_EclipticLongitude
  X:047BH         SYMBOL        dGreenwichMeanSiderealTime
  X:047FH         SYMBOL        dLocalMeanSiderealTime
  X:0483H         SYMBOL        dLatitudeInRadians
  X:0487H         SYMBOL        dHourAngle
  X:048BH         SYMBOL        dCos_Latitude
  X:048FH         SYMBOL        dSin_Latitude
  X:0493H         SYMBOL        dCos_HourAngle
  X:0497H         SYMBOL        dParallax
  -------         ENDDO         
  -------         DO            
  X:047BH         SYMBOL        dMeanLongitude
  X:047FH         SYMBOL        dMeanAnomaly
  X:0483H         SYMBOL        dOmega
  X:047BH         SYMBOL        dSin_EclipticLongitude
  X:047BH         SYMBOL        dGreenwichMeanSiderealTime
  X:047FH         SYMBOL        dLocalMeanSiderealTime
  X:0483H         SYMBOL        dLatitudeInRadians
  X:0487H         SYMBOL        dHourAngle
  X:048BH         SYMBOL        dCos_Latitude
  X:048FH         SYMBOL        dSin_Latitude
  X:0493H         SYMBOL        dCos_HourAngle
  X:0497H         SYMBOL        dParallax
  -------         ENDDO         
  -------         DO            
  X:047BH         SYMBOL        dSin_EclipticLongitude
  X:047BH         SYMBOL        dGreenwichMeanSiderealTime
  X:047FH         SYMBOL        dLocalMeanSiderealTime
  X:0483H         SYMBOL        dLatitudeInRadians
  X:0487H         SYMBOL        dHourAngle
  X:048BH         SYMBOL        dCos_Latitude
  X:048FH         SYMBOL        dSin_Latitude
  X:0493H         SYMBOL        dCos_HourAngle
  X:0497H         SYMBOL        dParallax
  -------         ENDDO         
  -------         DO            
  X:047BH         SYMBOL        dGreenwichMeanSiderealTime
  X:047FH         SYMBOL        dLocalMeanSiderealTime
  X:0483H         SYMBOL        dLatitudeInRadians
  X:0487H         SYMBOL        dHourAngle
  X:048BH         SYMBOL        dCos_Latitude
  X:048FH         SYMBOL        dSin_Latitude
  X:0493H         SYMBOL        dCos_HourAngle
  X:0497H         SYMBOL        dParallax
  -------         ENDDO         
BL51 BANKED LINKER/LOCATER V6.22                                                      05/28/2019  13:42:09  PAGE 34


  -------         ENDDO         
  C:1671H         LINE#         6
  C:1671H         LINE#         7
  C:1671H         LINE#         9
  C:1671H         LINE#         27
  C:16BBH         LINE#         30
  C:16DCH         LINE#         31
  C:1823H         LINE#         34
  C:186FH         LINE#         36
  C:188EH         LINE#         37
  C:188EH         LINE#         42
  C:188EH         LINE#         46
  C:18C0H         LINE#         47
  C:18EAH         LINE#         48
  C:1914H         LINE#         49
  C:19C1H         LINE#         52
  C:1A22H         LINE#         54
  C:1A22H         LINE#         59
  C:1A22H         LINE#         61
  C:1A39H         LINE#         62
  C:1A61H         LINE#         63
  C:1A78H         LINE#         64
  C:1AA3H         LINE#         65
  C:1ADAH         LINE#         66
  C:1B05H         LINE#         67
  C:1B05H         LINE#         70
  C:1B05H         LINE#         79
  C:1B40H         LINE#         82
  C:1B7AH         LINE#         84
  C:1B9FH         LINE#         85
  C:1BBEH         LINE#         86
  C:1BD5H         LINE#         87
[...]
  C:4BFAH         LINE#         292
  C:4BFAH         LINE#         294
  C:4BFEH         LINE#         295
  C:4BFEH         LINE#         297
  C:4C1DH         LINE#         301
  C:4C1FH         LINE#         302
  C:4C22H         LINE#         303
  C:4C24H         LINE#         304
  -------         ENDPROC       UCREAD_STATUS_REGISTER_BYTE1
  -------         PROC          SPI_NOR_WRITE_DATA
  X:03F4H         SYMBOL        dat
  X:03FFH         SYMBOL        addr
  C:3CB4H         LINE#         306
  C:3CB4H         LINE#         307
  C:3CB4H         LINE#         309
  C:3CB7H         LINE#         311
  C:3CD1H         LINE#         312
  C:3CEFH         LINE#         314
  C:3CF6H         LINE#         315
  C:3CF9H         LINE#         317
  C:3D13H         LINE#         318
  C:3D13H         LINE#         319
  C:3D13H         LINE#         322
  C:3D16H         LINE#         324
  C:3D30H         LINE#         325
  C:3D30H         LINE#         326
  C:3D30H         LINE#         328
  C:3D33H         LINE#         330
  C:3D4DH         LINE#         331
  C:3D4DH         LINE#         332
  C:3D4DH         LINE#         334
  C:3D50H         LINE#         336
  C:3D6AH         LINE#         337
  C:3D6AH         LINE#         338
  C:3D6AH         LINE#         340
  C:3D6DH         LINE#         342
  C:3D87H         LINE#         343
  C:3D87H         LINE#         344
  C:3D87H         LINE#         346
  C:3D8AH         LINE#         348
  C:3DA4H         LINE#         349
  C:3DA4H         LINE#         350
BL51 BANKED LINKER/LOCATER V6.22                                                      05/28/2019  13:42:09  PAGE 49


  C:3DA4H         LINE#         352
  C:3DA7H         LINE#         354
  C:3DC1H         LINE#         355
  C:3DC1H         LINE#         356
  C:3DC1H         LINE#         358
  C:3DC4H         LINE#         360
  C:3DDEH         LINE#         361
  C:3DDEH         LINE#         362
  C:3DDEH         LINE#         364
  C:3DE1H         LINE#         366
  C:3DFBH         LINE#         367
  C:3DFBH         LINE#         368
  C:3DFBH         LINE#         370
  C:3DFEH         LINE#         372
  C:3E18H         LINE#         373
  C:3E1FH         LINE#         374
  -------         ENDPROC       SPI_NOR_WRITE_DATA
  -------         ENDMOD        AT25SF041

  -------         MODULE        SI1120
  C:0000H         SYMBOL        _ICE_DUMMY_
  D:0080H         PUBLIC        P0
  D:00B2H         PUBLIC        P3M0
  D:0090H         PUBLIC        P1
  D:00B1H         PUBLIC        P3M1
  D:00A0H         PUBLIC        P2
  D:00B0H         PUBLIC        P3
  D:00C0H         PUBLIC        P4
  D:00C8H         PUBLIC        P5
  B:00A8H.7       PUBLIC        EA
  D:00E8H         PUBLIC        P6
  D:00F8H         PUBLIC        P7
  D:00A8H         PUBLIC        IE
  D:00B8H         PUBLIC        IP
  C:531BH         PUBLIC        SI1120_CONFIG_MODE_VIRH
  D:00D8H         PUBLIC        CCON
  D:0098H         PUBLIC        SCON
  D:0088H         PUBLIC        TCON
  C:568DH         PUBLIC        Enable_EXTINT0
  B:0090H.5       PUBLIC        SI1120_STX
  B:0088H.0       PUBLIC        IT0
  B:00A8H.0       PUBLIC        EX0
  B:0090H.4       PUBLIC        SI1120_MD
  B:0090H.6       PUBLIC        SI1120_SC
  D:00D0H         PUBLIC        PSW
  -------         PROC          SI1120_CONFIG_MODE_VIRH
  C:531BH         LINE#         4
  C:531BH         LINE#         5
  C:531BH         LINE#         6
  C:531DH         LINE#         7
  C:531FH         LINE#         8
  C:5321H         LINE#         10
  C:5328H         LINE#         11
  C:532AH         LINE#         13
  C:532CH         LINE#         14
  C:532EH         LINE#         16
  C:5335H         LINE#         18
BL51 BANKED LINKER/LOCATER V6.22                                                      05/28/2019  13:42:09  PAGE 50


  C:5337H         LINE#         20
  C:533EH         LINE#         23
  C:5340H         LINE#         25
  C:5342H         LINE#         27
  C:5349H         LINE#         29
  C:534BH         LINE#         31
  -------         ENDPROC       SI1120_CONFIG_MODE_VIRH
  -------         PROC          ENABLE_EXTINT0
  C:568DH         LINE#         33
  C:568DH         LINE#         34
  C:568DH         LINE#         35
  C:5690H         LINE#         36
  C:5693H         LINE#         37
  C:5695H         LINE#         38
  C:5697H         LINE#         39
  C:5699H         LINE#         40
  -------         ENDPROC       ENABLE_EXTINT0
  -------         ENDMOD        SI1120

  -------         MODULE        UART1
  C:0000H         SYMBOL        _ICE_DUMMY_
  D:0080H         PUBLIC        P0
  D:0090H         PUBLIC        P1
  D:00A0H         PUBLIC        P2
  D:00B0H         PUBLIC        P3
  D:00C0H         PUBLIC        P4
  D:00C8H         PUBLIC        P5
  C:53A2H         PUBLIC        _uart1_SendToTCPServer
  B:00A8H.7       PUBLIC        EA
  D:00E8H         PUBLIC        P6
  D:00F8H         PUBLIC        P7
  C:52E8H         PUBLIC        _SendString
  D:00A8H         PUBLIC        IE
  B:00A8H.4       PUBLIC        ES
  D:00B8H         PUBLIC        IP
  C:5578H         PUBLIC        _ASCIItoBCD
  D:00D8H         PUBLIC        CCON
  C:5642H         PUBLIC        initUART1
  D:0098H         PUBLIC        SCON
  D:0088H         PUBLIC        TCON
  C:56DDH         PUBLIC        _DectoBCD
  C:001EH         PUBLIC        _ASCII_Letter
  D:008EH         PUBLIC        AUXR
  C:0006H         PUBLIC        _unit
  C:56D2H         PUBLIC        _ten
  D:00D6H         PUBLIC        T2H
  D:00D7H         PUBLIC        T2L
  C:56C3H         PUBLIC        uart1_InitTCPConn
  D:00D0H         PUBLIC        PSW
  -------         PROC          INITUART1
  C:5642H         LINE#         24
  C:5642H         LINE#         25
  C:5642H         LINE#         26
  C:5645H         LINE#         27
  C:5648H         LINE#         28
  C:564BH         LINE#         29
  C:564EH         LINE#         30
BL51 BANKED LINKER/LOCATER V6.22                                                      05/28/2019  13:42:09  PAGE 51


  C:5650H         LINE#         31
  C:5652H         LINE#         33
  -------         ENDPROC       INITUART1
  -------         PROC          _SENDSTRING
  X:03F7H         SYMBOL        s
  C:52E8H         LINE#         38
  C:52F3H         LINE#         39
  C:52F3H         LINE#         40
  C:5303H         LINE#         41
  C:5303H         LINE#         42
  C:5318H         LINE#         43
  C:531AH         LINE#         44
  -------         ENDPROC       _SENDSTRING
  -------         PROC          _TEN
  D:0007H         SYMBOL        BCD
  C:56D2H         LINE#         46
  C:56D2H         LINE#         47
  C:56D2H         LINE#         48
  C:56D7H         LINE#         49
  -------         ENDPROC       _TEN
  -------         PROC          _UNIT
  D:0007H         SYMBOL        BCD
  C:0006H         LINE#         50
  C:0006H         LINE#         51
  C:0006H         LINE#         55
  C:000AH         LINE#         56
  -------         ENDPROC       _UNIT
  -------         PROC          _DECTOBCD
  D:0007H         SYMBOL        dec
  C:56DDH         LINE#         57
  C:56DDH         LINE#         58
  C:56DDH         LINE#         60
  C:56DDH         LINE#         61
  -------         ENDPROC       _DECTOBCD
  -------         PROC          _ASCII_LETTER
  D:0007H         SYMBOL        dat
  C:001EH         LINE#         63
  C:001EH         LINE#         64
  C:001EH         LINE#         66
  C:0022H         LINE#         67
  -------         ENDPROC       _ASCII_LETTER
  -------         PROC          _ASCIITOBCD
  D:0001H         SYMBOL        ascii
  -------         DO            
  D:0007H         SYMBOL        dec_val
  D:0006H         SYMBOL        ten
  D:0007H         SYMBOL        unit
  -------         ENDDO         
  C:5578H         LINE#         69
  C:5578H         LINE#         70
  C:5578H         LINE#         72
  C:557BH         LINE#         73
  C:5581H         LINE#         74
  C:5588H         LINE#         75
  C:558EH         LINE#         77
  -------         ENDPROC       _ASCIITOBCD
  -------         PROC          UART1_INITTCPCONN
BL51 BANKED LINKER/LOCATER V6.22                                                      05/28/2019  13:42:09  PAGE 52


  C:56C3H         LINE#         79
  C:56C3H         LINE#         80
  C:56C3H         LINE#         84
  -------         ENDPROC       UART1_INITTCPCONN
  -------         PROC          _UART1_SENDTOTCPSERVER
  X:03F4H         SYMBOL        str
  C:53A2H         LINE#         88
  C:53ADH         LINE#         89
  C:53ADH         LINE#         90
  C:53B6H         LINE#         91
  C:53C4H         LINE#         92
  -------         ENDPROC       _UART1_SENDTOTCPSERVER
  -------         ENDMOD        UART1

  -------         MODULE        ?C_STARTUP
  C:4DF8H         SEGMENT       ?C_C51STARTUP
  I:0021H         SEGMENT       ?STACK
  C:0000H         PUBLIC        ?C_STARTUP
  D:00E0H         SYMBOL        ACC
  D:00F0H         SYMBOL        B
  D:0083H         SYMBOL        DPH
  D:0082H         SYMBOL        DPL
  N:0000H         SYMBOL        IBPSTACK
  N:0100H         SYMBOL        IBPSTACKTOP
  N:0080H         SYMBOL        IDATALEN
  C:4DFBH         SYMBOL        IDATALOOP
  N:0000H         SYMBOL        PBPSTACK
  N:0100H         SYMBOL        PBPSTACKTOP
  N:0000H         SYMBOL        PDATALEN
  N:0000H         SYMBOL        PDATASTART
  N:0000H         SYMBOL        PPAGE
  N:0000H         SYMBOL        PPAGEENABLE
  D:00A0H         SYMBOL        PPAGE_SFR
  D:0081H         SYMBOL        SP
  C:4DF8H         SYMBOL        STARTUP1
  N:0000H         SYMBOL        XBPSTACK
  N:0000H         SYMBOL        XBPSTACKTOP
  N:0000H         SYMBOL        XDATALEN
  N:0000H         SYMBOL        XDATASTART
  C:0000H         LINE#         126
  C:4DF8H         LINE#         133
  C:4DFAH         LINE#         134
  C:4DFBH         LINE#         135
  C:4DFCH         LINE#         136
  C:4DFEH         LINE#         185
  C:4E01H         LINE#         196
  -------         ENDMOD        ?C_STARTUP

  -------         MODULE        ?C?FPADD
  C:0CA8H         PUBLIC        ?C?FPADD
  C:0CA4H         PUBLIC        ?C?FPSUB
  -------         ENDMOD        ?C?FPADD

  -------         MODULE        ?C?FPMUL
  C:0D99H         PUBLIC        ?C?FPMUL
  -------         ENDMOD        ?C?FPMUL

BL51 BANKED LINKER/LOCATER V6.22                                                      05/28/2019  13:42:09  PAGE 53


  -------         MODULE        ?C?FPDIV
  C:0EA2H         PUBLIC        ?C?FPDIV
  -------         ENDMOD        ?C?FPDIV

  -------         MODULE        ?C?FPCMP
  C:0F41H         PUBLIC        ?C?FPCMP
  C:0F3FH         PUBLIC        ?C?FPCMP3
  -------         ENDMOD        ?C?FPCMP

  -------         MODULE        ?C?FPNEG
  C:0FB8H         PUBLIC        ?C?FPNEG
  -------         ENDMOD        ?C?FPNEG

  -------         MODULE        ?C?FCAST
  C:0FD3H         PUBLIC        ?C?FCASTC
  C:0FCEH         PUBLIC        ?C?FCASTI
  C:0FC9H         PUBLIC        ?C?FCASTL
  -------         ENDMOD        ?C?FCAST

  -------         MODULE        ?C?CASTF
  C:1007H         PUBLIC        ?C?CASTF
  -------         ENDMOD        ?C?CASTF

  -------         MODULE        ATAN2
  X:049BH         PUBLIC        ?_atan2?BYTE
  C:4C25H         PUBLIC        _atan2
  -------         ENDMOD        ATAN2

  -------         MODULE        SIN
  C:3E85H         PUBLIC        _COS
  C:3E9BH         PUBLIC        _SIN
  C:3ED7H         PUBLIC        _TAN
  -------         ENDMOD        SIN

  -------         MODULE        ACOS
  C:5163H         PUBLIC        _ACOS
  -------         ENDMOD        ACOS

  -------         MODULE        ASIN
  C:52ADH         PUBLIC        _ASIN
  -------         ENDMOD        ASIN

  -------         MODULE        POW
  X:03BCH         PUBLIC        ?_pow?BYTE
  C:3FC5H         PUBLIC        _pow
  -------         ENDMOD        POW

  -------         MODULE        ?C?CHKFLOAT
  C:1088H         PUBLIC        ?C?CHKFLOAT
  -------         ENDMOD        ?C?CHKFLOAT

  -------         MODULE        EXP
  C:4D96H         PUBLIC        _EXP
  -------         ENDMOD        EXP

  -------         MODULE        LOG
  C:42B4H         PUBLIC        _LOG
BL51 BANKED LINKER/LOCATER V6.22                                                      05/28/2019  13:42:09  PAGE 54


  C:42B0H         PUBLIC        _LOG10
  -------         ENDMOD        LOG

  -------         MODULE        SQRT
  C:4ADCH         PUBLIC        _SQRT
  -------         ENDMOD        SQRT

  -------         MODULE        ATAN
  C:43C9H         PUBLIC        _ATAN
  -------         ENDMOD        ATAN

  -------         MODULE        ?C?COPY
  C:11BFH         PUBLIC        ?C?COPY
  -------         ENDMOD        ?C?COPY

  -------         MODULE        ?C?CLDPTR
  C:11E5H         PUBLIC        ?C?CLDPTR
  -------         ENDMOD        ?C?CLDPTR

  -------         MODULE        ?C?CLDOPTR
  C:11FEH         PUBLIC        ?C?CLDOPTR
  -------         ENDMOD        ?C?CLDOPTR

  -------         MODULE        ?C?CSTPTR
  C:122BH         PUBLIC        ?C?CSTPTR
  -------         ENDMOD        ?C?CSTPTR

  -------         MODULE        ?C?IMUL
  C:123DH         PUBLIC        ?C?IMUL
  -------         ENDMOD        ?C?IMUL

  -------         MODULE        ?C?UIDIV
  C:124FH         PUBLIC        ?C?UIDIV
  -------         ENDMOD        ?C?UIDIV

  -------         MODULE        ?C?SIDIV
  C:12A4H         PUBLIC        ?C?SIDIV
  -------         ENDMOD        ?C?SIDIV

  -------         MODULE        ?C?ILDIX
  C:12DAH         PUBLIC        ?C?ILDIX
  -------         ENDMOD        ?C?ILDIX

  -------         MODULE        ?C?ILDOPTR
  C:12F0H         PUBLIC        ?C?ILDOPTR
  -------         ENDMOD        ?C?ILDOPTR

  -------         MODULE        ?C?ISTPTR
  C:1328H         PUBLIC        ?C?ISTPTR
  -------         ENDMOD        ?C?ISTPTR

  -------         MODULE        ?C?LMUL
  C:1347H         PUBLIC        ?C?LMUL
  -------         ENDMOD        ?C?LMUL

  -------         MODULE        ?C?SLDIV
  C:51ADH         PUBLIC        ?C?SLDIV
BL51 BANKED LINKER/LOCATER V6.22                                                      05/28/2019  13:42:09  PAGE 55


  -------         ENDMOD        ?C?SLDIV

  -------         MODULE        ?C?LNEG
  C:1396H         PUBLIC        ?C?LNEG
  -------         ENDMOD        ?C?LNEG

  -------         MODULE        ?C?ULCMP
  C:13A4H         PUBLIC        ?C?ULCMP
  -------         ENDMOD        ?C?ULCMP

  -------         MODULE        ?C?LSHL
  C:13B5H         PUBLIC        ?C?LSHL
  -------         ENDMOD        ?C?LSHL

  -------         MODULE        ?C?LLDPTR
  C:13C8H         PUBLIC        ?C?LLDPTR
  -------         ENDMOD        ?C?LLDPTR

  -------         MODULE        ?C?LLDOPTR
  C:13E8H         PUBLIC        ?C?LLDOPTR
  -------         ENDMOD        ?C?LLDOPTR

  -------         MODULE        ?C?LSTPTR
  C:1418H         PUBLIC        ?C?LSTPTR
  -------         ENDMOD        ?C?LSTPTR

  -------         MODULE        ?C?LSTOPTR
  C:1432H         PUBLIC        ?C?LSTOPTR
  -------         ENDMOD        ?C?LSTOPTR

  -------         MODULE        ?C?LLDXDATA
  C:1456H         PUBLIC        ?C?LLDXDATA
  -------         ENDMOD        ?C?LLDXDATA

  -------         MODULE        ?C?LLDCODE
  C:1462H         PUBLIC        ?C?LLDCODE
  -------         ENDMOD        ?C?LLDCODE

  -------         MODULE        ?C?LLDXDATA0
  C:1472H         PUBLIC        ?C?LLDXDATA0
  -------         ENDMOD        ?C?LLDXDATA0

  -------         MODULE        ?C?LLDCODE0
  C:147EH         PUBLIC        ?C?LLDCODE0
  -------         ENDMOD        ?C?LLDCODE0

  -------         MODULE        ?C?LLDPTR0
  C:148EH         PUBLIC        ?C?LLDPTR0
  -------         ENDMOD        ?C?LLDPTR0

  -------         MODULE        ?C?LSTXDATA
  C:14AEH         PUBLIC        ?C?LSTXDATA
  -------         ENDMOD        ?C?LSTXDATA

  -------         MODULE        ?C?LSTKXDATA
  C:14BAH         PUBLIC        ?C?LSTKXDATA
  -------         ENDMOD        ?C?LSTKXDATA
BL51 BANKED LINKER/LOCATER V6.22                                                      05/28/2019  13:42:09  PAGE 56



  -------         MODULE        ?C?LSTKPTR
  C:14EBH         PUBLIC        ?C?LSTKPTR
  -------         ENDMOD        ?C?LSTKPTR

  -------         MODULE        ?C?OFFXADD
  C:1505H         PUBLIC        ?C?OFFXADD
  -------         ENDMOD        ?C?OFFXADD

  -------         MODULE        ATOI
  C:47D2H         PUBLIC        _atoi
  -------         ENDMOD        ATOI

  -------         MODULE        ?C?IILDX
  C:1511H         PUBLIC        ?C?IILDX
  -------         ENDMOD        ?C?IILDX

  -------         MODULE        ?C?ULDIV
  C:1563H         PUBLIC        ?C?ULDIV
  -------         ENDMOD        ?C?ULDIV

  -------         MODULE        ?C?LLDIDATA
  C:15F5H         PUBLIC        ?C?LLDIDATA
  -------         ENDMOD        ?C?LLDIDATA

  -------         MODULE        ?C?LLDPDATA
  C:1601H         PUBLIC        ?C?LLDPDATA
  -------         ENDMOD        ?C?LLDPDATA

  -------         MODULE        ?C?LLDIDATA0
  C:160DH         PUBLIC        ?C?LLDIDATA0
  -------         ENDMOD        ?C?LLDIDATA0

  -------         MODULE        ?C?LLDPDATA0
  C:161AH         PUBLIC        ?C?LLDPDATA0
  -------         ENDMOD        ?C?LLDPDATA0

  -------         MODULE        ?C?LSTIDATA
  C:1627H         PUBLIC        ?C?LSTIDATA
  -------         ENDMOD        ?C?LSTIDATA

  -------         MODULE        ?C?LSTPDATA
  C:1633H         PUBLIC        ?C?LSTPDATA
  -------         ENDMOD        ?C?LSTPDATA

  -------         MODULE        ?C?LSTKIDATA
  C:163FH         PUBLIC        ?C?LSTKIDATA
  -------         ENDMOD        ?C?LSTKIDATA

  -------         MODULE        ?C?LSTKPDATA
  C:1658H         PUBLIC        ?C?LSTKPDATA
  -------         ENDMOD        ?C?LSTKPDATA

  -------         MODULE        ISDIGIT
  C:5671H         PUBLIC        _isdigit
  -------         ENDMOD        ISDIGIT

BL51 BANKED LINKER/LOCATER V6.22                                                      05/28/2019  13:42:09  PAGE 57


  -------         MODULE        ISSPACE
  C:560CH         PUBLIC        _isspace
  -------         ENDMOD        ISSPACE

*** WARNING L16: UNCALLED SEGMENT, IGNORED FOR OVERLAY PROCESS
    SEGMENT: ?PR?_DAY_OF_YEAR?PCF85063BTL

*** WARNING L16: UNCALLED SEGMENT, IGNORED FOR OVERLAY PROCESS
    SEGMENT: ?PR?NOP?IOEXPANDER_PI4IOE5V96248

*** WARNING L16: UNCALLED SEGMENT, IGNORED FOR OVERLAY PROCESS
    SEGMENT: ?PR?UC_ACK?IOEXPANDER_PI4IOE5V96248

*** WARNING L16: UNCALLED SEGMENT, IGNORED FOR OVERLAY PROCESS
    SEGMENT: ?PR?UC_NACK?IOEXPANDER_PI4IOE5V96248

*** WARNING L16: UNCALLED SEGMENT, IGNORED FOR OVERLAY PROCESS
    SEGMENT: ?PR?_AT25SF041_READ?AT25SF041

*** WARNING L16: UNCALLED SEGMENT, IGNORED FOR OVERLAY PROCESS
    SEGMENT: ?PR?INITUART1?UART1

*** WARNING L16: UNCALLED SEGMENT, IGNORED FOR OVERLAY PROCESS
    SEGMENT: ?PR?_TEN?UART1

*** WARNING L16: UNCALLED SEGMENT, IGNORED FOR OVERLAY PROCESS
    SEGMENT: ?PR?_UNIT?UART1

*** WARNING L16: UNCALLED SEGMENT, IGNORED FOR OVERLAY PROCESS
    SEGMENT: ?PR?_DECTOBCD?UART1

*** WARNING L16: UNCALLED SEGMENT, IGNORED FOR OVERLAY PROCESS
    SEGMENT: ?PR?_ASCII_LETTER?UART1

*** WARNING L16: UNCALLED SEGMENT, IGNORED FOR OVERLAY PROCESS
    SEGMENT: ?PR?_ASCIITOBCD?UART1

*** WARNING L16: UNCALLED SEGMENT, IGNORED FOR OVERLAY PROCESS
    SEGMENT: ?PR?UART1_INITTCPCONN?UART1

*** WARNING L1: UNRESOLVED EXTERNAL SYMBOL
    SYMBOL:  _SENDUART1
    MODULE:  .\Obj\UART1.obj (UART1)

*** WARNING L2: REFERENCE MADE TO UNRESOLVED EXTERNAL
    SYMBOL:  _SENDUART1
    MODULE:  .\Obj\UART1.obj (UART1)
    ADDRESS: 5316H

Program Size: data=9.6 xdata=1544 code=22238
LINK/LOCATE RUN COMPLETE.  14 WARNING(S),  0 ERROR(S)
