BL51 BANKED LINKER/LOCATER V6.22                                                        05/23/2019  17:18:12  PAGE 1


BL51 BANKED LINKER/LOCATER V6.22, INVOKED BY:
C:\KEIL_V5\C51\BIN\BL51.EXE .\Obj\main.obj, .\Obj\PCF85063BTL.obj, .\Obj\LCd_Driver_SPLC780D.obj, .\Obj\KeyPad.obj, .\Ob
>> j\BipolarMotor.obj, .\Obj\SunPos.obj, .\Obj\ADC.obj, .\Obj\Calibration.obj, .\Obj\IOExpander_PI4IOE5V96248.obj, .\Obj
>> \AT25SF041.obj, .\Obj\SI1120.obj, .\Obj\STARTUP.obj TO .\Obj\GPIO_RTC_Test PRINT (.\Lis\GPIO_RTC_Test.m51) RAMSIZE (2
>> 56)


MEMORY MODEL: LARGE WITH FLOATING POINT ARITHMETIC


INPUT MODULES INCLUDED:
  .\Obj\main.obj (MAIN)
  .\Obj\PCF85063BTL.obj (PCF85063BTL)
  .\Obj\LCd_Driver_SPLC780D.obj (LCD_DRIVER_SPLC780D)
  .\Obj\KeyPad.obj (KEYPAD)
  .\Obj\BipolarMotor.obj (BIPOLARMOTOR)
  .\Obj\SunPos.obj (SUNPOS)
  .\Obj\ADC.obj (ADC)
  .\Obj\Calibration.obj (CALIBRATION)
  .\Obj\IOExpander_PI4IOE5V96248.obj (IOEXPANDER_PI4IOE5V96248)
  .\Obj\AT25SF041.obj (AT25SF041)
  .\Obj\SI1120.obj (SI1120)
  .\Obj\STARTUP.obj (?C_STARTUP)
  C:\KEIL_V5\C51\LIB\C51FPL.LIB (?C?FPADD)
  C:\KEIL_V5\C51\LIB\C51FPL.LIB (?C?FPMUL)
  C:\KEIL_V5\C51\LIB\C51FPL.LIB (?C?FPDIV)
  C:\KEIL_V5\C51\LIB\C51FPL.LIB (?C?FPCMP)
  C:\KEIL_V5\C51\LIB\C51FPL.LIB (?C?FPNEG)
  C:\KEIL_V5\C51\LIB\C51FPL.LIB (?C?FCAST)
  C:\KEIL_V5\C51\LIB\C51FPL.LIB (?C?CASTF)
  C:\KEIL_V5\C51\LIB\C51FPL.LIB (ATAN2)
  C:\KEIL_V5\C51\LIB\C51FPL.LIB (SIN)
  C:\KEIL_V5\C51\LIB\C51FPL.LIB (ACOS)
  C:\KEIL_V5\C51\LIB\C51FPL.LIB (ASIN)
  C:\KEIL_V5\C51\LIB\C51FPL.LIB (POW)
  C:\KEIL_V5\C51\LIB\C51FPL.LIB (?C?FPGETOPN)
  C:\KEIL_V5\C51\LIB\C51FPL.LIB (?C?CHKFLOAT)
  C:\KEIL_V5\C51\LIB\C51FPL.LIB (?C?FPSERIES)
  C:\KEIL_V5\C51\LIB\C51FPL.LIB (EXP)
  C:\KEIL_V5\C51\LIB\C51FPL.LIB (LOG)
  C:\KEIL_V5\C51\LIB\C51FPL.LIB (SQRT)
  C:\KEIL_V5\C51\LIB\C51FPL.LIB (ATAN)
  C:\KEIL_V5\C51\LIB\C51L.LIB (?C_INIT)
  C:\KEIL_V5\C51\LIB\C51L.LIB (?C?COPY)
  C:\KEIL_V5\C51\LIB\C51L.LIB (?C?CLDPTR)
  C:\KEIL_V5\C51\LIB\C51L.LIB (?C?CLDOPTR)
  C:\KEIL_V5\C51\LIB\C51L.LIB (?C?CSTPTR)
  C:\KEIL_V5\C51\LIB\C51L.LIB (?C?IMUL)
  C:\KEIL_V5\C51\LIB\C51L.LIB (?C?UIDIV)
  C:\KEIL_V5\C51\LIB\C51L.LIB (?C?SIDIV)
  C:\KEIL_V5\C51\LIB\C51L.LIB (?C?ILDOPTR)
  C:\KEIL_V5\C51\LIB\C51L.LIB (?C?ISTPTR)
  C:\KEIL_V5\C51\LIB\C51L.LIB (?C?LMUL)
  C:\KEIL_V5\C51\LIB\C51L.LIB (?C?SLDIV)
  C:\KEIL_V5\C51\LIB\C51L.LIB (?C?LNEG)
  C:\KEIL_V5\C51\LIB\C51L.LIB (?C?ULCMP)
  C:\KEIL_V5\C51\LIB\C51L.LIB (?C?LSHL)
  C:\KEIL_V5\C51\LIB\C51L.LIB (?C?LLDPTR)
BL51 BANKED LINKER/LOCATER V6.22                                                      05/23/2019  17:18:12  PAGE 2


  C:\KEIL_V5\C51\LIB\C51L.LIB (?C?LLDOPTR)
  C:\KEIL_V5\C51\LIB\C51L.LIB (?C?LSTPTR)
  C:\KEIL_V5\C51\LIB\C51L.LIB (?C?LSTOPTR)
  C:\KEIL_V5\C51\LIB\C51L.LIB (?C?LLDXDATA)
  C:\KEIL_V5\C51\LIB\C51L.LIB (?C?LLDCODE)
  C:\KEIL_V5\C51\LIB\C51L.LIB (?C?LLDXDATA0)
  C:\KEIL_V5\C51\LIB\C51L.LIB (?C?LLDCODE0)
  C:\KEIL_V5\C51\LIB\C51L.LIB (?C?LLDPTR0)
  C:\KEIL_V5\C51\LIB\C51L.LIB (?C?LSTXDATA)
  C:\KEIL_V5\C51\LIB\C51L.LIB (?C?LSTKXDATA)
  C:\KEIL_V5\C51\LIB\C51L.LIB (?C?LSTKPTR)
  C:\KEIL_V5\C51\LIB\C51L.LIB (?C?OFFXADD)
  C:\KEIL_V5\C51\LIB\C51L.LIB (?C?ULDIV)
  C:\KEIL_V5\C51\LIB\C51L.LIB (?C?LLDIDATA)
  C:\KEIL_V5\C51\LIB\C51L.LIB (?C?LLDPDATA)
  C:\KEIL_V5\C51\LIB\C51L.LIB (?C?LLDIDATA0)
  C:\KEIL_V5\C51\LIB\C51L.LIB (?C?LLDPDATA0)
  C:\KEIL_V5\C51\LIB\C51L.LIB (?C?LSTIDATA)
  C:\KEIL_V5\C51\LIB\C51L.LIB (?C?LSTPDATA)
  C:\KEIL_V5\C51\LIB\C51L.LIB (?C?LSTKIDATA)
  C:\KEIL_V5\C51\LIB\C51L.LIB (?C?LSTKPDATA)


LINK MAP OF MODULE:  .\Obj\GPIO_RTC_Test (MAIN)


            TYPE    BASE      LENGTH    RELOCATION   SEGMENT NAME
            -----------------------------------------------------

            * * * * * * *   D A T A   M E M O R Y   * * * * * * *
            REG     0000H     0008H     ABSOLUTE     "REG BANK 0"
                    0008H     0018H                  *** GAP ***
            BIT     0020H.0   0000H.4   UNIT         _BIT_GROUP_
            BIT     0020H.4   0000H.1   UNIT         ?BI?MAIN
                    0020H.5   0000H.3                *** GAP ***
            IDATA   0021H     0001H     UNIT         ?STACK

            * * * * * * *  X D A T A   M E M O R Y  * * * * * * *
            XDATA   0000H     03BCH     UNIT         ?XD?BIPOLARMOTOR
            XDATA   03BCH     0123H     UNIT         _XDATA_GROUP_
            XDATA   04DFH     0101H     UNIT         ?XD?MAIN
            XDATA   05E0H     0019H     UNIT         ?XD?KEYPAD
            XDATA   05F9H     0008H     UNIT         ?XD?_AT25SF041_READ?AT25SF041
            XDATA   0601H     0001H     UNIT         ?XD?UC_ACK?IOEXPANDER_PI4IOE5V96248
            XDATA   0602H     0001H     UNIT         ?XD?UC_NACK?IOEXPANDER_PI4IOE5V96248

            * * * * * * *   C O D E   M E M O R Y   * * * * * * *
            CODE    0000H     0003H     ABSOLUTE     
            CODE    0003H     0003H     ABSOLUTE     
            CODE    0006H     0001H     UNIT         ?PR?NOP?IOEXPANDER_PI4IOE5V96248
                    0007H     0004H                  *** GAP ***
            CODE    000BH     0003H     ABSOLUTE     
            CODE    000EH     000DH     UNIT         ?PR?SPI_INIT?PCF85063BTL
            CODE    001BH     0003H     ABSOLUTE     
            CODE    001EH     0C1FH     UNIT         ?PR?MAIN?MAIN
            CODE    0C3DH     09A4H     UNIT         ?C?LIB_CODE
            CODE    15E1H     07A2H     UNIT         ?PR?SUNPOS?SUNPOS
BL51 BANKED LINKER/LOCATER V6.22                                                      05/23/2019  17:18:12  PAGE 3


            CODE    1D83H     063CH     UNIT         ?PR?_UPDATE_POSITION?BIPOLARMOTOR
            CODE    23BFH     04FCH     UNIT         ?PR?_FIND_REAL_MAX?CALIBRATION
            CODE    28BBH     04FBH     UNIT         ?PR?_THEORICALJP_POSITION?BIPOLARMOTOR
            CODE    2DB6H     040EH     UNIT         ?C_INITSEG
            CODE    31C4H     038CH     UNIT         ?PR?KEY_PROCESS?KEYPAD
            CODE    3550H     0380H     UNIT         ?PR?_ELEVATION_CALCULATION?BIPOLARMOTOR
            CODE    38D0H     01C7H     UNIT         ?PR?_CALIBRATION?CALIBRATION
            CODE    3A97H     018DH     UNIT         ?PR?KEY_SCAN?KEYPAD
            CODE    3C24H     0189H     UNIT         ?PR?SPI_NOR_WRITE_DATA?AT25SF041
            CODE    3DADH     0188H     UNIT         ?PR?SIN?SIN
            CODE    3F35H     0166H     UNIT         ?PR?_POW?POW
            CODE    409BH     0155H     UNIT         ?PR?_DISPLAY_POS?LCD_DRIVER_SPLC780D
            CODE    41F0H     0129H     UNIT         ?PR?LOG?LOG
            CODE    4319H     0122H     UNIT         ?PR?ATAN?ATAN
            CODE    443BH     0110H     UNIT         ?PR?_AT25SF041_READ?AT25SF041
            CODE    454BH     0102H     UNIT         ?PR?_AT25SF041_WRITE?AT25SF041
            CODE    464DH     00F5H     UNIT         ?PR?EXINT0?MAIN
            CODE    4742H     00C3H     UNIT         ?PR?LINEAR_INTERPOLATE?BIPOLARMOTOR
            CODE    4805H     00BBH     UNIT         ?PR?VOLTAGE_IS_STABLE?CALIBRATION
            CODE    48C0H     00ADH     UNIT         ?PR?_WRITE_PI4IOE5V96248?IOEXPANDER_PI4IOE5V96248
            CODE    496DH     00ACH     UNIT         ?PR?SQRT?SQRT
            CODE    4A19H     00A1H     UNIT         ?PR?UCREAD_STATUS_REGISTER_BYTE1?AT25SF041
            CODE    4ABAH     009DH     UNIT         ?PR?_ATAN2?ATAN2
            CODE    4B57H     009CH     UNIT         ?PR?_MAX_VALUE?CALIBRATION
            CODE    4BF3H     009AH     UNIT         ?PR?EXP?EXP
            CODE    4C8DH     008CH     UNIT         ?C_C51STARTUP
            CODE    4D19H     0088H     UNIT         ?PR?_DAY_OF_YEAR?PCF85063BTL
            CODE    4DA1H     0079H     UNIT         ?PR?_WRITEDATA?LCD_DRIVER_SPLC780D
            CODE    4E1AH     0072H     UNIT         ?PR?AT25SF041_WRITEENABLE?AT25SF041
            CODE    4E8CH     006FH     UNIT         ?PR?_READ_TIME?PCF85063BTL
            CODE    4EFBH     005AH     UNIT         ?PR?AT25SF041_CHIPERASE?AT25SF041
            CODE    4F55H     0059H     UNIT         ?PR?LCD_INIT?LCD_DRIVER_SPLC780D
            CODE    4FAEH     004AH     UNIT         ?PR?VONESTEPMOVE?BIPOLARMOTOR
            CODE    4FF8H     004AH     UNIT         ?PR?ACOS?ACOS
            CODE    5042H     0044H     UNIT         ?C?LDIV
            CODE    5086H     0040H     UNIT         ?PR?_COMMAND?LCD_DRIVER_SPLC780D
            CODE    50C6H     0040H     UNIT         ?PR?_STEP_MOVE?BIPOLARMOTOR
            CODE    5106H     003BH     UNIT         ?PR?ASIN?ASIN
            CODE    5141H     0031H     UNIT         ?PR?SI1120_CONFIG_MODE_VIRH?SI1120
            CODE    5172H     002BH     UNIT         ?PR?_WAIT_MS_I2C?IOEXPANDER_PI4IOE5V96248
            CODE    519DH     002BH     UNIT         ?PR?_WAIT_MS_SPINOR?AT25SF041
            CODE    51C8H     002AH     UNIT         ?PR?_ADC_GETRESULT?ADC
            CODE    51F2H     0028H     UNIT         ?PR?_MOVE?BIPOLARMOTOR
            CODE    521AH     0027H     UNIT         ?PR?_I2C_SENDBYTE?IOEXPANDER_PI4IOE5V96248
            CODE    5241H     0025H     UNIT         ?PR?_FINDCLOSESTSAMEDAYCALIBTIME?CALIBRATION
            CODE    5266H     0024H     UNIT         ?PR?_WAIT_MS?LCD_DRIVER_SPLC780D
            CODE    528AH     0021H     UNIT         ?PR?TM0_ISR?MAIN
            CODE    52ABH     0020H     UNIT         ?PR?_SPI_SENDBYTE?PCF85063BTL
            CODE    52CBH     0020H     UNIT         ?PR?SPI_RECEIVEBYTE?PCF85063BTL
            CODE    52EBH     001EH     UNIT         ?PR?_DELAY_MS?KEYPAD
            CODE    5309H     001DH     UNIT         ?PR?_DISPLAYLCD?LCD_DRIVER_SPLC780D
            CODE    5326H     001BH     UNIT         ?PR?_BCDTODEC1?BIPOLARMOTOR
            CODE    5341H     001AH     UNIT         ?PR?ADC_INIT?ADC
            CODE    535BH     0018H     UNIT         ?PR?_SPI_WRITETIME?PCF85063BTL
            CODE    5373H     0016H     UNIT         ?PR?I2C_ACK?IOEXPANDER_PI4IOE5V96248
            CODE    5389H     0015H     UNIT         ?PR?_DISPLAY_LINE?LCD_DRIVER_SPLC780D
            CODE    539EH     0015H     UNIT         ?PR?VSETLOCATION?BIPOLARMOTOR
BL51 BANKED LINKER/LOCATER V6.22                                                      05/23/2019  17:18:12  PAGE 4


            CODE    53B3H     0015H     UNIT         ?PR?I2C_STOP?IOEXPANDER_PI4IOE5V96248
            CODE    53C8H     0014H     UNIT         ?PR?_PCF85063BTL_DELAY?PCF85063BTL
            CODE    53DCH     0014H     UNIT         ?PR?_ABS?LCD_DRIVER_SPLC780D
            CODE    53F0H     0011H     UNIT         ?PR?_SPI_READTIME?PCF85063BTL
            CODE    5401H     0011H     UNIT         ?PR?_BCDTODEC?PCF85063BTL
            CODE    5412H     000FH     UNIT         ?PR?I2C_START?IOEXPANDER_PI4IOE5V96248
            CODE    5421H     000FH     UNIT         ?PR?UC_NACK?IOEXPANDER_PI4IOE5V96248
            CODE    5430H     000DH     UNIT         ?PR?ENABLE_EXTINT0?SI1120
            CODE    543DH     000CH     UNIT         ?PR?KEYPAD_IO_INIT?KEYPAD
            CODE    5449H     000AH     UNIT         ?PR?LCD_RETURN_HOME?LCD_DRIVER_SPLC780D
            CODE    5453H     000AH     UNIT         ?PR?LCD_CLEAR?LCD_DRIVER_SPLC780D
            CODE    545DH     0009H     UNIT         ?PR?TM1_ISR?MAIN
            CODE    5466H     0006H     UNIT         ?PR?UC_ACK?IOEXPANDER_PI4IOE5V96248



OVERLAY MAP OF MODULE:   .\Obj\GPIO_RTC_Test (MAIN)


SEGMENT                                             BIT_GROUP          XDATA_GROUP
  +--> CALLED SEGMENT                            START    LENGTH     START    LENGTH
------------------------------------------------------------------------------------
?PR?EXINT0?MAIN                                  -----    -----      -----    -----
  +--> ?PR?_POW?POW

?PR?_POW?POW                                     -----    -----      03BCH    000AH
  +--> ?PR?LOG?LOG
  +--> ?PR?EXP?EXP

?PR?LOG?LOG                                      0020H.0  0000H.1    03C6H    0004H

*** NEW ROOT ***************************************************

?C_C51STARTUP                                    -----    -----      -----    -----
  +--> ?PR?MAIN?MAIN
  +--> ?C_INITSEG

?PR?MAIN?MAIN                                    -----    -----      03CAH    002AH
  +--> ?PR?LCD_INIT?LCD_DRIVER_SPLC780D
  +--> ?PR?SPI_INIT?PCF85063BTL
  +--> ?PR?KEYPAD_IO_INIT?KEYPAD
  +--> ?PR?ADC_INIT?ADC
  +--> ?PR?SI1120_CONFIG_MODE_VIRH?SI1120
  +--> ?PR?ENABLE_EXTINT0?SI1120
  +--> ?PR?VSETLOCATION?BIPOLARMOTOR
  +--> ?PR?_DISPLAY_LINE?LCD_DRIVER_SPLC780D
  +--> ?PR?_WRITEDATA?LCD_DRIVER_SPLC780D
  +--> ?PR?KEY_PROCESS?KEYPAD
  +--> ?PR?_COMMAND?LCD_DRIVER_SPLC780D
  +--> ?PR?_DISPLAY_POS?LCD_DRIVER_SPLC780D
  +--> ?PR?_DISPLAYLCD?LCD_DRIVER_SPLC780D
  +--> ?PR?_STEP_MOVE?BIPOLARMOTOR
  +--> ?PR?LCD_RETURN_HOME?LCD_DRIVER_SPLC780D
  +--> ?PR?_READ_TIME?PCF85063BTL
  +--> ?PR?_BCDTODEC1?BIPOLARMOTOR
  +--> ?PR?_ELEVATION_CALCULATION?BIPOLARMOTOR
  +--> ?PR?SIN?SIN
BL51 BANKED LINKER/LOCATER V6.22                                                      05/23/2019  17:18:12  PAGE 5


  +--> ?PR?_CALIBRATION?CALIBRATION
  +--> ?PR?AT25SF041_WRITEENABLE?AT25SF041
  +--> ?PR?_AT25SF041_WRITE?AT25SF041
  +--> ?PR?_WAIT_MS_SPINOR?AT25SF041
  +--> ?PR?_UPDATE_POSITION?BIPOLARMOTOR
  +--> ?PR?_ADC_GETRESULT?ADC
  +--> ?PR?SPI_NOR_WRITE_DATA?AT25SF041
  +--> ?PR?LINEAR_INTERPOLATE?BIPOLARMOTOR
  +--> ?PR?_FINDCLOSESTSAMEDAYCALIBTIME?CALI...
  +--> ?PR?LCD_CLEAR?LCD_DRIVER_SPLC780D
  +--> ?PR?AT25SF041_CHIPERASE?AT25SF041

?PR?LCD_INIT?LCD_DRIVER_SPLC780D                 -----    -----      -----    -----
  +--> ?PR?_WAIT_MS?LCD_DRIVER_SPLC780D
  +--> ?PR?_COMMAND?LCD_DRIVER_SPLC780D

?PR?_COMMAND?LCD_DRIVER_SPLC780D                 -----    -----      -----    -----
  +--> ?PR?_WAIT_MS?LCD_DRIVER_SPLC780D

?PR?SI1120_CONFIG_MODE_VIRH?SI1120               -----    -----      -----    -----
  +--> ?PR?_WAIT_MS?LCD_DRIVER_SPLC780D

?PR?_DISPLAY_LINE?LCD_DRIVER_SPLC780D            -----    -----      -----    -----
  +--> ?PR?_COMMAND?LCD_DRIVER_SPLC780D

?PR?_WRITEDATA?LCD_DRIVER_SPLC780D               -----    -----      04DEH    0001H
  +--> ?PR?_WAIT_MS?LCD_DRIVER_SPLC780D

?PR?KEY_PROCESS?KEYPAD                           -----    -----      03F4H    0006H
  +--> ?PR?KEY_SCAN?KEYPAD
  +--> ?PR?_SPI_WRITETIME?PCF85063BTL
  +--> ?PR?LCD_CLEAR?LCD_DRIVER_SPLC780D
  +--> ?PR?_COMMAND?LCD_DRIVER_SPLC780D
  +--> ?PR?_WRITEDATA?LCD_DRIVER_SPLC780D

?PR?KEY_SCAN?KEYPAD                              -----    -----      03FAH    0003H

?PR?_SPI_WRITETIME?PCF85063BTL                   -----    -----      -----    -----
  +--> ?PR?_SPI_SENDBYTE?PCF85063BTL

?PR?_SPI_SENDBYTE?PCF85063BTL                    -----    -----      -----    -----
  +--> ?PR?_PCF85063BTL_DELAY?PCF85063BTL

?PR?LCD_CLEAR?LCD_DRIVER_SPLC780D                -----    -----      -----    -----
  +--> ?PR?_COMMAND?LCD_DRIVER_SPLC780D

?PR?_DISPLAY_POS?LCD_DRIVER_SPLC780D             -----    -----      04D3H    000BH
  +--> ?PR?_ABS?LCD_DRIVER_SPLC780D
  +--> ?PR?_WRITEDATA?LCD_DRIVER_SPLC780D

?PR?_DISPLAYLCD?LCD_DRIVER_SPLC780D              -----    -----      03F4H    0001H
  +--> ?PR?_WRITEDATA?LCD_DRIVER_SPLC780D

?PR?_STEP_MOVE?BIPOLARMOTOR                      0020H.2  0000H.1    04D7H    0004H
  +--> ?PR?VONESTEPMOVE?BIPOLARMOTOR

?PR?VONESTEPMOVE?BIPOLARMOTOR                    0020H.3  0000H.1    -----    -----
BL51 BANKED LINKER/LOCATER V6.22                                                      05/23/2019  17:18:12  PAGE 6


  +--> ?PR?_WRITE_PI4IOE5V96248?IOEXPANDER_P...
  +--> ?PR?_DELAY_MS?KEYPAD

?PR?_WRITE_PI4IOE5V96248?IOEXPANDER_P...         -----    -----      04DBH    0003H
  +--> ?PR?I2C_START?IOEXPANDER_PI4IOE5V96248
  +--> ?PR?_WAIT_MS_I2C?IOEXPANDER_PI4IOE5V9...
  +--> ?PR?_I2C_SENDBYTE?IOEXPANDER_PI4IOE5V...
  +--> ?PR?I2C_ACK?IOEXPANDER_PI4IOE5V96248
  +--> ?PR?I2C_STOP?IOEXPANDER_PI4IOE5V96248

?PR?I2C_START?IOEXPANDER_PI4IOE5V96248           -----    -----      -----    -----
  +--> ?PR?_WAIT_MS_I2C?IOEXPANDER_PI4IOE5V9...

?PR?_I2C_SENDBYTE?IOEXPANDER_PI4IOE5V...         -----    -----      -----    -----
  +--> ?PR?_WAIT_MS_I2C?IOEXPANDER_PI4IOE5V9...

?PR?I2C_ACK?IOEXPANDER_PI4IOE5V96248             -----    -----      04DEH    0001H
  +--> ?PR?_WAIT_MS_I2C?IOEXPANDER_PI4IOE5V9...

?PR?I2C_STOP?IOEXPANDER_PI4IOE5V96248            -----    -----      -----    -----
  +--> ?PR?_WAIT_MS_I2C?IOEXPANDER_PI4IOE5V9...

?PR?LCD_RETURN_HOME?LCD_DRIVER_SPLC780D          -----    -----      -----    -----
  +--> ?PR?_COMMAND?LCD_DRIVER_SPLC780D

?PR?_READ_TIME?PCF85063BTL                       -----    -----      03F4H    000FH
  +--> ?PR?_SPI_READTIME?PCF85063BTL

?PR?_SPI_READTIME?PCF85063BTL                    -----    -----      -----    -----
  +--> ?PR?_SPI_SENDBYTE?PCF85063BTL
  +--> ?PR?SPI_RECEIVEBYTE?PCF85063BTL

?PR?SPI_RECEIVEBYTE?PCF85063BTL                  -----    -----      -----    -----
  +--> ?PR?_PCF85063BTL_DELAY?PCF85063BTL

?PR?_ELEVATION_CALCULATION?BIPOLARMOTOR          -----    -----      03F4H    0005H
  +--> ?PR?_BCDTODEC1?BIPOLARMOTOR
  +--> ?PR?SUNPOS?SUNPOS
  +--> ?PR?SIN?SIN
  +--> ?PR?ASIN?ASIN

?PR?SUNPOS?SUNPOS                                -----    -----      043EH    005DH
  +--> ?PR?SIN?SIN
  +--> ?PR?_ATAN2?ATAN2
  +--> ?PR?ASIN?ASIN
  +--> ?PR?ACOS?ACOS

?PR?SIN?SIN                                      0020H.1  0000H.1    049BH    0004H

?PR?_ATAN2?ATAN2                                 -----    -----      049BH    0008H
  +--> ?PR?ATAN?ATAN

?PR?ATAN?ATAN                                    0020H.1  0000H.2    04A3H    0004H

?PR?ASIN?ASIN                                    -----    -----      -----    -----
  +--> ?PR?SQRT?SQRT
  +--> ?PR?ATAN?ATAN
BL51 BANKED LINKER/LOCATER V6.22                                                      05/23/2019  17:18:12  PAGE 7



?PR?SQRT?SQRT                                    -----    -----      049BH    0004H

?PR?ACOS?ACOS                                    -----    -----      -----    -----
  +--> ?PR?SQRT?SQRT
  +--> ?PR?ATAN?ATAN

?PR?_CALIBRATION?CALIBRATION                     -----    -----      03F4H    0024H
  +--> ?PR?VOLTAGE_IS_STABLE?CALIBRATION
  +--> ?PR?_UPDATE_POSITION?BIPOLARMOTOR
  +--> ?PR?_FIND_REAL_MAX?CALIBRATION

?PR?VOLTAGE_IS_STABLE?CALIBRATION                -----    -----      0418H    0018H
  +--> ?PR?_ADC_GETRESULT?ADC
  +--> ?PR?_ABS?LCD_DRIVER_SPLC780D

?PR?_UPDATE_POSITION?BIPOLARMOTOR                -----    -----      0418H    0026H
  +--> ?PR?_BCDTODEC1?BIPOLARMOTOR
  +--> ?PR?SUNPOS?SUNPOS
  +--> ?PR?SIN?SIN
  +--> ?PR?ASIN?ASIN
  +--> ?PR?_THEORICALJP_POSITION?BIPOLARMOTOR
  +--> ?PR?_ABS?LCD_DRIVER_SPLC780D
  +--> ?PR?_MOVE?BIPOLARMOTOR

?PR?_THEORICALJP_POSITION?BIPOLARMOTOR           -----    -----      043EH    005CH
  +--> ?PR?LINEAR_INTERPOLATE?BIPOLARMOTOR

?PR?LINEAR_INTERPOLATE?BIPOLARMOTOR              -----    -----      049AH    0014H

?PR?_MOVE?BIPOLARMOTOR                           0020H.1  0000H.1    04D3H    0004H
  +--> ?PR?_STEP_MOVE?BIPOLARMOTOR

?PR?_FIND_REAL_MAX?CALIBRATION                   -----    -----      0418H    00BBH
  +--> ?PR?_ADC_GETRESULT?ADC
  +--> ?PR?_WAIT_MS?LCD_DRIVER_SPLC780D
  +--> ?PR?AT25SF041_WRITEENABLE?AT25SF041
  +--> ?PR?_AT25SF041_WRITE?AT25SF041
  +--> ?PR?_WAIT_MS_SPINOR?AT25SF041
  +--> ?PR?_COMMAND?LCD_DRIVER_SPLC780D
  +--> ?PR?_WRITEDATA?LCD_DRIVER_SPLC780D
  +--> ?PR?_DISPLAY_POS?LCD_DRIVER_SPLC780D
  +--> ?PR?_MOVE?BIPOLARMOTOR
  +--> ?PR?_MAX_VALUE?CALIBRATION

?PR?AT25SF041_WRITEENABLE?AT25SF041              -----    -----      04D3H    0002H
  +--> ?PR?_WAIT_MS_SPINOR?AT25SF041
  +--> ?PR?UCREAD_STATUS_REGISTER_BYTE1?AT25...

?PR?UCREAD_STATUS_REGISTER_BYTE1?AT25...         -----    -----      04DBH    0003H
  +--> ?PR?_WAIT_MS_SPINOR?AT25SF041

?PR?_AT25SF041_WRITE?AT25SF041                   -----    -----      04D3H    0008H
  +--> ?PR?_WAIT_MS_SPINOR?AT25SF041
  +--> ?PR?UCREAD_STATUS_REGISTER_BYTE1?AT25...

?PR?_MAX_VALUE?CALIBRATION                       -----    -----      04D3H    0004H
BL51 BANKED LINKER/LOCATER V6.22                                                      05/23/2019  17:18:12  PAGE 8



?PR?SPI_NOR_WRITE_DATA?AT25SF041                 -----    -----      03F4H    000EH
  +--> ?PR?AT25SF041_WRITEENABLE?AT25SF041
  +--> ?PR?_AT25SF041_WRITE?AT25SF041
  +--> ?PR?_WAIT_MS_SPINOR?AT25SF041

?PR?AT25SF041_CHIPERASE?AT25SF041                -----    -----      03F4H    0002H
  +--> ?PR?_WAIT_MS_SPINOR?AT25SF041
  +--> ?PR?UCREAD_STATUS_REGISTER_BYTE1?AT25...



SYMBOL TABLE OF MODULE:  .\Obj\GPIO_RTC_Test (MAIN)

  VALUE           TYPE          NAME
  ----------------------------------

  -------         MODULE        MAIN
  C:0000H         SYMBOL        _ICE_DUMMY_
  X:04E7H         PUBLIC        calib_value
  D:0080H         PUBLIC        P0
  D:00B2H         PUBLIC        P3M0
  D:0090H         PUBLIC        P1
  D:00B1H         PUBLIC        P3M1
  D:00A0H         PUBLIC        P2
  D:00B0H         PUBLIC        P3
  D:00C0H         PUBLIC        P4
  D:00C8H         PUBLIC        P5
  X:053BH         SYMBOL        PressedKey
  B:00A8H.7       PUBLIC        EA
  D:00E8H         PUBLIC        P6
  X:053FH         PUBLIC        calib_stamp
  D:00F8H         PUBLIC        P7
  X:0540H         PUBLIC        calib_bool
  X:056AH         PUBLIC        pwm_time_min
  D:00A8H         PUBLIC        IE
  X:056EH         PUBLIC        calib_time
  X:05C2H         PUBLIC        pwm_time_max
  D:00B8H         PUBLIC        IP
  B:00B0H.2       PUBLIC        INT0
  X:05C6H         PUBLIC        months
  D:00D8H         PUBLIC        CCON
  C:001EH         PUBLIC        main
  X:05C7H         PUBLIC        count
  X:05C9H         PUBLIC        days
  X:05CAH         PUBLIC        hours
  D:0098H         PUBLIC        SCON
  D:0089H         PUBLIC        TMOD
  D:0088H         PUBLIC        TCON
  B:00A0H.3       PUBLIC        P23
  X:05CBH         SYMBOL        KeyCount
  X:05CDH         PUBLIC        mins
  B:00C8H.5       PUBLIC        P55
  D:008EH         PUBLIC        AUXR
  C:528AH         PUBLIC        tm0_isr
  B:0090H.5       PUBLIC        SI1120_STX
  C:545DH         PUBLIC        tm1_isr
BL51 BANKED LINKER/LOCATER V6.22                                                      05/23/2019  17:18:12  PAGE 9


  B:0020H.4       PUBLIC        busy
  B:00A8H.1       PUBLIC        ET0
  B:00A8H.3       PUBLIC        ET1
  X:05CEH         PUBLIC        SPI_NOR_INTERNAL_FLASH_ADDR
  D:008CH         PUBLIC        TH0
  D:008DH         PUBLIC        TH1
  D:008AH         PUBLIC        TL0
  D:008BH         PUBLIC        TL1
  B:0088H.4       PUBLIC        TR0
  B:0088H.6       PUBLIC        TR1
  C:464DH         PUBLIC        exint0
  X:05D2H         SYMBOL        KeyNum
  X:05D3H         SYMBOL        KeyNum_Old
  X:05D4H         PUBLIC        timer0_count
  X:05D6H         PUBLIC        current_position
  X:05DAH         PUBLIC        pwm_time
  X:05DEH         PUBLIC        start_timer0_count
  X:05DFH         PUBLIC        seconds
  D:00D0H         PUBLIC        PSW
  -------         PROC          TM0_ISR
  C:528AH         LINE#         94
  C:5290H         LINE#         98
  C:5293H         LINE#         99
  C:5296H         LINE#         100
  C:52A4H         LINE#         101
  -------         ENDPROC       TM0_ISR
  -------         PROC          TM1_ISR
  C:545DH         LINE#         102
  C:545DH         LINE#         104
  C:545FH         LINE#         106
  C:5462H         LINE#         107
  C:5465H         LINE#         108
  -------         ENDPROC       TM1_ISR
  -------         PROC          EXINT0
  C:464DH         LINE#         109
  C:466AH         LINE#         113
  C:466DH         LINE#         114
  C:466DH         LINE#         115
  C:4670H         LINE#         116
  C:4673H         LINE#         117
  C:4675H         LINE#         118
  C:4677H         LINE#         122
  C:467AH         LINE#         125
  C:467AH         LINE#         126
  C:467CH         LINE#         128
  C:4688H         LINE#         129
  C:46E2H         LINE#         130
  C:4720H         LINE#         131
  C:4727H         LINE#         136
  C:4727H         LINE#         138
  -------         ENDPROC       EXINT0
  -------         PROC          MAIN
  -------         DO            
  X:04DFH         SYMBOL        KeyCount
  X:04E1H         SYMBOL        KeyNum_Old
  X:04E2H         SYMBOL        KeyNum
  X:04E3H         SYMBOL        PressedKey
BL51 BANKED LINKER/LOCATER V6.22                                                      05/23/2019  17:18:12  PAGE 10


  X:03CAH         SYMBOL        prox_flag
  X:03CBH         SYMBOL        iUse_prevday_calib_value
  X:03CDH         SYMBOL        max_ADC_Val_JP
  X:03CFH         SYMBOL        max_ADC_Val
  X:03D1H         SYMBOL        calib_point1
  X:03D9H         SYMBOL        calib_point2
  X:03E1H         SYMBOL        dat_to_store
  X:03ECH         SYMBOL        calib_day
  X:03EEH         SYMBOL        calib_count
  X:03F0H         SYMBOL        theorical_JP_max_pos
  D:0004H         SYMBOL        elevation
  -------         ENDDO         
  C:001EH         LINE#         140
  C:001EH         LINE#         141
  C:001EH         LINE#         146
  C:0024H         LINE#         147
  C:0029H         LINE#         149
  C:0031H         LINE#         153
  C:0037H         LINE#         154
  C:0041H         LINE#         161
  C:0049H         LINE#         162
  C:0050H         LINE#         163
  C:0056H         LINE#         165
  C:005CH         LINE#         174
  C:005EH         LINE#         175
  C:0061H         LINE#         176
  C:0064H         LINE#         177
  C:0067H         LINE#         178
  C:006AH         LINE#         179
  C:006DH         LINE#         182
  C:0070H         LINE#         185
  C:0073H         LINE#         186
  C:0076H         LINE#         188
  C:0079H         LINE#         190
  C:007CH         LINE#         191
  C:007FH         LINE#         192
  C:0082H         LINE#         193
  C:0085H         LINE#         194
  C:0088H         LINE#         195
  C:008BH         LINE#         196
  C:008DH         LINE#         197
  C:008FH         LINE#         199
  C:0091H         LINE#         207
  C:0097H         LINE#         208
  C:009CH         LINE#         209
  C:00A1H         LINE#         210
  C:00A6H         LINE#         211
  C:00ABH         LINE#         212
  C:00B0H         LINE#         215
  C:00C9H         LINE#         216
  C:00C9H         LINE#         217
  C:00E5H         LINE#         218
  C:012CH         LINE#         219
  C:013DH         LINE#         222
  C:013DH         LINE#         223
  C:013DH         LINE#         224
  C:0140H         LINE#         228
BL51 BANKED LINKER/LOCATER V6.22                                                      05/23/2019  17:18:12  PAGE 11


  C:0140H         LINE#         232
  C:0145H         LINE#         233
  C:014AH         LINE#         235
  C:014FH         LINE#         237
  C:0154H         LINE#         238
  C:0159H         LINE#         240
  C:016AH         LINE#         243
  C:016FH         LINE#         244
  C:0174H         LINE#         246
  C:017BH         LINE#         247
  C:0183H         LINE#         248
  C:0188H         LINE#         249
  C:0190H         LINE#         250
  C:0195H         LINE#         251
  C:019FH         LINE#         252
  C:01A4H         LINE#         253
  C:01ACH         LINE#         255
  C:01B4H         LINE#         256
  C:01B9H         LINE#         257
  C:01C3H         LINE#         258
  C:01C3H         LINE#         259
  C:01C5H         LINE#         260
  C:01C7H         LINE#         261
  C:01D1H         LINE#         262
  C:01D1H         LINE#         263
  C:01D6H         LINE#         264
  C:01D6H         LINE#         276
  C:01EAH         LINE#         277
  C:01EAH         LINE#         278
  C:01FFH         LINE#         279
  C:020EH         LINE#         280
  C:020EH         LINE#         281
  C:0221H         LINE#         282
  C:0223H         LINE#         284
  C:0223H         LINE#         285
  C:023FH         LINE#         286
  C:023FH         LINE#         287
  C:0244H         LINE#         288
  C:0244H         LINE#         289
  C:0258H         LINE#         290
  C:0258H         LINE#         293
  C:026DH         LINE#         294
  C:027CH         LINE#         295
  C:027CH         LINE#         296
  C:028FH         LINE#         297
  C:0291H         LINE#         299
  C:0291H         LINE#         300
  C:02ADH         LINE#         301
  C:02ADH         LINE#         302
  C:02B2H         LINE#         303
  C:02B8H         LINE#         304
  C:02B8H         LINE#         306
  C:02DAH         LINE#         307
  C:02DAH         LINE#         308
  C:02E4H         LINE#         309
  C:02EAH         LINE#         310
  C:02F1H         LINE#         311
BL51 BANKED LINKER/LOCATER V6.22                                                      05/23/2019  17:18:12  PAGE 12


  C:02F7H         LINE#         312
  C:02FEH         LINE#         313
  C:02FEH         LINE#         314
  C:0301H         LINE#         316
  C:0301H         LINE#         321
  C:033CH         LINE#         325
  C:0349H         LINE#         326
  C:0349H         LINE#         330
  C:0349H         LINE#         331
  C:0371H         LINE#         332
  C:0371H         LINE#         333
  C:0393H         LINE#         334
  C:0393H         LINE#         336
  C:03B3H         LINE#         340
  C:03E2H         LINE#         348
  C:03E2H         LINE#         349
  C:045EH         LINE#         350
  C:0477H         LINE#         351
  C:0501H         LINE#         353
  C:0532H         LINE#         354
  C:0532H         LINE#         357
  C:0555H         LINE#         358
  C:056AH         LINE#         361
  C:056AH         LINE#         362
  C:056DH         LINE#         364
  C:056DH         LINE#         366
  C:0574H         LINE#         367
  C:0574H         LINE#         368
  C:0577H         LINE#         369
  C:0595H         LINE#         370
  C:059CH         LINE#         371
  C:05BBH         LINE#         372
  C:05DAH         LINE#         374
  C:0656H         LINE#         375
  C:066EH         LINE#         378
  C:06C6H         LINE#         379
  C:0701H         LINE#         380
  C:070EH         LINE#         381
  C:071DH         LINE#         382
  C:071DH         LINE#         384
  C:0725H         LINE#         385
  C:072DH         LINE#         386
  C:0735H         LINE#         387
  C:073DH         LINE#         389
  C:0751H         LINE#         390
  C:0767H         LINE#         391
  C:0797H         LINE#         392
  C:07B7H         LINE#         394
  C:07CBH         LINE#         395
  C:07E1H         LINE#         396
  C:0811H         LINE#         397
  C:0818H         LINE#         399
  C:083CH         LINE#         402
  C:083EH         LINE#         404
  C:084CH         LINE#         405
  C:084CH         LINE#         406
  C:0854H         LINE#         408
BL51 BANKED LINKER/LOCATER V6.22                                                      05/23/2019  17:18:12  PAGE 13


  C:0854H         LINE#         411
  C:0854H         LINE#         412
  C:0861H         LINE#         413
  C:0861H         LINE#         414
  C:0883H         LINE#         415
  C:0883H         LINE#         416
  C:08FFH         LINE#         417
  C:0954H         LINE#         418
  C:0954H         LINE#         420
  C:0957H         LINE#         424
  C:0957H         LINE#         427
  C:0979H         LINE#         428
  C:0979H         LINE#         429
  C:09F5H         LINE#         431
  C:0A22H         LINE#         432
  C:0A3DH         LINE#         433
  C:0A6AH         LINE#         434
  C:0A9DH         LINE#         435
  C:0A9DH         LINE#         436
  C:0AC7H         LINE#         437
  C:0B60H         LINE#         438
  C:0B62H         LINE#         440
  C:0B62H         LINE#         441
  C:0BC5H         LINE#         442
  C:0BC5H         LINE#         446
  C:0BC5H         LINE#         448
  C:0BC5H         LINE#         449
  C:0BC5H         LINE#         451
  C:0BC5H         LINE#         454
  C:0BE1H         LINE#         455
  C:0BE5H         LINE#         457
  C:0BE7H         LINE#         460
  C:0BF6H         LINE#         461
  C:0BF6H         LINE#         462
  C:0BF9H         LINE#         463
  C:0C00H         LINE#         464
  C:0C05H         LINE#         465
  C:0C0AH         LINE#         466
  C:0C0FH         LINE#         467
  C:0C14H         LINE#         468
  C:0C19H         LINE#         478
  C:0C1CH         LINE#         480
  C:0C1FH         LINE#         481
  C:0C26H         LINE#         482
  C:0C30H         LINE#         483
  C:0C37H         LINE#         485
  C:0C3AH         LINE#         494
  C:0C3AH         LINE#         495
  -------         ENDPROC       MAIN
  -------         ENDMOD        MAIN

  -------         MODULE        PCF85063BTL
  C:0000H         SYMBOL        _ICE_DUMMY_
  D:0096H         PUBLIC        P2M0
  D:0080H         PUBLIC        P0
  D:0095H         PUBLIC        P2M1
  D:0090H         PUBLIC        P1
BL51 BANKED LINKER/LOCATER V6.22                                                      05/23/2019  17:18:12  PAGE 14


  D:00A0H         PUBLIC        P2
  D:00B0H         PUBLIC        P3
  D:00C0H         PUBLIC        P4
  D:00C8H         PUBLIC        P5
  D:00E8H         PUBLIC        P6
  B:00A0H.1       PUBLIC        PCF85063BTL_SDI
  D:00F8H         PUBLIC        P7
  B:00A0H.2       PUBLIC        PCF85063BTL_SCK
  B:00A0H.1       PUBLIC        PCF85063BTL_SDO
  D:00A8H         PUBLIC        IE
  C:4E8CH         PUBLIC        _Read_time
  C:53CEH         PUBLIC        _PCF85063BTL_Delay
  D:00B8H         PUBLIC        IP
  D:00D8H         PUBLIC        CCON
  C:4D19H         PUBLIC        _Day_Of_Year
  C:52CBH         PUBLIC        SPI_ReceiveByte
  D:0098H         PUBLIC        SCON
  D:0088H         PUBLIC        TCON
  C:5401H         PUBLIC        _BCDtoDec
  B:00A0H.0       PUBLIC        PCF85063BTL_CS
  C:53F0H         PUBLIC        _SPI_ReadTime
  C:000EH         PUBLIC        SPI_Init
  C:535BH         PUBLIC        _SPI_WriteTime
  C:52ABH         PUBLIC        _SPI_SendByte
  D:00D0H         PUBLIC        PSW
  C:53CAH         SYMBOL        L?0048
  -------         PROC          L?0047
  -------         ENDPROC       L?0047
  C:53CAH         SYMBOL        L?0048
  -------         PROC          _PCF85063BTL_DELAY
  D:0006H         SYMBOL        us
  C:53CEH         LINE#         8
  C:53CEH         LINE#         9
  C:53CEH         LINE#         10
  C:53D8H         LINE#         11
  C:53D8H         LINE#         12
  C:53D9H         LINE#         13
  C:53DBH         LINE#         14
  -------         ENDPROC       _PCF85063BTL_DELAY
  -------         PROC          _SPI_SENDBYTE
  D:0005H         SYMBOL        dat
  -------         DO            
  D:0003H         SYMBOL        i
  -------         ENDDO         
  C:52ABH         LINE#         17
  C:52ADH         LINE#         18
  C:52ADH         LINE#         20
  C:52AFH         LINE#         21
  C:52AFH         LINE#         22
  C:52B1H         LINE#         23
  C:52B5H         LINE#         24
  C:52B5H         LINE#         25
  C:52B7H         LINE#         26
  C:52B9H         LINE#         28
  C:52B9H         LINE#         29
  C:52BBH         LINE#         30
  C:52BBH         LINE#         31
BL51 BANKED LINKER/LOCATER V6.22                                                      05/23/2019  17:18:12  PAGE 15


  C:52BEH         LINE#         32
  C:52BEH         LINE#         33
  C:52C1H         LINE#         34
  C:52C5H         LINE#         35
  C:52CAH         LINE#         36
  -------         ENDPROC       _SPI_SENDBYTE
  -------         PROC          SPI_RECEIVEBYTE
  -------         DO            
  D:0003H         SYMBOL        i
  D:0005H         SYMBOL        dat
  -------         ENDDO         
  C:52CBH         LINE#         39
  C:52CBH         LINE#         40
  C:52CBH         LINE#         42
  C:52CDH         LINE#         44
  C:52CFH         LINE#         45
  C:52D0H         LINE#         46
  C:52D0H         LINE#         47
  C:52D4H         LINE#         48
  C:52D6H         LINE#         49
  C:52D9H         LINE#         51
  C:52DCH         LINE#         52
  C:52DCH         LINE#         53
  C:52E0H         LINE#         54
  C:52E0H         LINE#         55
  C:52E0H         LINE#         56
  C:52E3H         LINE#         57
  C:52E8H         LINE#         58
  C:52EAH         LINE#         59
  -------         ENDPROC       SPI_RECEIVEBYTE
  -------         PROC          _SPI_READTIME
  D:0007H         SYMBOL        addr
  -------         DO            
  D:0006H         SYMBOL        dat
  -------         ENDDO         
  C:53F0H         LINE#         61
  C:53F0H         LINE#         62
  C:53F0H         LINE#         64
  C:53F2H         LINE#         65
  C:53F4H         LINE#         66
  C:53FBH         LINE#         67
  C:53FEH         LINE#         68
  C:5400H         LINE#         69
  C:5400H         LINE#         70
  -------         ENDPROC       _SPI_READTIME
  -------         PROC          _SPI_WRITETIME
  D:0002H         SYMBOL        val
  D:0005H         SYMBOL        addr
  C:535BH         LINE#         71
  C:535DH         LINE#         72
  C:535DH         LINE#         74
  C:535FH         LINE#         75
  C:5366H         LINE#         76
  C:536BH         LINE#         77
  C:5370H         LINE#         78
  C:5372H         LINE#         79
  -------         ENDPROC       _SPI_WRITETIME
BL51 BANKED LINKER/LOCATER V6.22                                                      05/23/2019  17:18:12  PAGE 16


  -------         PROC          SPI_INIT
  C:000EH         LINE#         83
  C:000EH         LINE#         84
  C:000EH         LINE#         89
  C:0011H         LINE#         90
  C:0014H         LINE#         91
  C:0016H         LINE#         92
  C:0018H         LINE#         93
  C:001AH         LINE#         94
  -------         ENDPROC       SPI_INIT
  -------         PROC          _READ_TIME
  X:03F4H         SYMBOL        months
  X:03F7H         SYMBOL        days
  X:03FAH         SYMBOL        hours
  X:03FDH         SYMBOL        mins
  X:0400H         SYMBOL        seconds
  C:4E8CH         LINE#         96
  C:4E97H         LINE#         97
  C:4E97H         LINE#         99
  C:4EABH         LINE#         101
  C:4EBFH         LINE#         103
  C:4ED3H         LINE#         108
  C:4EE7H         LINE#         113
  -------         ENDPROC       _READ_TIME
  -------         PROC          _BCDTODEC
  D:0007H         SYMBOL        bcd
  -------         DO            
  D:0006H         SYMBOL        hi
  D:0007H         SYMBOL        lo
  -------         ENDDO         
  C:5401H         LINE#         119
  C:5401H         LINE#         120
  C:5401H         LINE#         122
  C:5406H         LINE#         123
  C:540AH         LINE#         124
  C:5411H         LINE#         125
  -------         ENDPROC       _BCDTODEC
  -------         PROC          _DAY_OF_YEAR
  D:0007H         SYMBOL        months_bcd
  D:0005H         SYMBOL        days_bcd
  -------         DO            
  D:0004H         SYMBOL        months
  D:0007H         SYMBOL        days
  -------         ENDDO         
  C:4D19H         LINE#         126
  C:4D19H         LINE#         127
  C:4D19H         LINE#         130
  C:4D1EH         LINE#         132
  C:4D23H         LINE#         134
  C:4D5CH         LINE#         135
  C:4D5CH         LINE#         136
  C:4D5CH         LINE#         137
  C:4D5FH         LINE#         138
  C:4D5FH         LINE#         139
  C:4D5FH         LINE#         140
  C:4D64H         LINE#         141
  C:4D64H         LINE#         142
BL51 BANKED LINKER/LOCATER V6.22                                                      05/23/2019  17:18:12  PAGE 17


  C:4D64H         LINE#         143
  C:4D69H         LINE#         144
  C:4D69H         LINE#         145
  C:4D69H         LINE#         146
  C:4D6EH         LINE#         147
  C:4D6EH         LINE#         148
  C:4D6EH         LINE#         149
  C:4D73H         LINE#         150
  C:4D73H         LINE#         151
  C:4D73H         LINE#         152
  C:4D78H         LINE#         153
  C:4D78H         LINE#         154
  C:4D78H         LINE#         155
  C:4D7DH         LINE#         156
  C:4D7DH         LINE#         157
  C:4D7DH         LINE#         158
  C:4D82H         LINE#         159
  C:4D82H         LINE#         160
  C:4D82H         LINE#         161
  C:4D8AH         LINE#         162
  C:4D8AH         LINE#         163
  C:4D8AH         LINE#         164
  C:4D8FH         LINE#         165
  C:4D8FH         LINE#         166
  C:4D8FH         LINE#         167
  C:4D94H         LINE#         168
  C:4D94H         LINE#         169
  C:4D94H         LINE#         170
  C:4D9DH         LINE#         171
  C:4D9DH         LINE#         172
  C:4D9DH         LINE#         173
  C:4DA0H         LINE#         174
  C:4DA0H         LINE#         175
  -------         ENDPROC       _DAY_OF_YEAR
  -------         ENDMOD        PCF85063BTL

  -------         MODULE        LCD_DRIVER_SPLC780D
  C:0000H         SYMBOL        _ICE_DUMMY_
  D:0092H         PUBLIC        P1M0
  D:0091H         PUBLIC        P1M1
  D:0080H         PUBLIC        P0
  D:0090H         PUBLIC        P1
  D:00A0H         PUBLIC        P2
  D:00B0H         PUBLIC        P3
  D:00C0H         PUBLIC        P4
  D:00C8H         PUBLIC        P5
  D:00E8H         PUBLIC        P6
  D:00F8H         PUBLIC        P7
  C:4DA5H         PUBLIC        _WriteData
  D:00A8H         PUBLIC        IE
  D:00B8H         PUBLIC        IP
  D:00D8H         PUBLIC        CCON
  B:00B0H.4       PUBLIC        LCD_D4
  B:00B0H.5       PUBLIC        LCD_D5
  B:00B0H.6       PUBLIC        LCD_D6
  C:5309H         PUBLIC        _DisplayLCD
  B:00B0H.7       PUBLIC        LCD_D7
BL51 BANKED LINKER/LOCATER V6.22                                                      05/23/2019  17:18:12  PAGE 18


  D:0098H         PUBLIC        SCON
  D:0088H         PUBLIC        TCON
  C:53DCH         PUBLIC        _abs
  C:5453H         PUBLIC        LCD_clear
  C:5086H         PUBLIC        _Command
  C:5389H         PUBLIC        _Display_Line
  C:4F55H         PUBLIC        LCD_Init
  C:526CH         PUBLIC        _Wait_ms
  B:00C0H.0       PUBLIC        LCD_RS
  B:0090H.3       PUBLIC        LCD_RW
  C:5449H         PUBLIC        LCD_return_home
  C:409BH         PUBLIC        _Display_Pos
  B:00B0H.3       PUBLIC        LCD_E
  D:00D0H         PUBLIC        PSW
  -------         PROC          LCD_INIT
  C:4F55H         LINE#         9
  C:4F55H         LINE#         10
  C:4F55H         LINE#         11
  C:4F58H         LINE#         12
  C:4F5BH         LINE#         14
  C:4F61H         LINE#         15
  C:4F66H         LINE#         17
  C:4F6DH         LINE#         18
  C:4F72H         LINE#         20
  C:4F75H         LINE#         21
  C:4F7AH         LINE#         23
  C:4F7DH         LINE#         24
  C:4F82H         LINE#         26
  C:4F89H         LINE#         29
  C:4F8EH         LINE#         30
  C:4F93H         LINE#         32
  C:4F98H         LINE#         33
  C:4F9DH         LINE#         35
  C:4FA2H         LINE#         36
  C:4FA7H         LINE#         37
  -------         ENDPROC       LCD_INIT
  C:4DA1H         SYMBOL        L?0038
  -------         PROC          L?0037
  -------         ENDPROC       L?0037
  C:4DA1H         SYMBOL        L?0038
  -------         PROC          _WRITEDATA
  X:04DEH         SYMBOL        dat
  C:4DA5H         LINE#         40
  C:4DAAH         LINE#         41
  C:4DAAH         LINE#         46
  C:4DACH         LINE#         47
  C:4DAEH         LINE#         49
  C:4DBCH         LINE#         50
  C:4DC8H         LINE#         51
  C:4DD4H         LINE#         52
  C:4DDEH         LINE#         53
  C:4DE0H         LINE#         54
  C:4DE7H         LINE#         55
  C:4DE9H         LINE#         57
  C:4DF9H         LINE#         58
  C:4E04H         LINE#         59
  C:4E0EH         LINE#         60
BL51 BANKED LINKER/LOCATER V6.22                                                      05/23/2019  17:18:12  PAGE 19


  C:4E12H         LINE#         62
  C:4E12H         LINE#         63
  C:4E15H         LINE#         64
  C:4E17H         LINE#         65
  C:4E19H         LINE#         67
  -------         ENDPROC       _WRITEDATA
  -------         PROC          _COMMAND
  D:0007H         SYMBOL        dat
  C:5086H         LINE#         69
  C:5086H         LINE#         70
  C:5086H         LINE#         71
  C:5088H         LINE#         72
  C:508AH         LINE#         74
  C:5094H         LINE#         75
  C:5098H         LINE#         77
  C:509AH         LINE#         78
  C:50A3H         LINE#         79
  C:50A7H         LINE#         81
  C:50A9H         LINE#         82
  C:50B0H         LINE#         83
  C:50B4H         LINE#         85
  C:50B6H         LINE#         86
  C:50BAH         LINE#         87
  C:50BEH         LINE#         89
  C:50C0H         LINE#         90
  C:50C0H         LINE#         91
  C:50C3H         LINE#         92
  C:50C5H         LINE#         93
  -------         ENDPROC       _COMMAND
  C:5268H         SYMBOL        L?0040
  -------         PROC          L?0039
  -------         ENDPROC       L?0039
  C:5268H         SYMBOL        L?0040
  -------         PROC          _WAIT_MS
  D:0006H         SYMBOL        ms
  -------         DO            
  D:0004H         SYMBOL        De_Cnt
  -------         ENDDO         
  C:526CH         LINE#         95
  C:526CH         LINE#         96
  C:526CH         LINE#         98
  C:5276H         LINE#         99
  C:5276H         LINE#         100
  C:5289H         LINE#         101
  C:5289H         LINE#         102
  -------         ENDPROC       _WAIT_MS
  -------         PROC          _DISPLAYLCD
  D:0007H         SYMBOL        BCD
  -------         DO            
  D:0006H         SYMBOL        first_digit
  X:03F4H         SYMBOL        second_digit
  -------         ENDDO         
  C:5309H         LINE#         103
  C:5309H         LINE#         104
  C:5309H         LINE#         106
  C:5310H         LINE#         107
  C:5319H         LINE#         109
BL51 BANKED LINKER/LOCATER V6.22                                                      05/23/2019  17:18:12  PAGE 20


  C:531EH         LINE#         111
  -------         ENDPROC       _DISPLAYLCD
  -------         PROC          LCD_RETURN_HOME
  C:5449H         LINE#         115
  C:5449H         LINE#         116
  C:5449H         LINE#         117
  C:544EH         LINE#         118
  -------         ENDPROC       LCD_RETURN_HOME
  -------         PROC          LCD_CLEAR
  C:5453H         LINE#         121
  C:5453H         LINE#         122
  C:5453H         LINE#         123
  C:5458H         LINE#         124
  -------         ENDPROC       LCD_CLEAR
  -------         PROC          _DISPLAY_LINE
  D:0006H         SYMBOL        line
  C:5389H         LINE#         128
  C:5389H         LINE#         129
  C:5389H         LINE#         130
  C:538FH         LINE#         131
  C:538FH         LINE#         132
  C:5391H         LINE#         133
  C:5391H         LINE#         134
  C:5393H         LINE#         136
  C:5393H         LINE#         137
  C:5398H         LINE#         138
  C:539DH         LINE#         139
  C:539DH         LINE#         140
  -------         ENDPROC       _DISPLAY_LINE
  -------         PROC          _DISPLAY_POS
  X:04D3H         SYMBOL        sign_dat
  -------         DO            
  X:04D7H         SYMBOL        unit
  X:04D8H         SYMBOL        ten
  X:04D9H         SYMBOL        hundred
  X:04DAH         SYMBOL        thousand
  X:04DBH         SYMBOL        after_dot
  X:04DCH         SYMBOL        dat
  -------         ENDDO         
  C:409BH         LINE#         142
  C:40A1H         LINE#         143
  C:40A1H         LINE#         147
  C:40BDH         LINE#         148
  C:40D7H         LINE#         149
  C:40FBH         LINE#         151
  C:4145H         LINE#         153
  C:415CH         LINE#         154
  C:416EH         LINE#         155
  C:4193H         LINE#         156
  C:41ADH         LINE#         157
  C:41C5H         LINE#         158
  C:41C5H         LINE#         159
  C:41C5H         LINE#         160
  C:41C5H         LINE#         161
  C:41C5H         LINE#         162
  C:41C5H         LINE#         163
  C:41C5H         LINE#         164
BL51 BANKED LINKER/LOCATER V6.22                                                      05/23/2019  17:18:12  PAGE 21


  C:41C5H         LINE#         168
  C:41C7H         LINE#         170
  C:41C7H         LINE#         172
  C:41CCH         LINE#         173
  C:41D2H         LINE#         174
  C:41D8H         LINE#         175
  C:41DEH         LINE#         176
  C:41E4H         LINE#         177
  C:41E9H         LINE#         178
  C:41EFH         LINE#         182
  C:41EFH         LINE#         184
  -------         ENDPROC       _DISPLAY_POS
  -------         PROC          _ABS
  D:0006H         SYMBOL        dat
  C:53DCH         LINE#         186
  C:53DCH         LINE#         187
  C:53DCH         LINE#         188
  C:53E7H         LINE#         189
  C:53E8H         LINE#         191
  C:53EFH         LINE#         192
  -------         ENDPROC       _ABS
  -------         ENDMOD        LCD_DRIVER_SPLC780D

  -------         MODULE        KEYPAD
  C:0000H         SYMBOL        _ICE_DUMMY_
  D:0093H         PUBLIC        P0M1
  D:0080H         PUBLIC        P0
  D:0090H         PUBLIC        P1
  D:00A0H         PUBLIC        P2
  D:00B0H         PUBLIC        P3
  D:00C0H         PUBLIC        P4
  D:00C8H         PUBLIC        P5
  D:00E8H         PUBLIC        P6
  D:00F8H         PUBLIC        P7
  D:00A8H         PUBLIC        IE
  C:3A97H         PUBLIC        Key_Scan
  D:00B8H         PUBLIC        IP
  D:00D8H         PUBLIC        CCON
  C:543DH         PUBLIC        KeyPad_IO_Init
  C:52EBH         PUBLIC        _Delay_ms
  D:0098H         PUBLIC        SCON
  D:0088H         PUBLIC        TCON
  X:05EFH         PUBLIC        small_move
  X:05F1H         PUBLIC        move
  X:05F3H         PUBLIC        auto_mode
  X:05F5H         PUBLIC        direction
  X:05F7H         PUBLIC        SPI_NOR_ClearEnable
  C:31C4H         PUBLIC        Key_Process
  D:00D0H         PUBLIC        PSW
  D:0094H         PUBLIC        P0M0
  -------         PROC          _DELAY_MS
  D:0006H         SYMBOL        ms
  -------         DO            
  D:0004H         SYMBOL        De_Cnt
  -------         ENDDO         
  C:52EBH         LINE#         20
  C:52EBH         LINE#         21
BL51 BANKED LINKER/LOCATER V6.22                                                      05/23/2019  17:18:12  PAGE 22


  C:52EBH         LINE#         23
  C:52F5H         LINE#         24
  C:52F5H         LINE#         25
  C:5308H         LINE#         26
  C:5308H         LINE#         27
  -------         ENDPROC       _DELAY_MS
  -------         PROC          KEY_SCAN
  -------         DO            
  X:03FAH         SYMBOL        KeyTemp1
  X:03FBH         SYMBOL        KeyTemp2
  X:03FCH         SYMBOL        KeyValue
  -------         ENDDO         
  C:3A97H         LINE#         28
  C:3A97H         LINE#         29
  C:3A97H         LINE#         34
  C:3A9AH         LINE#         37
  C:3A9DH         LINE#         39
  C:3AA5H         LINE#         40
  C:3AACH         LINE#         41
  C:3AACH         LINE#         43
  C:3AB1H         LINE#         44
  C:3AB8H         LINE#         45
  C:3AB8H         LINE#         48
  C:3ABBH         LINE#         49
  C:3ABEH         LINE#         50
  C:3AC3H         LINE#         51
  C:3AC7H         LINE#         52
  C:3AC7H         LINE#         53
  C:3ACFH         LINE#         54
  C:3ACFH         LINE#         55
  C:3AD2H         LINE#         56
  C:3ADAH         LINE#         57
  C:3ADCH         LINE#         59
  C:3AF0H         LINE#         60
  C:3AF0H         LINE#         61
  C:3AF0H         LINE#         62
  C:3AF0H         LINE#         63
  C:3AF6H         LINE#         65
  C:3AF8H         LINE#         66
  C:3AF8H         LINE#         67
  C:3AF8H         LINE#         68
  C:3AFEH         LINE#         70
  C:3B00H         LINE#         71
  C:3B00H         LINE#         72
  C:3B00H         LINE#         73
  C:3B06H         LINE#         75
  C:3B08H         LINE#         76
  C:3B08H         LINE#         77
  C:3B08H         LINE#         78
  C:3B0EH         LINE#         80
  C:3B0EH         LINE#         81
  C:3B0EH         LINE#         82
  C:3B0EH         LINE#         85
  C:3B11H         LINE#         86
  C:3B14H         LINE#         87
  C:3B1CH         LINE#         88
  C:3B20H         LINE#         89
BL51 BANKED LINKER/LOCATER V6.22                                                      05/23/2019  17:18:12  PAGE 23


  C:3B20H         LINE#         90
  C:3B28H         LINE#         91
  C:3B28H         LINE#         92
  C:3B2BH         LINE#         93
  C:3B33H         LINE#         94
  C:3B35H         LINE#         95
  C:3B49H         LINE#         96
  C:3B49H         LINE#         97
  C:3B49H         LINE#         98
  C:3B49H         LINE#         99
  C:3B4FH         LINE#         101
  C:3B51H         LINE#         102
  C:3B51H         LINE#         103
  C:3B51H         LINE#         104
  C:3B57H         LINE#         106
  C:3B59H         LINE#         107
  C:3B59H         LINE#         108
  C:3B59H         LINE#         109
  C:3B5FH         LINE#         111
  C:3B61H         LINE#         112
  C:3B61H         LINE#         113
  C:3B61H         LINE#         114
  C:3B66H         LINE#         116
  C:3B66H         LINE#         117
  C:3B66H         LINE#         118
  C:3B66H         LINE#         121
  C:3B69H         LINE#         122
  C:3B6CH         LINE#         123
  C:3B74H         LINE#         124
  C:3B78H         LINE#         125
  C:3B78H         LINE#         126
  C:3B80H         LINE#         127
  C:3B80H         LINE#         128
  C:3B83H         LINE#         129
  C:3B8BH         LINE#         130
  C:3B8DH         LINE#         131
  C:3BA1H         LINE#         132
  C:3BA1H         LINE#         133
  C:3BA1H         LINE#         134
  C:3BA1H         LINE#         135
  C:3BA7H         LINE#         137
  C:3BA9H         LINE#         138
  C:3BA9H         LINE#         139
  C:3BA9H         LINE#         140
  C:3BAFH         LINE#         142
  C:3BB1H         LINE#         143
  C:3BB1H         LINE#         144
  C:3BB1H         LINE#         145
  C:3BB7H         LINE#         147
  C:3BB9H         LINE#         148
  C:3BB9H         LINE#         149
  C:3BB9H         LINE#         150
  C:3BBFH         LINE#         152
  C:3BBFH         LINE#         153
  C:3BBFH         LINE#         154
  C:3BBFH         LINE#         158
  C:3BC2H         LINE#         159
BL51 BANKED LINKER/LOCATER V6.22                                                      05/23/2019  17:18:12  PAGE 24


  C:3BC5H         LINE#         160
  C:3BCDH         LINE#         161
  C:3BD1H         LINE#         162
  C:3BD1H         LINE#         163
  C:3BD9H         LINE#         164
  C:3BD9H         LINE#         165
  C:3BDCH         LINE#         166
  C:3BE4H         LINE#         167
  C:3BE6H         LINE#         168
  C:3BFAH         LINE#         169
  C:3BFAH         LINE#         170
  C:3BFAH         LINE#         171
  C:3BFAH         LINE#         172
  C:3C00H         LINE#         174
  C:3C02H         LINE#         175
  C:3C02H         LINE#         176
  C:3C02H         LINE#         177
  C:3C08H         LINE#         179
  C:3C0AH         LINE#         180
  C:3C0AH         LINE#         181
  C:3C0AH         LINE#         182
  C:3C10H         LINE#         184
  C:3C12H         LINE#         185
  C:3C12H         LINE#         186
  C:3C12H         LINE#         187
  C:3C18H         LINE#         189
  C:3C18H         LINE#         190
  C:3C18H         LINE#         191
  C:3C18H         LINE#         193
  C:3C1EH         LINE#         194
  C:3C1EH         LINE#         196
  C:3C1EH         LINE#         197
  C:3C21H         LINE#         198
  C:3C21H         LINE#         199
  C:3C21H         LINE#         201
  C:3C21H         LINE#         202
  C:3C23H         LINE#         203
  C:3C23H         LINE#         204
  -------         ENDPROC       KEY_SCAN
  -------         PROC          KEY_PROCESS
  -------         DO            
  X:05E0H         SYMBOL        KeyCount
  X:05E1H         SYMBOL        KeyNum_Old
  X:05E3H         SYMBOL        KeyNum
  X:05E5H         SYMBOL        PressedKey
  X:03F4H         SYMBOL        d
  D:0002H         SYMBOL        hours
  D:0006H         SYMBOL        mins
  X:03F6H         SYMBOL        months
  X:03F8H         SYMBOL        days
  -------         ENDDO         
  C:31C4H         LINE#         205
  C:31C4H         LINE#         206
  C:31C4H         LINE#         210
  C:31D3H         LINE#         211
  C:31E0H         LINE#         213
  C:31E4H         LINE#         214
BL51 BANKED LINKER/LOCATER V6.22                                                      05/23/2019  17:18:12  PAGE 25


  C:31E4H         LINE#         215
  C:31EAH         LINE#         217
  C:31EAH         LINE#         218
  C:3201H         LINE#         219
  C:3201H         LINE#         220
  C:320BH         LINE#         221
  C:3211H         LINE#         223
  C:3217H         LINE#         225
  C:3217H         LINE#         226
  C:322EH         LINE#         227
  C:322EH         LINE#         228
  C:3233H         LINE#         230
  C:3233H         LINE#         231
  C:3243H         LINE#         232
  C:3243H         LINE#         233
  C:3249H         LINE#         235
  C:3249H         LINE#         236
  C:325BH         LINE#         237
  C:325BH         LINE#         238
  C:3265H         LINE#         239
  C:326DH         LINE#         241
  C:3276H         LINE#         243
  C:3276H         LINE#         252
  C:3295H         LINE#         253
  C:3295H         LINE#         254
  C:32B4H         LINE#         255
  C:32BAH         LINE#         256
  C:32C2H         LINE#         257
  C:32C2H         LINE#         259
  C:32C3H         LINE#         265
  C:32CFH         LINE#         266
  C:32CFH         LINE#         267
  C:32ECH         LINE#         268
  C:3303H         LINE#         269
  C:331AH         LINE#         270
  C:331AH         LINE#         271
  C:332DH         LINE#         272
  C:3340H         LINE#         273
  C:3340H         LINE#         274
  C:3340H         LINE#         275
  C:3343H         LINE#         280
  C:3352H         LINE#         281
  C:3352H         LINE#         282
  C:3375H         LINE#         283
  C:3392H         LINE#         284
  C:339BH         LINE#         285
  C:339BH         LINE#         286
  C:33A2H         LINE#         287
  C:33A2H         LINE#         288
  C:33B3H         LINE#         289
  C:33B3H         LINE#         290
  C:33C2H         LINE#         291
  C:33C2H         LINE#         292
  C:33C2H         LINE#         293
  C:33C5H         LINE#         295
  C:33C5H         LINE#         296
  C:33D1H         LINE#         297
BL51 BANKED LINKER/LOCATER V6.22                                                      05/23/2019  17:18:12  PAGE 26


  C:33D1H         LINE#         298
  C:33E3H         LINE#         299
  C:33E3H         LINE#         300
  C:33F3H         LINE#         301
  C:33F3H         LINE#         302
  C:33F3H         LINE#         304
  C:33F5H         LINE#         306
  C:33F5H         LINE#         307
  C:3404H         LINE#         308
  C:3404H         LINE#         309
  C:3414H         LINE#         310
  C:3414H         LINE#         311
  C:3414H         LINE#         313
  C:3414H         LINE#         315
  C:3414H         LINE#         316
  C:3416H         LINE#         318
  C:3416H         LINE#         319
  C:341DH         LINE#         320
  C:341DH         LINE#         321
  C:342CH         LINE#         322
  C:342CH         LINE#         323
  C:343CH         LINE#         324
  C:343CH         LINE#         325
  C:343CH         LINE#         326
  C:343EH         LINE#         328
  C:343EH         LINE#         329
  C:344DH         LINE#         330
  C:344DH         LINE#         331
  C:3460H         LINE#         332
  C:3473H         LINE#         333
  C:3473H         LINE#         334
  C:3473H         LINE#         335
  C:3473H         LINE#         336
  C:347CH         LINE#         338
  C:347CH         LINE#         340
  C:34B6H         LINE#         341
  C:34B6H         LINE#         342
  C:34BDH         LINE#         343
  C:34BDH         LINE#         344
  C:34C7H         LINE#         345
  C:34C7H         LINE#         346
  C:34CAH         LINE#         347
  C:34CFH         LINE#         348
  C:34D4H         LINE#         349
  C:34D9H         LINE#         350
  C:34DEH         LINE#         351
  C:34E3H         LINE#         352
  C:34E8H         LINE#         353
  C:34EDH         LINE#         354
  C:34EDH         LINE#         355
  C:34EDH         LINE#         357
  C:350BH         LINE#         358
  C:350BH         LINE#         359
  C:3512H         LINE#         360
  C:3512H         LINE#         361
  C:3517H         LINE#         362
  C:3520H         LINE#         363
BL51 BANKED LINKER/LOCATER V6.22                                                      05/23/2019  17:18:12  PAGE 27


  C:353FH         LINE#         364
  C:353FH         LINE#         365
  C:354FH         LINE#         367
  C:354FH         LINE#         371
  -------         ENDPROC       KEY_PROCESS
  -------         PROC          KEYPAD_IO_INIT
  C:543DH         LINE#         374
  C:543DH         LINE#         375
  C:543DH         LINE#         376
  C:5440H         LINE#         377
  C:5443H         LINE#         378
  C:5446H         LINE#         379
  C:5448H         LINE#         380
  -------         ENDPROC       KEYPAD_IO_INIT
  -------         ENDMOD        KEYPAD

  -------         MODULE        BIPOLARMOTOR
  C:0000H         SYMBOL        _ICE_DUMMY_
  X:0000H         PUBLIC        UTC_time
  D:0080H         PUBLIC        P0
  D:0090H         PUBLIC        P1
  X:0004H         PUBLIC        RX_pos_test
  D:00A0H         PUBLIC        P2
  D:00B0H         PUBLIC        P3
  D:00C0H         PUBLIC        P4
  D:00C8H         PUBLIC        P5
  D:00E8H         PUBLIC        P6
  D:00F8H         PUBLIC        P7
  X:00A4H         PUBLIC        low_date_azimuth_mapping
  D:00A8H         PUBLIC        IE
  C:4765H         PUBLIC        linear_interpolate
  X:00CCH         PUBLIC        declination
  C:51F2H         PUBLIC        _Move
  D:00B8H         PUBLIC        IP
  X:00D0H         PUBLIC        time_offset
  D:00D8H         PUBLIC        CCON
  X:00D4H         PUBLIC        previous_move_time
  X:00D5H         PUBLIC        time
  D:0098H         PUBLIC        SCON
  D:0088H         PUBLIC        TCON
  C:50C6H         PUBLIC        _Step_move
  X:00E7H         PUBLIC        dat
  X:00EDH         PUBLIC        current_local_sun_time
  C:1D83H         PUBLIC        _Update_position
  C:3550H         PUBLIC        _elevation_calculation
  X:00F1H         PUBLIC        sunCoord
  C:4FAEH         PUBLIC        vOneStepMove
  X:00F4H         PUBLIC        elevation_stamp
  X:0130H         PUBLIC        date_azimuth_mapping
  X:0158H         PUBLIC        location
  X:0160H         PUBLIC        RX_pos
  C:539EH         PUBLIC        vSetLocation
  C:5330H         PUBLIC        _BCDtoDec1
  X:03B8H         PUBLIC        degree
  C:28BBH         PUBLIC        _TheoricalJP_Position
  D:00D0H         PUBLIC        PSW
  -------         PROC          VSETLOCATION
BL51 BANKED LINKER/LOCATER V6.22                                                      05/23/2019  17:18:12  PAGE 28


  C:539EH         LINE#         44
  C:539EH         LINE#         45
  C:539EH         LINE#         46
  C:53A8H         LINE#         47
  C:53B2H         LINE#         48
  -------         ENDPROC       VSETLOCATION
  C:532CH         SYMBOL        L?0060
  -------         PROC          L?0059
  -------         ENDPROC       L?0059
  C:532CH         SYMBOL        L?0060
  -------         PROC          _BCDTODEC1
  D:0007H         SYMBOL        bcd
  -------         DO            
  D:0006H         SYMBOL        hi
  D:0007H         SYMBOL        lo
  -------         ENDDO         
  C:5330H         LINE#         49
  C:5330H         LINE#         50
  C:5330H         LINE#         52
  C:5335H         LINE#         53
  C:5339H         LINE#         54
  C:5340H         LINE#         55
  -------         ENDPROC       _BCDTODEC1
  -------         PROC          VONESTEPMOVE
  B:0020H.3       SYMBOL        bDir
  C:4FAEH         LINE#         59
  C:4FAEH         LINE#         60
  C:4FAEH         LINE#         62
  C:4FB4H         LINE#         63
  C:4FB4H         LINE#         64
  C:4FB7H         LINE#         65
  C:4FC0H         LINE#         66
  C:4FC7H         LINE#         67
  C:4FCCH         LINE#         68
  C:4FCCH         LINE#         69
  C:4FCCH         LINE#         71
  C:4FCEH         LINE#         74
  C:4FCEH         LINE#         75
  C:4FD1H         LINE#         76
  C:4FDAH         LINE#         77
  C:4FE1H         LINE#         78
  C:4FE7H         LINE#         79
  C:4FF0H         LINE#         80
  C:4FF7H         LINE#         81
  C:4FF7H         LINE#         85
  -------         ENDPROC       VONESTEPMOVE
  -------         PROC          _STEP_MOVE
  X:04D7H         SYMBOL        step
  B:0020H.2       SYMBOL        dir
  -------         DO            
  X:04D9H         SYMBOL        i
  -------         ENDDO         
  C:50C6H         LINE#         87
  C:50CEH         LINE#         88
  C:50CEH         LINE#         90
  C:50D3H         LINE#         93
  C:50EEH         LINE#         94
BL51 BANKED LINKER/LOCATER V6.22                                                      05/23/2019  17:18:12  PAGE 29


  C:50EEH         LINE#         95
  C:50F5H         LINE#         97
  C:5105H         LINE#         99
  -------         ENDPROC       _STEP_MOVE
  -------         PROC          _MOVE
  X:04D3H         SYMBOL        distance
  B:0020H.1       SYMBOL        direction
  -------         DO            
  D:0006H         SYMBOL        step
  -------         ENDDO         
  C:51F2H         LINE#         101
  C:51F8H         LINE#         102
  C:51F8H         LINE#         105
  C:5213H         LINE#         106
  -------         ENDPROC       _MOVE
  C:4754H         SYMBOL        L?0058
  -------         PROC          L?0057
  -------         ENDPROC       L?0057
  C:4754H         SYMBOL        L?0058
  -------         PROC          LINEAR_INTERPOLATE
  X:049AH         SYMBOL        p1
  X:04A2H         SYMBOL        p2
  X:04AAH         SYMBOL        x
  -------         DO            
  D:0004H         SYMBOL        fx
  -------         ENDDO         
  C:4765H         LINE#         139
  C:4765H         LINE#         140
  C:4765H         LINE#         143
  C:4804H         LINE#         145
  C:4804H         LINE#         146
  -------         ENDPROC       LINEAR_INTERPOLATE
  -------         PROC          _THEORICALJP_POSITION
  X:043EH         SYMBOL        azimuth
  X:0442H         SYMBOL        elevation
  -------         DO            
  X:0446H         SYMBOL        pos_interpolate_azimuth
  X:0482H         SYMBOL        JP_pos
  X:0486H         SYMBOL        i
  X:0488H         SYMBOL        yy
  X:048AH         SYMBOL        p1
  X:0492H         SYMBOL        p2
  -------         ENDDO         
  C:28BBH         LINE#         149
  C:28C1H         LINE#         150
  C:28C1H         LINE#         152
  C:28CBH         LINE#         155
  C:28E7H         LINE#         156
  C:28E7H         LINE#         157
  C:2957H         LINE#         158
  C:2957H         LINE#         159
  C:295EH         LINE#         160
  C:295EH         LINE#         161
  C:298BH         LINE#         162
  C:29A6H         LINE#         164
  C:29EDH         LINE#         165
  C:2A21H         LINE#         167
BL51 BANKED LINKER/LOCATER V6.22                                                      05/23/2019  17:18:12  PAGE 30


  C:2A67H         LINE#         168
  C:2A8CH         LINE#         170
  C:2A8CH         LINE#         172
  C:2B02H         LINE#         173
  C:2B02H         LINE#         174
  C:2B09H         LINE#         175
  C:2B09H         LINE#         176
  C:2B36H         LINE#         177
  C:2B51H         LINE#         179
  C:2B98H         LINE#         180
  C:2BCCH         LINE#         182
  C:2C12H         LINE#         183
  C:2C34H         LINE#         185
  C:2C34H         LINE#         186
  C:2C48H         LINE#         189
  C:2C64H         LINE#         190
  C:2C64H         LINE#         191
  C:2CD4H         LINE#         192
  C:2CD4H         LINE#         193
  C:2D01H         LINE#         194
  C:2D1CH         LINE#         196
  C:2D49H         LINE#         197
  C:2D64H         LINE#         199
  C:2D96H         LINE#         202
  C:2D96H         LINE#         204
  C:2DA7H         LINE#         205
  C:2DB5H         LINE#         207
  -------         ENDPROC       _THEORICALJP_POSITION
  -------         PROC          _UPDATE_POSITION
  D:0001H         SYMBOL        mnths
  D:0002H         SYMBOL        dys
  X:041AH         SYMBOL        hurs
  X:041BH         SYMBOL        mns
  X:041CH         SYMBOL        sconds
  X:041DH         SYMBOL        currnt_pos
  X:0420H         SYMBOL        offset_calib
  -------         DO            
  X:0424H         SYMBOL        date
  X:0426H         SYMBOL        i
  X:0428H         SYMBOL        yy
  X:042AH         SYMBOL        desired_distance
  X:042EH         SYMBOL        distance
  X:0432H         SYMBOL        JP_pos
  X:0436H         SYMBOL        elevation
  X:043AH         SYMBOL        azimuth
  -------         ENDDO         
  C:1D83H         LINE#         210
  C:1D8CH         LINE#         213
  C:1D8CH         LINE#         214
  C:1D97H         LINE#         216
  C:1DB3H         LINE#         223
  C:1DBDH         LINE#         224
  C:1DC8H         LINE#         225
  C:1DD3H         LINE#         226
  C:1DECH         LINE#         227
  C:1DFDH         LINE#         228
  C:1E0CH         LINE#         231
BL51 BANKED LINKER/LOCATER V6.22                                                      05/23/2019  17:18:12  PAGE 31


  C:1E20H         LINE#         235
  C:1E72H         LINE#         236
  C:1FD6H         LINE#         237
  C:2026H         LINE#         240
  C:214EH         LINE#         243
  C:221DH         LINE#         250
  C:2264H         LINE#         251
  C:2264H         LINE#         253
  C:228FH         LINE#         254
  C:22BEH         LINE#         256
  C:22E3H         LINE#         257
  C:2348H         LINE#         258
  C:2348H         LINE#         259
  C:2362H         LINE#         260
  C:2374H         LINE#         261
  C:238CH         LINE#         262
  C:23A2H         LINE#         264
  C:23BEH         LINE#         265
  C:23BEH         LINE#         266
  C:23BEH         LINE#         269
  -------         ENDPROC       _UPDATE_POSITION
  -------         PROC          _ELEVATION_CALCULATION
  D:0007H         SYMBOL        mnths
  D:0005H         SYMBOL        dys
  X:03F6H         SYMBOL        hurs
  X:03F7H         SYMBOL        mns
  X:03F8H         SYMBOL        sconds
  C:3550H         LINE#         271
  C:3555H         LINE#         273
  C:3555H         LINE#         274
  C:355FH         LINE#         275
  C:3568H         LINE#         276
  C:3573H         LINE#         277
  C:358CH         LINE#         278
  C:35A0H         LINE#         279
  C:35B2H         LINE#         283
  C:3604H         LINE#         284
  C:3768H         LINE#         285
  C:37B8H         LINE#         287
  C:38CFH         LINE#         289
  -------         ENDPROC       _ELEVATION_CALCULATION
  -------         ENDMOD        BIPOLARMOTOR

  -------         MODULE        SUNPOS
  C:0000H         SYMBOL        _ICE_DUMMY_
  C:15E1H         PUBLIC        sunpos
  -------         PROC          SUNPOS
  X:043EH         SYMBOL        udtTime
  X:0450H         SYMBOL        udtLocation
  X:0458H         SYMBOL        udtSunCoordinates
  -------         DO            
  X:045BH         SYMBOL        dElapsedJulianDays
  X:045FH         SYMBOL        dDecimalHours
  X:0463H         SYMBOL        dEclipticLongitude
  X:0467H         SYMBOL        dEclipticObliquity
  X:046BH         SYMBOL        dRightAscension
  X:046FH         SYMBOL        dDeclination
BL51 BANKED LINKER/LOCATER V6.22                                                      05/23/2019  17:18:12  PAGE 32


  X:0473H         SYMBOL        dY
  X:0477H         SYMBOL        dX
  -------         DO            
  X:047BH         SYMBOL        dJulianDate
  X:047FH         SYMBOL        liAux1
  X:0483H         SYMBOL        liAux2
  X:047BH         SYMBOL        dMeanLongitude
  X:047FH         SYMBOL        dMeanAnomaly
  X:0483H         SYMBOL        dOmega
  X:047BH         SYMBOL        dSin_EclipticLongitude
  X:047BH         SYMBOL        dGreenwichMeanSiderealTime
  X:047FH         SYMBOL        dLocalMeanSiderealTime
  X:0483H         SYMBOL        dLatitudeInRadians
  X:0487H         SYMBOL        dHourAngle
  X:048BH         SYMBOL        dCos_Latitude
  X:048FH         SYMBOL        dSin_Latitude
  X:0493H         SYMBOL        dCos_HourAngle
  X:0497H         SYMBOL        dParallax
  -------         ENDDO         
  -------         DO            
  X:047BH         SYMBOL        dMeanLongitude
  X:047FH         SYMBOL        dMeanAnomaly
  X:0483H         SYMBOL        dOmega
  X:047BH         SYMBOL        dSin_EclipticLongitude
  X:047BH         SYMBOL        dGreenwichMeanSiderealTime
  X:047FH         SYMBOL        dLocalMeanSiderealTime
  X:0483H         SYMBOL        dLatitudeInRadians
  X:0487H         SYMBOL        dHourAngle
  X:048BH         SYMBOL        dCos_Latitude
  X:048FH         SYMBOL        dSin_Latitude
  X:0493H         SYMBOL        dCos_HourAngle
  X:0497H         SYMBOL        dParallax
  -------         ENDDO         
  -------         DO            
  X:047BH         SYMBOL        dSin_EclipticLongitude
  X:047BH         SYMBOL        dGreenwichMeanSiderealTime
  X:047FH         SYMBOL        dLocalMeanSiderealTime
  X:0483H         SYMBOL        dLatitudeInRadians
  X:0487H         SYMBOL        dHourAngle
  X:048BH         SYMBOL        dCos_Latitude
  X:048FH         SYMBOL        dSin_Latitude
  X:0493H         SYMBOL        dCos_HourAngle
  X:0497H         SYMBOL        dParallax
  -------         ENDDO         
  -------         DO            
  X:047BH         SYMBOL        dGreenwichMeanSiderealTime
  X:047FH         SYMBOL        dLocalMeanSiderealTime
  X:0483H         SYMBOL        dLatitudeInRadians
  X:0487H         SYMBOL        dHourAngle
  X:048BH         SYMBOL        dCos_Latitude
  X:048FH         SYMBOL        dSin_Latitude
  X:0493H         SYMBOL        dCos_HourAngle
  X:0497H         SYMBOL        dParallax
  -------         ENDDO         
  -------         ENDDO         
  C:15E1H         LINE#         6
  C:15E1H         LINE#         7
BL51 BANKED LINKER/LOCATER V6.22                                                      05/23/2019  17:18:12  PAGE 33


  C:15E1H         LINE#         9
  C:15E1H         LINE#         27
  C:162BH         LINE#         30
  C:164CH         LINE#         31
  C:1793H         LINE#         34
  C:17DFH         LINE#         36
  C:17FEH         LINE#         37
  C:17FEH         LINE#         42
  C:17FEH         LINE#         46
  C:1830H         LINE#         47
  C:185AH         LINE#         48
  C:1884H         LINE#         49
  C:1931H         LINE#         52
  C:1992H         LINE#         54
  C:1992H         LINE#         59
  C:1992H         LINE#         61
  C:19A9H         LINE#         62
  C:19D1H         LINE#         63
  C:19E8H         LINE#         64
  C:1A13H         LINE#         65
  C:1A4AH         LINE#         66
  C:1A75H         LINE#         67
  C:1A75H         LINE#         70
  C:1A75H         LINE#         79
  C:1AB0H         LINE#         82
  C:1AEAH         LINE#         84
  C:1B0FH         LINE#         85
  C:1B2EH         LINE#         86
  C:1B45H         LINE#         87
  C:1B5CH         LINE#         88
  C:1B73H         LINE#         89
  C:1BFCH         LINE#         91
  C:1C16H         LINE#         92
  C:1C78H         LINE#         93
  C:1CAEH         LINE#         94
  C:1CC0H         LINE#         95
  C:1CEDH         LINE#         96
  C:1D1AH         LINE#         98
  C:1D3CH         LINE#         100
  C:1D74H         LINE#         103
  C:1D74H         LINE#         104
  C:1D82H         LINE#         105
  -------         ENDPROC       SUNPOS
  -------         ENDMOD        SUNPOS

  -------         MODULE        ADC
  C:0000H         SYMBOL        _ICE_DUMMY_
  D:0092H         PUBLIC        P1M0
  D:0091H         PUBLIC        P1M1
  D:0080H         PUBLIC        P0
  D:0090H         PUBLIC        P1
  D:00A0H         PUBLIC        P2
  D:00B0H         PUBLIC        P3
  D:00C0H         PUBLIC        P4
  D:00C8H         PUBLIC        P5
  D:00E8H         PUBLIC        P6
  D:00F8H         PUBLIC        P7
BL51 BANKED LINKER/LOCATER V6.22                                                      05/23/2019  17:18:12  PAGE 34


  D:00A8H         PUBLIC        IE
  D:00BDH         PUBLIC        ADC_RES
  D:00B8H         PUBLIC        IP
  D:0097H         PUBLIC        CLK_DIV
  D:00D8H         PUBLIC        CCON
  D:00BCH         PUBLIC        ADC_CONTR
  D:0098H         PUBLIC        SCON
  D:0088H         PUBLIC        TCON
  B:00A0H.4       PUBLIC        P24
  B:00A0H.5       PUBLIC        P25
  B:00A0H.6       PUBLIC        P26
  C:5341H         PUBLIC        ADC_Init
  C:51C8H         PUBLIC        _ADC_GetResult
  D:009DH         PUBLIC        P1ASF
  D:00BEH         PUBLIC        ADC_RESL
  D:00D0H         PUBLIC        PSW
  -------         PROC          ADC_INIT
  C:5341H         LINE#         7
  C:5341H         LINE#         8
  C:5341H         LINE#         10
  C:5343H         LINE#         11
  C:5345H         LINE#         12
  C:5347H         LINE#         13
  C:534AH         LINE#         14
  C:534DH         LINE#         15
  C:5350H         LINE#         16
  C:5353H         LINE#         18
  C:5355H         LINE#         19
  C:5357H         LINE#         20
  C:535AH         LINE#         24
  -------         ENDPROC       ADC_INIT
  -------         PROC          _ADC_GETRESULT
  D:0007H         SYMBOL        ch
  -------         DO            
  D:0006H         SYMBOL        ADC_Value_H
  D:0004H         SYMBOL        ADC_Value_L
  D:0006H         SYMBOL        ADC_Value
  -------         ENDDO         
  C:51C8H         LINE#         27
  C:51C8H         LINE#         28
  C:51C8H         LINE#         30
  C:51CDH         LINE#         31
  C:51CEH         LINE#         32
  C:51CFH         LINE#         35
[...]
  C:456DH         LINE#         101
  C:456DH         LINE#         102
  C:456FH         LINE#         104
  C:456FH         LINE#         105
  C:456FH         LINE#         106
  C:456FH         LINE#         107
  C:4572H         LINE#         108
  C:4576H         LINE#         111
  C:4595H         LINE#         113
  C:459CH         LINE#         114
  C:459CH         LINE#         115
  C:459EH         LINE#         116
  C:45A1H         LINE#         117
  C:45BDH         LINE#         118
  C:45BDH         LINE#         119
  C:45BFH         LINE#         120
  C:45C1H         LINE#         122
  C:45C1H         LINE#         123
  C:45C3H         LINE#         125
  C:45C3H         LINE#         126
  C:45C3H         LINE#         127
  C:45C3H         LINE#         128
  C:45C6H         LINE#         129
  C:45DFH         LINE#         131
  C:45FEH         LINE#         133
BL51 BANKED LINKER/LOCATER V6.22                                                      05/23/2019  17:18:12  PAGE 45


  C:4605H         LINE#         134
  C:4605H         LINE#         135
  C:4607H         LINE#         136
  C:460AH         LINE#         137
  C:4611H         LINE#         138
  C:4611H         LINE#         139
  C:4613H         LINE#         140
  C:4615H         LINE#         142
  C:4615H         LINE#         143
  C:4617H         LINE#         145
  C:4617H         LINE#         146
  C:4617H         LINE#         147
  C:4617H         LINE#         148
  C:461AH         LINE#         149
  C:4621H         LINE#         151
  C:4640H         LINE#         153
  C:4642H         LINE#         154
  C:4645H         LINE#         155
  C:464CH         LINE#         157
  -------         ENDPROC       _AT25SF041_WRITE
  -------         PROC          _AT25SF041_READ
  D:0003H         SYMBOL        opcode
  X:05FAH         SYMBOL        addr
  -------         DO            
  X:05FEH         SYMBOL        dat
  X:05FFH         SYMBOL        i
  -------         ENDDO         
  C:443BH         LINE#         159
  C:443DH         LINE#         160
  C:443DH         LINE#         161
  C:4442H         LINE#         163
  C:4444H         LINE#         164
  C:444AH         LINE#         168
  C:444FH         LINE#         169
  C:444FH         LINE#         170
  C:4451H         LINE#         171
  C:4454H         LINE#         172
  C:4458H         LINE#         173
  C:4458H         LINE#         174
  C:445AH         LINE#         175
  C:445CH         LINE#         177
  C:445CH         LINE#         178
  C:445EH         LINE#         180
  C:445EH         LINE#         181
  C:445EH         LINE#         182
  C:445EH         LINE#         183
  C:4461H         LINE#         184
  C:4465H         LINE#         187
  C:4484H         LINE#         189
  C:448BH         LINE#         190
  C:448BH         LINE#         191
  C:448DH         LINE#         192
  C:4490H         LINE#         193
  C:44ACH         LINE#         194
  C:44ACH         LINE#         195
  C:44AEH         LINE#         196
  C:44B0H         LINE#         198
BL51 BANKED LINKER/LOCATER V6.22                                                      05/23/2019  17:18:12  PAGE 46


  C:44B0H         LINE#         199
  C:44B2H         LINE#         201
  C:44B2H         LINE#         202
  C:44B2H         LINE#         203
  C:44B2H         LINE#         204
  C:44B5H         LINE#         205
  C:44CEH         LINE#         207
  C:44EDH         LINE#         210
  C:44F4H         LINE#         212
  C:44F6H         LINE#         213
  C:44FDH         LINE#         215
  C:4504H         LINE#         216
  C:4504H         LINE#         217
  C:450BH         LINE#         218
  C:450BH         LINE#         219
  C:450EH         LINE#         220
  C:4510H         LINE#         221
  C:4513H         LINE#         223
  C:4516H         LINE#         224
  C:4516H         LINE#         226
  C:451AH         LINE#         227
  C:451AH         LINE#         233
  C:4539H         LINE#         236
  C:453BH         LINE#         237
  C:453EH         LINE#         238
  C:4545H         LINE#         240
  C:454AH         LINE#         242
  -------         ENDPROC       _AT25SF041_READ
  -------         PROC          UCREAD_STATUS_REGISTER_BYTE1
  -------         DO            
  D:0003H         SYMBOL        dat
  D:0001H         SYMBOL        opcode
  X:04DBH         SYMBOL        count
  X:04DCH         SYMBOL        i
  -------         ENDDO         
  C:4A19H         LINE#         246
  C:4A19H         LINE#         247
  C:4A19H         LINE#         248
  C:4A1FH         LINE#         249
  C:4A23H         LINE#         250
  C:4A25H         LINE#         251
  C:4A27H         LINE#         252
  C:4A2DH         LINE#         256
  C:4A34H         LINE#         257
  C:4A34H         LINE#         258
  C:4A36H         LINE#         259
  C:4A39H         LINE#         260
  C:4A3DH         LINE#         261
  C:4A3DH         LINE#         262
  C:4A3FH         LINE#         263
  C:4A41H         LINE#         265
  C:4A41H         LINE#         266
  C:4A43H         LINE#         268
  C:4A43H         LINE#         269
  C:4A43H         LINE#         270
  C:4A43H         LINE#         271
  C:4A46H         LINE#         272
BL51 BANKED LINKER/LOCATER V6.22                                                      05/23/2019  17:18:12  PAGE 47


  C:4A4AH         LINE#         275
  C:4A69H         LINE#         279
  C:4A70H         LINE#         281
  C:4A72H         LINE#         282
  C:4A79H         LINE#         283
  C:4A80H         LINE#         284
  C:4A80H         LINE#         285
  C:4A84H         LINE#         286
  C:4A84H         LINE#         287
  C:4A87H         LINE#         288
  C:4A89H         LINE#         289
  C:4A8CH         LINE#         291
  C:4A8FH         LINE#         292
  C:4A8FH         LINE#         294
  C:4A93H         LINE#         295
  C:4A93H         LINE#         297
  C:4AB2H         LINE#         301
  C:4AB4H         LINE#         302
  C:4AB7H         LINE#         303
  C:4AB9H         LINE#         304
  -------         ENDPROC       UCREAD_STATUS_REGISTER_BYTE1
  -------         PROC          SPI_NOR_WRITE_DATA
  X:03F4H         SYMBOL        dat
  X:03FFH         SYMBOL        addr
  C:3C24H         LINE#         306
  C:3C24H         LINE#         307
  C:3C24H         LINE#         309
  C:3C27H         LINE#         311
  C:3C41H         LINE#         312
  C:3C5FH         LINE#         314
  C:3C66H         LINE#         315
  C:3C69H         LINE#         317
  C:3C83H         LINE#         318
  C:3C83H         LINE#         319
  C:3C83H         LINE#         322
  C:3C86H         LINE#         324
  C:3CA0H         LINE#         325
  C:3CA0H         LINE#         326
  C:3CA0H         LINE#         328
  C:3CA3H         LINE#         330
  C:3CBDH         LINE#         331
  C:3CBDH         LINE#         332
  C:3CBDH         LINE#         334
  C:3CC0H         LINE#         336
  C:3CDAH         LINE#         337
  C:3CDAH         LINE#         338
  C:3CDAH         LINE#         340
  C:3CDDH         LINE#         342
  C:3CF7H         LINE#         343
  C:3CF7H         LINE#         344
  C:3CF7H         LINE#         346
  C:3CFAH         LINE#         348
  C:3D14H         LINE#         349
  C:3D14H         LINE#         350
  C:3D14H         LINE#         352
  C:3D17H         LINE#         354
  C:3D31H         LINE#         355
BL51 BANKED LINKER/LOCATER V6.22                                                      05/23/2019  17:18:12  PAGE 48


  C:3D31H         LINE#         356
  C:3D31H         LINE#         358
  C:3D34H         LINE#         360
  C:3D4EH         LINE#         361
  C:3D4EH         LINE#         362
  C:3D4EH         LINE#         364
  C:3D51H         LINE#         366
  C:3D6BH         LINE#         367
  C:3D6BH         LINE#         368
  C:3D6BH         LINE#         370
  C:3D6EH         LINE#         372
  C:3D88H         LINE#         373
  C:3D8FH         LINE#         374
  -------         ENDPROC       SPI_NOR_WRITE_DATA
  -------         ENDMOD        AT25SF041

  -------         MODULE        SI1120
  C:0000H         SYMBOL        _ICE_DUMMY_
  D:0080H         PUBLIC        P0
  D:00B2H         PUBLIC        P3M0
  D:0090H         PUBLIC        P1
  D:00B1H         PUBLIC        P3M1
  D:00A0H         PUBLIC        P2
  D:00B0H         PUBLIC        P3
  D:00C0H         PUBLIC        P4
  D:00C8H         PUBLIC        P5
  B:00A8H.7       PUBLIC        EA
  D:00E8H         PUBLIC        P6
  D:00F8H         PUBLIC        P7
  D:00A8H         PUBLIC        IE
  D:00B8H         PUBLIC        IP
  C:5141H         PUBLIC        SI1120_CONFIG_MODE_VIRH
  D:00D8H         PUBLIC        CCON
  D:0098H         PUBLIC        SCON
  D:0088H         PUBLIC        TCON
  C:5430H         PUBLIC        Enable_EXTINT0
  B:0090H.5       PUBLIC        SI1120_STX
  B:0088H.0       PUBLIC        IT0
  B:00A8H.0       PUBLIC        EX0
  B:0090H.4       PUBLIC        SI1120_MD
  B:0090H.6       PUBLIC        SI1120_SC
  D:00D0H         PUBLIC        PSW
  -------         PROC          SI1120_CONFIG_MODE_VIRH
  C:5141H         LINE#         4
  C:5141H         LINE#         5
  C:5141H         LINE#         6
  C:5143H         LINE#         7
  C:5145H         LINE#         8
  C:5147H         LINE#         10
  C:514EH         LINE#         11
  C:5150H         LINE#         13
  C:5152H         LINE#         14
  C:5154H         LINE#         16
  C:515BH         LINE#         18
  C:515DH         LINE#         20
  C:5164H         LINE#         23
  C:5166H         LINE#         25
BL51 BANKED LINKER/LOCATER V6.22                                                      05/23/2019  17:18:12  PAGE 49


  C:5168H         LINE#         27
  C:516FH         LINE#         29
  C:5171H         LINE#         31
  -------         ENDPROC       SI1120_CONFIG_MODE_VIRH
  -------         PROC          ENABLE_EXTINT0
  C:5430H         LINE#         33
  C:5430H         LINE#         34
  C:5430H         LINE#         35
  C:5433H         LINE#         36
  C:5436H         LINE#         37
  C:5438H         LINE#         38
  C:543AH         LINE#         39
  C:543CH         LINE#         40
  -------         ENDPROC       ENABLE_EXTINT0
  -------         ENDMOD        SI1120

  -------         MODULE        ?C_STARTUP
  C:4C8DH         SEGMENT       ?C_C51STARTUP
  I:0021H         SEGMENT       ?STACK
  C:0000H         PUBLIC        ?C_STARTUP
  D:00E0H         SYMBOL        ACC
  D:00F0H         SYMBOL        B
  D:0083H         SYMBOL        DPH
  D:0082H         SYMBOL        DPL
  N:0000H         SYMBOL        IBPSTACK
  N:0100H         SYMBOL        IBPSTACKTOP
  N:0080H         SYMBOL        IDATALEN
  C:4C90H         SYMBOL        IDATALOOP
  N:0000H         SYMBOL        PBPSTACK
  N:0100H         SYMBOL        PBPSTACKTOP
  N:0000H         SYMBOL        PDATALEN
  N:0000H         SYMBOL        PDATASTART
  N:0000H         SYMBOL        PPAGE
  N:0000H         SYMBOL        PPAGEENABLE
  D:00A0H         SYMBOL        PPAGE_SFR
  D:0081H         SYMBOL        SP
  C:4C8DH         SYMBOL        STARTUP1
  N:0000H         SYMBOL        XBPSTACK
  N:0000H         SYMBOL        XBPSTACKTOP
  N:0000H         SYMBOL        XDATALEN
  N:0000H         SYMBOL        XDATASTART
  C:0000H         LINE#         126
  C:4C8DH         LINE#         133
  C:4C8FH         LINE#         134
  C:4C90H         LINE#         135
  C:4C91H         LINE#         136
  C:4C93H         LINE#         185
  C:4C96H         LINE#         196
  -------         ENDMOD        ?C_STARTUP

  -------         MODULE        ?C?FPADD
  C:0C44H         PUBLIC        ?C?FPADD
  C:0C40H         PUBLIC        ?C?FPSUB
  -------         ENDMOD        ?C?FPADD

  -------         MODULE        ?C?FPMUL
  C:0D35H         PUBLIC        ?C?FPMUL
BL51 BANKED LINKER/LOCATER V6.22                                                      05/23/2019  17:18:12  PAGE 50


  -------         ENDMOD        ?C?FPMUL

  -------         MODULE        ?C?FPDIV
  C:0E3EH         PUBLIC        ?C?FPDIV
  -------         ENDMOD        ?C?FPDIV

  -------         MODULE        ?C?FPCMP
  C:0EDDH         PUBLIC        ?C?FPCMP
  C:0EDBH         PUBLIC        ?C?FPCMP3
  -------         ENDMOD        ?C?FPCMP

  -------         MODULE        ?C?FPNEG
  C:0F54H         PUBLIC        ?C?FPNEG
  -------         ENDMOD        ?C?FPNEG

  -------         MODULE        ?C?FCAST
  C:0F6FH         PUBLIC        ?C?FCASTC
  C:0F6AH         PUBLIC        ?C?FCASTI
  C:0F65H         PUBLIC        ?C?FCASTL
  -------         ENDMOD        ?C?FCAST

  -------         MODULE        ?C?CASTF
  C:0FA3H         PUBLIC        ?C?CASTF
  -------         ENDMOD        ?C?CASTF

  -------         MODULE        ATAN2
  X:049BH         PUBLIC        ?_atan2?BYTE
  C:4ABAH         PUBLIC        _atan2
  -------         ENDMOD        ATAN2

  -------         MODULE        SIN
  C:3DF5H         PUBLIC        _COS
  C:3E0BH         PUBLIC        _SIN
  C:3E47H         PUBLIC        _TAN
  -------         ENDMOD        SIN

  -------         MODULE        ACOS
  C:4FF8H         PUBLIC        _ACOS
  -------         ENDMOD        ACOS

  -------         MODULE        ASIN
  C:5106H         PUBLIC        _ASIN
  -------         ENDMOD        ASIN

  -------         MODULE        POW
  X:03BCH         PUBLIC        ?_pow?BYTE
  C:3F35H         PUBLIC        _pow
  -------         ENDMOD        POW

  -------         MODULE        ?C?CHKFLOAT
  C:1024H         PUBLIC        ?C?CHKFLOAT
  -------         ENDMOD        ?C?CHKFLOAT

  -------         MODULE        EXP
  C:4C2BH         PUBLIC        _EXP
  -------         ENDMOD        EXP

BL51 BANKED LINKER/LOCATER V6.22                                                      05/23/2019  17:18:12  PAGE 51


  -------         MODULE        LOG
  C:4224H         PUBLIC        _LOG
  C:4220H         PUBLIC        _LOG10
  -------         ENDMOD        LOG

  -------         MODULE        SQRT
  C:4971H         PUBLIC        _SQRT
  -------         ENDMOD        SQRT

  -------         MODULE        ATAN
  C:4339H         PUBLIC        _ATAN
  -------         ENDMOD        ATAN

  -------         MODULE        ?C?COPY
  C:115BH         PUBLIC        ?C?COPY
  -------         ENDMOD        ?C?COPY

  -------         MODULE        ?C?CLDPTR
  C:1181H         PUBLIC        ?C?CLDPTR
  -------         ENDMOD        ?C?CLDPTR

  -------         MODULE        ?C?CLDOPTR
  C:119AH         PUBLIC        ?C?CLDOPTR
  -------         ENDMOD        ?C?CLDOPTR

  -------         MODULE        ?C?CSTPTR
  C:11C7H         PUBLIC        ?C?CSTPTR
  -------         ENDMOD        ?C?CSTPTR

  -------         MODULE        ?C?IMUL
  C:11D9H         PUBLIC        ?C?IMUL
  -------         ENDMOD        ?C?IMUL

  -------         MODULE        ?C?UIDIV
  C:11EBH         PUBLIC        ?C?UIDIV
  -------         ENDMOD        ?C?UIDIV

  -------         MODULE        ?C?SIDIV
  C:1240H         PUBLIC        ?C?SIDIV
  -------         ENDMOD        ?C?SIDIV

  -------         MODULE        ?C?ILDOPTR
  C:1276H         PUBLIC        ?C?ILDOPTR
  -------         ENDMOD        ?C?ILDOPTR

  -------         MODULE        ?C?ISTPTR
  C:12AEH         PUBLIC        ?C?ISTPTR
  -------         ENDMOD        ?C?ISTPTR

  -------         MODULE        ?C?LMUL
  C:12CDH         PUBLIC        ?C?LMUL
  -------         ENDMOD        ?C?LMUL

  -------         MODULE        ?C?SLDIV
  C:5042H         PUBLIC        ?C?SLDIV
  -------         ENDMOD        ?C?SLDIV

BL51 BANKED LINKER/LOCATER V6.22                                                      05/23/2019  17:18:12  PAGE 52


  -------         MODULE        ?C?LNEG
  C:131CH         PUBLIC        ?C?LNEG
  -------         ENDMOD        ?C?LNEG

  -------         MODULE        ?C?ULCMP
  C:132AH         PUBLIC        ?C?ULCMP
  -------         ENDMOD        ?C?ULCMP

  -------         MODULE        ?C?LSHL
  C:133BH         PUBLIC        ?C?LSHL
  -------         ENDMOD        ?C?LSHL

  -------         MODULE        ?C?LLDPTR
  C:134EH         PUBLIC        ?C?LLDPTR
  -------         ENDMOD        ?C?LLDPTR

  -------         MODULE        ?C?LLDOPTR
  C:136EH         PUBLIC        ?C?LLDOPTR
  -------         ENDMOD        ?C?LLDOPTR

  -------         MODULE        ?C?LSTPTR
  C:139EH         PUBLIC        ?C?LSTPTR
  -------         ENDMOD        ?C?LSTPTR

  -------         MODULE        ?C?LSTOPTR
  C:13B8H         PUBLIC        ?C?LSTOPTR
  -------         ENDMOD        ?C?LSTOPTR

  -------         MODULE        ?C?LLDXDATA
  C:13DCH         PUBLIC        ?C?LLDXDATA
  -------         ENDMOD        ?C?LLDXDATA

  -------         MODULE        ?C?LLDCODE
  C:13E8H         PUBLIC        ?C?LLDCODE
  -------         ENDMOD        ?C?LLDCODE

  -------         MODULE        ?C?LLDXDATA0
  C:13F8H         PUBLIC        ?C?LLDXDATA0
  -------         ENDMOD        ?C?LLDXDATA0

  -------         MODULE        ?C?LLDCODE0
  C:1404H         PUBLIC        ?C?LLDCODE0
  -------         ENDMOD        ?C?LLDCODE0

  -------         MODULE        ?C?LLDPTR0
  C:1414H         PUBLIC        ?C?LLDPTR0
  -------         ENDMOD        ?C?LLDPTR0

  -------         MODULE        ?C?LSTXDATA
  C:1434H         PUBLIC        ?C?LSTXDATA
  -------         ENDMOD        ?C?LSTXDATA

  -------         MODULE        ?C?LSTKXDATA
  C:1440H         PUBLIC        ?C?LSTKXDATA
  -------         ENDMOD        ?C?LSTKXDATA

  -------         MODULE        ?C?LSTKPTR
BL51 BANKED LINKER/LOCATER V6.22                                                      05/23/2019  17:18:12  PAGE 53


  C:1471H         PUBLIC        ?C?LSTKPTR
  -------         ENDMOD        ?C?LSTKPTR

  -------         MODULE        ?C?OFFXADD
  C:148BH         PUBLIC        ?C?OFFXADD
  -------         ENDMOD        ?C?OFFXADD

  -------         MODULE        ?C?ULDIV
  C:14D3H         PUBLIC        ?C?ULDIV
  -------         ENDMOD        ?C?ULDIV

  -------         MODULE        ?C?LLDIDATA
  C:1565H         PUBLIC        ?C?LLDIDATA
  -------         ENDMOD        ?C?LLDIDATA

  -------         MODULE        ?C?LLDPDATA
  C:1571H         PUBLIC        ?C?LLDPDATA
  -------         ENDMOD        ?C?LLDPDATA

  -------         MODULE        ?C?LLDIDATA0
  C:157DH         PUBLIC        ?C?LLDIDATA0
  -------         ENDMOD        ?C?LLDIDATA0

  -------         MODULE        ?C?LLDPDATA0
  C:158AH         PUBLIC        ?C?LLDPDATA0
  -------         ENDMOD        ?C?LLDPDATA0

  -------         MODULE        ?C?LSTIDATA
  C:1597H         PUBLIC        ?C?LSTIDATA
  -------         ENDMOD        ?C?LSTIDATA

  -------         MODULE        ?C?LSTPDATA
  C:15A3H         PUBLIC        ?C?LSTPDATA
  -------         ENDMOD        ?C?LSTPDATA

  -------         MODULE        ?C?LSTKIDATA
  C:15AFH         PUBLIC        ?C?LSTKIDATA
  -------         ENDMOD        ?C?LSTKIDATA

  -------         MODULE        ?C?LSTKPDATA
  C:15C8H         PUBLIC        ?C?LSTKPDATA
  -------         ENDMOD        ?C?LSTKPDATA

*** WARNING L16: UNCALLED SEGMENT, IGNORED FOR OVERLAY PROCESS
    SEGMENT: ?PR?_DAY_OF_YEAR?PCF85063BTL

*** WARNING L16: UNCALLED SEGMENT, IGNORED FOR OVERLAY PROCESS
    SEGMENT: ?PR?NOP?IOEXPANDER_PI4IOE5V96248

*** WARNING L16: UNCALLED SEGMENT, IGNORED FOR OVERLAY PROCESS
    SEGMENT: ?PR?UC_ACK?IOEXPANDER_PI4IOE5V96248

*** WARNING L16: UNCALLED SEGMENT, IGNORED FOR OVERLAY PROCESS
    SEGMENT: ?PR?UC_NACK?IOEXPANDER_PI4IOE5V96248

*** WARNING L16: UNCALLED SEGMENT, IGNORED FOR OVERLAY PROCESS
    SEGMENT: ?PR?_AT25SF041_READ?AT25SF041
BL51 BANKED LINKER/LOCATER V6.22                                                      05/23/2019  17:18:12  PAGE 54



Program Size: data=9.5 xdata=1539 code=21608
LINK/LOCATE RUN COMPLETE.  5 WARNING(S),  0 ERROR(S)
