BL51 BANKED LINKER/LOCATER V6.22                                                        05/16/2018  14:13:30  PAGE 1


BL51 BANKED LINKER/LOCATER V6.22, INVOKED BY:
C:\KEIL_V5\C51\BIN\BL51.EXE .\Obj\main.obj, .\Obj\PCF85063BTL.obj, .\Obj\UART1.obj, .\Obj\LCd_Driver_SPLC780D.obj, .\Obj
>> \KeyPad.obj, .\Obj\STARTUP.obj TO .\Obj\GPIO_RTC_Test PRINT (.\Lis\GPIO_RTC_Test.m51) RAMSIZE (256)


MEMORY MODEL: LARGE


INPUT MODULES INCLUDED:
  .\Obj\main.obj (MAIN)
  .\Obj\PCF85063BTL.obj (PCF85063BTL)
  .\Obj\UART1.obj (UART1)
  .\Obj\LCd_Driver_SPLC780D.obj (LCD_DRIVER_SPLC780D)
  .\Obj\KeyPad.obj (KEYPAD)
  .\Obj\STARTUP.obj (?C_STARTUP)
  C:\KEIL_V5\C51\LIB\C51L.LIB (?C_INIT)
  C:\KEIL_V5\C51\LIB\C51L.LIB (?C?CLDPTR)
  C:\KEIL_V5\C51\LIB\C51L.LIB (?C?CSTPTR)
  C:\KEIL_V5\C51\LIB\C51L.LIB (?C?ILDIX)
  C:\KEIL_V5\C51\LIB\C51L.LIB (ATOI)
  C:\KEIL_V5\C51\LIB\C51L.LIB (?C?IMUL)
  C:\KEIL_V5\C51\LIB\C51L.LIB (?C?IILDX)
  C:\KEIL_V5\C51\LIB\C51L.LIB (ISDIGIT)
  C:\KEIL_V5\C51\LIB\C51L.LIB (ISSPACE)


LINK MAP OF MODULE:  .\Obj\GPIO_RTC_Test (MAIN)


            TYPE    BASE      LENGTH    RELOCATION   SEGMENT NAME
            -----------------------------------------------------

            * * * * * * *   D A T A   M E M O R Y   * * * * * * *
            REG     0000H     0008H     ABSOLUTE     "REG BANK 0"
            REG     0008H     0008H     ABSOLUTE     "REG BANK 1"
                    0010H     0010H                  *** GAP ***
            BIT     0020H.0   0000H.1   UNIT         ?BI?MAIN
            BIT     0020H.1   0000H.1   UNIT         _BIT_GROUP_
                    0020H.2   0000H.6                *** GAP ***
            IDATA   0021H     0001H     UNIT         ?STACK

            * * * * * * *  X D A T A   M E M O R Y  * * * * * * *
            XDATA   0000H     0020H     UNIT         _XDATA_GROUP_
            XDATA   0020H     001CH     UNIT         ?XD?MAIN
            XDATA   003CH     0008H     UNIT         ?XD?KEYPAD
            XDATA   0044H     0003H     UNIT         ?XD?_SENDSTRING?UART1

            * * * * * * *   C O D E   M E M O R Y   * * * * * * *
            CODE    0000H     0003H     ABSOLUTE     
            CODE    0003H     0007H     UNIT         ?PR?KEYPAD_IO_INIT?KEYPAD
            CODE    000AH     0001H     UNIT         ?PR?TM0_ISR?MAIN
            CODE    000BH     0003H     ABSOLUTE     
            CODE    000EH     0015H     UNIT         ?PR?_DISPLAY_LINE?LCD_DRIVER_SPLC780D
            CODE    0023H     0003H     ABSOLUTE     
            CODE    0026H     0139H     UNIT         ?PR?KEY_SCAN?KEYPAD
            CODE    015FH     0123H     UNIT         ?PR?MAIN?MAIN
            CODE    0282H     00DBH     UNIT         ?PR?_ATOI?ATOI
            CODE    035DH     009BH     UNIT         ?PR?UART?MAIN
BL51 BANKED LINKER/LOCATER V6.22                                                      05/16/2018  14:13:30  PAGE 2


            CODE    03F8H     008CH     UNIT         ?C_C51STARTUP
            CODE    0484H     0075H     UNIT         ?PR?_WRITEDATA?LCD_DRIVER_SPLC780D
            CODE    04F9H     0074H     UNIT         ?PR?KEY_PROCESS?KEYPAD
            CODE    056DH     006FH     UNIT         ?PR?_DISPLAY_TIME?UART1
            CODE    05DCH     0069H     UNIT         ?C?LIB_CODE
            CODE    0645H     0054H     UNIT         ?PR?LCD_INIT?LCD_DRIVER_SPLC780D
            CODE    0699H     0040H     UNIT         ?PR?_COMMAND?LCD_DRIVER_SPLC780D
            CODE    06D9H     003BH     UNIT         ?C_INITSEG
            CODE    0714H     0033H     UNIT         ?PR?_SENDSTRING?UART1
            CODE    0747H     0024H     UNIT         ?PR?_WAIT_MS?LCD_DRIVER_SPLC780D
            CODE    076BH     0020H     UNIT         ?PR?_SPI_SENDBYTE?PCF85063BTL
            CODE    078BH     0020H     UNIT         ?PR?SPI_RECEIVEBYTE?PCF85063BTL
            CODE    07ABH     001EH     UNIT         ?PR?_DELAY_MS?KEYPAD
            CODE    07C9H     001DH     UNIT         ?PR?_DISPLAYLCD?LCD_DRIVER_SPLC780D
            CODE    07E6H     0018H     UNIT         ?PR?_SPI_WRITETIME?PCF85063BTL
            CODE    07FEH     0017H     UNIT         ?PR?_ASCIITOBCD?UART1
            CODE    0815H     0014H     UNIT         ?PR?_PCF85063BTL_DELAY?PCF85063BTL
            CODE    0829H     0014H     UNIT         ?PR?_ISSPACE?ISSPACE
            CODE    083DH     0011H     UNIT         ?PR?_SPI_READTIME?PCF85063BTL
            CODE    084EH     0011H     UNIT         ?PR?INITUART1?UART1
            CODE    085FH     000FH     UNIT         ?PR?_ISDIGIT?ISDIGIT
            CODE    086EH     000DH     UNIT         ?PR?SPI_INIT?PCF85063BTL
            CODE    087BH     000AH     UNIT         ?PR?LCD_RETURN_HOME?LCD_DRIVER_SPLC780D
            CODE    0885H     000AH     UNIT         ?PR?LCD_CLEAR?LCD_DRIVER_SPLC780D
            CODE    088FH     0009H     UNIT         ?PR?_SENDUART1?MAIN
            CODE    0898H     0006H     UNIT         ?PR?_TEN?UART1
            CODE    089EH     0005H     UNIT         ?PR?_UNIT?UART1
            CODE    08A3H     0005H     UNIT         ?PR?_ASCII_LETTER?UART1
            CODE    08A8H     0001H     UNIT         ?PR?_DECTOBCD?UART1



OVERLAY MAP OF MODULE:   .\Obj\GPIO_RTC_Test (MAIN)


SEGMENT                                            BIT_GROUP          XDATA_GROUP
  +--> CALLED SEGMENT                           START    LENGTH     START    LENGTH
-----------------------------------------------------------------------------------
?PR?UART?MAIN                                   -----    -----      -----    -----
  +--> ?PR?_ASCIITOBCD?UART1

?PR?_ASCIITOBCD?UART1                           -----    -----      -----    -----
  +--> ?PR?_ATOI?ATOI

?PR?_ATOI?ATOI                                  0020H.1  0000H.1    0000H    0005H
  +--> ?PR?_ISSPACE?ISSPACE
  +--> ?PR?_ISDIGIT?ISDIGIT

*** NEW ROOT ***************************************************

?C_C51STARTUP                                   -----    -----      -----    -----
  +--> ?PR?MAIN?MAIN
  +--> ?C_INITSEG

?PR?MAIN?MAIN                                   -----    -----      0005H    000CH
  +--> ?PR?LCD_INIT?LCD_DRIVER_SPLC780D
  +--> ?PR?SPI_INIT?PCF85063BTL
BL51 BANKED LINKER/LOCATER V6.22                                                      05/16/2018  14:13:30  PAGE 3


  +--> ?PR?KEYPAD_IO_INIT?KEYPAD
  +--> ?PR?INITUART1?UART1
  +--> ?PR?_SPI_WRITETIME?PCF85063BTL
  +--> ?PR?_DELAY_MS?KEYPAD
  +--> ?PR?KEY_PROCESS?KEYPAD
  +--> ?PR?_DISPLAY_LINE?LCD_DRIVER_SPLC780D
  +--> ?PR?_DISPLAYLCD?LCD_DRIVER_SPLC780D
  +--> ?PR?_WRITEDATA?LCD_DRIVER_SPLC780D
  +--> ?PR?LCD_RETURN_HOME?LCD_DRIVER_SPLC780D
  +--> ?PR?_DISPLAY_TIME?UART1
  +--> ?PR?_SENDUART1?MAIN

?PR?LCD_INIT?LCD_DRIVER_SPLC780D                -----    -----      -----    -----
  +--> ?PR?_WAIT_MS?LCD_DRIVER_SPLC780D
  +--> ?PR?_COMMAND?LCD_DRIVER_SPLC780D

?PR?_COMMAND?LCD_DRIVER_SPLC780D                -----    -----      -----    -----
  +--> ?PR?_WAIT_MS?LCD_DRIVER_SPLC780D

?PR?_SPI_WRITETIME?PCF85063BTL                  -----    -----      -----    -----
  +--> ?PR?_SPI_SENDBYTE?PCF85063BTL

?PR?_SPI_SENDBYTE?PCF85063BTL                   -----    -----      -----    -----
  +--> ?PR?_PCF85063BTL_DELAY?PCF85063BTL

?PR?KEY_PROCESS?KEYPAD                          -----    -----      -----    -----
  +--> ?PR?KEY_SCAN?KEYPAD
  +--> ?PR?_SPI_WRITETIME?PCF85063BTL

?PR?KEY_SCAN?KEYPAD                             -----    -----      0011H    0003H
  +--> ?PR?_DELAY_MS?KEYPAD

?PR?_DISPLAY_LINE?LCD_DRIVER_SPLC780D           -----    -----      -----    -----
  +--> ?PR?_COMMAND?LCD_DRIVER_SPLC780D

?PR?_DISPLAYLCD?LCD_DRIVER_SPLC780D             -----    -----      0011H    0001H
  +--> ?PR?_WRITEDATA?LCD_DRIVER_SPLC780D

?PR?_WRITEDATA?LCD_DRIVER_SPLC780D              -----    -----      0012H    0001H
  +--> ?PR?_WAIT_MS?LCD_DRIVER_SPLC780D

?PR?LCD_RETURN_HOME?LCD_DRIVER_SPLC780D         -----    -----      -----    -----
  +--> ?PR?_COMMAND?LCD_DRIVER_SPLC780D

?PR?_DISPLAY_TIME?UART1                         -----    -----      0011H    000FH
  +--> ?PR?_SPI_READTIME?PCF85063BTL

?PR?_SPI_READTIME?PCF85063BTL                   -----    -----      -----    -----
  +--> ?PR?_SPI_SENDBYTE?PCF85063BTL
  +--> ?PR?SPI_RECEIVEBYTE?PCF85063BTL

?PR?SPI_RECEIVEBYTE?PCF85063BTL                 -----    -----      -----    -----
  +--> ?PR?_PCF85063BTL_DELAY?PCF85063BTL



SYMBOL TABLE OF MODULE:  .\Obj\GPIO_RTC_Test (MAIN)
BL51 BANKED LINKER/LOCATER V6.22                                                      05/16/2018  14:13:30  PAGE 4



  VALUE           TYPE          NAME
  ----------------------------------

  -------         MODULE        MAIN
  C:0000H         SYMBOL        _ICE_DUMMY_
  D:0080H         PUBLIC        P0
  D:0090H         PUBLIC        P1
  D:00A0H         PUBLIC        P2
  D:00B0H         PUBLIC        P3
  D:00C0H         PUBLIC        P4
  D:00C8H         PUBLIC        P5
  X:0028H         SYMBOL        PressedKey
  B:00A8H.7       PUBLIC        EA
  D:00E8H         PUBLIC        P6
  D:00F8H         PUBLIC        P7
  X:002CH         PUBLIC        RX_Data_Uart_Cnt
  D:00A8H         PUBLIC        IE
  D:00B8H         PUBLIC        IP
  B:0098H.0       PUBLIC        RI
  B:0098H.1       PUBLIC        TI
  C:035DH         PUBLIC        Uart
  D:00D8H         PUBLIC        CCON
  C:015FH         PUBLIC        main
  D:0099H         PUBLIC        SBUF
  D:0098H         PUBLIC        SCON
  D:0089H         PUBLIC        TMOD
  D:0088H         PUBLIC        TCON
  X:002EH         SYMBOL        KeyCount
  X:0030H         PUBLIC        Rec_data_hour
  X:0033H         PUBLIC        Rec_data_min
  D:008EH         PUBLIC        AUXR
  C:000AH         PUBLIC        tm0_isr
  B:0020H.0       PUBLIC        busy
  D:00E0H         PUBLIC        ACC
  B:00A8H.1       PUBLIC        ET0
  D:008CH         PUBLIC        TH0
  X:0036H         PUBLIC        hour_count
  D:008AH         PUBLIC        TL0
  X:0037H         PUBLIC        min_count
  B:0088H.4       PUBLIC        TR0
  X:0038H         SYMBOL        KeyNum
  X:0039H         SYMBOL        KeyNum_Old
  X:003AH         PUBLIC        st_time
  D:00D0H         PUBLIC        PSW
  C:088FH         PUBLIC        _SendUART1
  -------         PROC          TM0_ISR
  C:000AH         LINE#         42
  C:000AH         LINE#         45
  -------         ENDPROC       TM0_ISR
  -------         PROC          MAIN
  -------         DO            
  X:0005H         SYMBOL        seconds
  X:0006H         SYMBOL        mins
  X:0007H         SYMBOL        hours
  X:0008H         SYMBOL        days
  X:0009H         SYMBOL        months
BL51 BANKED LINKER/LOCATER V6.22                                                      05/16/2018  14:13:30  PAGE 5


  X:0020H         SYMBOL        KeyCount
  X:0022H         SYMBOL        KeyNum_Old
  X:0023H         SYMBOL        KeyNum
  X:0024H         SYMBOL        PressedKey
  X:000AH         SYMBOL        count
  X:000CH         SYMBOL        numStr
  -------         ENDDO         
  C:015FH         LINE#         47
  C:015FH         LINE#         48
  C:015FH         LINE#         53
  C:0166H         LINE#         55
  C:0169H         LINE#         56
  C:016CH         LINE#         57
  C:016FH         LINE#         58
  C:0172H         LINE#         60
  C:0175H         LINE#         61
  C:0178H         LINE#         62
  C:017BH         LINE#         63
  C:017DH         LINE#         64
  C:017FH         LINE#         65
  C:0181H         LINE#         67
  C:0183H         LINE#         68
  C:018AH         LINE#         69
  C:0191H         LINE#         70
  C:0198H         LINE#         71
  C:019FH         LINE#         73
  C:019FH         LINE#         74
  C:019FH         LINE#         78
  C:01A2H         LINE#         97
  C:01B0H         LINE#         98
  C:01BEH         LINE#         99
  C:01BEH         LINE#         100
  C:01C4H         LINE#         101
  C:01CCH         LINE#         102
  C:01D1H         LINE#         103
  C:01D9H         LINE#         104
  C:01DEH         LINE#         105
  C:01E8H         LINE#         106
  C:01EDH         LINE#         107
  C:01F5H         LINE#         108
  C:01FAH         LINE#         109
  C:0202H         LINE#         111
  C:0209H         LINE#         114
  C:020CH         LINE#         117
  C:020CH         LINE#         118
  C:0247H         LINE#         122
  C:0254H         LINE#         123
  C:0254H         LINE#         124
  C:025EH         LINE#         125
  C:0268H         LINE#         126
  C:026FH         LINE#         127
  C:0277H         LINE#         128
  C:027FH         LINE#         129
  -------         ENDPROC       MAIN
  -------         PROC          UART
  C:035DH         LINE#         142
  C:036AH         LINE#         144
BL51 BANKED LINKER/LOCATER V6.22                                                      05/16/2018  14:13:30  PAGE 6


  C:036DH         LINE#         145
  C:036DH         LINE#         146
  C:037BH         LINE#         147
  C:037DH         LINE#         148
  C:038FH         LINE#         149
  C:039EH         LINE#         150
  C:03A9H         LINE#         151
  C:03A9H         LINE#         154
  C:03B6H         LINE#         155
  C:03BCH         LINE#         156
  C:03BCH         LINE#         157
  C:03C2H         LINE#         158
  C:03D0H         LINE#         159
  C:03DEH         LINE#         160
  C:03E6H         LINE#         165
  C:03E6H         LINE#         166
  C:03E6H         LINE#         169
  C:03E6H         LINE#         170
  C:03E9H         LINE#         171
  C:03E9H         LINE#         172
  C:03EBH         LINE#         173
  C:03EDH         LINE#         174
  C:03EDH         LINE#         175
  -------         ENDPROC       UART
  -------         PROC          _SENDUART1
  D:0007H         SYMBOL        dat
  C:088FH         LINE#         178
  C:088FH         LINE#         179
  C:088FH         LINE#         180
  C:0892H         LINE#         181
  C:0894H         LINE#         182
  C:0895H         LINE#         183
  C:0897H         LINE#         184
  -------         ENDPROC       _SENDUART1
  -------         ENDMOD        MAIN

  -------         MODULE        PCF85063BTL
  C:0000H         SYMBOL        _ICE_DUMMY_
  D:0096H         PUBLIC        P2M0
  D:0080H         PUBLIC        P0
  D:0095H         PUBLIC        P2M1
  D:0090H         PUBLIC        P1
  D:00A0H         PUBLIC        P2
  D:00B0H         PUBLIC        P3
  D:00C0H         PUBLIC        P4
  D:00C8H         PUBLIC        P5
  D:00E8H         PUBLIC        P6
  B:00A0H.2       PUBLIC        PCF85063BTL_SDI
  D:00F8H         PUBLIC        P7
  B:00A0H.1       PUBLIC        PCF85063BTL_SCK
  B:00A0H.2       PUBLIC        PCF85063BTL_SDO
  D:00A8H         PUBLIC        IE
  C:081BH         PUBLIC        _PCF85063BTL_Delay
  D:00B8H         PUBLIC        IP
  D:00D8H         PUBLIC        CCON
  C:078BH         PUBLIC        SPI_ReceiveByte
  D:0098H         PUBLIC        SCON
BL51 BANKED LINKER/LOCATER V6.22                                                      05/16/2018  14:13:30  PAGE 7


  D:0088H         PUBLIC        TCON
  B:00A0H.0       PUBLIC        PCF85063BTL_CS
  C:083DH         PUBLIC        _SPI_ReadTime
  C:086EH         PUBLIC        SPI_Init
  C:07E6H         PUBLIC        _SPI_WriteTime
  C:076BH         PUBLIC        _SPI_SendByte
  D:00D0H         PUBLIC        PSW
  C:0817H         SYMBOL        L?0020
  -------         PROC          L?0019
  -------         ENDPROC       L?0019
  C:0817H         SYMBOL        L?0020
  -------         PROC          _PCF85063BTL_DELAY
  D:0006H         SYMBOL        us
  C:081BH         LINE#         8
  C:081BH         LINE#         9
  C:081BH         LINE#         10
  C:0825H         LINE#         11
  C:0825H         LINE#         12
  C:0826H         LINE#         13
  C:0828H         LINE#         14
  -------         ENDPROC       _PCF85063BTL_DELAY
  -------         PROC          _SPI_SENDBYTE
  D:0005H         SYMBOL        dat
  -------         DO            
  D:0003H         SYMBOL        i
  -------         ENDDO         
  C:076BH         LINE#         17
  C:076DH         LINE#         18
  C:076DH         LINE#         20
  C:076FH         LINE#         21
  C:076FH         LINE#         22
  C:0771H         LINE#         23
  C:0775H         LINE#         24
  C:0775H         LINE#         25
  C:0777H         LINE#         26
  C:0779H         LINE#         28
  C:0779H         LINE#         29
  C:077BH         LINE#         30
  C:077BH         LINE#         31
  C:077EH         LINE#         32
  C:077EH         LINE#         33
  C:0781H         LINE#         34
  C:0785H         LINE#         35
  C:078AH         LINE#         36
  -------         ENDPROC       _SPI_SENDBYTE
  -------         PROC          SPI_RECEIVEBYTE
  -------         DO            
  D:0003H         SYMBOL        i
  D:0005H         SYMBOL        dat
  -------         ENDDO         
  C:078BH         LINE#         39
  C:078BH         LINE#         40
  C:078BH         LINE#         42
  C:078DH         LINE#         44
  C:078FH         LINE#         45
  C:0790H         LINE#         46
  C:0790H         LINE#         47
BL51 BANKED LINKER/LOCATER V6.22                                                      05/16/2018  14:13:30  PAGE 8


  C:0794H         LINE#         48
  C:0796H         LINE#         49
  C:0799H         LINE#         51
  C:079CH         LINE#         52
  C:079CH         LINE#         53
  C:07A0H         LINE#         54
  C:07A0H         LINE#         55
  C:07A0H         LINE#         56
  C:07A3H         LINE#         57
  C:07A8H         LINE#         58
  C:07AAH         LINE#         59
  -------         ENDPROC       SPI_RECEIVEBYTE
  -------         PROC          _SPI_READTIME
  D:0007H         SYMBOL        addr
  -------         DO            
  D:0006H         SYMBOL        dat
  -------         ENDDO         
  C:083DH         LINE#         61
  C:083DH         LINE#         62
  C:083DH         LINE#         64
  C:083FH         LINE#         65
  C:0841H         LINE#         66
  C:0848H         LINE#         67
  C:084BH         LINE#         68
  C:084DH         LINE#         69
  C:084DH         LINE#         70
  -------         ENDPROC       _SPI_READTIME
  -------         PROC          _SPI_WRITETIME
  D:0002H         SYMBOL        val
  D:0005H         SYMBOL        addr
  C:07E6H         LINE#         71
  C:07E8H         LINE#         72
  C:07E8H         LINE#         74
  C:07EAH         LINE#         75
  C:07F1H         LINE#         76
  C:07F6H         LINE#         77
  C:07FBH         LINE#         78
  C:07FDH         LINE#         79
  -------         ENDPROC       _SPI_WRITETIME
  -------         PROC          SPI_INIT
  C:086EH         LINE#         83
  C:086EH         LINE#         84
  C:086EH         LINE#         89
  C:0871H         LINE#         90
  C:0874H         LINE#         91
  C:0876H         LINE#         92
  C:0878H         LINE#         93
  C:087AH         LINE#         94
  -------         ENDPROC       SPI_INIT
  -------         ENDMOD        PCF85063BTL

  -------         MODULE        UART1
  C:0000H         SYMBOL        _ICE_DUMMY_
  D:0080H         PUBLIC        P0
  D:0090H         PUBLIC        P1
  D:00A0H         PUBLIC        P2
  D:00B0H         PUBLIC        P3
BL51 BANKED LINKER/LOCATER V6.22                                                      05/16/2018  14:13:30  PAGE 9


  D:00C0H         PUBLIC        P4
  D:00C8H         PUBLIC        P5
  B:00A8H.7       PUBLIC        EA
  D:00E8H         PUBLIC        P6
  D:00F8H         PUBLIC        P7
  C:0714H         PUBLIC        _SendString
  D:00A8H         PUBLIC        IE
  B:00A8H.4       PUBLIC        ES
  D:00B8H         PUBLIC        IP
  C:07FEH         PUBLIC        _ASCIItoBCD
  D:00D8H         PUBLIC        CCON
  C:084EH         PUBLIC        initUART1
  D:0098H         PUBLIC        SCON
  D:0088H         PUBLIC        TCON
  C:08A8H         PUBLIC        _DectoBCD
  C:08A3H         PUBLIC        _ASCII_Letter
  D:008EH         PUBLIC        AUXR
  C:089EH         PUBLIC        _unit
  C:0898H         PUBLIC        _ten
  D:00D6H         PUBLIC        T2H
  D:00D7H         PUBLIC        T2L
  C:056DH         PUBLIC        _Display_time
  D:00D0H         PUBLIC        PSW
  -------         PROC          INITUART1
  C:084EH         LINE#         21
  C:084EH         LINE#         22
  C:084EH         LINE#         23
  C:0851H         LINE#         24
  C:0854H         LINE#         25
  C:0857H         LINE#         26
  C:085AH         LINE#         27
  C:085CH         LINE#         28
  C:085EH         LINE#         30
  -------         ENDPROC       INITUART1
  -------         PROC          _SENDSTRING
  X:0044H         SYMBOL        s
  C:0714H         LINE#         35
  C:071FH         LINE#         36
  C:071FH         LINE#         37
  C:072FH         LINE#         38
  C:072FH         LINE#         39
  C:0744H         LINE#         40
  C:0746H         LINE#         41
  -------         ENDPROC       _SENDSTRING
  -------         PROC          _TEN
  D:0007H         SYMBOL        BCD
  C:0898H         LINE#         43
  C:0898H         LINE#         44
  C:0898H         LINE#         45
  C:089DH         LINE#         46
  -------         ENDPROC       _TEN
  -------         PROC          _UNIT
  D:0007H         SYMBOL        BCD
  C:089EH         LINE#         47
  C:089EH         LINE#         48
  C:089EH         LINE#         52
  C:08A2H         LINE#         53
BL51 BANKED LINKER/LOCATER V6.22                                                      05/16/2018  14:13:30  PAGE 10


  -------         ENDPROC       _UNIT
  -------         PROC          _DECTOBCD
  D:0007H         SYMBOL        dec
  C:08A8H         LINE#         54
  C:08A8H         LINE#         55
  C:08A8H         LINE#         57
  C:08A8H         LINE#         58
  -------         ENDPROC       _DECTOBCD
  -------         PROC          _ASCII_LETTER
  D:0007H         SYMBOL        dat
  C:08A3H         LINE#         60
  C:08A3H         LINE#         61
  C:08A3H         LINE#         63
  C:08A7H         LINE#         64
  -------         ENDPROC       _ASCII_LETTER
  -------         PROC          _ASCIITOBCD
  D:0001H         SYMBOL        ascii
  -------         DO            
  D:0007H         SYMBOL        dec_val
  D:0006H         SYMBOL        ten
  D:0007H         SYMBOL        unit
  -------         ENDDO         
  C:07FEH         LINE#         66
  C:07FEH         LINE#         67
  C:07FEH         LINE#         69
  C:0801H         LINE#         70
  C:0807H         LINE#         71
  C:080EH         LINE#         72
  C:0814H         LINE#         74
  -------         ENDPROC       _ASCIITOBCD
  -------         PROC          _DISPLAY_TIME
  X:0011H         SYMBOL        months
  X:0014H         SYMBOL        days
  X:0017H         SYMBOL        hours
  X:001AH         SYMBOL        mins
  X:001DH         SYMBOL        seconds
  C:056DH         LINE#         75
  C:0578H         LINE#         76
  C:0578H         LINE#         78
  C:058CH         LINE#         80
  C:05A0H         LINE#         82
  C:05B4H         LINE#         87
  C:05C8H         LINE#         92
  -------         ENDPROC       _DISPLAY_TIME
  -------         ENDMOD        UART1

  -------         MODULE        LCD_DRIVER_SPLC780D
  C:0000H         SYMBOL        _ICE_DUMMY_
  D:0080H         PUBLIC        P0
  D:0090H         PUBLIC        P1
  D:00A0H         PUBLIC        P2
  D:00B0H         PUBLIC        P3
  D:00C0H         PUBLIC        P4
  D:00C8H         PUBLIC        P5
  D:00E8H         PUBLIC        P6
  D:00F8H         PUBLIC        P7
  C:0484H         PUBLIC        _WriteData
BL51 BANKED LINKER/LOCATER V6.22                                                      05/16/2018  14:13:30  PAGE 11


  D:00A8H         PUBLIC        IE
  D:00B8H         PUBLIC        IP
  D:00D8H         PUBLIC        CCON
  B:0090H.4       PUBLIC        LCD_D4
  B:0090H.5       PUBLIC        LCD_D5
  B:0090H.6       PUBLIC        LCD_D6
  C:07C9H         PUBLIC        _DisplayLCD
  B:0090H.7       PUBLIC        LCD_D7
  D:0098H         PUBLIC        SCON
  D:0088H         PUBLIC        TCON
  C:0885H         PUBLIC        LCD_clear
  C:0699H         PUBLIC        _Command
  C:000EH         PUBLIC        _Display_Line
  C:0645H         PUBLIC        LCD_Init
  C:074DH         PUBLIC        _Wait_ms
  B:0090H.1       PUBLIC        LCD_RS
  B:0090H.2       PUBLIC        LCD_RW
  C:087BH         PUBLIC        LCD_return_home
  B:0090H.3       PUBLIC        LCD_E
  D:00D0H         PUBLIC        PSW
  -------         PROC          LCD_INIT
  C:0645H         LINE#         9
  C:0645H         LINE#         10
  C:0645H         LINE#         12
  C:064CH         LINE#         13
  C:0651H         LINE#         15
  C:0658H         LINE#         16
  C:065DH         LINE#         18
  C:0660H         LINE#         19
  C:0665H         LINE#         21
  C:0668H         LINE#         22
  C:066DH         LINE#         24
  C:0674H         LINE#         27
  C:0679H         LINE#         28
  C:067EH         LINE#         30
  C:0683H         LINE#         31
  C:0688H         LINE#         33
  C:068DH         LINE#         34
  C:0692H         LINE#         35
  -------         ENDPROC       LCD_INIT
  -------         PROC          _WRITEDATA
  X:0012H         SYMBOL        dat
  C:0484H         LINE#         38
  C:0489H         LINE#         39
  C:0489H         LINE#         44
  C:048BH         LINE#         45
  C:048DH         LINE#         47
  C:049BH         LINE#         48
  C:04A7H         LINE#         49
  C:04B3H         LINE#         50
  C:04BDH         LINE#         51
  C:04BFH         LINE#         52
  C:04C6H         LINE#         53
  C:04C8H         LINE#         55
  C:04D8H         LINE#         56
  C:04E3H         LINE#         57
  C:04EDH         LINE#         58
BL51 BANKED LINKER/LOCATER V6.22                                                      05/16/2018  14:13:30  PAGE 12


  C:04F1H         LINE#         60
  C:04F1H         LINE#         61
  C:04F4H         LINE#         62
  C:04F6H         LINE#         63
  C:04F8H         LINE#         65
  -------         ENDPROC       _WRITEDATA
  -------         PROC          _COMMAND
  D:0007H         SYMBOL        dat
  C:0699H         LINE#         67
  C:0699H         LINE#         68
  C:0699H         LINE#         69
  C:069BH         LINE#         70
  C:069DH         LINE#         75
  C:06A7H         LINE#         76
  C:06ABH         LINE#         78
  C:06ADH         LINE#         79
  C:06B6H         LINE#         80
  C:06BAH         LINE#         82
  C:06BCH         LINE#         83
  C:06C3H         LINE#         84
  C:06C7H         LINE#         86
  C:06C9H         LINE#         87
  C:06CDH         LINE#         88
  C:06D1H         LINE#         90
  C:06D3H         LINE#         94
  C:06D3H         LINE#         95
  C:06D6H         LINE#         96
  C:06D8H         LINE#         97
  -------         ENDPROC       _COMMAND
  C:0749H         SYMBOL        L?0028
  -------         PROC          L?0027
  -------         ENDPROC       L?0027
  C:0749H         SYMBOL        L?0028
  -------         PROC          _WAIT_MS
  D:0006H         SYMBOL        ms
  -------         DO            
  D:0004H         SYMBOL        De_Cnt
  -------         ENDDO         
  C:074DH         LINE#         99
  C:074DH         LINE#         100
  C:074DH         LINE#         102
  C:0757H         LINE#         103
  C:0757H         LINE#         104
  C:076AH         LINE#         105
  C:076AH         LINE#         106
  -------         ENDPROC       _WAIT_MS
  -------         PROC          _DISPLAYLCD
  D:0007H         SYMBOL        BCD
  -------         DO            
  D:0006H         SYMBOL        first_digit
  X:0011H         SYMBOL        second_digit
  -------         ENDDO         
  C:07C9H         LINE#         107
  C:07C9H         LINE#         108
  C:07C9H         LINE#         110
  C:07D0H         LINE#         111
  C:07D9H         LINE#         113
BL51 BANKED LINKER/LOCATER V6.22                                                      05/16/2018  14:13:30  PAGE 13


  C:07DEH         LINE#         115
  -------         ENDPROC       _DISPLAYLCD
  -------         PROC          LCD_RETURN_HOME
  C:087BH         LINE#         119
  C:087BH         LINE#         120
  C:087BH         LINE#         121
  C:0880H         LINE#         122
  -------         ENDPROC       LCD_RETURN_HOME
  -------         PROC          LCD_CLEAR
  C:0885H         LINE#         125
  C:0885H         LINE#         126
  C:0885H         LINE#         127
  C:088AH         LINE#         128
  -------         ENDPROC       LCD_CLEAR
  -------         PROC          _DISPLAY_LINE
  D:0006H         SYMBOL        line
  C:000EH         LINE#         132
  C:000EH         LINE#         133
  C:000EH         LINE#         134
  C:0014H         LINE#         135
  C:0014H         LINE#         136
  C:0016H         LINE#         137
  C:0016H         LINE#         138
  C:0018H         LINE#         140
  C:0018H         LINE#         141
  C:001DH         LINE#         142
  C:0022H         LINE#         143
  C:0022H         LINE#         144
  -------         ENDPROC       _DISPLAY_LINE
  -------         ENDMOD        LCD_DRIVER_SPLC780D

  -------         MODULE        KEYPAD
  C:0000H         SYMBOL        _ICE_DUMMY_
  D:0093H         PUBLIC        P0M1
  D:0080H         PUBLIC        P0
  D:0090H         PUBLIC        P1
  D:00A0H         PUBLIC        P2
  D:00B0H         PUBLIC        P3
  D:00C0H         PUBLIC        P4
  D:00C8H         PUBLIC        P5
  D:00E8H         PUBLIC        P6
  D:00F8H         PUBLIC        P7
  D:00A8H         PUBLIC        IE
  C:0026H         PUBLIC        Key_Scan
  D:00B8H         PUBLIC        IP
  D:00D8H         PUBLIC        CCON
  C:0003H         PUBLIC        KeyPad_IO_Init
  C:07ABH         PUBLIC        _Delay_ms
  D:0098H         PUBLIC        SCON
  D:0088H         PUBLIC        TCON
  C:04F9H         PUBLIC        Key_Process
  D:00D0H         PUBLIC        PSW
  D:0094H         PUBLIC        P0M0
  -------         PROC          _DELAY_MS
  D:0006H         SYMBOL        ms
  -------         DO            
  D:0004H         SYMBOL        De_Cnt
BL51 BANKED LINKER/LOCATER V6.22                                                      05/16/2018  14:13:30  PAGE 14


  -------         ENDDO         
  C:07ABH         LINE#         11
  C:07ABH         LINE#         12
  C:07ABH         LINE#         14
  C:07B5H         LINE#         15
  C:07B5H         LINE#         16
  C:07C8H         LINE#         17
  C:07C8H         LINE#         18
  -------         ENDPROC       _DELAY_MS
  -------         PROC          KEY_SCAN
  -------         DO            
  X:0011H         SYMBOL        KeyTemp1
  X:0012H         SYMBOL        KeyTemp2
  X:0013H         SYMBOL        KeyValue
  -------         ENDDO         
  C:0026H         LINE#         19
  C:0026H         LINE#         20
  C:0026H         LINE#         25
  C:0029H         LINE#         28
  C:002CH         LINE#         30
  C:0034H         LINE#         31
  C:003BH         LINE#         32
  C:003BH         LINE#         33
  C:0042H         LINE#         34
  C:0047H         LINE#         35
  C:004EH         LINE#         36
  C:004EH         LINE#         39
  C:0051H         LINE#         40
  C:0054H         LINE#         41
  C:0059H         LINE#         42
  C:005DH         LINE#         43
  C:005DH         LINE#         44
  C:0065H         LINE#         45
  C:0065H         LINE#         46
  C:0068H         LINE#         47
  C:0070H         LINE#         48
  C:0072H         LINE#         50
  C:0086H         LINE#         51
  C:0086H         LINE#         52
  C:0086H         LINE#         53
  C:0086H         LINE#         54
  C:008CH         LINE#         56
  C:008EH         LINE#         57
  C:008EH         LINE#         58
  C:008EH         LINE#         59
  C:0094H         LINE#         61
  C:0096H         LINE#         62
  C:0096H         LINE#         63
  C:0096H         LINE#         64
  C:009CH         LINE#         66
  C:009EH         LINE#         67
  C:009EH         LINE#         68
  C:009EH         LINE#         69
  C:00A3H         LINE#         71
  C:00A3H         LINE#         72
  C:00A3H         LINE#         73
  C:00A3H         LINE#         76
BL51 BANKED LINKER/LOCATER V6.22                                                      05/16/2018  14:13:30  PAGE 15


  C:00A6H         LINE#         77
  C:00A9H         LINE#         78
  C:00B1H         LINE#         79
  C:00B5H         LINE#         80
  C:00B5H         LINE#         81
  C:00BDH         LINE#         82
  C:00BDH         LINE#         83
  C:00C0H         LINE#         84
  C:00C8H         LINE#         85
  C:00CAH         LINE#         86
  C:00DEH         LINE#         87
  C:00DEH         LINE#         88
  C:00DEH         LINE#         89
  C:00DEH         LINE#         90
  C:00E4H         LINE#         92
  C:00E6H         LINE#         93
  C:00E6H         LINE#         94
  C:00E6H         LINE#         95
  C:00ECH         LINE#         97
  C:00EEH         LINE#         98
  C:00EEH         LINE#         99
  C:00EEH         LINE#         100
  C:00F4H         LINE#         102
  C:00F6H         LINE#         103
  C:00F6H         LINE#         104
  C:00F6H         LINE#         105
  C:00FBH         LINE#         107
  C:00FBH         LINE#         108
  C:00FBH         LINE#         109
  C:00FBH         LINE#         112
  C:00FEH         LINE#         113
  C:0101H         LINE#         114
  C:0109H         LINE#         115
  C:010DH         LINE#         116
  C:010DH         LINE#         117
  C:0115H         LINE#         118
  C:0115H         LINE#         119
  C:0118H         LINE#         120
  C:0120H         LINE#         121
  C:0122H         LINE#         122
  C:0136H         LINE#         123
  C:0136H         LINE#         124
  C:0136H         LINE#         125
  C:0136H         LINE#         126
  C:013CH         LINE#         128
  C:013EH         LINE#         129
  C:013EH         LINE#         130
  C:013EH         LINE#         131
  C:0144H         LINE#         133
  C:0146H         LINE#         134
  C:0146H         LINE#         135
  C:0146H         LINE#         136
  C:014CH         LINE#         138
  C:014EH         LINE#         139
  C:014EH         LINE#         140
  C:014EH         LINE#         141
  C:0153H         LINE#         143
BL51 BANKED LINKER/LOCATER V6.22                                                      05/16/2018  14:13:30  PAGE 16


  C:0153H         LINE#         144
  C:0153H         LINE#         145
  C:0153H         LINE#         146
  C:0159H         LINE#         147
  C:0159H         LINE#         149
  C:0159H         LINE#         150
  C:015CH         LINE#         151
  C:015CH         LINE#         152
  C:015CH         LINE#         154
  C:015CH         LINE#         155
  C:015EH         LINE#         156
  C:015EH         LINE#         157
  -------         ENDPROC       KEY_SCAN
  -------         PROC          KEY_PROCESS
  -------         DO            
  X:003CH         SYMBOL        KeyCount
  X:003EH         SYMBOL        KeyNum_Old
  X:003FH         SYMBOL        KeyNum
  X:0040H         SYMBOL        PressedKey
  -------         ENDDO         
  C:04F9H         LINE#         158
  C:04F9H         LINE#         159
  C:04F9H         LINE#         162
  C:0501H         LINE#         163
  C:0509H         LINE#         165
  C:0518H         LINE#         166
  C:0518H         LINE#         167
  C:052AH         LINE#         168
  C:0538H         LINE#         169
  C:0544H         LINE#         170
  C:0544H         LINE#         172
  C:054AH         LINE#         173
  C:055BH         LINE#         174
  C:056CH         LINE#         175
  C:056CH         LINE#         176
  C:056CH         LINE#         183
  -------         ENDPROC       KEY_PROCESS
  -------         PROC          KEYPAD_IO_INIT
  C:0003H         LINE#         186
  C:0003H         LINE#         187
  C:0003H         LINE#         188
  C:0006H         LINE#         189
  C:0009H         LINE#         191
  -------         ENDPROC       KEYPAD_IO_INIT
  -------         ENDMOD        KEYPAD

  -------         MODULE        ?C_STARTUP
  C:03F8H         SEGMENT       ?C_C51STARTUP
  I:0021H         SEGMENT       ?STACK
  C:0000H         PUBLIC        ?C_STARTUP
  D:00E0H         SYMBOL        ACC
  D:00F0H         SYMBOL        B
  D:0083H         SYMBOL        DPH
  D:0082H         SYMBOL        DPL
  N:0000H         SYMBOL        IBPSTACK
  N:0100H         SYMBOL        IBPSTACKTOP
  N:0080H         SYMBOL        IDATALEN
BL51 BANKED LINKER/LOCATER V6.22                                                      05/16/2018  14:13:30  PAGE 17


  C:03FBH         SYMBOL        IDATALOOP
  N:0000H         SYMBOL        PBPSTACK
  N:0100H         SYMBOL        PBPSTACKTOP
  N:0000H         SYMBOL        PDATALEN
  N:0000H         SYMBOL        PDATASTART
  N:0000H         SYMBOL        PPAGE
  N:0000H         SYMBOL        PPAGEENABLE
  D:00A0H         SYMBOL        PPAGE_SFR
  D:0081H         SYMBOL        SP
  C:03F8H         SYMBOL        STARTUP1
  N:0000H         SYMBOL        XBPSTACK
  N:0000H         SYMBOL        XBPSTACKTOP
  N:0000H         SYMBOL        XDATALEN
  N:0000H         SYMBOL        XDATASTART
  C:0000H         LINE#         126
  C:03F8H         LINE#         133
  C:03FAH         LINE#         134
  C:03FBH         LINE#         135
  C:03FCH         LINE#         136
  C:03FEH         LINE#         185
  C:0401H         LINE#         196
  -------         ENDMOD        ?C_STARTUP

  -------         MODULE        ?C?CLDPTR
  C:05DCH         PUBLIC        ?C?CLDPTR
  -------         ENDMOD        ?C?CLDPTR

  -------         MODULE        ?C?CSTPTR
  C:05F5H         PUBLIC        ?C?CSTPTR
  -------         ENDMOD        ?C?CSTPTR

  -------         MODULE        ?C?ILDIX
  C:0607H         PUBLIC        ?C?ILDIX
  -------         ENDMOD        ?C?ILDIX

  -------         MODULE        ATOI
  C:0282H         PUBLIC        _atoi
  -------         ENDMOD        ATOI

  -------         MODULE        ?C?IMUL
  C:061DH         PUBLIC        ?C?IMUL
  -------         ENDMOD        ?C?IMUL

  -------         MODULE        ?C?IILDX
  C:062FH         PUBLIC        ?C?IILDX
  -------         ENDMOD        ?C?IILDX

  -------         MODULE        ISDIGIT
  C:085FH         PUBLIC        _isdigit
  -------         ENDMOD        ISDIGIT

  -------         MODULE        ISSPACE
  C:0829H         PUBLIC        _isspace
  -------         ENDMOD        ISSPACE

*** WARNING L16: UNCALLED SEGMENT, IGNORED FOR OVERLAY PROCESS
    SEGMENT: ?PR?_SENDSTRING?UART1
BL51 BANKED LINKER/LOCATER V6.22                                                      05/16/2018  14:13:30  PAGE 18



*** WARNING L16: UNCALLED SEGMENT, IGNORED FOR OVERLAY PROCESS
    SEGMENT: ?PR?_TEN?UART1

*** WARNING L16: UNCALLED SEGMENT, IGNORED FOR OVERLAY PROCESS
    SEGMENT: ?PR?_UNIT?UART1

*** WARNING L16: UNCALLED SEGMENT, IGNORED FOR OVERLAY PROCESS
    SEGMENT: ?PR?_DECTOBCD?UART1

*** WARNING L16: UNCALLED SEGMENT, IGNORED FOR OVERLAY PROCESS
    SEGMENT: ?PR?_ASCII_LETTER?UART1

*** WARNING L16: UNCALLED SEGMENT, IGNORED FOR OVERLAY PROCESS
    SEGMENT: ?PR?LCD_CLEAR?LCD_DRIVER_SPLC780D

Program Size: data=17.2 xdata=71 code=2217
LINK/LOCATE RUN COMPLETE.  6 WARNING(S),  0 ERROR(S)
