BL51 BANKED LINKER/LOCATER V6.22                                                        02/25/2019  17:57:14  PAGE 1


BL51 BANKED LINKER/LOCATER V6.22, INVOKED BY:
C:\KEIL_V5\C51\BIN\BL51.EXE .\Obj\main.obj, .\Obj\PCF85063BTL.obj, .\Obj\UART1.obj, .\Obj\LCd_Driver_SPLC780D.obj, .\Obj
>> \KeyPad.obj, .\Obj\BipolarMotor.obj, .\Obj\SunPos.obj, .\Obj\ADC.obj, .\Obj\Calibration.obj, .\Obj\IOExpander_PI4IOE5
>> V96248.obj, .\Obj\AT25SF041.obj, .\Obj\STARTUP.obj TO .\Obj\GPIO_RTC_Test PRINT (.\Lis\GPIO_RTC_Test.m51) RAMSIZE (25
>> 6)


MEMORY MODEL: LARGE WITH FLOATING POINT ARITHMETIC


INPUT MODULES INCLUDED:
  .\Obj\main.obj (MAIN)
  .\Obj\PCF85063BTL.obj (PCF85063BTL)
  .\Obj\UART1.obj (UART1)
  .\Obj\LCd_Driver_SPLC780D.obj (LCD_DRIVER_SPLC780D)
  .\Obj\KeyPad.obj (KEYPAD)
  .\Obj\BipolarMotor.obj (BIPOLARMOTOR)
  .\Obj\SunPos.obj (SUNPOS)
  .\Obj\ADC.obj (ADC)
  .\Obj\Calibration.obj (CALIBRATION)
  .\Obj\IOExpander_PI4IOE5V96248.obj (IOEXPANDER_PI4IOE5V96248)
  .\Obj\AT25SF041.obj (AT25SF041)
  .\Obj\STARTUP.obj (?C_STARTUP)
  C:\KEIL_V5\C51\LIB\C51FPL.LIB (?C?FPADD)
  C:\KEIL_V5\C51\LIB\C51FPL.LIB (?C?FPMUL)
  C:\KEIL_V5\C51\LIB\C51FPL.LIB (?C?FPDIV)
  C:\KEIL_V5\C51\LIB\C51FPL.LIB (?C?FPCMP)
  C:\KEIL_V5\C51\LIB\C51FPL.LIB (?C?FPNEG)
  C:\KEIL_V5\C51\LIB\C51FPL.LIB (?C?FCAST)
  C:\KEIL_V5\C51\LIB\C51FPL.LIB (?C?CASTF)
  C:\KEIL_V5\C51\LIB\C51FPL.LIB (ATAN2)
  C:\KEIL_V5\C51\LIB\C51FPL.LIB (SIN)
  C:\KEIL_V5\C51\LIB\C51FPL.LIB (ACOS)
  C:\KEIL_V5\C51\LIB\C51FPL.LIB (ASIN)
  C:\KEIL_V5\C51\LIB\C51FPL.LIB (?C?FPGETOPN)
  C:\KEIL_V5\C51\LIB\C51FPL.LIB (?C?FPSERIES)
  C:\KEIL_V5\C51\LIB\C51FPL.LIB (SQRT)
  C:\KEIL_V5\C51\LIB\C51FPL.LIB (ATAN)
  C:\KEIL_V5\C51\LIB\C51L.LIB (?C_INIT)
  C:\KEIL_V5\C51\LIB\C51L.LIB (?C?COPY)
  C:\KEIL_V5\C51\LIB\C51L.LIB (?C?CLDPTR)
  C:\KEIL_V5\C51\LIB\C51L.LIB (?C?CLDOPTR)
  C:\KEIL_V5\C51\LIB\C51L.LIB (?C?CSTPTR)
  C:\KEIL_V5\C51\LIB\C51L.LIB (?C?IMUL)
  C:\KEIL_V5\C51\LIB\C51L.LIB (?C?UIDIV)
  C:\KEIL_V5\C51\LIB\C51L.LIB (?C?SIDIV)
  C:\KEIL_V5\C51\LIB\C51L.LIB (?C?ILDIX)
  C:\KEIL_V5\C51\LIB\C51L.LIB (?C?ILDOPTR)
  C:\KEIL_V5\C51\LIB\C51L.LIB (?C?ISTPTR)
  C:\KEIL_V5\C51\LIB\C51L.LIB (?C?LMUL)
  C:\KEIL_V5\C51\LIB\C51L.LIB (?C?SLDIV)
  C:\KEIL_V5\C51\LIB\C51L.LIB (?C?LNEG)
  C:\KEIL_V5\C51\LIB\C51L.LIB (?C?ULCMP)
  C:\KEIL_V5\C51\LIB\C51L.LIB (?C?LSHL)
  C:\KEIL_V5\C51\LIB\C51L.LIB (?C?LLDPTR)
  C:\KEIL_V5\C51\LIB\C51L.LIB (?C?LLDOPTR)
  C:\KEIL_V5\C51\LIB\C51L.LIB (?C?LSTPTR)
  C:\KEIL_V5\C51\LIB\C51L.LIB (?C?LSTOPTR)
BL51 BANKED LINKER/LOCATER V6.22                                                      02/25/2019  17:57:14  PAGE 2


  C:\KEIL_V5\C51\LIB\C51L.LIB (?C?LLDXDATA)
  C:\KEIL_V5\C51\LIB\C51L.LIB (?C?LLDCODE)
  C:\KEIL_V5\C51\LIB\C51L.LIB (?C?LLDXDATA0)
  C:\KEIL_V5\C51\LIB\C51L.LIB (?C?LLDCODE0)
  C:\KEIL_V5\C51\LIB\C51L.LIB (?C?LLDPTR0)
  C:\KEIL_V5\C51\LIB\C51L.LIB (?C?LSTXDATA)
  C:\KEIL_V5\C51\LIB\C51L.LIB (?C?LSTKXDATA)
  C:\KEIL_V5\C51\LIB\C51L.LIB (?C?LSTKPTR)
  C:\KEIL_V5\C51\LIB\C51L.LIB (?C?OFFXADD)
  C:\KEIL_V5\C51\LIB\C51L.LIB (ABS)
  C:\KEIL_V5\C51\LIB\C51L.LIB (ATOI)
  C:\KEIL_V5\C51\LIB\C51L.LIB (?C?IILDX)
  C:\KEIL_V5\C51\LIB\C51L.LIB (?C?ULDIV)
  C:\KEIL_V5\C51\LIB\C51L.LIB (?C?LLDIDATA)
  C:\KEIL_V5\C51\LIB\C51L.LIB (?C?LLDPDATA)
  C:\KEIL_V5\C51\LIB\C51L.LIB (?C?LLDIDATA0)
  C:\KEIL_V5\C51\LIB\C51L.LIB (?C?LLDPDATA0)
  C:\KEIL_V5\C51\LIB\C51L.LIB (?C?LSTIDATA)
  C:\KEIL_V5\C51\LIB\C51L.LIB (?C?LSTPDATA)
  C:\KEIL_V5\C51\LIB\C51L.LIB (?C?LSTKIDATA)
  C:\KEIL_V5\C51\LIB\C51L.LIB (?C?LSTKPDATA)
  C:\KEIL_V5\C51\LIB\C51L.LIB (ISDIGIT)
  C:\KEIL_V5\C51\LIB\C51L.LIB (ISSPACE)


LINK MAP OF MODULE:  .\Obj\GPIO_RTC_Test (MAIN)


            TYPE    BASE      LENGTH    RELOCATION   SEGMENT NAME
            -----------------------------------------------------

            * * * * * * *   D A T A   M E M O R Y   * * * * * * *
            REG     0000H     0008H     ABSOLUTE     "REG BANK 0"
                    0008H     0018H                  *** GAP ***
            BIT     0020H.0   0000H.5   UNIT         ?BI?KEYPAD
            BIT     0020H.5   0000H.2   UNIT         ?BI?ATAN?ATAN
            BIT     0020H.7   0000H.1   UNIT         ?BI?MAIN
            BIT     0021H.0   0000H.1   UNIT         ?BI?VONESTEPMOVE?BIPOLARMOTOR
            BIT     0021H.1   0000H.1   UNIT         ?BI?_STEP_MOVE?BIPOLARMOTOR
            BIT     0021H.2   0000H.1   UNIT         ?BI?_MOVE?BIPOLARMOTOR
            BIT     0021H.3   0000H.1   UNIT         ?BI?SIN?SIN
            BIT     0021H.4   0000H.1   UNIT         ?BI?_ATOI?ATOI
                    0021H.5   0000H.3                *** GAP ***
            IDATA   0022H     0001H     UNIT         ?STACK

            * * * * * * *  X D A T A   M E M O R Y  * * * * * * *
            XDATA   0000H     038FH     UNIT         ?XD?BIPOLARMOTOR
            XDATA   038FH     00D8H     UNIT         ?XD?MAIN
            XDATA   0467H     009FH     UNIT         ?XD?_UPDATE_POSITION?BIPOLARMOTOR
            XDATA   0506H     008AH     UNIT         ?XD?_FIND_REAL_MAX?CALIBRATION
            XDATA   0590H     005DH     UNIT         ?XD?SUNPOS?SUNPOS
            XDATA   05EDH     0040H     UNIT         ?XD?_FINDDET4X4?BIPOLARMOTOR
            XDATA   062DH     002CH     UNIT         _XDATA_GROUP_
            XDATA   0659H     0024H     UNIT         ?XD?_FINDDET3X3?BIPOLARMOTOR
            XDATA   067DH     001BH     UNIT         ?XD?_CALIBRATION?CALIBRATION
            XDATA   0698H     0018H     UNIT         ?XD?VOLTAGE_IS_STABLE?CALIBRATION
            XDATA   06B0H     0014H     UNIT         ?XD?LINEAR_INTERPOLATE?BIPOLARMOTOR
BL51 BANKED LINKER/LOCATER V6.22                                                      02/25/2019  17:57:14  PAGE 3


            XDATA   06C4H     000FH     UNIT         ?XD?_READ_TIME?PCF85063BTL
            XDATA   06D3H     000AH     UNIT         ?XD?_DISPLAY_POS?MAIN
            XDATA   06DDH     0009H     UNIT         ?XD?KEYPAD
            XDATA   06E6H     0008H     UNIT         ?XD?_AT25SF041_READ?AT25SF041
            XDATA   06EEH     0008H     UNIT         ?XD?_ATAN2?ATAN2
            XDATA   06F6H     0006H     UNIT         ?XD?KEY_PROCESS?KEYPAD
            XDATA   06FCH     0005H     UNIT         ?XD?_ATOI?ATOI
            XDATA   0701H     0004H     UNIT         ?XD?_DISPLAY_PROX?MAIN
            XDATA   0705H     0004H     UNIT         ?XD?_STEP_MOVE?BIPOLARMOTOR
            XDATA   0709H     0004H     UNIT         ?XD?_MOVE?BIPOLARMOTOR
            XDATA   070DH     0004H     UNIT         ?XD?_MAX_VALUE?CALIBRATION
            XDATA   0711H     0004H     UNIT         ?XD?SIN?SIN
            XDATA   0715H     0004H     UNIT         ?XD?SQRT?SQRT
            XDATA   0719H     0004H     UNIT         ?XD?ATAN?ATAN
            XDATA   071DH     0003H     UNIT         ?XD?_SENDSTRING?UART1
            XDATA   0720H     0003H     UNIT         ?XD?KEY_SCAN?KEYPAD
            XDATA   0723H     0003H     UNIT         ?XD?_WRITE_PI4IOE5V96248?IOEXPANDER_PI4IOE5V96248
            XDATA   0726H     0001H     UNIT         ?XD?_DISPLAYLCD?LCD_DRIVER_SPLC780D
            XDATA   0727H     0001H     UNIT         ?XD?I2C_ACK?IOEXPANDER_PI4IOE5V96248
            XDATA   0728H     0001H     UNIT         ?XD?UC_ACK?IOEXPANDER_PI4IOE5V96248
            XDATA   0729H     0001H     UNIT         ?XD?UC_NACK?IOEXPANDER_PI4IOE5V96248

            * * * * * * *   C O D E   M E M O R Y   * * * * * * *
            CODE    0000H     0003H     ABSOLUTE     
            CODE    0003H     0006H     UNIT         ?PR?_TEN?UART1
            CODE    0009H     0001H     UNIT         ?PR?TM0_ISR?MAIN
            CODE    000AH     0001H     UNIT         ?PR?_DECTOBCD?UART1
            CODE    000BH     0003H     ABSOLUTE     
            CODE    000EH     0B00H     UNIT         ?PR?_UPDATE_POSITION?BIPOLARMOTOR
            CODE    0B0EH     09B6H     UNIT         ?C?LIB_CODE
            CODE    14C4H     07A2H     UNIT         ?PR?SUNPOS?SUNPOS
            CODE    1C66H     03F9H     UNIT         ?C_INITSEG
            CODE    205FH     0309H     UNIT         ?PR?_FIND_REAL_MAX?CALIBRATION
            CODE    2368H     02C0H     UNIT         ?PR?_FINDDET4X4?BIPOLARMOTOR
            CODE    2628H     02A0H     UNIT         ?PR?KEY_PROCESS?KEYPAD
            CODE    28C8H     028CH     UNIT         ?PR?MAIN?MAIN
            CODE    2B54H     01D1H     UNIT         ?PR?_FINDDET3X3?BIPOLARMOTOR
            CODE    2D25H     018DH     UNIT         ?PR?KEY_SCAN?KEYPAD
            CODE    2EB2H     0188H     UNIT         ?PR?SIN?SIN
            CODE    303AH     0172H     UNIT         ?PR?_DISPLAY_POS?MAIN
            CODE    31ACH     015BH     UNIT         ?PR?_CALIBRATION?CALIBRATION
            CODE    3307H     0122H     UNIT         ?PR?ATAN?ATAN
            CODE    3429H     0110H     UNIT         ?PR?_AT25SF041_READ?AT25SF041
            CODE    3539H     00FBH     UNIT         ?PR?_AT25SF041_WRITE?AT25SF041
            CODE    3634H     00DBH     UNIT         ?PR?_ATOI?ATOI
            CODE    370FH     00C3H     UNIT         ?PR?LINEAR_INTERPOLATE?BIPOLARMOTOR
            CODE    37D2H     00BBH     UNIT         ?PR?VOLTAGE_IS_STABLE?CALIBRATION
            CODE    388DH     00ADH     UNIT         ?PR?_WRITE_PI4IOE5V96248?IOEXPANDER_PI4IOE5V96248
            CODE    393AH     00ACH     UNIT         ?PR?SQRT?SQRT
            CODE    39E6H     00A1H     UNIT         ?PR?UCREAD_STATUS_REGISTER_BYTE1?AT25SF041
            CODE    3A87H     009DH     UNIT         ?PR?_ATAN2?ATAN2
            CODE    3B24H     009CH     UNIT         ?PR?_MAX_VALUE?CALIBRATION
            CODE    3BC0H     0095H     UNIT         ?PR?_DISPLAY_PROX?MAIN
            CODE    3C55H     008CH     UNIT         ?C_C51STARTUP
            CODE    3CE1H     0084H     UNIT         ?PR?_DAY_OF_YEAR?PCF85063BTL
            CODE    3D65H     0075H     UNIT         ?PR?_WRITEDATA?LCD_DRIVER_SPLC780D
            CODE    3DDAH     006FH     UNIT         ?PR?_READ_TIME?PCF85063BTL
BL51 BANKED LINKER/LOCATER V6.22                                                      02/25/2019  17:57:14  PAGE 4


            CODE    3E49H     005AH     UNIT         ?PR?AT25SF041_CHIPERASE?AT25SF041
            CODE    3EA3H     0059H     UNIT         ?PR?LCD_INIT?LCD_DRIVER_SPLC780D
            CODE    3EFCH     004DH     UNIT         ?PR?AT25SF041_WRITEENABLE?AT25SF041
            CODE    3F49H     004AH     UNIT         ?PR?VONESTEPMOVE?BIPOLARMOTOR
            CODE    3F93H     004AH     UNIT         ?PR?ACOS?ACOS
            CODE    3FDDH     0044H     UNIT         ?C?LDIV
            CODE    4021H     0040H     UNIT         ?PR?_COMMAND?LCD_DRIVER_SPLC780D
            CODE    4061H     0040H     UNIT         ?PR?_STEP_MOVE?BIPOLARMOTOR
            CODE    40A1H     003BH     UNIT         ?PR?ASIN?ASIN
            CODE    40DCH     0033H     UNIT         ?PR?_SENDSTRING?UART1
            CODE    410FH     002CH     UNIT         ?PR?_ADC_GETRESULT?ADC
            CODE    413BH     002BH     UNIT         ?PR?_WAIT_MS_I2C?IOEXPANDER_PI4IOE5V96248
            CODE    4166H     002BH     UNIT         ?PR?_WAIT_MS_SPINOR?AT25SF041
            CODE    4191H     0028H     UNIT         ?PR?_MOVE?BIPOLARMOTOR
            CODE    41B9H     0027H     UNIT         ?PR?_I2C_SENDBYTE?IOEXPANDER_PI4IOE5V96248
            CODE    41E0H     0024H     UNIT         ?PR?_WAIT_MS?LCD_DRIVER_SPLC780D
            CODE    4204H     0020H     UNIT         ?PR?_SPI_SENDBYTE?PCF85063BTL
            CODE    4224H     0020H     UNIT         ?PR?SPI_RECEIVEBYTE?PCF85063BTL
            CODE    4244H     001FH     UNIT         ?PR?ADC_INIT?ADC
            CODE    4263H     001EH     UNIT         ?PR?_DELAY_MS?KEYPAD
            CODE    4281H     001DH     UNIT         ?PR?_DISPLAYLCD?LCD_DRIVER_SPLC780D
            CODE    429EH     001BH     UNIT         ?PR?_BCDTODEC1?BIPOLARMOTOR
            CODE    42B9H     0018H     UNIT         ?PR?_SPI_WRITETIME?PCF85063BTL
            CODE    42D1H     0017H     UNIT         ?PR?_ASCIITOBCD?UART1
            CODE    42E8H     0016H     UNIT         ?PR?I2C_ACK?IOEXPANDER_PI4IOE5V96248
            CODE    42FEH     0015H     UNIT         ?PR?_DISPLAY_LINE?LCD_DRIVER_SPLC780D
            CODE    4313H     0015H     UNIT         ?PR?I2C_STOP?IOEXPANDER_PI4IOE5V96248
            CODE    4328H     0014H     UNIT         ?PR?_PCF85063BTL_DELAY?PCF85063BTL
            CODE    433CH     0014H     UNIT         ?PR?_ISSPACE?ISSPACE
            CODE    4350H     0011H     UNIT         ?PR?_SPI_READTIME?PCF85063BTL
            CODE    4361H     0011H     UNIT         ?PR?_BCDTODEC?PCF85063BTL
            CODE    4372H     0011H     UNIT         ?PR?INITUART1?UART1
            CODE    4383H     000FH     UNIT         ?PR?I2C_START?IOEXPANDER_PI4IOE5V96248
            CODE    4392H     000FH     UNIT         ?PR?UC_NACK?IOEXPANDER_PI4IOE5V96248
            CODE    43A1H     000FH     UNIT         ?PR?_ISDIGIT?ISDIGIT
            CODE    43B0H     000DH     UNIT         ?PR?SPI_INIT?PCF85063BTL
            CODE    43BDH     000CH     UNIT         ?PR?KEYPAD_IO_INIT?KEYPAD
            CODE    43C9H     000CH     UNIT         ?PR?_ABS?ABS
            CODE    43D5H     000AH     UNIT         ?PR?LCD_RETURN_HOME?LCD_DRIVER_SPLC780D
            CODE    43DFH     000AH     UNIT         ?PR?LCD_CLEAR?LCD_DRIVER_SPLC780D
            CODE    43E9H     0006H     UNIT         ?PR?UC_ACK?IOEXPANDER_PI4IOE5V96248
            CODE    43EFH     0005H     UNIT         ?PR?_UNIT?UART1
            CODE    43F4H     0005H     UNIT         ?PR?_ASCII_LETTER?UART1
            CODE    43F9H     0001H     UNIT         ?PR?WAIT?BIPOLARMOTOR
            CODE    43FAH     0001H     UNIT         ?PR?NOP?IOEXPANDER_PI4IOE5V96248



OVERLAY MAP OF MODULE:   .\Obj\GPIO_RTC_Test (MAIN)


SEGMENT                                            XDATA_GROUP
  +--> CALLED SEGMENT                            START    LENGTH
----------------------------------------------------------------
?C_C51STARTUP                                    -----    -----
  +--> ?PR?MAIN?MAIN
  +--> ?C_INITSEG
BL51 BANKED LINKER/LOCATER V6.22                                                      02/25/2019  17:57:14  PAGE 5



?PR?MAIN?MAIN                                    062DH    0021H
  +--> ?PR?AT25SF041_WRITEENABLE?AT25SF041
  +--> ?PR?AT25SF041_CHIPERASE?AT25SF041
  +--> ?PR?_WAIT_MS_SPINOR?AT25SF041
  +--> ?PR?LCD_INIT?LCD_DRIVER_SPLC780D
  +--> ?PR?SPI_INIT?PCF85063BTL
  +--> ?PR?KEYPAD_IO_INIT?KEYPAD
  +--> ?PR?ADC_INIT?ADC
  +--> ?PR?_SPI_WRITETIME?PCF85063BTL
  +--> ?PR?_DELAY_MS?KEYPAD
  +--> ?PR?_DISPLAY_LINE?LCD_DRIVER_SPLC780D
  +--> ?PR?_WRITEDATA?LCD_DRIVER_SPLC780D
  +--> ?PR?_AT25SF041_WRITE?AT25SF041

?PR?AT25SF041_WRITEENABLE?AT25SF041              064EH    0002H
  +--> ?PR?_WAIT_MS_SPINOR?AT25SF041
  +--> ?PR?UCREAD_STATUS_REGISTER_BYTE1?AT25...

?PR?UCREAD_STATUS_REGISTER_BYTE1?AT25...         0656H    0003H
  +--> ?PR?_WAIT_MS_SPINOR?AT25SF041

?PR?AT25SF041_CHIPERASE?AT25SF041                064EH    0002H
  +--> ?PR?_WAIT_MS_SPINOR?AT25SF041
  +--> ?PR?UCREAD_STATUS_REGISTER_BYTE1?AT25...

?PR?LCD_INIT?LCD_DRIVER_SPLC780D                 -----    -----
  +--> ?PR?_WAIT_MS?LCD_DRIVER_SPLC780D
  +--> ?PR?_COMMAND?LCD_DRIVER_SPLC780D

?PR?_COMMAND?LCD_DRIVER_SPLC780D                 -----    -----
  +--> ?PR?_WAIT_MS?LCD_DRIVER_SPLC780D

?PR?ADC_INIT?ADC                                 -----    -----
  +--> ?PR?_WAIT_MS?LCD_DRIVER_SPLC780D

?PR?_SPI_WRITETIME?PCF85063BTL                   -----    -----
  +--> ?PR?_SPI_SENDBYTE?PCF85063BTL

?PR?_SPI_SENDBYTE?PCF85063BTL                    -----    -----
  +--> ?PR?_PCF85063BTL_DELAY?PCF85063BTL

?PR?_DISPLAY_LINE?LCD_DRIVER_SPLC780D            -----    -----
  +--> ?PR?_COMMAND?LCD_DRIVER_SPLC780D

?PR?_WRITEDATA?LCD_DRIVER_SPLC780D               064EH    0001H
  +--> ?PR?_WAIT_MS?LCD_DRIVER_SPLC780D

?PR?_AT25SF041_WRITE?AT25SF041                   064EH    0008H
  +--> ?PR?_WAIT_MS_SPINOR?AT25SF041
  +--> ?PR?UCREAD_STATUS_REGISTER_BYTE1?AT25...



UNRESOLVED EXTERNAL SYMBOLS:
   AUTO_MODE
   _SENDUART1
BL51 BANKED LINKER/LOCATER V6.22                                                      02/25/2019  17:57:14  PAGE 6





SYMBOL TABLE OF MODULE:  .\Obj\GPIO_RTC_Test (MAIN)

  VALUE           TYPE          NAME
  ----------------------------------

  -------         MODULE        MAIN
  C:0000H         SYMBOL        _ICE_DUMMY_
  X:0397H         PUBLIC        calib_value
  D:0080H         PUBLIC        P0
  D:00B2H         PUBLIC        P3M0
  D:0090H         PUBLIC        P1
  D:00B1H         PUBLIC        P3M1
  D:00A0H         PUBLIC        P2
  D:00B0H         PUBLIC        P3
  D:00C0H         PUBLIC        P4
  D:00C8H         PUBLIC        P5
  X:03EBH         SYMBOL        PressedKey
  B:00A8H.7       PUBLIC        EA
  D:00E8H         PUBLIC        P6
  X:03EFH         PUBLIC        calib_stamp
  D:00F8H         PUBLIC        P7
  X:03F0H         PUBLIC        RX_Data_Uart_Cnt
  D:00A8H         PUBLIC        IE
  X:03F2H         PUBLIC        calib_time
  D:00B8H         PUBLIC        IP
  X:0446H         PUBLIC        months
  D:00D8H         PUBLIC        CCON
  C:28C8H         PUBLIC        main
  X:0447H         PUBLIC        count
  X:0449H         PUBLIC        days
  X:044AH         PUBLIC        hours
  D:0098H         PUBLIC        SCON
  D:0089H         PUBLIC        TMOD
  D:0088H         PUBLIC        TCON
  X:044BH         SYMBOL        KeyCount
  X:044DH         PUBLIC        mins
  X:044EH         PUBLIC        Rec_data_hour
  X:0451H         PUBLIC        Rec_data_min
  D:008EH         PUBLIC        AUXR
  C:0009H         PUBLIC        tm0_isr
  B:0020H.7       PUBLIC        busy
  B:00A8H.1       PUBLIC        ET0
  X:0454H         PUBLIC        SPI_NOR_INTERNAL_FLASH_ADDR
  D:008CH         PUBLIC        TH0
  X:0458H         PUBLIC        hour_count
  D:008AH         PUBLIC        TL0
  X:0459H         PUBLIC        min_count
  B:0088H.4       PUBLIC        TR0
  X:045AH         SYMBOL        KeyNum
  X:045BH         SYMBOL        KeyNum_Old
  X:045CH         PUBLIC        current_position
  X:0460H         PUBLIC        hours1
  X:0461H         PUBLIC        hours2
  C:3BC0H         PUBLIC        _Display_Prox
BL51 BANKED LINKER/LOCATER V6.22                                                      02/25/2019  17:57:14  PAGE 7


  X:0462H         PUBLIC        mins1
  X:0463H         PUBLIC        mins2
  C:303AH         PUBLIC        _Display_Pos
  X:0464H         PUBLIC        seconds
  X:0465H         PUBLIC        st_time
  D:00D0H         PUBLIC        PSW
  -------         PROC          TM0_ISR
  C:0009H         LINE#         90
  C:0009H         LINE#         92
  -------         ENDPROC       TM0_ISR
  -------         PROC          MAIN
  -------         DO            
  X:062DH         SYMBOL        sunlight_ADC
  X:038FH         SYMBOL        KeyCount
  X:0391H         SYMBOL        KeyNum_Old
  X:0392H         SYMBOL        KeyNum
  X:0393H         SYMBOL        PressedKey
  X:062FH         SYMBOL        prox_flag
  X:0630H         SYMBOL        iUse_prevday_calib_value
  X:0632H         SYMBOL        max_ADC_Val_JP
  X:0634H         SYMBOL        max_ADC_Val
  X:0636H         SYMBOL        calib_point1
  X:063EH         SYMBOL        calib_point2
  X:0646H         SYMBOL        calib_day
  X:0648H         SYMBOL        calib_count
  X:064AH         SYMBOL        theorical_JP_max_pos
  -------         ENDDO         
  C:28C8H         LINE#         94
  C:28C8H         LINE#         95
  C:28C8H         LINE#         100
  C:28CEH         LINE#         101
  C:28D3H         LINE#         103
  C:28DBH         LINE#         107
  C:28E1H         LINE#         108
  C:28EBH         LINE#         112
  C:28EDH         LINE#         113
  C:28EFH         LINE#         114
  C:28F1H         LINE#         115
  C:28F3H         LINE#         117
  C:28FAH         LINE#         126
  C:28FAH         LINE#         127
  C:28FDH         LINE#         129
  C:2900H         LINE#         130
  C:2907H         LINE#         131
  C:2907H         LINE#         132
  C:290AH         LINE#         133
  C:290DH         LINE#         134
  C:2910H         LINE#         135
  C:2913H         LINE#         136
  C:2916H         LINE#         137
  C:2919H         LINE#         140
  C:291CH         LINE#         142
  C:291FH         LINE#         143
  C:2922H         LINE#         144
  C:2925H         LINE#         145
  C:2927H         LINE#         146
  C:2929H         LINE#         147
BL51 BANKED LINKER/LOCATER V6.22                                                      02/25/2019  17:57:14  PAGE 8


  C:292BH         LINE#         149
  C:292DH         LINE#         150
  C:2934H         LINE#         151
  C:293BH         LINE#         152
  C:2942H         LINE#         153
  C:2949H         LINE#         157
  C:2950H         LINE#         158
  C:2955H         LINE#         159
  C:295AH         LINE#         160
  C:295FH         LINE#         161
  C:2964H         LINE#         162
  C:2969H         LINE#         165
  C:2982H         LINE#         166
  C:2982H         LINE#         167
  C:299EH         LINE#         168
  C:29E5H         LINE#         169
  C:29F6H         LINE#         172
  C:29F9H         LINE#         173
  C:2A00H         LINE#         174
  C:2A15H         LINE#         176
  C:2A1CH         LINE#         177
  C:2A1FH         LINE#         179
  C:2A34H         LINE#         180
  C:2A3BH         LINE#         183
  C:2A3EH         LINE#         185
  C:2A53H         LINE#         186
  C:2A5AH         LINE#         188
  C:2A5DH         LINE#         190
  C:2A72H         LINE#         191
  C:2A79H         LINE#         193
  C:2A7CH         LINE#         195
  C:2A91H         LINE#         196
  C:2A98H         LINE#         198
  C:2A9BH         LINE#         200
  C:2AB0H         LINE#         201
  C:2AB7H         LINE#         203
  C:2ABAH         LINE#         205
  C:2ACFH         LINE#         206
  C:2AD6H         LINE#         208
  C:2AD9H         LINE#         210
  C:2AEEH         LINE#         211
  C:2AF5H         LINE#         213
  C:2AF8H         LINE#         215
  C:2B0DH         LINE#         216
  C:2B14H         LINE#         218
  C:2B17H         LINE#         220
  C:2B2CH         LINE#         221
  C:2B33H         LINE#         223
  C:2B36H         LINE#         225
  C:2B4BH         LINE#         226
  C:2B52H         LINE#         230
  -------         ENDPROC       MAIN
  -------         PROC          _DISPLAY_PROX
  D:0002H         SYMBOL        dat
  -------         DO            
  X:0701H         SYMBOL        unit
  X:0702H         SYMBOL        ten
BL51 BANKED LINKER/LOCATER V6.22                                                      02/25/2019  17:57:14  PAGE 9


  X:0703H         SYMBOL        hundred
  X:0704H         SYMBOL        thousand
  -------         ENDDO         
  C:3BC0H         LINE#         315
  C:3BC4H         LINE#         316
  C:3BC4H         LINE#         318
  C:3BD0H         LINE#         319
  C:3BE0H         LINE#         320
  C:3BFCH         LINE#         321
  C:3C2CH         LINE#         322
  C:3C36H         LINE#         323
  C:3C40H         LINE#         324
  C:3C4AH         LINE#         325
  C:3C54H         LINE#         327
  -------         ENDPROC       _DISPLAY_PROX
  -------         PROC          _DISPLAY_POS
  X:06D3H         SYMBOL        sign_dat
  -------         DO            
  X:06D7H         SYMBOL        unit
  X:06D8H         SYMBOL        ten
  X:06D9H         SYMBOL        hundred
  D:0003H         SYMBOL        thousand
  X:06DAH         SYMBOL        after_dot
  X:06DBH         SYMBOL        dat
  -------         ENDDO         
  C:303AH         LINE#         330
  C:3040H         LINE#         331
  C:3040H         LINE#         335
  C:305CH         LINE#         336
  C:3076H         LINE#         337
  C:309AH         LINE#         339
  C:30E4H         LINE#         341
  C:30FBH         LINE#         342
  C:3108H         LINE#         343
  C:312AH         LINE#         344
  C:315FH         LINE#         345
  C:3177H         LINE#         346
  C:3177H         LINE#         348
  C:3177H         LINE#         349
  C:3177H         LINE#         350
  C:3177H         LINE#         351
  C:3177H         LINE#         352
  C:3177H         LINE#         356
  C:3179H         LINE#         358
  C:3179H         LINE#         360
  C:317EH         LINE#         361
  C:3188H         LINE#         362
  C:3192H         LINE#         363
  C:319CH         LINE#         364
  C:31A1H         LINE#         365
  C:31ABH         LINE#         369
  C:31ABH         LINE#         371
  -------         ENDPROC       _DISPLAY_POS
  -------         ENDMOD        MAIN

  -------         MODULE        PCF85063BTL
  C:0000H         SYMBOL        _ICE_DUMMY_
BL51 BANKED LINKER/LOCATER V6.22                                                      02/25/2019  17:57:14  PAGE 10


  D:0096H         PUBLIC        P2M0
  D:0080H         PUBLIC        P0
  D:0095H         PUBLIC        P2M1
  D:0090H         PUBLIC        P1
  D:00A0H         PUBLIC        P2
  D:00B0H         PUBLIC        P3
  D:00C0H         PUBLIC        P4
  D:00C8H         PUBLIC        P5
  D:00E8H         PUBLIC        P6
  B:00A0H.1       PUBLIC        PCF85063BTL_SDI
  D:00F8H         PUBLIC        P7
  B:00A0H.2       PUBLIC        PCF85063BTL_SCK
  B:00A0H.1       PUBLIC        PCF85063BTL_SDO
  D:00A8H         PUBLIC        IE
  C:3DDAH         PUBLIC        _Read_time
  C:432EH         PUBLIC        _PCF85063BTL_Delay
  D:00B8H         PUBLIC        IP
  D:00D8H         PUBLIC        CCON
  C:3CE1H         PUBLIC        _Day_Of_Year
  C:4224H         PUBLIC        SPI_ReceiveByte
  D:0098H         PUBLIC        SCON
  D:0088H         PUBLIC        TCON
  C:4361H         PUBLIC        _BCDtoDec
  B:00A0H.0       PUBLIC        PCF85063BTL_CS
  C:4350H         PUBLIC        _SPI_ReadTime
  C:43B0H         PUBLIC        SPI_Init
  C:42B9H         PUBLIC        _SPI_WriteTime
  C:4204H         PUBLIC        _SPI_SendByte
  D:00D0H         PUBLIC        PSW
  C:432AH         SYMBOL        L?0047
  -------         PROC          L?0046
  -------         ENDPROC       L?0046
  C:432AH         SYMBOL        L?0047
  -------         PROC          _PCF85063BTL_DELAY
  D:0006H         SYMBOL        us
  C:432EH         LINE#         8
  C:432EH         LINE#         9
  C:432EH         LINE#         10
  C:4338H         LINE#         11
  C:4338H         LINE#         12
  C:4339H         LINE#         13
  C:433BH         LINE#         14
  -------         ENDPROC       _PCF85063BTL_DELAY
  -------         PROC          _SPI_SENDBYTE
  D:0005H         SYMBOL        dat
  -------         DO            
  D:0003H         SYMBOL        i
  -------         ENDDO         
  C:4204H         LINE#         17
  C:4206H         LINE#         18
  C:4206H         LINE#         20
  C:4208H         LINE#         21
  C:4208H         LINE#         22
  C:420AH         LINE#         23
  C:420EH         LINE#         24
  C:420EH         LINE#         25
  C:4210H         LINE#         26
BL51 BANKED LINKER/LOCATER V6.22                                                      02/25/2019  17:57:14  PAGE 11


  C:4212H         LINE#         28
  C:4212H         LINE#         29
  C:4214H         LINE#         30
  C:4214H         LINE#         31
  C:4217H         LINE#         32
  C:4217H         LINE#         33
  C:421AH         LINE#         34
  C:421EH         LINE#         35
  C:4223H         LINE#         36
  -------         ENDPROC       _SPI_SENDBYTE
  -------         PROC          SPI_RECEIVEBYTE
  -------         DO            
  D:0003H         SYMBOL        i
  D:0005H         SYMBOL        dat
  -------         ENDDO         
  C:4224H         LINE#         39
  C:4224H         LINE#         40
  C:4224H         LINE#         42
  C:4226H         LINE#         44
  C:4228H         LINE#         45
  C:4229H         LINE#         46
  C:4229H         LINE#         47
  C:422DH         LINE#         48
  C:422FH         LINE#         49
  C:4232H         LINE#         51
  C:4235H         LINE#         52
  C:4235H         LINE#         53
  C:4239H         LINE#         54
  C:4239H         LINE#         55
  C:4239H         LINE#         56
  C:423CH         LINE#         57
  C:4241H         LINE#         58
  C:4243H         LINE#         59
  -------         ENDPROC       SPI_RECEIVEBYTE
  -------         PROC          _SPI_READTIME
  D:0007H         SYMBOL        addr
  -------         DO            
  D:0006H         SYMBOL        dat
  -------         ENDDO         
  C:4350H         LINE#         61
  C:4350H         LINE#         62
  C:4350H         LINE#         64
  C:4352H         LINE#         65
  C:4354H         LINE#         66
  C:435BH         LINE#         67
  C:435EH         LINE#         68
  C:4360H         LINE#         69
  C:4360H         LINE#         70
  -------         ENDPROC       _SPI_READTIME
  -------         PROC          _SPI_WRITETIME
  D:0002H         SYMBOL        val
  D:0005H         SYMBOL        addr
  C:42B9H         LINE#         71
  C:42BBH         LINE#         72
  C:42BBH         LINE#         74
  C:42BDH         LINE#         75
  C:42C4H         LINE#         76
BL51 BANKED LINKER/LOCATER V6.22                                                      02/25/2019  17:57:14  PAGE 12


  C:42C9H         LINE#         77
  C:42CEH         LINE#         78
  C:42D0H         LINE#         79
  -------         ENDPROC       _SPI_WRITETIME
  -------         PROC          SPI_INIT
  C:43B0H         LINE#         83
  C:43B0H         LINE#         84
  C:43B0H         LINE#         89
  C:43B3H         LINE#         90
  C:43B6H         LINE#         91
  C:43B8H         LINE#         92
  C:43BAH         LINE#         93
  C:43BCH         LINE#         94
  -------         ENDPROC       SPI_INIT
  -------         PROC          _READ_TIME
  X:06C4H         SYMBOL        months
  X:06C7H         SYMBOL        days
  X:06CAH         SYMBOL        hours
  X:06CDH         SYMBOL        mins
  X:06D0H         SYMBOL        seconds
  C:3DDAH         LINE#         96
  C:3DE5H         LINE#         97
  C:3DE5H         LINE#         99
  C:3DF9H         LINE#         101
  C:3E0DH         LINE#         103
  C:3E21H         LINE#         108
  C:3E35H         LINE#         113
  -------         ENDPROC       _READ_TIME
  -------         PROC          _BCDTODEC
  D:0007H         SYMBOL        bcd
  -------         DO            
  D:0006H         SYMBOL        hi
  D:0007H         SYMBOL        lo
  -------         ENDDO         
  C:4361H         LINE#         119
  C:4361H         LINE#         120
  C:4361H         LINE#         122
  C:4366H         LINE#         123
  C:436AH         LINE#         124
  C:4371H         LINE#         125
  -------         ENDPROC       _BCDTODEC
  -------         PROC          _DAY_OF_YEAR
  D:0007H         SYMBOL        months_bcd
  D:0005H         SYMBOL        days_bcd
  -------         DO            
  D:0004H         SYMBOL        months
  D:0007H         SYMBOL        days
  -------         ENDDO         
  C:3CE1H         LINE#         126
  C:3CE1H         LINE#         127
  C:3CE1H         LINE#         130
  C:3CE6H         LINE#         132
  C:3CEBH         LINE#         134
  C:3D24H         LINE#         135
  C:3D24H         LINE#         136
  C:3D24H         LINE#         137
  C:3D27H         LINE#         138
BL51 BANKED LINKER/LOCATER V6.22                                                      02/25/2019  17:57:14  PAGE 13


  C:3D27H         LINE#         139
  C:3D27H         LINE#         140
  C:3D2CH         LINE#         141
  C:3D2CH         LINE#         142
  C:3D2CH         LINE#         143
  C:3D31H         LINE#         144
  C:3D31H         LINE#         145
  C:3D31H         LINE#         146
  C:3D36H         LINE#         147
  C:3D36H         LINE#         148
  C:3D36H         LINE#         149
  C:3D3BH         LINE#         150
  C:3D3BH         LINE#         151
  C:3D3BH         LINE#         152
  C:3D40H         LINE#         153
  C:3D40H         LINE#         154
  C:3D40H         LINE#         155
  C:3D45H         LINE#         156
  C:3D45H         LINE#         157
  C:3D45H         LINE#         158
  C:3D4AH         LINE#         159
  C:3D4AH         LINE#         160
  C:3D4AH         LINE#         161
  C:3D52H         LINE#         162
  C:3D52H         LINE#         163
  C:3D52H         LINE#         164
  C:3D57H         LINE#         165
  C:3D57H         LINE#         166
  C:3D57H         LINE#         167
  C:3D5CH         LINE#         168
  C:3D5CH         LINE#         169
  C:3D5CH         LINE#         170
  C:3D64H         LINE#         171
  C:3D64H         LINE#         172
  C:3D64H         LINE#         173
  -------         ENDPROC       _DAY_OF_YEAR
  -------         ENDMOD        PCF85063BTL

  -------         MODULE        UART1
  C:0000H         SYMBOL        _ICE_DUMMY_
  D:0080H         PUBLIC        P0
  D:0090H         PUBLIC        P1
  D:00A0H         PUBLIC        P2
  D:00B0H         PUBLIC        P3
  D:00C0H         PUBLIC        P4
  D:00C8H         PUBLIC        P5
  B:00A8H.7       PUBLIC        EA
  D:00E8H         PUBLIC        P6
  D:00F8H         PUBLIC        P7
  C:40DCH         PUBLIC        _SendString
  D:00A8H         PUBLIC        IE
  B:00A8H.4       PUBLIC        ES
  D:00B8H         PUBLIC        IP
  C:42D1H         PUBLIC        _ASCIItoBCD
  D:00D8H         PUBLIC        CCON
  C:4372H         PUBLIC        initUART1
  D:0098H         PUBLIC        SCON
BL51 BANKED LINKER/LOCATER V6.22                                                      02/25/2019  17:57:14  PAGE 14


  D:0088H         PUBLIC        TCON
  C:000AH         PUBLIC        _DectoBCD
  C:43F4H         PUBLIC        _ASCII_Letter
  D:008EH         PUBLIC        AUXR
  C:43EFH         PUBLIC        _unit
  C:0003H         PUBLIC        _ten
  D:00D6H         PUBLIC        T2H
  D:00D7H         PUBLIC        T2L
  D:00D0H         PUBLIC        PSW
  -------         PROC          INITUART1
  C:4372H         LINE#         21
  C:4372H         LINE#         22
  C:4372H         LINE#         23
  C:4375H         LINE#         24
  C:4378H         LINE#         25
  C:437BH         LINE#         26
  C:437EH         LINE#         27
  C:4380H         LINE#         28
  C:4382H         LINE#         30
  -------         ENDPROC       INITUART1
  -------         PROC          _SENDSTRING
  X:071DH         SYMBOL        s
  C:40DCH         LINE#         35
  C:40E7H         LINE#         36
  C:40E7H         LINE#         37
  C:40F7H         LINE#         38
  C:40F7H         LINE#         39
  C:410CH         LINE#         40
  C:410EH         LINE#         41
  -------         ENDPROC       _SENDSTRING
  -------         PROC          _TEN
  D:0007H         SYMBOL        BCD
  C:0003H         LINE#         43
  C:0003H         LINE#         44
  C:0003H         LINE#         45
  C:0008H         LINE#         46
  -------         ENDPROC       _TEN
  -------         PROC          _UNIT
  D:0007H         SYMBOL        BCD
  C:43EFH         LINE#         47
  C:43EFH         LINE#         48
  C:43EFH         LINE#         52
  C:43F3H         LINE#         53
  -------         ENDPROC       _UNIT
  -------         PROC          _DECTOBCD
  D:0007H         SYMBOL        dec
  C:000AH         LINE#         54
  C:000AH         LINE#         55
  C:000AH         LINE#         57
  C:000AH         LINE#         58
  -------         ENDPROC       _DECTOBCD
  -------         PROC          _ASCII_LETTER
  D:0007H         SYMBOL        dat
  C:43F4H         LINE#         60
  C:43F4H         LINE#         61
  C:43F4H         LINE#         63
  C:43F8H         LINE#         64
BL51 BANKED LINKER/LOCATER V6.22                                                      02/25/2019  17:57:14  PAGE 15


  -------         ENDPROC       _ASCII_LETTER
  -------         PROC          _ASCIITOBCD
  D:0001H         SYMBOL        ascii
  -------         DO            
  D:0007H         SYMBOL        dec_val
  D:0006H         SYMBOL        ten
  D:0007H         SYMBOL        unit
  -------         ENDDO         
  C:42D1H         LINE#         66
  C:42D1H         LINE#         67
  C:42D1H         LINE#         69
  C:42D4H         LINE#         70
  C:42DAH         LINE#         71
  C:42E1H         LINE#         72
  C:42E7H         LINE#         74
  -------         ENDPROC       _ASCIITOBCD
  -------         ENDMOD        UART1

  -------         MODULE        LCD_DRIVER_SPLC780D
  C:0000H         SYMBOL        _ICE_DUMMY_
  D:0092H         PUBLIC        P1M0
  D:0091H         PUBLIC        P1M1
  D:0080H         PUBLIC        P0
  D:0090H         PUBLIC        P1
  D:00A0H         PUBLIC        P2
  D:00B0H         PUBLIC        P3
  D:00C0H         PUBLIC        P4
  D:00C8H         PUBLIC        P5
  D:00E8H         PUBLIC        P6
  D:00F8H         PUBLIC        P7
  C:3D65H         PUBLIC        _WriteData
  D:00A8H         PUBLIC        IE
  D:00B8H         PUBLIC        IP
  D:00D8H         PUBLIC        CCON
  B:00B0H.4       PUBLIC        LCD_D4
  B:00B0H.5       PUBLIC        LCD_D5
  B:00B0H.6       PUBLIC        LCD_D6
  C:4281H         PUBLIC        _DisplayLCD
  B:00B0H.7       PUBLIC        LCD_D7
  D:0098H         PUBLIC        SCON
  D:0088H         PUBLIC        TCON
  C:43DFH         PUBLIC        LCD_clear
  C:4021H         PUBLIC        _Command
  C:42FEH         PUBLIC        _Display_Line
  C:3EA3H         PUBLIC        LCD_Init
  C:41E6H         PUBLIC        _Wait_ms
  B:00C0H.0       PUBLIC        LCD_RS
  B:00B0H.2       PUBLIC        LCD_RW
  C:43D5H         PUBLIC        LCD_return_home
  B:00B0H.3       PUBLIC        LCD_E
  D:00D0H         PUBLIC        PSW
  -------         PROC          LCD_INIT
  C:3EA3H         LINE#         9
  C:3EA3H         LINE#         10
  C:3EA3H         LINE#         11
  C:3EA6H         LINE#         12
  C:3EA9H         LINE#         14
BL51 BANKED LINKER/LOCATER V6.22                                                      02/25/2019  17:57:14  PAGE 16


  C:3EAFH         LINE#         15
  C:3EB4H         LINE#         17
  C:3EBBH         LINE#         18
  C:3EC0H         LINE#         20
  C:3EC3H         LINE#         21
  C:3EC8H         LINE#         23
  C:3ECBH         LINE#         24
  C:3ED0H         LINE#         26
  C:3ED7H         LINE#         29
  C:3EDCH         LINE#         30
  C:3EE1H         LINE#         32
  C:3EE6H         LINE#         33
  C:3EEBH         LINE#         35
  C:3EF0H         LINE#         36
  C:3EF5H         LINE#         37
  -------         ENDPROC       LCD_INIT
  -------         PROC          _WRITEDATA
  X:064EH         SYMBOL        dat
  C:3D65H         LINE#         40
  C:3D6AH         LINE#         41
  C:3D6AH         LINE#         46
  C:3D6CH         LINE#         47
  C:3D6EH         LINE#         49
  C:3D7CH         LINE#         50
  C:3D88H         LINE#         51
  C:3D94H         LINE#         52
  C:3D9EH         LINE#         53
  C:3DA0H         LINE#         54
  C:3DA7H         LINE#         55
  C:3DA9H         LINE#         57
  C:3DB9H         LINE#         58
  C:3DC4H         LINE#         59
  C:3DCEH         LINE#         60
  C:3DD2H         LINE#         62
  C:3DD2H         LINE#         63
  C:3DD5H         LINE#         64
  C:3DD7H         LINE#         65
  C:3DD9H         LINE#         67
  -------         ENDPROC       _WRITEDATA
  -------         PROC          _COMMAND
  D:0007H         SYMBOL        dat
  C:4021H         LINE#         69
  C:4021H         LINE#         70
  C:4021H         LINE#         71
  C:4023H         LINE#         72
  C:4025H         LINE#         74
  C:402FH         LINE#         75
  C:4033H         LINE#         77
  C:4035H         LINE#         78
  C:403EH         LINE#         79
  C:4042H         LINE#         81
  C:4044H         LINE#         82
  C:404BH         LINE#         83
  C:404FH         LINE#         85
  C:4051H         LINE#         86
  C:4055H         LINE#         87
  C:4059H         LINE#         89
BL51 BANKED LINKER/LOCATER V6.22                                                      02/25/2019  17:57:14  PAGE 17


  C:405BH         LINE#         90
  C:405BH         LINE#         91
  C:405EH         LINE#         92
  C:4060H         LINE#         93
  -------         ENDPROC       _COMMAND
  C:41E2H         SYMBOL        L?0028
  -------         PROC          L?0027
  -------         ENDPROC       L?0027
  C:41E2H         SYMBOL        L?0028
  -------         PROC          _WAIT_MS
  D:0006H         SYMBOL        ms
  -------         DO            
  D:0004H         SYMBOL        De_Cnt
  -------         ENDDO         
  C:41E6H         LINE#         95
  C:41E6H         LINE#         96
  C:41E6H         LINE#         98
  C:41F0H         LINE#         99
  C:41F0H         LINE#         100
  C:4203H         LINE#         101
  C:4203H         LINE#         102
  -------         ENDPROC       _WAIT_MS
  -------         PROC          _DISPLAYLCD
  D:0007H         SYMBOL        BCD
  -------         DO            
  D:0006H         SYMBOL        first_digit
  X:0726H         SYMBOL        second_digit
  -------         ENDDO         
  C:4281H         LINE#         103
  C:4281H         LINE#         104
  C:4281H         LINE#         106
  C:4288H         LINE#         107
  C:4291H         LINE#         109
  C:4296H         LINE#         111
  -------         ENDPROC       _DISPLAYLCD
  -------         PROC          LCD_RETURN_HOME
  C:43D5H         LINE#         115
  C:43D5H         LINE#         116
  C:43D5H         LINE#         117
  C:43DAH         LINE#         118
  -------         ENDPROC       LCD_RETURN_HOME
  -------         PROC          LCD_CLEAR
  C:43DFH         LINE#         121
  C:43DFH         LINE#         122
  C:43DFH         LINE#         123
  C:43E4H         LINE#         124
  -------         ENDPROC       LCD_CLEAR
  -------         PROC          _DISPLAY_LINE
  D:0006H         SYMBOL        line
  C:42FEH         LINE#         128
  C:42FEH         LINE#         129
  C:42FEH         LINE#         130
  C:4304H         LINE#         131
  C:4304H         LINE#         132
  C:4306H         LINE#         133
  C:4306H         LINE#         134
  C:4308H         LINE#         136
BL51 BANKED LINKER/LOCATER V6.22                                                      02/25/2019  17:57:14  PAGE 18


  C:4308H         LINE#         137
  C:430DH         LINE#         138
  C:4312H         LINE#         139
  C:4312H         LINE#         140
  -------         ENDPROC       _DISPLAY_LINE
  -------         ENDMOD        LCD_DRIVER_SPLC780D

  -------         MODULE        KEYPAD
  C:0000H         SYMBOL        _ICE_DUMMY_
  D:0093H         PUBLIC        P0M1
  D:0080H         PUBLIC        P0
  D:0090H         PUBLIC        P1
  D:00A0H         PUBLIC        P2
  D:00B0H         PUBLIC        P3
  D:00C0H         PUBLIC        P4
  D:00C8H         PUBLIC        P5
  B:0020H.0       PUBLIC        calib_mode
  D:00E8H         PUBLIC        P6
  D:00F8H         PUBLIC        P7
  D:00A8H         PUBLIC        IE
  C:2D25H         PUBLIC        Key_Scan
  D:00B8H         PUBLIC        IP
  D:00D8H         PUBLIC        CCON
  C:43BDH         PUBLIC        KeyPad_IO_Init
  C:4263H         PUBLIC        _Delay_ms
  D:0098H         PUBLIC        SCON
  D:0088H         PUBLIC        TCON
  B:0020H.1       PUBLIC        small_move
  B:0020H.2       PUBLIC        move
  B:0020H.3       PUBLIC        direction
  B:0020H.4       PUBLIC        auto_move
  C:2628H         PUBLIC        Key_Process
  D:00D0H         PUBLIC        PSW
  D:0094H         PUBLIC        P0M0
  -------         PROC          _DELAY_MS
  D:0006H         SYMBOL        ms
  -------         DO            
  D:0004H         SYMBOL        De_Cnt
  -------         ENDDO         
  C:4263H         LINE#         19
  C:4263H         LINE#         20
  C:4263H         LINE#         22
  C:426DH         LINE#         23
  C:426DH         LINE#         24
  C:4280H         LINE#         25
  C:4280H         LINE#         26
  -------         ENDPROC       _DELAY_MS
  -------         PROC          KEY_SCAN
  -------         DO            
  X:0720H         SYMBOL        KeyTemp1
  X:0721H         SYMBOL        KeyTemp2
  X:0722H         SYMBOL        KeyValue
  -------         ENDDO         
  C:2D25H         LINE#         27
  C:2D25H         LINE#         28
  C:2D25H         LINE#         33
  C:2D28H         LINE#         36
BL51 BANKED LINKER/LOCATER V6.22                                                      02/25/2019  17:57:14  PAGE 19


  C:2D2BH         LINE#         38
  C:2D33H         LINE#         39
  C:2D3AH         LINE#         40
  C:2D3AH         LINE#         42
  C:2D3FH         LINE#         43
  C:2D46H         LINE#         44
  C:2D46H         LINE#         47
  C:2D49H         LINE#         48
  C:2D4CH         LINE#         49
  C:2D51H         LINE#         50
  C:2D55H         LINE#         51
  C:2D55H         LINE#         52
  C:2D5DH         LINE#         53
  C:2D5DH         LINE#         54
  C:2D60H         LINE#         55
  C:2D68H         LINE#         56
  C:2D6AH         LINE#         58
  C:2D7EH         LINE#         59
  C:2D7EH         LINE#         60
  C:2D7EH         LINE#         61
  C:2D7EH         LINE#         62
  C:2D84H         LINE#         64
  C:2D86H         LINE#         65
  C:2D86H         LINE#         66
  C:2D86H         LINE#         67
  C:2D8CH         LINE#         69
  C:2D8EH         LINE#         70
  C:2D8EH         LINE#         71
  C:2D8EH         LINE#         72
  C:2D94H         LINE#         74
  C:2D96H         LINE#         75
  C:2D96H         LINE#         76
  C:2D96H         LINE#         77
  C:2D9CH         LINE#         79
  C:2D9CH         LINE#         80
  C:2D9CH         LINE#         81
  C:2D9CH         LINE#         84
  C:2D9FH         LINE#         85
  C:2DA2H         LINE#         86
  C:2DAAH         LINE#         87
  C:2DAEH         LINE#         88
  C:2DAEH         LINE#         89
  C:2DB6H         LINE#         90
  C:2DB6H         LINE#         91
  C:2DB9H         LINE#         92
  C:2DC1H         LINE#         93
  C:2DC3H         LINE#         94
  C:2DD7H         LINE#         95
  C:2DD7H         LINE#         96
  C:2DD7H         LINE#         97
  C:2DD7H         LINE#         98
  C:2DDDH         LINE#         100
  C:2DDFH         LINE#         101
  C:2DDFH         LINE#         102
  C:2DDFH         LINE#         103
  C:2DE5H         LINE#         105
  C:2DE7H         LINE#         106
BL51 BANKED LINKER/LOCATER V6.22                                                      02/25/2019  17:57:14  PAGE 20


  C:2DE7H         LINE#         107
  C:2DE7H         LINE#         108
  C:2DEDH         LINE#         110
  C:2DEFH         LINE#         111
  C:2DEFH         LINE#         112
  C:2DEFH         LINE#         113
  C:2DF4H         LINE#         115
  C:2DF4H         LINE#         116
  C:2DF4H         LINE#         117
  C:2DF4H         LINE#         120
  C:2DF7H         LINE#         121
  C:2DFAH         LINE#         122
  C:2E02H         LINE#         123
  C:2E06H         LINE#         124
  C:2E06H         LINE#         125
  C:2E0EH         LINE#         126
  C:2E0EH         LINE#         127
  C:2E11H         LINE#         128
  C:2E19H         LINE#         129
  C:2E1BH         LINE#         130
  C:2E2FH         LINE#         131
  C:2E2FH         LINE#         132
  C:2E2FH         LINE#         133
  C:2E2FH         LINE#         134
  C:2E35H         LINE#         136
  C:2E37H         LINE#         137
  C:2E37H         LINE#         138
  C:2E37H         LINE#         139
  C:2E3DH         LINE#         141
  C:2E3FH         LINE#         142
  C:2E3FH         LINE#         143
  C:2E3FH         LINE#         144
  C:2E45H         LINE#         146
  C:2E47H         LINE#         147
  C:2E47H         LINE#         148
  C:2E47H         LINE#         149
  C:2E4DH         LINE#         151
  C:2E4DH         LINE#         152
  C:2E4DH         LINE#         153
  C:2E4DH         LINE#         157
  C:2E50H         LINE#         158
  C:2E53H         LINE#         159
  C:2E5BH         LINE#         160
  C:2E5FH         LINE#         161
  C:2E5FH         LINE#         162
  C:2E67H         LINE#         163
  C:2E67H         LINE#         164
  C:2E6AH         LINE#         165
  C:2E72H         LINE#         166
  C:2E74H         LINE#         167
  C:2E88H         LINE#         168
  C:2E88H         LINE#         169
  C:2E88H         LINE#         170
  C:2E88H         LINE#         171
  C:2E8EH         LINE#         173
  C:2E90H         LINE#         174
  C:2E90H         LINE#         175
BL51 BANKED LINKER/LOCATER V6.22                                                      02/25/2019  17:57:14  PAGE 21


  C:2E90H         LINE#         176
  C:2E96H         LINE#         178
  C:2E98H         LINE#         179
  C:2E98H         LINE#         180
  C:2E98H         LINE#         181
  C:2E9EH         LINE#         183
  C:2EA0H         LINE#         184
  C:2EA0H         LINE#         185
  C:2EA0H         LINE#         186
  C:2EA6H         LINE#         188
  C:2EA6H         LINE#         189
  C:2EA6H         LINE#         190
  C:2EA6H         LINE#         192
  C:2EACH         LINE#         193
  C:2EACH         LINE#         195
  C:2EACH         LINE#         196
  C:2EAFH         LINE#         197
  C:2EAFH         LINE#         198
  C:2EAFH         LINE#         200
  C:2EAFH         LINE#         201
  C:2EB1H         LINE#         202
  C:2EB1H         LINE#         203
  -------         ENDPROC       KEY_SCAN
  -------         PROC          KEY_PROCESS
  -------         DO            
  X:06DDH         SYMBOL        KeyCount
  X:06DFH         SYMBOL        KeyNum_Old
  X:06E0H         SYMBOL        KeyNum
  X:06E1H         SYMBOL        PressedKey
  X:06F6H         SYMBOL        d
  D:0004H         SYMBOL        hours
  D:0006H         SYMBOL        mins
  X:06F8H         SYMBOL        months
  X:06FAH         SYMBOL        days
  -------         ENDDO         
  C:2628H         LINE#         204
  C:2628H         LINE#         205
  C:2628H         LINE#         209
  C:2630H         LINE#         210
  C:2638H         LINE#         212
  C:263BH         LINE#         213
  C:263BH         LINE#         214
  C:263EH         LINE#         216
  C:263EH         LINE#         217
  C:264BH         LINE#         218
  C:264BH         LINE#         219
  C:264EH         LINE#         220
  C:2651H         LINE#         222
  C:2654H         LINE#         224
  C:2654H         LINE#         225
  C:265FH         LINE#         226
  C:265FH         LINE#         227
  C:2662H         LINE#         229
  C:2662H         LINE#         230
  C:2669H         LINE#         231
  C:2669H         LINE#         232
  C:266CH         LINE#         234
BL51 BANKED LINKER/LOCATER V6.22                                                      02/25/2019  17:57:14  PAGE 22


  C:266CH         LINE#         235
  C:2674H         LINE#         236
  C:2674H         LINE#         237
  C:267EH         LINE#         238
  C:2686H         LINE#         240
  C:268FH         LINE#         242
  C:268FH         LINE#         251
  C:26A4H         LINE#         252
  C:26A4H         LINE#         253
  C:26B6H         LINE#         254
  C:26C4H         LINE#         255
  C:26D3H         LINE#         256
  C:26D3H         LINE#         258
  C:26D9H         LINE#         262
  C:26EFH         LINE#         263
  C:2700H         LINE#         264
  C:271BH         LINE#         265
  C:271BH         LINE#         266
  C:272BH         LINE#         267
  C:273CH         LINE#         268
  C:273CH         LINE#         272
  C:2755H         LINE#         273
  C:276CH         LINE#         274
  C:278CH         LINE#         275
  C:278CH         LINE#         276
  C:2796H         LINE#         277
  C:2796H         LINE#         278
  C:279FH         LINE#         279
  C:279FH         LINE#         280
  C:27B3H         LINE#         281
  C:27B3H         LINE#         282
  C:27B3H         LINE#         283
  C:27B3H         LINE#         284
  C:27B3H         LINE#         285
  C:27B5H         LINE#         287
  C:27B5H         LINE#         288
  C:27C1H         LINE#         289
  C:27C1H         LINE#         290
  C:27D2H         LINE#         291
  C:27D2H         LINE#         292
  C:27D2H         LINE#         293
  C:27D2H         LINE#         294
  C:27D2H         LINE#         296
  C:27D4H         LINE#         298
  C:27D4H         LINE#         299
  C:27E5H         LINE#         300
  C:27E5H         LINE#         301
  C:27E5H         LINE#         302
  C:27E5H         LINE#         303
  C:27E5H         LINE#         305
  C:27E5H         LINE#         307
  C:27E5H         LINE#         308
  C:27E7H         LINE#         310
  C:27E7H         LINE#         311
  C:27FAH         LINE#         312
  C:27FAH         LINE#         313
  C:280BH         LINE#         314
BL51 BANKED LINKER/LOCATER V6.22                                                      02/25/2019  17:57:14  PAGE 23


  C:280BH         LINE#         315
  C:280BH         LINE#         316
  C:280BH         LINE#         317
  C:280BH         LINE#         318
  C:280DH         LINE#         320
  C:280DH         LINE#         321
  C:281EH         LINE#         322
  C:281EH         LINE#         323
  C:282FH         LINE#         324
  C:2840H         LINE#         325
  C:2840H         LINE#         326
  C:2840H         LINE#         327
  C:2840H         LINE#         328
  C:2840H         LINE#         329
  C:2843H         LINE#         330
  C:2848H         LINE#         331
  C:284DH         LINE#         332
  C:2852H         LINE#         333
  C:2857H         LINE#         334
  C:285CH         LINE#         335
  C:2861H         LINE#         336
  C:2866H         LINE#         337
  C:2866H         LINE#         339
  C:2888H         LINE#         340
  C:2888H         LINE#         341
  C:2892H         LINE#         342
  C:2892H         LINE#         343
  C:2897H         LINE#         344
  C:28A0H         LINE#         345
  C:28B7H         LINE#         346
  C:28B7H         LINE#         347
  C:28C7H         LINE#         349
  C:28C7H         LINE#         353
  -------         ENDPROC       KEY_PROCESS
  -------         PROC          KEYPAD_IO_INIT
  C:43BDH         LINE#         356
  C:43BDH         LINE#         357
  C:43BDH         LINE#         358
  C:43C0H         LINE#         359
  C:43C3H         LINE#         360
  C:43C6H         LINE#         361
  C:43C8H         LINE#         362
  -------         ENDPROC       KEYPAD_IO_INIT
  -------         ENDMOD        KEYPAD

  -------         MODULE        BIPOLARMOTOR
  C:0000H         SYMBOL        _ICE_DUMMY_
  D:0080H         PUBLIC        P0
  D:0090H         PUBLIC        P1
  X:0000H         PUBLIC        RX_pos_test
  D:00A0H         PUBLIC        P2
  D:00B0H         PUBLIC        P3
  D:00C0H         PUBLIC        P4
  D:00C8H         PUBLIC        P5
  D:00E8H         PUBLIC        P6
  D:00F8H         PUBLIC        P7
  X:00A0H         PUBLIC        low_date_azimuth_mapping
BL51 BANKED LINKER/LOCATER V6.22                                                      02/25/2019  17:57:14  PAGE 24


  D:00A8H         PUBLIC        IE
  C:3732H         PUBLIC        linear_interpolate
  C:4191H         PUBLIC        _Move
  D:00B8H         PUBLIC        IP
  C:2B87H         PUBLIC        _findDet3x3
  C:2368H         PUBLIC        _findDet4x4
  D:00D8H         PUBLIC        CCON
  X:00C8H         PUBLIC        previous_move_time
  D:0098H         PUBLIC        SCON
  D:0088H         PUBLIC        TCON
  C:43F9H         PUBLIC        wait
  C:4061H         PUBLIC        _Step_move
  X:00C9H         PUBLIC        dat
  C:000EH         PUBLIC        _Update_position
  C:3F49H         PUBLIC        vOneStepMove
  X:00CFH         PUBLIC        elevation_stamp
  X:010BH         PUBLIC        date_azimuth_mapping
  X:0133H         PUBLIC        RX_pos
  C:42A8H         PUBLIC        _BCDtoDec1
  X:038BH         PUBLIC        degree
  D:00D0H         PUBLIC        PSW
  -------         PROC          L?0062
  -------         ENDPROC       L?0062
  -------         PROC          _BCDTODEC1
  D:0007H         SYMBOL        bcd
  -------         DO            
  D:0006H         SYMBOL        hi
  D:0007H         SYMBOL        lo
  -------         ENDDO         
  C:42A8H         LINE#         28
  C:42A8H         LINE#         29
  C:42A8H         LINE#         31
  C:42ADH         LINE#         32
  C:42B1H         LINE#         33
  C:42B8H         LINE#         34
  -------         ENDPROC       _BCDTODEC1
  -------         PROC          WAIT
  C:43F9H         LINE#         36
  C:43F9H         LINE#         38
  -------         ENDPROC       WAIT
  -------         PROC          VONESTEPMOVE
  B:0021H.0       SYMBOL        bDir
  C:3F49H         LINE#         40
  C:3F49H         LINE#         41
  C:3F49H         LINE#         43
  C:3F4FH         LINE#         44
  C:3F4FH         LINE#         45
  C:3F52H         LINE#         46
  C:3F5BH         LINE#         47
  C:3F62H         LINE#         48
  C:3F67H         LINE#         49
  C:3F67H         LINE#         50
  C:3F67H         LINE#         52
  C:3F69H         LINE#         55
  C:3F69H         LINE#         56
  C:3F6CH         LINE#         57
  C:3F75H         LINE#         58
BL51 BANKED LINKER/LOCATER V6.22                                                      02/25/2019  17:57:14  PAGE 25


  C:3F7CH         LINE#         59
  C:3F82H         LINE#         60
  C:3F8BH         LINE#         61
  C:3F92H         LINE#         62
  C:3F92H         LINE#         66
  -------         ENDPROC       VONESTEPMOVE
  -------         PROC          _STEP_MOVE
  X:0705H         SYMBOL        step
  B:0021H.1       SYMBOL        dir
  -------         DO            
  X:0707H         SYMBOL        i
  -------         ENDDO         
  C:4061H         LINE#         68
  C:4069H         LINE#         69
  C:4069H         LINE#         71
  C:406EH         LINE#         74
  C:4089H         LINE#         75
  C:4089H         LINE#         76
  C:4090H         LINE#         78
  C:40A0H         LINE#         80
  -------         ENDPROC       _STEP_MOVE
  -------         PROC          _MOVE
  X:0709H         SYMBOL        distance
  B:0021H.2       SYMBOL        direction
  -------         DO            
  D:0006H         SYMBOL        step
  -------         ENDDO         
  C:4191H         LINE#         82
  C:4197H         LINE#         83
  C:4197H         LINE#         86
  C:41B2H         LINE#         87
  -------         ENDPROC       _MOVE
  C:2B68H         SYMBOL        L?0058
  C:2B7CH         SYMBOL        L?0059
  -------         PROC          L?0057
  -------         ENDPROC       L?0057
  C:2B68H         SYMBOL        L?0058
  C:2B7CH         SYMBOL        L?0059
  -------         PROC          _FINDDET3X3
  X:0659H         SYMBOL        a11
  X:065DH         SYMBOL        a12
  X:0661H         SYMBOL        a13
  X:0665H         SYMBOL        a21
  X:0669H         SYMBOL        a22
  X:066DH         SYMBOL        a23
  X:0671H         SYMBOL        a31
  X:0675H         SYMBOL        a32
  X:0679H         SYMBOL        a33
  C:2B87H         LINE#         91
  C:2B8DH         LINE#         95
  C:2B8DH         LINE#         96
  C:2D24H         LINE#         98
  -------         ENDPROC       _FINDDET3X3
  -------         PROC          _FINDDET4X4
  X:05EDH         SYMBOL        a11
  X:05F1H         SYMBOL        a12
  X:05F5H         SYMBOL        a13
BL51 BANKED LINKER/LOCATER V6.22                                                      02/25/2019  17:57:14  PAGE 26


  X:05F9H         SYMBOL        a14
  X:05FDH         SYMBOL        a21
  X:0601H         SYMBOL        a22
  X:0605H         SYMBOL        a23
  X:0609H         SYMBOL        a24
  X:060DH         SYMBOL        a31
  X:0611H         SYMBOL        a32
  X:0615H         SYMBOL        a33
  X:0619H         SYMBOL        a34
  X:061DH         SYMBOL        a41
  X:0621H         SYMBOL        a42
  X:0625H         SYMBOL        a43
  X:0629H         SYMBOL        a44
  C:2368H         LINE#         99
  C:236EH         LINE#         103
  C:236EH         LINE#         110
  C:2627H         LINE#         114
  -------         ENDPROC       _FINDDET4X4
  C:3721H         SYMBOL        L?0061
  -------         PROC          L?0060
  -------         ENDPROC       L?0060
  C:3721H         SYMBOL        L?0061
  -------         PROC          LINEAR_INTERPOLATE
  X:06B0H         SYMBOL        p1
  X:06B8H         SYMBOL        p2
  X:06C0H         SYMBOL        x
  -------         DO            
  D:0004H         SYMBOL        fx
  -------         ENDDO         
  C:3732H         LINE#         120
  C:3732H         LINE#         121
  C:3732H         LINE#         124
  C:37D1H         LINE#         126
  C:37D1H         LINE#         127
  -------         ENDPROC       LINEAR_INTERPOLATE
  -------         PROC          _UPDATE_POSITION
  D:0001H         SYMBOL        mnths
  D:0002H         SYMBOL        dys
  X:0469H         SYMBOL        hurs
  X:046AH         SYMBOL        mns
  X:046BH         SYMBOL        sconds
  X:046CH         SYMBOL        currnt_pos
  X:046FH         SYMBOL        offset_calib
  -------         DO            
  X:0473H         SYMBOL        date
  X:0475H         SYMBOL        i
  X:0477H         SYMBOL        yy
  X:0479H         SYMBOL        desired_distance
  X:047DH         SYMBOL        distance
  X:0481H         SYMBOL        JP_pos
  X:0485H         SYMBOL        pos_interpolate_azimuth
  X:04C1H         SYMBOL        current_local_sun_time
  X:04C5H         SYMBOL        azimuth
  X:04C9H         SYMBOL        elevation
  X:04CDH         SYMBOL        time_offset
  X:04D1H         SYMBOL        UTC_time
  X:04D5H         SYMBOL        declination
BL51 BANKED LINKER/LOCATER V6.22                                                      02/25/2019  17:57:14  PAGE 27


  X:04D9H         SYMBOL        p1
  X:04E1H         SYMBOL        p2
  X:04E9H         SYMBOL        time
  X:04FBH         SYMBOL        location
  X:0503H         SYMBOL        sunCoord
  -------         ENDDO         
  C:000EH         LINE#         131
  C:0017H         LINE#         134
  C:0017H         LINE#         135
  C:0022H         LINE#         137
  C:003EH         LINE#         138
  C:0048H         LINE#         146
  C:0052H         LINE#         147
  C:005CH         LINE#         148
  C:0066H         LINE#         149
  C:0071H         LINE#         150
  C:007CH         LINE#         151
  C:0095H         LINE#         152
  C:00A6H         LINE#         153
  C:00B5H         LINE#         156
  C:00C9H         LINE#         160
  C:011BH         LINE#         161
  C:027FH         LINE#         162
  C:02CFH         LINE#         164
  C:03F7H         LINE#         166
  C:04C6H         LINE#         173
  C:050DH         LINE#         174
  C:050DH         LINE#         176
  C:0527H         LINE#         177
  C:0527H         LINE#         178
  C:0597H         LINE#         179
  C:0597H         LINE#         180
  C:059EH         LINE#         181
  C:059EH         LINE#         182
  C:05CBH         LINE#         183
  C:05E6H         LINE#         185
  C:062DH         LINE#         186
  C:0661H         LINE#         188
  C:06A7H         LINE#         189
  C:06CAH         LINE#         191
  C:06CAH         LINE#         193
  C:0740H         LINE#         194
  C:0740H         LINE#         195
  C:0747H         LINE#         196
  C:0747H         LINE#         197
  C:0774H         LINE#         198
  C:078FH         LINE#         200
  C:07D6H         LINE#         201
  C:080AH         LINE#         203
  C:0850H         LINE#         204
  C:0870H         LINE#         206
  C:0870H         LINE#         207
  C:0881H         LINE#         210
  C:089BH         LINE#         211
  C:089BH         LINE#         212
  C:090BH         LINE#         213
  C:090BH         LINE#         214
BL51 BANKED LINKER/LOCATER V6.22                                                      02/25/2019  17:57:14  PAGE 28


  C:0938H         LINE#         215
  C:0953H         LINE#         217
  C:0980H         LINE#         218
  C:099BH         LINE#         220
  C:09CDH         LINE#         223
  C:09CDH         LINE#         225
  C:09DEH         LINE#         227
  C:0A0DH         LINE#         229
  C:0A32H         LINE#         230
  C:0A97H         LINE#         231
  C:0A97H         LINE#         232
  C:0AB1H         LINE#         233
  C:0AC3H         LINE#         234
  C:0ADBH         LINE#         235
  C:0AF1H         LINE#         237
  C:0B0DH         LINE#         238
  C:0B0DH         LINE#         239
  C:0B0DH         LINE#         242
  -------         ENDPROC       _UPDATE_POSITION
  -------         ENDMOD        BIPOLARMOTOR

  -------         MODULE        SUNPOS
  C:0000H         SYMBOL        _ICE_DUMMY_
  C:14C4H         PUBLIC        sunpos
  -------         PROC          SUNPOS
  X:0590H         SYMBOL        udtTime
  X:05A2H         SYMBOL        udtLocation
  X:05AAH         SYMBOL        udtSunCoordinates
  -------         DO            
  X:05ADH         SYMBOL        dElapsedJulianDays
  X:05B1H         SYMBOL        dDecimalHours
  X:05B5H         SYMBOL        dEclipticLongitude
  X:05B9H         SYMBOL        dEclipticObliquity
  X:05BDH         SYMBOL        dRightAscension
  X:05C1H         SYMBOL        dDeclination
  X:05C5H         SYMBOL        dY
  X:05C9H         SYMBOL        dX
  -------         DO            
  X:05CDH         SYMBOL        dJulianDate
  X:05D1H         SYMBOL        liAux1
  X:05D5H         SYMBOL        liAux2
  X:05CDH         SYMBOL        dMeanLongitude
  X:05D1H         SYMBOL        dMeanAnomaly
  X:05D5H         SYMBOL        dOmega
  X:05CDH         SYMBOL        dSin_EclipticLongitude
  X:05CDH         SYMBOL        dGreenwichMeanSiderealTime
  X:05D1H         SYMBOL        dLocalMeanSiderealTime
  X:05D5H         SYMBOL        dLatitudeInRadians
  X:05D9H         SYMBOL        dHourAngle
  X:05DDH         SYMBOL        dCos_Latitude
  X:05E1H         SYMBOL        dSin_Latitude
  X:05E5H         SYMBOL        dCos_HourAngle
  X:05E9H         SYMBOL        dParallax
  -------         ENDDO         
  -------         DO            
  X:05CDH         SYMBOL        dMeanLongitude
  X:05D1H         SYMBOL        dMeanAnomaly
BL51 BANKED LINKER/LOCATER V6.22                                                      02/25/2019  17:57:14  PAGE 29


  X:05D5H         SYMBOL        dOmega
  X:05CDH         SYMBOL        dSin_EclipticLongitude
  X:05CDH         SYMBOL        dGreenwichMeanSiderealTime
  X:05D1H         SYMBOL        dLocalMeanSiderealTime
  X:05D5H         SYMBOL        dLatitudeInRadians
  X:05D9H         SYMBOL        dHourAngle
  X:05DDH         SYMBOL        dCos_Latitude
  X:05E1H         SYMBOL        dSin_Latitude
  X:05E5H         SYMBOL        dCos_HourAngle
  X:05E9H         SYMBOL        dParallax
  -------         ENDDO         
  -------         DO            
  X:05CDH         SYMBOL        dSin_EclipticLongitude
  X:05CDH         SYMBOL        dGreenwichMeanSiderealTime
  X:05D1H         SYMBOL        dLocalMeanSiderealTime
  X:05D5H         SYMBOL        dLatitudeInRadians
  X:05D9H         SYMBOL        dHourAngle
  X:05DDH         SYMBOL        dCos_Latitude
  X:05E1H         SYMBOL        dSin_Latitude
  X:05E5H         SYMBOL        dCos_HourAngle
  X:05E9H         SYMBOL        dParallax
  -------         ENDDO         
  -------         DO            
  X:05CDH         SYMBOL        dGreenwichMeanSiderealTime
  X:05D1H         SYMBOL        dLocalMeanSiderealTime
  X:05D5H         SYMBOL        dLatitudeInRadians
  X:05D9H         SYMBOL        dHourAngle
  X:05DDH         SYMBOL        dCos_Latitude
  X:05E1H         SYMBOL        dSin_Latitude
  X:05E5H         SYMBOL        dCos_HourAngle
  X:05E9H         SYMBOL        dParallax
  -------         ENDDO         
  -------         ENDDO         
  C:14C4H         LINE#         6
  C:14C4H         LINE#         7
  C:14C4H         LINE#         9
  C:14C4H         LINE#         27
  C:150EH         LINE#         30
  C:152FH         LINE#         31
  C:1676H         LINE#         34
  C:16C2H         LINE#         36
  C:16E1H         LINE#         37
  C:16E1H         LINE#         42
  C:16E1H         LINE#         46
  C:1713H         LINE#         47
  C:173DH         LINE#         48
  C:1767H         LINE#         49
  C:1814H         LINE#         52
  C:1875H         LINE#         54
  C:1875H         LINE#         59
  C:1875H         LINE#         61
  C:188CH         LINE#         62
  C:18B4H         LINE#         63
  C:18CBH         LINE#         64
  C:18F6H         LINE#         65
  C:192DH         LINE#         66
  C:1958H         LINE#         67
BL51 BANKED LINKER/LOCATER V6.22                                                      02/25/2019  17:57:14  PAGE 30


  C:1958H         LINE#         70
  C:1958H         LINE#         79
  C:1993H         LINE#         82
  C:19CDH         LINE#         84
  C:19F2H         LINE#         85
  C:1A11H         LINE#         86
  C:1A28H         LINE#         87
  C:1A3FH         LINE#         88
  C:1A56H         LINE#         89
  C:1ADFH         LINE#         91
  C:1AF9H         LINE#         92
  C:1B5BH         LINE#         93
  C:1B91H         LINE#         94
  C:1BA3H         LINE#         95
  C:1BD0H         LINE#         96
  C:1BFDH         LINE#         98
  C:1C1FH         LINE#         100
  C:1C57H         LINE#         103
  C:1C57H         LINE#         104
  C:1C65H         LINE#         105
  -------         ENDPROC       SUNPOS
  -------         ENDMOD        SUNPOS

  -------         MODULE        ADC
  C:0000H         SYMBOL        _ICE_DUMMY_
  D:0092H         PUBLIC        P1M0
  D:0091H         PUBLIC        P1M1
  D:0080H         PUBLIC        P0
  D:0090H         PUBLIC        P1
  D:00A0H         PUBLIC        P2
  D:00B0H         PUBLIC        P3
  D:00C0H         PUBLIC        P4
  D:00C8H         PUBLIC        P5
  D:00E8H         PUBLIC        P6
  D:00F8H         PUBLIC        P7
  D:00A8H         PUBLIC        IE
  D:00BDH         PUBLIC        ADC_RES
  D:00B8H         PUBLIC        IP
  D:0097H         PUBLIC        CLK_DIV
  D:00D8H         PUBLIC        CCON
  D:00BCH         PUBLIC        ADC_CONTR
  D:0098H         PUBLIC        SCON
  D:0088H         PUBLIC        TCON
  B:00A0H.4       PUBLIC        P24
  B:00A0H.5       PUBLIC        P25
  B:00A0H.6       PUBLIC        P26
  C:4244H         PUBLIC        ADC_Init
  C:410FH         PUBLIC        _ADC_GetResult
  D:009DH         PUBLIC        P1ASF
  D:00BEH         PUBLIC        ADC_RESL
  D:00D0H         PUBLIC        PSW
  -------         PROC          ADC_INIT
  C:4244H         LINE#         7
  C:4244H         LINE#         8
  C:4244H         LINE#         10
  C:4246H         LINE#         11
  C:4248H         LINE#         12
BL51 BANKED LINKER/LOCATER V6.22                                                      02/25/2019  17:57:14  PAGE 31


  C:424AH         LINE#         13
  C:424DH         LINE#         14
  C:4250H         LINE#         15
  C:4253H         LINE#         16
  C:4256H         LINE#         18
  C:4258H         LINE#         19
  C:425AH         LINE#         20
  C:425DH         LINE#         22
  -------         ENDPROC       ADC_INIT
  -------         PROC          _ADC_GETRESULT
  D:0007H         SYMBOL        ch
  -------         DO            
  D:0006H         SYMBOL        ADC_Value_H
  D:0004H         SYMBOL        ADC_Value_L
  D:0006H         SYMBOL        ADC_Value
  -------         ENDDO         
  C:410FH         LINE#         27
  C:410FH         LINE#         28
  C:410FH         LINE#         30
  C:4114H         LINE#         31
  C:4115H         LINE#         32
  C:4116H         LINE#         33
  C:4117H         LINE#         34
  C:4118H         LINE#         35
  C:411DH         LINE#         36
  C:4120H         LINE#         37
  C:4124H         LINE#         38
  C:4128H         LINE#         40
  C:413AH         LINE#         41
  C:413AH         LINE#         42
  -------         ENDPROC       _ADC_GETRESULT
  -------         ENDMOD        ADC

  -------         MODULE        CALIBRATION
  C:0000H         SYMBOL        _ICE_DUMMY_
  D:0080H         PUBLIC        P0
  D:0090H         PUBLIC        P1
  D:00A0H         PUBLIC        P2
  D:00B0H         PUBLIC        P3
  D:00C0H         PUBLIC        P4
  D:00C8H         PUBLIC        P5
  D:00E8H         PUBLIC        P6
  D:00F8H         PUBLIC        P7
  C:3B24H         PUBLIC        _Max_Value
  D:00A8H         PUBLIC        IE
  C:31ACH         PUBLIC        _calibration
  C:37D2H         PUBLIC        voltage_is_stable
  D:00B8H         PUBLIC        IP
  D:00D8H         PUBLIC        CCON
  D:0098H         PUBLIC        SCON
  D:0088H         PUBLIC        TCON
  C:205FH         PUBLIC        _Find_Real_Max
  D:00D0H         PUBLIC        PSW
  -------         PROC          VOLTAGE_IS_STABLE
  -------         DO            
  X:0698H         SYMBOL        sample_voltage
  X:06ACH         SYMBOL        i
BL51 BANKED LINKER/LOCATER V6.22                                                      02/25/2019  17:57:14  PAGE 32


  X:06AEH         SYMBOL        ch
  -------         ENDDO         
  C:37D2H         LINE#         19
  C:37D2H         LINE#         20
  C:37D2H         LINE#         22
  C:37D9H         LINE#         23
  C:37DFH         LINE#         24
  C:37DFH         LINE#         25
  C:3808H         LINE#         26
  C:3827H         LINE#         28
  C:3841H         LINE#         29
  C:3841H         LINE#         30
  C:3874H         LINE#         31
  C:3878H         LINE#         32
  C:3888H         LINE#         33
  C:388CH         LINE#         34
  -------         ENDPROC       VOLTAGE_IS_STABLE
  -------         PROC          _FIND_REAL_MAX
  X:0506H         SYMBOL        current_position
  X:0509H         SYMBOL        max_ADC_value
  X:050CH         SYMBOL        max_ADC_JP_value
  -------         DO            
  X:050FH         SYMBOL        ch
  X:0510H         SYMBOL        calib_step_move
  X:0514H         SYMBOL        voltage_at_scanned_pos
  X:058CH         SYMBOL        max_location
  X:058EH         SYMBOL        i
  -------         ENDDO         
  C:205FH         LINE#         35
  C:206AH         LINE#         36
  C:206AH         LINE#         37
  C:206FH         LINE#         38
  C:2077H         LINE#         42
  C:2090H         LINE#         43
  C:2090H         LINE#         44
  C:20A5H         LINE#         45
  C:20B5H         LINE#         46
  C:20BCH         LINE#         47
  C:20BCH         LINE#         48
  C:20CAH         LINE#         49
  C:20CAH         LINE#         50
  C:20DDH         LINE#         51
  C:2103H         LINE#         52
  C:212CH         LINE#         53
  C:2135H         LINE#         54
  C:2135H         LINE#         55
  C:214DH         LINE#         56
  C:214DH         LINE#         58
  C:2150H         LINE#         60
  C:2150H         LINE#         62
  C:2162H         LINE#         63
  C:2182H         LINE#         66
  C:21A9H         LINE#         68
  C:2205H         LINE#         69
  C:2208H         LINE#         70
  C:2208H         LINE#         74
  C:220DH         LINE#         75
BL51 BANKED LINKER/LOCATER V6.22                                                      02/25/2019  17:57:14  PAGE 33


  C:2212H         LINE#         77
  C:2217H         LINE#         78
  C:221CH         LINE#         79
  C:2221H         LINE#         80
  C:2226H         LINE#         83
  C:225DH         LINE#         84
  C:2262H         LINE#         85
  C:2267H         LINE#         86
  C:226EH         LINE#         87
  C:2290H         LINE#         89
  C:229FH         LINE#         90
  C:229FH         LINE#         91
  C:22B0H         LINE#         92
  C:22D9H         LINE#         94
  C:2303H         LINE#         95
  C:2360H         LINE#         96
  C:2367H         LINE#         97
  C:2367H         LINE#         99
  -------         ENDPROC       _FIND_REAL_MAX
  -------         PROC          _MAX_VALUE
  D:0001H         SYMBOL        input
  -------         DO            
  D:0004H         SYMBOL        max
  X:070DH         SYMBOL        max_location
  X:070FH         SYMBOL        i
  -------         ENDDO         
  C:3B24H         LINE#         102
  C:3B24H         LINE#         103
  C:3B24H         LINE#         104
  C:3B2FH         LINE#         106
  C:3B44H         LINE#         107
  C:3B44H         LINE#         108
  C:3B7AH         LINE#         109
  C:3B97H         LINE#         110
  C:3BA6H         LINE#         111
  C:3BB7H         LINE#         112
  C:3BBFH         LINE#         114
  -------         ENDPROC       _MAX_VALUE
  -------         PROC          _CALIBRATION
  X:067DH         SYMBOL        mnths
  X:067EH         SYMBOL        dys
  X:067FH         SYMBOL        hurs
  X:0680H         SYMBOL        mns
  X:0681H         SYMBOL        sconds
  X:0682H         SYMBOL        currnt_pos
  X:0685H         SYMBOL        max_ADC_Val
  X:0688H         SYMBOL        theorical_max_pos
  X:068BH         SYMBOL        max_ADC_JP_value
  -------         DO            
  X:068EH         SYMBOL        calib_value
  X:0692H         SYMBOL        max_ADC
  X:0694H         SYMBOL        JP_max_pos
  -------         ENDDO         
  C:31ACH         LINE#         116
  C:31B7H         LINE#         119
  C:31B7H         LINE#         120
  C:31C1H         LINE#         121
BL51 BANKED LINKER/LOCATER V6.22                                                      02/25/2019  17:57:14  PAGE 34


  C:31C8H         LINE#         123
  C:31DCH         LINE#         124
  C:31EDH         LINE#         125
  C:31FEH         LINE#         126
  C:3210H         LINE#         128
  C:321AH         LINE#         129
  C:321AH         LINE#         131
  C:3250H         LINE#         132
  C:3276H         LINE#         134
  C:3299H         LINE#         135
  C:32B1H         LINE#         136
  C:32D6H         LINE#         137
  C:32F2H         LINE#         138
  C:3301H         LINE#         139
  C:3301H         LINE#         141
  C:3306H         LINE#         142
  -------         ENDPROC       _CALIBRATION
  -------         ENDMOD        CALIBRATION

  -------         MODULE        IOEXPANDER_PI4IOE5V96248
  C:0000H         SYMBOL        _ICE_DUMMY_
  D:0080H         PUBLIC        P0
  B:00C8H.4       PUBLIC        I2C_SCK
  D:0090H         PUBLIC        P1
  D:00A0H         PUBLIC        P2
  D:00B0H         PUBLIC        P3
  D:00C0H         PUBLIC        P4
  D:00C8H         PUBLIC        P5
  D:00E8H         PUBLIC        P6
  D:00F8H         PUBLIC        P7
  D:00A8H         PUBLIC        IE
  D:00B8H         PUBLIC        IP
[...]
  C:3F12H         LINE#         66
  C:3F14H         LINE#         68
  C:3F14H         LINE#         69
  C:3F16H         LINE#         71
  C:3F16H         LINE#         72
  C:3F16H         LINE#         73
  C:3F16H         LINE#         74
  C:3F19H         LINE#         75
  C:3F1DH         LINE#         78
  C:3F3CH         LINE#         79
  C:3F3EH         LINE#         80
  C:3F41H         LINE#         81
  C:3F48H         LINE#         82
  -------         ENDPROC       AT25SF041_WRITEENABLE
  -------         PROC          _AT25SF041_WRITE
  D:0003H         SYMBOL        opcode
  X:064FH         SYMBOL        addr
  X:0653H         SYMBOL        dat
  -------         DO            
  X:0654H         SYMBOL        i
  -------         ENDDO         
  C:3539H         LINE#         85
  C:353BH         LINE#         86
  C:353BH         LINE#         87
  C:353BH         LINE#         88
  C:353DH         LINE#         89
  C:3540H         LINE#         92
  C:3547H         LINE#         93
  C:3547H         LINE#         94
BL51 BANKED LINKER/LOCATER V6.22                                                      02/25/2019  17:57:14  PAGE 40


  C:3549H         LINE#         95
  C:354CH         LINE#         96
  C:3550H         LINE#         97
  C:3550H         LINE#         98
  C:3552H         LINE#         99
  C:3554H         LINE#         101
  C:3554H         LINE#         102
  C:3556H         LINE#         104
  C:3556H         LINE#         105
  C:3556H         LINE#         106
  C:3556H         LINE#         107
  C:3559H         LINE#         108
  C:355DH         LINE#         111
  C:357CH         LINE#         113
  C:3583H         LINE#         114
  C:3583H         LINE#         115
  C:3585H         LINE#         116
  C:3588H         LINE#         117
  C:35A4H         LINE#         118
  C:35A4H         LINE#         119
  C:35A6H         LINE#         120
  C:35A8H         LINE#         122
  C:35A8H         LINE#         123
  C:35AAH         LINE#         125
  C:35AAH         LINE#         126
  C:35AAH         LINE#         127
  C:35AAH         LINE#         128
  C:35ADH         LINE#         129
  C:35C6H         LINE#         131
  C:35E5H         LINE#         133
  C:35ECH         LINE#         134
  C:35ECH         LINE#         135
  C:35EEH         LINE#         136
  C:35F1H         LINE#         137
  C:35F8H         LINE#         138
  C:35F8H         LINE#         139
  C:35FAH         LINE#         140
  C:35FCH         LINE#         142
  C:35FCH         LINE#         143
  C:35FEH         LINE#         145
  C:35FEH         LINE#         146
  C:35FEH         LINE#         147
  C:35FEH         LINE#         148
  C:3601H         LINE#         149
  C:3608H         LINE#         151
  C:3627H         LINE#         153
  C:3629H         LINE#         154
  C:362CH         LINE#         155
  C:3633H         LINE#         157
  -------         ENDPROC       _AT25SF041_WRITE
  -------         PROC          _AT25SF041_READ
  D:0003H         SYMBOL        opcode
  X:06E7H         SYMBOL        addr
  -------         DO            
  X:06EBH         SYMBOL        dat
  X:06ECH         SYMBOL        i
  -------         ENDDO         
BL51 BANKED LINKER/LOCATER V6.22                                                      02/25/2019  17:57:14  PAGE 41


  C:3429H         LINE#         159
  C:342BH         LINE#         160
  C:342BH         LINE#         161
  C:3430H         LINE#         163
  C:3432H         LINE#         164
  C:3438H         LINE#         168
  C:343DH         LINE#         169
  C:343DH         LINE#         170
  C:343FH         LINE#         171
  C:3442H         LINE#         172
  C:3446H         LINE#         173
  C:3446H         LINE#         174
  C:3448H         LINE#         175
  C:344AH         LINE#         177
  C:344AH         LINE#         178
  C:344CH         LINE#         180
  C:344CH         LINE#         181
  C:344CH         LINE#         182
  C:344CH         LINE#         183
  C:344FH         LINE#         184
  C:3453H         LINE#         187
  C:3472H         LINE#         189
  C:3479H         LINE#         190
  C:3479H         LINE#         191
  C:347BH         LINE#         192
  C:347EH         LINE#         193
  C:349AH         LINE#         194
  C:349AH         LINE#         195
  C:349CH         LINE#         196
  C:349EH         LINE#         198
  C:349EH         LINE#         199
  C:34A0H         LINE#         201
  C:34A0H         LINE#         202
  C:34A0H         LINE#         203
  C:34A0H         LINE#         204
  C:34A3H         LINE#         205
  C:34BCH         LINE#         207
  C:34DBH         LINE#         210
  C:34E2H         LINE#         212
  C:34E4H         LINE#         213
  C:34EBH         LINE#         215
  C:34F2H         LINE#         216
  C:34F2H         LINE#         217
  C:34F9H         LINE#         218
  C:34F9H         LINE#         219
  C:34FCH         LINE#         220
  C:34FEH         LINE#         221
  C:3501H         LINE#         223
  C:3504H         LINE#         224
  C:3504H         LINE#         226
  C:3508H         LINE#         227
  C:3508H         LINE#         233
  C:3527H         LINE#         236
  C:3529H         LINE#         237
  C:352CH         LINE#         238
  C:3533H         LINE#         240
  C:3538H         LINE#         242
BL51 BANKED LINKER/LOCATER V6.22                                                      02/25/2019  17:57:14  PAGE 42


  -------         ENDPROC       _AT25SF041_READ
  -------         PROC          UCREAD_STATUS_REGISTER_BYTE1
  -------         DO            
  D:0003H         SYMBOL        dat
  D:0001H         SYMBOL        opcode
  X:0656H         SYMBOL        count
  X:0657H         SYMBOL        i
  -------         ENDDO         
  C:39E6H         LINE#         246
  C:39E6H         LINE#         247
  C:39E6H         LINE#         248
  C:39ECH         LINE#         249
  C:39F0H         LINE#         250
  C:39F2H         LINE#         251
  C:39F4H         LINE#         252
  C:39FAH         LINE#         256
  C:3A01H         LINE#         257
  C:3A01H         LINE#         258
  C:3A03H         LINE#         259
  C:3A06H         LINE#         260
  C:3A0AH         LINE#         261
  C:3A0AH         LINE#         262
  C:3A0CH         LINE#         263
  C:3A0EH         LINE#         265
  C:3A0EH         LINE#         266
  C:3A10H         LINE#         268
  C:3A10H         LINE#         269
  C:3A10H         LINE#         270
  C:3A10H         LINE#         271
  C:3A13H         LINE#         272
  C:3A17H         LINE#         275
  C:3A36H         LINE#         279
  C:3A3DH         LINE#         281
  C:3A3FH         LINE#         282
  C:3A46H         LINE#         283
  C:3A4DH         LINE#         284
  C:3A4DH         LINE#         285
  C:3A51H         LINE#         286
  C:3A51H         LINE#         287
  C:3A54H         LINE#         288
  C:3A56H         LINE#         289
  C:3A59H         LINE#         291
  C:3A5CH         LINE#         292
  C:3A5CH         LINE#         294
  C:3A60H         LINE#         295
  C:3A60H         LINE#         297
  C:3A7FH         LINE#         301
  C:3A81H         LINE#         302
  C:3A84H         LINE#         303
  C:3A86H         LINE#         304
  -------         ENDPROC       UCREAD_STATUS_REGISTER_BYTE1
  -------         ENDMOD        AT25SF041

  -------         MODULE        ?C_STARTUP
  C:3C55H         SEGMENT       ?C_C51STARTUP
  I:0022H         SEGMENT       ?STACK
  C:0000H         PUBLIC        ?C_STARTUP
BL51 BANKED LINKER/LOCATER V6.22                                                      02/25/2019  17:57:14  PAGE 43


  D:00E0H         SYMBOL        ACC
  D:00F0H         SYMBOL        B
  D:0083H         SYMBOL        DPH
  D:0082H         SYMBOL        DPL
  N:0000H         SYMBOL        IBPSTACK
  N:0100H         SYMBOL        IBPSTACKTOP
  N:0080H         SYMBOL        IDATALEN
  C:3C58H         SYMBOL        IDATALOOP
  N:0000H         SYMBOL        PBPSTACK
  N:0100H         SYMBOL        PBPSTACKTOP
  N:0000H         SYMBOL        PDATALEN
  N:0000H         SYMBOL        PDATASTART
  N:0000H         SYMBOL        PPAGE
  N:0000H         SYMBOL        PPAGEENABLE
  D:00A0H         SYMBOL        PPAGE_SFR
  D:0081H         SYMBOL        SP
  C:3C55H         SYMBOL        STARTUP1
  N:0000H         SYMBOL        XBPSTACK
  N:0000H         SYMBOL        XBPSTACKTOP
  N:0000H         SYMBOL        XDATALEN
  N:0000H         SYMBOL        XDATASTART
  C:0000H         LINE#         126
  C:3C55H         LINE#         133
  C:3C57H         LINE#         134
  C:3C58H         LINE#         135
  C:3C59H         LINE#         136
  C:3C5BH         LINE#         185
  C:3C5EH         LINE#         196
  -------         ENDMOD        ?C_STARTUP

  -------         MODULE        ?C?FPADD
  C:0B15H         PUBLIC        ?C?FPADD
  C:0B11H         PUBLIC        ?C?FPSUB
  -------         ENDMOD        ?C?FPADD

  -------         MODULE        ?C?FPMUL
  C:0C06H         PUBLIC        ?C?FPMUL
  -------         ENDMOD        ?C?FPMUL

  -------         MODULE        ?C?FPDIV
  C:0D0FH         PUBLIC        ?C?FPDIV
  -------         ENDMOD        ?C?FPDIV

  -------         MODULE        ?C?FPCMP
  C:0DAEH         PUBLIC        ?C?FPCMP
  C:0DACH         PUBLIC        ?C?FPCMP3
  -------         ENDMOD        ?C?FPCMP

  -------         MODULE        ?C?FPNEG
  C:0E25H         PUBLIC        ?C?FPNEG
  -------         ENDMOD        ?C?FPNEG

  -------         MODULE        ?C?FCAST
  C:0E40H         PUBLIC        ?C?FCASTC
  C:0E3BH         PUBLIC        ?C?FCASTI
  C:0E36H         PUBLIC        ?C?FCASTL
  -------         ENDMOD        ?C?FCAST
BL51 BANKED LINKER/LOCATER V6.22                                                      02/25/2019  17:57:14  PAGE 44



  -------         MODULE        ?C?CASTF
  C:0E74H         PUBLIC        ?C?CASTF
  -------         ENDMOD        ?C?CASTF

  -------         MODULE        ATAN2
  X:06EEH         PUBLIC        ?_atan2?BYTE
  C:3A87H         PUBLIC        _atan2
  -------         ENDMOD        ATAN2

  -------         MODULE        SIN
  C:2EFAH         PUBLIC        _COS
  C:2F10H         PUBLIC        _SIN
  C:2F4CH         PUBLIC        _TAN
  -------         ENDMOD        SIN

  -------         MODULE        ACOS
  C:3F93H         PUBLIC        _ACOS
  -------         ENDMOD        ACOS

  -------         MODULE        ASIN
  C:40A1H         PUBLIC        _ASIN
  -------         ENDMOD        ASIN

  -------         MODULE        SQRT
  C:393EH         PUBLIC        _SQRT
  -------         ENDMOD        SQRT

  -------         MODULE        ATAN
  C:3327H         PUBLIC        _ATAN
  -------         ENDMOD        ATAN

  -------         MODULE        ?C?COPY
  C:1012H         PUBLIC        ?C?COPY
  -------         ENDMOD        ?C?COPY

  -------         MODULE        ?C?CLDPTR
  C:1038H         PUBLIC        ?C?CLDPTR
  -------         ENDMOD        ?C?CLDPTR

  -------         MODULE        ?C?CLDOPTR
  C:1051H         PUBLIC        ?C?CLDOPTR
  -------         ENDMOD        ?C?CLDOPTR

  -------         MODULE        ?C?CSTPTR
  C:107EH         PUBLIC        ?C?CSTPTR
  -------         ENDMOD        ?C?CSTPTR

  -------         MODULE        ?C?IMUL
  C:1090H         PUBLIC        ?C?IMUL
  -------         ENDMOD        ?C?IMUL

  -------         MODULE        ?C?UIDIV
  C:10A2H         PUBLIC        ?C?UIDIV
  -------         ENDMOD        ?C?UIDIV

  -------         MODULE        ?C?SIDIV
BL51 BANKED LINKER/LOCATER V6.22                                                      02/25/2019  17:57:14  PAGE 45


  C:10F7H         PUBLIC        ?C?SIDIV
  -------         ENDMOD        ?C?SIDIV

  -------         MODULE        ?C?ILDIX
  C:112DH         PUBLIC        ?C?ILDIX
  -------         ENDMOD        ?C?ILDIX

  -------         MODULE        ?C?ILDOPTR
  C:1143H         PUBLIC        ?C?ILDOPTR
  -------         ENDMOD        ?C?ILDOPTR

  -------         MODULE        ?C?ISTPTR
  C:117BH         PUBLIC        ?C?ISTPTR
  -------         ENDMOD        ?C?ISTPTR

  -------         MODULE        ?C?LMUL
  C:119AH         PUBLIC        ?C?LMUL
  -------         ENDMOD        ?C?LMUL

  -------         MODULE        ?C?SLDIV
  C:3FDDH         PUBLIC        ?C?SLDIV
  -------         ENDMOD        ?C?SLDIV

  -------         MODULE        ?C?LNEG
  C:11E9H         PUBLIC        ?C?LNEG
  -------         ENDMOD        ?C?LNEG

  -------         MODULE        ?C?ULCMP
  C:11F7H         PUBLIC        ?C?ULCMP
  -------         ENDMOD        ?C?ULCMP

  -------         MODULE        ?C?LSHL
  C:1208H         PUBLIC        ?C?LSHL
  -------         ENDMOD        ?C?LSHL

  -------         MODULE        ?C?LLDPTR
  C:121BH         PUBLIC        ?C?LLDPTR
  -------         ENDMOD        ?C?LLDPTR

  -------         MODULE        ?C?LLDOPTR
  C:123BH         PUBLIC        ?C?LLDOPTR
  -------         ENDMOD        ?C?LLDOPTR

  -------         MODULE        ?C?LSTPTR
  C:126BH         PUBLIC        ?C?LSTPTR
  -------         ENDMOD        ?C?LSTPTR

  -------         MODULE        ?C?LSTOPTR
  C:1285H         PUBLIC        ?C?LSTOPTR
  -------         ENDMOD        ?C?LSTOPTR

  -------         MODULE        ?C?LLDXDATA
  C:12A9H         PUBLIC        ?C?LLDXDATA
  -------         ENDMOD        ?C?LLDXDATA

  -------         MODULE        ?C?LLDCODE
  C:12B5H         PUBLIC        ?C?LLDCODE
BL51 BANKED LINKER/LOCATER V6.22                                                      02/25/2019  17:57:14  PAGE 46


  -------         ENDMOD        ?C?LLDCODE

  -------         MODULE        ?C?LLDXDATA0
  C:12C5H         PUBLIC        ?C?LLDXDATA0
  -------         ENDMOD        ?C?LLDXDATA0

  -------         MODULE        ?C?LLDCODE0
  C:12D1H         PUBLIC        ?C?LLDCODE0
  -------         ENDMOD        ?C?LLDCODE0

  -------         MODULE        ?C?LLDPTR0
  C:12E1H         PUBLIC        ?C?LLDPTR0
  -------         ENDMOD        ?C?LLDPTR0

  -------         MODULE        ?C?LSTXDATA
  C:1301H         PUBLIC        ?C?LSTXDATA
  -------         ENDMOD        ?C?LSTXDATA

  -------         MODULE        ?C?LSTKXDATA
  C:130DH         PUBLIC        ?C?LSTKXDATA
  -------         ENDMOD        ?C?LSTKXDATA

  -------         MODULE        ?C?LSTKPTR
  C:133EH         PUBLIC        ?C?LSTKPTR
  -------         ENDMOD        ?C?LSTKPTR

  -------         MODULE        ?C?OFFXADD
  C:1358H         PUBLIC        ?C?OFFXADD
  -------         ENDMOD        ?C?OFFXADD

  -------         MODULE        ABS
  C:43C9H         PUBLIC        _ABS
  -------         ENDMOD        ABS

  -------         MODULE        ATOI
  C:3634H         PUBLIC        _atoi
  -------         ENDMOD        ATOI

  -------         MODULE        ?C?IILDX
  C:1364H         PUBLIC        ?C?IILDX
  -------         ENDMOD        ?C?IILDX

  -------         MODULE        ?C?ULDIV
  C:13B6H         PUBLIC        ?C?ULDIV
  -------         ENDMOD        ?C?ULDIV

  -------         MODULE        ?C?LLDIDATA
  C:1448H         PUBLIC        ?C?LLDIDATA
  -------         ENDMOD        ?C?LLDIDATA

  -------         MODULE        ?C?LLDPDATA
  C:1454H         PUBLIC        ?C?LLDPDATA
  -------         ENDMOD        ?C?LLDPDATA

  -------         MODULE        ?C?LLDIDATA0
  C:1460H         PUBLIC        ?C?LLDIDATA0
  -------         ENDMOD        ?C?LLDIDATA0
BL51 BANKED LINKER/LOCATER V6.22                                                      02/25/2019  17:57:14  PAGE 47



  -------         MODULE        ?C?LLDPDATA0
  C:146DH         PUBLIC        ?C?LLDPDATA0
  -------         ENDMOD        ?C?LLDPDATA0

  -------         MODULE        ?C?LSTIDATA
  C:147AH         PUBLIC        ?C?LSTIDATA
  -------         ENDMOD        ?C?LSTIDATA

  -------         MODULE        ?C?LSTPDATA
  C:1486H         PUBLIC        ?C?LSTPDATA
  -------         ENDMOD        ?C?LSTPDATA

  -------         MODULE        ?C?LSTKIDATA
  C:1492H         PUBLIC        ?C?LSTKIDATA
  -------         ENDMOD        ?C?LSTKIDATA

  -------         MODULE        ?C?LSTKPDATA
  C:14ABH         PUBLIC        ?C?LSTKPDATA
  -------         ENDMOD        ?C?LSTKPDATA

  -------         MODULE        ISDIGIT
  C:43A1H         PUBLIC        _isdigit
  -------         ENDMOD        ISDIGIT

  -------         MODULE        ISSPACE
  C:433CH         PUBLIC        _isspace
  -------         ENDMOD        ISSPACE

*** WARNING L16: UNCALLED SEGMENT, IGNORED FOR OVERLAY PROCESS
    SEGMENT: ?PR?_DISPLAY_PROX?MAIN

*** WARNING L16: UNCALLED SEGMENT, IGNORED FOR OVERLAY PROCESS
    SEGMENT: ?PR?_READ_TIME?PCF85063BTL

*** WARNING L16: UNCALLED SEGMENT, IGNORED FOR OVERLAY PROCESS
    SEGMENT: ?PR?_DAY_OF_YEAR?PCF85063BTL

*** WARNING L16: UNCALLED SEGMENT, IGNORED FOR OVERLAY PROCESS
    SEGMENT: ?PR?INITUART1?UART1

*** WARNING L16: UNCALLED SEGMENT, IGNORED FOR OVERLAY PROCESS
    SEGMENT: ?PR?_SENDSTRING?UART1

*** WARNING L16: UNCALLED SEGMENT, IGNORED FOR OVERLAY PROCESS
    SEGMENT: ?PR?_TEN?UART1

*** WARNING L16: UNCALLED SEGMENT, IGNORED FOR OVERLAY PROCESS
    SEGMENT: ?PR?_UNIT?UART1

*** WARNING L16: UNCALLED SEGMENT, IGNORED FOR OVERLAY PROCESS
    SEGMENT: ?PR?_DECTOBCD?UART1

*** WARNING L16: UNCALLED SEGMENT, IGNORED FOR OVERLAY PROCESS
    SEGMENT: ?PR?_ASCII_LETTER?UART1

*** WARNING L16: UNCALLED SEGMENT, IGNORED FOR OVERLAY PROCESS
BL51 BANKED LINKER/LOCATER V6.22                                                      02/25/2019  17:57:14  PAGE 48


    SEGMENT: ?PR?_ASCIITOBCD?UART1

*** WARNING L16: UNCALLED SEGMENT, IGNORED FOR OVERLAY PROCESS
    SEGMENT: ?PR?_DISPLAYLCD?LCD_DRIVER_SPLC780D

*** WARNING L16: UNCALLED SEGMENT, IGNORED FOR OVERLAY PROCESS
    SEGMENT: ?PR?LCD_RETURN_HOME?LCD_DRIVER_SPLC780D

*** WARNING L16: UNCALLED SEGMENT, IGNORED FOR OVERLAY PROCESS
    SEGMENT: ?PR?KEY_PROCESS?KEYPAD

*** WARNING L16: UNCALLED SEGMENT, IGNORED FOR OVERLAY PROCESS
    SEGMENT: ?PR?WAIT?BIPOLARMOTOR

*** WARNING L16: UNCALLED SEGMENT, IGNORED FOR OVERLAY PROCESS
    SEGMENT: ?PR?_FINDDET4X4?BIPOLARMOTOR

*** WARNING L16: UNCALLED SEGMENT, IGNORED FOR OVERLAY PROCESS
    SEGMENT: ?PR?_CALIBRATION?CALIBRATION

*** WARNING L16: UNCALLED SEGMENT, IGNORED FOR OVERLAY PROCESS
    SEGMENT: ?PR?NOP?IOEXPANDER_PI4IOE5V96248

*** WARNING L16: UNCALLED SEGMENT, IGNORED FOR OVERLAY PROCESS
    SEGMENT: ?PR?UC_ACK?IOEXPANDER_PI4IOE5V96248

*** WARNING L16: UNCALLED SEGMENT, IGNORED FOR OVERLAY PROCESS
    SEGMENT: ?PR?UC_NACK?IOEXPANDER_PI4IOE5V96248

*** WARNING L16: UNCALLED SEGMENT, IGNORED FOR OVERLAY PROCESS
    SEGMENT: ?PR?_AT25SF041_READ?AT25SF041

*** WARNING L1: UNRESOLVED EXTERNAL SYMBOL
    SYMBOL:  AUTO_MODE
    MODULE:  .\Obj\main.obj (MAIN)

*** WARNING L2: REFERENCE MADE TO UNRESOLVED EXTERNAL
    SYMBOL:  AUTO_MODE
    MODULE:  .\Obj\main.obj (MAIN)
    ADDRESS: 28F5H

*** WARNING L1: UNRESOLVED EXTERNAL SYMBOL
    SYMBOL:  _SENDUART1
    MODULE:  .\Obj\UART1.obj (UART1)

*** WARNING L2: REFERENCE MADE TO UNRESOLVED EXTERNAL
    SYMBOL:  _SENDUART1
    MODULE:  .\Obj\UART1.obj (UART1)
    ADDRESS: 410AH

*** WARNING L1: UNRESOLVED EXTERNAL SYMBOL
    SYMBOL:  AUTO_MODE
    MODULE:  .\Obj\KeyPad.obj (KEYPAD)

*** WARNING L2: REFERENCE MADE TO UNRESOLVED EXTERNAL
    SYMBOL:  AUTO_MODE
    MODULE:  .\Obj\KeyPad.obj (KEYPAD)
BL51 BANKED LINKER/LOCATER V6.22                                                      02/25/2019  17:57:14  PAGE 49


    ADDRESS: 2675H

*** WARNING L2: REFERENCE MADE TO UNRESOLVED EXTERNAL
    SYMBOL:  AUTO_MODE
    MODULE:  .\Obj\KeyPad.obj (KEYPAD)
    ADDRESS: 2680H

*** WARNING L2: REFERENCE MADE TO UNRESOLVED EXTERNAL
    SYMBOL:  AUTO_MODE
    MODULE:  .\Obj\KeyPad.obj (KEYPAD)
    ADDRESS: 2687H

Program Size: data=10.5 xdata=1834 code=17403
LINK/LOCATE RUN COMPLETE.  28 WARNING(S),  0 ERROR(S)
