BL51 BANKED LINKER/LOCATER V6.22                                                        08/16/2019  10:38:47  PAGE 1


BL51 BANKED LINKER/LOCATER V6.22, INVOKED BY:
C:\KEIL_V5\C51\BIN\BL51.EXE .\Obj\main.obj, .\Obj\PCF85063BTL.obj, .\Obj\LCd_Driver_SPLC780D.obj, .\Obj\KeyPad.obj, .\Ob
>> j\BipolarMotor.obj, .\Obj\SunPos.obj, .\Obj\ADC.obj, .\Obj\Calibration.obj, .\Obj\IOExpander_PI4IOE5V96248.obj, .\Obj
>> \AT25SF041.obj, .\Obj\SI1120.obj, .\Obj\UART1.obj, .\Obj\STARTUP.obj TO .\Obj\GPIO_RTC_Test RTX51TINY PRINT (.\Lis\GP
>> IO_RTC_Test.m51) RAMSIZE (256)


MEMORY MODEL: LARGE WITH FLOATING POINT ARITHMETIC


INPUT MODULES INCLUDED:
  .\Obj\main.obj (MAIN)
  .\Obj\PCF85063BTL.obj (PCF85063BTL)
  .\Obj\LCd_Driver_SPLC780D.obj (LCD_DRIVER_SPLC780D)
  .\Obj\KeyPad.obj (KEYPAD)
  .\Obj\BipolarMotor.obj (BIPOLARMOTOR)
  .\Obj\SunPos.obj (SUNPOS)
  .\Obj\ADC.obj (ADC)
  .\Obj\Calibration.obj (CALIBRATION)
  .\Obj\IOExpander_PI4IOE5V96248.obj (IOEXPANDER_PI4IOE5V96248)
  .\Obj\AT25SF041.obj (AT25SF041)
  .\Obj\SI1120.obj (SI1120)
  .\Obj\UART1.obj (UART1)
  .\Obj\STARTUP.obj (?C_STARTUP)
  C:\KEIL_V5\C51\LIB\C51FPL.LIB (?C?FPADD)
  C:\KEIL_V5\C51\LIB\C51FPL.LIB (?C?FPMUL)
  C:\KEIL_V5\C51\LIB\C51FPL.LIB (?C?FPDIV)
  C:\KEIL_V5\C51\LIB\C51FPL.LIB (?C?FPCMP)
  C:\KEIL_V5\C51\LIB\C51FPL.LIB (?C?FPNEG)
  C:\KEIL_V5\C51\LIB\C51FPL.LIB (?C?FCAST)
  C:\KEIL_V5\C51\LIB\C51FPL.LIB (?C?CASTF)
  C:\KEIL_V5\C51\LIB\C51FPL.LIB (PRINTF)
  C:\KEIL_V5\C51\LIB\C51FPL.LIB (FABS)
  C:\KEIL_V5\C51\LIB\C51FPL.LIB (ATAN2)
  C:\KEIL_V5\C51\LIB\C51FPL.LIB (SIN)
  C:\KEIL_V5\C51\LIB\C51FPL.LIB (ACOS)
  C:\KEIL_V5\C51\LIB\C51FPL.LIB (ASIN)
  C:\KEIL_V5\C51\LIB\C51FPL.LIB (POW)
  C:\KEIL_V5\C51\LIB\C51FPL.LIB (?C?FPGETOPN)
  C:\KEIL_V5\C51\LIB\C51FPL.LIB (?C?CHKFLOAT)
  C:\KEIL_V5\C51\LIB\C51FPL.LIB (?C?FPROUND)
  C:\KEIL_V5\C51\LIB\C51FPL.LIB (?C?FPCONVERT)
  C:\KEIL_V5\C51\LIB\C51FPL.LIB (?C?FPSERIES)
  C:\KEIL_V5\C51\LIB\C51FPL.LIB (EXP)
  C:\KEIL_V5\C51\LIB\C51FPL.LIB (LOG)
  C:\KEIL_V5\C51\LIB\C51FPL.LIB (SQRT)
  C:\KEIL_V5\C51\LIB\C51FPL.LIB (ATAN)
  C:\KEIL_V5\C51\LIB\C51FPL.LIB (?C?FTNPWR)
  C:\KEIL_V5\C51\LIB\C51L.LIB (?C_INIT)
  C:\KEIL_V5\C51\LIB\C51L.LIB (?C?COPY)
  C:\KEIL_V5\C51\LIB\C51L.LIB (?C?CLDPTR)
  C:\KEIL_V5\C51\LIB\C51L.LIB (?C?CLDOPTR)
  C:\KEIL_V5\C51\LIB\C51L.LIB (?C?CSTPTR)
  C:\KEIL_V5\C51\LIB\C51L.LIB (?C?IMUL)
  C:\KEIL_V5\C51\LIB\C51L.LIB (?C?UIDIV)
  C:\KEIL_V5\C51\LIB\C51L.LIB (?C?SIDIV)
  C:\KEIL_V5\C51\LIB\C51L.LIB (?C?ILDIX)
  C:\KEIL_V5\C51\LIB\C51L.LIB (?C?ILDOPTR)
BL51 BANKED LINKER/LOCATER V6.22                                                      08/16/2019  10:38:47  PAGE 2


  C:\KEIL_V5\C51\LIB\C51L.LIB (?C?ISTPTR)
  C:\KEIL_V5\C51\LIB\C51L.LIB (?C?LMUL)
  C:\KEIL_V5\C51\LIB\C51L.LIB (?C?SLDIV)
  C:\KEIL_V5\C51\LIB\C51L.LIB (?C?LNEG)
  C:\KEIL_V5\C51\LIB\C51L.LIB (?C?ULCMP)
  C:\KEIL_V5\C51\LIB\C51L.LIB (?C?LSHL)
  C:\KEIL_V5\C51\LIB\C51L.LIB (?C?LLDPTR)
  C:\KEIL_V5\C51\LIB\C51L.LIB (?C?LLDOPTR)
  C:\KEIL_V5\C51\LIB\C51L.LIB (?C?LSTPTR)
  C:\KEIL_V5\C51\LIB\C51L.LIB (?C?LSTOPTR)
  C:\KEIL_V5\C51\LIB\C51L.LIB (?C?LLDXDATA)
  C:\KEIL_V5\C51\LIB\C51L.LIB (?C?LLDCODE)
  C:\KEIL_V5\C51\LIB\C51L.LIB (?C?LLDXDATA0)
  C:\KEIL_V5\C51\LIB\C51L.LIB (?C?LLDCODE0)
  C:\KEIL_V5\C51\LIB\C51L.LIB (?C?LLDPTR0)
  C:\KEIL_V5\C51\LIB\C51L.LIB (?C?LSTXDATA)
  C:\KEIL_V5\C51\LIB\C51L.LIB (?C?LSTKXDATA)
  C:\KEIL_V5\C51\LIB\C51L.LIB (?C?LSTKPTR)
  C:\KEIL_V5\C51\LIB\C51L.LIB (?C?OFFXADD)
  C:\KEIL_V5\C51\LIB\C51L.LIB (?C?PLDIXDATA)
  C:\KEIL_V5\C51\LIB\C51L.LIB (?C?PSTXDATA)
  C:\KEIL_V5\C51\LIB\C51L.LIB (?C?CCASE)
  C:\KEIL_V5\C51\LIB\C51L.LIB (PUTCHAR)
  C:\KEIL_V5\C51\LIB\C51L.LIB (ABS)
  C:\KEIL_V5\C51\LIB\C51L.LIB (ATOI)
  C:\KEIL_V5\C51\LIB\C51L.LIB (?C?IILDX)
  C:\KEIL_V5\C51\LIB\C51L.LIB (?C?ULDIV)
  C:\KEIL_V5\C51\LIB\C51L.LIB (?C?LLDIDATA)
  C:\KEIL_V5\C51\LIB\C51L.LIB (?C?LLDPDATA)
  C:\KEIL_V5\C51\LIB\C51L.LIB (?C?LLDIDATA0)
  C:\KEIL_V5\C51\LIB\C51L.LIB (?C?LLDPDATA0)
  C:\KEIL_V5\C51\LIB\C51L.LIB (?C?LSTIDATA)
  C:\KEIL_V5\C51\LIB\C51L.LIB (?C?LSTPDATA)
  C:\KEIL_V5\C51\LIB\C51L.LIB (?C?LSTKIDATA)
  C:\KEIL_V5\C51\LIB\C51L.LIB (?C?LSTKPDATA)
  C:\KEIL_V5\C51\LIB\C51L.LIB (ISDIGIT)
  C:\KEIL_V5\C51\LIB\C51L.LIB (ISSPACE)


LINK MAP OF MODULE:  .\Obj\GPIO_RTC_Test (MAIN)


            TYPE    BASE      LENGTH    RELOCATION   SEGMENT NAME
            -----------------------------------------------------

            * * * * * * *   D A T A   M E M O R Y   * * * * * * *
            REG     0000H     0008H     ABSOLUTE     "REG BANK 0"
            DATA    0008H     0005H     UNIT         _DATA_GROUP_
                    000DH     0013H                  *** GAP ***
            BIT     0020H.0   0001H.2   UNIT         _BIT_GROUP_
            BIT     0021H.2   0000H.1   UNIT         ?BI?MAIN
            BIT     0021H.3   0000H.1   UNIT         ?BI?_ATOI?ATOI
                    0021H.4   0000H.4                *** GAP ***
            IDATA   0022H     0001H     UNIT         ?STACK

            * * * * * * *  X D A T A   M E M O R Y  * * * * * * *
            XDATA   0000H     03BCH     UNIT         ?XD?BIPOLARMOTOR
BL51 BANKED LINKER/LOCATER V6.22                                                      08/16/2019  10:38:47  PAGE 3


            XDATA   03BCH     015DH     UNIT         _XDATA_GROUP_
            XDATA   0519H     011DH     UNIT         ?XD?MAIN
            XDATA   0636H     0019H     UNIT         ?XD?KEYPAD
            XDATA   064FH     0005H     UNIT         ?XD?_ATOI?ATOI
            XDATA   0654H     0001H     UNIT         ?XD?UC_ACK?IOEXPANDER_PI4IOE5V96248
            XDATA   0655H     0001H     UNIT         ?XD?UC_NACK?IOEXPANDER_PI4IOE5V96248

            * * * * * * *   C O D E   M E M O R Y   * * * * * * *
            CODE    0000H     0003H     ABSOLUTE     
            CODE    0003H     0003H     ABSOLUTE     
            CODE    0006H     0005H     UNIT         ?PR?_UNIT?UART1
            CODE    000BH     0003H     ABSOLUTE     
            CODE    000EH     000DH     UNIT         ?PR?UART?MAIN
            CODE    001BH     0003H     ABSOLUTE     
            CODE    001EH     0005H     UNIT         ?PR?_ASCII_LETTER?UART1
            CODE    0023H     0003H     ABSOLUTE     
            CODE    0026H     1E4CH     UNIT         ?PR?MAIN?MAIN
            CODE    1E72H     0BC8H     UNIT         ?C?LIB_CODE
            CODE    2A3AH     07A2H     UNIT         ?PR?SUNPOS?SUNPOS
            CODE    31DCH     06F4H     UNIT         ?PR?_FIND_REAL_MAX?CALIBRATION
            CODE    38D0H     0631H     UNIT         ?PR?_UPDATE_POSITION?BIPOLARMOTOR
            CODE    3F01H     04FBH     UNIT         ?PR?_THEORICALJP_POSITION?BIPOLARMOTOR
            CODE    43FCH     0483H     UNIT         ?PR?PRINTF?PRINTF
            CODE    487FH     041AH     UNIT         ?C_INITSEG
            CODE    4C99H     038CH     UNIT         ?PR?KEY_PROCESS?KEYPAD
            CODE    5025H     0380H     UNIT         ?PR?_ELEVATION_CALCULATION?BIPOLARMOTOR
            CODE    53A5H     01C7H     UNIT         ?PR?_CALIBRATION?CALIBRATION
            CODE    556CH     018DH     UNIT         ?PR?KEY_SCAN?KEYPAD
            CODE    56F9H     0189H     UNIT         ?PR?SPI_NOR_WRITE_DATA?AT25SF041
            CODE    5882H     0188H     UNIT         ?PR?SIN?SIN
            CODE    5A0AH     0166H     UNIT         ?PR?_POW?POW
            CODE    5B70H     0155H     UNIT         ?PR?_DISPLAY_POS?LCD_DRIVER_SPLC780D
            CODE    5CC5H     0129H     UNIT         ?PR?LOG?LOG
            CODE    5DEEH     0122H     UNIT         ?PR?ATAN?ATAN
            CODE    5F10H     0110H     UNIT         ?PR?_AT25SF041_READ?AT25SF041
            CODE    6020H     0102H     UNIT         ?PR?_AT25SF041_WRITE?AT25SF041
            CODE    6122H     00F5H     UNIT         ?PR?EXINT0?MAIN
            CODE    6217H     00DBH     UNIT         ?PR?_ATOI?ATOI
            CODE    62F2H     00C3H     UNIT         ?PR?LINEAR_INTERPOLATE?BIPOLARMOTOR
            CODE    63B5H     00BBH     UNIT         ?PR?VOLTAGE_IS_STABLE?CALIBRATION
            CODE    6470H     00ADH     UNIT         ?PR?_WRITE_PI4IOE5V96248?IOEXPANDER_PI4IOE5V96248
            CODE    651DH     00ACH     UNIT         ?PR?SQRT?SQRT
            CODE    65C9H     00A1H     UNIT         ?PR?UCREAD_STATUS_REGISTER_BYTE1?AT25SF041
            CODE    666AH     009DH     UNIT         ?PR?_ATAN2?ATAN2
            CODE    6707H     009CH     UNIT         ?PR?_MAX_VALUE?CALIBRATION
            CODE    67A3H     009AH     UNIT         ?PR?EXP?EXP
            CODE    683DH     008CH     UNIT         ?C_C51STARTUP
            CODE    68C9H     0088H     UNIT         ?PR?_DAY_OF_YEAR?PCF85063BTL
            CODE    6951H     0079H     UNIT         ?PR?_WRITEDATA?LCD_DRIVER_SPLC780D
            CODE    69CAH     0072H     UNIT         ?PR?AT25SF041_WRITEENABLE?AT25SF041
            CODE    6A3CH     006FH     UNIT         ?PR?_READ_TIME?PCF85063BTL
            CODE    6AABH     005AH     UNIT         ?PR?AT25SF041_CHIPERASE?AT25SF041
            CODE    6B05H     0059H     UNIT         ?PR?LCD_INIT?LCD_DRIVER_SPLC780D
            CODE    6B5EH     0056H     UNIT         ?CO?MAIN
            CODE    6BB4H     004BH     UNIT         ?CO?UART1
            CODE    6BFFH     004AH     UNIT         ?PR?VONESTEPMOVE?BIPOLARMOTOR
            CODE    6C49H     004AH     UNIT         ?PR?ACOS?ACOS
BL51 BANKED LINKER/LOCATER V6.22                                                      08/16/2019  10:38:47  PAGE 4


            CODE    6C93H     0044H     UNIT         ?C?LDIV
            CODE    6CD7H     0040H     UNIT         ?PR?_COMMAND?LCD_DRIVER_SPLC780D
            CODE    6D17H     0040H     UNIT         ?PR?_STEP_MOVE?BIPOLARMOTOR
            CODE    6D57H     003BH     UNIT         ?PR?ASIN?ASIN
            CODE    6D92H     0033H     UNIT         ?PR?_SENDSTRING?UART1
            CODE    6DC5H     0031H     UNIT         ?PR?SI1120_CONFIG_MODE_VIRH?SI1120
            CODE    6DF6H     002BH     UNIT         ?PR?_WAIT_MS_I2C?IOEXPANDER_PI4IOE5V96248
            CODE    6E21H     002BH     UNIT         ?PR?_WAIT_MS_SPINOR?AT25SF041
            CODE    6E4CH     002AH     UNIT         ?PR?_ADC_GETRESULT?ADC
            CODE    6E76H     0028H     UNIT         ?PR?_MOVE?BIPOLARMOTOR
            CODE    6E9EH     0028H     UNIT         ?CO?CALIBRATION
            CODE    6EC6H     0027H     UNIT         ?PR?_I2C_SENDBYTE?IOEXPANDER_PI4IOE5V96248
            CODE    6EEDH     0027H     UNIT         ?PR?PUTCHAR?PUTCHAR
            CODE    6F14H     0025H     UNIT         ?PR?_FINDCLOSESTSAMEDAYCALIBTIME?CALIBRATION
            CODE    6F39H     0024H     UNIT         ?PR?_WAIT_MS?LCD_DRIVER_SPLC780D
            CODE    6F5DH     0024H     UNIT         ?PR?_UART1_SENDTOTCPSERVER?UART1
            CODE    6F81H     0021H     UNIT         ?PR?TM0_ISR?MAIN
            CODE    6FA2H     0020H     UNIT         ?PR?_SPI_SENDBYTE?PCF85063BTL
            CODE    6FC2H     0020H     UNIT         ?PR?SPI_RECEIVEBYTE?PCF85063BTL
            CODE    6FE2H     001EH     UNIT         ?PR?_DELAY_MS?KEYPAD
            CODE    7000H     001DH     UNIT         ?PR?_DISPLAYLCD?LCD_DRIVER_SPLC780D
            CODE    701DH     001BH     UNIT         ?PR?_BCDTODEC1?BIPOLARMOTOR
            CODE    7038H     001AH     UNIT         ?PR?ADC_INIT?ADC
            CODE    7052H     0018H     UNIT         ?PR?_SPI_WRITETIME?PCF85063BTL
            CODE    706AH     0017H     UNIT         ?PR?_ASCIITOBCD?UART1
            CODE    7081H     0016H     UNIT         ?PR?I2C_ACK?IOEXPANDER_PI4IOE5V96248
            CODE    7097H     0015H     UNIT         ?PR?_DISPLAY_LINE?LCD_DRIVER_SPLC780D
            CODE    70ACH     0015H     UNIT         ?PR?VSETLOCATION?BIPOLARMOTOR
            CODE    70C1H     0015H     UNIT         ?PR?I2C_STOP?IOEXPANDER_PI4IOE5V96248
            CODE    70D6H     0014H     UNIT         ?PR?_PCF85063BTL_DELAY?PCF85063BTL
            CODE    70EAH     0014H     UNIT         ?PR?_ISSPACE?ISSPACE
            CODE    70FEH     0011H     UNIT         ?PR?_SPI_READTIME?PCF85063BTL
            CODE    710FH     0011H     UNIT         ?PR?_BCDTODEC?PCF85063BTL
            CODE    7120H     0011H     UNIT         ?PR?INITUART1?UART1
            CODE    7131H     000FH     UNIT         ?PR?I2C_START?IOEXPANDER_PI4IOE5V96248
            CODE    7140H     000FH     UNIT         ?PR?UC_NACK?IOEXPANDER_PI4IOE5V96248
            CODE    714FH     000FH     UNIT         ?PR?_ISDIGIT?ISDIGIT
            CODE    715EH     000DH     UNIT         ?PR?SPI_INIT?PCF85063BTL
            CODE    716BH     000DH     UNIT         ?PR?ENABLE_EXTINT0?SI1120
            CODE    7178H     000DH     UNIT         ?PR?_FABS?FABS
            CODE    7185H     000CH     UNIT         ?PR?KEYPAD_IO_INIT?KEYPAD
            CODE    7191H     000CH     UNIT         ?PR?_ABS?ABS
            CODE    719DH     000AH     UNIT         ?PR?LCD_RETURN_HOME?LCD_DRIVER_SPLC780D
            CODE    71A7H     000AH     UNIT         ?PR?LCD_CLEAR?LCD_DRIVER_SPLC780D
            CODE    71B1H     0009H     UNIT         ?PR?TM1_ISR?MAIN
            CODE    71BAH     0009H     UNIT         ?PR?_SENDUART1?MAIN
            CODE    71C3H     0009H     UNIT         ?PR?UART1_INITTCPCONN?UART1
            CODE    71CCH     0006H     UNIT         ?PR?UC_ACK?IOEXPANDER_PI4IOE5V96248
            CODE    71D2H     0006H     UNIT         ?PR?_TEN?UART1
            CODE    71D8H     0001H     UNIT         ?PR?NOP?IOEXPANDER_PI4IOE5V96248
            CODE    71D9H     0001H     UNIT         ?PR?_DECTOBCD?UART1



OVERLAY MAP OF MODULE:   .\Obj\GPIO_RTC_Test (MAIN)


BL51 BANKED LINKER/LOCATER V6.22                                                      08/16/2019  10:38:47  PAGE 5


SEGMENT                                             BIT_GROUP          DATA_GROUP          XDATA_GROUP
  +--> CALLED SEGMENT                            START    LENGTH     START    LENGTH     START    LENGTH
--------------------------------------------------------------------------------------------------------
?PR?EXINT0?MAIN                                  -----    -----      -----    -----      -----    -----
  +--> ?PR?_POW?POW

?PR?_POW?POW                                     -----    -----      -----    -----      03BCH    000AH
  +--> ?PR?LOG?LOG
  +--> ?PR?EXP?EXP

?PR?LOG?LOG                                      0020H.0  0000H.1    -----    -----      03C6H    0004H

*** NEW ROOT ***************************************************

?C_C51STARTUP                                    -----    -----      -----    -----      -----    -----
  +--> ?PR?MAIN?MAIN
  +--> ?C_INITSEG

?PR?MAIN?MAIN                                    -----    -----      -----    -----      03CAH    002EH
  +--> ?PR?LCD_INIT?LCD_DRIVER_SPLC780D
  +--> ?PR?SPI_INIT?PCF85063BTL
  +--> ?PR?KEYPAD_IO_INIT?KEYPAD
  +--> ?PR?ADC_INIT?ADC
  +--> ?PR?SI1120_CONFIG_MODE_VIRH?SI1120
  +--> ?PR?ENABLE_EXTINT0?SI1120
  +--> ?PR?VSETLOCATION?BIPOLARMOTOR
  +--> ?PR?_SPI_WRITETIME?PCF85063BTL
  +--> ?PR?_DELAY_MS?KEYPAD
  +--> ?PR?_DISPLAY_LINE?LCD_DRIVER_SPLC780D
  +--> ?PR?_WRITEDATA?LCD_DRIVER_SPLC780D
  +--> ?PR?INITUART1?UART1
  +--> ?PR?UART1_INITTCPCONN?UART1
  +--> ?CO?MAIN
  +--> ?PR?_UART1_SENDTOTCPSERVER?UART1
  +--> ?PR?KEY_PROCESS?KEYPAD
  +--> ?PR?_COMMAND?LCD_DRIVER_SPLC780D
  +--> ?PR?_DISPLAY_POS?LCD_DRIVER_SPLC780D
  +--> ?PR?_DISPLAYLCD?LCD_DRIVER_SPLC780D
  +--> ?PR?_STEP_MOVE?BIPOLARMOTOR
  +--> ?PR?LCD_RETURN_HOME?LCD_DRIVER_SPLC780D
  +--> ?PR?_READ_TIME?PCF85063BTL
  +--> ?PR?_BCDTODEC1?BIPOLARMOTOR
  +--> ?PR?_SENDSTRING?UART1
  +--> ?PR?_ELEVATION_CALCULATION?BIPOLARMOTOR
  +--> ?PR?PRINTF?PRINTF
  +--> ?PR?_CALIBRATION?CALIBRATION
  +--> ?PR?_UPDATE_POSITION?BIPOLARMOTOR
  +--> ?PR?_AT25SF041_READ?AT25SF041
  +--> ?PR?_WAIT_MS_SPINOR?AT25SF041
  +--> ?PR?AT25SF041_WRITEENABLE?AT25SF041
  +--> ?PR?_AT25SF041_WRITE?AT25SF041
  +--> ?PR?_ABS?ABS
  +--> ?PR?_FABS?FABS
  +--> ?PR?SPI_NOR_WRITE_DATA?AT25SF041
  +--> ?PR?_WAIT_MS?LCD_DRIVER_SPLC780D
  +--> ?PR?LINEAR_INTERPOLATE?BIPOLARMOTOR
  +--> ?PR?_FINDCLOSESTSAMEDAYCALIBTIME?CALI...
BL51 BANKED LINKER/LOCATER V6.22                                                      08/16/2019  10:38:47  PAGE 6


  +--> ?PR?_ADC_GETRESULT?ADC
  +--> ?PR?LCD_CLEAR?LCD_DRIVER_SPLC780D
  +--> ?PR?AT25SF041_CHIPERASE?AT25SF041

?PR?LCD_INIT?LCD_DRIVER_SPLC780D                 -----    -----      -----    -----      -----    -----
  +--> ?PR?_WAIT_MS?LCD_DRIVER_SPLC780D
  +--> ?PR?_COMMAND?LCD_DRIVER_SPLC780D

?PR?_COMMAND?LCD_DRIVER_SPLC780D                 -----    -----      -----    -----      -----    -----
  +--> ?PR?_WAIT_MS?LCD_DRIVER_SPLC780D

?PR?SI1120_CONFIG_MODE_VIRH?SI1120               -----    -----      -----    -----      -----    -----
  +--> ?PR?_WAIT_MS?LCD_DRIVER_SPLC780D

?PR?_SPI_WRITETIME?PCF85063BTL                   -----    -----      -----    -----      -----    -----
  +--> ?PR?_SPI_SENDBYTE?PCF85063BTL

?PR?_SPI_SENDBYTE?PCF85063BTL                    -----    -----      -----    -----      -----    -----
  +--> ?PR?_PCF85063BTL_DELAY?PCF85063BTL

?PR?_DISPLAY_LINE?LCD_DRIVER_SPLC780D            -----    -----      -----    -----      -----    -----
  +--> ?PR?_COMMAND?LCD_DRIVER_SPLC780D

?PR?_WRITEDATA?LCD_DRIVER_SPLC780D               -----    -----      -----    -----      04F4H    0001H
  +--> ?PR?_WAIT_MS?LCD_DRIVER_SPLC780D

?PR?UART1_INITTCPCONN?UART1                      -----    -----      -----    -----      -----    -----
  +--> ?CO?UART1
  +--> ?PR?_SENDSTRING?UART1

?PR?_SENDSTRING?UART1                            -----    -----      -----    -----      04E9H    0003H
  +--> ?PR?_SENDUART1?MAIN

?PR?_UART1_SENDTOTCPSERVER?UART1                 -----    -----      -----    -----      03F8H    0003H
  +--> ?CO?UART1
  +--> ?PR?_SENDSTRING?UART1
  +--> ?PR?_DELAY_MS?KEYPAD

?PR?KEY_PROCESS?KEYPAD                           -----    -----      -----    -----      03F8H    0006H
  +--> ?PR?KEY_SCAN?KEYPAD
  +--> ?PR?_SPI_WRITETIME?PCF85063BTL
  +--> ?PR?LCD_CLEAR?LCD_DRIVER_SPLC780D
  +--> ?PR?_COMMAND?LCD_DRIVER_SPLC780D
  +--> ?PR?_WRITEDATA?LCD_DRIVER_SPLC780D

?PR?KEY_SCAN?KEYPAD                              -----    -----      -----    -----      03FEH    0003H

?PR?LCD_CLEAR?LCD_DRIVER_SPLC780D                -----    -----      -----    -----      -----    -----
  +--> ?PR?_COMMAND?LCD_DRIVER_SPLC780D

?PR?_DISPLAY_POS?LCD_DRIVER_SPLC780D             -----    -----      -----    -----      04E9H    000BH
  +--> ?PR?_ABS?ABS
  +--> ?PR?_WRITEDATA?LCD_DRIVER_SPLC780D

?PR?_DISPLAYLCD?LCD_DRIVER_SPLC780D              -----    -----      -----    -----      03F8H    0001H
  +--> ?PR?_WRITEDATA?LCD_DRIVER_SPLC780D

BL51 BANKED LINKER/LOCATER V6.22                                                      08/16/2019  10:38:47  PAGE 7


?PR?_STEP_MOVE?BIPOLARMOTOR                      0020H.2  0000H.1    -----    -----      04EDH    0004H
  +--> ?PR?VONESTEPMOVE?BIPOLARMOTOR

?PR?VONESTEPMOVE?BIPOLARMOTOR                    0020H.3  0000H.1    -----    -----      -----    -----
  +--> ?PR?_WRITE_PI4IOE5V96248?IOEXPANDER_P...
  +--> ?PR?_DELAY_MS?KEYPAD

?PR?_WRITE_PI4IOE5V96248?IOEXPANDER_P...         -----    -----      -----    -----      04F1H    0003H
  +--> ?PR?I2C_START?IOEXPANDER_PI4IOE5V96248
  +--> ?PR?_WAIT_MS_I2C?IOEXPANDER_PI4IOE5V9...
  +--> ?PR?_I2C_SENDBYTE?IOEXPANDER_PI4IOE5V...
  +--> ?PR?I2C_ACK?IOEXPANDER_PI4IOE5V96248
  +--> ?PR?I2C_STOP?IOEXPANDER_PI4IOE5V96248

?PR?I2C_START?IOEXPANDER_PI4IOE5V96248           -----    -----      -----    -----      -----    -----
  +--> ?PR?_WAIT_MS_I2C?IOEXPANDER_PI4IOE5V9...

?PR?_I2C_SENDBYTE?IOEXPANDER_PI4IOE5V...         -----    -----      -----    -----      -----    -----
  +--> ?PR?_WAIT_MS_I2C?IOEXPANDER_PI4IOE5V9...

?PR?I2C_ACK?IOEXPANDER_PI4IOE5V96248             -----    -----      -----    -----      04F4H    0001H
  +--> ?PR?_WAIT_MS_I2C?IOEXPANDER_PI4IOE5V9...

?PR?I2C_STOP?IOEXPANDER_PI4IOE5V96248            -----    -----      -----    -----      -----    -----
  +--> ?PR?_WAIT_MS_I2C?IOEXPANDER_PI4IOE5V9...

?PR?LCD_RETURN_HOME?LCD_DRIVER_SPLC780D          -----    -----      -----    -----      -----    -----
  +--> ?PR?_COMMAND?LCD_DRIVER_SPLC780D

?PR?_READ_TIME?PCF85063BTL                       -----    -----      -----    -----      04E9H    000FH
  +--> ?PR?_SPI_READTIME?PCF85063BTL

?PR?_SPI_READTIME?PCF85063BTL                    -----    -----      -----    -----      -----    -----
  +--> ?PR?_SPI_SENDBYTE?PCF85063BTL
  +--> ?PR?SPI_RECEIVEBYTE?PCF85063BTL

?PR?SPI_RECEIVEBYTE?PCF85063BTL                  -----    -----      -----    -----      -----    -----
  +--> ?PR?_PCF85063BTL_DELAY?PCF85063BTL

?PR?_ELEVATION_CALCULATION?BIPOLARMOTOR          -----    -----      -----    -----      03F8H    0005H
  +--> ?PR?_BCDTODEC1?BIPOLARMOTOR
  +--> ?PR?SUNPOS?SUNPOS
  +--> ?PR?SIN?SIN
  +--> ?PR?ASIN?ASIN

?PR?SUNPOS?SUNPOS                                -----    -----      -----    -----      0442H    005DH
  +--> ?PR?SIN?SIN
  +--> ?PR?_ATAN2?ATAN2
  +--> ?PR?ASIN?ASIN
  +--> ?PR?ACOS?ACOS

?PR?SIN?SIN                                      0020H.1  0000H.1    -----    -----      049FH    0004H

?PR?_ATAN2?ATAN2                                 -----    -----      -----    -----      049FH    0008H
  +--> ?PR?ATAN?ATAN

?PR?ATAN?ATAN                                    0020H.1  0000H.2    -----    -----      04A7H    0004H
BL51 BANKED LINKER/LOCATER V6.22                                                      08/16/2019  10:38:47  PAGE 8



?PR?ASIN?ASIN                                    -----    -----      -----    -----      -----    -----
  +--> ?PR?SQRT?SQRT
  +--> ?PR?ATAN?ATAN

?PR?SQRT?SQRT                                    -----    -----      -----    -----      049FH    0004H

?PR?ACOS?ACOS                                    -----    -----      -----    -----      -----    -----
  +--> ?PR?SQRT?SQRT
  +--> ?PR?ATAN?ATAN

?PR?PRINTF?PRINTF                                0020H.1  0001H.1    0008H    0005H      04E9H    0030H
  +--> ?PR?PUTCHAR?PUTCHAR

?PR?_CALIBRATION?CALIBRATION                     -----    -----      -----    -----      03F8H    0024H
  +--> ?PR?VOLTAGE_IS_STABLE?CALIBRATION
  +--> ?PR?_UPDATE_POSITION?BIPOLARMOTOR
  +--> ?PR?_FIND_REAL_MAX?CALIBRATION

?PR?VOLTAGE_IS_STABLE?CALIBRATION                -----    -----      -----    -----      041CH    0018H
  +--> ?PR?_ADC_GETRESULT?ADC
  +--> ?PR?_ABS?ABS

?PR?_UPDATE_POSITION?BIPOLARMOTOR                -----    -----      -----    -----      041CH    0026H
  +--> ?PR?_BCDTODEC1?BIPOLARMOTOR
  +--> ?PR?SUNPOS?SUNPOS
  +--> ?PR?SIN?SIN
  +--> ?PR?ASIN?ASIN
  +--> ?PR?_THEORICALJP_POSITION?BIPOLARMOTOR
  +--> ?PR?_FABS?FABS
  +--> ?PR?_MOVE?BIPOLARMOTOR

?PR?_THEORICALJP_POSITION?BIPOLARMOTOR           -----    -----      -----    -----      0442H    005CH
  +--> ?PR?LINEAR_INTERPOLATE?BIPOLARMOTOR

?PR?LINEAR_INTERPOLATE?BIPOLARMOTOR              -----    -----      -----    -----      049EH    0014H

?PR?_MOVE?BIPOLARMOTOR                           0020H.1  0000H.1    -----    -----      04E9H    0004H
  +--> ?PR?_STEP_MOVE?BIPOLARMOTOR

?PR?_FIND_REAL_MAX?CALIBRATION                   -----    -----      -----    -----      041CH    00CDH
  +--> ?PR?_ADC_GETRESULT?ADC
  +--> ?PR?_WAIT_MS?LCD_DRIVER_SPLC780D
  +--> ?CO?CALIBRATION
  +--> ?PR?PRINTF?PRINTF
  +--> ?PR?_SENDSTRING?UART1
  +--> ?PR?_COMMAND?LCD_DRIVER_SPLC780D
  +--> ?PR?_WRITEDATA?LCD_DRIVER_SPLC780D
  +--> ?PR?_DISPLAY_POS?LCD_DRIVER_SPLC780D
  +--> ?PR?_MOVE?BIPOLARMOTOR
  +--> ?PR?_READ_TIME?PCF85063BTL
  +--> ?PR?_BCDTODEC1?BIPOLARMOTOR
  +--> ?PR?_MAX_VALUE?CALIBRATION

?PR?_MAX_VALUE?CALIBRATION                       -----    -----      -----    -----      04E9H    0004H

?PR?_AT25SF041_READ?AT25SF041                    -----    -----      -----    -----      03F8H    0008H
BL51 BANKED LINKER/LOCATER V6.22                                                      08/16/2019  10:38:47  PAGE 9


  +--> ?PR?_WAIT_MS_SPINOR?AT25SF041
  +--> ?PR?UCREAD_STATUS_REGISTER_BYTE1?AT25...

?PR?UCREAD_STATUS_REGISTER_BYTE1?AT25...         -----    -----      -----    -----      040EH    0003H
  +--> ?PR?_WAIT_MS_SPINOR?AT25SF041

?PR?AT25SF041_WRITEENABLE?AT25SF041              -----    -----      -----    -----      0406H    0002H
  +--> ?PR?_WAIT_MS_SPINOR?AT25SF041
  +--> ?PR?UCREAD_STATUS_REGISTER_BYTE1?AT25...

?PR?_AT25SF041_WRITE?AT25SF041                   -----    -----      -----    -----      0406H    0008H
  +--> ?PR?_WAIT_MS_SPINOR?AT25SF041
  +--> ?PR?UCREAD_STATUS_REGISTER_BYTE1?AT25...

?PR?SPI_NOR_WRITE_DATA?AT25SF041                 -----    -----      -----    -----      03F8H    000EH
  +--> ?PR?AT25SF041_WRITEENABLE?AT25SF041
  +--> ?PR?_AT25SF041_WRITE?AT25SF041
  +--> ?PR?_WAIT_MS_SPINOR?AT25SF041

?PR?AT25SF041_CHIPERASE?AT25SF041                -----    -----      -----    -----      03F8H    0002H
  +--> ?PR?_WAIT_MS_SPINOR?AT25SF041
  +--> ?PR?UCREAD_STATUS_REGISTER_BYTE1?AT25...



SYMBOL TABLE OF MODULE:  .\Obj\GPIO_RTC_Test (MAIN)

  VALUE           TYPE          NAME
  ----------------------------------

  -------         MODULE        MAIN
  C:0000H         SYMBOL        _ICE_DUMMY_
  X:0521H         PUBLIC        calib_value
  D:0080H         PUBLIC        P0
  D:0090H         PUBLIC        P1
  D:00A0H         PUBLIC        P2
  D:00B0H         PUBLIC        P3
  D:00C0H         PUBLIC        P4
  D:00C8H         PUBLIC        P5
  X:0575H         SYMBOL        PressedKey
  B:00A8H.7       PUBLIC        EA
  D:00E8H         PUBLIC        P6
  X:0579H         PUBLIC        calib_stamp
  D:00F8H         PUBLIC        P7
  X:057AH         PUBLIC        sTempString
  X:0583H         PUBLIC        calib_bool
  X:05ADH         PUBLIC        pwm_time_min
  D:00A8H         PUBLIC        IE
  X:05B1H         PUBLIC        calib_time
  X:0605H         PUBLIC        pwm_time_max
  B:0090H.7       PUBLIC        Connect_Electronics_Load
  D:00B8H         PUBLIC        IP
  B:0098H.0       PUBLIC        RI
  B:00B0H.2       PUBLIC        INT0
  X:0609H         PUBLIC        months
  B:0098H.1       PUBLIC        TI
  C:000EH         PUBLIC        Uart
BL51 BANKED LINKER/LOCATER V6.22                                                      08/16/2019  10:38:47  PAGE 10


  D:00D8H         PUBLIC        CCON
  C:0026H         PUBLIC        main
  X:060AH         PUBLIC        found_1st_point
  X:060CH         PUBLIC        i_point1
  X:060EH         PUBLIC        i_point2
  X:0610H         PUBLIC        count
  B:0090H.2       PUBLIC        Connect_IV_Load
  D:0099H         PUBLIC        SBUF
  X:0612H         PUBLIC        days
  X:0613H         PUBLIC        hours
  D:0098H         PUBLIC        SCON
  D:0089H         PUBLIC        TMOD
  D:0088H         PUBLIC        TCON
  B:00A0H.3       PUBLIC        P23
  X:0614H         SYMBOL        KeyCount
  X:0616H         PUBLIC        mins
  B:00C8H.5       PUBLIC        P55
  X:0617H         PUBLIC        diff_of_offset
  D:008EH         PUBLIC        AUXR
  C:6F81H         PUBLIC        tm0_isr
  B:0090H.5       PUBLIC        SI1120_STX
  C:71B1H         PUBLIC        tm1_isr
  B:0021H.2       PUBLIC        busy
  D:00E0H         PUBLIC        ACC
  B:00A8H.1       PUBLIC        ET0
  B:00A8H.3       PUBLIC        ET1
  X:061BH         PUBLIC        SPI_NOR_INTERNAL_FLASH_ADDR
  D:008CH         PUBLIC        TH0
  D:008DH         PUBLIC        TH1
  D:008AH         PUBLIC        TL0
  D:008BH         PUBLIC        TL1
  X:061FH         PUBLIC        ii
  X:0621H         PUBLIC        jj
  B:0088H.4       PUBLIC        TR0
  B:0088H.6       PUBLIC        TR1
  X:0623H         PUBLIC        old_mins
  C:6122H         PUBLIC        exint0
  X:0624H         SYMBOL        KeyNum
  X:0625H         SYMBOL        KeyNum_Old
  X:0626H         PUBLIC        timer0_count
  X:0628H         PUBLIC        current_position
  X:062CH         PUBLIC        pwm_time
  X:0630H         PUBLIC        i
  X:0632H         PUBLIC        j
  X:0634H         PUBLIC        start_timer0_count
  X:0635H         PUBLIC        seconds
  D:00D0H         PUBLIC        PSW
  C:71BAH         PUBLIC        _SendUART1
  -------         PROC          TM0_ISR
  C:6F81H         LINE#         106
  C:6F87H         LINE#         110
  C:6F8AH         LINE#         111
  C:6F8DH         LINE#         112
  C:6F9BH         LINE#         113
  -------         ENDPROC       TM0_ISR
  -------         PROC          TM1_ISR
  C:71B1H         LINE#         114
BL51 BANKED LINKER/LOCATER V6.22                                                      08/16/2019  10:38:47  PAGE 11


  C:71B1H         LINE#         116
  C:71B3H         LINE#         118
  C:71B6H         LINE#         119
  C:71B9H         LINE#         120
  -------         ENDPROC       TM1_ISR
  -------         PROC          EXINT0
  C:6122H         LINE#         121
  C:613FH         LINE#         125
  C:6142H         LINE#         126
  C:6142H         LINE#         127
  C:6145H         LINE#         128
  C:6148H         LINE#         129
  C:614AH         LINE#         130
  C:614CH         LINE#         134
  C:614FH         LINE#         137
  C:614FH         LINE#         138
  C:6151H         LINE#         140
  C:615DH         LINE#         141
  C:61B7H         LINE#         142
  C:61F5H         LINE#         143
  C:61FCH         LINE#         148
  C:61FCH         LINE#         150
  -------         ENDPROC       EXINT0
  -------         PROC          MAIN
  -------         DO            
  X:0519H         SYMBOL        KeyCount
  X:051BH         SYMBOL        KeyNum_Old
  X:051CH         SYMBOL        KeyNum
  X:051DH         SYMBOL        PressedKey
  X:03CAH         SYMBOL        prox_flag
  X:03CBH         SYMBOL        iUse_prevday_calib_value
  X:03CDH         SYMBOL        max_ADC_Val_JP
  X:03CFH         SYMBOL        max_ADC_Val
  X:03D1H         SYMBOL        calib_point1
  X:03D9H         SYMBOL        calib_point2
  X:03E1H         SYMBOL        dat_to_store
  X:03ECH         SYMBOL        calib_day
  X:03EEH         SYMBOL        calib_count
  X:03F0H         SYMBOL        theorical_JP_max_pos
  X:03F4H         SYMBOL        elevation
  -------         ENDDO         
  C:0026H         LINE#         152
  C:0026H         LINE#         153
  C:0026H         LINE#         158
  C:002CH         LINE#         159
  C:0031H         LINE#         161
  C:0039H         LINE#         165
  C:003FH         LINE#         166
  C:0049H         LINE#         177
  C:0051H         LINE#         178
  C:0058H         LINE#         179
  C:005EH         LINE#         181
  C:0064H         LINE#         193
  C:0067H         LINE#         194
  C:006AH         LINE#         195
  C:006DH         LINE#         197
  C:0070H         LINE#         200
BL51 BANKED LINKER/LOCATER V6.22                                                      08/16/2019  10:38:47  PAGE 12


  C:0073H         LINE#         201
  C:0076H         LINE#         203
  C:0079H         LINE#         205
  C:007CH         LINE#         206
  C:007FH         LINE#         207
  C:0082H         LINE#         208
  C:0084H         LINE#         209
  C:0086H         LINE#         210
  C:0089H         LINE#         211
  C:008BH         LINE#         212
  C:008DH         LINE#         214
  C:008FH         LINE#         215
  C:0096H         LINE#         216
  C:009DH         LINE#         217
  C:00A4H         LINE#         218
  C:00ABH         LINE#         222
  C:00B2H         LINE#         223
  C:00B7H         LINE#         224
  C:00BCH         LINE#         225
  C:00C1H         LINE#         226
  C:00C6H         LINE#         227
  C:00CBH         LINE#         230
  C:00E4H         LINE#         231
  C:00E4H         LINE#         232
  C:0100H         LINE#         233
  C:0147H         LINE#         234
  C:0158H         LINE#         235
  C:015BH         LINE#         238
  C:0162H         LINE#         241
  C:0165H         LINE#         243
  C:016CH         LINE#         244
  C:0175H         LINE#         247
  C:0175H         LINE#         248
  C:0175H         LINE#         249
  C:0178H         LINE#         259
  C:0178H         LINE#         263
  C:017DH         LINE#         264
  C:0182H         LINE#         266
  C:0187H         LINE#         268
  C:018CH         LINE#         269
  C:0191H         LINE#         272
  C:01A2H         LINE#         274
  C:01A7H         LINE#         275
  C:01ACH         LINE#         277
  C:01B3H         LINE#         278
  C:01BBH         LINE#         279
  C:01C0H         LINE#         280
  C:01C8H         LINE#         281
  C:01CDH         LINE#         282
  C:01D7H         LINE#         283
  C:01DCH         LINE#         284
  C:01E4H         LINE#         286
  C:01ECH         LINE#         287
  C:01F1H         LINE#         288
  C:01FBH         LINE#         289
  C:01FBH         LINE#         290
  C:01FDH         LINE#         291
BL51 BANKED LINKER/LOCATER V6.22                                                      08/16/2019  10:38:47  PAGE 13


  C:01FFH         LINE#         292
  C:0209H         LINE#         293
  C:0209H         LINE#         294
  C:020EH         LINE#         295
  C:020EH         LINE#         307
  C:0222H         LINE#         308
  C:0222H         LINE#         309
  C:0237H         LINE#         310
  C:0246H         LINE#         311
  C:0246H         LINE#         312
  C:0259H         LINE#         313
  C:025BH         LINE#         315
  C:025BH         LINE#         316
  C:0277H         LINE#         317
  C:0277H         LINE#         318
  C:027CH         LINE#         319
  C:027CH         LINE#         320
  C:0290H         LINE#         321
  C:0290H         LINE#         324
  C:02A5H         LINE#         325
  C:02B4H         LINE#         326
  C:02B4H         LINE#         327
  C:02C7H         LINE#         328
  C:02C9H         LINE#         330
  C:02C9H         LINE#         331
  C:02E5H         LINE#         332
  C:02E5H         LINE#         333
  C:02EAH         LINE#         334
  C:02F0H         LINE#         335
  C:02F0H         LINE#         337
  C:0312H         LINE#         338
  C:0312H         LINE#         339
  C:031CH         LINE#         340
  C:0322H         LINE#         341
  C:0329H         LINE#         342
  C:032FH         LINE#         343
  C:0336H         LINE#         344
  C:0336H         LINE#         345
  C:0339H         LINE#         347
  C:0339H         LINE#         352
  C:0341H         LINE#         353
  C:037CH         LINE#         354
  C:039AH         LINE#         355
  C:039AH         LINE#         357
  C:03A3H         LINE#         358
  C:03AAH         LINE#         359
  C:03B3H         LINE#         360
  C:03BAH         LINE#         362
  C:03BAH         LINE#         366
  C:03C7H         LINE#         367
  C:03C7H         LINE#         370
  C:03CEH         LINE#         371
  C:03DFH         LINE#         374
  C:03DFH         LINE#         375
  C:0407H         LINE#         376
  C:0407H         LINE#         377
  C:0429H         LINE#         378
BL51 BANKED LINKER/LOCATER V6.22                                                      08/16/2019  10:38:47  PAGE 14


  C:0429H         LINE#         380
  C:044FH         LINE#         381
  C:04A5H         LINE#         382
  C:04AEH         LINE#         383
  C:04B5H         LINE#         384
  C:04BEH         LINE#         385
  C:04C7H         LINE#         386
  C:04CEH         LINE#         392
  C:04CEH         LINE#         398
  C:04CEH         LINE#         400
  C:054AH         LINE#         401
  C:0563H         LINE#         402
  C:0565H         LINE#         403
  C:0567H         LINE#         405
  C:05F1H         LINE#         410
  C:061FH         LINE#         411
  C:061FH         LINE#         413
  C:0655H         LINE#         414
  C:0678H         LINE#         415
  C:068DH         LINE#         416
  C:0697H         LINE#         418
  C:069AH         LINE#         420
  C:069AH         LINE#         421
  C:06C0H         LINE#         422
  C:06C0H         LINE#         423
  C:06E5H         LINE#         424
  C:074BH         LINE#         425
  C:0771H         LINE#         426
  C:0819H         LINE#         429
  C:0819H         LINE#         431
  C:0820H         LINE#         432
  C:0823H         LINE#         435
  C:0858H         LINE#         436
  C:085FH         LINE#         437
  C:0862H         LINE#         439
  C:089CH         LINE#         440
  C:08B2H         LINE#         442
  C:08CBH         LINE#         444
  C:08D2H         LINE#         445
  C:08D9H         LINE#         446
  C:08DCH         LINE#         449
  C:0931H         LINE#         451
  C:0938H         LINE#         453
  C:093FH         LINE#         454
  C:0942H         LINE#         457
  C:09EEH         LINE#         459
  C:09F5H         LINE#         460
  C:09F5H         LINE#         462
  C:09F7H         LINE#         464
  C:09F7H         LINE#         466
  C:09F7H         LINE#         467
  C:09F7H         LINE#         468
  C:09F7H         LINE#         485
  C:09FFH         LINE#         486
  C:0A07H         LINE#         487
  C:0A0FH         LINE#         488
  C:0A17H         LINE#         490
BL51 BANKED LINKER/LOCATER V6.22                                                      08/16/2019  10:38:47  PAGE 15


  C:0A2BH         LINE#         491
  C:0A41H         LINE#         492
  C:0A71H         LINE#         493
  C:0A91H         LINE#         495
  C:0AA5H         LINE#         496
  C:0ABBH         LINE#         497
  C:0AEBH         LINE#         498
  C:0AF2H         LINE#         500
  C:0B16H         LINE#         503
  C:0B41H         LINE#         505
  C:0B4AH         LINE#         506
  C:0B51H         LINE#         507
  C:0B5AH         LINE#         508
  C:0B63H         LINE#         509
  C:0B6AH         LINE#         511
  C:0BA7H         LINE#         513
  C:0BB0H         LINE#         514
  C:0BB7H         LINE#         515
  C:0BC0H         LINE#         516
  C:0BC9H         LINE#         517
  C:0BD0H         LINE#         519
  C:0BFBH         LINE#         521
  C:0C04H         LINE#         522
  C:0C0BH         LINE#         523
  C:0C14H         LINE#         524
  C:0C1DH         LINE#         525
  C:0C24H         LINE#         527
  C:0C4FH         LINE#         529
  C:0C58H         LINE#         530
  C:0C5FH         LINE#         531
  C:0C68H         LINE#         532
  C:0C6FH         LINE#         533
  C:0C78H         LINE#         534
  C:0C7FH         LINE#         536
  C:0C81H         LINE#         538
  C:0C8FH         LINE#         539
  C:0C8FH         LINE#         540
  C:0C97H         LINE#         543
  C:0C97H         LINE#         544
  C:0C97H         LINE#         546
  C:0CBCH         LINE#         547
  C:0CBCH         LINE#         548
  C:0CDEH         LINE#         549
  C:0CDEH         LINE#         550
  C:0D5AH         LINE#         551
  C:0D5CH         LINE#         552
  C:0D5EH         LINE#         554
  C:0DB6H         LINE#         557
  C:0DC5H         LINE#         558
  C:0DC5H         LINE#         559
  C:0DC5H         LINE#         560
  C:0DC5H         LINE#         561
  C:0DC5H         LINE#         562
  C:0DC5H         LINE#         563
  C:0DC5H         LINE#         564
  C:0DC5H         LINE#         567
  C:0DC5H         LINE#         569
BL51 BANKED LINKER/LOCATER V6.22                                                      08/16/2019  10:38:47  PAGE 16


  C:0DC5H         LINE#         570
  C:0DC5H         LINE#         571
  C:0DC5H         LINE#         572
  C:0DC5H         LINE#         576
  C:0DC5H         LINE#         578
  C:0DC5H         LINE#         580
  C:0DC5H         LINE#         581
  C:0DC5H         LINE#         582
  C:0DC5H         LINE#         583
  C:0DC5H         LINE#         584
  C:0DC5H         LINE#         585
  C:0DC5H         LINE#         588
  C:0DC5H         LINE#         590
  C:0DC5H         LINE#         591
  C:0DC5H         LINE#         592
  C:0DC5H         LINE#         593
  C:0DC5H         LINE#         594
  C:0DC5H         LINE#         595
  C:0DC5H         LINE#         596
  C:0DC5H         LINE#         598
  C:0DC8H         LINE#         601
  C:0DEFH         LINE#         602
  C:0DEFH         LINE#         605
  C:0E11H         LINE#         606
  C:0E11H         LINE#         607
  C:0E8DH         LINE#         609
  C:0EBAH         LINE#         612
  C:0EDBH         LINE#         613
  C:0F42H         LINE#         614
  C:0F65H         LINE#         615
  C:0FD2H         LINE#         616
  C:0FD4H         LINE#         617
  C:0FD6H         LINE#         619
  C:100FH         LINE#         620
  C:100FH         LINE#         622
  C:103AH         LINE#         623
  C:107AH         LINE#         624
  C:10A6H         LINE#         625
  C:1124H         LINE#         628
  C:118CH         LINE#         629
  C:118EH         LINE#         631
  C:118EH         LINE#         632
  C:11F1H         LINE#         633
  C:11F1H         LINE#         636
  C:1200H         LINE#         637
  C:1200H         LINE#         638
  C:127EH         LINE#         639
  C:1287H         LINE#         640
  C:128EH         LINE#         641
  C:1297H         LINE#         642
  C:12A0H         LINE#         643
  C:12A7H         LINE#         646
  C:12D2H         LINE#         648
  C:12DBH         LINE#         649
  C:12E2H         LINE#         650
  C:12EBH         LINE#         651
  C:12F4H         LINE#         655
BL51 BANKED LINKER/LOCATER V6.22                                                      08/16/2019  10:38:47  PAGE 17


  C:12FBH         LINE#         657
  C:1326H         LINE#         659
  C:132FH         LINE#         660
  C:1336H         LINE#         661
  C:133FH         LINE#         662
  C:1346H         LINE#         664
  C:134FH         LINE#         665
  C:1356H         LINE#         668
  C:1394H         LINE#         670
  C:139DH         LINE#         671
  C:13A4H         LINE#         672
  C:13ADH         LINE#         673
  C:13B6H         LINE#         674
  C:13BDH         LINE#         675
  C:13BDH         LINE#         677
  C:13BDH         LINE#         679
  C:13BDH         LINE#         680
  C:13BDH         LINE#         682
  C:13BDH         LINE#         686
  C:13D9H         LINE#         687
  C:13D9H         LINE#         688
  C:13DBH         LINE#         691
  C:13DEH         LINE#         693
  C:140CH         LINE#         694
  C:140CH         LINE#         695
  C:140EH         LINE#         699
  C:1429H         LINE#         700
  C:1429H         LINE#         701
  C:1453H         LINE#         702
  C:1453H         LINE#         704
  C:1465H         LINE#         706
  C:148BH         LINE#         707
  C:14F3H         LINE#         709
  C:155DH         LINE#         711
  C:156DH         LINE#         712
  C:1573H         LINE#         713
  C:1587H         LINE#         714
  C:159BH         LINE#         715
  C:15A3H         LINE#         716
  C:15B0H         LINE#         717
  C:15B0H         LINE#         718
  C:15D4H         LINE#         719
  C:15D4H         LINE#         720
  C:161EH         LINE#         721
  C:1625H         LINE#         722
  C:1628H         LINE#         725
  C:164CH         LINE#         727
  C:1653H         LINE#         728
  C:1656H         LINE#         730
  C:1689H         LINE#         731
  C:16A8H         LINE#         733
  C:16CAH         LINE#         735
  C:16D1H         LINE#         737
  C:16D8H         LINE#         738
  C:16DBH         LINE#         740
  C:1730H         LINE#         741
  C:1737H         LINE#         743
BL51 BANKED LINKER/LOCATER V6.22                                                      08/16/2019  10:38:47  PAGE 18


  C:173EH         LINE#         744
  C:1741H         LINE#         746
  C:17EDH         LINE#         747
  C:17F4H         LINE#         748
  C:1805H         LINE#         749
  C:1805H         LINE#         751
  C:1838H         LINE#         752
  C:1838H         LINE#         753
  C:1842H         LINE#         755
  C:1868H         LINE#         756
  C:18CAH         LINE#         758
  C:192EH         LINE#         760
  C:193DH         LINE#         761
  C:193DH         LINE#         766
  C:194CH         LINE#         767
  C:194CH         LINE#         768
  C:1979H         LINE#         769
  C:1979H         LINE#         770
  C:19F8H         LINE#         772
  C:19FFH         LINE#         773
  C:1A02H         LINE#         775
  C:1A3CH         LINE#         776
  C:1A52H         LINE#         778
  C:1A6BH         LINE#         780
  C:1A72H         LINE#         781
  C:1A79H         LINE#         782
  C:1A7CH         LINE#         784
  C:1AD1H         LINE#         785
  C:1AD8H         LINE#         787
  C:1ADFH         LINE#         788
  C:1AE2H         LINE#         790
  C:1B8EH         LINE#         791
  C:1B95H         LINE#         792
  C:1BA6H         LINE#         795
  C:1BBAH         LINE#         796
  C:1BCEH         LINE#         797
  C:1BDDH         LINE#         798
  C:1BDDH         LINE#         800
  C:1BDDH         LINE#         801
  C:1BEEH         LINE#         802
  C:1BFBH         LINE#         803
  C:1BFBH         LINE#         804
  C:1C1EH         LINE#         805
  C:1C1EH         LINE#         806
  C:1C6EH         LINE#         807
  C:1C6EH         LINE#         808
  C:1C75H         LINE#         809
  C:1C78H         LINE#         811
  C:1CB2H         LINE#         812
  C:1CC8H         LINE#         814
  C:1CE1H         LINE#         816
  C:1CE8H         LINE#         817
  C:1CEFH         LINE#         818
  C:1CF2H         LINE#         820
  C:1D47H         LINE#         821
  C:1D4EH         LINE#         823
  C:1D55H         LINE#         824
BL51 BANKED LINKER/LOCATER V6.22                                                      08/16/2019  10:38:47  PAGE 19


  C:1D58H         LINE#         826
  C:1E04H         LINE#         827
  C:1E0BH         LINE#         828
  C:1E0BH         LINE#         829
  C:1E1CH         LINE#         830
  C:1E1CH         LINE#         831
  C:1E1CH         LINE#         833
  C:1E2BH         LINE#         834
  C:1E2BH         LINE#         835
  C:1E2EH         LINE#         836
  C:1E35H         LINE#         837
  C:1E3AH         LINE#         838
  C:1E3FH         LINE#         839
  C:1E44H         LINE#         840
  C:1E49H         LINE#         841
  C:1E4EH         LINE#         851
  C:1E51H         LINE#         853
  C:1E54H         LINE#         854
  C:1E5BH         LINE#         855
  C:1E65H         LINE#         856
  C:1E6CH         LINE#         858
  C:1E6FH         LINE#         867
  C:1E6FH         LINE#         868
  -------         ENDPROC       MAIN
  -------         PROC          UART
  C:000EH         LINE#         882
  C:000EH         LINE#         884
  C:0011H         LINE#         885
  C:0011H         LINE#         886
  C:0013H         LINE#         888
  C:0013H         LINE#         889
  C:0016H         LINE#         890
  C:0016H         LINE#         891
  C:0018H         LINE#         892
  C:001AH         LINE#         893
  C:001AH         LINE#         894
  -------         ENDPROC       UART
  -------         PROC          _SENDUART1
  D:0007H         SYMBOL        dat
  C:71BAH         LINE#         896
  C:71BAH         LINE#         897
  C:71BAH         LINE#         898
  C:71BDH         LINE#         899
  C:71BFH         LINE#         900
  C:71C0H         LINE#         901
  C:71C2H         LINE#         902
  -------         ENDPROC       _SENDUART1
  -------         ENDMOD        MAIN

  -------         MODULE        PCF85063BTL
  C:0000H         SYMBOL        _ICE_DUMMY_
  D:0096H         PUBLIC        P2M0
  D:0080H         PUBLIC        P0
  D:0095H         PUBLIC        P2M1
  D:0090H         PUBLIC        P1
  D:00A0H         PUBLIC        P2
  D:00B0H         PUBLIC        P3
BL51 BANKED LINKER/LOCATER V6.22                                                      08/16/2019  10:38:47  PAGE 20


  D:00C0H         PUBLIC        P4
  D:00C8H         PUBLIC        P5
  D:00E8H         PUBLIC        P6
  B:00A0H.1       PUBLIC        PCF85063BTL_SDI
  D:00F8H         PUBLIC        P7
  B:00A0H.2       PUBLIC        PCF85063BTL_SCK
  B:00A0H.1       PUBLIC        PCF85063BTL_SDO
  D:00A8H         PUBLIC        IE
  C:6A3CH         PUBLIC        _Read_time
  C:70DCH         PUBLIC        _PCF85063BTL_Delay
  D:00B8H         PUBLIC        IP
  D:00D8H         PUBLIC        CCON
  C:68C9H         PUBLIC        _Day_Of_Year
  C:6FC2H         PUBLIC        SPI_ReceiveByte
  D:0098H         PUBLIC        SCON
  D:0088H         PUBLIC        TCON
  C:710FH         PUBLIC        _BCDtoDec
  B:00A0H.0       PUBLIC        PCF85063BTL_CS
  C:70FEH         PUBLIC        _SPI_ReadTime
  C:715EH         PUBLIC        SPI_Init
  C:7052H         PUBLIC        _SPI_WriteTime
  C:6FA2H         PUBLIC        _SPI_SendByte
  D:00D0H         PUBLIC        PSW
  C:70D8H         SYMBOL        L?0048
  -------         PROC          L?0047
  -------         ENDPROC       L?0047
  C:70D8H         SYMBOL        L?0048
  -------         PROC          _PCF85063BTL_DELAY
  D:0006H         SYMBOL        us
  C:70DCH         LINE#         8
  C:70DCH         LINE#         9
  C:70DCH         LINE#         10
  C:70E6H         LINE#         11
  C:70E6H         LINE#         12
  C:70E7H         LINE#         13
  C:70E9H         LINE#         14
  -------         ENDPROC       _PCF85063BTL_DELAY
  -------         PROC          _SPI_SENDBYTE
  D:0005H         SYMBOL        dat
  -------         DO            
  D:0003H         SYMBOL        i
  -------         ENDDO         
  C:6FA2H         LINE#         17
  C:6FA4H         LINE#         18
  C:6FA4H         LINE#         20
  C:6FA6H         LINE#         21
  C:6FA6H         LINE#         22
  C:6FA8H         LINE#         23
  C:6FACH         LINE#         24
  C:6FACH         LINE#         25
  C:6FAEH         LINE#         26
  C:6FB0H         LINE#         28
  C:6FB0H         LINE#         29
  C:6FB2H         LINE#         30
  C:6FB2H         LINE#         31
  C:6FB5H         LINE#         32
  C:6FB5H         LINE#         33
BL51 BANKED LINKER/LOCATER V6.22                                                      08/16/2019  10:38:47  PAGE 21


  C:6FB8H         LINE#         34
  C:6FBCH         LINE#         35
  C:6FC1H         LINE#         36
  -------         ENDPROC       _SPI_SENDBYTE
  -------         PROC          SPI_RECEIVEBYTE
  -------         DO            
  D:0003H         SYMBOL        i
  D:0005H         SYMBOL        dat
  -------         ENDDO         
  C:6FC2H         LINE#         39
  C:6FC2H         LINE#         40
  C:6FC2H         LINE#         42
  C:6FC4H         LINE#         44
  C:6FC6H         LINE#         45
  C:6FC7H         LINE#         46
  C:6FC7H         LINE#         47
  C:6FCBH         LINE#         48
  C:6FCDH         LINE#         49
  C:6FD0H         LINE#         51
  C:6FD3H         LINE#         52
  C:6FD3H         LINE#         53
  C:6FD7H         LINE#         54
  C:6FD7H         LINE#         55
  C:6FD7H         LINE#         56
  C:6FDAH         LINE#         57
  C:6FDFH         LINE#         58
  C:6FE1H         LINE#         59
  -------         ENDPROC       SPI_RECEIVEBYTE
  -------         PROC          _SPI_READTIME
  D:0007H         SYMBOL        addr
  -------         DO            
  D:0006H         SYMBOL        dat
  -------         ENDDO         
  C:70FEH         LINE#         61
  C:70FEH         LINE#         62
  C:70FEH         LINE#         64
  C:7100H         LINE#         65
  C:7102H         LINE#         66
  C:7109H         LINE#         67
  C:710CH         LINE#         68
  C:710EH         LINE#         69
  C:710EH         LINE#         70
  -------         ENDPROC       _SPI_READTIME
  -------         PROC          _SPI_WRITETIME
  D:0002H         SYMBOL        val
  D:0005H         SYMBOL        addr
  C:7052H         LINE#         71
  C:7054H         LINE#         72
  C:7054H         LINE#         74
  C:7056H         LINE#         75
  C:705DH         LINE#         76
  C:7062H         LINE#         77
  C:7067H         LINE#         78
  C:7069H         LINE#         79
  -------         ENDPROC       _SPI_WRITETIME
  -------         PROC          SPI_INIT
  C:715EH         LINE#         83
BL51 BANKED LINKER/LOCATER V6.22                                                      08/16/2019  10:38:47  PAGE 22


  C:715EH         LINE#         84
  C:715EH         LINE#         89
  C:7161H         LINE#         90
  C:7164H         LINE#         91
  C:7166H         LINE#         92
  C:7168H         LINE#         93
  C:716AH         LINE#         94
  -------         ENDPROC       SPI_INIT
  -------         PROC          _READ_TIME
  X:04E9H         SYMBOL        months
  X:04ECH         SYMBOL        days
  X:04EFH         SYMBOL        hours
  X:04F2H         SYMBOL        mins
  X:04F5H         SYMBOL        seconds
  C:6A3CH         LINE#         96
  C:6A47H         LINE#         97
  C:6A47H         LINE#         99
  C:6A5BH         LINE#         101
  C:6A6FH         LINE#         103
  C:6A83H         LINE#         108
  C:6A97H         LINE#         113
  -------         ENDPROC       _READ_TIME
  -------         PROC          _BCDTODEC
  D:0007H         SYMBOL        bcd
  -------         DO            
  D:0006H         SYMBOL        hi
  D:0007H         SYMBOL        lo
  -------         ENDDO         
  C:710FH         LINE#         119
  C:710FH         LINE#         120
  C:710FH         LINE#         122
  C:7114H         LINE#         123
  C:7118H         LINE#         124
  C:711FH         LINE#         125
  -------         ENDPROC       _BCDTODEC
  -------         PROC          _DAY_OF_YEAR
  D:0007H         SYMBOL        months_bcd
  D:0005H         SYMBOL        days_bcd
  -------         DO            
  D:0004H         SYMBOL        months
  D:0007H         SYMBOL        days
  -------         ENDDO         
  C:68C9H         LINE#         126
  C:68C9H         LINE#         127
  C:68C9H         LINE#         130
  C:68CEH         LINE#         132
  C:68D3H         LINE#         134
  C:690CH         LINE#         135
  C:690CH         LINE#         136
  C:690CH         LINE#         137
  C:690FH         LINE#         138
  C:690FH         LINE#         139
  C:690FH         LINE#         140
  C:6914H         LINE#         141
  C:6914H         LINE#         142
  C:6914H         LINE#         143
  C:6919H         LINE#         144
BL51 BANKED LINKER/LOCATER V6.22                                                      08/16/2019  10:38:47  PAGE 23


  C:6919H         LINE#         145
  C:6919H         LINE#         146
  C:691EH         LINE#         147
  C:691EH         LINE#         148
  C:691EH         LINE#         149
  C:6923H         LINE#         150
  C:6923H         LINE#         151
  C:6923H         LINE#         152
  C:6928H         LINE#         153
  C:6928H         LINE#         154
  C:6928H         LINE#         155
  C:692DH         LINE#         156
  C:692DH         LINE#         157
  C:692DH         LINE#         158
  C:6932H         LINE#         159
  C:6932H         LINE#         160
  C:6932H         LINE#         161
  C:693AH         LINE#         162
  C:693AH         LINE#         163
  C:693AH         LINE#         164
  C:693FH         LINE#         165
  C:693FH         LINE#         166
  C:693FH         LINE#         167
  C:6944H         LINE#         168
  C:6944H         LINE#         169
  C:6944H         LINE#         170
  C:694DH         LINE#         171
  C:694DH         LINE#         172
  C:694DH         LINE#         173
  C:6950H         LINE#         174
  C:6950H         LINE#         175
  -------         ENDPROC       _DAY_OF_YEAR
  -------         ENDMOD        PCF85063BTL

  -------         MODULE        LCD_DRIVER_SPLC780D
  C:0000H         SYMBOL        _ICE_DUMMY_
  D:0092H         PUBLIC        P1M0
  D:0091H         PUBLIC        P1M1
  D:0080H         PUBLIC        P0
  D:0090H         PUBLIC        P1
  D:00A0H         PUBLIC        P2
  D:00B0H         PUBLIC        P3
  D:00C0H         PUBLIC        P4
  D:00C8H         PUBLIC        P5
  D:00E8H         PUBLIC        P6
  D:00F8H         PUBLIC        P7
  C:6955H         PUBLIC        _WriteData
  D:00A8H         PUBLIC        IE
  D:00B8H         PUBLIC        IP
  D:00D8H         PUBLIC        CCON
  B:00B0H.4       PUBLIC        LCD_D4
  B:00B0H.5       PUBLIC        LCD_D5
  B:00B0H.6       PUBLIC        LCD_D6
  C:7000H         PUBLIC        _DisplayLCD
  B:00B0H.7       PUBLIC        LCD_D7
  D:0098H         PUBLIC        SCON
  D:0088H         PUBLIC        TCON
BL51 BANKED LINKER/LOCATER V6.22                                                      08/16/2019  10:38:47  PAGE 24


  C:71A7H         PUBLIC        LCD_clear
  C:6CD7H         PUBLIC        _Command
  C:7097H         PUBLIC        _Display_Line
  C:6B05H         PUBLIC        LCD_Init
  C:6F3FH         PUBLIC        _Wait_ms
  B:00C0H.0       PUBLIC        LCD_RS
  B:0090H.3       PUBLIC        LCD_RW
  C:719DH         PUBLIC        LCD_return_home
  C:5B70H         PUBLIC        _Display_Pos
  B:00B0H.3       PUBLIC        LCD_E
  D:00D0H         PUBLIC        PSW
  -------         PROC          LCD_INIT
  C:6B05H         LINE#         9
  C:6B05H         LINE#         10
  C:6B05H         LINE#         11
  C:6B08H         LINE#         12
  C:6B0BH         LINE#         14
  C:6B11H         LINE#         15
  C:6B16H         LINE#         17
  C:6B1DH         LINE#         18
  C:6B22H         LINE#         20
  C:6B25H         LINE#         21
  C:6B2AH         LINE#         23
  C:6B2DH         LINE#         24
  C:6B32H         LINE#         26
  C:6B39H         LINE#         29
  C:6B3EH         LINE#         30
  C:6B43H         LINE#         32
  C:6B48H         LINE#         33
  C:6B4DH         LINE#         35
  C:6B52H         LINE#         36
  C:6B57H         LINE#         37
  -------         ENDPROC       LCD_INIT
  C:6951H         SYMBOL        L?0035
  -------         PROC          L?0034
  -------         ENDPROC       L?0034
  C:6951H         SYMBOL        L?0035
  -------         PROC          _WRITEDATA
  X:04F4H         SYMBOL        dat
  C:6955H         LINE#         40
  C:695AH         LINE#         41
  C:695AH         LINE#         46
  C:695CH         LINE#         47
  C:695EH         LINE#         49
  C:696CH         LINE#         50
  C:6978H         LINE#         51
  C:6984H         LINE#         52
  C:698EH         LINE#         53
  C:6990H         LINE#         54
  C:6997H         LINE#         55
  C:6999H         LINE#         57
  C:69A9H         LINE#         58
  C:69B4H         LINE#         59
  C:69BEH         LINE#         60
  C:69C2H         LINE#         62
  C:69C2H         LINE#         63
  C:69C5H         LINE#         64
BL51 BANKED LINKER/LOCATER V6.22                                                      08/16/2019  10:38:47  PAGE 25


  C:69C7H         LINE#         65
  C:69C9H         LINE#         67
  -------         ENDPROC       _WRITEDATA
  -------         PROC          _COMMAND
  D:0007H         SYMBOL        dat
  C:6CD7H         LINE#         69
  C:6CD7H         LINE#         70
  C:6CD7H         LINE#         71
  C:6CD9H         LINE#         72
  C:6CDBH         LINE#         74
  C:6CE5H         LINE#         75
  C:6CE9H         LINE#         77
  C:6CEBH         LINE#         78
  C:6CF4H         LINE#         79
  C:6CF8H         LINE#         81
  C:6CFAH         LINE#         82
  C:6D01H         LINE#         83
  C:6D05H         LINE#         85
  C:6D07H         LINE#         86
  C:6D0BH         LINE#         87
  C:6D0FH         LINE#         89
  C:6D11H         LINE#         90
  C:6D11H         LINE#         91
  C:6D14H         LINE#         92
  C:6D16H         LINE#         93
  -------         ENDPROC       _COMMAND
  C:6F3BH         SYMBOL        L?0037
  -------         PROC          L?0036
  -------         ENDPROC       L?0036
  C:6F3BH         SYMBOL        L?0037
  -------         PROC          _WAIT_MS
  D:0006H         SYMBOL        ms
  -------         DO            
  D:0004H         SYMBOL        De_Cnt
  -------         ENDDO         
  C:6F3FH         LINE#         95
  C:6F3FH         LINE#         96
  C:6F3FH         LINE#         98
  C:6F49H         LINE#         99
  C:6F49H         LINE#         100
  C:6F5CH         LINE#         101
  C:6F5CH         LINE#         102
  -------         ENDPROC       _WAIT_MS
  -------         PROC          _DISPLAYLCD
  D:0007H         SYMBOL        BCD
  -------         DO            
  D:0006H         SYMBOL        first_digit
  X:03F8H         SYMBOL        second_digit
  -------         ENDDO         
  C:7000H         LINE#         103
  C:7000H         LINE#         104
  C:7000H         LINE#         106
  C:7007H         LINE#         107
  C:7010H         LINE#         109
  C:7015H         LINE#         111
  -------         ENDPROC       _DISPLAYLCD
  -------         PROC          LCD_RETURN_HOME
BL51 BANKED LINKER/LOCATER V6.22                                                      08/16/2019  10:38:47  PAGE 26


  C:719DH         LINE#         115
  C:719DH         LINE#         116
  C:719DH         LINE#         117
  C:71A2H         LINE#         118
  -------         ENDPROC       LCD_RETURN_HOME
  -------         PROC          LCD_CLEAR
  C:71A7H         LINE#         121
  C:71A7H         LINE#         122
  C:71A7H         LINE#         123
  C:71ACH         LINE#         124
  -------         ENDPROC       LCD_CLEAR
  -------         PROC          _DISPLAY_LINE
  D:0006H         SYMBOL        line
  C:7097H         LINE#         128
  C:7097H         LINE#         129
  C:7097H         LINE#         130
  C:709DH         LINE#         131
  C:709DH         LINE#         132
  C:709FH         LINE#         133
  C:709FH         LINE#         134
  C:70A1H         LINE#         136
  C:70A1H         LINE#         137
  C:70A6H         LINE#         138
  C:70ABH         LINE#         139
  C:70ABH         LINE#         140
  -------         ENDPROC       _DISPLAY_LINE
  -------         PROC          _DISPLAY_POS
  X:04E9H         SYMBOL        sign_dat
  -------         DO            
  X:04EDH         SYMBOL        unit
  X:04EEH         SYMBOL        ten
  X:04EFH         SYMBOL        hundred
  X:04F0H         SYMBOL        thousand
  X:04F1H         SYMBOL        after_dot
  X:04F2H         SYMBOL        dat
  -------         ENDDO         
  C:5B70H         LINE#         142
  C:5B76H         LINE#         143
  C:5B76H         LINE#         147
  C:5B92H         LINE#         148
  C:5BACH         LINE#         149
  C:5BD0H         LINE#         151
  C:5C1AH         LINE#         153
  C:5C31H         LINE#         154
  C:5C43H         LINE#         155
  C:5C68H         LINE#         156
  C:5C82H         LINE#         157
  C:5C9AH         LINE#         158
  C:5C9AH         LINE#         159
  C:5C9AH         LINE#         160
  C:5C9AH         LINE#         161
  C:5C9AH         LINE#         162
  C:5C9AH         LINE#         163
  C:5C9AH         LINE#         164
  C:5C9AH         LINE#         168
  C:5C9CH         LINE#         170
  C:5C9CH         LINE#         172
BL51 BANKED LINKER/LOCATER V6.22                                                      08/16/2019  10:38:47  PAGE 27


  C:5CA1H         LINE#         173
  C:5CA7H         LINE#         174
  C:5CADH         LINE#         175
  C:5CB3H         LINE#         176
  C:5CB9H         LINE#         177
  C:5CBEH         LINE#         178
  C:5CC4H         LINE#         182
  C:5CC4H         LINE#         184
  -------         ENDPROC       _DISPLAY_POS
  -------         ENDMOD        LCD_DRIVER_SPLC780D

  -------         MODULE        KEYPAD
  C:0000H         SYMBOL        _ICE_DUMMY_
  D:0093H         PUBLIC        P0M1
  D:0080H         PUBLIC        P0
  D:0090H         PUBLIC        P1
  D:00A0H         PUBLIC        P2
  D:00B0H         PUBLIC        P3
  D:00C0H         PUBLIC        P4
  D:00C8H         PUBLIC        P5
  D:00E8H         PUBLIC        P6
  D:00F8H         PUBLIC        P7
  D:00A8H         PUBLIC        IE
  C:556CH         PUBLIC        Key_Scan
  D:00B8H         PUBLIC        IP
  D:00D8H         PUBLIC        CCON
  C:7185H         PUBLIC        KeyPad_IO_Init
  C:6FE2H         PUBLIC        _Delay_ms
  D:0098H         PUBLIC        SCON
  D:0088H         PUBLIC        TCON
  X:0645H         PUBLIC        small_move
  X:0647H         PUBLIC        move
  X:0649H         PUBLIC        auto_mode
  X:064BH         PUBLIC        direction
  X:064DH         PUBLIC        SPI_NOR_ClearEnable
  C:4C99H         PUBLIC        Key_Process
  D:00D0H         PUBLIC        PSW
  D:0094H         PUBLIC        P0M0
  -------         PROC          _DELAY_MS
  D:0006H         SYMBOL        ms
  -------         DO            
  D:0004H         SYMBOL        De_Cnt
  -------         ENDDO         
  C:6FE2H         LINE#         20
  C:6FE2H         LINE#         21
  C:6FE2H         LINE#         23
  C:6FECH         LINE#         24
  C:6FECH         LINE#         25
  C:6FFFH         LINE#         26
  C:6FFFH         LINE#         27
  -------         ENDPROC       _DELAY_MS
  -------         PROC          KEY_SCAN
  -------         DO            
  X:03FEH         SYMBOL        KeyTemp1
  X:03FFH         SYMBOL        KeyTemp2
  X:0400H         SYMBOL        KeyValue
  -------         ENDDO         
BL51 BANKED LINKER/LOCATER V6.22                                                      08/16/2019  10:38:47  PAGE 28


  C:556CH         LINE#         28
  C:556CH         LINE#         29
  C:556CH         LINE#         34
  C:556FH         LINE#         37
  C:5572H         LINE#         39
  C:557AH         LINE#         40
  C:5581H         LINE#         41
  C:5581H         LINE#         43
  C:5586H         LINE#         44
  C:558DH         LINE#         45
  C:558DH         LINE#         48
  C:5590H         LINE#         49
  C:5593H         LINE#         50
  C:5598H         LINE#         51
  C:559CH         LINE#         52
  C:559CH         LINE#         53
  C:55A4H         LINE#         54
  C:55A4H         LINE#         55
  C:55A7H         LINE#         56
  C:55AFH         LINE#         57
  C:55B1H         LINE#         59
  C:55C5H         LINE#         60
  C:55C5H         LINE#         61
  C:55C5H         LINE#         62
  C:55C5H         LINE#         63
  C:55CBH         LINE#         65
  C:55CDH         LINE#         66
  C:55CDH         LINE#         67
  C:55CDH         LINE#         68
  C:55D3H         LINE#         70
  C:55D5H         LINE#         71
  C:55D5H         LINE#         72
  C:55D5H         LINE#         73
  C:55DBH         LINE#         75
  C:55DDH         LINE#         76
  C:55DDH         LINE#         77
  C:55DDH         LINE#         78
  C:55E3H         LINE#         80
  C:55E3H         LINE#         81
  C:55E3H         LINE#         82
  C:55E3H         LINE#         85
  C:55E6H         LINE#         86
  C:55E9H         LINE#         87
  C:55F1H         LINE#         88
  C:55F5H         LINE#         89
  C:55F5H         LINE#         90
  C:55FDH         LINE#         91
  C:55FDH         LINE#         92
  C:5600H         LINE#         93
  C:5608H         LINE#         94
  C:560AH         LINE#         95
  C:561EH         LINE#         96
  C:561EH         LINE#         97
  C:561EH         LINE#         98
  C:561EH         LINE#         99
  C:5624H         LINE#         101
  C:5626H         LINE#         102
BL51 BANKED LINKER/LOCATER V6.22                                                      08/16/2019  10:38:47  PAGE 29


  C:5626H         LINE#         103
  C:5626H         LINE#         104
  C:562CH         LINE#         106
  C:562EH         LINE#         107
  C:562EH         LINE#         108
  C:562EH         LINE#         109
  C:5634H         LINE#         111
  C:5636H         LINE#         112
  C:5636H         LINE#         113
  C:5636H         LINE#         114
  C:563BH         LINE#         116
  C:563BH         LINE#         117
  C:563BH         LINE#         118
  C:563BH         LINE#         121
  C:563EH         LINE#         122
  C:5641H         LINE#         123
  C:5649H         LINE#         124
  C:564DH         LINE#         125
  C:564DH         LINE#         126
  C:5655H         LINE#         127
  C:5655H         LINE#         128
  C:5658H         LINE#         129
  C:5660H         LINE#         130
  C:5662H         LINE#         131
  C:5676H         LINE#         132
  C:5676H         LINE#         133
  C:5676H         LINE#         134
  C:5676H         LINE#         135
  C:567CH         LINE#         137
  C:567EH         LINE#         138
  C:567EH         LINE#         139
  C:567EH         LINE#         140
  C:5684H         LINE#         142
  C:5686H         LINE#         143
  C:5686H         LINE#         144
  C:5686H         LINE#         145
  C:568CH         LINE#         147
  C:568EH         LINE#         148
  C:568EH         LINE#         149
  C:568EH         LINE#         150
  C:5694H         LINE#         152
  C:5694H         LINE#         153
  C:5694H         LINE#         154
  C:5694H         LINE#         158
  C:5697H         LINE#         159
  C:569AH         LINE#         160
  C:56A2H         LINE#         161
  C:56A6H         LINE#         162
  C:56A6H         LINE#         163
  C:56AEH         LINE#         164
  C:56AEH         LINE#         165
  C:56B1H         LINE#         166
  C:56B9H         LINE#         167
  C:56BBH         LINE#         168
  C:56CFH         LINE#         169
  C:56CFH         LINE#         170
  C:56CFH         LINE#         171
BL51 BANKED LINKER/LOCATER V6.22                                                      08/16/2019  10:38:47  PAGE 30


  C:56CFH         LINE#         172
  C:56D5H         LINE#         174
  C:56D7H         LINE#         175
  C:56D7H         LINE#         176
  C:56D7H         LINE#         177
  C:56DDH         LINE#         179
  C:56DFH         LINE#         180
  C:56DFH         LINE#         181
  C:56DFH         LINE#         182
  C:56E5H         LINE#         184
  C:56E7H         LINE#         185
  C:56E7H         LINE#         186
  C:56E7H         LINE#         187
  C:56EDH         LINE#         189
  C:56EDH         LINE#         190
  C:56EDH         LINE#         191
  C:56EDH         LINE#         193
  C:56F3H         LINE#         194
  C:56F3H         LINE#         196
  C:56F3H         LINE#         197
  C:56F6H         LINE#         198
  C:56F6H         LINE#         199
  C:56F6H         LINE#         201
  C:56F6H         LINE#         202
  C:56F8H         LINE#         203
  C:56F8H         LINE#         204
  -------         ENDPROC       KEY_SCAN
  -------         PROC          KEY_PROCESS
  -------         DO            
  X:0636H         SYMBOL        KeyCount
  X:0637H         SYMBOL        KeyNum_Old
  X:0639H         SYMBOL        KeyNum
  X:063BH         SYMBOL        PressedKey
  X:03F8H         SYMBOL        d
  D:0002H         SYMBOL        hours
  D:0006H         SYMBOL        mins
  X:03FAH         SYMBOL        months
  X:03FCH         SYMBOL        days
  -------         ENDDO         
  C:4C99H         LINE#         205
  C:4C99H         LINE#         206
  C:4C99H         LINE#         210
  C:4CA8H         LINE#         211
  C:4CB5H         LINE#         213
  C:4CB9H         LINE#         214
  C:4CB9H         LINE#         215
  C:4CBFH         LINE#         217
  C:4CBFH         LINE#         218
  C:4CD6H         LINE#         219
  C:4CD6H         LINE#         220
  C:4CE0H         LINE#         221
  C:4CE6H         LINE#         223
  C:4CECH         LINE#         225
  C:4CECH         LINE#         226
  C:4D03H         LINE#         227
  C:4D03H         LINE#         228
  C:4D08H         LINE#         230
BL51 BANKED LINKER/LOCATER V6.22                                                      08/16/2019  10:38:47  PAGE 31


  C:4D08H         LINE#         231
  C:4D18H         LINE#         232
  C:4D18H         LINE#         233
  C:4D1EH         LINE#         235
  C:4D1EH         LINE#         236
  C:4D30H         LINE#         237
  C:4D30H         LINE#         238
  C:4D3AH         LINE#         239
  C:4D42H         LINE#         241
  C:4D4BH         LINE#         243
  C:4D4BH         LINE#         252
  C:4D6AH         LINE#         253
  C:4D6AH         LINE#         254
  C:4D89H         LINE#         255
  C:4D8FH         LINE#         256
  C:4D97H         LINE#         257
  C:4D97H         LINE#         259
  C:4D98H         LINE#         265
  C:4DA4H         LINE#         266
  C:4DA4H         LINE#         267
  C:4DC1H         LINE#         268
  C:4DD8H         LINE#         269
  C:4DEFH         LINE#         270
  C:4DEFH         LINE#         271
  C:4E02H         LINE#         272
  C:4E15H         LINE#         273
  C:4E15H         LINE#         274
  C:4E15H         LINE#         275
  C:4E18H         LINE#         280
  C:4E27H         LINE#         281
  C:4E27H         LINE#         282
  C:4E4AH         LINE#         283
  C:4E67H         LINE#         284
  C:4E70H         LINE#         285
  C:4E70H         LINE#         286
  C:4E77H         LINE#         287
  C:4E77H         LINE#         288
  C:4E88H         LINE#         289
  C:4E88H         LINE#         290
  C:4E97H         LINE#         291
  C:4E97H         LINE#         292
  C:4E97H         LINE#         293
  C:4E9AH         LINE#         295
  C:4E9AH         LINE#         296
  C:4EA6H         LINE#         297
  C:4EA6H         LINE#         298
  C:4EB8H         LINE#         299
  C:4EB8H         LINE#         300
  C:4EC8H         LINE#         301
  C:4EC8H         LINE#         302
  C:4EC8H         LINE#         304
  C:4ECAH         LINE#         306
  C:4ECAH         LINE#         307
  C:4ED9H         LINE#         308
  C:4ED9H         LINE#         309
  C:4EE9H         LINE#         310
  C:4EE9H         LINE#         311
BL51 BANKED LINKER/LOCATER V6.22                                                      08/16/2019  10:38:47  PAGE 32


  C:4EE9H         LINE#         313
  C:4EE9H         LINE#         315
  C:4EE9H         LINE#         316
  C:4EEBH         LINE#         318
  C:4EEBH         LINE#         319
  C:4EF2H         LINE#         320
  C:4EF2H         LINE#         321
  C:4F01H         LINE#         322
  C:4F01H         LINE#         323
  C:4F11H         LINE#         324
  C:4F11H         LINE#         325
  C:4F11H         LINE#         326
  C:4F13H         LINE#         328
  C:4F13H         LINE#         329
  C:4F22H         LINE#         330
  C:4F22H         LINE#         331
  C:4F35H         LINE#         332
  C:4F48H         LINE#         333
  C:4F48H         LINE#         334
  C:4F48H         LINE#         335
  C:4F48H         LINE#         336
  C:4F51H         LINE#         338
  C:4F51H         LINE#         340
  C:4F8BH         LINE#         341
  C:4F8BH         LINE#         342
  C:4F92H         LINE#         343
  C:4F92H         LINE#         344
  C:4F9CH         LINE#         345
  C:4F9CH         LINE#         346
  C:4F9FH         LINE#         347
  C:4FA4H         LINE#         348
  C:4FA9H         LINE#         349
  C:4FAEH         LINE#         350
  C:4FB3H         LINE#         351
  C:4FB8H         LINE#         352
  C:4FBDH         LINE#         353
  C:4FC2H         LINE#         354
  C:4FC2H         LINE#         355
  C:4FC2H         LINE#         357
  C:4FE0H         LINE#         358
  C:4FE0H         LINE#         359
  C:4FE7H         LINE#         360
  C:4FE7H         LINE#         361
  C:4FECH         LINE#         362
  C:4FF5H         LINE#         363
  C:5014H         LINE#         364
  C:5014H         LINE#         365
  C:5024H         LINE#         367
  C:5024H         LINE#         371
  -------         ENDPROC       KEY_PROCESS
  -------         PROC          KEYPAD_IO_INIT
  C:7185H         LINE#         374
  C:7185H         LINE#         375
  C:7185H         LINE#         376
  C:7188H         LINE#         377
  C:718BH         LINE#         378
  C:718EH         LINE#         379
BL51 BANKED LINKER/LOCATER V6.22                                                      08/16/2019  10:38:47  PAGE 33


  C:7190H         LINE#         380
  -------         ENDPROC       KEYPAD_IO_INIT
  -------         ENDMOD        KEYPAD

  -------         MODULE        BIPOLARMOTOR
  C:0000H         SYMBOL        _ICE_DUMMY_
  X:0000H         PUBLIC        UTC_time
  D:0080H         PUBLIC        P0
  D:0090H         PUBLIC        P1
  X:0004H         PUBLIC        RX_pos_test
  D:00A0H         PUBLIC        P2
  D:00B0H         PUBLIC        P3
  D:00C0H         PUBLIC        P4
  D:00C8H         PUBLIC        P5
  D:00E8H         PUBLIC        P6
  D:00F8H         PUBLIC        P7
  X:00A4H         PUBLIC        low_date_azimuth_mapping
  D:00A8H         PUBLIC        IE
  C:6315H         PUBLIC        linear_interpolate
  X:00CCH         PUBLIC        declination
  C:6E76H         PUBLIC        _Move
  D:00B8H         PUBLIC        IP
  X:00D0H         PUBLIC        time_offset
  D:00D8H         PUBLIC        CCON
  X:00D4H         PUBLIC        previous_move_time
  X:00D5H         PUBLIC        time
  D:0098H         PUBLIC        SCON
  D:0088H         PUBLIC        TCON
  C:6D17H         PUBLIC        _Step_move
  X:00E7H         PUBLIC        dat
  X:00EDH         PUBLIC        current_local_sun_time
  C:38D0H         PUBLIC        _Update_position
  C:5025H         PUBLIC        _elevation_calculation
  X:00F1H         PUBLIC        sunCoord
  C:6BFFH         PUBLIC        vOneStepMove
  X:00F4H         PUBLIC        elevation_stamp
  X:0130H         PUBLIC        date_azimuth_mapping
  X:0158H         PUBLIC        location
  X:0160H         PUBLIC        RX_pos
  C:70ACH         PUBLIC        vSetLocation
  C:7027H         PUBLIC        _BCDtoDec1
  X:03B8H         PUBLIC        degree
  C:3F01H         PUBLIC        _TheoricalJP_Position
  D:00D0H         PUBLIC        PSW
  -------         PROC          VSETLOCATION
  C:70ACH         LINE#         44
  C:70ACH         LINE#         45
  C:70ACH         LINE#         46
  C:70B6H         LINE#         47
  C:70C0H         LINE#         48
  -------         ENDPROC       VSETLOCATION
  C:7023H         SYMBOL        L?0060
  -------         PROC          L?0059
  -------         ENDPROC       L?0059
  C:7023H         SYMBOL        L?0060
  -------         PROC          _BCDTODEC1
  D:0007H         SYMBOL        bcd
BL51 BANKED LINKER/LOCATER V6.22                                                      08/16/2019  10:38:47  PAGE 34


  -------         DO            
  D:0006H         SYMBOL        hi
  D:0007H         SYMBOL        lo
  -------         ENDDO         
  C:7027H         LINE#         49
  C:7027H         LINE#         50
  C:7027H         LINE#         52
  C:702CH         LINE#         53
  C:7030H         LINE#         54
  C:7037H         LINE#         55
  -------         ENDPROC       _BCDTODEC1
  -------         PROC          VONESTEPMOVE
[...]


  C:5758H         LINE#         322
  C:575BH         LINE#         324
  C:5775H         LINE#         325
  C:5775H         LINE#         326
  C:5775H         LINE#         328
  C:5778H         LINE#         330
  C:5792H         LINE#         331
  C:5792H         LINE#         332
  C:5792H         LINE#         334
  C:5795H         LINE#         336
  C:57AFH         LINE#         337
  C:57AFH         LINE#         338
  C:57AFH         LINE#         340
  C:57B2H         LINE#         342
  C:57CCH         LINE#         343
  C:57CCH         LINE#         344
  C:57CCH         LINE#         346
  C:57CFH         LINE#         348
  C:57E9H         LINE#         349
  C:57E9H         LINE#         350
  C:57E9H         LINE#         352
  C:57ECH         LINE#         354
  C:5806H         LINE#         355
  C:5806H         LINE#         356
  C:5806H         LINE#         358
  C:5809H         LINE#         360
  C:5823H         LINE#         361
  C:5823H         LINE#         362
  C:5823H         LINE#         364
  C:5826H         LINE#         366
  C:5840H         LINE#         367
  C:5840H         LINE#         368
  C:5840H         LINE#         370
  C:5843H         LINE#         372
  C:585DH         LINE#         373
  C:5864H         LINE#         374
  -------         ENDPROC       SPI_NOR_WRITE_DATA
  -------         ENDMOD        AT25SF041

  -------         MODULE        SI1120
  C:0000H         SYMBOL        _ICE_DUMMY_
  D:0080H         PUBLIC        P0
  D:00B2H         PUBLIC        P3M0
  D:0090H         PUBLIC        P1
  D:00B1H         PUBLIC        P3M1
  D:00A0H         PUBLIC        P2
  D:00B0H         PUBLIC        P3
  D:00C0H         PUBLIC        P4
  D:00C8H         PUBLIC        P5
  B:00A8H.7       PUBLIC        EA
  D:00E8H         PUBLIC        P6
  D:00F8H         PUBLIC        P7
  D:00A8H         PUBLIC        IE
  D:00B8H         PUBLIC        IP
  C:6DC5H         PUBLIC        SI1120_CONFIG_MODE_VIRH
  D:00D8H         PUBLIC        CCON
  D:0098H         PUBLIC        SCON
BL51 BANKED LINKER/LOCATER V6.22                                                      08/16/2019  10:38:47  PAGE 55


  D:0088H         PUBLIC        TCON
  C:716BH         PUBLIC        Enable_EXTINT0
  B:0090H.5       PUBLIC        SI1120_STX
  B:0088H.0       PUBLIC        IT0
  B:00A8H.0       PUBLIC        EX0
  B:0090H.4       PUBLIC        SI1120_MD
  B:0090H.6       PUBLIC        SI1120_SC
  D:00D0H         PUBLIC        PSW
  -------         PROC          SI1120_CONFIG_MODE_VIRH
  C:6DC5H         LINE#         4
  C:6DC5H         LINE#         5
  C:6DC5H         LINE#         6
  C:6DC7H         LINE#         7
  C:6DC9H         LINE#         8
  C:6DCBH         LINE#         10
  C:6DD2H         LINE#         11
  C:6DD4H         LINE#         13
  C:6DD6H         LINE#         14
  C:6DD8H         LINE#         16
  C:6DDFH         LINE#         18
  C:6DE1H         LINE#         20
  C:6DE8H         LINE#         23
  C:6DEAH         LINE#         25
  C:6DECH         LINE#         27
  C:6DF3H         LINE#         29
  C:6DF5H         LINE#         31
  -------         ENDPROC       SI1120_CONFIG_MODE_VIRH
  -------         PROC          ENABLE_EXTINT0
  C:716BH         LINE#         33
  C:716BH         LINE#         34
  C:716BH         LINE#         35
  C:716EH         LINE#         36
  C:7171H         LINE#         37
  C:7173H         LINE#         38
  C:7175H         LINE#         39
  C:7177H         LINE#         40
  -------         ENDPROC       ENABLE_EXTINT0
  -------         ENDMOD        SI1120

  -------         MODULE        UART1
  C:0000H         SYMBOL        _ICE_DUMMY_
  D:0080H         PUBLIC        P0
  D:0090H         PUBLIC        P1
  D:00A0H         PUBLIC        P2
  D:00B0H         PUBLIC        P3
  D:00C0H         PUBLIC        P4
  D:00C8H         PUBLIC        P5
  C:6F5DH         PUBLIC        _uart1_SendToTCPServer
  B:00A8H.7       PUBLIC        EA
  D:00E8H         PUBLIC        P6
  D:00F8H         PUBLIC        P7
  C:6D92H         PUBLIC        _SendString
  D:00A8H         PUBLIC        IE
  B:00A8H.4       PUBLIC        ES
  D:00B8H         PUBLIC        IP
  C:706AH         PUBLIC        _ASCIItoBCD
  D:00D8H         PUBLIC        CCON
BL51 BANKED LINKER/LOCATER V6.22                                                      08/16/2019  10:38:47  PAGE 56


  C:7120H         PUBLIC        initUART1
  D:0098H         PUBLIC        SCON
  D:0088H         PUBLIC        TCON
  C:71D9H         PUBLIC        _DectoBCD
  C:001EH         PUBLIC        _ASCII_Letter
  D:008EH         PUBLIC        AUXR
  C:0006H         PUBLIC        _unit
  C:71D2H         PUBLIC        _ten
  D:00D6H         PUBLIC        T2H
  D:00D7H         PUBLIC        T2L
  C:71C3H         PUBLIC        uart1_InitTCPConn
  D:00D0H         PUBLIC        PSW
  -------         PROC          INITUART1
  C:7120H         LINE#         24
  C:7120H         LINE#         25
  C:7120H         LINE#         26
  C:7123H         LINE#         27
  C:7126H         LINE#         28
  C:7129H         LINE#         29
  C:712CH         LINE#         30
  C:712EH         LINE#         31
  C:7130H         LINE#         33
  -------         ENDPROC       INITUART1
  -------         PROC          _SENDSTRING
  X:04E9H         SYMBOL        s
  C:6D92H         LINE#         36
  C:6D9DH         LINE#         37
  C:6D9DH         LINE#         38
  C:6DADH         LINE#         39
  C:6DADH         LINE#         40
  C:6DC2H         LINE#         41
  C:6DC4H         LINE#         42
  -------         ENDPROC       _SENDSTRING
  -------         PROC          _TEN
  D:0007H         SYMBOL        BCD
  C:71D2H         LINE#         44
  C:71D2H         LINE#         45
  C:71D2H         LINE#         46
  C:71D7H         LINE#         47
  -------         ENDPROC       _TEN
  -------         PROC          _UNIT
  D:0007H         SYMBOL        BCD
  C:0006H         LINE#         48
  C:0006H         LINE#         49
  C:0006H         LINE#         53
  C:000AH         LINE#         54
  -------         ENDPROC       _UNIT
  -------         PROC          _DECTOBCD
  D:0007H         SYMBOL        dec
  C:71D9H         LINE#         55
  C:71D9H         LINE#         56
  C:71D9H         LINE#         58
  C:71D9H         LINE#         59
  -------         ENDPROC       _DECTOBCD
  -------         PROC          _ASCII_LETTER
  D:0007H         SYMBOL        dat
  C:001EH         LINE#         61
BL51 BANKED LINKER/LOCATER V6.22                                                      08/16/2019  10:38:47  PAGE 57


  C:001EH         LINE#         62
  C:001EH         LINE#         64
  C:0022H         LINE#         65
  -------         ENDPROC       _ASCII_LETTER
  -------         PROC          _ASCIITOBCD
  D:0001H         SYMBOL        ascii
  -------         DO            
  D:0007H         SYMBOL        dec_val
  D:0006H         SYMBOL        ten
  D:0007H         SYMBOL        unit
  -------         ENDDO         
  C:706AH         LINE#         67
  C:706AH         LINE#         68
  C:706AH         LINE#         70
  C:706DH         LINE#         71
  C:7073H         LINE#         72
  C:707AH         LINE#         73
  C:7080H         LINE#         75
  -------         ENDPROC       _ASCIITOBCD
  -------         PROC          UART1_INITTCPCONN
  C:71C3H         LINE#         77
  C:71C3H         LINE#         78
  C:71C3H         LINE#         82
  -------         ENDPROC       UART1_INITTCPCONN
  -------         PROC          _UART1_SENDTOTCPSERVER
  X:03F8H         SYMBOL        str
  C:6F5DH         LINE#         85
  C:6F68H         LINE#         86
  C:6F68H         LINE#         87
  C:6F71H         LINE#         88
  C:6F78H         LINE#         89
  -------         ENDPROC       _UART1_SENDTOTCPSERVER
  -------         ENDMOD        UART1

  -------         MODULE        ?C_STARTUP
  C:683DH         SEGMENT       ?C_C51STARTUP
  I:0022H         SEGMENT       ?STACK
  C:0000H         PUBLIC        ?C_STARTUP
  D:00E0H         SYMBOL        ACC
  D:00F0H         SYMBOL        B
  D:0083H         SYMBOL        DPH
  D:0082H         SYMBOL        DPL
  N:0000H         SYMBOL        IBPSTACK
  N:0100H         SYMBOL        IBPSTACKTOP
  N:0080H         SYMBOL        IDATALEN
  C:6840H         SYMBOL        IDATALOOP
  N:0000H         SYMBOL        PBPSTACK
  N:0100H         SYMBOL        PBPSTACKTOP
  N:0000H         SYMBOL        PDATALEN
  N:0000H         SYMBOL        PDATASTART
  N:0000H         SYMBOL        PPAGE
  N:0000H         SYMBOL        PPAGEENABLE
  D:00A0H         SYMBOL        PPAGE_SFR
  D:0081H         SYMBOL        SP
  C:683DH         SYMBOL        STARTUP1
  N:0000H         SYMBOL        XBPSTACK
  N:0000H         SYMBOL        XBPSTACKTOP
BL51 BANKED LINKER/LOCATER V6.22                                                      08/16/2019  10:38:47  PAGE 58


  N:0000H         SYMBOL        XDATALEN
  N:0000H         SYMBOL        XDATASTART
  C:0000H         LINE#         126
  C:683DH         LINE#         133
  C:683FH         LINE#         134
  C:6840H         LINE#         135
  C:6841H         LINE#         136
  C:6843H         LINE#         185
  C:6846H         LINE#         196
  -------         ENDMOD        ?C_STARTUP

  -------         MODULE        ?C?FPADD
  C:1E79H         PUBLIC        ?C?FPADD
  C:1E75H         PUBLIC        ?C?FPSUB
  -------         ENDMOD        ?C?FPADD

  -------         MODULE        ?C?FPMUL
  C:1F6AH         PUBLIC        ?C?FPMUL
  -------         ENDMOD        ?C?FPMUL

  -------         MODULE        ?C?FPDIV
  C:2073H         PUBLIC        ?C?FPDIV
  -------         ENDMOD        ?C?FPDIV

  -------         MODULE        ?C?FPCMP
  C:2112H         PUBLIC        ?C?FPCMP
  C:2110H         PUBLIC        ?C?FPCMP3
  -------         ENDMOD        ?C?FPCMP

  -------         MODULE        ?C?FPNEG
  C:2189H         PUBLIC        ?C?FPNEG
  -------         ENDMOD        ?C?FPNEG

  -------         MODULE        ?C?FCAST
  C:21A4H         PUBLIC        ?C?FCASTC
  C:219FH         PUBLIC        ?C?FCASTI
  C:219AH         PUBLIC        ?C?FCASTL
  -------         ENDMOD        ?C?FCAST

  -------         MODULE        ?C?CASTF
  C:21D8H         PUBLIC        ?C?CASTF
  -------         ENDMOD        ?C?CASTF

  -------         MODULE        PRINTF
  X:04E9H         PUBLIC        ?_PRINTF?BYTE
  X:04E9H         PUBLIC        ?_SPRINTF?BYTE
  C:4467H         PUBLIC        _PRINTF
  C:4461H         PUBLIC        _SPRINTF
  -------         ENDMOD        PRINTF

  -------         MODULE        FABS
  C:7178H         PUBLIC        _FABS
  -------         ENDMOD        FABS

  -------         MODULE        ATAN2
  X:049FH         PUBLIC        ?_atan2?BYTE
  C:666AH         PUBLIC        _atan2
BL51 BANKED LINKER/LOCATER V6.22                                                      08/16/2019  10:38:47  PAGE 59


  -------         ENDMOD        ATAN2

  -------         MODULE        SIN
  C:58CAH         PUBLIC        _COS
  C:58E0H         PUBLIC        _SIN
  C:591CH         PUBLIC        _TAN
  -------         ENDMOD        SIN

  -------         MODULE        ACOS
  C:6C49H         PUBLIC        _ACOS
  -------         ENDMOD        ACOS

  -------         MODULE        ASIN
  C:6D57H         PUBLIC        _ASIN
  -------         ENDMOD        ASIN

  -------         MODULE        POW
  X:03BCH         PUBLIC        ?_pow?BYTE
  C:5A0AH         PUBLIC        _pow
  -------         ENDMOD        POW

  -------         MODULE        ?C?CHKFLOAT
  C:2259H         PUBLIC        ?C?CHKFLOAT
  -------         ENDMOD        ?C?CHKFLOAT

  -------         MODULE        ?C?FPROUND
  C:2273H         PUBLIC        ?C?FPROUND
  -------         ENDMOD        ?C?FPROUND

  -------         MODULE        ?C?FPCONVERT
  C:22B0H         PUBLIC        ?C?FPCONVERT
  -------         ENDMOD        ?C?FPCONVERT

  -------         MODULE        EXP
  C:67DBH         PUBLIC        _EXP
  -------         ENDMOD        EXP

  -------         MODULE        LOG
  C:5CF9H         PUBLIC        _LOG
  C:5CF5H         PUBLIC        _LOG10
  -------         ENDMOD        LOG

  -------         MODULE        SQRT
  C:6521H         PUBLIC        _SQRT
  -------         ENDMOD        SQRT

  -------         MODULE        ATAN
  C:5E0EH         PUBLIC        _ATAN
  -------         ENDMOD        ATAN

  -------         MODULE        ?C?FTNPWR
  C:2432H         PUBLIC        ?C?FTNPWR
  -------         ENDMOD        ?C?FTNPWR

  -------         MODULE        ?C?COPY
  C:2542H         PUBLIC        ?C?COPY
  -------         ENDMOD        ?C?COPY
BL51 BANKED LINKER/LOCATER V6.22                                                      08/16/2019  10:38:47  PAGE 60



  -------         MODULE        ?C?CLDPTR
  C:2568H         PUBLIC        ?C?CLDPTR
  -------         ENDMOD        ?C?CLDPTR

  -------         MODULE        ?C?CLDOPTR
  C:2581H         PUBLIC        ?C?CLDOPTR
  -------         ENDMOD        ?C?CLDOPTR

  -------         MODULE        ?C?CSTPTR
  C:25AEH         PUBLIC        ?C?CSTPTR
  -------         ENDMOD        ?C?CSTPTR

  -------         MODULE        ?C?IMUL
  C:25C0H         PUBLIC        ?C?IMUL
  -------         ENDMOD        ?C?IMUL

  -------         MODULE        ?C?UIDIV
  C:25D2H         PUBLIC        ?C?UIDIV
  -------         ENDMOD        ?C?UIDIV

  -------         MODULE        ?C?SIDIV
  C:2627H         PUBLIC        ?C?SIDIV
  -------         ENDMOD        ?C?SIDIV

  -------         MODULE        ?C?ILDIX
  C:265DH         PUBLIC        ?C?ILDIX
  -------         ENDMOD        ?C?ILDIX

  -------         MODULE        ?C?ILDOPTR
  C:2673H         PUBLIC        ?C?ILDOPTR
  -------         ENDMOD        ?C?ILDOPTR

  -------         MODULE        ?C?ISTPTR
  C:26ABH         PUBLIC        ?C?ISTPTR
  -------         ENDMOD        ?C?ISTPTR

  -------         MODULE        ?C?LMUL
  C:26CAH         PUBLIC        ?C?LMUL
  -------         ENDMOD        ?C?LMUL

  -------         MODULE        ?C?SLDIV
  C:6C93H         PUBLIC        ?C?SLDIV
  -------         ENDMOD        ?C?SLDIV

  -------         MODULE        ?C?LNEG
  C:2719H         PUBLIC        ?C?LNEG
  -------         ENDMOD        ?C?LNEG

  -------         MODULE        ?C?ULCMP
  C:2727H         PUBLIC        ?C?ULCMP
  -------         ENDMOD        ?C?ULCMP

  -------         MODULE        ?C?LSHL
  C:2738H         PUBLIC        ?C?LSHL
  -------         ENDMOD        ?C?LSHL

BL51 BANKED LINKER/LOCATER V6.22                                                      08/16/2019  10:38:47  PAGE 61


  -------         MODULE        ?C?LLDPTR
  C:274BH         PUBLIC        ?C?LLDPTR
  -------         ENDMOD        ?C?LLDPTR

  -------         MODULE        ?C?LLDOPTR
  C:276BH         PUBLIC        ?C?LLDOPTR
  -------         ENDMOD        ?C?LLDOPTR

  -------         MODULE        ?C?LSTPTR
  C:279BH         PUBLIC        ?C?LSTPTR
  -------         ENDMOD        ?C?LSTPTR

  -------         MODULE        ?C?LSTOPTR
  C:27B5H         PUBLIC        ?C?LSTOPTR
  -------         ENDMOD        ?C?LSTOPTR

  -------         MODULE        ?C?LLDXDATA
  C:27D9H         PUBLIC        ?C?LLDXDATA
  -------         ENDMOD        ?C?LLDXDATA

  -------         MODULE        ?C?LLDCODE
  C:27E5H         PUBLIC        ?C?LLDCODE
  -------         ENDMOD        ?C?LLDCODE

  -------         MODULE        ?C?LLDXDATA0
  C:27F5H         PUBLIC        ?C?LLDXDATA0
  -------         ENDMOD        ?C?LLDXDATA0

  -------         MODULE        ?C?LLDCODE0
  C:2801H         PUBLIC        ?C?LLDCODE0
  -------         ENDMOD        ?C?LLDCODE0

  -------         MODULE        ?C?LLDPTR0
  C:2811H         PUBLIC        ?C?LLDPTR0
  -------         ENDMOD        ?C?LLDPTR0

  -------         MODULE        ?C?LSTXDATA
  C:2831H         PUBLIC        ?C?LSTXDATA
  -------         ENDMOD        ?C?LSTXDATA

  -------         MODULE        ?C?LSTKXDATA
  C:283DH         PUBLIC        ?C?LSTKXDATA
  -------         ENDMOD        ?C?LSTKXDATA

  -------         MODULE        ?C?LSTKPTR
  C:286EH         PUBLIC        ?C?LSTKPTR
  -------         ENDMOD        ?C?LSTKPTR

  -------         MODULE        ?C?OFFXADD
  C:2888H         PUBLIC        ?C?OFFXADD
  -------         ENDMOD        ?C?OFFXADD

  -------         MODULE        ?C?PLDIXDATA
  C:2894H         PUBLIC        ?C?PLDIXDATA
  -------         ENDMOD        ?C?PLDIXDATA

  -------         MODULE        ?C?PSTXDATA
BL51 BANKED LINKER/LOCATER V6.22                                                      08/16/2019  10:38:47  PAGE 62


  C:28ABH         PUBLIC        ?C?PSTXDATA
  -------         ENDMOD        ?C?PSTXDATA

  -------         MODULE        ?C?CCASE
  C:28B4H         PUBLIC        ?C?CCASE
  -------         ENDMOD        ?C?CCASE

  -------         MODULE        PUTCHAR
  C:6EEDH         PUBLIC        _PUTCHAR
  -------         ENDMOD        PUTCHAR

  -------         MODULE        ABS
  C:7191H         PUBLIC        _ABS
  -------         ENDMOD        ABS

  -------         MODULE        ATOI
  C:6217H         PUBLIC        _atoi
  -------         ENDMOD        ATOI

  -------         MODULE        ?C?IILDX
  C:28DAH         PUBLIC        ?C?IILDX
  -------         ENDMOD        ?C?IILDX

  -------         MODULE        ?C?ULDIV
  C:292CH         PUBLIC        ?C?ULDIV
  -------         ENDMOD        ?C?ULDIV

  -------         MODULE        ?C?LLDIDATA
  C:29BEH         PUBLIC        ?C?LLDIDATA
  -------         ENDMOD        ?C?LLDIDATA

  -------         MODULE        ?C?LLDPDATA
  C:29CAH         PUBLIC        ?C?LLDPDATA
  -------         ENDMOD        ?C?LLDPDATA

  -------         MODULE        ?C?LLDIDATA0
  C:29D6H         PUBLIC        ?C?LLDIDATA0
  -------         ENDMOD        ?C?LLDIDATA0

  -------         MODULE        ?C?LLDPDATA0
  C:29E3H         PUBLIC        ?C?LLDPDATA0
  -------         ENDMOD        ?C?LLDPDATA0

  -------         MODULE        ?C?LSTIDATA
  C:29F0H         PUBLIC        ?C?LSTIDATA
  -------         ENDMOD        ?C?LSTIDATA

  -------         MODULE        ?C?LSTPDATA
  C:29FCH         PUBLIC        ?C?LSTPDATA
  -------         ENDMOD        ?C?LSTPDATA

  -------         MODULE        ?C?LSTKIDATA
  C:2A08H         PUBLIC        ?C?LSTKIDATA
  -------         ENDMOD        ?C?LSTKIDATA

  -------         MODULE        ?C?LSTKPDATA
  C:2A21H         PUBLIC        ?C?LSTKPDATA
BL51 BANKED LINKER/LOCATER V6.22                                                      08/16/2019  10:38:47  PAGE 63


  -------         ENDMOD        ?C?LSTKPDATA

  -------         MODULE        ISDIGIT
  C:714FH         PUBLIC        _isdigit
  -------         ENDMOD        ISDIGIT

  -------         MODULE        ISSPACE
  C:70EAH         PUBLIC        _isspace
  -------         ENDMOD        ISSPACE

*** WARNING L16: UNCALLED SEGMENT, IGNORED FOR OVERLAY PROCESS
    SEGMENT: ?PR?_DAY_OF_YEAR?PCF85063BTL

*** WARNING L16: UNCALLED SEGMENT, IGNORED FOR OVERLAY PROCESS
    SEGMENT: ?PR?NOP?IOEXPANDER_PI4IOE5V96248

*** WARNING L16: UNCALLED SEGMENT, IGNORED FOR OVERLAY PROCESS
    SEGMENT: ?PR?UC_ACK?IOEXPANDER_PI4IOE5V96248

*** WARNING L16: UNCALLED SEGMENT, IGNORED FOR OVERLAY PROCESS
    SEGMENT: ?PR?UC_NACK?IOEXPANDER_PI4IOE5V96248

*** WARNING L16: UNCALLED SEGMENT, IGNORED FOR OVERLAY PROCESS
    SEGMENT: ?PR?_TEN?UART1

*** WARNING L16: UNCALLED SEGMENT, IGNORED FOR OVERLAY PROCESS
    SEGMENT: ?PR?_UNIT?UART1

*** WARNING L16: UNCALLED SEGMENT, IGNORED FOR OVERLAY PROCESS
    SEGMENT: ?PR?_DECTOBCD?UART1

*** WARNING L16: UNCALLED SEGMENT, IGNORED FOR OVERLAY PROCESS
    SEGMENT: ?PR?_ASCII_LETTER?UART1

*** WARNING L16: UNCALLED SEGMENT, IGNORED FOR OVERLAY PROCESS
    SEGMENT: ?PR?_ASCIITOBCD?UART1

Program Size: data=15.4 xdata=1622 code=29146
LINK/LOCATE RUN COMPLETE.  9 WARNING(S),  0 ERROR(S)
