BL51 BANKED LINKER/LOCATER V6.22                                                        02/21/2019  12:05:36  PAGE 1


BL51 BANKED LINKER/LOCATER V6.22, INVOKED BY:
C:\KEIL_V5\C51\BIN\BL51.EXE .\Obj\main.obj, .\Obj\PCF85063BTL.obj, .\Obj\UART1.obj, .\Obj\LCd_Driver_SPLC780D.obj, .\Obj
>> \KeyPad.obj, .\Obj\BipolarMotor.obj, .\Obj\SunPos.obj, .\Obj\ADC.obj, .\Obj\Calibration.obj, .\Obj\IOExpander_PI4IOE5
>> V96248.obj, .\Obj\AT25SF041.obj, .\Obj\STARTUP.obj TO .\Obj\GPIO_RTC_Test PRINT (.\Lis\GPIO_RTC_Test.m51) RAMSIZE (25
>> 6)


MEMORY MODEL: LARGE WITH FLOATING POINT ARITHMETIC


INPUT MODULES INCLUDED:
  .\Obj\main.obj (MAIN)
  .\Obj\PCF85063BTL.obj (PCF85063BTL)
  .\Obj\UART1.obj (UART1)
  .\Obj\LCd_Driver_SPLC780D.obj (LCD_DRIVER_SPLC780D)
  .\Obj\KeyPad.obj (KEYPAD)
  .\Obj\BipolarMotor.obj (BIPOLARMOTOR)
  .\Obj\SunPos.obj (SUNPOS)
  .\Obj\ADC.obj (ADC)
  .\Obj\Calibration.obj (CALIBRATION)
  .\Obj\IOExpander_PI4IOE5V96248.obj (IOEXPANDER_PI4IOE5V96248)
  .\Obj\AT25SF041.obj (AT25SF041)
  .\Obj\STARTUP.obj (?C_STARTUP)
  C:\KEIL_V5\C51\LIB\C51FPL.LIB (?C?FPADD)
  C:\KEIL_V5\C51\LIB\C51FPL.LIB (?C?FPMUL)
  C:\KEIL_V5\C51\LIB\C51FPL.LIB (?C?FPDIV)
  C:\KEIL_V5\C51\LIB\C51FPL.LIB (?C?FPCMP)
  C:\KEIL_V5\C51\LIB\C51FPL.LIB (?C?FPNEG)
  C:\KEIL_V5\C51\LIB\C51FPL.LIB (?C?FCAST)
  C:\KEIL_V5\C51\LIB\C51FPL.LIB (?C?CASTF)
  C:\KEIL_V5\C51\LIB\C51FPL.LIB (ATAN2)
  C:\KEIL_V5\C51\LIB\C51FPL.LIB (SIN)
  C:\KEIL_V5\C51\LIB\C51FPL.LIB (ACOS)
  C:\KEIL_V5\C51\LIB\C51FPL.LIB (ASIN)
  C:\KEIL_V5\C51\LIB\C51FPL.LIB (?C?FPGETOPN)
  C:\KEIL_V5\C51\LIB\C51FPL.LIB (?C?FPSERIES)
  C:\KEIL_V5\C51\LIB\C51FPL.LIB (SQRT)
  C:\KEIL_V5\C51\LIB\C51FPL.LIB (ATAN)
  C:\KEIL_V5\C51\LIB\C51L.LIB (?C_INIT)
  C:\KEIL_V5\C51\LIB\C51L.LIB (?C?COPY)
  C:\KEIL_V5\C51\LIB\C51L.LIB (?C?CLDPTR)
  C:\KEIL_V5\C51\LIB\C51L.LIB (?C?CLDOPTR)
  C:\KEIL_V5\C51\LIB\C51L.LIB (?C?CSTPTR)
  C:\KEIL_V5\C51\LIB\C51L.LIB (?C?IMUL)
  C:\KEIL_V5\C51\LIB\C51L.LIB (?C?UIDIV)
  C:\KEIL_V5\C51\LIB\C51L.LIB (?C?SIDIV)
  C:\KEIL_V5\C51\LIB\C51L.LIB (?C?IILDX)
  C:\KEIL_V5\C51\LIB\C51L.LIB (?C?ILDIX)
  C:\KEIL_V5\C51\LIB\C51L.LIB (?C?ILDOPTR)
  C:\KEIL_V5\C51\LIB\C51L.LIB (?C?ISTPTR)
  C:\KEIL_V5\C51\LIB\C51L.LIB (?C?LMUL)
  C:\KEIL_V5\C51\LIB\C51L.LIB (?C?SLDIV)
  C:\KEIL_V5\C51\LIB\C51L.LIB (?C?LNEG)
  C:\KEIL_V5\C51\LIB\C51L.LIB (?C?ULCMP)
  C:\KEIL_V5\C51\LIB\C51L.LIB (?C?LSHL)
  C:\KEIL_V5\C51\LIB\C51L.LIB (?C?LLDPTR)
  C:\KEIL_V5\C51\LIB\C51L.LIB (?C?LLDOPTR)
  C:\KEIL_V5\C51\LIB\C51L.LIB (?C?LSTPTR)
BL51 BANKED LINKER/LOCATER V6.22                                                      02/21/2019  12:05:36  PAGE 2


  C:\KEIL_V5\C51\LIB\C51L.LIB (?C?LSTOPTR)
  C:\KEIL_V5\C51\LIB\C51L.LIB (?C?LLDXDATA)
  C:\KEIL_V5\C51\LIB\C51L.LIB (?C?LLDCODE)
  C:\KEIL_V5\C51\LIB\C51L.LIB (?C?LLDXDATA0)
  C:\KEIL_V5\C51\LIB\C51L.LIB (?C?LLDCODE0)
  C:\KEIL_V5\C51\LIB\C51L.LIB (?C?LLDPTR0)
  C:\KEIL_V5\C51\LIB\C51L.LIB (?C?LSTXDATA)
  C:\KEIL_V5\C51\LIB\C51L.LIB (?C?LSTKXDATA)
  C:\KEIL_V5\C51\LIB\C51L.LIB (?C?LSTKPTR)
  C:\KEIL_V5\C51\LIB\C51L.LIB (?C?OFFXADD)
  C:\KEIL_V5\C51\LIB\C51L.LIB (ABS)
  C:\KEIL_V5\C51\LIB\C51L.LIB (ATOI)
  C:\KEIL_V5\C51\LIB\C51L.LIB (?C?ULDIV)
  C:\KEIL_V5\C51\LIB\C51L.LIB (?C?LLDIDATA)
  C:\KEIL_V5\C51\LIB\C51L.LIB (?C?LLDPDATA)
  C:\KEIL_V5\C51\LIB\C51L.LIB (?C?LLDIDATA0)
  C:\KEIL_V5\C51\LIB\C51L.LIB (?C?LLDPDATA0)
  C:\KEIL_V5\C51\LIB\C51L.LIB (?C?LSTIDATA)
  C:\KEIL_V5\C51\LIB\C51L.LIB (?C?LSTPDATA)
  C:\KEIL_V5\C51\LIB\C51L.LIB (?C?LSTKIDATA)
  C:\KEIL_V5\C51\LIB\C51L.LIB (?C?LSTKPDATA)
  C:\KEIL_V5\C51\LIB\C51L.LIB (ISDIGIT)
  C:\KEIL_V5\C51\LIB\C51L.LIB (ISSPACE)


LINK MAP OF MODULE:  .\Obj\GPIO_RTC_Test (MAIN)


            TYPE    BASE      LENGTH    RELOCATION   SEGMENT NAME
            -----------------------------------------------------

            * * * * * * *   D A T A   M E M O R Y   * * * * * * *
            REG     0000H     0008H     ABSOLUTE     "REG BANK 0"
                    0008H     0018H                  *** GAP ***
            BIT     0020H.0   0000H.5   UNIT         ?BI?KEYPAD
            BIT     0020H.5   0000H.2   UNIT         ?BI?ATAN?ATAN
            BIT     0020H.7   0000H.1   UNIT         ?BI?MAIN
            BIT     0021H.0   0000H.1   UNIT         ?BI?VONESTEPMOVE?BIPOLARMOTOR
            BIT     0021H.1   0000H.1   UNIT         ?BI?_STEP_MOVE?BIPOLARMOTOR
            BIT     0021H.2   0000H.1   UNIT         ?BI?_MOVE?BIPOLARMOTOR
            BIT     0021H.3   0000H.1   UNIT         ?BI?SIN?SIN
            BIT     0021H.4   0000H.1   UNIT         ?BI?_ATOI?ATOI
                    0021H.5   0000H.3                *** GAP ***
            IDATA   0022H     0001H     UNIT         ?STACK

            * * * * * * *  X D A T A   M E M O R Y  * * * * * * *
            XDATA   0000H     038FH     UNIT         ?XD?BIPOLARMOTOR
            XDATA   038FH     00D4H     UNIT         ?XD?MAIN
            XDATA   0463H     009FH     UNIT         ?XD?_UPDATE_POSITION?BIPOLARMOTOR
            XDATA   0502H     008AH     UNIT         ?XD?_FIND_REAL_MAX?CALIBRATION
            XDATA   058CH     005DH     UNIT         ?XD?SUNPOS?SUNPOS
            XDATA   05E9H     0040H     UNIT         ?XD?_FINDDET4X4?BIPOLARMOTOR
            XDATA   0629H     003AH     UNIT         _XDATA_GROUP_
            XDATA   0663H     0024H     UNIT         ?XD?_FINDDET3X3?BIPOLARMOTOR
            XDATA   0687H     0019H     UNIT         ?XD?_CALIBRATION?CALIBRATION
            XDATA   06A0H     0018H     UNIT         ?XD?VOLTAGE_IS_STABLE?CALIBRATION
            XDATA   06B8H     0014H     UNIT         ?XD?LINEAR_INTERPOLATE?BIPOLARMOTOR
BL51 BANKED LINKER/LOCATER V6.22                                                      02/21/2019  12:05:36  PAGE 3


            XDATA   06CCH     000FH     UNIT         ?XD?_READ_TIME?PCF85063BTL
            XDATA   06DBH     000AH     UNIT         ?XD?_DISPLAY_POS?MAIN
            XDATA   06E5H     0009H     UNIT         ?XD?KEYPAD
            XDATA   06EEH     0008H     UNIT         ?XD?_AT25SF041_WRITE?AT25SF041
            XDATA   06F6H     0008H     UNIT         ?XD?_ATAN2?ATAN2
            XDATA   06FEH     0006H     UNIT         ?XD?KEY_PROCESS?KEYPAD
            XDATA   0704H     0006H     UNIT         ?XD?_SPI_NOR_WRITE_DATA?AT25SF041
            XDATA   070AH     0005H     UNIT         ?XD?_ATOI?ATOI
            XDATA   070FH     0004H     UNIT         ?XD?_DISPLAY_PROX?MAIN
            XDATA   0713H     0004H     UNIT         ?XD?_STEP_MOVE?BIPOLARMOTOR
            XDATA   0717H     0004H     UNIT         ?XD?_MOVE?BIPOLARMOTOR
            XDATA   071BH     0004H     UNIT         ?XD?_MAX_VALUE?CALIBRATION
            XDATA   071FH     0004H     UNIT         ?XD?SIN?SIN
            XDATA   0723H     0004H     UNIT         ?XD?SQRT?SQRT
            XDATA   0727H     0004H     UNIT         ?XD?ATAN?ATAN
            XDATA   072BH     0003H     UNIT         ?XD?_SENDSTRING?UART1
            XDATA   072EH     0003H     UNIT         ?XD?KEY_SCAN?KEYPAD
            XDATA   0731H     0003H     UNIT         ?XD?_WRITE_PI4IOE5V96248?IOEXPANDER_PI4IOE5V96248
            XDATA   0734H     0003H     UNIT         ?XD?READ_STATUS_REGISTER_BYTE1?AT25SF041
            XDATA   0737H     0002H     UNIT         ?XD?AT25SF041_CHIPERASE?AT25SF041
            XDATA   0739H     0002H     UNIT         ?XD?AT25SF041_WRITEENABLE?AT25SF041
            XDATA   073BH     0001H     UNIT         ?XD?_DISPLAYLCD?LCD_DRIVER_SPLC780D
            XDATA   073CH     0001H     UNIT         ?XD?I2C_ACK?IOEXPANDER_PI4IOE5V96248
            XDATA   073DH     0001H     UNIT         ?XD?UC_ACK?IOEXPANDER_PI4IOE5V96248
            XDATA   073EH     0001H     UNIT         ?XD?UC_NACK?IOEXPANDER_PI4IOE5V96248

            * * * * * * *   C O D E   M E M O R Y   * * * * * * *
            CODE    0000H     0003H     ABSOLUTE     
            CODE    0003H     0006H     UNIT         ?PR?_TEN?UART1
            CODE    0009H     0001H     UNIT         ?PR?TM0_ISR?MAIN
            CODE    000AH     0001H     UNIT         ?PR?_DECTOBCD?UART1
            CODE    000BH     0003H     ABSOLUTE     
            CODE    000EH     0B00H     UNIT         ?PR?_UPDATE_POSITION?BIPOLARMOTOR
            CODE    0B0EH     09B6H     UNIT         ?C?LIB_CODE
            CODE    14C4H     07A2H     UNIT         ?PR?SUNPOS?SUNPOS
            CODE    1C66H     03F2H     UNIT         ?C_INITSEG
            CODE    2058H     0309H     UNIT         ?PR?_FIND_REAL_MAX?CALIBRATION
            CODE    2361H     02C0H     UNIT         ?PR?_FINDDET4X4?BIPOLARMOTOR
            CODE    2621H     02A0H     UNIT         ?PR?KEY_PROCESS?KEYPAD
            CODE    28C1H     021DH     UNIT         ?PR?_SPI_NOR_WRITE_DATA?AT25SF041
            CODE    2ADEH     01D1H     UNIT         ?PR?_FINDDET3X3?BIPOLARMOTOR
            CODE    2CAFH     018DH     UNIT         ?PR?KEY_SCAN?KEYPAD
            CODE    2E3CH     0188H     UNIT         ?PR?SIN?SIN
            CODE    2FC4H     0172H     UNIT         ?PR?_DISPLAY_POS?MAIN
            CODE    3136H     014FH     UNIT         ?PR?MAIN?MAIN
            CODE    3285H     013CH     UNIT         ?PR?_CALIBRATION?CALIBRATION
            CODE    33C1H     0122H     UNIT         ?PR?ATAN?ATAN
            CODE    34E3H     0106H     UNIT         ?PR?_AT25SF041_READ?AT25SF041
            CODE    35E9H     00FEH     UNIT         ?PR?_AT25SF041_WRITE?AT25SF041
            CODE    36E7H     00DBH     UNIT         ?PR?_ATOI?ATOI
            CODE    37C2H     00C3H     UNIT         ?PR?LINEAR_INTERPOLATE?BIPOLARMOTOR
            CODE    3885H     00BBH     UNIT         ?PR?VOLTAGE_IS_STABLE?CALIBRATION
            CODE    3940H     00ADH     UNIT         ?PR?_WRITE_PI4IOE5V96248?IOEXPANDER_PI4IOE5V96248
            CODE    39EDH     00ACH     UNIT         ?PR?SQRT?SQRT
            CODE    3A99H     00A1H     UNIT         ?PR?READ_STATUS_REGISTER_BYTE1?AT25SF041
            CODE    3B3AH     009DH     UNIT         ?PR?_ATAN2?ATAN2
            CODE    3BD7H     009CH     UNIT         ?PR?_MAX_VALUE?CALIBRATION
BL51 BANKED LINKER/LOCATER V6.22                                                      02/21/2019  12:05:36  PAGE 4


            CODE    3C73H     0095H     UNIT         ?PR?_DISPLAY_PROX?MAIN
            CODE    3D08H     008CH     UNIT         ?C_C51STARTUP
            CODE    3D94H     0084H     UNIT         ?PR?_DAY_OF_YEAR?PCF85063BTL
            CODE    3E18H     0075H     UNIT         ?PR?_WRITEDATA?LCD_DRIVER_SPLC780D
            CODE    3E8DH     006FH     UNIT         ?PR?_READ_TIME?PCF85063BTL
            CODE    3EFCH     005AH     UNIT         ?PR?AT25SF041_CHIPERASE?AT25SF041
            CODE    3F56H     005AH     UNIT         ?PR?AT25SF041_WRITEENABLE?AT25SF041
            CODE    3FB0H     0059H     UNIT         ?PR?LCD_INIT?LCD_DRIVER_SPLC780D
            CODE    4009H     004AH     UNIT         ?PR?VONESTEPMOVE?BIPOLARMOTOR
            CODE    4053H     004AH     UNIT         ?PR?ACOS?ACOS
            CODE    409DH     0044H     UNIT         ?C?LDIV
            CODE    40E1H     0040H     UNIT         ?PR?_COMMAND?LCD_DRIVER_SPLC780D
            CODE    4121H     0040H     UNIT         ?PR?_STEP_MOVE?BIPOLARMOTOR
            CODE    4161H     003BH     UNIT         ?PR?ASIN?ASIN
            CODE    419CH     0033H     UNIT         ?PR?_SENDSTRING?UART1
            CODE    41CFH     002CH     UNIT         ?PR?_ADC_GETRESULT?ADC
            CODE    41FBH     002BH     UNIT         ?PR?_WAIT_MS_I2C?IOEXPANDER_PI4IOE5V96248
            CODE    4226H     002BH     UNIT         ?PR?_WAIT_MS_SPINOR?AT25SF041
            CODE    4251H     0028H     UNIT         ?PR?_MOVE?BIPOLARMOTOR
            CODE    4279H     0027H     UNIT         ?PR?_I2C_SENDBYTE?IOEXPANDER_PI4IOE5V96248
            CODE    42A0H     0024H     UNIT         ?PR?_WAIT_MS?LCD_DRIVER_SPLC780D
            CODE    42C4H     0020H     UNIT         ?PR?_SPI_SENDBYTE?PCF85063BTL
            CODE    42E4H     0020H     UNIT         ?PR?SPI_RECEIVEBYTE?PCF85063BTL
            CODE    4304H     001FH     UNIT         ?PR?ADC_INIT?ADC
            CODE    4323H     001EH     UNIT         ?PR?_DELAY_MS?KEYPAD
            CODE    4341H     001DH     UNIT         ?PR?_DISPLAYLCD?LCD_DRIVER_SPLC780D
            CODE    435EH     001BH     UNIT         ?PR?_BCDTODEC1?BIPOLARMOTOR
            CODE    4379H     0018H     UNIT         ?PR?_SPI_WRITETIME?PCF85063BTL
            CODE    4391H     0017H     UNIT         ?PR?_ASCIITOBCD?UART1
            CODE    43A8H     0016H     UNIT         ?PR?I2C_ACK?IOEXPANDER_PI4IOE5V96248
            CODE    43BEH     0015H     UNIT         ?PR?_DISPLAY_LINE?LCD_DRIVER_SPLC780D
            CODE    43D3H     0015H     UNIT         ?PR?I2C_STOP?IOEXPANDER_PI4IOE5V96248
            CODE    43E8H     0014H     UNIT         ?PR?_PCF85063BTL_DELAY?PCF85063BTL
            CODE    43FCH     0014H     UNIT         ?PR?_ISSPACE?ISSPACE
            CODE    4410H     0011H     UNIT         ?PR?_SPI_READTIME?PCF85063BTL
            CODE    4421H     0011H     UNIT         ?PR?_BCDTODEC?PCF85063BTL
            CODE    4432H     0011H     UNIT         ?PR?INITUART1?UART1
            CODE    4443H     000FH     UNIT         ?PR?I2C_START?IOEXPANDER_PI4IOE5V96248
            CODE    4452H     000FH     UNIT         ?PR?UC_NACK?IOEXPANDER_PI4IOE5V96248
            CODE    4461H     000FH     UNIT         ?PR?_ISDIGIT?ISDIGIT
            CODE    4470H     000DH     UNIT         ?PR?SPI_INIT?PCF85063BTL
            CODE    447DH     000CH     UNIT         ?PR?KEYPAD_IO_INIT?KEYPAD
            CODE    4489H     000CH     UNIT         ?PR?_ABS?ABS
            CODE    4495H     000AH     UNIT         ?PR?LCD_RETURN_HOME?LCD_DRIVER_SPLC780D
            CODE    449FH     000AH     UNIT         ?PR?LCD_CLEAR?LCD_DRIVER_SPLC780D
            CODE    44A9H     0006H     UNIT         ?PR?UC_ACK?IOEXPANDER_PI4IOE5V96248
            CODE    44AFH     0005H     UNIT         ?PR?_UNIT?UART1
            CODE    44B4H     0005H     UNIT         ?PR?_ASCII_LETTER?UART1
            CODE    44B9H     0001H     UNIT         ?PR?WAIT?BIPOLARMOTOR
            CODE    44BAH     0001H     UNIT         ?PR?NOP?IOEXPANDER_PI4IOE5V96248



OVERLAY MAP OF MODULE:   .\Obj\GPIO_RTC_Test (MAIN)


SEGMENT                                            XDATA_GROUP
BL51 BANKED LINKER/LOCATER V6.22                                                      02/21/2019  12:05:36  PAGE 5


  +--> CALLED SEGMENT                            START    LENGTH
----------------------------------------------------------------
?C_C51STARTUP                                    -----    -----
  +--> ?PR?MAIN?MAIN
  +--> ?C_INITSEG

?PR?MAIN?MAIN                                    0629H    0032H
  +--> ?PR?LCD_INIT?LCD_DRIVER_SPLC780D
  +--> ?PR?SPI_INIT?PCF85063BTL
  +--> ?PR?KEYPAD_IO_INIT?KEYPAD
  +--> ?PR?ADC_INIT?ADC
  +--> ?PR?_SPI_WRITETIME?PCF85063BTL
  +--> ?PR?_DELAY_MS?KEYPAD
  +--> ?PR?_DISPLAY_LINE?LCD_DRIVER_SPLC780D
  +--> ?PR?_WRITEDATA?LCD_DRIVER_SPLC780D
  +--> ?PR?_AT25SF041_READ?AT25SF041

?PR?LCD_INIT?LCD_DRIVER_SPLC780D                 -----    -----
  +--> ?PR?_WAIT_MS?LCD_DRIVER_SPLC780D
  +--> ?PR?_COMMAND?LCD_DRIVER_SPLC780D

?PR?_COMMAND?LCD_DRIVER_SPLC780D                 -----    -----
  +--> ?PR?_WAIT_MS?LCD_DRIVER_SPLC780D

?PR?ADC_INIT?ADC                                 -----    -----
  +--> ?PR?_WAIT_MS?LCD_DRIVER_SPLC780D

?PR?_SPI_WRITETIME?PCF85063BTL                   -----    -----
  +--> ?PR?_SPI_SENDBYTE?PCF85063BTL

?PR?_SPI_SENDBYTE?PCF85063BTL                    -----    -----
  +--> ?PR?_PCF85063BTL_DELAY?PCF85063BTL

?PR?_DISPLAY_LINE?LCD_DRIVER_SPLC780D            -----    -----
  +--> ?PR?_COMMAND?LCD_DRIVER_SPLC780D

?PR?_WRITEDATA?LCD_DRIVER_SPLC780D               065BH    0001H
  +--> ?PR?_WAIT_MS?LCD_DRIVER_SPLC780D

?PR?_AT25SF041_READ?AT25SF041                    065BH    0008H
  +--> ?PR?_WAIT_MS_SPINOR?AT25SF041



UNRESOLVED EXTERNAL SYMBOLS:
   AUTO_MODE
   _SENDUART1



SYMBOL TABLE OF MODULE:  .\Obj\GPIO_RTC_Test (MAIN)

  VALUE           TYPE          NAME
  ----------------------------------

  -------         MODULE        MAIN
  C:0000H         SYMBOL        _ICE_DUMMY_
BL51 BANKED LINKER/LOCATER V6.22                                                      02/21/2019  12:05:36  PAGE 6


  X:0397H         PUBLIC        calib_value
  D:0080H         PUBLIC        P0
  D:00B2H         PUBLIC        P3M0
  D:0090H         PUBLIC        P1
  D:00B4H         PUBLIC        P4M0
  D:00B1H         PUBLIC        P3M1
  D:00A0H         PUBLIC        P2
  D:00B3H         PUBLIC        P4M1
  D:00B0H         PUBLIC        P3
  D:00C0H         PUBLIC        P4
  D:00C8H         PUBLIC        P5
  X:03EBH         SYMBOL        PressedKey
  B:00A8H.7       PUBLIC        EA
  D:00E8H         PUBLIC        P6
  X:03EFH         PUBLIC        calib_stamp
  D:00F8H         PUBLIC        P7
  X:03F0H         PUBLIC        RX_Data_Uart_Cnt
  D:00A8H         PUBLIC        IE
  X:03F2H         PUBLIC        calib_time
  D:00B8H         PUBLIC        IP
  X:0446H         PUBLIC        months
  D:00D8H         PUBLIC        CCON
  C:3136H         PUBLIC        main
  X:0447H         PUBLIC        count
  X:0449H         PUBLIC        days
  X:044AH         PUBLIC        hours
  D:0098H         PUBLIC        SCON
  D:0089H         PUBLIC        TMOD
  D:0088H         PUBLIC        TCON
  X:044BH         SYMBOL        KeyCount
  X:044DH         PUBLIC        mins
  X:044EH         PUBLIC        Rec_data_hour
  X:0451H         PUBLIC        Rec_data_min
  D:008EH         PUBLIC        AUXR
  C:0009H         PUBLIC        tm0_isr
  B:0020H.7       PUBLIC        busy
  B:00A8H.1       PUBLIC        ET0
  D:008CH         PUBLIC        TH0
  X:0454H         PUBLIC        hour_count
  D:008AH         PUBLIC        TL0
  X:0455H         PUBLIC        min_count
  B:0088H.4       PUBLIC        TR0
  X:0456H         SYMBOL        KeyNum
  X:0457H         SYMBOL        KeyNum_Old
  X:0458H         PUBLIC        current_position
  X:045CH         PUBLIC        hours1
  X:045DH         PUBLIC        hours2
  C:3C73H         PUBLIC        _Display_Prox
  X:045EH         PUBLIC        mins1
  X:045FH         PUBLIC        mins2
  C:2FC4H         PUBLIC        _Display_Pos
  X:0460H         PUBLIC        seconds
  X:0461H         PUBLIC        st_time
  D:00D0H         PUBLIC        PSW
  -------         PROC          TM0_ISR
  C:0009H         LINE#         85
  C:0009H         LINE#         87
BL51 BANKED LINKER/LOCATER V6.22                                                      02/21/2019  12:05:36  PAGE 7


  -------         ENDPROC       TM0_ISR
  -------         PROC          MAIN
  -------         DO            
  X:0629H         SYMBOL        sunlight_ADC
  X:038FH         SYMBOL        KeyCount
  X:0391H         SYMBOL        KeyNum_Old
  X:0392H         SYMBOL        KeyNum
  X:0393H         SYMBOL        PressedKey
  X:062BH         SYMBOL        prox_flag
  X:062CH         SYMBOL        SPI_NOR_DATA
  X:062DH         SYMBOL        iUse_prevday_calib_value
  X:062FH         SYMBOL        max_ADC_Val
  X:0631H         SYMBOL        max_ADC_Val_JP
  X:0633H         SYMBOL        calib_point1
  X:063BH         SYMBOL        calib_point2
  X:0643H         SYMBOL        dat_to_store
  X:064FH         SYMBOL        calib_day
  X:0651H         SYMBOL        calib_count
  X:0653H         SYMBOL        theorical_JP_max_pos
  X:0657H         SYMBOL        SPI_NOR_INTERNAL_FLASH_ADDR
  -------         ENDDO         
  C:3136H         LINE#         89
  C:3136H         LINE#         90
  C:3136H         LINE#         95
  C:313FH         LINE#         96
  C:3147H         LINE#         100
  C:314DH         LINE#         101
  C:3157H         LINE#         102
  C:3161H         LINE#         106
  C:3163H         LINE#         107
  C:3165H         LINE#         108
  C:3167H         LINE#         109
  C:3169H         LINE#         111
  C:3170H         LINE#         120
  C:3172H         LINE#         121
  C:3175H         LINE#         122
  C:3178H         LINE#         123
  C:317BH         LINE#         124
  C:317EH         LINE#         125
  C:3181H         LINE#         126
  C:3184H         LINE#         127
  C:3187H         LINE#         130
  C:318AH         LINE#         132
  C:318DH         LINE#         133
  C:3190H         LINE#         134
  C:3193H         LINE#         135
  C:3195H         LINE#         136
  C:3197H         LINE#         137
  C:3199H         LINE#         139
  C:319BH         LINE#         140
  C:31A2H         LINE#         141
  C:31A9H         LINE#         142
  C:31B0H         LINE#         143
  C:31B7H         LINE#         147
  C:31BEH         LINE#         148
  C:31C3H         LINE#         149
  C:31C8H         LINE#         150
BL51 BANKED LINKER/LOCATER V6.22                                                      02/21/2019  12:05:36  PAGE 8


  C:31CDH         LINE#         151
  C:31D2H         LINE#         152
  C:31D7H         LINE#         155
  C:31F0H         LINE#         156
  C:31F0H         LINE#         157
  C:320CH         LINE#         158
  C:3253H         LINE#         159
  C:3264H         LINE#         161
  C:3278H         LINE#         163
  C:327BH         LINE#         164
  C:327BH         LINE#         165
  C:327DH         LINE#         167
  C:327FH         LINE#         169
  C:327FH         LINE#         170
  C:3284H         LINE#         172
  C:3284H         LINE#         179
  -------         ENDPROC       MAIN
  -------         PROC          _DISPLAY_PROX
  D:0002H         SYMBOL        dat
  -------         DO            
  X:070FH         SYMBOL        unit
  X:0710H         SYMBOL        ten
  X:0711H         SYMBOL        hundred
  X:0712H         SYMBOL        thousand
  -------         ENDDO         
  C:3C73H         LINE#         256
  C:3C77H         LINE#         257
  C:3C77H         LINE#         259
  C:3C83H         LINE#         260
  C:3C93H         LINE#         261
  C:3CAFH         LINE#         262
  C:3CDFH         LINE#         263
  C:3CE9H         LINE#         264
  C:3CF3H         LINE#         265
  C:3CFDH         LINE#         266
  C:3D07H         LINE#         268
  -------         ENDPROC       _DISPLAY_PROX
  -------         PROC          _DISPLAY_POS
  X:06DBH         SYMBOL        sign_dat
  -------         DO            
  X:06DFH         SYMBOL        unit
  X:06E0H         SYMBOL        ten
  X:06E1H         SYMBOL        hundred
  D:0003H         SYMBOL        thousand
  X:06E2H         SYMBOL        after_dot
  X:06E3H         SYMBOL        dat
  -------         ENDDO         
  C:2FC4H         LINE#         271
  C:2FCAH         LINE#         272
  C:2FCAH         LINE#         276
  C:2FE6H         LINE#         277
  C:3000H         LINE#         278
  C:3024H         LINE#         280
  C:306EH         LINE#         282
  C:3085H         LINE#         283
  C:3092H         LINE#         284
  C:30B4H         LINE#         285
BL51 BANKED LINKER/LOCATER V6.22                                                      02/21/2019  12:05:36  PAGE 9


  C:30E9H         LINE#         286
  C:3101H         LINE#         287
  C:3101H         LINE#         289
  C:3101H         LINE#         290
  C:3101H         LINE#         291
  C:3101H         LINE#         292
  C:3101H         LINE#         293
  C:3101H         LINE#         297
  C:3103H         LINE#         299
  C:3103H         LINE#         301
  C:3108H         LINE#         302
  C:3112H         LINE#         303
  C:311CH         LINE#         304
  C:3126H         LINE#         305
  C:312BH         LINE#         306
  C:3135H         LINE#         310
  C:3135H         LINE#         312
  -------         ENDPROC       _DISPLAY_POS
  -------         ENDMOD        MAIN

  -------         MODULE        PCF85063BTL
  C:0000H         SYMBOL        _ICE_DUMMY_
  D:0096H         PUBLIC        P2M0
  D:0080H         PUBLIC        P0
  D:0095H         PUBLIC        P2M1
  D:0090H         PUBLIC        P1
  D:00A0H         PUBLIC        P2
  D:00B0H         PUBLIC        P3
  D:00C0H         PUBLIC        P4
  D:00C8H         PUBLIC        P5
  D:00E8H         PUBLIC        P6
  B:00A0H.1       PUBLIC        PCF85063BTL_SDI
  D:00F8H         PUBLIC        P7
  B:00A0H.2       PUBLIC        PCF85063BTL_SCK
  B:00A0H.1       PUBLIC        PCF85063BTL_SDO
  D:00A8H         PUBLIC        IE
  C:3E8DH         PUBLIC        _Read_time
  C:43EEH         PUBLIC        _PCF85063BTL_Delay
  D:00B8H         PUBLIC        IP
  D:00D8H         PUBLIC        CCON
  C:3D94H         PUBLIC        _Day_Of_Year
  C:42E4H         PUBLIC        SPI_ReceiveByte
  D:0098H         PUBLIC        SCON
  D:0088H         PUBLIC        TCON
  C:4421H         PUBLIC        _BCDtoDec
  B:00A0H.0       PUBLIC        PCF85063BTL_CS
  C:4410H         PUBLIC        _SPI_ReadTime
  C:4470H         PUBLIC        SPI_Init
  C:4379H         PUBLIC        _SPI_WriteTime
  C:42C4H         PUBLIC        _SPI_SendByte
  D:00D0H         PUBLIC        PSW
  C:43EAH         SYMBOL        L?0047
  -------         PROC          L?0046
  -------         ENDPROC       L?0046
  C:43EAH         SYMBOL        L?0047
  -------         PROC          _PCF85063BTL_DELAY
  D:0006H         SYMBOL        us
BL51 BANKED LINKER/LOCATER V6.22                                                      02/21/2019  12:05:36  PAGE 10


  C:43EEH         LINE#         8
  C:43EEH         LINE#         9
  C:43EEH         LINE#         10
  C:43F8H         LINE#         11
  C:43F8H         LINE#         12
  C:43F9H         LINE#         13
  C:43FBH         LINE#         14
  -------         ENDPROC       _PCF85063BTL_DELAY
  -------         PROC          _SPI_SENDBYTE
  D:0005H         SYMBOL        dat
  -------         DO            
  D:0003H         SYMBOL        i
  -------         ENDDO         
  C:42C4H         LINE#         17
  C:42C6H         LINE#         18
  C:42C6H         LINE#         20
  C:42C8H         LINE#         21
  C:42C8H         LINE#         22
  C:42CAH         LINE#         23
  C:42CEH         LINE#         24
  C:42CEH         LINE#         25
  C:42D0H         LINE#         26
  C:42D2H         LINE#         28
  C:42D2H         LINE#         29
  C:42D4H         LINE#         30
  C:42D4H         LINE#         31
  C:42D7H         LINE#         32
  C:42D7H         LINE#         33
  C:42DAH         LINE#         34
  C:42DEH         LINE#         35
  C:42E3H         LINE#         36
  -------         ENDPROC       _SPI_SENDBYTE
  -------         PROC          SPI_RECEIVEBYTE
  -------         DO            
  D:0003H         SYMBOL        i
  D:0005H         SYMBOL        dat
  -------         ENDDO         
  C:42E4H         LINE#         39
  C:42E4H         LINE#         40
  C:42E4H         LINE#         42
  C:42E6H         LINE#         44
  C:42E8H         LINE#         45
  C:42E9H         LINE#         46
  C:42E9H         LINE#         47
  C:42EDH         LINE#         48
  C:42EFH         LINE#         49
  C:42F2H         LINE#         51
  C:42F5H         LINE#         52
  C:42F5H         LINE#         53
  C:42F9H         LINE#         54
  C:42F9H         LINE#         55
  C:42F9H         LINE#         56
  C:42FCH         LINE#         57
  C:4301H         LINE#         58
  C:4303H         LINE#         59
  -------         ENDPROC       SPI_RECEIVEBYTE
  -------         PROC          _SPI_READTIME
BL51 BANKED LINKER/LOCATER V6.22                                                      02/21/2019  12:05:36  PAGE 11


  D:0007H         SYMBOL        addr
  -------         DO            
  D:0006H         SYMBOL        dat
  -------         ENDDO         
  C:4410H         LINE#         61
  C:4410H         LINE#         62
  C:4410H         LINE#         64
  C:4412H         LINE#         65
  C:4414H         LINE#         66
  C:441BH         LINE#         67
  C:441EH         LINE#         68
  C:4420H         LINE#         69
  C:4420H         LINE#         70
  -------         ENDPROC       _SPI_READTIME
  -------         PROC          _SPI_WRITETIME
  D:0002H         SYMBOL        val
  D:0005H         SYMBOL        addr
  C:4379H         LINE#         71
  C:437BH         LINE#         72
  C:437BH         LINE#         74
  C:437DH         LINE#         75
  C:4384H         LINE#         76
  C:4389H         LINE#         77
  C:438EH         LINE#         78
  C:4390H         LINE#         79
  -------         ENDPROC       _SPI_WRITETIME
  -------         PROC          SPI_INIT
  C:4470H         LINE#         83
  C:4470H         LINE#         84
  C:4470H         LINE#         89
  C:4473H         LINE#         90
  C:4476H         LINE#         91
  C:4478H         LINE#         92
  C:447AH         LINE#         93
  C:447CH         LINE#         94
  -------         ENDPROC       SPI_INIT
  -------         PROC          _READ_TIME
  X:06CCH         SYMBOL        months
  X:06CFH         SYMBOL        days
  X:06D2H         SYMBOL        hours
  X:06D5H         SYMBOL        mins
  X:06D8H         SYMBOL        seconds
  C:3E8DH         LINE#         96
  C:3E98H         LINE#         97
  C:3E98H         LINE#         99
  C:3EACH         LINE#         101
  C:3EC0H         LINE#         103
  C:3ED4H         LINE#         108
  C:3EE8H         LINE#         113
  -------         ENDPROC       _READ_TIME
  -------         PROC          _BCDTODEC
  D:0007H         SYMBOL        bcd
  -------         DO            
  D:0006H         SYMBOL        hi
  D:0007H         SYMBOL        lo
  -------         ENDDO         
  C:4421H         LINE#         119
BL51 BANKED LINKER/LOCATER V6.22                                                      02/21/2019  12:05:36  PAGE 12


  C:4421H         LINE#         120
  C:4421H         LINE#         122
  C:4426H         LINE#         123
  C:442AH         LINE#         124
  C:4431H         LINE#         125
  -------         ENDPROC       _BCDTODEC
  -------         PROC          _DAY_OF_YEAR
  D:0007H         SYMBOL        months_bcd
  D:0005H         SYMBOL        days_bcd
  -------         DO            
  D:0004H         SYMBOL        months
  D:0007H         SYMBOL        days
  -------         ENDDO         
  C:3D94H         LINE#         126
  C:3D94H         LINE#         127
  C:3D94H         LINE#         130
  C:3D99H         LINE#         132
  C:3D9EH         LINE#         134
  C:3DD7H         LINE#         135
  C:3DD7H         LINE#         136
  C:3DD7H         LINE#         137
  C:3DDAH         LINE#         138
  C:3DDAH         LINE#         139
  C:3DDAH         LINE#         140
  C:3DDFH         LINE#         141
  C:3DDFH         LINE#         142
  C:3DDFH         LINE#         143
  C:3DE4H         LINE#         144
  C:3DE4H         LINE#         145
  C:3DE4H         LINE#         146
  C:3DE9H         LINE#         147
  C:3DE9H         LINE#         148
  C:3DE9H         LINE#         149
  C:3DEEH         LINE#         150
  C:3DEEH         LINE#         151
  C:3DEEH         LINE#         152
  C:3DF3H         LINE#         153
  C:3DF3H         LINE#         154
  C:3DF3H         LINE#         155
  C:3DF8H         LINE#         156
  C:3DF8H         LINE#         157
  C:3DF8H         LINE#         158
  C:3DFDH         LINE#         159
  C:3DFDH         LINE#         160
  C:3DFDH         LINE#         161
  C:3E05H         LINE#         162
  C:3E05H         LINE#         163
  C:3E05H         LINE#         164
  C:3E0AH         LINE#         165
  C:3E0AH         LINE#         166
  C:3E0AH         LINE#         167
  C:3E0FH         LINE#         168
  C:3E0FH         LINE#         169
  C:3E0FH         LINE#         170
  C:3E17H         LINE#         171
  C:3E17H         LINE#         172
  C:3E17H         LINE#         173
BL51 BANKED LINKER/LOCATER V6.22                                                      02/21/2019  12:05:36  PAGE 13


  -------         ENDPROC       _DAY_OF_YEAR
  -------         ENDMOD        PCF85063BTL

  -------         MODULE        UART1
  C:0000H         SYMBOL        _ICE_DUMMY_
  D:0080H         PUBLIC        P0
  D:0090H         PUBLIC        P1
  D:00A0H         PUBLIC        P2
  D:00B0H         PUBLIC        P3
  D:00C0H         PUBLIC        P4
  D:00C8H         PUBLIC        P5
  B:00A8H.7       PUBLIC        EA
  D:00E8H         PUBLIC        P6
  D:00F8H         PUBLIC        P7
  C:419CH         PUBLIC        _SendString
  D:00A8H         PUBLIC        IE
  B:00A8H.4       PUBLIC        ES
  D:00B8H         PUBLIC        IP
  C:4391H         PUBLIC        _ASCIItoBCD
  D:00D8H         PUBLIC        CCON
  C:4432H         PUBLIC        initUART1
  D:0098H         PUBLIC        SCON
  D:0088H         PUBLIC        TCON
  C:000AH         PUBLIC        _DectoBCD
  C:44B4H         PUBLIC        _ASCII_Letter
  D:008EH         PUBLIC        AUXR
  C:44AFH         PUBLIC        _unit
  C:0003H         PUBLIC        _ten
  D:00D6H         PUBLIC        T2H
  D:00D7H         PUBLIC        T2L
  D:00D0H         PUBLIC        PSW
  -------         PROC          INITUART1
  C:4432H         LINE#         21
  C:4432H         LINE#         22
  C:4432H         LINE#         23
  C:4435H         LINE#         24
  C:4438H         LINE#         25
  C:443BH         LINE#         26
  C:443EH         LINE#         27
  C:4440H         LINE#         28
  C:4442H         LINE#         30
  -------         ENDPROC       INITUART1
  -------         PROC          _SENDSTRING
  X:072BH         SYMBOL        s
  C:419CH         LINE#         35
  C:41A7H         LINE#         36
  C:41A7H         LINE#         37
  C:41B7H         LINE#         38
  C:41B7H         LINE#         39
  C:41CCH         LINE#         40
  C:41CEH         LINE#         41
  -------         ENDPROC       _SENDSTRING
  -------         PROC          _TEN
  D:0007H         SYMBOL        BCD
  C:0003H         LINE#         43
  C:0003H         LINE#         44
  C:0003H         LINE#         45
BL51 BANKED LINKER/LOCATER V6.22                                                      02/21/2019  12:05:36  PAGE 14


  C:0008H         LINE#         46
  -------         ENDPROC       _TEN
  -------         PROC          _UNIT
  D:0007H         SYMBOL        BCD
  C:44AFH         LINE#         47
  C:44AFH         LINE#         48
  C:44AFH         LINE#         52
  C:44B3H         LINE#         53
  -------         ENDPROC       _UNIT
  -------         PROC          _DECTOBCD
  D:0007H         SYMBOL        dec
  C:000AH         LINE#         54
  C:000AH         LINE#         55
  C:000AH         LINE#         57
  C:000AH         LINE#         58
  -------         ENDPROC       _DECTOBCD
  -------         PROC          _ASCII_LETTER
  D:0007H         SYMBOL        dat
  C:44B4H         LINE#         60
  C:44B4H         LINE#         61
  C:44B4H         LINE#         63
  C:44B8H         LINE#         64
  -------         ENDPROC       _ASCII_LETTER
  -------         PROC          _ASCIITOBCD
  D:0001H         SYMBOL        ascii
  -------         DO            
  D:0007H         SYMBOL        dec_val
  D:0006H         SYMBOL        ten
  D:0007H         SYMBOL        unit
  -------         ENDDO         
  C:4391H         LINE#         66
  C:4391H         LINE#         67
  C:4391H         LINE#         69
  C:4394H         LINE#         70
  C:439AH         LINE#         71
  C:43A1H         LINE#         72
  C:43A7H         LINE#         74
  -------         ENDPROC       _ASCIITOBCD
  -------         ENDMOD        UART1

  -------         MODULE        LCD_DRIVER_SPLC780D
  C:0000H         SYMBOL        _ICE_DUMMY_
  D:0092H         PUBLIC        P1M0
  D:0091H         PUBLIC        P1M1
  D:0080H         PUBLIC        P0
  D:0090H         PUBLIC        P1
  D:00A0H         PUBLIC        P2
  D:00B0H         PUBLIC        P3
  D:00C0H         PUBLIC        P4
  D:00C8H         PUBLIC        P5
  D:00E8H         PUBLIC        P6
  D:00F8H         PUBLIC        P7
  C:3E18H         PUBLIC        _WriteData
  D:00A8H         PUBLIC        IE
  D:00B8H         PUBLIC        IP
  D:00D8H         PUBLIC        CCON
  B:00B0H.4       PUBLIC        LCD_D4
BL51 BANKED LINKER/LOCATER V6.22                                                      02/21/2019  12:05:36  PAGE 15


  B:00B0H.5       PUBLIC        LCD_D5
  B:00B0H.6       PUBLIC        LCD_D6
  C:4341H         PUBLIC        _DisplayLCD
  B:00B0H.7       PUBLIC        LCD_D7
  D:0098H         PUBLIC        SCON
  D:0088H         PUBLIC        TCON
  C:449FH         PUBLIC        LCD_clear
  C:40E1H         PUBLIC        _Command
  C:43BEH         PUBLIC        _Display_Line
  C:3FB0H         PUBLIC        LCD_Init
  C:42A6H         PUBLIC        _Wait_ms
  B:00C0H.0       PUBLIC        LCD_RS
  B:00B0H.2       PUBLIC        LCD_RW
  C:4495H         PUBLIC        LCD_return_home
  B:00B0H.3       PUBLIC        LCD_E
  D:00D0H         PUBLIC        PSW
  -------         PROC          LCD_INIT
  C:3FB0H         LINE#         9
  C:3FB0H         LINE#         10
  C:3FB0H         LINE#         11
  C:3FB3H         LINE#         12
  C:3FB6H         LINE#         14
  C:3FBCH         LINE#         15
  C:3FC1H         LINE#         17
  C:3FC8H         LINE#         18
  C:3FCDH         LINE#         20
  C:3FD0H         LINE#         21
  C:3FD5H         LINE#         23
  C:3FD8H         LINE#         24
  C:3FDDH         LINE#         26
  C:3FE4H         LINE#         29
  C:3FE9H         LINE#         30
  C:3FEEH         LINE#         32
  C:3FF3H         LINE#         33
  C:3FF8H         LINE#         35
  C:3FFDH         LINE#         36
  C:4002H         LINE#         37
  -------         ENDPROC       LCD_INIT
  -------         PROC          _WRITEDATA
  X:065BH         SYMBOL        dat
  C:3E18H         LINE#         40
  C:3E1DH         LINE#         41
  C:3E1DH         LINE#         46
  C:3E1FH         LINE#         47
  C:3E21H         LINE#         49
  C:3E2FH         LINE#         50
  C:3E3BH         LINE#         51
  C:3E47H         LINE#         52
  C:3E51H         LINE#         53
  C:3E53H         LINE#         54
  C:3E5AH         LINE#         55
  C:3E5CH         LINE#         57
  C:3E6CH         LINE#         58
  C:3E77H         LINE#         59
  C:3E81H         LINE#         60
  C:3E85H         LINE#         62
  C:3E85H         LINE#         63
BL51 BANKED LINKER/LOCATER V6.22                                                      02/21/2019  12:05:36  PAGE 16


  C:3E88H         LINE#         64
  C:3E8AH         LINE#         65
  C:3E8CH         LINE#         67
  -------         ENDPROC       _WRITEDATA
  -------         PROC          _COMMAND
  D:0007H         SYMBOL        dat
  C:40E1H         LINE#         69
  C:40E1H         LINE#         70
  C:40E1H         LINE#         71
  C:40E3H         LINE#         72
  C:40E5H         LINE#         74
  C:40EFH         LINE#         75
  C:40F3H         LINE#         77
  C:40F5H         LINE#         78
  C:40FEH         LINE#         79
  C:4102H         LINE#         81
  C:4104H         LINE#         82
  C:410BH         LINE#         83
  C:410FH         LINE#         85
  C:4111H         LINE#         86
  C:4115H         LINE#         87
  C:4119H         LINE#         89
  C:411BH         LINE#         90
  C:411BH         LINE#         91
  C:411EH         LINE#         92
  C:4120H         LINE#         93
  -------         ENDPROC       _COMMAND
  C:42A2H         SYMBOL        L?0028
  -------         PROC          L?0027
  -------         ENDPROC       L?0027
  C:42A2H         SYMBOL        L?0028
  -------         PROC          _WAIT_MS
  D:0006H         SYMBOL        ms
  -------         DO            
  D:0004H         SYMBOL        De_Cnt
  -------         ENDDO         
  C:42A6H         LINE#         95
  C:42A6H         LINE#         96
  C:42A6H         LINE#         98
  C:42B0H         LINE#         99
  C:42B0H         LINE#         100
  C:42C3H         LINE#         101
  C:42C3H         LINE#         102
  -------         ENDPROC       _WAIT_MS
  -------         PROC          _DISPLAYLCD
  D:0007H         SYMBOL        BCD
  -------         DO            
  D:0006H         SYMBOL        first_digit
  X:073BH         SYMBOL        second_digit
  -------         ENDDO         
  C:4341H         LINE#         103
  C:4341H         LINE#         104
  C:4341H         LINE#         106
  C:4348H         LINE#         107
  C:4351H         LINE#         109
  C:4356H         LINE#         111
  -------         ENDPROC       _DISPLAYLCD
BL51 BANKED LINKER/LOCATER V6.22                                                      02/21/2019  12:05:36  PAGE 17


  -------         PROC          LCD_RETURN_HOME
  C:4495H         LINE#         115
  C:4495H         LINE#         116
  C:4495H         LINE#         117
  C:449AH         LINE#         118
  -------         ENDPROC       LCD_RETURN_HOME
  -------         PROC          LCD_CLEAR
  C:449FH         LINE#         121
  C:449FH         LINE#         122
  C:449FH         LINE#         123
  C:44A4H         LINE#         124
  -------         ENDPROC       LCD_CLEAR
  -------         PROC          _DISPLAY_LINE
  D:0006H         SYMBOL        line
  C:43BEH         LINE#         128
  C:43BEH         LINE#         129
  C:43BEH         LINE#         130
  C:43C4H         LINE#         131
  C:43C4H         LINE#         132
  C:43C6H         LINE#         133
  C:43C6H         LINE#         134
  C:43C8H         LINE#         136
  C:43C8H         LINE#         137
  C:43CDH         LINE#         138
  C:43D2H         LINE#         139
  C:43D2H         LINE#         140
  -------         ENDPROC       _DISPLAY_LINE
  -------         ENDMOD        LCD_DRIVER_SPLC780D

  -------         MODULE        KEYPAD
  C:0000H         SYMBOL        _ICE_DUMMY_
  D:0093H         PUBLIC        P0M1
  D:0080H         PUBLIC        P0
  D:0090H         PUBLIC        P1
  D:00A0H         PUBLIC        P2
  D:00B0H         PUBLIC        P3
  D:00C0H         PUBLIC        P4
  D:00C8H         PUBLIC        P5
  B:0020H.0       PUBLIC        calib_mode
  D:00E8H         PUBLIC        P6
  D:00F8H         PUBLIC        P7
  D:00A8H         PUBLIC        IE
  C:2CAFH         PUBLIC        Key_Scan
  D:00B8H         PUBLIC        IP
  D:00D8H         PUBLIC        CCON
  C:447DH         PUBLIC        KeyPad_IO_Init
  C:4323H         PUBLIC        _Delay_ms
  D:0098H         PUBLIC        SCON
  D:0088H         PUBLIC        TCON
  B:0020H.1       PUBLIC        small_move
  B:0020H.2       PUBLIC        move
  B:0020H.3       PUBLIC        direction
  B:0020H.4       PUBLIC        auto_move
  C:2621H         PUBLIC        Key_Process
  D:00D0H         PUBLIC        PSW
  D:0094H         PUBLIC        P0M0
  -------         PROC          _DELAY_MS
BL51 BANKED LINKER/LOCATER V6.22                                                      02/21/2019  12:05:36  PAGE 18


  D:0006H         SYMBOL        ms
  -------         DO            
  D:0004H         SYMBOL        De_Cnt
  -------         ENDDO         
  C:4323H         LINE#         19
  C:4323H         LINE#         20
  C:4323H         LINE#         22
  C:432DH         LINE#         23
  C:432DH         LINE#         24
  C:4340H         LINE#         25
  C:4340H         LINE#         26
  -------         ENDPROC       _DELAY_MS
  -------         PROC          KEY_SCAN
  -------         DO            
  X:072EH         SYMBOL        KeyTemp1
  X:072FH         SYMBOL        KeyTemp2
  X:0730H         SYMBOL        KeyValue
  -------         ENDDO         
  C:2CAFH         LINE#         27
  C:2CAFH         LINE#         28
  C:2CAFH         LINE#         33
  C:2CB2H         LINE#         36
  C:2CB5H         LINE#         38
  C:2CBDH         LINE#         39
  C:2CC4H         LINE#         40
  C:2CC4H         LINE#         42
  C:2CC9H         LINE#         43
  C:2CD0H         LINE#         44
  C:2CD0H         LINE#         47
  C:2CD3H         LINE#         48
  C:2CD6H         LINE#         49
  C:2CDBH         LINE#         50
  C:2CDFH         LINE#         51
  C:2CDFH         LINE#         52
  C:2CE7H         LINE#         53
  C:2CE7H         LINE#         54
  C:2CEAH         LINE#         55
  C:2CF2H         LINE#         56
  C:2CF4H         LINE#         58
  C:2D08H         LINE#         59
  C:2D08H         LINE#         60
  C:2D08H         LINE#         61
  C:2D08H         LINE#         62
  C:2D0EH         LINE#         64
  C:2D10H         LINE#         65
  C:2D10H         LINE#         66
  C:2D10H         LINE#         67
  C:2D16H         LINE#         69
  C:2D18H         LINE#         70
  C:2D18H         LINE#         71
  C:2D18H         LINE#         72
  C:2D1EH         LINE#         74
  C:2D20H         LINE#         75
  C:2D20H         LINE#         76
  C:2D20H         LINE#         77
  C:2D26H         LINE#         79
  C:2D26H         LINE#         80
BL51 BANKED LINKER/LOCATER V6.22                                                      02/21/2019  12:05:36  PAGE 19


  C:2D26H         LINE#         81
  C:2D26H         LINE#         84
  C:2D29H         LINE#         85
  C:2D2CH         LINE#         86
  C:2D34H         LINE#         87
  C:2D38H         LINE#         88
  C:2D38H         LINE#         89
  C:2D40H         LINE#         90
  C:2D40H         LINE#         91
  C:2D43H         LINE#         92
  C:2D4BH         LINE#         93
  C:2D4DH         LINE#         94
  C:2D61H         LINE#         95
  C:2D61H         LINE#         96
  C:2D61H         LINE#         97
  C:2D61H         LINE#         98
  C:2D67H         LINE#         100
  C:2D69H         LINE#         101
  C:2D69H         LINE#         102
  C:2D69H         LINE#         103
  C:2D6FH         LINE#         105
  C:2D71H         LINE#         106
  C:2D71H         LINE#         107
  C:2D71H         LINE#         108
  C:2D77H         LINE#         110
  C:2D79H         LINE#         111
  C:2D79H         LINE#         112
  C:2D79H         LINE#         113
  C:2D7EH         LINE#         115
  C:2D7EH         LINE#         116
  C:2D7EH         LINE#         117
  C:2D7EH         LINE#         120
  C:2D81H         LINE#         121
  C:2D84H         LINE#         122
  C:2D8CH         LINE#         123
  C:2D90H         LINE#         124
  C:2D90H         LINE#         125
  C:2D98H         LINE#         126
  C:2D98H         LINE#         127
  C:2D9BH         LINE#         128
  C:2DA3H         LINE#         129
  C:2DA5H         LINE#         130
  C:2DB9H         LINE#         131
  C:2DB9H         LINE#         132
  C:2DB9H         LINE#         133
  C:2DB9H         LINE#         134
  C:2DBFH         LINE#         136
  C:2DC1H         LINE#         137
  C:2DC1H         LINE#         138
  C:2DC1H         LINE#         139
  C:2DC7H         LINE#         141
  C:2DC9H         LINE#         142
  C:2DC9H         LINE#         143
  C:2DC9H         LINE#         144
  C:2DCFH         LINE#         146
  C:2DD1H         LINE#         147
  C:2DD1H         LINE#         148
BL51 BANKED LINKER/LOCATER V6.22                                                      02/21/2019  12:05:36  PAGE 20


  C:2DD1H         LINE#         149
  C:2DD7H         LINE#         151
  C:2DD7H         LINE#         152
  C:2DD7H         LINE#         153
  C:2DD7H         LINE#         157
  C:2DDAH         LINE#         158
  C:2DDDH         LINE#         159
  C:2DE5H         LINE#         160
  C:2DE9H         LINE#         161
  C:2DE9H         LINE#         162
  C:2DF1H         LINE#         163
  C:2DF1H         LINE#         164
  C:2DF4H         LINE#         165
  C:2DFCH         LINE#         166
  C:2DFEH         LINE#         167
  C:2E12H         LINE#         168
  C:2E12H         LINE#         169
  C:2E12H         LINE#         170
  C:2E12H         LINE#         171
  C:2E18H         LINE#         173
  C:2E1AH         LINE#         174
  C:2E1AH         LINE#         175
  C:2E1AH         LINE#         176
  C:2E20H         LINE#         178
  C:2E22H         LINE#         179
  C:2E22H         LINE#         180
  C:2E22H         LINE#         181
  C:2E28H         LINE#         183
  C:2E2AH         LINE#         184
  C:2E2AH         LINE#         185
  C:2E2AH         LINE#         186
  C:2E30H         LINE#         188
  C:2E30H         LINE#         189
  C:2E30H         LINE#         190
  C:2E30H         LINE#         192
  C:2E36H         LINE#         193
  C:2E36H         LINE#         195
  C:2E36H         LINE#         196
  C:2E39H         LINE#         197
  C:2E39H         LINE#         198
  C:2E39H         LINE#         200
  C:2E39H         LINE#         201
  C:2E3BH         LINE#         202
  C:2E3BH         LINE#         203
  -------         ENDPROC       KEY_SCAN
  -------         PROC          KEY_PROCESS
  -------         DO            
  X:06E5H         SYMBOL        KeyCount
  X:06E7H         SYMBOL        KeyNum_Old
  X:06E8H         SYMBOL        KeyNum
  X:06E9H         SYMBOL        PressedKey
  X:06FEH         SYMBOL        d
  D:0004H         SYMBOL        hours
  D:0006H         SYMBOL        mins
  X:0700H         SYMBOL        months
  X:0702H         SYMBOL        days
  -------         ENDDO         
BL51 BANKED LINKER/LOCATER V6.22                                                      02/21/2019  12:05:36  PAGE 21


  C:2621H         LINE#         204
  C:2621H         LINE#         205
  C:2621H         LINE#         209
  C:2629H         LINE#         210
  C:2631H         LINE#         212
  C:2634H         LINE#         213
  C:2634H         LINE#         214
  C:2637H         LINE#         216
  C:2637H         LINE#         217
  C:2644H         LINE#         218
  C:2644H         LINE#         219
  C:2647H         LINE#         220
  C:264AH         LINE#         222
  C:264DH         LINE#         224
  C:264DH         LINE#         225
  C:2658H         LINE#         226
  C:2658H         LINE#         227
  C:265BH         LINE#         229
  C:265BH         LINE#         230
  C:2662H         LINE#         231
  C:2662H         LINE#         232
  C:2665H         LINE#         234
  C:2665H         LINE#         235
  C:266DH         LINE#         236
  C:266DH         LINE#         237
  C:2677H         LINE#         238
  C:267FH         LINE#         240
  C:2688H         LINE#         242
  C:2688H         LINE#         251
  C:269DH         LINE#         252
  C:269DH         LINE#         253
  C:26AFH         LINE#         254
  C:26BDH         LINE#         255
  C:26CCH         LINE#         256
  C:26CCH         LINE#         258
  C:26D2H         LINE#         262
  C:26E8H         LINE#         263
  C:26F9H         LINE#         264
  C:2714H         LINE#         265
  C:2714H         LINE#         266
  C:2724H         LINE#         267
  C:2735H         LINE#         268
  C:2735H         LINE#         272
  C:274EH         LINE#         273
  C:2765H         LINE#         274
  C:2785H         LINE#         275
  C:2785H         LINE#         276
  C:278FH         LINE#         277
  C:278FH         LINE#         278
  C:2798H         LINE#         279
  C:2798H         LINE#         280
  C:27ACH         LINE#         281
  C:27ACH         LINE#         282
  C:27ACH         LINE#         283
  C:27ACH         LINE#         284
  C:27ACH         LINE#         285
  C:27AEH         LINE#         287
BL51 BANKED LINKER/LOCATER V6.22                                                      02/21/2019  12:05:36  PAGE 22


  C:27AEH         LINE#         288
  C:27BAH         LINE#         289
  C:27BAH         LINE#         290
  C:27CBH         LINE#         291
  C:27CBH         LINE#         292
  C:27CBH         LINE#         293
  C:27CBH         LINE#         294
  C:27CBH         LINE#         296
  C:27CDH         LINE#         298
  C:27CDH         LINE#         299
  C:27DEH         LINE#         300
  C:27DEH         LINE#         301
  C:27DEH         LINE#         302
  C:27DEH         LINE#         303
  C:27DEH         LINE#         305
  C:27DEH         LINE#         307
  C:27DEH         LINE#         308
  C:27E0H         LINE#         310
  C:27E0H         LINE#         311
  C:27F3H         LINE#         312
  C:27F3H         LINE#         313
  C:2804H         LINE#         314
  C:2804H         LINE#         315
  C:2804H         LINE#         316
  C:2804H         LINE#         317
  C:2804H         LINE#         318
  C:2806H         LINE#         320
  C:2806H         LINE#         321
  C:2817H         LINE#         322
  C:2817H         LINE#         323
  C:2828H         LINE#         324
  C:2839H         LINE#         325
  C:2839H         LINE#         326
  C:2839H         LINE#         327
  C:2839H         LINE#         328
  C:2839H         LINE#         329
  C:283CH         LINE#         330
  C:2841H         LINE#         331
  C:2846H         LINE#         332
  C:284BH         LINE#         333
  C:2850H         LINE#         334
  C:2855H         LINE#         335
  C:285AH         LINE#         336
  C:285FH         LINE#         337
  C:285FH         LINE#         339
  C:2881H         LINE#         340
  C:2881H         LINE#         341
  C:288BH         LINE#         342
  C:288BH         LINE#         343
  C:2890H         LINE#         344
  C:2899H         LINE#         345
  C:28B0H         LINE#         346
  C:28B0H         LINE#         347
  C:28C0H         LINE#         349
  C:28C0H         LINE#         353
  -------         ENDPROC       KEY_PROCESS
  -------         PROC          KEYPAD_IO_INIT
BL51 BANKED LINKER/LOCATER V6.22                                                      02/21/2019  12:05:36  PAGE 23


  C:447DH         LINE#         356
  C:447DH         LINE#         357
  C:447DH         LINE#         358
  C:4480H         LINE#         359
  C:4483H         LINE#         360
  C:4486H         LINE#         361
  C:4488H         LINE#         362
  -------         ENDPROC       KEYPAD_IO_INIT
  -------         ENDMOD        KEYPAD

  -------         MODULE        BIPOLARMOTOR
  C:0000H         SYMBOL        _ICE_DUMMY_
  D:0080H         PUBLIC        P0
  D:0090H         PUBLIC        P1
  X:0000H         PUBLIC        RX_pos_test
  D:00A0H         PUBLIC        P2
  D:00B0H         PUBLIC        P3
  D:00C0H         PUBLIC        P4
  D:00C8H         PUBLIC        P5
  D:00E8H         PUBLIC        P6
  D:00F8H         PUBLIC        P7
  X:00A0H         PUBLIC        low_date_azimuth_mapping
  D:00A8H         PUBLIC        IE
  C:37E5H         PUBLIC        linear_interpolate
  C:4251H         PUBLIC        _Move
  D:00B8H         PUBLIC        IP
  C:2B11H         PUBLIC        _findDet3x3
  C:2361H         PUBLIC        _findDet4x4
  D:00D8H         PUBLIC        CCON
  X:00C8H         PUBLIC        previous_move_time
  D:0098H         PUBLIC        SCON
  D:0088H         PUBLIC        TCON
  C:44B9H         PUBLIC        wait
  C:4121H         PUBLIC        _Step_move
  X:00C9H         PUBLIC        dat
  C:000EH         PUBLIC        _Update_position
  C:4009H         PUBLIC        vOneStepMove
  X:00CFH         PUBLIC        elevation_stamp
  X:010BH         PUBLIC        date_azimuth_mapping
  X:0133H         PUBLIC        RX_pos
  C:4368H         PUBLIC        _BCDtoDec1
  X:038BH         PUBLIC        degree
  D:00D0H         PUBLIC        PSW
  -------         PROC          L?0062
  -------         ENDPROC       L?0062
  -------         PROC          _BCDTODEC1
  D:0007H         SYMBOL        bcd
  -------         DO            
  D:0006H         SYMBOL        hi
  D:0007H         SYMBOL        lo
  -------         ENDDO         
  C:4368H         LINE#         28
  C:4368H         LINE#         29
  C:4368H         LINE#         31
  C:436DH         LINE#         32
  C:4371H         LINE#         33
  C:4378H         LINE#         34
BL51 BANKED LINKER/LOCATER V6.22                                                      02/21/2019  12:05:36  PAGE 24


  -------         ENDPROC       _BCDTODEC1
  -------         PROC          WAIT
  C:44B9H         LINE#         36
  C:44B9H         LINE#         38
  -------         ENDPROC       WAIT
  -------         PROC          VONESTEPMOVE
  B:0021H.0       SYMBOL        bDir
  C:4009H         LINE#         40
  C:4009H         LINE#         41
  C:4009H         LINE#         43
  C:400FH         LINE#         44
  C:400FH         LINE#         45
  C:4012H         LINE#         46
  C:401BH         LINE#         47
  C:4022H         LINE#         48
  C:4027H         LINE#         49
  C:4027H         LINE#         50
  C:4027H         LINE#         52
  C:4029H         LINE#         55
  C:4029H         LINE#         56
  C:402CH         LINE#         57
  C:4035H         LINE#         58
  C:403CH         LINE#         59
  C:4042H         LINE#         60
  C:404BH         LINE#         61
  C:4052H         LINE#         62
  C:4052H         LINE#         66
  -------         ENDPROC       VONESTEPMOVE
  -------         PROC          _STEP_MOVE
  X:0713H         SYMBOL        step
  B:0021H.1       SYMBOL        dir
  -------         DO            
  X:0715H         SYMBOL        i
  -------         ENDDO         
  C:4121H         LINE#         68
  C:4129H         LINE#         69
  C:4129H         LINE#         71
  C:412EH         LINE#         74
  C:4149H         LINE#         75
  C:4149H         LINE#         76
  C:4150H         LINE#         78
  C:4160H         LINE#         80
  -------         ENDPROC       _STEP_MOVE
  -------         PROC          _MOVE
  X:0717H         SYMBOL        distance
  B:0021H.2       SYMBOL        direction
  -------         DO            
  D:0006H         SYMBOL        step
  -------         ENDDO         
  C:4251H         LINE#         82
  C:4257H         LINE#         83
  C:4257H         LINE#         86
  C:4272H         LINE#         87
  -------         ENDPROC       _MOVE
  C:2AF2H         SYMBOL        L?0058
  C:2B06H         SYMBOL        L?0059
  -------         PROC          L?0057
BL51 BANKED LINKER/LOCATER V6.22                                                      02/21/2019  12:05:36  PAGE 25


  -------         ENDPROC       L?0057
  C:2AF2H         SYMBOL        L?0058
  C:2B06H         SYMBOL        L?0059
  -------         PROC          _FINDDET3X3
  X:0663H         SYMBOL        a11
  X:0667H         SYMBOL        a12
  X:066BH         SYMBOL        a13
  X:066FH         SYMBOL        a21
  X:0673H         SYMBOL        a22
  X:0677H         SYMBOL        a23
  X:067BH         SYMBOL        a31
  X:067FH         SYMBOL        a32
  X:0683H         SYMBOL        a33
  C:2B11H         LINE#         91
  C:2B17H         LINE#         95
  C:2B17H         LINE#         96
  C:2CAEH         LINE#         98
  -------         ENDPROC       _FINDDET3X3
  -------         PROC          _FINDDET4X4
  X:05E9H         SYMBOL        a11
  X:05EDH         SYMBOL        a12
  X:05F1H         SYMBOL        a13
  X:05F5H         SYMBOL        a14
  X:05F9H         SYMBOL        a21
  X:05FDH         SYMBOL        a22
  X:0601H         SYMBOL        a23
  X:0605H         SYMBOL        a24
  X:0609H         SYMBOL        a31
  X:060DH         SYMBOL        a32
  X:0611H         SYMBOL        a33
  X:0615H         SYMBOL        a34
  X:0619H         SYMBOL        a41
  X:061DH         SYMBOL        a42
  X:0621H         SYMBOL        a43
  X:0625H         SYMBOL        a44
  C:2361H         LINE#         99
  C:2367H         LINE#         103
  C:2367H         LINE#         110
  C:2620H         LINE#         114
  -------         ENDPROC       _FINDDET4X4
  C:37D4H         SYMBOL        L?0061
  -------         PROC          L?0060
  -------         ENDPROC       L?0060
  C:37D4H         SYMBOL        L?0061
  -------         PROC          LINEAR_INTERPOLATE
  X:06B8H         SYMBOL        p1
  X:06C0H         SYMBOL        p2
  X:06C8H         SYMBOL        x
  -------         DO            
  D:0004H         SYMBOL        fx
  -------         ENDDO         
  C:37E5H         LINE#         120
  C:37E5H         LINE#         121
  C:37E5H         LINE#         124
  C:3884H         LINE#         126
  C:3884H         LINE#         127
  -------         ENDPROC       LINEAR_INTERPOLATE
BL51 BANKED LINKER/LOCATER V6.22                                                      02/21/2019  12:05:36  PAGE 26


  -------         PROC          _UPDATE_POSITION
  D:0001H         SYMBOL        mnths
  D:0002H         SYMBOL        dys
  X:0465H         SYMBOL        hurs
  X:0466H         SYMBOL        mns
  X:0467H         SYMBOL        sconds
  X:0468H         SYMBOL        currnt_pos
  X:046BH         SYMBOL        offset_calib
  -------         DO            
  X:046FH         SYMBOL        date
  X:0471H         SYMBOL        i
  X:0473H         SYMBOL        yy
  X:0475H         SYMBOL        desired_distance
  X:0479H         SYMBOL        distance
  X:047DH         SYMBOL        JP_pos
  X:0481H         SYMBOL        pos_interpolate_azimuth
  X:04BDH         SYMBOL        current_local_sun_time
  X:04C1H         SYMBOL        azimuth
  X:04C5H         SYMBOL        elevation
  X:04C9H         SYMBOL        time_offset
  X:04CDH         SYMBOL        UTC_time
  X:04D1H         SYMBOL        declination
  X:04D5H         SYMBOL        p1
  X:04DDH         SYMBOL        p2
  X:04E5H         SYMBOL        time
  X:04F7H         SYMBOL        location
  X:04FFH         SYMBOL        sunCoord
  -------         ENDDO         
  C:000EH         LINE#         131
  C:0017H         LINE#         134
  C:0017H         LINE#         135
  C:0022H         LINE#         137
  C:003EH         LINE#         138
  C:0048H         LINE#         146
  C:0052H         LINE#         147
  C:005CH         LINE#         148
  C:0066H         LINE#         149
  C:0071H         LINE#         150
  C:007CH         LINE#         151
  C:0095H         LINE#         152
  C:00A6H         LINE#         153
  C:00B5H         LINE#         156
  C:00C9H         LINE#         160
  C:011BH         LINE#         161
  C:027FH         LINE#         162
  C:02CFH         LINE#         164
  C:03F7H         LINE#         166
  C:04C6H         LINE#         173
  C:050DH         LINE#         174
  C:050DH         LINE#         176
  C:0527H         LINE#         177
  C:0527H         LINE#         178
  C:0597H         LINE#         179
  C:0597H         LINE#         180
  C:059EH         LINE#         181
  C:059EH         LINE#         182
  C:05CBH         LINE#         183
BL51 BANKED LINKER/LOCATER V6.22                                                      02/21/2019  12:05:36  PAGE 27


  C:05E6H         LINE#         185
  C:062DH         LINE#         186
  C:0661H         LINE#         188
  C:06A7H         LINE#         189
  C:06CAH         LINE#         191
  C:06CAH         LINE#         193
  C:0740H         LINE#         194
  C:0740H         LINE#         195
  C:0747H         LINE#         196
  C:0747H         LINE#         197
  C:0774H         LINE#         198
  C:078FH         LINE#         200
  C:07D6H         LINE#         201
  C:080AH         LINE#         203
  C:0850H         LINE#         204
  C:0870H         LINE#         206
  C:0870H         LINE#         207
  C:0881H         LINE#         210
  C:089BH         LINE#         211
  C:089BH         LINE#         212
  C:090BH         LINE#         213
  C:090BH         LINE#         214
  C:0938H         LINE#         215
  C:0953H         LINE#         217
  C:0980H         LINE#         218
  C:099BH         LINE#         220
  C:09CDH         LINE#         223
  C:09CDH         LINE#         225
  C:09DEH         LINE#         227
  C:0A0DH         LINE#         229
  C:0A32H         LINE#         230
  C:0A97H         LINE#         231
  C:0A97H         LINE#         232
  C:0AB1H         LINE#         233
  C:0AC3H         LINE#         234
  C:0ADBH         LINE#         235
  C:0AF1H         LINE#         237
  C:0B0DH         LINE#         238
  C:0B0DH         LINE#         239
  C:0B0DH         LINE#         242
  -------         ENDPROC       _UPDATE_POSITION
  -------         ENDMOD        BIPOLARMOTOR

  -------         MODULE        SUNPOS
  C:0000H         SYMBOL        _ICE_DUMMY_
  C:14C4H         PUBLIC        sunpos
  -------         PROC          SUNPOS
  X:058CH         SYMBOL        udtTime
  X:059EH         SYMBOL        udtLocation
  X:05A6H         SYMBOL        udtSunCoordinates
  -------         DO            
  X:05A9H         SYMBOL        dElapsedJulianDays
  X:05ADH         SYMBOL        dDecimalHours
  X:05B1H         SYMBOL        dEclipticLongitude
  X:05B5H         SYMBOL        dEclipticObliquity
  X:05B9H         SYMBOL        dRightAscension
  X:05BDH         SYMBOL        dDeclination
BL51 BANKED LINKER/LOCATER V6.22                                                      02/21/2019  12:05:36  PAGE 28


  X:05C1H         SYMBOL        dY
  X:05C5H         SYMBOL        dX
  -------         DO            
  X:05C9H         SYMBOL        dJulianDate
  X:05CDH         SYMBOL        liAux1
  X:05D1H         SYMBOL        liAux2
  X:05C9H         SYMBOL        dMeanLongitude
  X:05CDH         SYMBOL        dMeanAnomaly
  X:05D1H         SYMBOL        dOmega
  X:05C9H         SYMBOL        dSin_EclipticLongitude
  X:05C9H         SYMBOL        dGreenwichMeanSiderealTime
  X:05CDH         SYMBOL        dLocalMeanSiderealTime
  X:05D1H         SYMBOL        dLatitudeInRadians
  X:05D5H         SYMBOL        dHourAngle
  X:05D9H         SYMBOL        dCos_Latitude
  X:05DDH         SYMBOL        dSin_Latitude
  X:05E1H         SYMBOL        dCos_HourAngle
  X:05E5H         SYMBOL        dParallax
  -------         ENDDO         
  -------         DO            
  X:05C9H         SYMBOL        dMeanLongitude
  X:05CDH         SYMBOL        dMeanAnomaly
  X:05D1H         SYMBOL        dOmega
  X:05C9H         SYMBOL        dSin_EclipticLongitude
  X:05C9H         SYMBOL        dGreenwichMeanSiderealTime
  X:05CDH         SYMBOL        dLocalMeanSiderealTime
  X:05D1H         SYMBOL        dLatitudeInRadians
  X:05D5H         SYMBOL        dHourAngle
  X:05D9H         SYMBOL        dCos_Latitude
  X:05DDH         SYMBOL        dSin_Latitude
  X:05E1H         SYMBOL        dCos_HourAngle
  X:05E5H         SYMBOL        dParallax
  -------         ENDDO         
  -------         DO            
  X:05C9H         SYMBOL        dSin_EclipticLongitude
  X:05C9H         SYMBOL        dGreenwichMeanSiderealTime
  X:05CDH         SYMBOL        dLocalMeanSiderealTime
  X:05D1H         SYMBOL        dLatitudeInRadians
  X:05D5H         SYMBOL        dHourAngle
  X:05D9H         SYMBOL        dCos_Latitude
  X:05DDH         SYMBOL        dSin_Latitude
  X:05E1H         SYMBOL        dCos_HourAngle
  X:05E5H         SYMBOL        dParallax
  -------         ENDDO         
  -------         DO            
  X:05C9H         SYMBOL        dGreenwichMeanSiderealTime
  X:05CDH         SYMBOL        dLocalMeanSiderealTime
  X:05D1H         SYMBOL        dLatitudeInRadians
  X:05D5H         SYMBOL        dHourAngle
  X:05D9H         SYMBOL        dCos_Latitude
  X:05DDH         SYMBOL        dSin_Latitude
  X:05E1H         SYMBOL        dCos_HourAngle
  X:05E5H         SYMBOL        dParallax
  -------         ENDDO         
  -------         ENDDO         
  C:14C4H         LINE#         6
  C:14C4H         LINE#         7
BL51 BANKED LINKER/LOCATER V6.22                                                      02/21/2019  12:05:36  PAGE 29


  C:14C4H         LINE#         9
  C:14C4H         LINE#         27
  C:150EH         LINE#         30
  C:152FH         LINE#         31
  C:1676H         LINE#         34
  C:16C2H         LINE#         36
  C:16E1H         LINE#         37
  C:16E1H         LINE#         42
  C:16E1H         LINE#         46
  C:1713H         LINE#         47
  C:173DH         LINE#         48
  C:1767H         LINE#         49
  C:1814H         LINE#         52
  C:1875H         LINE#         54
  C:1875H         LINE#         59
  C:1875H         LINE#         61
  C:188CH         LINE#         62
  C:18B4H         LINE#         63
  C:18CBH         LINE#         64
  C:18F6H         LINE#         65
  C:192DH         LINE#         66
  C:1958H         LINE#         67
  C:1958H         LINE#         70
  C:1958H         LINE#         79
  C:1993H         LINE#         82
  C:19CDH         LINE#         84
  C:19F2H         LINE#         85
  C:1A11H         LINE#         86
  C:1A28H         LINE#         87
  C:1A3FH         LINE#         88
  C:1A56H         LINE#         89
  C:1ADFH         LINE#         91
  C:1AF9H         LINE#         92
  C:1B5BH         LINE#         93
  C:1B91H         LINE#         94
  C:1BA3H         LINE#         95
  C:1BD0H         LINE#         96
  C:1BFDH         LINE#         98
  C:1C1FH         LINE#         100
  C:1C57H         LINE#         103
  C:1C57H         LINE#         104
  C:1C65H         LINE#         105
  -------         ENDPROC       SUNPOS
  -------         ENDMOD        SUNPOS

  -------         MODULE        ADC
  C:0000H         SYMBOL        _ICE_DUMMY_
  D:0092H         PUBLIC        P1M0
  D:0091H         PUBLIC        P1M1
  D:0080H         PUBLIC        P0
  D:0090H         PUBLIC        P1
  D:00A0H         PUBLIC        P2
  D:00B0H         PUBLIC        P3
  D:00C0H         PUBLIC        P4
  D:00C8H         PUBLIC        P5
  D:00E8H         PUBLIC        P6
  D:00F8H         PUBLIC        P7
BL51 BANKED LINKER/LOCATER V6.22                                                      02/21/2019  12:05:36  PAGE 30


  D:00A8H         PUBLIC        IE
  D:00BDH         PUBLIC        ADC_RES
  D:00B8H         PUBLIC        IP
  D:0097H         PUBLIC        CLK_DIV
  D:00D8H         PUBLIC        CCON
  D:00BCH         PUBLIC        ADC_CONTR
  D:0098H         PUBLIC        SCON
  D:0088H         PUBLIC        TCON
  B:00A0H.4       PUBLIC        P24
  B:00A0H.5       PUBLIC        P25
  B:00A0H.6       PUBLIC        P26
  C:4304H         PUBLIC        ADC_Init
  C:41CFH         PUBLIC        _ADC_GetResult
  D:009DH         PUBLIC        P1ASF
  D:00BEH         PUBLIC        ADC_RESL
  D:00D0H         PUBLIC        PSW
  -------         PROC          ADC_INIT
  C:4304H         LINE#         7
  C:4304H         LINE#         8
  C:4304H         LINE#         10
  C:4306H         LINE#         11
  C:4308H         LINE#         12
  C:430AH         LINE#         13
  C:430DH         LINE#         14
  C:4310H         LINE#         15
  C:4313H         LINE#         16
  C:4316H         LINE#         18
  C:4318H         LINE#         19
  C:431AH         LINE#         20
  C:431DH         LINE#         22
  -------         ENDPROC       ADC_INIT
  -------         PROC          _ADC_GETRESULT
  D:0007H         SYMBOL        ch
  -------         DO            
  D:0006H         SYMBOL        ADC_Value_H
  D:0004H         SYMBOL        ADC_Value_L
  D:0006H         SYMBOL        ADC_Value
  -------         ENDDO         
  C:41CFH         LINE#         27
  C:41CFH         LINE#         28
  C:41CFH         LINE#         30
  C:41D4H         LINE#         31
  C:41D5H         LINE#         32
  C:41D6H         LINE#         33
  C:41D7H         LINE#         34
  C:41D8H         LINE#         35
  C:41DDH         LINE#         36
  C:41E0H         LINE#         37
  C:41E4H         LINE#         38
  C:41E8H         LINE#         40
  C:41FAH         LINE#         41
  C:41FAH         LINE#         42
  -------         ENDPROC       _ADC_GETRESULT
  -------         ENDMOD        ADC

  -------         MODULE        CALIBRATION
  C:0000H         SYMBOL        _ICE_DUMMY_
BL51 BANKED LINKER/LOCATER V6.22                                                      02/21/2019  12:05:36  PAGE 31


  D:0080H         PUBLIC        P0
  D:0090H         PUBLIC        P1
  D:00A0H         PUBLIC        P2
  D:00B0H         PUBLIC        P3
  D:00C0H         PUBLIC        P4
  D:00C8H         PUBLIC        P5
  D:00E8H         PUBLIC        P6
  D:00F8H         PUBLIC        P7
  C:3BD7H         PUBLIC        _Max_Value
  D:00A8H         PUBLIC        IE
  C:3285H         PUBLIC        _calibration
  C:3885H         PUBLIC        voltage_is_stable
  D:00B8H         PUBLIC        IP
  D:00D8H         PUBLIC        CCON
  D:0098H         PUBLIC        SCON
  D:0088H         PUBLIC        TCON
  C:2058H         PUBLIC        _Find_Real_Max
  D:00D0H         PUBLIC        PSW
  -------         PROC          VOLTAGE_IS_STABLE
  -------         DO            
  X:06A0H         SYMBOL        sample_voltage
  X:06B4H         SYMBOL        i
  X:06B6H         SYMBOL        ch
  -------         ENDDO         
  C:3885H         LINE#         19
  C:3885H         LINE#         20
  C:3885H         LINE#         22
  C:388CH         LINE#         23
  C:3892H         LINE#         24
  C:3892H         LINE#         25
  C:38BBH         LINE#         26
  C:38DAH         LINE#         28
  C:38F4H         LINE#         29
  C:38F4H         LINE#         30
  C:3927H         LINE#         31
  C:392BH         LINE#         32
  C:393BH         LINE#         33
  C:393FH         LINE#         34
  -------         ENDPROC       VOLTAGE_IS_STABLE
  -------         PROC          _FIND_REAL_MAX
  X:0502H         SYMBOL        current_position
  X:0505H         SYMBOL        max_ADC_value
  X:0508H         SYMBOL        max_ADC_JP_value
  -------         DO            
  X:050BH         SYMBOL        ch
  X:050CH         SYMBOL        calib_step_move
  X:0510H         SYMBOL        voltage_at_scanned_pos
  X:0588H         SYMBOL        max_location
  X:058AH         SYMBOL        i
  -------         ENDDO         
  C:2058H         LINE#         35
  C:2063H         LINE#         36
  C:2063H         LINE#         37
  C:2068H         LINE#         38
  C:2070H         LINE#         42
  C:2089H         LINE#         43
  C:2089H         LINE#         44
BL51 BANKED LINKER/LOCATER V6.22                                                      02/21/2019  12:05:36  PAGE 32


  C:209EH         LINE#         45
  C:20AEH         LINE#         46
  C:20B5H         LINE#         47
  C:20B5H         LINE#         48
  C:20C3H         LINE#         49
  C:20C3H         LINE#         50
  C:20D6H         LINE#         51
  C:20FCH         LINE#         52
  C:2125H         LINE#         53
  C:212EH         LINE#         54
  C:212EH         LINE#         55
  C:2146H         LINE#         56
  C:2146H         LINE#         58
  C:2149H         LINE#         60
  C:2149H         LINE#         62
  C:215BH         LINE#         63
  C:217BH         LINE#         66
  C:21A2H         LINE#         68
  C:21FEH         LINE#         69
  C:2201H         LINE#         70
  C:2201H         LINE#         74
  C:2206H         LINE#         75
  C:220BH         LINE#         77
  C:2210H         LINE#         78
  C:2215H         LINE#         79
  C:221AH         LINE#         80
  C:221FH         LINE#         83
  C:2256H         LINE#         84
  C:225BH         LINE#         85
  C:2260H         LINE#         86
  C:2267H         LINE#         87
  C:2289H         LINE#         89
  C:2298H         LINE#         90
  C:2298H         LINE#         91
  C:22A9H         LINE#         92
  C:22D2H         LINE#         94
  C:22FCH         LINE#         95
  C:2359H         LINE#         96
  C:2360H         LINE#         97
  C:2360H         LINE#         99
  -------         ENDPROC       _FIND_REAL_MAX
  -------         PROC          _MAX_VALUE
  D:0001H         SYMBOL        input
  -------         DO            
  D:0004H         SYMBOL        max
  X:071BH         SYMBOL        max_location
  X:071DH         SYMBOL        i
  -------         ENDDO         
  C:3BD7H         LINE#         102
  C:3BD7H         LINE#         103
  C:3BD7H         LINE#         104
  C:3BE2H         LINE#         106
  C:3BF7H         LINE#         107
  C:3BF7H         LINE#         108
  C:3C2DH         LINE#         109
  C:3C4AH         LINE#         110
  C:3C59H         LINE#         111
BL51 BANKED LINKER/LOCATER V6.22                                                      02/21/2019  12:05:36  PAGE 33


  C:3C6AH         LINE#         112
  C:3C72H         LINE#         114
  -------         ENDPROC       _MAX_VALUE
  -------         PROC          _CALIBRATION
  X:0687H         SYMBOL        mnths
  X:0688H         SYMBOL        dys
  X:0689H         SYMBOL        hurs
  X:068AH         SYMBOL        mns
  X:068BH         SYMBOL        sconds
  X:068CH         SYMBOL        currnt_pos
  X:068FH         SYMBOL        max_ADC_Val
  X:0692H         SYMBOL        theorical_max_pos
  X:0695H         SYMBOL        max_ADC_JP_value
  -------         DO            
  X:0698H         SYMBOL        calib_value
  X:069CH         SYMBOL        JP_max_pos
  -------         ENDDO         
  C:3285H         LINE#         116
  C:3290H         LINE#         119
  C:3290H         LINE#         120
  C:329AH         LINE#         122
  C:32AEH         LINE#         123
  C:32BFH         LINE#         124
  C:32D0H         LINE#         125
  C:32E2H         LINE#         127
  C:32ECH         LINE#         128
  C:32ECH         LINE#         130
  C:3322H         LINE#         131
  C:3348H         LINE#         133
  C:336BH         LINE#         134
  C:3390H         LINE#         135
  C:33ACH         LINE#         136
  C:33BBH         LINE#         137
  C:33BBH         LINE#         139
  C:33C0H         LINE#         140
  -------         ENDPROC       _CALIBRATION
  -------         ENDMOD        CALIBRATION

  -------         MODULE        IOEXPANDER_PI4IOE5V96248
  C:0000H         SYMBOL        _ICE_DUMMY_
  D:0080H         PUBLIC        P0
  B:00C8H.4       PUBLIC        I2C_SCK
  D:0090H         PUBLIC        P1
  D:00A0H         PUBLIC        P2
  D:00B0H         PUBLIC        P3
  D:00C0H         PUBLIC        P4
  D:00C8H         PUBLIC        P5
  D:00E8H         PUBLIC        P6
  D:00F8H         PUBLIC        P7
  D:00A8H         PUBLIC        IE
  D:00B8H         PUBLIC        IP
  D:00D8H         PUBLIC        CCON
  C:4443H         PUBLIC        I2C_Start
  D:0098H         PUBLIC        SCON
  D:0088H         PUBLIC        TCON
  C:3940H         PUBLIC        _Write_PI4IOE5V96248
  C:4452H         PUBLIC        uC_NACK
BL51 BANKED LINKER/LOCATER V6.22                                                      02/21/2019  12:05:36  PAGE 34


  C:4208H         PUBLIC        _Wait_ms_i2c
  C:427EH         PUBLIC        _I2C_SendByte
  C:43D3H         PUBLIC        I2C_Stop
  C:44BAH         PUBLIC        nop
  C:44A9H         PUBLIC        uC_ACK
  C:43A8H         PUBLIC        I2C_ACK
  B:00C0H.7       PUBLIC        I2C_SDA
  D:00D0H         PUBLIC        PSW
  C:4202H         SYMBOL        L?0031
  C:4204H         SYMBOL        L?0032
  -------         PROC          L?0030
  -------         ENDPROC       L?0030
  C:4202H         SYMBOL        L?0031
  C:4204H         SYMBOL        L?0032
  -------         PROC          _WAIT_MS_I2C
  D:0006H         SYMBOL        ms
  -------         DO            
  D:0004H         SYMBOL        De_Cnt
  -------         ENDDO         
  C:4208H         LINE#         7
  C:4208H         LINE#         8
  C:4208H         LINE#         10
  C:4212H         LINE#         11
[...]
  C:365FH         LINE#         121
  C:3661H         LINE#         123
  C:3661H         LINE#         124
  C:3661H         LINE#         125
  C:3661H         LINE#         126
BL51 BANKED LINKER/LOCATER V6.22                                                      02/21/2019  12:05:36  PAGE 40


  C:3664H         LINE#         127
  C:367DH         LINE#         129
  C:369CH         LINE#         131
  C:36A3H         LINE#         132
  C:36A3H         LINE#         133
  C:36A5H         LINE#         134
  C:36A8H         LINE#         135
  C:36AFH         LINE#         136
  C:36AFH         LINE#         137
  C:36B1H         LINE#         138
  C:36B3H         LINE#         140
  C:36B3H         LINE#         141
  C:36B5H         LINE#         143
  C:36B5H         LINE#         144
  C:36B5H         LINE#         145
  C:36B5H         LINE#         146
  C:36B8H         LINE#         147
  C:36BFH         LINE#         149
  C:36DEH         LINE#         151
  C:36E0H         LINE#         152
  -------         ENDPROC       _AT25SF041_WRITE
  -------         PROC          _AT25SF041_READ
  D:0003H         SYMBOL        opcode
  X:065CH         SYMBOL        addr
  -------         DO            
  X:0660H         SYMBOL        dat
  X:0661H         SYMBOL        i
  -------         ENDDO         
  C:34E3H         LINE#         156
  C:34E5H         LINE#         157
  C:34E5H         LINE#         158
  C:34EAH         LINE#         160
  C:34ECH         LINE#         161
  C:34F2H         LINE#         165
  C:34F7H         LINE#         166
  C:34F7H         LINE#         167
  C:34F9H         LINE#         168
  C:34FCH         LINE#         169
  C:3500H         LINE#         170
  C:3500H         LINE#         171
  C:3502H         LINE#         172
  C:3504H         LINE#         174
  C:3504H         LINE#         175
  C:3506H         LINE#         177
  C:3506H         LINE#         178
  C:3506H         LINE#         179
  C:3506H         LINE#         180
  C:3509H         LINE#         181
  C:350DH         LINE#         184
  C:352CH         LINE#         186
  C:3533H         LINE#         187
  C:3533H         LINE#         188
  C:3535H         LINE#         189
  C:3538H         LINE#         190
  C:3551H         LINE#         191
  C:3551H         LINE#         192
  C:3553H         LINE#         193
BL51 BANKED LINKER/LOCATER V6.22                                                      02/21/2019  12:05:36  PAGE 41


  C:3555H         LINE#         195
  C:3555H         LINE#         196
  C:3557H         LINE#         198
  C:3557H         LINE#         199
  C:3557H         LINE#         200
  C:3557H         LINE#         201
  C:355AH         LINE#         202
  C:3573H         LINE#         204
  C:3592H         LINE#         207
  C:3599H         LINE#         209
  C:359BH         LINE#         210
  C:35A2H         LINE#         212
  C:35A9H         LINE#         213
  C:35A9H         LINE#         214
  C:35B0H         LINE#         215
  C:35B0H         LINE#         216
  C:35B3H         LINE#         217
  C:35B5H         LINE#         218
  C:35B8H         LINE#         220
  C:35BBH         LINE#         221
  C:35BBH         LINE#         223
  C:35BFH         LINE#         224
  C:35BFH         LINE#         230
  C:35DEH         LINE#         233
  C:35E0H         LINE#         234
  C:35E3H         LINE#         235
  C:35E8H         LINE#         237
  -------         ENDPROC       _AT25SF041_READ
  -------         PROC          READ_STATUS_REGISTER_BYTE1
  -------         DO            
  D:0003H         SYMBOL        dat
  D:0001H         SYMBOL        opcode
  X:0734H         SYMBOL        count
  X:0735H         SYMBOL        i
  -------         ENDDO         
  C:3A99H         LINE#         241
  C:3A99H         LINE#         242
  C:3A99H         LINE#         243
  C:3A9FH         LINE#         244
  C:3AA3H         LINE#         245
  C:3AA5H         LINE#         246
  C:3AA7H         LINE#         247
  C:3AADH         LINE#         251
  C:3AB4H         LINE#         252
  C:3AB4H         LINE#         253
  C:3AB6H         LINE#         254
  C:3AB9H         LINE#         255
  C:3ABDH         LINE#         256
  C:3ABDH         LINE#         257
  C:3ABFH         LINE#         258
  C:3AC1H         LINE#         260
  C:3AC1H         LINE#         261
  C:3AC3H         LINE#         263
  C:3AC3H         LINE#         264
  C:3AC3H         LINE#         265
  C:3AC3H         LINE#         266
  C:3AC6H         LINE#         267
BL51 BANKED LINKER/LOCATER V6.22                                                      02/21/2019  12:05:36  PAGE 42


  C:3ACAH         LINE#         270
  C:3AE9H         LINE#         274
  C:3AF0H         LINE#         276
  C:3AF2H         LINE#         277
  C:3AF9H         LINE#         278
  C:3B00H         LINE#         279
  C:3B00H         LINE#         280
  C:3B04H         LINE#         281
  C:3B04H         LINE#         282
  C:3B07H         LINE#         283
  C:3B09H         LINE#         284
  C:3B0CH         LINE#         286
  C:3B0FH         LINE#         287
  C:3B0FH         LINE#         289
  C:3B13H         LINE#         290
  C:3B13H         LINE#         292
  C:3B32H         LINE#         296
  C:3B34H         LINE#         297
  C:3B37H         LINE#         298
  C:3B39H         LINE#         299
  -------         ENDPROC       READ_STATUS_REGISTER_BYTE1
  -------         PROC          _SPI_NOR_WRITE_DATA
  X:0704H         SYMBOL        dat
  X:0707H         SYMBOL        addr
  C:28C1H         LINE#         301
  C:28CCH         LINE#         302
  C:28CCH         LINE#         303
  C:28E3H         LINE#         304
  C:28E3H         LINE#         305
  C:28E6H         LINE#         306
  C:28E9H         LINE#         307
  C:28F0H         LINE#         308
  C:28F0H         LINE#         310
  C:28F3H         LINE#         311
  C:291CH         LINE#         312
  C:291CH         LINE#         313
  C:291FH         LINE#         314
  C:2947H         LINE#         315
  C:2947H         LINE#         317
  C:2947H         LINE#         318
  C:294AH         LINE#         319
  C:2972H         LINE#         320
  C:2972H         LINE#         322
  C:2972H         LINE#         323
  C:2975H         LINE#         324
  C:299EH         LINE#         325
  C:299EH         LINE#         327
  C:299EH         LINE#         328
  C:29A1H         LINE#         329
  C:29CAH         LINE#         330
  C:29CAH         LINE#         332
  C:29CAH         LINE#         333
  C:29CDH         LINE#         334
  C:29F6H         LINE#         335
  C:29F6H         LINE#         336
  C:29F6H         LINE#         337
  C:29F9H         LINE#         338
BL51 BANKED LINKER/LOCATER V6.22                                                      02/21/2019  12:05:36  PAGE 43


  C:2A22H         LINE#         339
  C:2A22H         LINE#         341
  C:2A22H         LINE#         342
  C:2A25H         LINE#         343
  C:2A51H         LINE#         344
  C:2A51H         LINE#         346
  C:2A51H         LINE#         347
  C:2A54H         LINE#         348
  C:2A7DH         LINE#         349
  C:2A7DH         LINE#         351
  C:2A7DH         LINE#         352
  C:2A80H         LINE#         353
  C:2AA9H         LINE#         354
  C:2AA9H         LINE#         356
  C:2AA9H         LINE#         357
  C:2AACH         LINE#         358
  -------         ENDPROC       _SPI_NOR_WRITE_DATA
  -------         ENDMOD        AT25SF041

  -------         MODULE        ?C_STARTUP
  C:3D08H         SEGMENT       ?C_C51STARTUP
  I:0022H         SEGMENT       ?STACK
  C:0000H         PUBLIC        ?C_STARTUP
  D:00E0H         SYMBOL        ACC
  D:00F0H         SYMBOL        B
  D:0083H         SYMBOL        DPH
  D:0082H         SYMBOL        DPL
  N:0000H         SYMBOL        IBPSTACK
  N:0100H         SYMBOL        IBPSTACKTOP
  N:0080H         SYMBOL        IDATALEN
  C:3D0BH         SYMBOL        IDATALOOP
  N:0000H         SYMBOL        PBPSTACK
  N:0100H         SYMBOL        PBPSTACKTOP
  N:0000H         SYMBOL        PDATALEN
  N:0000H         SYMBOL        PDATASTART
  N:0000H         SYMBOL        PPAGE
  N:0000H         SYMBOL        PPAGEENABLE
  D:00A0H         SYMBOL        PPAGE_SFR
  D:0081H         SYMBOL        SP
  C:3D08H         SYMBOL        STARTUP1
  N:0000H         SYMBOL        XBPSTACK
  N:0000H         SYMBOL        XBPSTACKTOP
  N:0000H         SYMBOL        XDATALEN
  N:0000H         SYMBOL        XDATASTART
  C:0000H         LINE#         126
  C:3D08H         LINE#         133
  C:3D0AH         LINE#         134
  C:3D0BH         LINE#         135
  C:3D0CH         LINE#         136
  C:3D0EH         LINE#         185
  C:3D11H         LINE#         196
  -------         ENDMOD        ?C_STARTUP

  -------         MODULE        ?C?FPADD
  C:0B15H         PUBLIC        ?C?FPADD
  C:0B11H         PUBLIC        ?C?FPSUB
  -------         ENDMOD        ?C?FPADD
BL51 BANKED LINKER/LOCATER V6.22                                                      02/21/2019  12:05:36  PAGE 44



  -------         MODULE        ?C?FPMUL
  C:0C06H         PUBLIC        ?C?FPMUL
  -------         ENDMOD        ?C?FPMUL

  -------         MODULE        ?C?FPDIV
  C:0D0FH         PUBLIC        ?C?FPDIV
  -------         ENDMOD        ?C?FPDIV

  -------         MODULE        ?C?FPCMP
  C:0DAEH         PUBLIC        ?C?FPCMP
  C:0DACH         PUBLIC        ?C?FPCMP3
  -------         ENDMOD        ?C?FPCMP

  -------         MODULE        ?C?FPNEG
  C:0E25H         PUBLIC        ?C?FPNEG
  -------         ENDMOD        ?C?FPNEG

  -------         MODULE        ?C?FCAST
  C:0E40H         PUBLIC        ?C?FCASTC
  C:0E3BH         PUBLIC        ?C?FCASTI
  C:0E36H         PUBLIC        ?C?FCASTL
  -------         ENDMOD        ?C?FCAST

  -------         MODULE        ?C?CASTF
  C:0E74H         PUBLIC        ?C?CASTF
  -------         ENDMOD        ?C?CASTF

  -------         MODULE        ATAN2
  X:06F6H         PUBLIC        ?_atan2?BYTE
  C:3B3AH         PUBLIC        _atan2
  -------         ENDMOD        ATAN2

  -------         MODULE        SIN
  C:2E84H         PUBLIC        _COS
  C:2E9AH         PUBLIC        _SIN
  C:2ED6H         PUBLIC        _TAN
  -------         ENDMOD        SIN

  -------         MODULE        ACOS
  C:4053H         PUBLIC        _ACOS
  -------         ENDMOD        ACOS

  -------         MODULE        ASIN
  C:4161H         PUBLIC        _ASIN
  -------         ENDMOD        ASIN

  -------         MODULE        SQRT
  C:39F1H         PUBLIC        _SQRT
  -------         ENDMOD        SQRT

  -------         MODULE        ATAN
  C:33E1H         PUBLIC        _ATAN
  -------         ENDMOD        ATAN

  -------         MODULE        ?C?COPY
  C:1012H         PUBLIC        ?C?COPY
BL51 BANKED LINKER/LOCATER V6.22                                                      02/21/2019  12:05:36  PAGE 45


  -------         ENDMOD        ?C?COPY

  -------         MODULE        ?C?CLDPTR
  C:1038H         PUBLIC        ?C?CLDPTR
  -------         ENDMOD        ?C?CLDPTR

  -------         MODULE        ?C?CLDOPTR
  C:1051H         PUBLIC        ?C?CLDOPTR
  -------         ENDMOD        ?C?CLDOPTR

  -------         MODULE        ?C?CSTPTR
  C:107EH         PUBLIC        ?C?CSTPTR
  -------         ENDMOD        ?C?CSTPTR

  -------         MODULE        ?C?IMUL
  C:1090H         PUBLIC        ?C?IMUL
  -------         ENDMOD        ?C?IMUL

  -------         MODULE        ?C?UIDIV
  C:10A2H         PUBLIC        ?C?UIDIV
  -------         ENDMOD        ?C?UIDIV

  -------         MODULE        ?C?SIDIV
  C:10F7H         PUBLIC        ?C?SIDIV
  -------         ENDMOD        ?C?SIDIV

  -------         MODULE        ?C?IILDX
  C:112DH         PUBLIC        ?C?IILDX
  -------         ENDMOD        ?C?IILDX

  -------         MODULE        ?C?ILDIX
  C:1143H         PUBLIC        ?C?ILDIX
  -------         ENDMOD        ?C?ILDIX

  -------         MODULE        ?C?ILDOPTR
  C:1159H         PUBLIC        ?C?ILDOPTR
  -------         ENDMOD        ?C?ILDOPTR

  -------         MODULE        ?C?ISTPTR
  C:1191H         PUBLIC        ?C?ISTPTR
  -------         ENDMOD        ?C?ISTPTR

  -------         MODULE        ?C?LMUL
  C:11B0H         PUBLIC        ?C?LMUL
  -------         ENDMOD        ?C?LMUL

  -------         MODULE        ?C?SLDIV
  C:409DH         PUBLIC        ?C?SLDIV
  -------         ENDMOD        ?C?SLDIV

  -------         MODULE        ?C?LNEG
  C:11FFH         PUBLIC        ?C?LNEG
  -------         ENDMOD        ?C?LNEG

  -------         MODULE        ?C?ULCMP
  C:120DH         PUBLIC        ?C?ULCMP
  -------         ENDMOD        ?C?ULCMP
BL51 BANKED LINKER/LOCATER V6.22                                                      02/21/2019  12:05:36  PAGE 46



  -------         MODULE        ?C?LSHL
  C:121EH         PUBLIC        ?C?LSHL
  -------         ENDMOD        ?C?LSHL

  -------         MODULE        ?C?LLDPTR
  C:1231H         PUBLIC        ?C?LLDPTR
  -------         ENDMOD        ?C?LLDPTR

  -------         MODULE        ?C?LLDOPTR
  C:1251H         PUBLIC        ?C?LLDOPTR
  -------         ENDMOD        ?C?LLDOPTR

  -------         MODULE        ?C?LSTPTR
  C:1281H         PUBLIC        ?C?LSTPTR
  -------         ENDMOD        ?C?LSTPTR

  -------         MODULE        ?C?LSTOPTR
  C:129BH         PUBLIC        ?C?LSTOPTR
  -------         ENDMOD        ?C?LSTOPTR

  -------         MODULE        ?C?LLDXDATA
  C:12BFH         PUBLIC        ?C?LLDXDATA
  -------         ENDMOD        ?C?LLDXDATA

  -------         MODULE        ?C?LLDCODE
  C:12CBH         PUBLIC        ?C?LLDCODE
  -------         ENDMOD        ?C?LLDCODE

  -------         MODULE        ?C?LLDXDATA0
  C:12DBH         PUBLIC        ?C?LLDXDATA0
  -------         ENDMOD        ?C?LLDXDATA0

  -------         MODULE        ?C?LLDCODE0
  C:12E7H         PUBLIC        ?C?LLDCODE0
  -------         ENDMOD        ?C?LLDCODE0

  -------         MODULE        ?C?LLDPTR0
  C:12F7H         PUBLIC        ?C?LLDPTR0
  -------         ENDMOD        ?C?LLDPTR0

  -------         MODULE        ?C?LSTXDATA
  C:1317H         PUBLIC        ?C?LSTXDATA
  -------         ENDMOD        ?C?LSTXDATA

  -------         MODULE        ?C?LSTKXDATA
  C:1323H         PUBLIC        ?C?LSTKXDATA
  -------         ENDMOD        ?C?LSTKXDATA

  -------         MODULE        ?C?LSTKPTR
  C:1354H         PUBLIC        ?C?LSTKPTR
  -------         ENDMOD        ?C?LSTKPTR

  -------         MODULE        ?C?OFFXADD
  C:136EH         PUBLIC        ?C?OFFXADD
  -------         ENDMOD        ?C?OFFXADD

BL51 BANKED LINKER/LOCATER V6.22                                                      02/21/2019  12:05:36  PAGE 47


  -------         MODULE        ABS
  C:4489H         PUBLIC        _ABS
  -------         ENDMOD        ABS

  -------         MODULE        ATOI
  C:36E7H         PUBLIC        _atoi
  -------         ENDMOD        ATOI

  -------         MODULE        ?C?ULDIV
  C:13B6H         PUBLIC        ?C?ULDIV
  -------         ENDMOD        ?C?ULDIV

  -------         MODULE        ?C?LLDIDATA
  C:1448H         PUBLIC        ?C?LLDIDATA
  -------         ENDMOD        ?C?LLDIDATA

  -------         MODULE        ?C?LLDPDATA
  C:1454H         PUBLIC        ?C?LLDPDATA
  -------         ENDMOD        ?C?LLDPDATA

  -------         MODULE        ?C?LLDIDATA0
  C:1460H         PUBLIC        ?C?LLDIDATA0
  -------         ENDMOD        ?C?LLDIDATA0

  -------         MODULE        ?C?LLDPDATA0
  C:146DH         PUBLIC        ?C?LLDPDATA0
  -------         ENDMOD        ?C?LLDPDATA0

  -------         MODULE        ?C?LSTIDATA
  C:147AH         PUBLIC        ?C?LSTIDATA
  -------         ENDMOD        ?C?LSTIDATA

  -------         MODULE        ?C?LSTPDATA
  C:1486H         PUBLIC        ?C?LSTPDATA
  -------         ENDMOD        ?C?LSTPDATA

  -------         MODULE        ?C?LSTKIDATA
  C:1492H         PUBLIC        ?C?LSTKIDATA
  -------         ENDMOD        ?C?LSTKIDATA

  -------         MODULE        ?C?LSTKPDATA
  C:14ABH         PUBLIC        ?C?LSTKPDATA
  -------         ENDMOD        ?C?LSTKPDATA

  -------         MODULE        ISDIGIT
  C:4461H         PUBLIC        _isdigit
  -------         ENDMOD        ISDIGIT

  -------         MODULE        ISSPACE
  C:43FCH         PUBLIC        _isspace
  -------         ENDMOD        ISSPACE

*** WARNING L16: UNCALLED SEGMENT, IGNORED FOR OVERLAY PROCESS
    SEGMENT: ?PR?_DISPLAY_PROX?MAIN

*** WARNING L16: UNCALLED SEGMENT, IGNORED FOR OVERLAY PROCESS
    SEGMENT: ?PR?_READ_TIME?PCF85063BTL
BL51 BANKED LINKER/LOCATER V6.22                                                      02/21/2019  12:05:36  PAGE 48



*** WARNING L16: UNCALLED SEGMENT, IGNORED FOR OVERLAY PROCESS
    SEGMENT: ?PR?_DAY_OF_YEAR?PCF85063BTL

*** WARNING L16: UNCALLED SEGMENT, IGNORED FOR OVERLAY PROCESS
    SEGMENT: ?PR?INITUART1?UART1

*** WARNING L16: UNCALLED SEGMENT, IGNORED FOR OVERLAY PROCESS
    SEGMENT: ?PR?_SENDSTRING?UART1

*** WARNING L16: UNCALLED SEGMENT, IGNORED FOR OVERLAY PROCESS
    SEGMENT: ?PR?_TEN?UART1

*** WARNING L16: UNCALLED SEGMENT, IGNORED FOR OVERLAY PROCESS
    SEGMENT: ?PR?_UNIT?UART1

*** WARNING L16: UNCALLED SEGMENT, IGNORED FOR OVERLAY PROCESS
    SEGMENT: ?PR?_DECTOBCD?UART1

*** WARNING L16: UNCALLED SEGMENT, IGNORED FOR OVERLAY PROCESS
    SEGMENT: ?PR?_ASCII_LETTER?UART1

*** WARNING L16: UNCALLED SEGMENT, IGNORED FOR OVERLAY PROCESS
    SEGMENT: ?PR?_ASCIITOBCD?UART1

*** WARNING L16: UNCALLED SEGMENT, IGNORED FOR OVERLAY PROCESS
    SEGMENT: ?PR?_DISPLAYLCD?LCD_DRIVER_SPLC780D

*** WARNING L16: UNCALLED SEGMENT, IGNORED FOR OVERLAY PROCESS
    SEGMENT: ?PR?LCD_RETURN_HOME?LCD_DRIVER_SPLC780D

*** WARNING L16: UNCALLED SEGMENT, IGNORED FOR OVERLAY PROCESS
    SEGMENT: ?PR?KEY_PROCESS?KEYPAD

*** WARNING L16: UNCALLED SEGMENT, IGNORED FOR OVERLAY PROCESS
    SEGMENT: ?PR?WAIT?BIPOLARMOTOR

*** WARNING L16: UNCALLED SEGMENT, IGNORED FOR OVERLAY PROCESS
    SEGMENT: ?PR?_FINDDET4X4?BIPOLARMOTOR

*** WARNING L16: UNCALLED SEGMENT, IGNORED FOR OVERLAY PROCESS
    SEGMENT: ?PR?_CALIBRATION?CALIBRATION

*** WARNING L16: UNCALLED SEGMENT, IGNORED FOR OVERLAY PROCESS
    SEGMENT: ?PR?NOP?IOEXPANDER_PI4IOE5V96248

*** WARNING L16: UNCALLED SEGMENT, IGNORED FOR OVERLAY PROCESS
    SEGMENT: ?PR?UC_ACK?IOEXPANDER_PI4IOE5V96248

*** WARNING L16: UNCALLED SEGMENT, IGNORED FOR OVERLAY PROCESS
    SEGMENT: ?PR?UC_NACK?IOEXPANDER_PI4IOE5V96248

*** WARNING L16: UNCALLED SEGMENT, IGNORED FOR OVERLAY PROCESS
    SEGMENT: ?PR?_SPI_NOR_WRITE_DATA?AT25SF041

*** WARNING L1: UNRESOLVED EXTERNAL SYMBOL
    SYMBOL:  AUTO_MODE
BL51 BANKED LINKER/LOCATER V6.22                                                      02/21/2019  12:05:36  PAGE 49


    MODULE:  .\Obj\main.obj (MAIN)

*** WARNING L2: REFERENCE MADE TO UNRESOLVED EXTERNAL
    SYMBOL:  AUTO_MODE
    MODULE:  .\Obj\main.obj (MAIN)
    ADDRESS: 316BH

*** WARNING L1: UNRESOLVED EXTERNAL SYMBOL
    SYMBOL:  _SENDUART1
    MODULE:  .\Obj\UART1.obj (UART1)

*** WARNING L2: REFERENCE MADE TO UNRESOLVED EXTERNAL
    SYMBOL:  _SENDUART1
    MODULE:  .\Obj\UART1.obj (UART1)
    ADDRESS: 41CAH

*** WARNING L1: UNRESOLVED EXTERNAL SYMBOL
    SYMBOL:  AUTO_MODE
    MODULE:  .\Obj\KeyPad.obj (KEYPAD)

*** WARNING L2: REFERENCE MADE TO UNRESOLVED EXTERNAL
    SYMBOL:  AUTO_MODE
    MODULE:  .\Obj\KeyPad.obj (KEYPAD)
    ADDRESS: 266EH

*** WARNING L2: REFERENCE MADE TO UNRESOLVED EXTERNAL
    SYMBOL:  AUTO_MODE
    MODULE:  .\Obj\KeyPad.obj (KEYPAD)
    ADDRESS: 2679H

*** WARNING L2: REFERENCE MADE TO UNRESOLVED EXTERNAL
    SYMBOL:  AUTO_MODE
    MODULE:  .\Obj\KeyPad.obj (KEYPAD)
    ADDRESS: 2680H

Program Size: data=10.5 xdata=1855 code=17595
LINK/LOCATE RUN COMPLETE.  28 WARNING(S),  0 ERROR(S)
