BL51 BANKED LINKER/LOCATER V6.22                                                        01/22/2019  15:09:28  PAGE 1


BL51 BANKED LINKER/LOCATER V6.22, INVOKED BY:
C:\KEIL_V5\C51\BIN\BL51.EXE .\Obj\main.obj, .\Obj\PCF85063BTL.obj, .\Obj\UART1.obj, .\Obj\LCd_Driver_SPLC780D.obj, .\Obj
>> \KeyPad.obj, .\Obj\BipolarMotor.obj, .\Obj\SunPos.obj, .\Obj\ADC.obj, .\Obj\Calibration.obj, .\Obj\IOExpander_PI4IOE5
>> V96248.obj, .\Obj\STARTUP.obj TO .\Obj\GPIO_RTC_Test PRINT (.\Lis\GPIO_RTC_Test.m51) RAMSIZE (256)


MEMORY MODEL: LARGE WITH FLOATING POINT ARITHMETIC


INPUT MODULES INCLUDED:
  .\Obj\main.obj (MAIN)
  .\Obj\PCF85063BTL.obj (PCF85063BTL)
  .\Obj\UART1.obj (UART1)
  .\Obj\LCd_Driver_SPLC780D.obj (LCD_DRIVER_SPLC780D)
  .\Obj\KeyPad.obj (KEYPAD)
  .\Obj\BipolarMotor.obj (BIPOLARMOTOR)
  .\Obj\SunPos.obj (SUNPOS)
  .\Obj\ADC.obj (ADC)
  .\Obj\Calibration.obj (CALIBRATION)
  .\Obj\IOExpander_PI4IOE5V96248.obj (IOEXPANDER_PI4IOE5V96248)
  .\Obj\STARTUP.obj (?C_STARTUP)
  C:\KEIL_V5\C51\LIB\C51FPL.LIB (?C?FPADD)
  C:\KEIL_V5\C51\LIB\C51FPL.LIB (?C?FPMUL)
  C:\KEIL_V5\C51\LIB\C51FPL.LIB (?C?FPDIV)
  C:\KEIL_V5\C51\LIB\C51FPL.LIB (?C?FPCMP)
  C:\KEIL_V5\C51\LIB\C51FPL.LIB (?C?FPNEG)
  C:\KEIL_V5\C51\LIB\C51FPL.LIB (?C?FCAST)
  C:\KEIL_V5\C51\LIB\C51FPL.LIB (?C?CASTF)
  C:\KEIL_V5\C51\LIB\C51FPL.LIB (ATAN2)
  C:\KEIL_V5\C51\LIB\C51FPL.LIB (SIN)
  C:\KEIL_V5\C51\LIB\C51FPL.LIB (ACOS)
  C:\KEIL_V5\C51\LIB\C51FPL.LIB (ASIN)
  C:\KEIL_V5\C51\LIB\C51FPL.LIB (?C?FPGETOPN)
  C:\KEIL_V5\C51\LIB\C51FPL.LIB (?C?FPSERIES)
  C:\KEIL_V5\C51\LIB\C51FPL.LIB (SQRT)
  C:\KEIL_V5\C51\LIB\C51FPL.LIB (ATAN)
  C:\KEIL_V5\C51\LIB\C51L.LIB (?C_INIT)
  C:\KEIL_V5\C51\LIB\C51L.LIB (?C?COPY)
  C:\KEIL_V5\C51\LIB\C51L.LIB (?C?CLDPTR)
  C:\KEIL_V5\C51\LIB\C51L.LIB (?C?CLDOPTR)
  C:\KEIL_V5\C51\LIB\C51L.LIB (?C?CSTPTR)
  C:\KEIL_V5\C51\LIB\C51L.LIB (?C?IMUL)
  C:\KEIL_V5\C51\LIB\C51L.LIB (?C?UIDIV)
  C:\KEIL_V5\C51\LIB\C51L.LIB (?C?SIDIV)
  C:\KEIL_V5\C51\LIB\C51L.LIB (?C?ILDIX)
  C:\KEIL_V5\C51\LIB\C51L.LIB (?C?ILDOPTR)
  C:\KEIL_V5\C51\LIB\C51L.LIB (?C?LMUL)
  C:\KEIL_V5\C51\LIB\C51L.LIB (?C?SLDIV)
  C:\KEIL_V5\C51\LIB\C51L.LIB (?C?LNEG)
  C:\KEIL_V5\C51\LIB\C51L.LIB (?C?LLDPTR)
  C:\KEIL_V5\C51\LIB\C51L.LIB (?C?LLDOPTR)
  C:\KEIL_V5\C51\LIB\C51L.LIB (?C?LSTPTR)
  C:\KEIL_V5\C51\LIB\C51L.LIB (?C?LSTOPTR)
  C:\KEIL_V5\C51\LIB\C51L.LIB (?C?LLDXDATA)
  C:\KEIL_V5\C51\LIB\C51L.LIB (?C?LLDCODE)
  C:\KEIL_V5\C51\LIB\C51L.LIB (?C?LLDXDATA0)
  C:\KEIL_V5\C51\LIB\C51L.LIB (?C?LLDCODE0)
  C:\KEIL_V5\C51\LIB\C51L.LIB (?C?LLDPTR0)
BL51 BANKED LINKER/LOCATER V6.22                                                      01/22/2019  15:09:28  PAGE 2


  C:\KEIL_V5\C51\LIB\C51L.LIB (?C?LSTXDATA)
  C:\KEIL_V5\C51\LIB\C51L.LIB (?C?LSTKXDATA)
  C:\KEIL_V5\C51\LIB\C51L.LIB (?C?OFFXADD)
  C:\KEIL_V5\C51\LIB\C51L.LIB (ABS)
  C:\KEIL_V5\C51\LIB\C51L.LIB (ATOI)
  C:\KEIL_V5\C51\LIB\C51L.LIB (?C?IILDX)
  C:\KEIL_V5\C51\LIB\C51L.LIB (?C?ULDIV)
  C:\KEIL_V5\C51\LIB\C51L.LIB (?C?LLDIDATA)
  C:\KEIL_V5\C51\LIB\C51L.LIB (?C?LLDPDATA)
  C:\KEIL_V5\C51\LIB\C51L.LIB (?C?LLDIDATA0)
  C:\KEIL_V5\C51\LIB\C51L.LIB (?C?LLDPDATA0)
  C:\KEIL_V5\C51\LIB\C51L.LIB (?C?LSTIDATA)
  C:\KEIL_V5\C51\LIB\C51L.LIB (?C?LSTPDATA)
  C:\KEIL_V5\C51\LIB\C51L.LIB (ISDIGIT)
  C:\KEIL_V5\C51\LIB\C51L.LIB (ISSPACE)


LINK MAP OF MODULE:  .\Obj\GPIO_RTC_Test (MAIN)


            TYPE    BASE      LENGTH    RELOCATION   SEGMENT NAME
            -----------------------------------------------------

            * * * * * * *   D A T A   M E M O R Y   * * * * * * *
            REG     0000H     0008H     ABSOLUTE     "REG BANK 0"
            REG     0008H     0008H     ABSOLUTE     "REG BANK 1"
                    0010H     0010H                  *** GAP ***
            BIT     0020H.0   0000H.5   UNIT         ?BI?KEYPAD
            BIT     0020H.5   0000H.4   UNIT         _BIT_GROUP_
            BIT     0021H.1   0000H.1   UNIT         ?BI?MAIN
                    0021H.2   0000H.6                *** GAP ***
            IDATA   0022H     0001H     UNIT         ?STACK

            * * * * * * *  X D A T A   M E M O R Y  * * * * * * *
            XDATA   0000H     02EFH     UNIT         ?XD?BIPOLARMOTOR
            XDATA   02EFH     0120H     UNIT         _XDATA_GROUP_
            XDATA   040FH     00D3H     UNIT         ?XD?MAIN
            XDATA   04E2H     0040H     UNIT         ?XD?_FINDDET4X4?BIPOLARMOTOR
            XDATA   0522H     0024H     UNIT         ?XD?_FINDDET3X3?BIPOLARMOTOR
            XDATA   0546H     001EH     UNIT         ?XD?_CALIB_INTERPOLATE?MAIN
            XDATA   0564H     0009H     UNIT         ?XD?KEYPAD
            XDATA   056DH     0004H     UNIT         ?XD?_DISPLAY_PROX?MAIN
            XDATA   0571H     0003H     UNIT         ?XD?_SENDSTRING?UART1
            XDATA   0574H     0001H     UNIT         ?XD?UC_ACK?IOEXPANDER_PI4IOE5V96248
            XDATA   0575H     0001H     UNIT         ?XD?UC_NACK?IOEXPANDER_PI4IOE5V96248

            * * * * * * *   C O D E   M E M O R Y   * * * * * * *
            CODE    0000H     0003H     ABSOLUTE     
            CODE    0003H     0006H     UNIT         ?PR?_TEN?UART1
            CODE    0009H     0001H     UNIT         ?PR?TM0_ISR?MAIN
            CODE    000AH     0001H     UNIT         ?PR?_DECTOBCD?UART1
            CODE    000BH     0003H     ABSOLUTE     
            CODE    000EH     0015H     UNIT         ?PR?_DISPLAY_LINE?LCD_DRIVER_SPLC780D
            CODE    0023H     0003H     ABSOLUTE     
            CODE    0026H     0A87H     UNIT         ?PR?_UPDATE_POSITION?BIPOLARMOTOR
            CODE    0AADH     0927H     UNIT         ?C?LIB_CODE
            CODE    13D4H     07A2H     UNIT         ?PR?SUNPOS?SUNPOS
BL51 BANKED LINKER/LOCATER V6.22                                                      01/22/2019  15:09:28  PAGE 3


            CODE    1B76H     064EH     UNIT         ?PR?MAIN?MAIN
            CODE    21C4H     0351H     UNIT         ?C_INITSEG
            CODE    2515H     02C0H     UNIT         ?PR?_FINDDET4X4?BIPOLARMOTOR
            CODE    27D5H     02A0H     UNIT         ?PR?KEY_PROCESS?KEYPAD
            CODE    2A75H     01D1H     UNIT         ?PR?_FINDDET3X3?BIPOLARMOTOR
            CODE    2C46H     01B5H     UNIT         ?PR?_DISPLAY_POS?MAIN
            CODE    2DFBH     01A1H     UNIT         ?PR?_CALIB_INTERPOLATE?MAIN
            CODE    2F9CH     018DH     UNIT         ?PR?KEY_SCAN?KEYPAD
            CODE    3129H     0188H     UNIT         ?PR?SIN?SIN
            CODE    32B1H     013EH     UNIT         ?PR?_FIND_REAL_MAX?CALIBRATION
            CODE    33EFH     0122H     UNIT         ?PR?ATAN?ATAN
            CODE    3511H     00DBH     UNIT         ?PR?_ATOI?ATOI
            CODE    35ECH     00C8H     UNIT         ?PR?_CALIBRATION?CALIBRATION
            CODE    36B4H     00C3H     UNIT         ?PR?LINEAR_INTERPOLATE?BIPOLARMOTOR
            CODE    3777H     00BBH     UNIT         ?PR?VOLTAGE_IS_STABLE?CALIBRATION
            CODE    3832H     00ADH     UNIT         ?PR?_WRITE_PI4IOE5V96248?IOEXPANDER_PI4IOE5V96248
            CODE    38DFH     00ACH     UNIT         ?PR?SQRT?SQRT
            CODE    398BH     009DH     UNIT         ?PR?_ATAN2?ATAN2
            CODE    3A28H     009BH     UNIT         ?PR?UART?MAIN
            CODE    3AC3H     0096H     UNIT         ?PR?_MAX_VALUE?CALIBRATION
            CODE    3B59H     0095H     UNIT         ?PR?_DISPLAY_PROX?MAIN
            CODE    3BEEH     008CH     UNIT         ?C_C51STARTUP
            CODE    3C7AH     0084H     UNIT         ?PR?_DAY_OF_YEAR?PCF85063BTL
            CODE    3CFEH     0075H     UNIT         ?PR?_WRITEDATA?LCD_DRIVER_SPLC780D
            CODE    3D73H     006FH     UNIT         ?PR?_READ_TIME?PCF85063BTL
            CODE    3DE2H     0059H     UNIT         ?PR?LCD_INIT?LCD_DRIVER_SPLC780D
            CODE    3E3BH     004AH     UNIT         ?PR?VONESTEPMOVE?BIPOLARMOTOR
            CODE    3E85H     004AH     UNIT         ?PR?ACOS?ACOS
            CODE    3ECFH     0044H     UNIT         ?C?LDIV
            CODE    3F13H     0040H     UNIT         ?PR?_COMMAND?LCD_DRIVER_SPLC780D
            CODE    3F53H     0040H     UNIT         ?PR?_STEP_MOVE?BIPOLARMOTOR
            CODE    3F93H     003BH     UNIT         ?PR?ASIN?ASIN
            CODE    3FCEH     0033H     UNIT         ?PR?_SENDSTRING?UART1
            CODE    4001H     002BH     UNIT         ?PR?_WAIT_MS_I2C?IOEXPANDER_PI4IOE5V96248
            CODE    402CH     0028H     UNIT         ?PR?_MOVE?BIPOLARMOTOR
            CODE    4054H     0027H     UNIT         ?PR?_I2C_SENDBYTE?IOEXPANDER_PI4IOE5V96248
            CODE    407BH     0026H     UNIT         ?PR?_ADC_GETRESULT?ADC
            CODE    40A1H     0024H     UNIT         ?PR?_WAIT_MS?LCD_DRIVER_SPLC780D
            CODE    40C5H     0020H     UNIT         ?PR?_SPI_SENDBYTE?PCF85063BTL
            CODE    40E5H     0020H     UNIT         ?PR?SPI_RECEIVEBYTE?PCF85063BTL
            CODE    4105H     001EH     UNIT         ?PR?_DELAY_MS?KEYPAD
            CODE    4123H     001DH     UNIT         ?PR?_DISPLAYLCD?LCD_DRIVER_SPLC780D
            CODE    4140H     001DH     UNIT         ?PR?ADC_INIT?ADC
            CODE    415DH     001BH     UNIT         ?PR?_BCDTODEC1?BIPOLARMOTOR
            CODE    4178H     0018H     UNIT         ?PR?_SPI_WRITETIME?PCF85063BTL
            CODE    4190H     0017H     UNIT         ?PR?_ASCIITOBCD?UART1
            CODE    41A7H     0016H     UNIT         ?PR?I2C_ACK?IOEXPANDER_PI4IOE5V96248
            CODE    41BDH     0015H     UNIT         ?PR?I2C_STOP?IOEXPANDER_PI4IOE5V96248
            CODE    41D2H     0014H     UNIT         ?PR?_PCF85063BTL_DELAY?PCF85063BTL
            CODE    41E6H     0014H     UNIT         ?PR?_ISSPACE?ISSPACE
            CODE    41FAH     0011H     UNIT         ?PR?_SPI_READTIME?PCF85063BTL
            CODE    420BH     0011H     UNIT         ?PR?_BCDTODEC?PCF85063BTL
            CODE    421CH     0011H     UNIT         ?PR?INITUART1?UART1
            CODE    422DH     000FH     UNIT         ?PR?I2C_START?IOEXPANDER_PI4IOE5V96248
            CODE    423CH     000FH     UNIT         ?PR?UC_NACK?IOEXPANDER_PI4IOE5V96248
            CODE    424BH     000FH     UNIT         ?PR?_ISDIGIT?ISDIGIT
            CODE    425AH     000DH     UNIT         ?PR?SPI_INIT?PCF85063BTL
BL51 BANKED LINKER/LOCATER V6.22                                                      01/22/2019  15:09:28  PAGE 4


            CODE    4267H     000CH     UNIT         ?PR?KEYPAD_IO_INIT?KEYPAD
            CODE    4273H     000CH     UNIT         ?PR?_ABS?ABS
            CODE    427FH     000AH     UNIT         ?PR?LCD_RETURN_HOME?LCD_DRIVER_SPLC780D
            CODE    4289H     000AH     UNIT         ?PR?LCD_CLEAR?LCD_DRIVER_SPLC780D
            CODE    4293H     0009H     UNIT         ?PR?_SENDUART1?MAIN
            CODE    429CH     0006H     UNIT         ?PR?UC_ACK?IOEXPANDER_PI4IOE5V96248
            CODE    42A2H     0005H     UNIT         ?PR?_UNIT?UART1
            CODE    42A7H     0005H     UNIT         ?PR?_ASCII_LETTER?UART1
            CODE    42ACH     0001H     UNIT         ?PR?WAIT?BIPOLARMOTOR
            CODE    42ADH     0001H     UNIT         ?PR?NOP?IOEXPANDER_PI4IOE5V96248



OVERLAY MAP OF MODULE:   .\Obj\GPIO_RTC_Test (MAIN)


SEGMENT                                             BIT_GROUP          XDATA_GROUP
  +--> CALLED SEGMENT                            START    LENGTH     START    LENGTH
------------------------------------------------------------------------------------
?PR?UART?MAIN                                    -----    -----      -----    -----
  +--> ?PR?_ASCIITOBCD?UART1

?PR?_ASCIITOBCD?UART1                            -----    -----      -----    -----
  +--> ?PR?_ATOI?ATOI

?PR?_ATOI?ATOI                                   0020H.5  0000H.1    02EFH    0005H
  +--> ?PR?_ISSPACE?ISSPACE
  +--> ?PR?_ISDIGIT?ISDIGIT

*** NEW ROOT ***************************************************

?C_C51STARTUP                                    -----    -----      -----    -----
  +--> ?PR?MAIN?MAIN
  +--> ?C_INITSEG

?PR?MAIN?MAIN                                    -----    -----      02F4H    0017H
  +--> ?PR?LCD_INIT?LCD_DRIVER_SPLC780D
  +--> ?PR?SPI_INIT?PCF85063BTL
  +--> ?PR?KEYPAD_IO_INIT?KEYPAD
  +--> ?PR?ADC_INIT?ADC
  +--> ?PR?_DELAY_MS?KEYPAD
  +--> ?PR?_DISPLAY_LINE?LCD_DRIVER_SPLC780D
  +--> ?PR?_WRITEDATA?LCD_DRIVER_SPLC780D
  +--> ?PR?KEY_PROCESS?KEYPAD
  +--> ?PR?_COMMAND?LCD_DRIVER_SPLC780D
  +--> ?PR?_DISPLAY_POS?MAIN
  +--> ?PR?_DISPLAYLCD?LCD_DRIVER_SPLC780D
  +--> ?PR?_STEP_MOVE?BIPOLARMOTOR
  +--> ?PR?LCD_RETURN_HOME?LCD_DRIVER_SPLC780D
  +--> ?PR?_READ_TIME?PCF85063BTL
  +--> ?PR?_BCDTODEC1?BIPOLARMOTOR
  +--> ?PR?_CALIBRATION?CALIBRATION
  +--> ?PR?_UPDATE_POSITION?BIPOLARMOTOR
  +--> ?PR?LINEAR_INTERPOLATE?BIPOLARMOTOR

?PR?LCD_INIT?LCD_DRIVER_SPLC780D                 -----    -----      -----    -----
  +--> ?PR?_WAIT_MS?LCD_DRIVER_SPLC780D
BL51 BANKED LINKER/LOCATER V6.22                                                      01/22/2019  15:09:28  PAGE 5


  +--> ?PR?_COMMAND?LCD_DRIVER_SPLC780D

?PR?_COMMAND?LCD_DRIVER_SPLC780D                 -----    -----      -----    -----
  +--> ?PR?_WAIT_MS?LCD_DRIVER_SPLC780D

?PR?ADC_INIT?ADC                                 -----    -----      -----    -----
  +--> ?PR?_WAIT_MS?LCD_DRIVER_SPLC780D

?PR?_DISPLAY_LINE?LCD_DRIVER_SPLC780D            -----    -----      -----    -----
  +--> ?PR?_COMMAND?LCD_DRIVER_SPLC780D

?PR?_WRITEDATA?LCD_DRIVER_SPLC780D               -----    -----      0315H    0001H
  +--> ?PR?_WAIT_MS?LCD_DRIVER_SPLC780D

?PR?KEY_PROCESS?KEYPAD                           -----    -----      030BH    0006H
  +--> ?PR?KEY_SCAN?KEYPAD
  +--> ?PR?_SPI_WRITETIME?PCF85063BTL
  +--> ?PR?LCD_CLEAR?LCD_DRIVER_SPLC780D
  +--> ?PR?_COMMAND?LCD_DRIVER_SPLC780D
  +--> ?PR?_WRITEDATA?LCD_DRIVER_SPLC780D

?PR?KEY_SCAN?KEYPAD                              -----    -----      0311H    0003H

?PR?_SPI_WRITETIME?PCF85063BTL                   -----    -----      -----    -----
  +--> ?PR?_SPI_SENDBYTE?PCF85063BTL

?PR?_SPI_SENDBYTE?PCF85063BTL                    -----    -----      -----    -----
  +--> ?PR?_PCF85063BTL_DELAY?PCF85063BTL

?PR?LCD_CLEAR?LCD_DRIVER_SPLC780D                -----    -----      -----    -----
  +--> ?PR?_COMMAND?LCD_DRIVER_SPLC780D

?PR?_DISPLAY_POS?MAIN                            -----    -----      030BH    000AH
  +--> ?PR?_ABS?ABS
  +--> ?PR?_WRITEDATA?LCD_DRIVER_SPLC780D

?PR?_DISPLAYLCD?LCD_DRIVER_SPLC780D              -----    -----      030BH    0001H
  +--> ?PR?_WRITEDATA?LCD_DRIVER_SPLC780D

?PR?_STEP_MOVE?BIPOLARMOTOR                      0020H.7  0000H.1    03AAH    0004H
  +--> ?PR?VONESTEPMOVE?BIPOLARMOTOR

?PR?VONESTEPMOVE?BIPOLARMOTOR                    0021H.0  0000H.1    -----    -----
  +--> ?PR?_WRITE_PI4IOE5V96248?IOEXPANDER_P...
  +--> ?PR?_DELAY_MS?KEYPAD

?PR?_WRITE_PI4IOE5V96248?IOEXPANDER_P...         -----    -----      03AEH    0003H
  +--> ?PR?I2C_START?IOEXPANDER_PI4IOE5V96248
  +--> ?PR?_WAIT_MS_I2C?IOEXPANDER_PI4IOE5V9...
  +--> ?PR?_I2C_SENDBYTE?IOEXPANDER_PI4IOE5V...
  +--> ?PR?I2C_ACK?IOEXPANDER_PI4IOE5V96248
  +--> ?PR?I2C_STOP?IOEXPANDER_PI4IOE5V96248

?PR?I2C_START?IOEXPANDER_PI4IOE5V96248           -----    -----      -----    -----
  +--> ?PR?_WAIT_MS_I2C?IOEXPANDER_PI4IOE5V9...

?PR?_I2C_SENDBYTE?IOEXPANDER_PI4IOE5V...         -----    -----      -----    -----
BL51 BANKED LINKER/LOCATER V6.22                                                      01/22/2019  15:09:28  PAGE 6


  +--> ?PR?_WAIT_MS_I2C?IOEXPANDER_PI4IOE5V9...

?PR?I2C_ACK?IOEXPANDER_PI4IOE5V96248             -----    -----      03B1H    0001H
  +--> ?PR?_WAIT_MS_I2C?IOEXPANDER_PI4IOE5V9...

?PR?I2C_STOP?IOEXPANDER_PI4IOE5V96248            -----    -----      -----    -----
  +--> ?PR?_WAIT_MS_I2C?IOEXPANDER_PI4IOE5V9...

?PR?LCD_RETURN_HOME?LCD_DRIVER_SPLC780D          -----    -----      -----    -----
  +--> ?PR?_COMMAND?LCD_DRIVER_SPLC780D

?PR?_READ_TIME?PCF85063BTL                       -----    -----      030BH    000FH
  +--> ?PR?_SPI_READTIME?PCF85063BTL

?PR?_SPI_READTIME?PCF85063BTL                    -----    -----      -----    -----
  +--> ?PR?_SPI_SENDBYTE?PCF85063BTL
  +--> ?PR?SPI_RECEIVEBYTE?PCF85063BTL

?PR?SPI_RECEIVEBYTE?PCF85063BTL                  -----    -----      -----    -----
  +--> ?PR?_PCF85063BTL_DELAY?PCF85063BTL

?PR?_CALIBRATION?CALIBRATION                     -----    -----      030BH    0010H
  +--> ?PR?VOLTAGE_IS_STABLE?CALIBRATION
  +--> ?PR?_UPDATE_POSITION?BIPOLARMOTOR
  +--> ?PR?_FIND_REAL_MAX?CALIBRATION

?PR?VOLTAGE_IS_STABLE?CALIBRATION                -----    -----      031BH    0018H
  +--> ?PR?_ADC_GETRESULT?ADC
  +--> ?PR?_ABS?ABS

?PR?_UPDATE_POSITION?BIPOLARMOTOR                -----    -----      031BH    008BH
  +--> ?PR?_BCDTODEC1?BIPOLARMOTOR
  +--> ?PR?SUNPOS?SUNPOS
  +--> ?PR?SIN?SIN
  +--> ?PR?ASIN?ASIN
  +--> ?PR?LINEAR_INTERPOLATE?BIPOLARMOTOR
  +--> ?PR?_ABS?ABS
  +--> ?PR?_MOVE?BIPOLARMOTOR

?PR?SUNPOS?SUNPOS                                -----    -----      03A6H    005DH
  +--> ?PR?SIN?SIN
  +--> ?PR?_ATAN2?ATAN2
  +--> ?PR?ASIN?ASIN
  +--> ?PR?ACOS?ACOS

?PR?SIN?SIN                                      0020H.6  0000H.1    0403H    0004H

?PR?_ATAN2?ATAN2                                 -----    -----      0403H    0008H
  +--> ?PR?ATAN?ATAN

?PR?ATAN?ATAN                                    0020H.6  0000H.2    040BH    0004H

?PR?ASIN?ASIN                                    -----    -----      -----    -----
  +--> ?PR?SQRT?SQRT
  +--> ?PR?ATAN?ATAN

?PR?SQRT?SQRT                                    -----    -----      0403H    0004H
BL51 BANKED LINKER/LOCATER V6.22                                                      01/22/2019  15:09:28  PAGE 7



?PR?ACOS?ACOS                                    -----    -----      -----    -----
  +--> ?PR?SQRT?SQRT
  +--> ?PR?ATAN?ATAN

?PR?LINEAR_INTERPOLATE?BIPOLARMOTOR              -----    -----      03A6H    0014H

?PR?_MOVE?BIPOLARMOTOR                           0020H.6  0000H.1    03A6H    0004H
  +--> ?PR?_STEP_MOVE?BIPOLARMOTOR

?PR?_FIND_REAL_MAX?CALIBRATION                   -----    -----      031BH    0034H
  +--> ?PR?_MOVE?BIPOLARMOTOR
  +--> ?PR?_ADC_GETRESULT?ADC
  +--> ?PR?_WAIT_MS?LCD_DRIVER_SPLC780D
  +--> ?PR?_MAX_VALUE?CALIBRATION

?PR?_MAX_VALUE?CALIBRATION                       -----    -----      034FH    0004H



UNRESOLVED EXTERNAL SYMBOLS:
   AUTO_MODE



SYMBOL TABLE OF MODULE:  .\Obj\GPIO_RTC_Test (MAIN)

  VALUE           TYPE          NAME
  ----------------------------------

  -------         MODULE        MAIN
  C:0000H         SYMBOL        _ICE_DUMMY_
  X:0417H         PUBLIC        calib_value
  D:0080H         PUBLIC        P0
  D:00B2H         PUBLIC        P3M0
  D:0090H         PUBLIC        P1
  D:00B1H         PUBLIC        P3M1
  D:00A0H         PUBLIC        P2
  D:00B0H         PUBLIC        P3
  D:00C0H         PUBLIC        P4
  D:00C8H         PUBLIC        P5
  X:046BH         SYMBOL        PressedKey
  B:00A8H.7       PUBLIC        EA
  D:00E8H         PUBLIC        P6
  D:00F8H         PUBLIC        P7
  X:046FH         PUBLIC        RX_Data_Uart_Cnt
  C:2DFBH         PUBLIC        _calib_interpolate
  D:00A8H         PUBLIC        IE
  X:0471H         PUBLIC        calib_time
  D:00B8H         PUBLIC        IP
  B:0098H.0       PUBLIC        RI
  X:04C5H         PUBLIC        months
  B:0098H.1       PUBLIC        TI
  C:3A28H         PUBLIC        Uart
  D:00D8H         PUBLIC        CCON
  C:1B76H         PUBLIC        main
  X:04C6H         PUBLIC        count
BL51 BANKED LINKER/LOCATER V6.22                                                      01/22/2019  15:09:28  PAGE 8


  D:0099H         PUBLIC        SBUF
  X:04C8H         PUBLIC        days
  X:04C9H         PUBLIC        hours
  D:0098H         PUBLIC        SCON
  D:0089H         PUBLIC        TMOD
  D:0088H         PUBLIC        TCON
  B:00A0H.3       PUBLIC        P23
  X:04CAH         SYMBOL        KeyCount
  X:04CCH         PUBLIC        mins
  X:04CDH         PUBLIC        Rec_data_hour
  X:04D0H         PUBLIC        Rec_data_min
  D:008EH         PUBLIC        AUXR
  C:0009H         PUBLIC        tm0_isr
  B:0021H.1       PUBLIC        busy
  D:00E0H         PUBLIC        ACC
  B:00A8H.1       PUBLIC        ET0
  D:008CH         PUBLIC        TH0
  X:04D3H         PUBLIC        hour_count
  D:008AH         PUBLIC        TL0
  X:04D4H         PUBLIC        min_count
  B:0088H.4       PUBLIC        TR0
  X:04D5H         SYMBOL        KeyNum
  X:04D6H         SYMBOL        KeyNum_Old
  X:04D7H         PUBLIC        current_position
  X:04DBH         PUBLIC        hours1
  X:04DCH         PUBLIC        hours2
  C:3B59H         PUBLIC        _Display_Prox
  X:04DDH         PUBLIC        mins1
  X:04DEH         PUBLIC        mins2
  C:2C46H         PUBLIC        _Display_Pos
  X:04DFH         PUBLIC        seconds
  X:04E0H         PUBLIC        st_time
  D:00D0H         PUBLIC        PSW
  C:4293H         PUBLIC        _SendUART1
  -------         PROC          TM0_ISR
  C:0009H         LINE#         86
  C:0009H         LINE#         88
  -------         ENDPROC       TM0_ISR
  -------         PROC          MAIN
  -------         DO            
  X:02F4H         SYMBOL        prox_data
  X:040FH         SYMBOL        KeyCount
  X:0411H         SYMBOL        KeyNum_Old
  X:0412H         SYMBOL        KeyNum
  X:0413H         SYMBOL        PressedKey
  X:02F6H         SYMBOL        prox_flag
  X:02F7H         SYMBOL        iUse_prevday_calib_value
  X:02F9H         SYMBOL        calib_point1
  X:0301H         SYMBOL        calib_point2
  X:0309H         SYMBOL        calib_day
  D:0002H         SYMBOL        calib_count
  -------         ENDDO         
  C:1B76H         LINE#         90
  C:1B76H         LINE#         91
  C:1B76H         LINE#         96
  C:1B7CH         LINE#         97
  C:1B81H         LINE#         100
BL51 BANKED LINKER/LOCATER V6.22                                                      01/22/2019  15:09:28  PAGE 9


  C:1B87H         LINE#         104
  C:1B89H         LINE#         105
  C:1B8BH         LINE#         106
  C:1B8DH         LINE#         107
  C:1B8FH         LINE#         109
  C:1B95H         LINE#         118
  C:1B97H         LINE#         119
  C:1B9AH         LINE#         120
  C:1B9DH         LINE#         121
  C:1BA0H         LINE#         122
  C:1BA3H         LINE#         123
  C:1BA6H         LINE#         126
  C:1BA9H         LINE#         128
  C:1BACH         LINE#         129
  C:1BAFH         LINE#         130
  C:1BB2H         LINE#         131
  C:1BB4H         LINE#         132
  C:1BB6H         LINE#         133
  C:1BB8H         LINE#         135
  C:1BBAH         LINE#         137
  C:1BC1H         LINE#         139
  C:1BC8H         LINE#         143
  C:1BCFH         LINE#         144
  C:1BD4H         LINE#         145
  C:1BD9H         LINE#         146
  C:1BDEH         LINE#         147
  C:1BE3H         LINE#         148
  C:1BE8H         LINE#         151
  C:1BEBH         LINE#         152
  C:1BEBH         LINE#         153
  C:1C07H         LINE#         154
  C:1C12H         LINE#         155
  C:1C12H         LINE#         156
  C:1C12H         LINE#         157
  C:1C15H         LINE#         160
  C:1C15H         LINE#         163
  C:1C1AH         LINE#         164
  C:1C1FH         LINE#         166
  C:1C24H         LINE#         167
  C:1C29H         LINE#         168
  C:1C2EH         LINE#         169
  C:1C33H         LINE#         171
  C:1C44H         LINE#         173
  C:1C4BH         LINE#         174
  C:1C53H         LINE#         175
  C:1C58H         LINE#         176
  C:1C60H         LINE#         177
  C:1C65H         LINE#         178
  C:1C6FH         LINE#         179
  C:1C74H         LINE#         180
  C:1C7CH         LINE#         182
  C:1C84H         LINE#         183
  C:1C89H         LINE#         184
  C:1C93H         LINE#         185
  C:1C93H         LINE#         186
  C:1C95H         LINE#         187
  C:1C97H         LINE#         188
BL51 BANKED LINKER/LOCATER V6.22                                                      01/22/2019  15:09:28  PAGE 10


  C:1CA1H         LINE#         189
  C:1CA1H         LINE#         190
  C:1CA6H         LINE#         191
  C:1CA6H         LINE#         203
  C:1CB3H         LINE#         204
  C:1CB3H         LINE#         205
  C:1CBDH         LINE#         206
  C:1CD4H         LINE#         207
  C:1CD4H         LINE#         208
  C:1CD6H         LINE#         209
  C:1CD8H         LINE#         211
  C:1CD8H         LINE#         212
  C:1CE3H         LINE#         213
  C:1CE3H         LINE#         214
  C:1CE8H         LINE#         215
  C:1CE8H         LINE#         216
  C:1CF5H         LINE#         217
  C:1CF5H         LINE#         220
  C:1CFFH         LINE#         221
  C:1D16H         LINE#         222
  C:1D16H         LINE#         223
  C:1D18H         LINE#         224
  C:1D1AH         LINE#         226
  C:1D1AH         LINE#         227
  C:1D25H         LINE#         228
  C:1D25H         LINE#         229
  C:1D2AH         LINE#         230
  C:1D2CH         LINE#         231
  C:1D2CH         LINE#         240
  C:1D4EH         LINE#         241
  C:1D4EH         LINE#         242
  C:1D58H         LINE#         243
  C:1D5EH         LINE#         244
  C:1D60H         LINE#         245
  C:1D62H         LINE#         246
  C:1D64H         LINE#         247
  C:1D64H         LINE#         248
  C:1D67H         LINE#         250
  C:1D67H         LINE#         251
  C:1D6DH         LINE#         252
  C:1D75H         LINE#         253
  C:1D7BH         LINE#         254
  C:1D83H         LINE#         255
  C:1DBEH         LINE#         259
  C:1DCBH         LINE#         260
  C:1DCBH         LINE#         262
  C:1DFEH         LINE#         263
  C:1E0BH         LINE#         264
  C:1E0BH         LINE#         266
  C:1E4CH         LINE#         267
  C:1E4CH         LINE#         268
  C:1EA6H         LINE#         270
  C:1EFDH         LINE#         271
  C:1F0BH         LINE#         272
  C:1F0BH         LINE#         273
  C:1F13H         LINE#         274
  C:1F1AH         LINE#         275
BL51 BANKED LINKER/LOCATER V6.22                                                      01/22/2019  15:09:28  PAGE 11


  C:1F1AH         LINE#         277
  C:1F28H         LINE#         278
  C:1F2BH         LINE#         280
  C:1F2BH         LINE#         282
  C:1F83H         LINE#         284
  C:1F83H         LINE#         285
  C:1F86H         LINE#         289
  C:1F86H         LINE#         291
  C:1FCCH         LINE#         292
  C:1FCCH         LINE#         293
  C:2026H         LINE#         295
  C:207DH         LINE#         296
  C:208BH         LINE#         297
  C:208BH         LINE#         298
  C:2092H         LINE#         299
  C:2092H         LINE#         301
  C:20A0H         LINE#         302
  C:20A3H         LINE#         304
  C:20A3H         LINE#         305
  C:20D0H         LINE#         306
  C:20EBH         LINE#         307
  C:2118H         LINE#         308
  C:2133H         LINE#         310
  C:21C1H         LINE#         311
  C:21C1H         LINE#         312
  C:21C1H         LINE#         314
  C:21C1H         LINE#         315
  -------         ENDPROC       MAIN
  -------         PROC          UART
  C:3A28H         LINE#         329
  C:3A35H         LINE#         331
  C:3A38H         LINE#         332
  C:3A38H         LINE#         333
  C:3A46H         LINE#         334
  C:3A48H         LINE#         335
  C:3A5AH         LINE#         336
  C:3A69H         LINE#         337
  C:3A74H         LINE#         338
  C:3A74H         LINE#         341
  C:3A81H         LINE#         342
  C:3A87H         LINE#         343
  C:3A87H         LINE#         344
  C:3A8DH         LINE#         345
  C:3A9BH         LINE#         346
  C:3AA9H         LINE#         347
  C:3AB1H         LINE#         352
  C:3AB1H         LINE#         353
  C:3AB1H         LINE#         356
  C:3AB1H         LINE#         357
  C:3AB4H         LINE#         358
  C:3AB4H         LINE#         359
  C:3AB6H         LINE#         360
  C:3AB8H         LINE#         361
  C:3AB8H         LINE#         362
  -------         ENDPROC       UART
  -------         PROC          _CALIB_INTERPOLATE
  X:0546H         SYMBOL        hours
BL51 BANKED LINKER/LOCATER V6.22                                                      01/22/2019  15:09:28  PAGE 12


  X:054AH         SYMBOL        mins
  -------         DO            
  X:054EH         SYMBOL        p_calib1
  X:0556H         SYMBOL        p_calib2
  X:055EH         SYMBOL        i
  X:0560H         SYMBOL        current_time
  -------         ENDDO         
  C:2DFBH         LINE#         365
  C:2E01H         LINE#         366
  C:2E01H         LINE#         370
  C:2E58H         LINE#         372
  C:2E7EH         LINE#         373
  C:2E7EH         LINE#         374
  C:2EF0H         LINE#         375
  C:2EF0H         LINE#         376
  C:2F1DH         LINE#         377
  C:2F38H         LINE#         379
  C:2F65H         LINE#         380
  C:2F80H         LINE#         382
  C:2F82H         LINE#         383
  C:2F82H         LINE#         384
  C:2F96H         LINE#         385
  C:2F9BH         LINE#         387
  -------         ENDPROC       _CALIB_INTERPOLATE
  -------         PROC          _SENDUART1
  D:0007H         SYMBOL        dat
  C:4293H         LINE#         390
  C:4293H         LINE#         391
  C:4293H         LINE#         392
  C:4296H         LINE#         393
  C:4298H         LINE#         394
  C:4299H         LINE#         395
  C:429BH         LINE#         396
  -------         ENDPROC       _SENDUART1
  -------         PROC          _DISPLAY_PROX
  D:0002H         SYMBOL        dat
  -------         DO            
  X:056DH         SYMBOL        unit
  X:056EH         SYMBOL        ten
  X:056FH         SYMBOL        hundred
  X:0570H         SYMBOL        thousand
  -------         ENDDO         
  C:3B59H         LINE#         399
  C:3B5DH         LINE#         400
  C:3B5DH         LINE#         402
  C:3B69H         LINE#         403
  C:3B79H         LINE#         404
  C:3B95H         LINE#         405
  C:3BC5H         LINE#         406
  C:3BCFH         LINE#         407
  C:3BD9H         LINE#         408
  C:3BE3H         LINE#         409
  C:3BEDH         LINE#         411
  -------         ENDPROC       _DISPLAY_PROX
  -------         PROC          _DISPLAY_POS
  X:030BH         SYMBOL        sign_dat
  -------         DO            
BL51 BANKED LINKER/LOCATER V6.22                                                      01/22/2019  15:09:28  PAGE 13


  X:030FH         SYMBOL        unit
  X:0310H         SYMBOL        ten
  X:0311H         SYMBOL        hundred
  D:0003H         SYMBOL        thousand
  X:0312H         SYMBOL        after_dot
  X:0313H         SYMBOL        dat
  -------         ENDDO         
  C:2C46H         LINE#         414
  C:2C4CH         LINE#         415
  C:2C4CH         LINE#         419
  C:2C68H         LINE#         420
  C:2C82H         LINE#         421
  C:2CA6H         LINE#         423
  C:2CF0H         LINE#         425
  C:2D07H         LINE#         426
  C:2D14H         LINE#         427
  C:2D36H         LINE#         428
  C:2D6BH         LINE#         429
  C:2D83H         LINE#         430
  C:2D83H         LINE#         432
  C:2D8DH         LINE#         433
  C:2D97H         LINE#         434
  C:2DA1H         LINE#         435
  C:2DA6H         LINE#         436
  C:2DB0H         LINE#         437
  C:2DB5H         LINE#         438
  C:2DBAH         LINE#         439
  C:2DBCH         LINE#         440
  C:2DBEH         LINE#         442
  C:2DBEH         LINE#         444
  C:2DC3H         LINE#         445
  C:2DCDH         LINE#         446
  C:2DD7H         LINE#         447
  C:2DE1H         LINE#         448
  C:2DE6H         LINE#         449
  C:2DF0H         LINE#         450
  C:2DF5H         LINE#         451
  C:2DFAH         LINE#         453
  C:2DFAH         LINE#         455
  -------         ENDPROC       _DISPLAY_POS
  -------         ENDMOD        MAIN

  -------         MODULE        PCF85063BTL
  C:0000H         SYMBOL        _ICE_DUMMY_
  D:0096H         PUBLIC        P2M0
  D:0080H         PUBLIC        P0
  D:0095H         PUBLIC        P2M1
  D:0090H         PUBLIC        P1
  D:00A0H         PUBLIC        P2
  D:00B0H         PUBLIC        P3
  D:00C0H         PUBLIC        P4
  D:00C8H         PUBLIC        P5
  D:00E8H         PUBLIC        P6
  B:00A0H.1       PUBLIC        PCF85063BTL_SDI
  D:00F8H         PUBLIC        P7
  B:00A0H.2       PUBLIC        PCF85063BTL_SCK
  B:00A0H.1       PUBLIC        PCF85063BTL_SDO
BL51 BANKED LINKER/LOCATER V6.22                                                      01/22/2019  15:09:28  PAGE 14


  D:00A8H         PUBLIC        IE
  C:3D73H         PUBLIC        _Read_time
  C:41D8H         PUBLIC        _PCF85063BTL_Delay
  D:00B8H         PUBLIC        IP
  D:00D8H         PUBLIC        CCON
  C:3C7AH         PUBLIC        _Day_Of_Year
  C:40E5H         PUBLIC        SPI_ReceiveByte
  D:0098H         PUBLIC        SCON
  D:0088H         PUBLIC        TCON
  C:420BH         PUBLIC        _BCDtoDec
  B:00A0H.0       PUBLIC        PCF85063BTL_CS
  C:41FAH         PUBLIC        _SPI_ReadTime
  C:425AH         PUBLIC        SPI_Init
  C:4178H         PUBLIC        _SPI_WriteTime
  C:40C5H         PUBLIC        _SPI_SendByte
  D:00D0H         PUBLIC        PSW
  C:41D4H         SYMBOL        L?0047
  -------         PROC          L?0046
  -------         ENDPROC       L?0046
  C:41D4H         SYMBOL        L?0047
  -------         PROC          _PCF85063BTL_DELAY
  D:0006H         SYMBOL        us
  C:41D8H         LINE#         8
  C:41D8H         LINE#         9
  C:41D8H         LINE#         10
  C:41E2H         LINE#         11
  C:41E2H         LINE#         12
  C:41E3H         LINE#         13
  C:41E5H         LINE#         14
  -------         ENDPROC       _PCF85063BTL_DELAY
  -------         PROC          _SPI_SENDBYTE
  D:0005H         SYMBOL        dat
  -------         DO            
  D:0003H         SYMBOL        i
  -------         ENDDO         
  C:40C5H         LINE#         17
  C:40C7H         LINE#         18
  C:40C7H         LINE#         20
  C:40C9H         LINE#         21
  C:40C9H         LINE#         22
  C:40CBH         LINE#         23
  C:40CFH         LINE#         24
  C:40CFH         LINE#         25
  C:40D1H         LINE#         26
  C:40D3H         LINE#         28
  C:40D3H         LINE#         29
  C:40D5H         LINE#         30
  C:40D5H         LINE#         31
  C:40D8H         LINE#         32
  C:40D8H         LINE#         33
  C:40DBH         LINE#         34
  C:40DFH         LINE#         35
  C:40E4H         LINE#         36
  -------         ENDPROC       _SPI_SENDBYTE
  -------         PROC          SPI_RECEIVEBYTE
  -------         DO            
  D:0003H         SYMBOL        i
BL51 BANKED LINKER/LOCATER V6.22                                                      01/22/2019  15:09:28  PAGE 15


  D:0005H         SYMBOL        dat
  -------         ENDDO         
  C:40E5H         LINE#         39
  C:40E5H         LINE#         40
  C:40E5H         LINE#         42
  C:40E7H         LINE#         44
  C:40E9H         LINE#         45
  C:40EAH         LINE#         46
  C:40EAH         LINE#         47
  C:40EEH         LINE#         48
  C:40F0H         LINE#         49
  C:40F3H         LINE#         51
  C:40F6H         LINE#         52
  C:40F6H         LINE#         53
  C:40FAH         LINE#         54
  C:40FAH         LINE#         55
  C:40FAH         LINE#         56
  C:40FDH         LINE#         57
  C:4102H         LINE#         58
  C:4104H         LINE#         59
  -------         ENDPROC       SPI_RECEIVEBYTE
  -------         PROC          _SPI_READTIME
  D:0007H         SYMBOL        addr
  -------         DO            
  D:0006H         SYMBOL        dat
  -------         ENDDO         
  C:41FAH         LINE#         61
  C:41FAH         LINE#         62
  C:41FAH         LINE#         64
  C:41FCH         LINE#         65
  C:41FEH         LINE#         66
  C:4205H         LINE#         67
  C:4208H         LINE#         68
  C:420AH         LINE#         69
  C:420AH         LINE#         70
  -------         ENDPROC       _SPI_READTIME
  -------         PROC          _SPI_WRITETIME
  D:0002H         SYMBOL        val
  D:0005H         SYMBOL        addr
  C:4178H         LINE#         71
  C:417AH         LINE#         72
  C:417AH         LINE#         74
  C:417CH         LINE#         75
  C:4183H         LINE#         76
  C:4188H         LINE#         77
  C:418DH         LINE#         78
  C:418FH         LINE#         79
  -------         ENDPROC       _SPI_WRITETIME
  -------         PROC          SPI_INIT
  C:425AH         LINE#         83
  C:425AH         LINE#         84
  C:425AH         LINE#         89
  C:425DH         LINE#         90
  C:4260H         LINE#         91
  C:4262H         LINE#         92
  C:4264H         LINE#         93
  C:4266H         LINE#         94
BL51 BANKED LINKER/LOCATER V6.22                                                      01/22/2019  15:09:28  PAGE 16


  -------         ENDPROC       SPI_INIT
  -------         PROC          _READ_TIME
  X:030BH         SYMBOL        months
  X:030EH         SYMBOL        days
  X:0311H         SYMBOL        hours
  X:0314H         SYMBOL        mins
  X:0317H         SYMBOL        seconds
  C:3D73H         LINE#         96
  C:3D7EH         LINE#         97
  C:3D7EH         LINE#         99
  C:3D92H         LINE#         101
  C:3DA6H         LINE#         103
  C:3DBAH         LINE#         108
  C:3DCEH         LINE#         113
  -------         ENDPROC       _READ_TIME
  -------         PROC          _BCDTODEC
  D:0007H         SYMBOL        bcd
  -------         DO            
  D:0006H         SYMBOL        hi
  D:0007H         SYMBOL        lo
  -------         ENDDO         
  C:420BH         LINE#         119
  C:420BH         LINE#         120
  C:420BH         LINE#         122
  C:4210H         LINE#         123
  C:4214H         LINE#         124
  C:421BH         LINE#         125
  -------         ENDPROC       _BCDTODEC
  -------         PROC          _DAY_OF_YEAR
  D:0007H         SYMBOL        months_bcd
  D:0005H         SYMBOL        days_bcd
  -------         DO            
  D:0004H         SYMBOL        months
  D:0007H         SYMBOL        days
  -------         ENDDO         
  C:3C7AH         LINE#         126
  C:3C7AH         LINE#         127
  C:3C7AH         LINE#         130
  C:3C7FH         LINE#         132
  C:3C84H         LINE#         134
  C:3CBDH         LINE#         135
  C:3CBDH         LINE#         136
  C:3CBDH         LINE#         137
  C:3CC0H         LINE#         138
  C:3CC0H         LINE#         139
  C:3CC0H         LINE#         140
  C:3CC5H         LINE#         141
  C:3CC5H         LINE#         142
  C:3CC5H         LINE#         143
  C:3CCAH         LINE#         144
  C:3CCAH         LINE#         145
  C:3CCAH         LINE#         146
  C:3CCFH         LINE#         147
  C:3CCFH         LINE#         148
  C:3CCFH         LINE#         149
  C:3CD4H         LINE#         150
  C:3CD4H         LINE#         151
BL51 BANKED LINKER/LOCATER V6.22                                                      01/22/2019  15:09:28  PAGE 17


  C:3CD4H         LINE#         152
  C:3CD9H         LINE#         153
  C:3CD9H         LINE#         154
  C:3CD9H         LINE#         155
  C:3CDEH         LINE#         156
  C:3CDEH         LINE#         157
  C:3CDEH         LINE#         158
  C:3CE3H         LINE#         159
  C:3CE3H         LINE#         160
  C:3CE3H         LINE#         161
  C:3CEBH         LINE#         162
  C:3CEBH         LINE#         163
  C:3CEBH         LINE#         164
  C:3CF0H         LINE#         165
  C:3CF0H         LINE#         166
  C:3CF0H         LINE#         167
  C:3CF5H         LINE#         168
  C:3CF5H         LINE#         169
  C:3CF5H         LINE#         170
  C:3CFDH         LINE#         171
  C:3CFDH         LINE#         172
  C:3CFDH         LINE#         173
  -------         ENDPROC       _DAY_OF_YEAR
  -------         ENDMOD        PCF85063BTL

  -------         MODULE        UART1
  C:0000H         SYMBOL        _ICE_DUMMY_
  D:0080H         PUBLIC        P0
  D:0090H         PUBLIC        P1
  D:00A0H         PUBLIC        P2
  D:00B0H         PUBLIC        P3
  D:00C0H         PUBLIC        P4
  D:00C8H         PUBLIC        P5
  B:00A8H.7       PUBLIC        EA
  D:00E8H         PUBLIC        P6
  D:00F8H         PUBLIC        P7
  C:3FCEH         PUBLIC        _SendString
  D:00A8H         PUBLIC        IE
  B:00A8H.4       PUBLIC        ES
  D:00B8H         PUBLIC        IP
  C:4190H         PUBLIC        _ASCIItoBCD
  D:00D8H         PUBLIC        CCON
  C:421CH         PUBLIC        initUART1
  D:0098H         PUBLIC        SCON
  D:0088H         PUBLIC        TCON
  C:000AH         PUBLIC        _DectoBCD
  C:42A7H         PUBLIC        _ASCII_Letter
  D:008EH         PUBLIC        AUXR
  C:42A2H         PUBLIC        _unit
  C:0003H         PUBLIC        _ten
  D:00D6H         PUBLIC        T2H
  D:00D7H         PUBLIC        T2L
  D:00D0H         PUBLIC        PSW
  -------         PROC          INITUART1
  C:421CH         LINE#         21
  C:421CH         LINE#         22
  C:421CH         LINE#         23
BL51 BANKED LINKER/LOCATER V6.22                                                      01/22/2019  15:09:28  PAGE 18


  C:421FH         LINE#         24
  C:4222H         LINE#         25
  C:4225H         LINE#         26
  C:4228H         LINE#         27
  C:422AH         LINE#         28
  C:422CH         LINE#         30
  -------         ENDPROC       INITUART1
  -------         PROC          _SENDSTRING
  X:0571H         SYMBOL        s
  C:3FCEH         LINE#         35
  C:3FD9H         LINE#         36
  C:3FD9H         LINE#         37
  C:3FE9H         LINE#         38
  C:3FE9H         LINE#         39
  C:3FFEH         LINE#         40
  C:4000H         LINE#         41
  -------         ENDPROC       _SENDSTRING
  -------         PROC          _TEN
  D:0007H         SYMBOL        BCD
  C:0003H         LINE#         43
  C:0003H         LINE#         44
  C:0003H         LINE#         45
  C:0008H         LINE#         46
  -------         ENDPROC       _TEN
  -------         PROC          _UNIT
  D:0007H         SYMBOL        BCD
  C:42A2H         LINE#         47
  C:42A2H         LINE#         48
  C:42A2H         LINE#         52
  C:42A6H         LINE#         53
  -------         ENDPROC       _UNIT
  -------         PROC          _DECTOBCD
  D:0007H         SYMBOL        dec
  C:000AH         LINE#         54
  C:000AH         LINE#         55
  C:000AH         LINE#         57
  C:000AH         LINE#         58
  -------         ENDPROC       _DECTOBCD
  -------         PROC          _ASCII_LETTER
  D:0007H         SYMBOL        dat
  C:42A7H         LINE#         60
  C:42A7H         LINE#         61
  C:42A7H         LINE#         63
  C:42ABH         LINE#         64
  -------         ENDPROC       _ASCII_LETTER
  -------         PROC          _ASCIITOBCD
  D:0001H         SYMBOL        ascii
  -------         DO            
  D:0007H         SYMBOL        dec_val
  D:0006H         SYMBOL        ten
  D:0007H         SYMBOL        unit
  -------         ENDDO         
  C:4190H         LINE#         66
  C:4190H         LINE#         67
  C:4190H         LINE#         69
  C:4193H         LINE#         70
  C:4199H         LINE#         71
BL51 BANKED LINKER/LOCATER V6.22                                                      01/22/2019  15:09:28  PAGE 19


  C:41A0H         LINE#         72
  C:41A6H         LINE#         74
  -------         ENDPROC       _ASCIITOBCD
  -------         ENDMOD        UART1

  -------         MODULE        LCD_DRIVER_SPLC780D
  C:0000H         SYMBOL        _ICE_DUMMY_
  D:0092H         PUBLIC        P1M0
  D:0091H         PUBLIC        P1M1
  D:0080H         PUBLIC        P0
  D:0090H         PUBLIC        P1
  D:00A0H         PUBLIC        P2
  D:00B0H         PUBLIC        P3
  D:00C0H         PUBLIC        P4
  D:00C8H         PUBLIC        P5
  D:00E8H         PUBLIC        P6
  D:00F8H         PUBLIC        P7
  C:3CFEH         PUBLIC        _WriteData
  D:00A8H         PUBLIC        IE
  D:00B8H         PUBLIC        IP
  D:00D8H         PUBLIC        CCON
  B:00B0H.4       PUBLIC        LCD_D4
  B:00B0H.5       PUBLIC        LCD_D5
  B:00B0H.6       PUBLIC        LCD_D6
  C:4123H         PUBLIC        _DisplayLCD
  B:00B0H.7       PUBLIC        LCD_D7
  D:0098H         PUBLIC        SCON
  D:0088H         PUBLIC        TCON
  C:4289H         PUBLIC        LCD_clear
  C:3F13H         PUBLIC        _Command
  C:000EH         PUBLIC        _Display_Line
  C:3DE2H         PUBLIC        LCD_Init
  C:40A7H         PUBLIC        _Wait_ms
  B:00C0H.0       PUBLIC        LCD_RS
  B:00B0H.2       PUBLIC        LCD_RW
  C:427FH         PUBLIC        LCD_return_home
  B:00B0H.3       PUBLIC        LCD_E
  D:00D0H         PUBLIC        PSW
  -------         PROC          LCD_INIT
  C:3DE2H         LINE#         9
  C:3DE2H         LINE#         10
  C:3DE2H         LINE#         11
  C:3DE5H         LINE#         12
  C:3DE8H         LINE#         14
  C:3DEEH         LINE#         15
  C:3DF3H         LINE#         17
  C:3DFAH         LINE#         18
  C:3DFFH         LINE#         20
  C:3E02H         LINE#         21
  C:3E07H         LINE#         23
  C:3E0AH         LINE#         24
  C:3E0FH         LINE#         26
  C:3E16H         LINE#         29
  C:3E1BH         LINE#         30
  C:3E20H         LINE#         32
  C:3E25H         LINE#         33
  C:3E2AH         LINE#         35
BL51 BANKED LINKER/LOCATER V6.22                                                      01/22/2019  15:09:28  PAGE 20


  C:3E2FH         LINE#         36
  C:3E34H         LINE#         37
  -------         ENDPROC       LCD_INIT
  -------         PROC          _WRITEDATA
  X:0315H         SYMBOL        dat
  C:3CFEH         LINE#         40
  C:3D03H         LINE#         41
  C:3D03H         LINE#         46
  C:3D05H         LINE#         47
  C:3D07H         LINE#         49
  C:3D15H         LINE#         50
  C:3D21H         LINE#         51
  C:3D2DH         LINE#         52
  C:3D37H         LINE#         53
  C:3D39H         LINE#         54
  C:3D40H         LINE#         55
  C:3D42H         LINE#         57
  C:3D52H         LINE#         58
  C:3D5DH         LINE#         59
  C:3D67H         LINE#         60
  C:3D6BH         LINE#         62
  C:3D6BH         LINE#         63
  C:3D6EH         LINE#         64
  C:3D70H         LINE#         65
  C:3D72H         LINE#         67
  -------         ENDPROC       _WRITEDATA
  -------         PROC          _COMMAND
  D:0007H         SYMBOL        dat
  C:3F13H         LINE#         69
  C:3F13H         LINE#         70
  C:3F13H         LINE#         71
  C:3F15H         LINE#         72
  C:3F17H         LINE#         74
  C:3F21H         LINE#         75
  C:3F25H         LINE#         77
  C:3F27H         LINE#         78
  C:3F30H         LINE#         79
  C:3F34H         LINE#         81
  C:3F36H         LINE#         82
  C:3F3DH         LINE#         83
  C:3F41H         LINE#         85
  C:3F43H         LINE#         86
  C:3F47H         LINE#         87
  C:3F4BH         LINE#         89
  C:3F4DH         LINE#         90
  C:3F4DH         LINE#         91
  C:3F50H         LINE#         92
  C:3F52H         LINE#         93
  -------         ENDPROC       _COMMAND
  C:40A3H         SYMBOL        L?0028
  -------         PROC          L?0027
  -------         ENDPROC       L?0027
  C:40A3H         SYMBOL        L?0028
  -------         PROC          _WAIT_MS
  D:0006H         SYMBOL        ms
  -------         DO            
  D:0004H         SYMBOL        De_Cnt
BL51 BANKED LINKER/LOCATER V6.22                                                      01/22/2019  15:09:28  PAGE 21


  -------         ENDDO         
  C:40A7H         LINE#         95
  C:40A7H         LINE#         96
  C:40A7H         LINE#         98
  C:40B1H         LINE#         99
  C:40B1H         LINE#         100
  C:40C4H         LINE#         101
  C:40C4H         LINE#         102
  -------         ENDPROC       _WAIT_MS
  -------         PROC          _DISPLAYLCD
  D:0007H         SYMBOL        BCD
  -------         DO            
  D:0006H         SYMBOL        first_digit
  X:030BH         SYMBOL        second_digit
  -------         ENDDO         
  C:4123H         LINE#         103
  C:4123H         LINE#         104
  C:4123H         LINE#         106
  C:412AH         LINE#         107
  C:4133H         LINE#         109
  C:4138H         LINE#         111
  -------         ENDPROC       _DISPLAYLCD
  -------         PROC          LCD_RETURN_HOME
  C:427FH         LINE#         115
  C:427FH         LINE#         116
  C:427FH         LINE#         117
  C:4284H         LINE#         118
  -------         ENDPROC       LCD_RETURN_HOME
  -------         PROC          LCD_CLEAR
  C:4289H         LINE#         121
  C:4289H         LINE#         122
  C:4289H         LINE#         123
  C:428EH         LINE#         124
  -------         ENDPROC       LCD_CLEAR
  -------         PROC          _DISPLAY_LINE
  D:0006H         SYMBOL        line
  C:000EH         LINE#         128
  C:000EH         LINE#         129
  C:000EH         LINE#         130
  C:0014H         LINE#         131
  C:0014H         LINE#         132
  C:0016H         LINE#         133
  C:0016H         LINE#         134
  C:0018H         LINE#         136
  C:0018H         LINE#         137
  C:001DH         LINE#         138
  C:0022H         LINE#         139
  C:0022H         LINE#         140
  -------         ENDPROC       _DISPLAY_LINE
  -------         ENDMOD        LCD_DRIVER_SPLC780D

  -------         MODULE        KEYPAD
  C:0000H         SYMBOL        _ICE_DUMMY_
  D:0093H         PUBLIC        P0M1
  D:0080H         PUBLIC        P0
  D:0090H         PUBLIC        P1
  D:00A0H         PUBLIC        P2
BL51 BANKED LINKER/LOCATER V6.22                                                      01/22/2019  15:09:28  PAGE 22


  D:00B0H         PUBLIC        P3
  D:00C0H         PUBLIC        P4
  D:00C8H         PUBLIC        P5
  B:0020H.0       PUBLIC        calib_mode
  D:00E8H         PUBLIC        P6
  D:00F8H         PUBLIC        P7
  D:00A8H         PUBLIC        IE
  C:2F9CH         PUBLIC        Key_Scan
  D:00B8H         PUBLIC        IP
  D:00D8H         PUBLIC        CCON
  C:4267H         PUBLIC        KeyPad_IO_Init
  C:4105H         PUBLIC        _Delay_ms
  D:0098H         PUBLIC        SCON
  D:0088H         PUBLIC        TCON
  B:0020H.1       PUBLIC        small_move
  B:0020H.2       PUBLIC        move
  B:0020H.3       PUBLIC        direction
  B:0020H.4       PUBLIC        auto_move
  C:27D5H         PUBLIC        Key_Process
  D:00D0H         PUBLIC        PSW
  D:0094H         PUBLIC        P0M0
  -------         PROC          _DELAY_MS
  D:0006H         SYMBOL        ms
  -------         DO            
  D:0004H         SYMBOL        De_Cnt
  -------         ENDDO         
  C:4105H         LINE#         19
  C:4105H         LINE#         20
  C:4105H         LINE#         22
  C:410FH         LINE#         23
  C:410FH         LINE#         24
  C:4122H         LINE#         25
  C:4122H         LINE#         26
  -------         ENDPROC       _DELAY_MS
  -------         PROC          KEY_SCAN
  -------         DO            
  X:0311H         SYMBOL        KeyTemp1
  X:0312H         SYMBOL        KeyTemp2
  X:0313H         SYMBOL        KeyValue
  -------         ENDDO         
  C:2F9CH         LINE#         27
  C:2F9CH         LINE#         28
  C:2F9CH         LINE#         33
  C:2F9FH         LINE#         36
  C:2FA2H         LINE#         38
  C:2FAAH         LINE#         39
  C:2FB1H         LINE#         40
  C:2FB1H         LINE#         42
  C:2FB6H         LINE#         43
  C:2FBDH         LINE#         44
  C:2FBDH         LINE#         47
  C:2FC0H         LINE#         48
  C:2FC3H         LINE#         49
  C:2FC8H         LINE#         50
  C:2FCCH         LINE#         51
  C:2FCCH         LINE#         52
  C:2FD4H         LINE#         53
BL51 BANKED LINKER/LOCATER V6.22                                                      01/22/2019  15:09:28  PAGE 23


  C:2FD4H         LINE#         54
  C:2FD7H         LINE#         55
  C:2FDFH         LINE#         56
  C:2FE1H         LINE#         58
  C:2FF5H         LINE#         59
  C:2FF5H         LINE#         60
  C:2FF5H         LINE#         61
  C:2FF5H         LINE#         62
  C:2FFBH         LINE#         64
  C:2FFDH         LINE#         65
  C:2FFDH         LINE#         66
  C:2FFDH         LINE#         67
  C:3003H         LINE#         69
  C:3005H         LINE#         70
  C:3005H         LINE#         71
  C:3005H         LINE#         72
  C:300BH         LINE#         74
  C:300DH         LINE#         75
  C:300DH         LINE#         76
  C:300DH         LINE#         77
  C:3013H         LINE#         79
  C:3013H         LINE#         80
  C:3013H         LINE#         81
  C:3013H         LINE#         84
  C:3016H         LINE#         85
  C:3019H         LINE#         86
  C:3021H         LINE#         87
  C:3025H         LINE#         88
  C:3025H         LINE#         89
  C:302DH         LINE#         90
  C:302DH         LINE#         91
  C:3030H         LINE#         92
  C:3038H         LINE#         93
  C:303AH         LINE#         94
  C:304EH         LINE#         95
  C:304EH         LINE#         96
  C:304EH         LINE#         97
  C:304EH         LINE#         98
  C:3054H         LINE#         100
  C:3056H         LINE#         101
  C:3056H         LINE#         102
  C:3056H         LINE#         103
  C:305CH         LINE#         105
  C:305EH         LINE#         106
  C:305EH         LINE#         107
  C:305EH         LINE#         108
  C:3064H         LINE#         110
  C:3066H         LINE#         111
  C:3066H         LINE#         112
  C:3066H         LINE#         113
  C:306BH         LINE#         115
  C:306BH         LINE#         116
  C:306BH         LINE#         117
  C:306BH         LINE#         120
  C:306EH         LINE#         121
  C:3071H         LINE#         122
  C:3079H         LINE#         123
BL51 BANKED LINKER/LOCATER V6.22                                                      01/22/2019  15:09:28  PAGE 24


  C:307DH         LINE#         124
  C:307DH         LINE#         125
  C:3085H         LINE#         126
  C:3085H         LINE#         127
  C:3088H         LINE#         128
  C:3090H         LINE#         129
  C:3092H         LINE#         130
  C:30A6H         LINE#         131
  C:30A6H         LINE#         132
  C:30A6H         LINE#         133
  C:30A6H         LINE#         134
  C:30ACH         LINE#         136
  C:30AEH         LINE#         137
  C:30AEH         LINE#         138
  C:30AEH         LINE#         139
  C:30B4H         LINE#         141
  C:30B6H         LINE#         142
  C:30B6H         LINE#         143
  C:30B6H         LINE#         144
  C:30BCH         LINE#         146
  C:30BEH         LINE#         147
  C:30BEH         LINE#         148
  C:30BEH         LINE#         149
  C:30C4H         LINE#         151
  C:30C4H         LINE#         152
  C:30C4H         LINE#         153
  C:30C4H         LINE#         157
  C:30C7H         LINE#         158
  C:30CAH         LINE#         159
  C:30D2H         LINE#         160
  C:30D6H         LINE#         161
  C:30D6H         LINE#         162
  C:30DEH         LINE#         163
  C:30DEH         LINE#         164
  C:30E1H         LINE#         165
  C:30E9H         LINE#         166
  C:30EBH         LINE#         167
  C:30FFH         LINE#         168
  C:30FFH         LINE#         169
  C:30FFH         LINE#         170
  C:30FFH         LINE#         171
  C:3105H         LINE#         173
  C:3107H         LINE#         174
  C:3107H         LINE#         175
  C:3107H         LINE#         176
  C:310DH         LINE#         178
  C:310FH         LINE#         179
  C:310FH         LINE#         180
  C:310FH         LINE#         181
  C:3115H         LINE#         183
  C:3117H         LINE#         184
  C:3117H         LINE#         185
  C:3117H         LINE#         186
  C:311DH         LINE#         188
  C:311DH         LINE#         189
  C:311DH         LINE#         190
  C:311DH         LINE#         192
BL51 BANKED LINKER/LOCATER V6.22                                                      01/22/2019  15:09:28  PAGE 25


  C:3123H         LINE#         193
  C:3123H         LINE#         195
  C:3123H         LINE#         196
  C:3126H         LINE#         197
  C:3126H         LINE#         198
  C:3126H         LINE#         200
  C:3126H         LINE#         201
  C:3128H         LINE#         202
  C:3128H         LINE#         203
  -------         ENDPROC       KEY_SCAN
  -------         PROC          KEY_PROCESS
  -------         DO            
  X:0564H         SYMBOL        KeyCount
  X:0566H         SYMBOL        KeyNum_Old
  X:0567H         SYMBOL        KeyNum
  X:0568H         SYMBOL        PressedKey
  X:030BH         SYMBOL        d
  D:0004H         SYMBOL        hours
  D:0006H         SYMBOL        mins
  X:030DH         SYMBOL        months
  X:030FH         SYMBOL        days
  -------         ENDDO         
  C:27D5H         LINE#         204
  C:27D5H         LINE#         205
  C:27D5H         LINE#         209
  C:27DDH         LINE#         210
  C:27E5H         LINE#         212
  C:27E8H         LINE#         213
  C:27E8H         LINE#         214
  C:27EBH         LINE#         216
  C:27EBH         LINE#         217
  C:27F8H         LINE#         218
  C:27F8H         LINE#         219
  C:27FBH         LINE#         220
  C:27FEH         LINE#         222
  C:2801H         LINE#         224
  C:2801H         LINE#         225
  C:280CH         LINE#         226
  C:280CH         LINE#         227
  C:280FH         LINE#         229
  C:280FH         LINE#         230
  C:2816H         LINE#         231
  C:2816H         LINE#         232
  C:2819H         LINE#         234
  C:2819H         LINE#         235
  C:2821H         LINE#         236
  C:2821H         LINE#         237
  C:282BH         LINE#         238
  C:2833H         LINE#         240
  C:283CH         LINE#         242
  C:283CH         LINE#         251
  C:2851H         LINE#         252
  C:2851H         LINE#         253
  C:2863H         LINE#         254
  C:2871H         LINE#         255
  C:2880H         LINE#         256
  C:2880H         LINE#         258
BL51 BANKED LINKER/LOCATER V6.22                                                      01/22/2019  15:09:28  PAGE 26


  C:2886H         LINE#         262
  C:289CH         LINE#         263
  C:28ADH         LINE#         264
  C:28C8H         LINE#         265
  C:28C8H         LINE#         266
  C:28D8H         LINE#         267
  C:28E9H         LINE#         268
  C:28E9H         LINE#         272
  C:2902H         LINE#         273
  C:2919H         LINE#         274
  C:2939H         LINE#         275
  C:2939H         LINE#         276
  C:2943H         LINE#         277
  C:2943H         LINE#         278
  C:294CH         LINE#         279
  C:294CH         LINE#         280
  C:2960H         LINE#         281
  C:2960H         LINE#         282
  C:2960H         LINE#         283
  C:2960H         LINE#         284
  C:2960H         LINE#         285
  C:2962H         LINE#         287
  C:2962H         LINE#         288
  C:296EH         LINE#         289
  C:296EH         LINE#         290
  C:297FH         LINE#         291
  C:297FH         LINE#         292
  C:297FH         LINE#         293
  C:297FH         LINE#         294
  C:297FH         LINE#         296
  C:2981H         LINE#         298
  C:2981H         LINE#         299
  C:2992H         LINE#         300
  C:2992H         LINE#         301
  C:2992H         LINE#         302
  C:2992H         LINE#         303
  C:2992H         LINE#         305
  C:2992H         LINE#         307
  C:2992H         LINE#         308
  C:2994H         LINE#         310
  C:2994H         LINE#         311
  C:29A7H         LINE#         312
  C:29A7H         LINE#         313
  C:29B8H         LINE#         314
  C:29B8H         LINE#         315
  C:29B8H         LINE#         316
  C:29B8H         LINE#         317
  C:29B8H         LINE#         318
  C:29BAH         LINE#         320
  C:29BAH         LINE#         321
  C:29CBH         LINE#         322
  C:29CBH         LINE#         323
  C:29DCH         LINE#         324
  C:29EDH         LINE#         325
  C:29EDH         LINE#         326
  C:29EDH         LINE#         327
  C:29EDH         LINE#         328
BL51 BANKED LINKER/LOCATER V6.22                                                      01/22/2019  15:09:28  PAGE 27


  C:29EDH         LINE#         329
  C:29F0H         LINE#         330
  C:29F5H         LINE#         331
  C:29FAH         LINE#         332
  C:29FFH         LINE#         333
  C:2A04H         LINE#         334
  C:2A09H         LINE#         335
  C:2A0EH         LINE#         336
  C:2A13H         LINE#         337
  C:2A13H         LINE#         339
  C:2A35H         LINE#         340
  C:2A35H         LINE#         341
  C:2A3FH         LINE#         342
  C:2A3FH         LINE#         343
  C:2A44H         LINE#         344
  C:2A4DH         LINE#         345
  C:2A64H         LINE#         346
  C:2A64H         LINE#         347
  C:2A74H         LINE#         349
  C:2A74H         LINE#         353
  -------         ENDPROC       KEY_PROCESS
  -------         PROC          KEYPAD_IO_INIT
  C:4267H         LINE#         356
  C:4267H         LINE#         357
  C:4267H         LINE#         358
  C:426AH         LINE#         359
  C:426DH         LINE#         360
  C:4270H         LINE#         361
  C:4272H         LINE#         362
  -------         ENDPROC       KEYPAD_IO_INIT
  -------         ENDMOD        KEYPAD

  -------         MODULE        BIPOLARMOTOR
  C:0000H         SYMBOL        _ICE_DUMMY_
  D:0080H         PUBLIC        P0
  D:0090H         PUBLIC        P1
  X:0000H         PUBLIC        RX_pos_test
  D:00A0H         PUBLIC        P2
  D:00B0H         PUBLIC        P3
  D:00C0H         PUBLIC        P4
  D:00C8H         PUBLIC        P5
  D:00E8H         PUBLIC        P6
  D:00F8H         PUBLIC        P7
  X:00A0H         PUBLIC        low_date_azimuth_mapping
  D:00A8H         PUBLIC        IE
  C:36D7H         PUBLIC        linear_interpolate
  C:402CH         PUBLIC        _Move
  D:00B8H         PUBLIC        IP
  C:2AA8H         PUBLIC        _findDet3x3
  C:2515H         PUBLIC        _findDet4x4
  D:00D8H         PUBLIC        CCON
  X:00C8H         PUBLIC        previous_move_time
  D:0098H         PUBLIC        SCON
  D:0088H         PUBLIC        TCON
  C:42ACH         PUBLIC        wait
  C:3F53H         PUBLIC        _Step_move
  X:00C9H         PUBLIC        dat
BL51 BANKED LINKER/LOCATER V6.22                                                      01/22/2019  15:09:28  PAGE 28


  C:0026H         PUBLIC        _Update_position
  C:3E3BH         PUBLIC        vOneStepMove
  X:00CFH         PUBLIC        elevation_stamp
  X:00FBH         PUBLIC        date_azimuth_mapping
  X:0123H         PUBLIC        RX_pos
  C:4167H         PUBLIC        _BCDtoDec1
  X:02DBH         PUBLIC        degree
  X:02DFH         PUBLIC        elevation_stamp_test
  D:00D0H         PUBLIC        PSW
  -------         PROC          L?0062
  -------         ENDPROC       L?0062
  -------         PROC          _BCDTODEC1
  D:0007H         SYMBOL        bcd
  -------         DO            
  D:0006H         SYMBOL        hi
  D:0007H         SYMBOL        lo
  -------         ENDDO         
  C:4167H         LINE#         28
  C:4167H         LINE#         29
  C:4167H         LINE#         31
  C:416CH         LINE#         32
  C:4170H         LINE#         33
  C:4177H         LINE#         34
  -------         ENDPROC       _BCDTODEC1
  -------         PROC          WAIT
  C:42ACH         LINE#         36
  C:42ACH         LINE#         38
  -------         ENDPROC       WAIT
  -------         PROC          VONESTEPMOVE
  B:0021H.0       SYMBOL        bDir
  C:3E3BH         LINE#         40
  C:3E3BH         LINE#         41
  C:3E3BH         LINE#         43
  C:3E41H         LINE#         44
  C:3E41H         LINE#         45
  C:3E44H         LINE#         46
  C:3E4DH         LINE#         47
  C:3E54H         LINE#         48
  C:3E59H         LINE#         49
  C:3E59H         LINE#         50
  C:3E59H         LINE#         52
  C:3E5BH         LINE#         55
  C:3E5BH         LINE#         56
  C:3E5EH         LINE#         57
  C:3E67H         LINE#         58
  C:3E6EH         LINE#         59
  C:3E74H         LINE#         60
  C:3E7DH         LINE#         61
  C:3E84H         LINE#         62
  C:3E84H         LINE#         66
  -------         ENDPROC       VONESTEPMOVE
  -------         PROC          _STEP_MOVE
  X:03AAH         SYMBOL        step
  B:0020H.7       SYMBOL        dir
  -------         DO            
  X:03ACH         SYMBOL        i
  -------         ENDDO         
BL51 BANKED LINKER/LOCATER V6.22                                                      01/22/2019  15:09:28  PAGE 29


  C:3F53H         LINE#         68
  C:3F5BH         LINE#         69
  C:3F5BH         LINE#         71
  C:3F60H         LINE#         74
  C:3F7BH         LINE#         75
  C:3F7BH         LINE#         76
  C:3F82H         LINE#         78
  C:3F92H         LINE#         80
  -------         ENDPROC       _STEP_MOVE
  -------         PROC          _MOVE
  X:03A6H         SYMBOL        distance
  B:0020H.6       SYMBOL        direction
  -------         DO            
  D:0006H         SYMBOL        step
  -------         ENDDO         
  C:402CH         LINE#         82
  C:4032H         LINE#         83
  C:4032H         LINE#         86
  C:404DH         LINE#         87
  -------         ENDPROC       _MOVE
  C:2A89H         SYMBOL        L?0058
  C:2A9DH         SYMBOL        L?0059
  -------         PROC          L?0057
  -------         ENDPROC       L?0057
  C:2A89H         SYMBOL        L?0058
  C:2A9DH         SYMBOL        L?0059
  -------         PROC          _FINDDET3X3
  X:0522H         SYMBOL        a11
  X:0526H         SYMBOL        a12
  X:052AH         SYMBOL        a13
  X:052EH         SYMBOL        a21
  X:0532H         SYMBOL        a22
  X:0536H         SYMBOL        a23
  X:053AH         SYMBOL        a31
  X:053EH         SYMBOL        a32
  X:0542H         SYMBOL        a33
  C:2AA8H         LINE#         91
  C:2AAEH         LINE#         95
  C:2AAEH         LINE#         96
  C:2C45H         LINE#         98
  -------         ENDPROC       _FINDDET3X3
  -------         PROC          _FINDDET4X4
  X:04E2H         SYMBOL        a11
  X:04E6H         SYMBOL        a12
  X:04EAH         SYMBOL        a13
  X:04EEH         SYMBOL        a14
  X:04F2H         SYMBOL        a21
  X:04F6H         SYMBOL        a22
  X:04FAH         SYMBOL        a23
  X:04FEH         SYMBOL        a24
  X:0502H         SYMBOL        a31
  X:0506H         SYMBOL        a32
  X:050AH         SYMBOL        a33
  X:050EH         SYMBOL        a34
  X:0512H         SYMBOL        a41
  X:0516H         SYMBOL        a42
  X:051AH         SYMBOL        a43
BL51 BANKED LINKER/LOCATER V6.22                                                      01/22/2019  15:09:28  PAGE 30


  X:051EH         SYMBOL        a44
  C:2515H         LINE#         99
  C:251BH         LINE#         103
  C:251BH         LINE#         110
  C:27D4H         LINE#         114
  -------         ENDPROC       _FINDDET4X4
  C:36C6H         SYMBOL        L?0061
  -------         PROC          L?0060
  -------         ENDPROC       L?0060
  C:36C6H         SYMBOL        L?0061
  -------         PROC          LINEAR_INTERPOLATE
  X:03A6H         SYMBOL        p1
  X:03AEH         SYMBOL        p2
  X:03B6H         SYMBOL        x
  -------         DO            
  D:0004H         SYMBOL        fx
  -------         ENDDO         
  C:36D7H         LINE#         120
  C:36D7H         LINE#         121
  C:36D7H         LINE#         124
  C:3776H         LINE#         126
  C:3776H         LINE#         127
  -------         ENDPROC       LINEAR_INTERPOLATE
  -------         PROC          _UPDATE_POSITION
  D:0001H         SYMBOL        mnths
  D:0002H         SYMBOL        dys
  X:031DH         SYMBOL        hurs
  X:031EH         SYMBOL        mns
  X:031FH         SYMBOL        sconds
  X:0320H         SYMBOL        currnt_pos
  X:0323H         SYMBOL        offset_calib
  -------         DO            
  X:0327H         SYMBOL        date
  X:0329H         SYMBOL        i
  X:032BH         SYMBOL        yy
  X:032DH         SYMBOL        desired_distance
  X:0331H         SYMBOL        distance
  X:0335H         SYMBOL        JP_pos
  X:0339H         SYMBOL        pos_interpolate_azimuth
  X:0361H         SYMBOL        current_local_sun_time
  X:0365H         SYMBOL        azimuth
  X:0369H         SYMBOL        elevation
  X:036DH         SYMBOL        time_offset
  X:0371H         SYMBOL        UTC_time
  X:0375H         SYMBOL        declination
  X:0379H         SYMBOL        p1
  X:0381H         SYMBOL        p2
  X:0389H         SYMBOL        time
  X:039BH         SYMBOL        location
  X:03A3H         SYMBOL        sunCoord
  -------         ENDDO         
  C:0026H         LINE#         131
  C:002FH         LINE#         134
  C:002FH         LINE#         135
  C:003AH         LINE#         137
  C:0056H         LINE#         138
  C:0060H         LINE#         146
BL51 BANKED LINKER/LOCATER V6.22                                                      01/22/2019  15:09:28  PAGE 31


  C:006AH         LINE#         147
  C:0074H         LINE#         148
  C:007EH         LINE#         149
  C:0089H         LINE#         150
  C:0094H         LINE#         151
  C:00ADH         LINE#         152
  C:00BEH         LINE#         153
  C:00CDH         LINE#         156
  C:00E1H         LINE#         160
  C:0133H         LINE#         161
  C:0297H         LINE#         162
  C:02E7H         LINE#         164
  C:040FH         LINE#         166
  C:04DEH         LINE#         173
  C:04E8H         LINE#         174
  C:04E8H         LINE#         176
  C:0502H         LINE#         177
  C:0502H         LINE#         178
  C:0572H         LINE#         179
  C:0572H         LINE#         180
  C:0579H         LINE#         181
  C:0579H         LINE#         182
  C:05A6H         LINE#         183
  C:05C1H         LINE#         185
  C:0608H         LINE#         186
  C:063CH         LINE#         188
  C:0682H         LINE#         189
  C:06A5H         LINE#         191
  C:06A5H         LINE#         193
  C:071BH         LINE#         194
  C:071BH         LINE#         195
  C:0722H         LINE#         196
  C:0722H         LINE#         197
  C:074FH         LINE#         198
  C:076AH         LINE#         200
  C:07B1H         LINE#         201
  C:07E5H         LINE#         203
  C:082BH         LINE#         204
  C:084BH         LINE#         206
  C:084BH         LINE#         207
  C:085CH         LINE#         210
  C:0876H         LINE#         211
  C:0876H         LINE#         212
  C:08E6H         LINE#         213
  C:08E6H         LINE#         214
  C:0913H         LINE#         215
  C:092EH         LINE#         217
  C:095BH         LINE#         218
  C:0976H         LINE#         220
  C:09A8H         LINE#         223
  C:09A8H         LINE#         225
  C:09B9H         LINE#         227
  C:09E8H         LINE#         229
  C:0A0DH         LINE#         230
  C:0A36H         LINE#         231
  C:0A36H         LINE#         232
  C:0A50H         LINE#         233
BL51 BANKED LINKER/LOCATER V6.22                                                      01/22/2019  15:09:28  PAGE 32


  C:0A62H         LINE#         234
  C:0A7AH         LINE#         235
  C:0A90H         LINE#         237
  C:0AACH         LINE#         238
  C:0AACH         LINE#         239
  C:0AACH         LINE#         242
  -------         ENDPROC       _UPDATE_POSITION
  -------         ENDMOD        BIPOLARMOTOR

  -------         MODULE        SUNPOS
  C:0000H         SYMBOL        _ICE_DUMMY_
  C:13D4H         PUBLIC        sunpos
  -------         PROC          SUNPOS
  X:03A6H         SYMBOL        udtTime
  X:03B8H         SYMBOL        udtLocation
  X:03C0H         SYMBOL        udtSunCoordinates
  -------         DO            
  X:03C3H         SYMBOL        dElapsedJulianDays
  X:03C7H         SYMBOL        dDecimalHours
  X:03CBH         SYMBOL        dEclipticLongitude
  X:03CFH         SYMBOL        dEclipticObliquity
  X:03D3H         SYMBOL        dRightAscension
  X:03D7H         SYMBOL        dDeclination
  X:03DBH         SYMBOL        dY
  X:03DFH         SYMBOL        dX
  -------         DO            
  X:03E3H         SYMBOL        dJulianDate
  X:03E7H         SYMBOL        liAux1
  X:03EBH         SYMBOL        liAux2
  X:03E3H         SYMBOL        dMeanLongitude
  X:03E7H         SYMBOL        dMeanAnomaly
  X:03EBH         SYMBOL        dOmega
  X:03E3H         SYMBOL        dSin_EclipticLongitude
  X:03E3H         SYMBOL        dGreenwichMeanSiderealTime
  X:03E7H         SYMBOL        dLocalMeanSiderealTime
  X:03EBH         SYMBOL        dLatitudeInRadians
  X:03EFH         SYMBOL        dHourAngle
  X:03F3H         SYMBOL        dCos_Latitude
  X:03F7H         SYMBOL        dSin_Latitude
  X:03FBH         SYMBOL        dCos_HourAngle
  X:03FFH         SYMBOL        dParallax
  -------         ENDDO         
  -------         DO            
  X:03E3H         SYMBOL        dMeanLongitude
  X:03E7H         SYMBOL        dMeanAnomaly
  X:03EBH         SYMBOL        dOmega
  X:03E3H         SYMBOL        dSin_EclipticLongitude
  X:03E3H         SYMBOL        dGreenwichMeanSiderealTime
  X:03E7H         SYMBOL        dLocalMeanSiderealTime
  X:03EBH         SYMBOL        dLatitudeInRadians
  X:03EFH         SYMBOL        dHourAngle
  X:03F3H         SYMBOL        dCos_Latitude
  X:03F7H         SYMBOL        dSin_Latitude
  X:03FBH         SYMBOL        dCos_HourAngle
  X:03FFH         SYMBOL        dParallax
  -------         ENDDO         
  -------         DO            
BL51 BANKED LINKER/LOCATER V6.22                                                      01/22/2019  15:09:28  PAGE 33


  X:03E3H         SYMBOL        dSin_EclipticLongitude
  X:03E3H         SYMBOL        dGreenwichMeanSiderealTime
  X:03E7H         SYMBOL        dLocalMeanSiderealTime
  X:03EBH         SYMBOL        dLatitudeInRadians
  X:03EFH         SYMBOL        dHourAngle
  X:03F3H         SYMBOL        dCos_Latitude
  X:03F7H         SYMBOL        dSin_Latitude
  X:03FBH         SYMBOL        dCos_HourAngle
  X:03FFH         SYMBOL        dParallax
  -------         ENDDO         
  -------         DO            
  X:03E3H         SYMBOL        dGreenwichMeanSiderealTime
  X:03E7H         SYMBOL        dLocalMeanSiderealTime
  X:03EBH         SYMBOL        dLatitudeInRadians
  X:03EFH         SYMBOL        dHourAngle
  X:03F3H         SYMBOL        dCos_Latitude
  X:03F7H         SYMBOL        dSin_Latitude
  X:03FBH         SYMBOL        dCos_HourAngle
  X:03FFH         SYMBOL        dParallax
  -------         ENDDO         
  -------         ENDDO         
  C:13D4H         LINE#         6
  C:13D4H         LINE#         7
  C:13D4H         LINE#         9
  C:13D4H         LINE#         27
  C:141EH         LINE#         30
  C:143FH         LINE#         31
  C:1586H         LINE#         34
  C:15D2H         LINE#         36
  C:15F1H         LINE#         37
  C:15F1H         LINE#         42
  C:15F1H         LINE#         46
  C:1623H         LINE#         47
  C:164DH         LINE#         48
  C:1677H         LINE#         49
  C:1724H         LINE#         52
  C:1785H         LINE#         54
  C:1785H         LINE#         59
  C:1785H         LINE#         61
  C:179CH         LINE#         62
  C:17C4H         LINE#         63
  C:17DBH         LINE#         64
  C:1806H         LINE#         65
  C:183DH         LINE#         66
  C:1868H         LINE#         67
  C:1868H         LINE#         70
  C:1868H         LINE#         79
  C:18A3H         LINE#         82
  C:18DDH         LINE#         84
  C:1902H         LINE#         85
  C:1921H         LINE#         86
  C:1938H         LINE#         87
  C:194FH         LINE#         88
  C:1966H         LINE#         89
  C:19EFH         LINE#         91
  C:1A09H         LINE#         92
  C:1A6BH         LINE#         93
BL51 BANKED LINKER/LOCATER V6.22                                                      01/22/2019  15:09:28  PAGE 34


  C:1AA1H         LINE#         94
  C:1AB3H         LINE#         95
  C:1AE0H         LINE#         96
  C:1B0DH         LINE#         98
  C:1B2FH         LINE#         100
  C:1B67H         LINE#         103
  C:1B67H         LINE#         104
  C:1B75H         LINE#         105
  -------         ENDPROC       SUNPOS
  -------         ENDMOD        SUNPOS

  -------         MODULE        ADC
  C:0000H         SYMBOL        _ICE_DUMMY_
  D:0092H         PUBLIC        P1M0
  D:0091H         PUBLIC        P1M1
  D:0080H         PUBLIC        P0
  D:0090H         PUBLIC        P1
  D:00A0H         PUBLIC        P2
  D:00B0H         PUBLIC        P3
  D:00C0H         PUBLIC        P4
  D:00C8H         PUBLIC        P5
  D:00E8H         PUBLIC        P6
  D:00F8H         PUBLIC        P7
  D:00A8H         PUBLIC        IE
  D:00BDH         PUBLIC        ADC_RES
  D:00B8H         PUBLIC        IP
  D:0097H         PUBLIC        CLK_DIV
  D:00D8H         PUBLIC        CCON
  D:00BCH         PUBLIC        ADC_CONTR
  D:0098H         PUBLIC        SCON
  D:0088H         PUBLIC        TCON
  B:00A0H.4       PUBLIC        P24
  B:00A0H.5       PUBLIC        P25
  B:00A0H.6       PUBLIC        P26
  C:4140H         PUBLIC        ADC_Init
  C:407BH         PUBLIC        _ADC_GetResult
  D:009DH         PUBLIC        P1ASF
  D:00BEH         PUBLIC        ADC_RESL
  D:00D0H         PUBLIC        PSW
  -------         PROC          ADC_INIT
  C:4140H         LINE#         7
  C:4140H         LINE#         8
  C:4140H         LINE#         10
  C:4142H         LINE#         11
  C:4144H         LINE#         12
  C:4146H         LINE#         13
  C:4149H         LINE#         14
  C:414CH         LINE#         15
  C:414FH         LINE#         16
  C:4152H         LINE#         18
  C:4154H         LINE#         19
  C:4157H         LINE#         21
  -------         ENDPROC       ADC_INIT
  -------         PROC          _ADC_GETRESULT
  D:0007H         SYMBOL        ch
  -------         DO            
  D:0006H         SYMBOL        ADC_Value
[...]
  X:030CH         SYMBOL        dys
  X:030DH         SYMBOL        hurs
  X:030EH         SYMBOL        mns
  X:030FH         SYMBOL        sconds
  X:0310H         SYMBOL        currnt_pos
  -------         DO            
  X:0313H         SYMBOL        calib_value
  X:0317H         SYMBOL        JP_max_pos
  -------         ENDDO         
  C:35ECH         LINE#         84
BL51 BANKED LINKER/LOCATER V6.22                                                      01/22/2019  15:09:28  PAGE 37


  C:35F7H         LINE#         87
  C:35F7H         LINE#         88
  C:3601H         LINE#         89
  C:3615H         LINE#         91
  C:361FH         LINE#         92
  C:361FH         LINE#         94
  C:3655H         LINE#         96
  C:365EH         LINE#         97
  C:3683H         LINE#         98
  C:369FH         LINE#         99
  C:36AEH         LINE#         100
  C:36AEH         LINE#         102
  C:36B3H         LINE#         103
  -------         ENDPROC       _CALIBRATION
  -------         ENDMOD        CALIBRATION

  -------         MODULE        IOEXPANDER_PI4IOE5V96248
  C:0000H         SYMBOL        _ICE_DUMMY_
  D:0080H         PUBLIC        P0
  B:00C8H.4       PUBLIC        I2C_SCK
  D:0090H         PUBLIC        P1
  D:00A0H         PUBLIC        P2
  D:00B0H         PUBLIC        P3
  D:00C0H         PUBLIC        P4
  D:00C8H         PUBLIC        P5
  D:00E8H         PUBLIC        P6
  D:00F8H         PUBLIC        P7
  D:00A8H         PUBLIC        IE
  D:00B8H         PUBLIC        IP
  D:00D8H         PUBLIC        CCON
  C:422DH         PUBLIC        I2C_Start
  D:0098H         PUBLIC        SCON
  D:0088H         PUBLIC        TCON
  C:3832H         PUBLIC        _Write_PI4IOE5V96248
  C:423CH         PUBLIC        uC_NACK
  C:400EH         PUBLIC        _Wait_ms_i2c
  C:4059H         PUBLIC        _I2C_SendByte
  C:41BDH         PUBLIC        I2C_Stop
  C:42ADH         PUBLIC        nop
  C:429CH         PUBLIC        uC_ACK
  C:41A7H         PUBLIC        I2C_ACK
  B:00C0H.7       PUBLIC        I2C_SDA
  D:00D0H         PUBLIC        PSW
  C:4008H         SYMBOL        L?0031
  C:400AH         SYMBOL        L?0032
  -------         PROC          L?0030
  -------         ENDPROC       L?0030
  C:4008H         SYMBOL        L?0031
  C:400AH         SYMBOL        L?0032
  -------         PROC          _WAIT_MS_I2C
  D:0006H         SYMBOL        ms
  -------         DO            
  D:0004H         SYMBOL        De_Cnt
  -------         ENDDO         
  C:400EH         LINE#         7
  C:400EH         LINE#         8
  C:400EH         LINE#         10
BL51 BANKED LINKER/LOCATER V6.22                                                      01/22/2019  15:09:28  PAGE 38


  C:4018H         LINE#         11
  C:4018H         LINE#         12
  C:402BH         LINE#         13
  C:402BH         LINE#         14
  -------         ENDPROC       _WAIT_MS_I2C
  -------         PROC          NOP
  C:42ADH         LINE#         16
  C:42ADH         LINE#         17
  C:42ADH         LINE#         19
  -------         ENDPROC       NOP
  -------         PROC          I2C_START
  C:422DH         LINE#         20
  C:422DH         LINE#         21
  C:422DH         LINE#         23
  C:422FH         LINE#         24
  C:4231H         LINE#         25
  C:4234H         LINE#         26
  C:4236H         LINE#         27
  C:4239H         LINE#         28
  C:423BH         LINE#         31
  -------         ENDPROC       I2C_START
  -------         PROC          I2C_STOP
  C:41BDH         LINE#         33
  C:41BDH         LINE#         34
  C:41BDH         LINE#         35
  C:41BFH         LINE#         36
  C:41C1H         LINE#         37
  C:41C4H         LINE#         38
  C:41C6H         LINE#         39
  C:41C8H         LINE#         40
  C:41CFH         LINE#         41
  C:41D1H         LINE#         44
  -------         ENDPROC       I2C_STOP
  -------         PROC          I2C_ACK
  -------         DO            
  X:03B1H         SYMBOL        i
  D:0003H         SYMBOL        dat
  -------         ENDDO         
  C:41A7H         LINE#         46
  C:41A7H         LINE#         47
  C:41A7H         LINE#         49
  C:41A8H         LINE#         54
  C:41ABH         LINE#         55
  C:41ADH         LINE#         56
  C:41B0H         LINE#         58
  C:41B3H         LINE#         59
  C:41B3H         LINE#         60
  C:41B7H         LINE#         61
  C:41B7H         LINE#         64
  C:41B7H         LINE#         65
  C:41BAH         LINE#         66
  C:41BAH         LINE#         67
  C:41BCH         LINE#         68
  -------         ENDPROC       I2C_ACK
  -------         PROC          UC_ACK
  -------         DO            
  X:0574H         SYMBOL        i
BL51 BANKED LINKER/LOCATER V6.22                                                      01/22/2019  15:09:28  PAGE 39


  -------         ENDDO         
  C:429CH         LINE#         69
  C:429CH         LINE#         70
  C:429CH         LINE#         72
  C:429CH         LINE#         79
  C:429CH         LINE#         81
  C:429CH         LINE#         83
  C:429CH         LINE#         84
  C:429CH         LINE#         87
  C:429FH         LINE#         88
  C:42A1H         LINE#         89
  C:42A1H         LINE#         93
  -------         ENDPROC       UC_ACK
  -------         PROC          UC_NACK
  -------         DO            
  X:0575H         SYMBOL        i
  -------         ENDDO         
  C:423CH         LINE#         95
  C:423CH         LINE#         96
  C:423CH         LINE#         98
  C:423CH         LINE#         102
  C:423EH         LINE#         105
  C:423EH         LINE#         106
  C:4240H         LINE#         107
  C:4240H         LINE#         109
  C:4240H         LINE#         110
  C:4240H         LINE#         113
  C:4243H         LINE#         114
  C:4245H         LINE#         115
  C:4248H         LINE#         116
  C:424AH         LINE#         117
  C:424AH         LINE#         121
  -------         ENDPROC       UC_NACK
  C:4055H         SYMBOL        L?0034
  -------         PROC          L?0033
  -------         ENDPROC       L?0033
  C:4055H         SYMBOL        L?0034
  -------         PROC          _I2C_SENDBYTE
  D:0001H         SYMBOL        dat
  -------         DO            
  D:0003H         SYMBOL        i
  -------         ENDDO         
  C:4059H         LINE#         125
  C:405BH         LINE#         126
  C:405BH         LINE#         129
  C:405DH         LINE#         130
  C:405DH         LINE#         131
  C:405FH         LINE#         133
  C:4063H         LINE#         134
  C:4063H         LINE#         135
  C:4065H         LINE#         136
  C:4067H         LINE#         138
  C:4067H         LINE#         139
  C:4069H         LINE#         140
  C:4069H         LINE#         141
  C:406CH         LINE#         142
  C:406EH         LINE#         144
BL51 BANKED LINKER/LOCATER V6.22                                                      01/22/2019  15:09:28  PAGE 40


  C:4072H         LINE#         145
  C:4075H         LINE#         146
  C:407AH         LINE#         147
  -------         ENDPROC       _I2C_SENDBYTE
  -------         PROC          _WRITE_PI4IOE5V96248
  X:03AEH         SYMBOL        xdat
  C:3832H         LINE#         148
  C:383DH         LINE#         149
  C:383DH         LINE#         150
  C:3840H         LINE#         151
  C:3847H         LINE#         152
  C:384CH         LINE#         153
  C:3852H         LINE#         154
  C:3852H         LINE#         155
  C:3864H         LINE#         156
  C:3864H         LINE#         158
  C:386AH         LINE#         159
  C:386AH         LINE#         160
  C:387AH         LINE#         161
  C:387AH         LINE#         162
  C:3880H         LINE#         163
  C:3880H         LINE#         164
  C:3890H         LINE#         165
  C:3890H         LINE#         166
  C:3896H         LINE#         167
  C:3896H         LINE#         168
  C:38A7H         LINE#         169
  C:38A7H         LINE#         171
  C:38ADH         LINE#         172
  C:38ADH         LINE#         173
  C:38BEH         LINE#         174
  C:38BEH         LINE#         175
  C:38C4H         LINE#         176
  C:38C4H         LINE#         177
  C:38D5H         LINE#         178
  C:38D5H         LINE#         180
  C:38DBH         LINE#         181
  C:38DEH         LINE#         182
  -------         ENDPROC       _WRITE_PI4IOE5V96248
  -------         ENDMOD        IOEXPANDER_PI4IOE5V96248

  -------         MODULE        ?C_STARTUP
  C:3BEEH         SEGMENT       ?C_C51STARTUP
  I:0022H         SEGMENT       ?STACK
  C:0000H         PUBLIC        ?C_STARTUP
  D:00E0H         SYMBOL        ACC
  D:00F0H         SYMBOL        B
  D:0083H         SYMBOL        DPH
  D:0082H         SYMBOL        DPL
  N:0000H         SYMBOL        IBPSTACK
  N:0100H         SYMBOL        IBPSTACKTOP
  N:0080H         SYMBOL        IDATALEN
  C:3BF1H         SYMBOL        IDATALOOP
  N:0000H         SYMBOL        PBPSTACK
  N:0100H         SYMBOL        PBPSTACKTOP
  N:0000H         SYMBOL        PDATALEN
  N:0000H         SYMBOL        PDATASTART
BL51 BANKED LINKER/LOCATER V6.22                                                      01/22/2019  15:09:28  PAGE 41


  N:0000H         SYMBOL        PPAGE
  N:0000H         SYMBOL        PPAGEENABLE
  D:00A0H         SYMBOL        PPAGE_SFR
  D:0081H         SYMBOL        SP
  C:3BEEH         SYMBOL        STARTUP1
  N:0000H         SYMBOL        XBPSTACK
  N:0000H         SYMBOL        XBPSTACKTOP
  N:0000H         SYMBOL        XDATALEN
  N:0000H         SYMBOL        XDATASTART
  C:0000H         LINE#         126
  C:3BEEH         LINE#         133
  C:3BF0H         LINE#         134
  C:3BF1H         LINE#         135
  C:3BF2H         LINE#         136
  C:3BF4H         LINE#         185
  C:3BF7H         LINE#         196
  -------         ENDMOD        ?C_STARTUP

  -------         MODULE        ?C?FPADD
  C:0AB4H         PUBLIC        ?C?FPADD
  C:0AB0H         PUBLIC        ?C?FPSUB
  -------         ENDMOD        ?C?FPADD

  -------         MODULE        ?C?FPMUL
  C:0BA5H         PUBLIC        ?C?FPMUL
  -------         ENDMOD        ?C?FPMUL

  -------         MODULE        ?C?FPDIV
  C:0CAEH         PUBLIC        ?C?FPDIV
  -------         ENDMOD        ?C?FPDIV

  -------         MODULE        ?C?FPCMP
  C:0D4DH         PUBLIC        ?C?FPCMP
  C:0D4BH         PUBLIC        ?C?FPCMP3
  -------         ENDMOD        ?C?FPCMP

  -------         MODULE        ?C?FPNEG
  C:0DC4H         PUBLIC        ?C?FPNEG
  -------         ENDMOD        ?C?FPNEG

  -------         MODULE        ?C?FCAST
  C:0DDFH         PUBLIC        ?C?FCASTC
  C:0DDAH         PUBLIC        ?C?FCASTI
  C:0DD5H         PUBLIC        ?C?FCASTL
  -------         ENDMOD        ?C?FCAST

  -------         MODULE        ?C?CASTF
  C:0E13H         PUBLIC        ?C?CASTF
  -------         ENDMOD        ?C?CASTF

  -------         MODULE        ATAN2
  X:0403H         PUBLIC        ?_atan2?BYTE
  C:398BH         PUBLIC        _atan2
  -------         ENDMOD        ATAN2

  -------         MODULE        SIN
  C:3171H         PUBLIC        _COS
BL51 BANKED LINKER/LOCATER V6.22                                                      01/22/2019  15:09:28  PAGE 42


  C:3187H         PUBLIC        _SIN
  C:31C3H         PUBLIC        _TAN
  -------         ENDMOD        SIN

  -------         MODULE        ACOS
  C:3E85H         PUBLIC        _ACOS
  -------         ENDMOD        ACOS

  -------         MODULE        ASIN
  C:3F93H         PUBLIC        _ASIN
  -------         ENDMOD        ASIN

  -------         MODULE        SQRT
  C:38E3H         PUBLIC        _SQRT
  -------         ENDMOD        SQRT

  -------         MODULE        ATAN
  C:340FH         PUBLIC        _ATAN
  -------         ENDMOD        ATAN

  -------         MODULE        ?C?COPY
  C:0FB1H         PUBLIC        ?C?COPY
  -------         ENDMOD        ?C?COPY

  -------         MODULE        ?C?CLDPTR
  C:0FD7H         PUBLIC        ?C?CLDPTR
  -------         ENDMOD        ?C?CLDPTR

  -------         MODULE        ?C?CLDOPTR
  C:0FF0H         PUBLIC        ?C?CLDOPTR
  -------         ENDMOD        ?C?CLDOPTR

  -------         MODULE        ?C?CSTPTR
  C:101DH         PUBLIC        ?C?CSTPTR
  -------         ENDMOD        ?C?CSTPTR

  -------         MODULE        ?C?IMUL
  C:102FH         PUBLIC        ?C?IMUL
  -------         ENDMOD        ?C?IMUL

  -------         MODULE        ?C?UIDIV
  C:1041H         PUBLIC        ?C?UIDIV
  -------         ENDMOD        ?C?UIDIV

  -------         MODULE        ?C?SIDIV
  C:1096H         PUBLIC        ?C?SIDIV
  -------         ENDMOD        ?C?SIDIV

  -------         MODULE        ?C?ILDIX
  C:10CCH         PUBLIC        ?C?ILDIX
  -------         ENDMOD        ?C?ILDIX

  -------         MODULE        ?C?ILDOPTR
  C:10E2H         PUBLIC        ?C?ILDOPTR
  -------         ENDMOD        ?C?ILDOPTR

  -------         MODULE        ?C?LMUL
BL51 BANKED LINKER/LOCATER V6.22                                                      01/22/2019  15:09:28  PAGE 43


  C:111AH         PUBLIC        ?C?LMUL
  -------         ENDMOD        ?C?LMUL

  -------         MODULE        ?C?SLDIV
  C:3ECFH         PUBLIC        ?C?SLDIV
  -------         ENDMOD        ?C?SLDIV

  -------         MODULE        ?C?LNEG
  C:1169H         PUBLIC        ?C?LNEG
  -------         ENDMOD        ?C?LNEG

  -------         MODULE        ?C?LLDPTR
  C:1177H         PUBLIC        ?C?LLDPTR
  -------         ENDMOD        ?C?LLDPTR

  -------         MODULE        ?C?LLDOPTR
  C:1197H         PUBLIC        ?C?LLDOPTR
  -------         ENDMOD        ?C?LLDOPTR

  -------         MODULE        ?C?LSTPTR
  C:11C7H         PUBLIC        ?C?LSTPTR
  -------         ENDMOD        ?C?LSTPTR

  -------         MODULE        ?C?LSTOPTR
  C:11E1H         PUBLIC        ?C?LSTOPTR
  -------         ENDMOD        ?C?LSTOPTR

  -------         MODULE        ?C?LLDXDATA
  C:1205H         PUBLIC        ?C?LLDXDATA
  -------         ENDMOD        ?C?LLDXDATA

  -------         MODULE        ?C?LLDCODE
  C:1211H         PUBLIC        ?C?LLDCODE
  -------         ENDMOD        ?C?LLDCODE

  -------         MODULE        ?C?LLDXDATA0
  C:1221H         PUBLIC        ?C?LLDXDATA0
  -------         ENDMOD        ?C?LLDXDATA0

  -------         MODULE        ?C?LLDCODE0
  C:122DH         PUBLIC        ?C?LLDCODE0
  -------         ENDMOD        ?C?LLDCODE0

  -------         MODULE        ?C?LLDPTR0
  C:123DH         PUBLIC        ?C?LLDPTR0
  -------         ENDMOD        ?C?LLDPTR0

  -------         MODULE        ?C?LSTXDATA
  C:125DH         PUBLIC        ?C?LSTXDATA
  -------         ENDMOD        ?C?LSTXDATA

  -------         MODULE        ?C?LSTKXDATA
  C:1269H         PUBLIC        ?C?LSTKXDATA
  -------         ENDMOD        ?C?LSTKXDATA

  -------         MODULE        ?C?OFFXADD
  C:129AH         PUBLIC        ?C?OFFXADD
BL51 BANKED LINKER/LOCATER V6.22                                                      01/22/2019  15:09:28  PAGE 44


  -------         ENDMOD        ?C?OFFXADD

  -------         MODULE        ABS
  C:4273H         PUBLIC        _ABS
  -------         ENDMOD        ABS

  -------         MODULE        ATOI
  C:3511H         PUBLIC        _atoi
  -------         ENDMOD        ATOI

  -------         MODULE        ?C?IILDX
  C:12A6H         PUBLIC        ?C?IILDX
  -------         ENDMOD        ?C?IILDX

  -------         MODULE        ?C?ULDIV
  C:12F8H         PUBLIC        ?C?ULDIV
  -------         ENDMOD        ?C?ULDIV

  -------         MODULE        ?C?LLDIDATA
  C:138AH         PUBLIC        ?C?LLDIDATA
  -------         ENDMOD        ?C?LLDIDATA

  -------         MODULE        ?C?LLDPDATA
  C:1396H         PUBLIC        ?C?LLDPDATA
  -------         ENDMOD        ?C?LLDPDATA

  -------         MODULE        ?C?LLDIDATA0
  C:13A2H         PUBLIC        ?C?LLDIDATA0
  -------         ENDMOD        ?C?LLDIDATA0

  -------         MODULE        ?C?LLDPDATA0
  C:13AFH         PUBLIC        ?C?LLDPDATA0
  -------         ENDMOD        ?C?LLDPDATA0

  -------         MODULE        ?C?LSTIDATA
  C:13BCH         PUBLIC        ?C?LSTIDATA
  -------         ENDMOD        ?C?LSTIDATA

  -------         MODULE        ?C?LSTPDATA
  C:13C8H         PUBLIC        ?C?LSTPDATA
  -------         ENDMOD        ?C?LSTPDATA

  -------         MODULE        ISDIGIT
  C:424BH         PUBLIC        _isdigit
  -------         ENDMOD        ISDIGIT

  -------         MODULE        ISSPACE
  C:41E6H         PUBLIC        _isspace
  -------         ENDMOD        ISSPACE

*** WARNING L16: UNCALLED SEGMENT, IGNORED FOR OVERLAY PROCESS
    SEGMENT: ?PR?_CALIB_INTERPOLATE?MAIN

*** WARNING L16: UNCALLED SEGMENT, IGNORED FOR OVERLAY PROCESS
    SEGMENT: ?PR?_DISPLAY_PROX?MAIN

*** WARNING L16: UNCALLED SEGMENT, IGNORED FOR OVERLAY PROCESS
BL51 BANKED LINKER/LOCATER V6.22                                                      01/22/2019  15:09:28  PAGE 45


    SEGMENT: ?PR?_DAY_OF_YEAR?PCF85063BTL

*** WARNING L16: UNCALLED SEGMENT, IGNORED FOR OVERLAY PROCESS
    SEGMENT: ?PR?INITUART1?UART1

*** WARNING L16: UNCALLED SEGMENT, IGNORED FOR OVERLAY PROCESS
    SEGMENT: ?PR?_SENDSTRING?UART1

*** WARNING L16: UNCALLED SEGMENT, IGNORED FOR OVERLAY PROCESS
    SEGMENT: ?PR?_TEN?UART1

*** WARNING L16: UNCALLED SEGMENT, IGNORED FOR OVERLAY PROCESS
    SEGMENT: ?PR?_UNIT?UART1

*** WARNING L16: UNCALLED SEGMENT, IGNORED FOR OVERLAY PROCESS
    SEGMENT: ?PR?_DECTOBCD?UART1

*** WARNING L16: UNCALLED SEGMENT, IGNORED FOR OVERLAY PROCESS
    SEGMENT: ?PR?_ASCII_LETTER?UART1

*** WARNING L16: UNCALLED SEGMENT, IGNORED FOR OVERLAY PROCESS
    SEGMENT: ?PR?WAIT?BIPOLARMOTOR

*** WARNING L16: UNCALLED SEGMENT, IGNORED FOR OVERLAY PROCESS
    SEGMENT: ?PR?_FINDDET4X4?BIPOLARMOTOR

*** WARNING L16: UNCALLED SEGMENT, IGNORED FOR OVERLAY PROCESS
    SEGMENT: ?PR?NOP?IOEXPANDER_PI4IOE5V96248

*** WARNING L16: UNCALLED SEGMENT, IGNORED FOR OVERLAY PROCESS
    SEGMENT: ?PR?UC_ACK?IOEXPANDER_PI4IOE5V96248

*** WARNING L16: UNCALLED SEGMENT, IGNORED FOR OVERLAY PROCESS
    SEGMENT: ?PR?UC_NACK?IOEXPANDER_PI4IOE5V96248

*** WARNING L1: UNRESOLVED EXTERNAL SYMBOL
    SYMBOL:  AUTO_MODE
    MODULE:  .\Obj\main.obj (MAIN)

*** WARNING L2: REFERENCE MADE TO UNRESOLVED EXTERNAL
    SYMBOL:  AUTO_MODE
    MODULE:  .\Obj\main.obj (MAIN)
    ADDRESS: 1B90H

*** WARNING L2: REFERENCE MADE TO UNRESOLVED EXTERNAL
    SYMBOL:  AUTO_MODE
    MODULE:  .\Obj\main.obj (MAIN)
    ADDRESS: 1C8AH

*** WARNING L2: REFERENCE MADE TO UNRESOLVED EXTERNAL
    SYMBOL:  AUTO_MODE
    MODULE:  .\Obj\main.obj (MAIN)
    ADDRESS: 1C98H

*** WARNING L2: REFERENCE MADE TO UNRESOLVED EXTERNAL
    SYMBOL:  AUTO_MODE
    MODULE:  .\Obj\main.obj (MAIN)
BL51 BANKED LINKER/LOCATER V6.22                                                      01/22/2019  15:09:28  PAGE 46


    ADDRESS: 1CAAH

*** WARNING L2: REFERENCE MADE TO UNRESOLVED EXTERNAL
    SYMBOL:  AUTO_MODE
    MODULE:  .\Obj\main.obj (MAIN)
    ADDRESS: 1CECH

*** WARNING L2: REFERENCE MADE TO UNRESOLVED EXTERNAL
    SYMBOL:  AUTO_MODE
    MODULE:  .\Obj\main.obj (MAIN)
    ADDRESS: 1DBFH

*** WARNING L1: UNRESOLVED EXTERNAL SYMBOL
    SYMBOL:  AUTO_MODE
    MODULE:  .\Obj\KeyPad.obj (KEYPAD)

*** WARNING L2: REFERENCE MADE TO UNRESOLVED EXTERNAL
    SYMBOL:  AUTO_MODE
    MODULE:  .\Obj\KeyPad.obj (KEYPAD)
    ADDRESS: 2822H

*** WARNING L2: REFERENCE MADE TO UNRESOLVED EXTERNAL
    SYMBOL:  AUTO_MODE
    MODULE:  .\Obj\KeyPad.obj (KEYPAD)
    ADDRESS: 282DH

*** WARNING L2: REFERENCE MADE TO UNRESOLVED EXTERNAL
    SYMBOL:  AUTO_MODE
    MODULE:  .\Obj\KeyPad.obj (KEYPAD)
    ADDRESS: 2834H

Program Size: data=18.2 xdata=1398 code=17070
LINK/LOCATE RUN COMPLETE.  25 WARNING(S),  0 ERROR(S)
