BL51 BANKED LINKER/LOCATER V6.22                                                        03/20/2019  10:55:34  PAGE 1


BL51 BANKED LINKER/LOCATER V6.22, INVOKED BY:
C:\KEIL_V5\C51\BIN\BL51.EXE .\Obj\main.obj, .\Obj\PCF85063BTL.obj, .\Obj\UART1.obj, .\Obj\LCd_Driver_SPLC780D.obj, .\Obj
>> \KeyPad.obj, .\Obj\BipolarMotor.obj, .\Obj\SunPos.obj, .\Obj\ADC.obj, .\Obj\Calibration.obj, .\Obj\IOExpander_PI4IOE5
>> V96248.obj, .\Obj\AT25SF041.obj, .\Obj\STARTUP.obj TO .\Obj\GPIO_RTC_Test PRINT (.\Lis\GPIO_RTC_Test.m51) RAMSIZE (25
>> 6)


MEMORY MODEL: LARGE WITH FLOATING POINT ARITHMETIC


INPUT MODULES INCLUDED:
  .\Obj\main.obj (MAIN)
  .\Obj\PCF85063BTL.obj (PCF85063BTL)
  .\Obj\UART1.obj (UART1)
  .\Obj\LCd_Driver_SPLC780D.obj (LCD_DRIVER_SPLC780D)
  .\Obj\KeyPad.obj (KEYPAD)
  .\Obj\BipolarMotor.obj (BIPOLARMOTOR)
  .\Obj\SunPos.obj (SUNPOS)
  .\Obj\ADC.obj (ADC)
  .\Obj\Calibration.obj (CALIBRATION)
  .\Obj\IOExpander_PI4IOE5V96248.obj (IOEXPANDER_PI4IOE5V96248)
  .\Obj\AT25SF041.obj (AT25SF041)
  .\Obj\STARTUP.obj (?C_STARTUP)
  C:\KEIL_V5\C51\LIB\C51FPL.LIB (?C?FPADD)
  C:\KEIL_V5\C51\LIB\C51FPL.LIB (?C?FPMUL)
  C:\KEIL_V5\C51\LIB\C51FPL.LIB (?C?FPDIV)
  C:\KEIL_V5\C51\LIB\C51FPL.LIB (?C?FPCMP)
  C:\KEIL_V5\C51\LIB\C51FPL.LIB (?C?FPNEG)
  C:\KEIL_V5\C51\LIB\C51FPL.LIB (?C?FCAST)
  C:\KEIL_V5\C51\LIB\C51FPL.LIB (?C?CASTF)
  C:\KEIL_V5\C51\LIB\C51FPL.LIB (ATAN2)
  C:\KEIL_V5\C51\LIB\C51FPL.LIB (SIN)
  C:\KEIL_V5\C51\LIB\C51FPL.LIB (ACOS)
  C:\KEIL_V5\C51\LIB\C51FPL.LIB (ASIN)
  C:\KEIL_V5\C51\LIB\C51FPL.LIB (?C?FPGETOPN)
  C:\KEIL_V5\C51\LIB\C51FPL.LIB (?C?FPSERIES)
  C:\KEIL_V5\C51\LIB\C51FPL.LIB (SQRT)
  C:\KEIL_V5\C51\LIB\C51FPL.LIB (ATAN)
  C:\KEIL_V5\C51\LIB\C51L.LIB (?C_INIT)
  C:\KEIL_V5\C51\LIB\C51L.LIB (?C?COPY)
  C:\KEIL_V5\C51\LIB\C51L.LIB (?C?CLDPTR)
  C:\KEIL_V5\C51\LIB\C51L.LIB (?C?CLDOPTR)
  C:\KEIL_V5\C51\LIB\C51L.LIB (?C?CSTPTR)
  C:\KEIL_V5\C51\LIB\C51L.LIB (?C?IMUL)
  C:\KEIL_V5\C51\LIB\C51L.LIB (?C?UIDIV)
  C:\KEIL_V5\C51\LIB\C51L.LIB (?C?SIDIV)
  C:\KEIL_V5\C51\LIB\C51L.LIB (?C?ILDIX)
  C:\KEIL_V5\C51\LIB\C51L.LIB (?C?ILDOPTR)
  C:\KEIL_V5\C51\LIB\C51L.LIB (?C?ISTPTR)
  C:\KEIL_V5\C51\LIB\C51L.LIB (?C?LMUL)
  C:\KEIL_V5\C51\LIB\C51L.LIB (?C?SLDIV)
  C:\KEIL_V5\C51\LIB\C51L.LIB (?C?LNEG)
  C:\KEIL_V5\C51\LIB\C51L.LIB (?C?ULCMP)
  C:\KEIL_V5\C51\LIB\C51L.LIB (?C?LSHL)
  C:\KEIL_V5\C51\LIB\C51L.LIB (?C?LLDPTR)
  C:\KEIL_V5\C51\LIB\C51L.LIB (?C?LLDOPTR)
  C:\KEIL_V5\C51\LIB\C51L.LIB (?C?LSTPTR)
  C:\KEIL_V5\C51\LIB\C51L.LIB (?C?LSTOPTR)
BL51 BANKED LINKER/LOCATER V6.22                                                      03/20/2019  10:55:34  PAGE 2


  C:\KEIL_V5\C51\LIB\C51L.LIB (?C?LLDXDATA)
  C:\KEIL_V5\C51\LIB\C51L.LIB (?C?LLDCODE)
  C:\KEIL_V5\C51\LIB\C51L.LIB (?C?LLDXDATA0)
  C:\KEIL_V5\C51\LIB\C51L.LIB (?C?LLDCODE0)
  C:\KEIL_V5\C51\LIB\C51L.LIB (?C?LLDPTR0)
  C:\KEIL_V5\C51\LIB\C51L.LIB (?C?LSTXDATA)
  C:\KEIL_V5\C51\LIB\C51L.LIB (?C?LSTKXDATA)
  C:\KEIL_V5\C51\LIB\C51L.LIB (?C?LSTKPTR)
  C:\KEIL_V5\C51\LIB\C51L.LIB (?C?OFFXADD)
  C:\KEIL_V5\C51\LIB\C51L.LIB (ATOI)
  C:\KEIL_V5\C51\LIB\C51L.LIB (?C?IILDX)
  C:\KEIL_V5\C51\LIB\C51L.LIB (?C?ULDIV)
  C:\KEIL_V5\C51\LIB\C51L.LIB (?C?LLDIDATA)
  C:\KEIL_V5\C51\LIB\C51L.LIB (?C?LLDPDATA)
  C:\KEIL_V5\C51\LIB\C51L.LIB (?C?LLDIDATA0)
  C:\KEIL_V5\C51\LIB\C51L.LIB (?C?LLDPDATA0)
  C:\KEIL_V5\C51\LIB\C51L.LIB (?C?LSTIDATA)
  C:\KEIL_V5\C51\LIB\C51L.LIB (?C?LSTPDATA)
  C:\KEIL_V5\C51\LIB\C51L.LIB (?C?LSTKIDATA)
  C:\KEIL_V5\C51\LIB\C51L.LIB (?C?LSTKPDATA)
  C:\KEIL_V5\C51\LIB\C51L.LIB (ISDIGIT)
  C:\KEIL_V5\C51\LIB\C51L.LIB (ISSPACE)


LINK MAP OF MODULE:  .\Obj\GPIO_RTC_Test (MAIN)


            TYPE    BASE      LENGTH    RELOCATION   SEGMENT NAME
            -----------------------------------------------------

            * * * * * * *   D A T A   M E M O R Y   * * * * * * *
            REG     0000H     0008H     ABSOLUTE     "REG BANK 0"
                    0008H     0018H                  *** GAP ***
            BIT     0020H.0   0000H.5   UNIT         ?BI?KEYPAD
            BIT     0020H.5   0000H.3   UNIT         _BIT_GROUP_
            BIT     0021H.0   0000H.1   UNIT         ?BI?MAIN
            BIT     0021H.1   0000H.1   UNIT         ?BI?_ATOI?ATOI
                    0021H.2   0000H.6                *** GAP ***
            IDATA   0022H     0001H     UNIT         ?STACK

            * * * * * * *  X D A T A   M E M O R Y  * * * * * * *
            XDATA   0000H     038FH     UNIT         ?XD?BIPOLARMOTOR
            XDATA   038FH     0158H     UNIT         _XDATA_GROUP_
            XDATA   04E7H     00D8H     UNIT         ?XD?MAIN
            XDATA   05BFH     0040H     UNIT         ?XD?_FINDDET4X4?BIPOLARMOTOR
            XDATA   05FFH     0024H     UNIT         ?XD?_FINDDET3X3?BIPOLARMOTOR
            XDATA   0623H     0009H     UNIT         ?XD?KEYPAD
            XDATA   062CH     0008H     UNIT         ?XD?_AT25SF041_READ?AT25SF041
            XDATA   0634H     0005H     UNIT         ?XD?_ATOI?ATOI
            XDATA   0639H     0003H     UNIT         ?XD?_SENDSTRING?UART1
            XDATA   063CH     0001H     UNIT         ?XD?UC_ACK?IOEXPANDER_PI4IOE5V96248
            XDATA   063DH     0001H     UNIT         ?XD?UC_NACK?IOEXPANDER_PI4IOE5V96248

            * * * * * * *   C O D E   M E M O R Y   * * * * * * *
            CODE    0000H     0003H     ABSOLUTE     
            CODE    0003H     0006H     UNIT         ?PR?_TEN?UART1
            CODE    0009H     0001H     UNIT         ?PR?TM0_ISR?MAIN
BL51 BANKED LINKER/LOCATER V6.22                                                      03/20/2019  10:55:34  PAGE 3


            CODE    000AH     0001H     UNIT         ?PR?_DECTOBCD?UART1
            CODE    000BH     0003H     ABSOLUTE     
            CODE    000EH     0DA2H     UNIT         ?PR?MAIN?MAIN
            CODE    0DB0H     0B00H     UNIT         ?PR?_UPDATE_POSITION?BIPOLARMOTOR
            CODE    18B0H     09B6H     UNIT         ?C?LIB_CODE
            CODE    2266H     07A2H     UNIT         ?PR?SUNPOS?SUNPOS
            CODE    2A08H     03F9H     UNIT         ?C_INITSEG
            CODE    2E01H     03E8H     UNIT         ?PR?_FIND_REAL_MAX?CALIBRATION
            CODE    31E9H     02C5H     UNIT         ?PR?KEY_PROCESS?KEYPAD
            CODE    34AEH     02C0H     UNIT         ?PR?_FINDDET4X4?BIPOLARMOTOR
            CODE    376EH     01D1H     UNIT         ?PR?_FINDDET3X3?BIPOLARMOTOR
            CODE    393FH     01B3H     UNIT         ?PR?_CALIBRATION?CALIBRATION
            CODE    3AF2H     018DH     UNIT         ?PR?KEY_SCAN?KEYPAD
            CODE    3C7FH     0189H     UNIT         ?PR?SPI_NOR_WRITE_DATA?AT25SF041
            CODE    3E08H     0188H     UNIT         ?PR?SIN?SIN
            CODE    3F90H     0162H     UNIT         ?PR?_DISPLAY_POS?LCD_DRIVER_SPLC780D
            CODE    40F2H     0122H     UNIT         ?PR?ATAN?ATAN
            CODE    4214H     0110H     UNIT         ?PR?_AT25SF041_READ?AT25SF041
            CODE    4324H     0102H     UNIT         ?PR?_AT25SF041_WRITE?AT25SF041
            CODE    4426H     00DBH     UNIT         ?PR?_ATOI?ATOI
            CODE    4501H     00C3H     UNIT         ?PR?LINEAR_INTERPOLATE?BIPOLARMOTOR
            CODE    45C4H     00BBH     UNIT         ?PR?VOLTAGE_IS_STABLE?CALIBRATION
            CODE    467FH     00ADH     UNIT         ?PR?_WRITE_PI4IOE5V96248?IOEXPANDER_PI4IOE5V96248
            CODE    472CH     00ACH     UNIT         ?PR?SQRT?SQRT
            CODE    47D8H     00A1H     UNIT         ?PR?UCREAD_STATUS_REGISTER_BYTE1?AT25SF041
            CODE    4879H     009DH     UNIT         ?PR?_ATAN2?ATAN2
            CODE    4916H     009CH     UNIT         ?PR?_MAX_VALUE?CALIBRATION
            CODE    49B2H     008CH     UNIT         ?C_C51STARTUP
            CODE    4A3EH     0084H     UNIT         ?PR?_DAY_OF_YEAR?PCF85063BTL
            CODE    4AC2H     0079H     UNIT         ?PR?_WRITEDATA?LCD_DRIVER_SPLC780D
            CODE    4B3BH     0072H     UNIT         ?PR?AT25SF041_WRITEENABLE?AT25SF041
            CODE    4BADH     006FH     UNIT         ?PR?_READ_TIME?PCF85063BTL
            CODE    4C1CH     005AH     UNIT         ?PR?AT25SF041_CHIPERASE?AT25SF041
            CODE    4C76H     0059H     UNIT         ?PR?LCD_INIT?LCD_DRIVER_SPLC780D
            CODE    4CCFH     004AH     UNIT         ?PR?VONESTEPMOVE?BIPOLARMOTOR
            CODE    4D19H     004AH     UNIT         ?PR?ACOS?ACOS
            CODE    4D63H     0044H     UNIT         ?C?LDIV
            CODE    4DA7H     0040H     UNIT         ?PR?_COMMAND?LCD_DRIVER_SPLC780D
            CODE    4DE7H     0040H     UNIT         ?PR?_STEP_MOVE?BIPOLARMOTOR
            CODE    4E27H     003BH     UNIT         ?PR?ASIN?ASIN
            CODE    4E62H     0033H     UNIT         ?PR?_SENDSTRING?UART1
            CODE    4E95H     002CH     UNIT         ?PR?_ADC_GETRESULT?ADC
            CODE    4EC1H     002BH     UNIT         ?PR?_WAIT_MS_I2C?IOEXPANDER_PI4IOE5V96248
            CODE    4EECH     002BH     UNIT         ?PR?_WAIT_MS_SPINOR?AT25SF041
            CODE    4F17H     0028H     UNIT         ?PR?_MOVE?BIPOLARMOTOR
            CODE    4F3FH     0027H     UNIT         ?PR?_I2C_SENDBYTE?IOEXPANDER_PI4IOE5V96248
            CODE    4F66H     0024H     UNIT         ?PR?_WAIT_MS?LCD_DRIVER_SPLC780D
            CODE    4F8AH     0020H     UNIT         ?PR?_SPI_SENDBYTE?PCF85063BTL
            CODE    4FAAH     0020H     UNIT         ?PR?SPI_RECEIVEBYTE?PCF85063BTL
            CODE    4FCAH     001FH     UNIT         ?PR?ADC_INIT?ADC
            CODE    4FE9H     001EH     UNIT         ?PR?_DELAY_MS?KEYPAD
            CODE    5007H     001DH     UNIT         ?PR?_DISPLAYLCD?LCD_DRIVER_SPLC780D
            CODE    5024H     001BH     UNIT         ?PR?_BCDTODEC1?BIPOLARMOTOR
            CODE    503FH     0018H     UNIT         ?PR?_SPI_WRITETIME?PCF85063BTL
            CODE    5057H     0017H     UNIT         ?PR?_ASCIITOBCD?UART1
            CODE    506EH     0016H     UNIT         ?PR?I2C_ACK?IOEXPANDER_PI4IOE5V96248
            CODE    5084H     0015H     UNIT         ?PR?_DISPLAY_LINE?LCD_DRIVER_SPLC780D
BL51 BANKED LINKER/LOCATER V6.22                                                      03/20/2019  10:55:34  PAGE 4


            CODE    5099H     0015H     UNIT         ?PR?I2C_STOP?IOEXPANDER_PI4IOE5V96248
            CODE    50AEH     0014H     UNIT         ?PR?_PCF85063BTL_DELAY?PCF85063BTL
            CODE    50C2H     0014H     UNIT         ?PR?_ABS?LCD_DRIVER_SPLC780D
            CODE    50D6H     0014H     UNIT         ?PR?_ISSPACE?ISSPACE
            CODE    50EAH     0011H     UNIT         ?PR?_SPI_READTIME?PCF85063BTL
            CODE    50FBH     0011H     UNIT         ?PR?_BCDTODEC?PCF85063BTL
            CODE    510CH     0011H     UNIT         ?PR?INITUART1?UART1
            CODE    511DH     000FH     UNIT         ?PR?I2C_START?IOEXPANDER_PI4IOE5V96248
            CODE    512CH     000FH     UNIT         ?PR?UC_NACK?IOEXPANDER_PI4IOE5V96248
            CODE    513BH     000FH     UNIT         ?PR?_ISDIGIT?ISDIGIT
            CODE    514AH     000DH     UNIT         ?PR?SPI_INIT?PCF85063BTL
            CODE    5157H     000CH     UNIT         ?PR?KEYPAD_IO_INIT?KEYPAD
            CODE    5163H     000AH     UNIT         ?PR?LCD_RETURN_HOME?LCD_DRIVER_SPLC780D
            CODE    516DH     000AH     UNIT         ?PR?LCD_CLEAR?LCD_DRIVER_SPLC780D
            CODE    5177H     0006H     UNIT         ?PR?UC_ACK?IOEXPANDER_PI4IOE5V96248
            CODE    517DH     0005H     UNIT         ?PR?_UNIT?UART1
            CODE    5182H     0005H     UNIT         ?PR?_ASCII_LETTER?UART1
            CODE    5187H     0001H     UNIT         ?PR?WAIT?BIPOLARMOTOR
            CODE    5188H     0001H     UNIT         ?PR?NOP?IOEXPANDER_PI4IOE5V96248



OVERLAY MAP OF MODULE:   .\Obj\GPIO_RTC_Test (MAIN)


SEGMENT                                             BIT_GROUP          XDATA_GROUP
  +--> CALLED SEGMENT                            START    LENGTH     START    LENGTH
------------------------------------------------------------------------------------
?C_C51STARTUP                                    -----    -----      -----    -----
  +--> ?PR?MAIN?MAIN
  +--> ?C_INITSEG

?PR?MAIN?MAIN                                    -----    -----      038FH    002CH
  +--> ?PR?LCD_INIT?LCD_DRIVER_SPLC780D
  +--> ?PR?SPI_INIT?PCF85063BTL
  +--> ?PR?KEYPAD_IO_INIT?KEYPAD
  +--> ?PR?ADC_INIT?ADC
  +--> ?PR?_SPI_WRITETIME?PCF85063BTL
  +--> ?PR?_DELAY_MS?KEYPAD
  +--> ?PR?_DISPLAY_LINE?LCD_DRIVER_SPLC780D
  +--> ?PR?_WRITEDATA?LCD_DRIVER_SPLC780D
  +--> ?PR?KEY_PROCESS?KEYPAD
  +--> ?PR?_COMMAND?LCD_DRIVER_SPLC780D
  +--> ?PR?_DISPLAY_POS?LCD_DRIVER_SPLC780D
  +--> ?PR?_DISPLAYLCD?LCD_DRIVER_SPLC780D
  +--> ?PR?_STEP_MOVE?BIPOLARMOTOR
  +--> ?PR?LCD_RETURN_HOME?LCD_DRIVER_SPLC780D
  +--> ?PR?_READ_TIME?PCF85063BTL
  +--> ?PR?_ADC_GETRESULT?ADC
  +--> ?PR?_BCDTODEC1?BIPOLARMOTOR
  +--> ?PR?_CALIBRATION?CALIBRATION
  +--> ?PR?_AT25SF041_WRITE?AT25SF041
  +--> ?PR?_WAIT_MS_SPINOR?AT25SF041
  +--> ?PR?SPI_NOR_WRITE_DATA?AT25SF041
  +--> ?PR?LINEAR_INTERPOLATE?BIPOLARMOTOR
  +--> ?PR?_UPDATE_POSITION?BIPOLARMOTOR
  +--> ?PR?LCD_CLEAR?LCD_DRIVER_SPLC780D
BL51 BANKED LINKER/LOCATER V6.22                                                      03/20/2019  10:55:34  PAGE 5


  +--> ?PR?AT25SF041_WRITEENABLE?AT25SF041
  +--> ?PR?AT25SF041_CHIPERASE?AT25SF041

?PR?LCD_INIT?LCD_DRIVER_SPLC780D                 -----    -----      -----    -----
  +--> ?PR?_WAIT_MS?LCD_DRIVER_SPLC780D
  +--> ?PR?_COMMAND?LCD_DRIVER_SPLC780D

?PR?_COMMAND?LCD_DRIVER_SPLC780D                 -----    -----      -----    -----
  +--> ?PR?_WAIT_MS?LCD_DRIVER_SPLC780D

?PR?ADC_INIT?ADC                                 -----    -----      -----    -----
  +--> ?PR?_WAIT_MS?LCD_DRIVER_SPLC780D

?PR?_SPI_WRITETIME?PCF85063BTL                   -----    -----      -----    -----
  +--> ?PR?_SPI_SENDBYTE?PCF85063BTL

?PR?_SPI_SENDBYTE?PCF85063BTL                    -----    -----      -----    -----
  +--> ?PR?_PCF85063BTL_DELAY?PCF85063BTL

?PR?_DISPLAY_LINE?LCD_DRIVER_SPLC780D            -----    -----      -----    -----
  +--> ?PR?_COMMAND?LCD_DRIVER_SPLC780D

?PR?_WRITEDATA?LCD_DRIVER_SPLC780D               -----    -----      0476H    0001H
  +--> ?PR?_WAIT_MS?LCD_DRIVER_SPLC780D

?PR?KEY_PROCESS?KEYPAD                           -----    -----      03BBH    0006H
  +--> ?PR?KEY_SCAN?KEYPAD
  +--> ?PR?_SPI_WRITETIME?PCF85063BTL
  +--> ?PR?LCD_CLEAR?LCD_DRIVER_SPLC780D
  +--> ?PR?_COMMAND?LCD_DRIVER_SPLC780D
  +--> ?PR?_WRITEDATA?LCD_DRIVER_SPLC780D

?PR?KEY_SCAN?KEYPAD                              -----    -----      03C1H    0003H

?PR?LCD_CLEAR?LCD_DRIVER_SPLC780D                -----    -----      -----    -----
  +--> ?PR?_COMMAND?LCD_DRIVER_SPLC780D

?PR?_DISPLAY_POS?LCD_DRIVER_SPLC780D             -----    -----      046CH    000AH
  +--> ?PR?_ABS?LCD_DRIVER_SPLC780D
  +--> ?PR?_WRITEDATA?LCD_DRIVER_SPLC780D

?PR?_DISPLAYLCD?LCD_DRIVER_SPLC780D              -----    -----      03BBH    0001H
  +--> ?PR?_WRITEDATA?LCD_DRIVER_SPLC780D

?PR?_STEP_MOVE?BIPOLARMOTOR                      0020H.6  0000H.1    0482H    0004H
  +--> ?PR?VONESTEPMOVE?BIPOLARMOTOR

?PR?VONESTEPMOVE?BIPOLARMOTOR                    0020H.7  0000H.1    -----    -----
  +--> ?PR?_WRITE_PI4IOE5V96248?IOEXPANDER_P...
  +--> ?PR?_DELAY_MS?KEYPAD

?PR?_WRITE_PI4IOE5V96248?IOEXPANDER_P...         -----    -----      0486H    0003H
  +--> ?PR?I2C_START?IOEXPANDER_PI4IOE5V96248
  +--> ?PR?_WAIT_MS_I2C?IOEXPANDER_PI4IOE5V9...
  +--> ?PR?_I2C_SENDBYTE?IOEXPANDER_PI4IOE5V...
  +--> ?PR?I2C_ACK?IOEXPANDER_PI4IOE5V96248
  +--> ?PR?I2C_STOP?IOEXPANDER_PI4IOE5V96248
BL51 BANKED LINKER/LOCATER V6.22                                                      03/20/2019  10:55:34  PAGE 6



?PR?I2C_START?IOEXPANDER_PI4IOE5V96248           -----    -----      -----    -----
  +--> ?PR?_WAIT_MS_I2C?IOEXPANDER_PI4IOE5V9...

?PR?_I2C_SENDBYTE?IOEXPANDER_PI4IOE5V...         -----    -----      -----    -----
  +--> ?PR?_WAIT_MS_I2C?IOEXPANDER_PI4IOE5V9...

?PR?I2C_ACK?IOEXPANDER_PI4IOE5V96248             -----    -----      0489H    0001H
  +--> ?PR?_WAIT_MS_I2C?IOEXPANDER_PI4IOE5V9...

?PR?I2C_STOP?IOEXPANDER_PI4IOE5V96248            -----    -----      -----    -----
  +--> ?PR?_WAIT_MS_I2C?IOEXPANDER_PI4IOE5V9...

?PR?LCD_RETURN_HOME?LCD_DRIVER_SPLC780D          -----    -----      -----    -----
  +--> ?PR?_COMMAND?LCD_DRIVER_SPLC780D

?PR?_READ_TIME?PCF85063BTL                       -----    -----      03BBH    000FH
  +--> ?PR?_SPI_READTIME?PCF85063BTL

?PR?_SPI_READTIME?PCF85063BTL                    -----    -----      -----    -----
  +--> ?PR?_SPI_SENDBYTE?PCF85063BTL
  +--> ?PR?SPI_RECEIVEBYTE?PCF85063BTL

?PR?SPI_RECEIVEBYTE?PCF85063BTL                  -----    -----      -----    -----
  +--> ?PR?_PCF85063BTL_DELAY?PCF85063BTL

?PR?_CALIBRATION?CALIBRATION                     -----    -----      03BBH    0024H
  +--> ?PR?VOLTAGE_IS_STABLE?CALIBRATION
  +--> ?PR?_UPDATE_POSITION?BIPOLARMOTOR
  +--> ?PR?_FIND_REAL_MAX?CALIBRATION

?PR?VOLTAGE_IS_STABLE?CALIBRATION                -----    -----      03DFH    0018H
  +--> ?PR?_ADC_GETRESULT?ADC
  +--> ?PR?_ABS?LCD_DRIVER_SPLC780D

?PR?_UPDATE_POSITION?BIPOLARMOTOR                -----    -----      03DFH    009FH
  +--> ?PR?_BCDTODEC1?BIPOLARMOTOR
  +--> ?PR?SUNPOS?SUNPOS
  +--> ?PR?SIN?SIN
  +--> ?PR?ASIN?ASIN
  +--> ?PR?LINEAR_INTERPOLATE?BIPOLARMOTOR
  +--> ?PR?_ABS?LCD_DRIVER_SPLC780D
  +--> ?PR?_MOVE?BIPOLARMOTOR

?PR?SUNPOS?SUNPOS                                -----    -----      047EH    005DH
  +--> ?PR?SIN?SIN
  +--> ?PR?_ATAN2?ATAN2
  +--> ?PR?ASIN?ASIN
  +--> ?PR?ACOS?ACOS

?PR?SIN?SIN                                      0020H.5  0000H.1    04DBH    0004H

?PR?_ATAN2?ATAN2                                 -----    -----      04DBH    0008H
  +--> ?PR?ATAN?ATAN

?PR?ATAN?ATAN                                    0020H.5  0000H.2    04E3H    0004H

BL51 BANKED LINKER/LOCATER V6.22                                                      03/20/2019  10:55:34  PAGE 7


?PR?ASIN?ASIN                                    -----    -----      -----    -----
  +--> ?PR?SQRT?SQRT
  +--> ?PR?ATAN?ATAN

?PR?SQRT?SQRT                                    -----    -----      04DBH    0004H

?PR?ACOS?ACOS                                    -----    -----      -----    -----
  +--> ?PR?SQRT?SQRT
  +--> ?PR?ATAN?ATAN

?PR?LINEAR_INTERPOLATE?BIPOLARMOTOR              -----    -----      047EH    0014H

?PR?_MOVE?BIPOLARMOTOR                           0020H.5  0000H.1    047EH    0004H
  +--> ?PR?_STEP_MOVE?BIPOLARMOTOR

?PR?_FIND_REAL_MAX?CALIBRATION                   -----    -----      03DFH    008DH
  +--> ?PR?_MOVE?BIPOLARMOTOR
  +--> ?PR?_ADC_GETRESULT?ADC
  +--> ?PR?AT25SF041_WRITEENABLE?AT25SF041
  +--> ?PR?_AT25SF041_WRITE?AT25SF041
  +--> ?PR?_WAIT_MS_SPINOR?AT25SF041
  +--> ?PR?_COMMAND?LCD_DRIVER_SPLC780D
  +--> ?PR?_WRITEDATA?LCD_DRIVER_SPLC780D
  +--> ?PR?_DISPLAY_POS?LCD_DRIVER_SPLC780D
  +--> ?PR?_WAIT_MS?LCD_DRIVER_SPLC780D
  +--> ?PR?_MAX_VALUE?CALIBRATION

?PR?AT25SF041_WRITEENABLE?AT25SF041              -----    -----      046CH    0002H
  +--> ?PR?_WAIT_MS_SPINOR?AT25SF041
  +--> ?PR?UCREAD_STATUS_REGISTER_BYTE1?AT25...

?PR?UCREAD_STATUS_REGISTER_BYTE1?AT25...         -----    -----      0474H    0003H
  +--> ?PR?_WAIT_MS_SPINOR?AT25SF041

?PR?_AT25SF041_WRITE?AT25SF041                   -----    -----      046CH    0008H
  +--> ?PR?_WAIT_MS_SPINOR?AT25SF041
  +--> ?PR?UCREAD_STATUS_REGISTER_BYTE1?AT25...

?PR?_MAX_VALUE?CALIBRATION                       -----    -----      046CH    0004H

?PR?SPI_NOR_WRITE_DATA?AT25SF041                 -----    -----      03BBH    000EH
  +--> ?PR?AT25SF041_WRITEENABLE?AT25SF041
  +--> ?PR?_AT25SF041_WRITE?AT25SF041
  +--> ?PR?_WAIT_MS_SPINOR?AT25SF041

?PR?AT25SF041_CHIPERASE?AT25SF041                -----    -----      03BBH    0002H
  +--> ?PR?_WAIT_MS_SPINOR?AT25SF041
  +--> ?PR?UCREAD_STATUS_REGISTER_BYTE1?AT25...



UNRESOLVED EXTERNAL SYMBOLS:
   AUTO_MODE
   SPI_NOR_CLEARENABLE
   _SENDUART1


BL51 BANKED LINKER/LOCATER V6.22                                                      03/20/2019  10:55:34  PAGE 8



SYMBOL TABLE OF MODULE:  .\Obj\GPIO_RTC_Test (MAIN)

  VALUE           TYPE          NAME
  ----------------------------------

  -------         MODULE        MAIN
  C:0000H         SYMBOL        _ICE_DUMMY_
  X:04EFH         PUBLIC        calib_value
  D:0080H         PUBLIC        P0
  D:00B2H         PUBLIC        P3M0
  D:0090H         PUBLIC        P1
  D:00B1H         PUBLIC        P3M1
  D:00A0H         PUBLIC        P2
  D:00B0H         PUBLIC        P3
  D:00C0H         PUBLIC        P4
  D:00C8H         PUBLIC        P5
  X:0543H         SYMBOL        PressedKey
  B:00A8H.7       PUBLIC        EA
  D:00E8H         PUBLIC        P6
  X:0547H         PUBLIC        calib_stamp
  D:00F8H         PUBLIC        P7
  X:0548H         PUBLIC        RX_Data_Uart_Cnt
  D:00A8H         PUBLIC        IE
  X:054AH         PUBLIC        calib_time
  D:00B8H         PUBLIC        IP
  X:059EH         PUBLIC        months
  D:00D8H         PUBLIC        CCON
  C:000EH         PUBLIC        main
  X:059FH         PUBLIC        count
  X:05A1H         PUBLIC        days
  X:05A2H         PUBLIC        hours
  D:0098H         PUBLIC        SCON
  D:0089H         PUBLIC        TMOD
  D:0088H         PUBLIC        TCON
  B:00A0H.3       PUBLIC        P23
  X:05A3H         SYMBOL        KeyCount
  X:05A5H         PUBLIC        mins
  X:05A6H         PUBLIC        Rec_data_hour
  B:00C8H.5       PUBLIC        P55
  X:05A9H         PUBLIC        Rec_data_min
  D:008EH         PUBLIC        AUXR
  C:0009H         PUBLIC        tm0_isr
  B:0021H.0       PUBLIC        busy
  B:00A8H.1       PUBLIC        ET0
  X:05ACH         PUBLIC        SPI_NOR_INTERNAL_FLASH_ADDR
  D:008CH         PUBLIC        TH0
  X:05B0H         PUBLIC        hour_count
  D:008AH         PUBLIC        TL0
  X:05B1H         PUBLIC        min_count
  B:0088H.4       PUBLIC        TR0
  X:05B2H         SYMBOL        KeyNum
  X:05B3H         SYMBOL        KeyNum_Old
  X:05B4H         PUBLIC        current_position
  X:05B8H         PUBLIC        hours1
  X:05B9H         PUBLIC        hours2
  X:05BAH         PUBLIC        mins1
BL51 BANKED LINKER/LOCATER V6.22                                                      03/20/2019  10:55:34  PAGE 9


  X:05BBH         PUBLIC        mins2
  X:05BCH         PUBLIC        seconds
  X:05BDH         PUBLIC        st_time
  D:00D0H         PUBLIC        PSW
  -------         PROC          TM0_ISR
  C:0009H         LINE#         76
  C:0009H         LINE#         78
  -------         ENDPROC       TM0_ISR
  -------         PROC          MAIN
  -------         DO            
  X:038FH         SYMBOL        sunlight_ADC
  X:04E7H         SYMBOL        KeyCount
  X:04E9H         SYMBOL        KeyNum_Old
  X:04EAH         SYMBOL        KeyNum
  X:04EBH         SYMBOL        PressedKey
  X:0391H         SYMBOL        prox_flag
  X:0392H         SYMBOL        iUse_prevday_calib_value
  X:0394H         SYMBOL        max_ADC_Val_JP
  X:0396H         SYMBOL        max_ADC_Val
  X:0398H         SYMBOL        calib_point1
  X:03A0H         SYMBOL        calib_point2
  X:03A8H         SYMBOL        dat_to_store
  X:03B3H         SYMBOL        calib_day
  X:03B5H         SYMBOL        calib_count
  X:03B7H         SYMBOL        theorical_JP_max_pos
  -------         ENDDO         
  C:000EH         LINE#         80
  C:000EH         LINE#         81
  C:000EH         LINE#         86
  C:0014H         LINE#         87
  C:0019H         LINE#         89
  C:0021H         LINE#         93
  C:0027H         LINE#         94
  C:0031H         LINE#         98
  C:0033H         LINE#         99
  C:0035H         LINE#         100
  C:0037H         LINE#         101
  C:0039H         LINE#         103
  C:0040H         LINE#         104
  C:0044H         LINE#         113
  C:0046H         LINE#         114
  C:0049H         LINE#         115
  C:004CH         LINE#         116
  C:004FH         LINE#         117
  C:0052H         LINE#         118
  C:0055H         LINE#         121
  C:0058H         LINE#         123
  C:005BH         LINE#         124
  C:005EH         LINE#         125
  C:0061H         LINE#         126
  C:0063H         LINE#         127
  C:0065H         LINE#         128
  C:0067H         LINE#         130
  C:0069H         LINE#         131
  C:0070H         LINE#         132
  C:0077H         LINE#         133
  C:007EH         LINE#         134
BL51 BANKED LINKER/LOCATER V6.22                                                      03/20/2019  10:55:34  PAGE 10


  C:0085H         LINE#         138
  C:008CH         LINE#         139
  C:0091H         LINE#         140
  C:0096H         LINE#         141
  C:009BH         LINE#         142
  C:00A0H         LINE#         143
  C:00A5H         LINE#         146
  C:00BEH         LINE#         147
  C:00BEH         LINE#         148
  C:00DAH         LINE#         149
  C:0121H         LINE#         150
  C:0132H         LINE#         153
  C:0132H         LINE#         154
  C:0132H         LINE#         155
  C:0135H         LINE#         158
  C:0135H         LINE#         161
  C:013AH         LINE#         162
  C:013FH         LINE#         164
  C:0144H         LINE#         165
  C:0149H         LINE#         166
  C:014EH         LINE#         167
  C:0153H         LINE#         169
  C:0164H         LINE#         170
  C:0169H         LINE#         171
  C:016EH         LINE#         173
  C:0175H         LINE#         174
  C:017DH         LINE#         175
  C:0182H         LINE#         176
  C:018AH         LINE#         177
  C:018FH         LINE#         178
  C:0199H         LINE#         179
  C:019EH         LINE#         180
  C:01A6H         LINE#         182
  C:01AEH         LINE#         183
  C:01B3H         LINE#         184
  C:01BDH         LINE#         185
  C:01BDH         LINE#         186
  C:01BFH         LINE#         187
  C:01C1H         LINE#         188
  C:01CBH         LINE#         189
  C:01CBH         LINE#         190
  C:01D0H         LINE#         191
  C:01D0H         LINE#         203
  C:01DDH         LINE#         204
  C:01DDH         LINE#         205
  C:01E7H         LINE#         206
  C:01FEH         LINE#         207
  C:01FEH         LINE#         208
  C:0200H         LINE#         209
  C:0202H         LINE#         211
  C:0202H         LINE#         212
  C:020DH         LINE#         213
  C:020DH         LINE#         214
  C:0212H         LINE#         215
  C:0212H         LINE#         216
  C:021FH         LINE#         217
  C:021FH         LINE#         220
BL51 BANKED LINKER/LOCATER V6.22                                                      03/20/2019  10:55:34  PAGE 11


  C:0229H         LINE#         221
  C:0240H         LINE#         222
  C:0240H         LINE#         223
  C:0242H         LINE#         224
  C:0244H         LINE#         226
  C:0244H         LINE#         227
  C:024FH         LINE#         228
  C:024FH         LINE#         229
  C:0254H         LINE#         230
  C:0256H         LINE#         231
  C:0256H         LINE#         233
  C:0278H         LINE#         234
  C:0278H         LINE#         235
  C:0282H         LINE#         236
  C:0288H         LINE#         237
  C:028AH         LINE#         238
  C:028CH         LINE#         239
  C:028EH         LINE#         240
  C:028EH         LINE#         241
  C:0291H         LINE#         243
  C:0291H         LINE#         244
  C:0297H         LINE#         245
  C:029FH         LINE#         246
  C:02A5H         LINE#         247
  C:02ADH         LINE#         248
  C:02E8H         LINE#         252
  C:02F5H         LINE#         253
  C:02F5H         LINE#         255
  C:0302H         LINE#         256
  C:0335H         LINE#         257
  C:0342H         LINE#         258
  C:0342H         LINE#         260
  C:0365H         LINE#         261
  C:0365H         LINE#         262
  C:0392H         LINE#         263
  C:0392H         LINE#         264
  C:040EH         LINE#         265
  C:0498H         LINE#         268
  C:04A0H         LINE#         269
  C:04A8H         LINE#         270
  C:04B0H         LINE#         271
  C:04B8H         LINE#         272
  C:04CCH         LINE#         273
  C:04E2H         LINE#         274
  C:0512H         LINE#         275
  C:0526H         LINE#         276
  C:0536H         LINE#         277
  C:0536H         LINE#         278
  C:0536H         LINE#         279
  C:0536H         LINE#         281
  C:0536H         LINE#         284
  C:0539H         LINE#         285
  C:056DH         LINE#         286
  C:056DH         LINE#         287
  C:058BH         LINE#         288
  C:0598H         LINE#         289
  C:05A8H         LINE#         292
BL51 BANKED LINKER/LOCATER V6.22                                                      03/20/2019  10:55:34  PAGE 12


  C:05B0H         LINE#         293
  C:05B8H         LINE#         294
  C:05C0H         LINE#         295
  C:05C8H         LINE#         297
  C:05D6H         LINE#         298
  C:05ECH         LINE#         299
  C:061CH         LINE#         300
  C:0630H         LINE#         302
  C:0640H         LINE#         303
  C:0640H         LINE#         304
  C:0640H         LINE#         306
  C:0640H         LINE#         307
  C:0643H         LINE#         308
  C:0654H         LINE#         309
  C:0654H         LINE#         310
  C:0654H         LINE#         312
  C:0654H         LINE#         315
  C:0657H         LINE#         317
  C:0657H         LINE#         318
  C:0679H         LINE#         319
  C:0679H         LINE#         320
  C:06F5H         LINE#         321
  C:074AH         LINE#         322
  C:074AH         LINE#         323
  C:074AH         LINE#         324
  C:074DH         LINE#         328
  C:074DH         LINE#         331
  C:0775H         LINE#         332
  C:0775H         LINE#         333
  C:07A2H         LINE#         334
  C:07A2H         LINE#         335
  C:081EH         LINE#         336
  C:08A8H         LINE#         338
  C:08B0H         LINE#         339
  C:08B8H         LINE#         340
  C:08C0H         LINE#         341
  C:08C8H         LINE#         342
  C:08DCH         LINE#         343
  C:08F2H         LINE#         344
  C:0922H         LINE#         345
  C:0936H         LINE#         346
  C:094AH         LINE#         347
  C:0960H         LINE#         348
  C:0990H         LINE#         349
  C:0997H         LINE#         351
  C:0997H         LINE#         353
  C:099AH         LINE#         354
  C:09CEH         LINE#         355
  C:09CEH         LINE#         356
  C:09ECH         LINE#         357
  C:09F9H         LINE#         358
  C:0A09H         LINE#         361
  C:0A11H         LINE#         362
  C:0A19H         LINE#         363
  C:0A21H         LINE#         364
  C:0A29H         LINE#         366
  C:0A37H         LINE#         367
BL51 BANKED LINKER/LOCATER V6.22                                                      03/20/2019  10:55:34  PAGE 13


  C:0A4DH         LINE#         368
  C:0A7DH         LINE#         369
  C:0A91H         LINE#         371
  C:0AA5H         LINE#         372
  C:0ABBH         LINE#         373
  C:0AEBH         LINE#         375
  C:0B0FH         LINE#         376
  C:0B12H         LINE#         377
  C:0B23H         LINE#         378
  C:0B23H         LINE#         379
  C:0B2BH         LINE#         381
  C:0B2BH         LINE#         384
  C:0B2EH         LINE#         386
  C:0B2EH         LINE#         388
  C:0B50H         LINE#         389
  C:0B50H         LINE#         390
  C:0BCCH         LINE#         392
  C:0BF9H         LINE#         393
  C:0C14H         LINE#         394
  C:0C41H         LINE#         395
  C:0C5CH         LINE#         397
  C:0CF8H         LINE#         400
  C:0CF8H         LINE#         401
  C:0CF8H         LINE#         402
  C:0CF8H         LINE#         404
  C:0CF8H         LINE#         407
  C:0D14H         LINE#         408
  C:0D18H         LINE#         410
  C:0D1AH         LINE#         413
  C:0D25H         LINE#         414
  C:0D25H         LINE#         415
  C:0D28H         LINE#         416
  C:0D2FH         LINE#         417
  C:0D34H         LINE#         418
  C:0D39H         LINE#         419
  C:0D3EH         LINE#         420
  C:0D43H         LINE#         421
  C:0D48H         LINE#         422
  C:0D4DH         LINE#         423
  C:0D52H         LINE#         424
  C:0D57H         LINE#         425
  C:0D5CH         LINE#         426
  C:0D61H         LINE#         427
  C:0D66H         LINE#         428
  C:0D6BH         LINE#         431
  C:0D6EH         LINE#         433
  C:0D71H         LINE#         434
  C:0D78H         LINE#         435
  C:0D82H         LINE#         436
  C:0D87H         LINE#         438
  C:0D8AH         LINE#         439
  C:0D8FH         LINE#         440
  C:0D94H         LINE#         441
  C:0D99H         LINE#         442
  C:0D9EH         LINE#         443
  C:0DA3H         LINE#         444
  C:0DA8H         LINE#         445
BL51 BANKED LINKER/LOCATER V6.22                                                      03/20/2019  10:55:34  PAGE 14


  C:0DADH         LINE#         447
  C:0DADH         LINE#         448
  -------         ENDPROC       MAIN
  -------         ENDMOD        MAIN

  -------         MODULE        PCF85063BTL
  C:0000H         SYMBOL        _ICE_DUMMY_
  D:0096H         PUBLIC        P2M0
  D:0080H         PUBLIC        P0
  D:0095H         PUBLIC        P2M1
  D:0090H         PUBLIC        P1
  D:00A0H         PUBLIC        P2
  D:00B0H         PUBLIC        P3
  D:00C0H         PUBLIC        P4
  D:00C8H         PUBLIC        P5
  D:00E8H         PUBLIC        P6
  B:00A0H.1       PUBLIC        PCF85063BTL_SDI
  D:00F8H         PUBLIC        P7
  B:00A0H.2       PUBLIC        PCF85063BTL_SCK
  B:00A0H.1       PUBLIC        PCF85063BTL_SDO
  D:00A8H         PUBLIC        IE
  C:4BADH         PUBLIC        _Read_time
  C:50B4H         PUBLIC        _PCF85063BTL_Delay
  D:00B8H         PUBLIC        IP
  D:00D8H         PUBLIC        CCON
  C:4A3EH         PUBLIC        _Day_Of_Year
  C:4FAAH         PUBLIC        SPI_ReceiveByte
  D:0098H         PUBLIC        SCON
  D:0088H         PUBLIC        TCON
  C:50FBH         PUBLIC        _BCDtoDec
  B:00A0H.0       PUBLIC        PCF85063BTL_CS
  C:50EAH         PUBLIC        _SPI_ReadTime
  C:514AH         PUBLIC        SPI_Init
  C:503FH         PUBLIC        _SPI_WriteTime
  C:4F8AH         PUBLIC        _SPI_SendByte
  D:00D0H         PUBLIC        PSW
  C:50B0H         SYMBOL        L?0047
  -------         PROC          L?0046
  -------         ENDPROC       L?0046
  C:50B0H         SYMBOL        L?0047
  -------         PROC          _PCF85063BTL_DELAY
  D:0006H         SYMBOL        us
  C:50B4H         LINE#         8
  C:50B4H         LINE#         9
  C:50B4H         LINE#         10
  C:50BEH         LINE#         11
  C:50BEH         LINE#         12
  C:50BFH         LINE#         13
  C:50C1H         LINE#         14
  -------         ENDPROC       _PCF85063BTL_DELAY
  -------         PROC          _SPI_SENDBYTE
  D:0005H         SYMBOL        dat
  -------         DO            
  D:0003H         SYMBOL        i
  -------         ENDDO         
  C:4F8AH         LINE#         17
  C:4F8CH         LINE#         18
BL51 BANKED LINKER/LOCATER V6.22                                                      03/20/2019  10:55:34  PAGE 15


  C:4F8CH         LINE#         20
  C:4F8EH         LINE#         21
  C:4F8EH         LINE#         22
  C:4F90H         LINE#         23
  C:4F94H         LINE#         24
  C:4F94H         LINE#         25
  C:4F96H         LINE#         26
  C:4F98H         LINE#         28
  C:4F98H         LINE#         29
  C:4F9AH         LINE#         30
  C:4F9AH         LINE#         31
  C:4F9DH         LINE#         32
  C:4F9DH         LINE#         33
  C:4FA0H         LINE#         34
  C:4FA4H         LINE#         35
  C:4FA9H         LINE#         36
  -------         ENDPROC       _SPI_SENDBYTE
  -------         PROC          SPI_RECEIVEBYTE
  -------         DO            
  D:0003H         SYMBOL        i
  D:0005H         SYMBOL        dat
  -------         ENDDO         
  C:4FAAH         LINE#         39
  C:4FAAH         LINE#         40
  C:4FAAH         LINE#         42
  C:4FACH         LINE#         44
  C:4FAEH         LINE#         45
  C:4FAFH         LINE#         46
  C:4FAFH         LINE#         47
  C:4FB3H         LINE#         48
  C:4FB5H         LINE#         49
  C:4FB8H         LINE#         51
  C:4FBBH         LINE#         52
  C:4FBBH         LINE#         53
  C:4FBFH         LINE#         54
  C:4FBFH         LINE#         55
  C:4FBFH         LINE#         56
  C:4FC2H         LINE#         57
  C:4FC7H         LINE#         58
  C:4FC9H         LINE#         59
  -------         ENDPROC       SPI_RECEIVEBYTE
  -------         PROC          _SPI_READTIME
  D:0007H         SYMBOL        addr
  -------         DO            
  D:0006H         SYMBOL        dat
  -------         ENDDO         
  C:50EAH         LINE#         61
  C:50EAH         LINE#         62
  C:50EAH         LINE#         64
  C:50ECH         LINE#         65
  C:50EEH         LINE#         66
  C:50F5H         LINE#         67
  C:50F8H         LINE#         68
  C:50FAH         LINE#         69
  C:50FAH         LINE#         70
  -------         ENDPROC       _SPI_READTIME
  -------         PROC          _SPI_WRITETIME
BL51 BANKED LINKER/LOCATER V6.22                                                      03/20/2019  10:55:34  PAGE 16


  D:0002H         SYMBOL        val
  D:0005H         SYMBOL        addr
  C:503FH         LINE#         71
  C:5041H         LINE#         72
  C:5041H         LINE#         74
  C:5043H         LINE#         75
  C:504AH         LINE#         76
  C:504FH         LINE#         77
  C:5054H         LINE#         78
  C:5056H         LINE#         79
  -------         ENDPROC       _SPI_WRITETIME
  -------         PROC          SPI_INIT
  C:514AH         LINE#         83
  C:514AH         LINE#         84
  C:514AH         LINE#         89
  C:514DH         LINE#         90
  C:5150H         LINE#         91
  C:5152H         LINE#         92
  C:5154H         LINE#         93
  C:5156H         LINE#         94
  -------         ENDPROC       SPI_INIT
  -------         PROC          _READ_TIME
  X:03BBH         SYMBOL        months
  X:03BEH         SYMBOL        days
  X:03C1H         SYMBOL        hours
  X:03C4H         SYMBOL        mins
  X:03C7H         SYMBOL        seconds
  C:4BADH         LINE#         96
  C:4BB8H         LINE#         97
  C:4BB8H         LINE#         99
  C:4BCCH         LINE#         101
  C:4BE0H         LINE#         103
  C:4BF4H         LINE#         108
  C:4C08H         LINE#         113
  -------         ENDPROC       _READ_TIME
  -------         PROC          _BCDTODEC
  D:0007H         SYMBOL        bcd
  -------         DO            
  D:0006H         SYMBOL        hi
  D:0007H         SYMBOL        lo
  -------         ENDDO         
  C:50FBH         LINE#         119
  C:50FBH         LINE#         120
  C:50FBH         LINE#         122
  C:5100H         LINE#         123
  C:5104H         LINE#         124
  C:510BH         LINE#         125
  -------         ENDPROC       _BCDTODEC
  -------         PROC          _DAY_OF_YEAR
  D:0007H         SYMBOL        months_bcd
  D:0005H         SYMBOL        days_bcd
  -------         DO            
  D:0004H         SYMBOL        months
  D:0007H         SYMBOL        days
  -------         ENDDO         
  C:4A3EH         LINE#         126
  C:4A3EH         LINE#         127
BL51 BANKED LINKER/LOCATER V6.22                                                      03/20/2019  10:55:34  PAGE 17


  C:4A3EH         LINE#         130
  C:4A43H         LINE#         132
  C:4A48H         LINE#         134
  C:4A81H         LINE#         135
  C:4A81H         LINE#         136
  C:4A81H         LINE#         137
  C:4A84H         LINE#         138
  C:4A84H         LINE#         139
  C:4A84H         LINE#         140
  C:4A89H         LINE#         141
  C:4A89H         LINE#         142
  C:4A89H         LINE#         143
  C:4A8EH         LINE#         144
  C:4A8EH         LINE#         145
  C:4A8EH         LINE#         146
  C:4A93H         LINE#         147
  C:4A93H         LINE#         148
  C:4A93H         LINE#         149
  C:4A98H         LINE#         150
  C:4A98H         LINE#         151
  C:4A98H         LINE#         152
  C:4A9DH         LINE#         153
  C:4A9DH         LINE#         154
  C:4A9DH         LINE#         155
  C:4AA2H         LINE#         156
  C:4AA2H         LINE#         157
  C:4AA2H         LINE#         158
  C:4AA7H         LINE#         159
  C:4AA7H         LINE#         160
  C:4AA7H         LINE#         161
  C:4AAFH         LINE#         162
  C:4AAFH         LINE#         163
  C:4AAFH         LINE#         164
  C:4AB4H         LINE#         165
  C:4AB4H         LINE#         166
  C:4AB4H         LINE#         167
  C:4AB9H         LINE#         168
  C:4AB9H         LINE#         169
  C:4AB9H         LINE#         170
  C:4AC1H         LINE#         171
  C:4AC1H         LINE#         172
  C:4AC1H         LINE#         173
  -------         ENDPROC       _DAY_OF_YEAR
  -------         ENDMOD        PCF85063BTL

  -------         MODULE        UART1
  C:0000H         SYMBOL        _ICE_DUMMY_
  D:0080H         PUBLIC        P0
  D:0090H         PUBLIC        P1
  D:00A0H         PUBLIC        P2
  D:00B0H         PUBLIC        P3
  D:00C0H         PUBLIC        P4
  D:00C8H         PUBLIC        P5
  B:00A8H.7       PUBLIC        EA
  D:00E8H         PUBLIC        P6
  D:00F8H         PUBLIC        P7
  C:4E62H         PUBLIC        _SendString
BL51 BANKED LINKER/LOCATER V6.22                                                      03/20/2019  10:55:34  PAGE 18


  D:00A8H         PUBLIC        IE
  B:00A8H.4       PUBLIC        ES
  D:00B8H         PUBLIC        IP
  C:5057H         PUBLIC        _ASCIItoBCD
  D:00D8H         PUBLIC        CCON
  C:510CH         PUBLIC        initUART1
  D:0098H         PUBLIC        SCON
  D:0088H         PUBLIC        TCON
  C:000AH         PUBLIC        _DectoBCD
  C:5182H         PUBLIC        _ASCII_Letter
  D:008EH         PUBLIC        AUXR
  C:517DH         PUBLIC        _unit
  C:0003H         PUBLIC        _ten
  D:00D6H         PUBLIC        T2H
  D:00D7H         PUBLIC        T2L
  D:00D0H         PUBLIC        PSW
  -------         PROC          INITUART1
  C:510CH         LINE#         21
  C:510CH         LINE#         22
  C:510CH         LINE#         23
  C:510FH         LINE#         24
  C:5112H         LINE#         25
  C:5115H         LINE#         26
  C:5118H         LINE#         27
  C:511AH         LINE#         28
  C:511CH         LINE#         30
  -------         ENDPROC       INITUART1
  -------         PROC          _SENDSTRING
  X:0639H         SYMBOL        s
  C:4E62H         LINE#         35
  C:4E6DH         LINE#         36
  C:4E6DH         LINE#         37
  C:4E7DH         LINE#         38
  C:4E7DH         LINE#         39
  C:4E92H         LINE#         40
  C:4E94H         LINE#         41
  -------         ENDPROC       _SENDSTRING
  -------         PROC          _TEN
  D:0007H         SYMBOL        BCD
  C:0003H         LINE#         43
  C:0003H         LINE#         44
  C:0003H         LINE#         45
  C:0008H         LINE#         46
  -------         ENDPROC       _TEN
  -------         PROC          _UNIT
  D:0007H         SYMBOL        BCD
  C:517DH         LINE#         47
  C:517DH         LINE#         48
  C:517DH         LINE#         52
  C:5181H         LINE#         53
  -------         ENDPROC       _UNIT
  -------         PROC          _DECTOBCD
  D:0007H         SYMBOL        dec
  C:000AH         LINE#         54
  C:000AH         LINE#         55
  C:000AH         LINE#         57
  C:000AH         LINE#         58
BL51 BANKED LINKER/LOCATER V6.22                                                      03/20/2019  10:55:34  PAGE 19


  -------         ENDPROC       _DECTOBCD
  -------         PROC          _ASCII_LETTER
  D:0007H         SYMBOL        dat
  C:5182H         LINE#         60
  C:5182H         LINE#         61
  C:5182H         LINE#         63
  C:5186H         LINE#         64
  -------         ENDPROC       _ASCII_LETTER
  -------         PROC          _ASCIITOBCD
  D:0001H         SYMBOL        ascii
  -------         DO            
  D:0007H         SYMBOL        dec_val
  D:0006H         SYMBOL        ten
  D:0007H         SYMBOL        unit
  -------         ENDDO         
  C:5057H         LINE#         66
  C:5057H         LINE#         67
  C:5057H         LINE#         69
  C:505AH         LINE#         70
  C:5060H         LINE#         71
  C:5067H         LINE#         72
  C:506DH         LINE#         74
  -------         ENDPROC       _ASCIITOBCD
  -------         ENDMOD        UART1

  -------         MODULE        LCD_DRIVER_SPLC780D
  C:0000H         SYMBOL        _ICE_DUMMY_
  D:0092H         PUBLIC        P1M0
  D:0091H         PUBLIC        P1M1
  D:0080H         PUBLIC        P0
  D:0090H         PUBLIC        P1
  D:00A0H         PUBLIC        P2
  D:00B0H         PUBLIC        P3
  D:00C0H         PUBLIC        P4
  D:00C8H         PUBLIC        P5
  D:00E8H         PUBLIC        P6
  D:00F8H         PUBLIC        P7
  C:4AC6H         PUBLIC        _WriteData
  D:00A8H         PUBLIC        IE
  D:00B8H         PUBLIC        IP
  D:00D8H         PUBLIC        CCON
  B:00B0H.4       PUBLIC        LCD_D4
  B:00B0H.5       PUBLIC        LCD_D5
  B:00B0H.6       PUBLIC        LCD_D6
  C:5007H         PUBLIC        _DisplayLCD
  B:00B0H.7       PUBLIC        LCD_D7
  D:0098H         PUBLIC        SCON
  D:0088H         PUBLIC        TCON
  C:50C2H         PUBLIC        _abs
  C:516DH         PUBLIC        LCD_clear
  C:4DA7H         PUBLIC        _Command
  C:5084H         PUBLIC        _Display_Line
  C:4C76H         PUBLIC        LCD_Init
  C:4F6CH         PUBLIC        _Wait_ms
  B:00C0H.0       PUBLIC        LCD_RS
  B:00B0H.2       PUBLIC        LCD_RW
  C:5163H         PUBLIC        LCD_return_home
BL51 BANKED LINKER/LOCATER V6.22                                                      03/20/2019  10:55:34  PAGE 20


  C:3F90H         PUBLIC        _Display_Pos
  B:00B0H.3       PUBLIC        LCD_E
  D:00D0H         PUBLIC        PSW
  -------         PROC          LCD_INIT
  C:4C76H         LINE#         9
  C:4C76H         LINE#         10
  C:4C76H         LINE#         11
  C:4C79H         LINE#         12
  C:4C7CH         LINE#         14
  C:4C82H         LINE#         15
  C:4C87H         LINE#         17
  C:4C8EH         LINE#         18
  C:4C93H         LINE#         20
  C:4C96H         LINE#         21
  C:4C9BH         LINE#         23
  C:4C9EH         LINE#         24
  C:4CA3H         LINE#         26
  C:4CAAH         LINE#         29
  C:4CAFH         LINE#         30
  C:4CB4H         LINE#         32
  C:4CB9H         LINE#         33
  C:4CBEH         LINE#         35
  C:4CC3H         LINE#         36
  C:4CC8H         LINE#         37
  -------         ENDPROC       LCD_INIT
  C:4AC2H         SYMBOL        L?0040
  -------         PROC          L?0039
  -------         ENDPROC       L?0039
  C:4AC2H         SYMBOL        L?0040
  -------         PROC          _WRITEDATA
  X:0476H         SYMBOL        dat
  C:4AC6H         LINE#         40
  C:4ACBH         LINE#         41
  C:4ACBH         LINE#         46
  C:4ACDH         LINE#         47
  C:4ACFH         LINE#         49
  C:4ADDH         LINE#         50
  C:4AE9H         LINE#         51
  C:4AF5H         LINE#         52
  C:4AFFH         LINE#         53
  C:4B01H         LINE#         54
  C:4B08H         LINE#         55
  C:4B0AH         LINE#         57
  C:4B1AH         LINE#         58
  C:4B25H         LINE#         59
  C:4B2FH         LINE#         60
  C:4B33H         LINE#         62
  C:4B33H         LINE#         63
  C:4B36H         LINE#         64
  C:4B38H         LINE#         65
  C:4B3AH         LINE#         67
  -------         ENDPROC       _WRITEDATA
  -------         PROC          _COMMAND
  D:0007H         SYMBOL        dat
  C:4DA7H         LINE#         69
  C:4DA7H         LINE#         70
  C:4DA7H         LINE#         71
BL51 BANKED LINKER/LOCATER V6.22                                                      03/20/2019  10:55:34  PAGE 21


  C:4DA9H         LINE#         72
  C:4DABH         LINE#         74
  C:4DB5H         LINE#         75
  C:4DB9H         LINE#         77
  C:4DBBH         LINE#         78
  C:4DC4H         LINE#         79
  C:4DC8H         LINE#         81
  C:4DCAH         LINE#         82
  C:4DD1H         LINE#         83
  C:4DD5H         LINE#         85
  C:4DD7H         LINE#         86
  C:4DDBH         LINE#         87
  C:4DDFH         LINE#         89
  C:4DE1H         LINE#         90
  C:4DE1H         LINE#         91
  C:4DE4H         LINE#         92
  C:4DE6H         LINE#         93
  -------         ENDPROC       _COMMAND
  C:4F68H         SYMBOL        L?0038
  -------         PROC          L?0037
  -------         ENDPROC       L?0037
  C:4F68H         SYMBOL        L?0038
  -------         PROC          _WAIT_MS
  D:0006H         SYMBOL        ms
  -------         DO            
  D:0004H         SYMBOL        De_Cnt
  -------         ENDDO         
  C:4F6CH         LINE#         95
  C:4F6CH         LINE#         96
  C:4F6CH         LINE#         98
  C:4F76H         LINE#         99
  C:4F76H         LINE#         100
  C:4F89H         LINE#         101
  C:4F89H         LINE#         102
  -------         ENDPROC       _WAIT_MS
  -------         PROC          _DISPLAYLCD
  D:0007H         SYMBOL        BCD
  -------         DO            
  D:0006H         SYMBOL        first_digit
  X:03BBH         SYMBOL        second_digit
  -------         ENDDO         
  C:5007H         LINE#         103
  C:5007H         LINE#         104
  C:5007H         LINE#         106
  C:500EH         LINE#         107
  C:5017H         LINE#         109
  C:501CH         LINE#         111
  -------         ENDPROC       _DISPLAYLCD
  -------         PROC          LCD_RETURN_HOME
  C:5163H         LINE#         115
  C:5163H         LINE#         116
  C:5163H         LINE#         117
  C:5168H         LINE#         118
  -------         ENDPROC       LCD_RETURN_HOME
  -------         PROC          LCD_CLEAR
  C:516DH         LINE#         121
  C:516DH         LINE#         122
BL51 BANKED LINKER/LOCATER V6.22                                                      03/20/2019  10:55:34  PAGE 22


  C:516DH         LINE#         123
  C:5172H         LINE#         124
  -------         ENDPROC       LCD_CLEAR
  -------         PROC          _DISPLAY_LINE
  D:0006H         SYMBOL        line
  C:5084H         LINE#         128
  C:5084H         LINE#         129
  C:5084H         LINE#         130
  C:508AH         LINE#         131
  C:508AH         LINE#         132
  C:508CH         LINE#         133
  C:508CH         LINE#         134
  C:508EH         LINE#         136
  C:508EH         LINE#         137
  C:5093H         LINE#         138
  C:5098H         LINE#         139
  C:5098H         LINE#         140
  -------         ENDPROC       _DISPLAY_LINE
  -------         PROC          _DISPLAY_POS
  X:046CH         SYMBOL        sign_dat
  -------         DO            
  X:0470H         SYMBOL        unit
  X:0471H         SYMBOL        ten
  X:0472H         SYMBOL        hundred
  D:0003H         SYMBOL        thousand
  X:0473H         SYMBOL        after_dot
  X:0474H         SYMBOL        dat
  -------         ENDDO         
  C:3F90H         LINE#         142
  C:3F96H         LINE#         143
  C:3F96H         LINE#         147
  C:3FB2H         LINE#         148
  C:3FCCH         LINE#         149
  C:3FF0H         LINE#         151
  C:403AH         LINE#         153
  C:4051H         LINE#         154
  C:405EH         LINE#         155
  C:4080H         LINE#         156
  C:40B5H         LINE#         157
  C:40CDH         LINE#         158
  C:40CDH         LINE#         160
  C:40CDH         LINE#         161
  C:40CDH         LINE#         162
  C:40CDH         LINE#         163
  C:40CDH         LINE#         164
  C:40CDH         LINE#         168
  C:40CFH         LINE#         170
  C:40CFH         LINE#         172
  C:40D4H         LINE#         173
  C:40DAH         LINE#         174
  C:40E0H         LINE#         175
  C:40E6H         LINE#         176
  C:40EBH         LINE#         177
  C:40F1H         LINE#         181
  C:40F1H         LINE#         183
  -------         ENDPROC       _DISPLAY_POS
  -------         PROC          _ABS
BL51 BANKED LINKER/LOCATER V6.22                                                      03/20/2019  10:55:34  PAGE 23


  D:0006H         SYMBOL        dat
  C:50C2H         LINE#         185
  C:50C2H         LINE#         186
  C:50C2H         LINE#         187
  C:50CDH         LINE#         188
  C:50CEH         LINE#         190
  C:50D5H         LINE#         191
  -------         ENDPROC       _ABS
  -------         ENDMOD        LCD_DRIVER_SPLC780D

  -------         MODULE        KEYPAD
  C:0000H         SYMBOL        _ICE_DUMMY_
  D:0093H         PUBLIC        P0M1
  D:0080H         PUBLIC        P0
  D:0090H         PUBLIC        P1
  D:00A0H         PUBLIC        P2
  D:00B0H         PUBLIC        P3
  D:00C0H         PUBLIC        P4
  D:00C8H         PUBLIC        P5
  B:0020H.0       PUBLIC        calib_mode
  D:00E8H         PUBLIC        P6
  D:00F8H         PUBLIC        P7
  D:00A8H         PUBLIC        IE
  C:3AF2H         PUBLIC        Key_Scan
  D:00B8H         PUBLIC        IP
  D:00D8H         PUBLIC        CCON
  C:5157H         PUBLIC        KeyPad_IO_Init
  C:4FE9H         PUBLIC        _Delay_ms
  D:0098H         PUBLIC        SCON
  D:0088H         PUBLIC        TCON
  B:0020H.1       PUBLIC        small_move
  B:0020H.2       PUBLIC        move
  B:0020H.3       PUBLIC        direction
  B:0020H.4       PUBLIC        auto_move
  C:31E9H         PUBLIC        Key_Process
  D:00D0H         PUBLIC        PSW
  D:0094H         PUBLIC        P0M0
  -------         PROC          _DELAY_MS
  D:0006H         SYMBOL        ms
  -------         DO            
  D:0004H         SYMBOL        De_Cnt
  -------         ENDDO         
  C:4FE9H         LINE#         19
  C:4FE9H         LINE#         20
  C:4FE9H         LINE#         22
  C:4FF3H         LINE#         23
  C:4FF3H         LINE#         24
  C:5006H         LINE#         25
  C:5006H         LINE#         26
  -------         ENDPROC       _DELAY_MS
  -------         PROC          KEY_SCAN
  -------         DO            
  X:03C1H         SYMBOL        KeyTemp1
  X:03C2H         SYMBOL        KeyTemp2
  X:03C3H         SYMBOL        KeyValue
  -------         ENDDO         
  C:3AF2H         LINE#         27
BL51 BANKED LINKER/LOCATER V6.22                                                      03/20/2019  10:55:34  PAGE 24


  C:3AF2H         LINE#         28
  C:3AF2H         LINE#         33
  C:3AF5H         LINE#         36
  C:3AF8H         LINE#         38
  C:3B00H         LINE#         39
  C:3B07H         LINE#         40
  C:3B07H         LINE#         42
  C:3B0CH         LINE#         43
  C:3B13H         LINE#         44
  C:3B13H         LINE#         47
  C:3B16H         LINE#         48
  C:3B19H         LINE#         49
  C:3B1EH         LINE#         50
  C:3B22H         LINE#         51
  C:3B22H         LINE#         52
  C:3B2AH         LINE#         53
  C:3B2AH         LINE#         54
  C:3B2DH         LINE#         55
  C:3B35H         LINE#         56
  C:3B37H         LINE#         58
  C:3B4BH         LINE#         59
  C:3B4BH         LINE#         60
  C:3B4BH         LINE#         61
  C:3B4BH         LINE#         62
  C:3B51H         LINE#         64
  C:3B53H         LINE#         65
  C:3B53H         LINE#         66
  C:3B53H         LINE#         67
  C:3B59H         LINE#         69
  C:3B5BH         LINE#         70
  C:3B5BH         LINE#         71
  C:3B5BH         LINE#         72
  C:3B61H         LINE#         74
  C:3B63H         LINE#         75
  C:3B63H         LINE#         76
  C:3B63H         LINE#         77
  C:3B69H         LINE#         79
  C:3B69H         LINE#         80
  C:3B69H         LINE#         81
  C:3B69H         LINE#         84
  C:3B6CH         LINE#         85
  C:3B6FH         LINE#         86
  C:3B77H         LINE#         87
  C:3B7BH         LINE#         88
  C:3B7BH         LINE#         89
  C:3B83H         LINE#         90
  C:3B83H         LINE#         91
  C:3B86H         LINE#         92
  C:3B8EH         LINE#         93
  C:3B90H         LINE#         94
  C:3BA4H         LINE#         95
  C:3BA4H         LINE#         96
  C:3BA4H         LINE#         97
  C:3BA4H         LINE#         98
  C:3BAAH         LINE#         100
  C:3BACH         LINE#         101
  C:3BACH         LINE#         102
BL51 BANKED LINKER/LOCATER V6.22                                                      03/20/2019  10:55:34  PAGE 25


  C:3BACH         LINE#         103
  C:3BB2H         LINE#         105
  C:3BB4H         LINE#         106
  C:3BB4H         LINE#         107
  C:3BB4H         LINE#         108
  C:3BBAH         LINE#         110
  C:3BBCH         LINE#         111
  C:3BBCH         LINE#         112
  C:3BBCH         LINE#         113
  C:3BC1H         LINE#         115
  C:3BC1H         LINE#         116
  C:3BC1H         LINE#         117
  C:3BC1H         LINE#         120
  C:3BC4H         LINE#         121
  C:3BC7H         LINE#         122
  C:3BCFH         LINE#         123
  C:3BD3H         LINE#         124
  C:3BD3H         LINE#         125
  C:3BDBH         LINE#         126
  C:3BDBH         LINE#         127
  C:3BDEH         LINE#         128
  C:3BE6H         LINE#         129
  C:3BE8H         LINE#         130
  C:3BFCH         LINE#         131
  C:3BFCH         LINE#         132
  C:3BFCH         LINE#         133
  C:3BFCH         LINE#         134
  C:3C02H         LINE#         136
  C:3C04H         LINE#         137
  C:3C04H         LINE#         138
  C:3C04H         LINE#         139
  C:3C0AH         LINE#         141
  C:3C0CH         LINE#         142
  C:3C0CH         LINE#         143
  C:3C0CH         LINE#         144
  C:3C12H         LINE#         146
  C:3C14H         LINE#         147
  C:3C14H         LINE#         148
  C:3C14H         LINE#         149
  C:3C1AH         LINE#         151
  C:3C1AH         LINE#         152
  C:3C1AH         LINE#         153
  C:3C1AH         LINE#         157
  C:3C1DH         LINE#         158
  C:3C20H         LINE#         159
  C:3C28H         LINE#         160
  C:3C2CH         LINE#         161
  C:3C2CH         LINE#         162
  C:3C34H         LINE#         163
  C:3C34H         LINE#         164
  C:3C37H         LINE#         165
  C:3C3FH         LINE#         166
  C:3C41H         LINE#         167
  C:3C55H         LINE#         168
  C:3C55H         LINE#         169
  C:3C55H         LINE#         170
  C:3C55H         LINE#         171
BL51 BANKED LINKER/LOCATER V6.22                                                      03/20/2019  10:55:34  PAGE 26


  C:3C5BH         LINE#         173
  C:3C5DH         LINE#         174
  C:3C5DH         LINE#         175
  C:3C5DH         LINE#         176
  C:3C63H         LINE#         178
  C:3C65H         LINE#         179
  C:3C65H         LINE#         180
  C:3C65H         LINE#         181
  C:3C6BH         LINE#         183
  C:3C6DH         LINE#         184
  C:3C6DH         LINE#         185
  C:3C6DH         LINE#         186
  C:3C73H         LINE#         188
  C:3C73H         LINE#         189
  C:3C73H         LINE#         190
  C:3C73H         LINE#         192
  C:3C79H         LINE#         193
  C:3C79H         LINE#         195
  C:3C79H         LINE#         196
  C:3C7CH         LINE#         197
  C:3C7CH         LINE#         198
  C:3C7CH         LINE#         200
  C:3C7CH         LINE#         201
  C:3C7EH         LINE#         202
  C:3C7EH         LINE#         203
  -------         ENDPROC       KEY_SCAN
  -------         PROC          KEY_PROCESS
  -------         DO            
  X:0623H         SYMBOL        KeyCount
  X:0625H         SYMBOL        KeyNum_Old
  X:0626H         SYMBOL        KeyNum
  X:0627H         SYMBOL        PressedKey
  X:03BBH         SYMBOL        d
  D:0004H         SYMBOL        hours
  D:0006H         SYMBOL        mins
  X:03BDH         SYMBOL        months
  X:03BFH         SYMBOL        days
  -------         ENDDO         
  C:31E9H         LINE#         204
  C:31E9H         LINE#         205
  C:31E9H         LINE#         209
  C:31F1H         LINE#         210
  C:31F9H         LINE#         212
  C:31FCH         LINE#         213
  C:31FCH         LINE#         214
  C:31FFH         LINE#         216
  C:31FFH         LINE#         217
  C:320CH         LINE#         218
  C:320CH         LINE#         219
  C:320FH         LINE#         220
  C:3212H         LINE#         222
  C:3215H         LINE#         224
  C:3215H         LINE#         225
  C:3220H         LINE#         226
  C:3220H         LINE#         227
  C:3223H         LINE#         229
  C:3223H         LINE#         230
BL51 BANKED LINKER/LOCATER V6.22                                                      03/20/2019  10:55:34  PAGE 27


  C:322AH         LINE#         231
  C:322AH         LINE#         232
  C:322DH         LINE#         234
  C:322DH         LINE#         235
  C:3235H         LINE#         236
  C:3235H         LINE#         237
  C:323FH         LINE#         238
  C:3247H         LINE#         240
  C:3250H         LINE#         242
  C:3250H         LINE#         251
  C:3265H         LINE#         252
  C:3265H         LINE#         253
  C:3277H         LINE#         254
  C:3285H         LINE#         255
  C:3294H         LINE#         256
  C:3294H         LINE#         258
  C:329AH         LINE#         262
  C:32B0H         LINE#         263
  C:32C1H         LINE#         264
  C:32DCH         LINE#         265
  C:32DCH         LINE#         266
  C:32ECH         LINE#         267
  C:32FDH         LINE#         268
  C:32FDH         LINE#         272
  C:3316H         LINE#         273
  C:332DH         LINE#         274
  C:334DH         LINE#         275
  C:334DH         LINE#         276
  C:3357H         LINE#         277
  C:3357H         LINE#         278
  C:3360H         LINE#         279
  C:3360H         LINE#         280
  C:3374H         LINE#         281
  C:3374H         LINE#         282
  C:3374H         LINE#         283
  C:3374H         LINE#         284
  C:3374H         LINE#         285
  C:3376H         LINE#         287
  C:3376H         LINE#         288
  C:3382H         LINE#         289
  C:3382H         LINE#         290
  C:3393H         LINE#         291
  C:3393H         LINE#         292
  C:3393H         LINE#         293
  C:3393H         LINE#         294
  C:3393H         LINE#         296
  C:3395H         LINE#         298
  C:3395H         LINE#         299
  C:33A6H         LINE#         300
  C:33A6H         LINE#         301
  C:33A6H         LINE#         302
  C:33A6H         LINE#         303
  C:33A6H         LINE#         305
  C:33A6H         LINE#         307
  C:33A6H         LINE#         308
  C:33A8H         LINE#         310
  C:33A8H         LINE#         311
BL51 BANKED LINKER/LOCATER V6.22                                                      03/20/2019  10:55:34  PAGE 28


  C:33BBH         LINE#         312
  C:33BBH         LINE#         313
  C:33CCH         LINE#         314
  C:33CCH         LINE#         315
  C:33CCH         LINE#         316
  C:33CCH         LINE#         317
  C:33CCH         LINE#         318
  C:33CEH         LINE#         320
  C:33CEH         LINE#         321
  C:33DFH         LINE#         322
  C:33DFH         LINE#         323
  C:33F0H         LINE#         324
  C:3401H         LINE#         325
  C:3401H         LINE#         326
  C:3401H         LINE#         327
  C:3401H         LINE#         328
  C:3401H         LINE#         330
  C:341BH         LINE#         331
  C:341BH         LINE#         332
  C:3420H         LINE#         333
  C:3420H         LINE#         334
  C:3426H         LINE#         335
  C:3426H         LINE#         336
  C:3429H         LINE#         337
  C:342EH         LINE#         338
  C:3433H         LINE#         339
  C:3438H         LINE#         340
  C:343DH         LINE#         341
  C:3442H         LINE#         342
  C:3447H         LINE#         343
  C:344CH         LINE#         344
  C:344CH         LINE#         345
  C:344CH         LINE#         347
  C:346EH         LINE#         348
  C:346EH         LINE#         349
  C:3478H         LINE#         350
  C:3478H         LINE#         351
  C:347DH         LINE#         352
  C:3486H         LINE#         353
  C:349DH         LINE#         354
  C:349DH         LINE#         355
  C:34ADH         LINE#         357
  C:34ADH         LINE#         361
  -------         ENDPROC       KEY_PROCESS
  -------         PROC          KEYPAD_IO_INIT
  C:5157H         LINE#         364
  C:5157H         LINE#         365
  C:5157H         LINE#         366
  C:515AH         LINE#         367
  C:515DH         LINE#         368
  C:5160H         LINE#         369
  C:5162H         LINE#         370
  -------         ENDPROC       KEYPAD_IO_INIT
  -------         ENDMOD        KEYPAD

  -------         MODULE        BIPOLARMOTOR
  C:0000H         SYMBOL        _ICE_DUMMY_
BL51 BANKED LINKER/LOCATER V6.22                                                      03/20/2019  10:55:34  PAGE 29


  D:0080H         PUBLIC        P0
  D:0090H         PUBLIC        P1
  X:0000H         PUBLIC        RX_pos_test
  D:00A0H         PUBLIC        P2
  D:00B0H         PUBLIC        P3
  D:00C0H         PUBLIC        P4
  D:00C8H         PUBLIC        P5
  D:00E8H         PUBLIC        P6
  D:00F8H         PUBLIC        P7
  X:00A0H         PUBLIC        low_date_azimuth_mapping
  D:00A8H         PUBLIC        IE
  C:4524H         PUBLIC        linear_interpolate
  C:4F17H         PUBLIC        _Move
  D:00B8H         PUBLIC        IP
  C:37A1H         PUBLIC        _findDet3x3
  C:34AEH         PUBLIC        _findDet4x4
  D:00D8H         PUBLIC        CCON
  X:00C8H         PUBLIC        previous_move_time
  D:0098H         PUBLIC        SCON
  D:0088H         PUBLIC        TCON
  C:5187H         PUBLIC        wait
  C:4DE7H         PUBLIC        _Step_move
  X:00C9H         PUBLIC        dat
  C:0DB0H         PUBLIC        _Update_position
  C:4CCFH         PUBLIC        vOneStepMove
  X:00CFH         PUBLIC        elevation_stamp
  X:010BH         PUBLIC        date_azimuth_mapping
  X:0133H         PUBLIC        RX_pos
  C:502EH         PUBLIC        _BCDtoDec1
  X:038BH         PUBLIC        degree
  D:00D0H         PUBLIC        PSW
  -------         PROC          L?0062
  -------         ENDPROC       L?0062
  -------         PROC          _BCDTODEC1
  D:0007H         SYMBOL        bcd
  -------         DO            
  D:0006H         SYMBOL        hi
  D:0007H         SYMBOL        lo
  -------         ENDDO         
  C:502EH         LINE#         28
  C:502EH         LINE#         29
  C:502EH         LINE#         31
  C:5033H         LINE#         32
  C:5037H         LINE#         33
  C:503EH         LINE#         34
  -------         ENDPROC       _BCDTODEC1
  -------         PROC          WAIT
  C:5187H         LINE#         36
  C:5187H         LINE#         38
  -------         ENDPROC       WAIT
  -------         PROC          VONESTEPMOVE
  B:0020H.7       SYMBOL        bDir
  C:4CCFH         LINE#         40
  C:4CCFH         LINE#         41
  C:4CCFH         LINE#         43
  C:4CD5H         LINE#         44
  C:4CD5H         LINE#         45
BL51 BANKED LINKER/LOCATER V6.22                                                      03/20/2019  10:55:34  PAGE 30


  C:4CD8H         LINE#         46
  C:4CE1H         LINE#         47
  C:4CE8H         LINE#         48
  C:4CEDH         LINE#         49
  C:4CEDH         LINE#         50
  C:4CEDH         LINE#         52
  C:4CEFH         LINE#         55
  C:4CEFH         LINE#         56
  C:4CF2H         LINE#         57
  C:4CFBH         LINE#         58
  C:4D02H         LINE#         59
  C:4D08H         LINE#         60
  C:4D11H         LINE#         61
  C:4D18H         LINE#         62
  C:4D18H         LINE#         66
  -------         ENDPROC       VONESTEPMOVE
  -------         PROC          _STEP_MOVE
  X:0482H         SYMBOL        step
  B:0020H.6       SYMBOL        dir
  -------         DO            
  X:0484H         SYMBOL        i
  -------         ENDDO         
  C:4DE7H         LINE#         68
  C:4DEFH         LINE#         69
  C:4DEFH         LINE#         71
  C:4DF4H         LINE#         74
  C:4E0FH         LINE#         75
  C:4E0FH         LINE#         76
  C:4E16H         LINE#         78
  C:4E26H         LINE#         80
  -------         ENDPROC       _STEP_MOVE
  -------         PROC          _MOVE
  X:047EH         SYMBOL        distance
  B:0020H.5       SYMBOL        direction
  -------         DO            
  D:0006H         SYMBOL        step
  -------         ENDDO         
  C:4F17H         LINE#         82
  C:4F1DH         LINE#         83
  C:4F1DH         LINE#         86
  C:4F38H         LINE#         87
  -------         ENDPROC       _MOVE
  C:3782H         SYMBOL        L?0058
  C:3796H         SYMBOL        L?0059
  -------         PROC          L?0057
  -------         ENDPROC       L?0057
  C:3782H         SYMBOL        L?0058
  C:3796H         SYMBOL        L?0059
  -------         PROC          _FINDDET3X3
  X:05FFH         SYMBOL        a11
  X:0603H         SYMBOL        a12
  X:0607H         SYMBOL        a13
  X:060BH         SYMBOL        a21
  X:060FH         SYMBOL        a22
  X:0613H         SYMBOL        a23
  X:0617H         SYMBOL        a31
  X:061BH         SYMBOL        a32
BL51 BANKED LINKER/LOCATER V6.22                                                      03/20/2019  10:55:34  PAGE 31


  X:061FH         SYMBOL        a33
  C:37A1H         LINE#         91
  C:37A7H         LINE#         95
  C:37A7H         LINE#         96
  C:393EH         LINE#         98
  -------         ENDPROC       _FINDDET3X3
  -------         PROC          _FINDDET4X4
  X:05BFH         SYMBOL        a11
  X:05C3H         SYMBOL        a12
  X:05C7H         SYMBOL        a13
  X:05CBH         SYMBOL        a14
  X:05CFH         SYMBOL        a21
  X:05D3H         SYMBOL        a22
  X:05D7H         SYMBOL        a23
  X:05DBH         SYMBOL        a24
  X:05DFH         SYMBOL        a31
  X:05E3H         SYMBOL        a32
  X:05E7H         SYMBOL        a33
  X:05EBH         SYMBOL        a34
  X:05EFH         SYMBOL        a41
  X:05F3H         SYMBOL        a42
  X:05F7H         SYMBOL        a43
  X:05FBH         SYMBOL        a44
  C:34AEH         LINE#         99
  C:34B4H         LINE#         103
  C:34B4H         LINE#         110
  C:376DH         LINE#         114
  -------         ENDPROC       _FINDDET4X4
  C:4513H         SYMBOL        L?0061
  -------         PROC          L?0060
  -------         ENDPROC       L?0060
  C:4513H         SYMBOL        L?0061
  -------         PROC          LINEAR_INTERPOLATE
  X:047EH         SYMBOL        p1
  X:0486H         SYMBOL        p2
  X:048EH         SYMBOL        x
  -------         DO            
  D:0004H         SYMBOL        fx
  -------         ENDDO         
  C:4524H         LINE#         120
  C:4524H         LINE#         121
  C:4524H         LINE#         124
  C:45C3H         LINE#         126
  C:45C3H         LINE#         127
  -------         ENDPROC       LINEAR_INTERPOLATE
  -------         PROC          _UPDATE_POSITION
  D:0001H         SYMBOL        mnths
  D:0002H         SYMBOL        dys
  X:03E1H         SYMBOL        hurs
  X:03E2H         SYMBOL        mns
  X:03E3H         SYMBOL        sconds
  X:03E4H         SYMBOL        currnt_pos
  X:03E7H         SYMBOL        offset_calib
  -------         DO            
  X:03EBH         SYMBOL        date
  X:03EDH         SYMBOL        i
  X:03EFH         SYMBOL        yy
BL51 BANKED LINKER/LOCATER V6.22                                                      03/20/2019  10:55:34  PAGE 32


  X:03F1H         SYMBOL        desired_distance
  X:03F5H         SYMBOL        distance
  X:03F9H         SYMBOL        JP_pos
  X:03FDH         SYMBOL        pos_interpolate_azimuth
  X:0439H         SYMBOL        current_local_sun_time
  X:043DH         SYMBOL        azimuth
  X:0441H         SYMBOL        elevation
  X:0445H         SYMBOL        time_offset
  X:0449H         SYMBOL        UTC_time
  X:044DH         SYMBOL        declination
  X:0451H         SYMBOL        p1
  X:0459H         SYMBOL        p2
  X:0461H         SYMBOL        time
  X:0473H         SYMBOL        location
  X:047BH         SYMBOL        sunCoord
  -------         ENDDO         
  C:0DB0H         LINE#         131
  C:0DB9H         LINE#         134
  C:0DB9H         LINE#         135
  C:0DC4H         LINE#         137
  C:0DE0H         LINE#         138
  C:0DEAH         LINE#         146
  C:0DF4H         LINE#         147
  C:0DFEH         LINE#         148
  C:0E08H         LINE#         149
  C:0E13H         LINE#         150
  C:0E1EH         LINE#         151
  C:0E37H         LINE#         152
  C:0E48H         LINE#         153
  C:0E57H         LINE#         156
  C:0E6BH         LINE#         160
  C:0EBDH         LINE#         161
  C:1021H         LINE#         162
  C:1071H         LINE#         164
  C:1199H         LINE#         166
  C:1268H         LINE#         173
  C:12AFH         LINE#         174
  C:12AFH         LINE#         176
  C:12C9H         LINE#         177
  C:12C9H         LINE#         178
  C:1339H         LINE#         179
  C:1339H         LINE#         180
  C:1340H         LINE#         181
  C:1340H         LINE#         182
  C:136DH         LINE#         183
  C:1388H         LINE#         185
  C:13CFH         LINE#         186
  C:1403H         LINE#         188
  C:1449H         LINE#         189
  C:146CH         LINE#         191
  C:146CH         LINE#         193
  C:14E2H         LINE#         194
  C:14E2H         LINE#         195
  C:14E9H         LINE#         196
  C:14E9H         LINE#         197
  C:1516H         LINE#         198
  C:1531H         LINE#         200
BL51 BANKED LINKER/LOCATER V6.22                                                      03/20/2019  10:55:34  PAGE 33


  C:1578H         LINE#         201
  C:15ACH         LINE#         203
  C:15F2H         LINE#         204
  C:1612H         LINE#         206
  C:1612H         LINE#         207
  C:1623H         LINE#         210
  C:163DH         LINE#         211
  C:163DH         LINE#         212
  C:16ADH         LINE#         213
  C:16ADH         LINE#         214
  C:16DAH         LINE#         215
  C:16F5H         LINE#         217
  C:1722H         LINE#         218
  C:173DH         LINE#         220
  C:176FH         LINE#         223
  C:176FH         LINE#         225
  C:1780H         LINE#         227
  C:17AFH         LINE#         229
  C:17D4H         LINE#         230
  C:1839H         LINE#         231
  C:1839H         LINE#         232
  C:1853H         LINE#         233
  C:1865H         LINE#         234
  C:187DH         LINE#         235
  C:1893H         LINE#         237
  C:18AFH         LINE#         238
  C:18AFH         LINE#         239
  C:18AFH         LINE#         242
  -------         ENDPROC       _UPDATE_POSITION
  -------         ENDMOD        BIPOLARMOTOR

  -------         MODULE        SUNPOS
  C:0000H         SYMBOL        _ICE_DUMMY_
  C:2266H         PUBLIC        sunpos
  -------         PROC          SUNPOS
  X:047EH         SYMBOL        udtTime
  X:0490H         SYMBOL        udtLocation
  X:0498H         SYMBOL        udtSunCoordinates
  -------         DO            
  X:049BH         SYMBOL        dElapsedJulianDays
  X:049FH         SYMBOL        dDecimalHours
  X:04A3H         SYMBOL        dEclipticLongitude
  X:04A7H         SYMBOL        dEclipticObliquity
  X:04ABH         SYMBOL        dRightAscension
  X:04AFH         SYMBOL        dDeclination
  X:04B3H         SYMBOL        dY
  X:04B7H         SYMBOL        dX
  -------         DO            
  X:04BBH         SYMBOL        dJulianDate
  X:04BFH         SYMBOL        liAux1
  X:04C3H         SYMBOL        liAux2
  X:04BBH         SYMBOL        dMeanLongitude
  X:04BFH         SYMBOL        dMeanAnomaly
  X:04C3H         SYMBOL        dOmega
  X:04BBH         SYMBOL        dSin_EclipticLongitude
  X:04BBH         SYMBOL        dGreenwichMeanSiderealTime
  X:04BFH         SYMBOL        dLocalMeanSiderealTime
BL51 BANKED LINKER/LOCATER V6.22                                                      03/20/2019  10:55:34  PAGE 34


  X:04C3H         SYMBOL        dLatitudeInRadians
  X:04C7H         SYMBOL        dHourAngle
  X:04CBH         SYMBOL        dCos_Latitude
  X:04CFH         SYMBOL        dSin_Latitude
  X:04D3H         SYMBOL        dCos_HourAngle
  X:04D7H         SYMBOL        dParallax
  -------         ENDDO         
  -------         DO            
  X:04BBH         SYMBOL        dMeanLongitude
  X:04BFH         SYMBOL        dMeanAnomaly
  X:04C3H         SYMBOL        dOmega
  X:04BBH         SYMBOL        dSin_EclipticLongitude
  X:04BBH         SYMBOL        dGreenwichMeanSiderealTime
  X:04BFH         SYMBOL        dLocalMeanSiderealTime
  X:04C3H         SYMBOL        dLatitudeInRadians
  X:04C7H         SYMBOL        dHourAngle
  X:04CBH         SYMBOL        dCos_Latitude
  X:04CFH         SYMBOL        dSin_Latitude
  X:04D3H         SYMBOL        dCos_HourAngle
  X:04D7H         SYMBOL        dParallax
  -------         ENDDO         
  -------         DO            
  X:04BBH         SYMBOL        dSin_EclipticLongitude
  X:04BBH         SYMBOL        dGreenwichMeanSiderealTime
  X:04BFH         SYMBOL        dLocalMeanSiderealTime
  X:04C3H         SYMBOL        dLatitudeInRadians
  X:04C7H         SYMBOL        dHourAngle
  X:04CBH         SYMBOL        dCos_Latitude
  X:04CFH         SYMBOL        dSin_Latitude
  X:04D3H         SYMBOL        dCos_HourAngle
  X:04D7H         SYMBOL        dParallax
  -------         ENDDO         
  -------         DO            
  X:04BBH         SYMBOL        dGreenwichMeanSiderealTime
  X:04BFH         SYMBOL        dLocalMeanSiderealTime
  X:04C3H         SYMBOL        dLatitudeInRadians
  X:04C7H         SYMBOL        dHourAngle
  X:04CBH         SYMBOL        dCos_Latitude
  X:04CFH         SYMBOL        dSin_Latitude
  X:04D3H         SYMBOL        dCos_HourAngle
  X:04D7H         SYMBOL        dParallax
  -------         ENDDO         
  -------         ENDDO         
  C:2266H         LINE#         6
  C:2266H         LINE#         7
[...]
  C:4419H         LINE#         153
  C:441BH         LINE#         154
  C:441EH         LINE#         155
  C:4425H         LINE#         157
  -------         ENDPROC       _AT25SF041_WRITE
  -------         PROC          _AT25SF041_READ
  D:0003H         SYMBOL        opcode
  X:062DH         SYMBOL        addr
  -------         DO            
  X:0631H         SYMBOL        dat
  X:0632H         SYMBOL        i
  -------         ENDDO         
  C:4214H         LINE#         159
  C:4216H         LINE#         160
  C:4216H         LINE#         161
  C:421BH         LINE#         163
  C:421DH         LINE#         164
  C:4223H         LINE#         168
  C:4228H         LINE#         169
  C:4228H         LINE#         170
  C:422AH         LINE#         171
  C:422DH         LINE#         172
  C:4231H         LINE#         173
  C:4231H         LINE#         174
  C:4233H         LINE#         175
  C:4235H         LINE#         177
  C:4235H         LINE#         178
  C:4237H         LINE#         180
  C:4237H         LINE#         181
  C:4237H         LINE#         182
  C:4237H         LINE#         183
  C:423AH         LINE#         184
  C:423EH         LINE#         187
  C:425DH         LINE#         189
  C:4264H         LINE#         190
BL51 BANKED LINKER/LOCATER V6.22                                                      03/20/2019  10:55:34  PAGE 47


  C:4264H         LINE#         191
  C:4266H         LINE#         192
  C:4269H         LINE#         193
  C:4285H         LINE#         194
  C:4285H         LINE#         195
  C:4287H         LINE#         196
  C:4289H         LINE#         198
  C:4289H         LINE#         199
  C:428BH         LINE#         201
  C:428BH         LINE#         202
  C:428BH         LINE#         203
  C:428BH         LINE#         204
  C:428EH         LINE#         205
  C:42A7H         LINE#         207
  C:42C6H         LINE#         210
  C:42CDH         LINE#         212
  C:42CFH         LINE#         213
  C:42D6H         LINE#         215
  C:42DDH         LINE#         216
  C:42DDH         LINE#         217
  C:42E4H         LINE#         218
  C:42E4H         LINE#         219
  C:42E7H         LINE#         220
  C:42E9H         LINE#         221
  C:42ECH         LINE#         223
  C:42EFH         LINE#         224
  C:42EFH         LINE#         226
  C:42F3H         LINE#         227
  C:42F3H         LINE#         233
  C:4312H         LINE#         236
  C:4314H         LINE#         237
  C:4317H         LINE#         238
  C:431EH         LINE#         240
  C:4323H         LINE#         242
  -------         ENDPROC       _AT25SF041_READ
  -------         PROC          UCREAD_STATUS_REGISTER_BYTE1
  -------         DO            
  D:0003H         SYMBOL        dat
  D:0001H         SYMBOL        opcode
  X:0474H         SYMBOL        count
  X:0475H         SYMBOL        i
  -------         ENDDO         
  C:47D8H         LINE#         246
  C:47D8H         LINE#         247
  C:47D8H         LINE#         248
  C:47DEH         LINE#         249
  C:47E2H         LINE#         250
  C:47E4H         LINE#         251
  C:47E6H         LINE#         252
  C:47ECH         LINE#         256
  C:47F3H         LINE#         257
  C:47F3H         LINE#         258
  C:47F5H         LINE#         259
  C:47F8H         LINE#         260
  C:47FCH         LINE#         261
  C:47FCH         LINE#         262
  C:47FEH         LINE#         263
BL51 BANKED LINKER/LOCATER V6.22                                                      03/20/2019  10:55:34  PAGE 48


  C:4800H         LINE#         265
  C:4800H         LINE#         266
  C:4802H         LINE#         268
  C:4802H         LINE#         269
  C:4802H         LINE#         270
  C:4802H         LINE#         271
  C:4805H         LINE#         272
  C:4809H         LINE#         275
  C:4828H         LINE#         279
  C:482FH         LINE#         281
  C:4831H         LINE#         282
  C:4838H         LINE#         283
  C:483FH         LINE#         284
  C:483FH         LINE#         285
  C:4843H         LINE#         286
  C:4843H         LINE#         287
  C:4846H         LINE#         288
  C:4848H         LINE#         289
  C:484BH         LINE#         291
  C:484EH         LINE#         292
  C:484EH         LINE#         294
  C:4852H         LINE#         295
  C:4852H         LINE#         297
  C:4871H         LINE#         301
  C:4873H         LINE#         302
  C:4876H         LINE#         303
  C:4878H         LINE#         304
  -------         ENDPROC       UCREAD_STATUS_REGISTER_BYTE1
  -------         PROC          SPI_NOR_WRITE_DATA
  X:03BBH         SYMBOL        dat
  X:03C6H         SYMBOL        addr
  C:3C7FH         LINE#         306
  C:3C7FH         LINE#         307
  C:3C7FH         LINE#         309
  C:3C82H         LINE#         311
  C:3C9CH         LINE#         312
  C:3CBAH         LINE#         314
  C:3CC1H         LINE#         315
  C:3CC4H         LINE#         317
  C:3CDEH         LINE#         318
  C:3CDEH         LINE#         319
  C:3CDEH         LINE#         322
  C:3CE1H         LINE#         324
  C:3CFBH         LINE#         325
  C:3CFBH         LINE#         326
  C:3CFBH         LINE#         328
  C:3CFEH         LINE#         330
  C:3D18H         LINE#         331
  C:3D18H         LINE#         332
  C:3D18H         LINE#         334
  C:3D1BH         LINE#         336
  C:3D35H         LINE#         337
  C:3D35H         LINE#         338
  C:3D35H         LINE#         340
  C:3D38H         LINE#         342
  C:3D52H         LINE#         343
  C:3D52H         LINE#         344
BL51 BANKED LINKER/LOCATER V6.22                                                      03/20/2019  10:55:34  PAGE 49


  C:3D52H         LINE#         346
  C:3D55H         LINE#         348
  C:3D6FH         LINE#         349
  C:3D6FH         LINE#         350
  C:3D6FH         LINE#         352
  C:3D72H         LINE#         354
  C:3D8CH         LINE#         355
  C:3D8CH         LINE#         356
  C:3D8CH         LINE#         358
  C:3D8FH         LINE#         360
  C:3DA9H         LINE#         361
  C:3DA9H         LINE#         362
  C:3DA9H         LINE#         364
  C:3DACH         LINE#         366
  C:3DC6H         LINE#         367
  C:3DC6H         LINE#         368
  C:3DC6H         LINE#         370
  C:3DC9H         LINE#         372
  C:3DE3H         LINE#         373
  C:3DEAH         LINE#         374
  -------         ENDPROC       SPI_NOR_WRITE_DATA
  -------         ENDMOD        AT25SF041

  -------         MODULE        ?C_STARTUP
  C:49B2H         SEGMENT       ?C_C51STARTUP
  I:0022H         SEGMENT       ?STACK
  C:0000H         PUBLIC        ?C_STARTUP
  D:00E0H         SYMBOL        ACC
  D:00F0H         SYMBOL        B
  D:0083H         SYMBOL        DPH
  D:0082H         SYMBOL        DPL
  N:0000H         SYMBOL        IBPSTACK
  N:0100H         SYMBOL        IBPSTACKTOP
  N:0080H         SYMBOL        IDATALEN
  C:49B5H         SYMBOL        IDATALOOP
  N:0000H         SYMBOL        PBPSTACK
  N:0100H         SYMBOL        PBPSTACKTOP
  N:0000H         SYMBOL        PDATALEN
  N:0000H         SYMBOL        PDATASTART
  N:0000H         SYMBOL        PPAGE
  N:0000H         SYMBOL        PPAGEENABLE
  D:00A0H         SYMBOL        PPAGE_SFR
  D:0081H         SYMBOL        SP
  C:49B2H         SYMBOL        STARTUP1
  N:0000H         SYMBOL        XBPSTACK
  N:0000H         SYMBOL        XBPSTACKTOP
  N:0000H         SYMBOL        XDATALEN
  N:0000H         SYMBOL        XDATASTART
  C:0000H         LINE#         126
  C:49B2H         LINE#         133
  C:49B4H         LINE#         134
  C:49B5H         LINE#         135
  C:49B6H         LINE#         136
  C:49B8H         LINE#         185
  C:49BBH         LINE#         196
  -------         ENDMOD        ?C_STARTUP

BL51 BANKED LINKER/LOCATER V6.22                                                      03/20/2019  10:55:34  PAGE 50


  -------         MODULE        ?C?FPADD
  C:18B7H         PUBLIC        ?C?FPADD
  C:18B3H         PUBLIC        ?C?FPSUB
  -------         ENDMOD        ?C?FPADD

  -------         MODULE        ?C?FPMUL
  C:19A8H         PUBLIC        ?C?FPMUL
  -------         ENDMOD        ?C?FPMUL

  -------         MODULE        ?C?FPDIV
  C:1AB1H         PUBLIC        ?C?FPDIV
  -------         ENDMOD        ?C?FPDIV

  -------         MODULE        ?C?FPCMP
  C:1B50H         PUBLIC        ?C?FPCMP
  C:1B4EH         PUBLIC        ?C?FPCMP3
  -------         ENDMOD        ?C?FPCMP

  -------         MODULE        ?C?FPNEG
  C:1BC7H         PUBLIC        ?C?FPNEG
  -------         ENDMOD        ?C?FPNEG

  -------         MODULE        ?C?FCAST
  C:1BE2H         PUBLIC        ?C?FCASTC
  C:1BDDH         PUBLIC        ?C?FCASTI
  C:1BD8H         PUBLIC        ?C?FCASTL
  -------         ENDMOD        ?C?FCAST

  -------         MODULE        ?C?CASTF
  C:1C16H         PUBLIC        ?C?CASTF
  -------         ENDMOD        ?C?CASTF

  -------         MODULE        ATAN2
  X:04DBH         PUBLIC        ?_atan2?BYTE
  C:4879H         PUBLIC        _atan2
  -------         ENDMOD        ATAN2

  -------         MODULE        SIN
  C:3E50H         PUBLIC        _COS
  C:3E66H         PUBLIC        _SIN
  C:3EA2H         PUBLIC        _TAN
  -------         ENDMOD        SIN

  -------         MODULE        ACOS
  C:4D19H         PUBLIC        _ACOS
  -------         ENDMOD        ACOS

  -------         MODULE        ASIN
  C:4E27H         PUBLIC        _ASIN
  -------         ENDMOD        ASIN

  -------         MODULE        SQRT
  C:4730H         PUBLIC        _SQRT
  -------         ENDMOD        SQRT

  -------         MODULE        ATAN
  C:4112H         PUBLIC        _ATAN
BL51 BANKED LINKER/LOCATER V6.22                                                      03/20/2019  10:55:34  PAGE 51


  -------         ENDMOD        ATAN

  -------         MODULE        ?C?COPY
  C:1DB4H         PUBLIC        ?C?COPY
  -------         ENDMOD        ?C?COPY

  -------         MODULE        ?C?CLDPTR
  C:1DDAH         PUBLIC        ?C?CLDPTR
  -------         ENDMOD        ?C?CLDPTR

  -------         MODULE        ?C?CLDOPTR
  C:1DF3H         PUBLIC        ?C?CLDOPTR
  -------         ENDMOD        ?C?CLDOPTR

  -------         MODULE        ?C?CSTPTR
  C:1E20H         PUBLIC        ?C?CSTPTR
  -------         ENDMOD        ?C?CSTPTR

  -------         MODULE        ?C?IMUL
  C:1E32H         PUBLIC        ?C?IMUL
  -------         ENDMOD        ?C?IMUL

  -------         MODULE        ?C?UIDIV
  C:1E44H         PUBLIC        ?C?UIDIV
  -------         ENDMOD        ?C?UIDIV

  -------         MODULE        ?C?SIDIV
  C:1E99H         PUBLIC        ?C?SIDIV
  -------         ENDMOD        ?C?SIDIV

  -------         MODULE        ?C?ILDIX
  C:1ECFH         PUBLIC        ?C?ILDIX
  -------         ENDMOD        ?C?ILDIX

  -------         MODULE        ?C?ILDOPTR
  C:1EE5H         PUBLIC        ?C?ILDOPTR
  -------         ENDMOD        ?C?ILDOPTR

  -------         MODULE        ?C?ISTPTR
  C:1F1DH         PUBLIC        ?C?ISTPTR
  -------         ENDMOD        ?C?ISTPTR

  -------         MODULE        ?C?LMUL
  C:1F3CH         PUBLIC        ?C?LMUL
  -------         ENDMOD        ?C?LMUL

  -------         MODULE        ?C?SLDIV
  C:4D63H         PUBLIC        ?C?SLDIV
  -------         ENDMOD        ?C?SLDIV

  -------         MODULE        ?C?LNEG
  C:1F8BH         PUBLIC        ?C?LNEG
  -------         ENDMOD        ?C?LNEG

  -------         MODULE        ?C?ULCMP
  C:1F99H         PUBLIC        ?C?ULCMP
  -------         ENDMOD        ?C?ULCMP
BL51 BANKED LINKER/LOCATER V6.22                                                      03/20/2019  10:55:34  PAGE 52



  -------         MODULE        ?C?LSHL
  C:1FAAH         PUBLIC        ?C?LSHL
  -------         ENDMOD        ?C?LSHL

  -------         MODULE        ?C?LLDPTR
  C:1FBDH         PUBLIC        ?C?LLDPTR
  -------         ENDMOD        ?C?LLDPTR

  -------         MODULE        ?C?LLDOPTR
  C:1FDDH         PUBLIC        ?C?LLDOPTR
  -------         ENDMOD        ?C?LLDOPTR

  -------         MODULE        ?C?LSTPTR
  C:200DH         PUBLIC        ?C?LSTPTR
  -------         ENDMOD        ?C?LSTPTR

  -------         MODULE        ?C?LSTOPTR
  C:2027H         PUBLIC        ?C?LSTOPTR
  -------         ENDMOD        ?C?LSTOPTR

  -------         MODULE        ?C?LLDXDATA
  C:204BH         PUBLIC        ?C?LLDXDATA
  -------         ENDMOD        ?C?LLDXDATA

  -------         MODULE        ?C?LLDCODE
  C:2057H         PUBLIC        ?C?LLDCODE
  -------         ENDMOD        ?C?LLDCODE

  -------         MODULE        ?C?LLDXDATA0
  C:2067H         PUBLIC        ?C?LLDXDATA0
  -------         ENDMOD        ?C?LLDXDATA0

  -------         MODULE        ?C?LLDCODE0
  C:2073H         PUBLIC        ?C?LLDCODE0
  -------         ENDMOD        ?C?LLDCODE0

  -------         MODULE        ?C?LLDPTR0
  C:2083H         PUBLIC        ?C?LLDPTR0
  -------         ENDMOD        ?C?LLDPTR0

  -------         MODULE        ?C?LSTXDATA
  C:20A3H         PUBLIC        ?C?LSTXDATA
  -------         ENDMOD        ?C?LSTXDATA

  -------         MODULE        ?C?LSTKXDATA
  C:20AFH         PUBLIC        ?C?LSTKXDATA
  -------         ENDMOD        ?C?LSTKXDATA

  -------         MODULE        ?C?LSTKPTR
  C:20E0H         PUBLIC        ?C?LSTKPTR
  -------         ENDMOD        ?C?LSTKPTR

  -------         MODULE        ?C?OFFXADD
  C:20FAH         PUBLIC        ?C?OFFXADD
  -------         ENDMOD        ?C?OFFXADD

BL51 BANKED LINKER/LOCATER V6.22                                                      03/20/2019  10:55:34  PAGE 53


  -------         MODULE        ATOI
  C:4426H         PUBLIC        _atoi
  -------         ENDMOD        ATOI

  -------         MODULE        ?C?IILDX
  C:2106H         PUBLIC        ?C?IILDX
  -------         ENDMOD        ?C?IILDX

  -------         MODULE        ?C?ULDIV
  C:2158H         PUBLIC        ?C?ULDIV
  -------         ENDMOD        ?C?ULDIV

  -------         MODULE        ?C?LLDIDATA
  C:21EAH         PUBLIC        ?C?LLDIDATA
  -------         ENDMOD        ?C?LLDIDATA

  -------         MODULE        ?C?LLDPDATA
  C:21F6H         PUBLIC        ?C?LLDPDATA
  -------         ENDMOD        ?C?LLDPDATA

  -------         MODULE        ?C?LLDIDATA0
  C:2202H         PUBLIC        ?C?LLDIDATA0
  -------         ENDMOD        ?C?LLDIDATA0

  -------         MODULE        ?C?LLDPDATA0
  C:220FH         PUBLIC        ?C?LLDPDATA0
  -------         ENDMOD        ?C?LLDPDATA0

  -------         MODULE        ?C?LSTIDATA
  C:221CH         PUBLIC        ?C?LSTIDATA
  -------         ENDMOD        ?C?LSTIDATA

  -------         MODULE        ?C?LSTPDATA
  C:2228H         PUBLIC        ?C?LSTPDATA
  -------         ENDMOD        ?C?LSTPDATA

  -------         MODULE        ?C?LSTKIDATA
  C:2234H         PUBLIC        ?C?LSTKIDATA
  -------         ENDMOD        ?C?LSTKIDATA

  -------         MODULE        ?C?LSTKPDATA
  C:224DH         PUBLIC        ?C?LSTKPDATA
  -------         ENDMOD        ?C?LSTKPDATA

  -------         MODULE        ISDIGIT
  C:513BH         PUBLIC        _isdigit
  -------         ENDMOD        ISDIGIT

  -------         MODULE        ISSPACE
  C:50D6H         PUBLIC        _isspace
  -------         ENDMOD        ISSPACE

*** WARNING L16: UNCALLED SEGMENT, IGNORED FOR OVERLAY PROCESS
    SEGMENT: ?PR?_DAY_OF_YEAR?PCF85063BTL

*** WARNING L16: UNCALLED SEGMENT, IGNORED FOR OVERLAY PROCESS
    SEGMENT: ?PR?INITUART1?UART1
BL51 BANKED LINKER/LOCATER V6.22                                                      03/20/2019  10:55:34  PAGE 54



*** WARNING L16: UNCALLED SEGMENT, IGNORED FOR OVERLAY PROCESS
    SEGMENT: ?PR?_SENDSTRING?UART1

*** WARNING L16: UNCALLED SEGMENT, IGNORED FOR OVERLAY PROCESS
    SEGMENT: ?PR?_TEN?UART1

*** WARNING L16: UNCALLED SEGMENT, IGNORED FOR OVERLAY PROCESS
    SEGMENT: ?PR?_UNIT?UART1

*** WARNING L16: UNCALLED SEGMENT, IGNORED FOR OVERLAY PROCESS
    SEGMENT: ?PR?_DECTOBCD?UART1

*** WARNING L16: UNCALLED SEGMENT, IGNORED FOR OVERLAY PROCESS
    SEGMENT: ?PR?_ASCII_LETTER?UART1

*** WARNING L16: UNCALLED SEGMENT, IGNORED FOR OVERLAY PROCESS
    SEGMENT: ?PR?_ASCIITOBCD?UART1

*** WARNING L16: UNCALLED SEGMENT, IGNORED FOR OVERLAY PROCESS
    SEGMENT: ?PR?WAIT?BIPOLARMOTOR

*** WARNING L16: UNCALLED SEGMENT, IGNORED FOR OVERLAY PROCESS
    SEGMENT: ?PR?_FINDDET4X4?BIPOLARMOTOR

*** WARNING L16: UNCALLED SEGMENT, IGNORED FOR OVERLAY PROCESS
    SEGMENT: ?PR?NOP?IOEXPANDER_PI4IOE5V96248

*** WARNING L16: UNCALLED SEGMENT, IGNORED FOR OVERLAY PROCESS
    SEGMENT: ?PR?UC_ACK?IOEXPANDER_PI4IOE5V96248

*** WARNING L16: UNCALLED SEGMENT, IGNORED FOR OVERLAY PROCESS
    SEGMENT: ?PR?UC_NACK?IOEXPANDER_PI4IOE5V96248

*** WARNING L16: UNCALLED SEGMENT, IGNORED FOR OVERLAY PROCESS
    SEGMENT: ?PR?_AT25SF041_READ?AT25SF041

*** WARNING L1: UNRESOLVED EXTERNAL SYMBOL
    SYMBOL:  AUTO_MODE
    MODULE:  .\Obj\main.obj (MAIN)

*** WARNING L1: UNRESOLVED EXTERNAL SYMBOL
    SYMBOL:  SPI_NOR_CLEARENABLE
    MODULE:  .\Obj\main.obj (MAIN)

*** WARNING L2: REFERENCE MADE TO UNRESOLVED EXTERNAL
    SYMBOL:  AUTO_MODE
    MODULE:  .\Obj\main.obj (MAIN)
    ADDRESS: 003BH

*** WARNING L2: REFERENCE MADE TO UNRESOLVED EXTERNAL
    SYMBOL:  SPI_NOR_CLEARENABLE
    MODULE:  .\Obj\main.obj (MAIN)
    ADDRESS: 0041H

*** WARNING L2: REFERENCE MADE TO UNRESOLVED EXTERNAL
    SYMBOL:  AUTO_MODE
BL51 BANKED LINKER/LOCATER V6.22                                                      03/20/2019  10:55:34  PAGE 55


    MODULE:  .\Obj\main.obj (MAIN)
    ADDRESS: 01B4H

*** WARNING L2: REFERENCE MADE TO UNRESOLVED EXTERNAL
    SYMBOL:  AUTO_MODE
    MODULE:  .\Obj\main.obj (MAIN)
    ADDRESS: 01C2H

*** WARNING L2: REFERENCE MADE TO UNRESOLVED EXTERNAL
    SYMBOL:  AUTO_MODE
    MODULE:  .\Obj\main.obj (MAIN)
    ADDRESS: 01D4H

*** WARNING L2: REFERENCE MADE TO UNRESOLVED EXTERNAL
    SYMBOL:  AUTO_MODE
    MODULE:  .\Obj\main.obj (MAIN)
    ADDRESS: 0216H

*** WARNING L2: REFERENCE MADE TO UNRESOLVED EXTERNAL
    SYMBOL:  AUTO_MODE
    MODULE:  .\Obj\main.obj (MAIN)
    ADDRESS: 02E9H

*** WARNING L2: REFERENCE MADE TO UNRESOLVED EXTERNAL
    SYMBOL:  SPI_NOR_CLEARENABLE
    MODULE:  .\Obj\main.obj (MAIN)
    ADDRESS: 0D1BH

*** WARNING L2: REFERENCE MADE TO UNRESOLVED EXTERNAL
    SYMBOL:  SPI_NOR_CLEARENABLE
    MODULE:  .\Obj\main.obj (MAIN)
    ADDRESS: 0D84H

*** WARNING L1: UNRESOLVED EXTERNAL SYMBOL
    SYMBOL:  _SENDUART1
    MODULE:  .\Obj\UART1.obj (UART1)

*** WARNING L2: REFERENCE MADE TO UNRESOLVED EXTERNAL
    SYMBOL:  _SENDUART1
    MODULE:  .\Obj\UART1.obj (UART1)
    ADDRESS: 4E90H

*** WARNING L1: UNRESOLVED EXTERNAL SYMBOL
    SYMBOL:  AUTO_MODE
    MODULE:  .\Obj\KeyPad.obj (KEYPAD)

*** WARNING L1: UNRESOLVED EXTERNAL SYMBOL
    SYMBOL:  SPI_NOR_CLEARENABLE
    MODULE:  .\Obj\KeyPad.obj (KEYPAD)

*** WARNING L2: REFERENCE MADE TO UNRESOLVED EXTERNAL
    SYMBOL:  AUTO_MODE
    MODULE:  .\Obj\KeyPad.obj (KEYPAD)
    ADDRESS: 3236H

*** WARNING L2: REFERENCE MADE TO UNRESOLVED EXTERNAL
    SYMBOL:  AUTO_MODE
BL51 BANKED LINKER/LOCATER V6.22                                                      03/20/2019  10:55:34  PAGE 56


    MODULE:  .\Obj\KeyPad.obj (KEYPAD)
    ADDRESS: 3241H

*** WARNING L2: REFERENCE MADE TO UNRESOLVED EXTERNAL
    SYMBOL:  AUTO_MODE
    MODULE:  .\Obj\KeyPad.obj (KEYPAD)
    ADDRESS: 3248H

*** WARNING L2: REFERENCE MADE TO UNRESOLVED EXTERNAL
    SYMBOL:  SPI_NOR_CLEARENABLE
    MODULE:  .\Obj\KeyPad.obj (KEYPAD)
    ADDRESS: 341CH

*** WARNING L2: REFERENCE MADE TO UNRESOLVED EXTERNAL
    SYMBOL:  SPI_NOR_CLEARENABLE
    MODULE:  .\Obj\KeyPad.obj (KEYPAD)
    ADDRESS: 3421H

Program Size: data=10.2 xdata=1598 code=20873
LINK/LOCATE RUN COMPLETE.  34 WARNING(S),  0 ERROR(S)
