BL51 BANKED LINKER/LOCATER V6.22                                                        01/21/2019  11:57:40  PAGE 1


BL51 BANKED LINKER/LOCATER V6.22, INVOKED BY:
C:\KEIL_V5\C51\BIN\BL51.EXE .\Obj\main.obj, .\Obj\PCF85063BTL.obj, .\Obj\UART1.obj, .\Obj\LCd_Driver_SPLC780D.obj, .\Obj
>> \KeyPad.obj, .\Obj\BipolarMotor.obj, .\Obj\SunPos.obj, .\Obj\ADC.obj, .\Obj\Calibration.obj, .\Obj\IOExpander_PI4IOE5
>> V96248.obj, .\Obj\STARTUP.obj TO .\Obj\GPIO_RTC_Test PRINT (.\Lis\GPIO_RTC_Test.m51) RAMSIZE (256)


MEMORY MODEL: LARGE WITH FLOATING POINT ARITHMETIC


INPUT MODULES INCLUDED:
  .\Obj\main.obj (MAIN)
  .\Obj\PCF85063BTL.obj (PCF85063BTL)
  .\Obj\UART1.obj (UART1)
  .\Obj\LCd_Driver_SPLC780D.obj (LCD_DRIVER_SPLC780D)
  .\Obj\KeyPad.obj (KEYPAD)
  .\Obj\BipolarMotor.obj (BIPOLARMOTOR)
  .\Obj\SunPos.obj (SUNPOS)
  .\Obj\ADC.obj (ADC)
  .\Obj\Calibration.obj (CALIBRATION)
  .\Obj\IOExpander_PI4IOE5V96248.obj (IOEXPANDER_PI4IOE5V96248)
  .\Obj\STARTUP.obj (?C_STARTUP)
  C:\KEIL_V5\C51\LIB\C51FPL.LIB (?C?FPADD)
  C:\KEIL_V5\C51\LIB\C51FPL.LIB (?C?FPMUL)
  C:\KEIL_V5\C51\LIB\C51FPL.LIB (?C?FPDIV)
  C:\KEIL_V5\C51\LIB\C51FPL.LIB (?C?FPCMP)
  C:\KEIL_V5\C51\LIB\C51FPL.LIB (?C?FPNEG)
  C:\KEIL_V5\C51\LIB\C51FPL.LIB (?C?FCAST)
  C:\KEIL_V5\C51\LIB\C51FPL.LIB (?C?CASTF)
  C:\KEIL_V5\C51\LIB\C51FPL.LIB (ATAN2)
  C:\KEIL_V5\C51\LIB\C51FPL.LIB (SIN)
  C:\KEIL_V5\C51\LIB\C51FPL.LIB (ACOS)
  C:\KEIL_V5\C51\LIB\C51FPL.LIB (ASIN)
  C:\KEIL_V5\C51\LIB\C51FPL.LIB (?C?FPGETOPN)
  C:\KEIL_V5\C51\LIB\C51FPL.LIB (?C?FPSERIES)
  C:\KEIL_V5\C51\LIB\C51FPL.LIB (SQRT)
  C:\KEIL_V5\C51\LIB\C51FPL.LIB (ATAN)
  C:\KEIL_V5\C51\LIB\C51L.LIB (?C_INIT)
  C:\KEIL_V5\C51\LIB\C51L.LIB (?C?COPY)
  C:\KEIL_V5\C51\LIB\C51L.LIB (?C?CLDPTR)
  C:\KEIL_V5\C51\LIB\C51L.LIB (?C?CLDOPTR)
  C:\KEIL_V5\C51\LIB\C51L.LIB (?C?CSTPTR)
  C:\KEIL_V5\C51\LIB\C51L.LIB (?C?IMUL)
  C:\KEIL_V5\C51\LIB\C51L.LIB (?C?UIDIV)
  C:\KEIL_V5\C51\LIB\C51L.LIB (?C?SIDIV)
  C:\KEIL_V5\C51\LIB\C51L.LIB (?C?ILDIX)
  C:\KEIL_V5\C51\LIB\C51L.LIB (?C?ILDOPTR)
  C:\KEIL_V5\C51\LIB\C51L.LIB (?C?LMUL)
  C:\KEIL_V5\C51\LIB\C51L.LIB (?C?SLDIV)
  C:\KEIL_V5\C51\LIB\C51L.LIB (?C?LNEG)
  C:\KEIL_V5\C51\LIB\C51L.LIB (?C?LLDPTR)
  C:\KEIL_V5\C51\LIB\C51L.LIB (?C?LLDOPTR)
  C:\KEIL_V5\C51\LIB\C51L.LIB (?C?LSTPTR)
  C:\KEIL_V5\C51\LIB\C51L.LIB (?C?LSTOPTR)
  C:\KEIL_V5\C51\LIB\C51L.LIB (?C?LLDXDATA)
  C:\KEIL_V5\C51\LIB\C51L.LIB (?C?LLDCODE)
  C:\KEIL_V5\C51\LIB\C51L.LIB (?C?LLDXDATA0)
  C:\KEIL_V5\C51\LIB\C51L.LIB (?C?LLDCODE0)
  C:\KEIL_V5\C51\LIB\C51L.LIB (?C?LLDPTR0)
BL51 BANKED LINKER/LOCATER V6.22                                                      01/21/2019  11:57:40  PAGE 2


  C:\KEIL_V5\C51\LIB\C51L.LIB (?C?LSTXDATA)
  C:\KEIL_V5\C51\LIB\C51L.LIB (?C?LSTKXDATA)
  C:\KEIL_V5\C51\LIB\C51L.LIB (?C?OFFXADD)
  C:\KEIL_V5\C51\LIB\C51L.LIB (ABS)
  C:\KEIL_V5\C51\LIB\C51L.LIB (ATOI)
  C:\KEIL_V5\C51\LIB\C51L.LIB (?C?IILDX)
  C:\KEIL_V5\C51\LIB\C51L.LIB (?C?ULDIV)
  C:\KEIL_V5\C51\LIB\C51L.LIB (?C?LLDIDATA)
  C:\KEIL_V5\C51\LIB\C51L.LIB (?C?LLDPDATA)
  C:\KEIL_V5\C51\LIB\C51L.LIB (?C?LLDIDATA0)
  C:\KEIL_V5\C51\LIB\C51L.LIB (?C?LLDPDATA0)
  C:\KEIL_V5\C51\LIB\C51L.LIB (?C?LSTIDATA)
  C:\KEIL_V5\C51\LIB\C51L.LIB (?C?LSTPDATA)
  C:\KEIL_V5\C51\LIB\C51L.LIB (ISDIGIT)
  C:\KEIL_V5\C51\LIB\C51L.LIB (ISSPACE)


LINK MAP OF MODULE:  .\Obj\GPIO_RTC_Test (MAIN)


            TYPE    BASE      LENGTH    RELOCATION   SEGMENT NAME
            -----------------------------------------------------

            * * * * * * *   D A T A   M E M O R Y   * * * * * * *
            REG     0000H     0008H     ABSOLUTE     "REG BANK 0"
            REG     0008H     0008H     ABSOLUTE     "REG BANK 1"
                    0010H     0010H                  *** GAP ***
            BIT     0020H.0   0000H.5   UNIT         ?BI?KEYPAD
            BIT     0020H.5   0000H.4   UNIT         _BIT_GROUP_
            BIT     0021H.1   0000H.1   UNIT         ?BI?MAIN
                    0021H.2   0000H.6                *** GAP ***
            IDATA   0022H     0001H     UNIT         ?STACK

            * * * * * * *  X D A T A   M E M O R Y  * * * * * * *
            XDATA   0000H     02C7H     UNIT         ?XD?BIPOLARMOTOR
            XDATA   02C7H     0113H     UNIT         _XDATA_GROUP_
            XDATA   03DAH     00EDH     UNIT         ?XD?MAIN
            XDATA   04C7H     0040H     UNIT         ?XD?_FINDDET4X4?BIPOLARMOTOR
            XDATA   0507H     0024H     UNIT         ?XD?_FINDDET3X3?BIPOLARMOTOR
            XDATA   052BH     001EH     UNIT         ?XD?_CALIB_INTERPOLATE?MAIN
            XDATA   0549H     0009H     UNIT         ?XD?KEYPAD
            XDATA   0552H     0004H     UNIT         ?XD?_DISPLAY_PROX?MAIN
            XDATA   0556H     0003H     UNIT         ?XD?_SENDSTRING?UART1
            XDATA   0559H     0001H     UNIT         ?XD?UC_ACK?IOEXPANDER_PI4IOE5V96248
            XDATA   055AH     0001H     UNIT         ?XD?UC_NACK?IOEXPANDER_PI4IOE5V96248

            * * * * * * *   C O D E   M E M O R Y   * * * * * * *
            CODE    0000H     0003H     ABSOLUTE     
            CODE    0003H     0006H     UNIT         ?PR?_TEN?UART1
            CODE    0009H     0001H     UNIT         ?PR?_DECTOBCD?UART1
            CODE    000AH     0001H     UNIT         ?PR?WAIT?BIPOLARMOTOR
            CODE    000BH     0003H     ABSOLUTE     
            CODE    000EH     0015H     UNIT         ?PR?_DISPLAY_LINE?LCD_DRIVER_SPLC780D
            CODE    0023H     0003H     ABSOLUTE     
            CODE    0026H     0927H     UNIT         ?C?LIB_CODE
            CODE    094DH     07A2H     UNIT         ?PR?SUNPOS?SUNPOS
            CODE    10EFH     06E5H     UNIT         ?PR?_UPDATE_POSITION?BIPOLARMOTOR
BL51 BANKED LINKER/LOCATER V6.22                                                      01/21/2019  11:57:40  PAGE 3


            CODE    17D4H     03B2H     UNIT         ?PR?MAIN?MAIN
            CODE    1B86H     032AH     UNIT         ?C_INITSEG
            CODE    1EB0H     02C0H     UNIT         ?PR?_FINDDET4X4?BIPOLARMOTOR
            CODE    2170H     02A0H     UNIT         ?PR?KEY_PROCESS?KEYPAD
            CODE    2410H     01D1H     UNIT         ?PR?_FINDDET3X3?BIPOLARMOTOR
            CODE    25E1H     01B5H     UNIT         ?PR?_DISPLAY_POS?MAIN
            CODE    2796H     01A1H     UNIT         ?PR?_CALIB_INTERPOLATE?MAIN
            CODE    2937H     018DH     UNIT         ?PR?KEY_SCAN?KEYPAD
            CODE    2AC4H     0188H     UNIT         ?PR?SIN?SIN
            CODE    2C4CH     013EH     UNIT         ?PR?_FIND_REAL_MAX?CALIBRATION
            CODE    2D8AH     0122H     UNIT         ?PR?ATAN?ATAN
            CODE    2EACH     00DBH     UNIT         ?PR?_ATOI?ATOI
            CODE    2F87H     00C8H     UNIT         ?PR?_CALIBRATION?CALIBRATION
            CODE    304FH     00BBH     UNIT         ?PR?VOLTAGE_IS_STABLE?CALIBRATION
            CODE    310AH     00B1H     UNIT         ?PR?LINEAR_INTERPOLATE?BIPOLARMOTOR
            CODE    31BBH     00ADH     UNIT         ?PR?_WRITE_PI4IOE5V96248?IOEXPANDER_PI4IOE5V96248
            CODE    3268H     00ACH     UNIT         ?PR?SQRT?SQRT
            CODE    3314H     009DH     UNIT         ?PR?_ATAN2?ATAN2
            CODE    33B1H     009BH     UNIT         ?PR?UART?MAIN
            CODE    344CH     0095H     UNIT         ?PR?_DISPLAY_PROX?MAIN
            CODE    34E1H     0093H     UNIT         ?PR?_MAX_VALUE?CALIBRATION
            CODE    3574H     008CH     UNIT         ?C_C51STARTUP
            CODE    3600H     0084H     UNIT         ?PR?_DAY_OF_YEAR?PCF85063BTL
            CODE    3684H     0075H     UNIT         ?PR?_WRITEDATA?LCD_DRIVER_SPLC780D
            CODE    36F9H     006FH     UNIT         ?PR?_READ_TIME?PCF85063BTL
            CODE    3768H     0059H     UNIT         ?PR?LCD_INIT?LCD_DRIVER_SPLC780D
            CODE    37C1H     004AH     UNIT         ?PR?VONESTEPMOVE?BIPOLARMOTOR
            CODE    380BH     004AH     UNIT         ?PR?ACOS?ACOS
            CODE    3855H     0044H     UNIT         ?C?LDIV
            CODE    3899H     0040H     UNIT         ?PR?_COMMAND?LCD_DRIVER_SPLC780D
            CODE    38D9H     0040H     UNIT         ?PR?_STEP_MOVE?BIPOLARMOTOR
            CODE    3919H     003BH     UNIT         ?PR?ASIN?ASIN
            CODE    3954H     0033H     UNIT         ?PR?_SENDSTRING?UART1
            CODE    3987H     002BH     UNIT         ?PR?_WAIT_MS_I2C?IOEXPANDER_PI4IOE5V96248
            CODE    39B2H     0028H     UNIT         ?PR?_MOVE?BIPOLARMOTOR
            CODE    39DAH     0027H     UNIT         ?PR?_I2C_SENDBYTE?IOEXPANDER_PI4IOE5V96248
            CODE    3A01H     0026H     UNIT         ?PR?_ADC_GETRESULT?ADC
            CODE    3A27H     0024H     UNIT         ?PR?_WAIT_MS?LCD_DRIVER_SPLC780D
            CODE    3A4BH     0020H     UNIT         ?PR?_SPI_SENDBYTE?PCF85063BTL
            CODE    3A6BH     0020H     UNIT         ?PR?SPI_RECEIVEBYTE?PCF85063BTL
            CODE    3A8BH     001EH     UNIT         ?PR?_DELAY_MS?KEYPAD
            CODE    3AA9H     001DH     UNIT         ?PR?_DISPLAYLCD?LCD_DRIVER_SPLC780D
            CODE    3AC6H     001DH     UNIT         ?PR?ADC_INIT?ADC
            CODE    3AE3H     001BH     UNIT         ?PR?TM0_ISR?MAIN
            CODE    3AFEH     001BH     UNIT         ?PR?_BCDTODEC1?BIPOLARMOTOR
            CODE    3B19H     0018H     UNIT         ?PR?_SPI_WRITETIME?PCF85063BTL
            CODE    3B31H     0017H     UNIT         ?PR?_ASCIITOBCD?UART1
            CODE    3B48H     0016H     UNIT         ?PR?I2C_ACK?IOEXPANDER_PI4IOE5V96248
            CODE    3B5EH     0015H     UNIT         ?PR?I2C_STOP?IOEXPANDER_PI4IOE5V96248
            CODE    3B73H     0014H     UNIT         ?PR?_PCF85063BTL_DELAY?PCF85063BTL
            CODE    3B87H     0014H     UNIT         ?PR?_ISSPACE?ISSPACE
            CODE    3B9BH     0011H     UNIT         ?PR?_SPI_READTIME?PCF85063BTL
            CODE    3BACH     0011H     UNIT         ?PR?_BCDTODEC?PCF85063BTL
            CODE    3BBDH     0011H     UNIT         ?PR?INITUART1?UART1
            CODE    3BCEH     000FH     UNIT         ?PR?I2C_START?IOEXPANDER_PI4IOE5V96248
            CODE    3BDDH     000FH     UNIT         ?PR?UC_NACK?IOEXPANDER_PI4IOE5V96248
            CODE    3BECH     000FH     UNIT         ?PR?_ISDIGIT?ISDIGIT
BL51 BANKED LINKER/LOCATER V6.22                                                      01/21/2019  11:57:40  PAGE 4


            CODE    3BFBH     000DH     UNIT         ?PR?SPI_INIT?PCF85063BTL
            CODE    3C08H     000CH     UNIT         ?PR?KEYPAD_IO_INIT?KEYPAD
            CODE    3C14H     000CH     UNIT         ?PR?_ABS?ABS
            CODE    3C20H     000AH     UNIT         ?PR?LCD_RETURN_HOME?LCD_DRIVER_SPLC780D
            CODE    3C2AH     000AH     UNIT         ?PR?LCD_CLEAR?LCD_DRIVER_SPLC780D
            CODE    3C34H     0009H     UNIT         ?PR?_SENDUART1?MAIN
            CODE    3C3DH     0006H     UNIT         ?PR?UC_ACK?IOEXPANDER_PI4IOE5V96248
            CODE    3C43H     0005H     UNIT         ?PR?_UNIT?UART1
            CODE    3C48H     0005H     UNIT         ?PR?_ASCII_LETTER?UART1
            CODE    3C4DH     0001H     UNIT         ?PR?NOP?IOEXPANDER_PI4IOE5V96248



OVERLAY MAP OF MODULE:   .\Obj\GPIO_RTC_Test (MAIN)


SEGMENT                                             BIT_GROUP          XDATA_GROUP
  +--> CALLED SEGMENT                            START    LENGTH     START    LENGTH
------------------------------------------------------------------------------------
?PR?UART?MAIN                                    -----    -----      -----    -----
  +--> ?PR?_ASCIITOBCD?UART1

?PR?_ASCIITOBCD?UART1                            -----    -----      -----    -----
  +--> ?PR?_ATOI?ATOI

?PR?_ATOI?ATOI                                   0020H.5  0000H.1    02C7H    0005H
  +--> ?PR?_ISSPACE?ISSPACE
  +--> ?PR?_ISDIGIT?ISDIGIT

*** NEW ROOT ***************************************************

?C_C51STARTUP                                    -----    -----      -----    -----
  +--> ?PR?MAIN?MAIN
  +--> ?C_INITSEG

?PR?MAIN?MAIN                                    -----    -----      02CCH    000AH
  +--> ?PR?LCD_INIT?LCD_DRIVER_SPLC780D
  +--> ?PR?SPI_INIT?PCF85063BTL
  +--> ?PR?KEYPAD_IO_INIT?KEYPAD
  +--> ?PR?ADC_INIT?ADC
  +--> ?PR?_DELAY_MS?KEYPAD
  +--> ?PR?_DISPLAY_LINE?LCD_DRIVER_SPLC780D
  +--> ?PR?_WRITEDATA?LCD_DRIVER_SPLC780D
  +--> ?PR?KEY_PROCESS?KEYPAD
  +--> ?PR?_COMMAND?LCD_DRIVER_SPLC780D
  +--> ?PR?_DISPLAY_POS?MAIN
  +--> ?PR?_DISPLAYLCD?LCD_DRIVER_SPLC780D
  +--> ?PR?_STEP_MOVE?BIPOLARMOTOR
  +--> ?PR?LCD_RETURN_HOME?LCD_DRIVER_SPLC780D
  +--> ?PR?_READ_TIME?PCF85063BTL
  +--> ?PR?_UPDATE_POSITION?BIPOLARMOTOR
  +--> ?PR?_DAY_OF_YEAR?PCF85063BTL
  +--> ?PR?_BCDTODEC1?BIPOLARMOTOR
  +--> ?PR?_CALIBRATION?CALIBRATION

?PR?LCD_INIT?LCD_DRIVER_SPLC780D                 -----    -----      -----    -----
  +--> ?PR?_WAIT_MS?LCD_DRIVER_SPLC780D
BL51 BANKED LINKER/LOCATER V6.22                                                      01/21/2019  11:57:40  PAGE 5


  +--> ?PR?_COMMAND?LCD_DRIVER_SPLC780D

?PR?_COMMAND?LCD_DRIVER_SPLC780D                 -----    -----      -----    -----
  +--> ?PR?_WAIT_MS?LCD_DRIVER_SPLC780D

?PR?ADC_INIT?ADC                                 -----    -----      -----    -----
  +--> ?PR?_WAIT_MS?LCD_DRIVER_SPLC780D

?PR?_DISPLAY_LINE?LCD_DRIVER_SPLC780D            -----    -----      -----    -----
  +--> ?PR?_COMMAND?LCD_DRIVER_SPLC780D

?PR?_WRITEDATA?LCD_DRIVER_SPLC780D               -----    -----      02E0H    0001H
  +--> ?PR?_WAIT_MS?LCD_DRIVER_SPLC780D

?PR?KEY_PROCESS?KEYPAD                           -----    -----      02D6H    0006H
  +--> ?PR?KEY_SCAN?KEYPAD
  +--> ?PR?_SPI_WRITETIME?PCF85063BTL
  +--> ?PR?LCD_CLEAR?LCD_DRIVER_SPLC780D
  +--> ?PR?_COMMAND?LCD_DRIVER_SPLC780D
  +--> ?PR?_WRITEDATA?LCD_DRIVER_SPLC780D

?PR?KEY_SCAN?KEYPAD                              -----    -----      02DCH    0003H

?PR?_SPI_WRITETIME?PCF85063BTL                   -----    -----      -----    -----
  +--> ?PR?_SPI_SENDBYTE?PCF85063BTL

?PR?_SPI_SENDBYTE?PCF85063BTL                    -----    -----      -----    -----
  +--> ?PR?_PCF85063BTL_DELAY?PCF85063BTL

?PR?LCD_CLEAR?LCD_DRIVER_SPLC780D                -----    -----      -----    -----
  +--> ?PR?_COMMAND?LCD_DRIVER_SPLC780D

?PR?_DISPLAY_POS?MAIN                            -----    -----      02D6H    000AH
  +--> ?PR?_ABS?ABS
  +--> ?PR?_WRITEDATA?LCD_DRIVER_SPLC780D

?PR?_DISPLAYLCD?LCD_DRIVER_SPLC780D              -----    -----      02D6H    0001H
  +--> ?PR?_WRITEDATA?LCD_DRIVER_SPLC780D

?PR?_STEP_MOVE?BIPOLARMOTOR                      0020H.7  0000H.1    0346H    0004H
  +--> ?PR?VONESTEPMOVE?BIPOLARMOTOR

?PR?VONESTEPMOVE?BIPOLARMOTOR                    0021H.0  0000H.1    -----    -----
  +--> ?PR?_WRITE_PI4IOE5V96248?IOEXPANDER_P...
  +--> ?PR?_DELAY_MS?KEYPAD

?PR?_WRITE_PI4IOE5V96248?IOEXPANDER_P...         -----    -----      034AH    0003H
  +--> ?PR?I2C_START?IOEXPANDER_PI4IOE5V96248
  +--> ?PR?_WAIT_MS_I2C?IOEXPANDER_PI4IOE5V9...
  +--> ?PR?_I2C_SENDBYTE?IOEXPANDER_PI4IOE5V...
  +--> ?PR?I2C_ACK?IOEXPANDER_PI4IOE5V96248
  +--> ?PR?I2C_STOP?IOEXPANDER_PI4IOE5V96248

?PR?I2C_START?IOEXPANDER_PI4IOE5V96248           -----    -----      -----    -----
  +--> ?PR?_WAIT_MS_I2C?IOEXPANDER_PI4IOE5V9...

?PR?_I2C_SENDBYTE?IOEXPANDER_PI4IOE5V...         -----    -----      -----    -----
BL51 BANKED LINKER/LOCATER V6.22                                                      01/21/2019  11:57:40  PAGE 6


  +--> ?PR?_WAIT_MS_I2C?IOEXPANDER_PI4IOE5V9...

?PR?I2C_ACK?IOEXPANDER_PI4IOE5V96248             -----    -----      034DH    0001H
  +--> ?PR?_WAIT_MS_I2C?IOEXPANDER_PI4IOE5V9...

?PR?I2C_STOP?IOEXPANDER_PI4IOE5V96248            -----    -----      -----    -----
  +--> ?PR?_WAIT_MS_I2C?IOEXPANDER_PI4IOE5V9...

?PR?LCD_RETURN_HOME?LCD_DRIVER_SPLC780D          -----    -----      -----    -----
  +--> ?PR?_COMMAND?LCD_DRIVER_SPLC780D

?PR?_READ_TIME?PCF85063BTL                       -----    -----      02D6H    000FH
  +--> ?PR?_SPI_READTIME?PCF85063BTL

?PR?_SPI_READTIME?PCF85063BTL                    -----    -----      -----    -----
  +--> ?PR?_SPI_SENDBYTE?PCF85063BTL
  +--> ?PR?SPI_RECEIVEBYTE?PCF85063BTL

?PR?SPI_RECEIVEBYTE?PCF85063BTL                  -----    -----      -----    -----
  +--> ?PR?_PCF85063BTL_DELAY?PCF85063BTL

?PR?_UPDATE_POSITION?BIPOLARMOTOR                -----    -----      02E6H    008BH
  +--> ?PR?_BCDTODEC1?BIPOLARMOTOR
  +--> ?PR?SUNPOS?SUNPOS
  +--> ?PR?SIN?SIN
  +--> ?PR?ASIN?ASIN
  +--> ?PR?LINEAR_INTERPOLATE?BIPOLARMOTOR

?PR?SUNPOS?SUNPOS                                -----    -----      0371H    005DH
  +--> ?PR?SIN?SIN
  +--> ?PR?_ATAN2?ATAN2
  +--> ?PR?ASIN?ASIN
  +--> ?PR?ACOS?ACOS

?PR?SIN?SIN                                      0020H.6  0000H.1    03CEH    0004H

?PR?_ATAN2?ATAN2                                 -----    -----      03CEH    0008H
  +--> ?PR?ATAN?ATAN

?PR?ATAN?ATAN                                    0020H.6  0000H.2    03D6H    0004H

?PR?ASIN?ASIN                                    -----    -----      -----    -----
  +--> ?PR?SQRT?SQRT
  +--> ?PR?ATAN?ATAN

?PR?SQRT?SQRT                                    -----    -----      03CEH    0004H

?PR?ACOS?ACOS                                    -----    -----      -----    -----
  +--> ?PR?SQRT?SQRT
  +--> ?PR?ATAN?ATAN

?PR?LINEAR_INTERPOLATE?BIPOLARMOTOR              -----    -----      0371H    0014H

?PR?_DAY_OF_YEAR?PCF85063BTL                     -----    -----      -----    -----
  +--> ?PR?_BCDTODEC?PCF85063BTL

?PR?_CALIBRATION?CALIBRATION                     -----    -----      02D6H    0010H
BL51 BANKED LINKER/LOCATER V6.22                                                      01/21/2019  11:57:40  PAGE 7


  +--> ?PR?VOLTAGE_IS_STABLE?CALIBRATION
  +--> ?PR?_UPDATE_POSITION?BIPOLARMOTOR
  +--> ?PR?_FIND_REAL_MAX?CALIBRATION

?PR?VOLTAGE_IS_STABLE?CALIBRATION                -----    -----      02E6H    0018H
  +--> ?PR?_ADC_GETRESULT?ADC
  +--> ?PR?_ABS?ABS

?PR?_FIND_REAL_MAX?CALIBRATION                   -----    -----      02E6H    005CH
  +--> ?PR?_MOVE?BIPOLARMOTOR
  +--> ?PR?_ADC_GETRESULT?ADC
  +--> ?PR?_WAIT_MS?LCD_DRIVER_SPLC780D
  +--> ?PR?_MAX_VALUE?CALIBRATION

?PR?_MOVE?BIPOLARMOTOR                           0020H.6  0000H.1    0342H    0004H
  +--> ?PR?_STEP_MOVE?BIPOLARMOTOR

?PR?_MAX_VALUE?CALIBRATION                       -----    -----      0342H    0004H



UNRESOLVED EXTERNAL SYMBOLS:
   AUTO_MODE



SYMBOL TABLE OF MODULE:  .\Obj\GPIO_RTC_Test (MAIN)

  VALUE           TYPE          NAME
  ----------------------------------

  -------         MODULE        MAIN
  C:0000H         SYMBOL        _ICE_DUMMY_
  X:03E2H         PUBLIC        calib_value
  D:0080H         PUBLIC        P0
  D:00B2H         PUBLIC        P3M0
  D:0090H         PUBLIC        P1
  D:00B1H         PUBLIC        P3M1
  D:00A0H         PUBLIC        P2
  D:00B0H         PUBLIC        P3
  D:00C0H         PUBLIC        P4
  D:00C8H         PUBLIC        P5
  X:0442H         SYMBOL        PressedKey
  B:00A8H.7       PUBLIC        EA
  D:00E8H         PUBLIC        P6
  D:00F8H         PUBLIC        P7
  X:0446H         PUBLIC        RX_Data_Uart_Cnt
  C:2796H         PUBLIC        _calib_interpolate
  D:00A8H         PUBLIC        IE
  X:0448H         PUBLIC        calib_time
  D:00B8H         PUBLIC        IP
  B:0098H.0       PUBLIC        RI
  X:04A8H         PUBLIC        months
  B:0098H.1       PUBLIC        TI
  C:33B1H         PUBLIC        Uart
  D:00D8H         PUBLIC        CCON
  C:17D4H         PUBLIC        main
BL51 BANKED LINKER/LOCATER V6.22                                                      01/21/2019  11:57:40  PAGE 8


  X:04A9H         PUBLIC        count
  D:0099H         PUBLIC        SBUF
  X:04ABH         PUBLIC        days
  X:04ACH         PUBLIC        lcd
  X:04AEH         PUBLIC        hours
  D:0098H         PUBLIC        SCON
  D:0089H         PUBLIC        TMOD
  D:0088H         PUBLIC        TCON
  B:00A0H.3       PUBLIC        P23
  X:04AFH         SYMBOL        KeyCount
  X:04B1H         PUBLIC        mins
  X:04B2H         PUBLIC        Rec_data_hour
  X:04B5H         PUBLIC        Rec_data_min
  D:008EH         PUBLIC        AUXR
  C:3AE3H         PUBLIC        tm0_isr
  B:0021H.1       PUBLIC        busy
  D:00E0H         PUBLIC        ACC
  B:00A8H.1       PUBLIC        ET0
  D:008CH         PUBLIC        TH0
  X:04B8H         PUBLIC        hour_count
  D:008AH         PUBLIC        TL0
  X:04B9H         PUBLIC        min_count
  B:0088H.4       PUBLIC        TR0
  X:04BAH         SYMBOL        KeyNum
  X:04BBH         SYMBOL        KeyNum_Old
  X:04BCH         PUBLIC        current_position
  X:04C0H         PUBLIC        hours1
  X:04C1H         PUBLIC        hours2
  C:344CH         PUBLIC        _Display_Prox
  X:04C2H         PUBLIC        mins1
  X:04C3H         PUBLIC        mins2
  C:25E1H         PUBLIC        _Display_Pos
  X:04C4H         PUBLIC        seconds
  X:04C5H         PUBLIC        st_time
  D:00D0H         PUBLIC        PSW
  C:3C34H         PUBLIC        _SendUART1
  -------         PROC          TM0_ISR
  C:3AE3H         LINE#         85
  C:3AE9H         LINE#         88
  C:3AF7H         LINE#         132
  -------         ENDPROC       TM0_ISR
  -------         PROC          MAIN
  -------         DO            
  X:02CCH         SYMBOL        prox_data
  X:03DAH         SYMBOL        KeyCount
  X:03DCH         SYMBOL        KeyNum_Old
  X:03DDH         SYMBOL        KeyNum
  X:03DEH         SYMBOL        PressedKey
  X:02CEH         SYMBOL        prox_flag
  X:02CFH         SYMBOL        calib_day
  X:02D1H         SYMBOL        numStr
  -------         ENDDO         
  C:17D4H         LINE#         134
  C:17D4H         LINE#         135
  C:17D4H         LINE#         140
  C:17DAH         LINE#         142
  C:17DFH         LINE#         146
BL51 BANKED LINKER/LOCATER V6.22                                                      01/21/2019  11:57:40  PAGE 9


  C:17E1H         LINE#         147
  C:17E3H         LINE#         148
  C:17E5H         LINE#         149
  C:17E7H         LINE#         151
  C:17EDH         LINE#         161
  C:17EFH         LINE#         162
  C:17F2H         LINE#         163
  C:17F5H         LINE#         164
  C:17F8H         LINE#         165
  C:17FBH         LINE#         166
  C:17FEH         LINE#         169
  C:1801H         LINE#         171
  C:1804H         LINE#         172
  C:1807H         LINE#         173
  C:180AH         LINE#         174
  C:180CH         LINE#         175
  C:180EH         LINE#         176
  C:1810H         LINE#         178
  C:1812H         LINE#         180
  C:1819H         LINE#         182
  C:1820H         LINE#         186
  C:1827H         LINE#         187
  C:182CH         LINE#         188
  C:1831H         LINE#         189
  C:1836H         LINE#         190
  C:183BH         LINE#         191
  C:1840H         LINE#         194
  C:1840H         LINE#         195
  C:1840H         LINE#         196
  C:1843H         LINE#         199
  C:1843H         LINE#         202
  C:1848H         LINE#         203
  C:184DH         LINE#         205
  C:1852H         LINE#         206
  C:1857H         LINE#         207
  C:185CH         LINE#         208
  C:1861H         LINE#         210
  C:1872H         LINE#         212
  C:1879H         LINE#         213
  C:1881H         LINE#         214
  C:1886H         LINE#         215
  C:188EH         LINE#         216
  C:1893H         LINE#         217
  C:189DH         LINE#         218
  C:18A2H         LINE#         219
  C:18AAH         LINE#         221
  C:18B2H         LINE#         222
  C:18B7H         LINE#         223
  C:18C1H         LINE#         224
  C:18C1H         LINE#         225
  C:18C3H         LINE#         226
  C:18C5H         LINE#         227
  C:18CFH         LINE#         228
  C:18CFH         LINE#         229
  C:18D4H         LINE#         230
  C:18D4H         LINE#         242
  C:18E1H         LINE#         243
BL51 BANKED LINKER/LOCATER V6.22                                                      01/21/2019  11:57:40  PAGE 10


  C:18E1H         LINE#         244
  C:18EBH         LINE#         245
  C:1902H         LINE#         246
  C:1902H         LINE#         247
  C:1904H         LINE#         248
  C:1906H         LINE#         250
  C:1906H         LINE#         251
  C:1911H         LINE#         252
  C:1911H         LINE#         253
  C:1916H         LINE#         254
  C:1916H         LINE#         255
  C:1923H         LINE#         256
  C:1923H         LINE#         259
  C:192DH         LINE#         260
  C:1944H         LINE#         261
  C:1944H         LINE#         262
  C:1946H         LINE#         263
  C:1948H         LINE#         265
  C:1948H         LINE#         266
  C:1953H         LINE#         267
  C:1953H         LINE#         268
  C:1958H         LINE#         269
  C:195AH         LINE#         270
  C:195AH         LINE#         279
  C:197CH         LINE#         280
  C:197CH         LINE#         281
  C:1986H         LINE#         282
  C:198CH         LINE#         283
  C:198EH         LINE#         284
  C:1990H         LINE#         285
  C:1992H         LINE#         286
  C:1992H         LINE#         287
  C:1995H         LINE#         289
  C:1995H         LINE#         290
  C:199BH         LINE#         291
  C:19A3H         LINE#         292
  C:19A9H         LINE#         293
  C:19B1H         LINE#         294
  C:19ECH         LINE#         298
  C:19F6H         LINE#         299
  C:19F6H         LINE#         301
  C:1A1DH         LINE#         303
  C:1A1DH         LINE#         306
  C:1A4FH         LINE#         308
  C:1A4FH         LINE#         311
  C:1A4FH         LINE#         312
  C:1A72H         LINE#         313
  C:1A72H         LINE#         314
  C:1A74H         LINE#         315
  C:1A7BH         LINE#         316
  C:1A7BH         LINE#         320
  C:1AA5H         LINE#         321
  C:1AA5H         LINE#         322
  C:1AFFH         LINE#         324
  C:1B50H         LINE#         325
  C:1B5EH         LINE#         326
  C:1B5EH         LINE#         327
BL51 BANKED LINKER/LOCATER V6.22                                                      01/21/2019  11:57:40  PAGE 11


  C:1B73H         LINE#         328
  C:1B75H         LINE#         330
  C:1B75H         LINE#         332
  C:1B83H         LINE#         333
  C:1B83H         LINE#         350
  -------         ENDPROC       MAIN
  -------         PROC          UART
  C:33B1H         LINE#         357
  C:33BEH         LINE#         359
  C:33C1H         LINE#         360
  C:33C1H         LINE#         361
  C:33CFH         LINE#         362
  C:33D1H         LINE#         363
  C:33E3H         LINE#         364
  C:33F2H         LINE#         365
  C:33FDH         LINE#         366
  C:33FDH         LINE#         369
  C:340AH         LINE#         370
  C:3410H         LINE#         371
  C:3410H         LINE#         372
  C:3416H         LINE#         373
  C:3424H         LINE#         374
  C:3432H         LINE#         375
  C:343AH         LINE#         380
  C:343AH         LINE#         381
  C:343AH         LINE#         384
  C:343AH         LINE#         385
  C:343DH         LINE#         386
  C:343DH         LINE#         387
  C:343FH         LINE#         388
  C:3441H         LINE#         389
  C:3441H         LINE#         390
  -------         ENDPROC       UART
  -------         PROC          _CALIB_INTERPOLATE
  X:052BH         SYMBOL        hours
  X:052FH         SYMBOL        mins
  -------         DO            
  X:0533H         SYMBOL        p_calib1
  X:053BH         SYMBOL        p_calib2
  X:0543H         SYMBOL        i
  X:0545H         SYMBOL        current_time
  -------         ENDDO         
  C:2796H         LINE#         393
  C:279CH         LINE#         394
  C:279CH         LINE#         398
  C:27F3H         LINE#         400
  C:2819H         LINE#         401
  C:2819H         LINE#         402
  C:288BH         LINE#         403
  C:288BH         LINE#         404
  C:28B8H         LINE#         405
  C:28D3H         LINE#         407
  C:2900H         LINE#         408
  C:291BH         LINE#         410
  C:291DH         LINE#         411
  C:291DH         LINE#         412
  C:2931H         LINE#         413
BL51 BANKED LINKER/LOCATER V6.22                                                      01/21/2019  11:57:40  PAGE 12


  C:2936H         LINE#         415
  -------         ENDPROC       _CALIB_INTERPOLATE
  -------         PROC          _SENDUART1
  D:0007H         SYMBOL        dat
  C:3C34H         LINE#         418
  C:3C34H         LINE#         419
  C:3C34H         LINE#         420
  C:3C37H         LINE#         421
  C:3C39H         LINE#         422
  C:3C3AH         LINE#         423
  C:3C3CH         LINE#         424
  -------         ENDPROC       _SENDUART1
  -------         PROC          _DISPLAY_PROX
  D:0002H         SYMBOL        dat
  -------         DO            
  X:0552H         SYMBOL        unit
  X:0553H         SYMBOL        ten
  X:0554H         SYMBOL        hundred
  X:0555H         SYMBOL        thousand
  -------         ENDDO         
  C:344CH         LINE#         427
  C:3450H         LINE#         428
  C:3450H         LINE#         430
  C:345CH         LINE#         431
  C:346CH         LINE#         432
  C:3488H         LINE#         433
  C:34B8H         LINE#         434
  C:34C2H         LINE#         435
  C:34CCH         LINE#         436
  C:34D6H         LINE#         437
  C:34E0H         LINE#         439
  -------         ENDPROC       _DISPLAY_PROX
  -------         PROC          _DISPLAY_POS
  X:02D6H         SYMBOL        sign_dat
  -------         DO            
  X:02DAH         SYMBOL        unit
  X:02DBH         SYMBOL        ten
  X:02DCH         SYMBOL        hundred
  D:0003H         SYMBOL        thousand
  X:02DDH         SYMBOL        after_dot
  X:02DEH         SYMBOL        dat
  -------         ENDDO         
  C:25E1H         LINE#         442
  C:25E7H         LINE#         443
  C:25E7H         LINE#         447
  C:2603H         LINE#         448
  C:261DH         LINE#         449
  C:2641H         LINE#         451
  C:268BH         LINE#         453
  C:26A2H         LINE#         454
  C:26AFH         LINE#         455
  C:26D1H         LINE#         456
  C:2706H         LINE#         457
  C:271EH         LINE#         458
  C:271EH         LINE#         460
  C:2728H         LINE#         461
  C:2732H         LINE#         462
BL51 BANKED LINKER/LOCATER V6.22                                                      01/21/2019  11:57:40  PAGE 13


  C:273CH         LINE#         463
  C:2741H         LINE#         464
  C:274BH         LINE#         465
  C:2750H         LINE#         466
  C:2755H         LINE#         467
  C:2757H         LINE#         468
  C:2759H         LINE#         470
  C:2759H         LINE#         472
  C:275EH         LINE#         473
  C:2768H         LINE#         474
  C:2772H         LINE#         475
  C:277CH         LINE#         476
  C:2781H         LINE#         477
  C:278BH         LINE#         478
  C:2790H         LINE#         479
  C:2795H         LINE#         481
  C:2795H         LINE#         483
  -------         ENDPROC       _DISPLAY_POS
  -------         ENDMOD        MAIN

  -------         MODULE        PCF85063BTL
  C:0000H         SYMBOL        _ICE_DUMMY_
  D:0096H         PUBLIC        P2M0
  D:0080H         PUBLIC        P0
  D:0095H         PUBLIC        P2M1
  D:0090H         PUBLIC        P1
  D:00A0H         PUBLIC        P2
  D:00B0H         PUBLIC        P3
  D:00C0H         PUBLIC        P4
  D:00C8H         PUBLIC        P5
  D:00E8H         PUBLIC        P6
  B:00A0H.1       PUBLIC        PCF85063BTL_SDI
  D:00F8H         PUBLIC        P7
  B:00A0H.2       PUBLIC        PCF85063BTL_SCK
  B:00A0H.1       PUBLIC        PCF85063BTL_SDO
  D:00A8H         PUBLIC        IE
  C:36F9H         PUBLIC        _Read_time
  C:3B79H         PUBLIC        _PCF85063BTL_Delay
  D:00B8H         PUBLIC        IP
  D:00D8H         PUBLIC        CCON
  C:3600H         PUBLIC        _Day_Of_Year
  C:3A6BH         PUBLIC        SPI_ReceiveByte
  D:0098H         PUBLIC        SCON
  D:0088H         PUBLIC        TCON
  C:3BACH         PUBLIC        _BCDtoDec
  B:00A0H.0       PUBLIC        PCF85063BTL_CS
  C:3B9BH         PUBLIC        _SPI_ReadTime
  C:3BFBH         PUBLIC        SPI_Init
  C:3B19H         PUBLIC        _SPI_WriteTime
  C:3A4BH         PUBLIC        _SPI_SendByte
  D:00D0H         PUBLIC        PSW
  C:3B75H         SYMBOL        L?0047
  -------         PROC          L?0046
  -------         ENDPROC       L?0046
  C:3B75H         SYMBOL        L?0047
  -------         PROC          _PCF85063BTL_DELAY
  D:0006H         SYMBOL        us
BL51 BANKED LINKER/LOCATER V6.22                                                      01/21/2019  11:57:40  PAGE 14


  C:3B79H         LINE#         8
  C:3B79H         LINE#         9
  C:3B79H         LINE#         10
  C:3B83H         LINE#         11
  C:3B83H         LINE#         12
  C:3B84H         LINE#         13
  C:3B86H         LINE#         14
  -------         ENDPROC       _PCF85063BTL_DELAY
  -------         PROC          _SPI_SENDBYTE
  D:0005H         SYMBOL        dat
  -------         DO            
  D:0003H         SYMBOL        i
  -------         ENDDO         
  C:3A4BH         LINE#         17
  C:3A4DH         LINE#         18
  C:3A4DH         LINE#         20
  C:3A4FH         LINE#         21
  C:3A4FH         LINE#         22
  C:3A51H         LINE#         23
  C:3A55H         LINE#         24
  C:3A55H         LINE#         25
  C:3A57H         LINE#         26
  C:3A59H         LINE#         28
  C:3A59H         LINE#         29
  C:3A5BH         LINE#         30
  C:3A5BH         LINE#         31
  C:3A5EH         LINE#         32
  C:3A5EH         LINE#         33
  C:3A61H         LINE#         34
  C:3A65H         LINE#         35
  C:3A6AH         LINE#         36
  -------         ENDPROC       _SPI_SENDBYTE
  -------         PROC          SPI_RECEIVEBYTE
  -------         DO            
  D:0003H         SYMBOL        i
  D:0005H         SYMBOL        dat
  -------         ENDDO         
  C:3A6BH         LINE#         39
  C:3A6BH         LINE#         40
  C:3A6BH         LINE#         42
  C:3A6DH         LINE#         44
  C:3A6FH         LINE#         45
  C:3A70H         LINE#         46
  C:3A70H         LINE#         47
  C:3A74H         LINE#         48
  C:3A76H         LINE#         49
  C:3A79H         LINE#         51
  C:3A7CH         LINE#         52
  C:3A7CH         LINE#         53
  C:3A80H         LINE#         54
  C:3A80H         LINE#         55
  C:3A80H         LINE#         56
  C:3A83H         LINE#         57
  C:3A88H         LINE#         58
  C:3A8AH         LINE#         59
  -------         ENDPROC       SPI_RECEIVEBYTE
  -------         PROC          _SPI_READTIME
BL51 BANKED LINKER/LOCATER V6.22                                                      01/21/2019  11:57:40  PAGE 15


  D:0007H         SYMBOL        addr
  -------         DO            
  D:0006H         SYMBOL        dat
  -------         ENDDO         
  C:3B9BH         LINE#         61
  C:3B9BH         LINE#         62
  C:3B9BH         LINE#         64
  C:3B9DH         LINE#         65
  C:3B9FH         LINE#         66
  C:3BA6H         LINE#         67
  C:3BA9H         LINE#         68
  C:3BABH         LINE#         69
  C:3BABH         LINE#         70
  -------         ENDPROC       _SPI_READTIME
  -------         PROC          _SPI_WRITETIME
  D:0002H         SYMBOL        val
  D:0005H         SYMBOL        addr
  C:3B19H         LINE#         71
  C:3B1BH         LINE#         72
  C:3B1BH         LINE#         74
  C:3B1DH         LINE#         75
  C:3B24H         LINE#         76
  C:3B29H         LINE#         77
  C:3B2EH         LINE#         78
  C:3B30H         LINE#         79
  -------         ENDPROC       _SPI_WRITETIME
  -------         PROC          SPI_INIT
  C:3BFBH         LINE#         83
  C:3BFBH         LINE#         84
  C:3BFBH         LINE#         89
  C:3BFEH         LINE#         90
  C:3C01H         LINE#         91
  C:3C03H         LINE#         92
  C:3C05H         LINE#         93
  C:3C07H         LINE#         94
  -------         ENDPROC       SPI_INIT
  -------         PROC          _READ_TIME
  X:02D6H         SYMBOL        months
  X:02D9H         SYMBOL        days
  X:02DCH         SYMBOL        hours
  X:02DFH         SYMBOL        mins
  X:02E2H         SYMBOL        seconds
  C:36F9H         LINE#         96
  C:3704H         LINE#         97
  C:3704H         LINE#         99
  C:3718H         LINE#         101
  C:372CH         LINE#         103
  C:3740H         LINE#         108
  C:3754H         LINE#         113
  -------         ENDPROC       _READ_TIME
  -------         PROC          _BCDTODEC
  D:0007H         SYMBOL        bcd
  -------         DO            
  D:0006H         SYMBOL        hi
  D:0007H         SYMBOL        lo
  -------         ENDDO         
  C:3BACH         LINE#         119
BL51 BANKED LINKER/LOCATER V6.22                                                      01/21/2019  11:57:40  PAGE 16


  C:3BACH         LINE#         120
  C:3BACH         LINE#         122
  C:3BB1H         LINE#         123
  C:3BB5H         LINE#         124
  C:3BBCH         LINE#         125
  -------         ENDPROC       _BCDTODEC
  -------         PROC          _DAY_OF_YEAR
  D:0007H         SYMBOL        months_bcd
  D:0005H         SYMBOL        days_bcd
  -------         DO            
  D:0004H         SYMBOL        months
  D:0007H         SYMBOL        days
  -------         ENDDO         
  C:3600H         LINE#         126
  C:3600H         LINE#         127
  C:3600H         LINE#         130
  C:3605H         LINE#         132
  C:360AH         LINE#         134
  C:3643H         LINE#         135
  C:3643H         LINE#         136
  C:3643H         LINE#         137
  C:3646H         LINE#         138
  C:3646H         LINE#         139
  C:3646H         LINE#         140
  C:364BH         LINE#         141
  C:364BH         LINE#         142
  C:364BH         LINE#         143
  C:3650H         LINE#         144
  C:3650H         LINE#         145
  C:3650H         LINE#         146
  C:3655H         LINE#         147
  C:3655H         LINE#         148
  C:3655H         LINE#         149
  C:365AH         LINE#         150
  C:365AH         LINE#         151
  C:365AH         LINE#         152
  C:365FH         LINE#         153
  C:365FH         LINE#         154
  C:365FH         LINE#         155
  C:3664H         LINE#         156
  C:3664H         LINE#         157
  C:3664H         LINE#         158
  C:3669H         LINE#         159
  C:3669H         LINE#         160
  C:3669H         LINE#         161
  C:3671H         LINE#         162
  C:3671H         LINE#         163
  C:3671H         LINE#         164
  C:3676H         LINE#         165
  C:3676H         LINE#         166
  C:3676H         LINE#         167
  C:367BH         LINE#         168
  C:367BH         LINE#         169
  C:367BH         LINE#         170
  C:3683H         LINE#         171
  C:3683H         LINE#         172
  C:3683H         LINE#         173
BL51 BANKED LINKER/LOCATER V6.22                                                      01/21/2019  11:57:40  PAGE 17


  -------         ENDPROC       _DAY_OF_YEAR
  -------         ENDMOD        PCF85063BTL

  -------         MODULE        UART1
  C:0000H         SYMBOL        _ICE_DUMMY_
  D:0080H         PUBLIC        P0
  D:0090H         PUBLIC        P1
  D:00A0H         PUBLIC        P2
  D:00B0H         PUBLIC        P3
  D:00C0H         PUBLIC        P4
  D:00C8H         PUBLIC        P5
  B:00A8H.7       PUBLIC        EA
  D:00E8H         PUBLIC        P6
  D:00F8H         PUBLIC        P7
  C:3954H         PUBLIC        _SendString
  D:00A8H         PUBLIC        IE
  B:00A8H.4       PUBLIC        ES
  D:00B8H         PUBLIC        IP
  C:3B31H         PUBLIC        _ASCIItoBCD
  D:00D8H         PUBLIC        CCON
  C:3BBDH         PUBLIC        initUART1
  D:0098H         PUBLIC        SCON
  D:0088H         PUBLIC        TCON
  C:0009H         PUBLIC        _DectoBCD
  C:3C48H         PUBLIC        _ASCII_Letter
  D:008EH         PUBLIC        AUXR
  C:3C43H         PUBLIC        _unit
  C:0003H         PUBLIC        _ten
  D:00D6H         PUBLIC        T2H
  D:00D7H         PUBLIC        T2L
  D:00D0H         PUBLIC        PSW
  -------         PROC          INITUART1
  C:3BBDH         LINE#         21
  C:3BBDH         LINE#         22
  C:3BBDH         LINE#         23
  C:3BC0H         LINE#         24
  C:3BC3H         LINE#         25
  C:3BC6H         LINE#         26
  C:3BC9H         LINE#         27
  C:3BCBH         LINE#         28
  C:3BCDH         LINE#         30
  -------         ENDPROC       INITUART1
  -------         PROC          _SENDSTRING
  X:0556H         SYMBOL        s
  C:3954H         LINE#         35
  C:395FH         LINE#         36
  C:395FH         LINE#         37
  C:396FH         LINE#         38
  C:396FH         LINE#         39
  C:3984H         LINE#         40
  C:3986H         LINE#         41
  -------         ENDPROC       _SENDSTRING
  -------         PROC          _TEN
  D:0007H         SYMBOL        BCD
  C:0003H         LINE#         43
  C:0003H         LINE#         44
  C:0003H         LINE#         45
BL51 BANKED LINKER/LOCATER V6.22                                                      01/21/2019  11:57:40  PAGE 18


  C:0008H         LINE#         46
  -------         ENDPROC       _TEN
  -------         PROC          _UNIT
  D:0007H         SYMBOL        BCD
  C:3C43H         LINE#         47
  C:3C43H         LINE#         48
  C:3C43H         LINE#         52
  C:3C47H         LINE#         53
  -------         ENDPROC       _UNIT
  -------         PROC          _DECTOBCD
  D:0007H         SYMBOL        dec
  C:0009H         LINE#         54
  C:0009H         LINE#         55
  C:0009H         LINE#         57
  C:0009H         LINE#         58
  -------         ENDPROC       _DECTOBCD
  -------         PROC          _ASCII_LETTER
  D:0007H         SYMBOL        dat
  C:3C48H         LINE#         60
  C:3C48H         LINE#         61
  C:3C48H         LINE#         63
  C:3C4CH         LINE#         64
  -------         ENDPROC       _ASCII_LETTER
  -------         PROC          _ASCIITOBCD
  D:0001H         SYMBOL        ascii
  -------         DO            
  D:0007H         SYMBOL        dec_val
  D:0006H         SYMBOL        ten
  D:0007H         SYMBOL        unit
  -------         ENDDO         
  C:3B31H         LINE#         66
  C:3B31H         LINE#         67
  C:3B31H         LINE#         69
  C:3B34H         LINE#         70
  C:3B3AH         LINE#         71
  C:3B41H         LINE#         72
  C:3B47H         LINE#         74
  -------         ENDPROC       _ASCIITOBCD
  -------         ENDMOD        UART1

  -------         MODULE        LCD_DRIVER_SPLC780D
  C:0000H         SYMBOL        _ICE_DUMMY_
  D:0092H         PUBLIC        P1M0
  D:0091H         PUBLIC        P1M1
  D:0080H         PUBLIC        P0
  D:0090H         PUBLIC        P1
  D:00A0H         PUBLIC        P2
  D:00B0H         PUBLIC        P3
  D:00C0H         PUBLIC        P4
  D:00C8H         PUBLIC        P5
  D:00E8H         PUBLIC        P6
  D:00F8H         PUBLIC        P7
  C:3684H         PUBLIC        _WriteData
  D:00A8H         PUBLIC        IE
  D:00B8H         PUBLIC        IP
  D:00D8H         PUBLIC        CCON
  B:00B0H.4       PUBLIC        LCD_D4
BL51 BANKED LINKER/LOCATER V6.22                                                      01/21/2019  11:57:40  PAGE 19


  B:00B0H.5       PUBLIC        LCD_D5
  B:00B0H.6       PUBLIC        LCD_D6
  C:3AA9H         PUBLIC        _DisplayLCD
  B:00B0H.7       PUBLIC        LCD_D7
  D:0098H         PUBLIC        SCON
  D:0088H         PUBLIC        TCON
  C:3C2AH         PUBLIC        LCD_clear
  C:3899H         PUBLIC        _Command
  C:000EH         PUBLIC        _Display_Line
  C:3768H         PUBLIC        LCD_Init
  C:3A2DH         PUBLIC        _Wait_ms
  B:00C0H.0       PUBLIC        LCD_RS
  B:00B0H.2       PUBLIC        LCD_RW
  C:3C20H         PUBLIC        LCD_return_home
  B:00B0H.3       PUBLIC        LCD_E
  D:00D0H         PUBLIC        PSW
  -------         PROC          LCD_INIT
  C:3768H         LINE#         9
  C:3768H         LINE#         10
  C:3768H         LINE#         11
  C:376BH         LINE#         12
  C:376EH         LINE#         14
  C:3774H         LINE#         15
  C:3779H         LINE#         17
  C:3780H         LINE#         18
  C:3785H         LINE#         20
  C:3788H         LINE#         21
  C:378DH         LINE#         23
  C:3790H         LINE#         24
  C:3795H         LINE#         26
  C:379CH         LINE#         29
  C:37A1H         LINE#         30
  C:37A6H         LINE#         32
  C:37ABH         LINE#         33
  C:37B0H         LINE#         35
  C:37B5H         LINE#         36
  C:37BAH         LINE#         37
  -------         ENDPROC       LCD_INIT
  -------         PROC          _WRITEDATA
  X:02E0H         SYMBOL        dat
  C:3684H         LINE#         40
  C:3689H         LINE#         41
  C:3689H         LINE#         46
  C:368BH         LINE#         47
  C:368DH         LINE#         49
  C:369BH         LINE#         50
  C:36A7H         LINE#         51
  C:36B3H         LINE#         52
  C:36BDH         LINE#         53
  C:36BFH         LINE#         54
  C:36C6H         LINE#         55
  C:36C8H         LINE#         57
  C:36D8H         LINE#         58
  C:36E3H         LINE#         59
  C:36EDH         LINE#         60
  C:36F1H         LINE#         62
  C:36F1H         LINE#         63
BL51 BANKED LINKER/LOCATER V6.22                                                      01/21/2019  11:57:40  PAGE 20


  C:36F4H         LINE#         64
  C:36F6H         LINE#         65
  C:36F8H         LINE#         67
  -------         ENDPROC       _WRITEDATA
  -------         PROC          _COMMAND
  D:0007H         SYMBOL        dat
  C:3899H         LINE#         69
  C:3899H         LINE#         70
  C:3899H         LINE#         71
  C:389BH         LINE#         72
  C:389DH         LINE#         74
  C:38A7H         LINE#         75
  C:38ABH         LINE#         77
  C:38ADH         LINE#         78
  C:38B6H         LINE#         79
  C:38BAH         LINE#         81
  C:38BCH         LINE#         82
  C:38C3H         LINE#         83
  C:38C7H         LINE#         85
  C:38C9H         LINE#         86
  C:38CDH         LINE#         87
  C:38D1H         LINE#         89
  C:38D3H         LINE#         90
  C:38D3H         LINE#         91
  C:38D6H         LINE#         92
  C:38D8H         LINE#         93
  -------         ENDPROC       _COMMAND
  C:3A29H         SYMBOL        L?0028
  -------         PROC          L?0027
  -------         ENDPROC       L?0027
  C:3A29H         SYMBOL        L?0028
  -------         PROC          _WAIT_MS
  D:0006H         SYMBOL        ms
  -------         DO            
  D:0004H         SYMBOL        De_Cnt
  -------         ENDDO         
  C:3A2DH         LINE#         95
  C:3A2DH         LINE#         96
  C:3A2DH         LINE#         98
  C:3A37H         LINE#         99
  C:3A37H         LINE#         100
  C:3A4AH         LINE#         101
  C:3A4AH         LINE#         102
  -------         ENDPROC       _WAIT_MS
  -------         PROC          _DISPLAYLCD
  D:0007H         SYMBOL        BCD
  -------         DO            
  D:0006H         SYMBOL        first_digit
  X:02D6H         SYMBOL        second_digit
  -------         ENDDO         
  C:3AA9H         LINE#         103
  C:3AA9H         LINE#         104
  C:3AA9H         LINE#         106
  C:3AB0H         LINE#         107
  C:3AB9H         LINE#         109
  C:3ABEH         LINE#         111
  -------         ENDPROC       _DISPLAYLCD
BL51 BANKED LINKER/LOCATER V6.22                                                      01/21/2019  11:57:40  PAGE 21


  -------         PROC          LCD_RETURN_HOME
  C:3C20H         LINE#         115
  C:3C20H         LINE#         116
  C:3C20H         LINE#         117
  C:3C25H         LINE#         118
  -------         ENDPROC       LCD_RETURN_HOME
  -------         PROC          LCD_CLEAR
  C:3C2AH         LINE#         121
  C:3C2AH         LINE#         122
  C:3C2AH         LINE#         123
  C:3C2FH         LINE#         124
  -------         ENDPROC       LCD_CLEAR
  -------         PROC          _DISPLAY_LINE
  D:0006H         SYMBOL        line
  C:000EH         LINE#         128
  C:000EH         LINE#         129
  C:000EH         LINE#         130
  C:0014H         LINE#         131
  C:0014H         LINE#         132
  C:0016H         LINE#         133
  C:0016H         LINE#         134
  C:0018H         LINE#         136
  C:0018H         LINE#         137
  C:001DH         LINE#         138
  C:0022H         LINE#         139
  C:0022H         LINE#         140
  -------         ENDPROC       _DISPLAY_LINE
  -------         ENDMOD        LCD_DRIVER_SPLC780D

  -------         MODULE        KEYPAD
  C:0000H         SYMBOL        _ICE_DUMMY_
  D:0093H         PUBLIC        P0M1
  D:0080H         PUBLIC        P0
  D:0090H         PUBLIC        P1
  D:00A0H         PUBLIC        P2
  D:00B0H         PUBLIC        P3
  D:00C0H         PUBLIC        P4
  D:00C8H         PUBLIC        P5
  B:0020H.0       PUBLIC        calib_mode
  D:00E8H         PUBLIC        P6
  D:00F8H         PUBLIC        P7
  D:00A8H         PUBLIC        IE
  C:2937H         PUBLIC        Key_Scan
  D:00B8H         PUBLIC        IP
  D:00D8H         PUBLIC        CCON
  C:3C08H         PUBLIC        KeyPad_IO_Init
  C:3A8BH         PUBLIC        _Delay_ms
  D:0098H         PUBLIC        SCON
  D:0088H         PUBLIC        TCON
  B:0020H.1       PUBLIC        small_move
  B:0020H.2       PUBLIC        move
  B:0020H.3       PUBLIC        direction
  B:0020H.4       PUBLIC        auto_move
  C:2170H         PUBLIC        Key_Process
  D:00D0H         PUBLIC        PSW
  D:0094H         PUBLIC        P0M0
  -------         PROC          _DELAY_MS
BL51 BANKED LINKER/LOCATER V6.22                                                      01/21/2019  11:57:40  PAGE 22


  D:0006H         SYMBOL        ms
  -------         DO            
  D:0004H         SYMBOL        De_Cnt
  -------         ENDDO         
  C:3A8BH         LINE#         19
  C:3A8BH         LINE#         20
  C:3A8BH         LINE#         22
  C:3A95H         LINE#         23
  C:3A95H         LINE#         24
  C:3AA8H         LINE#         25
  C:3AA8H         LINE#         26
  -------         ENDPROC       _DELAY_MS
  -------         PROC          KEY_SCAN
  -------         DO            
  X:02DCH         SYMBOL        KeyTemp1
  X:02DDH         SYMBOL        KeyTemp2
  X:02DEH         SYMBOL        KeyValue
  -------         ENDDO         
  C:2937H         LINE#         27
  C:2937H         LINE#         28
  C:2937H         LINE#         33
  C:293AH         LINE#         36
  C:293DH         LINE#         38
  C:2945H         LINE#         39
  C:294CH         LINE#         40
  C:294CH         LINE#         42
  C:2951H         LINE#         43
  C:2958H         LINE#         44
  C:2958H         LINE#         47
  C:295BH         LINE#         48
  C:295EH         LINE#         49
  C:2963H         LINE#         50
  C:2967H         LINE#         51
  C:2967H         LINE#         52
  C:296FH         LINE#         53
  C:296FH         LINE#         54
  C:2972H         LINE#         55
  C:297AH         LINE#         56
  C:297CH         LINE#         58
  C:2990H         LINE#         59
  C:2990H         LINE#         60
  C:2990H         LINE#         61
  C:2990H         LINE#         62
  C:2996H         LINE#         64
  C:2998H         LINE#         65
  C:2998H         LINE#         66
  C:2998H         LINE#         67
  C:299EH         LINE#         69
  C:29A0H         LINE#         70
  C:29A0H         LINE#         71
  C:29A0H         LINE#         72
  C:29A6H         LINE#         74
  C:29A8H         LINE#         75
  C:29A8H         LINE#         76
  C:29A8H         LINE#         77
  C:29AEH         LINE#         79
  C:29AEH         LINE#         80
BL51 BANKED LINKER/LOCATER V6.22                                                      01/21/2019  11:57:40  PAGE 23


  C:29AEH         LINE#         81
  C:29AEH         LINE#         84
  C:29B1H         LINE#         85
  C:29B4H         LINE#         86
  C:29BCH         LINE#         87
  C:29C0H         LINE#         88
  C:29C0H         LINE#         89
  C:29C8H         LINE#         90
  C:29C8H         LINE#         91
  C:29CBH         LINE#         92
  C:29D3H         LINE#         93
  C:29D5H         LINE#         94
  C:29E9H         LINE#         95
  C:29E9H         LINE#         96
  C:29E9H         LINE#         97
  C:29E9H         LINE#         98
  C:29EFH         LINE#         100
  C:29F1H         LINE#         101
  C:29F1H         LINE#         102
  C:29F1H         LINE#         103
  C:29F7H         LINE#         105
  C:29F9H         LINE#         106
  C:29F9H         LINE#         107
  C:29F9H         LINE#         108
  C:29FFH         LINE#         110
  C:2A01H         LINE#         111
  C:2A01H         LINE#         112
  C:2A01H         LINE#         113
  C:2A06H         LINE#         115
  C:2A06H         LINE#         116
  C:2A06H         LINE#         117
  C:2A06H         LINE#         120
  C:2A09H         LINE#         121
  C:2A0CH         LINE#         122
  C:2A14H         LINE#         123
  C:2A18H         LINE#         124
  C:2A18H         LINE#         125
  C:2A20H         LINE#         126
  C:2A20H         LINE#         127
  C:2A23H         LINE#         128
  C:2A2BH         LINE#         129
  C:2A2DH         LINE#         130
  C:2A41H         LINE#         131
  C:2A41H         LINE#         132
  C:2A41H         LINE#         133
  C:2A41H         LINE#         134
  C:2A47H         LINE#         136
  C:2A49H         LINE#         137
  C:2A49H         LINE#         138
  C:2A49H         LINE#         139
  C:2A4FH         LINE#         141
  C:2A51H         LINE#         142
  C:2A51H         LINE#         143
  C:2A51H         LINE#         144
  C:2A57H         LINE#         146
  C:2A59H         LINE#         147
  C:2A59H         LINE#         148
BL51 BANKED LINKER/LOCATER V6.22                                                      01/21/2019  11:57:40  PAGE 24


  C:2A59H         LINE#         149
  C:2A5FH         LINE#         151
  C:2A5FH         LINE#         152
  C:2A5FH         LINE#         153
  C:2A5FH         LINE#         157
  C:2A62H         LINE#         158
  C:2A65H         LINE#         159
  C:2A6DH         LINE#         160
  C:2A71H         LINE#         161
  C:2A71H         LINE#         162
  C:2A79H         LINE#         163
  C:2A79H         LINE#         164
  C:2A7CH         LINE#         165
  C:2A84H         LINE#         166
  C:2A86H         LINE#         167
  C:2A9AH         LINE#         168
  C:2A9AH         LINE#         169
  C:2A9AH         LINE#         170
  C:2A9AH         LINE#         171
  C:2AA0H         LINE#         173
  C:2AA2H         LINE#         174
  C:2AA2H         LINE#         175
  C:2AA2H         LINE#         176
  C:2AA8H         LINE#         178
  C:2AAAH         LINE#         179
  C:2AAAH         LINE#         180
  C:2AAAH         LINE#         181
  C:2AB0H         LINE#         183
  C:2AB2H         LINE#         184
  C:2AB2H         LINE#         185
  C:2AB2H         LINE#         186
  C:2AB8H         LINE#         188
  C:2AB8H         LINE#         189
  C:2AB8H         LINE#         190
  C:2AB8H         LINE#         192
  C:2ABEH         LINE#         193
  C:2ABEH         LINE#         195
  C:2ABEH         LINE#         196
  C:2AC1H         LINE#         197
  C:2AC1H         LINE#         198
  C:2AC1H         LINE#         200
  C:2AC1H         LINE#         201
  C:2AC3H         LINE#         202
  C:2AC3H         LINE#         203
  -------         ENDPROC       KEY_SCAN
  -------         PROC          KEY_PROCESS
  -------         DO            
  X:0549H         SYMBOL        KeyCount
  X:054BH         SYMBOL        KeyNum_Old
  X:054CH         SYMBOL        KeyNum
  X:054DH         SYMBOL        PressedKey
  X:02D6H         SYMBOL        d
  D:0004H         SYMBOL        hours
  D:0006H         SYMBOL        mins
  X:02D8H         SYMBOL        months
  X:02DAH         SYMBOL        days
  -------         ENDDO         
BL51 BANKED LINKER/LOCATER V6.22                                                      01/21/2019  11:57:40  PAGE 25


  C:2170H         LINE#         204
  C:2170H         LINE#         205
  C:2170H         LINE#         209
  C:2178H         LINE#         210
  C:2180H         LINE#         212
  C:2183H         LINE#         213
  C:2183H         LINE#         214
  C:2186H         LINE#         216
  C:2186H         LINE#         217
  C:2193H         LINE#         218
  C:2193H         LINE#         219
  C:2196H         LINE#         220
  C:2199H         LINE#         222
  C:219CH         LINE#         224
  C:219CH         LINE#         225
  C:21A7H         LINE#         226
  C:21A7H         LINE#         227
  C:21AAH         LINE#         229
  C:21AAH         LINE#         230
  C:21B1H         LINE#         231
  C:21B1H         LINE#         232
  C:21B4H         LINE#         234
  C:21B4H         LINE#         235
  C:21BCH         LINE#         236
  C:21BCH         LINE#         237
  C:21C6H         LINE#         238
  C:21CEH         LINE#         240
  C:21D7H         LINE#         242
  C:21D7H         LINE#         251
  C:21ECH         LINE#         252
  C:21ECH         LINE#         253
  C:21FEH         LINE#         254
  C:220CH         LINE#         255
  C:221BH         LINE#         256
  C:221BH         LINE#         258
  C:2221H         LINE#         262
  C:2237H         LINE#         263
  C:2248H         LINE#         264
  C:2263H         LINE#         265
  C:2263H         LINE#         266
  C:2273H         LINE#         267
  C:2284H         LINE#         268
  C:2284H         LINE#         272
  C:229DH         LINE#         273
  C:22B4H         LINE#         274
  C:22D4H         LINE#         275
  C:22D4H         LINE#         276
  C:22DEH         LINE#         277
  C:22DEH         LINE#         278
  C:22E7H         LINE#         279
  C:22E7H         LINE#         280
  C:22FBH         LINE#         281
  C:22FBH         LINE#         282
  C:22FBH         LINE#         283
  C:22FBH         LINE#         284
  C:22FBH         LINE#         285
  C:22FDH         LINE#         287
BL51 BANKED LINKER/LOCATER V6.22                                                      01/21/2019  11:57:40  PAGE 26


  C:22FDH         LINE#         288
  C:2309H         LINE#         289
  C:2309H         LINE#         290
  C:231AH         LINE#         291
  C:231AH         LINE#         292
  C:231AH         LINE#         293
  C:231AH         LINE#         294
  C:231AH         LINE#         296
  C:231CH         LINE#         298
  C:231CH         LINE#         299
  C:232DH         LINE#         300
  C:232DH         LINE#         301
  C:232DH         LINE#         302
  C:232DH         LINE#         303
  C:232DH         LINE#         305
  C:232DH         LINE#         307
  C:232DH         LINE#         308
  C:232FH         LINE#         310
  C:232FH         LINE#         311
  C:2342H         LINE#         312
  C:2342H         LINE#         313
  C:2353H         LINE#         314
  C:2353H         LINE#         315
  C:2353H         LINE#         316
  C:2353H         LINE#         317
  C:2353H         LINE#         318
  C:2355H         LINE#         320
  C:2355H         LINE#         321
  C:2366H         LINE#         322
  C:2366H         LINE#         323
  C:2377H         LINE#         324
  C:2388H         LINE#         325
  C:2388H         LINE#         326
  C:2388H         LINE#         327
  C:2388H         LINE#         328
  C:2388H         LINE#         329
  C:238BH         LINE#         330
  C:2390H         LINE#         331
  C:2395H         LINE#         332
  C:239AH         LINE#         333
  C:239FH         LINE#         334
  C:23A4H         LINE#         335
  C:23A9H         LINE#         336
  C:23AEH         LINE#         337
  C:23AEH         LINE#         339
  C:23D0H         LINE#         340
  C:23D0H         LINE#         341
  C:23DAH         LINE#         342
  C:23DAH         LINE#         343
  C:23DFH         LINE#         344
  C:23E8H         LINE#         345
  C:23FFH         LINE#         346
  C:23FFH         LINE#         347
  C:240FH         LINE#         349
  C:240FH         LINE#         353
  -------         ENDPROC       KEY_PROCESS
  -------         PROC          KEYPAD_IO_INIT
BL51 BANKED LINKER/LOCATER V6.22                                                      01/21/2019  11:57:40  PAGE 27


  C:3C08H         LINE#         356
  C:3C08H         LINE#         357
  C:3C08H         LINE#         358
  C:3C0BH         LINE#         359
  C:3C0EH         LINE#         360
  C:3C11H         LINE#         361
  C:3C13H         LINE#         362
  -------         ENDPROC       KEYPAD_IO_INIT
  -------         ENDMOD        KEYPAD

  -------         MODULE        BIPOLARMOTOR
  C:0000H         SYMBOL        _ICE_DUMMY_
  D:0080H         PUBLIC        P0
  D:0090H         PUBLIC        P1
  X:0000H         PUBLIC        RX_pos_test
  D:00A0H         PUBLIC        P2
  D:00B0H         PUBLIC        P3
  D:00C0H         PUBLIC        P4
  D:00C8H         PUBLIC        P5
  D:00E8H         PUBLIC        P6
  D:00F8H         PUBLIC        P7
  D:00A8H         PUBLIC        IE
  C:311BH         PUBLIC        linear_interpolate
  C:39B2H         PUBLIC        _Move
  D:00B8H         PUBLIC        IP
  C:2443H         PUBLIC        _findDet3x3
  C:1EB0H         PUBLIC        _findDet4x4
  D:00D8H         PUBLIC        CCON
  X:00A0H         PUBLIC        previous_move_time
  D:0098H         PUBLIC        SCON
  D:0088H         PUBLIC        TCON
  C:000AH         PUBLIC        wait
  C:38D9H         PUBLIC        _Step_move
  X:00A1H         PUBLIC        dat
  C:10EFH         PUBLIC        _Update_position
  C:37C1H         PUBLIC        vOneStepMove
  X:00A7H         PUBLIC        elevation_stamp
  X:00D3H         PUBLIC        date_azimuth_mapping
  X:00FBH         PUBLIC        RX_pos
  C:3B08H         PUBLIC        _BCDtoDec1
  X:02B3H         PUBLIC        degree
  X:02B7H         PUBLIC        elevation_stamp_test
  D:00D0H         PUBLIC        PSW
  C:3AFEH         SYMBOL        L?0045
  -------         PROC          L?0044
  -------         ENDPROC       L?0044
  C:3AFEH         SYMBOL        L?0045
  -------         PROC          _BCDTODEC1
  D:0007H         SYMBOL        bcd
  -------         DO            
  D:0006H         SYMBOL        hi
  D:0007H         SYMBOL        lo
  -------         ENDDO         
  C:3B08H         LINE#         28
  C:3B08H         LINE#         29
  C:3B08H         LINE#         31
  C:3B0DH         LINE#         32
BL51 BANKED LINKER/LOCATER V6.22                                                      01/21/2019  11:57:40  PAGE 28


  C:3B11H         LINE#         33
  C:3B18H         LINE#         34
  -------         ENDPROC       _BCDTODEC1
  -------         PROC          WAIT
  C:000AH         LINE#         36
  C:000AH         LINE#         38
  -------         ENDPROC       WAIT
  -------         PROC          VONESTEPMOVE
  B:0021H.0       SYMBOL        bDir
  C:37C1H         LINE#         40
  C:37C1H         LINE#         41
  C:37C1H         LINE#         43
  C:37C7H         LINE#         44
  C:37C7H         LINE#         45
  C:37CAH         LINE#         46
  C:37D3H         LINE#         47
  C:37DAH         LINE#         48
  C:37DFH         LINE#         49
  C:37DFH         LINE#         50
  C:37DFH         LINE#         52
  C:37E1H         LINE#         55
  C:37E1H         LINE#         56
  C:37E4H         LINE#         57
  C:37EDH         LINE#         58
  C:37F4H         LINE#         59
  C:37FAH         LINE#         60
  C:3803H         LINE#         61
  C:380AH         LINE#         62
  C:380AH         LINE#         66
  -------         ENDPROC       VONESTEPMOVE
  -------         PROC          _STEP_MOVE
  X:0346H         SYMBOL        step
  B:0020H.7       SYMBOL        dir
  -------         DO            
  X:0348H         SYMBOL        i
  -------         ENDDO         
  C:38D9H         LINE#         68
  C:38E1H         LINE#         69
  C:38E1H         LINE#         71
  C:38E6H         LINE#         74
  C:3901H         LINE#         75
  C:3901H         LINE#         76
  C:3908H         LINE#         78
  C:3918H         LINE#         80
  -------         ENDPROC       _STEP_MOVE
  -------         PROC          _MOVE
  X:0342H         SYMBOL        distance
  B:0020H.6       SYMBOL        direction
  -------         DO            
  D:0006H         SYMBOL        step
  -------         ENDDO         
  C:39B2H         LINE#         82
  C:39B8H         LINE#         83
  C:39B8H         LINE#         86
  C:39D3H         LINE#         87
  -------         ENDPROC       _MOVE
  C:2424H         SYMBOL        L?0042
BL51 BANKED LINKER/LOCATER V6.22                                                      01/21/2019  11:57:40  PAGE 29


  C:2438H         SYMBOL        L?0043
  -------         PROC          L?0041
  -------         ENDPROC       L?0041
  C:2424H         SYMBOL        L?0042
  C:2438H         SYMBOL        L?0043
  -------         PROC          _FINDDET3X3
  X:0507H         SYMBOL        a11
  X:050BH         SYMBOL        a12
  X:050FH         SYMBOL        a13
  X:0513H         SYMBOL        a21
  X:0517H         SYMBOL        a22
  X:051BH         SYMBOL        a23
  X:051FH         SYMBOL        a31
  X:0523H         SYMBOL        a32
  X:0527H         SYMBOL        a33
  C:2443H         LINE#         91
  C:2449H         LINE#         95
  C:2449H         LINE#         96
  C:25E0H         LINE#         98
  -------         ENDPROC       _FINDDET3X3
  -------         PROC          _FINDDET4X4
  X:04C7H         SYMBOL        a11
  X:04CBH         SYMBOL        a12
  X:04CFH         SYMBOL        a13
  X:04D3H         SYMBOL        a14
  X:04D7H         SYMBOL        a21
  X:04DBH         SYMBOL        a22
  X:04DFH         SYMBOL        a23
  X:04E3H         SYMBOL        a24
  X:04E7H         SYMBOL        a31
  X:04EBH         SYMBOL        a32
  X:04EFH         SYMBOL        a33
  X:04F3H         SYMBOL        a34
  X:04F7H         SYMBOL        a41
  X:04FBH         SYMBOL        a42
  X:04FFH         SYMBOL        a43
  X:0503H         SYMBOL        a44
  C:1EB0H         LINE#         99
  C:1EB6H         LINE#         103
  C:1EB6H         LINE#         110
  C:216FH         LINE#         114
  -------         ENDPROC       _FINDDET4X4
  -------         PROC          L?0046
  -------         ENDPROC       L?0046
  -------         PROC          LINEAR_INTERPOLATE
  X:0371H         SYMBOL        p1
  X:0379H         SYMBOL        p2
  X:0381H         SYMBOL        x
  -------         DO            
  D:0004H         SYMBOL        fx
  -------         ENDDO         
  C:311BH         LINE#         120
  C:311BH         LINE#         121
  C:311BH         LINE#         124
  C:31BAH         LINE#         126
  C:31BAH         LINE#         127
  -------         ENDPROC       LINEAR_INTERPOLATE
BL51 BANKED LINKER/LOCATER V6.22                                                      01/21/2019  11:57:40  PAGE 30


  -------         PROC          _UPDATE_POSITION
  X:02E6H         SYMBOL        mnths
  X:02E7H         SYMBOL        dys
  X:02E8H         SYMBOL        hurs
  X:02E9H         SYMBOL        mns
  X:02EAH         SYMBOL        sconds
  X:02EBH         SYMBOL        currnt_pos
  X:02EEH         SYMBOL        offset_calib
  -------         DO            
  X:02F2H         SYMBOL        date
  X:02F4H         SYMBOL        i
  X:02F6H         SYMBOL        yy
  X:02F8H         SYMBOL        desired_distance
  X:02FCH         SYMBOL        distance
  X:0300H         SYMBOL        JP_pos
  X:0304H         SYMBOL        pos_interpolate_azimuth
  X:032CH         SYMBOL        current_local_sun_time
  X:0330H         SYMBOL        azimuth
  X:0334H         SYMBOL        elevation
  X:0338H         SYMBOL        time_offset
  X:033CH         SYMBOL        UTC_time
  X:0340H         SYMBOL        declination
  X:0344H         SYMBOL        p1
  X:034CH         SYMBOL        p2
  X:0354H         SYMBOL        time
  X:0366H         SYMBOL        location
  X:036EH         SYMBOL        sunCoord
  -------         ENDDO         
  C:10EFH         LINE#         131
  C:10FAH         LINE#         134
  C:10FAH         LINE#         135
  C:1105H         LINE#         137
  C:1121H         LINE#         138
  C:112BH         LINE#         146
  C:1135H         LINE#         147
  C:113FH         LINE#         148
  C:1149H         LINE#         149
  C:114FH         LINE#         150
  C:1156H         LINE#         151
  C:115EH         LINE#         152
  C:116FH         LINE#         153
  C:117EH         LINE#         156
  C:1192H         LINE#         160
  C:11E4H         LINE#         161
  C:11EEH         LINE#         162
  C:123EH         LINE#         164
  C:1366H         LINE#         166
  C:1435H         LINE#         173
  C:143FH         LINE#         174
  C:143FH         LINE#         176
  C:1459H         LINE#         177
  C:1459H         LINE#         178
  C:14C9H         LINE#         179
  C:14C9H         LINE#         180
  C:14D0H         LINE#         181
  C:14D0H         LINE#         182
  C:14FDH         LINE#         183
BL51 BANKED LINKER/LOCATER V6.22                                                      01/21/2019  11:57:40  PAGE 31


  C:1518H         LINE#         185
  C:155FH         LINE#         186
  C:1593H         LINE#         188
  C:15EBH         LINE#         189
  C:160BH         LINE#         191
  C:160BH         LINE#         207
  C:161CH         LINE#         210
  C:1636H         LINE#         211
  C:1636H         LINE#         212
  C:16A6H         LINE#         213
  C:16A6H         LINE#         214
  C:16D3H         LINE#         215
  C:16EEH         LINE#         217
  C:171BH         LINE#         218
  C:1736H         LINE#         220
  C:1768H         LINE#         223
  C:1768H         LINE#         225
  C:1779H         LINE#         227
  C:178DH         LINE#         229
  C:17AFH         LINE#         231
  C:17AFH         LINE#         236
  C:17B7H         LINE#         237
  C:17D3H         LINE#         238
  C:17D3H         LINE#         239
  C:17D3H         LINE#         242
  -------         ENDPROC       _UPDATE_POSITION
  -------         ENDMOD        BIPOLARMOTOR

  -------         MODULE        SUNPOS
  C:0000H         SYMBOL        _ICE_DUMMY_
  C:094DH         PUBLIC        sunpos
  -------         PROC          SUNPOS
  X:0371H         SYMBOL        udtTime
  X:0383H         SYMBOL        udtLocation
  X:038BH         SYMBOL        udtSunCoordinates
  -------         DO            
  X:038EH         SYMBOL        dElapsedJulianDays
  X:0392H         SYMBOL        dDecimalHours
  X:0396H         SYMBOL        dEclipticLongitude
  X:039AH         SYMBOL        dEclipticObliquity
  X:039EH         SYMBOL        dRightAscension
  X:03A2H         SYMBOL        dDeclination
  X:03A6H         SYMBOL        dY
  X:03AAH         SYMBOL        dX
  -------         DO            
  X:03AEH         SYMBOL        dJulianDate
  X:03B2H         SYMBOL        liAux1
  X:03B6H         SYMBOL        liAux2
  X:03AEH         SYMBOL        dMeanLongitude
  X:03B2H         SYMBOL        dMeanAnomaly
  X:03B6H         SYMBOL        dOmega
  X:03AEH         SYMBOL        dSin_EclipticLongitude
  X:03AEH         SYMBOL        dGreenwichMeanSiderealTime
  X:03B2H         SYMBOL        dLocalMeanSiderealTime
  X:03B6H         SYMBOL        dLatitudeInRadians
  X:03BAH         SYMBOL        dHourAngle
  X:03BEH         SYMBOL        dCos_Latitude
BL51 BANKED LINKER/LOCATER V6.22                                                      01/21/2019  11:57:40  PAGE 32


  X:03C2H         SYMBOL        dSin_Latitude
  X:03C6H         SYMBOL        dCos_HourAngle
  X:03CAH         SYMBOL        dParallax
  -------         ENDDO         
  -------         DO            
  X:03AEH         SYMBOL        dMeanLongitude
  X:03B2H         SYMBOL        dMeanAnomaly
  X:03B6H         SYMBOL        dOmega
  X:03AEH         SYMBOL        dSin_EclipticLongitude
  X:03AEH         SYMBOL        dGreenwichMeanSiderealTime
  X:03B2H         SYMBOL        dLocalMeanSiderealTime
  X:03B6H         SYMBOL        dLatitudeInRadians
  X:03BAH         SYMBOL        dHourAngle
  X:03BEH         SYMBOL        dCos_Latitude
  X:03C2H         SYMBOL        dSin_Latitude
  X:03C6H         SYMBOL        dCos_HourAngle
  X:03CAH         SYMBOL        dParallax
  -------         ENDDO         
  -------         DO            
  X:03AEH         SYMBOL        dSin_EclipticLongitude
  X:03AEH         SYMBOL        dGreenwichMeanSiderealTime
  X:03B2H         SYMBOL        dLocalMeanSiderealTime
  X:03B6H         SYMBOL        dLatitudeInRadians
  X:03BAH         SYMBOL        dHourAngle
  X:03BEH         SYMBOL        dCos_Latitude
  X:03C2H         SYMBOL        dSin_Latitude
  X:03C6H         SYMBOL        dCos_HourAngle
  X:03CAH         SYMBOL        dParallax
  -------         ENDDO         
  -------         DO            
  X:03AEH         SYMBOL        dGreenwichMeanSiderealTime
  X:03B2H         SYMBOL        dLocalMeanSiderealTime
  X:03B6H         SYMBOL        dLatitudeInRadians
  X:03BAH         SYMBOL        dHourAngle
  X:03BEH         SYMBOL        dCos_Latitude
  X:03C2H         SYMBOL        dSin_Latitude
  X:03C6H         SYMBOL        dCos_HourAngle
  X:03CAH         SYMBOL        dParallax
  -------         ENDDO         
  -------         ENDDO         
  C:094DH         LINE#         6
  C:094DH         LINE#         7
  C:094DH         LINE#         9
  C:094DH         LINE#         27
  C:0997H         LINE#         30
  C:09B8H         LINE#         31
  C:0AFFH         LINE#         34
  C:0B4BH         LINE#         36
  C:0B6AH         LINE#         37
  C:0B6AH         LINE#         42
  C:0B6AH         LINE#         46
  C:0B9CH         LINE#         47
  C:0BC6H         LINE#         48
  C:0BF0H         LINE#         49
  C:0C9DH         LINE#         52
  C:0CFEH         LINE#         54
  C:0CFEH         LINE#         59
BL51 BANKED LINKER/LOCATER V6.22                                                      01/21/2019  11:57:40  PAGE 33


  C:0CFEH         LINE#         61
  C:0D15H         LINE#         62
  C:0D3DH         LINE#         63
  C:0D54H         LINE#         64
  C:0D7FH         LINE#         65
  C:0DB6H         LINE#         66
  C:0DE1H         LINE#         67
  C:0DE1H         LINE#         70
  C:0DE1H         LINE#         79
  C:0E1CH         LINE#         82
  C:0E56H         LINE#         84
  C:0E7BH         LINE#         85
  C:0E9AH         LINE#         86
  C:0EB1H         LINE#         87
  C:0EC8H         LINE#         88
  C:0EDFH         LINE#         89
  C:0F68H         LINE#         91
  C:0F82H         LINE#         92
  C:0FE4H         LINE#         93
  C:101AH         LINE#         94
  C:102CH         LINE#         95
  C:1059H         LINE#         96
  C:1086H         LINE#         98
  C:10A8H         LINE#         100
  C:10E0H         LINE#         103
  C:10E0H         LINE#         104
  C:10EEH         LINE#         105
  -------         ENDPROC       SUNPOS
  -------         ENDMOD        SUNPOS

  -------         MODULE        ADC
  C:0000H         SYMBOL        _ICE_DUMMY_
  D:0092H         PUBLIC        P1M0
  D:0091H         PUBLIC        P1M1
  D:0080H         PUBLIC        P0
  D:0090H         PUBLIC        P1
  D:00A0H         PUBLIC        P2
  D:00B0H         PUBLIC        P3
  D:00C0H         PUBLIC        P4
  D:00C8H         PUBLIC        P5
  D:00E8H         PUBLIC        P6
  D:00F8H         PUBLIC        P7
  D:00A8H         PUBLIC        IE
  D:00BDH         PUBLIC        ADC_RES
  D:00B8H         PUBLIC        IP
  D:0097H         PUBLIC        CLK_DIV
  D:00D8H         PUBLIC        CCON
  D:00BCH         PUBLIC        ADC_CONTR
  D:0098H         PUBLIC        SCON
  D:0088H         PUBLIC        TCON
  B:00A0H.4       PUBLIC        P24
  B:00A0H.5       PUBLIC        P25
  B:00A0H.6       PUBLIC        P26
  C:3AC6H         PUBLIC        ADC_Init
  C:3A01H         PUBLIC        _ADC_GetResult
  D:009DH         PUBLIC        P1ASF
  D:00BEH         PUBLIC        ADC_RESL
BL51 BANKED LINKER/LOCATER V6.22                                                      01/21/2019  11:57:40  PAGE 34


  D:00D0H         PUBLIC        PSW
  -------         PROC          ADC_INIT
  C:3AC6H         LINE#         7
  C:3AC6H         LINE#         8
  C:3AC6H         LINE#         10
  C:3AC8H         LINE#         11
  C:3ACAH         LINE#         12
  C:3ACCH         LINE#         13
  C:3ACFH         LINE#         14
  C:3AD2H         LINE#         15
  C:3AD5H         LINE#         16
  C:3AD8H         LINE#         18
  C:3ADAH         LINE#         19
  C:3ADDH         LINE#         21
  -------         ENDPROC       ADC_INIT
  -------         PROC          _ADC_GETRESULT
  D:0007H         SYMBOL        ch
  -------         DO            
  D:0006H         SYMBOL        ADC_Value
  -------         ENDDO         
  C:3A01H         LINE#         26
  C:3A01H         LINE#         27
  C:3A01H         LINE#         29
  C:3A06H         LINE#         30
  C:3A07H         LINE#         31
  C:3A08H         LINE#         32
  C:3A09H         LINE#         33
  C:3A0AH         LINE#         34
  C:3A0FH         LINE#         35
  C:3A12H         LINE#         36
  C:3A16H         LINE#         37
  C:3A26H         LINE#         38
  C:3A26H         LINE#         39
  -------         ENDPROC       _ADC_GETRESULT
  -------         ENDMOD        ADC

  -------         MODULE        CALIBRATION
  C:0000H         SYMBOL        _ICE_DUMMY_
  D:0080H         PUBLIC        P0
  D:0090H         PUBLIC        P1
  D:00A0H         PUBLIC        P2
  D:00B0H         PUBLIC        P3
  D:00C0H         PUBLIC        P4
  D:00C8H         PUBLIC        P5
  D:00E8H         PUBLIC        P6
  D:00F8H         PUBLIC        P7
  C:34E1H         PUBLIC        _Max_Value
  D:00A8H         PUBLIC        IE
  C:2F87H         PUBLIC        _calibration
  C:304FH         PUBLIC        voltage_is_stable
  D:00B8H         PUBLIC        IP
  D:00D8H         PUBLIC        CCON
  D:0098H         PUBLIC        SCON
  D:0088H         PUBLIC        TCON
  C:2C4CH         PUBLIC        _Find_Real_Max
  D:00D0H         PUBLIC        PSW
  -------         PROC          VOLTAGE_IS_STABLE
[...]
  C:355BH         LINE#         79
  C:356BH         LINE#         80
  C:3573H         LINE#         82
  -------         ENDPROC       _MAX_VALUE
  -------         PROC          _CALIBRATION
  X:02D6H         SYMBOL        mnths
  X:02D7H         SYMBOL        dys
  X:02D8H         SYMBOL        hurs
  X:02D9H         SYMBOL        mns
  X:02DAH         SYMBOL        sconds
  X:02DBH         SYMBOL        currnt_pos
  -------         DO            
  X:02DEH         SYMBOL        calib_value
  X:02E2H         SYMBOL        JP_max_pos
  -------         ENDDO         
  C:2F87H         LINE#         84
  C:2F92H         LINE#         87
  C:2F92H         LINE#         88
  C:2F9CH         LINE#         89
  C:2FB0H         LINE#         91
  C:2FBAH         LINE#         92
  C:2FBAH         LINE#         94
  C:2FF0H         LINE#         96
  C:2FF9H         LINE#         97
  C:301EH         LINE#         98
  C:303AH         LINE#         99
  C:3049H         LINE#         100
  C:3049H         LINE#         102
  C:304EH         LINE#         103
  -------         ENDPROC       _CALIBRATION
  -------         ENDMOD        CALIBRATION

  -------         MODULE        IOEXPANDER_PI4IOE5V96248
  C:0000H         SYMBOL        _ICE_DUMMY_
  D:0080H         PUBLIC        P0
  B:00C8H.4       PUBLIC        I2C_SCK
  D:0090H         PUBLIC        P1
  D:00A0H         PUBLIC        P2
  D:00B0H         PUBLIC        P3
  D:00C0H         PUBLIC        P4
  D:00C8H         PUBLIC        P5
  D:00E8H         PUBLIC        P6
  D:00F8H         PUBLIC        P7
  D:00A8H         PUBLIC        IE
  D:00B8H         PUBLIC        IP
  D:00D8H         PUBLIC        CCON
  C:3BCEH         PUBLIC        I2C_Start
  D:0098H         PUBLIC        SCON
  D:0088H         PUBLIC        TCON
  C:31BBH         PUBLIC        _Write_PI4IOE5V96248
  C:3BDDH         PUBLIC        uC_NACK
  C:3994H         PUBLIC        _Wait_ms_i2c
  C:39DFH         PUBLIC        _I2C_SendByte
  C:3B5EH         PUBLIC        I2C_Stop
BL51 BANKED LINKER/LOCATER V6.22                                                      01/21/2019  11:57:40  PAGE 37


  C:3C4DH         PUBLIC        nop
  C:3C3DH         PUBLIC        uC_ACK
  C:3B48H         PUBLIC        I2C_ACK
  B:00C0H.7       PUBLIC        I2C_SDA
  D:00D0H         PUBLIC        PSW
  C:398EH         SYMBOL        L?0031
  C:3990H         SYMBOL        L?0032
  -------         PROC          L?0030
  -------         ENDPROC       L?0030
  C:398EH         SYMBOL        L?0031
  C:3990H         SYMBOL        L?0032
  -------         PROC          _WAIT_MS_I2C
  D:0006H         SYMBOL        ms
  -------         DO            
  D:0004H         SYMBOL        De_Cnt
  -------         ENDDO         
  C:3994H         LINE#         7
  C:3994H         LINE#         8
  C:3994H         LINE#         10
  C:399EH         LINE#         11
  C:399EH         LINE#         12
  C:39B1H         LINE#         13
  C:39B1H         LINE#         14
  -------         ENDPROC       _WAIT_MS_I2C
  -------         PROC          NOP
  C:3C4DH         LINE#         16
  C:3C4DH         LINE#         17
  C:3C4DH         LINE#         19
  -------         ENDPROC       NOP
  -------         PROC          I2C_START
  C:3BCEH         LINE#         20
  C:3BCEH         LINE#         21
  C:3BCEH         LINE#         23
  C:3BD0H         LINE#         24
  C:3BD2H         LINE#         25
  C:3BD5H         LINE#         26
  C:3BD7H         LINE#         27
  C:3BDAH         LINE#         28
  C:3BDCH         LINE#         31
  -------         ENDPROC       I2C_START
  -------         PROC          I2C_STOP
  C:3B5EH         LINE#         33
  C:3B5EH         LINE#         34
  C:3B5EH         LINE#         35
  C:3B60H         LINE#         36
  C:3B62H         LINE#         37
  C:3B65H         LINE#         38
  C:3B67H         LINE#         39
  C:3B69H         LINE#         40
  C:3B70H         LINE#         41
  C:3B72H         LINE#         44
  -------         ENDPROC       I2C_STOP
  -------         PROC          I2C_ACK
  -------         DO            
  X:034DH         SYMBOL        i
  D:0003H         SYMBOL        dat
  -------         ENDDO         
BL51 BANKED LINKER/LOCATER V6.22                                                      01/21/2019  11:57:40  PAGE 38


  C:3B48H         LINE#         46
  C:3B48H         LINE#         47
  C:3B48H         LINE#         49
  C:3B49H         LINE#         54
  C:3B4CH         LINE#         55
  C:3B4EH         LINE#         56
  C:3B51H         LINE#         58
  C:3B54H         LINE#         59
  C:3B54H         LINE#         60
  C:3B58H         LINE#         61
  C:3B58H         LINE#         64
  C:3B58H         LINE#         65
  C:3B5BH         LINE#         66
  C:3B5BH         LINE#         67
  C:3B5DH         LINE#         68
  -------         ENDPROC       I2C_ACK
  -------         PROC          UC_ACK
  -------         DO            
  X:0559H         SYMBOL        i
  -------         ENDDO         
  C:3C3DH         LINE#         69
  C:3C3DH         LINE#         70
  C:3C3DH         LINE#         72
  C:3C3DH         LINE#         79
  C:3C3DH         LINE#         81
  C:3C3DH         LINE#         83
  C:3C3DH         LINE#         84
  C:3C3DH         LINE#         87
  C:3C40H         LINE#         88
  C:3C42H         LINE#         89
  C:3C42H         LINE#         93
  -------         ENDPROC       UC_ACK
  -------         PROC          UC_NACK
  -------         DO            
  X:055AH         SYMBOL        i
  -------         ENDDO         
  C:3BDDH         LINE#         95
  C:3BDDH         LINE#         96
  C:3BDDH         LINE#         98
  C:3BDDH         LINE#         102
  C:3BDFH         LINE#         105
  C:3BDFH         LINE#         106
  C:3BE1H         LINE#         107
  C:3BE1H         LINE#         109
  C:3BE1H         LINE#         110
  C:3BE1H         LINE#         113
  C:3BE4H         LINE#         114
  C:3BE6H         LINE#         115
  C:3BE9H         LINE#         116
  C:3BEBH         LINE#         117
  C:3BEBH         LINE#         121
  -------         ENDPROC       UC_NACK
  C:39DBH         SYMBOL        L?0034
  -------         PROC          L?0033
  -------         ENDPROC       L?0033
  C:39DBH         SYMBOL        L?0034
  -------         PROC          _I2C_SENDBYTE
BL51 BANKED LINKER/LOCATER V6.22                                                      01/21/2019  11:57:40  PAGE 39


  D:0001H         SYMBOL        dat
  -------         DO            
  D:0003H         SYMBOL        i
  -------         ENDDO         
  C:39DFH         LINE#         125
  C:39E1H         LINE#         126
  C:39E1H         LINE#         129
  C:39E3H         LINE#         130
  C:39E3H         LINE#         131
  C:39E5H         LINE#         133
  C:39E9H         LINE#         134
  C:39E9H         LINE#         135
  C:39EBH         LINE#         136
  C:39EDH         LINE#         138
  C:39EDH         LINE#         139
  C:39EFH         LINE#         140
  C:39EFH         LINE#         141
  C:39F2H         LINE#         142
  C:39F4H         LINE#         144
  C:39F8H         LINE#         145
  C:39FBH         LINE#         146
  C:3A00H         LINE#         147
  -------         ENDPROC       _I2C_SENDBYTE
  -------         PROC          _WRITE_PI4IOE5V96248
  X:034AH         SYMBOL        xdat
  C:31BBH         LINE#         148
  C:31C6H         LINE#         149
  C:31C6H         LINE#         150
  C:31C9H         LINE#         151
  C:31D0H         LINE#         152
  C:31D5H         LINE#         153
  C:31DBH         LINE#         154
  C:31DBH         LINE#         155
  C:31EDH         LINE#         156
  C:31EDH         LINE#         158
  C:31F3H         LINE#         159
  C:31F3H         LINE#         160
  C:3203H         LINE#         161
  C:3203H         LINE#         162
  C:3209H         LINE#         163
  C:3209H         LINE#         164
  C:3219H         LINE#         165
  C:3219H         LINE#         166
  C:321FH         LINE#         167
  C:321FH         LINE#         168
  C:3230H         LINE#         169
  C:3230H         LINE#         171
  C:3236H         LINE#         172
  C:3236H         LINE#         173
  C:3247H         LINE#         174
  C:3247H         LINE#         175
  C:324DH         LINE#         176
  C:324DH         LINE#         177
  C:325EH         LINE#         178
  C:325EH         LINE#         180
  C:3264H         LINE#         181
  C:3267H         LINE#         182
BL51 BANKED LINKER/LOCATER V6.22                                                      01/21/2019  11:57:40  PAGE 40


  -------         ENDPROC       _WRITE_PI4IOE5V96248
  -------         ENDMOD        IOEXPANDER_PI4IOE5V96248

  -------         MODULE        ?C_STARTUP
  C:3574H         SEGMENT       ?C_C51STARTUP
  I:0022H         SEGMENT       ?STACK
  C:0000H         PUBLIC        ?C_STARTUP
  D:00E0H         SYMBOL        ACC
  D:00F0H         SYMBOL        B
  D:0083H         SYMBOL        DPH
  D:0082H         SYMBOL        DPL
  N:0000H         SYMBOL        IBPSTACK
  N:0100H         SYMBOL        IBPSTACKTOP
  N:0080H         SYMBOL        IDATALEN
  C:3577H         SYMBOL        IDATALOOP
  N:0000H         SYMBOL        PBPSTACK
  N:0100H         SYMBOL        PBPSTACKTOP
  N:0000H         SYMBOL        PDATALEN
  N:0000H         SYMBOL        PDATASTART
  N:0000H         SYMBOL        PPAGE
  N:0000H         SYMBOL        PPAGEENABLE
  D:00A0H         SYMBOL        PPAGE_SFR
  D:0081H         SYMBOL        SP
  C:3574H         SYMBOL        STARTUP1
  N:0000H         SYMBOL        XBPSTACK
  N:0000H         SYMBOL        XBPSTACKTOP
  N:0000H         SYMBOL        XDATALEN
  N:0000H         SYMBOL        XDATASTART
  C:0000H         LINE#         126
  C:3574H         LINE#         133
  C:3576H         LINE#         134
  C:3577H         LINE#         135
  C:3578H         LINE#         136
  C:357AH         LINE#         185
  C:357DH         LINE#         196
  -------         ENDMOD        ?C_STARTUP

  -------         MODULE        ?C?FPADD
  C:002DH         PUBLIC        ?C?FPADD
  C:0029H         PUBLIC        ?C?FPSUB
  -------         ENDMOD        ?C?FPADD

  -------         MODULE        ?C?FPMUL
  C:011EH         PUBLIC        ?C?FPMUL
  -------         ENDMOD        ?C?FPMUL

  -------         MODULE        ?C?FPDIV
  C:0227H         PUBLIC        ?C?FPDIV
  -------         ENDMOD        ?C?FPDIV

  -------         MODULE        ?C?FPCMP
  C:02C6H         PUBLIC        ?C?FPCMP
  C:02C4H         PUBLIC        ?C?FPCMP3
  -------         ENDMOD        ?C?FPCMP

  -------         MODULE        ?C?FPNEG
  C:033DH         PUBLIC        ?C?FPNEG
BL51 BANKED LINKER/LOCATER V6.22                                                      01/21/2019  11:57:40  PAGE 41


  -------         ENDMOD        ?C?FPNEG

  -------         MODULE        ?C?FCAST
  C:0358H         PUBLIC        ?C?FCASTC
  C:0353H         PUBLIC        ?C?FCASTI
  C:034EH         PUBLIC        ?C?FCASTL
  -------         ENDMOD        ?C?FCAST

  -------         MODULE        ?C?CASTF
  C:038CH         PUBLIC        ?C?CASTF
  -------         ENDMOD        ?C?CASTF

  -------         MODULE        ATAN2
  X:03CEH         PUBLIC        ?_atan2?BYTE
  C:3314H         PUBLIC        _atan2
  -------         ENDMOD        ATAN2

  -------         MODULE        SIN
  C:2B0CH         PUBLIC        _COS
  C:2B22H         PUBLIC        _SIN
  C:2B5EH         PUBLIC        _TAN
  -------         ENDMOD        SIN

  -------         MODULE        ACOS
  C:380BH         PUBLIC        _ACOS
  -------         ENDMOD        ACOS

  -------         MODULE        ASIN
  C:3919H         PUBLIC        _ASIN
  -------         ENDMOD        ASIN

  -------         MODULE        SQRT
  C:326CH         PUBLIC        _SQRT
  -------         ENDMOD        SQRT

  -------         MODULE        ATAN
  C:2DAAH         PUBLIC        _ATAN
  -------         ENDMOD        ATAN

  -------         MODULE        ?C?COPY
  C:052AH         PUBLIC        ?C?COPY
  -------         ENDMOD        ?C?COPY

  -------         MODULE        ?C?CLDPTR
  C:0550H         PUBLIC        ?C?CLDPTR
  -------         ENDMOD        ?C?CLDPTR

  -------         MODULE        ?C?CLDOPTR
  C:0569H         PUBLIC        ?C?CLDOPTR
  -------         ENDMOD        ?C?CLDOPTR

  -------         MODULE        ?C?CSTPTR
  C:0596H         PUBLIC        ?C?CSTPTR
  -------         ENDMOD        ?C?CSTPTR

  -------         MODULE        ?C?IMUL
  C:05A8H         PUBLIC        ?C?IMUL
BL51 BANKED LINKER/LOCATER V6.22                                                      01/21/2019  11:57:40  PAGE 42


  -------         ENDMOD        ?C?IMUL

  -------         MODULE        ?C?UIDIV
  C:05BAH         PUBLIC        ?C?UIDIV
  -------         ENDMOD        ?C?UIDIV

  -------         MODULE        ?C?SIDIV
  C:060FH         PUBLIC        ?C?SIDIV
  -------         ENDMOD        ?C?SIDIV

  -------         MODULE        ?C?ILDIX
  C:0645H         PUBLIC        ?C?ILDIX
  -------         ENDMOD        ?C?ILDIX

  -------         MODULE        ?C?ILDOPTR
  C:065BH         PUBLIC        ?C?ILDOPTR
  -------         ENDMOD        ?C?ILDOPTR

  -------         MODULE        ?C?LMUL
  C:0693H         PUBLIC        ?C?LMUL
  -------         ENDMOD        ?C?LMUL

  -------         MODULE        ?C?SLDIV
  C:3855H         PUBLIC        ?C?SLDIV
  -------         ENDMOD        ?C?SLDIV

  -------         MODULE        ?C?LNEG
  C:06E2H         PUBLIC        ?C?LNEG
  -------         ENDMOD        ?C?LNEG

  -------         MODULE        ?C?LLDPTR
  C:06F0H         PUBLIC        ?C?LLDPTR
  -------         ENDMOD        ?C?LLDPTR

  -------         MODULE        ?C?LLDOPTR
  C:0710H         PUBLIC        ?C?LLDOPTR
  -------         ENDMOD        ?C?LLDOPTR

  -------         MODULE        ?C?LSTPTR
  C:0740H         PUBLIC        ?C?LSTPTR
  -------         ENDMOD        ?C?LSTPTR

  -------         MODULE        ?C?LSTOPTR
  C:075AH         PUBLIC        ?C?LSTOPTR
  -------         ENDMOD        ?C?LSTOPTR

  -------         MODULE        ?C?LLDXDATA
  C:077EH         PUBLIC        ?C?LLDXDATA
  -------         ENDMOD        ?C?LLDXDATA

  -------         MODULE        ?C?LLDCODE
  C:078AH         PUBLIC        ?C?LLDCODE
  -------         ENDMOD        ?C?LLDCODE

  -------         MODULE        ?C?LLDXDATA0
  C:079AH         PUBLIC        ?C?LLDXDATA0
  -------         ENDMOD        ?C?LLDXDATA0
BL51 BANKED LINKER/LOCATER V6.22                                                      01/21/2019  11:57:40  PAGE 43



  -------         MODULE        ?C?LLDCODE0
  C:07A6H         PUBLIC        ?C?LLDCODE0
  -------         ENDMOD        ?C?LLDCODE0

  -------         MODULE        ?C?LLDPTR0
  C:07B6H         PUBLIC        ?C?LLDPTR0
  -------         ENDMOD        ?C?LLDPTR0

  -------         MODULE        ?C?LSTXDATA
  C:07D6H         PUBLIC        ?C?LSTXDATA
  -------         ENDMOD        ?C?LSTXDATA

  -------         MODULE        ?C?LSTKXDATA
  C:07E2H         PUBLIC        ?C?LSTKXDATA
  -------         ENDMOD        ?C?LSTKXDATA

  -------         MODULE        ?C?OFFXADD
  C:0813H         PUBLIC        ?C?OFFXADD
  -------         ENDMOD        ?C?OFFXADD

  -------         MODULE        ABS
  C:3C14H         PUBLIC        _ABS
  -------         ENDMOD        ABS

  -------         MODULE        ATOI
  C:2EACH         PUBLIC        _atoi
  -------         ENDMOD        ATOI

  -------         MODULE        ?C?IILDX
  C:081FH         PUBLIC        ?C?IILDX
  -------         ENDMOD        ?C?IILDX

  -------         MODULE        ?C?ULDIV
  C:0871H         PUBLIC        ?C?ULDIV
  -------         ENDMOD        ?C?ULDIV

  -------         MODULE        ?C?LLDIDATA
  C:0903H         PUBLIC        ?C?LLDIDATA
  -------         ENDMOD        ?C?LLDIDATA

  -------         MODULE        ?C?LLDPDATA
  C:090FH         PUBLIC        ?C?LLDPDATA
  -------         ENDMOD        ?C?LLDPDATA

  -------         MODULE        ?C?LLDIDATA0
  C:091BH         PUBLIC        ?C?LLDIDATA0
  -------         ENDMOD        ?C?LLDIDATA0

  -------         MODULE        ?C?LLDPDATA0
  C:0928H         PUBLIC        ?C?LLDPDATA0
  -------         ENDMOD        ?C?LLDPDATA0

  -------         MODULE        ?C?LSTIDATA
  C:0935H         PUBLIC        ?C?LSTIDATA
  -------         ENDMOD        ?C?LSTIDATA

BL51 BANKED LINKER/LOCATER V6.22                                                      01/21/2019  11:57:40  PAGE 44


  -------         MODULE        ?C?LSTPDATA
  C:0941H         PUBLIC        ?C?LSTPDATA
  -------         ENDMOD        ?C?LSTPDATA

  -------         MODULE        ISDIGIT
  C:3BECH         PUBLIC        _isdigit
  -------         ENDMOD        ISDIGIT

  -------         MODULE        ISSPACE
  C:3B87H         PUBLIC        _isspace
  -------         ENDMOD        ISSPACE

*** WARNING L16: UNCALLED SEGMENT, IGNORED FOR OVERLAY PROCESS
    SEGMENT: ?PR?_CALIB_INTERPOLATE?MAIN

*** WARNING L16: UNCALLED SEGMENT, IGNORED FOR OVERLAY PROCESS
    SEGMENT: ?PR?_DISPLAY_PROX?MAIN

*** WARNING L16: UNCALLED SEGMENT, IGNORED FOR OVERLAY PROCESS
    SEGMENT: ?PR?INITUART1?UART1

*** WARNING L16: UNCALLED SEGMENT, IGNORED FOR OVERLAY PROCESS
    SEGMENT: ?PR?_SENDSTRING?UART1

*** WARNING L16: UNCALLED SEGMENT, IGNORED FOR OVERLAY PROCESS
    SEGMENT: ?PR?_TEN?UART1

*** WARNING L16: UNCALLED SEGMENT, IGNORED FOR OVERLAY PROCESS
    SEGMENT: ?PR?_UNIT?UART1

*** WARNING L16: UNCALLED SEGMENT, IGNORED FOR OVERLAY PROCESS
    SEGMENT: ?PR?_DECTOBCD?UART1

*** WARNING L16: UNCALLED SEGMENT, IGNORED FOR OVERLAY PROCESS
    SEGMENT: ?PR?_ASCII_LETTER?UART1

*** WARNING L16: UNCALLED SEGMENT, IGNORED FOR OVERLAY PROCESS
    SEGMENT: ?PR?WAIT?BIPOLARMOTOR

*** WARNING L16: UNCALLED SEGMENT, IGNORED FOR OVERLAY PROCESS
    SEGMENT: ?PR?_FINDDET4X4?BIPOLARMOTOR

*** WARNING L16: UNCALLED SEGMENT, IGNORED FOR OVERLAY PROCESS
    SEGMENT: ?PR?NOP?IOEXPANDER_PI4IOE5V96248

*** WARNING L16: UNCALLED SEGMENT, IGNORED FOR OVERLAY PROCESS
    SEGMENT: ?PR?UC_ACK?IOEXPANDER_PI4IOE5V96248

*** WARNING L16: UNCALLED SEGMENT, IGNORED FOR OVERLAY PROCESS
    SEGMENT: ?PR?UC_NACK?IOEXPANDER_PI4IOE5V96248

*** WARNING L1: UNRESOLVED EXTERNAL SYMBOL
    SYMBOL:  AUTO_MODE
    MODULE:  .\Obj\main.obj (MAIN)

*** WARNING L2: REFERENCE MADE TO UNRESOLVED EXTERNAL
    SYMBOL:  AUTO_MODE
BL51 BANKED LINKER/LOCATER V6.22                                                      01/21/2019  11:57:40  PAGE 45


    MODULE:  .\Obj\main.obj (MAIN)
    ADDRESS: 17E8H

*** WARNING L2: REFERENCE MADE TO UNRESOLVED EXTERNAL
    SYMBOL:  AUTO_MODE
    MODULE:  .\Obj\main.obj (MAIN)
    ADDRESS: 18B8H

*** WARNING L2: REFERENCE MADE TO UNRESOLVED EXTERNAL
    SYMBOL:  AUTO_MODE
    MODULE:  .\Obj\main.obj (MAIN)
    ADDRESS: 18C6H

*** WARNING L2: REFERENCE MADE TO UNRESOLVED EXTERNAL
    SYMBOL:  AUTO_MODE
    MODULE:  .\Obj\main.obj (MAIN)
    ADDRESS: 18D8H

*** WARNING L2: REFERENCE MADE TO UNRESOLVED EXTERNAL
    SYMBOL:  AUTO_MODE
    MODULE:  .\Obj\main.obj (MAIN)
    ADDRESS: 191AH

*** WARNING L2: REFERENCE MADE TO UNRESOLVED EXTERNAL
    SYMBOL:  AUTO_MODE
    MODULE:  .\Obj\main.obj (MAIN)
    ADDRESS: 19EDH

*** WARNING L1: UNRESOLVED EXTERNAL SYMBOL
    SYMBOL:  AUTO_MODE
    MODULE:  .\Obj\KeyPad.obj (KEYPAD)

*** WARNING L2: REFERENCE MADE TO UNRESOLVED EXTERNAL
    SYMBOL:  AUTO_MODE
    MODULE:  .\Obj\KeyPad.obj (KEYPAD)
    ADDRESS: 21BDH

*** WARNING L2: REFERENCE MADE TO UNRESOLVED EXTERNAL
    SYMBOL:  AUTO_MODE
    MODULE:  .\Obj\KeyPad.obj (KEYPAD)
    ADDRESS: 21C8H

*** WARNING L2: REFERENCE MADE TO UNRESOLVED EXTERNAL
    SYMBOL:  AUTO_MODE
    MODULE:  .\Obj\KeyPad.obj (KEYPAD)
    ADDRESS: 21CFH

Program Size: data=18.2 xdata=1371 code=15438
LINK/LOCATE RUN COMPLETE.  24 WARNING(S),  0 ERROR(S)
