BL51 BANKED LINKER/LOCATER V6.22                                                        10/16/2018  11:42:10  PAGE 1


BL51 BANKED LINKER/LOCATER V6.22, INVOKED BY:
C:\KEIL_V5\C51\BIN\BL51.EXE .\Obj\main.obj, .\Obj\PCF85063BTL.obj, .\Obj\UART1.obj, .\Obj\LCd_Driver_SPLC780D.obj, .\Obj
>> \KeyPad.obj, .\Obj\VCNL4035.obj, .\Obj\BipolarMotor.obj, .\Obj\SunPos.obj, .\Obj\ADC.obj, .\Obj\Calibration.obj, .\Ob
>> j\STARTUP.obj TO .\Obj\GPIO_RTC_Test PRINT (.\Lis\GPIO_RTC_Test.m51) RAMSIZE (256)


MEMORY MODEL: LARGE WITH FLOATING POINT ARITHMETIC


INPUT MODULES INCLUDED:
  .\Obj\main.obj (MAIN)
  .\Obj\PCF85063BTL.obj (PCF85063BTL)
  .\Obj\UART1.obj (UART1)
  .\Obj\LCd_Driver_SPLC780D.obj (LCD_DRIVER_SPLC780D)
  .\Obj\KeyPad.obj (KEYPAD)
  .\Obj\VCNL4035.obj (VCNL4035)
  .\Obj\BipolarMotor.obj (BIPOLARMOTOR)
  .\Obj\SunPos.obj (SUNPOS)
  .\Obj\ADC.obj (ADC)
  .\Obj\Calibration.obj (CALIBRATION)
  .\Obj\STARTUP.obj (?C_STARTUP)
  C:\KEIL_V5\C51\LIB\C51FPL.LIB (?C?FPADD)
  C:\KEIL_V5\C51\LIB\C51FPL.LIB (?C?FPMUL)
  C:\KEIL_V5\C51\LIB\C51FPL.LIB (?C?FPDIV)
  C:\KEIL_V5\C51\LIB\C51FPL.LIB (?C?FPCMP)
  C:\KEIL_V5\C51\LIB\C51FPL.LIB (?C?FPNEG)
  C:\KEIL_V5\C51\LIB\C51FPL.LIB (?C?FCAST)
  C:\KEIL_V5\C51\LIB\C51FPL.LIB (?C?CASTF)
  C:\KEIL_V5\C51\LIB\C51FPL.LIB (ATAN2)
  C:\KEIL_V5\C51\LIB\C51FPL.LIB (SIN)
  C:\KEIL_V5\C51\LIB\C51FPL.LIB (ACOS)
  C:\KEIL_V5\C51\LIB\C51FPL.LIB (ASIN)
  C:\KEIL_V5\C51\LIB\C51FPL.LIB (?C?FPGETOPN)
  C:\KEIL_V5\C51\LIB\C51FPL.LIB (?C?FPSERIES)
  C:\KEIL_V5\C51\LIB\C51FPL.LIB (SQRT)
  C:\KEIL_V5\C51\LIB\C51FPL.LIB (ATAN)
  C:\KEIL_V5\C51\LIB\C51L.LIB (?C_INIT)
  C:\KEIL_V5\C51\LIB\C51L.LIB (?C?COPY)
  C:\KEIL_V5\C51\LIB\C51L.LIB (?C?CLDPTR)
  C:\KEIL_V5\C51\LIB\C51L.LIB (?C?CSTPTR)
  C:\KEIL_V5\C51\LIB\C51L.LIB (?C?IMUL)
  C:\KEIL_V5\C51\LIB\C51L.LIB (?C?UIDIV)
  C:\KEIL_V5\C51\LIB\C51L.LIB (?C?SIDIV)
  C:\KEIL_V5\C51\LIB\C51L.LIB (?C?ILDIX)
  C:\KEIL_V5\C51\LIB\C51L.LIB (?C?ILDOPTR)
  C:\KEIL_V5\C51\LIB\C51L.LIB (?C?LMUL)
  C:\KEIL_V5\C51\LIB\C51L.LIB (?C?SLDIV)
  C:\KEIL_V5\C51\LIB\C51L.LIB (?C?LNEG)
  C:\KEIL_V5\C51\LIB\C51L.LIB (?C?LLDPTR)
  C:\KEIL_V5\C51\LIB\C51L.LIB (?C?LLDOPTR)
  C:\KEIL_V5\C51\LIB\C51L.LIB (?C?LSTPTR)
  C:\KEIL_V5\C51\LIB\C51L.LIB (?C?LSTOPTR)
  C:\KEIL_V5\C51\LIB\C51L.LIB (?C?LLDXDATA)
  C:\KEIL_V5\C51\LIB\C51L.LIB (?C?LLDCODE)
  C:\KEIL_V5\C51\LIB\C51L.LIB (?C?LLDXDATA0)
  C:\KEIL_V5\C51\LIB\C51L.LIB (?C?LLDCODE0)
  C:\KEIL_V5\C51\LIB\C51L.LIB (?C?LLDPTR0)
  C:\KEIL_V5\C51\LIB\C51L.LIB (?C?LSTXDATA)
BL51 BANKED LINKER/LOCATER V6.22                                                      10/16/2018  11:42:10  PAGE 2


  C:\KEIL_V5\C51\LIB\C51L.LIB (?C?LSTKXDATA)
  C:\KEIL_V5\C51\LIB\C51L.LIB (?C?OFFXADD)
  C:\KEIL_V5\C51\LIB\C51L.LIB (ABS)
  C:\KEIL_V5\C51\LIB\C51L.LIB (ATOI)
  C:\KEIL_V5\C51\LIB\C51L.LIB (?C?IILDX)
  C:\KEIL_V5\C51\LIB\C51L.LIB (?C?ULDIV)
  C:\KEIL_V5\C51\LIB\C51L.LIB (?C?LLDIDATA)
  C:\KEIL_V5\C51\LIB\C51L.LIB (?C?LLDPDATA)
  C:\KEIL_V5\C51\LIB\C51L.LIB (?C?LLDIDATA0)
  C:\KEIL_V5\C51\LIB\C51L.LIB (?C?LLDPDATA0)
  C:\KEIL_V5\C51\LIB\C51L.LIB (?C?LSTIDATA)
  C:\KEIL_V5\C51\LIB\C51L.LIB (?C?LSTPDATA)
  C:\KEIL_V5\C51\LIB\C51L.LIB (ISDIGIT)
  C:\KEIL_V5\C51\LIB\C51L.LIB (ISSPACE)


LINK MAP OF MODULE:  .\Obj\GPIO_RTC_Test (MAIN)


            TYPE    BASE      LENGTH    RELOCATION   SEGMENT NAME
            -----------------------------------------------------

            * * * * * * *   D A T A   M E M O R Y   * * * * * * *
            REG     0000H     0008H     ABSOLUTE     "REG BANK 0"
            REG     0008H     0008H     ABSOLUTE     "REG BANK 1"
                    0010H     0010H                  *** GAP ***
            BIT     0020H.0   0000H.4   UNIT         ?BI?KEYPAD
            BIT     0020H.4   0000H.3   UNIT         _BIT_GROUP_
            BIT     0020H.7   0000H.1   UNIT         ?BI?MAIN
            IDATA   0021H     0001H     UNIT         ?STACK

            * * * * * * *  X D A T A   M E M O R Y  * * * * * * *
            XDATA   0000H     03C0H     UNIT         ?XD?BIPOLARMOTOR
            XDATA   03C0H     0136H     UNIT         _XDATA_GROUP_
            XDATA   04F6H     005CH     UNIT         ?XD?_FIND_REAL_MAX?CALIBRATION
            XDATA   0552H     0040H     UNIT         ?XD?_FINDDET4X4?BIPOLARMOTOR
            XDATA   0592H     0024H     UNIT         ?XD?MAIN
            XDATA   05B6H     0024H     UNIT         ?XD?_FINDDET3X3?BIPOLARMOTOR
            XDATA   05DAH     0018H     UNIT         ?XD?VOLTAGE_IS_STABLE?CALIBRATION
            XDATA   05F2H     000CH     UNIT         ?XD?_CALIBRATION?CALIBRATION
            XDATA   05FEH     0009H     UNIT         ?XD?KEYPAD
            XDATA   0607H     0008H     UNIT         ?XD?_READ_VCNL4035?VCNL4035
            XDATA   060FH     0004H     UNIT         ?XD?_DISPLAY_PROX?MAIN
            XDATA   0613H     0004H     UNIT         ?XD?_MAX_VALUE?CALIBRATION
            XDATA   0617H     0003H     UNIT         ?XD?_SENDSTRING?UART1
            XDATA   061AH     0001H     UNIT         ?XD?UC_ACK?VCNL4035
            XDATA   061BH     0001H     UNIT         ?XD?UC_NACK?VCNL4035
            XDATA   061CH     0001H     UNIT         ?XD?_DISPLAYLCD_VCNL4035?VCNL4035

            * * * * * * *   C O D E   M E M O R Y   * * * * * * *
            CODE    0000H     0003H     ABSOLUTE     
            CODE    0003H     0006H     UNIT         ?PR?_TEN?UART1
            CODE    0009H     0001H     UNIT         ?PR?TM0_ISR?MAIN
            CODE    000AH     0001H     UNIT         ?PR?_DECTOBCD?UART1
            CODE    000BH     0003H     ABSOLUTE     
            CODE    000EH     0015H     UNIT         ?PR?_DISPLAY_LINE?LCD_DRIVER_SPLC780D
            CODE    0023H     0003H     ABSOLUTE     
BL51 BANKED LINKER/LOCATER V6.22                                                      10/16/2018  11:42:10  PAGE 3


            CODE    0026H     08FAH     UNIT         ?C?LIB_CODE
            CODE    0920H     07E3H     UNIT         ?PR?_UPDATE_POSITION?BIPOLARMOTOR
            CODE    1103H     07A2H     UNIT         ?PR?SUNPOS?SUNPOS
            CODE    18A5H     0411H     UNIT         ?C_INITSEG
            CODE    1CB6H     02C1H     UNIT         ?PR?MAIN?MAIN
            CODE    1F77H     02C0H     UNIT         ?PR?_FINDDET4X4?BIPOLARMOTOR
            CODE    2237H     02A0H     UNIT         ?PR?KEY_PROCESS?KEYPAD
            CODE    24D7H     01F0H     UNIT         ?PR?_FIND_REAL_MAX?CALIBRATION
            CODE    26C7H     01D1H     UNIT         ?PR?_FINDDET3X3?BIPOLARMOTOR
            CODE    2898H     01BCH     UNIT         ?PR?_CALIB_INTERPOLATE?MAIN
            CODE    2A54H     01B5H     UNIT         ?PR?_DISPLAY_POS?MAIN
            CODE    2C09H     018DH     UNIT         ?PR?KEY_SCAN?KEYPAD
            CODE    2D96H     0188H     UNIT         ?PR?SIN?SIN
            CODE    2F1EH     0122H     UNIT         ?PR?ATAN?ATAN
            CODE    3040H     00DBH     UNIT         ?PR?_ATOI?ATOI
            CODE    311BH     00BBH     UNIT         ?PR?VOLTAGE_IS_STABLE?CALIBRATION
            CODE    31D6H     00B1H     UNIT         ?PR?LINEAR_INTERPOLATE?BIPOLARMOTOR
            CODE    3287H     00ACH     UNIT         ?PR?SQRT?SQRT
            CODE    3333H     009DH     UNIT         ?PR?_ATAN2?ATAN2
            CODE    33D0H     009BH     UNIT         ?PR?UART?MAIN
            CODE    346BH     009AH     UNIT         ?PR?_READ_VCNL4035?VCNL4035
            CODE    3505H     0095H     UNIT         ?PR?_DISPLAY_PROX?MAIN
            CODE    359AH     0092H     UNIT         ?PR?_MAX_VALUE?CALIBRATION
            CODE    362CH     008CH     UNIT         ?C_C51STARTUP
            CODE    36B8H     0084H     UNIT         ?PR?_DAY_OF_YEAR?PCF85063BTL
            CODE    373CH     0080H     UNIT         ?PR?_CALIBRATION?CALIBRATION
            CODE    37BCH     0075H     UNIT         ?PR?_WRITEDATA?LCD_DRIVER_SPLC780D
            CODE    3831H     006FH     UNIT         ?PR?_READ_TIME?PCF85063BTL
            CODE    38A0H     0059H     UNIT         ?PR?LCD_INIT?LCD_DRIVER_SPLC780D
            CODE    38F9H     0059H     UNIT         ?PR?_STEP_MOVE?BIPOLARMOTOR
            CODE    3952H     004AH     UNIT         ?PR?ACOS?ACOS
            CODE    399CH     0049H     UNIT         ?PR?_WRITE_VCNL4035X?VCNL4035
            CODE    39E5H     0044H     UNIT         ?C?LDIV
            CODE    3A29H     0040H     UNIT         ?PR?_COMMAND?LCD_DRIVER_SPLC780D
            CODE    3A69H     003BH     UNIT         ?PR?ASIN?ASIN
            CODE    3AA4H     0034H     UNIT         ?PR?_MOVE?BIPOLARMOTOR
            CODE    3AD8H     0033H     UNIT         ?PR?_SENDSTRING?UART1
            CODE    3B0BH     002CH     UNIT         ?PR?I2C_RECEIVEBYTE?VCNL4035
            CODE    3B37H     002BH     UNIT         ?PR?_WAIT_MS_I2C?VCNL4035
            CODE    3B62H     0024H     UNIT         ?PR?_WAIT_MS?LCD_DRIVER_SPLC780D
            CODE    3B86H     0022H     UNIT         ?PR?_I2C_SENDBYTE?VCNL4035
            CODE    3BA8H     0022H     UNIT         ?PR?_ADC_GETRESULT?ADC
            CODE    3BCAH     0020H     UNIT         ?PR?_SPI_SENDBYTE?PCF85063BTL
            CODE    3BEAH     0020H     UNIT         ?PR?SPI_RECEIVEBYTE?PCF85063BTL
            CODE    3C0AH     001EH     UNIT         ?PR?_DELAY_MS?KEYPAD
            CODE    3C28H     001EH     UNIT         ?PR?_WAIT_MS_IIC?VCNL4035
            CODE    3C46H     001DH     UNIT         ?PR?_DISPLAYLCD?LCD_DRIVER_SPLC780D
            CODE    3C63H     001BH     UNIT         ?PR?I2C_ACK?VCNL4035
            CODE    3C7EH     001BH     UNIT         ?PR?_BCDTODEC1?BIPOLARMOTOR
            CODE    3C99H     0018H     UNIT         ?PR?_SPI_WRITETIME?PCF85063BTL
            CODE    3CB1H     0017H     UNIT         ?PR?_ASCIITOBCD?UART1
            CODE    3CC8H     0017H     UNIT         ?PR?I2C_INIT?VCNL4035
            CODE    3CDFH     0015H     UNIT         ?PR?I2C_STOP?VCNL4035
            CODE    3CF4H     0014H     UNIT         ?PR?_PCF85063BTL_DELAY?PCF85063BTL
            CODE    3D08H     0014H     UNIT         ?PR?_ISSPACE?ISSPACE
            CODE    3D1CH     0013H     UNIT         ?PR?I2C_START?VCNL4035
            CODE    3D2FH     0011H     UNIT         ?PR?_SPI_READTIME?PCF85063BTL
BL51 BANKED LINKER/LOCATER V6.22                                                      10/16/2018  11:42:10  PAGE 4


            CODE    3D40H     0011H     UNIT         ?PR?_BCDTODEC?PCF85063BTL
            CODE    3D51H     0011H     UNIT         ?PR?INITUART1?UART1
            CODE    3D62H     0010H     UNIT         ?PR?ADC_INIT?ADC
            CODE    3D72H     000FH     UNIT         ?PR?UC_NACK?VCNL4035
            CODE    3D81H     000FH     UNIT         ?PR?_ISDIGIT?ISDIGIT
            CODE    3D90H     000DH     UNIT         ?PR?SPI_INIT?PCF85063BTL
            CODE    3D9DH     000CH     UNIT         ?PR?KEYPAD_IO_INIT?KEYPAD
            CODE    3DA9H     000CH     UNIT         ?PR?_ABS?ABS
            CODE    3DB5H     000AH     UNIT         ?PR?LCD_RETURN_HOME?LCD_DRIVER_SPLC780D
            CODE    3DBFH     000AH     UNIT         ?PR?LCD_CLEAR?LCD_DRIVER_SPLC780D
            CODE    3DC9H     0009H     UNIT         ?PR?_SENDUART1?MAIN
            CODE    3DD2H     0006H     UNIT         ?PR?UC_ACK?VCNL4035
            CODE    3DD8H     0006H     UNIT         ?PR?_DISPLAYLCD_VCNL4035?VCNL4035
            CODE    3DDEH     0005H     UNIT         ?PR?_UNIT?UART1
            CODE    3DE3H     0005H     UNIT         ?PR?_ASCII_LETTER?UART1
            CODE    3DE8H     0001H     UNIT         ?PR?NOP?VCNL4035



OVERLAY MAP OF MODULE:   .\Obj\GPIO_RTC_Test (MAIN)


SEGMENT                                            BIT_GROUP          XDATA_GROUP
  +--> CALLED SEGMENT                           START    LENGTH     START    LENGTH
-----------------------------------------------------------------------------------
?PR?UART?MAIN                                   -----    -----      -----    -----
  +--> ?PR?_ASCIITOBCD?UART1

?PR?_ASCIITOBCD?UART1                           -----    -----      -----    -----
  +--> ?PR?_ATOI?ATOI

?PR?_ATOI?ATOI                                  0020H.4  0000H.1    03C0H    0005H
  +--> ?PR?_ISSPACE?ISSPACE
  +--> ?PR?_ISDIGIT?ISDIGIT

*** NEW ROOT ***************************************************

?C_C51STARTUP                                   -----    -----      -----    -----
  +--> ?PR?MAIN?MAIN
  +--> ?C_INITSEG

?PR?MAIN?MAIN                                   -----    -----      03C5H    0017H
  +--> ?PR?LCD_INIT?LCD_DRIVER_SPLC780D
  +--> ?PR?SPI_INIT?PCF85063BTL
  +--> ?PR?KEYPAD_IO_INIT?KEYPAD
  +--> ?PR?I2C_INIT?VCNL4035
  +--> ?PR?_DELAY_MS?KEYPAD
  +--> ?PR?_DISPLAY_LINE?LCD_DRIVER_SPLC780D
  +--> ?PR?_WRITEDATA?LCD_DRIVER_SPLC780D
  +--> ?PR?KEY_PROCESS?KEYPAD
  +--> ?PR?_COMMAND?LCD_DRIVER_SPLC780D
  +--> ?PR?_DISPLAY_POS?MAIN
  +--> ?PR?_DISPLAYLCD?LCD_DRIVER_SPLC780D
  +--> ?PR?_STEP_MOVE?BIPOLARMOTOR
  +--> ?PR?LCD_RETURN_HOME?LCD_DRIVER_SPLC780D
  +--> ?PR?_READ_TIME?PCF85063BTL
  +--> ?PR?_CALIB_INTERPOLATE?MAIN
BL51 BANKED LINKER/LOCATER V6.22                                                      10/16/2018  11:42:10  PAGE 5


  +--> ?PR?_UPDATE_POSITION?BIPOLARMOTOR

?PR?LCD_INIT?LCD_DRIVER_SPLC780D                -----    -----      -----    -----
  +--> ?PR?_WAIT_MS?LCD_DRIVER_SPLC780D
  +--> ?PR?_COMMAND?LCD_DRIVER_SPLC780D

?PR?_COMMAND?LCD_DRIVER_SPLC780D                -----    -----      -----    -----
  +--> ?PR?_WAIT_MS?LCD_DRIVER_SPLC780D

?PR?I2C_INIT?VCNL4035                           -----    -----      -----    -----
  +--> ?PR?_WRITE_VCNL4035X?VCNL4035

?PR?_WRITE_VCNL4035X?VCNL4035                   -----    -----      03DCH    0003H
  +--> ?PR?I2C_START?VCNL4035
  +--> ?PR?_WAIT_MS_I2C?VCNL4035
  +--> ?PR?I2C_ACK?VCNL4035
  +--> ?PR?_I2C_SENDBYTE?VCNL4035
  +--> ?PR?I2C_STOP?VCNL4035

?PR?I2C_START?VCNL4035                          -----    -----      -----    -----
  +--> ?PR?_WAIT_MS_IIC?VCNL4035
  +--> ?PR?_WAIT_MS_I2C?VCNL4035

?PR?I2C_ACK?VCNL4035                            -----    -----      03DFH    0001H
  +--> ?PR?_I2C_SENDBYTE?VCNL4035
  +--> ?PR?_WAIT_MS_I2C?VCNL4035

?PR?_I2C_SENDBYTE?VCNL4035                      -----    -----      -----    -----
  +--> ?PR?_WAIT_MS_I2C?VCNL4035

?PR?I2C_STOP?VCNL4035                           -----    -----      -----    -----
  +--> ?PR?_WAIT_MS_I2C?VCNL4035

?PR?_DISPLAY_LINE?LCD_DRIVER_SPLC780D           -----    -----      -----    -----
  +--> ?PR?_COMMAND?LCD_DRIVER_SPLC780D

?PR?_WRITEDATA?LCD_DRIVER_SPLC780D              -----    -----      03E6H    0001H
  +--> ?PR?_WAIT_MS?LCD_DRIVER_SPLC780D

?PR?KEY_PROCESS?KEYPAD                          -----    -----      03DCH    0006H
  +--> ?PR?KEY_SCAN?KEYPAD
  +--> ?PR?_SPI_WRITETIME?PCF85063BTL
  +--> ?PR?LCD_CLEAR?LCD_DRIVER_SPLC780D
  +--> ?PR?_COMMAND?LCD_DRIVER_SPLC780D
  +--> ?PR?_WRITEDATA?LCD_DRIVER_SPLC780D

?PR?KEY_SCAN?KEYPAD                             -----    -----      03E2H    0003H

?PR?_SPI_WRITETIME?PCF85063BTL                  -----    -----      -----    -----
  +--> ?PR?_SPI_SENDBYTE?PCF85063BTL

?PR?_SPI_SENDBYTE?PCF85063BTL                   -----    -----      -----    -----
  +--> ?PR?_PCF85063BTL_DELAY?PCF85063BTL

?PR?LCD_CLEAR?LCD_DRIVER_SPLC780D               -----    -----      -----    -----
  +--> ?PR?_COMMAND?LCD_DRIVER_SPLC780D

BL51 BANKED LINKER/LOCATER V6.22                                                      10/16/2018  11:42:10  PAGE 6


?PR?_DISPLAY_POS?MAIN                           -----    -----      03DCH    000AH
  +--> ?PR?_ABS?ABS
  +--> ?PR?_WRITEDATA?LCD_DRIVER_SPLC780D

?PR?_DISPLAYLCD?LCD_DRIVER_SPLC780D             -----    -----      03DCH    0001H
  +--> ?PR?_WRITEDATA?LCD_DRIVER_SPLC780D

?PR?_STEP_MOVE?BIPOLARMOTOR                     0020H.6  0000H.1    0491H    0004H
  +--> ?PR?_WAIT_MS?LCD_DRIVER_SPLC780D

?PR?LCD_RETURN_HOME?LCD_DRIVER_SPLC780D         -----    -----      -----    -----
  +--> ?PR?_COMMAND?LCD_DRIVER_SPLC780D

?PR?_READ_TIME?PCF85063BTL                      -----    -----      03DCH    000FH
  +--> ?PR?_SPI_READTIME?PCF85063BTL

?PR?_SPI_READTIME?PCF85063BTL                   -----    -----      -----    -----
  +--> ?PR?_SPI_SENDBYTE?PCF85063BTL
  +--> ?PR?SPI_RECEIVEBYTE?PCF85063BTL

?PR?SPI_RECEIVEBYTE?PCF85063BTL                 -----    -----      -----    -----
  +--> ?PR?_PCF85063BTL_DELAY?PCF85063BTL

?PR?_CALIB_INTERPOLATE?MAIN                     -----    -----      03DCH    001EH
  +--> ?PR?_BCDTODEC1?BIPOLARMOTOR

?PR?_UPDATE_POSITION?BIPOLARMOTOR               -----    -----      03DCH    00B1H
  +--> ?PR?_BCDTODEC1?BIPOLARMOTOR
  +--> ?PR?SUNPOS?SUNPOS
  +--> ?PR?SIN?SIN
  +--> ?PR?ASIN?ASIN
  +--> ?PR?LINEAR_INTERPOLATE?BIPOLARMOTOR
  +--> ?PR?_ABS?ABS
  +--> ?PR?_MOVE?BIPOLARMOTOR

?PR?SUNPOS?SUNPOS                               -----    -----      048DH    005DH
  +--> ?PR?SIN?SIN
  +--> ?PR?_ATAN2?ATAN2
  +--> ?PR?ASIN?ASIN
  +--> ?PR?ACOS?ACOS

?PR?SIN?SIN                                     0020H.5  0000H.1    04EAH    0004H

?PR?_ATAN2?ATAN2                                -----    -----      04EAH    0008H
  +--> ?PR?ATAN?ATAN

?PR?ATAN?ATAN                                   0020H.5  0000H.2    04F2H    0004H

?PR?ASIN?ASIN                                   -----    -----      -----    -----
  +--> ?PR?SQRT?SQRT
  +--> ?PR?ATAN?ATAN

?PR?SQRT?SQRT                                   -----    -----      04EAH    0004H

?PR?ACOS?ACOS                                   -----    -----      -----    -----
  +--> ?PR?SQRT?SQRT
  +--> ?PR?ATAN?ATAN
BL51 BANKED LINKER/LOCATER V6.22                                                      10/16/2018  11:42:10  PAGE 7



?PR?LINEAR_INTERPOLATE?BIPOLARMOTOR             -----    -----      048DH    0014H

?PR?_MOVE?BIPOLARMOTOR                          0020H.5  0000H.1    048DH    0004H
  +--> ?PR?_STEP_MOVE?BIPOLARMOTOR



UNRESOLVED EXTERNAL SYMBOLS:
   AUTO_MODE
   CALIB_MODE



SYMBOL TABLE OF MODULE:  .\Obj\GPIO_RTC_Test (MAIN)

  VALUE           TYPE          NAME
  ----------------------------------

  -------         MODULE        MAIN
  C:0000H         SYMBOL        _ICE_DUMMY_
  X:059AH         PUBLIC        calib_value
  D:0080H         PUBLIC        P0
  D:0090H         PUBLIC        P1
  D:00A0H         PUBLIC        P2
  D:00B0H         PUBLIC        P3
  D:00C0H         PUBLIC        P4
  D:00C8H         PUBLIC        P5
  X:059DH         SYMBOL        PressedKey
  B:00A8H.7       PUBLIC        EA
  D:00E8H         PUBLIC        P6
  D:00F8H         PUBLIC        P7
  X:05A1H         PUBLIC        RX_Data_Uart_Cnt
  C:2898H         PUBLIC        _calib_interpolate
  D:00A8H         PUBLIC        IE
  X:05A3H         PUBLIC        calib_time
  D:00B8H         PUBLIC        IP
  B:0098H.0       PUBLIC        RI
  B:0098H.1       PUBLIC        TI
  C:33D0H         PUBLIC        Uart
  D:00D8H         PUBLIC        CCON
  C:1CB6H         PUBLIC        main
  X:05A6H         PUBLIC        count
  D:0099H         PUBLIC        SBUF
  D:0098H         PUBLIC        SCON
  D:0089H         PUBLIC        TMOD
  D:0088H         PUBLIC        TCON
  B:00B0H.3       PUBLIC        P33
  X:05A8H         SYMBOL        KeyCount
  X:05AAH         PUBLIC        Rec_data_hour
  X:05ADH         PUBLIC        Rec_data_min
  D:008EH         PUBLIC        AUXR
  C:0009H         PUBLIC        tm0_isr
  B:0020H.7       PUBLIC        busy
  D:00E0H         PUBLIC        ACC
  B:00A8H.1       PUBLIC        ET0
  D:008CH         PUBLIC        TH0
BL51 BANKED LINKER/LOCATER V6.22                                                      10/16/2018  11:42:10  PAGE 8


  X:05B0H         PUBLIC        hour_count
  D:008AH         PUBLIC        TL0
  X:05B1H         PUBLIC        min_count
  B:0088H.4       PUBLIC        TR0
  X:05B2H         SYMBOL        KeyNum
  X:05B3H         SYMBOL        KeyNum_Old
  C:3505H         PUBLIC        _Display_Prox
  C:2A54H         PUBLIC        _Display_Pos
  X:05B4H         PUBLIC        st_time
  D:00D0H         PUBLIC        PSW
  C:3DC9H         PUBLIC        _SendUART1
  -------         PROC          TM0_ISR
  C:0009H         LINE#         66
  C:0009H         LINE#         69
  -------         ENDPROC       TM0_ISR
  -------         PROC          MAIN
  -------         DO            
  X:03C5H         SYMBOL        seconds
  X:03C6H         SYMBOL        mins
  X:03C7H         SYMBOL        hours
  X:03C8H         SYMBOL        days
  X:03C9H         SYMBOL        months
  X:03CAH         SYMBOL        mins1
  X:03CBH         SYMBOL        hours1
  X:03CCH         SYMBOL        mins2
  X:03CDH         SYMBOL        hours2
  X:03CEH         SYMBOL        prox_data
  X:0592H         SYMBOL        KeyCount
  X:0594H         SYMBOL        KeyNum_Old
  X:0595H         SYMBOL        KeyNum
  X:0596H         SYMBOL        PressedKey
  X:03D0H         SYMBOL        prox_flag
  X:03D1H         SYMBOL        calib_day
  X:03D3H         SYMBOL        numStr
  X:03D8H         SYMBOL        current_position
  -------         ENDDO         
  C:1CB6H         LINE#         71
  C:1CB6H         LINE#         72
  C:1CB6H         LINE#         77
  C:1CBCH         LINE#         79
  C:1CC1H         LINE#         81
  C:1CCBH         LINE#         83
  C:1CD3H         LINE#         84
  C:1CD5H         LINE#         85
  C:1CD7H         LINE#         86
  C:1CD9H         LINE#         87
  C:1CE0H         LINE#         96
  C:1CE3H         LINE#         97
  C:1CE6H         LINE#         98
  C:1CE9H         LINE#         100
  C:1CECH         LINE#         102
  C:1CEFH         LINE#         103
  C:1CF2H         LINE#         104
  C:1CF5H         LINE#         105
  C:1CF7H         LINE#         106
  C:1CF9H         LINE#         107
  C:1CFBH         LINE#         109
BL51 BANKED LINKER/LOCATER V6.22                                                      10/16/2018  11:42:10  PAGE 9


  C:1CFDH         LINE#         111
  C:1D04H         LINE#         113
  C:1D0BH         LINE#         117
  C:1D12H         LINE#         118
  C:1D17H         LINE#         119
  C:1D1CH         LINE#         120
  C:1D21H         LINE#         121
  C:1D26H         LINE#         122
  C:1D2BH         LINE#         125
  C:1D2BH         LINE#         126
  C:1D2BH         LINE#         127
  C:1D2EH         LINE#         130
  C:1D2EH         LINE#         133
  C:1D33H         LINE#         134
  C:1D38H         LINE#         136
  C:1D3DH         LINE#         137
  C:1D42H         LINE#         138
  C:1D47H         LINE#         139
  C:1D4CH         LINE#         141
  C:1D5DH         LINE#         143
  C:1D64H         LINE#         144
  C:1D6CH         LINE#         145
  C:1D71H         LINE#         146
  C:1D79H         LINE#         147
  C:1D7EH         LINE#         148
  C:1D88H         LINE#         149
  C:1D8DH         LINE#         150
  C:1D95H         LINE#         152
  C:1D9DH         LINE#         153
  C:1DA2H         LINE#         154
  C:1DACH         LINE#         155
  C:1DACH         LINE#         156
  C:1DAEH         LINE#         157
  C:1DB0H         LINE#         158
  C:1DBAH         LINE#         159
  C:1DBAH         LINE#         160
  C:1DBFH         LINE#         161
  C:1DBFH         LINE#         173
  C:1DCCH         LINE#         174
  C:1DCCH         LINE#         175
  C:1DD6H         LINE#         176
  C:1DEDH         LINE#         177
  C:1DEDH         LINE#         178
  C:1DEFH         LINE#         179
  C:1DF1H         LINE#         181
  C:1DF1H         LINE#         182
  C:1DFCH         LINE#         183
  C:1DFCH         LINE#         184
  C:1E01H         LINE#         185
  C:1E01H         LINE#         186
  C:1E0EH         LINE#         187
  C:1E0EH         LINE#         190
  C:1E18H         LINE#         191
  C:1E2FH         LINE#         192
  C:1E2FH         LINE#         193
  C:1E31H         LINE#         194
  C:1E33H         LINE#         196
BL51 BANKED LINKER/LOCATER V6.22                                                      10/16/2018  11:42:10  PAGE 10


  C:1E33H         LINE#         197
  C:1E3EH         LINE#         198
  C:1E3EH         LINE#         199
  C:1E43H         LINE#         200
  C:1E45H         LINE#         201
  C:1E45H         LINE#         210
  C:1E67H         LINE#         211
  C:1E67H         LINE#         212
  C:1E71H         LINE#         213
  C:1E77H         LINE#         214
  C:1E79H         LINE#         215
  C:1E7BH         LINE#         216
  C:1E7DH         LINE#         217
  C:1E7DH         LINE#         218
  C:1E80H         LINE#         220
  C:1E80H         LINE#         221
  C:1E88H         LINE#         222
  C:1E90H         LINE#         223
  C:1E98H         LINE#         224
  C:1EA0H         LINE#         225
  C:1EDBH         LINE#         229
  C:1EE8H         LINE#         230
  C:1EE8H         LINE#         232
  C:1F1BH         LINE#         234
  C:1F1BH         LINE#         236
  C:1F74H         LINE#         237
  C:1F74H         LINE#         239
  C:1F74H         LINE#         274
  -------         ENDPROC       MAIN
  -------         PROC          UART
  C:33D0H         LINE#         281
  C:33DDH         LINE#         283
  C:33E0H         LINE#         284
  C:33E0H         LINE#         285
  C:33EEH         LINE#         286
  C:33F0H         LINE#         287
  C:3402H         LINE#         288
  C:3411H         LINE#         289
  C:341CH         LINE#         290
  C:341CH         LINE#         293
  C:3429H         LINE#         294
  C:342FH         LINE#         295
  C:342FH         LINE#         296
  C:3435H         LINE#         297
  C:3443H         LINE#         298
  C:3451H         LINE#         299
  C:3459H         LINE#         304
  C:3459H         LINE#         305
  C:3459H         LINE#         308
  C:3459H         LINE#         309
  C:345CH         LINE#         310
  C:345CH         LINE#         311
  C:345EH         LINE#         312
  C:3460H         LINE#         313
  C:3460H         LINE#         314
  -------         ENDPROC       UART
  -------         PROC          _CALIB_INTERPOLATE
BL51 BANKED LINKER/LOCATER V6.22                                                      10/16/2018  11:42:10  PAGE 11


  X:03DCH         SYMBOL        hours
  X:03E0H         SYMBOL        mins
  -------         DO            
  X:03E4H         SYMBOL        p_calib1
  X:03ECH         SYMBOL        p_calib2
  X:03F4H         SYMBOL        i
  X:03F6H         SYMBOL        current_time
  -------         ENDDO         
  C:2898H         LINE#         317
  C:289EH         LINE#         318
  C:289EH         LINE#         322
  C:28F5H         LINE#         324
  C:291BH         LINE#         325
  C:291BH         LINE#         326
  C:298EH         LINE#         327
  C:298EH         LINE#         328
  C:29B7H         LINE#         329
  C:29E0H         LINE#         331
  C:2A0CH         LINE#         332
  C:2A38H         LINE#         334
  C:2A3AH         LINE#         335
  C:2A3AH         LINE#         336
  C:2A4EH         LINE#         337
  C:2A53H         LINE#         339
  -------         ENDPROC       _CALIB_INTERPOLATE
  -------         PROC          _SENDUART1
  D:0007H         SYMBOL        dat
  C:3DC9H         LINE#         342
  C:3DC9H         LINE#         343
  C:3DC9H         LINE#         344
  C:3DCCH         LINE#         345
  C:3DCEH         LINE#         346
  C:3DCFH         LINE#         347
  C:3DD1H         LINE#         348
  -------         ENDPROC       _SENDUART1
  -------         PROC          _DISPLAY_PROX
  D:0002H         SYMBOL        dat
  -------         DO            
  X:060FH         SYMBOL        unit
  X:0610H         SYMBOL        ten
  X:0611H         SYMBOL        hundred
  X:0612H         SYMBOL        thousand
  -------         ENDDO         
  C:3505H         LINE#         351
  C:3509H         LINE#         352
  C:3509H         LINE#         354
  C:3515H         LINE#         355
  C:3525H         LINE#         356
  C:3541H         LINE#         357
  C:3571H         LINE#         358
  C:357BH         LINE#         359
  C:3585H         LINE#         360
  C:358FH         LINE#         361
  C:3599H         LINE#         363
  -------         ENDPROC       _DISPLAY_PROX
  -------         PROC          _DISPLAY_POS
  X:03DCH         SYMBOL        sign_dat
BL51 BANKED LINKER/LOCATER V6.22                                                      10/16/2018  11:42:10  PAGE 12


  -------         DO            
  X:03E0H         SYMBOL        unit
  X:03E1H         SYMBOL        ten
  X:03E2H         SYMBOL        hundred
  D:0003H         SYMBOL        thousand
  X:03E3H         SYMBOL        after_dot
  X:03E4H         SYMBOL        dat
  -------         ENDDO         
  C:2A54H         LINE#         366
  C:2A5AH         LINE#         367
  C:2A5AH         LINE#         371
  C:2A76H         LINE#         372
  C:2A90H         LINE#         373
  C:2AB4H         LINE#         375
  C:2AFEH         LINE#         377
  C:2B15H         LINE#         378
  C:2B22H         LINE#         379
  C:2B44H         LINE#         380
  C:2B79H         LINE#         381
  C:2B91H         LINE#         382
  C:2B91H         LINE#         384
  C:2B9BH         LINE#         385
  C:2BA5H         LINE#         386
  C:2BAFH         LINE#         387
  C:2BB4H         LINE#         388
  C:2BBEH         LINE#         389
  C:2BC3H         LINE#         390
  C:2BC8H         LINE#         391
  C:2BCAH         LINE#         392
  C:2BCCH         LINE#         394
  C:2BCCH         LINE#         396
  C:2BD1H         LINE#         397
  C:2BDBH         LINE#         398
  C:2BE5H         LINE#         399
  C:2BEFH         LINE#         400
  C:2BF4H         LINE#         401
  C:2BFEH         LINE#         402
  C:2C03H         LINE#         403
  C:2C08H         LINE#         405
  C:2C08H         LINE#         407
  -------         ENDPROC       _DISPLAY_POS
  -------         ENDMOD        MAIN

  -------         MODULE        PCF85063BTL
  C:0000H         SYMBOL        _ICE_DUMMY_
  D:0096H         PUBLIC        P2M0
  D:0080H         PUBLIC        P0
  D:0095H         PUBLIC        P2M1
  D:0090H         PUBLIC        P1
  D:00A0H         PUBLIC        P2
  D:00B0H         PUBLIC        P3
  D:00C0H         PUBLIC        P4
  D:00C8H         PUBLIC        P5
  D:00E8H         PUBLIC        P6
  B:00A0H.2       PUBLIC        PCF85063BTL_SDI
  D:00F8H         PUBLIC        P7
  B:00A0H.1       PUBLIC        PCF85063BTL_SCK
BL51 BANKED LINKER/LOCATER V6.22                                                      10/16/2018  11:42:10  PAGE 13


  B:00A0H.2       PUBLIC        PCF85063BTL_SDO
  D:00A8H         PUBLIC        IE
  C:3831H         PUBLIC        _Read_time
  C:3CFAH         PUBLIC        _PCF85063BTL_Delay
  D:00B8H         PUBLIC        IP
  D:00D8H         PUBLIC        CCON
  C:36B8H         PUBLIC        _Day_Of_Year
  C:3BEAH         PUBLIC        SPI_ReceiveByte
  D:0098H         PUBLIC        SCON
  D:0088H         PUBLIC        TCON
  C:3D40H         PUBLIC        _BCDtoDec
  B:00A0H.0       PUBLIC        PCF85063BTL_CS
  C:3D2FH         PUBLIC        _SPI_ReadTime
  C:3D90H         PUBLIC        SPI_Init
  C:3C99H         PUBLIC        _SPI_WriteTime
  C:3BCAH         PUBLIC        _SPI_SendByte
  D:00D0H         PUBLIC        PSW
  C:3CF6H         SYMBOL        L?0047
  -------         PROC          L?0046
  -------         ENDPROC       L?0046
  C:3CF6H         SYMBOL        L?0047
  -------         PROC          _PCF85063BTL_DELAY
  D:0006H         SYMBOL        us
  C:3CFAH         LINE#         8
  C:3CFAH         LINE#         9
  C:3CFAH         LINE#         10
  C:3D04H         LINE#         11
  C:3D04H         LINE#         12
  C:3D05H         LINE#         13
  C:3D07H         LINE#         14
  -------         ENDPROC       _PCF85063BTL_DELAY
  -------         PROC          _SPI_SENDBYTE
  D:0005H         SYMBOL        dat
  -------         DO            
  D:0003H         SYMBOL        i
  -------         ENDDO         
  C:3BCAH         LINE#         17
  C:3BCCH         LINE#         18
  C:3BCCH         LINE#         20
  C:3BCEH         LINE#         21
  C:3BCEH         LINE#         22
  C:3BD0H         LINE#         23
  C:3BD4H         LINE#         24
  C:3BD4H         LINE#         25
  C:3BD6H         LINE#         26
  C:3BD8H         LINE#         28
  C:3BD8H         LINE#         29
  C:3BDAH         LINE#         30
  C:3BDAH         LINE#         31
  C:3BDDH         LINE#         32
  C:3BDDH         LINE#         33
  C:3BE0H         LINE#         34
  C:3BE4H         LINE#         35
  C:3BE9H         LINE#         36
  -------         ENDPROC       _SPI_SENDBYTE
  -------         PROC          SPI_RECEIVEBYTE
  -------         DO            
BL51 BANKED LINKER/LOCATER V6.22                                                      10/16/2018  11:42:10  PAGE 14


  D:0003H         SYMBOL        i
  D:0005H         SYMBOL        dat
  -------         ENDDO         
  C:3BEAH         LINE#         39
  C:3BEAH         LINE#         40
  C:3BEAH         LINE#         42
  C:3BECH         LINE#         44
  C:3BEEH         LINE#         45
  C:3BEFH         LINE#         46
  C:3BEFH         LINE#         47
  C:3BF3H         LINE#         48
  C:3BF5H         LINE#         49
  C:3BF8H         LINE#         51
  C:3BFBH         LINE#         52
  C:3BFBH         LINE#         53
  C:3BFFH         LINE#         54
  C:3BFFH         LINE#         55
  C:3BFFH         LINE#         56
  C:3C02H         LINE#         57
  C:3C07H         LINE#         58
  C:3C09H         LINE#         59
  -------         ENDPROC       SPI_RECEIVEBYTE
  -------         PROC          _SPI_READTIME
  D:0007H         SYMBOL        addr
  -------         DO            
  D:0006H         SYMBOL        dat
  -------         ENDDO         
  C:3D2FH         LINE#         61
  C:3D2FH         LINE#         62
  C:3D2FH         LINE#         64
  C:3D31H         LINE#         65
  C:3D33H         LINE#         66
  C:3D3AH         LINE#         67
  C:3D3DH         LINE#         68
  C:3D3FH         LINE#         69
  C:3D3FH         LINE#         70
  -------         ENDPROC       _SPI_READTIME
  -------         PROC          _SPI_WRITETIME
  D:0002H         SYMBOL        val
  D:0005H         SYMBOL        addr
  C:3C99H         LINE#         71
  C:3C9BH         LINE#         72
  C:3C9BH         LINE#         74
  C:3C9DH         LINE#         75
  C:3CA4H         LINE#         76
  C:3CA9H         LINE#         77
  C:3CAEH         LINE#         78
  C:3CB0H         LINE#         79
  -------         ENDPROC       _SPI_WRITETIME
  -------         PROC          SPI_INIT
  C:3D90H         LINE#         83
  C:3D90H         LINE#         84
  C:3D90H         LINE#         89
  C:3D93H         LINE#         90
  C:3D96H         LINE#         91
  C:3D98H         LINE#         92
  C:3D9AH         LINE#         93
BL51 BANKED LINKER/LOCATER V6.22                                                      10/16/2018  11:42:10  PAGE 15


  C:3D9CH         LINE#         94
  -------         ENDPROC       SPI_INIT
  -------         PROC          _READ_TIME
  X:03DCH         SYMBOL        months
  X:03DFH         SYMBOL        days
  X:03E2H         SYMBOL        hours
  X:03E5H         SYMBOL        mins
  X:03E8H         SYMBOL        seconds
  C:3831H         LINE#         96
  C:383CH         LINE#         97
  C:383CH         LINE#         99
  C:3850H         LINE#         101
  C:3864H         LINE#         103
  C:3878H         LINE#         108
  C:388CH         LINE#         113
  -------         ENDPROC       _READ_TIME
  -------         PROC          _BCDTODEC
  D:0007H         SYMBOL        bcd
  -------         DO            
  D:0006H         SYMBOL        hi
  D:0007H         SYMBOL        lo
  -------         ENDDO         
  C:3D40H         LINE#         119
  C:3D40H         LINE#         120
  C:3D40H         LINE#         122
  C:3D45H         LINE#         123
  C:3D49H         LINE#         124
  C:3D50H         LINE#         125
  -------         ENDPROC       _BCDTODEC
  -------         PROC          _DAY_OF_YEAR
  D:0007H         SYMBOL        months_bcd
  D:0005H         SYMBOL        days_bcd
  -------         DO            
  D:0004H         SYMBOL        months
  D:0007H         SYMBOL        days
  -------         ENDDO         
  C:36B8H         LINE#         126
  C:36B8H         LINE#         127
  C:36B8H         LINE#         130
  C:36BDH         LINE#         132
  C:36C2H         LINE#         134
  C:36FBH         LINE#         135
  C:36FBH         LINE#         136
  C:36FBH         LINE#         137
  C:36FEH         LINE#         138
  C:36FEH         LINE#         139
  C:36FEH         LINE#         140
  C:3703H         LINE#         141
  C:3703H         LINE#         142
  C:3703H         LINE#         143
  C:3708H         LINE#         144
  C:3708H         LINE#         145
  C:3708H         LINE#         146
  C:370DH         LINE#         147
  C:370DH         LINE#         148
  C:370DH         LINE#         149
  C:3712H         LINE#         150
BL51 BANKED LINKER/LOCATER V6.22                                                      10/16/2018  11:42:10  PAGE 16


  C:3712H         LINE#         151
  C:3712H         LINE#         152
  C:3717H         LINE#         153
  C:3717H         LINE#         154
  C:3717H         LINE#         155
  C:371CH         LINE#         156
  C:371CH         LINE#         157
  C:371CH         LINE#         158
  C:3721H         LINE#         159
  C:3721H         LINE#         160
  C:3721H         LINE#         161
  C:3729H         LINE#         162
  C:3729H         LINE#         163
  C:3729H         LINE#         164
  C:372EH         LINE#         165
  C:372EH         LINE#         166
  C:372EH         LINE#         167
  C:3733H         LINE#         168
  C:3733H         LINE#         169
  C:3733H         LINE#         170
  C:373BH         LINE#         171
  C:373BH         LINE#         172
  C:373BH         LINE#         173
  -------         ENDPROC       _DAY_OF_YEAR
  -------         ENDMOD        PCF85063BTL

  -------         MODULE        UART1
  C:0000H         SYMBOL        _ICE_DUMMY_
  D:0080H         PUBLIC        P0
  D:0090H         PUBLIC        P1
  D:00A0H         PUBLIC        P2
  D:00B0H         PUBLIC        P3
  D:00C0H         PUBLIC        P4
  D:00C8H         PUBLIC        P5
  B:00A8H.7       PUBLIC        EA
  D:00E8H         PUBLIC        P6
  D:00F8H         PUBLIC        P7
  C:3AD8H         PUBLIC        _SendString
  D:00A8H         PUBLIC        IE
  B:00A8H.4       PUBLIC        ES
  D:00B8H         PUBLIC        IP
  C:3CB1H         PUBLIC        _ASCIItoBCD
  D:00D8H         PUBLIC        CCON
  C:3D51H         PUBLIC        initUART1
  D:0098H         PUBLIC        SCON
  D:0088H         PUBLIC        TCON
  C:000AH         PUBLIC        _DectoBCD
  C:3DE3H         PUBLIC        _ASCII_Letter
  D:008EH         PUBLIC        AUXR
  C:3DDEH         PUBLIC        _unit
  C:0003H         PUBLIC        _ten
  D:00D6H         PUBLIC        T2H
  D:00D7H         PUBLIC        T2L
  D:00D0H         PUBLIC        PSW
  -------         PROC          INITUART1
  C:3D51H         LINE#         21
  C:3D51H         LINE#         22
BL51 BANKED LINKER/LOCATER V6.22                                                      10/16/2018  11:42:10  PAGE 17


  C:3D51H         LINE#         23
  C:3D54H         LINE#         24
  C:3D57H         LINE#         25
  C:3D5AH         LINE#         26
  C:3D5DH         LINE#         27
  C:3D5FH         LINE#         28
  C:3D61H         LINE#         30
  -------         ENDPROC       INITUART1
  -------         PROC          _SENDSTRING
  X:0617H         SYMBOL        s
  C:3AD8H         LINE#         35
  C:3AE3H         LINE#         36
  C:3AE3H         LINE#         37
  C:3AF3H         LINE#         38
  C:3AF3H         LINE#         39
  C:3B08H         LINE#         40
  C:3B0AH         LINE#         41
  -------         ENDPROC       _SENDSTRING
  -------         PROC          _TEN
  D:0007H         SYMBOL        BCD
  C:0003H         LINE#         43
  C:0003H         LINE#         44
  C:0003H         LINE#         45
  C:0008H         LINE#         46
  -------         ENDPROC       _TEN
  -------         PROC          _UNIT
  D:0007H         SYMBOL        BCD
  C:3DDEH         LINE#         47
  C:3DDEH         LINE#         48
  C:3DDEH         LINE#         52
  C:3DE2H         LINE#         53
  -------         ENDPROC       _UNIT
  -------         PROC          _DECTOBCD
  D:0007H         SYMBOL        dec
  C:000AH         LINE#         54
  C:000AH         LINE#         55
  C:000AH         LINE#         57
  C:000AH         LINE#         58
  -------         ENDPROC       _DECTOBCD
  -------         PROC          _ASCII_LETTER
  D:0007H         SYMBOL        dat
  C:3DE3H         LINE#         60
  C:3DE3H         LINE#         61
  C:3DE3H         LINE#         63
  C:3DE7H         LINE#         64
  -------         ENDPROC       _ASCII_LETTER
  -------         PROC          _ASCIITOBCD
  D:0001H         SYMBOL        ascii
  -------         DO            
  D:0007H         SYMBOL        dec_val
  D:0006H         SYMBOL        ten
  D:0007H         SYMBOL        unit
  -------         ENDDO         
  C:3CB1H         LINE#         66
  C:3CB1H         LINE#         67
  C:3CB1H         LINE#         69
  C:3CB4H         LINE#         70
BL51 BANKED LINKER/LOCATER V6.22                                                      10/16/2018  11:42:10  PAGE 18


  C:3CBAH         LINE#         71
  C:3CC1H         LINE#         72
  C:3CC7H         LINE#         74
  -------         ENDPROC       _ASCIITOBCD
  -------         ENDMOD        UART1

  -------         MODULE        LCD_DRIVER_SPLC780D
  C:0000H         SYMBOL        _ICE_DUMMY_
  D:0092H         PUBLIC        P1M0
  D:0091H         PUBLIC        P1M1
  D:0080H         PUBLIC        P0
  D:0090H         PUBLIC        P1
  D:00A0H         PUBLIC        P2
  D:00B0H         PUBLIC        P3
  D:00C0H         PUBLIC        P4
  D:00C8H         PUBLIC        P5
  D:00E8H         PUBLIC        P6
  D:00F8H         PUBLIC        P7
  C:37BCH         PUBLIC        _WriteData
  D:00A8H         PUBLIC        IE
  D:00B8H         PUBLIC        IP
  D:00D8H         PUBLIC        CCON
  B:0090H.4       PUBLIC        LCD_D4
  B:0090H.5       PUBLIC        LCD_D5
  B:0090H.6       PUBLIC        LCD_D6
  C:3C46H         PUBLIC        _DisplayLCD
  B:0090H.7       PUBLIC        LCD_D7
  D:0098H         PUBLIC        SCON
  D:0088H         PUBLIC        TCON
  C:3DBFH         PUBLIC        LCD_clear
  C:3A29H         PUBLIC        _Command
  C:000EH         PUBLIC        _Display_Line
  C:38A0H         PUBLIC        LCD_Init
  C:3B68H         PUBLIC        _Wait_ms
  B:0090H.1       PUBLIC        LCD_RS
  B:0090H.2       PUBLIC        LCD_RW
  C:3DB5H         PUBLIC        LCD_return_home
  B:0090H.3       PUBLIC        LCD_E
  D:00D0H         PUBLIC        PSW
  -------         PROC          LCD_INIT
  C:38A0H         LINE#         9
  C:38A0H         LINE#         10
  C:38A0H         LINE#         11
  C:38A3H         LINE#         12
  C:38A6H         LINE#         14
  C:38ACH         LINE#         15
  C:38B1H         LINE#         17
  C:38B8H         LINE#         18
  C:38BDH         LINE#         20
  C:38C0H         LINE#         21
  C:38C5H         LINE#         23
  C:38C8H         LINE#         24
  C:38CDH         LINE#         26
  C:38D4H         LINE#         29
  C:38D9H         LINE#         30
  C:38DEH         LINE#         32
  C:38E3H         LINE#         33
BL51 BANKED LINKER/LOCATER V6.22                                                      10/16/2018  11:42:10  PAGE 19


  C:38E8H         LINE#         35
  C:38EDH         LINE#         36
  C:38F2H         LINE#         37
  -------         ENDPROC       LCD_INIT
  -------         PROC          _WRITEDATA
  X:03E6H         SYMBOL        dat
  C:37BCH         LINE#         40
  C:37C1H         LINE#         41
  C:37C1H         LINE#         46
  C:37C3H         LINE#         47
  C:37C5H         LINE#         49
  C:37D3H         LINE#         50
  C:37DFH         LINE#         51
  C:37EBH         LINE#         52
  C:37F5H         LINE#         53
  C:37F7H         LINE#         54
  C:37FEH         LINE#         55
  C:3800H         LINE#         57
  C:3810H         LINE#         58
  C:381BH         LINE#         59
  C:3825H         LINE#         60
  C:3829H         LINE#         62
  C:3829H         LINE#         63
  C:382CH         LINE#         64
  C:382EH         LINE#         65
  C:3830H         LINE#         67
  -------         ENDPROC       _WRITEDATA
  -------         PROC          _COMMAND
  D:0007H         SYMBOL        dat
  C:3A29H         LINE#         69
  C:3A29H         LINE#         70
  C:3A29H         LINE#         71
  C:3A2BH         LINE#         72
  C:3A2DH         LINE#         74
  C:3A37H         LINE#         75
  C:3A3BH         LINE#         77
  C:3A3DH         LINE#         78
  C:3A46H         LINE#         79
  C:3A4AH         LINE#         81
  C:3A4CH         LINE#         82
  C:3A53H         LINE#         83
  C:3A57H         LINE#         85
  C:3A59H         LINE#         86
  C:3A5DH         LINE#         87
  C:3A61H         LINE#         89
  C:3A63H         LINE#         90
  C:3A63H         LINE#         91
  C:3A66H         LINE#         92
  C:3A68H         LINE#         93
  -------         ENDPROC       _COMMAND
  C:3B64H         SYMBOL        L?0028
  -------         PROC          L?0027
  -------         ENDPROC       L?0027
  C:3B64H         SYMBOL        L?0028
  -------         PROC          _WAIT_MS
  D:0006H         SYMBOL        ms
  -------         DO            
BL51 BANKED LINKER/LOCATER V6.22                                                      10/16/2018  11:42:10  PAGE 20


  D:0004H         SYMBOL        De_Cnt
  -------         ENDDO         
  C:3B68H         LINE#         95
  C:3B68H         LINE#         96
  C:3B68H         LINE#         98
  C:3B72H         LINE#         99
  C:3B72H         LINE#         100
  C:3B85H         LINE#         101
  C:3B85H         LINE#         102
  -------         ENDPROC       _WAIT_MS
  -------         PROC          _DISPLAYLCD
  D:0007H         SYMBOL        BCD
  -------         DO            
  D:0006H         SYMBOL        first_digit
  X:03DCH         SYMBOL        second_digit
  -------         ENDDO         
  C:3C46H         LINE#         103
  C:3C46H         LINE#         104
  C:3C46H         LINE#         106
  C:3C4DH         LINE#         107
  C:3C56H         LINE#         109
  C:3C5BH         LINE#         111
  -------         ENDPROC       _DISPLAYLCD
  -------         PROC          LCD_RETURN_HOME
  C:3DB5H         LINE#         115
  C:3DB5H         LINE#         116
  C:3DB5H         LINE#         117
  C:3DBAH         LINE#         118
  -------         ENDPROC       LCD_RETURN_HOME
  -------         PROC          LCD_CLEAR
  C:3DBFH         LINE#         121
  C:3DBFH         LINE#         122
  C:3DBFH         LINE#         123
  C:3DC4H         LINE#         124
  -------         ENDPROC       LCD_CLEAR
  -------         PROC          _DISPLAY_LINE
  D:0006H         SYMBOL        line
  C:000EH         LINE#         128
  C:000EH         LINE#         129
  C:000EH         LINE#         130
  C:0014H         LINE#         131
  C:0014H         LINE#         132
  C:0016H         LINE#         133
  C:0016H         LINE#         134
  C:0018H         LINE#         136
  C:0018H         LINE#         137
  C:001DH         LINE#         138
  C:0022H         LINE#         139
  C:0022H         LINE#         140
  -------         ENDPROC       _DISPLAY_LINE
  -------         ENDMOD        LCD_DRIVER_SPLC780D

  -------         MODULE        KEYPAD
  C:0000H         SYMBOL        _ICE_DUMMY_
  D:0093H         PUBLIC        P0M1
  D:0080H         PUBLIC        P0
  D:0090H         PUBLIC        P1
BL51 BANKED LINKER/LOCATER V6.22                                                      10/16/2018  11:42:10  PAGE 21


  D:00A0H         PUBLIC        P2
  D:00B0H         PUBLIC        P3
  D:00C0H         PUBLIC        P4
  D:00C8H         PUBLIC        P5
  D:00E8H         PUBLIC        P6
  D:00F8H         PUBLIC        P7
  D:00A8H         PUBLIC        IE
  C:2C09H         PUBLIC        Key_Scan
  D:00B8H         PUBLIC        IP
  D:00D8H         PUBLIC        CCON
  C:3D9DH         PUBLIC        KeyPad_IO_Init
  C:3C0AH         PUBLIC        _Delay_ms
  D:0098H         PUBLIC        SCON
  D:0088H         PUBLIC        TCON
  B:0020H.0       PUBLIC        small_move
  B:0020H.1       PUBLIC        move
  B:0020H.2       PUBLIC        direction
  B:0020H.3       PUBLIC        auto_move
  C:2237H         PUBLIC        Key_Process
  D:00D0H         PUBLIC        PSW
  D:0094H         PUBLIC        P0M0
  -------         PROC          _DELAY_MS
  D:0006H         SYMBOL        ms
  -------         DO            
  D:0004H         SYMBOL        De_Cnt
  -------         ENDDO         
  C:3C0AH         LINE#         19
  C:3C0AH         LINE#         20
  C:3C0AH         LINE#         22
  C:3C14H         LINE#         23
  C:3C14H         LINE#         24
  C:3C27H         LINE#         25
  C:3C27H         LINE#         26
  -------         ENDPROC       _DELAY_MS
  -------         PROC          KEY_SCAN
  -------         DO            
  X:03E2H         SYMBOL        KeyTemp1
  X:03E3H         SYMBOL        KeyTemp2
  X:03E4H         SYMBOL        KeyValue
  -------         ENDDO         
  C:2C09H         LINE#         27
  C:2C09H         LINE#         28
  C:2C09H         LINE#         33
  C:2C0CH         LINE#         36
  C:2C0FH         LINE#         38
  C:2C17H         LINE#         39
  C:2C1EH         LINE#         40
  C:2C1EH         LINE#         42
  C:2C23H         LINE#         43
  C:2C2AH         LINE#         44
  C:2C2AH         LINE#         47
  C:2C2DH         LINE#         48
  C:2C30H         LINE#         49
  C:2C35H         LINE#         50
  C:2C39H         LINE#         51
  C:2C39H         LINE#         52
  C:2C41H         LINE#         53
BL51 BANKED LINKER/LOCATER V6.22                                                      10/16/2018  11:42:10  PAGE 22


  C:2C41H         LINE#         54
  C:2C44H         LINE#         55
  C:2C4CH         LINE#         56
  C:2C4EH         LINE#         58
  C:2C62H         LINE#         59
  C:2C62H         LINE#         60
  C:2C62H         LINE#         61
  C:2C62H         LINE#         62
  C:2C68H         LINE#         64
  C:2C6AH         LINE#         65
  C:2C6AH         LINE#         66
  C:2C6AH         LINE#         67
  C:2C70H         LINE#         69
  C:2C72H         LINE#         70
  C:2C72H         LINE#         71
  C:2C72H         LINE#         72
  C:2C78H         LINE#         74
  C:2C7AH         LINE#         75
  C:2C7AH         LINE#         76
  C:2C7AH         LINE#         77
  C:2C80H         LINE#         79
  C:2C80H         LINE#         80
  C:2C80H         LINE#         81
  C:2C80H         LINE#         84
  C:2C83H         LINE#         85
  C:2C86H         LINE#         86
  C:2C8EH         LINE#         87
  C:2C92H         LINE#         88
  C:2C92H         LINE#         89
  C:2C9AH         LINE#         90
  C:2C9AH         LINE#         91
  C:2C9DH         LINE#         92
  C:2CA5H         LINE#         93
  C:2CA7H         LINE#         94
  C:2CBBH         LINE#         95
  C:2CBBH         LINE#         96
  C:2CBBH         LINE#         97
  C:2CBBH         LINE#         98
  C:2CC1H         LINE#         100
  C:2CC3H         LINE#         101
  C:2CC3H         LINE#         102
  C:2CC3H         LINE#         103
  C:2CC9H         LINE#         105
  C:2CCBH         LINE#         106
  C:2CCBH         LINE#         107
  C:2CCBH         LINE#         108
  C:2CD1H         LINE#         110
  C:2CD3H         LINE#         111
  C:2CD3H         LINE#         112
  C:2CD3H         LINE#         113
  C:2CD8H         LINE#         115
  C:2CD8H         LINE#         116
  C:2CD8H         LINE#         117
  C:2CD8H         LINE#         120
  C:2CDBH         LINE#         121
  C:2CDEH         LINE#         122
  C:2CE6H         LINE#         123
BL51 BANKED LINKER/LOCATER V6.22                                                      10/16/2018  11:42:10  PAGE 23


  C:2CEAH         LINE#         124
  C:2CEAH         LINE#         125
  C:2CF2H         LINE#         126
  C:2CF2H         LINE#         127
  C:2CF5H         LINE#         128
  C:2CFDH         LINE#         129
  C:2CFFH         LINE#         130
  C:2D13H         LINE#         131
  C:2D13H         LINE#         132
  C:2D13H         LINE#         133
  C:2D13H         LINE#         134
  C:2D19H         LINE#         136
  C:2D1BH         LINE#         137
  C:2D1BH         LINE#         138
  C:2D1BH         LINE#         139
  C:2D21H         LINE#         141
  C:2D23H         LINE#         142
  C:2D23H         LINE#         143
  C:2D23H         LINE#         144
  C:2D29H         LINE#         146
  C:2D2BH         LINE#         147
  C:2D2BH         LINE#         148
  C:2D2BH         LINE#         149
  C:2D31H         LINE#         151
  C:2D31H         LINE#         152
  C:2D31H         LINE#         153
  C:2D31H         LINE#         157
  C:2D34H         LINE#         158
  C:2D37H         LINE#         159
  C:2D3FH         LINE#         160
  C:2D43H         LINE#         161
  C:2D43H         LINE#         162
  C:2D4BH         LINE#         163
  C:2D4BH         LINE#         164
  C:2D4EH         LINE#         165
  C:2D56H         LINE#         166
  C:2D58H         LINE#         167
  C:2D6CH         LINE#         168
  C:2D6CH         LINE#         169
  C:2D6CH         LINE#         170
  C:2D6CH         LINE#         171
  C:2D72H         LINE#         173
  C:2D74H         LINE#         174
  C:2D74H         LINE#         175
  C:2D74H         LINE#         176
  C:2D7AH         LINE#         178
  C:2D7CH         LINE#         179
  C:2D7CH         LINE#         180
  C:2D7CH         LINE#         181
  C:2D82H         LINE#         183
  C:2D84H         LINE#         184
  C:2D84H         LINE#         185
  C:2D84H         LINE#         186
  C:2D8AH         LINE#         188
  C:2D8AH         LINE#         189
  C:2D8AH         LINE#         190
  C:2D8AH         LINE#         192
BL51 BANKED LINKER/LOCATER V6.22                                                      10/16/2018  11:42:10  PAGE 24


  C:2D90H         LINE#         193
  C:2D90H         LINE#         195
  C:2D90H         LINE#         196
  C:2D93H         LINE#         197
  C:2D93H         LINE#         198
  C:2D93H         LINE#         200
  C:2D93H         LINE#         201
  C:2D95H         LINE#         202
  C:2D95H         LINE#         203
  -------         ENDPROC       KEY_SCAN
  -------         PROC          KEY_PROCESS
  -------         DO            
  X:05FEH         SYMBOL        KeyCount
  X:0600H         SYMBOL        KeyNum_Old
  X:0601H         SYMBOL        KeyNum
  X:0602H         SYMBOL        PressedKey
  X:03DCH         SYMBOL        d
  D:0004H         SYMBOL        hours
  D:0006H         SYMBOL        mins
  X:03DEH         SYMBOL        months
  X:03E0H         SYMBOL        days
  -------         ENDDO         
  C:2237H         LINE#         204
  C:2237H         LINE#         205
  C:2237H         LINE#         209
  C:223FH         LINE#         210
  C:2247H         LINE#         212
  C:224AH         LINE#         213
  C:224AH         LINE#         214
  C:224DH         LINE#         216
  C:224DH         LINE#         217
  C:225AH         LINE#         218
  C:225AH         LINE#         219
  C:225DH         LINE#         220
  C:2260H         LINE#         222
  C:2263H         LINE#         224
  C:2263H         LINE#         225
  C:226EH         LINE#         226
  C:226EH         LINE#         227
  C:2271H         LINE#         229
  C:2271H         LINE#         230
  C:2278H         LINE#         231
  C:2278H         LINE#         232
  C:227BH         LINE#         234
  C:227BH         LINE#         235
  C:2283H         LINE#         236
  C:2283H         LINE#         237
  C:228DH         LINE#         238
  C:2295H         LINE#         240
  C:229EH         LINE#         242
  C:229EH         LINE#         251
  C:22B3H         LINE#         252
  C:22B3H         LINE#         253
  C:22C5H         LINE#         254
  C:22D3H         LINE#         255
  C:22E2H         LINE#         256
  C:22E2H         LINE#         258
BL51 BANKED LINKER/LOCATER V6.22                                                      10/16/2018  11:42:10  PAGE 25


  C:22E8H         LINE#         262
  C:22FEH         LINE#         263
  C:230FH         LINE#         264
  C:232AH         LINE#         265
  C:232AH         LINE#         266
  C:233AH         LINE#         267
  C:234BH         LINE#         268
  C:234BH         LINE#         272
  C:2364H         LINE#         273
  C:237BH         LINE#         274
  C:239BH         LINE#         275
  C:239BH         LINE#         276
  C:23A5H         LINE#         277
  C:23A5H         LINE#         278
  C:23AEH         LINE#         279
  C:23AEH         LINE#         280
  C:23C2H         LINE#         281
  C:23C2H         LINE#         282
  C:23C2H         LINE#         283
  C:23C2H         LINE#         284
  C:23C2H         LINE#         285
  C:23C4H         LINE#         287
  C:23C4H         LINE#         288
  C:23D0H         LINE#         289
  C:23D0H         LINE#         290
  C:23E1H         LINE#         291
  C:23E1H         LINE#         292
  C:23E1H         LINE#         293
  C:23E1H         LINE#         294
  C:23E1H         LINE#         296
  C:23E3H         LINE#         298
  C:23E3H         LINE#         299
  C:23F4H         LINE#         300
  C:23F4H         LINE#         301
  C:23F4H         LINE#         302
  C:23F4H         LINE#         303
  C:23F4H         LINE#         305
  C:23F4H         LINE#         307
  C:23F4H         LINE#         308
  C:23F6H         LINE#         310
  C:23F6H         LINE#         311
  C:2409H         LINE#         312
  C:2409H         LINE#         313
  C:241AH         LINE#         314
  C:241AH         LINE#         315
  C:241AH         LINE#         316
  C:241AH         LINE#         317
  C:241AH         LINE#         318
  C:241CH         LINE#         320
  C:241CH         LINE#         321
  C:242DH         LINE#         322
  C:242DH         LINE#         323
  C:243EH         LINE#         324
  C:244FH         LINE#         325
  C:244FH         LINE#         326
  C:244FH         LINE#         327
  C:244FH         LINE#         328
BL51 BANKED LINKER/LOCATER V6.22                                                      10/16/2018  11:42:10  PAGE 26


  C:244FH         LINE#         329
  C:2452H         LINE#         330
  C:2457H         LINE#         331
  C:245CH         LINE#         332
  C:2461H         LINE#         333
  C:2466H         LINE#         334
  C:246BH         LINE#         335
  C:2470H         LINE#         336
  C:2475H         LINE#         337
  C:2475H         LINE#         339
  C:2497H         LINE#         340
  C:2497H         LINE#         341
  C:24A1H         LINE#         342
  C:24A1H         LINE#         343
  C:24A6H         LINE#         344
  C:24AFH         LINE#         345
  C:24C6H         LINE#         346
  C:24C6H         LINE#         347
  C:24D6H         LINE#         349
  C:24D6H         LINE#         353
  -------         ENDPROC       KEY_PROCESS
  -------         PROC          KEYPAD_IO_INIT
  C:3D9DH         LINE#         356
  C:3D9DH         LINE#         357
  C:3D9DH         LINE#         358
  C:3DA0H         LINE#         359
  C:3DA3H         LINE#         360
  C:3DA6H         LINE#         361
  C:3DA8H         LINE#         362
  -------         ENDPROC       KEYPAD_IO_INIT
  -------         ENDMOD        KEYPAD

  -------         MODULE        VCNL4035
  C:0000H         SYMBOL        _ICE_DUMMY_
  D:0080H         PUBLIC        P0
  B:00B0H.2       PUBLIC        I2C_SCK
  D:00B2H         PUBLIC        P3M0
  D:0090H         PUBLIC        P1
  D:00B1H         PUBLIC        P3M1
  D:00A0H         PUBLIC        P2
  D:00B0H         PUBLIC        P3
  D:00C0H         PUBLIC        P4
  D:00C8H         PUBLIC        P5
  D:00E8H         PUBLIC        P6
  D:00F8H         PUBLIC        P7
  D:00A8H         PUBLIC        IE
  C:3DD8H         PUBLIC        _DisplayLCD_VCNL4035
  D:00B8H         PUBLIC        IP
  D:00D8H         PUBLIC        CCON
  C:3D1CH         PUBLIC        I2C_Start
  D:0098H         PUBLIC        SCON
  C:3CC8H         PUBLIC        I2C_Init
  D:0088H         PUBLIC        TCON
  C:3D72H         PUBLIC        uC_NACK
  C:3B44H         PUBLIC        _Wait_ms_i2c
  C:3B86H         PUBLIC        _I2C_SendByte
  C:3CDFH         PUBLIC        I2C_Stop
BL51 BANKED LINKER/LOCATER V6.22                                                      10/16/2018  11:42:10  PAGE 27


  C:399CH         PUBLIC        _Write_VCNL4035X
  C:3DE8H         PUBLIC        nop
  C:346BH         PUBLIC        _Read_VCNL4035
  C:3DD2H         PUBLIC        uC_ACK
  C:3C68H         PUBLIC        I2C_ACK
  C:3C28H         PUBLIC        _Wait_ms_iic
  B:00B0H.1       PUBLIC        I2C_SDA
  D:00D0H         PUBLIC        PSW
  C:3B11H         PUBLIC        I2C_ReceiveByte
  -------         PROC          _WAIT_MS_IIC
  D:0006H         SYMBOL        ms
  -------         DO            
  D:0004H         SYMBOL        De_Cnt
  -------         ENDDO         
  C:3C28H         LINE#         5
  C:3C28H         LINE#         6
  C:3C28H         LINE#         8
  C:3C32H         LINE#         9
  C:3C32H         LINE#         10
  C:3C45H         LINE#         11
  C:3C45H         LINE#         12
  -------         ENDPROC       _WAIT_MS_IIC
  C:3B3EH         SYMBOL        L?0048
  C:3B40H         SYMBOL        L?0049
  -------         PROC          L?0047
  -------         ENDPROC       L?0047
  C:3B3EH         SYMBOL        L?0048
  C:3B40H         SYMBOL        L?0049
  -------         PROC          _WAIT_MS_I2C
  D:0006H         SYMBOL        ms
  -------         DO            
  D:0004H         SYMBOL        De_Cnt
  -------         ENDDO         
  C:3B44H         LINE#         14
  C:3B44H         LINE#         15
  C:3B44H         LINE#         17
  C:3B4EH         LINE#         18
  C:3B4EH         LINE#         19
  C:3B61H         LINE#         20
  C:3B61H         LINE#         21
  -------         ENDPROC       _WAIT_MS_I2C
  -------         PROC          NOP
  C:3DE8H         LINE#         22
  C:3DE8H         LINE#         23
  C:3DE8H         LINE#         25
  -------         ENDPROC       NOP
  -------         PROC          I2C_START
  C:3D1CH         LINE#         26
  C:3D1CH         LINE#         27
  C:3D1CH         LINE#         29
  C:3D1EH         LINE#         30
  C:3D20H         LINE#         31
  C:3D27H         LINE#         32
  C:3D29H         LINE#         33
  C:3D2CH         LINE#         34
  C:3D2EH         LINE#         37
  -------         ENDPROC       I2C_START
BL51 BANKED LINKER/LOCATER V6.22                                                      10/16/2018  11:42:10  PAGE 28


  -------         PROC          I2C_STOP
  C:3CDFH         LINE#         39
  C:3CDFH         LINE#         40
  C:3CDFH         LINE#         41
  C:3CE1H         LINE#         42
  C:3CE3H         LINE#         43
  C:3CE6H         LINE#         44
  C:3CE8H         LINE#         45
  C:3CEAH         LINE#         46
  C:3CF1H         LINE#         47
  C:3CF3H         LINE#         50
  -------         ENDPROC       I2C_STOP
  -------         PROC          L?0050
  -------         ENDPROC       L?0050
  -------         PROC          I2C_ACK
  -------         DO            
  X:03DFH         SYMBOL        i
  D:0003H         SYMBOL        dat
  -------         ENDDO         
  C:3C68H         LINE#         52
  C:3C68H         LINE#         53
  C:3C68H         LINE#         55
  C:3C69H         LINE#         60
  C:3C6CH         LINE#         61
  C:3C6EH         LINE#         62
  C:3C71H         LINE#         64
  C:3C74H         LINE#         65
  C:3C74H         LINE#         66
  C:3C78H         LINE#         67
  C:3C78H         LINE#         70
  C:3C78H         LINE#         71
  C:3C7BH         LINE#         72
  C:3C7BH         LINE#         73
  C:3C7DH         LINE#         74
  -------         ENDPROC       I2C_ACK
  -------         PROC          UC_ACK
  -------         DO            
  X:061AH         SYMBOL        i
  -------         ENDDO         
  C:3DD2H         LINE#         75
  C:3DD2H         LINE#         76
  C:3DD2H         LINE#         78
  C:3DD2H         LINE#         85
  C:3DD2H         LINE#         87
  C:3DD2H         LINE#         89
  C:3DD2H         LINE#         90
  C:3DD2H         LINE#         93
  C:3DD5H         LINE#         94
  C:3DD7H         LINE#         95
  C:3DD7H         LINE#         99
  -------         ENDPROC       UC_ACK
  -------         PROC          UC_NACK
  -------         DO            
  X:061BH         SYMBOL        i
  -------         ENDDO         
  C:3D72H         LINE#         101
  C:3D72H         LINE#         102
BL51 BANKED LINKER/LOCATER V6.22                                                      10/16/2018  11:42:10  PAGE 29


  C:3D72H         LINE#         104
  C:3D72H         LINE#         108
  C:3D74H         LINE#         111
  C:3D74H         LINE#         112
  C:3D76H         LINE#         113
  C:3D76H         LINE#         115
  C:3D76H         LINE#         116
  C:3D76H         LINE#         119
  C:3D79H         LINE#         120
  C:3D7BH         LINE#         121
  C:3D7EH         LINE#         122
  C:3D80H         LINE#         123
  C:3D80H         LINE#         127
  -------         ENDPROC       UC_NACK
  -------         PROC          I2C_INIT
  C:3CC8H         LINE#         129
  C:3CC8H         LINE#         130
  C:3CC8H         LINE#         133
  C:3CCBH         LINE#         134
  C:3CCEH         LINE#         139
  C:3CD6H         LINE#         141
  -------         ENDPROC       I2C_INIT
  -------         PROC          _I2C_SENDBYTE
  D:0001H         SYMBOL        dat
  -------         DO            
  D:0003H         SYMBOL        i
  -------         ENDDO         
  C:3B86H         LINE#         145
  C:3B88H         LINE#         146
  C:3B88H         LINE#         149
  C:3B8AH         LINE#         150
  C:3B8AH         LINE#         151
  C:3B8CH         LINE#         153
  C:3B90H         LINE#         154
  C:3B90H         LINE#         155
  C:3B92H         LINE#         156
  C:3B94H         LINE#         158
  C:3B94H         LINE#         159
  C:3B96H         LINE#         160
  C:3B96H         LINE#         161
  C:3B99H         LINE#         162
  C:3B9BH         LINE#         164
  C:3B9FH         LINE#         165
  C:3BA2H         LINE#         166
  C:3BA7H         LINE#         167
  -------         ENDPROC       _I2C_SENDBYTE
  -------         PROC          L?0051
  -------         ENDPROC       L?0051
  -------         PROC          I2C_RECEIVEBYTE
  -------         DO            
  D:0003H         SYMBOL        i
  D:0001H         SYMBOL        dat
  -------         ENDDO         
  C:3B11H         LINE#         171
  C:3B11H         LINE#         172
  C:3B11H         LINE#         174
  C:3B13H         LINE#         178
BL51 BANKED LINKER/LOCATER V6.22                                                      10/16/2018  11:42:10  PAGE 30


  C:3B14H         LINE#         179
  C:3B14H         LINE#         180
  C:3B18H         LINE#         181
  C:3B1AH         LINE#         182
  C:3B1DH         LINE#         184
  C:3B20H         LINE#         185
  C:3B20H         LINE#         186
  C:3B24H         LINE#         187
  C:3B24H         LINE#         188
  C:3B24H         LINE#         189
  C:3B27H         LINE#         190
  C:3B2BH         LINE#         191
  C:3B2BH         LINE#         192
  C:3B2DH         LINE#         193
  C:3B2FH         LINE#         194
  C:3B2FH         LINE#         196
  C:3B34H         LINE#         197
  C:3B36H         LINE#         198
  -------         ENDPROC       I2C_RECEIVEBYTE
  -------         PROC          _WRITE_VCNL4035X
  X:03DCH         SYMBOL        command_code
  X:03DDH         SYMBOL        dat_h
  X:03DEH         SYMBOL        dat_l
  C:399CH         LINE#         199
  C:39A7H         LINE#         200
  C:39A7H         LINE#         201
  C:39AAH         LINE#         202
  C:39B1H         LINE#         203
  C:39B1H         LINE#         204
  C:39B7H         LINE#         205
  C:39B7H         LINE#         206
  C:39BFH         LINE#         207
  C:39BFH         LINE#         208
  C:39C5H         LINE#         209
  C:39CDH         LINE#         211
  C:39D3H         LINE#         212
  C:39DBH         LINE#         214
  C:39E1H         LINE#         215
  C:39E4H         LINE#         216
  -------         ENDPROC       _WRITE_VCNL4035X
  -------         PROC          _READ_VCNL4035
  X:0607H         SYMBOL        command_code
  -------         DO            
  X:0609H         SYMBOL        temp_dat
  X:060BH         SYMBOL        temp_dat_l
  X:060DH         SYMBOL        temp_dat_h
  -------         ENDDO         
  C:346BH         LINE#         218
  C:3473H         LINE#         219
  C:3473H         LINE#         220
  C:3480H         LINE#         222
  C:3483H         LINE#         223
  C:3486H         LINE#         224
  C:348BH         LINE#         226
  C:3491H         LINE#         227
  C:3491H         LINE#         228
  C:3491H         LINE#         229
BL51 BANKED LINKER/LOCATER V6.22                                                      10/16/2018  11:42:10  PAGE 31


  C:3491H         LINE#         230
  C:349CH         LINE#         231
  C:349FH         LINE#         232
  C:34A2H         LINE#         233
  C:34A2H         LINE#         236
  C:34A5H         LINE#         238
  C:34ACH         LINE#         239
  C:34ACH         LINE#         240
  C:34ACH         LINE#         241
  C:34B7H         LINE#         242
  C:34BAH         LINE#         243
  C:34BDH         LINE#         244
  C:34C0H         LINE#         245
  C:34C3H         LINE#         246
  C:34C6H         LINE#         247
  C:34C9H         LINE#         248
  C:34CCH         LINE#         249
  C:34CFH         LINE#         250
  C:34CFH         LINE#         251
  C:34D5H         LINE#         252
  C:34D5H         LINE#         253
  C:34DEH         LINE#         255
  C:34DEH         LINE#         256
  C:34E4H         LINE#         257
  C:34E4H         LINE#         259
  C:34E6H         LINE#         260
  C:34ECH         LINE#         261
  C:34EFH         LINE#         262
  C:34F6H         LINE#         263
  C:34F6H         LINE#         264
  C:3504H         LINE#         265
  -------         ENDPROC       _READ_VCNL4035
  -------         PROC          _DISPLAYLCD_VCNL4035
  X:061CH         SYMBOL        dat
  C:3DD8H         LINE#         267
  C:3DDDH         LINE#         268
  C:3DDDH         LINE#         270
  -------         ENDPROC       _DISPLAYLCD_VCNL4035
  -------         ENDMOD        VCNL4035

  -------         MODULE        BIPOLARMOTOR
  C:0000H         SYMBOL        _ICE_DUMMY_
  D:0080H         PUBLIC        P0
  D:0090H         PUBLIC        P1
  D:00A0H         PUBLIC        P2
  D:00B0H         PUBLIC        P3
  D:00C0H         PUBLIC        P4
  D:00C8H         PUBLIC        P5
  D:00E8H         PUBLIC        P6
  D:00F8H         PUBLIC        P7
  D:00A8H         PUBLIC        IE
  C:31E7H         PUBLIC        linear_interpolate
  C:3AA4H         PUBLIC        _Move
  D:00B8H         PUBLIC        IP
  C:26FAH         PUBLIC        _findDet3x3
  C:1F77H         PUBLIC        _findDet4x4
  D:00D8H         PUBLIC        CCON
BL51 BANKED LINKER/LOCATER V6.22                                                      10/16/2018  11:42:10  PAGE 32


  D:0098H         PUBLIC        SCON
  D:0088H         PUBLIC        TCON
  C:38F9H         PUBLIC        _Step_move
  C:0920H         PUBLIC        _Update_position
  X:0000H         PUBLIC        elevation_stamp
  X:002CH         PUBLIC        date_azimuth_mapping
  X:0078H         PUBLIC        RX_pos
  C:3C88H         PUBLIC        _BCDtoDec1
  X:03BCH         PUBLIC        degree
  D:00D0H         PUBLIC        PSW
  C:3C7EH         SYMBOL        L?0051
  C:3C81H         SYMBOL        L?0052
  -------         PROC          L?0050
  -------         ENDPROC       L?0050
  C:3C7EH         SYMBOL        L?0051
  C:3C81H         SYMBOL        L?0052
  -------         PROC          _BCDTODEC1
  D:0007H         SYMBOL        bcd
  -------         DO            
  D:0006H         SYMBOL        hi
  D:0007H         SYMBOL        lo
  -------         ENDDO         
  C:3C88H         LINE#         22
  C:3C88H         LINE#         23
  C:3C88H         LINE#         25
  C:3C8DH         LINE#         26
  C:3C91H         LINE#         27
  C:3C98H         LINE#         28
  -------         ENDPROC       _BCDTODEC1
  -------         PROC          _STEP_MOVE
  X:0491H         SYMBOL        step
  B:0020H.6       SYMBOL        dir
  -------         DO            
  X:0493H         SYMBOL        i
  -------         ENDDO         
  C:38F9H         LINE#         34
  C:3901H         LINE#         35
  C:3901H         LINE#         36
  C:3906H         LINE#         37
  C:3909H         LINE#         38
  C:390EH         LINE#         40
  C:3911H         LINE#         42
  C:392DH         LINE#         43
  C:392DH         LINE#         44
  C:3930H         LINE#         45
  C:3937H         LINE#         46
  C:393AH         LINE#         47
  C:3941H         LINE#         48
  C:3951H         LINE#         49
  -------         ENDPROC       _STEP_MOVE
  -------         PROC          _MOVE
  X:048DH         SYMBOL        distance
  B:0020H.5       SYMBOL        direction
  -------         DO            
  D:0006H         SYMBOL        step
  -------         ENDDO         
  C:3AA4H         LINE#         51
BL51 BANKED LINKER/LOCATER V6.22                                                      10/16/2018  11:42:10  PAGE 33


  C:3AAAH         LINE#         52
  C:3AAAH         LINE#         54
  C:3AD1H         LINE#         55
  -------         ENDPROC       _MOVE
  C:26DBH         SYMBOL        L?0048
  C:26EFH         SYMBOL        L?0049
  -------         PROC          L?0047
  -------         ENDPROC       L?0047
  C:26DBH         SYMBOL        L?0048
  C:26EFH         SYMBOL        L?0049
  -------         PROC          _FINDDET3X3
  X:05B6H         SYMBOL        a11
  X:05BAH         SYMBOL        a12
  X:05BEH         SYMBOL        a13
  X:05C2H         SYMBOL        a21
  X:05C6H         SYMBOL        a22
  X:05CAH         SYMBOL        a23
  X:05CEH         SYMBOL        a31
  X:05D2H         SYMBOL        a32
  X:05D6H         SYMBOL        a33
  C:26FAH         LINE#         59
  C:2700H         LINE#         63
  C:2700H         LINE#         64
  C:2897H         LINE#         66
  -------         ENDPROC       _FINDDET3X3
  -------         PROC          _FINDDET4X4
  X:0552H         SYMBOL        a11
  X:0556H         SYMBOL        a12
  X:055AH         SYMBOL        a13
  X:055EH         SYMBOL        a14
  X:0562H         SYMBOL        a21
  X:0566H         SYMBOL        a22
  X:056AH         SYMBOL        a23
  X:056EH         SYMBOL        a24
  X:0572H         SYMBOL        a31
  X:0576H         SYMBOL        a32
  X:057AH         SYMBOL        a33
  X:057EH         SYMBOL        a34
  X:0582H         SYMBOL        a41
  X:0586H         SYMBOL        a42
  X:058AH         SYMBOL        a43
  X:058EH         SYMBOL        a44
  C:1F77H         LINE#         67
  C:1F7DH         LINE#         71
  C:1F7DH         LINE#         78
  C:2236H         LINE#         82
  -------         ENDPROC       _FINDDET4X4
  -------         PROC          L?0053
  -------         ENDPROC       L?0053
  -------         PROC          LINEAR_INTERPOLATE
  X:048DH         SYMBOL        p1
  X:0495H         SYMBOL        p2
  X:049DH         SYMBOL        x
  -------         DO            
  D:0004H         SYMBOL        fx
  -------         ENDDO         
  C:31E7H         LINE#         88
BL51 BANKED LINKER/LOCATER V6.22                                                      10/16/2018  11:42:10  PAGE 34


  C:31E7H         LINE#         89
  C:31E7H         LINE#         92
  C:3286H         LINE#         94
  C:3286H         LINE#         95
  -------         ENDPROC       LINEAR_INTERPOLATE
  -------         PROC          _UPDATE_POSITION
  D:0001H         SYMBOL        mnths
  D:0002H         SYMBOL        dys
  X:03DEH         SYMBOL        hurs
  X:03DFH         SYMBOL        mns
  X:03E0H         SYMBOL        sconds
  X:03E1H         SYMBOL        currnt_pos
  X:03E4H         SYMBOL        offset_calib
  -------         DO            
  X:03E8H         SYMBOL        date
  X:03EAH         SYMBOL        i
  X:03ECH         SYMBOL        yy
  X:03EEH         SYMBOL        previous_move_time
  X:03F0H         SYMBOL        desired_distance
  X:03F4H         SYMBOL        distance
  X:03F8H         SYMBOL        JP_pos
  X:03FCH         SYMBOL        pos_interpolate_azimuth
  X:0448H         SYMBOL        current_local_sun_time
  X:044CH         SYMBOL        azimuth
  X:0450H         SYMBOL        elevation
  X:0454H         SYMBOL        time_offset
  X:0458H         SYMBOL        UTC_time
  X:045CH         SYMBOL        declination
  X:0460H         SYMBOL        p1
  X:0468H         SYMBOL        p2
  X:0470H         SYMBOL        time
  X:0482H         SYMBOL        location
  X:048AH         SYMBOL        sunCoord
  -------         ENDDO         
  C:0920H         LINE#         99
  C:0929H         LINE#         102
  C:0929H         LINE#         103
  C:0938H         LINE#         104
  C:0954H         LINE#         105
  C:095EH         LINE#         113
  C:0968H         LINE#         114
  C:0972H         LINE#         115
  C:097CH         LINE#         116
  C:0987H         LINE#         117
  C:0992H         LINE#         118
  C:09A6H         LINE#         119
  C:09B7H         LINE#         120
  C:09C6H         LINE#         123
  C:09DAH         LINE#         127
  C:0A2CH         LINE#         128
  C:0A36H         LINE#         129
  C:0A90H         LINE#         131
  C:0BB8H         LINE#         133
  C:0C87H         LINE#         140
  C:0C91H         LINE#         141
  C:0C91H         LINE#         143
  C:0CABH         LINE#         144
BL51 BANKED LINKER/LOCATER V6.22                                                      10/16/2018  11:42:10  PAGE 35


  C:0CABH         LINE#         145
  C:0D1BH         LINE#         146
  C:0D1BH         LINE#         147
  C:0D22H         LINE#         148
  C:0D22H         LINE#         149
  C:0D4FH         LINE#         150
  C:0D6AH         LINE#         152
  C:0DB1H         LINE#         153
  C:0DE5H         LINE#         155
  C:0E3DH         LINE#         156
  C:0E5DH         LINE#         158
  C:0E5DH         LINE#         159
[...]
  X:04D6H         SYMBOL        dHourAngle
  X:04DAH         SYMBOL        dCos_Latitude
  X:04DEH         SYMBOL        dSin_Latitude
  X:04E2H         SYMBOL        dCos_HourAngle
  X:04E6H         SYMBOL        dParallax
  -------         ENDDO         
  -------         ENDDO         
  C:1103H         LINE#         6
  C:1103H         LINE#         7
  C:1103H         LINE#         9
  C:1103H         LINE#         27
  C:114DH         LINE#         30
  C:116EH         LINE#         31
BL51 BANKED LINKER/LOCATER V6.22                                                      10/16/2018  11:42:10  PAGE 37


  C:12B5H         LINE#         34
  C:1301H         LINE#         36
  C:1320H         LINE#         37
  C:1320H         LINE#         42
  C:1320H         LINE#         46
  C:1352H         LINE#         47
  C:137CH         LINE#         48
  C:13A6H         LINE#         49
  C:1453H         LINE#         52
  C:14B4H         LINE#         54
  C:14B4H         LINE#         59
  C:14B4H         LINE#         61
  C:14CBH         LINE#         62
  C:14F3H         LINE#         63
  C:150AH         LINE#         64
  C:1535H         LINE#         65
  C:156CH         LINE#         66
  C:1597H         LINE#         67
  C:1597H         LINE#         70
  C:1597H         LINE#         79
  C:15D2H         LINE#         82
  C:160CH         LINE#         84
  C:1631H         LINE#         85
  C:1650H         LINE#         86
  C:1667H         LINE#         87
  C:167EH         LINE#         88
  C:1695H         LINE#         89
  C:171EH         LINE#         91
  C:1738H         LINE#         92
  C:179AH         LINE#         93
  C:17D0H         LINE#         94
  C:17E2H         LINE#         95
  C:180FH         LINE#         96
  C:183CH         LINE#         98
  C:185EH         LINE#         100
  C:1896H         LINE#         103
  C:1896H         LINE#         104
  C:18A4H         LINE#         105
  -------         ENDPROC       SUNPOS
  -------         ENDMOD        SUNPOS

  -------         MODULE        ADC
  C:0000H         SYMBOL        _ICE_DUMMY_
  D:0092H         PUBLIC        P1M0
  D:0091H         PUBLIC        P1M1
  D:0080H         PUBLIC        P0
  D:0090H         PUBLIC        P1
  D:00A0H         PUBLIC        P2
  D:00B0H         PUBLIC        P3
  D:00C0H         PUBLIC        P4
  D:00C8H         PUBLIC        P5
  D:00E8H         PUBLIC        P6
  D:00F8H         PUBLIC        P7
  D:00A8H         PUBLIC        IE
  D:00BDH         PUBLIC        ADC_RES
  D:00B8H         PUBLIC        IP
  D:00D8H         PUBLIC        CCON
BL51 BANKED LINKER/LOCATER V6.22                                                      10/16/2018  11:42:10  PAGE 38


  D:00BCH         PUBLIC        ADC_CONTR
  D:0098H         PUBLIC        SCON
  D:0088H         PUBLIC        TCON
  C:3D62H         PUBLIC        ADC_Init
  C:3BA8H         PUBLIC        _ADC_GetResult
  D:009DH         PUBLIC        P1ASF
  D:00BEH         PUBLIC        ADC_RESL
  D:00D0H         PUBLIC        PSW
  -------         PROC          ADC_INIT
  C:3D62H         LINE#         4
  C:3D62H         LINE#         5
  C:3D62H         LINE#         7
  C:3D65H         LINE#         8
  C:3D68H         LINE#         10
  C:3D6BH         LINE#         12
  C:3D6EH         LINE#         14
  C:3D71H         LINE#         16
  -------         ENDPROC       ADC_INIT
  -------         PROC          _ADC_GETRESULT
  D:0007H         SYMBOL        ch
  -------         DO            
  D:0006H         SYMBOL        ADC_Value
  -------         ENDDO         
  C:3BA8H         LINE#         19
  C:3BA8H         LINE#         20
  C:3BA8H         LINE#         22
  C:3BADH         LINE#         27
  C:3BB2H         LINE#         28
  C:3BB5H         LINE#         29
  C:3BB9H         LINE#         30
  C:3BC9H         LINE#         31
  C:3BC9H         LINE#         32
  -------         ENDPROC       _ADC_GETRESULT
  -------         ENDMOD        ADC

  -------         MODULE        CALIBRATION
  C:0000H         SYMBOL        _ICE_DUMMY_
  D:0080H         PUBLIC        P0
  D:0090H         PUBLIC        P1
  D:00A0H         PUBLIC        P2
  D:00B0H         PUBLIC        P3
  D:00C0H         PUBLIC        P4
  D:00C8H         PUBLIC        P5
  D:00E8H         PUBLIC        P6
  D:00F8H         PUBLIC        P7
  C:359AH         PUBLIC        _Max_Value
  D:00A8H         PUBLIC        IE
  C:373CH         PUBLIC        _calibration
  C:311BH         PUBLIC        voltage_is_stable
  D:00B8H         PUBLIC        IP
  D:00D8H         PUBLIC        CCON
  D:0098H         PUBLIC        SCON
  D:0088H         PUBLIC        TCON
  C:24D7H         PUBLIC        _Find_Real_Max
  D:00D0H         PUBLIC        PSW
  -------         PROC          VOLTAGE_IS_STABLE
  -------         DO            
BL51 BANKED LINKER/LOCATER V6.22                                                      10/16/2018  11:42:10  PAGE 39


  X:05DAH         SYMBOL        sample_voltage
  X:05EEH         SYMBOL        i
  X:05F0H         SYMBOL        ch
  -------         ENDDO         
  C:311BH         LINE#         17
  C:311BH         LINE#         18
  C:311BH         LINE#         20
  C:3122H         LINE#         21
  C:3128H         LINE#         22
  C:3128H         LINE#         23
  C:3151H         LINE#         24
  C:3170H         LINE#         26
  C:318AH         LINE#         27
  C:318AH         LINE#         28
  C:31BDH         LINE#         29
  C:31C1H         LINE#         30
  C:31D1H         LINE#         31
  C:31D5H         LINE#         32
  -------         ENDPROC       VOLTAGE_IS_STABLE
  -------         PROC          _FIND_REAL_MAX
  X:04F6H         SYMBOL        current_position
  -------         DO            
  X:04F9H         SYMBOL        ch
  X:04FAH         SYMBOL        calib_step_move
  X:04FEH         SYMBOL        voltage_at_scanned_pos
  X:054EH         SYMBOL        max_location
  X:0550H         SYMBOL        i
  -------         ENDDO         
  C:24D7H         LINE#         33
  C:24E2H         LINE#         34
  C:24E2H         LINE#         35
  C:24E5H         LINE#         36
  C:24EDH         LINE#         40
  C:24F5H         LINE#         41
  C:24F5H         LINE#         42
  C:2508H         LINE#         43
  C:252EH         LINE#         44
  C:2556H         LINE#         45
  C:2575H         LINE#         47
  C:2595H         LINE#         48
  C:25BCH         LINE#         50
  C:25C4H         LINE#         51
  C:25C4H         LINE#         53
  C:25D7H         LINE#         54
  C:25FDH         LINE#         55
  C:2625H         LINE#         56
  C:2644H         LINE#         58
  C:2655H         LINE#         60
  C:2672H         LINE#         61
  -------         ENDPROC       _FIND_REAL_MAX
  -------         PROC          _MAX_VALUE
  D:0001H         SYMBOL        input
  -------         DO            
  D:0004H         SYMBOL        max
  X:0613H         SYMBOL        max_location
  X:0615H         SYMBOL        i
  -------         ENDDO         
BL51 BANKED LINKER/LOCATER V6.22                                                      10/16/2018  11:42:10  PAGE 40


  C:359AH         LINE#         66
  C:359AH         LINE#         67
  C:359AH         LINE#         70
  C:35B3H         LINE#         71
  C:35B3H         LINE#         72
  C:35E9H         LINE#         73
  C:3603H         LINE#         74
  C:3612H         LINE#         75
  C:3623H         LINE#         76
  C:362BH         LINE#         78
  -------         ENDPROC       _MAX_VALUE
  -------         PROC          _CALIBRATION
  X:05F2H         SYMBOL        mnths
  X:05F3H         SYMBOL        dys
  X:05F4H         SYMBOL        hurs
  X:05F5H         SYMBOL        mns
  X:05F6H         SYMBOL        sconds
  X:05F7H         SYMBOL        currnt_pos
  -------         DO            
  D:0004H         SYMBOL        calib_value
  X:05FAH         SYMBOL        JP_max_pos
  -------         ENDDO         
  C:373CH         LINE#         80
  C:3747H         LINE#         83
  C:3747H         LINE#         85
  C:375BH         LINE#         87
  C:3762H         LINE#         88
  C:3762H         LINE#         90
  C:378EH         LINE#         92
  C:3797H         LINE#         93
  C:37B6H         LINE#         94
  C:37B6H         LINE#         95
  C:37B6H         LINE#         97
  C:37BBH         LINE#         98
  -------         ENDPROC       _CALIBRATION
  -------         ENDMOD        CALIBRATION

  -------         MODULE        ?C_STARTUP
  C:362CH         SEGMENT       ?C_C51STARTUP
  I:0021H         SEGMENT       ?STACK
  C:0000H         PUBLIC        ?C_STARTUP
  D:00E0H         SYMBOL        ACC
  D:00F0H         SYMBOL        B
  D:0083H         SYMBOL        DPH
  D:0082H         SYMBOL        DPL
  N:0000H         SYMBOL        IBPSTACK
  N:0100H         SYMBOL        IBPSTACKTOP
  N:0080H         SYMBOL        IDATALEN
  C:362FH         SYMBOL        IDATALOOP
  N:0000H         SYMBOL        PBPSTACK
  N:0100H         SYMBOL        PBPSTACKTOP
  N:0000H         SYMBOL        PDATALEN
  N:0000H         SYMBOL        PDATASTART
  N:0000H         SYMBOL        PPAGE
  N:0000H         SYMBOL        PPAGEENABLE
  D:00A0H         SYMBOL        PPAGE_SFR
  D:0081H         SYMBOL        SP
BL51 BANKED LINKER/LOCATER V6.22                                                      10/16/2018  11:42:10  PAGE 41


  C:362CH         SYMBOL        STARTUP1
  N:0000H         SYMBOL        XBPSTACK
  N:0000H         SYMBOL        XBPSTACKTOP
  N:0000H         SYMBOL        XDATALEN
  N:0000H         SYMBOL        XDATASTART
  C:0000H         LINE#         126
  C:362CH         LINE#         133
  C:362EH         LINE#         134
  C:362FH         LINE#         135
  C:3630H         LINE#         136
  C:3632H         LINE#         185
  C:3635H         LINE#         196
  -------         ENDMOD        ?C_STARTUP

  -------         MODULE        ?C?FPADD
  C:002DH         PUBLIC        ?C?FPADD
  C:0029H         PUBLIC        ?C?FPSUB
  -------         ENDMOD        ?C?FPADD

  -------         MODULE        ?C?FPMUL
  C:011EH         PUBLIC        ?C?FPMUL
  -------         ENDMOD        ?C?FPMUL

  -------         MODULE        ?C?FPDIV
  C:0227H         PUBLIC        ?C?FPDIV
  -------         ENDMOD        ?C?FPDIV

  -------         MODULE        ?C?FPCMP
  C:02C6H         PUBLIC        ?C?FPCMP
  C:02C4H         PUBLIC        ?C?FPCMP3
  -------         ENDMOD        ?C?FPCMP

  -------         MODULE        ?C?FPNEG
  C:033DH         PUBLIC        ?C?FPNEG
  -------         ENDMOD        ?C?FPNEG

  -------         MODULE        ?C?FCAST
  C:0358H         PUBLIC        ?C?FCASTC
  C:0353H         PUBLIC        ?C?FCASTI
  C:034EH         PUBLIC        ?C?FCASTL
  -------         ENDMOD        ?C?FCAST

  -------         MODULE        ?C?CASTF
  C:038CH         PUBLIC        ?C?CASTF
  -------         ENDMOD        ?C?CASTF

  -------         MODULE        ATAN2
  X:04EAH         PUBLIC        ?_atan2?BYTE
  C:3333H         PUBLIC        _atan2
  -------         ENDMOD        ATAN2

  -------         MODULE        SIN
  C:2DDEH         PUBLIC        _COS
  C:2DF4H         PUBLIC        _SIN
  C:2E30H         PUBLIC        _TAN
  -------         ENDMOD        SIN

BL51 BANKED LINKER/LOCATER V6.22                                                      10/16/2018  11:42:10  PAGE 42


  -------         MODULE        ACOS
  C:3952H         PUBLIC        _ACOS
  -------         ENDMOD        ACOS

  -------         MODULE        ASIN
  C:3A69H         PUBLIC        _ASIN
  -------         ENDMOD        ASIN

  -------         MODULE        SQRT
  C:328BH         PUBLIC        _SQRT
  -------         ENDMOD        SQRT

  -------         MODULE        ATAN
  C:2F3EH         PUBLIC        _ATAN
  -------         ENDMOD        ATAN

  -------         MODULE        ?C?COPY
  C:052AH         PUBLIC        ?C?COPY
  -------         ENDMOD        ?C?COPY

  -------         MODULE        ?C?CLDPTR
  C:0550H         PUBLIC        ?C?CLDPTR
  -------         ENDMOD        ?C?CLDPTR

  -------         MODULE        ?C?CSTPTR
  C:0569H         PUBLIC        ?C?CSTPTR
  -------         ENDMOD        ?C?CSTPTR

  -------         MODULE        ?C?IMUL
  C:057BH         PUBLIC        ?C?IMUL
  -------         ENDMOD        ?C?IMUL

  -------         MODULE        ?C?UIDIV
  C:058DH         PUBLIC        ?C?UIDIV
  -------         ENDMOD        ?C?UIDIV

  -------         MODULE        ?C?SIDIV
  C:05E2H         PUBLIC        ?C?SIDIV
  -------         ENDMOD        ?C?SIDIV

  -------         MODULE        ?C?ILDIX
  C:0618H         PUBLIC        ?C?ILDIX
  -------         ENDMOD        ?C?ILDIX

  -------         MODULE        ?C?ILDOPTR
  C:062EH         PUBLIC        ?C?ILDOPTR
  -------         ENDMOD        ?C?ILDOPTR

  -------         MODULE        ?C?LMUL
  C:0666H         PUBLIC        ?C?LMUL
  -------         ENDMOD        ?C?LMUL

  -------         MODULE        ?C?SLDIV
  C:39E5H         PUBLIC        ?C?SLDIV
  -------         ENDMOD        ?C?SLDIV

  -------         MODULE        ?C?LNEG
BL51 BANKED LINKER/LOCATER V6.22                                                      10/16/2018  11:42:10  PAGE 43


  C:06B5H         PUBLIC        ?C?LNEG
  -------         ENDMOD        ?C?LNEG

  -------         MODULE        ?C?LLDPTR
  C:06C3H         PUBLIC        ?C?LLDPTR
  -------         ENDMOD        ?C?LLDPTR

  -------         MODULE        ?C?LLDOPTR
  C:06E3H         PUBLIC        ?C?LLDOPTR
  -------         ENDMOD        ?C?LLDOPTR

  -------         MODULE        ?C?LSTPTR
  C:0713H         PUBLIC        ?C?LSTPTR
  -------         ENDMOD        ?C?LSTPTR

  -------         MODULE        ?C?LSTOPTR
  C:072DH         PUBLIC        ?C?LSTOPTR
  -------         ENDMOD        ?C?LSTOPTR

  -------         MODULE        ?C?LLDXDATA
  C:0751H         PUBLIC        ?C?LLDXDATA
  -------         ENDMOD        ?C?LLDXDATA

  -------         MODULE        ?C?LLDCODE
  C:075DH         PUBLIC        ?C?LLDCODE
  -------         ENDMOD        ?C?LLDCODE

  -------         MODULE        ?C?LLDXDATA0
  C:076DH         PUBLIC        ?C?LLDXDATA0
  -------         ENDMOD        ?C?LLDXDATA0

  -------         MODULE        ?C?LLDCODE0
  C:0779H         PUBLIC        ?C?LLDCODE0
  -------         ENDMOD        ?C?LLDCODE0

  -------         MODULE        ?C?LLDPTR0
  C:0789H         PUBLIC        ?C?LLDPTR0
  -------         ENDMOD        ?C?LLDPTR0

  -------         MODULE        ?C?LSTXDATA
  C:07A9H         PUBLIC        ?C?LSTXDATA
  -------         ENDMOD        ?C?LSTXDATA

  -------         MODULE        ?C?LSTKXDATA
  C:07B5H         PUBLIC        ?C?LSTKXDATA
  -------         ENDMOD        ?C?LSTKXDATA

  -------         MODULE        ?C?OFFXADD
  C:07E6H         PUBLIC        ?C?OFFXADD
  -------         ENDMOD        ?C?OFFXADD

  -------         MODULE        ABS
  C:3DA9H         PUBLIC        _ABS
  -------         ENDMOD        ABS

  -------         MODULE        ATOI
  C:3040H         PUBLIC        _atoi
BL51 BANKED LINKER/LOCATER V6.22                                                      10/16/2018  11:42:10  PAGE 44


  -------         ENDMOD        ATOI

  -------         MODULE        ?C?IILDX
  C:07F2H         PUBLIC        ?C?IILDX
  -------         ENDMOD        ?C?IILDX

  -------         MODULE        ?C?ULDIV
  C:0844H         PUBLIC        ?C?ULDIV
  -------         ENDMOD        ?C?ULDIV

  -------         MODULE        ?C?LLDIDATA
  C:08D6H         PUBLIC        ?C?LLDIDATA
  -------         ENDMOD        ?C?LLDIDATA

  -------         MODULE        ?C?LLDPDATA
  C:08E2H         PUBLIC        ?C?LLDPDATA
  -------         ENDMOD        ?C?LLDPDATA

  -------         MODULE        ?C?LLDIDATA0
  C:08EEH         PUBLIC        ?C?LLDIDATA0
  -------         ENDMOD        ?C?LLDIDATA0

  -------         MODULE        ?C?LLDPDATA0
  C:08FBH         PUBLIC        ?C?LLDPDATA0
  -------         ENDMOD        ?C?LLDPDATA0

  -------         MODULE        ?C?LSTIDATA
  C:0908H         PUBLIC        ?C?LSTIDATA
  -------         ENDMOD        ?C?LSTIDATA

  -------         MODULE        ?C?LSTPDATA
  C:0914H         PUBLIC        ?C?LSTPDATA
  -------         ENDMOD        ?C?LSTPDATA

  -------         MODULE        ISDIGIT
  C:3D81H         PUBLIC        _isdigit
  -------         ENDMOD        ISDIGIT

  -------         MODULE        ISSPACE
  C:3D08H         PUBLIC        _isspace
  -------         ENDMOD        ISSPACE

*** WARNING L16: UNCALLED SEGMENT, IGNORED FOR OVERLAY PROCESS
    SEGMENT: ?PR?_DISPLAY_PROX?MAIN

*** WARNING L16: UNCALLED SEGMENT, IGNORED FOR OVERLAY PROCESS
    SEGMENT: ?PR?_DAY_OF_YEAR?PCF85063BTL

*** WARNING L16: UNCALLED SEGMENT, IGNORED FOR OVERLAY PROCESS
    SEGMENT: ?PR?INITUART1?UART1

*** WARNING L16: UNCALLED SEGMENT, IGNORED FOR OVERLAY PROCESS
    SEGMENT: ?PR?_SENDSTRING?UART1

*** WARNING L16: UNCALLED SEGMENT, IGNORED FOR OVERLAY PROCESS
    SEGMENT: ?PR?_TEN?UART1

BL51 BANKED LINKER/LOCATER V6.22                                                      10/16/2018  11:42:10  PAGE 45


*** WARNING L16: UNCALLED SEGMENT, IGNORED FOR OVERLAY PROCESS
    SEGMENT: ?PR?_UNIT?UART1

*** WARNING L16: UNCALLED SEGMENT, IGNORED FOR OVERLAY PROCESS
    SEGMENT: ?PR?_DECTOBCD?UART1

*** WARNING L16: UNCALLED SEGMENT, IGNORED FOR OVERLAY PROCESS
    SEGMENT: ?PR?_ASCII_LETTER?UART1

*** WARNING L16: UNCALLED SEGMENT, IGNORED FOR OVERLAY PROCESS
    SEGMENT: ?PR?NOP?VCNL4035

*** WARNING L16: UNCALLED SEGMENT, IGNORED FOR OVERLAY PROCESS
    SEGMENT: ?PR?_READ_VCNL4035?VCNL4035

*** WARNING L16: UNCALLED SEGMENT, IGNORED FOR OVERLAY PROCESS
    SEGMENT: ?PR?_DISPLAYLCD_VCNL4035?VCNL4035

*** WARNING L16: UNCALLED SEGMENT, IGNORED FOR OVERLAY PROCESS
    SEGMENT: ?PR?_FINDDET4X4?BIPOLARMOTOR

*** WARNING L16: UNCALLED SEGMENT, IGNORED FOR OVERLAY PROCESS
    SEGMENT: ?PR?ADC_INIT?ADC

*** WARNING L16: UNCALLED SEGMENT, IGNORED FOR OVERLAY PROCESS
    SEGMENT: ?PR?_CALIBRATION?CALIBRATION

*** WARNING L1: UNRESOLVED EXTERNAL SYMBOL
    SYMBOL:  CALIB_MODE
    MODULE:  .\Obj\main.obj (MAIN)

*** WARNING L1: UNRESOLVED EXTERNAL SYMBOL
    SYMBOL:  AUTO_MODE
    MODULE:  .\Obj\main.obj (MAIN)

*** WARNING L2: REFERENCE MADE TO UNRESOLVED EXTERNAL
    SYMBOL:  CALIB_MODE
    MODULE:  .\Obj\main.obj (MAIN)
    ADDRESS: 1CCCH

*** WARNING L2: REFERENCE MADE TO UNRESOLVED EXTERNAL
    SYMBOL:  AUTO_MODE
    MODULE:  .\Obj\main.obj (MAIN)
    ADDRESS: 1CDBH

*** WARNING L2: REFERENCE MADE TO UNRESOLVED EXTERNAL
    SYMBOL:  AUTO_MODE
    MODULE:  .\Obj\main.obj (MAIN)
    ADDRESS: 1DA3H

*** WARNING L2: REFERENCE MADE TO UNRESOLVED EXTERNAL
    SYMBOL:  AUTO_MODE
    MODULE:  .\Obj\main.obj (MAIN)
    ADDRESS: 1DB1H

*** WARNING L2: REFERENCE MADE TO UNRESOLVED EXTERNAL
    SYMBOL:  AUTO_MODE
BL51 BANKED LINKER/LOCATER V6.22                                                      10/16/2018  11:42:10  PAGE 46


    MODULE:  .\Obj\main.obj (MAIN)
    ADDRESS: 1DC3H

*** WARNING L2: REFERENCE MADE TO UNRESOLVED EXTERNAL
    SYMBOL:  AUTO_MODE
    MODULE:  .\Obj\main.obj (MAIN)
    ADDRESS: 1E05H

*** WARNING L2: REFERENCE MADE TO UNRESOLVED EXTERNAL
    SYMBOL:  AUTO_MODE
    MODULE:  .\Obj\main.obj (MAIN)
    ADDRESS: 1EDCH

*** WARNING L1: UNRESOLVED EXTERNAL SYMBOL
    SYMBOL:  AUTO_MODE
    MODULE:  .\Obj\KeyPad.obj (KEYPAD)

*** WARNING L2: REFERENCE MADE TO UNRESOLVED EXTERNAL
    SYMBOL:  AUTO_MODE
    MODULE:  .\Obj\KeyPad.obj (KEYPAD)
    ADDRESS: 2284H

*** WARNING L2: REFERENCE MADE TO UNRESOLVED EXTERNAL
    SYMBOL:  AUTO_MODE
    MODULE:  .\Obj\KeyPad.obj (KEYPAD)
    ADDRESS: 228FH

*** WARNING L2: REFERENCE MADE TO UNRESOLVED EXTERNAL
    SYMBOL:  AUTO_MODE
    MODULE:  .\Obj\KeyPad.obj (KEYPAD)
    ADDRESS: 2296H

Program Size: data=18.0 xdata=1565 code=15849
LINK/LOCATE RUN COMPLETE.  27 WARNING(S),  0 ERROR(S)
