BL51 BANKED LINKER/LOCATER V6.22                                                        03/29/2019  13:24:40  PAGE 1


BL51 BANKED LINKER/LOCATER V6.22, INVOKED BY:
C:\KEIL\C51\BIN\BL51.EXE .\Obj\main.obj, .\Obj\PCF85063BTL.obj, .\Obj\UART1.obj, .\Obj\LCd_Driver_SPLC780D.obj, .\Obj\Ke
>> yPad.obj, .\Obj\VCNL4035.obj, .\Obj\BipolarMotor.obj, .\Obj\SunPos.obj, .\Obj\STARTUP.obj TO .\Obj\GPIO_RTC_Test PRIN
>> T (.\Lis\GPIO_RTC_Test.m51) RAMSIZE (256)


MEMORY MODEL: LARGE WITH FLOATING POINT ARITHMETIC


INPUT MODULES INCLUDED:
  .\Obj\main.obj (MAIN)
  .\Obj\PCF85063BTL.obj (PCF85063BTL)
  .\Obj\UART1.obj (UART1)
  .\Obj\LCd_Driver_SPLC780D.obj (LCD_DRIVER_SPLC780D)
  .\Obj\KeyPad.obj (KEYPAD)
  .\Obj\VCNL4035.obj (VCNL4035)
  .\Obj\BipolarMotor.obj (BIPOLARMOTOR)
  .\Obj\SunPos.obj (SUNPOS)
  .\Obj\STARTUP.obj (?C_STARTUP)
  C:\KEIL\C51\LIB\C51FPL.LIB (?C?FPADD)
  C:\KEIL\C51\LIB\C51FPL.LIB (?C?FPMUL)
  C:\KEIL\C51\LIB\C51FPL.LIB (?C?FPDIV)
  C:\KEIL\C51\LIB\C51FPL.LIB (?C?FPCMP)
  C:\KEIL\C51\LIB\C51FPL.LIB (?C?FPNEG)
  C:\KEIL\C51\LIB\C51FPL.LIB (?C?FCAST)
  C:\KEIL\C51\LIB\C51FPL.LIB (?C?CASTF)
  C:\KEIL\C51\LIB\C51FPL.LIB (ATAN2)
  C:\KEIL\C51\LIB\C51FPL.LIB (SIN)
  C:\KEIL\C51\LIB\C51FPL.LIB (ACOS)
  C:\KEIL\C51\LIB\C51FPL.LIB (ASIN)
  C:\KEIL\C51\LIB\C51FPL.LIB (?C?FPGETOPN)
  C:\KEIL\C51\LIB\C51FPL.LIB (?C?FPSERIES)
  C:\KEIL\C51\LIB\C51FPL.LIB (SQRT)
  C:\KEIL\C51\LIB\C51FPL.LIB (ATAN)
  C:\KEIL\C51\LIB\C51L.LIB (?C_INIT)
  C:\KEIL\C51\LIB\C51L.LIB (?C?COPY)
  C:\KEIL\C51\LIB\C51L.LIB (?C?CLDPTR)
  C:\KEIL\C51\LIB\C51L.LIB (?C?CSTPTR)
  C:\KEIL\C51\LIB\C51L.LIB (?C?IMUL)
  C:\KEIL\C51\LIB\C51L.LIB (?C?UIDIV)
  C:\KEIL\C51\LIB\C51L.LIB (?C?SIDIV)
  C:\KEIL\C51\LIB\C51L.LIB (?C?ILDIX)
  C:\KEIL\C51\LIB\C51L.LIB (?C?LMUL)
  C:\KEIL\C51\LIB\C51L.LIB (?C?ULDIV)
  C:\KEIL\C51\LIB\C51L.LIB (?C?SLDIV)
  C:\KEIL\C51\LIB\C51L.LIB (?C?LNEG)
  C:\KEIL\C51\LIB\C51L.LIB (?C?ULCMP)
  C:\KEIL\C51\LIB\C51L.LIB (?C?LLDPTR)
  C:\KEIL\C51\LIB\C51L.LIB (?C?LLDOPTR)
  C:\KEIL\C51\LIB\C51L.LIB (?C?LSTPTR)
  C:\KEIL\C51\LIB\C51L.LIB (?C?LSTOPTR)
  C:\KEIL\C51\LIB\C51L.LIB (?C?LLDXDATA)
  C:\KEIL\C51\LIB\C51L.LIB (?C?LLDCODE)
  C:\KEIL\C51\LIB\C51L.LIB (?C?LLDXDATA0)
  C:\KEIL\C51\LIB\C51L.LIB (?C?LLDCODE0)
  C:\KEIL\C51\LIB\C51L.LIB (?C?LLDPTR0)
  C:\KEIL\C51\LIB\C51L.LIB (?C?LSTXDATA)
  C:\KEIL\C51\LIB\C51L.LIB (?C?LSTKXDATA)
BL51 BANKED LINKER/LOCATER V6.22                                                      03/29/2019  13:24:40  PAGE 2


  C:\KEIL\C51\LIB\C51L.LIB (?C?OFFXADD)
  C:\KEIL\C51\LIB\C51L.LIB (ABS)
  C:\KEIL\C51\LIB\C51L.LIB (ATOI)
  C:\KEIL\C51\LIB\C51L.LIB (?C?IILDX)
  C:\KEIL\C51\LIB\C51L.LIB (?C?LLDIDATA)
  C:\KEIL\C51\LIB\C51L.LIB (?C?LLDPDATA)
  C:\KEIL\C51\LIB\C51L.LIB (?C?LLDIDATA0)
  C:\KEIL\C51\LIB\C51L.LIB (?C?LLDPDATA0)
  C:\KEIL\C51\LIB\C51L.LIB (?C?LSTIDATA)
  C:\KEIL\C51\LIB\C51L.LIB (?C?LSTPDATA)
  C:\KEIL\C51\LIB\C51L.LIB (ISDIGIT)
  C:\KEIL\C51\LIB\C51L.LIB (ISSPACE)


LINK MAP OF MODULE:  .\Obj\GPIO_RTC_Test (MAIN)


            TYPE    BASE      LENGTH    RELOCATION   SEGMENT NAME
            -----------------------------------------------------

            * * * * * * *   D A T A   M E M O R Y   * * * * * * *
            REG     0000H     0008H     ABSOLUTE     "REG BANK 0"
                    0008H     0018H                  *** GAP ***
            BIT     0020H.0   0000H.6   UNIT         ?BI?KEYPAD
            BIT     0020H.6   0000H.3   UNIT         ?BI?MAIN
            BIT     0021H.1   0000H.3   UNIT         _BIT_GROUP_
            BIT     0021H.4   0000H.1   UNIT         ?BI?_ATOI?ATOI
                    0021H.5   0000H.3                *** GAP ***
            IDATA   0022H     0001H     UNIT         ?STACK

            * * * * * * *  X D A T A   M E M O R Y  * * * * * * *
            XDATA   0000H     0521H     UNIT         ?XD?BIPOLARMOTOR
            XDATA   0521H     0134H     UNIT         _XDATA_GROUP_
            XDATA   0655H     00F1H     UNIT         ?XD?MAIN
            XDATA   0746H     0040H     UNIT         ?XD?_FINDDET4X4?BIPOLARMOTOR
            XDATA   0786H     0024H     UNIT         ?XD?_FINDDET3X3?BIPOLARMOTOR
            XDATA   07AAH     001EH     UNIT         ?XD?_CALIB_INTERPOLATE?MAIN
            XDATA   07C8H     0009H     UNIT         ?XD?KEYPAD
            XDATA   07D1H     0008H     UNIT         ?XD?_READ_VCNL4035?VCNL4035
            XDATA   07D9H     0005H     UNIT         ?XD?_ATOI?ATOI
            XDATA   07DEH     0003H     UNIT         ?XD?_SENDSTRING?UART1
            XDATA   07E1H     0001H     UNIT         ?XD?UC_ACK?VCNL4035
            XDATA   07E2H     0001H     UNIT         ?XD?UC_NACK?VCNL4035
            XDATA   07E3H     0001H     UNIT         ?XD?_DISPLAYLCD_VCNL4035?VCNL4035

            * * * * * * *   C O D E   M E M O R Y   * * * * * * *
            CODE    0000H     0003H     ABSOLUTE     
            CODE    0003H     0006H     UNIT         ?PR?_TEN?UART1
            CODE    0009H     0001H     UNIT         ?PR?UART?MAIN
            CODE    000AH     0001H     UNIT         ?PR?_DECTOBCD?UART1
            CODE    000BH     0003H     ABSOLUTE     
            CODE    000EH     0015H     UNIT         ?PR?_DISPLAY_LINE?LCD_DRIVER_SPLC780D
            CODE    0023H     0003H     ABSOLUTE     
            CODE    0026H     0FCAH     UNIT         ?PR?_UPDATE_POSITION?BIPOLARMOTOR
            CODE    0FF0H     08D3H     UNIT         ?C?LIB_CODE
            CODE    18C3H     07A2H     UNIT         ?PR?SUNPOS?SUNPOS
            CODE    2065H     058CH     UNIT         ?C_INITSEG
BL51 BANKED LINKER/LOCATER V6.22                                                      03/29/2019  13:24:40  PAGE 3


            CODE    25F1H     03AFH     UNIT         ?PR?MAIN?MAIN
            CODE    29A0H     02C0H     UNIT         ?PR?_FINDDET4X4?BIPOLARMOTOR
            CODE    2C60H     02B2H     UNIT         ?PR?KEY_PROCESS?KEYPAD
            CODE    2F12H     01D9H     UNIT         ?PR?_DISPLAY_POS?BIPOLARMOTOR
            CODE    30EBH     01D1H     UNIT         ?PR?_FINDDET3X3?BIPOLARMOTOR
            CODE    32BCH     01A1H     UNIT         ?PR?_CALIB_INTERPOLATE?MAIN
            CODE    345DH     018DH     UNIT         ?PR?KEY_SCAN?KEYPAD
            CODE    35EAH     0188H     UNIT         ?PR?SIN?SIN
            CODE    3772H     0145H     UNIT         ?PR?LINEAR_INTERPOLATE?BIPOLARMOTOR
            CODE    38B7H     0122H     UNIT         ?PR?ATAN?ATAN
            CODE    39D9H     00EBH     UNIT         ?PR?_MOVE?BIPOLARMOTOR
            CODE    3AC4H     00DBH     UNIT         ?PR?_ATOI?ATOI
            CODE    3B9FH     00ACH     UNIT         ?PR?SQRT?SQRT
            CODE    3C4BH     009DH     UNIT         ?PR?_ATAN2?ATAN2
            CODE    3CE8H     009AH     UNIT         ?PR?_READ_VCNL4035?VCNL4035
            CODE    3D82H     0094H     UNIT         ?PR?_MOVE_2NDMOTOR?BIPOLARMOTOR
            CODE    3E16H     008CH     UNIT         ?C_C51STARTUP
            CODE    3EA2H     0084H     UNIT         ?PR?_DAY_OF_YEAR?PCF85063BTL
            CODE    3F26H     0075H     UNIT         ?PR?_WRITEDATA?LCD_DRIVER_SPLC780D
            CODE    3F9BH     006FH     UNIT         ?PR?_READ_TIME?PCF85063BTL
            CODE    400AH     0059H     UNIT         ?PR?LCD_INIT?LCD_DRIVER_SPLC780D
            CODE    4063H     004AH     UNIT         ?PR?VONESTEPMOVE?BIPOLARMOTOR
            CODE    40ADH     004AH     UNIT         ?PR?VONESTEPMOVE_2NDMOTOR?BIPOLARMOTOR
            CODE    40F7H     004AH     UNIT         ?PR?ACOS?ACOS
            CODE    4141H     0049H     UNIT         ?PR?_WRITE_VCNL4035X?VCNL4035
            CODE    418AH     0044H     UNIT         ?C?LDIV
            CODE    41CEH     0040H     UNIT         ?PR?_COMMAND?LCD_DRIVER_SPLC780D
            CODE    420EH     0040H     UNIT         ?PR?_STEP_MOVE?BIPOLARMOTOR
            CODE    424EH     0040H     UNIT         ?PR?_STEP_MOVE_2NDMOTOR?BIPOLARMOTOR
            CODE    428EH     003BH     UNIT         ?PR?ASIN?ASIN
            CODE    42C9H     0034H     UNIT         ?PR?TM0_ISR?MAIN
            CODE    42FDH     0033H     UNIT         ?PR?_SENDSTRING?UART1
            CODE    4330H     002CH     UNIT         ?PR?I2C_RECEIVEBYTE?VCNL4035
            CODE    435CH     002BH     UNIT         ?PR?_WAIT_MS_I2C?VCNL4035
            CODE    4387H     0024H     UNIT         ?PR?_WAIT_MS?LCD_DRIVER_SPLC780D
            CODE    43ABH     0022H     UNIT         ?PR?_I2C_SENDBYTE?VCNL4035
            CODE    43CDH     0020H     UNIT         ?PR?_SPI_SENDBYTE?PCF85063BTL
            CODE    43EDH     0020H     UNIT         ?PR?SPI_RECEIVEBYTE?PCF85063BTL
            CODE    440DH     001EH     UNIT         ?PR?_DELAY_MS?KEYPAD
            CODE    442BH     001EH     UNIT         ?PR?_WAIT_MS_IIC?VCNL4035
            CODE    4449H     001DH     UNIT         ?PR?_DISPLAYLCD?LCD_DRIVER_SPLC780D
            CODE    4466H     001BH     UNIT         ?PR?I2C_ACK?VCNL4035
            CODE    4481H     001BH     UNIT         ?PR?_BCDTODEC1?BIPOLARMOTOR
            CODE    449CH     0018H     UNIT         ?PR?_SPI_WRITETIME?PCF85063BTL
            CODE    44B4H     0017H     UNIT         ?PR?_ASCIITOBCD?UART1
            CODE    44CBH     0017H     UNIT         ?PR?I2C_INIT?VCNL4035
            CODE    44E2H     0015H     UNIT         ?PR?I2C_STOP?VCNL4035
            CODE    44F7H     0014H     UNIT         ?PR?_PCF85063BTL_DELAY?PCF85063BTL
            CODE    450BH     0014H     UNIT         ?PR?_ISSPACE?ISSPACE
            CODE    451FH     0013H     UNIT         ?PR?I2C_START?VCNL4035
            CODE    4532H     0011H     UNIT         ?PR?_SPI_READTIME?PCF85063BTL
            CODE    4543H     0011H     UNIT         ?PR?_BCDTODEC?PCF85063BTL
            CODE    4554H     0011H     UNIT         ?PR?INITUART1?UART1
            CODE    4565H     000FH     UNIT         ?PR?UC_NACK?VCNL4035
            CODE    4574H     000FH     UNIT         ?PR?_ISDIGIT?ISDIGIT
            CODE    4583H     000DH     UNIT         ?PR?SPI_INIT?PCF85063BTL
            CODE    4590H     000CH     UNIT         ?PR?KEYPAD_IO_INIT?KEYPAD
BL51 BANKED LINKER/LOCATER V6.22                                                      03/29/2019  13:24:40  PAGE 4


            CODE    459CH     000CH     UNIT         ?PR?_ABS?ABS
            CODE    45A8H     000AH     UNIT         ?PR?LCD_RETURN_HOME?LCD_DRIVER_SPLC780D
            CODE    45B2H     000AH     UNIT         ?PR?LCD_CLEAR?LCD_DRIVER_SPLC780D
            CODE    45BCH     0009H     UNIT         ?PR?_SENDUART1?MAIN
            CODE    45C5H     0006H     UNIT         ?PR?UC_ACK?VCNL4035
            CODE    45CBH     0006H     UNIT         ?PR?_DISPLAYLCD_VCNL4035?VCNL4035
            CODE    45D1H     0005H     UNIT         ?PR?_UNIT?UART1
            CODE    45D6H     0005H     UNIT         ?PR?_ASCII_LETTER?UART1
            CODE    45DBH     0001H     UNIT         ?PR?NOP?VCNL4035



OVERLAY MAP OF MODULE:   .\Obj\GPIO_RTC_Test (MAIN)


SEGMENT                                            BIT_GROUP          XDATA_GROUP
  +--> CALLED SEGMENT                           START    LENGTH     START    LENGTH
-----------------------------------------------------------------------------------
?C_C51STARTUP                                   -----    -----      -----    -----
  +--> ?PR?MAIN?MAIN
  +--> ?C_INITSEG

?PR?MAIN?MAIN                                   -----    -----      0521H    0009H
  +--> ?PR?LCD_INIT?LCD_DRIVER_SPLC780D
  +--> ?PR?SPI_INIT?PCF85063BTL
  +--> ?PR?KEYPAD_IO_INIT?KEYPAD
  +--> ?PR?I2C_INIT?VCNL4035
  +--> ?PR?_DELAY_MS?KEYPAD
  +--> ?PR?_DISPLAY_LINE?LCD_DRIVER_SPLC780D
  +--> ?PR?_WRITEDATA?LCD_DRIVER_SPLC780D
  +--> ?PR?KEY_PROCESS?KEYPAD
  +--> ?PR?_COMMAND?LCD_DRIVER_SPLC780D
  +--> ?PR?_DISPLAY_POS?BIPOLARMOTOR
  +--> ?PR?_DISPLAYLCD?LCD_DRIVER_SPLC780D
  +--> ?PR?_STEP_MOVE?BIPOLARMOTOR
  +--> ?PR?_STEP_MOVE_2NDMOTOR?BIPOLARMOTOR
  +--> ?PR?LCD_RETURN_HOME?LCD_DRIVER_SPLC780D
  +--> ?PR?_READ_TIME?PCF85063BTL
  +--> ?PR?_UPDATE_POSITION?BIPOLARMOTOR

?PR?LCD_INIT?LCD_DRIVER_SPLC780D                -----    -----      -----    -----
  +--> ?PR?_WAIT_MS?LCD_DRIVER_SPLC780D
  +--> ?PR?_COMMAND?LCD_DRIVER_SPLC780D

?PR?_COMMAND?LCD_DRIVER_SPLC780D                -----    -----      -----    -----
  +--> ?PR?_WAIT_MS?LCD_DRIVER_SPLC780D

?PR?I2C_INIT?VCNL4035                           -----    -----      -----    -----
  +--> ?PR?_WRITE_VCNL4035X?VCNL4035

?PR?_WRITE_VCNL4035X?VCNL4035                   -----    -----      052AH    0003H
  +--> ?PR?I2C_START?VCNL4035
  +--> ?PR?_WAIT_MS_I2C?VCNL4035
  +--> ?PR?I2C_ACK?VCNL4035
  +--> ?PR?_I2C_SENDBYTE?VCNL4035
  +--> ?PR?I2C_STOP?VCNL4035

BL51 BANKED LINKER/LOCATER V6.22                                                      03/29/2019  13:24:40  PAGE 5


?PR?I2C_START?VCNL4035                          -----    -----      -----    -----
  +--> ?PR?_WAIT_MS_IIC?VCNL4035
  +--> ?PR?_WAIT_MS_I2C?VCNL4035

?PR?I2C_ACK?VCNL4035                            -----    -----      052DH    0001H
  +--> ?PR?_I2C_SENDBYTE?VCNL4035
  +--> ?PR?_WAIT_MS_I2C?VCNL4035

?PR?_I2C_SENDBYTE?VCNL4035                      -----    -----      -----    -----
  +--> ?PR?_WAIT_MS_I2C?VCNL4035

?PR?I2C_STOP?VCNL4035                           -----    -----      -----    -----
  +--> ?PR?_WAIT_MS_I2C?VCNL4035

?PR?_DISPLAY_LINE?LCD_DRIVER_SPLC780D           -----    -----      -----    -----
  +--> ?PR?_COMMAND?LCD_DRIVER_SPLC780D

?PR?_WRITEDATA?LCD_DRIVER_SPLC780D              -----    -----      0607H    0001H
  +--> ?PR?_WAIT_MS?LCD_DRIVER_SPLC780D

?PR?KEY_PROCESS?KEYPAD                          -----    -----      052AH    0006H
  +--> ?PR?KEY_SCAN?KEYPAD
  +--> ?PR?_SPI_WRITETIME?PCF85063BTL
  +--> ?PR?LCD_CLEAR?LCD_DRIVER_SPLC780D
  +--> ?PR?_COMMAND?LCD_DRIVER_SPLC780D
  +--> ?PR?_WRITEDATA?LCD_DRIVER_SPLC780D

?PR?KEY_SCAN?KEYPAD                             -----    -----      0530H    0003H

?PR?_SPI_WRITETIME?PCF85063BTL                  -----    -----      -----    -----
  +--> ?PR?_SPI_SENDBYTE?PCF85063BTL

?PR?_SPI_SENDBYTE?PCF85063BTL                   -----    -----      -----    -----
  +--> ?PR?_PCF85063BTL_DELAY?PCF85063BTL

?PR?LCD_CLEAR?LCD_DRIVER_SPLC780D               -----    -----      -----    -----
  +--> ?PR?_COMMAND?LCD_DRIVER_SPLC780D

?PR?_DISPLAY_POS?BIPOLARMOTOR                   -----    -----      05FCH    000BH
  +--> ?PR?_ABS?ABS
  +--> ?PR?_WRITEDATA?LCD_DRIVER_SPLC780D

?PR?_DISPLAYLCD?LCD_DRIVER_SPLC780D             -----    -----      052AH    0001H
  +--> ?PR?_WRITEDATA?LCD_DRIVER_SPLC780D

?PR?_STEP_MOVE?BIPOLARMOTOR                     0021H.2  0000H.1    05FCH    0004H
  +--> ?PR?VONESTEPMOVE?BIPOLARMOTOR

?PR?VONESTEPMOVE?BIPOLARMOTOR                   0021H.3  0000H.1    -----    -----
  +--> ?PR?_DELAY_MS?KEYPAD

?PR?_STEP_MOVE_2NDMOTOR?BIPOLARMOTOR            0021H.2  0000H.1    05F8H    0004H
  +--> ?PR?VONESTEPMOVE_2NDMOTOR?BIPOLARMOTOR

?PR?VONESTEPMOVE_2NDMOTOR?BIPOLARMOTOR          0021H.3  0000H.1    -----    -----
  +--> ?PR?_DELAY_MS?KEYPAD

BL51 BANKED LINKER/LOCATER V6.22                                                      03/29/2019  13:24:40  PAGE 6


?PR?LCD_RETURN_HOME?LCD_DRIVER_SPLC780D         -----    -----      -----    -----
  +--> ?PR?_COMMAND?LCD_DRIVER_SPLC780D

?PR?_READ_TIME?PCF85063BTL                      -----    -----      052AH    000FH
  +--> ?PR?_SPI_READTIME?PCF85063BTL

?PR?_SPI_READTIME?PCF85063BTL                   -----    -----      -----    -----
  +--> ?PR?_SPI_SENDBYTE?PCF85063BTL
  +--> ?PR?SPI_RECEIVEBYTE?PCF85063BTL

?PR?SPI_RECEIVEBYTE?PCF85063BTL                 -----    -----      -----    -----
  +--> ?PR?_PCF85063BTL_DELAY?PCF85063BTL

?PR?_UPDATE_POSITION?BIPOLARMOTOR               -----    -----      052AH    00C2H
  +--> ?PR?_BCDTODEC1?BIPOLARMOTOR
  +--> ?PR?_DAY_OF_YEAR?PCF85063BTL
  +--> ?PR?SUNPOS?SUNPOS
  +--> ?PR?SIN?SIN
  +--> ?PR?ASIN?ASIN
  +--> ?PR?LINEAR_INTERPOLATE?BIPOLARMOTOR
  +--> ?PR?_ABS?ABS
  +--> ?PR?_MOVE?BIPOLARMOTOR
  +--> ?PR?_MOVE_2NDMOTOR?BIPOLARMOTOR

?PR?_DAY_OF_YEAR?PCF85063BTL                    -----    -----      -----    -----
  +--> ?PR?_BCDTODEC?PCF85063BTL

?PR?SUNPOS?SUNPOS                               -----    -----      05ECH    005DH
  +--> ?PR?SIN?SIN
  +--> ?PR?_ATAN2?ATAN2
  +--> ?PR?ASIN?ASIN
  +--> ?PR?ACOS?ACOS

?PR?SIN?SIN                                     0021H.1  0000H.1    0649H    0004H

?PR?_ATAN2?ATAN2                                -----    -----      0649H    0008H
  +--> ?PR?ATAN?ATAN

?PR?ATAN?ATAN                                   0021H.1  0000H.2    0651H    0004H

?PR?ASIN?ASIN                                   -----    -----      -----    -----
  +--> ?PR?SQRT?SQRT
  +--> ?PR?ATAN?ATAN

?PR?SQRT?SQRT                                   -----    -----      0649H    0004H

?PR?ACOS?ACOS                                   -----    -----      -----    -----
  +--> ?PR?SQRT?SQRT
  +--> ?PR?ATAN?ATAN

?PR?LINEAR_INTERPOLATE?BIPOLARMOTOR             -----    -----      05ECH    0014H

?PR?_MOVE?BIPOLARMOTOR                          0021H.1  0000H.1    05ECH    0010H
  +--> ?PR?_STEP_MOVE?BIPOLARMOTOR
  +--> ?PR?_COMMAND?LCD_DRIVER_SPLC780D
  +--> ?PR?_DISPLAY_POS?BIPOLARMOTOR

BL51 BANKED LINKER/LOCATER V6.22                                                      03/29/2019  13:24:40  PAGE 7


?PR?_MOVE_2NDMOTOR?BIPOLARMOTOR                 0021H.1  0000H.1    05ECH    000CH
  +--> ?PR?_STEP_MOVE_2NDMOTOR?BIPOLARMOTOR
  +--> ?PR?_COMMAND?LCD_DRIVER_SPLC780D
  +--> ?PR?_DISPLAY_POS?BIPOLARMOTOR



UNRESOLVED EXTERNAL SYMBOLS:
   _WRITE_PI4IOE5V96248



SYMBOL TABLE OF MODULE:  .\Obj\GPIO_RTC_Test (MAIN)

  VALUE           TYPE          NAME
  ----------------------------------

  -------         MODULE        MAIN
  C:0000H         SYMBOL        _ICE_DUMMY_
  X:065DH         PUBLIC        calib_value
  D:0080H         PUBLIC        P0
  D:0090H         PUBLIC        P1
  D:00A0H         PUBLIC        P2
  D:00B0H         PUBLIC        P3
  D:00C0H         PUBLIC        P4
  D:00C8H         PUBLIC        P5
  X:06BDH         SYMBOL        PressedKey
  B:00A8H.7       PUBLIC        EA
  D:00E8H         PUBLIC        P6
  D:00F8H         PUBLIC        P7
  X:06C1H         PUBLIC        RX_Data_Uart_Cnt
  C:32BCH         PUBLIC        _calib_interpolate
  D:00A8H         PUBLIC        IE
  X:06C3H         PUBLIC        calib_time
  D:00B8H         PUBLIC        IP
  B:0020H.6       PUBLIC        pos_angle_display
  X:0723H         PUBLIC        months
  C:0009H         PUBLIC        Uart
  B:0020H.7       PUBLIC        direction_rotation
  D:00D8H         PUBLIC        CCON
  C:25F1H         PUBLIC        main
  X:0724H         PUBLIC        count
  D:0099H         PUBLIC        SBUF
  X:0726H         PUBLIC        days
  X:0727H         PUBLIC        hours
  D:0098H         PUBLIC        SCON
  D:0089H         PUBLIC        TMOD
  D:0088H         PUBLIC        TCON
  B:00B0H.2       PUBLIC        P32
  B:00B0H.3       PUBLIC        P33
  X:0728H         SYMBOL        KeyCount
  X:072AH         PUBLIC        mins
  X:072BH         PUBLIC        Rec_data_hour
  X:072EH         PUBLIC        Rec_data_min
  D:008EH         PUBLIC        AUXR
  C:42C9H         PUBLIC        tm0_isr
  X:0731H         PUBLIC        auto_mode
BL51 BANKED LINKER/LOCATER V6.22                                                      03/29/2019  13:24:40  PAGE 8


  B:0021H.0       PUBLIC        busy
  D:00E0H         PUBLIC        ACC
  B:00A8H.1       PUBLIC        ET0
  D:008CH         PUBLIC        TH0
  X:0733H         PUBLIC        hour_count
  D:008AH         PUBLIC        TL0
  X:0734H         PUBLIC        min_count
  B:0088H.4       PUBLIC        TR0
  X:0735H         SYMBOL        KeyNum
  X:0736H         SYMBOL        KeyNum_Old
  X:0737H         PUBLIC        current_position
  X:073BH         PUBLIC        hours1
  X:073CH         PUBLIC        hours2
  X:073DH         PUBLIC        mins1
  X:073EH         PUBLIC        mins2
  X:073FH         PUBLIC        current_angle
  X:0743H         PUBLIC        seconds
  X:0744H         PUBLIC        st_time
  D:00D0H         PUBLIC        PSW
  C:45BCH         PUBLIC        _SendUART1
  -------         PROC          TM0_ISR
  C:42C9H         LINE#         80
  C:42D1H         LINE#         82
  C:42DFH         LINE#         83
  C:42EBH         LINE#         84
  C:42EBH         LINE#         85
  C:42F2H         LINE#         86
  C:42F4H         LINE#         87
  C:42F4H         LINE#         88
  -------         ENDPROC       TM0_ISR
  -------         PROC          MAIN
  -------         DO            
  X:0655H         SYMBOL        KeyCount
  X:0657H         SYMBOL        KeyNum_Old
  X:0658H         SYMBOL        KeyNum
  X:0659H         SYMBOL        PressedKey
  X:0521H         SYMBOL        prox_flag
  X:0522H         SYMBOL        prox_flag_rotation
  X:0523H         SYMBOL        calib_day
  X:0525H         SYMBOL        numStr
  -------         ENDDO         
  C:25F1H         LINE#         90
  C:25F1H         LINE#         91
  C:25F1H         LINE#         96
  C:25F9H         LINE#         98
  C:25FEH         LINE#         102
  C:2600H         LINE#         105
  C:2602H         LINE#         108
  C:2604H         LINE#         110
  C:260BH         LINE#         111
  C:260DH         LINE#         112
  C:260FH         LINE#         124
  C:2612H         LINE#         125
  C:2615H         LINE#         126
  C:2618H         LINE#         128
  C:261BH         LINE#         131
  C:261EH         LINE#         132
BL51 BANKED LINKER/LOCATER V6.22                                                      03/29/2019  13:24:40  PAGE 9


  C:2621H         LINE#         133
  C:2624H         LINE#         134
  C:2626H         LINE#         135
  C:2628H         LINE#         136
  C:262AH         LINE#         138
  C:262CH         LINE#         140
  C:2633H         LINE#         142
  C:263AH         LINE#         146
  C:2641H         LINE#         147
  C:2646H         LINE#         148
  C:264BH         LINE#         149
  C:2650H         LINE#         150
  C:2655H         LINE#         151
  C:265AH         LINE#         156
  C:265AH         LINE#         157
  C:265AH         LINE#         158
  C:265DH         LINE#         161
  C:265DH         LINE#         166
  C:2667H         LINE#         167
  C:2667H         LINE#         168
  C:266AH         LINE#         169
  C:266AH         LINE#         170
  C:266FH         LINE#         171
  C:2674H         LINE#         172
  C:2679H         LINE#         173
  C:267EH         LINE#         174
  C:2683H         LINE#         175
  C:2688H         LINE#         176
  C:2699H         LINE#         177
  C:2699H         LINE#         178
  C:269CH         LINE#         179
  C:269CH         LINE#         180
  C:269CH         LINE#         181
  C:269CH         LINE#         182
  C:269CH         LINE#         183
  C:269CH         LINE#         184
  C:269CH         LINE#         185
  C:269CH         LINE#         186
  C:269CH         LINE#         187
  C:269CH         LINE#         188
  C:269EH         LINE#         190
  C:269EH         LINE#         191
  C:26A1H         LINE#         192
  C:26A1H         LINE#         193
  C:26A6H         LINE#         194
  C:26ABH         LINE#         195
  C:26B0H         LINE#         196
  C:26B5H         LINE#         197
  C:26BAH         LINE#         198
  C:26BFH         LINE#         199
  C:26D0H         LINE#         200
  C:26D0H         LINE#         201
  C:26D3H         LINE#         202
  C:26D3H         LINE#         203
  C:26D8H         LINE#         204
  C:26DDH         LINE#         205
  C:26E2H         LINE#         206
BL51 BANKED LINKER/LOCATER V6.22                                                      03/29/2019  13:24:40  PAGE 10


  C:26E7H         LINE#         207
  C:26ECH         LINE#         208
  C:26F1H         LINE#         209
  C:2702H         LINE#         210
  C:2702H         LINE#         211
  C:2702H         LINE#         215
  C:2709H         LINE#         216
  C:2711H         LINE#         217
  C:2716H         LINE#         218
  C:271EH         LINE#         219
  C:2723H         LINE#         220
  C:272DH         LINE#         221
  C:2732H         LINE#         222
  C:273AH         LINE#         224
  C:2742H         LINE#         225
  C:2747H         LINE#         226
  C:2751H         LINE#         227
  C:2751H         LINE#         228
  C:2753H         LINE#         229
  C:2755H         LINE#         230
  C:275FH         LINE#         231
  C:275FH         LINE#         232
  C:2764H         LINE#         233
  C:2764H         LINE#         245
  C:276AH         LINE#         246
  C:276AH         LINE#         247
  C:2777H         LINE#         248
  C:2777H         LINE#         249
  C:2781H         LINE#         250
  C:2798H         LINE#         251
  C:2798H         LINE#         252
  C:279AH         LINE#         253
  C:279CH         LINE#         255
  C:279CH         LINE#         256
  C:27A7H         LINE#         257
  C:27A7H         LINE#         258
  C:27ACH         LINE#         259
  C:27ACH         LINE#         260
  C:27BFH         LINE#         261
  C:27BFH         LINE#         264
  C:27C9H         LINE#         265
  C:27E0H         LINE#         266
  C:27E0H         LINE#         267
  C:27E2H         LINE#         268
  C:27E4H         LINE#         270
  C:27E4H         LINE#         271
  C:27EFH         LINE#         272
  C:27EFH         LINE#         273
  C:27F3H         LINE#         274
  C:27F3H         LINE#         275
  C:27F3H         LINE#         276
  C:27F6H         LINE#         277
  C:27FCH         LINE#         278
  C:27FCH         LINE#         279
  C:2809H         LINE#         280
  C:2809H         LINE#         281
  C:2813H         LINE#         282
BL51 BANKED LINKER/LOCATER V6.22                                                      03/29/2019  13:24:40  PAGE 11


  C:282AH         LINE#         283
  C:282AH         LINE#         284
  C:282CH         LINE#         285
  C:282EH         LINE#         287
  C:282EH         LINE#         288
  C:2839H         LINE#         289
  C:2839H         LINE#         290
  C:283EH         LINE#         291
  C:283EH         LINE#         292
  C:284BH         LINE#         293
  C:284BH         LINE#         296
  C:2855H         LINE#         297
  C:286CH         LINE#         298
  C:286CH         LINE#         299
  C:286EH         LINE#         300
  C:2870H         LINE#         302
  C:2870H         LINE#         303
  C:287BH         LINE#         304
  C:287BH         LINE#         305
  C:2880H         LINE#         306
  C:2882H         LINE#         307
  C:2882H         LINE#         308
  C:2882H         LINE#         311
  C:28A4H         LINE#         312
  C:28A4H         LINE#         313
  C:28AEH         LINE#         314
  C:28B4H         LINE#         315
  C:28B6H         LINE#         316
  C:28B8H         LINE#         317
  C:28BAH         LINE#         318
  C:28BAH         LINE#         321
  C:28DCH         LINE#         322
  C:28DCH         LINE#         323
  C:28E6H         LINE#         324
  C:28ECH         LINE#         325
  C:28EEH         LINE#         326
  C:28F0H         LINE#         327
  C:28F2H         LINE#         328
  C:28F2H         LINE#         329
  C:28F5H         LINE#         331
  C:28F5H         LINE#         332
  C:28FBH         LINE#         333
  C:2903H         LINE#         334
  C:2909H         LINE#         335
  C:2911H         LINE#         336
  C:294CH         LINE#         340
  C:2959H         LINE#         341
  C:2959H         LINE#         343
  C:2959H         LINE#         345
  C:2959H         LINE#         348
  C:2959H         LINE#         349
  C:299DH         LINE#         350
  C:299DH         LINE#         372
  -------         ENDPROC       MAIN
  -------         PROC          UART
  C:0009H         LINE#         379
  C:0009H         LINE#         412
BL51 BANKED LINKER/LOCATER V6.22                                                      03/29/2019  13:24:40  PAGE 12


  -------         ENDPROC       UART
  -------         PROC          _CALIB_INTERPOLATE
  X:07AAH         SYMBOL        hours
  X:07AEH         SYMBOL        mins
  -------         DO            
  X:07B2H         SYMBOL        p_calib1
  X:07BAH         SYMBOL        p_calib2
  X:07C2H         SYMBOL        i
  X:07C4H         SYMBOL        current_time
  -------         ENDDO         
  C:32BCH         LINE#         415
  C:32C2H         LINE#         416
  C:32C2H         LINE#         420
  C:3319H         LINE#         422
  C:333FH         LINE#         423
  C:333FH         LINE#         424
  C:33B1H         LINE#         425
  C:33B1H         LINE#         426
  C:33DEH         LINE#         427
  C:33F9H         LINE#         429
  C:3426H         LINE#         430
  C:3441H         LINE#         432
  C:3443H         LINE#         433
  C:3443H         LINE#         434
  C:3457H         LINE#         435
  C:345CH         LINE#         437
  -------         ENDPROC       _CALIB_INTERPOLATE
  -------         PROC          _SENDUART1
  D:0007H         SYMBOL        dat
  C:45BCH         LINE#         440
  C:45BCH         LINE#         441
  C:45BCH         LINE#         442
  C:45BFH         LINE#         443
  C:45C1H         LINE#         444
  C:45C2H         LINE#         445
  C:45C4H         LINE#         446
  -------         ENDPROC       _SENDUART1
  -------         ENDMOD        MAIN

  -------         MODULE        PCF85063BTL
  C:0000H         SYMBOL        _ICE_DUMMY_
  D:0096H         PUBLIC        P2M0
  D:0080H         PUBLIC        P0
  D:0095H         PUBLIC        P2M1
  D:0090H         PUBLIC        P1
  D:00A0H         PUBLIC        P2
  D:00B0H         PUBLIC        P3
  D:00C0H         PUBLIC        P4
  D:00C8H         PUBLIC        P5
  D:00E8H         PUBLIC        P6
  B:00A0H.2       PUBLIC        PCF85063BTL_SDI
  D:00F8H         PUBLIC        P7
  B:00A0H.1       PUBLIC        PCF85063BTL_SCK
  B:00A0H.2       PUBLIC        PCF85063BTL_SDO
  D:00A8H         PUBLIC        IE
  C:3F9BH         PUBLIC        _Read_time
  C:44FDH         PUBLIC        _PCF85063BTL_Delay
BL51 BANKED LINKER/LOCATER V6.22                                                      03/29/2019  13:24:40  PAGE 13


  D:00B8H         PUBLIC        IP
  D:00D8H         PUBLIC        CCON
  C:3EA2H         PUBLIC        _Day_Of_Year
  C:43EDH         PUBLIC        SPI_ReceiveByte
  D:0098H         PUBLIC        SCON
  D:0088H         PUBLIC        TCON
  C:4543H         PUBLIC        _BCDtoDec
  B:00A0H.0       PUBLIC        PCF85063BTL_CS
  C:4532H         PUBLIC        _SPI_ReadTime
  C:4583H         PUBLIC        SPI_Init
  C:449CH         PUBLIC        _SPI_WriteTime
  C:43CDH         PUBLIC        _SPI_SendByte
  D:00D0H         PUBLIC        PSW
  C:44F9H         SYMBOL        L?0047
  -------         PROC          L?0046
  -------         ENDPROC       L?0046
  C:44F9H         SYMBOL        L?0047
  -------         PROC          _PCF85063BTL_DELAY
  D:0006H         SYMBOL        us
  C:44FDH         LINE#         8
  C:44FDH         LINE#         9
  C:44FDH         LINE#         10
  C:4507H         LINE#         11
  C:4507H         LINE#         12
  C:4508H         LINE#         13
  C:450AH         LINE#         14
  -------         ENDPROC       _PCF85063BTL_DELAY
  -------         PROC          _SPI_SENDBYTE
  D:0005H         SYMBOL        dat
  -------         DO            
  D:0003H         SYMBOL        i
  -------         ENDDO         
  C:43CDH         LINE#         17
  C:43CFH         LINE#         18
  C:43CFH         LINE#         20
  C:43D1H         LINE#         21
  C:43D1H         LINE#         22
  C:43D3H         LINE#         23
  C:43D7H         LINE#         24
  C:43D7H         LINE#         25
  C:43D9H         LINE#         26
  C:43DBH         LINE#         28
  C:43DBH         LINE#         29
  C:43DDH         LINE#         30
  C:43DDH         LINE#         31
  C:43E0H         LINE#         32
  C:43E0H         LINE#         33
  C:43E3H         LINE#         34
  C:43E7H         LINE#         35
  C:43ECH         LINE#         36
  -------         ENDPROC       _SPI_SENDBYTE
  -------         PROC          SPI_RECEIVEBYTE
  -------         DO            
  D:0003H         SYMBOL        i
  D:0005H         SYMBOL        dat
  -------         ENDDO         
  C:43EDH         LINE#         39
BL51 BANKED LINKER/LOCATER V6.22                                                      03/29/2019  13:24:40  PAGE 14


  C:43EDH         LINE#         40
  C:43EDH         LINE#         42
  C:43EFH         LINE#         44
  C:43F1H         LINE#         45
  C:43F2H         LINE#         46
  C:43F2H         LINE#         47
  C:43F6H         LINE#         48
  C:43F8H         LINE#         49
  C:43FBH         LINE#         51
  C:43FEH         LINE#         52
  C:43FEH         LINE#         53
  C:4402H         LINE#         54
  C:4402H         LINE#         55
  C:4402H         LINE#         56
  C:4405H         LINE#         57
  C:440AH         LINE#         58
  C:440CH         LINE#         59
  -------         ENDPROC       SPI_RECEIVEBYTE
  -------         PROC          _SPI_READTIME
  D:0007H         SYMBOL        addr
  -------         DO            
  D:0006H         SYMBOL        dat
  -------         ENDDO         
  C:4532H         LINE#         61
  C:4532H         LINE#         62
  C:4532H         LINE#         64
  C:4534H         LINE#         65
  C:4536H         LINE#         66
  C:453DH         LINE#         67
  C:4540H         LINE#         68
  C:4542H         LINE#         69
  C:4542H         LINE#         70
  -------         ENDPROC       _SPI_READTIME
  -------         PROC          _SPI_WRITETIME
  D:0002H         SYMBOL        val
  D:0005H         SYMBOL        addr
  C:449CH         LINE#         71
  C:449EH         LINE#         72
  C:449EH         LINE#         74
  C:44A0H         LINE#         75
  C:44A7H         LINE#         76
  C:44ACH         LINE#         77
  C:44B1H         LINE#         78
  C:44B3H         LINE#         79
  -------         ENDPROC       _SPI_WRITETIME
  -------         PROC          SPI_INIT
  C:4583H         LINE#         83
  C:4583H         LINE#         84
  C:4583H         LINE#         89
  C:4586H         LINE#         90
  C:4589H         LINE#         91
  C:458BH         LINE#         92
  C:458DH         LINE#         93
  C:458FH         LINE#         94
  -------         ENDPROC       SPI_INIT
  -------         PROC          _READ_TIME
  X:052AH         SYMBOL        months
BL51 BANKED LINKER/LOCATER V6.22                                                      03/29/2019  13:24:40  PAGE 15


  X:052DH         SYMBOL        days
  X:0530H         SYMBOL        hours
  X:0533H         SYMBOL        mins
  X:0536H         SYMBOL        seconds
  C:3F9BH         LINE#         96
  C:3FA6H         LINE#         97
  C:3FA6H         LINE#         99
  C:3FBAH         LINE#         101
  C:3FCEH         LINE#         103
  C:3FE2H         LINE#         108
  C:3FF6H         LINE#         113
  -------         ENDPROC       _READ_TIME
  -------         PROC          _BCDTODEC
  D:0007H         SYMBOL        bcd
  -------         DO            
  D:0006H         SYMBOL        hi
  D:0007H         SYMBOL        lo
  -------         ENDDO         
  C:4543H         LINE#         119
  C:4543H         LINE#         120
  C:4543H         LINE#         122
  C:4548H         LINE#         123
  C:454CH         LINE#         124
  C:4553H         LINE#         125
  -------         ENDPROC       _BCDTODEC
  -------         PROC          _DAY_OF_YEAR
  D:0007H         SYMBOL        months_bcd
  D:0005H         SYMBOL        days_bcd
  -------         DO            
  D:0004H         SYMBOL        months
  D:0007H         SYMBOL        days
  -------         ENDDO         
  C:3EA2H         LINE#         126
  C:3EA2H         LINE#         127
  C:3EA2H         LINE#         130
  C:3EA7H         LINE#         132
  C:3EACH         LINE#         134
  C:3EE5H         LINE#         135
  C:3EE5H         LINE#         136
  C:3EE5H         LINE#         137
  C:3EE8H         LINE#         138
  C:3EE8H         LINE#         139
  C:3EE8H         LINE#         140
  C:3EEDH         LINE#         141
  C:3EEDH         LINE#         142
  C:3EEDH         LINE#         143
  C:3EF2H         LINE#         144
  C:3EF2H         LINE#         145
  C:3EF2H         LINE#         146
  C:3EF7H         LINE#         147
  C:3EF7H         LINE#         148
  C:3EF7H         LINE#         149
  C:3EFCH         LINE#         150
  C:3EFCH         LINE#         151
  C:3EFCH         LINE#         152
  C:3F01H         LINE#         153
  C:3F01H         LINE#         154
BL51 BANKED LINKER/LOCATER V6.22                                                      03/29/2019  13:24:40  PAGE 16


  C:3F01H         LINE#         155
  C:3F06H         LINE#         156
  C:3F06H         LINE#         157
  C:3F06H         LINE#         158
  C:3F0BH         LINE#         159
  C:3F0BH         LINE#         160
  C:3F0BH         LINE#         161
  C:3F13H         LINE#         162
  C:3F13H         LINE#         163
  C:3F13H         LINE#         164
  C:3F18H         LINE#         165
  C:3F18H         LINE#         166
  C:3F18H         LINE#         167
  C:3F1DH         LINE#         168
  C:3F1DH         LINE#         169
  C:3F1DH         LINE#         170
  C:3F25H         LINE#         171
  C:3F25H         LINE#         172
  C:3F25H         LINE#         173
  -------         ENDPROC       _DAY_OF_YEAR
  -------         ENDMOD        PCF85063BTL

  -------         MODULE        UART1
  C:0000H         SYMBOL        _ICE_DUMMY_
  D:0080H         PUBLIC        P0
  D:0090H         PUBLIC        P1
  D:00A0H         PUBLIC        P2
  D:00B0H         PUBLIC        P3
  D:00C0H         PUBLIC        P4
  D:00C8H         PUBLIC        P5
  B:00A8H.7       PUBLIC        EA
  D:00E8H         PUBLIC        P6
  D:00F8H         PUBLIC        P7
  C:42FDH         PUBLIC        _SendString
  D:00A8H         PUBLIC        IE
  B:00A8H.4       PUBLIC        ES
  D:00B8H         PUBLIC        IP
  C:44B4H         PUBLIC        _ASCIItoBCD
  D:00D8H         PUBLIC        CCON
  C:4554H         PUBLIC        initUART1
  D:0098H         PUBLIC        SCON
  D:0088H         PUBLIC        TCON
  C:000AH         PUBLIC        _DectoBCD
  C:45D6H         PUBLIC        _ASCII_Letter
  D:008EH         PUBLIC        AUXR
  C:45D1H         PUBLIC        _unit
  C:0003H         PUBLIC        _ten
  D:00D6H         PUBLIC        T2H
  D:00D7H         PUBLIC        T2L
  D:00D0H         PUBLIC        PSW
  -------         PROC          INITUART1
  C:4554H         LINE#         21
  C:4554H         LINE#         22
  C:4554H         LINE#         23
  C:4557H         LINE#         24
  C:455AH         LINE#         25
  C:455DH         LINE#         26
BL51 BANKED LINKER/LOCATER V6.22                                                      03/29/2019  13:24:40  PAGE 17


  C:4560H         LINE#         27
  C:4562H         LINE#         28
  C:4564H         LINE#         30
  -------         ENDPROC       INITUART1
  -------         PROC          _SENDSTRING
  X:07DEH         SYMBOL        s
  C:42FDH         LINE#         35
  C:4308H         LINE#         36
  C:4308H         LINE#         37
  C:4318H         LINE#         38
  C:4318H         LINE#         39
  C:432DH         LINE#         40
  C:432FH         LINE#         41
  -------         ENDPROC       _SENDSTRING
  -------         PROC          _TEN
  D:0007H         SYMBOL        BCD
  C:0003H         LINE#         43
  C:0003H         LINE#         44
  C:0003H         LINE#         45
  C:0008H         LINE#         46
  -------         ENDPROC       _TEN
  -------         PROC          _UNIT
  D:0007H         SYMBOL        BCD
  C:45D1H         LINE#         47
  C:45D1H         LINE#         48
  C:45D1H         LINE#         52
  C:45D5H         LINE#         53
  -------         ENDPROC       _UNIT
  -------         PROC          _DECTOBCD
  D:0007H         SYMBOL        dec
  C:000AH         LINE#         54
  C:000AH         LINE#         55
  C:000AH         LINE#         57
  C:000AH         LINE#         58
  -------         ENDPROC       _DECTOBCD
  -------         PROC          _ASCII_LETTER
  D:0007H         SYMBOL        dat
  C:45D6H         LINE#         60
  C:45D6H         LINE#         61
  C:45D6H         LINE#         63
  C:45DAH         LINE#         64
  -------         ENDPROC       _ASCII_LETTER
  -------         PROC          _ASCIITOBCD
  D:0001H         SYMBOL        ascii
  -------         DO            
  D:0007H         SYMBOL        dec_val
  D:0006H         SYMBOL        ten
  D:0007H         SYMBOL        unit
  -------         ENDDO         
  C:44B4H         LINE#         66
  C:44B4H         LINE#         67
  C:44B4H         LINE#         69
  C:44B7H         LINE#         70
  C:44BDH         LINE#         71
  C:44C4H         LINE#         72
  C:44CAH         LINE#         74
  -------         ENDPROC       _ASCIITOBCD
BL51 BANKED LINKER/LOCATER V6.22                                                      03/29/2019  13:24:40  PAGE 18


  -------         ENDMOD        UART1

  -------         MODULE        LCD_DRIVER_SPLC780D
  C:0000H         SYMBOL        _ICE_DUMMY_
  D:0092H         PUBLIC        P1M0
  D:0091H         PUBLIC        P1M1
  D:0080H         PUBLIC        P0
  D:0090H         PUBLIC        P1
  D:00A0H         PUBLIC        P2
  D:00B0H         PUBLIC        P3
  D:00C0H         PUBLIC        P4
  D:00C8H         PUBLIC        P5
  D:00E8H         PUBLIC        P6
  D:00F8H         PUBLIC        P7
  C:3F26H         PUBLIC        _WriteData
  D:00A8H         PUBLIC        IE
  D:00B8H         PUBLIC        IP
  D:00D8H         PUBLIC        CCON
  B:00B0H.4       PUBLIC        LCD_D4
  B:00B0H.5       PUBLIC        LCD_D5
  B:00B0H.6       PUBLIC        LCD_D6
  C:4449H         PUBLIC        _DisplayLCD
  B:00B0H.7       PUBLIC        LCD_D7
  D:0098H         PUBLIC        SCON
  D:0088H         PUBLIC        TCON
  C:45B2H         PUBLIC        LCD_clear
  C:41CEH         PUBLIC        _Command
  C:000EH         PUBLIC        _Display_Line
  C:400AH         PUBLIC        LCD_Init
  C:438DH         PUBLIC        _Wait_ms
  B:00C0H.0       PUBLIC        LCD_RS
  B:00B0H.2       PUBLIC        LCD_RW
  C:45A8H         PUBLIC        LCD_return_home
  B:00B0H.3       PUBLIC        LCD_E
  D:00D0H         PUBLIC        PSW
  -------         PROC          LCD_INIT
  C:400AH         LINE#         9
  C:400AH         LINE#         10
  C:400AH         LINE#         11
  C:400DH         LINE#         12
  C:4010H         LINE#         14
  C:4016H         LINE#         15
  C:401BH         LINE#         17
  C:4022H         LINE#         18
  C:4027H         LINE#         20
  C:402AH         LINE#         21
  C:402FH         LINE#         23
  C:4032H         LINE#         24
  C:4037H         LINE#         26
  C:403EH         LINE#         29
  C:4043H         LINE#         30
  C:4048H         LINE#         32
  C:404DH         LINE#         33
  C:4052H         LINE#         35
  C:4057H         LINE#         36
  C:405CH         LINE#         37
  -------         ENDPROC       LCD_INIT
BL51 BANKED LINKER/LOCATER V6.22                                                      03/29/2019  13:24:40  PAGE 19


  -------         PROC          _WRITEDATA
  X:0607H         SYMBOL        dat
  C:3F26H         LINE#         40
  C:3F2BH         LINE#         41
  C:3F2BH         LINE#         46
  C:3F2DH         LINE#         47
  C:3F2FH         LINE#         49
  C:3F3DH         LINE#         50
  C:3F49H         LINE#         51
  C:3F55H         LINE#         52
  C:3F5FH         LINE#         53
  C:3F61H         LINE#         54
  C:3F68H         LINE#         55
  C:3F6AH         LINE#         57
  C:3F7AH         LINE#         58
  C:3F85H         LINE#         59
  C:3F8FH         LINE#         60
  C:3F93H         LINE#         62
  C:3F93H         LINE#         63
  C:3F96H         LINE#         64
  C:3F98H         LINE#         65
  C:3F9AH         LINE#         67
  -------         ENDPROC       _WRITEDATA
  -------         PROC          _COMMAND
  D:0007H         SYMBOL        dat
  C:41CEH         LINE#         69
  C:41CEH         LINE#         70
  C:41CEH         LINE#         71
  C:41D0H         LINE#         72
  C:41D2H         LINE#         74
  C:41DCH         LINE#         75
  C:41E0H         LINE#         77
  C:41E2H         LINE#         78
  C:41EBH         LINE#         79
  C:41EFH         LINE#         81
  C:41F1H         LINE#         82
  C:41F8H         LINE#         83
  C:41FCH         LINE#         85
  C:41FEH         LINE#         86
  C:4202H         LINE#         87
  C:4206H         LINE#         89
  C:4208H         LINE#         90
  C:4208H         LINE#         91
  C:420BH         LINE#         92
  C:420DH         LINE#         93
  -------         ENDPROC       _COMMAND
  C:4389H         SYMBOL        L?0028
  -------         PROC          L?0027
  -------         ENDPROC       L?0027
  C:4389H         SYMBOL        L?0028
  -------         PROC          _WAIT_MS
  D:0006H         SYMBOL        ms
  -------         DO            
  D:0004H         SYMBOL        De_Cnt
  -------         ENDDO         
  C:438DH         LINE#         95
  C:438DH         LINE#         96
BL51 BANKED LINKER/LOCATER V6.22                                                      03/29/2019  13:24:40  PAGE 20


  C:438DH         LINE#         98
  C:4397H         LINE#         99
  C:4397H         LINE#         100
  C:43AAH         LINE#         101
  C:43AAH         LINE#         102
  -------         ENDPROC       _WAIT_MS
  -------         PROC          _DISPLAYLCD
  D:0007H         SYMBOL        BCD
  -------         DO            
  D:0006H         SYMBOL        first_digit
  X:052AH         SYMBOL        second_digit
  -------         ENDDO         
  C:4449H         LINE#         103
  C:4449H         LINE#         104
  C:4449H         LINE#         106
  C:4450H         LINE#         107
  C:4459H         LINE#         109
  C:445EH         LINE#         111
  -------         ENDPROC       _DISPLAYLCD
  -------         PROC          LCD_RETURN_HOME
  C:45A8H         LINE#         115
  C:45A8H         LINE#         116
  C:45A8H         LINE#         117
  C:45ADH         LINE#         118
  -------         ENDPROC       LCD_RETURN_HOME
  -------         PROC          LCD_CLEAR
  C:45B2H         LINE#         121
  C:45B2H         LINE#         122
  C:45B2H         LINE#         123
  C:45B7H         LINE#         124
  -------         ENDPROC       LCD_CLEAR
  -------         PROC          _DISPLAY_LINE
  D:0006H         SYMBOL        line
  C:000EH         LINE#         128
  C:000EH         LINE#         129
  C:000EH         LINE#         130
  C:0014H         LINE#         131
  C:0014H         LINE#         132
  C:0016H         LINE#         133
  C:0016H         LINE#         134
  C:0018H         LINE#         136
  C:0018H         LINE#         137
  C:001DH         LINE#         138
  C:0022H         LINE#         139
  C:0022H         LINE#         140
  -------         ENDPROC       _DISPLAY_LINE
  -------         ENDMOD        LCD_DRIVER_SPLC780D

  -------         MODULE        KEYPAD
  C:0000H         SYMBOL        _ICE_DUMMY_
  D:0093H         PUBLIC        P0M1
  D:0080H         PUBLIC        P0
  D:0090H         PUBLIC        P1
  D:00A0H         PUBLIC        P2
  D:00B0H         PUBLIC        P3
  D:00C0H         PUBLIC        P4
  D:00C8H         PUBLIC        P5
BL51 BANKED LINKER/LOCATER V6.22                                                      03/29/2019  13:24:40  PAGE 21


  B:0020H.0       PUBLIC        calib_mode
  D:00E8H         PUBLIC        P6
  D:00F8H         PUBLIC        P7
  D:00A8H         PUBLIC        IE
  C:345DH         PUBLIC        Key_Scan
  D:00B8H         PUBLIC        IP
  D:00D8H         PUBLIC        CCON
  C:4590H         PUBLIC        KeyPad_IO_Init
  C:440DH         PUBLIC        _Delay_ms
  D:0098H         PUBLIC        SCON
  D:0088H         PUBLIC        TCON
  B:0020H.1       PUBLIC        small_move
  B:0020H.2       PUBLIC        move
  B:0020H.3       PUBLIC        direction
  B:0020H.4       PUBLIC        auto_move
  B:0020H.5       PUBLIC        selected_motor
  C:2C60H         PUBLIC        Key_Process
  D:00D0H         PUBLIC        PSW
  D:0094H         PUBLIC        P0M0
  -------         PROC          _DELAY_MS
  D:0006H         SYMBOL        ms
  -------         DO            
  D:0004H         SYMBOL        De_Cnt
  -------         ENDDO         
  C:440DH         LINE#         22
  C:440DH         LINE#         23
  C:440DH         LINE#         25
  C:4417H         LINE#         26
  C:4417H         LINE#         27
  C:442AH         LINE#         28
  C:442AH         LINE#         29
  -------         ENDPROC       _DELAY_MS
  -------         PROC          KEY_SCAN
  -------         DO            
  X:0530H         SYMBOL        KeyTemp1
  X:0531H         SYMBOL        KeyTemp2
  X:0532H         SYMBOL        KeyValue
  -------         ENDDO         
  C:345DH         LINE#         30
  C:345DH         LINE#         31
  C:345DH         LINE#         36
  C:3460H         LINE#         39
  C:3463H         LINE#         41
  C:346BH         LINE#         42
  C:3472H         LINE#         43
  C:3472H         LINE#         45
  C:3477H         LINE#         46
  C:347EH         LINE#         47
  C:347EH         LINE#         50
  C:3481H         LINE#         51
  C:3484H         LINE#         52
  C:3489H         LINE#         53
  C:348DH         LINE#         54
  C:348DH         LINE#         55
  C:3495H         LINE#         56
  C:3495H         LINE#         57
  C:3498H         LINE#         58
BL51 BANKED LINKER/LOCATER V6.22                                                      03/29/2019  13:24:40  PAGE 22


  C:34A0H         LINE#         59
  C:34A2H         LINE#         61
  C:34B6H         LINE#         62
  C:34B6H         LINE#         63
  C:34B6H         LINE#         64
  C:34B6H         LINE#         65
  C:34BCH         LINE#         67
  C:34BEH         LINE#         68
  C:34BEH         LINE#         69
  C:34BEH         LINE#         70
  C:34C4H         LINE#         72
  C:34C6H         LINE#         73
  C:34C6H         LINE#         74
  C:34C6H         LINE#         75
  C:34CCH         LINE#         77
  C:34CEH         LINE#         78
  C:34CEH         LINE#         79
  C:34CEH         LINE#         80
  C:34D4H         LINE#         82
  C:34D4H         LINE#         83
  C:34D4H         LINE#         84
  C:34D4H         LINE#         87
  C:34D7H         LINE#         88
  C:34DAH         LINE#         89
  C:34E2H         LINE#         90
  C:34E6H         LINE#         91
  C:34E6H         LINE#         92
  C:34EEH         LINE#         93
  C:34EEH         LINE#         94
  C:34F1H         LINE#         95
  C:34F9H         LINE#         96
  C:34FBH         LINE#         97
  C:350FH         LINE#         98
  C:350FH         LINE#         99
  C:350FH         LINE#         100
  C:350FH         LINE#         101
  C:3515H         LINE#         103
  C:3517H         LINE#         104
  C:3517H         LINE#         105
  C:3517H         LINE#         106
  C:351DH         LINE#         108
  C:351FH         LINE#         109
  C:351FH         LINE#         110
  C:351FH         LINE#         111
  C:3525H         LINE#         113
  C:3527H         LINE#         114
  C:3527H         LINE#         115
  C:3527H         LINE#         116
  C:352CH         LINE#         118
  C:352CH         LINE#         119
  C:352CH         LINE#         120
  C:352CH         LINE#         123
  C:352FH         LINE#         124
  C:3532H         LINE#         125
  C:353AH         LINE#         126
  C:353EH         LINE#         127
  C:353EH         LINE#         128
BL51 BANKED LINKER/LOCATER V6.22                                                      03/29/2019  13:24:40  PAGE 23


  C:3546H         LINE#         129
  C:3546H         LINE#         130
  C:3549H         LINE#         131
  C:3551H         LINE#         132
  C:3553H         LINE#         133
  C:3567H         LINE#         134
  C:3567H         LINE#         135
  C:3567H         LINE#         136
  C:3567H         LINE#         137
  C:356DH         LINE#         139
  C:356FH         LINE#         140
  C:356FH         LINE#         141
  C:356FH         LINE#         142
  C:3575H         LINE#         144
  C:3577H         LINE#         145
  C:3577H         LINE#         146
  C:3577H         LINE#         147
  C:357DH         LINE#         149
  C:357FH         LINE#         150
  C:357FH         LINE#         151
  C:357FH         LINE#         152
  C:3585H         LINE#         154
  C:3585H         LINE#         155
  C:3585H         LINE#         156
  C:3585H         LINE#         160
  C:3588H         LINE#         161
  C:358BH         LINE#         162
  C:3593H         LINE#         163
  C:3597H         LINE#         164
  C:3597H         LINE#         165
  C:359FH         LINE#         166
  C:359FH         LINE#         167
  C:35A2H         LINE#         168
  C:35AAH         LINE#         169
  C:35ACH         LINE#         170
  C:35C0H         LINE#         171
  C:35C0H         LINE#         172
  C:35C0H         LINE#         173
  C:35C0H         LINE#         174
  C:35C6H         LINE#         176
  C:35C8H         LINE#         177
  C:35C8H         LINE#         178
  C:35C8H         LINE#         179
  C:35CEH         LINE#         181
  C:35D0H         LINE#         182
  C:35D0H         LINE#         183
  C:35D0H         LINE#         184
  C:35D6H         LINE#         186
  C:35D8H         LINE#         187
  C:35D8H         LINE#         188
  C:35D8H         LINE#         189
  C:35DEH         LINE#         191
  C:35DEH         LINE#         192
  C:35DEH         LINE#         193
  C:35DEH         LINE#         195
  C:35E4H         LINE#         196
  C:35E4H         LINE#         198
BL51 BANKED LINKER/LOCATER V6.22                                                      03/29/2019  13:24:40  PAGE 24


  C:35E4H         LINE#         199
  C:35E7H         LINE#         200
  C:35E7H         LINE#         201
  C:35E7H         LINE#         203
  C:35E7H         LINE#         204
  C:35E9H         LINE#         205
  C:35E9H         LINE#         206
  -------         ENDPROC       KEY_SCAN
  -------         PROC          KEY_PROCESS
  -------         DO            
  X:07C8H         SYMBOL        KeyCount
  X:07CAH         SYMBOL        KeyNum_Old
  X:07CBH         SYMBOL        KeyNum
  X:07CCH         SYMBOL        PressedKey
  X:052AH         SYMBOL        d
  D:0004H         SYMBOL        hours
  D:0006H         SYMBOL        mins
  X:052CH         SYMBOL        months
  X:052EH         SYMBOL        days
  -------         ENDDO         
  C:2C60H         LINE#         207
  C:2C60H         LINE#         208
  C:2C60H         LINE#         212
  C:2C68H         LINE#         213
  C:2C70H         LINE#         215
  C:2C73H         LINE#         216
  C:2C73H         LINE#         217
  C:2C76H         LINE#         219
  C:2C76H         LINE#         220
  C:2C83H         LINE#         221
  C:2C83H         LINE#         222
  C:2C86H         LINE#         223
  C:2C89H         LINE#         225
  C:2C8CH         LINE#         227
  C:2C8CH         LINE#         228
  C:2C97H         LINE#         229
  C:2C97H         LINE#         230
  C:2C9AH         LINE#         232
  C:2C9AH         LINE#         233
  C:2CA1H         LINE#         234
  C:2CA1H         LINE#         235
  C:2CA4H         LINE#         237
  C:2CA4H         LINE#         238
  C:2CACH         LINE#         239
  C:2CACH         LINE#         240
  C:2CB6H         LINE#         241
  C:2CBEH         LINE#         243
  C:2CC7H         LINE#         245
  C:2CC7H         LINE#         254
  C:2CDCH         LINE#         255
  C:2CDCH         LINE#         256
  C:2CEEH         LINE#         257
  C:2CFCH         LINE#         258
  C:2D0BH         LINE#         259
  C:2D0BH         LINE#         261
  C:2D11H         LINE#         265
  C:2D27H         LINE#         266
BL51 BANKED LINKER/LOCATER V6.22                                                      03/29/2019  13:24:40  PAGE 25


  C:2D38H         LINE#         267
  C:2D53H         LINE#         268
  C:2D53H         LINE#         269
  C:2D63H         LINE#         270
  C:2D74H         LINE#         271
  C:2D74H         LINE#         272
  C:2D7CH         LINE#         273
  C:2D7CH         LINE#         274
  C:2D7EH         LINE#         275
  C:2D80H         LINE#         276
  C:2D84H         LINE#         277
  C:2D84H         LINE#         278
  C:2D86H         LINE#         279
  C:2D86H         LINE#         283
  C:2D9FH         LINE#         284
  C:2DB6H         LINE#         285
  C:2DD6H         LINE#         286
  C:2DD6H         LINE#         287
  C:2DE0H         LINE#         288
  C:2DE0H         LINE#         289
  C:2DE9H         LINE#         290
  C:2DE9H         LINE#         291
  C:2DFDH         LINE#         292
  C:2DFDH         LINE#         293
  C:2DFDH         LINE#         294
  C:2DFDH         LINE#         295
  C:2DFDH         LINE#         296
  C:2DFFH         LINE#         298
  C:2DFFH         LINE#         299
  C:2E0BH         LINE#         300
  C:2E0BH         LINE#         301
  C:2E1CH         LINE#         302
  C:2E1CH         LINE#         303
  C:2E1CH         LINE#         304
  C:2E1CH         LINE#         305
  C:2E1CH         LINE#         307
  C:2E1EH         LINE#         309
  C:2E1EH         LINE#         310
  C:2E2FH         LINE#         311
  C:2E2FH         LINE#         312
  C:2E2FH         LINE#         313
  C:2E2FH         LINE#         314
  C:2E2FH         LINE#         316
  C:2E2FH         LINE#         318
  C:2E2FH         LINE#         319
  C:2E31H         LINE#         321
  C:2E31H         LINE#         322
  C:2E44H         LINE#         323
  C:2E44H         LINE#         324
  C:2E55H         LINE#         325
  C:2E55H         LINE#         326
  C:2E55H         LINE#         327
  C:2E55H         LINE#         328
  C:2E55H         LINE#         329
  C:2E57H         LINE#         331
  C:2E57H         LINE#         332
  C:2E68H         LINE#         333
BL51 BANKED LINKER/LOCATER V6.22                                                      03/29/2019  13:24:40  PAGE 26


  C:2E68H         LINE#         334
  C:2E79H         LINE#         335
  C:2E8AH         LINE#         336
  C:2E8AH         LINE#         337
  C:2E8AH         LINE#         338
  C:2E8AH         LINE#         339
  C:2E8AH         LINE#         340
  C:2E8DH         LINE#         341
  C:2E92H         LINE#         342
  C:2E97H         LINE#         343
  C:2E9CH         LINE#         344
  C:2EA1H         LINE#         345
  C:2EA6H         LINE#         346
  C:2EABH         LINE#         347
  C:2EB0H         LINE#         348
  C:2EB0H         LINE#         350
  C:2ED2H         LINE#         351
  C:2ED2H         LINE#         352
  C:2EDCH         LINE#         353
  C:2EDCH         LINE#         354
  C:2EE1H         LINE#         355
  C:2EEAH         LINE#         356
  C:2F01H         LINE#         357
  C:2F01H         LINE#         358
  C:2F11H         LINE#         360
  C:2F11H         LINE#         364
  -------         ENDPROC       KEY_PROCESS
  -------         PROC          KEYPAD_IO_INIT
  C:4590H         LINE#         367
  C:4590H         LINE#         368
  C:4590H         LINE#         369
  C:4593H         LINE#         370
  C:4596H         LINE#         371
  C:4599H         LINE#         372
  C:459BH         LINE#         373
  -------         ENDPROC       KEYPAD_IO_INIT
  -------         ENDMOD        KEYPAD

  -------         MODULE        VCNL4035
  C:0000H         SYMBOL        _ICE_DUMMY_
  D:0080H         PUBLIC        P0
  B:00B0H.2       PUBLIC        I2C_SCK
  D:00B2H         PUBLIC        P3M0
  D:0090H         PUBLIC        P1
  D:00B1H         PUBLIC        P3M1
  D:00A0H         PUBLIC        P2
  D:00B0H         PUBLIC        P3
  D:00C0H         PUBLIC        P4
  D:00C8H         PUBLIC        P5
  D:00E8H         PUBLIC        P6
  D:00F8H         PUBLIC        P7
  D:00A8H         PUBLIC        IE
  C:45CBH         PUBLIC        _DisplayLCD_VCNL4035
  D:00B8H         PUBLIC        IP
  D:00D8H         PUBLIC        CCON
  C:451FH         PUBLIC        I2C_Start
  D:0098H         PUBLIC        SCON
BL51 BANKED LINKER/LOCATER V6.22                                                      03/29/2019  13:24:40  PAGE 27


  C:44CBH         PUBLIC        I2C_Init
  D:0088H         PUBLIC        TCON
  C:4565H         PUBLIC        uC_NACK
  C:4369H         PUBLIC        _Wait_ms_i2c
  C:43ABH         PUBLIC        _I2C_SendByte
  C:44E2H         PUBLIC        I2C_Stop
  C:4141H         PUBLIC        _Write_VCNL4035X
  C:45DBH         PUBLIC        nop
  C:3CE8H         PUBLIC        _Read_VCNL4035
  C:45C5H         PUBLIC        uC_ACK
  C:446BH         PUBLIC        I2C_ACK
  C:442BH         PUBLIC        _Wait_ms_iic
  B:00B0H.1       PUBLIC        I2C_SDA
  D:00D0H         PUBLIC        PSW
  C:4336H         PUBLIC        I2C_ReceiveByte
  -------         PROC          _WAIT_MS_IIC
  D:0006H         SYMBOL        ms
  -------         DO            
  D:0004H         SYMBOL        De_Cnt
  -------         ENDDO         
  C:442BH         LINE#         5
  C:442BH         LINE#         6
  C:442BH         LINE#         8
  C:4435H         LINE#         9
  C:4435H         LINE#         10
  C:4448H         LINE#         11
  C:4448H         LINE#         12
  -------         ENDPROC       _WAIT_MS_IIC
  C:4363H         SYMBOL        L?0048
  C:4365H         SYMBOL        L?0049
  -------         PROC          L?0047
  -------         ENDPROC       L?0047
  C:4363H         SYMBOL        L?0048
  C:4365H         SYMBOL        L?0049
  -------         PROC          _WAIT_MS_I2C
  D:0006H         SYMBOL        ms
  -------         DO            
  D:0004H         SYMBOL        De_Cnt
  -------         ENDDO         
  C:4369H         LINE#         14
  C:4369H         LINE#         15
  C:4369H         LINE#         17
  C:4373H         LINE#         18
  C:4373H         LINE#         19
  C:4386H         LINE#         20
  C:4386H         LINE#         21
  -------         ENDPROC       _WAIT_MS_I2C
  -------         PROC          NOP
  C:45DBH         LINE#         22
  C:45DBH         LINE#         23
  C:45DBH         LINE#         25
  -------         ENDPROC       NOP
  -------         PROC          I2C_START
  C:451FH         LINE#         26
  C:451FH         LINE#         27
  C:451FH         LINE#         29
  C:4521H         LINE#         30
BL51 BANKED LINKER/LOCATER V6.22                                                      03/29/2019  13:24:40  PAGE 28


  C:4523H         LINE#         31
  C:452AH         LINE#         32
  C:452CH         LINE#         33
  C:452FH         LINE#         34
  C:4531H         LINE#         37
  -------         ENDPROC       I2C_START
  -------         PROC          I2C_STOP
  C:44E2H         LINE#         39
  C:44E2H         LINE#         40
  C:44E2H         LINE#         41
  C:44E4H         LINE#         42
  C:44E6H         LINE#         43
  C:44E9H         LINE#         44
  C:44EBH         LINE#         45
  C:44EDH         LINE#         46
  C:44F4H         LINE#         47
  C:44F6H         LINE#         50
  -------         ENDPROC       I2C_STOP
  -------         PROC          L?0050
  -------         ENDPROC       L?0050
  -------         PROC          I2C_ACK
  -------         DO            
  X:052DH         SYMBOL        i
  D:0003H         SYMBOL        dat
  -------         ENDDO         
  C:446BH         LINE#         52
  C:446BH         LINE#         53
  C:446BH         LINE#         55
  C:446CH         LINE#         60
  C:446FH         LINE#         61
  C:4471H         LINE#         62
  C:4474H         LINE#         64
  C:4477H         LINE#         65
  C:4477H         LINE#         66
  C:447BH         LINE#         67
  C:447BH         LINE#         70
  C:447BH         LINE#         71
  C:447EH         LINE#         72
  C:447EH         LINE#         73
  C:4480H         LINE#         74
  -------         ENDPROC       I2C_ACK
  -------         PROC          UC_ACK
  -------         DO            
  X:07E1H         SYMBOL        i
  -------         ENDDO         
  C:45C5H         LINE#         75
  C:45C5H         LINE#         76
  C:45C5H         LINE#         78
  C:45C5H         LINE#         85
  C:45C5H         LINE#         87
  C:45C5H         LINE#         89
  C:45C5H         LINE#         90
  C:45C5H         LINE#         93
  C:45C8H         LINE#         94
  C:45CAH         LINE#         95
  C:45CAH         LINE#         99
  -------         ENDPROC       UC_ACK
BL51 BANKED LINKER/LOCATER V6.22                                                      03/29/2019  13:24:40  PAGE 29


  -------         PROC          UC_NACK
  -------         DO            
  X:07E2H         SYMBOL        i
  -------         ENDDO         
  C:4565H         LINE#         101
  C:4565H         LINE#         102
  C:4565H         LINE#         104
  C:4565H         LINE#         108
  C:4567H         LINE#         111
  C:4567H         LINE#         112
  C:4569H         LINE#         113
  C:4569H         LINE#         115
  C:4569H         LINE#         116
  C:4569H         LINE#         119
  C:456CH         LINE#         120
  C:456EH         LINE#         121
  C:4571H         LINE#         122
  C:4573H         LINE#         123
  C:4573H         LINE#         127
  -------         ENDPROC       UC_NACK
  -------         PROC          I2C_INIT
  C:44CBH         LINE#         129
  C:44CBH         LINE#         130
  C:44CBH         LINE#         133
  C:44CEH         LINE#         134
  C:44D1H         LINE#         139
  C:44D9H         LINE#         141
  -------         ENDPROC       I2C_INIT
  -------         PROC          _I2C_SENDBYTE
  D:0001H         SYMBOL        dat
  -------         DO            
  D:0003H         SYMBOL        i
  -------         ENDDO         
  C:43ABH         LINE#         145
  C:43ADH         LINE#         146
  C:43ADH         LINE#         149
  C:43AFH         LINE#         150
  C:43AFH         LINE#         151
  C:43B1H         LINE#         153
  C:43B5H         LINE#         154
  C:43B5H         LINE#         155
  C:43B7H         LINE#         156
  C:43B9H         LINE#         158
  C:43B9H         LINE#         159
  C:43BBH         LINE#         160
  C:43BBH         LINE#         161
  C:43BEH         LINE#         162
  C:43C0H         LINE#         164
  C:43C4H         LINE#         165
  C:43C7H         LINE#         166
  C:43CCH         LINE#         167
  -------         ENDPROC       _I2C_SENDBYTE
  -------         PROC          L?0051
  -------         ENDPROC       L?0051
  -------         PROC          I2C_RECEIVEBYTE
  -------         DO            
  D:0003H         SYMBOL        i
BL51 BANKED LINKER/LOCATER V6.22                                                      03/29/2019  13:24:40  PAGE 30


  D:0001H         SYMBOL        dat
  -------         ENDDO         
  C:4336H         LINE#         171
  C:4336H         LINE#         172
  C:4336H         LINE#         174
  C:4338H         LINE#         178
  C:4339H         LINE#         179
  C:4339H         LINE#         180
  C:433DH         LINE#         181
  C:433FH         LINE#         182
  C:4342H         LINE#         184
  C:4345H         LINE#         185
  C:4345H         LINE#         186
  C:4349H         LINE#         187
  C:4349H         LINE#         188
  C:4349H         LINE#         189
  C:434CH         LINE#         190
  C:4350H         LINE#         191
  C:4350H         LINE#         192
  C:4352H         LINE#         193
  C:4354H         LINE#         194
  C:4354H         LINE#         196
  C:4359H         LINE#         197
  C:435BH         LINE#         198
  -------         ENDPROC       I2C_RECEIVEBYTE
  -------         PROC          _WRITE_VCNL4035X
  X:052AH         SYMBOL        command_code
  X:052BH         SYMBOL        dat_h
  X:052CH         SYMBOL        dat_l
  C:4141H         LINE#         199
  C:414CH         LINE#         200
  C:414CH         LINE#         201
  C:414FH         LINE#         202
  C:4156H         LINE#         203
  C:4156H         LINE#         204
  C:415CH         LINE#         205
  C:415CH         LINE#         206
  C:4164H         LINE#         207
  C:4164H         LINE#         208
  C:416AH         LINE#         209
  C:4172H         LINE#         211
  C:4178H         LINE#         212
  C:4180H         LINE#         214
  C:4186H         LINE#         215
  C:4189H         LINE#         216
  -------         ENDPROC       _WRITE_VCNL4035X
  -------         PROC          _READ_VCNL4035
  X:07D1H         SYMBOL        command_code
  -------         DO            
  X:07D3H         SYMBOL        temp_dat
  X:07D5H         SYMBOL        temp_dat_l
  X:07D7H         SYMBOL        temp_dat_h
  -------         ENDDO         
  C:3CE8H         LINE#         218
  C:3CF0H         LINE#         219
  C:3CF0H         LINE#         220
  C:3CFDH         LINE#         222
BL51 BANKED LINKER/LOCATER V6.22                                                      03/29/2019  13:24:40  PAGE 31


  C:3D00H         LINE#         223
  C:3D03H         LINE#         224
  C:3D08H         LINE#         226
  C:3D0EH         LINE#         227
  C:3D0EH         LINE#         228
  C:3D0EH         LINE#         229
  C:3D0EH         LINE#         230
  C:3D19H         LINE#         231
  C:3D1CH         LINE#         232
  C:3D1FH         LINE#         233
  C:3D1FH         LINE#         236
  C:3D22H         LINE#         238
  C:3D29H         LINE#         239
  C:3D29H         LINE#         240
  C:3D29H         LINE#         241
  C:3D34H         LINE#         242
  C:3D37H         LINE#         243
  C:3D3AH         LINE#         244
  C:3D3DH         LINE#         245
  C:3D40H         LINE#         246
  C:3D43H         LINE#         247
  C:3D46H         LINE#         248
  C:3D49H         LINE#         249
  C:3D4CH         LINE#         250
  C:3D4CH         LINE#         251
  C:3D52H         LINE#         252
  C:3D52H         LINE#         253
  C:3D5BH         LINE#         255
  C:3D5BH         LINE#         256
  C:3D61H         LINE#         257
  C:3D61H         LINE#         259
  C:3D63H         LINE#         260
  C:3D69H         LINE#         261
  C:3D6CH         LINE#         262
  C:3D73H         LINE#         263
  C:3D73H         LINE#         264
  C:3D81H         LINE#         265
  -------         ENDPROC       _READ_VCNL4035
  -------         PROC          _DISPLAYLCD_VCNL4035
  X:07E3H         SYMBOL        dat
  C:45CBH         LINE#         267
  C:45D0H         LINE#         268
  C:45D0H         LINE#         270
  -------         ENDPROC       _DISPLAYLCD_VCNL4035
  -------         ENDMOD        VCNL4035

  -------         MODULE        BIPOLARMOTOR
  C:0000H         SYMBOL        _ICE_DUMMY_
  D:0080H         PUBLIC        P0
  D:0090H         PUBLIC        P1
  D:00A0H         PUBLIC        P2
  D:00B0H         PUBLIC        P3
  D:00C0H         PUBLIC        P4
  D:00C8H         PUBLIC        P5
  D:00E8H         PUBLIC        P6
  D:00F8H         PUBLIC        P7
  D:00A8H         PUBLIC        IE
BL51 BANKED LINKER/LOCATER V6.22                                                      03/29/2019  13:24:40  PAGE 32


  C:3817H         PUBLIC        linear_interpolate
  C:3D82H         PUBLIC        _Move_2ndMotor
  X:0000H         PUBLIC        RX_angle
  C:39D9H         PUBLIC        _Move
  D:00B8H         PUBLIC        IP
  C:311EH         PUBLIC        _findDet3x3
  C:29A0H         PUBLIC        _findDet4x4
  D:00D8H         PUBLIC        CCON
  X:0258H         PUBLIC        previous_move_time
  C:424EH         PUBLIC        _Step_move_2ndMotor
  X:0259H         PUBLIC        lcd
  D:0098H         PUBLIC        SCON
  D:0088H         PUBLIC        TCON
  C:420EH         PUBLIC        _Step_move
  X:025BH         PUBLIC        dat
  C:0026H         PUBLIC        _Update_position
  C:40ADH         PUBLIC        vOneStepMove_2ndMotor
  X:0261H         PUBLIC        date_azimuth_mapping_symmetry_side
  C:4063H         PUBLIC        vOneStepMove
  X:0275H         PUBLIC        elevation_stamp
  X:02B1H         PUBLIC        date_azimuth_mapping
  X:02C5H         PUBLIC        RX_pos
  C:448BH         PUBLIC        _BCDtoDec1
  C:2F1DH         PUBLIC        _Display_Pos
  X:051DH         PUBLIC        degree
  D:00D0H         PUBLIC        PSW
  C:4481H         SYMBOL        L?0136
  C:4484H         SYMBOL        L?0137
  -------         PROC          L?0135
  -------         ENDPROC       L?0135
  C:4481H         SYMBOL        L?0136
  C:4484H         SYMBOL        L?0137
  -------         PROC          _BCDTODEC1
  D:0007H         SYMBOL        bcd
  -------         DO            
  D:0006H         SYMBOL        hi
  D:0007H         SYMBOL        lo
  -------         ENDDO         
  C:448BH         LINE#         38
  C:448BH         LINE#         39
  C:448BH         LINE#         41
  C:4490H         LINE#         42
  C:4494H         LINE#         43
  C:449BH         LINE#         44
  -------         ENDPROC       _BCDTODEC1
  -------         PROC          VONESTEPMOVE
  B:0021H.3       SYMBOL        bDir
  C:4063H         LINE#         47
  C:4063H         LINE#         48
  C:4063H         LINE#         50
  C:4069H         LINE#         51
  C:4069H         LINE#         52
  C:406CH         LINE#         53
  C:4075H         LINE#         54
  C:407CH         LINE#         55
  C:4081H         LINE#         56
  C:4081H         LINE#         57
BL51 BANKED LINKER/LOCATER V6.22                                                      03/29/2019  13:24:40  PAGE 33


  C:4081H         LINE#         59
  C:4083H         LINE#         62
  C:4083H         LINE#         63
  C:4086H         LINE#         64
  C:408FH         LINE#         65
  C:4096H         LINE#         66
  C:409CH         LINE#         67
  C:40A5H         LINE#         68
  C:40ACH         LINE#         69
  C:40ACH         LINE#         70
  -------         ENDPROC       VONESTEPMOVE
  -------         PROC          VONESTEPMOVE_2NDMOTOR
  B:0021H.3       SYMBOL        bDir
  C:40ADH         LINE#         73
  C:40ADH         LINE#         74
  C:40ADH         LINE#         76
  C:40B3H         LINE#         77
  C:40B3H         LINE#         78
  C:40B6H         LINE#         79
  C:40BFH         LINE#         80
  C:40C6H         LINE#         81
  C:40CBH         LINE#         82
  C:40CBH         LINE#         83
  C:40CBH         LINE#         84
  C:40CDH         LINE#         86
  C:40CDH         LINE#         87
  C:40D0H         LINE#         88
  C:40D9H         LINE#         89
  C:40E0H         LINE#         90
  C:40E6H         LINE#         91
  C:40EFH         LINE#         92
  C:40F6H         LINE#         93
  C:40F6H         LINE#         94
  -------         ENDPROC       VONESTEPMOVE_2NDMOTOR
  -------         PROC          _STEP_MOVE
  X:05FCH         SYMBOL        step
  B:0021H.2       SYMBOL        dir
  -------         DO            
  X:05FEH         SYMBOL        i
  -------         ENDDO         
  C:420EH         LINE#         97
  C:4216H         LINE#         98
  C:4216H         LINE#         99
  C:421BH         LINE#         102
  C:4236H         LINE#         103
  C:4236H         LINE#         104
  C:423DH         LINE#         106
  C:424DH         LINE#         107
  -------         ENDPROC       _STEP_MOVE
  -------         PROC          _STEP_MOVE_2NDMOTOR
  X:05F8H         SYMBOL        step
  B:0021H.2       SYMBOL        dir
  -------         DO            
  X:05FAH         SYMBOL        i
  -------         ENDDO         
  C:424EH         LINE#         110
  C:4256H         LINE#         111
BL51 BANKED LINKER/LOCATER V6.22                                                      03/29/2019  13:24:40  PAGE 34


  C:4256H         LINE#         112
  C:425BH         LINE#         115
  C:4276H         LINE#         116
  C:4276H         LINE#         117
  C:427DH         LINE#         119
  C:428DH         LINE#         120
  -------         ENDPROC       _STEP_MOVE_2NDMOTOR
  -------         PROC          _MOVE_2NDMOTOR
  D:0004H         SYMBOL        angle_distance
  B:0021H.1       SYMBOL        direction
  X:05F0H         SYMBOL        current_angle
  -------         DO            
  X:05F4H         SYMBOL        step
  X:05F6H         SYMBOL        i
  -------         ENDDO         
  C:3D82H         LINE#         161
  C:3D82H         LINE#         162
  C:3D82H         LINE#         168
  C:3D98H         LINE#         170
  C:3DB2H         LINE#         171
  C:3DB2H         LINE#         172
  C:3DB9H         LINE#         173
  C:3DD0H         LINE#         174
  C:3DD4H         LINE#         176
  C:3DDFH         LINE#         177
  C:3DF2H         LINE#         178
  C:3DF2H         LINE#         179
  C:3DF7H         LINE#         180
  C:3DFCH         LINE#         181
  C:3DFEH         LINE#         182
  C:3E04H         LINE#         183
  C:3E04H         LINE#         184
  C:3E15H         LINE#         185
  -------         ENDPROC       _MOVE_2NDMOTOR
  -------         PROC          _MOVE
  X:05ECH         SYMBOL        distance
  B:0021H.1       SYMBOL        direction
  X:05F0H         SYMBOL        current_position
  -------         DO            
  X:05F4H         SYMBOL        step
  X:05F8H         SYMBOL        i
  -------         ENDDO         
  C:39D9H         LINE#         187
  C:39DFH         LINE#         188
  C:39DFH         LINE#         192
  C:3A01H         LINE#         194
  C:3A2EH         LINE#         195
  C:3A2EH         LINE#         196
  C:3A3FH         LINE#         197
  C:3A56H         LINE#         198
  C:3A5AH         LINE#         200
  C:3A65H         LINE#         201
  C:3A8FH         LINE#         202
  C:3A8FH         LINE#         203
  C:3A94H         LINE#         204
  C:3A99H         LINE#         205
  C:3A9BH         LINE#         206
BL51 BANKED LINKER/LOCATER V6.22                                                      03/29/2019  13:24:40  PAGE 35


  C:3AA1H         LINE#         207
  C:3AA1H         LINE#         208
  C:3AC3H         LINE#         209
  -------         ENDPROC       _MOVE
  C:30FFH         SYMBOL        L?0133
  C:3113H         SYMBOL        L?0134
  -------         PROC          L?0132
  -------         ENDPROC       L?0132
  C:30FFH         SYMBOL        L?0133
  C:3113H         SYMBOL        L?0134
  -------         PROC          _FINDDET3X3
  X:0786H         SYMBOL        a11
  X:078AH         SYMBOL        a12
  X:078EH         SYMBOL        a13
  X:0792H         SYMBOL        a21
  X:0796H         SYMBOL        a22
  X:079AH         SYMBOL        a23
  X:079EH         SYMBOL        a31
  X:07A2H         SYMBOL        a32
[...]
  C:0A75H         LINE#         371
  C:0A75H         LINE#         378
  C:0A8FH         LINE#         379
  C:0A8FH         LINE#         380
  C:0AF7H         LINE#         381
  C:0AF7H         LINE#         382
  C:0AFEH         LINE#         383
  C:0AFEH         LINE#         384
  C:0B24H         LINE#         385
  C:0B4AH         LINE#         387
  C:0B91H         LINE#         388
  C:0B9BH         LINE#         390
  C:0BCAH         LINE#         391
  C:0BEDH         LINE#         393
  C:0BEDH         LINE#         394
  C:0C5BH         LINE#         395
  C:0C5BH         LINE#         396
  C:0C62H         LINE#         397
  C:0C62H         LINE#         398
  C:0C88H         LINE#         399
  C:0CAEH         LINE#         401
  C:0CF5H         LINE#         402
  C:0CFFH         LINE#         404
  C:0D2EH         LINE#         405
  C:0D4EH         LINE#         407
  C:0D4EH         LINE#         409
  C:0D5FH         LINE#         412
  C:0D79H         LINE#         413
  C:0D79H         LINE#         414
  C:0DE9H         LINE#         415
  C:0DE9H         LINE#         416
  C:0E16H         LINE#         417
  C:0E31H         LINE#         419
  C:0E5EH         LINE#         420
  C:0E79H         LINE#         422
  C:0EABH         LINE#         425
  C:0EABH         LINE#         427
  C:0EBCH         LINE#         429
  C:0EDEH         LINE#         430
  C:0F39H         LINE#         431
  C:0F39H         LINE#         432
  C:0F53H         LINE#         433
  C:0F79H         LINE#         434
  C:0F91H         LINE#         435
  C:0FCBH         LINE#         436
  C:0FD3H         LINE#         437
  C:0FEFH         LINE#         438
  C:0FEFH         LINE#         440
  C:0FEFH         LINE#         443
  -------         ENDPROC       _UPDATE_POSITION
  -------         PROC          L?0138
  -------         ENDPROC       L?0138
  -------         PROC          _DISPLAY_POS
  X:05FCH         SYMBOL        sign_dat
  -------         DO            
  X:0600H         SYMBOL        unit
BL51 BANKED LINKER/LOCATER V6.22                                                      03/29/2019  13:24:40  PAGE 39


  X:0601H         SYMBOL        ten
  X:0602H         SYMBOL        hundred
  X:0603H         SYMBOL        thousand
  X:0604H         SYMBOL        after_dot
  X:0605H         SYMBOL        dat
  -------         ENDDO         
  C:2F1DH         LINE#         445
  C:2F23H         LINE#         446
  C:2F23H         LINE#         450
  C:2F3FH         LINE#         451
  C:2F59H         LINE#         452
  C:2F7DH         LINE#         454
  C:2FC7H         LINE#         456
  C:2FDEH         LINE#         457
  C:2FF0H         LINE#         458
  C:3015H         LINE#         459
  C:302FH         LINE#         460
  C:3047H         LINE#         461
  C:3047H         LINE#         462
  C:3051H         LINE#         463
  C:305BH         LINE#         464
  C:3065H         LINE#         465
  C:306FH         LINE#         466
  C:3074H         LINE#         467
  C:307EH         LINE#         468
  C:3081H         LINE#         469
  C:3081H         LINE#         470
  C:3086H         LINE#         471
  C:3088H         LINE#         472
  C:3088H         LINE#         475
  C:308AH         LINE#         477
  C:308AH         LINE#         478
  C:308FH         LINE#         479
  C:3091H         LINE#         480
  C:3091H         LINE#         481
  C:3091H         LINE#         482
  C:3093H         LINE#         484
  C:3093H         LINE#         486
  C:3098H         LINE#         487
  C:30A2H         LINE#         488
  C:30ACH         LINE#         489
  C:30B6H         LINE#         490
  C:30C0H         LINE#         491
  C:30C5H         LINE#         492
  C:30CFH         LINE#         493
  C:30D2H         LINE#         494
  C:30D2H         LINE#         495
  C:30D7H         LINE#         496
  C:30D9H         LINE#         497
  C:30D9H         LINE#         500
  C:30DBH         LINE#         502
  C:30DBH         LINE#         503
  C:30E0H         LINE#         504
  C:30E5H         LINE#         505
  C:30EAH         LINE#         506
  C:30EAH         LINE#         510
  C:30EAH         LINE#         512
BL51 BANKED LINKER/LOCATER V6.22                                                      03/29/2019  13:24:40  PAGE 40


  -------         ENDPROC       _DISPLAY_POS
  -------         ENDMOD        BIPOLARMOTOR

  -------         MODULE        SUNPOS
  C:0000H         SYMBOL        _ICE_DUMMY_
  C:18C3H         PUBLIC        sunpos
  -------         PROC          SUNPOS
  X:05ECH         SYMBOL        udtTime
  X:05FEH         SYMBOL        udtLocation
  X:0606H         SYMBOL        udtSunCoordinates
  -------         DO            
  X:0609H         SYMBOL        dElapsedJulianDays
  X:060DH         SYMBOL        dDecimalHours
  X:0611H         SYMBOL        dEclipticLongitude
  X:0615H         SYMBOL        dEclipticObliquity
  X:0619H         SYMBOL        dRightAscension
  X:061DH         SYMBOL        dDeclination
  X:0621H         SYMBOL        dY
  X:0625H         SYMBOL        dX
  -------         DO            
  X:0629H         SYMBOL        dJulianDate
  X:062DH         SYMBOL        liAux1
  X:0631H         SYMBOL        liAux2
  X:0629H         SYMBOL        dMeanLongitude
  X:062DH         SYMBOL        dMeanAnomaly
  X:0631H         SYMBOL        dOmega
  X:0629H         SYMBOL        dSin_EclipticLongitude
  X:0629H         SYMBOL        dGreenwichMeanSiderealTime
  X:062DH         SYMBOL        dLocalMeanSiderealTime
  X:0631H         SYMBOL        dLatitudeInRadians
  X:0635H         SYMBOL        dHourAngle
  X:0639H         SYMBOL        dCos_Latitude
  X:063DH         SYMBOL        dSin_Latitude
  X:0641H         SYMBOL        dCos_HourAngle
  X:0645H         SYMBOL        dParallax
  -------         ENDDO         
  -------         DO            
  X:0629H         SYMBOL        dMeanLongitude
  X:062DH         SYMBOL        dMeanAnomaly
  X:0631H         SYMBOL        dOmega
  X:0629H         SYMBOL        dSin_EclipticLongitude
  X:0629H         SYMBOL        dGreenwichMeanSiderealTime
  X:062DH         SYMBOL        dLocalMeanSiderealTime
  X:0631H         SYMBOL        dLatitudeInRadians
  X:0635H         SYMBOL        dHourAngle
  X:0639H         SYMBOL        dCos_Latitude
  X:063DH         SYMBOL        dSin_Latitude
  X:0641H         SYMBOL        dCos_HourAngle
  X:0645H         SYMBOL        dParallax
  -------         ENDDO         
  -------         DO            
  X:0629H         SYMBOL        dSin_EclipticLongitude
  X:0629H         SYMBOL        dGreenwichMeanSiderealTime
  X:062DH         SYMBOL        dLocalMeanSiderealTime
  X:0631H         SYMBOL        dLatitudeInRadians
  X:0635H         SYMBOL        dHourAngle
  X:0639H         SYMBOL        dCos_Latitude
BL51 BANKED LINKER/LOCATER V6.22                                                      03/29/2019  13:24:40  PAGE 41


  X:063DH         SYMBOL        dSin_Latitude
  X:0641H         SYMBOL        dCos_HourAngle
  X:0645H         SYMBOL        dParallax
  -------         ENDDO         
  -------         DO            
  X:0629H         SYMBOL        dGreenwichMeanSiderealTime
  X:062DH         SYMBOL        dLocalMeanSiderealTime
  X:0631H         SYMBOL        dLatitudeInRadians
  X:0635H         SYMBOL        dHourAngle
  X:0639H         SYMBOL        dCos_Latitude
  X:063DH         SYMBOL        dSin_Latitude
  X:0641H         SYMBOL        dCos_HourAngle
  X:0645H         SYMBOL        dParallax
  -------         ENDDO         
  -------         ENDDO         
  C:18C3H         LINE#         6
  C:18C3H         LINE#         7
  C:18C3H         LINE#         9
  C:18C3H         LINE#         27
  C:190DH         LINE#         30
  C:192EH         LINE#         31
  C:1A75H         LINE#         34
  C:1AC1H         LINE#         36
  C:1AE0H         LINE#         37
  C:1AE0H         LINE#         42
  C:1AE0H         LINE#         46
  C:1B12H         LINE#         47
  C:1B3CH         LINE#         48
  C:1B66H         LINE#         49
  C:1C13H         LINE#         52
  C:1C74H         LINE#         54
  C:1C74H         LINE#         59
  C:1C74H         LINE#         61
  C:1C8BH         LINE#         62
  C:1CB3H         LINE#         63
  C:1CCAH         LINE#         64
  C:1CF5H         LINE#         65
  C:1D2CH         LINE#         66
  C:1D57H         LINE#         67
  C:1D57H         LINE#         70
  C:1D57H         LINE#         79
  C:1D92H         LINE#         82
  C:1DCCH         LINE#         84
  C:1DF1H         LINE#         85
  C:1E10H         LINE#         86
  C:1E27H         LINE#         87
  C:1E3EH         LINE#         88
  C:1E55H         LINE#         89
  C:1EDEH         LINE#         91
  C:1EF8H         LINE#         92
  C:1F5AH         LINE#         93
  C:1F90H         LINE#         94
  C:1FA2H         LINE#         95
  C:1FCFH         LINE#         96
  C:1FFCH         LINE#         98
  C:201EH         LINE#         100
  C:2056H         LINE#         103
BL51 BANKED LINKER/LOCATER V6.22                                                      03/29/2019  13:24:40  PAGE 42


  C:2056H         LINE#         104
  C:2064H         LINE#         105
  -------         ENDPROC       SUNPOS
  -------         ENDMOD        SUNPOS

  -------         MODULE        ?C_STARTUP
  C:3E16H         SEGMENT       ?C_C51STARTUP
  I:0022H         SEGMENT       ?STACK
  C:0000H         PUBLIC        ?C_STARTUP
  D:00E0H         SYMBOL        ACC
  D:00F0H         SYMBOL        B
  D:0083H         SYMBOL        DPH
  D:0082H         SYMBOL        DPL
  N:0000H         SYMBOL        IBPSTACK
  N:0100H         SYMBOL        IBPSTACKTOP
  N:0080H         SYMBOL        IDATALEN
  C:3E19H         SYMBOL        IDATALOOP
  N:0000H         SYMBOL        PBPSTACK
  N:0100H         SYMBOL        PBPSTACKTOP
  N:0000H         SYMBOL        PDATALEN
  N:0000H         SYMBOL        PDATASTART
  N:0000H         SYMBOL        PPAGE
  N:0000H         SYMBOL        PPAGEENABLE
  D:00A0H         SYMBOL        PPAGE_SFR
  D:0081H         SYMBOL        SP
  C:3E16H         SYMBOL        STARTUP1
  N:0000H         SYMBOL        XBPSTACK
  N:0000H         SYMBOL        XBPSTACKTOP
  N:0000H         SYMBOL        XDATALEN
  N:0000H         SYMBOL        XDATASTART
  C:0000H         LINE#         126
  C:3E16H         LINE#         133
  C:3E18H         LINE#         134
  C:3E19H         LINE#         135
  C:3E1AH         LINE#         136
  C:3E1CH         LINE#         185
  C:3E1FH         LINE#         196
  -------         ENDMOD        ?C_STARTUP

  -------         MODULE        ?C?FPADD
  C:0FF7H         PUBLIC        ?C?FPADD
  C:0FF3H         PUBLIC        ?C?FPSUB
  -------         ENDMOD        ?C?FPADD

  -------         MODULE        ?C?FPMUL
  C:10E8H         PUBLIC        ?C?FPMUL
  -------         ENDMOD        ?C?FPMUL

  -------         MODULE        ?C?FPDIV
  C:11F1H         PUBLIC        ?C?FPDIV
  -------         ENDMOD        ?C?FPDIV

  -------         MODULE        ?C?FPCMP
  C:1290H         PUBLIC        ?C?FPCMP
  C:128EH         PUBLIC        ?C?FPCMP3
  -------         ENDMOD        ?C?FPCMP

BL51 BANKED LINKER/LOCATER V6.22                                                      03/29/2019  13:24:40  PAGE 43


  -------         MODULE        ?C?FPNEG
  C:1307H         PUBLIC        ?C?FPNEG
  -------         ENDMOD        ?C?FPNEG

  -------         MODULE        ?C?FCAST
  C:1322H         PUBLIC        ?C?FCASTC
  C:131DH         PUBLIC        ?C?FCASTI
  C:1318H         PUBLIC        ?C?FCASTL
  -------         ENDMOD        ?C?FCAST

  -------         MODULE        ?C?CASTF
  C:1356H         PUBLIC        ?C?CASTF
  -------         ENDMOD        ?C?CASTF

  -------         MODULE        ATAN2
  X:0649H         PUBLIC        ?_atan2?BYTE
  C:3C4BH         PUBLIC        _atan2
  -------         ENDMOD        ATAN2

  -------         MODULE        SIN
  C:3632H         PUBLIC        _COS
  C:3648H         PUBLIC        _SIN
  C:3684H         PUBLIC        _TAN
  -------         ENDMOD        SIN

  -------         MODULE        ACOS
  C:40F7H         PUBLIC        _ACOS
  -------         ENDMOD        ACOS

  -------         MODULE        ASIN
  C:428EH         PUBLIC        _ASIN
  -------         ENDMOD        ASIN

  -------         MODULE        SQRT
  C:3BA3H         PUBLIC        _SQRT
  -------         ENDMOD        SQRT

  -------         MODULE        ATAN
  C:38D7H         PUBLIC        _ATAN
  -------         ENDMOD        ATAN

  -------         MODULE        ?C?COPY
  C:14F4H         PUBLIC        ?C?COPY
  -------         ENDMOD        ?C?COPY

  -------         MODULE        ?C?CLDPTR
  C:151AH         PUBLIC        ?C?CLDPTR
  -------         ENDMOD        ?C?CLDPTR

  -------         MODULE        ?C?CSTPTR
  C:1533H         PUBLIC        ?C?CSTPTR
  -------         ENDMOD        ?C?CSTPTR

  -------         MODULE        ?C?IMUL
  C:1545H         PUBLIC        ?C?IMUL
  -------         ENDMOD        ?C?IMUL

BL51 BANKED LINKER/LOCATER V6.22                                                      03/29/2019  13:24:40  PAGE 44


  -------         MODULE        ?C?UIDIV
  C:1557H         PUBLIC        ?C?UIDIV
  -------         ENDMOD        ?C?UIDIV

  -------         MODULE        ?C?SIDIV
  C:15ACH         PUBLIC        ?C?SIDIV
  -------         ENDMOD        ?C?SIDIV

  -------         MODULE        ?C?ILDIX
  C:15E2H         PUBLIC        ?C?ILDIX
  -------         ENDMOD        ?C?ILDIX

  -------         MODULE        ?C?LMUL
  C:15F8H         PUBLIC        ?C?LMUL
  -------         ENDMOD        ?C?LMUL

  -------         MODULE        ?C?ULDIV
  C:1683H         PUBLIC        ?C?ULDIV
  -------         ENDMOD        ?C?ULDIV

  -------         MODULE        ?C?SLDIV
  C:418AH         PUBLIC        ?C?SLDIV
  -------         ENDMOD        ?C?SLDIV

  -------         MODULE        ?C?LNEG
  C:1715H         PUBLIC        ?C?LNEG
  -------         ENDMOD        ?C?LNEG

  -------         MODULE        ?C?ULCMP
  C:1723H         PUBLIC        ?C?ULCMP
  -------         ENDMOD        ?C?ULCMP

  -------         MODULE        ?C?LLDPTR
  C:1734H         PUBLIC        ?C?LLDPTR
  -------         ENDMOD        ?C?LLDPTR

  -------         MODULE        ?C?LLDOPTR
  C:1754H         PUBLIC        ?C?LLDOPTR
  -------         ENDMOD        ?C?LLDOPTR

  -------         MODULE        ?C?LSTPTR
  C:1784H         PUBLIC        ?C?LSTPTR
  -------         ENDMOD        ?C?LSTPTR

  -------         MODULE        ?C?LSTOPTR
  C:179EH         PUBLIC        ?C?LSTOPTR
  -------         ENDMOD        ?C?LSTOPTR

  -------         MODULE        ?C?LLDXDATA
  C:17C2H         PUBLIC        ?C?LLDXDATA
  -------         ENDMOD        ?C?LLDXDATA

  -------         MODULE        ?C?LLDCODE
  C:17CEH         PUBLIC        ?C?LLDCODE
  -------         ENDMOD        ?C?LLDCODE

  -------         MODULE        ?C?LLDXDATA0
BL51 BANKED LINKER/LOCATER V6.22                                                      03/29/2019  13:24:40  PAGE 45


  C:17DEH         PUBLIC        ?C?LLDXDATA0
  -------         ENDMOD        ?C?LLDXDATA0

  -------         MODULE        ?C?LLDCODE0
  C:17EAH         PUBLIC        ?C?LLDCODE0
  -------         ENDMOD        ?C?LLDCODE0

  -------         MODULE        ?C?LLDPTR0
  C:17FAH         PUBLIC        ?C?LLDPTR0
  -------         ENDMOD        ?C?LLDPTR0

  -------         MODULE        ?C?LSTXDATA
  C:181AH         PUBLIC        ?C?LSTXDATA
  -------         ENDMOD        ?C?LSTXDATA

  -------         MODULE        ?C?LSTKXDATA
  C:1826H         PUBLIC        ?C?LSTKXDATA
  -------         ENDMOD        ?C?LSTKXDATA

  -------         MODULE        ?C?OFFXADD
  C:1857H         PUBLIC        ?C?OFFXADD
  -------         ENDMOD        ?C?OFFXADD

  -------         MODULE        ABS
  C:459CH         PUBLIC        _ABS
  -------         ENDMOD        ABS

  -------         MODULE        ATOI
  C:3AC4H         PUBLIC        _atoi
  -------         ENDMOD        ATOI

  -------         MODULE        ?C?IILDX
  C:1863H         PUBLIC        ?C?IILDX
  -------         ENDMOD        ?C?IILDX

  -------         MODULE        ?C?LLDIDATA
  C:1879H         PUBLIC        ?C?LLDIDATA
  -------         ENDMOD        ?C?LLDIDATA

  -------         MODULE        ?C?LLDPDATA
  C:1885H         PUBLIC        ?C?LLDPDATA
  -------         ENDMOD        ?C?LLDPDATA

  -------         MODULE        ?C?LLDIDATA0
  C:1891H         PUBLIC        ?C?LLDIDATA0
  -------         ENDMOD        ?C?LLDIDATA0

  -------         MODULE        ?C?LLDPDATA0
  C:189EH         PUBLIC        ?C?LLDPDATA0
  -------         ENDMOD        ?C?LLDPDATA0

  -------         MODULE        ?C?LSTIDATA
  C:18ABH         PUBLIC        ?C?LSTIDATA
  -------         ENDMOD        ?C?LSTIDATA

  -------         MODULE        ?C?LSTPDATA
  C:18B7H         PUBLIC        ?C?LSTPDATA
BL51 BANKED LINKER/LOCATER V6.22                                                      03/29/2019  13:24:40  PAGE 46


  -------         ENDMOD        ?C?LSTPDATA

  -------         MODULE        ISDIGIT
  C:4574H         PUBLIC        _isdigit
  -------         ENDMOD        ISDIGIT

  -------         MODULE        ISSPACE
  C:450BH         PUBLIC        _isspace
  -------         ENDMOD        ISSPACE

*** WARNING L16: UNCALLED SEGMENT, IGNORED FOR OVERLAY PROCESS
    SEGMENT: ?PR?_CALIB_INTERPOLATE?MAIN

*** WARNING L16: UNCALLED SEGMENT, IGNORED FOR OVERLAY PROCESS
    SEGMENT: ?PR?INITUART1?UART1

*** WARNING L16: UNCALLED SEGMENT, IGNORED FOR OVERLAY PROCESS
    SEGMENT: ?PR?_SENDSTRING?UART1

*** WARNING L16: UNCALLED SEGMENT, IGNORED FOR OVERLAY PROCESS
    SEGMENT: ?PR?_TEN?UART1

*** WARNING L16: UNCALLED SEGMENT, IGNORED FOR OVERLAY PROCESS
    SEGMENT: ?PR?_UNIT?UART1

*** WARNING L16: UNCALLED SEGMENT, IGNORED FOR OVERLAY PROCESS
    SEGMENT: ?PR?_DECTOBCD?UART1

*** WARNING L16: UNCALLED SEGMENT, IGNORED FOR OVERLAY PROCESS
    SEGMENT: ?PR?_ASCII_LETTER?UART1

*** WARNING L16: UNCALLED SEGMENT, IGNORED FOR OVERLAY PROCESS
    SEGMENT: ?PR?_ASCIITOBCD?UART1

*** WARNING L16: UNCALLED SEGMENT, IGNORED FOR OVERLAY PROCESS
    SEGMENT: ?PR?NOP?VCNL4035

*** WARNING L16: UNCALLED SEGMENT, IGNORED FOR OVERLAY PROCESS
    SEGMENT: ?PR?_READ_VCNL4035?VCNL4035

*** WARNING L16: UNCALLED SEGMENT, IGNORED FOR OVERLAY PROCESS
    SEGMENT: ?PR?_DISPLAYLCD_VCNL4035?VCNL4035

*** WARNING L16: UNCALLED SEGMENT, IGNORED FOR OVERLAY PROCESS
    SEGMENT: ?PR?_FINDDET4X4?BIPOLARMOTOR

*** WARNING L1: UNRESOLVED EXTERNAL SYMBOL
    SYMBOL:  _WRITE_PI4IOE5V96248
    MODULE:  .\Obj\BipolarMotor.obj (BIPOLARMOTOR)

*** WARNING L2: REFERENCE MADE TO UNRESOLVED EXTERNAL
    SYMBOL:  _WRITE_PI4IOE5V96248
    MODULE:  .\Obj\BipolarMotor.obj (BIPOLARMOTOR)
    ADDRESS: 4073H

*** WARNING L2: REFERENCE MADE TO UNRESOLVED EXTERNAL
    SYMBOL:  _WRITE_PI4IOE5V96248
BL51 BANKED LINKER/LOCATER V6.22                                                      03/29/2019  13:24:40  PAGE 47


    MODULE:  .\Obj\BipolarMotor.obj (BIPOLARMOTOR)
    ADDRESS: 408DH

*** WARNING L2: REFERENCE MADE TO UNRESOLVED EXTERNAL
    SYMBOL:  _WRITE_PI4IOE5V96248
    MODULE:  .\Obj\BipolarMotor.obj (BIPOLARMOTOR)
    ADDRESS: 40A3H

*** WARNING L2: REFERENCE MADE TO UNRESOLVED EXTERNAL
    SYMBOL:  _WRITE_PI4IOE5V96248
    MODULE:  .\Obj\BipolarMotor.obj (BIPOLARMOTOR)
    ADDRESS: 40BDH

*** WARNING L2: REFERENCE MADE TO UNRESOLVED EXTERNAL
    SYMBOL:  _WRITE_PI4IOE5V96248
    MODULE:  .\Obj\BipolarMotor.obj (BIPOLARMOTOR)
    ADDRESS: 40D7H

*** WARNING L2: REFERENCE MADE TO UNRESOLVED EXTERNAL
    SYMBOL:  _WRITE_PI4IOE5V96248
    MODULE:  .\Obj\BipolarMotor.obj (BIPOLARMOTOR)
    ADDRESS: 40EDH

Program Size: data=10.5 xdata=2020 code=17884
LINK/LOCATE RUN COMPLETE.  19 WARNING(S),  0 ERROR(S)
