BL51 BANKED LINKER/LOCATER V6.22                                                        03/20/2019  12:49:42  PAGE 1


BL51 BANKED LINKER/LOCATER V6.22, INVOKED BY:
C:\KEIL_V5\C51\BIN\BL51.EXE .\Obj\main.obj, .\Obj\PCF85063BTL.obj, .\Obj\UART1.obj, .\Obj\LCd_Driver_SPLC780D.obj, .\Obj
>> \KeyPad.obj, .\Obj\BipolarMotor.obj, .\Obj\SunPos.obj, .\Obj\ADC.obj, .\Obj\Calibration.obj, .\Obj\IOExpander_PI4IOE5
>> V96248.obj, .\Obj\AT25SF041.obj, .\Obj\STARTUP.obj TO .\Obj\GPIO_RTC_Test PRINT (.\Lis\GPIO_RTC_Test.m51) RAMSIZE (25
>> 6)


MEMORY MODEL: LARGE WITH FLOATING POINT ARITHMETIC


INPUT MODULES INCLUDED:
  .\Obj\main.obj (MAIN)
  .\Obj\PCF85063BTL.obj (PCF85063BTL)
  .\Obj\UART1.obj (UART1)
  .\Obj\LCd_Driver_SPLC780D.obj (LCD_DRIVER_SPLC780D)
  .\Obj\KeyPad.obj (KEYPAD)
  .\Obj\BipolarMotor.obj (BIPOLARMOTOR)
  .\Obj\SunPos.obj (SUNPOS)
  .\Obj\ADC.obj (ADC)
  .\Obj\Calibration.obj (CALIBRATION)
  .\Obj\IOExpander_PI4IOE5V96248.obj (IOEXPANDER_PI4IOE5V96248)
  .\Obj\AT25SF041.obj (AT25SF041)
  .\Obj\STARTUP.obj (?C_STARTUP)
  C:\KEIL_V5\C51\LIB\C51FPL.LIB (?C?FPADD)
  C:\KEIL_V5\C51\LIB\C51FPL.LIB (?C?FPMUL)
  C:\KEIL_V5\C51\LIB\C51FPL.LIB (?C?FPDIV)
  C:\KEIL_V5\C51\LIB\C51FPL.LIB (?C?FPCMP)
  C:\KEIL_V5\C51\LIB\C51FPL.LIB (?C?FPNEG)
  C:\KEIL_V5\C51\LIB\C51FPL.LIB (?C?FCAST)
  C:\KEIL_V5\C51\LIB\C51FPL.LIB (?C?CASTF)
  C:\KEIL_V5\C51\LIB\C51FPL.LIB (ATAN2)
  C:\KEIL_V5\C51\LIB\C51FPL.LIB (SIN)
  C:\KEIL_V5\C51\LIB\C51FPL.LIB (ACOS)
  C:\KEIL_V5\C51\LIB\C51FPL.LIB (ASIN)
  C:\KEIL_V5\C51\LIB\C51FPL.LIB (?C?FPGETOPN)
  C:\KEIL_V5\C51\LIB\C51FPL.LIB (?C?FPSERIES)
  C:\KEIL_V5\C51\LIB\C51FPL.LIB (SQRT)
  C:\KEIL_V5\C51\LIB\C51FPL.LIB (ATAN)
  C:\KEIL_V5\C51\LIB\C51L.LIB (?C_INIT)
  C:\KEIL_V5\C51\LIB\C51L.LIB (?C?COPY)
  C:\KEIL_V5\C51\LIB\C51L.LIB (?C?CLDPTR)
  C:\KEIL_V5\C51\LIB\C51L.LIB (?C?CLDOPTR)
  C:\KEIL_V5\C51\LIB\C51L.LIB (?C?CSTPTR)
  C:\KEIL_V5\C51\LIB\C51L.LIB (?C?IMUL)
  C:\KEIL_V5\C51\LIB\C51L.LIB (?C?UIDIV)
  C:\KEIL_V5\C51\LIB\C51L.LIB (?C?SIDIV)
  C:\KEIL_V5\C51\LIB\C51L.LIB (?C?ILDIX)
  C:\KEIL_V5\C51\LIB\C51L.LIB (?C?ILDOPTR)
  C:\KEIL_V5\C51\LIB\C51L.LIB (?C?ISTPTR)
  C:\KEIL_V5\C51\LIB\C51L.LIB (?C?LMUL)
  C:\KEIL_V5\C51\LIB\C51L.LIB (?C?SLDIV)
  C:\KEIL_V5\C51\LIB\C51L.LIB (?C?LNEG)
  C:\KEIL_V5\C51\LIB\C51L.LIB (?C?ULCMP)
  C:\KEIL_V5\C51\LIB\C51L.LIB (?C?LSHL)
  C:\KEIL_V5\C51\LIB\C51L.LIB (?C?LLDPTR)
  C:\KEIL_V5\C51\LIB\C51L.LIB (?C?LLDOPTR)
  C:\KEIL_V5\C51\LIB\C51L.LIB (?C?LSTPTR)
  C:\KEIL_V5\C51\LIB\C51L.LIB (?C?LSTOPTR)
BL51 BANKED LINKER/LOCATER V6.22                                                      03/20/2019  12:49:42  PAGE 2


  C:\KEIL_V5\C51\LIB\C51L.LIB (?C?LLDXDATA)
  C:\KEIL_V5\C51\LIB\C51L.LIB (?C?LLDCODE)
  C:\KEIL_V5\C51\LIB\C51L.LIB (?C?LLDXDATA0)
  C:\KEIL_V5\C51\LIB\C51L.LIB (?C?LLDCODE0)
  C:\KEIL_V5\C51\LIB\C51L.LIB (?C?LLDPTR0)
  C:\KEIL_V5\C51\LIB\C51L.LIB (?C?LSTXDATA)
  C:\KEIL_V5\C51\LIB\C51L.LIB (?C?LSTKXDATA)
  C:\KEIL_V5\C51\LIB\C51L.LIB (?C?LSTKPTR)
  C:\KEIL_V5\C51\LIB\C51L.LIB (?C?OFFXADD)
  C:\KEIL_V5\C51\LIB\C51L.LIB (ATOI)
  C:\KEIL_V5\C51\LIB\C51L.LIB (?C?IILDX)
  C:\KEIL_V5\C51\LIB\C51L.LIB (?C?ULDIV)
  C:\KEIL_V5\C51\LIB\C51L.LIB (?C?LLDIDATA)
  C:\KEIL_V5\C51\LIB\C51L.LIB (?C?LLDPDATA)
  C:\KEIL_V5\C51\LIB\C51L.LIB (?C?LLDIDATA0)
  C:\KEIL_V5\C51\LIB\C51L.LIB (?C?LLDPDATA0)
  C:\KEIL_V5\C51\LIB\C51L.LIB (?C?LSTIDATA)
  C:\KEIL_V5\C51\LIB\C51L.LIB (?C?LSTPDATA)
  C:\KEIL_V5\C51\LIB\C51L.LIB (?C?LSTKIDATA)
  C:\KEIL_V5\C51\LIB\C51L.LIB (?C?LSTKPDATA)
  C:\KEIL_V5\C51\LIB\C51L.LIB (ISDIGIT)
  C:\KEIL_V5\C51\LIB\C51L.LIB (ISSPACE)


LINK MAP OF MODULE:  .\Obj\GPIO_RTC_Test (MAIN)


            TYPE    BASE      LENGTH    RELOCATION   SEGMENT NAME
            -----------------------------------------------------

            * * * * * * *   D A T A   M E M O R Y   * * * * * * *
            REG     0000H     0008H     ABSOLUTE     "REG BANK 0"
                    0008H     0018H                  *** GAP ***
            BIT     0020H.0   0000H.5   UNIT         ?BI?KEYPAD
            BIT     0020H.5   0000H.3   UNIT         _BIT_GROUP_
            BIT     0021H.0   0000H.1   UNIT         ?BI?MAIN
            BIT     0021H.1   0000H.1   UNIT         ?BI?_ATOI?ATOI
                    0021H.2   0000H.6                *** GAP ***
            IDATA   0022H     0001H     UNIT         ?STACK

            * * * * * * *  X D A T A   M E M O R Y  * * * * * * *
            XDATA   0000H     02EFH     UNIT         ?XD?BIPOLARMOTOR
            XDATA   02EFH     0158H     UNIT         _XDATA_GROUP_
            XDATA   0447H     00D8H     UNIT         ?XD?MAIN
            XDATA   051FH     0040H     UNIT         ?XD?_FINDDET4X4?BIPOLARMOTOR
            XDATA   055FH     0024H     UNIT         ?XD?_FINDDET3X3?BIPOLARMOTOR
            XDATA   0583H     0009H     UNIT         ?XD?KEYPAD
            XDATA   058CH     0008H     UNIT         ?XD?_AT25SF041_READ?AT25SF041
            XDATA   0594H     0005H     UNIT         ?XD?_ATOI?ATOI
            XDATA   0599H     0003H     UNIT         ?XD?_SENDSTRING?UART1
            XDATA   059CH     0001H     UNIT         ?XD?UC_ACK?IOEXPANDER_PI4IOE5V96248
            XDATA   059DH     0001H     UNIT         ?XD?UC_NACK?IOEXPANDER_PI4IOE5V96248

            * * * * * * *   C O D E   M E M O R Y   * * * * * * *
            CODE    0000H     0003H     ABSOLUTE     
            CODE    0003H     0006H     UNIT         ?PR?_TEN?UART1
            CODE    0009H     0001H     UNIT         ?PR?TM0_ISR?MAIN
BL51 BANKED LINKER/LOCATER V6.22                                                      03/20/2019  12:49:42  PAGE 3


            CODE    000AH     0001H     UNIT         ?PR?_DECTOBCD?UART1
            CODE    000BH     0003H     ABSOLUTE     
            CODE    000EH     0DCAH     UNIT         ?PR?MAIN?MAIN
            CODE    0DD8H     0B00H     UNIT         ?PR?_UPDATE_POSITION?BIPOLARMOTOR
            CODE    18D8H     09B6H     UNIT         ?C?LIB_CODE
            CODE    228EH     07A2H     UNIT         ?PR?SUNPOS?SUNPOS
            CODE    2A30H     03E8H     UNIT         ?PR?_FIND_REAL_MAX?CALIBRATION
            CODE    2E18H     0355H     UNIT         ?C_INITSEG
            CODE    316DH     02C5H     UNIT         ?PR?KEY_PROCESS?KEYPAD
            CODE    3432H     02C0H     UNIT         ?PR?_FINDDET4X4?BIPOLARMOTOR
            CODE    36F2H     01D1H     UNIT         ?PR?_FINDDET3X3?BIPOLARMOTOR
            CODE    38C3H     01B3H     UNIT         ?PR?_CALIBRATION?CALIBRATION
            CODE    3A76H     018DH     UNIT         ?PR?KEY_SCAN?KEYPAD
            CODE    3C03H     0189H     UNIT         ?PR?SPI_NOR_WRITE_DATA?AT25SF041
            CODE    3D8CH     0188H     UNIT         ?PR?SIN?SIN
            CODE    3F14H     0162H     UNIT         ?PR?_DISPLAY_POS?LCD_DRIVER_SPLC780D
            CODE    4076H     0122H     UNIT         ?PR?ATAN?ATAN
            CODE    4198H     0110H     UNIT         ?PR?_AT25SF041_READ?AT25SF041
            CODE    42A8H     0102H     UNIT         ?PR?_AT25SF041_WRITE?AT25SF041
            CODE    43AAH     00DBH     UNIT         ?PR?_ATOI?ATOI
            CODE    4485H     00C3H     UNIT         ?PR?LINEAR_INTERPOLATE?BIPOLARMOTOR
            CODE    4548H     00BBH     UNIT         ?PR?VOLTAGE_IS_STABLE?CALIBRATION
            CODE    4603H     00ADH     UNIT         ?PR?_WRITE_PI4IOE5V96248?IOEXPANDER_PI4IOE5V96248
            CODE    46B0H     00ACH     UNIT         ?PR?SQRT?SQRT
            CODE    475CH     00A1H     UNIT         ?PR?UCREAD_STATUS_REGISTER_BYTE1?AT25SF041
            CODE    47FDH     009DH     UNIT         ?PR?_ATAN2?ATAN2
            CODE    489AH     009CH     UNIT         ?PR?_MAX_VALUE?CALIBRATION
            CODE    4936H     008CH     UNIT         ?C_C51STARTUP
            CODE    49C2H     0084H     UNIT         ?PR?_DAY_OF_YEAR?PCF85063BTL
            CODE    4A46H     0079H     UNIT         ?PR?_WRITEDATA?LCD_DRIVER_SPLC780D
            CODE    4ABFH     0072H     UNIT         ?PR?AT25SF041_WRITEENABLE?AT25SF041
            CODE    4B31H     006FH     UNIT         ?PR?_READ_TIME?PCF85063BTL
            CODE    4BA0H     005AH     UNIT         ?PR?AT25SF041_CHIPERASE?AT25SF041
            CODE    4BFAH     0059H     UNIT         ?PR?LCD_INIT?LCD_DRIVER_SPLC780D
            CODE    4C53H     004AH     UNIT         ?PR?VONESTEPMOVE?BIPOLARMOTOR
            CODE    4C9DH     004AH     UNIT         ?PR?ACOS?ACOS
            CODE    4CE7H     0044H     UNIT         ?C?LDIV
            CODE    4D2BH     0040H     UNIT         ?PR?_COMMAND?LCD_DRIVER_SPLC780D
            CODE    4D6BH     0040H     UNIT         ?PR?_STEP_MOVE?BIPOLARMOTOR
            CODE    4DABH     003BH     UNIT         ?PR?ASIN?ASIN
            CODE    4DE6H     0033H     UNIT         ?PR?_SENDSTRING?UART1
            CODE    4E19H     002CH     UNIT         ?PR?_ADC_GETRESULT?ADC
            CODE    4E45H     002BH     UNIT         ?PR?_WAIT_MS_I2C?IOEXPANDER_PI4IOE5V96248
            CODE    4E70H     002BH     UNIT         ?PR?_WAIT_MS_SPINOR?AT25SF041
            CODE    4E9BH     0028H     UNIT         ?PR?_MOVE?BIPOLARMOTOR
            CODE    4EC3H     0027H     UNIT         ?PR?_I2C_SENDBYTE?IOEXPANDER_PI4IOE5V96248
            CODE    4EEAH     0024H     UNIT         ?PR?_WAIT_MS?LCD_DRIVER_SPLC780D
            CODE    4F0EH     0020H     UNIT         ?PR?_SPI_SENDBYTE?PCF85063BTL
            CODE    4F2EH     0020H     UNIT         ?PR?SPI_RECEIVEBYTE?PCF85063BTL
            CODE    4F4EH     001FH     UNIT         ?PR?ADC_INIT?ADC
            CODE    4F6DH     001EH     UNIT         ?PR?_DELAY_MS?KEYPAD
            CODE    4F8BH     001DH     UNIT         ?PR?_DISPLAYLCD?LCD_DRIVER_SPLC780D
            CODE    4FA8H     001BH     UNIT         ?PR?_BCDTODEC1?BIPOLARMOTOR
            CODE    4FC3H     0018H     UNIT         ?PR?_SPI_WRITETIME?PCF85063BTL
            CODE    4FDBH     0017H     UNIT         ?PR?_ASCIITOBCD?UART1
            CODE    4FF2H     0016H     UNIT         ?PR?I2C_ACK?IOEXPANDER_PI4IOE5V96248
            CODE    5008H     0015H     UNIT         ?PR?_DISPLAY_LINE?LCD_DRIVER_SPLC780D
BL51 BANKED LINKER/LOCATER V6.22                                                      03/20/2019  12:49:42  PAGE 4


            CODE    501DH     0015H     UNIT         ?PR?I2C_STOP?IOEXPANDER_PI4IOE5V96248
            CODE    5032H     0014H     UNIT         ?PR?_PCF85063BTL_DELAY?PCF85063BTL
            CODE    5046H     0014H     UNIT         ?PR?_ABS?LCD_DRIVER_SPLC780D
            CODE    505AH     0014H     UNIT         ?PR?_ISSPACE?ISSPACE
            CODE    506EH     0011H     UNIT         ?PR?_SPI_READTIME?PCF85063BTL
            CODE    507FH     0011H     UNIT         ?PR?_BCDTODEC?PCF85063BTL
            CODE    5090H     0011H     UNIT         ?PR?INITUART1?UART1
            CODE    50A1H     000FH     UNIT         ?PR?I2C_START?IOEXPANDER_PI4IOE5V96248
            CODE    50B0H     000FH     UNIT         ?PR?UC_NACK?IOEXPANDER_PI4IOE5V96248
            CODE    50BFH     000FH     UNIT         ?PR?_ISDIGIT?ISDIGIT
            CODE    50CEH     000DH     UNIT         ?PR?SPI_INIT?PCF85063BTL
            CODE    50DBH     000CH     UNIT         ?PR?KEYPAD_IO_INIT?KEYPAD
            CODE    50E7H     000AH     UNIT         ?PR?LCD_RETURN_HOME?LCD_DRIVER_SPLC780D
            CODE    50F1H     000AH     UNIT         ?PR?LCD_CLEAR?LCD_DRIVER_SPLC780D
            CODE    50FBH     0006H     UNIT         ?PR?UC_ACK?IOEXPANDER_PI4IOE5V96248
            CODE    5101H     0005H     UNIT         ?PR?_UNIT?UART1
            CODE    5106H     0005H     UNIT         ?PR?_ASCII_LETTER?UART1
            CODE    510BH     0001H     UNIT         ?PR?WAIT?BIPOLARMOTOR
            CODE    510CH     0001H     UNIT         ?PR?NOP?IOEXPANDER_PI4IOE5V96248



OVERLAY MAP OF MODULE:   .\Obj\GPIO_RTC_Test (MAIN)


SEGMENT                                             BIT_GROUP          XDATA_GROUP
  +--> CALLED SEGMENT                            START    LENGTH     START    LENGTH
------------------------------------------------------------------------------------
?C_C51STARTUP                                    -----    -----      -----    -----
  +--> ?PR?MAIN?MAIN
  +--> ?C_INITSEG

?PR?MAIN?MAIN                                    -----    -----      02EFH    002CH
  +--> ?PR?LCD_INIT?LCD_DRIVER_SPLC780D
  +--> ?PR?SPI_INIT?PCF85063BTL
  +--> ?PR?KEYPAD_IO_INIT?KEYPAD
  +--> ?PR?ADC_INIT?ADC
  +--> ?PR?_SPI_WRITETIME?PCF85063BTL
  +--> ?PR?_DELAY_MS?KEYPAD
  +--> ?PR?_DISPLAY_LINE?LCD_DRIVER_SPLC780D
  +--> ?PR?_WRITEDATA?LCD_DRIVER_SPLC780D
  +--> ?PR?KEY_PROCESS?KEYPAD
  +--> ?PR?_COMMAND?LCD_DRIVER_SPLC780D
  +--> ?PR?_DISPLAY_POS?LCD_DRIVER_SPLC780D
  +--> ?PR?_DISPLAYLCD?LCD_DRIVER_SPLC780D
  +--> ?PR?_STEP_MOVE?BIPOLARMOTOR
  +--> ?PR?LCD_RETURN_HOME?LCD_DRIVER_SPLC780D
  +--> ?PR?_READ_TIME?PCF85063BTL
  +--> ?PR?_ADC_GETRESULT?ADC
  +--> ?PR?_BCDTODEC1?BIPOLARMOTOR
  +--> ?PR?_CALIBRATION?CALIBRATION
  +--> ?PR?AT25SF041_WRITEENABLE?AT25SF041
  +--> ?PR?_AT25SF041_WRITE?AT25SF041
  +--> ?PR?_WAIT_MS_SPINOR?AT25SF041
  +--> ?PR?SPI_NOR_WRITE_DATA?AT25SF041
  +--> ?PR?LINEAR_INTERPOLATE?BIPOLARMOTOR
  +--> ?PR?_UPDATE_POSITION?BIPOLARMOTOR
BL51 BANKED LINKER/LOCATER V6.22                                                      03/20/2019  12:49:42  PAGE 5


  +--> ?PR?LCD_CLEAR?LCD_DRIVER_SPLC780D
  +--> ?PR?AT25SF041_CHIPERASE?AT25SF041

?PR?LCD_INIT?LCD_DRIVER_SPLC780D                 -----    -----      -----    -----
  +--> ?PR?_WAIT_MS?LCD_DRIVER_SPLC780D
  +--> ?PR?_COMMAND?LCD_DRIVER_SPLC780D

?PR?_COMMAND?LCD_DRIVER_SPLC780D                 -----    -----      -----    -----
  +--> ?PR?_WAIT_MS?LCD_DRIVER_SPLC780D

?PR?ADC_INIT?ADC                                 -----    -----      -----    -----
  +--> ?PR?_WAIT_MS?LCD_DRIVER_SPLC780D

?PR?_SPI_WRITETIME?PCF85063BTL                   -----    -----      -----    -----
  +--> ?PR?_SPI_SENDBYTE?PCF85063BTL

?PR?_SPI_SENDBYTE?PCF85063BTL                    -----    -----      -----    -----
  +--> ?PR?_PCF85063BTL_DELAY?PCF85063BTL

?PR?_DISPLAY_LINE?LCD_DRIVER_SPLC780D            -----    -----      -----    -----
  +--> ?PR?_COMMAND?LCD_DRIVER_SPLC780D

?PR?_WRITEDATA?LCD_DRIVER_SPLC780D               -----    -----      03D6H    0001H
  +--> ?PR?_WAIT_MS?LCD_DRIVER_SPLC780D

?PR?KEY_PROCESS?KEYPAD                           -----    -----      031BH    0006H
  +--> ?PR?KEY_SCAN?KEYPAD
  +--> ?PR?_SPI_WRITETIME?PCF85063BTL
  +--> ?PR?LCD_CLEAR?LCD_DRIVER_SPLC780D
  +--> ?PR?_COMMAND?LCD_DRIVER_SPLC780D
  +--> ?PR?_WRITEDATA?LCD_DRIVER_SPLC780D

?PR?KEY_SCAN?KEYPAD                              -----    -----      0321H    0003H

?PR?LCD_CLEAR?LCD_DRIVER_SPLC780D                -----    -----      -----    -----
  +--> ?PR?_COMMAND?LCD_DRIVER_SPLC780D

?PR?_DISPLAY_POS?LCD_DRIVER_SPLC780D             -----    -----      03CCH    000AH
  +--> ?PR?_ABS?LCD_DRIVER_SPLC780D
  +--> ?PR?_WRITEDATA?LCD_DRIVER_SPLC780D

?PR?_DISPLAYLCD?LCD_DRIVER_SPLC780D              -----    -----      031BH    0001H
  +--> ?PR?_WRITEDATA?LCD_DRIVER_SPLC780D

?PR?_STEP_MOVE?BIPOLARMOTOR                      0020H.6  0000H.1    03E2H    0004H
  +--> ?PR?VONESTEPMOVE?BIPOLARMOTOR

?PR?VONESTEPMOVE?BIPOLARMOTOR                    0020H.7  0000H.1    -----    -----
  +--> ?PR?_WRITE_PI4IOE5V96248?IOEXPANDER_P...
  +--> ?PR?_DELAY_MS?KEYPAD

?PR?_WRITE_PI4IOE5V96248?IOEXPANDER_P...         -----    -----      03E6H    0003H
  +--> ?PR?I2C_START?IOEXPANDER_PI4IOE5V96248
  +--> ?PR?_WAIT_MS_I2C?IOEXPANDER_PI4IOE5V9...
  +--> ?PR?_I2C_SENDBYTE?IOEXPANDER_PI4IOE5V...
  +--> ?PR?I2C_ACK?IOEXPANDER_PI4IOE5V96248
  +--> ?PR?I2C_STOP?IOEXPANDER_PI4IOE5V96248
BL51 BANKED LINKER/LOCATER V6.22                                                      03/20/2019  12:49:42  PAGE 6



?PR?I2C_START?IOEXPANDER_PI4IOE5V96248           -----    -----      -----    -----
  +--> ?PR?_WAIT_MS_I2C?IOEXPANDER_PI4IOE5V9...

?PR?_I2C_SENDBYTE?IOEXPANDER_PI4IOE5V...         -----    -----      -----    -----
  +--> ?PR?_WAIT_MS_I2C?IOEXPANDER_PI4IOE5V9...

?PR?I2C_ACK?IOEXPANDER_PI4IOE5V96248             -----    -----      03E9H    0001H
  +--> ?PR?_WAIT_MS_I2C?IOEXPANDER_PI4IOE5V9...

?PR?I2C_STOP?IOEXPANDER_PI4IOE5V96248            -----    -----      -----    -----
  +--> ?PR?_WAIT_MS_I2C?IOEXPANDER_PI4IOE5V9...

?PR?LCD_RETURN_HOME?LCD_DRIVER_SPLC780D          -----    -----      -----    -----
  +--> ?PR?_COMMAND?LCD_DRIVER_SPLC780D

?PR?_READ_TIME?PCF85063BTL                       -----    -----      031BH    000FH
  +--> ?PR?_SPI_READTIME?PCF85063BTL

?PR?_SPI_READTIME?PCF85063BTL                    -----    -----      -----    -----
  +--> ?PR?_SPI_SENDBYTE?PCF85063BTL
  +--> ?PR?SPI_RECEIVEBYTE?PCF85063BTL

?PR?SPI_RECEIVEBYTE?PCF85063BTL                  -----    -----      -----    -----
  +--> ?PR?_PCF85063BTL_DELAY?PCF85063BTL

?PR?_CALIBRATION?CALIBRATION                     -----    -----      031BH    0024H
  +--> ?PR?VOLTAGE_IS_STABLE?CALIBRATION
  +--> ?PR?_UPDATE_POSITION?BIPOLARMOTOR
  +--> ?PR?_FIND_REAL_MAX?CALIBRATION

?PR?VOLTAGE_IS_STABLE?CALIBRATION                -----    -----      033FH    0018H
  +--> ?PR?_ADC_GETRESULT?ADC
  +--> ?PR?_ABS?LCD_DRIVER_SPLC780D

?PR?_UPDATE_POSITION?BIPOLARMOTOR                -----    -----      033FH    009FH
  +--> ?PR?_BCDTODEC1?BIPOLARMOTOR
  +--> ?PR?SUNPOS?SUNPOS
  +--> ?PR?SIN?SIN
  +--> ?PR?ASIN?ASIN
  +--> ?PR?LINEAR_INTERPOLATE?BIPOLARMOTOR
  +--> ?PR?_ABS?LCD_DRIVER_SPLC780D
  +--> ?PR?_MOVE?BIPOLARMOTOR

?PR?SUNPOS?SUNPOS                                -----    -----      03DEH    005DH
  +--> ?PR?SIN?SIN
  +--> ?PR?_ATAN2?ATAN2
  +--> ?PR?ASIN?ASIN
  +--> ?PR?ACOS?ACOS

?PR?SIN?SIN                                      0020H.5  0000H.1    043BH    0004H

?PR?_ATAN2?ATAN2                                 -----    -----      043BH    0008H
  +--> ?PR?ATAN?ATAN

?PR?ATAN?ATAN                                    0020H.5  0000H.2    0443H    0004H

BL51 BANKED LINKER/LOCATER V6.22                                                      03/20/2019  12:49:42  PAGE 7


?PR?ASIN?ASIN                                    -----    -----      -----    -----
  +--> ?PR?SQRT?SQRT
  +--> ?PR?ATAN?ATAN

?PR?SQRT?SQRT                                    -----    -----      043BH    0004H

?PR?ACOS?ACOS                                    -----    -----      -----    -----
  +--> ?PR?SQRT?SQRT
  +--> ?PR?ATAN?ATAN

?PR?LINEAR_INTERPOLATE?BIPOLARMOTOR              -----    -----      03DEH    0014H

?PR?_MOVE?BIPOLARMOTOR                           0020H.5  0000H.1    03DEH    0004H
  +--> ?PR?_STEP_MOVE?BIPOLARMOTOR

?PR?_FIND_REAL_MAX?CALIBRATION                   -----    -----      033FH    008DH
  +--> ?PR?_MOVE?BIPOLARMOTOR
  +--> ?PR?_ADC_GETRESULT?ADC
  +--> ?PR?AT25SF041_WRITEENABLE?AT25SF041
  +--> ?PR?_AT25SF041_WRITE?AT25SF041
  +--> ?PR?_WAIT_MS_SPINOR?AT25SF041
  +--> ?PR?_COMMAND?LCD_DRIVER_SPLC780D
  +--> ?PR?_WRITEDATA?LCD_DRIVER_SPLC780D
  +--> ?PR?_DISPLAY_POS?LCD_DRIVER_SPLC780D
  +--> ?PR?_WAIT_MS?LCD_DRIVER_SPLC780D
  +--> ?PR?_MAX_VALUE?CALIBRATION

?PR?AT25SF041_WRITEENABLE?AT25SF041              -----    -----      03CCH    0002H
  +--> ?PR?_WAIT_MS_SPINOR?AT25SF041
  +--> ?PR?UCREAD_STATUS_REGISTER_BYTE1?AT25...

?PR?UCREAD_STATUS_REGISTER_BYTE1?AT25...         -----    -----      03D4H    0003H
  +--> ?PR?_WAIT_MS_SPINOR?AT25SF041

?PR?_AT25SF041_WRITE?AT25SF041                   -----    -----      03CCH    0008H
  +--> ?PR?_WAIT_MS_SPINOR?AT25SF041
  +--> ?PR?UCREAD_STATUS_REGISTER_BYTE1?AT25...

?PR?_MAX_VALUE?CALIBRATION                       -----    -----      03CCH    0004H

?PR?SPI_NOR_WRITE_DATA?AT25SF041                 -----    -----      031BH    000EH
  +--> ?PR?AT25SF041_WRITEENABLE?AT25SF041
  +--> ?PR?_AT25SF041_WRITE?AT25SF041
  +--> ?PR?_WAIT_MS_SPINOR?AT25SF041

?PR?AT25SF041_CHIPERASE?AT25SF041                -----    -----      031BH    0002H
  +--> ?PR?_WAIT_MS_SPINOR?AT25SF041
  +--> ?PR?UCREAD_STATUS_REGISTER_BYTE1?AT25...



UNRESOLVED EXTERNAL SYMBOLS:
   AUTO_MODE
   SPI_NOR_CLEARENABLE
   _SENDUART1


BL51 BANKED LINKER/LOCATER V6.22                                                      03/20/2019  12:49:42  PAGE 8



SYMBOL TABLE OF MODULE:  .\Obj\GPIO_RTC_Test (MAIN)

  VALUE           TYPE          NAME
  ----------------------------------

  -------         MODULE        MAIN
  C:0000H         SYMBOL        _ICE_DUMMY_
  X:044FH         PUBLIC        calib_value
  D:0080H         PUBLIC        P0
  D:00B2H         PUBLIC        P3M0
  D:0090H         PUBLIC        P1
  D:00B1H         PUBLIC        P3M1
  D:00A0H         PUBLIC        P2
  D:00B0H         PUBLIC        P3
  D:00C0H         PUBLIC        P4
  D:00C8H         PUBLIC        P5
  X:04A3H         SYMBOL        PressedKey
  B:00A8H.7       PUBLIC        EA
  D:00E8H         PUBLIC        P6
  X:04A7H         PUBLIC        calib_stamp
  D:00F8H         PUBLIC        P7
  X:04A8H         PUBLIC        RX_Data_Uart_Cnt
  D:00A8H         PUBLIC        IE
  X:04AAH         PUBLIC        calib_time
  D:00B8H         PUBLIC        IP
  X:04FEH         PUBLIC        months
  D:00D8H         PUBLIC        CCON
  C:000EH         PUBLIC        main
  X:04FFH         PUBLIC        count
  X:0501H         PUBLIC        days
  X:0502H         PUBLIC        hours
  D:0098H         PUBLIC        SCON
  D:0089H         PUBLIC        TMOD
  D:0088H         PUBLIC        TCON
  B:00A0H.3       PUBLIC        P23
  X:0503H         SYMBOL        KeyCount
  X:0505H         PUBLIC        mins
  X:0506H         PUBLIC        Rec_data_hour
  B:00C8H.5       PUBLIC        P55
  X:0509H         PUBLIC        Rec_data_min
  D:008EH         PUBLIC        AUXR
  C:0009H         PUBLIC        tm0_isr
  B:0021H.0       PUBLIC        busy
  B:00A8H.1       PUBLIC        ET0
  X:050CH         PUBLIC        SPI_NOR_INTERNAL_FLASH_ADDR
  D:008CH         PUBLIC        TH0
  X:0510H         PUBLIC        hour_count
  D:008AH         PUBLIC        TL0
  X:0511H         PUBLIC        min_count
  B:0088H.4       PUBLIC        TR0
  X:0512H         SYMBOL        KeyNum
  X:0513H         SYMBOL        KeyNum_Old
  X:0514H         PUBLIC        current_position
  X:0518H         PUBLIC        hours1
  X:0519H         PUBLIC        hours2
  X:051AH         PUBLIC        mins1
BL51 BANKED LINKER/LOCATER V6.22                                                      03/20/2019  12:49:42  PAGE 9


  X:051BH         PUBLIC        mins2
  X:051CH         PUBLIC        seconds
  X:051DH         PUBLIC        st_time
  D:00D0H         PUBLIC        PSW
  -------         PROC          TM0_ISR
  C:0009H         LINE#         76
  C:0009H         LINE#         78
  -------         ENDPROC       TM0_ISR
  -------         PROC          MAIN
  -------         DO            
  X:02EFH         SYMBOL        sunlight_ADC
  X:0447H         SYMBOL        KeyCount
  X:0449H         SYMBOL        KeyNum_Old
  X:044AH         SYMBOL        KeyNum
  X:044BH         SYMBOL        PressedKey
  X:02F1H         SYMBOL        prox_flag
  X:02F2H         SYMBOL        iUse_prevday_calib_value
  X:02F4H         SYMBOL        max_ADC_Val_JP
  X:02F6H         SYMBOL        max_ADC_Val
  X:02F8H         SYMBOL        calib_point1
  X:0300H         SYMBOL        calib_point2
  X:0308H         SYMBOL        dat_to_store
  X:0313H         SYMBOL        calib_day
  X:0315H         SYMBOL        calib_count
  X:0317H         SYMBOL        theorical_JP_max_pos
  -------         ENDDO         
  C:000EH         LINE#         80
  C:000EH         LINE#         81
  C:000EH         LINE#         86
  C:0014H         LINE#         87
  C:0019H         LINE#         89
  C:0021H         LINE#         93
  C:0027H         LINE#         94
  C:0031H         LINE#         98
  C:0033H         LINE#         99
  C:0035H         LINE#         100
  C:0037H         LINE#         101
  C:0039H         LINE#         103
  C:0040H         LINE#         104
  C:0044H         LINE#         113
  C:0046H         LINE#         114
  C:0049H         LINE#         115
  C:004CH         LINE#         116
  C:004FH         LINE#         117
  C:0052H         LINE#         118
  C:0055H         LINE#         121
  C:0058H         LINE#         123
  C:005BH         LINE#         124
  C:005EH         LINE#         125
  C:0061H         LINE#         126
  C:0063H         LINE#         127
  C:0065H         LINE#         128
  C:0067H         LINE#         130
  C:0069H         LINE#         131
  C:0070H         LINE#         132
  C:0077H         LINE#         133
  C:007EH         LINE#         134
BL51 BANKED LINKER/LOCATER V6.22                                                      03/20/2019  12:49:42  PAGE 10


  C:0085H         LINE#         138
  C:008CH         LINE#         139
  C:0091H         LINE#         140
  C:0096H         LINE#         141
  C:009BH         LINE#         142
  C:00A0H         LINE#         143
  C:00A5H         LINE#         146
  C:00BEH         LINE#         147
  C:00BEH         LINE#         148
  C:00DAH         LINE#         149
  C:0121H         LINE#         150
  C:0132H         LINE#         153
  C:0132H         LINE#         154
  C:0132H         LINE#         155
  C:0135H         LINE#         158
  C:0135H         LINE#         161
  C:013AH         LINE#         162
  C:013FH         LINE#         164
  C:0144H         LINE#         165
  C:0149H         LINE#         166
  C:014EH         LINE#         167
  C:0153H         LINE#         169
  C:0164H         LINE#         170
  C:0169H         LINE#         171
  C:016EH         LINE#         173
  C:0175H         LINE#         174
  C:017DH         LINE#         175
  C:0182H         LINE#         176
  C:018AH         LINE#         177
  C:018FH         LINE#         178
  C:0199H         LINE#         179
  C:019EH         LINE#         180
  C:01A6H         LINE#         182
  C:01AEH         LINE#         183
  C:01B3H         LINE#         184
  C:01BDH         LINE#         185
  C:01BDH         LINE#         186
  C:01BFH         LINE#         187
  C:01C1H         LINE#         188
  C:01CBH         LINE#         189
  C:01CBH         LINE#         190
  C:01D0H         LINE#         191
  C:01D0H         LINE#         203
  C:01DDH         LINE#         204
  C:01DDH         LINE#         205
  C:01E7H         LINE#         206
  C:01FEH         LINE#         207
  C:01FEH         LINE#         208
  C:0200H         LINE#         209
  C:0202H         LINE#         211
  C:0202H         LINE#         212
  C:020DH         LINE#         213
  C:020DH         LINE#         214
  C:0212H         LINE#         215
  C:0212H         LINE#         216
  C:021FH         LINE#         217
  C:021FH         LINE#         220
BL51 BANKED LINKER/LOCATER V6.22                                                      03/20/2019  12:49:42  PAGE 11


  C:0229H         LINE#         221
  C:0240H         LINE#         222
  C:0240H         LINE#         223
  C:0242H         LINE#         224
  C:0244H         LINE#         226
  C:0244H         LINE#         227
  C:024FH         LINE#         228
  C:024FH         LINE#         229
  C:0254H         LINE#         230
  C:0256H         LINE#         231
  C:0256H         LINE#         233
  C:0278H         LINE#         234
  C:0278H         LINE#         235
  C:0282H         LINE#         236
  C:0288H         LINE#         237
  C:028AH         LINE#         238
  C:028CH         LINE#         239
  C:028EH         LINE#         240
  C:028EH         LINE#         241
  C:0291H         LINE#         243
  C:0291H         LINE#         244
  C:0297H         LINE#         245
  C:029FH         LINE#         246
  C:02A5H         LINE#         247
  C:02ADH         LINE#         248
  C:02E8H         LINE#         252
  C:02F5H         LINE#         253
  C:02F5H         LINE#         255
  C:0302H         LINE#         256
  C:0335H         LINE#         257
  C:0342H         LINE#         258
  C:0342H         LINE#         260
  C:0365H         LINE#         261
  C:0365H         LINE#         262
  C:0387H         LINE#         263
  C:0387H         LINE#         264
  C:0392H         LINE#         265
  C:0392H         LINE#         266
  C:040EH         LINE#         267
  C:0498H         LINE#         268
  C:049BH         LINE#         270
  C:049BH         LINE#         272
  C:04A2H         LINE#         273
  C:04A2H         LINE#         274
  C:04A5H         LINE#         275
  C:04C3H         LINE#         276
  C:04CAH         LINE#         277
  C:04E9H         LINE#         278
  C:0508H         LINE#         280
  C:0584H         LINE#         281
  C:05BFH         LINE#         282
  C:05CCH         LINE#         283
  C:05DBH         LINE#         284
  C:05DBH         LINE#         286
  C:05E3H         LINE#         287
  C:05EBH         LINE#         288
  C:05F3H         LINE#         289
BL51 BANKED LINKER/LOCATER V6.22                                                      03/20/2019  12:49:42  PAGE 12


  C:05FBH         LINE#         291
  C:060FH         LINE#         292
  C:0625H         LINE#         293
  C:0655H         LINE#         294
  C:0669H         LINE#         296
  C:0679H         LINE#         297
  C:0679H         LINE#         298
  C:0679H         LINE#         299
  C:0679H         LINE#         301
  C:0679H         LINE#         304
  C:067CH         LINE#         327
  C:068DH         LINE#         328
  C:068DH         LINE#         329
  C:068DH         LINE#         331
  C:068DH         LINE#         334
  C:0690H         LINE#         336
  C:0690H         LINE#         337
  C:06B2H         LINE#         338
  C:06B2H         LINE#         339
  C:072EH         LINE#         340
  C:0783H         LINE#         341
  C:0783H         LINE#         342
  C:0783H         LINE#         343
  C:0786H         LINE#         347
  C:0786H         LINE#         350
  C:07AEH         LINE#         351
  C:07AEH         LINE#         352
  C:07D0H         LINE#         353
  C:07D0H         LINE#         354
  C:07DBH         LINE#         355
  C:07DBH         LINE#         356
  C:0857H         LINE#         357
  C:08E1H         LINE#         358
  C:08E4H         LINE#         360
  C:08E4H         LINE#         362
  C:08EBH         LINE#         363
  C:08EBH         LINE#         364
  C:08EEH         LINE#         365
  C:090CH         LINE#         366
  C:0913H         LINE#         367
  C:0932H         LINE#         368
  C:0951H         LINE#         370
  C:09CDH         LINE#         371
  C:0A08H         LINE#         374
  C:0A15H         LINE#         375
  C:0A24H         LINE#         376
  C:0A24H         LINE#         377
  C:0A2CH         LINE#         378
  C:0A34H         LINE#         379
  C:0A3CH         LINE#         380
  C:0A44H         LINE#         382
  C:0A58H         LINE#         383
  C:0A6EH         LINE#         384
  C:0A9EH         LINE#         385
  C:0AB2H         LINE#         387
  C:0AC6H         LINE#         388
  C:0ADCH         LINE#         389
BL51 BANKED LINKER/LOCATER V6.22                                                      03/20/2019  12:49:42  PAGE 13


  C:0B0CH         LINE#         390
  C:0B13H         LINE#         392
  C:0B37H         LINE#         394
  C:0B3AH         LINE#         417
  C:0B4BH         LINE#         418
  C:0B4BH         LINE#         419
  C:0B53H         LINE#         421
  C:0B53H         LINE#         424
  C:0B56H         LINE#         426
  C:0B56H         LINE#         428
  C:0B78H         LINE#         429
  C:0B78H         LINE#         430
  C:0BF4H         LINE#         432
  C:0C21H         LINE#         433
  C:0C3CH         LINE#         434
  C:0C69H         LINE#         435
  C:0C84H         LINE#         437
  C:0D20H         LINE#         440
  C:0D20H         LINE#         441
  C:0D20H         LINE#         442
  C:0D20H         LINE#         444
  C:0D20H         LINE#         447
  C:0D3CH         LINE#         448
  C:0D40H         LINE#         450
  C:0D42H         LINE#         453
  C:0D4DH         LINE#         454
  C:0D4DH         LINE#         455
  C:0D50H         LINE#         456
  C:0D57H         LINE#         457
  C:0D5CH         LINE#         458
  C:0D61H         LINE#         459
  C:0D66H         LINE#         460
  C:0D6BH         LINE#         461
  C:0D70H         LINE#         462
  C:0D75H         LINE#         463
  C:0D7AH         LINE#         464
  C:0D7FH         LINE#         465
  C:0D84H         LINE#         466
  C:0D89H         LINE#         467
  C:0D8EH         LINE#         468
  C:0D93H         LINE#         471
  C:0D96H         LINE#         473
  C:0D99H         LINE#         474
  C:0DA0H         LINE#         475
  C:0DAAH         LINE#         476
  C:0DAFH         LINE#         478
  C:0DB2H         LINE#         479
  C:0DB7H         LINE#         480
  C:0DBCH         LINE#         481
  C:0DC1H         LINE#         482
  C:0DC6H         LINE#         483
  C:0DCBH         LINE#         484
  C:0DD0H         LINE#         485
  C:0DD5H         LINE#         487
  C:0DD5H         LINE#         488
  -------         ENDPROC       MAIN
  -------         ENDMOD        MAIN
BL51 BANKED LINKER/LOCATER V6.22                                                      03/20/2019  12:49:42  PAGE 14



  -------         MODULE        PCF85063BTL
  C:0000H         SYMBOL        _ICE_DUMMY_
  D:0096H         PUBLIC        P2M0
  D:0080H         PUBLIC        P0
  D:0095H         PUBLIC        P2M1
  D:0090H         PUBLIC        P1
  D:00A0H         PUBLIC        P2
  D:00B0H         PUBLIC        P3
  D:00C0H         PUBLIC        P4
  D:00C8H         PUBLIC        P5
  D:00E8H         PUBLIC        P6
  B:00A0H.1       PUBLIC        PCF85063BTL_SDI
  D:00F8H         PUBLIC        P7
  B:00A0H.2       PUBLIC        PCF85063BTL_SCK
  B:00A0H.1       PUBLIC        PCF85063BTL_SDO
  D:00A8H         PUBLIC        IE
  C:4B31H         PUBLIC        _Read_time
  C:5038H         PUBLIC        _PCF85063BTL_Delay
  D:00B8H         PUBLIC        IP
  D:00D8H         PUBLIC        CCON
  C:49C2H         PUBLIC        _Day_Of_Year
  C:4F2EH         PUBLIC        SPI_ReceiveByte
  D:0098H         PUBLIC        SCON
  D:0088H         PUBLIC        TCON
  C:507FH         PUBLIC        _BCDtoDec
  B:00A0H.0       PUBLIC        PCF85063BTL_CS
  C:506EH         PUBLIC        _SPI_ReadTime
  C:50CEH         PUBLIC        SPI_Init
  C:4FC3H         PUBLIC        _SPI_WriteTime
  C:4F0EH         PUBLIC        _SPI_SendByte
  D:00D0H         PUBLIC        PSW
  C:5034H         SYMBOL        L?0047
  -------         PROC          L?0046
  -------         ENDPROC       L?0046
  C:5034H         SYMBOL        L?0047
  -------         PROC          _PCF85063BTL_DELAY
  D:0006H         SYMBOL        us
  C:5038H         LINE#         8
  C:5038H         LINE#         9
  C:5038H         LINE#         10
  C:5042H         LINE#         11
  C:5042H         LINE#         12
  C:5043H         LINE#         13
  C:5045H         LINE#         14
  -------         ENDPROC       _PCF85063BTL_DELAY
  -------         PROC          _SPI_SENDBYTE
  D:0005H         SYMBOL        dat
  -------         DO            
  D:0003H         SYMBOL        i
  -------         ENDDO         
  C:4F0EH         LINE#         17
  C:4F10H         LINE#         18
  C:4F10H         LINE#         20
  C:4F12H         LINE#         21
  C:4F12H         LINE#         22
  C:4F14H         LINE#         23
BL51 BANKED LINKER/LOCATER V6.22                                                      03/20/2019  12:49:42  PAGE 15


  C:4F18H         LINE#         24
  C:4F18H         LINE#         25
  C:4F1AH         LINE#         26
  C:4F1CH         LINE#         28
  C:4F1CH         LINE#         29
  C:4F1EH         LINE#         30
  C:4F1EH         LINE#         31
  C:4F21H         LINE#         32
  C:4F21H         LINE#         33
  C:4F24H         LINE#         34
  C:4F28H         LINE#         35
  C:4F2DH         LINE#         36
  -------         ENDPROC       _SPI_SENDBYTE
  -------         PROC          SPI_RECEIVEBYTE
  -------         DO            
  D:0003H         SYMBOL        i
  D:0005H         SYMBOL        dat
  -------         ENDDO         
  C:4F2EH         LINE#         39
  C:4F2EH         LINE#         40
  C:4F2EH         LINE#         42
  C:4F30H         LINE#         44
  C:4F32H         LINE#         45
  C:4F33H         LINE#         46
  C:4F33H         LINE#         47
  C:4F37H         LINE#         48
  C:4F39H         LINE#         49
  C:4F3CH         LINE#         51
  C:4F3FH         LINE#         52
  C:4F3FH         LINE#         53
  C:4F43H         LINE#         54
  C:4F43H         LINE#         55
  C:4F43H         LINE#         56
  C:4F46H         LINE#         57
  C:4F4BH         LINE#         58
  C:4F4DH         LINE#         59
  -------         ENDPROC       SPI_RECEIVEBYTE
  -------         PROC          _SPI_READTIME
  D:0007H         SYMBOL        addr
  -------         DO            
  D:0006H         SYMBOL        dat
  -------         ENDDO         
  C:506EH         LINE#         61
  C:506EH         LINE#         62
  C:506EH         LINE#         64
  C:5070H         LINE#         65
  C:5072H         LINE#         66
  C:5079H         LINE#         67
  C:507CH         LINE#         68
  C:507EH         LINE#         69
  C:507EH         LINE#         70
  -------         ENDPROC       _SPI_READTIME
  -------         PROC          _SPI_WRITETIME
  D:0002H         SYMBOL        val
  D:0005H         SYMBOL        addr
  C:4FC3H         LINE#         71
  C:4FC5H         LINE#         72
BL51 BANKED LINKER/LOCATER V6.22                                                      03/20/2019  12:49:42  PAGE 16


  C:4FC5H         LINE#         74
  C:4FC7H         LINE#         75
  C:4FCEH         LINE#         76
  C:4FD3H         LINE#         77
  C:4FD8H         LINE#         78
  C:4FDAH         LINE#         79
  -------         ENDPROC       _SPI_WRITETIME
  -------         PROC          SPI_INIT
  C:50CEH         LINE#         83
  C:50CEH         LINE#         84
  C:50CEH         LINE#         89
  C:50D1H         LINE#         90
  C:50D4H         LINE#         91
  C:50D6H         LINE#         92
  C:50D8H         LINE#         93
  C:50DAH         LINE#         94
  -------         ENDPROC       SPI_INIT
  -------         PROC          _READ_TIME
  X:031BH         SYMBOL        months
  X:031EH         SYMBOL        days
  X:0321H         SYMBOL        hours
  X:0324H         SYMBOL        mins
  X:0327H         SYMBOL        seconds
  C:4B31H         LINE#         96
  C:4B3CH         LINE#         97
  C:4B3CH         LINE#         99
  C:4B50H         LINE#         101
  C:4B64H         LINE#         103
  C:4B78H         LINE#         108
  C:4B8CH         LINE#         113
  -------         ENDPROC       _READ_TIME
  -------         PROC          _BCDTODEC
  D:0007H         SYMBOL        bcd
  -------         DO            
  D:0006H         SYMBOL        hi
  D:0007H         SYMBOL        lo
  -------         ENDDO         
  C:507FH         LINE#         119
  C:507FH         LINE#         120
  C:507FH         LINE#         122
  C:5084H         LINE#         123
  C:5088H         LINE#         124
  C:508FH         LINE#         125
  -------         ENDPROC       _BCDTODEC
  -------         PROC          _DAY_OF_YEAR
  D:0007H         SYMBOL        months_bcd
  D:0005H         SYMBOL        days_bcd
  -------         DO            
  D:0004H         SYMBOL        months
  D:0007H         SYMBOL        days
  -------         ENDDO         
  C:49C2H         LINE#         126
  C:49C2H         LINE#         127
  C:49C2H         LINE#         130
  C:49C7H         LINE#         132
  C:49CCH         LINE#         134
  C:4A05H         LINE#         135
BL51 BANKED LINKER/LOCATER V6.22                                                      03/20/2019  12:49:42  PAGE 17


  C:4A05H         LINE#         136
  C:4A05H         LINE#         137
  C:4A08H         LINE#         138
  C:4A08H         LINE#         139
  C:4A08H         LINE#         140
  C:4A0DH         LINE#         141
  C:4A0DH         LINE#         142
  C:4A0DH         LINE#         143
  C:4A12H         LINE#         144
  C:4A12H         LINE#         145
  C:4A12H         LINE#         146
  C:4A17H         LINE#         147
  C:4A17H         LINE#         148
  C:4A17H         LINE#         149
  C:4A1CH         LINE#         150
  C:4A1CH         LINE#         151
  C:4A1CH         LINE#         152
  C:4A21H         LINE#         153
  C:4A21H         LINE#         154
  C:4A21H         LINE#         155
  C:4A26H         LINE#         156
  C:4A26H         LINE#         157
  C:4A26H         LINE#         158
  C:4A2BH         LINE#         159
  C:4A2BH         LINE#         160
  C:4A2BH         LINE#         161
  C:4A33H         LINE#         162
  C:4A33H         LINE#         163
  C:4A33H         LINE#         164
  C:4A38H         LINE#         165
  C:4A38H         LINE#         166
  C:4A38H         LINE#         167
  C:4A3DH         LINE#         168
  C:4A3DH         LINE#         169
  C:4A3DH         LINE#         170
  C:4A45H         LINE#         171
  C:4A45H         LINE#         172
  C:4A45H         LINE#         173
  -------         ENDPROC       _DAY_OF_YEAR
  -------         ENDMOD        PCF85063BTL

  -------         MODULE        UART1
  C:0000H         SYMBOL        _ICE_DUMMY_
  D:0080H         PUBLIC        P0
  D:0090H         PUBLIC        P1
  D:00A0H         PUBLIC        P2
  D:00B0H         PUBLIC        P3
  D:00C0H         PUBLIC        P4
  D:00C8H         PUBLIC        P5
  B:00A8H.7       PUBLIC        EA
  D:00E8H         PUBLIC        P6
  D:00F8H         PUBLIC        P7
  C:4DE6H         PUBLIC        _SendString
  D:00A8H         PUBLIC        IE
  B:00A8H.4       PUBLIC        ES
  D:00B8H         PUBLIC        IP
  C:4FDBH         PUBLIC        _ASCIItoBCD
BL51 BANKED LINKER/LOCATER V6.22                                                      03/20/2019  12:49:42  PAGE 18


  D:00D8H         PUBLIC        CCON
  C:5090H         PUBLIC        initUART1
  D:0098H         PUBLIC        SCON
  D:0088H         PUBLIC        TCON
  C:000AH         PUBLIC        _DectoBCD
  C:5106H         PUBLIC        _ASCII_Letter
  D:008EH         PUBLIC        AUXR
  C:5101H         PUBLIC        _unit
  C:0003H         PUBLIC        _ten
  D:00D6H         PUBLIC        T2H
  D:00D7H         PUBLIC        T2L
  D:00D0H         PUBLIC        PSW
  -------         PROC          INITUART1
  C:5090H         LINE#         21
  C:5090H         LINE#         22
  C:5090H         LINE#         23
  C:5093H         LINE#         24
  C:5096H         LINE#         25
  C:5099H         LINE#         26
  C:509CH         LINE#         27
  C:509EH         LINE#         28
  C:50A0H         LINE#         30
  -------         ENDPROC       INITUART1
  -------         PROC          _SENDSTRING
  X:0599H         SYMBOL        s
  C:4DE6H         LINE#         35
  C:4DF1H         LINE#         36
  C:4DF1H         LINE#         37
  C:4E01H         LINE#         38
  C:4E01H         LINE#         39
  C:4E16H         LINE#         40
  C:4E18H         LINE#         41
  -------         ENDPROC       _SENDSTRING
  -------         PROC          _TEN
  D:0007H         SYMBOL        BCD
  C:0003H         LINE#         43
  C:0003H         LINE#         44
  C:0003H         LINE#         45
  C:0008H         LINE#         46
  -------         ENDPROC       _TEN
  -------         PROC          _UNIT
  D:0007H         SYMBOL        BCD
  C:5101H         LINE#         47
  C:5101H         LINE#         48
  C:5101H         LINE#         52
  C:5105H         LINE#         53
  -------         ENDPROC       _UNIT
  -------         PROC          _DECTOBCD
  D:0007H         SYMBOL        dec
  C:000AH         LINE#         54
  C:000AH         LINE#         55
  C:000AH         LINE#         57
  C:000AH         LINE#         58
  -------         ENDPROC       _DECTOBCD
  -------         PROC          _ASCII_LETTER
  D:0007H         SYMBOL        dat
  C:5106H         LINE#         60
BL51 BANKED LINKER/LOCATER V6.22                                                      03/20/2019  12:49:42  PAGE 19


  C:5106H         LINE#         61
  C:5106H         LINE#         63
  C:510AH         LINE#         64
  -------         ENDPROC       _ASCII_LETTER
  -------         PROC          _ASCIITOBCD
  D:0001H         SYMBOL        ascii
  -------         DO            
  D:0007H         SYMBOL        dec_val
  D:0006H         SYMBOL        ten
  D:0007H         SYMBOL        unit
  -------         ENDDO         
  C:4FDBH         LINE#         66
  C:4FDBH         LINE#         67
  C:4FDBH         LINE#         69
  C:4FDEH         LINE#         70
  C:4FE4H         LINE#         71
  C:4FEBH         LINE#         72
  C:4FF1H         LINE#         74
  -------         ENDPROC       _ASCIITOBCD
  -------         ENDMOD        UART1

  -------         MODULE        LCD_DRIVER_SPLC780D
  C:0000H         SYMBOL        _ICE_DUMMY_
  D:0092H         PUBLIC        P1M0
  D:0091H         PUBLIC        P1M1
  D:0080H         PUBLIC        P0
  D:0090H         PUBLIC        P1
  D:00A0H         PUBLIC        P2
  D:00B0H         PUBLIC        P3
  D:00C0H         PUBLIC        P4
  D:00C8H         PUBLIC        P5
  D:00E8H         PUBLIC        P6
  D:00F8H         PUBLIC        P7
  C:4A4AH         PUBLIC        _WriteData
  D:00A8H         PUBLIC        IE
  D:00B8H         PUBLIC        IP
  D:00D8H         PUBLIC        CCON
  B:00B0H.4       PUBLIC        LCD_D4
  B:00B0H.5       PUBLIC        LCD_D5
  B:00B0H.6       PUBLIC        LCD_D6
  C:4F8BH         PUBLIC        _DisplayLCD
  B:00B0H.7       PUBLIC        LCD_D7
  D:0098H         PUBLIC        SCON
  D:0088H         PUBLIC        TCON
  C:5046H         PUBLIC        _abs
  C:50F1H         PUBLIC        LCD_clear
  C:4D2BH         PUBLIC        _Command
  C:5008H         PUBLIC        _Display_Line
  C:4BFAH         PUBLIC        LCD_Init
  C:4EF0H         PUBLIC        _Wait_ms
  B:00C0H.0       PUBLIC        LCD_RS
  B:00B0H.2       PUBLIC        LCD_RW
  C:50E7H         PUBLIC        LCD_return_home
  C:3F14H         PUBLIC        _Display_Pos
  B:00B0H.3       PUBLIC        LCD_E
  D:00D0H         PUBLIC        PSW
  -------         PROC          LCD_INIT
BL51 BANKED LINKER/LOCATER V6.22                                                      03/20/2019  12:49:42  PAGE 20


  C:4BFAH         LINE#         9
  C:4BFAH         LINE#         10
  C:4BFAH         LINE#         11
  C:4BFDH         LINE#         12
  C:4C00H         LINE#         14
  C:4C06H         LINE#         15
  C:4C0BH         LINE#         17
  C:4C12H         LINE#         18
  C:4C17H         LINE#         20
  C:4C1AH         LINE#         21
  C:4C1FH         LINE#         23
  C:4C22H         LINE#         24
  C:4C27H         LINE#         26
  C:4C2EH         LINE#         29
  C:4C33H         LINE#         30
  C:4C38H         LINE#         32
  C:4C3DH         LINE#         33
  C:4C42H         LINE#         35
  C:4C47H         LINE#         36
  C:4C4CH         LINE#         37
  -------         ENDPROC       LCD_INIT
  C:4A46H         SYMBOL        L?0040
  -------         PROC          L?0039
  -------         ENDPROC       L?0039
  C:4A46H         SYMBOL        L?0040
  -------         PROC          _WRITEDATA
  X:03D6H         SYMBOL        dat
  C:4A4AH         LINE#         40
  C:4A4FH         LINE#         41
  C:4A4FH         LINE#         46
  C:4A51H         LINE#         47
  C:4A53H         LINE#         49
  C:4A61H         LINE#         50
  C:4A6DH         LINE#         51
  C:4A79H         LINE#         52
  C:4A83H         LINE#         53
  C:4A85H         LINE#         54
  C:4A8CH         LINE#         55
  C:4A8EH         LINE#         57
  C:4A9EH         LINE#         58
  C:4AA9H         LINE#         59
  C:4AB3H         LINE#         60
  C:4AB7H         LINE#         62
  C:4AB7H         LINE#         63
  C:4ABAH         LINE#         64
  C:4ABCH         LINE#         65
  C:4ABEH         LINE#         67
  -------         ENDPROC       _WRITEDATA
  -------         PROC          _COMMAND
  D:0007H         SYMBOL        dat
  C:4D2BH         LINE#         69
  C:4D2BH         LINE#         70
  C:4D2BH         LINE#         71
  C:4D2DH         LINE#         72
  C:4D2FH         LINE#         74
  C:4D39H         LINE#         75
  C:4D3DH         LINE#         77
BL51 BANKED LINKER/LOCATER V6.22                                                      03/20/2019  12:49:42  PAGE 21


  C:4D3FH         LINE#         78
  C:4D48H         LINE#         79
  C:4D4CH         LINE#         81
  C:4D4EH         LINE#         82
  C:4D55H         LINE#         83
  C:4D59H         LINE#         85
  C:4D5BH         LINE#         86
  C:4D5FH         LINE#         87
  C:4D63H         LINE#         89
  C:4D65H         LINE#         90
  C:4D65H         LINE#         91
  C:4D68H         LINE#         92
  C:4D6AH         LINE#         93
  -------         ENDPROC       _COMMAND
  C:4EECH         SYMBOL        L?0038
  -------         PROC          L?0037
  -------         ENDPROC       L?0037
  C:4EECH         SYMBOL        L?0038
  -------         PROC          _WAIT_MS
  D:0006H         SYMBOL        ms
  -------         DO            
  D:0004H         SYMBOL        De_Cnt
  -------         ENDDO         
  C:4EF0H         LINE#         95
  C:4EF0H         LINE#         96
  C:4EF0H         LINE#         98
  C:4EFAH         LINE#         99
  C:4EFAH         LINE#         100
  C:4F0DH         LINE#         101
  C:4F0DH         LINE#         102
  -------         ENDPROC       _WAIT_MS
  -------         PROC          _DISPLAYLCD
  D:0007H         SYMBOL        BCD
  -------         DO            
  D:0006H         SYMBOL        first_digit
  X:031BH         SYMBOL        second_digit
  -------         ENDDO         
  C:4F8BH         LINE#         103
  C:4F8BH         LINE#         104
  C:4F8BH         LINE#         106
  C:4F92H         LINE#         107
  C:4F9BH         LINE#         109
  C:4FA0H         LINE#         111
  -------         ENDPROC       _DISPLAYLCD
  -------         PROC          LCD_RETURN_HOME
  C:50E7H         LINE#         115
  C:50E7H         LINE#         116
  C:50E7H         LINE#         117
  C:50ECH         LINE#         118
  -------         ENDPROC       LCD_RETURN_HOME
  -------         PROC          LCD_CLEAR
  C:50F1H         LINE#         121
  C:50F1H         LINE#         122
  C:50F1H         LINE#         123
  C:50F6H         LINE#         124
  -------         ENDPROC       LCD_CLEAR
  -------         PROC          _DISPLAY_LINE
BL51 BANKED LINKER/LOCATER V6.22                                                      03/20/2019  12:49:42  PAGE 22


  D:0006H         SYMBOL        line
  C:5008H         LINE#         128
  C:5008H         LINE#         129
  C:5008H         LINE#         130
  C:500EH         LINE#         131
  C:500EH         LINE#         132
  C:5010H         LINE#         133
  C:5010H         LINE#         134
  C:5012H         LINE#         136
  C:5012H         LINE#         137
  C:5017H         LINE#         138
  C:501CH         LINE#         139
  C:501CH         LINE#         140
  -------         ENDPROC       _DISPLAY_LINE
  -------         PROC          _DISPLAY_POS
  X:03CCH         SYMBOL        sign_dat
  -------         DO            
  X:03D0H         SYMBOL        unit
  X:03D1H         SYMBOL        ten
  X:03D2H         SYMBOL        hundred
  D:0003H         SYMBOL        thousand
  X:03D3H         SYMBOL        after_dot
  X:03D4H         SYMBOL        dat
  -------         ENDDO         
  C:3F14H         LINE#         142
  C:3F1AH         LINE#         143
  C:3F1AH         LINE#         147
  C:3F36H         LINE#         148
  C:3F50H         LINE#         149
  C:3F74H         LINE#         151
  C:3FBEH         LINE#         153
  C:3FD5H         LINE#         154
  C:3FE2H         LINE#         155
  C:4004H         LINE#         156
  C:4039H         LINE#         157
  C:4051H         LINE#         158
  C:4051H         LINE#         160
  C:4051H         LINE#         161
  C:4051H         LINE#         162
  C:4051H         LINE#         163
  C:4051H         LINE#         164
  C:4051H         LINE#         168
  C:4053H         LINE#         170
  C:4053H         LINE#         172
  C:4058H         LINE#         173
  C:405EH         LINE#         174
  C:4064H         LINE#         175
  C:406AH         LINE#         176
  C:406FH         LINE#         177
  C:4075H         LINE#         181
  C:4075H         LINE#         183
  -------         ENDPROC       _DISPLAY_POS
  -------         PROC          _ABS
  D:0006H         SYMBOL        dat
  C:5046H         LINE#         185
  C:5046H         LINE#         186
  C:5046H         LINE#         187
BL51 BANKED LINKER/LOCATER V6.22                                                      03/20/2019  12:49:42  PAGE 23


  C:5051H         LINE#         188
  C:5052H         LINE#         190
  C:5059H         LINE#         191
  -------         ENDPROC       _ABS
  -------         ENDMOD        LCD_DRIVER_SPLC780D

  -------         MODULE        KEYPAD
  C:0000H         SYMBOL        _ICE_DUMMY_
  D:0093H         PUBLIC        P0M1
  D:0080H         PUBLIC        P0
  D:0090H         PUBLIC        P1
  D:00A0H         PUBLIC        P2
  D:00B0H         PUBLIC        P3
  D:00C0H         PUBLIC        P4
  D:00C8H         PUBLIC        P5
  B:0020H.0       PUBLIC        calib_mode
  D:00E8H         PUBLIC        P6
  D:00F8H         PUBLIC        P7
  D:00A8H         PUBLIC        IE
  C:3A76H         PUBLIC        Key_Scan
  D:00B8H         PUBLIC        IP
  D:00D8H         PUBLIC        CCON
  C:50DBH         PUBLIC        KeyPad_IO_Init
  C:4F6DH         PUBLIC        _Delay_ms
  D:0098H         PUBLIC        SCON
  D:0088H         PUBLIC        TCON
  B:0020H.1       PUBLIC        small_move
  B:0020H.2       PUBLIC        move
  B:0020H.3       PUBLIC        direction
  B:0020H.4       PUBLIC        auto_move
  C:316DH         PUBLIC        Key_Process
  D:00D0H         PUBLIC        PSW
  D:0094H         PUBLIC        P0M0
  -------         PROC          _DELAY_MS
  D:0006H         SYMBOL        ms
  -------         DO            
  D:0004H         SYMBOL        De_Cnt
  -------         ENDDO         
  C:4F6DH         LINE#         19
  C:4F6DH         LINE#         20
  C:4F6DH         LINE#         22
  C:4F77H         LINE#         23
  C:4F77H         LINE#         24
  C:4F8AH         LINE#         25
  C:4F8AH         LINE#         26
  -------         ENDPROC       _DELAY_MS
  -------         PROC          KEY_SCAN
  -------         DO            
  X:0321H         SYMBOL        KeyTemp1
  X:0322H         SYMBOL        KeyTemp2
  X:0323H         SYMBOL        KeyValue
  -------         ENDDO         
  C:3A76H         LINE#         27
  C:3A76H         LINE#         28
  C:3A76H         LINE#         33
  C:3A79H         LINE#         36
  C:3A7CH         LINE#         38
BL51 BANKED LINKER/LOCATER V6.22                                                      03/20/2019  12:49:42  PAGE 24


  C:3A84H         LINE#         39
  C:3A8BH         LINE#         40
  C:3A8BH         LINE#         42
  C:3A90H         LINE#         43
  C:3A97H         LINE#         44
  C:3A97H         LINE#         47
  C:3A9AH         LINE#         48
  C:3A9DH         LINE#         49
  C:3AA2H         LINE#         50
  C:3AA6H         LINE#         51
  C:3AA6H         LINE#         52
  C:3AAEH         LINE#         53
  C:3AAEH         LINE#         54
  C:3AB1H         LINE#         55
  C:3AB9H         LINE#         56
  C:3ABBH         LINE#         58
  C:3ACFH         LINE#         59
  C:3ACFH         LINE#         60
  C:3ACFH         LINE#         61
  C:3ACFH         LINE#         62
  C:3AD5H         LINE#         64
  C:3AD7H         LINE#         65
  C:3AD7H         LINE#         66
  C:3AD7H         LINE#         67
  C:3ADDH         LINE#         69
  C:3ADFH         LINE#         70
  C:3ADFH         LINE#         71
  C:3ADFH         LINE#         72
  C:3AE5H         LINE#         74
  C:3AE7H         LINE#         75
  C:3AE7H         LINE#         76
  C:3AE7H         LINE#         77
  C:3AEDH         LINE#         79
  C:3AEDH         LINE#         80
  C:3AEDH         LINE#         81
  C:3AEDH         LINE#         84
  C:3AF0H         LINE#         85
  C:3AF3H         LINE#         86
  C:3AFBH         LINE#         87
  C:3AFFH         LINE#         88
  C:3AFFH         LINE#         89
  C:3B07H         LINE#         90
  C:3B07H         LINE#         91
  C:3B0AH         LINE#         92
  C:3B12H         LINE#         93
  C:3B14H         LINE#         94
  C:3B28H         LINE#         95
  C:3B28H         LINE#         96
  C:3B28H         LINE#         97
  C:3B28H         LINE#         98
  C:3B2EH         LINE#         100
  C:3B30H         LINE#         101
  C:3B30H         LINE#         102
  C:3B30H         LINE#         103
  C:3B36H         LINE#         105
  C:3B38H         LINE#         106
  C:3B38H         LINE#         107
BL51 BANKED LINKER/LOCATER V6.22                                                      03/20/2019  12:49:42  PAGE 25


  C:3B38H         LINE#         108
  C:3B3EH         LINE#         110
  C:3B40H         LINE#         111
  C:3B40H         LINE#         112
  C:3B40H         LINE#         113
  C:3B45H         LINE#         115
  C:3B45H         LINE#         116
  C:3B45H         LINE#         117
  C:3B45H         LINE#         120
  C:3B48H         LINE#         121
  C:3B4BH         LINE#         122
  C:3B53H         LINE#         123
  C:3B57H         LINE#         124
  C:3B57H         LINE#         125
  C:3B5FH         LINE#         126
  C:3B5FH         LINE#         127
  C:3B62H         LINE#         128
  C:3B6AH         LINE#         129
  C:3B6CH         LINE#         130
  C:3B80H         LINE#         131
  C:3B80H         LINE#         132
  C:3B80H         LINE#         133
  C:3B80H         LINE#         134
  C:3B86H         LINE#         136
  C:3B88H         LINE#         137
  C:3B88H         LINE#         138
  C:3B88H         LINE#         139
  C:3B8EH         LINE#         141
  C:3B90H         LINE#         142
  C:3B90H         LINE#         143
  C:3B90H         LINE#         144
  C:3B96H         LINE#         146
  C:3B98H         LINE#         147
  C:3B98H         LINE#         148
  C:3B98H         LINE#         149
  C:3B9EH         LINE#         151
  C:3B9EH         LINE#         152
  C:3B9EH         LINE#         153
  C:3B9EH         LINE#         157
  C:3BA1H         LINE#         158
  C:3BA4H         LINE#         159
  C:3BACH         LINE#         160
  C:3BB0H         LINE#         161
  C:3BB0H         LINE#         162
  C:3BB8H         LINE#         163
  C:3BB8H         LINE#         164
  C:3BBBH         LINE#         165
  C:3BC3H         LINE#         166
  C:3BC5H         LINE#         167
  C:3BD9H         LINE#         168
  C:3BD9H         LINE#         169
  C:3BD9H         LINE#         170
  C:3BD9H         LINE#         171
  C:3BDFH         LINE#         173
  C:3BE1H         LINE#         174
  C:3BE1H         LINE#         175
  C:3BE1H         LINE#         176
BL51 BANKED LINKER/LOCATER V6.22                                                      03/20/2019  12:49:42  PAGE 26


  C:3BE7H         LINE#         178
  C:3BE9H         LINE#         179
  C:3BE9H         LINE#         180
  C:3BE9H         LINE#         181
  C:3BEFH         LINE#         183
  C:3BF1H         LINE#         184
  C:3BF1H         LINE#         185
  C:3BF1H         LINE#         186
  C:3BF7H         LINE#         188
  C:3BF7H         LINE#         189
  C:3BF7H         LINE#         190
  C:3BF7H         LINE#         192
  C:3BFDH         LINE#         193
  C:3BFDH         LINE#         195
  C:3BFDH         LINE#         196
  C:3C00H         LINE#         197
  C:3C00H         LINE#         198
  C:3C00H         LINE#         200
  C:3C00H         LINE#         201
  C:3C02H         LINE#         202
  C:3C02H         LINE#         203
  -------         ENDPROC       KEY_SCAN
  -------         PROC          KEY_PROCESS
  -------         DO            
  X:0583H         SYMBOL        KeyCount
  X:0585H         SYMBOL        KeyNum_Old
  X:0586H         SYMBOL        KeyNum
  X:0587H         SYMBOL        PressedKey
  X:031BH         SYMBOL        d
  D:0004H         SYMBOL        hours
  D:0006H         SYMBOL        mins
  X:031DH         SYMBOL        months
  X:031FH         SYMBOL        days
  -------         ENDDO         
  C:316DH         LINE#         204
  C:316DH         LINE#         205
  C:316DH         LINE#         209
  C:3175H         LINE#         210
  C:317DH         LINE#         212
  C:3180H         LINE#         213
  C:3180H         LINE#         214
  C:3183H         LINE#         216
  C:3183H         LINE#         217
  C:3190H         LINE#         218
  C:3190H         LINE#         219
  C:3193H         LINE#         220
  C:3196H         LINE#         222
  C:3199H         LINE#         224
  C:3199H         LINE#         225
  C:31A4H         LINE#         226
  C:31A4H         LINE#         227
  C:31A7H         LINE#         229
  C:31A7H         LINE#         230
  C:31AEH         LINE#         231
  C:31AEH         LINE#         232
  C:31B1H         LINE#         234
  C:31B1H         LINE#         235
BL51 BANKED LINKER/LOCATER V6.22                                                      03/20/2019  12:49:42  PAGE 27


  C:31B9H         LINE#         236
  C:31B9H         LINE#         237
  C:31C3H         LINE#         238
  C:31CBH         LINE#         240
  C:31D4H         LINE#         242
  C:31D4H         LINE#         251
  C:31E9H         LINE#         252
  C:31E9H         LINE#         253
  C:31FBH         LINE#         254
  C:3209H         LINE#         255
  C:3218H         LINE#         256
  C:3218H         LINE#         258
  C:321EH         LINE#         262
  C:3234H         LINE#         263
  C:3245H         LINE#         264
  C:3260H         LINE#         265
  C:3260H         LINE#         266
  C:3270H         LINE#         267
  C:3281H         LINE#         268
  C:3281H         LINE#         272
  C:329AH         LINE#         273
  C:32B1H         LINE#         274
  C:32D1H         LINE#         275
  C:32D1H         LINE#         276
  C:32DBH         LINE#         277
  C:32DBH         LINE#         278
  C:32E4H         LINE#         279
  C:32E4H         LINE#         280
  C:32F8H         LINE#         281
  C:32F8H         LINE#         282
  C:32F8H         LINE#         283
  C:32F8H         LINE#         284
  C:32F8H         LINE#         285
  C:32FAH         LINE#         287
  C:32FAH         LINE#         288
  C:3306H         LINE#         289
  C:3306H         LINE#         290
  C:3317H         LINE#         291
  C:3317H         LINE#         292
  C:3317H         LINE#         293
  C:3317H         LINE#         294
  C:3317H         LINE#         296
  C:3319H         LINE#         298
  C:3319H         LINE#         299
  C:332AH         LINE#         300
  C:332AH         LINE#         301
  C:332AH         LINE#         302
  C:332AH         LINE#         303
  C:332AH         LINE#         305
  C:332AH         LINE#         307
  C:332AH         LINE#         308
  C:332CH         LINE#         310
  C:332CH         LINE#         311
  C:333FH         LINE#         312
  C:333FH         LINE#         313
  C:3350H         LINE#         314
  C:3350H         LINE#         315
BL51 BANKED LINKER/LOCATER V6.22                                                      03/20/2019  12:49:42  PAGE 28


  C:3350H         LINE#         316
  C:3350H         LINE#         317
  C:3350H         LINE#         318
  C:3352H         LINE#         320
  C:3352H         LINE#         321
  C:3363H         LINE#         322
  C:3363H         LINE#         323
  C:3374H         LINE#         324
  C:3385H         LINE#         325
  C:3385H         LINE#         326
  C:3385H         LINE#         327
  C:3385H         LINE#         328
  C:3385H         LINE#         330
  C:339FH         LINE#         331
  C:339FH         LINE#         332
  C:33A4H         LINE#         333
  C:33A4H         LINE#         334
  C:33AAH         LINE#         335
  C:33AAH         LINE#         336
  C:33ADH         LINE#         337
  C:33B2H         LINE#         338
  C:33B7H         LINE#         339
  C:33BCH         LINE#         340
  C:33C1H         LINE#         341
  C:33C6H         LINE#         342
  C:33CBH         LINE#         343
  C:33D0H         LINE#         344
  C:33D0H         LINE#         345
  C:33D0H         LINE#         347
  C:33F2H         LINE#         348
  C:33F2H         LINE#         349
  C:33FCH         LINE#         350
  C:33FCH         LINE#         351
  C:3401H         LINE#         352
  C:340AH         LINE#         353
  C:3421H         LINE#         354
  C:3421H         LINE#         355
  C:3431H         LINE#         357
  C:3431H         LINE#         361
  -------         ENDPROC       KEY_PROCESS
  -------         PROC          KEYPAD_IO_INIT
  C:50DBH         LINE#         364
  C:50DBH         LINE#         365
  C:50DBH         LINE#         366
  C:50DEH         LINE#         367
  C:50E1H         LINE#         368
  C:50E4H         LINE#         369
  C:50E6H         LINE#         370
  -------         ENDPROC       KEYPAD_IO_INIT
  -------         ENDMOD        KEYPAD

  -------         MODULE        BIPOLARMOTOR
  C:0000H         SYMBOL        _ICE_DUMMY_
  D:0080H         PUBLIC        P0
  D:0090H         PUBLIC        P1
  D:00A0H         PUBLIC        P2
  D:00B0H         PUBLIC        P3
BL51 BANKED LINKER/LOCATER V6.22                                                      03/20/2019  12:49:42  PAGE 29


  D:00C0H         PUBLIC        P4
  D:00C8H         PUBLIC        P5
  D:00E8H         PUBLIC        P6
  D:00F8H         PUBLIC        P7
  X:0000H         PUBLIC        low_date_azimuth_mapping
  D:00A8H         PUBLIC        IE
  C:44A8H         PUBLIC        linear_interpolate
  C:4E9BH         PUBLIC        _Move
  D:00B8H         PUBLIC        IP
  C:3725H         PUBLIC        _findDet3x3
  C:3432H         PUBLIC        _findDet4x4
  D:00D8H         PUBLIC        CCON
  X:0028H         PUBLIC        previous_move_time
  D:0098H         PUBLIC        SCON
  D:0088H         PUBLIC        TCON
  C:510BH         PUBLIC        wait
  C:4D6BH         PUBLIC        _Step_move
  X:0029H         PUBLIC        dat
  C:0DD8H         PUBLIC        _Update_position
  C:4C53H         PUBLIC        vOneStepMove
  X:002FH         PUBLIC        elevation_stamp
  X:006BH         PUBLIC        date_azimuth_mapping
  X:0093H         PUBLIC        RX_pos
  C:4FB2H         PUBLIC        _BCDtoDec1
  X:02EBH         PUBLIC        degree
  D:00D0H         PUBLIC        PSW
  -------         PROC          L?0062
  -------         ENDPROC       L?0062
  -------         PROC          _BCDTODEC1
  D:0007H         SYMBOL        bcd
  -------         DO            
  D:0006H         SYMBOL        hi
  D:0007H         SYMBOL        lo
  -------         ENDDO         
  C:4FB2H         LINE#         28
  C:4FB2H         LINE#         29
  C:4FB2H         LINE#         31
  C:4FB7H         LINE#         32
  C:4FBBH         LINE#         33
  C:4FC2H         LINE#         34
  -------         ENDPROC       _BCDTODEC1
  -------         PROC          WAIT
  C:510BH         LINE#         36
  C:510BH         LINE#         38
  -------         ENDPROC       WAIT
  -------         PROC          VONESTEPMOVE
  B:0020H.7       SYMBOL        bDir
  C:4C53H         LINE#         40
  C:4C53H         LINE#         41
  C:4C53H         LINE#         43
  C:4C59H         LINE#         44
  C:4C59H         LINE#         45
  C:4C5CH         LINE#         46
  C:4C65H         LINE#         47
  C:4C6CH         LINE#         48
  C:4C71H         LINE#         49
  C:4C71H         LINE#         50
BL51 BANKED LINKER/LOCATER V6.22                                                      03/20/2019  12:49:42  PAGE 30


  C:4C71H         LINE#         52
  C:4C73H         LINE#         55
  C:4C73H         LINE#         56
  C:4C76H         LINE#         57
  C:4C7FH         LINE#         58
  C:4C86H         LINE#         59
  C:4C8CH         LINE#         60
  C:4C95H         LINE#         61
  C:4C9CH         LINE#         62
  C:4C9CH         LINE#         66
  -------         ENDPROC       VONESTEPMOVE
  -------         PROC          _STEP_MOVE
  X:03E2H         SYMBOL        step
  B:0020H.6       SYMBOL        dir
  -------         DO            
  X:03E4H         SYMBOL        i
  -------         ENDDO         
  C:4D6BH         LINE#         68
  C:4D73H         LINE#         69
  C:4D73H         LINE#         71
  C:4D78H         LINE#         74
  C:4D93H         LINE#         75
  C:4D93H         LINE#         76
  C:4D9AH         LINE#         78
  C:4DAAH         LINE#         80
  -------         ENDPROC       _STEP_MOVE
  -------         PROC          _MOVE
  X:03DEH         SYMBOL        distance
  B:0020H.5       SYMBOL        direction
  -------         DO            
  D:0006H         SYMBOL        step
  -------         ENDDO         
  C:4E9BH         LINE#         82
  C:4EA1H         LINE#         83
  C:4EA1H         LINE#         86
  C:4EBCH         LINE#         87
  -------         ENDPROC       _MOVE
  C:3706H         SYMBOL        L?0058
  C:371AH         SYMBOL        L?0059
  -------         PROC          L?0057
  -------         ENDPROC       L?0057
  C:3706H         SYMBOL        L?0058
  C:371AH         SYMBOL        L?0059
  -------         PROC          _FINDDET3X3
  X:055FH         SYMBOL        a11
  X:0563H         SYMBOL        a12
  X:0567H         SYMBOL        a13
  X:056BH         SYMBOL        a21
  X:056FH         SYMBOL        a22
  X:0573H         SYMBOL        a23
  X:0577H         SYMBOL        a31
  X:057BH         SYMBOL        a32
  X:057FH         SYMBOL        a33
  C:3725H         LINE#         91
  C:372BH         LINE#         95
  C:372BH         LINE#         96
  C:38C2H         LINE#         98
BL51 BANKED LINKER/LOCATER V6.22                                                      03/20/2019  12:49:42  PAGE 31


  -------         ENDPROC       _FINDDET3X3
  -------         PROC          _FINDDET4X4
  X:051FH         SYMBOL        a11
  X:0523H         SYMBOL        a12
  X:0527H         SYMBOL        a13
  X:052BH         SYMBOL        a14
  X:052FH         SYMBOL        a21
  X:0533H         SYMBOL        a22
  X:0537H         SYMBOL        a23
  X:053BH         SYMBOL        a24
  X:053FH         SYMBOL        a31
  X:0543H         SYMBOL        a32
  X:0547H         SYMBOL        a33
  X:054BH         SYMBOL        a34
  X:054FH         SYMBOL        a41
  X:0553H         SYMBOL        a42
  X:0557H         SYMBOL        a43
  X:055BH         SYMBOL        a44
  C:3432H         LINE#         99
  C:3438H         LINE#         103
  C:3438H         LINE#         110
  C:36F1H         LINE#         114
  -------         ENDPROC       _FINDDET4X4
  C:4497H         SYMBOL        L?0061
  -------         PROC          L?0060
  -------         ENDPROC       L?0060
  C:4497H         SYMBOL        L?0061
  -------         PROC          LINEAR_INTERPOLATE
  X:03DEH         SYMBOL        p1
  X:03E6H         SYMBOL        p2
  X:03EEH         SYMBOL        x
  -------         DO            
  D:0004H         SYMBOL        fx
  -------         ENDDO         
  C:44A8H         LINE#         120
  C:44A8H         LINE#         121
  C:44A8H         LINE#         124
  C:4547H         LINE#         126
  C:4547H         LINE#         127
  -------         ENDPROC       LINEAR_INTERPOLATE
  -------         PROC          _UPDATE_POSITION
  D:0001H         SYMBOL        mnths
  D:0002H         SYMBOL        dys
  X:0341H         SYMBOL        hurs
  X:0342H         SYMBOL        mns
  X:0343H         SYMBOL        sconds
  X:0344H         SYMBOL        currnt_pos
  X:0347H         SYMBOL        offset_calib
  -------         DO            
  X:034BH         SYMBOL        date
  X:034DH         SYMBOL        i
  X:034FH         SYMBOL        yy
  X:0351H         SYMBOL        desired_distance
  X:0355H         SYMBOL        distance
  X:0359H         SYMBOL        JP_pos
  X:035DH         SYMBOL        pos_interpolate_azimuth
  X:0399H         SYMBOL        current_local_sun_time
BL51 BANKED LINKER/LOCATER V6.22                                                      03/20/2019  12:49:42  PAGE 32


  X:039DH         SYMBOL        azimuth
  X:03A1H         SYMBOL        elevation
  X:03A5H         SYMBOL        time_offset
  X:03A9H         SYMBOL        UTC_time
  X:03ADH         SYMBOL        declination
  X:03B1H         SYMBOL        p1
  X:03B9H         SYMBOL        p2
  X:03C1H         SYMBOL        time
  X:03D3H         SYMBOL        location
  X:03DBH         SYMBOL        sunCoord
  -------         ENDDO         
  C:0DD8H         LINE#         131
  C:0DE1H         LINE#         134
  C:0DE1H         LINE#         135
  C:0DECH         LINE#         137
  C:0E08H         LINE#         138
  C:0E12H         LINE#         146
  C:0E1CH         LINE#         147
  C:0E26H         LINE#         148
  C:0E30H         LINE#         149
  C:0E3BH         LINE#         150
  C:0E46H         LINE#         151
  C:0E5FH         LINE#         152
  C:0E70H         LINE#         153
  C:0E7FH         LINE#         156
  C:0E93H         LINE#         160
  C:0EE5H         LINE#         161
  C:1049H         LINE#         162
  C:1099H         LINE#         164
  C:11C1H         LINE#         166
  C:1290H         LINE#         173
  C:12D7H         LINE#         174
  C:12D7H         LINE#         176
  C:12F1H         LINE#         177
  C:12F1H         LINE#         178
  C:1361H         LINE#         179
  C:1361H         LINE#         180
  C:1368H         LINE#         181
  C:1368H         LINE#         182
  C:1395H         LINE#         183
  C:13B0H         LINE#         185
  C:13F7H         LINE#         186
  C:142BH         LINE#         188
  C:1471H         LINE#         189
  C:1494H         LINE#         191
  C:1494H         LINE#         193
  C:150AH         LINE#         194
  C:150AH         LINE#         195
  C:1511H         LINE#         196
  C:1511H         LINE#         197
  C:153EH         LINE#         198
  C:1559H         LINE#         200
  C:15A0H         LINE#         201
  C:15D4H         LINE#         203
  C:161AH         LINE#         204
  C:163AH         LINE#         206
  C:163AH         LINE#         207
BL51 BANKED LINKER/LOCATER V6.22                                                      03/20/2019  12:49:42  PAGE 33


  C:164BH         LINE#         210
  C:1665H         LINE#         211
  C:1665H         LINE#         212
  C:16D5H         LINE#         213
  C:16D5H         LINE#         214
  C:1702H         LINE#         215
  C:171DH         LINE#         217
  C:174AH         LINE#         218
  C:1765H         LINE#         220
  C:1797H         LINE#         223
  C:1797H         LINE#         225
  C:17A8H         LINE#         227
  C:17D7H         LINE#         229
  C:17FCH         LINE#         230
  C:1861H         LINE#         231
  C:1861H         LINE#         232
  C:187BH         LINE#         233
  C:188DH         LINE#         234
  C:18A5H         LINE#         235
  C:18BBH         LINE#         237
  C:18D7H         LINE#         238
  C:18D7H         LINE#         239
  C:18D7H         LINE#         242
  -------         ENDPROC       _UPDATE_POSITION
  -------         ENDMOD        BIPOLARMOTOR

  -------         MODULE        SUNPOS
  C:0000H         SYMBOL        _ICE_DUMMY_
  C:228EH         PUBLIC        sunpos
  -------         PROC          SUNPOS
  X:03DEH         SYMBOL        udtTime
  X:03F0H         SYMBOL        udtLocation
  X:03F8H         SYMBOL        udtSunCoordinates
  -------         DO            
  X:03FBH         SYMBOL        dElapsedJulianDays
  X:03FFH         SYMBOL        dDecimalHours
  X:0403H         SYMBOL        dEclipticLongitude
  X:0407H         SYMBOL        dEclipticObliquity
  X:040BH         SYMBOL        dRightAscension
  X:040FH         SYMBOL        dDeclination
  X:0413H         SYMBOL        dY
  X:0417H         SYMBOL        dX
  -------         DO            
  X:041BH         SYMBOL        dJulianDate
  X:041FH         SYMBOL        liAux1
  X:0423H         SYMBOL        liAux2
  X:041BH         SYMBOL        dMeanLongitude
  X:041FH         SYMBOL        dMeanAnomaly
  X:0423H         SYMBOL        dOmega
  X:041BH         SYMBOL        dSin_EclipticLongitude
  X:041BH         SYMBOL        dGreenwichMeanSiderealTime
  X:041FH         SYMBOL        dLocalMeanSiderealTime
  X:0423H         SYMBOL        dLatitudeInRadians
  X:0427H         SYMBOL        dHourAngle
  X:042BH         SYMBOL        dCos_Latitude
  X:042FH         SYMBOL        dSin_Latitude
  X:0433H         SYMBOL        dCos_HourAngle
BL51 BANKED LINKER/LOCATER V6.22                                                      03/20/2019  12:49:42  PAGE 34


  X:0437H         SYMBOL        dParallax
  -------         ENDDO         
  -------         DO            
  X:041BH         SYMBOL        dMeanLongitude
  X:041FH         SYMBOL        dMeanAnomaly
  X:0423H         SYMBOL        dOmega
  X:041BH         SYMBOL        dSin_EclipticLongitude
  X:041BH         SYMBOL        dGreenwichMeanSiderealTime
  X:041FH         SYMBOL        dLocalMeanSiderealTime
  X:0423H         SYMBOL        dLatitudeInRadians
  X:0427H         SYMBOL        dHourAngle
  X:042BH         SYMBOL        dCos_Latitude
  X:042FH         SYMBOL        dSin_Latitude
  X:0433H         SYMBOL        dCos_HourAngle
  X:0437H         SYMBOL        dParallax
  -------         ENDDO         
  -------         DO            
  X:041BH         SYMBOL        dSin_EclipticLongitude
  X:041BH         SYMBOL        dGreenwichMeanSiderealTime
  X:041FH         SYMBOL        dLocalMeanSiderealTime
  X:0423H         SYMBOL        dLatitudeInRadians
  X:0427H         SYMBOL        dHourAngle
  X:042BH         SYMBOL        dCos_Latitude
  X:042FH         SYMBOL        dSin_Latitude
  X:0433H         SYMBOL        dCos_HourAngle
  X:0437H         SYMBOL        dParallax
  -------         ENDDO         
  -------         DO            
  X:041BH         SYMBOL        dGreenwichMeanSiderealTime
  X:041FH         SYMBOL        dLocalMeanSiderealTime
  X:0423H         SYMBOL        dLatitudeInRadians
  X:0427H         SYMBOL        dHourAngle
  X:042BH         SYMBOL        dCos_Latitude
  X:042FH         SYMBOL        dSin_Latitude
  X:0433H         SYMBOL        dCos_HourAngle
  X:0437H         SYMBOL        dParallax
  -------         ENDDO         
  -------         ENDDO         
  C:228EH         LINE#         6
  C:228EH         LINE#         7
  C:228EH         LINE#         9
  C:228EH         LINE#         27
  C:22D8H         LINE#         30
  C:22F9H         LINE#         31
  C:2440H         LINE#         34
  C:248CH         LINE#         36
[...]
  C:439DH         LINE#         153
  C:439FH         LINE#         154
  C:43A2H         LINE#         155
  C:43A9H         LINE#         157
  -------         ENDPROC       _AT25SF041_WRITE
  -------         PROC          _AT25SF041_READ
  D:0003H         SYMBOL        opcode
  X:058DH         SYMBOL        addr
  -------         DO            
  X:0591H         SYMBOL        dat
  X:0592H         SYMBOL        i
  -------         ENDDO         
  C:4198H         LINE#         159
  C:419AH         LINE#         160
  C:419AH         LINE#         161
  C:419FH         LINE#         163
  C:41A1H         LINE#         164
  C:41A7H         LINE#         168
  C:41ACH         LINE#         169
  C:41ACH         LINE#         170
  C:41AEH         LINE#         171
  C:41B1H         LINE#         172
  C:41B5H         LINE#         173
  C:41B5H         LINE#         174
  C:41B7H         LINE#         175
  C:41B9H         LINE#         177
  C:41B9H         LINE#         178
  C:41BBH         LINE#         180
  C:41BBH         LINE#         181
  C:41BBH         LINE#         182
  C:41BBH         LINE#         183
  C:41BEH         LINE#         184
  C:41C2H         LINE#         187
  C:41E1H         LINE#         189
  C:41E8H         LINE#         190
  C:41E8H         LINE#         191
  C:41EAH         LINE#         192
  C:41EDH         LINE#         193
  C:4209H         LINE#         194
  C:4209H         LINE#         195
BL51 BANKED LINKER/LOCATER V6.22                                                      03/20/2019  12:49:42  PAGE 47


  C:420BH         LINE#         196
  C:420DH         LINE#         198
  C:420DH         LINE#         199
  C:420FH         LINE#         201
  C:420FH         LINE#         202
  C:420FH         LINE#         203
  C:420FH         LINE#         204
  C:4212H         LINE#         205
  C:422BH         LINE#         207
  C:424AH         LINE#         210
  C:4251H         LINE#         212
  C:4253H         LINE#         213
  C:425AH         LINE#         215
  C:4261H         LINE#         216
  C:4261H         LINE#         217
  C:4268H         LINE#         218
  C:4268H         LINE#         219
  C:426BH         LINE#         220
  C:426DH         LINE#         221
  C:4270H         LINE#         223
  C:4273H         LINE#         224
  C:4273H         LINE#         226
  C:4277H         LINE#         227
  C:4277H         LINE#         233
  C:4296H         LINE#         236
  C:4298H         LINE#         237
  C:429BH         LINE#         238
  C:42A2H         LINE#         240
  C:42A7H         LINE#         242
  -------         ENDPROC       _AT25SF041_READ
  -------         PROC          UCREAD_STATUS_REGISTER_BYTE1
  -------         DO            
  D:0003H         SYMBOL        dat
  D:0001H         SYMBOL        opcode
  X:03D4H         SYMBOL        count
  X:03D5H         SYMBOL        i
  -------         ENDDO         
  C:475CH         LINE#         246
  C:475CH         LINE#         247
  C:475CH         LINE#         248
  C:4762H         LINE#         249
  C:4766H         LINE#         250
  C:4768H         LINE#         251
  C:476AH         LINE#         252
  C:4770H         LINE#         256
  C:4777H         LINE#         257
  C:4777H         LINE#         258
  C:4779H         LINE#         259
  C:477CH         LINE#         260
  C:4780H         LINE#         261
  C:4780H         LINE#         262
  C:4782H         LINE#         263
  C:4784H         LINE#         265
  C:4784H         LINE#         266
  C:4786H         LINE#         268
  C:4786H         LINE#         269
  C:4786H         LINE#         270
BL51 BANKED LINKER/LOCATER V6.22                                                      03/20/2019  12:49:42  PAGE 48


  C:4786H         LINE#         271
  C:4789H         LINE#         272
  C:478DH         LINE#         275
  C:47ACH         LINE#         279
  C:47B3H         LINE#         281
  C:47B5H         LINE#         282
  C:47BCH         LINE#         283
  C:47C3H         LINE#         284
  C:47C3H         LINE#         285
  C:47C7H         LINE#         286
  C:47C7H         LINE#         287
  C:47CAH         LINE#         288
  C:47CCH         LINE#         289
  C:47CFH         LINE#         291
  C:47D2H         LINE#         292
  C:47D2H         LINE#         294
  C:47D6H         LINE#         295
  C:47D6H         LINE#         297
  C:47F5H         LINE#         301
  C:47F7H         LINE#         302
  C:47FAH         LINE#         303
  C:47FCH         LINE#         304
  -------         ENDPROC       UCREAD_STATUS_REGISTER_BYTE1
  -------         PROC          SPI_NOR_WRITE_DATA
  X:031BH         SYMBOL        dat
  X:0326H         SYMBOL        addr
  C:3C03H         LINE#         306
  C:3C03H         LINE#         307
  C:3C03H         LINE#         309
  C:3C06H         LINE#         311
  C:3C20H         LINE#         312
  C:3C3EH         LINE#         314
  C:3C45H         LINE#         315
  C:3C48H         LINE#         317
  C:3C62H         LINE#         318
  C:3C62H         LINE#         319
  C:3C62H         LINE#         322
  C:3C65H         LINE#         324
  C:3C7FH         LINE#         325
  C:3C7FH         LINE#         326
  C:3C7FH         LINE#         328
  C:3C82H         LINE#         330
  C:3C9CH         LINE#         331
  C:3C9CH         LINE#         332
  C:3C9CH         LINE#         334
  C:3C9FH         LINE#         336
  C:3CB9H         LINE#         337
  C:3CB9H         LINE#         338
  C:3CB9H         LINE#         340
  C:3CBCH         LINE#         342
  C:3CD6H         LINE#         343
  C:3CD6H         LINE#         344
  C:3CD6H         LINE#         346
  C:3CD9H         LINE#         348
  C:3CF3H         LINE#         349
  C:3CF3H         LINE#         350
  C:3CF3H         LINE#         352
BL51 BANKED LINKER/LOCATER V6.22                                                      03/20/2019  12:49:42  PAGE 49


  C:3CF6H         LINE#         354
  C:3D10H         LINE#         355
  C:3D10H         LINE#         356
  C:3D10H         LINE#         358
  C:3D13H         LINE#         360
  C:3D2DH         LINE#         361
  C:3D2DH         LINE#         362
  C:3D2DH         LINE#         364
  C:3D30H         LINE#         366
  C:3D4AH         LINE#         367
  C:3D4AH         LINE#         368
  C:3D4AH         LINE#         370
  C:3D4DH         LINE#         372
  C:3D67H         LINE#         373
  C:3D6EH         LINE#         374
  -------         ENDPROC       SPI_NOR_WRITE_DATA
  -------         ENDMOD        AT25SF041

  -------         MODULE        ?C_STARTUP
  C:4936H         SEGMENT       ?C_C51STARTUP
  I:0022H         SEGMENT       ?STACK
  C:0000H         PUBLIC        ?C_STARTUP
  D:00E0H         SYMBOL        ACC
  D:00F0H         SYMBOL        B
  D:0083H         SYMBOL        DPH
  D:0082H         SYMBOL        DPL
  N:0000H         SYMBOL        IBPSTACK
  N:0100H         SYMBOL        IBPSTACKTOP
  N:0080H         SYMBOL        IDATALEN
  C:4939H         SYMBOL        IDATALOOP
  N:0000H         SYMBOL        PBPSTACK
  N:0100H         SYMBOL        PBPSTACKTOP
  N:0000H         SYMBOL        PDATALEN
  N:0000H         SYMBOL        PDATASTART
  N:0000H         SYMBOL        PPAGE
  N:0000H         SYMBOL        PPAGEENABLE
  D:00A0H         SYMBOL        PPAGE_SFR
  D:0081H         SYMBOL        SP
  C:4936H         SYMBOL        STARTUP1
  N:0000H         SYMBOL        XBPSTACK
  N:0000H         SYMBOL        XBPSTACKTOP
  N:0000H         SYMBOL        XDATALEN
  N:0000H         SYMBOL        XDATASTART
  C:0000H         LINE#         126
  C:4936H         LINE#         133
  C:4938H         LINE#         134
  C:4939H         LINE#         135
  C:493AH         LINE#         136
  C:493CH         LINE#         185
  C:493FH         LINE#         196
  -------         ENDMOD        ?C_STARTUP

  -------         MODULE        ?C?FPADD
  C:18DFH         PUBLIC        ?C?FPADD
  C:18DBH         PUBLIC        ?C?FPSUB
  -------         ENDMOD        ?C?FPADD

BL51 BANKED LINKER/LOCATER V6.22                                                      03/20/2019  12:49:42  PAGE 50


  -------         MODULE        ?C?FPMUL
  C:19D0H         PUBLIC        ?C?FPMUL
  -------         ENDMOD        ?C?FPMUL

  -------         MODULE        ?C?FPDIV
  C:1AD9H         PUBLIC        ?C?FPDIV
  -------         ENDMOD        ?C?FPDIV

  -------         MODULE        ?C?FPCMP
  C:1B78H         PUBLIC        ?C?FPCMP
  C:1B76H         PUBLIC        ?C?FPCMP3
  -------         ENDMOD        ?C?FPCMP

  -------         MODULE        ?C?FPNEG
  C:1BEFH         PUBLIC        ?C?FPNEG
  -------         ENDMOD        ?C?FPNEG

  -------         MODULE        ?C?FCAST
  C:1C0AH         PUBLIC        ?C?FCASTC
  C:1C05H         PUBLIC        ?C?FCASTI
  C:1C00H         PUBLIC        ?C?FCASTL
  -------         ENDMOD        ?C?FCAST

  -------         MODULE        ?C?CASTF
  C:1C3EH         PUBLIC        ?C?CASTF
  -------         ENDMOD        ?C?CASTF

  -------         MODULE        ATAN2
  X:043BH         PUBLIC        ?_atan2?BYTE
  C:47FDH         PUBLIC        _atan2
  -------         ENDMOD        ATAN2

  -------         MODULE        SIN
  C:3DD4H         PUBLIC        _COS
  C:3DEAH         PUBLIC        _SIN
  C:3E26H         PUBLIC        _TAN
  -------         ENDMOD        SIN

  -------         MODULE        ACOS
  C:4C9DH         PUBLIC        _ACOS
  -------         ENDMOD        ACOS

  -------         MODULE        ASIN
  C:4DABH         PUBLIC        _ASIN
  -------         ENDMOD        ASIN

  -------         MODULE        SQRT
  C:46B4H         PUBLIC        _SQRT
  -------         ENDMOD        SQRT

  -------         MODULE        ATAN
  C:4096H         PUBLIC        _ATAN
  -------         ENDMOD        ATAN

  -------         MODULE        ?C?COPY
  C:1DDCH         PUBLIC        ?C?COPY
  -------         ENDMOD        ?C?COPY
BL51 BANKED LINKER/LOCATER V6.22                                                      03/20/2019  12:49:42  PAGE 51



  -------         MODULE        ?C?CLDPTR
  C:1E02H         PUBLIC        ?C?CLDPTR
  -------         ENDMOD        ?C?CLDPTR

  -------         MODULE        ?C?CLDOPTR
  C:1E1BH         PUBLIC        ?C?CLDOPTR
  -------         ENDMOD        ?C?CLDOPTR

  -------         MODULE        ?C?CSTPTR
  C:1E48H         PUBLIC        ?C?CSTPTR
  -------         ENDMOD        ?C?CSTPTR

  -------         MODULE        ?C?IMUL
  C:1E5AH         PUBLIC        ?C?IMUL
  -------         ENDMOD        ?C?IMUL

  -------         MODULE        ?C?UIDIV
  C:1E6CH         PUBLIC        ?C?UIDIV
  -------         ENDMOD        ?C?UIDIV

  -------         MODULE        ?C?SIDIV
  C:1EC1H         PUBLIC        ?C?SIDIV
  -------         ENDMOD        ?C?SIDIV

  -------         MODULE        ?C?ILDIX
  C:1EF7H         PUBLIC        ?C?ILDIX
  -------         ENDMOD        ?C?ILDIX

  -------         MODULE        ?C?ILDOPTR
  C:1F0DH         PUBLIC        ?C?ILDOPTR
  -------         ENDMOD        ?C?ILDOPTR

  -------         MODULE        ?C?ISTPTR
  C:1F45H         PUBLIC        ?C?ISTPTR
  -------         ENDMOD        ?C?ISTPTR

  -------         MODULE        ?C?LMUL
  C:1F64H         PUBLIC        ?C?LMUL
  -------         ENDMOD        ?C?LMUL

  -------         MODULE        ?C?SLDIV
  C:4CE7H         PUBLIC        ?C?SLDIV
  -------         ENDMOD        ?C?SLDIV

  -------         MODULE        ?C?LNEG
  C:1FB3H         PUBLIC        ?C?LNEG
  -------         ENDMOD        ?C?LNEG

  -------         MODULE        ?C?ULCMP
  C:1FC1H         PUBLIC        ?C?ULCMP
  -------         ENDMOD        ?C?ULCMP

  -------         MODULE        ?C?LSHL
  C:1FD2H         PUBLIC        ?C?LSHL
  -------         ENDMOD        ?C?LSHL

BL51 BANKED LINKER/LOCATER V6.22                                                      03/20/2019  12:49:42  PAGE 52


  -------         MODULE        ?C?LLDPTR
  C:1FE5H         PUBLIC        ?C?LLDPTR
  -------         ENDMOD        ?C?LLDPTR

  -------         MODULE        ?C?LLDOPTR
  C:2005H         PUBLIC        ?C?LLDOPTR
  -------         ENDMOD        ?C?LLDOPTR

  -------         MODULE        ?C?LSTPTR
  C:2035H         PUBLIC        ?C?LSTPTR
  -------         ENDMOD        ?C?LSTPTR

  -------         MODULE        ?C?LSTOPTR
  C:204FH         PUBLIC        ?C?LSTOPTR
  -------         ENDMOD        ?C?LSTOPTR

  -------         MODULE        ?C?LLDXDATA
  C:2073H         PUBLIC        ?C?LLDXDATA
  -------         ENDMOD        ?C?LLDXDATA

  -------         MODULE        ?C?LLDCODE
  C:207FH         PUBLIC        ?C?LLDCODE
  -------         ENDMOD        ?C?LLDCODE

  -------         MODULE        ?C?LLDXDATA0
  C:208FH         PUBLIC        ?C?LLDXDATA0
  -------         ENDMOD        ?C?LLDXDATA0

  -------         MODULE        ?C?LLDCODE0
  C:209BH         PUBLIC        ?C?LLDCODE0
  -------         ENDMOD        ?C?LLDCODE0

  -------         MODULE        ?C?LLDPTR0
  C:20ABH         PUBLIC        ?C?LLDPTR0
  -------         ENDMOD        ?C?LLDPTR0

  -------         MODULE        ?C?LSTXDATA
  C:20CBH         PUBLIC        ?C?LSTXDATA
  -------         ENDMOD        ?C?LSTXDATA

  -------         MODULE        ?C?LSTKXDATA
  C:20D7H         PUBLIC        ?C?LSTKXDATA
  -------         ENDMOD        ?C?LSTKXDATA

  -------         MODULE        ?C?LSTKPTR
  C:2108H         PUBLIC        ?C?LSTKPTR
  -------         ENDMOD        ?C?LSTKPTR

  -------         MODULE        ?C?OFFXADD
  C:2122H         PUBLIC        ?C?OFFXADD
  -------         ENDMOD        ?C?OFFXADD

  -------         MODULE        ATOI
  C:43AAH         PUBLIC        _atoi
  -------         ENDMOD        ATOI

  -------         MODULE        ?C?IILDX
BL51 BANKED LINKER/LOCATER V6.22                                                      03/20/2019  12:49:42  PAGE 53


  C:212EH         PUBLIC        ?C?IILDX
  -------         ENDMOD        ?C?IILDX

  -------         MODULE        ?C?ULDIV
  C:2180H         PUBLIC        ?C?ULDIV
  -------         ENDMOD        ?C?ULDIV

  -------         MODULE        ?C?LLDIDATA
  C:2212H         PUBLIC        ?C?LLDIDATA
  -------         ENDMOD        ?C?LLDIDATA

  -------         MODULE        ?C?LLDPDATA
  C:221EH         PUBLIC        ?C?LLDPDATA
  -------         ENDMOD        ?C?LLDPDATA

  -------         MODULE        ?C?LLDIDATA0
  C:222AH         PUBLIC        ?C?LLDIDATA0
  -------         ENDMOD        ?C?LLDIDATA0

  -------         MODULE        ?C?LLDPDATA0
  C:2237H         PUBLIC        ?C?LLDPDATA0
  -------         ENDMOD        ?C?LLDPDATA0

  -------         MODULE        ?C?LSTIDATA
  C:2244H         PUBLIC        ?C?LSTIDATA
  -------         ENDMOD        ?C?LSTIDATA

  -------         MODULE        ?C?LSTPDATA
  C:2250H         PUBLIC        ?C?LSTPDATA
  -------         ENDMOD        ?C?LSTPDATA

  -------         MODULE        ?C?LSTKIDATA
  C:225CH         PUBLIC        ?C?LSTKIDATA
  -------         ENDMOD        ?C?LSTKIDATA

  -------         MODULE        ?C?LSTKPDATA
  C:2275H         PUBLIC        ?C?LSTKPDATA
  -------         ENDMOD        ?C?LSTKPDATA

  -------         MODULE        ISDIGIT
  C:50BFH         PUBLIC        _isdigit
  -------         ENDMOD        ISDIGIT

  -------         MODULE        ISSPACE
  C:505AH         PUBLIC        _isspace
  -------         ENDMOD        ISSPACE

*** WARNING L16: UNCALLED SEGMENT, IGNORED FOR OVERLAY PROCESS
    SEGMENT: ?PR?_DAY_OF_YEAR?PCF85063BTL

*** WARNING L16: UNCALLED SEGMENT, IGNORED FOR OVERLAY PROCESS
    SEGMENT: ?PR?INITUART1?UART1

*** WARNING L16: UNCALLED SEGMENT, IGNORED FOR OVERLAY PROCESS
    SEGMENT: ?PR?_SENDSTRING?UART1

*** WARNING L16: UNCALLED SEGMENT, IGNORED FOR OVERLAY PROCESS
BL51 BANKED LINKER/LOCATER V6.22                                                      03/20/2019  12:49:42  PAGE 54


    SEGMENT: ?PR?_TEN?UART1

*** WARNING L16: UNCALLED SEGMENT, IGNORED FOR OVERLAY PROCESS
    SEGMENT: ?PR?_UNIT?UART1

*** WARNING L16: UNCALLED SEGMENT, IGNORED FOR OVERLAY PROCESS
    SEGMENT: ?PR?_DECTOBCD?UART1

*** WARNING L16: UNCALLED SEGMENT, IGNORED FOR OVERLAY PROCESS
    SEGMENT: ?PR?_ASCII_LETTER?UART1

*** WARNING L16: UNCALLED SEGMENT, IGNORED FOR OVERLAY PROCESS
    SEGMENT: ?PR?_ASCIITOBCD?UART1

*** WARNING L16: UNCALLED SEGMENT, IGNORED FOR OVERLAY PROCESS
    SEGMENT: ?PR?WAIT?BIPOLARMOTOR

*** WARNING L16: UNCALLED SEGMENT, IGNORED FOR OVERLAY PROCESS
    SEGMENT: ?PR?_FINDDET4X4?BIPOLARMOTOR

*** WARNING L16: UNCALLED SEGMENT, IGNORED FOR OVERLAY PROCESS
    SEGMENT: ?PR?NOP?IOEXPANDER_PI4IOE5V96248

*** WARNING L16: UNCALLED SEGMENT, IGNORED FOR OVERLAY PROCESS
    SEGMENT: ?PR?UC_ACK?IOEXPANDER_PI4IOE5V96248

*** WARNING L16: UNCALLED SEGMENT, IGNORED FOR OVERLAY PROCESS
    SEGMENT: ?PR?UC_NACK?IOEXPANDER_PI4IOE5V96248

*** WARNING L16: UNCALLED SEGMENT, IGNORED FOR OVERLAY PROCESS
    SEGMENT: ?PR?_AT25SF041_READ?AT25SF041

*** WARNING L1: UNRESOLVED EXTERNAL SYMBOL
    SYMBOL:  AUTO_MODE
    MODULE:  .\Obj\main.obj (MAIN)

*** WARNING L1: UNRESOLVED EXTERNAL SYMBOL
    SYMBOL:  SPI_NOR_CLEARENABLE
    MODULE:  .\Obj\main.obj (MAIN)

*** WARNING L2: REFERENCE MADE TO UNRESOLVED EXTERNAL
    SYMBOL:  AUTO_MODE
    MODULE:  .\Obj\main.obj (MAIN)
    ADDRESS: 003BH

*** WARNING L2: REFERENCE MADE TO UNRESOLVED EXTERNAL
    SYMBOL:  SPI_NOR_CLEARENABLE
    MODULE:  .\Obj\main.obj (MAIN)
    ADDRESS: 0041H

*** WARNING L2: REFERENCE MADE TO UNRESOLVED EXTERNAL
    SYMBOL:  AUTO_MODE
    MODULE:  .\Obj\main.obj (MAIN)
    ADDRESS: 01B4H

*** WARNING L2: REFERENCE MADE TO UNRESOLVED EXTERNAL
    SYMBOL:  AUTO_MODE
BL51 BANKED LINKER/LOCATER V6.22                                                      03/20/2019  12:49:42  PAGE 55


    MODULE:  .\Obj\main.obj (MAIN)
    ADDRESS: 01C2H

*** WARNING L2: REFERENCE MADE TO UNRESOLVED EXTERNAL
    SYMBOL:  AUTO_MODE
    MODULE:  .\Obj\main.obj (MAIN)
    ADDRESS: 01D4H

*** WARNING L2: REFERENCE MADE TO UNRESOLVED EXTERNAL
    SYMBOL:  AUTO_MODE
    MODULE:  .\Obj\main.obj (MAIN)
    ADDRESS: 0216H

*** WARNING L2: REFERENCE MADE TO UNRESOLVED EXTERNAL
    SYMBOL:  AUTO_MODE
    MODULE:  .\Obj\main.obj (MAIN)
    ADDRESS: 02E9H

*** WARNING L2: REFERENCE MADE TO UNRESOLVED EXTERNAL
    SYMBOL:  SPI_NOR_CLEARENABLE
    MODULE:  .\Obj\main.obj (MAIN)
    ADDRESS: 0D43H

*** WARNING L2: REFERENCE MADE TO UNRESOLVED EXTERNAL
    SYMBOL:  SPI_NOR_CLEARENABLE
    MODULE:  .\Obj\main.obj (MAIN)
    ADDRESS: 0DACH

*** WARNING L1: UNRESOLVED EXTERNAL SYMBOL
    SYMBOL:  _SENDUART1
    MODULE:  .\Obj\UART1.obj (UART1)

*** WARNING L2: REFERENCE MADE TO UNRESOLVED EXTERNAL
    SYMBOL:  _SENDUART1
    MODULE:  .\Obj\UART1.obj (UART1)
    ADDRESS: 4E14H

*** WARNING L1: UNRESOLVED EXTERNAL SYMBOL
    SYMBOL:  AUTO_MODE
    MODULE:  .\Obj\KeyPad.obj (KEYPAD)

*** WARNING L1: UNRESOLVED EXTERNAL SYMBOL
    SYMBOL:  SPI_NOR_CLEARENABLE
    MODULE:  .\Obj\KeyPad.obj (KEYPAD)

*** WARNING L2: REFERENCE MADE TO UNRESOLVED EXTERNAL
    SYMBOL:  AUTO_MODE
    MODULE:  .\Obj\KeyPad.obj (KEYPAD)
    ADDRESS: 31BAH

*** WARNING L2: REFERENCE MADE TO UNRESOLVED EXTERNAL
    SYMBOL:  AUTO_MODE
    MODULE:  .\Obj\KeyPad.obj (KEYPAD)
    ADDRESS: 31C5H

*** WARNING L2: REFERENCE MADE TO UNRESOLVED EXTERNAL
    SYMBOL:  AUTO_MODE
BL51 BANKED LINKER/LOCATER V6.22                                                      03/20/2019  12:49:42  PAGE 56


    MODULE:  .\Obj\KeyPad.obj (KEYPAD)
    ADDRESS: 31CCH

*** WARNING L2: REFERENCE MADE TO UNRESOLVED EXTERNAL
    SYMBOL:  SPI_NOR_CLEARENABLE
    MODULE:  .\Obj\KeyPad.obj (KEYPAD)
    ADDRESS: 33A0H

*** WARNING L2: REFERENCE MADE TO UNRESOLVED EXTERNAL
    SYMBOL:  SPI_NOR_CLEARENABLE
    MODULE:  .\Obj\KeyPad.obj (KEYPAD)
    ADDRESS: 33A5H

Program Size: data=10.2 xdata=1438 code=20749
LINK/LOCATE RUN COMPLETE.  34 WARNING(S),  0 ERROR(S)
