BL51 BANKED LINKER/LOCATER V6.22                                                        03/20/2019  13:43:37  PAGE 1


BL51 BANKED LINKER/LOCATER V6.22, INVOKED BY:
C:\KEIL_V5\C51\BIN\BL51.EXE .\Obj\main.obj, .\Obj\PCF85063BTL.obj, .\Obj\UART1.obj, .\Obj\LCd_Driver_SPLC780D.obj, .\Obj
>> \KeyPad.obj, .\Obj\BipolarMotor.obj, .\Obj\SunPos.obj, .\Obj\ADC.obj, .\Obj\Calibration.obj, .\Obj\IOExpander_PI4IOE5
>> V96248.obj, .\Obj\AT25SF041.obj, .\Obj\STARTUP.obj TO .\Obj\GPIO_RTC_Test PRINT (.\Lis\GPIO_RTC_Test.m51) RAMSIZE (25
>> 6)


MEMORY MODEL: LARGE WITH FLOATING POINT ARITHMETIC


INPUT MODULES INCLUDED:
  .\Obj\main.obj (MAIN)
  .\Obj\PCF85063BTL.obj (PCF85063BTL)
  .\Obj\UART1.obj (UART1)
  .\Obj\LCd_Driver_SPLC780D.obj (LCD_DRIVER_SPLC780D)
  .\Obj\KeyPad.obj (KEYPAD)
  .\Obj\BipolarMotor.obj (BIPOLARMOTOR)
  .\Obj\SunPos.obj (SUNPOS)
  .\Obj\ADC.obj (ADC)
  .\Obj\Calibration.obj (CALIBRATION)
  .\Obj\IOExpander_PI4IOE5V96248.obj (IOEXPANDER_PI4IOE5V96248)
  .\Obj\AT25SF041.obj (AT25SF041)
  .\Obj\STARTUP.obj (?C_STARTUP)
  C:\KEIL_V5\C51\LIB\C51FPL.LIB (?C?FPADD)
  C:\KEIL_V5\C51\LIB\C51FPL.LIB (?C?FPMUL)
  C:\KEIL_V5\C51\LIB\C51FPL.LIB (?C?FPDIV)
  C:\KEIL_V5\C51\LIB\C51FPL.LIB (?C?FPCMP)
  C:\KEIL_V5\C51\LIB\C51FPL.LIB (?C?FPNEG)
  C:\KEIL_V5\C51\LIB\C51FPL.LIB (?C?FCAST)
  C:\KEIL_V5\C51\LIB\C51FPL.LIB (?C?CASTF)
  C:\KEIL_V5\C51\LIB\C51FPL.LIB (ATAN2)
  C:\KEIL_V5\C51\LIB\C51FPL.LIB (SIN)
  C:\KEIL_V5\C51\LIB\C51FPL.LIB (ACOS)
  C:\KEIL_V5\C51\LIB\C51FPL.LIB (ASIN)
  C:\KEIL_V5\C51\LIB\C51FPL.LIB (?C?FPGETOPN)
  C:\KEIL_V5\C51\LIB\C51FPL.LIB (?C?FPSERIES)
  C:\KEIL_V5\C51\LIB\C51FPL.LIB (SQRT)
  C:\KEIL_V5\C51\LIB\C51FPL.LIB (ATAN)
  C:\KEIL_V5\C51\LIB\C51L.LIB (?C_INIT)
  C:\KEIL_V5\C51\LIB\C51L.LIB (?C?COPY)
  C:\KEIL_V5\C51\LIB\C51L.LIB (?C?CLDPTR)
  C:\KEIL_V5\C51\LIB\C51L.LIB (?C?CLDOPTR)
  C:\KEIL_V5\C51\LIB\C51L.LIB (?C?CSTPTR)
  C:\KEIL_V5\C51\LIB\C51L.LIB (?C?IMUL)
  C:\KEIL_V5\C51\LIB\C51L.LIB (?C?UIDIV)
  C:\KEIL_V5\C51\LIB\C51L.LIB (?C?SIDIV)
  C:\KEIL_V5\C51\LIB\C51L.LIB (?C?ILDIX)
  C:\KEIL_V5\C51\LIB\C51L.LIB (?C?ILDOPTR)
  C:\KEIL_V5\C51\LIB\C51L.LIB (?C?ISTPTR)
  C:\KEIL_V5\C51\LIB\C51L.LIB (?C?LMUL)
  C:\KEIL_V5\C51\LIB\C51L.LIB (?C?SLDIV)
  C:\KEIL_V5\C51\LIB\C51L.LIB (?C?LNEG)
  C:\KEIL_V5\C51\LIB\C51L.LIB (?C?ULCMP)
  C:\KEIL_V5\C51\LIB\C51L.LIB (?C?LSHL)
  C:\KEIL_V5\C51\LIB\C51L.LIB (?C?LLDPTR)
  C:\KEIL_V5\C51\LIB\C51L.LIB (?C?LLDOPTR)
  C:\KEIL_V5\C51\LIB\C51L.LIB (?C?LSTPTR)
  C:\KEIL_V5\C51\LIB\C51L.LIB (?C?LSTOPTR)
BL51 BANKED LINKER/LOCATER V6.22                                                      03/20/2019  13:43:37  PAGE 2


  C:\KEIL_V5\C51\LIB\C51L.LIB (?C?LLDXDATA)
  C:\KEIL_V5\C51\LIB\C51L.LIB (?C?LLDCODE)
  C:\KEIL_V5\C51\LIB\C51L.LIB (?C?LLDXDATA0)
  C:\KEIL_V5\C51\LIB\C51L.LIB (?C?LLDCODE0)
  C:\KEIL_V5\C51\LIB\C51L.LIB (?C?LLDPTR0)
  C:\KEIL_V5\C51\LIB\C51L.LIB (?C?LSTXDATA)
  C:\KEIL_V5\C51\LIB\C51L.LIB (?C?LSTKXDATA)
  C:\KEIL_V5\C51\LIB\C51L.LIB (?C?LSTKPTR)
  C:\KEIL_V5\C51\LIB\C51L.LIB (?C?OFFXADD)
  C:\KEIL_V5\C51\LIB\C51L.LIB (ATOI)
  C:\KEIL_V5\C51\LIB\C51L.LIB (?C?IILDX)
  C:\KEIL_V5\C51\LIB\C51L.LIB (?C?ULDIV)
  C:\KEIL_V5\C51\LIB\C51L.LIB (?C?LLDIDATA)
  C:\KEIL_V5\C51\LIB\C51L.LIB (?C?LLDPDATA)
  C:\KEIL_V5\C51\LIB\C51L.LIB (?C?LLDIDATA0)
  C:\KEIL_V5\C51\LIB\C51L.LIB (?C?LLDPDATA0)
  C:\KEIL_V5\C51\LIB\C51L.LIB (?C?LSTIDATA)
  C:\KEIL_V5\C51\LIB\C51L.LIB (?C?LSTPDATA)
  C:\KEIL_V5\C51\LIB\C51L.LIB (?C?LSTKIDATA)
  C:\KEIL_V5\C51\LIB\C51L.LIB (?C?LSTKPDATA)
  C:\KEIL_V5\C51\LIB\C51L.LIB (ISDIGIT)
  C:\KEIL_V5\C51\LIB\C51L.LIB (ISSPACE)


LINK MAP OF MODULE:  .\Obj\GPIO_RTC_Test (MAIN)


            TYPE    BASE      LENGTH    RELOCATION   SEGMENT NAME
            -----------------------------------------------------

            * * * * * * *   D A T A   M E M O R Y   * * * * * * *
            REG     0000H     0008H     ABSOLUTE     "REG BANK 0"
                    0008H     0018H                  *** GAP ***
            BIT     0020H.0   0000H.5   UNIT         ?BI?KEYPAD
            BIT     0020H.5   0000H.3   UNIT         _BIT_GROUP_
            BIT     0021H.0   0000H.1   UNIT         ?BI?MAIN
            BIT     0021H.1   0000H.1   UNIT         ?BI?_ATOI?ATOI
                    0021H.2   0000H.6                *** GAP ***
            IDATA   0022H     0001H     UNIT         ?STACK

            * * * * * * *  X D A T A   M E M O R Y  * * * * * * *
            XDATA   0000H     038FH     UNIT         ?XD?BIPOLARMOTOR
            XDATA   038FH     0158H     UNIT         _XDATA_GROUP_
            XDATA   04E7H     00D8H     UNIT         ?XD?MAIN
            XDATA   05BFH     0040H     UNIT         ?XD?_FINDDET4X4?BIPOLARMOTOR
            XDATA   05FFH     0024H     UNIT         ?XD?_FINDDET3X3?BIPOLARMOTOR
            XDATA   0623H     0009H     UNIT         ?XD?KEYPAD
            XDATA   062CH     0008H     UNIT         ?XD?_AT25SF041_READ?AT25SF041
            XDATA   0634H     0005H     UNIT         ?XD?_ATOI?ATOI
            XDATA   0639H     0003H     UNIT         ?XD?_SENDSTRING?UART1
            XDATA   063CH     0001H     UNIT         ?XD?UC_ACK?IOEXPANDER_PI4IOE5V96248
            XDATA   063DH     0001H     UNIT         ?XD?UC_NACK?IOEXPANDER_PI4IOE5V96248

            * * * * * * *   C O D E   M E M O R Y   * * * * * * *
            CODE    0000H     0003H     ABSOLUTE     
            CODE    0003H     0006H     UNIT         ?PR?_TEN?UART1
            CODE    0009H     0001H     UNIT         ?PR?TM0_ISR?MAIN
BL51 BANKED LINKER/LOCATER V6.22                                                      03/20/2019  13:43:37  PAGE 3


            CODE    000AH     0001H     UNIT         ?PR?_DECTOBCD?UART1
            CODE    000BH     0003H     ABSOLUTE     
            CODE    000EH     0DCAH     UNIT         ?PR?MAIN?MAIN
            CODE    0DD8H     0B00H     UNIT         ?PR?_UPDATE_POSITION?BIPOLARMOTOR
            CODE    18D8H     09B6H     UNIT         ?C?LIB_CODE
            CODE    228EH     07A2H     UNIT         ?PR?SUNPOS?SUNPOS
            CODE    2A30H     03F9H     UNIT         ?C_INITSEG
            CODE    2E29H     03E8H     UNIT         ?PR?_FIND_REAL_MAX?CALIBRATION
            CODE    3211H     02C5H     UNIT         ?PR?KEY_PROCESS?KEYPAD
            CODE    34D6H     02C0H     UNIT         ?PR?_FINDDET4X4?BIPOLARMOTOR
            CODE    3796H     01D1H     UNIT         ?PR?_FINDDET3X3?BIPOLARMOTOR
            CODE    3967H     01B3H     UNIT         ?PR?_CALIBRATION?CALIBRATION
            CODE    3B1AH     018DH     UNIT         ?PR?KEY_SCAN?KEYPAD
            CODE    3CA7H     0189H     UNIT         ?PR?SPI_NOR_WRITE_DATA?AT25SF041
            CODE    3E30H     0188H     UNIT         ?PR?SIN?SIN
            CODE    3FB8H     0162H     UNIT         ?PR?_DISPLAY_POS?LCD_DRIVER_SPLC780D
            CODE    411AH     0122H     UNIT         ?PR?ATAN?ATAN
            CODE    423CH     0110H     UNIT         ?PR?_AT25SF041_READ?AT25SF041
            CODE    434CH     0102H     UNIT         ?PR?_AT25SF041_WRITE?AT25SF041
            CODE    444EH     00DBH     UNIT         ?PR?_ATOI?ATOI
            CODE    4529H     00C3H     UNIT         ?PR?LINEAR_INTERPOLATE?BIPOLARMOTOR
            CODE    45ECH     00BBH     UNIT         ?PR?VOLTAGE_IS_STABLE?CALIBRATION
            CODE    46A7H     00ADH     UNIT         ?PR?_WRITE_PI4IOE5V96248?IOEXPANDER_PI4IOE5V96248
            CODE    4754H     00ACH     UNIT         ?PR?SQRT?SQRT
            CODE    4800H     00A1H     UNIT         ?PR?UCREAD_STATUS_REGISTER_BYTE1?AT25SF041
            CODE    48A1H     009DH     UNIT         ?PR?_ATAN2?ATAN2
            CODE    493EH     009CH     UNIT         ?PR?_MAX_VALUE?CALIBRATION
            CODE    49DAH     008CH     UNIT         ?C_C51STARTUP
            CODE    4A66H     0084H     UNIT         ?PR?_DAY_OF_YEAR?PCF85063BTL
            CODE    4AEAH     0079H     UNIT         ?PR?_WRITEDATA?LCD_DRIVER_SPLC780D
            CODE    4B63H     0072H     UNIT         ?PR?AT25SF041_WRITEENABLE?AT25SF041
            CODE    4BD5H     006FH     UNIT         ?PR?_READ_TIME?PCF85063BTL
            CODE    4C44H     005AH     UNIT         ?PR?AT25SF041_CHIPERASE?AT25SF041
            CODE    4C9EH     0059H     UNIT         ?PR?LCD_INIT?LCD_DRIVER_SPLC780D
            CODE    4CF7H     004AH     UNIT         ?PR?VONESTEPMOVE?BIPOLARMOTOR
            CODE    4D41H     004AH     UNIT         ?PR?ACOS?ACOS
            CODE    4D8BH     0044H     UNIT         ?C?LDIV
            CODE    4DCFH     0040H     UNIT         ?PR?_COMMAND?LCD_DRIVER_SPLC780D
            CODE    4E0FH     0040H     UNIT         ?PR?_STEP_MOVE?BIPOLARMOTOR
            CODE    4E4FH     003BH     UNIT         ?PR?ASIN?ASIN
            CODE    4E8AH     0033H     UNIT         ?PR?_SENDSTRING?UART1
            CODE    4EBDH     002CH     UNIT         ?PR?_ADC_GETRESULT?ADC
            CODE    4EE9H     002BH     UNIT         ?PR?_WAIT_MS_I2C?IOEXPANDER_PI4IOE5V96248
            CODE    4F14H     002BH     UNIT         ?PR?_WAIT_MS_SPINOR?AT25SF041
            CODE    4F3FH     0028H     UNIT         ?PR?_MOVE?BIPOLARMOTOR
            CODE    4F67H     0027H     UNIT         ?PR?_I2C_SENDBYTE?IOEXPANDER_PI4IOE5V96248
            CODE    4F8EH     0024H     UNIT         ?PR?_WAIT_MS?LCD_DRIVER_SPLC780D
            CODE    4FB2H     0020H     UNIT         ?PR?_SPI_SENDBYTE?PCF85063BTL
            CODE    4FD2H     0020H     UNIT         ?PR?SPI_RECEIVEBYTE?PCF85063BTL
            CODE    4FF2H     001FH     UNIT         ?PR?ADC_INIT?ADC
            CODE    5011H     001EH     UNIT         ?PR?_DELAY_MS?KEYPAD
            CODE    502FH     001DH     UNIT         ?PR?_DISPLAYLCD?LCD_DRIVER_SPLC780D
            CODE    504CH     001BH     UNIT         ?PR?_BCDTODEC1?BIPOLARMOTOR
            CODE    5067H     0018H     UNIT         ?PR?_SPI_WRITETIME?PCF85063BTL
            CODE    507FH     0017H     UNIT         ?PR?_ASCIITOBCD?UART1
            CODE    5096H     0016H     UNIT         ?PR?I2C_ACK?IOEXPANDER_PI4IOE5V96248
            CODE    50ACH     0015H     UNIT         ?PR?_DISPLAY_LINE?LCD_DRIVER_SPLC780D
BL51 BANKED LINKER/LOCATER V6.22                                                      03/20/2019  13:43:37  PAGE 4


            CODE    50C1H     0015H     UNIT         ?PR?I2C_STOP?IOEXPANDER_PI4IOE5V96248
            CODE    50D6H     0014H     UNIT         ?PR?_PCF85063BTL_DELAY?PCF85063BTL
            CODE    50EAH     0014H     UNIT         ?PR?_ABS?LCD_DRIVER_SPLC780D
            CODE    50FEH     0014H     UNIT         ?PR?_ISSPACE?ISSPACE
            CODE    5112H     0011H     UNIT         ?PR?_SPI_READTIME?PCF85063BTL
            CODE    5123H     0011H     UNIT         ?PR?_BCDTODEC?PCF85063BTL
            CODE    5134H     0011H     UNIT         ?PR?INITUART1?UART1
            CODE    5145H     000FH     UNIT         ?PR?I2C_START?IOEXPANDER_PI4IOE5V96248
            CODE    5154H     000FH     UNIT         ?PR?UC_NACK?IOEXPANDER_PI4IOE5V96248
            CODE    5163H     000FH     UNIT         ?PR?_ISDIGIT?ISDIGIT
            CODE    5172H     000DH     UNIT         ?PR?SPI_INIT?PCF85063BTL
            CODE    517FH     000CH     UNIT         ?PR?KEYPAD_IO_INIT?KEYPAD
            CODE    518BH     000AH     UNIT         ?PR?LCD_RETURN_HOME?LCD_DRIVER_SPLC780D
            CODE    5195H     000AH     UNIT         ?PR?LCD_CLEAR?LCD_DRIVER_SPLC780D
            CODE    519FH     0006H     UNIT         ?PR?UC_ACK?IOEXPANDER_PI4IOE5V96248
            CODE    51A5H     0005H     UNIT         ?PR?_UNIT?UART1
            CODE    51AAH     0005H     UNIT         ?PR?_ASCII_LETTER?UART1
            CODE    51AFH     0001H     UNIT         ?PR?WAIT?BIPOLARMOTOR
            CODE    51B0H     0001H     UNIT         ?PR?NOP?IOEXPANDER_PI4IOE5V96248



OVERLAY MAP OF MODULE:   .\Obj\GPIO_RTC_Test (MAIN)


SEGMENT                                             BIT_GROUP          XDATA_GROUP
  +--> CALLED SEGMENT                            START    LENGTH     START    LENGTH
------------------------------------------------------------------------------------
?C_C51STARTUP                                    -----    -----      -----    -----
  +--> ?PR?MAIN?MAIN
  +--> ?C_INITSEG

?PR?MAIN?MAIN                                    -----    -----      038FH    002CH
  +--> ?PR?LCD_INIT?LCD_DRIVER_SPLC780D
  +--> ?PR?SPI_INIT?PCF85063BTL
  +--> ?PR?KEYPAD_IO_INIT?KEYPAD
  +--> ?PR?ADC_INIT?ADC
  +--> ?PR?_SPI_WRITETIME?PCF85063BTL
  +--> ?PR?_DELAY_MS?KEYPAD
  +--> ?PR?_DISPLAY_LINE?LCD_DRIVER_SPLC780D
  +--> ?PR?_WRITEDATA?LCD_DRIVER_SPLC780D
  +--> ?PR?KEY_PROCESS?KEYPAD
  +--> ?PR?_COMMAND?LCD_DRIVER_SPLC780D
  +--> ?PR?_DISPLAY_POS?LCD_DRIVER_SPLC780D
  +--> ?PR?_DISPLAYLCD?LCD_DRIVER_SPLC780D
  +--> ?PR?_STEP_MOVE?BIPOLARMOTOR
  +--> ?PR?LCD_RETURN_HOME?LCD_DRIVER_SPLC780D
  +--> ?PR?_READ_TIME?PCF85063BTL
  +--> ?PR?_ADC_GETRESULT?ADC
  +--> ?PR?_BCDTODEC1?BIPOLARMOTOR
  +--> ?PR?_CALIBRATION?CALIBRATION
  +--> ?PR?AT25SF041_WRITEENABLE?AT25SF041
  +--> ?PR?_AT25SF041_WRITE?AT25SF041
  +--> ?PR?_WAIT_MS_SPINOR?AT25SF041
  +--> ?PR?SPI_NOR_WRITE_DATA?AT25SF041
  +--> ?PR?LINEAR_INTERPOLATE?BIPOLARMOTOR
  +--> ?PR?_UPDATE_POSITION?BIPOLARMOTOR
BL51 BANKED LINKER/LOCATER V6.22                                                      03/20/2019  13:43:37  PAGE 5


  +--> ?PR?LCD_CLEAR?LCD_DRIVER_SPLC780D
  +--> ?PR?AT25SF041_CHIPERASE?AT25SF041

?PR?LCD_INIT?LCD_DRIVER_SPLC780D                 -----    -----      -----    -----
  +--> ?PR?_WAIT_MS?LCD_DRIVER_SPLC780D
  +--> ?PR?_COMMAND?LCD_DRIVER_SPLC780D

?PR?_COMMAND?LCD_DRIVER_SPLC780D                 -----    -----      -----    -----
  +--> ?PR?_WAIT_MS?LCD_DRIVER_SPLC780D

?PR?ADC_INIT?ADC                                 -----    -----      -----    -----
  +--> ?PR?_WAIT_MS?LCD_DRIVER_SPLC780D

?PR?_SPI_WRITETIME?PCF85063BTL                   -----    -----      -----    -----
  +--> ?PR?_SPI_SENDBYTE?PCF85063BTL

?PR?_SPI_SENDBYTE?PCF85063BTL                    -----    -----      -----    -----
  +--> ?PR?_PCF85063BTL_DELAY?PCF85063BTL

?PR?_DISPLAY_LINE?LCD_DRIVER_SPLC780D            -----    -----      -----    -----
  +--> ?PR?_COMMAND?LCD_DRIVER_SPLC780D

?PR?_WRITEDATA?LCD_DRIVER_SPLC780D               -----    -----      0476H    0001H
  +--> ?PR?_WAIT_MS?LCD_DRIVER_SPLC780D

?PR?KEY_PROCESS?KEYPAD                           -----    -----      03BBH    0006H
  +--> ?PR?KEY_SCAN?KEYPAD
  +--> ?PR?_SPI_WRITETIME?PCF85063BTL
  +--> ?PR?LCD_CLEAR?LCD_DRIVER_SPLC780D
  +--> ?PR?_COMMAND?LCD_DRIVER_SPLC780D
  +--> ?PR?_WRITEDATA?LCD_DRIVER_SPLC780D

?PR?KEY_SCAN?KEYPAD                              -----    -----      03C1H    0003H

?PR?LCD_CLEAR?LCD_DRIVER_SPLC780D                -----    -----      -----    -----
  +--> ?PR?_COMMAND?LCD_DRIVER_SPLC780D

?PR?_DISPLAY_POS?LCD_DRIVER_SPLC780D             -----    -----      046CH    000AH
  +--> ?PR?_ABS?LCD_DRIVER_SPLC780D
  +--> ?PR?_WRITEDATA?LCD_DRIVER_SPLC780D

?PR?_DISPLAYLCD?LCD_DRIVER_SPLC780D              -----    -----      03BBH    0001H
  +--> ?PR?_WRITEDATA?LCD_DRIVER_SPLC780D

?PR?_STEP_MOVE?BIPOLARMOTOR                      0020H.6  0000H.1    0482H    0004H
  +--> ?PR?VONESTEPMOVE?BIPOLARMOTOR

?PR?VONESTEPMOVE?BIPOLARMOTOR                    0020H.7  0000H.1    -----    -----
  +--> ?PR?_WRITE_PI4IOE5V96248?IOEXPANDER_P...
  +--> ?PR?_DELAY_MS?KEYPAD

?PR?_WRITE_PI4IOE5V96248?IOEXPANDER_P...         -----    -----      0486H    0003H
  +--> ?PR?I2C_START?IOEXPANDER_PI4IOE5V96248
  +--> ?PR?_WAIT_MS_I2C?IOEXPANDER_PI4IOE5V9...
  +--> ?PR?_I2C_SENDBYTE?IOEXPANDER_PI4IOE5V...
  +--> ?PR?I2C_ACK?IOEXPANDER_PI4IOE5V96248
  +--> ?PR?I2C_STOP?IOEXPANDER_PI4IOE5V96248
BL51 BANKED LINKER/LOCATER V6.22                                                      03/20/2019  13:43:37  PAGE 6



?PR?I2C_START?IOEXPANDER_PI4IOE5V96248           -----    -----      -----    -----
  +--> ?PR?_WAIT_MS_I2C?IOEXPANDER_PI4IOE5V9...

?PR?_I2C_SENDBYTE?IOEXPANDER_PI4IOE5V...         -----    -----      -----    -----
  +--> ?PR?_WAIT_MS_I2C?IOEXPANDER_PI4IOE5V9...

?PR?I2C_ACK?IOEXPANDER_PI4IOE5V96248             -----    -----      0489H    0001H
  +--> ?PR?_WAIT_MS_I2C?IOEXPANDER_PI4IOE5V9...

?PR?I2C_STOP?IOEXPANDER_PI4IOE5V96248            -----    -----      -----    -----
  +--> ?PR?_WAIT_MS_I2C?IOEXPANDER_PI4IOE5V9...

?PR?LCD_RETURN_HOME?LCD_DRIVER_SPLC780D          -----    -----      -----    -----
  +--> ?PR?_COMMAND?LCD_DRIVER_SPLC780D

?PR?_READ_TIME?PCF85063BTL                       -----    -----      03BBH    000FH
  +--> ?PR?_SPI_READTIME?PCF85063BTL

?PR?_SPI_READTIME?PCF85063BTL                    -----    -----      -----    -----
  +--> ?PR?_SPI_SENDBYTE?PCF85063BTL
  +--> ?PR?SPI_RECEIVEBYTE?PCF85063BTL

?PR?SPI_RECEIVEBYTE?PCF85063BTL                  -----    -----      -----    -----
  +--> ?PR?_PCF85063BTL_DELAY?PCF85063BTL

?PR?_CALIBRATION?CALIBRATION                     -----    -----      03BBH    0024H
  +--> ?PR?VOLTAGE_IS_STABLE?CALIBRATION
  +--> ?PR?_UPDATE_POSITION?BIPOLARMOTOR
  +--> ?PR?_FIND_REAL_MAX?CALIBRATION

?PR?VOLTAGE_IS_STABLE?CALIBRATION                -----    -----      03DFH    0018H
  +--> ?PR?_ADC_GETRESULT?ADC
  +--> ?PR?_ABS?LCD_DRIVER_SPLC780D

?PR?_UPDATE_POSITION?BIPOLARMOTOR                -----    -----      03DFH    009FH
  +--> ?PR?_BCDTODEC1?BIPOLARMOTOR
  +--> ?PR?SUNPOS?SUNPOS
  +--> ?PR?SIN?SIN
  +--> ?PR?ASIN?ASIN
  +--> ?PR?LINEAR_INTERPOLATE?BIPOLARMOTOR
  +--> ?PR?_ABS?LCD_DRIVER_SPLC780D
  +--> ?PR?_MOVE?BIPOLARMOTOR

?PR?SUNPOS?SUNPOS                                -----    -----      047EH    005DH
  +--> ?PR?SIN?SIN
  +--> ?PR?_ATAN2?ATAN2
  +--> ?PR?ASIN?ASIN
  +--> ?PR?ACOS?ACOS

?PR?SIN?SIN                                      0020H.5  0000H.1    04DBH    0004H

?PR?_ATAN2?ATAN2                                 -----    -----      04DBH    0008H
  +--> ?PR?ATAN?ATAN

?PR?ATAN?ATAN                                    0020H.5  0000H.2    04E3H    0004H

BL51 BANKED LINKER/LOCATER V6.22                                                      03/20/2019  13:43:37  PAGE 7


?PR?ASIN?ASIN                                    -----    -----      -----    -----
  +--> ?PR?SQRT?SQRT
  +--> ?PR?ATAN?ATAN

?PR?SQRT?SQRT                                    -----    -----      04DBH    0004H

?PR?ACOS?ACOS                                    -----    -----      -----    -----
  +--> ?PR?SQRT?SQRT
  +--> ?PR?ATAN?ATAN

?PR?LINEAR_INTERPOLATE?BIPOLARMOTOR              -----    -----      047EH    0014H

?PR?_MOVE?BIPOLARMOTOR                           0020H.5  0000H.1    047EH    0004H
  +--> ?PR?_STEP_MOVE?BIPOLARMOTOR

?PR?_FIND_REAL_MAX?CALIBRATION                   -----    -----      03DFH    008DH
  +--> ?PR?_MOVE?BIPOLARMOTOR
  +--> ?PR?_ADC_GETRESULT?ADC
  +--> ?PR?AT25SF041_WRITEENABLE?AT25SF041
  +--> ?PR?_AT25SF041_WRITE?AT25SF041
  +--> ?PR?_WAIT_MS_SPINOR?AT25SF041
  +--> ?PR?_COMMAND?LCD_DRIVER_SPLC780D
  +--> ?PR?_WRITEDATA?LCD_DRIVER_SPLC780D
  +--> ?PR?_DISPLAY_POS?LCD_DRIVER_SPLC780D
  +--> ?PR?_WAIT_MS?LCD_DRIVER_SPLC780D
  +--> ?PR?_MAX_VALUE?CALIBRATION

?PR?AT25SF041_WRITEENABLE?AT25SF041              -----    -----      046CH    0002H
  +--> ?PR?_WAIT_MS_SPINOR?AT25SF041
  +--> ?PR?UCREAD_STATUS_REGISTER_BYTE1?AT25...

?PR?UCREAD_STATUS_REGISTER_BYTE1?AT25...         -----    -----      0474H    0003H
  +--> ?PR?_WAIT_MS_SPINOR?AT25SF041

?PR?_AT25SF041_WRITE?AT25SF041                   -----    -----      046CH    0008H
  +--> ?PR?_WAIT_MS_SPINOR?AT25SF041
  +--> ?PR?UCREAD_STATUS_REGISTER_BYTE1?AT25...

?PR?_MAX_VALUE?CALIBRATION                       -----    -----      046CH    0004H

?PR?SPI_NOR_WRITE_DATA?AT25SF041                 -----    -----      03BBH    000EH
  +--> ?PR?AT25SF041_WRITEENABLE?AT25SF041
  +--> ?PR?_AT25SF041_WRITE?AT25SF041
  +--> ?PR?_WAIT_MS_SPINOR?AT25SF041

?PR?AT25SF041_CHIPERASE?AT25SF041                -----    -----      03BBH    0002H
  +--> ?PR?_WAIT_MS_SPINOR?AT25SF041
  +--> ?PR?UCREAD_STATUS_REGISTER_BYTE1?AT25...



UNRESOLVED EXTERNAL SYMBOLS:
   AUTO_MODE
   SPI_NOR_CLEARENABLE
   _SENDUART1


BL51 BANKED LINKER/LOCATER V6.22                                                      03/20/2019  13:43:37  PAGE 8



SYMBOL TABLE OF MODULE:  .\Obj\GPIO_RTC_Test (MAIN)

  VALUE           TYPE          NAME
  ----------------------------------

  -------         MODULE        MAIN
  C:0000H         SYMBOL        _ICE_DUMMY_
  X:04EFH         PUBLIC        calib_value
  D:0080H         PUBLIC        P0
  D:00B2H         PUBLIC        P3M0
  D:0090H         PUBLIC        P1
  D:00B1H         PUBLIC        P3M1
  D:00A0H         PUBLIC        P2
  D:00B0H         PUBLIC        P3
  D:00C0H         PUBLIC        P4
  D:00C8H         PUBLIC        P5
  X:0543H         SYMBOL        PressedKey
  B:00A8H.7       PUBLIC        EA
  D:00E8H         PUBLIC        P6
  X:0547H         PUBLIC        calib_stamp
  D:00F8H         PUBLIC        P7
  X:0548H         PUBLIC        RX_Data_Uart_Cnt
  D:00A8H         PUBLIC        IE
  X:054AH         PUBLIC        calib_time
  D:00B8H         PUBLIC        IP
  X:059EH         PUBLIC        months
  D:00D8H         PUBLIC        CCON
  C:000EH         PUBLIC        main
  X:059FH         PUBLIC        count
  X:05A1H         PUBLIC        days
  X:05A2H         PUBLIC        hours
  D:0098H         PUBLIC        SCON
  D:0089H         PUBLIC        TMOD
  D:0088H         PUBLIC        TCON
  B:00A0H.3       PUBLIC        P23
  X:05A3H         SYMBOL        KeyCount
  X:05A5H         PUBLIC        mins
  X:05A6H         PUBLIC        Rec_data_hour
  B:00C8H.5       PUBLIC        P55
  X:05A9H         PUBLIC        Rec_data_min
  D:008EH         PUBLIC        AUXR
  C:0009H         PUBLIC        tm0_isr
  B:0021H.0       PUBLIC        busy
  B:00A8H.1       PUBLIC        ET0
  X:05ACH         PUBLIC        SPI_NOR_INTERNAL_FLASH_ADDR
  D:008CH         PUBLIC        TH0
  X:05B0H         PUBLIC        hour_count
  D:008AH         PUBLIC        TL0
  X:05B1H         PUBLIC        min_count
  B:0088H.4       PUBLIC        TR0
  X:05B2H         SYMBOL        KeyNum
  X:05B3H         SYMBOL        KeyNum_Old
  X:05B4H         PUBLIC        current_position
  X:05B8H         PUBLIC        hours1
  X:05B9H         PUBLIC        hours2
  X:05BAH         PUBLIC        mins1
BL51 BANKED LINKER/LOCATER V6.22                                                      03/20/2019  13:43:37  PAGE 9


  X:05BBH         PUBLIC        mins2
  X:05BCH         PUBLIC        seconds
  X:05BDH         PUBLIC        st_time
  D:00D0H         PUBLIC        PSW
  -------         PROC          TM0_ISR
  C:0009H         LINE#         76
  C:0009H         LINE#         78
  -------         ENDPROC       TM0_ISR
  -------         PROC          MAIN
  -------         DO            
  X:038FH         SYMBOL        sunlight_ADC
  X:04E7H         SYMBOL        KeyCount
  X:04E9H         SYMBOL        KeyNum_Old
  X:04EAH         SYMBOL        KeyNum
  X:04EBH         SYMBOL        PressedKey
  X:0391H         SYMBOL        prox_flag
  X:0392H         SYMBOL        iUse_prevday_calib_value
  X:0394H         SYMBOL        max_ADC_Val_JP
  X:0396H         SYMBOL        max_ADC_Val
  X:0398H         SYMBOL        calib_point1
  X:03A0H         SYMBOL        calib_point2
  X:03A8H         SYMBOL        dat_to_store
  X:03B3H         SYMBOL        calib_day
  X:03B5H         SYMBOL        calib_count
  X:03B7H         SYMBOL        theorical_JP_max_pos
  -------         ENDDO         
  C:000EH         LINE#         80
  C:000EH         LINE#         81
  C:000EH         LINE#         86
  C:0014H         LINE#         87
  C:0019H         LINE#         89
  C:0021H         LINE#         93
  C:0027H         LINE#         94
  C:0031H         LINE#         98
  C:0033H         LINE#         99
  C:0035H         LINE#         100
  C:0037H         LINE#         101
  C:0039H         LINE#         103
  C:0040H         LINE#         104
  C:0044H         LINE#         113
  C:0046H         LINE#         114
  C:0049H         LINE#         115
  C:004CH         LINE#         116
  C:004FH         LINE#         117
  C:0052H         LINE#         118
  C:0055H         LINE#         121
  C:0058H         LINE#         123
  C:005BH         LINE#         124
  C:005EH         LINE#         125
  C:0061H         LINE#         126
  C:0063H         LINE#         127
  C:0065H         LINE#         128
  C:0067H         LINE#         130
  C:0069H         LINE#         131
  C:0070H         LINE#         132
  C:0077H         LINE#         133
  C:007EH         LINE#         134
BL51 BANKED LINKER/LOCATER V6.22                                                      03/20/2019  13:43:37  PAGE 10


  C:0085H         LINE#         138
  C:008CH         LINE#         139
  C:0091H         LINE#         140
  C:0096H         LINE#         141
  C:009BH         LINE#         142
  C:00A0H         LINE#         143
  C:00A5H         LINE#         146
  C:00BEH         LINE#         147
  C:00BEH         LINE#         148
  C:00DAH         LINE#         149
  C:0121H         LINE#         150
  C:0132H         LINE#         153
  C:0132H         LINE#         154
  C:0132H         LINE#         155
  C:0135H         LINE#         158
  C:0135H         LINE#         161
  C:013AH         LINE#         162
  C:013FH         LINE#         164
  C:0144H         LINE#         165
  C:0149H         LINE#         166
  C:014EH         LINE#         167
  C:0153H         LINE#         169
  C:0164H         LINE#         170
  C:0169H         LINE#         171
  C:016EH         LINE#         173
  C:0175H         LINE#         174
  C:017DH         LINE#         175
  C:0182H         LINE#         176
  C:018AH         LINE#         177
  C:018FH         LINE#         178
  C:0199H         LINE#         179
  C:019EH         LINE#         180
  C:01A6H         LINE#         182
  C:01AEH         LINE#         183
  C:01B3H         LINE#         184
  C:01BDH         LINE#         185
  C:01BDH         LINE#         186
  C:01BFH         LINE#         187
  C:01C1H         LINE#         188
  C:01CBH         LINE#         189
  C:01CBH         LINE#         190
  C:01D0H         LINE#         191
  C:01D0H         LINE#         203
  C:01DDH         LINE#         204
  C:01DDH         LINE#         205
  C:01E7H         LINE#         206
  C:01FEH         LINE#         207
  C:01FEH         LINE#         208
  C:0200H         LINE#         209
  C:0202H         LINE#         211
  C:0202H         LINE#         212
  C:020DH         LINE#         213
  C:020DH         LINE#         214
  C:0212H         LINE#         215
  C:0212H         LINE#         216
  C:021FH         LINE#         217
  C:021FH         LINE#         220
BL51 BANKED LINKER/LOCATER V6.22                                                      03/20/2019  13:43:37  PAGE 11


  C:0229H         LINE#         221
  C:0240H         LINE#         222
  C:0240H         LINE#         223
  C:0242H         LINE#         224
  C:0244H         LINE#         226
  C:0244H         LINE#         227
  C:024FH         LINE#         228
  C:024FH         LINE#         229
  C:0254H         LINE#         230
  C:0256H         LINE#         231
  C:0256H         LINE#         233
  C:0278H         LINE#         234
  C:0278H         LINE#         235
  C:0282H         LINE#         236
  C:0288H         LINE#         237
  C:028AH         LINE#         238
  C:028CH         LINE#         239
  C:028EH         LINE#         240
  C:028EH         LINE#         241
  C:0291H         LINE#         243
  C:0291H         LINE#         244
  C:0297H         LINE#         245
  C:029FH         LINE#         246
  C:02A5H         LINE#         247
  C:02ADH         LINE#         248
  C:02E8H         LINE#         252
  C:02F5H         LINE#         253
  C:02F5H         LINE#         255
  C:0302H         LINE#         256
  C:0335H         LINE#         257
  C:0342H         LINE#         258
  C:0342H         LINE#         260
  C:0365H         LINE#         261
  C:0365H         LINE#         262
  C:0387H         LINE#         263
  C:0387H         LINE#         264
  C:0392H         LINE#         265
  C:0392H         LINE#         266
  C:040EH         LINE#         267
  C:0498H         LINE#         268
  C:049BH         LINE#         270
  C:049BH         LINE#         272
  C:04A2H         LINE#         273
  C:04A2H         LINE#         274
  C:04A5H         LINE#         275
  C:04C3H         LINE#         276
  C:04CAH         LINE#         277
  C:04E9H         LINE#         278
  C:0508H         LINE#         280
  C:0584H         LINE#         281
  C:05BFH         LINE#         282
  C:05CCH         LINE#         283
  C:05DBH         LINE#         284
  C:05DBH         LINE#         286
  C:05E3H         LINE#         287
  C:05EBH         LINE#         288
  C:05F3H         LINE#         289
BL51 BANKED LINKER/LOCATER V6.22                                                      03/20/2019  13:43:37  PAGE 12


  C:05FBH         LINE#         291
  C:060FH         LINE#         292
  C:0625H         LINE#         293
  C:0655H         LINE#         294
  C:0669H         LINE#         296
  C:0679H         LINE#         297
  C:0679H         LINE#         298
  C:0679H         LINE#         299
  C:0679H         LINE#         301
  C:0679H         LINE#         304
  C:067CH         LINE#         306
  C:068DH         LINE#         307
  C:068DH         LINE#         308
  C:068DH         LINE#         310
  C:068DH         LINE#         313
  C:0690H         LINE#         315
  C:0690H         LINE#         316
  C:06B2H         LINE#         317
  C:06B2H         LINE#         318
  C:072EH         LINE#         319
  C:0783H         LINE#         320
  C:0783H         LINE#         321
  C:0783H         LINE#         322
  C:0786H         LINE#         326
  C:0786H         LINE#         329
  C:07AEH         LINE#         330
  C:07AEH         LINE#         331
  C:07D0H         LINE#         332
  C:07D0H         LINE#         333
  C:07DBH         LINE#         334
  C:07DBH         LINE#         335
  C:0857H         LINE#         336
  C:08E1H         LINE#         337
  C:08E4H         LINE#         339
  C:08E4H         LINE#         341
  C:08EBH         LINE#         342
  C:08EBH         LINE#         343
  C:08EEH         LINE#         344
  C:090CH         LINE#         345
  C:0913H         LINE#         346
  C:0932H         LINE#         347
  C:0951H         LINE#         349
  C:09CDH         LINE#         350
  C:0A08H         LINE#         353
  C:0A15H         LINE#         354
  C:0A24H         LINE#         355
  C:0A24H         LINE#         356
  C:0A2CH         LINE#         357
  C:0A34H         LINE#         358
  C:0A3CH         LINE#         359
  C:0A44H         LINE#         361
  C:0A58H         LINE#         362
  C:0A6EH         LINE#         363
  C:0A9EH         LINE#         364
  C:0AB2H         LINE#         366
  C:0AC6H         LINE#         367
  C:0ADCH         LINE#         368
BL51 BANKED LINKER/LOCATER V6.22                                                      03/20/2019  13:43:37  PAGE 13


  C:0B0CH         LINE#         369
  C:0B13H         LINE#         371
  C:0B37H         LINE#         373
  C:0B3AH         LINE#         396
  C:0B4BH         LINE#         397
  C:0B4BH         LINE#         398
  C:0B53H         LINE#         400
  C:0B53H         LINE#         403
  C:0B56H         LINE#         405
  C:0B56H         LINE#         407
  C:0B78H         LINE#         408
  C:0B78H         LINE#         409
  C:0BF4H         LINE#         411
  C:0C21H         LINE#         412
  C:0C3CH         LINE#         413
  C:0C69H         LINE#         414
  C:0C84H         LINE#         416
  C:0D20H         LINE#         419
  C:0D20H         LINE#         420
  C:0D20H         LINE#         421
  C:0D20H         LINE#         423
  C:0D20H         LINE#         426
  C:0D3CH         LINE#         427
  C:0D40H         LINE#         429
  C:0D42H         LINE#         432
  C:0D4DH         LINE#         433
  C:0D4DH         LINE#         434
  C:0D50H         LINE#         435
  C:0D57H         LINE#         436
  C:0D5CH         LINE#         437
  C:0D61H         LINE#         438
  C:0D66H         LINE#         439
  C:0D6BH         LINE#         440
  C:0D70H         LINE#         441
  C:0D75H         LINE#         442
  C:0D7AH         LINE#         443
  C:0D7FH         LINE#         444
  C:0D84H         LINE#         445
  C:0D89H         LINE#         446
  C:0D8EH         LINE#         447
  C:0D93H         LINE#         450
  C:0D96H         LINE#         452
  C:0D99H         LINE#         453
  C:0DA0H         LINE#         454
  C:0DAAH         LINE#         455
  C:0DAFH         LINE#         457
  C:0DB2H         LINE#         458
  C:0DB7H         LINE#         459
  C:0DBCH         LINE#         460
  C:0DC1H         LINE#         461
  C:0DC6H         LINE#         462
  C:0DCBH         LINE#         463
  C:0DD0H         LINE#         464
  C:0DD5H         LINE#         466
  C:0DD5H         LINE#         467
  -------         ENDPROC       MAIN
  -------         ENDMOD        MAIN
BL51 BANKED LINKER/LOCATER V6.22                                                      03/20/2019  13:43:37  PAGE 14



  -------         MODULE        PCF85063BTL
  C:0000H         SYMBOL        _ICE_DUMMY_
  D:0096H         PUBLIC        P2M0
  D:0080H         PUBLIC        P0
  D:0095H         PUBLIC        P2M1
  D:0090H         PUBLIC        P1
  D:00A0H         PUBLIC        P2
  D:00B0H         PUBLIC        P3
  D:00C0H         PUBLIC        P4
  D:00C8H         PUBLIC        P5
  D:00E8H         PUBLIC        P6
  B:00A0H.1       PUBLIC        PCF85063BTL_SDI
  D:00F8H         PUBLIC        P7
  B:00A0H.2       PUBLIC        PCF85063BTL_SCK
  B:00A0H.1       PUBLIC        PCF85063BTL_SDO
  D:00A8H         PUBLIC        IE
  C:4BD5H         PUBLIC        _Read_time
  C:50DCH         PUBLIC        _PCF85063BTL_Delay
  D:00B8H         PUBLIC        IP
  D:00D8H         PUBLIC        CCON
  C:4A66H         PUBLIC        _Day_Of_Year
  C:4FD2H         PUBLIC        SPI_ReceiveByte
  D:0098H         PUBLIC        SCON
  D:0088H         PUBLIC        TCON
  C:5123H         PUBLIC        _BCDtoDec
  B:00A0H.0       PUBLIC        PCF85063BTL_CS
  C:5112H         PUBLIC        _SPI_ReadTime
  C:5172H         PUBLIC        SPI_Init
  C:5067H         PUBLIC        _SPI_WriteTime
  C:4FB2H         PUBLIC        _SPI_SendByte
  D:00D0H         PUBLIC        PSW
  C:50D8H         SYMBOL        L?0047
  -------         PROC          L?0046
  -------         ENDPROC       L?0046
  C:50D8H         SYMBOL        L?0047
  -------         PROC          _PCF85063BTL_DELAY
  D:0006H         SYMBOL        us
  C:50DCH         LINE#         8
  C:50DCH         LINE#         9
  C:50DCH         LINE#         10
  C:50E6H         LINE#         11
  C:50E6H         LINE#         12
  C:50E7H         LINE#         13
  C:50E9H         LINE#         14
  -------         ENDPROC       _PCF85063BTL_DELAY
  -------         PROC          _SPI_SENDBYTE
  D:0005H         SYMBOL        dat
  -------         DO            
  D:0003H         SYMBOL        i
  -------         ENDDO         
  C:4FB2H         LINE#         17
  C:4FB4H         LINE#         18
  C:4FB4H         LINE#         20
  C:4FB6H         LINE#         21
  C:4FB6H         LINE#         22
  C:4FB8H         LINE#         23
BL51 BANKED LINKER/LOCATER V6.22                                                      03/20/2019  13:43:37  PAGE 15


  C:4FBCH         LINE#         24
  C:4FBCH         LINE#         25
  C:4FBEH         LINE#         26
  C:4FC0H         LINE#         28
  C:4FC0H         LINE#         29
  C:4FC2H         LINE#         30
  C:4FC2H         LINE#         31
  C:4FC5H         LINE#         32
  C:4FC5H         LINE#         33
  C:4FC8H         LINE#         34
  C:4FCCH         LINE#         35
  C:4FD1H         LINE#         36
  -------         ENDPROC       _SPI_SENDBYTE
  -------         PROC          SPI_RECEIVEBYTE
  -------         DO            
  D:0003H         SYMBOL        i
  D:0005H         SYMBOL        dat
  -------         ENDDO         
  C:4FD2H         LINE#         39
  C:4FD2H         LINE#         40
  C:4FD2H         LINE#         42
  C:4FD4H         LINE#         44
  C:4FD6H         LINE#         45
  C:4FD7H         LINE#         46
  C:4FD7H         LINE#         47
  C:4FDBH         LINE#         48
  C:4FDDH         LINE#         49
  C:4FE0H         LINE#         51
  C:4FE3H         LINE#         52
  C:4FE3H         LINE#         53
  C:4FE7H         LINE#         54
  C:4FE7H         LINE#         55
  C:4FE7H         LINE#         56
  C:4FEAH         LINE#         57
  C:4FEFH         LINE#         58
  C:4FF1H         LINE#         59
  -------         ENDPROC       SPI_RECEIVEBYTE
  -------         PROC          _SPI_READTIME
  D:0007H         SYMBOL        addr
  -------         DO            
  D:0006H         SYMBOL        dat
  -------         ENDDO         
  C:5112H         LINE#         61
  C:5112H         LINE#         62
  C:5112H         LINE#         64
  C:5114H         LINE#         65
  C:5116H         LINE#         66
  C:511DH         LINE#         67
  C:5120H         LINE#         68
  C:5122H         LINE#         69
  C:5122H         LINE#         70
  -------         ENDPROC       _SPI_READTIME
  -------         PROC          _SPI_WRITETIME
  D:0002H         SYMBOL        val
  D:0005H         SYMBOL        addr
  C:5067H         LINE#         71
  C:5069H         LINE#         72
BL51 BANKED LINKER/LOCATER V6.22                                                      03/20/2019  13:43:37  PAGE 16


  C:5069H         LINE#         74
  C:506BH         LINE#         75
  C:5072H         LINE#         76
  C:5077H         LINE#         77
  C:507CH         LINE#         78
  C:507EH         LINE#         79
  -------         ENDPROC       _SPI_WRITETIME
  -------         PROC          SPI_INIT
  C:5172H         LINE#         83
  C:5172H         LINE#         84
  C:5172H         LINE#         89
  C:5175H         LINE#         90
  C:5178H         LINE#         91
  C:517AH         LINE#         92
  C:517CH         LINE#         93
  C:517EH         LINE#         94
  -------         ENDPROC       SPI_INIT
  -------         PROC          _READ_TIME
  X:03BBH         SYMBOL        months
  X:03BEH         SYMBOL        days
  X:03C1H         SYMBOL        hours
  X:03C4H         SYMBOL        mins
  X:03C7H         SYMBOL        seconds
  C:4BD5H         LINE#         96
  C:4BE0H         LINE#         97
  C:4BE0H         LINE#         99
  C:4BF4H         LINE#         101
  C:4C08H         LINE#         103
  C:4C1CH         LINE#         108
  C:4C30H         LINE#         113
  -------         ENDPROC       _READ_TIME
  -------         PROC          _BCDTODEC
  D:0007H         SYMBOL        bcd
  -------         DO            
  D:0006H         SYMBOL        hi
  D:0007H         SYMBOL        lo
  -------         ENDDO         
  C:5123H         LINE#         119
  C:5123H         LINE#         120
  C:5123H         LINE#         122
  C:5128H         LINE#         123
  C:512CH         LINE#         124
  C:5133H         LINE#         125
  -------         ENDPROC       _BCDTODEC
  -------         PROC          _DAY_OF_YEAR
  D:0007H         SYMBOL        months_bcd
  D:0005H         SYMBOL        days_bcd
  -------         DO            
  D:0004H         SYMBOL        months
  D:0007H         SYMBOL        days
  -------         ENDDO         
  C:4A66H         LINE#         126
  C:4A66H         LINE#         127
  C:4A66H         LINE#         130
  C:4A6BH         LINE#         132
  C:4A70H         LINE#         134
  C:4AA9H         LINE#         135
BL51 BANKED LINKER/LOCATER V6.22                                                      03/20/2019  13:43:37  PAGE 17


  C:4AA9H         LINE#         136
  C:4AA9H         LINE#         137
  C:4AACH         LINE#         138
  C:4AACH         LINE#         139
  C:4AACH         LINE#         140
  C:4AB1H         LINE#         141
  C:4AB1H         LINE#         142
  C:4AB1H         LINE#         143
  C:4AB6H         LINE#         144
  C:4AB6H         LINE#         145
  C:4AB6H         LINE#         146
  C:4ABBH         LINE#         147
  C:4ABBH         LINE#         148
  C:4ABBH         LINE#         149
  C:4AC0H         LINE#         150
  C:4AC0H         LINE#         151
  C:4AC0H         LINE#         152
  C:4AC5H         LINE#         153
  C:4AC5H         LINE#         154
  C:4AC5H         LINE#         155
  C:4ACAH         LINE#         156
  C:4ACAH         LINE#         157
  C:4ACAH         LINE#         158
  C:4ACFH         LINE#         159
  C:4ACFH         LINE#         160
  C:4ACFH         LINE#         161
  C:4AD7H         LINE#         162
  C:4AD7H         LINE#         163
  C:4AD7H         LINE#         164
  C:4ADCH         LINE#         165
  C:4ADCH         LINE#         166
  C:4ADCH         LINE#         167
  C:4AE1H         LINE#         168
  C:4AE1H         LINE#         169
  C:4AE1H         LINE#         170
  C:4AE9H         LINE#         171
  C:4AE9H         LINE#         172
  C:4AE9H         LINE#         173
  -------         ENDPROC       _DAY_OF_YEAR
  -------         ENDMOD        PCF85063BTL

  -------         MODULE        UART1
  C:0000H         SYMBOL        _ICE_DUMMY_
  D:0080H         PUBLIC        P0
  D:0090H         PUBLIC        P1
  D:00A0H         PUBLIC        P2
  D:00B0H         PUBLIC        P3
  D:00C0H         PUBLIC        P4
  D:00C8H         PUBLIC        P5
  B:00A8H.7       PUBLIC        EA
  D:00E8H         PUBLIC        P6
  D:00F8H         PUBLIC        P7
  C:4E8AH         PUBLIC        _SendString
  D:00A8H         PUBLIC        IE
  B:00A8H.4       PUBLIC        ES
  D:00B8H         PUBLIC        IP
  C:507FH         PUBLIC        _ASCIItoBCD
BL51 BANKED LINKER/LOCATER V6.22                                                      03/20/2019  13:43:37  PAGE 18


  D:00D8H         PUBLIC        CCON
  C:5134H         PUBLIC        initUART1
  D:0098H         PUBLIC        SCON
  D:0088H         PUBLIC        TCON
  C:000AH         PUBLIC        _DectoBCD
  C:51AAH         PUBLIC        _ASCII_Letter
  D:008EH         PUBLIC        AUXR
  C:51A5H         PUBLIC        _unit
  C:0003H         PUBLIC        _ten
  D:00D6H         PUBLIC        T2H
  D:00D7H         PUBLIC        T2L
  D:00D0H         PUBLIC        PSW
  -------         PROC          INITUART1
  C:5134H         LINE#         21
  C:5134H         LINE#         22
  C:5134H         LINE#         23
  C:5137H         LINE#         24
  C:513AH         LINE#         25
  C:513DH         LINE#         26
  C:5140H         LINE#         27
  C:5142H         LINE#         28
  C:5144H         LINE#         30
  -------         ENDPROC       INITUART1
  -------         PROC          _SENDSTRING
  X:0639H         SYMBOL        s
  C:4E8AH         LINE#         35
  C:4E95H         LINE#         36
  C:4E95H         LINE#         37
  C:4EA5H         LINE#         38
  C:4EA5H         LINE#         39
  C:4EBAH         LINE#         40
  C:4EBCH         LINE#         41
  -------         ENDPROC       _SENDSTRING
  -------         PROC          _TEN
  D:0007H         SYMBOL        BCD
  C:0003H         LINE#         43
  C:0003H         LINE#         44
  C:0003H         LINE#         45
  C:0008H         LINE#         46
  -------         ENDPROC       _TEN
  -------         PROC          _UNIT
  D:0007H         SYMBOL        BCD
  C:51A5H         LINE#         47
  C:51A5H         LINE#         48
  C:51A5H         LINE#         52
  C:51A9H         LINE#         53
  -------         ENDPROC       _UNIT
  -------         PROC          _DECTOBCD
  D:0007H         SYMBOL        dec
  C:000AH         LINE#         54
  C:000AH         LINE#         55
  C:000AH         LINE#         57
  C:000AH         LINE#         58
  -------         ENDPROC       _DECTOBCD
  -------         PROC          _ASCII_LETTER
  D:0007H         SYMBOL        dat
  C:51AAH         LINE#         60
BL51 BANKED LINKER/LOCATER V6.22                                                      03/20/2019  13:43:37  PAGE 19


  C:51AAH         LINE#         61
  C:51AAH         LINE#         63
  C:51AEH         LINE#         64
  -------         ENDPROC       _ASCII_LETTER
  -------         PROC          _ASCIITOBCD
  D:0001H         SYMBOL        ascii
  -------         DO            
  D:0007H         SYMBOL        dec_val
  D:0006H         SYMBOL        ten
  D:0007H         SYMBOL        unit
  -------         ENDDO         
  C:507FH         LINE#         66
  C:507FH         LINE#         67
  C:507FH         LINE#         69
  C:5082H         LINE#         70
  C:5088H         LINE#         71
  C:508FH         LINE#         72
  C:5095H         LINE#         74
  -------         ENDPROC       _ASCIITOBCD
  -------         ENDMOD        UART1

  -------         MODULE        LCD_DRIVER_SPLC780D
  C:0000H         SYMBOL        _ICE_DUMMY_
  D:0092H         PUBLIC        P1M0
  D:0091H         PUBLIC        P1M1
  D:0080H         PUBLIC        P0
  D:0090H         PUBLIC        P1
  D:00A0H         PUBLIC        P2
  D:00B0H         PUBLIC        P3
  D:00C0H         PUBLIC        P4
  D:00C8H         PUBLIC        P5
  D:00E8H         PUBLIC        P6
  D:00F8H         PUBLIC        P7
  C:4AEEH         PUBLIC        _WriteData
  D:00A8H         PUBLIC        IE
  D:00B8H         PUBLIC        IP
  D:00D8H         PUBLIC        CCON
  B:00B0H.4       PUBLIC        LCD_D4
  B:00B0H.5       PUBLIC        LCD_D5
  B:00B0H.6       PUBLIC        LCD_D6
  C:502FH         PUBLIC        _DisplayLCD
  B:00B0H.7       PUBLIC        LCD_D7
  D:0098H         PUBLIC        SCON
  D:0088H         PUBLIC        TCON
  C:50EAH         PUBLIC        _abs
  C:5195H         PUBLIC        LCD_clear
  C:4DCFH         PUBLIC        _Command
  C:50ACH         PUBLIC        _Display_Line
  C:4C9EH         PUBLIC        LCD_Init
  C:4F94H         PUBLIC        _Wait_ms
  B:00C0H.0       PUBLIC        LCD_RS
  B:00B0H.2       PUBLIC        LCD_RW
  C:518BH         PUBLIC        LCD_return_home
  C:3FB8H         PUBLIC        _Display_Pos
  B:00B0H.3       PUBLIC        LCD_E
  D:00D0H         PUBLIC        PSW
  -------         PROC          LCD_INIT
BL51 BANKED LINKER/LOCATER V6.22                                                      03/20/2019  13:43:37  PAGE 20


  C:4C9EH         LINE#         9
  C:4C9EH         LINE#         10
  C:4C9EH         LINE#         11
  C:4CA1H         LINE#         12
  C:4CA4H         LINE#         14
  C:4CAAH         LINE#         15
  C:4CAFH         LINE#         17
  C:4CB6H         LINE#         18
  C:4CBBH         LINE#         20
  C:4CBEH         LINE#         21
  C:4CC3H         LINE#         23
  C:4CC6H         LINE#         24
  C:4CCBH         LINE#         26
  C:4CD2H         LINE#         29
  C:4CD7H         LINE#         30
  C:4CDCH         LINE#         32
  C:4CE1H         LINE#         33
  C:4CE6H         LINE#         35
  C:4CEBH         LINE#         36
  C:4CF0H         LINE#         37
  -------         ENDPROC       LCD_INIT
  C:4AEAH         SYMBOL        L?0040
  -------         PROC          L?0039
  -------         ENDPROC       L?0039
  C:4AEAH         SYMBOL        L?0040
  -------         PROC          _WRITEDATA
  X:0476H         SYMBOL        dat
  C:4AEEH         LINE#         40
  C:4AF3H         LINE#         41
  C:4AF3H         LINE#         46
  C:4AF5H         LINE#         47
  C:4AF7H         LINE#         49
  C:4B05H         LINE#         50
  C:4B11H         LINE#         51
  C:4B1DH         LINE#         52
  C:4B27H         LINE#         53
  C:4B29H         LINE#         54
  C:4B30H         LINE#         55
  C:4B32H         LINE#         57
  C:4B42H         LINE#         58
  C:4B4DH         LINE#         59
  C:4B57H         LINE#         60
  C:4B5BH         LINE#         62
  C:4B5BH         LINE#         63
  C:4B5EH         LINE#         64
  C:4B60H         LINE#         65
  C:4B62H         LINE#         67
  -------         ENDPROC       _WRITEDATA
  -------         PROC          _COMMAND
  D:0007H         SYMBOL        dat
  C:4DCFH         LINE#         69
  C:4DCFH         LINE#         70
  C:4DCFH         LINE#         71
  C:4DD1H         LINE#         72
  C:4DD3H         LINE#         74
  C:4DDDH         LINE#         75
  C:4DE1H         LINE#         77
BL51 BANKED LINKER/LOCATER V6.22                                                      03/20/2019  13:43:37  PAGE 21


  C:4DE3H         LINE#         78
  C:4DECH         LINE#         79
  C:4DF0H         LINE#         81
  C:4DF2H         LINE#         82
  C:4DF9H         LINE#         83
  C:4DFDH         LINE#         85
  C:4DFFH         LINE#         86
  C:4E03H         LINE#         87
  C:4E07H         LINE#         89
  C:4E09H         LINE#         90
  C:4E09H         LINE#         91
  C:4E0CH         LINE#         92
  C:4E0EH         LINE#         93
  -------         ENDPROC       _COMMAND
  C:4F90H         SYMBOL        L?0038
  -------         PROC          L?0037
  -------         ENDPROC       L?0037
  C:4F90H         SYMBOL        L?0038
  -------         PROC          _WAIT_MS
  D:0006H         SYMBOL        ms
  -------         DO            
  D:0004H         SYMBOL        De_Cnt
  -------         ENDDO         
  C:4F94H         LINE#         95
  C:4F94H         LINE#         96
  C:4F94H         LINE#         98
  C:4F9EH         LINE#         99
  C:4F9EH         LINE#         100
  C:4FB1H         LINE#         101
  C:4FB1H         LINE#         102
  -------         ENDPROC       _WAIT_MS
  -------         PROC          _DISPLAYLCD
  D:0007H         SYMBOL        BCD
  -------         DO            
  D:0006H         SYMBOL        first_digit
  X:03BBH         SYMBOL        second_digit
  -------         ENDDO         
  C:502FH         LINE#         103
  C:502FH         LINE#         104
  C:502FH         LINE#         106
  C:5036H         LINE#         107
  C:503FH         LINE#         109
  C:5044H         LINE#         111
  -------         ENDPROC       _DISPLAYLCD
  -------         PROC          LCD_RETURN_HOME
  C:518BH         LINE#         115
  C:518BH         LINE#         116
  C:518BH         LINE#         117
  C:5190H         LINE#         118
  -------         ENDPROC       LCD_RETURN_HOME
  -------         PROC          LCD_CLEAR
  C:5195H         LINE#         121
  C:5195H         LINE#         122
  C:5195H         LINE#         123
  C:519AH         LINE#         124
  -------         ENDPROC       LCD_CLEAR
  -------         PROC          _DISPLAY_LINE
BL51 BANKED LINKER/LOCATER V6.22                                                      03/20/2019  13:43:37  PAGE 22


  D:0006H         SYMBOL        line
  C:50ACH         LINE#         128
  C:50ACH         LINE#         129
  C:50ACH         LINE#         130
  C:50B2H         LINE#         131
  C:50B2H         LINE#         132
  C:50B4H         LINE#         133
  C:50B4H         LINE#         134
  C:50B6H         LINE#         136
  C:50B6H         LINE#         137
  C:50BBH         LINE#         138
  C:50C0H         LINE#         139
  C:50C0H         LINE#         140
  -------         ENDPROC       _DISPLAY_LINE
  -------         PROC          _DISPLAY_POS
  X:046CH         SYMBOL        sign_dat
  -------         DO            
  X:0470H         SYMBOL        unit
  X:0471H         SYMBOL        ten
  X:0472H         SYMBOL        hundred
  D:0003H         SYMBOL        thousand
  X:0473H         SYMBOL        after_dot
  X:0474H         SYMBOL        dat
  -------         ENDDO         
  C:3FB8H         LINE#         142
  C:3FBEH         LINE#         143
  C:3FBEH         LINE#         147
  C:3FDAH         LINE#         148
  C:3FF4H         LINE#         149
  C:4018H         LINE#         151
  C:4062H         LINE#         153
  C:4079H         LINE#         154
  C:4086H         LINE#         155
  C:40A8H         LINE#         156
  C:40DDH         LINE#         157
  C:40F5H         LINE#         158
  C:40F5H         LINE#         160
  C:40F5H         LINE#         161
  C:40F5H         LINE#         162
  C:40F5H         LINE#         163
  C:40F5H         LINE#         164
  C:40F5H         LINE#         168
  C:40F7H         LINE#         170
  C:40F7H         LINE#         172
  C:40FCH         LINE#         173
  C:4102H         LINE#         174
  C:4108H         LINE#         175
  C:410EH         LINE#         176
  C:4113H         LINE#         177
  C:4119H         LINE#         181
  C:4119H         LINE#         183
  -------         ENDPROC       _DISPLAY_POS
  -------         PROC          _ABS
  D:0006H         SYMBOL        dat
  C:50EAH         LINE#         185
  C:50EAH         LINE#         186
  C:50EAH         LINE#         187
BL51 BANKED LINKER/LOCATER V6.22                                                      03/20/2019  13:43:37  PAGE 23


  C:50F5H         LINE#         188
  C:50F6H         LINE#         190
  C:50FDH         LINE#         191
  -------         ENDPROC       _ABS
  -------         ENDMOD        LCD_DRIVER_SPLC780D

  -------         MODULE        KEYPAD
  C:0000H         SYMBOL        _ICE_DUMMY_
  D:0093H         PUBLIC        P0M1
  D:0080H         PUBLIC        P0
  D:0090H         PUBLIC        P1
  D:00A0H         PUBLIC        P2
  D:00B0H         PUBLIC        P3
  D:00C0H         PUBLIC        P4
  D:00C8H         PUBLIC        P5
  B:0020H.0       PUBLIC        calib_mode
  D:00E8H         PUBLIC        P6
  D:00F8H         PUBLIC        P7
  D:00A8H         PUBLIC        IE
  C:3B1AH         PUBLIC        Key_Scan
  D:00B8H         PUBLIC        IP
  D:00D8H         PUBLIC        CCON
  C:517FH         PUBLIC        KeyPad_IO_Init
  C:5011H         PUBLIC        _Delay_ms
  D:0098H         PUBLIC        SCON
  D:0088H         PUBLIC        TCON
  B:0020H.1       PUBLIC        small_move
  B:0020H.2       PUBLIC        move
  B:0020H.3       PUBLIC        direction
  B:0020H.4       PUBLIC        auto_move
  C:3211H         PUBLIC        Key_Process
  D:00D0H         PUBLIC        PSW
  D:0094H         PUBLIC        P0M0
  -------         PROC          _DELAY_MS
  D:0006H         SYMBOL        ms
  -------         DO            
  D:0004H         SYMBOL        De_Cnt
  -------         ENDDO         
  C:5011H         LINE#         19
  C:5011H         LINE#         20
  C:5011H         LINE#         22
  C:501BH         LINE#         23
  C:501BH         LINE#         24
  C:502EH         LINE#         25
  C:502EH         LINE#         26
  -------         ENDPROC       _DELAY_MS
  -------         PROC          KEY_SCAN
  -------         DO            
  X:03C1H         SYMBOL        KeyTemp1
  X:03C2H         SYMBOL        KeyTemp2
  X:03C3H         SYMBOL        KeyValue
  -------         ENDDO         
  C:3B1AH         LINE#         27
  C:3B1AH         LINE#         28
  C:3B1AH         LINE#         33
  C:3B1DH         LINE#         36
  C:3B20H         LINE#         38
BL51 BANKED LINKER/LOCATER V6.22                                                      03/20/2019  13:43:37  PAGE 24


  C:3B28H         LINE#         39
  C:3B2FH         LINE#         40
  C:3B2FH         LINE#         42
  C:3B34H         LINE#         43
  C:3B3BH         LINE#         44
  C:3B3BH         LINE#         47
  C:3B3EH         LINE#         48
  C:3B41H         LINE#         49
  C:3B46H         LINE#         50
  C:3B4AH         LINE#         51
  C:3B4AH         LINE#         52
  C:3B52H         LINE#         53
  C:3B52H         LINE#         54
  C:3B55H         LINE#         55
  C:3B5DH         LINE#         56
  C:3B5FH         LINE#         58
  C:3B73H         LINE#         59
  C:3B73H         LINE#         60
  C:3B73H         LINE#         61
  C:3B73H         LINE#         62
  C:3B79H         LINE#         64
  C:3B7BH         LINE#         65
  C:3B7BH         LINE#         66
  C:3B7BH         LINE#         67
  C:3B81H         LINE#         69
  C:3B83H         LINE#         70
  C:3B83H         LINE#         71
  C:3B83H         LINE#         72
  C:3B89H         LINE#         74
  C:3B8BH         LINE#         75
  C:3B8BH         LINE#         76
  C:3B8BH         LINE#         77
  C:3B91H         LINE#         79
  C:3B91H         LINE#         80
  C:3B91H         LINE#         81
  C:3B91H         LINE#         84
  C:3B94H         LINE#         85
  C:3B97H         LINE#         86
  C:3B9FH         LINE#         87
  C:3BA3H         LINE#         88
  C:3BA3H         LINE#         89
  C:3BABH         LINE#         90
  C:3BABH         LINE#         91
  C:3BAEH         LINE#         92
  C:3BB6H         LINE#         93
  C:3BB8H         LINE#         94
  C:3BCCH         LINE#         95
  C:3BCCH         LINE#         96
  C:3BCCH         LINE#         97
  C:3BCCH         LINE#         98
  C:3BD2H         LINE#         100
  C:3BD4H         LINE#         101
  C:3BD4H         LINE#         102
  C:3BD4H         LINE#         103
  C:3BDAH         LINE#         105
  C:3BDCH         LINE#         106
  C:3BDCH         LINE#         107
BL51 BANKED LINKER/LOCATER V6.22                                                      03/20/2019  13:43:37  PAGE 25


  C:3BDCH         LINE#         108
  C:3BE2H         LINE#         110
  C:3BE4H         LINE#         111
  C:3BE4H         LINE#         112
  C:3BE4H         LINE#         113
  C:3BE9H         LINE#         115
  C:3BE9H         LINE#         116
  C:3BE9H         LINE#         117
  C:3BE9H         LINE#         120
  C:3BECH         LINE#         121
  C:3BEFH         LINE#         122
  C:3BF7H         LINE#         123
  C:3BFBH         LINE#         124
  C:3BFBH         LINE#         125
  C:3C03H         LINE#         126
  C:3C03H         LINE#         127
  C:3C06H         LINE#         128
  C:3C0EH         LINE#         129
  C:3C10H         LINE#         130
  C:3C24H         LINE#         131
  C:3C24H         LINE#         132
  C:3C24H         LINE#         133
  C:3C24H         LINE#         134
  C:3C2AH         LINE#         136
  C:3C2CH         LINE#         137
  C:3C2CH         LINE#         138
  C:3C2CH         LINE#         139
  C:3C32H         LINE#         141
  C:3C34H         LINE#         142
  C:3C34H         LINE#         143
  C:3C34H         LINE#         144
  C:3C3AH         LINE#         146
  C:3C3CH         LINE#         147
  C:3C3CH         LINE#         148
  C:3C3CH         LINE#         149
  C:3C42H         LINE#         151
  C:3C42H         LINE#         152
  C:3C42H         LINE#         153
  C:3C42H         LINE#         157
  C:3C45H         LINE#         158
  C:3C48H         LINE#         159
  C:3C50H         LINE#         160
  C:3C54H         LINE#         161
  C:3C54H         LINE#         162
  C:3C5CH         LINE#         163
  C:3C5CH         LINE#         164
  C:3C5FH         LINE#         165
  C:3C67H         LINE#         166
  C:3C69H         LINE#         167
  C:3C7DH         LINE#         168
  C:3C7DH         LINE#         169
  C:3C7DH         LINE#         170
  C:3C7DH         LINE#         171
  C:3C83H         LINE#         173
  C:3C85H         LINE#         174
  C:3C85H         LINE#         175
  C:3C85H         LINE#         176
BL51 BANKED LINKER/LOCATER V6.22                                                      03/20/2019  13:43:37  PAGE 26


  C:3C8BH         LINE#         178
  C:3C8DH         LINE#         179
  C:3C8DH         LINE#         180
  C:3C8DH         LINE#         181
  C:3C93H         LINE#         183
  C:3C95H         LINE#         184
  C:3C95H         LINE#         185
  C:3C95H         LINE#         186
  C:3C9BH         LINE#         188
  C:3C9BH         LINE#         189
  C:3C9BH         LINE#         190
  C:3C9BH         LINE#         192
  C:3CA1H         LINE#         193
  C:3CA1H         LINE#         195
  C:3CA1H         LINE#         196
  C:3CA4H         LINE#         197
  C:3CA4H         LINE#         198
  C:3CA4H         LINE#         200
  C:3CA4H         LINE#         201
  C:3CA6H         LINE#         202
  C:3CA6H         LINE#         203
  -------         ENDPROC       KEY_SCAN
  -------         PROC          KEY_PROCESS
  -------         DO            
  X:0623H         SYMBOL        KeyCount
  X:0625H         SYMBOL        KeyNum_Old
  X:0626H         SYMBOL        KeyNum
  X:0627H         SYMBOL        PressedKey
  X:03BBH         SYMBOL        d
  D:0004H         SYMBOL        hours
  D:0006H         SYMBOL        mins
  X:03BDH         SYMBOL        months
  X:03BFH         SYMBOL        days
  -------         ENDDO         
  C:3211H         LINE#         204
  C:3211H         LINE#         205
  C:3211H         LINE#         209
  C:3219H         LINE#         210
  C:3221H         LINE#         212
  C:3224H         LINE#         213
  C:3224H         LINE#         214
  C:3227H         LINE#         216
  C:3227H         LINE#         217
  C:3234H         LINE#         218
  C:3234H         LINE#         219
  C:3237H         LINE#         220
  C:323AH         LINE#         222
  C:323DH         LINE#         224
  C:323DH         LINE#         225
  C:3248H         LINE#         226
  C:3248H         LINE#         227
  C:324BH         LINE#         229
  C:324BH         LINE#         230
  C:3252H         LINE#         231
  C:3252H         LINE#         232
  C:3255H         LINE#         234
  C:3255H         LINE#         235
BL51 BANKED LINKER/LOCATER V6.22                                                      03/20/2019  13:43:37  PAGE 27


  C:325DH         LINE#         236
  C:325DH         LINE#         237
  C:3267H         LINE#         238
  C:326FH         LINE#         240
  C:3278H         LINE#         242
  C:3278H         LINE#         251
  C:328DH         LINE#         252
  C:328DH         LINE#         253
  C:329FH         LINE#         254
  C:32ADH         LINE#         255
  C:32BCH         LINE#         256
  C:32BCH         LINE#         258
  C:32C2H         LINE#         262
  C:32D8H         LINE#         263
  C:32E9H         LINE#         264
  C:3304H         LINE#         265
  C:3304H         LINE#         266
  C:3314H         LINE#         267
  C:3325H         LINE#         268
  C:3325H         LINE#         272
  C:333EH         LINE#         273
  C:3355H         LINE#         274
  C:3375H         LINE#         275
  C:3375H         LINE#         276
  C:337FH         LINE#         277
  C:337FH         LINE#         278
  C:3388H         LINE#         279
  C:3388H         LINE#         280
  C:339CH         LINE#         281
  C:339CH         LINE#         282
  C:339CH         LINE#         283
  C:339CH         LINE#         284
  C:339CH         LINE#         285
  C:339EH         LINE#         287
  C:339EH         LINE#         288
  C:33AAH         LINE#         289
  C:33AAH         LINE#         290
  C:33BBH         LINE#         291
  C:33BBH         LINE#         292
  C:33BBH         LINE#         293
  C:33BBH         LINE#         294
  C:33BBH         LINE#         296
  C:33BDH         LINE#         298
  C:33BDH         LINE#         299
  C:33CEH         LINE#         300
  C:33CEH         LINE#         301
  C:33CEH         LINE#         302
  C:33CEH         LINE#         303
  C:33CEH         LINE#         305
  C:33CEH         LINE#         307
  C:33CEH         LINE#         308
  C:33D0H         LINE#         310
  C:33D0H         LINE#         311
  C:33E3H         LINE#         312
  C:33E3H         LINE#         313
  C:33F4H         LINE#         314
  C:33F4H         LINE#         315
BL51 BANKED LINKER/LOCATER V6.22                                                      03/20/2019  13:43:37  PAGE 28


  C:33F4H         LINE#         316
  C:33F4H         LINE#         317
  C:33F4H         LINE#         318
  C:33F6H         LINE#         320
  C:33F6H         LINE#         321
  C:3407H         LINE#         322
  C:3407H         LINE#         323
  C:3418H         LINE#         324
  C:3429H         LINE#         325
  C:3429H         LINE#         326
  C:3429H         LINE#         327
  C:3429H         LINE#         328
  C:3429H         LINE#         330
  C:3443H         LINE#         331
  C:3443H         LINE#         332
  C:3448H         LINE#         333
  C:3448H         LINE#         334
  C:344EH         LINE#         335
  C:344EH         LINE#         336
  C:3451H         LINE#         337
  C:3456H         LINE#         338
  C:345BH         LINE#         339
  C:3460H         LINE#         340
  C:3465H         LINE#         341
  C:346AH         LINE#         342
  C:346FH         LINE#         343
  C:3474H         LINE#         344
  C:3474H         LINE#         345
  C:3474H         LINE#         347
  C:3496H         LINE#         348
  C:3496H         LINE#         349
  C:34A0H         LINE#         350
  C:34A0H         LINE#         351
  C:34A5H         LINE#         352
  C:34AEH         LINE#         353
  C:34C5H         LINE#         354
  C:34C5H         LINE#         355
  C:34D5H         LINE#         357
  C:34D5H         LINE#         361
  -------         ENDPROC       KEY_PROCESS
  -------         PROC          KEYPAD_IO_INIT
  C:517FH         LINE#         364
  C:517FH         LINE#         365
  C:517FH         LINE#         366
  C:5182H         LINE#         367
  C:5185H         LINE#         368
  C:5188H         LINE#         369
  C:518AH         LINE#         370
  -------         ENDPROC       KEYPAD_IO_INIT
  -------         ENDMOD        KEYPAD

  -------         MODULE        BIPOLARMOTOR
  C:0000H         SYMBOL        _ICE_DUMMY_
  D:0080H         PUBLIC        P0
  D:0090H         PUBLIC        P1
  X:0000H         PUBLIC        RX_pos_test
  D:00A0H         PUBLIC        P2
BL51 BANKED LINKER/LOCATER V6.22                                                      03/20/2019  13:43:37  PAGE 29


  D:00B0H         PUBLIC        P3
  D:00C0H         PUBLIC        P4
  D:00C8H         PUBLIC        P5
  D:00E8H         PUBLIC        P6
  D:00F8H         PUBLIC        P7
  X:00A0H         PUBLIC        low_date_azimuth_mapping
  D:00A8H         PUBLIC        IE
  C:454CH         PUBLIC        linear_interpolate
  C:4F3FH         PUBLIC        _Move
  D:00B8H         PUBLIC        IP
  C:37C9H         PUBLIC        _findDet3x3
  C:34D6H         PUBLIC        _findDet4x4
  D:00D8H         PUBLIC        CCON
  X:00C8H         PUBLIC        previous_move_time
  D:0098H         PUBLIC        SCON
  D:0088H         PUBLIC        TCON
  C:51AFH         PUBLIC        wait
  C:4E0FH         PUBLIC        _Step_move
  X:00C9H         PUBLIC        dat
  C:0DD8H         PUBLIC        _Update_position
  C:4CF7H         PUBLIC        vOneStepMove
  X:00CFH         PUBLIC        elevation_stamp
  X:010BH         PUBLIC        date_azimuth_mapping
  X:0133H         PUBLIC        RX_pos
  C:5056H         PUBLIC        _BCDtoDec1
  X:038BH         PUBLIC        degree
  D:00D0H         PUBLIC        PSW
  -------         PROC          L?0062
  -------         ENDPROC       L?0062
  -------         PROC          _BCDTODEC1
  D:0007H         SYMBOL        bcd
  -------         DO            
  D:0006H         SYMBOL        hi
  D:0007H         SYMBOL        lo
  -------         ENDDO         
  C:5056H         LINE#         28
  C:5056H         LINE#         29
  C:5056H         LINE#         31
  C:505BH         LINE#         32
  C:505FH         LINE#         33
  C:5066H         LINE#         34
  -------         ENDPROC       _BCDTODEC1
  -------         PROC          WAIT
  C:51AFH         LINE#         36
  C:51AFH         LINE#         38
  -------         ENDPROC       WAIT
  -------         PROC          VONESTEPMOVE
  B:0020H.7       SYMBOL        bDir
  C:4CF7H         LINE#         40
  C:4CF7H         LINE#         41
  C:4CF7H         LINE#         43
  C:4CFDH         LINE#         44
  C:4CFDH         LINE#         45
  C:4D00H         LINE#         46
  C:4D09H         LINE#         47
  C:4D10H         LINE#         48
  C:4D15H         LINE#         49
BL51 BANKED LINKER/LOCATER V6.22                                                      03/20/2019  13:43:37  PAGE 30


  C:4D15H         LINE#         50
  C:4D15H         LINE#         52
  C:4D17H         LINE#         55
  C:4D17H         LINE#         56
  C:4D1AH         LINE#         57
  C:4D23H         LINE#         58
  C:4D2AH         LINE#         59
  C:4D30H         LINE#         60
  C:4D39H         LINE#         61
  C:4D40H         LINE#         62
  C:4D40H         LINE#         66
  -------         ENDPROC       VONESTEPMOVE
  -------         PROC          _STEP_MOVE
  X:0482H         SYMBOL        step
  B:0020H.6       SYMBOL        dir
  -------         DO            
  X:0484H         SYMBOL        i
  -------         ENDDO         
  C:4E0FH         LINE#         68
  C:4E17H         LINE#         69
  C:4E17H         LINE#         71
  C:4E1CH         LINE#         74
  C:4E37H         LINE#         75
  C:4E37H         LINE#         76
  C:4E3EH         LINE#         78
  C:4E4EH         LINE#         80
  -------         ENDPROC       _STEP_MOVE
  -------         PROC          _MOVE
  X:047EH         SYMBOL        distance
  B:0020H.5       SYMBOL        direction
  -------         DO            
  D:0006H         SYMBOL        step
  -------         ENDDO         
  C:4F3FH         LINE#         82
  C:4F45H         LINE#         83
  C:4F45H         LINE#         86
  C:4F60H         LINE#         87
  -------         ENDPROC       _MOVE
  C:37AAH         SYMBOL        L?0058
  C:37BEH         SYMBOL        L?0059
  -------         PROC          L?0057
  -------         ENDPROC       L?0057
  C:37AAH         SYMBOL        L?0058
  C:37BEH         SYMBOL        L?0059
  -------         PROC          _FINDDET3X3
  X:05FFH         SYMBOL        a11
  X:0603H         SYMBOL        a12
  X:0607H         SYMBOL        a13
  X:060BH         SYMBOL        a21
  X:060FH         SYMBOL        a22
  X:0613H         SYMBOL        a23
  X:0617H         SYMBOL        a31
  X:061BH         SYMBOL        a32
  X:061FH         SYMBOL        a33
  C:37C9H         LINE#         91
  C:37CFH         LINE#         95
  C:37CFH         LINE#         96
BL51 BANKED LINKER/LOCATER V6.22                                                      03/20/2019  13:43:37  PAGE 31


  C:3966H         LINE#         98
  -------         ENDPROC       _FINDDET3X3
  -------         PROC          _FINDDET4X4
  X:05BFH         SYMBOL        a11
  X:05C3H         SYMBOL        a12
  X:05C7H         SYMBOL        a13
  X:05CBH         SYMBOL        a14
  X:05CFH         SYMBOL        a21
  X:05D3H         SYMBOL        a22
  X:05D7H         SYMBOL        a23
  X:05DBH         SYMBOL        a24
  X:05DFH         SYMBOL        a31
  X:05E3H         SYMBOL        a32
  X:05E7H         SYMBOL        a33
  X:05EBH         SYMBOL        a34
  X:05EFH         SYMBOL        a41
  X:05F3H         SYMBOL        a42
  X:05F7H         SYMBOL        a43
  X:05FBH         SYMBOL        a44
  C:34D6H         LINE#         99
  C:34DCH         LINE#         103
  C:34DCH         LINE#         110
  C:3795H         LINE#         114
  -------         ENDPROC       _FINDDET4X4
  C:453BH         SYMBOL        L?0061
  -------         PROC          L?0060
  -------         ENDPROC       L?0060
  C:453BH         SYMBOL        L?0061
  -------         PROC          LINEAR_INTERPOLATE
  X:047EH         SYMBOL        p1
  X:0486H         SYMBOL        p2
  X:048EH         SYMBOL        x
  -------         DO            
  D:0004H         SYMBOL        fx
  -------         ENDDO         
  C:454CH         LINE#         120
  C:454CH         LINE#         121
  C:454CH         LINE#         124
  C:45EBH         LINE#         126
  C:45EBH         LINE#         127
  -------         ENDPROC       LINEAR_INTERPOLATE
  -------         PROC          _UPDATE_POSITION
  D:0001H         SYMBOL        mnths
  D:0002H         SYMBOL        dys
  X:03E1H         SYMBOL        hurs
  X:03E2H         SYMBOL        mns
  X:03E3H         SYMBOL        sconds
  X:03E4H         SYMBOL        currnt_pos
  X:03E7H         SYMBOL        offset_calib
  -------         DO            
  X:03EBH         SYMBOL        date
  X:03EDH         SYMBOL        i
  X:03EFH         SYMBOL        yy
  X:03F1H         SYMBOL        desired_distance
  X:03F5H         SYMBOL        distance
  X:03F9H         SYMBOL        JP_pos
  X:03FDH         SYMBOL        pos_interpolate_azimuth
BL51 BANKED LINKER/LOCATER V6.22                                                      03/20/2019  13:43:37  PAGE 32


  X:0439H         SYMBOL        current_local_sun_time
  X:043DH         SYMBOL        azimuth
  X:0441H         SYMBOL        elevation
  X:0445H         SYMBOL        time_offset
  X:0449H         SYMBOL        UTC_time
  X:044DH         SYMBOL        declination
  X:0451H         SYMBOL        p1
  X:0459H         SYMBOL        p2
  X:0461H         SYMBOL        time
  X:0473H         SYMBOL        location
  X:047BH         SYMBOL        sunCoord
  -------         ENDDO         
  C:0DD8H         LINE#         131
  C:0DE1H         LINE#         134
  C:0DE1H         LINE#         135
  C:0DECH         LINE#         137
  C:0E08H         LINE#         138
  C:0E12H         LINE#         146
  C:0E1CH         LINE#         147
  C:0E26H         LINE#         148
  C:0E30H         LINE#         149
  C:0E3BH         LINE#         150
  C:0E46H         LINE#         151
  C:0E5FH         LINE#         152
  C:0E70H         LINE#         153
  C:0E7FH         LINE#         156
  C:0E93H         LINE#         160
  C:0EE5H         LINE#         161
  C:1049H         LINE#         162
  C:1099H         LINE#         164
  C:11C1H         LINE#         166
  C:1290H         LINE#         173
  C:12D7H         LINE#         174
  C:12D7H         LINE#         176
  C:12F1H         LINE#         177
  C:12F1H         LINE#         178
  C:1361H         LINE#         179
  C:1361H         LINE#         180
  C:1368H         LINE#         181
  C:1368H         LINE#         182
  C:1395H         LINE#         183
  C:13B0H         LINE#         185
  C:13F7H         LINE#         186
  C:142BH         LINE#         188
  C:1471H         LINE#         189
  C:1494H         LINE#         191
  C:1494H         LINE#         193
  C:150AH         LINE#         194
  C:150AH         LINE#         195
  C:1511H         LINE#         196
  C:1511H         LINE#         197
  C:153EH         LINE#         198
  C:1559H         LINE#         200
  C:15A0H         LINE#         201
  C:15D4H         LINE#         203
  C:161AH         LINE#         204
  C:163AH         LINE#         206
BL51 BANKED LINKER/LOCATER V6.22                                                      03/20/2019  13:43:37  PAGE 33


  C:163AH         LINE#         207
  C:164BH         LINE#         210
  C:1665H         LINE#         211
  C:1665H         LINE#         212
  C:16D5H         LINE#         213
  C:16D5H         LINE#         214
  C:1702H         LINE#         215
  C:171DH         LINE#         217
  C:174AH         LINE#         218
  C:1765H         LINE#         220
  C:1797H         LINE#         223
  C:1797H         LINE#         225
  C:17A8H         LINE#         227
  C:17D7H         LINE#         229
  C:17FCH         LINE#         230
  C:1861H         LINE#         231
  C:1861H         LINE#         232
  C:187BH         LINE#         233
  C:188DH         LINE#         234
  C:18A5H         LINE#         235
  C:18BBH         LINE#         237
  C:18D7H         LINE#         238
  C:18D7H         LINE#         239
  C:18D7H         LINE#         242
  -------         ENDPROC       _UPDATE_POSITION
  -------         ENDMOD        BIPOLARMOTOR

  -------         MODULE        SUNPOS
  C:0000H         SYMBOL        _ICE_DUMMY_
  C:228EH         PUBLIC        sunpos
  -------         PROC          SUNPOS
  X:047EH         SYMBOL        udtTime
  X:0490H         SYMBOL        udtLocation
  X:0498H         SYMBOL        udtSunCoordinates
  -------         DO            
  X:049BH         SYMBOL        dElapsedJulianDays
  X:049FH         SYMBOL        dDecimalHours
  X:04A3H         SYMBOL        dEclipticLongitude
  X:04A7H         SYMBOL        dEclipticObliquity
  X:04ABH         SYMBOL        dRightAscension
  X:04AFH         SYMBOL        dDeclination
  X:04B3H         SYMBOL        dY
  X:04B7H         SYMBOL        dX
  -------         DO            
  X:04BBH         SYMBOL        dJulianDate
  X:04BFH         SYMBOL        liAux1
  X:04C3H         SYMBOL        liAux2
  X:04BBH         SYMBOL        dMeanLongitude
  X:04BFH         SYMBOL        dMeanAnomaly
  X:04C3H         SYMBOL        dOmega
  X:04BBH         SYMBOL        dSin_EclipticLongitude
  X:04BBH         SYMBOL        dGreenwichMeanSiderealTime
  X:04BFH         SYMBOL        dLocalMeanSiderealTime
  X:04C3H         SYMBOL        dLatitudeInRadians
  X:04C7H         SYMBOL        dHourAngle
  X:04CBH         SYMBOL        dCos_Latitude
  X:04CFH         SYMBOL        dSin_Latitude
BL51 BANKED LINKER/LOCATER V6.22                                                      03/20/2019  13:43:37  PAGE 34


  X:04D3H         SYMBOL        dCos_HourAngle
  X:04D7H         SYMBOL        dParallax
  -------         ENDDO         
  -------         DO            
  X:04BBH         SYMBOL        dMeanLongitude
  X:04BFH         SYMBOL        dMeanAnomaly
  X:04C3H         SYMBOL        dOmega
  X:04BBH         SYMBOL        dSin_EclipticLongitude
  X:04BBH         SYMBOL        dGreenwichMeanSiderealTime
  X:04BFH         SYMBOL        dLocalMeanSiderealTime
  X:04C3H         SYMBOL        dLatitudeInRadians
  X:04C7H         SYMBOL        dHourAngle
  X:04CBH         SYMBOL        dCos_Latitude
  X:04CFH         SYMBOL        dSin_Latitude
  X:04D3H         SYMBOL        dCos_HourAngle
  X:04D7H         SYMBOL        dParallax
  -------         ENDDO         
  -------         DO            
  X:04BBH         SYMBOL        dSin_EclipticLongitude
  X:04BBH         SYMBOL        dGreenwichMeanSiderealTime
  X:04BFH         SYMBOL        dLocalMeanSiderealTime
  X:04C3H         SYMBOL        dLatitudeInRadians
  X:04C7H         SYMBOL        dHourAngle
  X:04CBH         SYMBOL        dCos_Latitude
  X:04CFH         SYMBOL        dSin_Latitude
  X:04D3H         SYMBOL        dCos_HourAngle
  X:04D7H         SYMBOL        dParallax
  -------         ENDDO         
  -------         DO            
  X:04BBH         SYMBOL        dGreenwichMeanSiderealTime
  X:04BFH         SYMBOL        dLocalMeanSiderealTime
  X:04C3H         SYMBOL        dLatitudeInRadians
  X:04C7H         SYMBOL        dHourAngle
  X:04CBH         SYMBOL        dCos_Latitude
  X:04CFH         SYMBOL        dSin_Latitude
  X:04D3H         SYMBOL        dCos_HourAngle
  X:04D7H         SYMBOL        dParallax
  -------         ENDDO         
  -------         ENDDO         
  C:228EH         LINE#         6
  C:228EH         LINE#         7
  C:228EH         LINE#         9
  C:228EH         LINE#         27
  C:22D8H         LINE#         30
  C:22F9H         LINE#         31
  C:2440H         LINE#         34
[...]
  C:4441H         LINE#         153
  C:4443H         LINE#         154
  C:4446H         LINE#         155
  C:444DH         LINE#         157
  -------         ENDPROC       _AT25SF041_WRITE
  -------         PROC          _AT25SF041_READ
  D:0003H         SYMBOL        opcode
  X:062DH         SYMBOL        addr
  -------         DO            
  X:0631H         SYMBOL        dat
  X:0632H         SYMBOL        i
  -------         ENDDO         
  C:423CH         LINE#         159
  C:423EH         LINE#         160
  C:423EH         LINE#         161
  C:4243H         LINE#         163
  C:4245H         LINE#         164
  C:424BH         LINE#         168
  C:4250H         LINE#         169
  C:4250H         LINE#         170
  C:4252H         LINE#         171
  C:4255H         LINE#         172
  C:4259H         LINE#         173
  C:4259H         LINE#         174
  C:425BH         LINE#         175
  C:425DH         LINE#         177
  C:425DH         LINE#         178
  C:425FH         LINE#         180
  C:425FH         LINE#         181
  C:425FH         LINE#         182
  C:425FH         LINE#         183
  C:4262H         LINE#         184
  C:4266H         LINE#         187
  C:4285H         LINE#         189
  C:428CH         LINE#         190
  C:428CH         LINE#         191
  C:428EH         LINE#         192
  C:4291H         LINE#         193
  C:42ADH         LINE#         194
BL51 BANKED LINKER/LOCATER V6.22                                                      03/20/2019  13:43:37  PAGE 47


  C:42ADH         LINE#         195
  C:42AFH         LINE#         196
  C:42B1H         LINE#         198
  C:42B1H         LINE#         199
  C:42B3H         LINE#         201
  C:42B3H         LINE#         202
  C:42B3H         LINE#         203
  C:42B3H         LINE#         204
  C:42B6H         LINE#         205
  C:42CFH         LINE#         207
  C:42EEH         LINE#         210
  C:42F5H         LINE#         212
  C:42F7H         LINE#         213
  C:42FEH         LINE#         215
  C:4305H         LINE#         216
  C:4305H         LINE#         217
  C:430CH         LINE#         218
  C:430CH         LINE#         219
  C:430FH         LINE#         220
  C:4311H         LINE#         221
  C:4314H         LINE#         223
  C:4317H         LINE#         224
  C:4317H         LINE#         226
  C:431BH         LINE#         227
  C:431BH         LINE#         233
  C:433AH         LINE#         236
  C:433CH         LINE#         237
  C:433FH         LINE#         238
  C:4346H         LINE#         240
  C:434BH         LINE#         242
  -------         ENDPROC       _AT25SF041_READ
  -------         PROC          UCREAD_STATUS_REGISTER_BYTE1
  -------         DO            
  D:0003H         SYMBOL        dat
  D:0001H         SYMBOL        opcode
  X:0474H         SYMBOL        count
  X:0475H         SYMBOL        i
  -------         ENDDO         
  C:4800H         LINE#         246
  C:4800H         LINE#         247
  C:4800H         LINE#         248
  C:4806H         LINE#         249
  C:480AH         LINE#         250
  C:480CH         LINE#         251
  C:480EH         LINE#         252
  C:4814H         LINE#         256
  C:481BH         LINE#         257
  C:481BH         LINE#         258
  C:481DH         LINE#         259
  C:4820H         LINE#         260
  C:4824H         LINE#         261
  C:4824H         LINE#         262
  C:4826H         LINE#         263
  C:4828H         LINE#         265
  C:4828H         LINE#         266
  C:482AH         LINE#         268
  C:482AH         LINE#         269
BL51 BANKED LINKER/LOCATER V6.22                                                      03/20/2019  13:43:37  PAGE 48


  C:482AH         LINE#         270
  C:482AH         LINE#         271
  C:482DH         LINE#         272
  C:4831H         LINE#         275
  C:4850H         LINE#         279
  C:4857H         LINE#         281
  C:4859H         LINE#         282
  C:4860H         LINE#         283
  C:4867H         LINE#         284
  C:4867H         LINE#         285
  C:486BH         LINE#         286
  C:486BH         LINE#         287
  C:486EH         LINE#         288
  C:4870H         LINE#         289
  C:4873H         LINE#         291
  C:4876H         LINE#         292
  C:4876H         LINE#         294
  C:487AH         LINE#         295
  C:487AH         LINE#         297
  C:4899H         LINE#         301
  C:489BH         LINE#         302
  C:489EH         LINE#         303
  C:48A0H         LINE#         304
  -------         ENDPROC       UCREAD_STATUS_REGISTER_BYTE1
  -------         PROC          SPI_NOR_WRITE_DATA
  X:03BBH         SYMBOL        dat
  X:03C6H         SYMBOL        addr
  C:3CA7H         LINE#         306
  C:3CA7H         LINE#         307
  C:3CA7H         LINE#         309
  C:3CAAH         LINE#         311
  C:3CC4H         LINE#         312
  C:3CE2H         LINE#         314
  C:3CE9H         LINE#         315
  C:3CECH         LINE#         317
  C:3D06H         LINE#         318
  C:3D06H         LINE#         319
  C:3D06H         LINE#         322
  C:3D09H         LINE#         324
  C:3D23H         LINE#         325
  C:3D23H         LINE#         326
  C:3D23H         LINE#         328
  C:3D26H         LINE#         330
  C:3D40H         LINE#         331
  C:3D40H         LINE#         332
  C:3D40H         LINE#         334
  C:3D43H         LINE#         336
  C:3D5DH         LINE#         337
  C:3D5DH         LINE#         338
  C:3D5DH         LINE#         340
  C:3D60H         LINE#         342
  C:3D7AH         LINE#         343
  C:3D7AH         LINE#         344
  C:3D7AH         LINE#         346
  C:3D7DH         LINE#         348
  C:3D97H         LINE#         349
  C:3D97H         LINE#         350
BL51 BANKED LINKER/LOCATER V6.22                                                      03/20/2019  13:43:37  PAGE 49


  C:3D97H         LINE#         352
  C:3D9AH         LINE#         354
  C:3DB4H         LINE#         355
  C:3DB4H         LINE#         356
  C:3DB4H         LINE#         358
  C:3DB7H         LINE#         360
  C:3DD1H         LINE#         361
  C:3DD1H         LINE#         362
  C:3DD1H         LINE#         364
  C:3DD4H         LINE#         366
  C:3DEEH         LINE#         367
  C:3DEEH         LINE#         368
  C:3DEEH         LINE#         370
  C:3DF1H         LINE#         372
  C:3E0BH         LINE#         373
  C:3E12H         LINE#         374
  -------         ENDPROC       SPI_NOR_WRITE_DATA
  -------         ENDMOD        AT25SF041

  -------         MODULE        ?C_STARTUP
  C:49DAH         SEGMENT       ?C_C51STARTUP
  I:0022H         SEGMENT       ?STACK
  C:0000H         PUBLIC        ?C_STARTUP
  D:00E0H         SYMBOL        ACC
  D:00F0H         SYMBOL        B
  D:0083H         SYMBOL        DPH
  D:0082H         SYMBOL        DPL
  N:0000H         SYMBOL        IBPSTACK
  N:0100H         SYMBOL        IBPSTACKTOP
  N:0080H         SYMBOL        IDATALEN
  C:49DDH         SYMBOL        IDATALOOP
  N:0000H         SYMBOL        PBPSTACK
  N:0100H         SYMBOL        PBPSTACKTOP
  N:0000H         SYMBOL        PDATALEN
  N:0000H         SYMBOL        PDATASTART
  N:0000H         SYMBOL        PPAGE
  N:0000H         SYMBOL        PPAGEENABLE
  D:00A0H         SYMBOL        PPAGE_SFR
  D:0081H         SYMBOL        SP
  C:49DAH         SYMBOL        STARTUP1
  N:0000H         SYMBOL        XBPSTACK
  N:0000H         SYMBOL        XBPSTACKTOP
  N:0000H         SYMBOL        XDATALEN
  N:0000H         SYMBOL        XDATASTART
  C:0000H         LINE#         126
  C:49DAH         LINE#         133
  C:49DCH         LINE#         134
  C:49DDH         LINE#         135
  C:49DEH         LINE#         136
  C:49E0H         LINE#         185
  C:49E3H         LINE#         196
  -------         ENDMOD        ?C_STARTUP

  -------         MODULE        ?C?FPADD
  C:18DFH         PUBLIC        ?C?FPADD
  C:18DBH         PUBLIC        ?C?FPSUB
  -------         ENDMOD        ?C?FPADD
BL51 BANKED LINKER/LOCATER V6.22                                                      03/20/2019  13:43:37  PAGE 50



  -------         MODULE        ?C?FPMUL
  C:19D0H         PUBLIC        ?C?FPMUL
  -------         ENDMOD        ?C?FPMUL

  -------         MODULE        ?C?FPDIV
  C:1AD9H         PUBLIC        ?C?FPDIV
  -------         ENDMOD        ?C?FPDIV

  -------         MODULE        ?C?FPCMP
  C:1B78H         PUBLIC        ?C?FPCMP
  C:1B76H         PUBLIC        ?C?FPCMP3
  -------         ENDMOD        ?C?FPCMP

  -------         MODULE        ?C?FPNEG
  C:1BEFH         PUBLIC        ?C?FPNEG
  -------         ENDMOD        ?C?FPNEG

  -------         MODULE        ?C?FCAST
  C:1C0AH         PUBLIC        ?C?FCASTC
  C:1C05H         PUBLIC        ?C?FCASTI
  C:1C00H         PUBLIC        ?C?FCASTL
  -------         ENDMOD        ?C?FCAST

  -------         MODULE        ?C?CASTF
  C:1C3EH         PUBLIC        ?C?CASTF
  -------         ENDMOD        ?C?CASTF

  -------         MODULE        ATAN2
  X:04DBH         PUBLIC        ?_atan2?BYTE
  C:48A1H         PUBLIC        _atan2
  -------         ENDMOD        ATAN2

  -------         MODULE        SIN
  C:3E78H         PUBLIC        _COS
  C:3E8EH         PUBLIC        _SIN
  C:3ECAH         PUBLIC        _TAN
  -------         ENDMOD        SIN

  -------         MODULE        ACOS
  C:4D41H         PUBLIC        _ACOS
  -------         ENDMOD        ACOS

  -------         MODULE        ASIN
  C:4E4FH         PUBLIC        _ASIN
  -------         ENDMOD        ASIN

  -------         MODULE        SQRT
  C:4758H         PUBLIC        _SQRT
  -------         ENDMOD        SQRT

  -------         MODULE        ATAN
  C:413AH         PUBLIC        _ATAN
  -------         ENDMOD        ATAN

  -------         MODULE        ?C?COPY
  C:1DDCH         PUBLIC        ?C?COPY
BL51 BANKED LINKER/LOCATER V6.22                                                      03/20/2019  13:43:37  PAGE 51


  -------         ENDMOD        ?C?COPY

  -------         MODULE        ?C?CLDPTR
  C:1E02H         PUBLIC        ?C?CLDPTR
  -------         ENDMOD        ?C?CLDPTR

  -------         MODULE        ?C?CLDOPTR
  C:1E1BH         PUBLIC        ?C?CLDOPTR
  -------         ENDMOD        ?C?CLDOPTR

  -------         MODULE        ?C?CSTPTR
  C:1E48H         PUBLIC        ?C?CSTPTR
  -------         ENDMOD        ?C?CSTPTR

  -------         MODULE        ?C?IMUL
  C:1E5AH         PUBLIC        ?C?IMUL
  -------         ENDMOD        ?C?IMUL

  -------         MODULE        ?C?UIDIV
  C:1E6CH         PUBLIC        ?C?UIDIV
  -------         ENDMOD        ?C?UIDIV

  -------         MODULE        ?C?SIDIV
  C:1EC1H         PUBLIC        ?C?SIDIV
  -------         ENDMOD        ?C?SIDIV

  -------         MODULE        ?C?ILDIX
  C:1EF7H         PUBLIC        ?C?ILDIX
  -------         ENDMOD        ?C?ILDIX

  -------         MODULE        ?C?ILDOPTR
  C:1F0DH         PUBLIC        ?C?ILDOPTR
  -------         ENDMOD        ?C?ILDOPTR

  -------         MODULE        ?C?ISTPTR
  C:1F45H         PUBLIC        ?C?ISTPTR
  -------         ENDMOD        ?C?ISTPTR

  -------         MODULE        ?C?LMUL
  C:1F64H         PUBLIC        ?C?LMUL
  -------         ENDMOD        ?C?LMUL

  -------         MODULE        ?C?SLDIV
  C:4D8BH         PUBLIC        ?C?SLDIV
  -------         ENDMOD        ?C?SLDIV

  -------         MODULE        ?C?LNEG
  C:1FB3H         PUBLIC        ?C?LNEG
  -------         ENDMOD        ?C?LNEG

  -------         MODULE        ?C?ULCMP
  C:1FC1H         PUBLIC        ?C?ULCMP
  -------         ENDMOD        ?C?ULCMP

  -------         MODULE        ?C?LSHL
  C:1FD2H         PUBLIC        ?C?LSHL
  -------         ENDMOD        ?C?LSHL
BL51 BANKED LINKER/LOCATER V6.22                                                      03/20/2019  13:43:37  PAGE 52



  -------         MODULE        ?C?LLDPTR
  C:1FE5H         PUBLIC        ?C?LLDPTR
  -------         ENDMOD        ?C?LLDPTR

  -------         MODULE        ?C?LLDOPTR
  C:2005H         PUBLIC        ?C?LLDOPTR
  -------         ENDMOD        ?C?LLDOPTR

  -------         MODULE        ?C?LSTPTR
  C:2035H         PUBLIC        ?C?LSTPTR
  -------         ENDMOD        ?C?LSTPTR

  -------         MODULE        ?C?LSTOPTR
  C:204FH         PUBLIC        ?C?LSTOPTR
  -------         ENDMOD        ?C?LSTOPTR

  -------         MODULE        ?C?LLDXDATA
  C:2073H         PUBLIC        ?C?LLDXDATA
  -------         ENDMOD        ?C?LLDXDATA

  -------         MODULE        ?C?LLDCODE
  C:207FH         PUBLIC        ?C?LLDCODE
  -------         ENDMOD        ?C?LLDCODE

  -------         MODULE        ?C?LLDXDATA0
  C:208FH         PUBLIC        ?C?LLDXDATA0
  -------         ENDMOD        ?C?LLDXDATA0

  -------         MODULE        ?C?LLDCODE0
  C:209BH         PUBLIC        ?C?LLDCODE0
  -------         ENDMOD        ?C?LLDCODE0

  -------         MODULE        ?C?LLDPTR0
  C:20ABH         PUBLIC        ?C?LLDPTR0
  -------         ENDMOD        ?C?LLDPTR0

  -------         MODULE        ?C?LSTXDATA
  C:20CBH         PUBLIC        ?C?LSTXDATA
  -------         ENDMOD        ?C?LSTXDATA

  -------         MODULE        ?C?LSTKXDATA
  C:20D7H         PUBLIC        ?C?LSTKXDATA
  -------         ENDMOD        ?C?LSTKXDATA

  -------         MODULE        ?C?LSTKPTR
  C:2108H         PUBLIC        ?C?LSTKPTR
  -------         ENDMOD        ?C?LSTKPTR

  -------         MODULE        ?C?OFFXADD
  C:2122H         PUBLIC        ?C?OFFXADD
  -------         ENDMOD        ?C?OFFXADD

  -------         MODULE        ATOI
  C:444EH         PUBLIC        _atoi
  -------         ENDMOD        ATOI

BL51 BANKED LINKER/LOCATER V6.22                                                      03/20/2019  13:43:37  PAGE 53


  -------         MODULE        ?C?IILDX
  C:212EH         PUBLIC        ?C?IILDX
  -------         ENDMOD        ?C?IILDX

  -------         MODULE        ?C?ULDIV
  C:2180H         PUBLIC        ?C?ULDIV
  -------         ENDMOD        ?C?ULDIV

  -------         MODULE        ?C?LLDIDATA
  C:2212H         PUBLIC        ?C?LLDIDATA
  -------         ENDMOD        ?C?LLDIDATA

  -------         MODULE        ?C?LLDPDATA
  C:221EH         PUBLIC        ?C?LLDPDATA
  -------         ENDMOD        ?C?LLDPDATA

  -------         MODULE        ?C?LLDIDATA0
  C:222AH         PUBLIC        ?C?LLDIDATA0
  -------         ENDMOD        ?C?LLDIDATA0

  -------         MODULE        ?C?LLDPDATA0
  C:2237H         PUBLIC        ?C?LLDPDATA0
  -------         ENDMOD        ?C?LLDPDATA0

  -------         MODULE        ?C?LSTIDATA
  C:2244H         PUBLIC        ?C?LSTIDATA
  -------         ENDMOD        ?C?LSTIDATA

  -------         MODULE        ?C?LSTPDATA
  C:2250H         PUBLIC        ?C?LSTPDATA
  -------         ENDMOD        ?C?LSTPDATA

  -------         MODULE        ?C?LSTKIDATA
  C:225CH         PUBLIC        ?C?LSTKIDATA
  -------         ENDMOD        ?C?LSTKIDATA

  -------         MODULE        ?C?LSTKPDATA
  C:2275H         PUBLIC        ?C?LSTKPDATA
  -------         ENDMOD        ?C?LSTKPDATA

  -------         MODULE        ISDIGIT
  C:5163H         PUBLIC        _isdigit
  -------         ENDMOD        ISDIGIT

  -------         MODULE        ISSPACE
  C:50FEH         PUBLIC        _isspace
  -------         ENDMOD        ISSPACE

*** WARNING L16: UNCALLED SEGMENT, IGNORED FOR OVERLAY PROCESS
    SEGMENT: ?PR?_DAY_OF_YEAR?PCF85063BTL

*** WARNING L16: UNCALLED SEGMENT, IGNORED FOR OVERLAY PROCESS
    SEGMENT: ?PR?INITUART1?UART1

*** WARNING L16: UNCALLED SEGMENT, IGNORED FOR OVERLAY PROCESS
    SEGMENT: ?PR?_SENDSTRING?UART1

BL51 BANKED LINKER/LOCATER V6.22                                                      03/20/2019  13:43:37  PAGE 54


*** WARNING L16: UNCALLED SEGMENT, IGNORED FOR OVERLAY PROCESS
    SEGMENT: ?PR?_TEN?UART1

*** WARNING L16: UNCALLED SEGMENT, IGNORED FOR OVERLAY PROCESS
    SEGMENT: ?PR?_UNIT?UART1

*** WARNING L16: UNCALLED SEGMENT, IGNORED FOR OVERLAY PROCESS
    SEGMENT: ?PR?_DECTOBCD?UART1

*** WARNING L16: UNCALLED SEGMENT, IGNORED FOR OVERLAY PROCESS
    SEGMENT: ?PR?_ASCII_LETTER?UART1

*** WARNING L16: UNCALLED SEGMENT, IGNORED FOR OVERLAY PROCESS
    SEGMENT: ?PR?_ASCIITOBCD?UART1

*** WARNING L16: UNCALLED SEGMENT, IGNORED FOR OVERLAY PROCESS
    SEGMENT: ?PR?WAIT?BIPOLARMOTOR

*** WARNING L16: UNCALLED SEGMENT, IGNORED FOR OVERLAY PROCESS
    SEGMENT: ?PR?_FINDDET4X4?BIPOLARMOTOR

*** WARNING L16: UNCALLED SEGMENT, IGNORED FOR OVERLAY PROCESS
    SEGMENT: ?PR?NOP?IOEXPANDER_PI4IOE5V96248

*** WARNING L16: UNCALLED SEGMENT, IGNORED FOR OVERLAY PROCESS
    SEGMENT: ?PR?UC_ACK?IOEXPANDER_PI4IOE5V96248

*** WARNING L16: UNCALLED SEGMENT, IGNORED FOR OVERLAY PROCESS
    SEGMENT: ?PR?UC_NACK?IOEXPANDER_PI4IOE5V96248

*** WARNING L16: UNCALLED SEGMENT, IGNORED FOR OVERLAY PROCESS
    SEGMENT: ?PR?_AT25SF041_READ?AT25SF041

*** WARNING L1: UNRESOLVED EXTERNAL SYMBOL
    SYMBOL:  AUTO_MODE
    MODULE:  .\Obj\main.obj (MAIN)

*** WARNING L1: UNRESOLVED EXTERNAL SYMBOL
    SYMBOL:  SPI_NOR_CLEARENABLE
    MODULE:  .\Obj\main.obj (MAIN)

*** WARNING L2: REFERENCE MADE TO UNRESOLVED EXTERNAL
    SYMBOL:  AUTO_MODE
    MODULE:  .\Obj\main.obj (MAIN)
    ADDRESS: 003BH

*** WARNING L2: REFERENCE MADE TO UNRESOLVED EXTERNAL
    SYMBOL:  SPI_NOR_CLEARENABLE
    MODULE:  .\Obj\main.obj (MAIN)
    ADDRESS: 0041H

*** WARNING L2: REFERENCE MADE TO UNRESOLVED EXTERNAL
    SYMBOL:  AUTO_MODE
    MODULE:  .\Obj\main.obj (MAIN)
    ADDRESS: 01B4H

*** WARNING L2: REFERENCE MADE TO UNRESOLVED EXTERNAL
BL51 BANKED LINKER/LOCATER V6.22                                                      03/20/2019  13:43:37  PAGE 55


    SYMBOL:  AUTO_MODE
    MODULE:  .\Obj\main.obj (MAIN)
    ADDRESS: 01C2H

*** WARNING L2: REFERENCE MADE TO UNRESOLVED EXTERNAL
    SYMBOL:  AUTO_MODE
    MODULE:  .\Obj\main.obj (MAIN)
    ADDRESS: 01D4H

*** WARNING L2: REFERENCE MADE TO UNRESOLVED EXTERNAL
    SYMBOL:  AUTO_MODE
    MODULE:  .\Obj\main.obj (MAIN)
    ADDRESS: 0216H

*** WARNING L2: REFERENCE MADE TO UNRESOLVED EXTERNAL
    SYMBOL:  AUTO_MODE
    MODULE:  .\Obj\main.obj (MAIN)
    ADDRESS: 02E9H

*** WARNING L2: REFERENCE MADE TO UNRESOLVED EXTERNAL
    SYMBOL:  SPI_NOR_CLEARENABLE
    MODULE:  .\Obj\main.obj (MAIN)
    ADDRESS: 0D43H

*** WARNING L2: REFERENCE MADE TO UNRESOLVED EXTERNAL
    SYMBOL:  SPI_NOR_CLEARENABLE
    MODULE:  .\Obj\main.obj (MAIN)
    ADDRESS: 0DACH

*** WARNING L1: UNRESOLVED EXTERNAL SYMBOL
    SYMBOL:  _SENDUART1
    MODULE:  .\Obj\UART1.obj (UART1)

*** WARNING L2: REFERENCE MADE TO UNRESOLVED EXTERNAL
    SYMBOL:  _SENDUART1
    MODULE:  .\Obj\UART1.obj (UART1)
    ADDRESS: 4EB8H

*** WARNING L1: UNRESOLVED EXTERNAL SYMBOL
    SYMBOL:  AUTO_MODE
    MODULE:  .\Obj\KeyPad.obj (KEYPAD)

*** WARNING L1: UNRESOLVED EXTERNAL SYMBOL
    SYMBOL:  SPI_NOR_CLEARENABLE
    MODULE:  .\Obj\KeyPad.obj (KEYPAD)

*** WARNING L2: REFERENCE MADE TO UNRESOLVED EXTERNAL
    SYMBOL:  AUTO_MODE
    MODULE:  .\Obj\KeyPad.obj (KEYPAD)
    ADDRESS: 325EH

*** WARNING L2: REFERENCE MADE TO UNRESOLVED EXTERNAL
    SYMBOL:  AUTO_MODE
    MODULE:  .\Obj\KeyPad.obj (KEYPAD)
    ADDRESS: 3269H

*** WARNING L2: REFERENCE MADE TO UNRESOLVED EXTERNAL
BL51 BANKED LINKER/LOCATER V6.22                                                      03/20/2019  13:43:37  PAGE 56


    SYMBOL:  AUTO_MODE
    MODULE:  .\Obj\KeyPad.obj (KEYPAD)
    ADDRESS: 3270H

*** WARNING L2: REFERENCE MADE TO UNRESOLVED EXTERNAL
    SYMBOL:  SPI_NOR_CLEARENABLE
    MODULE:  .\Obj\KeyPad.obj (KEYPAD)
    ADDRESS: 3444H

*** WARNING L2: REFERENCE MADE TO UNRESOLVED EXTERNAL
    SYMBOL:  SPI_NOR_CLEARENABLE
    MODULE:  .\Obj\KeyPad.obj (KEYPAD)
    ADDRESS: 3449H

Program Size: data=10.2 xdata=1598 code=20913
LINK/LOCATE RUN COMPLETE.  34 WARNING(S),  0 ERROR(S)
