BL51 BANKED LINKER/LOCATER V6.22                                                        08/30/2019  10:23:04  PAGE 1


BL51 BANKED LINKER/LOCATER V6.22, INVOKED BY:
C:\KEIL_V5\C51\BIN\BL51.EXE .\Obj\main.obj, .\Obj\PCF85063BTL.obj, .\Obj\LCd_Driver_SPLC780D.obj, .\Obj\KeyPad.obj, .\Ob
>> j\BipolarMotor.obj, .\Obj\SunPos.obj, .\Obj\ADC.obj, .\Obj\Calibration.obj, .\Obj\IOExpander_PI4IOE5V96248.obj, .\Obj
>> \AT25SF041.obj, .\Obj\SI1120.obj, .\Obj\UART1.obj, .\Obj\STARTUP.obj TO .\Obj\GPIO_RTC_Test RTX51TINY PRINT (.\Lis\GP
>> IO_RTC_Test.m51) RAMSIZE (256)


MEMORY MODEL: LARGE WITH FLOATING POINT ARITHMETIC


INPUT MODULES INCLUDED:
  .\Obj\main.obj (MAIN)
  .\Obj\PCF85063BTL.obj (PCF85063BTL)
  .\Obj\LCd_Driver_SPLC780D.obj (LCD_DRIVER_SPLC780D)
  .\Obj\KeyPad.obj (KEYPAD)
  .\Obj\BipolarMotor.obj (BIPOLARMOTOR)
  .\Obj\SunPos.obj (SUNPOS)
  .\Obj\ADC.obj (ADC)
  .\Obj\Calibration.obj (CALIBRATION)
  .\Obj\IOExpander_PI4IOE5V96248.obj (IOEXPANDER_PI4IOE5V96248)
  .\Obj\AT25SF041.obj (AT25SF041)
  .\Obj\SI1120.obj (SI1120)
  .\Obj\UART1.obj (UART1)
  .\Obj\STARTUP.obj (?C_STARTUP)
  C:\KEIL_V5\C51\LIB\C51FPL.LIB (?C?FPADD)
  C:\KEIL_V5\C51\LIB\C51FPL.LIB (?C?FPMUL)
  C:\KEIL_V5\C51\LIB\C51FPL.LIB (?C?FPDIV)
  C:\KEIL_V5\C51\LIB\C51FPL.LIB (?C?FPCMP)
  C:\KEIL_V5\C51\LIB\C51FPL.LIB (?C?FPNEG)
  C:\KEIL_V5\C51\LIB\C51FPL.LIB (?C?FCAST)
  C:\KEIL_V5\C51\LIB\C51FPL.LIB (?C?CASTF)
  C:\KEIL_V5\C51\LIB\C51FPL.LIB (PRINTF)
  C:\KEIL_V5\C51\LIB\C51FPL.LIB (FABS)
  C:\KEIL_V5\C51\LIB\C51FPL.LIB (ATAN2)
  C:\KEIL_V5\C51\LIB\C51FPL.LIB (SIN)
  C:\KEIL_V5\C51\LIB\C51FPL.LIB (ACOS)
  C:\KEIL_V5\C51\LIB\C51FPL.LIB (ASIN)
  C:\KEIL_V5\C51\LIB\C51FPL.LIB (POW)
  C:\KEIL_V5\C51\LIB\C51FPL.LIB (?C?FPGETOPN)
  C:\KEIL_V5\C51\LIB\C51FPL.LIB (?C?CHKFLOAT)
  C:\KEIL_V5\C51\LIB\C51FPL.LIB (?C?FPROUND)
  C:\KEIL_V5\C51\LIB\C51FPL.LIB (?C?FPCONVERT)
  C:\KEIL_V5\C51\LIB\C51FPL.LIB (?C?FPSERIES)
  C:\KEIL_V5\C51\LIB\C51FPL.LIB (EXP)
  C:\KEIL_V5\C51\LIB\C51FPL.LIB (LOG)
  C:\KEIL_V5\C51\LIB\C51FPL.LIB (SQRT)
  C:\KEIL_V5\C51\LIB\C51FPL.LIB (ATAN)
  C:\KEIL_V5\C51\LIB\C51FPL.LIB (?C?FTNPWR)
  C:\KEIL_V5\C51\LIB\C51L.LIB (?C_INIT)
  C:\KEIL_V5\C51\LIB\C51L.LIB (?C?COPY)
  C:\KEIL_V5\C51\LIB\C51L.LIB (?C?CLDPTR)
  C:\KEIL_V5\C51\LIB\C51L.LIB (?C?CLDOPTR)
  C:\KEIL_V5\C51\LIB\C51L.LIB (?C?CSTPTR)
  C:\KEIL_V5\C51\LIB\C51L.LIB (?C?IMUL)
  C:\KEIL_V5\C51\LIB\C51L.LIB (?C?UIDIV)
  C:\KEIL_V5\C51\LIB\C51L.LIB (?C?SIDIV)
  C:\KEIL_V5\C51\LIB\C51L.LIB (?C?ILDIX)
  C:\KEIL_V5\C51\LIB\C51L.LIB (?C?ILDOPTR)
BL51 BANKED LINKER/LOCATER V6.22                                                      08/30/2019  10:23:04  PAGE 2


  C:\KEIL_V5\C51\LIB\C51L.LIB (?C?ISTPTR)
  C:\KEIL_V5\C51\LIB\C51L.LIB (?C?LMUL)
  C:\KEIL_V5\C51\LIB\C51L.LIB (?C?SLDIV)
  C:\KEIL_V5\C51\LIB\C51L.LIB (?C?LNEG)
  C:\KEIL_V5\C51\LIB\C51L.LIB (?C?ULCMP)
  C:\KEIL_V5\C51\LIB\C51L.LIB (?C?LSHL)
  C:\KEIL_V5\C51\LIB\C51L.LIB (?C?LLDPTR)
  C:\KEIL_V5\C51\LIB\C51L.LIB (?C?LLDOPTR)
  C:\KEIL_V5\C51\LIB\C51L.LIB (?C?LSTPTR)
  C:\KEIL_V5\C51\LIB\C51L.LIB (?C?LSTOPTR)
  C:\KEIL_V5\C51\LIB\C51L.LIB (?C?LLDXDATA)
  C:\KEIL_V5\C51\LIB\C51L.LIB (?C?LLDCODE)
  C:\KEIL_V5\C51\LIB\C51L.LIB (?C?LLDXDATA0)
  C:\KEIL_V5\C51\LIB\C51L.LIB (?C?LLDCODE0)
  C:\KEIL_V5\C51\LIB\C51L.LIB (?C?LLDPTR0)
  C:\KEIL_V5\C51\LIB\C51L.LIB (?C?LSTXDATA)
  C:\KEIL_V5\C51\LIB\C51L.LIB (?C?LSTKXDATA)
  C:\KEIL_V5\C51\LIB\C51L.LIB (?C?LSTKPTR)
  C:\KEIL_V5\C51\LIB\C51L.LIB (?C?OFFXADD)
  C:\KEIL_V5\C51\LIB\C51L.LIB (?C?PLDIXDATA)
  C:\KEIL_V5\C51\LIB\C51L.LIB (?C?PSTXDATA)
  C:\KEIL_V5\C51\LIB\C51L.LIB (?C?CCASE)
  C:\KEIL_V5\C51\LIB\C51L.LIB (PUTCHAR)
  C:\KEIL_V5\C51\LIB\C51L.LIB (ABS)
  C:\KEIL_V5\C51\LIB\C51L.LIB (ATOI)
  C:\KEIL_V5\C51\LIB\C51L.LIB (?C?IILDX)
  C:\KEIL_V5\C51\LIB\C51L.LIB (?C?ULDIV)
  C:\KEIL_V5\C51\LIB\C51L.LIB (?C?LLDIDATA)
  C:\KEIL_V5\C51\LIB\C51L.LIB (?C?LLDPDATA)
  C:\KEIL_V5\C51\LIB\C51L.LIB (?C?LLDIDATA0)
  C:\KEIL_V5\C51\LIB\C51L.LIB (?C?LLDPDATA0)
  C:\KEIL_V5\C51\LIB\C51L.LIB (?C?LSTIDATA)
  C:\KEIL_V5\C51\LIB\C51L.LIB (?C?LSTPDATA)
  C:\KEIL_V5\C51\LIB\C51L.LIB (?C?LSTKIDATA)
  C:\KEIL_V5\C51\LIB\C51L.LIB (?C?LSTKPDATA)
  C:\KEIL_V5\C51\LIB\C51L.LIB (ISDIGIT)
  C:\KEIL_V5\C51\LIB\C51L.LIB (ISSPACE)


LINK MAP OF MODULE:  .\Obj\GPIO_RTC_Test (MAIN)


            TYPE    BASE      LENGTH    RELOCATION   SEGMENT NAME
            -----------------------------------------------------

            * * * * * * *   D A T A   M E M O R Y   * * * * * * *
            REG     0000H     0008H     ABSOLUTE     "REG BANK 0"
            DATA    0008H     0005H     UNIT         _DATA_GROUP_
                    000DH     0013H                  *** GAP ***
            BIT     0020H.0   0001H.2   UNIT         _BIT_GROUP_
            BIT     0021H.2   0000H.1   UNIT         ?BI?MAIN
            BIT     0021H.3   0000H.1   UNIT         ?BI?_ATOI?ATOI
                    0021H.4   0000H.4                *** GAP ***
            IDATA   0022H     0001H     UNIT         ?STACK

            * * * * * * *  X D A T A   M E M O R Y  * * * * * * *
            XDATA   0000H     03BCH     UNIT         ?XD?BIPOLARMOTOR
BL51 BANKED LINKER/LOCATER V6.22                                                      08/30/2019  10:23:04  PAGE 3


            XDATA   03BCH     0171H     UNIT         _XDATA_GROUP_
            XDATA   052DH     011DH     UNIT         ?XD?MAIN
            XDATA   064AH     0019H     UNIT         ?XD?KEYPAD
            XDATA   0663H     0005H     UNIT         ?XD?_ATOI?ATOI
            XDATA   0668H     0001H     UNIT         ?XD?UC_ACK?IOEXPANDER_PI4IOE5V96248
            XDATA   0669H     0001H     UNIT         ?XD?UC_NACK?IOEXPANDER_PI4IOE5V96248

            * * * * * * *   C O D E   M E M O R Y   * * * * * * *
            CODE    0000H     0003H     ABSOLUTE     
            CODE    0003H     0003H     ABSOLUTE     
            CODE    0006H     0005H     UNIT         ?PR?_UNIT?UART1
            CODE    000BH     0003H     ABSOLUTE     
            CODE    000EH     000DH     UNIT         ?PR?UART?MAIN
            CODE    001BH     0003H     ABSOLUTE     
            CODE    001EH     0005H     UNIT         ?PR?_ASCII_LETTER?UART1
            CODE    0023H     0003H     ABSOLUTE     
            CODE    0026H     23ECH     UNIT         ?PR?MAIN?MAIN
            CODE    2412H     0BC8H     UNIT         ?C?LIB_CODE
            CODE    2FDAH     07F7H     UNIT         ?PR?_FIND_REAL_MAX?CALIBRATION
            CODE    37D1H     07A2H     UNIT         ?PR?SUNPOS?SUNPOS
            CODE    3F73H     0645H     UNIT         ?PR?_UPDATE_POSITION?BIPOLARMOTOR
            CODE    45B8H     04FBH     UNIT         ?PR?_THEORICALJP_POSITION?BIPOLARMOTOR
            CODE    4AB3H     0483H     UNIT         ?PR?PRINTF?PRINTF
            CODE    4F36H     044AH     UNIT         ?PR?_AZIMUTH_CALCULATION?BIPOLARMOTOR
            CODE    5380H     041AH     UNIT         ?C_INITSEG
            CODE    579AH     038CH     UNIT         ?PR?KEY_PROCESS?KEYPAD
            CODE    5B26H     036DH     UNIT         ?PR?_ELEVATION_CALCULATION?BIPOLARMOTOR
            CODE    5E93H     01C7H     UNIT         ?PR?_CALIBRATION?CALIBRATION
            CODE    605AH     018DH     UNIT         ?PR?KEY_SCAN?KEYPAD
            CODE    61E7H     0189H     UNIT         ?PR?SPI_NOR_WRITE_DATA?AT25SF041
            CODE    6370H     0188H     UNIT         ?PR?SIN?SIN
            CODE    64F8H     0166H     UNIT         ?PR?_POW?POW
            CODE    665EH     0155H     UNIT         ?PR?_DISPLAY_POS?LCD_DRIVER_SPLC780D
            CODE    67B3H     0129H     UNIT         ?PR?LOG?LOG
            CODE    68DCH     0122H     UNIT         ?PR?ATAN?ATAN
            CODE    69FEH     0110H     UNIT         ?PR?_AT25SF041_READ?AT25SF041
            CODE    6B0EH     0102H     UNIT         ?PR?_AT25SF041_WRITE?AT25SF041
            CODE    6C10H     00F5H     UNIT         ?PR?EXINT0?MAIN
            CODE    6D05H     00DBH     UNIT         ?PR?_ATOI?ATOI
            CODE    6DE0H     00C3H     UNIT         ?PR?LINEAR_INTERPOLATE?BIPOLARMOTOR
            CODE    6EA3H     00BBH     UNIT         ?PR?VOLTAGE_IS_STABLE?CALIBRATION
            CODE    6F5EH     00ADH     UNIT         ?PR?_WRITE_PI4IOE5V96248?IOEXPANDER_PI4IOE5V96248
            CODE    700BH     00ACH     UNIT         ?PR?SQRT?SQRT
            CODE    70B7H     00A1H     UNIT         ?PR?UCREAD_STATUS_REGISTER_BYTE1?AT25SF041
            CODE    7158H     009DH     UNIT         ?PR?_ATAN2?ATAN2
            CODE    71F5H     009CH     UNIT         ?PR?_MAX_VALUE?CALIBRATION
            CODE    7291H     009AH     UNIT         ?PR?EXP?EXP
            CODE    732BH     008CH     UNIT         ?C_C51STARTUP
            CODE    73B7H     0088H     UNIT         ?PR?_DAY_OF_YEAR?PCF85063BTL
            CODE    743FH     0079H     UNIT         ?PR?_WRITEDATA?LCD_DRIVER_SPLC780D
            CODE    74B8H     0072H     UNIT         ?PR?AT25SF041_WRITEENABLE?AT25SF041
            CODE    752AH     006FH     UNIT         ?PR?_READ_TIME?PCF85063BTL
            CODE    7599H     005AH     UNIT         ?PR?AT25SF041_CHIPERASE?AT25SF041
            CODE    75F3H     0059H     UNIT         ?PR?LCD_INIT?LCD_DRIVER_SPLC780D
            CODE    764CH     0056H     UNIT         ?CO?MAIN
            CODE    76A2H     004BH     UNIT         ?CO?UART1
            CODE    76EDH     004AH     UNIT         ?PR?VONESTEPMOVE?BIPOLARMOTOR
BL51 BANKED LINKER/LOCATER V6.22                                                      08/30/2019  10:23:04  PAGE 4


            CODE    7737H     004AH     UNIT         ?PR?ACOS?ACOS
            CODE    7781H     0044H     UNIT         ?C?LDIV
            CODE    77C5H     0040H     UNIT         ?PR?_COMMAND?LCD_DRIVER_SPLC780D
            CODE    7805H     0040H     UNIT         ?PR?_STEP_MOVE?BIPOLARMOTOR
            CODE    7845H     003BH     UNIT         ?PR?ASIN?ASIN
            CODE    7880H     0033H     UNIT         ?PR?_SENDSTRING?UART1
            CODE    78B3H     0031H     UNIT         ?PR?SI1120_CONFIG_MODE_VIRH?SI1120
            CODE    78E4H     002BH     UNIT         ?PR?_WAIT_MS_I2C?IOEXPANDER_PI4IOE5V96248
            CODE    790FH     002BH     UNIT         ?PR?_WAIT_MS_SPINOR?AT25SF041
            CODE    793AH     002AH     UNIT         ?PR?_ADC_GETRESULT?ADC
            CODE    7964H     0028H     UNIT         ?PR?_BCDTODEC1?BIPOLARMOTOR
            CODE    798CH     0028H     UNIT         ?PR?_MOVE?BIPOLARMOTOR
            CODE    79B4H     0028H     UNIT         ?CO?CALIBRATION
            CODE    79DCH     0027H     UNIT         ?PR?_I2C_SENDBYTE?IOEXPANDER_PI4IOE5V96248
            CODE    7A03H     0027H     UNIT         ?PR?PUTCHAR?PUTCHAR
            CODE    7A2AH     0024H     UNIT         ?PR?_WAIT_MS?LCD_DRIVER_SPLC780D
            CODE    7A4EH     0024H     UNIT         ?PR?_FINDCLOSESTSAMEDAYCALIBTIME?CALIBRATION
            CODE    7A72H     0024H     UNIT         ?PR?_UART1_SENDTOTCPSERVER?UART1
            CODE    7A96H     0021H     UNIT         ?PR?TM0_ISR?MAIN
            CODE    7AB7H     0020H     UNIT         ?PR?_SPI_SENDBYTE?PCF85063BTL
            CODE    7AD7H     0020H     UNIT         ?PR?SPI_RECEIVEBYTE?PCF85063BTL
            CODE    7AF7H     001EH     UNIT         ?PR?_DELAY_MS?KEYPAD
            CODE    7B15H     001DH     UNIT         ?PR?_DISPLAYLCD?LCD_DRIVER_SPLC780D
            CODE    7B32H     001AH     UNIT         ?PR?ADC_INIT?ADC
            CODE    7B4CH     0018H     UNIT         ?PR?_SPI_WRITETIME?PCF85063BTL
            CODE    7B64H     0017H     UNIT         ?PR?_ASCIITOBCD?UART1
            CODE    7B7BH     0016H     UNIT         ?PR?I2C_ACK?IOEXPANDER_PI4IOE5V96248
            CODE    7B91H     0015H     UNIT         ?PR?_DISPLAY_LINE?LCD_DRIVER_SPLC780D
            CODE    7BA6H     0015H     UNIT         ?PR?VSETLOCATION?BIPOLARMOTOR
            CODE    7BBBH     0015H     UNIT         ?PR?I2C_STOP?IOEXPANDER_PI4IOE5V96248
            CODE    7BD0H     0014H     UNIT         ?PR?_PCF85063BTL_DELAY?PCF85063BTL
            CODE    7BE4H     0014H     UNIT         ?PR?_ISSPACE?ISSPACE
            CODE    7BF8H     0011H     UNIT         ?PR?_SPI_READTIME?PCF85063BTL
            CODE    7C09H     0011H     UNIT         ?PR?_BCDTODEC?PCF85063BTL
            CODE    7C1AH     0011H     UNIT         ?PR?INITUART1?UART1
            CODE    7C2BH     000FH     UNIT         ?PR?I2C_START?IOEXPANDER_PI4IOE5V96248
            CODE    7C3AH     000FH     UNIT         ?PR?UC_NACK?IOEXPANDER_PI4IOE5V96248
            CODE    7C49H     000FH     UNIT         ?PR?_ISDIGIT?ISDIGIT
            CODE    7C58H     000DH     UNIT         ?PR?SPI_INIT?PCF85063BTL
            CODE    7C65H     000DH     UNIT         ?PR?ENABLE_EXTINT0?SI1120
            CODE    7C72H     000DH     UNIT         ?PR?_FABS?FABS
            CODE    7C7FH     000CH     UNIT         ?PR?KEYPAD_IO_INIT?KEYPAD
            CODE    7C8BH     000CH     UNIT         ?PR?_ABS?ABS
            CODE    7C97H     000AH     UNIT         ?PR?LCD_RETURN_HOME?LCD_DRIVER_SPLC780D
            CODE    7CA1H     000AH     UNIT         ?PR?LCD_CLEAR?LCD_DRIVER_SPLC780D
            CODE    7CABH     0009H     UNIT         ?PR?TM1_ISR?MAIN
            CODE    7CB4H     0009H     UNIT         ?PR?_SENDUART1?MAIN
            CODE    7CBDH     0009H     UNIT         ?PR?UART1_INITTCPCONN?UART1
            CODE    7CC6H     0006H     UNIT         ?PR?UC_ACK?IOEXPANDER_PI4IOE5V96248
            CODE    7CCCH     0006H     UNIT         ?PR?_TEN?UART1
            CODE    7CD2H     0001H     UNIT         ?PR?NOP?IOEXPANDER_PI4IOE5V96248
            CODE    7CD3H     0001H     UNIT         ?PR?_DECTOBCD?UART1



OVERLAY MAP OF MODULE:   .\Obj\GPIO_RTC_Test (MAIN)

BL51 BANKED LINKER/LOCATER V6.22                                                      08/30/2019  10:23:04  PAGE 5



SEGMENT                                             BIT_GROUP          DATA_GROUP          XDATA_GROUP
  +--> CALLED SEGMENT                            START    LENGTH     START    LENGTH     START    LENGTH
--------------------------------------------------------------------------------------------------------
?PR?EXINT0?MAIN                                  -----    -----      -----    -----      -----    -----
  +--> ?PR?_POW?POW

?PR?_POW?POW                                     -----    -----      -----    -----      03BCH    000AH
  +--> ?PR?LOG?LOG
  +--> ?PR?EXP?EXP

?PR?LOG?LOG                                      0020H.0  0000H.1    -----    -----      03C6H    0004H

*** NEW ROOT ***************************************************

?C_C51STARTUP                                    -----    -----      -----    -----      -----    -----
  +--> ?PR?MAIN?MAIN
  +--> ?C_INITSEG

?PR?MAIN?MAIN                                    -----    -----      -----    -----      03CAH    003EH
  +--> ?PR?LCD_INIT?LCD_DRIVER_SPLC780D
  +--> ?PR?SPI_INIT?PCF85063BTL
  +--> ?PR?KEYPAD_IO_INIT?KEYPAD
  +--> ?PR?ADC_INIT?ADC
  +--> ?PR?SI1120_CONFIG_MODE_VIRH?SI1120
  +--> ?PR?ENABLE_EXTINT0?SI1120
  +--> ?PR?VSETLOCATION?BIPOLARMOTOR
  +--> ?PR?_SPI_WRITETIME?PCF85063BTL
  +--> ?PR?_DELAY_MS?KEYPAD
  +--> ?PR?_DISPLAY_LINE?LCD_DRIVER_SPLC780D
  +--> ?PR?_WRITEDATA?LCD_DRIVER_SPLC780D
  +--> ?PR?INITUART1?UART1
  +--> ?PR?UART1_INITTCPCONN?UART1
  +--> ?CO?MAIN
  +--> ?PR?_UART1_SENDTOTCPSERVER?UART1
  +--> ?PR?KEY_PROCESS?KEYPAD
  +--> ?PR?_COMMAND?LCD_DRIVER_SPLC780D
  +--> ?PR?_DISPLAY_POS?LCD_DRIVER_SPLC780D
  +--> ?PR?_DISPLAYLCD?LCD_DRIVER_SPLC780D
  +--> ?PR?_STEP_MOVE?BIPOLARMOTOR
  +--> ?PR?LCD_RETURN_HOME?LCD_DRIVER_SPLC780D
  +--> ?PR?_READ_TIME?PCF85063BTL
  +--> ?PR?_BCDTODEC1?BIPOLARMOTOR
  +--> ?PR?_SENDSTRING?UART1
  +--> ?PR?_ELEVATION_CALCULATION?BIPOLARMOTOR
  +--> ?PR?_AZIMUTH_CALCULATION?BIPOLARMOTOR
  +--> ?PR?_THEORICALJP_POSITION?BIPOLARMOTOR
  +--> ?PR?PRINTF?PRINTF
  +--> ?PR?SIN?SIN
  +--> ?PR?_CALIBRATION?CALIBRATION
  +--> ?PR?_AT25SF041_READ?AT25SF041
  +--> ?PR?_WAIT_MS_SPINOR?AT25SF041
  +--> ?PR?AT25SF041_WRITEENABLE?AT25SF041
  +--> ?PR?_AT25SF041_WRITE?AT25SF041
  +--> ?PR?_ABS?ABS
  +--> ?PR?_FABS?FABS
  +--> ?PR?_ADC_GETRESULT?ADC
BL51 BANKED LINKER/LOCATER V6.22                                                      08/30/2019  10:23:04  PAGE 6


  +--> ?PR?SPI_NOR_WRITE_DATA?AT25SF041
  +--> ?PR?_WAIT_MS?LCD_DRIVER_SPLC780D
  +--> ?PR?_UPDATE_POSITION?BIPOLARMOTOR
  +--> ?PR?LINEAR_INTERPOLATE?BIPOLARMOTOR
  +--> ?PR?AT25SF041_CHIPERASE?AT25SF041
  +--> ?PR?LCD_CLEAR?LCD_DRIVER_SPLC780D

?PR?LCD_INIT?LCD_DRIVER_SPLC780D                 -----    -----      -----    -----      -----    -----
  +--> ?PR?_WAIT_MS?LCD_DRIVER_SPLC780D
  +--> ?PR?_COMMAND?LCD_DRIVER_SPLC780D

?PR?_COMMAND?LCD_DRIVER_SPLC780D                 -----    -----      -----    -----      -----    -----
  +--> ?PR?_WAIT_MS?LCD_DRIVER_SPLC780D

?PR?SI1120_CONFIG_MODE_VIRH?SI1120               -----    -----      -----    -----      -----    -----
  +--> ?PR?_WAIT_MS?LCD_DRIVER_SPLC780D

?PR?_SPI_WRITETIME?PCF85063BTL                   -----    -----      -----    -----      -----    -----
  +--> ?PR?_SPI_SENDBYTE?PCF85063BTL

?PR?_SPI_SENDBYTE?PCF85063BTL                    -----    -----      -----    -----      -----    -----
  +--> ?PR?_PCF85063BTL_DELAY?PCF85063BTL

?PR?_DISPLAY_LINE?LCD_DRIVER_SPLC780D            -----    -----      -----    -----      -----    -----
  +--> ?PR?_COMMAND?LCD_DRIVER_SPLC780D

?PR?_WRITEDATA?LCD_DRIVER_SPLC780D               -----    -----      -----    -----      0508H    0001H
  +--> ?PR?_WAIT_MS?LCD_DRIVER_SPLC780D

?PR?UART1_INITTCPCONN?UART1                      -----    -----      -----    -----      -----    -----
  +--> ?CO?UART1
  +--> ?PR?_SENDSTRING?UART1

?PR?_SENDSTRING?UART1                            -----    -----      -----    -----      04FDH    0003H
  +--> ?PR?_SENDUART1?MAIN

?PR?_UART1_SENDTOTCPSERVER?UART1                 -----    -----      -----    -----      0408H    0003H
  +--> ?CO?UART1
  +--> ?PR?_SENDSTRING?UART1
  +--> ?PR?_DELAY_MS?KEYPAD

?PR?KEY_PROCESS?KEYPAD                           -----    -----      -----    -----      0408H    0006H
  +--> ?PR?KEY_SCAN?KEYPAD
  +--> ?PR?_SPI_WRITETIME?PCF85063BTL
  +--> ?PR?LCD_CLEAR?LCD_DRIVER_SPLC780D
  +--> ?PR?_COMMAND?LCD_DRIVER_SPLC780D
  +--> ?PR?_WRITEDATA?LCD_DRIVER_SPLC780D

?PR?KEY_SCAN?KEYPAD                              -----    -----      -----    -----      040EH    0003H

?PR?LCD_CLEAR?LCD_DRIVER_SPLC780D                -----    -----      -----    -----      -----    -----
  +--> ?PR?_COMMAND?LCD_DRIVER_SPLC780D

?PR?_DISPLAY_POS?LCD_DRIVER_SPLC780D             -----    -----      -----    -----      04FDH    000BH
  +--> ?PR?_ABS?ABS
  +--> ?PR?_WRITEDATA?LCD_DRIVER_SPLC780D

BL51 BANKED LINKER/LOCATER V6.22                                                      08/30/2019  10:23:04  PAGE 7


?PR?_DISPLAYLCD?LCD_DRIVER_SPLC780D              -----    -----      -----    -----      0408H    0001H
  +--> ?PR?_WRITEDATA?LCD_DRIVER_SPLC780D

?PR?_STEP_MOVE?BIPOLARMOTOR                      0020H.2  0000H.1    -----    -----      0501H    0004H
  +--> ?PR?VONESTEPMOVE?BIPOLARMOTOR

?PR?VONESTEPMOVE?BIPOLARMOTOR                    0020H.3  0000H.1    -----    -----      -----    -----
  +--> ?PR?_WRITE_PI4IOE5V96248?IOEXPANDER_P...
  +--> ?PR?_DELAY_MS?KEYPAD

?PR?_WRITE_PI4IOE5V96248?IOEXPANDER_P...         -----    -----      -----    -----      0505H    0003H
  +--> ?PR?I2C_START?IOEXPANDER_PI4IOE5V96248
  +--> ?PR?_WAIT_MS_I2C?IOEXPANDER_PI4IOE5V9...
  +--> ?PR?_I2C_SENDBYTE?IOEXPANDER_PI4IOE5V...
  +--> ?PR?I2C_ACK?IOEXPANDER_PI4IOE5V96248
  +--> ?PR?I2C_STOP?IOEXPANDER_PI4IOE5V96248

?PR?I2C_START?IOEXPANDER_PI4IOE5V96248           -----    -----      -----    -----      -----    -----
  +--> ?PR?_WAIT_MS_I2C?IOEXPANDER_PI4IOE5V9...

?PR?_I2C_SENDBYTE?IOEXPANDER_PI4IOE5V...         -----    -----      -----    -----      -----    -----
  +--> ?PR?_WAIT_MS_I2C?IOEXPANDER_PI4IOE5V9...

?PR?I2C_ACK?IOEXPANDER_PI4IOE5V96248             -----    -----      -----    -----      0508H    0001H
  +--> ?PR?_WAIT_MS_I2C?IOEXPANDER_PI4IOE5V9...

?PR?I2C_STOP?IOEXPANDER_PI4IOE5V96248            -----    -----      -----    -----      -----    -----
  +--> ?PR?_WAIT_MS_I2C?IOEXPANDER_PI4IOE5V9...

?PR?LCD_RETURN_HOME?LCD_DRIVER_SPLC780D          -----    -----      -----    -----      -----    -----
  +--> ?PR?_COMMAND?LCD_DRIVER_SPLC780D

?PR?_READ_TIME?PCF85063BTL                       -----    -----      -----    -----      04FDH    000FH
  +--> ?PR?_SPI_READTIME?PCF85063BTL

?PR?_SPI_READTIME?PCF85063BTL                    -----    -----      -----    -----      -----    -----
  +--> ?PR?_SPI_SENDBYTE?PCF85063BTL
  +--> ?PR?SPI_RECEIVEBYTE?PCF85063BTL

?PR?SPI_RECEIVEBYTE?PCF85063BTL                  -----    -----      -----    -----      -----    -----
  +--> ?PR?_PCF85063BTL_DELAY?PCF85063BTL

?PR?_ELEVATION_CALCULATION?BIPOLARMOTOR          -----    -----      -----    -----      0408H    0005H
  +--> ?PR?_BCDTODEC1?BIPOLARMOTOR
  +--> ?PR?SUNPOS?SUNPOS
  +--> ?PR?SIN?SIN
  +--> ?PR?ASIN?ASIN

?PR?SUNPOS?SUNPOS                                -----    -----      -----    -----      0452H    005DH
  +--> ?PR?SIN?SIN
  +--> ?PR?_ATAN2?ATAN2
  +--> ?PR?ASIN?ASIN
  +--> ?PR?ACOS?ACOS

?PR?SIN?SIN                                      0020H.1  0000H.1    -----    -----      04AFH    0004H

?PR?_ATAN2?ATAN2                                 -----    -----      -----    -----      04AFH    0008H
BL51 BANKED LINKER/LOCATER V6.22                                                      08/30/2019  10:23:04  PAGE 8


  +--> ?PR?ATAN?ATAN

?PR?ATAN?ATAN                                    0020H.1  0000H.2    -----    -----      04B7H    0004H

?PR?ASIN?ASIN                                    -----    -----      -----    -----      -----    -----
  +--> ?PR?SQRT?SQRT
  +--> ?PR?ATAN?ATAN

?PR?SQRT?SQRT                                    -----    -----      -----    -----      04AFH    0004H

?PR?ACOS?ACOS                                    -----    -----      -----    -----      -----    -----
  +--> ?PR?SQRT?SQRT
  +--> ?PR?ATAN?ATAN

?PR?_AZIMUTH_CALCULATION?BIPOLARMOTOR            -----    -----      -----    -----      0408H    0009H
  +--> ?PR?_BCDTODEC1?BIPOLARMOTOR
  +--> ?PR?SUNPOS?SUNPOS
  +--> ?PR?SIN?SIN
  +--> ?PR?ASIN?ASIN

?PR?_THEORICALJP_POSITION?BIPOLARMOTOR           -----    -----      -----    -----      0452H    005CH
  +--> ?PR?LINEAR_INTERPOLATE?BIPOLARMOTOR

?PR?LINEAR_INTERPOLATE?BIPOLARMOTOR              -----    -----      -----    -----      04AEH    0014H

?PR?PRINTF?PRINTF                                0020H.1  0001H.1    0008H    0005H      04FDH    0030H
  +--> ?PR?PUTCHAR?PUTCHAR

?PR?_CALIBRATION?CALIBRATION                     -----    -----      -----    -----      0408H    0024H
  +--> ?PR?VOLTAGE_IS_STABLE?CALIBRATION
  +--> ?PR?_UPDATE_POSITION?BIPOLARMOTOR
  +--> ?PR?_FIND_REAL_MAX?CALIBRATION

?PR?VOLTAGE_IS_STABLE?CALIBRATION                -----    -----      -----    -----      042CH    0018H
  +--> ?PR?_ADC_GETRESULT?ADC
  +--> ?PR?_ABS?ABS

?PR?_UPDATE_POSITION?BIPOLARMOTOR                -----    -----      -----    -----      042CH    0026H
  +--> ?PR?_BCDTODEC1?BIPOLARMOTOR
  +--> ?PR?SUNPOS?SUNPOS
  +--> ?PR?SIN?SIN
  +--> ?PR?ASIN?ASIN
  +--> ?PR?_THEORICALJP_POSITION?BIPOLARMOTOR
  +--> ?PR?_FABS?FABS
  +--> ?PR?_MOVE?BIPOLARMOTOR

?PR?_MOVE?BIPOLARMOTOR                           0020H.1  0000H.1    -----    -----      04FDH    0004H
  +--> ?PR?_STEP_MOVE?BIPOLARMOTOR

?PR?_FIND_REAL_MAX?CALIBRATION                   -----    -----      -----    -----      042CH    00D1H
  +--> ?PR?_ADC_GETRESULT?ADC
  +--> ?PR?_WAIT_MS?LCD_DRIVER_SPLC780D
  +--> ?CO?CALIBRATION
  +--> ?PR?PRINTF?PRINTF
  +--> ?PR?_SENDSTRING?UART1
  +--> ?PR?_COMMAND?LCD_DRIVER_SPLC780D
  +--> ?PR?_WRITEDATA?LCD_DRIVER_SPLC780D
BL51 BANKED LINKER/LOCATER V6.22                                                      08/30/2019  10:23:04  PAGE 9


  +--> ?PR?_DISPLAY_POS?LCD_DRIVER_SPLC780D
  +--> ?PR?_MOVE?BIPOLARMOTOR
  +--> ?PR?_READ_TIME?PCF85063BTL
  +--> ?PR?_BCDTODEC1?BIPOLARMOTOR
  +--> ?PR?_MAX_VALUE?CALIBRATION

?PR?_MAX_VALUE?CALIBRATION                       -----    -----      -----    -----      04FDH    0004H

?PR?_AT25SF041_READ?AT25SF041                    -----    -----      -----    -----      0408H    0008H
  +--> ?PR?_WAIT_MS_SPINOR?AT25SF041
  +--> ?PR?UCREAD_STATUS_REGISTER_BYTE1?AT25...

?PR?UCREAD_STATUS_REGISTER_BYTE1?AT25...         -----    -----      -----    -----      041EH    0003H
  +--> ?PR?_WAIT_MS_SPINOR?AT25SF041

?PR?AT25SF041_WRITEENABLE?AT25SF041              -----    -----      -----    -----      0416H    0002H
  +--> ?PR?_WAIT_MS_SPINOR?AT25SF041
  +--> ?PR?UCREAD_STATUS_REGISTER_BYTE1?AT25...

?PR?_AT25SF041_WRITE?AT25SF041                   -----    -----      -----    -----      0416H    0008H
  +--> ?PR?_WAIT_MS_SPINOR?AT25SF041
  +--> ?PR?UCREAD_STATUS_REGISTER_BYTE1?AT25...

?PR?SPI_NOR_WRITE_DATA?AT25SF041                 -----    -----      -----    -----      0408H    000EH
  +--> ?PR?AT25SF041_WRITEENABLE?AT25SF041
  +--> ?PR?_AT25SF041_WRITE?AT25SF041
  +--> ?PR?_WAIT_MS_SPINOR?AT25SF041

?PR?AT25SF041_CHIPERASE?AT25SF041                -----    -----      -----    -----      0408H    0002H
  +--> ?PR?_WAIT_MS_SPINOR?AT25SF041
  +--> ?PR?UCREAD_STATUS_REGISTER_BYTE1?AT25...



SYMBOL TABLE OF MODULE:  .\Obj\GPIO_RTC_Test (MAIN)

  VALUE           TYPE          NAME
  ----------------------------------

  -------         MODULE        MAIN
  C:0000H         SYMBOL        _ICE_DUMMY_
  X:0535H         PUBLIC        calib_value
  D:0080H         PUBLIC        P0
  D:0090H         PUBLIC        P1
  D:00A0H         PUBLIC        P2
  D:00B0H         PUBLIC        P3
  D:00C0H         PUBLIC        P4
  D:00C8H         PUBLIC        P5
  X:0589H         SYMBOL        PressedKey
  B:00A8H.7       PUBLIC        EA
  D:00E8H         PUBLIC        P6
  X:058DH         PUBLIC        calib_stamp
  D:00F8H         PUBLIC        P7
  X:058EH         PUBLIC        sTempString
  X:0597H         PUBLIC        calib_bool
  X:05C1H         PUBLIC        pwm_time_min
  D:00A8H         PUBLIC        IE
BL51 BANKED LINKER/LOCATER V6.22                                                      08/30/2019  10:23:04  PAGE 10


  X:05C5H         PUBLIC        calib_time
  X:0619H         PUBLIC        pwm_time_max
  B:0090H.7       PUBLIC        Connect_Electronics_Load
  D:00B8H         PUBLIC        IP
  B:0098H.0       PUBLIC        RI
  B:00B0H.2       PUBLIC        INT0
  X:061DH         PUBLIC        months
  B:0098H.1       PUBLIC        TI
  C:000EH         PUBLIC        Uart
  D:00D8H         PUBLIC        CCON
  C:0026H         PUBLIC        main
  X:061EH         PUBLIC        found_1st_point
  X:0620H         PUBLIC        i_point1
  X:0622H         PUBLIC        i_point2
  X:0624H         PUBLIC        count
  B:0090H.2       PUBLIC        Connect_IV_Load
  D:0099H         PUBLIC        SBUF
  X:0626H         PUBLIC        days
  X:0627H         PUBLIC        hours
  D:0098H         PUBLIC        SCON
  D:0089H         PUBLIC        TMOD
  D:0088H         PUBLIC        TCON
  B:00A0H.3       PUBLIC        P23
  X:0628H         SYMBOL        KeyCount
  X:062AH         PUBLIC        mins
  B:00C8H.5       PUBLIC        P55
  X:062BH         PUBLIC        diff_of_offset
  D:008EH         PUBLIC        AUXR
  C:7A96H         PUBLIC        tm0_isr
  B:0090H.5       PUBLIC        SI1120_STX
  C:7CABH         PUBLIC        tm1_isr
  B:0021H.2       PUBLIC        busy
  D:00E0H         PUBLIC        ACC
  B:00A8H.1       PUBLIC        ET0
  B:00A8H.3       PUBLIC        ET1
  X:062FH         PUBLIC        SPI_NOR_INTERNAL_FLASH_ADDR
  D:008CH         PUBLIC        TH0
  D:008DH         PUBLIC        TH1
  D:008AH         PUBLIC        TL0
  D:008BH         PUBLIC        TL1
  X:0633H         PUBLIC        ii
  X:0635H         PUBLIC        jj
  B:0088H.4       PUBLIC        TR0
  B:0088H.6       PUBLIC        TR1
  X:0637H         PUBLIC        old_mins
  C:6C10H         PUBLIC        exint0
  X:0638H         SYMBOL        KeyNum
  X:0639H         SYMBOL        KeyNum_Old
  X:063AH         PUBLIC        timer0_count
  X:063CH         PUBLIC        current_position
  X:0640H         PUBLIC        pwm_time
  X:0644H         PUBLIC        i
  X:0646H         PUBLIC        j
  X:0648H         PUBLIC        start_timer0_count
  X:0649H         PUBLIC        seconds
  D:00D0H         PUBLIC        PSW
  C:7CB4H         PUBLIC        _SendUART1
BL51 BANKED LINKER/LOCATER V6.22                                                      08/30/2019  10:23:04  PAGE 11


  -------         PROC          TM0_ISR
  C:7A96H         LINE#         110
  C:7A9CH         LINE#         114
  C:7A9FH         LINE#         115
  C:7AA2H         LINE#         116
  C:7AB0H         LINE#         117
  -------         ENDPROC       TM0_ISR
  -------         PROC          TM1_ISR
  C:7CABH         LINE#         118
  C:7CABH         LINE#         120
  C:7CADH         LINE#         122
  C:7CB0H         LINE#         123
  C:7CB3H         LINE#         124
  -------         ENDPROC       TM1_ISR
  -------         PROC          EXINT0
  C:6C10H         LINE#         125
  C:6C2DH         LINE#         129
  C:6C30H         LINE#         130
  C:6C30H         LINE#         131
  C:6C33H         LINE#         132
  C:6C36H         LINE#         133
  C:6C38H         LINE#         134
  C:6C3AH         LINE#         138
  C:6C3DH         LINE#         141
  C:6C3DH         LINE#         142
  C:6C3FH         LINE#         144
  C:6C4BH         LINE#         145
  C:6CA5H         LINE#         146
  C:6CE3H         LINE#         147
  C:6CEAH         LINE#         152
  C:6CEAH         LINE#         154
  -------         ENDPROC       EXINT0
  -------         PROC          MAIN
  -------         DO            
  X:052DH         SYMBOL        KeyCount
  X:052FH         SYMBOL        KeyNum_Old
  X:0530H         SYMBOL        KeyNum
  X:0531H         SYMBOL        PressedKey
  X:03CAH         SYMBOL        prox_flag
  X:03CBH         SYMBOL        iUse_prevday_calib_value
  X:03CDH         SYMBOL        max_ADC_Val_JP
  X:03CFH         SYMBOL        max_ADC_Val
  X:03D1H         SYMBOL        calib_point1
  X:03D9H         SYMBOL        calib_point2
  X:03E1H         SYMBOL        dat_to_store
  X:03ECH         SYMBOL        calib_day
  X:03EEH         SYMBOL        calib_count
  X:03F0H         SYMBOL        theorical_JP_max_pos
  X:03F4H         SYMBOL        elevation
  X:03F8H         SYMBOL        azimuth
  X:03FCH         SYMBOL        prev_elevation
  X:0400H         SYMBOL        prev_azimuth
  X:0404H         SYMBOL        JP_Pos_Offset
  -------         ENDDO         
  C:0026H         LINE#         156
  C:0026H         LINE#         157
  C:0026H         LINE#         162
BL51 BANKED LINKER/LOCATER V6.22                                                      08/30/2019  10:23:04  PAGE 12


  C:002CH         LINE#         163
  C:0031H         LINE#         165
  C:0039H         LINE#         169
  C:003FH         LINE#         170
  C:007BH         LINE#         181
  C:0083H         LINE#         182
  C:008AH         LINE#         183
  C:0090H         LINE#         185
  C:0096H         LINE#         197
  C:0099H         LINE#         198
  C:009CH         LINE#         199
  C:009FH         LINE#         201
  C:00A2H         LINE#         204
  C:00A5H         LINE#         205
  C:00A8H         LINE#         207
  C:00ABH         LINE#         209
  C:00AEH         LINE#         210
  C:00B1H         LINE#         211
  C:00B4H         LINE#         212
  C:00B6H         LINE#         213
  C:00B8H         LINE#         214
  C:00BBH         LINE#         215
  C:00BDH         LINE#         216
  C:00BFH         LINE#         218
  C:00C1H         LINE#         219
  C:00C8H         LINE#         220
  C:00CFH         LINE#         221
  C:00D6H         LINE#         222
  C:00DDH         LINE#         226
  C:00E4H         LINE#         227
  C:00E9H         LINE#         228
  C:00EEH         LINE#         229
  C:00F3H         LINE#         230
  C:00F8H         LINE#         231
  C:00FDH         LINE#         234
  C:0104H         LINE#         235
  C:0104H         LINE#         236
  C:0127H         LINE#         237
  C:0171H         LINE#         238
  C:0186H         LINE#         239
  C:01A3H         LINE#         240
  C:01A6H         LINE#         243
  C:01ADH         LINE#         246
  C:01B0H         LINE#         248
  C:01B7H         LINE#         249
  C:01C0H         LINE#         252
  C:01C0H         LINE#         253
  C:01C0H         LINE#         254
  C:01C3H         LINE#         264
  C:01C3H         LINE#         268
  C:01C8H         LINE#         269
  C:01CDH         LINE#         271
  C:01D2H         LINE#         273
  C:01D7H         LINE#         274
  C:01DCH         LINE#         277
  C:01EDH         LINE#         279
  C:01F2H         LINE#         280
BL51 BANKED LINKER/LOCATER V6.22                                                      08/30/2019  10:23:04  PAGE 13


  C:01F7H         LINE#         282
  C:01FEH         LINE#         283
  C:0206H         LINE#         284
  C:020BH         LINE#         285
  C:0213H         LINE#         286
  C:0218H         LINE#         287
  C:0222H         LINE#         288
  C:0227H         LINE#         289
  C:022FH         LINE#         291
  C:0237H         LINE#         292
  C:023CH         LINE#         293
  C:0246H         LINE#         294
  C:0246H         LINE#         295
  C:0248H         LINE#         296
  C:024AH         LINE#         297
  C:0254H         LINE#         298
  C:0254H         LINE#         299
  C:0259H         LINE#         300
  C:0259H         LINE#         312
  C:026DH         LINE#         313
  C:026DH         LINE#         314
  C:0282H         LINE#         315
  C:0291H         LINE#         316
  C:0291H         LINE#         317
  C:02A4H         LINE#         318
  C:02A6H         LINE#         320
  C:02A6H         LINE#         321
  C:02C2H         LINE#         322
  C:02C2H         LINE#         323
  C:02C7H         LINE#         324
  C:02C7H         LINE#         325
  C:02DBH         LINE#         326
  C:02DBH         LINE#         329
  C:02F0H         LINE#         330
  C:02FFH         LINE#         331
  C:02FFH         LINE#         332
  C:0312H         LINE#         333
  C:0314H         LINE#         335
  C:0314H         LINE#         336
  C:0330H         LINE#         337
  C:0330H         LINE#         338
  C:0335H         LINE#         339
  C:033BH         LINE#         340
  C:033BH         LINE#         342
  C:035DH         LINE#         343
  C:035DH         LINE#         344
  C:0367H         LINE#         345
  C:036DH         LINE#         346
  C:0374H         LINE#         347
  C:037AH         LINE#         348
  C:0381H         LINE#         349
  C:0381H         LINE#         350
  C:0384H         LINE#         352
  C:0384H         LINE#         357
  C:038CH         LINE#         358
  C:03C7H         LINE#         359
  C:03E5H         LINE#         360
BL51 BANKED LINKER/LOCATER V6.22                                                      08/30/2019  10:23:04  PAGE 14


  C:03E5H         LINE#         362
  C:03EEH         LINE#         363
  C:03F5H         LINE#         364
  C:03FEH         LINE#         365
  C:0405H         LINE#         367
  C:0405H         LINE#         371
  C:0412H         LINE#         372
  C:0412H         LINE#         379
  C:0412H         LINE#         380
  C:043AH         LINE#         381
  C:043AH         LINE#         382
  C:045CH         LINE#         383
  C:045CH         LINE#         385
  C:0482H         LINE#         386
  C:04A8H         LINE#         388
  C:04D0H         LINE#         389
  C:04F8H         LINE#         390
  C:0571H         LINE#         391
  C:0578H         LINE#         393
  C:0589H         LINE#         394
  C:05DFH         LINE#         395
  C:05E8H         LINE#         396
  C:05EFH         LINE#         397
  C:05F8H         LINE#         398
  C:0601H         LINE#         399
  C:0608H         LINE#         403
  C:0645H         LINE#         411
  C:0645H         LINE#         413
  C:06C1H         LINE#         414
  C:06DAH         LINE#         415
  C:06DCH         LINE#         416
  C:06DEH         LINE#         418
  C:0768H         LINE#         423
  C:0796H         LINE#         424
  C:0796H         LINE#         427
  C:07B9H         LINE#         428
  C:07CEH         LINE#         429
  C:07D8H         LINE#         431
  C:07DBH         LINE#         433
  C:07DBH         LINE#         434
  C:0801H         LINE#         435
  C:0801H         LINE#         436
  C:0829H         LINE#         437
  C:08D8H         LINE#         438
  C:08FEH         LINE#         439
  C:09B0H         LINE#         442
  C:09B0H         LINE#         444
  C:09B7H         LINE#         445
  C:09BAH         LINE#         448
  C:09EFH         LINE#         449
  C:09F6H         LINE#         450
  C:09F9H         LINE#         452
  C:0A33H         LINE#         453
  C:0A5FH         LINE#         455
  C:0A8EH         LINE#         457
  C:0A95H         LINE#         458
  C:0A9CH         LINE#         459
BL51 BANKED LINKER/LOCATER V6.22                                                      08/30/2019  10:23:04  PAGE 15


  C:0A9FH         LINE#         462
  C:0B07H         LINE#         464
  C:0B0EH         LINE#         466
  C:0B15H         LINE#         467
  C:0B18H         LINE#         470
  C:0BD7H         LINE#         472
  C:0BDEH         LINE#         473
  C:0BDEH         LINE#         475
  C:0BE1H         LINE#         477
  C:0BE1H         LINE#         479
  C:0BE8H         LINE#         480
  C:0BE8H         LINE#         481
  C:0BEBH         LINE#         482
  C:0C09H         LINE#         483
  C:0C10H         LINE#         484
  C:0C2FH         LINE#         485
  C:0C4EH         LINE#         487
  C:0CCAH         LINE#         488
  C:0CE6H         LINE#         490
  C:0CE8H         LINE#         491
  C:0CEAH         LINE#         493
  C:0D21H         LINE#         494
  C:0D2EH         LINE#         495
  C:0D3DH         LINE#         499
  C:0D3DH         LINE#         501
  C:0D45H         LINE#         502
  C:0D4DH         LINE#         503
  C:0D55H         LINE#         504
  C:0D5DH         LINE#         506
  C:0D71H         LINE#         507
  C:0D87H         LINE#         508
  C:0DB7H         LINE#         509
  C:0DD7H         LINE#         511
  C:0DEBH         LINE#         512
  C:0E01H         LINE#         513
  C:0E31H         LINE#         514
  C:0E38H         LINE#         516
  C:0E5CH         LINE#         519
  C:0E87H         LINE#         521
  C:0E90H         LINE#         522
  C:0E97H         LINE#         523
  C:0EA0H         LINE#         524
  C:0EA9H         LINE#         525
  C:0EB0H         LINE#         527
  C:0EEDH         LINE#         529
  C:0EF6H         LINE#         530
  C:0EFDH         LINE#         531
  C:0F06H         LINE#         532
  C:0F0FH         LINE#         533
  C:0F16H         LINE#         535
  C:0F41H         LINE#         537
  C:0F4AH         LINE#         538
  C:0F51H         LINE#         539
  C:0F5AH         LINE#         540
  C:0F63H         LINE#         541
  C:0F6AH         LINE#         543
  C:0F95H         LINE#         545
BL51 BANKED LINKER/LOCATER V6.22                                                      08/30/2019  10:23:04  PAGE 16


  C:0F9EH         LINE#         546
  C:0FA5H         LINE#         547
  C:0FAEH         LINE#         548
  C:0FB5H         LINE#         549
  C:0FBEH         LINE#         550
  C:0FC5H         LINE#         552
  C:0FC7H         LINE#         554
  C:0FD5H         LINE#         555
  C:0FD5H         LINE#         556
  C:0FDDH         LINE#         559
  C:0FDDH         LINE#         560
  C:0FDDH         LINE#         562
  C:1002H         LINE#         563
  C:1002H         LINE#         564
  C:1024H         LINE#         565
  C:1024H         LINE#         566
  C:10A0H         LINE#         567
  C:10A2H         LINE#         568
  C:10A4H         LINE#         570
  C:10FCH         LINE#         573
  C:110BH         LINE#         574
  C:110BH         LINE#         575
  C:110BH         LINE#         576
  C:110BH         LINE#         577
  C:110BH         LINE#         578
  C:110BH         LINE#         579
  C:110BH         LINE#         580
  C:110BH         LINE#         583
  C:110BH         LINE#         585
  C:110BH         LINE#         586
  C:110BH         LINE#         587
  C:110BH         LINE#         588
  C:110BH         LINE#         592
  C:110BH         LINE#         594
  C:110BH         LINE#         596
  C:110BH         LINE#         597
  C:110BH         LINE#         598
  C:110BH         LINE#         599
  C:110BH         LINE#         600
  C:110BH         LINE#         601
  C:110BH         LINE#         604
  C:110BH         LINE#         606
  C:110BH         LINE#         607
  C:110BH         LINE#         608
  C:110BH         LINE#         609
  C:110BH         LINE#         610
  C:110BH         LINE#         611
  C:110BH         LINE#         612
  C:110BH         LINE#         614
  C:110EH         LINE#         617
  C:1135H         LINE#         618
  C:1135H         LINE#         621
  C:1157H         LINE#         622
  C:1157H         LINE#         624
  C:11D3H         LINE#         626
  C:1200H         LINE#         627
  C:121BH         LINE#         633
BL51 BANKED LINKER/LOCATER V6.22                                                      08/30/2019  10:23:04  PAGE 17


  C:121DH         LINE#         634
  C:121FH         LINE#         642
  C:124CH         LINE#         644
  C:1273H         LINE#         645
  C:12E7H         LINE#         647
  C:1373H         LINE#         651
  C:1393H         LINE#         652
  C:1393H         LINE#         653
  C:13FBH         LINE#         654
  C:13FEH         LINE#         656
  C:13FEH         LINE#         657
  C:1426H         LINE#         658
  C:149AH         LINE#         660
  C:1515H         LINE#         667
  C:15C2H         LINE#         675
  C:15C2H         LINE#         678
  C:15D1H         LINE#         679
  C:15D1H         LINE#         680
  C:164FH         LINE#         681
  C:1658H         LINE#         682
  C:165FH         LINE#         683
  C:1668H         LINE#         684
  C:1671H         LINE#         685
  C:1678H         LINE#         688
  C:16A3H         LINE#         690
  C:16ACH         LINE#         691
  C:16B3H         LINE#         692
  C:16BCH         LINE#         693
  C:16C5H         LINE#         697
  C:16CCH         LINE#         699
  C:16F7H         LINE#         701
  C:1700H         LINE#         702
  C:1707H         LINE#         703
  C:1710H         LINE#         704
  C:1717H         LINE#         706
  C:1720H         LINE#         707
  C:1727H         LINE#         710
  C:1765H         LINE#         712
  C:176EH         LINE#         713
  C:1775H         LINE#         714
  C:177EH         LINE#         715
  C:1787H         LINE#         716
  C:178EH         LINE#         717
  C:178EH         LINE#         719
  C:178EH         LINE#         721
  C:178EH         LINE#         722
  C:178EH         LINE#         724
  C:178EH         LINE#         728
  C:17AAH         LINE#         729
  C:17AAH         LINE#         730
  C:17ACH         LINE#         733
  C:17AFH         LINE#         735
  C:17DDH         LINE#         736
  C:17DDH         LINE#         737
  C:17DFH         LINE#         739
  C:17EEH         LINE#         740
  C:17EEH         LINE#         742
BL51 BANKED LINKER/LOCATER V6.22                                                      08/30/2019  10:23:04  PAGE 18


  C:17F1H         LINE#         744
  C:17F4H         LINE#         745
  C:17FBH         LINE#         747
  C:1817H         LINE#         748
  C:1817H         LINE#         749
  C:1834H         LINE#         750
  C:1834H         LINE#         751
  C:183AH         LINE#         752
  C:183DH         LINE#         755
  C:1872H         LINE#         756
  C:1879H         LINE#         757
  C:187CH         LINE#         759
  C:18B6H         LINE#         760
  C:18CCH         LINE#         762
  C:18E5H         LINE#         764
  C:18ECH         LINE#         765
  C:18F3H         LINE#         766
  C:18F6H         LINE#         769
  C:194BH         LINE#         771
  C:1952H         LINE#         773
  C:1959H         LINE#         774
  C:195CH         LINE#         777
  C:1A08H         LINE#         779
  C:1A0FH         LINE#         780
  C:1A0FH         LINE#         781
  C:1A20H         LINE#         783
  C:1A20H         LINE#         787
  C:1A27H         LINE#         788
  C:1A27H         LINE#         791
  C:1A36H         LINE#         792
  C:1A36H         LINE#         793
  C:1A68H         LINE#         794
  C:1A68H         LINE#         795
  C:1AE7H         LINE#         797
  C:1AEEH         LINE#         798
  C:1AF1H         LINE#         800
  C:1B2BH         LINE#         801
  C:1B41H         LINE#         803
  C:1B5AH         LINE#         805
  C:1B61H         LINE#         806
  C:1B68H         LINE#         807
  C:1B6BH         LINE#         809
  C:1BC0H         LINE#         810
  C:1BC7H         LINE#         812
  C:1BCEH         LINE#         813
  C:1BD1H         LINE#         815
  C:1C7DH         LINE#         816
  C:1C84H         LINE#         818
  C:1C8BH         LINE#         819
  C:1C8EH         LINE#         821
  C:1CB2H         LINE#         822
  C:1CB9H         LINE#         823
  C:1CCAH         LINE#         826
  C:1CDEH         LINE#         827
  C:1CF2H         LINE#         828
  C:1D01H         LINE#         829
  C:1D01H         LINE#         831
BL51 BANKED LINKER/LOCATER V6.22                                                      08/30/2019  10:23:04  PAGE 19


  C:1D2DH         LINE#         832
  C:1D2DH         LINE#         833
  C:1D5AH         LINE#         840
  C:1D75H         LINE#         843
  C:1D84H         LINE#         844
  C:1D87H         LINE#         847
  C:1DB7H         LINE#         848
  C:1DB7H         LINE#         850
  C:1DE4H         LINE#         856
  C:1DFFH         LINE#         859
  C:1E0FH         LINE#         860
  C:1E15H         LINE#         861
  C:1E29H         LINE#         862
  C:1E3DH         LINE#         863
  C:1E45H         LINE#         864
  C:1E52H         LINE#         865
  C:1E52H         LINE#         866
  C:1E76H         LINE#         867
  C:1E76H         LINE#         868
  C:1EC0H         LINE#         869
  C:1EC7H         LINE#         870
  C:1ECAH         LINE#         873
  C:1EEEH         LINE#         875
  C:1EF5H         LINE#         876
  C:1EF8H         LINE#         878
  C:1F2BH         LINE#         879
  C:1F4AH         LINE#         881
  C:1F6CH         LINE#         883
  C:1F73H         LINE#         885
  C:1F7AH         LINE#         886
  C:1F7DH         LINE#         888
  C:1FD2H         LINE#         889
  C:1FD9H         LINE#         891
  C:1FE0H         LINE#         892
  C:1FE3H         LINE#         894
  C:208FH         LINE#         895
  C:2096H         LINE#         896
  C:20A7H         LINE#         897
  C:20A7H         LINE#         898
  C:20A7H         LINE#         902
  C:20C9H         LINE#         903
  C:20D6H         LINE#         904
  C:20D6H         LINE#         905
  C:20F9H         LINE#         906
  C:20F9H         LINE#         907
  C:2149H         LINE#         908
  C:2149H         LINE#         909
  C:2150H         LINE#         910
  C:2153H         LINE#         912
  C:218DH         LINE#         913
  C:21A3H         LINE#         915
  C:21BCH         LINE#         917
  C:21C3H         LINE#         918
  C:21CAH         LINE#         919
  C:21CDH         LINE#         921
  C:2222H         LINE#         922
  C:2229H         LINE#         924
BL51 BANKED LINKER/LOCATER V6.22                                                      08/30/2019  10:23:04  PAGE 20


  C:2230H         LINE#         925
  C:2233H         LINE#         927
  C:22DFH         LINE#         928
  C:22E6H         LINE#         930
  C:22EDH         LINE#         931
  C:22F0H         LINE#         933
  C:2314H         LINE#         934
  C:231BH         LINE#         935
  C:231BH         LINE#         936
  C:232CH         LINE#         937
  C:232CH         LINE#         938
  C:232CH         LINE#         939
  C:2356H         LINE#         940
  C:2356H         LINE#         943
  C:235DH         LINE#         944
  C:2364H         LINE#         946
  C:236AH         LINE#         947
  C:236AH         LINE#         948
  C:238DH         LINE#         949
  C:23A2H         LINE#         951
  C:23BCH         LINE#         953
  C:23BCH         LINE#         956
  C:23CBH         LINE#         957
  C:23CBH         LINE#         958
  C:23CEH         LINE#         959
  C:23D5H         LINE#         960
  C:23DAH         LINE#         961
  C:23DFH         LINE#         962
  C:23E4H         LINE#         963
  C:23E9H         LINE#         964
  C:23EEH         LINE#         974
  C:23F1H         LINE#         976
  C:23F4H         LINE#         977
  C:23FBH         LINE#         978
  C:2405H         LINE#         979
  C:240CH         LINE#         981
  C:240FH         LINE#         990
  C:240FH         LINE#         991
  -------         ENDPROC       MAIN
  -------         PROC          UART
  C:000EH         LINE#         1005
  C:000EH         LINE#         1007
  C:0011H         LINE#         1008
  C:0011H         LINE#         1009
  C:0013H         LINE#         1011
  C:0013H         LINE#         1012
  C:0016H         LINE#         1013
  C:0016H         LINE#         1014
  C:0018H         LINE#         1015
  C:001AH         LINE#         1016
  C:001AH         LINE#         1017
  -------         ENDPROC       UART
  -------         PROC          _SENDUART1
  D:0007H         SYMBOL        dat
  C:7CB4H         LINE#         1019
  C:7CB4H         LINE#         1020
  C:7CB4H         LINE#         1021
BL51 BANKED LINKER/LOCATER V6.22                                                      08/30/2019  10:23:04  PAGE 21


  C:7CB7H         LINE#         1022
  C:7CB9H         LINE#         1023
  C:7CBAH         LINE#         1024
  C:7CBCH         LINE#         1025
  -------         ENDPROC       _SENDUART1
  -------         ENDMOD        MAIN

  -------         MODULE        PCF85063BTL
  C:0000H         SYMBOL        _ICE_DUMMY_
  D:0096H         PUBLIC        P2M0
  D:0080H         PUBLIC        P0
  D:0095H         PUBLIC        P2M1
  D:0090H         PUBLIC        P1
  D:00A0H         PUBLIC        P2
  D:00B0H         PUBLIC        P3
  D:00C0H         PUBLIC        P4
  D:00C8H         PUBLIC        P5
  D:00E8H         PUBLIC        P6
  B:00A0H.1       PUBLIC        PCF85063BTL_SDI
  D:00F8H         PUBLIC        P7
  B:00A0H.2       PUBLIC        PCF85063BTL_SCK
  B:00A0H.1       PUBLIC        PCF85063BTL_SDO
  D:00A8H         PUBLIC        IE
  C:752AH         PUBLIC        _Read_time
  C:7BD6H         PUBLIC        _PCF85063BTL_Delay
  D:00B8H         PUBLIC        IP
  D:00D8H         PUBLIC        CCON
  C:73B7H         PUBLIC        _Day_Of_Year
  C:7AD7H         PUBLIC        SPI_ReceiveByte
  D:0098H         PUBLIC        SCON
  D:0088H         PUBLIC        TCON
  C:7C09H         PUBLIC        _BCDtoDec
  B:00A0H.0       PUBLIC        PCF85063BTL_CS
  C:7BF8H         PUBLIC        _SPI_ReadTime
  C:7C58H         PUBLIC        SPI_Init
  C:7B4CH         PUBLIC        _SPI_WriteTime
  C:7AB7H         PUBLIC        _SPI_SendByte
  D:00D0H         PUBLIC        PSW
  C:7BD2H         SYMBOL        L?0048
  -------         PROC          L?0047
  -------         ENDPROC       L?0047
  C:7BD2H         SYMBOL        L?0048
  -------         PROC          _PCF85063BTL_DELAY
  D:0006H         SYMBOL        us
  C:7BD6H         LINE#         8
  C:7BD6H         LINE#         9
  C:7BD6H         LINE#         10
  C:7BE0H         LINE#         11
  C:7BE0H         LINE#         12
  C:7BE1H         LINE#         13
  C:7BE3H         LINE#         14
  -------         ENDPROC       _PCF85063BTL_DELAY
  -------         PROC          _SPI_SENDBYTE
  D:0005H         SYMBOL        dat
  -------         DO            
  D:0003H         SYMBOL        i
  -------         ENDDO         
BL51 BANKED LINKER/LOCATER V6.22                                                      08/30/2019  10:23:04  PAGE 22


  C:7AB7H         LINE#         17
  C:7AB9H         LINE#         18
  C:7AB9H         LINE#         20
  C:7ABBH         LINE#         21
  C:7ABBH         LINE#         22
  C:7ABDH         LINE#         23
  C:7AC1H         LINE#         24
  C:7AC1H         LINE#         25
  C:7AC3H         LINE#         26
  C:7AC5H         LINE#         28
  C:7AC5H         LINE#         29
  C:7AC7H         LINE#         30
  C:7AC7H         LINE#         31
  C:7ACAH         LINE#         32
  C:7ACAH         LINE#         33
  C:7ACDH         LINE#         34
  C:7AD1H         LINE#         35
  C:7AD6H         LINE#         36
  -------         ENDPROC       _SPI_SENDBYTE
  -------         PROC          SPI_RECEIVEBYTE
  -------         DO            
  D:0003H         SYMBOL        i
  D:0005H         SYMBOL        dat
  -------         ENDDO         
  C:7AD7H         LINE#         39
  C:7AD7H         LINE#         40
  C:7AD7H         LINE#         42
  C:7AD9H         LINE#         44
  C:7ADBH         LINE#         45
  C:7ADCH         LINE#         46
  C:7ADCH         LINE#         47
  C:7AE0H         LINE#         48
  C:7AE2H         LINE#         49
  C:7AE5H         LINE#         51
  C:7AE8H         LINE#         52
  C:7AE8H         LINE#         53
  C:7AECH         LINE#         54
  C:7AECH         LINE#         55
  C:7AECH         LINE#         56
  C:7AEFH         LINE#         57
  C:7AF4H         LINE#         58
  C:7AF6H         LINE#         59
  -------         ENDPROC       SPI_RECEIVEBYTE
  -------         PROC          _SPI_READTIME
  D:0007H         SYMBOL        addr
  -------         DO            
  D:0006H         SYMBOL        dat
  -------         ENDDO         
  C:7BF8H         LINE#         61
  C:7BF8H         LINE#         62
  C:7BF8H         LINE#         64
  C:7BFAH         LINE#         65
  C:7BFCH         LINE#         66
  C:7C03H         LINE#         67
  C:7C06H         LINE#         68
  C:7C08H         LINE#         69
  C:7C08H         LINE#         70
BL51 BANKED LINKER/LOCATER V6.22                                                      08/30/2019  10:23:04  PAGE 23


  -------         ENDPROC       _SPI_READTIME
  -------         PROC          _SPI_WRITETIME
  D:0002H         SYMBOL        val
  D:0005H         SYMBOL        addr
  C:7B4CH         LINE#         71
  C:7B4EH         LINE#         72
  C:7B4EH         LINE#         74
  C:7B50H         LINE#         75
  C:7B57H         LINE#         76
  C:7B5CH         LINE#         77
  C:7B61H         LINE#         78
  C:7B63H         LINE#         79
  -------         ENDPROC       _SPI_WRITETIME
  -------         PROC          SPI_INIT
  C:7C58H         LINE#         83
  C:7C58H         LINE#         84
  C:7C58H         LINE#         89
  C:7C5BH         LINE#         90
  C:7C5EH         LINE#         91
  C:7C60H         LINE#         92
  C:7C62H         LINE#         93
  C:7C64H         LINE#         94
  -------         ENDPROC       SPI_INIT
  -------         PROC          _READ_TIME
  X:04FDH         SYMBOL        months
  X:0500H         SYMBOL        days
  X:0503H         SYMBOL        hours
  X:0506H         SYMBOL        mins
  X:0509H         SYMBOL        seconds
  C:752AH         LINE#         96
  C:7535H         LINE#         97
  C:7535H         LINE#         99
  C:7549H         LINE#         101
  C:755DH         LINE#         103
  C:7571H         LINE#         108
  C:7585H         LINE#         113
  -------         ENDPROC       _READ_TIME
  -------         PROC          _BCDTODEC
  D:0007H         SYMBOL        bcd
  -------         DO            
  D:0006H         SYMBOL        hi
  D:0007H         SYMBOL        lo
  -------         ENDDO         
  C:7C09H         LINE#         119
  C:7C09H         LINE#         120
  C:7C09H         LINE#         122
  C:7C0EH         LINE#         123
  C:7C12H         LINE#         124
  C:7C19H         LINE#         125
  -------         ENDPROC       _BCDTODEC
  -------         PROC          _DAY_OF_YEAR
  D:0007H         SYMBOL        months_bcd
  D:0005H         SYMBOL        days_bcd
  -------         DO            
  D:0004H         SYMBOL        months
  D:0007H         SYMBOL        days
  -------         ENDDO         
BL51 BANKED LINKER/LOCATER V6.22                                                      08/30/2019  10:23:04  PAGE 24


  C:73B7H         LINE#         126
  C:73B7H         LINE#         127
  C:73B7H         LINE#         130
  C:73BCH         LINE#         132
  C:73C1H         LINE#         134
  C:73FAH         LINE#         135
  C:73FAH         LINE#         136
  C:73FAH         LINE#         137
  C:73FDH         LINE#         138
  C:73FDH         LINE#         139
  C:73FDH         LINE#         140
  C:7402H         LINE#         141
  C:7402H         LINE#         142
  C:7402H         LINE#         143
  C:7407H         LINE#         144
  C:7407H         LINE#         145
  C:7407H         LINE#         146
  C:740CH         LINE#         147
  C:740CH         LINE#         148
  C:740CH         LINE#         149
  C:7411H         LINE#         150
  C:7411H         LINE#         151
  C:7411H         LINE#         152
  C:7416H         LINE#         153
  C:7416H         LINE#         154
  C:7416H         LINE#         155
  C:741BH         LINE#         156
  C:741BH         LINE#         157
  C:741BH         LINE#         158
  C:7420H         LINE#         159
  C:7420H         LINE#         160
  C:7420H         LINE#         161
  C:7428H         LINE#         162
  C:7428H         LINE#         163
  C:7428H         LINE#         164
  C:742DH         LINE#         165
  C:742DH         LINE#         166
  C:742DH         LINE#         167
  C:7432H         LINE#         168
  C:7432H         LINE#         169
  C:7432H         LINE#         170
  C:743BH         LINE#         171
  C:743BH         LINE#         172
  C:743BH         LINE#         173
  C:743EH         LINE#         174
  C:743EH         LINE#         175
  -------         ENDPROC       _DAY_OF_YEAR
  -------         ENDMOD        PCF85063BTL

  -------         MODULE        LCD_DRIVER_SPLC780D
  C:0000H         SYMBOL        _ICE_DUMMY_
  D:0092H         PUBLIC        P1M0
  D:0091H         PUBLIC        P1M1
  D:0080H         PUBLIC        P0
  D:0090H         PUBLIC        P1
  D:00A0H         PUBLIC        P2
  D:00B0H         PUBLIC        P3
BL51 BANKED LINKER/LOCATER V6.22                                                      08/30/2019  10:23:04  PAGE 25


  D:00C0H         PUBLIC        P4
  D:00C8H         PUBLIC        P5
  D:00E8H         PUBLIC        P6
  D:00F8H         PUBLIC        P7
  C:7443H         PUBLIC        _WriteData
  D:00A8H         PUBLIC        IE
  D:00B8H         PUBLIC        IP
  D:00D8H         PUBLIC        CCON
  B:00B0H.4       PUBLIC        LCD_D4
  B:00B0H.5       PUBLIC        LCD_D5
  B:00B0H.6       PUBLIC        LCD_D6
  C:7B15H         PUBLIC        _DisplayLCD
  B:00B0H.7       PUBLIC        LCD_D7
  D:0098H         PUBLIC        SCON
  D:0088H         PUBLIC        TCON
  C:7CA1H         PUBLIC        LCD_clear
  C:77C5H         PUBLIC        _Command
  C:7B91H         PUBLIC        _Display_Line
  C:75F3H         PUBLIC        LCD_Init
  C:7A30H         PUBLIC        _Wait_ms
  B:00C0H.0       PUBLIC        LCD_RS
  B:0090H.3       PUBLIC        LCD_RW
  C:7C97H         PUBLIC        LCD_return_home
  C:665EH         PUBLIC        _Display_Pos
  B:00B0H.3       PUBLIC        LCD_E
  D:00D0H         PUBLIC        PSW
  -------         PROC          LCD_INIT
  C:75F3H         LINE#         9
  C:75F3H         LINE#         10
  C:75F3H         LINE#         11
  C:75F6H         LINE#         12
  C:75F9H         LINE#         14
  C:75FFH         LINE#         15
  C:7604H         LINE#         17
  C:760BH         LINE#         18
  C:7610H         LINE#         20
  C:7613H         LINE#         21
  C:7618H         LINE#         23
  C:761BH         LINE#         24
  C:7620H         LINE#         26
  C:7627H         LINE#         29
  C:762CH         LINE#         30
  C:7631H         LINE#         32
  C:7636H         LINE#         33
  C:763BH         LINE#         35
  C:7640H         LINE#         36
  C:7645H         LINE#         37
  -------         ENDPROC       LCD_INIT
  C:743FH         SYMBOL        L?0035
  -------         PROC          L?0034
  -------         ENDPROC       L?0034
  C:743FH         SYMBOL        L?0035
  -------         PROC          _WRITEDATA
  X:0508H         SYMBOL        dat
  C:7443H         LINE#         40
  C:7448H         LINE#         41
  C:7448H         LINE#         46
BL51 BANKED LINKER/LOCATER V6.22                                                      08/30/2019  10:23:04  PAGE 26


  C:744AH         LINE#         47
  C:744CH         LINE#         49
  C:745AH         LINE#         50
  C:7466H         LINE#         51
  C:7472H         LINE#         52
  C:747CH         LINE#         53
  C:747EH         LINE#         54
  C:7485H         LINE#         55
  C:7487H         LINE#         57
  C:7497H         LINE#         58
  C:74A2H         LINE#         59
  C:74ACH         LINE#         60
  C:74B0H         LINE#         62
  C:74B0H         LINE#         63
  C:74B3H         LINE#         64
  C:74B5H         LINE#         65
  C:74B7H         LINE#         67
  -------         ENDPROC       _WRITEDATA
  -------         PROC          _COMMAND
  D:0007H         SYMBOL        dat
  C:77C5H         LINE#         69
  C:77C5H         LINE#         70
  C:77C5H         LINE#         71
  C:77C7H         LINE#         72
  C:77C9H         LINE#         74
  C:77D3H         LINE#         75
  C:77D7H         LINE#         77
  C:77D9H         LINE#         78
  C:77E2H         LINE#         79
  C:77E6H         LINE#         81
  C:77E8H         LINE#         82
  C:77EFH         LINE#         83
  C:77F3H         LINE#         85
  C:77F5H         LINE#         86
  C:77F9H         LINE#         87
  C:77FDH         LINE#         89
  C:77FFH         LINE#         90
  C:77FFH         LINE#         91
  C:7802H         LINE#         92
  C:7804H         LINE#         93
  -------         ENDPROC       _COMMAND
  C:7A2CH         SYMBOL        L?0037
  -------         PROC          L?0036
  -------         ENDPROC       L?0036
  C:7A2CH         SYMBOL        L?0037
  -------         PROC          _WAIT_MS
  D:0006H         SYMBOL        ms
  -------         DO            
  D:0004H         SYMBOL        De_Cnt
  -------         ENDDO         
  C:7A30H         LINE#         95
  C:7A30H         LINE#         96
  C:7A30H         LINE#         98
  C:7A3AH         LINE#         99
  C:7A3AH         LINE#         100
  C:7A4DH         LINE#         101
  C:7A4DH         LINE#         102
BL51 BANKED LINKER/LOCATER V6.22                                                      08/30/2019  10:23:04  PAGE 27


  -------         ENDPROC       _WAIT_MS
  -------         PROC          _DISPLAYLCD
  D:0007H         SYMBOL        BCD
  -------         DO            
  D:0006H         SYMBOL        first_digit
  X:0408H         SYMBOL        second_digit
  -------         ENDDO         
  C:7B15H         LINE#         103
  C:7B15H         LINE#         104
  C:7B15H         LINE#         106
  C:7B1CH         LINE#         107
  C:7B25H         LINE#         109
  C:7B2AH         LINE#         111
  -------         ENDPROC       _DISPLAYLCD
  -------         PROC          LCD_RETURN_HOME
  C:7C97H         LINE#         115
  C:7C97H         LINE#         116
  C:7C97H         LINE#         117
  C:7C9CH         LINE#         118
  -------         ENDPROC       LCD_RETURN_HOME
  -------         PROC          LCD_CLEAR
  C:7CA1H         LINE#         121
  C:7CA1H         LINE#         122
  C:7CA1H         LINE#         123
  C:7CA6H         LINE#         124
  -------         ENDPROC       LCD_CLEAR
  -------         PROC          _DISPLAY_LINE
  D:0006H         SYMBOL        line
  C:7B91H         LINE#         128
  C:7B91H         LINE#         129
  C:7B91H         LINE#         130
  C:7B97H         LINE#         131
  C:7B97H         LINE#         132
  C:7B99H         LINE#         133
  C:7B99H         LINE#         134
  C:7B9BH         LINE#         136
  C:7B9BH         LINE#         137
  C:7BA0H         LINE#         138
  C:7BA5H         LINE#         139
  C:7BA5H         LINE#         140
  -------         ENDPROC       _DISPLAY_LINE
  -------         PROC          _DISPLAY_POS
  X:04FDH         SYMBOL        sign_dat
  -------         DO            
  X:0501H         SYMBOL        unit
  X:0502H         SYMBOL        ten
  X:0503H         SYMBOL        hundred
  X:0504H         SYMBOL        thousand
  X:0505H         SYMBOL        after_dot
  X:0506H         SYMBOL        dat
  -------         ENDDO         
  C:665EH         LINE#         142
  C:6664H         LINE#         143
  C:6664H         LINE#         147
  C:6680H         LINE#         148
  C:669AH         LINE#         149
  C:66BEH         LINE#         151
BL51 BANKED LINKER/LOCATER V6.22                                                      08/30/2019  10:23:04  PAGE 28


  C:6708H         LINE#         153
  C:671FH         LINE#         154
  C:6731H         LINE#         155
  C:6756H         LINE#         156
  C:6770H         LINE#         157
  C:6788H         LINE#         158
  C:6788H         LINE#         159
  C:6788H         LINE#         160
  C:6788H         LINE#         161
  C:6788H         LINE#         162
  C:6788H         LINE#         163
  C:6788H         LINE#         164
  C:6788H         LINE#         168
  C:678AH         LINE#         170
  C:678AH         LINE#         172
  C:678FH         LINE#         173
  C:6795H         LINE#         174
  C:679BH         LINE#         175
  C:67A1H         LINE#         176
  C:67A7H         LINE#         177
  C:67ACH         LINE#         178
  C:67B2H         LINE#         182
  C:67B2H         LINE#         184
  -------         ENDPROC       _DISPLAY_POS
  -------         ENDMOD        LCD_DRIVER_SPLC780D

  -------         MODULE        KEYPAD
  C:0000H         SYMBOL        _ICE_DUMMY_
  D:0093H         PUBLIC        P0M1
  D:0080H         PUBLIC        P0
  D:0090H         PUBLIC        P1
  D:00A0H         PUBLIC        P2
  D:00B0H         PUBLIC        P3
  D:00C0H         PUBLIC        P4
  D:00C8H         PUBLIC        P5
  D:00E8H         PUBLIC        P6
  D:00F8H         PUBLIC        P7
  D:00A8H         PUBLIC        IE
  C:605AH         PUBLIC        Key_Scan
  D:00B8H         PUBLIC        IP
  D:00D8H         PUBLIC        CCON
  C:7C7FH         PUBLIC        KeyPad_IO_Init
  C:7AF7H         PUBLIC        _Delay_ms
  D:0098H         PUBLIC        SCON
  D:0088H         PUBLIC        TCON
  X:0659H         PUBLIC        small_move
  X:065BH         PUBLIC        move
  X:065DH         PUBLIC        auto_mode
  X:065FH         PUBLIC        direction
  X:0661H         PUBLIC        SPI_NOR_ClearEnable
  C:579AH         PUBLIC        Key_Process
  D:00D0H         PUBLIC        PSW
  D:0094H         PUBLIC        P0M0
  -------         PROC          _DELAY_MS
  D:0006H         SYMBOL        ms
  -------         DO            
  D:0004H         SYMBOL        De_Cnt
BL51 BANKED LINKER/LOCATER V6.22                                                      08/30/2019  10:23:04  PAGE 29


  -------         ENDDO         
  C:7AF7H         LINE#         20
  C:7AF7H         LINE#         21
  C:7AF7H         LINE#         23
  C:7B01H         LINE#         24
  C:7B01H         LINE#         25
  C:7B14H         LINE#         26
  C:7B14H         LINE#         27
  -------         ENDPROC       _DELAY_MS
  -------         PROC          KEY_SCAN
  -------         DO            
  X:040EH         SYMBOL        KeyTemp1
  X:040FH         SYMBOL        KeyTemp2
  X:0410H         SYMBOL        KeyValue
  -------         ENDDO         
  C:605AH         LINE#         28
  C:605AH         LINE#         29
  C:605AH         LINE#         34
  C:605DH         LINE#         37
  C:6060H         LINE#         39
  C:6068H         LINE#         40
  C:606FH         LINE#         41
  C:606FH         LINE#         43
  C:6074H         LINE#         44
  C:607BH         LINE#         45
  C:607BH         LINE#         48
  C:607EH         LINE#         49
  C:6081H         LINE#         50
  C:6086H         LINE#         51
  C:608AH         LINE#         52
  C:608AH         LINE#         53
  C:6092H         LINE#         54
  C:6092H         LINE#         55
  C:6095H         LINE#         56
  C:609DH         LINE#         57
  C:609FH         LINE#         59
  C:60B3H         LINE#         60
  C:60B3H         LINE#         61
  C:60B3H         LINE#         62
  C:60B3H         LINE#         63
  C:60B9H         LINE#         65
  C:60BBH         LINE#         66
  C:60BBH         LINE#         67
  C:60BBH         LINE#         68
  C:60C1H         LINE#         70
  C:60C3H         LINE#         71
  C:60C3H         LINE#         72
  C:60C3H         LINE#         73
  C:60C9H         LINE#         75
  C:60CBH         LINE#         76
  C:60CBH         LINE#         77
  C:60CBH         LINE#         78
  C:60D1H         LINE#         80
  C:60D1H         LINE#         81
  C:60D1H         LINE#         82
  C:60D1H         LINE#         85
  C:60D4H         LINE#         86
BL51 BANKED LINKER/LOCATER V6.22                                                      08/30/2019  10:23:04  PAGE 30


  C:60D7H         LINE#         87
  C:60DFH         LINE#         88
  C:60E3H         LINE#         89
  C:60E3H         LINE#         90
  C:60EBH         LINE#         91
  C:60EBH         LINE#         92
  C:60EEH         LINE#         93
  C:60F6H         LINE#         94
  C:60F8H         LINE#         95
  C:610CH         LINE#         96
  C:610CH         LINE#         97
  C:610CH         LINE#         98
  C:610CH         LINE#         99
  C:6112H         LINE#         101
  C:6114H         LINE#         102
  C:6114H         LINE#         103
  C:6114H         LINE#         104
  C:611AH         LINE#         106
  C:611CH         LINE#         107
  C:611CH         LINE#         108
  C:611CH         LINE#         109
  C:6122H         LINE#         111
  C:6124H         LINE#         112
  C:6124H         LINE#         113
  C:6124H         LINE#         114
  C:6129H         LINE#         116
  C:6129H         LINE#         117
  C:6129H         LINE#         118
  C:6129H         LINE#         121
  C:612CH         LINE#         122
  C:612FH         LINE#         123
  C:6137H         LINE#         124
  C:613BH         LINE#         125
  C:613BH         LINE#         126
  C:6143H         LINE#         127
  C:6143H         LINE#         128
  C:6146H         LINE#         129
  C:614EH         LINE#         130
  C:6150H         LINE#         131
  C:6164H         LINE#         132
  C:6164H         LINE#         133
  C:6164H         LINE#         134
  C:6164H         LINE#         135
  C:616AH         LINE#         137
  C:616CH         LINE#         138
  C:616CH         LINE#         139
  C:616CH         LINE#         140
  C:6172H         LINE#         142
  C:6174H         LINE#         143
  C:6174H         LINE#         144
  C:6174H         LINE#         145
  C:617AH         LINE#         147
  C:617CH         LINE#         148
  C:617CH         LINE#         149
  C:617CH         LINE#         150
  C:6182H         LINE#         152
  C:6182H         LINE#         153
BL51 BANKED LINKER/LOCATER V6.22                                                      08/30/2019  10:23:04  PAGE 31


  C:6182H         LINE#         154
  C:6182H         LINE#         158
  C:6185H         LINE#         159
  C:6188H         LINE#         160
  C:6190H         LINE#         161
  C:6194H         LINE#         162
  C:6194H         LINE#         163
  C:619CH         LINE#         164
  C:619CH         LINE#         165
  C:619FH         LINE#         166
  C:61A7H         LINE#         167
  C:61A9H         LINE#         168
  C:61BDH         LINE#         169
  C:61BDH         LINE#         170
  C:61BDH         LINE#         171
  C:61BDH         LINE#         172
  C:61C3H         LINE#         174
  C:61C5H         LINE#         175
  C:61C5H         LINE#         176
  C:61C5H         LINE#         177
  C:61CBH         LINE#         179
  C:61CDH         LINE#         180
  C:61CDH         LINE#         181
  C:61CDH         LINE#         182
  C:61D3H         LINE#         184
  C:61D5H         LINE#         185
  C:61D5H         LINE#         186
  C:61D5H         LINE#         187
  C:61DBH         LINE#         189
  C:61DBH         LINE#         190
  C:61DBH         LINE#         191
  C:61DBH         LINE#         193
  C:61E1H         LINE#         194
  C:61E1H         LINE#         196
  C:61E1H         LINE#         197
  C:61E4H         LINE#         198
  C:61E4H         LINE#         199
  C:61E4H         LINE#         201
  C:61E4H         LINE#         202
  C:61E6H         LINE#         203
  C:61E6H         LINE#         204
  -------         ENDPROC       KEY_SCAN
  -------         PROC          KEY_PROCESS
  -------         DO            
  X:064AH         SYMBOL        KeyCount
  X:064BH         SYMBOL        KeyNum_Old
  X:064DH         SYMBOL        KeyNum
  X:064FH         SYMBOL        PressedKey
  X:0408H         SYMBOL        d
  D:0002H         SYMBOL        hours
  D:0006H         SYMBOL        mins
  X:040AH         SYMBOL        months
  X:040CH         SYMBOL        days
  -------         ENDDO         
  C:579AH         LINE#         205
  C:579AH         LINE#         206
  C:579AH         LINE#         210
BL51 BANKED LINKER/LOCATER V6.22                                                      08/30/2019  10:23:04  PAGE 32


  C:57A9H         LINE#         211
  C:57B6H         LINE#         213
  C:57BAH         LINE#         214
  C:57BAH         LINE#         215
  C:57C0H         LINE#         217
  C:57C0H         LINE#         218
  C:57D7H         LINE#         219
  C:57D7H         LINE#         220
  C:57E1H         LINE#         221
  C:57E7H         LINE#         223
  C:57EDH         LINE#         225
  C:57EDH         LINE#         226
  C:5804H         LINE#         227
  C:5804H         LINE#         228
  C:5809H         LINE#         230
  C:5809H         LINE#         231
  C:5819H         LINE#         232
  C:5819H         LINE#         233
  C:581FH         LINE#         235
  C:581FH         LINE#         236
  C:5831H         LINE#         237
  C:5831H         LINE#         238
  C:583BH         LINE#         239
  C:5843H         LINE#         241
  C:584CH         LINE#         243
  C:584CH         LINE#         252
  C:586BH         LINE#         253
  C:586BH         LINE#         254
  C:588AH         LINE#         255
  C:5890H         LINE#         256
  C:5898H         LINE#         257
  C:5898H         LINE#         259
  C:5899H         LINE#         265
  C:58A5H         LINE#         266
  C:58A5H         LINE#         267
  C:58C2H         LINE#         268
  C:58D9H         LINE#         269
  C:58F0H         LINE#         270
  C:58F0H         LINE#         271
  C:5903H         LINE#         272
  C:5916H         LINE#         273
  C:5916H         LINE#         274
  C:5916H         LINE#         275
  C:5919H         LINE#         280
  C:5928H         LINE#         281
  C:5928H         LINE#         282
  C:594BH         LINE#         283
  C:5968H         LINE#         284
  C:5971H         LINE#         285
  C:5971H         LINE#         286
  C:5978H         LINE#         287
  C:5978H         LINE#         288
  C:5989H         LINE#         289
  C:5989H         LINE#         290
  C:5998H         LINE#         291
  C:5998H         LINE#         292
  C:5998H         LINE#         293
BL51 BANKED LINKER/LOCATER V6.22                                                      08/30/2019  10:23:04  PAGE 33


  C:599BH         LINE#         295
  C:599BH         LINE#         296
  C:59A7H         LINE#         297
  C:59A7H         LINE#         298
  C:59B9H         LINE#         299
  C:59B9H         LINE#         300
  C:59C9H         LINE#         301
  C:59C9H         LINE#         302
  C:59C9H         LINE#         304
  C:59CBH         LINE#         306
  C:59CBH         LINE#         307
  C:59DAH         LINE#         308
  C:59DAH         LINE#         309
  C:59EAH         LINE#         310
  C:59EAH         LINE#         311
  C:59EAH         LINE#         313
  C:59EAH         LINE#         315
  C:59EAH         LINE#         316
  C:59ECH         LINE#         318
  C:59ECH         LINE#         319
  C:59F3H         LINE#         320
  C:59F3H         LINE#         321
  C:5A02H         LINE#         322
  C:5A02H         LINE#         323
  C:5A12H         LINE#         324
  C:5A12H         LINE#         325
  C:5A12H         LINE#         326
  C:5A14H         LINE#         328
  C:5A14H         LINE#         329
  C:5A23H         LINE#         330
  C:5A23H         LINE#         331
  C:5A36H         LINE#         332
  C:5A49H         LINE#         333
  C:5A49H         LINE#         334
  C:5A49H         LINE#         335
  C:5A49H         LINE#         336
  C:5A52H         LINE#         338
  C:5A52H         LINE#         340
  C:5A8CH         LINE#         341
  C:5A8CH         LINE#         342
  C:5A93H         LINE#         343
  C:5A93H         LINE#         344
  C:5A9DH         LINE#         345
  C:5A9DH         LINE#         346
  C:5AA0H         LINE#         347
  C:5AA5H         LINE#         348
  C:5AAAH         LINE#         349
  C:5AAFH         LINE#         350
  C:5AB4H         LINE#         351
  C:5AB9H         LINE#         352
  C:5ABEH         LINE#         353
  C:5AC3H         LINE#         354
  C:5AC3H         LINE#         355
  C:5AC3H         LINE#         357
  C:5AE1H         LINE#         358
  C:5AE1H         LINE#         359
  C:5AE8H         LINE#         360
BL51 BANKED LINKER/LOCATER V6.22                                                      08/30/2019  10:23:04  PAGE 34


  C:5AE8H         LINE#         361
  C:5AEDH         LINE#         362
  C:5AF6H         LINE#         363
  C:5B15H         LINE#         364
  C:5B15H         LINE#         365
  C:5B25H         LINE#         367
  C:5B25H         LINE#         371
  -------         ENDPROC       KEY_PROCESS
  -------         PROC          KEYPAD_IO_INIT
  C:7C7FH         LINE#         374
  C:7C7FH         LINE#         375
  C:7C7FH         LINE#         376
  C:7C82H         LINE#         377
  C:7C85H         LINE#         378
  C:7C88H         LINE#         379
  C:7C8AH         LINE#         380
[...]
  C:6263H         LINE#         328
  C:6266H         LINE#         330
  C:6280H         LINE#         331
  C:6280H         LINE#         332
  C:6280H         LINE#         334
  C:6283H         LINE#         336
  C:629DH         LINE#         337
  C:629DH         LINE#         338
  C:629DH         LINE#         340
  C:62A0H         LINE#         342
  C:62BAH         LINE#         343
  C:62BAH         LINE#         344
  C:62BAH         LINE#         346
  C:62BDH         LINE#         348
  C:62D7H         LINE#         349
  C:62D7H         LINE#         350
  C:62D7H         LINE#         352
  C:62DAH         LINE#         354
  C:62F4H         LINE#         355
  C:62F4H         LINE#         356
  C:62F4H         LINE#         358
  C:62F7H         LINE#         360
  C:6311H         LINE#         361
  C:6311H         LINE#         362
  C:6311H         LINE#         364
  C:6314H         LINE#         366
  C:632EH         LINE#         367
  C:632EH         LINE#         368
  C:632EH         LINE#         370
  C:6331H         LINE#         372
  C:634BH         LINE#         373
  C:6352H         LINE#         374
  -------         ENDPROC       SPI_NOR_WRITE_DATA
  -------         ENDMOD        AT25SF041

  -------         MODULE        SI1120
  C:0000H         SYMBOL        _ICE_DUMMY_
  D:0080H         PUBLIC        P0
  D:00B2H         PUBLIC        P3M0
  D:0090H         PUBLIC        P1
  D:00B1H         PUBLIC        P3M1
  D:00A0H         PUBLIC        P2
  D:00B0H         PUBLIC        P3
  D:00C0H         PUBLIC        P4
  D:00C8H         PUBLIC        P5
  B:00A8H.7       PUBLIC        EA
  D:00E8H         PUBLIC        P6
BL51 BANKED LINKER/LOCATER V6.22                                                      08/30/2019  10:23:04  PAGE 57


  D:00F8H         PUBLIC        P7
  D:00A8H         PUBLIC        IE
  D:00B8H         PUBLIC        IP
  C:78B3H         PUBLIC        SI1120_CONFIG_MODE_VIRH
  D:00D8H         PUBLIC        CCON
  D:0098H         PUBLIC        SCON
  D:0088H         PUBLIC        TCON
  C:7C65H         PUBLIC        Enable_EXTINT0
  B:0090H.5       PUBLIC        SI1120_STX
  B:0088H.0       PUBLIC        IT0
  B:00A8H.0       PUBLIC        EX0
  B:0090H.4       PUBLIC        SI1120_MD
  B:0090H.6       PUBLIC        SI1120_SC
  D:00D0H         PUBLIC        PSW
  -------         PROC          SI1120_CONFIG_MODE_VIRH
  C:78B3H         LINE#         4
  C:78B3H         LINE#         5
  C:78B3H         LINE#         6
  C:78B5H         LINE#         7
  C:78B7H         LINE#         8
  C:78B9H         LINE#         10
  C:78C0H         LINE#         11
  C:78C2H         LINE#         13
  C:78C4H         LINE#         14
  C:78C6H         LINE#         16
  C:78CDH         LINE#         18
  C:78CFH         LINE#         20
  C:78D6H         LINE#         23
  C:78D8H         LINE#         25
  C:78DAH         LINE#         27
  C:78E1H         LINE#         29
  C:78E3H         LINE#         31
  -------         ENDPROC       SI1120_CONFIG_MODE_VIRH
  -------         PROC          ENABLE_EXTINT0
  C:7C65H         LINE#         33
  C:7C65H         LINE#         34
  C:7C65H         LINE#         35
  C:7C68H         LINE#         36
  C:7C6BH         LINE#         37
  C:7C6DH         LINE#         38
  C:7C6FH         LINE#         39
  C:7C71H         LINE#         40
  -------         ENDPROC       ENABLE_EXTINT0
  -------         ENDMOD        SI1120

  -------         MODULE        UART1
  C:0000H         SYMBOL        _ICE_DUMMY_
  D:0080H         PUBLIC        P0
  D:0090H         PUBLIC        P1
  D:00A0H         PUBLIC        P2
  D:00B0H         PUBLIC        P3
  D:00C0H         PUBLIC        P4
  D:00C8H         PUBLIC        P5
  C:7A72H         PUBLIC        _uart1_SendToTCPServer
  B:00A8H.7       PUBLIC        EA
  D:00E8H         PUBLIC        P6
  D:00F8H         PUBLIC        P7
BL51 BANKED LINKER/LOCATER V6.22                                                      08/30/2019  10:23:04  PAGE 58


  C:7880H         PUBLIC        _SendString
  D:00A8H         PUBLIC        IE
  B:00A8H.4       PUBLIC        ES
  D:00B8H         PUBLIC        IP
  C:7B64H         PUBLIC        _ASCIItoBCD
  D:00D8H         PUBLIC        CCON
  C:7C1AH         PUBLIC        initUART1
  D:0098H         PUBLIC        SCON
  D:0088H         PUBLIC        TCON
  C:7CD3H         PUBLIC        _DectoBCD
  C:001EH         PUBLIC        _ASCII_Letter
  D:008EH         PUBLIC        AUXR
  C:0006H         PUBLIC        _unit
  C:7CCCH         PUBLIC        _ten
  D:00D6H         PUBLIC        T2H
  D:00D7H         PUBLIC        T2L
  C:7CBDH         PUBLIC        uart1_InitTCPConn
  D:00D0H         PUBLIC        PSW
  -------         PROC          INITUART1
  C:7C1AH         LINE#         24
  C:7C1AH         LINE#         25
  C:7C1AH         LINE#         26
  C:7C1DH         LINE#         27
  C:7C20H         LINE#         28
  C:7C23H         LINE#         29
  C:7C26H         LINE#         30
  C:7C28H         LINE#         31
  C:7C2AH         LINE#         33
  -------         ENDPROC       INITUART1
  -------         PROC          _SENDSTRING
  X:04FDH         SYMBOL        s
  C:7880H         LINE#         36
  C:788BH         LINE#         37
  C:788BH         LINE#         38
  C:789BH         LINE#         39
  C:789BH         LINE#         40
  C:78B0H         LINE#         41
  C:78B2H         LINE#         42
  -------         ENDPROC       _SENDSTRING
  -------         PROC          _TEN
  D:0007H         SYMBOL        BCD
  C:7CCCH         LINE#         44
  C:7CCCH         LINE#         45
  C:7CCCH         LINE#         46
  C:7CD1H         LINE#         47
  -------         ENDPROC       _TEN
  -------         PROC          _UNIT
  D:0007H         SYMBOL        BCD
  C:0006H         LINE#         48
  C:0006H         LINE#         49
  C:0006H         LINE#         53
  C:000AH         LINE#         54
  -------         ENDPROC       _UNIT
  -------         PROC          _DECTOBCD
  D:0007H         SYMBOL        dec
  C:7CD3H         LINE#         55
  C:7CD3H         LINE#         56
BL51 BANKED LINKER/LOCATER V6.22                                                      08/30/2019  10:23:04  PAGE 59


  C:7CD3H         LINE#         58
  C:7CD3H         LINE#         59
  -------         ENDPROC       _DECTOBCD
  -------         PROC          _ASCII_LETTER
  D:0007H         SYMBOL        dat
  C:001EH         LINE#         61
  C:001EH         LINE#         62
  C:001EH         LINE#         64
  C:0022H         LINE#         65
  -------         ENDPROC       _ASCII_LETTER
  -------         PROC          _ASCIITOBCD
  D:0001H         SYMBOL        ascii
  -------         DO            
  D:0007H         SYMBOL        dec_val
  D:0006H         SYMBOL        ten
  D:0007H         SYMBOL        unit
  -------         ENDDO         
  C:7B64H         LINE#         67
  C:7B64H         LINE#         68
  C:7B64H         LINE#         70
  C:7B67H         LINE#         71
  C:7B6DH         LINE#         72
  C:7B74H         LINE#         73
  C:7B7AH         LINE#         75
  -------         ENDPROC       _ASCIITOBCD
  -------         PROC          UART1_INITTCPCONN
  C:7CBDH         LINE#         77
  C:7CBDH         LINE#         78
  C:7CBDH         LINE#         82
  -------         ENDPROC       UART1_INITTCPCONN
  -------         PROC          _UART1_SENDTOTCPSERVER
  X:0408H         SYMBOL        str
  C:7A72H         LINE#         85
  C:7A7DH         LINE#         86
  C:7A7DH         LINE#         87
  C:7A86H         LINE#         88
  C:7A8DH         LINE#         89
  -------         ENDPROC       _UART1_SENDTOTCPSERVER
  -------         ENDMOD        UART1

  -------         MODULE        ?C_STARTUP
  C:732BH         SEGMENT       ?C_C51STARTUP
  I:0022H         SEGMENT       ?STACK
  C:0000H         PUBLIC        ?C_STARTUP
  D:00E0H         SYMBOL        ACC
  D:00F0H         SYMBOL        B
  D:0083H         SYMBOL        DPH
  D:0082H         SYMBOL        DPL
  N:0000H         SYMBOL        IBPSTACK
  N:0100H         SYMBOL        IBPSTACKTOP
  N:0080H         SYMBOL        IDATALEN
  C:732EH         SYMBOL        IDATALOOP
  N:0000H         SYMBOL        PBPSTACK
  N:0100H         SYMBOL        PBPSTACKTOP
  N:0000H         SYMBOL        PDATALEN
  N:0000H         SYMBOL        PDATASTART
  N:0000H         SYMBOL        PPAGE
BL51 BANKED LINKER/LOCATER V6.22                                                      08/30/2019  10:23:04  PAGE 60


  N:0000H         SYMBOL        PPAGEENABLE
  D:00A0H         SYMBOL        PPAGE_SFR
  D:0081H         SYMBOL        SP
  C:732BH         SYMBOL        STARTUP1
  N:0000H         SYMBOL        XBPSTACK
  N:0000H         SYMBOL        XBPSTACKTOP
  N:0000H         SYMBOL        XDATALEN
  N:0000H         SYMBOL        XDATASTART
  C:0000H         LINE#         126
  C:732BH         LINE#         133
  C:732DH         LINE#         134
  C:732EH         LINE#         135
  C:732FH         LINE#         136
  C:7331H         LINE#         185
  C:7334H         LINE#         196
  -------         ENDMOD        ?C_STARTUP

  -------         MODULE        ?C?FPADD
  C:2419H         PUBLIC        ?C?FPADD
  C:2415H         PUBLIC        ?C?FPSUB
  -------         ENDMOD        ?C?FPADD

  -------         MODULE        ?C?FPMUL
  C:250AH         PUBLIC        ?C?FPMUL
  -------         ENDMOD        ?C?FPMUL

  -------         MODULE        ?C?FPDIV
  C:2613H         PUBLIC        ?C?FPDIV
  -------         ENDMOD        ?C?FPDIV

  -------         MODULE        ?C?FPCMP
  C:26B2H         PUBLIC        ?C?FPCMP
  C:26B0H         PUBLIC        ?C?FPCMP3
  -------         ENDMOD        ?C?FPCMP

  -------         MODULE        ?C?FPNEG
  C:2729H         PUBLIC        ?C?FPNEG
  -------         ENDMOD        ?C?FPNEG

  -------         MODULE        ?C?FCAST
  C:2744H         PUBLIC        ?C?FCASTC
  C:273FH         PUBLIC        ?C?FCASTI
  C:273AH         PUBLIC        ?C?FCASTL
  -------         ENDMOD        ?C?FCAST

  -------         MODULE        ?C?CASTF
  C:2778H         PUBLIC        ?C?CASTF
  -------         ENDMOD        ?C?CASTF

  -------         MODULE        PRINTF
  X:04FDH         PUBLIC        ?_PRINTF?BYTE
  X:04FDH         PUBLIC        ?_SPRINTF?BYTE
  C:4B1EH         PUBLIC        _PRINTF
  C:4B18H         PUBLIC        _SPRINTF
  -------         ENDMOD        PRINTF

  -------         MODULE        FABS
BL51 BANKED LINKER/LOCATER V6.22                                                      08/30/2019  10:23:04  PAGE 61


  C:7C72H         PUBLIC        _FABS
  -------         ENDMOD        FABS

  -------         MODULE        ATAN2
  X:04AFH         PUBLIC        ?_atan2?BYTE
  C:7158H         PUBLIC        _atan2
  -------         ENDMOD        ATAN2

  -------         MODULE        SIN
  C:63B8H         PUBLIC        _COS
  C:63CEH         PUBLIC        _SIN
  C:640AH         PUBLIC        _TAN
  -------         ENDMOD        SIN

  -------         MODULE        ACOS
  C:7737H         PUBLIC        _ACOS
  -------         ENDMOD        ACOS

  -------         MODULE        ASIN
  C:7845H         PUBLIC        _ASIN
  -------         ENDMOD        ASIN

  -------         MODULE        POW
  X:03BCH         PUBLIC        ?_pow?BYTE
  C:64F8H         PUBLIC        _pow
  -------         ENDMOD        POW

  -------         MODULE        ?C?CHKFLOAT
  C:27F9H         PUBLIC        ?C?CHKFLOAT
  -------         ENDMOD        ?C?CHKFLOAT

  -------         MODULE        ?C?FPROUND
  C:2813H         PUBLIC        ?C?FPROUND
  -------         ENDMOD        ?C?FPROUND

  -------         MODULE        ?C?FPCONVERT
  C:2850H         PUBLIC        ?C?FPCONVERT
  -------         ENDMOD        ?C?FPCONVERT

  -------         MODULE        EXP
  C:72C9H         PUBLIC        _EXP
  -------         ENDMOD        EXP

  -------         MODULE        LOG
  C:67E7H         PUBLIC        _LOG
  C:67E3H         PUBLIC        _LOG10
  -------         ENDMOD        LOG

  -------         MODULE        SQRT
  C:700FH         PUBLIC        _SQRT
  -------         ENDMOD        SQRT

  -------         MODULE        ATAN
  C:68FCH         PUBLIC        _ATAN
  -------         ENDMOD        ATAN

  -------         MODULE        ?C?FTNPWR
BL51 BANKED LINKER/LOCATER V6.22                                                      08/30/2019  10:23:04  PAGE 62


  C:29D2H         PUBLIC        ?C?FTNPWR
  -------         ENDMOD        ?C?FTNPWR

  -------         MODULE        ?C?COPY
  C:2AE2H         PUBLIC        ?C?COPY
  -------         ENDMOD        ?C?COPY

  -------         MODULE        ?C?CLDPTR
  C:2B08H         PUBLIC        ?C?CLDPTR
  -------         ENDMOD        ?C?CLDPTR

  -------         MODULE        ?C?CLDOPTR
  C:2B21H         PUBLIC        ?C?CLDOPTR
  -------         ENDMOD        ?C?CLDOPTR

  -------         MODULE        ?C?CSTPTR
  C:2B4EH         PUBLIC        ?C?CSTPTR
  -------         ENDMOD        ?C?CSTPTR

  -------         MODULE        ?C?IMUL
  C:2B60H         PUBLIC        ?C?IMUL
  -------         ENDMOD        ?C?IMUL

  -------         MODULE        ?C?UIDIV
  C:2B72H         PUBLIC        ?C?UIDIV
  -------         ENDMOD        ?C?UIDIV

  -------         MODULE        ?C?SIDIV
  C:2BC7H         PUBLIC        ?C?SIDIV
  -------         ENDMOD        ?C?SIDIV

  -------         MODULE        ?C?ILDIX
  C:2BFDH         PUBLIC        ?C?ILDIX
  -------         ENDMOD        ?C?ILDIX

  -------         MODULE        ?C?ILDOPTR
  C:2C13H         PUBLIC        ?C?ILDOPTR
  -------         ENDMOD        ?C?ILDOPTR

  -------         MODULE        ?C?ISTPTR
  C:2C4BH         PUBLIC        ?C?ISTPTR
  -------         ENDMOD        ?C?ISTPTR

  -------         MODULE        ?C?LMUL
  C:2C6AH         PUBLIC        ?C?LMUL
  -------         ENDMOD        ?C?LMUL

  -------         MODULE        ?C?SLDIV
  C:7781H         PUBLIC        ?C?SLDIV
  -------         ENDMOD        ?C?SLDIV

  -------         MODULE        ?C?LNEG
  C:2CB9H         PUBLIC        ?C?LNEG
  -------         ENDMOD        ?C?LNEG

  -------         MODULE        ?C?ULCMP
  C:2CC7H         PUBLIC        ?C?ULCMP
BL51 BANKED LINKER/LOCATER V6.22                                                      08/30/2019  10:23:04  PAGE 63


  -------         ENDMOD        ?C?ULCMP

  -------         MODULE        ?C?LSHL
  C:2CD8H         PUBLIC        ?C?LSHL
  -------         ENDMOD        ?C?LSHL

  -------         MODULE        ?C?LLDPTR
  C:2CEBH         PUBLIC        ?C?LLDPTR
  -------         ENDMOD        ?C?LLDPTR

  -------         MODULE        ?C?LLDOPTR
  C:2D0BH         PUBLIC        ?C?LLDOPTR
  -------         ENDMOD        ?C?LLDOPTR

  -------         MODULE        ?C?LSTPTR
  C:2D3BH         PUBLIC        ?C?LSTPTR
  -------         ENDMOD        ?C?LSTPTR

  -------         MODULE        ?C?LSTOPTR
  C:2D55H         PUBLIC        ?C?LSTOPTR
  -------         ENDMOD        ?C?LSTOPTR

  -------         MODULE        ?C?LLDXDATA
  C:2D79H         PUBLIC        ?C?LLDXDATA
  -------         ENDMOD        ?C?LLDXDATA

  -------         MODULE        ?C?LLDCODE
  C:2D85H         PUBLIC        ?C?LLDCODE
  -------         ENDMOD        ?C?LLDCODE

  -------         MODULE        ?C?LLDXDATA0
  C:2D95H         PUBLIC        ?C?LLDXDATA0
  -------         ENDMOD        ?C?LLDXDATA0

  -------         MODULE        ?C?LLDCODE0
  C:2DA1H         PUBLIC        ?C?LLDCODE0
  -------         ENDMOD        ?C?LLDCODE0

  -------         MODULE        ?C?LLDPTR0
  C:2DB1H         PUBLIC        ?C?LLDPTR0
  -------         ENDMOD        ?C?LLDPTR0

  -------         MODULE        ?C?LSTXDATA
  C:2DD1H         PUBLIC        ?C?LSTXDATA
  -------         ENDMOD        ?C?LSTXDATA

  -------         MODULE        ?C?LSTKXDATA
  C:2DDDH         PUBLIC        ?C?LSTKXDATA
  -------         ENDMOD        ?C?LSTKXDATA

  -------         MODULE        ?C?LSTKPTR
  C:2E0EH         PUBLIC        ?C?LSTKPTR
  -------         ENDMOD        ?C?LSTKPTR

  -------         MODULE        ?C?OFFXADD
  C:2E28H         PUBLIC        ?C?OFFXADD
  -------         ENDMOD        ?C?OFFXADD
BL51 BANKED LINKER/LOCATER V6.22                                                      08/30/2019  10:23:04  PAGE 64



  -------         MODULE        ?C?PLDIXDATA
  C:2E34H         PUBLIC        ?C?PLDIXDATA
  -------         ENDMOD        ?C?PLDIXDATA

  -------         MODULE        ?C?PSTXDATA
  C:2E4BH         PUBLIC        ?C?PSTXDATA
  -------         ENDMOD        ?C?PSTXDATA

  -------         MODULE        ?C?CCASE
  C:2E54H         PUBLIC        ?C?CCASE
  -------         ENDMOD        ?C?CCASE

  -------         MODULE        PUTCHAR
  C:7A03H         PUBLIC        _PUTCHAR
  -------         ENDMOD        PUTCHAR

  -------         MODULE        ABS
  C:7C8BH         PUBLIC        _ABS
  -------         ENDMOD        ABS

  -------         MODULE        ATOI
  C:6D05H         PUBLIC        _atoi
  -------         ENDMOD        ATOI

  -------         MODULE        ?C?IILDX
  C:2E7AH         PUBLIC        ?C?IILDX
  -------         ENDMOD        ?C?IILDX

  -------         MODULE        ?C?ULDIV
  C:2ECCH         PUBLIC        ?C?ULDIV
  -------         ENDMOD        ?C?ULDIV

  -------         MODULE        ?C?LLDIDATA
  C:2F5EH         PUBLIC        ?C?LLDIDATA
  -------         ENDMOD        ?C?LLDIDATA

  -------         MODULE        ?C?LLDPDATA
  C:2F6AH         PUBLIC        ?C?LLDPDATA
  -------         ENDMOD        ?C?LLDPDATA

  -------         MODULE        ?C?LLDIDATA0
  C:2F76H         PUBLIC        ?C?LLDIDATA0
  -------         ENDMOD        ?C?LLDIDATA0

  -------         MODULE        ?C?LLDPDATA0
  C:2F83H         PUBLIC        ?C?LLDPDATA0
  -------         ENDMOD        ?C?LLDPDATA0

  -------         MODULE        ?C?LSTIDATA
  C:2F90H         PUBLIC        ?C?LSTIDATA
  -------         ENDMOD        ?C?LSTIDATA

  -------         MODULE        ?C?LSTPDATA
  C:2F9CH         PUBLIC        ?C?LSTPDATA
  -------         ENDMOD        ?C?LSTPDATA

BL51 BANKED LINKER/LOCATER V6.22                                                      08/30/2019  10:23:04  PAGE 65


  -------         MODULE        ?C?LSTKIDATA
  C:2FA8H         PUBLIC        ?C?LSTKIDATA
  -------         ENDMOD        ?C?LSTKIDATA

  -------         MODULE        ?C?LSTKPDATA
  C:2FC1H         PUBLIC        ?C?LSTKPDATA
  -------         ENDMOD        ?C?LSTKPDATA

  -------         MODULE        ISDIGIT
  C:7C49H         PUBLIC        _isdigit
  -------         ENDMOD        ISDIGIT

  -------         MODULE        ISSPACE
  C:7BE4H         PUBLIC        _isspace
  -------         ENDMOD        ISSPACE

*** WARNING L16: UNCALLED SEGMENT, IGNORED FOR OVERLAY PROCESS
    SEGMENT: ?PR?_DAY_OF_YEAR?PCF85063BTL

*** WARNING L16: UNCALLED SEGMENT, IGNORED FOR OVERLAY PROCESS
    SEGMENT: ?PR?_FINDCLOSESTSAMEDAYCALIBTIME?CALIBRATION

*** WARNING L16: UNCALLED SEGMENT, IGNORED FOR OVERLAY PROCESS
    SEGMENT: ?PR?NOP?IOEXPANDER_PI4IOE5V96248

*** WARNING L16: UNCALLED SEGMENT, IGNORED FOR OVERLAY PROCESS
    SEGMENT: ?PR?UC_ACK?IOEXPANDER_PI4IOE5V96248

*** WARNING L16: UNCALLED SEGMENT, IGNORED FOR OVERLAY PROCESS
    SEGMENT: ?PR?UC_NACK?IOEXPANDER_PI4IOE5V96248

*** WARNING L16: UNCALLED SEGMENT, IGNORED FOR OVERLAY PROCESS
    SEGMENT: ?PR?_TEN?UART1

*** WARNING L16: UNCALLED SEGMENT, IGNORED FOR OVERLAY PROCESS
    SEGMENT: ?PR?_UNIT?UART1

*** WARNING L16: UNCALLED SEGMENT, IGNORED FOR OVERLAY PROCESS
    SEGMENT: ?PR?_DECTOBCD?UART1

*** WARNING L16: UNCALLED SEGMENT, IGNORED FOR OVERLAY PROCESS
    SEGMENT: ?PR?_ASCII_LETTER?UART1

*** WARNING L16: UNCALLED SEGMENT, IGNORED FOR OVERLAY PROCESS
    SEGMENT: ?PR?_ASCIITOBCD?UART1

Program Size: data=15.4 xdata=1642 code=31956
LINK/LOCATE RUN COMPLETE.  10 WARNING(S),  0 ERROR(S)
