BL51 BANKED LINKER/LOCATER V6.22                                                        09/11/2018  14:42:48  PAGE 1


BL51 BANKED LINKER/LOCATER V6.22, INVOKED BY:
C:\KEIL_V5\C51\BIN\BL51.EXE .\Obj\main.obj, .\Obj\PCF85063BTL.obj, .\Obj\UART1.obj, .\Obj\LCd_Driver_SPLC780D.obj, .\Obj
>> \KeyPad.obj, .\Obj\VCNL4035.obj, .\Obj\BipolarMotor.obj, .\Obj\SunPos.obj, .\Obj\STARTUP.obj TO .\Obj\GPIO_RTC_Test P
>> RINT (.\Lis\GPIO_RTC_Test.m51) RAMSIZE (256)


MEMORY MODEL: LARGE WITH FLOATING POINT ARITHMETIC


INPUT MODULES INCLUDED:
  .\Obj\main.obj (MAIN)
  .\Obj\PCF85063BTL.obj (PCF85063BTL)
  .\Obj\UART1.obj (UART1)
  .\Obj\LCd_Driver_SPLC780D.obj (LCD_DRIVER_SPLC780D)
  .\Obj\KeyPad.obj (KEYPAD)
  .\Obj\VCNL4035.obj (VCNL4035)
  .\Obj\BipolarMotor.obj (BIPOLARMOTOR)
  .\Obj\SunPos.obj (SUNPOS)
  .\Obj\STARTUP.obj (?C_STARTUP)
  C:\KEIL_V5\C51\LIB\C51FPL.LIB (?C?FPADD)
  C:\KEIL_V5\C51\LIB\C51FPL.LIB (?C?FPMUL)
  C:\KEIL_V5\C51\LIB\C51FPL.LIB (?C?FPDIV)
  C:\KEIL_V5\C51\LIB\C51FPL.LIB (?C?FPCMP)
  C:\KEIL_V5\C51\LIB\C51FPL.LIB (?C?FPNEG)
  C:\KEIL_V5\C51\LIB\C51FPL.LIB (?C?FCAST)
  C:\KEIL_V5\C51\LIB\C51FPL.LIB (?C?CASTF)
  C:\KEIL_V5\C51\LIB\C51FPL.LIB (ATAN2)
  C:\KEIL_V5\C51\LIB\C51FPL.LIB (SIN)
  C:\KEIL_V5\C51\LIB\C51FPL.LIB (ACOS)
  C:\KEIL_V5\C51\LIB\C51FPL.LIB (ASIN)
  C:\KEIL_V5\C51\LIB\C51FPL.LIB (?C?FPGETOPN)
  C:\KEIL_V5\C51\LIB\C51FPL.LIB (?C?FPSERIES)
  C:\KEIL_V5\C51\LIB\C51FPL.LIB (SQRT)
  C:\KEIL_V5\C51\LIB\C51FPL.LIB (ATAN)
  C:\KEIL_V5\C51\LIB\C51L.LIB (?C_INIT)
  C:\KEIL_V5\C51\LIB\C51L.LIB (?C?COPY)
  C:\KEIL_V5\C51\LIB\C51L.LIB (?C?CLDPTR)
  C:\KEIL_V5\C51\LIB\C51L.LIB (?C?CSTPTR)
  C:\KEIL_V5\C51\LIB\C51L.LIB (?C?IMUL)
  C:\KEIL_V5\C51\LIB\C51L.LIB (?C?UIDIV)
  C:\KEIL_V5\C51\LIB\C51L.LIB (?C?SIDIV)
  C:\KEIL_V5\C51\LIB\C51L.LIB (?C?ILDIX)
  C:\KEIL_V5\C51\LIB\C51L.LIB (?C?LMUL)
  C:\KEIL_V5\C51\LIB\C51L.LIB (?C?SLDIV)
  C:\KEIL_V5\C51\LIB\C51L.LIB (?C?LNEG)
  C:\KEIL_V5\C51\LIB\C51L.LIB (?C?LLDPTR)
  C:\KEIL_V5\C51\LIB\C51L.LIB (?C?LLDOPTR)
  C:\KEIL_V5\C51\LIB\C51L.LIB (?C?LSTPTR)
  C:\KEIL_V5\C51\LIB\C51L.LIB (?C?LSTOPTR)
  C:\KEIL_V5\C51\LIB\C51L.LIB (?C?LLDXDATA)
  C:\KEIL_V5\C51\LIB\C51L.LIB (?C?LLDCODE)
  C:\KEIL_V5\C51\LIB\C51L.LIB (?C?LLDXDATA0)
  C:\KEIL_V5\C51\LIB\C51L.LIB (?C?LLDCODE0)
  C:\KEIL_V5\C51\LIB\C51L.LIB (?C?LLDPTR0)
  C:\KEIL_V5\C51\LIB\C51L.LIB (?C?LSTXDATA)
  C:\KEIL_V5\C51\LIB\C51L.LIB (?C?LSTKXDATA)
  C:\KEIL_V5\C51\LIB\C51L.LIB (?C?OFFXADD)
  C:\KEIL_V5\C51\LIB\C51L.LIB (ABS)
BL51 BANKED LINKER/LOCATER V6.22                                                      09/11/2018  14:42:48  PAGE 2


  C:\KEIL_V5\C51\LIB\C51L.LIB (ATOI)
  C:\KEIL_V5\C51\LIB\C51L.LIB (?C?IILDX)
  C:\KEIL_V5\C51\LIB\C51L.LIB (?C?ULDIV)
  C:\KEIL_V5\C51\LIB\C51L.LIB (?C?LLDIDATA)
  C:\KEIL_V5\C51\LIB\C51L.LIB (?C?LLDPDATA)
  C:\KEIL_V5\C51\LIB\C51L.LIB (?C?LLDIDATA0)
  C:\KEIL_V5\C51\LIB\C51L.LIB (?C?LLDPDATA0)
  C:\KEIL_V5\C51\LIB\C51L.LIB (?C?LSTIDATA)
  C:\KEIL_V5\C51\LIB\C51L.LIB (?C?LSTPDATA)
  C:\KEIL_V5\C51\LIB\C51L.LIB (ISDIGIT)
  C:\KEIL_V5\C51\LIB\C51L.LIB (ISSPACE)


LINK MAP OF MODULE:  .\Obj\GPIO_RTC_Test (MAIN)


            TYPE    BASE      LENGTH    RELOCATION   SEGMENT NAME
            -----------------------------------------------------

            * * * * * * *   D A T A   M E M O R Y   * * * * * * *
            REG     0000H     0008H     ABSOLUTE     "REG BANK 0"
            REG     0008H     0008H     ABSOLUTE     "REG BANK 1"
                    0010H     0010H                  *** GAP ***
            BIT     0020H.0   0000H.4   UNIT         ?BI?KEYPAD
            BIT     0020H.4   0000H.3   UNIT         _BIT_GROUP_
            BIT     0020H.7   0000H.1   UNIT         ?BI?MAIN
            IDATA   0021H     0001H     UNIT         ?STACK

            * * * * * * *  X D A T A   M E M O R Y  * * * * * * *
            XDATA   0000H     03C8H     UNIT         ?XD?BIPOLARMOTOR
            XDATA   03C8H     0128H     UNIT         _XDATA_GROUP_
            XDATA   04F0H     0040H     UNIT         ?XD?_FINDDET4X4?BIPOLARMOTOR
            XDATA   0530H     0024H     UNIT         ?XD?_FINDDET3X3?BIPOLARMOTOR
            XDATA   0554H     001CH     UNIT         ?XD?MAIN
            XDATA   0570H     0009H     UNIT         ?XD?KEYPAD
            XDATA   0579H     0008H     UNIT         ?XD?_READ_VCNL4035?VCNL4035
            XDATA   0581H     0004H     UNIT         ?XD?_DISPLAY_PROX?MAIN
            XDATA   0585H     0003H     UNIT         ?XD?_SENDSTRING?UART1
            XDATA   0588H     0001H     UNIT         ?XD?UC_ACK?VCNL4035
            XDATA   0589H     0001H     UNIT         ?XD?UC_NACK?VCNL4035
            XDATA   058AH     0001H     UNIT         ?XD?_DISPLAYLCD_VCNL4035?VCNL4035

            * * * * * * *   C O D E   M E M O R Y   * * * * * * *
            CODE    0000H     0003H     ABSOLUTE     
            CODE    0003H     0006H     UNIT         ?PR?_TEN?UART1
            CODE    0009H     0001H     UNIT         ?PR?TM0_ISR?MAIN
            CODE    000AH     0001H     UNIT         ?PR?_DECTOBCD?UART1
            CODE    000BH     0003H     ABSOLUTE     
            CODE    000EH     0015H     UNIT         ?PR?_DISPLAY_LINE?LCD_DRIVER_SPLC780D
            CODE    0023H     0003H     ABSOLUTE     
            CODE    0026H     08C2H     UNIT         ?C?LIB_CODE
            CODE    08E8H     07A2H     UNIT         ?PR?SUNPOS?SUNPOS
            CODE    108AH     053AH     UNIT         ?PR?_UPDATE_POSITION?BIPOLARMOTOR
            CODE    15C4H     0414H     UNIT         ?C_INITSEG
            CODE    19D8H     02C0H     UNIT         ?PR?_FINDDET4X4?BIPOLARMOTOR
            CODE    1C98H     02A0H     UNIT         ?PR?KEY_PROCESS?KEYPAD
            CODE    1F38H     0286H     UNIT         ?PR?MAIN?MAIN
BL51 BANKED LINKER/LOCATER V6.22                                                      09/11/2018  14:42:48  PAGE 3


            CODE    21BEH     01D1H     UNIT         ?PR?_FINDDET3X3?BIPOLARMOTOR
            CODE    238FH     01B5H     UNIT         ?PR?_DISPLAY_POS?MAIN
            CODE    2544H     018DH     UNIT         ?PR?KEY_SCAN?KEYPAD
            CODE    26D1H     0188H     UNIT         ?PR?SIN?SIN
            CODE    2859H     0122H     UNIT         ?PR?ATAN?ATAN
            CODE    297BH     00DBH     UNIT         ?PR?_ATOI?ATOI
            CODE    2A56H     00B1H     UNIT         ?PR?LINEAR_INTERPOLATE?BIPOLARMOTOR
            CODE    2B07H     00ACH     UNIT         ?PR?SQRT?SQRT
            CODE    2BB3H     009DH     UNIT         ?PR?_ATAN2?ATAN2
            CODE    2C50H     009BH     UNIT         ?PR?UART?MAIN
            CODE    2CEBH     009AH     UNIT         ?PR?_READ_VCNL4035?VCNL4035
            CODE    2D85H     0095H     UNIT         ?PR?_DISPLAY_PROX?MAIN
            CODE    2E1AH     008CH     UNIT         ?C_C51STARTUP
            CODE    2EA6H     0084H     UNIT         ?PR?_DAY_OF_YEAR?PCF85063BTL
            CODE    2F2AH     0075H     UNIT         ?PR?_WRITEDATA?LCD_DRIVER_SPLC780D
            CODE    2F9FH     006FH     UNIT         ?PR?_READ_TIME?PCF85063BTL
            CODE    300EH     0059H     UNIT         ?PR?LCD_INIT?LCD_DRIVER_SPLC780D
            CODE    3067H     0059H     UNIT         ?PR?_STEP_MOVE?BIPOLARMOTOR
            CODE    30C0H     004AH     UNIT         ?PR?ACOS?ACOS
            CODE    310AH     0049H     UNIT         ?PR?_WRITE_VCNL4035X?VCNL4035
            CODE    3153H     0044H     UNIT         ?C?LDIV
            CODE    3197H     0040H     UNIT         ?PR?_COMMAND?LCD_DRIVER_SPLC780D
            CODE    31D7H     003BH     UNIT         ?PR?ASIN?ASIN
            CODE    3212H     0034H     UNIT         ?PR?_MOVE?BIPOLARMOTOR
            CODE    3246H     0033H     UNIT         ?PR?_SENDSTRING?UART1
            CODE    3279H     002CH     UNIT         ?PR?I2C_RECEIVEBYTE?VCNL4035
            CODE    32A5H     002BH     UNIT         ?PR?_WAIT_MS_I2C?VCNL4035
            CODE    32D0H     0024H     UNIT         ?PR?_WAIT_MS?LCD_DRIVER_SPLC780D
            CODE    32F4H     0022H     UNIT         ?PR?_I2C_SENDBYTE?VCNL4035
            CODE    3316H     0020H     UNIT         ?PR?_SPI_SENDBYTE?PCF85063BTL
            CODE    3336H     0020H     UNIT         ?PR?SPI_RECEIVEBYTE?PCF85063BTL
            CODE    3356H     001EH     UNIT         ?PR?_DELAY_MS?KEYPAD
            CODE    3374H     001EH     UNIT         ?PR?_WAIT_MS_IIC?VCNL4035
            CODE    3392H     001DH     UNIT         ?PR?_DISPLAYLCD?LCD_DRIVER_SPLC780D
            CODE    33AFH     001BH     UNIT         ?PR?I2C_ACK?VCNL4035
            CODE    33CAH     001BH     UNIT         ?PR?_BCDTODEC1?BIPOLARMOTOR
            CODE    33E5H     0018H     UNIT         ?PR?_SPI_WRITETIME?PCF85063BTL
            CODE    33FDH     0017H     UNIT         ?PR?_ASCIITOBCD?UART1
            CODE    3414H     0017H     UNIT         ?PR?I2C_INIT?VCNL4035
            CODE    342BH     0015H     UNIT         ?PR?I2C_STOP?VCNL4035
            CODE    3440H     0014H     UNIT         ?PR?_PCF85063BTL_DELAY?PCF85063BTL
            CODE    3454H     0014H     UNIT         ?PR?_ISSPACE?ISSPACE
            CODE    3468H     0013H     UNIT         ?PR?I2C_START?VCNL4035
            CODE    347BH     0011H     UNIT         ?PR?_SPI_READTIME?PCF85063BTL
            CODE    348CH     0011H     UNIT         ?PR?_BCDTODEC?PCF85063BTL
            CODE    349DH     0011H     UNIT         ?PR?INITUART1?UART1
            CODE    34AEH     000FH     UNIT         ?PR?UC_NACK?VCNL4035
            CODE    34BDH     000FH     UNIT         ?PR?_ISDIGIT?ISDIGIT
            CODE    34CCH     000DH     UNIT         ?PR?SPI_INIT?PCF85063BTL
            CODE    34D9H     000CH     UNIT         ?PR?KEYPAD_IO_INIT?KEYPAD
            CODE    34E5H     000CH     UNIT         ?PR?_ABS?ABS
            CODE    34F1H     000AH     UNIT         ?PR?LCD_RETURN_HOME?LCD_DRIVER_SPLC780D
            CODE    34FBH     000AH     UNIT         ?PR?LCD_CLEAR?LCD_DRIVER_SPLC780D
            CODE    3505H     0009H     UNIT         ?PR?_SENDUART1?MAIN
            CODE    350EH     0006H     UNIT         ?PR?UC_ACK?VCNL4035
            CODE    3514H     0006H     UNIT         ?PR?_DISPLAYLCD_VCNL4035?VCNL4035
            CODE    351AH     0005H     UNIT         ?PR?_UNIT?UART1
BL51 BANKED LINKER/LOCATER V6.22                                                      09/11/2018  14:42:48  PAGE 4


            CODE    351FH     0005H     UNIT         ?PR?_ASCII_LETTER?UART1
            CODE    3524H     0001H     UNIT         ?PR?NOP?VCNL4035



OVERLAY MAP OF MODULE:   .\Obj\GPIO_RTC_Test (MAIN)


SEGMENT                                            BIT_GROUP          XDATA_GROUP
  +--> CALLED SEGMENT                           START    LENGTH     START    LENGTH
-----------------------------------------------------------------------------------
?PR?UART?MAIN                                   -----    -----      -----    -----
  +--> ?PR?_ASCIITOBCD?UART1

?PR?_ASCIITOBCD?UART1                           -----    -----      -----    -----
  +--> ?PR?_ATOI?ATOI

?PR?_ATOI?ATOI                                  0020H.4  0000H.1    03C8H    0005H
  +--> ?PR?_ISSPACE?ISSPACE
  +--> ?PR?_ISDIGIT?ISDIGIT

*** NEW ROOT ***************************************************

?C_C51STARTUP                                   -----    -----      -----    -----
  +--> ?PR?MAIN?MAIN
  +--> ?C_INITSEG

?PR?MAIN?MAIN                                   -----    -----      03CDH    0017H
  +--> ?PR?LCD_INIT?LCD_DRIVER_SPLC780D
  +--> ?PR?SPI_INIT?PCF85063BTL
  +--> ?PR?KEYPAD_IO_INIT?KEYPAD
  +--> ?PR?I2C_INIT?VCNL4035
  +--> ?PR?_DELAY_MS?KEYPAD
  +--> ?PR?_DISPLAY_LINE?LCD_DRIVER_SPLC780D
  +--> ?PR?_WRITEDATA?LCD_DRIVER_SPLC780D
  +--> ?PR?KEY_PROCESS?KEYPAD
  +--> ?PR?_COMMAND?LCD_DRIVER_SPLC780D
  +--> ?PR?_DISPLAY_POS?MAIN
  +--> ?PR?_DISPLAYLCD?LCD_DRIVER_SPLC780D
  +--> ?PR?_STEP_MOVE?BIPOLARMOTOR
  +--> ?PR?LCD_RETURN_HOME?LCD_DRIVER_SPLC780D
  +--> ?PR?_READ_TIME?PCF85063BTL
  +--> ?PR?_UPDATE_POSITION?BIPOLARMOTOR

?PR?LCD_INIT?LCD_DRIVER_SPLC780D                -----    -----      -----    -----
  +--> ?PR?_WAIT_MS?LCD_DRIVER_SPLC780D
  +--> ?PR?_COMMAND?LCD_DRIVER_SPLC780D

?PR?_COMMAND?LCD_DRIVER_SPLC780D                -----    -----      -----    -----
  +--> ?PR?_WAIT_MS?LCD_DRIVER_SPLC780D

?PR?I2C_INIT?VCNL4035                           -----    -----      -----    -----
  +--> ?PR?_WRITE_VCNL4035X?VCNL4035

?PR?_WRITE_VCNL4035X?VCNL4035                   -----    -----      03E4H    0003H
  +--> ?PR?I2C_START?VCNL4035
  +--> ?PR?_WAIT_MS_I2C?VCNL4035
BL51 BANKED LINKER/LOCATER V6.22                                                      09/11/2018  14:42:48  PAGE 5


  +--> ?PR?I2C_ACK?VCNL4035
  +--> ?PR?_I2C_SENDBYTE?VCNL4035
  +--> ?PR?I2C_STOP?VCNL4035

?PR?I2C_START?VCNL4035                          -----    -----      -----    -----
  +--> ?PR?_WAIT_MS_IIC?VCNL4035
  +--> ?PR?_WAIT_MS_I2C?VCNL4035

?PR?I2C_ACK?VCNL4035                            -----    -----      03E7H    0001H
  +--> ?PR?_I2C_SENDBYTE?VCNL4035
  +--> ?PR?_WAIT_MS_I2C?VCNL4035

?PR?_I2C_SENDBYTE?VCNL4035                      -----    -----      -----    -----
  +--> ?PR?_WAIT_MS_I2C?VCNL4035

?PR?I2C_STOP?VCNL4035                           -----    -----      -----    -----
  +--> ?PR?_WAIT_MS_I2C?VCNL4035

?PR?_DISPLAY_LINE?LCD_DRIVER_SPLC780D           -----    -----      -----    -----
  +--> ?PR?_COMMAND?LCD_DRIVER_SPLC780D

?PR?_WRITEDATA?LCD_DRIVER_SPLC780D              -----    -----      03EEH    0001H
  +--> ?PR?_WAIT_MS?LCD_DRIVER_SPLC780D

?PR?KEY_PROCESS?KEYPAD                          -----    -----      03E4H    0006H
  +--> ?PR?KEY_SCAN?KEYPAD
  +--> ?PR?_SPI_WRITETIME?PCF85063BTL
  +--> ?PR?LCD_CLEAR?LCD_DRIVER_SPLC780D
  +--> ?PR?_COMMAND?LCD_DRIVER_SPLC780D
  +--> ?PR?_WRITEDATA?LCD_DRIVER_SPLC780D

?PR?KEY_SCAN?KEYPAD                             -----    -----      03EAH    0003H

?PR?_SPI_WRITETIME?PCF85063BTL                  -----    -----      -----    -----
  +--> ?PR?_SPI_SENDBYTE?PCF85063BTL

?PR?_SPI_SENDBYTE?PCF85063BTL                   -----    -----      -----    -----
  +--> ?PR?_PCF85063BTL_DELAY?PCF85063BTL

?PR?LCD_CLEAR?LCD_DRIVER_SPLC780D               -----    -----      -----    -----
  +--> ?PR?_COMMAND?LCD_DRIVER_SPLC780D

?PR?_DISPLAY_POS?MAIN                           -----    -----      03E4H    000AH
  +--> ?PR?_ABS?ABS
  +--> ?PR?_WRITEDATA?LCD_DRIVER_SPLC780D

?PR?_DISPLAYLCD?LCD_DRIVER_SPLC780D             -----    -----      03E4H    0001H
  +--> ?PR?_WRITEDATA?LCD_DRIVER_SPLC780D

?PR?_STEP_MOVE?BIPOLARMOTOR                     0020H.6  0000H.1    048BH    0004H
  +--> ?PR?_WAIT_MS?LCD_DRIVER_SPLC780D

?PR?LCD_RETURN_HOME?LCD_DRIVER_SPLC780D         -----    -----      -----    -----
  +--> ?PR?_COMMAND?LCD_DRIVER_SPLC780D

?PR?_READ_TIME?PCF85063BTL                      -----    -----      03E4H    000FH
  +--> ?PR?_SPI_READTIME?PCF85063BTL
BL51 BANKED LINKER/LOCATER V6.22                                                      09/11/2018  14:42:48  PAGE 6



?PR?_SPI_READTIME?PCF85063BTL                   -----    -----      -----    -----
  +--> ?PR?_SPI_SENDBYTE?PCF85063BTL
  +--> ?PR?SPI_RECEIVEBYTE?PCF85063BTL

?PR?SPI_RECEIVEBYTE?PCF85063BTL                 -----    -----      -----    -----
  +--> ?PR?_PCF85063BTL_DELAY?PCF85063BTL

?PR?_UPDATE_POSITION?BIPOLARMOTOR               -----    -----      03E4H    00A3H
  +--> ?PR?_BCDTODEC1?BIPOLARMOTOR
  +--> ?PR?SUNPOS?SUNPOS
  +--> ?PR?LINEAR_INTERPOLATE?BIPOLARMOTOR
  +--> ?PR?_MOVE?BIPOLARMOTOR

?PR?SUNPOS?SUNPOS                               -----    -----      0487H    005DH
  +--> ?PR?SIN?SIN
  +--> ?PR?_ATAN2?ATAN2
  +--> ?PR?ASIN?ASIN
  +--> ?PR?ACOS?ACOS

?PR?SIN?SIN                                     0020H.5  0000H.1    04E4H    0004H

?PR?_ATAN2?ATAN2                                -----    -----      04E4H    0008H
  +--> ?PR?ATAN?ATAN

?PR?ATAN?ATAN                                   0020H.5  0000H.2    04ECH    0004H

?PR?ASIN?ASIN                                   -----    -----      -----    -----
  +--> ?PR?SQRT?SQRT
  +--> ?PR?ATAN?ATAN

?PR?SQRT?SQRT                                   -----    -----      04E4H    0004H

?PR?ACOS?ACOS                                   -----    -----      -----    -----
  +--> ?PR?SQRT?SQRT
  +--> ?PR?ATAN?ATAN

?PR?LINEAR_INTERPOLATE?BIPOLARMOTOR             -----    -----      0487H    0014H

?PR?_MOVE?BIPOLARMOTOR                          0020H.5  0000H.1    0487H    0004H
  +--> ?PR?_STEP_MOVE?BIPOLARMOTOR



UNRESOLVED EXTERNAL SYMBOLS:
   AUTO_MODE



SYMBOL TABLE OF MODULE:  .\Obj\GPIO_RTC_Test (MAIN)

  VALUE           TYPE          NAME
  ----------------------------------

  -------         MODULE        MAIN
  C:0000H         SYMBOL        _ICE_DUMMY_
  D:0080H         PUBLIC        P0
BL51 BANKED LINKER/LOCATER V6.22                                                      09/11/2018  14:42:48  PAGE 7


  D:0090H         PUBLIC        P1
  D:00A0H         PUBLIC        P2
  D:00B0H         PUBLIC        P3
  D:00C0H         PUBLIC        P4
  D:00C8H         PUBLIC        P5
  X:055CH         SYMBOL        PressedKey
  B:00A8H.7       PUBLIC        EA
  D:00E8H         PUBLIC        P6
  D:00F8H         PUBLIC        P7
  X:0560H         PUBLIC        RX_Data_Uart_Cnt
  D:00A8H         PUBLIC        IE
  D:00B8H         PUBLIC        IP
  B:0098H.0       PUBLIC        RI
  B:0098H.1       PUBLIC        TI
  C:2C50H         PUBLIC        Uart
  D:00D8H         PUBLIC        CCON
  C:1F38H         PUBLIC        main
  D:0099H         PUBLIC        SBUF
  D:0098H         PUBLIC        SCON
  D:0089H         PUBLIC        TMOD
  D:0088H         PUBLIC        TCON
  B:00B0H.3       PUBLIC        P33
  X:0562H         SYMBOL        KeyCount
  X:0564H         PUBLIC        Rec_data_hour
  X:0567H         PUBLIC        Rec_data_min
  D:008EH         PUBLIC        AUXR
  C:0009H         PUBLIC        tm0_isr
  B:0020H.7       PUBLIC        busy
  D:00E0H         PUBLIC        ACC
  B:00A8H.1       PUBLIC        ET0
  D:008CH         PUBLIC        TH0
  X:056AH         PUBLIC        hour_count
  D:008AH         PUBLIC        TL0
  X:056BH         PUBLIC        min_count
  B:0088H.4       PUBLIC        TR0
  X:056CH         SYMBOL        KeyNum
  X:056DH         SYMBOL        KeyNum_Old
  C:2D85H         PUBLIC        _Display_Prox
  C:238FH         PUBLIC        _Display_Pos
  X:056EH         PUBLIC        st_time
  D:00D0H         PUBLIC        PSW
  C:3505H         PUBLIC        _SendUART1
  -------         PROC          TM0_ISR
  C:0009H         LINE#         53
  C:0009H         LINE#         56
  -------         ENDPROC       TM0_ISR
  -------         PROC          MAIN
  -------         DO            
  X:03CDH         SYMBOL        seconds
  X:03CEH         SYMBOL        mins
  X:03CFH         SYMBOL        hours
  X:03D0H         SYMBOL        days
  X:03D1H         SYMBOL        months
  X:03D2H         SYMBOL        mins1
  X:03D3H         SYMBOL        hours1
  X:03D4H         SYMBOL        mins2
  X:03D5H         SYMBOL        hours2
BL51 BANKED LINKER/LOCATER V6.22                                                      09/11/2018  14:42:48  PAGE 8


  X:03D6H         SYMBOL        prox_data
  X:0554H         SYMBOL        KeyCount
  X:0556H         SYMBOL        KeyNum_Old
  X:0557H         SYMBOL        KeyNum
  X:0558H         SYMBOL        PressedKey
  X:03D8H         SYMBOL        prox_flag
  X:03D9H         SYMBOL        count
  X:03DBH         SYMBOL        numStr
  X:03E0H         SYMBOL        current_position
  -------         ENDDO         
  C:1F38H         LINE#         58
  C:1F38H         LINE#         59
  C:1F38H         LINE#         64
  C:1F3EH         LINE#         66
  C:1F43H         LINE#         68
  C:1F4DH         LINE#         69
  C:1F4FH         LINE#         70
  C:1F51H         LINE#         71
  C:1F53H         LINE#         72
  C:1F5AH         LINE#         81
  C:1F5DH         LINE#         82
  C:1F60H         LINE#         83
  C:1F63H         LINE#         85
  C:1F66H         LINE#         87
  C:1F69H         LINE#         88
  C:1F6CH         LINE#         89
  C:1F6FH         LINE#         90
  C:1F71H         LINE#         91
  C:1F73H         LINE#         92
  C:1F75H         LINE#         94
  C:1F77H         LINE#         96
  C:1F7EH         LINE#         98
  C:1F85H         LINE#         102
  C:1F8CH         LINE#         103
  C:1F91H         LINE#         104
  C:1F96H         LINE#         105
  C:1F9BH         LINE#         106
  C:1FA0H         LINE#         107
  C:1FA5H         LINE#         110
  C:1FA5H         LINE#         111
  C:1FA5H         LINE#         112
  C:1FA8H         LINE#         115
  C:1FA8H         LINE#         118
  C:1FADH         LINE#         119
  C:1FB2H         LINE#         121
  C:1FB7H         LINE#         122
  C:1FBCH         LINE#         123
  C:1FC1H         LINE#         124
  C:1FC6H         LINE#         126
  C:1FD7H         LINE#         128
  C:1FDEH         LINE#         129
  C:1FE6H         LINE#         130
  C:1FEBH         LINE#         131
  C:1FF3H         LINE#         132
  C:1FF8H         LINE#         133
  C:2002H         LINE#         134
  C:2007H         LINE#         135
BL51 BANKED LINKER/LOCATER V6.22                                                      09/11/2018  14:42:48  PAGE 9


  C:200FH         LINE#         137
  C:2017H         LINE#         138
  C:201CH         LINE#         139
  C:2026H         LINE#         140
  C:2026H         LINE#         141
  C:2028H         LINE#         142
  C:202AH         LINE#         143
  C:2034H         LINE#         144
  C:2034H         LINE#         145
  C:2039H         LINE#         146
  C:2039H         LINE#         158
  C:2046H         LINE#         159
  C:2046H         LINE#         160
  C:2050H         LINE#         161
  C:2067H         LINE#         162
  C:2067H         LINE#         163
  C:2069H         LINE#         164
  C:206BH         LINE#         166
  C:206BH         LINE#         167
  C:2076H         LINE#         168
  C:2076H         LINE#         169
  C:207BH         LINE#         170
  C:207BH         LINE#         171
  C:2088H         LINE#         172
  C:2088H         LINE#         175
  C:2092H         LINE#         176
  C:20A9H         LINE#         177
  C:20A9H         LINE#         178
  C:20ABH         LINE#         179
  C:20ADH         LINE#         181
  C:20ADH         LINE#         182
  C:20B8H         LINE#         183
  C:20B8H         LINE#         184
  C:20BDH         LINE#         185
  C:20BFH         LINE#         186
  C:20BFH         LINE#         195
  C:20E1H         LINE#         196
  C:20E1H         LINE#         197
  C:20EBH         LINE#         198
  C:20F1H         LINE#         199
  C:20F3H         LINE#         200
  C:20F5H         LINE#         201
  C:20F7H         LINE#         202
  C:20F7H         LINE#         203
  C:20FAH         LINE#         205
  C:20FAH         LINE#         206
  C:2102H         LINE#         207
  C:210AH         LINE#         208
  C:2112H         LINE#         209
  C:211AH         LINE#         210
  C:2155H         LINE#         214
  C:2162H         LINE#         215
  C:2162H         LINE#         216
  C:2195H         LINE#         217
  C:21BBH         LINE#         219
  C:21BBH         LINE#         236
  -------         ENDPROC       MAIN
BL51 BANKED LINKER/LOCATER V6.22                                                      09/11/2018  14:42:48  PAGE 10


  -------         PROC          UART
  C:2C50H         LINE#         243
  C:2C5DH         LINE#         245
  C:2C60H         LINE#         246
  C:2C60H         LINE#         247
  C:2C6EH         LINE#         248
  C:2C70H         LINE#         249
  C:2C82H         LINE#         250
  C:2C91H         LINE#         251
  C:2C9CH         LINE#         252
  C:2C9CH         LINE#         255
  C:2CA9H         LINE#         256
  C:2CAFH         LINE#         257
  C:2CAFH         LINE#         258
  C:2CB5H         LINE#         259
  C:2CC3H         LINE#         260
  C:2CD1H         LINE#         261
  C:2CD9H         LINE#         266
  C:2CD9H         LINE#         267
  C:2CD9H         LINE#         270
  C:2CD9H         LINE#         271
  C:2CDCH         LINE#         272
  C:2CDCH         LINE#         273
  C:2CDEH         LINE#         274
  C:2CE0H         LINE#         275
  C:2CE0H         LINE#         276
  -------         ENDPROC       UART
  -------         PROC          _SENDUART1
  D:0007H         SYMBOL        dat
  C:3505H         LINE#         279
  C:3505H         LINE#         280
  C:3505H         LINE#         281
  C:3508H         LINE#         282
  C:350AH         LINE#         283
  C:350BH         LINE#         284
  C:350DH         LINE#         285
  -------         ENDPROC       _SENDUART1
  -------         PROC          _DISPLAY_PROX
  D:0002H         SYMBOL        dat
  -------         DO            
  X:0581H         SYMBOL        unit
  X:0582H         SYMBOL        ten
  X:0583H         SYMBOL        hundred
  X:0584H         SYMBOL        thousand
  -------         ENDDO         
  C:2D85H         LINE#         288
  C:2D89H         LINE#         289
  C:2D89H         LINE#         291
  C:2D95H         LINE#         292
  C:2DA5H         LINE#         293
  C:2DC1H         LINE#         294
  C:2DF1H         LINE#         295
  C:2DFBH         LINE#         296
  C:2E05H         LINE#         297
  C:2E0FH         LINE#         298
  C:2E19H         LINE#         300
  -------         ENDPROC       _DISPLAY_PROX
BL51 BANKED LINKER/LOCATER V6.22                                                      09/11/2018  14:42:48  PAGE 11


  -------         PROC          _DISPLAY_POS
  X:03E4H         SYMBOL        sign_dat
  -------         DO            
  X:03E8H         SYMBOL        unit
  X:03E9H         SYMBOL        ten
  X:03EAH         SYMBOL        hundred
  D:0003H         SYMBOL        thousand
  X:03EBH         SYMBOL        after_dot
  X:03ECH         SYMBOL        dat
  -------         ENDDO         
  C:238FH         LINE#         303
  C:2395H         LINE#         304
  C:2395H         LINE#         308
  C:23B1H         LINE#         309
  C:23CBH         LINE#         310
  C:23EFH         LINE#         312
  C:2439H         LINE#         314
  C:2450H         LINE#         315
  C:245DH         LINE#         316
  C:247FH         LINE#         317
  C:24B4H         LINE#         318
  C:24CCH         LINE#         319
  C:24CCH         LINE#         321
  C:24D6H         LINE#         322
  C:24E0H         LINE#         323
  C:24EAH         LINE#         324
  C:24EFH         LINE#         325
  C:24F9H         LINE#         326
  C:24FEH         LINE#         327
  C:2503H         LINE#         328
  C:2505H         LINE#         329
  C:2507H         LINE#         331
  C:2507H         LINE#         333
  C:250CH         LINE#         334
  C:2516H         LINE#         335
  C:2520H         LINE#         336
  C:252AH         LINE#         337
  C:252FH         LINE#         338
  C:2539H         LINE#         339
  C:253EH         LINE#         340
  C:2543H         LINE#         342
  C:2543H         LINE#         344
  -------         ENDPROC       _DISPLAY_POS
  -------         ENDMOD        MAIN

  -------         MODULE        PCF85063BTL
  C:0000H         SYMBOL        _ICE_DUMMY_
  D:0096H         PUBLIC        P2M0
  D:0080H         PUBLIC        P0
  D:0095H         PUBLIC        P2M1
  D:0090H         PUBLIC        P1
  D:00A0H         PUBLIC        P2
  D:00B0H         PUBLIC        P3
  D:00C0H         PUBLIC        P4
  D:00C8H         PUBLIC        P5
  D:00E8H         PUBLIC        P6
  B:00A0H.2       PUBLIC        PCF85063BTL_SDI
BL51 BANKED LINKER/LOCATER V6.22                                                      09/11/2018  14:42:48  PAGE 12


  D:00F8H         PUBLIC        P7
  B:00A0H.1       PUBLIC        PCF85063BTL_SCK
  B:00A0H.2       PUBLIC        PCF85063BTL_SDO
  D:00A8H         PUBLIC        IE
  C:2F9FH         PUBLIC        _Read_time
  C:3446H         PUBLIC        _PCF85063BTL_Delay
  D:00B8H         PUBLIC        IP
  D:00D8H         PUBLIC        CCON
  C:2EA6H         PUBLIC        _Day_Of_Year
  C:3336H         PUBLIC        SPI_ReceiveByte
  D:0098H         PUBLIC        SCON
  D:0088H         PUBLIC        TCON
  C:348CH         PUBLIC        _BCDtoDec
  B:00A0H.0       PUBLIC        PCF85063BTL_CS
  C:347BH         PUBLIC        _SPI_ReadTime
  C:34CCH         PUBLIC        SPI_Init
  C:33E5H         PUBLIC        _SPI_WriteTime
  C:3316H         PUBLIC        _SPI_SendByte
  D:00D0H         PUBLIC        PSW
  C:3442H         SYMBOL        L?0047
  -------         PROC          L?0046
  -------         ENDPROC       L?0046
  C:3442H         SYMBOL        L?0047
  -------         PROC          _PCF85063BTL_DELAY
  D:0006H         SYMBOL        us
  C:3446H         LINE#         8
  C:3446H         LINE#         9
  C:3446H         LINE#         10
  C:3450H         LINE#         11
  C:3450H         LINE#         12
  C:3451H         LINE#         13
  C:3453H         LINE#         14
  -------         ENDPROC       _PCF85063BTL_DELAY
  -------         PROC          _SPI_SENDBYTE
  D:0005H         SYMBOL        dat
  -------         DO            
  D:0003H         SYMBOL        i
  -------         ENDDO         
  C:3316H         LINE#         17
  C:3318H         LINE#         18
  C:3318H         LINE#         20
  C:331AH         LINE#         21
  C:331AH         LINE#         22
  C:331CH         LINE#         23
  C:3320H         LINE#         24
  C:3320H         LINE#         25
  C:3322H         LINE#         26
  C:3324H         LINE#         28
  C:3324H         LINE#         29
  C:3326H         LINE#         30
  C:3326H         LINE#         31
  C:3329H         LINE#         32
  C:3329H         LINE#         33
  C:332CH         LINE#         34
  C:3330H         LINE#         35
  C:3335H         LINE#         36
  -------         ENDPROC       _SPI_SENDBYTE
BL51 BANKED LINKER/LOCATER V6.22                                                      09/11/2018  14:42:48  PAGE 13


  -------         PROC          SPI_RECEIVEBYTE
  -------         DO            
  D:0003H         SYMBOL        i
  D:0005H         SYMBOL        dat
  -------         ENDDO         
  C:3336H         LINE#         39
  C:3336H         LINE#         40
  C:3336H         LINE#         42
  C:3338H         LINE#         44
  C:333AH         LINE#         45
  C:333BH         LINE#         46
  C:333BH         LINE#         47
  C:333FH         LINE#         48
  C:3341H         LINE#         49
  C:3344H         LINE#         51
  C:3347H         LINE#         52
  C:3347H         LINE#         53
  C:334BH         LINE#         54
  C:334BH         LINE#         55
  C:334BH         LINE#         56
  C:334EH         LINE#         57
  C:3353H         LINE#         58
  C:3355H         LINE#         59
  -------         ENDPROC       SPI_RECEIVEBYTE
  -------         PROC          _SPI_READTIME
  D:0007H         SYMBOL        addr
  -------         DO            
  D:0006H         SYMBOL        dat
  -------         ENDDO         
  C:347BH         LINE#         61
  C:347BH         LINE#         62
  C:347BH         LINE#         64
  C:347DH         LINE#         65
  C:347FH         LINE#         66
  C:3486H         LINE#         67
  C:3489H         LINE#         68
  C:348BH         LINE#         69
  C:348BH         LINE#         70
  -------         ENDPROC       _SPI_READTIME
  -------         PROC          _SPI_WRITETIME
  D:0002H         SYMBOL        val
  D:0005H         SYMBOL        addr
  C:33E5H         LINE#         71
  C:33E7H         LINE#         72
  C:33E7H         LINE#         74
  C:33E9H         LINE#         75
  C:33F0H         LINE#         76
  C:33F5H         LINE#         77
  C:33FAH         LINE#         78
  C:33FCH         LINE#         79
  -------         ENDPROC       _SPI_WRITETIME
  -------         PROC          SPI_INIT
  C:34CCH         LINE#         83
  C:34CCH         LINE#         84
  C:34CCH         LINE#         89
  C:34CFH         LINE#         90
  C:34D2H         LINE#         91
BL51 BANKED LINKER/LOCATER V6.22                                                      09/11/2018  14:42:48  PAGE 14


  C:34D4H         LINE#         92
  C:34D6H         LINE#         93
  C:34D8H         LINE#         94
  -------         ENDPROC       SPI_INIT
  -------         PROC          _READ_TIME
  X:03E4H         SYMBOL        months
  X:03E7H         SYMBOL        days
  X:03EAH         SYMBOL        hours
  X:03EDH         SYMBOL        mins
  X:03F0H         SYMBOL        seconds
  C:2F9FH         LINE#         96
  C:2FAAH         LINE#         97
  C:2FAAH         LINE#         99
  C:2FBEH         LINE#         101
  C:2FD2H         LINE#         103
  C:2FE6H         LINE#         108
  C:2FFAH         LINE#         113
  -------         ENDPROC       _READ_TIME
  -------         PROC          _BCDTODEC
  D:0007H         SYMBOL        bcd
  -------         DO            
  D:0006H         SYMBOL        hi
  D:0007H         SYMBOL        lo
  -------         ENDDO         
  C:348CH         LINE#         119
  C:348CH         LINE#         120
  C:348CH         LINE#         122
  C:3491H         LINE#         123
  C:3495H         LINE#         124
  C:349CH         LINE#         125
  -------         ENDPROC       _BCDTODEC
  -------         PROC          _DAY_OF_YEAR
  D:0007H         SYMBOL        months_bcd
  D:0005H         SYMBOL        days_bcd
  -------         DO            
  D:0004H         SYMBOL        months
  D:0007H         SYMBOL        days
  -------         ENDDO         
  C:2EA6H         LINE#         126
  C:2EA6H         LINE#         127
  C:2EA6H         LINE#         130
  C:2EABH         LINE#         132
  C:2EB0H         LINE#         134
  C:2EE9H         LINE#         135
  C:2EE9H         LINE#         136
  C:2EE9H         LINE#         137
  C:2EECH         LINE#         138
  C:2EECH         LINE#         139
  C:2EECH         LINE#         140
  C:2EF1H         LINE#         141
  C:2EF1H         LINE#         142
  C:2EF1H         LINE#         143
  C:2EF6H         LINE#         144
  C:2EF6H         LINE#         145
  C:2EF6H         LINE#         146
  C:2EFBH         LINE#         147
  C:2EFBH         LINE#         148
BL51 BANKED LINKER/LOCATER V6.22                                                      09/11/2018  14:42:48  PAGE 15


  C:2EFBH         LINE#         149
  C:2F00H         LINE#         150
  C:2F00H         LINE#         151
  C:2F00H         LINE#         152
  C:2F05H         LINE#         153
  C:2F05H         LINE#         154
  C:2F05H         LINE#         155
  C:2F0AH         LINE#         156
  C:2F0AH         LINE#         157
  C:2F0AH         LINE#         158
  C:2F0FH         LINE#         159
  C:2F0FH         LINE#         160
  C:2F0FH         LINE#         161
  C:2F17H         LINE#         162
  C:2F17H         LINE#         163
  C:2F17H         LINE#         164
  C:2F1CH         LINE#         165
  C:2F1CH         LINE#         166
  C:2F1CH         LINE#         167
  C:2F21H         LINE#         168
  C:2F21H         LINE#         169
  C:2F21H         LINE#         170
  C:2F29H         LINE#         171
  C:2F29H         LINE#         172
  C:2F29H         LINE#         173
  -------         ENDPROC       _DAY_OF_YEAR
  -------         ENDMOD        PCF85063BTL

  -------         MODULE        UART1
  C:0000H         SYMBOL        _ICE_DUMMY_
  D:0080H         PUBLIC        P0
  D:0090H         PUBLIC        P1
  D:00A0H         PUBLIC        P2
  D:00B0H         PUBLIC        P3
  D:00C0H         PUBLIC        P4
  D:00C8H         PUBLIC        P5
  B:00A8H.7       PUBLIC        EA
  D:00E8H         PUBLIC        P6
  D:00F8H         PUBLIC        P7
  C:3246H         PUBLIC        _SendString
  D:00A8H         PUBLIC        IE
  B:00A8H.4       PUBLIC        ES
  D:00B8H         PUBLIC        IP
  C:33FDH         PUBLIC        _ASCIItoBCD
  D:00D8H         PUBLIC        CCON
  C:349DH         PUBLIC        initUART1
  D:0098H         PUBLIC        SCON
  D:0088H         PUBLIC        TCON
  C:000AH         PUBLIC        _DectoBCD
  C:351FH         PUBLIC        _ASCII_Letter
  D:008EH         PUBLIC        AUXR
  C:351AH         PUBLIC        _unit
  C:0003H         PUBLIC        _ten
  D:00D6H         PUBLIC        T2H
  D:00D7H         PUBLIC        T2L
  D:00D0H         PUBLIC        PSW
  -------         PROC          INITUART1
BL51 BANKED LINKER/LOCATER V6.22                                                      09/11/2018  14:42:48  PAGE 16


  C:349DH         LINE#         21
  C:349DH         LINE#         22
  C:349DH         LINE#         23
  C:34A0H         LINE#         24
  C:34A3H         LINE#         25
  C:34A6H         LINE#         26
  C:34A9H         LINE#         27
  C:34ABH         LINE#         28
  C:34ADH         LINE#         30
  -------         ENDPROC       INITUART1
  -------         PROC          _SENDSTRING
  X:0585H         SYMBOL        s
  C:3246H         LINE#         35
  C:3251H         LINE#         36
  C:3251H         LINE#         37
  C:3261H         LINE#         38
  C:3261H         LINE#         39
  C:3276H         LINE#         40
  C:3278H         LINE#         41
  -------         ENDPROC       _SENDSTRING
  -------         PROC          _TEN
  D:0007H         SYMBOL        BCD
  C:0003H         LINE#         43
  C:0003H         LINE#         44
  C:0003H         LINE#         45
  C:0008H         LINE#         46
  -------         ENDPROC       _TEN
  -------         PROC          _UNIT
  D:0007H         SYMBOL        BCD
  C:351AH         LINE#         47
  C:351AH         LINE#         48
  C:351AH         LINE#         52
  C:351EH         LINE#         53
  -------         ENDPROC       _UNIT
  -------         PROC          _DECTOBCD
  D:0007H         SYMBOL        dec
  C:000AH         LINE#         54
  C:000AH         LINE#         55
  C:000AH         LINE#         57
  C:000AH         LINE#         58
  -------         ENDPROC       _DECTOBCD
  -------         PROC          _ASCII_LETTER
  D:0007H         SYMBOL        dat
  C:351FH         LINE#         60
  C:351FH         LINE#         61
  C:351FH         LINE#         63
  C:3523H         LINE#         64
  -------         ENDPROC       _ASCII_LETTER
  -------         PROC          _ASCIITOBCD
  D:0001H         SYMBOL        ascii
  -------         DO            
  D:0007H         SYMBOL        dec_val
  D:0006H         SYMBOL        ten
  D:0007H         SYMBOL        unit
  -------         ENDDO         
  C:33FDH         LINE#         66
  C:33FDH         LINE#         67
BL51 BANKED LINKER/LOCATER V6.22                                                      09/11/2018  14:42:48  PAGE 17


  C:33FDH         LINE#         69
  C:3400H         LINE#         70
  C:3406H         LINE#         71
  C:340DH         LINE#         72
  C:3413H         LINE#         74
  -------         ENDPROC       _ASCIITOBCD
  -------         ENDMOD        UART1

  -------         MODULE        LCD_DRIVER_SPLC780D
  C:0000H         SYMBOL        _ICE_DUMMY_
  D:0092H         PUBLIC        P1M0
  D:0091H         PUBLIC        P1M1
  D:0080H         PUBLIC        P0
  D:0090H         PUBLIC        P1
  D:00A0H         PUBLIC        P2
  D:00B0H         PUBLIC        P3
  D:00C0H         PUBLIC        P4
  D:00C8H         PUBLIC        P5
  D:00E8H         PUBLIC        P6
  D:00F8H         PUBLIC        P7
  C:2F2AH         PUBLIC        _WriteData
  D:00A8H         PUBLIC        IE
  D:00B8H         PUBLIC        IP
  D:00D8H         PUBLIC        CCON
  B:0090H.4       PUBLIC        LCD_D4
  B:0090H.5       PUBLIC        LCD_D5
  B:0090H.6       PUBLIC        LCD_D6
  C:3392H         PUBLIC        _DisplayLCD
  B:0090H.7       PUBLIC        LCD_D7
  D:0098H         PUBLIC        SCON
  D:0088H         PUBLIC        TCON
  C:34FBH         PUBLIC        LCD_clear
  C:3197H         PUBLIC        _Command
  C:000EH         PUBLIC        _Display_Line
  C:300EH         PUBLIC        LCD_Init
  C:32D6H         PUBLIC        _Wait_ms
  B:0090H.1       PUBLIC        LCD_RS
  B:0090H.2       PUBLIC        LCD_RW
  C:34F1H         PUBLIC        LCD_return_home
  B:0090H.3       PUBLIC        LCD_E
  D:00D0H         PUBLIC        PSW
  -------         PROC          LCD_INIT
  C:300EH         LINE#         9
  C:300EH         LINE#         10
  C:300EH         LINE#         11
  C:3011H         LINE#         12
  C:3014H         LINE#         14
  C:301AH         LINE#         15
  C:301FH         LINE#         17
  C:3026H         LINE#         18
  C:302BH         LINE#         20
  C:302EH         LINE#         21
  C:3033H         LINE#         23
  C:3036H         LINE#         24
  C:303BH         LINE#         26
  C:3042H         LINE#         29
  C:3047H         LINE#         30
BL51 BANKED LINKER/LOCATER V6.22                                                      09/11/2018  14:42:48  PAGE 18


  C:304CH         LINE#         32
  C:3051H         LINE#         33
  C:3056H         LINE#         35
  C:305BH         LINE#         36
  C:3060H         LINE#         37
  -------         ENDPROC       LCD_INIT
  -------         PROC          _WRITEDATA
  X:03EEH         SYMBOL        dat
  C:2F2AH         LINE#         40
  C:2F2FH         LINE#         41
  C:2F2FH         LINE#         46
  C:2F31H         LINE#         47
  C:2F33H         LINE#         49
  C:2F41H         LINE#         50
  C:2F4DH         LINE#         51
  C:2F59H         LINE#         52
  C:2F63H         LINE#         53
  C:2F65H         LINE#         54
  C:2F6CH         LINE#         55
  C:2F6EH         LINE#         57
  C:2F7EH         LINE#         58
  C:2F89H         LINE#         59
  C:2F93H         LINE#         60
  C:2F97H         LINE#         62
  C:2F97H         LINE#         63
  C:2F9AH         LINE#         64
  C:2F9CH         LINE#         65
  C:2F9EH         LINE#         67
  -------         ENDPROC       _WRITEDATA
  -------         PROC          _COMMAND
  D:0007H         SYMBOL        dat
  C:3197H         LINE#         69
  C:3197H         LINE#         70
  C:3197H         LINE#         71
  C:3199H         LINE#         72
  C:319BH         LINE#         74
  C:31A5H         LINE#         75
  C:31A9H         LINE#         77
  C:31ABH         LINE#         78
  C:31B4H         LINE#         79
  C:31B8H         LINE#         81
  C:31BAH         LINE#         82
  C:31C1H         LINE#         83
  C:31C5H         LINE#         85
  C:31C7H         LINE#         86
  C:31CBH         LINE#         87
  C:31CFH         LINE#         89
  C:31D1H         LINE#         90
  C:31D1H         LINE#         91
  C:31D4H         LINE#         92
  C:31D6H         LINE#         93
  -------         ENDPROC       _COMMAND
  C:32D2H         SYMBOL        L?0028
  -------         PROC          L?0027
  -------         ENDPROC       L?0027
  C:32D2H         SYMBOL        L?0028
  -------         PROC          _WAIT_MS
BL51 BANKED LINKER/LOCATER V6.22                                                      09/11/2018  14:42:48  PAGE 19


  D:0006H         SYMBOL        ms
  -------         DO            
  D:0004H         SYMBOL        De_Cnt
  -------         ENDDO         
  C:32D6H         LINE#         95
  C:32D6H         LINE#         96
  C:32D6H         LINE#         98
  C:32E0H         LINE#         99
  C:32E0H         LINE#         100
  C:32F3H         LINE#         101
  C:32F3H         LINE#         102
  -------         ENDPROC       _WAIT_MS
  -------         PROC          _DISPLAYLCD
  D:0007H         SYMBOL        BCD
  -------         DO            
  D:0006H         SYMBOL        first_digit
  X:03E4H         SYMBOL        second_digit
  -------         ENDDO         
  C:3392H         LINE#         103
  C:3392H         LINE#         104
  C:3392H         LINE#         106
  C:3399H         LINE#         107
  C:33A2H         LINE#         109
  C:33A7H         LINE#         111
  -------         ENDPROC       _DISPLAYLCD
  -------         PROC          LCD_RETURN_HOME
  C:34F1H         LINE#         115
  C:34F1H         LINE#         116
  C:34F1H         LINE#         117
  C:34F6H         LINE#         118
  -------         ENDPROC       LCD_RETURN_HOME
  -------         PROC          LCD_CLEAR
  C:34FBH         LINE#         121
  C:34FBH         LINE#         122
  C:34FBH         LINE#         123
  C:3500H         LINE#         124
  -------         ENDPROC       LCD_CLEAR
  -------         PROC          _DISPLAY_LINE
  D:0006H         SYMBOL        line
  C:000EH         LINE#         128
  C:000EH         LINE#         129
  C:000EH         LINE#         130
  C:0014H         LINE#         131
  C:0014H         LINE#         132
  C:0016H         LINE#         133
  C:0016H         LINE#         134
  C:0018H         LINE#         136
  C:0018H         LINE#         137
  C:001DH         LINE#         138
  C:0022H         LINE#         139
  C:0022H         LINE#         140
  -------         ENDPROC       _DISPLAY_LINE
  -------         ENDMOD        LCD_DRIVER_SPLC780D

  -------         MODULE        KEYPAD
  C:0000H         SYMBOL        _ICE_DUMMY_
  D:0093H         PUBLIC        P0M1
BL51 BANKED LINKER/LOCATER V6.22                                                      09/11/2018  14:42:48  PAGE 20


  D:0080H         PUBLIC        P0
  D:0090H         PUBLIC        P1
  D:00A0H         PUBLIC        P2
  D:00B0H         PUBLIC        P3
  D:00C0H         PUBLIC        P4
  D:00C8H         PUBLIC        P5
  D:00E8H         PUBLIC        P6
  D:00F8H         PUBLIC        P7
  D:00A8H         PUBLIC        IE
  C:2544H         PUBLIC        Key_Scan
  D:00B8H         PUBLIC        IP
  D:00D8H         PUBLIC        CCON
  C:34D9H         PUBLIC        KeyPad_IO_Init
  C:3356H         PUBLIC        _Delay_ms
  D:0098H         PUBLIC        SCON
  D:0088H         PUBLIC        TCON
  B:0020H.0       PUBLIC        small_move
  B:0020H.1       PUBLIC        move
  B:0020H.2       PUBLIC        direction
  B:0020H.3       PUBLIC        auto_move
  C:1C98H         PUBLIC        Key_Process
  D:00D0H         PUBLIC        PSW
  D:0094H         PUBLIC        P0M0
  -------         PROC          _DELAY_MS
  D:0006H         SYMBOL        ms
  -------         DO            
  D:0004H         SYMBOL        De_Cnt
  -------         ENDDO         
  C:3356H         LINE#         19
  C:3356H         LINE#         20
  C:3356H         LINE#         22
  C:3360H         LINE#         23
  C:3360H         LINE#         24
  C:3373H         LINE#         25
  C:3373H         LINE#         26
  -------         ENDPROC       _DELAY_MS
  -------         PROC          KEY_SCAN
  -------         DO            
  X:03EAH         SYMBOL        KeyTemp1
  X:03EBH         SYMBOL        KeyTemp2
  X:03ECH         SYMBOL        KeyValue
  -------         ENDDO         
  C:2544H         LINE#         27
  C:2544H         LINE#         28
  C:2544H         LINE#         33
  C:2547H         LINE#         36
  C:254AH         LINE#         38
  C:2552H         LINE#         39
  C:2559H         LINE#         40
  C:2559H         LINE#         42
  C:255EH         LINE#         43
  C:2565H         LINE#         44
  C:2565H         LINE#         47
  C:2568H         LINE#         48
  C:256BH         LINE#         49
  C:2570H         LINE#         50
  C:2574H         LINE#         51
BL51 BANKED LINKER/LOCATER V6.22                                                      09/11/2018  14:42:48  PAGE 21


  C:2574H         LINE#         52
  C:257CH         LINE#         53
  C:257CH         LINE#         54
  C:257FH         LINE#         55
  C:2587H         LINE#         56
  C:2589H         LINE#         58
  C:259DH         LINE#         59
  C:259DH         LINE#         60
  C:259DH         LINE#         61
  C:259DH         LINE#         62
  C:25A3H         LINE#         64
  C:25A5H         LINE#         65
  C:25A5H         LINE#         66
  C:25A5H         LINE#         67
  C:25ABH         LINE#         69
  C:25ADH         LINE#         70
  C:25ADH         LINE#         71
  C:25ADH         LINE#         72
  C:25B3H         LINE#         74
  C:25B5H         LINE#         75
  C:25B5H         LINE#         76
  C:25B5H         LINE#         77
  C:25BBH         LINE#         79
  C:25BBH         LINE#         80
  C:25BBH         LINE#         81
  C:25BBH         LINE#         84
  C:25BEH         LINE#         85
  C:25C1H         LINE#         86
  C:25C9H         LINE#         87
  C:25CDH         LINE#         88
  C:25CDH         LINE#         89
  C:25D5H         LINE#         90
  C:25D5H         LINE#         91
  C:25D8H         LINE#         92
  C:25E0H         LINE#         93
  C:25E2H         LINE#         94
  C:25F6H         LINE#         95
  C:25F6H         LINE#         96
  C:25F6H         LINE#         97
  C:25F6H         LINE#         98
  C:25FCH         LINE#         100
  C:25FEH         LINE#         101
  C:25FEH         LINE#         102
  C:25FEH         LINE#         103
  C:2604H         LINE#         105
  C:2606H         LINE#         106
  C:2606H         LINE#         107
  C:2606H         LINE#         108
  C:260CH         LINE#         110
  C:260EH         LINE#         111
  C:260EH         LINE#         112
  C:260EH         LINE#         113
  C:2613H         LINE#         115
  C:2613H         LINE#         116
  C:2613H         LINE#         117
  C:2613H         LINE#         120
  C:2616H         LINE#         121
BL51 BANKED LINKER/LOCATER V6.22                                                      09/11/2018  14:42:48  PAGE 22


  C:2619H         LINE#         122
  C:2621H         LINE#         123
  C:2625H         LINE#         124
  C:2625H         LINE#         125
  C:262DH         LINE#         126
  C:262DH         LINE#         127
  C:2630H         LINE#         128
  C:2638H         LINE#         129
  C:263AH         LINE#         130
  C:264EH         LINE#         131
  C:264EH         LINE#         132
  C:264EH         LINE#         133
  C:264EH         LINE#         134
  C:2654H         LINE#         136
  C:2656H         LINE#         137
  C:2656H         LINE#         138
  C:2656H         LINE#         139
  C:265CH         LINE#         141
  C:265EH         LINE#         142
  C:265EH         LINE#         143
  C:265EH         LINE#         144
  C:2664H         LINE#         146
  C:2666H         LINE#         147
  C:2666H         LINE#         148
  C:2666H         LINE#         149
  C:266CH         LINE#         151
  C:266CH         LINE#         152
  C:266CH         LINE#         153
  C:266CH         LINE#         157
  C:266FH         LINE#         158
  C:2672H         LINE#         159
  C:267AH         LINE#         160
  C:267EH         LINE#         161
  C:267EH         LINE#         162
  C:2686H         LINE#         163
  C:2686H         LINE#         164
  C:2689H         LINE#         165
  C:2691H         LINE#         166
  C:2693H         LINE#         167
  C:26A7H         LINE#         168
  C:26A7H         LINE#         169
  C:26A7H         LINE#         170
  C:26A7H         LINE#         171
  C:26ADH         LINE#         173
  C:26AFH         LINE#         174
  C:26AFH         LINE#         175
  C:26AFH         LINE#         176
  C:26B5H         LINE#         178
  C:26B7H         LINE#         179
  C:26B7H         LINE#         180
  C:26B7H         LINE#         181
  C:26BDH         LINE#         183
  C:26BFH         LINE#         184
  C:26BFH         LINE#         185
  C:26BFH         LINE#         186
  C:26C5H         LINE#         188
  C:26C5H         LINE#         189
BL51 BANKED LINKER/LOCATER V6.22                                                      09/11/2018  14:42:48  PAGE 23


  C:26C5H         LINE#         190
  C:26C5H         LINE#         192
  C:26CBH         LINE#         193
  C:26CBH         LINE#         195
  C:26CBH         LINE#         196
  C:26CEH         LINE#         197
  C:26CEH         LINE#         198
  C:26CEH         LINE#         200
  C:26CEH         LINE#         201
  C:26D0H         LINE#         202
  C:26D0H         LINE#         203
  -------         ENDPROC       KEY_SCAN
  -------         PROC          KEY_PROCESS
  -------         DO            
  X:0570H         SYMBOL        KeyCount
  X:0572H         SYMBOL        KeyNum_Old
  X:0573H         SYMBOL        KeyNum
  X:0574H         SYMBOL        PressedKey
  X:03E4H         SYMBOL        d
  D:0004H         SYMBOL        hours
  D:0006H         SYMBOL        mins
  X:03E6H         SYMBOL        months
  X:03E8H         SYMBOL        days
  -------         ENDDO         
  C:1C98H         LINE#         204
  C:1C98H         LINE#         205
  C:1C98H         LINE#         209
  C:1CA0H         LINE#         210
  C:1CA8H         LINE#         212
  C:1CABH         LINE#         213
  C:1CABH         LINE#         214
  C:1CAEH         LINE#         216
  C:1CAEH         LINE#         217
  C:1CBBH         LINE#         218
  C:1CBBH         LINE#         219
  C:1CBEH         LINE#         220
  C:1CC1H         LINE#         222
  C:1CC4H         LINE#         224
  C:1CC4H         LINE#         225
  C:1CCFH         LINE#         226
  C:1CCFH         LINE#         227
  C:1CD2H         LINE#         229
  C:1CD2H         LINE#         230
  C:1CD9H         LINE#         231
  C:1CD9H         LINE#         232
  C:1CDCH         LINE#         234
  C:1CDCH         LINE#         235
  C:1CE4H         LINE#         236
  C:1CE4H         LINE#         237
  C:1CEEH         LINE#         238
  C:1CF6H         LINE#         240
  C:1CFFH         LINE#         242
  C:1CFFH         LINE#         251
  C:1D14H         LINE#         252
  C:1D14H         LINE#         253
  C:1D26H         LINE#         254
  C:1D34H         LINE#         255
BL51 BANKED LINKER/LOCATER V6.22                                                      09/11/2018  14:42:48  PAGE 24


  C:1D43H         LINE#         256
  C:1D43H         LINE#         258
  C:1D49H         LINE#         262
  C:1D5FH         LINE#         263
  C:1D70H         LINE#         264
  C:1D8BH         LINE#         265
  C:1D8BH         LINE#         266
  C:1D9BH         LINE#         267
  C:1DACH         LINE#         268
  C:1DACH         LINE#         272
  C:1DC5H         LINE#         273
  C:1DDCH         LINE#         274
  C:1DFCH         LINE#         275
  C:1DFCH         LINE#         276
  C:1E06H         LINE#         277
  C:1E06H         LINE#         278
  C:1E0FH         LINE#         279
  C:1E0FH         LINE#         280
  C:1E23H         LINE#         281
  C:1E23H         LINE#         282
  C:1E23H         LINE#         283
  C:1E23H         LINE#         284
  C:1E23H         LINE#         285
  C:1E25H         LINE#         287
  C:1E25H         LINE#         288
  C:1E31H         LINE#         289
  C:1E31H         LINE#         290
  C:1E42H         LINE#         291
  C:1E42H         LINE#         292
  C:1E42H         LINE#         293
  C:1E42H         LINE#         294
  C:1E42H         LINE#         296
  C:1E44H         LINE#         298
  C:1E44H         LINE#         299
  C:1E55H         LINE#         300
  C:1E55H         LINE#         301
  C:1E55H         LINE#         302
  C:1E55H         LINE#         303
  C:1E55H         LINE#         305
  C:1E55H         LINE#         307
  C:1E55H         LINE#         308
  C:1E57H         LINE#         310
  C:1E57H         LINE#         311
  C:1E6AH         LINE#         312
  C:1E6AH         LINE#         313
  C:1E7BH         LINE#         314
  C:1E7BH         LINE#         315
  C:1E7BH         LINE#         316
  C:1E7BH         LINE#         317
  C:1E7BH         LINE#         318
  C:1E7DH         LINE#         320
  C:1E7DH         LINE#         321
  C:1E8EH         LINE#         322
  C:1E8EH         LINE#         323
  C:1E9FH         LINE#         324
  C:1EB0H         LINE#         325
  C:1EB0H         LINE#         326
BL51 BANKED LINKER/LOCATER V6.22                                                      09/11/2018  14:42:48  PAGE 25


  C:1EB0H         LINE#         327
  C:1EB0H         LINE#         328
  C:1EB0H         LINE#         329
  C:1EB3H         LINE#         330
  C:1EB8H         LINE#         331
  C:1EBDH         LINE#         332
  C:1EC2H         LINE#         333
  C:1EC7H         LINE#         334
  C:1ECCH         LINE#         335
  C:1ED1H         LINE#         336
  C:1ED6H         LINE#         337
  C:1ED6H         LINE#         339
  C:1EF8H         LINE#         340
  C:1EF8H         LINE#         341
  C:1F02H         LINE#         342
  C:1F02H         LINE#         343
  C:1F07H         LINE#         344
  C:1F10H         LINE#         345
  C:1F27H         LINE#         346
  C:1F27H         LINE#         347
  C:1F37H         LINE#         349
  C:1F37H         LINE#         353
  -------         ENDPROC       KEY_PROCESS
  -------         PROC          KEYPAD_IO_INIT
  C:34D9H         LINE#         356
  C:34D9H         LINE#         357
  C:34D9H         LINE#         358
  C:34DCH         LINE#         359
  C:34DFH         LINE#         360
  C:34E2H         LINE#         361
  C:34E4H         LINE#         362
  -------         ENDPROC       KEYPAD_IO_INIT
  -------         ENDMOD        KEYPAD

  -------         MODULE        VCNL4035
  C:0000H         SYMBOL        _ICE_DUMMY_
  D:0080H         PUBLIC        P0
  B:00B0H.2       PUBLIC        I2C_SCK
  D:00B2H         PUBLIC        P3M0
  D:0090H         PUBLIC        P1
  D:00B1H         PUBLIC        P3M1
  D:00A0H         PUBLIC        P2
  D:00B0H         PUBLIC        P3
  D:00C0H         PUBLIC        P4
  D:00C8H         PUBLIC        P5
  D:00E8H         PUBLIC        P6
  D:00F8H         PUBLIC        P7
  D:00A8H         PUBLIC        IE
  C:3514H         PUBLIC        _DisplayLCD_VCNL4035
  D:00B8H         PUBLIC        IP
  D:00D8H         PUBLIC        CCON
  C:3468H         PUBLIC        I2C_Start
  D:0098H         PUBLIC        SCON
  C:3414H         PUBLIC        I2C_Init
  D:0088H         PUBLIC        TCON
  C:34AEH         PUBLIC        uC_NACK
  C:32B2H         PUBLIC        _Wait_ms_i2c
BL51 BANKED LINKER/LOCATER V6.22                                                      09/11/2018  14:42:48  PAGE 26


  C:32F4H         PUBLIC        _I2C_SendByte
  C:342BH         PUBLIC        I2C_Stop
  C:310AH         PUBLIC        _Write_VCNL4035X
  C:3524H         PUBLIC        nop
  C:2CEBH         PUBLIC        _Read_VCNL4035
  C:350EH         PUBLIC        uC_ACK
  C:33B4H         PUBLIC        I2C_ACK
  C:3374H         PUBLIC        _Wait_ms_iic
  B:00B0H.1       PUBLIC        I2C_SDA
  D:00D0H         PUBLIC        PSW
  C:327FH         PUBLIC        I2C_ReceiveByte
  -------         PROC          _WAIT_MS_IIC
  D:0006H         SYMBOL        ms
  -------         DO            
  D:0004H         SYMBOL        De_Cnt
  -------         ENDDO         
  C:3374H         LINE#         5
  C:3374H         LINE#         6
  C:3374H         LINE#         8
  C:337EH         LINE#         9
  C:337EH         LINE#         10
  C:3391H         LINE#         11
  C:3391H         LINE#         12
  -------         ENDPROC       _WAIT_MS_IIC
  C:32ACH         SYMBOL        L?0048
  C:32AEH         SYMBOL        L?0049
  -------         PROC          L?0047
  -------         ENDPROC       L?0047
  C:32ACH         SYMBOL        L?0048
  C:32AEH         SYMBOL        L?0049
  -------         PROC          _WAIT_MS_I2C
  D:0006H         SYMBOL        ms
  -------         DO            
  D:0004H         SYMBOL        De_Cnt
  -------         ENDDO         
  C:32B2H         LINE#         14
  C:32B2H         LINE#         15
  C:32B2H         LINE#         17
  C:32BCH         LINE#         18
  C:32BCH         LINE#         19
  C:32CFH         LINE#         20
  C:32CFH         LINE#         21
  -------         ENDPROC       _WAIT_MS_I2C
  -------         PROC          NOP
  C:3524H         LINE#         22
  C:3524H         LINE#         23
  C:3524H         LINE#         25
  -------         ENDPROC       NOP
  -------         PROC          I2C_START
  C:3468H         LINE#         26
  C:3468H         LINE#         27
  C:3468H         LINE#         29
  C:346AH         LINE#         30
  C:346CH         LINE#         31
  C:3473H         LINE#         32
  C:3475H         LINE#         33
  C:3478H         LINE#         34
BL51 BANKED LINKER/LOCATER V6.22                                                      09/11/2018  14:42:48  PAGE 27


  C:347AH         LINE#         37
  -------         ENDPROC       I2C_START
  -------         PROC          I2C_STOP
  C:342BH         LINE#         39
  C:342BH         LINE#         40
  C:342BH         LINE#         41
  C:342DH         LINE#         42
  C:342FH         LINE#         43
  C:3432H         LINE#         44
  C:3434H         LINE#         45
  C:3436H         LINE#         46
  C:343DH         LINE#         47
  C:343FH         LINE#         50
  -------         ENDPROC       I2C_STOP
  -------         PROC          L?0050
  -------         ENDPROC       L?0050
  -------         PROC          I2C_ACK
  -------         DO            
  X:03E7H         SYMBOL        i
  D:0003H         SYMBOL        dat
  -------         ENDDO         
  C:33B4H         LINE#         52
  C:33B4H         LINE#         53
  C:33B4H         LINE#         55
  C:33B5H         LINE#         60
  C:33B8H         LINE#         61
  C:33BAH         LINE#         62
  C:33BDH         LINE#         64
  C:33C0H         LINE#         65
  C:33C0H         LINE#         66
  C:33C4H         LINE#         67
  C:33C4H         LINE#         70
  C:33C4H         LINE#         71
  C:33C7H         LINE#         72
  C:33C7H         LINE#         73
  C:33C9H         LINE#         74
  -------         ENDPROC       I2C_ACK
  -------         PROC          UC_ACK
  -------         DO            
  X:0588H         SYMBOL        i
  -------         ENDDO         
  C:350EH         LINE#         75
  C:350EH         LINE#         76
  C:350EH         LINE#         78
  C:350EH         LINE#         85
  C:350EH         LINE#         87
  C:350EH         LINE#         89
  C:350EH         LINE#         90
  C:350EH         LINE#         93
  C:3511H         LINE#         94
  C:3513H         LINE#         95
  C:3513H         LINE#         99
  -------         ENDPROC       UC_ACK
  -------         PROC          UC_NACK
  -------         DO            
  X:0589H         SYMBOL        i
  -------         ENDDO         
BL51 BANKED LINKER/LOCATER V6.22                                                      09/11/2018  14:42:48  PAGE 28


  C:34AEH         LINE#         101
  C:34AEH         LINE#         102
  C:34AEH         LINE#         104
  C:34AEH         LINE#         108
  C:34B0H         LINE#         111
  C:34B0H         LINE#         112
  C:34B2H         LINE#         113
  C:34B2H         LINE#         115
  C:34B2H         LINE#         116
  C:34B2H         LINE#         119
  C:34B5H         LINE#         120
  C:34B7H         LINE#         121
  C:34BAH         LINE#         122
  C:34BCH         LINE#         123
  C:34BCH         LINE#         127
  -------         ENDPROC       UC_NACK
  -------         PROC          I2C_INIT
  C:3414H         LINE#         129
  C:3414H         LINE#         130
  C:3414H         LINE#         133
  C:3417H         LINE#         134
  C:341AH         LINE#         139
  C:3422H         LINE#         141
  -------         ENDPROC       I2C_INIT
  -------         PROC          _I2C_SENDBYTE
  D:0001H         SYMBOL        dat
  -------         DO            
  D:0003H         SYMBOL        i
  -------         ENDDO         
  C:32F4H         LINE#         145
  C:32F6H         LINE#         146
  C:32F6H         LINE#         149
  C:32F8H         LINE#         150
  C:32F8H         LINE#         151
  C:32FAH         LINE#         153
  C:32FEH         LINE#         154
  C:32FEH         LINE#         155
  C:3300H         LINE#         156
  C:3302H         LINE#         158
  C:3302H         LINE#         159
  C:3304H         LINE#         160
  C:3304H         LINE#         161
  C:3307H         LINE#         162
  C:3309H         LINE#         164
  C:330DH         LINE#         165
  C:3310H         LINE#         166
  C:3315H         LINE#         167
  -------         ENDPROC       _I2C_SENDBYTE
  -------         PROC          L?0051
  -------         ENDPROC       L?0051
  -------         PROC          I2C_RECEIVEBYTE
  -------         DO            
  D:0003H         SYMBOL        i
  D:0001H         SYMBOL        dat
  -------         ENDDO         
  C:327FH         LINE#         171
  C:327FH         LINE#         172
BL51 BANKED LINKER/LOCATER V6.22                                                      09/11/2018  14:42:48  PAGE 29


  C:327FH         LINE#         174
  C:3281H         LINE#         178
  C:3282H         LINE#         179
  C:3282H         LINE#         180
  C:3286H         LINE#         181
  C:3288H         LINE#         182
  C:328BH         LINE#         184
  C:328EH         LINE#         185
  C:328EH         LINE#         186
  C:3292H         LINE#         187
  C:3292H         LINE#         188
  C:3292H         LINE#         189
  C:3295H         LINE#         190
  C:3299H         LINE#         191
  C:3299H         LINE#         192
  C:329BH         LINE#         193
  C:329DH         LINE#         194
  C:329DH         LINE#         196
  C:32A2H         LINE#         197
  C:32A4H         LINE#         198
  -------         ENDPROC       I2C_RECEIVEBYTE
  -------         PROC          _WRITE_VCNL4035X
  X:03E4H         SYMBOL        command_code
  X:03E5H         SYMBOL        dat_h
  X:03E6H         SYMBOL        dat_l
  C:310AH         LINE#         199
  C:3115H         LINE#         200
  C:3115H         LINE#         201
  C:3118H         LINE#         202
  C:311FH         LINE#         203
  C:311FH         LINE#         204
  C:3125H         LINE#         205
  C:3125H         LINE#         206
  C:312DH         LINE#         207
  C:312DH         LINE#         208
  C:3133H         LINE#         209
  C:313BH         LINE#         211
  C:3141H         LINE#         212
  C:3149H         LINE#         214
  C:314FH         LINE#         215
  C:3152H         LINE#         216
  -------         ENDPROC       _WRITE_VCNL4035X
  -------         PROC          _READ_VCNL4035
  X:0579H         SYMBOL        command_code
  -------         DO            
  X:057BH         SYMBOL        temp_dat
  X:057DH         SYMBOL        temp_dat_l
  X:057FH         SYMBOL        temp_dat_h
  -------         ENDDO         
  C:2CEBH         LINE#         218
  C:2CF3H         LINE#         219
  C:2CF3H         LINE#         220
  C:2D00H         LINE#         222
  C:2D03H         LINE#         223
  C:2D06H         LINE#         224
  C:2D0BH         LINE#         226
  C:2D11H         LINE#         227
BL51 BANKED LINKER/LOCATER V6.22                                                      09/11/2018  14:42:48  PAGE 30


  C:2D11H         LINE#         228
  C:2D11H         LINE#         229
  C:2D11H         LINE#         230
  C:2D1CH         LINE#         231
  C:2D1FH         LINE#         232
  C:2D22H         LINE#         233
  C:2D22H         LINE#         236
  C:2D25H         LINE#         238
  C:2D2CH         LINE#         239
  C:2D2CH         LINE#         240
  C:2D2CH         LINE#         241
  C:2D37H         LINE#         242
  C:2D3AH         LINE#         243
  C:2D3DH         LINE#         244
  C:2D40H         LINE#         245
  C:2D43H         LINE#         246
  C:2D46H         LINE#         247
  C:2D49H         LINE#         248
  C:2D4CH         LINE#         249
  C:2D4FH         LINE#         250
  C:2D4FH         LINE#         251
  C:2D55H         LINE#         252
  C:2D55H         LINE#         253
  C:2D5EH         LINE#         255
  C:2D5EH         LINE#         256
  C:2D64H         LINE#         257
  C:2D64H         LINE#         259
  C:2D66H         LINE#         260
  C:2D6CH         LINE#         261
  C:2D6FH         LINE#         262
  C:2D76H         LINE#         263
  C:2D76H         LINE#         264
  C:2D84H         LINE#         265
  -------         ENDPROC       _READ_VCNL4035
  -------         PROC          _DISPLAYLCD_VCNL4035
  X:058AH         SYMBOL        dat
  C:3514H         LINE#         267
  C:3519H         LINE#         268
  C:3519H         LINE#         270
  -------         ENDPROC       _DISPLAYLCD_VCNL4035
  -------         ENDMOD        VCNL4035

  -------         MODULE        BIPOLARMOTOR
  C:0000H         SYMBOL        _ICE_DUMMY_
  D:0080H         PUBLIC        P0
  D:0090H         PUBLIC        P1
  D:00A0H         PUBLIC        P2
  D:00B0H         PUBLIC        P3
  D:00C0H         PUBLIC        P4
  D:00C8H         PUBLIC        P5
  D:00E8H         PUBLIC        P6
  D:00F8H         PUBLIC        P7
  D:00A8H         PUBLIC        IE
  C:2A67H         PUBLIC        linear_interpolate
  X:0000H         PUBLIC        Time_stamp_PM
  C:3212H         PUBLIC        _Move
  D:00B8H         PUBLIC        IP
BL51 BANKED LINKER/LOCATER V6.22                                                      09/11/2018  14:42:48  PAGE 31


  C:21F1H         PUBLIC        _findDet3x3
  C:19D8H         PUBLIC        _findDet4x4
  D:00D8H         PUBLIC        CCON
  D:0098H         PUBLIC        SCON
  D:0088H         PUBLIC        TCON
  C:3067H         PUBLIC        _Step_move
  C:108AH         PUBLIC        _Update_position
  X:0054H         PUBLIC        RX_pos
  X:039CH         PUBLIC        date_declination_mapping
  C:33D4H         PUBLIC        _BCDtoDec1
  X:03C4H         PUBLIC        degree
  D:00D0H         PUBLIC        PSW
  -------         PROC          L?0046
  -------         ENDPROC       L?0046
  -------         PROC          _BCDTODEC1
  D:0007H         SYMBOL        bcd
  -------         DO            
  D:0006H         SYMBOL        hi
  D:0007H         SYMBOL        lo
  -------         ENDDO         
  C:33D4H         LINE#         22
  C:33D4H         LINE#         23
  C:33D4H         LINE#         25
  C:33D9H         LINE#         26
  C:33DDH         LINE#         27
  C:33E4H         LINE#         28
  -------         ENDPROC       _BCDTODEC1
  -------         PROC          _STEP_MOVE
  X:048BH         SYMBOL        step
  B:0020H.6       SYMBOL        dir
  -------         DO            
  X:048DH         SYMBOL        i
  -------         ENDDO         
  C:3067H         LINE#         34
  C:306FH         LINE#         35
  C:306FH         LINE#         36
  C:3074H         LINE#         37
  C:3077H         LINE#         38
  C:307CH         LINE#         40
  C:307FH         LINE#         42
  C:309BH         LINE#         43
  C:309BH         LINE#         44
  C:309EH         LINE#         45
  C:30A5H         LINE#         46
  C:30A8H         LINE#         47
  C:30AFH         LINE#         48
  C:30BFH         LINE#         49
  -------         ENDPROC       _STEP_MOVE
  -------         PROC          _MOVE
  X:0487H         SYMBOL        distance
  B:0020H.5       SYMBOL        direction
  -------         DO            
  D:0006H         SYMBOL        step
  -------         ENDDO         
  C:3212H         LINE#         51
  C:3218H         LINE#         52
  C:3218H         LINE#         54
BL51 BANKED LINKER/LOCATER V6.22                                                      09/11/2018  14:42:48  PAGE 32


  C:323FH         LINE#         55
  -------         ENDPROC       _MOVE
  C:21D2H         SYMBOL        L?0043
  C:21E6H         SYMBOL        L?0044
  -------         PROC          L?0042
  -------         ENDPROC       L?0042
  C:21D2H         SYMBOL        L?0043
  C:21E6H         SYMBOL        L?0044
  -------         PROC          _FINDDET3X3
  X:0530H         SYMBOL        a11
  X:0534H         SYMBOL        a12
  X:0538H         SYMBOL        a13
  X:053CH         SYMBOL        a21
  X:0540H         SYMBOL        a22
  X:0544H         SYMBOL        a23
  X:0548H         SYMBOL        a31
  X:054CH         SYMBOL        a32
  X:0550H         SYMBOL        a33
  C:21F1H         LINE#         59
  C:21F7H         LINE#         63
  C:21F7H         LINE#         64
  C:238EH         LINE#         66
  -------         ENDPROC       _FINDDET3X3
  -------         PROC          _FINDDET4X4
  X:04F0H         SYMBOL        a11
  X:04F4H         SYMBOL        a12
  X:04F8H         SYMBOL        a13
  X:04FCH         SYMBOL        a14
  X:0500H         SYMBOL        a21
  X:0504H         SYMBOL        a22
  X:0508H         SYMBOL        a23
  X:050CH         SYMBOL        a24
  X:0510H         SYMBOL        a31
  X:0514H         SYMBOL        a32
  X:0518H         SYMBOL        a33
  X:051CH         SYMBOL        a34
  X:0520H         SYMBOL        a41
  X:0524H         SYMBOL        a42
  X:0528H         SYMBOL        a43
  X:052CH         SYMBOL        a44
  C:19D8H         LINE#         67
  C:19DEH         LINE#         71
  C:19DEH         LINE#         78
  C:1C97H         LINE#         82
  -------         ENDPROC       _FINDDET4X4
  -------         PROC          L?0045
  -------         ENDPROC       L?0045
  -------         PROC          LINEAR_INTERPOLATE
  X:0487H         SYMBOL        p1
  X:048FH         SYMBOL        p2
  X:0497H         SYMBOL        x
  -------         DO            
  D:0004H         SYMBOL        fx
  -------         ENDDO         
  C:2A67H         LINE#         88
  C:2A67H         LINE#         89
  C:2A67H         LINE#         92
BL51 BANKED LINKER/LOCATER V6.22                                                      09/11/2018  14:42:48  PAGE 33


  C:2B06H         LINE#         94
  C:2B06H         LINE#         95
  -------         ENDPROC       LINEAR_INTERPOLATE
  -------         PROC          _UPDATE_POSITION
  D:0001H         SYMBOL        mnths
  D:0002H         SYMBOL        dys
  X:03E6H         SYMBOL        hurs
  X:03E7H         SYMBOL        mns
  X:03E8H         SYMBOL        sconds
  X:03E9H         SYMBOL        currnt_pos
  -------         DO            
  X:03ECH         SYMBOL        date
  X:03EEH         SYMBOL        i
  X:03F0H         SYMBOL        yy
  X:03F2H         SYMBOL        desired_distance
  X:03F6H         SYMBOL        distance
  X:03FAH         SYMBOL        JP_pos
  X:03FEH         SYMBOL        pos_interpolate_12_17h
  X:0452H         SYMBOL        current_time
  X:0456H         SYMBOL        declination
  X:045AH         SYMBOL        p1
  X:0462H         SYMBOL        p2
  X:046AH         SYMBOL        time
  X:047CH         SYMBOL        location
  X:0484H         SYMBOL        sunCoord
  -------         ENDDO         
  C:108AH         LINE#         98
  C:1093H         LINE#         101
  C:1093H         LINE#         102
  C:109EH         LINE#         103
  C:10A8H         LINE#         112
  C:10B2H         LINE#         113
  C:10BDH         LINE#         114
  C:10CDH         LINE#         115
  C:10E1H         LINE#         116
  C:10F2H         LINE#         117
  C:1101H         LINE#         120
  C:1115H         LINE#         123
  C:1172H         LINE#         125
  C:11B9H         LINE#         126
  C:11C8H         LINE#         127
  C:11C8H         LINE#         129
  C:11E1H         LINE#         130
  C:11E1H         LINE#         131
  C:1251H         LINE#         132
  C:1251H         LINE#         133
  C:1258H         LINE#         134
  C:1258H         LINE#         135
  C:1285H         LINE#         136
  C:12A0H         LINE#         138
  C:12E7H         LINE#         139
  C:131BH         LINE#         141
  C:1373H         LINE#         142
  C:1393H         LINE#         144
  C:1393H         LINE#         145
  C:13A4H         LINE#         148
  C:13BEH         LINE#         149
BL51 BANKED LINKER/LOCATER V6.22                                                      09/11/2018  14:42:48  PAGE 34


  C:13BEH         LINE#         150
  C:142EH         LINE#         151
  C:142EH         LINE#         152
  C:145BH         LINE#         153
  C:1476H         LINE#         155
  C:14A3H         LINE#         156
  C:14BEH         LINE#         158
  C:14F0H         LINE#         161
  C:14F0H         LINE#         163
  C:1501H         LINE#         165
  C:1528H         LINE#         167
  C:154DH         LINE#         169
  C:1567H         LINE#         170
  C:1579H         LINE#         171
  C:1591H         LINE#         172
  C:15A7H         LINE#         173
  C:15A7H         LINE#         174
  C:15C3H         LINE#         177
  -------         ENDPROC       _UPDATE_POSITION
  -------         ENDMOD        BIPOLARMOTOR

  -------         MODULE        SUNPOS
  C:0000H         SYMBOL        _ICE_DUMMY_
  C:08E8H         PUBLIC        sunpos
  -------         PROC          SUNPOS
  X:0487H         SYMBOL        udtTime
  X:0499H         SYMBOL        udtLocation
  X:04A1H         SYMBOL        udtSunCoordinates
  -------         DO            
  X:04A4H         SYMBOL        dElapsedJulianDays
  X:04A8H         SYMBOL        dDecimalHours
  X:04ACH         SYMBOL        dEclipticLongitude
  X:04B0H         SYMBOL        dEclipticObliquity
  X:04B4H         SYMBOL        dRightAscension
  X:04B8H         SYMBOL        dDeclination
  X:04BCH         SYMBOL        dY
  X:04C0H         SYMBOL        dX
  -------         DO            
  X:04C4H         SYMBOL        dJulianDate
  X:04C8H         SYMBOL        liAux1
  X:04CCH         SYMBOL        liAux2
  X:04C4H         SYMBOL        dMeanLongitude
  X:04C8H         SYMBOL        dMeanAnomaly
  X:04CCH         SYMBOL        dOmega
  X:04C4H         SYMBOL        dSin_EclipticLongitude
  X:04C4H         SYMBOL        dGreenwichMeanSiderealTime
  X:04C8H         SYMBOL        dLocalMeanSiderealTime
  X:04CCH         SYMBOL        dLatitudeInRadians
  X:04D0H         SYMBOL        dHourAngle
  X:04D4H         SYMBOL        dCos_Latitude
  X:04D8H         SYMBOL        dSin_Latitude
  X:04DCH         SYMBOL        dCos_HourAngle
  X:04E0H         SYMBOL        dParallax
  -------         ENDDO         
  -------         DO            
  X:04C4H         SYMBOL        dMeanLongitude
  X:04C8H         SYMBOL        dMeanAnomaly
BL51 BANKED LINKER/LOCATER V6.22                                                      09/11/2018  14:42:48  PAGE 35


  X:04CCH         SYMBOL        dOmega
  X:04C4H         SYMBOL        dSin_EclipticLongitude
  X:04C4H         SYMBOL        dGreenwichMeanSiderealTime
  X:04C8H         SYMBOL        dLocalMeanSiderealTime
  X:04CCH         SYMBOL        dLatitudeInRadians
  X:04D0H         SYMBOL        dHourAngle
  X:04D4H         SYMBOL        dCos_Latitude
  X:04D8H         SYMBOL        dSin_Latitude
  X:04DCH         SYMBOL        dCos_HourAngle
  X:04E0H         SYMBOL        dParallax
  -------         ENDDO         
  -------         DO            
  X:04C4H         SYMBOL        dSin_EclipticLongitude
  X:04C4H         SYMBOL        dGreenwichMeanSiderealTime
  X:04C8H         SYMBOL        dLocalMeanSiderealTime
  X:04CCH         SYMBOL        dLatitudeInRadians
  X:04D0H         SYMBOL        dHourAngle
  X:04D4H         SYMBOL        dCos_Latitude
  X:04D8H         SYMBOL        dSin_Latitude
  X:04DCH         SYMBOL        dCos_HourAngle
  X:04E0H         SYMBOL        dParallax
  -------         ENDDO         
  -------         DO            
  X:04C4H         SYMBOL        dGreenwichMeanSiderealTime
  X:04C8H         SYMBOL        dLocalMeanSiderealTime
  X:04CCH         SYMBOL        dLatitudeInRadians
  X:04D0H         SYMBOL        dHourAngle
  X:04D4H         SYMBOL        dCos_Latitude
  X:04D8H         SYMBOL        dSin_Latitude
  X:04DCH         SYMBOL        dCos_HourAngle
  X:04E0H         SYMBOL        dParallax
  -------         ENDDO         
  -------         ENDDO         
  C:08E8H         LINE#         6
  C:08E8H         LINE#         7
  C:08E8H         LINE#         9
  C:08E8H         LINE#         27
  C:0932H         LINE#         30
  C:0953H         LINE#         31
  C:0A9AH         LINE#         34
  C:0AE6H         LINE#         36
  C:0B05H         LINE#         37
  C:0B05H         LINE#         42
  C:0B05H         LINE#         46
  C:0B37H         LINE#         47
  C:0B61H         LINE#         48
  C:0B8BH         LINE#         49
  C:0C38H         LINE#         52
  C:0C99H         LINE#         54
  C:0C99H         LINE#         59
  C:0C99H         LINE#         61
  C:0CB0H         LINE#         62
  C:0CD8H         LINE#         63
  C:0CEFH         LINE#         64
  C:0D1AH         LINE#         65
  C:0D51H         LINE#         66
  C:0D7CH         LINE#         67
BL51 BANKED LINKER/LOCATER V6.22                                                      09/11/2018  14:42:48  PAGE 36


  C:0D7CH         LINE#         70
  C:0D7CH         LINE#         79
  C:0DB7H         LINE#         82
  C:0DF1H         LINE#         84
  C:0E16H         LINE#         85
  C:0E35H         LINE#         86
  C:0E4CH         LINE#         87
  C:0E63H         LINE#         88
  C:0E7AH         LINE#         89
  C:0F03H         LINE#         91
  C:0F1DH         LINE#         92
  C:0F7FH         LINE#         93
  C:0FB5H         LINE#         94
  C:0FC7H         LINE#         95
  C:0FF4H         LINE#         96
  C:1021H         LINE#         98
  C:1043H         LINE#         100
  C:107BH         LINE#         103
  C:107BH         LINE#         104
  C:1089H         LINE#         105
  -------         ENDPROC       SUNPOS
  -------         ENDMOD        SUNPOS

  -------         MODULE        ?C_STARTUP
  C:2E1AH         SEGMENT       ?C_C51STARTUP
  I:0021H         SEGMENT       ?STACK
  C:0000H         PUBLIC        ?C_STARTUP
  D:00E0H         SYMBOL        ACC
  D:00F0H         SYMBOL        B
  D:0083H         SYMBOL        DPH
  D:0082H         SYMBOL        DPL
  N:0000H         SYMBOL        IBPSTACK
  N:0100H         SYMBOL        IBPSTACKTOP
  N:0080H         SYMBOL        IDATALEN
  C:2E1DH         SYMBOL        IDATALOOP
  N:0000H         SYMBOL        PBPSTACK
  N:0100H         SYMBOL        PBPSTACKTOP
  N:0000H         SYMBOL        PDATALEN
  N:0000H         SYMBOL        PDATASTART
  N:0000H         SYMBOL        PPAGE
  N:0000H         SYMBOL        PPAGEENABLE
  D:00A0H         SYMBOL        PPAGE_SFR
  D:0081H         SYMBOL        SP
  C:2E1AH         SYMBOL        STARTUP1
  N:0000H         SYMBOL        XBPSTACK
  N:0000H         SYMBOL        XBPSTACKTOP
  N:0000H         SYMBOL        XDATALEN
  N:0000H         SYMBOL        XDATASTART
  C:0000H         LINE#         126
  C:2E1AH         LINE#         133
  C:2E1CH         LINE#         134
  C:2E1DH         LINE#         135
  C:2E1EH         LINE#         136
  C:2E20H         LINE#         185
  C:2E23H         LINE#         196
  -------         ENDMOD        ?C_STARTUP

BL51 BANKED LINKER/LOCATER V6.22                                                      09/11/2018  14:42:48  PAGE 37


  -------         MODULE        ?C?FPADD
  C:002DH         PUBLIC        ?C?FPADD
  C:0029H         PUBLIC        ?C?FPSUB
  -------         ENDMOD        ?C?FPADD

  -------         MODULE        ?C?FPMUL
  C:011EH         PUBLIC        ?C?FPMUL
  -------         ENDMOD        ?C?FPMUL

  -------         MODULE        ?C?FPDIV
  C:0227H         PUBLIC        ?C?FPDIV
  -------         ENDMOD        ?C?FPDIV

  -------         MODULE        ?C?FPCMP
  C:02C6H         PUBLIC        ?C?FPCMP
  C:02C4H         PUBLIC        ?C?FPCMP3
  -------         ENDMOD        ?C?FPCMP

  -------         MODULE        ?C?FPNEG
  C:033DH         PUBLIC        ?C?FPNEG
  -------         ENDMOD        ?C?FPNEG

  -------         MODULE        ?C?FCAST
  C:0358H         PUBLIC        ?C?FCASTC
  C:0353H         PUBLIC        ?C?FCASTI
  C:034EH         PUBLIC        ?C?FCASTL
  -------         ENDMOD        ?C?FCAST

  -------         MODULE        ?C?CASTF
  C:038CH         PUBLIC        ?C?CASTF
  -------         ENDMOD        ?C?CASTF

  -------         MODULE        ATAN2
  X:04E4H         PUBLIC        ?_atan2?BYTE
  C:2BB3H         PUBLIC        _atan2
  -------         ENDMOD        ATAN2

  -------         MODULE        SIN
  C:2719H         PUBLIC        _COS
  C:272FH         PUBLIC        _SIN
  C:276BH         PUBLIC        _TAN
  -------         ENDMOD        SIN

  -------         MODULE        ACOS
  C:30C0H         PUBLIC        _ACOS
  -------         ENDMOD        ACOS

  -------         MODULE        ASIN
  C:31D7H         PUBLIC        _ASIN
  -------         ENDMOD        ASIN

  -------         MODULE        SQRT
  C:2B0BH         PUBLIC        _SQRT
  -------         ENDMOD        SQRT

  -------         MODULE        ATAN
  C:2879H         PUBLIC        _ATAN
BL51 BANKED LINKER/LOCATER V6.22                                                      09/11/2018  14:42:48  PAGE 38


  -------         ENDMOD        ATAN

  -------         MODULE        ?C?COPY
  C:052AH         PUBLIC        ?C?COPY
  -------         ENDMOD        ?C?COPY

  -------         MODULE        ?C?CLDPTR
  C:0550H         PUBLIC        ?C?CLDPTR
  -------         ENDMOD        ?C?CLDPTR

  -------         MODULE        ?C?CSTPTR
  C:0569H         PUBLIC        ?C?CSTPTR
  -------         ENDMOD        ?C?CSTPTR

  -------         MODULE        ?C?IMUL
  C:057BH         PUBLIC        ?C?IMUL
  -------         ENDMOD        ?C?IMUL

  -------         MODULE        ?C?UIDIV
  C:058DH         PUBLIC        ?C?UIDIV
  -------         ENDMOD        ?C?UIDIV

  -------         MODULE        ?C?SIDIV
  C:05E2H         PUBLIC        ?C?SIDIV
  -------         ENDMOD        ?C?SIDIV

  -------         MODULE        ?C?ILDIX
  C:0618H         PUBLIC        ?C?ILDIX
  -------         ENDMOD        ?C?ILDIX

  -------         MODULE        ?C?LMUL
  C:062EH         PUBLIC        ?C?LMUL
  -------         ENDMOD        ?C?LMUL

  -------         MODULE        ?C?SLDIV
  C:3153H         PUBLIC        ?C?SLDIV
  -------         ENDMOD        ?C?SLDIV

  -------         MODULE        ?C?LNEG
  C:067DH         PUBLIC        ?C?LNEG
  -------         ENDMOD        ?C?LNEG

  -------         MODULE        ?C?LLDPTR
  C:068BH         PUBLIC        ?C?LLDPTR
  -------         ENDMOD        ?C?LLDPTR

  -------         MODULE        ?C?LLDOPTR
  C:06ABH         PUBLIC        ?C?LLDOPTR
  -------         ENDMOD        ?C?LLDOPTR

  -------         MODULE        ?C?LSTPTR
  C:06DBH         PUBLIC        ?C?LSTPTR
  -------         ENDMOD        ?C?LSTPTR

  -------         MODULE        ?C?LSTOPTR
  C:06F5H         PUBLIC        ?C?LSTOPTR
  -------         ENDMOD        ?C?LSTOPTR
BL51 BANKED LINKER/LOCATER V6.22                                                      09/11/2018  14:42:48  PAGE 39



  -------         MODULE        ?C?LLDXDATA
  C:0719H         PUBLIC        ?C?LLDXDATA
  -------         ENDMOD        ?C?LLDXDATA

  -------         MODULE        ?C?LLDCODE
  C:0725H         PUBLIC        ?C?LLDCODE
  -------         ENDMOD        ?C?LLDCODE

  -------         MODULE        ?C?LLDXDATA0
  C:0735H         PUBLIC        ?C?LLDXDATA0
  -------         ENDMOD        ?C?LLDXDATA0

  -------         MODULE        ?C?LLDCODE0
  C:0741H         PUBLIC        ?C?LLDCODE0
  -------         ENDMOD        ?C?LLDCODE0

  -------         MODULE        ?C?LLDPTR0
  C:0751H         PUBLIC        ?C?LLDPTR0
  -------         ENDMOD        ?C?LLDPTR0

  -------         MODULE        ?C?LSTXDATA
  C:0771H         PUBLIC        ?C?LSTXDATA
  -------         ENDMOD        ?C?LSTXDATA

  -------         MODULE        ?C?LSTKXDATA
  C:077DH         PUBLIC        ?C?LSTKXDATA
  -------         ENDMOD        ?C?LSTKXDATA

  -------         MODULE        ?C?OFFXADD
  C:07AEH         PUBLIC        ?C?OFFXADD
  -------         ENDMOD        ?C?OFFXADD

  -------         MODULE        ABS
  C:34E5H         PUBLIC        _ABS
  -------         ENDMOD        ABS

  -------         MODULE        ATOI
  C:297BH         PUBLIC        _atoi
  -------         ENDMOD        ATOI

  -------         MODULE        ?C?IILDX
  C:07BAH         PUBLIC        ?C?IILDX
  -------         ENDMOD        ?C?IILDX

  -------         MODULE        ?C?ULDIV
  C:080CH         PUBLIC        ?C?ULDIV
  -------         ENDMOD        ?C?ULDIV

  -------         MODULE        ?C?LLDIDATA
  C:089EH         PUBLIC        ?C?LLDIDATA
  -------         ENDMOD        ?C?LLDIDATA

  -------         MODULE        ?C?LLDPDATA
  C:08AAH         PUBLIC        ?C?LLDPDATA
  -------         ENDMOD        ?C?LLDPDATA

BL51 BANKED LINKER/LOCATER V6.22                                                      09/11/2018  14:42:48  PAGE 40


  -------         MODULE        ?C?LLDIDATA0
  C:08B6H         PUBLIC        ?C?LLDIDATA0
  -------         ENDMOD        ?C?LLDIDATA0

  -------         MODULE        ?C?LLDPDATA0
  C:08C3H         PUBLIC        ?C?LLDPDATA0
  -------         ENDMOD        ?C?LLDPDATA0

  -------         MODULE        ?C?LSTIDATA
  C:08D0H         PUBLIC        ?C?LSTIDATA
  -------         ENDMOD        ?C?LSTIDATA

  -------         MODULE        ?C?LSTPDATA
  C:08DCH         PUBLIC        ?C?LSTPDATA
  -------         ENDMOD        ?C?LSTPDATA

  -------         MODULE        ISDIGIT
  C:34BDH         PUBLIC        _isdigit
  -------         ENDMOD        ISDIGIT

  -------         MODULE        ISSPACE
  C:3454H         PUBLIC        _isspace
  -------         ENDMOD        ISSPACE

*** WARNING L16: UNCALLED SEGMENT, IGNORED FOR OVERLAY PROCESS
    SEGMENT: ?PR?_DISPLAY_PROX?MAIN

*** WARNING L16: UNCALLED SEGMENT, IGNORED FOR OVERLAY PROCESS
    SEGMENT: ?PR?_DAY_OF_YEAR?PCF85063BTL

*** WARNING L16: UNCALLED SEGMENT, IGNORED FOR OVERLAY PROCESS
    SEGMENT: ?PR?INITUART1?UART1

*** WARNING L16: UNCALLED SEGMENT, IGNORED FOR OVERLAY PROCESS
    SEGMENT: ?PR?_SENDSTRING?UART1

*** WARNING L16: UNCALLED SEGMENT, IGNORED FOR OVERLAY PROCESS
    SEGMENT: ?PR?_TEN?UART1

*** WARNING L16: UNCALLED SEGMENT, IGNORED FOR OVERLAY PROCESS
    SEGMENT: ?PR?_UNIT?UART1

*** WARNING L16: UNCALLED SEGMENT, IGNORED FOR OVERLAY PROCESS
    SEGMENT: ?PR?_DECTOBCD?UART1

*** WARNING L16: UNCALLED SEGMENT, IGNORED FOR OVERLAY PROCESS
    SEGMENT: ?PR?_ASCII_LETTER?UART1

*** WARNING L16: UNCALLED SEGMENT, IGNORED FOR OVERLAY PROCESS
    SEGMENT: ?PR?NOP?VCNL4035

*** WARNING L16: UNCALLED SEGMENT, IGNORED FOR OVERLAY PROCESS
    SEGMENT: ?PR?_READ_VCNL4035?VCNL4035

*** WARNING L16: UNCALLED SEGMENT, IGNORED FOR OVERLAY PROCESS
    SEGMENT: ?PR?_DISPLAYLCD_VCNL4035?VCNL4035

BL51 BANKED LINKER/LOCATER V6.22                                                      09/11/2018  14:42:48  PAGE 41


*** WARNING L16: UNCALLED SEGMENT, IGNORED FOR OVERLAY PROCESS
    SEGMENT: ?PR?_FINDDET4X4?BIPOLARMOTOR

*** WARNING L1: UNRESOLVED EXTERNAL SYMBOL
    SYMBOL:  AUTO_MODE
    MODULE:  .\Obj\main.obj (MAIN)

*** WARNING L2: REFERENCE MADE TO UNRESOLVED EXTERNAL
    SYMBOL:  AUTO_MODE
    MODULE:  .\Obj\main.obj (MAIN)
    ADDRESS: 1F55H

*** WARNING L2: REFERENCE MADE TO UNRESOLVED EXTERNAL
    SYMBOL:  AUTO_MODE
    MODULE:  .\Obj\main.obj (MAIN)
    ADDRESS: 201DH

*** WARNING L2: REFERENCE MADE TO UNRESOLVED EXTERNAL
    SYMBOL:  AUTO_MODE
    MODULE:  .\Obj\main.obj (MAIN)
    ADDRESS: 202BH

*** WARNING L2: REFERENCE MADE TO UNRESOLVED EXTERNAL
    SYMBOL:  AUTO_MODE
    MODULE:  .\Obj\main.obj (MAIN)
    ADDRESS: 203DH

*** WARNING L2: REFERENCE MADE TO UNRESOLVED EXTERNAL
    SYMBOL:  AUTO_MODE
    MODULE:  .\Obj\main.obj (MAIN)
    ADDRESS: 207FH

*** WARNING L2: REFERENCE MADE TO UNRESOLVED EXTERNAL
    SYMBOL:  AUTO_MODE
    MODULE:  .\Obj\main.obj (MAIN)
    ADDRESS: 2156H

*** WARNING L1: UNRESOLVED EXTERNAL SYMBOL
    SYMBOL:  AUTO_MODE
    MODULE:  .\Obj\KeyPad.obj (KEYPAD)

*** WARNING L2: REFERENCE MADE TO UNRESOLVED EXTERNAL
    SYMBOL:  AUTO_MODE
    MODULE:  .\Obj\KeyPad.obj (KEYPAD)
    ADDRESS: 1CE5H

*** WARNING L2: REFERENCE MADE TO UNRESOLVED EXTERNAL
    SYMBOL:  AUTO_MODE
    MODULE:  .\Obj\KeyPad.obj (KEYPAD)
    ADDRESS: 1CF0H

*** WARNING L2: REFERENCE MADE TO UNRESOLVED EXTERNAL
    SYMBOL:  AUTO_MODE
    MODULE:  .\Obj\KeyPad.obj (KEYPAD)
    ADDRESS: 1CF7H

Program Size: data=18.0 xdata=1419 code=13605
BL51 BANKED LINKER/LOCATER V6.22                                                      09/11/2018  14:42:48  PAGE 42


LINK/LOCATE RUN COMPLETE.  23 WARNING(S),  0 ERROR(S)
