BL51 BANKED LINKER/LOCATER V6.22                                                        02/21/2019  12:45:49  PAGE 1


BL51 BANKED LINKER/LOCATER V6.22, INVOKED BY:
C:\KEIL_V5\C51\BIN\BL51.EXE .\Obj\main.obj, .\Obj\PCF85063BTL.obj, .\Obj\UART1.obj, .\Obj\LCd_Driver_SPLC780D.obj, .\Obj
>> \KeyPad.obj, .\Obj\BipolarMotor.obj, .\Obj\SunPos.obj, .\Obj\ADC.obj, .\Obj\Calibration.obj, .\Obj\IOExpander_PI4IOE5
>> V96248.obj, .\Obj\AT25SF041.obj, .\Obj\STARTUP.obj TO .\Obj\GPIO_RTC_Test PRINT (.\Lis\GPIO_RTC_Test.m51) RAMSIZE (25
>> 6)


MEMORY MODEL: LARGE WITH FLOATING POINT ARITHMETIC


INPUT MODULES INCLUDED:
  .\Obj\main.obj (MAIN)
  .\Obj\PCF85063BTL.obj (PCF85063BTL)
  .\Obj\UART1.obj (UART1)
  .\Obj\LCd_Driver_SPLC780D.obj (LCD_DRIVER_SPLC780D)
  .\Obj\KeyPad.obj (KEYPAD)
  .\Obj\BipolarMotor.obj (BIPOLARMOTOR)
  .\Obj\SunPos.obj (SUNPOS)
  .\Obj\ADC.obj (ADC)
  .\Obj\Calibration.obj (CALIBRATION)
  .\Obj\IOExpander_PI4IOE5V96248.obj (IOEXPANDER_PI4IOE5V96248)
  .\Obj\AT25SF041.obj (AT25SF041)
  .\Obj\STARTUP.obj (?C_STARTUP)
  C:\KEIL_V5\C51\LIB\C51FPL.LIB (?C?FPADD)
  C:\KEIL_V5\C51\LIB\C51FPL.LIB (?C?FPMUL)
  C:\KEIL_V5\C51\LIB\C51FPL.LIB (?C?FPDIV)
  C:\KEIL_V5\C51\LIB\C51FPL.LIB (?C?FPCMP)
  C:\KEIL_V5\C51\LIB\C51FPL.LIB (?C?FPNEG)
  C:\KEIL_V5\C51\LIB\C51FPL.LIB (?C?FCAST)
  C:\KEIL_V5\C51\LIB\C51FPL.LIB (?C?CASTF)
  C:\KEIL_V5\C51\LIB\C51FPL.LIB (ATAN2)
  C:\KEIL_V5\C51\LIB\C51FPL.LIB (SIN)
  C:\KEIL_V5\C51\LIB\C51FPL.LIB (ACOS)
  C:\KEIL_V5\C51\LIB\C51FPL.LIB (ASIN)
  C:\KEIL_V5\C51\LIB\C51FPL.LIB (?C?FPGETOPN)
  C:\KEIL_V5\C51\LIB\C51FPL.LIB (?C?FPSERIES)
  C:\KEIL_V5\C51\LIB\C51FPL.LIB (SQRT)
  C:\KEIL_V5\C51\LIB\C51FPL.LIB (ATAN)
  C:\KEIL_V5\C51\LIB\C51L.LIB (?C_INIT)
  C:\KEIL_V5\C51\LIB\C51L.LIB (?C?COPY)
  C:\KEIL_V5\C51\LIB\C51L.LIB (?C?CLDPTR)
  C:\KEIL_V5\C51\LIB\C51L.LIB (?C?CLDOPTR)
  C:\KEIL_V5\C51\LIB\C51L.LIB (?C?CSTPTR)
  C:\KEIL_V5\C51\LIB\C51L.LIB (?C?IMUL)
  C:\KEIL_V5\C51\LIB\C51L.LIB (?C?UIDIV)
  C:\KEIL_V5\C51\LIB\C51L.LIB (?C?SIDIV)
  C:\KEIL_V5\C51\LIB\C51L.LIB (?C?ILDIX)
  C:\KEIL_V5\C51\LIB\C51L.LIB (?C?ILDOPTR)
  C:\KEIL_V5\C51\LIB\C51L.LIB (?C?LMUL)
  C:\KEIL_V5\C51\LIB\C51L.LIB (?C?SLDIV)
  C:\KEIL_V5\C51\LIB\C51L.LIB (?C?LNEG)
  C:\KEIL_V5\C51\LIB\C51L.LIB (?C?ULCMP)
  C:\KEIL_V5\C51\LIB\C51L.LIB (?C?LSHL)
  C:\KEIL_V5\C51\LIB\C51L.LIB (?C?LLDPTR)
  C:\KEIL_V5\C51\LIB\C51L.LIB (?C?LLDOPTR)
  C:\KEIL_V5\C51\LIB\C51L.LIB (?C?LSTPTR)
  C:\KEIL_V5\C51\LIB\C51L.LIB (?C?LSTOPTR)
  C:\KEIL_V5\C51\LIB\C51L.LIB (?C?LLDXDATA)
BL51 BANKED LINKER/LOCATER V6.22                                                      02/21/2019  12:45:49  PAGE 2


  C:\KEIL_V5\C51\LIB\C51L.LIB (?C?LLDCODE)
  C:\KEIL_V5\C51\LIB\C51L.LIB (?C?LLDXDATA0)
  C:\KEIL_V5\C51\LIB\C51L.LIB (?C?LLDCODE0)
  C:\KEIL_V5\C51\LIB\C51L.LIB (?C?LLDPTR0)
  C:\KEIL_V5\C51\LIB\C51L.LIB (?C?LSTXDATA)
  C:\KEIL_V5\C51\LIB\C51L.LIB (?C?LSTKXDATA)
  C:\KEIL_V5\C51\LIB\C51L.LIB (ABS)
  C:\KEIL_V5\C51\LIB\C51L.LIB (ATOI)
  C:\KEIL_V5\C51\LIB\C51L.LIB (?C?IILDX)
  C:\KEIL_V5\C51\LIB\C51L.LIB (?C?ULDIV)
  C:\KEIL_V5\C51\LIB\C51L.LIB (?C?LLDIDATA)
  C:\KEIL_V5\C51\LIB\C51L.LIB (?C?LLDPDATA)
  C:\KEIL_V5\C51\LIB\C51L.LIB (?C?LLDIDATA0)
  C:\KEIL_V5\C51\LIB\C51L.LIB (?C?LLDPDATA0)
  C:\KEIL_V5\C51\LIB\C51L.LIB (?C?LSTIDATA)
  C:\KEIL_V5\C51\LIB\C51L.LIB (?C?LSTPDATA)
  C:\KEIL_V5\C51\LIB\C51L.LIB (ISDIGIT)
  C:\KEIL_V5\C51\LIB\C51L.LIB (ISSPACE)


LINK MAP OF MODULE:  .\Obj\GPIO_RTC_Test (MAIN)


            TYPE    BASE      LENGTH    RELOCATION   SEGMENT NAME
            -----------------------------------------------------

            * * * * * * *   D A T A   M E M O R Y   * * * * * * *
            REG     0000H     0008H     ABSOLUTE     "REG BANK 0"
                    0008H     0018H                  *** GAP ***
            BIT     0020H.0   0000H.5   UNIT         ?BI?KEYPAD
            BIT     0020H.5   0000H.2   UNIT         ?BI?ATAN?ATAN
            BIT     0020H.7   0000H.1   UNIT         ?BI?MAIN
            BIT     0021H.0   0000H.1   UNIT         ?BI?VONESTEPMOVE?BIPOLARMOTOR
            BIT     0021H.1   0000H.1   UNIT         ?BI?_STEP_MOVE?BIPOLARMOTOR
            BIT     0021H.2   0000H.1   UNIT         ?BI?_MOVE?BIPOLARMOTOR
            BIT     0021H.3   0000H.1   UNIT         ?BI?SIN?SIN
            BIT     0021H.4   0000H.1   UNIT         ?BI?_ATOI?ATOI
                    0021H.5   0000H.3                *** GAP ***
            IDATA   0022H     0001H     UNIT         ?STACK

            * * * * * * *  X D A T A   M E M O R Y  * * * * * * *
            XDATA   0000H     00D4H     UNIT         ?XD?MAIN
            XDATA   00D4H     00A7H     UNIT         ?XD?BIPOLARMOTOR
            XDATA   017BH     009FH     UNIT         ?XD?_UPDATE_POSITION?BIPOLARMOTOR
            XDATA   021AH     0084H     UNIT         ?XD?_FIND_REAL_MAX?CALIBRATION
            XDATA   029EH     005DH     UNIT         ?XD?SUNPOS?SUNPOS
            XDATA   02FBH     0040H     UNIT         ?XD?_FINDDET4X4?BIPOLARMOTOR
            XDATA   033BH     0027H     UNIT         _XDATA_GROUP_
            XDATA   0362H     0024H     UNIT         ?XD?_FINDDET3X3?BIPOLARMOTOR
            XDATA   0386H     0018H     UNIT         ?XD?VOLTAGE_IS_STABLE?CALIBRATION
            XDATA   039EH     0014H     UNIT         ?XD?LINEAR_INTERPOLATE?BIPOLARMOTOR
            XDATA   03B2H     0014H     UNIT         ?XD?_CALIBRATION?CALIBRATION
            XDATA   03C6H     000FH     UNIT         ?XD?_READ_TIME?PCF85063BTL
            XDATA   03D5H     000AH     UNIT         ?XD?_DISPLAY_POS?MAIN
            XDATA   03DFH     0009H     UNIT         ?XD?KEYPAD
            XDATA   03E8H     0008H     UNIT         ?XD?_ATAN2?ATAN2
            XDATA   03F0H     0006H     UNIT         ?XD?KEY_PROCESS?KEYPAD
BL51 BANKED LINKER/LOCATER V6.22                                                      02/21/2019  12:45:49  PAGE 3


            XDATA   03F6H     0005H     UNIT         ?XD?_ATOI?ATOI
            XDATA   03FBH     0004H     UNIT         ?XD?_DISPLAY_PROX?MAIN
            XDATA   03FFH     0004H     UNIT         ?XD?_STEP_MOVE?BIPOLARMOTOR
            XDATA   0403H     0004H     UNIT         ?XD?_MOVE?BIPOLARMOTOR
            XDATA   0407H     0004H     UNIT         ?XD?_MAX_VALUE?CALIBRATION
            XDATA   040BH     0004H     UNIT         ?XD?SIN?SIN
            XDATA   040FH     0004H     UNIT         ?XD?SQRT?SQRT
            XDATA   0413H     0004H     UNIT         ?XD?ATAN?ATAN
            XDATA   0417H     0003H     UNIT         ?XD?_SENDSTRING?UART1
            XDATA   041AH     0003H     UNIT         ?XD?KEY_SCAN?KEYPAD
            XDATA   041DH     0003H     UNIT         ?XD?_WRITE_PI4IOE5V96248?IOEXPANDER_PI4IOE5V96248
            XDATA   0420H     0001H     UNIT         ?XD?_DISPLAYLCD?LCD_DRIVER_SPLC780D
            XDATA   0421H     0001H     UNIT         ?XD?I2C_ACK?IOEXPANDER_PI4IOE5V96248
            XDATA   0422H     0001H     UNIT         ?XD?UC_ACK?IOEXPANDER_PI4IOE5V96248
            XDATA   0423H     0001H     UNIT         ?XD?UC_NACK?IOEXPANDER_PI4IOE5V96248

            * * * * * * *   C O D E   M E M O R Y   * * * * * * *
            CODE    0000H     0003H     ABSOLUTE     
            CODE    0003H     0006H     UNIT         ?PR?_TEN?UART1
            CODE    0009H     0001H     UNIT         ?PR?TM0_ISR?MAIN
            CODE    000AH     0001H     UNIT         ?PR?_DECTOBCD?UART1
            CODE    000BH     0003H     ABSOLUTE     
            CODE    000EH     0B00H     UNIT         ?PR?_UPDATE_POSITION?BIPOLARMOTOR
            CODE    0B0EH     093FH     UNIT         ?C?LIB_CODE
            CODE    144DH     07A2H     UNIT         ?PR?SUNPOS?SUNPOS
            CODE    1BEFH     02C0H     UNIT         ?PR?_FINDDET4X4?BIPOLARMOTOR
            CODE    1EAFH     02B1H     UNIT         ?PR?_FIND_REAL_MAX?CALIBRATION
            CODE    2160H     02A0H     UNIT         ?PR?KEY_PROCESS?KEYPAD
            CODE    2400H     0271H     UNIT         ?PR?MAIN?MAIN
            CODE    2671H     01D1H     UNIT         ?PR?_FINDDET3X3?BIPOLARMOTOR
            CODE    2842H     018DH     UNIT         ?PR?KEY_SCAN?KEYPAD
            CODE    29CFH     0188H     UNIT         ?PR?SIN?SIN
            CODE    2B57H     0172H     UNIT         ?PR?_DISPLAY_POS?MAIN
            CODE    2CC9H     0122H     UNIT         ?PR?ATAN?ATAN
            CODE    2DEBH     0106H     UNIT         ?PR?_AT25SF041_READ?AT25SF041
            CODE    2EF1H     00F4H     UNIT         ?PR?_AT25SF041_WRITE?AT25SF041
            CODE    2FE5H     00E4H     UNIT         ?PR?_CALIBRATION?CALIBRATION
            CODE    30C9H     00DBH     UNIT         ?PR?_ATOI?ATOI
            CODE    31A4H     00C3H     UNIT         ?PR?LINEAR_INTERPOLATE?BIPOLARMOTOR
            CODE    3267H     00BBH     UNIT         ?PR?VOLTAGE_IS_STABLE?CALIBRATION
            CODE    3322H     00B2H     UNIT         ?C_INITSEG
            CODE    33D4H     00ADH     UNIT         ?PR?_WRITE_PI4IOE5V96248?IOEXPANDER_PI4IOE5V96248
            CODE    3481H     00ACH     UNIT         ?PR?SQRT?SQRT
            CODE    352DH     00A1H     UNIT         ?PR?READ_STATUS_REGISTER_BYTE1?AT25SF041
            CODE    35CEH     009DH     UNIT         ?PR?_ATAN2?ATAN2
            CODE    366BH     009CH     UNIT         ?PR?_MAX_VALUE?CALIBRATION
            CODE    3707H     0095H     UNIT         ?PR?_DISPLAY_PROX?MAIN
            CODE    379CH     008CH     UNIT         ?C_C51STARTUP
            CODE    3828H     0084H     UNIT         ?PR?_DAY_OF_YEAR?PCF85063BTL
            CODE    38ACH     0075H     UNIT         ?PR?_WRITEDATA?LCD_DRIVER_SPLC780D
            CODE    3921H     006FH     UNIT         ?PR?_READ_TIME?PCF85063BTL
            CODE    3990H     005AH     UNIT         ?PR?AT25SF041_CHIPERASE?AT25SF041
            CODE    39EAH     0059H     UNIT         ?PR?LCD_INIT?LCD_DRIVER_SPLC780D
            CODE    3A43H     004AH     UNIT         ?PR?VONESTEPMOVE?BIPOLARMOTOR
            CODE    3A8DH     004AH     UNIT         ?PR?ACOS?ACOS
            CODE    3AD7H     0049H     UNIT         ?PR?AT25SF041_WRITEENABLE?AT25SF041
            CODE    3B20H     0044H     UNIT         ?C?LDIV
BL51 BANKED LINKER/LOCATER V6.22                                                      02/21/2019  12:45:49  PAGE 4


            CODE    3B64H     0040H     UNIT         ?PR?_COMMAND?LCD_DRIVER_SPLC780D
            CODE    3BA4H     0040H     UNIT         ?PR?_STEP_MOVE?BIPOLARMOTOR
            CODE    3BE4H     003BH     UNIT         ?PR?ASIN?ASIN
            CODE    3C1FH     0033H     UNIT         ?PR?_SENDSTRING?UART1
            CODE    3C52H     002CH     UNIT         ?PR?_ADC_GETRESULT?ADC
            CODE    3C7EH     002BH     UNIT         ?PR?_WAIT_MS_I2C?IOEXPANDER_PI4IOE5V96248
            CODE    3CA9H     002BH     UNIT         ?PR?_WAIT_MS_SPINOR?AT25SF041
            CODE    3CD4H     0028H     UNIT         ?PR?_MOVE?BIPOLARMOTOR
            CODE    3CFCH     0027H     UNIT         ?PR?_I2C_SENDBYTE?IOEXPANDER_PI4IOE5V96248
            CODE    3D23H     0024H     UNIT         ?PR?_WAIT_MS?LCD_DRIVER_SPLC780D
            CODE    3D47H     0020H     UNIT         ?PR?_SPI_SENDBYTE?PCF85063BTL
            CODE    3D67H     0020H     UNIT         ?PR?SPI_RECEIVEBYTE?PCF85063BTL
            CODE    3D87H     001FH     UNIT         ?PR?ADC_INIT?ADC
            CODE    3DA6H     001EH     UNIT         ?PR?_DELAY_MS?KEYPAD
            CODE    3DC4H     001DH     UNIT         ?PR?_DISPLAYLCD?LCD_DRIVER_SPLC780D
            CODE    3DE1H     001BH     UNIT         ?PR?_BCDTODEC1?BIPOLARMOTOR
            CODE    3DFCH     0018H     UNIT         ?PR?_SPI_WRITETIME?PCF85063BTL
            CODE    3E14H     0017H     UNIT         ?PR?_ASCIITOBCD?UART1
            CODE    3E2BH     0016H     UNIT         ?PR?I2C_ACK?IOEXPANDER_PI4IOE5V96248
            CODE    3E41H     0015H     UNIT         ?PR?_DISPLAY_LINE?LCD_DRIVER_SPLC780D
            CODE    3E56H     0015H     UNIT         ?PR?I2C_STOP?IOEXPANDER_PI4IOE5V96248
            CODE    3E6BH     0014H     UNIT         ?PR?_PCF85063BTL_DELAY?PCF85063BTL
            CODE    3E7FH     0014H     UNIT         ?PR?_ISSPACE?ISSPACE
            CODE    3E93H     0011H     UNIT         ?PR?_SPI_READTIME?PCF85063BTL
            CODE    3EA4H     0011H     UNIT         ?PR?_BCDTODEC?PCF85063BTL
            CODE    3EB5H     0011H     UNIT         ?PR?INITUART1?UART1
            CODE    3EC6H     000FH     UNIT         ?PR?I2C_START?IOEXPANDER_PI4IOE5V96248
            CODE    3ED5H     000FH     UNIT         ?PR?UC_NACK?IOEXPANDER_PI4IOE5V96248
            CODE    3EE4H     000FH     UNIT         ?PR?_ISDIGIT?ISDIGIT
            CODE    3EF3H     000DH     UNIT         ?PR?SPI_INIT?PCF85063BTL
            CODE    3F00H     000CH     UNIT         ?PR?KEYPAD_IO_INIT?KEYPAD
            CODE    3F0CH     000CH     UNIT         ?PR?_ABS?ABS
            CODE    3F18H     000AH     UNIT         ?PR?LCD_RETURN_HOME?LCD_DRIVER_SPLC780D
            CODE    3F22H     000AH     UNIT         ?PR?LCD_CLEAR?LCD_DRIVER_SPLC780D
            CODE    3F2CH     0006H     UNIT         ?PR?UC_ACK?IOEXPANDER_PI4IOE5V96248
            CODE    3F32H     0005H     UNIT         ?PR?_UNIT?UART1
            CODE    3F37H     0005H     UNIT         ?PR?_ASCII_LETTER?UART1
            CODE    3F3CH     0001H     UNIT         ?PR?WAIT?BIPOLARMOTOR
            CODE    3F3DH     0001H     UNIT         ?PR?NOP?IOEXPANDER_PI4IOE5V96248



OVERLAY MAP OF MODULE:   .\Obj\GPIO_RTC_Test (MAIN)


SEGMENT                                            XDATA_GROUP
  +--> CALLED SEGMENT                            START    LENGTH
----------------------------------------------------------------
?C_C51STARTUP                                    -----    -----
  +--> ?PR?MAIN?MAIN
  +--> ?C_INITSEG

?PR?MAIN?MAIN                                    033BH    001FH
  +--> ?PR?LCD_INIT?LCD_DRIVER_SPLC780D
  +--> ?PR?SPI_INIT?PCF85063BTL
  +--> ?PR?KEYPAD_IO_INIT?KEYPAD
  +--> ?PR?ADC_INIT?ADC
BL51 BANKED LINKER/LOCATER V6.22                                                      02/21/2019  12:45:49  PAGE 5


  +--> ?PR?_SPI_WRITETIME?PCF85063BTL
  +--> ?PR?_DELAY_MS?KEYPAD
  +--> ?PR?AT25SF041_WRITEENABLE?AT25SF041
  +--> ?PR?AT25SF041_CHIPERASE?AT25SF041
  +--> ?PR?_DISPLAY_LINE?LCD_DRIVER_SPLC780D
  +--> ?PR?_WRITEDATA?LCD_DRIVER_SPLC780D
  +--> ?PR?_WAIT_MS_SPINOR?AT25SF041
  +--> ?PR?_AT25SF041_WRITE?AT25SF041
  +--> ?PR?_AT25SF041_READ?AT25SF041

?PR?LCD_INIT?LCD_DRIVER_SPLC780D                 -----    -----
  +--> ?PR?_WAIT_MS?LCD_DRIVER_SPLC780D
  +--> ?PR?_COMMAND?LCD_DRIVER_SPLC780D

?PR?_COMMAND?LCD_DRIVER_SPLC780D                 -----    -----
  +--> ?PR?_WAIT_MS?LCD_DRIVER_SPLC780D

?PR?ADC_INIT?ADC                                 -----    -----
  +--> ?PR?_WAIT_MS?LCD_DRIVER_SPLC780D

?PR?_SPI_WRITETIME?PCF85063BTL                   -----    -----
  +--> ?PR?_SPI_SENDBYTE?PCF85063BTL

?PR?_SPI_SENDBYTE?PCF85063BTL                    -----    -----
  +--> ?PR?_PCF85063BTL_DELAY?PCF85063BTL

?PR?AT25SF041_WRITEENABLE?AT25SF041              035AH    0002H
  +--> ?PR?_WAIT_MS_SPINOR?AT25SF041

?PR?AT25SF041_CHIPERASE?AT25SF041                035AH    0002H
  +--> ?PR?_WAIT_MS_SPINOR?AT25SF041
  +--> ?PR?READ_STATUS_REGISTER_BYTE1?AT25SF041

?PR?READ_STATUS_REGISTER_BYTE1?AT25SF041         035CH    0003H
  +--> ?PR?_WAIT_MS_SPINOR?AT25SF041

?PR?_DISPLAY_LINE?LCD_DRIVER_SPLC780D            -----    -----
  +--> ?PR?_COMMAND?LCD_DRIVER_SPLC780D

?PR?_WRITEDATA?LCD_DRIVER_SPLC780D               035AH    0001H
  +--> ?PR?_WAIT_MS?LCD_DRIVER_SPLC780D

?PR?_AT25SF041_WRITE?AT25SF041                   035AH    0008H
  +--> ?PR?_WAIT_MS_SPINOR?AT25SF041

?PR?_AT25SF041_READ?AT25SF041                    035AH    0008H
  +--> ?PR?_WAIT_MS_SPINOR?AT25SF041



UNRESOLVED EXTERNAL SYMBOLS:
   AUTO_MODE
   _SENDUART1



SYMBOL TABLE OF MODULE:  .\Obj\GPIO_RTC_Test (MAIN)
BL51 BANKED LINKER/LOCATER V6.22                                                      02/21/2019  12:45:49  PAGE 6



  VALUE           TYPE          NAME
  ----------------------------------

  -------         MODULE        MAIN
  C:0000H         SYMBOL        _ICE_DUMMY_
  X:0008H         PUBLIC        calib_value
  D:0080H         PUBLIC        P0
  D:00B2H         PUBLIC        P3M0
  D:0090H         PUBLIC        P1
  D:00B1H         PUBLIC        P3M1
  D:00A0H         PUBLIC        P2
  D:00B0H         PUBLIC        P3
  D:00C0H         PUBLIC        P4
  D:00C8H         PUBLIC        P5
  X:005CH         SYMBOL        PressedKey
  B:00A8H.7       PUBLIC        EA
  D:00E8H         PUBLIC        P6
  X:0060H         PUBLIC        calib_stamp
  D:00F8H         PUBLIC        P7
  X:0061H         PUBLIC        RX_Data_Uart_Cnt
  D:00A8H         PUBLIC        IE
  X:0063H         PUBLIC        calib_time
  D:00B8H         PUBLIC        IP
  X:00B7H         PUBLIC        months
  D:00D8H         PUBLIC        CCON
  C:2400H         PUBLIC        main
  X:00B8H         PUBLIC        count
  X:00BAH         PUBLIC        days
  X:00BBH         PUBLIC        hours
  D:0098H         PUBLIC        SCON
  D:0089H         PUBLIC        TMOD
  D:0088H         PUBLIC        TCON
  X:00BCH         SYMBOL        KeyCount
  X:00BEH         PUBLIC        mins
  X:00BFH         PUBLIC        Rec_data_hour
  X:00C2H         PUBLIC        Rec_data_min
  D:008EH         PUBLIC        AUXR
  C:0009H         PUBLIC        tm0_isr
  B:0020H.7       PUBLIC        busy
  B:00A8H.1       PUBLIC        ET0
  D:008CH         PUBLIC        TH0
  X:00C5H         PUBLIC        hour_count
  D:008AH         PUBLIC        TL0
  X:00C6H         PUBLIC        min_count
  B:0088H.4       PUBLIC        TR0
  X:00C7H         SYMBOL        KeyNum
  X:00C8H         SYMBOL        KeyNum_Old
  X:00C9H         PUBLIC        current_position
  X:00CDH         PUBLIC        hours1
  X:00CEH         PUBLIC        hours2
  C:3707H         PUBLIC        _Display_Prox
  X:00CFH         PUBLIC        mins1
  X:00D0H         PUBLIC        mins2
  C:2B57H         PUBLIC        _Display_Pos
  X:00D1H         PUBLIC        seconds
  X:00D2H         PUBLIC        st_time
BL51 BANKED LINKER/LOCATER V6.22                                                      02/21/2019  12:45:49  PAGE 7


  D:00D0H         PUBLIC        PSW
  -------         PROC          TM0_ISR
  C:0009H         LINE#         86
  C:0009H         LINE#         88
  -------         ENDPROC       TM0_ISR
  -------         PROC          MAIN
  -------         DO            
  X:033BH         SYMBOL        sunlight_ADC
  X:033DH         SYMBOL        address
  X:0000H         SYMBOL        KeyCount
  X:0002H         SYMBOL        KeyNum_Old
  X:0003H         SYMBOL        KeyNum
  X:0004H         SYMBOL        PressedKey
  X:0341H         SYMBOL        prox_flag
  X:0342H         SYMBOL        SPI_NOR_DATA
  X:0343H         SYMBOL        error
  X:0344H         SYMBOL        iUse_prevday_calib_value
  X:0346H         SYMBOL        calib_point1
  X:034EH         SYMBOL        calib_point2
  X:0356H         SYMBOL        calib_day
  X:0358H         SYMBOL        calib_count
  -------         ENDDO         
  C:2400H         LINE#         90
  C:2400H         LINE#         91
  C:2400H         LINE#         94
  C:240AH         LINE#         97
  C:2415H         LINE#         98
  C:2419H         LINE#         101
  C:241FH         LINE#         106
  C:2421H         LINE#         107
  C:2423H         LINE#         108
  C:2425H         LINE#         109
  C:2427H         LINE#         111
  C:242DH         LINE#         120
  C:242FH         LINE#         121
  C:2432H         LINE#         122
  C:2435H         LINE#         123
  C:2438H         LINE#         124
  C:243BH         LINE#         125
  C:243EH         LINE#         128
  C:2441H         LINE#         130
  C:2444H         LINE#         131
  C:2447H         LINE#         132
  C:244AH         LINE#         133
  C:244CH         LINE#         134
  C:244EH         LINE#         135
  C:2450H         LINE#         137
  C:2452H         LINE#         138
  C:2459H         LINE#         139
  C:2460H         LINE#         140
  C:2467H         LINE#         141
  C:246EH         LINE#         142
  C:2471H         LINE#         144
  C:2474H         LINE#         145
  C:2479H         LINE#         146
  C:2496H         LINE#         147
  C:2496H         LINE#         151
BL51 BANKED LINKER/LOCATER V6.22                                                      02/21/2019  12:45:49  PAGE 8


  C:249DH         LINE#         152
  C:24A2H         LINE#         153
  C:24A7H         LINE#         154
  C:24ACH         LINE#         159
  C:24C5H         LINE#         160
  C:24C5H         LINE#         161
  C:24E1H         LINE#         162
  C:2528H         LINE#         163
  C:2539H         LINE#         178
  C:253EH         LINE#         179
  C:2545H         LINE#         180
  C:2548H         LINE#         182
  C:2567H         LINE#         183
  C:2585H         LINE#         184
  C:2589H         LINE#         185
  C:2589H         LINE#         186
  C:258EH         LINE#         187
  C:25A5H         LINE#         188
  C:25C4H         LINE#         189
  C:25CCH         LINE#         191
  C:25D3H         LINE#         192
  C:25D6H         LINE#         194
  C:25D6H         LINE#         195
  C:25DCH         LINE#         197
  C:25E1H         LINE#         199
  C:25E6H         LINE#         201
  C:25EBH         LINE#         203
  C:25F0H         LINE#         205
  C:25F5H         LINE#         207
  C:25FAH         LINE#         209
  C:25FAH         LINE#         210
  C:25FAH         LINE#         215
  C:25FAH         LINE#         216
  C:2604H         LINE#         217
  C:2604H         LINE#         218
  C:2604H         LINE#         219
  C:2622H         LINE#         220
  C:2625H         LINE#         221
  C:2644H         LINE#         222
  C:265EH         LINE#         223
  C:265EH         LINE#         224
  C:2668H         LINE#         225
  C:266FH         LINE#         226
  C:266FH         LINE#         230
  -------         ENDPROC       MAIN
  -------         PROC          _DISPLAY_PROX
  D:0002H         SYMBOL        dat
  -------         DO            
  X:03FBH         SYMBOL        unit
  X:03FCH         SYMBOL        ten
  X:03FDH         SYMBOL        hundred
  X:03FEH         SYMBOL        thousand
  -------         ENDDO         
  C:3707H         LINE#         311
  C:370BH         LINE#         312
  C:370BH         LINE#         314
  C:3717H         LINE#         315
BL51 BANKED LINKER/LOCATER V6.22                                                      02/21/2019  12:45:49  PAGE 9


  C:3727H         LINE#         316
  C:3743H         LINE#         317
  C:3773H         LINE#         318
  C:377DH         LINE#         319
  C:3787H         LINE#         320
  C:3791H         LINE#         321
  C:379BH         LINE#         323
  -------         ENDPROC       _DISPLAY_PROX
  -------         PROC          _DISPLAY_POS
  X:03D5H         SYMBOL        sign_dat
  -------         DO            
  X:03D9H         SYMBOL        unit
  X:03DAH         SYMBOL        ten
  X:03DBH         SYMBOL        hundred
  D:0003H         SYMBOL        thousand
  X:03DCH         SYMBOL        after_dot
  X:03DDH         SYMBOL        dat
  -------         ENDDO         
  C:2B57H         LINE#         326
  C:2B5DH         LINE#         327
  C:2B5DH         LINE#         331
  C:2B79H         LINE#         332
  C:2B93H         LINE#         333
  C:2BB7H         LINE#         335
  C:2C01H         LINE#         337
  C:2C18H         LINE#         338
  C:2C25H         LINE#         339
  C:2C47H         LINE#         340
  C:2C7CH         LINE#         341
  C:2C94H         LINE#         342
  C:2C94H         LINE#         344
  C:2C94H         LINE#         345
  C:2C94H         LINE#         346
  C:2C94H         LINE#         347
  C:2C94H         LINE#         348
  C:2C94H         LINE#         352
  C:2C96H         LINE#         354
  C:2C96H         LINE#         356
  C:2C9BH         LINE#         357
  C:2CA5H         LINE#         358
  C:2CAFH         LINE#         359
  C:2CB9H         LINE#         360
  C:2CBEH         LINE#         361
  C:2CC8H         LINE#         365
  C:2CC8H         LINE#         367
  -------         ENDPROC       _DISPLAY_POS
  -------         ENDMOD        MAIN

  -------         MODULE        PCF85063BTL
  C:0000H         SYMBOL        _ICE_DUMMY_
  D:0096H         PUBLIC        P2M0
  D:0080H         PUBLIC        P0
  D:0095H         PUBLIC        P2M1
  D:0090H         PUBLIC        P1
  D:00A0H         PUBLIC        P2
  D:00B0H         PUBLIC        P3
  D:00C0H         PUBLIC        P4
BL51 BANKED LINKER/LOCATER V6.22                                                      02/21/2019  12:45:49  PAGE 10


  D:00C8H         PUBLIC        P5
  D:00E8H         PUBLIC        P6
  B:00A0H.1       PUBLIC        PCF85063BTL_SDI
  D:00F8H         PUBLIC        P7
  B:00A0H.2       PUBLIC        PCF85063BTL_SCK
  B:00A0H.1       PUBLIC        PCF85063BTL_SDO
  D:00A8H         PUBLIC        IE
  C:3921H         PUBLIC        _Read_time
  C:3E71H         PUBLIC        _PCF85063BTL_Delay
  D:00B8H         PUBLIC        IP
  D:00D8H         PUBLIC        CCON
  C:3828H         PUBLIC        _Day_Of_Year
  C:3D67H         PUBLIC        SPI_ReceiveByte
  D:0098H         PUBLIC        SCON
  D:0088H         PUBLIC        TCON
  C:3EA4H         PUBLIC        _BCDtoDec
  B:00A0H.0       PUBLIC        PCF85063BTL_CS
  C:3E93H         PUBLIC        _SPI_ReadTime
  C:3EF3H         PUBLIC        SPI_Init
  C:3DFCH         PUBLIC        _SPI_WriteTime
  C:3D47H         PUBLIC        _SPI_SendByte
  D:00D0H         PUBLIC        PSW
  C:3E6DH         SYMBOL        L?0047
  -------         PROC          L?0046
  -------         ENDPROC       L?0046
  C:3E6DH         SYMBOL        L?0047
  -------         PROC          _PCF85063BTL_DELAY
  D:0006H         SYMBOL        us
  C:3E71H         LINE#         8
  C:3E71H         LINE#         9
  C:3E71H         LINE#         10
  C:3E7BH         LINE#         11
  C:3E7BH         LINE#         12
  C:3E7CH         LINE#         13
  C:3E7EH         LINE#         14
  -------         ENDPROC       _PCF85063BTL_DELAY
  -------         PROC          _SPI_SENDBYTE
  D:0005H         SYMBOL        dat
  -------         DO            
  D:0003H         SYMBOL        i
  -------         ENDDO         
  C:3D47H         LINE#         17
  C:3D49H         LINE#         18
  C:3D49H         LINE#         20
  C:3D4BH         LINE#         21
  C:3D4BH         LINE#         22
  C:3D4DH         LINE#         23
  C:3D51H         LINE#         24
  C:3D51H         LINE#         25
  C:3D53H         LINE#         26
  C:3D55H         LINE#         28
  C:3D55H         LINE#         29
  C:3D57H         LINE#         30
  C:3D57H         LINE#         31
  C:3D5AH         LINE#         32
  C:3D5AH         LINE#         33
  C:3D5DH         LINE#         34
BL51 BANKED LINKER/LOCATER V6.22                                                      02/21/2019  12:45:49  PAGE 11


  C:3D61H         LINE#         35
  C:3D66H         LINE#         36
  -------         ENDPROC       _SPI_SENDBYTE
  -------         PROC          SPI_RECEIVEBYTE
  -------         DO            
  D:0003H         SYMBOL        i
  D:0005H         SYMBOL        dat
  -------         ENDDO         
  C:3D67H         LINE#         39
  C:3D67H         LINE#         40
  C:3D67H         LINE#         42
  C:3D69H         LINE#         44
  C:3D6BH         LINE#         45
  C:3D6CH         LINE#         46
  C:3D6CH         LINE#         47
  C:3D70H         LINE#         48
  C:3D72H         LINE#         49
  C:3D75H         LINE#         51
  C:3D78H         LINE#         52
  C:3D78H         LINE#         53
  C:3D7CH         LINE#         54
  C:3D7CH         LINE#         55
  C:3D7CH         LINE#         56
  C:3D7FH         LINE#         57
  C:3D84H         LINE#         58
  C:3D86H         LINE#         59
  -------         ENDPROC       SPI_RECEIVEBYTE
  -------         PROC          _SPI_READTIME
  D:0007H         SYMBOL        addr
  -------         DO            
  D:0006H         SYMBOL        dat
  -------         ENDDO         
  C:3E93H         LINE#         61
  C:3E93H         LINE#         62
  C:3E93H         LINE#         64
  C:3E95H         LINE#         65
  C:3E97H         LINE#         66
  C:3E9EH         LINE#         67
  C:3EA1H         LINE#         68
  C:3EA3H         LINE#         69
  C:3EA3H         LINE#         70
  -------         ENDPROC       _SPI_READTIME
  -------         PROC          _SPI_WRITETIME
  D:0002H         SYMBOL        val
  D:0005H         SYMBOL        addr
  C:3DFCH         LINE#         71
  C:3DFEH         LINE#         72
  C:3DFEH         LINE#         74
  C:3E00H         LINE#         75
  C:3E07H         LINE#         76
  C:3E0CH         LINE#         77
  C:3E11H         LINE#         78
  C:3E13H         LINE#         79
  -------         ENDPROC       _SPI_WRITETIME
  -------         PROC          SPI_INIT
  C:3EF3H         LINE#         83
  C:3EF3H         LINE#         84
BL51 BANKED LINKER/LOCATER V6.22                                                      02/21/2019  12:45:49  PAGE 12


  C:3EF3H         LINE#         89
  C:3EF6H         LINE#         90
  C:3EF9H         LINE#         91
  C:3EFBH         LINE#         92
  C:3EFDH         LINE#         93
  C:3EFFH         LINE#         94
  -------         ENDPROC       SPI_INIT
  -------         PROC          _READ_TIME
  X:03C6H         SYMBOL        months
  X:03C9H         SYMBOL        days
  X:03CCH         SYMBOL        hours
  X:03CFH         SYMBOL        mins
  X:03D2H         SYMBOL        seconds
  C:3921H         LINE#         96
  C:392CH         LINE#         97
  C:392CH         LINE#         99
  C:3940H         LINE#         101
  C:3954H         LINE#         103
  C:3968H         LINE#         108
  C:397CH         LINE#         113
  -------         ENDPROC       _READ_TIME
  -------         PROC          _BCDTODEC
  D:0007H         SYMBOL        bcd
  -------         DO            
  D:0006H         SYMBOL        hi
  D:0007H         SYMBOL        lo
  -------         ENDDO         
  C:3EA4H         LINE#         119
  C:3EA4H         LINE#         120
  C:3EA4H         LINE#         122
  C:3EA9H         LINE#         123
  C:3EADH         LINE#         124
  C:3EB4H         LINE#         125
  -------         ENDPROC       _BCDTODEC
  -------         PROC          _DAY_OF_YEAR
  D:0007H         SYMBOL        months_bcd
  D:0005H         SYMBOL        days_bcd
  -------         DO            
  D:0004H         SYMBOL        months
  D:0007H         SYMBOL        days
  -------         ENDDO         
  C:3828H         LINE#         126
  C:3828H         LINE#         127
  C:3828H         LINE#         130
  C:382DH         LINE#         132
  C:3832H         LINE#         134
  C:386BH         LINE#         135
  C:386BH         LINE#         136
  C:386BH         LINE#         137
  C:386EH         LINE#         138
  C:386EH         LINE#         139
  C:386EH         LINE#         140
  C:3873H         LINE#         141
  C:3873H         LINE#         142
  C:3873H         LINE#         143
  C:3878H         LINE#         144
  C:3878H         LINE#         145
BL51 BANKED LINKER/LOCATER V6.22                                                      02/21/2019  12:45:49  PAGE 13


  C:3878H         LINE#         146
  C:387DH         LINE#         147
  C:387DH         LINE#         148
  C:387DH         LINE#         149
  C:3882H         LINE#         150
  C:3882H         LINE#         151
  C:3882H         LINE#         152
  C:3887H         LINE#         153
  C:3887H         LINE#         154
  C:3887H         LINE#         155
  C:388CH         LINE#         156
  C:388CH         LINE#         157
  C:388CH         LINE#         158
  C:3891H         LINE#         159
  C:3891H         LINE#         160
  C:3891H         LINE#         161
  C:3899H         LINE#         162
  C:3899H         LINE#         163
  C:3899H         LINE#         164
  C:389EH         LINE#         165
  C:389EH         LINE#         166
  C:389EH         LINE#         167
  C:38A3H         LINE#         168
  C:38A3H         LINE#         169
  C:38A3H         LINE#         170
  C:38ABH         LINE#         171
  C:38ABH         LINE#         172
  C:38ABH         LINE#         173
  -------         ENDPROC       _DAY_OF_YEAR
  -------         ENDMOD        PCF85063BTL

  -------         MODULE        UART1
  C:0000H         SYMBOL        _ICE_DUMMY_
  D:0080H         PUBLIC        P0
  D:0090H         PUBLIC        P1
  D:00A0H         PUBLIC        P2
  D:00B0H         PUBLIC        P3
  D:00C0H         PUBLIC        P4
  D:00C8H         PUBLIC        P5
  B:00A8H.7       PUBLIC        EA
  D:00E8H         PUBLIC        P6
  D:00F8H         PUBLIC        P7
  C:3C1FH         PUBLIC        _SendString
  D:00A8H         PUBLIC        IE
  B:00A8H.4       PUBLIC        ES
  D:00B8H         PUBLIC        IP
  C:3E14H         PUBLIC        _ASCIItoBCD
  D:00D8H         PUBLIC        CCON
  C:3EB5H         PUBLIC        initUART1
  D:0098H         PUBLIC        SCON
  D:0088H         PUBLIC        TCON
  C:000AH         PUBLIC        _DectoBCD
  C:3F37H         PUBLIC        _ASCII_Letter
  D:008EH         PUBLIC        AUXR
  C:3F32H         PUBLIC        _unit
  C:0003H         PUBLIC        _ten
  D:00D6H         PUBLIC        T2H
BL51 BANKED LINKER/LOCATER V6.22                                                      02/21/2019  12:45:49  PAGE 14


  D:00D7H         PUBLIC        T2L
  D:00D0H         PUBLIC        PSW
  -------         PROC          INITUART1
  C:3EB5H         LINE#         21
  C:3EB5H         LINE#         22
  C:3EB5H         LINE#         23
  C:3EB8H         LINE#         24
  C:3EBBH         LINE#         25
  C:3EBEH         LINE#         26
  C:3EC1H         LINE#         27
  C:3EC3H         LINE#         28
  C:3EC5H         LINE#         30
  -------         ENDPROC       INITUART1
  -------         PROC          _SENDSTRING
  X:0417H         SYMBOL        s
  C:3C1FH         LINE#         35
  C:3C2AH         LINE#         36
  C:3C2AH         LINE#         37
  C:3C3AH         LINE#         38
  C:3C3AH         LINE#         39
  C:3C4FH         LINE#         40
  C:3C51H         LINE#         41
  -------         ENDPROC       _SENDSTRING
  -------         PROC          _TEN
  D:0007H         SYMBOL        BCD
  C:0003H         LINE#         43
  C:0003H         LINE#         44
  C:0003H         LINE#         45
  C:0008H         LINE#         46
  -------         ENDPROC       _TEN
  -------         PROC          _UNIT
  D:0007H         SYMBOL        BCD
  C:3F32H         LINE#         47
  C:3F32H         LINE#         48
  C:3F32H         LINE#         52
  C:3F36H         LINE#         53
  -------         ENDPROC       _UNIT
  -------         PROC          _DECTOBCD
  D:0007H         SYMBOL        dec
  C:000AH         LINE#         54
  C:000AH         LINE#         55
  C:000AH         LINE#         57
  C:000AH         LINE#         58
  -------         ENDPROC       _DECTOBCD
  -------         PROC          _ASCII_LETTER
  D:0007H         SYMBOL        dat
  C:3F37H         LINE#         60
  C:3F37H         LINE#         61
  C:3F37H         LINE#         63
  C:3F3BH         LINE#         64
  -------         ENDPROC       _ASCII_LETTER
  -------         PROC          _ASCIITOBCD
  D:0001H         SYMBOL        ascii
  -------         DO            
  D:0007H         SYMBOL        dec_val
  D:0006H         SYMBOL        ten
  D:0007H         SYMBOL        unit
BL51 BANKED LINKER/LOCATER V6.22                                                      02/21/2019  12:45:49  PAGE 15


  -------         ENDDO         
  C:3E14H         LINE#         66
  C:3E14H         LINE#         67
  C:3E14H         LINE#         69
  C:3E17H         LINE#         70
  C:3E1DH         LINE#         71
  C:3E24H         LINE#         72
  C:3E2AH         LINE#         74
  -------         ENDPROC       _ASCIITOBCD
  -------         ENDMOD        UART1

  -------         MODULE        LCD_DRIVER_SPLC780D
  C:0000H         SYMBOL        _ICE_DUMMY_
  D:0092H         PUBLIC        P1M0
  D:0091H         PUBLIC        P1M1
  D:0080H         PUBLIC        P0
  D:0090H         PUBLIC        P1
  D:00A0H         PUBLIC        P2
  D:00B0H         PUBLIC        P3
  D:00C0H         PUBLIC        P4
  D:00C8H         PUBLIC        P5
  D:00E8H         PUBLIC        P6
  D:00F8H         PUBLIC        P7
  C:38ACH         PUBLIC        _WriteData
  D:00A8H         PUBLIC        IE
  D:00B8H         PUBLIC        IP
  D:00D8H         PUBLIC        CCON
  B:00B0H.4       PUBLIC        LCD_D4
  B:00B0H.5       PUBLIC        LCD_D5
  B:00B0H.6       PUBLIC        LCD_D6
  C:3DC4H         PUBLIC        _DisplayLCD
  B:00B0H.7       PUBLIC        LCD_D7
  D:0098H         PUBLIC        SCON
  D:0088H         PUBLIC        TCON
  C:3F22H         PUBLIC        LCD_clear
  C:3B64H         PUBLIC        _Command
  C:3E41H         PUBLIC        _Display_Line
  C:39EAH         PUBLIC        LCD_Init
  C:3D29H         PUBLIC        _Wait_ms
  B:00C0H.0       PUBLIC        LCD_RS
  B:00B0H.2       PUBLIC        LCD_RW
  C:3F18H         PUBLIC        LCD_return_home
  B:00B0H.3       PUBLIC        LCD_E
  D:00D0H         PUBLIC        PSW
  -------         PROC          LCD_INIT
  C:39EAH         LINE#         9
  C:39EAH         LINE#         10
  C:39EAH         LINE#         11
  C:39EDH         LINE#         12
  C:39F0H         LINE#         14
  C:39F6H         LINE#         15
  C:39FBH         LINE#         17
  C:3A02H         LINE#         18
  C:3A07H         LINE#         20
  C:3A0AH         LINE#         21
  C:3A0FH         LINE#         23
  C:3A12H         LINE#         24
BL51 BANKED LINKER/LOCATER V6.22                                                      02/21/2019  12:45:49  PAGE 16


  C:3A17H         LINE#         26
  C:3A1EH         LINE#         29
  C:3A23H         LINE#         30
  C:3A28H         LINE#         32
  C:3A2DH         LINE#         33
  C:3A32H         LINE#         35
  C:3A37H         LINE#         36
  C:3A3CH         LINE#         37
  -------         ENDPROC       LCD_INIT
  -------         PROC          _WRITEDATA
  X:035AH         SYMBOL        dat
  C:38ACH         LINE#         40
  C:38B1H         LINE#         41
  C:38B1H         LINE#         46
  C:38B3H         LINE#         47
  C:38B5H         LINE#         49
  C:38C3H         LINE#         50
  C:38CFH         LINE#         51
  C:38DBH         LINE#         52
  C:38E5H         LINE#         53
  C:38E7H         LINE#         54
  C:38EEH         LINE#         55
  C:38F0H         LINE#         57
  C:3900H         LINE#         58
  C:390BH         LINE#         59
  C:3915H         LINE#         60
  C:3919H         LINE#         62
  C:3919H         LINE#         63
  C:391CH         LINE#         64
  C:391EH         LINE#         65
  C:3920H         LINE#         67
  -------         ENDPROC       _WRITEDATA
  -------         PROC          _COMMAND
  D:0007H         SYMBOL        dat
  C:3B64H         LINE#         69
  C:3B64H         LINE#         70
  C:3B64H         LINE#         71
  C:3B66H         LINE#         72
  C:3B68H         LINE#         74
  C:3B72H         LINE#         75
  C:3B76H         LINE#         77
  C:3B78H         LINE#         78
  C:3B81H         LINE#         79
  C:3B85H         LINE#         81
  C:3B87H         LINE#         82
  C:3B8EH         LINE#         83
  C:3B92H         LINE#         85
  C:3B94H         LINE#         86
  C:3B98H         LINE#         87
  C:3B9CH         LINE#         89
  C:3B9EH         LINE#         90
  C:3B9EH         LINE#         91
  C:3BA1H         LINE#         92
  C:3BA3H         LINE#         93
  -------         ENDPROC       _COMMAND
  C:3D25H         SYMBOL        L?0028
  -------         PROC          L?0027
BL51 BANKED LINKER/LOCATER V6.22                                                      02/21/2019  12:45:49  PAGE 17


  -------         ENDPROC       L?0027
  C:3D25H         SYMBOL        L?0028
  -------         PROC          _WAIT_MS
  D:0006H         SYMBOL        ms
  -------         DO            
  D:0004H         SYMBOL        De_Cnt
  -------         ENDDO         
  C:3D29H         LINE#         95
  C:3D29H         LINE#         96
  C:3D29H         LINE#         98
  C:3D33H         LINE#         99
  C:3D33H         LINE#         100
  C:3D46H         LINE#         101
  C:3D46H         LINE#         102
  -------         ENDPROC       _WAIT_MS
  -------         PROC          _DISPLAYLCD
  D:0007H         SYMBOL        BCD
  -------         DO            
  D:0006H         SYMBOL        first_digit
  X:0420H         SYMBOL        second_digit
  -------         ENDDO         
  C:3DC4H         LINE#         103
  C:3DC4H         LINE#         104
  C:3DC4H         LINE#         106
  C:3DCBH         LINE#         107
  C:3DD4H         LINE#         109
  C:3DD9H         LINE#         111
  -------         ENDPROC       _DISPLAYLCD
  -------         PROC          LCD_RETURN_HOME
  C:3F18H         LINE#         115
  C:3F18H         LINE#         116
  C:3F18H         LINE#         117
  C:3F1DH         LINE#         118
  -------         ENDPROC       LCD_RETURN_HOME
  -------         PROC          LCD_CLEAR
  C:3F22H         LINE#         121
  C:3F22H         LINE#         122
  C:3F22H         LINE#         123
  C:3F27H         LINE#         124
  -------         ENDPROC       LCD_CLEAR
  -------         PROC          _DISPLAY_LINE
  D:0006H         SYMBOL        line
  C:3E41H         LINE#         128
  C:3E41H         LINE#         129
  C:3E41H         LINE#         130
  C:3E47H         LINE#         131
  C:3E47H         LINE#         132
  C:3E49H         LINE#         133
  C:3E49H         LINE#         134
  C:3E4BH         LINE#         136
  C:3E4BH         LINE#         137
  C:3E50H         LINE#         138
  C:3E55H         LINE#         139
  C:3E55H         LINE#         140
  -------         ENDPROC       _DISPLAY_LINE
  -------         ENDMOD        LCD_DRIVER_SPLC780D

BL51 BANKED LINKER/LOCATER V6.22                                                      02/21/2019  12:45:49  PAGE 18


  -------         MODULE        KEYPAD
  C:0000H         SYMBOL        _ICE_DUMMY_
  D:0093H         PUBLIC        P0M1
  D:0080H         PUBLIC        P0
  D:0090H         PUBLIC        P1
  D:00A0H         PUBLIC        P2
  D:00B0H         PUBLIC        P3
  D:00C0H         PUBLIC        P4
  D:00C8H         PUBLIC        P5
  B:0020H.0       PUBLIC        calib_mode
  D:00E8H         PUBLIC        P6
  D:00F8H         PUBLIC        P7
  D:00A8H         PUBLIC        IE
  C:2842H         PUBLIC        Key_Scan
  D:00B8H         PUBLIC        IP
  D:00D8H         PUBLIC        CCON
  C:3F00H         PUBLIC        KeyPad_IO_Init
  C:3DA6H         PUBLIC        _Delay_ms
  D:0098H         PUBLIC        SCON
  D:0088H         PUBLIC        TCON
  B:0020H.1       PUBLIC        small_move
  B:0020H.2       PUBLIC        move
  B:0020H.3       PUBLIC        direction
  B:0020H.4       PUBLIC        auto_move
  C:2160H         PUBLIC        Key_Process
  D:00D0H         PUBLIC        PSW
  D:0094H         PUBLIC        P0M0
  -------         PROC          _DELAY_MS
  D:0006H         SYMBOL        ms
  -------         DO            
  D:0004H         SYMBOL        De_Cnt
  -------         ENDDO         
  C:3DA6H         LINE#         19
  C:3DA6H         LINE#         20
  C:3DA6H         LINE#         22
  C:3DB0H         LINE#         23
  C:3DB0H         LINE#         24
  C:3DC3H         LINE#         25
  C:3DC3H         LINE#         26
  -------         ENDPROC       _DELAY_MS
  -------         PROC          KEY_SCAN
  -------         DO            
  X:041AH         SYMBOL        KeyTemp1
  X:041BH         SYMBOL        KeyTemp2
  X:041CH         SYMBOL        KeyValue
  -------         ENDDO         
  C:2842H         LINE#         27
  C:2842H         LINE#         28
  C:2842H         LINE#         33
  C:2845H         LINE#         36
  C:2848H         LINE#         38
  C:2850H         LINE#         39
  C:2857H         LINE#         40
  C:2857H         LINE#         42
  C:285CH         LINE#         43
  C:2863H         LINE#         44
  C:2863H         LINE#         47
BL51 BANKED LINKER/LOCATER V6.22                                                      02/21/2019  12:45:49  PAGE 19


  C:2866H         LINE#         48
  C:2869H         LINE#         49
  C:286EH         LINE#         50
  C:2872H         LINE#         51
  C:2872H         LINE#         52
  C:287AH         LINE#         53
  C:287AH         LINE#         54
  C:287DH         LINE#         55
  C:2885H         LINE#         56
  C:2887H         LINE#         58
  C:289BH         LINE#         59
  C:289BH         LINE#         60
  C:289BH         LINE#         61
  C:289BH         LINE#         62
  C:28A1H         LINE#         64
  C:28A3H         LINE#         65
  C:28A3H         LINE#         66
  C:28A3H         LINE#         67
  C:28A9H         LINE#         69
  C:28ABH         LINE#         70
  C:28ABH         LINE#         71
  C:28ABH         LINE#         72
  C:28B1H         LINE#         74
  C:28B3H         LINE#         75
  C:28B3H         LINE#         76
  C:28B3H         LINE#         77
  C:28B9H         LINE#         79
  C:28B9H         LINE#         80
  C:28B9H         LINE#         81
  C:28B9H         LINE#         84
  C:28BCH         LINE#         85
  C:28BFH         LINE#         86
  C:28C7H         LINE#         87
  C:28CBH         LINE#         88
  C:28CBH         LINE#         89
  C:28D3H         LINE#         90
  C:28D3H         LINE#         91
  C:28D6H         LINE#         92
  C:28DEH         LINE#         93
  C:28E0H         LINE#         94
  C:28F4H         LINE#         95
  C:28F4H         LINE#         96
  C:28F4H         LINE#         97
  C:28F4H         LINE#         98
  C:28FAH         LINE#         100
  C:28FCH         LINE#         101
  C:28FCH         LINE#         102
  C:28FCH         LINE#         103
  C:2902H         LINE#         105
  C:2904H         LINE#         106
  C:2904H         LINE#         107
  C:2904H         LINE#         108
  C:290AH         LINE#         110
  C:290CH         LINE#         111
  C:290CH         LINE#         112
  C:290CH         LINE#         113
  C:2911H         LINE#         115
BL51 BANKED LINKER/LOCATER V6.22                                                      02/21/2019  12:45:49  PAGE 20


  C:2911H         LINE#         116
  C:2911H         LINE#         117
  C:2911H         LINE#         120
  C:2914H         LINE#         121
  C:2917H         LINE#         122
  C:291FH         LINE#         123
  C:2923H         LINE#         124
  C:2923H         LINE#         125
  C:292BH         LINE#         126
  C:292BH         LINE#         127
  C:292EH         LINE#         128
  C:2936H         LINE#         129
  C:2938H         LINE#         130
  C:294CH         LINE#         131
  C:294CH         LINE#         132
  C:294CH         LINE#         133
  C:294CH         LINE#         134
  C:2952H         LINE#         136
  C:2954H         LINE#         137
  C:2954H         LINE#         138
  C:2954H         LINE#         139
  C:295AH         LINE#         141
  C:295CH         LINE#         142
  C:295CH         LINE#         143
  C:295CH         LINE#         144
  C:2962H         LINE#         146
  C:2964H         LINE#         147
  C:2964H         LINE#         148
  C:2964H         LINE#         149
  C:296AH         LINE#         151
  C:296AH         LINE#         152
  C:296AH         LINE#         153
  C:296AH         LINE#         157
  C:296DH         LINE#         158
  C:2970H         LINE#         159
  C:2978H         LINE#         160
  C:297CH         LINE#         161
  C:297CH         LINE#         162
  C:2984H         LINE#         163
  C:2984H         LINE#         164
  C:2987H         LINE#         165
  C:298FH         LINE#         166
  C:2991H         LINE#         167
  C:29A5H         LINE#         168
  C:29A5H         LINE#         169
  C:29A5H         LINE#         170
  C:29A5H         LINE#         171
  C:29ABH         LINE#         173
  C:29ADH         LINE#         174
  C:29ADH         LINE#         175
  C:29ADH         LINE#         176
  C:29B3H         LINE#         178
  C:29B5H         LINE#         179
  C:29B5H         LINE#         180
  C:29B5H         LINE#         181
  C:29BBH         LINE#         183
  C:29BDH         LINE#         184
BL51 BANKED LINKER/LOCATER V6.22                                                      02/21/2019  12:45:49  PAGE 21


  C:29BDH         LINE#         185
  C:29BDH         LINE#         186
  C:29C3H         LINE#         188
  C:29C3H         LINE#         189
  C:29C3H         LINE#         190
  C:29C3H         LINE#         192
  C:29C9H         LINE#         193
  C:29C9H         LINE#         195
  C:29C9H         LINE#         196
  C:29CCH         LINE#         197
  C:29CCH         LINE#         198
  C:29CCH         LINE#         200
  C:29CCH         LINE#         201
  C:29CEH         LINE#         202
  C:29CEH         LINE#         203
  -------         ENDPROC       KEY_SCAN
  -------         PROC          KEY_PROCESS
  -------         DO            
  X:03DFH         SYMBOL        KeyCount
  X:03E1H         SYMBOL        KeyNum_Old
  X:03E2H         SYMBOL        KeyNum
  X:03E3H         SYMBOL        PressedKey
  X:03F0H         SYMBOL        d
  D:0004H         SYMBOL        hours
  D:0006H         SYMBOL        mins
  X:03F2H         SYMBOL        months
  X:03F4H         SYMBOL        days
  -------         ENDDO         
  C:2160H         LINE#         204
  C:2160H         LINE#         205
  C:2160H         LINE#         209
  C:2168H         LINE#         210
  C:2170H         LINE#         212
  C:2173H         LINE#         213
  C:2173H         LINE#         214
  C:2176H         LINE#         216
  C:2176H         LINE#         217
  C:2183H         LINE#         218
  C:2183H         LINE#         219
  C:2186H         LINE#         220
  C:2189H         LINE#         222
  C:218CH         LINE#         224
  C:218CH         LINE#         225
  C:2197H         LINE#         226
  C:2197H         LINE#         227
  C:219AH         LINE#         229
  C:219AH         LINE#         230
  C:21A1H         LINE#         231
  C:21A1H         LINE#         232
  C:21A4H         LINE#         234
  C:21A4H         LINE#         235
  C:21ACH         LINE#         236
  C:21ACH         LINE#         237
  C:21B6H         LINE#         238
  C:21BEH         LINE#         240
  C:21C7H         LINE#         242
  C:21C7H         LINE#         251
BL51 BANKED LINKER/LOCATER V6.22                                                      02/21/2019  12:45:49  PAGE 22


  C:21DCH         LINE#         252
  C:21DCH         LINE#         253
  C:21EEH         LINE#         254
  C:21FCH         LINE#         255
  C:220BH         LINE#         256
  C:220BH         LINE#         258
  C:2211H         LINE#         262
  C:2227H         LINE#         263
  C:2238H         LINE#         264
  C:2253H         LINE#         265
  C:2253H         LINE#         266
  C:2263H         LINE#         267
  C:2274H         LINE#         268
  C:2274H         LINE#         272
  C:228DH         LINE#         273
  C:22A4H         LINE#         274
  C:22C4H         LINE#         275
  C:22C4H         LINE#         276
  C:22CEH         LINE#         277
  C:22CEH         LINE#         278
  C:22D7H         LINE#         279
  C:22D7H         LINE#         280
  C:22EBH         LINE#         281
  C:22EBH         LINE#         282
  C:22EBH         LINE#         283
  C:22EBH         LINE#         284
  C:22EBH         LINE#         285
  C:22EDH         LINE#         287
  C:22EDH         LINE#         288
  C:22F9H         LINE#         289
  C:22F9H         LINE#         290
  C:230AH         LINE#         291
  C:230AH         LINE#         292
  C:230AH         LINE#         293
  C:230AH         LINE#         294
  C:230AH         LINE#         296
  C:230CH         LINE#         298
  C:230CH         LINE#         299
  C:231DH         LINE#         300
  C:231DH         LINE#         301
  C:231DH         LINE#         302
  C:231DH         LINE#         303
  C:231DH         LINE#         305
  C:231DH         LINE#         307
  C:231DH         LINE#         308
  C:231FH         LINE#         310
  C:231FH         LINE#         311
  C:2332H         LINE#         312
  C:2332H         LINE#         313
  C:2343H         LINE#         314
  C:2343H         LINE#         315
  C:2343H         LINE#         316
  C:2343H         LINE#         317
  C:2343H         LINE#         318
  C:2345H         LINE#         320
  C:2345H         LINE#         321
  C:2356H         LINE#         322
BL51 BANKED LINKER/LOCATER V6.22                                                      02/21/2019  12:45:49  PAGE 23


  C:2356H         LINE#         323
  C:2367H         LINE#         324
  C:2378H         LINE#         325
  C:2378H         LINE#         326
  C:2378H         LINE#         327
  C:2378H         LINE#         328
  C:2378H         LINE#         329
  C:237BH         LINE#         330
  C:2380H         LINE#         331
  C:2385H         LINE#         332
  C:238AH         LINE#         333
  C:238FH         LINE#         334
  C:2394H         LINE#         335
  C:2399H         LINE#         336
  C:239EH         LINE#         337
  C:239EH         LINE#         339
  C:23C0H         LINE#         340
  C:23C0H         LINE#         341
  C:23CAH         LINE#         342
  C:23CAH         LINE#         343
  C:23CFH         LINE#         344
  C:23D8H         LINE#         345
  C:23EFH         LINE#         346
  C:23EFH         LINE#         347
  C:23FFH         LINE#         349
  C:23FFH         LINE#         353
  -------         ENDPROC       KEY_PROCESS
  -------         PROC          KEYPAD_IO_INIT
  C:3F00H         LINE#         356
  C:3F00H         LINE#         357
  C:3F00H         LINE#         358
  C:3F03H         LINE#         359
  C:3F06H         LINE#         360
  C:3F09H         LINE#         361
  C:3F0BH         LINE#         362
  -------         ENDPROC       KEYPAD_IO_INIT
  -------         ENDMOD        KEYPAD

  -------         MODULE        BIPOLARMOTOR
  C:0000H         SYMBOL        _ICE_DUMMY_
  D:0080H         PUBLIC        P0
  D:0090H         PUBLIC        P1
  D:00A0H         PUBLIC        P2
  D:00B0H         PUBLIC        P3
  D:00C0H         PUBLIC        P4
  D:00C8H         PUBLIC        P5
  D:00E8H         PUBLIC        P6
  D:00F8H         PUBLIC        P7
  X:00D4H         PUBLIC        low_date_azimuth_mapping
  D:00A8H         PUBLIC        IE
  C:31C7H         PUBLIC        linear_interpolate
  C:3CD4H         PUBLIC        _Move
  D:00B8H         PUBLIC        IP
  C:26A4H         PUBLIC        _findDet3x3
  C:1BEFH         PUBLIC        _findDet4x4
  D:00D8H         PUBLIC        CCON
  X:00FCH         PUBLIC        previous_move_time
BL51 BANKED LINKER/LOCATER V6.22                                                      02/21/2019  12:45:49  PAGE 24


  D:0098H         PUBLIC        SCON
  D:0088H         PUBLIC        TCON
  C:3F3CH         PUBLIC        wait
  C:3BA4H         PUBLIC        _Step_move
  X:00FDH         PUBLIC        dat
  C:000EH         PUBLIC        _Update_position
  C:3A43H         PUBLIC        vOneStepMove
  X:0103H         PUBLIC        elevation_stamp
  X:013FH         PUBLIC        date_azimuth_mapping
  X:0167H         PUBLIC        RX_pos
  C:3DEBH         PUBLIC        _BCDtoDec1
  X:0177H         PUBLIC        degree
  D:00D0H         PUBLIC        PSW
  -------         PROC          L?0066
  -------         ENDPROC       L?0066
  -------         PROC          _BCDTODEC1
  D:0007H         SYMBOL        bcd
  -------         DO            
  D:0006H         SYMBOL        hi
  D:0007H         SYMBOL        lo
  -------         ENDDO         
  C:3DEBH         LINE#         28
  C:3DEBH         LINE#         29
  C:3DEBH         LINE#         31
  C:3DF0H         LINE#         32
  C:3DF4H         LINE#         33
  C:3DFBH         LINE#         34
  -------         ENDPROC       _BCDTODEC1
  -------         PROC          WAIT
  C:3F3CH         LINE#         36
  C:3F3CH         LINE#         38
  -------         ENDPROC       WAIT
  -------         PROC          VONESTEPMOVE
  B:0021H.0       SYMBOL        bDir
  C:3A43H         LINE#         40
  C:3A43H         LINE#         41
  C:3A43H         LINE#         43
  C:3A49H         LINE#         44
  C:3A49H         LINE#         45
  C:3A4CH         LINE#         46
  C:3A55H         LINE#         47
  C:3A5CH         LINE#         48
  C:3A61H         LINE#         49
  C:3A61H         LINE#         50
  C:3A61H         LINE#         52
  C:3A63H         LINE#         55
  C:3A63H         LINE#         56
  C:3A66H         LINE#         57
  C:3A6FH         LINE#         58
  C:3A76H         LINE#         59
  C:3A7CH         LINE#         60
  C:3A85H         LINE#         61
  C:3A8CH         LINE#         62
  C:3A8CH         LINE#         66
  -------         ENDPROC       VONESTEPMOVE
  -------         PROC          _STEP_MOVE
  X:03FFH         SYMBOL        step
BL51 BANKED LINKER/LOCATER V6.22                                                      02/21/2019  12:45:49  PAGE 25


  B:0021H.1       SYMBOL        dir
  -------         DO            
  X:0401H         SYMBOL        i
  -------         ENDDO         
  C:3BA4H         LINE#         68
  C:3BACH         LINE#         69
  C:3BACH         LINE#         71
  C:3BB1H         LINE#         74
  C:3BCCH         LINE#         75
  C:3BCCH         LINE#         76
  C:3BD3H         LINE#         78
  C:3BE3H         LINE#         80
  -------         ENDPROC       _STEP_MOVE
  -------         PROC          _MOVE
  X:0403H         SYMBOL        distance
  B:0021H.2       SYMBOL        direction
  -------         DO            
  D:0006H         SYMBOL        step
  -------         ENDDO         
  C:3CD4H         LINE#         82
  C:3CDAH         LINE#         83
  C:3CDAH         LINE#         86
  C:3CF5H         LINE#         87
  -------         ENDPROC       _MOVE
  C:2685H         SYMBOL        L?0062
  C:2699H         SYMBOL        L?0063
  -------         PROC          L?0061
  -------         ENDPROC       L?0061
  C:2685H         SYMBOL        L?0062
  C:2699H         SYMBOL        L?0063
  -------         PROC          _FINDDET3X3
  X:0362H         SYMBOL        a11
  X:0366H         SYMBOL        a12
  X:036AH         SYMBOL        a13
  X:036EH         SYMBOL        a21
  X:0372H         SYMBOL        a22
  X:0376H         SYMBOL        a23
  X:037AH         SYMBOL        a31
  X:037EH         SYMBOL        a32
  X:0382H         SYMBOL        a33
  C:26A4H         LINE#         91
  C:26AAH         LINE#         95
  C:26AAH         LINE#         96
  C:2841H         LINE#         98
  -------         ENDPROC       _FINDDET3X3
  -------         PROC          _FINDDET4X4
  X:02FBH         SYMBOL        a11
  X:02FFH         SYMBOL        a12
  X:0303H         SYMBOL        a13
  X:0307H         SYMBOL        a14
  X:030BH         SYMBOL        a21
  X:030FH         SYMBOL        a22
  X:0313H         SYMBOL        a23
  X:0317H         SYMBOL        a24
  X:031BH         SYMBOL        a31
  X:031FH         SYMBOL        a32
  X:0323H         SYMBOL        a33
BL51 BANKED LINKER/LOCATER V6.22                                                      02/21/2019  12:45:49  PAGE 26


  X:0327H         SYMBOL        a34
  X:032BH         SYMBOL        a41
  X:032FH         SYMBOL        a42
  X:0333H         SYMBOL        a43
  X:0337H         SYMBOL        a44
  C:1BEFH         LINE#         99
  C:1BF5H         LINE#         103
  C:1BF5H         LINE#         110
  C:1EAEH         LINE#         114
  -------         ENDPROC       _FINDDET4X4
  C:31B6H         SYMBOL        L?0065
  -------         PROC          L?0064
  -------         ENDPROC       L?0064
  C:31B6H         SYMBOL        L?0065
  -------         PROC          LINEAR_INTERPOLATE
  X:039EH         SYMBOL        p1
  X:03A6H         SYMBOL        p2
  X:03AEH         SYMBOL        x
  -------         DO            
  D:0004H         SYMBOL        fx
  -------         ENDDO         
  C:31C7H         LINE#         120
  C:31C7H         LINE#         121
  C:31C7H         LINE#         124
  C:3266H         LINE#         126
  C:3266H         LINE#         127
  -------         ENDPROC       LINEAR_INTERPOLATE
  -------         PROC          _UPDATE_POSITION
  D:0001H         SYMBOL        mnths
  D:0002H         SYMBOL        dys
  X:017DH         SYMBOL        hurs
  X:017EH         SYMBOL        mns
  X:017FH         SYMBOL        sconds
  X:0180H         SYMBOL        currnt_pos
  X:0183H         SYMBOL        offset_calib
  -------         DO            
  X:0187H         SYMBOL        date
  X:0189H         SYMBOL        i
  X:018BH         SYMBOL        yy
  X:018DH         SYMBOL        desired_distance
  X:0191H         SYMBOL        distance
  X:0195H         SYMBOL        JP_pos
  X:0199H         SYMBOL        pos_interpolate_azimuth
  X:01D5H         SYMBOL        current_local_sun_time
  X:01D9H         SYMBOL        azimuth
  X:01DDH         SYMBOL        elevation
  X:01E1H         SYMBOL        time_offset
  X:01E5H         SYMBOL        UTC_time
  X:01E9H         SYMBOL        declination
  X:01EDH         SYMBOL        p1
  X:01F5H         SYMBOL        p2
  X:01FDH         SYMBOL        time
  X:020FH         SYMBOL        location
  X:0217H         SYMBOL        sunCoord
  -------         ENDDO         
  C:000EH         LINE#         131
  C:0017H         LINE#         134
BL51 BANKED LINKER/LOCATER V6.22                                                      02/21/2019  12:45:49  PAGE 27


  C:0017H         LINE#         135
  C:0022H         LINE#         137
  C:003EH         LINE#         138
  C:0048H         LINE#         146
  C:0052H         LINE#         147
  C:005CH         LINE#         148
  C:0066H         LINE#         149
  C:0071H         LINE#         150
  C:007CH         LINE#         151
  C:0095H         LINE#         152
  C:00A6H         LINE#         153
  C:00B5H         LINE#         156
  C:00C9H         LINE#         160
  C:011BH         LINE#         161
  C:027FH         LINE#         162
  C:02CFH         LINE#         164
  C:03F7H         LINE#         166
  C:04C6H         LINE#         173
  C:050DH         LINE#         174
  C:050DH         LINE#         176
  C:0527H         LINE#         177
  C:0527H         LINE#         178
  C:0597H         LINE#         179
  C:0597H         LINE#         180
  C:059EH         LINE#         181
  C:059EH         LINE#         182
  C:05CBH         LINE#         183
  C:05E6H         LINE#         185
  C:062DH         LINE#         186
  C:0661H         LINE#         188
  C:06A7H         LINE#         189
  C:06CAH         LINE#         191
  C:06CAH         LINE#         193
  C:0740H         LINE#         194
  C:0740H         LINE#         195
  C:0747H         LINE#         196
  C:0747H         LINE#         197
  C:0774H         LINE#         198
  C:078FH         LINE#         200
  C:07D6H         LINE#         201
  C:080AH         LINE#         203
  C:0850H         LINE#         204
  C:0870H         LINE#         206
  C:0870H         LINE#         207
  C:0881H         LINE#         210
  C:089BH         LINE#         211
  C:089BH         LINE#         212
  C:090BH         LINE#         213
  C:090BH         LINE#         214
  C:0938H         LINE#         215
  C:0953H         LINE#         217
  C:0980H         LINE#         218
  C:099BH         LINE#         220
  C:09CDH         LINE#         223
  C:09CDH         LINE#         225
  C:09DEH         LINE#         227
  C:0A0DH         LINE#         229
BL51 BANKED LINKER/LOCATER V6.22                                                      02/21/2019  12:45:49  PAGE 28


  C:0A32H         LINE#         230
  C:0A97H         LINE#         231
  C:0A97H         LINE#         232
  C:0AB1H         LINE#         233
  C:0AC3H         LINE#         234
  C:0ADBH         LINE#         235
  C:0AF1H         LINE#         237
  C:0B0DH         LINE#         238
  C:0B0DH         LINE#         239
  C:0B0DH         LINE#         242
  -------         ENDPROC       _UPDATE_POSITION
  -------         ENDMOD        BIPOLARMOTOR

  -------         MODULE        SUNPOS
  C:0000H         SYMBOL        _ICE_DUMMY_
  C:144DH         PUBLIC        sunpos
  -------         PROC          SUNPOS
  X:029EH         SYMBOL        udtTime
  X:02B0H         SYMBOL        udtLocation
  X:02B8H         SYMBOL        udtSunCoordinates
  -------         DO            
  X:02BBH         SYMBOL        dElapsedJulianDays
  X:02BFH         SYMBOL        dDecimalHours
  X:02C3H         SYMBOL        dEclipticLongitude
  X:02C7H         SYMBOL        dEclipticObliquity
  X:02CBH         SYMBOL        dRightAscension
  X:02CFH         SYMBOL        dDeclination
  X:02D3H         SYMBOL        dY
  X:02D7H         SYMBOL        dX
  -------         DO            
  X:02DBH         SYMBOL        dJulianDate
  X:02DFH         SYMBOL        liAux1
  X:02E3H         SYMBOL        liAux2
  X:02DBH         SYMBOL        dMeanLongitude
  X:02DFH         SYMBOL        dMeanAnomaly
  X:02E3H         SYMBOL        dOmega
  X:02DBH         SYMBOL        dSin_EclipticLongitude
  X:02DBH         SYMBOL        dGreenwichMeanSiderealTime
  X:02DFH         SYMBOL        dLocalMeanSiderealTime
  X:02E3H         SYMBOL        dLatitudeInRadians
  X:02E7H         SYMBOL        dHourAngle
  X:02EBH         SYMBOL        dCos_Latitude
  X:02EFH         SYMBOL        dSin_Latitude
  X:02F3H         SYMBOL        dCos_HourAngle
  X:02F7H         SYMBOL        dParallax
  -------         ENDDO         
  -------         DO            
  X:02DBH         SYMBOL        dMeanLongitude
  X:02DFH         SYMBOL        dMeanAnomaly
  X:02E3H         SYMBOL        dOmega
  X:02DBH         SYMBOL        dSin_EclipticLongitude
  X:02DBH         SYMBOL        dGreenwichMeanSiderealTime
  X:02DFH         SYMBOL        dLocalMeanSiderealTime
  X:02E3H         SYMBOL        dLatitudeInRadians
  X:02E7H         SYMBOL        dHourAngle
  X:02EBH         SYMBOL        dCos_Latitude
  X:02EFH         SYMBOL        dSin_Latitude
BL51 BANKED LINKER/LOCATER V6.22                                                      02/21/2019  12:45:49  PAGE 29


  X:02F3H         SYMBOL        dCos_HourAngle
  X:02F7H         SYMBOL        dParallax
  -------         ENDDO         
  -------         DO            
  X:02DBH         SYMBOL        dSin_EclipticLongitude
  X:02DBH         SYMBOL        dGreenwichMeanSiderealTime
  X:02DFH         SYMBOL        dLocalMeanSiderealTime
  X:02E3H         SYMBOL        dLatitudeInRadians
  X:02E7H         SYMBOL        dHourAngle
  X:02EBH         SYMBOL        dCos_Latitude
  X:02EFH         SYMBOL        dSin_Latitude
  X:02F3H         SYMBOL        dCos_HourAngle
  X:02F7H         SYMBOL        dParallax
  -------         ENDDO         
  -------         DO            
  X:02DBH         SYMBOL        dGreenwichMeanSiderealTime
  X:02DFH         SYMBOL        dLocalMeanSiderealTime
  X:02E3H         SYMBOL        dLatitudeInRadians
  X:02E7H         SYMBOL        dHourAngle
  X:02EBH         SYMBOL        dCos_Latitude
  X:02EFH         SYMBOL        dSin_Latitude
  X:02F3H         SYMBOL        dCos_HourAngle
  X:02F7H         SYMBOL        dParallax
  -------         ENDDO         
  -------         ENDDO         
  C:144DH         LINE#         6
  C:144DH         LINE#         7
  C:144DH         LINE#         9
  C:144DH         LINE#         27
  C:1497H         LINE#         30
  C:14B8H         LINE#         31
  C:15FFH         LINE#         34
  C:164BH         LINE#         36
  C:166AH         LINE#         37
  C:166AH         LINE#         42
  C:166AH         LINE#         46
  C:169CH         LINE#         47
  C:16C6H         LINE#         48
  C:16F0H         LINE#         49
  C:179DH         LINE#         52
  C:17FEH         LINE#         54
  C:17FEH         LINE#         59
  C:17FEH         LINE#         61
  C:1815H         LINE#         62
  C:183DH         LINE#         63
  C:1854H         LINE#         64
  C:187FH         LINE#         65
  C:18B6H         LINE#         66
  C:18E1H         LINE#         67
  C:18E1H         LINE#         70
  C:18E1H         LINE#         79
  C:191CH         LINE#         82
  C:1956H         LINE#         84
  C:197BH         LINE#         85
  C:199AH         LINE#         86
  C:19B1H         LINE#         87
  C:19C8H         LINE#         88
BL51 BANKED LINKER/LOCATER V6.22                                                      02/21/2019  12:45:49  PAGE 30


  C:19DFH         LINE#         89
  C:1A68H         LINE#         91
  C:1A82H         LINE#         92
  C:1AE4H         LINE#         93
  C:1B1AH         LINE#         94
  C:1B2CH         LINE#         95
  C:1B59H         LINE#         96
  C:1B86H         LINE#         98
  C:1BA8H         LINE#         100
  C:1BE0H         LINE#         103
  C:1BE0H         LINE#         104
  C:1BEEH         LINE#         105
  -------         ENDPROC       SUNPOS
  -------         ENDMOD        SUNPOS

  -------         MODULE        ADC
  C:0000H         SYMBOL        _ICE_DUMMY_
  D:0092H         PUBLIC        P1M0
  D:0091H         PUBLIC        P1M1
  D:0080H         PUBLIC        P0
  D:0090H         PUBLIC        P1
  D:00A0H         PUBLIC        P2
  D:00B0H         PUBLIC        P3
  D:00C0H         PUBLIC        P4
  D:00C8H         PUBLIC        P5
  D:00E8H         PUBLIC        P6
  D:00F8H         PUBLIC        P7
  D:00A8H         PUBLIC        IE
  D:00BDH         PUBLIC        ADC_RES
  D:00B8H         PUBLIC        IP
  D:0097H         PUBLIC        CLK_DIV
  D:00D8H         PUBLIC        CCON
  D:00BCH         PUBLIC        ADC_CONTR
  D:0098H         PUBLIC        SCON
  D:0088H         PUBLIC        TCON
  B:00A0H.4       PUBLIC        P24
  B:00A0H.5       PUBLIC        P25
  B:00A0H.6       PUBLIC        P26
  C:3D87H         PUBLIC        ADC_Init
  C:3C52H         PUBLIC        _ADC_GetResult
  D:009DH         PUBLIC        P1ASF
  D:00BEH         PUBLIC        ADC_RESL
  D:00D0H         PUBLIC        PSW
  -------         PROC          ADC_INIT
  C:3D87H         LINE#         7
  C:3D87H         LINE#         8
  C:3D87H         LINE#         10
  C:3D89H         LINE#         11
  C:3D8BH         LINE#         12
  C:3D8DH         LINE#         13
  C:3D90H         LINE#         14
  C:3D93H         LINE#         15
  C:3D96H         LINE#         16
  C:3D99H         LINE#         18
  C:3D9BH         LINE#         19
  C:3D9DH         LINE#         20
  C:3DA0H         LINE#         22
BL51 BANKED LINKER/LOCATER V6.22                                                      02/21/2019  12:45:49  PAGE 31


  -------         ENDPROC       ADC_INIT
  -------         PROC          _ADC_GETRESULT
  D:0007H         SYMBOL        ch
  -------         DO            
  D:0006H         SYMBOL        ADC_Value_H
  D:0004H         SYMBOL        ADC_Value_L
  D:0006H         SYMBOL        ADC_Value
  -------         ENDDO         
  C:3C52H         LINE#         27
  C:3C52H         LINE#         28
  C:3C52H         LINE#         30
  C:3C57H         LINE#         31
  C:3C58H         LINE#         32
  C:3C59H         LINE#         33
  C:3C5AH         LINE#         34
  C:3C5BH         LINE#         35
  C:3C60H         LINE#         36
  C:3C63H         LINE#         37
  C:3C67H         LINE#         38
  C:3C6BH         LINE#         40
  C:3C7DH         LINE#         41
  C:3C7DH         LINE#         42
  -------         ENDPROC       _ADC_GETRESULT
  -------         ENDMOD        ADC

  -------         MODULE        CALIBRATION
  C:0000H         SYMBOL        _ICE_DUMMY_
  D:0080H         PUBLIC        P0
  D:0090H         PUBLIC        P1
  D:00A0H         PUBLIC        P2
  D:00B0H         PUBLIC        P3
  D:00C0H         PUBLIC        P4
  D:00C8H         PUBLIC        P5
  D:00E8H         PUBLIC        P6
  D:00F8H         PUBLIC        P7
  C:366BH         PUBLIC        _Max_Value
  D:00A8H         PUBLIC        IE
  C:2FE5H         PUBLIC        _calibration
  C:3267H         PUBLIC        voltage_is_stable
  D:00B8H         PUBLIC        IP
  D:00D8H         PUBLIC        CCON
  D:0098H         PUBLIC        SCON
  D:0088H         PUBLIC        TCON
  C:1EAFH         PUBLIC        _Find_Real_Max
  D:00D0H         PUBLIC        PSW
  -------         PROC          VOLTAGE_IS_STABLE
  -------         DO            
  X:0386H         SYMBOL        sample_voltage
  X:039AH         SYMBOL        i
  X:039CH         SYMBOL        ch
  -------         ENDDO         
  C:3267H         LINE#         19
  C:3267H         LINE#         20
  C:3267H         LINE#         22
  C:326EH         LINE#         23
  C:3274H         LINE#         24
  C:3274H         LINE#         25
BL51 BANKED LINKER/LOCATER V6.22                                                      02/21/2019  12:45:49  PAGE 32


  C:329DH         LINE#         26
  C:32BCH         LINE#         28
  C:32D6H         LINE#         29
  C:32D6H         LINE#         30
  C:3309H         LINE#         31
  C:330DH         LINE#         32
  C:331DH         LINE#         33
  C:3321H         LINE#         34
  -------         ENDPROC       VOLTAGE_IS_STABLE
  -------         PROC          _FIND_REAL_MAX
  X:021AH         SYMBOL        current_position
  -------         DO            
  X:021DH         SYMBOL        ch
  X:021EH         SYMBOL        calib_step_move
  X:0222H         SYMBOL        voltage_at_scanned_pos
  X:029AH         SYMBOL        max_location
  X:029CH         SYMBOL        i
  -------         ENDDO         
  C:1EAFH         LINE#         35
  C:1EBAH         LINE#         36
  C:1EBAH         LINE#         37
  C:1EBDH         LINE#         38
  C:1EC5H         LINE#         42
  C:1EDEH         LINE#         43
  C:1EDEH         LINE#         44
  C:1EF3H         LINE#         45
  C:1F03H         LINE#         46
  C:1F0AH         LINE#         47
  C:1F0AH         LINE#         48
  C:1F15H         LINE#         49
  C:1F15H         LINE#         50
  C:1F28H         LINE#         51
  C:1F4EH         LINE#         52
  C:1F76H         LINE#         53
  C:1F79H         LINE#         55
  C:1F79H         LINE#         57
  C:1F8BH         LINE#         58
  C:1FABH         LINE#         61
  C:1FD2H         LINE#         63
  C:202EH         LINE#         64
  C:2031H         LINE#         65
  C:2031H         LINE#         69
  C:2036H         LINE#         70
  C:203BH         LINE#         72
  C:2040H         LINE#         73
  C:2045H         LINE#         74
  C:204AH         LINE#         75
  C:204FH         LINE#         78
  C:2086H         LINE#         79
  C:208BH         LINE#         80
  C:2090H         LINE#         81
  C:2097H         LINE#         82
  C:20B9H         LINE#         96
  C:20C8H         LINE#         97
  C:20C8H         LINE#         98
  C:20D9H         LINE#         100
  C:20FBH         LINE#         101
BL51 BANKED LINKER/LOCATER V6.22                                                      02/21/2019  12:45:49  PAGE 33


  C:2158H         LINE#         102
  C:215FH         LINE#         103
  C:215FH         LINE#         105
  -------         ENDPROC       _FIND_REAL_MAX
  -------         PROC          _MAX_VALUE
  D:0001H         SYMBOL        input
  -------         DO            
  D:0004H         SYMBOL        max
  X:0407H         SYMBOL        max_location
  X:0409H         SYMBOL        i
  -------         ENDDO         
  C:366BH         LINE#         108
  C:366BH         LINE#         109
  C:366BH         LINE#         110
  C:3676H         LINE#         112
  C:368BH         LINE#         113
  C:368BH         LINE#         114
  C:36C1H         LINE#         115
  C:36DEH         LINE#         116
  C:36EDH         LINE#         117
  C:36FEH         LINE#         118
  C:3706H         LINE#         120
  -------         ENDPROC       _MAX_VALUE
  -------         PROC          _CALIBRATION
  X:03B2H         SYMBOL        mnths
  X:03B3H         SYMBOL        dys
  X:03B4H         SYMBOL        hurs
  X:03B5H         SYMBOL        mns
  X:03B6H         SYMBOL        sconds
  X:03B7H         SYMBOL        currnt_pos
  -------         DO            
  X:03BAH         SYMBOL        calib_value
  X:03BEH         SYMBOL        theorical_max_pos
  X:03C2H         SYMBOL        JP_max_pos
  -------         ENDDO         
  C:2FE5H         LINE#         122
  C:2FF0H         LINE#         125
  C:2FF0H         LINE#         126
  C:2FFAH         LINE#         127
  C:300EH         LINE#         129
  C:3018H         LINE#         130
  C:3018H         LINE#         132
  C:304EH         LINE#         133
  C:306CH         LINE#         135
  C:3075H         LINE#         136
  C:3098H         LINE#         137
  C:30B4H         LINE#         138
  C:30C3H         LINE#         139
  C:30C3H         LINE#         141
  C:30C8H         LINE#         142
  -------         ENDPROC       _CALIBRATION
  -------         ENDMOD        CALIBRATION

  -------         MODULE        IOEXPANDER_PI4IOE5V96248
  C:0000H         SYMBOL        _ICE_DUMMY_
  D:0080H         PUBLIC        P0
  B:00C8H.4       PUBLIC        I2C_SCK
BL51 BANKED LINKER/LOCATER V6.22                                                      02/21/2019  12:45:49  PAGE 34


  D:0090H         PUBLIC        P1
  D:00A0H         PUBLIC        P2
  D:00B0H         PUBLIC        P3
  D:00C0H         PUBLIC        P4
  D:00C8H         PUBLIC        P5
  D:00E8H         PUBLIC        P6
  D:00F8H         PUBLIC        P7
  D:00A8H         PUBLIC        IE
  D:00B8H         PUBLIC        IP
  D:00D8H         PUBLIC        CCON
  C:3EC6H         PUBLIC        I2C_Start
  D:0098H         PUBLIC        SCON
  D:0088H         PUBLIC        TCON
  C:33D4H         PUBLIC        _Write_PI4IOE5V96248
  C:3ED5H         PUBLIC        uC_NACK
  C:3C8BH         PUBLIC        _Wait_ms_i2c
  C:3D01H         PUBLIC        _I2C_SendByte
  C:3E56H         PUBLIC        I2C_Stop
  C:3F3DH         PUBLIC        nop
  C:3F2CH         PUBLIC        uC_ACK
  C:3E2BH         PUBLIC        I2C_ACK
  B:00C0H.7       PUBLIC        I2C_SDA
  D:00D0H         PUBLIC        PSW
  C:3C85H         SYMBOL        L?0031
  C:3C87H         SYMBOL        L?0032
  -------         PROC          L?0030
  -------         ENDPROC       L?0030
  C:3C85H         SYMBOL        L?0031
  C:3C87H         SYMBOL        L?0032
  -------         PROC          _WAIT_MS_I2C
  D:0006H         SYMBOL        ms
  -------         DO            
  D:0004H         SYMBOL        De_Cnt
  -------         ENDDO         
  C:3C8BH         LINE#         7
  C:3C8BH         LINE#         8
[...]
  C:39B3H         LINE#         36
  C:39B3H         LINE#         37
  C:39B3H         LINE#         38
  C:39B6H         LINE#         39
  C:39BAH         LINE#         42
  C:39D9H         LINE#         44
  C:39DBH         LINE#         45
  C:39E2H         LINE#         46
  C:39E9H         LINE#         48
  -------         ENDPROC       AT25SF041_CHIPERASE
  -------         PROC          AT25SF041_WRITEENABLE
  -------         DO            
  X:035AH         SYMBOL        i
  D:0003H         SYMBOL        write_en
  -------         ENDDO         
  C:3AD7H         LINE#         49
  C:3AD7H         LINE#         50
  C:3AD7H         LINE#         53
  C:3AD9H         LINE#         54
  C:3ADBH         LINE#         57
  C:3AE2H         LINE#         58
BL51 BANKED LINKER/LOCATER V6.22                                                      02/21/2019  12:45:49  PAGE 39


  C:3AE2H         LINE#         59
  C:3AE4H         LINE#         60
  C:3AE7H         LINE#         61
  C:3AEBH         LINE#         62
  C:3AEBH         LINE#         63
  C:3AEDH         LINE#         64
  C:3AEFH         LINE#         66
  C:3AEFH         LINE#         67
  C:3AF1H         LINE#         69
  C:3AF1H         LINE#         70
  C:3AF1H         LINE#         71
  C:3AF1H         LINE#         72
  C:3AF4H         LINE#         73
  C:3AF8H         LINE#         76
  C:3B17H         LINE#         77
  C:3B19H         LINE#         78
  -------         ENDPROC       AT25SF041_WRITEENABLE
  -------         PROC          _AT25SF041_WRITE
  D:0003H         SYMBOL        opcode
  X:035BH         SYMBOL        addr
  X:035FH         SYMBOL        dat
  -------         DO            
  X:0360H         SYMBOL        i
  -------         ENDDO         
  C:2EF1H         LINE#         83
  C:2EF3H         LINE#         84
  C:2EF3H         LINE#         85
  C:2EF3H         LINE#         86
  C:2EF5H         LINE#         87
  C:2EF8H         LINE#         90
  C:2EFFH         LINE#         91
  C:2EFFH         LINE#         92
  C:2F01H         LINE#         93
  C:2F04H         LINE#         94
  C:2F08H         LINE#         95
  C:2F08H         LINE#         96
  C:2F0AH         LINE#         97
  C:2F0CH         LINE#         99
  C:2F0CH         LINE#         100
  C:2F0EH         LINE#         102
  C:2F0EH         LINE#         103
  C:2F0EH         LINE#         104
  C:2F0EH         LINE#         105
  C:2F11H         LINE#         106
  C:2F15H         LINE#         109
  C:2F34H         LINE#         111
  C:2F3BH         LINE#         112
  C:2F3BH         LINE#         113
  C:2F3DH         LINE#         114
  C:2F40H         LINE#         115
  C:2F59H         LINE#         116
  C:2F59H         LINE#         117
  C:2F5BH         LINE#         118
  C:2F5DH         LINE#         120
  C:2F5DH         LINE#         121
  C:2F5FH         LINE#         123
  C:2F5FH         LINE#         124
BL51 BANKED LINKER/LOCATER V6.22                                                      02/21/2019  12:45:49  PAGE 40


  C:2F5FH         LINE#         125
  C:2F5FH         LINE#         126
  C:2F62H         LINE#         127
  C:2F7BH         LINE#         129
  C:2F9AH         LINE#         131
  C:2FA1H         LINE#         132
  C:2FA1H         LINE#         133
  C:2FA3H         LINE#         134
  C:2FA6H         LINE#         135
  C:2FADH         LINE#         136
  C:2FADH         LINE#         137
  C:2FAFH         LINE#         138
  C:2FB1H         LINE#         140
  C:2FB1H         LINE#         141
  C:2FB3H         LINE#         143
  C:2FB3H         LINE#         144
  C:2FB3H         LINE#         145
  C:2FB3H         LINE#         146
  C:2FB6H         LINE#         147
  C:2FBDH         LINE#         149
  C:2FDCH         LINE#         151
  C:2FDEH         LINE#         152
  -------         ENDPROC       _AT25SF041_WRITE
  -------         PROC          _AT25SF041_READ
  D:0003H         SYMBOL        opcode
  X:035BH         SYMBOL        addr
  -------         DO            
  X:035FH         SYMBOL        dat
  X:0360H         SYMBOL        i
  -------         ENDDO         
  C:2DEBH         LINE#         156
  C:2DEDH         LINE#         157
  C:2DEDH         LINE#         158
  C:2DF2H         LINE#         160
  C:2DF4H         LINE#         161
  C:2DFAH         LINE#         165
  C:2DFFH         LINE#         166
  C:2DFFH         LINE#         167
  C:2E01H         LINE#         168
  C:2E04H         LINE#         169
  C:2E08H         LINE#         170
  C:2E08H         LINE#         171
  C:2E0AH         LINE#         172
  C:2E0CH         LINE#         174
  C:2E0CH         LINE#         175
  C:2E0EH         LINE#         177
  C:2E0EH         LINE#         178
  C:2E0EH         LINE#         179
  C:2E0EH         LINE#         180
  C:2E11H         LINE#         181
  C:2E15H         LINE#         184
  C:2E34H         LINE#         186
  C:2E3BH         LINE#         187
  C:2E3BH         LINE#         188
  C:2E3DH         LINE#         189
  C:2E40H         LINE#         190
  C:2E59H         LINE#         191
BL51 BANKED LINKER/LOCATER V6.22                                                      02/21/2019  12:45:49  PAGE 41


  C:2E59H         LINE#         192
  C:2E5BH         LINE#         193
  C:2E5DH         LINE#         195
  C:2E5DH         LINE#         196
  C:2E5FH         LINE#         198
  C:2E5FH         LINE#         199
  C:2E5FH         LINE#         200
  C:2E5FH         LINE#         201
  C:2E62H         LINE#         202
  C:2E7BH         LINE#         204
  C:2E9AH         LINE#         207
  C:2EA1H         LINE#         209
  C:2EA3H         LINE#         210
  C:2EAAH         LINE#         212
  C:2EB1H         LINE#         213
  C:2EB1H         LINE#         214
  C:2EB8H         LINE#         215
  C:2EB8H         LINE#         216
  C:2EBBH         LINE#         217
  C:2EBDH         LINE#         218
  C:2EC0H         LINE#         220
  C:2EC3H         LINE#         221
  C:2EC3H         LINE#         223
  C:2EC7H         LINE#         224
  C:2EC7H         LINE#         230
  C:2EE6H         LINE#         233
  C:2EE8H         LINE#         234
  C:2EEBH         LINE#         235
  C:2EF0H         LINE#         237
  -------         ENDPROC       _AT25SF041_READ
  -------         PROC          READ_STATUS_REGISTER_BYTE1
  -------         DO            
  D:0003H         SYMBOL        dat
  D:0001H         SYMBOL        opcode
  X:035CH         SYMBOL        count
  X:035DH         SYMBOL        i
  -------         ENDDO         
  C:352DH         LINE#         241
  C:352DH         LINE#         242
  C:352DH         LINE#         243
  C:3533H         LINE#         244
  C:3537H         LINE#         245
  C:3539H         LINE#         246
  C:353BH         LINE#         247
  C:3541H         LINE#         251
  C:3548H         LINE#         252
  C:3548H         LINE#         253
  C:354AH         LINE#         254
  C:354DH         LINE#         255
  C:3551H         LINE#         256
  C:3551H         LINE#         257
  C:3553H         LINE#         258
  C:3555H         LINE#         260
  C:3555H         LINE#         261
  C:3557H         LINE#         263
  C:3557H         LINE#         264
  C:3557H         LINE#         265
BL51 BANKED LINKER/LOCATER V6.22                                                      02/21/2019  12:45:49  PAGE 42


  C:3557H         LINE#         266
  C:355AH         LINE#         267
  C:355EH         LINE#         270
  C:357DH         LINE#         274
  C:3584H         LINE#         276
  C:3586H         LINE#         277
  C:358DH         LINE#         278
  C:3594H         LINE#         279
  C:3594H         LINE#         280
  C:3598H         LINE#         281
  C:3598H         LINE#         282
  C:359BH         LINE#         283
  C:359DH         LINE#         284
  C:35A0H         LINE#         286
  C:35A3H         LINE#         287
  C:35A3H         LINE#         289
  C:35A7H         LINE#         290
  C:35A7H         LINE#         292
  C:35C6H         LINE#         296
  C:35C8H         LINE#         297
  C:35CBH         LINE#         298
  C:35CDH         LINE#         299
  -------         ENDPROC       READ_STATUS_REGISTER_BYTE1
  -------         ENDMOD        AT25SF041

  -------         MODULE        ?C_STARTUP
  C:379CH         SEGMENT       ?C_C51STARTUP
  I:0022H         SEGMENT       ?STACK
  C:0000H         PUBLIC        ?C_STARTUP
  D:00E0H         SYMBOL        ACC
  D:00F0H         SYMBOL        B
  D:0083H         SYMBOL        DPH
  D:0082H         SYMBOL        DPL
  N:0000H         SYMBOL        IBPSTACK
  N:0100H         SYMBOL        IBPSTACKTOP
  N:0080H         SYMBOL        IDATALEN
  C:379FH         SYMBOL        IDATALOOP
  N:0000H         SYMBOL        PBPSTACK
  N:0100H         SYMBOL        PBPSTACKTOP
  N:0000H         SYMBOL        PDATALEN
  N:0000H         SYMBOL        PDATASTART
  N:0000H         SYMBOL        PPAGE
  N:0000H         SYMBOL        PPAGEENABLE
  D:00A0H         SYMBOL        PPAGE_SFR
  D:0081H         SYMBOL        SP
  C:379CH         SYMBOL        STARTUP1
  N:0000H         SYMBOL        XBPSTACK
  N:0000H         SYMBOL        XBPSTACKTOP
  N:0000H         SYMBOL        XDATALEN
  N:0000H         SYMBOL        XDATASTART
  C:0000H         LINE#         126
  C:379CH         LINE#         133
  C:379EH         LINE#         134
  C:379FH         LINE#         135
  C:37A0H         LINE#         136
  C:37A2H         LINE#         185
  C:37A5H         LINE#         196
BL51 BANKED LINKER/LOCATER V6.22                                                      02/21/2019  12:45:49  PAGE 43


  -------         ENDMOD        ?C_STARTUP

  -------         MODULE        ?C?FPADD
  C:0B15H         PUBLIC        ?C?FPADD
  C:0B11H         PUBLIC        ?C?FPSUB
  -------         ENDMOD        ?C?FPADD

  -------         MODULE        ?C?FPMUL
  C:0C06H         PUBLIC        ?C?FPMUL
  -------         ENDMOD        ?C?FPMUL

  -------         MODULE        ?C?FPDIV
  C:0D0FH         PUBLIC        ?C?FPDIV
  -------         ENDMOD        ?C?FPDIV

  -------         MODULE        ?C?FPCMP
  C:0DAEH         PUBLIC        ?C?FPCMP
  C:0DACH         PUBLIC        ?C?FPCMP3
  -------         ENDMOD        ?C?FPCMP

  -------         MODULE        ?C?FPNEG
  C:0E25H         PUBLIC        ?C?FPNEG
  -------         ENDMOD        ?C?FPNEG

  -------         MODULE        ?C?FCAST
  C:0E40H         PUBLIC        ?C?FCASTC
  C:0E3BH         PUBLIC        ?C?FCASTI
  C:0E36H         PUBLIC        ?C?FCASTL
  -------         ENDMOD        ?C?FCAST

  -------         MODULE        ?C?CASTF
  C:0E74H         PUBLIC        ?C?CASTF
  -------         ENDMOD        ?C?CASTF

  -------         MODULE        ATAN2
  X:03E8H         PUBLIC        ?_atan2?BYTE
  C:35CEH         PUBLIC        _atan2
  -------         ENDMOD        ATAN2

  -------         MODULE        SIN
  C:2A17H         PUBLIC        _COS
  C:2A2DH         PUBLIC        _SIN
  C:2A69H         PUBLIC        _TAN
  -------         ENDMOD        SIN

  -------         MODULE        ACOS
  C:3A8DH         PUBLIC        _ACOS
  -------         ENDMOD        ACOS

  -------         MODULE        ASIN
  C:3BE4H         PUBLIC        _ASIN
  -------         ENDMOD        ASIN

  -------         MODULE        SQRT
  C:3485H         PUBLIC        _SQRT
  -------         ENDMOD        SQRT

BL51 BANKED LINKER/LOCATER V6.22                                                      02/21/2019  12:45:49  PAGE 44


  -------         MODULE        ATAN
  C:2CE9H         PUBLIC        _ATAN
  -------         ENDMOD        ATAN

  -------         MODULE        ?C?COPY
  C:1012H         PUBLIC        ?C?COPY
  -------         ENDMOD        ?C?COPY

  -------         MODULE        ?C?CLDPTR
  C:1038H         PUBLIC        ?C?CLDPTR
  -------         ENDMOD        ?C?CLDPTR

  -------         MODULE        ?C?CLDOPTR
  C:1051H         PUBLIC        ?C?CLDOPTR
  -------         ENDMOD        ?C?CLDOPTR

  -------         MODULE        ?C?CSTPTR
  C:107EH         PUBLIC        ?C?CSTPTR
  -------         ENDMOD        ?C?CSTPTR

  -------         MODULE        ?C?IMUL
  C:1090H         PUBLIC        ?C?IMUL
  -------         ENDMOD        ?C?IMUL

  -------         MODULE        ?C?UIDIV
  C:10A2H         PUBLIC        ?C?UIDIV
  -------         ENDMOD        ?C?UIDIV

  -------         MODULE        ?C?SIDIV
  C:10F7H         PUBLIC        ?C?SIDIV
  -------         ENDMOD        ?C?SIDIV

  -------         MODULE        ?C?ILDIX
  C:112DH         PUBLIC        ?C?ILDIX
  -------         ENDMOD        ?C?ILDIX

  -------         MODULE        ?C?ILDOPTR
  C:1143H         PUBLIC        ?C?ILDOPTR
  -------         ENDMOD        ?C?ILDOPTR

  -------         MODULE        ?C?LMUL
  C:117BH         PUBLIC        ?C?LMUL
  -------         ENDMOD        ?C?LMUL

  -------         MODULE        ?C?SLDIV
  C:3B20H         PUBLIC        ?C?SLDIV
  -------         ENDMOD        ?C?SLDIV

  -------         MODULE        ?C?LNEG
  C:11CAH         PUBLIC        ?C?LNEG
  -------         ENDMOD        ?C?LNEG

  -------         MODULE        ?C?ULCMP
  C:11D8H         PUBLIC        ?C?ULCMP
  -------         ENDMOD        ?C?ULCMP

  -------         MODULE        ?C?LSHL
BL51 BANKED LINKER/LOCATER V6.22                                                      02/21/2019  12:45:49  PAGE 45


  C:11E9H         PUBLIC        ?C?LSHL
  -------         ENDMOD        ?C?LSHL

  -------         MODULE        ?C?LLDPTR
  C:11FCH         PUBLIC        ?C?LLDPTR
  -------         ENDMOD        ?C?LLDPTR

  -------         MODULE        ?C?LLDOPTR
  C:121CH         PUBLIC        ?C?LLDOPTR
  -------         ENDMOD        ?C?LLDOPTR

  -------         MODULE        ?C?LSTPTR
  C:124CH         PUBLIC        ?C?LSTPTR
  -------         ENDMOD        ?C?LSTPTR

  -------         MODULE        ?C?LSTOPTR
  C:1266H         PUBLIC        ?C?LSTOPTR
  -------         ENDMOD        ?C?LSTOPTR

  -------         MODULE        ?C?LLDXDATA
  C:128AH         PUBLIC        ?C?LLDXDATA
  -------         ENDMOD        ?C?LLDXDATA

  -------         MODULE        ?C?LLDCODE
  C:1296H         PUBLIC        ?C?LLDCODE
  -------         ENDMOD        ?C?LLDCODE

  -------         MODULE        ?C?LLDXDATA0
  C:12A6H         PUBLIC        ?C?LLDXDATA0
  -------         ENDMOD        ?C?LLDXDATA0

  -------         MODULE        ?C?LLDCODE0
  C:12B2H         PUBLIC        ?C?LLDCODE0
  -------         ENDMOD        ?C?LLDCODE0

  -------         MODULE        ?C?LLDPTR0
  C:12C2H         PUBLIC        ?C?LLDPTR0
  -------         ENDMOD        ?C?LLDPTR0

  -------         MODULE        ?C?LSTXDATA
  C:12E2H         PUBLIC        ?C?LSTXDATA
  -------         ENDMOD        ?C?LSTXDATA

  -------         MODULE        ?C?LSTKXDATA
  C:12EEH         PUBLIC        ?C?LSTKXDATA
  -------         ENDMOD        ?C?LSTKXDATA

  -------         MODULE        ABS
  C:3F0CH         PUBLIC        _ABS
  -------         ENDMOD        ABS

  -------         MODULE        ATOI
  C:30C9H         PUBLIC        _atoi
  -------         ENDMOD        ATOI

  -------         MODULE        ?C?IILDX
  C:131FH         PUBLIC        ?C?IILDX
BL51 BANKED LINKER/LOCATER V6.22                                                      02/21/2019  12:45:49  PAGE 46


  -------         ENDMOD        ?C?IILDX

  -------         MODULE        ?C?ULDIV
  C:1371H         PUBLIC        ?C?ULDIV
  -------         ENDMOD        ?C?ULDIV

  -------         MODULE        ?C?LLDIDATA
  C:1403H         PUBLIC        ?C?LLDIDATA
  -------         ENDMOD        ?C?LLDIDATA

  -------         MODULE        ?C?LLDPDATA
  C:140FH         PUBLIC        ?C?LLDPDATA
  -------         ENDMOD        ?C?LLDPDATA

  -------         MODULE        ?C?LLDIDATA0
  C:141BH         PUBLIC        ?C?LLDIDATA0
  -------         ENDMOD        ?C?LLDIDATA0

  -------         MODULE        ?C?LLDPDATA0
  C:1428H         PUBLIC        ?C?LLDPDATA0
  -------         ENDMOD        ?C?LLDPDATA0

  -------         MODULE        ?C?LSTIDATA
  C:1435H         PUBLIC        ?C?LSTIDATA
  -------         ENDMOD        ?C?LSTIDATA

  -------         MODULE        ?C?LSTPDATA
  C:1441H         PUBLIC        ?C?LSTPDATA
  -------         ENDMOD        ?C?LSTPDATA

  -------         MODULE        ISDIGIT
  C:3EE4H         PUBLIC        _isdigit
  -------         ENDMOD        ISDIGIT

  -------         MODULE        ISSPACE
  C:3E7FH         PUBLIC        _isspace
  -------         ENDMOD        ISSPACE

*** WARNING L16: UNCALLED SEGMENT, IGNORED FOR OVERLAY PROCESS
    SEGMENT: ?PR?_DISPLAY_PROX?MAIN

*** WARNING L16: UNCALLED SEGMENT, IGNORED FOR OVERLAY PROCESS
    SEGMENT: ?PR?_READ_TIME?PCF85063BTL

*** WARNING L16: UNCALLED SEGMENT, IGNORED FOR OVERLAY PROCESS
    SEGMENT: ?PR?_DAY_OF_YEAR?PCF85063BTL

*** WARNING L16: UNCALLED SEGMENT, IGNORED FOR OVERLAY PROCESS
    SEGMENT: ?PR?INITUART1?UART1

*** WARNING L16: UNCALLED SEGMENT, IGNORED FOR OVERLAY PROCESS
    SEGMENT: ?PR?_SENDSTRING?UART1

*** WARNING L16: UNCALLED SEGMENT, IGNORED FOR OVERLAY PROCESS
    SEGMENT: ?PR?_TEN?UART1

*** WARNING L16: UNCALLED SEGMENT, IGNORED FOR OVERLAY PROCESS
BL51 BANKED LINKER/LOCATER V6.22                                                      02/21/2019  12:45:49  PAGE 47


    SEGMENT: ?PR?_UNIT?UART1

*** WARNING L16: UNCALLED SEGMENT, IGNORED FOR OVERLAY PROCESS
    SEGMENT: ?PR?_DECTOBCD?UART1

*** WARNING L16: UNCALLED SEGMENT, IGNORED FOR OVERLAY PROCESS
    SEGMENT: ?PR?_ASCII_LETTER?UART1

*** WARNING L16: UNCALLED SEGMENT, IGNORED FOR OVERLAY PROCESS
    SEGMENT: ?PR?_ASCIITOBCD?UART1

*** WARNING L16: UNCALLED SEGMENT, IGNORED FOR OVERLAY PROCESS
    SEGMENT: ?PR?_DISPLAYLCD?LCD_DRIVER_SPLC780D

*** WARNING L16: UNCALLED SEGMENT, IGNORED FOR OVERLAY PROCESS
    SEGMENT: ?PR?LCD_RETURN_HOME?LCD_DRIVER_SPLC780D

*** WARNING L16: UNCALLED SEGMENT, IGNORED FOR OVERLAY PROCESS
    SEGMENT: ?PR?KEY_PROCESS?KEYPAD

*** WARNING L16: UNCALLED SEGMENT, IGNORED FOR OVERLAY PROCESS
    SEGMENT: ?PR?WAIT?BIPOLARMOTOR

*** WARNING L16: UNCALLED SEGMENT, IGNORED FOR OVERLAY PROCESS
    SEGMENT: ?PR?_FINDDET4X4?BIPOLARMOTOR

*** WARNING L16: UNCALLED SEGMENT, IGNORED FOR OVERLAY PROCESS
    SEGMENT: ?PR?_CALIBRATION?CALIBRATION

*** WARNING L16: UNCALLED SEGMENT, IGNORED FOR OVERLAY PROCESS
    SEGMENT: ?PR?NOP?IOEXPANDER_PI4IOE5V96248

*** WARNING L16: UNCALLED SEGMENT, IGNORED FOR OVERLAY PROCESS
    SEGMENT: ?PR?UC_ACK?IOEXPANDER_PI4IOE5V96248

*** WARNING L16: UNCALLED SEGMENT, IGNORED FOR OVERLAY PROCESS
    SEGMENT: ?PR?UC_NACK?IOEXPANDER_PI4IOE5V96248

*** WARNING L1: UNRESOLVED EXTERNAL SYMBOL
    SYMBOL:  AUTO_MODE
    MODULE:  .\Obj\main.obj (MAIN)

*** WARNING L2: REFERENCE MADE TO UNRESOLVED EXTERNAL
    SYMBOL:  AUTO_MODE
    MODULE:  .\Obj\main.obj (MAIN)
    ADDRESS: 2428H

*** WARNING L1: UNRESOLVED EXTERNAL SYMBOL
    SYMBOL:  _SENDUART1
    MODULE:  .\Obj\UART1.obj (UART1)

*** WARNING L2: REFERENCE MADE TO UNRESOLVED EXTERNAL
    SYMBOL:  _SENDUART1
    MODULE:  .\Obj\UART1.obj (UART1)
    ADDRESS: 3C4DH

*** WARNING L1: UNRESOLVED EXTERNAL SYMBOL
BL51 BANKED LINKER/LOCATER V6.22                                                      02/21/2019  12:45:49  PAGE 48


    SYMBOL:  AUTO_MODE
    MODULE:  .\Obj\KeyPad.obj (KEYPAD)

*** WARNING L2: REFERENCE MADE TO UNRESOLVED EXTERNAL
    SYMBOL:  AUTO_MODE
    MODULE:  .\Obj\KeyPad.obj (KEYPAD)
    ADDRESS: 21ADH

*** WARNING L2: REFERENCE MADE TO UNRESOLVED EXTERNAL
    SYMBOL:  AUTO_MODE
    MODULE:  .\Obj\KeyPad.obj (KEYPAD)
    ADDRESS: 21B8H

*** WARNING L2: REFERENCE MADE TO UNRESOLVED EXTERNAL
    SYMBOL:  AUTO_MODE
    MODULE:  .\Obj\KeyPad.obj (KEYPAD)
    ADDRESS: 21BFH

Program Size: data=10.5 xdata=1060 code=16190
LINK/LOCATE RUN COMPLETE.  27 WARNING(S),  0 ERROR(S)
