BL51 BANKED LINKER/LOCATER V6.22                                                        05/23/2019  09:32:43  PAGE 1


BL51 BANKED LINKER/LOCATER V6.22, INVOKED BY:
C:\KEIL_V5\C51\BIN\BL51.EXE .\Obj\main.obj, .\Obj\PCF85063BTL.obj, .\Obj\LCd_Driver_SPLC780D.obj, .\Obj\KeyPad.obj, .\Ob
>> j\BipolarMotor.obj, .\Obj\SunPos.obj, .\Obj\ADC.obj, .\Obj\Calibration.obj, .\Obj\IOExpander_PI4IOE5V96248.obj, .\Obj
>> \AT25SF041.obj, .\Obj\SI1120.obj, .\Obj\STARTUP.obj TO .\Obj\GPIO_RTC_Test PRINT (.\Lis\GPIO_RTC_Test.m51) RAMSIZE (2
>> 56)


MEMORY MODEL: LARGE WITH FLOATING POINT ARITHMETIC


INPUT MODULES INCLUDED:
  .\Obj\main.obj (MAIN)
  .\Obj\PCF85063BTL.obj (PCF85063BTL)
  .\Obj\LCd_Driver_SPLC780D.obj (LCD_DRIVER_SPLC780D)
  .\Obj\KeyPad.obj (KEYPAD)
  .\Obj\BipolarMotor.obj (BIPOLARMOTOR)
  .\Obj\SunPos.obj (SUNPOS)
  .\Obj\ADC.obj (ADC)
  .\Obj\Calibration.obj (CALIBRATION)
  .\Obj\IOExpander_PI4IOE5V96248.obj (IOEXPANDER_PI4IOE5V96248)
  .\Obj\AT25SF041.obj (AT25SF041)
  .\Obj\SI1120.obj (SI1120)
  .\Obj\STARTUP.obj (?C_STARTUP)
  C:\KEIL_V5\C51\LIB\C51FPL.LIB (?C?FPADD)
  C:\KEIL_V5\C51\LIB\C51FPL.LIB (?C?FPMUL)
  C:\KEIL_V5\C51\LIB\C51FPL.LIB (?C?FPDIV)
  C:\KEIL_V5\C51\LIB\C51FPL.LIB (?C?FPCMP)
  C:\KEIL_V5\C51\LIB\C51FPL.LIB (?C?FPNEG)
  C:\KEIL_V5\C51\LIB\C51FPL.LIB (?C?FCAST)
  C:\KEIL_V5\C51\LIB\C51FPL.LIB (?C?CASTF)
  C:\KEIL_V5\C51\LIB\C51FPL.LIB (ATAN2)
  C:\KEIL_V5\C51\LIB\C51FPL.LIB (SIN)
  C:\KEIL_V5\C51\LIB\C51FPL.LIB (ACOS)
  C:\KEIL_V5\C51\LIB\C51FPL.LIB (ASIN)
  C:\KEIL_V5\C51\LIB\C51FPL.LIB (POW)
  C:\KEIL_V5\C51\LIB\C51FPL.LIB (?C?FPGETOPN)
  C:\KEIL_V5\C51\LIB\C51FPL.LIB (?C?CHKFLOAT)
  C:\KEIL_V5\C51\LIB\C51FPL.LIB (?C?FPSERIES)
  C:\KEIL_V5\C51\LIB\C51FPL.LIB (EXP)
  C:\KEIL_V5\C51\LIB\C51FPL.LIB (LOG)
  C:\KEIL_V5\C51\LIB\C51FPL.LIB (SQRT)
  C:\KEIL_V5\C51\LIB\C51FPL.LIB (ATAN)
  C:\KEIL_V5\C51\LIB\C51L.LIB (?C_INIT)
  C:\KEIL_V5\C51\LIB\C51L.LIB (?C?COPY)
  C:\KEIL_V5\C51\LIB\C51L.LIB (?C?CLDPTR)
  C:\KEIL_V5\C51\LIB\C51L.LIB (?C?CLDOPTR)
  C:\KEIL_V5\C51\LIB\C51L.LIB (?C?CSTPTR)
  C:\KEIL_V5\C51\LIB\C51L.LIB (?C?IMUL)
  C:\KEIL_V5\C51\LIB\C51L.LIB (?C?UIDIV)
  C:\KEIL_V5\C51\LIB\C51L.LIB (?C?SIDIV)
  C:\KEIL_V5\C51\LIB\C51L.LIB (?C?ILDOPTR)
  C:\KEIL_V5\C51\LIB\C51L.LIB (?C?ISTPTR)
  C:\KEIL_V5\C51\LIB\C51L.LIB (?C?LMUL)
  C:\KEIL_V5\C51\LIB\C51L.LIB (?C?SLDIV)
  C:\KEIL_V5\C51\LIB\C51L.LIB (?C?LNEG)
  C:\KEIL_V5\C51\LIB\C51L.LIB (?C?ULCMP)
  C:\KEIL_V5\C51\LIB\C51L.LIB (?C?LSHL)
  C:\KEIL_V5\C51\LIB\C51L.LIB (?C?LLDPTR)
BL51 BANKED LINKER/LOCATER V6.22                                                      05/23/2019  09:32:43  PAGE 2


  C:\KEIL_V5\C51\LIB\C51L.LIB (?C?LLDOPTR)
  C:\KEIL_V5\C51\LIB\C51L.LIB (?C?LSTPTR)
  C:\KEIL_V5\C51\LIB\C51L.LIB (?C?LSTOPTR)
  C:\KEIL_V5\C51\LIB\C51L.LIB (?C?LLDXDATA)
  C:\KEIL_V5\C51\LIB\C51L.LIB (?C?LLDCODE)
  C:\KEIL_V5\C51\LIB\C51L.LIB (?C?LLDXDATA0)
  C:\KEIL_V5\C51\LIB\C51L.LIB (?C?LLDCODE0)
  C:\KEIL_V5\C51\LIB\C51L.LIB (?C?LLDPTR0)
  C:\KEIL_V5\C51\LIB\C51L.LIB (?C?LSTXDATA)
  C:\KEIL_V5\C51\LIB\C51L.LIB (?C?LSTKXDATA)
  C:\KEIL_V5\C51\LIB\C51L.LIB (?C?LSTKPTR)
  C:\KEIL_V5\C51\LIB\C51L.LIB (?C?OFFXADD)
  C:\KEIL_V5\C51\LIB\C51L.LIB (?C?ULDIV)
  C:\KEIL_V5\C51\LIB\C51L.LIB (?C?LLDIDATA)
  C:\KEIL_V5\C51\LIB\C51L.LIB (?C?LLDPDATA)
  C:\KEIL_V5\C51\LIB\C51L.LIB (?C?LLDIDATA0)
  C:\KEIL_V5\C51\LIB\C51L.LIB (?C?LLDPDATA0)
  C:\KEIL_V5\C51\LIB\C51L.LIB (?C?LSTIDATA)
  C:\KEIL_V5\C51\LIB\C51L.LIB (?C?LSTPDATA)
  C:\KEIL_V5\C51\LIB\C51L.LIB (?C?LSTKIDATA)
  C:\KEIL_V5\C51\LIB\C51L.LIB (?C?LSTKPDATA)


LINK MAP OF MODULE:  .\Obj\GPIO_RTC_Test (MAIN)


            TYPE    BASE      LENGTH    RELOCATION   SEGMENT NAME
            -----------------------------------------------------

            * * * * * * *   D A T A   M E M O R Y   * * * * * * *
            REG     0000H     0008H     ABSOLUTE     "REG BANK 0"
                    0008H     0018H                  *** GAP ***
            BIT     0020H.0   0000H.4   UNIT         _BIT_GROUP_
            BIT     0020H.4   0000H.1   UNIT         ?BI?MAIN
                    0020H.5   0000H.3                *** GAP ***
            IDATA   0021H     0001H     UNIT         ?STACK

            * * * * * * *  X D A T A   M E M O R Y  * * * * * * *
            XDATA   0000H     03BCH     UNIT         ?XD?BIPOLARMOTOR
            XDATA   03BCH     0127H     UNIT         _XDATA_GROUP_
            XDATA   04E3H     0101H     UNIT         ?XD?MAIN
            XDATA   05E4H     0019H     UNIT         ?XD?KEYPAD
            XDATA   05FDH     0008H     UNIT         ?XD?_AT25SF041_READ?AT25SF041
            XDATA   0605H     0001H     UNIT         ?XD?UC_ACK?IOEXPANDER_PI4IOE5V96248
            XDATA   0606H     0001H     UNIT         ?XD?UC_NACK?IOEXPANDER_PI4IOE5V96248

            * * * * * * *   C O D E   M E M O R Y   * * * * * * *
            CODE    0000H     0003H     ABSOLUTE     
            CODE    0003H     0003H     ABSOLUTE     
            CODE    0006H     0001H     UNIT         ?PR?NOP?IOEXPANDER_PI4IOE5V96248
                    0007H     0004H                  *** GAP ***
            CODE    000BH     0003H     ABSOLUTE     
            CODE    000EH     000DH     UNIT         ?PR?SPI_INIT?PCF85063BTL
            CODE    001BH     0003H     ABSOLUTE     
            CODE    001EH     0B85H     UNIT         ?PR?MAIN?MAIN
            CODE    0BA3H     09A4H     UNIT         ?C?LIB_CODE
            CODE    1547H     07A2H     UNIT         ?PR?SUNPOS?SUNPOS
BL51 BANKED LINKER/LOCATER V6.22                                                      05/23/2019  09:32:43  PAGE 3


            CODE    1CE9H     063CH     UNIT         ?PR?_UPDATE_POSITION?BIPOLARMOTOR
            CODE    2325H     04FBH     UNIT         ?PR?_THEORICALJP_POSITION?BIPOLARMOTOR
            CODE    2820H     0494H     UNIT         ?PR?_FIND_REAL_MAX?CALIBRATION
            CODE    2CB4H     040EH     UNIT         ?C_INITSEG
            CODE    30C2H     038CH     UNIT         ?PR?KEY_PROCESS?KEYPAD
            CODE    344EH     0380H     UNIT         ?PR?_ELEVATION_CALCULATION?BIPOLARMOTOR
            CODE    37CEH     01C0H     UNIT         ?PR?_CALIBRATION?CALIBRATION
            CODE    398EH     018DH     UNIT         ?PR?KEY_SCAN?KEYPAD
            CODE    3B1BH     0189H     UNIT         ?PR?SPI_NOR_WRITE_DATA?AT25SF041
            CODE    3CA4H     0188H     UNIT         ?PR?SIN?SIN
            CODE    3E2CH     0166H     UNIT         ?PR?_POW?POW
            CODE    3F92H     0155H     UNIT         ?PR?_DISPLAY_POS?LCD_DRIVER_SPLC780D
            CODE    40E7H     0129H     UNIT         ?PR?LOG?LOG
            CODE    4210H     0122H     UNIT         ?PR?ATAN?ATAN
            CODE    4332H     0110H     UNIT         ?PR?_AT25SF041_READ?AT25SF041
            CODE    4442H     0102H     UNIT         ?PR?_AT25SF041_WRITE?AT25SF041
            CODE    4544H     00F5H     UNIT         ?PR?EXINT0?MAIN
            CODE    4639H     00C3H     UNIT         ?PR?LINEAR_INTERPOLATE?BIPOLARMOTOR
            CODE    46FCH     00BBH     UNIT         ?PR?VOLTAGE_IS_STABLE?CALIBRATION
            CODE    47B7H     00ADH     UNIT         ?PR?_WRITE_PI4IOE5V96248?IOEXPANDER_PI4IOE5V96248
            CODE    4864H     00ACH     UNIT         ?PR?SQRT?SQRT
            CODE    4910H     00A1H     UNIT         ?PR?UCREAD_STATUS_REGISTER_BYTE1?AT25SF041
            CODE    49B1H     009DH     UNIT         ?PR?_ATAN2?ATAN2
            CODE    4A4EH     009CH     UNIT         ?PR?_MAX_VALUE?CALIBRATION
            CODE    4AEAH     009AH     UNIT         ?PR?EXP?EXP
            CODE    4B84H     008CH     UNIT         ?C_C51STARTUP
            CODE    4C10H     0088H     UNIT         ?PR?_DAY_OF_YEAR?PCF85063BTL
            CODE    4C98H     0079H     UNIT         ?PR?_WRITEDATA?LCD_DRIVER_SPLC780D
            CODE    4D11H     0072H     UNIT         ?PR?AT25SF041_WRITEENABLE?AT25SF041
            CODE    4D83H     006FH     UNIT         ?PR?_READ_TIME?PCF85063BTL
            CODE    4DF2H     005AH     UNIT         ?PR?AT25SF041_CHIPERASE?AT25SF041
            CODE    4E4CH     0059H     UNIT         ?PR?LCD_INIT?LCD_DRIVER_SPLC780D
            CODE    4EA5H     004AH     UNIT         ?PR?VONESTEPMOVE?BIPOLARMOTOR
            CODE    4EEFH     004AH     UNIT         ?PR?ACOS?ACOS
            CODE    4F39H     0044H     UNIT         ?C?LDIV
            CODE    4F7DH     0040H     UNIT         ?PR?_COMMAND?LCD_DRIVER_SPLC780D
            CODE    4FBDH     0040H     UNIT         ?PR?_STEP_MOVE?BIPOLARMOTOR
            CODE    4FFDH     003BH     UNIT         ?PR?ASIN?ASIN
            CODE    5038H     0031H     UNIT         ?PR?SI1120_CONFIG_MODE_VIRH?SI1120
            CODE    5069H     002BH     UNIT         ?PR?_WAIT_MS_I2C?IOEXPANDER_PI4IOE5V96248
            CODE    5094H     002BH     UNIT         ?PR?_WAIT_MS_SPINOR?AT25SF041
            CODE    50BFH     002AH     UNIT         ?PR?_ADC_GETRESULT?ADC
            CODE    50E9H     0028H     UNIT         ?PR?_MOVE?BIPOLARMOTOR
            CODE    5111H     0027H     UNIT         ?PR?_I2C_SENDBYTE?IOEXPANDER_PI4IOE5V96248
            CODE    5138H     0025H     UNIT         ?PR?_FINDCLOSESTSAMEDAYCALIBTIME?CALIBRATION
            CODE    515DH     0024H     UNIT         ?PR?_WAIT_MS?LCD_DRIVER_SPLC780D
            CODE    5181H     0021H     UNIT         ?PR?TM0_ISR?MAIN
            CODE    51A2H     0020H     UNIT         ?PR?_SPI_SENDBYTE?PCF85063BTL
            CODE    51C2H     0020H     UNIT         ?PR?SPI_RECEIVEBYTE?PCF85063BTL
            CODE    51E2H     001EH     UNIT         ?PR?_DELAY_MS?KEYPAD
            CODE    5200H     001DH     UNIT         ?PR?_DISPLAYLCD?LCD_DRIVER_SPLC780D
            CODE    521DH     001BH     UNIT         ?PR?_BCDTODEC1?BIPOLARMOTOR
            CODE    5238H     001AH     UNIT         ?PR?ADC_INIT?ADC
            CODE    5252H     0018H     UNIT         ?PR?_SPI_WRITETIME?PCF85063BTL
            CODE    526AH     0016H     UNIT         ?PR?I2C_ACK?IOEXPANDER_PI4IOE5V96248
            CODE    5280H     0015H     UNIT         ?PR?_DISPLAY_LINE?LCD_DRIVER_SPLC780D
            CODE    5295H     0015H     UNIT         ?PR?VSETLOCATION?BIPOLARMOTOR
BL51 BANKED LINKER/LOCATER V6.22                                                      05/23/2019  09:32:43  PAGE 4


            CODE    52AAH     0015H     UNIT         ?PR?I2C_STOP?IOEXPANDER_PI4IOE5V96248
            CODE    52BFH     0014H     UNIT         ?PR?_PCF85063BTL_DELAY?PCF85063BTL
            CODE    52D3H     0014H     UNIT         ?PR?_ABS?LCD_DRIVER_SPLC780D
            CODE    52E7H     0011H     UNIT         ?PR?_SPI_READTIME?PCF85063BTL
            CODE    52F8H     0011H     UNIT         ?PR?_BCDTODEC?PCF85063BTL
            CODE    5309H     000FH     UNIT         ?PR?I2C_START?IOEXPANDER_PI4IOE5V96248
            CODE    5318H     000FH     UNIT         ?PR?UC_NACK?IOEXPANDER_PI4IOE5V96248
            CODE    5327H     000DH     UNIT         ?PR?ENABLE_EXTINT0?SI1120
            CODE    5334H     000CH     UNIT         ?PR?KEYPAD_IO_INIT?KEYPAD
            CODE    5340H     000AH     UNIT         ?PR?LCD_RETURN_HOME?LCD_DRIVER_SPLC780D
            CODE    534AH     000AH     UNIT         ?PR?LCD_CLEAR?LCD_DRIVER_SPLC780D
            CODE    5354H     0009H     UNIT         ?PR?TM1_ISR?MAIN
            CODE    535DH     0006H     UNIT         ?PR?UC_ACK?IOEXPANDER_PI4IOE5V96248



OVERLAY MAP OF MODULE:   .\Obj\GPIO_RTC_Test (MAIN)


SEGMENT                                             BIT_GROUP          XDATA_GROUP
  +--> CALLED SEGMENT                            START    LENGTH     START    LENGTH
------------------------------------------------------------------------------------
?PR?EXINT0?MAIN                                  -----    -----      -----    -----
  +--> ?PR?_POW?POW

?PR?_POW?POW                                     -----    -----      03BCH    000AH
  +--> ?PR?LOG?LOG
  +--> ?PR?EXP?EXP

?PR?LOG?LOG                                      0020H.0  0000H.1    03C6H    0004H

*** NEW ROOT ***************************************************

?C_C51STARTUP                                    -----    -----      -----    -----
  +--> ?PR?MAIN?MAIN
  +--> ?C_INITSEG

?PR?MAIN?MAIN                                    -----    -----      03CAH    002EH
  +--> ?PR?LCD_INIT?LCD_DRIVER_SPLC780D
  +--> ?PR?SPI_INIT?PCF85063BTL
  +--> ?PR?KEYPAD_IO_INIT?KEYPAD
  +--> ?PR?ADC_INIT?ADC
  +--> ?PR?SI1120_CONFIG_MODE_VIRH?SI1120
  +--> ?PR?ENABLE_EXTINT0?SI1120
  +--> ?PR?VSETLOCATION?BIPOLARMOTOR
  +--> ?PR?_DISPLAY_LINE?LCD_DRIVER_SPLC780D
  +--> ?PR?_WRITEDATA?LCD_DRIVER_SPLC780D
  +--> ?PR?KEY_PROCESS?KEYPAD
  +--> ?PR?_COMMAND?LCD_DRIVER_SPLC780D
  +--> ?PR?_DISPLAY_POS?LCD_DRIVER_SPLC780D
  +--> ?PR?_DISPLAYLCD?LCD_DRIVER_SPLC780D
  +--> ?PR?_STEP_MOVE?BIPOLARMOTOR
  +--> ?PR?LCD_RETURN_HOME?LCD_DRIVER_SPLC780D
  +--> ?PR?_READ_TIME?PCF85063BTL
  +--> ?PR?_BCDTODEC1?BIPOLARMOTOR
  +--> ?PR?_ELEVATION_CALCULATION?BIPOLARMOTOR
  +--> ?PR?_CALIBRATION?CALIBRATION
BL51 BANKED LINKER/LOCATER V6.22                                                      05/23/2019  09:32:43  PAGE 5


  +--> ?PR?AT25SF041_WRITEENABLE?AT25SF041
  +--> ?PR?_AT25SF041_WRITE?AT25SF041
  +--> ?PR?_WAIT_MS_SPINOR?AT25SF041
  +--> ?PR?_UPDATE_POSITION?BIPOLARMOTOR
  +--> ?PR?_ADC_GETRESULT?ADC
  +--> ?PR?SPI_NOR_WRITE_DATA?AT25SF041
  +--> ?PR?LINEAR_INTERPOLATE?BIPOLARMOTOR
  +--> ?PR?_FINDCLOSESTSAMEDAYCALIBTIME?CALI...
  +--> ?PR?LCD_CLEAR?LCD_DRIVER_SPLC780D
  +--> ?PR?AT25SF041_CHIPERASE?AT25SF041

?PR?LCD_INIT?LCD_DRIVER_SPLC780D                 -----    -----      -----    -----
  +--> ?PR?_WAIT_MS?LCD_DRIVER_SPLC780D
  +--> ?PR?_COMMAND?LCD_DRIVER_SPLC780D

?PR?_COMMAND?LCD_DRIVER_SPLC780D                 -----    -----      -----    -----
  +--> ?PR?_WAIT_MS?LCD_DRIVER_SPLC780D

?PR?SI1120_CONFIG_MODE_VIRH?SI1120               -----    -----      -----    -----
  +--> ?PR?_WAIT_MS?LCD_DRIVER_SPLC780D

?PR?_DISPLAY_LINE?LCD_DRIVER_SPLC780D            -----    -----      -----    -----
  +--> ?PR?_COMMAND?LCD_DRIVER_SPLC780D

?PR?_WRITEDATA?LCD_DRIVER_SPLC780D               -----    -----      04E2H    0001H
  +--> ?PR?_WAIT_MS?LCD_DRIVER_SPLC780D

?PR?KEY_PROCESS?KEYPAD                           -----    -----      03F8H    0006H
  +--> ?PR?KEY_SCAN?KEYPAD
  +--> ?PR?_SPI_WRITETIME?PCF85063BTL
  +--> ?PR?LCD_CLEAR?LCD_DRIVER_SPLC780D
  +--> ?PR?_COMMAND?LCD_DRIVER_SPLC780D
  +--> ?PR?_WRITEDATA?LCD_DRIVER_SPLC780D

?PR?KEY_SCAN?KEYPAD                              -----    -----      03FEH    0003H

?PR?_SPI_WRITETIME?PCF85063BTL                   -----    -----      -----    -----
  +--> ?PR?_SPI_SENDBYTE?PCF85063BTL

?PR?_SPI_SENDBYTE?PCF85063BTL                    -----    -----      -----    -----
  +--> ?PR?_PCF85063BTL_DELAY?PCF85063BTL

?PR?LCD_CLEAR?LCD_DRIVER_SPLC780D                -----    -----      -----    -----
  +--> ?PR?_COMMAND?LCD_DRIVER_SPLC780D

?PR?_DISPLAY_POS?LCD_DRIVER_SPLC780D             -----    -----      04D7H    000BH
  +--> ?PR?_ABS?LCD_DRIVER_SPLC780D
  +--> ?PR?_WRITEDATA?LCD_DRIVER_SPLC780D

?PR?_DISPLAYLCD?LCD_DRIVER_SPLC780D              -----    -----      03F8H    0001H
  +--> ?PR?_WRITEDATA?LCD_DRIVER_SPLC780D

?PR?_STEP_MOVE?BIPOLARMOTOR                      0020H.2  0000H.1    04DBH    0004H
  +--> ?PR?VONESTEPMOVE?BIPOLARMOTOR

?PR?VONESTEPMOVE?BIPOLARMOTOR                    0020H.3  0000H.1    -----    -----
  +--> ?PR?_WRITE_PI4IOE5V96248?IOEXPANDER_P...
BL51 BANKED LINKER/LOCATER V6.22                                                      05/23/2019  09:32:43  PAGE 6


  +--> ?PR?_DELAY_MS?KEYPAD

?PR?_WRITE_PI4IOE5V96248?IOEXPANDER_P...         -----    -----      04DFH    0003H
  +--> ?PR?I2C_START?IOEXPANDER_PI4IOE5V96248
  +--> ?PR?_WAIT_MS_I2C?IOEXPANDER_PI4IOE5V9...
  +--> ?PR?_I2C_SENDBYTE?IOEXPANDER_PI4IOE5V...
  +--> ?PR?I2C_ACK?IOEXPANDER_PI4IOE5V96248
  +--> ?PR?I2C_STOP?IOEXPANDER_PI4IOE5V96248

?PR?I2C_START?IOEXPANDER_PI4IOE5V96248           -----    -----      -----    -----
  +--> ?PR?_WAIT_MS_I2C?IOEXPANDER_PI4IOE5V9...

?PR?_I2C_SENDBYTE?IOEXPANDER_PI4IOE5V...         -----    -----      -----    -----
  +--> ?PR?_WAIT_MS_I2C?IOEXPANDER_PI4IOE5V9...

?PR?I2C_ACK?IOEXPANDER_PI4IOE5V96248             -----    -----      04E2H    0001H
  +--> ?PR?_WAIT_MS_I2C?IOEXPANDER_PI4IOE5V9...

?PR?I2C_STOP?IOEXPANDER_PI4IOE5V96248            -----    -----      -----    -----
  +--> ?PR?_WAIT_MS_I2C?IOEXPANDER_PI4IOE5V9...

?PR?LCD_RETURN_HOME?LCD_DRIVER_SPLC780D          -----    -----      -----    -----
  +--> ?PR?_COMMAND?LCD_DRIVER_SPLC780D

?PR?_READ_TIME?PCF85063BTL                       -----    -----      03F8H    000FH
  +--> ?PR?_SPI_READTIME?PCF85063BTL

?PR?_SPI_READTIME?PCF85063BTL                    -----    -----      -----    -----
  +--> ?PR?_SPI_SENDBYTE?PCF85063BTL
  +--> ?PR?SPI_RECEIVEBYTE?PCF85063BTL

?PR?SPI_RECEIVEBYTE?PCF85063BTL                  -----    -----      -----    -----
  +--> ?PR?_PCF85063BTL_DELAY?PCF85063BTL

?PR?_ELEVATION_CALCULATION?BIPOLARMOTOR          -----    -----      03F8H    0005H
  +--> ?PR?_BCDTODEC1?BIPOLARMOTOR
  +--> ?PR?SUNPOS?SUNPOS
  +--> ?PR?SIN?SIN
  +--> ?PR?ASIN?ASIN

?PR?SUNPOS?SUNPOS                                -----    -----      0442H    005DH
  +--> ?PR?SIN?SIN
  +--> ?PR?_ATAN2?ATAN2
  +--> ?PR?ASIN?ASIN
  +--> ?PR?ACOS?ACOS

?PR?SIN?SIN                                      0020H.1  0000H.1    049FH    0004H

?PR?_ATAN2?ATAN2                                 -----    -----      049FH    0008H
  +--> ?PR?ATAN?ATAN

?PR?ATAN?ATAN                                    0020H.1  0000H.2    04A7H    0004H

?PR?ASIN?ASIN                                    -----    -----      -----    -----
  +--> ?PR?SQRT?SQRT
  +--> ?PR?ATAN?ATAN

BL51 BANKED LINKER/LOCATER V6.22                                                      05/23/2019  09:32:43  PAGE 7


?PR?SQRT?SQRT                                    -----    -----      049FH    0004H

?PR?ACOS?ACOS                                    -----    -----      -----    -----
  +--> ?PR?SQRT?SQRT
  +--> ?PR?ATAN?ATAN

?PR?_CALIBRATION?CALIBRATION                     -----    -----      03F8H    0024H
  +--> ?PR?VOLTAGE_IS_STABLE?CALIBRATION
  +--> ?PR?_UPDATE_POSITION?BIPOLARMOTOR
  +--> ?PR?_FIND_REAL_MAX?CALIBRATION

?PR?VOLTAGE_IS_STABLE?CALIBRATION                -----    -----      041CH    0018H
  +--> ?PR?_ADC_GETRESULT?ADC
  +--> ?PR?_ABS?LCD_DRIVER_SPLC780D

?PR?_UPDATE_POSITION?BIPOLARMOTOR                -----    -----      041CH    0026H
  +--> ?PR?_BCDTODEC1?BIPOLARMOTOR
  +--> ?PR?SUNPOS?SUNPOS
  +--> ?PR?SIN?SIN
  +--> ?PR?ASIN?ASIN
  +--> ?PR?_THEORICALJP_POSITION?BIPOLARMOTOR
  +--> ?PR?_ABS?LCD_DRIVER_SPLC780D
  +--> ?PR?_MOVE?BIPOLARMOTOR

?PR?_THEORICALJP_POSITION?BIPOLARMOTOR           -----    -----      0442H    005CH
  +--> ?PR?LINEAR_INTERPOLATE?BIPOLARMOTOR

?PR?LINEAR_INTERPOLATE?BIPOLARMOTOR              -----    -----      049EH    0014H

?PR?_MOVE?BIPOLARMOTOR                           0020H.1  0000H.1    04D7H    0004H
  +--> ?PR?_STEP_MOVE?BIPOLARMOTOR

?PR?_FIND_REAL_MAX?CALIBRATION                   -----    -----      041CH    00BBH
  +--> ?PR?_ADC_GETRESULT?ADC
  +--> ?PR?_WAIT_MS?LCD_DRIVER_SPLC780D
  +--> ?PR?AT25SF041_WRITEENABLE?AT25SF041
  +--> ?PR?_AT25SF041_WRITE?AT25SF041
  +--> ?PR?_WAIT_MS_SPINOR?AT25SF041
  +--> ?PR?_COMMAND?LCD_DRIVER_SPLC780D
  +--> ?PR?_WRITEDATA?LCD_DRIVER_SPLC780D
  +--> ?PR?_DISPLAY_POS?LCD_DRIVER_SPLC780D
  +--> ?PR?_MOVE?BIPOLARMOTOR
  +--> ?PR?_MAX_VALUE?CALIBRATION

?PR?AT25SF041_WRITEENABLE?AT25SF041              -----    -----      04D7H    0002H
  +--> ?PR?_WAIT_MS_SPINOR?AT25SF041
  +--> ?PR?UCREAD_STATUS_REGISTER_BYTE1?AT25...

?PR?UCREAD_STATUS_REGISTER_BYTE1?AT25...         -----    -----      04DFH    0003H
  +--> ?PR?_WAIT_MS_SPINOR?AT25SF041

?PR?_AT25SF041_WRITE?AT25SF041                   -----    -----      04D7H    0008H
  +--> ?PR?_WAIT_MS_SPINOR?AT25SF041
  +--> ?PR?UCREAD_STATUS_REGISTER_BYTE1?AT25...

?PR?_MAX_VALUE?CALIBRATION                       -----    -----      04D7H    0004H

BL51 BANKED LINKER/LOCATER V6.22                                                      05/23/2019  09:32:43  PAGE 8


?PR?SPI_NOR_WRITE_DATA?AT25SF041                 -----    -----      03F8H    000EH
  +--> ?PR?AT25SF041_WRITEENABLE?AT25SF041
  +--> ?PR?_AT25SF041_WRITE?AT25SF041
  +--> ?PR?_WAIT_MS_SPINOR?AT25SF041

?PR?AT25SF041_CHIPERASE?AT25SF041                -----    -----      03F8H    0002H
  +--> ?PR?_WAIT_MS_SPINOR?AT25SF041
  +--> ?PR?UCREAD_STATUS_REGISTER_BYTE1?AT25...



SYMBOL TABLE OF MODULE:  .\Obj\GPIO_RTC_Test (MAIN)

  VALUE           TYPE          NAME
  ----------------------------------

  -------         MODULE        MAIN
  C:0000H         SYMBOL        _ICE_DUMMY_
  X:04EBH         PUBLIC        calib_value
  D:0080H         PUBLIC        P0
  D:00B2H         PUBLIC        P3M0
  D:0090H         PUBLIC        P1
  D:00B1H         PUBLIC        P3M1
  D:00A0H         PUBLIC        P2
  D:00B0H         PUBLIC        P3
  D:00C0H         PUBLIC        P4
  D:00C8H         PUBLIC        P5
  X:053FH         SYMBOL        PressedKey
  B:00A8H.7       PUBLIC        EA
  D:00E8H         PUBLIC        P6
  X:0543H         PUBLIC        calib_stamp
  D:00F8H         PUBLIC        P7
  X:0544H         PUBLIC        calib_bool
  X:056EH         PUBLIC        pwm_time_min
  D:00A8H         PUBLIC        IE
  X:0572H         PUBLIC        calib_time
  X:05C6H         PUBLIC        pwm_time_max
  D:00B8H         PUBLIC        IP
  B:00B0H.2       PUBLIC        INT0
  X:05CAH         PUBLIC        months
  D:00D8H         PUBLIC        CCON
  C:001EH         PUBLIC        main
  X:05CBH         PUBLIC        count
  X:05CDH         PUBLIC        days
  X:05CEH         PUBLIC        hours
  D:0098H         PUBLIC        SCON
  D:0089H         PUBLIC        TMOD
  D:0088H         PUBLIC        TCON
  B:00A0H.3       PUBLIC        P23
  X:05CFH         SYMBOL        KeyCount
  X:05D1H         PUBLIC        mins
  B:00C8H.5       PUBLIC        P55
  D:008EH         PUBLIC        AUXR
  C:5181H         PUBLIC        tm0_isr
  B:0090H.5       PUBLIC        SI1120_STX
  C:5354H         PUBLIC        tm1_isr
  B:0020H.4       PUBLIC        busy
BL51 BANKED LINKER/LOCATER V6.22                                                      05/23/2019  09:32:43  PAGE 9


  B:00A8H.1       PUBLIC        ET0
  B:00A8H.3       PUBLIC        ET1
  X:05D2H         PUBLIC        SPI_NOR_INTERNAL_FLASH_ADDR
  D:008CH         PUBLIC        TH0
  D:008DH         PUBLIC        TH1
  D:008AH         PUBLIC        TL0
  D:008BH         PUBLIC        TL1
  B:0088H.4       PUBLIC        TR0
  B:0088H.6       PUBLIC        TR1
  C:4544H         PUBLIC        exint0
  X:05D6H         SYMBOL        KeyNum
  X:05D7H         SYMBOL        KeyNum_Old
  X:05D8H         PUBLIC        timer0_count
  X:05DAH         PUBLIC        current_position
  X:05DEH         PUBLIC        pwm_time
  X:05E2H         PUBLIC        start_timer0_count
  X:05E3H         PUBLIC        seconds
  D:00D0H         PUBLIC        PSW
  -------         PROC          TM0_ISR
  C:5181H         LINE#         94
  C:5187H         LINE#         98
  C:518AH         LINE#         99
  C:518DH         LINE#         100
  C:519BH         LINE#         101
  -------         ENDPROC       TM0_ISR
  -------         PROC          TM1_ISR
  C:5354H         LINE#         102
  C:5354H         LINE#         104
  C:5356H         LINE#         106
  C:5359H         LINE#         107
  C:535CH         LINE#         108
  -------         ENDPROC       TM1_ISR
  -------         PROC          EXINT0
  C:4544H         LINE#         109
  C:4561H         LINE#         113
  C:4564H         LINE#         114
  C:4564H         LINE#         115
  C:4567H         LINE#         116
  C:456AH         LINE#         117
  C:456CH         LINE#         118
  C:456EH         LINE#         122
  C:4571H         LINE#         125
  C:4571H         LINE#         126
  C:4573H         LINE#         128
  C:457FH         LINE#         129
  C:45D9H         LINE#         130
  C:4617H         LINE#         131
  C:461EH         LINE#         136
  C:461EH         LINE#         138
  -------         ENDPROC       EXINT0
  -------         PROC          MAIN
  -------         DO            
  X:04E3H         SYMBOL        KeyCount
  X:04E5H         SYMBOL        KeyNum_Old
  X:04E6H         SYMBOL        KeyNum
  X:04E7H         SYMBOL        PressedKey
  X:03CAH         SYMBOL        prox_flag
BL51 BANKED LINKER/LOCATER V6.22                                                      05/23/2019  09:32:43  PAGE 10


  X:03CBH         SYMBOL        iUse_prevday_calib_value
  X:03CDH         SYMBOL        max_ADC_Val_JP
  X:03CFH         SYMBOL        max_ADC_Val
  X:03D1H         SYMBOL        calib_point1
  X:03D9H         SYMBOL        calib_point2
  X:03E1H         SYMBOL        dat_to_store
  X:03ECH         SYMBOL        calib_day
  X:03EEH         SYMBOL        calib_count
  X:03F0H         SYMBOL        theorical_JP_max_pos
  X:03F4H         SYMBOL        elevation
  -------         ENDDO         
  C:001EH         LINE#         140
  C:001EH         LINE#         141
  C:001EH         LINE#         146
  C:0024H         LINE#         147
  C:0029H         LINE#         149
  C:0031H         LINE#         153
  C:0037H         LINE#         154
  C:0041H         LINE#         161
  C:0049H         LINE#         162
  C:0050H         LINE#         163
  C:0056H         LINE#         165
  C:005CH         LINE#         174
  C:005EH         LINE#         175
  C:0061H         LINE#         176
  C:0064H         LINE#         177
  C:0067H         LINE#         178
  C:006AH         LINE#         179
  C:006DH         LINE#         182
  C:0070H         LINE#         185
  C:0073H         LINE#         186
  C:0076H         LINE#         188
  C:0079H         LINE#         190
  C:007CH         LINE#         191
  C:007FH         LINE#         192
  C:0082H         LINE#         193
  C:0085H         LINE#         194
  C:0088H         LINE#         195
  C:008BH         LINE#         196
  C:008DH         LINE#         197
  C:008FH         LINE#         199
  C:0091H         LINE#         207
  C:0097H         LINE#         208
  C:009CH         LINE#         209
  C:00A1H         LINE#         210
  C:00A6H         LINE#         211
  C:00ABH         LINE#         212
  C:00B0H         LINE#         215
  C:00C9H         LINE#         216
  C:00C9H         LINE#         217
  C:00E5H         LINE#         218
  C:012CH         LINE#         219
  C:013DH         LINE#         222
  C:013DH         LINE#         223
  C:013DH         LINE#         224
  C:0140H         LINE#         228
  C:0140H         LINE#         232
BL51 BANKED LINKER/LOCATER V6.22                                                      05/23/2019  09:32:43  PAGE 11


  C:0145H         LINE#         233
  C:014AH         LINE#         235
  C:014FH         LINE#         237
  C:0154H         LINE#         238
  C:0159H         LINE#         240
  C:016AH         LINE#         241
  C:016FH         LINE#         242
  C:0174H         LINE#         244
  C:017BH         LINE#         245
  C:0183H         LINE#         246
  C:0188H         LINE#         247
  C:0190H         LINE#         248
  C:0195H         LINE#         249
  C:019FH         LINE#         250
  C:01A4H         LINE#         251
  C:01ACH         LINE#         253
  C:01B4H         LINE#         254
  C:01B9H         LINE#         255
  C:01C3H         LINE#         256
  C:01C3H         LINE#         257
  C:01C5H         LINE#         258
  C:01C7H         LINE#         259
  C:01D1H         LINE#         260
  C:01D1H         LINE#         261
  C:01D6H         LINE#         262
  C:01D6H         LINE#         274
  C:01EAH         LINE#         275
  C:01EAH         LINE#         276
  C:01FFH         LINE#         277
  C:020EH         LINE#         278
  C:020EH         LINE#         279
  C:0221H         LINE#         280
  C:0223H         LINE#         282
  C:0223H         LINE#         283
  C:023FH         LINE#         284
  C:023FH         LINE#         285
  C:0244H         LINE#         286
  C:0244H         LINE#         287
  C:0258H         LINE#         288
  C:0258H         LINE#         291
  C:026DH         LINE#         292
  C:027CH         LINE#         293
  C:027CH         LINE#         294
  C:028FH         LINE#         295
  C:0291H         LINE#         297
  C:0291H         LINE#         298
  C:02ADH         LINE#         299
  C:02ADH         LINE#         300
  C:02B2H         LINE#         301
  C:02B8H         LINE#         302
  C:02B8H         LINE#         304
  C:02DAH         LINE#         305
  C:02DAH         LINE#         306
  C:02E4H         LINE#         307
  C:02EAH         LINE#         308
  C:02F1H         LINE#         309
  C:02F7H         LINE#         310
BL51 BANKED LINKER/LOCATER V6.22                                                      05/23/2019  09:32:43  PAGE 12


  C:02FEH         LINE#         311
  C:02FEH         LINE#         312
  C:0301H         LINE#         314
  C:0301H         LINE#         319
  C:033CH         LINE#         323
  C:0349H         LINE#         324
  C:0349H         LINE#         328
  C:0349H         LINE#         329
  C:0371H         LINE#         330
  C:0371H         LINE#         331
  C:0393H         LINE#         332
  C:0393H         LINE#         334
  C:03B9H         LINE#         343
  C:03B9H         LINE#         344
  C:0435H         LINE#         345
  C:044EH         LINE#         346
  C:04D8H         LINE#         348
  C:04D8H         LINE#         352
  C:04D8H         LINE#         353
  C:04D8H         LINE#         355
  C:04D8H         LINE#         357
  C:04DFH         LINE#         358
  C:04DFH         LINE#         359
  C:04E2H         LINE#         360
  C:0500H         LINE#         361
  C:0507H         LINE#         362
  C:0526H         LINE#         363
  C:0545H         LINE#         365
  C:05C1H         LINE#         366
  C:05D9H         LINE#         369
  C:0631H         LINE#         370
  C:066CH         LINE#         371
  C:0679H         LINE#         372
  C:0689H         LINE#         373
  C:0689H         LINE#         375
  C:0691H         LINE#         376
  C:0699H         LINE#         377
  C:06A1H         LINE#         378
  C:06A9H         LINE#         380
  C:06B7H         LINE#         381
  C:06CDH         LINE#         382
  C:06FDH         LINE#         383
  C:071DH         LINE#         385
  C:0731H         LINE#         386
  C:0747H         LINE#         387
  C:0777H         LINE#         388
  C:077EH         LINE#         390
  C:07A2H         LINE#         393
  C:07A4H         LINE#         395
  C:07B2H         LINE#         396
  C:07B2H         LINE#         397
  C:07BAH         LINE#         399
  C:07BAH         LINE#         402
  C:07BAH         LINE#         403
  C:07C7H         LINE#         404
  C:07C7H         LINE#         405
  C:07E9H         LINE#         406
BL51 BANKED LINKER/LOCATER V6.22                                                      05/23/2019  09:32:43  PAGE 13


  C:07E9H         LINE#         407
  C:0865H         LINE#         408
  C:08BAH         LINE#         409
  C:08BAH         LINE#         411
  C:08BDH         LINE#         415
  C:08BDH         LINE#         418
  C:08DFH         LINE#         419
  C:08DFH         LINE#         420
  C:095BH         LINE#         422
  C:0988H         LINE#         423
  C:09A3H         LINE#         424
  C:09D0H         LINE#         425
  C:0A03H         LINE#         426
  C:0A03H         LINE#         427
  C:0A2DH         LINE#         428
  C:0AC6H         LINE#         429
  C:0AC8H         LINE#         431
  C:0AC8H         LINE#         432
  C:0B2BH         LINE#         433
  C:0B2BH         LINE#         437
  C:0B2BH         LINE#         439
  C:0B2BH         LINE#         440
  C:0B2BH         LINE#         442
  C:0B2BH         LINE#         445
  C:0B47H         LINE#         446
  C:0B4BH         LINE#         448
  C:0B4DH         LINE#         451
  C:0B5CH         LINE#         452
  C:0B5CH         LINE#         453
  C:0B5FH         LINE#         454
  C:0B66H         LINE#         455
  C:0B6BH         LINE#         456
  C:0B70H         LINE#         457
  C:0B75H         LINE#         458
  C:0B7AH         LINE#         459
  C:0B7FH         LINE#         469
  C:0B82H         LINE#         471
  C:0B85H         LINE#         472
  C:0B8CH         LINE#         473
  C:0B96H         LINE#         474
  C:0B9DH         LINE#         476
  C:0BA0H         LINE#         485
  C:0BA0H         LINE#         486
  -------         ENDPROC       MAIN
  -------         ENDMOD        MAIN

  -------         MODULE        PCF85063BTL
  C:0000H         SYMBOL        _ICE_DUMMY_
  D:0096H         PUBLIC        P2M0
  D:0080H         PUBLIC        P0
  D:0095H         PUBLIC        P2M1
  D:0090H         PUBLIC        P1
  D:00A0H         PUBLIC        P2
  D:00B0H         PUBLIC        P3
  D:00C0H         PUBLIC        P4
  D:00C8H         PUBLIC        P5
  D:00E8H         PUBLIC        P6
BL51 BANKED LINKER/LOCATER V6.22                                                      05/23/2019  09:32:43  PAGE 14


  B:00A0H.1       PUBLIC        PCF85063BTL_SDI
  D:00F8H         PUBLIC        P7
  B:00A0H.2       PUBLIC        PCF85063BTL_SCK
  B:00A0H.1       PUBLIC        PCF85063BTL_SDO
  D:00A8H         PUBLIC        IE
  C:4D83H         PUBLIC        _Read_time
  C:52C5H         PUBLIC        _PCF85063BTL_Delay
  D:00B8H         PUBLIC        IP
  D:00D8H         PUBLIC        CCON
  C:4C10H         PUBLIC        _Day_Of_Year
  C:51C2H         PUBLIC        SPI_ReceiveByte
  D:0098H         PUBLIC        SCON
  D:0088H         PUBLIC        TCON
  C:52F8H         PUBLIC        _BCDtoDec
  B:00A0H.0       PUBLIC        PCF85063BTL_CS
  C:52E7H         PUBLIC        _SPI_ReadTime
  C:000EH         PUBLIC        SPI_Init
  C:5252H         PUBLIC        _SPI_WriteTime
  C:51A2H         PUBLIC        _SPI_SendByte
  D:00D0H         PUBLIC        PSW
  C:52C1H         SYMBOL        L?0048
  -------         PROC          L?0047
  -------         ENDPROC       L?0047
  C:52C1H         SYMBOL        L?0048
  -------         PROC          _PCF85063BTL_DELAY
  D:0006H         SYMBOL        us
  C:52C5H         LINE#         8
  C:52C5H         LINE#         9
  C:52C5H         LINE#         10
  C:52CFH         LINE#         11
  C:52CFH         LINE#         12
  C:52D0H         LINE#         13
  C:52D2H         LINE#         14
  -------         ENDPROC       _PCF85063BTL_DELAY
  -------         PROC          _SPI_SENDBYTE
  D:0005H         SYMBOL        dat
  -------         DO            
  D:0003H         SYMBOL        i
  -------         ENDDO         
  C:51A2H         LINE#         17
  C:51A4H         LINE#         18
  C:51A4H         LINE#         20
  C:51A6H         LINE#         21
  C:51A6H         LINE#         22
  C:51A8H         LINE#         23
  C:51ACH         LINE#         24
  C:51ACH         LINE#         25
  C:51AEH         LINE#         26
  C:51B0H         LINE#         28
  C:51B0H         LINE#         29
  C:51B2H         LINE#         30
  C:51B2H         LINE#         31
  C:51B5H         LINE#         32
  C:51B5H         LINE#         33
  C:51B8H         LINE#         34
  C:51BCH         LINE#         35
  C:51C1H         LINE#         36
BL51 BANKED LINKER/LOCATER V6.22                                                      05/23/2019  09:32:43  PAGE 15


  -------         ENDPROC       _SPI_SENDBYTE
  -------         PROC          SPI_RECEIVEBYTE
  -------         DO            
  D:0003H         SYMBOL        i
  D:0005H         SYMBOL        dat
  -------         ENDDO         
  C:51C2H         LINE#         39
  C:51C2H         LINE#         40
  C:51C2H         LINE#         42
  C:51C4H         LINE#         44
  C:51C6H         LINE#         45
  C:51C7H         LINE#         46
  C:51C7H         LINE#         47
  C:51CBH         LINE#         48
  C:51CDH         LINE#         49
  C:51D0H         LINE#         51
  C:51D3H         LINE#         52
  C:51D3H         LINE#         53
  C:51D7H         LINE#         54
  C:51D7H         LINE#         55
  C:51D7H         LINE#         56
  C:51DAH         LINE#         57
  C:51DFH         LINE#         58
  C:51E1H         LINE#         59
  -------         ENDPROC       SPI_RECEIVEBYTE
  -------         PROC          _SPI_READTIME
  D:0007H         SYMBOL        addr
  -------         DO            
  D:0006H         SYMBOL        dat
  -------         ENDDO         
  C:52E7H         LINE#         61
  C:52E7H         LINE#         62
  C:52E7H         LINE#         64
  C:52E9H         LINE#         65
  C:52EBH         LINE#         66
  C:52F2H         LINE#         67
  C:52F5H         LINE#         68
  C:52F7H         LINE#         69
  C:52F7H         LINE#         70
  -------         ENDPROC       _SPI_READTIME
  -------         PROC          _SPI_WRITETIME
  D:0002H         SYMBOL        val
  D:0005H         SYMBOL        addr
  C:5252H         LINE#         71
  C:5254H         LINE#         72
  C:5254H         LINE#         74
  C:5256H         LINE#         75
  C:525DH         LINE#         76
  C:5262H         LINE#         77
  C:5267H         LINE#         78
  C:5269H         LINE#         79
  -------         ENDPROC       _SPI_WRITETIME
  -------         PROC          SPI_INIT
  C:000EH         LINE#         83
  C:000EH         LINE#         84
  C:000EH         LINE#         89
  C:0011H         LINE#         90
BL51 BANKED LINKER/LOCATER V6.22                                                      05/23/2019  09:32:43  PAGE 16


  C:0014H         LINE#         91
  C:0016H         LINE#         92
  C:0018H         LINE#         93
  C:001AH         LINE#         94
  -------         ENDPROC       SPI_INIT
  -------         PROC          _READ_TIME
  X:03F8H         SYMBOL        months
  X:03FBH         SYMBOL        days
  X:03FEH         SYMBOL        hours
  X:0401H         SYMBOL        mins
  X:0404H         SYMBOL        seconds
  C:4D83H         LINE#         96
  C:4D8EH         LINE#         97
  C:4D8EH         LINE#         99
  C:4DA2H         LINE#         101
  C:4DB6H         LINE#         103
  C:4DCAH         LINE#         108
  C:4DDEH         LINE#         113
  -------         ENDPROC       _READ_TIME
  -------         PROC          _BCDTODEC
  D:0007H         SYMBOL        bcd
  -------         DO            
  D:0006H         SYMBOL        hi
  D:0007H         SYMBOL        lo
  -------         ENDDO         
  C:52F8H         LINE#         119
  C:52F8H         LINE#         120
  C:52F8H         LINE#         122
  C:52FDH         LINE#         123
  C:5301H         LINE#         124
  C:5308H         LINE#         125
  -------         ENDPROC       _BCDTODEC
  -------         PROC          _DAY_OF_YEAR
  D:0007H         SYMBOL        months_bcd
  D:0005H         SYMBOL        days_bcd
  -------         DO            
  D:0004H         SYMBOL        months
  D:0007H         SYMBOL        days
  -------         ENDDO         
  C:4C10H         LINE#         126
  C:4C10H         LINE#         127
  C:4C10H         LINE#         130
  C:4C15H         LINE#         132
  C:4C1AH         LINE#         134
  C:4C53H         LINE#         135
  C:4C53H         LINE#         136
  C:4C53H         LINE#         137
  C:4C56H         LINE#         138
  C:4C56H         LINE#         139
  C:4C56H         LINE#         140
  C:4C5BH         LINE#         141
  C:4C5BH         LINE#         142
  C:4C5BH         LINE#         143
  C:4C60H         LINE#         144
  C:4C60H         LINE#         145
  C:4C60H         LINE#         146
  C:4C65H         LINE#         147
BL51 BANKED LINKER/LOCATER V6.22                                                      05/23/2019  09:32:43  PAGE 17


  C:4C65H         LINE#         148
  C:4C65H         LINE#         149
  C:4C6AH         LINE#         150
  C:4C6AH         LINE#         151
  C:4C6AH         LINE#         152
  C:4C6FH         LINE#         153
  C:4C6FH         LINE#         154
  C:4C6FH         LINE#         155
  C:4C74H         LINE#         156
  C:4C74H         LINE#         157
  C:4C74H         LINE#         158
  C:4C79H         LINE#         159
  C:4C79H         LINE#         160
  C:4C79H         LINE#         161
  C:4C81H         LINE#         162
  C:4C81H         LINE#         163
  C:4C81H         LINE#         164
  C:4C86H         LINE#         165
  C:4C86H         LINE#         166
  C:4C86H         LINE#         167
  C:4C8BH         LINE#         168
  C:4C8BH         LINE#         169
  C:4C8BH         LINE#         170
  C:4C94H         LINE#         171
  C:4C94H         LINE#         172
  C:4C94H         LINE#         173
  C:4C97H         LINE#         174
  C:4C97H         LINE#         175
  -------         ENDPROC       _DAY_OF_YEAR
  -------         ENDMOD        PCF85063BTL

  -------         MODULE        LCD_DRIVER_SPLC780D
  C:0000H         SYMBOL        _ICE_DUMMY_
  D:0092H         PUBLIC        P1M0
  D:0091H         PUBLIC        P1M1
  D:0080H         PUBLIC        P0
  D:0090H         PUBLIC        P1
  D:00A0H         PUBLIC        P2
  D:00B0H         PUBLIC        P3
  D:00C0H         PUBLIC        P4
  D:00C8H         PUBLIC        P5
  D:00E8H         PUBLIC        P6
  D:00F8H         PUBLIC        P7
  C:4C9CH         PUBLIC        _WriteData
  D:00A8H         PUBLIC        IE
  D:00B8H         PUBLIC        IP
  D:00D8H         PUBLIC        CCON
  B:00B0H.4       PUBLIC        LCD_D4
  B:00B0H.5       PUBLIC        LCD_D5
  B:00B0H.6       PUBLIC        LCD_D6
  C:5200H         PUBLIC        _DisplayLCD
  B:00B0H.7       PUBLIC        LCD_D7
  D:0098H         PUBLIC        SCON
  D:0088H         PUBLIC        TCON
  C:52D3H         PUBLIC        _abs
  C:534AH         PUBLIC        LCD_clear
  C:4F7DH         PUBLIC        _Command
BL51 BANKED LINKER/LOCATER V6.22                                                      05/23/2019  09:32:43  PAGE 18


  C:5280H         PUBLIC        _Display_Line
  C:4E4CH         PUBLIC        LCD_Init
  C:5163H         PUBLIC        _Wait_ms
  B:00C0H.0       PUBLIC        LCD_RS
  B:0090H.3       PUBLIC        LCD_RW
  C:5340H         PUBLIC        LCD_return_home
  C:3F92H         PUBLIC        _Display_Pos
  B:00B0H.3       PUBLIC        LCD_E
  D:00D0H         PUBLIC        PSW
  -------         PROC          LCD_INIT
  C:4E4CH         LINE#         9
  C:4E4CH         LINE#         10
  C:4E4CH         LINE#         11
  C:4E4FH         LINE#         12
  C:4E52H         LINE#         14
  C:4E58H         LINE#         15
  C:4E5DH         LINE#         17
  C:4E64H         LINE#         18
  C:4E69H         LINE#         20
  C:4E6CH         LINE#         21
  C:4E71H         LINE#         23
  C:4E74H         LINE#         24
  C:4E79H         LINE#         26
  C:4E80H         LINE#         29
  C:4E85H         LINE#         30
  C:4E8AH         LINE#         32
  C:4E8FH         LINE#         33
  C:4E94H         LINE#         35
  C:4E99H         LINE#         36
  C:4E9EH         LINE#         37
  -------         ENDPROC       LCD_INIT
  C:4C98H         SYMBOL        L?0038
  -------         PROC          L?0037
  -------         ENDPROC       L?0037
  C:4C98H         SYMBOL        L?0038
  -------         PROC          _WRITEDATA
  X:04E2H         SYMBOL        dat
  C:4C9CH         LINE#         40
  C:4CA1H         LINE#         41
  C:4CA1H         LINE#         46
  C:4CA3H         LINE#         47
  C:4CA5H         LINE#         49
  C:4CB3H         LINE#         50
  C:4CBFH         LINE#         51
  C:4CCBH         LINE#         52
  C:4CD5H         LINE#         53
  C:4CD7H         LINE#         54
  C:4CDEH         LINE#         55
  C:4CE0H         LINE#         57
  C:4CF0H         LINE#         58
  C:4CFBH         LINE#         59
  C:4D05H         LINE#         60
  C:4D09H         LINE#         62
  C:4D09H         LINE#         63
  C:4D0CH         LINE#         64
  C:4D0EH         LINE#         65
  C:4D10H         LINE#         67
BL51 BANKED LINKER/LOCATER V6.22                                                      05/23/2019  09:32:43  PAGE 19


  -------         ENDPROC       _WRITEDATA
  -------         PROC          _COMMAND
  D:0007H         SYMBOL        dat
  C:4F7DH         LINE#         69
  C:4F7DH         LINE#         70
  C:4F7DH         LINE#         71
  C:4F7FH         LINE#         72
  C:4F81H         LINE#         74
  C:4F8BH         LINE#         75
  C:4F8FH         LINE#         77
  C:4F91H         LINE#         78
  C:4F9AH         LINE#         79
  C:4F9EH         LINE#         81
  C:4FA0H         LINE#         82
  C:4FA7H         LINE#         83
  C:4FABH         LINE#         85
  C:4FADH         LINE#         86
  C:4FB1H         LINE#         87
  C:4FB5H         LINE#         89
  C:4FB7H         LINE#         90
  C:4FB7H         LINE#         91
  C:4FBAH         LINE#         92
  C:4FBCH         LINE#         93
  -------         ENDPROC       _COMMAND
  C:515FH         SYMBOL        L?0040
  -------         PROC          L?0039
  -------         ENDPROC       L?0039
  C:515FH         SYMBOL        L?0040
  -------         PROC          _WAIT_MS
  D:0006H         SYMBOL        ms
  -------         DO            
  D:0004H         SYMBOL        De_Cnt
  -------         ENDDO         
  C:5163H         LINE#         95
  C:5163H         LINE#         96
  C:5163H         LINE#         98
  C:516DH         LINE#         99
  C:516DH         LINE#         100
  C:5180H         LINE#         101
  C:5180H         LINE#         102
  -------         ENDPROC       _WAIT_MS
  -------         PROC          _DISPLAYLCD
  D:0007H         SYMBOL        BCD
  -------         DO            
  D:0006H         SYMBOL        first_digit
  X:03F8H         SYMBOL        second_digit
  -------         ENDDO         
  C:5200H         LINE#         103
  C:5200H         LINE#         104
  C:5200H         LINE#         106
  C:5207H         LINE#         107
  C:5210H         LINE#         109
  C:5215H         LINE#         111
  -------         ENDPROC       _DISPLAYLCD
  -------         PROC          LCD_RETURN_HOME
  C:5340H         LINE#         115
  C:5340H         LINE#         116
BL51 BANKED LINKER/LOCATER V6.22                                                      05/23/2019  09:32:43  PAGE 20


  C:5340H         LINE#         117
  C:5345H         LINE#         118
  -------         ENDPROC       LCD_RETURN_HOME
  -------         PROC          LCD_CLEAR
  C:534AH         LINE#         121
  C:534AH         LINE#         122
  C:534AH         LINE#         123
  C:534FH         LINE#         124
  -------         ENDPROC       LCD_CLEAR
  -------         PROC          _DISPLAY_LINE
  D:0006H         SYMBOL        line
  C:5280H         LINE#         128
  C:5280H         LINE#         129
  C:5280H         LINE#         130
  C:5286H         LINE#         131
  C:5286H         LINE#         132
  C:5288H         LINE#         133
  C:5288H         LINE#         134
  C:528AH         LINE#         136
  C:528AH         LINE#         137
  C:528FH         LINE#         138
  C:5294H         LINE#         139
  C:5294H         LINE#         140
  -------         ENDPROC       _DISPLAY_LINE
  -------         PROC          _DISPLAY_POS
  X:04D7H         SYMBOL        sign_dat
  -------         DO            
  X:04DBH         SYMBOL        unit
  X:04DCH         SYMBOL        ten
  X:04DDH         SYMBOL        hundred
  X:04DEH         SYMBOL        thousand
  X:04DFH         SYMBOL        after_dot
  X:04E0H         SYMBOL        dat
  -------         ENDDO         
  C:3F92H         LINE#         142
  C:3F98H         LINE#         143
  C:3F98H         LINE#         147
  C:3FB4H         LINE#         148
  C:3FCEH         LINE#         149
  C:3FF2H         LINE#         151
  C:403CH         LINE#         153
  C:4053H         LINE#         154
  C:4065H         LINE#         155
  C:408AH         LINE#         156
  C:40A4H         LINE#         157
  C:40BCH         LINE#         158
  C:40BCH         LINE#         159
  C:40BCH         LINE#         160
  C:40BCH         LINE#         161
  C:40BCH         LINE#         162
  C:40BCH         LINE#         163
  C:40BCH         LINE#         164
  C:40BCH         LINE#         168
  C:40BEH         LINE#         170
  C:40BEH         LINE#         172
  C:40C3H         LINE#         173
  C:40C9H         LINE#         174
BL51 BANKED LINKER/LOCATER V6.22                                                      05/23/2019  09:32:43  PAGE 21


  C:40CFH         LINE#         175
  C:40D5H         LINE#         176
  C:40DBH         LINE#         177
  C:40E0H         LINE#         178
  C:40E6H         LINE#         182
  C:40E6H         LINE#         184
  -------         ENDPROC       _DISPLAY_POS
  -------         PROC          _ABS
  D:0006H         SYMBOL        dat
  C:52D3H         LINE#         186
  C:52D3H         LINE#         187
  C:52D3H         LINE#         188
  C:52DEH         LINE#         189
  C:52DFH         LINE#         191
  C:52E6H         LINE#         192
  -------         ENDPROC       _ABS
  -------         ENDMOD        LCD_DRIVER_SPLC780D

  -------         MODULE        KEYPAD
  C:0000H         SYMBOL        _ICE_DUMMY_
  D:0093H         PUBLIC        P0M1
  D:0080H         PUBLIC        P0
  D:0090H         PUBLIC        P1
  D:00A0H         PUBLIC        P2
  D:00B0H         PUBLIC        P3
  D:00C0H         PUBLIC        P4
  D:00C8H         PUBLIC        P5
  D:00E8H         PUBLIC        P6
  D:00F8H         PUBLIC        P7
  D:00A8H         PUBLIC        IE
  C:398EH         PUBLIC        Key_Scan
  D:00B8H         PUBLIC        IP
  D:00D8H         PUBLIC        CCON
  C:5334H         PUBLIC        KeyPad_IO_Init
  C:51E2H         PUBLIC        _Delay_ms
  D:0098H         PUBLIC        SCON
  D:0088H         PUBLIC        TCON
  X:05F3H         PUBLIC        small_move
  X:05F5H         PUBLIC        move
  X:05F7H         PUBLIC        auto_mode
  X:05F9H         PUBLIC        direction
  X:05FBH         PUBLIC        SPI_NOR_ClearEnable
  C:30C2H         PUBLIC        Key_Process
  D:00D0H         PUBLIC        PSW
  D:0094H         PUBLIC        P0M0
  -------         PROC          _DELAY_MS
  D:0006H         SYMBOL        ms
  -------         DO            
  D:0004H         SYMBOL        De_Cnt
  -------         ENDDO         
  C:51E2H         LINE#         20
  C:51E2H         LINE#         21
  C:51E2H         LINE#         23
  C:51ECH         LINE#         24
  C:51ECH         LINE#         25
  C:51FFH         LINE#         26
  C:51FFH         LINE#         27
BL51 BANKED LINKER/LOCATER V6.22                                                      05/23/2019  09:32:43  PAGE 22


  -------         ENDPROC       _DELAY_MS
  -------         PROC          KEY_SCAN
  -------         DO            
  X:03FEH         SYMBOL        KeyTemp1
  X:03FFH         SYMBOL        KeyTemp2
  X:0400H         SYMBOL        KeyValue
  -------         ENDDO         
  C:398EH         LINE#         28
  C:398EH         LINE#         29
  C:398EH         LINE#         34
  C:3991H         LINE#         37
  C:3994H         LINE#         39
  C:399CH         LINE#         40
  C:39A3H         LINE#         41
  C:39A3H         LINE#         43
  C:39A8H         LINE#         44
  C:39AFH         LINE#         45
  C:39AFH         LINE#         48
  C:39B2H         LINE#         49
  C:39B5H         LINE#         50
  C:39BAH         LINE#         51
  C:39BEH         LINE#         52
  C:39BEH         LINE#         53
  C:39C6H         LINE#         54
  C:39C6H         LINE#         55
  C:39C9H         LINE#         56
  C:39D1H         LINE#         57
  C:39D3H         LINE#         59
  C:39E7H         LINE#         60
  C:39E7H         LINE#         61
  C:39E7H         LINE#         62
  C:39E7H         LINE#         63
  C:39EDH         LINE#         65
  C:39EFH         LINE#         66
  C:39EFH         LINE#         67
  C:39EFH         LINE#         68
  C:39F5H         LINE#         70
  C:39F7H         LINE#         71
  C:39F7H         LINE#         72
  C:39F7H         LINE#         73
  C:39FDH         LINE#         75
  C:39FFH         LINE#         76
  C:39FFH         LINE#         77
  C:39FFH         LINE#         78
  C:3A05H         LINE#         80
  C:3A05H         LINE#         81
  C:3A05H         LINE#         82
  C:3A05H         LINE#         85
  C:3A08H         LINE#         86
  C:3A0BH         LINE#         87
  C:3A13H         LINE#         88
  C:3A17H         LINE#         89
  C:3A17H         LINE#         90
  C:3A1FH         LINE#         91
  C:3A1FH         LINE#         92
  C:3A22H         LINE#         93
  C:3A2AH         LINE#         94
BL51 BANKED LINKER/LOCATER V6.22                                                      05/23/2019  09:32:43  PAGE 23


  C:3A2CH         LINE#         95
  C:3A40H         LINE#         96
  C:3A40H         LINE#         97
  C:3A40H         LINE#         98
  C:3A40H         LINE#         99
  C:3A46H         LINE#         101
  C:3A48H         LINE#         102
  C:3A48H         LINE#         103
  C:3A48H         LINE#         104
  C:3A4EH         LINE#         106
  C:3A50H         LINE#         107
  C:3A50H         LINE#         108
  C:3A50H         LINE#         109
  C:3A56H         LINE#         111
  C:3A58H         LINE#         112
  C:3A58H         LINE#         113
  C:3A58H         LINE#         114
  C:3A5DH         LINE#         116
  C:3A5DH         LINE#         117
  C:3A5DH         LINE#         118
  C:3A5DH         LINE#         121
  C:3A60H         LINE#         122
  C:3A63H         LINE#         123
  C:3A6BH         LINE#         124
  C:3A6FH         LINE#         125
  C:3A6FH         LINE#         126
  C:3A77H         LINE#         127
  C:3A77H         LINE#         128
  C:3A7AH         LINE#         129
  C:3A82H         LINE#         130
  C:3A84H         LINE#         131
  C:3A98H         LINE#         132
  C:3A98H         LINE#         133
  C:3A98H         LINE#         134
  C:3A98H         LINE#         135
  C:3A9EH         LINE#         137
  C:3AA0H         LINE#         138
  C:3AA0H         LINE#         139
  C:3AA0H         LINE#         140
  C:3AA6H         LINE#         142
  C:3AA8H         LINE#         143
  C:3AA8H         LINE#         144
  C:3AA8H         LINE#         145
  C:3AAEH         LINE#         147
  C:3AB0H         LINE#         148
  C:3AB0H         LINE#         149
  C:3AB0H         LINE#         150
  C:3AB6H         LINE#         152
  C:3AB6H         LINE#         153
  C:3AB6H         LINE#         154
  C:3AB6H         LINE#         158
  C:3AB9H         LINE#         159
  C:3ABCH         LINE#         160
  C:3AC4H         LINE#         161
  C:3AC8H         LINE#         162
  C:3AC8H         LINE#         163
  C:3AD0H         LINE#         164
BL51 BANKED LINKER/LOCATER V6.22                                                      05/23/2019  09:32:43  PAGE 24


  C:3AD0H         LINE#         165
  C:3AD3H         LINE#         166
  C:3ADBH         LINE#         167
  C:3ADDH         LINE#         168
  C:3AF1H         LINE#         169
  C:3AF1H         LINE#         170
  C:3AF1H         LINE#         171
  C:3AF1H         LINE#         172
  C:3AF7H         LINE#         174
  C:3AF9H         LINE#         175
  C:3AF9H         LINE#         176
  C:3AF9H         LINE#         177
  C:3AFFH         LINE#         179
  C:3B01H         LINE#         180
  C:3B01H         LINE#         181
  C:3B01H         LINE#         182
  C:3B07H         LINE#         184
  C:3B09H         LINE#         185
  C:3B09H         LINE#         186
  C:3B09H         LINE#         187
  C:3B0FH         LINE#         189
  C:3B0FH         LINE#         190
  C:3B0FH         LINE#         191
  C:3B0FH         LINE#         193
  C:3B15H         LINE#         194
  C:3B15H         LINE#         196
  C:3B15H         LINE#         197
  C:3B18H         LINE#         198
  C:3B18H         LINE#         199
  C:3B18H         LINE#         201
  C:3B18H         LINE#         202
  C:3B1AH         LINE#         203
  C:3B1AH         LINE#         204
  -------         ENDPROC       KEY_SCAN
  -------         PROC          KEY_PROCESS
  -------         DO            
  X:05E4H         SYMBOL        KeyCount
  X:05E5H         SYMBOL        KeyNum_Old
  X:05E7H         SYMBOL        KeyNum
  X:05E9H         SYMBOL        PressedKey
  X:03F8H         SYMBOL        d
  D:0002H         SYMBOL        hours
  D:0006H         SYMBOL        mins
  X:03FAH         SYMBOL        months
  X:03FCH         SYMBOL        days
  -------         ENDDO         
  C:30C2H         LINE#         205
  C:30C2H         LINE#         206
  C:30C2H         LINE#         210
  C:30D1H         LINE#         211
  C:30DEH         LINE#         213
  C:30E2H         LINE#         214
  C:30E2H         LINE#         215
  C:30E8H         LINE#         217
  C:30E8H         LINE#         218
  C:30FFH         LINE#         219
  C:30FFH         LINE#         220
BL51 BANKED LINKER/LOCATER V6.22                                                      05/23/2019  09:32:43  PAGE 25


  C:3109H         LINE#         221
  C:310FH         LINE#         223
  C:3115H         LINE#         225
  C:3115H         LINE#         226
  C:312CH         LINE#         227
  C:312CH         LINE#         228
  C:3131H         LINE#         230
  C:3131H         LINE#         231
  C:3141H         LINE#         232
  C:3141H         LINE#         233
  C:3147H         LINE#         235
  C:3147H         LINE#         236
  C:3159H         LINE#         237
  C:3159H         LINE#         238
  C:3163H         LINE#         239
  C:316BH         LINE#         241
  C:3174H         LINE#         243
  C:3174H         LINE#         252
  C:3193H         LINE#         253
  C:3193H         LINE#         254
  C:31B2H         LINE#         255
  C:31B8H         LINE#         256
  C:31C0H         LINE#         257
  C:31C0H         LINE#         259
  C:31C1H         LINE#         265
  C:31CDH         LINE#         266
  C:31CDH         LINE#         267
  C:31EAH         LINE#         268
  C:3201H         LINE#         269
  C:3218H         LINE#         270
  C:3218H         LINE#         271
  C:322BH         LINE#         272
  C:323EH         LINE#         273
  C:323EH         LINE#         274
  C:323EH         LINE#         275
  C:3241H         LINE#         280
  C:3250H         LINE#         281
  C:3250H         LINE#         282
  C:3273H         LINE#         283
  C:3290H         LINE#         284
  C:3299H         LINE#         285
  C:3299H         LINE#         286
  C:32A0H         LINE#         287
  C:32A0H         LINE#         288
  C:32B1H         LINE#         289
  C:32B1H         LINE#         290
  C:32C0H         LINE#         291
  C:32C0H         LINE#         292
  C:32C0H         LINE#         293
  C:32C3H         LINE#         295
  C:32C3H         LINE#         296
  C:32CFH         LINE#         297
  C:32CFH         LINE#         298
  C:32E1H         LINE#         299
  C:32E1H         LINE#         300
  C:32F1H         LINE#         301
  C:32F1H         LINE#         302
BL51 BANKED LINKER/LOCATER V6.22                                                      05/23/2019  09:32:43  PAGE 26


  C:32F1H         LINE#         304
  C:32F3H         LINE#         306
  C:32F3H         LINE#         307
  C:3302H         LINE#         308
  C:3302H         LINE#         309
  C:3312H         LINE#         310
  C:3312H         LINE#         311
  C:3312H         LINE#         313
  C:3312H         LINE#         315
  C:3312H         LINE#         316
  C:3314H         LINE#         318
  C:3314H         LINE#         319
  C:331BH         LINE#         320
  C:331BH         LINE#         321
  C:332AH         LINE#         322
  C:332AH         LINE#         323
  C:333AH         LINE#         324
  C:333AH         LINE#         325
  C:333AH         LINE#         326
  C:333CH         LINE#         328
  C:333CH         LINE#         329
  C:334BH         LINE#         330
  C:334BH         LINE#         331
  C:335EH         LINE#         332
  C:3371H         LINE#         333
  C:3371H         LINE#         334
  C:3371H         LINE#         335
  C:3371H         LINE#         336
  C:337AH         LINE#         338
  C:337AH         LINE#         340
  C:33B4H         LINE#         341
  C:33B4H         LINE#         342
  C:33BBH         LINE#         343
  C:33BBH         LINE#         344
  C:33C5H         LINE#         345
  C:33C5H         LINE#         346
  C:33C8H         LINE#         347
  C:33CDH         LINE#         348
  C:33D2H         LINE#         349
  C:33D7H         LINE#         350
  C:33DCH         LINE#         351
  C:33E1H         LINE#         352
  C:33E6H         LINE#         353
  C:33EBH         LINE#         354
  C:33EBH         LINE#         355
  C:33EBH         LINE#         357
  C:3409H         LINE#         358
  C:3409H         LINE#         359
  C:3410H         LINE#         360
  C:3410H         LINE#         361
  C:3415H         LINE#         362
  C:341EH         LINE#         363
  C:343DH         LINE#         364
  C:343DH         LINE#         365
  C:344DH         LINE#         367
  C:344DH         LINE#         371
  -------         ENDPROC       KEY_PROCESS
BL51 BANKED LINKER/LOCATER V6.22                                                      05/23/2019  09:32:43  PAGE 27


  -------         PROC          KEYPAD_IO_INIT
  C:5334H         LINE#         374
  C:5334H         LINE#         375
  C:5334H         LINE#         376
  C:5337H         LINE#         377
  C:533AH         LINE#         378
  C:533DH         LINE#         379
  C:533FH         LINE#         380
  -------         ENDPROC       KEYPAD_IO_INIT
  -------         ENDMOD        KEYPAD

  -------         MODULE        BIPOLARMOTOR
  C:0000H         SYMBOL        _ICE_DUMMY_
  X:0000H         PUBLIC        UTC_time
  D:0080H         PUBLIC        P0
  D:0090H         PUBLIC        P1
  X:0004H         PUBLIC        RX_pos_test
  D:00A0H         PUBLIC        P2
  D:00B0H         PUBLIC        P3
  D:00C0H         PUBLIC        P4
  D:00C8H         PUBLIC        P5
  D:00E8H         PUBLIC        P6
  D:00F8H         PUBLIC        P7
  X:00A4H         PUBLIC        low_date_azimuth_mapping
  D:00A8H         PUBLIC        IE
  C:465CH         PUBLIC        linear_interpolate
  X:00CCH         PUBLIC        declination
  C:50E9H         PUBLIC        _Move
  D:00B8H         PUBLIC        IP
  X:00D0H         PUBLIC        time_offset
  D:00D8H         PUBLIC        CCON
  X:00D4H         PUBLIC        previous_move_time
  X:00D5H         PUBLIC        time
  D:0098H         PUBLIC        SCON
  D:0088H         PUBLIC        TCON
  C:4FBDH         PUBLIC        _Step_move
  X:00E7H         PUBLIC        dat
  X:00EDH         PUBLIC        current_local_sun_time
  C:1CE9H         PUBLIC        _Update_position
  C:344EH         PUBLIC        _elevation_calculation
  X:00F1H         PUBLIC        sunCoord
  C:4EA5H         PUBLIC        vOneStepMove
  X:00F4H         PUBLIC        elevation_stamp
  X:0130H         PUBLIC        date_azimuth_mapping
  X:0158H         PUBLIC        location
  X:0160H         PUBLIC        RX_pos
  C:5295H         PUBLIC        vSetLocation
  C:5227H         PUBLIC        _BCDtoDec1
  X:03B8H         PUBLIC        degree
  C:2325H         PUBLIC        _TheoricalJP_Position
  D:00D0H         PUBLIC        PSW
  -------         PROC          VSETLOCATION
  C:5295H         LINE#         44
  C:5295H         LINE#         45
  C:5295H         LINE#         46
  C:529FH         LINE#         47
  C:52A9H         LINE#         48
BL51 BANKED LINKER/LOCATER V6.22                                                      05/23/2019  09:32:43  PAGE 28


  -------         ENDPROC       VSETLOCATION
  C:5223H         SYMBOL        L?0060
  -------         PROC          L?0059
  -------         ENDPROC       L?0059
  C:5223H         SYMBOL        L?0060
  -------         PROC          _BCDTODEC1
  D:0007H         SYMBOL        bcd
  -------         DO            
  D:0006H         SYMBOL        hi
  D:0007H         SYMBOL        lo
  -------         ENDDO         
  C:5227H         LINE#         49
  C:5227H         LINE#         50
  C:5227H         LINE#         52
  C:522CH         LINE#         53
  C:5230H         LINE#         54
  C:5237H         LINE#         55
  -------         ENDPROC       _BCDTODEC1
  -------         PROC          VONESTEPMOVE
  B:0020H.3       SYMBOL        bDir
  C:4EA5H         LINE#         59
  C:4EA5H         LINE#         60
  C:4EA5H         LINE#         62
  C:4EABH         LINE#         63
  C:4EABH         LINE#         64
  C:4EAEH         LINE#         65
  C:4EB7H         LINE#         66
  C:4EBEH         LINE#         67
  C:4EC3H         LINE#         68
  C:4EC3H         LINE#         69
  C:4EC3H         LINE#         71
  C:4EC5H         LINE#         74
  C:4EC5H         LINE#         75
  C:4EC8H         LINE#         76
  C:4ED1H         LINE#         77
  C:4ED8H         LINE#         78
  C:4EDEH         LINE#         79
  C:4EE7H         LINE#         80
  C:4EEEH         LINE#         81
  C:4EEEH         LINE#         85
  -------         ENDPROC       VONESTEPMOVE
  -------         PROC          _STEP_MOVE
  X:04DBH         SYMBOL        step
  B:0020H.2       SYMBOL        dir
  -------         DO            
  X:04DDH         SYMBOL        i
  -------         ENDDO         
  C:4FBDH         LINE#         87
  C:4FC5H         LINE#         88
  C:4FC5H         LINE#         90
  C:4FCAH         LINE#         93
  C:4FE5H         LINE#         94
  C:4FE5H         LINE#         95
  C:4FECH         LINE#         97
  C:4FFCH         LINE#         99
  -------         ENDPROC       _STEP_MOVE
  -------         PROC          _MOVE
BL51 BANKED LINKER/LOCATER V6.22                                                      05/23/2019  09:32:43  PAGE 29


  X:04D7H         SYMBOL        distance
  B:0020H.1       SYMBOL        direction
  -------         DO            
  D:0006H         SYMBOL        step
  -------         ENDDO         
  C:50E9H         LINE#         101
  C:50EFH         LINE#         102
  C:50EFH         LINE#         105
  C:510AH         LINE#         106
  -------         ENDPROC       _MOVE
  C:464BH         SYMBOL        L?0058
  -------         PROC          L?0057
  -------         ENDPROC       L?0057
  C:464BH         SYMBOL        L?0058
  -------         PROC          LINEAR_INTERPOLATE
  X:049EH         SYMBOL        p1
  X:04A6H         SYMBOL        p2
  X:04AEH         SYMBOL        x
  -------         DO            
  D:0004H         SYMBOL        fx
  -------         ENDDO         
  C:465CH         LINE#         139
  C:465CH         LINE#         140
  C:465CH         LINE#         143
  C:46FBH         LINE#         145
  C:46FBH         LINE#         146
  -------         ENDPROC       LINEAR_INTERPOLATE
  -------         PROC          _THEORICALJP_POSITION
  X:0442H         SYMBOL        azimuth
  X:0446H         SYMBOL        elevation
  -------         DO            
  X:044AH         SYMBOL        pos_interpolate_azimuth
  X:0486H         SYMBOL        JP_pos
  X:048AH         SYMBOL        i
  X:048CH         SYMBOL        yy
  X:048EH         SYMBOL        p1
  X:0496H         SYMBOL        p2
  -------         ENDDO         
  C:2325H         LINE#         149
  C:232BH         LINE#         150
  C:232BH         LINE#         152
  C:2335H         LINE#         155
  C:2351H         LINE#         156
  C:2351H         LINE#         157
  C:23C1H         LINE#         158
  C:23C1H         LINE#         159
  C:23C8H         LINE#         160
  C:23C8H         LINE#         161
  C:23F5H         LINE#         162
  C:2410H         LINE#         164
  C:2457H         LINE#         165
  C:248BH         LINE#         167
  C:24D1H         LINE#         168
  C:24F6H         LINE#         170
  C:24F6H         LINE#         172
  C:256CH         LINE#         173
  C:256CH         LINE#         174
BL51 BANKED LINKER/LOCATER V6.22                                                      05/23/2019  09:32:43  PAGE 30


  C:2573H         LINE#         175
  C:2573H         LINE#         176
  C:25A0H         LINE#         177
  C:25BBH         LINE#         179
  C:2602H         LINE#         180
  C:2636H         LINE#         182
  C:267CH         LINE#         183
  C:269EH         LINE#         185
  C:269EH         LINE#         186
  C:26B2H         LINE#         189
  C:26CEH         LINE#         190
  C:26CEH         LINE#         191
  C:273EH         LINE#         192
  C:273EH         LINE#         193
  C:276BH         LINE#         194
  C:2786H         LINE#         196
  C:27B3H         LINE#         197
  C:27CEH         LINE#         199
  C:2800H         LINE#         202
  C:2800H         LINE#         204
  C:2811H         LINE#         205
  C:281FH         LINE#         207
  -------         ENDPROC       _THEORICALJP_POSITION
  -------         PROC          _UPDATE_POSITION
  D:0001H         SYMBOL        mnths
  D:0002H         SYMBOL        dys
  X:041EH         SYMBOL        hurs
  X:041FH         SYMBOL        mns
  X:0420H         SYMBOL        sconds
  X:0421H         SYMBOL        currnt_pos
  X:0424H         SYMBOL        offset_calib
  -------         DO            
  X:0428H         SYMBOL        date
  X:042AH         SYMBOL        i
  X:042CH         SYMBOL        yy
  X:042EH         SYMBOL        desired_distance
  X:0432H         SYMBOL        distance
  X:0436H         SYMBOL        JP_pos
  X:043AH         SYMBOL        elevation
  X:043EH         SYMBOL        azimuth
  -------         ENDDO         
  C:1CE9H         LINE#         210
  C:1CF2H         LINE#         213
  C:1CF2H         LINE#         214
  C:1CFDH         LINE#         216
  C:1D19H         LINE#         223
  C:1D23H         LINE#         224
  C:1D2EH         LINE#         225
  C:1D39H         LINE#         226
  C:1D52H         LINE#         227
  C:1D63H         LINE#         228
  C:1D72H         LINE#         231
  C:1D86H         LINE#         235
  C:1DD8H         LINE#         236
  C:1F3CH         LINE#         237
  C:1F8CH         LINE#         240
  C:20B4H         LINE#         243
BL51 BANKED LINKER/LOCATER V6.22                                                      05/23/2019  09:32:43  PAGE 31


  C:2183H         LINE#         250
  C:21CAH         LINE#         251
  C:21CAH         LINE#         253
  C:21F5H         LINE#         254
  C:2224H         LINE#         256
  C:2249H         LINE#         257
  C:22AEH         LINE#         258
  C:22AEH         LINE#         259
  C:22C8H         LINE#         260
  C:22DAH         LINE#         261
  C:22F2H         LINE#         262
  C:2308H         LINE#         264
  C:2324H         LINE#         265
  C:2324H         LINE#         266
  C:2324H         LINE#         269
  -------         ENDPROC       _UPDATE_POSITION
  -------         PROC          _ELEVATION_CALCULATION
  D:0007H         SYMBOL        mnths
  D:0005H         SYMBOL        dys
  X:03FAH         SYMBOL        hurs
  X:03FBH         SYMBOL        mns
  X:03FCH         SYMBOL        sconds
  C:344EH         LINE#         271
  C:3453H         LINE#         273
  C:3453H         LINE#         274
  C:345DH         LINE#         275
  C:3466H         LINE#         276
  C:3471H         LINE#         277
  C:348AH         LINE#         278
  C:349EH         LINE#         279
  C:34B0H         LINE#         283
  C:3502H         LINE#         284
  C:3666H         LINE#         285
  C:36B6H         LINE#         287
  C:37CDH         LINE#         289
  -------         ENDPROC       _ELEVATION_CALCULATION
  -------         ENDMOD        BIPOLARMOTOR

  -------         MODULE        SUNPOS
  C:0000H         SYMBOL        _ICE_DUMMY_
  C:1547H         PUBLIC        sunpos
  -------         PROC          SUNPOS
  X:0442H         SYMBOL        udtTime
  X:0454H         SYMBOL        udtLocation
  X:045CH         SYMBOL        udtSunCoordinates
  -------         DO            
  X:045FH         SYMBOL        dElapsedJulianDays
  X:0463H         SYMBOL        dDecimalHours
  X:0467H         SYMBOL        dEclipticLongitude
  X:046BH         SYMBOL        dEclipticObliquity
  X:046FH         SYMBOL        dRightAscension
  X:0473H         SYMBOL        dDeclination
  X:0477H         SYMBOL        dY
  X:047BH         SYMBOL        dX
  -------         DO            
  X:047FH         SYMBOL        dJulianDate
  X:0483H         SYMBOL        liAux1
BL51 BANKED LINKER/LOCATER V6.22                                                      05/23/2019  09:32:43  PAGE 32


  X:0487H         SYMBOL        liAux2
  X:047FH         SYMBOL        dMeanLongitude
  X:0483H         SYMBOL        dMeanAnomaly
  X:0487H         SYMBOL        dOmega
  X:047FH         SYMBOL        dSin_EclipticLongitude
  X:047FH         SYMBOL        dGreenwichMeanSiderealTime
  X:0483H         SYMBOL        dLocalMeanSiderealTime
  X:0487H         SYMBOL        dLatitudeInRadians
  X:048BH         SYMBOL        dHourAngle
  X:048FH         SYMBOL        dCos_Latitude
  X:0493H         SYMBOL        dSin_Latitude
  X:0497H         SYMBOL        dCos_HourAngle
  X:049BH         SYMBOL        dParallax
  -------         ENDDO         
  -------         DO            
  X:047FH         SYMBOL        dMeanLongitude
  X:0483H         SYMBOL        dMeanAnomaly
  X:0487H         SYMBOL        dOmega
  X:047FH         SYMBOL        dSin_EclipticLongitude
  X:047FH         SYMBOL        dGreenwichMeanSiderealTime
  X:0483H         SYMBOL        dLocalMeanSiderealTime
  X:0487H         SYMBOL        dLatitudeInRadians
  X:048BH         SYMBOL        dHourAngle
  X:048FH         SYMBOL        dCos_Latitude
  X:0493H         SYMBOL        dSin_Latitude
  X:0497H         SYMBOL        dCos_HourAngle
  X:049BH         SYMBOL        dParallax
  -------         ENDDO         
  -------         DO            
  X:047FH         SYMBOL        dSin_EclipticLongitude
  X:047FH         SYMBOL        dGreenwichMeanSiderealTime
  X:0483H         SYMBOL        dLocalMeanSiderealTime
  X:0487H         SYMBOL        dLatitudeInRadians
  X:048BH         SYMBOL        dHourAngle
  X:048FH         SYMBOL        dCos_Latitude
  X:0493H         SYMBOL        dSin_Latitude
  X:0497H         SYMBOL        dCos_HourAngle
  X:049BH         SYMBOL        dParallax
  -------         ENDDO         
  -------         DO            
  X:047FH         SYMBOL        dGreenwichMeanSiderealTime
  X:0483H         SYMBOL        dLocalMeanSiderealTime
  X:0487H         SYMBOL        dLatitudeInRadians
  X:048BH         SYMBOL        dHourAngle
  X:048FH         SYMBOL        dCos_Latitude
  X:0493H         SYMBOL        dSin_Latitude
  X:0497H         SYMBOL        dCos_HourAngle
  X:049BH         SYMBOL        dParallax
  -------         ENDDO         
  -------         ENDDO         
  C:1547H         LINE#         6
  C:1547H         LINE#         7
  C:1547H         LINE#         9
  C:1547H         LINE#         27
  C:1591H         LINE#         30
  C:15B2H         LINE#         31
  C:16F9H         LINE#         34
BL51 BANKED LINKER/LOCATER V6.22                                                      05/23/2019  09:32:43  PAGE 33


  C:1745H         LINE#         36
  C:1764H         LINE#         37
  C:1764H         LINE#         42
  C:1764H         LINE#         46
  C:1796H         LINE#         47
  C:17C0H         LINE#         48
  C:17EAH         LINE#         49
  C:1897H         LINE#         52
  C:18F8H         LINE#         54
  C:18F8H         LINE#         59
  C:18F8H         LINE#         61
  C:190FH         LINE#         62
  C:1937H         LINE#         63
  C:194EH         LINE#         64
  C:1979H         LINE#         65
  C:19B0H         LINE#         66
  C:19DBH         LINE#         67
  C:19DBH         LINE#         70
  C:19DBH         LINE#         79
  C:1A16H         LINE#         82
  C:1A50H         LINE#         84
  C:1A75H         LINE#         85
  C:1A94H         LINE#         86
  C:1AABH         LINE#         87
  C:1AC2H         LINE#         88
  C:1AD9H         LINE#         89
  C:1B62H         LINE#         91
  C:1B7CH         LINE#         92
  C:1BDEH         LINE#         93
  C:1C14H         LINE#         94
  C:1C26H         LINE#         95
  C:1C53H         LINE#         96
  C:1C80H         LINE#         98
  C:1CA2H         LINE#         100
  C:1CDAH         LINE#         103
  C:1CDAH         LINE#         104
  C:1CE8H         LINE#         105
  -------         ENDPROC       SUNPOS
  -------         ENDMOD        SUNPOS

  -------         MODULE        ADC
  C:0000H         SYMBOL        _ICE_DUMMY_
  D:0092H         PUBLIC        P1M0
  D:0091H         PUBLIC        P1M1
  D:0080H         PUBLIC        P0
  D:0090H         PUBLIC        P1
  D:00A0H         PUBLIC        P2
  D:00B0H         PUBLIC        P3
  D:00C0H         PUBLIC        P4
  D:00C8H         PUBLIC        P5
  D:00E8H         PUBLIC        P6
  D:00F8H         PUBLIC        P7
  D:00A8H         PUBLIC        IE
  D:00BDH         PUBLIC        ADC_RES
  D:00B8H         PUBLIC        IP
  D:0097H         PUBLIC        CLK_DIV
  D:00D8H         PUBLIC        CCON
BL51 BANKED LINKER/LOCATER V6.22                                                      05/23/2019  09:32:43  PAGE 34


  D:00BCH         PUBLIC        ADC_CONTR
  D:0098H         PUBLIC        SCON
  D:0088H         PUBLIC        TCON
  B:00A0H.4       PUBLIC        P24
  B:00A0H.5       PUBLIC        P25
  B:00A0H.6       PUBLIC        P26
  C:5238H         PUBLIC        ADC_Init
  C:50BFH         PUBLIC        _ADC_GetResult
  D:009DH         PUBLIC        P1ASF
  D:00BEH         PUBLIC        ADC_RESL
  D:00D0H         PUBLIC        PSW
  -------         PROC          ADC_INIT
  C:5238H         LINE#         7
  C:5238H         LINE#         8
  C:5238H         LINE#         10
  C:523AH         LINE#         11
  C:523CH         LINE#         12
  C:523EH         LINE#         13
  C:5241H         LINE#         14
  C:5244H         LINE#         15
  C:5247H         LINE#         16
  C:524AH         LINE#         18
  C:524CH         LINE#         19
  C:524EH         LINE#         20
  C:5251H         LINE#         24
  -------         ENDPROC       ADC_INIT
  -------         PROC          _ADC_GETRESULT
  D:0007H         SYMBOL        ch
  -------         DO            
  D:0006H         SYMBOL        ADC_Value_H
  D:0004H         SYMBOL        ADC_Value_L
  D:0006H         SYMBOL        ADC_Value
  -------         ENDDO         
  C:50BFH         LINE#         27
  C:50BFH         LINE#         28
  C:50BFH         LINE#         30
  C:50C4H         LINE#         31
  C:50C5H         LINE#         32
  C:50C6H         LINE#         35
  C:50CBH         LINE#         36
  C:50CEH         LINE#         37
  C:50D2H         LINE#         38
  C:50D6H         LINE#         40
  C:50E8H         LINE#         41
[...]
  C:4460H         LINE#         97
  C:4460H         LINE#         98
  C:4462H         LINE#         99
  C:4464H         LINE#         101
  C:4464H         LINE#         102
  C:4466H         LINE#         104
  C:4466H         LINE#         105
  C:4466H         LINE#         106
  C:4466H         LINE#         107
  C:4469H         LINE#         108
  C:446DH         LINE#         111
  C:448CH         LINE#         113
  C:4493H         LINE#         114
  C:4493H         LINE#         115
  C:4495H         LINE#         116
  C:4498H         LINE#         117
  C:44B4H         LINE#         118
  C:44B4H         LINE#         119
  C:44B6H         LINE#         120
  C:44B8H         LINE#         122
  C:44B8H         LINE#         123
  C:44BAH         LINE#         125
  C:44BAH         LINE#         126
  C:44BAH         LINE#         127
  C:44BAH         LINE#         128
  C:44BDH         LINE#         129
  C:44D6H         LINE#         131
  C:44F5H         LINE#         133
  C:44FCH         LINE#         134
  C:44FCH         LINE#         135
  C:44FEH         LINE#         136
  C:4501H         LINE#         137
  C:4508H         LINE#         138
  C:4508H         LINE#         139
  C:450AH         LINE#         140
BL51 BANKED LINKER/LOCATER V6.22                                                      05/23/2019  09:32:43  PAGE 45


  C:450CH         LINE#         142
  C:450CH         LINE#         143
  C:450EH         LINE#         145
  C:450EH         LINE#         146
  C:450EH         LINE#         147
  C:450EH         LINE#         148
  C:4511H         LINE#         149
  C:4518H         LINE#         151
  C:4537H         LINE#         153
  C:4539H         LINE#         154
  C:453CH         LINE#         155
  C:4543H         LINE#         157
  -------         ENDPROC       _AT25SF041_WRITE
  -------         PROC          _AT25SF041_READ
  D:0003H         SYMBOL        opcode
  X:05FEH         SYMBOL        addr
  -------         DO            
  X:0602H         SYMBOL        dat
  X:0603H         SYMBOL        i
  -------         ENDDO         
  C:4332H         LINE#         159
  C:4334H         LINE#         160
  C:4334H         LINE#         161
  C:4339H         LINE#         163
  C:433BH         LINE#         164
  C:4341H         LINE#         168
  C:4346H         LINE#         169
  C:4346H         LINE#         170
  C:4348H         LINE#         171
  C:434BH         LINE#         172
  C:434FH         LINE#         173
  C:434FH         LINE#         174
  C:4351H         LINE#         175
  C:4353H         LINE#         177
  C:4353H         LINE#         178
  C:4355H         LINE#         180
  C:4355H         LINE#         181
  C:4355H         LINE#         182
  C:4355H         LINE#         183
  C:4358H         LINE#         184
  C:435CH         LINE#         187
  C:437BH         LINE#         189
  C:4382H         LINE#         190
  C:4382H         LINE#         191
  C:4384H         LINE#         192
  C:4387H         LINE#         193
  C:43A3H         LINE#         194
  C:43A3H         LINE#         195
  C:43A5H         LINE#         196
  C:43A7H         LINE#         198
  C:43A7H         LINE#         199
  C:43A9H         LINE#         201
  C:43A9H         LINE#         202
  C:43A9H         LINE#         203
  C:43A9H         LINE#         204
  C:43ACH         LINE#         205
  C:43C5H         LINE#         207
BL51 BANKED LINKER/LOCATER V6.22                                                      05/23/2019  09:32:43  PAGE 46


  C:43E4H         LINE#         210
  C:43EBH         LINE#         212
  C:43EDH         LINE#         213
  C:43F4H         LINE#         215
  C:43FBH         LINE#         216
  C:43FBH         LINE#         217
  C:4402H         LINE#         218
  C:4402H         LINE#         219
  C:4405H         LINE#         220
  C:4407H         LINE#         221
  C:440AH         LINE#         223
  C:440DH         LINE#         224
  C:440DH         LINE#         226
  C:4411H         LINE#         227
  C:4411H         LINE#         233
  C:4430H         LINE#         236
  C:4432H         LINE#         237
  C:4435H         LINE#         238
  C:443CH         LINE#         240
  C:4441H         LINE#         242
  -------         ENDPROC       _AT25SF041_READ
  -------         PROC          UCREAD_STATUS_REGISTER_BYTE1
  -------         DO            
  D:0003H         SYMBOL        dat
  D:0001H         SYMBOL        opcode
  X:04DFH         SYMBOL        count
  X:04E0H         SYMBOL        i
  -------         ENDDO         
  C:4910H         LINE#         246
  C:4910H         LINE#         247
  C:4910H         LINE#         248
  C:4916H         LINE#         249
  C:491AH         LINE#         250
  C:491CH         LINE#         251
  C:491EH         LINE#         252
  C:4924H         LINE#         256
  C:492BH         LINE#         257
  C:492BH         LINE#         258
  C:492DH         LINE#         259
  C:4930H         LINE#         260
  C:4934H         LINE#         261
  C:4934H         LINE#         262
  C:4936H         LINE#         263
  C:4938H         LINE#         265
  C:4938H         LINE#         266
  C:493AH         LINE#         268
  C:493AH         LINE#         269
  C:493AH         LINE#         270
  C:493AH         LINE#         271
  C:493DH         LINE#         272
  C:4941H         LINE#         275
  C:4960H         LINE#         279
  C:4967H         LINE#         281
  C:4969H         LINE#         282
  C:4970H         LINE#         283
  C:4977H         LINE#         284
  C:4977H         LINE#         285
BL51 BANKED LINKER/LOCATER V6.22                                                      05/23/2019  09:32:43  PAGE 47


  C:497BH         LINE#         286
  C:497BH         LINE#         287
  C:497EH         LINE#         288
  C:4980H         LINE#         289
  C:4983H         LINE#         291
  C:4986H         LINE#         292
  C:4986H         LINE#         294
  C:498AH         LINE#         295
  C:498AH         LINE#         297
  C:49A9H         LINE#         301
  C:49ABH         LINE#         302
  C:49AEH         LINE#         303
  C:49B0H         LINE#         304
  -------         ENDPROC       UCREAD_STATUS_REGISTER_BYTE1
  -------         PROC          SPI_NOR_WRITE_DATA
  X:03F8H         SYMBOL        dat
  X:0403H         SYMBOL        addr
  C:3B1BH         LINE#         306
  C:3B1BH         LINE#         307
  C:3B1BH         LINE#         309
  C:3B1EH         LINE#         311
  C:3B38H         LINE#         312
  C:3B56H         LINE#         314
  C:3B5DH         LINE#         315
  C:3B60H         LINE#         317
  C:3B7AH         LINE#         318
  C:3B7AH         LINE#         319
  C:3B7AH         LINE#         322
  C:3B7DH         LINE#         324
  C:3B97H         LINE#         325
  C:3B97H         LINE#         326
  C:3B97H         LINE#         328
  C:3B9AH         LINE#         330
  C:3BB4H         LINE#         331
  C:3BB4H         LINE#         332
  C:3BB4H         LINE#         334
  C:3BB7H         LINE#         336
  C:3BD1H         LINE#         337
  C:3BD1H         LINE#         338
  C:3BD1H         LINE#         340
  C:3BD4H         LINE#         342
  C:3BEEH         LINE#         343
  C:3BEEH         LINE#         344
  C:3BEEH         LINE#         346
  C:3BF1H         LINE#         348
  C:3C0BH         LINE#         349
  C:3C0BH         LINE#         350
  C:3C0BH         LINE#         352
  C:3C0EH         LINE#         354
  C:3C28H         LINE#         355
  C:3C28H         LINE#         356
  C:3C28H         LINE#         358
  C:3C2BH         LINE#         360
  C:3C45H         LINE#         361
  C:3C45H         LINE#         362
  C:3C45H         LINE#         364
  C:3C48H         LINE#         366
BL51 BANKED LINKER/LOCATER V6.22                                                      05/23/2019  09:32:43  PAGE 48


  C:3C62H         LINE#         367
  C:3C62H         LINE#         368
  C:3C62H         LINE#         370
  C:3C65H         LINE#         372
  C:3C7FH         LINE#         373
  C:3C86H         LINE#         374
  -------         ENDPROC       SPI_NOR_WRITE_DATA
  -------         ENDMOD        AT25SF041

  -------         MODULE        SI1120
  C:0000H         SYMBOL        _ICE_DUMMY_
  D:0080H         PUBLIC        P0
  D:00B2H         PUBLIC        P3M0
  D:0090H         PUBLIC        P1
  D:00B1H         PUBLIC        P3M1
  D:00A0H         PUBLIC        P2
  D:00B0H         PUBLIC        P3
  D:00C0H         PUBLIC        P4
  D:00C8H         PUBLIC        P5
  B:00A8H.7       PUBLIC        EA
  D:00E8H         PUBLIC        P6
  D:00F8H         PUBLIC        P7
  D:00A8H         PUBLIC        IE
  D:00B8H         PUBLIC        IP
  C:5038H         PUBLIC        SI1120_CONFIG_MODE_VIRH
  D:00D8H         PUBLIC        CCON
  D:0098H         PUBLIC        SCON
  D:0088H         PUBLIC        TCON
  C:5327H         PUBLIC        Enable_EXTINT0
  B:0090H.5       PUBLIC        SI1120_STX
  B:0088H.0       PUBLIC        IT0
  B:00A8H.0       PUBLIC        EX0
  B:0090H.4       PUBLIC        SI1120_MD
  B:0090H.6       PUBLIC        SI1120_SC
  D:00D0H         PUBLIC        PSW
  -------         PROC          SI1120_CONFIG_MODE_VIRH
  C:5038H         LINE#         4
  C:5038H         LINE#         5
  C:5038H         LINE#         6
  C:503AH         LINE#         7
  C:503CH         LINE#         8
  C:503EH         LINE#         10
  C:5045H         LINE#         11
  C:5047H         LINE#         13
  C:5049H         LINE#         14
  C:504BH         LINE#         16
  C:5052H         LINE#         18
  C:5054H         LINE#         20
  C:505BH         LINE#         23
  C:505DH         LINE#         25
  C:505FH         LINE#         27
  C:5066H         LINE#         29
  C:5068H         LINE#         31
  -------         ENDPROC       SI1120_CONFIG_MODE_VIRH
  -------         PROC          ENABLE_EXTINT0
  C:5327H         LINE#         33
  C:5327H         LINE#         34
BL51 BANKED LINKER/LOCATER V6.22                                                      05/23/2019  09:32:43  PAGE 49


  C:5327H         LINE#         35
  C:532AH         LINE#         36
  C:532DH         LINE#         37
  C:532FH         LINE#         38
  C:5331H         LINE#         39
  C:5333H         LINE#         40
  -------         ENDPROC       ENABLE_EXTINT0
  -------         ENDMOD        SI1120

  -------         MODULE        ?C_STARTUP
  C:4B84H         SEGMENT       ?C_C51STARTUP
  I:0021H         SEGMENT       ?STACK
  C:0000H         PUBLIC        ?C_STARTUP
  D:00E0H         SYMBOL        ACC
  D:00F0H         SYMBOL        B
  D:0083H         SYMBOL        DPH
  D:0082H         SYMBOL        DPL
  N:0000H         SYMBOL        IBPSTACK
  N:0100H         SYMBOL        IBPSTACKTOP
  N:0080H         SYMBOL        IDATALEN
  C:4B87H         SYMBOL        IDATALOOP
  N:0000H         SYMBOL        PBPSTACK
  N:0100H         SYMBOL        PBPSTACKTOP
  N:0000H         SYMBOL        PDATALEN
  N:0000H         SYMBOL        PDATASTART
  N:0000H         SYMBOL        PPAGE
  N:0000H         SYMBOL        PPAGEENABLE
  D:00A0H         SYMBOL        PPAGE_SFR
  D:0081H         SYMBOL        SP
  C:4B84H         SYMBOL        STARTUP1
  N:0000H         SYMBOL        XBPSTACK
  N:0000H         SYMBOL        XBPSTACKTOP
  N:0000H         SYMBOL        XDATALEN
  N:0000H         SYMBOL        XDATASTART
  C:0000H         LINE#         126
  C:4B84H         LINE#         133
  C:4B86H         LINE#         134
  C:4B87H         LINE#         135
  C:4B88H         LINE#         136
  C:4B8AH         LINE#         185
  C:4B8DH         LINE#         196
  -------         ENDMOD        ?C_STARTUP

  -------         MODULE        ?C?FPADD
  C:0BAAH         PUBLIC        ?C?FPADD
  C:0BA6H         PUBLIC        ?C?FPSUB
  -------         ENDMOD        ?C?FPADD

  -------         MODULE        ?C?FPMUL
  C:0C9BH         PUBLIC        ?C?FPMUL
  -------         ENDMOD        ?C?FPMUL

  -------         MODULE        ?C?FPDIV
  C:0DA4H         PUBLIC        ?C?FPDIV
  -------         ENDMOD        ?C?FPDIV

  -------         MODULE        ?C?FPCMP
BL51 BANKED LINKER/LOCATER V6.22                                                      05/23/2019  09:32:43  PAGE 50


  C:0E43H         PUBLIC        ?C?FPCMP
  C:0E41H         PUBLIC        ?C?FPCMP3
  -------         ENDMOD        ?C?FPCMP

  -------         MODULE        ?C?FPNEG
  C:0EBAH         PUBLIC        ?C?FPNEG
  -------         ENDMOD        ?C?FPNEG

  -------         MODULE        ?C?FCAST
  C:0ED5H         PUBLIC        ?C?FCASTC
  C:0ED0H         PUBLIC        ?C?FCASTI
  C:0ECBH         PUBLIC        ?C?FCASTL
  -------         ENDMOD        ?C?FCAST

  -------         MODULE        ?C?CASTF
  C:0F09H         PUBLIC        ?C?CASTF
  -------         ENDMOD        ?C?CASTF

  -------         MODULE        ATAN2
  X:049FH         PUBLIC        ?_atan2?BYTE
  C:49B1H         PUBLIC        _atan2
  -------         ENDMOD        ATAN2

  -------         MODULE        SIN
  C:3CECH         PUBLIC        _COS
  C:3D02H         PUBLIC        _SIN
  C:3D3EH         PUBLIC        _TAN
  -------         ENDMOD        SIN

  -------         MODULE        ACOS
  C:4EEFH         PUBLIC        _ACOS
  -------         ENDMOD        ACOS

  -------         MODULE        ASIN
  C:4FFDH         PUBLIC        _ASIN
  -------         ENDMOD        ASIN

  -------         MODULE        POW
  X:03BCH         PUBLIC        ?_pow?BYTE
  C:3E2CH         PUBLIC        _pow
  -------         ENDMOD        POW

  -------         MODULE        ?C?CHKFLOAT
  C:0F8AH         PUBLIC        ?C?CHKFLOAT
  -------         ENDMOD        ?C?CHKFLOAT

  -------         MODULE        EXP
  C:4B22H         PUBLIC        _EXP
  -------         ENDMOD        EXP

  -------         MODULE        LOG
  C:411BH         PUBLIC        _LOG
  C:4117H         PUBLIC        _LOG10
  -------         ENDMOD        LOG

  -------         MODULE        SQRT
  C:4868H         PUBLIC        _SQRT
BL51 BANKED LINKER/LOCATER V6.22                                                      05/23/2019  09:32:43  PAGE 51


  -------         ENDMOD        SQRT

  -------         MODULE        ATAN
  C:4230H         PUBLIC        _ATAN
  -------         ENDMOD        ATAN

  -------         MODULE        ?C?COPY
  C:10C1H         PUBLIC        ?C?COPY
  -------         ENDMOD        ?C?COPY

  -------         MODULE        ?C?CLDPTR
  C:10E7H         PUBLIC        ?C?CLDPTR
  -------         ENDMOD        ?C?CLDPTR

  -------         MODULE        ?C?CLDOPTR
  C:1100H         PUBLIC        ?C?CLDOPTR
  -------         ENDMOD        ?C?CLDOPTR

  -------         MODULE        ?C?CSTPTR
  C:112DH         PUBLIC        ?C?CSTPTR
  -------         ENDMOD        ?C?CSTPTR

  -------         MODULE        ?C?IMUL
  C:113FH         PUBLIC        ?C?IMUL
  -------         ENDMOD        ?C?IMUL

  -------         MODULE        ?C?UIDIV
  C:1151H         PUBLIC        ?C?UIDIV
  -------         ENDMOD        ?C?UIDIV

  -------         MODULE        ?C?SIDIV
  C:11A6H         PUBLIC        ?C?SIDIV
  -------         ENDMOD        ?C?SIDIV

  -------         MODULE        ?C?ILDOPTR
  C:11DCH         PUBLIC        ?C?ILDOPTR
  -------         ENDMOD        ?C?ILDOPTR

  -------         MODULE        ?C?ISTPTR
  C:1214H         PUBLIC        ?C?ISTPTR
  -------         ENDMOD        ?C?ISTPTR

  -------         MODULE        ?C?LMUL
  C:1233H         PUBLIC        ?C?LMUL
  -------         ENDMOD        ?C?LMUL

  -------         MODULE        ?C?SLDIV
  C:4F39H         PUBLIC        ?C?SLDIV
  -------         ENDMOD        ?C?SLDIV

  -------         MODULE        ?C?LNEG
  C:1282H         PUBLIC        ?C?LNEG
  -------         ENDMOD        ?C?LNEG

  -------         MODULE        ?C?ULCMP
  C:1290H         PUBLIC        ?C?ULCMP
  -------         ENDMOD        ?C?ULCMP
BL51 BANKED LINKER/LOCATER V6.22                                                      05/23/2019  09:32:43  PAGE 52



  -------         MODULE        ?C?LSHL
  C:12A1H         PUBLIC        ?C?LSHL
  -------         ENDMOD        ?C?LSHL

  -------         MODULE        ?C?LLDPTR
  C:12B4H         PUBLIC        ?C?LLDPTR
  -------         ENDMOD        ?C?LLDPTR

  -------         MODULE        ?C?LLDOPTR
  C:12D4H         PUBLIC        ?C?LLDOPTR
  -------         ENDMOD        ?C?LLDOPTR

  -------         MODULE        ?C?LSTPTR
  C:1304H         PUBLIC        ?C?LSTPTR
  -------         ENDMOD        ?C?LSTPTR

  -------         MODULE        ?C?LSTOPTR
  C:131EH         PUBLIC        ?C?LSTOPTR
  -------         ENDMOD        ?C?LSTOPTR

  -------         MODULE        ?C?LLDXDATA
  C:1342H         PUBLIC        ?C?LLDXDATA
  -------         ENDMOD        ?C?LLDXDATA

  -------         MODULE        ?C?LLDCODE
  C:134EH         PUBLIC        ?C?LLDCODE
  -------         ENDMOD        ?C?LLDCODE

  -------         MODULE        ?C?LLDXDATA0
  C:135EH         PUBLIC        ?C?LLDXDATA0
  -------         ENDMOD        ?C?LLDXDATA0

  -------         MODULE        ?C?LLDCODE0
  C:136AH         PUBLIC        ?C?LLDCODE0
  -------         ENDMOD        ?C?LLDCODE0

  -------         MODULE        ?C?LLDPTR0
  C:137AH         PUBLIC        ?C?LLDPTR0
  -------         ENDMOD        ?C?LLDPTR0

  -------         MODULE        ?C?LSTXDATA
  C:139AH         PUBLIC        ?C?LSTXDATA
  -------         ENDMOD        ?C?LSTXDATA

  -------         MODULE        ?C?LSTKXDATA
  C:13A6H         PUBLIC        ?C?LSTKXDATA
  -------         ENDMOD        ?C?LSTKXDATA

  -------         MODULE        ?C?LSTKPTR
  C:13D7H         PUBLIC        ?C?LSTKPTR
  -------         ENDMOD        ?C?LSTKPTR

  -------         MODULE        ?C?OFFXADD
  C:13F1H         PUBLIC        ?C?OFFXADD
  -------         ENDMOD        ?C?OFFXADD

BL51 BANKED LINKER/LOCATER V6.22                                                      05/23/2019  09:32:43  PAGE 53


  -------         MODULE        ?C?ULDIV
  C:1439H         PUBLIC        ?C?ULDIV
  -------         ENDMOD        ?C?ULDIV

  -------         MODULE        ?C?LLDIDATA
  C:14CBH         PUBLIC        ?C?LLDIDATA
  -------         ENDMOD        ?C?LLDIDATA

  -------         MODULE        ?C?LLDPDATA
  C:14D7H         PUBLIC        ?C?LLDPDATA
  -------         ENDMOD        ?C?LLDPDATA

  -------         MODULE        ?C?LLDIDATA0
  C:14E3H         PUBLIC        ?C?LLDIDATA0
  -------         ENDMOD        ?C?LLDIDATA0

  -------         MODULE        ?C?LLDPDATA0
  C:14F0H         PUBLIC        ?C?LLDPDATA0
  -------         ENDMOD        ?C?LLDPDATA0

  -------         MODULE        ?C?LSTIDATA
  C:14FDH         PUBLIC        ?C?LSTIDATA
  -------         ENDMOD        ?C?LSTIDATA

  -------         MODULE        ?C?LSTPDATA
  C:1509H         PUBLIC        ?C?LSTPDATA
  -------         ENDMOD        ?C?LSTPDATA

  -------         MODULE        ?C?LSTKIDATA
  C:1515H         PUBLIC        ?C?LSTKIDATA
  -------         ENDMOD        ?C?LSTKIDATA

  -------         MODULE        ?C?LSTKPDATA
  C:152EH         PUBLIC        ?C?LSTKPDATA
  -------         ENDMOD        ?C?LSTKPDATA

*** WARNING L16: UNCALLED SEGMENT, IGNORED FOR OVERLAY PROCESS
    SEGMENT: ?PR?_DAY_OF_YEAR?PCF85063BTL

*** WARNING L16: UNCALLED SEGMENT, IGNORED FOR OVERLAY PROCESS
    SEGMENT: ?PR?NOP?IOEXPANDER_PI4IOE5V96248

*** WARNING L16: UNCALLED SEGMENT, IGNORED FOR OVERLAY PROCESS
    SEGMENT: ?PR?UC_ACK?IOEXPANDER_PI4IOE5V96248

*** WARNING L16: UNCALLED SEGMENT, IGNORED FOR OVERLAY PROCESS
    SEGMENT: ?PR?UC_NACK?IOEXPANDER_PI4IOE5V96248

*** WARNING L16: UNCALLED SEGMENT, IGNORED FOR OVERLAY PROCESS
    SEGMENT: ?PR?_AT25SF041_READ?AT25SF041

Program Size: data=9.5 xdata=1543 code=21343
LINK/LOCATE RUN COMPLETE.  5 WARNING(S),  0 ERROR(S)
