BL51 BANKED LINKER/LOCATER V6.22                                                        07/06/2018  17:18:19  PAGE 1


BL51 BANKED LINKER/LOCATER V6.22, INVOKED BY:
C:\KEIL_V5\C51\BIN\BL51.EXE .\Obj\main.obj, .\Obj\PCF85063BTL.obj, .\Obj\UART1.obj, .\Obj\LCd_Driver_SPLC780D.obj, .\Obj
>> \KeyPad.obj, .\Obj\VCNL4035.obj, .\Obj\BipolarMotor.obj, .\Obj\STARTUP.obj TO .\Obj\GPIO_RTC_Test PRINT (.\Lis\GPIO_R
>> TC_Test.m51) RAMSIZE (256)


MEMORY MODEL: LARGE WITH FLOATING POINT ARITHMETIC


INPUT MODULES INCLUDED:
  .\Obj\main.obj (MAIN)
  .\Obj\PCF85063BTL.obj (PCF85063BTL)
  .\Obj\UART1.obj (UART1)
  .\Obj\LCd_Driver_SPLC780D.obj (LCD_DRIVER_SPLC780D)
  .\Obj\KeyPad.obj (KEYPAD)
  .\Obj\VCNL4035.obj (VCNL4035)
  .\Obj\BipolarMotor.obj (BIPOLARMOTOR)
  .\Obj\STARTUP.obj (?C_STARTUP)
  C:\KEIL_V5\C51\LIB\C51FPL.LIB (?C?FPADD)
  C:\KEIL_V5\C51\LIB\C51FPL.LIB (?C?FPMUL)
  C:\KEIL_V5\C51\LIB\C51FPL.LIB (?C?FPDIV)
  C:\KEIL_V5\C51\LIB\C51FPL.LIB (?C?FPCMP)
  C:\KEIL_V5\C51\LIB\C51FPL.LIB (?C?FCAST)
  C:\KEIL_V5\C51\LIB\C51FPL.LIB (?C?CASTF)
  C:\KEIL_V5\C51\LIB\C51FPL.LIB (POW)
  C:\KEIL_V5\C51\LIB\C51FPL.LIB (?C?FPGETOPN)
  C:\KEIL_V5\C51\LIB\C51FPL.LIB (?C?CHKFLOAT)
  C:\KEIL_V5\C51\LIB\C51FPL.LIB (?C?FPNEG)
  C:\KEIL_V5\C51\LIB\C51FPL.LIB (EXP)
  C:\KEIL_V5\C51\LIB\C51FPL.LIB (LOG)
  C:\KEIL_V5\C51\LIB\C51FPL.LIB (?C?FPSERIES)
  C:\KEIL_V5\C51\LIB\C51L.LIB (?C_INIT)
  C:\KEIL_V5\C51\LIB\C51L.LIB (?C?CLDPTR)
  C:\KEIL_V5\C51\LIB\C51L.LIB (?C?CSTPTR)
  C:\KEIL_V5\C51\LIB\C51L.LIB (?C?IMUL)
  C:\KEIL_V5\C51\LIB\C51L.LIB (?C?UIDIV)
  C:\KEIL_V5\C51\LIB\C51L.LIB (?C?SIDIV)
  C:\KEIL_V5\C51\LIB\C51L.LIB (?C?ILDIX)
  C:\KEIL_V5\C51\LIB\C51L.LIB (?C?LNEG)
  C:\KEIL_V5\C51\LIB\C51L.LIB (?C?LLDCODE)
  C:\KEIL_V5\C51\LIB\C51L.LIB (?C?LLDXDATA0)
  C:\KEIL_V5\C51\LIB\C51L.LIB (?C?LLDCODE0)
  C:\KEIL_V5\C51\LIB\C51L.LIB (?C?LSTXDATA)
  C:\KEIL_V5\C51\LIB\C51L.LIB (?C?LSTKXDATA)
  C:\KEIL_V5\C51\LIB\C51L.LIB (ATOI)
  C:\KEIL_V5\C51\LIB\C51L.LIB (?C?IILDX)
  C:\KEIL_V5\C51\LIB\C51L.LIB (ISDIGIT)
  C:\KEIL_V5\C51\LIB\C51L.LIB (ISSPACE)


LINK MAP OF MODULE:  .\Obj\GPIO_RTC_Test (MAIN)


            TYPE    BASE      LENGTH    RELOCATION   SEGMENT NAME
            -----------------------------------------------------

            * * * * * * *   D A T A   M E M O R Y   * * * * * * *
            REG     0000H     0008H     ABSOLUTE     "REG BANK 0"
BL51 BANKED LINKER/LOCATER V6.22                                                      07/06/2018  17:18:19  PAGE 2


            REG     0008H     0008H     ABSOLUTE     "REG BANK 1"
                    0010H     0010H                  *** GAP ***
            BIT     0020H.0   0000H.2   UNIT         _BIT_GROUP_
            BIT     0020H.2   0000H.1   UNIT         ?BI?MAIN
                    0020H.3   0000H.5                *** GAP ***
            IDATA   0021H     0001H     UNIT         ?STACK

            * * * * * * *  X D A T A   M E M O R Y  * * * * * * *
            XDATA   0000H     1500H     UNIT         ?XD?BIPOLARMOTOR
            XDATA   1500H     002CH     UNIT         _XDATA_GROUP_
            XDATA   152CH     001CH     UNIT         ?XD?MAIN
            XDATA   1548H     0009H     UNIT         ?XD?KEYPAD
            XDATA   1551H     0003H     UNIT         ?XD?_SENDSTRING?UART1
            XDATA   1554H     0001H     UNIT         ?XD?_DISPLAYLCD_VCNL4035?VCNL4035

            * * * * * * *   C O D E   M E M O R Y   * * * * * * *
            CODE    0000H     0003H     ABSOLUTE     
            CODE    0003H     0007H     UNIT         ?PR?KEYPAD_IO_INIT?KEYPAD
            CODE    000AH     0001H     UNIT         ?PR?TM0_ISR?MAIN
            CODE    000BH     0003H     ABSOLUTE     
            CODE    000EH     0015H     UNIT         ?PR?_DISPLAY_LINE?LCD_DRIVER_SPLC780D
            CODE    0023H     0003H     ABSOLUTE     
            CODE    0026H     1544H     UNIT         ?C_INITSEG
            CODE    156AH     05B9H     UNIT         ?C?LIB_CODE
            CODE    1B23H     0279H     UNIT         ?PR?_UPDATE_POSITION?BIPOLARMOTOR
            CODE    1D9CH     0249H     UNIT         ?PR?KEY_PROCESS?KEYPAD
            CODE    1FE5H     0168H     UNIT         ?PR?MAIN?MAIN
            CODE    214DH     0166H     UNIT         ?PR?_POW?POW
            CODE    22B3H     013BH     UNIT         ?PR?KEY_SCAN?KEYPAD
            CODE    23EEH     0129H     UNIT         ?PR?LOG?LOG
            CODE    2517H     00DBH     UNIT         ?PR?_ATOI?ATOI
            CODE    25F2H     009BH     UNIT         ?PR?UART?MAIN
            CODE    268DH     009AH     UNIT         ?PR?_READ_VCNL4035?VCNL4035
            CODE    2727H     009AH     UNIT         ?PR?EXP?EXP
            CODE    27C1H     0095H     UNIT         ?PR?_DISPLAY_PROX?MAIN
            CODE    2856H     008CH     UNIT         ?C_C51STARTUP
            CODE    28E2H     007CH     UNIT         ?PR?_DAY_OF_YEAR?PCF85063BTL
            CODE    295EH     0075H     UNIT         ?PR?_WRITEDATA?LCD_DRIVER_SPLC780D
            CODE    29D3H     006FH     UNIT         ?PR?_READ_TIME?PCF85063BTL
            CODE    2A42H     0054H     UNIT         ?PR?LCD_INIT?LCD_DRIVER_SPLC780D
            CODE    2A96H     0053H     UNIT         ?PR?_STEP_MOVE?BIPOLARMOTOR
            CODE    2AE9H     0049H     UNIT         ?PR?_WRITE_VCNL4035X?VCNL4035
            CODE    2B32H     0040H     UNIT         ?PR?_COMMAND?LCD_DRIVER_SPLC780D
            CODE    2B72H     0038H     UNIT         ?PR?_MOVE?BIPOLARMOTOR
            CODE    2BAAH     0033H     UNIT         ?PR?_SENDSTRING?UART1
            CODE    2BDDH     002CH     UNIT         ?PR?I2C_RECEIVEBYTE?VCNL4035
            CODE    2C09H     002BH     UNIT         ?PR?_WAIT_MS_I2C?VCNL4035
            CODE    2C34H     0024H     UNIT         ?PR?_WAIT_MS?LCD_DRIVER_SPLC780D
            CODE    2C58H     0022H     UNIT         ?PR?_I2C_SENDBYTE?VCNL4035
            CODE    2C7AH     0020H     UNIT         ?PR?_SPI_SENDBYTE?PCF85063BTL
            CODE    2C9AH     0020H     UNIT         ?PR?SPI_RECEIVEBYTE?PCF85063BTL
            CODE    2CBAH     001EH     UNIT         ?PR?_DELAY_MS?KEYPAD
            CODE    2CD8H     001EH     UNIT         ?PR?_WAIT_MS_IIC?VCNL4035
            CODE    2CF6H     001DH     UNIT         ?PR?_DISPLAYLCD?LCD_DRIVER_SPLC780D
            CODE    2D13H     001BH     UNIT         ?PR?I2C_ACK?VCNL4035
            CODE    2D2EH     0018H     UNIT         ?PR?_SPI_WRITETIME?PCF85063BTL
            CODE    2D46H     0017H     UNIT         ?PR?_ASCIITOBCD?UART1
BL51 BANKED LINKER/LOCATER V6.22                                                      07/06/2018  17:18:19  PAGE 3


            CODE    2D5DH     0017H     UNIT         ?PR?I2C_INIT?VCNL4035
            CODE    2D74H     0015H     UNIT         ?PR?I2C_STOP?VCNL4035
            CODE    2D89H     0014H     UNIT         ?PR?_PCF85063BTL_DELAY?PCF85063BTL
            CODE    2D9DH     0014H     UNIT         ?PR?_ISSPACE?ISSPACE
            CODE    2DB1H     0013H     UNIT         ?PR?I2C_START?VCNL4035
            CODE    2DC4H     0011H     UNIT         ?PR?_SPI_READTIME?PCF85063BTL
            CODE    2DD5H     0011H     UNIT         ?PR?INITUART1?UART1
            CODE    2DE6H     000FH     UNIT         ?PR?UC_NACK?VCNL4035
            CODE    2DF5H     000FH     UNIT         ?PR?_ISDIGIT?ISDIGIT
            CODE    2E04H     000DH     UNIT         ?PR?SPI_INIT?PCF85063BTL
            CODE    2E11H     000AH     UNIT         ?PR?LCD_RETURN_HOME?LCD_DRIVER_SPLC780D
            CODE    2E1BH     000AH     UNIT         ?PR?LCD_CLEAR?LCD_DRIVER_SPLC780D
            CODE    2E25H     0009H     UNIT         ?PR?_SENDUART1?MAIN
            CODE    2E2EH     0006H     UNIT         ?PR?_TEN?UART1
            CODE    2E34H     0006H     UNIT         ?PR?UC_ACK?VCNL4035
            CODE    2E3AH     0006H     UNIT         ?PR?_DISPLAYLCD_VCNL4035?VCNL4035
            CODE    2E40H     0005H     UNIT         ?PR?_UNIT?UART1
            CODE    2E45H     0005H     UNIT         ?PR?_ASCII_LETTER?UART1
            CODE    2E4AH     0001H     UNIT         ?PR?_DECTOBCD?UART1
            CODE    2E4BH     0001H     UNIT         ?PR?NOP?VCNL4035



OVERLAY MAP OF MODULE:   .\Obj\GPIO_RTC_Test (MAIN)


SEGMENT                                            BIT_GROUP          XDATA_GROUP
  +--> CALLED SEGMENT                           START    LENGTH     START    LENGTH
-----------------------------------------------------------------------------------
?PR?UART?MAIN                                   -----    -----      -----    -----
  +--> ?PR?_ASCIITOBCD?UART1

?PR?_ASCIITOBCD?UART1                           -----    -----      -----    -----
  +--> ?PR?_ATOI?ATOI

?PR?_ATOI?ATOI                                  0020H.0  0000H.1    1500H    0005H
  +--> ?PR?_ISSPACE?ISSPACE
  +--> ?PR?_ISDIGIT?ISDIGIT

*** NEW ROOT ***************************************************

?C_C51STARTUP                                   -----    -----      -----    -----
  +--> ?PR?MAIN?MAIN
  +--> ?C_INITSEG

?PR?MAIN?MAIN                                   -----    -----      1505H    000EH
  +--> ?PR?LCD_INIT?LCD_DRIVER_SPLC780D
  +--> ?PR?SPI_INIT?PCF85063BTL
  +--> ?PR?KEYPAD_IO_INIT?KEYPAD
  +--> ?PR?INITUART1?UART1
  +--> ?PR?I2C_INIT?VCNL4035
  +--> ?PR?_SPI_WRITETIME?PCF85063BTL
  +--> ?PR?_DELAY_MS?KEYPAD
  +--> ?PR?_DISPLAY_LINE?LCD_DRIVER_SPLC780D
  +--> ?PR?_WRITEDATA?LCD_DRIVER_SPLC780D
  +--> ?PR?KEY_PROCESS?KEYPAD
  +--> ?PR?_DISPLAYLCD?LCD_DRIVER_SPLC780D
BL51 BANKED LINKER/LOCATER V6.22                                                      07/06/2018  17:18:19  PAGE 4


  +--> ?PR?_READ_VCNL4035?VCNL4035
  +--> ?PR?_DISPLAY_PROX?MAIN
  +--> ?PR?LCD_RETURN_HOME?LCD_DRIVER_SPLC780D
  +--> ?PR?_READ_TIME?PCF85063BTL
  +--> ?PR?_UPDATE_POSITION?BIPOLARMOTOR
  +--> ?PR?_SENDUART1?MAIN

?PR?LCD_INIT?LCD_DRIVER_SPLC780D                -----    -----      -----    -----
  +--> ?PR?_WAIT_MS?LCD_DRIVER_SPLC780D
  +--> ?PR?_COMMAND?LCD_DRIVER_SPLC780D

?PR?_COMMAND?LCD_DRIVER_SPLC780D                -----    -----      -----    -----
  +--> ?PR?_WAIT_MS?LCD_DRIVER_SPLC780D

?PR?I2C_INIT?VCNL4035                           -----    -----      -----    -----
  +--> ?PR?_WRITE_VCNL4035X?VCNL4035

?PR?_WRITE_VCNL4035X?VCNL4035                   -----    -----      1513H    0003H
  +--> ?PR?I2C_START?VCNL4035
  +--> ?PR?_WAIT_MS_I2C?VCNL4035
  +--> ?PR?I2C_ACK?VCNL4035
  +--> ?PR?_I2C_SENDBYTE?VCNL4035
  +--> ?PR?I2C_STOP?VCNL4035

?PR?I2C_START?VCNL4035                          -----    -----      -----    -----
  +--> ?PR?_WAIT_MS_IIC?VCNL4035
  +--> ?PR?_WAIT_MS_I2C?VCNL4035

?PR?I2C_ACK?VCNL4035                            -----    -----      151BH    0001H
  +--> ?PR?_I2C_SENDBYTE?VCNL4035
  +--> ?PR?_WAIT_MS_I2C?VCNL4035

?PR?_I2C_SENDBYTE?VCNL4035                      -----    -----      -----    -----
  +--> ?PR?_WAIT_MS_I2C?VCNL4035

?PR?I2C_STOP?VCNL4035                           -----    -----      -----    -----
  +--> ?PR?_WAIT_MS_I2C?VCNL4035

?PR?_SPI_WRITETIME?PCF85063BTL                  -----    -----      -----    -----
  +--> ?PR?_SPI_SENDBYTE?PCF85063BTL

?PR?_SPI_SENDBYTE?PCF85063BTL                   -----    -----      -----    -----
  +--> ?PR?_PCF85063BTL_DELAY?PCF85063BTL

?PR?_DISPLAY_LINE?LCD_DRIVER_SPLC780D           -----    -----      -----    -----
  +--> ?PR?_COMMAND?LCD_DRIVER_SPLC780D

?PR?_WRITEDATA?LCD_DRIVER_SPLC780D              -----    -----      1519H    0001H
  +--> ?PR?_WAIT_MS?LCD_DRIVER_SPLC780D

?PR?KEY_PROCESS?KEYPAD                          -----    -----      1513H    0006H
  +--> ?PR?KEY_SCAN?KEYPAD
  +--> ?PR?_SPI_WRITETIME?PCF85063BTL
  +--> ?PR?LCD_CLEAR?LCD_DRIVER_SPLC780D
  +--> ?PR?_COMMAND?LCD_DRIVER_SPLC780D
  +--> ?PR?_WRITEDATA?LCD_DRIVER_SPLC780D

BL51 BANKED LINKER/LOCATER V6.22                                                      07/06/2018  17:18:19  PAGE 5


?PR?KEY_SCAN?KEYPAD                             -----    -----      1519H    0003H
  +--> ?PR?_DELAY_MS?KEYPAD

?PR?LCD_CLEAR?LCD_DRIVER_SPLC780D               -----    -----      -----    -----
  +--> ?PR?_COMMAND?LCD_DRIVER_SPLC780D

?PR?_DISPLAYLCD?LCD_DRIVER_SPLC780D             -----    -----      1513H    0001H
  +--> ?PR?_WRITEDATA?LCD_DRIVER_SPLC780D

?PR?_READ_VCNL4035?VCNL4035                     -----    -----      1513H    0008H
  +--> ?PR?I2C_START?VCNL4035
  +--> ?PR?_WAIT_MS_I2C?VCNL4035
  +--> ?PR?_I2C_SENDBYTE?VCNL4035
  +--> ?PR?I2C_ACK?VCNL4035
  +--> ?PR?I2C_RECEIVEBYTE?VCNL4035
  +--> ?PR?UC_ACK?VCNL4035
  +--> ?PR?UC_NACK?VCNL4035
  +--> ?PR?I2C_STOP?VCNL4035
  +--> ?PR?_WAIT_MS_IIC?VCNL4035

?PR?I2C_RECEIVEBYTE?VCNL4035                    -----    -----      -----    -----
  +--> ?PR?_WAIT_MS_I2C?VCNL4035

?PR?UC_ACK?VCNL4035                             -----    -----      151BH    0001H
  +--> ?PR?_WAIT_MS_I2C?VCNL4035

?PR?UC_NACK?VCNL4035                            -----    -----      151BH    0001H
  +--> ?PR?_WAIT_MS_I2C?VCNL4035

?PR?_DISPLAY_PROX?MAIN                          -----    -----      1513H    0004H
  +--> ?PR?_WRITEDATA?LCD_DRIVER_SPLC780D

?PR?LCD_RETURN_HOME?LCD_DRIVER_SPLC780D         -----    -----      -----    -----
  +--> ?PR?_COMMAND?LCD_DRIVER_SPLC780D

?PR?_READ_TIME?PCF85063BTL                      -----    -----      1513H    000FH
  +--> ?PR?_SPI_READTIME?PCF85063BTL

?PR?_SPI_READTIME?PCF85063BTL                   -----    -----      -----    -----
  +--> ?PR?_SPI_SENDBYTE?PCF85063BTL
  +--> ?PR?SPI_RECEIVEBYTE?PCF85063BTL

?PR?SPI_RECEIVEBYTE?PCF85063BTL                 -----    -----      -----    -----
  +--> ?PR?_PCF85063BTL_DELAY?PCF85063BTL

?PR?_UPDATE_POSITION?BIPOLARMOTOR               -----    -----      1513H    000BH
  +--> ?PR?_DAY_OF_YEAR?PCF85063BTL
  +--> ?PR?_POW?POW
  +--> ?PR?_MOVE?BIPOLARMOTOR

?PR?_POW?POW                                    -----    -----      151EH    000AH
  +--> ?PR?LOG?LOG
  +--> ?PR?EXP?EXP

?PR?LOG?LOG                                     0020H.1  0000H.1    1528H    0004H

?PR?_MOVE?BIPOLARMOTOR                          -----    -----      151EH    0006H
BL51 BANKED LINKER/LOCATER V6.22                                                      07/06/2018  17:18:19  PAGE 6


  +--> ?PR?_STEP_MOVE?BIPOLARMOTOR

?PR?_STEP_MOVE?BIPOLARMOTOR                     -----    -----      1524H    0006H
  +--> ?PR?_WAIT_MS?LCD_DRIVER_SPLC780D



SYMBOL TABLE OF MODULE:  .\Obj\GPIO_RTC_Test (MAIN)

  VALUE           TYPE          NAME
  ----------------------------------

  -------         MODULE        MAIN
  C:0000H         SYMBOL        _ICE_DUMMY_
  D:0080H         PUBLIC        P0
  D:0090H         PUBLIC        P1
  D:00A0H         PUBLIC        P2
  D:00B0H         PUBLIC        P3
  D:00C0H         PUBLIC        P4
  D:00C8H         PUBLIC        P5
  X:1534H         SYMBOL        PressedKey
  B:00A8H.7       PUBLIC        EA
  D:00E8H         PUBLIC        P6
  D:00F8H         PUBLIC        P7
  X:1538H         PUBLIC        RX_Data_Uart_Cnt
  D:00A8H         PUBLIC        IE
  D:00B8H         PUBLIC        IP
  B:0098H.0       PUBLIC        RI
  B:0098H.1       PUBLIC        TI
  C:25F2H         PUBLIC        Uart
  D:00D8H         PUBLIC        CCON
  C:1FE5H         PUBLIC        main
  D:0099H         PUBLIC        SBUF
  D:0098H         PUBLIC        SCON
  D:0089H         PUBLIC        TMOD
  D:0088H         PUBLIC        TCON
  X:153AH         SYMBOL        KeyCount
  X:153CH         PUBLIC        Rec_data_hour
  X:153FH         PUBLIC        Rec_data_min
  D:008EH         PUBLIC        AUXR
  C:000AH         PUBLIC        tm0_isr
  B:0020H.2       PUBLIC        busy
  D:00E0H         PUBLIC        ACC
  B:00A8H.1       PUBLIC        ET0
  D:008CH         PUBLIC        TH0
  X:1542H         PUBLIC        hour_count
  D:008AH         PUBLIC        TL0
  X:1543H         PUBLIC        min_count
  B:0088H.4       PUBLIC        TR0
  X:1544H         SYMBOL        KeyNum
  X:1545H         SYMBOL        KeyNum_Old
  C:27C1H         PUBLIC        _Display_Prox
  X:1546H         PUBLIC        st_time
  D:00D0H         PUBLIC        PSW
  C:2E25H         PUBLIC        _SendUART1
  -------         PROC          TM0_ISR
  C:000AH         LINE#         52
BL51 BANKED LINKER/LOCATER V6.22                                                      07/06/2018  17:18:19  PAGE 7


  C:000AH         LINE#         55
  -------         ENDPROC       TM0_ISR
  -------         PROC          MAIN
  -------         DO            
  X:1505H         SYMBOL        seconds
  X:1506H         SYMBOL        mins
  X:1507H         SYMBOL        hours
  X:1508H         SYMBOL        days
  X:1509H         SYMBOL        months
  X:150AH         SYMBOL        prox_data
  X:152CH         SYMBOL        KeyCount
  X:152EH         SYMBOL        KeyNum_Old
  X:152FH         SYMBOL        KeyNum
  X:1530H         SYMBOL        PressedKey
  X:150CH         SYMBOL        count
  X:150EH         SYMBOL        numStr
  -------         ENDDO         
  C:1FE5H         LINE#         57
  C:1FE5H         LINE#         58
  C:1FE5H         LINE#         64
  C:1FECH         LINE#         74
  C:1FEFH         LINE#         75
  C:1FF2H         LINE#         76
  C:1FF5H         LINE#         77
  C:1FF8H         LINE#         78
  C:1FFBH         LINE#         80
  C:1FFEH         LINE#         81
  C:2001H         LINE#         82
  C:2004H         LINE#         83
  C:2006H         LINE#         84
  C:2008H         LINE#         85
  C:200AH         LINE#         87
  C:200CH         LINE#         88
  C:2013H         LINE#         89
  C:201AH         LINE#         90
  C:2021H         LINE#         91
  C:2028H         LINE#         95
  C:202FH         LINE#         96
  C:2034H         LINE#         97
  C:2039H         LINE#         98
  C:203EH         LINE#         99
  C:2043H         LINE#         100
  C:2048H         LINE#         103
  C:2048H         LINE#         104
  C:2048H         LINE#         105
  C:204BH         LINE#         106
  C:2059H         LINE#         108
  C:2059H         LINE#         109
  C:2060H         LINE#         110
  C:2068H         LINE#         111
  C:206DH         LINE#         112
  C:2075H         LINE#         113
  C:207AH         LINE#         114
  C:2084H         LINE#         116
  C:208CH         LINE#         118
  C:2094H         LINE#         119
  C:209BH         LINE#         120
BL51 BANKED LINKER/LOCATER V6.22                                                      07/06/2018  17:18:19  PAGE 8


  C:20A9H         LINE#         121
  C:20ACH         LINE#         129
  C:20AFH         LINE#         131
  C:20AFH         LINE#         132
  C:20EAH         LINE#         133
  C:2112H         LINE#         137
  C:211FH         LINE#         138
  C:211FH         LINE#         139
  C:2129H         LINE#         140
  C:2133H         LINE#         141
  C:213AH         LINE#         142
  C:2142H         LINE#         143
  C:214AH         LINE#         144
  -------         ENDPROC       MAIN
  -------         PROC          UART
  C:25F2H         LINE#         157
  C:25FFH         LINE#         159
  C:2602H         LINE#         160
  C:2602H         LINE#         161
  C:2610H         LINE#         162
  C:2612H         LINE#         163
  C:2624H         LINE#         164
  C:2633H         LINE#         165
  C:263EH         LINE#         166
  C:263EH         LINE#         169
  C:264BH         LINE#         170
  C:2651H         LINE#         171
  C:2651H         LINE#         172
  C:2657H         LINE#         173
  C:2665H         LINE#         174
  C:2673H         LINE#         175
  C:267BH         LINE#         180
  C:267BH         LINE#         181
  C:267BH         LINE#         184
  C:267BH         LINE#         185
  C:267EH         LINE#         186
  C:267EH         LINE#         187
  C:2680H         LINE#         188
  C:2682H         LINE#         189
  C:2682H         LINE#         190
  -------         ENDPROC       UART
  -------         PROC          _SENDUART1
  D:0007H         SYMBOL        dat
  C:2E25H         LINE#         193
  C:2E25H         LINE#         194
  C:2E25H         LINE#         195
  C:2E28H         LINE#         196
  C:2E2AH         LINE#         197
  C:2E2BH         LINE#         198
  C:2E2DH         LINE#         199
  -------         ENDPROC       _SENDUART1
  -------         PROC          _DISPLAY_PROX
  D:0002H         SYMBOL        dat
  -------         DO            
  X:1513H         SYMBOL        unit
  X:1514H         SYMBOL        ten
  X:1515H         SYMBOL        hundred
BL51 BANKED LINKER/LOCATER V6.22                                                      07/06/2018  17:18:19  PAGE 9


  X:1516H         SYMBOL        thousand
  -------         ENDDO         
  C:27C1H         LINE#         202
  C:27C5H         LINE#         203
  C:27C5H         LINE#         205
  C:27D1H         LINE#         206
  C:27E1H         LINE#         207
  C:27FDH         LINE#         208
  C:282DH         LINE#         209
  C:2837H         LINE#         210
  C:2841H         LINE#         211
  C:284BH         LINE#         212
  C:2855H         LINE#         214
  -------         ENDPROC       _DISPLAY_PROX
  -------         ENDMOD        MAIN

  -------         MODULE        PCF85063BTL
  C:0000H         SYMBOL        _ICE_DUMMY_
  D:0096H         PUBLIC        P2M0
  D:0080H         PUBLIC        P0
  D:0095H         PUBLIC        P2M1
  D:0090H         PUBLIC        P1
  D:00A0H         PUBLIC        P2
  D:00B0H         PUBLIC        P3
  D:00C0H         PUBLIC        P4
  D:00C8H         PUBLIC        P5
  D:00E8H         PUBLIC        P6
  B:00A0H.2       PUBLIC        PCF85063BTL_SDI
  D:00F8H         PUBLIC        P7
  B:00A0H.1       PUBLIC        PCF85063BTL_SCK
  B:00A0H.2       PUBLIC        PCF85063BTL_SDO
  D:00A8H         PUBLIC        IE
  C:29D3H         PUBLIC        _Read_time
  C:2D8FH         PUBLIC        _PCF85063BTL_Delay
  D:00B8H         PUBLIC        IP
  D:00D8H         PUBLIC        CCON
  C:28E2H         PUBLIC        _Day_Of_Year
  C:2C9AH         PUBLIC        SPI_ReceiveByte
  D:0098H         PUBLIC        SCON
  D:0088H         PUBLIC        TCON
  B:00A0H.0       PUBLIC        PCF85063BTL_CS
  C:2DC4H         PUBLIC        _SPI_ReadTime
  C:2E04H         PUBLIC        SPI_Init
  C:2D2EH         PUBLIC        _SPI_WriteTime
  C:2C7AH         PUBLIC        _SPI_SendByte
  D:00D0H         PUBLIC        PSW
  C:2D8BH         SYMBOL        L?0046
  -------         PROC          L?0045
  -------         ENDPROC       L?0045
  C:2D8BH         SYMBOL        L?0046
  -------         PROC          _PCF85063BTL_DELAY
  D:0006H         SYMBOL        us
  C:2D8FH         LINE#         8
  C:2D8FH         LINE#         9
  C:2D8FH         LINE#         10
  C:2D99H         LINE#         11
  C:2D99H         LINE#         12
BL51 BANKED LINKER/LOCATER V6.22                                                      07/06/2018  17:18:19  PAGE 10


  C:2D9AH         LINE#         13
  C:2D9CH         LINE#         14
  -------         ENDPROC       _PCF85063BTL_DELAY
  -------         PROC          _SPI_SENDBYTE
  D:0005H         SYMBOL        dat
  -------         DO            
  D:0003H         SYMBOL        i
  -------         ENDDO         
  C:2C7AH         LINE#         17
  C:2C7CH         LINE#         18
  C:2C7CH         LINE#         20
  C:2C7EH         LINE#         21
  C:2C7EH         LINE#         22
  C:2C80H         LINE#         23
  C:2C84H         LINE#         24
  C:2C84H         LINE#         25
  C:2C86H         LINE#         26
  C:2C88H         LINE#         28
  C:2C88H         LINE#         29
  C:2C8AH         LINE#         30
  C:2C8AH         LINE#         31
  C:2C8DH         LINE#         32
  C:2C8DH         LINE#         33
  C:2C90H         LINE#         34
  C:2C94H         LINE#         35
  C:2C99H         LINE#         36
  -------         ENDPROC       _SPI_SENDBYTE
  -------         PROC          SPI_RECEIVEBYTE
  -------         DO            
  D:0003H         SYMBOL        i
  D:0005H         SYMBOL        dat
  -------         ENDDO         
  C:2C9AH         LINE#         39
  C:2C9AH         LINE#         40
  C:2C9AH         LINE#         42
  C:2C9CH         LINE#         44
  C:2C9EH         LINE#         45
  C:2C9FH         LINE#         46
  C:2C9FH         LINE#         47
  C:2CA3H         LINE#         48
  C:2CA5H         LINE#         49
  C:2CA8H         LINE#         51
  C:2CABH         LINE#         52
  C:2CABH         LINE#         53
  C:2CAFH         LINE#         54
  C:2CAFH         LINE#         55
  C:2CAFH         LINE#         56
  C:2CB2H         LINE#         57
  C:2CB7H         LINE#         58
  C:2CB9H         LINE#         59
  -------         ENDPROC       SPI_RECEIVEBYTE
  -------         PROC          _SPI_READTIME
  D:0007H         SYMBOL        addr
  -------         DO            
  D:0006H         SYMBOL        dat
  -------         ENDDO         
  C:2DC4H         LINE#         61
BL51 BANKED LINKER/LOCATER V6.22                                                      07/06/2018  17:18:19  PAGE 11


  C:2DC4H         LINE#         62
  C:2DC4H         LINE#         64
  C:2DC6H         LINE#         65
  C:2DC8H         LINE#         66
  C:2DCFH         LINE#         67
  C:2DD2H         LINE#         68
  C:2DD4H         LINE#         69
  C:2DD4H         LINE#         70
  -------         ENDPROC       _SPI_READTIME
  -------         PROC          _SPI_WRITETIME
  D:0002H         SYMBOL        val
  D:0005H         SYMBOL        addr
  C:2D2EH         LINE#         71
  C:2D30H         LINE#         72
  C:2D30H         LINE#         74
  C:2D32H         LINE#         75
  C:2D39H         LINE#         76
  C:2D3EH         LINE#         77
  C:2D43H         LINE#         78
  C:2D45H         LINE#         79
  -------         ENDPROC       _SPI_WRITETIME
  -------         PROC          SPI_INIT
  C:2E04H         LINE#         83
  C:2E04H         LINE#         84
  C:2E04H         LINE#         89
  C:2E07H         LINE#         90
  C:2E0AH         LINE#         91
  C:2E0CH         LINE#         92
  C:2E0EH         LINE#         93
  C:2E10H         LINE#         94
  -------         ENDPROC       SPI_INIT
  -------         PROC          _READ_TIME
  X:1513H         SYMBOL        months
  X:1516H         SYMBOL        days
  X:1519H         SYMBOL        hours
  X:151CH         SYMBOL        mins
  X:151FH         SYMBOL        seconds
  C:29D3H         LINE#         96
  C:29DEH         LINE#         97
  C:29DEH         LINE#         99
  C:29F2H         LINE#         101
  C:2A06H         LINE#         103
  C:2A1AH         LINE#         108
  C:2A2EH         LINE#         113
  -------         ENDPROC       _READ_TIME
  -------         PROC          _DAY_OF_YEAR
  D:0007H         SYMBOL        months
  D:0005H         SYMBOL        days
  C:28E2H         LINE#         120
  C:28E2H         LINE#         121
  C:28E2H         LINE#         123
  C:291BH         LINE#         124
  C:291BH         LINE#         125
  C:291BH         LINE#         126
  C:2920H         LINE#         127
  C:2920H         LINE#         128
  C:2920H         LINE#         129
BL51 BANKED LINKER/LOCATER V6.22                                                      07/06/2018  17:18:19  PAGE 12


  C:2925H         LINE#         130
  C:2925H         LINE#         131
  C:2925H         LINE#         132
  C:292AH         LINE#         133
  C:292AH         LINE#         134
  C:292AH         LINE#         135
  C:292FH         LINE#         136
  C:292FH         LINE#         137
  C:292FH         LINE#         138
  C:2934H         LINE#         139
  C:2934H         LINE#         140
  C:2934H         LINE#         141
  C:2939H         LINE#         142
  C:2939H         LINE#         143
  C:2939H         LINE#         144
  C:293EH         LINE#         145
  C:293EH         LINE#         146
  C:293EH         LINE#         147
  C:2943H         LINE#         148
  C:2943H         LINE#         149
  C:2943H         LINE#         150
  C:294BH         LINE#         151
  C:294BH         LINE#         152
  C:294BH         LINE#         153
  C:2950H         LINE#         154
  C:2950H         LINE#         155
  C:2950H         LINE#         156
  C:2955H         LINE#         157
  C:2955H         LINE#         158
  C:2955H         LINE#         159
  C:295DH         LINE#         160
  C:295DH         LINE#         161
  C:295DH         LINE#         162
  -------         ENDPROC       _DAY_OF_YEAR
  -------         ENDMOD        PCF85063BTL

  -------         MODULE        UART1
  C:0000H         SYMBOL        _ICE_DUMMY_
  D:0080H         PUBLIC        P0
  D:0090H         PUBLIC        P1
  D:00A0H         PUBLIC        P2
  D:00B0H         PUBLIC        P3
  D:00C0H         PUBLIC        P4
  D:00C8H         PUBLIC        P5
  B:00A8H.7       PUBLIC        EA
  D:00E8H         PUBLIC        P6
  D:00F8H         PUBLIC        P7
  C:2BAAH         PUBLIC        _SendString
  D:00A8H         PUBLIC        IE
  B:00A8H.4       PUBLIC        ES
  D:00B8H         PUBLIC        IP
  C:2D46H         PUBLIC        _ASCIItoBCD
  D:00D8H         PUBLIC        CCON
  C:2DD5H         PUBLIC        initUART1
  D:0098H         PUBLIC        SCON
  D:0088H         PUBLIC        TCON
  C:2E4AH         PUBLIC        _DectoBCD
BL51 BANKED LINKER/LOCATER V6.22                                                      07/06/2018  17:18:19  PAGE 13


  C:2E45H         PUBLIC        _ASCII_Letter
  D:008EH         PUBLIC        AUXR
  C:2E40H         PUBLIC        _unit
  C:2E2EH         PUBLIC        _ten
  D:00D6H         PUBLIC        T2H
  D:00D7H         PUBLIC        T2L
  D:00D0H         PUBLIC        PSW
  -------         PROC          INITUART1
  C:2DD5H         LINE#         21
  C:2DD5H         LINE#         22
  C:2DD5H         LINE#         23
  C:2DD8H         LINE#         24
  C:2DDBH         LINE#         25
  C:2DDEH         LINE#         26
  C:2DE1H         LINE#         27
  C:2DE3H         LINE#         28
  C:2DE5H         LINE#         30
  -------         ENDPROC       INITUART1
  -------         PROC          _SENDSTRING
  X:1551H         SYMBOL        s
  C:2BAAH         LINE#         35
  C:2BB5H         LINE#         36
  C:2BB5H         LINE#         37
  C:2BC5H         LINE#         38
  C:2BC5H         LINE#         39
  C:2BDAH         LINE#         40
  C:2BDCH         LINE#         41
  -------         ENDPROC       _SENDSTRING
  -------         PROC          _TEN
  D:0007H         SYMBOL        BCD
  C:2E2EH         LINE#         43
  C:2E2EH         LINE#         44
  C:2E2EH         LINE#         45
  C:2E33H         LINE#         46
  -------         ENDPROC       _TEN
  -------         PROC          _UNIT
  D:0007H         SYMBOL        BCD
  C:2E40H         LINE#         47
  C:2E40H         LINE#         48
  C:2E40H         LINE#         52
  C:2E44H         LINE#         53
  -------         ENDPROC       _UNIT
  -------         PROC          _DECTOBCD
  D:0007H         SYMBOL        dec
  C:2E4AH         LINE#         54
  C:2E4AH         LINE#         55
  C:2E4AH         LINE#         57
  C:2E4AH         LINE#         58
  -------         ENDPROC       _DECTOBCD
  -------         PROC          _ASCII_LETTER
  D:0007H         SYMBOL        dat
  C:2E45H         LINE#         60
  C:2E45H         LINE#         61
  C:2E45H         LINE#         63
  C:2E49H         LINE#         64
  -------         ENDPROC       _ASCII_LETTER
  -------         PROC          _ASCIITOBCD
BL51 BANKED LINKER/LOCATER V6.22                                                      07/06/2018  17:18:19  PAGE 14


  D:0001H         SYMBOL        ascii
  -------         DO            
  D:0007H         SYMBOL        dec_val
  D:0006H         SYMBOL        ten
  D:0007H         SYMBOL        unit
  -------         ENDDO         
  C:2D46H         LINE#         66
  C:2D46H         LINE#         67
  C:2D46H         LINE#         69
  C:2D49H         LINE#         70
  C:2D4FH         LINE#         71
  C:2D56H         LINE#         72
  C:2D5CH         LINE#         74
  -------         ENDPROC       _ASCIITOBCD
  -------         ENDMOD        UART1

  -------         MODULE        LCD_DRIVER_SPLC780D
  C:0000H         SYMBOL        _ICE_DUMMY_
  D:0080H         PUBLIC        P0
  D:0090H         PUBLIC        P1
  D:00A0H         PUBLIC        P2
  D:00B0H         PUBLIC        P3
  D:00C0H         PUBLIC        P4
  D:00C8H         PUBLIC        P5
  D:00E8H         PUBLIC        P6
  D:00F8H         PUBLIC        P7
  C:295EH         PUBLIC        _WriteData
  D:00A8H         PUBLIC        IE
  D:00B8H         PUBLIC        IP
  D:00D8H         PUBLIC        CCON
  B:0090H.4       PUBLIC        LCD_D4
  B:0090H.5       PUBLIC        LCD_D5
  B:0090H.6       PUBLIC        LCD_D6
  C:2CF6H         PUBLIC        _DisplayLCD
  B:0090H.7       PUBLIC        LCD_D7
  D:0098H         PUBLIC        SCON
  D:0088H         PUBLIC        TCON
  C:2E1BH         PUBLIC        LCD_clear
  C:2B32H         PUBLIC        _Command
  C:000EH         PUBLIC        _Display_Line
  C:2A42H         PUBLIC        LCD_Init
  C:2C3AH         PUBLIC        _Wait_ms
  B:0090H.1       PUBLIC        LCD_RS
  B:0090H.2       PUBLIC        LCD_RW
  C:2E11H         PUBLIC        LCD_return_home
  B:0090H.3       PUBLIC        LCD_E
  D:00D0H         PUBLIC        PSW
  -------         PROC          LCD_INIT
  C:2A42H         LINE#         9
  C:2A42H         LINE#         10
  C:2A42H         LINE#         12
  C:2A49H         LINE#         13
  C:2A4EH         LINE#         15
  C:2A55H         LINE#         16
  C:2A5AH         LINE#         18
  C:2A5DH         LINE#         19
  C:2A62H         LINE#         21
BL51 BANKED LINKER/LOCATER V6.22                                                      07/06/2018  17:18:19  PAGE 15


  C:2A65H         LINE#         22
  C:2A6AH         LINE#         24
  C:2A71H         LINE#         27
  C:2A76H         LINE#         28
  C:2A7BH         LINE#         30
  C:2A80H         LINE#         31
  C:2A85H         LINE#         33
  C:2A8AH         LINE#         34
  C:2A8FH         LINE#         35
  -------         ENDPROC       LCD_INIT
  -------         PROC          _WRITEDATA
  X:1519H         SYMBOL        dat
  C:295EH         LINE#         38
  C:2963H         LINE#         39
  C:2963H         LINE#         44
  C:2965H         LINE#         45
  C:2967H         LINE#         47
  C:2975H         LINE#         48
  C:2981H         LINE#         49
  C:298DH         LINE#         50
  C:2997H         LINE#         51
  C:2999H         LINE#         52
  C:29A0H         LINE#         53
  C:29A2H         LINE#         55
  C:29B2H         LINE#         56
  C:29BDH         LINE#         57
  C:29C7H         LINE#         58
  C:29CBH         LINE#         60
  C:29CBH         LINE#         61
  C:29CEH         LINE#         62
  C:29D0H         LINE#         63
  C:29D2H         LINE#         65
  -------         ENDPROC       _WRITEDATA
  -------         PROC          _COMMAND
  D:0007H         SYMBOL        dat
  C:2B32H         LINE#         67
  C:2B32H         LINE#         68
  C:2B32H         LINE#         69
  C:2B34H         LINE#         70
  C:2B36H         LINE#         72
  C:2B40H         LINE#         73
  C:2B44H         LINE#         75
  C:2B46H         LINE#         76
  C:2B4FH         LINE#         77
  C:2B53H         LINE#         79
  C:2B55H         LINE#         80
  C:2B5CH         LINE#         81
  C:2B60H         LINE#         83
  C:2B62H         LINE#         84
  C:2B66H         LINE#         85
  C:2B6AH         LINE#         87
  C:2B6CH         LINE#         88
  C:2B6CH         LINE#         89
  C:2B6FH         LINE#         90
  C:2B71H         LINE#         91
  -------         ENDPROC       _COMMAND
  C:2C36H         SYMBOL        L?0028
BL51 BANKED LINKER/LOCATER V6.22                                                      07/06/2018  17:18:19  PAGE 16


  -------         PROC          L?0027
  -------         ENDPROC       L?0027
  C:2C36H         SYMBOL        L?0028
  -------         PROC          _WAIT_MS
  D:0006H         SYMBOL        ms
  -------         DO            
  D:0004H         SYMBOL        De_Cnt
  -------         ENDDO         
  C:2C3AH         LINE#         93
  C:2C3AH         LINE#         94
  C:2C3AH         LINE#         96
  C:2C44H         LINE#         97
  C:2C44H         LINE#         98
  C:2C57H         LINE#         99
  C:2C57H         LINE#         100
  -------         ENDPROC       _WAIT_MS
  -------         PROC          _DISPLAYLCD
  D:0007H         SYMBOL        BCD
  -------         DO            
  D:0006H         SYMBOL        first_digit
  X:1513H         SYMBOL        second_digit
  -------         ENDDO         
  C:2CF6H         LINE#         101
  C:2CF6H         LINE#         102
  C:2CF6H         LINE#         104
  C:2CFDH         LINE#         105
  C:2D06H         LINE#         107
  C:2D0BH         LINE#         109
  -------         ENDPROC       _DISPLAYLCD
  -------         PROC          LCD_RETURN_HOME
  C:2E11H         LINE#         113
  C:2E11H         LINE#         114
  C:2E11H         LINE#         115
  C:2E16H         LINE#         116
  -------         ENDPROC       LCD_RETURN_HOME
  -------         PROC          LCD_CLEAR
  C:2E1BH         LINE#         119
  C:2E1BH         LINE#         120
  C:2E1BH         LINE#         121
  C:2E20H         LINE#         122
  -------         ENDPROC       LCD_CLEAR
  -------         PROC          _DISPLAY_LINE
  D:0006H         SYMBOL        line
  C:000EH         LINE#         126
  C:000EH         LINE#         127
  C:000EH         LINE#         128
  C:0014H         LINE#         129
  C:0014H         LINE#         130
  C:0016H         LINE#         131
  C:0016H         LINE#         132
  C:0018H         LINE#         134
  C:0018H         LINE#         135
  C:001DH         LINE#         136
  C:0022H         LINE#         137
  C:0022H         LINE#         138
  -------         ENDPROC       _DISPLAY_LINE
  -------         ENDMOD        LCD_DRIVER_SPLC780D
BL51 BANKED LINKER/LOCATER V6.22                                                      07/06/2018  17:18:19  PAGE 17



  -------         MODULE        KEYPAD
  C:0000H         SYMBOL        _ICE_DUMMY_
  D:0093H         PUBLIC        P0M1
  D:0080H         PUBLIC        P0
  D:0090H         PUBLIC        P1
  D:00A0H         PUBLIC        P2
  D:00B0H         PUBLIC        P3
  D:00C0H         PUBLIC        P4
  D:00C8H         PUBLIC        P5
  D:00E8H         PUBLIC        P6
  D:00F8H         PUBLIC        P7
  D:00A8H         PUBLIC        IE
  C:22B3H         PUBLIC        Key_Scan
  D:00B8H         PUBLIC        IP
  D:00D8H         PUBLIC        CCON
  C:0003H         PUBLIC        KeyPad_IO_Init
  C:2CBAH         PUBLIC        _Delay_ms
  D:0098H         PUBLIC        SCON
  D:0088H         PUBLIC        TCON
  C:1D9CH         PUBLIC        Key_Process
  D:00D0H         PUBLIC        PSW
  D:0094H         PUBLIC        P0M0
  -------         PROC          _DELAY_MS
  D:0006H         SYMBOL        ms
  -------         DO            
  D:0004H         SYMBOL        De_Cnt
  -------         ENDDO         
  C:2CBAH         LINE#         13
  C:2CBAH         LINE#         14
  C:2CBAH         LINE#         16
  C:2CC4H         LINE#         17
  C:2CC4H         LINE#         18
  C:2CD7H         LINE#         19
  C:2CD7H         LINE#         20
  -------         ENDPROC       _DELAY_MS
  -------         PROC          KEY_SCAN
  -------         DO            
  X:1519H         SYMBOL        KeyTemp1
  X:151AH         SYMBOL        KeyTemp2
  X:151BH         SYMBOL        KeyValue
  -------         ENDDO         
  C:22B3H         LINE#         21
  C:22B3H         LINE#         22
  C:22B3H         LINE#         27
  C:22B6H         LINE#         30
  C:22B9H         LINE#         32
  C:22C1H         LINE#         33
  C:22C8H         LINE#         34
  C:22C8H         LINE#         35
  C:22CFH         LINE#         36
  C:22D4H         LINE#         37
  C:22DBH         LINE#         38
  C:22DBH         LINE#         41
  C:22DEH         LINE#         42
  C:22E1H         LINE#         43
  C:22E6H         LINE#         44
BL51 BANKED LINKER/LOCATER V6.22                                                      07/06/2018  17:18:19  PAGE 18


  C:22EAH         LINE#         45
  C:22EAH         LINE#         46
  C:22F2H         LINE#         47
  C:22F2H         LINE#         48
  C:22F5H         LINE#         49
  C:22FDH         LINE#         50
  C:22FFH         LINE#         52
  C:2313H         LINE#         53
  C:2313H         LINE#         54
  C:2313H         LINE#         55
  C:2313H         LINE#         56
  C:2319H         LINE#         58
  C:231BH         LINE#         59
  C:231BH         LINE#         60
  C:231BH         LINE#         61
  C:2321H         LINE#         63
  C:2323H         LINE#         64
  C:2323H         LINE#         65
  C:2323H         LINE#         66
  C:2329H         LINE#         68
  C:232BH         LINE#         69
  C:232BH         LINE#         70
  C:232BH         LINE#         71
  C:2331H         LINE#         73
  C:2331H         LINE#         74
  C:2331H         LINE#         75
  C:2331H         LINE#         78
  C:2334H         LINE#         79
  C:2337H         LINE#         80
  C:233FH         LINE#         81
  C:2343H         LINE#         82
  C:2343H         LINE#         83
  C:234BH         LINE#         84
  C:234BH         LINE#         85
  C:234EH         LINE#         86
  C:2356H         LINE#         87
  C:2358H         LINE#         88
  C:236CH         LINE#         89
  C:236CH         LINE#         90
  C:236CH         LINE#         91
  C:236CH         LINE#         92
  C:2372H         LINE#         94
  C:2374H         LINE#         95
  C:2374H         LINE#         96
  C:2374H         LINE#         97
  C:237AH         LINE#         99
  C:237CH         LINE#         100
  C:237CH         LINE#         101
  C:237CH         LINE#         102
  C:2382H         LINE#         104
  C:2384H         LINE#         105
  C:2384H         LINE#         106
  C:2384H         LINE#         107
  C:2389H         LINE#         109
  C:2389H         LINE#         110
  C:2389H         LINE#         111
  C:2389H         LINE#         114
BL51 BANKED LINKER/LOCATER V6.22                                                      07/06/2018  17:18:19  PAGE 19


  C:238CH         LINE#         115
  C:238FH         LINE#         116
  C:2397H         LINE#         117
  C:239BH         LINE#         118
  C:239BH         LINE#         119
  C:23A3H         LINE#         120
  C:23A3H         LINE#         121
  C:23A6H         LINE#         122
  C:23AEH         LINE#         123
  C:23B0H         LINE#         124
  C:23C4H         LINE#         125
  C:23C4H         LINE#         126
  C:23C4H         LINE#         127
  C:23C4H         LINE#         128
  C:23CAH         LINE#         130
  C:23CCH         LINE#         131
  C:23CCH         LINE#         132
  C:23CCH         LINE#         133
  C:23D2H         LINE#         135
  C:23D4H         LINE#         136
  C:23D4H         LINE#         137
  C:23D4H         LINE#         138
  C:23DAH         LINE#         140
  C:23DCH         LINE#         141
  C:23DCH         LINE#         142
  C:23DCH         LINE#         143
  C:23E2H         LINE#         145
  C:23E2H         LINE#         146
  C:23E2H         LINE#         147
  C:23E2H         LINE#         148
  C:23E8H         LINE#         149
  C:23E8H         LINE#         151
  C:23E8H         LINE#         152
  C:23EBH         LINE#         153
  C:23EBH         LINE#         154
  C:23EBH         LINE#         156
  C:23EBH         LINE#         157
  C:23EDH         LINE#         158
  C:23EDH         LINE#         159
  -------         ENDPROC       KEY_SCAN
  -------         PROC          KEY_PROCESS
  -------         DO            
  X:1548H         SYMBOL        KeyCount
  X:154AH         SYMBOL        KeyNum_Old
  X:154BH         SYMBOL        KeyNum
  X:154CH         SYMBOL        PressedKey
  X:1513H         SYMBOL        d
  D:0004H         SYMBOL        hours
  D:0006H         SYMBOL        mins
  X:1515H         SYMBOL        months
  X:1517H         SYMBOL        days
  -------         ENDDO         
  C:1D9CH         LINE#         160
  C:1D9CH         LINE#         161
  C:1D9CH         LINE#         165
  C:1DA4H         LINE#         166
  C:1DACH         LINE#         168
BL51 BANKED LINKER/LOCATER V6.22                                                      07/06/2018  17:18:19  PAGE 20


  C:1DC1H         LINE#         169
  C:1DC1H         LINE#         170
  C:1DD3H         LINE#         171
  C:1DE1H         LINE#         172
  C:1DF0H         LINE#         173
  C:1DF0H         LINE#         175
  C:1DF6H         LINE#         179
  C:1E0CH         LINE#         180
  C:1E1DH         LINE#         181
  C:1E38H         LINE#         182
  C:1E38H         LINE#         183
  C:1E48H         LINE#         184
  C:1E59H         LINE#         185
  C:1E59H         LINE#         189
  C:1E72H         LINE#         190
  C:1E89H         LINE#         191
  C:1EA9H         LINE#         192
  C:1EA9H         LINE#         193
  C:1EB3H         LINE#         194
  C:1EB3H         LINE#         195
  C:1EBCH         LINE#         196
  C:1EBCH         LINE#         197
  C:1ED0H         LINE#         198
  C:1ED0H         LINE#         199
  C:1ED0H         LINE#         200
  C:1ED0H         LINE#         201
  C:1ED0H         LINE#         202
  C:1ED2H         LINE#         204
  C:1ED2H         LINE#         205
  C:1EDEH         LINE#         206
  C:1EDEH         LINE#         207
  C:1EEFH         LINE#         208
  C:1EEFH         LINE#         209
  C:1EEFH         LINE#         210
  C:1EEFH         LINE#         211
  C:1EEFH         LINE#         213
  C:1EF1H         LINE#         215
  C:1EF1H         LINE#         216
  C:1F02H         LINE#         217
  C:1F02H         LINE#         218
  C:1F02H         LINE#         219
  C:1F02H         LINE#         220
  C:1F02H         LINE#         222
  C:1F02H         LINE#         224
  C:1F02H         LINE#         225
  C:1F04H         LINE#         227
  C:1F04H         LINE#         228
  C:1F17H         LINE#         229
  C:1F17H         LINE#         230
  C:1F28H         LINE#         231
  C:1F28H         LINE#         232
  C:1F28H         LINE#         233
  C:1F28H         LINE#         234
  C:1F28H         LINE#         235
  C:1F2AH         LINE#         237
  C:1F2AH         LINE#         238
  C:1F3BH         LINE#         239
BL51 BANKED LINKER/LOCATER V6.22                                                      07/06/2018  17:18:19  PAGE 21


  C:1F3BH         LINE#         240
  C:1F4CH         LINE#         241
  C:1F5DH         LINE#         242
  C:1F5DH         LINE#         243
  C:1F5DH         LINE#         244
  C:1F5DH         LINE#         245
  C:1F5DH         LINE#         246
  C:1F60H         LINE#         247
  C:1F65H         LINE#         248
  C:1F6AH         LINE#         249
  C:1F6FH         LINE#         250
  C:1F74H         LINE#         251
  C:1F79H         LINE#         252
  C:1F7EH         LINE#         253
  C:1F83H         LINE#         254
  C:1F83H         LINE#         256
  C:1FA5H         LINE#         257
  C:1FA5H         LINE#         258
  C:1FAFH         LINE#         259
  C:1FAFH         LINE#         260
  C:1FB4H         LINE#         261
  C:1FBDH         LINE#         262
  C:1FD4H         LINE#         263
  C:1FD4H         LINE#         264
  C:1FE4H         LINE#         266
  C:1FE4H         LINE#         270
  -------         ENDPROC       KEY_PROCESS
  -------         PROC          KEYPAD_IO_INIT
  C:0003H         LINE#         273
  C:0003H         LINE#         274
  C:0003H         LINE#         275
  C:0006H         LINE#         276
  C:0009H         LINE#         277
  -------         ENDPROC       KEYPAD_IO_INIT
  -------         ENDMOD        KEYPAD

  -------         MODULE        VCNL4035
  C:0000H         SYMBOL        _ICE_DUMMY_
  D:0080H         PUBLIC        P0
  B:00B0H.2       PUBLIC        I2C_SCK
  D:00B2H         PUBLIC        P3M0
  D:0090H         PUBLIC        P1
  D:00B1H         PUBLIC        P3M1
  D:00A0H         PUBLIC        P2
  D:00B0H         PUBLIC        P3
  D:00C0H         PUBLIC        P4
  D:00C8H         PUBLIC        P5
  D:00E8H         PUBLIC        P6
  D:00F8H         PUBLIC        P7
  D:00A8H         PUBLIC        IE
  C:2E3AH         PUBLIC        _DisplayLCD_VCNL4035
  D:00B8H         PUBLIC        IP
  D:00D8H         PUBLIC        CCON
  C:2DB1H         PUBLIC        I2C_Start
  D:0098H         PUBLIC        SCON
  C:2D5DH         PUBLIC        I2C_Init
  D:0088H         PUBLIC        TCON
BL51 BANKED LINKER/LOCATER V6.22                                                      07/06/2018  17:18:19  PAGE 22


  C:2DE6H         PUBLIC        uC_NACK
  C:2C16H         PUBLIC        _Wait_ms_i2c
  C:2C58H         PUBLIC        _I2C_SendByte
  C:2D74H         PUBLIC        I2C_Stop
  C:2AE9H         PUBLIC        _Write_VCNL4035X
  C:2E4BH         PUBLIC        nop
  C:268DH         PUBLIC        _Read_VCNL4035
  C:2E34H         PUBLIC        uC_ACK
  C:2D18H         PUBLIC        I2C_ACK
  C:2CD8H         PUBLIC        _Wait_ms_iic
  B:00B0H.1       PUBLIC        I2C_SDA
  D:00D0H         PUBLIC        PSW
  C:2BE3H         PUBLIC        I2C_ReceiveByte
  -------         PROC          _WAIT_MS_IIC
  D:0006H         SYMBOL        ms
  -------         DO            
  D:0004H         SYMBOL        De_Cnt
  -------         ENDDO         
  C:2CD8H         LINE#         5
  C:2CD8H         LINE#         6
  C:2CD8H         LINE#         8
  C:2CE2H         LINE#         9
  C:2CE2H         LINE#         10
  C:2CF5H         LINE#         11
  C:2CF5H         LINE#         12
  -------         ENDPROC       _WAIT_MS_IIC
  C:2C10H         SYMBOL        L?0048
  C:2C12H         SYMBOL        L?0049
  -------         PROC          L?0047
  -------         ENDPROC       L?0047
  C:2C10H         SYMBOL        L?0048
  C:2C12H         SYMBOL        L?0049
  -------         PROC          _WAIT_MS_I2C
  D:0006H         SYMBOL        ms
  -------         DO            
  D:0004H         SYMBOL        De_Cnt
  -------         ENDDO         
  C:2C16H         LINE#         14
  C:2C16H         LINE#         15
  C:2C16H         LINE#         17
  C:2C20H         LINE#         18
  C:2C20H         LINE#         19
  C:2C33H         LINE#         20
  C:2C33H         LINE#         21
  -------         ENDPROC       _WAIT_MS_I2C
  -------         PROC          NOP
  C:2E4BH         LINE#         22
  C:2E4BH         LINE#         23
  C:2E4BH         LINE#         25
  -------         ENDPROC       NOP
  -------         PROC          I2C_START
  C:2DB1H         LINE#         26
  C:2DB1H         LINE#         27
  C:2DB1H         LINE#         29
  C:2DB3H         LINE#         30
  C:2DB5H         LINE#         31
  C:2DBCH         LINE#         32
BL51 BANKED LINKER/LOCATER V6.22                                                      07/06/2018  17:18:19  PAGE 23


  C:2DBEH         LINE#         33
  C:2DC1H         LINE#         34
  C:2DC3H         LINE#         37
  -------         ENDPROC       I2C_START
  -------         PROC          I2C_STOP
  C:2D74H         LINE#         39
  C:2D74H         LINE#         40
  C:2D74H         LINE#         41
  C:2D76H         LINE#         42
  C:2D78H         LINE#         43
  C:2D7BH         LINE#         44
  C:2D7DH         LINE#         45
  C:2D7FH         LINE#         46
  C:2D86H         LINE#         47
  C:2D88H         LINE#         50
  -------         ENDPROC       I2C_STOP
  -------         PROC          L?0050
  -------         ENDPROC       L?0050
  -------         PROC          I2C_ACK
  -------         DO            
  X:151BH         SYMBOL        i
  D:0003H         SYMBOL        dat
  -------         ENDDO         
  C:2D18H         LINE#         52
  C:2D18H         LINE#         53
  C:2D18H         LINE#         55
  C:2D19H         LINE#         60
  C:2D1CH         LINE#         61
  C:2D1EH         LINE#         62
  C:2D21H         LINE#         64
  C:2D24H         LINE#         65
  C:2D24H         LINE#         66
  C:2D28H         LINE#         67
  C:2D28H         LINE#         70
  C:2D28H         LINE#         71
  C:2D2BH         LINE#         72
  C:2D2BH         LINE#         73
  C:2D2DH         LINE#         74
  -------         ENDPROC       I2C_ACK
  -------         PROC          UC_ACK
  -------         DO            
  X:151BH         SYMBOL        i
  -------         ENDDO         
  C:2E34H         LINE#         75
  C:2E34H         LINE#         76
  C:2E34H         LINE#         78
  C:2E34H         LINE#         85
  C:2E34H         LINE#         87
  C:2E34H         LINE#         89
  C:2E34H         LINE#         90
  C:2E34H         LINE#         93
  C:2E37H         LINE#         94
  C:2E39H         LINE#         95
  C:2E39H         LINE#         99
  -------         ENDPROC       UC_ACK
  -------         PROC          UC_NACK
  -------         DO            
BL51 BANKED LINKER/LOCATER V6.22                                                      07/06/2018  17:18:19  PAGE 24


  X:151BH         SYMBOL        i
  -------         ENDDO         
  C:2DE6H         LINE#         101
  C:2DE6H         LINE#         102
  C:2DE6H         LINE#         104
  C:2DE6H         LINE#         108
  C:2DE8H         LINE#         111
  C:2DE8H         LINE#         112
  C:2DEAH         LINE#         113
  C:2DEAH         LINE#         115
  C:2DEAH         LINE#         116
  C:2DEAH         LINE#         119
  C:2DEDH         LINE#         120
  C:2DEFH         LINE#         121
  C:2DF2H         LINE#         122
  C:2DF4H         LINE#         123
  C:2DF4H         LINE#         127
  -------         ENDPROC       UC_NACK
  -------         PROC          I2C_INIT
  C:2D5DH         LINE#         129
  C:2D5DH         LINE#         130
  C:2D5DH         LINE#         133
  C:2D60H         LINE#         134
  C:2D63H         LINE#         139
  C:2D6BH         LINE#         141
  -------         ENDPROC       I2C_INIT
  -------         PROC          _I2C_SENDBYTE
  D:0001H         SYMBOL        dat
  -------         DO            
  D:0003H         SYMBOL        i
  -------         ENDDO         
  C:2C58H         LINE#         145
  C:2C5AH         LINE#         146
  C:2C5AH         LINE#         149
  C:2C5CH         LINE#         150
  C:2C5CH         LINE#         151
  C:2C5EH         LINE#         153
  C:2C62H         LINE#         154
  C:2C62H         LINE#         155
  C:2C64H         LINE#         156
  C:2C66H         LINE#         158
  C:2C66H         LINE#         159
  C:2C68H         LINE#         160
  C:2C68H         LINE#         161
  C:2C6BH         LINE#         162
  C:2C6DH         LINE#         164
  C:2C71H         LINE#         165
  C:2C74H         LINE#         166
  C:2C79H         LINE#         167
  -------         ENDPROC       _I2C_SENDBYTE
  -------         PROC          L?0051
  -------         ENDPROC       L?0051
  -------         PROC          I2C_RECEIVEBYTE
  -------         DO            
  D:0003H         SYMBOL        i
  D:0001H         SYMBOL        dat
  -------         ENDDO         
BL51 BANKED LINKER/LOCATER V6.22                                                      07/06/2018  17:18:19  PAGE 25


  C:2BE3H         LINE#         171
  C:2BE3H         LINE#         172
  C:2BE3H         LINE#         174
  C:2BE5H         LINE#         178
  C:2BE6H         LINE#         179
  C:2BE6H         LINE#         180
  C:2BEAH         LINE#         181
  C:2BECH         LINE#         182
  C:2BEFH         LINE#         184
  C:2BF2H         LINE#         185
  C:2BF2H         LINE#         186
  C:2BF6H         LINE#         187
  C:2BF6H         LINE#         188
  C:2BF6H         LINE#         189
  C:2BF9H         LINE#         190
  C:2BFDH         LINE#         191
  C:2BFDH         LINE#         192
  C:2BFFH         LINE#         193
  C:2C01H         LINE#         194
  C:2C01H         LINE#         196
  C:2C06H         LINE#         197
  C:2C08H         LINE#         198
  -------         ENDPROC       I2C_RECEIVEBYTE
  -------         PROC          _WRITE_VCNL4035X
  X:1513H         SYMBOL        command_code
  X:1514H         SYMBOL        dat_h
  X:1515H         SYMBOL        dat_l
  C:2AE9H         LINE#         199
  C:2AF4H         LINE#         200
  C:2AF4H         LINE#         201
  C:2AF7H         LINE#         202
  C:2AFEH         LINE#         203
  C:2AFEH         LINE#         204
  C:2B04H         LINE#         205
  C:2B04H         LINE#         206
  C:2B0CH         LINE#         207
  C:2B0CH         LINE#         208
  C:2B12H         LINE#         209
  C:2B1AH         LINE#         211
  C:2B20H         LINE#         212
  C:2B28H         LINE#         214
  C:2B2EH         LINE#         215
  C:2B31H         LINE#         216
  -------         ENDPROC       _WRITE_VCNL4035X
  -------         PROC          _READ_VCNL4035
  X:1513H         SYMBOL        command_code
  -------         DO            
  X:1515H         SYMBOL        temp_dat
  X:1517H         SYMBOL        temp_dat_l
  X:1519H         SYMBOL        temp_dat_h
  -------         ENDDO         
  C:268DH         LINE#         218
  C:2695H         LINE#         219
  C:2695H         LINE#         220
  C:26A2H         LINE#         222
  C:26A5H         LINE#         223
  C:26A8H         LINE#         224
BL51 BANKED LINKER/LOCATER V6.22                                                      07/06/2018  17:18:19  PAGE 26


  C:26ADH         LINE#         226
  C:26B3H         LINE#         227
  C:26B3H         LINE#         228
  C:26B3H         LINE#         229
  C:26B3H         LINE#         230
  C:26BEH         LINE#         231
  C:26C1H         LINE#         232
  C:26C4H         LINE#         233
  C:26C4H         LINE#         236
  C:26C7H         LINE#         238
  C:26CEH         LINE#         239
  C:26CEH         LINE#         240
  C:26CEH         LINE#         241
  C:26D9H         LINE#         242
  C:26DCH         LINE#         243
  C:26DFH         LINE#         244
  C:26E2H         LINE#         245
  C:26E5H         LINE#         246
  C:26E8H         LINE#         247
  C:26EBH         LINE#         248
  C:26EEH         LINE#         249
  C:26F1H         LINE#         250
  C:26F1H         LINE#         251
  C:26F7H         LINE#         252
  C:26F7H         LINE#         253
  C:2700H         LINE#         255
  C:2700H         LINE#         256
  C:2706H         LINE#         257
  C:2706H         LINE#         259
  C:2708H         LINE#         260
  C:270EH         LINE#         261
  C:2711H         LINE#         262
  C:2718H         LINE#         263
  C:2718H         LINE#         264
  C:2726H         LINE#         265
  -------         ENDPROC       _READ_VCNL4035
  -------         PROC          _DISPLAYLCD_VCNL4035
  X:1554H         SYMBOL        dat
  C:2E3AH         LINE#         267
  C:2E3FH         LINE#         268
  C:2E3FH         LINE#         270
  -------         ENDPROC       _DISPLAYLCD_VCNL4035
  -------         ENDMOD        VCNL4035

  -------         MODULE        BIPOLARMOTOR
  C:0000H         SYMBOL        _ICE_DUMMY_
  D:0080H         PUBLIC        P0
  D:0090H         PUBLIC        P1
  D:00A0H         PUBLIC        P2
  D:00B0H         PUBLIC        P3
  D:00C0H         PUBLIC        P4
  D:00C8H         PUBLIC        P5
  D:00E8H         PUBLIC        P6
  D:00F8H         PUBLIC        P7
  D:00A8H         PUBLIC        IE
  C:2B72H         PUBLIC        _Move
  D:00B8H         PUBLIC        IP
BL51 BANKED LINKER/LOCATER V6.22                                                      07/06/2018  17:18:19  PAGE 27


  X:0000H         PUBLIC        Time_stamp
  D:00D8H         PUBLIC        CCON
  D:0098H         PUBLIC        SCON
  D:0088H         PUBLIC        TCON
  C:2A96H         PUBLIC        _Step_move
  C:1B23H         PUBLIC        _Update_position
  X:0900H         PUBLIC        degree3_function
  D:00D0H         PUBLIC        PSW
  -------         PROC          _STEP_MOVE
  X:1524H         SYMBOL        step
  X:1526H         SYMBOL        direction
  -------         DO            
  X:1528H         SYMBOL        i
  -------         ENDDO         
  C:2A96H         LINE#         7
  C:2AA4H         LINE#         8
  C:2AA4H         LINE#         9
  C:2AA9H         LINE#         10
  C:2AC4H         LINE#         11
  C:2AC4H         LINE#         12
  C:2AC7H         LINE#         13
  C:2ACEH         LINE#         14
  C:2AD1H         LINE#         15
  C:2AD8H         LINE#         16
  C:2AE8H         LINE#         17
  -------         ENDPROC       _STEP_MOVE
  -------         PROC          _MOVE
  X:151EH         SYMBOL        distance
  X:1522H         SYMBOL        direction
  -------         DO            
  D:0006H         SYMBOL        step
  -------         ENDDO         
  C:2B72H         LINE#         19
  C:2B78H         LINE#         20
  C:2B78H         LINE#         22
  C:2B9FH         LINE#         23
  -------         ENDPROC       _MOVE
  -------         PROC          _UPDATE_POSITION
  D:0007H         SYMBOL        months
  D:0005H         SYMBOL        days
  X:1515H         SYMBOL        hours
  X:1516H         SYMBOL        mins
  X:1517H         SYMBOL        seconds
  X:1518H         SYMBOL        direction
  -------         DO            
  X:151AH         SYMBOL        date
  X:151CH         SYMBOL        i
  D:0004H         SYMBOL        distance
  -------         ENDDO         
  C:1B23H         LINE#         29
  C:1B28H         LINE#         30
  C:1B28H         LINE#         33
  C:1B33H         LINE#         35
  C:1B38H         LINE#         36
  C:1B38H         LINE#         37
  C:1C07H         LINE#         38
  C:1C07H         LINE#         39
BL51 BANKED LINKER/LOCATER V6.22                                                      07/06/2018  17:18:19  PAGE 28


  C:1D67H         LINE#         40
  C:1D79H         LINE#         41
  C:1D79H         LINE#         42
  C:1D79H         LINE#         43
  C:1D9BH         LINE#         44
  -------         ENDPROC       _UPDATE_POSITION
  -------         ENDMOD        BIPOLARMOTOR

  -------         MODULE        ?C_STARTUP
  C:2856H         SEGMENT       ?C_C51STARTUP
  I:0021H         SEGMENT       ?STACK
  C:0000H         PUBLIC        ?C_STARTUP
  D:00E0H         SYMBOL        ACC
  D:00F0H         SYMBOL        B
  D:0083H         SYMBOL        DPH
  D:0082H         SYMBOL        DPL
  N:0000H         SYMBOL        IBPSTACK
  N:0100H         SYMBOL        IBPSTACKTOP
  N:0080H         SYMBOL        IDATALEN
  C:2859H         SYMBOL        IDATALOOP
  N:0000H         SYMBOL        PBPSTACK
  N:0100H         SYMBOL        PBPSTACKTOP
  N:0000H         SYMBOL        PDATALEN
  N:0000H         SYMBOL        PDATASTART
  N:0000H         SYMBOL        PPAGE
  N:0000H         SYMBOL        PPAGEENABLE
  D:00A0H         SYMBOL        PPAGE_SFR
  D:0081H         SYMBOL        SP
  C:2856H         SYMBOL        STARTUP1
  N:0000H         SYMBOL        XBPSTACK
  N:0000H         SYMBOL        XBPSTACKTOP
  N:0000H         SYMBOL        XDATALEN
  N:0000H         SYMBOL        XDATASTART
  C:0000H         LINE#         126
  C:2856H         LINE#         133
  C:2858H         LINE#         134
  C:2859H         LINE#         135
  C:285AH         LINE#         136
  C:285CH         LINE#         185
  C:285FH         LINE#         196
  -------         ENDMOD        ?C_STARTUP

  -------         MODULE        ?C?FPADD
  C:1571H         PUBLIC        ?C?FPADD
  C:156DH         PUBLIC        ?C?FPSUB
  -------         ENDMOD        ?C?FPADD

  -------         MODULE        ?C?FPMUL
  C:1662H         PUBLIC        ?C?FPMUL
  -------         ENDMOD        ?C?FPMUL

  -------         MODULE        ?C?FPDIV
  C:176BH         PUBLIC        ?C?FPDIV
  -------         ENDMOD        ?C?FPDIV

  -------         MODULE        ?C?FPCMP
  C:180AH         PUBLIC        ?C?FPCMP
BL51 BANKED LINKER/LOCATER V6.22                                                      07/06/2018  17:18:19  PAGE 29


  C:1808H         PUBLIC        ?C?FPCMP3
  -------         ENDMOD        ?C?FPCMP

  -------         MODULE        ?C?FCAST
  C:188BH         PUBLIC        ?C?FCASTC
  C:1886H         PUBLIC        ?C?FCASTI
  C:1881H         PUBLIC        ?C?FCASTL
  -------         ENDMOD        ?C?FCAST

  -------         MODULE        ?C?CASTF
  C:18BFH         PUBLIC        ?C?CASTF
  -------         ENDMOD        ?C?CASTF

  -------         MODULE        POW
  X:151EH         PUBLIC        ?_pow?BYTE
  C:214DH         PUBLIC        _pow
  -------         ENDMOD        POW

  -------         MODULE        ?C?CHKFLOAT
  C:1940H         PUBLIC        ?C?CHKFLOAT
  -------         ENDMOD        ?C?CHKFLOAT

  -------         MODULE        ?C?FPNEG
  C:195AH         PUBLIC        ?C?FPNEG
  -------         ENDMOD        ?C?FPNEG

  -------         MODULE        EXP
  C:275FH         PUBLIC        _EXP
  -------         ENDMOD        EXP

  -------         MODULE        LOG
  C:2422H         PUBLIC        _LOG
  C:241EH         PUBLIC        _LOG10
  -------         ENDMOD        LOG

  -------         MODULE        ?C?CLDPTR
  C:19B8H         PUBLIC        ?C?CLDPTR
  -------         ENDMOD        ?C?CLDPTR

  -------         MODULE        ?C?CSTPTR
  C:19D1H         PUBLIC        ?C?CSTPTR
  -------         ENDMOD        ?C?CSTPTR

  -------         MODULE        ?C?IMUL
  C:19E3H         PUBLIC        ?C?IMUL
  -------         ENDMOD        ?C?IMUL

  -------         MODULE        ?C?UIDIV
  C:19F5H         PUBLIC        ?C?UIDIV
  -------         ENDMOD        ?C?UIDIV

  -------         MODULE        ?C?SIDIV
  C:1A4AH         PUBLIC        ?C?SIDIV
  -------         ENDMOD        ?C?SIDIV

  -------         MODULE        ?C?ILDIX
  C:1A80H         PUBLIC        ?C?ILDIX
BL51 BANKED LINKER/LOCATER V6.22                                                      07/06/2018  17:18:19  PAGE 30


  -------         ENDMOD        ?C?ILDIX

  -------         MODULE        ?C?LNEG
  C:1A96H         PUBLIC        ?C?LNEG
  -------         ENDMOD        ?C?LNEG

  -------         MODULE        ?C?LLDCODE
  C:1AA4H         PUBLIC        ?C?LLDCODE
  -------         ENDMOD        ?C?LLDCODE

  -------         MODULE        ?C?LLDXDATA0
  C:1AB4H         PUBLIC        ?C?LLDXDATA0
  -------         ENDMOD        ?C?LLDXDATA0

  -------         MODULE        ?C?LLDCODE0
  C:1AC0H         PUBLIC        ?C?LLDCODE0
  -------         ENDMOD        ?C?LLDCODE0

  -------         MODULE        ?C?LSTXDATA
  C:1AD0H         PUBLIC        ?C?LSTXDATA
  -------         ENDMOD        ?C?LSTXDATA

  -------         MODULE        ?C?LSTKXDATA
  C:1ADCH         PUBLIC        ?C?LSTKXDATA
  -------         ENDMOD        ?C?LSTKXDATA

  -------         MODULE        ATOI
  C:2517H         PUBLIC        _atoi
  -------         ENDMOD        ATOI

  -------         MODULE        ?C?IILDX
  C:1B0DH         PUBLIC        ?C?IILDX
  -------         ENDMOD        ?C?IILDX

  -------         MODULE        ISDIGIT
  C:2DF5H         PUBLIC        _isdigit
  -------         ENDMOD        ISDIGIT

  -------         MODULE        ISSPACE
  C:2D9DH         PUBLIC        _isspace
  -------         ENDMOD        ISSPACE

*** WARNING L16: UNCALLED SEGMENT, IGNORED FOR OVERLAY PROCESS
    SEGMENT: ?PR?_SENDSTRING?UART1

*** WARNING L16: UNCALLED SEGMENT, IGNORED FOR OVERLAY PROCESS
    SEGMENT: ?PR?_TEN?UART1

*** WARNING L16: UNCALLED SEGMENT, IGNORED FOR OVERLAY PROCESS
    SEGMENT: ?PR?_UNIT?UART1

*** WARNING L16: UNCALLED SEGMENT, IGNORED FOR OVERLAY PROCESS
    SEGMENT: ?PR?_DECTOBCD?UART1

*** WARNING L16: UNCALLED SEGMENT, IGNORED FOR OVERLAY PROCESS
    SEGMENT: ?PR?_ASCII_LETTER?UART1

BL51 BANKED LINKER/LOCATER V6.22                                                      07/06/2018  17:18:19  PAGE 31


*** WARNING L16: UNCALLED SEGMENT, IGNORED FOR OVERLAY PROCESS
    SEGMENT: ?PR?NOP?VCNL4035

*** WARNING L16: UNCALLED SEGMENT, IGNORED FOR OVERLAY PROCESS
    SEGMENT: ?PR?_DISPLAYLCD_VCNL4035?VCNL4035

Program Size: data=17.3 xdata=5461 code=11852
LINK/LOCATE RUN COMPLETE.  7 WARNING(S),  0 ERROR(S)
