BL51 BANKED LINKER/LOCATER V6.22                                                        03/20/2019  11:30:41  PAGE 1


BL51 BANKED LINKER/LOCATER V6.22, INVOKED BY:
C:\KEIL_V5\C51\BIN\BL51.EXE .\Obj\main.obj, .\Obj\PCF85063BTL.obj, .\Obj\UART1.obj, .\Obj\LCd_Driver_SPLC780D.obj, .\Obj
>> \KeyPad.obj, .\Obj\BipolarMotor.obj, .\Obj\SunPos.obj, .\Obj\ADC.obj, .\Obj\Calibration.obj, .\Obj\IOExpander_PI4IOE5
>> V96248.obj, .\Obj\AT25SF041.obj, .\Obj\STARTUP.obj TO .\Obj\GPIO_RTC_Test PRINT (.\Lis\GPIO_RTC_Test.m51) RAMSIZE (25
>> 6)


MEMORY MODEL: LARGE WITH FLOATING POINT ARITHMETIC


INPUT MODULES INCLUDED:
  .\Obj\main.obj (MAIN)
  .\Obj\PCF85063BTL.obj (PCF85063BTL)
  .\Obj\UART1.obj (UART1)
  .\Obj\LCd_Driver_SPLC780D.obj (LCD_DRIVER_SPLC780D)
  .\Obj\KeyPad.obj (KEYPAD)
  .\Obj\BipolarMotor.obj (BIPOLARMOTOR)
  .\Obj\SunPos.obj (SUNPOS)
  .\Obj\ADC.obj (ADC)
  .\Obj\Calibration.obj (CALIBRATION)
  .\Obj\IOExpander_PI4IOE5V96248.obj (IOEXPANDER_PI4IOE5V96248)
  .\Obj\AT25SF041.obj (AT25SF041)
  .\Obj\STARTUP.obj (?C_STARTUP)
  C:\KEIL_V5\C51\LIB\C51FPL.LIB (?C?FPADD)
  C:\KEIL_V5\C51\LIB\C51FPL.LIB (?C?FPMUL)
  C:\KEIL_V5\C51\LIB\C51FPL.LIB (?C?FPDIV)
  C:\KEIL_V5\C51\LIB\C51FPL.LIB (?C?FPCMP)
  C:\KEIL_V5\C51\LIB\C51FPL.LIB (?C?FPNEG)
  C:\KEIL_V5\C51\LIB\C51FPL.LIB (?C?FCAST)
  C:\KEIL_V5\C51\LIB\C51FPL.LIB (?C?CASTF)
  C:\KEIL_V5\C51\LIB\C51FPL.LIB (ATAN2)
  C:\KEIL_V5\C51\LIB\C51FPL.LIB (SIN)
  C:\KEIL_V5\C51\LIB\C51FPL.LIB (ACOS)
  C:\KEIL_V5\C51\LIB\C51FPL.LIB (ASIN)
  C:\KEIL_V5\C51\LIB\C51FPL.LIB (?C?FPGETOPN)
  C:\KEIL_V5\C51\LIB\C51FPL.LIB (?C?FPSERIES)
  C:\KEIL_V5\C51\LIB\C51FPL.LIB (SQRT)
  C:\KEIL_V5\C51\LIB\C51FPL.LIB (ATAN)
  C:\KEIL_V5\C51\LIB\C51L.LIB (?C_INIT)
  C:\KEIL_V5\C51\LIB\C51L.LIB (?C?COPY)
  C:\KEIL_V5\C51\LIB\C51L.LIB (?C?CLDPTR)
  C:\KEIL_V5\C51\LIB\C51L.LIB (?C?CLDOPTR)
  C:\KEIL_V5\C51\LIB\C51L.LIB (?C?CSTPTR)
  C:\KEIL_V5\C51\LIB\C51L.LIB (?C?IMUL)
  C:\KEIL_V5\C51\LIB\C51L.LIB (?C?UIDIV)
  C:\KEIL_V5\C51\LIB\C51L.LIB (?C?SIDIV)
  C:\KEIL_V5\C51\LIB\C51L.LIB (?C?ILDIX)
  C:\KEIL_V5\C51\LIB\C51L.LIB (?C?ILDOPTR)
  C:\KEIL_V5\C51\LIB\C51L.LIB (?C?ISTPTR)
  C:\KEIL_V5\C51\LIB\C51L.LIB (?C?LMUL)
  C:\KEIL_V5\C51\LIB\C51L.LIB (?C?SLDIV)
  C:\KEIL_V5\C51\LIB\C51L.LIB (?C?LNEG)
  C:\KEIL_V5\C51\LIB\C51L.LIB (?C?ULCMP)
  C:\KEIL_V5\C51\LIB\C51L.LIB (?C?LSHL)
  C:\KEIL_V5\C51\LIB\C51L.LIB (?C?LLDPTR)
  C:\KEIL_V5\C51\LIB\C51L.LIB (?C?LLDOPTR)
  C:\KEIL_V5\C51\LIB\C51L.LIB (?C?LSTPTR)
  C:\KEIL_V5\C51\LIB\C51L.LIB (?C?LSTOPTR)
BL51 BANKED LINKER/LOCATER V6.22                                                      03/20/2019  11:30:41  PAGE 2


  C:\KEIL_V5\C51\LIB\C51L.LIB (?C?LLDXDATA)
  C:\KEIL_V5\C51\LIB\C51L.LIB (?C?LLDCODE)
  C:\KEIL_V5\C51\LIB\C51L.LIB (?C?LLDXDATA0)
  C:\KEIL_V5\C51\LIB\C51L.LIB (?C?LLDCODE0)
  C:\KEIL_V5\C51\LIB\C51L.LIB (?C?LLDPTR0)
  C:\KEIL_V5\C51\LIB\C51L.LIB (?C?LSTXDATA)
  C:\KEIL_V5\C51\LIB\C51L.LIB (?C?LSTKXDATA)
  C:\KEIL_V5\C51\LIB\C51L.LIB (?C?LSTKPTR)
  C:\KEIL_V5\C51\LIB\C51L.LIB (?C?OFFXADD)
  C:\KEIL_V5\C51\LIB\C51L.LIB (ATOI)
  C:\KEIL_V5\C51\LIB\C51L.LIB (?C?IILDX)
  C:\KEIL_V5\C51\LIB\C51L.LIB (?C?ULDIV)
  C:\KEIL_V5\C51\LIB\C51L.LIB (?C?LLDIDATA)
  C:\KEIL_V5\C51\LIB\C51L.LIB (?C?LLDPDATA)
  C:\KEIL_V5\C51\LIB\C51L.LIB (?C?LLDIDATA0)
  C:\KEIL_V5\C51\LIB\C51L.LIB (?C?LLDPDATA0)
  C:\KEIL_V5\C51\LIB\C51L.LIB (?C?LSTIDATA)
  C:\KEIL_V5\C51\LIB\C51L.LIB (?C?LSTPDATA)
  C:\KEIL_V5\C51\LIB\C51L.LIB (?C?LSTKIDATA)
  C:\KEIL_V5\C51\LIB\C51L.LIB (?C?LSTKPDATA)
  C:\KEIL_V5\C51\LIB\C51L.LIB (ISDIGIT)
  C:\KEIL_V5\C51\LIB\C51L.LIB (ISSPACE)


LINK MAP OF MODULE:  .\Obj\GPIO_RTC_Test (MAIN)


            TYPE    BASE      LENGTH    RELOCATION   SEGMENT NAME
            -----------------------------------------------------

            * * * * * * *   D A T A   M E M O R Y   * * * * * * *
            REG     0000H     0008H     ABSOLUTE     "REG BANK 0"
                    0008H     0018H                  *** GAP ***
            BIT     0020H.0   0000H.5   UNIT         ?BI?KEYPAD
            BIT     0020H.5   0000H.3   UNIT         _BIT_GROUP_
            BIT     0021H.0   0000H.1   UNIT         ?BI?MAIN
            BIT     0021H.1   0000H.1   UNIT         ?BI?_ATOI?ATOI
                    0021H.2   0000H.6                *** GAP ***
            IDATA   0022H     0001H     UNIT         ?STACK

            * * * * * * *  X D A T A   M E M O R Y  * * * * * * *
            XDATA   0000H     038FH     UNIT         ?XD?BIPOLARMOTOR
            XDATA   038FH     0158H     UNIT         _XDATA_GROUP_
            XDATA   04E7H     00D8H     UNIT         ?XD?MAIN
            XDATA   05BFH     0040H     UNIT         ?XD?_FINDDET4X4?BIPOLARMOTOR
            XDATA   05FFH     0024H     UNIT         ?XD?_FINDDET3X3?BIPOLARMOTOR
            XDATA   0623H     0009H     UNIT         ?XD?KEYPAD
            XDATA   062CH     0008H     UNIT         ?XD?_AT25SF041_READ?AT25SF041
            XDATA   0634H     0005H     UNIT         ?XD?_ATOI?ATOI
            XDATA   0639H     0003H     UNIT         ?XD?_SENDSTRING?UART1
            XDATA   063CH     0001H     UNIT         ?XD?UC_ACK?IOEXPANDER_PI4IOE5V96248
            XDATA   063DH     0001H     UNIT         ?XD?UC_NACK?IOEXPANDER_PI4IOE5V96248

            * * * * * * *   C O D E   M E M O R Y   * * * * * * *
            CODE    0000H     0003H     ABSOLUTE     
            CODE    0003H     0006H     UNIT         ?PR?_TEN?UART1
            CODE    0009H     0001H     UNIT         ?PR?TM0_ISR?MAIN
BL51 BANKED LINKER/LOCATER V6.22                                                      03/20/2019  11:30:41  PAGE 3


            CODE    000AH     0001H     UNIT         ?PR?_DECTOBCD?UART1
            CODE    000BH     0003H     ABSOLUTE     
            CODE    000EH     0E2CH     UNIT         ?PR?MAIN?MAIN
            CODE    0E3AH     0B00H     UNIT         ?PR?_UPDATE_POSITION?BIPOLARMOTOR
            CODE    193AH     09B6H     UNIT         ?C?LIB_CODE
            CODE    22F0H     07A2H     UNIT         ?PR?SUNPOS?SUNPOS
            CODE    2A92H     03F9H     UNIT         ?C_INITSEG
            CODE    2E8BH     03E8H     UNIT         ?PR?_FIND_REAL_MAX?CALIBRATION
            CODE    3273H     02C5H     UNIT         ?PR?KEY_PROCESS?KEYPAD
            CODE    3538H     02C0H     UNIT         ?PR?_FINDDET4X4?BIPOLARMOTOR
            CODE    37F8H     01D1H     UNIT         ?PR?_FINDDET3X3?BIPOLARMOTOR
            CODE    39C9H     01B3H     UNIT         ?PR?_CALIBRATION?CALIBRATION
            CODE    3B7CH     018DH     UNIT         ?PR?KEY_SCAN?KEYPAD
            CODE    3D09H     0189H     UNIT         ?PR?SPI_NOR_WRITE_DATA?AT25SF041
            CODE    3E92H     0188H     UNIT         ?PR?SIN?SIN
            CODE    401AH     0162H     UNIT         ?PR?_DISPLAY_POS?LCD_DRIVER_SPLC780D
            CODE    417CH     0122H     UNIT         ?PR?ATAN?ATAN
            CODE    429EH     0110H     UNIT         ?PR?_AT25SF041_READ?AT25SF041
            CODE    43AEH     0102H     UNIT         ?PR?_AT25SF041_WRITE?AT25SF041
            CODE    44B0H     00DBH     UNIT         ?PR?_ATOI?ATOI
            CODE    458BH     00C3H     UNIT         ?PR?LINEAR_INTERPOLATE?BIPOLARMOTOR
            CODE    464EH     00BBH     UNIT         ?PR?VOLTAGE_IS_STABLE?CALIBRATION
            CODE    4709H     00ADH     UNIT         ?PR?_WRITE_PI4IOE5V96248?IOEXPANDER_PI4IOE5V96248
            CODE    47B6H     00ACH     UNIT         ?PR?SQRT?SQRT
            CODE    4862H     00A1H     UNIT         ?PR?UCREAD_STATUS_REGISTER_BYTE1?AT25SF041
            CODE    4903H     009DH     UNIT         ?PR?_ATAN2?ATAN2
            CODE    49A0H     009CH     UNIT         ?PR?_MAX_VALUE?CALIBRATION
            CODE    4A3CH     008CH     UNIT         ?C_C51STARTUP
            CODE    4AC8H     0084H     UNIT         ?PR?_DAY_OF_YEAR?PCF85063BTL
            CODE    4B4CH     0079H     UNIT         ?PR?_WRITEDATA?LCD_DRIVER_SPLC780D
            CODE    4BC5H     0072H     UNIT         ?PR?AT25SF041_WRITEENABLE?AT25SF041
            CODE    4C37H     006FH     UNIT         ?PR?_READ_TIME?PCF85063BTL
            CODE    4CA6H     005AH     UNIT         ?PR?AT25SF041_CHIPERASE?AT25SF041
            CODE    4D00H     0059H     UNIT         ?PR?LCD_INIT?LCD_DRIVER_SPLC780D
            CODE    4D59H     004AH     UNIT         ?PR?VONESTEPMOVE?BIPOLARMOTOR
            CODE    4DA3H     004AH     UNIT         ?PR?ACOS?ACOS
            CODE    4DEDH     0044H     UNIT         ?C?LDIV
            CODE    4E31H     0040H     UNIT         ?PR?_COMMAND?LCD_DRIVER_SPLC780D
            CODE    4E71H     0040H     UNIT         ?PR?_STEP_MOVE?BIPOLARMOTOR
            CODE    4EB1H     003BH     UNIT         ?PR?ASIN?ASIN
            CODE    4EECH     0033H     UNIT         ?PR?_SENDSTRING?UART1
            CODE    4F1FH     002CH     UNIT         ?PR?_ADC_GETRESULT?ADC
            CODE    4F4BH     002BH     UNIT         ?PR?_WAIT_MS_I2C?IOEXPANDER_PI4IOE5V96248
            CODE    4F76H     002BH     UNIT         ?PR?_WAIT_MS_SPINOR?AT25SF041
            CODE    4FA1H     0028H     UNIT         ?PR?_MOVE?BIPOLARMOTOR
            CODE    4FC9H     0027H     UNIT         ?PR?_I2C_SENDBYTE?IOEXPANDER_PI4IOE5V96248
            CODE    4FF0H     0024H     UNIT         ?PR?_WAIT_MS?LCD_DRIVER_SPLC780D
            CODE    5014H     0020H     UNIT         ?PR?_SPI_SENDBYTE?PCF85063BTL
            CODE    5034H     0020H     UNIT         ?PR?SPI_RECEIVEBYTE?PCF85063BTL
            CODE    5054H     001FH     UNIT         ?PR?ADC_INIT?ADC
            CODE    5073H     001EH     UNIT         ?PR?_DELAY_MS?KEYPAD
            CODE    5091H     001DH     UNIT         ?PR?_DISPLAYLCD?LCD_DRIVER_SPLC780D
            CODE    50AEH     001BH     UNIT         ?PR?_BCDTODEC1?BIPOLARMOTOR
            CODE    50C9H     0018H     UNIT         ?PR?_SPI_WRITETIME?PCF85063BTL
            CODE    50E1H     0017H     UNIT         ?PR?_ASCIITOBCD?UART1
            CODE    50F8H     0016H     UNIT         ?PR?I2C_ACK?IOEXPANDER_PI4IOE5V96248
            CODE    510EH     0015H     UNIT         ?PR?_DISPLAY_LINE?LCD_DRIVER_SPLC780D
BL51 BANKED LINKER/LOCATER V6.22                                                      03/20/2019  11:30:41  PAGE 4


            CODE    5123H     0015H     UNIT         ?PR?I2C_STOP?IOEXPANDER_PI4IOE5V96248
            CODE    5138H     0014H     UNIT         ?PR?_PCF85063BTL_DELAY?PCF85063BTL
            CODE    514CH     0014H     UNIT         ?PR?_ABS?LCD_DRIVER_SPLC780D
            CODE    5160H     0014H     UNIT         ?PR?_ISSPACE?ISSPACE
            CODE    5174H     0011H     UNIT         ?PR?_SPI_READTIME?PCF85063BTL
            CODE    5185H     0011H     UNIT         ?PR?_BCDTODEC?PCF85063BTL
            CODE    5196H     0011H     UNIT         ?PR?INITUART1?UART1
            CODE    51A7H     000FH     UNIT         ?PR?I2C_START?IOEXPANDER_PI4IOE5V96248
            CODE    51B6H     000FH     UNIT         ?PR?UC_NACK?IOEXPANDER_PI4IOE5V96248
            CODE    51C5H     000FH     UNIT         ?PR?_ISDIGIT?ISDIGIT
            CODE    51D4H     000DH     UNIT         ?PR?SPI_INIT?PCF85063BTL
            CODE    51E1H     000CH     UNIT         ?PR?KEYPAD_IO_INIT?KEYPAD
            CODE    51EDH     000AH     UNIT         ?PR?LCD_RETURN_HOME?LCD_DRIVER_SPLC780D
            CODE    51F7H     000AH     UNIT         ?PR?LCD_CLEAR?LCD_DRIVER_SPLC780D
            CODE    5201H     0006H     UNIT         ?PR?UC_ACK?IOEXPANDER_PI4IOE5V96248
            CODE    5207H     0005H     UNIT         ?PR?_UNIT?UART1
            CODE    520CH     0005H     UNIT         ?PR?_ASCII_LETTER?UART1
            CODE    5211H     0001H     UNIT         ?PR?WAIT?BIPOLARMOTOR
            CODE    5212H     0001H     UNIT         ?PR?NOP?IOEXPANDER_PI4IOE5V96248



OVERLAY MAP OF MODULE:   .\Obj\GPIO_RTC_Test (MAIN)


SEGMENT                                             BIT_GROUP          XDATA_GROUP
  +--> CALLED SEGMENT                            START    LENGTH     START    LENGTH
------------------------------------------------------------------------------------
?C_C51STARTUP                                    -----    -----      -----    -----
  +--> ?PR?MAIN?MAIN
  +--> ?C_INITSEG

?PR?MAIN?MAIN                                    -----    -----      038FH    002CH
  +--> ?PR?LCD_INIT?LCD_DRIVER_SPLC780D
  +--> ?PR?SPI_INIT?PCF85063BTL
  +--> ?PR?KEYPAD_IO_INIT?KEYPAD
  +--> ?PR?ADC_INIT?ADC
  +--> ?PR?_SPI_WRITETIME?PCF85063BTL
  +--> ?PR?_DELAY_MS?KEYPAD
  +--> ?PR?_DISPLAY_LINE?LCD_DRIVER_SPLC780D
  +--> ?PR?_WRITEDATA?LCD_DRIVER_SPLC780D
  +--> ?PR?KEY_PROCESS?KEYPAD
  +--> ?PR?_COMMAND?LCD_DRIVER_SPLC780D
  +--> ?PR?_DISPLAY_POS?LCD_DRIVER_SPLC780D
  +--> ?PR?_DISPLAYLCD?LCD_DRIVER_SPLC780D
  +--> ?PR?_STEP_MOVE?BIPOLARMOTOR
  +--> ?PR?LCD_RETURN_HOME?LCD_DRIVER_SPLC780D
  +--> ?PR?_READ_TIME?PCF85063BTL
  +--> ?PR?_ADC_GETRESULT?ADC
  +--> ?PR?_BCDTODEC1?BIPOLARMOTOR
  +--> ?PR?_CALIBRATION?CALIBRATION
  +--> ?PR?_AT25SF041_WRITE?AT25SF041
  +--> ?PR?_WAIT_MS_SPINOR?AT25SF041
  +--> ?PR?SPI_NOR_WRITE_DATA?AT25SF041
  +--> ?PR?LINEAR_INTERPOLATE?BIPOLARMOTOR
  +--> ?PR?_UPDATE_POSITION?BIPOLARMOTOR
  +--> ?PR?LCD_CLEAR?LCD_DRIVER_SPLC780D
BL51 BANKED LINKER/LOCATER V6.22                                                      03/20/2019  11:30:41  PAGE 5


  +--> ?PR?AT25SF041_WRITEENABLE?AT25SF041
  +--> ?PR?AT25SF041_CHIPERASE?AT25SF041

?PR?LCD_INIT?LCD_DRIVER_SPLC780D                 -----    -----      -----    -----
  +--> ?PR?_WAIT_MS?LCD_DRIVER_SPLC780D
  +--> ?PR?_COMMAND?LCD_DRIVER_SPLC780D

?PR?_COMMAND?LCD_DRIVER_SPLC780D                 -----    -----      -----    -----
  +--> ?PR?_WAIT_MS?LCD_DRIVER_SPLC780D

?PR?ADC_INIT?ADC                                 -----    -----      -----    -----
  +--> ?PR?_WAIT_MS?LCD_DRIVER_SPLC780D

?PR?_SPI_WRITETIME?PCF85063BTL                   -----    -----      -----    -----
  +--> ?PR?_SPI_SENDBYTE?PCF85063BTL

?PR?_SPI_SENDBYTE?PCF85063BTL                    -----    -----      -----    -----
  +--> ?PR?_PCF85063BTL_DELAY?PCF85063BTL

?PR?_DISPLAY_LINE?LCD_DRIVER_SPLC780D            -----    -----      -----    -----
  +--> ?PR?_COMMAND?LCD_DRIVER_SPLC780D

?PR?_WRITEDATA?LCD_DRIVER_SPLC780D               -----    -----      0476H    0001H
  +--> ?PR?_WAIT_MS?LCD_DRIVER_SPLC780D

?PR?KEY_PROCESS?KEYPAD                           -----    -----      03BBH    0006H
  +--> ?PR?KEY_SCAN?KEYPAD
  +--> ?PR?_SPI_WRITETIME?PCF85063BTL
  +--> ?PR?LCD_CLEAR?LCD_DRIVER_SPLC780D
  +--> ?PR?_COMMAND?LCD_DRIVER_SPLC780D
  +--> ?PR?_WRITEDATA?LCD_DRIVER_SPLC780D

?PR?KEY_SCAN?KEYPAD                              -----    -----      03C1H    0003H

?PR?LCD_CLEAR?LCD_DRIVER_SPLC780D                -----    -----      -----    -----
  +--> ?PR?_COMMAND?LCD_DRIVER_SPLC780D

?PR?_DISPLAY_POS?LCD_DRIVER_SPLC780D             -----    -----      046CH    000AH
  +--> ?PR?_ABS?LCD_DRIVER_SPLC780D
  +--> ?PR?_WRITEDATA?LCD_DRIVER_SPLC780D

?PR?_DISPLAYLCD?LCD_DRIVER_SPLC780D              -----    -----      03BBH    0001H
  +--> ?PR?_WRITEDATA?LCD_DRIVER_SPLC780D

?PR?_STEP_MOVE?BIPOLARMOTOR                      0020H.6  0000H.1    0482H    0004H
  +--> ?PR?VONESTEPMOVE?BIPOLARMOTOR

?PR?VONESTEPMOVE?BIPOLARMOTOR                    0020H.7  0000H.1    -----    -----
  +--> ?PR?_WRITE_PI4IOE5V96248?IOEXPANDER_P...
  +--> ?PR?_DELAY_MS?KEYPAD

?PR?_WRITE_PI4IOE5V96248?IOEXPANDER_P...         -----    -----      0486H    0003H
  +--> ?PR?I2C_START?IOEXPANDER_PI4IOE5V96248
  +--> ?PR?_WAIT_MS_I2C?IOEXPANDER_PI4IOE5V9...
  +--> ?PR?_I2C_SENDBYTE?IOEXPANDER_PI4IOE5V...
  +--> ?PR?I2C_ACK?IOEXPANDER_PI4IOE5V96248
  +--> ?PR?I2C_STOP?IOEXPANDER_PI4IOE5V96248
BL51 BANKED LINKER/LOCATER V6.22                                                      03/20/2019  11:30:41  PAGE 6



?PR?I2C_START?IOEXPANDER_PI4IOE5V96248           -----    -----      -----    -----
  +--> ?PR?_WAIT_MS_I2C?IOEXPANDER_PI4IOE5V9...

?PR?_I2C_SENDBYTE?IOEXPANDER_PI4IOE5V...         -----    -----      -----    -----
  +--> ?PR?_WAIT_MS_I2C?IOEXPANDER_PI4IOE5V9...

?PR?I2C_ACK?IOEXPANDER_PI4IOE5V96248             -----    -----      0489H    0001H
  +--> ?PR?_WAIT_MS_I2C?IOEXPANDER_PI4IOE5V9...

?PR?I2C_STOP?IOEXPANDER_PI4IOE5V96248            -----    -----      -----    -----
  +--> ?PR?_WAIT_MS_I2C?IOEXPANDER_PI4IOE5V9...

?PR?LCD_RETURN_HOME?LCD_DRIVER_SPLC780D          -----    -----      -----    -----
  +--> ?PR?_COMMAND?LCD_DRIVER_SPLC780D

?PR?_READ_TIME?PCF85063BTL                       -----    -----      03BBH    000FH
  +--> ?PR?_SPI_READTIME?PCF85063BTL

?PR?_SPI_READTIME?PCF85063BTL                    -----    -----      -----    -----
  +--> ?PR?_SPI_SENDBYTE?PCF85063BTL
  +--> ?PR?SPI_RECEIVEBYTE?PCF85063BTL

?PR?SPI_RECEIVEBYTE?PCF85063BTL                  -----    -----      -----    -----
  +--> ?PR?_PCF85063BTL_DELAY?PCF85063BTL

?PR?_CALIBRATION?CALIBRATION                     -----    -----      03BBH    0024H
  +--> ?PR?VOLTAGE_IS_STABLE?CALIBRATION
  +--> ?PR?_UPDATE_POSITION?BIPOLARMOTOR
  +--> ?PR?_FIND_REAL_MAX?CALIBRATION

?PR?VOLTAGE_IS_STABLE?CALIBRATION                -----    -----      03DFH    0018H
  +--> ?PR?_ADC_GETRESULT?ADC
  +--> ?PR?_ABS?LCD_DRIVER_SPLC780D

?PR?_UPDATE_POSITION?BIPOLARMOTOR                -----    -----      03DFH    009FH
  +--> ?PR?_BCDTODEC1?BIPOLARMOTOR
  +--> ?PR?SUNPOS?SUNPOS
  +--> ?PR?SIN?SIN
  +--> ?PR?ASIN?ASIN
  +--> ?PR?LINEAR_INTERPOLATE?BIPOLARMOTOR
  +--> ?PR?_ABS?LCD_DRIVER_SPLC780D
  +--> ?PR?_MOVE?BIPOLARMOTOR

?PR?SUNPOS?SUNPOS                                -----    -----      047EH    005DH
  +--> ?PR?SIN?SIN
  +--> ?PR?_ATAN2?ATAN2
  +--> ?PR?ASIN?ASIN
  +--> ?PR?ACOS?ACOS

?PR?SIN?SIN                                      0020H.5  0000H.1    04DBH    0004H

?PR?_ATAN2?ATAN2                                 -----    -----      04DBH    0008H
  +--> ?PR?ATAN?ATAN

?PR?ATAN?ATAN                                    0020H.5  0000H.2    04E3H    0004H

BL51 BANKED LINKER/LOCATER V6.22                                                      03/20/2019  11:30:41  PAGE 7


?PR?ASIN?ASIN                                    -----    -----      -----    -----
  +--> ?PR?SQRT?SQRT
  +--> ?PR?ATAN?ATAN

?PR?SQRT?SQRT                                    -----    -----      04DBH    0004H

?PR?ACOS?ACOS                                    -----    -----      -----    -----
  +--> ?PR?SQRT?SQRT
  +--> ?PR?ATAN?ATAN

?PR?LINEAR_INTERPOLATE?BIPOLARMOTOR              -----    -----      047EH    0014H

?PR?_MOVE?BIPOLARMOTOR                           0020H.5  0000H.1    047EH    0004H
  +--> ?PR?_STEP_MOVE?BIPOLARMOTOR

?PR?_FIND_REAL_MAX?CALIBRATION                   -----    -----      03DFH    008DH
  +--> ?PR?_MOVE?BIPOLARMOTOR
  +--> ?PR?_ADC_GETRESULT?ADC
  +--> ?PR?AT25SF041_WRITEENABLE?AT25SF041
  +--> ?PR?_AT25SF041_WRITE?AT25SF041
  +--> ?PR?_WAIT_MS_SPINOR?AT25SF041
  +--> ?PR?_COMMAND?LCD_DRIVER_SPLC780D
  +--> ?PR?_WRITEDATA?LCD_DRIVER_SPLC780D
  +--> ?PR?_DISPLAY_POS?LCD_DRIVER_SPLC780D
  +--> ?PR?_WAIT_MS?LCD_DRIVER_SPLC780D
  +--> ?PR?_MAX_VALUE?CALIBRATION

?PR?AT25SF041_WRITEENABLE?AT25SF041              -----    -----      046CH    0002H
  +--> ?PR?_WAIT_MS_SPINOR?AT25SF041
  +--> ?PR?UCREAD_STATUS_REGISTER_BYTE1?AT25...

?PR?UCREAD_STATUS_REGISTER_BYTE1?AT25...         -----    -----      0474H    0003H
  +--> ?PR?_WAIT_MS_SPINOR?AT25SF041

?PR?_AT25SF041_WRITE?AT25SF041                   -----    -----      046CH    0008H
  +--> ?PR?_WAIT_MS_SPINOR?AT25SF041
  +--> ?PR?UCREAD_STATUS_REGISTER_BYTE1?AT25...

?PR?_MAX_VALUE?CALIBRATION                       -----    -----      046CH    0004H

?PR?SPI_NOR_WRITE_DATA?AT25SF041                 -----    -----      03BBH    000EH
  +--> ?PR?AT25SF041_WRITEENABLE?AT25SF041
  +--> ?PR?_AT25SF041_WRITE?AT25SF041
  +--> ?PR?_WAIT_MS_SPINOR?AT25SF041

?PR?AT25SF041_CHIPERASE?AT25SF041                -----    -----      03BBH    0002H
  +--> ?PR?_WAIT_MS_SPINOR?AT25SF041
  +--> ?PR?UCREAD_STATUS_REGISTER_BYTE1?AT25...



UNRESOLVED EXTERNAL SYMBOLS:
   AUTO_MODE
   SPI_NOR_CLEARENABLE
   _SENDUART1


BL51 BANKED LINKER/LOCATER V6.22                                                      03/20/2019  11:30:41  PAGE 8



SYMBOL TABLE OF MODULE:  .\Obj\GPIO_RTC_Test (MAIN)

  VALUE           TYPE          NAME
  ----------------------------------

  -------         MODULE        MAIN
  C:0000H         SYMBOL        _ICE_DUMMY_
  X:04EFH         PUBLIC        calib_value
  D:0080H         PUBLIC        P0
  D:00B2H         PUBLIC        P3M0
  D:0090H         PUBLIC        P1
  D:00B1H         PUBLIC        P3M1
  D:00A0H         PUBLIC        P2
  D:00B0H         PUBLIC        P3
  D:00C0H         PUBLIC        P4
  D:00C8H         PUBLIC        P5
  X:0543H         SYMBOL        PressedKey
  B:00A8H.7       PUBLIC        EA
  D:00E8H         PUBLIC        P6
  X:0547H         PUBLIC        calib_stamp
  D:00F8H         PUBLIC        P7
  X:0548H         PUBLIC        RX_Data_Uart_Cnt
  D:00A8H         PUBLIC        IE
  X:054AH         PUBLIC        calib_time
  D:00B8H         PUBLIC        IP
  X:059EH         PUBLIC        months
  D:00D8H         PUBLIC        CCON
  C:000EH         PUBLIC        main
  X:059FH         PUBLIC        count
  X:05A1H         PUBLIC        days
  X:05A2H         PUBLIC        hours
  D:0098H         PUBLIC        SCON
  D:0089H         PUBLIC        TMOD
  D:0088H         PUBLIC        TCON
  B:00A0H.3       PUBLIC        P23
  X:05A3H         SYMBOL        KeyCount
  X:05A5H         PUBLIC        mins
  X:05A6H         PUBLIC        Rec_data_hour
  B:00C8H.5       PUBLIC        P55
  X:05A9H         PUBLIC        Rec_data_min
  D:008EH         PUBLIC        AUXR
  C:0009H         PUBLIC        tm0_isr
  B:0021H.0       PUBLIC        busy
  B:00A8H.1       PUBLIC        ET0
  X:05ACH         PUBLIC        SPI_NOR_INTERNAL_FLASH_ADDR
  D:008CH         PUBLIC        TH0
  X:05B0H         PUBLIC        hour_count
  D:008AH         PUBLIC        TL0
  X:05B1H         PUBLIC        min_count
  B:0088H.4       PUBLIC        TR0
  X:05B2H         SYMBOL        KeyNum
  X:05B3H         SYMBOL        KeyNum_Old
  X:05B4H         PUBLIC        current_position
  X:05B8H         PUBLIC        hours1
  X:05B9H         PUBLIC        hours2
  X:05BAH         PUBLIC        mins1
BL51 BANKED LINKER/LOCATER V6.22                                                      03/20/2019  11:30:41  PAGE 9


  X:05BBH         PUBLIC        mins2
  X:05BCH         PUBLIC        seconds
  X:05BDH         PUBLIC        st_time
  D:00D0H         PUBLIC        PSW
  -------         PROC          TM0_ISR
  C:0009H         LINE#         76
  C:0009H         LINE#         78
  -------         ENDPROC       TM0_ISR
  -------         PROC          MAIN
  -------         DO            
  X:038FH         SYMBOL        sunlight_ADC
  X:04E7H         SYMBOL        KeyCount
  X:04E9H         SYMBOL        KeyNum_Old
  X:04EAH         SYMBOL        KeyNum
  X:04EBH         SYMBOL        PressedKey
  X:0391H         SYMBOL        prox_flag
  X:0392H         SYMBOL        iUse_prevday_calib_value
  X:0394H         SYMBOL        max_ADC_Val_JP
  X:0396H         SYMBOL        max_ADC_Val
  X:0398H         SYMBOL        calib_point1
  X:03A0H         SYMBOL        calib_point2
  X:03A8H         SYMBOL        dat_to_store
  X:03B3H         SYMBOL        calib_day
  X:03B5H         SYMBOL        calib_count
  X:03B7H         SYMBOL        theorical_JP_max_pos
  -------         ENDDO         
  C:000EH         LINE#         80
  C:000EH         LINE#         81
  C:000EH         LINE#         86
  C:0014H         LINE#         87
  C:0019H         LINE#         89
  C:0021H         LINE#         93
  C:0027H         LINE#         94
  C:0031H         LINE#         98
  C:0033H         LINE#         99
  C:0035H         LINE#         100
  C:0037H         LINE#         101
  C:0039H         LINE#         103
  C:0040H         LINE#         104
  C:0044H         LINE#         113
  C:0046H         LINE#         114
  C:0049H         LINE#         115
  C:004CH         LINE#         116
  C:004FH         LINE#         117
  C:0052H         LINE#         118
  C:0055H         LINE#         121
  C:0058H         LINE#         123
  C:005BH         LINE#         124
  C:005EH         LINE#         125
  C:0061H         LINE#         126
  C:0063H         LINE#         127
  C:0065H         LINE#         128
  C:0067H         LINE#         130
  C:0069H         LINE#         131
  C:0070H         LINE#         132
  C:0077H         LINE#         133
  C:007EH         LINE#         134
BL51 BANKED LINKER/LOCATER V6.22                                                      03/20/2019  11:30:41  PAGE 10


  C:0085H         LINE#         138
  C:008CH         LINE#         139
  C:0091H         LINE#         140
  C:0096H         LINE#         141
  C:009BH         LINE#         142
  C:00A0H         LINE#         143
  C:00A5H         LINE#         146
  C:00BEH         LINE#         147
  C:00BEH         LINE#         148
  C:00DAH         LINE#         149
  C:0121H         LINE#         150
  C:0132H         LINE#         153
  C:0132H         LINE#         154
  C:0132H         LINE#         155
  C:0135H         LINE#         158
  C:0135H         LINE#         161
  C:013AH         LINE#         162
  C:013FH         LINE#         164
  C:0144H         LINE#         165
  C:0149H         LINE#         166
  C:014EH         LINE#         167
  C:0153H         LINE#         169
  C:0164H         LINE#         170
  C:0169H         LINE#         171
  C:016EH         LINE#         173
  C:0175H         LINE#         174
  C:017DH         LINE#         175
  C:0182H         LINE#         176
  C:018AH         LINE#         177
  C:018FH         LINE#         178
  C:0199H         LINE#         179
  C:019EH         LINE#         180
  C:01A6H         LINE#         182
  C:01AEH         LINE#         183
  C:01B3H         LINE#         184
  C:01BDH         LINE#         185
  C:01BDH         LINE#         186
  C:01BFH         LINE#         187
  C:01C1H         LINE#         188
  C:01CBH         LINE#         189
  C:01CBH         LINE#         190
  C:01D0H         LINE#         191
  C:01D0H         LINE#         203
  C:01DDH         LINE#         204
  C:01DDH         LINE#         205
  C:01E7H         LINE#         206
  C:01FEH         LINE#         207
  C:01FEH         LINE#         208
  C:0200H         LINE#         209
  C:0202H         LINE#         211
  C:0202H         LINE#         212
  C:020DH         LINE#         213
  C:020DH         LINE#         214
  C:0212H         LINE#         215
  C:0212H         LINE#         216
  C:021FH         LINE#         217
  C:021FH         LINE#         220
BL51 BANKED LINKER/LOCATER V6.22                                                      03/20/2019  11:30:41  PAGE 11


  C:0229H         LINE#         221
  C:0240H         LINE#         222
  C:0240H         LINE#         223
  C:0242H         LINE#         224
  C:0244H         LINE#         226
  C:0244H         LINE#         227
  C:024FH         LINE#         228
  C:024FH         LINE#         229
  C:0254H         LINE#         230
  C:0256H         LINE#         231
  C:0256H         LINE#         233
  C:0278H         LINE#         234
  C:0278H         LINE#         235
  C:0282H         LINE#         236
  C:0288H         LINE#         237
  C:028AH         LINE#         238
  C:028CH         LINE#         239
  C:028EH         LINE#         240
  C:028EH         LINE#         241
  C:0291H         LINE#         243
  C:0291H         LINE#         244
  C:0297H         LINE#         245
  C:029FH         LINE#         246
  C:02A5H         LINE#         247
  C:02ADH         LINE#         248
  C:02E8H         LINE#         252
  C:02F5H         LINE#         253
  C:02F5H         LINE#         255
  C:0302H         LINE#         256
  C:0335H         LINE#         257
  C:0342H         LINE#         258
  C:0342H         LINE#         260
  C:0365H         LINE#         261
  C:0365H         LINE#         262
  C:0392H         LINE#         263
  C:0392H         LINE#         264
  C:040EH         LINE#         265
  C:0498H         LINE#         268
  C:04A0H         LINE#         269
  C:04A8H         LINE#         270
  C:04B0H         LINE#         271
  C:04B8H         LINE#         273
  C:04CCH         LINE#         274
  C:04E2H         LINE#         275
  C:0512H         LINE#         276
  C:0526H         LINE#         278
  C:0536H         LINE#         279
  C:0536H         LINE#         280
  C:0536H         LINE#         281
  C:0536H         LINE#         283
  C:0536H         LINE#         286
  C:0539H         LINE#         288
  C:056DH         LINE#         289
  C:056DH         LINE#         291
  C:0574H         LINE#         292
  C:0574H         LINE#         293
  C:0592H         LINE#         294
BL51 BANKED LINKER/LOCATER V6.22                                                      03/20/2019  11:30:41  PAGE 12


  C:05B1H         LINE#         295
  C:05D0H         LINE#         296
  C:05DDH         LINE#         297
  C:05EDH         LINE#         300
  C:05F5H         LINE#         301
  C:05FDH         LINE#         302
  C:0605H         LINE#         303
  C:060DH         LINE#         305
  C:061BH         LINE#         306
  C:0631H         LINE#         307
  C:0661H         LINE#         308
  C:0675H         LINE#         310
  C:0685H         LINE#         311
  C:0685H         LINE#         312
  C:0685H         LINE#         314
  C:0685H         LINE#         315
  C:0688H         LINE#         316
  C:0699H         LINE#         317
  C:0699H         LINE#         318
  C:0699H         LINE#         320
  C:0699H         LINE#         323
  C:069CH         LINE#         325
  C:069CH         LINE#         326
  C:06BEH         LINE#         327
  C:06BEH         LINE#         328
  C:073AH         LINE#         329
  C:078FH         LINE#         330
  C:078FH         LINE#         331
  C:078FH         LINE#         332
  C:0792H         LINE#         336
  C:0792H         LINE#         339
  C:07BAH         LINE#         340
  C:07BAH         LINE#         341
  C:07E7H         LINE#         342
  C:07E7H         LINE#         343
  C:0863H         LINE#         344
  C:08EDH         LINE#         346
  C:08F5H         LINE#         347
  C:08FDH         LINE#         348
  C:0905H         LINE#         349
  C:090DH         LINE#         351
  C:0921H         LINE#         352
  C:0937H         LINE#         353
  C:0967H         LINE#         354
  C:097BH         LINE#         356
  C:098FH         LINE#         357
  C:09A5H         LINE#         358
  C:09D5H         LINE#         359
  C:09DCH         LINE#         361
  C:09DCH         LINE#         363
  C:09DFH         LINE#         365
  C:0A13H         LINE#         366
  C:0A13H         LINE#         367
  C:0A1AH         LINE#         368
  C:0A1AH         LINE#         369
  C:0A38H         LINE#         370
  C:0A57H         LINE#         371
BL51 BANKED LINKER/LOCATER V6.22                                                      03/20/2019  11:30:41  PAGE 13


  C:0A76H         LINE#         372
  C:0A83H         LINE#         373
  C:0A93H         LINE#         376
  C:0A9BH         LINE#         377
  C:0AA3H         LINE#         378
  C:0AABH         LINE#         379
  C:0AB3H         LINE#         381
  C:0AC1H         LINE#         382
  C:0AD7H         LINE#         383
  C:0B07H         LINE#         384
  C:0B1BH         LINE#         386
  C:0B2FH         LINE#         387
  C:0B45H         LINE#         388
  C:0B75H         LINE#         390
  C:0B99H         LINE#         391
  C:0B9CH         LINE#         392
  C:0BADH         LINE#         393
  C:0BADH         LINE#         394
  C:0BB5H         LINE#         396
  C:0BB5H         LINE#         399
  C:0BB8H         LINE#         401
  C:0BB8H         LINE#         403
  C:0BDAH         LINE#         404
  C:0BDAH         LINE#         405
  C:0C56H         LINE#         407
  C:0C83H         LINE#         408
  C:0C9EH         LINE#         409
  C:0CCBH         LINE#         410
  C:0CE6H         LINE#         412
  C:0D82H         LINE#         415
  C:0D82H         LINE#         416
  C:0D82H         LINE#         417
  C:0D82H         LINE#         419
  C:0D82H         LINE#         422
  C:0D9EH         LINE#         423
  C:0DA2H         LINE#         425
  C:0DA4H         LINE#         428
  C:0DAFH         LINE#         429
  C:0DAFH         LINE#         430
  C:0DB2H         LINE#         431
  C:0DB9H         LINE#         432
  C:0DBEH         LINE#         433
  C:0DC3H         LINE#         434
  C:0DC8H         LINE#         435
  C:0DCDH         LINE#         436
  C:0DD2H         LINE#         437
  C:0DD7H         LINE#         438
  C:0DDCH         LINE#         439
  C:0DE1H         LINE#         440
  C:0DE6H         LINE#         441
  C:0DEBH         LINE#         442
  C:0DF0H         LINE#         443
  C:0DF5H         LINE#         446
  C:0DF8H         LINE#         448
  C:0DFBH         LINE#         449
  C:0E02H         LINE#         450
  C:0E0CH         LINE#         451
BL51 BANKED LINKER/LOCATER V6.22                                                      03/20/2019  11:30:41  PAGE 14


  C:0E11H         LINE#         453
  C:0E14H         LINE#         454
  C:0E19H         LINE#         455
  C:0E1EH         LINE#         456
  C:0E23H         LINE#         457
  C:0E28H         LINE#         458
  C:0E2DH         LINE#         459
  C:0E32H         LINE#         460
  C:0E37H         LINE#         462
  C:0E37H         LINE#         463
  -------         ENDPROC       MAIN
  -------         ENDMOD        MAIN

  -------         MODULE        PCF85063BTL
  C:0000H         SYMBOL        _ICE_DUMMY_
  D:0096H         PUBLIC        P2M0
  D:0080H         PUBLIC        P0
  D:0095H         PUBLIC        P2M1
  D:0090H         PUBLIC        P1
  D:00A0H         PUBLIC        P2
  D:00B0H         PUBLIC        P3
  D:00C0H         PUBLIC        P4
  D:00C8H         PUBLIC        P5
  D:00E8H         PUBLIC        P6
  B:00A0H.1       PUBLIC        PCF85063BTL_SDI
  D:00F8H         PUBLIC        P7
  B:00A0H.2       PUBLIC        PCF85063BTL_SCK
  B:00A0H.1       PUBLIC        PCF85063BTL_SDO
  D:00A8H         PUBLIC        IE
  C:4C37H         PUBLIC        _Read_time
  C:513EH         PUBLIC        _PCF85063BTL_Delay
  D:00B8H         PUBLIC        IP
  D:00D8H         PUBLIC        CCON
  C:4AC8H         PUBLIC        _Day_Of_Year
  C:5034H         PUBLIC        SPI_ReceiveByte
  D:0098H         PUBLIC        SCON
  D:0088H         PUBLIC        TCON
  C:5185H         PUBLIC        _BCDtoDec
  B:00A0H.0       PUBLIC        PCF85063BTL_CS
  C:5174H         PUBLIC        _SPI_ReadTime
  C:51D4H         PUBLIC        SPI_Init
  C:50C9H         PUBLIC        _SPI_WriteTime
  C:5014H         PUBLIC        _SPI_SendByte
  D:00D0H         PUBLIC        PSW
  C:513AH         SYMBOL        L?0047
  -------         PROC          L?0046
  -------         ENDPROC       L?0046
  C:513AH         SYMBOL        L?0047
  -------         PROC          _PCF85063BTL_DELAY
  D:0006H         SYMBOL        us
  C:513EH         LINE#         8
  C:513EH         LINE#         9
  C:513EH         LINE#         10
  C:5148H         LINE#         11
  C:5148H         LINE#         12
  C:5149H         LINE#         13
  C:514BH         LINE#         14
BL51 BANKED LINKER/LOCATER V6.22                                                      03/20/2019  11:30:41  PAGE 15


  -------         ENDPROC       _PCF85063BTL_DELAY
  -------         PROC          _SPI_SENDBYTE
  D:0005H         SYMBOL        dat
  -------         DO            
  D:0003H         SYMBOL        i
  -------         ENDDO         
  C:5014H         LINE#         17
  C:5016H         LINE#         18
  C:5016H         LINE#         20
  C:5018H         LINE#         21
  C:5018H         LINE#         22
  C:501AH         LINE#         23
  C:501EH         LINE#         24
  C:501EH         LINE#         25
  C:5020H         LINE#         26
  C:5022H         LINE#         28
  C:5022H         LINE#         29
  C:5024H         LINE#         30
  C:5024H         LINE#         31
  C:5027H         LINE#         32
  C:5027H         LINE#         33
  C:502AH         LINE#         34
  C:502EH         LINE#         35
  C:5033H         LINE#         36
  -------         ENDPROC       _SPI_SENDBYTE
  -------         PROC          SPI_RECEIVEBYTE
  -------         DO            
  D:0003H         SYMBOL        i
  D:0005H         SYMBOL        dat
  -------         ENDDO         
  C:5034H         LINE#         39
  C:5034H         LINE#         40
  C:5034H         LINE#         42
  C:5036H         LINE#         44
  C:5038H         LINE#         45
  C:5039H         LINE#         46
  C:5039H         LINE#         47
  C:503DH         LINE#         48
  C:503FH         LINE#         49
  C:5042H         LINE#         51
  C:5045H         LINE#         52
  C:5045H         LINE#         53
  C:5049H         LINE#         54
  C:5049H         LINE#         55
  C:5049H         LINE#         56
  C:504CH         LINE#         57
  C:5051H         LINE#         58
  C:5053H         LINE#         59
  -------         ENDPROC       SPI_RECEIVEBYTE
  -------         PROC          _SPI_READTIME
  D:0007H         SYMBOL        addr
  -------         DO            
  D:0006H         SYMBOL        dat
  -------         ENDDO         
  C:5174H         LINE#         61
  C:5174H         LINE#         62
  C:5174H         LINE#         64
BL51 BANKED LINKER/LOCATER V6.22                                                      03/20/2019  11:30:41  PAGE 16


  C:5176H         LINE#         65
  C:5178H         LINE#         66
  C:517FH         LINE#         67
  C:5182H         LINE#         68
  C:5184H         LINE#         69
  C:5184H         LINE#         70
  -------         ENDPROC       _SPI_READTIME
  -------         PROC          _SPI_WRITETIME
  D:0002H         SYMBOL        val
  D:0005H         SYMBOL        addr
  C:50C9H         LINE#         71
  C:50CBH         LINE#         72
  C:50CBH         LINE#         74
  C:50CDH         LINE#         75
  C:50D4H         LINE#         76
  C:50D9H         LINE#         77
  C:50DEH         LINE#         78
  C:50E0H         LINE#         79
  -------         ENDPROC       _SPI_WRITETIME
  -------         PROC          SPI_INIT
  C:51D4H         LINE#         83
  C:51D4H         LINE#         84
  C:51D4H         LINE#         89
  C:51D7H         LINE#         90
  C:51DAH         LINE#         91
  C:51DCH         LINE#         92
  C:51DEH         LINE#         93
  C:51E0H         LINE#         94
  -------         ENDPROC       SPI_INIT
  -------         PROC          _READ_TIME
  X:03BBH         SYMBOL        months
  X:03BEH         SYMBOL        days
  X:03C1H         SYMBOL        hours
  X:03C4H         SYMBOL        mins
  X:03C7H         SYMBOL        seconds
  C:4C37H         LINE#         96
  C:4C42H         LINE#         97
  C:4C42H         LINE#         99
  C:4C56H         LINE#         101
  C:4C6AH         LINE#         103
  C:4C7EH         LINE#         108
  C:4C92H         LINE#         113
  -------         ENDPROC       _READ_TIME
  -------         PROC          _BCDTODEC
  D:0007H         SYMBOL        bcd
  -------         DO            
  D:0006H         SYMBOL        hi
  D:0007H         SYMBOL        lo
  -------         ENDDO         
  C:5185H         LINE#         119
  C:5185H         LINE#         120
  C:5185H         LINE#         122
  C:518AH         LINE#         123
  C:518EH         LINE#         124
  C:5195H         LINE#         125
  -------         ENDPROC       _BCDTODEC
  -------         PROC          _DAY_OF_YEAR
BL51 BANKED LINKER/LOCATER V6.22                                                      03/20/2019  11:30:41  PAGE 17


  D:0007H         SYMBOL        months_bcd
  D:0005H         SYMBOL        days_bcd
  -------         DO            
  D:0004H         SYMBOL        months
  D:0007H         SYMBOL        days
  -------         ENDDO         
  C:4AC8H         LINE#         126
  C:4AC8H         LINE#         127
  C:4AC8H         LINE#         130
  C:4ACDH         LINE#         132
  C:4AD2H         LINE#         134
  C:4B0BH         LINE#         135
  C:4B0BH         LINE#         136
  C:4B0BH         LINE#         137
  C:4B0EH         LINE#         138
  C:4B0EH         LINE#         139
  C:4B0EH         LINE#         140
  C:4B13H         LINE#         141
  C:4B13H         LINE#         142
  C:4B13H         LINE#         143
  C:4B18H         LINE#         144
  C:4B18H         LINE#         145
  C:4B18H         LINE#         146
  C:4B1DH         LINE#         147
  C:4B1DH         LINE#         148
  C:4B1DH         LINE#         149
  C:4B22H         LINE#         150
  C:4B22H         LINE#         151
  C:4B22H         LINE#         152
  C:4B27H         LINE#         153
  C:4B27H         LINE#         154
  C:4B27H         LINE#         155
  C:4B2CH         LINE#         156
  C:4B2CH         LINE#         157
  C:4B2CH         LINE#         158
  C:4B31H         LINE#         159
  C:4B31H         LINE#         160
  C:4B31H         LINE#         161
  C:4B39H         LINE#         162
  C:4B39H         LINE#         163
  C:4B39H         LINE#         164
  C:4B3EH         LINE#         165
  C:4B3EH         LINE#         166
  C:4B3EH         LINE#         167
  C:4B43H         LINE#         168
  C:4B43H         LINE#         169
  C:4B43H         LINE#         170
  C:4B4BH         LINE#         171
  C:4B4BH         LINE#         172
  C:4B4BH         LINE#         173
  -------         ENDPROC       _DAY_OF_YEAR
  -------         ENDMOD        PCF85063BTL

  -------         MODULE        UART1
  C:0000H         SYMBOL        _ICE_DUMMY_
  D:0080H         PUBLIC        P0
  D:0090H         PUBLIC        P1
BL51 BANKED LINKER/LOCATER V6.22                                                      03/20/2019  11:30:41  PAGE 18


  D:00A0H         PUBLIC        P2
  D:00B0H         PUBLIC        P3
  D:00C0H         PUBLIC        P4
  D:00C8H         PUBLIC        P5
  B:00A8H.7       PUBLIC        EA
  D:00E8H         PUBLIC        P6
  D:00F8H         PUBLIC        P7
  C:4EECH         PUBLIC        _SendString
  D:00A8H         PUBLIC        IE
  B:00A8H.4       PUBLIC        ES
  D:00B8H         PUBLIC        IP
  C:50E1H         PUBLIC        _ASCIItoBCD
  D:00D8H         PUBLIC        CCON
  C:5196H         PUBLIC        initUART1
  D:0098H         PUBLIC        SCON
  D:0088H         PUBLIC        TCON
  C:000AH         PUBLIC        _DectoBCD
  C:520CH         PUBLIC        _ASCII_Letter
  D:008EH         PUBLIC        AUXR
  C:5207H         PUBLIC        _unit
  C:0003H         PUBLIC        _ten
  D:00D6H         PUBLIC        T2H
  D:00D7H         PUBLIC        T2L
  D:00D0H         PUBLIC        PSW
  -------         PROC          INITUART1
  C:5196H         LINE#         21
  C:5196H         LINE#         22
  C:5196H         LINE#         23
  C:5199H         LINE#         24
  C:519CH         LINE#         25
  C:519FH         LINE#         26
  C:51A2H         LINE#         27
  C:51A4H         LINE#         28
  C:51A6H         LINE#         30
  -------         ENDPROC       INITUART1
  -------         PROC          _SENDSTRING
  X:0639H         SYMBOL        s
  C:4EECH         LINE#         35
  C:4EF7H         LINE#         36
  C:4EF7H         LINE#         37
  C:4F07H         LINE#         38
  C:4F07H         LINE#         39
  C:4F1CH         LINE#         40
  C:4F1EH         LINE#         41
  -------         ENDPROC       _SENDSTRING
  -------         PROC          _TEN
  D:0007H         SYMBOL        BCD
  C:0003H         LINE#         43
  C:0003H         LINE#         44
  C:0003H         LINE#         45
  C:0008H         LINE#         46
  -------         ENDPROC       _TEN
  -------         PROC          _UNIT
  D:0007H         SYMBOL        BCD
  C:5207H         LINE#         47
  C:5207H         LINE#         48
  C:5207H         LINE#         52
BL51 BANKED LINKER/LOCATER V6.22                                                      03/20/2019  11:30:41  PAGE 19


  C:520BH         LINE#         53
  -------         ENDPROC       _UNIT
  -------         PROC          _DECTOBCD
  D:0007H         SYMBOL        dec
  C:000AH         LINE#         54
  C:000AH         LINE#         55
  C:000AH         LINE#         57
  C:000AH         LINE#         58
  -------         ENDPROC       _DECTOBCD
  -------         PROC          _ASCII_LETTER
  D:0007H         SYMBOL        dat
  C:520CH         LINE#         60
  C:520CH         LINE#         61
  C:520CH         LINE#         63
  C:5210H         LINE#         64
  -------         ENDPROC       _ASCII_LETTER
  -------         PROC          _ASCIITOBCD
  D:0001H         SYMBOL        ascii
  -------         DO            
  D:0007H         SYMBOL        dec_val
  D:0006H         SYMBOL        ten
  D:0007H         SYMBOL        unit
  -------         ENDDO         
  C:50E1H         LINE#         66
  C:50E1H         LINE#         67
  C:50E1H         LINE#         69
  C:50E4H         LINE#         70
  C:50EAH         LINE#         71
  C:50F1H         LINE#         72
  C:50F7H         LINE#         74
  -------         ENDPROC       _ASCIITOBCD
  -------         ENDMOD        UART1

  -------         MODULE        LCD_DRIVER_SPLC780D
  C:0000H         SYMBOL        _ICE_DUMMY_
  D:0092H         PUBLIC        P1M0
  D:0091H         PUBLIC        P1M1
  D:0080H         PUBLIC        P0
  D:0090H         PUBLIC        P1
  D:00A0H         PUBLIC        P2
  D:00B0H         PUBLIC        P3
  D:00C0H         PUBLIC        P4
  D:00C8H         PUBLIC        P5
  D:00E8H         PUBLIC        P6
  D:00F8H         PUBLIC        P7
  C:4B50H         PUBLIC        _WriteData
  D:00A8H         PUBLIC        IE
  D:00B8H         PUBLIC        IP
  D:00D8H         PUBLIC        CCON
  B:00B0H.4       PUBLIC        LCD_D4
  B:00B0H.5       PUBLIC        LCD_D5
  B:00B0H.6       PUBLIC        LCD_D6
  C:5091H         PUBLIC        _DisplayLCD
  B:00B0H.7       PUBLIC        LCD_D7
  D:0098H         PUBLIC        SCON
  D:0088H         PUBLIC        TCON
  C:514CH         PUBLIC        _abs
BL51 BANKED LINKER/LOCATER V6.22                                                      03/20/2019  11:30:41  PAGE 20


  C:51F7H         PUBLIC        LCD_clear
  C:4E31H         PUBLIC        _Command
  C:510EH         PUBLIC        _Display_Line
  C:4D00H         PUBLIC        LCD_Init
  C:4FF6H         PUBLIC        _Wait_ms
  B:00C0H.0       PUBLIC        LCD_RS
  B:00B0H.2       PUBLIC        LCD_RW
  C:51EDH         PUBLIC        LCD_return_home
  C:401AH         PUBLIC        _Display_Pos
  B:00B0H.3       PUBLIC        LCD_E
  D:00D0H         PUBLIC        PSW
  -------         PROC          LCD_INIT
  C:4D00H         LINE#         9
  C:4D00H         LINE#         10
  C:4D00H         LINE#         11
  C:4D03H         LINE#         12
  C:4D06H         LINE#         14
  C:4D0CH         LINE#         15
  C:4D11H         LINE#         17
  C:4D18H         LINE#         18
  C:4D1DH         LINE#         20
  C:4D20H         LINE#         21
  C:4D25H         LINE#         23
  C:4D28H         LINE#         24
  C:4D2DH         LINE#         26
  C:4D34H         LINE#         29
  C:4D39H         LINE#         30
  C:4D3EH         LINE#         32
  C:4D43H         LINE#         33
  C:4D48H         LINE#         35
  C:4D4DH         LINE#         36
  C:4D52H         LINE#         37
  -------         ENDPROC       LCD_INIT
  C:4B4CH         SYMBOL        L?0040
  -------         PROC          L?0039
  -------         ENDPROC       L?0039
  C:4B4CH         SYMBOL        L?0040
  -------         PROC          _WRITEDATA
  X:0476H         SYMBOL        dat
  C:4B50H         LINE#         40
  C:4B55H         LINE#         41
  C:4B55H         LINE#         46
  C:4B57H         LINE#         47
  C:4B59H         LINE#         49
  C:4B67H         LINE#         50
  C:4B73H         LINE#         51
  C:4B7FH         LINE#         52
  C:4B89H         LINE#         53
  C:4B8BH         LINE#         54
  C:4B92H         LINE#         55
  C:4B94H         LINE#         57
  C:4BA4H         LINE#         58
  C:4BAFH         LINE#         59
  C:4BB9H         LINE#         60
  C:4BBDH         LINE#         62
  C:4BBDH         LINE#         63
  C:4BC0H         LINE#         64
BL51 BANKED LINKER/LOCATER V6.22                                                      03/20/2019  11:30:41  PAGE 21


  C:4BC2H         LINE#         65
  C:4BC4H         LINE#         67
  -------         ENDPROC       _WRITEDATA
  -------         PROC          _COMMAND
  D:0007H         SYMBOL        dat
  C:4E31H         LINE#         69
  C:4E31H         LINE#         70
  C:4E31H         LINE#         71
  C:4E33H         LINE#         72
  C:4E35H         LINE#         74
  C:4E3FH         LINE#         75
  C:4E43H         LINE#         77
  C:4E45H         LINE#         78
  C:4E4EH         LINE#         79
  C:4E52H         LINE#         81
  C:4E54H         LINE#         82
  C:4E5BH         LINE#         83
  C:4E5FH         LINE#         85
  C:4E61H         LINE#         86
  C:4E65H         LINE#         87
  C:4E69H         LINE#         89
  C:4E6BH         LINE#         90
  C:4E6BH         LINE#         91
  C:4E6EH         LINE#         92
  C:4E70H         LINE#         93
  -------         ENDPROC       _COMMAND
  C:4FF2H         SYMBOL        L?0038
  -------         PROC          L?0037
  -------         ENDPROC       L?0037
  C:4FF2H         SYMBOL        L?0038
  -------         PROC          _WAIT_MS
  D:0006H         SYMBOL        ms
  -------         DO            
  D:0004H         SYMBOL        De_Cnt
  -------         ENDDO         
  C:4FF6H         LINE#         95
  C:4FF6H         LINE#         96
  C:4FF6H         LINE#         98
  C:5000H         LINE#         99
  C:5000H         LINE#         100
  C:5013H         LINE#         101
  C:5013H         LINE#         102
  -------         ENDPROC       _WAIT_MS
  -------         PROC          _DISPLAYLCD
  D:0007H         SYMBOL        BCD
  -------         DO            
  D:0006H         SYMBOL        first_digit
  X:03BBH         SYMBOL        second_digit
  -------         ENDDO         
  C:5091H         LINE#         103
  C:5091H         LINE#         104
  C:5091H         LINE#         106
  C:5098H         LINE#         107
  C:50A1H         LINE#         109
  C:50A6H         LINE#         111
  -------         ENDPROC       _DISPLAYLCD
  -------         PROC          LCD_RETURN_HOME
BL51 BANKED LINKER/LOCATER V6.22                                                      03/20/2019  11:30:41  PAGE 22


  C:51EDH         LINE#         115
  C:51EDH         LINE#         116
  C:51EDH         LINE#         117
  C:51F2H         LINE#         118
  -------         ENDPROC       LCD_RETURN_HOME
  -------         PROC          LCD_CLEAR
  C:51F7H         LINE#         121
  C:51F7H         LINE#         122
  C:51F7H         LINE#         123
  C:51FCH         LINE#         124
  -------         ENDPROC       LCD_CLEAR
  -------         PROC          _DISPLAY_LINE
  D:0006H         SYMBOL        line
  C:510EH         LINE#         128
  C:510EH         LINE#         129
  C:510EH         LINE#         130
  C:5114H         LINE#         131
  C:5114H         LINE#         132
  C:5116H         LINE#         133
  C:5116H         LINE#         134
  C:5118H         LINE#         136
  C:5118H         LINE#         137
  C:511DH         LINE#         138
  C:5122H         LINE#         139
  C:5122H         LINE#         140
  -------         ENDPROC       _DISPLAY_LINE
  -------         PROC          _DISPLAY_POS
  X:046CH         SYMBOL        sign_dat
  -------         DO            
  X:0470H         SYMBOL        unit
  X:0471H         SYMBOL        ten
  X:0472H         SYMBOL        hundred
  D:0003H         SYMBOL        thousand
  X:0473H         SYMBOL        after_dot
  X:0474H         SYMBOL        dat
  -------         ENDDO         
  C:401AH         LINE#         142
  C:4020H         LINE#         143
  C:4020H         LINE#         147
  C:403CH         LINE#         148
  C:4056H         LINE#         149
  C:407AH         LINE#         151
  C:40C4H         LINE#         153
  C:40DBH         LINE#         154
  C:40E8H         LINE#         155
  C:410AH         LINE#         156
  C:413FH         LINE#         157
  C:4157H         LINE#         158
  C:4157H         LINE#         160
  C:4157H         LINE#         161
  C:4157H         LINE#         162
  C:4157H         LINE#         163
  C:4157H         LINE#         164
  C:4157H         LINE#         168
  C:4159H         LINE#         170
  C:4159H         LINE#         172
  C:415EH         LINE#         173
BL51 BANKED LINKER/LOCATER V6.22                                                      03/20/2019  11:30:41  PAGE 23


  C:4164H         LINE#         174
  C:416AH         LINE#         175
  C:4170H         LINE#         176
  C:4175H         LINE#         177
  C:417BH         LINE#         181
  C:417BH         LINE#         183
  -------         ENDPROC       _DISPLAY_POS
  -------         PROC          _ABS
  D:0006H         SYMBOL        dat
  C:514CH         LINE#         185
  C:514CH         LINE#         186
  C:514CH         LINE#         187
  C:5157H         LINE#         188
  C:5158H         LINE#         190
  C:515FH         LINE#         191
  -------         ENDPROC       _ABS
  -------         ENDMOD        LCD_DRIVER_SPLC780D

  -------         MODULE        KEYPAD
  C:0000H         SYMBOL        _ICE_DUMMY_
  D:0093H         PUBLIC        P0M1
  D:0080H         PUBLIC        P0
  D:0090H         PUBLIC        P1
  D:00A0H         PUBLIC        P2
  D:00B0H         PUBLIC        P3
  D:00C0H         PUBLIC        P4
  D:00C8H         PUBLIC        P5
  B:0020H.0       PUBLIC        calib_mode
  D:00E8H         PUBLIC        P6
  D:00F8H         PUBLIC        P7
  D:00A8H         PUBLIC        IE
  C:3B7CH         PUBLIC        Key_Scan
  D:00B8H         PUBLIC        IP
  D:00D8H         PUBLIC        CCON
  C:51E1H         PUBLIC        KeyPad_IO_Init
  C:5073H         PUBLIC        _Delay_ms
  D:0098H         PUBLIC        SCON
  D:0088H         PUBLIC        TCON
  B:0020H.1       PUBLIC        small_move
  B:0020H.2       PUBLIC        move
  B:0020H.3       PUBLIC        direction
  B:0020H.4       PUBLIC        auto_move
  C:3273H         PUBLIC        Key_Process
  D:00D0H         PUBLIC        PSW
  D:0094H         PUBLIC        P0M0
  -------         PROC          _DELAY_MS
  D:0006H         SYMBOL        ms
  -------         DO            
  D:0004H         SYMBOL        De_Cnt
  -------         ENDDO         
  C:5073H         LINE#         19
  C:5073H         LINE#         20
  C:5073H         LINE#         22
  C:507DH         LINE#         23
  C:507DH         LINE#         24
  C:5090H         LINE#         25
  C:5090H         LINE#         26
BL51 BANKED LINKER/LOCATER V6.22                                                      03/20/2019  11:30:41  PAGE 24


  -------         ENDPROC       _DELAY_MS
  -------         PROC          KEY_SCAN
  -------         DO            
  X:03C1H         SYMBOL        KeyTemp1
  X:03C2H         SYMBOL        KeyTemp2
  X:03C3H         SYMBOL        KeyValue
  -------         ENDDO         
  C:3B7CH         LINE#         27
  C:3B7CH         LINE#         28
  C:3B7CH         LINE#         33
  C:3B7FH         LINE#         36
  C:3B82H         LINE#         38
  C:3B8AH         LINE#         39
  C:3B91H         LINE#         40
  C:3B91H         LINE#         42
  C:3B96H         LINE#         43
  C:3B9DH         LINE#         44
  C:3B9DH         LINE#         47
  C:3BA0H         LINE#         48
  C:3BA3H         LINE#         49
  C:3BA8H         LINE#         50
  C:3BACH         LINE#         51
  C:3BACH         LINE#         52
  C:3BB4H         LINE#         53
  C:3BB4H         LINE#         54
  C:3BB7H         LINE#         55
  C:3BBFH         LINE#         56
  C:3BC1H         LINE#         58
  C:3BD5H         LINE#         59
  C:3BD5H         LINE#         60
  C:3BD5H         LINE#         61
  C:3BD5H         LINE#         62
  C:3BDBH         LINE#         64
  C:3BDDH         LINE#         65
  C:3BDDH         LINE#         66
  C:3BDDH         LINE#         67
  C:3BE3H         LINE#         69
  C:3BE5H         LINE#         70
  C:3BE5H         LINE#         71
  C:3BE5H         LINE#         72
  C:3BEBH         LINE#         74
  C:3BEDH         LINE#         75
  C:3BEDH         LINE#         76
  C:3BEDH         LINE#         77
  C:3BF3H         LINE#         79
  C:3BF3H         LINE#         80
  C:3BF3H         LINE#         81
  C:3BF3H         LINE#         84
  C:3BF6H         LINE#         85
  C:3BF9H         LINE#         86
  C:3C01H         LINE#         87
  C:3C05H         LINE#         88
  C:3C05H         LINE#         89
  C:3C0DH         LINE#         90
  C:3C0DH         LINE#         91
  C:3C10H         LINE#         92
  C:3C18H         LINE#         93
BL51 BANKED LINKER/LOCATER V6.22                                                      03/20/2019  11:30:41  PAGE 25


  C:3C1AH         LINE#         94
  C:3C2EH         LINE#         95
  C:3C2EH         LINE#         96
  C:3C2EH         LINE#         97
  C:3C2EH         LINE#         98
  C:3C34H         LINE#         100
  C:3C36H         LINE#         101
  C:3C36H         LINE#         102
  C:3C36H         LINE#         103
  C:3C3CH         LINE#         105
  C:3C3EH         LINE#         106
  C:3C3EH         LINE#         107
  C:3C3EH         LINE#         108
  C:3C44H         LINE#         110
  C:3C46H         LINE#         111
  C:3C46H         LINE#         112
  C:3C46H         LINE#         113
  C:3C4BH         LINE#         115
  C:3C4BH         LINE#         116
  C:3C4BH         LINE#         117
  C:3C4BH         LINE#         120
  C:3C4EH         LINE#         121
  C:3C51H         LINE#         122
  C:3C59H         LINE#         123
  C:3C5DH         LINE#         124
  C:3C5DH         LINE#         125
  C:3C65H         LINE#         126
  C:3C65H         LINE#         127
  C:3C68H         LINE#         128
  C:3C70H         LINE#         129
  C:3C72H         LINE#         130
  C:3C86H         LINE#         131
  C:3C86H         LINE#         132
  C:3C86H         LINE#         133
  C:3C86H         LINE#         134
  C:3C8CH         LINE#         136
  C:3C8EH         LINE#         137
  C:3C8EH         LINE#         138
  C:3C8EH         LINE#         139
  C:3C94H         LINE#         141
  C:3C96H         LINE#         142
  C:3C96H         LINE#         143
  C:3C96H         LINE#         144
  C:3C9CH         LINE#         146
  C:3C9EH         LINE#         147
  C:3C9EH         LINE#         148
  C:3C9EH         LINE#         149
  C:3CA4H         LINE#         151
  C:3CA4H         LINE#         152
  C:3CA4H         LINE#         153
  C:3CA4H         LINE#         157
  C:3CA7H         LINE#         158
  C:3CAAH         LINE#         159
  C:3CB2H         LINE#         160
  C:3CB6H         LINE#         161
  C:3CB6H         LINE#         162
  C:3CBEH         LINE#         163
BL51 BANKED LINKER/LOCATER V6.22                                                      03/20/2019  11:30:41  PAGE 26


  C:3CBEH         LINE#         164
  C:3CC1H         LINE#         165
  C:3CC9H         LINE#         166
  C:3CCBH         LINE#         167
  C:3CDFH         LINE#         168
  C:3CDFH         LINE#         169
  C:3CDFH         LINE#         170
  C:3CDFH         LINE#         171
  C:3CE5H         LINE#         173
  C:3CE7H         LINE#         174
  C:3CE7H         LINE#         175
  C:3CE7H         LINE#         176
  C:3CEDH         LINE#         178
  C:3CEFH         LINE#         179
  C:3CEFH         LINE#         180
  C:3CEFH         LINE#         181
  C:3CF5H         LINE#         183
  C:3CF7H         LINE#         184
  C:3CF7H         LINE#         185
  C:3CF7H         LINE#         186
  C:3CFDH         LINE#         188
  C:3CFDH         LINE#         189
  C:3CFDH         LINE#         190
  C:3CFDH         LINE#         192
  C:3D03H         LINE#         193
  C:3D03H         LINE#         195
  C:3D03H         LINE#         196
  C:3D06H         LINE#         197
  C:3D06H         LINE#         198
  C:3D06H         LINE#         200
  C:3D06H         LINE#         201
  C:3D08H         LINE#         202
  C:3D08H         LINE#         203
  -------         ENDPROC       KEY_SCAN
  -------         PROC          KEY_PROCESS
  -------         DO            
  X:0623H         SYMBOL        KeyCount
  X:0625H         SYMBOL        KeyNum_Old
  X:0626H         SYMBOL        KeyNum
  X:0627H         SYMBOL        PressedKey
  X:03BBH         SYMBOL        d
  D:0004H         SYMBOL        hours
  D:0006H         SYMBOL        mins
  X:03BDH         SYMBOL        months
  X:03BFH         SYMBOL        days
  -------         ENDDO         
  C:3273H         LINE#         204
  C:3273H         LINE#         205
  C:3273H         LINE#         209
  C:327BH         LINE#         210
  C:3283H         LINE#         212
  C:3286H         LINE#         213
  C:3286H         LINE#         214
  C:3289H         LINE#         216
  C:3289H         LINE#         217
  C:3296H         LINE#         218
  C:3296H         LINE#         219
BL51 BANKED LINKER/LOCATER V6.22                                                      03/20/2019  11:30:41  PAGE 27


  C:3299H         LINE#         220
  C:329CH         LINE#         222
  C:329FH         LINE#         224
  C:329FH         LINE#         225
  C:32AAH         LINE#         226
  C:32AAH         LINE#         227
  C:32ADH         LINE#         229
  C:32ADH         LINE#         230
  C:32B4H         LINE#         231
  C:32B4H         LINE#         232
  C:32B7H         LINE#         234
  C:32B7H         LINE#         235
  C:32BFH         LINE#         236
  C:32BFH         LINE#         237
  C:32C9H         LINE#         238
  C:32D1H         LINE#         240
  C:32DAH         LINE#         242
  C:32DAH         LINE#         251
  C:32EFH         LINE#         252
  C:32EFH         LINE#         253
  C:3301H         LINE#         254
  C:330FH         LINE#         255
  C:331EH         LINE#         256
  C:331EH         LINE#         258
  C:3324H         LINE#         262
  C:333AH         LINE#         263
  C:334BH         LINE#         264
  C:3366H         LINE#         265
  C:3366H         LINE#         266
  C:3376H         LINE#         267
  C:3387H         LINE#         268
  C:3387H         LINE#         272
  C:33A0H         LINE#         273
  C:33B7H         LINE#         274
  C:33D7H         LINE#         275
  C:33D7H         LINE#         276
  C:33E1H         LINE#         277
  C:33E1H         LINE#         278
  C:33EAH         LINE#         279
  C:33EAH         LINE#         280
  C:33FEH         LINE#         281
  C:33FEH         LINE#         282
  C:33FEH         LINE#         283
  C:33FEH         LINE#         284
  C:33FEH         LINE#         285
  C:3400H         LINE#         287
  C:3400H         LINE#         288
  C:340CH         LINE#         289
  C:340CH         LINE#         290
  C:341DH         LINE#         291
  C:341DH         LINE#         292
  C:341DH         LINE#         293
  C:341DH         LINE#         294
  C:341DH         LINE#         296
  C:341FH         LINE#         298
  C:341FH         LINE#         299
  C:3430H         LINE#         300
BL51 BANKED LINKER/LOCATER V6.22                                                      03/20/2019  11:30:41  PAGE 28


  C:3430H         LINE#         301
  C:3430H         LINE#         302
  C:3430H         LINE#         303
  C:3430H         LINE#         305
  C:3430H         LINE#         307
  C:3430H         LINE#         308
  C:3432H         LINE#         310
  C:3432H         LINE#         311
  C:3445H         LINE#         312
  C:3445H         LINE#         313
  C:3456H         LINE#         314
  C:3456H         LINE#         315
  C:3456H         LINE#         316
  C:3456H         LINE#         317
  C:3456H         LINE#         318
  C:3458H         LINE#         320
  C:3458H         LINE#         321
  C:3469H         LINE#         322
  C:3469H         LINE#         323
  C:347AH         LINE#         324
  C:348BH         LINE#         325
  C:348BH         LINE#         326
  C:348BH         LINE#         327
  C:348BH         LINE#         328
  C:348BH         LINE#         330
  C:34A5H         LINE#         331
  C:34A5H         LINE#         332
  C:34AAH         LINE#         333
  C:34AAH         LINE#         334
  C:34B0H         LINE#         335
  C:34B0H         LINE#         336
  C:34B3H         LINE#         337
  C:34B8H         LINE#         338
  C:34BDH         LINE#         339
  C:34C2H         LINE#         340
  C:34C7H         LINE#         341
  C:34CCH         LINE#         342
  C:34D1H         LINE#         343
  C:34D6H         LINE#         344
  C:34D6H         LINE#         345
  C:34D6H         LINE#         347
  C:34F8H         LINE#         348
  C:34F8H         LINE#         349
  C:3502H         LINE#         350
  C:3502H         LINE#         351
  C:3507H         LINE#         352
  C:3510H         LINE#         353
  C:3527H         LINE#         354
  C:3527H         LINE#         355
  C:3537H         LINE#         357
  C:3537H         LINE#         361
  -------         ENDPROC       KEY_PROCESS
  -------         PROC          KEYPAD_IO_INIT
  C:51E1H         LINE#         364
  C:51E1H         LINE#         365
  C:51E1H         LINE#         366
  C:51E4H         LINE#         367
BL51 BANKED LINKER/LOCATER V6.22                                                      03/20/2019  11:30:41  PAGE 29


  C:51E7H         LINE#         368
  C:51EAH         LINE#         369
  C:51ECH         LINE#         370
  -------         ENDPROC       KEYPAD_IO_INIT
  -------         ENDMOD        KEYPAD

  -------         MODULE        BIPOLARMOTOR
  C:0000H         SYMBOL        _ICE_DUMMY_
  D:0080H         PUBLIC        P0
  D:0090H         PUBLIC        P1
  X:0000H         PUBLIC        RX_pos_test
  D:00A0H         PUBLIC        P2
  D:00B0H         PUBLIC        P3
  D:00C0H         PUBLIC        P4
  D:00C8H         PUBLIC        P5
  D:00E8H         PUBLIC        P6
  D:00F8H         PUBLIC        P7
  X:00A0H         PUBLIC        low_date_azimuth_mapping
  D:00A8H         PUBLIC        IE
  C:45AEH         PUBLIC        linear_interpolate
  C:4FA1H         PUBLIC        _Move
  D:00B8H         PUBLIC        IP
  C:382BH         PUBLIC        _findDet3x3
  C:3538H         PUBLIC        _findDet4x4
  D:00D8H         PUBLIC        CCON
  X:00C8H         PUBLIC        previous_move_time
  D:0098H         PUBLIC        SCON
  D:0088H         PUBLIC        TCON
  C:5211H         PUBLIC        wait
  C:4E71H         PUBLIC        _Step_move
  X:00C9H         PUBLIC        dat
  C:0E3AH         PUBLIC        _Update_position
  C:4D59H         PUBLIC        vOneStepMove
  X:00CFH         PUBLIC        elevation_stamp
  X:010BH         PUBLIC        date_azimuth_mapping
  X:0133H         PUBLIC        RX_pos
  C:50B8H         PUBLIC        _BCDtoDec1
  X:038BH         PUBLIC        degree
  D:00D0H         PUBLIC        PSW
  -------         PROC          L?0062
  -------         ENDPROC       L?0062
  -------         PROC          _BCDTODEC1
  D:0007H         SYMBOL        bcd
  -------         DO            
  D:0006H         SYMBOL        hi
  D:0007H         SYMBOL        lo
  -------         ENDDO         
  C:50B8H         LINE#         28
  C:50B8H         LINE#         29
  C:50B8H         LINE#         31
  C:50BDH         LINE#         32
  C:50C1H         LINE#         33
  C:50C8H         LINE#         34
  -------         ENDPROC       _BCDTODEC1
  -------         PROC          WAIT
  C:5211H         LINE#         36
  C:5211H         LINE#         38
BL51 BANKED LINKER/LOCATER V6.22                                                      03/20/2019  11:30:41  PAGE 30


  -------         ENDPROC       WAIT
  -------         PROC          VONESTEPMOVE
  B:0020H.7       SYMBOL        bDir
  C:4D59H         LINE#         40
  C:4D59H         LINE#         41
  C:4D59H         LINE#         43
  C:4D5FH         LINE#         44
  C:4D5FH         LINE#         45
  C:4D62H         LINE#         46
  C:4D6BH         LINE#         47
  C:4D72H         LINE#         48
  C:4D77H         LINE#         49
  C:4D77H         LINE#         50
  C:4D77H         LINE#         52
  C:4D79H         LINE#         55
  C:4D79H         LINE#         56
  C:4D7CH         LINE#         57
  C:4D85H         LINE#         58
  C:4D8CH         LINE#         59
  C:4D92H         LINE#         60
  C:4D9BH         LINE#         61
  C:4DA2H         LINE#         62
  C:4DA2H         LINE#         66
  -------         ENDPROC       VONESTEPMOVE
  -------         PROC          _STEP_MOVE
  X:0482H         SYMBOL        step
  B:0020H.6       SYMBOL        dir
  -------         DO            
  X:0484H         SYMBOL        i
  -------         ENDDO         
  C:4E71H         LINE#         68
  C:4E79H         LINE#         69
  C:4E79H         LINE#         71
  C:4E7EH         LINE#         74
  C:4E99H         LINE#         75
  C:4E99H         LINE#         76
  C:4EA0H         LINE#         78
  C:4EB0H         LINE#         80
  -------         ENDPROC       _STEP_MOVE
  -------         PROC          _MOVE
  X:047EH         SYMBOL        distance
  B:0020H.5       SYMBOL        direction
  -------         DO            
  D:0006H         SYMBOL        step
  -------         ENDDO         
  C:4FA1H         LINE#         82
  C:4FA7H         LINE#         83
  C:4FA7H         LINE#         86
  C:4FC2H         LINE#         87
  -------         ENDPROC       _MOVE
  C:380CH         SYMBOL        L?0058
  C:3820H         SYMBOL        L?0059
  -------         PROC          L?0057
  -------         ENDPROC       L?0057
  C:380CH         SYMBOL        L?0058
  C:3820H         SYMBOL        L?0059
  -------         PROC          _FINDDET3X3
BL51 BANKED LINKER/LOCATER V6.22                                                      03/20/2019  11:30:41  PAGE 31


  X:05FFH         SYMBOL        a11
  X:0603H         SYMBOL        a12
  X:0607H         SYMBOL        a13
  X:060BH         SYMBOL        a21
  X:060FH         SYMBOL        a22
  X:0613H         SYMBOL        a23
  X:0617H         SYMBOL        a31
  X:061BH         SYMBOL        a32
  X:061FH         SYMBOL        a33
  C:382BH         LINE#         91
  C:3831H         LINE#         95
  C:3831H         LINE#         96
  C:39C8H         LINE#         98
  -------         ENDPROC       _FINDDET3X3
  -------         PROC          _FINDDET4X4
  X:05BFH         SYMBOL        a11
  X:05C3H         SYMBOL        a12
  X:05C7H         SYMBOL        a13
  X:05CBH         SYMBOL        a14
  X:05CFH         SYMBOL        a21
  X:05D3H         SYMBOL        a22
  X:05D7H         SYMBOL        a23
  X:05DBH         SYMBOL        a24
  X:05DFH         SYMBOL        a31
  X:05E3H         SYMBOL        a32
  X:05E7H         SYMBOL        a33
  X:05EBH         SYMBOL        a34
  X:05EFH         SYMBOL        a41
  X:05F3H         SYMBOL        a42
  X:05F7H         SYMBOL        a43
  X:05FBH         SYMBOL        a44
  C:3538H         LINE#         99
  C:353EH         LINE#         103
  C:353EH         LINE#         110
  C:37F7H         LINE#         114
  -------         ENDPROC       _FINDDET4X4
  C:459DH         SYMBOL        L?0061
  -------         PROC          L?0060
  -------         ENDPROC       L?0060
  C:459DH         SYMBOL        L?0061
  -------         PROC          LINEAR_INTERPOLATE
  X:047EH         SYMBOL        p1
  X:0486H         SYMBOL        p2
  X:048EH         SYMBOL        x
  -------         DO            
  D:0004H         SYMBOL        fx
  -------         ENDDO         
  C:45AEH         LINE#         120
  C:45AEH         LINE#         121
  C:45AEH         LINE#         124
  C:464DH         LINE#         126
  C:464DH         LINE#         127
  -------         ENDPROC       LINEAR_INTERPOLATE
  -------         PROC          _UPDATE_POSITION
  D:0001H         SYMBOL        mnths
  D:0002H         SYMBOL        dys
  X:03E1H         SYMBOL        hurs
BL51 BANKED LINKER/LOCATER V6.22                                                      03/20/2019  11:30:41  PAGE 32


  X:03E2H         SYMBOL        mns
  X:03E3H         SYMBOL        sconds
  X:03E4H         SYMBOL        currnt_pos
  X:03E7H         SYMBOL        offset_calib
  -------         DO            
  X:03EBH         SYMBOL        date
  X:03EDH         SYMBOL        i
  X:03EFH         SYMBOL        yy
  X:03F1H         SYMBOL        desired_distance
  X:03F5H         SYMBOL        distance
  X:03F9H         SYMBOL        JP_pos
  X:03FDH         SYMBOL        pos_interpolate_azimuth
  X:0439H         SYMBOL        current_local_sun_time
  X:043DH         SYMBOL        azimuth
  X:0441H         SYMBOL        elevation
  X:0445H         SYMBOL        time_offset
  X:0449H         SYMBOL        UTC_time
  X:044DH         SYMBOL        declination
  X:0451H         SYMBOL        p1
  X:0459H         SYMBOL        p2
  X:0461H         SYMBOL        time
  X:0473H         SYMBOL        location
  X:047BH         SYMBOL        sunCoord
  -------         ENDDO         
  C:0E3AH         LINE#         131
  C:0E43H         LINE#         134
  C:0E43H         LINE#         135
  C:0E4EH         LINE#         137
  C:0E6AH         LINE#         138
  C:0E74H         LINE#         146
  C:0E7EH         LINE#         147
  C:0E88H         LINE#         148
  C:0E92H         LINE#         149
  C:0E9DH         LINE#         150
  C:0EA8H         LINE#         151
  C:0EC1H         LINE#         152
  C:0ED2H         LINE#         153
  C:0EE1H         LINE#         156
  C:0EF5H         LINE#         160
  C:0F47H         LINE#         161
  C:10ABH         LINE#         162
  C:10FBH         LINE#         164
  C:1223H         LINE#         166
  C:12F2H         LINE#         173
  C:1339H         LINE#         174
  C:1339H         LINE#         176
  C:1353H         LINE#         177
  C:1353H         LINE#         178
  C:13C3H         LINE#         179
  C:13C3H         LINE#         180
  C:13CAH         LINE#         181
  C:13CAH         LINE#         182
  C:13F7H         LINE#         183
  C:1412H         LINE#         185
  C:1459H         LINE#         186
  C:148DH         LINE#         188
  C:14D3H         LINE#         189
BL51 BANKED LINKER/LOCATER V6.22                                                      03/20/2019  11:30:41  PAGE 33


  C:14F6H         LINE#         191
  C:14F6H         LINE#         193
  C:156CH         LINE#         194
  C:156CH         LINE#         195
  C:1573H         LINE#         196
  C:1573H         LINE#         197
  C:15A0H         LINE#         198
  C:15BBH         LINE#         200
  C:1602H         LINE#         201
  C:1636H         LINE#         203
  C:167CH         LINE#         204
  C:169CH         LINE#         206
  C:169CH         LINE#         207
  C:16ADH         LINE#         210
  C:16C7H         LINE#         211
  C:16C7H         LINE#         212
  C:1737H         LINE#         213
  C:1737H         LINE#         214
  C:1764H         LINE#         215
  C:177FH         LINE#         217
  C:17ACH         LINE#         218
  C:17C7H         LINE#         220
  C:17F9H         LINE#         223
  C:17F9H         LINE#         225
  C:180AH         LINE#         227
  C:1839H         LINE#         229
  C:185EH         LINE#         230
  C:18C3H         LINE#         231
  C:18C3H         LINE#         232
  C:18DDH         LINE#         233
  C:18EFH         LINE#         234
  C:1907H         LINE#         235
  C:191DH         LINE#         237
  C:1939H         LINE#         238
  C:1939H         LINE#         239
  C:1939H         LINE#         242
  -------         ENDPROC       _UPDATE_POSITION
  -------         ENDMOD        BIPOLARMOTOR

  -------         MODULE        SUNPOS
  C:0000H         SYMBOL        _ICE_DUMMY_
  C:22F0H         PUBLIC        sunpos
  -------         PROC          SUNPOS
  X:047EH         SYMBOL        udtTime
  X:0490H         SYMBOL        udtLocation
  X:0498H         SYMBOL        udtSunCoordinates
  -------         DO            
  X:049BH         SYMBOL        dElapsedJulianDays
  X:049FH         SYMBOL        dDecimalHours
  X:04A3H         SYMBOL        dEclipticLongitude
  X:04A7H         SYMBOL        dEclipticObliquity
  X:04ABH         SYMBOL        dRightAscension
  X:04AFH         SYMBOL        dDeclination
  X:04B3H         SYMBOL        dY
  X:04B7H         SYMBOL        dX
  -------         DO            
  X:04BBH         SYMBOL        dJulianDate
BL51 BANKED LINKER/LOCATER V6.22                                                      03/20/2019  11:30:41  PAGE 34


  X:04BFH         SYMBOL        liAux1
  X:04C3H         SYMBOL        liAux2
  X:04BBH         SYMBOL        dMeanLongitude
  X:04BFH         SYMBOL        dMeanAnomaly
  X:04C3H         SYMBOL        dOmega
  X:04BBH         SYMBOL        dSin_EclipticLongitude
  X:04BBH         SYMBOL        dGreenwichMeanSiderealTime
  X:04BFH         SYMBOL        dLocalMeanSiderealTime
  X:04C3H         SYMBOL        dLatitudeInRadians
  X:04C7H         SYMBOL        dHourAngle
  X:04CBH         SYMBOL        dCos_Latitude
  X:04CFH         SYMBOL        dSin_Latitude
  X:04D3H         SYMBOL        dCos_HourAngle
  X:04D7H         SYMBOL        dParallax
  -------         ENDDO         
  -------         DO            
  X:04BBH         SYMBOL        dMeanLongitude
  X:04BFH         SYMBOL        dMeanAnomaly
  X:04C3H         SYMBOL        dOmega
  X:04BBH         SYMBOL        dSin_EclipticLongitude
  X:04BBH         SYMBOL        dGreenwichMeanSiderealTime
  X:04BFH         SYMBOL        dLocalMeanSiderealTime
  X:04C3H         SYMBOL        dLatitudeInRadians
  X:04C7H         SYMBOL        dHourAngle
  X:04CBH         SYMBOL        dCos_Latitude
  X:04CFH         SYMBOL        dSin_Latitude
  X:04D3H         SYMBOL        dCos_HourAngle
  X:04D7H         SYMBOL        dParallax
  -------         ENDDO         
  -------         DO            
  X:04BBH         SYMBOL        dSin_EclipticLongitude
  X:04BBH         SYMBOL        dGreenwichMeanSiderealTime
  X:04BFH         SYMBOL        dLocalMeanSiderealTime
  X:04C3H         SYMBOL        dLatitudeInRadians
  X:04C7H         SYMBOL        dHourAngle
  X:04CBH         SYMBOL        dCos_Latitude
  X:04CFH         SYMBOL        dSin_Latitude
  X:04D3H         SYMBOL        dCos_HourAngle
  X:04D7H         SYMBOL        dParallax
  -------         ENDDO         
  -------         DO            
  X:04BBH         SYMBOL        dGreenwichMeanSiderealTime
  X:04BFH         SYMBOL        dLocalMeanSiderealTime
  X:04C3H         SYMBOL        dLatitudeInRadians
  X:04C7H         SYMBOL        dHourAngle
  X:04CBH         SYMBOL        dCos_Latitude
[...]
  C:44A3H         LINE#         153
  C:44A5H         LINE#         154
  C:44A8H         LINE#         155
  C:44AFH         LINE#         157
  -------         ENDPROC       _AT25SF041_WRITE
  -------         PROC          _AT25SF041_READ
  D:0003H         SYMBOL        opcode
  X:062DH         SYMBOL        addr
  -------         DO            
  X:0631H         SYMBOL        dat
  X:0632H         SYMBOL        i
  -------         ENDDO         
  C:429EH         LINE#         159
  C:42A0H         LINE#         160
  C:42A0H         LINE#         161
  C:42A5H         LINE#         163
  C:42A7H         LINE#         164
  C:42ADH         LINE#         168
  C:42B2H         LINE#         169
  C:42B2H         LINE#         170
  C:42B4H         LINE#         171
  C:42B7H         LINE#         172
  C:42BBH         LINE#         173
  C:42BBH         LINE#         174
  C:42BDH         LINE#         175
  C:42BFH         LINE#         177
  C:42BFH         LINE#         178
BL51 BANKED LINKER/LOCATER V6.22                                                      03/20/2019  11:30:41  PAGE 47


  C:42C1H         LINE#         180
  C:42C1H         LINE#         181
  C:42C1H         LINE#         182
  C:42C1H         LINE#         183
  C:42C4H         LINE#         184
  C:42C8H         LINE#         187
  C:42E7H         LINE#         189
  C:42EEH         LINE#         190
  C:42EEH         LINE#         191
  C:42F0H         LINE#         192
  C:42F3H         LINE#         193
  C:430FH         LINE#         194
  C:430FH         LINE#         195
  C:4311H         LINE#         196
  C:4313H         LINE#         198
  C:4313H         LINE#         199
  C:4315H         LINE#         201
  C:4315H         LINE#         202
  C:4315H         LINE#         203
  C:4315H         LINE#         204
  C:4318H         LINE#         205
  C:4331H         LINE#         207
  C:4350H         LINE#         210
  C:4357H         LINE#         212
  C:4359H         LINE#         213
  C:4360H         LINE#         215
  C:4367H         LINE#         216
  C:4367H         LINE#         217
  C:436EH         LINE#         218
  C:436EH         LINE#         219
  C:4371H         LINE#         220
  C:4373H         LINE#         221
  C:4376H         LINE#         223
  C:4379H         LINE#         224
  C:4379H         LINE#         226
  C:437DH         LINE#         227
  C:437DH         LINE#         233
  C:439CH         LINE#         236
  C:439EH         LINE#         237
  C:43A1H         LINE#         238
  C:43A8H         LINE#         240
  C:43ADH         LINE#         242
  -------         ENDPROC       _AT25SF041_READ
  -------         PROC          UCREAD_STATUS_REGISTER_BYTE1
  -------         DO            
  D:0003H         SYMBOL        dat
  D:0001H         SYMBOL        opcode
  X:0474H         SYMBOL        count
  X:0475H         SYMBOL        i
  -------         ENDDO         
  C:4862H         LINE#         246
  C:4862H         LINE#         247
  C:4862H         LINE#         248
  C:4868H         LINE#         249
  C:486CH         LINE#         250
  C:486EH         LINE#         251
  C:4870H         LINE#         252
BL51 BANKED LINKER/LOCATER V6.22                                                      03/20/2019  11:30:41  PAGE 48


  C:4876H         LINE#         256
  C:487DH         LINE#         257
  C:487DH         LINE#         258
  C:487FH         LINE#         259
  C:4882H         LINE#         260
  C:4886H         LINE#         261
  C:4886H         LINE#         262
  C:4888H         LINE#         263
  C:488AH         LINE#         265
  C:488AH         LINE#         266
  C:488CH         LINE#         268
  C:488CH         LINE#         269
  C:488CH         LINE#         270
  C:488CH         LINE#         271
  C:488FH         LINE#         272
  C:4893H         LINE#         275
  C:48B2H         LINE#         279
  C:48B9H         LINE#         281
  C:48BBH         LINE#         282
  C:48C2H         LINE#         283
  C:48C9H         LINE#         284
  C:48C9H         LINE#         285
  C:48CDH         LINE#         286
  C:48CDH         LINE#         287
  C:48D0H         LINE#         288
  C:48D2H         LINE#         289
  C:48D5H         LINE#         291
  C:48D8H         LINE#         292
  C:48D8H         LINE#         294
  C:48DCH         LINE#         295
  C:48DCH         LINE#         297
  C:48FBH         LINE#         301
  C:48FDH         LINE#         302
  C:4900H         LINE#         303
  C:4902H         LINE#         304
  -------         ENDPROC       UCREAD_STATUS_REGISTER_BYTE1
  -------         PROC          SPI_NOR_WRITE_DATA
  X:03BBH         SYMBOL        dat
  X:03C6H         SYMBOL        addr
  C:3D09H         LINE#         306
  C:3D09H         LINE#         307
  C:3D09H         LINE#         309
  C:3D0CH         LINE#         311
  C:3D26H         LINE#         312
  C:3D44H         LINE#         314
  C:3D4BH         LINE#         315
  C:3D4EH         LINE#         317
  C:3D68H         LINE#         318
  C:3D68H         LINE#         319
  C:3D68H         LINE#         322
  C:3D6BH         LINE#         324
  C:3D85H         LINE#         325
  C:3D85H         LINE#         326
  C:3D85H         LINE#         328
  C:3D88H         LINE#         330
  C:3DA2H         LINE#         331
  C:3DA2H         LINE#         332
BL51 BANKED LINKER/LOCATER V6.22                                                      03/20/2019  11:30:41  PAGE 49


  C:3DA2H         LINE#         334
  C:3DA5H         LINE#         336
  C:3DBFH         LINE#         337
  C:3DBFH         LINE#         338
  C:3DBFH         LINE#         340
  C:3DC2H         LINE#         342
  C:3DDCH         LINE#         343
  C:3DDCH         LINE#         344
  C:3DDCH         LINE#         346
  C:3DDFH         LINE#         348
  C:3DF9H         LINE#         349
  C:3DF9H         LINE#         350
  C:3DF9H         LINE#         352
  C:3DFCH         LINE#         354
  C:3E16H         LINE#         355
  C:3E16H         LINE#         356
  C:3E16H         LINE#         358
  C:3E19H         LINE#         360
  C:3E33H         LINE#         361
  C:3E33H         LINE#         362
  C:3E33H         LINE#         364
  C:3E36H         LINE#         366
  C:3E50H         LINE#         367
  C:3E50H         LINE#         368
  C:3E50H         LINE#         370
  C:3E53H         LINE#         372
  C:3E6DH         LINE#         373
  C:3E74H         LINE#         374
  -------         ENDPROC       SPI_NOR_WRITE_DATA
  -------         ENDMOD        AT25SF041

  -------         MODULE        ?C_STARTUP
  C:4A3CH         SEGMENT       ?C_C51STARTUP
  I:0022H         SEGMENT       ?STACK
  C:0000H         PUBLIC        ?C_STARTUP
  D:00E0H         SYMBOL        ACC
  D:00F0H         SYMBOL        B
  D:0083H         SYMBOL        DPH
  D:0082H         SYMBOL        DPL
  N:0000H         SYMBOL        IBPSTACK
  N:0100H         SYMBOL        IBPSTACKTOP
  N:0080H         SYMBOL        IDATALEN
  C:4A3FH         SYMBOL        IDATALOOP
  N:0000H         SYMBOL        PBPSTACK
  N:0100H         SYMBOL        PBPSTACKTOP
  N:0000H         SYMBOL        PDATALEN
  N:0000H         SYMBOL        PDATASTART
  N:0000H         SYMBOL        PPAGE
  N:0000H         SYMBOL        PPAGEENABLE
  D:00A0H         SYMBOL        PPAGE_SFR
  D:0081H         SYMBOL        SP
  C:4A3CH         SYMBOL        STARTUP1
  N:0000H         SYMBOL        XBPSTACK
  N:0000H         SYMBOL        XBPSTACKTOP
  N:0000H         SYMBOL        XDATALEN
  N:0000H         SYMBOL        XDATASTART
  C:0000H         LINE#         126
BL51 BANKED LINKER/LOCATER V6.22                                                      03/20/2019  11:30:41  PAGE 50


  C:4A3CH         LINE#         133
  C:4A3EH         LINE#         134
  C:4A3FH         LINE#         135
  C:4A40H         LINE#         136
  C:4A42H         LINE#         185
  C:4A45H         LINE#         196
  -------         ENDMOD        ?C_STARTUP

  -------         MODULE        ?C?FPADD
  C:1941H         PUBLIC        ?C?FPADD
  C:193DH         PUBLIC        ?C?FPSUB
  -------         ENDMOD        ?C?FPADD

  -------         MODULE        ?C?FPMUL
  C:1A32H         PUBLIC        ?C?FPMUL
  -------         ENDMOD        ?C?FPMUL

  -------         MODULE        ?C?FPDIV
  C:1B3BH         PUBLIC        ?C?FPDIV
  -------         ENDMOD        ?C?FPDIV

  -------         MODULE        ?C?FPCMP
  C:1BDAH         PUBLIC        ?C?FPCMP
  C:1BD8H         PUBLIC        ?C?FPCMP3
  -------         ENDMOD        ?C?FPCMP

  -------         MODULE        ?C?FPNEG
  C:1C51H         PUBLIC        ?C?FPNEG
  -------         ENDMOD        ?C?FPNEG

  -------         MODULE        ?C?FCAST
  C:1C6CH         PUBLIC        ?C?FCASTC
  C:1C67H         PUBLIC        ?C?FCASTI
  C:1C62H         PUBLIC        ?C?FCASTL
  -------         ENDMOD        ?C?FCAST

  -------         MODULE        ?C?CASTF
  C:1CA0H         PUBLIC        ?C?CASTF
  -------         ENDMOD        ?C?CASTF

  -------         MODULE        ATAN2
  X:04DBH         PUBLIC        ?_atan2?BYTE
  C:4903H         PUBLIC        _atan2
  -------         ENDMOD        ATAN2

  -------         MODULE        SIN
  C:3EDAH         PUBLIC        _COS
  C:3EF0H         PUBLIC        _SIN
  C:3F2CH         PUBLIC        _TAN
  -------         ENDMOD        SIN

  -------         MODULE        ACOS
  C:4DA3H         PUBLIC        _ACOS
  -------         ENDMOD        ACOS

  -------         MODULE        ASIN
  C:4EB1H         PUBLIC        _ASIN
BL51 BANKED LINKER/LOCATER V6.22                                                      03/20/2019  11:30:41  PAGE 51


  -------         ENDMOD        ASIN

  -------         MODULE        SQRT
  C:47BAH         PUBLIC        _SQRT
  -------         ENDMOD        SQRT

  -------         MODULE        ATAN
  C:419CH         PUBLIC        _ATAN
  -------         ENDMOD        ATAN

  -------         MODULE        ?C?COPY
  C:1E3EH         PUBLIC        ?C?COPY
  -------         ENDMOD        ?C?COPY

  -------         MODULE        ?C?CLDPTR
  C:1E64H         PUBLIC        ?C?CLDPTR
  -------         ENDMOD        ?C?CLDPTR

  -------         MODULE        ?C?CLDOPTR
  C:1E7DH         PUBLIC        ?C?CLDOPTR
  -------         ENDMOD        ?C?CLDOPTR

  -------         MODULE        ?C?CSTPTR
  C:1EAAH         PUBLIC        ?C?CSTPTR
  -------         ENDMOD        ?C?CSTPTR

  -------         MODULE        ?C?IMUL
  C:1EBCH         PUBLIC        ?C?IMUL
  -------         ENDMOD        ?C?IMUL

  -------         MODULE        ?C?UIDIV
  C:1ECEH         PUBLIC        ?C?UIDIV
  -------         ENDMOD        ?C?UIDIV

  -------         MODULE        ?C?SIDIV
  C:1F23H         PUBLIC        ?C?SIDIV
  -------         ENDMOD        ?C?SIDIV

  -------         MODULE        ?C?ILDIX
  C:1F59H         PUBLIC        ?C?ILDIX
  -------         ENDMOD        ?C?ILDIX

  -------         MODULE        ?C?ILDOPTR
  C:1F6FH         PUBLIC        ?C?ILDOPTR
  -------         ENDMOD        ?C?ILDOPTR

  -------         MODULE        ?C?ISTPTR
  C:1FA7H         PUBLIC        ?C?ISTPTR
  -------         ENDMOD        ?C?ISTPTR

  -------         MODULE        ?C?LMUL
  C:1FC6H         PUBLIC        ?C?LMUL
  -------         ENDMOD        ?C?LMUL

  -------         MODULE        ?C?SLDIV
  C:4DEDH         PUBLIC        ?C?SLDIV
  -------         ENDMOD        ?C?SLDIV
BL51 BANKED LINKER/LOCATER V6.22                                                      03/20/2019  11:30:41  PAGE 52



  -------         MODULE        ?C?LNEG
  C:2015H         PUBLIC        ?C?LNEG
  -------         ENDMOD        ?C?LNEG

  -------         MODULE        ?C?ULCMP
  C:2023H         PUBLIC        ?C?ULCMP
  -------         ENDMOD        ?C?ULCMP

  -------         MODULE        ?C?LSHL
  C:2034H         PUBLIC        ?C?LSHL
  -------         ENDMOD        ?C?LSHL

  -------         MODULE        ?C?LLDPTR
  C:2047H         PUBLIC        ?C?LLDPTR
  -------         ENDMOD        ?C?LLDPTR

  -------         MODULE        ?C?LLDOPTR
  C:2067H         PUBLIC        ?C?LLDOPTR
  -------         ENDMOD        ?C?LLDOPTR

  -------         MODULE        ?C?LSTPTR
  C:2097H         PUBLIC        ?C?LSTPTR
  -------         ENDMOD        ?C?LSTPTR

  -------         MODULE        ?C?LSTOPTR
  C:20B1H         PUBLIC        ?C?LSTOPTR
  -------         ENDMOD        ?C?LSTOPTR

  -------         MODULE        ?C?LLDXDATA
  C:20D5H         PUBLIC        ?C?LLDXDATA
  -------         ENDMOD        ?C?LLDXDATA

  -------         MODULE        ?C?LLDCODE
  C:20E1H         PUBLIC        ?C?LLDCODE
  -------         ENDMOD        ?C?LLDCODE

  -------         MODULE        ?C?LLDXDATA0
  C:20F1H         PUBLIC        ?C?LLDXDATA0
  -------         ENDMOD        ?C?LLDXDATA0

  -------         MODULE        ?C?LLDCODE0
  C:20FDH         PUBLIC        ?C?LLDCODE0
  -------         ENDMOD        ?C?LLDCODE0

  -------         MODULE        ?C?LLDPTR0
  C:210DH         PUBLIC        ?C?LLDPTR0
  -------         ENDMOD        ?C?LLDPTR0

  -------         MODULE        ?C?LSTXDATA
  C:212DH         PUBLIC        ?C?LSTXDATA
  -------         ENDMOD        ?C?LSTXDATA

  -------         MODULE        ?C?LSTKXDATA
  C:2139H         PUBLIC        ?C?LSTKXDATA
  -------         ENDMOD        ?C?LSTKXDATA

BL51 BANKED LINKER/LOCATER V6.22                                                      03/20/2019  11:30:41  PAGE 53


  -------         MODULE        ?C?LSTKPTR
  C:216AH         PUBLIC        ?C?LSTKPTR
  -------         ENDMOD        ?C?LSTKPTR

  -------         MODULE        ?C?OFFXADD
  C:2184H         PUBLIC        ?C?OFFXADD
  -------         ENDMOD        ?C?OFFXADD

  -------         MODULE        ATOI
  C:44B0H         PUBLIC        _atoi
  -------         ENDMOD        ATOI

  -------         MODULE        ?C?IILDX
  C:2190H         PUBLIC        ?C?IILDX
  -------         ENDMOD        ?C?IILDX

  -------         MODULE        ?C?ULDIV
  C:21E2H         PUBLIC        ?C?ULDIV
  -------         ENDMOD        ?C?ULDIV

  -------         MODULE        ?C?LLDIDATA
  C:2274H         PUBLIC        ?C?LLDIDATA
  -------         ENDMOD        ?C?LLDIDATA

  -------         MODULE        ?C?LLDPDATA
  C:2280H         PUBLIC        ?C?LLDPDATA
  -------         ENDMOD        ?C?LLDPDATA

  -------         MODULE        ?C?LLDIDATA0
  C:228CH         PUBLIC        ?C?LLDIDATA0
  -------         ENDMOD        ?C?LLDIDATA0

  -------         MODULE        ?C?LLDPDATA0
  C:2299H         PUBLIC        ?C?LLDPDATA0
  -------         ENDMOD        ?C?LLDPDATA0

  -------         MODULE        ?C?LSTIDATA
  C:22A6H         PUBLIC        ?C?LSTIDATA
  -------         ENDMOD        ?C?LSTIDATA

  -------         MODULE        ?C?LSTPDATA
  C:22B2H         PUBLIC        ?C?LSTPDATA
  -------         ENDMOD        ?C?LSTPDATA

  -------         MODULE        ?C?LSTKIDATA
  C:22BEH         PUBLIC        ?C?LSTKIDATA
  -------         ENDMOD        ?C?LSTKIDATA

  -------         MODULE        ?C?LSTKPDATA
  C:22D7H         PUBLIC        ?C?LSTKPDATA
  -------         ENDMOD        ?C?LSTKPDATA

  -------         MODULE        ISDIGIT
  C:51C5H         PUBLIC        _isdigit
  -------         ENDMOD        ISDIGIT

  -------         MODULE        ISSPACE
BL51 BANKED LINKER/LOCATER V6.22                                                      03/20/2019  11:30:41  PAGE 54


  C:5160H         PUBLIC        _isspace
  -------         ENDMOD        ISSPACE

*** WARNING L16: UNCALLED SEGMENT, IGNORED FOR OVERLAY PROCESS
    SEGMENT: ?PR?_DAY_OF_YEAR?PCF85063BTL

*** WARNING L16: UNCALLED SEGMENT, IGNORED FOR OVERLAY PROCESS
    SEGMENT: ?PR?INITUART1?UART1

*** WARNING L16: UNCALLED SEGMENT, IGNORED FOR OVERLAY PROCESS
    SEGMENT: ?PR?_SENDSTRING?UART1

*** WARNING L16: UNCALLED SEGMENT, IGNORED FOR OVERLAY PROCESS
    SEGMENT: ?PR?_TEN?UART1

*** WARNING L16: UNCALLED SEGMENT, IGNORED FOR OVERLAY PROCESS
    SEGMENT: ?PR?_UNIT?UART1

*** WARNING L16: UNCALLED SEGMENT, IGNORED FOR OVERLAY PROCESS
    SEGMENT: ?PR?_DECTOBCD?UART1

*** WARNING L16: UNCALLED SEGMENT, IGNORED FOR OVERLAY PROCESS
    SEGMENT: ?PR?_ASCII_LETTER?UART1

*** WARNING L16: UNCALLED SEGMENT, IGNORED FOR OVERLAY PROCESS
    SEGMENT: ?PR?_ASCIITOBCD?UART1

*** WARNING L16: UNCALLED SEGMENT, IGNORED FOR OVERLAY PROCESS
    SEGMENT: ?PR?WAIT?BIPOLARMOTOR

*** WARNING L16: UNCALLED SEGMENT, IGNORED FOR OVERLAY PROCESS
    SEGMENT: ?PR?_FINDDET4X4?BIPOLARMOTOR

*** WARNING L16: UNCALLED SEGMENT, IGNORED FOR OVERLAY PROCESS
    SEGMENT: ?PR?NOP?IOEXPANDER_PI4IOE5V96248

*** WARNING L16: UNCALLED SEGMENT, IGNORED FOR OVERLAY PROCESS
    SEGMENT: ?PR?UC_ACK?IOEXPANDER_PI4IOE5V96248

*** WARNING L16: UNCALLED SEGMENT, IGNORED FOR OVERLAY PROCESS
    SEGMENT: ?PR?UC_NACK?IOEXPANDER_PI4IOE5V96248

*** WARNING L16: UNCALLED SEGMENT, IGNORED FOR OVERLAY PROCESS
    SEGMENT: ?PR?_AT25SF041_READ?AT25SF041

*** WARNING L1: UNRESOLVED EXTERNAL SYMBOL
    SYMBOL:  AUTO_MODE
    MODULE:  .\Obj\main.obj (MAIN)

*** WARNING L1: UNRESOLVED EXTERNAL SYMBOL
    SYMBOL:  SPI_NOR_CLEARENABLE
    MODULE:  .\Obj\main.obj (MAIN)

*** WARNING L2: REFERENCE MADE TO UNRESOLVED EXTERNAL
    SYMBOL:  AUTO_MODE
    MODULE:  .\Obj\main.obj (MAIN)
    ADDRESS: 003BH
BL51 BANKED LINKER/LOCATER V6.22                                                      03/20/2019  11:30:41  PAGE 55



*** WARNING L2: REFERENCE MADE TO UNRESOLVED EXTERNAL
    SYMBOL:  SPI_NOR_CLEARENABLE
    MODULE:  .\Obj\main.obj (MAIN)
    ADDRESS: 0041H

*** WARNING L2: REFERENCE MADE TO UNRESOLVED EXTERNAL
    SYMBOL:  AUTO_MODE
    MODULE:  .\Obj\main.obj (MAIN)
    ADDRESS: 01B4H

*** WARNING L2: REFERENCE MADE TO UNRESOLVED EXTERNAL
    SYMBOL:  AUTO_MODE
    MODULE:  .\Obj\main.obj (MAIN)
    ADDRESS: 01C2H

*** WARNING L2: REFERENCE MADE TO UNRESOLVED EXTERNAL
    SYMBOL:  AUTO_MODE
    MODULE:  .\Obj\main.obj (MAIN)
    ADDRESS: 01D4H

*** WARNING L2: REFERENCE MADE TO UNRESOLVED EXTERNAL
    SYMBOL:  AUTO_MODE
    MODULE:  .\Obj\main.obj (MAIN)
    ADDRESS: 0216H

*** WARNING L2: REFERENCE MADE TO UNRESOLVED EXTERNAL
    SYMBOL:  AUTO_MODE
    MODULE:  .\Obj\main.obj (MAIN)
    ADDRESS: 02E9H

*** WARNING L2: REFERENCE MADE TO UNRESOLVED EXTERNAL
    SYMBOL:  SPI_NOR_CLEARENABLE
    MODULE:  .\Obj\main.obj (MAIN)
    ADDRESS: 0DA5H

*** WARNING L2: REFERENCE MADE TO UNRESOLVED EXTERNAL
    SYMBOL:  SPI_NOR_CLEARENABLE
    MODULE:  .\Obj\main.obj (MAIN)
    ADDRESS: 0E0EH

*** WARNING L1: UNRESOLVED EXTERNAL SYMBOL
    SYMBOL:  _SENDUART1
    MODULE:  .\Obj\UART1.obj (UART1)

*** WARNING L2: REFERENCE MADE TO UNRESOLVED EXTERNAL
    SYMBOL:  _SENDUART1
    MODULE:  .\Obj\UART1.obj (UART1)
    ADDRESS: 4F1AH

*** WARNING L1: UNRESOLVED EXTERNAL SYMBOL
    SYMBOL:  AUTO_MODE
    MODULE:  .\Obj\KeyPad.obj (KEYPAD)

*** WARNING L1: UNRESOLVED EXTERNAL SYMBOL
    SYMBOL:  SPI_NOR_CLEARENABLE
    MODULE:  .\Obj\KeyPad.obj (KEYPAD)
BL51 BANKED LINKER/LOCATER V6.22                                                      03/20/2019  11:30:41  PAGE 56



*** WARNING L2: REFERENCE MADE TO UNRESOLVED EXTERNAL
    SYMBOL:  AUTO_MODE
    MODULE:  .\Obj\KeyPad.obj (KEYPAD)
    ADDRESS: 32C0H

*** WARNING L2: REFERENCE MADE TO UNRESOLVED EXTERNAL
    SYMBOL:  AUTO_MODE
    MODULE:  .\Obj\KeyPad.obj (KEYPAD)
    ADDRESS: 32CBH

*** WARNING L2: REFERENCE MADE TO UNRESOLVED EXTERNAL
    SYMBOL:  AUTO_MODE
    MODULE:  .\Obj\KeyPad.obj (KEYPAD)
    ADDRESS: 32D2H

*** WARNING L2: REFERENCE MADE TO UNRESOLVED EXTERNAL
    SYMBOL:  SPI_NOR_CLEARENABLE
    MODULE:  .\Obj\KeyPad.obj (KEYPAD)
    ADDRESS: 34A6H

*** WARNING L2: REFERENCE MADE TO UNRESOLVED EXTERNAL
    SYMBOL:  SPI_NOR_CLEARENABLE
    MODULE:  .\Obj\KeyPad.obj (KEYPAD)
    ADDRESS: 34ABH

Program Size: data=10.2 xdata=1598 code=21011
LINK/LOCATE RUN COMPLETE.  34 WARNING(S),  0 ERROR(S)
