BL51 BANKED LINKER/LOCATER V6.22                                                        02/21/2019  13:50:48  PAGE 1


BL51 BANKED LINKER/LOCATER V6.22, INVOKED BY:
C:\KEIL_V5\C51\BIN\BL51.EXE .\Obj\main.obj, .\Obj\PCF85063BTL.obj, .\Obj\UART1.obj, .\Obj\LCd_Driver_SPLC780D.obj, .\Obj
>> \KeyPad.obj, .\Obj\BipolarMotor.obj, .\Obj\SunPos.obj, .\Obj\ADC.obj, .\Obj\Calibration.obj, .\Obj\IOExpander_PI4IOE5
>> V96248.obj, .\Obj\AT25SF041.obj, .\Obj\STARTUP.obj TO .\Obj\GPIO_RTC_Test PRINT (.\Lis\GPIO_RTC_Test.m51) RAMSIZE (25
>> 6)


MEMORY MODEL: LARGE WITH FLOATING POINT ARITHMETIC


INPUT MODULES INCLUDED:
  .\Obj\main.obj (MAIN)
  .\Obj\PCF85063BTL.obj (PCF85063BTL)
  .\Obj\UART1.obj (UART1)
  .\Obj\LCd_Driver_SPLC780D.obj (LCD_DRIVER_SPLC780D)
  .\Obj\KeyPad.obj (KEYPAD)
  .\Obj\BipolarMotor.obj (BIPOLARMOTOR)
  .\Obj\SunPos.obj (SUNPOS)
  .\Obj\ADC.obj (ADC)
  .\Obj\Calibration.obj (CALIBRATION)
  .\Obj\IOExpander_PI4IOE5V96248.obj (IOEXPANDER_PI4IOE5V96248)
  .\Obj\AT25SF041.obj (AT25SF041)
  .\Obj\STARTUP.obj (?C_STARTUP)
  C:\KEIL_V5\C51\LIB\C51FPL.LIB (?C?FPADD)
  C:\KEIL_V5\C51\LIB\C51FPL.LIB (?C?FPMUL)
  C:\KEIL_V5\C51\LIB\C51FPL.LIB (?C?FPDIV)
  C:\KEIL_V5\C51\LIB\C51FPL.LIB (?C?FPCMP)
  C:\KEIL_V5\C51\LIB\C51FPL.LIB (?C?FPNEG)
  C:\KEIL_V5\C51\LIB\C51FPL.LIB (?C?FCAST)
  C:\KEIL_V5\C51\LIB\C51FPL.LIB (?C?CASTF)
  C:\KEIL_V5\C51\LIB\C51FPL.LIB (ATAN2)
  C:\KEIL_V5\C51\LIB\C51FPL.LIB (SIN)
  C:\KEIL_V5\C51\LIB\C51FPL.LIB (ACOS)
  C:\KEIL_V5\C51\LIB\C51FPL.LIB (ASIN)
  C:\KEIL_V5\C51\LIB\C51FPL.LIB (?C?FPGETOPN)
  C:\KEIL_V5\C51\LIB\C51FPL.LIB (?C?FPSERIES)
  C:\KEIL_V5\C51\LIB\C51FPL.LIB (SQRT)
  C:\KEIL_V5\C51\LIB\C51FPL.LIB (ATAN)
  C:\KEIL_V5\C51\LIB\C51L.LIB (?C_INIT)
  C:\KEIL_V5\C51\LIB\C51L.LIB (?C?COPY)
  C:\KEIL_V5\C51\LIB\C51L.LIB (?C?CLDPTR)
  C:\KEIL_V5\C51\LIB\C51L.LIB (?C?CLDOPTR)
  C:\KEIL_V5\C51\LIB\C51L.LIB (?C?CSTPTR)
  C:\KEIL_V5\C51\LIB\C51L.LIB (?C?IMUL)
  C:\KEIL_V5\C51\LIB\C51L.LIB (?C?UIDIV)
  C:\KEIL_V5\C51\LIB\C51L.LIB (?C?SIDIV)
  C:\KEIL_V5\C51\LIB\C51L.LIB (?C?ILDIX)
  C:\KEIL_V5\C51\LIB\C51L.LIB (?C?ILDOPTR)
  C:\KEIL_V5\C51\LIB\C51L.LIB (?C?ISTPTR)
  C:\KEIL_V5\C51\LIB\C51L.LIB (?C?LMUL)
  C:\KEIL_V5\C51\LIB\C51L.LIB (?C?SLDIV)
  C:\KEIL_V5\C51\LIB\C51L.LIB (?C?LNEG)
  C:\KEIL_V5\C51\LIB\C51L.LIB (?C?ULCMP)
  C:\KEIL_V5\C51\LIB\C51L.LIB (?C?LSHL)
  C:\KEIL_V5\C51\LIB\C51L.LIB (?C?LLDPTR)
  C:\KEIL_V5\C51\LIB\C51L.LIB (?C?LLDOPTR)
  C:\KEIL_V5\C51\LIB\C51L.LIB (?C?LSTPTR)
  C:\KEIL_V5\C51\LIB\C51L.LIB (?C?LSTOPTR)
BL51 BANKED LINKER/LOCATER V6.22                                                      02/21/2019  13:50:48  PAGE 2


  C:\KEIL_V5\C51\LIB\C51L.LIB (?C?LLDXDATA)
  C:\KEIL_V5\C51\LIB\C51L.LIB (?C?LLDCODE)
  C:\KEIL_V5\C51\LIB\C51L.LIB (?C?LLDXDATA0)
  C:\KEIL_V5\C51\LIB\C51L.LIB (?C?LLDCODE0)
  C:\KEIL_V5\C51\LIB\C51L.LIB (?C?LLDPTR0)
  C:\KEIL_V5\C51\LIB\C51L.LIB (?C?LSTXDATA)
  C:\KEIL_V5\C51\LIB\C51L.LIB (?C?LSTKXDATA)
  C:\KEIL_V5\C51\LIB\C51L.LIB (?C?LSTKPTR)
  C:\KEIL_V5\C51\LIB\C51L.LIB (?C?OFFXADD)
  C:\KEIL_V5\C51\LIB\C51L.LIB (ABS)
  C:\KEIL_V5\C51\LIB\C51L.LIB (ATOI)
  C:\KEIL_V5\C51\LIB\C51L.LIB (?C?IILDX)
  C:\KEIL_V5\C51\LIB\C51L.LIB (?C?ULDIV)
  C:\KEIL_V5\C51\LIB\C51L.LIB (?C?LLDIDATA)
  C:\KEIL_V5\C51\LIB\C51L.LIB (?C?LLDPDATA)
  C:\KEIL_V5\C51\LIB\C51L.LIB (?C?LLDIDATA0)
  C:\KEIL_V5\C51\LIB\C51L.LIB (?C?LLDPDATA0)
  C:\KEIL_V5\C51\LIB\C51L.LIB (?C?LSTIDATA)
  C:\KEIL_V5\C51\LIB\C51L.LIB (?C?LSTPDATA)
  C:\KEIL_V5\C51\LIB\C51L.LIB (?C?LSTKIDATA)
  C:\KEIL_V5\C51\LIB\C51L.LIB (?C?LSTKPDATA)
  C:\KEIL_V5\C51\LIB\C51L.LIB (ISDIGIT)
  C:\KEIL_V5\C51\LIB\C51L.LIB (ISSPACE)


LINK MAP OF MODULE:  .\Obj\GPIO_RTC_Test (MAIN)


            TYPE    BASE      LENGTH    RELOCATION   SEGMENT NAME
            -----------------------------------------------------

            * * * * * * *   D A T A   M E M O R Y   * * * * * * *
            REG     0000H     0008H     ABSOLUTE     "REG BANK 0"
                    0008H     0018H                  *** GAP ***
            BIT     0020H.0   0000H.5   UNIT         ?BI?KEYPAD
            BIT     0020H.5   0000H.3   UNIT         _BIT_GROUP_
            BIT     0021H.0   0000H.1   UNIT         ?BI?MAIN
            BIT     0021H.1   0000H.1   UNIT         ?BI?_ATOI?ATOI
                    0021H.2   0000H.6                *** GAP ***
            IDATA   0022H     0001H     UNIT         ?STACK

            * * * * * * *  X D A T A   M E M O R Y  * * * * * * *
            XDATA   0000H     038FH     UNIT         ?XD?BIPOLARMOTOR
            XDATA   038FH     0152H     UNIT         _XDATA_GROUP_
            XDATA   04E1H     00D4H     UNIT         ?XD?MAIN
            XDATA   05B5H     0040H     UNIT         ?XD?_FINDDET4X4?BIPOLARMOTOR
            XDATA   05F5H     0024H     UNIT         ?XD?_FINDDET3X3?BIPOLARMOTOR
            XDATA   0619H     0009H     UNIT         ?XD?KEYPAD
            XDATA   0622H     0008H     UNIT         ?XD?_AT25SF041_READ?AT25SF041
            XDATA   062AH     0005H     UNIT         ?XD?_ATOI?ATOI
            XDATA   062FH     0004H     UNIT         ?XD?_DISPLAY_PROX?MAIN
            XDATA   0633H     0003H     UNIT         ?XD?_SENDSTRING?UART1
            XDATA   0636H     0001H     UNIT         ?XD?UC_ACK?IOEXPANDER_PI4IOE5V96248
            XDATA   0637H     0001H     UNIT         ?XD?UC_NACK?IOEXPANDER_PI4IOE5V96248

            * * * * * * *   C O D E   M E M O R Y   * * * * * * *
            CODE    0000H     0003H     ABSOLUTE     
BL51 BANKED LINKER/LOCATER V6.22                                                      02/21/2019  13:50:48  PAGE 3


            CODE    0003H     0006H     UNIT         ?PR?_TEN?UART1
            CODE    0009H     0001H     UNIT         ?PR?TM0_ISR?MAIN
            CODE    000AH     0001H     UNIT         ?PR?_DECTOBCD?UART1
            CODE    000BH     0003H     ABSOLUTE     
            CODE    000EH     0B00H     UNIT         ?PR?_UPDATE_POSITION?BIPOLARMOTOR
            CODE    0B0EH     09C8H     UNIT         ?PR?MAIN?MAIN
            CODE    14D6H     09B6H     UNIT         ?C?LIB_CODE
            CODE    1E8CH     07A2H     UNIT         ?PR?SUNPOS?SUNPOS
            CODE    262EH     03F2H     UNIT         ?C_INITSEG
            CODE    2A20H     0309H     UNIT         ?PR?_FIND_REAL_MAX?CALIBRATION
            CODE    2D29H     02C0H     UNIT         ?PR?_FINDDET4X4?BIPOLARMOTOR
            CODE    2FE9H     02A0H     UNIT         ?PR?KEY_PROCESS?KEYPAD
            CODE    3289H     01DFH     UNIT         ?PR?SPI_NOR_WRITE_DATA?AT25SF041
            CODE    3468H     01D1H     UNIT         ?PR?_FINDDET3X3?BIPOLARMOTOR
            CODE    3639H     018DH     UNIT         ?PR?KEY_SCAN?KEYPAD
            CODE    37C6H     0188H     UNIT         ?PR?SIN?SIN
            CODE    394EH     0172H     UNIT         ?PR?_DISPLAY_POS?MAIN
            CODE    3AC0H     013CH     UNIT         ?PR?_CALIBRATION?CALIBRATION
            CODE    3BFCH     0122H     UNIT         ?PR?ATAN?ATAN
            CODE    3D1EH     0106H     UNIT         ?PR?_AT25SF041_READ?AT25SF041
            CODE    3E24H     00FBH     UNIT         ?PR?_AT25SF041_WRITE?AT25SF041
            CODE    3F1FH     00DBH     UNIT         ?PR?_ATOI?ATOI
            CODE    3FFAH     00C3H     UNIT         ?PR?LINEAR_INTERPOLATE?BIPOLARMOTOR
            CODE    40BDH     00BBH     UNIT         ?PR?VOLTAGE_IS_STABLE?CALIBRATION
            CODE    4178H     00ADH     UNIT         ?PR?_WRITE_PI4IOE5V96248?IOEXPANDER_PI4IOE5V96248
            CODE    4225H     00ACH     UNIT         ?PR?SQRT?SQRT
            CODE    42D1H     00A1H     UNIT         ?PR?READ_STATUS_REGISTER_BYTE1?AT25SF041
            CODE    4372H     009DH     UNIT         ?PR?_ATAN2?ATAN2
            CODE    440FH     009CH     UNIT         ?PR?_MAX_VALUE?CALIBRATION
            CODE    44ABH     0095H     UNIT         ?PR?_DISPLAY_PROX?MAIN
            CODE    4540H     008CH     UNIT         ?C_C51STARTUP
            CODE    45CCH     0084H     UNIT         ?PR?_DAY_OF_YEAR?PCF85063BTL
            CODE    4650H     0075H     UNIT         ?PR?_WRITEDATA?LCD_DRIVER_SPLC780D
            CODE    46C5H     006FH     UNIT         ?PR?_READ_TIME?PCF85063BTL
            CODE    4734H     006EH     UNIT         ?PR?AT25SF041_WRITEENABLE?AT25SF041
            CODE    47A2H     005AH     UNIT         ?PR?AT25SF041_CHIPERASE?AT25SF041
            CODE    47FCH     0059H     UNIT         ?PR?LCD_INIT?LCD_DRIVER_SPLC780D
            CODE    4855H     004AH     UNIT         ?PR?VONESTEPMOVE?BIPOLARMOTOR
            CODE    489FH     004AH     UNIT         ?PR?ACOS?ACOS
            CODE    48E9H     0044H     UNIT         ?C?LDIV
            CODE    492DH     0040H     UNIT         ?PR?_COMMAND?LCD_DRIVER_SPLC780D
            CODE    496DH     0040H     UNIT         ?PR?_STEP_MOVE?BIPOLARMOTOR
            CODE    49ADH     003BH     UNIT         ?PR?ASIN?ASIN
            CODE    49E8H     0033H     UNIT         ?PR?_SENDSTRING?UART1
            CODE    4A1BH     002CH     UNIT         ?PR?_ADC_GETRESULT?ADC
            CODE    4A47H     002BH     UNIT         ?PR?_WAIT_MS_I2C?IOEXPANDER_PI4IOE5V96248
            CODE    4A72H     002BH     UNIT         ?PR?_WAIT_MS_SPINOR?AT25SF041
            CODE    4A9DH     0028H     UNIT         ?PR?_MOVE?BIPOLARMOTOR
            CODE    4AC5H     0027H     UNIT         ?PR?_I2C_SENDBYTE?IOEXPANDER_PI4IOE5V96248
            CODE    4AECH     0024H     UNIT         ?PR?_WAIT_MS?LCD_DRIVER_SPLC780D
            CODE    4B10H     0020H     UNIT         ?PR?_SPI_SENDBYTE?PCF85063BTL
            CODE    4B30H     0020H     UNIT         ?PR?SPI_RECEIVEBYTE?PCF85063BTL
            CODE    4B50H     001FH     UNIT         ?PR?ADC_INIT?ADC
            CODE    4B6FH     001EH     UNIT         ?PR?_DELAY_MS?KEYPAD
            CODE    4B8DH     001DH     UNIT         ?PR?_DISPLAYLCD?LCD_DRIVER_SPLC780D
            CODE    4BAAH     001BH     UNIT         ?PR?_BCDTODEC1?BIPOLARMOTOR
            CODE    4BC5H     0018H     UNIT         ?PR?_SPI_WRITETIME?PCF85063BTL
BL51 BANKED LINKER/LOCATER V6.22                                                      02/21/2019  13:50:48  PAGE 4


            CODE    4BDDH     0017H     UNIT         ?PR?_ASCIITOBCD?UART1
            CODE    4BF4H     0016H     UNIT         ?PR?I2C_ACK?IOEXPANDER_PI4IOE5V96248
            CODE    4C0AH     0015H     UNIT         ?PR?_DISPLAY_LINE?LCD_DRIVER_SPLC780D
            CODE    4C1FH     0015H     UNIT         ?PR?I2C_STOP?IOEXPANDER_PI4IOE5V96248
            CODE    4C34H     0014H     UNIT         ?PR?_PCF85063BTL_DELAY?PCF85063BTL
            CODE    4C48H     0014H     UNIT         ?PR?_ISSPACE?ISSPACE
            CODE    4C5CH     0011H     UNIT         ?PR?_SPI_READTIME?PCF85063BTL
            CODE    4C6DH     0011H     UNIT         ?PR?_BCDTODEC?PCF85063BTL
            CODE    4C7EH     0011H     UNIT         ?PR?INITUART1?UART1
            CODE    4C8FH     000FH     UNIT         ?PR?I2C_START?IOEXPANDER_PI4IOE5V96248
            CODE    4C9EH     000FH     UNIT         ?PR?UC_NACK?IOEXPANDER_PI4IOE5V96248
            CODE    4CADH     000FH     UNIT         ?PR?_ISDIGIT?ISDIGIT
            CODE    4CBCH     000DH     UNIT         ?PR?SPI_INIT?PCF85063BTL
            CODE    4CC9H     000CH     UNIT         ?PR?KEYPAD_IO_INIT?KEYPAD
            CODE    4CD5H     000CH     UNIT         ?PR?_ABS?ABS
            CODE    4CE1H     000AH     UNIT         ?PR?LCD_RETURN_HOME?LCD_DRIVER_SPLC780D
            CODE    4CEBH     000AH     UNIT         ?PR?LCD_CLEAR?LCD_DRIVER_SPLC780D
            CODE    4CF5H     0006H     UNIT         ?PR?UC_ACK?IOEXPANDER_PI4IOE5V96248
            CODE    4CFBH     0005H     UNIT         ?PR?_UNIT?UART1
            CODE    4D00H     0005H     UNIT         ?PR?_ASCII_LETTER?UART1
            CODE    4D05H     0001H     UNIT         ?PR?WAIT?BIPOLARMOTOR
            CODE    4D06H     0001H     UNIT         ?PR?NOP?IOEXPANDER_PI4IOE5V96248



OVERLAY MAP OF MODULE:   .\Obj\GPIO_RTC_Test (MAIN)


SEGMENT                                             BIT_GROUP          XDATA_GROUP
  +--> CALLED SEGMENT                            START    LENGTH     START    LENGTH
------------------------------------------------------------------------------------
?C_C51STARTUP                                    -----    -----      -----    -----
  +--> ?PR?MAIN?MAIN
  +--> ?C_INITSEG

?PR?MAIN?MAIN                                    -----    -----      038FH    0031H
  +--> ?PR?LCD_INIT?LCD_DRIVER_SPLC780D
  +--> ?PR?SPI_INIT?PCF85063BTL
  +--> ?PR?KEYPAD_IO_INIT?KEYPAD
  +--> ?PR?ADC_INIT?ADC
  +--> ?PR?_SPI_WRITETIME?PCF85063BTL
  +--> ?PR?_DELAY_MS?KEYPAD
  +--> ?PR?_DISPLAY_LINE?LCD_DRIVER_SPLC780D
  +--> ?PR?_WRITEDATA?LCD_DRIVER_SPLC780D
  +--> ?PR?KEY_PROCESS?KEYPAD
  +--> ?PR?_COMMAND?LCD_DRIVER_SPLC780D
  +--> ?PR?_DISPLAY_POS?MAIN
  +--> ?PR?_DISPLAYLCD?LCD_DRIVER_SPLC780D
  +--> ?PR?_STEP_MOVE?BIPOLARMOTOR
  +--> ?PR?LCD_RETURN_HOME?LCD_DRIVER_SPLC780D
  +--> ?PR?_READ_TIME?PCF85063BTL
  +--> ?PR?_ADC_GETRESULT?ADC
  +--> ?PR?_BCDTODEC1?BIPOLARMOTOR
  +--> ?PR?_CALIBRATION?CALIBRATION
  +--> ?PR?SPI_NOR_WRITE_DATA?AT25SF041
  +--> ?PR?LINEAR_INTERPOLATE?BIPOLARMOTOR
  +--> ?PR?_UPDATE_POSITION?BIPOLARMOTOR
BL51 BANKED LINKER/LOCATER V6.22                                                      02/21/2019  13:50:48  PAGE 5



?PR?LCD_INIT?LCD_DRIVER_SPLC780D                 -----    -----      -----    -----
  +--> ?PR?_WAIT_MS?LCD_DRIVER_SPLC780D
  +--> ?PR?_COMMAND?LCD_DRIVER_SPLC780D

?PR?_COMMAND?LCD_DRIVER_SPLC780D                 -----    -----      -----    -----
  +--> ?PR?_WAIT_MS?LCD_DRIVER_SPLC780D

?PR?ADC_INIT?ADC                                 -----    -----      -----    -----
  +--> ?PR?_WAIT_MS?LCD_DRIVER_SPLC780D

?PR?_SPI_WRITETIME?PCF85063BTL                   -----    -----      -----    -----
  +--> ?PR?_SPI_SENDBYTE?PCF85063BTL

?PR?_SPI_SENDBYTE?PCF85063BTL                    -----    -----      -----    -----
  +--> ?PR?_PCF85063BTL_DELAY?PCF85063BTL

?PR?_DISPLAY_LINE?LCD_DRIVER_SPLC780D            -----    -----      -----    -----
  +--> ?PR?_COMMAND?LCD_DRIVER_SPLC780D

?PR?_WRITEDATA?LCD_DRIVER_SPLC780D               -----    -----      046DH    0001H
  +--> ?PR?_WAIT_MS?LCD_DRIVER_SPLC780D

?PR?KEY_PROCESS?KEYPAD                           -----    -----      03C0H    0006H
  +--> ?PR?KEY_SCAN?KEYPAD
  +--> ?PR?_SPI_WRITETIME?PCF85063BTL
  +--> ?PR?LCD_CLEAR?LCD_DRIVER_SPLC780D
  +--> ?PR?_COMMAND?LCD_DRIVER_SPLC780D
  +--> ?PR?_WRITEDATA?LCD_DRIVER_SPLC780D

?PR?KEY_SCAN?KEYPAD                              -----    -----      03C6H    0003H

?PR?LCD_CLEAR?LCD_DRIVER_SPLC780D                -----    -----      -----    -----
  +--> ?PR?_COMMAND?LCD_DRIVER_SPLC780D

?PR?_DISPLAY_POS?MAIN                            -----    -----      0463H    000AH
  +--> ?PR?_ABS?ABS
  +--> ?PR?_WRITEDATA?LCD_DRIVER_SPLC780D

?PR?_DISPLAYLCD?LCD_DRIVER_SPLC780D              -----    -----      03C0H    0001H
  +--> ?PR?_WRITEDATA?LCD_DRIVER_SPLC780D

?PR?_STEP_MOVE?BIPOLARMOTOR                      0020H.6  0000H.1    047CH    0004H
  +--> ?PR?VONESTEPMOVE?BIPOLARMOTOR

?PR?VONESTEPMOVE?BIPOLARMOTOR                    0020H.7  0000H.1    -----    -----
  +--> ?PR?_WRITE_PI4IOE5V96248?IOEXPANDER_P...
  +--> ?PR?_DELAY_MS?KEYPAD

?PR?_WRITE_PI4IOE5V96248?IOEXPANDER_P...         -----    -----      0480H    0003H
  +--> ?PR?I2C_START?IOEXPANDER_PI4IOE5V96248
  +--> ?PR?_WAIT_MS_I2C?IOEXPANDER_PI4IOE5V9...
  +--> ?PR?_I2C_SENDBYTE?IOEXPANDER_PI4IOE5V...
  +--> ?PR?I2C_ACK?IOEXPANDER_PI4IOE5V96248
  +--> ?PR?I2C_STOP?IOEXPANDER_PI4IOE5V96248

?PR?I2C_START?IOEXPANDER_PI4IOE5V96248           -----    -----      -----    -----
BL51 BANKED LINKER/LOCATER V6.22                                                      02/21/2019  13:50:48  PAGE 6


  +--> ?PR?_WAIT_MS_I2C?IOEXPANDER_PI4IOE5V9...

?PR?_I2C_SENDBYTE?IOEXPANDER_PI4IOE5V...         -----    -----      -----    -----
  +--> ?PR?_WAIT_MS_I2C?IOEXPANDER_PI4IOE5V9...

?PR?I2C_ACK?IOEXPANDER_PI4IOE5V96248             -----    -----      0483H    0001H
  +--> ?PR?_WAIT_MS_I2C?IOEXPANDER_PI4IOE5V9...

?PR?I2C_STOP?IOEXPANDER_PI4IOE5V96248            -----    -----      -----    -----
  +--> ?PR?_WAIT_MS_I2C?IOEXPANDER_PI4IOE5V9...

?PR?LCD_RETURN_HOME?LCD_DRIVER_SPLC780D          -----    -----      -----    -----
  +--> ?PR?_COMMAND?LCD_DRIVER_SPLC780D

?PR?_READ_TIME?PCF85063BTL                       -----    -----      03C0H    000FH
  +--> ?PR?_SPI_READTIME?PCF85063BTL

?PR?_SPI_READTIME?PCF85063BTL                    -----    -----      -----    -----
  +--> ?PR?_SPI_SENDBYTE?PCF85063BTL
  +--> ?PR?SPI_RECEIVEBYTE?PCF85063BTL

?PR?SPI_RECEIVEBYTE?PCF85063BTL                  -----    -----      -----    -----
  +--> ?PR?_PCF85063BTL_DELAY?PCF85063BTL

?PR?_CALIBRATION?CALIBRATION                     -----    -----      03C0H    0019H
  +--> ?PR?VOLTAGE_IS_STABLE?CALIBRATION
  +--> ?PR?_UPDATE_POSITION?BIPOLARMOTOR
  +--> ?PR?_FIND_REAL_MAX?CALIBRATION

?PR?VOLTAGE_IS_STABLE?CALIBRATION                -----    -----      03D9H    0018H
  +--> ?PR?_ADC_GETRESULT?ADC
  +--> ?PR?_ABS?ABS

?PR?_UPDATE_POSITION?BIPOLARMOTOR                -----    -----      03D9H    009FH
  +--> ?PR?_BCDTODEC1?BIPOLARMOTOR
  +--> ?PR?SUNPOS?SUNPOS
  +--> ?PR?SIN?SIN
  +--> ?PR?ASIN?ASIN
  +--> ?PR?LINEAR_INTERPOLATE?BIPOLARMOTOR
  +--> ?PR?_ABS?ABS
  +--> ?PR?_MOVE?BIPOLARMOTOR

?PR?SUNPOS?SUNPOS                                -----    -----      0478H    005DH
  +--> ?PR?SIN?SIN
  +--> ?PR?_ATAN2?ATAN2
  +--> ?PR?ASIN?ASIN
  +--> ?PR?ACOS?ACOS

?PR?SIN?SIN                                      0020H.5  0000H.1    04D5H    0004H

?PR?_ATAN2?ATAN2                                 -----    -----      04D5H    0008H
  +--> ?PR?ATAN?ATAN

?PR?ATAN?ATAN                                    0020H.5  0000H.2    04DDH    0004H

?PR?ASIN?ASIN                                    -----    -----      -----    -----
  +--> ?PR?SQRT?SQRT
BL51 BANKED LINKER/LOCATER V6.22                                                      02/21/2019  13:50:48  PAGE 7


  +--> ?PR?ATAN?ATAN

?PR?SQRT?SQRT                                    -----    -----      04D5H    0004H

?PR?ACOS?ACOS                                    -----    -----      -----    -----
  +--> ?PR?SQRT?SQRT
  +--> ?PR?ATAN?ATAN

?PR?LINEAR_INTERPOLATE?BIPOLARMOTOR              -----    -----      0478H    0014H

?PR?_MOVE?BIPOLARMOTOR                           0020H.5  0000H.1    0478H    0004H
  +--> ?PR?_STEP_MOVE?BIPOLARMOTOR

?PR?_FIND_REAL_MAX?CALIBRATION                   -----    -----      03D9H    008AH
  +--> ?PR?_ADC_GETRESULT?ADC
  +--> ?PR?_MOVE?BIPOLARMOTOR
  +--> ?PR?_COMMAND?LCD_DRIVER_SPLC780D
  +--> ?PR?_WRITEDATA?LCD_DRIVER_SPLC780D
  +--> ?PR?_DISPLAY_POS?MAIN
  +--> ?PR?_WAIT_MS?LCD_DRIVER_SPLC780D
  +--> ?PR?_MAX_VALUE?CALIBRATION

?PR?_MAX_VALUE?CALIBRATION                       -----    -----      0463H    0004H

?PR?SPI_NOR_WRITE_DATA?AT25SF041                 -----    -----      03C0H    000FH
  +--> ?PR?AT25SF041_WRITEENABLE?AT25SF041
  +--> ?PR?_WAIT_MS_SPINOR?AT25SF041
  +--> ?PR?AT25SF041_CHIPERASE?AT25SF041
  +--> ?PR?_AT25SF041_WRITE?AT25SF041

?PR?AT25SF041_WRITEENABLE?AT25SF041              -----    -----      03CFH    0002H
  +--> ?PR?_WAIT_MS_SPINOR?AT25SF041

?PR?AT25SF041_CHIPERASE?AT25SF041                -----    -----      03CFH    0002H
  +--> ?PR?_WAIT_MS_SPINOR?AT25SF041
  +--> ?PR?READ_STATUS_REGISTER_BYTE1?AT25SF041

?PR?READ_STATUS_REGISTER_BYTE1?AT25SF041         -----    -----      03D1H    0003H
  +--> ?PR?_WAIT_MS_SPINOR?AT25SF041

?PR?_AT25SF041_WRITE?AT25SF041                   -----    -----      03CFH    0008H
  +--> ?PR?_WAIT_MS_SPINOR?AT25SF041



UNRESOLVED EXTERNAL SYMBOLS:
   AUTO_MODE
   _SENDUART1



SYMBOL TABLE OF MODULE:  .\Obj\GPIO_RTC_Test (MAIN)

  VALUE           TYPE          NAME
  ----------------------------------

  -------         MODULE        MAIN
BL51 BANKED LINKER/LOCATER V6.22                                                      02/21/2019  13:50:48  PAGE 8


  C:0000H         SYMBOL        _ICE_DUMMY_
  X:04E9H         PUBLIC        calib_value
  D:0080H         PUBLIC        P0
  D:00B2H         PUBLIC        P3M0
  D:0090H         PUBLIC        P1
  D:00B1H         PUBLIC        P3M1
  D:00A0H         PUBLIC        P2
  D:00B0H         PUBLIC        P3
  D:00C0H         PUBLIC        P4
  D:00C8H         PUBLIC        P5
  X:053DH         SYMBOL        PressedKey
  B:00A8H.7       PUBLIC        EA
  D:00E8H         PUBLIC        P6
  X:0541H         PUBLIC        calib_stamp
  D:00F8H         PUBLIC        P7
  X:0542H         PUBLIC        RX_Data_Uart_Cnt
  D:00A8H         PUBLIC        IE
  X:0544H         PUBLIC        calib_time
  D:00B8H         PUBLIC        IP
  X:0598H         PUBLIC        months
  D:00D8H         PUBLIC        CCON
  C:0B0EH         PUBLIC        main
  X:0599H         PUBLIC        count
  X:059BH         PUBLIC        days
  X:059CH         PUBLIC        hours
  D:0098H         PUBLIC        SCON
  D:0089H         PUBLIC        TMOD
  D:0088H         PUBLIC        TCON
  B:00A0H.3       PUBLIC        P23
  X:059DH         SYMBOL        KeyCount
  X:059FH         PUBLIC        mins
  X:05A0H         PUBLIC        Rec_data_hour
  B:00C8H.5       PUBLIC        P55
  X:05A3H         PUBLIC        Rec_data_min
  D:008EH         PUBLIC        AUXR
  C:0009H         PUBLIC        tm0_isr
  B:0021H.0       PUBLIC        busy
  B:00A8H.1       PUBLIC        ET0
  D:008CH         PUBLIC        TH0
  X:05A6H         PUBLIC        hour_count
  D:008AH         PUBLIC        TL0
  X:05A7H         PUBLIC        min_count
  B:0088H.4       PUBLIC        TR0
  X:05A8H         SYMBOL        KeyNum
  X:05A9H         SYMBOL        KeyNum_Old
  X:05AAH         PUBLIC        current_position
  X:05AEH         PUBLIC        hours1
  X:05AFH         PUBLIC        hours2
  C:44ABH         PUBLIC        _Display_Prox
  X:05B0H         PUBLIC        mins1
  X:05B1H         PUBLIC        mins2
  C:394EH         PUBLIC        _Display_Pos
  X:05B2H         PUBLIC        seconds
  X:05B3H         PUBLIC        st_time
  D:00D0H         PUBLIC        PSW
  -------         PROC          TM0_ISR
  C:0009H         LINE#         85
BL51 BANKED LINKER/LOCATER V6.22                                                      02/21/2019  13:50:48  PAGE 9


  C:0009H         LINE#         87
  -------         ENDPROC       TM0_ISR
  -------         PROC          MAIN
  -------         DO            
  X:038FH         SYMBOL        sunlight_ADC
  X:04E1H         SYMBOL        KeyCount
  X:04E3H         SYMBOL        KeyNum_Old
  X:04E4H         SYMBOL        KeyNum
  X:04E5H         SYMBOL        PressedKey
  X:0391H         SYMBOL        prox_flag
  X:0392H         SYMBOL        iUse_prevday_calib_value
  X:0394H         SYMBOL        max_ADC_Val
  X:0396H         SYMBOL        max_ADC_Val_JP
  X:0398H         SYMBOL        calib_point1
  X:03A0H         SYMBOL        calib_point2
  X:03A8H         SYMBOL        dat_to_store
  X:03B4H         SYMBOL        calib_day
  X:03B6H         SYMBOL        calib_count
  X:03B8H         SYMBOL        theorical_JP_max_pos
  X:03BCH         SYMBOL        SPI_NOR_INTERNAL_FLASH_ADDR
  -------         ENDDO         
  C:0B0EH         LINE#         89
  C:0B0EH         LINE#         90
  C:0B0EH         LINE#         95
  C:0B14H         LINE#         96
  C:0B1DH         LINE#         100
  C:0B23H         LINE#         101
  C:0B2DH         LINE#         102
  C:0B37H         LINE#         106
  C:0B39H         LINE#         107
  C:0B3BH         LINE#         108
  C:0B3DH         LINE#         109
  C:0B3FH         LINE#         111
  C:0B46H         LINE#         120
  C:0B48H         LINE#         121
  C:0B4BH         LINE#         122
  C:0B4EH         LINE#         123
  C:0B51H         LINE#         124
  C:0B54H         LINE#         125
  C:0B57H         LINE#         128
  C:0B5AH         LINE#         130
  C:0B5DH         LINE#         131
  C:0B60H         LINE#         132
  C:0B63H         LINE#         133
  C:0B65H         LINE#         134
  C:0B67H         LINE#         135
  C:0B69H         LINE#         137
  C:0B6BH         LINE#         138
  C:0B72H         LINE#         139
  C:0B79H         LINE#         140
  C:0B80H         LINE#         141
  C:0B87H         LINE#         145
  C:0B8EH         LINE#         146
  C:0B93H         LINE#         147
  C:0B98H         LINE#         148
  C:0B9DH         LINE#         149
  C:0BA2H         LINE#         150
BL51 BANKED LINKER/LOCATER V6.22                                                      02/21/2019  13:50:48  PAGE 10


  C:0BA7H         LINE#         153
  C:0BC0H         LINE#         154
  C:0BC0H         LINE#         155
  C:0BDCH         LINE#         156
  C:0C23H         LINE#         157
  C:0C34H         LINE#         158
  C:0C34H         LINE#         159
  C:0C34H         LINE#         160
  C:0C37H         LINE#         163
  C:0C37H         LINE#         166
  C:0C3CH         LINE#         167
  C:0C41H         LINE#         169
  C:0C46H         LINE#         170
  C:0C4BH         LINE#         171
  C:0C50H         LINE#         172
  C:0C55H         LINE#         174
  C:0C66H         LINE#         175
  C:0C6BH         LINE#         176
  C:0C70H         LINE#         178
  C:0C77H         LINE#         179
  C:0C7FH         LINE#         180
  C:0C84H         LINE#         181
  C:0C8CH         LINE#         182
  C:0C91H         LINE#         183
  C:0C9BH         LINE#         184
  C:0CA0H         LINE#         185
  C:0CA8H         LINE#         187
  C:0CB0H         LINE#         188
  C:0CB5H         LINE#         189
  C:0CBFH         LINE#         190
  C:0CBFH         LINE#         191
  C:0CC1H         LINE#         192
  C:0CC3H         LINE#         193
  C:0CCDH         LINE#         194
  C:0CCDH         LINE#         195
  C:0CD2H         LINE#         196
  C:0CD2H         LINE#         208
  C:0CDFH         LINE#         209
  C:0CDFH         LINE#         210
  C:0CE9H         LINE#         211
  C:0D00H         LINE#         212
  C:0D00H         LINE#         213
  C:0D02H         LINE#         214
  C:0D04H         LINE#         216
  C:0D04H         LINE#         217
  C:0D0FH         LINE#         218
  C:0D0FH         LINE#         219
  C:0D14H         LINE#         220
  C:0D14H         LINE#         221
  C:0D21H         LINE#         222
  C:0D21H         LINE#         225
  C:0D2BH         LINE#         226
  C:0D42H         LINE#         227
  C:0D42H         LINE#         228
  C:0D44H         LINE#         229
  C:0D46H         LINE#         231
  C:0D46H         LINE#         232
BL51 BANKED LINKER/LOCATER V6.22                                                      02/21/2019  13:50:48  PAGE 11


  C:0D51H         LINE#         233
  C:0D51H         LINE#         234
  C:0D56H         LINE#         235
  C:0D58H         LINE#         236
  C:0D58H         LINE#         245
  C:0D7AH         LINE#         246
  C:0D7AH         LINE#         247
  C:0D84H         LINE#         248
  C:0D8AH         LINE#         249
  C:0D8CH         LINE#         250
  C:0D8EH         LINE#         251
  C:0D90H         LINE#         252
  C:0D90H         LINE#         253
  C:0D93H         LINE#         255
  C:0D93H         LINE#         256
  C:0D99H         LINE#         257
  C:0DA1H         LINE#         258
  C:0DA7H         LINE#         259
  C:0DAFH         LINE#         260
  C:0DEAH         LINE#         264
  C:0DF7H         LINE#         265
  C:0DF7H         LINE#         266
  C:0E04H         LINE#         267
  C:0E37H         LINE#         268
  C:0E44H         LINE#         269
  C:0E44H         LINE#         271
  C:0E73H         LINE#         272
  C:0E73H         LINE#         273
  C:0E95H         LINE#         274
  C:0E95H         LINE#         275
  C:0F11H         LINE#         276
  C:0F7BH         LINE#         280
  C:0F7BH         LINE#         281
  C:0F7BH         LINE#         282
  C:0F7BH         LINE#         284
  C:0F7BH         LINE#         285
  C:0F7BH         LINE#         286
  C:0F7BH         LINE#         288
  C:0F7BH         LINE#         289
  C:0F7BH         LINE#         290
  C:0F7BH         LINE#         292
  C:0F7BH         LINE#         293
  C:0F7BH         LINE#         294
  C:0F7BH         LINE#         295
  C:0F7EH         LINE#         296
  C:0F8FH         LINE#         297
  C:0F8FH         LINE#         298
  C:0F8FH         LINE#         300
  C:0F8FH         LINE#         303
  C:0F92H         LINE#         305
  C:0F92H         LINE#         306
  C:0FB4H         LINE#         307
  C:0FB4H         LINE#         308
  C:1030H         LINE#         309
  C:1085H         LINE#         310
  C:1085H         LINE#         311
  C:1085H         LINE#         312
BL51 BANKED LINKER/LOCATER V6.22                                                      02/21/2019  13:50:48  PAGE 12


  C:1088H         LINE#         316
  C:1088H         LINE#         319
  C:10BCH         LINE#         320
  C:10BCH         LINE#         321
  C:10DEH         LINE#         322
  C:10DEH         LINE#         323
  C:115AH         LINE#         324
  C:11D8H         LINE#         328
  C:11E0H         LINE#         329
  C:11E8H         LINE#         330
  C:11F0H         LINE#         332
  C:11F8H         LINE#         333
  C:1201H         LINE#         334
  C:1217H         LINE#         336
  C:1246H         LINE#         337
  C:1255H         LINE#         338
  C:125EH         LINE#         340
  C:1274H         LINE#         341
  C:12A3H         LINE#         342
  C:12C7H         LINE#         344
  C:12CAH         LINE#         345
  C:12DBH         LINE#         346
  C:12DBH         LINE#         347
  C:12E3H         LINE#         349
  C:12E3H         LINE#         352
  C:12E6H         LINE#         354
  C:12E6H         LINE#         356
  C:1308H         LINE#         357
  C:1308H         LINE#         358
  C:1384H         LINE#         360
  C:13B1H         LINE#         361
  C:13CCH         LINE#         362
  C:13F9H         LINE#         363
  C:1414H         LINE#         365
  C:14B0H         LINE#         368
  C:14B0H         LINE#         369
  C:14B0H         LINE#         370
  C:14B0H         LINE#         372
  C:14B0H         LINE#         375
  C:14CCH         LINE#         376
  C:14D1H         LINE#         378
  C:14D3H         LINE#         379
  -------         ENDPROC       MAIN
  -------         PROC          _DISPLAY_PROX
  D:0002H         SYMBOL        dat
  -------         DO            
  X:062FH         SYMBOL        unit
  X:0630H         SYMBOL        ten
  X:0631H         SYMBOL        hundred
  X:0632H         SYMBOL        thousand
  -------         ENDDO         
  C:44ABH         LINE#         463
  C:44AFH         LINE#         464
  C:44AFH         LINE#         466
  C:44BBH         LINE#         467
  C:44CBH         LINE#         468
  C:44E7H         LINE#         469
BL51 BANKED LINKER/LOCATER V6.22                                                      02/21/2019  13:50:48  PAGE 13


  C:4517H         LINE#         470
  C:4521H         LINE#         471
  C:452BH         LINE#         472
  C:4535H         LINE#         473
  C:453FH         LINE#         475
  -------         ENDPROC       _DISPLAY_PROX
  -------         PROC          _DISPLAY_POS
  X:0463H         SYMBOL        sign_dat
  -------         DO            
  X:0467H         SYMBOL        unit
  X:0468H         SYMBOL        ten
  X:0469H         SYMBOL        hundred
  D:0003H         SYMBOL        thousand
  X:046AH         SYMBOL        after_dot
  X:046BH         SYMBOL        dat
  -------         ENDDO         
  C:394EH         LINE#         478
  C:3954H         LINE#         479
  C:3954H         LINE#         483
  C:3970H         LINE#         484
  C:398AH         LINE#         485
  C:39AEH         LINE#         487
  C:39F8H         LINE#         489
  C:3A0FH         LINE#         490
  C:3A1CH         LINE#         491
  C:3A3EH         LINE#         492
  C:3A73H         LINE#         493
  C:3A8BH         LINE#         494
  C:3A8BH         LINE#         496
  C:3A8BH         LINE#         497
  C:3A8BH         LINE#         498
  C:3A8BH         LINE#         499
  C:3A8BH         LINE#         500
  C:3A8BH         LINE#         504
  C:3A8DH         LINE#         506
  C:3A8DH         LINE#         508
  C:3A92H         LINE#         509
  C:3A9CH         LINE#         510
  C:3AA6H         LINE#         511
  C:3AB0H         LINE#         512
  C:3AB5H         LINE#         513
  C:3ABFH         LINE#         517
  C:3ABFH         LINE#         519
  -------         ENDPROC       _DISPLAY_POS
  -------         ENDMOD        MAIN

  -------         MODULE        PCF85063BTL
  C:0000H         SYMBOL        _ICE_DUMMY_
  D:0096H         PUBLIC        P2M0
  D:0080H         PUBLIC        P0
  D:0095H         PUBLIC        P2M1
  D:0090H         PUBLIC        P1
  D:00A0H         PUBLIC        P2
  D:00B0H         PUBLIC        P3
  D:00C0H         PUBLIC        P4
  D:00C8H         PUBLIC        P5
  D:00E8H         PUBLIC        P6
BL51 BANKED LINKER/LOCATER V6.22                                                      02/21/2019  13:50:48  PAGE 14


  B:00A0H.1       PUBLIC        PCF85063BTL_SDI
  D:00F8H         PUBLIC        P7
  B:00A0H.2       PUBLIC        PCF85063BTL_SCK
  B:00A0H.1       PUBLIC        PCF85063BTL_SDO
  D:00A8H         PUBLIC        IE
  C:46C5H         PUBLIC        _Read_time
  C:4C3AH         PUBLIC        _PCF85063BTL_Delay
  D:00B8H         PUBLIC        IP
  D:00D8H         PUBLIC        CCON
  C:45CCH         PUBLIC        _Day_Of_Year
  C:4B30H         PUBLIC        SPI_ReceiveByte
  D:0098H         PUBLIC        SCON
  D:0088H         PUBLIC        TCON
  C:4C6DH         PUBLIC        _BCDtoDec
  B:00A0H.0       PUBLIC        PCF85063BTL_CS
  C:4C5CH         PUBLIC        _SPI_ReadTime
  C:4CBCH         PUBLIC        SPI_Init
  C:4BC5H         PUBLIC        _SPI_WriteTime
  C:4B10H         PUBLIC        _SPI_SendByte
  D:00D0H         PUBLIC        PSW
  C:4C36H         SYMBOL        L?0047
  -------         PROC          L?0046
  -------         ENDPROC       L?0046
  C:4C36H         SYMBOL        L?0047
  -------         PROC          _PCF85063BTL_DELAY
  D:0006H         SYMBOL        us
  C:4C3AH         LINE#         8
  C:4C3AH         LINE#         9
  C:4C3AH         LINE#         10
  C:4C44H         LINE#         11
  C:4C44H         LINE#         12
  C:4C45H         LINE#         13
  C:4C47H         LINE#         14
  -------         ENDPROC       _PCF85063BTL_DELAY
  -------         PROC          _SPI_SENDBYTE
  D:0005H         SYMBOL        dat
  -------         DO            
  D:0003H         SYMBOL        i
  -------         ENDDO         
  C:4B10H         LINE#         17
  C:4B12H         LINE#         18
  C:4B12H         LINE#         20
  C:4B14H         LINE#         21
  C:4B14H         LINE#         22
  C:4B16H         LINE#         23
  C:4B1AH         LINE#         24
  C:4B1AH         LINE#         25
  C:4B1CH         LINE#         26
  C:4B1EH         LINE#         28
  C:4B1EH         LINE#         29
  C:4B20H         LINE#         30
  C:4B20H         LINE#         31
  C:4B23H         LINE#         32
  C:4B23H         LINE#         33
  C:4B26H         LINE#         34
  C:4B2AH         LINE#         35
  C:4B2FH         LINE#         36
BL51 BANKED LINKER/LOCATER V6.22                                                      02/21/2019  13:50:48  PAGE 15


  -------         ENDPROC       _SPI_SENDBYTE
  -------         PROC          SPI_RECEIVEBYTE
  -------         DO            
  D:0003H         SYMBOL        i
  D:0005H         SYMBOL        dat
  -------         ENDDO         
  C:4B30H         LINE#         39
  C:4B30H         LINE#         40
  C:4B30H         LINE#         42
  C:4B32H         LINE#         44
  C:4B34H         LINE#         45
  C:4B35H         LINE#         46
  C:4B35H         LINE#         47
  C:4B39H         LINE#         48
  C:4B3BH         LINE#         49
  C:4B3EH         LINE#         51
  C:4B41H         LINE#         52
  C:4B41H         LINE#         53
  C:4B45H         LINE#         54
  C:4B45H         LINE#         55
  C:4B45H         LINE#         56
  C:4B48H         LINE#         57
  C:4B4DH         LINE#         58
  C:4B4FH         LINE#         59
  -------         ENDPROC       SPI_RECEIVEBYTE
  -------         PROC          _SPI_READTIME
  D:0007H         SYMBOL        addr
  -------         DO            
  D:0006H         SYMBOL        dat
  -------         ENDDO         
  C:4C5CH         LINE#         61
  C:4C5CH         LINE#         62
  C:4C5CH         LINE#         64
  C:4C5EH         LINE#         65
  C:4C60H         LINE#         66
  C:4C67H         LINE#         67
  C:4C6AH         LINE#         68
  C:4C6CH         LINE#         69
  C:4C6CH         LINE#         70
  -------         ENDPROC       _SPI_READTIME
  -------         PROC          _SPI_WRITETIME
  D:0002H         SYMBOL        val
  D:0005H         SYMBOL        addr
  C:4BC5H         LINE#         71
  C:4BC7H         LINE#         72
  C:4BC7H         LINE#         74
  C:4BC9H         LINE#         75
  C:4BD0H         LINE#         76
  C:4BD5H         LINE#         77
  C:4BDAH         LINE#         78
  C:4BDCH         LINE#         79
  -------         ENDPROC       _SPI_WRITETIME
  -------         PROC          SPI_INIT
  C:4CBCH         LINE#         83
  C:4CBCH         LINE#         84
  C:4CBCH         LINE#         89
  C:4CBFH         LINE#         90
BL51 BANKED LINKER/LOCATER V6.22                                                      02/21/2019  13:50:48  PAGE 16


  C:4CC2H         LINE#         91
  C:4CC4H         LINE#         92
  C:4CC6H         LINE#         93
  C:4CC8H         LINE#         94
  -------         ENDPROC       SPI_INIT
  -------         PROC          _READ_TIME
  X:03C0H         SYMBOL        months
  X:03C3H         SYMBOL        days
  X:03C6H         SYMBOL        hours
  X:03C9H         SYMBOL        mins
  X:03CCH         SYMBOL        seconds
  C:46C5H         LINE#         96
  C:46D0H         LINE#         97
  C:46D0H         LINE#         99
  C:46E4H         LINE#         101
  C:46F8H         LINE#         103
  C:470CH         LINE#         108
  C:4720H         LINE#         113
  -------         ENDPROC       _READ_TIME
  -------         PROC          _BCDTODEC
  D:0007H         SYMBOL        bcd
  -------         DO            
  D:0006H         SYMBOL        hi
  D:0007H         SYMBOL        lo
  -------         ENDDO         
  C:4C6DH         LINE#         119
  C:4C6DH         LINE#         120
  C:4C6DH         LINE#         122
  C:4C72H         LINE#         123
  C:4C76H         LINE#         124
  C:4C7DH         LINE#         125
  -------         ENDPROC       _BCDTODEC
  -------         PROC          _DAY_OF_YEAR
  D:0007H         SYMBOL        months_bcd
  D:0005H         SYMBOL        days_bcd
  -------         DO            
  D:0004H         SYMBOL        months
  D:0007H         SYMBOL        days
  -------         ENDDO         
  C:45CCH         LINE#         126
  C:45CCH         LINE#         127
  C:45CCH         LINE#         130
  C:45D1H         LINE#         132
  C:45D6H         LINE#         134
  C:460FH         LINE#         135
  C:460FH         LINE#         136
  C:460FH         LINE#         137
  C:4612H         LINE#         138
  C:4612H         LINE#         139
  C:4612H         LINE#         140
  C:4617H         LINE#         141
  C:4617H         LINE#         142
  C:4617H         LINE#         143
  C:461CH         LINE#         144
  C:461CH         LINE#         145
  C:461CH         LINE#         146
  C:4621H         LINE#         147
BL51 BANKED LINKER/LOCATER V6.22                                                      02/21/2019  13:50:48  PAGE 17


  C:4621H         LINE#         148
  C:4621H         LINE#         149
  C:4626H         LINE#         150
  C:4626H         LINE#         151
  C:4626H         LINE#         152
  C:462BH         LINE#         153
  C:462BH         LINE#         154
  C:462BH         LINE#         155
  C:4630H         LINE#         156
  C:4630H         LINE#         157
  C:4630H         LINE#         158
  C:4635H         LINE#         159
  C:4635H         LINE#         160
  C:4635H         LINE#         161
  C:463DH         LINE#         162
  C:463DH         LINE#         163
  C:463DH         LINE#         164
  C:4642H         LINE#         165
  C:4642H         LINE#         166
  C:4642H         LINE#         167
  C:4647H         LINE#         168
  C:4647H         LINE#         169
  C:4647H         LINE#         170
  C:464FH         LINE#         171
  C:464FH         LINE#         172
  C:464FH         LINE#         173
  -------         ENDPROC       _DAY_OF_YEAR
  -------         ENDMOD        PCF85063BTL

  -------         MODULE        UART1
  C:0000H         SYMBOL        _ICE_DUMMY_
  D:0080H         PUBLIC        P0
  D:0090H         PUBLIC        P1
  D:00A0H         PUBLIC        P2
  D:00B0H         PUBLIC        P3
  D:00C0H         PUBLIC        P4
  D:00C8H         PUBLIC        P5
  B:00A8H.7       PUBLIC        EA
  D:00E8H         PUBLIC        P6
  D:00F8H         PUBLIC        P7
  C:49E8H         PUBLIC        _SendString
  D:00A8H         PUBLIC        IE
  B:00A8H.4       PUBLIC        ES
  D:00B8H         PUBLIC        IP
  C:4BDDH         PUBLIC        _ASCIItoBCD
  D:00D8H         PUBLIC        CCON
  C:4C7EH         PUBLIC        initUART1
  D:0098H         PUBLIC        SCON
  D:0088H         PUBLIC        TCON
  C:000AH         PUBLIC        _DectoBCD
  C:4D00H         PUBLIC        _ASCII_Letter
  D:008EH         PUBLIC        AUXR
  C:4CFBH         PUBLIC        _unit
  C:0003H         PUBLIC        _ten
  D:00D6H         PUBLIC        T2H
  D:00D7H         PUBLIC        T2L
  D:00D0H         PUBLIC        PSW
BL51 BANKED LINKER/LOCATER V6.22                                                      02/21/2019  13:50:48  PAGE 18


  -------         PROC          INITUART1
  C:4C7EH         LINE#         21
  C:4C7EH         LINE#         22
  C:4C7EH         LINE#         23
  C:4C81H         LINE#         24
  C:4C84H         LINE#         25
  C:4C87H         LINE#         26
  C:4C8AH         LINE#         27
  C:4C8CH         LINE#         28
  C:4C8EH         LINE#         30
  -------         ENDPROC       INITUART1
  -------         PROC          _SENDSTRING
  X:0633H         SYMBOL        s
  C:49E8H         LINE#         35
  C:49F3H         LINE#         36
  C:49F3H         LINE#         37
  C:4A03H         LINE#         38
  C:4A03H         LINE#         39
  C:4A18H         LINE#         40
  C:4A1AH         LINE#         41
  -------         ENDPROC       _SENDSTRING
  -------         PROC          _TEN
  D:0007H         SYMBOL        BCD
  C:0003H         LINE#         43
  C:0003H         LINE#         44
  C:0003H         LINE#         45
  C:0008H         LINE#         46
  -------         ENDPROC       _TEN
  -------         PROC          _UNIT
  D:0007H         SYMBOL        BCD
  C:4CFBH         LINE#         47
  C:4CFBH         LINE#         48
  C:4CFBH         LINE#         52
  C:4CFFH         LINE#         53
  -------         ENDPROC       _UNIT
  -------         PROC          _DECTOBCD
  D:0007H         SYMBOL        dec
  C:000AH         LINE#         54
  C:000AH         LINE#         55
  C:000AH         LINE#         57
  C:000AH         LINE#         58
  -------         ENDPROC       _DECTOBCD
  -------         PROC          _ASCII_LETTER
  D:0007H         SYMBOL        dat
  C:4D00H         LINE#         60
  C:4D00H         LINE#         61
  C:4D00H         LINE#         63
  C:4D04H         LINE#         64
  -------         ENDPROC       _ASCII_LETTER
  -------         PROC          _ASCIITOBCD
  D:0001H         SYMBOL        ascii
  -------         DO            
  D:0007H         SYMBOL        dec_val
  D:0006H         SYMBOL        ten
  D:0007H         SYMBOL        unit
  -------         ENDDO         
  C:4BDDH         LINE#         66
BL51 BANKED LINKER/LOCATER V6.22                                                      02/21/2019  13:50:48  PAGE 19


  C:4BDDH         LINE#         67
  C:4BDDH         LINE#         69
  C:4BE0H         LINE#         70
  C:4BE6H         LINE#         71
  C:4BEDH         LINE#         72
  C:4BF3H         LINE#         74
  -------         ENDPROC       _ASCIITOBCD
  -------         ENDMOD        UART1

  -------         MODULE        LCD_DRIVER_SPLC780D
  C:0000H         SYMBOL        _ICE_DUMMY_
  D:0092H         PUBLIC        P1M0
  D:0091H         PUBLIC        P1M1
  D:0080H         PUBLIC        P0
  D:0090H         PUBLIC        P1
  D:00A0H         PUBLIC        P2
  D:00B0H         PUBLIC        P3
  D:00C0H         PUBLIC        P4
  D:00C8H         PUBLIC        P5
  D:00E8H         PUBLIC        P6
  D:00F8H         PUBLIC        P7
  C:4650H         PUBLIC        _WriteData
  D:00A8H         PUBLIC        IE
  D:00B8H         PUBLIC        IP
  D:00D8H         PUBLIC        CCON
  B:00B0H.4       PUBLIC        LCD_D4
  B:00B0H.5       PUBLIC        LCD_D5
  B:00B0H.6       PUBLIC        LCD_D6
  C:4B8DH         PUBLIC        _DisplayLCD
  B:00B0H.7       PUBLIC        LCD_D7
  D:0098H         PUBLIC        SCON
  D:0088H         PUBLIC        TCON
  C:4CEBH         PUBLIC        LCD_clear
  C:492DH         PUBLIC        _Command
  C:4C0AH         PUBLIC        _Display_Line
  C:47FCH         PUBLIC        LCD_Init
  C:4AF2H         PUBLIC        _Wait_ms
  B:00C0H.0       PUBLIC        LCD_RS
  B:00B0H.2       PUBLIC        LCD_RW
  C:4CE1H         PUBLIC        LCD_return_home
  B:00B0H.3       PUBLIC        LCD_E
  D:00D0H         PUBLIC        PSW
  -------         PROC          LCD_INIT
  C:47FCH         LINE#         9
  C:47FCH         LINE#         10
  C:47FCH         LINE#         11
  C:47FFH         LINE#         12
  C:4802H         LINE#         14
  C:4808H         LINE#         15
  C:480DH         LINE#         17
  C:4814H         LINE#         18
  C:4819H         LINE#         20
  C:481CH         LINE#         21
  C:4821H         LINE#         23
  C:4824H         LINE#         24
  C:4829H         LINE#         26
  C:4830H         LINE#         29
BL51 BANKED LINKER/LOCATER V6.22                                                      02/21/2019  13:50:48  PAGE 20


  C:4835H         LINE#         30
  C:483AH         LINE#         32
  C:483FH         LINE#         33
  C:4844H         LINE#         35
  C:4849H         LINE#         36
  C:484EH         LINE#         37
  -------         ENDPROC       LCD_INIT
  -------         PROC          _WRITEDATA
  X:046DH         SYMBOL        dat
  C:4650H         LINE#         40
  C:4655H         LINE#         41
  C:4655H         LINE#         46
  C:4657H         LINE#         47
  C:4659H         LINE#         49
  C:4667H         LINE#         50
  C:4673H         LINE#         51
  C:467FH         LINE#         52
  C:4689H         LINE#         53
  C:468BH         LINE#         54
  C:4692H         LINE#         55
  C:4694H         LINE#         57
  C:46A4H         LINE#         58
  C:46AFH         LINE#         59
  C:46B9H         LINE#         60
  C:46BDH         LINE#         62
  C:46BDH         LINE#         63
  C:46C0H         LINE#         64
  C:46C2H         LINE#         65
  C:46C4H         LINE#         67
  -------         ENDPROC       _WRITEDATA
  -------         PROC          _COMMAND
  D:0007H         SYMBOL        dat
  C:492DH         LINE#         69
  C:492DH         LINE#         70
  C:492DH         LINE#         71
  C:492FH         LINE#         72
  C:4931H         LINE#         74
  C:493BH         LINE#         75
  C:493FH         LINE#         77
  C:4941H         LINE#         78
  C:494AH         LINE#         79
  C:494EH         LINE#         81
  C:4950H         LINE#         82
  C:4957H         LINE#         83
  C:495BH         LINE#         85
  C:495DH         LINE#         86
  C:4961H         LINE#         87
  C:4965H         LINE#         89
  C:4967H         LINE#         90
  C:4967H         LINE#         91
  C:496AH         LINE#         92
  C:496CH         LINE#         93
  -------         ENDPROC       _COMMAND
  C:4AEEH         SYMBOL        L?0028
  -------         PROC          L?0027
  -------         ENDPROC       L?0027
  C:4AEEH         SYMBOL        L?0028
BL51 BANKED LINKER/LOCATER V6.22                                                      02/21/2019  13:50:48  PAGE 21


  -------         PROC          _WAIT_MS
  D:0006H         SYMBOL        ms
  -------         DO            
  D:0004H         SYMBOL        De_Cnt
  -------         ENDDO         
  C:4AF2H         LINE#         95
  C:4AF2H         LINE#         96
  C:4AF2H         LINE#         98
  C:4AFCH         LINE#         99
  C:4AFCH         LINE#         100
  C:4B0FH         LINE#         101
  C:4B0FH         LINE#         102
  -------         ENDPROC       _WAIT_MS
  -------         PROC          _DISPLAYLCD
  D:0007H         SYMBOL        BCD
  -------         DO            
  D:0006H         SYMBOL        first_digit
  X:03C0H         SYMBOL        second_digit
  -------         ENDDO         
  C:4B8DH         LINE#         103
  C:4B8DH         LINE#         104
  C:4B8DH         LINE#         106
  C:4B94H         LINE#         107
  C:4B9DH         LINE#         109
  C:4BA2H         LINE#         111
  -------         ENDPROC       _DISPLAYLCD
  -------         PROC          LCD_RETURN_HOME
  C:4CE1H         LINE#         115
  C:4CE1H         LINE#         116
  C:4CE1H         LINE#         117
  C:4CE6H         LINE#         118
  -------         ENDPROC       LCD_RETURN_HOME
  -------         PROC          LCD_CLEAR
  C:4CEBH         LINE#         121
  C:4CEBH         LINE#         122
  C:4CEBH         LINE#         123
  C:4CF0H         LINE#         124
  -------         ENDPROC       LCD_CLEAR
  -------         PROC          _DISPLAY_LINE
  D:0006H         SYMBOL        line
  C:4C0AH         LINE#         128
  C:4C0AH         LINE#         129
  C:4C0AH         LINE#         130
  C:4C10H         LINE#         131
  C:4C10H         LINE#         132
  C:4C12H         LINE#         133
  C:4C12H         LINE#         134
  C:4C14H         LINE#         136
  C:4C14H         LINE#         137
  C:4C19H         LINE#         138
  C:4C1EH         LINE#         139
  C:4C1EH         LINE#         140
  -------         ENDPROC       _DISPLAY_LINE
  -------         ENDMOD        LCD_DRIVER_SPLC780D

  -------         MODULE        KEYPAD
  C:0000H         SYMBOL        _ICE_DUMMY_
BL51 BANKED LINKER/LOCATER V6.22                                                      02/21/2019  13:50:48  PAGE 22


  D:0093H         PUBLIC        P0M1
  D:0080H         PUBLIC        P0
  D:0090H         PUBLIC        P1
  D:00A0H         PUBLIC        P2
  D:00B0H         PUBLIC        P3
  D:00C0H         PUBLIC        P4
  D:00C8H         PUBLIC        P5
  B:0020H.0       PUBLIC        calib_mode
  D:00E8H         PUBLIC        P6
  D:00F8H         PUBLIC        P7
  D:00A8H         PUBLIC        IE
  C:3639H         PUBLIC        Key_Scan
  D:00B8H         PUBLIC        IP
  D:00D8H         PUBLIC        CCON
  C:4CC9H         PUBLIC        KeyPad_IO_Init
  C:4B6FH         PUBLIC        _Delay_ms
  D:0098H         PUBLIC        SCON
  D:0088H         PUBLIC        TCON
  B:0020H.1       PUBLIC        small_move
  B:0020H.2       PUBLIC        move
  B:0020H.3       PUBLIC        direction
  B:0020H.4       PUBLIC        auto_move
  C:2FE9H         PUBLIC        Key_Process
  D:00D0H         PUBLIC        PSW
  D:0094H         PUBLIC        P0M0
  -------         PROC          _DELAY_MS
  D:0006H         SYMBOL        ms
  -------         DO            
  D:0004H         SYMBOL        De_Cnt
  -------         ENDDO         
  C:4B6FH         LINE#         19
  C:4B6FH         LINE#         20
  C:4B6FH         LINE#         22
  C:4B79H         LINE#         23
  C:4B79H         LINE#         24
  C:4B8CH         LINE#         25
  C:4B8CH         LINE#         26
  -------         ENDPROC       _DELAY_MS
  -------         PROC          KEY_SCAN
  -------         DO            
  X:03C6H         SYMBOL        KeyTemp1
  X:03C7H         SYMBOL        KeyTemp2
  X:03C8H         SYMBOL        KeyValue
  -------         ENDDO         
  C:3639H         LINE#         27
  C:3639H         LINE#         28
  C:3639H         LINE#         33
  C:363CH         LINE#         36
  C:363FH         LINE#         38
  C:3647H         LINE#         39
  C:364EH         LINE#         40
  C:364EH         LINE#         42
  C:3653H         LINE#         43
  C:365AH         LINE#         44
  C:365AH         LINE#         47
  C:365DH         LINE#         48
  C:3660H         LINE#         49
BL51 BANKED LINKER/LOCATER V6.22                                                      02/21/2019  13:50:48  PAGE 23


  C:3665H         LINE#         50
  C:3669H         LINE#         51
  C:3669H         LINE#         52
  C:3671H         LINE#         53
  C:3671H         LINE#         54
  C:3674H         LINE#         55
  C:367CH         LINE#         56
  C:367EH         LINE#         58
  C:3692H         LINE#         59
  C:3692H         LINE#         60
  C:3692H         LINE#         61
  C:3692H         LINE#         62
  C:3698H         LINE#         64
  C:369AH         LINE#         65
  C:369AH         LINE#         66
  C:369AH         LINE#         67
  C:36A0H         LINE#         69
  C:36A2H         LINE#         70
  C:36A2H         LINE#         71
  C:36A2H         LINE#         72
  C:36A8H         LINE#         74
  C:36AAH         LINE#         75
  C:36AAH         LINE#         76
  C:36AAH         LINE#         77
  C:36B0H         LINE#         79
  C:36B0H         LINE#         80
  C:36B0H         LINE#         81
  C:36B0H         LINE#         84
  C:36B3H         LINE#         85
  C:36B6H         LINE#         86
  C:36BEH         LINE#         87
  C:36C2H         LINE#         88
  C:36C2H         LINE#         89
  C:36CAH         LINE#         90
  C:36CAH         LINE#         91
  C:36CDH         LINE#         92
  C:36D5H         LINE#         93
  C:36D7H         LINE#         94
  C:36EBH         LINE#         95
  C:36EBH         LINE#         96
  C:36EBH         LINE#         97
  C:36EBH         LINE#         98
  C:36F1H         LINE#         100
  C:36F3H         LINE#         101
  C:36F3H         LINE#         102
  C:36F3H         LINE#         103
  C:36F9H         LINE#         105
  C:36FBH         LINE#         106
  C:36FBH         LINE#         107
  C:36FBH         LINE#         108
  C:3701H         LINE#         110
  C:3703H         LINE#         111
  C:3703H         LINE#         112
  C:3703H         LINE#         113
  C:3708H         LINE#         115
  C:3708H         LINE#         116
  C:3708H         LINE#         117
BL51 BANKED LINKER/LOCATER V6.22                                                      02/21/2019  13:50:48  PAGE 24


  C:3708H         LINE#         120
  C:370BH         LINE#         121
  C:370EH         LINE#         122
  C:3716H         LINE#         123
  C:371AH         LINE#         124
  C:371AH         LINE#         125
  C:3722H         LINE#         126
  C:3722H         LINE#         127
  C:3725H         LINE#         128
  C:372DH         LINE#         129
  C:372FH         LINE#         130
  C:3743H         LINE#         131
  C:3743H         LINE#         132
  C:3743H         LINE#         133
  C:3743H         LINE#         134
  C:3749H         LINE#         136
  C:374BH         LINE#         137
  C:374BH         LINE#         138
  C:374BH         LINE#         139
  C:3751H         LINE#         141
  C:3753H         LINE#         142
  C:3753H         LINE#         143
  C:3753H         LINE#         144
  C:3759H         LINE#         146
  C:375BH         LINE#         147
  C:375BH         LINE#         148
  C:375BH         LINE#         149
  C:3761H         LINE#         151
  C:3761H         LINE#         152
  C:3761H         LINE#         153
  C:3761H         LINE#         157
  C:3764H         LINE#         158
  C:3767H         LINE#         159
  C:376FH         LINE#         160
  C:3773H         LINE#         161
  C:3773H         LINE#         162
  C:377BH         LINE#         163
  C:377BH         LINE#         164
  C:377EH         LINE#         165
  C:3786H         LINE#         166
  C:3788H         LINE#         167
  C:379CH         LINE#         168
  C:379CH         LINE#         169
  C:379CH         LINE#         170
  C:379CH         LINE#         171
  C:37A2H         LINE#         173
  C:37A4H         LINE#         174
  C:37A4H         LINE#         175
  C:37A4H         LINE#         176
  C:37AAH         LINE#         178
  C:37ACH         LINE#         179
  C:37ACH         LINE#         180
  C:37ACH         LINE#         181
  C:37B2H         LINE#         183
  C:37B4H         LINE#         184
  C:37B4H         LINE#         185
  C:37B4H         LINE#         186
BL51 BANKED LINKER/LOCATER V6.22                                                      02/21/2019  13:50:48  PAGE 25


  C:37BAH         LINE#         188
  C:37BAH         LINE#         189
  C:37BAH         LINE#         190
  C:37BAH         LINE#         192
  C:37C0H         LINE#         193
  C:37C0H         LINE#         195
  C:37C0H         LINE#         196
  C:37C3H         LINE#         197
  C:37C3H         LINE#         198
  C:37C3H         LINE#         200
  C:37C3H         LINE#         201
  C:37C5H         LINE#         202
  C:37C5H         LINE#         203
  -------         ENDPROC       KEY_SCAN
  -------         PROC          KEY_PROCESS
  -------         DO            
  X:0619H         SYMBOL        KeyCount
  X:061BH         SYMBOL        KeyNum_Old
  X:061CH         SYMBOL        KeyNum
  X:061DH         SYMBOL        PressedKey
  X:03C0H         SYMBOL        d
  D:0004H         SYMBOL        hours
  D:0006H         SYMBOL        mins
  X:03C2H         SYMBOL        months
  X:03C4H         SYMBOL        days
  -------         ENDDO         
  C:2FE9H         LINE#         204
  C:2FE9H         LINE#         205
  C:2FE9H         LINE#         209
  C:2FF1H         LINE#         210
  C:2FF9H         LINE#         212
  C:2FFCH         LINE#         213
  C:2FFCH         LINE#         214
  C:2FFFH         LINE#         216
  C:2FFFH         LINE#         217
  C:300CH         LINE#         218
  C:300CH         LINE#         219
  C:300FH         LINE#         220
  C:3012H         LINE#         222
  C:3015H         LINE#         224
  C:3015H         LINE#         225
  C:3020H         LINE#         226
  C:3020H         LINE#         227
  C:3023H         LINE#         229
  C:3023H         LINE#         230
  C:302AH         LINE#         231
  C:302AH         LINE#         232
  C:302DH         LINE#         234
  C:302DH         LINE#         235
  C:3035H         LINE#         236
  C:3035H         LINE#         237
  C:303FH         LINE#         238
  C:3047H         LINE#         240
  C:3050H         LINE#         242
  C:3050H         LINE#         251
  C:3065H         LINE#         252
  C:3065H         LINE#         253
BL51 BANKED LINKER/LOCATER V6.22                                                      02/21/2019  13:50:48  PAGE 26


  C:3077H         LINE#         254
  C:3085H         LINE#         255
  C:3094H         LINE#         256
  C:3094H         LINE#         258
  C:309AH         LINE#         262
  C:30B0H         LINE#         263
  C:30C1H         LINE#         264
  C:30DCH         LINE#         265
  C:30DCH         LINE#         266
  C:30ECH         LINE#         267
  C:30FDH         LINE#         268
  C:30FDH         LINE#         272
  C:3116H         LINE#         273
  C:312DH         LINE#         274
  C:314DH         LINE#         275
  C:314DH         LINE#         276
  C:3157H         LINE#         277
  C:3157H         LINE#         278
  C:3160H         LINE#         279
  C:3160H         LINE#         280
  C:3174H         LINE#         281
  C:3174H         LINE#         282
  C:3174H         LINE#         283
  C:3174H         LINE#         284
  C:3174H         LINE#         285
  C:3176H         LINE#         287
  C:3176H         LINE#         288
  C:3182H         LINE#         289
  C:3182H         LINE#         290
  C:3193H         LINE#         291
  C:3193H         LINE#         292
  C:3193H         LINE#         293
  C:3193H         LINE#         294
  C:3193H         LINE#         296
  C:3195H         LINE#         298
  C:3195H         LINE#         299
  C:31A6H         LINE#         300
  C:31A6H         LINE#         301
  C:31A6H         LINE#         302
  C:31A6H         LINE#         303
  C:31A6H         LINE#         305
  C:31A6H         LINE#         307
  C:31A6H         LINE#         308
  C:31A8H         LINE#         310
  C:31A8H         LINE#         311
  C:31BBH         LINE#         312
  C:31BBH         LINE#         313
  C:31CCH         LINE#         314
  C:31CCH         LINE#         315
  C:31CCH         LINE#         316
  C:31CCH         LINE#         317
  C:31CCH         LINE#         318
  C:31CEH         LINE#         320
  C:31CEH         LINE#         321
  C:31DFH         LINE#         322
  C:31DFH         LINE#         323
  C:31F0H         LINE#         324
BL51 BANKED LINKER/LOCATER V6.22                                                      02/21/2019  13:50:48  PAGE 27


  C:3201H         LINE#         325
  C:3201H         LINE#         326
  C:3201H         LINE#         327
  C:3201H         LINE#         328
  C:3201H         LINE#         329
  C:3204H         LINE#         330
  C:3209H         LINE#         331
  C:320EH         LINE#         332
  C:3213H         LINE#         333
  C:3218H         LINE#         334
  C:321DH         LINE#         335
  C:3222H         LINE#         336
  C:3227H         LINE#         337
  C:3227H         LINE#         339
  C:3249H         LINE#         340
  C:3249H         LINE#         341
  C:3253H         LINE#         342
  C:3253H         LINE#         343
  C:3258H         LINE#         344
  C:3261H         LINE#         345
  C:3278H         LINE#         346
  C:3278H         LINE#         347
  C:3288H         LINE#         349
  C:3288H         LINE#         353
  -------         ENDPROC       KEY_PROCESS
  -------         PROC          KEYPAD_IO_INIT
  C:4CC9H         LINE#         356
  C:4CC9H         LINE#         357
  C:4CC9H         LINE#         358
  C:4CCCH         LINE#         359
  C:4CCFH         LINE#         360
  C:4CD2H         LINE#         361
  C:4CD4H         LINE#         362
  -------         ENDPROC       KEYPAD_IO_INIT
  -------         ENDMOD        KEYPAD

  -------         MODULE        BIPOLARMOTOR
  C:0000H         SYMBOL        _ICE_DUMMY_
  D:0080H         PUBLIC        P0
  D:0090H         PUBLIC        P1
  X:0000H         PUBLIC        RX_pos_test
  D:00A0H         PUBLIC        P2
  D:00B0H         PUBLIC        P3
  D:00C0H         PUBLIC        P4
  D:00C8H         PUBLIC        P5
  D:00E8H         PUBLIC        P6
  D:00F8H         PUBLIC        P7
  X:00A0H         PUBLIC        low_date_azimuth_mapping
  D:00A8H         PUBLIC        IE
  C:401DH         PUBLIC        linear_interpolate
  C:4A9DH         PUBLIC        _Move
  D:00B8H         PUBLIC        IP
  C:349BH         PUBLIC        _findDet3x3
  C:2D29H         PUBLIC        _findDet4x4
  D:00D8H         PUBLIC        CCON
  X:00C8H         PUBLIC        previous_move_time
  D:0098H         PUBLIC        SCON
BL51 BANKED LINKER/LOCATER V6.22                                                      02/21/2019  13:50:48  PAGE 28


  D:0088H         PUBLIC        TCON
  C:4D05H         PUBLIC        wait
  C:496DH         PUBLIC        _Step_move
  X:00C9H         PUBLIC        dat
  C:000EH         PUBLIC        _Update_position
  C:4855H         PUBLIC        vOneStepMove
  X:00CFH         PUBLIC        elevation_stamp
  X:010BH         PUBLIC        date_azimuth_mapping
  X:0133H         PUBLIC        RX_pos
  C:4BB4H         PUBLIC        _BCDtoDec1
  X:038BH         PUBLIC        degree
  D:00D0H         PUBLIC        PSW
  -------         PROC          L?0062
  -------         ENDPROC       L?0062
  -------         PROC          _BCDTODEC1
  D:0007H         SYMBOL        bcd
  -------         DO            
  D:0006H         SYMBOL        hi
  D:0007H         SYMBOL        lo
  -------         ENDDO         
  C:4BB4H         LINE#         28
  C:4BB4H         LINE#         29
  C:4BB4H         LINE#         31
  C:4BB9H         LINE#         32
  C:4BBDH         LINE#         33
  C:4BC4H         LINE#         34
  -------         ENDPROC       _BCDTODEC1
  -------         PROC          WAIT
  C:4D05H         LINE#         36
  C:4D05H         LINE#         38
  -------         ENDPROC       WAIT
  -------         PROC          VONESTEPMOVE
  B:0020H.7       SYMBOL        bDir
  C:4855H         LINE#         40
  C:4855H         LINE#         41
  C:4855H         LINE#         43
  C:485BH         LINE#         44
  C:485BH         LINE#         45
  C:485EH         LINE#         46
  C:4867H         LINE#         47
  C:486EH         LINE#         48
  C:4873H         LINE#         49
  C:4873H         LINE#         50
  C:4873H         LINE#         52
  C:4875H         LINE#         55
  C:4875H         LINE#         56
  C:4878H         LINE#         57
  C:4881H         LINE#         58
  C:4888H         LINE#         59
  C:488EH         LINE#         60
  C:4897H         LINE#         61
  C:489EH         LINE#         62
  C:489EH         LINE#         66
  -------         ENDPROC       VONESTEPMOVE
  -------         PROC          _STEP_MOVE
  X:047CH         SYMBOL        step
  B:0020H.6       SYMBOL        dir
BL51 BANKED LINKER/LOCATER V6.22                                                      02/21/2019  13:50:48  PAGE 29


  -------         DO            
  X:047EH         SYMBOL        i
  -------         ENDDO         
  C:496DH         LINE#         68
  C:4975H         LINE#         69
  C:4975H         LINE#         71
  C:497AH         LINE#         74
  C:4995H         LINE#         75
  C:4995H         LINE#         76
  C:499CH         LINE#         78
  C:49ACH         LINE#         80
  -------         ENDPROC       _STEP_MOVE
  -------         PROC          _MOVE
  X:0478H         SYMBOL        distance
  B:0020H.5       SYMBOL        direction
  -------         DO            
  D:0006H         SYMBOL        step
  -------         ENDDO         
  C:4A9DH         LINE#         82
  C:4AA3H         LINE#         83
  C:4AA3H         LINE#         86
  C:4ABEH         LINE#         87
  -------         ENDPROC       _MOVE
  C:347CH         SYMBOL        L?0058
  C:3490H         SYMBOL        L?0059
  -------         PROC          L?0057
  -------         ENDPROC       L?0057
  C:347CH         SYMBOL        L?0058
  C:3490H         SYMBOL        L?0059
  -------         PROC          _FINDDET3X3
  X:05F5H         SYMBOL        a11
  X:05F9H         SYMBOL        a12
  X:05FDH         SYMBOL        a13
  X:0601H         SYMBOL        a21
  X:0605H         SYMBOL        a22
  X:0609H         SYMBOL        a23
  X:060DH         SYMBOL        a31
  X:0611H         SYMBOL        a32
  X:0615H         SYMBOL        a33
  C:349BH         LINE#         91
  C:34A1H         LINE#         95
  C:34A1H         LINE#         96
  C:3638H         LINE#         98
  -------         ENDPROC       _FINDDET3X3
  -------         PROC          _FINDDET4X4
  X:05B5H         SYMBOL        a11
  X:05B9H         SYMBOL        a12
  X:05BDH         SYMBOL        a13
  X:05C1H         SYMBOL        a14
  X:05C5H         SYMBOL        a21
  X:05C9H         SYMBOL        a22
  X:05CDH         SYMBOL        a23
  X:05D1H         SYMBOL        a24
  X:05D5H         SYMBOL        a31
  X:05D9H         SYMBOL        a32
  X:05DDH         SYMBOL        a33
  X:05E1H         SYMBOL        a34
BL51 BANKED LINKER/LOCATER V6.22                                                      02/21/2019  13:50:48  PAGE 30


  X:05E5H         SYMBOL        a41
  X:05E9H         SYMBOL        a42
  X:05EDH         SYMBOL        a43
  X:05F1H         SYMBOL        a44
  C:2D29H         LINE#         99
  C:2D2FH         LINE#         103
  C:2D2FH         LINE#         110
  C:2FE8H         LINE#         114
  -------         ENDPROC       _FINDDET4X4
  C:400CH         SYMBOL        L?0061
  -------         PROC          L?0060
  -------         ENDPROC       L?0060
  C:400CH         SYMBOL        L?0061
  -------         PROC          LINEAR_INTERPOLATE
  X:0478H         SYMBOL        p1
  X:0480H         SYMBOL        p2
  X:0488H         SYMBOL        x
  -------         DO            
  D:0004H         SYMBOL        fx
  -------         ENDDO         
  C:401DH         LINE#         120
  C:401DH         LINE#         121
  C:401DH         LINE#         124
  C:40BCH         LINE#         126
  C:40BCH         LINE#         127
  -------         ENDPROC       LINEAR_INTERPOLATE
  -------         PROC          _UPDATE_POSITION
  D:0001H         SYMBOL        mnths
  D:0002H         SYMBOL        dys
  X:03DBH         SYMBOL        hurs
  X:03DCH         SYMBOL        mns
  X:03DDH         SYMBOL        sconds
  X:03DEH         SYMBOL        currnt_pos
  X:03E1H         SYMBOL        offset_calib
  -------         DO            
  X:03E5H         SYMBOL        date
  X:03E7H         SYMBOL        i
  X:03E9H         SYMBOL        yy
  X:03EBH         SYMBOL        desired_distance
  X:03EFH         SYMBOL        distance
  X:03F3H         SYMBOL        JP_pos
  X:03F7H         SYMBOL        pos_interpolate_azimuth
  X:0433H         SYMBOL        current_local_sun_time
  X:0437H         SYMBOL        azimuth
  X:043BH         SYMBOL        elevation
  X:043FH         SYMBOL        time_offset
  X:0443H         SYMBOL        UTC_time
  X:0447H         SYMBOL        declination
  X:044BH         SYMBOL        p1
  X:0453H         SYMBOL        p2
  X:045BH         SYMBOL        time
  X:046DH         SYMBOL        location
  X:0475H         SYMBOL        sunCoord
  -------         ENDDO         
  C:000EH         LINE#         131
  C:0017H         LINE#         134
  C:0017H         LINE#         135
BL51 BANKED LINKER/LOCATER V6.22                                                      02/21/2019  13:50:48  PAGE 31


  C:0022H         LINE#         137
  C:003EH         LINE#         138
  C:0048H         LINE#         146
  C:0052H         LINE#         147
  C:005CH         LINE#         148
  C:0066H         LINE#         149
  C:0071H         LINE#         150
  C:007CH         LINE#         151
  C:0095H         LINE#         152
  C:00A6H         LINE#         153
  C:00B5H         LINE#         156
  C:00C9H         LINE#         160
  C:011BH         LINE#         161
  C:027FH         LINE#         162
  C:02CFH         LINE#         164
  C:03F7H         LINE#         166
  C:04C6H         LINE#         173
  C:050DH         LINE#         174
  C:050DH         LINE#         176
  C:0527H         LINE#         177
  C:0527H         LINE#         178
  C:0597H         LINE#         179
  C:0597H         LINE#         180
  C:059EH         LINE#         181
  C:059EH         LINE#         182
  C:05CBH         LINE#         183
  C:05E6H         LINE#         185
  C:062DH         LINE#         186
  C:0661H         LINE#         188
  C:06A7H         LINE#         189
  C:06CAH         LINE#         191
  C:06CAH         LINE#         193
  C:0740H         LINE#         194
  C:0740H         LINE#         195
  C:0747H         LINE#         196
  C:0747H         LINE#         197
  C:0774H         LINE#         198
  C:078FH         LINE#         200
  C:07D6H         LINE#         201
  C:080AH         LINE#         203
  C:0850H         LINE#         204
  C:0870H         LINE#         206
  C:0870H         LINE#         207
  C:0881H         LINE#         210
  C:089BH         LINE#         211
  C:089BH         LINE#         212
  C:090BH         LINE#         213
  C:090BH         LINE#         214
  C:0938H         LINE#         215
  C:0953H         LINE#         217
  C:0980H         LINE#         218
  C:099BH         LINE#         220
  C:09CDH         LINE#         223
  C:09CDH         LINE#         225
  C:09DEH         LINE#         227
  C:0A0DH         LINE#         229
  C:0A32H         LINE#         230
BL51 BANKED LINKER/LOCATER V6.22                                                      02/21/2019  13:50:48  PAGE 32


  C:0A97H         LINE#         231
  C:0A97H         LINE#         232
  C:0AB1H         LINE#         233
  C:0AC3H         LINE#         234
  C:0ADBH         LINE#         235
  C:0AF1H         LINE#         237
  C:0B0DH         LINE#         238
  C:0B0DH         LINE#         239
  C:0B0DH         LINE#         242
  -------         ENDPROC       _UPDATE_POSITION
  -------         ENDMOD        BIPOLARMOTOR

  -------         MODULE        SUNPOS
  C:0000H         SYMBOL        _ICE_DUMMY_
  C:1E8CH         PUBLIC        sunpos
  -------         PROC          SUNPOS
  X:0478H         SYMBOL        udtTime
  X:048AH         SYMBOL        udtLocation
  X:0492H         SYMBOL        udtSunCoordinates
  -------         DO            
  X:0495H         SYMBOL        dElapsedJulianDays
  X:0499H         SYMBOL        dDecimalHours
  X:049DH         SYMBOL        dEclipticLongitude
  X:04A1H         SYMBOL        dEclipticObliquity
  X:04A5H         SYMBOL        dRightAscension
  X:04A9H         SYMBOL        dDeclination
  X:04ADH         SYMBOL        dY
  X:04B1H         SYMBOL        dX
  -------         DO            
  X:04B5H         SYMBOL        dJulianDate
  X:04B9H         SYMBOL        liAux1
  X:04BDH         SYMBOL        liAux2
  X:04B5H         SYMBOL        dMeanLongitude
  X:04B9H         SYMBOL        dMeanAnomaly
  X:04BDH         SYMBOL        dOmega
  X:04B5H         SYMBOL        dSin_EclipticLongitude
  X:04B5H         SYMBOL        dGreenwichMeanSiderealTime
  X:04B9H         SYMBOL        dLocalMeanSiderealTime
  X:04BDH         SYMBOL        dLatitudeInRadians
  X:04C1H         SYMBOL        dHourAngle
  X:04C5H         SYMBOL        dCos_Latitude
  X:04C9H         SYMBOL        dSin_Latitude
  X:04CDH         SYMBOL        dCos_HourAngle
  X:04D1H         SYMBOL        dParallax
  -------         ENDDO         
  -------         DO            
  X:04B5H         SYMBOL        dMeanLongitude
  X:04B9H         SYMBOL        dMeanAnomaly
  X:04BDH         SYMBOL        dOmega
  X:04B5H         SYMBOL        dSin_EclipticLongitude
  X:04B5H         SYMBOL        dGreenwichMeanSiderealTime
  X:04B9H         SYMBOL        dLocalMeanSiderealTime
  X:04BDH         SYMBOL        dLatitudeInRadians
  X:04C1H         SYMBOL        dHourAngle
  X:04C5H         SYMBOL        dCos_Latitude
  X:04C9H         SYMBOL        dSin_Latitude
  X:04CDH         SYMBOL        dCos_HourAngle
BL51 BANKED LINKER/LOCATER V6.22                                                      02/21/2019  13:50:48  PAGE 33


  X:04D1H         SYMBOL        dParallax
  -------         ENDDO         
  -------         DO            
  X:04B5H         SYMBOL        dSin_EclipticLongitude
  X:04B5H         SYMBOL        dGreenwichMeanSiderealTime
  X:04B9H         SYMBOL        dLocalMeanSiderealTime
  X:04BDH         SYMBOL        dLatitudeInRadians
  X:04C1H         SYMBOL        dHourAngle
  X:04C5H         SYMBOL        dCos_Latitude
  X:04C9H         SYMBOL        dSin_Latitude
  X:04CDH         SYMBOL        dCos_HourAngle
  X:04D1H         SYMBOL        dParallax
  -------         ENDDO         
  -------         DO            
  X:04B5H         SYMBOL        dGreenwichMeanSiderealTime
  X:04B9H         SYMBOL        dLocalMeanSiderealTime
  X:04BDH         SYMBOL        dLatitudeInRadians
  X:04C1H         SYMBOL        dHourAngle
  X:04C5H         SYMBOL        dCos_Latitude
  X:04C9H         SYMBOL        dSin_Latitude
  X:04CDH         SYMBOL        dCos_HourAngle
  X:04D1H         SYMBOL        dParallax
  -------         ENDDO         
  -------         ENDDO         
  C:1E8CH         LINE#         6
  C:1E8CH         LINE#         7
  C:1E8CH         LINE#         9
  C:1E8CH         LINE#         27
  C:1ED6H         LINE#         30
  C:1EF7H         LINE#         31
  C:203EH         LINE#         34
  C:208AH         LINE#         36
  C:20A9H         LINE#         37
  C:20A9H         LINE#         42
  C:20A9H         LINE#         46
  C:20DBH         LINE#         47
  C:2105H         LINE#         48
  C:212FH         LINE#         49
  C:21DCH         LINE#         52
  C:223DH         LINE#         54
  C:223DH         LINE#         59
  C:223DH         LINE#         61
  C:2254H         LINE#         62
  C:227CH         LINE#         63
  C:2293H         LINE#         64
  C:22BEH         LINE#         65
  C:22F5H         LINE#         66
  C:2320H         LINE#         67
  C:2320H         LINE#         70
  C:2320H         LINE#         79
  C:235BH         LINE#         82
  C:2395H         LINE#         84
  C:23BAH         LINE#         85
  C:23D9H         LINE#         86
  C:23F0H         LINE#         87
  C:2407H         LINE#         88
  C:241EH         LINE#         89
BL51 BANKED LINKER/LOCATER V6.22                                                      02/21/2019  13:50:48  PAGE 34


  C:24A7H         LINE#         91
  C:24C1H         LINE#         92
  C:2523H         LINE#         93
  C:2559H         LINE#         94
  C:256BH         LINE#         95
  C:2598H         LINE#         96
  C:25C5H         LINE#         98
  C:25E7H         LINE#         100
  C:261FH         LINE#         103
  C:261FH         LINE#         104
  C:262DH         LINE#         105
  -------         ENDPROC       SUNPOS
  -------         ENDMOD        SUNPOS

  -------         MODULE        ADC
  C:0000H         SYMBOL        _ICE_DUMMY_
  D:0092H         PUBLIC        P1M0
  D:0091H         PUBLIC        P1M1
  D:0080H         PUBLIC        P0
  D:0090H         PUBLIC        P1
  D:00A0H         PUBLIC        P2
  D:00B0H         PUBLIC        P3
  D:00C0H         PUBLIC        P4
  D:00C8H         PUBLIC        P5
  D:00E8H         PUBLIC        P6
  D:00F8H         PUBLIC        P7
  D:00A8H         PUBLIC        IE
  D:00BDH         PUBLIC        ADC_RES
  D:00B8H         PUBLIC        IP
  D:0097H         PUBLIC        CLK_DIV
  D:00D8H         PUBLIC        CCON
  D:00BCH         PUBLIC        ADC_CONTR
  D:0098H         PUBLIC        SCON
  D:0088H         PUBLIC        TCON
  B:00A0H.4       PUBLIC        P24
  B:00A0H.5       PUBLIC        P25
  B:00A0H.6       PUBLIC        P26
  C:4B50H         PUBLIC        ADC_Init
  C:4A1BH         PUBLIC        _ADC_GetResult
  D:009DH         PUBLIC        P1ASF
  D:00BEH         PUBLIC        ADC_RESL
  D:00D0H         PUBLIC        PSW
  -------         PROC          ADC_INIT
  C:4B50H         LINE#         7
  C:4B50H         LINE#         8
  C:4B50H         LINE#         10
  C:4B52H         LINE#         11
[...]
  C:3EEBH         LINE#         141
  C:3EEDH         LINE#         143
  C:3EEDH         LINE#         144
  C:3EEDH         LINE#         145
  C:3EEDH         LINE#         146
  C:3EF0H         LINE#         147
  C:3EF7H         LINE#         149
  C:3F16H         LINE#         151
  C:3F18H         LINE#         152
  -------         ENDPROC       _AT25SF041_WRITE
  -------         PROC          _AT25SF041_READ
  D:0003H         SYMBOL        opcode
  X:0623H         SYMBOL        addr
  -------         DO            
  X:0627H         SYMBOL        dat
  X:0628H         SYMBOL        i
  -------         ENDDO         
  C:3D1EH         LINE#         156
  C:3D20H         LINE#         157
  C:3D20H         LINE#         158
  C:3D25H         LINE#         160
  C:3D27H         LINE#         161
  C:3D2DH         LINE#         165
  C:3D32H         LINE#         166
BL51 BANKED LINKER/LOCATER V6.22                                                      02/21/2019  13:50:48  PAGE 45


  C:3D32H         LINE#         167
  C:3D34H         LINE#         168
  C:3D37H         LINE#         169
  C:3D3BH         LINE#         170
  C:3D3BH         LINE#         171
  C:3D3DH         LINE#         172
  C:3D3FH         LINE#         174
  C:3D3FH         LINE#         175
  C:3D41H         LINE#         177
  C:3D41H         LINE#         178
  C:3D41H         LINE#         179
  C:3D41H         LINE#         180
  C:3D44H         LINE#         181
  C:3D48H         LINE#         184
  C:3D67H         LINE#         186
  C:3D6EH         LINE#         187
  C:3D6EH         LINE#         188
  C:3D70H         LINE#         189
  C:3D73H         LINE#         190
  C:3D8CH         LINE#         191
  C:3D8CH         LINE#         192
  C:3D8EH         LINE#         193
  C:3D90H         LINE#         195
  C:3D90H         LINE#         196
  C:3D92H         LINE#         198
  C:3D92H         LINE#         199
  C:3D92H         LINE#         200
  C:3D92H         LINE#         201
  C:3D95H         LINE#         202
  C:3DAEH         LINE#         204
  C:3DCDH         LINE#         207
  C:3DD4H         LINE#         209
  C:3DD6H         LINE#         210
  C:3DDDH         LINE#         212
  C:3DE4H         LINE#         213
  C:3DE4H         LINE#         214
  C:3DEBH         LINE#         215
  C:3DEBH         LINE#         216
  C:3DEEH         LINE#         217
  C:3DF0H         LINE#         218
  C:3DF3H         LINE#         220
  C:3DF6H         LINE#         221
  C:3DF6H         LINE#         223
  C:3DFAH         LINE#         224
  C:3DFAH         LINE#         230
  C:3E19H         LINE#         233
  C:3E1BH         LINE#         234
  C:3E1EH         LINE#         235
  C:3E23H         LINE#         237
  -------         ENDPROC       _AT25SF041_READ
  -------         PROC          READ_STATUS_REGISTER_BYTE1
  -------         DO            
  D:0003H         SYMBOL        dat
  D:0001H         SYMBOL        opcode
  X:03D1H         SYMBOL        count
  X:03D2H         SYMBOL        i
  -------         ENDDO         
BL51 BANKED LINKER/LOCATER V6.22                                                      02/21/2019  13:50:48  PAGE 46


  C:42D1H         LINE#         241
  C:42D1H         LINE#         242
  C:42D1H         LINE#         243
  C:42D7H         LINE#         244
  C:42DBH         LINE#         245
  C:42DDH         LINE#         246
  C:42DFH         LINE#         247
  C:42E5H         LINE#         251
  C:42ECH         LINE#         252
  C:42ECH         LINE#         253
  C:42EEH         LINE#         254
  C:42F1H         LINE#         255
  C:42F5H         LINE#         256
  C:42F5H         LINE#         257
  C:42F7H         LINE#         258
  C:42F9H         LINE#         260
  C:42F9H         LINE#         261
  C:42FBH         LINE#         263
  C:42FBH         LINE#         264
  C:42FBH         LINE#         265
  C:42FBH         LINE#         266
  C:42FEH         LINE#         267
  C:4302H         LINE#         270
  C:4321H         LINE#         274
  C:4328H         LINE#         276
  C:432AH         LINE#         277
  C:4331H         LINE#         278
  C:4338H         LINE#         279
  C:4338H         LINE#         280
  C:433CH         LINE#         281
  C:433CH         LINE#         282
  C:433FH         LINE#         283
  C:4341H         LINE#         284
  C:4344H         LINE#         286
  C:4347H         LINE#         287
  C:4347H         LINE#         289
  C:434BH         LINE#         290
  C:434BH         LINE#         292
  C:436AH         LINE#         296
  C:436CH         LINE#         297
  C:436FH         LINE#         298
  C:4371H         LINE#         299
  -------         ENDPROC       READ_STATUS_REGISTER_BYTE1
  -------         PROC          SPI_NOR_WRITE_DATA
  X:03C0H         SYMBOL        dat
  X:03CCH         SYMBOL        addr
  C:3289H         LINE#         301
  C:3289H         LINE#         302
  C:3289H         LINE#         303
  C:32A2H         LINE#         304
  C:32A2H         LINE#         305
  C:32A5H         LINE#         306
  C:32ACH         LINE#         307
  C:32AFH         LINE#         308
  C:32B6H         LINE#         309
  C:32B6H         LINE#         311
  C:32B9H         LINE#         312
BL51 BANKED LINKER/LOCATER V6.22                                                      02/21/2019  13:50:48  PAGE 47


  C:32C0H         LINE#         313
  C:32DAH         LINE#         315
  C:32F8H         LINE#         316
  C:32FFH         LINE#         317
  C:3302H         LINE#         318
  C:331CH         LINE#         319
  C:331CH         LINE#         321
  C:331CH         LINE#         322
  C:331FH         LINE#         323
  C:3326H         LINE#         324
  C:3340H         LINE#         325
  C:3340H         LINE#         327
  C:3340H         LINE#         328
  C:3343H         LINE#         329
  C:334AH         LINE#         330
  C:3364H         LINE#         331
  C:3364H         LINE#         333
  C:3364H         LINE#         334
  C:3367H         LINE#         335
  C:336EH         LINE#         336
  C:3388H         LINE#         337
  C:3388H         LINE#         339
  C:3388H         LINE#         340
  C:338BH         LINE#         341
  C:3392H         LINE#         342
  C:33ACH         LINE#         343
  C:33ACH         LINE#         344
  C:33ACH         LINE#         345
  C:33AFH         LINE#         346
  C:33B6H         LINE#         347
  C:33D0H         LINE#         348
  C:33D0H         LINE#         350
  C:33D0H         LINE#         351
  C:33D3H         LINE#         352
  C:33DAH         LINE#         353
  C:33F5H         LINE#         354
  C:33F5H         LINE#         356
  C:33F5H         LINE#         357
  C:33F8H         LINE#         358
  C:33FFH         LINE#         359
  C:3419H         LINE#         360
  C:3419H         LINE#         362
  C:3419H         LINE#         363
  C:341CH         LINE#         364
  C:3423H         LINE#         365
  C:343DH         LINE#         366
  C:343DH         LINE#         368
  C:343DH         LINE#         369
  C:3440H         LINE#         370
  C:3447H         LINE#         371
  C:3461H         LINE#         372
  -------         ENDPROC       SPI_NOR_WRITE_DATA
  -------         ENDMOD        AT25SF041

  -------         MODULE        ?C_STARTUP
  C:4540H         SEGMENT       ?C_C51STARTUP
  I:0022H         SEGMENT       ?STACK
BL51 BANKED LINKER/LOCATER V6.22                                                      02/21/2019  13:50:48  PAGE 48


  C:0000H         PUBLIC        ?C_STARTUP
  D:00E0H         SYMBOL        ACC
  D:00F0H         SYMBOL        B
  D:0083H         SYMBOL        DPH
  D:0082H         SYMBOL        DPL
  N:0000H         SYMBOL        IBPSTACK
  N:0100H         SYMBOL        IBPSTACKTOP
  N:0080H         SYMBOL        IDATALEN
  C:4543H         SYMBOL        IDATALOOP
  N:0000H         SYMBOL        PBPSTACK
  N:0100H         SYMBOL        PBPSTACKTOP
  N:0000H         SYMBOL        PDATALEN
  N:0000H         SYMBOL        PDATASTART
  N:0000H         SYMBOL        PPAGE
  N:0000H         SYMBOL        PPAGEENABLE
  D:00A0H         SYMBOL        PPAGE_SFR
  D:0081H         SYMBOL        SP
  C:4540H         SYMBOL        STARTUP1
  N:0000H         SYMBOL        XBPSTACK
  N:0000H         SYMBOL        XBPSTACKTOP
  N:0000H         SYMBOL        XDATALEN
  N:0000H         SYMBOL        XDATASTART
  C:0000H         LINE#         126
  C:4540H         LINE#         133
  C:4542H         LINE#         134
  C:4543H         LINE#         135
  C:4544H         LINE#         136
  C:4546H         LINE#         185
  C:4549H         LINE#         196
  -------         ENDMOD        ?C_STARTUP

  -------         MODULE        ?C?FPADD
  C:14DDH         PUBLIC        ?C?FPADD
  C:14D9H         PUBLIC        ?C?FPSUB
  -------         ENDMOD        ?C?FPADD

  -------         MODULE        ?C?FPMUL
  C:15CEH         PUBLIC        ?C?FPMUL
  -------         ENDMOD        ?C?FPMUL

  -------         MODULE        ?C?FPDIV
  C:16D7H         PUBLIC        ?C?FPDIV
  -------         ENDMOD        ?C?FPDIV

  -------         MODULE        ?C?FPCMP
  C:1776H         PUBLIC        ?C?FPCMP
  C:1774H         PUBLIC        ?C?FPCMP3
  -------         ENDMOD        ?C?FPCMP

  -------         MODULE        ?C?FPNEG
  C:17EDH         PUBLIC        ?C?FPNEG
  -------         ENDMOD        ?C?FPNEG

  -------         MODULE        ?C?FCAST
  C:1808H         PUBLIC        ?C?FCASTC
  C:1803H         PUBLIC        ?C?FCASTI
  C:17FEH         PUBLIC        ?C?FCASTL
BL51 BANKED LINKER/LOCATER V6.22                                                      02/21/2019  13:50:48  PAGE 49


  -------         ENDMOD        ?C?FCAST

  -------         MODULE        ?C?CASTF
  C:183CH         PUBLIC        ?C?CASTF
  -------         ENDMOD        ?C?CASTF

  -------         MODULE        ATAN2
  X:04D5H         PUBLIC        ?_atan2?BYTE
  C:4372H         PUBLIC        _atan2
  -------         ENDMOD        ATAN2

  -------         MODULE        SIN
  C:380EH         PUBLIC        _COS
  C:3824H         PUBLIC        _SIN
  C:3860H         PUBLIC        _TAN
  -------         ENDMOD        SIN

  -------         MODULE        ACOS
  C:489FH         PUBLIC        _ACOS
  -------         ENDMOD        ACOS

  -------         MODULE        ASIN
  C:49ADH         PUBLIC        _ASIN
  -------         ENDMOD        ASIN

  -------         MODULE        SQRT
  C:4229H         PUBLIC        _SQRT
  -------         ENDMOD        SQRT

  -------         MODULE        ATAN
  C:3C1CH         PUBLIC        _ATAN
  -------         ENDMOD        ATAN

  -------         MODULE        ?C?COPY
  C:19DAH         PUBLIC        ?C?COPY
  -------         ENDMOD        ?C?COPY

  -------         MODULE        ?C?CLDPTR
  C:1A00H         PUBLIC        ?C?CLDPTR
  -------         ENDMOD        ?C?CLDPTR

  -------         MODULE        ?C?CLDOPTR
  C:1A19H         PUBLIC        ?C?CLDOPTR
  -------         ENDMOD        ?C?CLDOPTR

  -------         MODULE        ?C?CSTPTR
  C:1A46H         PUBLIC        ?C?CSTPTR
  -------         ENDMOD        ?C?CSTPTR

  -------         MODULE        ?C?IMUL
  C:1A58H         PUBLIC        ?C?IMUL
  -------         ENDMOD        ?C?IMUL

  -------         MODULE        ?C?UIDIV
  C:1A6AH         PUBLIC        ?C?UIDIV
  -------         ENDMOD        ?C?UIDIV

BL51 BANKED LINKER/LOCATER V6.22                                                      02/21/2019  13:50:48  PAGE 50


  -------         MODULE        ?C?SIDIV
  C:1ABFH         PUBLIC        ?C?SIDIV
  -------         ENDMOD        ?C?SIDIV

  -------         MODULE        ?C?ILDIX
  C:1AF5H         PUBLIC        ?C?ILDIX
  -------         ENDMOD        ?C?ILDIX

  -------         MODULE        ?C?ILDOPTR
  C:1B0BH         PUBLIC        ?C?ILDOPTR
  -------         ENDMOD        ?C?ILDOPTR

  -------         MODULE        ?C?ISTPTR
  C:1B43H         PUBLIC        ?C?ISTPTR
  -------         ENDMOD        ?C?ISTPTR

  -------         MODULE        ?C?LMUL
  C:1B62H         PUBLIC        ?C?LMUL
  -------         ENDMOD        ?C?LMUL

  -------         MODULE        ?C?SLDIV
  C:48E9H         PUBLIC        ?C?SLDIV
  -------         ENDMOD        ?C?SLDIV

  -------         MODULE        ?C?LNEG
  C:1BB1H         PUBLIC        ?C?LNEG
  -------         ENDMOD        ?C?LNEG

  -------         MODULE        ?C?ULCMP
  C:1BBFH         PUBLIC        ?C?ULCMP
  -------         ENDMOD        ?C?ULCMP

  -------         MODULE        ?C?LSHL
  C:1BD0H         PUBLIC        ?C?LSHL
  -------         ENDMOD        ?C?LSHL

  -------         MODULE        ?C?LLDPTR
  C:1BE3H         PUBLIC        ?C?LLDPTR
  -------         ENDMOD        ?C?LLDPTR

  -------         MODULE        ?C?LLDOPTR
  C:1C03H         PUBLIC        ?C?LLDOPTR
  -------         ENDMOD        ?C?LLDOPTR

  -------         MODULE        ?C?LSTPTR
  C:1C33H         PUBLIC        ?C?LSTPTR
  -------         ENDMOD        ?C?LSTPTR

  -------         MODULE        ?C?LSTOPTR
  C:1C4DH         PUBLIC        ?C?LSTOPTR
  -------         ENDMOD        ?C?LSTOPTR

  -------         MODULE        ?C?LLDXDATA
  C:1C71H         PUBLIC        ?C?LLDXDATA
  -------         ENDMOD        ?C?LLDXDATA

  -------         MODULE        ?C?LLDCODE
BL51 BANKED LINKER/LOCATER V6.22                                                      02/21/2019  13:50:48  PAGE 51


  C:1C7DH         PUBLIC        ?C?LLDCODE
  -------         ENDMOD        ?C?LLDCODE

  -------         MODULE        ?C?LLDXDATA0
  C:1C8DH         PUBLIC        ?C?LLDXDATA0
  -------         ENDMOD        ?C?LLDXDATA0

  -------         MODULE        ?C?LLDCODE0
  C:1C99H         PUBLIC        ?C?LLDCODE0
  -------         ENDMOD        ?C?LLDCODE0

  -------         MODULE        ?C?LLDPTR0
  C:1CA9H         PUBLIC        ?C?LLDPTR0
  -------         ENDMOD        ?C?LLDPTR0

  -------         MODULE        ?C?LSTXDATA
  C:1CC9H         PUBLIC        ?C?LSTXDATA
  -------         ENDMOD        ?C?LSTXDATA

  -------         MODULE        ?C?LSTKXDATA
  C:1CD5H         PUBLIC        ?C?LSTKXDATA
  -------         ENDMOD        ?C?LSTKXDATA

  -------         MODULE        ?C?LSTKPTR
  C:1D06H         PUBLIC        ?C?LSTKPTR
  -------         ENDMOD        ?C?LSTKPTR

  -------         MODULE        ?C?OFFXADD
  C:1D20H         PUBLIC        ?C?OFFXADD
  -------         ENDMOD        ?C?OFFXADD

  -------         MODULE        ABS
  C:4CD5H         PUBLIC        _ABS
  -------         ENDMOD        ABS

  -------         MODULE        ATOI
  C:3F1FH         PUBLIC        _atoi
  -------         ENDMOD        ATOI

  -------         MODULE        ?C?IILDX
  C:1D2CH         PUBLIC        ?C?IILDX
  -------         ENDMOD        ?C?IILDX

  -------         MODULE        ?C?ULDIV
  C:1D7EH         PUBLIC        ?C?ULDIV
  -------         ENDMOD        ?C?ULDIV

  -------         MODULE        ?C?LLDIDATA
  C:1E10H         PUBLIC        ?C?LLDIDATA
  -------         ENDMOD        ?C?LLDIDATA

  -------         MODULE        ?C?LLDPDATA
  C:1E1CH         PUBLIC        ?C?LLDPDATA
  -------         ENDMOD        ?C?LLDPDATA

  -------         MODULE        ?C?LLDIDATA0
  C:1E28H         PUBLIC        ?C?LLDIDATA0
BL51 BANKED LINKER/LOCATER V6.22                                                      02/21/2019  13:50:48  PAGE 52


  -------         ENDMOD        ?C?LLDIDATA0

  -------         MODULE        ?C?LLDPDATA0
  C:1E35H         PUBLIC        ?C?LLDPDATA0
  -------         ENDMOD        ?C?LLDPDATA0

  -------         MODULE        ?C?LSTIDATA
  C:1E42H         PUBLIC        ?C?LSTIDATA
  -------         ENDMOD        ?C?LSTIDATA

  -------         MODULE        ?C?LSTPDATA
  C:1E4EH         PUBLIC        ?C?LSTPDATA
  -------         ENDMOD        ?C?LSTPDATA

  -------         MODULE        ?C?LSTKIDATA
  C:1E5AH         PUBLIC        ?C?LSTKIDATA
  -------         ENDMOD        ?C?LSTKIDATA

  -------         MODULE        ?C?LSTKPDATA
  C:1E73H         PUBLIC        ?C?LSTKPDATA
  -------         ENDMOD        ?C?LSTKPDATA

  -------         MODULE        ISDIGIT
  C:4CADH         PUBLIC        _isdigit
  -------         ENDMOD        ISDIGIT

  -------         MODULE        ISSPACE
  C:4C48H         PUBLIC        _isspace
  -------         ENDMOD        ISSPACE

*** WARNING L16: UNCALLED SEGMENT, IGNORED FOR OVERLAY PROCESS
    SEGMENT: ?PR?_DISPLAY_PROX?MAIN

*** WARNING L16: UNCALLED SEGMENT, IGNORED FOR OVERLAY PROCESS
    SEGMENT: ?PR?_DAY_OF_YEAR?PCF85063BTL

*** WARNING L16: UNCALLED SEGMENT, IGNORED FOR OVERLAY PROCESS
    SEGMENT: ?PR?INITUART1?UART1

*** WARNING L16: UNCALLED SEGMENT, IGNORED FOR OVERLAY PROCESS
    SEGMENT: ?PR?_SENDSTRING?UART1

*** WARNING L16: UNCALLED SEGMENT, IGNORED FOR OVERLAY PROCESS
    SEGMENT: ?PR?_TEN?UART1

*** WARNING L16: UNCALLED SEGMENT, IGNORED FOR OVERLAY PROCESS
    SEGMENT: ?PR?_UNIT?UART1

*** WARNING L16: UNCALLED SEGMENT, IGNORED FOR OVERLAY PROCESS
    SEGMENT: ?PR?_DECTOBCD?UART1

*** WARNING L16: UNCALLED SEGMENT, IGNORED FOR OVERLAY PROCESS
    SEGMENT: ?PR?_ASCII_LETTER?UART1

*** WARNING L16: UNCALLED SEGMENT, IGNORED FOR OVERLAY PROCESS
    SEGMENT: ?PR?_ASCIITOBCD?UART1

BL51 BANKED LINKER/LOCATER V6.22                                                      02/21/2019  13:50:48  PAGE 53


*** WARNING L16: UNCALLED SEGMENT, IGNORED FOR OVERLAY PROCESS
    SEGMENT: ?PR?WAIT?BIPOLARMOTOR

*** WARNING L16: UNCALLED SEGMENT, IGNORED FOR OVERLAY PROCESS
    SEGMENT: ?PR?_FINDDET4X4?BIPOLARMOTOR

*** WARNING L16: UNCALLED SEGMENT, IGNORED FOR OVERLAY PROCESS
    SEGMENT: ?PR?NOP?IOEXPANDER_PI4IOE5V96248

*** WARNING L16: UNCALLED SEGMENT, IGNORED FOR OVERLAY PROCESS
    SEGMENT: ?PR?UC_ACK?IOEXPANDER_PI4IOE5V96248

*** WARNING L16: UNCALLED SEGMENT, IGNORED FOR OVERLAY PROCESS
    SEGMENT: ?PR?UC_NACK?IOEXPANDER_PI4IOE5V96248

*** WARNING L16: UNCALLED SEGMENT, IGNORED FOR OVERLAY PROCESS
    SEGMENT: ?PR?_AT25SF041_READ?AT25SF041

*** WARNING L1: UNRESOLVED EXTERNAL SYMBOL
    SYMBOL:  AUTO_MODE
    MODULE:  .\Obj\main.obj (MAIN)

*** WARNING L2: REFERENCE MADE TO UNRESOLVED EXTERNAL
    SYMBOL:  AUTO_MODE
    MODULE:  .\Obj\main.obj (MAIN)
    ADDRESS: 0B41H

*** WARNING L2: REFERENCE MADE TO UNRESOLVED EXTERNAL
    SYMBOL:  AUTO_MODE
    MODULE:  .\Obj\main.obj (MAIN)
    ADDRESS: 0CB6H

*** WARNING L2: REFERENCE MADE TO UNRESOLVED EXTERNAL
    SYMBOL:  AUTO_MODE
    MODULE:  .\Obj\main.obj (MAIN)
    ADDRESS: 0CC4H

*** WARNING L2: REFERENCE MADE TO UNRESOLVED EXTERNAL
    SYMBOL:  AUTO_MODE
    MODULE:  .\Obj\main.obj (MAIN)
    ADDRESS: 0CD6H

*** WARNING L2: REFERENCE MADE TO UNRESOLVED EXTERNAL
    SYMBOL:  AUTO_MODE
    MODULE:  .\Obj\main.obj (MAIN)
    ADDRESS: 0D18H

*** WARNING L2: REFERENCE MADE TO UNRESOLVED EXTERNAL
    SYMBOL:  AUTO_MODE
    MODULE:  .\Obj\main.obj (MAIN)
    ADDRESS: 0DEBH

*** WARNING L1: UNRESOLVED EXTERNAL SYMBOL
    SYMBOL:  _SENDUART1
    MODULE:  .\Obj\UART1.obj (UART1)

*** WARNING L2: REFERENCE MADE TO UNRESOLVED EXTERNAL
BL51 BANKED LINKER/LOCATER V6.22                                                      02/21/2019  13:50:48  PAGE 54


    SYMBOL:  _SENDUART1
    MODULE:  .\Obj\UART1.obj (UART1)
    ADDRESS: 4A16H

*** WARNING L1: UNRESOLVED EXTERNAL SYMBOL
    SYMBOL:  AUTO_MODE
    MODULE:  .\Obj\KeyPad.obj (KEYPAD)

*** WARNING L2: REFERENCE MADE TO UNRESOLVED EXTERNAL
    SYMBOL:  AUTO_MODE
    MODULE:  .\Obj\KeyPad.obj (KEYPAD)
    ADDRESS: 3036H

*** WARNING L2: REFERENCE MADE TO UNRESOLVED EXTERNAL
    SYMBOL:  AUTO_MODE
    MODULE:  .\Obj\KeyPad.obj (KEYPAD)
    ADDRESS: 3041H

*** WARNING L2: REFERENCE MADE TO UNRESOLVED EXTERNAL
    SYMBOL:  AUTO_MODE
    MODULE:  .\Obj\KeyPad.obj (KEYPAD)
    ADDRESS: 3048H

Program Size: data=10.2 xdata=1592 code=19719
LINK/LOCATE RUN COMPLETE.  28 WARNING(S),  0 ERROR(S)
