BL51 BANKED LINKER/LOCATER V6.22                                                        05/29/2019  12:20:14  PAGE 1


BL51 BANKED LINKER/LOCATER V6.22, INVOKED BY:
C:\KEIL_V5\C51\BIN\BL51.EXE .\Obj\main.obj, .\Obj\PCF85063BTL.obj, .\Obj\LCd_Driver_SPLC780D.obj, .\Obj\KeyPad.obj, .\Ob
>> j\BipolarMotor.obj, .\Obj\SunPos.obj, .\Obj\ADC.obj, .\Obj\Calibration.obj, .\Obj\IOExpander_PI4IOE5V96248.obj, .\Obj
>> \AT25SF041.obj, .\Obj\SI1120.obj, .\Obj\UART1.obj, .\Obj\STARTUP.obj TO .\Obj\GPIO_RTC_Test PRINT (.\Lis\GPIO_RTC_Tes
>> t.m51) RAMSIZE (256)


MEMORY MODEL: LARGE WITH FLOATING POINT ARITHMETIC


INPUT MODULES INCLUDED:
  .\Obj\main.obj (MAIN)
  .\Obj\PCF85063BTL.obj (PCF85063BTL)
  .\Obj\LCd_Driver_SPLC780D.obj (LCD_DRIVER_SPLC780D)
  .\Obj\KeyPad.obj (KEYPAD)
  .\Obj\BipolarMotor.obj (BIPOLARMOTOR)
  .\Obj\SunPos.obj (SUNPOS)
  .\Obj\ADC.obj (ADC)
  .\Obj\Calibration.obj (CALIBRATION)
  .\Obj\IOExpander_PI4IOE5V96248.obj (IOEXPANDER_PI4IOE5V96248)
  .\Obj\AT25SF041.obj (AT25SF041)
  .\Obj\SI1120.obj (SI1120)
  .\Obj\UART1.obj (UART1)
  .\Obj\STARTUP.obj (?C_STARTUP)
  C:\KEIL_V5\C51\LIB\C51FPL.LIB (?C?FPADD)
  C:\KEIL_V5\C51\LIB\C51FPL.LIB (?C?FPMUL)
  C:\KEIL_V5\C51\LIB\C51FPL.LIB (?C?FPDIV)
  C:\KEIL_V5\C51\LIB\C51FPL.LIB (?C?FPCMP)
  C:\KEIL_V5\C51\LIB\C51FPL.LIB (?C?FPNEG)
  C:\KEIL_V5\C51\LIB\C51FPL.LIB (?C?FCAST)
  C:\KEIL_V5\C51\LIB\C51FPL.LIB (?C?CASTF)
  C:\KEIL_V5\C51\LIB\C51FPL.LIB (ATAN2)
  C:\KEIL_V5\C51\LIB\C51FPL.LIB (SIN)
  C:\KEIL_V5\C51\LIB\C51FPL.LIB (ACOS)
  C:\KEIL_V5\C51\LIB\C51FPL.LIB (ASIN)
  C:\KEIL_V5\C51\LIB\C51FPL.LIB (POW)
  C:\KEIL_V5\C51\LIB\C51FPL.LIB (?C?FPGETOPN)
  C:\KEIL_V5\C51\LIB\C51FPL.LIB (?C?CHKFLOAT)
  C:\KEIL_V5\C51\LIB\C51FPL.LIB (?C?FPSERIES)
  C:\KEIL_V5\C51\LIB\C51FPL.LIB (EXP)
  C:\KEIL_V5\C51\LIB\C51FPL.LIB (LOG)
  C:\KEIL_V5\C51\LIB\C51FPL.LIB (SQRT)
  C:\KEIL_V5\C51\LIB\C51FPL.LIB (ATAN)
  C:\KEIL_V5\C51\LIB\C51L.LIB (?C_INIT)
  C:\KEIL_V5\C51\LIB\C51L.LIB (?C?COPY)
  C:\KEIL_V5\C51\LIB\C51L.LIB (?C?CLDPTR)
  C:\KEIL_V5\C51\LIB\C51L.LIB (?C?CLDOPTR)
  C:\KEIL_V5\C51\LIB\C51L.LIB (?C?CSTPTR)
  C:\KEIL_V5\C51\LIB\C51L.LIB (?C?IMUL)
  C:\KEIL_V5\C51\LIB\C51L.LIB (?C?UIDIV)
  C:\KEIL_V5\C51\LIB\C51L.LIB (?C?SIDIV)
  C:\KEIL_V5\C51\LIB\C51L.LIB (?C?ILDIX)
  C:\KEIL_V5\C51\LIB\C51L.LIB (?C?ILDOPTR)
  C:\KEIL_V5\C51\LIB\C51L.LIB (?C?ISTPTR)
  C:\KEIL_V5\C51\LIB\C51L.LIB (?C?LMUL)
  C:\KEIL_V5\C51\LIB\C51L.LIB (?C?SLDIV)
  C:\KEIL_V5\C51\LIB\C51L.LIB (?C?LNEG)
  C:\KEIL_V5\C51\LIB\C51L.LIB (?C?ULCMP)
BL51 BANKED LINKER/LOCATER V6.22                                                      05/29/2019  12:20:14  PAGE 2


  C:\KEIL_V5\C51\LIB\C51L.LIB (?C?LSHL)
  C:\KEIL_V5\C51\LIB\C51L.LIB (?C?LLDPTR)
  C:\KEIL_V5\C51\LIB\C51L.LIB (?C?LLDOPTR)
  C:\KEIL_V5\C51\LIB\C51L.LIB (?C?LSTPTR)
  C:\KEIL_V5\C51\LIB\C51L.LIB (?C?LSTOPTR)
  C:\KEIL_V5\C51\LIB\C51L.LIB (?C?LLDXDATA)
  C:\KEIL_V5\C51\LIB\C51L.LIB (?C?LLDCODE)
  C:\KEIL_V5\C51\LIB\C51L.LIB (?C?LLDXDATA0)
  C:\KEIL_V5\C51\LIB\C51L.LIB (?C?LLDCODE0)
  C:\KEIL_V5\C51\LIB\C51L.LIB (?C?LLDPTR0)
  C:\KEIL_V5\C51\LIB\C51L.LIB (?C?LSTXDATA)
  C:\KEIL_V5\C51\LIB\C51L.LIB (?C?LSTKXDATA)
  C:\KEIL_V5\C51\LIB\C51L.LIB (?C?LSTKPTR)
  C:\KEIL_V5\C51\LIB\C51L.LIB (?C?OFFXADD)
  C:\KEIL_V5\C51\LIB\C51L.LIB (ATOI)
  C:\KEIL_V5\C51\LIB\C51L.LIB (?C?IILDX)
  C:\KEIL_V5\C51\LIB\C51L.LIB (?C?ULDIV)
  C:\KEIL_V5\C51\LIB\C51L.LIB (?C?LLDIDATA)
  C:\KEIL_V5\C51\LIB\C51L.LIB (?C?LLDPDATA)
  C:\KEIL_V5\C51\LIB\C51L.LIB (?C?LLDIDATA0)
  C:\KEIL_V5\C51\LIB\C51L.LIB (?C?LLDPDATA0)
  C:\KEIL_V5\C51\LIB\C51L.LIB (?C?LSTIDATA)
  C:\KEIL_V5\C51\LIB\C51L.LIB (?C?LSTPDATA)
  C:\KEIL_V5\C51\LIB\C51L.LIB (?C?LSTKIDATA)
  C:\KEIL_V5\C51\LIB\C51L.LIB (?C?LSTKPDATA)
  C:\KEIL_V5\C51\LIB\C51L.LIB (ISDIGIT)
  C:\KEIL_V5\C51\LIB\C51L.LIB (ISSPACE)


LINK MAP OF MODULE:  .\Obj\GPIO_RTC_Test (MAIN)


            TYPE    BASE      LENGTH    RELOCATION   SEGMENT NAME
            -----------------------------------------------------

            * * * * * * *   D A T A   M E M O R Y   * * * * * * *
            REG     0000H     0008H     ABSOLUTE     "REG BANK 0"
                    0008H     0018H                  *** GAP ***
            BIT     0020H.0   0000H.3   UNIT         _BIT_GROUP_
            BIT     0020H.3   0000H.2   UNIT         ?BI?ATAN?ATAN
            BIT     0020H.5   0000H.1   UNIT         ?BI?MAIN
            BIT     0020H.6   0000H.1   UNIT         ?BI?_MOVE?BIPOLARMOTOR
            BIT     0020H.7   0000H.1   UNIT         ?BI?SIN?SIN
            BIT     0021H.0   0000H.1   UNIT         ?BI?_ATOI?ATOI
                    0021H.1   0000H.7                *** GAP ***
            IDATA   0022H     0001H     UNIT         ?STACK

            * * * * * * *  X D A T A   M E M O R Y  * * * * * * *
            XDATA   0000H     03BCH     UNIT         ?XD?BIPOLARMOTOR
            XDATA   03BCH     0101H     UNIT         ?XD?MAIN
            XDATA   04BDH     00BBH     UNIT         ?XD?_FIND_REAL_MAX?CALIBRATION
            XDATA   0578H     005DH     UNIT         ?XD?SUNPOS?SUNPOS
            XDATA   05D5H     005CH     UNIT         ?XD?_THEORICALJP_POSITION?BIPOLARMOTOR
            XDATA   0631H     004BH     UNIT         _XDATA_GROUP_
            XDATA   067CH     0026H     UNIT         ?XD?_UPDATE_POSITION?BIPOLARMOTOR
            XDATA   06A2H     0024H     UNIT         ?XD?_CALIBRATION?CALIBRATION
            XDATA   06C6H     0019H     UNIT         ?XD?KEYPAD
BL51 BANKED LINKER/LOCATER V6.22                                                      05/29/2019  12:20:14  PAGE 3


            XDATA   06DFH     0018H     UNIT         ?XD?VOLTAGE_IS_STABLE?CALIBRATION
            XDATA   06F7H     0014H     UNIT         ?XD?LINEAR_INTERPOLATE?BIPOLARMOTOR
            XDATA   070BH     000EH     UNIT         ?XD?SPI_NOR_WRITE_DATA?AT25SF041
            XDATA   0719H     0008H     UNIT         ?XD?_AT25SF041_WRITE?AT25SF041
            XDATA   0721H     0008H     UNIT         ?XD?_AT25SF041_READ?AT25SF041
            XDATA   0729H     0008H     UNIT         ?XD?_ATAN2?ATAN2
            XDATA   0731H     0005H     UNIT         ?XD?_ELEVATION_CALCULATION?BIPOLARMOTOR
            XDATA   0736H     0005H     UNIT         ?XD?_ATOI?ATOI
            XDATA   073BH     0004H     UNIT         ?XD?_MOVE?BIPOLARMOTOR
            XDATA   073FH     0004H     UNIT         ?XD?_MAX_VALUE?CALIBRATION
            XDATA   0743H     0004H     UNIT         ?XD?SIN?SIN
            XDATA   0747H     0004H     UNIT         ?XD?SQRT?SQRT
            XDATA   074BH     0004H     UNIT         ?XD?ATAN?ATAN
            XDATA   074FH     0003H     UNIT         ?XD?_UART1_SENDTOTCPSERVER?UART1
            XDATA   0752H     0001H     UNIT         ?XD?UC_ACK?IOEXPANDER_PI4IOE5V96248
            XDATA   0753H     0001H     UNIT         ?XD?UC_NACK?IOEXPANDER_PI4IOE5V96248

            * * * * * * *   C O D E   M E M O R Y   * * * * * * *
            CODE    0000H     0003H     ABSOLUTE     
            CODE    0003H     0003H     ABSOLUTE     
            CODE    0006H     0005H     UNIT         ?PR?_UNIT?UART1
            CODE    000BH     0003H     ABSOLUTE     
            CODE    000EH     000DH     UNIT         ?PR?UART?MAIN
            CODE    001BH     0003H     ABSOLUTE     
            CODE    001EH     0005H     UNIT         ?PR?_ASCII_LETTER?UART1
            CODE    0023H     0003H     ABSOLUTE     
            CODE    0026H     09D0H     UNIT         ?C?LIB_CODE
            CODE    09F6H     07A2H     UNIT         ?PR?SUNPOS?SUNPOS
            CODE    1198H     063CH     UNIT         ?PR?_UPDATE_POSITION?BIPOLARMOTOR
            CODE    17D4H     04FCH     UNIT         ?PR?_FIND_REAL_MAX?CALIBRATION
            CODE    1CD0H     04FBH     UNIT         ?PR?_THEORICALJP_POSITION?BIPOLARMOTOR
            CODE    21CBH     040EH     UNIT         ?C_INITSEG
            CODE    25D9H     03E3H     UNIT         ?PR?MAIN?MAIN
            CODE    29BCH     038CH     UNIT         ?PR?KEY_PROCESS?KEYPAD
            CODE    2D48H     0380H     UNIT         ?PR?_ELEVATION_CALCULATION?BIPOLARMOTOR
            CODE    30C8H     01C7H     UNIT         ?PR?_CALIBRATION?CALIBRATION
            CODE    328FH     018DH     UNIT         ?PR?KEY_SCAN?KEYPAD
            CODE    341CH     0189H     UNIT         ?PR?SPI_NOR_WRITE_DATA?AT25SF041
            CODE    35A5H     0188H     UNIT         ?PR?SIN?SIN
            CODE    372DH     0166H     UNIT         ?PR?_POW?POW
            CODE    3893H     0155H     UNIT         ?PR?_DISPLAY_POS?LCD_DRIVER_SPLC780D
            CODE    39E8H     0129H     UNIT         ?PR?LOG?LOG
            CODE    3B11H     0122H     UNIT         ?PR?ATAN?ATAN
            CODE    3C33H     0110H     UNIT         ?PR?_AT25SF041_READ?AT25SF041
            CODE    3D43H     0102H     UNIT         ?PR?_AT25SF041_WRITE?AT25SF041
            CODE    3E45H     00F4H     UNIT         ?PR?EXINT0?MAIN
            CODE    3F39H     00DBH     UNIT         ?PR?_ATOI?ATOI
            CODE    4014H     00C3H     UNIT         ?PR?LINEAR_INTERPOLATE?BIPOLARMOTOR
            CODE    40D7H     00BBH     UNIT         ?PR?VOLTAGE_IS_STABLE?CALIBRATION
            CODE    4192H     00ADH     UNIT         ?PR?_WRITE_PI4IOE5V96248?IOEXPANDER_PI4IOE5V96248
            CODE    423FH     00ACH     UNIT         ?PR?SQRT?SQRT
            CODE    42EBH     00A1H     UNIT         ?PR?UCREAD_STATUS_REGISTER_BYTE1?AT25SF041
            CODE    438CH     009DH     UNIT         ?PR?_ATAN2?ATAN2
            CODE    4429H     009CH     UNIT         ?PR?_MAX_VALUE?CALIBRATION
            CODE    44C5H     009AH     UNIT         ?PR?EXP?EXP
            CODE    455FH     008CH     UNIT         ?C_C51STARTUP
            CODE    45EBH     0088H     UNIT         ?PR?_DAY_OF_YEAR?PCF85063BTL
BL51 BANKED LINKER/LOCATER V6.22                                                      05/29/2019  12:20:14  PAGE 4


            CODE    4673H     0079H     UNIT         ?PR?_WRITEDATA?LCD_DRIVER_SPLC780D
            CODE    46ECH     0072H     UNIT         ?PR?AT25SF041_WRITEENABLE?AT25SF041
            CODE    475EH     006FH     UNIT         ?PR?_READ_TIME?PCF85063BTL
            CODE    47CDH     005AH     UNIT         ?PR?AT25SF041_CHIPERASE?AT25SF041
            CODE    4827H     0059H     UNIT         ?PR?LCD_INIT?LCD_DRIVER_SPLC780D
            CODE    4880H     004AH     UNIT         ?PR?VONESTEPMOVE?BIPOLARMOTOR
            CODE    48CAH     004AH     UNIT         ?PR?ACOS?ACOS
            CODE    4914H     0044H     UNIT         ?C?LDIV
            CODE    4958H     0040H     UNIT         ?PR?_COMMAND?LCD_DRIVER_SPLC780D
            CODE    4998H     0040H     UNIT         ?PR?_STEP_MOVE?BIPOLARMOTOR
            CODE    49D8H     003FH     UNIT         ?CO?MAIN
            CODE    4A17H     003FH     UNIT         ?CO?UART1
            CODE    4A56H     003BH     UNIT         ?PR?ASIN?ASIN
            CODE    4A91H     0033H     UNIT         ?PR?_SENDSTRING?UART1
            CODE    4AC4H     0031H     UNIT         ?PR?SI1120_CONFIG_MODE_VIRH?SI1120
            CODE    4AF5H     002BH     UNIT         ?PR?_WAIT_MS_I2C?IOEXPANDER_PI4IOE5V96248
            CODE    4B20H     002BH     UNIT         ?PR?_WAIT_MS_SPINOR?AT25SF041
            CODE    4B4BH     002AH     UNIT         ?PR?_ADC_GETRESULT?ADC
            CODE    4B75H     0028H     UNIT         ?PR?_MOVE?BIPOLARMOTOR
            CODE    4B9DH     0027H     UNIT         ?PR?_I2C_SENDBYTE?IOEXPANDER_PI4IOE5V96248
            CODE    4BC4H     0025H     UNIT         ?PR?_FINDCLOSESTSAMEDAYCALIBTIME?CALIBRATION
            CODE    4BE9H     0024H     UNIT         ?PR?_WAIT_MS?LCD_DRIVER_SPLC780D
            CODE    4C0DH     0024H     UNIT         ?PR?_UART1_SENDTOTCPSERVER?UART1
            CODE    4C31H     0021H     UNIT         ?PR?TM0_ISR?MAIN
            CODE    4C52H     0020H     UNIT         ?PR?_SPI_SENDBYTE?PCF85063BTL
            CODE    4C72H     0020H     UNIT         ?PR?SPI_RECEIVEBYTE?PCF85063BTL
            CODE    4C92H     001EH     UNIT         ?PR?_DELAY_MS?KEYPAD
            CODE    4CB0H     001DH     UNIT         ?PR?_DISPLAYLCD?LCD_DRIVER_SPLC780D
            CODE    4CCDH     001BH     UNIT         ?PR?_BCDTODEC1?BIPOLARMOTOR
            CODE    4CE8H     001AH     UNIT         ?PR?ADC_INIT?ADC
            CODE    4D02H     0018H     UNIT         ?PR?_SPI_WRITETIME?PCF85063BTL
            CODE    4D1AH     0017H     UNIT         ?PR?_ASCIITOBCD?UART1
            CODE    4D31H     0016H     UNIT         ?PR?I2C_ACK?IOEXPANDER_PI4IOE5V96248
            CODE    4D47H     0015H     UNIT         ?PR?_DISPLAY_LINE?LCD_DRIVER_SPLC780D
            CODE    4D5CH     0015H     UNIT         ?PR?VSETLOCATION?BIPOLARMOTOR
            CODE    4D71H     0015H     UNIT         ?PR?I2C_STOP?IOEXPANDER_PI4IOE5V96248
            CODE    4D86H     0014H     UNIT         ?PR?_PCF85063BTL_DELAY?PCF85063BTL
            CODE    4D9AH     0014H     UNIT         ?PR?_ABS?LCD_DRIVER_SPLC780D
            CODE    4DAEH     0014H     UNIT         ?PR?_ISSPACE?ISSPACE
            CODE    4DC2H     0011H     UNIT         ?PR?_SPI_READTIME?PCF85063BTL
            CODE    4DD3H     0011H     UNIT         ?PR?_BCDTODEC?PCF85063BTL
            CODE    4DE4H     0011H     UNIT         ?PR?INITUART1?UART1
            CODE    4DF5H     000FH     UNIT         ?PR?I2C_START?IOEXPANDER_PI4IOE5V96248
            CODE    4E04H     000FH     UNIT         ?PR?UC_NACK?IOEXPANDER_PI4IOE5V96248
            CODE    4E13H     000FH     UNIT         ?PR?_ISDIGIT?ISDIGIT
            CODE    4E22H     000DH     UNIT         ?PR?SPI_INIT?PCF85063BTL
            CODE    4E2FH     000DH     UNIT         ?PR?ENABLE_EXTINT0?SI1120
            CODE    4E3CH     000CH     UNIT         ?PR?KEYPAD_IO_INIT?KEYPAD
            CODE    4E48H     000AH     UNIT         ?PR?LCD_RETURN_HOME?LCD_DRIVER_SPLC780D
            CODE    4E52H     000AH     UNIT         ?PR?LCD_CLEAR?LCD_DRIVER_SPLC780D
            CODE    4E5CH     0009H     UNIT         ?PR?TM1_ISR?MAIN
            CODE    4E65H     0009H     UNIT         ?PR?_SENDUART1?MAIN
            CODE    4E6EH     0009H     UNIT         ?PR?UART1_INITTCPCONN?UART1
            CODE    4E77H     0006H     UNIT         ?PR?UC_ACK?IOEXPANDER_PI4IOE5V96248
            CODE    4E7DH     0006H     UNIT         ?PR?_TEN?UART1
            CODE    4E83H     0001H     UNIT         ?PR?NOP?IOEXPANDER_PI4IOE5V96248
            CODE    4E84H     0001H     UNIT         ?PR?_DECTOBCD?UART1
BL51 BANKED LINKER/LOCATER V6.22                                                      05/29/2019  12:20:14  PAGE 5





OVERLAY MAP OF MODULE:   .\Obj\GPIO_RTC_Test (MAIN)


SEGMENT                                             BIT_GROUP          XDATA_GROUP
  +--> CALLED SEGMENT                            START    LENGTH     START    LENGTH
------------------------------------------------------------------------------------
?PR?EXINT0?MAIN                                  -----    -----      -----    -----
  +--> ?PR?_POW?POW

?PR?_POW?POW                                     -----    -----      0631H    000AH
  +--> ?PR?LOG?LOG
  +--> ?PR?EXP?EXP

?PR?LOG?LOG                                      0020H.0  0000H.1    063BH    0004H

*** NEW ROOT ***************************************************

?C_C51STARTUP                                    -----    -----      -----    -----
  +--> ?PR?MAIN?MAIN
  +--> ?C_INITSEG

?PR?MAIN?MAIN                                    -----    -----      063FH    002EH
  +--> ?PR?LCD_INIT?LCD_DRIVER_SPLC780D
  +--> ?PR?SPI_INIT?PCF85063BTL
  +--> ?PR?KEYPAD_IO_INIT?KEYPAD
  +--> ?PR?ADC_INIT?ADC
  +--> ?PR?SI1120_CONFIG_MODE_VIRH?SI1120
  +--> ?PR?ENABLE_EXTINT0?SI1120
  +--> ?PR?VSETLOCATION?BIPOLARMOTOR
  +--> ?PR?_SPI_WRITETIME?PCF85063BTL
  +--> ?PR?_DELAY_MS?KEYPAD
  +--> ?PR?_DISPLAY_LINE?LCD_DRIVER_SPLC780D
  +--> ?PR?_WRITEDATA?LCD_DRIVER_SPLC780D
  +--> ?PR?INITUART1?UART1
  +--> ?CO?MAIN
  +--> ?PR?_SENDSTRING?UART1
  +--> ?PR?KEY_PROCESS?KEYPAD
  +--> ?PR?_COMMAND?LCD_DRIVER_SPLC780D
  +--> ?PR?_DISPLAY_POS?LCD_DRIVER_SPLC780D
  +--> ?PR?_DISPLAYLCD?LCD_DRIVER_SPLC780D
  +--> ?PR?_STEP_MOVE?BIPOLARMOTOR
  +--> ?PR?LCD_RETURN_HOME?LCD_DRIVER_SPLC780D
  +--> ?PR?_READ_TIME?PCF85063BTL
  +--> ?PR?_BCDTODEC1?BIPOLARMOTOR
  +--> ?PR?LCD_CLEAR?LCD_DRIVER_SPLC780D
  +--> ?PR?AT25SF041_WRITEENABLE?AT25SF041
  +--> ?PR?AT25SF041_CHIPERASE?AT25SF041
  +--> ?PR?_WAIT_MS_SPINOR?AT25SF041

?PR?LCD_INIT?LCD_DRIVER_SPLC780D                 -----    -----      -----    -----
  +--> ?PR?_WAIT_MS?LCD_DRIVER_SPLC780D
  +--> ?PR?_COMMAND?LCD_DRIVER_SPLC780D

?PR?_COMMAND?LCD_DRIVER_SPLC780D                 -----    -----      -----    -----
BL51 BANKED LINKER/LOCATER V6.22                                                      05/29/2019  12:20:14  PAGE 6


  +--> ?PR?_WAIT_MS?LCD_DRIVER_SPLC780D

?PR?SI1120_CONFIG_MODE_VIRH?SI1120               -----    -----      -----    -----
  +--> ?PR?_WAIT_MS?LCD_DRIVER_SPLC780D

?PR?_SPI_WRITETIME?PCF85063BTL                   -----    -----      -----    -----
  +--> ?PR?_SPI_SENDBYTE?PCF85063BTL

?PR?_SPI_SENDBYTE?PCF85063BTL                    -----    -----      -----    -----
  +--> ?PR?_PCF85063BTL_DELAY?PCF85063BTL

?PR?_DISPLAY_LINE?LCD_DRIVER_SPLC780D            -----    -----      -----    -----
  +--> ?PR?_COMMAND?LCD_DRIVER_SPLC780D

?PR?_WRITEDATA?LCD_DRIVER_SPLC780D               -----    -----      0678H    0001H
  +--> ?PR?_WAIT_MS?LCD_DRIVER_SPLC780D

?PR?_SENDSTRING?UART1                            -----    -----      066DH    0003H
  +--> ?PR?_SENDUART1?MAIN

?PR?KEY_PROCESS?KEYPAD                           -----    -----      066DH    0006H
  +--> ?PR?KEY_SCAN?KEYPAD
  +--> ?PR?_SPI_WRITETIME?PCF85063BTL
  +--> ?PR?LCD_CLEAR?LCD_DRIVER_SPLC780D
  +--> ?PR?_COMMAND?LCD_DRIVER_SPLC780D
  +--> ?PR?_WRITEDATA?LCD_DRIVER_SPLC780D

?PR?KEY_SCAN?KEYPAD                              -----    -----      0673H    0003H

?PR?LCD_CLEAR?LCD_DRIVER_SPLC780D                -----    -----      -----    -----
  +--> ?PR?_COMMAND?LCD_DRIVER_SPLC780D

?PR?_DISPLAY_POS?LCD_DRIVER_SPLC780D             -----    -----      066DH    000BH
  +--> ?PR?_ABS?LCD_DRIVER_SPLC780D
  +--> ?PR?_WRITEDATA?LCD_DRIVER_SPLC780D

?PR?_DISPLAYLCD?LCD_DRIVER_SPLC780D              -----    -----      066DH    0001H
  +--> ?PR?_WRITEDATA?LCD_DRIVER_SPLC780D

?PR?_STEP_MOVE?BIPOLARMOTOR                      0020H.1  0000H.1    066DH    0004H
  +--> ?PR?VONESTEPMOVE?BIPOLARMOTOR

?PR?VONESTEPMOVE?BIPOLARMOTOR                    0020H.2  0000H.1    -----    -----
  +--> ?PR?_WRITE_PI4IOE5V96248?IOEXPANDER_P...
  +--> ?PR?_DELAY_MS?KEYPAD

?PR?_WRITE_PI4IOE5V96248?IOEXPANDER_P...         -----    -----      0671H    0003H
  +--> ?PR?I2C_START?IOEXPANDER_PI4IOE5V96248
  +--> ?PR?_WAIT_MS_I2C?IOEXPANDER_PI4IOE5V9...
  +--> ?PR?_I2C_SENDBYTE?IOEXPANDER_PI4IOE5V...
  +--> ?PR?I2C_ACK?IOEXPANDER_PI4IOE5V96248
  +--> ?PR?I2C_STOP?IOEXPANDER_PI4IOE5V96248

?PR?I2C_START?IOEXPANDER_PI4IOE5V96248           -----    -----      -----    -----
  +--> ?PR?_WAIT_MS_I2C?IOEXPANDER_PI4IOE5V9...

?PR?_I2C_SENDBYTE?IOEXPANDER_PI4IOE5V...         -----    -----      -----    -----
BL51 BANKED LINKER/LOCATER V6.22                                                      05/29/2019  12:20:14  PAGE 7


  +--> ?PR?_WAIT_MS_I2C?IOEXPANDER_PI4IOE5V9...

?PR?I2C_ACK?IOEXPANDER_PI4IOE5V96248             -----    -----      0674H    0001H
  +--> ?PR?_WAIT_MS_I2C?IOEXPANDER_PI4IOE5V9...

?PR?I2C_STOP?IOEXPANDER_PI4IOE5V96248            -----    -----      -----    -----
  +--> ?PR?_WAIT_MS_I2C?IOEXPANDER_PI4IOE5V9...

?PR?LCD_RETURN_HOME?LCD_DRIVER_SPLC780D          -----    -----      -----    -----
  +--> ?PR?_COMMAND?LCD_DRIVER_SPLC780D

?PR?_READ_TIME?PCF85063BTL                       -----    -----      066DH    000FH
  +--> ?PR?_SPI_READTIME?PCF85063BTL

?PR?_SPI_READTIME?PCF85063BTL                    -----    -----      -----    -----
  +--> ?PR?_SPI_SENDBYTE?PCF85063BTL
  +--> ?PR?SPI_RECEIVEBYTE?PCF85063BTL

?PR?SPI_RECEIVEBYTE?PCF85063BTL                  -----    -----      -----    -----
  +--> ?PR?_PCF85063BTL_DELAY?PCF85063BTL

?PR?AT25SF041_WRITEENABLE?AT25SF041              -----    -----      066DH    0002H
  +--> ?PR?_WAIT_MS_SPINOR?AT25SF041
  +--> ?PR?UCREAD_STATUS_REGISTER_BYTE1?AT25...

?PR?UCREAD_STATUS_REGISTER_BYTE1?AT25...         -----    -----      066FH    0003H
  +--> ?PR?_WAIT_MS_SPINOR?AT25SF041

?PR?AT25SF041_CHIPERASE?AT25SF041                -----    -----      066DH    0002H
  +--> ?PR?_WAIT_MS_SPINOR?AT25SF041
  +--> ?PR?UCREAD_STATUS_REGISTER_BYTE1?AT25...



SYMBOL TABLE OF MODULE:  .\Obj\GPIO_RTC_Test (MAIN)

  VALUE           TYPE          NAME
  ----------------------------------

  -------         MODULE        MAIN
  C:0000H         SYMBOL        _ICE_DUMMY_
  X:03C4H         PUBLIC        calib_value
  D:0080H         PUBLIC        P0
  D:0090H         PUBLIC        P1
  D:00A0H         PUBLIC        P2
  D:00B0H         PUBLIC        P3
  D:00C0H         PUBLIC        P4
  D:00C8H         PUBLIC        P5
  X:0418H         SYMBOL        PressedKey
  B:00A8H.7       PUBLIC        EA
  D:00E8H         PUBLIC        P6
  X:041CH         PUBLIC        calib_stamp
  D:00F8H         PUBLIC        P7
  X:041DH         PUBLIC        calib_bool
  X:0447H         PUBLIC        pwm_time_min
  D:00A8H         PUBLIC        IE
  X:044BH         PUBLIC        calib_time
BL51 BANKED LINKER/LOCATER V6.22                                                      05/29/2019  12:20:14  PAGE 8


  X:049FH         PUBLIC        pwm_time_max
  D:00B8H         PUBLIC        IP
  B:0098H.0       PUBLIC        RI
  B:00B0H.2       PUBLIC        INT0
  X:04A3H         PUBLIC        months
  B:0098H.1       PUBLIC        TI
  C:000EH         PUBLIC        Uart
  D:00D8H         PUBLIC        CCON
  C:25D9H         PUBLIC        main
  X:04A4H         PUBLIC        count
  D:0099H         PUBLIC        SBUF
  X:04A6H         PUBLIC        days
  X:04A7H         PUBLIC        hours
  D:0098H         PUBLIC        SCON
  D:0089H         PUBLIC        TMOD
  D:0088H         PUBLIC        TCON
  B:00A0H.3       PUBLIC        P23
  X:04A8H         SYMBOL        KeyCount
  X:04AAH         PUBLIC        mins
  B:00C8H.5       PUBLIC        P55
  D:008EH         PUBLIC        AUXR
  C:4C31H         PUBLIC        tm0_isr
  B:0090H.5       PUBLIC        SI1120_STX
  C:4E5CH         PUBLIC        tm1_isr
  B:0020H.5       PUBLIC        busy
  D:00E0H         PUBLIC        ACC
  B:00A8H.1       PUBLIC        ET0
  B:00A8H.3       PUBLIC        ET1
  X:04ABH         PUBLIC        SPI_NOR_INTERNAL_FLASH_ADDR
  D:008CH         PUBLIC        TH0
  D:008DH         PUBLIC        TH1
  D:008AH         PUBLIC        TL0
  D:008BH         PUBLIC        TL1
  B:0088H.4       PUBLIC        TR0
  B:0088H.6       PUBLIC        TR1
  C:3E45H         PUBLIC        exint0
  X:04AFH         SYMBOL        KeyNum
  X:04B0H         SYMBOL        KeyNum_Old
  X:04B1H         PUBLIC        timer0_count
  X:04B3H         PUBLIC        current_position
  X:04B7H         PUBLIC        pwm_time
  X:04BBH         PUBLIC        start_timer0_count
  X:04BCH         PUBLIC        seconds
  D:00D0H         PUBLIC        PSW
  C:4E65H         PUBLIC        _SendUART1
  -------         PROC          TM0_ISR
  C:4C31H         LINE#         98
  C:4C37H         LINE#         102
  C:4C3AH         LINE#         103
  C:4C3DH         LINE#         104
  C:4C4BH         LINE#         105
  -------         ENDPROC       TM0_ISR
  -------         PROC          TM1_ISR
  C:4E5CH         LINE#         106
  C:4E5CH         LINE#         108
  C:4E5EH         LINE#         110
  C:4E61H         LINE#         111
BL51 BANKED LINKER/LOCATER V6.22                                                      05/29/2019  12:20:14  PAGE 9


  C:4E64H         LINE#         112
  -------         ENDPROC       TM1_ISR
  -------         PROC          EXINT0
  C:3E45H         LINE#         113
  C:3E62H         LINE#         117
  C:3E65H         LINE#         118
  C:3E65H         LINE#         119
  C:3E68H         LINE#         120
  C:3E6BH         LINE#         121
  C:3E6DH         LINE#         122
  C:3E6FH         LINE#         126
  C:3E72H         LINE#         129
  C:3E72H         LINE#         130
  C:3E74H         LINE#         132
  C:3E80H         LINE#         133
  C:3ED9H         LINE#         134
  C:3F17H         LINE#         135
  C:3F1EH         LINE#         140
  C:3F1EH         LINE#         142
  -------         ENDPROC       EXINT0
  -------         PROC          MAIN
  -------         DO            
  X:03BCH         SYMBOL        KeyCount
  X:03BEH         SYMBOL        KeyNum_Old
  X:03BFH         SYMBOL        KeyNum
  X:03C0H         SYMBOL        PressedKey
  X:063FH         SYMBOL        prox_flag
  X:0640H         SYMBOL        iUse_prevday_calib_value
  X:0642H         SYMBOL        max_ADC_Val_JP
  X:0644H         SYMBOL        max_ADC_Val
  X:0646H         SYMBOL        calib_point1
  X:064EH         SYMBOL        calib_point2
  X:0656H         SYMBOL        dat_to_store
  X:0661H         SYMBOL        calib_day
  X:0663H         SYMBOL        calib_count
  X:0665H         SYMBOL        theorical_JP_max_pos
  X:0669H         SYMBOL        elevation
  -------         ENDDO         
  C:25D9H         LINE#         144
  C:25D9H         LINE#         145
  C:25D9H         LINE#         150
  C:25DFH         LINE#         151
  C:25E4H         LINE#         153
  C:25ECH         LINE#         157
  C:25F2H         LINE#         158
  C:25FCH         LINE#         165
  C:2604H         LINE#         166
  C:260BH         LINE#         167
  C:2611H         LINE#         169
  C:2617H         LINE#         181
  C:261AH         LINE#         182
  C:261DH         LINE#         183
  C:2620H         LINE#         185
  C:2623H         LINE#         188
  C:2626H         LINE#         189
  C:2629H         LINE#         191
  C:262CH         LINE#         193
BL51 BANKED LINKER/LOCATER V6.22                                                      05/29/2019  12:20:14  PAGE 10


  C:262FH         LINE#         194
  C:2632H         LINE#         195
  C:2635H         LINE#         196
  C:2637H         LINE#         197
  C:2639H         LINE#         198
  C:263CH         LINE#         199
  C:263EH         LINE#         200
  C:2640H         LINE#         202
  C:2642H         LINE#         203
  C:2649H         LINE#         204
  C:2650H         LINE#         205
  C:2657H         LINE#         206
  C:265EH         LINE#         210
  C:2665H         LINE#         211
  C:266AH         LINE#         212
  C:266FH         LINE#         213
  C:2674H         LINE#         214
  C:2679H         LINE#         215
  C:267EH         LINE#         218
  C:2697H         LINE#         219
  C:2697H         LINE#         220
  C:26B3H         LINE#         221
  C:26FAH         LINE#         222
  C:270BH         LINE#         223
  C:270EH         LINE#         225
  C:2715H         LINE#         228
  C:271EH         LINE#         229
  C:2725H         LINE#         232
  C:2725H         LINE#         233
  C:2725H         LINE#         234
  C:2728H         LINE#         236
  C:2731H         LINE#         237
  C:2738H         LINE#         238
  C:2741H         LINE#         239
  C:2748H         LINE#         245
  C:2748H         LINE#         249
  C:274DH         LINE#         250
  C:2752H         LINE#         252
  C:2757H         LINE#         254
  C:275CH         LINE#         255
  C:2761H         LINE#         257
  C:2772H         LINE#         260
  C:2777H         LINE#         261
  C:277CH         LINE#         263
  C:2783H         LINE#         264
  C:278BH         LINE#         265
  C:2790H         LINE#         266
  C:2798H         LINE#         267
  C:279DH         LINE#         268
  C:27A7H         LINE#         269
  C:27ACH         LINE#         270
  C:27B4H         LINE#         272
  C:27BCH         LINE#         273
  C:27C1H         LINE#         274
  C:27CBH         LINE#         275
  C:27CBH         LINE#         276
  C:27CDH         LINE#         277
BL51 BANKED LINKER/LOCATER V6.22                                                      05/29/2019  12:20:14  PAGE 11


  C:27CFH         LINE#         278
  C:27D9H         LINE#         279
  C:27D9H         LINE#         280
  C:27DEH         LINE#         281
  C:27DEH         LINE#         293
  C:27F2H         LINE#         294
  C:27F2H         LINE#         295
  C:2807H         LINE#         296
  C:2816H         LINE#         297
  C:2816H         LINE#         298
  C:2829H         LINE#         299
  C:282BH         LINE#         301
  C:282BH         LINE#         302
  C:2847H         LINE#         303
  C:2847H         LINE#         304
  C:284CH         LINE#         305
  C:284CH         LINE#         306
  C:2860H         LINE#         307
  C:2860H         LINE#         310
  C:2875H         LINE#         311
  C:2884H         LINE#         312
  C:2884H         LINE#         313
  C:2897H         LINE#         314
  C:2899H         LINE#         316
  C:2899H         LINE#         317
  C:28B5H         LINE#         318
  C:28B5H         LINE#         319
  C:28BAH         LINE#         320
  C:28C0H         LINE#         321
  C:28C0H         LINE#         323
  C:28E2H         LINE#         324
  C:28E2H         LINE#         325
  C:28ECH         LINE#         326
  C:28F2H         LINE#         327
  C:28F9H         LINE#         328
  C:28FFH         LINE#         329
  C:2906H         LINE#         330
  C:2906H         LINE#         331
  C:2909H         LINE#         333
  C:2909H         LINE#         338
  C:2944H         LINE#         471
  C:2960H         LINE#         472
  C:2964H         LINE#         474
  C:2966H         LINE#         477
  C:2975H         LINE#         478
  C:2975H         LINE#         479
  C:2978H         LINE#         480
  C:297FH         LINE#         481
  C:2984H         LINE#         482
  C:2989H         LINE#         483
  C:298EH         LINE#         484
  C:2993H         LINE#         485
  C:2998H         LINE#         495
  C:299BH         LINE#         497
  C:299EH         LINE#         498
  C:29A5H         LINE#         499
  C:29AFH         LINE#         500
BL51 BANKED LINKER/LOCATER V6.22                                                      05/29/2019  12:20:14  PAGE 12


  C:29B6H         LINE#         502
  C:29B9H         LINE#         511
  C:29B9H         LINE#         512
  -------         ENDPROC       MAIN
  -------         PROC          UART
  C:000EH         LINE#         526
  C:000EH         LINE#         528
  C:0011H         LINE#         529
  C:0011H         LINE#         530
  C:0013H         LINE#         532
  C:0013H         LINE#         533
  C:0016H         LINE#         534
  C:0016H         LINE#         535
  C:0018H         LINE#         536
  C:001AH         LINE#         537
  C:001AH         LINE#         538
  -------         ENDPROC       UART
  -------         PROC          _SENDUART1
  D:0007H         SYMBOL        dat
  C:4E65H         LINE#         540
  C:4E65H         LINE#         541
  C:4E65H         LINE#         542
  C:4E68H         LINE#         543
  C:4E6AH         LINE#         544
  C:4E6BH         LINE#         545
  C:4E6DH         LINE#         546
  -------         ENDPROC       _SENDUART1
  -------         ENDMOD        MAIN

  -------         MODULE        PCF85063BTL
  C:0000H         SYMBOL        _ICE_DUMMY_
  D:0096H         PUBLIC        P2M0
  D:0080H         PUBLIC        P0
  D:0095H         PUBLIC        P2M1
  D:0090H         PUBLIC        P1
  D:00A0H         PUBLIC        P2
  D:00B0H         PUBLIC        P3
  D:00C0H         PUBLIC        P4
  D:00C8H         PUBLIC        P5
  D:00E8H         PUBLIC        P6
  B:00A0H.1       PUBLIC        PCF85063BTL_SDI
  D:00F8H         PUBLIC        P7
  B:00A0H.2       PUBLIC        PCF85063BTL_SCK
  B:00A0H.1       PUBLIC        PCF85063BTL_SDO
  D:00A8H         PUBLIC        IE
  C:475EH         PUBLIC        _Read_time
  C:4D8CH         PUBLIC        _PCF85063BTL_Delay
  D:00B8H         PUBLIC        IP
  D:00D8H         PUBLIC        CCON
  C:45EBH         PUBLIC        _Day_Of_Year
  C:4C72H         PUBLIC        SPI_ReceiveByte
  D:0098H         PUBLIC        SCON
  D:0088H         PUBLIC        TCON
  C:4DD3H         PUBLIC        _BCDtoDec
  B:00A0H.0       PUBLIC        PCF85063BTL_CS
  C:4DC2H         PUBLIC        _SPI_ReadTime
  C:4E22H         PUBLIC        SPI_Init
BL51 BANKED LINKER/LOCATER V6.22                                                      05/29/2019  12:20:14  PAGE 13


  C:4D02H         PUBLIC        _SPI_WriteTime
  C:4C52H         PUBLIC        _SPI_SendByte
  D:00D0H         PUBLIC        PSW
  C:4D88H         SYMBOL        L?0048
  -------         PROC          L?0047
  -------         ENDPROC       L?0047
  C:4D88H         SYMBOL        L?0048
  -------         PROC          _PCF85063BTL_DELAY
  D:0006H         SYMBOL        us
  C:4D8CH         LINE#         8
  C:4D8CH         LINE#         9
  C:4D8CH         LINE#         10
  C:4D96H         LINE#         11
  C:4D96H         LINE#         12
  C:4D97H         LINE#         13
  C:4D99H         LINE#         14
  -------         ENDPROC       _PCF85063BTL_DELAY
  -------         PROC          _SPI_SENDBYTE
  D:0005H         SYMBOL        dat
  -------         DO            
  D:0003H         SYMBOL        i
  -------         ENDDO         
  C:4C52H         LINE#         17
  C:4C54H         LINE#         18
  C:4C54H         LINE#         20
  C:4C56H         LINE#         21
  C:4C56H         LINE#         22
  C:4C58H         LINE#         23
  C:4C5CH         LINE#         24
  C:4C5CH         LINE#         25
  C:4C5EH         LINE#         26
  C:4C60H         LINE#         28
  C:4C60H         LINE#         29
  C:4C62H         LINE#         30
  C:4C62H         LINE#         31
  C:4C65H         LINE#         32
  C:4C65H         LINE#         33
  C:4C68H         LINE#         34
  C:4C6CH         LINE#         35
  C:4C71H         LINE#         36
  -------         ENDPROC       _SPI_SENDBYTE
  -------         PROC          SPI_RECEIVEBYTE
  -------         DO            
  D:0003H         SYMBOL        i
  D:0005H         SYMBOL        dat
  -------         ENDDO         
  C:4C72H         LINE#         39
  C:4C72H         LINE#         40
  C:4C72H         LINE#         42
  C:4C74H         LINE#         44
  C:4C76H         LINE#         45
  C:4C77H         LINE#         46
  C:4C77H         LINE#         47
  C:4C7BH         LINE#         48
  C:4C7DH         LINE#         49
  C:4C80H         LINE#         51
  C:4C83H         LINE#         52
BL51 BANKED LINKER/LOCATER V6.22                                                      05/29/2019  12:20:14  PAGE 14


  C:4C83H         LINE#         53
  C:4C87H         LINE#         54
  C:4C87H         LINE#         55
  C:4C87H         LINE#         56
  C:4C8AH         LINE#         57
  C:4C8FH         LINE#         58
  C:4C91H         LINE#         59
  -------         ENDPROC       SPI_RECEIVEBYTE
  -------         PROC          _SPI_READTIME
  D:0007H         SYMBOL        addr
  -------         DO            
  D:0006H         SYMBOL        dat
  -------         ENDDO         
  C:4DC2H         LINE#         61
  C:4DC2H         LINE#         62
  C:4DC2H         LINE#         64
  C:4DC4H         LINE#         65
  C:4DC6H         LINE#         66
  C:4DCDH         LINE#         67
  C:4DD0H         LINE#         68
  C:4DD2H         LINE#         69
  C:4DD2H         LINE#         70
  -------         ENDPROC       _SPI_READTIME
  -------         PROC          _SPI_WRITETIME
  D:0002H         SYMBOL        val
  D:0005H         SYMBOL        addr
  C:4D02H         LINE#         71
  C:4D04H         LINE#         72
  C:4D04H         LINE#         74
  C:4D06H         LINE#         75
  C:4D0DH         LINE#         76
  C:4D12H         LINE#         77
  C:4D17H         LINE#         78
  C:4D19H         LINE#         79
  -------         ENDPROC       _SPI_WRITETIME
  -------         PROC          SPI_INIT
  C:4E22H         LINE#         83
  C:4E22H         LINE#         84
  C:4E22H         LINE#         89
  C:4E25H         LINE#         90
  C:4E28H         LINE#         91
  C:4E2AH         LINE#         92
  C:4E2CH         LINE#         93
  C:4E2EH         LINE#         94
  -------         ENDPROC       SPI_INIT
  -------         PROC          _READ_TIME
  X:066DH         SYMBOL        months
  X:0670H         SYMBOL        days
  X:0673H         SYMBOL        hours
  X:0676H         SYMBOL        mins
  X:0679H         SYMBOL        seconds
  C:475EH         LINE#         96
  C:4769H         LINE#         97
  C:4769H         LINE#         99
  C:477DH         LINE#         101
  C:4791H         LINE#         103
  C:47A5H         LINE#         108
BL51 BANKED LINKER/LOCATER V6.22                                                      05/29/2019  12:20:14  PAGE 15


  C:47B9H         LINE#         113
  -------         ENDPROC       _READ_TIME
  -------         PROC          _BCDTODEC
  D:0007H         SYMBOL        bcd
  -------         DO            
  D:0006H         SYMBOL        hi
  D:0007H         SYMBOL        lo
  -------         ENDDO         
  C:4DD3H         LINE#         119
  C:4DD3H         LINE#         120
  C:4DD3H         LINE#         122
  C:4DD8H         LINE#         123
  C:4DDCH         LINE#         124
  C:4DE3H         LINE#         125
  -------         ENDPROC       _BCDTODEC
  -------         PROC          _DAY_OF_YEAR
  D:0007H         SYMBOL        months_bcd
  D:0005H         SYMBOL        days_bcd
  -------         DO            
  D:0004H         SYMBOL        months
  D:0007H         SYMBOL        days
  -------         ENDDO         
  C:45EBH         LINE#         126
  C:45EBH         LINE#         127
  C:45EBH         LINE#         130
  C:45F0H         LINE#         132
  C:45F5H         LINE#         134
  C:462EH         LINE#         135
  C:462EH         LINE#         136
  C:462EH         LINE#         137
  C:4631H         LINE#         138
  C:4631H         LINE#         139
  C:4631H         LINE#         140
  C:4636H         LINE#         141
  C:4636H         LINE#         142
  C:4636H         LINE#         143
  C:463BH         LINE#         144
  C:463BH         LINE#         145
  C:463BH         LINE#         146
  C:4640H         LINE#         147
  C:4640H         LINE#         148
  C:4640H         LINE#         149
  C:4645H         LINE#         150
  C:4645H         LINE#         151
  C:4645H         LINE#         152
  C:464AH         LINE#         153
  C:464AH         LINE#         154
  C:464AH         LINE#         155
  C:464FH         LINE#         156
  C:464FH         LINE#         157
  C:464FH         LINE#         158
  C:4654H         LINE#         159
  C:4654H         LINE#         160
  C:4654H         LINE#         161
  C:465CH         LINE#         162
  C:465CH         LINE#         163
  C:465CH         LINE#         164
BL51 BANKED LINKER/LOCATER V6.22                                                      05/29/2019  12:20:14  PAGE 16


  C:4661H         LINE#         165
  C:4661H         LINE#         166
  C:4661H         LINE#         167
  C:4666H         LINE#         168
  C:4666H         LINE#         169
  C:4666H         LINE#         170
  C:466FH         LINE#         171
  C:466FH         LINE#         172
  C:466FH         LINE#         173
  C:4672H         LINE#         174
  C:4672H         LINE#         175
  -------         ENDPROC       _DAY_OF_YEAR
  -------         ENDMOD        PCF85063BTL

  -------         MODULE        LCD_DRIVER_SPLC780D
  C:0000H         SYMBOL        _ICE_DUMMY_
  D:0092H         PUBLIC        P1M0
  D:0091H         PUBLIC        P1M1
  D:0080H         PUBLIC        P0
  D:0090H         PUBLIC        P1
  D:00A0H         PUBLIC        P2
  D:00B0H         PUBLIC        P3
  D:00C0H         PUBLIC        P4
  D:00C8H         PUBLIC        P5
  D:00E8H         PUBLIC        P6
  D:00F8H         PUBLIC        P7
  C:4677H         PUBLIC        _WriteData
  D:00A8H         PUBLIC        IE
  D:00B8H         PUBLIC        IP
  D:00D8H         PUBLIC        CCON
  B:00B0H.4       PUBLIC        LCD_D4
  B:00B0H.5       PUBLIC        LCD_D5
  B:00B0H.6       PUBLIC        LCD_D6
  C:4CB0H         PUBLIC        _DisplayLCD
  B:00B0H.7       PUBLIC        LCD_D7
  D:0098H         PUBLIC        SCON
  D:0088H         PUBLIC        TCON
  C:4D9AH         PUBLIC        _abs
  C:4E52H         PUBLIC        LCD_clear
  C:4958H         PUBLIC        _Command
  C:4D47H         PUBLIC        _Display_Line
  C:4827H         PUBLIC        LCD_Init
  C:4BEFH         PUBLIC        _Wait_ms
  B:00C0H.0       PUBLIC        LCD_RS
  B:0090H.3       PUBLIC        LCD_RW
  C:4E48H         PUBLIC        LCD_return_home
  C:3893H         PUBLIC        _Display_Pos
  B:00B0H.3       PUBLIC        LCD_E
  D:00D0H         PUBLIC        PSW
  -------         PROC          LCD_INIT
  C:4827H         LINE#         9
  C:4827H         LINE#         10
  C:4827H         LINE#         11
  C:482AH         LINE#         12
  C:482DH         LINE#         14
  C:4833H         LINE#         15
  C:4838H         LINE#         17
BL51 BANKED LINKER/LOCATER V6.22                                                      05/29/2019  12:20:14  PAGE 17


  C:483FH         LINE#         18
  C:4844H         LINE#         20
  C:4847H         LINE#         21
  C:484CH         LINE#         23
  C:484FH         LINE#         24
  C:4854H         LINE#         26
  C:485BH         LINE#         29
  C:4860H         LINE#         30
  C:4865H         LINE#         32
  C:486AH         LINE#         33
  C:486FH         LINE#         35
  C:4874H         LINE#         36
  C:4879H         LINE#         37
  -------         ENDPROC       LCD_INIT
  C:4673H         SYMBOL        L?0038
  -------         PROC          L?0037
  -------         ENDPROC       L?0037
  C:4673H         SYMBOL        L?0038
  -------         PROC          _WRITEDATA
  X:0678H         SYMBOL        dat
  C:4677H         LINE#         40
  C:467CH         LINE#         41
  C:467CH         LINE#         46
  C:467EH         LINE#         47
  C:4680H         LINE#         49
  C:468EH         LINE#         50
  C:469AH         LINE#         51
  C:46A6H         LINE#         52
  C:46B0H         LINE#         53
  C:46B2H         LINE#         54
  C:46B9H         LINE#         55
  C:46BBH         LINE#         57
  C:46CBH         LINE#         58
  C:46D6H         LINE#         59
  C:46E0H         LINE#         60
  C:46E4H         LINE#         62
  C:46E4H         LINE#         63
  C:46E7H         LINE#         64
  C:46E9H         LINE#         65
  C:46EBH         LINE#         67
  -------         ENDPROC       _WRITEDATA
  -------         PROC          _COMMAND
  D:0007H         SYMBOL        dat
  C:4958H         LINE#         69
  C:4958H         LINE#         70
  C:4958H         LINE#         71
  C:495AH         LINE#         72
  C:495CH         LINE#         74
  C:4966H         LINE#         75
  C:496AH         LINE#         77
  C:496CH         LINE#         78
  C:4975H         LINE#         79
  C:4979H         LINE#         81
  C:497BH         LINE#         82
  C:4982H         LINE#         83
  C:4986H         LINE#         85
  C:4988H         LINE#         86
BL51 BANKED LINKER/LOCATER V6.22                                                      05/29/2019  12:20:14  PAGE 18


  C:498CH         LINE#         87
  C:4990H         LINE#         89
  C:4992H         LINE#         90
  C:4992H         LINE#         91
  C:4995H         LINE#         92
  C:4997H         LINE#         93
  -------         ENDPROC       _COMMAND
  C:4BEBH         SYMBOL        L?0040
  -------         PROC          L?0039
  -------         ENDPROC       L?0039
  C:4BEBH         SYMBOL        L?0040
  -------         PROC          _WAIT_MS
  D:0006H         SYMBOL        ms
  -------         DO            
  D:0004H         SYMBOL        De_Cnt
  -------         ENDDO         
  C:4BEFH         LINE#         95
  C:4BEFH         LINE#         96
  C:4BEFH         LINE#         98
  C:4BF9H         LINE#         99
  C:4BF9H         LINE#         100
  C:4C0CH         LINE#         101
  C:4C0CH         LINE#         102
  -------         ENDPROC       _WAIT_MS
  -------         PROC          _DISPLAYLCD
  D:0007H         SYMBOL        BCD
  -------         DO            
  D:0006H         SYMBOL        first_digit
  X:066DH         SYMBOL        second_digit
  -------         ENDDO         
  C:4CB0H         LINE#         103
  C:4CB0H         LINE#         104
  C:4CB0H         LINE#         106
  C:4CB7H         LINE#         107
  C:4CC0H         LINE#         109
  C:4CC5H         LINE#         111
  -------         ENDPROC       _DISPLAYLCD
  -------         PROC          LCD_RETURN_HOME
  C:4E48H         LINE#         115
  C:4E48H         LINE#         116
  C:4E48H         LINE#         117
  C:4E4DH         LINE#         118
  -------         ENDPROC       LCD_RETURN_HOME
  -------         PROC          LCD_CLEAR
  C:4E52H         LINE#         121
  C:4E52H         LINE#         122
  C:4E52H         LINE#         123
  C:4E57H         LINE#         124
  -------         ENDPROC       LCD_CLEAR
  -------         PROC          _DISPLAY_LINE
  D:0006H         SYMBOL        line
  C:4D47H         LINE#         128
  C:4D47H         LINE#         129
  C:4D47H         LINE#         130
  C:4D4DH         LINE#         131
  C:4D4DH         LINE#         132
  C:4D4FH         LINE#         133
BL51 BANKED LINKER/LOCATER V6.22                                                      05/29/2019  12:20:14  PAGE 19


  C:4D4FH         LINE#         134
  C:4D51H         LINE#         136
  C:4D51H         LINE#         137
  C:4D56H         LINE#         138
  C:4D5BH         LINE#         139
  C:4D5BH         LINE#         140
  -------         ENDPROC       _DISPLAY_LINE
  -------         PROC          _DISPLAY_POS
  X:066DH         SYMBOL        sign_dat
  -------         DO            
  X:0671H         SYMBOL        unit
  X:0672H         SYMBOL        ten
  X:0673H         SYMBOL        hundred
  X:0674H         SYMBOL        thousand
  X:0675H         SYMBOL        after_dot
  X:0676H         SYMBOL        dat
  -------         ENDDO         
  C:3893H         LINE#         142
  C:3899H         LINE#         143
  C:3899H         LINE#         147
  C:38B5H         LINE#         148
  C:38CFH         LINE#         149
  C:38F3H         LINE#         151
  C:393DH         LINE#         153
  C:3954H         LINE#         154
  C:3966H         LINE#         155
  C:398BH         LINE#         156
  C:39A5H         LINE#         157
  C:39BDH         LINE#         158
  C:39BDH         LINE#         159
  C:39BDH         LINE#         160
  C:39BDH         LINE#         161
  C:39BDH         LINE#         162
  C:39BDH         LINE#         163
  C:39BDH         LINE#         164
  C:39BDH         LINE#         168
  C:39BFH         LINE#         170
  C:39BFH         LINE#         172
  C:39C4H         LINE#         173
  C:39CAH         LINE#         174
  C:39D0H         LINE#         175
  C:39D6H         LINE#         176
  C:39DCH         LINE#         177
  C:39E1H         LINE#         178
  C:39E7H         LINE#         182
  C:39E7H         LINE#         184
  -------         ENDPROC       _DISPLAY_POS
  -------         PROC          _ABS
  D:0006H         SYMBOL        dat
  C:4D9AH         LINE#         186
  C:4D9AH         LINE#         187
  C:4D9AH         LINE#         188
  C:4DA5H         LINE#         189
  C:4DA6H         LINE#         191
  C:4DADH         LINE#         192
  -------         ENDPROC       _ABS
  -------         ENDMOD        LCD_DRIVER_SPLC780D
BL51 BANKED LINKER/LOCATER V6.22                                                      05/29/2019  12:20:14  PAGE 20



  -------         MODULE        KEYPAD
  C:0000H         SYMBOL        _ICE_DUMMY_
  D:0093H         PUBLIC        P0M1
  D:0080H         PUBLIC        P0
  D:0090H         PUBLIC        P1
  D:00A0H         PUBLIC        P2
  D:00B0H         PUBLIC        P3
  D:00C0H         PUBLIC        P4
  D:00C8H         PUBLIC        P5
  D:00E8H         PUBLIC        P6
  D:00F8H         PUBLIC        P7
  D:00A8H         PUBLIC        IE
  C:328FH         PUBLIC        Key_Scan
  D:00B8H         PUBLIC        IP
  D:00D8H         PUBLIC        CCON
  C:4E3CH         PUBLIC        KeyPad_IO_Init
  C:4C92H         PUBLIC        _Delay_ms
  D:0098H         PUBLIC        SCON
  D:0088H         PUBLIC        TCON
  X:06D5H         PUBLIC        small_move
  X:06D7H         PUBLIC        move
  X:06D9H         PUBLIC        auto_mode
  X:06DBH         PUBLIC        direction
  X:06DDH         PUBLIC        SPI_NOR_ClearEnable
  C:29BCH         PUBLIC        Key_Process
  D:00D0H         PUBLIC        PSW
  D:0094H         PUBLIC        P0M0
  -------         PROC          _DELAY_MS
  D:0006H         SYMBOL        ms
  -------         DO            
  D:0004H         SYMBOL        De_Cnt
  -------         ENDDO         
  C:4C92H         LINE#         20
  C:4C92H         LINE#         21
  C:4C92H         LINE#         23
  C:4C9CH         LINE#         24
  C:4C9CH         LINE#         25
  C:4CAFH         LINE#         26
  C:4CAFH         LINE#         27
  -------         ENDPROC       _DELAY_MS
  -------         PROC          KEY_SCAN
  -------         DO            
  X:0673H         SYMBOL        KeyTemp1
  X:0674H         SYMBOL        KeyTemp2
  X:0675H         SYMBOL        KeyValue
  -------         ENDDO         
  C:328FH         LINE#         28
  C:328FH         LINE#         29
  C:328FH         LINE#         34
  C:3292H         LINE#         37
  C:3295H         LINE#         39
  C:329DH         LINE#         40
  C:32A4H         LINE#         41
  C:32A4H         LINE#         43
  C:32A9H         LINE#         44
  C:32B0H         LINE#         45
BL51 BANKED LINKER/LOCATER V6.22                                                      05/29/2019  12:20:14  PAGE 21


  C:32B0H         LINE#         48
  C:32B3H         LINE#         49
  C:32B6H         LINE#         50
  C:32BBH         LINE#         51
  C:32BFH         LINE#         52
  C:32BFH         LINE#         53
  C:32C7H         LINE#         54
  C:32C7H         LINE#         55
  C:32CAH         LINE#         56
  C:32D2H         LINE#         57
  C:32D4H         LINE#         59
  C:32E8H         LINE#         60
  C:32E8H         LINE#         61
  C:32E8H         LINE#         62
  C:32E8H         LINE#         63
  C:32EEH         LINE#         65
  C:32F0H         LINE#         66
  C:32F0H         LINE#         67
  C:32F0H         LINE#         68
  C:32F6H         LINE#         70
  C:32F8H         LINE#         71
  C:32F8H         LINE#         72
  C:32F8H         LINE#         73
  C:32FEH         LINE#         75
  C:3300H         LINE#         76
  C:3300H         LINE#         77
  C:3300H         LINE#         78
  C:3306H         LINE#         80
  C:3306H         LINE#         81
  C:3306H         LINE#         82
  C:3306H         LINE#         85
  C:3309H         LINE#         86
  C:330CH         LINE#         87
  C:3314H         LINE#         88
  C:3318H         LINE#         89
  C:3318H         LINE#         90
  C:3320H         LINE#         91
  C:3320H         LINE#         92
  C:3323H         LINE#         93
  C:332BH         LINE#         94
  C:332DH         LINE#         95
  C:3341H         LINE#         96
  C:3341H         LINE#         97
  C:3341H         LINE#         98
  C:3341H         LINE#         99
  C:3347H         LINE#         101
  C:3349H         LINE#         102
  C:3349H         LINE#         103
  C:3349H         LINE#         104
  C:334FH         LINE#         106
  C:3351H         LINE#         107
  C:3351H         LINE#         108
  C:3351H         LINE#         109
  C:3357H         LINE#         111
  C:3359H         LINE#         112
  C:3359H         LINE#         113
  C:3359H         LINE#         114
BL51 BANKED LINKER/LOCATER V6.22                                                      05/29/2019  12:20:14  PAGE 22


  C:335EH         LINE#         116
  C:335EH         LINE#         117
  C:335EH         LINE#         118
  C:335EH         LINE#         121
  C:3361H         LINE#         122
  C:3364H         LINE#         123
  C:336CH         LINE#         124
  C:3370H         LINE#         125
  C:3370H         LINE#         126
  C:3378H         LINE#         127
  C:3378H         LINE#         128
  C:337BH         LINE#         129
  C:3383H         LINE#         130
  C:3385H         LINE#         131
  C:3399H         LINE#         132
  C:3399H         LINE#         133
  C:3399H         LINE#         134
  C:3399H         LINE#         135
  C:339FH         LINE#         137
  C:33A1H         LINE#         138
  C:33A1H         LINE#         139
  C:33A1H         LINE#         140
  C:33A7H         LINE#         142
  C:33A9H         LINE#         143
  C:33A9H         LINE#         144
  C:33A9H         LINE#         145
  C:33AFH         LINE#         147
  C:33B1H         LINE#         148
  C:33B1H         LINE#         149
  C:33B1H         LINE#         150
  C:33B7H         LINE#         152
  C:33B7H         LINE#         153
  C:33B7H         LINE#         154
  C:33B7H         LINE#         158
  C:33BAH         LINE#         159
  C:33BDH         LINE#         160
  C:33C5H         LINE#         161
  C:33C9H         LINE#         162
  C:33C9H         LINE#         163
  C:33D1H         LINE#         164
  C:33D1H         LINE#         165
  C:33D4H         LINE#         166
  C:33DCH         LINE#         167
  C:33DEH         LINE#         168
  C:33F2H         LINE#         169
  C:33F2H         LINE#         170
  C:33F2H         LINE#         171
  C:33F2H         LINE#         172
  C:33F8H         LINE#         174
  C:33FAH         LINE#         175
  C:33FAH         LINE#         176
  C:33FAH         LINE#         177
  C:3400H         LINE#         179
  C:3402H         LINE#         180
  C:3402H         LINE#         181
  C:3402H         LINE#         182
  C:3408H         LINE#         184
BL51 BANKED LINKER/LOCATER V6.22                                                      05/29/2019  12:20:14  PAGE 23


  C:340AH         LINE#         185
  C:340AH         LINE#         186
  C:340AH         LINE#         187
  C:3410H         LINE#         189
  C:3410H         LINE#         190
  C:3410H         LINE#         191
  C:3410H         LINE#         193
  C:3416H         LINE#         194
  C:3416H         LINE#         196
  C:3416H         LINE#         197
  C:3419H         LINE#         198
  C:3419H         LINE#         199
  C:3419H         LINE#         201
  C:3419H         LINE#         202
  C:341BH         LINE#         203
  C:341BH         LINE#         204
  -------         ENDPROC       KEY_SCAN
  -------         PROC          KEY_PROCESS
  -------         DO            
  X:06C6H         SYMBOL        KeyCount
  X:06C7H         SYMBOL        KeyNum_Old
  X:06C9H         SYMBOL        KeyNum
  X:06CBH         SYMBOL        PressedKey
  X:066DH         SYMBOL        d
  D:0002H         SYMBOL        hours
  D:0006H         SYMBOL        mins
  X:066FH         SYMBOL        months
  X:0671H         SYMBOL        days
  -------         ENDDO         
  C:29BCH         LINE#         205
  C:29BCH         LINE#         206
  C:29BCH         LINE#         210
  C:29CBH         LINE#         211
  C:29D8H         LINE#         213
  C:29DCH         LINE#         214
  C:29DCH         LINE#         215
  C:29E2H         LINE#         217
  C:29E2H         LINE#         218
  C:29F9H         LINE#         219
  C:29F9H         LINE#         220
  C:2A03H         LINE#         221
  C:2A09H         LINE#         223
  C:2A0FH         LINE#         225
  C:2A0FH         LINE#         226
  C:2A26H         LINE#         227
  C:2A26H         LINE#         228
  C:2A2BH         LINE#         230
  C:2A2BH         LINE#         231
  C:2A3BH         LINE#         232
  C:2A3BH         LINE#         233
  C:2A41H         LINE#         235
  C:2A41H         LINE#         236
  C:2A53H         LINE#         237
  C:2A53H         LINE#         238
  C:2A5DH         LINE#         239
  C:2A65H         LINE#         241
  C:2A6EH         LINE#         243
BL51 BANKED LINKER/LOCATER V6.22                                                      05/29/2019  12:20:14  PAGE 24


  C:2A6EH         LINE#         252
  C:2A8DH         LINE#         253
  C:2A8DH         LINE#         254
  C:2AACH         LINE#         255
  C:2AB2H         LINE#         256
  C:2ABAH         LINE#         257
  C:2ABAH         LINE#         259
  C:2ABBH         LINE#         265
  C:2AC7H         LINE#         266
  C:2AC7H         LINE#         267
  C:2AE4H         LINE#         268
  C:2AFBH         LINE#         269
  C:2B12H         LINE#         270
  C:2B12H         LINE#         271
  C:2B25H         LINE#         272
  C:2B38H         LINE#         273
  C:2B38H         LINE#         274
  C:2B38H         LINE#         275
  C:2B3BH         LINE#         280
  C:2B4AH         LINE#         281
  C:2B4AH         LINE#         282
  C:2B6DH         LINE#         283
  C:2B8AH         LINE#         284
  C:2B93H         LINE#         285
  C:2B93H         LINE#         286
  C:2B9AH         LINE#         287
  C:2B9AH         LINE#         288
  C:2BABH         LINE#         289
  C:2BABH         LINE#         290
  C:2BBAH         LINE#         291
  C:2BBAH         LINE#         292
  C:2BBAH         LINE#         293
  C:2BBDH         LINE#         295
  C:2BBDH         LINE#         296
  C:2BC9H         LINE#         297
  C:2BC9H         LINE#         298
  C:2BDBH         LINE#         299
  C:2BDBH         LINE#         300
  C:2BEBH         LINE#         301
  C:2BEBH         LINE#         302
  C:2BEBH         LINE#         304
  C:2BEDH         LINE#         306
  C:2BEDH         LINE#         307
  C:2BFCH         LINE#         308
  C:2BFCH         LINE#         309
  C:2C0CH         LINE#         310
  C:2C0CH         LINE#         311
  C:2C0CH         LINE#         313
  C:2C0CH         LINE#         315
  C:2C0CH         LINE#         316
  C:2C0EH         LINE#         318
  C:2C0EH         LINE#         319
  C:2C15H         LINE#         320
  C:2C15H         LINE#         321
  C:2C24H         LINE#         322
  C:2C24H         LINE#         323
  C:2C34H         LINE#         324
BL51 BANKED LINKER/LOCATER V6.22                                                      05/29/2019  12:20:14  PAGE 25


  C:2C34H         LINE#         325
  C:2C34H         LINE#         326
  C:2C36H         LINE#         328
  C:2C36H         LINE#         329
  C:2C45H         LINE#         330
  C:2C45H         LINE#         331
  C:2C58H         LINE#         332
  C:2C6BH         LINE#         333
  C:2C6BH         LINE#         334
  C:2C6BH         LINE#         335
  C:2C6BH         LINE#         336
  C:2C74H         LINE#         338
  C:2C74H         LINE#         340
  C:2CAEH         LINE#         341
  C:2CAEH         LINE#         342
  C:2CB5H         LINE#         343
  C:2CB5H         LINE#         344
  C:2CBFH         LINE#         345
  C:2CBFH         LINE#         346
  C:2CC2H         LINE#         347
  C:2CC7H         LINE#         348
  C:2CCCH         LINE#         349
  C:2CD1H         LINE#         350
  C:2CD6H         LINE#         351
  C:2CDBH         LINE#         352
  C:2CE0H         LINE#         353
  C:2CE5H         LINE#         354
  C:2CE5H         LINE#         355
  C:2CE5H         LINE#         357
  C:2D03H         LINE#         358
  C:2D03H         LINE#         359
  C:2D0AH         LINE#         360
  C:2D0AH         LINE#         361
  C:2D0FH         LINE#         362
  C:2D18H         LINE#         363
  C:2D37H         LINE#         364
  C:2D37H         LINE#         365
  C:2D47H         LINE#         367
  C:2D47H         LINE#         371
  -------         ENDPROC       KEY_PROCESS
  -------         PROC          KEYPAD_IO_INIT
  C:4E3CH         LINE#         374
  C:4E3CH         LINE#         375
  C:4E3CH         LINE#         376
  C:4E3FH         LINE#         377
  C:4E42H         LINE#         378
  C:4E45H         LINE#         379
  C:4E47H         LINE#         380
  -------         ENDPROC       KEYPAD_IO_INIT
  -------         ENDMOD        KEYPAD

  -------         MODULE        BIPOLARMOTOR
  C:0000H         SYMBOL        _ICE_DUMMY_
  X:0000H         PUBLIC        UTC_time
  D:0080H         PUBLIC        P0
  D:0090H         PUBLIC        P1
  X:0004H         PUBLIC        RX_pos_test
BL51 BANKED LINKER/LOCATER V6.22                                                      05/29/2019  12:20:14  PAGE 26


  D:00A0H         PUBLIC        P2
  D:00B0H         PUBLIC        P3
  D:00C0H         PUBLIC        P4
  D:00C8H         PUBLIC        P5
  D:00E8H         PUBLIC        P6
  D:00F8H         PUBLIC        P7
  X:00A4H         PUBLIC        low_date_azimuth_mapping
  D:00A8H         PUBLIC        IE
  C:4037H         PUBLIC        linear_interpolate
  X:00CCH         PUBLIC        declination
  C:4B75H         PUBLIC        _Move
  D:00B8H         PUBLIC        IP
  X:00D0H         PUBLIC        time_offset
  D:00D8H         PUBLIC        CCON
  X:00D4H         PUBLIC        previous_move_time
  X:00D5H         PUBLIC        time
  D:0098H         PUBLIC        SCON
  D:0088H         PUBLIC        TCON
  C:4998H         PUBLIC        _Step_move
  X:00E7H         PUBLIC        dat
  X:00EDH         PUBLIC        current_local_sun_time
  C:1198H         PUBLIC        _Update_position
  C:2D48H         PUBLIC        _elevation_calculation
  X:00F1H         PUBLIC        sunCoord
  C:4880H         PUBLIC        vOneStepMove
  X:00F4H         PUBLIC        elevation_stamp
  X:0130H         PUBLIC        date_azimuth_mapping
  X:0158H         PUBLIC        location
  X:0160H         PUBLIC        RX_pos
  C:4D5CH         PUBLIC        vSetLocation
  C:4CD7H         PUBLIC        _BCDtoDec1
  X:03B8H         PUBLIC        degree
  C:1CD0H         PUBLIC        _TheoricalJP_Position
  D:00D0H         PUBLIC        PSW
  -------         PROC          VSETLOCATION
  C:4D5CH         LINE#         44
  C:4D5CH         LINE#         45
  C:4D5CH         LINE#         46
  C:4D66H         LINE#         47
  C:4D70H         LINE#         48
  -------         ENDPROC       VSETLOCATION
  C:4CD3H         SYMBOL        L?0060
  -------         PROC          L?0059
  -------         ENDPROC       L?0059
  C:4CD3H         SYMBOL        L?0060
  -------         PROC          _BCDTODEC1
  D:0007H         SYMBOL        bcd
  -------         DO            
  D:0006H         SYMBOL        hi
  D:0007H         SYMBOL        lo
  -------         ENDDO         
  C:4CD7H         LINE#         49
  C:4CD7H         LINE#         50
  C:4CD7H         LINE#         52
  C:4CDCH         LINE#         53
  C:4CE0H         LINE#         54
  C:4CE7H         LINE#         55
BL51 BANKED LINKER/LOCATER V6.22                                                      05/29/2019  12:20:14  PAGE 27


  -------         ENDPROC       _BCDTODEC1
  -------         PROC          VONESTEPMOVE
  B:0020H.2       SYMBOL        bDir
  C:4880H         LINE#         59
  C:4880H         LINE#         60
  C:4880H         LINE#         62
  C:4886H         LINE#         63
  C:4886H         LINE#         64
  C:4889H         LINE#         65
  C:4892H         LINE#         66
  C:4899H         LINE#         67
  C:489EH         LINE#         68
  C:489EH         LINE#         69
  C:489EH         LINE#         71
  C:48A0H         LINE#         74
  C:48A0H         LINE#         75
  C:48A3H         LINE#         76
  C:48ACH         LINE#         77
  C:48B3H         LINE#         78
  C:48B9H         LINE#         79
  C:48C2H         LINE#         80
  C:48C9H         LINE#         81
  C:48C9H         LINE#         85
  -------         ENDPROC       VONESTEPMOVE
  -------         PROC          _STEP_MOVE
  X:066DH         SYMBOL        step
  B:0020H.1       SYMBOL        dir
  -------         DO            
  X:066FH         SYMBOL        i
  -------         ENDDO         
  C:4998H         LINE#         87
  C:49A0H         LINE#         88
  C:49A0H         LINE#         90
  C:49A5H         LINE#         93
  C:49C0H         LINE#         94
  C:49C0H         LINE#         95
  C:49C7H         LINE#         97
  C:49D7H         LINE#         99
  -------         ENDPROC       _STEP_MOVE
  -------         PROC          _MOVE
  X:073BH         SYMBOL        distance
  B:0020H.6       SYMBOL        direction
  -------         DO            
  D:0006H         SYMBOL        step
  -------         ENDDO         
  C:4B75H         LINE#         101
  C:4B7BH         LINE#         102
  C:4B7BH         LINE#         105
  C:4B96H         LINE#         106
  -------         ENDPROC       _MOVE
  C:4026H         SYMBOL        L?0058
  -------         PROC          L?0057
  -------         ENDPROC       L?0057
  C:4026H         SYMBOL        L?0058
  -------         PROC          LINEAR_INTERPOLATE
  X:06F7H         SYMBOL        p1
  X:06FFH         SYMBOL        p2
BL51 BANKED LINKER/LOCATER V6.22                                                      05/29/2019  12:20:14  PAGE 28


  X:0707H         SYMBOL        x
  -------         DO            
  D:0004H         SYMBOL        fx
  -------         ENDDO         
  C:4037H         LINE#         139
  C:4037H         LINE#         140
  C:4037H         LINE#         143
  C:40D6H         LINE#         145
  C:40D6H         LINE#         146
  -------         ENDPROC       LINEAR_INTERPOLATE
  -------         PROC          _THEORICALJP_POSITION
  X:05D5H         SYMBOL        azimuth
  X:05D9H         SYMBOL        elevation
  -------         DO            
  X:05DDH         SYMBOL        pos_interpolate_azimuth
  X:0619H         SYMBOL        JP_pos
  X:061DH         SYMBOL        i
  X:061FH         SYMBOL        yy
  X:0621H         SYMBOL        p1
  X:0629H         SYMBOL        p2
  -------         ENDDO         
  C:1CD0H         LINE#         149
  C:1CD6H         LINE#         150
  C:1CD6H         LINE#         152
  C:1CE0H         LINE#         155
  C:1CFCH         LINE#         156
  C:1CFCH         LINE#         157
  C:1D6CH         LINE#         158
  C:1D6CH         LINE#         159
  C:1D73H         LINE#         160
  C:1D73H         LINE#         161
  C:1DA0H         LINE#         162
  C:1DBBH         LINE#         164
  C:1E02H         LINE#         165
  C:1E36H         LINE#         167
  C:1E7CH         LINE#         168
  C:1EA1H         LINE#         170
  C:1EA1H         LINE#         172
  C:1F17H         LINE#         173
  C:1F17H         LINE#         174
  C:1F1EH         LINE#         175
  C:1F1EH         LINE#         176
  C:1F4BH         LINE#         177
  C:1F66H         LINE#         179
  C:1FADH         LINE#         180
  C:1FE1H         LINE#         182
  C:2027H         LINE#         183
  C:2049H         LINE#         185
  C:2049H         LINE#         186
  C:205DH         LINE#         189
  C:2079H         LINE#         190
  C:2079H         LINE#         191
  C:20E9H         LINE#         192
  C:20E9H         LINE#         193
  C:2116H         LINE#         194
  C:2131H         LINE#         196
  C:215EH         LINE#         197
BL51 BANKED LINKER/LOCATER V6.22                                                      05/29/2019  12:20:14  PAGE 29


  C:2179H         LINE#         199
  C:21ABH         LINE#         202
  C:21ABH         LINE#         204
  C:21BCH         LINE#         205
  C:21CAH         LINE#         207
  -------         ENDPROC       _THEORICALJP_POSITION
  -------         PROC          _UPDATE_POSITION
  D:0001H         SYMBOL        mnths
  D:0002H         SYMBOL        dys
  X:067EH         SYMBOL        hurs
  X:067FH         SYMBOL        mns
  X:0680H         SYMBOL        sconds
  X:0681H         SYMBOL        currnt_pos
  X:0684H         SYMBOL        offset_calib
  -------         DO            
  X:0688H         SYMBOL        date
  X:068AH         SYMBOL        i
  X:068CH         SYMBOL        yy
  X:068EH         SYMBOL        desired_distance
  X:0692H         SYMBOL        distance
  X:0696H         SYMBOL        JP_pos
  X:069AH         SYMBOL        elevation
  X:069EH         SYMBOL        azimuth
  -------         ENDDO         
  C:1198H         LINE#         210
  C:11A1H         LINE#         213
  C:11A1H         LINE#         214
  C:11ACH         LINE#         216
  C:11C8H         LINE#         223
  C:11D2H         LINE#         224
  C:11DDH         LINE#         225
  C:11E8H         LINE#         226
  C:1201H         LINE#         227
  C:1212H         LINE#         228
  C:1221H         LINE#         231
  C:1235H         LINE#         235
  C:1287H         LINE#         236
  C:13EBH         LINE#         237
  C:143BH         LINE#         240
  C:1563H         LINE#         243
  C:1632H         LINE#         250
  C:1679H         LINE#         251
  C:1679H         LINE#         253
  C:16A4H         LINE#         254
  C:16D3H         LINE#         256
  C:16F8H         LINE#         257
  C:175DH         LINE#         258
  C:175DH         LINE#         259
  C:1777H         LINE#         260
  C:1789H         LINE#         261
  C:17A1H         LINE#         262
  C:17B7H         LINE#         264
  C:17D3H         LINE#         265
  C:17D3H         LINE#         266
  C:17D3H         LINE#         269
  -------         ENDPROC       _UPDATE_POSITION
  -------         PROC          _ELEVATION_CALCULATION
BL51 BANKED LINKER/LOCATER V6.22                                                      05/29/2019  12:20:14  PAGE 30


  D:0007H         SYMBOL        mnths
  D:0005H         SYMBOL        dys
  X:0733H         SYMBOL        hurs
  X:0734H         SYMBOL        mns
  X:0735H         SYMBOL        sconds
  C:2D48H         LINE#         271
  C:2D4DH         LINE#         273
  C:2D4DH         LINE#         274
  C:2D57H         LINE#         275
  C:2D60H         LINE#         276
  C:2D6BH         LINE#         277
  C:2D84H         LINE#         278
  C:2D98H         LINE#         279
  C:2DAAH         LINE#         283
  C:2DFCH         LINE#         284
  C:2F60H         LINE#         285
  C:2FB0H         LINE#         287
  C:30C7H         LINE#         289
  -------         ENDPROC       _ELEVATION_CALCULATION
  -------         ENDMOD        BIPOLARMOTOR

  -------         MODULE        SUNPOS
  C:0000H         SYMBOL        _ICE_DUMMY_
  C:09F6H         PUBLIC        sunpos
  -------         PROC          SUNPOS
  X:0578H         SYMBOL        udtTime
  X:058AH         SYMBOL        udtLocation
  X:0592H         SYMBOL        udtSunCoordinates
  -------         DO            
  X:0595H         SYMBOL        dElapsedJulianDays
  X:0599H         SYMBOL        dDecimalHours
  X:059DH         SYMBOL        dEclipticLongitude
  X:05A1H         SYMBOL        dEclipticObliquity
  X:05A5H         SYMBOL        dRightAscension
  X:05A9H         SYMBOL        dDeclination
  X:05ADH         SYMBOL        dY
  X:05B1H         SYMBOL        dX
  -------         DO            
  X:05B5H         SYMBOL        dJulianDate
  X:05B9H         SYMBOL        liAux1
  X:05BDH         SYMBOL        liAux2
  X:05B5H         SYMBOL        dMeanLongitude
  X:05B9H         SYMBOL        dMeanAnomaly
  X:05BDH         SYMBOL        dOmega
  X:05B5H         SYMBOL        dSin_EclipticLongitude
  X:05B5H         SYMBOL        dGreenwichMeanSiderealTime
  X:05B9H         SYMBOL        dLocalMeanSiderealTime
  X:05BDH         SYMBOL        dLatitudeInRadians
  X:05C1H         SYMBOL        dHourAngle
  X:05C5H         SYMBOL        dCos_Latitude
  X:05C9H         SYMBOL        dSin_Latitude
  X:05CDH         SYMBOL        dCos_HourAngle
  X:05D1H         SYMBOL        dParallax
  -------         ENDDO         
  -------         DO            
  X:05B5H         SYMBOL        dMeanLongitude
  X:05B9H         SYMBOL        dMeanAnomaly
BL51 BANKED LINKER/LOCATER V6.22                                                      05/29/2019  12:20:14  PAGE 31


  X:05BDH         SYMBOL        dOmega
  X:05B5H         SYMBOL        dSin_EclipticLongitude
  X:05B5H         SYMBOL        dGreenwichMeanSiderealTime
  X:05B9H         SYMBOL        dLocalMeanSiderealTime
  X:05BDH         SYMBOL        dLatitudeInRadians
  X:05C1H         SYMBOL        dHourAngle
  X:05C5H         SYMBOL        dCos_Latitude
  X:05C9H         SYMBOL        dSin_Latitude
  X:05CDH         SYMBOL        dCos_HourAngle
  X:05D1H         SYMBOL        dParallax
  -------         ENDDO         
  -------         DO            
  X:05B5H         SYMBOL        dSin_EclipticLongitude
  X:05B5H         SYMBOL        dGreenwichMeanSiderealTime
  X:05B9H         SYMBOL        dLocalMeanSiderealTime
  X:05BDH         SYMBOL        dLatitudeInRadians
  X:05C1H         SYMBOL        dHourAngle
  X:05C5H         SYMBOL        dCos_Latitude
  X:05C9H         SYMBOL        dSin_Latitude
  X:05CDH         SYMBOL        dCos_HourAngle
  X:05D1H         SYMBOL        dParallax
  -------         ENDDO         
  -------         DO            
  X:05B5H         SYMBOL        dGreenwichMeanSiderealTime
  X:05B9H         SYMBOL        dLocalMeanSiderealTime
  X:05BDH         SYMBOL        dLatitudeInRadians
  X:05C1H         SYMBOL        dHourAngle
  X:05C5H         SYMBOL        dCos_Latitude
  X:05C9H         SYMBOL        dSin_Latitude
  X:05CDH         SYMBOL        dCos_HourAngle
  X:05D1H         SYMBOL        dParallax
  -------         ENDDO         
  -------         ENDDO         
  C:09F6H         LINE#         6
  C:09F6H         LINE#         7
  C:09F6H         LINE#         9
  C:09F6H         LINE#         27
  C:0A40H         LINE#         30
  C:0A61H         LINE#         31
  C:0BA8H         LINE#         34
  C:0BF4H         LINE#         36
  C:0C13H         LINE#         37
  C:0C13H         LINE#         42
  C:0C13H         LINE#         46
  C:0C45H         LINE#         47
  C:0C6FH         LINE#         48
  C:0C99H         LINE#         49
  C:0D46H         LINE#         52
  C:0DA7H         LINE#         54
  C:0DA7H         LINE#         59
  C:0DA7H         LINE#         61
  C:0DBEH         LINE#         62
  C:0DE6H         LINE#         63
  C:0DFDH         LINE#         64
  C:0E28H         LINE#         65
  C:0E5FH         LINE#         66
  C:0E8AH         LINE#         67
BL51 BANKED LINKER/LOCATER V6.22                                                      05/29/2019  12:20:14  PAGE 32


  C:0E8AH         LINE#         70
  C:0E8AH         LINE#         79
  C:0EC5H         LINE#         82
  C:0EFFH         LINE#         84
  C:0F24H         LINE#         85
  C:0F43H         LINE#         86
  C:0F5AH         LINE#         87
  C:0F71H         LINE#         88
  C:0F88H         LINE#         89
  C:1011H         LINE#         91
  C:102BH         LINE#         92
  C:108DH         LINE#         93
  C:10C3H         LINE#         94
  C:10D5H         LINE#         95
  C:1102H         LINE#         96
  C:112FH         LINE#         98
  C:1151H         LINE#         100
  C:1189H         LINE#         103
  C:1189H         LINE#         104
  C:1197H         LINE#         105
  -------         ENDPROC       SUNPOS
  -------         ENDMOD        SUNPOS

  -------         MODULE        ADC
  C:0000H         SYMBOL        _ICE_DUMMY_
  D:0092H         PUBLIC        P1M0
  D:0091H         PUBLIC        P1M1
  D:0080H         PUBLIC        P0
  D:0090H         PUBLIC        P1
  D:00A0H         PUBLIC        P2
  D:00B0H         PUBLIC        P3
  D:00C0H         PUBLIC        P4
  D:00C8H         PUBLIC        P5
  D:00E8H         PUBLIC        P6
  D:00F8H         PUBLIC        P7
  D:00A8H         PUBLIC        IE
  D:00BDH         PUBLIC        ADC_RES
  D:00B8H         PUBLIC        IP
  D:0097H         PUBLIC        CLK_DIV
  D:00D8H         PUBLIC        CCON
  D:00BCH         PUBLIC        ADC_CONTR
  D:0098H         PUBLIC        SCON
  D:0088H         PUBLIC        TCON
  B:00A0H.4       PUBLIC        P24
  B:00A0H.5       PUBLIC        P25
  B:00A0H.6       PUBLIC        P26
  C:4CE8H         PUBLIC        ADC_Init
  C:4B4BH         PUBLIC        _ADC_GetResult
  D:009DH         PUBLIC        P1ASF
  D:00BEH         PUBLIC        ADC_RESL
  D:00D0H         PUBLIC        PSW
  -------         PROC          ADC_INIT
  C:4CE8H         LINE#         7
  C:4CE8H         LINE#         8
  C:4CE8H         LINE#         10
  C:4CEAH         LINE#         11
  C:4CECH         LINE#         12
BL51 BANKED LINKER/LOCATER V6.22                                                      05/29/2019  12:20:14  PAGE 33


  C:4CEEH         LINE#         13
  C:4CF1H         LINE#         14
  C:4CF4H         LINE#         15
  C:4CF7H         LINE#         16
  C:4CFAH         LINE#         18
  C:4CFCH         LINE#         19
  C:4CFEH         LINE#         20
  C:4D01H         LINE#         24
  -------         ENDPROC       ADC_INIT
  -------         PROC          _ADC_GETRESULT
  D:0007H         SYMBOL        ch
  -------         DO            
  D:0006H         SYMBOL        ADC_Value_H
  D:0004H         SYMBOL        ADC_Value_L
  D:0006H         SYMBOL        ADC_Value
  -------         ENDDO         
  C:4B4BH         LINE#         27
  C:4B4BH         LINE#         28
  C:4B4BH         LINE#         30
  C:4B50H         LINE#         31
  C:4B51H         LINE#         32
  C:4B52H         LINE#         35
  C:4B57H         LINE#         36
  C:4B5AH         LINE#         37
  C:4B5EH         LINE#         38
  C:4B62H         LINE#         40
  C:4B74H         LINE#         41
  C:4B74H         LINE#         42
  -------         ENDPROC       _ADC_GETRESULT
  -------         ENDMOD        ADC

  -------         MODULE        CALIBRATION
  C:0000H         SYMBOL        _ICE_DUMMY_
  D:0080H         PUBLIC        P0
  D:0090H         PUBLIC        P1
  D:00A0H         PUBLIC        P2
  D:00B0H         PUBLIC        P3
  D:00C0H         PUBLIC        P4
  D:00C8H         PUBLIC        P5
  D:00E8H         PUBLIC        P6
  D:00F8H         PUBLIC        P7
  C:4429H         PUBLIC        _Max_Value
  D:00A8H         PUBLIC        IE
  C:30C8H         PUBLIC        _calibration
  C:40D7H         PUBLIC        voltage_is_stable
  D:00B8H         PUBLIC        IP
  C:4BC4H         PUBLIC        _FindClosestSamedayCalibTime
  D:00D8H         PUBLIC        CCON
  D:0098H         PUBLIC        SCON
  D:0088H         PUBLIC        TCON
  C:17D4H         PUBLIC        _Find_Real_Max
  D:00D0H         PUBLIC        PSW
  -------         PROC          VOLTAGE_IS_STABLE
  -------         DO            
  X:06DFH         SYMBOL        sample_voltage
  X:06F3H         SYMBOL        i
  X:06F5H         SYMBOL        ch
BL51 BANKED LINKER/LOCATER V6.22                                                      05/29/2019  12:20:14  PAGE 34


  -------         ENDDO         
  C:40D7H         LINE#         23
  C:40D7H         LINE#         24
[...]
  -------         PROC          SPI_NOR_WRITE_DATA
BL51 BANKED LINKER/LOCATER V6.22                                                      05/29/2019  12:20:14  PAGE 46


  X:070BH         SYMBOL        dat
  X:0716H         SYMBOL        addr
  C:341CH         LINE#         306
  C:341CH         LINE#         307
  C:341CH         LINE#         309
  C:341FH         LINE#         311
  C:3439H         LINE#         312
  C:3457H         LINE#         314
  C:345EH         LINE#         315
  C:3461H         LINE#         317
  C:347BH         LINE#         318
  C:347BH         LINE#         319
  C:347BH         LINE#         322
  C:347EH         LINE#         324
  C:3498H         LINE#         325
  C:3498H         LINE#         326
  C:3498H         LINE#         328
  C:349BH         LINE#         330
  C:34B5H         LINE#         331
  C:34B5H         LINE#         332
  C:34B5H         LINE#         334
  C:34B8H         LINE#         336
  C:34D2H         LINE#         337
  C:34D2H         LINE#         338
  C:34D2H         LINE#         340
  C:34D5H         LINE#         342
  C:34EFH         LINE#         343
  C:34EFH         LINE#         344
  C:34EFH         LINE#         346
  C:34F2H         LINE#         348
  C:350CH         LINE#         349
  C:350CH         LINE#         350
  C:350CH         LINE#         352
  C:350FH         LINE#         354
  C:3529H         LINE#         355
  C:3529H         LINE#         356
  C:3529H         LINE#         358
  C:352CH         LINE#         360
  C:3546H         LINE#         361
  C:3546H         LINE#         362
  C:3546H         LINE#         364
  C:3549H         LINE#         366
  C:3563H         LINE#         367
  C:3563H         LINE#         368
  C:3563H         LINE#         370
  C:3566H         LINE#         372
  C:3580H         LINE#         373
  C:3587H         LINE#         374
  -------         ENDPROC       SPI_NOR_WRITE_DATA
  -------         ENDMOD        AT25SF041

  -------         MODULE        SI1120
  C:0000H         SYMBOL        _ICE_DUMMY_
  D:0080H         PUBLIC        P0
  D:00B2H         PUBLIC        P3M0
  D:0090H         PUBLIC        P1
  D:00B1H         PUBLIC        P3M1
BL51 BANKED LINKER/LOCATER V6.22                                                      05/29/2019  12:20:14  PAGE 47


  D:00A0H         PUBLIC        P2
  D:00B0H         PUBLIC        P3
  D:00C0H         PUBLIC        P4
  D:00C8H         PUBLIC        P5
  B:00A8H.7       PUBLIC        EA
  D:00E8H         PUBLIC        P6
  D:00F8H         PUBLIC        P7
  D:00A8H         PUBLIC        IE
  D:00B8H         PUBLIC        IP
  C:4AC4H         PUBLIC        SI1120_CONFIG_MODE_VIRH
  D:00D8H         PUBLIC        CCON
  D:0098H         PUBLIC        SCON
  D:0088H         PUBLIC        TCON
  C:4E2FH         PUBLIC        Enable_EXTINT0
  B:0090H.5       PUBLIC        SI1120_STX
  B:0088H.0       PUBLIC        IT0
  B:00A8H.0       PUBLIC        EX0
  B:0090H.4       PUBLIC        SI1120_MD
  B:0090H.6       PUBLIC        SI1120_SC
  D:00D0H         PUBLIC        PSW
  -------         PROC          SI1120_CONFIG_MODE_VIRH
  C:4AC4H         LINE#         4
  C:4AC4H         LINE#         5
  C:4AC4H         LINE#         6
  C:4AC6H         LINE#         7
  C:4AC8H         LINE#         8
  C:4ACAH         LINE#         10
  C:4AD1H         LINE#         11
  C:4AD3H         LINE#         13
  C:4AD5H         LINE#         14
  C:4AD7H         LINE#         16
  C:4ADEH         LINE#         18
  C:4AE0H         LINE#         20
  C:4AE7H         LINE#         23
  C:4AE9H         LINE#         25
  C:4AEBH         LINE#         27
  C:4AF2H         LINE#         29
  C:4AF4H         LINE#         31
  -------         ENDPROC       SI1120_CONFIG_MODE_VIRH
  -------         PROC          ENABLE_EXTINT0
  C:4E2FH         LINE#         33
  C:4E2FH         LINE#         34
  C:4E2FH         LINE#         35
  C:4E32H         LINE#         36
  C:4E35H         LINE#         37
  C:4E37H         LINE#         38
  C:4E39H         LINE#         39
  C:4E3BH         LINE#         40
  -------         ENDPROC       ENABLE_EXTINT0
  -------         ENDMOD        SI1120

  -------         MODULE        UART1
  C:0000H         SYMBOL        _ICE_DUMMY_
  D:0080H         PUBLIC        P0
  D:0090H         PUBLIC        P1
  D:00A0H         PUBLIC        P2
  D:00B0H         PUBLIC        P3
BL51 BANKED LINKER/LOCATER V6.22                                                      05/29/2019  12:20:14  PAGE 48


  D:00C0H         PUBLIC        P4
  D:00C8H         PUBLIC        P5
  C:4C0DH         PUBLIC        _uart1_SendToTCPServer
  B:00A8H.7       PUBLIC        EA
  D:00E8H         PUBLIC        P6
  D:00F8H         PUBLIC        P7
  C:4A91H         PUBLIC        _SendString
  D:00A8H         PUBLIC        IE
  B:00A8H.4       PUBLIC        ES
  D:00B8H         PUBLIC        IP
  C:4D1AH         PUBLIC        _ASCIItoBCD
  D:00D8H         PUBLIC        CCON
  C:4DE4H         PUBLIC        initUART1
  D:0098H         PUBLIC        SCON
  D:0088H         PUBLIC        TCON
  C:4E84H         PUBLIC        _DectoBCD
  C:001EH         PUBLIC        _ASCII_Letter
  D:008EH         PUBLIC        AUXR
  C:0006H         PUBLIC        _unit
  C:4E7DH         PUBLIC        _ten
  D:00D6H         PUBLIC        T2H
  D:00D7H         PUBLIC        T2L
  C:4E6EH         PUBLIC        uart1_InitTCPConn
  D:00D0H         PUBLIC        PSW
  -------         PROC          INITUART1
  C:4DE4H         LINE#         24
  C:4DE4H         LINE#         25
  C:4DE4H         LINE#         26
  C:4DE7H         LINE#         27
  C:4DEAH         LINE#         28
  C:4DEDH         LINE#         29
  C:4DF0H         LINE#         30
  C:4DF2H         LINE#         31
  C:4DF4H         LINE#         33
  -------         ENDPROC       INITUART1
  -------         PROC          _SENDSTRING
  X:066DH         SYMBOL        s
  C:4A91H         LINE#         36
  C:4A9CH         LINE#         37
  C:4A9CH         LINE#         38
  C:4AACH         LINE#         39
  C:4AACH         LINE#         40
  C:4AC1H         LINE#         41
  C:4AC3H         LINE#         42
  -------         ENDPROC       _SENDSTRING
  -------         PROC          _TEN
  D:0007H         SYMBOL        BCD
  C:4E7DH         LINE#         44
  C:4E7DH         LINE#         45
  C:4E7DH         LINE#         46
  C:4E82H         LINE#         47
  -------         ENDPROC       _TEN
  -------         PROC          _UNIT
  D:0007H         SYMBOL        BCD
  C:0006H         LINE#         48
  C:0006H         LINE#         49
  C:0006H         LINE#         53
BL51 BANKED LINKER/LOCATER V6.22                                                      05/29/2019  12:20:14  PAGE 49


  C:000AH         LINE#         54
  -------         ENDPROC       _UNIT
  -------         PROC          _DECTOBCD
  D:0007H         SYMBOL        dec
  C:4E84H         LINE#         55
  C:4E84H         LINE#         56
  C:4E84H         LINE#         58
  C:4E84H         LINE#         59
  -------         ENDPROC       _DECTOBCD
  -------         PROC          _ASCII_LETTER
  D:0007H         SYMBOL        dat
  C:001EH         LINE#         61
  C:001EH         LINE#         62
  C:001EH         LINE#         64
  C:0022H         LINE#         65
  -------         ENDPROC       _ASCII_LETTER
  -------         PROC          _ASCIITOBCD
  D:0001H         SYMBOL        ascii
  -------         DO            
  D:0007H         SYMBOL        dec_val
  D:0006H         SYMBOL        ten
  D:0007H         SYMBOL        unit
  -------         ENDDO         
  C:4D1AH         LINE#         67
  C:4D1AH         LINE#         68
  C:4D1AH         LINE#         70
  C:4D1DH         LINE#         71
  C:4D23H         LINE#         72
  C:4D2AH         LINE#         73
  C:4D30H         LINE#         75
  -------         ENDPROC       _ASCIITOBCD
  -------         PROC          UART1_INITTCPCONN
  C:4E6EH         LINE#         77
  C:4E6EH         LINE#         78
  C:4E6EH         LINE#         82
  -------         ENDPROC       UART1_INITTCPCONN
  -------         PROC          _UART1_SENDTOTCPSERVER
  X:074FH         SYMBOL        str
  C:4C0DH         LINE#         86
  C:4C18H         LINE#         87
  C:4C18H         LINE#         88
  C:4C21H         LINE#         89
  C:4C28H         LINE#         90
  -------         ENDPROC       _UART1_SENDTOTCPSERVER
  -------         ENDMOD        UART1

  -------         MODULE        ?C_STARTUP
  C:455FH         SEGMENT       ?C_C51STARTUP
  I:0022H         SEGMENT       ?STACK
  C:0000H         PUBLIC        ?C_STARTUP
  D:00E0H         SYMBOL        ACC
  D:00F0H         SYMBOL        B
  D:0083H         SYMBOL        DPH
  D:0082H         SYMBOL        DPL
  N:0000H         SYMBOL        IBPSTACK
  N:0100H         SYMBOL        IBPSTACKTOP
  N:0080H         SYMBOL        IDATALEN
BL51 BANKED LINKER/LOCATER V6.22                                                      05/29/2019  12:20:14  PAGE 50


  C:4562H         SYMBOL        IDATALOOP
  N:0000H         SYMBOL        PBPSTACK
  N:0100H         SYMBOL        PBPSTACKTOP
  N:0000H         SYMBOL        PDATALEN
  N:0000H         SYMBOL        PDATASTART
  N:0000H         SYMBOL        PPAGE
  N:0000H         SYMBOL        PPAGEENABLE
  D:00A0H         SYMBOL        PPAGE_SFR
  D:0081H         SYMBOL        SP
  C:455FH         SYMBOL        STARTUP1
  N:0000H         SYMBOL        XBPSTACK
  N:0000H         SYMBOL        XBPSTACKTOP
  N:0000H         SYMBOL        XDATALEN
  N:0000H         SYMBOL        XDATASTART
  C:0000H         LINE#         126
  C:455FH         LINE#         133
  C:4561H         LINE#         134
  C:4562H         LINE#         135
  C:4563H         LINE#         136
  C:4565H         LINE#         185
  C:4568H         LINE#         196
  -------         ENDMOD        ?C_STARTUP

  -------         MODULE        ?C?FPADD
  C:002DH         PUBLIC        ?C?FPADD
  C:0029H         PUBLIC        ?C?FPSUB
  -------         ENDMOD        ?C?FPADD

  -------         MODULE        ?C?FPMUL
  C:011EH         PUBLIC        ?C?FPMUL
  -------         ENDMOD        ?C?FPMUL

  -------         MODULE        ?C?FPDIV
  C:0227H         PUBLIC        ?C?FPDIV
  -------         ENDMOD        ?C?FPDIV

  -------         MODULE        ?C?FPCMP
  C:02C6H         PUBLIC        ?C?FPCMP
  C:02C4H         PUBLIC        ?C?FPCMP3
  -------         ENDMOD        ?C?FPCMP

  -------         MODULE        ?C?FPNEG
  C:033DH         PUBLIC        ?C?FPNEG
  -------         ENDMOD        ?C?FPNEG

  -------         MODULE        ?C?FCAST
  C:0358H         PUBLIC        ?C?FCASTC
  C:0353H         PUBLIC        ?C?FCASTI
  C:034EH         PUBLIC        ?C?FCASTL
  -------         ENDMOD        ?C?FCAST

  -------         MODULE        ?C?CASTF
  C:038CH         PUBLIC        ?C?CASTF
  -------         ENDMOD        ?C?CASTF

  -------         MODULE        ATAN2
  X:0729H         PUBLIC        ?_atan2?BYTE
BL51 BANKED LINKER/LOCATER V6.22                                                      05/29/2019  12:20:14  PAGE 51


  C:438CH         PUBLIC        _atan2
  -------         ENDMOD        ATAN2

  -------         MODULE        SIN
  C:35EDH         PUBLIC        _COS
  C:3603H         PUBLIC        _SIN
  C:363FH         PUBLIC        _TAN
  -------         ENDMOD        SIN

  -------         MODULE        ACOS
  C:48CAH         PUBLIC        _ACOS
  -------         ENDMOD        ACOS

  -------         MODULE        ASIN
  C:4A56H         PUBLIC        _ASIN
  -------         ENDMOD        ASIN

  -------         MODULE        POW
  X:0631H         PUBLIC        ?_pow?BYTE
  C:372DH         PUBLIC        _pow
  -------         ENDMOD        POW

  -------         MODULE        ?C?CHKFLOAT
  C:040DH         PUBLIC        ?C?CHKFLOAT
  -------         ENDMOD        ?C?CHKFLOAT

  -------         MODULE        EXP
  C:44FDH         PUBLIC        _EXP
  -------         ENDMOD        EXP

  -------         MODULE        LOG
  C:3A1CH         PUBLIC        _LOG
  C:3A18H         PUBLIC        _LOG10
  -------         ENDMOD        LOG

  -------         MODULE        SQRT
  C:4243H         PUBLIC        _SQRT
  -------         ENDMOD        SQRT

  -------         MODULE        ATAN
  C:3B31H         PUBLIC        _ATAN
  -------         ENDMOD        ATAN

  -------         MODULE        ?C?COPY
  C:0544H         PUBLIC        ?C?COPY
  -------         ENDMOD        ?C?COPY

  -------         MODULE        ?C?CLDPTR
  C:056AH         PUBLIC        ?C?CLDPTR
  -------         ENDMOD        ?C?CLDPTR

  -------         MODULE        ?C?CLDOPTR
  C:0583H         PUBLIC        ?C?CLDOPTR
  -------         ENDMOD        ?C?CLDOPTR

  -------         MODULE        ?C?CSTPTR
  C:05B0H         PUBLIC        ?C?CSTPTR
BL51 BANKED LINKER/LOCATER V6.22                                                      05/29/2019  12:20:14  PAGE 52


  -------         ENDMOD        ?C?CSTPTR

  -------         MODULE        ?C?IMUL
  C:05C2H         PUBLIC        ?C?IMUL
  -------         ENDMOD        ?C?IMUL

  -------         MODULE        ?C?UIDIV
  C:05D4H         PUBLIC        ?C?UIDIV
  -------         ENDMOD        ?C?UIDIV

  -------         MODULE        ?C?SIDIV
  C:0629H         PUBLIC        ?C?SIDIV
  -------         ENDMOD        ?C?SIDIV

  -------         MODULE        ?C?ILDIX
  C:065FH         PUBLIC        ?C?ILDIX
  -------         ENDMOD        ?C?ILDIX

  -------         MODULE        ?C?ILDOPTR
  C:0675H         PUBLIC        ?C?ILDOPTR
  -------         ENDMOD        ?C?ILDOPTR

  -------         MODULE        ?C?ISTPTR
  C:06ADH         PUBLIC        ?C?ISTPTR
  -------         ENDMOD        ?C?ISTPTR

  -------         MODULE        ?C?LMUL
  C:06CCH         PUBLIC        ?C?LMUL
  -------         ENDMOD        ?C?LMUL

  -------         MODULE        ?C?SLDIV
  C:4914H         PUBLIC        ?C?SLDIV
  -------         ENDMOD        ?C?SLDIV

  -------         MODULE        ?C?LNEG
  C:071BH         PUBLIC        ?C?LNEG
  -------         ENDMOD        ?C?LNEG

  -------         MODULE        ?C?ULCMP
  C:0729H         PUBLIC        ?C?ULCMP
  -------         ENDMOD        ?C?ULCMP

  -------         MODULE        ?C?LSHL
  C:073AH         PUBLIC        ?C?LSHL
  -------         ENDMOD        ?C?LSHL

  -------         MODULE        ?C?LLDPTR
  C:074DH         PUBLIC        ?C?LLDPTR
  -------         ENDMOD        ?C?LLDPTR

  -------         MODULE        ?C?LLDOPTR
  C:076DH         PUBLIC        ?C?LLDOPTR
  -------         ENDMOD        ?C?LLDOPTR

  -------         MODULE        ?C?LSTPTR
  C:079DH         PUBLIC        ?C?LSTPTR
  -------         ENDMOD        ?C?LSTPTR
BL51 BANKED LINKER/LOCATER V6.22                                                      05/29/2019  12:20:14  PAGE 53



  -------         MODULE        ?C?LSTOPTR
  C:07B7H         PUBLIC        ?C?LSTOPTR
  -------         ENDMOD        ?C?LSTOPTR

  -------         MODULE        ?C?LLDXDATA
  C:07DBH         PUBLIC        ?C?LLDXDATA
  -------         ENDMOD        ?C?LLDXDATA

  -------         MODULE        ?C?LLDCODE
  C:07E7H         PUBLIC        ?C?LLDCODE
  -------         ENDMOD        ?C?LLDCODE

  -------         MODULE        ?C?LLDXDATA0
  C:07F7H         PUBLIC        ?C?LLDXDATA0
  -------         ENDMOD        ?C?LLDXDATA0

  -------         MODULE        ?C?LLDCODE0
  C:0803H         PUBLIC        ?C?LLDCODE0
  -------         ENDMOD        ?C?LLDCODE0

  -------         MODULE        ?C?LLDPTR0
  C:0813H         PUBLIC        ?C?LLDPTR0
  -------         ENDMOD        ?C?LLDPTR0

  -------         MODULE        ?C?LSTXDATA
  C:0833H         PUBLIC        ?C?LSTXDATA
  -------         ENDMOD        ?C?LSTXDATA

  -------         MODULE        ?C?LSTKXDATA
  C:083FH         PUBLIC        ?C?LSTKXDATA
  -------         ENDMOD        ?C?LSTKXDATA

  -------         MODULE        ?C?LSTKPTR
  C:0870H         PUBLIC        ?C?LSTKPTR
  -------         ENDMOD        ?C?LSTKPTR

  -------         MODULE        ?C?OFFXADD
  C:088AH         PUBLIC        ?C?OFFXADD
  -------         ENDMOD        ?C?OFFXADD

  -------         MODULE        ATOI
  C:3F39H         PUBLIC        _atoi
  -------         ENDMOD        ATOI

  -------         MODULE        ?C?IILDX
  C:0896H         PUBLIC        ?C?IILDX
  -------         ENDMOD        ?C?IILDX

  -------         MODULE        ?C?ULDIV
  C:08E8H         PUBLIC        ?C?ULDIV
  -------         ENDMOD        ?C?ULDIV

  -------         MODULE        ?C?LLDIDATA
  C:097AH         PUBLIC        ?C?LLDIDATA
  -------         ENDMOD        ?C?LLDIDATA

BL51 BANKED LINKER/LOCATER V6.22                                                      05/29/2019  12:20:14  PAGE 54


  -------         MODULE        ?C?LLDPDATA
  C:0986H         PUBLIC        ?C?LLDPDATA
  -------         ENDMOD        ?C?LLDPDATA

  -------         MODULE        ?C?LLDIDATA0
  C:0992H         PUBLIC        ?C?LLDIDATA0
  -------         ENDMOD        ?C?LLDIDATA0

  -------         MODULE        ?C?LLDPDATA0
  C:099FH         PUBLIC        ?C?LLDPDATA0
  -------         ENDMOD        ?C?LLDPDATA0

  -------         MODULE        ?C?LSTIDATA
  C:09ACH         PUBLIC        ?C?LSTIDATA
  -------         ENDMOD        ?C?LSTIDATA

  -------         MODULE        ?C?LSTPDATA
  C:09B8H         PUBLIC        ?C?LSTPDATA
  -------         ENDMOD        ?C?LSTPDATA

  -------         MODULE        ?C?LSTKIDATA
  C:09C4H         PUBLIC        ?C?LSTKIDATA
  -------         ENDMOD        ?C?LSTKIDATA

  -------         MODULE        ?C?LSTKPDATA
  C:09DDH         PUBLIC        ?C?LSTKPDATA
  -------         ENDMOD        ?C?LSTKPDATA

  -------         MODULE        ISDIGIT
  C:4E13H         PUBLIC        _isdigit
  -------         ENDMOD        ISDIGIT

  -------         MODULE        ISSPACE
  C:4DAEH         PUBLIC        _isspace
  -------         ENDMOD        ISSPACE

*** WARNING L16: UNCALLED SEGMENT, IGNORED FOR OVERLAY PROCESS
    SEGMENT: ?PR?_DAY_OF_YEAR?PCF85063BTL

*** WARNING L16: UNCALLED SEGMENT, IGNORED FOR OVERLAY PROCESS
    SEGMENT: ?PR?_ELEVATION_CALCULATION?BIPOLARMOTOR

*** WARNING L16: UNCALLED SEGMENT, IGNORED FOR OVERLAY PROCESS
    SEGMENT: ?PR?_CALIBRATION?CALIBRATION

*** WARNING L16: UNCALLED SEGMENT, IGNORED FOR OVERLAY PROCESS
    SEGMENT: ?PR?_FINDCLOSESTSAMEDAYCALIBTIME?CALIBRATION

*** WARNING L16: UNCALLED SEGMENT, IGNORED FOR OVERLAY PROCESS
    SEGMENT: ?PR?NOP?IOEXPANDER_PI4IOE5V96248

*** WARNING L16: UNCALLED SEGMENT, IGNORED FOR OVERLAY PROCESS
    SEGMENT: ?PR?UC_ACK?IOEXPANDER_PI4IOE5V96248

*** WARNING L16: UNCALLED SEGMENT, IGNORED FOR OVERLAY PROCESS
    SEGMENT: ?PR?UC_NACK?IOEXPANDER_PI4IOE5V96248

BL51 BANKED LINKER/LOCATER V6.22                                                      05/29/2019  12:20:14  PAGE 55


*** WARNING L16: UNCALLED SEGMENT, IGNORED FOR OVERLAY PROCESS
    SEGMENT: ?PR?_AT25SF041_READ?AT25SF041

*** WARNING L16: UNCALLED SEGMENT, IGNORED FOR OVERLAY PROCESS
    SEGMENT: ?PR?SPI_NOR_WRITE_DATA?AT25SF041

*** WARNING L16: UNCALLED SEGMENT, IGNORED FOR OVERLAY PROCESS
    SEGMENT: ?PR?_TEN?UART1

*** WARNING L16: UNCALLED SEGMENT, IGNORED FOR OVERLAY PROCESS
    SEGMENT: ?PR?_UNIT?UART1

*** WARNING L16: UNCALLED SEGMENT, IGNORED FOR OVERLAY PROCESS
    SEGMENT: ?PR?_DECTOBCD?UART1

*** WARNING L16: UNCALLED SEGMENT, IGNORED FOR OVERLAY PROCESS
    SEGMENT: ?PR?_ASCII_LETTER?UART1

*** WARNING L16: UNCALLED SEGMENT, IGNORED FOR OVERLAY PROCESS
    SEGMENT: ?PR?_ASCIITOBCD?UART1

*** WARNING L16: UNCALLED SEGMENT, IGNORED FOR OVERLAY PROCESS
    SEGMENT: ?PR?UART1_INITTCPCONN?UART1

*** WARNING L16: UNCALLED SEGMENT, IGNORED FOR OVERLAY PROCESS
    SEGMENT: ?PR?_UART1_SENDTOTCPSERVER?UART1

Program Size: data=10.1 xdata=1876 code=20101
LINK/LOCATE RUN COMPLETE.  16 WARNING(S),  0 ERROR(S)
