BL51 BANKED LINKER/LOCATER V6.22                                                        02/22/2019  09:41:00  PAGE 1


BL51 BANKED LINKER/LOCATER V6.22, INVOKED BY:
C:\KEIL_V5\C51\BIN\BL51.EXE .\Obj\main.obj, .\Obj\PCF85063BTL.obj, .\Obj\UART1.obj, .\Obj\LCd_Driver_SPLC780D.obj, .\Obj
>> \KeyPad.obj, .\Obj\BipolarMotor.obj, .\Obj\SunPos.obj, .\Obj\ADC.obj, .\Obj\Calibration.obj, .\Obj\IOExpander_PI4IOE5
>> V96248.obj, .\Obj\AT25SF041.obj, .\Obj\STARTUP.obj TO .\Obj\GPIO_RTC_Test PRINT (.\Lis\GPIO_RTC_Test.m51) RAMSIZE (25
>> 6)


MEMORY MODEL: LARGE WITH FLOATING POINT ARITHMETIC


INPUT MODULES INCLUDED:
  .\Obj\main.obj (MAIN)
  .\Obj\PCF85063BTL.obj (PCF85063BTL)
  .\Obj\UART1.obj (UART1)
  .\Obj\LCd_Driver_SPLC780D.obj (LCD_DRIVER_SPLC780D)
  .\Obj\KeyPad.obj (KEYPAD)
  .\Obj\BipolarMotor.obj (BIPOLARMOTOR)
  .\Obj\SunPos.obj (SUNPOS)
  .\Obj\ADC.obj (ADC)
  .\Obj\Calibration.obj (CALIBRATION)
  .\Obj\IOExpander_PI4IOE5V96248.obj (IOEXPANDER_PI4IOE5V96248)
  .\Obj\AT25SF041.obj (AT25SF041)
  .\Obj\STARTUP.obj (?C_STARTUP)
  C:\KEIL_V5\C51\LIB\C51FPL.LIB (?C?FPADD)
  C:\KEIL_V5\C51\LIB\C51FPL.LIB (?C?FPMUL)
  C:\KEIL_V5\C51\LIB\C51FPL.LIB (?C?FPDIV)
  C:\KEIL_V5\C51\LIB\C51FPL.LIB (?C?FPCMP)
  C:\KEIL_V5\C51\LIB\C51FPL.LIB (?C?FPNEG)
  C:\KEIL_V5\C51\LIB\C51FPL.LIB (?C?FCAST)
  C:\KEIL_V5\C51\LIB\C51FPL.LIB (?C?CASTF)
  C:\KEIL_V5\C51\LIB\C51FPL.LIB (ATAN2)
  C:\KEIL_V5\C51\LIB\C51FPL.LIB (SIN)
  C:\KEIL_V5\C51\LIB\C51FPL.LIB (ACOS)
  C:\KEIL_V5\C51\LIB\C51FPL.LIB (ASIN)
  C:\KEIL_V5\C51\LIB\C51FPL.LIB (?C?FPGETOPN)
  C:\KEIL_V5\C51\LIB\C51FPL.LIB (?C?FPSERIES)
  C:\KEIL_V5\C51\LIB\C51FPL.LIB (SQRT)
  C:\KEIL_V5\C51\LIB\C51FPL.LIB (ATAN)
  C:\KEIL_V5\C51\LIB\C51L.LIB (?C_INIT)
  C:\KEIL_V5\C51\LIB\C51L.LIB (?C?COPY)
  C:\KEIL_V5\C51\LIB\C51L.LIB (?C?CLDPTR)
  C:\KEIL_V5\C51\LIB\C51L.LIB (?C?CLDOPTR)
  C:\KEIL_V5\C51\LIB\C51L.LIB (?C?CSTPTR)
  C:\KEIL_V5\C51\LIB\C51L.LIB (?C?IMUL)
  C:\KEIL_V5\C51\LIB\C51L.LIB (?C?UIDIV)
  C:\KEIL_V5\C51\LIB\C51L.LIB (?C?SIDIV)
  C:\KEIL_V5\C51\LIB\C51L.LIB (?C?ILDIX)
  C:\KEIL_V5\C51\LIB\C51L.LIB (?C?ILDOPTR)
  C:\KEIL_V5\C51\LIB\C51L.LIB (?C?ISTPTR)
  C:\KEIL_V5\C51\LIB\C51L.LIB (?C?LMUL)
  C:\KEIL_V5\C51\LIB\C51L.LIB (?C?SLDIV)
  C:\KEIL_V5\C51\LIB\C51L.LIB (?C?LNEG)
  C:\KEIL_V5\C51\LIB\C51L.LIB (?C?ULCMP)
  C:\KEIL_V5\C51\LIB\C51L.LIB (?C?LSHL)
  C:\KEIL_V5\C51\LIB\C51L.LIB (?C?LLDPTR)
  C:\KEIL_V5\C51\LIB\C51L.LIB (?C?LLDOPTR)
  C:\KEIL_V5\C51\LIB\C51L.LIB (?C?LSTPTR)
  C:\KEIL_V5\C51\LIB\C51L.LIB (?C?LSTOPTR)
BL51 BANKED LINKER/LOCATER V6.22                                                      02/22/2019  09:41:00  PAGE 2


  C:\KEIL_V5\C51\LIB\C51L.LIB (?C?LLDXDATA)
  C:\KEIL_V5\C51\LIB\C51L.LIB (?C?LLDCODE)
  C:\KEIL_V5\C51\LIB\C51L.LIB (?C?LLDXDATA0)
  C:\KEIL_V5\C51\LIB\C51L.LIB (?C?LLDCODE0)
  C:\KEIL_V5\C51\LIB\C51L.LIB (?C?LLDPTR0)
  C:\KEIL_V5\C51\LIB\C51L.LIB (?C?LSTXDATA)
  C:\KEIL_V5\C51\LIB\C51L.LIB (?C?LSTKXDATA)
  C:\KEIL_V5\C51\LIB\C51L.LIB (?C?LSTKPTR)
  C:\KEIL_V5\C51\LIB\C51L.LIB (?C?OFFXADD)
  C:\KEIL_V5\C51\LIB\C51L.LIB (ABS)
  C:\KEIL_V5\C51\LIB\C51L.LIB (ATOI)
  C:\KEIL_V5\C51\LIB\C51L.LIB (?C?IILDX)
  C:\KEIL_V5\C51\LIB\C51L.LIB (?C?ULDIV)
  C:\KEIL_V5\C51\LIB\C51L.LIB (?C?LLDIDATA)
  C:\KEIL_V5\C51\LIB\C51L.LIB (?C?LLDPDATA)
  C:\KEIL_V5\C51\LIB\C51L.LIB (?C?LLDIDATA0)
  C:\KEIL_V5\C51\LIB\C51L.LIB (?C?LLDPDATA0)
  C:\KEIL_V5\C51\LIB\C51L.LIB (?C?LSTIDATA)
  C:\KEIL_V5\C51\LIB\C51L.LIB (?C?LSTPDATA)
  C:\KEIL_V5\C51\LIB\C51L.LIB (?C?LSTKIDATA)
  C:\KEIL_V5\C51\LIB\C51L.LIB (?C?LSTKPDATA)
  C:\KEIL_V5\C51\LIB\C51L.LIB (ISDIGIT)
  C:\KEIL_V5\C51\LIB\C51L.LIB (ISSPACE)


LINK MAP OF MODULE:  .\Obj\GPIO_RTC_Test (MAIN)


            TYPE    BASE      LENGTH    RELOCATION   SEGMENT NAME
            -----------------------------------------------------

            * * * * * * *   D A T A   M E M O R Y   * * * * * * *
            REG     0000H     0008H     ABSOLUTE     "REG BANK 0"
                    0008H     0018H                  *** GAP ***
            BIT     0020H.0   0000H.5   UNIT         ?BI?KEYPAD
            BIT     0020H.5   0000H.3   UNIT         _BIT_GROUP_
            BIT     0021H.0   0000H.1   UNIT         ?BI?MAIN
            BIT     0021H.1   0000H.1   UNIT         ?BI?_ATOI?ATOI
                    0021H.2   0000H.6                *** GAP ***
            IDATA   0022H     0001H     UNIT         ?STACK

            * * * * * * *  X D A T A   M E M O R Y  * * * * * * *
            XDATA   0000H     038FH     UNIT         ?XD?BIPOLARMOTOR
            XDATA   038FH     0152H     UNIT         _XDATA_GROUP_
            XDATA   04E1H     00D4H     UNIT         ?XD?MAIN
            XDATA   05B5H     0040H     UNIT         ?XD?_FINDDET4X4?BIPOLARMOTOR
            XDATA   05F5H     0024H     UNIT         ?XD?_FINDDET3X3?BIPOLARMOTOR
            XDATA   0619H     0009H     UNIT         ?XD?KEYPAD
            XDATA   0622H     0008H     UNIT         ?XD?_AT25SF041_READ?AT25SF041
            XDATA   062AH     0005H     UNIT         ?XD?_ATOI?ATOI
            XDATA   062FH     0004H     UNIT         ?XD?_DISPLAY_PROX?MAIN
            XDATA   0633H     0003H     UNIT         ?XD?_SENDSTRING?UART1
            XDATA   0636H     0001H     UNIT         ?XD?UC_ACK?IOEXPANDER_PI4IOE5V96248
            XDATA   0637H     0001H     UNIT         ?XD?UC_NACK?IOEXPANDER_PI4IOE5V96248

            * * * * * * *   C O D E   M E M O R Y   * * * * * * *
            CODE    0000H     0003H     ABSOLUTE     
BL51 BANKED LINKER/LOCATER V6.22                                                      02/22/2019  09:41:00  PAGE 3


            CODE    0003H     0006H     UNIT         ?PR?_TEN?UART1
            CODE    0009H     0001H     UNIT         ?PR?TM0_ISR?MAIN
            CODE    000AH     0001H     UNIT         ?PR?_DECTOBCD?UART1
            CODE    000BH     0003H     ABSOLUTE     
            CODE    000EH     0B9FH     UNIT         ?PR?MAIN?MAIN
            CODE    0BADH     0B00H     UNIT         ?PR?_UPDATE_POSITION?BIPOLARMOTOR
            CODE    16ADH     09B6H     UNIT         ?C?LIB_CODE
            CODE    2063H     07A2H     UNIT         ?PR?SUNPOS?SUNPOS
            CODE    2805H     03F2H     UNIT         ?C_INITSEG
            CODE    2BF7H     0309H     UNIT         ?PR?_FIND_REAL_MAX?CALIBRATION
            CODE    2F00H     02C0H     UNIT         ?PR?_FINDDET4X4?BIPOLARMOTOR
            CODE    31C0H     02A0H     UNIT         ?PR?KEY_PROCESS?KEYPAD
            CODE    3460H     01D1H     UNIT         ?PR?_FINDDET3X3?BIPOLARMOTOR
            CODE    3631H     018DH     UNIT         ?PR?KEY_SCAN?KEYPAD
            CODE    37BEH     0188H     UNIT         ?PR?SIN?SIN
            CODE    3946H     0172H     UNIT         ?PR?_DISPLAY_POS?MAIN
            CODE    3AB8H     013CH     UNIT         ?PR?_CALIBRATION?CALIBRATION
            CODE    3BF4H     0122H     UNIT         ?PR?ATAN?ATAN
            CODE    3D16H     0106H     UNIT         ?PR?_AT25SF041_READ?AT25SF041
            CODE    3E1CH     00FFH     UNIT         ?PR?SPI_NOR_WRITE_DATA?AT25SF041
            CODE    3F1BH     00FBH     UNIT         ?PR?_AT25SF041_WRITE?AT25SF041
            CODE    4016H     00DBH     UNIT         ?PR?_ATOI?ATOI
            CODE    40F1H     00C3H     UNIT         ?PR?LINEAR_INTERPOLATE?BIPOLARMOTOR
            CODE    41B4H     00BBH     UNIT         ?PR?VOLTAGE_IS_STABLE?CALIBRATION
            CODE    426FH     00ADH     UNIT         ?PR?_WRITE_PI4IOE5V96248?IOEXPANDER_PI4IOE5V96248
            CODE    431CH     00ACH     UNIT         ?PR?SQRT?SQRT
            CODE    43C8H     00A1H     UNIT         ?PR?READ_STATUS_REGISTER_BYTE1?AT25SF041
            CODE    4469H     009DH     UNIT         ?PR?_ATAN2?ATAN2
            CODE    4506H     009CH     UNIT         ?PR?_MAX_VALUE?CALIBRATION
            CODE    45A2H     0095H     UNIT         ?PR?_DISPLAY_PROX?MAIN
            CODE    4637H     008CH     UNIT         ?C_C51STARTUP
            CODE    46C3H     0084H     UNIT         ?PR?_DAY_OF_YEAR?PCF85063BTL
            CODE    4747H     0075H     UNIT         ?PR?_WRITEDATA?LCD_DRIVER_SPLC780D
            CODE    47BCH     006FH     UNIT         ?PR?_READ_TIME?PCF85063BTL
            CODE    482BH     005AH     UNIT         ?PR?AT25SF041_CHIPERASE?AT25SF041
            CODE    4885H     0059H     UNIT         ?PR?LCD_INIT?LCD_DRIVER_SPLC780D
            CODE    48DEH     0050H     UNIT         ?PR?AT25SF041_WRITEENABLE?AT25SF041
            CODE    492EH     004AH     UNIT         ?PR?VONESTEPMOVE?BIPOLARMOTOR
            CODE    4978H     004AH     UNIT         ?PR?ACOS?ACOS
            CODE    49C2H     0044H     UNIT         ?C?LDIV
            CODE    4A06H     0040H     UNIT         ?PR?_COMMAND?LCD_DRIVER_SPLC780D
            CODE    4A46H     0040H     UNIT         ?PR?_STEP_MOVE?BIPOLARMOTOR
            CODE    4A86H     003BH     UNIT         ?PR?ASIN?ASIN
            CODE    4AC1H     0033H     UNIT         ?PR?_SENDSTRING?UART1
            CODE    4AF4H     002CH     UNIT         ?PR?_ADC_GETRESULT?ADC
            CODE    4B20H     002BH     UNIT         ?PR?_WAIT_MS_I2C?IOEXPANDER_PI4IOE5V96248
            CODE    4B4BH     002BH     UNIT         ?PR?_WAIT_MS_SPINOR?AT25SF041
            CODE    4B76H     0028H     UNIT         ?PR?_MOVE?BIPOLARMOTOR
            CODE    4B9EH     0027H     UNIT         ?PR?_I2C_SENDBYTE?IOEXPANDER_PI4IOE5V96248
            CODE    4BC5H     0024H     UNIT         ?PR?_WAIT_MS?LCD_DRIVER_SPLC780D
            CODE    4BE9H     0020H     UNIT         ?PR?_SPI_SENDBYTE?PCF85063BTL
            CODE    4C09H     0020H     UNIT         ?PR?SPI_RECEIVEBYTE?PCF85063BTL
            CODE    4C29H     001FH     UNIT         ?PR?ADC_INIT?ADC
            CODE    4C48H     001EH     UNIT         ?PR?_DELAY_MS?KEYPAD
            CODE    4C66H     001DH     UNIT         ?PR?_DISPLAYLCD?LCD_DRIVER_SPLC780D
            CODE    4C83H     001BH     UNIT         ?PR?_BCDTODEC1?BIPOLARMOTOR
            CODE    4C9EH     0018H     UNIT         ?PR?_SPI_WRITETIME?PCF85063BTL
BL51 BANKED LINKER/LOCATER V6.22                                                      02/22/2019  09:41:00  PAGE 4


            CODE    4CB6H     0017H     UNIT         ?PR?_ASCIITOBCD?UART1
            CODE    4CCDH     0016H     UNIT         ?PR?I2C_ACK?IOEXPANDER_PI4IOE5V96248
            CODE    4CE3H     0015H     UNIT         ?PR?_DISPLAY_LINE?LCD_DRIVER_SPLC780D
            CODE    4CF8H     0015H     UNIT         ?PR?I2C_STOP?IOEXPANDER_PI4IOE5V96248
            CODE    4D0DH     0014H     UNIT         ?PR?_PCF85063BTL_DELAY?PCF85063BTL
            CODE    4D21H     0014H     UNIT         ?PR?_ISSPACE?ISSPACE
            CODE    4D35H     0011H     UNIT         ?PR?_SPI_READTIME?PCF85063BTL
            CODE    4D46H     0011H     UNIT         ?PR?_BCDTODEC?PCF85063BTL
            CODE    4D57H     0011H     UNIT         ?PR?INITUART1?UART1
            CODE    4D68H     000FH     UNIT         ?PR?I2C_START?IOEXPANDER_PI4IOE5V96248
            CODE    4D77H     000FH     UNIT         ?PR?UC_NACK?IOEXPANDER_PI4IOE5V96248
            CODE    4D86H     000FH     UNIT         ?PR?_ISDIGIT?ISDIGIT
            CODE    4D95H     000DH     UNIT         ?PR?SPI_INIT?PCF85063BTL
            CODE    4DA2H     000CH     UNIT         ?PR?KEYPAD_IO_INIT?KEYPAD
            CODE    4DAEH     000CH     UNIT         ?PR?_ABS?ABS
            CODE    4DBAH     000AH     UNIT         ?PR?LCD_RETURN_HOME?LCD_DRIVER_SPLC780D
            CODE    4DC4H     000AH     UNIT         ?PR?LCD_CLEAR?LCD_DRIVER_SPLC780D
            CODE    4DCEH     0006H     UNIT         ?PR?UC_ACK?IOEXPANDER_PI4IOE5V96248
            CODE    4DD4H     0005H     UNIT         ?PR?_UNIT?UART1
            CODE    4DD9H     0005H     UNIT         ?PR?_ASCII_LETTER?UART1
            CODE    4DDEH     0001H     UNIT         ?PR?WAIT?BIPOLARMOTOR
            CODE    4DDFH     0001H     UNIT         ?PR?NOP?IOEXPANDER_PI4IOE5V96248



OVERLAY MAP OF MODULE:   .\Obj\GPIO_RTC_Test (MAIN)


SEGMENT                                             BIT_GROUP          XDATA_GROUP
  +--> CALLED SEGMENT                            START    LENGTH     START    LENGTH
------------------------------------------------------------------------------------
?C_C51STARTUP                                    -----    -----      -----    -----
  +--> ?PR?MAIN?MAIN
  +--> ?C_INITSEG

?PR?MAIN?MAIN                                    -----    -----      038FH    0031H
  +--> ?PR?LCD_INIT?LCD_DRIVER_SPLC780D
  +--> ?PR?SPI_INIT?PCF85063BTL
  +--> ?PR?KEYPAD_IO_INIT?KEYPAD
  +--> ?PR?ADC_INIT?ADC
  +--> ?PR?_SPI_WRITETIME?PCF85063BTL
  +--> ?PR?_DELAY_MS?KEYPAD
  +--> ?PR?_DISPLAY_LINE?LCD_DRIVER_SPLC780D
  +--> ?PR?_WRITEDATA?LCD_DRIVER_SPLC780D
  +--> ?PR?KEY_PROCESS?KEYPAD
  +--> ?PR?_COMMAND?LCD_DRIVER_SPLC780D
  +--> ?PR?_DISPLAY_POS?MAIN
  +--> ?PR?_DISPLAYLCD?LCD_DRIVER_SPLC780D
  +--> ?PR?_STEP_MOVE?BIPOLARMOTOR
  +--> ?PR?LCD_RETURN_HOME?LCD_DRIVER_SPLC780D
  +--> ?PR?_READ_TIME?PCF85063BTL
  +--> ?PR?_ADC_GETRESULT?ADC
  +--> ?PR?_BCDTODEC1?BIPOLARMOTOR
  +--> ?PR?_CALIBRATION?CALIBRATION
  +--> ?PR?AT25SF041_WRITEENABLE?AT25SF041
  +--> ?PR?AT25SF041_CHIPERASE?AT25SF041
  +--> ?PR?_WAIT_MS_SPINOR?AT25SF041
BL51 BANKED LINKER/LOCATER V6.22                                                      02/22/2019  09:41:00  PAGE 5


  +--> ?PR?_AT25SF041_WRITE?AT25SF041
  +--> ?PR?SPI_NOR_WRITE_DATA?AT25SF041
  +--> ?PR?LINEAR_INTERPOLATE?BIPOLARMOTOR
  +--> ?PR?_UPDATE_POSITION?BIPOLARMOTOR

?PR?LCD_INIT?LCD_DRIVER_SPLC780D                 -----    -----      -----    -----
  +--> ?PR?_WAIT_MS?LCD_DRIVER_SPLC780D
  +--> ?PR?_COMMAND?LCD_DRIVER_SPLC780D

?PR?_COMMAND?LCD_DRIVER_SPLC780D                 -----    -----      -----    -----
  +--> ?PR?_WAIT_MS?LCD_DRIVER_SPLC780D

?PR?ADC_INIT?ADC                                 -----    -----      -----    -----
  +--> ?PR?_WAIT_MS?LCD_DRIVER_SPLC780D

?PR?_SPI_WRITETIME?PCF85063BTL                   -----    -----      -----    -----
  +--> ?PR?_SPI_SENDBYTE?PCF85063BTL

?PR?_SPI_SENDBYTE?PCF85063BTL                    -----    -----      -----    -----
  +--> ?PR?_PCF85063BTL_DELAY?PCF85063BTL

?PR?_DISPLAY_LINE?LCD_DRIVER_SPLC780D            -----    -----      -----    -----
  +--> ?PR?_COMMAND?LCD_DRIVER_SPLC780D

?PR?_WRITEDATA?LCD_DRIVER_SPLC780D               -----    -----      046DH    0001H
  +--> ?PR?_WAIT_MS?LCD_DRIVER_SPLC780D

?PR?KEY_PROCESS?KEYPAD                           -----    -----      03C0H    0006H
  +--> ?PR?KEY_SCAN?KEYPAD
  +--> ?PR?_SPI_WRITETIME?PCF85063BTL
  +--> ?PR?LCD_CLEAR?LCD_DRIVER_SPLC780D
  +--> ?PR?_COMMAND?LCD_DRIVER_SPLC780D
  +--> ?PR?_WRITEDATA?LCD_DRIVER_SPLC780D

?PR?KEY_SCAN?KEYPAD                              -----    -----      03C6H    0003H

?PR?LCD_CLEAR?LCD_DRIVER_SPLC780D                -----    -----      -----    -----
  +--> ?PR?_COMMAND?LCD_DRIVER_SPLC780D

?PR?_DISPLAY_POS?MAIN                            -----    -----      0463H    000AH
  +--> ?PR?_ABS?ABS
  +--> ?PR?_WRITEDATA?LCD_DRIVER_SPLC780D

?PR?_DISPLAYLCD?LCD_DRIVER_SPLC780D              -----    -----      03C0H    0001H
  +--> ?PR?_WRITEDATA?LCD_DRIVER_SPLC780D

?PR?_STEP_MOVE?BIPOLARMOTOR                      0020H.6  0000H.1    047CH    0004H
  +--> ?PR?VONESTEPMOVE?BIPOLARMOTOR

?PR?VONESTEPMOVE?BIPOLARMOTOR                    0020H.7  0000H.1    -----    -----
  +--> ?PR?_WRITE_PI4IOE5V96248?IOEXPANDER_P...
  +--> ?PR?_DELAY_MS?KEYPAD

?PR?_WRITE_PI4IOE5V96248?IOEXPANDER_P...         -----    -----      0480H    0003H
  +--> ?PR?I2C_START?IOEXPANDER_PI4IOE5V96248
  +--> ?PR?_WAIT_MS_I2C?IOEXPANDER_PI4IOE5V9...
  +--> ?PR?_I2C_SENDBYTE?IOEXPANDER_PI4IOE5V...
BL51 BANKED LINKER/LOCATER V6.22                                                      02/22/2019  09:41:00  PAGE 6


  +--> ?PR?I2C_ACK?IOEXPANDER_PI4IOE5V96248
  +--> ?PR?I2C_STOP?IOEXPANDER_PI4IOE5V96248

?PR?I2C_START?IOEXPANDER_PI4IOE5V96248           -----    -----      -----    -----
  +--> ?PR?_WAIT_MS_I2C?IOEXPANDER_PI4IOE5V9...

?PR?_I2C_SENDBYTE?IOEXPANDER_PI4IOE5V...         -----    -----      -----    -----
  +--> ?PR?_WAIT_MS_I2C?IOEXPANDER_PI4IOE5V9...

?PR?I2C_ACK?IOEXPANDER_PI4IOE5V96248             -----    -----      0483H    0001H
  +--> ?PR?_WAIT_MS_I2C?IOEXPANDER_PI4IOE5V9...

?PR?I2C_STOP?IOEXPANDER_PI4IOE5V96248            -----    -----      -----    -----
  +--> ?PR?_WAIT_MS_I2C?IOEXPANDER_PI4IOE5V9...

?PR?LCD_RETURN_HOME?LCD_DRIVER_SPLC780D          -----    -----      -----    -----
  +--> ?PR?_COMMAND?LCD_DRIVER_SPLC780D

?PR?_READ_TIME?PCF85063BTL                       -----    -----      03C0H    000FH
  +--> ?PR?_SPI_READTIME?PCF85063BTL

?PR?_SPI_READTIME?PCF85063BTL                    -----    -----      -----    -----
  +--> ?PR?_SPI_SENDBYTE?PCF85063BTL
  +--> ?PR?SPI_RECEIVEBYTE?PCF85063BTL

?PR?SPI_RECEIVEBYTE?PCF85063BTL                  -----    -----      -----    -----
  +--> ?PR?_PCF85063BTL_DELAY?PCF85063BTL

?PR?_CALIBRATION?CALIBRATION                     -----    -----      03C0H    0019H
  +--> ?PR?VOLTAGE_IS_STABLE?CALIBRATION
  +--> ?PR?_UPDATE_POSITION?BIPOLARMOTOR
  +--> ?PR?_FIND_REAL_MAX?CALIBRATION

?PR?VOLTAGE_IS_STABLE?CALIBRATION                -----    -----      03D9H    0018H
  +--> ?PR?_ADC_GETRESULT?ADC
  +--> ?PR?_ABS?ABS

?PR?_UPDATE_POSITION?BIPOLARMOTOR                -----    -----      03D9H    009FH
  +--> ?PR?_BCDTODEC1?BIPOLARMOTOR
  +--> ?PR?SUNPOS?SUNPOS
  +--> ?PR?SIN?SIN
  +--> ?PR?ASIN?ASIN
  +--> ?PR?LINEAR_INTERPOLATE?BIPOLARMOTOR
  +--> ?PR?_ABS?ABS
  +--> ?PR?_MOVE?BIPOLARMOTOR

?PR?SUNPOS?SUNPOS                                -----    -----      0478H    005DH
  +--> ?PR?SIN?SIN
  +--> ?PR?_ATAN2?ATAN2
  +--> ?PR?ASIN?ASIN
  +--> ?PR?ACOS?ACOS

?PR?SIN?SIN                                      0020H.5  0000H.1    04D5H    0004H

?PR?_ATAN2?ATAN2                                 -----    -----      04D5H    0008H
  +--> ?PR?ATAN?ATAN

BL51 BANKED LINKER/LOCATER V6.22                                                      02/22/2019  09:41:00  PAGE 7


?PR?ATAN?ATAN                                    0020H.5  0000H.2    04DDH    0004H

?PR?ASIN?ASIN                                    -----    -----      -----    -----
  +--> ?PR?SQRT?SQRT
  +--> ?PR?ATAN?ATAN

?PR?SQRT?SQRT                                    -----    -----      04D5H    0004H

?PR?ACOS?ACOS                                    -----    -----      -----    -----
  +--> ?PR?SQRT?SQRT
  +--> ?PR?ATAN?ATAN

?PR?LINEAR_INTERPOLATE?BIPOLARMOTOR              -----    -----      0478H    0014H

?PR?_MOVE?BIPOLARMOTOR                           0020H.5  0000H.1    0478H    0004H
  +--> ?PR?_STEP_MOVE?BIPOLARMOTOR

?PR?_FIND_REAL_MAX?CALIBRATION                   -----    -----      03D9H    008AH
  +--> ?PR?_ADC_GETRESULT?ADC
  +--> ?PR?_MOVE?BIPOLARMOTOR
  +--> ?PR?_COMMAND?LCD_DRIVER_SPLC780D
  +--> ?PR?_WRITEDATA?LCD_DRIVER_SPLC780D
  +--> ?PR?_DISPLAY_POS?MAIN
  +--> ?PR?_WAIT_MS?LCD_DRIVER_SPLC780D
  +--> ?PR?_MAX_VALUE?CALIBRATION

?PR?_MAX_VALUE?CALIBRATION                       -----    -----      0463H    0004H

?PR?AT25SF041_WRITEENABLE?AT25SF041              -----    -----      03CFH    0002H
  +--> ?PR?_WAIT_MS_SPINOR?AT25SF041

?PR?AT25SF041_CHIPERASE?AT25SF041                -----    -----      03CFH    0002H
  +--> ?PR?_WAIT_MS_SPINOR?AT25SF041
  +--> ?PR?READ_STATUS_REGISTER_BYTE1?AT25SF041

?PR?READ_STATUS_REGISTER_BYTE1?AT25SF041         -----    -----      03D1H    0003H
  +--> ?PR?_WAIT_MS_SPINOR?AT25SF041

?PR?_AT25SF041_WRITE?AT25SF041                   -----    -----      03CFH    0008H
  +--> ?PR?_WAIT_MS_SPINOR?AT25SF041

?PR?SPI_NOR_WRITE_DATA?AT25SF041                 -----    -----      03C0H    000FH
  +--> ?PR?AT25SF041_WRITEENABLE?AT25SF041
  +--> ?PR?AT25SF041_CHIPERASE?AT25SF041
  +--> ?PR?_WAIT_MS_SPINOR?AT25SF041
  +--> ?PR?_AT25SF041_WRITE?AT25SF041



UNRESOLVED EXTERNAL SYMBOLS:
   AUTO_MODE
   _SENDUART1



SYMBOL TABLE OF MODULE:  .\Obj\GPIO_RTC_Test (MAIN)

BL51 BANKED LINKER/LOCATER V6.22                                                      02/22/2019  09:41:00  PAGE 8


  VALUE           TYPE          NAME
  ----------------------------------

  -------         MODULE        MAIN
  C:0000H         SYMBOL        _ICE_DUMMY_
  X:04E9H         PUBLIC        calib_value
  D:0080H         PUBLIC        P0
  D:00B2H         PUBLIC        P3M0
  D:0090H         PUBLIC        P1
  D:00B1H         PUBLIC        P3M1
  D:00A0H         PUBLIC        P2
  D:00B0H         PUBLIC        P3
  D:00C0H         PUBLIC        P4
  D:00C8H         PUBLIC        P5
  X:053DH         SYMBOL        PressedKey
  B:00A8H.7       PUBLIC        EA
  D:00E8H         PUBLIC        P6
  X:0541H         PUBLIC        calib_stamp
  D:00F8H         PUBLIC        P7
  X:0542H         PUBLIC        RX_Data_Uart_Cnt
  D:00A8H         PUBLIC        IE
  X:0544H         PUBLIC        calib_time
  D:00B8H         PUBLIC        IP
  X:0598H         PUBLIC        months
  D:00D8H         PUBLIC        CCON
  C:000EH         PUBLIC        main
  X:0599H         PUBLIC        count
  X:059BH         PUBLIC        days
  X:059CH         PUBLIC        hours
  D:0098H         PUBLIC        SCON
  D:0089H         PUBLIC        TMOD
  D:0088H         PUBLIC        TCON
  B:00A0H.3       PUBLIC        P23
  X:059DH         SYMBOL        KeyCount
  X:059FH         PUBLIC        mins
  X:05A0H         PUBLIC        Rec_data_hour
  B:00C8H.5       PUBLIC        P55
  X:05A3H         PUBLIC        Rec_data_min
  D:008EH         PUBLIC        AUXR
  C:0009H         PUBLIC        tm0_isr
  B:0021H.0       PUBLIC        busy
  B:00A8H.1       PUBLIC        ET0
  D:008CH         PUBLIC        TH0
  X:05A6H         PUBLIC        hour_count
  D:008AH         PUBLIC        TL0
  X:05A7H         PUBLIC        min_count
  B:0088H.4       PUBLIC        TR0
  X:05A8H         SYMBOL        KeyNum
  X:05A9H         SYMBOL        KeyNum_Old
  X:05AAH         PUBLIC        current_position
  X:05AEH         PUBLIC        hours1
  X:05AFH         PUBLIC        hours2
  C:45A2H         PUBLIC        _Display_Prox
  X:05B0H         PUBLIC        mins1
  X:05B1H         PUBLIC        mins2
  C:3946H         PUBLIC        _Display_Pos
  X:05B2H         PUBLIC        seconds
BL51 BANKED LINKER/LOCATER V6.22                                                      02/22/2019  09:41:00  PAGE 9


  X:05B3H         PUBLIC        st_time
  D:00D0H         PUBLIC        PSW
  -------         PROC          TM0_ISR
  C:0009H         LINE#         85
  C:0009H         LINE#         87
  -------         ENDPROC       TM0_ISR
  -------         PROC          MAIN
  -------         DO            
  X:038FH         SYMBOL        sunlight_ADC
  X:04E1H         SYMBOL        KeyCount
  X:04E3H         SYMBOL        KeyNum_Old
  X:04E4H         SYMBOL        KeyNum
  X:04E5H         SYMBOL        PressedKey
  X:0391H         SYMBOL        prox_flag
  X:0392H         SYMBOL        iUse_prevday_calib_value
  X:0394H         SYMBOL        max_ADC_Val
  X:0396H         SYMBOL        max_ADC_Val_JP
  X:0398H         SYMBOL        calib_point1
  X:03A0H         SYMBOL        calib_point2
  X:03A8H         SYMBOL        dat_to_store
  X:03B4H         SYMBOL        calib_day
  X:03B6H         SYMBOL        calib_count
  X:03B8H         SYMBOL        theorical_JP_max_pos
  X:03BCH         SYMBOL        SPI_NOR_INTERNAL_FLASH_ADDR
  -------         ENDDO         
  C:000EH         LINE#         89
  C:000EH         LINE#         90
  C:000EH         LINE#         95
  C:0014H         LINE#         96
  C:001DH         LINE#         100
  C:0023H         LINE#         101
  C:002DH         LINE#         102
  C:0037H         LINE#         106
  C:0039H         LINE#         107
  C:003BH         LINE#         108
  C:003DH         LINE#         109
  C:003FH         LINE#         111
  C:0046H         LINE#         120
  C:0048H         LINE#         121
  C:004BH         LINE#         122
  C:004EH         LINE#         123
  C:0051H         LINE#         124
  C:0054H         LINE#         125
  C:0057H         LINE#         128
  C:005AH         LINE#         130
  C:005DH         LINE#         131
  C:0060H         LINE#         132
  C:0063H         LINE#         133
  C:0065H         LINE#         134
  C:0067H         LINE#         135
  C:0069H         LINE#         137
  C:006BH         LINE#         138
  C:0072H         LINE#         139
  C:0079H         LINE#         140
  C:0080H         LINE#         141
  C:0087H         LINE#         145
  C:008EH         LINE#         146
BL51 BANKED LINKER/LOCATER V6.22                                                      02/22/2019  09:41:00  PAGE 10


  C:0093H         LINE#         147
  C:0098H         LINE#         148
  C:009DH         LINE#         149
  C:00A2H         LINE#         150
  C:00A7H         LINE#         153
  C:00C0H         LINE#         154
  C:00C0H         LINE#         155
  C:00DCH         LINE#         156
  C:0123H         LINE#         157
  C:0134H         LINE#         158
  C:0134H         LINE#         159
  C:0134H         LINE#         160
  C:0137H         LINE#         163
  C:0137H         LINE#         166
  C:013CH         LINE#         167
  C:0141H         LINE#         169
  C:0146H         LINE#         170
  C:014BH         LINE#         171
  C:0150H         LINE#         172
  C:0155H         LINE#         174
  C:0166H         LINE#         175
  C:016BH         LINE#         176
  C:0170H         LINE#         178
  C:0177H         LINE#         179
  C:017FH         LINE#         180
  C:0184H         LINE#         181
  C:018CH         LINE#         182
  C:0191H         LINE#         183
  C:019BH         LINE#         184
  C:01A0H         LINE#         185
  C:01A8H         LINE#         187
  C:01B0H         LINE#         188
  C:01B5H         LINE#         189
  C:01BFH         LINE#         190
  C:01BFH         LINE#         191
  C:01C1H         LINE#         192
  C:01C3H         LINE#         193
  C:01CDH         LINE#         194
  C:01CDH         LINE#         195
  C:01D2H         LINE#         196
  C:01D2H         LINE#         208
  C:01DFH         LINE#         209
  C:01DFH         LINE#         210
  C:01E9H         LINE#         211
  C:0200H         LINE#         212
  C:0200H         LINE#         213
  C:0202H         LINE#         214
  C:0204H         LINE#         216
  C:0204H         LINE#         217
  C:020FH         LINE#         218
  C:020FH         LINE#         219
  C:0214H         LINE#         220
  C:0214H         LINE#         221
  C:0221H         LINE#         222
  C:0221H         LINE#         225
  C:022BH         LINE#         226
  C:0242H         LINE#         227
BL51 BANKED LINKER/LOCATER V6.22                                                      02/22/2019  09:41:00  PAGE 11


  C:0242H         LINE#         228
  C:0244H         LINE#         229
  C:0246H         LINE#         231
  C:0246H         LINE#         232
  C:0251H         LINE#         233
  C:0251H         LINE#         234
  C:0256H         LINE#         235
  C:0258H         LINE#         236
  C:0258H         LINE#         245
  C:027AH         LINE#         246
  C:027AH         LINE#         247
  C:0284H         LINE#         248
  C:028AH         LINE#         249
  C:028CH         LINE#         250
  C:028EH         LINE#         251
  C:0290H         LINE#         252
  C:0290H         LINE#         253
  C:0293H         LINE#         255
  C:0293H         LINE#         256
  C:0299H         LINE#         257
  C:02A1H         LINE#         258
  C:02A7H         LINE#         259
  C:02AFH         LINE#         260
  C:02EAH         LINE#         264
  C:02F7H         LINE#         265
  C:02F7H         LINE#         266
  C:0304H         LINE#         267
  C:0337H         LINE#         268
  C:0344H         LINE#         269
  C:0344H         LINE#         271
  C:0373H         LINE#         272
  C:0373H         LINE#         273
  C:0395H         LINE#         274
  C:0395H         LINE#         275
  C:0411H         LINE#         276
  C:048FH         LINE#         280
  C:0497H         LINE#         281
  C:049FH         LINE#         282
  C:04A7H         LINE#         284
  C:04AFH         LINE#         285
  C:04B8H         LINE#         286
  C:04CEH         LINE#         288
  C:04FEH         LINE#         289
  C:050DH         LINE#         290
  C:0516H         LINE#         292
  C:052CH         LINE#         293
  C:055CH         LINE#         295
  C:055CH         LINE#         296
  C:055FH         LINE#         298
  C:0562H         LINE#         299
  C:0569H         LINE#         300
  C:0569H         LINE#         301
  C:056CH         LINE#         303
  C:0583H         LINE#         305
  C:058AH         LINE#         306
  C:058DH         LINE#         308
  C:05A4H         LINE#         309
BL51 BANKED LINKER/LOCATER V6.22                                                      02/22/2019  09:41:00  PAGE 12


  C:05ABH         LINE#         312
  C:05AEH         LINE#         314
  C:05C5H         LINE#         315
  C:05CCH         LINE#         317
  C:05CFH         LINE#         319
  C:05E6H         LINE#         320
  C:05EDH         LINE#         322
  C:05F0H         LINE#         324
  C:0607H         LINE#         325
  C:060EH         LINE#         327
  C:0611H         LINE#         329
  C:0628H         LINE#         331
  C:062BH         LINE#         333
  C:0642H         LINE#         334
  C:0649H         LINE#         335
  C:0650H         LINE#         337
  C:0653H         LINE#         338
  C:0664H         LINE#         339
  C:0664H         LINE#         340
  C:0664H         LINE#         342
  C:0664H         LINE#         345
  C:0667H         LINE#         347
  C:0667H         LINE#         348
  C:0689H         LINE#         349
  C:0689H         LINE#         350
  C:0705H         LINE#         351
  C:075AH         LINE#         352
  C:075AH         LINE#         353
  C:075AH         LINE#         354
  C:075DH         LINE#         358
  C:075DH         LINE#         361
  C:0791H         LINE#         362
  C:0791H         LINE#         363
  C:07B3H         LINE#         364
  C:07B3H         LINE#         365
  C:082FH         LINE#         366
  C:08ADH         LINE#         370
  C:08B5H         LINE#         371
  C:08BDH         LINE#         372
  C:08C5H         LINE#         374
  C:08CDH         LINE#         375
  C:08D6H         LINE#         376
  C:08ECH         LINE#         378
  C:091CH         LINE#         379
  C:092BH         LINE#         380
  C:0934H         LINE#         382
  C:094AH         LINE#         383
  C:097AH         LINE#         384
  C:099EH         LINE#         386
  C:09A1H         LINE#         387
  C:09B2H         LINE#         388
  C:09B2H         LINE#         389
  C:09BAH         LINE#         391
  C:09BAH         LINE#         394
  C:09BDH         LINE#         396
  C:09BDH         LINE#         398
  C:09DFH         LINE#         399
BL51 BANKED LINKER/LOCATER V6.22                                                      02/22/2019  09:41:00  PAGE 13


  C:09DFH         LINE#         400
  C:0A5BH         LINE#         402
  C:0A88H         LINE#         403
  C:0AA3H         LINE#         404
  C:0AD0H         LINE#         405
  C:0AEBH         LINE#         407
  C:0B87H         LINE#         410
  C:0B87H         LINE#         411
  C:0B87H         LINE#         412
  C:0B87H         LINE#         414
  C:0B87H         LINE#         417
  C:0BA3H         LINE#         418
  C:0BA8H         LINE#         420
  C:0BAAH         LINE#         421
  -------         ENDPROC       MAIN
  -------         PROC          _DISPLAY_PROX
  D:0002H         SYMBOL        dat
  -------         DO            
  X:062FH         SYMBOL        unit
  X:0630H         SYMBOL        ten
  X:0631H         SYMBOL        hundred
  X:0632H         SYMBOL        thousand
  -------         ENDDO         
  C:45A2H         LINE#         505
  C:45A6H         LINE#         506
  C:45A6H         LINE#         508
  C:45B2H         LINE#         509
  C:45C2H         LINE#         510
  C:45DEH         LINE#         511
  C:460EH         LINE#         512
  C:4618H         LINE#         513
  C:4622H         LINE#         514
  C:462CH         LINE#         515
  C:4636H         LINE#         517
  -------         ENDPROC       _DISPLAY_PROX
  -------         PROC          _DISPLAY_POS
  X:0463H         SYMBOL        sign_dat
  -------         DO            
  X:0467H         SYMBOL        unit
  X:0468H         SYMBOL        ten
  X:0469H         SYMBOL        hundred
  D:0003H         SYMBOL        thousand
  X:046AH         SYMBOL        after_dot
  X:046BH         SYMBOL        dat
  -------         ENDDO         
  C:3946H         LINE#         520
  C:394CH         LINE#         521
  C:394CH         LINE#         525
  C:3968H         LINE#         526
  C:3982H         LINE#         527
  C:39A6H         LINE#         529
  C:39F0H         LINE#         531
  C:3A07H         LINE#         532
  C:3A14H         LINE#         533
  C:3A36H         LINE#         534
  C:3A6BH         LINE#         535
  C:3A83H         LINE#         536
BL51 BANKED LINKER/LOCATER V6.22                                                      02/22/2019  09:41:00  PAGE 14


  C:3A83H         LINE#         538
  C:3A83H         LINE#         539
  C:3A83H         LINE#         540
  C:3A83H         LINE#         541
  C:3A83H         LINE#         542
  C:3A83H         LINE#         546
  C:3A85H         LINE#         548
  C:3A85H         LINE#         550
  C:3A8AH         LINE#         551
  C:3A94H         LINE#         552
  C:3A9EH         LINE#         553
  C:3AA8H         LINE#         554
  C:3AADH         LINE#         555
  C:3AB7H         LINE#         559
  C:3AB7H         LINE#         561
  -------         ENDPROC       _DISPLAY_POS
  -------         ENDMOD        MAIN

  -------         MODULE        PCF85063BTL
  C:0000H         SYMBOL        _ICE_DUMMY_
  D:0096H         PUBLIC        P2M0
  D:0080H         PUBLIC        P0
  D:0095H         PUBLIC        P2M1
  D:0090H         PUBLIC        P1
  D:00A0H         PUBLIC        P2
  D:00B0H         PUBLIC        P3
  D:00C0H         PUBLIC        P4
  D:00C8H         PUBLIC        P5
  D:00E8H         PUBLIC        P6
  B:00A0H.1       PUBLIC        PCF85063BTL_SDI
  D:00F8H         PUBLIC        P7
  B:00A0H.2       PUBLIC        PCF85063BTL_SCK
  B:00A0H.1       PUBLIC        PCF85063BTL_SDO
  D:00A8H         PUBLIC        IE
  C:47BCH         PUBLIC        _Read_time
  C:4D13H         PUBLIC        _PCF85063BTL_Delay
  D:00B8H         PUBLIC        IP
  D:00D8H         PUBLIC        CCON
  C:46C3H         PUBLIC        _Day_Of_Year
  C:4C09H         PUBLIC        SPI_ReceiveByte
  D:0098H         PUBLIC        SCON
  D:0088H         PUBLIC        TCON
  C:4D46H         PUBLIC        _BCDtoDec
  B:00A0H.0       PUBLIC        PCF85063BTL_CS
  C:4D35H         PUBLIC        _SPI_ReadTime
  C:4D95H         PUBLIC        SPI_Init
  C:4C9EH         PUBLIC        _SPI_WriteTime
  C:4BE9H         PUBLIC        _SPI_SendByte
  D:00D0H         PUBLIC        PSW
  C:4D0FH         SYMBOL        L?0047
  -------         PROC          L?0046
  -------         ENDPROC       L?0046
  C:4D0FH         SYMBOL        L?0047
  -------         PROC          _PCF85063BTL_DELAY
  D:0006H         SYMBOL        us
  C:4D13H         LINE#         8
  C:4D13H         LINE#         9
BL51 BANKED LINKER/LOCATER V6.22                                                      02/22/2019  09:41:00  PAGE 15


  C:4D13H         LINE#         10
  C:4D1DH         LINE#         11
  C:4D1DH         LINE#         12
  C:4D1EH         LINE#         13
  C:4D20H         LINE#         14
  -------         ENDPROC       _PCF85063BTL_DELAY
  -------         PROC          _SPI_SENDBYTE
  D:0005H         SYMBOL        dat
  -------         DO            
  D:0003H         SYMBOL        i
  -------         ENDDO         
  C:4BE9H         LINE#         17
  C:4BEBH         LINE#         18
  C:4BEBH         LINE#         20
  C:4BEDH         LINE#         21
  C:4BEDH         LINE#         22
  C:4BEFH         LINE#         23
  C:4BF3H         LINE#         24
  C:4BF3H         LINE#         25
  C:4BF5H         LINE#         26
  C:4BF7H         LINE#         28
  C:4BF7H         LINE#         29
  C:4BF9H         LINE#         30
  C:4BF9H         LINE#         31
  C:4BFCH         LINE#         32
  C:4BFCH         LINE#         33
  C:4BFFH         LINE#         34
  C:4C03H         LINE#         35
  C:4C08H         LINE#         36
  -------         ENDPROC       _SPI_SENDBYTE
  -------         PROC          SPI_RECEIVEBYTE
  -------         DO            
  D:0003H         SYMBOL        i
  D:0005H         SYMBOL        dat
  -------         ENDDO         
  C:4C09H         LINE#         39
  C:4C09H         LINE#         40
  C:4C09H         LINE#         42
  C:4C0BH         LINE#         44
  C:4C0DH         LINE#         45
  C:4C0EH         LINE#         46
  C:4C0EH         LINE#         47
  C:4C12H         LINE#         48
  C:4C14H         LINE#         49
  C:4C17H         LINE#         51
  C:4C1AH         LINE#         52
  C:4C1AH         LINE#         53
  C:4C1EH         LINE#         54
  C:4C1EH         LINE#         55
  C:4C1EH         LINE#         56
  C:4C21H         LINE#         57
  C:4C26H         LINE#         58
  C:4C28H         LINE#         59
  -------         ENDPROC       SPI_RECEIVEBYTE
  -------         PROC          _SPI_READTIME
  D:0007H         SYMBOL        addr
  -------         DO            
BL51 BANKED LINKER/LOCATER V6.22                                                      02/22/2019  09:41:00  PAGE 16


  D:0006H         SYMBOL        dat
  -------         ENDDO         
  C:4D35H         LINE#         61
  C:4D35H         LINE#         62
  C:4D35H         LINE#         64
  C:4D37H         LINE#         65
  C:4D39H         LINE#         66
  C:4D40H         LINE#         67
  C:4D43H         LINE#         68
  C:4D45H         LINE#         69
  C:4D45H         LINE#         70
  -------         ENDPROC       _SPI_READTIME
  -------         PROC          _SPI_WRITETIME
  D:0002H         SYMBOL        val
  D:0005H         SYMBOL        addr
  C:4C9EH         LINE#         71
  C:4CA0H         LINE#         72
  C:4CA0H         LINE#         74
  C:4CA2H         LINE#         75
  C:4CA9H         LINE#         76
  C:4CAEH         LINE#         77
  C:4CB3H         LINE#         78
  C:4CB5H         LINE#         79
  -------         ENDPROC       _SPI_WRITETIME
  -------         PROC          SPI_INIT
  C:4D95H         LINE#         83
  C:4D95H         LINE#         84
  C:4D95H         LINE#         89
  C:4D98H         LINE#         90
  C:4D9BH         LINE#         91
  C:4D9DH         LINE#         92
  C:4D9FH         LINE#         93
  C:4DA1H         LINE#         94
  -------         ENDPROC       SPI_INIT
  -------         PROC          _READ_TIME
  X:03C0H         SYMBOL        months
  X:03C3H         SYMBOL        days
  X:03C6H         SYMBOL        hours
  X:03C9H         SYMBOL        mins
  X:03CCH         SYMBOL        seconds
  C:47BCH         LINE#         96
  C:47C7H         LINE#         97
  C:47C7H         LINE#         99
  C:47DBH         LINE#         101
  C:47EFH         LINE#         103
  C:4803H         LINE#         108
  C:4817H         LINE#         113
  -------         ENDPROC       _READ_TIME
  -------         PROC          _BCDTODEC
  D:0007H         SYMBOL        bcd
  -------         DO            
  D:0006H         SYMBOL        hi
  D:0007H         SYMBOL        lo
  -------         ENDDO         
  C:4D46H         LINE#         119
  C:4D46H         LINE#         120
  C:4D46H         LINE#         122
BL51 BANKED LINKER/LOCATER V6.22                                                      02/22/2019  09:41:00  PAGE 17


  C:4D4BH         LINE#         123
  C:4D4FH         LINE#         124
  C:4D56H         LINE#         125
  -------         ENDPROC       _BCDTODEC
  -------         PROC          _DAY_OF_YEAR
  D:0007H         SYMBOL        months_bcd
  D:0005H         SYMBOL        days_bcd
  -------         DO            
  D:0004H         SYMBOL        months
  D:0007H         SYMBOL        days
  -------         ENDDO         
  C:46C3H         LINE#         126
  C:46C3H         LINE#         127
  C:46C3H         LINE#         130
  C:46C8H         LINE#         132
  C:46CDH         LINE#         134
  C:4706H         LINE#         135
  C:4706H         LINE#         136
  C:4706H         LINE#         137
  C:4709H         LINE#         138
  C:4709H         LINE#         139
  C:4709H         LINE#         140
  C:470EH         LINE#         141
  C:470EH         LINE#         142
  C:470EH         LINE#         143
  C:4713H         LINE#         144
  C:4713H         LINE#         145
  C:4713H         LINE#         146
  C:4718H         LINE#         147
  C:4718H         LINE#         148
  C:4718H         LINE#         149
  C:471DH         LINE#         150
  C:471DH         LINE#         151
  C:471DH         LINE#         152
  C:4722H         LINE#         153
  C:4722H         LINE#         154
  C:4722H         LINE#         155
  C:4727H         LINE#         156
  C:4727H         LINE#         157
  C:4727H         LINE#         158
  C:472CH         LINE#         159
  C:472CH         LINE#         160
  C:472CH         LINE#         161
  C:4734H         LINE#         162
  C:4734H         LINE#         163
  C:4734H         LINE#         164
  C:4739H         LINE#         165
  C:4739H         LINE#         166
  C:4739H         LINE#         167
  C:473EH         LINE#         168
  C:473EH         LINE#         169
  C:473EH         LINE#         170
  C:4746H         LINE#         171
  C:4746H         LINE#         172
  C:4746H         LINE#         173
  -------         ENDPROC       _DAY_OF_YEAR
  -------         ENDMOD        PCF85063BTL
BL51 BANKED LINKER/LOCATER V6.22                                                      02/22/2019  09:41:00  PAGE 18



  -------         MODULE        UART1
  C:0000H         SYMBOL        _ICE_DUMMY_
  D:0080H         PUBLIC        P0
  D:0090H         PUBLIC        P1
  D:00A0H         PUBLIC        P2
  D:00B0H         PUBLIC        P3
  D:00C0H         PUBLIC        P4
  D:00C8H         PUBLIC        P5
  B:00A8H.7       PUBLIC        EA
  D:00E8H         PUBLIC        P6
  D:00F8H         PUBLIC        P7
  C:4AC1H         PUBLIC        _SendString
  D:00A8H         PUBLIC        IE
  B:00A8H.4       PUBLIC        ES
  D:00B8H         PUBLIC        IP
  C:4CB6H         PUBLIC        _ASCIItoBCD
  D:00D8H         PUBLIC        CCON
  C:4D57H         PUBLIC        initUART1
  D:0098H         PUBLIC        SCON
  D:0088H         PUBLIC        TCON
  C:000AH         PUBLIC        _DectoBCD
  C:4DD9H         PUBLIC        _ASCII_Letter
  D:008EH         PUBLIC        AUXR
  C:4DD4H         PUBLIC        _unit
  C:0003H         PUBLIC        _ten
  D:00D6H         PUBLIC        T2H
  D:00D7H         PUBLIC        T2L
  D:00D0H         PUBLIC        PSW
  -------         PROC          INITUART1
  C:4D57H         LINE#         21
  C:4D57H         LINE#         22
  C:4D57H         LINE#         23
  C:4D5AH         LINE#         24
  C:4D5DH         LINE#         25
  C:4D60H         LINE#         26
  C:4D63H         LINE#         27
  C:4D65H         LINE#         28
  C:4D67H         LINE#         30
  -------         ENDPROC       INITUART1
  -------         PROC          _SENDSTRING
  X:0633H         SYMBOL        s
  C:4AC1H         LINE#         35
  C:4ACCH         LINE#         36
  C:4ACCH         LINE#         37
  C:4ADCH         LINE#         38
  C:4ADCH         LINE#         39
  C:4AF1H         LINE#         40
  C:4AF3H         LINE#         41
  -------         ENDPROC       _SENDSTRING
  -------         PROC          _TEN
  D:0007H         SYMBOL        BCD
  C:0003H         LINE#         43
  C:0003H         LINE#         44
  C:0003H         LINE#         45
  C:0008H         LINE#         46
  -------         ENDPROC       _TEN
BL51 BANKED LINKER/LOCATER V6.22                                                      02/22/2019  09:41:00  PAGE 19


  -------         PROC          _UNIT
  D:0007H         SYMBOL        BCD
  C:4DD4H         LINE#         47
  C:4DD4H         LINE#         48
  C:4DD4H         LINE#         52
  C:4DD8H         LINE#         53
  -------         ENDPROC       _UNIT
  -------         PROC          _DECTOBCD
  D:0007H         SYMBOL        dec
  C:000AH         LINE#         54
  C:000AH         LINE#         55
  C:000AH         LINE#         57
  C:000AH         LINE#         58
  -------         ENDPROC       _DECTOBCD
  -------         PROC          _ASCII_LETTER
  D:0007H         SYMBOL        dat
  C:4DD9H         LINE#         60
  C:4DD9H         LINE#         61
  C:4DD9H         LINE#         63
  C:4DDDH         LINE#         64
  -------         ENDPROC       _ASCII_LETTER
  -------         PROC          _ASCIITOBCD
  D:0001H         SYMBOL        ascii
  -------         DO            
  D:0007H         SYMBOL        dec_val
  D:0006H         SYMBOL        ten
  D:0007H         SYMBOL        unit
  -------         ENDDO         
  C:4CB6H         LINE#         66
  C:4CB6H         LINE#         67
  C:4CB6H         LINE#         69
  C:4CB9H         LINE#         70
  C:4CBFH         LINE#         71
  C:4CC6H         LINE#         72
  C:4CCCH         LINE#         74
  -------         ENDPROC       _ASCIITOBCD
  -------         ENDMOD        UART1

  -------         MODULE        LCD_DRIVER_SPLC780D
  C:0000H         SYMBOL        _ICE_DUMMY_
  D:0092H         PUBLIC        P1M0
  D:0091H         PUBLIC        P1M1
  D:0080H         PUBLIC        P0
  D:0090H         PUBLIC        P1
  D:00A0H         PUBLIC        P2
  D:00B0H         PUBLIC        P3
  D:00C0H         PUBLIC        P4
  D:00C8H         PUBLIC        P5
  D:00E8H         PUBLIC        P6
  D:00F8H         PUBLIC        P7
  C:4747H         PUBLIC        _WriteData
  D:00A8H         PUBLIC        IE
  D:00B8H         PUBLIC        IP
  D:00D8H         PUBLIC        CCON
  B:00B0H.4       PUBLIC        LCD_D4
  B:00B0H.5       PUBLIC        LCD_D5
  B:00B0H.6       PUBLIC        LCD_D6
BL51 BANKED LINKER/LOCATER V6.22                                                      02/22/2019  09:41:00  PAGE 20


  C:4C66H         PUBLIC        _DisplayLCD
  B:00B0H.7       PUBLIC        LCD_D7
  D:0098H         PUBLIC        SCON
  D:0088H         PUBLIC        TCON
  C:4DC4H         PUBLIC        LCD_clear
  C:4A06H         PUBLIC        _Command
  C:4CE3H         PUBLIC        _Display_Line
  C:4885H         PUBLIC        LCD_Init
  C:4BCBH         PUBLIC        _Wait_ms
  B:00C0H.0       PUBLIC        LCD_RS
  B:00B0H.2       PUBLIC        LCD_RW
  C:4DBAH         PUBLIC        LCD_return_home
  B:00B0H.3       PUBLIC        LCD_E
  D:00D0H         PUBLIC        PSW
  -------         PROC          LCD_INIT
  C:4885H         LINE#         9
  C:4885H         LINE#         10
  C:4885H         LINE#         11
  C:4888H         LINE#         12
  C:488BH         LINE#         14
  C:4891H         LINE#         15
  C:4896H         LINE#         17
  C:489DH         LINE#         18
  C:48A2H         LINE#         20
  C:48A5H         LINE#         21
  C:48AAH         LINE#         23
  C:48ADH         LINE#         24
  C:48B2H         LINE#         26
  C:48B9H         LINE#         29
  C:48BEH         LINE#         30
  C:48C3H         LINE#         32
  C:48C8H         LINE#         33
  C:48CDH         LINE#         35
  C:48D2H         LINE#         36
  C:48D7H         LINE#         37
  -------         ENDPROC       LCD_INIT
  -------         PROC          _WRITEDATA
  X:046DH         SYMBOL        dat
  C:4747H         LINE#         40
  C:474CH         LINE#         41
  C:474CH         LINE#         46
  C:474EH         LINE#         47
  C:4750H         LINE#         49
  C:475EH         LINE#         50
  C:476AH         LINE#         51
  C:4776H         LINE#         52
  C:4780H         LINE#         53
  C:4782H         LINE#         54
  C:4789H         LINE#         55
  C:478BH         LINE#         57
  C:479BH         LINE#         58
  C:47A6H         LINE#         59
  C:47B0H         LINE#         60
  C:47B4H         LINE#         62
  C:47B4H         LINE#         63
  C:47B7H         LINE#         64
  C:47B9H         LINE#         65
BL51 BANKED LINKER/LOCATER V6.22                                                      02/22/2019  09:41:00  PAGE 21


  C:47BBH         LINE#         67
  -------         ENDPROC       _WRITEDATA
  -------         PROC          _COMMAND
  D:0007H         SYMBOL        dat
  C:4A06H         LINE#         69
  C:4A06H         LINE#         70
  C:4A06H         LINE#         71
  C:4A08H         LINE#         72
  C:4A0AH         LINE#         74
  C:4A14H         LINE#         75
  C:4A18H         LINE#         77
  C:4A1AH         LINE#         78
  C:4A23H         LINE#         79
  C:4A27H         LINE#         81
  C:4A29H         LINE#         82
  C:4A30H         LINE#         83
  C:4A34H         LINE#         85
  C:4A36H         LINE#         86
  C:4A3AH         LINE#         87
  C:4A3EH         LINE#         89
  C:4A40H         LINE#         90
  C:4A40H         LINE#         91
  C:4A43H         LINE#         92
  C:4A45H         LINE#         93
  -------         ENDPROC       _COMMAND
  C:4BC7H         SYMBOL        L?0028
  -------         PROC          L?0027
  -------         ENDPROC       L?0027
  C:4BC7H         SYMBOL        L?0028
  -------         PROC          _WAIT_MS
  D:0006H         SYMBOL        ms
  -------         DO            
  D:0004H         SYMBOL        De_Cnt
  -------         ENDDO         
  C:4BCBH         LINE#         95
  C:4BCBH         LINE#         96
  C:4BCBH         LINE#         98
  C:4BD5H         LINE#         99
  C:4BD5H         LINE#         100
  C:4BE8H         LINE#         101
  C:4BE8H         LINE#         102
  -------         ENDPROC       _WAIT_MS
  -------         PROC          _DISPLAYLCD
  D:0007H         SYMBOL        BCD
  -------         DO            
  D:0006H         SYMBOL        first_digit
  X:03C0H         SYMBOL        second_digit
  -------         ENDDO         
  C:4C66H         LINE#         103
  C:4C66H         LINE#         104
  C:4C66H         LINE#         106
  C:4C6DH         LINE#         107
  C:4C76H         LINE#         109
  C:4C7BH         LINE#         111
  -------         ENDPROC       _DISPLAYLCD
  -------         PROC          LCD_RETURN_HOME
  C:4DBAH         LINE#         115
BL51 BANKED LINKER/LOCATER V6.22                                                      02/22/2019  09:41:00  PAGE 22


  C:4DBAH         LINE#         116
  C:4DBAH         LINE#         117
  C:4DBFH         LINE#         118
  -------         ENDPROC       LCD_RETURN_HOME
  -------         PROC          LCD_CLEAR
  C:4DC4H         LINE#         121
  C:4DC4H         LINE#         122
  C:4DC4H         LINE#         123
  C:4DC9H         LINE#         124
  -------         ENDPROC       LCD_CLEAR
  -------         PROC          _DISPLAY_LINE
  D:0006H         SYMBOL        line
  C:4CE3H         LINE#         128
  C:4CE3H         LINE#         129
  C:4CE3H         LINE#         130
  C:4CE9H         LINE#         131
  C:4CE9H         LINE#         132
  C:4CEBH         LINE#         133
  C:4CEBH         LINE#         134
  C:4CEDH         LINE#         136
  C:4CEDH         LINE#         137
  C:4CF2H         LINE#         138
  C:4CF7H         LINE#         139
  C:4CF7H         LINE#         140
  -------         ENDPROC       _DISPLAY_LINE
  -------         ENDMOD        LCD_DRIVER_SPLC780D

  -------         MODULE        KEYPAD
  C:0000H         SYMBOL        _ICE_DUMMY_
  D:0093H         PUBLIC        P0M1
  D:0080H         PUBLIC        P0
  D:0090H         PUBLIC        P1
  D:00A0H         PUBLIC        P2
  D:00B0H         PUBLIC        P3
  D:00C0H         PUBLIC        P4
  D:00C8H         PUBLIC        P5
  B:0020H.0       PUBLIC        calib_mode
  D:00E8H         PUBLIC        P6
  D:00F8H         PUBLIC        P7
  D:00A8H         PUBLIC        IE
  C:3631H         PUBLIC        Key_Scan
  D:00B8H         PUBLIC        IP
  D:00D8H         PUBLIC        CCON
  C:4DA2H         PUBLIC        KeyPad_IO_Init
  C:4C48H         PUBLIC        _Delay_ms
  D:0098H         PUBLIC        SCON
  D:0088H         PUBLIC        TCON
  B:0020H.1       PUBLIC        small_move
  B:0020H.2       PUBLIC        move
  B:0020H.3       PUBLIC        direction
  B:0020H.4       PUBLIC        auto_move
  C:31C0H         PUBLIC        Key_Process
  D:00D0H         PUBLIC        PSW
  D:0094H         PUBLIC        P0M0
  -------         PROC          _DELAY_MS
  D:0006H         SYMBOL        ms
  -------         DO            
BL51 BANKED LINKER/LOCATER V6.22                                                      02/22/2019  09:41:00  PAGE 23


  D:0004H         SYMBOL        De_Cnt
  -------         ENDDO         
  C:4C48H         LINE#         19
  C:4C48H         LINE#         20
  C:4C48H         LINE#         22
  C:4C52H         LINE#         23
  C:4C52H         LINE#         24
  C:4C65H         LINE#         25
  C:4C65H         LINE#         26
  -------         ENDPROC       _DELAY_MS
  -------         PROC          KEY_SCAN
  -------         DO            
  X:03C6H         SYMBOL        KeyTemp1
  X:03C7H         SYMBOL        KeyTemp2
  X:03C8H         SYMBOL        KeyValue
  -------         ENDDO         
  C:3631H         LINE#         27
  C:3631H         LINE#         28
  C:3631H         LINE#         33
  C:3634H         LINE#         36
  C:3637H         LINE#         38
  C:363FH         LINE#         39
  C:3646H         LINE#         40
  C:3646H         LINE#         42
  C:364BH         LINE#         43
  C:3652H         LINE#         44
  C:3652H         LINE#         47
  C:3655H         LINE#         48
  C:3658H         LINE#         49
  C:365DH         LINE#         50
  C:3661H         LINE#         51
  C:3661H         LINE#         52
  C:3669H         LINE#         53
  C:3669H         LINE#         54
  C:366CH         LINE#         55
  C:3674H         LINE#         56
  C:3676H         LINE#         58
  C:368AH         LINE#         59
  C:368AH         LINE#         60
  C:368AH         LINE#         61
  C:368AH         LINE#         62
  C:3690H         LINE#         64
  C:3692H         LINE#         65
  C:3692H         LINE#         66
  C:3692H         LINE#         67
  C:3698H         LINE#         69
  C:369AH         LINE#         70
  C:369AH         LINE#         71
  C:369AH         LINE#         72
  C:36A0H         LINE#         74
  C:36A2H         LINE#         75
  C:36A2H         LINE#         76
  C:36A2H         LINE#         77
  C:36A8H         LINE#         79
  C:36A8H         LINE#         80
  C:36A8H         LINE#         81
  C:36A8H         LINE#         84
BL51 BANKED LINKER/LOCATER V6.22                                                      02/22/2019  09:41:00  PAGE 24


  C:36ABH         LINE#         85
  C:36AEH         LINE#         86
  C:36B6H         LINE#         87
  C:36BAH         LINE#         88
  C:36BAH         LINE#         89
  C:36C2H         LINE#         90
  C:36C2H         LINE#         91
  C:36C5H         LINE#         92
  C:36CDH         LINE#         93
  C:36CFH         LINE#         94
  C:36E3H         LINE#         95
  C:36E3H         LINE#         96
  C:36E3H         LINE#         97
  C:36E3H         LINE#         98
  C:36E9H         LINE#         100
  C:36EBH         LINE#         101
  C:36EBH         LINE#         102
  C:36EBH         LINE#         103
  C:36F1H         LINE#         105
  C:36F3H         LINE#         106
  C:36F3H         LINE#         107
  C:36F3H         LINE#         108
  C:36F9H         LINE#         110
  C:36FBH         LINE#         111
  C:36FBH         LINE#         112
  C:36FBH         LINE#         113
  C:3700H         LINE#         115
  C:3700H         LINE#         116
  C:3700H         LINE#         117
  C:3700H         LINE#         120
  C:3703H         LINE#         121
  C:3706H         LINE#         122
  C:370EH         LINE#         123
  C:3712H         LINE#         124
  C:3712H         LINE#         125
  C:371AH         LINE#         126
  C:371AH         LINE#         127
  C:371DH         LINE#         128
  C:3725H         LINE#         129
  C:3727H         LINE#         130
  C:373BH         LINE#         131
  C:373BH         LINE#         132
  C:373BH         LINE#         133
  C:373BH         LINE#         134
  C:3741H         LINE#         136
  C:3743H         LINE#         137
  C:3743H         LINE#         138
  C:3743H         LINE#         139
  C:3749H         LINE#         141
  C:374BH         LINE#         142
  C:374BH         LINE#         143
  C:374BH         LINE#         144
  C:3751H         LINE#         146
  C:3753H         LINE#         147
  C:3753H         LINE#         148
  C:3753H         LINE#         149
  C:3759H         LINE#         151
BL51 BANKED LINKER/LOCATER V6.22                                                      02/22/2019  09:41:00  PAGE 25


  C:3759H         LINE#         152
  C:3759H         LINE#         153
  C:3759H         LINE#         157
  C:375CH         LINE#         158
  C:375FH         LINE#         159
  C:3767H         LINE#         160
  C:376BH         LINE#         161
  C:376BH         LINE#         162
  C:3773H         LINE#         163
  C:3773H         LINE#         164
  C:3776H         LINE#         165
  C:377EH         LINE#         166
  C:3780H         LINE#         167
  C:3794H         LINE#         168
  C:3794H         LINE#         169
  C:3794H         LINE#         170
  C:3794H         LINE#         171
  C:379AH         LINE#         173
  C:379CH         LINE#         174
  C:379CH         LINE#         175
  C:379CH         LINE#         176
  C:37A2H         LINE#         178
  C:37A4H         LINE#         179
  C:37A4H         LINE#         180
  C:37A4H         LINE#         181
  C:37AAH         LINE#         183
  C:37ACH         LINE#         184
  C:37ACH         LINE#         185
  C:37ACH         LINE#         186
  C:37B2H         LINE#         188
  C:37B2H         LINE#         189
  C:37B2H         LINE#         190
  C:37B2H         LINE#         192
  C:37B8H         LINE#         193
  C:37B8H         LINE#         195
  C:37B8H         LINE#         196
  C:37BBH         LINE#         197
  C:37BBH         LINE#         198
  C:37BBH         LINE#         200
  C:37BBH         LINE#         201
  C:37BDH         LINE#         202
  C:37BDH         LINE#         203
  -------         ENDPROC       KEY_SCAN
  -------         PROC          KEY_PROCESS
  -------         DO            
  X:0619H         SYMBOL        KeyCount
  X:061BH         SYMBOL        KeyNum_Old
  X:061CH         SYMBOL        KeyNum
  X:061DH         SYMBOL        PressedKey
  X:03C0H         SYMBOL        d
  D:0004H         SYMBOL        hours
  D:0006H         SYMBOL        mins
  X:03C2H         SYMBOL        months
  X:03C4H         SYMBOL        days
  -------         ENDDO         
  C:31C0H         LINE#         204
  C:31C0H         LINE#         205
BL51 BANKED LINKER/LOCATER V6.22                                                      02/22/2019  09:41:00  PAGE 26


  C:31C0H         LINE#         209
  C:31C8H         LINE#         210
  C:31D0H         LINE#         212
  C:31D3H         LINE#         213
  C:31D3H         LINE#         214
  C:31D6H         LINE#         216
  C:31D6H         LINE#         217
  C:31E3H         LINE#         218
  C:31E3H         LINE#         219
  C:31E6H         LINE#         220
  C:31E9H         LINE#         222
  C:31ECH         LINE#         224
  C:31ECH         LINE#         225
  C:31F7H         LINE#         226
  C:31F7H         LINE#         227
  C:31FAH         LINE#         229
  C:31FAH         LINE#         230
  C:3201H         LINE#         231
  C:3201H         LINE#         232
  C:3204H         LINE#         234
  C:3204H         LINE#         235
  C:320CH         LINE#         236
  C:320CH         LINE#         237
  C:3216H         LINE#         238
  C:321EH         LINE#         240
  C:3227H         LINE#         242
  C:3227H         LINE#         251
  C:323CH         LINE#         252
  C:323CH         LINE#         253
  C:324EH         LINE#         254
  C:325CH         LINE#         255
  C:326BH         LINE#         256
  C:326BH         LINE#         258
  C:3271H         LINE#         262
  C:3287H         LINE#         263
  C:3298H         LINE#         264
  C:32B3H         LINE#         265
  C:32B3H         LINE#         266
  C:32C3H         LINE#         267
  C:32D4H         LINE#         268
  C:32D4H         LINE#         272
  C:32EDH         LINE#         273
  C:3304H         LINE#         274
  C:3324H         LINE#         275
  C:3324H         LINE#         276
  C:332EH         LINE#         277
  C:332EH         LINE#         278
  C:3337H         LINE#         279
  C:3337H         LINE#         280
  C:334BH         LINE#         281
  C:334BH         LINE#         282
  C:334BH         LINE#         283
  C:334BH         LINE#         284
  C:334BH         LINE#         285
  C:334DH         LINE#         287
  C:334DH         LINE#         288
  C:3359H         LINE#         289
BL51 BANKED LINKER/LOCATER V6.22                                                      02/22/2019  09:41:00  PAGE 27


  C:3359H         LINE#         290
  C:336AH         LINE#         291
  C:336AH         LINE#         292
  C:336AH         LINE#         293
  C:336AH         LINE#         294
  C:336AH         LINE#         296
  C:336CH         LINE#         298
  C:336CH         LINE#         299
  C:337DH         LINE#         300
  C:337DH         LINE#         301
  C:337DH         LINE#         302
  C:337DH         LINE#         303
  C:337DH         LINE#         305
  C:337DH         LINE#         307
  C:337DH         LINE#         308
  C:337FH         LINE#         310
  C:337FH         LINE#         311
  C:3392H         LINE#         312
  C:3392H         LINE#         313
  C:33A3H         LINE#         314
  C:33A3H         LINE#         315
  C:33A3H         LINE#         316
  C:33A3H         LINE#         317
  C:33A3H         LINE#         318
  C:33A5H         LINE#         320
  C:33A5H         LINE#         321
  C:33B6H         LINE#         322
  C:33B6H         LINE#         323
  C:33C7H         LINE#         324
  C:33D8H         LINE#         325
  C:33D8H         LINE#         326
  C:33D8H         LINE#         327
  C:33D8H         LINE#         328
  C:33D8H         LINE#         329
  C:33DBH         LINE#         330
  C:33E0H         LINE#         331
  C:33E5H         LINE#         332
  C:33EAH         LINE#         333
  C:33EFH         LINE#         334
  C:33F4H         LINE#         335
  C:33F9H         LINE#         336
  C:33FEH         LINE#         337
  C:33FEH         LINE#         339
  C:3420H         LINE#         340
  C:3420H         LINE#         341
  C:342AH         LINE#         342
  C:342AH         LINE#         343
  C:342FH         LINE#         344
  C:3438H         LINE#         345
  C:344FH         LINE#         346
  C:344FH         LINE#         347
  C:345FH         LINE#         349
  C:345FH         LINE#         353
  -------         ENDPROC       KEY_PROCESS
  -------         PROC          KEYPAD_IO_INIT
  C:4DA2H         LINE#         356
  C:4DA2H         LINE#         357
BL51 BANKED LINKER/LOCATER V6.22                                                      02/22/2019  09:41:00  PAGE 28


  C:4DA2H         LINE#         358
  C:4DA5H         LINE#         359
  C:4DA8H         LINE#         360
  C:4DABH         LINE#         361
  C:4DADH         LINE#         362
  -------         ENDPROC       KEYPAD_IO_INIT
  -------         ENDMOD        KEYPAD

  -------         MODULE        BIPOLARMOTOR
  C:0000H         SYMBOL        _ICE_DUMMY_
  D:0080H         PUBLIC        P0
  D:0090H         PUBLIC        P1
  X:0000H         PUBLIC        RX_pos_test
  D:00A0H         PUBLIC        P2
  D:00B0H         PUBLIC        P3
  D:00C0H         PUBLIC        P4
  D:00C8H         PUBLIC        P5
  D:00E8H         PUBLIC        P6
  D:00F8H         PUBLIC        P7
  X:00A0H         PUBLIC        low_date_azimuth_mapping
  D:00A8H         PUBLIC        IE
  C:4114H         PUBLIC        linear_interpolate
  C:4B76H         PUBLIC        _Move
  D:00B8H         PUBLIC        IP
  C:3493H         PUBLIC        _findDet3x3
  C:2F00H         PUBLIC        _findDet4x4
  D:00D8H         PUBLIC        CCON
  X:00C8H         PUBLIC        previous_move_time
  D:0098H         PUBLIC        SCON
  D:0088H         PUBLIC        TCON
  C:4DDEH         PUBLIC        wait
  C:4A46H         PUBLIC        _Step_move
  X:00C9H         PUBLIC        dat
  C:0BADH         PUBLIC        _Update_position
  C:492EH         PUBLIC        vOneStepMove
  X:00CFH         PUBLIC        elevation_stamp
  X:010BH         PUBLIC        date_azimuth_mapping
  X:0133H         PUBLIC        RX_pos
  C:4C8DH         PUBLIC        _BCDtoDec1
  X:038BH         PUBLIC        degree
  D:00D0H         PUBLIC        PSW
  -------         PROC          L?0062
  -------         ENDPROC       L?0062
  -------         PROC          _BCDTODEC1
  D:0007H         SYMBOL        bcd
  -------         DO            
  D:0006H         SYMBOL        hi
  D:0007H         SYMBOL        lo
  -------         ENDDO         
  C:4C8DH         LINE#         28
  C:4C8DH         LINE#         29
  C:4C8DH         LINE#         31
  C:4C92H         LINE#         32
  C:4C96H         LINE#         33
  C:4C9DH         LINE#         34
  -------         ENDPROC       _BCDTODEC1
  -------         PROC          WAIT
BL51 BANKED LINKER/LOCATER V6.22                                                      02/22/2019  09:41:00  PAGE 29


  C:4DDEH         LINE#         36
  C:4DDEH         LINE#         38
  -------         ENDPROC       WAIT
  -------         PROC          VONESTEPMOVE
  B:0020H.7       SYMBOL        bDir
  C:492EH         LINE#         40
  C:492EH         LINE#         41
  C:492EH         LINE#         43
  C:4934H         LINE#         44
  C:4934H         LINE#         45
  C:4937H         LINE#         46
  C:4940H         LINE#         47
  C:4947H         LINE#         48
  C:494CH         LINE#         49
  C:494CH         LINE#         50
  C:494CH         LINE#         52
  C:494EH         LINE#         55
  C:494EH         LINE#         56
  C:4951H         LINE#         57
  C:495AH         LINE#         58
  C:4961H         LINE#         59
  C:4967H         LINE#         60
  C:4970H         LINE#         61
  C:4977H         LINE#         62
  C:4977H         LINE#         66
  -------         ENDPROC       VONESTEPMOVE
  -------         PROC          _STEP_MOVE
  X:047CH         SYMBOL        step
  B:0020H.6       SYMBOL        dir
  -------         DO            
  X:047EH         SYMBOL        i
  -------         ENDDO         
  C:4A46H         LINE#         68
  C:4A4EH         LINE#         69
  C:4A4EH         LINE#         71
  C:4A53H         LINE#         74
  C:4A6EH         LINE#         75
  C:4A6EH         LINE#         76
  C:4A75H         LINE#         78
  C:4A85H         LINE#         80
  -------         ENDPROC       _STEP_MOVE
  -------         PROC          _MOVE
  X:0478H         SYMBOL        distance
  B:0020H.5       SYMBOL        direction
  -------         DO            
  D:0006H         SYMBOL        step
  -------         ENDDO         
  C:4B76H         LINE#         82
  C:4B7CH         LINE#         83
  C:4B7CH         LINE#         86
  C:4B97H         LINE#         87
  -------         ENDPROC       _MOVE
  C:3474H         SYMBOL        L?0058
  C:3488H         SYMBOL        L?0059
  -------         PROC          L?0057
  -------         ENDPROC       L?0057
  C:3474H         SYMBOL        L?0058
BL51 BANKED LINKER/LOCATER V6.22                                                      02/22/2019  09:41:00  PAGE 30


  C:3488H         SYMBOL        L?0059
  -------         PROC          _FINDDET3X3
  X:05F5H         SYMBOL        a11
  X:05F9H         SYMBOL        a12
  X:05FDH         SYMBOL        a13
  X:0601H         SYMBOL        a21
  X:0605H         SYMBOL        a22
  X:0609H         SYMBOL        a23
  X:060DH         SYMBOL        a31
  X:0611H         SYMBOL        a32
  X:0615H         SYMBOL        a33
  C:3493H         LINE#         91
  C:3499H         LINE#         95
  C:3499H         LINE#         96
  C:3630H         LINE#         98
  -------         ENDPROC       _FINDDET3X3
  -------         PROC          _FINDDET4X4
  X:05B5H         SYMBOL        a11
  X:05B9H         SYMBOL        a12
  X:05BDH         SYMBOL        a13
  X:05C1H         SYMBOL        a14
  X:05C5H         SYMBOL        a21
  X:05C9H         SYMBOL        a22
  X:05CDH         SYMBOL        a23
  X:05D1H         SYMBOL        a24
  X:05D5H         SYMBOL        a31
  X:05D9H         SYMBOL        a32
  X:05DDH         SYMBOL        a33
  X:05E1H         SYMBOL        a34
  X:05E5H         SYMBOL        a41
  X:05E9H         SYMBOL        a42
  X:05EDH         SYMBOL        a43
  X:05F1H         SYMBOL        a44
  C:2F00H         LINE#         99
  C:2F06H         LINE#         103
  C:2F06H         LINE#         110
  C:31BFH         LINE#         114
  -------         ENDPROC       _FINDDET4X4
  C:4103H         SYMBOL        L?0061
  -------         PROC          L?0060
  -------         ENDPROC       L?0060
  C:4103H         SYMBOL        L?0061
  -------         PROC          LINEAR_INTERPOLATE
  X:0478H         SYMBOL        p1
  X:0480H         SYMBOL        p2
  X:0488H         SYMBOL        x
  -------         DO            
  D:0004H         SYMBOL        fx
  -------         ENDDO         
  C:4114H         LINE#         120
  C:4114H         LINE#         121
  C:4114H         LINE#         124
  C:41B3H         LINE#         126
  C:41B3H         LINE#         127
  -------         ENDPROC       LINEAR_INTERPOLATE
  -------         PROC          _UPDATE_POSITION
  D:0001H         SYMBOL        mnths
BL51 BANKED LINKER/LOCATER V6.22                                                      02/22/2019  09:41:00  PAGE 31


  D:0002H         SYMBOL        dys
  X:03DBH         SYMBOL        hurs
  X:03DCH         SYMBOL        mns
  X:03DDH         SYMBOL        sconds
  X:03DEH         SYMBOL        currnt_pos
  X:03E1H         SYMBOL        offset_calib
  -------         DO            
  X:03E5H         SYMBOL        date
  X:03E7H         SYMBOL        i
  X:03E9H         SYMBOL        yy
  X:03EBH         SYMBOL        desired_distance
  X:03EFH         SYMBOL        distance
  X:03F3H         SYMBOL        JP_pos
  X:03F7H         SYMBOL        pos_interpolate_azimuth
  X:0433H         SYMBOL        current_local_sun_time
  X:0437H         SYMBOL        azimuth
  X:043BH         SYMBOL        elevation
  X:043FH         SYMBOL        time_offset
  X:0443H         SYMBOL        UTC_time
  X:0447H         SYMBOL        declination
  X:044BH         SYMBOL        p1
  X:0453H         SYMBOL        p2
  X:045BH         SYMBOL        time
  X:046DH         SYMBOL        location
  X:0475H         SYMBOL        sunCoord
  -------         ENDDO         
  C:0BADH         LINE#         131
  C:0BB6H         LINE#         134
  C:0BB6H         LINE#         135
  C:0BC1H         LINE#         137
  C:0BDDH         LINE#         138
  C:0BE7H         LINE#         146
  C:0BF1H         LINE#         147
  C:0BFBH         LINE#         148
  C:0C05H         LINE#         149
  C:0C10H         LINE#         150
  C:0C1BH         LINE#         151
  C:0C34H         LINE#         152
  C:0C45H         LINE#         153
  C:0C54H         LINE#         156
  C:0C68H         LINE#         160
  C:0CBAH         LINE#         161
  C:0E1EH         LINE#         162
  C:0E6EH         LINE#         164
  C:0F96H         LINE#         166
  C:1065H         LINE#         173
  C:10ACH         LINE#         174
  C:10ACH         LINE#         176
  C:10C6H         LINE#         177
  C:10C6H         LINE#         178
  C:1136H         LINE#         179
  C:1136H         LINE#         180
  C:113DH         LINE#         181
  C:113DH         LINE#         182
  C:116AH         LINE#         183
  C:1185H         LINE#         185
  C:11CCH         LINE#         186
BL51 BANKED LINKER/LOCATER V6.22                                                      02/22/2019  09:41:00  PAGE 32


  C:1200H         LINE#         188
  C:1246H         LINE#         189
  C:1269H         LINE#         191
  C:1269H         LINE#         193
  C:12DFH         LINE#         194
  C:12DFH         LINE#         195
  C:12E6H         LINE#         196
  C:12E6H         LINE#         197
  C:1313H         LINE#         198
  C:132EH         LINE#         200
  C:1375H         LINE#         201
  C:13A9H         LINE#         203
  C:13EFH         LINE#         204
  C:140FH         LINE#         206
  C:140FH         LINE#         207
  C:1420H         LINE#         210
  C:143AH         LINE#         211
  C:143AH         LINE#         212
  C:14AAH         LINE#         213
  C:14AAH         LINE#         214
  C:14D7H         LINE#         215
  C:14F2H         LINE#         217
  C:151FH         LINE#         218
  C:153AH         LINE#         220
  C:156CH         LINE#         223
  C:156CH         LINE#         225
  C:157DH         LINE#         227
  C:15ACH         LINE#         229
  C:15D1H         LINE#         230
  C:1636H         LINE#         231
  C:1636H         LINE#         232
  C:1650H         LINE#         233
  C:1662H         LINE#         234
  C:167AH         LINE#         235
  C:1690H         LINE#         237
  C:16ACH         LINE#         238
  C:16ACH         LINE#         239
  C:16ACH         LINE#         242
  -------         ENDPROC       _UPDATE_POSITION
  -------         ENDMOD        BIPOLARMOTOR

  -------         MODULE        SUNPOS
  C:0000H         SYMBOL        _ICE_DUMMY_
  C:2063H         PUBLIC        sunpos
  -------         PROC          SUNPOS
  X:0478H         SYMBOL        udtTime
  X:048AH         SYMBOL        udtLocation
  X:0492H         SYMBOL        udtSunCoordinates
  -------         DO            
  X:0495H         SYMBOL        dElapsedJulianDays
  X:0499H         SYMBOL        dDecimalHours
  X:049DH         SYMBOL        dEclipticLongitude
  X:04A1H         SYMBOL        dEclipticObliquity
  X:04A5H         SYMBOL        dRightAscension
  X:04A9H         SYMBOL        dDeclination
  X:04ADH         SYMBOL        dY
  X:04B1H         SYMBOL        dX
BL51 BANKED LINKER/LOCATER V6.22                                                      02/22/2019  09:41:00  PAGE 33


  -------         DO            
  X:04B5H         SYMBOL        dJulianDate
  X:04B9H         SYMBOL        liAux1
  X:04BDH         SYMBOL        liAux2
  X:04B5H         SYMBOL        dMeanLongitude
  X:04B9H         SYMBOL        dMeanAnomaly
  X:04BDH         SYMBOL        dOmega
  X:04B5H         SYMBOL        dSin_EclipticLongitude
  X:04B5H         SYMBOL        dGreenwichMeanSiderealTime
  X:04B9H         SYMBOL        dLocalMeanSiderealTime
  X:04BDH         SYMBOL        dLatitudeInRadians
  X:04C1H         SYMBOL        dHourAngle
  X:04C5H         SYMBOL        dCos_Latitude
  X:04C9H         SYMBOL        dSin_Latitude
  X:04CDH         SYMBOL        dCos_HourAngle
  X:04D1H         SYMBOL        dParallax
  -------         ENDDO         
  -------         DO            
  X:04B5H         SYMBOL        dMeanLongitude
  X:04B9H         SYMBOL        dMeanAnomaly
  X:04BDH         SYMBOL        dOmega
  X:04B5H         SYMBOL        dSin_EclipticLongitude
  X:04B5H         SYMBOL        dGreenwichMeanSiderealTime
  X:04B9H         SYMBOL        dLocalMeanSiderealTime
  X:04BDH         SYMBOL        dLatitudeInRadians
  X:04C1H         SYMBOL        dHourAngle
  X:04C5H         SYMBOL        dCos_Latitude
  X:04C9H         SYMBOL        dSin_Latitude
  X:04CDH         SYMBOL        dCos_HourAngle
  X:04D1H         SYMBOL        dParallax
  -------         ENDDO         
  -------         DO            
  X:04B5H         SYMBOL        dSin_EclipticLongitude
  X:04B5H         SYMBOL        dGreenwichMeanSiderealTime
  X:04B9H         SYMBOL        dLocalMeanSiderealTime
  X:04BDH         SYMBOL        dLatitudeInRadians
  X:04C1H         SYMBOL        dHourAngle
  X:04C5H         SYMBOL        dCos_Latitude
  X:04C9H         SYMBOL        dSin_Latitude
  X:04CDH         SYMBOL        dCos_HourAngle
  X:04D1H         SYMBOL        dParallax
  -------         ENDDO         
  -------         DO            
  X:04B5H         SYMBOL        dGreenwichMeanSiderealTime
  X:04B9H         SYMBOL        dLocalMeanSiderealTime
  X:04BDH         SYMBOL        dLatitudeInRadians
  X:04C1H         SYMBOL        dHourAngle
  X:04C5H         SYMBOL        dCos_Latitude
  X:04C9H         SYMBOL        dSin_Latitude
  X:04CDH         SYMBOL        dCos_HourAngle
  X:04D1H         SYMBOL        dParallax
  -------         ENDDO         
  -------         ENDDO         
  C:2063H         LINE#         6
  C:2063H         LINE#         7
  C:2063H         LINE#         9
  C:2063H         LINE#         27
BL51 BANKED LINKER/LOCATER V6.22                                                      02/22/2019  09:41:00  PAGE 34


  C:20ADH         LINE#         30
  C:20CEH         LINE#         31
  C:2215H         LINE#         34
  C:2261H         LINE#         36
  C:2280H         LINE#         37
  C:2280H         LINE#         42
  C:2280H         LINE#         46
  C:22B2H         LINE#         47
  C:22DCH         LINE#         48
  C:2306H         LINE#         49
  C:23B3H         LINE#         52
  C:2414H         LINE#         54
  C:2414H         LINE#         59
  C:2414H         LINE#         61
  C:242BH         LINE#         62
  C:2453H         LINE#         63
  C:246AH         LINE#         64
  C:2495H         LINE#         65
  C:24CCH         LINE#         66
  C:24F7H         LINE#         67
  C:24F7H         LINE#         70
  C:24F7H         LINE#         79
  C:2532H         LINE#         82
  C:256CH         LINE#         84
  C:2591H         LINE#         85
  C:25B0H         LINE#         86
  C:25C7H         LINE#         87
  C:25DEH         LINE#         88
  C:25F5H         LINE#         89
  C:267EH         LINE#         91
  C:2698H         LINE#         92
  C:26FAH         LINE#         93
  C:2730H         LINE#         94
  C:2742H         LINE#         95
  C:276FH         LINE#         96
  C:279CH         LINE#         98
  C:27BEH         LINE#         100
  C:27F6H         LINE#         103
  C:27F6H         LINE#         104
  C:2804H         LINE#         105
  -------         ENDPROC       SUNPOS
  -------         ENDMOD        SUNPOS

  -------         MODULE        ADC
  C:0000H         SYMBOL        _ICE_DUMMY_
  D:0092H         PUBLIC        P1M0
  D:0091H         PUBLIC        P1M1
  D:0080H         PUBLIC        P0
[...]
  C:3F71H         LINE#         115
  C:3F8AH         LINE#         116
  C:3F8AH         LINE#         117
  C:3F8CH         LINE#         118
  C:3F8EH         LINE#         120
  C:3F8EH         LINE#         121
  C:3F90H         LINE#         123
  C:3F90H         LINE#         124
  C:3F90H         LINE#         125
  C:3F90H         LINE#         126
  C:3F93H         LINE#         127
  C:3FACH         LINE#         129
  C:3FCBH         LINE#         131
  C:3FD2H         LINE#         132
  C:3FD2H         LINE#         133
  C:3FD4H         LINE#         134
BL51 BANKED LINKER/LOCATER V6.22                                                      02/22/2019  09:41:00  PAGE 45


  C:3FD7H         LINE#         135
  C:3FDEH         LINE#         136
  C:3FDEH         LINE#         137
  C:3FE0H         LINE#         138
  C:3FE2H         LINE#         140
  C:3FE2H         LINE#         141
  C:3FE4H         LINE#         143
  C:3FE4H         LINE#         144
  C:3FE4H         LINE#         145
  C:3FE4H         LINE#         146
  C:3FE7H         LINE#         147
  C:3FEEH         LINE#         149
  C:400DH         LINE#         151
  C:400FH         LINE#         152
  -------         ENDPROC       _AT25SF041_WRITE
  -------         PROC          _AT25SF041_READ
  D:0003H         SYMBOL        opcode
  X:0623H         SYMBOL        addr
  -------         DO            
  X:0627H         SYMBOL        dat
  X:0628H         SYMBOL        i
  -------         ENDDO         
  C:3D16H         LINE#         156
  C:3D18H         LINE#         157
  C:3D18H         LINE#         158
  C:3D1DH         LINE#         160
  C:3D1FH         LINE#         161
  C:3D25H         LINE#         165
  C:3D2AH         LINE#         166
  C:3D2AH         LINE#         167
  C:3D2CH         LINE#         168
  C:3D2FH         LINE#         169
  C:3D33H         LINE#         170
  C:3D33H         LINE#         171
  C:3D35H         LINE#         172
  C:3D37H         LINE#         174
  C:3D37H         LINE#         175
  C:3D39H         LINE#         177
  C:3D39H         LINE#         178
  C:3D39H         LINE#         179
  C:3D39H         LINE#         180
  C:3D3CH         LINE#         181
  C:3D40H         LINE#         184
  C:3D5FH         LINE#         186
  C:3D66H         LINE#         187
  C:3D66H         LINE#         188
  C:3D68H         LINE#         189
  C:3D6BH         LINE#         190
  C:3D84H         LINE#         191
  C:3D84H         LINE#         192
  C:3D86H         LINE#         193
  C:3D88H         LINE#         195
  C:3D88H         LINE#         196
  C:3D8AH         LINE#         198
  C:3D8AH         LINE#         199
  C:3D8AH         LINE#         200
  C:3D8AH         LINE#         201
BL51 BANKED LINKER/LOCATER V6.22                                                      02/22/2019  09:41:00  PAGE 46


  C:3D8DH         LINE#         202
  C:3DA6H         LINE#         204
  C:3DC5H         LINE#         207
  C:3DCCH         LINE#         209
  C:3DCEH         LINE#         210
  C:3DD5H         LINE#         212
  C:3DDCH         LINE#         213
  C:3DDCH         LINE#         214
  C:3DE3H         LINE#         215
  C:3DE3H         LINE#         216
  C:3DE6H         LINE#         217
  C:3DE8H         LINE#         218
  C:3DEBH         LINE#         220
  C:3DEEH         LINE#         221
  C:3DEEH         LINE#         223
  C:3DF2H         LINE#         224
  C:3DF2H         LINE#         230
  C:3E11H         LINE#         233
  C:3E13H         LINE#         234
  C:3E16H         LINE#         235
  C:3E1BH         LINE#         237
  -------         ENDPROC       _AT25SF041_READ
  -------         PROC          READ_STATUS_REGISTER_BYTE1
  -------         DO            
  D:0003H         SYMBOL        dat
  D:0001H         SYMBOL        opcode
  X:03D1H         SYMBOL        count
  X:03D2H         SYMBOL        i
  -------         ENDDO         
  C:43C8H         LINE#         241
  C:43C8H         LINE#         242
  C:43C8H         LINE#         243
  C:43CEH         LINE#         244
  C:43D2H         LINE#         245
  C:43D4H         LINE#         246
  C:43D6H         LINE#         247
  C:43DCH         LINE#         251
  C:43E3H         LINE#         252
  C:43E3H         LINE#         253
  C:43E5H         LINE#         254
  C:43E8H         LINE#         255
  C:43ECH         LINE#         256
  C:43ECH         LINE#         257
  C:43EEH         LINE#         258
  C:43F0H         LINE#         260
  C:43F0H         LINE#         261
  C:43F2H         LINE#         263
  C:43F2H         LINE#         264
  C:43F2H         LINE#         265
  C:43F2H         LINE#         266
  C:43F5H         LINE#         267
  C:43F9H         LINE#         270
  C:4418H         LINE#         274
  C:441FH         LINE#         276
  C:4421H         LINE#         277
  C:4428H         LINE#         278
  C:442FH         LINE#         279
BL51 BANKED LINKER/LOCATER V6.22                                                      02/22/2019  09:41:00  PAGE 47


  C:442FH         LINE#         280
  C:4433H         LINE#         281
  C:4433H         LINE#         282
  C:4436H         LINE#         283
  C:4438H         LINE#         284
  C:443BH         LINE#         286
  C:443EH         LINE#         287
  C:443EH         LINE#         289
  C:4442H         LINE#         290
  C:4442H         LINE#         292
  C:4461H         LINE#         296
  C:4463H         LINE#         297
  C:4466H         LINE#         298
  C:4468H         LINE#         299
  -------         ENDPROC       READ_STATUS_REGISTER_BYTE1
  -------         PROC          SPI_NOR_WRITE_DATA
  X:03C0H         SYMBOL        dat
  X:03CCH         SYMBOL        addr
  C:3E1CH         LINE#         301
  C:3E1CH         LINE#         302
  C:3E1CH         LINE#         303
  C:3E35H         LINE#         304
  C:3E35H         LINE#         305
  C:3E38H         LINE#         307
  C:3E3BH         LINE#         308
  C:3E42H         LINE#         309
  C:3E42H         LINE#         310
  C:3E45H         LINE#         312
  C:3E55H         LINE#         314
  C:3E55H         LINE#         315
  C:3E58H         LINE#         317
  C:3E68H         LINE#         318
  C:3E68H         LINE#         321
  C:3E6BH         LINE#         323
  C:3E7BH         LINE#         324
  C:3E7BH         LINE#         326
  C:3E7EH         LINE#         328
  C:3E8EH         LINE#         329
  C:3E8EH         LINE#         331
  C:3E91H         LINE#         333
  C:3EA1H         LINE#         334
  C:3EA1H         LINE#         336
  C:3EA4H         LINE#         338
  C:3EB4H         LINE#         339
  C:3EB4H         LINE#         340
  C:3EB7H         LINE#         342
  C:3EC7H         LINE#         343
  C:3EC7H         LINE#         345
  C:3ECAH         LINE#         347
  C:3EDBH         LINE#         348
  C:3EDBH         LINE#         350
  C:3EDEH         LINE#         352
  C:3EEEH         LINE#         353
  C:3EEEH         LINE#         355
  C:3EF1H         LINE#         357
  C:3F01H         LINE#         358
  C:3F01H         LINE#         360
BL51 BANKED LINKER/LOCATER V6.22                                                      02/22/2019  09:41:00  PAGE 48


  C:3F04H         LINE#         362
  C:3F14H         LINE#         363
  -------         ENDPROC       SPI_NOR_WRITE_DATA
  -------         ENDMOD        AT25SF041

  -------         MODULE        ?C_STARTUP
  C:4637H         SEGMENT       ?C_C51STARTUP
  I:0022H         SEGMENT       ?STACK
  C:0000H         PUBLIC        ?C_STARTUP
  D:00E0H         SYMBOL        ACC
  D:00F0H         SYMBOL        B
  D:0083H         SYMBOL        DPH
  D:0082H         SYMBOL        DPL
  N:0000H         SYMBOL        IBPSTACK
  N:0100H         SYMBOL        IBPSTACKTOP
  N:0080H         SYMBOL        IDATALEN
  C:463AH         SYMBOL        IDATALOOP
  N:0000H         SYMBOL        PBPSTACK
  N:0100H         SYMBOL        PBPSTACKTOP
  N:0000H         SYMBOL        PDATALEN
  N:0000H         SYMBOL        PDATASTART
  N:0000H         SYMBOL        PPAGE
  N:0000H         SYMBOL        PPAGEENABLE
  D:00A0H         SYMBOL        PPAGE_SFR
  D:0081H         SYMBOL        SP
  C:4637H         SYMBOL        STARTUP1
  N:0000H         SYMBOL        XBPSTACK
  N:0000H         SYMBOL        XBPSTACKTOP
  N:0000H         SYMBOL        XDATALEN
  N:0000H         SYMBOL        XDATASTART
  C:0000H         LINE#         126
  C:4637H         LINE#         133
  C:4639H         LINE#         134
  C:463AH         LINE#         135
  C:463BH         LINE#         136
  C:463DH         LINE#         185
  C:4640H         LINE#         196
  -------         ENDMOD        ?C_STARTUP

  -------         MODULE        ?C?FPADD
  C:16B4H         PUBLIC        ?C?FPADD
  C:16B0H         PUBLIC        ?C?FPSUB
  -------         ENDMOD        ?C?FPADD

  -------         MODULE        ?C?FPMUL
  C:17A5H         PUBLIC        ?C?FPMUL
  -------         ENDMOD        ?C?FPMUL

  -------         MODULE        ?C?FPDIV
  C:18AEH         PUBLIC        ?C?FPDIV
  -------         ENDMOD        ?C?FPDIV

  -------         MODULE        ?C?FPCMP
  C:194DH         PUBLIC        ?C?FPCMP
  C:194BH         PUBLIC        ?C?FPCMP3
  -------         ENDMOD        ?C?FPCMP

BL51 BANKED LINKER/LOCATER V6.22                                                      02/22/2019  09:41:00  PAGE 49


  -------         MODULE        ?C?FPNEG
  C:19C4H         PUBLIC        ?C?FPNEG
  -------         ENDMOD        ?C?FPNEG

  -------         MODULE        ?C?FCAST
  C:19DFH         PUBLIC        ?C?FCASTC
  C:19DAH         PUBLIC        ?C?FCASTI
  C:19D5H         PUBLIC        ?C?FCASTL
  -------         ENDMOD        ?C?FCAST

  -------         MODULE        ?C?CASTF
  C:1A13H         PUBLIC        ?C?CASTF
  -------         ENDMOD        ?C?CASTF

  -------         MODULE        ATAN2
  X:04D5H         PUBLIC        ?_atan2?BYTE
  C:4469H         PUBLIC        _atan2
  -------         ENDMOD        ATAN2

  -------         MODULE        SIN
  C:3806H         PUBLIC        _COS
  C:381CH         PUBLIC        _SIN
  C:3858H         PUBLIC        _TAN
  -------         ENDMOD        SIN

  -------         MODULE        ACOS
  C:4978H         PUBLIC        _ACOS
  -------         ENDMOD        ACOS

  -------         MODULE        ASIN
  C:4A86H         PUBLIC        _ASIN
  -------         ENDMOD        ASIN

  -------         MODULE        SQRT
  C:4320H         PUBLIC        _SQRT
  -------         ENDMOD        SQRT

  -------         MODULE        ATAN
  C:3C14H         PUBLIC        _ATAN
  -------         ENDMOD        ATAN

  -------         MODULE        ?C?COPY
  C:1BB1H         PUBLIC        ?C?COPY
  -------         ENDMOD        ?C?COPY

  -------         MODULE        ?C?CLDPTR
  C:1BD7H         PUBLIC        ?C?CLDPTR
  -------         ENDMOD        ?C?CLDPTR

  -------         MODULE        ?C?CLDOPTR
  C:1BF0H         PUBLIC        ?C?CLDOPTR
  -------         ENDMOD        ?C?CLDOPTR

  -------         MODULE        ?C?CSTPTR
  C:1C1DH         PUBLIC        ?C?CSTPTR
  -------         ENDMOD        ?C?CSTPTR

BL51 BANKED LINKER/LOCATER V6.22                                                      02/22/2019  09:41:00  PAGE 50


  -------         MODULE        ?C?IMUL
  C:1C2FH         PUBLIC        ?C?IMUL
  -------         ENDMOD        ?C?IMUL

  -------         MODULE        ?C?UIDIV
  C:1C41H         PUBLIC        ?C?UIDIV
  -------         ENDMOD        ?C?UIDIV

  -------         MODULE        ?C?SIDIV
  C:1C96H         PUBLIC        ?C?SIDIV
  -------         ENDMOD        ?C?SIDIV

  -------         MODULE        ?C?ILDIX
  C:1CCCH         PUBLIC        ?C?ILDIX
  -------         ENDMOD        ?C?ILDIX

  -------         MODULE        ?C?ILDOPTR
  C:1CE2H         PUBLIC        ?C?ILDOPTR
  -------         ENDMOD        ?C?ILDOPTR

  -------         MODULE        ?C?ISTPTR
  C:1D1AH         PUBLIC        ?C?ISTPTR
  -------         ENDMOD        ?C?ISTPTR

  -------         MODULE        ?C?LMUL
  C:1D39H         PUBLIC        ?C?LMUL
  -------         ENDMOD        ?C?LMUL

  -------         MODULE        ?C?SLDIV
  C:49C2H         PUBLIC        ?C?SLDIV
  -------         ENDMOD        ?C?SLDIV

  -------         MODULE        ?C?LNEG
  C:1D88H         PUBLIC        ?C?LNEG
  -------         ENDMOD        ?C?LNEG

  -------         MODULE        ?C?ULCMP
  C:1D96H         PUBLIC        ?C?ULCMP
  -------         ENDMOD        ?C?ULCMP

  -------         MODULE        ?C?LSHL
  C:1DA7H         PUBLIC        ?C?LSHL
  -------         ENDMOD        ?C?LSHL

  -------         MODULE        ?C?LLDPTR
  C:1DBAH         PUBLIC        ?C?LLDPTR
  -------         ENDMOD        ?C?LLDPTR

  -------         MODULE        ?C?LLDOPTR
  C:1DDAH         PUBLIC        ?C?LLDOPTR
  -------         ENDMOD        ?C?LLDOPTR

  -------         MODULE        ?C?LSTPTR
  C:1E0AH         PUBLIC        ?C?LSTPTR
  -------         ENDMOD        ?C?LSTPTR

  -------         MODULE        ?C?LSTOPTR
BL51 BANKED LINKER/LOCATER V6.22                                                      02/22/2019  09:41:00  PAGE 51


  C:1E24H         PUBLIC        ?C?LSTOPTR
  -------         ENDMOD        ?C?LSTOPTR

  -------         MODULE        ?C?LLDXDATA
  C:1E48H         PUBLIC        ?C?LLDXDATA
  -------         ENDMOD        ?C?LLDXDATA

  -------         MODULE        ?C?LLDCODE
  C:1E54H         PUBLIC        ?C?LLDCODE
  -------         ENDMOD        ?C?LLDCODE

  -------         MODULE        ?C?LLDXDATA0
  C:1E64H         PUBLIC        ?C?LLDXDATA0
  -------         ENDMOD        ?C?LLDXDATA0

  -------         MODULE        ?C?LLDCODE0
  C:1E70H         PUBLIC        ?C?LLDCODE0
  -------         ENDMOD        ?C?LLDCODE0

  -------         MODULE        ?C?LLDPTR0
  C:1E80H         PUBLIC        ?C?LLDPTR0
  -------         ENDMOD        ?C?LLDPTR0

  -------         MODULE        ?C?LSTXDATA
  C:1EA0H         PUBLIC        ?C?LSTXDATA
  -------         ENDMOD        ?C?LSTXDATA

  -------         MODULE        ?C?LSTKXDATA
  C:1EACH         PUBLIC        ?C?LSTKXDATA
  -------         ENDMOD        ?C?LSTKXDATA

  -------         MODULE        ?C?LSTKPTR
  C:1EDDH         PUBLIC        ?C?LSTKPTR
  -------         ENDMOD        ?C?LSTKPTR

  -------         MODULE        ?C?OFFXADD
  C:1EF7H         PUBLIC        ?C?OFFXADD
  -------         ENDMOD        ?C?OFFXADD

  -------         MODULE        ABS
  C:4DAEH         PUBLIC        _ABS
  -------         ENDMOD        ABS

  -------         MODULE        ATOI
  C:4016H         PUBLIC        _atoi
  -------         ENDMOD        ATOI

  -------         MODULE        ?C?IILDX
  C:1F03H         PUBLIC        ?C?IILDX
  -------         ENDMOD        ?C?IILDX

  -------         MODULE        ?C?ULDIV
  C:1F55H         PUBLIC        ?C?ULDIV
  -------         ENDMOD        ?C?ULDIV

  -------         MODULE        ?C?LLDIDATA
  C:1FE7H         PUBLIC        ?C?LLDIDATA
BL51 BANKED LINKER/LOCATER V6.22                                                      02/22/2019  09:41:00  PAGE 52


  -------         ENDMOD        ?C?LLDIDATA

  -------         MODULE        ?C?LLDPDATA
  C:1FF3H         PUBLIC        ?C?LLDPDATA
  -------         ENDMOD        ?C?LLDPDATA

  -------         MODULE        ?C?LLDIDATA0
  C:1FFFH         PUBLIC        ?C?LLDIDATA0
  -------         ENDMOD        ?C?LLDIDATA0

  -------         MODULE        ?C?LLDPDATA0
  C:200CH         PUBLIC        ?C?LLDPDATA0
  -------         ENDMOD        ?C?LLDPDATA0

  -------         MODULE        ?C?LSTIDATA
  C:2019H         PUBLIC        ?C?LSTIDATA
  -------         ENDMOD        ?C?LSTIDATA

  -------         MODULE        ?C?LSTPDATA
  C:2025H         PUBLIC        ?C?LSTPDATA
  -------         ENDMOD        ?C?LSTPDATA

  -------         MODULE        ?C?LSTKIDATA
  C:2031H         PUBLIC        ?C?LSTKIDATA
  -------         ENDMOD        ?C?LSTKIDATA

  -------         MODULE        ?C?LSTKPDATA
  C:204AH         PUBLIC        ?C?LSTKPDATA
  -------         ENDMOD        ?C?LSTKPDATA

  -------         MODULE        ISDIGIT
  C:4D86H         PUBLIC        _isdigit
  -------         ENDMOD        ISDIGIT

  -------         MODULE        ISSPACE
  C:4D21H         PUBLIC        _isspace
  -------         ENDMOD        ISSPACE

*** WARNING L16: UNCALLED SEGMENT, IGNORED FOR OVERLAY PROCESS
    SEGMENT: ?PR?_DISPLAY_PROX?MAIN

*** WARNING L16: UNCALLED SEGMENT, IGNORED FOR OVERLAY PROCESS
    SEGMENT: ?PR?_DAY_OF_YEAR?PCF85063BTL

*** WARNING L16: UNCALLED SEGMENT, IGNORED FOR OVERLAY PROCESS
    SEGMENT: ?PR?INITUART1?UART1

*** WARNING L16: UNCALLED SEGMENT, IGNORED FOR OVERLAY PROCESS
    SEGMENT: ?PR?_SENDSTRING?UART1

*** WARNING L16: UNCALLED SEGMENT, IGNORED FOR OVERLAY PROCESS
    SEGMENT: ?PR?_TEN?UART1

*** WARNING L16: UNCALLED SEGMENT, IGNORED FOR OVERLAY PROCESS
    SEGMENT: ?PR?_UNIT?UART1

*** WARNING L16: UNCALLED SEGMENT, IGNORED FOR OVERLAY PROCESS
BL51 BANKED LINKER/LOCATER V6.22                                                      02/22/2019  09:41:00  PAGE 53


    SEGMENT: ?PR?_DECTOBCD?UART1

*** WARNING L16: UNCALLED SEGMENT, IGNORED FOR OVERLAY PROCESS
    SEGMENT: ?PR?_ASCII_LETTER?UART1

*** WARNING L16: UNCALLED SEGMENT, IGNORED FOR OVERLAY PROCESS
    SEGMENT: ?PR?_ASCIITOBCD?UART1

*** WARNING L16: UNCALLED SEGMENT, IGNORED FOR OVERLAY PROCESS
    SEGMENT: ?PR?WAIT?BIPOLARMOTOR

*** WARNING L16: UNCALLED SEGMENT, IGNORED FOR OVERLAY PROCESS
    SEGMENT: ?PR?_FINDDET4X4?BIPOLARMOTOR

*** WARNING L16: UNCALLED SEGMENT, IGNORED FOR OVERLAY PROCESS
    SEGMENT: ?PR?NOP?IOEXPANDER_PI4IOE5V96248

*** WARNING L16: UNCALLED SEGMENT, IGNORED FOR OVERLAY PROCESS
    SEGMENT: ?PR?UC_ACK?IOEXPANDER_PI4IOE5V96248

*** WARNING L16: UNCALLED SEGMENT, IGNORED FOR OVERLAY PROCESS
    SEGMENT: ?PR?UC_NACK?IOEXPANDER_PI4IOE5V96248

*** WARNING L16: UNCALLED SEGMENT, IGNORED FOR OVERLAY PROCESS
    SEGMENT: ?PR?_AT25SF041_READ?AT25SF041

*** WARNING L1: UNRESOLVED EXTERNAL SYMBOL
    SYMBOL:  AUTO_MODE
    MODULE:  .\Obj\main.obj (MAIN)

*** WARNING L2: REFERENCE MADE TO UNRESOLVED EXTERNAL
    SYMBOL:  AUTO_MODE
    MODULE:  .\Obj\main.obj (MAIN)
    ADDRESS: 0041H

*** WARNING L2: REFERENCE MADE TO UNRESOLVED EXTERNAL
    SYMBOL:  AUTO_MODE
    MODULE:  .\Obj\main.obj (MAIN)
    ADDRESS: 01B6H

*** WARNING L2: REFERENCE MADE TO UNRESOLVED EXTERNAL
    SYMBOL:  AUTO_MODE
    MODULE:  .\Obj\main.obj (MAIN)
    ADDRESS: 01C4H

*** WARNING L2: REFERENCE MADE TO UNRESOLVED EXTERNAL
    SYMBOL:  AUTO_MODE
    MODULE:  .\Obj\main.obj (MAIN)
    ADDRESS: 01D6H

*** WARNING L2: REFERENCE MADE TO UNRESOLVED EXTERNAL
    SYMBOL:  AUTO_MODE
    MODULE:  .\Obj\main.obj (MAIN)
    ADDRESS: 0218H

*** WARNING L2: REFERENCE MADE TO UNRESOLVED EXTERNAL
    SYMBOL:  AUTO_MODE
BL51 BANKED LINKER/LOCATER V6.22                                                      02/22/2019  09:41:00  PAGE 54


    MODULE:  .\Obj\main.obj (MAIN)
    ADDRESS: 02EBH

*** WARNING L1: UNRESOLVED EXTERNAL SYMBOL
    SYMBOL:  _SENDUART1
    MODULE:  .\Obj\UART1.obj (UART1)

*** WARNING L2: REFERENCE MADE TO UNRESOLVED EXTERNAL
    SYMBOL:  _SENDUART1
    MODULE:  .\Obj\UART1.obj (UART1)
    ADDRESS: 4AEFH

*** WARNING L1: UNRESOLVED EXTERNAL SYMBOL
    SYMBOL:  AUTO_MODE
    MODULE:  .\Obj\KeyPad.obj (KEYPAD)

*** WARNING L2: REFERENCE MADE TO UNRESOLVED EXTERNAL
    SYMBOL:  AUTO_MODE
    MODULE:  .\Obj\KeyPad.obj (KEYPAD)
    ADDRESS: 320DH

*** WARNING L2: REFERENCE MADE TO UNRESOLVED EXTERNAL
    SYMBOL:  AUTO_MODE
    MODULE:  .\Obj\KeyPad.obj (KEYPAD)
    ADDRESS: 3218H

*** WARNING L2: REFERENCE MADE TO UNRESOLVED EXTERNAL
    SYMBOL:  AUTO_MODE
    MODULE:  .\Obj\KeyPad.obj (KEYPAD)
    ADDRESS: 321FH

Program Size: data=10.2 xdata=1592 code=19936
LINK/LOCATE RUN COMPLETE.  28 WARNING(S),  0 ERROR(S)
