BL51 BANKED LINKER/LOCATER V6.22                                                        05/22/2019  12:01:23  PAGE 1


BL51 BANKED LINKER/LOCATER V6.22, INVOKED BY:
C:\KEIL_V5\C51\BIN\BL51.EXE .\Obj\main.obj, .\Obj\PCF85063BTL.obj, .\Obj\UART1.obj, .\Obj\LCd_Driver_SPLC780D.obj, .\Obj
>> \KeyPad.obj, .\Obj\BipolarMotor.obj, .\Obj\SunPos.obj, .\Obj\ADC.obj, .\Obj\Calibration.obj, .\Obj\IOExpander_PI4IOE5
>> V96248.obj, .\Obj\AT25SF041.obj, .\Obj\STARTUP.obj TO .\Obj\GPIO_RTC_Test PRINT (.\Lis\GPIO_RTC_Test.m51) RAMSIZE (25
>> 6)


MEMORY MODEL: LARGE WITH FLOATING POINT ARITHMETIC


INPUT MODULES INCLUDED:
  .\Obj\main.obj (MAIN)
  .\Obj\PCF85063BTL.obj (PCF85063BTL)
  .\Obj\UART1.obj (UART1)
  .\Obj\LCd_Driver_SPLC780D.obj (LCD_DRIVER_SPLC780D)
  .\Obj\KeyPad.obj (KEYPAD)
  .\Obj\BipolarMotor.obj (BIPOLARMOTOR)
  .\Obj\SunPos.obj (SUNPOS)
  .\Obj\ADC.obj (ADC)
  .\Obj\Calibration.obj (CALIBRATION)
  .\Obj\IOExpander_PI4IOE5V96248.obj (IOEXPANDER_PI4IOE5V96248)
  .\Obj\AT25SF041.obj (AT25SF041)
  .\Obj\STARTUP.obj (?C_STARTUP)
  C:\KEIL_V5\C51\LIB\C51FPL.LIB (?C?FPADD)
  C:\KEIL_V5\C51\LIB\C51FPL.LIB (?C?FPMUL)
  C:\KEIL_V5\C51\LIB\C51FPL.LIB (?C?FPDIV)
  C:\KEIL_V5\C51\LIB\C51FPL.LIB (?C?FPCMP)
  C:\KEIL_V5\C51\LIB\C51FPL.LIB (?C?FPNEG)
  C:\KEIL_V5\C51\LIB\C51FPL.LIB (?C?FCAST)
  C:\KEIL_V5\C51\LIB\C51FPL.LIB (?C?CASTF)
  C:\KEIL_V5\C51\LIB\C51FPL.LIB (ATAN2)
  C:\KEIL_V5\C51\LIB\C51FPL.LIB (SIN)
  C:\KEIL_V5\C51\LIB\C51FPL.LIB (ACOS)
  C:\KEIL_V5\C51\LIB\C51FPL.LIB (ASIN)
  C:\KEIL_V5\C51\LIB\C51FPL.LIB (POW)
  C:\KEIL_V5\C51\LIB\C51FPL.LIB (?C?FPGETOPN)
  C:\KEIL_V5\C51\LIB\C51FPL.LIB (?C?CHKFLOAT)
  C:\KEIL_V5\C51\LIB\C51FPL.LIB (?C?FPSERIES)
  C:\KEIL_V5\C51\LIB\C51FPL.LIB (EXP)
  C:\KEIL_V5\C51\LIB\C51FPL.LIB (LOG)
  C:\KEIL_V5\C51\LIB\C51FPL.LIB (SQRT)
  C:\KEIL_V5\C51\LIB\C51FPL.LIB (ATAN)
  C:\KEIL_V5\C51\LIB\C51L.LIB (?C_INIT)
  C:\KEIL_V5\C51\LIB\C51L.LIB (?C?COPY)
  C:\KEIL_V5\C51\LIB\C51L.LIB (?C?CLDPTR)
  C:\KEIL_V5\C51\LIB\C51L.LIB (?C?CLDOPTR)
  C:\KEIL_V5\C51\LIB\C51L.LIB (?C?CSTPTR)
  C:\KEIL_V5\C51\LIB\C51L.LIB (?C?IMUL)
  C:\KEIL_V5\C51\LIB\C51L.LIB (?C?UIDIV)
  C:\KEIL_V5\C51\LIB\C51L.LIB (?C?SIDIV)
  C:\KEIL_V5\C51\LIB\C51L.LIB (?C?ILDIX)
  C:\KEIL_V5\C51\LIB\C51L.LIB (?C?ILDOPTR)
  C:\KEIL_V5\C51\LIB\C51L.LIB (?C?ISTPTR)
  C:\KEIL_V5\C51\LIB\C51L.LIB (?C?LMUL)
  C:\KEIL_V5\C51\LIB\C51L.LIB (?C?SLDIV)
  C:\KEIL_V5\C51\LIB\C51L.LIB (?C?LNEG)
  C:\KEIL_V5\C51\LIB\C51L.LIB (?C?ULCMP)
  C:\KEIL_V5\C51\LIB\C51L.LIB (?C?LSHL)
BL51 BANKED LINKER/LOCATER V6.22                                                      05/22/2019  12:01:23  PAGE 2


  C:\KEIL_V5\C51\LIB\C51L.LIB (?C?LLDPTR)
  C:\KEIL_V5\C51\LIB\C51L.LIB (?C?LLDOPTR)
  C:\KEIL_V5\C51\LIB\C51L.LIB (?C?LSTPTR)
  C:\KEIL_V5\C51\LIB\C51L.LIB (?C?LSTOPTR)
  C:\KEIL_V5\C51\LIB\C51L.LIB (?C?LLDXDATA)
  C:\KEIL_V5\C51\LIB\C51L.LIB (?C?LLDCODE)
  C:\KEIL_V5\C51\LIB\C51L.LIB (?C?LLDXDATA0)
  C:\KEIL_V5\C51\LIB\C51L.LIB (?C?LLDCODE0)
  C:\KEIL_V5\C51\LIB\C51L.LIB (?C?LLDPTR0)
  C:\KEIL_V5\C51\LIB\C51L.LIB (?C?LSTXDATA)
  C:\KEIL_V5\C51\LIB\C51L.LIB (?C?LSTKXDATA)
  C:\KEIL_V5\C51\LIB\C51L.LIB (?C?LSTKPTR)
  C:\KEIL_V5\C51\LIB\C51L.LIB (?C?OFFXADD)
  C:\KEIL_V5\C51\LIB\C51L.LIB (ATOI)
  C:\KEIL_V5\C51\LIB\C51L.LIB (?C?IILDX)
  C:\KEIL_V5\C51\LIB\C51L.LIB (?C?ULDIV)
  C:\KEIL_V5\C51\LIB\C51L.LIB (?C?LLDIDATA)
  C:\KEIL_V5\C51\LIB\C51L.LIB (?C?LLDPDATA)
  C:\KEIL_V5\C51\LIB\C51L.LIB (?C?LLDIDATA0)
  C:\KEIL_V5\C51\LIB\C51L.LIB (?C?LLDPDATA0)
  C:\KEIL_V5\C51\LIB\C51L.LIB (?C?LSTIDATA)
  C:\KEIL_V5\C51\LIB\C51L.LIB (?C?LSTPDATA)
  C:\KEIL_V5\C51\LIB\C51L.LIB (?C?LSTKIDATA)
  C:\KEIL_V5\C51\LIB\C51L.LIB (?C?LSTKPDATA)
  C:\KEIL_V5\C51\LIB\C51L.LIB (ISDIGIT)
  C:\KEIL_V5\C51\LIB\C51L.LIB (ISSPACE)


LINK MAP OF MODULE:  .\Obj\GPIO_RTC_Test (MAIN)


            TYPE    BASE      LENGTH    RELOCATION   SEGMENT NAME
            -----------------------------------------------------

            * * * * * * *   D A T A   M E M O R Y   * * * * * * *
            REG     0000H     0008H     ABSOLUTE     "REG BANK 0"
                    0008H     0018H                  *** GAP ***
            BIT     0020H.0   0000H.4   UNIT         _BIT_GROUP_
            BIT     0020H.4   0000H.1   UNIT         ?BI?MAIN
            BIT     0020H.5   0000H.1   UNIT         ?BI?_ATOI?ATOI
                    0020H.6   0000H.2                *** GAP ***
            IDATA   0021H     0001H     UNIT         ?STACK

            * * * * * * *  X D A T A   M E M O R Y  * * * * * * *
            XDATA   0000H     03C1H     UNIT         ?XD?BIPOLARMOTOR
            XDATA   03C1H     0127H     UNIT         _XDATA_GROUP_
            XDATA   04E8H     00FCH     UNIT         ?XD?MAIN
            XDATA   05E4H     0019H     UNIT         ?XD?KEYPAD
            XDATA   05FDH     0008H     UNIT         ?XD?_AT25SF041_READ?AT25SF041
            XDATA   0605H     0005H     UNIT         ?XD?_ATOI?ATOI
            XDATA   060AH     0003H     UNIT         ?XD?_SENDSTRING?UART1
            XDATA   060DH     0001H     UNIT         ?XD?UC_ACK?IOEXPANDER_PI4IOE5V96248
            XDATA   060EH     0001H     UNIT         ?XD?UC_NACK?IOEXPANDER_PI4IOE5V96248

            * * * * * * *   C O D E   M E M O R Y   * * * * * * *
            CODE    0000H     0003H     ABSOLUTE     
            CODE    0003H     0003H     ABSOLUTE     
BL51 BANKED LINKER/LOCATER V6.22                                                      05/22/2019  12:01:23  PAGE 3


            CODE    0006H     0005H     UNIT         ?PR?_UNIT?UART1
            CODE    000BH     0003H     ABSOLUTE     
            CODE    000EH     000DH     UNIT         ?PR?SPI_INIT?PCF85063BTL
            CODE    001BH     0003H     ABSOLUTE     
            CODE    001EH     0B87H     UNIT         ?PR?MAIN?MAIN
            CODE    0BA5H     09D0H     UNIT         ?C?LIB_CODE
            CODE    1575H     07A2H     UNIT         ?PR?SUNPOS?SUNPOS
            CODE    1D17H     063CH     UNIT         ?PR?_UPDATE_POSITION?BIPOLARMOTOR
            CODE    2353H     04FBH     UNIT         ?PR?_THEORICALJP_POSITION?BIPOLARMOTOR
            CODE    284EH     0494H     UNIT         ?PR?_FIND_REAL_MAX?CALIBRATION
            CODE    2CE2H     040EH     UNIT         ?C_INITSEG
            CODE    30F0H     038CH     UNIT         ?PR?KEY_PROCESS?KEYPAD
            CODE    347CH     0380H     UNIT         ?PR?_ELEVATION_CALCULATION?BIPOLARMOTOR
            CODE    37FCH     01C0H     UNIT         ?PR?_CALIBRATION?CALIBRATION
            CODE    39BCH     018DH     UNIT         ?PR?KEY_SCAN?KEYPAD
            CODE    3B49H     0189H     UNIT         ?PR?SPI_NOR_WRITE_DATA?AT25SF041
            CODE    3CD2H     0188H     UNIT         ?PR?SIN?SIN
            CODE    3E5AH     0166H     UNIT         ?PR?_POW?POW
            CODE    3FC0H     0155H     UNIT         ?PR?_DISPLAY_POS?LCD_DRIVER_SPLC780D
            CODE    4115H     0129H     UNIT         ?PR?LOG?LOG
            CODE    423EH     0122H     UNIT         ?PR?ATAN?ATAN
            CODE    4360H     0110H     UNIT         ?PR?_AT25SF041_READ?AT25SF041
            CODE    4470H     0102H     UNIT         ?PR?_AT25SF041_WRITE?AT25SF041
            CODE    4572H     00F5H     UNIT         ?PR?EXINT0?MAIN
            CODE    4667H     00DBH     UNIT         ?PR?_ATOI?ATOI
            CODE    4742H     00C3H     UNIT         ?PR?LINEAR_INTERPOLATE?BIPOLARMOTOR
            CODE    4805H     00BBH     UNIT         ?PR?VOLTAGE_IS_STABLE?CALIBRATION
            CODE    48C0H     00ADH     UNIT         ?PR?_WRITE_PI4IOE5V96248?IOEXPANDER_PI4IOE5V96248
            CODE    496DH     00ACH     UNIT         ?PR?SQRT?SQRT
            CODE    4A19H     00A1H     UNIT         ?PR?UCREAD_STATUS_REGISTER_BYTE1?AT25SF041
            CODE    4ABAH     009DH     UNIT         ?PR?_ATAN2?ATAN2
            CODE    4B57H     009CH     UNIT         ?PR?_MAX_VALUE?CALIBRATION
            CODE    4BF3H     009AH     UNIT         ?PR?EXP?EXP
            CODE    4C8DH     008CH     UNIT         ?C_C51STARTUP
            CODE    4D19H     0088H     UNIT         ?PR?_DAY_OF_YEAR?PCF85063BTL
            CODE    4DA1H     0079H     UNIT         ?PR?_WRITEDATA?LCD_DRIVER_SPLC780D
            CODE    4E1AH     0072H     UNIT         ?PR?AT25SF041_WRITEENABLE?AT25SF041
            CODE    4E8CH     006FH     UNIT         ?PR?_READ_TIME?PCF85063BTL
            CODE    4EFBH     006BH     UNIT         ?PR?_STEP_MOVE?BIPOLARMOTOR
            CODE    4F66H     005AH     UNIT         ?PR?AT25SF041_CHIPERASE?AT25SF041
            CODE    4FC0H     0059H     UNIT         ?PR?LCD_INIT?LCD_DRIVER_SPLC780D
            CODE    5019H     004AH     UNIT         ?PR?VONESTEPMOVE?BIPOLARMOTOR
            CODE    5063H     004AH     UNIT         ?PR?ACOS?ACOS
            CODE    50ADH     0044H     UNIT         ?C?LDIV
            CODE    50F1H     0040H     UNIT         ?PR?_COMMAND?LCD_DRIVER_SPLC780D
            CODE    5131H     003BH     UNIT         ?PR?ASIN?ASIN
            CODE    516CH     0033H     UNIT         ?PR?_SENDSTRING?UART1
            CODE    519FH     002BH     UNIT         ?PR?_WAIT_MS_I2C?IOEXPANDER_PI4IOE5V96248
            CODE    51CAH     002BH     UNIT         ?PR?_WAIT_MS_SPINOR?AT25SF041
            CODE    51F5H     002AH     UNIT         ?PR?_ADC_GETRESULT?ADC
            CODE    521FH     0028H     UNIT         ?PR?_MOVE?BIPOLARMOTOR
            CODE    5247H     0027H     UNIT         ?PR?_I2C_SENDBYTE?IOEXPANDER_PI4IOE5V96248
            CODE    526EH     0025H     UNIT         ?PR?_FINDCLOSESTSAMEDAYCALIBTIME?CALIBRATION
            CODE    5293H     0024H     UNIT         ?PR?_WAIT_MS?LCD_DRIVER_SPLC780D
            CODE    52B7H     0021H     UNIT         ?PR?TM0_ISR?MAIN
            CODE    52D8H     0020H     UNIT         ?PR?_SPI_SENDBYTE?PCF85063BTL
            CODE    52F8H     0020H     UNIT         ?PR?SPI_RECEIVEBYTE?PCF85063BTL
BL51 BANKED LINKER/LOCATER V6.22                                                      05/22/2019  12:01:23  PAGE 4


            CODE    5318H     001EH     UNIT         ?PR?_DELAY_MS?KEYPAD
            CODE    5336H     001DH     UNIT         ?PR?_DISPLAYLCD?LCD_DRIVER_SPLC780D
            CODE    5353H     001BH     UNIT         ?PR?_BCDTODEC1?BIPOLARMOTOR
            CODE    536EH     001AH     UNIT         ?PR?ADC_INIT?ADC
            CODE    5388H     0018H     UNIT         ?PR?_SPI_WRITETIME?PCF85063BTL
            CODE    53A0H     0017H     UNIT         ?PR?_ASCIITOBCD?UART1
            CODE    53B7H     0016H     UNIT         ?PR?I2C_ACK?IOEXPANDER_PI4IOE5V96248
            CODE    53CDH     0015H     UNIT         ?PR?_DISPLAY_LINE?LCD_DRIVER_SPLC780D
            CODE    53E2H     0015H     UNIT         ?PR?VSETLOCATION?BIPOLARMOTOR
            CODE    53F7H     0015H     UNIT         ?PR?I2C_STOP?IOEXPANDER_PI4IOE5V96248
            CODE    540CH     0014H     UNIT         ?PR?_PCF85063BTL_DELAY?PCF85063BTL
            CODE    5420H     0014H     UNIT         ?PR?_ABS?LCD_DRIVER_SPLC780D
            CODE    5434H     0014H     UNIT         ?PR?_ISSPACE?ISSPACE
            CODE    5448H     0011H     UNIT         ?PR?_SPI_READTIME?PCF85063BTL
            CODE    5459H     0011H     UNIT         ?PR?_BCDTODEC?PCF85063BTL
            CODE    546AH     0011H     UNIT         ?PR?INITUART1?UART1
            CODE    547BH     000FH     UNIT         ?PR?I2C_START?IOEXPANDER_PI4IOE5V96248
            CODE    548AH     000FH     UNIT         ?PR?UC_NACK?IOEXPANDER_PI4IOE5V96248
            CODE    5499H     000FH     UNIT         ?PR?_ISDIGIT?ISDIGIT
            CODE    54A8H     000CH     UNIT         ?PR?KEYPAD_IO_INIT?KEYPAD
            CODE    54B4H     000AH     UNIT         ?PR?LCD_RETURN_HOME?LCD_DRIVER_SPLC780D
            CODE    54BEH     000AH     UNIT         ?PR?LCD_CLEAR?LCD_DRIVER_SPLC780D
            CODE    54C8H     0009H     UNIT         ?PR?TM1_ISR?MAIN
            CODE    54D1H     0006H     UNIT         ?PR?_TEN?UART1
            CODE    54D7H     0006H     UNIT         ?PR?UC_ACK?IOEXPANDER_PI4IOE5V96248
            CODE    54DDH     0005H     UNIT         ?PR?_ASCII_LETTER?UART1
            CODE    54E2H     0001H     UNIT         ?PR?_DECTOBCD?UART1
            CODE    54E3H     0001H     UNIT         ?PR?NOP?IOEXPANDER_PI4IOE5V96248



OVERLAY MAP OF MODULE:   .\Obj\GPIO_RTC_Test (MAIN)


SEGMENT                                             BIT_GROUP          XDATA_GROUP
  +--> CALLED SEGMENT                            START    LENGTH     START    LENGTH
------------------------------------------------------------------------------------
?PR?EXINT0?MAIN                                  -----    -----      -----    -----
  +--> ?PR?_POW?POW

?PR?_POW?POW                                     -----    -----      03C1H    000AH
  +--> ?PR?LOG?LOG
  +--> ?PR?EXP?EXP

?PR?LOG?LOG                                      0020H.0  0000H.1    03CBH    0004H

*** NEW ROOT ***************************************************

?C_C51STARTUP                                    -----    -----      -----    -----
  +--> ?PR?MAIN?MAIN
  +--> ?C_INITSEG

?PR?MAIN?MAIN                                    -----    -----      03CFH    002EH
  +--> ?PR?LCD_INIT?LCD_DRIVER_SPLC780D
  +--> ?PR?SPI_INIT?PCF85063BTL
  +--> ?PR?KEYPAD_IO_INIT?KEYPAD
  +--> ?PR?ADC_INIT?ADC
BL51 BANKED LINKER/LOCATER V6.22                                                      05/22/2019  12:01:23  PAGE 5


  +--> ?PR?VSETLOCATION?BIPOLARMOTOR
  +--> ?PR?_DISPLAY_LINE?LCD_DRIVER_SPLC780D
  +--> ?PR?_WRITEDATA?LCD_DRIVER_SPLC780D
  +--> ?PR?KEY_PROCESS?KEYPAD
  +--> ?PR?_COMMAND?LCD_DRIVER_SPLC780D
  +--> ?PR?_DISPLAY_POS?LCD_DRIVER_SPLC780D
  +--> ?PR?_DISPLAYLCD?LCD_DRIVER_SPLC780D
  +--> ?PR?_STEP_MOVE?BIPOLARMOTOR
  +--> ?PR?LCD_RETURN_HOME?LCD_DRIVER_SPLC780D
  +--> ?PR?_READ_TIME?PCF85063BTL
  +--> ?PR?_BCDTODEC1?BIPOLARMOTOR
  +--> ?PR?_ELEVATION_CALCULATION?BIPOLARMOTOR
  +--> ?PR?_CALIBRATION?CALIBRATION
  +--> ?PR?AT25SF041_WRITEENABLE?AT25SF041
  +--> ?PR?_AT25SF041_WRITE?AT25SF041
  +--> ?PR?_WAIT_MS_SPINOR?AT25SF041
  +--> ?PR?_UPDATE_POSITION?BIPOLARMOTOR
  +--> ?PR?_ADC_GETRESULT?ADC
  +--> ?PR?SPI_NOR_WRITE_DATA?AT25SF041
  +--> ?PR?LINEAR_INTERPOLATE?BIPOLARMOTOR
  +--> ?PR?_FINDCLOSESTSAMEDAYCALIBTIME?CALI...
  +--> ?PR?LCD_CLEAR?LCD_DRIVER_SPLC780D
  +--> ?PR?AT25SF041_CHIPERASE?AT25SF041

?PR?LCD_INIT?LCD_DRIVER_SPLC780D                 -----    -----      -----    -----
  +--> ?PR?_WAIT_MS?LCD_DRIVER_SPLC780D
  +--> ?PR?_COMMAND?LCD_DRIVER_SPLC780D

?PR?_COMMAND?LCD_DRIVER_SPLC780D                 -----    -----      -----    -----
  +--> ?PR?_WAIT_MS?LCD_DRIVER_SPLC780D

?PR?_DISPLAY_LINE?LCD_DRIVER_SPLC780D            -----    -----      -----    -----
  +--> ?PR?_COMMAND?LCD_DRIVER_SPLC780D

?PR?_WRITEDATA?LCD_DRIVER_SPLC780D               -----    -----      04E7H    0001H
  +--> ?PR?_WAIT_MS?LCD_DRIVER_SPLC780D

?PR?KEY_PROCESS?KEYPAD                           -----    -----      03FDH    0006H
  +--> ?PR?KEY_SCAN?KEYPAD
  +--> ?PR?_SPI_WRITETIME?PCF85063BTL
  +--> ?PR?LCD_CLEAR?LCD_DRIVER_SPLC780D
  +--> ?PR?_COMMAND?LCD_DRIVER_SPLC780D
  +--> ?PR?_WRITEDATA?LCD_DRIVER_SPLC780D

?PR?KEY_SCAN?KEYPAD                              -----    -----      0403H    0003H

?PR?_SPI_WRITETIME?PCF85063BTL                   -----    -----      -----    -----
  +--> ?PR?_SPI_SENDBYTE?PCF85063BTL

?PR?_SPI_SENDBYTE?PCF85063BTL                    -----    -----      -----    -----
  +--> ?PR?_PCF85063BTL_DELAY?PCF85063BTL

?PR?LCD_CLEAR?LCD_DRIVER_SPLC780D                -----    -----      -----    -----
  +--> ?PR?_COMMAND?LCD_DRIVER_SPLC780D

?PR?_DISPLAY_POS?LCD_DRIVER_SPLC780D             -----    -----      04DCH    000BH
  +--> ?PR?_ABS?LCD_DRIVER_SPLC780D
BL51 BANKED LINKER/LOCATER V6.22                                                      05/22/2019  12:01:23  PAGE 6


  +--> ?PR?_WRITEDATA?LCD_DRIVER_SPLC780D

?PR?_DISPLAYLCD?LCD_DRIVER_SPLC780D              -----    -----      04E4H    0001H
  +--> ?PR?_WRITEDATA?LCD_DRIVER_SPLC780D

?PR?_STEP_MOVE?BIPOLARMOTOR                      0020H.2  0000H.1    04E0H    0004H
  +--> ?PR?VONESTEPMOVE?BIPOLARMOTOR
  +--> ?PR?_DISPLAY_LINE?LCD_DRIVER_SPLC780D
  +--> ?PR?_DISPLAYLCD?LCD_DRIVER_SPLC780D
  +--> ?PR?_WRITEDATA?LCD_DRIVER_SPLC780D

?PR?VONESTEPMOVE?BIPOLARMOTOR                    0020H.3  0000H.1    -----    -----
  +--> ?PR?_WRITE_PI4IOE5V96248?IOEXPANDER_P...
  +--> ?PR?_DELAY_MS?KEYPAD

?PR?_WRITE_PI4IOE5V96248?IOEXPANDER_P...         -----    -----      04E4H    0003H
  +--> ?PR?I2C_START?IOEXPANDER_PI4IOE5V96248
  +--> ?PR?_WAIT_MS_I2C?IOEXPANDER_PI4IOE5V9...
  +--> ?PR?_I2C_SENDBYTE?IOEXPANDER_PI4IOE5V...
  +--> ?PR?I2C_ACK?IOEXPANDER_PI4IOE5V96248
  +--> ?PR?I2C_STOP?IOEXPANDER_PI4IOE5V96248

?PR?I2C_START?IOEXPANDER_PI4IOE5V96248           -----    -----      -----    -----
  +--> ?PR?_WAIT_MS_I2C?IOEXPANDER_PI4IOE5V9...

?PR?_I2C_SENDBYTE?IOEXPANDER_PI4IOE5V...         -----    -----      -----    -----
  +--> ?PR?_WAIT_MS_I2C?IOEXPANDER_PI4IOE5V9...

?PR?I2C_ACK?IOEXPANDER_PI4IOE5V96248             -----    -----      04E7H    0001H
  +--> ?PR?_WAIT_MS_I2C?IOEXPANDER_PI4IOE5V9...

?PR?I2C_STOP?IOEXPANDER_PI4IOE5V96248            -----    -----      -----    -----
  +--> ?PR?_WAIT_MS_I2C?IOEXPANDER_PI4IOE5V9...

?PR?LCD_RETURN_HOME?LCD_DRIVER_SPLC780D          -----    -----      -----    -----
  +--> ?PR?_COMMAND?LCD_DRIVER_SPLC780D

?PR?_READ_TIME?PCF85063BTL                       -----    -----      03FDH    000FH
  +--> ?PR?_SPI_READTIME?PCF85063BTL

?PR?_SPI_READTIME?PCF85063BTL                    -----    -----      -----    -----
  +--> ?PR?_SPI_SENDBYTE?PCF85063BTL
  +--> ?PR?SPI_RECEIVEBYTE?PCF85063BTL

?PR?SPI_RECEIVEBYTE?PCF85063BTL                  -----    -----      -----    -----
  +--> ?PR?_PCF85063BTL_DELAY?PCF85063BTL

?PR?_ELEVATION_CALCULATION?BIPOLARMOTOR          -----    -----      03FDH    0005H
  +--> ?PR?_BCDTODEC1?BIPOLARMOTOR
  +--> ?PR?SUNPOS?SUNPOS
  +--> ?PR?SIN?SIN
  +--> ?PR?ASIN?ASIN

?PR?SUNPOS?SUNPOS                                -----    -----      0447H    005DH
  +--> ?PR?SIN?SIN
  +--> ?PR?_ATAN2?ATAN2
  +--> ?PR?ASIN?ASIN
BL51 BANKED LINKER/LOCATER V6.22                                                      05/22/2019  12:01:23  PAGE 7


  +--> ?PR?ACOS?ACOS

?PR?SIN?SIN                                      0020H.1  0000H.1    04A4H    0004H

?PR?_ATAN2?ATAN2                                 -----    -----      04A4H    0008H
  +--> ?PR?ATAN?ATAN

?PR?ATAN?ATAN                                    0020H.1  0000H.2    04ACH    0004H

?PR?ASIN?ASIN                                    -----    -----      -----    -----
  +--> ?PR?SQRT?SQRT
  +--> ?PR?ATAN?ATAN

?PR?SQRT?SQRT                                    -----    -----      04A4H    0004H

?PR?ACOS?ACOS                                    -----    -----      -----    -----
  +--> ?PR?SQRT?SQRT
  +--> ?PR?ATAN?ATAN

?PR?_CALIBRATION?CALIBRATION                     -----    -----      03FDH    0024H
  +--> ?PR?VOLTAGE_IS_STABLE?CALIBRATION
  +--> ?PR?_UPDATE_POSITION?BIPOLARMOTOR
  +--> ?PR?_FIND_REAL_MAX?CALIBRATION

?PR?VOLTAGE_IS_STABLE?CALIBRATION                -----    -----      0421H    0018H
  +--> ?PR?_ADC_GETRESULT?ADC
  +--> ?PR?_ABS?LCD_DRIVER_SPLC780D

?PR?_UPDATE_POSITION?BIPOLARMOTOR                -----    -----      0421H    0026H
  +--> ?PR?_BCDTODEC1?BIPOLARMOTOR
  +--> ?PR?SUNPOS?SUNPOS
  +--> ?PR?SIN?SIN
  +--> ?PR?ASIN?ASIN
  +--> ?PR?_THEORICALJP_POSITION?BIPOLARMOTOR
  +--> ?PR?_ABS?LCD_DRIVER_SPLC780D
  +--> ?PR?_MOVE?BIPOLARMOTOR

?PR?_THEORICALJP_POSITION?BIPOLARMOTOR           -----    -----      0447H    005CH
  +--> ?PR?LINEAR_INTERPOLATE?BIPOLARMOTOR

?PR?LINEAR_INTERPOLATE?BIPOLARMOTOR              -----    -----      04A3H    0014H

?PR?_MOVE?BIPOLARMOTOR                           0020H.1  0000H.1    04DCH    0004H
  +--> ?PR?_STEP_MOVE?BIPOLARMOTOR

?PR?_FIND_REAL_MAX?CALIBRATION                   -----    -----      0421H    00BBH
  +--> ?PR?_ADC_GETRESULT?ADC
  +--> ?PR?_WAIT_MS?LCD_DRIVER_SPLC780D
  +--> ?PR?AT25SF041_WRITEENABLE?AT25SF041
  +--> ?PR?_AT25SF041_WRITE?AT25SF041
  +--> ?PR?_WAIT_MS_SPINOR?AT25SF041
  +--> ?PR?_COMMAND?LCD_DRIVER_SPLC780D
  +--> ?PR?_WRITEDATA?LCD_DRIVER_SPLC780D
  +--> ?PR?_DISPLAY_POS?LCD_DRIVER_SPLC780D
  +--> ?PR?_MOVE?BIPOLARMOTOR
  +--> ?PR?_MAX_VALUE?CALIBRATION

BL51 BANKED LINKER/LOCATER V6.22                                                      05/22/2019  12:01:23  PAGE 8


?PR?AT25SF041_WRITEENABLE?AT25SF041              -----    -----      04DCH    0002H
  +--> ?PR?_WAIT_MS_SPINOR?AT25SF041
  +--> ?PR?UCREAD_STATUS_REGISTER_BYTE1?AT25...

?PR?UCREAD_STATUS_REGISTER_BYTE1?AT25...         -----    -----      04E4H    0003H
  +--> ?PR?_WAIT_MS_SPINOR?AT25SF041

?PR?_AT25SF041_WRITE?AT25SF041                   -----    -----      04DCH    0008H
  +--> ?PR?_WAIT_MS_SPINOR?AT25SF041
  +--> ?PR?UCREAD_STATUS_REGISTER_BYTE1?AT25...

?PR?_MAX_VALUE?CALIBRATION                       -----    -----      04DCH    0004H

?PR?SPI_NOR_WRITE_DATA?AT25SF041                 -----    -----      03FDH    000EH
  +--> ?PR?AT25SF041_WRITEENABLE?AT25SF041
  +--> ?PR?_AT25SF041_WRITE?AT25SF041
  +--> ?PR?_WAIT_MS_SPINOR?AT25SF041

?PR?AT25SF041_CHIPERASE?AT25SF041                -----    -----      03FDH    0002H
  +--> ?PR?_WAIT_MS_SPINOR?AT25SF041
  +--> ?PR?UCREAD_STATUS_REGISTER_BYTE1?AT25...



UNRESOLVED EXTERNAL SYMBOLS:
   ENABLE_EXTINT0
   SI1120_CONFIG_MODE_VIRH
   _SENDUART1



SYMBOL TABLE OF MODULE:  .\Obj\GPIO_RTC_Test (MAIN)

  VALUE           TYPE          NAME
  ----------------------------------

  -------         MODULE        MAIN
  C:0000H         SYMBOL        _ICE_DUMMY_
  X:04F0H         PUBLIC        calib_value
  D:0080H         PUBLIC        P0
  D:00B2H         PUBLIC        P3M0
  D:0090H         PUBLIC        P1
  D:00B1H         PUBLIC        P3M1
  D:00A0H         PUBLIC        P2
  D:00B0H         PUBLIC        P3
  D:00C0H         PUBLIC        P4
  D:00C8H         PUBLIC        P5
  X:0544H         SYMBOL        PressedKey
  B:00A8H.7       PUBLIC        EA
  D:00E8H         PUBLIC        P6
  X:0548H         PUBLIC        calib_stamp
  D:00F8H         PUBLIC        P7
  X:0549H         PUBLIC        calib_bool
  X:0573H         PUBLIC        pwm_time_min
  D:00A8H         PUBLIC        IE
  X:0577H         PUBLIC        calib_time
  X:05CBH         PUBLIC        pwm_time_max
BL51 BANKED LINKER/LOCATER V6.22                                                      05/22/2019  12:01:23  PAGE 9


  D:00B8H         PUBLIC        IP
  B:00B0H.2       PUBLIC        INT0
  D:00D8H         PUBLIC        CCON
  C:001EH         PUBLIC        main
  X:05CFH         PUBLIC        count
  D:0098H         PUBLIC        SCON
  D:0089H         PUBLIC        TMOD
  D:0088H         PUBLIC        TCON
  B:00A0H.3       PUBLIC        P23
  X:05D1H         SYMBOL        KeyCount
  B:00C8H.5       PUBLIC        P55
  D:008EH         PUBLIC        AUXR
  C:52B7H         PUBLIC        tm0_isr
  B:0090H.5       PUBLIC        SI1120_STX
  C:54C8H         PUBLIC        tm1_isr
  B:0020H.4       PUBLIC        busy
  B:00A8H.1       PUBLIC        ET0
  B:00A8H.3       PUBLIC        ET1
  X:05D3H         PUBLIC        SPI_NOR_INTERNAL_FLASH_ADDR
  D:008CH         PUBLIC        TH0
  D:008DH         PUBLIC        TH1
  D:008AH         PUBLIC        TL0
  D:008BH         PUBLIC        TL1
  B:0088H.4       PUBLIC        TR0
  B:0088H.6       PUBLIC        TR1
  C:4572H         PUBLIC        exint0
  X:05D7H         SYMBOL        KeyNum
  X:05D8H         SYMBOL        KeyNum_Old
  X:05D9H         PUBLIC        timer0_count
  X:05DBH         PUBLIC        current_position
  X:05DFH         PUBLIC        pwm_time
  X:05E3H         PUBLIC        start_timer0_count
  D:00D0H         PUBLIC        PSW
  -------         PROC          TM0_ISR
  C:52B7H         LINE#         94
  C:52BDH         LINE#         98
  C:52C0H         LINE#         99
  C:52C3H         LINE#         100
  C:52D1H         LINE#         101
  -------         ENDPROC       TM0_ISR
  -------         PROC          TM1_ISR
  C:54C8H         LINE#         102
  C:54C8H         LINE#         104
  C:54CAH         LINE#         106
  C:54CDH         LINE#         107
  C:54D0H         LINE#         108
  -------         ENDPROC       TM1_ISR
  -------         PROC          EXINT0
  C:4572H         LINE#         109
  C:458FH         LINE#         113
  C:4592H         LINE#         114
  C:4592H         LINE#         115
  C:4595H         LINE#         116
  C:4598H         LINE#         117
  C:459AH         LINE#         118
  C:459CH         LINE#         122
  C:459FH         LINE#         125
BL51 BANKED LINKER/LOCATER V6.22                                                      05/22/2019  12:01:23  PAGE 10


  C:459FH         LINE#         126
  C:45A1H         LINE#         128
  C:45ADH         LINE#         129
  C:4607H         LINE#         130
  C:4645H         LINE#         131
  C:464CH         LINE#         136
  C:464CH         LINE#         138
  -------         ENDPROC       EXINT0
  -------         PROC          MAIN
  -------         DO            
  X:04E8H         SYMBOL        KeyCount
  X:04EAH         SYMBOL        KeyNum_Old
  X:04EBH         SYMBOL        KeyNum
  X:04ECH         SYMBOL        PressedKey
  X:03CFH         SYMBOL        prox_flag
  X:03D0H         SYMBOL        iUse_prevday_calib_value
  X:03D2H         SYMBOL        max_ADC_Val_JP
  X:03D4H         SYMBOL        max_ADC_Val
  X:03D6H         SYMBOL        calib_point1
  X:03DEH         SYMBOL        calib_point2
  X:03E6H         SYMBOL        dat_to_store
  X:03F1H         SYMBOL        calib_day
  X:03F3H         SYMBOL        calib_count
  X:03F5H         SYMBOL        theorical_JP_max_pos
  X:03F9H         SYMBOL        elevation
  -------         ENDDO         
  C:001EH         LINE#         140
  C:001EH         LINE#         141
  C:001EH         LINE#         146
  C:0024H         LINE#         147
  C:0029H         LINE#         149
  C:0031H         LINE#         153
  C:0037H         LINE#         154
  C:0041H         LINE#         161
  C:0049H         LINE#         162
  C:0050H         LINE#         163
  C:0056H         LINE#         165
  C:005CH         LINE#         174
  C:005EH         LINE#         175
  C:0061H         LINE#         176
  C:0064H         LINE#         177
  C:0067H         LINE#         178
  C:006AH         LINE#         179
  C:006DH         LINE#         182
  C:0070H         LINE#         185
  C:0073H         LINE#         186
  C:0076H         LINE#         188
  C:0079H         LINE#         190
  C:007CH         LINE#         191
  C:007FH         LINE#         192
  C:0082H         LINE#         193
  C:0085H         LINE#         194
  C:0088H         LINE#         195
  C:008BH         LINE#         196
  C:008DH         LINE#         197
  C:008FH         LINE#         199
  C:0091H         LINE#         207
BL51 BANKED LINKER/LOCATER V6.22                                                      05/22/2019  12:01:23  PAGE 11


  C:0097H         LINE#         208
  C:009CH         LINE#         209
  C:00A1H         LINE#         210
  C:00A6H         LINE#         211
  C:00ABH         LINE#         212
  C:00B0H         LINE#         215
  C:00C9H         LINE#         216
  C:00C9H         LINE#         217
  C:00E5H         LINE#         218
  C:012CH         LINE#         219
  C:013DH         LINE#         222
  C:013DH         LINE#         223
  C:013DH         LINE#         224
  C:0140H         LINE#         228
  C:0140H         LINE#         232
  C:0145H         LINE#         233
  C:014AH         LINE#         235
  C:014FH         LINE#         237
  C:0154H         LINE#         238
  C:0159H         LINE#         240
  C:016AH         LINE#         241
  C:016FH         LINE#         242
  C:0174H         LINE#         244
  C:017BH         LINE#         245
  C:0183H         LINE#         246
  C:0188H         LINE#         247
  C:0190H         LINE#         248
  C:0195H         LINE#         249
  C:019FH         LINE#         250
  C:01A4H         LINE#         251
  C:01ACH         LINE#         253
  C:01B4H         LINE#         254
  C:01B9H         LINE#         255
  C:01C3H         LINE#         256
  C:01C3H         LINE#         257
  C:01C5H         LINE#         258
  C:01C7H         LINE#         259
  C:01D1H         LINE#         260
  C:01D1H         LINE#         261
  C:01D6H         LINE#         262
  C:01D6H         LINE#         274
  C:01EAH         LINE#         275
  C:01EAH         LINE#         276
  C:01FFH         LINE#         277
  C:020EH         LINE#         278
  C:020EH         LINE#         279
  C:0221H         LINE#         280
  C:0223H         LINE#         282
  C:0223H         LINE#         283
  C:023FH         LINE#         284
  C:023FH         LINE#         285
  C:0244H         LINE#         286
  C:0244H         LINE#         287
  C:0258H         LINE#         288
  C:0258H         LINE#         291
  C:026DH         LINE#         292
  C:027CH         LINE#         293
BL51 BANKED LINKER/LOCATER V6.22                                                      05/22/2019  12:01:23  PAGE 12


  C:027CH         LINE#         294
  C:028FH         LINE#         295
  C:0291H         LINE#         297
  C:0291H         LINE#         298
  C:02ADH         LINE#         299
  C:02ADH         LINE#         300
  C:02B2H         LINE#         301
  C:02B8H         LINE#         302
  C:02B8H         LINE#         304
  C:02DAH         LINE#         305
  C:02DAH         LINE#         306
  C:02E4H         LINE#         307
  C:02EAH         LINE#         308
  C:02F1H         LINE#         309
  C:02F7H         LINE#         310
  C:02FEH         LINE#         311
  C:02FEH         LINE#         312
  C:0301H         LINE#         314
  C:0301H         LINE#         319
  C:033CH         LINE#         323
  C:0349H         LINE#         324
  C:0349H         LINE#         328
  C:0349H         LINE#         329
  C:0371H         LINE#         330
  C:0371H         LINE#         331
  C:0393H         LINE#         332
  C:0393H         LINE#         334
  C:03BBH         LINE#         343
  C:03BBH         LINE#         344
  C:0437H         LINE#         345
  C:0450H         LINE#         346
  C:04DAH         LINE#         347
  C:04DAH         LINE#         348
  C:04DAH         LINE#         352
  C:04DAH         LINE#         353
  C:04DAH         LINE#         355
  C:04DAH         LINE#         357
  C:04E1H         LINE#         358
  C:04E1H         LINE#         359
  C:04E4H         LINE#         360
  C:0502H         LINE#         361
  C:0509H         LINE#         362
  C:0528H         LINE#         363
  C:0547H         LINE#         365
  C:05C3H         LINE#         366
  C:05DBH         LINE#         369
  C:0633H         LINE#         370
  C:066EH         LINE#         371
  C:067BH         LINE#         372
  C:068BH         LINE#         373
  C:068BH         LINE#         375
  C:0693H         LINE#         376
  C:069BH         LINE#         377
  C:06A3H         LINE#         378
  C:06ABH         LINE#         380
  C:06B9H         LINE#         381
  C:06CFH         LINE#         382
BL51 BANKED LINKER/LOCATER V6.22                                                      05/22/2019  12:01:23  PAGE 13


  C:06FFH         LINE#         383
  C:071FH         LINE#         385
  C:0733H         LINE#         386
  C:0749H         LINE#         387
  C:0779H         LINE#         388
  C:0780H         LINE#         390
  C:07A4H         LINE#         393
  C:07A6H         LINE#         395
  C:07B4H         LINE#         396
  C:07B4H         LINE#         397
  C:07BCH         LINE#         399
  C:07BCH         LINE#         402
  C:07BCH         LINE#         403
  C:07C9H         LINE#         404
  C:07C9H         LINE#         405
  C:07EBH         LINE#         406
  C:07EBH         LINE#         407
  C:0867H         LINE#         408
  C:08BCH         LINE#         409
  C:08BCH         LINE#         411
  C:08BFH         LINE#         415
  C:08BFH         LINE#         418
  C:08E1H         LINE#         419
  C:08E1H         LINE#         420
  C:095DH         LINE#         422
  C:098AH         LINE#         423
  C:09A5H         LINE#         424
  C:09D2H         LINE#         425
  C:0A05H         LINE#         426
  C:0A05H         LINE#         427
  C:0A2FH         LINE#         428
  C:0AC8H         LINE#         429
  C:0ACAH         LINE#         431
  C:0ACAH         LINE#         432
  C:0B2DH         LINE#         433
  C:0B2DH         LINE#         437
  C:0B2DH         LINE#         439
  C:0B2DH         LINE#         440
  C:0B2DH         LINE#         442
  C:0B2DH         LINE#         445
  C:0B49H         LINE#         446
  C:0B4DH         LINE#         448
  C:0B4FH         LINE#         451
  C:0B5EH         LINE#         452
  C:0B5EH         LINE#         453
  C:0B61H         LINE#         454
  C:0B68H         LINE#         455
  C:0B6DH         LINE#         456
  C:0B72H         LINE#         457
  C:0B77H         LINE#         458
  C:0B7CH         LINE#         459
  C:0B81H         LINE#         469
  C:0B84H         LINE#         471
  C:0B87H         LINE#         472
  C:0B8EH         LINE#         473
  C:0B98H         LINE#         474
  C:0B9FH         LINE#         476
BL51 BANKED LINKER/LOCATER V6.22                                                      05/22/2019  12:01:23  PAGE 14


  C:0BA2H         LINE#         485
  C:0BA2H         LINE#         486
  -------         ENDPROC       MAIN
  -------         ENDMOD        MAIN

  -------         MODULE        PCF85063BTL
  C:0000H         SYMBOL        _ICE_DUMMY_
  D:0096H         PUBLIC        P2M0
  D:0080H         PUBLIC        P0
  D:0095H         PUBLIC        P2M1
  D:0090H         PUBLIC        P1
  D:00A0H         PUBLIC        P2
  D:00B0H         PUBLIC        P3
  D:00C0H         PUBLIC        P4
  D:00C8H         PUBLIC        P5
  D:00E8H         PUBLIC        P6
  B:00A0H.1       PUBLIC        PCF85063BTL_SDI
  D:00F8H         PUBLIC        P7
  B:00A0H.2       PUBLIC        PCF85063BTL_SCK
  B:00A0H.1       PUBLIC        PCF85063BTL_SDO
  D:00A8H         PUBLIC        IE
  C:4E8CH         PUBLIC        _Read_time
  C:5412H         PUBLIC        _PCF85063BTL_Delay
  D:00B8H         PUBLIC        IP
  D:00D8H         PUBLIC        CCON
  C:4D19H         PUBLIC        _Day_Of_Year
  C:52F8H         PUBLIC        SPI_ReceiveByte
  D:0098H         PUBLIC        SCON
  D:0088H         PUBLIC        TCON
  C:5459H         PUBLIC        _BCDtoDec
  B:00A0H.0       PUBLIC        PCF85063BTL_CS
  C:5448H         PUBLIC        _SPI_ReadTime
  C:000EH         PUBLIC        SPI_Init
  C:5388H         PUBLIC        _SPI_WriteTime
  C:52D8H         PUBLIC        _SPI_SendByte
  D:00D0H         PUBLIC        PSW
  C:540EH         SYMBOL        L?0048
  -------         PROC          L?0047
  -------         ENDPROC       L?0047
  C:540EH         SYMBOL        L?0048
  -------         PROC          _PCF85063BTL_DELAY
  D:0006H         SYMBOL        us
  C:5412H         LINE#         8
  C:5412H         LINE#         9
  C:5412H         LINE#         10
  C:541CH         LINE#         11
  C:541CH         LINE#         12
  C:541DH         LINE#         13
  C:541FH         LINE#         14
  -------         ENDPROC       _PCF85063BTL_DELAY
  -------         PROC          _SPI_SENDBYTE
  D:0005H         SYMBOL        dat
  -------         DO            
  D:0003H         SYMBOL        i
  -------         ENDDO         
  C:52D8H         LINE#         17
  C:52DAH         LINE#         18
BL51 BANKED LINKER/LOCATER V6.22                                                      05/22/2019  12:01:23  PAGE 15


  C:52DAH         LINE#         20
  C:52DCH         LINE#         21
  C:52DCH         LINE#         22
  C:52DEH         LINE#         23
  C:52E2H         LINE#         24
  C:52E2H         LINE#         25
  C:52E4H         LINE#         26
  C:52E6H         LINE#         28
  C:52E6H         LINE#         29
  C:52E8H         LINE#         30
  C:52E8H         LINE#         31
  C:52EBH         LINE#         32
  C:52EBH         LINE#         33
  C:52EEH         LINE#         34
  C:52F2H         LINE#         35
  C:52F7H         LINE#         36
  -------         ENDPROC       _SPI_SENDBYTE
  -------         PROC          SPI_RECEIVEBYTE
  -------         DO            
  D:0003H         SYMBOL        i
  D:0005H         SYMBOL        dat
  -------         ENDDO         
  C:52F8H         LINE#         39
  C:52F8H         LINE#         40
  C:52F8H         LINE#         42
  C:52FAH         LINE#         44
  C:52FCH         LINE#         45
  C:52FDH         LINE#         46
  C:52FDH         LINE#         47
  C:5301H         LINE#         48
  C:5303H         LINE#         49
  C:5306H         LINE#         51
  C:5309H         LINE#         52
  C:5309H         LINE#         53
  C:530DH         LINE#         54
  C:530DH         LINE#         55
  C:530DH         LINE#         56
  C:5310H         LINE#         57
  C:5315H         LINE#         58
  C:5317H         LINE#         59
  -------         ENDPROC       SPI_RECEIVEBYTE
  -------         PROC          _SPI_READTIME
  D:0007H         SYMBOL        addr
  -------         DO            
  D:0006H         SYMBOL        dat
  -------         ENDDO         
  C:5448H         LINE#         61
  C:5448H         LINE#         62
  C:5448H         LINE#         64
  C:544AH         LINE#         65
  C:544CH         LINE#         66
  C:5453H         LINE#         67
  C:5456H         LINE#         68
  C:5458H         LINE#         69
  C:5458H         LINE#         70
  -------         ENDPROC       _SPI_READTIME
  -------         PROC          _SPI_WRITETIME
BL51 BANKED LINKER/LOCATER V6.22                                                      05/22/2019  12:01:23  PAGE 16


  D:0002H         SYMBOL        val
  D:0005H         SYMBOL        addr
  C:5388H         LINE#         71
  C:538AH         LINE#         72
  C:538AH         LINE#         74
  C:538CH         LINE#         75
  C:5393H         LINE#         76
  C:5398H         LINE#         77
  C:539DH         LINE#         78
  C:539FH         LINE#         79
  -------         ENDPROC       _SPI_WRITETIME
  -------         PROC          SPI_INIT
  C:000EH         LINE#         83
  C:000EH         LINE#         84
  C:000EH         LINE#         89
  C:0011H         LINE#         90
  C:0014H         LINE#         91
  C:0016H         LINE#         92
  C:0018H         LINE#         93
  C:001AH         LINE#         94
  -------         ENDPROC       SPI_INIT
  -------         PROC          _READ_TIME
  X:03FDH         SYMBOL        months
  X:0400H         SYMBOL        days
  X:0403H         SYMBOL        hours
  X:0406H         SYMBOL        mins
  X:0409H         SYMBOL        seconds
  C:4E8CH         LINE#         96
  C:4E97H         LINE#         97
  C:4E97H         LINE#         99
  C:4EABH         LINE#         101
  C:4EBFH         LINE#         103
  C:4ED3H         LINE#         108
  C:4EE7H         LINE#         113
  -------         ENDPROC       _READ_TIME
  -------         PROC          _BCDTODEC
  D:0007H         SYMBOL        bcd
  -------         DO            
  D:0006H         SYMBOL        hi
  D:0007H         SYMBOL        lo
  -------         ENDDO         
  C:5459H         LINE#         119
  C:5459H         LINE#         120
  C:5459H         LINE#         122
  C:545EH         LINE#         123
  C:5462H         LINE#         124
  C:5469H         LINE#         125
  -------         ENDPROC       _BCDTODEC
  -------         PROC          _DAY_OF_YEAR
  D:0007H         SYMBOL        months_bcd
  D:0005H         SYMBOL        days_bcd
  -------         DO            
  D:0004H         SYMBOL        months
  D:0007H         SYMBOL        days
  -------         ENDDO         
  C:4D19H         LINE#         126
  C:4D19H         LINE#         127
BL51 BANKED LINKER/LOCATER V6.22                                                      05/22/2019  12:01:23  PAGE 17


  C:4D19H         LINE#         130
  C:4D1EH         LINE#         132
  C:4D23H         LINE#         134
  C:4D5CH         LINE#         135
  C:4D5CH         LINE#         136
  C:4D5CH         LINE#         137
  C:4D5FH         LINE#         138
  C:4D5FH         LINE#         139
  C:4D5FH         LINE#         140
  C:4D64H         LINE#         141
  C:4D64H         LINE#         142
  C:4D64H         LINE#         143
  C:4D69H         LINE#         144
  C:4D69H         LINE#         145
  C:4D69H         LINE#         146
  C:4D6EH         LINE#         147
  C:4D6EH         LINE#         148
  C:4D6EH         LINE#         149
  C:4D73H         LINE#         150
  C:4D73H         LINE#         151
  C:4D73H         LINE#         152
  C:4D78H         LINE#         153
  C:4D78H         LINE#         154
  C:4D78H         LINE#         155
  C:4D7DH         LINE#         156
  C:4D7DH         LINE#         157
  C:4D7DH         LINE#         158
  C:4D82H         LINE#         159
  C:4D82H         LINE#         160
  C:4D82H         LINE#         161
  C:4D8AH         LINE#         162
  C:4D8AH         LINE#         163
  C:4D8AH         LINE#         164
  C:4D8FH         LINE#         165
  C:4D8FH         LINE#         166
  C:4D8FH         LINE#         167
  C:4D94H         LINE#         168
  C:4D94H         LINE#         169
  C:4D94H         LINE#         170
  C:4D9DH         LINE#         171
  C:4D9DH         LINE#         172
  C:4D9DH         LINE#         173
  C:4DA0H         LINE#         174
  C:4DA0H         LINE#         175
  -------         ENDPROC       _DAY_OF_YEAR
  -------         ENDMOD        PCF85063BTL

  -------         MODULE        UART1
  C:0000H         SYMBOL        _ICE_DUMMY_
  D:0080H         PUBLIC        P0
  D:0090H         PUBLIC        P1
  D:00A0H         PUBLIC        P2
  D:00B0H         PUBLIC        P3
  D:00C0H         PUBLIC        P4
  D:00C8H         PUBLIC        P5
  B:00A8H.7       PUBLIC        EA
  D:00E8H         PUBLIC        P6
BL51 BANKED LINKER/LOCATER V6.22                                                      05/22/2019  12:01:23  PAGE 18


  D:00F8H         PUBLIC        P7
  C:516CH         PUBLIC        _SendString
  D:00A8H         PUBLIC        IE
  B:00A8H.4       PUBLIC        ES
  D:00B8H         PUBLIC        IP
  C:53A0H         PUBLIC        _ASCIItoBCD
  D:00D8H         PUBLIC        CCON
  C:546AH         PUBLIC        initUART1
  D:0098H         PUBLIC        SCON
  D:0088H         PUBLIC        TCON
  C:54E2H         PUBLIC        _DectoBCD
  C:54DDH         PUBLIC        _ASCII_Letter
  D:008EH         PUBLIC        AUXR
  C:0006H         PUBLIC        _unit
  C:54D1H         PUBLIC        _ten
  D:00D6H         PUBLIC        T2H
  D:00D7H         PUBLIC        T2L
  D:00D0H         PUBLIC        PSW
  -------         PROC          INITUART1
  C:546AH         LINE#         21
  C:546AH         LINE#         22
  C:546AH         LINE#         23
  C:546DH         LINE#         24
  C:5470H         LINE#         25
  C:5473H         LINE#         26
  C:5476H         LINE#         27
  C:5478H         LINE#         28
  C:547AH         LINE#         30
  -------         ENDPROC       INITUART1
  -------         PROC          _SENDSTRING
  X:060AH         SYMBOL        s
  C:516CH         LINE#         35
  C:5177H         LINE#         36
  C:5177H         LINE#         37
  C:5187H         LINE#         38
  C:5187H         LINE#         39
  C:519CH         LINE#         40
  C:519EH         LINE#         41
  -------         ENDPROC       _SENDSTRING
  -------         PROC          _TEN
  D:0007H         SYMBOL        BCD
  C:54D1H         LINE#         43
  C:54D1H         LINE#         44
  C:54D1H         LINE#         45
  C:54D6H         LINE#         46
  -------         ENDPROC       _TEN
  -------         PROC          _UNIT
  D:0007H         SYMBOL        BCD
  C:0006H         LINE#         47
  C:0006H         LINE#         48
  C:0006H         LINE#         52
  C:000AH         LINE#         53
  -------         ENDPROC       _UNIT
  -------         PROC          _DECTOBCD
  D:0007H         SYMBOL        dec
  C:54E2H         LINE#         54
  C:54E2H         LINE#         55
BL51 BANKED LINKER/LOCATER V6.22                                                      05/22/2019  12:01:23  PAGE 19


  C:54E2H         LINE#         57
  C:54E2H         LINE#         58
  -------         ENDPROC       _DECTOBCD
  -------         PROC          _ASCII_LETTER
  D:0007H         SYMBOL        dat
  C:54DDH         LINE#         60
  C:54DDH         LINE#         61
  C:54DDH         LINE#         63
  C:54E1H         LINE#         64
  -------         ENDPROC       _ASCII_LETTER
  -------         PROC          _ASCIITOBCD
  D:0001H         SYMBOL        ascii
  -------         DO            
  D:0007H         SYMBOL        dec_val
  D:0006H         SYMBOL        ten
  D:0007H         SYMBOL        unit
  -------         ENDDO         
  C:53A0H         LINE#         66
  C:53A0H         LINE#         67
  C:53A0H         LINE#         69
  C:53A3H         LINE#         70
  C:53A9H         LINE#         71
  C:53B0H         LINE#         72
  C:53B6H         LINE#         74
  -------         ENDPROC       _ASCIITOBCD
  -------         ENDMOD        UART1

  -------         MODULE        LCD_DRIVER_SPLC780D
  C:0000H         SYMBOL        _ICE_DUMMY_
  D:0092H         PUBLIC        P1M0
  D:0091H         PUBLIC        P1M1
  D:0080H         PUBLIC        P0
  D:0090H         PUBLIC        P1
  D:00A0H         PUBLIC        P2
  D:00B0H         PUBLIC        P3
  D:00C0H         PUBLIC        P4
  D:00C8H         PUBLIC        P5
  D:00E8H         PUBLIC        P6
  D:00F8H         PUBLIC        P7
  C:4DA5H         PUBLIC        _WriteData
  D:00A8H         PUBLIC        IE
  D:00B8H         PUBLIC        IP
  D:00D8H         PUBLIC        CCON
  B:00B0H.4       PUBLIC        LCD_D4
  B:00B0H.5       PUBLIC        LCD_D5
  B:00B0H.6       PUBLIC        LCD_D6
  C:5336H         PUBLIC        _DisplayLCD
  B:00B0H.7       PUBLIC        LCD_D7
  D:0098H         PUBLIC        SCON
  D:0088H         PUBLIC        TCON
  C:5420H         PUBLIC        _abs
  C:54BEH         PUBLIC        LCD_clear
  C:50F1H         PUBLIC        _Command
  C:53CDH         PUBLIC        _Display_Line
  C:4FC0H         PUBLIC        LCD_Init
  C:5299H         PUBLIC        _Wait_ms
  B:00C0H.0       PUBLIC        LCD_RS
BL51 BANKED LINKER/LOCATER V6.22                                                      05/22/2019  12:01:23  PAGE 20


  B:0090H.3       PUBLIC        LCD_RW
  C:54B4H         PUBLIC        LCD_return_home
  C:3FC0H         PUBLIC        _Display_Pos
  B:00B0H.3       PUBLIC        LCD_E
  D:00D0H         PUBLIC        PSW
  -------         PROC          LCD_INIT
  C:4FC0H         LINE#         9
  C:4FC0H         LINE#         10
  C:4FC0H         LINE#         11
  C:4FC3H         LINE#         12
  C:4FC6H         LINE#         14
  C:4FCCH         LINE#         15
  C:4FD1H         LINE#         17
  C:4FD8H         LINE#         18
  C:4FDDH         LINE#         20
  C:4FE0H         LINE#         21
  C:4FE5H         LINE#         23
  C:4FE8H         LINE#         24
  C:4FEDH         LINE#         26
  C:4FF4H         LINE#         29
  C:4FF9H         LINE#         30
  C:4FFEH         LINE#         32
  C:5003H         LINE#         33
  C:5008H         LINE#         35
  C:500DH         LINE#         36
  C:5012H         LINE#         37
  -------         ENDPROC       LCD_INIT
  C:4DA1H         SYMBOL        L?0038
  -------         PROC          L?0037
  -------         ENDPROC       L?0037
  C:4DA1H         SYMBOL        L?0038
  -------         PROC          _WRITEDATA
  X:04E7H         SYMBOL        dat
  C:4DA5H         LINE#         40
  C:4DAAH         LINE#         41
  C:4DAAH         LINE#         46
  C:4DACH         LINE#         47
  C:4DAEH         LINE#         49
  C:4DBCH         LINE#         50
  C:4DC8H         LINE#         51
  C:4DD4H         LINE#         52
  C:4DDEH         LINE#         53
  C:4DE0H         LINE#         54
  C:4DE7H         LINE#         55
  C:4DE9H         LINE#         57
  C:4DF9H         LINE#         58
  C:4E04H         LINE#         59
  C:4E0EH         LINE#         60
  C:4E12H         LINE#         62
  C:4E12H         LINE#         63
  C:4E15H         LINE#         64
  C:4E17H         LINE#         65
  C:4E19H         LINE#         67
  -------         ENDPROC       _WRITEDATA
  -------         PROC          _COMMAND
  D:0007H         SYMBOL        dat
  C:50F1H         LINE#         69
BL51 BANKED LINKER/LOCATER V6.22                                                      05/22/2019  12:01:23  PAGE 21


  C:50F1H         LINE#         70
  C:50F1H         LINE#         71
  C:50F3H         LINE#         72
  C:50F5H         LINE#         74
  C:50FFH         LINE#         75
  C:5103H         LINE#         77
  C:5105H         LINE#         78
  C:510EH         LINE#         79
  C:5112H         LINE#         81
  C:5114H         LINE#         82
  C:511BH         LINE#         83
  C:511FH         LINE#         85
  C:5121H         LINE#         86
  C:5125H         LINE#         87
  C:5129H         LINE#         89
  C:512BH         LINE#         90
  C:512BH         LINE#         91
  C:512EH         LINE#         92
  C:5130H         LINE#         93
  -------         ENDPROC       _COMMAND
  C:5295H         SYMBOL        L?0040
  -------         PROC          L?0039
  -------         ENDPROC       L?0039
  C:5295H         SYMBOL        L?0040
  -------         PROC          _WAIT_MS
  D:0006H         SYMBOL        ms
  -------         DO            
  D:0004H         SYMBOL        De_Cnt
  -------         ENDDO         
  C:5299H         LINE#         95
  C:5299H         LINE#         96
  C:5299H         LINE#         98
  C:52A3H         LINE#         99
  C:52A3H         LINE#         100
  C:52B6H         LINE#         101
  C:52B6H         LINE#         102
  -------         ENDPROC       _WAIT_MS
  -------         PROC          _DISPLAYLCD
  D:0007H         SYMBOL        BCD
  -------         DO            
  D:0006H         SYMBOL        first_digit
  X:04E4H         SYMBOL        second_digit
  -------         ENDDO         
  C:5336H         LINE#         103
  C:5336H         LINE#         104
  C:5336H         LINE#         106
  C:533DH         LINE#         107
  C:5346H         LINE#         109
  C:534BH         LINE#         111
  -------         ENDPROC       _DISPLAYLCD
  -------         PROC          LCD_RETURN_HOME
  C:54B4H         LINE#         115
  C:54B4H         LINE#         116
  C:54B4H         LINE#         117
  C:54B9H         LINE#         118
  -------         ENDPROC       LCD_RETURN_HOME
  -------         PROC          LCD_CLEAR
BL51 BANKED LINKER/LOCATER V6.22                                                      05/22/2019  12:01:23  PAGE 22


  C:54BEH         LINE#         121
  C:54BEH         LINE#         122
  C:54BEH         LINE#         123
  C:54C3H         LINE#         124
  -------         ENDPROC       LCD_CLEAR
  -------         PROC          _DISPLAY_LINE
  D:0006H         SYMBOL        line
  C:53CDH         LINE#         128
  C:53CDH         LINE#         129
  C:53CDH         LINE#         130
  C:53D3H         LINE#         131
  C:53D3H         LINE#         132
  C:53D5H         LINE#         133
  C:53D5H         LINE#         134
  C:53D7H         LINE#         136
  C:53D7H         LINE#         137
  C:53DCH         LINE#         138
  C:53E1H         LINE#         139
  C:53E1H         LINE#         140
  -------         ENDPROC       _DISPLAY_LINE
  -------         PROC          _DISPLAY_POS
  X:04DCH         SYMBOL        sign_dat
  -------         DO            
  X:04E0H         SYMBOL        unit
  X:04E1H         SYMBOL        ten
  X:04E2H         SYMBOL        hundred
  X:04E3H         SYMBOL        thousand
  X:04E4H         SYMBOL        after_dot
  X:04E5H         SYMBOL        dat
  -------         ENDDO         
  C:3FC0H         LINE#         142
  C:3FC6H         LINE#         143
  C:3FC6H         LINE#         147
  C:3FE2H         LINE#         148
  C:3FFCH         LINE#         149
  C:4020H         LINE#         151
  C:406AH         LINE#         153
  C:4081H         LINE#         154
  C:4093H         LINE#         155
  C:40B8H         LINE#         156
  C:40D2H         LINE#         157
  C:40EAH         LINE#         158
  C:40EAH         LINE#         159
  C:40EAH         LINE#         160
  C:40EAH         LINE#         161
  C:40EAH         LINE#         162
  C:40EAH         LINE#         163
  C:40EAH         LINE#         164
  C:40EAH         LINE#         168
  C:40ECH         LINE#         170
  C:40ECH         LINE#         172
  C:40F1H         LINE#         173
  C:40F7H         LINE#         174
  C:40FDH         LINE#         175
  C:4103H         LINE#         176
  C:4109H         LINE#         177
  C:410EH         LINE#         178
BL51 BANKED LINKER/LOCATER V6.22                                                      05/22/2019  12:01:23  PAGE 23


  C:4114H         LINE#         182
  C:4114H         LINE#         184
  -------         ENDPROC       _DISPLAY_POS
  -------         PROC          _ABS
  D:0006H         SYMBOL        dat
  C:5420H         LINE#         186
  C:5420H         LINE#         187
  C:5420H         LINE#         188
  C:542BH         LINE#         189
  C:542CH         LINE#         191
  C:5433H         LINE#         192
  -------         ENDPROC       _ABS
  -------         ENDMOD        LCD_DRIVER_SPLC780D

  -------         MODULE        KEYPAD
  C:0000H         SYMBOL        _ICE_DUMMY_
  D:0093H         PUBLIC        P0M1
  D:0080H         PUBLIC        P0
  D:0090H         PUBLIC        P1
  D:00A0H         PUBLIC        P2
  D:00B0H         PUBLIC        P3
  D:00C0H         PUBLIC        P4
  D:00C8H         PUBLIC        P5
  D:00E8H         PUBLIC        P6
  D:00F8H         PUBLIC        P7
  D:00A8H         PUBLIC        IE
  C:39BCH         PUBLIC        Key_Scan
  D:00B8H         PUBLIC        IP
  D:00D8H         PUBLIC        CCON
  C:54A8H         PUBLIC        KeyPad_IO_Init
  C:5318H         PUBLIC        _Delay_ms
  D:0098H         PUBLIC        SCON
  D:0088H         PUBLIC        TCON
  X:05F3H         PUBLIC        small_move
  X:05F5H         PUBLIC        move
  X:05F7H         PUBLIC        auto_mode
  X:05F9H         PUBLIC        direction
  X:05FBH         PUBLIC        SPI_NOR_ClearEnable
  C:30F0H         PUBLIC        Key_Process
  D:00D0H         PUBLIC        PSW
  D:0094H         PUBLIC        P0M0
  -------         PROC          _DELAY_MS
  D:0006H         SYMBOL        ms
  -------         DO            
  D:0004H         SYMBOL        De_Cnt
  -------         ENDDO         
  C:5318H         LINE#         20
  C:5318H         LINE#         21
  C:5318H         LINE#         23
  C:5322H         LINE#         24
  C:5322H         LINE#         25
  C:5335H         LINE#         26
  C:5335H         LINE#         27
  -------         ENDPROC       _DELAY_MS
  -------         PROC          KEY_SCAN
  -------         DO            
  X:0403H         SYMBOL        KeyTemp1
BL51 BANKED LINKER/LOCATER V6.22                                                      05/22/2019  12:01:23  PAGE 24


  X:0404H         SYMBOL        KeyTemp2
  X:0405H         SYMBOL        KeyValue
  -------         ENDDO         
  C:39BCH         LINE#         28
  C:39BCH         LINE#         29
  C:39BCH         LINE#         34
  C:39BFH         LINE#         37
  C:39C2H         LINE#         39
  C:39CAH         LINE#         40
  C:39D1H         LINE#         41
  C:39D1H         LINE#         43
  C:39D6H         LINE#         44
  C:39DDH         LINE#         45
  C:39DDH         LINE#         48
  C:39E0H         LINE#         49
  C:39E3H         LINE#         50
  C:39E8H         LINE#         51
  C:39ECH         LINE#         52
  C:39ECH         LINE#         53
  C:39F4H         LINE#         54
  C:39F4H         LINE#         55
  C:39F7H         LINE#         56
  C:39FFH         LINE#         57
  C:3A01H         LINE#         59
  C:3A15H         LINE#         60
  C:3A15H         LINE#         61
  C:3A15H         LINE#         62
  C:3A15H         LINE#         63
  C:3A1BH         LINE#         65
  C:3A1DH         LINE#         66
  C:3A1DH         LINE#         67
  C:3A1DH         LINE#         68
  C:3A23H         LINE#         70
  C:3A25H         LINE#         71
  C:3A25H         LINE#         72
  C:3A25H         LINE#         73
  C:3A2BH         LINE#         75
  C:3A2DH         LINE#         76
  C:3A2DH         LINE#         77
  C:3A2DH         LINE#         78
  C:3A33H         LINE#         80
  C:3A33H         LINE#         81
  C:3A33H         LINE#         82
  C:3A33H         LINE#         85
  C:3A36H         LINE#         86
  C:3A39H         LINE#         87
  C:3A41H         LINE#         88
  C:3A45H         LINE#         89
  C:3A45H         LINE#         90
  C:3A4DH         LINE#         91
  C:3A4DH         LINE#         92
  C:3A50H         LINE#         93
  C:3A58H         LINE#         94
  C:3A5AH         LINE#         95
  C:3A6EH         LINE#         96
  C:3A6EH         LINE#         97
  C:3A6EH         LINE#         98
BL51 BANKED LINKER/LOCATER V6.22                                                      05/22/2019  12:01:23  PAGE 25


  C:3A6EH         LINE#         99
  C:3A74H         LINE#         101
  C:3A76H         LINE#         102
  C:3A76H         LINE#         103
  C:3A76H         LINE#         104
  C:3A7CH         LINE#         106
  C:3A7EH         LINE#         107
  C:3A7EH         LINE#         108
  C:3A7EH         LINE#         109
  C:3A84H         LINE#         111
  C:3A86H         LINE#         112
  C:3A86H         LINE#         113
  C:3A86H         LINE#         114
  C:3A8BH         LINE#         116
  C:3A8BH         LINE#         117
  C:3A8BH         LINE#         118
  C:3A8BH         LINE#         121
  C:3A8EH         LINE#         122
  C:3A91H         LINE#         123
  C:3A99H         LINE#         124
  C:3A9DH         LINE#         125
  C:3A9DH         LINE#         126
  C:3AA5H         LINE#         127
  C:3AA5H         LINE#         128
  C:3AA8H         LINE#         129
  C:3AB0H         LINE#         130
  C:3AB2H         LINE#         131
  C:3AC6H         LINE#         132
  C:3AC6H         LINE#         133
  C:3AC6H         LINE#         134
  C:3AC6H         LINE#         135
  C:3ACCH         LINE#         137
  C:3ACEH         LINE#         138
  C:3ACEH         LINE#         139
  C:3ACEH         LINE#         140
  C:3AD4H         LINE#         142
  C:3AD6H         LINE#         143
  C:3AD6H         LINE#         144
  C:3AD6H         LINE#         145
  C:3ADCH         LINE#         147
  C:3ADEH         LINE#         148
  C:3ADEH         LINE#         149
  C:3ADEH         LINE#         150
  C:3AE4H         LINE#         152
  C:3AE4H         LINE#         153
  C:3AE4H         LINE#         154
  C:3AE4H         LINE#         158
  C:3AE7H         LINE#         159
  C:3AEAH         LINE#         160
  C:3AF2H         LINE#         161
  C:3AF6H         LINE#         162
  C:3AF6H         LINE#         163
  C:3AFEH         LINE#         164
  C:3AFEH         LINE#         165
  C:3B01H         LINE#         166
  C:3B09H         LINE#         167
  C:3B0BH         LINE#         168
BL51 BANKED LINKER/LOCATER V6.22                                                      05/22/2019  12:01:23  PAGE 26


  C:3B1FH         LINE#         169
  C:3B1FH         LINE#         170
  C:3B1FH         LINE#         171
  C:3B1FH         LINE#         172
  C:3B25H         LINE#         174
  C:3B27H         LINE#         175
  C:3B27H         LINE#         176
  C:3B27H         LINE#         177
  C:3B2DH         LINE#         179
  C:3B2FH         LINE#         180
  C:3B2FH         LINE#         181
  C:3B2FH         LINE#         182
  C:3B35H         LINE#         184
  C:3B37H         LINE#         185
  C:3B37H         LINE#         186
  C:3B37H         LINE#         187
  C:3B3DH         LINE#         189
  C:3B3DH         LINE#         190
  C:3B3DH         LINE#         191
  C:3B3DH         LINE#         193
  C:3B43H         LINE#         194
  C:3B43H         LINE#         196
  C:3B43H         LINE#         197
  C:3B46H         LINE#         198
  C:3B46H         LINE#         199
  C:3B46H         LINE#         201
  C:3B46H         LINE#         202
  C:3B48H         LINE#         203
  C:3B48H         LINE#         204
  -------         ENDPROC       KEY_SCAN
  -------         PROC          KEY_PROCESS
  -------         DO            
  X:05E4H         SYMBOL        KeyCount
  X:05E5H         SYMBOL        KeyNum_Old
  X:05E7H         SYMBOL        KeyNum
  X:05E9H         SYMBOL        PressedKey
  X:03FDH         SYMBOL        d
  D:0002H         SYMBOL        hours
  D:0006H         SYMBOL        mins
  X:03FFH         SYMBOL        months
  X:0401H         SYMBOL        days
  -------         ENDDO         
  C:30F0H         LINE#         205
  C:30F0H         LINE#         206
  C:30F0H         LINE#         210
  C:30FFH         LINE#         211
  C:310CH         LINE#         213
  C:3110H         LINE#         214
  C:3110H         LINE#         215
  C:3116H         LINE#         217
  C:3116H         LINE#         218
  C:312DH         LINE#         219
  C:312DH         LINE#         220
  C:3137H         LINE#         221
  C:313DH         LINE#         223
  C:3143H         LINE#         225
  C:3143H         LINE#         226
BL51 BANKED LINKER/LOCATER V6.22                                                      05/22/2019  12:01:23  PAGE 27


  C:315AH         LINE#         227
  C:315AH         LINE#         228
  C:315FH         LINE#         230
  C:315FH         LINE#         231
  C:316FH         LINE#         232
  C:316FH         LINE#         233
  C:3175H         LINE#         235
  C:3175H         LINE#         236
  C:3187H         LINE#         237
  C:3187H         LINE#         238
  C:3191H         LINE#         239
  C:3199H         LINE#         241
  C:31A2H         LINE#         243
  C:31A2H         LINE#         252
  C:31C1H         LINE#         253
  C:31C1H         LINE#         254
  C:31E0H         LINE#         255
  C:31E6H         LINE#         256
  C:31EEH         LINE#         257
  C:31EEH         LINE#         259
  C:31EFH         LINE#         265
  C:31FBH         LINE#         266
  C:31FBH         LINE#         267
  C:3218H         LINE#         268
  C:322FH         LINE#         269
  C:3246H         LINE#         270
  C:3246H         LINE#         271
  C:3259H         LINE#         272
  C:326CH         LINE#         273
  C:326CH         LINE#         274
  C:326CH         LINE#         275
  C:326FH         LINE#         280
  C:327EH         LINE#         281
  C:327EH         LINE#         282
  C:32A1H         LINE#         283
  C:32BEH         LINE#         284
  C:32C7H         LINE#         285
  C:32C7H         LINE#         286
  C:32CEH         LINE#         287
  C:32CEH         LINE#         288
  C:32DFH         LINE#         289
  C:32DFH         LINE#         290
  C:32EEH         LINE#         291
  C:32EEH         LINE#         292
  C:32EEH         LINE#         293
  C:32F1H         LINE#         295
  C:32F1H         LINE#         296
  C:32FDH         LINE#         297
  C:32FDH         LINE#         298
  C:330FH         LINE#         299
  C:330FH         LINE#         300
  C:331FH         LINE#         301
  C:331FH         LINE#         302
  C:331FH         LINE#         304
  C:3321H         LINE#         306
  C:3321H         LINE#         307
  C:3330H         LINE#         308
BL51 BANKED LINKER/LOCATER V6.22                                                      05/22/2019  12:01:23  PAGE 28


  C:3330H         LINE#         309
  C:3340H         LINE#         310
  C:3340H         LINE#         311
  C:3340H         LINE#         313
  C:3340H         LINE#         315
  C:3340H         LINE#         316
  C:3342H         LINE#         318
  C:3342H         LINE#         319
  C:3349H         LINE#         320
  C:3349H         LINE#         321
  C:3358H         LINE#         322
  C:3358H         LINE#         323
  C:3368H         LINE#         324
  C:3368H         LINE#         325
  C:3368H         LINE#         326
  C:336AH         LINE#         328
  C:336AH         LINE#         329
  C:3379H         LINE#         330
  C:3379H         LINE#         331
  C:338CH         LINE#         332
  C:339FH         LINE#         333
  C:339FH         LINE#         334
  C:339FH         LINE#         335
  C:339FH         LINE#         336
  C:33A8H         LINE#         338
  C:33A8H         LINE#         340
  C:33E2H         LINE#         341
  C:33E2H         LINE#         342
  C:33E9H         LINE#         343
  C:33E9H         LINE#         344
  C:33F3H         LINE#         345
  C:33F3H         LINE#         346
  C:33F6H         LINE#         347
  C:33FBH         LINE#         348
  C:3400H         LINE#         349
  C:3405H         LINE#         350
  C:340AH         LINE#         351
  C:340FH         LINE#         352
  C:3414H         LINE#         353
  C:3419H         LINE#         354
  C:3419H         LINE#         355
  C:3419H         LINE#         357
  C:3437H         LINE#         358
  C:3437H         LINE#         359
  C:343EH         LINE#         360
  C:343EH         LINE#         361
  C:3443H         LINE#         362
  C:344CH         LINE#         363
  C:346BH         LINE#         364
  C:346BH         LINE#         365
  C:347BH         LINE#         367
  C:347BH         LINE#         371
  -------         ENDPROC       KEY_PROCESS
  -------         PROC          KEYPAD_IO_INIT
  C:54A8H         LINE#         374
  C:54A8H         LINE#         375
  C:54A8H         LINE#         376
BL51 BANKED LINKER/LOCATER V6.22                                                      05/22/2019  12:01:23  PAGE 29


  C:54ABH         LINE#         377
  C:54AEH         LINE#         378
  C:54B1H         LINE#         379
  C:54B3H         LINE#         380
  -------         ENDPROC       KEYPAD_IO_INIT
  -------         ENDMOD        KEYPAD

  -------         MODULE        BIPOLARMOTOR
  C:0000H         SYMBOL        _ICE_DUMMY_
  X:0000H         PUBLIC        UTC_time
  D:0080H         PUBLIC        P0
  D:0090H         PUBLIC        P1
  X:0004H         PUBLIC        RX_pos_test
  D:00A0H         PUBLIC        P2
  D:00B0H         PUBLIC        P3
  D:00C0H         PUBLIC        P4
  D:00C8H         PUBLIC        P5
  D:00E8H         PUBLIC        P6
  D:00F8H         PUBLIC        P7
  X:00A4H         PUBLIC        low_date_azimuth_mapping
  D:00A8H         PUBLIC        IE
  C:4765H         PUBLIC        linear_interpolate
  X:00CCH         PUBLIC        declination
  C:521FH         PUBLIC        _Move
  D:00B8H         PUBLIC        IP
  X:00D0H         PUBLIC        months
  X:00D1H         PUBLIC        time_offset
  D:00D8H         PUBLIC        CCON
  X:00D5H         PUBLIC        previous_move_time
  X:00D6H         PUBLIC        time
  X:00E8H         PUBLIC        days
  X:00E9H         PUBLIC        hours
  D:0098H         PUBLIC        SCON
  D:0088H         PUBLIC        TCON
  C:4EFBH         PUBLIC        _Step_move
  X:00EAH         PUBLIC        mins
  X:00EBH         PUBLIC        dat
  X:00F1H         PUBLIC        current_local_sun_time
  C:1D17H         PUBLIC        _Update_position
  C:347CH         PUBLIC        _elevation_calculation
  X:00F5H         PUBLIC        sunCoord
  C:5019H         PUBLIC        vOneStepMove
  X:00F8H         PUBLIC        elevation_stamp
  X:0134H         PUBLIC        date_azimuth_mapping
  X:015CH         PUBLIC        location
  X:0164H         PUBLIC        RX_pos
  C:53E2H         PUBLIC        vSetLocation
  C:535DH         PUBLIC        _BCDtoDec1
  X:03BCH         PUBLIC        degree
  X:03C0H         PUBLIC        seconds
  C:2353H         PUBLIC        _TheoricalJP_Position
  D:00D0H         PUBLIC        PSW
  -------         PROC          VSETLOCATION
  C:53E2H         LINE#         44
  C:53E2H         LINE#         45
  C:53E2H         LINE#         46
  C:53ECH         LINE#         47
BL51 BANKED LINKER/LOCATER V6.22                                                      05/22/2019  12:01:23  PAGE 30


  C:53F6H         LINE#         48
  -------         ENDPROC       VSETLOCATION
  C:5359H         SYMBOL        L?0060
  -------         PROC          L?0059
  -------         ENDPROC       L?0059
  C:5359H         SYMBOL        L?0060
  -------         PROC          _BCDTODEC1
  D:0007H         SYMBOL        bcd
  -------         DO            
  D:0006H         SYMBOL        hi
  D:0007H         SYMBOL        lo
  -------         ENDDO         
  C:535DH         LINE#         49
  C:535DH         LINE#         50
  C:535DH         LINE#         52
  C:5362H         LINE#         53
  C:5366H         LINE#         54
  C:536DH         LINE#         55
  -------         ENDPROC       _BCDTODEC1
  -------         PROC          VONESTEPMOVE
  B:0020H.3       SYMBOL        bDir
  C:5019H         LINE#         59
  C:5019H         LINE#         60
  C:5019H         LINE#         62
  C:501FH         LINE#         63
  C:501FH         LINE#         64
  C:5022H         LINE#         65
  C:502BH         LINE#         66
  C:5032H         LINE#         67
  C:5037H         LINE#         68
  C:5037H         LINE#         69
  C:5037H         LINE#         71
  C:5039H         LINE#         74
  C:5039H         LINE#         75
  C:503CH         LINE#         76
  C:5045H         LINE#         77
  C:504CH         LINE#         78
  C:5052H         LINE#         79
  C:505BH         LINE#         80
  C:5062H         LINE#         81
  C:5062H         LINE#         85
  -------         ENDPROC       VONESTEPMOVE
  -------         PROC          _STEP_MOVE
  X:04E0H         SYMBOL        step
  B:0020H.2       SYMBOL        dir
  -------         DO            
  X:04E2H         SYMBOL        i
  -------         ENDDO         
  C:4EFBH         LINE#         87
  C:4F03H         LINE#         88
  C:4F03H         LINE#         90
  C:4F08H         LINE#         93
  C:4F23H         LINE#         94
  C:4F23H         LINE#         95
  C:4F2AH         LINE#         96
  C:4F31H         LINE#         97
  C:4F39H         LINE#         98
BL51 BANKED LINKER/LOCATER V6.22                                                      05/22/2019  12:01:23  PAGE 31


  C:4F3EH         LINE#         99
  C:4F46H         LINE#         100
  C:4F4BH         LINE#         101
  C:4F55H         LINE#         103
  C:4F65H         LINE#         105
  -------         ENDPROC       _STEP_MOVE
  -------         PROC          _MOVE
  X:04DCH         SYMBOL        distance
  B:0020H.1       SYMBOL        direction
  -------         DO            
  D:0006H         SYMBOL        step
  -------         ENDDO         
  C:521FH         LINE#         107
  C:5225H         LINE#         108
  C:5225H         LINE#         111
  C:5240H         LINE#         112
  -------         ENDPROC       _MOVE
  C:4754H         SYMBOL        L?0058
  -------         PROC          L?0057
  -------         ENDPROC       L?0057
  C:4754H         SYMBOL        L?0058
  -------         PROC          LINEAR_INTERPOLATE
  X:04A3H         SYMBOL        p1
  X:04ABH         SYMBOL        p2
  X:04B3H         SYMBOL        x
  -------         DO            
  D:0004H         SYMBOL        fx
  -------         ENDDO         
  C:4765H         LINE#         145
  C:4765H         LINE#         146
  C:4765H         LINE#         149
  C:4804H         LINE#         151
  C:4804H         LINE#         152
  -------         ENDPROC       LINEAR_INTERPOLATE
  -------         PROC          _THEORICALJP_POSITION
  X:0447H         SYMBOL        azimuth
  X:044BH         SYMBOL        elevation
  -------         DO            
  X:044FH         SYMBOL        pos_interpolate_azimuth
  X:048BH         SYMBOL        JP_pos
  X:048FH         SYMBOL        i
  X:0491H         SYMBOL        yy
  X:0493H         SYMBOL        p1
  X:049BH         SYMBOL        p2
  -------         ENDDO         
  C:2353H         LINE#         155
  C:2359H         LINE#         156
  C:2359H         LINE#         158
  C:2363H         LINE#         161
  C:237FH         LINE#         162
  C:237FH         LINE#         163
  C:23EFH         LINE#         164
  C:23EFH         LINE#         165
  C:23F6H         LINE#         166
  C:23F6H         LINE#         167
  C:2423H         LINE#         168
  C:243EH         LINE#         170
BL51 BANKED LINKER/LOCATER V6.22                                                      05/22/2019  12:01:23  PAGE 32


  C:2485H         LINE#         171
  C:24B9H         LINE#         173
  C:24FFH         LINE#         174
  C:2524H         LINE#         176
  C:2524H         LINE#         178
  C:259AH         LINE#         179
  C:259AH         LINE#         180
  C:25A1H         LINE#         181
  C:25A1H         LINE#         182
  C:25CEH         LINE#         183
  C:25E9H         LINE#         185
  C:2630H         LINE#         186
  C:2664H         LINE#         188
  C:26AAH         LINE#         189
  C:26CCH         LINE#         191
  C:26CCH         LINE#         192
  C:26E0H         LINE#         195
  C:26FCH         LINE#         196
  C:26FCH         LINE#         197
  C:276CH         LINE#         198
  C:276CH         LINE#         199
  C:2799H         LINE#         200
  C:27B4H         LINE#         202
  C:27E1H         LINE#         203
  C:27FCH         LINE#         205
  C:282EH         LINE#         208
  C:282EH         LINE#         210
  C:283FH         LINE#         211
  C:284DH         LINE#         213
  -------         ENDPROC       _THEORICALJP_POSITION
  -------         PROC          _UPDATE_POSITION
  D:0001H         SYMBOL        mnths
  D:0002H         SYMBOL        dys
  X:0423H         SYMBOL        hurs
  X:0424H         SYMBOL        mns
  X:0425H         SYMBOL        sconds
  X:0426H         SYMBOL        currnt_pos
  X:0429H         SYMBOL        offset_calib
  -------         DO            
  X:042DH         SYMBOL        date
  X:042FH         SYMBOL        i
  X:0431H         SYMBOL        yy
  X:0433H         SYMBOL        desired_distance
  X:0437H         SYMBOL        distance
  X:043BH         SYMBOL        JP_pos
  X:043FH         SYMBOL        elevation
  X:0443H         SYMBOL        azimuth
  -------         ENDDO         
  C:1D17H         LINE#         216
  C:1D20H         LINE#         219
  C:1D20H         LINE#         220
  C:1D2BH         LINE#         222
  C:1D47H         LINE#         229
  C:1D51H         LINE#         230
  C:1D5CH         LINE#         231
  C:1D67H         LINE#         232
  C:1D80H         LINE#         233
BL51 BANKED LINKER/LOCATER V6.22                                                      05/22/2019  12:01:23  PAGE 33


  C:1D91H         LINE#         234
  C:1DA0H         LINE#         237
  C:1DB4H         LINE#         241
  C:1E06H         LINE#         242
  C:1F6AH         LINE#         243
  C:1FBAH         LINE#         246
  C:20E2H         LINE#         249
  C:21B1H         LINE#         256
  C:21F8H         LINE#         257
  C:21F8H         LINE#         259
  C:2223H         LINE#         260
  C:2252H         LINE#         262
  C:2277H         LINE#         263
  C:22DCH         LINE#         264
  C:22DCH         LINE#         265
  C:22F6H         LINE#         266
  C:2308H         LINE#         267
  C:2320H         LINE#         268
  C:2336H         LINE#         270
  C:2352H         LINE#         271
  C:2352H         LINE#         272
  C:2352H         LINE#         275
  -------         ENDPROC       _UPDATE_POSITION
  -------         PROC          _ELEVATION_CALCULATION
  D:0007H         SYMBOL        mnths
  D:0005H         SYMBOL        dys
  X:03FFH         SYMBOL        hurs
  X:0400H         SYMBOL        mns
  X:0401H         SYMBOL        sconds
  C:347CH         LINE#         277
  C:3481H         LINE#         279
  C:3481H         LINE#         280
  C:348BH         LINE#         281
  C:3494H         LINE#         282
  C:349FH         LINE#         283
  C:34B8H         LINE#         284
  C:34CCH         LINE#         285
  C:34DEH         LINE#         289
  C:3530H         LINE#         290
  C:3694H         LINE#         291
  C:36E4H         LINE#         293
  C:37FBH         LINE#         295
  -------         ENDPROC       _ELEVATION_CALCULATION
  -------         ENDMOD        BIPOLARMOTOR

  -------         MODULE        SUNPOS
  C:0000H         SYMBOL        _ICE_DUMMY_
  C:1575H         PUBLIC        sunpos
  -------         PROC          SUNPOS
  X:0447H         SYMBOL        udtTime
  X:0459H         SYMBOL        udtLocation
  X:0461H         SYMBOL        udtSunCoordinates
  -------         DO            
  X:0464H         SYMBOL        dElapsedJulianDays
  X:0468H         SYMBOL        dDecimalHours
  X:046CH         SYMBOL        dEclipticLongitude
  X:0470H         SYMBOL        dEclipticObliquity
BL51 BANKED LINKER/LOCATER V6.22                                                      05/22/2019  12:01:23  PAGE 34


  X:0474H         SYMBOL        dRightAscension
  X:0478H         SYMBOL        dDeclination
  X:047CH         SYMBOL        dY
  X:0480H         SYMBOL        dX
  -------         DO            
  X:0484H         SYMBOL        dJulianDate
  X:0488H         SYMBOL        liAux1
  X:048CH         SYMBOL        liAux2
  X:0484H         SYMBOL        dMeanLongitude
  X:0488H         SYMBOL        dMeanAnomaly
  X:048CH         SYMBOL        dOmega
  X:0484H         SYMBOL        dSin_EclipticLongitude
  X:0484H         SYMBOL        dGreenwichMeanSiderealTime
  X:0488H         SYMBOL        dLocalMeanSiderealTime
  X:048CH         SYMBOL        dLatitudeInRadians
  X:0490H         SYMBOL        dHourAngle
  X:0494H         SYMBOL        dCos_Latitude
  X:0498H         SYMBOL        dSin_Latitude
  X:049CH         SYMBOL        dCos_HourAngle
  X:04A0H         SYMBOL        dParallax
  -------         ENDDO         
  -------         DO            
  X:0484H         SYMBOL        dMeanLongitude
  X:0488H         SYMBOL        dMeanAnomaly
  X:048CH         SYMBOL        dOmega
  X:0484H         SYMBOL        dSin_EclipticLongitude
  X:0484H         SYMBOL        dGreenwichMeanSiderealTime
  X:0488H         SYMBOL        dLocalMeanSiderealTime
  X:048CH         SYMBOL        dLatitudeInRadians
  X:0490H         SYMBOL        dHourAngle
  X:0494H         SYMBOL        dCos_Latitude
  X:0498H         SYMBOL        dSin_Latitude
  X:049CH         SYMBOL        dCos_HourAngle
  X:04A0H         SYMBOL        dParallax
  -------         ENDDO         
  -------         DO            
  X:0484H         SYMBOL        dSin_EclipticLongitude
  X:0484H         SYMBOL        dGreenwichMeanSiderealTime
  X:0488H         SYMBOL        dLocalMeanSiderealTime
  X:048CH         SYMBOL        dLatitudeInRadians
[...]
  C:448EH         LINE#         98
  C:4490H         LINE#         99
  C:4492H         LINE#         101
  C:4492H         LINE#         102
  C:4494H         LINE#         104
  C:4494H         LINE#         105
  C:4494H         LINE#         106
  C:4494H         LINE#         107
  C:4497H         LINE#         108
  C:449BH         LINE#         111
  C:44BAH         LINE#         113
  C:44C1H         LINE#         114
  C:44C1H         LINE#         115
  C:44C3H         LINE#         116
  C:44C6H         LINE#         117
  C:44E2H         LINE#         118
  C:44E2H         LINE#         119
  C:44E4H         LINE#         120
  C:44E6H         LINE#         122
  C:44E6H         LINE#         123
  C:44E8H         LINE#         125
  C:44E8H         LINE#         126
  C:44E8H         LINE#         127
  C:44E8H         LINE#         128
  C:44EBH         LINE#         129
  C:4504H         LINE#         131
  C:4523H         LINE#         133
BL51 BANKED LINKER/LOCATER V6.22                                                      05/22/2019  12:01:23  PAGE 47


  C:452AH         LINE#         134
  C:452AH         LINE#         135
  C:452CH         LINE#         136
  C:452FH         LINE#         137
  C:4536H         LINE#         138
  C:4536H         LINE#         139
  C:4538H         LINE#         140
  C:453AH         LINE#         142
  C:453AH         LINE#         143
  C:453CH         LINE#         145
  C:453CH         LINE#         146
  C:453CH         LINE#         147
  C:453CH         LINE#         148
  C:453FH         LINE#         149
  C:4546H         LINE#         151
  C:4565H         LINE#         153
  C:4567H         LINE#         154
  C:456AH         LINE#         155
  C:4571H         LINE#         157
  -------         ENDPROC       _AT25SF041_WRITE
  -------         PROC          _AT25SF041_READ
  D:0003H         SYMBOL        opcode
  X:05FEH         SYMBOL        addr
  -------         DO            
  X:0602H         SYMBOL        dat
  X:0603H         SYMBOL        i
  -------         ENDDO         
  C:4360H         LINE#         159
  C:4362H         LINE#         160
  C:4362H         LINE#         161
  C:4367H         LINE#         163
  C:4369H         LINE#         164
  C:436FH         LINE#         168
  C:4374H         LINE#         169
  C:4374H         LINE#         170
  C:4376H         LINE#         171
  C:4379H         LINE#         172
  C:437DH         LINE#         173
  C:437DH         LINE#         174
  C:437FH         LINE#         175
  C:4381H         LINE#         177
  C:4381H         LINE#         178
  C:4383H         LINE#         180
  C:4383H         LINE#         181
  C:4383H         LINE#         182
  C:4383H         LINE#         183
  C:4386H         LINE#         184
  C:438AH         LINE#         187
  C:43A9H         LINE#         189
  C:43B0H         LINE#         190
  C:43B0H         LINE#         191
  C:43B2H         LINE#         192
  C:43B5H         LINE#         193
  C:43D1H         LINE#         194
  C:43D1H         LINE#         195
  C:43D3H         LINE#         196
  C:43D5H         LINE#         198
BL51 BANKED LINKER/LOCATER V6.22                                                      05/22/2019  12:01:23  PAGE 48


  C:43D5H         LINE#         199
  C:43D7H         LINE#         201
  C:43D7H         LINE#         202
  C:43D7H         LINE#         203
  C:43D7H         LINE#         204
  C:43DAH         LINE#         205
  C:43F3H         LINE#         207
  C:4412H         LINE#         210
  C:4419H         LINE#         212
  C:441BH         LINE#         213
  C:4422H         LINE#         215
  C:4429H         LINE#         216
  C:4429H         LINE#         217
  C:4430H         LINE#         218
  C:4430H         LINE#         219
  C:4433H         LINE#         220
  C:4435H         LINE#         221
  C:4438H         LINE#         223
  C:443BH         LINE#         224
  C:443BH         LINE#         226
  C:443FH         LINE#         227
  C:443FH         LINE#         233
  C:445EH         LINE#         236
  C:4460H         LINE#         237
  C:4463H         LINE#         238
  C:446AH         LINE#         240
  C:446FH         LINE#         242
  -------         ENDPROC       _AT25SF041_READ
  -------         PROC          UCREAD_STATUS_REGISTER_BYTE1
  -------         DO            
  D:0003H         SYMBOL        dat
  D:0001H         SYMBOL        opcode
  X:04E4H         SYMBOL        count
  X:04E5H         SYMBOL        i
  -------         ENDDO         
  C:4A19H         LINE#         246
  C:4A19H         LINE#         247
  C:4A19H         LINE#         248
  C:4A1FH         LINE#         249
  C:4A23H         LINE#         250
  C:4A25H         LINE#         251
  C:4A27H         LINE#         252
  C:4A2DH         LINE#         256
  C:4A34H         LINE#         257
  C:4A34H         LINE#         258
  C:4A36H         LINE#         259
  C:4A39H         LINE#         260
  C:4A3DH         LINE#         261
  C:4A3DH         LINE#         262
  C:4A3FH         LINE#         263
  C:4A41H         LINE#         265
  C:4A41H         LINE#         266
  C:4A43H         LINE#         268
  C:4A43H         LINE#         269
  C:4A43H         LINE#         270
  C:4A43H         LINE#         271
  C:4A46H         LINE#         272
BL51 BANKED LINKER/LOCATER V6.22                                                      05/22/2019  12:01:23  PAGE 49


  C:4A4AH         LINE#         275
  C:4A69H         LINE#         279
  C:4A70H         LINE#         281
  C:4A72H         LINE#         282
  C:4A79H         LINE#         283
  C:4A80H         LINE#         284
  C:4A80H         LINE#         285
  C:4A84H         LINE#         286
  C:4A84H         LINE#         287
  C:4A87H         LINE#         288
  C:4A89H         LINE#         289
  C:4A8CH         LINE#         291
  C:4A8FH         LINE#         292
  C:4A8FH         LINE#         294
  C:4A93H         LINE#         295
  C:4A93H         LINE#         297
  C:4AB2H         LINE#         301
  C:4AB4H         LINE#         302
  C:4AB7H         LINE#         303
  C:4AB9H         LINE#         304
  -------         ENDPROC       UCREAD_STATUS_REGISTER_BYTE1
  -------         PROC          SPI_NOR_WRITE_DATA
  X:03FDH         SYMBOL        dat
  X:0408H         SYMBOL        addr
  C:3B49H         LINE#         306
  C:3B49H         LINE#         307
  C:3B49H         LINE#         309
  C:3B4CH         LINE#         311
  C:3B66H         LINE#         312
  C:3B84H         LINE#         314
  C:3B8BH         LINE#         315
  C:3B8EH         LINE#         317
  C:3BA8H         LINE#         318
  C:3BA8H         LINE#         319
  C:3BA8H         LINE#         322
  C:3BABH         LINE#         324
  C:3BC5H         LINE#         325
  C:3BC5H         LINE#         326
  C:3BC5H         LINE#         328
  C:3BC8H         LINE#         330
  C:3BE2H         LINE#         331
  C:3BE2H         LINE#         332
  C:3BE2H         LINE#         334
  C:3BE5H         LINE#         336
  C:3BFFH         LINE#         337
  C:3BFFH         LINE#         338
  C:3BFFH         LINE#         340
  C:3C02H         LINE#         342
  C:3C1CH         LINE#         343
  C:3C1CH         LINE#         344
  C:3C1CH         LINE#         346
  C:3C1FH         LINE#         348
  C:3C39H         LINE#         349
  C:3C39H         LINE#         350
  C:3C39H         LINE#         352
  C:3C3CH         LINE#         354
  C:3C56H         LINE#         355
BL51 BANKED LINKER/LOCATER V6.22                                                      05/22/2019  12:01:23  PAGE 50


  C:3C56H         LINE#         356
  C:3C56H         LINE#         358
  C:3C59H         LINE#         360
  C:3C73H         LINE#         361
  C:3C73H         LINE#         362
  C:3C73H         LINE#         364
  C:3C76H         LINE#         366
  C:3C90H         LINE#         367
  C:3C90H         LINE#         368
  C:3C90H         LINE#         370
  C:3C93H         LINE#         372
  C:3CADH         LINE#         373
  C:3CB4H         LINE#         374
  -------         ENDPROC       SPI_NOR_WRITE_DATA
  -------         ENDMOD        AT25SF041

  -------         MODULE        ?C_STARTUP
  C:4C8DH         SEGMENT       ?C_C51STARTUP
  I:0021H         SEGMENT       ?STACK
  C:0000H         PUBLIC        ?C_STARTUP
  D:00E0H         SYMBOL        ACC
  D:00F0H         SYMBOL        B
  D:0083H         SYMBOL        DPH
  D:0082H         SYMBOL        DPL
  N:0000H         SYMBOL        IBPSTACK
  N:0100H         SYMBOL        IBPSTACKTOP
  N:0080H         SYMBOL        IDATALEN
  C:4C90H         SYMBOL        IDATALOOP
  N:0000H         SYMBOL        PBPSTACK
  N:0100H         SYMBOL        PBPSTACKTOP
  N:0000H         SYMBOL        PDATALEN
  N:0000H         SYMBOL        PDATASTART
  N:0000H         SYMBOL        PPAGE
  N:0000H         SYMBOL        PPAGEENABLE
  D:00A0H         SYMBOL        PPAGE_SFR
  D:0081H         SYMBOL        SP
  C:4C8DH         SYMBOL        STARTUP1
  N:0000H         SYMBOL        XBPSTACK
  N:0000H         SYMBOL        XBPSTACKTOP
  N:0000H         SYMBOL        XDATALEN
  N:0000H         SYMBOL        XDATASTART
  C:0000H         LINE#         126
  C:4C8DH         LINE#         133
  C:4C8FH         LINE#         134
  C:4C90H         LINE#         135
  C:4C91H         LINE#         136
  C:4C93H         LINE#         185
  C:4C96H         LINE#         196
  -------         ENDMOD        ?C_STARTUP

  -------         MODULE        ?C?FPADD
  C:0BACH         PUBLIC        ?C?FPADD
  C:0BA8H         PUBLIC        ?C?FPSUB
  -------         ENDMOD        ?C?FPADD

  -------         MODULE        ?C?FPMUL
  C:0C9DH         PUBLIC        ?C?FPMUL
BL51 BANKED LINKER/LOCATER V6.22                                                      05/22/2019  12:01:23  PAGE 51


  -------         ENDMOD        ?C?FPMUL

  -------         MODULE        ?C?FPDIV
  C:0DA6H         PUBLIC        ?C?FPDIV
  -------         ENDMOD        ?C?FPDIV

  -------         MODULE        ?C?FPCMP
  C:0E45H         PUBLIC        ?C?FPCMP
  C:0E43H         PUBLIC        ?C?FPCMP3
  -------         ENDMOD        ?C?FPCMP

  -------         MODULE        ?C?FPNEG
  C:0EBCH         PUBLIC        ?C?FPNEG
  -------         ENDMOD        ?C?FPNEG

  -------         MODULE        ?C?FCAST
  C:0ED7H         PUBLIC        ?C?FCASTC
  C:0ED2H         PUBLIC        ?C?FCASTI
  C:0ECDH         PUBLIC        ?C?FCASTL
  -------         ENDMOD        ?C?FCAST

  -------         MODULE        ?C?CASTF
  C:0F0BH         PUBLIC        ?C?CASTF
  -------         ENDMOD        ?C?CASTF

  -------         MODULE        ATAN2
  X:04A4H         PUBLIC        ?_atan2?BYTE
  C:4ABAH         PUBLIC        _atan2
  -------         ENDMOD        ATAN2

  -------         MODULE        SIN
  C:3D1AH         PUBLIC        _COS
  C:3D30H         PUBLIC        _SIN
  C:3D6CH         PUBLIC        _TAN
  -------         ENDMOD        SIN

  -------         MODULE        ACOS
  C:5063H         PUBLIC        _ACOS
  -------         ENDMOD        ACOS

  -------         MODULE        ASIN
  C:5131H         PUBLIC        _ASIN
  -------         ENDMOD        ASIN

  -------         MODULE        POW
  X:03C1H         PUBLIC        ?_pow?BYTE
  C:3E5AH         PUBLIC        _pow
  -------         ENDMOD        POW

  -------         MODULE        ?C?CHKFLOAT
  C:0F8CH         PUBLIC        ?C?CHKFLOAT
  -------         ENDMOD        ?C?CHKFLOAT

  -------         MODULE        EXP
  C:4C2BH         PUBLIC        _EXP
  -------         ENDMOD        EXP

BL51 BANKED LINKER/LOCATER V6.22                                                      05/22/2019  12:01:23  PAGE 52


  -------         MODULE        LOG
  C:4149H         PUBLIC        _LOG
  C:4145H         PUBLIC        _LOG10
  -------         ENDMOD        LOG

  -------         MODULE        SQRT
  C:4971H         PUBLIC        _SQRT
  -------         ENDMOD        SQRT

  -------         MODULE        ATAN
  C:425EH         PUBLIC        _ATAN
  -------         ENDMOD        ATAN

  -------         MODULE        ?C?COPY
  C:10C3H         PUBLIC        ?C?COPY
  -------         ENDMOD        ?C?COPY

  -------         MODULE        ?C?CLDPTR
  C:10E9H         PUBLIC        ?C?CLDPTR
  -------         ENDMOD        ?C?CLDPTR

  -------         MODULE        ?C?CLDOPTR
  C:1102H         PUBLIC        ?C?CLDOPTR
  -------         ENDMOD        ?C?CLDOPTR

  -------         MODULE        ?C?CSTPTR
  C:112FH         PUBLIC        ?C?CSTPTR
  -------         ENDMOD        ?C?CSTPTR

  -------         MODULE        ?C?IMUL
  C:1141H         PUBLIC        ?C?IMUL
  -------         ENDMOD        ?C?IMUL

  -------         MODULE        ?C?UIDIV
  C:1153H         PUBLIC        ?C?UIDIV
  -------         ENDMOD        ?C?UIDIV

  -------         MODULE        ?C?SIDIV
  C:11A8H         PUBLIC        ?C?SIDIV
  -------         ENDMOD        ?C?SIDIV

  -------         MODULE        ?C?ILDIX
  C:11DEH         PUBLIC        ?C?ILDIX
  -------         ENDMOD        ?C?ILDIX

  -------         MODULE        ?C?ILDOPTR
  C:11F4H         PUBLIC        ?C?ILDOPTR
  -------         ENDMOD        ?C?ILDOPTR

  -------         MODULE        ?C?ISTPTR
  C:122CH         PUBLIC        ?C?ISTPTR
  -------         ENDMOD        ?C?ISTPTR

  -------         MODULE        ?C?LMUL
  C:124BH         PUBLIC        ?C?LMUL
  -------         ENDMOD        ?C?LMUL

BL51 BANKED LINKER/LOCATER V6.22                                                      05/22/2019  12:01:23  PAGE 53


  -------         MODULE        ?C?SLDIV
  C:50ADH         PUBLIC        ?C?SLDIV
  -------         ENDMOD        ?C?SLDIV

  -------         MODULE        ?C?LNEG
  C:129AH         PUBLIC        ?C?LNEG
  -------         ENDMOD        ?C?LNEG

  -------         MODULE        ?C?ULCMP
  C:12A8H         PUBLIC        ?C?ULCMP
  -------         ENDMOD        ?C?ULCMP

  -------         MODULE        ?C?LSHL
  C:12B9H         PUBLIC        ?C?LSHL
  -------         ENDMOD        ?C?LSHL

  -------         MODULE        ?C?LLDPTR
  C:12CCH         PUBLIC        ?C?LLDPTR
  -------         ENDMOD        ?C?LLDPTR

  -------         MODULE        ?C?LLDOPTR
  C:12ECH         PUBLIC        ?C?LLDOPTR
  -------         ENDMOD        ?C?LLDOPTR

  -------         MODULE        ?C?LSTPTR
  C:131CH         PUBLIC        ?C?LSTPTR
  -------         ENDMOD        ?C?LSTPTR

  -------         MODULE        ?C?LSTOPTR
  C:1336H         PUBLIC        ?C?LSTOPTR
  -------         ENDMOD        ?C?LSTOPTR

  -------         MODULE        ?C?LLDXDATA
  C:135AH         PUBLIC        ?C?LLDXDATA
  -------         ENDMOD        ?C?LLDXDATA

  -------         MODULE        ?C?LLDCODE
  C:1366H         PUBLIC        ?C?LLDCODE
  -------         ENDMOD        ?C?LLDCODE

  -------         MODULE        ?C?LLDXDATA0
  C:1376H         PUBLIC        ?C?LLDXDATA0
  -------         ENDMOD        ?C?LLDXDATA0

  -------         MODULE        ?C?LLDCODE0
  C:1382H         PUBLIC        ?C?LLDCODE0
  -------         ENDMOD        ?C?LLDCODE0

  -------         MODULE        ?C?LLDPTR0
  C:1392H         PUBLIC        ?C?LLDPTR0
  -------         ENDMOD        ?C?LLDPTR0

  -------         MODULE        ?C?LSTXDATA
  C:13B2H         PUBLIC        ?C?LSTXDATA
  -------         ENDMOD        ?C?LSTXDATA

  -------         MODULE        ?C?LSTKXDATA
BL51 BANKED LINKER/LOCATER V6.22                                                      05/22/2019  12:01:23  PAGE 54


  C:13BEH         PUBLIC        ?C?LSTKXDATA
  -------         ENDMOD        ?C?LSTKXDATA

  -------         MODULE        ?C?LSTKPTR
  C:13EFH         PUBLIC        ?C?LSTKPTR
  -------         ENDMOD        ?C?LSTKPTR

  -------         MODULE        ?C?OFFXADD
  C:1409H         PUBLIC        ?C?OFFXADD
  -------         ENDMOD        ?C?OFFXADD

  -------         MODULE        ATOI
  C:4667H         PUBLIC        _atoi
  -------         ENDMOD        ATOI

  -------         MODULE        ?C?IILDX
  C:1415H         PUBLIC        ?C?IILDX
  -------         ENDMOD        ?C?IILDX

  -------         MODULE        ?C?ULDIV
  C:1467H         PUBLIC        ?C?ULDIV
  -------         ENDMOD        ?C?ULDIV

  -------         MODULE        ?C?LLDIDATA
  C:14F9H         PUBLIC        ?C?LLDIDATA
  -------         ENDMOD        ?C?LLDIDATA

  -------         MODULE        ?C?LLDPDATA
  C:1505H         PUBLIC        ?C?LLDPDATA
  -------         ENDMOD        ?C?LLDPDATA

  -------         MODULE        ?C?LLDIDATA0
  C:1511H         PUBLIC        ?C?LLDIDATA0
  -------         ENDMOD        ?C?LLDIDATA0

  -------         MODULE        ?C?LLDPDATA0
  C:151EH         PUBLIC        ?C?LLDPDATA0
  -------         ENDMOD        ?C?LLDPDATA0

  -------         MODULE        ?C?LSTIDATA
  C:152BH         PUBLIC        ?C?LSTIDATA
  -------         ENDMOD        ?C?LSTIDATA

  -------         MODULE        ?C?LSTPDATA
  C:1537H         PUBLIC        ?C?LSTPDATA
  -------         ENDMOD        ?C?LSTPDATA

  -------         MODULE        ?C?LSTKIDATA
  C:1543H         PUBLIC        ?C?LSTKIDATA
  -------         ENDMOD        ?C?LSTKIDATA

  -------         MODULE        ?C?LSTKPDATA
  C:155CH         PUBLIC        ?C?LSTKPDATA
  -------         ENDMOD        ?C?LSTKPDATA

  -------         MODULE        ISDIGIT
  C:5499H         PUBLIC        _isdigit
BL51 BANKED LINKER/LOCATER V6.22                                                      05/22/2019  12:01:23  PAGE 55


  -------         ENDMOD        ISDIGIT

  -------         MODULE        ISSPACE
  C:5434H         PUBLIC        _isspace
  -------         ENDMOD        ISSPACE

*** WARNING L16: UNCALLED SEGMENT, IGNORED FOR OVERLAY PROCESS
    SEGMENT: ?PR?_DAY_OF_YEAR?PCF85063BTL

*** WARNING L16: UNCALLED SEGMENT, IGNORED FOR OVERLAY PROCESS
    SEGMENT: ?PR?INITUART1?UART1

*** WARNING L16: UNCALLED SEGMENT, IGNORED FOR OVERLAY PROCESS
    SEGMENT: ?PR?_SENDSTRING?UART1

*** WARNING L16: UNCALLED SEGMENT, IGNORED FOR OVERLAY PROCESS
    SEGMENT: ?PR?_TEN?UART1

*** WARNING L16: UNCALLED SEGMENT, IGNORED FOR OVERLAY PROCESS
    SEGMENT: ?PR?_UNIT?UART1

*** WARNING L16: UNCALLED SEGMENT, IGNORED FOR OVERLAY PROCESS
    SEGMENT: ?PR?_DECTOBCD?UART1

*** WARNING L16: UNCALLED SEGMENT, IGNORED FOR OVERLAY PROCESS
    SEGMENT: ?PR?_ASCII_LETTER?UART1

*** WARNING L16: UNCALLED SEGMENT, IGNORED FOR OVERLAY PROCESS
    SEGMENT: ?PR?_ASCIITOBCD?UART1

*** WARNING L16: UNCALLED SEGMENT, IGNORED FOR OVERLAY PROCESS
    SEGMENT: ?PR?NOP?IOEXPANDER_PI4IOE5V96248

*** WARNING L16: UNCALLED SEGMENT, IGNORED FOR OVERLAY PROCESS
    SEGMENT: ?PR?UC_ACK?IOEXPANDER_PI4IOE5V96248

*** WARNING L16: UNCALLED SEGMENT, IGNORED FOR OVERLAY PROCESS
    SEGMENT: ?PR?UC_NACK?IOEXPANDER_PI4IOE5V96248

*** WARNING L16: UNCALLED SEGMENT, IGNORED FOR OVERLAY PROCESS
    SEGMENT: ?PR?_AT25SF041_READ?AT25SF041

*** WARNING L1: UNRESOLVED EXTERNAL SYMBOL
    SYMBOL:  SI1120_CONFIG_MODE_VIRH
    MODULE:  .\Obj\main.obj (MAIN)

*** WARNING L1: UNRESOLVED EXTERNAL SYMBOL
    SYMBOL:  ENABLE_EXTINT0
    MODULE:  .\Obj\main.obj (MAIN)

*** WARNING L2: REFERENCE MADE TO UNRESOLVED EXTERNAL
    SYMBOL:  SI1120_CONFIG_MODE_VIRH
    MODULE:  .\Obj\main.obj (MAIN)
    ADDRESS: 0071H

*** WARNING L2: REFERENCE MADE TO UNRESOLVED EXTERNAL
    SYMBOL:  ENABLE_EXTINT0
BL51 BANKED LINKER/LOCATER V6.22                                                      05/22/2019  12:01:23  PAGE 56


    MODULE:  .\Obj\main.obj (MAIN)
    ADDRESS: 0074H

*** WARNING L1: UNRESOLVED EXTERNAL SYMBOL
    SYMBOL:  _SENDUART1
    MODULE:  .\Obj\UART1.obj (UART1)

*** WARNING L2: REFERENCE MADE TO UNRESOLVED EXTERNAL
    SYMBOL:  _SENDUART1
    MODULE:  .\Obj\UART1.obj (UART1)
    ADDRESS: 519AH

Program Size: data=9.6 xdata=1551 code=21732
LINK/LOCATE RUN COMPLETE.  18 WARNING(S),  0 ERROR(S)
