BL51 BANKED LINKER/LOCATER V6.22                                                        01/29/2019  12:29:44  PAGE 1


BL51 BANKED LINKER/LOCATER V6.22, INVOKED BY:
C:\KEIL_V5\C51\BIN\BL51.EXE .\Obj\main.obj, .\Obj\PCF85063BTL.obj, .\Obj\UART1.obj, .\Obj\LCd_Driver_SPLC780D.obj, .\Obj
>> \KeyPad.obj, .\Obj\BipolarMotor.obj, .\Obj\SunPos.obj, .\Obj\ADC.obj, .\Obj\Calibration.obj, .\Obj\IOExpander_PI4IOE5
>> V96248.obj, .\Obj\STARTUP.obj TO .\Obj\GPIO_RTC_Test PRINT (.\Lis\GPIO_RTC_Test.m51) RAMSIZE (256)


MEMORY MODEL: LARGE WITH FLOATING POINT ARITHMETIC


INPUT MODULES INCLUDED:
  .\Obj\main.obj (MAIN)
  .\Obj\PCF85063BTL.obj (PCF85063BTL)
  .\Obj\UART1.obj (UART1)
  .\Obj\LCd_Driver_SPLC780D.obj (LCD_DRIVER_SPLC780D)
  .\Obj\KeyPad.obj (KEYPAD)
  .\Obj\BipolarMotor.obj (BIPOLARMOTOR)
  .\Obj\SunPos.obj (SUNPOS)
  .\Obj\ADC.obj (ADC)
  .\Obj\Calibration.obj (CALIBRATION)
  .\Obj\IOExpander_PI4IOE5V96248.obj (IOEXPANDER_PI4IOE5V96248)
  .\Obj\STARTUP.obj (?C_STARTUP)
  C:\KEIL_V5\C51\LIB\C51FPL.LIB (?C?FPADD)
  C:\KEIL_V5\C51\LIB\C51FPL.LIB (?C?FPMUL)
  C:\KEIL_V5\C51\LIB\C51FPL.LIB (?C?FPDIV)
  C:\KEIL_V5\C51\LIB\C51FPL.LIB (?C?FPCMP)
  C:\KEIL_V5\C51\LIB\C51FPL.LIB (?C?FPNEG)
  C:\KEIL_V5\C51\LIB\C51FPL.LIB (?C?FCAST)
  C:\KEIL_V5\C51\LIB\C51FPL.LIB (?C?CASTF)
  C:\KEIL_V5\C51\LIB\C51FPL.LIB (ATAN2)
  C:\KEIL_V5\C51\LIB\C51FPL.LIB (SIN)
  C:\KEIL_V5\C51\LIB\C51FPL.LIB (ACOS)
  C:\KEIL_V5\C51\LIB\C51FPL.LIB (ASIN)
  C:\KEIL_V5\C51\LIB\C51FPL.LIB (?C?FPGETOPN)
  C:\KEIL_V5\C51\LIB\C51FPL.LIB (?C?FPSERIES)
  C:\KEIL_V5\C51\LIB\C51FPL.LIB (SQRT)
  C:\KEIL_V5\C51\LIB\C51FPL.LIB (ATAN)
  C:\KEIL_V5\C51\LIB\C51L.LIB (?C_INIT)
  C:\KEIL_V5\C51\LIB\C51L.LIB (?C?COPY)
  C:\KEIL_V5\C51\LIB\C51L.LIB (?C?CLDPTR)
  C:\KEIL_V5\C51\LIB\C51L.LIB (?C?CLDOPTR)
  C:\KEIL_V5\C51\LIB\C51L.LIB (?C?CSTPTR)
  C:\KEIL_V5\C51\LIB\C51L.LIB (?C?IMUL)
  C:\KEIL_V5\C51\LIB\C51L.LIB (?C?UIDIV)
  C:\KEIL_V5\C51\LIB\C51L.LIB (?C?SIDIV)
  C:\KEIL_V5\C51\LIB\C51L.LIB (?C?ILDIX)
  C:\KEIL_V5\C51\LIB\C51L.LIB (?C?ILDOPTR)
  C:\KEIL_V5\C51\LIB\C51L.LIB (?C?LMUL)
  C:\KEIL_V5\C51\LIB\C51L.LIB (?C?SLDIV)
  C:\KEIL_V5\C51\LIB\C51L.LIB (?C?LNEG)
  C:\KEIL_V5\C51\LIB\C51L.LIB (?C?LLDPTR)
  C:\KEIL_V5\C51\LIB\C51L.LIB (?C?LLDOPTR)
  C:\KEIL_V5\C51\LIB\C51L.LIB (?C?LSTPTR)
  C:\KEIL_V5\C51\LIB\C51L.LIB (?C?LSTOPTR)
  C:\KEIL_V5\C51\LIB\C51L.LIB (?C?LLDXDATA)
  C:\KEIL_V5\C51\LIB\C51L.LIB (?C?LLDCODE)
  C:\KEIL_V5\C51\LIB\C51L.LIB (?C?LLDXDATA0)
  C:\KEIL_V5\C51\LIB\C51L.LIB (?C?LLDCODE0)
  C:\KEIL_V5\C51\LIB\C51L.LIB (?C?LLDPTR0)
BL51 BANKED LINKER/LOCATER V6.22                                                      01/29/2019  12:29:44  PAGE 2


  C:\KEIL_V5\C51\LIB\C51L.LIB (?C?LSTXDATA)
  C:\KEIL_V5\C51\LIB\C51L.LIB (?C?LSTKXDATA)
  C:\KEIL_V5\C51\LIB\C51L.LIB (?C?OFFXADD)
  C:\KEIL_V5\C51\LIB\C51L.LIB (ABS)
  C:\KEIL_V5\C51\LIB\C51L.LIB (ATOI)
  C:\KEIL_V5\C51\LIB\C51L.LIB (?C?IILDX)
  C:\KEIL_V5\C51\LIB\C51L.LIB (?C?ULDIV)
  C:\KEIL_V5\C51\LIB\C51L.LIB (?C?LLDIDATA)
  C:\KEIL_V5\C51\LIB\C51L.LIB (?C?LLDPDATA)
  C:\KEIL_V5\C51\LIB\C51L.LIB (?C?LLDIDATA0)
  C:\KEIL_V5\C51\LIB\C51L.LIB (?C?LLDPDATA0)
  C:\KEIL_V5\C51\LIB\C51L.LIB (?C?LSTIDATA)
  C:\KEIL_V5\C51\LIB\C51L.LIB (?C?LSTPDATA)
  C:\KEIL_V5\C51\LIB\C51L.LIB (ISDIGIT)
  C:\KEIL_V5\C51\LIB\C51L.LIB (ISSPACE)


LINK MAP OF MODULE:  .\Obj\GPIO_RTC_Test (MAIN)


            TYPE    BASE      LENGTH    RELOCATION   SEGMENT NAME
            -----------------------------------------------------

            * * * * * * *   D A T A   M E M O R Y   * * * * * * *
            REG     0000H     0008H     ABSOLUTE     "REG BANK 0"
                    0008H     0018H                  *** GAP ***
            BIT     0020H.0   0000H.5   UNIT         ?BI?KEYPAD
            BIT     0020H.5   0000H.3   UNIT         _BIT_GROUP_
            BIT     0021H.0   0000H.1   UNIT         ?BI?MAIN
            BIT     0021H.1   0000H.1   UNIT         ?BI?_ATOI?ATOI
                    0021H.2   0000H.6                *** GAP ***
            IDATA   0022H     0001H     UNIT         ?STACK

            * * * * * * *  X D A T A   M E M O R Y  * * * * * * *
            XDATA   0000H     039FH     UNIT         ?XD?BIPOLARMOTOR
            XDATA   039FH     0121H     UNIT         _XDATA_GROUP_
            XDATA   04C0H     00D4H     UNIT         ?XD?MAIN
            XDATA   0594H     0040H     UNIT         ?XD?_FINDDET4X4?BIPOLARMOTOR
            XDATA   05D4H     0024H     UNIT         ?XD?_FINDDET3X3?BIPOLARMOTOR
            XDATA   05F8H     0009H     UNIT         ?XD?KEYPAD
            XDATA   0601H     0005H     UNIT         ?XD?_ATOI?ATOI
            XDATA   0606H     0004H     UNIT         ?XD?_DISPLAY_PROX?MAIN
            XDATA   060AH     0003H     UNIT         ?XD?_SENDSTRING?UART1
            XDATA   060DH     0001H     UNIT         ?XD?UC_ACK?IOEXPANDER_PI4IOE5V96248
            XDATA   060EH     0001H     UNIT         ?XD?UC_NACK?IOEXPANDER_PI4IOE5V96248

            * * * * * * *   C O D E   M E M O R Y   * * * * * * *
            CODE    0000H     0003H     ABSOLUTE     
            CODE    0003H     0006H     UNIT         ?PR?_TEN?UART1
            CODE    0009H     0001H     UNIT         ?PR?TM0_ISR?MAIN
            CODE    000AH     0001H     UNIT         ?PR?_DECTOBCD?UART1
            CODE    000BH     0003H     ABSOLUTE     
            CODE    000EH     0A48H     UNIT         ?PR?_UPDATE_POSITION?BIPOLARMOTOR
            CODE    0A56H     0927H     UNIT         ?C?LIB_CODE
            CODE    137DH     0849H     UNIT         ?PR?MAIN?MAIN
            CODE    1BC6H     07A2H     UNIT         ?PR?SUNPOS?SUNPOS
            CODE    2368H     0405H     UNIT         ?C_INITSEG
BL51 BANKED LINKER/LOCATER V6.22                                                      01/29/2019  12:29:44  PAGE 3


            CODE    276DH     02C0H     UNIT         ?PR?_FINDDET4X4?BIPOLARMOTOR
            CODE    2A2DH     02A0H     UNIT         ?PR?KEY_PROCESS?KEYPAD
            CODE    2CCDH     01D1H     UNIT         ?PR?_FINDDET3X3?BIPOLARMOTOR
            CODE    2E9EH     01B5H     UNIT         ?PR?_DISPLAY_POS?MAIN
            CODE    3053H     018DH     UNIT         ?PR?KEY_SCAN?KEYPAD
            CODE    31E0H     0188H     UNIT         ?PR?SIN?SIN
            CODE    3368H     013EH     UNIT         ?PR?_FIND_REAL_MAX?CALIBRATION
            CODE    34A6H     0122H     UNIT         ?PR?ATAN?ATAN
            CODE    35C8H     00E4H     UNIT         ?PR?_CALIBRATION?CALIBRATION
            CODE    36ACH     00DBH     UNIT         ?PR?_ATOI?ATOI
            CODE    3787H     00C3H     UNIT         ?PR?LINEAR_INTERPOLATE?BIPOLARMOTOR
            CODE    384AH     00BBH     UNIT         ?PR?VOLTAGE_IS_STABLE?CALIBRATION
            CODE    3905H     00ADH     UNIT         ?PR?_WRITE_PI4IOE5V96248?IOEXPANDER_PI4IOE5V96248
            CODE    39B2H     00ACH     UNIT         ?PR?SQRT?SQRT
            CODE    3A5EH     009DH     UNIT         ?PR?_ATAN2?ATAN2
            CODE    3AFBH     0096H     UNIT         ?PR?_MAX_VALUE?CALIBRATION
            CODE    3B91H     0095H     UNIT         ?PR?_DISPLAY_PROX?MAIN
            CODE    3C26H     008CH     UNIT         ?C_C51STARTUP
            CODE    3CB2H     0084H     UNIT         ?PR?_DAY_OF_YEAR?PCF85063BTL
            CODE    3D36H     0075H     UNIT         ?PR?_WRITEDATA?LCD_DRIVER_SPLC780D
            CODE    3DABH     006FH     UNIT         ?PR?_READ_TIME?PCF85063BTL
            CODE    3E1AH     0059H     UNIT         ?PR?LCD_INIT?LCD_DRIVER_SPLC780D
            CODE    3E73H     004AH     UNIT         ?PR?VONESTEPMOVE?BIPOLARMOTOR
            CODE    3EBDH     004AH     UNIT         ?PR?ACOS?ACOS
            CODE    3F07H     0044H     UNIT         ?C?LDIV
            CODE    3F4BH     0040H     UNIT         ?PR?_COMMAND?LCD_DRIVER_SPLC780D
            CODE    3F8BH     0040H     UNIT         ?PR?_STEP_MOVE?BIPOLARMOTOR
            CODE    3FCBH     003BH     UNIT         ?PR?ASIN?ASIN
            CODE    4006H     0033H     UNIT         ?PR?_SENDSTRING?UART1
            CODE    4039H     002BH     UNIT         ?PR?_WAIT_MS_I2C?IOEXPANDER_PI4IOE5V96248
            CODE    4064H     0028H     UNIT         ?PR?_MOVE?BIPOLARMOTOR
            CODE    408CH     0027H     UNIT         ?PR?_I2C_SENDBYTE?IOEXPANDER_PI4IOE5V96248
            CODE    40B3H     0026H     UNIT         ?PR?_ADC_GETRESULT?ADC
            CODE    40D9H     0024H     UNIT         ?PR?_WAIT_MS?LCD_DRIVER_SPLC780D
            CODE    40FDH     0020H     UNIT         ?PR?_SPI_SENDBYTE?PCF85063BTL
            CODE    411DH     0020H     UNIT         ?PR?SPI_RECEIVEBYTE?PCF85063BTL
            CODE    413DH     001EH     UNIT         ?PR?_DELAY_MS?KEYPAD
            CODE    415BH     001DH     UNIT         ?PR?_DISPLAYLCD?LCD_DRIVER_SPLC780D
            CODE    4178H     001DH     UNIT         ?PR?ADC_INIT?ADC
            CODE    4195H     001BH     UNIT         ?PR?_BCDTODEC1?BIPOLARMOTOR
            CODE    41B0H     0018H     UNIT         ?PR?_SPI_WRITETIME?PCF85063BTL
            CODE    41C8H     0017H     UNIT         ?PR?_ASCIITOBCD?UART1
            CODE    41DFH     0016H     UNIT         ?PR?I2C_ACK?IOEXPANDER_PI4IOE5V96248
            CODE    41F5H     0015H     UNIT         ?PR?_DISPLAY_LINE?LCD_DRIVER_SPLC780D
            CODE    420AH     0015H     UNIT         ?PR?I2C_STOP?IOEXPANDER_PI4IOE5V96248
            CODE    421FH     0014H     UNIT         ?PR?_PCF85063BTL_DELAY?PCF85063BTL
            CODE    4233H     0014H     UNIT         ?PR?_ISSPACE?ISSPACE
            CODE    4247H     0011H     UNIT         ?PR?_SPI_READTIME?PCF85063BTL
            CODE    4258H     0011H     UNIT         ?PR?_BCDTODEC?PCF85063BTL
            CODE    4269H     0011H     UNIT         ?PR?INITUART1?UART1
            CODE    427AH     000FH     UNIT         ?PR?I2C_START?IOEXPANDER_PI4IOE5V96248
            CODE    4289H     000FH     UNIT         ?PR?UC_NACK?IOEXPANDER_PI4IOE5V96248
            CODE    4298H     000FH     UNIT         ?PR?_ISDIGIT?ISDIGIT
            CODE    42A7H     000DH     UNIT         ?PR?SPI_INIT?PCF85063BTL
            CODE    42B4H     000CH     UNIT         ?PR?KEYPAD_IO_INIT?KEYPAD
            CODE    42C0H     000CH     UNIT         ?PR?_ABS?ABS
            CODE    42CCH     000AH     UNIT         ?PR?LCD_RETURN_HOME?LCD_DRIVER_SPLC780D
BL51 BANKED LINKER/LOCATER V6.22                                                      01/29/2019  12:29:44  PAGE 4


            CODE    42D6H     000AH     UNIT         ?PR?LCD_CLEAR?LCD_DRIVER_SPLC780D
            CODE    42E0H     0006H     UNIT         ?PR?UC_ACK?IOEXPANDER_PI4IOE5V96248
            CODE    42E6H     0005H     UNIT         ?PR?_UNIT?UART1
            CODE    42EBH     0005H     UNIT         ?PR?_ASCII_LETTER?UART1
            CODE    42F0H     0001H     UNIT         ?PR?WAIT?BIPOLARMOTOR
            CODE    42F1H     0001H     UNIT         ?PR?NOP?IOEXPANDER_PI4IOE5V96248



OVERLAY MAP OF MODULE:   .\Obj\GPIO_RTC_Test (MAIN)


SEGMENT                                             BIT_GROUP          XDATA_GROUP
  +--> CALLED SEGMENT                            START    LENGTH     START    LENGTH
------------------------------------------------------------------------------------
?C_C51STARTUP                                    -----    -----      -----    -----
  +--> ?PR?MAIN?MAIN
  +--> ?C_INITSEG

?PR?MAIN?MAIN                                    -----    -----      039FH    0019H
  +--> ?PR?LCD_INIT?LCD_DRIVER_SPLC780D
  +--> ?PR?SPI_INIT?PCF85063BTL
  +--> ?PR?KEYPAD_IO_INIT?KEYPAD
  +--> ?PR?ADC_INIT?ADC
  +--> ?PR?_SPI_WRITETIME?PCF85063BTL
  +--> ?PR?_DELAY_MS?KEYPAD
  +--> ?PR?_DISPLAY_LINE?LCD_DRIVER_SPLC780D
  +--> ?PR?_WRITEDATA?LCD_DRIVER_SPLC780D
  +--> ?PR?KEY_PROCESS?KEYPAD
  +--> ?PR?_COMMAND?LCD_DRIVER_SPLC780D
  +--> ?PR?_DISPLAY_POS?MAIN
  +--> ?PR?_DISPLAYLCD?LCD_DRIVER_SPLC780D
  +--> ?PR?_STEP_MOVE?BIPOLARMOTOR
  +--> ?PR?LCD_RETURN_HOME?LCD_DRIVER_SPLC780D
  +--> ?PR?_READ_TIME?PCF85063BTL
  +--> ?PR?_BCDTODEC1?BIPOLARMOTOR
  +--> ?PR?_CALIBRATION?CALIBRATION
  +--> ?PR?LINEAR_INTERPOLATE?BIPOLARMOTOR
  +--> ?PR?_UPDATE_POSITION?BIPOLARMOTOR

?PR?LCD_INIT?LCD_DRIVER_SPLC780D                 -----    -----      -----    -----
  +--> ?PR?_WAIT_MS?LCD_DRIVER_SPLC780D
  +--> ?PR?_COMMAND?LCD_DRIVER_SPLC780D

?PR?_COMMAND?LCD_DRIVER_SPLC780D                 -----    -----      -----    -----
  +--> ?PR?_WAIT_MS?LCD_DRIVER_SPLC780D

?PR?ADC_INIT?ADC                                 -----    -----      -----    -----
  +--> ?PR?_WAIT_MS?LCD_DRIVER_SPLC780D

?PR?_SPI_WRITETIME?PCF85063BTL                   -----    -----      -----    -----
  +--> ?PR?_SPI_SENDBYTE?PCF85063BTL

?PR?_SPI_SENDBYTE?PCF85063BTL                    -----    -----      -----    -----
  +--> ?PR?_PCF85063BTL_DELAY?PCF85063BTL

?PR?_DISPLAY_LINE?LCD_DRIVER_SPLC780D            -----    -----      -----    -----
BL51 BANKED LINKER/LOCATER V6.22                                                      01/29/2019  12:29:44  PAGE 5


  +--> ?PR?_COMMAND?LCD_DRIVER_SPLC780D

?PR?_WRITEDATA?LCD_DRIVER_SPLC780D               -----    -----      03C2H    0001H
  +--> ?PR?_WAIT_MS?LCD_DRIVER_SPLC780D

?PR?KEY_PROCESS?KEYPAD                           -----    -----      03B8H    0006H
  +--> ?PR?KEY_SCAN?KEYPAD
  +--> ?PR?_SPI_WRITETIME?PCF85063BTL
  +--> ?PR?LCD_CLEAR?LCD_DRIVER_SPLC780D
  +--> ?PR?_COMMAND?LCD_DRIVER_SPLC780D
  +--> ?PR?_WRITEDATA?LCD_DRIVER_SPLC780D

?PR?KEY_SCAN?KEYPAD                              -----    -----      03BEH    0003H

?PR?LCD_CLEAR?LCD_DRIVER_SPLC780D                -----    -----      -----    -----
  +--> ?PR?_COMMAND?LCD_DRIVER_SPLC780D

?PR?_DISPLAY_POS?MAIN                            -----    -----      03B8H    000AH
  +--> ?PR?_ABS?ABS
  +--> ?PR?_WRITEDATA?LCD_DRIVER_SPLC780D

?PR?_DISPLAYLCD?LCD_DRIVER_SPLC780D              -----    -----      03B8H    0001H
  +--> ?PR?_WRITEDATA?LCD_DRIVER_SPLC780D

?PR?_STEP_MOVE?BIPOLARMOTOR                      0020H.6  0000H.1    0454H    0004H
  +--> ?PR?VONESTEPMOVE?BIPOLARMOTOR

?PR?VONESTEPMOVE?BIPOLARMOTOR                    0020H.7  0000H.1    -----    -----
  +--> ?PR?_WRITE_PI4IOE5V96248?IOEXPANDER_P...
  +--> ?PR?_DELAY_MS?KEYPAD

?PR?_WRITE_PI4IOE5V96248?IOEXPANDER_P...         -----    -----      0458H    0003H
  +--> ?PR?I2C_START?IOEXPANDER_PI4IOE5V96248
  +--> ?PR?_WAIT_MS_I2C?IOEXPANDER_PI4IOE5V9...
  +--> ?PR?_I2C_SENDBYTE?IOEXPANDER_PI4IOE5V...
  +--> ?PR?I2C_ACK?IOEXPANDER_PI4IOE5V96248
  +--> ?PR?I2C_STOP?IOEXPANDER_PI4IOE5V96248

?PR?I2C_START?IOEXPANDER_PI4IOE5V96248           -----    -----      -----    -----
  +--> ?PR?_WAIT_MS_I2C?IOEXPANDER_PI4IOE5V9...

?PR?_I2C_SENDBYTE?IOEXPANDER_PI4IOE5V...         -----    -----      -----    -----
  +--> ?PR?_WAIT_MS_I2C?IOEXPANDER_PI4IOE5V9...

?PR?I2C_ACK?IOEXPANDER_PI4IOE5V96248             -----    -----      045BH    0001H
  +--> ?PR?_WAIT_MS_I2C?IOEXPANDER_PI4IOE5V9...

?PR?I2C_STOP?IOEXPANDER_PI4IOE5V96248            -----    -----      -----    -----
  +--> ?PR?_WAIT_MS_I2C?IOEXPANDER_PI4IOE5V9...

?PR?LCD_RETURN_HOME?LCD_DRIVER_SPLC780D          -----    -----      -----    -----
  +--> ?PR?_COMMAND?LCD_DRIVER_SPLC780D

?PR?_READ_TIME?PCF85063BTL                       -----    -----      03B8H    000FH
  +--> ?PR?_SPI_READTIME?PCF85063BTL

?PR?_SPI_READTIME?PCF85063BTL                    -----    -----      -----    -----
BL51 BANKED LINKER/LOCATER V6.22                                                      01/29/2019  12:29:44  PAGE 6


  +--> ?PR?_SPI_SENDBYTE?PCF85063BTL
  +--> ?PR?SPI_RECEIVEBYTE?PCF85063BTL

?PR?SPI_RECEIVEBYTE?PCF85063BTL                  -----    -----      -----    -----
  +--> ?PR?_PCF85063BTL_DELAY?PCF85063BTL

?PR?_CALIBRATION?CALIBRATION                     -----    -----      03B8H    0014H
  +--> ?PR?VOLTAGE_IS_STABLE?CALIBRATION
  +--> ?PR?_UPDATE_POSITION?BIPOLARMOTOR
  +--> ?PR?_FIND_REAL_MAX?CALIBRATION

?PR?VOLTAGE_IS_STABLE?CALIBRATION                -----    -----      03CCH    0018H
  +--> ?PR?_ADC_GETRESULT?ADC
  +--> ?PR?_ABS?ABS

?PR?_UPDATE_POSITION?BIPOLARMOTOR                -----    -----      03CCH    008BH
  +--> ?PR?_BCDTODEC1?BIPOLARMOTOR
  +--> ?PR?SUNPOS?SUNPOS
  +--> ?PR?SIN?SIN
  +--> ?PR?ASIN?ASIN
  +--> ?PR?LINEAR_INTERPOLATE?BIPOLARMOTOR
  +--> ?PR?_ABS?ABS

?PR?SUNPOS?SUNPOS                                -----    -----      0457H    005DH
  +--> ?PR?SIN?SIN
  +--> ?PR?_ATAN2?ATAN2
  +--> ?PR?ASIN?ASIN
  +--> ?PR?ACOS?ACOS

?PR?SIN?SIN                                      0020H.5  0000H.1    04B4H    0004H

?PR?_ATAN2?ATAN2                                 -----    -----      04B4H    0008H
  +--> ?PR?ATAN?ATAN

?PR?ATAN?ATAN                                    0020H.5  0000H.2    04BCH    0004H

?PR?ASIN?ASIN                                    -----    -----      -----    -----
  +--> ?PR?SQRT?SQRT
  +--> ?PR?ATAN?ATAN

?PR?SQRT?SQRT                                    -----    -----      04B4H    0004H

?PR?ACOS?ACOS                                    -----    -----      -----    -----
  +--> ?PR?SQRT?SQRT
  +--> ?PR?ATAN?ATAN

?PR?LINEAR_INTERPOLATE?BIPOLARMOTOR              -----    -----      0457H    0014H

?PR?_FIND_REAL_MAX?CALIBRATION                   -----    -----      03CCH    0084H
  +--> ?PR?_MOVE?BIPOLARMOTOR
  +--> ?PR?_ADC_GETRESULT?ADC
  +--> ?PR?_WAIT_MS?LCD_DRIVER_SPLC780D
  +--> ?PR?_MAX_VALUE?CALIBRATION

?PR?_MOVE?BIPOLARMOTOR                           0020H.5  0000H.1    0450H    0004H
  +--> ?PR?_STEP_MOVE?BIPOLARMOTOR

BL51 BANKED LINKER/LOCATER V6.22                                                      01/29/2019  12:29:44  PAGE 7


?PR?_MAX_VALUE?CALIBRATION                       -----    -----      0450H    0004H



UNRESOLVED EXTERNAL SYMBOLS:
   AUTO_MODE
   _SENDUART1



SYMBOL TABLE OF MODULE:  .\Obj\GPIO_RTC_Test (MAIN)

  VALUE           TYPE          NAME
  ----------------------------------

  -------         MODULE        MAIN
  C:0000H         SYMBOL        _ICE_DUMMY_
  X:04C8H         PUBLIC        calib_value
  D:0080H         PUBLIC        P0
  D:00B2H         PUBLIC        P3M0
  D:0090H         PUBLIC        P1
  D:00B1H         PUBLIC        P3M1
  D:00A0H         PUBLIC        P2
  D:00B0H         PUBLIC        P3
  D:00C0H         PUBLIC        P4
  D:00C8H         PUBLIC        P5
  X:051CH         SYMBOL        PressedKey
  B:00A8H.7       PUBLIC        EA
  D:00E8H         PUBLIC        P6
  X:0520H         PUBLIC        calib_stamp
  D:00F8H         PUBLIC        P7
  X:0521H         PUBLIC        RX_Data_Uart_Cnt
  D:00A8H         PUBLIC        IE
  X:0523H         PUBLIC        calib_time
  D:00B8H         PUBLIC        IP
  X:0577H         PUBLIC        months
  D:00D8H         PUBLIC        CCON
  C:137DH         PUBLIC        main
  X:0578H         PUBLIC        count
  X:057AH         PUBLIC        days
  X:057BH         PUBLIC        hours
  D:0098H         PUBLIC        SCON
  D:0089H         PUBLIC        TMOD
  D:0088H         PUBLIC        TCON
  B:00A0H.3       PUBLIC        P23
  X:057CH         SYMBOL        KeyCount
  X:057EH         PUBLIC        mins
  X:057FH         PUBLIC        Rec_data_hour
  B:00C8H.5       PUBLIC        P55
  X:0582H         PUBLIC        Rec_data_min
  D:008EH         PUBLIC        AUXR
  C:0009H         PUBLIC        tm0_isr
  B:0021H.0       PUBLIC        busy
  B:00A8H.1       PUBLIC        ET0
  D:008CH         PUBLIC        TH0
  X:0585H         PUBLIC        hour_count
  D:008AH         PUBLIC        TL0
BL51 BANKED LINKER/LOCATER V6.22                                                      01/29/2019  12:29:44  PAGE 8


  X:0586H         PUBLIC        min_count
  B:0088H.4       PUBLIC        TR0
  X:0587H         SYMBOL        KeyNum
  X:0588H         SYMBOL        KeyNum_Old
  X:0589H         PUBLIC        current_position
  X:058DH         PUBLIC        hours1
  X:058EH         PUBLIC        hours2
  C:3B91H         PUBLIC        _Display_Prox
  X:058FH         PUBLIC        mins1
  X:0590H         PUBLIC        mins2
  C:2E9EH         PUBLIC        _Display_Pos
  X:0591H         PUBLIC        seconds
  X:0592H         PUBLIC        st_time
  D:00D0H         PUBLIC        PSW
  -------         PROC          TM0_ISR
  C:0009H         LINE#         86
  C:0009H         LINE#         88
  -------         ENDPROC       TM0_ISR
  -------         PROC          MAIN
  -------         DO            
  X:039FH         SYMBOL        prox_data
  X:04C0H         SYMBOL        KeyCount
  X:04C2H         SYMBOL        KeyNum_Old
  X:04C3H         SYMBOL        KeyNum
  X:04C4H         SYMBOL        PressedKey
  X:03A1H         SYMBOL        prox_flag
  X:03A2H         SYMBOL        iUse_prevday_calib_value
  X:03A4H         SYMBOL        calib_point1
  X:03ACH         SYMBOL        calib_point2
  X:03B4H         SYMBOL        calib_day
  X:03B6H         SYMBOL        calib_count
  -------         ENDDO         
  C:137DH         LINE#         91
  C:137DH         LINE#         92
  C:137DH         LINE#         97
  C:1383H         LINE#         98
  C:1388H         LINE#         101
  C:138EH         LINE#         105
  C:1390H         LINE#         106
  C:1392H         LINE#         107
  C:1394H         LINE#         108
  C:1396H         LINE#         110
  C:139CH         LINE#         121
  C:139EH         LINE#         122
  C:13A1H         LINE#         123
  C:13A4H         LINE#         124
  C:13A7H         LINE#         125
  C:13AAH         LINE#         126
  C:13ADH         LINE#         129
  C:13B0H         LINE#         131
  C:13B3H         LINE#         133
  C:13B6H         LINE#         134
  C:13B9H         LINE#         135
  C:13BBH         LINE#         136
  C:13BDH         LINE#         137
  C:13BFH         LINE#         139
  C:13C1H         LINE#         140
BL51 BANKED LINKER/LOCATER V6.22                                                      01/29/2019  12:29:44  PAGE 9


  C:13C8H         LINE#         141
  C:13CFH         LINE#         142
  C:13D6H         LINE#         143
  C:13DDH         LINE#         147
  C:13E4H         LINE#         148
  C:13E9H         LINE#         149
  C:13EEH         LINE#         150
  C:13F3H         LINE#         151
  C:13F8H         LINE#         152
  C:13FDH         LINE#         155
  C:1416H         LINE#         156
  C:1416H         LINE#         157
  C:1432H         LINE#         158
  C:1479H         LINE#         159
  C:148AH         LINE#         160
  C:148AH         LINE#         161
  C:148AH         LINE#         162
  C:148DH         LINE#         165
  C:148DH         LINE#         168
  C:1492H         LINE#         169
  C:1497H         LINE#         171
  C:149CH         LINE#         172
  C:14A1H         LINE#         173
  C:14A6H         LINE#         174
  C:14ABH         LINE#         176
  C:14BCH         LINE#         178
  C:14C3H         LINE#         179
  C:14CBH         LINE#         180
  C:14D0H         LINE#         181
  C:14D8H         LINE#         182
  C:14DDH         LINE#         183
  C:14E7H         LINE#         184
  C:14ECH         LINE#         185
  C:14F4H         LINE#         187
  C:14FCH         LINE#         188
  C:1501H         LINE#         189
  C:150BH         LINE#         190
  C:150BH         LINE#         191
  C:150DH         LINE#         192
  C:150FH         LINE#         193
  C:1519H         LINE#         194
  C:1519H         LINE#         195
  C:151EH         LINE#         196
  C:151EH         LINE#         208
  C:152BH         LINE#         209
  C:152BH         LINE#         210
  C:1535H         LINE#         211
  C:154CH         LINE#         212
  C:154CH         LINE#         213
  C:154EH         LINE#         214
  C:1550H         LINE#         216
  C:1550H         LINE#         217
  C:155BH         LINE#         218
  C:155BH         LINE#         219
  C:1560H         LINE#         220
  C:1560H         LINE#         221
  C:156DH         LINE#         222
BL51 BANKED LINKER/LOCATER V6.22                                                      01/29/2019  12:29:44  PAGE 10


  C:156DH         LINE#         225
  C:1577H         LINE#         226
  C:158EH         LINE#         227
  C:158EH         LINE#         228
  C:1590H         LINE#         229
  C:1592H         LINE#         231
  C:1592H         LINE#         232
  C:159DH         LINE#         233
  C:159DH         LINE#         234
  C:15A2H         LINE#         235
  C:15A4H         LINE#         236
  C:15A4H         LINE#         245
  C:15C6H         LINE#         246
  C:15C6H         LINE#         247
  C:15D0H         LINE#         248
  C:15D6H         LINE#         249
  C:15D8H         LINE#         250
  C:15DAH         LINE#         251
  C:15DCH         LINE#         252
  C:15DCH         LINE#         253
  C:15DFH         LINE#         255
  C:15DFH         LINE#         256
  C:15E5H         LINE#         257
  C:15EDH         LINE#         258
  C:15F3H         LINE#         259
  C:15FBH         LINE#         260
  C:1636H         LINE#         264
  C:1643H         LINE#         265
  C:1643H         LINE#         267
  C:1676H         LINE#         268
  C:1683H         LINE#         269
  C:1683H         LINE#         271
  C:16A6H         LINE#         272
  C:16A6H         LINE#         273
  C:16C8H         LINE#         274
  C:16C8H         LINE#         275
  C:1744H         LINE#         276
  C:178AH         LINE#         280
  C:178DH         LINE#         281
  C:179EH         LINE#         282
  C:179EH         LINE#         283
  C:179EH         LINE#         285
  C:179EH         LINE#         289
  C:17A1H         LINE#         291
  C:17A1H         LINE#         292
  C:17C3H         LINE#         293
  C:17C3H         LINE#         294
  C:183FH         LINE#         295
  C:1894H         LINE#         296
  C:1894H         LINE#         297
  C:1894H         LINE#         298
  C:1897H         LINE#         302
  C:1897H         LINE#         305
  C:18BFH         LINE#         306
  C:18BFH         LINE#         307
  C:18E1H         LINE#         308
  C:18E1H         LINE#         309
BL51 BANKED LINKER/LOCATER V6.22                                                      01/29/2019  12:29:44  PAGE 11


  C:195DH         LINE#         310
  C:19B7H         LINE#         315
  C:19BAH         LINE#         316
  C:19CBH         LINE#         317
  C:19CBH         LINE#         318
  C:19D3H         LINE#         320
  C:19D3H         LINE#         323
  C:19D6H         LINE#         325
  C:19D6H         LINE#         327
  C:19F8H         LINE#         328
  C:19F8H         LINE#         329
  C:1A74H         LINE#         331
  C:1AA1H         LINE#         332
  C:1ABCH         LINE#         333
  C:1AE9H         LINE#         334
  C:1B04H         LINE#         336
  C:1BA0H         LINE#         339
  C:1BA0H         LINE#         340
  C:1BA0H         LINE#         341
  C:1BA0H         LINE#         343
  C:1BA0H         LINE#         346
  C:1BBCH         LINE#         347
  C:1BC1H         LINE#         349
  C:1BC3H         LINE#         350
  -------         ENDPROC       MAIN
  -------         PROC          _DISPLAY_PROX
  D:0002H         SYMBOL        dat
  -------         DO            
  X:0606H         SYMBOL        unit
  X:0607H         SYMBOL        ten
  X:0608H         SYMBOL        hundred
  X:0609H         SYMBOL        thousand
  -------         ENDDO         
  C:3B91H         LINE#         434
  C:3B95H         LINE#         435
  C:3B95H         LINE#         437
  C:3BA1H         LINE#         438
  C:3BB1H         LINE#         439
  C:3BCDH         LINE#         440
  C:3BFDH         LINE#         441
  C:3C07H         LINE#         442
  C:3C11H         LINE#         443
  C:3C1BH         LINE#         444
  C:3C25H         LINE#         446
  -------         ENDPROC       _DISPLAY_PROX
  -------         PROC          _DISPLAY_POS
  X:03B8H         SYMBOL        sign_dat
  -------         DO            
  X:03BCH         SYMBOL        unit
  X:03BDH         SYMBOL        ten
  X:03BEH         SYMBOL        hundred
  D:0003H         SYMBOL        thousand
  X:03BFH         SYMBOL        after_dot
  X:03C0H         SYMBOL        dat
  -------         ENDDO         
  C:2E9EH         LINE#         449
  C:2EA4H         LINE#         450
BL51 BANKED LINKER/LOCATER V6.22                                                      01/29/2019  12:29:44  PAGE 12


  C:2EA4H         LINE#         454
  C:2EC0H         LINE#         455
  C:2EDAH         LINE#         456
  C:2EFEH         LINE#         458
  C:2F48H         LINE#         460
  C:2F5FH         LINE#         461
  C:2F6CH         LINE#         462
  C:2F8EH         LINE#         463
  C:2FC3H         LINE#         464
  C:2FDBH         LINE#         465
  C:2FDBH         LINE#         467
  C:2FE5H         LINE#         468
  C:2FEFH         LINE#         469
  C:2FF9H         LINE#         470
  C:2FFEH         LINE#         471
  C:3008H         LINE#         472
  C:300DH         LINE#         473
  C:3012H         LINE#         474
  C:3014H         LINE#         475
  C:3016H         LINE#         477
  C:3016H         LINE#         479
  C:301BH         LINE#         480
  C:3025H         LINE#         481
  C:302FH         LINE#         482
  C:3039H         LINE#         483
  C:303EH         LINE#         484
  C:3048H         LINE#         485
  C:304DH         LINE#         486
  C:3052H         LINE#         488
  C:3052H         LINE#         490
  -------         ENDPROC       _DISPLAY_POS
  -------         ENDMOD        MAIN

  -------         MODULE        PCF85063BTL
  C:0000H         SYMBOL        _ICE_DUMMY_
  D:0096H         PUBLIC        P2M0
  D:0080H         PUBLIC        P0
  D:0095H         PUBLIC        P2M1
  D:0090H         PUBLIC        P1
  D:00A0H         PUBLIC        P2
  D:00B0H         PUBLIC        P3
  D:00C0H         PUBLIC        P4
  D:00C8H         PUBLIC        P5
  D:00E8H         PUBLIC        P6
  B:00A0H.1       PUBLIC        PCF85063BTL_SDI
  D:00F8H         PUBLIC        P7
  B:00A0H.2       PUBLIC        PCF85063BTL_SCK
  B:00A0H.1       PUBLIC        PCF85063BTL_SDO
  D:00A8H         PUBLIC        IE
  C:3DABH         PUBLIC        _Read_time
  C:4225H         PUBLIC        _PCF85063BTL_Delay
  D:00B8H         PUBLIC        IP
  D:00D8H         PUBLIC        CCON
  C:3CB2H         PUBLIC        _Day_Of_Year
  C:411DH         PUBLIC        SPI_ReceiveByte
  D:0098H         PUBLIC        SCON
  D:0088H         PUBLIC        TCON
BL51 BANKED LINKER/LOCATER V6.22                                                      01/29/2019  12:29:44  PAGE 13


  C:4258H         PUBLIC        _BCDtoDec
  B:00A0H.0       PUBLIC        PCF85063BTL_CS
  C:4247H         PUBLIC        _SPI_ReadTime
  C:42A7H         PUBLIC        SPI_Init
  C:41B0H         PUBLIC        _SPI_WriteTime
  C:40FDH         PUBLIC        _SPI_SendByte
  D:00D0H         PUBLIC        PSW
  C:4221H         SYMBOL        L?0047
  -------         PROC          L?0046
  -------         ENDPROC       L?0046
  C:4221H         SYMBOL        L?0047
  -------         PROC          _PCF85063BTL_DELAY
  D:0006H         SYMBOL        us
  C:4225H         LINE#         8
  C:4225H         LINE#         9
  C:4225H         LINE#         10
  C:422FH         LINE#         11
  C:422FH         LINE#         12
  C:4230H         LINE#         13
  C:4232H         LINE#         14
  -------         ENDPROC       _PCF85063BTL_DELAY
  -------         PROC          _SPI_SENDBYTE
  D:0005H         SYMBOL        dat
  -------         DO            
  D:0003H         SYMBOL        i
  -------         ENDDO         
  C:40FDH         LINE#         17
  C:40FFH         LINE#         18
  C:40FFH         LINE#         20
  C:4101H         LINE#         21
  C:4101H         LINE#         22
  C:4103H         LINE#         23
  C:4107H         LINE#         24
  C:4107H         LINE#         25
  C:4109H         LINE#         26
  C:410BH         LINE#         28
  C:410BH         LINE#         29
  C:410DH         LINE#         30
  C:410DH         LINE#         31
  C:4110H         LINE#         32
  C:4110H         LINE#         33
  C:4113H         LINE#         34
  C:4117H         LINE#         35
  C:411CH         LINE#         36
  -------         ENDPROC       _SPI_SENDBYTE
  -------         PROC          SPI_RECEIVEBYTE
  -------         DO            
  D:0003H         SYMBOL        i
  D:0005H         SYMBOL        dat
  -------         ENDDO         
  C:411DH         LINE#         39
  C:411DH         LINE#         40
  C:411DH         LINE#         42
  C:411FH         LINE#         44
  C:4121H         LINE#         45
  C:4122H         LINE#         46
  C:4122H         LINE#         47
BL51 BANKED LINKER/LOCATER V6.22                                                      01/29/2019  12:29:44  PAGE 14


  C:4126H         LINE#         48
  C:4128H         LINE#         49
  C:412BH         LINE#         51
  C:412EH         LINE#         52
  C:412EH         LINE#         53
  C:4132H         LINE#         54
  C:4132H         LINE#         55
  C:4132H         LINE#         56
  C:4135H         LINE#         57
  C:413AH         LINE#         58
  C:413CH         LINE#         59
  -------         ENDPROC       SPI_RECEIVEBYTE
  -------         PROC          _SPI_READTIME
  D:0007H         SYMBOL        addr
  -------         DO            
  D:0006H         SYMBOL        dat
  -------         ENDDO         
  C:4247H         LINE#         61
  C:4247H         LINE#         62
  C:4247H         LINE#         64
  C:4249H         LINE#         65
  C:424BH         LINE#         66
  C:4252H         LINE#         67
  C:4255H         LINE#         68
  C:4257H         LINE#         69
  C:4257H         LINE#         70
  -------         ENDPROC       _SPI_READTIME
  -------         PROC          _SPI_WRITETIME
  D:0002H         SYMBOL        val
  D:0005H         SYMBOL        addr
  C:41B0H         LINE#         71
  C:41B2H         LINE#         72
  C:41B2H         LINE#         74
  C:41B4H         LINE#         75
  C:41BBH         LINE#         76
  C:41C0H         LINE#         77
  C:41C5H         LINE#         78
  C:41C7H         LINE#         79
  -------         ENDPROC       _SPI_WRITETIME
  -------         PROC          SPI_INIT
  C:42A7H         LINE#         83
  C:42A7H         LINE#         84
  C:42A7H         LINE#         89
  C:42AAH         LINE#         90
  C:42ADH         LINE#         91
  C:42AFH         LINE#         92
  C:42B1H         LINE#         93
  C:42B3H         LINE#         94
  -------         ENDPROC       SPI_INIT
  -------         PROC          _READ_TIME
  X:03B8H         SYMBOL        months
  X:03BBH         SYMBOL        days
  X:03BEH         SYMBOL        hours
  X:03C1H         SYMBOL        mins
  X:03C4H         SYMBOL        seconds
  C:3DABH         LINE#         96
  C:3DB6H         LINE#         97
BL51 BANKED LINKER/LOCATER V6.22                                                      01/29/2019  12:29:44  PAGE 15


  C:3DB6H         LINE#         99
  C:3DCAH         LINE#         101
  C:3DDEH         LINE#         103
  C:3DF2H         LINE#         108
  C:3E06H         LINE#         113
  -------         ENDPROC       _READ_TIME
  -------         PROC          _BCDTODEC
  D:0007H         SYMBOL        bcd
  -------         DO            
  D:0006H         SYMBOL        hi
  D:0007H         SYMBOL        lo
  -------         ENDDO         
  C:4258H         LINE#         119
  C:4258H         LINE#         120
  C:4258H         LINE#         122
  C:425DH         LINE#         123
  C:4261H         LINE#         124
  C:4268H         LINE#         125
  -------         ENDPROC       _BCDTODEC
  -------         PROC          _DAY_OF_YEAR
  D:0007H         SYMBOL        months_bcd
  D:0005H         SYMBOL        days_bcd
  -------         DO            
  D:0004H         SYMBOL        months
  D:0007H         SYMBOL        days
  -------         ENDDO         
  C:3CB2H         LINE#         126
  C:3CB2H         LINE#         127
  C:3CB2H         LINE#         130
  C:3CB7H         LINE#         132
  C:3CBCH         LINE#         134
  C:3CF5H         LINE#         135
  C:3CF5H         LINE#         136
  C:3CF5H         LINE#         137
  C:3CF8H         LINE#         138
  C:3CF8H         LINE#         139
  C:3CF8H         LINE#         140
  C:3CFDH         LINE#         141
  C:3CFDH         LINE#         142
  C:3CFDH         LINE#         143
  C:3D02H         LINE#         144
  C:3D02H         LINE#         145
  C:3D02H         LINE#         146
  C:3D07H         LINE#         147
  C:3D07H         LINE#         148
  C:3D07H         LINE#         149
  C:3D0CH         LINE#         150
  C:3D0CH         LINE#         151
  C:3D0CH         LINE#         152
  C:3D11H         LINE#         153
  C:3D11H         LINE#         154
  C:3D11H         LINE#         155
  C:3D16H         LINE#         156
  C:3D16H         LINE#         157
  C:3D16H         LINE#         158
  C:3D1BH         LINE#         159
  C:3D1BH         LINE#         160
BL51 BANKED LINKER/LOCATER V6.22                                                      01/29/2019  12:29:44  PAGE 16


  C:3D1BH         LINE#         161
  C:3D23H         LINE#         162
  C:3D23H         LINE#         163
  C:3D23H         LINE#         164
  C:3D28H         LINE#         165
  C:3D28H         LINE#         166
  C:3D28H         LINE#         167
  C:3D2DH         LINE#         168
  C:3D2DH         LINE#         169
  C:3D2DH         LINE#         170
  C:3D35H         LINE#         171
  C:3D35H         LINE#         172
  C:3D35H         LINE#         173
  -------         ENDPROC       _DAY_OF_YEAR
  -------         ENDMOD        PCF85063BTL

  -------         MODULE        UART1
  C:0000H         SYMBOL        _ICE_DUMMY_
  D:0080H         PUBLIC        P0
  D:0090H         PUBLIC        P1
  D:00A0H         PUBLIC        P2
  D:00B0H         PUBLIC        P3
  D:00C0H         PUBLIC        P4
  D:00C8H         PUBLIC        P5
  B:00A8H.7       PUBLIC        EA
  D:00E8H         PUBLIC        P6
  D:00F8H         PUBLIC        P7
  C:4006H         PUBLIC        _SendString
  D:00A8H         PUBLIC        IE
  B:00A8H.4       PUBLIC        ES
  D:00B8H         PUBLIC        IP
  C:41C8H         PUBLIC        _ASCIItoBCD
  D:00D8H         PUBLIC        CCON
  C:4269H         PUBLIC        initUART1
  D:0098H         PUBLIC        SCON
  D:0088H         PUBLIC        TCON
  C:000AH         PUBLIC        _DectoBCD
  C:42EBH         PUBLIC        _ASCII_Letter
  D:008EH         PUBLIC        AUXR
  C:42E6H         PUBLIC        _unit
  C:0003H         PUBLIC        _ten
  D:00D6H         PUBLIC        T2H
  D:00D7H         PUBLIC        T2L
  D:00D0H         PUBLIC        PSW
  -------         PROC          INITUART1
  C:4269H         LINE#         21
  C:4269H         LINE#         22
  C:4269H         LINE#         23
  C:426CH         LINE#         24
  C:426FH         LINE#         25
  C:4272H         LINE#         26
  C:4275H         LINE#         27
  C:4277H         LINE#         28
  C:4279H         LINE#         30
  -------         ENDPROC       INITUART1
  -------         PROC          _SENDSTRING
  X:060AH         SYMBOL        s
BL51 BANKED LINKER/LOCATER V6.22                                                      01/29/2019  12:29:44  PAGE 17


  C:4006H         LINE#         35
  C:4011H         LINE#         36
  C:4011H         LINE#         37
  C:4021H         LINE#         38
  C:4021H         LINE#         39
  C:4036H         LINE#         40
  C:4038H         LINE#         41
  -------         ENDPROC       _SENDSTRING
  -------         PROC          _TEN
  D:0007H         SYMBOL        BCD
  C:0003H         LINE#         43
  C:0003H         LINE#         44
  C:0003H         LINE#         45
  C:0008H         LINE#         46
  -------         ENDPROC       _TEN
  -------         PROC          _UNIT
  D:0007H         SYMBOL        BCD
  C:42E6H         LINE#         47
  C:42E6H         LINE#         48
  C:42E6H         LINE#         52
  C:42EAH         LINE#         53
  -------         ENDPROC       _UNIT
  -------         PROC          _DECTOBCD
  D:0007H         SYMBOL        dec
  C:000AH         LINE#         54
  C:000AH         LINE#         55
  C:000AH         LINE#         57
  C:000AH         LINE#         58
  -------         ENDPROC       _DECTOBCD
  -------         PROC          _ASCII_LETTER
  D:0007H         SYMBOL        dat
  C:42EBH         LINE#         60
  C:42EBH         LINE#         61
  C:42EBH         LINE#         63
  C:42EFH         LINE#         64
  -------         ENDPROC       _ASCII_LETTER
  -------         PROC          _ASCIITOBCD
  D:0001H         SYMBOL        ascii
  -------         DO            
  D:0007H         SYMBOL        dec_val
  D:0006H         SYMBOL        ten
  D:0007H         SYMBOL        unit
  -------         ENDDO         
  C:41C8H         LINE#         66
  C:41C8H         LINE#         67
  C:41C8H         LINE#         69
  C:41CBH         LINE#         70
  C:41D1H         LINE#         71
  C:41D8H         LINE#         72
  C:41DEH         LINE#         74
  -------         ENDPROC       _ASCIITOBCD
  -------         ENDMOD        UART1

  -------         MODULE        LCD_DRIVER_SPLC780D
  C:0000H         SYMBOL        _ICE_DUMMY_
  D:0092H         PUBLIC        P1M0
  D:0091H         PUBLIC        P1M1
BL51 BANKED LINKER/LOCATER V6.22                                                      01/29/2019  12:29:44  PAGE 18


  D:0080H         PUBLIC        P0
  D:0090H         PUBLIC        P1
  D:00A0H         PUBLIC        P2
  D:00B0H         PUBLIC        P3
  D:00C0H         PUBLIC        P4
  D:00C8H         PUBLIC        P5
  D:00E8H         PUBLIC        P6
  D:00F8H         PUBLIC        P7
  C:3D36H         PUBLIC        _WriteData
  D:00A8H         PUBLIC        IE
  D:00B8H         PUBLIC        IP
  D:00D8H         PUBLIC        CCON
  B:00B0H.4       PUBLIC        LCD_D4
  B:00B0H.5       PUBLIC        LCD_D5
  B:00B0H.6       PUBLIC        LCD_D6
  C:415BH         PUBLIC        _DisplayLCD
  B:00B0H.7       PUBLIC        LCD_D7
  D:0098H         PUBLIC        SCON
  D:0088H         PUBLIC        TCON
  C:42D6H         PUBLIC        LCD_clear
  C:3F4BH         PUBLIC        _Command
  C:41F5H         PUBLIC        _Display_Line
  C:3E1AH         PUBLIC        LCD_Init
  C:40DFH         PUBLIC        _Wait_ms
  B:00C0H.0       PUBLIC        LCD_RS
  B:00B0H.2       PUBLIC        LCD_RW
  C:42CCH         PUBLIC        LCD_return_home
  B:00B0H.3       PUBLIC        LCD_E
  D:00D0H         PUBLIC        PSW
  -------         PROC          LCD_INIT
  C:3E1AH         LINE#         9
  C:3E1AH         LINE#         10
  C:3E1AH         LINE#         11
  C:3E1DH         LINE#         12
  C:3E20H         LINE#         14
  C:3E26H         LINE#         15
  C:3E2BH         LINE#         17
  C:3E32H         LINE#         18
  C:3E37H         LINE#         20
  C:3E3AH         LINE#         21
  C:3E3FH         LINE#         23
  C:3E42H         LINE#         24
  C:3E47H         LINE#         26
  C:3E4EH         LINE#         29
  C:3E53H         LINE#         30
  C:3E58H         LINE#         32
  C:3E5DH         LINE#         33
  C:3E62H         LINE#         35
  C:3E67H         LINE#         36
  C:3E6CH         LINE#         37
  -------         ENDPROC       LCD_INIT
  -------         PROC          _WRITEDATA
  X:03C2H         SYMBOL        dat
  C:3D36H         LINE#         40
  C:3D3BH         LINE#         41
  C:3D3BH         LINE#         46
  C:3D3DH         LINE#         47
BL51 BANKED LINKER/LOCATER V6.22                                                      01/29/2019  12:29:44  PAGE 19


  C:3D3FH         LINE#         49
  C:3D4DH         LINE#         50
  C:3D59H         LINE#         51
  C:3D65H         LINE#         52
  C:3D6FH         LINE#         53
  C:3D71H         LINE#         54
  C:3D78H         LINE#         55
  C:3D7AH         LINE#         57
  C:3D8AH         LINE#         58
  C:3D95H         LINE#         59
  C:3D9FH         LINE#         60
  C:3DA3H         LINE#         62
  C:3DA3H         LINE#         63
  C:3DA6H         LINE#         64
  C:3DA8H         LINE#         65
  C:3DAAH         LINE#         67
  -------         ENDPROC       _WRITEDATA
  -------         PROC          _COMMAND
  D:0007H         SYMBOL        dat
  C:3F4BH         LINE#         69
  C:3F4BH         LINE#         70
  C:3F4BH         LINE#         71
  C:3F4DH         LINE#         72
  C:3F4FH         LINE#         74
  C:3F59H         LINE#         75
  C:3F5DH         LINE#         77
  C:3F5FH         LINE#         78
  C:3F68H         LINE#         79
  C:3F6CH         LINE#         81
  C:3F6EH         LINE#         82
  C:3F75H         LINE#         83
  C:3F79H         LINE#         85
  C:3F7BH         LINE#         86
  C:3F7FH         LINE#         87
  C:3F83H         LINE#         89
  C:3F85H         LINE#         90
  C:3F85H         LINE#         91
  C:3F88H         LINE#         92
  C:3F8AH         LINE#         93
  -------         ENDPROC       _COMMAND
  C:40DBH         SYMBOL        L?0028
  -------         PROC          L?0027
  -------         ENDPROC       L?0027
  C:40DBH         SYMBOL        L?0028
  -------         PROC          _WAIT_MS
  D:0006H         SYMBOL        ms
  -------         DO            
  D:0004H         SYMBOL        De_Cnt
  -------         ENDDO         
  C:40DFH         LINE#         95
  C:40DFH         LINE#         96
  C:40DFH         LINE#         98
  C:40E9H         LINE#         99
  C:40E9H         LINE#         100
  C:40FCH         LINE#         101
  C:40FCH         LINE#         102
  -------         ENDPROC       _WAIT_MS
BL51 BANKED LINKER/LOCATER V6.22                                                      01/29/2019  12:29:44  PAGE 20


  -------         PROC          _DISPLAYLCD
  D:0007H         SYMBOL        BCD
  -------         DO            
  D:0006H         SYMBOL        first_digit
  X:03B8H         SYMBOL        second_digit
  -------         ENDDO         
  C:415BH         LINE#         103
  C:415BH         LINE#         104
  C:415BH         LINE#         106
  C:4162H         LINE#         107
  C:416BH         LINE#         109
  C:4170H         LINE#         111
  -------         ENDPROC       _DISPLAYLCD
  -------         PROC          LCD_RETURN_HOME
  C:42CCH         LINE#         115
  C:42CCH         LINE#         116
  C:42CCH         LINE#         117
  C:42D1H         LINE#         118
  -------         ENDPROC       LCD_RETURN_HOME
  -------         PROC          LCD_CLEAR
  C:42D6H         LINE#         121
  C:42D6H         LINE#         122
  C:42D6H         LINE#         123
  C:42DBH         LINE#         124
  -------         ENDPROC       LCD_CLEAR
  -------         PROC          _DISPLAY_LINE
  D:0006H         SYMBOL        line
  C:41F5H         LINE#         128
  C:41F5H         LINE#         129
  C:41F5H         LINE#         130
  C:41FBH         LINE#         131
  C:41FBH         LINE#         132
  C:41FDH         LINE#         133
  C:41FDH         LINE#         134
  C:41FFH         LINE#         136
  C:41FFH         LINE#         137
  C:4204H         LINE#         138
  C:4209H         LINE#         139
  C:4209H         LINE#         140
  -------         ENDPROC       _DISPLAY_LINE
  -------         ENDMOD        LCD_DRIVER_SPLC780D

  -------         MODULE        KEYPAD
  C:0000H         SYMBOL        _ICE_DUMMY_
  D:0093H         PUBLIC        P0M1
  D:0080H         PUBLIC        P0
  D:0090H         PUBLIC        P1
  D:00A0H         PUBLIC        P2
  D:00B0H         PUBLIC        P3
  D:00C0H         PUBLIC        P4
  D:00C8H         PUBLIC        P5
  B:0020H.0       PUBLIC        calib_mode
  D:00E8H         PUBLIC        P6
  D:00F8H         PUBLIC        P7
  D:00A8H         PUBLIC        IE
  C:3053H         PUBLIC        Key_Scan
  D:00B8H         PUBLIC        IP
BL51 BANKED LINKER/LOCATER V6.22                                                      01/29/2019  12:29:44  PAGE 21


  D:00D8H         PUBLIC        CCON
  C:42B4H         PUBLIC        KeyPad_IO_Init
  C:413DH         PUBLIC        _Delay_ms
  D:0098H         PUBLIC        SCON
  D:0088H         PUBLIC        TCON
  B:0020H.1       PUBLIC        small_move
  B:0020H.2       PUBLIC        move
  B:0020H.3       PUBLIC        direction
  B:0020H.4       PUBLIC        auto_move
  C:2A2DH         PUBLIC        Key_Process
  D:00D0H         PUBLIC        PSW
  D:0094H         PUBLIC        P0M0
  -------         PROC          _DELAY_MS
  D:0006H         SYMBOL        ms
  -------         DO            
  D:0004H         SYMBOL        De_Cnt
  -------         ENDDO         
  C:413DH         LINE#         19
  C:413DH         LINE#         20
  C:413DH         LINE#         22
  C:4147H         LINE#         23
  C:4147H         LINE#         24
  C:415AH         LINE#         25
  C:415AH         LINE#         26
  -------         ENDPROC       _DELAY_MS
  -------         PROC          KEY_SCAN
  -------         DO            
  X:03BEH         SYMBOL        KeyTemp1
  X:03BFH         SYMBOL        KeyTemp2
  X:03C0H         SYMBOL        KeyValue
  -------         ENDDO         
  C:3053H         LINE#         27
  C:3053H         LINE#         28
  C:3053H         LINE#         33
  C:3056H         LINE#         36
  C:3059H         LINE#         38
  C:3061H         LINE#         39
  C:3068H         LINE#         40
  C:3068H         LINE#         42
  C:306DH         LINE#         43
  C:3074H         LINE#         44
  C:3074H         LINE#         47
  C:3077H         LINE#         48
  C:307AH         LINE#         49
  C:307FH         LINE#         50
  C:3083H         LINE#         51
  C:3083H         LINE#         52
  C:308BH         LINE#         53
  C:308BH         LINE#         54
  C:308EH         LINE#         55
  C:3096H         LINE#         56
  C:3098H         LINE#         58
  C:30ACH         LINE#         59
  C:30ACH         LINE#         60
  C:30ACH         LINE#         61
  C:30ACH         LINE#         62
  C:30B2H         LINE#         64
BL51 BANKED LINKER/LOCATER V6.22                                                      01/29/2019  12:29:44  PAGE 22


  C:30B4H         LINE#         65
  C:30B4H         LINE#         66
  C:30B4H         LINE#         67
  C:30BAH         LINE#         69
  C:30BCH         LINE#         70
  C:30BCH         LINE#         71
  C:30BCH         LINE#         72
  C:30C2H         LINE#         74
  C:30C4H         LINE#         75
  C:30C4H         LINE#         76
  C:30C4H         LINE#         77
  C:30CAH         LINE#         79
  C:30CAH         LINE#         80
  C:30CAH         LINE#         81
  C:30CAH         LINE#         84
  C:30CDH         LINE#         85
  C:30D0H         LINE#         86
  C:30D8H         LINE#         87
  C:30DCH         LINE#         88
  C:30DCH         LINE#         89
  C:30E4H         LINE#         90
  C:30E4H         LINE#         91
  C:30E7H         LINE#         92
  C:30EFH         LINE#         93
  C:30F1H         LINE#         94
  C:3105H         LINE#         95
  C:3105H         LINE#         96
  C:3105H         LINE#         97
  C:3105H         LINE#         98
  C:310BH         LINE#         100
  C:310DH         LINE#         101
  C:310DH         LINE#         102
  C:310DH         LINE#         103
  C:3113H         LINE#         105
  C:3115H         LINE#         106
  C:3115H         LINE#         107
  C:3115H         LINE#         108
  C:311BH         LINE#         110
  C:311DH         LINE#         111
  C:311DH         LINE#         112
  C:311DH         LINE#         113
  C:3122H         LINE#         115
  C:3122H         LINE#         116
  C:3122H         LINE#         117
  C:3122H         LINE#         120
  C:3125H         LINE#         121
  C:3128H         LINE#         122
  C:3130H         LINE#         123
  C:3134H         LINE#         124
  C:3134H         LINE#         125
  C:313CH         LINE#         126
  C:313CH         LINE#         127
  C:313FH         LINE#         128
  C:3147H         LINE#         129
  C:3149H         LINE#         130
  C:315DH         LINE#         131
  C:315DH         LINE#         132
BL51 BANKED LINKER/LOCATER V6.22                                                      01/29/2019  12:29:44  PAGE 23


  C:315DH         LINE#         133
  C:315DH         LINE#         134
  C:3163H         LINE#         136
  C:3165H         LINE#         137
  C:3165H         LINE#         138
  C:3165H         LINE#         139
  C:316BH         LINE#         141
  C:316DH         LINE#         142
  C:316DH         LINE#         143
  C:316DH         LINE#         144
  C:3173H         LINE#         146
  C:3175H         LINE#         147
  C:3175H         LINE#         148
  C:3175H         LINE#         149
  C:317BH         LINE#         151
  C:317BH         LINE#         152
  C:317BH         LINE#         153
  C:317BH         LINE#         157
  C:317EH         LINE#         158
  C:3181H         LINE#         159
  C:3189H         LINE#         160
  C:318DH         LINE#         161
  C:318DH         LINE#         162
  C:3195H         LINE#         163
  C:3195H         LINE#         164
  C:3198H         LINE#         165
  C:31A0H         LINE#         166
  C:31A2H         LINE#         167
  C:31B6H         LINE#         168
  C:31B6H         LINE#         169
  C:31B6H         LINE#         170
  C:31B6H         LINE#         171
  C:31BCH         LINE#         173
  C:31BEH         LINE#         174
  C:31BEH         LINE#         175
  C:31BEH         LINE#         176
  C:31C4H         LINE#         178
  C:31C6H         LINE#         179
  C:31C6H         LINE#         180
  C:31C6H         LINE#         181
  C:31CCH         LINE#         183
  C:31CEH         LINE#         184
  C:31CEH         LINE#         185
  C:31CEH         LINE#         186
  C:31D4H         LINE#         188
  C:31D4H         LINE#         189
  C:31D4H         LINE#         190
  C:31D4H         LINE#         192
  C:31DAH         LINE#         193
  C:31DAH         LINE#         195
  C:31DAH         LINE#         196
  C:31DDH         LINE#         197
  C:31DDH         LINE#         198
  C:31DDH         LINE#         200
  C:31DDH         LINE#         201
  C:31DFH         LINE#         202
  C:31DFH         LINE#         203
BL51 BANKED LINKER/LOCATER V6.22                                                      01/29/2019  12:29:44  PAGE 24


  -------         ENDPROC       KEY_SCAN
  -------         PROC          KEY_PROCESS
  -------         DO            
  X:05F8H         SYMBOL        KeyCount
  X:05FAH         SYMBOL        KeyNum_Old
  X:05FBH         SYMBOL        KeyNum
  X:05FCH         SYMBOL        PressedKey
  X:03B8H         SYMBOL        d
  D:0004H         SYMBOL        hours
  D:0006H         SYMBOL        mins
  X:03BAH         SYMBOL        months
  X:03BCH         SYMBOL        days
  -------         ENDDO         
  C:2A2DH         LINE#         204
  C:2A2DH         LINE#         205
  C:2A2DH         LINE#         209
  C:2A35H         LINE#         210
  C:2A3DH         LINE#         212
  C:2A40H         LINE#         213
  C:2A40H         LINE#         214
  C:2A43H         LINE#         216
  C:2A43H         LINE#         217
  C:2A50H         LINE#         218
  C:2A50H         LINE#         219
  C:2A53H         LINE#         220
  C:2A56H         LINE#         222
  C:2A59H         LINE#         224
  C:2A59H         LINE#         225
  C:2A64H         LINE#         226
  C:2A64H         LINE#         227
  C:2A67H         LINE#         229
  C:2A67H         LINE#         230
  C:2A6EH         LINE#         231
  C:2A6EH         LINE#         232
  C:2A71H         LINE#         234
  C:2A71H         LINE#         235
  C:2A79H         LINE#         236
  C:2A79H         LINE#         237
  C:2A83H         LINE#         238
  C:2A8BH         LINE#         240
  C:2A94H         LINE#         242
  C:2A94H         LINE#         251
  C:2AA9H         LINE#         252
  C:2AA9H         LINE#         253
  C:2ABBH         LINE#         254
  C:2AC9H         LINE#         255
  C:2AD8H         LINE#         256
  C:2AD8H         LINE#         258
  C:2ADEH         LINE#         262
  C:2AF4H         LINE#         263
  C:2B05H         LINE#         264
  C:2B20H         LINE#         265
  C:2B20H         LINE#         266
  C:2B30H         LINE#         267
  C:2B41H         LINE#         268
  C:2B41H         LINE#         272
  C:2B5AH         LINE#         273
BL51 BANKED LINKER/LOCATER V6.22                                                      01/29/2019  12:29:44  PAGE 25


  C:2B71H         LINE#         274
  C:2B91H         LINE#         275
  C:2B91H         LINE#         276
  C:2B9BH         LINE#         277
  C:2B9BH         LINE#         278
  C:2BA4H         LINE#         279
  C:2BA4H         LINE#         280
  C:2BB8H         LINE#         281
  C:2BB8H         LINE#         282
  C:2BB8H         LINE#         283
  C:2BB8H         LINE#         284
  C:2BB8H         LINE#         285
  C:2BBAH         LINE#         287
  C:2BBAH         LINE#         288
  C:2BC6H         LINE#         289
  C:2BC6H         LINE#         290
  C:2BD7H         LINE#         291
  C:2BD7H         LINE#         292
  C:2BD7H         LINE#         293
  C:2BD7H         LINE#         294
  C:2BD7H         LINE#         296
  C:2BD9H         LINE#         298
  C:2BD9H         LINE#         299
  C:2BEAH         LINE#         300
  C:2BEAH         LINE#         301
  C:2BEAH         LINE#         302
  C:2BEAH         LINE#         303
  C:2BEAH         LINE#         305
  C:2BEAH         LINE#         307
  C:2BEAH         LINE#         308
  C:2BECH         LINE#         310
  C:2BECH         LINE#         311
  C:2BFFH         LINE#         312
  C:2BFFH         LINE#         313
  C:2C10H         LINE#         314
  C:2C10H         LINE#         315
  C:2C10H         LINE#         316
  C:2C10H         LINE#         317
  C:2C10H         LINE#         318
  C:2C12H         LINE#         320
  C:2C12H         LINE#         321
  C:2C23H         LINE#         322
  C:2C23H         LINE#         323
  C:2C34H         LINE#         324
  C:2C45H         LINE#         325
  C:2C45H         LINE#         326
  C:2C45H         LINE#         327
  C:2C45H         LINE#         328
  C:2C45H         LINE#         329
  C:2C48H         LINE#         330
  C:2C4DH         LINE#         331
  C:2C52H         LINE#         332
  C:2C57H         LINE#         333
  C:2C5CH         LINE#         334
  C:2C61H         LINE#         335
  C:2C66H         LINE#         336
  C:2C6BH         LINE#         337
BL51 BANKED LINKER/LOCATER V6.22                                                      01/29/2019  12:29:44  PAGE 26


  C:2C6BH         LINE#         339
  C:2C8DH         LINE#         340
  C:2C8DH         LINE#         341
  C:2C97H         LINE#         342
  C:2C97H         LINE#         343
  C:2C9CH         LINE#         344
  C:2CA5H         LINE#         345
  C:2CBCH         LINE#         346
  C:2CBCH         LINE#         347
  C:2CCCH         LINE#         349
  C:2CCCH         LINE#         353
  -------         ENDPROC       KEY_PROCESS
  -------         PROC          KEYPAD_IO_INIT
  C:42B4H         LINE#         356
  C:42B4H         LINE#         357
  C:42B4H         LINE#         358
  C:42B7H         LINE#         359
  C:42BAH         LINE#         360
  C:42BDH         LINE#         361
  C:42BFH         LINE#         362
  -------         ENDPROC       KEYPAD_IO_INIT
  -------         ENDMOD        KEYPAD

  -------         MODULE        BIPOLARMOTOR
  C:0000H         SYMBOL        _ICE_DUMMY_
  D:0080H         PUBLIC        P0
  D:0090H         PUBLIC        P1
  D:00A0H         PUBLIC        P2
  D:00B0H         PUBLIC        P3
  D:00C0H         PUBLIC        P4
  D:00C8H         PUBLIC        P5
  D:00E8H         PUBLIC        P6
  D:00F8H         PUBLIC        P7
  X:0000H         PUBLIC        low_date_azimuth_mapping
  D:00A8H         PUBLIC        IE
  C:37AAH         PUBLIC        linear_interpolate
  C:4064H         PUBLIC        _Move
  D:00B8H         PUBLIC        IP
  C:2D00H         PUBLIC        _findDet3x3
  C:276DH         PUBLIC        _findDet4x4
  D:00D8H         PUBLIC        CCON
  X:0028H         PUBLIC        previous_move_time
  D:0098H         PUBLIC        SCON
  D:0088H         PUBLIC        TCON
  C:42F0H         PUBLIC        wait
  C:3F8BH         PUBLIC        _Step_move
  X:0029H         PUBLIC        dat
  C:000EH         PUBLIC        _Update_position
  C:3E73H         PUBLIC        vOneStepMove
  X:002FH         PUBLIC        elevation_stamp
  X:006BH         PUBLIC        date_azimuth_mapping
  X:0093H         PUBLIC        elevation_stamp_extra
  X:00A3H         PUBLIC        RX_pos
  X:02FBH         PUBLIC        RX_pos_extra
  C:419FH         PUBLIC        _BCDtoDec1
  X:039BH         PUBLIC        degree
  D:00D0H         PUBLIC        PSW
BL51 BANKED LINKER/LOCATER V6.22                                                      01/29/2019  12:29:44  PAGE 27


  -------         PROC          L?0058
  -------         ENDPROC       L?0058
  -------         PROC          _BCDTODEC1
  D:0007H         SYMBOL        bcd
  -------         DO            
  D:0006H         SYMBOL        hi
  D:0007H         SYMBOL        lo
  -------         ENDDO         
  C:419FH         LINE#         29
  C:419FH         LINE#         30
  C:419FH         LINE#         32
  C:41A4H         LINE#         33
  C:41A8H         LINE#         34
  C:41AFH         LINE#         35
  -------         ENDPROC       _BCDTODEC1
  -------         PROC          WAIT
  C:42F0H         LINE#         37
  C:42F0H         LINE#         39
  -------         ENDPROC       WAIT
  -------         PROC          VONESTEPMOVE
  B:0020H.7       SYMBOL        bDir
  C:3E73H         LINE#         41
  C:3E73H         LINE#         42
  C:3E73H         LINE#         44
  C:3E79H         LINE#         45
  C:3E79H         LINE#         46
  C:3E7CH         LINE#         47
  C:3E85H         LINE#         48
  C:3E8CH         LINE#         49
  C:3E91H         LINE#         50
  C:3E91H         LINE#         51
  C:3E91H         LINE#         53
  C:3E93H         LINE#         56
  C:3E93H         LINE#         57
  C:3E96H         LINE#         58
  C:3E9FH         LINE#         59
  C:3EA6H         LINE#         60
  C:3EACH         LINE#         61
  C:3EB5H         LINE#         62
  C:3EBCH         LINE#         63
  C:3EBCH         LINE#         67
  -------         ENDPROC       VONESTEPMOVE
  -------         PROC          _STEP_MOVE
  X:0454H         SYMBOL        step
  B:0020H.6       SYMBOL        dir
  -------         DO            
  X:0456H         SYMBOL        i
  -------         ENDDO         
  C:3F8BH         LINE#         69
  C:3F93H         LINE#         70
  C:3F93H         LINE#         72
  C:3F98H         LINE#         75
  C:3FB3H         LINE#         76
  C:3FB3H         LINE#         77
  C:3FBAH         LINE#         79
  C:3FCAH         LINE#         81
  -------         ENDPROC       _STEP_MOVE
BL51 BANKED LINKER/LOCATER V6.22                                                      01/29/2019  12:29:44  PAGE 28


  -------         PROC          _MOVE
  X:0450H         SYMBOL        distance
  B:0020H.5       SYMBOL        direction
  -------         DO            
  D:0006H         SYMBOL        step
  -------         ENDDO         
  C:4064H         LINE#         83
  C:406AH         LINE#         84
  C:406AH         LINE#         87
  C:4085H         LINE#         88
  -------         ENDPROC       _MOVE
  C:2CE1H         SYMBOL        L?0054
  C:2CF5H         SYMBOL        L?0055
  -------         PROC          L?0053
  -------         ENDPROC       L?0053
  C:2CE1H         SYMBOL        L?0054
  C:2CF5H         SYMBOL        L?0055
  -------         PROC          _FINDDET3X3
  X:05D4H         SYMBOL        a11
  X:05D8H         SYMBOL        a12
  X:05DCH         SYMBOL        a13
  X:05E0H         SYMBOL        a21
  X:05E4H         SYMBOL        a22
  X:05E8H         SYMBOL        a23
  X:05ECH         SYMBOL        a31
  X:05F0H         SYMBOL        a32
  X:05F4H         SYMBOL        a33
  C:2D00H         LINE#         92
  C:2D06H         LINE#         96
  C:2D06H         LINE#         97
  C:2E9DH         LINE#         99
  -------         ENDPROC       _FINDDET3X3
  -------         PROC          _FINDDET4X4
  X:0594H         SYMBOL        a11
  X:0598H         SYMBOL        a12
  X:059CH         SYMBOL        a13
  X:05A0H         SYMBOL        a14
  X:05A4H         SYMBOL        a21
  X:05A8H         SYMBOL        a22
  X:05ACH         SYMBOL        a23
  X:05B0H         SYMBOL        a24
  X:05B4H         SYMBOL        a31
  X:05B8H         SYMBOL        a32
  X:05BCH         SYMBOL        a33
  X:05C0H         SYMBOL        a34
  X:05C4H         SYMBOL        a41
  X:05C8H         SYMBOL        a42
  X:05CCH         SYMBOL        a43
  X:05D0H         SYMBOL        a44
  C:276DH         LINE#         100
  C:2773H         LINE#         104
  C:2773H         LINE#         111
  C:2A2CH         LINE#         115
  -------         ENDPROC       _FINDDET4X4
  C:3799H         SYMBOL        L?0057
  -------         PROC          L?0056
  -------         ENDPROC       L?0056
BL51 BANKED LINKER/LOCATER V6.22                                                      01/29/2019  12:29:44  PAGE 29


  C:3799H         SYMBOL        L?0057
  -------         PROC          LINEAR_INTERPOLATE
  X:0457H         SYMBOL        p1
  X:045FH         SYMBOL        p2
  X:0467H         SYMBOL        x
  -------         DO            
  D:0004H         SYMBOL        fx
  -------         ENDDO         
  C:37AAH         LINE#         121
  C:37AAH         LINE#         122
  C:37AAH         LINE#         125
  C:3849H         LINE#         127
  C:3849H         LINE#         128
  -------         ENDPROC       LINEAR_INTERPOLATE
  -------         PROC          _UPDATE_POSITION
  D:0001H         SYMBOL        mnths
  D:0002H         SYMBOL        dys
  X:03CEH         SYMBOL        hurs
  X:03CFH         SYMBOL        mns
  X:03D0H         SYMBOL        sconds
  X:03D1H         SYMBOL        currnt_pos
  X:03D4H         SYMBOL        offset_calib
  -------         DO            
  X:03D8H         SYMBOL        date
  X:03DAH         SYMBOL        i
  X:03DCH         SYMBOL        yy
  X:03DEH         SYMBOL        desired_distance
  X:03E2H         SYMBOL        distance
  X:03E6H         SYMBOL        JP_pos
  X:03EAH         SYMBOL        pos_interpolate_azimuth
  X:0412H         SYMBOL        current_local_sun_time
  X:0416H         SYMBOL        azimuth
  X:041AH         SYMBOL        elevation
  X:041EH         SYMBOL        time_offset
  X:0422H         SYMBOL        UTC_time
  X:0426H         SYMBOL        declination
  X:042AH         SYMBOL        p1
  X:0432H         SYMBOL        p2
  X:043AH         SYMBOL        time
  X:044CH         SYMBOL        location
  X:0454H         SYMBOL        sunCoord
  -------         ENDDO         
  C:000EH         LINE#         132
  C:0017H         LINE#         135
  C:0017H         LINE#         136
  C:0022H         LINE#         138
  C:003EH         LINE#         139
  C:0048H         LINE#         147
  C:0052H         LINE#         148
  C:005CH         LINE#         149
  C:0066H         LINE#         150
  C:0071H         LINE#         151
  C:007CH         LINE#         152
  C:0095H         LINE#         153
  C:00A6H         LINE#         154
  C:00B5H         LINE#         157
  C:00C9H         LINE#         161
BL51 BANKED LINKER/LOCATER V6.22                                                      01/29/2019  12:29:44  PAGE 30


  C:011BH         LINE#         162
  C:027FH         LINE#         163
  C:02CFH         LINE#         165
  C:03F7H         LINE#         167
  C:04C6H         LINE#         174
  C:04D0H         LINE#         175
  C:04D0H         LINE#         177
  C:04D0H         LINE#         179
  C:04EAH         LINE#         180
  C:04EAH         LINE#         181
  C:055AH         LINE#         182
  C:055AH         LINE#         183
  C:0561H         LINE#         184
  C:0561H         LINE#         185
  C:058EH         LINE#         186
  C:05A9H         LINE#         188
  C:05F0H         LINE#         189
  C:0624H         LINE#         191
  C:066AH         LINE#         192
  C:068DH         LINE#         194
  C:068DH         LINE#         196
  C:0703H         LINE#         197
  C:0703H         LINE#         198
  C:070AH         LINE#         199
  C:070AH         LINE#         200
  C:0737H         LINE#         201
  C:0752H         LINE#         203
  C:0799H         LINE#         204
  C:07CDH         LINE#         206
  C:0813H         LINE#         207
  C:0833H         LINE#         209
  C:0833H         LINE#         210
  C:0844H         LINE#         213
  C:085EH         LINE#         214
  C:085EH         LINE#         215
  C:08CEH         LINE#         216
  C:08CEH         LINE#         217
  C:08FBH         LINE#         218
  C:0916H         LINE#         220
  C:0943H         LINE#         221
  C:095EH         LINE#         223
  C:0990H         LINE#         226
  C:0990H         LINE#         228
  C:09A1H         LINE#         231
  C:09A1H         LINE#         288
  C:09B5H         LINE#         289
  C:09DAH         LINE#         290
  C:0A39H         LINE#         291
  C:0A39H         LINE#         297
  C:0A55H         LINE#         298
  C:0A55H         LINE#         299
  C:0A55H         LINE#         302
  -------         ENDPROC       _UPDATE_POSITION
  -------         ENDMOD        BIPOLARMOTOR

  -------         MODULE        SUNPOS
  C:0000H         SYMBOL        _ICE_DUMMY_
BL51 BANKED LINKER/LOCATER V6.22                                                      01/29/2019  12:29:44  PAGE 31


  C:1BC6H         PUBLIC        sunpos
  -------         PROC          SUNPOS
  X:0457H         SYMBOL        udtTime
  X:0469H         SYMBOL        udtLocation
  X:0471H         SYMBOL        udtSunCoordinates
  -------         DO            
  X:0474H         SYMBOL        dElapsedJulianDays
  X:0478H         SYMBOL        dDecimalHours
  X:047CH         SYMBOL        dEclipticLongitude
  X:0480H         SYMBOL        dEclipticObliquity
  X:0484H         SYMBOL        dRightAscension
  X:0488H         SYMBOL        dDeclination
  X:048CH         SYMBOL        dY
  X:0490H         SYMBOL        dX
  -------         DO            
  X:0494H         SYMBOL        dJulianDate
  X:0498H         SYMBOL        liAux1
  X:049CH         SYMBOL        liAux2
  X:0494H         SYMBOL        dMeanLongitude
  X:0498H         SYMBOL        dMeanAnomaly
  X:049CH         SYMBOL        dOmega
  X:0494H         SYMBOL        dSin_EclipticLongitude
  X:0494H         SYMBOL        dGreenwichMeanSiderealTime
  X:0498H         SYMBOL        dLocalMeanSiderealTime
  X:049CH         SYMBOL        dLatitudeInRadians
  X:04A0H         SYMBOL        dHourAngle
  X:04A4H         SYMBOL        dCos_Latitude
  X:04A8H         SYMBOL        dSin_Latitude
  X:04ACH         SYMBOL        dCos_HourAngle
  X:04B0H         SYMBOL        dParallax
  -------         ENDDO         
  -------         DO            
  X:0494H         SYMBOL        dMeanLongitude
  X:0498H         SYMBOL        dMeanAnomaly
  X:049CH         SYMBOL        dOmega
  X:0494H         SYMBOL        dSin_EclipticLongitude
  X:0494H         SYMBOL        dGreenwichMeanSiderealTime
  X:0498H         SYMBOL        dLocalMeanSiderealTime
  X:049CH         SYMBOL        dLatitudeInRadians
  X:04A0H         SYMBOL        dHourAngle
  X:04A4H         SYMBOL        dCos_Latitude
  X:04A8H         SYMBOL        dSin_Latitude
  X:04ACH         SYMBOL        dCos_HourAngle
  X:04B0H         SYMBOL        dParallax
  -------         ENDDO         
  -------         DO            
  X:0494H         SYMBOL        dSin_EclipticLongitude
  X:0494H         SYMBOL        dGreenwichMeanSiderealTime
  X:0498H         SYMBOL        dLocalMeanSiderealTime
  X:049CH         SYMBOL        dLatitudeInRadians
  X:04A0H         SYMBOL        dHourAngle
  X:04A4H         SYMBOL        dCos_Latitude
  X:04A8H         SYMBOL        dSin_Latitude
  X:04ACH         SYMBOL        dCos_HourAngle
  X:04B0H         SYMBOL        dParallax
  -------         ENDDO         
  -------         DO            
BL51 BANKED LINKER/LOCATER V6.22                                                      01/29/2019  12:29:44  PAGE 32


  X:0494H         SYMBOL        dGreenwichMeanSiderealTime
  X:0498H         SYMBOL        dLocalMeanSiderealTime
  X:049CH         SYMBOL        dLatitudeInRadians
  X:04A0H         SYMBOL        dHourAngle
  X:04A4H         SYMBOL        dCos_Latitude
  X:04A8H         SYMBOL        dSin_Latitude
  X:04ACH         SYMBOL        dCos_HourAngle
  X:04B0H         SYMBOL        dParallax
  -------         ENDDO         
  -------         ENDDO         
  C:1BC6H         LINE#         6
  C:1BC6H         LINE#         7
  C:1BC6H         LINE#         9
  C:1BC6H         LINE#         27
  C:1C10H         LINE#         30
  C:1C31H         LINE#         31
  C:1D78H         LINE#         34
  C:1DC4H         LINE#         36
  C:1DE3H         LINE#         37
  C:1DE3H         LINE#         42
  C:1DE3H         LINE#         46
  C:1E15H         LINE#         47
  C:1E3FH         LINE#         48
  C:1E69H         LINE#         49
  C:1F16H         LINE#         52
  C:1F77H         LINE#         54
  C:1F77H         LINE#         59
  C:1F77H         LINE#         61
  C:1F8EH         LINE#         62
  C:1FB6H         LINE#         63
  C:1FCDH         LINE#         64
  C:1FF8H         LINE#         65
  C:202FH         LINE#         66
  C:205AH         LINE#         67
  C:205AH         LINE#         70
  C:205AH         LINE#         79
  C:2095H         LINE#         82
  C:20CFH         LINE#         84
  C:20F4H         LINE#         85
  C:2113H         LINE#         86
  C:212AH         LINE#         87
  C:2141H         LINE#         88
  C:2158H         LINE#         89
  C:21E1H         LINE#         91
  C:21FBH         LINE#         92
  C:225DH         LINE#         93
  C:2293H         LINE#         94
  C:22A5H         LINE#         95
  C:22D2H         LINE#         96
  C:22FFH         LINE#         98
  C:2321H         LINE#         100
  C:2359H         LINE#         103
  C:2359H         LINE#         104
  C:2367H         LINE#         105
  -------         ENDPROC       SUNPOS
  -------         ENDMOD        SUNPOS

BL51 BANKED LINKER/LOCATER V6.22                                                      01/29/2019  12:29:44  PAGE 33


  -------         MODULE        ADC
  C:0000H         SYMBOL        _ICE_DUMMY_
  D:0092H         PUBLIC        P1M0
  D:0091H         PUBLIC        P1M1
  D:0080H         PUBLIC        P0
  D:0090H         PUBLIC        P1
  D:00A0H         PUBLIC        P2
  D:00B0H         PUBLIC        P3
  D:00C0H         PUBLIC        P4
  D:00C8H         PUBLIC        P5
  D:00E8H         PUBLIC        P6
  D:00F8H         PUBLIC        P7
  D:00A8H         PUBLIC        IE
  D:00BDH         PUBLIC        ADC_RES
  D:00B8H         PUBLIC        IP
  D:0097H         PUBLIC        CLK_DIV
  D:00D8H         PUBLIC        CCON
  D:00BCH         PUBLIC        ADC_CONTR
  D:0098H         PUBLIC        SCON
  D:0088H         PUBLIC        TCON
  B:00A0H.4       PUBLIC        P24
  B:00A0H.5       PUBLIC        P25
  B:00A0H.6       PUBLIC        P26
  C:4178H         PUBLIC        ADC_Init
  C:40B3H         PUBLIC        _ADC_GetResult
  D:009DH         PUBLIC        P1ASF
  D:00BEH         PUBLIC        ADC_RESL
  D:00D0H         PUBLIC        PSW
  -------         PROC          ADC_INIT
  C:4178H         LINE#         7
  C:4178H         LINE#         8
  C:4178H         LINE#         10
  C:417AH         LINE#         11
  C:417CH         LINE#         12
  C:417EH         LINE#         13
  C:4181H         LINE#         14
  C:4184H         LINE#         15
  C:4187H         LINE#         16
  C:418AH         LINE#         18
  C:418CH         LINE#         19
  C:418FH         LINE#         21
  -------         ENDPROC       ADC_INIT
  -------         PROC          _ADC_GETRESULT
  D:0007H         SYMBOL        ch
  -------         DO            
  D:0006H         SYMBOL        ADC_Value
  -------         ENDDO         
  C:40B3H         LINE#         26
  C:40B3H         LINE#         27
  C:40B3H         LINE#         29
  C:40B8H         LINE#         30
  C:40B9H         LINE#         31
  C:40BAH         LINE#         32
  C:40BBH         LINE#         33
  C:40BCH         LINE#         34
  C:40C1H         LINE#         35
  C:40C4H         LINE#         36
BL51 BANKED LINKER/LOCATER V6.22                                                      01/29/2019  12:29:44  PAGE 34


  C:40C8H         LINE#         37
  C:40D8H         LINE#         38
  C:40D8H         LINE#         39
  -------         ENDPROC       _ADC_GETRESULT
  -------         ENDMOD        ADC

  -------         MODULE        CALIBRATION
  C:0000H         SYMBOL        _ICE_DUMMY_
  D:0080H         PUBLIC        P0
  D:0090H         PUBLIC        P1
  D:00A0H         PUBLIC        P2
  D:00B0H         PUBLIC        P3
  D:00C0H         PUBLIC        P4
  D:00C8H         PUBLIC        P5
  D:00E8H         PUBLIC        P6
  D:00F8H         PUBLIC        P7
  C:3AFBH         PUBLIC        _Max_Value
  D:00A8H         PUBLIC        IE
  C:35C8H         PUBLIC        _calibration
  C:384AH         PUBLIC        voltage_is_stable
  D:00B8H         PUBLIC        IP
  D:00D8H         PUBLIC        CCON
  D:0098H         PUBLIC        SCON
  D:0088H         PUBLIC        TCON
  C:3368H         PUBLIC        _Find_Real_Max
  D:00D0H         PUBLIC        PSW
  -------         PROC          VOLTAGE_IS_STABLE
  -------         DO            
  X:03CCH         SYMBOL        sample_voltage
  X:03E0H         SYMBOL        i
  X:03E2H         SYMBOL        ch
  -------         ENDDO         
  C:384AH         LINE#         17
  C:384AH         LINE#         18
  C:384AH         LINE#         20
  C:3851H         LINE#         21
  C:3857H         LINE#         22
  C:3857H         LINE#         23
  C:3880H         LINE#         24
  C:389FH         LINE#         26
  C:38B9H         LINE#         27
  C:38B9H         LINE#         28
  C:38ECH         LINE#         29
  C:38F0H         LINE#         30
  C:3900H         LINE#         31
  C:3904H         LINE#         32
  -------         ENDPROC       VOLTAGE_IS_STABLE
  -------         PROC          _FIND_REAL_MAX
  X:03CCH         SYMBOL        current_position
  -------         DO            
  X:03CFH         SYMBOL        ch
  X:03D0H         SYMBOL        calib_step_move
  X:03D4H         SYMBOL        voltage_at_scanned_pos
  X:044CH         SYMBOL        max_location
  X:044EH         SYMBOL        i
  -------         ENDDO         
  C:3368H         LINE#         33
BL51 BANKED LINKER/LOCATER V6.22                                                      01/29/2019  12:29:44  PAGE 35


[...]
  X:03C8H         SYMBOL        JP_max_pos
  -------         ENDDO         
  C:35C8H         LINE#         84
  C:35D3H         LINE#         87
  C:35D3H         LINE#         88
  C:35DDH         LINE#         89
  C:35F1H         LINE#         91
  C:35FBH         LINE#         92
  C:35FBH         LINE#         94
  C:3631H         LINE#         95
  C:364FH         LINE#         97
  C:3658H         LINE#         98
  C:367BH         LINE#         99
BL51 BANKED LINKER/LOCATER V6.22                                                      01/29/2019  12:29:44  PAGE 36


  C:3697H         LINE#         100
  C:36A6H         LINE#         101
  C:36A6H         LINE#         103
  C:36ABH         LINE#         104
  -------         ENDPROC       _CALIBRATION
  -------         ENDMOD        CALIBRATION

  -------         MODULE        IOEXPANDER_PI4IOE5V96248
  C:0000H         SYMBOL        _ICE_DUMMY_
  D:0080H         PUBLIC        P0
  B:00C8H.4       PUBLIC        I2C_SCK
  D:0090H         PUBLIC        P1
  D:00A0H         PUBLIC        P2
  D:00B0H         PUBLIC        P3
  D:00C0H         PUBLIC        P4
  D:00C8H         PUBLIC        P5
  D:00E8H         PUBLIC        P6
  D:00F8H         PUBLIC        P7
  D:00A8H         PUBLIC        IE
  D:00B8H         PUBLIC        IP
  D:00D8H         PUBLIC        CCON
  C:427AH         PUBLIC        I2C_Start
  D:0098H         PUBLIC        SCON
  D:0088H         PUBLIC        TCON
  C:3905H         PUBLIC        _Write_PI4IOE5V96248
  C:4289H         PUBLIC        uC_NACK
  C:4046H         PUBLIC        _Wait_ms_i2c
  C:4091H         PUBLIC        _I2C_SendByte
  C:420AH         PUBLIC        I2C_Stop
  C:42F1H         PUBLIC        nop
  C:42E0H         PUBLIC        uC_ACK
  C:41DFH         PUBLIC        I2C_ACK
  B:00C0H.7       PUBLIC        I2C_SDA
  D:00D0H         PUBLIC        PSW
  C:4040H         SYMBOL        L?0031
  C:4042H         SYMBOL        L?0032
  -------         PROC          L?0030
  -------         ENDPROC       L?0030
  C:4040H         SYMBOL        L?0031
  C:4042H         SYMBOL        L?0032
  -------         PROC          _WAIT_MS_I2C
  D:0006H         SYMBOL        ms
  -------         DO            
  D:0004H         SYMBOL        De_Cnt
  -------         ENDDO         
  C:4046H         LINE#         7
  C:4046H         LINE#         8
  C:4046H         LINE#         10
  C:4050H         LINE#         11
  C:4050H         LINE#         12
  C:4063H         LINE#         13
  C:4063H         LINE#         14
  -------         ENDPROC       _WAIT_MS_I2C
  -------         PROC          NOP
  C:42F1H         LINE#         16
  C:42F1H         LINE#         17
  C:42F1H         LINE#         19
BL51 BANKED LINKER/LOCATER V6.22                                                      01/29/2019  12:29:44  PAGE 37


  -------         ENDPROC       NOP
  -------         PROC          I2C_START
  C:427AH         LINE#         20
  C:427AH         LINE#         21
  C:427AH         LINE#         23
  C:427CH         LINE#         24
  C:427EH         LINE#         25
  C:4281H         LINE#         26
  C:4283H         LINE#         27
  C:4286H         LINE#         28
  C:4288H         LINE#         31
  -------         ENDPROC       I2C_START
  -------         PROC          I2C_STOP
  C:420AH         LINE#         33
  C:420AH         LINE#         34
  C:420AH         LINE#         35
  C:420CH         LINE#         36
  C:420EH         LINE#         37
  C:4211H         LINE#         38
  C:4213H         LINE#         39
  C:4215H         LINE#         40
  C:421CH         LINE#         41
  C:421EH         LINE#         44
  -------         ENDPROC       I2C_STOP
  -------         PROC          I2C_ACK
  -------         DO            
  X:045BH         SYMBOL        i
  D:0003H         SYMBOL        dat
  -------         ENDDO         
  C:41DFH         LINE#         46
  C:41DFH         LINE#         47
  C:41DFH         LINE#         49
  C:41E0H         LINE#         54
  C:41E3H         LINE#         55
  C:41E5H         LINE#         56
  C:41E8H         LINE#         58
  C:41EBH         LINE#         59
  C:41EBH         LINE#         60
  C:41EFH         LINE#         61
  C:41EFH         LINE#         64
  C:41EFH         LINE#         65
  C:41F2H         LINE#         66
  C:41F2H         LINE#         67
  C:41F4H         LINE#         68
  -------         ENDPROC       I2C_ACK
  -------         PROC          UC_ACK
  -------         DO            
  X:060DH         SYMBOL        i
  -------         ENDDO         
  C:42E0H         LINE#         69
  C:42E0H         LINE#         70
  C:42E0H         LINE#         72
  C:42E0H         LINE#         79
  C:42E0H         LINE#         81
  C:42E0H         LINE#         83
  C:42E0H         LINE#         84
  C:42E0H         LINE#         87
BL51 BANKED LINKER/LOCATER V6.22                                                      01/29/2019  12:29:44  PAGE 38


  C:42E3H         LINE#         88
  C:42E5H         LINE#         89
  C:42E5H         LINE#         93
  -------         ENDPROC       UC_ACK
  -------         PROC          UC_NACK
  -------         DO            
  X:060EH         SYMBOL        i
  -------         ENDDO         
  C:4289H         LINE#         95
  C:4289H         LINE#         96
  C:4289H         LINE#         98
  C:4289H         LINE#         102
  C:428BH         LINE#         105
  C:428BH         LINE#         106
  C:428DH         LINE#         107
  C:428DH         LINE#         109
  C:428DH         LINE#         110
  C:428DH         LINE#         113
  C:4290H         LINE#         114
  C:4292H         LINE#         115
  C:4295H         LINE#         116
  C:4297H         LINE#         117
  C:4297H         LINE#         121
  -------         ENDPROC       UC_NACK
  C:408DH         SYMBOL        L?0034
  -------         PROC          L?0033
  -------         ENDPROC       L?0033
  C:408DH         SYMBOL        L?0034
  -------         PROC          _I2C_SENDBYTE
  D:0001H         SYMBOL        dat
  -------         DO            
  D:0003H         SYMBOL        i
  -------         ENDDO         
  C:4091H         LINE#         125
  C:4093H         LINE#         126
  C:4093H         LINE#         129
  C:4095H         LINE#         130
  C:4095H         LINE#         131
  C:4097H         LINE#         133
  C:409BH         LINE#         134
  C:409BH         LINE#         135
  C:409DH         LINE#         136
  C:409FH         LINE#         138
  C:409FH         LINE#         139
  C:40A1H         LINE#         140
  C:40A1H         LINE#         141
  C:40A4H         LINE#         142
  C:40A6H         LINE#         144
  C:40AAH         LINE#         145
  C:40ADH         LINE#         146
  C:40B2H         LINE#         147
  -------         ENDPROC       _I2C_SENDBYTE
  -------         PROC          _WRITE_PI4IOE5V96248
  X:0458H         SYMBOL        xdat
  C:3905H         LINE#         148
  C:3910H         LINE#         149
  C:3910H         LINE#         150
BL51 BANKED LINKER/LOCATER V6.22                                                      01/29/2019  12:29:44  PAGE 39


  C:3913H         LINE#         151
  C:391AH         LINE#         152
  C:391FH         LINE#         153
  C:3925H         LINE#         154
  C:3925H         LINE#         155
  C:3937H         LINE#         156
  C:3937H         LINE#         158
  C:393DH         LINE#         159
  C:393DH         LINE#         160
  C:394DH         LINE#         161
  C:394DH         LINE#         162
  C:3953H         LINE#         163
  C:3953H         LINE#         164
  C:3963H         LINE#         165
  C:3963H         LINE#         166
  C:3969H         LINE#         167
  C:3969H         LINE#         168
  C:397AH         LINE#         169
  C:397AH         LINE#         171
  C:3980H         LINE#         172
  C:3980H         LINE#         173
  C:3991H         LINE#         174
  C:3991H         LINE#         175
  C:3997H         LINE#         176
  C:3997H         LINE#         177
  C:39A8H         LINE#         178
  C:39A8H         LINE#         180
  C:39AEH         LINE#         181
  C:39B1H         LINE#         182
  -------         ENDPROC       _WRITE_PI4IOE5V96248
  -------         ENDMOD        IOEXPANDER_PI4IOE5V96248

  -------         MODULE        ?C_STARTUP
  C:3C26H         SEGMENT       ?C_C51STARTUP
  I:0022H         SEGMENT       ?STACK
  C:0000H         PUBLIC        ?C_STARTUP
  D:00E0H         SYMBOL        ACC
  D:00F0H         SYMBOL        B
  D:0083H         SYMBOL        DPH
  D:0082H         SYMBOL        DPL
  N:0000H         SYMBOL        IBPSTACK
  N:0100H         SYMBOL        IBPSTACKTOP
  N:0080H         SYMBOL        IDATALEN
  C:3C29H         SYMBOL        IDATALOOP
  N:0000H         SYMBOL        PBPSTACK
  N:0100H         SYMBOL        PBPSTACKTOP
  N:0000H         SYMBOL        PDATALEN
  N:0000H         SYMBOL        PDATASTART
  N:0000H         SYMBOL        PPAGE
  N:0000H         SYMBOL        PPAGEENABLE
  D:00A0H         SYMBOL        PPAGE_SFR
  D:0081H         SYMBOL        SP
  C:3C26H         SYMBOL        STARTUP1
  N:0000H         SYMBOL        XBPSTACK
  N:0000H         SYMBOL        XBPSTACKTOP
  N:0000H         SYMBOL        XDATALEN
  N:0000H         SYMBOL        XDATASTART
BL51 BANKED LINKER/LOCATER V6.22                                                      01/29/2019  12:29:44  PAGE 40


  C:0000H         LINE#         126
  C:3C26H         LINE#         133
  C:3C28H         LINE#         134
  C:3C29H         LINE#         135
  C:3C2AH         LINE#         136
  C:3C2CH         LINE#         185
  C:3C2FH         LINE#         196
  -------         ENDMOD        ?C_STARTUP

  -------         MODULE        ?C?FPADD
  C:0A5DH         PUBLIC        ?C?FPADD
  C:0A59H         PUBLIC        ?C?FPSUB
  -------         ENDMOD        ?C?FPADD

  -------         MODULE        ?C?FPMUL
  C:0B4EH         PUBLIC        ?C?FPMUL
  -------         ENDMOD        ?C?FPMUL

  -------         MODULE        ?C?FPDIV
  C:0C57H         PUBLIC        ?C?FPDIV
  -------         ENDMOD        ?C?FPDIV

  -------         MODULE        ?C?FPCMP
  C:0CF6H         PUBLIC        ?C?FPCMP
  C:0CF4H         PUBLIC        ?C?FPCMP3
  -------         ENDMOD        ?C?FPCMP

  -------         MODULE        ?C?FPNEG
  C:0D6DH         PUBLIC        ?C?FPNEG
  -------         ENDMOD        ?C?FPNEG

  -------         MODULE        ?C?FCAST
  C:0D88H         PUBLIC        ?C?FCASTC
  C:0D83H         PUBLIC        ?C?FCASTI
  C:0D7EH         PUBLIC        ?C?FCASTL
  -------         ENDMOD        ?C?FCAST

  -------         MODULE        ?C?CASTF
  C:0DBCH         PUBLIC        ?C?CASTF
  -------         ENDMOD        ?C?CASTF

  -------         MODULE        ATAN2
  X:04B4H         PUBLIC        ?_atan2?BYTE
  C:3A5EH         PUBLIC        _atan2
  -------         ENDMOD        ATAN2

  -------         MODULE        SIN
  C:3228H         PUBLIC        _COS
  C:323EH         PUBLIC        _SIN
  C:327AH         PUBLIC        _TAN
  -------         ENDMOD        SIN

  -------         MODULE        ACOS
  C:3EBDH         PUBLIC        _ACOS
  -------         ENDMOD        ACOS

  -------         MODULE        ASIN
BL51 BANKED LINKER/LOCATER V6.22                                                      01/29/2019  12:29:44  PAGE 41


  C:3FCBH         PUBLIC        _ASIN
  -------         ENDMOD        ASIN

  -------         MODULE        SQRT
  C:39B6H         PUBLIC        _SQRT
  -------         ENDMOD        SQRT

  -------         MODULE        ATAN
  C:34C6H         PUBLIC        _ATAN
  -------         ENDMOD        ATAN

  -------         MODULE        ?C?COPY
  C:0F5AH         PUBLIC        ?C?COPY
  -------         ENDMOD        ?C?COPY

  -------         MODULE        ?C?CLDPTR
  C:0F80H         PUBLIC        ?C?CLDPTR
  -------         ENDMOD        ?C?CLDPTR

  -------         MODULE        ?C?CLDOPTR
  C:0F99H         PUBLIC        ?C?CLDOPTR
  -------         ENDMOD        ?C?CLDOPTR

  -------         MODULE        ?C?CSTPTR
  C:0FC6H         PUBLIC        ?C?CSTPTR
  -------         ENDMOD        ?C?CSTPTR

  -------         MODULE        ?C?IMUL
  C:0FD8H         PUBLIC        ?C?IMUL
  -------         ENDMOD        ?C?IMUL

  -------         MODULE        ?C?UIDIV
  C:0FEAH         PUBLIC        ?C?UIDIV
  -------         ENDMOD        ?C?UIDIV

  -------         MODULE        ?C?SIDIV
  C:103FH         PUBLIC        ?C?SIDIV
  -------         ENDMOD        ?C?SIDIV

  -------         MODULE        ?C?ILDIX
  C:1075H         PUBLIC        ?C?ILDIX
  -------         ENDMOD        ?C?ILDIX

  -------         MODULE        ?C?ILDOPTR
  C:108BH         PUBLIC        ?C?ILDOPTR
  -------         ENDMOD        ?C?ILDOPTR

  -------         MODULE        ?C?LMUL
  C:10C3H         PUBLIC        ?C?LMUL
  -------         ENDMOD        ?C?LMUL

  -------         MODULE        ?C?SLDIV
  C:3F07H         PUBLIC        ?C?SLDIV
  -------         ENDMOD        ?C?SLDIV

  -------         MODULE        ?C?LNEG
  C:1112H         PUBLIC        ?C?LNEG
BL51 BANKED LINKER/LOCATER V6.22                                                      01/29/2019  12:29:44  PAGE 42


  -------         ENDMOD        ?C?LNEG

  -------         MODULE        ?C?LLDPTR
  C:1120H         PUBLIC        ?C?LLDPTR
  -------         ENDMOD        ?C?LLDPTR

  -------         MODULE        ?C?LLDOPTR
  C:1140H         PUBLIC        ?C?LLDOPTR
  -------         ENDMOD        ?C?LLDOPTR

  -------         MODULE        ?C?LSTPTR
  C:1170H         PUBLIC        ?C?LSTPTR
  -------         ENDMOD        ?C?LSTPTR

  -------         MODULE        ?C?LSTOPTR
  C:118AH         PUBLIC        ?C?LSTOPTR
  -------         ENDMOD        ?C?LSTOPTR

  -------         MODULE        ?C?LLDXDATA
  C:11AEH         PUBLIC        ?C?LLDXDATA
  -------         ENDMOD        ?C?LLDXDATA

  -------         MODULE        ?C?LLDCODE
  C:11BAH         PUBLIC        ?C?LLDCODE
  -------         ENDMOD        ?C?LLDCODE

  -------         MODULE        ?C?LLDXDATA0
  C:11CAH         PUBLIC        ?C?LLDXDATA0
  -------         ENDMOD        ?C?LLDXDATA0

  -------         MODULE        ?C?LLDCODE0
  C:11D6H         PUBLIC        ?C?LLDCODE0
  -------         ENDMOD        ?C?LLDCODE0

  -------         MODULE        ?C?LLDPTR0
  C:11E6H         PUBLIC        ?C?LLDPTR0
  -------         ENDMOD        ?C?LLDPTR0

  -------         MODULE        ?C?LSTXDATA
  C:1206H         PUBLIC        ?C?LSTXDATA
  -------         ENDMOD        ?C?LSTXDATA

  -------         MODULE        ?C?LSTKXDATA
  C:1212H         PUBLIC        ?C?LSTKXDATA
  -------         ENDMOD        ?C?LSTKXDATA

  -------         MODULE        ?C?OFFXADD
  C:1243H         PUBLIC        ?C?OFFXADD
  -------         ENDMOD        ?C?OFFXADD

  -------         MODULE        ABS
  C:42C0H         PUBLIC        _ABS
  -------         ENDMOD        ABS

  -------         MODULE        ATOI
  C:36ACH         PUBLIC        _atoi
  -------         ENDMOD        ATOI
BL51 BANKED LINKER/LOCATER V6.22                                                      01/29/2019  12:29:44  PAGE 43



  -------         MODULE        ?C?IILDX
  C:124FH         PUBLIC        ?C?IILDX
  -------         ENDMOD        ?C?IILDX

  -------         MODULE        ?C?ULDIV
  C:12A1H         PUBLIC        ?C?ULDIV
  -------         ENDMOD        ?C?ULDIV

  -------         MODULE        ?C?LLDIDATA
  C:1333H         PUBLIC        ?C?LLDIDATA
  -------         ENDMOD        ?C?LLDIDATA

  -------         MODULE        ?C?LLDPDATA
  C:133FH         PUBLIC        ?C?LLDPDATA
  -------         ENDMOD        ?C?LLDPDATA

  -------         MODULE        ?C?LLDIDATA0
  C:134BH         PUBLIC        ?C?LLDIDATA0
  -------         ENDMOD        ?C?LLDIDATA0

  -------         MODULE        ?C?LLDPDATA0
  C:1358H         PUBLIC        ?C?LLDPDATA0
  -------         ENDMOD        ?C?LLDPDATA0

  -------         MODULE        ?C?LSTIDATA
  C:1365H         PUBLIC        ?C?LSTIDATA
  -------         ENDMOD        ?C?LSTIDATA

  -------         MODULE        ?C?LSTPDATA
  C:1371H         PUBLIC        ?C?LSTPDATA
  -------         ENDMOD        ?C?LSTPDATA

  -------         MODULE        ISDIGIT
  C:4298H         PUBLIC        _isdigit
  -------         ENDMOD        ISDIGIT

  -------         MODULE        ISSPACE
  C:4233H         PUBLIC        _isspace
  -------         ENDMOD        ISSPACE

*** WARNING L16: UNCALLED SEGMENT, IGNORED FOR OVERLAY PROCESS
    SEGMENT: ?PR?_DISPLAY_PROX?MAIN

*** WARNING L16: UNCALLED SEGMENT, IGNORED FOR OVERLAY PROCESS
    SEGMENT: ?PR?_DAY_OF_YEAR?PCF85063BTL

*** WARNING L16: UNCALLED SEGMENT, IGNORED FOR OVERLAY PROCESS
    SEGMENT: ?PR?INITUART1?UART1

*** WARNING L16: UNCALLED SEGMENT, IGNORED FOR OVERLAY PROCESS
    SEGMENT: ?PR?_SENDSTRING?UART1

*** WARNING L16: UNCALLED SEGMENT, IGNORED FOR OVERLAY PROCESS
    SEGMENT: ?PR?_TEN?UART1

*** WARNING L16: UNCALLED SEGMENT, IGNORED FOR OVERLAY PROCESS
BL51 BANKED LINKER/LOCATER V6.22                                                      01/29/2019  12:29:44  PAGE 44


    SEGMENT: ?PR?_UNIT?UART1

*** WARNING L16: UNCALLED SEGMENT, IGNORED FOR OVERLAY PROCESS
    SEGMENT: ?PR?_DECTOBCD?UART1

*** WARNING L16: UNCALLED SEGMENT, IGNORED FOR OVERLAY PROCESS
    SEGMENT: ?PR?_ASCII_LETTER?UART1

*** WARNING L16: UNCALLED SEGMENT, IGNORED FOR OVERLAY PROCESS
    SEGMENT: ?PR?_ASCIITOBCD?UART1

*** WARNING L16: UNCALLED SEGMENT, IGNORED FOR OVERLAY PROCESS
    SEGMENT: ?PR?WAIT?BIPOLARMOTOR

*** WARNING L16: UNCALLED SEGMENT, IGNORED FOR OVERLAY PROCESS
    SEGMENT: ?PR?_FINDDET4X4?BIPOLARMOTOR

*** WARNING L16: UNCALLED SEGMENT, IGNORED FOR OVERLAY PROCESS
    SEGMENT: ?PR?NOP?IOEXPANDER_PI4IOE5V96248

*** WARNING L16: UNCALLED SEGMENT, IGNORED FOR OVERLAY PROCESS
    SEGMENT: ?PR?UC_ACK?IOEXPANDER_PI4IOE5V96248

*** WARNING L16: UNCALLED SEGMENT, IGNORED FOR OVERLAY PROCESS
    SEGMENT: ?PR?UC_NACK?IOEXPANDER_PI4IOE5V96248

*** WARNING L1: UNRESOLVED EXTERNAL SYMBOL
    SYMBOL:  AUTO_MODE
    MODULE:  .\Obj\main.obj (MAIN)

*** WARNING L2: REFERENCE MADE TO UNRESOLVED EXTERNAL
    SYMBOL:  AUTO_MODE
    MODULE:  .\Obj\main.obj (MAIN)
    ADDRESS: 1397H

*** WARNING L2: REFERENCE MADE TO UNRESOLVED EXTERNAL
    SYMBOL:  AUTO_MODE
    MODULE:  .\Obj\main.obj (MAIN)
    ADDRESS: 1502H

*** WARNING L2: REFERENCE MADE TO UNRESOLVED EXTERNAL
    SYMBOL:  AUTO_MODE
    MODULE:  .\Obj\main.obj (MAIN)
    ADDRESS: 1510H

*** WARNING L2: REFERENCE MADE TO UNRESOLVED EXTERNAL
    SYMBOL:  AUTO_MODE
    MODULE:  .\Obj\main.obj (MAIN)
    ADDRESS: 1522H

*** WARNING L2: REFERENCE MADE TO UNRESOLVED EXTERNAL
    SYMBOL:  AUTO_MODE
    MODULE:  .\Obj\main.obj (MAIN)
    ADDRESS: 1564H

*** WARNING L2: REFERENCE MADE TO UNRESOLVED EXTERNAL
    SYMBOL:  AUTO_MODE
BL51 BANKED LINKER/LOCATER V6.22                                                      01/29/2019  12:29:44  PAGE 45


    MODULE:  .\Obj\main.obj (MAIN)
    ADDRESS: 1637H

*** WARNING L1: UNRESOLVED EXTERNAL SYMBOL
    SYMBOL:  _SENDUART1
    MODULE:  .\Obj\UART1.obj (UART1)

*** WARNING L2: REFERENCE MADE TO UNRESOLVED EXTERNAL
    SYMBOL:  _SENDUART1
    MODULE:  .\Obj\UART1.obj (UART1)
    ADDRESS: 4034H

*** WARNING L1: UNRESOLVED EXTERNAL SYMBOL
    SYMBOL:  AUTO_MODE
    MODULE:  .\Obj\KeyPad.obj (KEYPAD)

*** WARNING L2: REFERENCE MADE TO UNRESOLVED EXTERNAL
    SYMBOL:  AUTO_MODE
    MODULE:  .\Obj\KeyPad.obj (KEYPAD)
    ADDRESS: 2A7AH

*** WARNING L2: REFERENCE MADE TO UNRESOLVED EXTERNAL
    SYMBOL:  AUTO_MODE
    MODULE:  .\Obj\KeyPad.obj (KEYPAD)
    ADDRESS: 2A85H

*** WARNING L2: REFERENCE MADE TO UNRESOLVED EXTERNAL
    SYMBOL:  AUTO_MODE
    MODULE:  .\Obj\KeyPad.obj (KEYPAD)
    ADDRESS: 2A8CH

Program Size: data=10.2 xdata=1551 code=17138
LINK/LOCATE RUN COMPLETE.  27 WARNING(S),  0 ERROR(S)
