BL51 BANKED LINKER/LOCATER V6.22                                                        02/21/2019  17:00:01  PAGE 1


BL51 BANKED LINKER/LOCATER V6.22, INVOKED BY:
C:\KEIL_V5\C51\BIN\BL51.EXE .\Obj\main.obj, .\Obj\PCF85063BTL.obj, .\Obj\UART1.obj, .\Obj\LCd_Driver_SPLC780D.obj, .\Obj
>> \KeyPad.obj, .\Obj\BipolarMotor.obj, .\Obj\SunPos.obj, .\Obj\ADC.obj, .\Obj\Calibration.obj, .\Obj\IOExpander_PI4IOE5
>> V96248.obj, .\Obj\AT25SF041.obj, .\Obj\STARTUP.obj TO .\Obj\GPIO_RTC_Test PRINT (.\Lis\GPIO_RTC_Test.m51) RAMSIZE (25
>> 6)


MEMORY MODEL: LARGE WITH FLOATING POINT ARITHMETIC


INPUT MODULES INCLUDED:
  .\Obj\main.obj (MAIN)
  .\Obj\PCF85063BTL.obj (PCF85063BTL)
  .\Obj\UART1.obj (UART1)
  .\Obj\LCd_Driver_SPLC780D.obj (LCD_DRIVER_SPLC780D)
  .\Obj\KeyPad.obj (KEYPAD)
  .\Obj\BipolarMotor.obj (BIPOLARMOTOR)
  .\Obj\SunPos.obj (SUNPOS)
  .\Obj\ADC.obj (ADC)
  .\Obj\Calibration.obj (CALIBRATION)
  .\Obj\IOExpander_PI4IOE5V96248.obj (IOEXPANDER_PI4IOE5V96248)
  .\Obj\AT25SF041.obj (AT25SF041)
  .\Obj\STARTUP.obj (?C_STARTUP)
  C:\KEIL_V5\C51\LIB\C51FPL.LIB (?C?FPADD)
  C:\KEIL_V5\C51\LIB\C51FPL.LIB (?C?FPMUL)
  C:\KEIL_V5\C51\LIB\C51FPL.LIB (?C?FPDIV)
  C:\KEIL_V5\C51\LIB\C51FPL.LIB (?C?FPCMP)
  C:\KEIL_V5\C51\LIB\C51FPL.LIB (?C?FPNEG)
  C:\KEIL_V5\C51\LIB\C51FPL.LIB (?C?FCAST)
  C:\KEIL_V5\C51\LIB\C51FPL.LIB (?C?CASTF)
  C:\KEIL_V5\C51\LIB\C51FPL.LIB (ATAN2)
  C:\KEIL_V5\C51\LIB\C51FPL.LIB (SIN)
  C:\KEIL_V5\C51\LIB\C51FPL.LIB (ACOS)
  C:\KEIL_V5\C51\LIB\C51FPL.LIB (ASIN)
  C:\KEIL_V5\C51\LIB\C51FPL.LIB (?C?FPGETOPN)
  C:\KEIL_V5\C51\LIB\C51FPL.LIB (?C?FPSERIES)
  C:\KEIL_V5\C51\LIB\C51FPL.LIB (SQRT)
  C:\KEIL_V5\C51\LIB\C51FPL.LIB (ATAN)
  C:\KEIL_V5\C51\LIB\C51L.LIB (?C_INIT)
  C:\KEIL_V5\C51\LIB\C51L.LIB (?C?COPY)
  C:\KEIL_V5\C51\LIB\C51L.LIB (?C?CLDPTR)
  C:\KEIL_V5\C51\LIB\C51L.LIB (?C?CLDOPTR)
  C:\KEIL_V5\C51\LIB\C51L.LIB (?C?CSTPTR)
  C:\KEIL_V5\C51\LIB\C51L.LIB (?C?IMUL)
  C:\KEIL_V5\C51\LIB\C51L.LIB (?C?UIDIV)
  C:\KEIL_V5\C51\LIB\C51L.LIB (?C?SIDIV)
  C:\KEIL_V5\C51\LIB\C51L.LIB (?C?ILDIX)
  C:\KEIL_V5\C51\LIB\C51L.LIB (?C?ILDOPTR)
  C:\KEIL_V5\C51\LIB\C51L.LIB (?C?ISTPTR)
  C:\KEIL_V5\C51\LIB\C51L.LIB (?C?LMUL)
  C:\KEIL_V5\C51\LIB\C51L.LIB (?C?SLDIV)
  C:\KEIL_V5\C51\LIB\C51L.LIB (?C?LNEG)
  C:\KEIL_V5\C51\LIB\C51L.LIB (?C?ULCMP)
  C:\KEIL_V5\C51\LIB\C51L.LIB (?C?LSHL)
  C:\KEIL_V5\C51\LIB\C51L.LIB (?C?LLDPTR)
  C:\KEIL_V5\C51\LIB\C51L.LIB (?C?LLDOPTR)
  C:\KEIL_V5\C51\LIB\C51L.LIB (?C?LSTPTR)
  C:\KEIL_V5\C51\LIB\C51L.LIB (?C?LSTOPTR)
BL51 BANKED LINKER/LOCATER V6.22                                                      02/21/2019  17:00:01  PAGE 2


  C:\KEIL_V5\C51\LIB\C51L.LIB (?C?LLDXDATA)
  C:\KEIL_V5\C51\LIB\C51L.LIB (?C?LLDCODE)
  C:\KEIL_V5\C51\LIB\C51L.LIB (?C?LLDXDATA0)
  C:\KEIL_V5\C51\LIB\C51L.LIB (?C?LLDCODE0)
  C:\KEIL_V5\C51\LIB\C51L.LIB (?C?LLDPTR0)
  C:\KEIL_V5\C51\LIB\C51L.LIB (?C?LSTXDATA)
  C:\KEIL_V5\C51\LIB\C51L.LIB (?C?LSTKXDATA)
  C:\KEIL_V5\C51\LIB\C51L.LIB (?C?LSTKPTR)
  C:\KEIL_V5\C51\LIB\C51L.LIB (?C?OFFXADD)
  C:\KEIL_V5\C51\LIB\C51L.LIB (ABS)
  C:\KEIL_V5\C51\LIB\C51L.LIB (ATOI)
  C:\KEIL_V5\C51\LIB\C51L.LIB (?C?IILDX)
  C:\KEIL_V5\C51\LIB\C51L.LIB (?C?ULDIV)
  C:\KEIL_V5\C51\LIB\C51L.LIB (?C?LLDIDATA)
  C:\KEIL_V5\C51\LIB\C51L.LIB (?C?LLDPDATA)
  C:\KEIL_V5\C51\LIB\C51L.LIB (?C?LLDIDATA0)
  C:\KEIL_V5\C51\LIB\C51L.LIB (?C?LLDPDATA0)
  C:\KEIL_V5\C51\LIB\C51L.LIB (?C?LSTIDATA)
  C:\KEIL_V5\C51\LIB\C51L.LIB (?C?LSTPDATA)
  C:\KEIL_V5\C51\LIB\C51L.LIB (?C?LSTKIDATA)
  C:\KEIL_V5\C51\LIB\C51L.LIB (?C?LSTKPDATA)
  C:\KEIL_V5\C51\LIB\C51L.LIB (ISDIGIT)
  C:\KEIL_V5\C51\LIB\C51L.LIB (ISSPACE)


LINK MAP OF MODULE:  .\Obj\GPIO_RTC_Test (MAIN)


            TYPE    BASE      LENGTH    RELOCATION   SEGMENT NAME
            -----------------------------------------------------

            * * * * * * *   D A T A   M E M O R Y   * * * * * * *
            REG     0000H     0008H     ABSOLUTE     "REG BANK 0"
                    0008H     0018H                  *** GAP ***
            BIT     0020H.0   0000H.5   UNIT         ?BI?KEYPAD
            BIT     0020H.5   0000H.3   UNIT         _BIT_GROUP_
            BIT     0021H.0   0000H.1   UNIT         ?BI?MAIN
            BIT     0021H.1   0000H.1   UNIT         ?BI?_ATOI?ATOI
                    0021H.2   0000H.6                *** GAP ***
            IDATA   0022H     0001H     UNIT         ?STACK

            * * * * * * *  X D A T A   M E M O R Y  * * * * * * *
            XDATA   0000H     038FH     UNIT         ?XD?BIPOLARMOTOR
            XDATA   038FH     0152H     UNIT         _XDATA_GROUP_
            XDATA   04E1H     00D4H     UNIT         ?XD?MAIN
            XDATA   05B5H     0040H     UNIT         ?XD?_FINDDET4X4?BIPOLARMOTOR
            XDATA   05F5H     0024H     UNIT         ?XD?_FINDDET3X3?BIPOLARMOTOR
            XDATA   0619H     0009H     UNIT         ?XD?KEYPAD
            XDATA   0622H     0008H     UNIT         ?XD?_AT25SF041_READ?AT25SF041
            XDATA   062AH     0005H     UNIT         ?XD?_ATOI?ATOI
            XDATA   062FH     0004H     UNIT         ?XD?_DISPLAY_PROX?MAIN
            XDATA   0633H     0003H     UNIT         ?XD?_SENDSTRING?UART1
            XDATA   0636H     0001H     UNIT         ?XD?UC_ACK?IOEXPANDER_PI4IOE5V96248
            XDATA   0637H     0001H     UNIT         ?XD?UC_NACK?IOEXPANDER_PI4IOE5V96248

            * * * * * * *   C O D E   M E M O R Y   * * * * * * *
            CODE    0000H     0003H     ABSOLUTE     
BL51 BANKED LINKER/LOCATER V6.22                                                      02/21/2019  17:00:01  PAGE 3


            CODE    0003H     0006H     UNIT         ?PR?_TEN?UART1
            CODE    0009H     0001H     UNIT         ?PR?TM0_ISR?MAIN
            CODE    000AH     0001H     UNIT         ?PR?_DECTOBCD?UART1
            CODE    000BH     0003H     ABSOLUTE     
            CODE    000EH     0B00H     UNIT         ?PR?_UPDATE_POSITION?BIPOLARMOTOR
            CODE    0B0EH     0A2DH     UNIT         ?PR?MAIN?MAIN
            CODE    153BH     09B6H     UNIT         ?C?LIB_CODE
            CODE    1EF1H     07A2H     UNIT         ?PR?SUNPOS?SUNPOS
            CODE    2693H     03F2H     UNIT         ?C_INITSEG
            CODE    2A85H     0309H     UNIT         ?PR?_FIND_REAL_MAX?CALIBRATION
            CODE    2D8EH     02C0H     UNIT         ?PR?_FINDDET4X4?BIPOLARMOTOR
            CODE    304EH     02A0H     UNIT         ?PR?KEY_PROCESS?KEYPAD
            CODE    32EEH     01D1H     UNIT         ?PR?_FINDDET3X3?BIPOLARMOTOR
            CODE    34BFH     018DH     UNIT         ?PR?KEY_SCAN?KEYPAD
            CODE    364CH     0188H     UNIT         ?PR?SIN?SIN
            CODE    37D4H     0172H     UNIT         ?PR?_DISPLAY_POS?MAIN
            CODE    3946H     013CH     UNIT         ?PR?_CALIBRATION?CALIBRATION
            CODE    3A82H     0122H     UNIT         ?PR?ATAN?ATAN
            CODE    3BA4H     0106H     UNIT         ?PR?_AT25SF041_READ?AT25SF041
            CODE    3CAAH     00FBH     UNIT         ?PR?_AT25SF041_WRITE?AT25SF041
            CODE    3DA5H     00DBH     UNIT         ?PR?_ATOI?ATOI
            CODE    3E80H     00C3H     UNIT         ?PR?LINEAR_INTERPOLATE?BIPOLARMOTOR
            CODE    3F43H     00BBH     UNIT         ?PR?VOLTAGE_IS_STABLE?CALIBRATION
            CODE    3FFEH     00B3H     UNIT         ?PR?SPI_NOR_WRITE_DATA?AT25SF041
            CODE    40B1H     00ADH     UNIT         ?PR?_WRITE_PI4IOE5V96248?IOEXPANDER_PI4IOE5V96248
            CODE    415EH     00ACH     UNIT         ?PR?SQRT?SQRT
            CODE    420AH     00A1H     UNIT         ?PR?READ_STATUS_REGISTER_BYTE1?AT25SF041
            CODE    42ABH     009DH     UNIT         ?PR?_ATAN2?ATAN2
            CODE    4348H     009CH     UNIT         ?PR?_MAX_VALUE?CALIBRATION
            CODE    43E4H     0095H     UNIT         ?PR?_DISPLAY_PROX?MAIN
            CODE    4479H     008CH     UNIT         ?C_C51STARTUP
            CODE    4505H     0084H     UNIT         ?PR?_DAY_OF_YEAR?PCF85063BTL
            CODE    4589H     0075H     UNIT         ?PR?_WRITEDATA?LCD_DRIVER_SPLC780D
            CODE    45FEH     006FH     UNIT         ?PR?_READ_TIME?PCF85063BTL
            CODE    466DH     005AH     UNIT         ?PR?AT25SF041_CHIPERASE?AT25SF041
            CODE    46C7H     0059H     UNIT         ?PR?LCD_INIT?LCD_DRIVER_SPLC780D
            CODE    4720H     0050H     UNIT         ?PR?AT25SF041_WRITEENABLE?AT25SF041
            CODE    4770H     004AH     UNIT         ?PR?VONESTEPMOVE?BIPOLARMOTOR
            CODE    47BAH     004AH     UNIT         ?PR?ACOS?ACOS
            CODE    4804H     0044H     UNIT         ?C?LDIV
            CODE    4848H     0040H     UNIT         ?PR?_COMMAND?LCD_DRIVER_SPLC780D
            CODE    4888H     0040H     UNIT         ?PR?_STEP_MOVE?BIPOLARMOTOR
            CODE    48C8H     003BH     UNIT         ?PR?ASIN?ASIN
            CODE    4903H     0033H     UNIT         ?PR?_SENDSTRING?UART1
            CODE    4936H     002CH     UNIT         ?PR?_ADC_GETRESULT?ADC
            CODE    4962H     002BH     UNIT         ?PR?_WAIT_MS_I2C?IOEXPANDER_PI4IOE5V96248
            CODE    498DH     002BH     UNIT         ?PR?_WAIT_MS_SPINOR?AT25SF041
            CODE    49B8H     0028H     UNIT         ?PR?_MOVE?BIPOLARMOTOR
            CODE    49E0H     0027H     UNIT         ?PR?_I2C_SENDBYTE?IOEXPANDER_PI4IOE5V96248
            CODE    4A07H     0024H     UNIT         ?PR?_WAIT_MS?LCD_DRIVER_SPLC780D
            CODE    4A2BH     0020H     UNIT         ?PR?_SPI_SENDBYTE?PCF85063BTL
            CODE    4A4BH     0020H     UNIT         ?PR?SPI_RECEIVEBYTE?PCF85063BTL
            CODE    4A6BH     001FH     UNIT         ?PR?ADC_INIT?ADC
            CODE    4A8AH     001EH     UNIT         ?PR?_DELAY_MS?KEYPAD
            CODE    4AA8H     001DH     UNIT         ?PR?_DISPLAYLCD?LCD_DRIVER_SPLC780D
            CODE    4AC5H     001BH     UNIT         ?PR?_BCDTODEC1?BIPOLARMOTOR
            CODE    4AE0H     0018H     UNIT         ?PR?_SPI_WRITETIME?PCF85063BTL
BL51 BANKED LINKER/LOCATER V6.22                                                      02/21/2019  17:00:01  PAGE 4


            CODE    4AF8H     0017H     UNIT         ?PR?_ASCIITOBCD?UART1
            CODE    4B0FH     0016H     UNIT         ?PR?I2C_ACK?IOEXPANDER_PI4IOE5V96248
            CODE    4B25H     0015H     UNIT         ?PR?_DISPLAY_LINE?LCD_DRIVER_SPLC780D
            CODE    4B3AH     0015H     UNIT         ?PR?I2C_STOP?IOEXPANDER_PI4IOE5V96248
            CODE    4B4FH     0014H     UNIT         ?PR?_PCF85063BTL_DELAY?PCF85063BTL
            CODE    4B63H     0014H     UNIT         ?PR?_ISSPACE?ISSPACE
            CODE    4B77H     0011H     UNIT         ?PR?_SPI_READTIME?PCF85063BTL
            CODE    4B88H     0011H     UNIT         ?PR?_BCDTODEC?PCF85063BTL
            CODE    4B99H     0011H     UNIT         ?PR?INITUART1?UART1
            CODE    4BAAH     000FH     UNIT         ?PR?I2C_START?IOEXPANDER_PI4IOE5V96248
            CODE    4BB9H     000FH     UNIT         ?PR?UC_NACK?IOEXPANDER_PI4IOE5V96248
            CODE    4BC8H     000FH     UNIT         ?PR?_ISDIGIT?ISDIGIT
            CODE    4BD7H     000DH     UNIT         ?PR?SPI_INIT?PCF85063BTL
            CODE    4BE4H     000CH     UNIT         ?PR?KEYPAD_IO_INIT?KEYPAD
            CODE    4BF0H     000CH     UNIT         ?PR?_ABS?ABS
            CODE    4BFCH     000AH     UNIT         ?PR?LCD_RETURN_HOME?LCD_DRIVER_SPLC780D
            CODE    4C06H     000AH     UNIT         ?PR?LCD_CLEAR?LCD_DRIVER_SPLC780D
            CODE    4C10H     0006H     UNIT         ?PR?UC_ACK?IOEXPANDER_PI4IOE5V96248
            CODE    4C16H     0005H     UNIT         ?PR?_UNIT?UART1
            CODE    4C1BH     0005H     UNIT         ?PR?_ASCII_LETTER?UART1
            CODE    4C20H     0001H     UNIT         ?PR?WAIT?BIPOLARMOTOR
            CODE    4C21H     0001H     UNIT         ?PR?NOP?IOEXPANDER_PI4IOE5V96248



OVERLAY MAP OF MODULE:   .\Obj\GPIO_RTC_Test (MAIN)


SEGMENT                                             BIT_GROUP          XDATA_GROUP
  +--> CALLED SEGMENT                            START    LENGTH     START    LENGTH
------------------------------------------------------------------------------------
?C_C51STARTUP                                    -----    -----      -----    -----
  +--> ?PR?MAIN?MAIN
  +--> ?C_INITSEG

?PR?MAIN?MAIN                                    -----    -----      038FH    0031H
  +--> ?PR?LCD_INIT?LCD_DRIVER_SPLC780D
  +--> ?PR?SPI_INIT?PCF85063BTL
  +--> ?PR?KEYPAD_IO_INIT?KEYPAD
  +--> ?PR?ADC_INIT?ADC
  +--> ?PR?_SPI_WRITETIME?PCF85063BTL
  +--> ?PR?_DELAY_MS?KEYPAD
  +--> ?PR?_DISPLAY_LINE?LCD_DRIVER_SPLC780D
  +--> ?PR?_WRITEDATA?LCD_DRIVER_SPLC780D
  +--> ?PR?KEY_PROCESS?KEYPAD
  +--> ?PR?_COMMAND?LCD_DRIVER_SPLC780D
  +--> ?PR?_DISPLAY_POS?MAIN
  +--> ?PR?_DISPLAYLCD?LCD_DRIVER_SPLC780D
  +--> ?PR?_STEP_MOVE?BIPOLARMOTOR
  +--> ?PR?LCD_RETURN_HOME?LCD_DRIVER_SPLC780D
  +--> ?PR?_READ_TIME?PCF85063BTL
  +--> ?PR?_ADC_GETRESULT?ADC
  +--> ?PR?_BCDTODEC1?BIPOLARMOTOR
  +--> ?PR?_CALIBRATION?CALIBRATION
  +--> ?PR?AT25SF041_WRITEENABLE?AT25SF041
  +--> ?PR?AT25SF041_CHIPERASE?AT25SF041
  +--> ?PR?_WAIT_MS_SPINOR?AT25SF041
BL51 BANKED LINKER/LOCATER V6.22                                                      02/21/2019  17:00:01  PAGE 5


  +--> ?PR?_AT25SF041_WRITE?AT25SF041
  +--> ?PR?SPI_NOR_WRITE_DATA?AT25SF041
  +--> ?PR?LINEAR_INTERPOLATE?BIPOLARMOTOR
  +--> ?PR?_UPDATE_POSITION?BIPOLARMOTOR

?PR?LCD_INIT?LCD_DRIVER_SPLC780D                 -----    -----      -----    -----
  +--> ?PR?_WAIT_MS?LCD_DRIVER_SPLC780D
  +--> ?PR?_COMMAND?LCD_DRIVER_SPLC780D

?PR?_COMMAND?LCD_DRIVER_SPLC780D                 -----    -----      -----    -----
  +--> ?PR?_WAIT_MS?LCD_DRIVER_SPLC780D

?PR?ADC_INIT?ADC                                 -----    -----      -----    -----
  +--> ?PR?_WAIT_MS?LCD_DRIVER_SPLC780D

?PR?_SPI_WRITETIME?PCF85063BTL                   -----    -----      -----    -----
  +--> ?PR?_SPI_SENDBYTE?PCF85063BTL

?PR?_SPI_SENDBYTE?PCF85063BTL                    -----    -----      -----    -----
  +--> ?PR?_PCF85063BTL_DELAY?PCF85063BTL

?PR?_DISPLAY_LINE?LCD_DRIVER_SPLC780D            -----    -----      -----    -----
  +--> ?PR?_COMMAND?LCD_DRIVER_SPLC780D

?PR?_WRITEDATA?LCD_DRIVER_SPLC780D               -----    -----      046DH    0001H
  +--> ?PR?_WAIT_MS?LCD_DRIVER_SPLC780D

?PR?KEY_PROCESS?KEYPAD                           -----    -----      03C0H    0006H
  +--> ?PR?KEY_SCAN?KEYPAD
  +--> ?PR?_SPI_WRITETIME?PCF85063BTL
  +--> ?PR?LCD_CLEAR?LCD_DRIVER_SPLC780D
  +--> ?PR?_COMMAND?LCD_DRIVER_SPLC780D
  +--> ?PR?_WRITEDATA?LCD_DRIVER_SPLC780D

?PR?KEY_SCAN?KEYPAD                              -----    -----      03C6H    0003H

?PR?LCD_CLEAR?LCD_DRIVER_SPLC780D                -----    -----      -----    -----
  +--> ?PR?_COMMAND?LCD_DRIVER_SPLC780D

?PR?_DISPLAY_POS?MAIN                            -----    -----      0463H    000AH
  +--> ?PR?_ABS?ABS
  +--> ?PR?_WRITEDATA?LCD_DRIVER_SPLC780D

?PR?_DISPLAYLCD?LCD_DRIVER_SPLC780D              -----    -----      03C0H    0001H
  +--> ?PR?_WRITEDATA?LCD_DRIVER_SPLC780D

?PR?_STEP_MOVE?BIPOLARMOTOR                      0020H.6  0000H.1    047CH    0004H
  +--> ?PR?VONESTEPMOVE?BIPOLARMOTOR

?PR?VONESTEPMOVE?BIPOLARMOTOR                    0020H.7  0000H.1    -----    -----
  +--> ?PR?_WRITE_PI4IOE5V96248?IOEXPANDER_P...
  +--> ?PR?_DELAY_MS?KEYPAD

?PR?_WRITE_PI4IOE5V96248?IOEXPANDER_P...         -----    -----      0480H    0003H
  +--> ?PR?I2C_START?IOEXPANDER_PI4IOE5V96248
  +--> ?PR?_WAIT_MS_I2C?IOEXPANDER_PI4IOE5V9...
  +--> ?PR?_I2C_SENDBYTE?IOEXPANDER_PI4IOE5V...
BL51 BANKED LINKER/LOCATER V6.22                                                      02/21/2019  17:00:01  PAGE 6


  +--> ?PR?I2C_ACK?IOEXPANDER_PI4IOE5V96248
  +--> ?PR?I2C_STOP?IOEXPANDER_PI4IOE5V96248

?PR?I2C_START?IOEXPANDER_PI4IOE5V96248           -----    -----      -----    -----
  +--> ?PR?_WAIT_MS_I2C?IOEXPANDER_PI4IOE5V9...

?PR?_I2C_SENDBYTE?IOEXPANDER_PI4IOE5V...         -----    -----      -----    -----
  +--> ?PR?_WAIT_MS_I2C?IOEXPANDER_PI4IOE5V9...

?PR?I2C_ACK?IOEXPANDER_PI4IOE5V96248             -----    -----      0483H    0001H
  +--> ?PR?_WAIT_MS_I2C?IOEXPANDER_PI4IOE5V9...

?PR?I2C_STOP?IOEXPANDER_PI4IOE5V96248            -----    -----      -----    -----
  +--> ?PR?_WAIT_MS_I2C?IOEXPANDER_PI4IOE5V9...

?PR?LCD_RETURN_HOME?LCD_DRIVER_SPLC780D          -----    -----      -----    -----
  +--> ?PR?_COMMAND?LCD_DRIVER_SPLC780D

?PR?_READ_TIME?PCF85063BTL                       -----    -----      03C0H    000FH
  +--> ?PR?_SPI_READTIME?PCF85063BTL

?PR?_SPI_READTIME?PCF85063BTL                    -----    -----      -----    -----
  +--> ?PR?_SPI_SENDBYTE?PCF85063BTL
  +--> ?PR?SPI_RECEIVEBYTE?PCF85063BTL

?PR?SPI_RECEIVEBYTE?PCF85063BTL                  -----    -----      -----    -----
  +--> ?PR?_PCF85063BTL_DELAY?PCF85063BTL

?PR?_CALIBRATION?CALIBRATION                     -----    -----      03C0H    0019H
  +--> ?PR?VOLTAGE_IS_STABLE?CALIBRATION
  +--> ?PR?_UPDATE_POSITION?BIPOLARMOTOR
  +--> ?PR?_FIND_REAL_MAX?CALIBRATION

?PR?VOLTAGE_IS_STABLE?CALIBRATION                -----    -----      03D9H    0018H
  +--> ?PR?_ADC_GETRESULT?ADC
  +--> ?PR?_ABS?ABS

?PR?_UPDATE_POSITION?BIPOLARMOTOR                -----    -----      03D9H    009FH
  +--> ?PR?_BCDTODEC1?BIPOLARMOTOR
  +--> ?PR?SUNPOS?SUNPOS
  +--> ?PR?SIN?SIN
  +--> ?PR?ASIN?ASIN
  +--> ?PR?LINEAR_INTERPOLATE?BIPOLARMOTOR
  +--> ?PR?_ABS?ABS
  +--> ?PR?_MOVE?BIPOLARMOTOR

?PR?SUNPOS?SUNPOS                                -----    -----      0478H    005DH
  +--> ?PR?SIN?SIN
  +--> ?PR?_ATAN2?ATAN2
  +--> ?PR?ASIN?ASIN
  +--> ?PR?ACOS?ACOS

?PR?SIN?SIN                                      0020H.5  0000H.1    04D5H    0004H

?PR?_ATAN2?ATAN2                                 -----    -----      04D5H    0008H
  +--> ?PR?ATAN?ATAN

BL51 BANKED LINKER/LOCATER V6.22                                                      02/21/2019  17:00:01  PAGE 7


?PR?ATAN?ATAN                                    0020H.5  0000H.2    04DDH    0004H

?PR?ASIN?ASIN                                    -----    -----      -----    -----
  +--> ?PR?SQRT?SQRT
  +--> ?PR?ATAN?ATAN

?PR?SQRT?SQRT                                    -----    -----      04D5H    0004H

?PR?ACOS?ACOS                                    -----    -----      -----    -----
  +--> ?PR?SQRT?SQRT
  +--> ?PR?ATAN?ATAN

?PR?LINEAR_INTERPOLATE?BIPOLARMOTOR              -----    -----      0478H    0014H

?PR?_MOVE?BIPOLARMOTOR                           0020H.5  0000H.1    0478H    0004H
  +--> ?PR?_STEP_MOVE?BIPOLARMOTOR

?PR?_FIND_REAL_MAX?CALIBRATION                   -----    -----      03D9H    008AH
  +--> ?PR?_ADC_GETRESULT?ADC
  +--> ?PR?_MOVE?BIPOLARMOTOR
  +--> ?PR?_COMMAND?LCD_DRIVER_SPLC780D
  +--> ?PR?_WRITEDATA?LCD_DRIVER_SPLC780D
  +--> ?PR?_DISPLAY_POS?MAIN
  +--> ?PR?_WAIT_MS?LCD_DRIVER_SPLC780D
  +--> ?PR?_MAX_VALUE?CALIBRATION

?PR?_MAX_VALUE?CALIBRATION                       -----    -----      0463H    0004H

?PR?AT25SF041_WRITEENABLE?AT25SF041              -----    -----      03CFH    0002H
  +--> ?PR?_WAIT_MS_SPINOR?AT25SF041

?PR?AT25SF041_CHIPERASE?AT25SF041                -----    -----      03C0H    0002H
  +--> ?PR?_WAIT_MS_SPINOR?AT25SF041
  +--> ?PR?READ_STATUS_REGISTER_BYTE1?AT25SF041

?PR?READ_STATUS_REGISTER_BYTE1?AT25SF041         -----    -----      03C2H    0003H
  +--> ?PR?_WAIT_MS_SPINOR?AT25SF041

?PR?_AT25SF041_WRITE?AT25SF041                   -----    -----      03CFH    0008H
  +--> ?PR?_WAIT_MS_SPINOR?AT25SF041

?PR?SPI_NOR_WRITE_DATA?AT25SF041                 -----    -----      03C0H    000FH
  +--> ?PR?AT25SF041_WRITEENABLE?AT25SF041
  +--> ?PR?_AT25SF041_WRITE?AT25SF041
  +--> ?PR?_WAIT_MS_SPINOR?AT25SF041



UNRESOLVED EXTERNAL SYMBOLS:
   AUTO_MODE
   _SENDUART1



SYMBOL TABLE OF MODULE:  .\Obj\GPIO_RTC_Test (MAIN)

  VALUE           TYPE          NAME
BL51 BANKED LINKER/LOCATER V6.22                                                      02/21/2019  17:00:01  PAGE 8


  ----------------------------------

  -------         MODULE        MAIN
  C:0000H         SYMBOL        _ICE_DUMMY_
  X:04E9H         PUBLIC        calib_value
  D:0080H         PUBLIC        P0
  D:00B2H         PUBLIC        P3M0
  D:0090H         PUBLIC        P1
  D:00B1H         PUBLIC        P3M1
  D:00A0H         PUBLIC        P2
  D:00B0H         PUBLIC        P3
  D:00C0H         PUBLIC        P4
  D:00C8H         PUBLIC        P5
  X:053DH         SYMBOL        PressedKey
  B:00A8H.7       PUBLIC        EA
  D:00E8H         PUBLIC        P6
  X:0541H         PUBLIC        calib_stamp
  D:00F8H         PUBLIC        P7
  X:0542H         PUBLIC        RX_Data_Uart_Cnt
  D:00A8H         PUBLIC        IE
  X:0544H         PUBLIC        calib_time
  D:00B8H         PUBLIC        IP
  X:0598H         PUBLIC        months
  D:00D8H         PUBLIC        CCON
  C:0B0EH         PUBLIC        main
  X:0599H         PUBLIC        count
  X:059BH         PUBLIC        days
  X:059CH         PUBLIC        hours
  D:0098H         PUBLIC        SCON
  D:0089H         PUBLIC        TMOD
  D:0088H         PUBLIC        TCON
  B:00A0H.3       PUBLIC        P23
  X:059DH         SYMBOL        KeyCount
  X:059FH         PUBLIC        mins
  X:05A0H         PUBLIC        Rec_data_hour
  B:00C8H.5       PUBLIC        P55
  X:05A3H         PUBLIC        Rec_data_min
  D:008EH         PUBLIC        AUXR
  C:0009H         PUBLIC        tm0_isr
  B:0021H.0       PUBLIC        busy
  B:00A8H.1       PUBLIC        ET0
  D:008CH         PUBLIC        TH0
  X:05A6H         PUBLIC        hour_count
  D:008AH         PUBLIC        TL0
  X:05A7H         PUBLIC        min_count
  B:0088H.4       PUBLIC        TR0
  X:05A8H         SYMBOL        KeyNum
  X:05A9H         SYMBOL        KeyNum_Old
  X:05AAH         PUBLIC        current_position
  X:05AEH         PUBLIC        hours1
  X:05AFH         PUBLIC        hours2
  C:43E4H         PUBLIC        _Display_Prox
  X:05B0H         PUBLIC        mins1
  X:05B1H         PUBLIC        mins2
  C:37D4H         PUBLIC        _Display_Pos
  X:05B2H         PUBLIC        seconds
  X:05B3H         PUBLIC        st_time
BL51 BANKED LINKER/LOCATER V6.22                                                      02/21/2019  17:00:01  PAGE 9


  D:00D0H         PUBLIC        PSW
  -------         PROC          TM0_ISR
  C:0009H         LINE#         85
  C:0009H         LINE#         87
  -------         ENDPROC       TM0_ISR
  -------         PROC          MAIN
  -------         DO            
  X:038FH         SYMBOL        sunlight_ADC
  X:04E1H         SYMBOL        KeyCount
  X:04E3H         SYMBOL        KeyNum_Old
  X:04E4H         SYMBOL        KeyNum
  X:04E5H         SYMBOL        PressedKey
  X:0391H         SYMBOL        prox_flag
  X:0392H         SYMBOL        iUse_prevday_calib_value
  X:0394H         SYMBOL        max_ADC_Val
  X:0396H         SYMBOL        max_ADC_Val_JP
  X:0398H         SYMBOL        calib_point1
  X:03A0H         SYMBOL        calib_point2
  X:03A8H         SYMBOL        dat_to_store
  X:03B4H         SYMBOL        calib_day
  X:03B6H         SYMBOL        calib_count
  X:03B8H         SYMBOL        theorical_JP_max_pos
  X:03BCH         SYMBOL        SPI_NOR_INTERNAL_FLASH_ADDR
  -------         ENDDO         
  C:0B0EH         LINE#         89
  C:0B0EH         LINE#         90
  C:0B0EH         LINE#         95
  C:0B14H         LINE#         96
  C:0B1DH         LINE#         100
  C:0B23H         LINE#         101
  C:0B2DH         LINE#         102
  C:0B37H         LINE#         106
  C:0B39H         LINE#         107
  C:0B3BH         LINE#         108
  C:0B3DH         LINE#         109
  C:0B3FH         LINE#         111
  C:0B46H         LINE#         120
  C:0B48H         LINE#         121
  C:0B4BH         LINE#         122
  C:0B4EH         LINE#         123
  C:0B51H         LINE#         124
  C:0B54H         LINE#         125
  C:0B57H         LINE#         128
  C:0B5AH         LINE#         130
  C:0B5DH         LINE#         131
  C:0B60H         LINE#         132
  C:0B63H         LINE#         133
  C:0B65H         LINE#         134
  C:0B67H         LINE#         135
  C:0B69H         LINE#         137
  C:0B6BH         LINE#         138
  C:0B72H         LINE#         139
  C:0B79H         LINE#         140
  C:0B80H         LINE#         141
  C:0B87H         LINE#         145
  C:0B8EH         LINE#         146
  C:0B93H         LINE#         147
BL51 BANKED LINKER/LOCATER V6.22                                                      02/21/2019  17:00:01  PAGE 10


  C:0B98H         LINE#         148
  C:0B9DH         LINE#         149
  C:0BA2H         LINE#         150
  C:0BA7H         LINE#         153
  C:0BC0H         LINE#         154
  C:0BC0H         LINE#         155
  C:0BDCH         LINE#         156
  C:0C23H         LINE#         157
  C:0C34H         LINE#         158
  C:0C34H         LINE#         159
  C:0C34H         LINE#         160
  C:0C37H         LINE#         163
  C:0C37H         LINE#         166
  C:0C3CH         LINE#         167
  C:0C41H         LINE#         169
  C:0C46H         LINE#         170
  C:0C4BH         LINE#         171
  C:0C50H         LINE#         172
  C:0C55H         LINE#         174
  C:0C66H         LINE#         175
  C:0C6BH         LINE#         176
  C:0C70H         LINE#         178
  C:0C77H         LINE#         179
  C:0C7FH         LINE#         180
  C:0C84H         LINE#         181
  C:0C8CH         LINE#         182
  C:0C91H         LINE#         183
  C:0C9BH         LINE#         184
  C:0CA0H         LINE#         185
  C:0CA8H         LINE#         187
  C:0CB0H         LINE#         188
  C:0CB5H         LINE#         189
  C:0CBFH         LINE#         190
  C:0CBFH         LINE#         191
  C:0CC1H         LINE#         192
  C:0CC3H         LINE#         193
  C:0CCDH         LINE#         194
  C:0CCDH         LINE#         195
  C:0CD2H         LINE#         196
  C:0CD2H         LINE#         208
  C:0CDFH         LINE#         209
  C:0CDFH         LINE#         210
  C:0CE9H         LINE#         211
  C:0D00H         LINE#         212
  C:0D00H         LINE#         213
  C:0D02H         LINE#         214
  C:0D04H         LINE#         216
  C:0D04H         LINE#         217
  C:0D0FH         LINE#         218
  C:0D0FH         LINE#         219
  C:0D14H         LINE#         220
  C:0D14H         LINE#         221
  C:0D21H         LINE#         222
  C:0D21H         LINE#         225
  C:0D2BH         LINE#         226
  C:0D42H         LINE#         227
  C:0D42H         LINE#         228
BL51 BANKED LINKER/LOCATER V6.22                                                      02/21/2019  17:00:01  PAGE 11


  C:0D44H         LINE#         229
  C:0D46H         LINE#         231
  C:0D46H         LINE#         232
  C:0D51H         LINE#         233
  C:0D51H         LINE#         234
  C:0D56H         LINE#         235
  C:0D58H         LINE#         236
  C:0D58H         LINE#         245
  C:0D7AH         LINE#         246
  C:0D7AH         LINE#         247
  C:0D84H         LINE#         248
  C:0D8AH         LINE#         249
  C:0D8CH         LINE#         250
  C:0D8EH         LINE#         251
  C:0D90H         LINE#         252
  C:0D90H         LINE#         253
  C:0D93H         LINE#         255
  C:0D93H         LINE#         256
  C:0D99H         LINE#         257
  C:0DA1H         LINE#         258
  C:0DA7H         LINE#         259
  C:0DAFH         LINE#         260
  C:0DEAH         LINE#         264
  C:0DF7H         LINE#         265
  C:0DF7H         LINE#         266
  C:0E04H         LINE#         267
  C:0E37H         LINE#         268
  C:0E44H         LINE#         269
  C:0E44H         LINE#         271
  C:0E73H         LINE#         272
  C:0E73H         LINE#         273
  C:0E95H         LINE#         274
  C:0E95H         LINE#         275
  C:0F11H         LINE#         276
  C:0F8FH         LINE#         295
  C:0F8FH         LINE#         296
  C:0F92H         LINE#         298
  C:0F95H         LINE#         299
  C:0F9CH         LINE#         300
  C:0F9CH         LINE#         301
  C:0F9FH         LINE#         303
  C:0FB6H         LINE#         305
  C:0FBDH         LINE#         306
  C:0FC0H         LINE#         308
  C:0FD7H         LINE#         309
  C:0FDEH         LINE#         311
  C:0FE1H         LINE#         312
  C:0FF2H         LINE#         313
  C:0FF2H         LINE#         314
  C:0FF2H         LINE#         316
  C:0FF2H         LINE#         319
  C:0FF5H         LINE#         321
  C:0FF5H         LINE#         322
  C:1017H         LINE#         323
  C:1017H         LINE#         324
  C:1093H         LINE#         325
  C:10E8H         LINE#         326
BL51 BANKED LINKER/LOCATER V6.22                                                      02/21/2019  17:00:01  PAGE 12


  C:10E8H         LINE#         327
  C:10E8H         LINE#         328
  C:10EBH         LINE#         332
  C:10EBH         LINE#         335
  C:111FH         LINE#         336
  C:111FH         LINE#         337
  C:1141H         LINE#         338
  C:1141H         LINE#         339
  C:11BDH         LINE#         340
  C:123BH         LINE#         344
  C:1243H         LINE#         345
  C:124BH         LINE#         346
  C:1253H         LINE#         348
  C:125BH         LINE#         349
  C:1264H         LINE#         350
  C:127AH         LINE#         352
  C:12AAH         LINE#         353
  C:12B9H         LINE#         354
  C:12C2H         LINE#         356
  C:12D8H         LINE#         357
  C:1308H         LINE#         358
  C:132CH         LINE#         360
  C:132FH         LINE#         361
  C:1340H         LINE#         362
  C:1340H         LINE#         363
  C:1348H         LINE#         365
  C:1348H         LINE#         368
  C:134BH         LINE#         370
  C:134BH         LINE#         372
  C:136DH         LINE#         373
  C:136DH         LINE#         374
  C:13E9H         LINE#         376
  C:1416H         LINE#         377
  C:1431H         LINE#         378
  C:145EH         LINE#         379
  C:1479H         LINE#         381
  C:1515H         LINE#         384
  C:1515H         LINE#         385
  C:1515H         LINE#         386
  C:1515H         LINE#         388
  C:1515H         LINE#         391
  C:1531H         LINE#         392
  C:1536H         LINE#         394
  C:1538H         LINE#         395
  -------         ENDPROC       MAIN
  -------         PROC          _DISPLAY_PROX
  D:0002H         SYMBOL        dat
  -------         DO            
  X:062FH         SYMBOL        unit
  X:0630H         SYMBOL        ten
  X:0631H         SYMBOL        hundred
  X:0632H         SYMBOL        thousand
  -------         ENDDO         
  C:43E4H         LINE#         479
  C:43E8H         LINE#         480
  C:43E8H         LINE#         482
  C:43F4H         LINE#         483
BL51 BANKED LINKER/LOCATER V6.22                                                      02/21/2019  17:00:01  PAGE 13


  C:4404H         LINE#         484
  C:4420H         LINE#         485
  C:4450H         LINE#         486
  C:445AH         LINE#         487
  C:4464H         LINE#         488
  C:446EH         LINE#         489
  C:4478H         LINE#         491
  -------         ENDPROC       _DISPLAY_PROX
  -------         PROC          _DISPLAY_POS
  X:0463H         SYMBOL        sign_dat
  -------         DO            
  X:0467H         SYMBOL        unit
  X:0468H         SYMBOL        ten
  X:0469H         SYMBOL        hundred
  D:0003H         SYMBOL        thousand
  X:046AH         SYMBOL        after_dot
  X:046BH         SYMBOL        dat
  -------         ENDDO         
  C:37D4H         LINE#         494
  C:37DAH         LINE#         495
  C:37DAH         LINE#         499
  C:37F6H         LINE#         500
  C:3810H         LINE#         501
  C:3834H         LINE#         503
  C:387EH         LINE#         505
  C:3895H         LINE#         506
  C:38A2H         LINE#         507
  C:38C4H         LINE#         508
  C:38F9H         LINE#         509
  C:3911H         LINE#         510
  C:3911H         LINE#         512
  C:3911H         LINE#         513
  C:3911H         LINE#         514
  C:3911H         LINE#         515
  C:3911H         LINE#         516
  C:3911H         LINE#         520
  C:3913H         LINE#         522
  C:3913H         LINE#         524
  C:3918H         LINE#         525
  C:3922H         LINE#         526
  C:392CH         LINE#         527
  C:3936H         LINE#         528
  C:393BH         LINE#         529
  C:3945H         LINE#         533
  C:3945H         LINE#         535
  -------         ENDPROC       _DISPLAY_POS
  -------         ENDMOD        MAIN

  -------         MODULE        PCF85063BTL
  C:0000H         SYMBOL        _ICE_DUMMY_
  D:0096H         PUBLIC        P2M0
  D:0080H         PUBLIC        P0
  D:0095H         PUBLIC        P2M1
  D:0090H         PUBLIC        P1
  D:00A0H         PUBLIC        P2
  D:00B0H         PUBLIC        P3
  D:00C0H         PUBLIC        P4
BL51 BANKED LINKER/LOCATER V6.22                                                      02/21/2019  17:00:01  PAGE 14


  D:00C8H         PUBLIC        P5
  D:00E8H         PUBLIC        P6
  B:00A0H.1       PUBLIC        PCF85063BTL_SDI
  D:00F8H         PUBLIC        P7
  B:00A0H.2       PUBLIC        PCF85063BTL_SCK
  B:00A0H.1       PUBLIC        PCF85063BTL_SDO
  D:00A8H         PUBLIC        IE
  C:45FEH         PUBLIC        _Read_time
  C:4B55H         PUBLIC        _PCF85063BTL_Delay
  D:00B8H         PUBLIC        IP
  D:00D8H         PUBLIC        CCON
  C:4505H         PUBLIC        _Day_Of_Year
  C:4A4BH         PUBLIC        SPI_ReceiveByte
  D:0098H         PUBLIC        SCON
  D:0088H         PUBLIC        TCON
  C:4B88H         PUBLIC        _BCDtoDec
  B:00A0H.0       PUBLIC        PCF85063BTL_CS
  C:4B77H         PUBLIC        _SPI_ReadTime
  C:4BD7H         PUBLIC        SPI_Init
  C:4AE0H         PUBLIC        _SPI_WriteTime
  C:4A2BH         PUBLIC        _SPI_SendByte
  D:00D0H         PUBLIC        PSW
  C:4B51H         SYMBOL        L?0047
  -------         PROC          L?0046
  -------         ENDPROC       L?0046
  C:4B51H         SYMBOL        L?0047
  -------         PROC          _PCF85063BTL_DELAY
  D:0006H         SYMBOL        us
  C:4B55H         LINE#         8
  C:4B55H         LINE#         9
  C:4B55H         LINE#         10
  C:4B5FH         LINE#         11
  C:4B5FH         LINE#         12
  C:4B60H         LINE#         13
  C:4B62H         LINE#         14
  -------         ENDPROC       _PCF85063BTL_DELAY
  -------         PROC          _SPI_SENDBYTE
  D:0005H         SYMBOL        dat
  -------         DO            
  D:0003H         SYMBOL        i
  -------         ENDDO         
  C:4A2BH         LINE#         17
  C:4A2DH         LINE#         18
  C:4A2DH         LINE#         20
  C:4A2FH         LINE#         21
  C:4A2FH         LINE#         22
  C:4A31H         LINE#         23
  C:4A35H         LINE#         24
  C:4A35H         LINE#         25
  C:4A37H         LINE#         26
  C:4A39H         LINE#         28
  C:4A39H         LINE#         29
  C:4A3BH         LINE#         30
  C:4A3BH         LINE#         31
  C:4A3EH         LINE#         32
  C:4A3EH         LINE#         33
  C:4A41H         LINE#         34
BL51 BANKED LINKER/LOCATER V6.22                                                      02/21/2019  17:00:01  PAGE 15


  C:4A45H         LINE#         35
  C:4A4AH         LINE#         36
  -------         ENDPROC       _SPI_SENDBYTE
  -------         PROC          SPI_RECEIVEBYTE
  -------         DO            
  D:0003H         SYMBOL        i
  D:0005H         SYMBOL        dat
  -------         ENDDO         
  C:4A4BH         LINE#         39
  C:4A4BH         LINE#         40
  C:4A4BH         LINE#         42
  C:4A4DH         LINE#         44
  C:4A4FH         LINE#         45
  C:4A50H         LINE#         46
  C:4A50H         LINE#         47
  C:4A54H         LINE#         48
  C:4A56H         LINE#         49
  C:4A59H         LINE#         51
  C:4A5CH         LINE#         52
  C:4A5CH         LINE#         53
  C:4A60H         LINE#         54
  C:4A60H         LINE#         55
  C:4A60H         LINE#         56
  C:4A63H         LINE#         57
  C:4A68H         LINE#         58
  C:4A6AH         LINE#         59
  -------         ENDPROC       SPI_RECEIVEBYTE
  -------         PROC          _SPI_READTIME
  D:0007H         SYMBOL        addr
  -------         DO            
  D:0006H         SYMBOL        dat
  -------         ENDDO         
  C:4B77H         LINE#         61
  C:4B77H         LINE#         62
  C:4B77H         LINE#         64
  C:4B79H         LINE#         65
  C:4B7BH         LINE#         66
  C:4B82H         LINE#         67
  C:4B85H         LINE#         68
  C:4B87H         LINE#         69
  C:4B87H         LINE#         70
  -------         ENDPROC       _SPI_READTIME
  -------         PROC          _SPI_WRITETIME
  D:0002H         SYMBOL        val
  D:0005H         SYMBOL        addr
  C:4AE0H         LINE#         71
  C:4AE2H         LINE#         72
  C:4AE2H         LINE#         74
  C:4AE4H         LINE#         75
  C:4AEBH         LINE#         76
  C:4AF0H         LINE#         77
  C:4AF5H         LINE#         78
  C:4AF7H         LINE#         79
  -------         ENDPROC       _SPI_WRITETIME
  -------         PROC          SPI_INIT
  C:4BD7H         LINE#         83
  C:4BD7H         LINE#         84
BL51 BANKED LINKER/LOCATER V6.22                                                      02/21/2019  17:00:01  PAGE 16


  C:4BD7H         LINE#         89
  C:4BDAH         LINE#         90
  C:4BDDH         LINE#         91
  C:4BDFH         LINE#         92
  C:4BE1H         LINE#         93
  C:4BE3H         LINE#         94
  -------         ENDPROC       SPI_INIT
  -------         PROC          _READ_TIME
  X:03C0H         SYMBOL        months
  X:03C3H         SYMBOL        days
  X:03C6H         SYMBOL        hours
  X:03C9H         SYMBOL        mins
  X:03CCH         SYMBOL        seconds
  C:45FEH         LINE#         96
  C:4609H         LINE#         97
  C:4609H         LINE#         99
  C:461DH         LINE#         101
  C:4631H         LINE#         103
  C:4645H         LINE#         108
  C:4659H         LINE#         113
  -------         ENDPROC       _READ_TIME
  -------         PROC          _BCDTODEC
  D:0007H         SYMBOL        bcd
  -------         DO            
  D:0006H         SYMBOL        hi
  D:0007H         SYMBOL        lo
  -------         ENDDO         
  C:4B88H         LINE#         119
  C:4B88H         LINE#         120
  C:4B88H         LINE#         122
  C:4B8DH         LINE#         123
  C:4B91H         LINE#         124
  C:4B98H         LINE#         125
  -------         ENDPROC       _BCDTODEC
  -------         PROC          _DAY_OF_YEAR
  D:0007H         SYMBOL        months_bcd
  D:0005H         SYMBOL        days_bcd
  -------         DO            
  D:0004H         SYMBOL        months
  D:0007H         SYMBOL        days
  -------         ENDDO         
  C:4505H         LINE#         126
  C:4505H         LINE#         127
  C:4505H         LINE#         130
  C:450AH         LINE#         132
  C:450FH         LINE#         134
  C:4548H         LINE#         135
  C:4548H         LINE#         136
  C:4548H         LINE#         137
  C:454BH         LINE#         138
  C:454BH         LINE#         139
  C:454BH         LINE#         140
  C:4550H         LINE#         141
  C:4550H         LINE#         142
  C:4550H         LINE#         143
  C:4555H         LINE#         144
  C:4555H         LINE#         145
BL51 BANKED LINKER/LOCATER V6.22                                                      02/21/2019  17:00:01  PAGE 17


  C:4555H         LINE#         146
  C:455AH         LINE#         147
  C:455AH         LINE#         148
  C:455AH         LINE#         149
  C:455FH         LINE#         150
  C:455FH         LINE#         151
  C:455FH         LINE#         152
  C:4564H         LINE#         153
  C:4564H         LINE#         154
  C:4564H         LINE#         155
  C:4569H         LINE#         156
  C:4569H         LINE#         157
  C:4569H         LINE#         158
  C:456EH         LINE#         159
  C:456EH         LINE#         160
  C:456EH         LINE#         161
  C:4576H         LINE#         162
  C:4576H         LINE#         163
  C:4576H         LINE#         164
  C:457BH         LINE#         165
  C:457BH         LINE#         166
  C:457BH         LINE#         167
  C:4580H         LINE#         168
  C:4580H         LINE#         169
  C:4580H         LINE#         170
  C:4588H         LINE#         171
  C:4588H         LINE#         172
  C:4588H         LINE#         173
  -------         ENDPROC       _DAY_OF_YEAR
  -------         ENDMOD        PCF85063BTL

  -------         MODULE        UART1
  C:0000H         SYMBOL        _ICE_DUMMY_
  D:0080H         PUBLIC        P0
  D:0090H         PUBLIC        P1
  D:00A0H         PUBLIC        P2
  D:00B0H         PUBLIC        P3
  D:00C0H         PUBLIC        P4
  D:00C8H         PUBLIC        P5
  B:00A8H.7       PUBLIC        EA
  D:00E8H         PUBLIC        P6
  D:00F8H         PUBLIC        P7
  C:4903H         PUBLIC        _SendString
  D:00A8H         PUBLIC        IE
  B:00A8H.4       PUBLIC        ES
  D:00B8H         PUBLIC        IP
  C:4AF8H         PUBLIC        _ASCIItoBCD
  D:00D8H         PUBLIC        CCON
  C:4B99H         PUBLIC        initUART1
  D:0098H         PUBLIC        SCON
  D:0088H         PUBLIC        TCON
  C:000AH         PUBLIC        _DectoBCD
  C:4C1BH         PUBLIC        _ASCII_Letter
  D:008EH         PUBLIC        AUXR
  C:4C16H         PUBLIC        _unit
  C:0003H         PUBLIC        _ten
  D:00D6H         PUBLIC        T2H
BL51 BANKED LINKER/LOCATER V6.22                                                      02/21/2019  17:00:01  PAGE 18


  D:00D7H         PUBLIC        T2L
  D:00D0H         PUBLIC        PSW
  -------         PROC          INITUART1
  C:4B99H         LINE#         21
  C:4B99H         LINE#         22
  C:4B99H         LINE#         23
  C:4B9CH         LINE#         24
  C:4B9FH         LINE#         25
  C:4BA2H         LINE#         26
  C:4BA5H         LINE#         27
  C:4BA7H         LINE#         28
  C:4BA9H         LINE#         30
  -------         ENDPROC       INITUART1
  -------         PROC          _SENDSTRING
  X:0633H         SYMBOL        s
  C:4903H         LINE#         35
  C:490EH         LINE#         36
  C:490EH         LINE#         37
  C:491EH         LINE#         38
  C:491EH         LINE#         39
  C:4933H         LINE#         40
  C:4935H         LINE#         41
  -------         ENDPROC       _SENDSTRING
  -------         PROC          _TEN
  D:0007H         SYMBOL        BCD
  C:0003H         LINE#         43
  C:0003H         LINE#         44
  C:0003H         LINE#         45
  C:0008H         LINE#         46
  -------         ENDPROC       _TEN
  -------         PROC          _UNIT
  D:0007H         SYMBOL        BCD
  C:4C16H         LINE#         47
  C:4C16H         LINE#         48
  C:4C16H         LINE#         52
  C:4C1AH         LINE#         53
  -------         ENDPROC       _UNIT
  -------         PROC          _DECTOBCD
  D:0007H         SYMBOL        dec
  C:000AH         LINE#         54
  C:000AH         LINE#         55
  C:000AH         LINE#         57
  C:000AH         LINE#         58
  -------         ENDPROC       _DECTOBCD
  -------         PROC          _ASCII_LETTER
  D:0007H         SYMBOL        dat
  C:4C1BH         LINE#         60
  C:4C1BH         LINE#         61
  C:4C1BH         LINE#         63
  C:4C1FH         LINE#         64
  -------         ENDPROC       _ASCII_LETTER
  -------         PROC          _ASCIITOBCD
  D:0001H         SYMBOL        ascii
  -------         DO            
  D:0007H         SYMBOL        dec_val
  D:0006H         SYMBOL        ten
  D:0007H         SYMBOL        unit
BL51 BANKED LINKER/LOCATER V6.22                                                      02/21/2019  17:00:01  PAGE 19


  -------         ENDDO         
  C:4AF8H         LINE#         66
  C:4AF8H         LINE#         67
  C:4AF8H         LINE#         69
  C:4AFBH         LINE#         70
  C:4B01H         LINE#         71
  C:4B08H         LINE#         72
  C:4B0EH         LINE#         74
  -------         ENDPROC       _ASCIITOBCD
  -------         ENDMOD        UART1

  -------         MODULE        LCD_DRIVER_SPLC780D
  C:0000H         SYMBOL        _ICE_DUMMY_
  D:0092H         PUBLIC        P1M0
  D:0091H         PUBLIC        P1M1
  D:0080H         PUBLIC        P0
  D:0090H         PUBLIC        P1
  D:00A0H         PUBLIC        P2
  D:00B0H         PUBLIC        P3
  D:00C0H         PUBLIC        P4
  D:00C8H         PUBLIC        P5
  D:00E8H         PUBLIC        P6
  D:00F8H         PUBLIC        P7
  C:4589H         PUBLIC        _WriteData
  D:00A8H         PUBLIC        IE
  D:00B8H         PUBLIC        IP
  D:00D8H         PUBLIC        CCON
  B:00B0H.4       PUBLIC        LCD_D4
  B:00B0H.5       PUBLIC        LCD_D5
  B:00B0H.6       PUBLIC        LCD_D6
  C:4AA8H         PUBLIC        _DisplayLCD
  B:00B0H.7       PUBLIC        LCD_D7
  D:0098H         PUBLIC        SCON
  D:0088H         PUBLIC        TCON
  C:4C06H         PUBLIC        LCD_clear
  C:4848H         PUBLIC        _Command
  C:4B25H         PUBLIC        _Display_Line
  C:46C7H         PUBLIC        LCD_Init
  C:4A0DH         PUBLIC        _Wait_ms
  B:00C0H.0       PUBLIC        LCD_RS
  B:00B0H.2       PUBLIC        LCD_RW
  C:4BFCH         PUBLIC        LCD_return_home
  B:00B0H.3       PUBLIC        LCD_E
  D:00D0H         PUBLIC        PSW
  -------         PROC          LCD_INIT
  C:46C7H         LINE#         9
  C:46C7H         LINE#         10
  C:46C7H         LINE#         11
  C:46CAH         LINE#         12
  C:46CDH         LINE#         14
  C:46D3H         LINE#         15
  C:46D8H         LINE#         17
  C:46DFH         LINE#         18
  C:46E4H         LINE#         20
  C:46E7H         LINE#         21
  C:46ECH         LINE#         23
  C:46EFH         LINE#         24
BL51 BANKED LINKER/LOCATER V6.22                                                      02/21/2019  17:00:01  PAGE 20


  C:46F4H         LINE#         26
  C:46FBH         LINE#         29
  C:4700H         LINE#         30
  C:4705H         LINE#         32
  C:470AH         LINE#         33
  C:470FH         LINE#         35
  C:4714H         LINE#         36
  C:4719H         LINE#         37
  -------         ENDPROC       LCD_INIT
  -------         PROC          _WRITEDATA
  X:046DH         SYMBOL        dat
  C:4589H         LINE#         40
  C:458EH         LINE#         41
  C:458EH         LINE#         46
  C:4590H         LINE#         47
  C:4592H         LINE#         49
  C:45A0H         LINE#         50
  C:45ACH         LINE#         51
  C:45B8H         LINE#         52
  C:45C2H         LINE#         53
  C:45C4H         LINE#         54
  C:45CBH         LINE#         55
  C:45CDH         LINE#         57
  C:45DDH         LINE#         58
  C:45E8H         LINE#         59
  C:45F2H         LINE#         60
  C:45F6H         LINE#         62
  C:45F6H         LINE#         63
  C:45F9H         LINE#         64
  C:45FBH         LINE#         65
  C:45FDH         LINE#         67
  -------         ENDPROC       _WRITEDATA
  -------         PROC          _COMMAND
  D:0007H         SYMBOL        dat
  C:4848H         LINE#         69
  C:4848H         LINE#         70
  C:4848H         LINE#         71
  C:484AH         LINE#         72
  C:484CH         LINE#         74
  C:4856H         LINE#         75
  C:485AH         LINE#         77
  C:485CH         LINE#         78
  C:4865H         LINE#         79
  C:4869H         LINE#         81
  C:486BH         LINE#         82
  C:4872H         LINE#         83
  C:4876H         LINE#         85
  C:4878H         LINE#         86
  C:487CH         LINE#         87
  C:4880H         LINE#         89
  C:4882H         LINE#         90
  C:4882H         LINE#         91
  C:4885H         LINE#         92
  C:4887H         LINE#         93
  -------         ENDPROC       _COMMAND
  C:4A09H         SYMBOL        L?0028
  -------         PROC          L?0027
BL51 BANKED LINKER/LOCATER V6.22                                                      02/21/2019  17:00:01  PAGE 21


  -------         ENDPROC       L?0027
  C:4A09H         SYMBOL        L?0028
  -------         PROC          _WAIT_MS
  D:0006H         SYMBOL        ms
  -------         DO            
  D:0004H         SYMBOL        De_Cnt
  -------         ENDDO         
  C:4A0DH         LINE#         95
  C:4A0DH         LINE#         96
  C:4A0DH         LINE#         98
  C:4A17H         LINE#         99
  C:4A17H         LINE#         100
  C:4A2AH         LINE#         101
  C:4A2AH         LINE#         102
  -------         ENDPROC       _WAIT_MS
  -------         PROC          _DISPLAYLCD
  D:0007H         SYMBOL        BCD
  -------         DO            
  D:0006H         SYMBOL        first_digit
  X:03C0H         SYMBOL        second_digit
  -------         ENDDO         
  C:4AA8H         LINE#         103
  C:4AA8H         LINE#         104
  C:4AA8H         LINE#         106
  C:4AAFH         LINE#         107
  C:4AB8H         LINE#         109
  C:4ABDH         LINE#         111
  -------         ENDPROC       _DISPLAYLCD
  -------         PROC          LCD_RETURN_HOME
  C:4BFCH         LINE#         115
  C:4BFCH         LINE#         116
  C:4BFCH         LINE#         117
  C:4C01H         LINE#         118
  -------         ENDPROC       LCD_RETURN_HOME
  -------         PROC          LCD_CLEAR
  C:4C06H         LINE#         121
  C:4C06H         LINE#         122
  C:4C06H         LINE#         123
  C:4C0BH         LINE#         124
  -------         ENDPROC       LCD_CLEAR
  -------         PROC          _DISPLAY_LINE
  D:0006H         SYMBOL        line
  C:4B25H         LINE#         128
  C:4B25H         LINE#         129
  C:4B25H         LINE#         130
  C:4B2BH         LINE#         131
  C:4B2BH         LINE#         132
  C:4B2DH         LINE#         133
  C:4B2DH         LINE#         134
  C:4B2FH         LINE#         136
  C:4B2FH         LINE#         137
  C:4B34H         LINE#         138
  C:4B39H         LINE#         139
  C:4B39H         LINE#         140
  -------         ENDPROC       _DISPLAY_LINE
  -------         ENDMOD        LCD_DRIVER_SPLC780D

BL51 BANKED LINKER/LOCATER V6.22                                                      02/21/2019  17:00:01  PAGE 22


  -------         MODULE        KEYPAD
  C:0000H         SYMBOL        _ICE_DUMMY_
  D:0093H         PUBLIC        P0M1
  D:0080H         PUBLIC        P0
  D:0090H         PUBLIC        P1
  D:00A0H         PUBLIC        P2
  D:00B0H         PUBLIC        P3
  D:00C0H         PUBLIC        P4
  D:00C8H         PUBLIC        P5
  B:0020H.0       PUBLIC        calib_mode
  D:00E8H         PUBLIC        P6
  D:00F8H         PUBLIC        P7
  D:00A8H         PUBLIC        IE
  C:34BFH         PUBLIC        Key_Scan
  D:00B8H         PUBLIC        IP
  D:00D8H         PUBLIC        CCON
  C:4BE4H         PUBLIC        KeyPad_IO_Init
  C:4A8AH         PUBLIC        _Delay_ms
  D:0098H         PUBLIC        SCON
  D:0088H         PUBLIC        TCON
  B:0020H.1       PUBLIC        small_move
  B:0020H.2       PUBLIC        move
  B:0020H.3       PUBLIC        direction
  B:0020H.4       PUBLIC        auto_move
  C:304EH         PUBLIC        Key_Process
  D:00D0H         PUBLIC        PSW
  D:0094H         PUBLIC        P0M0
  -------         PROC          _DELAY_MS
  D:0006H         SYMBOL        ms
  -------         DO            
  D:0004H         SYMBOL        De_Cnt
  -------         ENDDO         
  C:4A8AH         LINE#         19
  C:4A8AH         LINE#         20
  C:4A8AH         LINE#         22
  C:4A94H         LINE#         23
  C:4A94H         LINE#         24
  C:4AA7H         LINE#         25
  C:4AA7H         LINE#         26
  -------         ENDPROC       _DELAY_MS
  -------         PROC          KEY_SCAN
  -------         DO            
  X:03C6H         SYMBOL        KeyTemp1
  X:03C7H         SYMBOL        KeyTemp2
  X:03C8H         SYMBOL        KeyValue
  -------         ENDDO         
  C:34BFH         LINE#         27
  C:34BFH         LINE#         28
  C:34BFH         LINE#         33
  C:34C2H         LINE#         36
  C:34C5H         LINE#         38
  C:34CDH         LINE#         39
  C:34D4H         LINE#         40
  C:34D4H         LINE#         42
  C:34D9H         LINE#         43
  C:34E0H         LINE#         44
  C:34E0H         LINE#         47
BL51 BANKED LINKER/LOCATER V6.22                                                      02/21/2019  17:00:01  PAGE 23


  C:34E3H         LINE#         48
  C:34E6H         LINE#         49
  C:34EBH         LINE#         50
  C:34EFH         LINE#         51
  C:34EFH         LINE#         52
  C:34F7H         LINE#         53
  C:34F7H         LINE#         54
  C:34FAH         LINE#         55
  C:3502H         LINE#         56
  C:3504H         LINE#         58
  C:3518H         LINE#         59
  C:3518H         LINE#         60
  C:3518H         LINE#         61
  C:3518H         LINE#         62
  C:351EH         LINE#         64
  C:3520H         LINE#         65
  C:3520H         LINE#         66
  C:3520H         LINE#         67
  C:3526H         LINE#         69
  C:3528H         LINE#         70
  C:3528H         LINE#         71
  C:3528H         LINE#         72
  C:352EH         LINE#         74
  C:3530H         LINE#         75
  C:3530H         LINE#         76
  C:3530H         LINE#         77
  C:3536H         LINE#         79
  C:3536H         LINE#         80
  C:3536H         LINE#         81
  C:3536H         LINE#         84
  C:3539H         LINE#         85
  C:353CH         LINE#         86
  C:3544H         LINE#         87
  C:3548H         LINE#         88
  C:3548H         LINE#         89
  C:3550H         LINE#         90
  C:3550H         LINE#         91
  C:3553H         LINE#         92
  C:355BH         LINE#         93
  C:355DH         LINE#         94
  C:3571H         LINE#         95
  C:3571H         LINE#         96
  C:3571H         LINE#         97
  C:3571H         LINE#         98
  C:3577H         LINE#         100
  C:3579H         LINE#         101
  C:3579H         LINE#         102
  C:3579H         LINE#         103
  C:357FH         LINE#         105
  C:3581H         LINE#         106
  C:3581H         LINE#         107
  C:3581H         LINE#         108
  C:3587H         LINE#         110
  C:3589H         LINE#         111
  C:3589H         LINE#         112
  C:3589H         LINE#         113
  C:358EH         LINE#         115
BL51 BANKED LINKER/LOCATER V6.22                                                      02/21/2019  17:00:01  PAGE 24


  C:358EH         LINE#         116
  C:358EH         LINE#         117
  C:358EH         LINE#         120
  C:3591H         LINE#         121
  C:3594H         LINE#         122
  C:359CH         LINE#         123
  C:35A0H         LINE#         124
  C:35A0H         LINE#         125
  C:35A8H         LINE#         126
  C:35A8H         LINE#         127
  C:35ABH         LINE#         128
  C:35B3H         LINE#         129
  C:35B5H         LINE#         130
  C:35C9H         LINE#         131
  C:35C9H         LINE#         132
  C:35C9H         LINE#         133
  C:35C9H         LINE#         134
  C:35CFH         LINE#         136
  C:35D1H         LINE#         137
  C:35D1H         LINE#         138
  C:35D1H         LINE#         139
  C:35D7H         LINE#         141
  C:35D9H         LINE#         142
  C:35D9H         LINE#         143
  C:35D9H         LINE#         144
  C:35DFH         LINE#         146
  C:35E1H         LINE#         147
  C:35E1H         LINE#         148
  C:35E1H         LINE#         149
  C:35E7H         LINE#         151
  C:35E7H         LINE#         152
  C:35E7H         LINE#         153
  C:35E7H         LINE#         157
  C:35EAH         LINE#         158
  C:35EDH         LINE#         159
  C:35F5H         LINE#         160
  C:35F9H         LINE#         161
  C:35F9H         LINE#         162
  C:3601H         LINE#         163
  C:3601H         LINE#         164
  C:3604H         LINE#         165
  C:360CH         LINE#         166
  C:360EH         LINE#         167
  C:3622H         LINE#         168
  C:3622H         LINE#         169
  C:3622H         LINE#         170
  C:3622H         LINE#         171
  C:3628H         LINE#         173
  C:362AH         LINE#         174
  C:362AH         LINE#         175
  C:362AH         LINE#         176
  C:3630H         LINE#         178
  C:3632H         LINE#         179
  C:3632H         LINE#         180
  C:3632H         LINE#         181
  C:3638H         LINE#         183
  C:363AH         LINE#         184
BL51 BANKED LINKER/LOCATER V6.22                                                      02/21/2019  17:00:01  PAGE 25


  C:363AH         LINE#         185
  C:363AH         LINE#         186
  C:3640H         LINE#         188
  C:3640H         LINE#         189
  C:3640H         LINE#         190
  C:3640H         LINE#         192
  C:3646H         LINE#         193
  C:3646H         LINE#         195
  C:3646H         LINE#         196
  C:3649H         LINE#         197
  C:3649H         LINE#         198
  C:3649H         LINE#         200
  C:3649H         LINE#         201
  C:364BH         LINE#         202
  C:364BH         LINE#         203
  -------         ENDPROC       KEY_SCAN
  -------         PROC          KEY_PROCESS
  -------         DO            
  X:0619H         SYMBOL        KeyCount
  X:061BH         SYMBOL        KeyNum_Old
  X:061CH         SYMBOL        KeyNum
  X:061DH         SYMBOL        PressedKey
  X:03C0H         SYMBOL        d
  D:0004H         SYMBOL        hours
  D:0006H         SYMBOL        mins
  X:03C2H         SYMBOL        months
  X:03C4H         SYMBOL        days
  -------         ENDDO         
  C:304EH         LINE#         204
  C:304EH         LINE#         205
  C:304EH         LINE#         209
  C:3056H         LINE#         210
  C:305EH         LINE#         212
  C:3061H         LINE#         213
  C:3061H         LINE#         214
  C:3064H         LINE#         216
  C:3064H         LINE#         217
  C:3071H         LINE#         218
  C:3071H         LINE#         219
  C:3074H         LINE#         220
  C:3077H         LINE#         222
  C:307AH         LINE#         224
  C:307AH         LINE#         225
  C:3085H         LINE#         226
  C:3085H         LINE#         227
  C:3088H         LINE#         229
  C:3088H         LINE#         230
  C:308FH         LINE#         231
  C:308FH         LINE#         232
  C:3092H         LINE#         234
  C:3092H         LINE#         235
  C:309AH         LINE#         236
  C:309AH         LINE#         237
  C:30A4H         LINE#         238
  C:30ACH         LINE#         240
  C:30B5H         LINE#         242
  C:30B5H         LINE#         251
BL51 BANKED LINKER/LOCATER V6.22                                                      02/21/2019  17:00:01  PAGE 26


  C:30CAH         LINE#         252
  C:30CAH         LINE#         253
  C:30DCH         LINE#         254
  C:30EAH         LINE#         255
  C:30F9H         LINE#         256
  C:30F9H         LINE#         258
  C:30FFH         LINE#         262
  C:3115H         LINE#         263
  C:3126H         LINE#         264
  C:3141H         LINE#         265
  C:3141H         LINE#         266
  C:3151H         LINE#         267
  C:3162H         LINE#         268
  C:3162H         LINE#         272
  C:317BH         LINE#         273
  C:3192H         LINE#         274
  C:31B2H         LINE#         275
  C:31B2H         LINE#         276
  C:31BCH         LINE#         277
  C:31BCH         LINE#         278
  C:31C5H         LINE#         279
  C:31C5H         LINE#         280
  C:31D9H         LINE#         281
  C:31D9H         LINE#         282
  C:31D9H         LINE#         283
  C:31D9H         LINE#         284
  C:31D9H         LINE#         285
  C:31DBH         LINE#         287
  C:31DBH         LINE#         288
  C:31E7H         LINE#         289
  C:31E7H         LINE#         290
  C:31F8H         LINE#         291
  C:31F8H         LINE#         292
  C:31F8H         LINE#         293
  C:31F8H         LINE#         294
  C:31F8H         LINE#         296
  C:31FAH         LINE#         298
  C:31FAH         LINE#         299
  C:320BH         LINE#         300
  C:320BH         LINE#         301
  C:320BH         LINE#         302
  C:320BH         LINE#         303
  C:320BH         LINE#         305
  C:320BH         LINE#         307
  C:320BH         LINE#         308
  C:320DH         LINE#         310
  C:320DH         LINE#         311
  C:3220H         LINE#         312
  C:3220H         LINE#         313
  C:3231H         LINE#         314
  C:3231H         LINE#         315
  C:3231H         LINE#         316
  C:3231H         LINE#         317
  C:3231H         LINE#         318
  C:3233H         LINE#         320
  C:3233H         LINE#         321
  C:3244H         LINE#         322
BL51 BANKED LINKER/LOCATER V6.22                                                      02/21/2019  17:00:01  PAGE 27


  C:3244H         LINE#         323
  C:3255H         LINE#         324
  C:3266H         LINE#         325
  C:3266H         LINE#         326
  C:3266H         LINE#         327
  C:3266H         LINE#         328
  C:3266H         LINE#         329
  C:3269H         LINE#         330
  C:326EH         LINE#         331
  C:3273H         LINE#         332
  C:3278H         LINE#         333
  C:327DH         LINE#         334
  C:3282H         LINE#         335
  C:3287H         LINE#         336
  C:328CH         LINE#         337
  C:328CH         LINE#         339
  C:32AEH         LINE#         340
  C:32AEH         LINE#         341
  C:32B8H         LINE#         342
  C:32B8H         LINE#         343
  C:32BDH         LINE#         344
  C:32C6H         LINE#         345
  C:32DDH         LINE#         346
  C:32DDH         LINE#         347
  C:32EDH         LINE#         349
  C:32EDH         LINE#         353
  -------         ENDPROC       KEY_PROCESS
  -------         PROC          KEYPAD_IO_INIT
  C:4BE4H         LINE#         356
  C:4BE4H         LINE#         357
  C:4BE4H         LINE#         358
  C:4BE7H         LINE#         359
  C:4BEAH         LINE#         360
  C:4BEDH         LINE#         361
  C:4BEFH         LINE#         362
  -------         ENDPROC       KEYPAD_IO_INIT
  -------         ENDMOD        KEYPAD

  -------         MODULE        BIPOLARMOTOR
  C:0000H         SYMBOL        _ICE_DUMMY_
  D:0080H         PUBLIC        P0
  D:0090H         PUBLIC        P1
  X:0000H         PUBLIC        RX_pos_test
  D:00A0H         PUBLIC        P2
  D:00B0H         PUBLIC        P3
  D:00C0H         PUBLIC        P4
  D:00C8H         PUBLIC        P5
  D:00E8H         PUBLIC        P6
  D:00F8H         PUBLIC        P7
  X:00A0H         PUBLIC        low_date_azimuth_mapping
  D:00A8H         PUBLIC        IE
  C:3EA3H         PUBLIC        linear_interpolate
  C:49B8H         PUBLIC        _Move
  D:00B8H         PUBLIC        IP
  C:3321H         PUBLIC        _findDet3x3
  C:2D8EH         PUBLIC        _findDet4x4
  D:00D8H         PUBLIC        CCON
BL51 BANKED LINKER/LOCATER V6.22                                                      02/21/2019  17:00:01  PAGE 28


  X:00C8H         PUBLIC        previous_move_time
  D:0098H         PUBLIC        SCON
  D:0088H         PUBLIC        TCON
  C:4C20H         PUBLIC        wait
  C:4888H         PUBLIC        _Step_move
  X:00C9H         PUBLIC        dat
  C:000EH         PUBLIC        _Update_position
  C:4770H         PUBLIC        vOneStepMove
  X:00CFH         PUBLIC        elevation_stamp
  X:010BH         PUBLIC        date_azimuth_mapping
  X:0133H         PUBLIC        RX_pos
  C:4ACFH         PUBLIC        _BCDtoDec1
  X:038BH         PUBLIC        degree
  D:00D0H         PUBLIC        PSW
  -------         PROC          L?0062
  -------         ENDPROC       L?0062
  -------         PROC          _BCDTODEC1
  D:0007H         SYMBOL        bcd
  -------         DO            
  D:0006H         SYMBOL        hi
  D:0007H         SYMBOL        lo
  -------         ENDDO         
  C:4ACFH         LINE#         28
  C:4ACFH         LINE#         29
  C:4ACFH         LINE#         31
  C:4AD4H         LINE#         32
  C:4AD8H         LINE#         33
  C:4ADFH         LINE#         34
  -------         ENDPROC       _BCDTODEC1
  -------         PROC          WAIT
  C:4C20H         LINE#         36
  C:4C20H         LINE#         38
  -------         ENDPROC       WAIT
  -------         PROC          VONESTEPMOVE
  B:0020H.7       SYMBOL        bDir
  C:4770H         LINE#         40
  C:4770H         LINE#         41
  C:4770H         LINE#         43
  C:4776H         LINE#         44
  C:4776H         LINE#         45
  C:4779H         LINE#         46
  C:4782H         LINE#         47
  C:4789H         LINE#         48
  C:478EH         LINE#         49
  C:478EH         LINE#         50
  C:478EH         LINE#         52
  C:4790H         LINE#         55
  C:4790H         LINE#         56
  C:4793H         LINE#         57
  C:479CH         LINE#         58
  C:47A3H         LINE#         59
  C:47A9H         LINE#         60
  C:47B2H         LINE#         61
  C:47B9H         LINE#         62
  C:47B9H         LINE#         66
  -------         ENDPROC       VONESTEPMOVE
  -------         PROC          _STEP_MOVE
BL51 BANKED LINKER/LOCATER V6.22                                                      02/21/2019  17:00:01  PAGE 29


  X:047CH         SYMBOL        step
  B:0020H.6       SYMBOL        dir
  -------         DO            
  X:047EH         SYMBOL        i
  -------         ENDDO         
  C:4888H         LINE#         68
  C:4890H         LINE#         69
  C:4890H         LINE#         71
  C:4895H         LINE#         74
  C:48B0H         LINE#         75
  C:48B0H         LINE#         76
  C:48B7H         LINE#         78
  C:48C7H         LINE#         80
  -------         ENDPROC       _STEP_MOVE
  -------         PROC          _MOVE
  X:0478H         SYMBOL        distance
  B:0020H.5       SYMBOL        direction
  -------         DO            
  D:0006H         SYMBOL        step
  -------         ENDDO         
  C:49B8H         LINE#         82
  C:49BEH         LINE#         83
  C:49BEH         LINE#         86
  C:49D9H         LINE#         87
  -------         ENDPROC       _MOVE
  C:3302H         SYMBOL        L?0058
  C:3316H         SYMBOL        L?0059
  -------         PROC          L?0057
  -------         ENDPROC       L?0057
  C:3302H         SYMBOL        L?0058
  C:3316H         SYMBOL        L?0059
  -------         PROC          _FINDDET3X3
  X:05F5H         SYMBOL        a11
  X:05F9H         SYMBOL        a12
  X:05FDH         SYMBOL        a13
  X:0601H         SYMBOL        a21
  X:0605H         SYMBOL        a22
  X:0609H         SYMBOL        a23
  X:060DH         SYMBOL        a31
  X:0611H         SYMBOL        a32
  X:0615H         SYMBOL        a33
  C:3321H         LINE#         91
  C:3327H         LINE#         95
  C:3327H         LINE#         96
  C:34BEH         LINE#         98
  -------         ENDPROC       _FINDDET3X3
  -------         PROC          _FINDDET4X4
  X:05B5H         SYMBOL        a11
  X:05B9H         SYMBOL        a12
  X:05BDH         SYMBOL        a13
  X:05C1H         SYMBOL        a14
  X:05C5H         SYMBOL        a21
  X:05C9H         SYMBOL        a22
  X:05CDH         SYMBOL        a23
  X:05D1H         SYMBOL        a24
  X:05D5H         SYMBOL        a31
  X:05D9H         SYMBOL        a32
BL51 BANKED LINKER/LOCATER V6.22                                                      02/21/2019  17:00:01  PAGE 30


  X:05DDH         SYMBOL        a33
  X:05E1H         SYMBOL        a34
  X:05E5H         SYMBOL        a41
  X:05E9H         SYMBOL        a42
  X:05EDH         SYMBOL        a43
  X:05F1H         SYMBOL        a44
  C:2D8EH         LINE#         99
  C:2D94H         LINE#         103
  C:2D94H         LINE#         110
  C:304DH         LINE#         114
  -------         ENDPROC       _FINDDET4X4
  C:3E92H         SYMBOL        L?0061
  -------         PROC          L?0060
  -------         ENDPROC       L?0060
  C:3E92H         SYMBOL        L?0061
  -------         PROC          LINEAR_INTERPOLATE
  X:0478H         SYMBOL        p1
  X:0480H         SYMBOL        p2
  X:0488H         SYMBOL        x
  -------         DO            
  D:0004H         SYMBOL        fx
  -------         ENDDO         
  C:3EA3H         LINE#         120
  C:3EA3H         LINE#         121
  C:3EA3H         LINE#         124
  C:3F42H         LINE#         126
  C:3F42H         LINE#         127
  -------         ENDPROC       LINEAR_INTERPOLATE
  -------         PROC          _UPDATE_POSITION
  D:0001H         SYMBOL        mnths
  D:0002H         SYMBOL        dys
  X:03DBH         SYMBOL        hurs
  X:03DCH         SYMBOL        mns
  X:03DDH         SYMBOL        sconds
  X:03DEH         SYMBOL        currnt_pos
  X:03E1H         SYMBOL        offset_calib
  -------         DO            
  X:03E5H         SYMBOL        date
  X:03E7H         SYMBOL        i
  X:03E9H         SYMBOL        yy
  X:03EBH         SYMBOL        desired_distance
  X:03EFH         SYMBOL        distance
  X:03F3H         SYMBOL        JP_pos
  X:03F7H         SYMBOL        pos_interpolate_azimuth
  X:0433H         SYMBOL        current_local_sun_time
  X:0437H         SYMBOL        azimuth
  X:043BH         SYMBOL        elevation
  X:043FH         SYMBOL        time_offset
  X:0443H         SYMBOL        UTC_time
  X:0447H         SYMBOL        declination
  X:044BH         SYMBOL        p1
  X:0453H         SYMBOL        p2
  X:045BH         SYMBOL        time
  X:046DH         SYMBOL        location
  X:0475H         SYMBOL        sunCoord
  -------         ENDDO         
  C:000EH         LINE#         131
BL51 BANKED LINKER/LOCATER V6.22                                                      02/21/2019  17:00:01  PAGE 31


  C:0017H         LINE#         134
  C:0017H         LINE#         135
  C:0022H         LINE#         137
  C:003EH         LINE#         138
  C:0048H         LINE#         146
  C:0052H         LINE#         147
  C:005CH         LINE#         148
  C:0066H         LINE#         149
  C:0071H         LINE#         150
  C:007CH         LINE#         151
  C:0095H         LINE#         152
  C:00A6H         LINE#         153
  C:00B5H         LINE#         156
  C:00C9H         LINE#         160
  C:011BH         LINE#         161
  C:027FH         LINE#         162
  C:02CFH         LINE#         164
  C:03F7H         LINE#         166
  C:04C6H         LINE#         173
  C:050DH         LINE#         174
  C:050DH         LINE#         176
  C:0527H         LINE#         177
  C:0527H         LINE#         178
  C:0597H         LINE#         179
  C:0597H         LINE#         180
  C:059EH         LINE#         181
  C:059EH         LINE#         182
  C:05CBH         LINE#         183
  C:05E6H         LINE#         185
  C:062DH         LINE#         186
  C:0661H         LINE#         188
  C:06A7H         LINE#         189
  C:06CAH         LINE#         191
  C:06CAH         LINE#         193
  C:0740H         LINE#         194
  C:0740H         LINE#         195
  C:0747H         LINE#         196
  C:0747H         LINE#         197
  C:0774H         LINE#         198
  C:078FH         LINE#         200
  C:07D6H         LINE#         201
  C:080AH         LINE#         203
  C:0850H         LINE#         204
  C:0870H         LINE#         206
  C:0870H         LINE#         207
  C:0881H         LINE#         210
  C:089BH         LINE#         211
  C:089BH         LINE#         212
  C:090BH         LINE#         213
  C:090BH         LINE#         214
  C:0938H         LINE#         215
  C:0953H         LINE#         217
  C:0980H         LINE#         218
  C:099BH         LINE#         220
  C:09CDH         LINE#         223
  C:09CDH         LINE#         225
  C:09DEH         LINE#         227
BL51 BANKED LINKER/LOCATER V6.22                                                      02/21/2019  17:00:01  PAGE 32


  C:0A0DH         LINE#         229
  C:0A32H         LINE#         230
  C:0A97H         LINE#         231
  C:0A97H         LINE#         232
  C:0AB1H         LINE#         233
  C:0AC3H         LINE#         234
  C:0ADBH         LINE#         235
  C:0AF1H         LINE#         237
  C:0B0DH         LINE#         238
  C:0B0DH         LINE#         239
  C:0B0DH         LINE#         242
  -------         ENDPROC       _UPDATE_POSITION
  -------         ENDMOD        BIPOLARMOTOR

  -------         MODULE        SUNPOS
  C:0000H         SYMBOL        _ICE_DUMMY_
  C:1EF1H         PUBLIC        sunpos
  -------         PROC          SUNPOS
  X:0478H         SYMBOL        udtTime
  X:048AH         SYMBOL        udtLocation
  X:0492H         SYMBOL        udtSunCoordinates
  -------         DO            
  X:0495H         SYMBOL        dElapsedJulianDays
  X:0499H         SYMBOL        dDecimalHours
  X:049DH         SYMBOL        dEclipticLongitude
  X:04A1H         SYMBOL        dEclipticObliquity
  X:04A5H         SYMBOL        dRightAscension
  X:04A9H         SYMBOL        dDeclination
  X:04ADH         SYMBOL        dY
  X:04B1H         SYMBOL        dX
  -------         DO            
  X:04B5H         SYMBOL        dJulianDate
  X:04B9H         SYMBOL        liAux1
  X:04BDH         SYMBOL        liAux2
  X:04B5H         SYMBOL        dMeanLongitude
  X:04B9H         SYMBOL        dMeanAnomaly
  X:04BDH         SYMBOL        dOmega
  X:04B5H         SYMBOL        dSin_EclipticLongitude
  X:04B5H         SYMBOL        dGreenwichMeanSiderealTime
  X:04B9H         SYMBOL        dLocalMeanSiderealTime
  X:04BDH         SYMBOL        dLatitudeInRadians
  X:04C1H         SYMBOL        dHourAngle
  X:04C5H         SYMBOL        dCos_Latitude
  X:04C9H         SYMBOL        dSin_Latitude
  X:04CDH         SYMBOL        dCos_HourAngle
  X:04D1H         SYMBOL        dParallax
  -------         ENDDO         
  -------         DO            
  X:04B5H         SYMBOL        dMeanLongitude
  X:04B9H         SYMBOL        dMeanAnomaly
  X:04BDH         SYMBOL        dOmega
  X:04B5H         SYMBOL        dSin_EclipticLongitude
  X:04B5H         SYMBOL        dGreenwichMeanSiderealTime
  X:04B9H         SYMBOL        dLocalMeanSiderealTime
  X:04BDH         SYMBOL        dLatitudeInRadians
  X:04C1H         SYMBOL        dHourAngle
  X:04C5H         SYMBOL        dCos_Latitude
BL51 BANKED LINKER/LOCATER V6.22                                                      02/21/2019  17:00:01  PAGE 33


  X:04C9H         SYMBOL        dSin_Latitude
  X:04CDH         SYMBOL        dCos_HourAngle
  X:04D1H         SYMBOL        dParallax
  -------         ENDDO         
  -------         DO            
  X:04B5H         SYMBOL        dSin_EclipticLongitude
  X:04B5H         SYMBOL        dGreenwichMeanSiderealTime
  X:04B9H         SYMBOL        dLocalMeanSiderealTime
  X:04BDH         SYMBOL        dLatitudeInRadians
  X:04C1H         SYMBOL        dHourAngle
  X:04C5H         SYMBOL        dCos_Latitude
  X:04C9H         SYMBOL        dSin_Latitude
  X:04CDH         SYMBOL        dCos_HourAngle
  X:04D1H         SYMBOL        dParallax
  -------         ENDDO         
  -------         DO            
  X:04B5H         SYMBOL        dGreenwichMeanSiderealTime
  X:04B9H         SYMBOL        dLocalMeanSiderealTime
  X:04BDH         SYMBOL        dLatitudeInRadians
  X:04C1H         SYMBOL        dHourAngle
  X:04C5H         SYMBOL        dCos_Latitude
  X:04C9H         SYMBOL        dSin_Latitude
  X:04CDH         SYMBOL        dCos_HourAngle
  X:04D1H         SYMBOL        dParallax
  -------         ENDDO         
  -------         ENDDO         
  C:1EF1H         LINE#         6
  C:1EF1H         LINE#         7
  C:1EF1H         LINE#         9
  C:1EF1H         LINE#         27
  C:1F3BH         LINE#         30
  C:1F5CH         LINE#         31
  C:20A3H         LINE#         34
  C:20EFH         LINE#         36
  C:210EH         LINE#         37
  C:210EH         LINE#         42
  C:210EH         LINE#         46
  C:2140H         LINE#         47
  C:216AH         LINE#         48
  C:2194H         LINE#         49
  C:2241H         LINE#         52
  C:22A2H         LINE#         54
  C:22A2H         LINE#         59
  C:22A2H         LINE#         61
  C:22B9H         LINE#         62
  C:22E1H         LINE#         63
  C:22F8H         LINE#         64
  C:2323H         LINE#         65
  C:235AH         LINE#         66
  C:2385H         LINE#         67
  C:2385H         LINE#         70
  C:2385H         LINE#         79
  C:23C0H         LINE#         82
  C:23FAH         LINE#         84
  C:241FH         LINE#         85
  C:243EH         LINE#         86
  C:2455H         LINE#         87
BL51 BANKED LINKER/LOCATER V6.22                                                      02/21/2019  17:00:01  PAGE 34


  C:246CH         LINE#         88
  C:2483H         LINE#         89
  C:250CH         LINE#         91
  C:2526H         LINE#         92
  C:2588H         LINE#         93
  C:25BEH         LINE#         94
  C:25D0H         LINE#         95
  C:25FDH         LINE#         96
  C:262AH         LINE#         98
  C:264CH         LINE#         100
  C:2684H         LINE#         103
  C:2684H         LINE#         104
  C:2692H         LINE#         105
  -------         ENDPROC       SUNPOS
  -------         ENDMOD        SUNPOS

  -------         MODULE        ADC
  C:0000H         SYMBOL        _ICE_DUMMY_
  D:0092H         PUBLIC        P1M0
  D:0091H         PUBLIC        P1M1
  D:0080H         PUBLIC        P0
  D:0090H         PUBLIC        P1
  D:00A0H         PUBLIC        P2
  D:00B0H         PUBLIC        P3
  D:00C0H         PUBLIC        P4
  D:00C8H         PUBLIC        P5
  D:00E8H         PUBLIC        P6
  D:00F8H         PUBLIC        P7
  D:00A8H         PUBLIC        IE
  D:00BDH         PUBLIC        ADC_RES
  D:00B8H         PUBLIC        IP
  D:0097H         PUBLIC        CLK_DIV
  D:00D8H         PUBLIC        CCON
  D:00BCH         PUBLIC        ADC_CONTR
  D:0098H         PUBLIC        SCON
  D:0088H         PUBLIC        TCON
  B:00A0H.4       PUBLIC        P24
  B:00A0H.5       PUBLIC        P25
  B:00A0H.6       PUBLIC        P26
  C:4A6BH         PUBLIC        ADC_Init
  C:4936H         PUBLIC        _ADC_GetResult
  D:009DH         PUBLIC        P1ASF
  D:00BEH         PUBLIC        ADC_RESL
  D:00D0H         PUBLIC        PSW
  -------         PROC          ADC_INIT
  C:4A6BH         LINE#         7
  C:4A6BH         LINE#         8
[...]


  C:3CC8H         LINE#         96
  C:3CCAH         LINE#         97
  C:3CCCH         LINE#         99
  C:3CCCH         LINE#         100
  C:3CCEH         LINE#         102
  C:3CCEH         LINE#         103
  C:3CCEH         LINE#         104
  C:3CCEH         LINE#         105
  C:3CD1H         LINE#         106
  C:3CD5H         LINE#         109
  C:3CF4H         LINE#         111
  C:3CFBH         LINE#         112
  C:3CFBH         LINE#         113
  C:3CFDH         LINE#         114
  C:3D00H         LINE#         115
  C:3D19H         LINE#         116
  C:3D19H         LINE#         117
  C:3D1BH         LINE#         118
  C:3D1DH         LINE#         120
  C:3D1DH         LINE#         121
  C:3D1FH         LINE#         123
  C:3D1FH         LINE#         124
  C:3D1FH         LINE#         125
  C:3D1FH         LINE#         126
  C:3D22H         LINE#         127
  C:3D3BH         LINE#         129
  C:3D5AH         LINE#         131
  C:3D61H         LINE#         132
  C:3D61H         LINE#         133
  C:3D63H         LINE#         134
  C:3D66H         LINE#         135
  C:3D6DH         LINE#         136
  C:3D6DH         LINE#         137
  C:3D6FH         LINE#         138
  C:3D71H         LINE#         140
  C:3D71H         LINE#         141
  C:3D73H         LINE#         143
  C:3D73H         LINE#         144
  C:3D73H         LINE#         145
  C:3D73H         LINE#         146
  C:3D76H         LINE#         147
  C:3D7DH         LINE#         149
  C:3D9CH         LINE#         151
  C:3D9EH         LINE#         152
  -------         ENDPROC       _AT25SF041_WRITE
  -------         PROC          _AT25SF041_READ
  D:0003H         SYMBOL        opcode
  X:0623H         SYMBOL        addr
  -------         DO            
  X:0627H         SYMBOL        dat
  X:0628H         SYMBOL        i
  -------         ENDDO         
  C:3BA4H         LINE#         156
  C:3BA6H         LINE#         157
  C:3BA6H         LINE#         158
  C:3BABH         LINE#         160
  C:3BADH         LINE#         161
BL51 BANKED LINKER/LOCATER V6.22                                                      02/21/2019  17:00:01  PAGE 45


  C:3BB3H         LINE#         165
  C:3BB8H         LINE#         166
  C:3BB8H         LINE#         167
  C:3BBAH         LINE#         168
  C:3BBDH         LINE#         169
  C:3BC1H         LINE#         170
  C:3BC1H         LINE#         171
  C:3BC3H         LINE#         172
  C:3BC5H         LINE#         174
  C:3BC5H         LINE#         175
  C:3BC7H         LINE#         177
  C:3BC7H         LINE#         178
  C:3BC7H         LINE#         179
  C:3BC7H         LINE#         180
  C:3BCAH         LINE#         181
  C:3BCEH         LINE#         184
  C:3BEDH         LINE#         186
  C:3BF4H         LINE#         187
  C:3BF4H         LINE#         188
  C:3BF6H         LINE#         189
  C:3BF9H         LINE#         190
  C:3C12H         LINE#         191
  C:3C12H         LINE#         192
  C:3C14H         LINE#         193
  C:3C16H         LINE#         195
  C:3C16H         LINE#         196
  C:3C18H         LINE#         198
  C:3C18H         LINE#         199
  C:3C18H         LINE#         200
  C:3C18H         LINE#         201
  C:3C1BH         LINE#         202
  C:3C34H         LINE#         204
  C:3C53H         LINE#         207
  C:3C5AH         LINE#         209
  C:3C5CH         LINE#         210
  C:3C63H         LINE#         212
  C:3C6AH         LINE#         213
  C:3C6AH         LINE#         214
  C:3C71H         LINE#         215
  C:3C71H         LINE#         216
  C:3C74H         LINE#         217
  C:3C76H         LINE#         218
  C:3C79H         LINE#         220
  C:3C7CH         LINE#         221
  C:3C7CH         LINE#         223
  C:3C80H         LINE#         224
  C:3C80H         LINE#         230
  C:3C9FH         LINE#         233
  C:3CA1H         LINE#         234
  C:3CA4H         LINE#         235
  C:3CA9H         LINE#         237
  -------         ENDPROC       _AT25SF041_READ
  -------         PROC          READ_STATUS_REGISTER_BYTE1
  -------         DO            
  D:0003H         SYMBOL        dat
  D:0001H         SYMBOL        opcode
  X:03C2H         SYMBOL        count
BL51 BANKED LINKER/LOCATER V6.22                                                      02/21/2019  17:00:01  PAGE 46


  X:03C3H         SYMBOL        i
  -------         ENDDO         
  C:420AH         LINE#         241
  C:420AH         LINE#         242
  C:420AH         LINE#         243
  C:4210H         LINE#         244
  C:4214H         LINE#         245
  C:4216H         LINE#         246
  C:4218H         LINE#         247
  C:421EH         LINE#         251
  C:4225H         LINE#         252
  C:4225H         LINE#         253
  C:4227H         LINE#         254
  C:422AH         LINE#         255
  C:422EH         LINE#         256
  C:422EH         LINE#         257
  C:4230H         LINE#         258
  C:4232H         LINE#         260
  C:4232H         LINE#         261
  C:4234H         LINE#         263
  C:4234H         LINE#         264
  C:4234H         LINE#         265
  C:4234H         LINE#         266
  C:4237H         LINE#         267
  C:423BH         LINE#         270
  C:425AH         LINE#         274
  C:4261H         LINE#         276
  C:4263H         LINE#         277
  C:426AH         LINE#         278
  C:4271H         LINE#         279
  C:4271H         LINE#         280
  C:4275H         LINE#         281
  C:4275H         LINE#         282
  C:4278H         LINE#         283
  C:427AH         LINE#         284
  C:427DH         LINE#         286
  C:4280H         LINE#         287
  C:4280H         LINE#         289
  C:4284H         LINE#         290
  C:4284H         LINE#         292
  C:42A3H         LINE#         296
  C:42A5H         LINE#         297
  C:42A8H         LINE#         298
  C:42AAH         LINE#         299
  -------         ENDPROC       READ_STATUS_REGISTER_BYTE1
  -------         PROC          SPI_NOR_WRITE_DATA
  X:03C0H         SYMBOL        dat
  X:03CCH         SYMBOL        addr
  C:3FFEH         LINE#         301
  C:3FFEH         LINE#         302
  C:3FFEH         LINE#         306
  C:4001H         LINE#         308
  C:4011H         LINE#         309
  C:4011H         LINE#         311
  C:4014H         LINE#         313
  C:4024H         LINE#         314
  C:4024H         LINE#         316
BL51 BANKED LINKER/LOCATER V6.22                                                      02/21/2019  17:00:01  PAGE 47


  C:4027H         LINE#         318
  C:4037H         LINE#         319
  C:4037H         LINE#         321
  C:403AH         LINE#         323
  C:404AH         LINE#         324
  C:404AH         LINE#         325
  C:404DH         LINE#         327
  C:405DH         LINE#         328
  C:405DH         LINE#         330
  C:4060H         LINE#         332
  C:4071H         LINE#         333
  C:4071H         LINE#         335
  C:4074H         LINE#         337
  C:4084H         LINE#         338
  C:4084H         LINE#         340
  C:4087H         LINE#         342
  C:4097H         LINE#         343
  C:4097H         LINE#         345
  C:409AH         LINE#         347
  C:40AAH         LINE#         348
  -------         ENDPROC       SPI_NOR_WRITE_DATA
  -------         ENDMOD        AT25SF041

  -------         MODULE        ?C_STARTUP
  C:4479H         SEGMENT       ?C_C51STARTUP
  I:0022H         SEGMENT       ?STACK
  C:0000H         PUBLIC        ?C_STARTUP
  D:00E0H         SYMBOL        ACC
  D:00F0H         SYMBOL        B
  D:0083H         SYMBOL        DPH
  D:0082H         SYMBOL        DPL
  N:0000H         SYMBOL        IBPSTACK
  N:0100H         SYMBOL        IBPSTACKTOP
  N:0080H         SYMBOL        IDATALEN
  C:447CH         SYMBOL        IDATALOOP
  N:0000H         SYMBOL        PBPSTACK
  N:0100H         SYMBOL        PBPSTACKTOP
  N:0000H         SYMBOL        PDATALEN
  N:0000H         SYMBOL        PDATASTART
  N:0000H         SYMBOL        PPAGE
  N:0000H         SYMBOL        PPAGEENABLE
  D:00A0H         SYMBOL        PPAGE_SFR
  D:0081H         SYMBOL        SP
  C:4479H         SYMBOL        STARTUP1
  N:0000H         SYMBOL        XBPSTACK
  N:0000H         SYMBOL        XBPSTACKTOP
  N:0000H         SYMBOL        XDATALEN
  N:0000H         SYMBOL        XDATASTART
  C:0000H         LINE#         126
  C:4479H         LINE#         133
  C:447BH         LINE#         134
  C:447CH         LINE#         135
  C:447DH         LINE#         136
  C:447FH         LINE#         185
  C:4482H         LINE#         196
  -------         ENDMOD        ?C_STARTUP

BL51 BANKED LINKER/LOCATER V6.22                                                      02/21/2019  17:00:01  PAGE 48


  -------         MODULE        ?C?FPADD
  C:1542H         PUBLIC        ?C?FPADD
  C:153EH         PUBLIC        ?C?FPSUB
  -------         ENDMOD        ?C?FPADD

  -------         MODULE        ?C?FPMUL
  C:1633H         PUBLIC        ?C?FPMUL
  -------         ENDMOD        ?C?FPMUL

  -------         MODULE        ?C?FPDIV
  C:173CH         PUBLIC        ?C?FPDIV
  -------         ENDMOD        ?C?FPDIV

  -------         MODULE        ?C?FPCMP
  C:17DBH         PUBLIC        ?C?FPCMP
  C:17D9H         PUBLIC        ?C?FPCMP3
  -------         ENDMOD        ?C?FPCMP

  -------         MODULE        ?C?FPNEG
  C:1852H         PUBLIC        ?C?FPNEG
  -------         ENDMOD        ?C?FPNEG

  -------         MODULE        ?C?FCAST
  C:186DH         PUBLIC        ?C?FCASTC
  C:1868H         PUBLIC        ?C?FCASTI
  C:1863H         PUBLIC        ?C?FCASTL
  -------         ENDMOD        ?C?FCAST

  -------         MODULE        ?C?CASTF
  C:18A1H         PUBLIC        ?C?CASTF
  -------         ENDMOD        ?C?CASTF

  -------         MODULE        ATAN2
  X:04D5H         PUBLIC        ?_atan2?BYTE
  C:42ABH         PUBLIC        _atan2
  -------         ENDMOD        ATAN2

  -------         MODULE        SIN
  C:3694H         PUBLIC        _COS
  C:36AAH         PUBLIC        _SIN
  C:36E6H         PUBLIC        _TAN
  -------         ENDMOD        SIN

  -------         MODULE        ACOS
  C:47BAH         PUBLIC        _ACOS
  -------         ENDMOD        ACOS

  -------         MODULE        ASIN
  C:48C8H         PUBLIC        _ASIN
  -------         ENDMOD        ASIN

  -------         MODULE        SQRT
  C:4162H         PUBLIC        _SQRT
  -------         ENDMOD        SQRT

  -------         MODULE        ATAN
  C:3AA2H         PUBLIC        _ATAN
BL51 BANKED LINKER/LOCATER V6.22                                                      02/21/2019  17:00:01  PAGE 49


  -------         ENDMOD        ATAN

  -------         MODULE        ?C?COPY
  C:1A3FH         PUBLIC        ?C?COPY
  -------         ENDMOD        ?C?COPY

  -------         MODULE        ?C?CLDPTR
  C:1A65H         PUBLIC        ?C?CLDPTR
  -------         ENDMOD        ?C?CLDPTR

  -------         MODULE        ?C?CLDOPTR
  C:1A7EH         PUBLIC        ?C?CLDOPTR
  -------         ENDMOD        ?C?CLDOPTR

  -------         MODULE        ?C?CSTPTR
  C:1AABH         PUBLIC        ?C?CSTPTR
  -------         ENDMOD        ?C?CSTPTR

  -------         MODULE        ?C?IMUL
  C:1ABDH         PUBLIC        ?C?IMUL
  -------         ENDMOD        ?C?IMUL

  -------         MODULE        ?C?UIDIV
  C:1ACFH         PUBLIC        ?C?UIDIV
  -------         ENDMOD        ?C?UIDIV

  -------         MODULE        ?C?SIDIV
  C:1B24H         PUBLIC        ?C?SIDIV
  -------         ENDMOD        ?C?SIDIV

  -------         MODULE        ?C?ILDIX
  C:1B5AH         PUBLIC        ?C?ILDIX
  -------         ENDMOD        ?C?ILDIX

  -------         MODULE        ?C?ILDOPTR
  C:1B70H         PUBLIC        ?C?ILDOPTR
  -------         ENDMOD        ?C?ILDOPTR

  -------         MODULE        ?C?ISTPTR
  C:1BA8H         PUBLIC        ?C?ISTPTR
  -------         ENDMOD        ?C?ISTPTR

  -------         MODULE        ?C?LMUL
  C:1BC7H         PUBLIC        ?C?LMUL
  -------         ENDMOD        ?C?LMUL

  -------         MODULE        ?C?SLDIV
  C:4804H         PUBLIC        ?C?SLDIV
  -------         ENDMOD        ?C?SLDIV

  -------         MODULE        ?C?LNEG
  C:1C16H         PUBLIC        ?C?LNEG
  -------         ENDMOD        ?C?LNEG

  -------         MODULE        ?C?ULCMP
  C:1C24H         PUBLIC        ?C?ULCMP
  -------         ENDMOD        ?C?ULCMP
BL51 BANKED LINKER/LOCATER V6.22                                                      02/21/2019  17:00:01  PAGE 50



  -------         MODULE        ?C?LSHL
  C:1C35H         PUBLIC        ?C?LSHL
  -------         ENDMOD        ?C?LSHL

  -------         MODULE        ?C?LLDPTR
  C:1C48H         PUBLIC        ?C?LLDPTR
  -------         ENDMOD        ?C?LLDPTR

  -------         MODULE        ?C?LLDOPTR
  C:1C68H         PUBLIC        ?C?LLDOPTR
  -------         ENDMOD        ?C?LLDOPTR

  -------         MODULE        ?C?LSTPTR
  C:1C98H         PUBLIC        ?C?LSTPTR
  -------         ENDMOD        ?C?LSTPTR

  -------         MODULE        ?C?LSTOPTR
  C:1CB2H         PUBLIC        ?C?LSTOPTR
  -------         ENDMOD        ?C?LSTOPTR

  -------         MODULE        ?C?LLDXDATA
  C:1CD6H         PUBLIC        ?C?LLDXDATA
  -------         ENDMOD        ?C?LLDXDATA

  -------         MODULE        ?C?LLDCODE
  C:1CE2H         PUBLIC        ?C?LLDCODE
  -------         ENDMOD        ?C?LLDCODE

  -------         MODULE        ?C?LLDXDATA0
  C:1CF2H         PUBLIC        ?C?LLDXDATA0
  -------         ENDMOD        ?C?LLDXDATA0

  -------         MODULE        ?C?LLDCODE0
  C:1CFEH         PUBLIC        ?C?LLDCODE0
  -------         ENDMOD        ?C?LLDCODE0

  -------         MODULE        ?C?LLDPTR0
  C:1D0EH         PUBLIC        ?C?LLDPTR0
  -------         ENDMOD        ?C?LLDPTR0

  -------         MODULE        ?C?LSTXDATA
  C:1D2EH         PUBLIC        ?C?LSTXDATA
  -------         ENDMOD        ?C?LSTXDATA

  -------         MODULE        ?C?LSTKXDATA
  C:1D3AH         PUBLIC        ?C?LSTKXDATA
  -------         ENDMOD        ?C?LSTKXDATA

  -------         MODULE        ?C?LSTKPTR
  C:1D6BH         PUBLIC        ?C?LSTKPTR
  -------         ENDMOD        ?C?LSTKPTR

  -------         MODULE        ?C?OFFXADD
  C:1D85H         PUBLIC        ?C?OFFXADD
  -------         ENDMOD        ?C?OFFXADD

BL51 BANKED LINKER/LOCATER V6.22                                                      02/21/2019  17:00:01  PAGE 51


  -------         MODULE        ABS
  C:4BF0H         PUBLIC        _ABS
  -------         ENDMOD        ABS

  -------         MODULE        ATOI
  C:3DA5H         PUBLIC        _atoi
  -------         ENDMOD        ATOI

  -------         MODULE        ?C?IILDX
  C:1D91H         PUBLIC        ?C?IILDX
  -------         ENDMOD        ?C?IILDX

  -------         MODULE        ?C?ULDIV
  C:1DE3H         PUBLIC        ?C?ULDIV
  -------         ENDMOD        ?C?ULDIV

  -------         MODULE        ?C?LLDIDATA
  C:1E75H         PUBLIC        ?C?LLDIDATA
  -------         ENDMOD        ?C?LLDIDATA

  -------         MODULE        ?C?LLDPDATA
  C:1E81H         PUBLIC        ?C?LLDPDATA
  -------         ENDMOD        ?C?LLDPDATA

  -------         MODULE        ?C?LLDIDATA0
  C:1E8DH         PUBLIC        ?C?LLDIDATA0
  -------         ENDMOD        ?C?LLDIDATA0

  -------         MODULE        ?C?LLDPDATA0
  C:1E9AH         PUBLIC        ?C?LLDPDATA0
  -------         ENDMOD        ?C?LLDPDATA0

  -------         MODULE        ?C?LSTIDATA
  C:1EA7H         PUBLIC        ?C?LSTIDATA
  -------         ENDMOD        ?C?LSTIDATA

  -------         MODULE        ?C?LSTPDATA
  C:1EB3H         PUBLIC        ?C?LSTPDATA
  -------         ENDMOD        ?C?LSTPDATA

  -------         MODULE        ?C?LSTKIDATA
  C:1EBFH         PUBLIC        ?C?LSTKIDATA
  -------         ENDMOD        ?C?LSTKIDATA

  -------         MODULE        ?C?LSTKPDATA
  C:1ED8H         PUBLIC        ?C?LSTKPDATA
  -------         ENDMOD        ?C?LSTKPDATA

  -------         MODULE        ISDIGIT
  C:4BC8H         PUBLIC        _isdigit
  -------         ENDMOD        ISDIGIT

  -------         MODULE        ISSPACE
  C:4B63H         PUBLIC        _isspace
  -------         ENDMOD        ISSPACE

*** WARNING L16: UNCALLED SEGMENT, IGNORED FOR OVERLAY PROCESS
BL51 BANKED LINKER/LOCATER V6.22                                                      02/21/2019  17:00:01  PAGE 52


    SEGMENT: ?PR?_DISPLAY_PROX?MAIN

*** WARNING L16: UNCALLED SEGMENT, IGNORED FOR OVERLAY PROCESS
    SEGMENT: ?PR?_DAY_OF_YEAR?PCF85063BTL

*** WARNING L16: UNCALLED SEGMENT, IGNORED FOR OVERLAY PROCESS
    SEGMENT: ?PR?INITUART1?UART1

*** WARNING L16: UNCALLED SEGMENT, IGNORED FOR OVERLAY PROCESS
    SEGMENT: ?PR?_SENDSTRING?UART1

*** WARNING L16: UNCALLED SEGMENT, IGNORED FOR OVERLAY PROCESS
    SEGMENT: ?PR?_TEN?UART1

*** WARNING L16: UNCALLED SEGMENT, IGNORED FOR OVERLAY PROCESS
    SEGMENT: ?PR?_UNIT?UART1

*** WARNING L16: UNCALLED SEGMENT, IGNORED FOR OVERLAY PROCESS
    SEGMENT: ?PR?_DECTOBCD?UART1

*** WARNING L16: UNCALLED SEGMENT, IGNORED FOR OVERLAY PROCESS
    SEGMENT: ?PR?_ASCII_LETTER?UART1

*** WARNING L16: UNCALLED SEGMENT, IGNORED FOR OVERLAY PROCESS
    SEGMENT: ?PR?_ASCIITOBCD?UART1

*** WARNING L16: UNCALLED SEGMENT, IGNORED FOR OVERLAY PROCESS
    SEGMENT: ?PR?WAIT?BIPOLARMOTOR

*** WARNING L16: UNCALLED SEGMENT, IGNORED FOR OVERLAY PROCESS
    SEGMENT: ?PR?_FINDDET4X4?BIPOLARMOTOR

*** WARNING L16: UNCALLED SEGMENT, IGNORED FOR OVERLAY PROCESS
    SEGMENT: ?PR?NOP?IOEXPANDER_PI4IOE5V96248

*** WARNING L16: UNCALLED SEGMENT, IGNORED FOR OVERLAY PROCESS
    SEGMENT: ?PR?UC_ACK?IOEXPANDER_PI4IOE5V96248

*** WARNING L16: UNCALLED SEGMENT, IGNORED FOR OVERLAY PROCESS
    SEGMENT: ?PR?UC_NACK?IOEXPANDER_PI4IOE5V96248

*** WARNING L16: UNCALLED SEGMENT, IGNORED FOR OVERLAY PROCESS
    SEGMENT: ?PR?_AT25SF041_READ?AT25SF041

*** WARNING L1: UNRESOLVED EXTERNAL SYMBOL
    SYMBOL:  AUTO_MODE
    MODULE:  .\Obj\main.obj (MAIN)

*** WARNING L2: REFERENCE MADE TO UNRESOLVED EXTERNAL
    SYMBOL:  AUTO_MODE
    MODULE:  .\Obj\main.obj (MAIN)
    ADDRESS: 0B41H

*** WARNING L2: REFERENCE MADE TO UNRESOLVED EXTERNAL
    SYMBOL:  AUTO_MODE
    MODULE:  .\Obj\main.obj (MAIN)
    ADDRESS: 0CB6H
BL51 BANKED LINKER/LOCATER V6.22                                                      02/21/2019  17:00:01  PAGE 53



*** WARNING L2: REFERENCE MADE TO UNRESOLVED EXTERNAL
    SYMBOL:  AUTO_MODE
    MODULE:  .\Obj\main.obj (MAIN)
    ADDRESS: 0CC4H

*** WARNING L2: REFERENCE MADE TO UNRESOLVED EXTERNAL
    SYMBOL:  AUTO_MODE
    MODULE:  .\Obj\main.obj (MAIN)
    ADDRESS: 0CD6H

*** WARNING L2: REFERENCE MADE TO UNRESOLVED EXTERNAL
    SYMBOL:  AUTO_MODE
    MODULE:  .\Obj\main.obj (MAIN)
    ADDRESS: 0D18H

*** WARNING L2: REFERENCE MADE TO UNRESOLVED EXTERNAL
    SYMBOL:  AUTO_MODE
    MODULE:  .\Obj\main.obj (MAIN)
    ADDRESS: 0DEBH

*** WARNING L1: UNRESOLVED EXTERNAL SYMBOL
    SYMBOL:  _SENDUART1
    MODULE:  .\Obj\UART1.obj (UART1)

*** WARNING L2: REFERENCE MADE TO UNRESOLVED EXTERNAL
    SYMBOL:  _SENDUART1
    MODULE:  .\Obj\UART1.obj (UART1)
    ADDRESS: 4931H

*** WARNING L1: UNRESOLVED EXTERNAL SYMBOL
    SYMBOL:  AUTO_MODE
    MODULE:  .\Obj\KeyPad.obj (KEYPAD)

*** WARNING L2: REFERENCE MADE TO UNRESOLVED EXTERNAL
    SYMBOL:  AUTO_MODE
    MODULE:  .\Obj\KeyPad.obj (KEYPAD)
    ADDRESS: 309BH

*** WARNING L2: REFERENCE MADE TO UNRESOLVED EXTERNAL
    SYMBOL:  AUTO_MODE
    MODULE:  .\Obj\KeyPad.obj (KEYPAD)
    ADDRESS: 30A6H

*** WARNING L2: REFERENCE MADE TO UNRESOLVED EXTERNAL
    SYMBOL:  AUTO_MODE
    MODULE:  .\Obj\KeyPad.obj (KEYPAD)
    ADDRESS: 30ADH

Program Size: data=10.2 xdata=1592 code=19490
LINK/LOCATE RUN COMPLETE.  28 WARNING(S),  0 ERROR(S)
