BL51 BANKED LINKER/LOCATER V6.22                                                        05/30/2019  17:14:28  PAGE 1


BL51 BANKED LINKER/LOCATER V6.22, INVOKED BY:
C:\KEIL_V5\C51\BIN\BL51.EXE .\Obj\main.obj, .\Obj\PCF85063BTL.obj, .\Obj\LCd_Driver_SPLC780D.obj, .\Obj\KeyPad.obj, .\Ob
>> j\BipolarMotor.obj, .\Obj\SunPos.obj, .\Obj\ADC.obj, .\Obj\Calibration.obj, .\Obj\IOExpander_PI4IOE5V96248.obj, .\Obj
>> \AT25SF041.obj, .\Obj\SI1120.obj, .\Obj\UART1.obj, .\Obj\STARTUP.obj TO .\Obj\GPIO_RTC_Test PRINT (.\Lis\GPIO_RTC_Tes
>> t.m51) RAMSIZE (256)


MEMORY MODEL: LARGE WITH FLOATING POINT ARITHMETIC


INPUT MODULES INCLUDED:
  .\Obj\main.obj (MAIN)
  .\Obj\PCF85063BTL.obj (PCF85063BTL)
  .\Obj\LCd_Driver_SPLC780D.obj (LCD_DRIVER_SPLC780D)
  .\Obj\KeyPad.obj (KEYPAD)
  .\Obj\BipolarMotor.obj (BIPOLARMOTOR)
  .\Obj\SunPos.obj (SUNPOS)
  .\Obj\ADC.obj (ADC)
  .\Obj\Calibration.obj (CALIBRATION)
  .\Obj\IOExpander_PI4IOE5V96248.obj (IOEXPANDER_PI4IOE5V96248)
  .\Obj\AT25SF041.obj (AT25SF041)
  .\Obj\SI1120.obj (SI1120)
  .\Obj\UART1.obj (UART1)
  .\Obj\STARTUP.obj (?C_STARTUP)
  C:\KEIL_V5\C51\LIB\C51FPL.LIB (?C?FPADD)
  C:\KEIL_V5\C51\LIB\C51FPL.LIB (?C?FPMUL)
  C:\KEIL_V5\C51\LIB\C51FPL.LIB (?C?FPDIV)
  C:\KEIL_V5\C51\LIB\C51FPL.LIB (?C?FPCMP)
  C:\KEIL_V5\C51\LIB\C51FPL.LIB (?C?FPNEG)
  C:\KEIL_V5\C51\LIB\C51FPL.LIB (?C?FCAST)
  C:\KEIL_V5\C51\LIB\C51FPL.LIB (?C?CASTF)
  C:\KEIL_V5\C51\LIB\C51FPL.LIB (PRINTF)
  C:\KEIL_V5\C51\LIB\C51FPL.LIB (ATAN2)
  C:\KEIL_V5\C51\LIB\C51FPL.LIB (SIN)
  C:\KEIL_V5\C51\LIB\C51FPL.LIB (ACOS)
  C:\KEIL_V5\C51\LIB\C51FPL.LIB (ASIN)
  C:\KEIL_V5\C51\LIB\C51FPL.LIB (POW)
  C:\KEIL_V5\C51\LIB\C51FPL.LIB (?C?FPGETOPN)
  C:\KEIL_V5\C51\LIB\C51FPL.LIB (?C?CHKFLOAT)
  C:\KEIL_V5\C51\LIB\C51FPL.LIB (?C?FPROUND)
  C:\KEIL_V5\C51\LIB\C51FPL.LIB (?C?FPCONVERT)
  C:\KEIL_V5\C51\LIB\C51FPL.LIB (?C?FPSERIES)
  C:\KEIL_V5\C51\LIB\C51FPL.LIB (EXP)
  C:\KEIL_V5\C51\LIB\C51FPL.LIB (LOG)
  C:\KEIL_V5\C51\LIB\C51FPL.LIB (SQRT)
  C:\KEIL_V5\C51\LIB\C51FPL.LIB (ATAN)
  C:\KEIL_V5\C51\LIB\C51FPL.LIB (?C?FTNPWR)
  C:\KEIL_V5\C51\LIB\C51L.LIB (?C_INIT)
  C:\KEIL_V5\C51\LIB\C51L.LIB (?C?COPY)
  C:\KEIL_V5\C51\LIB\C51L.LIB (?C?CLDPTR)
  C:\KEIL_V5\C51\LIB\C51L.LIB (?C?CLDOPTR)
  C:\KEIL_V5\C51\LIB\C51L.LIB (?C?CSTPTR)
  C:\KEIL_V5\C51\LIB\C51L.LIB (?C?IMUL)
  C:\KEIL_V5\C51\LIB\C51L.LIB (?C?UIDIV)
  C:\KEIL_V5\C51\LIB\C51L.LIB (?C?SIDIV)
  C:\KEIL_V5\C51\LIB\C51L.LIB (?C?ILDIX)
  C:\KEIL_V5\C51\LIB\C51L.LIB (?C?ILDOPTR)
  C:\KEIL_V5\C51\LIB\C51L.LIB (?C?ISTPTR)
BL51 BANKED LINKER/LOCATER V6.22                                                      05/30/2019  17:14:28  PAGE 2


  C:\KEIL_V5\C51\LIB\C51L.LIB (?C?LMUL)
  C:\KEIL_V5\C51\LIB\C51L.LIB (?C?SLDIV)
  C:\KEIL_V5\C51\LIB\C51L.LIB (?C?LNEG)
  C:\KEIL_V5\C51\LIB\C51L.LIB (?C?ULCMP)
  C:\KEIL_V5\C51\LIB\C51L.LIB (?C?LSHL)
  C:\KEIL_V5\C51\LIB\C51L.LIB (?C?LLDPTR)
  C:\KEIL_V5\C51\LIB\C51L.LIB (?C?LLDOPTR)
  C:\KEIL_V5\C51\LIB\C51L.LIB (?C?LSTPTR)
  C:\KEIL_V5\C51\LIB\C51L.LIB (?C?LSTOPTR)
  C:\KEIL_V5\C51\LIB\C51L.LIB (?C?LLDXDATA)
  C:\KEIL_V5\C51\LIB\C51L.LIB (?C?LLDCODE)
  C:\KEIL_V5\C51\LIB\C51L.LIB (?C?LLDXDATA0)
  C:\KEIL_V5\C51\LIB\C51L.LIB (?C?LLDCODE0)
  C:\KEIL_V5\C51\LIB\C51L.LIB (?C?LLDPTR0)
  C:\KEIL_V5\C51\LIB\C51L.LIB (?C?LSTXDATA)
  C:\KEIL_V5\C51\LIB\C51L.LIB (?C?LSTKXDATA)
  C:\KEIL_V5\C51\LIB\C51L.LIB (?C?LSTKPTR)
  C:\KEIL_V5\C51\LIB\C51L.LIB (?C?OFFXADD)
  C:\KEIL_V5\C51\LIB\C51L.LIB (?C?PLDIXDATA)
  C:\KEIL_V5\C51\LIB\C51L.LIB (?C?PSTXDATA)
  C:\KEIL_V5\C51\LIB\C51L.LIB (?C?CCASE)
  C:\KEIL_V5\C51\LIB\C51L.LIB (PUTCHAR)
  C:\KEIL_V5\C51\LIB\C51L.LIB (ATOI)
  C:\KEIL_V5\C51\LIB\C51L.LIB (?C?IILDX)
  C:\KEIL_V5\C51\LIB\C51L.LIB (?C?ULDIV)
  C:\KEIL_V5\C51\LIB\C51L.LIB (?C?LLDIDATA)
  C:\KEIL_V5\C51\LIB\C51L.LIB (?C?LLDPDATA)
  C:\KEIL_V5\C51\LIB\C51L.LIB (?C?LLDIDATA0)
  C:\KEIL_V5\C51\LIB\C51L.LIB (?C?LLDPDATA0)
  C:\KEIL_V5\C51\LIB\C51L.LIB (?C?LSTIDATA)
  C:\KEIL_V5\C51\LIB\C51L.LIB (?C?LSTPDATA)
  C:\KEIL_V5\C51\LIB\C51L.LIB (?C?LSTKIDATA)
  C:\KEIL_V5\C51\LIB\C51L.LIB (?C?LSTKPDATA)
  C:\KEIL_V5\C51\LIB\C51L.LIB (ISDIGIT)
  C:\KEIL_V5\C51\LIB\C51L.LIB (ISSPACE)


LINK MAP OF MODULE:  .\Obj\GPIO_RTC_Test (MAIN)


            TYPE    BASE      LENGTH    RELOCATION   SEGMENT NAME
            -----------------------------------------------------

            * * * * * * *   D A T A   M E M O R Y   * * * * * * *
            REG     0000H     0008H     ABSOLUTE     "REG BANK 0"
            DATA    0008H     0005H     UNIT         _DATA_GROUP_
                    000DH     0013H                  *** GAP ***
            BIT     0020H.0   0001H.2   UNIT         _BIT_GROUP_
            BIT     0021H.2   0000H.1   UNIT         ?BI?MAIN
            BIT     0021H.3   0000H.1   UNIT         ?BI?_ATOI?ATOI
                    0021H.4   0000H.4                *** GAP ***
            IDATA   0022H     0001H     UNIT         ?STACK

            * * * * * * *  X D A T A   M E M O R Y  * * * * * * *
            XDATA   0000H     03BCH     UNIT         ?XD?BIPOLARMOTOR
            XDATA   03BCH     0151H     UNIT         _XDATA_GROUP_
            XDATA   050DH     0107H     UNIT         ?XD?MAIN
BL51 BANKED LINKER/LOCATER V6.22                                                      05/30/2019  17:14:28  PAGE 3


            XDATA   0614H     0019H     UNIT         ?XD?KEYPAD
            XDATA   062DH     000EH     UNIT         ?XD?SPI_NOR_WRITE_DATA?AT25SF041
            XDATA   063BH     0008H     UNIT         ?XD?_AT25SF041_READ?AT25SF041
            XDATA   0643H     0005H     UNIT         ?XD?_ATOI?ATOI
            XDATA   0648H     0001H     UNIT         ?XD?UC_ACK?IOEXPANDER_PI4IOE5V96248
            XDATA   0649H     0001H     UNIT         ?XD?UC_NACK?IOEXPANDER_PI4IOE5V96248

            * * * * * * *   C O D E   M E M O R Y   * * * * * * *
            CODE    0000H     0003H     ABSOLUTE     
            CODE    0003H     0003H     ABSOLUTE     
            CODE    0006H     0005H     UNIT         ?PR?_UNIT?UART1
            CODE    000BH     0003H     ABSOLUTE     
            CODE    000EH     000DH     UNIT         ?PR?UART?MAIN
            CODE    001BH     0003H     ABSOLUTE     
            CODE    001EH     0005H     UNIT         ?PR?_ASCII_LETTER?UART1
            CODE    0023H     0003H     ABSOLUTE     
            CODE    0026H     0BFEH     UNIT         ?PR?MAIN?MAIN
            CODE    0C24H     0BC8H     UNIT         ?C?LIB_CODE
            CODE    17ECH     07A2H     UNIT         ?PR?SUNPOS?SUNPOS
            CODE    1F8EH     063CH     UNIT         ?PR?_UPDATE_POSITION?BIPOLARMOTOR
            CODE    25CAH     04FBH     UNIT         ?PR?_THEORICALJP_POSITION?BIPOLARMOTOR
            CODE    2AC5H     049EH     UNIT         ?PR?_FIND_REAL_MAX?CALIBRATION
            CODE    2F63H     0483H     UNIT         ?PR?PRINTF?PRINTF
            CODE    33E6H     040EH     UNIT         ?C_INITSEG
            CODE    37F4H     038CH     UNIT         ?PR?KEY_PROCESS?KEYPAD
            CODE    3B80H     0380H     UNIT         ?PR?_ELEVATION_CALCULATION?BIPOLARMOTOR
            CODE    3F00H     01C7H     UNIT         ?PR?_CALIBRATION?CALIBRATION
            CODE    40C7H     018DH     UNIT         ?PR?KEY_SCAN?KEYPAD
            CODE    4254H     0189H     UNIT         ?PR?SPI_NOR_WRITE_DATA?AT25SF041
            CODE    43DDH     0188H     UNIT         ?PR?SIN?SIN
            CODE    4565H     0166H     UNIT         ?PR?_POW?POW
            CODE    46CBH     0155H     UNIT         ?PR?_DISPLAY_POS?LCD_DRIVER_SPLC780D
            CODE    4820H     0129H     UNIT         ?PR?LOG?LOG
            CODE    4949H     0122H     UNIT         ?PR?ATAN?ATAN
            CODE    4A6BH     0110H     UNIT         ?PR?_AT25SF041_READ?AT25SF041
            CODE    4B7BH     0102H     UNIT         ?PR?_AT25SF041_WRITE?AT25SF041
            CODE    4C7DH     00F4H     UNIT         ?PR?EXINT0?MAIN
            CODE    4D71H     00DBH     UNIT         ?PR?_ATOI?ATOI
            CODE    4E4CH     00C3H     UNIT         ?PR?LINEAR_INTERPOLATE?BIPOLARMOTOR
            CODE    4F0FH     00BBH     UNIT         ?PR?VOLTAGE_IS_STABLE?CALIBRATION
            CODE    4FCAH     00ADH     UNIT         ?PR?_WRITE_PI4IOE5V96248?IOEXPANDER_PI4IOE5V96248
            CODE    5077H     00ACH     UNIT         ?PR?SQRT?SQRT
            CODE    5123H     00A1H     UNIT         ?PR?UCREAD_STATUS_REGISTER_BYTE1?AT25SF041
            CODE    51C4H     009DH     UNIT         ?PR?_ATAN2?ATAN2
            CODE    5261H     009CH     UNIT         ?PR?_MAX_VALUE?CALIBRATION
            CODE    52FDH     009AH     UNIT         ?PR?EXP?EXP
            CODE    5397H     008CH     UNIT         ?C_C51STARTUP
            CODE    5423H     0088H     UNIT         ?PR?_DAY_OF_YEAR?PCF85063BTL
            CODE    54ABH     0079H     UNIT         ?PR?_WRITEDATA?LCD_DRIVER_SPLC780D
            CODE    5524H     0072H     UNIT         ?PR?AT25SF041_WRITEENABLE?AT25SF041
            CODE    5596H     006FH     UNIT         ?PR?_READ_TIME?PCF85063BTL
            CODE    5605H     005AH     UNIT         ?PR?AT25SF041_CHIPERASE?AT25SF041
            CODE    565FH     0059H     UNIT         ?PR?LCD_INIT?LCD_DRIVER_SPLC780D
            CODE    56B8H     004BH     UNIT         ?CO?UART1
            CODE    5703H     004AH     UNIT         ?PR?VONESTEPMOVE?BIPOLARMOTOR
            CODE    574DH     004AH     UNIT         ?PR?ACOS?ACOS
            CODE    5797H     0044H     UNIT         ?C?LDIV
BL51 BANKED LINKER/LOCATER V6.22                                                      05/30/2019  17:14:28  PAGE 4


            CODE    57DBH     0040H     UNIT         ?PR?_COMMAND?LCD_DRIVER_SPLC780D
            CODE    581BH     0040H     UNIT         ?PR?_STEP_MOVE?BIPOLARMOTOR
            CODE    585BH     003BH     UNIT         ?PR?ASIN?ASIN
            CODE    5896H     0033H     UNIT         ?PR?_SENDSTRING?UART1
            CODE    58C9H     0031H     UNIT         ?PR?SI1120_CONFIG_MODE_VIRH?SI1120
            CODE    58FAH     002DH     UNIT         ?CO?MAIN
            CODE    5927H     002BH     UNIT         ?PR?_WAIT_MS_I2C?IOEXPANDER_PI4IOE5V96248
            CODE    5952H     002BH     UNIT         ?PR?_WAIT_MS_SPINOR?AT25SF041
            CODE    597DH     002AH     UNIT         ?PR?_ADC_GETRESULT?ADC
            CODE    59A7H     0028H     UNIT         ?PR?_MOVE?BIPOLARMOTOR
            CODE    59CFH     0027H     UNIT         ?PR?_I2C_SENDBYTE?IOEXPANDER_PI4IOE5V96248
            CODE    59F6H     0027H     UNIT         ?PR?PUTCHAR?PUTCHAR
            CODE    5A1DH     0025H     UNIT         ?PR?_FINDCLOSESTSAMEDAYCALIBTIME?CALIBRATION
            CODE    5A42H     0024H     UNIT         ?PR?_WAIT_MS?LCD_DRIVER_SPLC780D
            CODE    5A66H     0024H     UNIT         ?PR?_UART1_SENDTOTCPSERVER?UART1
            CODE    5A8AH     0021H     UNIT         ?PR?TM0_ISR?MAIN
            CODE    5AABH     0020H     UNIT         ?PR?_SPI_SENDBYTE?PCF85063BTL
            CODE    5ACBH     0020H     UNIT         ?PR?SPI_RECEIVEBYTE?PCF85063BTL
            CODE    5AEBH     0020H     UNIT         ?CO?CALIBRATION
            CODE    5B0BH     001EH     UNIT         ?PR?_DELAY_MS?KEYPAD
            CODE    5B29H     001DH     UNIT         ?PR?_DISPLAYLCD?LCD_DRIVER_SPLC780D
            CODE    5B46H     001BH     UNIT         ?PR?_BCDTODEC1?BIPOLARMOTOR
            CODE    5B61H     001AH     UNIT         ?PR?ADC_INIT?ADC
            CODE    5B7BH     0018H     UNIT         ?PR?_SPI_WRITETIME?PCF85063BTL
            CODE    5B93H     0017H     UNIT         ?PR?_ASCIITOBCD?UART1
            CODE    5BAAH     0016H     UNIT         ?PR?I2C_ACK?IOEXPANDER_PI4IOE5V96248
            CODE    5BC0H     0015H     UNIT         ?PR?_DISPLAY_LINE?LCD_DRIVER_SPLC780D
            CODE    5BD5H     0015H     UNIT         ?PR?VSETLOCATION?BIPOLARMOTOR
            CODE    5BEAH     0015H     UNIT         ?PR?I2C_STOP?IOEXPANDER_PI4IOE5V96248
            CODE    5BFFH     0014H     UNIT         ?PR?_PCF85063BTL_DELAY?PCF85063BTL
            CODE    5C13H     0014H     UNIT         ?PR?_ABS?LCD_DRIVER_SPLC780D
            CODE    5C27H     0014H     UNIT         ?PR?_ISSPACE?ISSPACE
            CODE    5C3BH     0011H     UNIT         ?PR?_SPI_READTIME?PCF85063BTL
            CODE    5C4CH     0011H     UNIT         ?PR?_BCDTODEC?PCF85063BTL
            CODE    5C5DH     0011H     UNIT         ?PR?INITUART1?UART1
            CODE    5C6EH     000FH     UNIT         ?PR?I2C_START?IOEXPANDER_PI4IOE5V96248
            CODE    5C7DH     000FH     UNIT         ?PR?UC_NACK?IOEXPANDER_PI4IOE5V96248
            CODE    5C8CH     000FH     UNIT         ?PR?_ISDIGIT?ISDIGIT
            CODE    5C9BH     000DH     UNIT         ?PR?SPI_INIT?PCF85063BTL
            CODE    5CA8H     000DH     UNIT         ?PR?ENABLE_EXTINT0?SI1120
            CODE    5CB5H     000CH     UNIT         ?PR?KEYPAD_IO_INIT?KEYPAD
            CODE    5CC1H     000AH     UNIT         ?PR?LCD_RETURN_HOME?LCD_DRIVER_SPLC780D
            CODE    5CCBH     000AH     UNIT         ?PR?LCD_CLEAR?LCD_DRIVER_SPLC780D
            CODE    5CD5H     0009H     UNIT         ?PR?TM1_ISR?MAIN
            CODE    5CDEH     0009H     UNIT         ?PR?_SENDUART1?MAIN
            CODE    5CE7H     0009H     UNIT         ?PR?UART1_INITTCPCONN?UART1
            CODE    5CF0H     0006H     UNIT         ?PR?UC_ACK?IOEXPANDER_PI4IOE5V96248
            CODE    5CF6H     0006H     UNIT         ?PR?_TEN?UART1
            CODE    5CFCH     0001H     UNIT         ?PR?NOP?IOEXPANDER_PI4IOE5V96248
            CODE    5CFDH     0001H     UNIT         ?PR?_DECTOBCD?UART1



OVERLAY MAP OF MODULE:   .\Obj\GPIO_RTC_Test (MAIN)


SEGMENT                                             BIT_GROUP          DATA_GROUP          XDATA_GROUP
BL51 BANKED LINKER/LOCATER V6.22                                                      05/30/2019  17:14:28  PAGE 5


  +--> CALLED SEGMENT                            START    LENGTH     START    LENGTH     START    LENGTH
--------------------------------------------------------------------------------------------------------
?PR?EXINT0?MAIN                                  -----    -----      -----    -----      -----    -----
  +--> ?PR?_POW?POW

?PR?_POW?POW                                     -----    -----      -----    -----      03BCH    000AH
  +--> ?PR?LOG?LOG
  +--> ?PR?EXP?EXP

?PR?LOG?LOG                                      0020H.0  0000H.1    -----    -----      03C6H    0004H

*** NEW ROOT ***************************************************

?C_C51STARTUP                                    -----    -----      -----    -----      -----    -----
  +--> ?PR?MAIN?MAIN
  +--> ?C_INITSEG

?PR?MAIN?MAIN                                    -----    -----      -----    -----      03CAH    002EH
  +--> ?PR?LCD_INIT?LCD_DRIVER_SPLC780D
  +--> ?PR?SPI_INIT?PCF85063BTL
  +--> ?PR?KEYPAD_IO_INIT?KEYPAD
  +--> ?PR?ADC_INIT?ADC
  +--> ?PR?SI1120_CONFIG_MODE_VIRH?SI1120
  +--> ?PR?ENABLE_EXTINT0?SI1120
  +--> ?PR?VSETLOCATION?BIPOLARMOTOR
  +--> ?PR?_SPI_WRITETIME?PCF85063BTL
  +--> ?PR?_DELAY_MS?KEYPAD
  +--> ?PR?_DISPLAY_LINE?LCD_DRIVER_SPLC780D
  +--> ?PR?_WRITEDATA?LCD_DRIVER_SPLC780D
  +--> ?PR?INITUART1?UART1
  +--> ?PR?UART1_INITTCPCONN?UART1
  +--> ?CO?MAIN
  +--> ?PR?_UART1_SENDTOTCPSERVER?UART1
  +--> ?PR?KEY_PROCESS?KEYPAD
  +--> ?PR?_COMMAND?LCD_DRIVER_SPLC780D
  +--> ?PR?_DISPLAY_POS?LCD_DRIVER_SPLC780D
  +--> ?PR?_DISPLAYLCD?LCD_DRIVER_SPLC780D
  +--> ?PR?_STEP_MOVE?BIPOLARMOTOR
  +--> ?PR?LCD_RETURN_HOME?LCD_DRIVER_SPLC780D
  +--> ?PR?_READ_TIME?PCF85063BTL
  +--> ?PR?_BCDTODEC1?BIPOLARMOTOR
  +--> ?PR?_ELEVATION_CALCULATION?BIPOLARMOTOR
  +--> ?PR?PRINTF?PRINTF
  +--> ?PR?_SENDSTRING?UART1
  +--> ?PR?_CALIBRATION?CALIBRATION
  +--> ?PR?_UPDATE_POSITION?BIPOLARMOTOR
  +--> ?PR?AT25SF041_WRITEENABLE?AT25SF041
  +--> ?PR?_AT25SF041_WRITE?AT25SF041
  +--> ?PR?_WAIT_MS_SPINOR?AT25SF041
  +--> ?PR?_ADC_GETRESULT?ADC
  +--> ?PR?LINEAR_INTERPOLATE?BIPOLARMOTOR
  +--> ?PR?_FINDCLOSESTSAMEDAYCALIBTIME?CALI...
  +--> ?PR?LCD_CLEAR?LCD_DRIVER_SPLC780D
  +--> ?PR?AT25SF041_CHIPERASE?AT25SF041

?PR?LCD_INIT?LCD_DRIVER_SPLC780D                 -----    -----      -----    -----      -----    -----
  +--> ?PR?_WAIT_MS?LCD_DRIVER_SPLC780D
BL51 BANKED LINKER/LOCATER V6.22                                                      05/30/2019  17:14:28  PAGE 6


  +--> ?PR?_COMMAND?LCD_DRIVER_SPLC780D

?PR?_COMMAND?LCD_DRIVER_SPLC780D                 -----    -----      -----    -----      -----    -----
  +--> ?PR?_WAIT_MS?LCD_DRIVER_SPLC780D

?PR?SI1120_CONFIG_MODE_VIRH?SI1120               -----    -----      -----    -----      -----    -----
  +--> ?PR?_WAIT_MS?LCD_DRIVER_SPLC780D

?PR?_SPI_WRITETIME?PCF85063BTL                   -----    -----      -----    -----      -----    -----
  +--> ?PR?_SPI_SENDBYTE?PCF85063BTL

?PR?_SPI_SENDBYTE?PCF85063BTL                    -----    -----      -----    -----      -----    -----
  +--> ?PR?_PCF85063BTL_DELAY?PCF85063BTL

?PR?_DISPLAY_LINE?LCD_DRIVER_SPLC780D            -----    -----      -----    -----      -----    -----
  +--> ?PR?_COMMAND?LCD_DRIVER_SPLC780D

?PR?_WRITEDATA?LCD_DRIVER_SPLC780D               -----    -----      -----    -----      04E8H    0001H
  +--> ?PR?_WAIT_MS?LCD_DRIVER_SPLC780D

?PR?UART1_INITTCPCONN?UART1                      -----    -----      -----    -----      -----    -----
  +--> ?CO?UART1
  +--> ?PR?_SENDSTRING?UART1

?PR?_SENDSTRING?UART1                            -----    -----      -----    -----      04DDH    0003H
  +--> ?PR?_SENDUART1?MAIN

?PR?_UART1_SENDTOTCPSERVER?UART1                 -----    -----      -----    -----      03F8H    0003H
  +--> ?CO?UART1
  +--> ?PR?_SENDSTRING?UART1
  +--> ?PR?_DELAY_MS?KEYPAD

?PR?KEY_PROCESS?KEYPAD                           -----    -----      -----    -----      03F8H    0006H
  +--> ?PR?KEY_SCAN?KEYPAD
  +--> ?PR?_SPI_WRITETIME?PCF85063BTL
  +--> ?PR?LCD_CLEAR?LCD_DRIVER_SPLC780D
  +--> ?PR?_COMMAND?LCD_DRIVER_SPLC780D
  +--> ?PR?_WRITEDATA?LCD_DRIVER_SPLC780D

?PR?KEY_SCAN?KEYPAD                              -----    -----      -----    -----      03FEH    0003H

?PR?LCD_CLEAR?LCD_DRIVER_SPLC780D                -----    -----      -----    -----      -----    -----
  +--> ?PR?_COMMAND?LCD_DRIVER_SPLC780D

?PR?_DISPLAY_POS?LCD_DRIVER_SPLC780D             -----    -----      -----    -----      04DDH    000BH
  +--> ?PR?_ABS?LCD_DRIVER_SPLC780D
  +--> ?PR?_WRITEDATA?LCD_DRIVER_SPLC780D

?PR?_DISPLAYLCD?LCD_DRIVER_SPLC780D              -----    -----      -----    -----      03F8H    0001H
  +--> ?PR?_WRITEDATA?LCD_DRIVER_SPLC780D

?PR?_STEP_MOVE?BIPOLARMOTOR                      0020H.2  0000H.1    -----    -----      04E1H    0004H
  +--> ?PR?VONESTEPMOVE?BIPOLARMOTOR

?PR?VONESTEPMOVE?BIPOLARMOTOR                    0020H.3  0000H.1    -----    -----      -----    -----
  +--> ?PR?_WRITE_PI4IOE5V96248?IOEXPANDER_P...
  +--> ?PR?_DELAY_MS?KEYPAD
BL51 BANKED LINKER/LOCATER V6.22                                                      05/30/2019  17:14:28  PAGE 7



?PR?_WRITE_PI4IOE5V96248?IOEXPANDER_P...         -----    -----      -----    -----      04E5H    0003H
  +--> ?PR?I2C_START?IOEXPANDER_PI4IOE5V96248
  +--> ?PR?_WAIT_MS_I2C?IOEXPANDER_PI4IOE5V9...
  +--> ?PR?_I2C_SENDBYTE?IOEXPANDER_PI4IOE5V...
  +--> ?PR?I2C_ACK?IOEXPANDER_PI4IOE5V96248
  +--> ?PR?I2C_STOP?IOEXPANDER_PI4IOE5V96248

?PR?I2C_START?IOEXPANDER_PI4IOE5V96248           -----    -----      -----    -----      -----    -----
  +--> ?PR?_WAIT_MS_I2C?IOEXPANDER_PI4IOE5V9...

?PR?_I2C_SENDBYTE?IOEXPANDER_PI4IOE5V...         -----    -----      -----    -----      -----    -----
  +--> ?PR?_WAIT_MS_I2C?IOEXPANDER_PI4IOE5V9...

?PR?I2C_ACK?IOEXPANDER_PI4IOE5V96248             -----    -----      -----    -----      04E8H    0001H
  +--> ?PR?_WAIT_MS_I2C?IOEXPANDER_PI4IOE5V9...

?PR?I2C_STOP?IOEXPANDER_PI4IOE5V96248            -----    -----      -----    -----      -----    -----
  +--> ?PR?_WAIT_MS_I2C?IOEXPANDER_PI4IOE5V9...

?PR?LCD_RETURN_HOME?LCD_DRIVER_SPLC780D          -----    -----      -----    -----      -----    -----
  +--> ?PR?_COMMAND?LCD_DRIVER_SPLC780D

?PR?_READ_TIME?PCF85063BTL                       -----    -----      -----    -----      03F8H    000FH
  +--> ?PR?_SPI_READTIME?PCF85063BTL

?PR?_SPI_READTIME?PCF85063BTL                    -----    -----      -----    -----      -----    -----
  +--> ?PR?_SPI_SENDBYTE?PCF85063BTL
  +--> ?PR?SPI_RECEIVEBYTE?PCF85063BTL

?PR?SPI_RECEIVEBYTE?PCF85063BTL                  -----    -----      -----    -----      -----    -----
  +--> ?PR?_PCF85063BTL_DELAY?PCF85063BTL

?PR?_ELEVATION_CALCULATION?BIPOLARMOTOR          -----    -----      -----    -----      03F8H    0005H
  +--> ?PR?_BCDTODEC1?BIPOLARMOTOR
  +--> ?PR?SUNPOS?SUNPOS
  +--> ?PR?SIN?SIN
  +--> ?PR?ASIN?ASIN

?PR?SUNPOS?SUNPOS                                -----    -----      -----    -----      0442H    005DH
  +--> ?PR?SIN?SIN
  +--> ?PR?_ATAN2?ATAN2
  +--> ?PR?ASIN?ASIN
  +--> ?PR?ACOS?ACOS

?PR?SIN?SIN                                      0020H.1  0000H.1    -----    -----      049FH    0004H

?PR?_ATAN2?ATAN2                                 -----    -----      -----    -----      049FH    0008H
  +--> ?PR?ATAN?ATAN

?PR?ATAN?ATAN                                    0020H.1  0000H.2    -----    -----      04A7H    0004H

?PR?ASIN?ASIN                                    -----    -----      -----    -----      -----    -----
  +--> ?PR?SQRT?SQRT
  +--> ?PR?ATAN?ATAN

?PR?SQRT?SQRT                                    -----    -----      -----    -----      049FH    0004H
BL51 BANKED LINKER/LOCATER V6.22                                                      05/30/2019  17:14:28  PAGE 8



?PR?ACOS?ACOS                                    -----    -----      -----    -----      -----    -----
  +--> ?PR?SQRT?SQRT
  +--> ?PR?ATAN?ATAN

?PR?PRINTF?PRINTF                                0020H.1  0001H.1    0008H    0005H      04DDH    0030H
  +--> ?PR?PUTCHAR?PUTCHAR

?PR?_CALIBRATION?CALIBRATION                     -----    -----      -----    -----      03F8H    0024H
  +--> ?PR?VOLTAGE_IS_STABLE?CALIBRATION
  +--> ?PR?_UPDATE_POSITION?BIPOLARMOTOR
  +--> ?PR?_FIND_REAL_MAX?CALIBRATION

?PR?VOLTAGE_IS_STABLE?CALIBRATION                -----    -----      -----    -----      041CH    0018H
  +--> ?PR?_ADC_GETRESULT?ADC
  +--> ?PR?_ABS?LCD_DRIVER_SPLC780D

?PR?_UPDATE_POSITION?BIPOLARMOTOR                -----    -----      -----    -----      041CH    0026H
  +--> ?PR?_BCDTODEC1?BIPOLARMOTOR
  +--> ?PR?SUNPOS?SUNPOS
  +--> ?PR?SIN?SIN
  +--> ?PR?ASIN?ASIN
  +--> ?PR?_THEORICALJP_POSITION?BIPOLARMOTOR
  +--> ?PR?_ABS?LCD_DRIVER_SPLC780D
  +--> ?PR?_MOVE?BIPOLARMOTOR

?PR?_THEORICALJP_POSITION?BIPOLARMOTOR           -----    -----      -----    -----      0442H    005CH
  +--> ?PR?LINEAR_INTERPOLATE?BIPOLARMOTOR

?PR?LINEAR_INTERPOLATE?BIPOLARMOTOR              -----    -----      -----    -----      049EH    0014H

?PR?_MOVE?BIPOLARMOTOR                           0020H.1  0000H.1    -----    -----      04DDH    0004H
  +--> ?PR?_STEP_MOVE?BIPOLARMOTOR

?PR?_FIND_REAL_MAX?CALIBRATION                   -----    -----      -----    -----      041CH    00C1H
  +--> ?PR?_ADC_GETRESULT?ADC
  +--> ?PR?_WAIT_MS?LCD_DRIVER_SPLC780D
  +--> ?CO?CALIBRATION
  +--> ?PR?PRINTF?PRINTF
  +--> ?PR?_SENDSTRING?UART1
  +--> ?PR?_COMMAND?LCD_DRIVER_SPLC780D
  +--> ?PR?_WRITEDATA?LCD_DRIVER_SPLC780D
  +--> ?PR?_DISPLAY_POS?LCD_DRIVER_SPLC780D
  +--> ?PR?_MOVE?BIPOLARMOTOR
  +--> ?PR?_MAX_VALUE?CALIBRATION

?PR?_MAX_VALUE?CALIBRATION                       -----    -----      -----    -----      04DDH    0004H

?PR?AT25SF041_WRITEENABLE?AT25SF041              -----    -----      -----    -----      03F8H    0002H
  +--> ?PR?_WAIT_MS_SPINOR?AT25SF041
  +--> ?PR?UCREAD_STATUS_REGISTER_BYTE1?AT25...

?PR?UCREAD_STATUS_REGISTER_BYTE1?AT25...         -----    -----      -----    -----      0400H    0003H
  +--> ?PR?_WAIT_MS_SPINOR?AT25SF041

?PR?_AT25SF041_WRITE?AT25SF041                   -----    -----      -----    -----      03F8H    0008H
  +--> ?PR?_WAIT_MS_SPINOR?AT25SF041
BL51 BANKED LINKER/LOCATER V6.22                                                      05/30/2019  17:14:28  PAGE 9


  +--> ?PR?UCREAD_STATUS_REGISTER_BYTE1?AT25...

?PR?AT25SF041_CHIPERASE?AT25SF041                -----    -----      -----    -----      03F8H    0002H
  +--> ?PR?_WAIT_MS_SPINOR?AT25SF041
  +--> ?PR?UCREAD_STATUS_REGISTER_BYTE1?AT25...



SYMBOL TABLE OF MODULE:  .\Obj\GPIO_RTC_Test (MAIN)

  VALUE           TYPE          NAME
  ----------------------------------

  -------         MODULE        MAIN
  C:0000H         SYMBOL        _ICE_DUMMY_
  X:0515H         PUBLIC        calib_value
  D:0080H         PUBLIC        P0
  D:0090H         PUBLIC        P1
  D:00A0H         PUBLIC        P2
  D:00B0H         PUBLIC        P3
  D:00C0H         PUBLIC        P4
  D:00C8H         PUBLIC        P5
  X:0569H         SYMBOL        PressedKey
  B:00A8H.7       PUBLIC        EA
  D:00E8H         PUBLIC        P6
  X:056DH         PUBLIC        calib_stamp
  D:00F8H         PUBLIC        P7
  X:056EH         PUBLIC        sTempString
  X:0574H         PUBLIC        calib_bool
  X:059EH         PUBLIC        pwm_time_min
  D:00A8H         PUBLIC        IE
  X:05A2H         PUBLIC        calib_time
  X:05F6H         PUBLIC        pwm_time_max
  D:00B8H         PUBLIC        IP
  B:0098H.0       PUBLIC        RI
  B:00B0H.2       PUBLIC        INT0
  X:05FAH         PUBLIC        months
  B:0098H.1       PUBLIC        TI
  C:000EH         PUBLIC        Uart
  D:00D8H         PUBLIC        CCON
  C:0026H         PUBLIC        main
  X:05FBH         PUBLIC        count
  D:0099H         PUBLIC        SBUF
  X:05FDH         PUBLIC        days
  X:05FEH         PUBLIC        hours
  D:0098H         PUBLIC        SCON
  D:0089H         PUBLIC        TMOD
  D:0088H         PUBLIC        TCON
  B:00A0H.3       PUBLIC        P23
  X:05FFH         SYMBOL        KeyCount
  X:0601H         PUBLIC        mins
  B:00C8H.5       PUBLIC        P55
  D:008EH         PUBLIC        AUXR
  C:5A8AH         PUBLIC        tm0_isr
  B:0090H.5       PUBLIC        SI1120_STX
  C:5CD5H         PUBLIC        tm1_isr
  B:0021H.2       PUBLIC        busy
BL51 BANKED LINKER/LOCATER V6.22                                                      05/30/2019  17:14:28  PAGE 10


  D:00E0H         PUBLIC        ACC
  B:00A8H.1       PUBLIC        ET0
  B:00A8H.3       PUBLIC        ET1
  X:0602H         PUBLIC        SPI_NOR_INTERNAL_FLASH_ADDR
  D:008CH         PUBLIC        TH0
  D:008DH         PUBLIC        TH1
  D:008AH         PUBLIC        TL0
  D:008BH         PUBLIC        TL1
  B:0088H.4       PUBLIC        TR0
  B:0088H.6       PUBLIC        TR1
  C:4C7DH         PUBLIC        exint0
  X:0606H         SYMBOL        KeyNum
  X:0607H         SYMBOL        KeyNum_Old
  X:0608H         PUBLIC        timer0_count
  X:060AH         PUBLIC        current_position
  X:060EH         PUBLIC        pwm_time
  X:0612H         PUBLIC        start_timer0_count
  X:0613H         PUBLIC        seconds
  D:00D0H         PUBLIC        PSW
  C:5CDEH         PUBLIC        _SendUART1
  -------         PROC          TM0_ISR
  C:5A8AH         LINE#         100
  C:5A90H         LINE#         104
  C:5A93H         LINE#         105
  C:5A96H         LINE#         106
  C:5AA4H         LINE#         107
  -------         ENDPROC       TM0_ISR
  -------         PROC          TM1_ISR
  C:5CD5H         LINE#         108
  C:5CD5H         LINE#         110
  C:5CD7H         LINE#         112
  C:5CDAH         LINE#         113
  C:5CDDH         LINE#         114
  -------         ENDPROC       TM1_ISR
  -------         PROC          EXINT0
  C:4C7DH         LINE#         115
  C:4C9AH         LINE#         119
  C:4C9DH         LINE#         120
  C:4C9DH         LINE#         121
  C:4CA0H         LINE#         122
  C:4CA3H         LINE#         123
  C:4CA5H         LINE#         124
  C:4CA7H         LINE#         128
  C:4CAAH         LINE#         131
  C:4CAAH         LINE#         132
  C:4CACH         LINE#         134
  C:4CB8H         LINE#         135
  C:4D11H         LINE#         136
  C:4D4FH         LINE#         137
  C:4D56H         LINE#         142
  C:4D56H         LINE#         144
  -------         ENDPROC       EXINT0
  -------         PROC          MAIN
  -------         DO            
  X:050DH         SYMBOL        KeyCount
  X:050FH         SYMBOL        KeyNum_Old
  X:0510H         SYMBOL        KeyNum
BL51 BANKED LINKER/LOCATER V6.22                                                      05/30/2019  17:14:28  PAGE 11


  X:0511H         SYMBOL        PressedKey
  X:03CAH         SYMBOL        prox_flag
  X:03CBH         SYMBOL        iUse_prevday_calib_value
  X:03CDH         SYMBOL        max_ADC_Val_JP
  X:03CFH         SYMBOL        max_ADC_Val
  X:03D1H         SYMBOL        calib_point1
  X:03D9H         SYMBOL        calib_point2
  X:03E1H         SYMBOL        dat_to_store
  X:03ECH         SYMBOL        calib_day
  X:03EEH         SYMBOL        calib_count
  X:03F0H         SYMBOL        theorical_JP_max_pos
  X:03F4H         SYMBOL        elevation
  -------         ENDDO         
  C:0026H         LINE#         146
  C:0026H         LINE#         147
  C:0026H         LINE#         152
  C:002CH         LINE#         153
  C:0031H         LINE#         155
  C:0039H         LINE#         159
  C:003FH         LINE#         160
  C:0049H         LINE#         167
  C:0051H         LINE#         168
  C:0058H         LINE#         169
  C:005EH         LINE#         171
  C:0064H         LINE#         183
  C:0067H         LINE#         184
  C:006AH         LINE#         185
  C:006DH         LINE#         187
  C:0070H         LINE#         190
  C:0073H         LINE#         191
  C:0076H         LINE#         193
  C:0079H         LINE#         195
  C:007CH         LINE#         196
  C:007FH         LINE#         197
  C:0082H         LINE#         198
  C:0084H         LINE#         199
  C:0086H         LINE#         200
  C:0089H         LINE#         201
  C:008BH         LINE#         202
  C:008DH         LINE#         204
  C:008FH         LINE#         205
  C:0096H         LINE#         206
  C:009DH         LINE#         207
  C:00A4H         LINE#         208
  C:00ABH         LINE#         212
  C:00B2H         LINE#         213
  C:00B7H         LINE#         214
  C:00BCH         LINE#         215
  C:00C1H         LINE#         216
  C:00C6H         LINE#         217
  C:00CBH         LINE#         220
  C:00E4H         LINE#         221
  C:00E4H         LINE#         222
  C:0100H         LINE#         223
  C:0147H         LINE#         224
  C:0158H         LINE#         225
  C:015BH         LINE#         227
BL51 BANKED LINKER/LOCATER V6.22                                                      05/30/2019  17:14:28  PAGE 12


  C:0162H         LINE#         230
  C:0165H         LINE#         232
  C:016CH         LINE#         233
  C:0175H         LINE#         236
  C:0175H         LINE#         237
  C:0175H         LINE#         238
  C:0178H         LINE#         248
  C:0178H         LINE#         252
  C:017DH         LINE#         253
  C:0182H         LINE#         255
  C:0187H         LINE#         257
  C:018CH         LINE#         258
  C:0191H         LINE#         260
  C:01A2H         LINE#         263
  C:01A7H         LINE#         264
  C:01ACH         LINE#         266
  C:01B3H         LINE#         267
  C:01BBH         LINE#         268
  C:01C0H         LINE#         269
  C:01C8H         LINE#         270
  C:01CDH         LINE#         271
  C:01D7H         LINE#         272
  C:01DCH         LINE#         273
  C:01E4H         LINE#         275
  C:01ECH         LINE#         276
  C:01F1H         LINE#         277
  C:01FBH         LINE#         278
  C:01FBH         LINE#         279
  C:01FDH         LINE#         280
  C:01FFH         LINE#         281
  C:0209H         LINE#         282
  C:0209H         LINE#         283
  C:020EH         LINE#         284
  C:020EH         LINE#         296
  C:0222H         LINE#         297
  C:0222H         LINE#         298
  C:0237H         LINE#         299
  C:0246H         LINE#         300
  C:0246H         LINE#         301
  C:0259H         LINE#         302
  C:025BH         LINE#         304
  C:025BH         LINE#         305
  C:0277H         LINE#         306
  C:0277H         LINE#         307
  C:027CH         LINE#         308
  C:027CH         LINE#         309
  C:0290H         LINE#         310
  C:0290H         LINE#         313
  C:02A5H         LINE#         314
  C:02B4H         LINE#         315
  C:02B4H         LINE#         316
  C:02C7H         LINE#         317
  C:02C9H         LINE#         319
  C:02C9H         LINE#         320
  C:02E5H         LINE#         321
  C:02E5H         LINE#         322
  C:02EAH         LINE#         323
BL51 BANKED LINKER/LOCATER V6.22                                                      05/30/2019  17:14:28  PAGE 13


  C:02F0H         LINE#         324
  C:02F0H         LINE#         326
  C:0312H         LINE#         327
  C:0312H         LINE#         328
  C:031CH         LINE#         329
  C:0322H         LINE#         330
  C:0329H         LINE#         331
  C:032FH         LINE#         332
  C:0336H         LINE#         333
  C:0336H         LINE#         334
  C:0339H         LINE#         336
  C:0339H         LINE#         341
  C:0374H         LINE#         343
  C:0396H         LINE#         344
  C:0396H         LINE#         345
  C:0399H         LINE#         346
  C:03A0H         LINE#         347
  C:03A9H         LINE#         348
  C:03A9H         LINE#         351
  C:03B6H         LINE#         352
  C:03B6H         LINE#         356
  C:03B6H         LINE#         357
  C:03DEH         LINE#         358
  C:03DEH         LINE#         359
  C:03E1H         LINE#         360
  C:03E8H         LINE#         361
  C:03F1H         LINE#         362
  C:0413H         LINE#         363
  C:0413H         LINE#         365
  C:0439H         LINE#         377
  C:0439H         LINE#         378
  C:048FH         LINE#         379
  C:0498H         LINE#         380
  C:049FH         LINE#         381
  C:04A8H         LINE#         382
  C:04B1H         LINE#         383
  C:04B8H         LINE#         384
  C:0534H         LINE#         385
  C:054DH         LINE#         386
  C:05D7H         LINE#         391
  C:0605H         LINE#         392
  C:0605H         LINE#         394
  C:063BH         LINE#         395
  C:065EH         LINE#         396
  C:0673H         LINE#         399
  C:0673H         LINE#         400
  C:0673H         LINE#         402
  C:0673H         LINE#         404
  C:067AH         LINE#         405
  C:067AH         LINE#         406
  C:067DH         LINE#         407
  C:069BH         LINE#         408
  C:06A2H         LINE#         409
  C:06C1H         LINE#         410
  C:06E0H         LINE#         412
  C:075CH         LINE#         413
  C:0774H         LINE#         416
BL51 BANKED LINKER/LOCATER V6.22                                                      05/30/2019  17:14:28  PAGE 14


  C:07CCH         LINE#         417
  C:0807H         LINE#         418
  C:0814H         LINE#         419
  C:0823H         LINE#         420
  C:0823H         LINE#         440
  C:0825H         LINE#         442
  C:0833H         LINE#         443
  C:0833H         LINE#         444
  C:083BH         LINE#         446
  C:083BH         LINE#         449
  C:083BH         LINE#         450
  C:0848H         LINE#         451
  C:0848H         LINE#         452
  C:086AH         LINE#         453
  C:086AH         LINE#         454
  C:08E6H         LINE#         455
  C:093BH         LINE#         456
  C:093BH         LINE#         458
  C:093EH         LINE#         462
  C:093EH         LINE#         465
  C:0960H         LINE#         466
  C:0960H         LINE#         467
  C:09DCH         LINE#         469
  C:0A09H         LINE#         470
  C:0A24H         LINE#         471
  C:0A51H         LINE#         472
  C:0A84H         LINE#         473
  C:0A84H         LINE#         474
  C:0AAEH         LINE#         475
  C:0B47H         LINE#         476
  C:0B49H         LINE#         478
  C:0B49H         LINE#         479
  C:0BACH         LINE#         480
  C:0BACH         LINE#         484
  C:0BACH         LINE#         486
  C:0BACH         LINE#         487
  C:0BACH         LINE#         489
  C:0BACH         LINE#         492
  C:0BC8H         LINE#         493
  C:0BCCH         LINE#         495
  C:0BCEH         LINE#         498
  C:0BDDH         LINE#         499
  C:0BDDH         LINE#         500
  C:0BE0H         LINE#         501
  C:0BE7H         LINE#         502
  C:0BECH         LINE#         503
  C:0BF1H         LINE#         504
  C:0BF6H         LINE#         505
  C:0BFBH         LINE#         506
  C:0C00H         LINE#         516
  C:0C03H         LINE#         518
  C:0C06H         LINE#         519
  C:0C0DH         LINE#         520
  C:0C17H         LINE#         521
  C:0C1EH         LINE#         523
  C:0C21H         LINE#         532
  C:0C21H         LINE#         533
BL51 BANKED LINKER/LOCATER V6.22                                                      05/30/2019  17:14:28  PAGE 15


  -------         ENDPROC       MAIN
  -------         PROC          UART
  C:000EH         LINE#         547
  C:000EH         LINE#         549
  C:0011H         LINE#         550
  C:0011H         LINE#         551
  C:0013H         LINE#         553
  C:0013H         LINE#         554
  C:0016H         LINE#         555
  C:0016H         LINE#         556
  C:0018H         LINE#         557
  C:001AH         LINE#         558
  C:001AH         LINE#         559
  -------         ENDPROC       UART
  -------         PROC          _SENDUART1
  D:0007H         SYMBOL        dat
  C:5CDEH         LINE#         561
  C:5CDEH         LINE#         562
  C:5CDEH         LINE#         563
  C:5CE1H         LINE#         564
  C:5CE3H         LINE#         565
  C:5CE4H         LINE#         566
  C:5CE6H         LINE#         567
  -------         ENDPROC       _SENDUART1
  -------         ENDMOD        MAIN

  -------         MODULE        PCF85063BTL
  C:0000H         SYMBOL        _ICE_DUMMY_
  D:0096H         PUBLIC        P2M0
  D:0080H         PUBLIC        P0
  D:0095H         PUBLIC        P2M1
  D:0090H         PUBLIC        P1
  D:00A0H         PUBLIC        P2
  D:00B0H         PUBLIC        P3
  D:00C0H         PUBLIC        P4
  D:00C8H         PUBLIC        P5
  D:00E8H         PUBLIC        P6
  B:00A0H.1       PUBLIC        PCF85063BTL_SDI
  D:00F8H         PUBLIC        P7
  B:00A0H.2       PUBLIC        PCF85063BTL_SCK
  B:00A0H.1       PUBLIC        PCF85063BTL_SDO
  D:00A8H         PUBLIC        IE
  C:5596H         PUBLIC        _Read_time
  C:5C05H         PUBLIC        _PCF85063BTL_Delay
  D:00B8H         PUBLIC        IP
  D:00D8H         PUBLIC        CCON
  C:5423H         PUBLIC        _Day_Of_Year
  C:5ACBH         PUBLIC        SPI_ReceiveByte
  D:0098H         PUBLIC        SCON
  D:0088H         PUBLIC        TCON
  C:5C4CH         PUBLIC        _BCDtoDec
  B:00A0H.0       PUBLIC        PCF85063BTL_CS
  C:5C3BH         PUBLIC        _SPI_ReadTime
  C:5C9BH         PUBLIC        SPI_Init
  C:5B7BH         PUBLIC        _SPI_WriteTime
  C:5AABH         PUBLIC        _SPI_SendByte
  D:00D0H         PUBLIC        PSW
BL51 BANKED LINKER/LOCATER V6.22                                                      05/30/2019  17:14:28  PAGE 16


  C:5C01H         SYMBOL        L?0048
  -------         PROC          L?0047
  -------         ENDPROC       L?0047
  C:5C01H         SYMBOL        L?0048
  -------         PROC          _PCF85063BTL_DELAY
  D:0006H         SYMBOL        us
  C:5C05H         LINE#         8
  C:5C05H         LINE#         9
  C:5C05H         LINE#         10
  C:5C0FH         LINE#         11
  C:5C0FH         LINE#         12
  C:5C10H         LINE#         13
  C:5C12H         LINE#         14
  -------         ENDPROC       _PCF85063BTL_DELAY
  -------         PROC          _SPI_SENDBYTE
  D:0005H         SYMBOL        dat
  -------         DO            
  D:0003H         SYMBOL        i
  -------         ENDDO         
  C:5AABH         LINE#         17
  C:5AADH         LINE#         18
  C:5AADH         LINE#         20
  C:5AAFH         LINE#         21
  C:5AAFH         LINE#         22
  C:5AB1H         LINE#         23
  C:5AB5H         LINE#         24
  C:5AB5H         LINE#         25
  C:5AB7H         LINE#         26
  C:5AB9H         LINE#         28
  C:5AB9H         LINE#         29
  C:5ABBH         LINE#         30
  C:5ABBH         LINE#         31
  C:5ABEH         LINE#         32
  C:5ABEH         LINE#         33
  C:5AC1H         LINE#         34
  C:5AC5H         LINE#         35
  C:5ACAH         LINE#         36
  -------         ENDPROC       _SPI_SENDBYTE
  -------         PROC          SPI_RECEIVEBYTE
  -------         DO            
  D:0003H         SYMBOL        i
  D:0005H         SYMBOL        dat
  -------         ENDDO         
  C:5ACBH         LINE#         39
  C:5ACBH         LINE#         40
  C:5ACBH         LINE#         42
  C:5ACDH         LINE#         44
  C:5ACFH         LINE#         45
  C:5AD0H         LINE#         46
  C:5AD0H         LINE#         47
  C:5AD4H         LINE#         48
  C:5AD6H         LINE#         49
  C:5AD9H         LINE#         51
  C:5ADCH         LINE#         52
  C:5ADCH         LINE#         53
  C:5AE0H         LINE#         54
  C:5AE0H         LINE#         55
BL51 BANKED LINKER/LOCATER V6.22                                                      05/30/2019  17:14:28  PAGE 17


  C:5AE0H         LINE#         56
  C:5AE3H         LINE#         57
  C:5AE8H         LINE#         58
  C:5AEAH         LINE#         59
  -------         ENDPROC       SPI_RECEIVEBYTE
  -------         PROC          _SPI_READTIME
  D:0007H         SYMBOL        addr
  -------         DO            
  D:0006H         SYMBOL        dat
  -------         ENDDO         
  C:5C3BH         LINE#         61
  C:5C3BH         LINE#         62
  C:5C3BH         LINE#         64
  C:5C3DH         LINE#         65
  C:5C3FH         LINE#         66
  C:5C46H         LINE#         67
  C:5C49H         LINE#         68
  C:5C4BH         LINE#         69
  C:5C4BH         LINE#         70
  -------         ENDPROC       _SPI_READTIME
  -------         PROC          _SPI_WRITETIME
  D:0002H         SYMBOL        val
  D:0005H         SYMBOL        addr
  C:5B7BH         LINE#         71
  C:5B7DH         LINE#         72
  C:5B7DH         LINE#         74
  C:5B7FH         LINE#         75
  C:5B86H         LINE#         76
  C:5B8BH         LINE#         77
  C:5B90H         LINE#         78
  C:5B92H         LINE#         79
  -------         ENDPROC       _SPI_WRITETIME
  -------         PROC          SPI_INIT
  C:5C9BH         LINE#         83
  C:5C9BH         LINE#         84
  C:5C9BH         LINE#         89
  C:5C9EH         LINE#         90
  C:5CA1H         LINE#         91
  C:5CA3H         LINE#         92
  C:5CA5H         LINE#         93
  C:5CA7H         LINE#         94
  -------         ENDPROC       SPI_INIT
  -------         PROC          _READ_TIME
  X:03F8H         SYMBOL        months
  X:03FBH         SYMBOL        days
  X:03FEH         SYMBOL        hours
  X:0401H         SYMBOL        mins
  X:0404H         SYMBOL        seconds
  C:5596H         LINE#         96
  C:55A1H         LINE#         97
  C:55A1H         LINE#         99
  C:55B5H         LINE#         101
  C:55C9H         LINE#         103
  C:55DDH         LINE#         108
  C:55F1H         LINE#         113
  -------         ENDPROC       _READ_TIME
  -------         PROC          _BCDTODEC
BL51 BANKED LINKER/LOCATER V6.22                                                      05/30/2019  17:14:28  PAGE 18


  D:0007H         SYMBOL        bcd
  -------         DO            
  D:0006H         SYMBOL        hi
  D:0007H         SYMBOL        lo
  -------         ENDDO         
  C:5C4CH         LINE#         119
  C:5C4CH         LINE#         120
  C:5C4CH         LINE#         122
  C:5C51H         LINE#         123
  C:5C55H         LINE#         124
  C:5C5CH         LINE#         125
  -------         ENDPROC       _BCDTODEC
  -------         PROC          _DAY_OF_YEAR
  D:0007H         SYMBOL        months_bcd
  D:0005H         SYMBOL        days_bcd
  -------         DO            
  D:0004H         SYMBOL        months
  D:0007H         SYMBOL        days
  -------         ENDDO         
  C:5423H         LINE#         126
  C:5423H         LINE#         127
  C:5423H         LINE#         130
  C:5428H         LINE#         132
  C:542DH         LINE#         134
  C:5466H         LINE#         135
  C:5466H         LINE#         136
  C:5466H         LINE#         137
  C:5469H         LINE#         138
  C:5469H         LINE#         139
  C:5469H         LINE#         140
  C:546EH         LINE#         141
  C:546EH         LINE#         142
  C:546EH         LINE#         143
  C:5473H         LINE#         144
  C:5473H         LINE#         145
  C:5473H         LINE#         146
  C:5478H         LINE#         147
  C:5478H         LINE#         148
  C:5478H         LINE#         149
  C:547DH         LINE#         150
  C:547DH         LINE#         151
  C:547DH         LINE#         152
  C:5482H         LINE#         153
  C:5482H         LINE#         154
  C:5482H         LINE#         155
  C:5487H         LINE#         156
  C:5487H         LINE#         157
  C:5487H         LINE#         158
  C:548CH         LINE#         159
  C:548CH         LINE#         160
  C:548CH         LINE#         161
  C:5494H         LINE#         162
  C:5494H         LINE#         163
  C:5494H         LINE#         164
  C:5499H         LINE#         165
  C:5499H         LINE#         166
  C:5499H         LINE#         167
BL51 BANKED LINKER/LOCATER V6.22                                                      05/30/2019  17:14:28  PAGE 19


  C:549EH         LINE#         168
  C:549EH         LINE#         169
  C:549EH         LINE#         170
  C:54A7H         LINE#         171
  C:54A7H         LINE#         172
  C:54A7H         LINE#         173
  C:54AAH         LINE#         174
  C:54AAH         LINE#         175
  -------         ENDPROC       _DAY_OF_YEAR
  -------         ENDMOD        PCF85063BTL

  -------         MODULE        LCD_DRIVER_SPLC780D
  C:0000H         SYMBOL        _ICE_DUMMY_
  D:0092H         PUBLIC        P1M0
  D:0091H         PUBLIC        P1M1
  D:0080H         PUBLIC        P0
  D:0090H         PUBLIC        P1
  D:00A0H         PUBLIC        P2
  D:00B0H         PUBLIC        P3
  D:00C0H         PUBLIC        P4
  D:00C8H         PUBLIC        P5
  D:00E8H         PUBLIC        P6
  D:00F8H         PUBLIC        P7
  C:54AFH         PUBLIC        _WriteData
  D:00A8H         PUBLIC        IE
  D:00B8H         PUBLIC        IP
  D:00D8H         PUBLIC        CCON
  B:00B0H.4       PUBLIC        LCD_D4
  B:00B0H.5       PUBLIC        LCD_D5
  B:00B0H.6       PUBLIC        LCD_D6
  C:5B29H         PUBLIC        _DisplayLCD
  B:00B0H.7       PUBLIC        LCD_D7
  D:0098H         PUBLIC        SCON
  D:0088H         PUBLIC        TCON
  C:5C13H         PUBLIC        _abs
  C:5CCBH         PUBLIC        LCD_clear
  C:57DBH         PUBLIC        _Command
  C:5BC0H         PUBLIC        _Display_Line
  C:565FH         PUBLIC        LCD_Init
  C:5A48H         PUBLIC        _Wait_ms
  B:00C0H.0       PUBLIC        LCD_RS
  B:0090H.3       PUBLIC        LCD_RW
  C:5CC1H         PUBLIC        LCD_return_home
  C:46CBH         PUBLIC        _Display_Pos
  B:00B0H.3       PUBLIC        LCD_E
  D:00D0H         PUBLIC        PSW
  -------         PROC          LCD_INIT
  C:565FH         LINE#         9
  C:565FH         LINE#         10
  C:565FH         LINE#         11
  C:5662H         LINE#         12
  C:5665H         LINE#         14
  C:566BH         LINE#         15
  C:5670H         LINE#         17
  C:5677H         LINE#         18
  C:567CH         LINE#         20
  C:567FH         LINE#         21
BL51 BANKED LINKER/LOCATER V6.22                                                      05/30/2019  17:14:28  PAGE 20


  C:5684H         LINE#         23
  C:5687H         LINE#         24
  C:568CH         LINE#         26
  C:5693H         LINE#         29
  C:5698H         LINE#         30
  C:569DH         LINE#         32
  C:56A2H         LINE#         33
  C:56A7H         LINE#         35
  C:56ACH         LINE#         36
  C:56B1H         LINE#         37
  -------         ENDPROC       LCD_INIT
  C:54ABH         SYMBOL        L?0038
  -------         PROC          L?0037
  -------         ENDPROC       L?0037
  C:54ABH         SYMBOL        L?0038
  -------         PROC          _WRITEDATA
  X:04E8H         SYMBOL        dat
  C:54AFH         LINE#         40
  C:54B4H         LINE#         41
  C:54B4H         LINE#         46
  C:54B6H         LINE#         47
  C:54B8H         LINE#         49
  C:54C6H         LINE#         50
  C:54D2H         LINE#         51
  C:54DEH         LINE#         52
  C:54E8H         LINE#         53
  C:54EAH         LINE#         54
  C:54F1H         LINE#         55
  C:54F3H         LINE#         57
  C:5503H         LINE#         58
  C:550EH         LINE#         59
  C:5518H         LINE#         60
  C:551CH         LINE#         62
  C:551CH         LINE#         63
  C:551FH         LINE#         64
  C:5521H         LINE#         65
  C:5523H         LINE#         67
  -------         ENDPROC       _WRITEDATA
  -------         PROC          _COMMAND
  D:0007H         SYMBOL        dat
  C:57DBH         LINE#         69
  C:57DBH         LINE#         70
  C:57DBH         LINE#         71
  C:57DDH         LINE#         72
  C:57DFH         LINE#         74
  C:57E9H         LINE#         75
  C:57EDH         LINE#         77
  C:57EFH         LINE#         78
  C:57F8H         LINE#         79
  C:57FCH         LINE#         81
  C:57FEH         LINE#         82
  C:5805H         LINE#         83
  C:5809H         LINE#         85
  C:580BH         LINE#         86
  C:580FH         LINE#         87
  C:5813H         LINE#         89
  C:5815H         LINE#         90
BL51 BANKED LINKER/LOCATER V6.22                                                      05/30/2019  17:14:28  PAGE 21


  C:5815H         LINE#         91
  C:5818H         LINE#         92
  C:581AH         LINE#         93
  -------         ENDPROC       _COMMAND
  C:5A44H         SYMBOL        L?0040
  -------         PROC          L?0039
  -------         ENDPROC       L?0039
  C:5A44H         SYMBOL        L?0040
  -------         PROC          _WAIT_MS
  D:0006H         SYMBOL        ms
  -------         DO            
  D:0004H         SYMBOL        De_Cnt
  -------         ENDDO         
  C:5A48H         LINE#         95
  C:5A48H         LINE#         96
  C:5A48H         LINE#         98
  C:5A52H         LINE#         99
  C:5A52H         LINE#         100
  C:5A65H         LINE#         101
  C:5A65H         LINE#         102
  -------         ENDPROC       _WAIT_MS
  -------         PROC          _DISPLAYLCD
  D:0007H         SYMBOL        BCD
  -------         DO            
  D:0006H         SYMBOL        first_digit
  X:03F8H         SYMBOL        second_digit
  -------         ENDDO         
  C:5B29H         LINE#         103
  C:5B29H         LINE#         104
  C:5B29H         LINE#         106
  C:5B30H         LINE#         107
  C:5B39H         LINE#         109
  C:5B3EH         LINE#         111
  -------         ENDPROC       _DISPLAYLCD
  -------         PROC          LCD_RETURN_HOME
  C:5CC1H         LINE#         115
  C:5CC1H         LINE#         116
  C:5CC1H         LINE#         117
  C:5CC6H         LINE#         118
  -------         ENDPROC       LCD_RETURN_HOME
  -------         PROC          LCD_CLEAR
  C:5CCBH         LINE#         121
  C:5CCBH         LINE#         122
  C:5CCBH         LINE#         123
  C:5CD0H         LINE#         124
  -------         ENDPROC       LCD_CLEAR
  -------         PROC          _DISPLAY_LINE
  D:0006H         SYMBOL        line
  C:5BC0H         LINE#         128
  C:5BC0H         LINE#         129
  C:5BC0H         LINE#         130
  C:5BC6H         LINE#         131
  C:5BC6H         LINE#         132
  C:5BC8H         LINE#         133
  C:5BC8H         LINE#         134
  C:5BCAH         LINE#         136
  C:5BCAH         LINE#         137
BL51 BANKED LINKER/LOCATER V6.22                                                      05/30/2019  17:14:28  PAGE 22


  C:5BCFH         LINE#         138
  C:5BD4H         LINE#         139
  C:5BD4H         LINE#         140
  -------         ENDPROC       _DISPLAY_LINE
  -------         PROC          _DISPLAY_POS
  X:04DDH         SYMBOL        sign_dat
  -------         DO            
  X:04E1H         SYMBOL        unit
  X:04E2H         SYMBOL        ten
  X:04E3H         SYMBOL        hundred
  X:04E4H         SYMBOL        thousand
  X:04E5H         SYMBOL        after_dot
  X:04E6H         SYMBOL        dat
  -------         ENDDO         
  C:46CBH         LINE#         142
  C:46D1H         LINE#         143
  C:46D1H         LINE#         147
  C:46EDH         LINE#         148
  C:4707H         LINE#         149
  C:472BH         LINE#         151
  C:4775H         LINE#         153
  C:478CH         LINE#         154
  C:479EH         LINE#         155
  C:47C3H         LINE#         156
  C:47DDH         LINE#         157
  C:47F5H         LINE#         158
  C:47F5H         LINE#         159
  C:47F5H         LINE#         160
  C:47F5H         LINE#         161
  C:47F5H         LINE#         162
  C:47F5H         LINE#         163
  C:47F5H         LINE#         164
  C:47F5H         LINE#         168
  C:47F7H         LINE#         170
  C:47F7H         LINE#         172
  C:47FCH         LINE#         173
  C:4802H         LINE#         174
  C:4808H         LINE#         175
  C:480EH         LINE#         176
  C:4814H         LINE#         177
  C:4819H         LINE#         178
  C:481FH         LINE#         182
  C:481FH         LINE#         184
  -------         ENDPROC       _DISPLAY_POS
  -------         PROC          _ABS
  D:0006H         SYMBOL        dat
  C:5C13H         LINE#         186
  C:5C13H         LINE#         187
  C:5C13H         LINE#         188
  C:5C1EH         LINE#         189
  C:5C1FH         LINE#         191
  C:5C26H         LINE#         192
  -------         ENDPROC       _ABS
  -------         ENDMOD        LCD_DRIVER_SPLC780D

  -------         MODULE        KEYPAD
  C:0000H         SYMBOL        _ICE_DUMMY_
BL51 BANKED LINKER/LOCATER V6.22                                                      05/30/2019  17:14:28  PAGE 23


  D:0093H         PUBLIC        P0M1
  D:0080H         PUBLIC        P0
  D:0090H         PUBLIC        P1
  D:00A0H         PUBLIC        P2
  D:00B0H         PUBLIC        P3
  D:00C0H         PUBLIC        P4
  D:00C8H         PUBLIC        P5
  D:00E8H         PUBLIC        P6
  D:00F8H         PUBLIC        P7
  D:00A8H         PUBLIC        IE
  C:40C7H         PUBLIC        Key_Scan
  D:00B8H         PUBLIC        IP
  D:00D8H         PUBLIC        CCON
  C:5CB5H         PUBLIC        KeyPad_IO_Init
  C:5B0BH         PUBLIC        _Delay_ms
  D:0098H         PUBLIC        SCON
  D:0088H         PUBLIC        TCON
  X:0623H         PUBLIC        small_move
  X:0625H         PUBLIC        move
  X:0627H         PUBLIC        auto_mode
  X:0629H         PUBLIC        direction
  X:062BH         PUBLIC        SPI_NOR_ClearEnable
  C:37F4H         PUBLIC        Key_Process
  D:00D0H         PUBLIC        PSW
  D:0094H         PUBLIC        P0M0
  -------         PROC          _DELAY_MS
  D:0006H         SYMBOL        ms
  -------         DO            
  D:0004H         SYMBOL        De_Cnt
  -------         ENDDO         
  C:5B0BH         LINE#         20
  C:5B0BH         LINE#         21
  C:5B0BH         LINE#         23
  C:5B15H         LINE#         24
  C:5B15H         LINE#         25
  C:5B28H         LINE#         26
  C:5B28H         LINE#         27
  -------         ENDPROC       _DELAY_MS
  -------         PROC          KEY_SCAN
  -------         DO            
  X:03FEH         SYMBOL        KeyTemp1
  X:03FFH         SYMBOL        KeyTemp2
  X:0400H         SYMBOL        KeyValue
  -------         ENDDO         
  C:40C7H         LINE#         28
  C:40C7H         LINE#         29
  C:40C7H         LINE#         34
  C:40CAH         LINE#         37
  C:40CDH         LINE#         39
  C:40D5H         LINE#         40
  C:40DCH         LINE#         41
  C:40DCH         LINE#         43
  C:40E1H         LINE#         44
  C:40E8H         LINE#         45
  C:40E8H         LINE#         48
  C:40EBH         LINE#         49
  C:40EEH         LINE#         50
BL51 BANKED LINKER/LOCATER V6.22                                                      05/30/2019  17:14:28  PAGE 24


  C:40F3H         LINE#         51
  C:40F7H         LINE#         52
  C:40F7H         LINE#         53
  C:40FFH         LINE#         54
  C:40FFH         LINE#         55
  C:4102H         LINE#         56
  C:410AH         LINE#         57
  C:410CH         LINE#         59
  C:4120H         LINE#         60
  C:4120H         LINE#         61
  C:4120H         LINE#         62
  C:4120H         LINE#         63
  C:4126H         LINE#         65
  C:4128H         LINE#         66
  C:4128H         LINE#         67
  C:4128H         LINE#         68
  C:412EH         LINE#         70
  C:4130H         LINE#         71
  C:4130H         LINE#         72
  C:4130H         LINE#         73
  C:4136H         LINE#         75
  C:4138H         LINE#         76
  C:4138H         LINE#         77
  C:4138H         LINE#         78
  C:413EH         LINE#         80
  C:413EH         LINE#         81
  C:413EH         LINE#         82
  C:413EH         LINE#         85
  C:4141H         LINE#         86
  C:4144H         LINE#         87
  C:414CH         LINE#         88
  C:4150H         LINE#         89
  C:4150H         LINE#         90
  C:4158H         LINE#         91
  C:4158H         LINE#         92
  C:415BH         LINE#         93
  C:4163H         LINE#         94
  C:4165H         LINE#         95
  C:4179H         LINE#         96
  C:4179H         LINE#         97
  C:4179H         LINE#         98
  C:4179H         LINE#         99
  C:417FH         LINE#         101
  C:4181H         LINE#         102
  C:4181H         LINE#         103
  C:4181H         LINE#         104
  C:4187H         LINE#         106
  C:4189H         LINE#         107
  C:4189H         LINE#         108
  C:4189H         LINE#         109
  C:418FH         LINE#         111
  C:4191H         LINE#         112
  C:4191H         LINE#         113
  C:4191H         LINE#         114
  C:4196H         LINE#         116
  C:4196H         LINE#         117
  C:4196H         LINE#         118
BL51 BANKED LINKER/LOCATER V6.22                                                      05/30/2019  17:14:28  PAGE 25


  C:4196H         LINE#         121
  C:4199H         LINE#         122
  C:419CH         LINE#         123
  C:41A4H         LINE#         124
  C:41A8H         LINE#         125
  C:41A8H         LINE#         126
  C:41B0H         LINE#         127
  C:41B0H         LINE#         128
  C:41B3H         LINE#         129
  C:41BBH         LINE#         130
  C:41BDH         LINE#         131
  C:41D1H         LINE#         132
  C:41D1H         LINE#         133
  C:41D1H         LINE#         134
  C:41D1H         LINE#         135
  C:41D7H         LINE#         137
  C:41D9H         LINE#         138
  C:41D9H         LINE#         139
  C:41D9H         LINE#         140
  C:41DFH         LINE#         142
  C:41E1H         LINE#         143
  C:41E1H         LINE#         144
  C:41E1H         LINE#         145
  C:41E7H         LINE#         147
  C:41E9H         LINE#         148
  C:41E9H         LINE#         149
  C:41E9H         LINE#         150
  C:41EFH         LINE#         152
  C:41EFH         LINE#         153
  C:41EFH         LINE#         154
  C:41EFH         LINE#         158
  C:41F2H         LINE#         159
  C:41F5H         LINE#         160
  C:41FDH         LINE#         161
  C:4201H         LINE#         162
  C:4201H         LINE#         163
  C:4209H         LINE#         164
  C:4209H         LINE#         165
  C:420CH         LINE#         166
  C:4214H         LINE#         167
  C:4216H         LINE#         168
  C:422AH         LINE#         169
  C:422AH         LINE#         170
  C:422AH         LINE#         171
  C:422AH         LINE#         172
  C:4230H         LINE#         174
  C:4232H         LINE#         175
  C:4232H         LINE#         176
  C:4232H         LINE#         177
  C:4238H         LINE#         179
  C:423AH         LINE#         180
  C:423AH         LINE#         181
  C:423AH         LINE#         182
  C:4240H         LINE#         184
  C:4242H         LINE#         185
  C:4242H         LINE#         186
  C:4242H         LINE#         187
BL51 BANKED LINKER/LOCATER V6.22                                                      05/30/2019  17:14:28  PAGE 26


  C:4248H         LINE#         189
  C:4248H         LINE#         190
  C:4248H         LINE#         191
  C:4248H         LINE#         193
  C:424EH         LINE#         194
  C:424EH         LINE#         196
  C:424EH         LINE#         197
  C:4251H         LINE#         198
  C:4251H         LINE#         199
  C:4251H         LINE#         201
  C:4251H         LINE#         202
  C:4253H         LINE#         203
  C:4253H         LINE#         204
  -------         ENDPROC       KEY_SCAN
  -------         PROC          KEY_PROCESS
  -------         DO            
  X:0614H         SYMBOL        KeyCount
  X:0615H         SYMBOL        KeyNum_Old
  X:0617H         SYMBOL        KeyNum
  X:0619H         SYMBOL        PressedKey
  X:03F8H         SYMBOL        d
  D:0002H         SYMBOL        hours
  D:0006H         SYMBOL        mins
  X:03FAH         SYMBOL        months
  X:03FCH         SYMBOL        days
  -------         ENDDO         
  C:37F4H         LINE#         205
  C:37F4H         LINE#         206
  C:37F4H         LINE#         210
  C:3803H         LINE#         211
  C:3810H         LINE#         213
  C:3814H         LINE#         214
  C:3814H         LINE#         215
  C:381AH         LINE#         217
  C:381AH         LINE#         218
  C:3831H         LINE#         219
  C:3831H         LINE#         220
  C:383BH         LINE#         221
  C:3841H         LINE#         223
  C:3847H         LINE#         225
  C:3847H         LINE#         226
  C:385EH         LINE#         227
  C:385EH         LINE#         228
  C:3863H         LINE#         230
  C:3863H         LINE#         231
  C:3873H         LINE#         232
  C:3873H         LINE#         233
  C:3879H         LINE#         235
  C:3879H         LINE#         236
  C:388BH         LINE#         237
  C:388BH         LINE#         238
  C:3895H         LINE#         239
  C:389DH         LINE#         241
  C:38A6H         LINE#         243
  C:38A6H         LINE#         252
  C:38C5H         LINE#         253
  C:38C5H         LINE#         254
BL51 BANKED LINKER/LOCATER V6.22                                                      05/30/2019  17:14:28  PAGE 27


  C:38E4H         LINE#         255
  C:38EAH         LINE#         256
  C:38F2H         LINE#         257
  C:38F2H         LINE#         259
  C:38F3H         LINE#         265
  C:38FFH         LINE#         266
  C:38FFH         LINE#         267
  C:391CH         LINE#         268
  C:3933H         LINE#         269
  C:394AH         LINE#         270
  C:394AH         LINE#         271
  C:395DH         LINE#         272
  C:3970H         LINE#         273
  C:3970H         LINE#         274
  C:3970H         LINE#         275
  C:3973H         LINE#         280
  C:3982H         LINE#         281
  C:3982H         LINE#         282
  C:39A5H         LINE#         283
  C:39C2H         LINE#         284
  C:39CBH         LINE#         285
  C:39CBH         LINE#         286
  C:39D2H         LINE#         287
  C:39D2H         LINE#         288
  C:39E3H         LINE#         289
  C:39E3H         LINE#         290
  C:39F2H         LINE#         291
  C:39F2H         LINE#         292
  C:39F2H         LINE#         293
  C:39F5H         LINE#         295
  C:39F5H         LINE#         296
  C:3A01H         LINE#         297
  C:3A01H         LINE#         298
  C:3A13H         LINE#         299
  C:3A13H         LINE#         300
  C:3A23H         LINE#         301
  C:3A23H         LINE#         302
  C:3A23H         LINE#         304
  C:3A25H         LINE#         306
  C:3A25H         LINE#         307
  C:3A34H         LINE#         308
  C:3A34H         LINE#         309
  C:3A44H         LINE#         310
  C:3A44H         LINE#         311
  C:3A44H         LINE#         313
  C:3A44H         LINE#         315
  C:3A44H         LINE#         316
  C:3A46H         LINE#         318
  C:3A46H         LINE#         319
  C:3A4DH         LINE#         320
  C:3A4DH         LINE#         321
  C:3A5CH         LINE#         322
  C:3A5CH         LINE#         323
  C:3A6CH         LINE#         324
  C:3A6CH         LINE#         325
  C:3A6CH         LINE#         326
  C:3A6EH         LINE#         328
BL51 BANKED LINKER/LOCATER V6.22                                                      05/30/2019  17:14:28  PAGE 28


  C:3A6EH         LINE#         329
  C:3A7DH         LINE#         330
  C:3A7DH         LINE#         331
  C:3A90H         LINE#         332
  C:3AA3H         LINE#         333
  C:3AA3H         LINE#         334
  C:3AA3H         LINE#         335
  C:3AA3H         LINE#         336
  C:3AACH         LINE#         338
  C:3AACH         LINE#         340
  C:3AE6H         LINE#         341
  C:3AE6H         LINE#         342
  C:3AEDH         LINE#         343
  C:3AEDH         LINE#         344
  C:3AF7H         LINE#         345
  C:3AF7H         LINE#         346
  C:3AFAH         LINE#         347
  C:3AFFH         LINE#         348
  C:3B04H         LINE#         349
  C:3B09H         LINE#         350
  C:3B0EH         LINE#         351
  C:3B13H         LINE#         352
  C:3B18H         LINE#         353
  C:3B1DH         LINE#         354
  C:3B1DH         LINE#         355
  C:3B1DH         LINE#         357
  C:3B3BH         LINE#         358
  C:3B3BH         LINE#         359
  C:3B42H         LINE#         360
  C:3B42H         LINE#         361
  C:3B47H         LINE#         362
  C:3B50H         LINE#         363
  C:3B6FH         LINE#         364
  C:3B6FH         LINE#         365
  C:3B7FH         LINE#         367
  C:3B7FH         LINE#         371
  -------         ENDPROC       KEY_PROCESS
  -------         PROC          KEYPAD_IO_INIT
  C:5CB5H         LINE#         374
  C:5CB5H         LINE#         375
  C:5CB5H         LINE#         376
  C:5CB8H         LINE#         377
  C:5CBBH         LINE#         378
  C:5CBEH         LINE#         379
  C:5CC0H         LINE#         380
  -------         ENDPROC       KEYPAD_IO_INIT
  -------         ENDMOD        KEYPAD

  -------         MODULE        BIPOLARMOTOR
  C:0000H         SYMBOL        _ICE_DUMMY_
  X:0000H         PUBLIC        UTC_time
  D:0080H         PUBLIC        P0
  D:0090H         PUBLIC        P1
  X:0004H         PUBLIC        RX_pos_test
  D:00A0H         PUBLIC        P2
  D:00B0H         PUBLIC        P3
  D:00C0H         PUBLIC        P4
BL51 BANKED LINKER/LOCATER V6.22                                                      05/30/2019  17:14:28  PAGE 29


  D:00C8H         PUBLIC        P5
  D:00E8H         PUBLIC        P6
  D:00F8H         PUBLIC        P7
  X:00A4H         PUBLIC        low_date_azimuth_mapping
  D:00A8H         PUBLIC        IE
  C:4E6FH         PUBLIC        linear_interpolate
  X:00CCH         PUBLIC        declination
  C:59A7H         PUBLIC        _Move
  D:00B8H         PUBLIC        IP
  X:00D0H         PUBLIC        time_offset
  D:00D8H         PUBLIC        CCON
  X:00D4H         PUBLIC        previous_move_time
  X:00D5H         PUBLIC        time
  D:0098H         PUBLIC        SCON
  D:0088H         PUBLIC        TCON
  C:581BH         PUBLIC        _Step_move
  X:00E7H         PUBLIC        dat
  X:00EDH         PUBLIC        current_local_sun_time
  C:1F8EH         PUBLIC        _Update_position
  C:3B80H         PUBLIC        _elevation_calculation
  X:00F1H         PUBLIC        sunCoord
  C:5703H         PUBLIC        vOneStepMove
  X:00F4H         PUBLIC        elevation_stamp
  X:0130H         PUBLIC        date_azimuth_mapping
  X:0158H         PUBLIC        location
  X:0160H         PUBLIC        RX_pos
  C:5BD5H         PUBLIC        vSetLocation
  C:5B50H         PUBLIC        _BCDtoDec1
  X:03B8H         PUBLIC        degree
  C:25CAH         PUBLIC        _TheoricalJP_Position
  D:00D0H         PUBLIC        PSW
  -------         PROC          VSETLOCATION
  C:5BD5H         LINE#         44
  C:5BD5H         LINE#         45
  C:5BD5H         LINE#         46
  C:5BDFH         LINE#         47
  C:5BE9H         LINE#         48
  -------         ENDPROC       VSETLOCATION
  C:5B4CH         SYMBOL        L?0060
  -------         PROC          L?0059
  -------         ENDPROC       L?0059
  C:5B4CH         SYMBOL        L?0060
  -------         PROC          _BCDTODEC1
  D:0007H         SYMBOL        bcd
  -------         DO            
  D:0006H         SYMBOL        hi
  D:0007H         SYMBOL        lo
  -------         ENDDO         
  C:5B50H         LINE#         49
  C:5B50H         LINE#         50
  C:5B50H         LINE#         52
  C:5B55H         LINE#         53
  C:5B59H         LINE#         54
  C:5B60H         LINE#         55
  -------         ENDPROC       _BCDTODEC1
  -------         PROC          VONESTEPMOVE
  B:0020H.3       SYMBOL        bDir
BL51 BANKED LINKER/LOCATER V6.22                                                      05/30/2019  17:14:28  PAGE 30


  C:5703H         LINE#         59
  C:5703H         LINE#         60
  C:5703H         LINE#         62
  C:5709H         LINE#         63
  C:5709H         LINE#         64
  C:570CH         LINE#         65
  C:5715H         LINE#         66
  C:571CH         LINE#         67
  C:5721H         LINE#         68
  C:5721H         LINE#         69
  C:5721H         LINE#         71
  C:5723H         LINE#         74
  C:5723H         LINE#         75
  C:5726H         LINE#         76
  C:572FH         LINE#         77
  C:5736H         LINE#         78
  C:573CH         LINE#         79
  C:5745H         LINE#         80
  C:574CH         LINE#         81
  C:574CH         LINE#         85
  -------         ENDPROC       VONESTEPMOVE
  -------         PROC          _STEP_MOVE
  X:04E1H         SYMBOL        step
  B:0020H.2       SYMBOL        dir
  -------         DO            
  X:04E3H         SYMBOL        i
  -------         ENDDO         
  C:581BH         LINE#         87
  C:5823H         LINE#         88
  C:5823H         LINE#         90
  C:5828H         LINE#         93
  C:5843H         LINE#         94
  C:5843H         LINE#         95
  C:584AH         LINE#         97
  C:585AH         LINE#         99
  -------         ENDPROC       _STEP_MOVE
  -------         PROC          _MOVE
  X:04DDH         SYMBOL        distance
  B:0020H.1       SYMBOL        direction
  -------         DO            
  D:0006H         SYMBOL        step
  -------         ENDDO         
  C:59A7H         LINE#         101
  C:59ADH         LINE#         102
  C:59ADH         LINE#         105
  C:59C8H         LINE#         106
  -------         ENDPROC       _MOVE
  C:4E5EH         SYMBOL        L?0058
  -------         PROC          L?0057
  -------         ENDPROC       L?0057
  C:4E5EH         SYMBOL        L?0058
  -------         PROC          LINEAR_INTERPOLATE
  X:049EH         SYMBOL        p1
  X:04A6H         SYMBOL        p2
  X:04AEH         SYMBOL        x
  -------         DO            
  D:0004H         SYMBOL        fx
BL51 BANKED LINKER/LOCATER V6.22                                                      05/30/2019  17:14:28  PAGE 31


  -------         ENDDO         
  C:4E6FH         LINE#         139
  C:4E6FH         LINE#         140
  C:4E6FH         LINE#         143
  C:4F0EH         LINE#         145
  C:4F0EH         LINE#         146
  -------         ENDPROC       LINEAR_INTERPOLATE
  -------         PROC          _THEORICALJP_POSITION
  X:0442H         SYMBOL        azimuth
  X:0446H         SYMBOL        elevation
  -------         DO            
  X:044AH         SYMBOL        pos_interpolate_azimuth
  X:0486H         SYMBOL        JP_pos
  X:048AH         SYMBOL        i
  X:048CH         SYMBOL        yy
  X:048EH         SYMBOL        p1
  X:0496H         SYMBOL        p2
  -------         ENDDO         
  C:25CAH         LINE#         149
  C:25D0H         LINE#         150
  C:25D0H         LINE#         152
  C:25DAH         LINE#         155
  C:25F6H         LINE#         156
  C:25F6H         LINE#         157
  C:2666H         LINE#         158
  C:2666H         LINE#         159
  C:266DH         LINE#         160
  C:266DH         LINE#         161
  C:269AH         LINE#         162
  C:26B5H         LINE#         164
  C:26FCH         LINE#         165
  C:2730H         LINE#         167
  C:2776H         LINE#         168
  C:279BH         LINE#         170
  C:279BH         LINE#         172
  C:2811H         LINE#         173
  C:2811H         LINE#         174
  C:2818H         LINE#         175
  C:2818H         LINE#         176
  C:2845H         LINE#         177
  C:2860H         LINE#         179
  C:28A7H         LINE#         180
  C:28DBH         LINE#         182
  C:2921H         LINE#         183
  C:2943H         LINE#         185
  C:2943H         LINE#         186
  C:2957H         LINE#         189
  C:2973H         LINE#         190
  C:2973H         LINE#         191
  C:29E3H         LINE#         192
  C:29E3H         LINE#         193
  C:2A10H         LINE#         194
  C:2A2BH         LINE#         196
  C:2A58H         LINE#         197
  C:2A73H         LINE#         199
  C:2AA5H         LINE#         202
  C:2AA5H         LINE#         204
BL51 BANKED LINKER/LOCATER V6.22                                                      05/30/2019  17:14:28  PAGE 32


  C:2AB6H         LINE#         205
  C:2AC4H         LINE#         207
  -------         ENDPROC       _THEORICALJP_POSITION
  -------         PROC          _UPDATE_POSITION
  D:0001H         SYMBOL        mnths
  D:0002H         SYMBOL        dys
  X:041EH         SYMBOL        hurs
  X:041FH         SYMBOL        mns
  X:0420H         SYMBOL        sconds
  X:0421H         SYMBOL        currnt_pos
  X:0424H         SYMBOL        offset_calib
  -------         DO            
  X:0428H         SYMBOL        date
  X:042AH         SYMBOL        i
  X:042CH         SYMBOL        yy
  X:042EH         SYMBOL        desired_distance
  X:0432H         SYMBOL        distance
  X:0436H         SYMBOL        JP_pos
  X:043AH         SYMBOL        elevation
  X:043EH         SYMBOL        azimuth
  -------         ENDDO         
  C:1F8EH         LINE#         210
  C:1F97H         LINE#         213
  C:1F97H         LINE#         214
  C:1FA2H         LINE#         216
  C:1FBEH         LINE#         223
  C:1FC8H         LINE#         224
  C:1FD3H         LINE#         225
  C:1FDEH         LINE#         226
  C:1FF7H         LINE#         227
  C:2008H         LINE#         228
  C:2017H         LINE#         231
  C:202BH         LINE#         235
  C:207DH         LINE#         236
  C:21E1H         LINE#         237
  C:2231H         LINE#         240
  C:2359H         LINE#         243
  C:2428H         LINE#         250
  C:246FH         LINE#         251
  C:246FH         LINE#         253
  C:249AH         LINE#         254
  C:24C9H         LINE#         256
  C:24EEH         LINE#         257
  C:2553H         LINE#         258
  C:2553H         LINE#         259
  C:256DH         LINE#         260
  C:257FH         LINE#         261
  C:2597H         LINE#         262
  C:25ADH         LINE#         264
  C:25C9H         LINE#         265
  C:25C9H         LINE#         266
  C:25C9H         LINE#         269
  -------         ENDPROC       _UPDATE_POSITION
  -------         PROC          _ELEVATION_CALCULATION
  D:0007H         SYMBOL        mnths
  D:0005H         SYMBOL        dys
  X:03FAH         SYMBOL        hurs
BL51 BANKED LINKER/LOCATER V6.22                                                      05/30/2019  17:14:28  PAGE 33


  X:03FBH         SYMBOL        mns
  X:03FCH         SYMBOL        sconds
  C:3B80H         LINE#         271
  C:3B85H         LINE#         273
  C:3B85H         LINE#         274
  C:3B8FH         LINE#         275
  C:3B98H         LINE#         276
  C:3BA3H         LINE#         277
  C:3BBCH         LINE#         278
  C:3BD0H         LINE#         279
  C:3BE2H         LINE#         283
  C:3C34H         LINE#         284
  C:3D98H         LINE#         285
  C:3DE8H         LINE#         287
  C:3EFFH         LINE#         289
  -------         ENDPROC       _ELEVATION_CALCULATION
  -------         ENDMOD        BIPOLARMOTOR

  -------         MODULE        SUNPOS
  C:0000H         SYMBOL        _ICE_DUMMY_
  C:17ECH         PUBLIC        sunpos
  -------         PROC          SUNPOS
  X:0442H         SYMBOL        udtTime
  X:0454H         SYMBOL        udtLocation
  X:045CH         SYMBOL        udtSunCoordinates
  -------         DO            
  X:045FH         SYMBOL        dElapsedJulianDays
  X:0463H         SYMBOL        dDecimalHours
  X:0467H         SYMBOL        dEclipticLongitude
  X:046BH         SYMBOL        dEclipticObliquity
  X:046FH         SYMBOL        dRightAscension
  X:0473H         SYMBOL        dDeclination
  X:0477H         SYMBOL        dY
  X:047BH         SYMBOL        dX
  -------         DO            
  X:047FH         SYMBOL        dJulianDate
  X:0483H         SYMBOL        liAux1
  X:0487H         SYMBOL        liAux2
  X:047FH         SYMBOL        dMeanLongitude
  X:0483H         SYMBOL        dMeanAnomaly
  X:0487H         SYMBOL        dOmega
  X:047FH         SYMBOL        dSin_EclipticLongitude
  X:047FH         SYMBOL        dGreenwichMeanSiderealTime
  X:0483H         SYMBOL        dLocalMeanSiderealTime
  X:0487H         SYMBOL        dLatitudeInRadians
  X:048BH         SYMBOL        dHourAngle
  X:048FH         SYMBOL        dCos_Latitude
  X:0493H         SYMBOL        dSin_Latitude
  X:0497H         SYMBOL        dCos_HourAngle
  X:049BH         SYMBOL        dParallax
  -------         ENDDO         
  -------         DO            
  X:047FH         SYMBOL        dMeanLongitude
  X:0483H         SYMBOL        dMeanAnomaly
  X:0487H         SYMBOL        dOmega
  X:047FH         SYMBOL        dSin_EclipticLongitude
  X:047FH         SYMBOL        dGreenwichMeanSiderealTime
[...]
  C:42B3H         LINE#         322
  C:42B6H         LINE#         324
  C:42D0H         LINE#         325
  C:42D0H         LINE#         326
  C:42D0H         LINE#         328
  C:42D3H         LINE#         330
  C:42EDH         LINE#         331
  C:42EDH         LINE#         332
  C:42EDH         LINE#         334
  C:42F0H         LINE#         336
  C:430AH         LINE#         337
  C:430AH         LINE#         338
  C:430AH         LINE#         340
  C:430DH         LINE#         342
  C:4327H         LINE#         343
  C:4327H         LINE#         344
  C:4327H         LINE#         346
  C:432AH         LINE#         348
  C:4344H         LINE#         349
  C:4344H         LINE#         350
  C:4344H         LINE#         352
  C:4347H         LINE#         354
  C:4361H         LINE#         355
  C:4361H         LINE#         356
  C:4361H         LINE#         358
  C:4364H         LINE#         360
  C:437EH         LINE#         361
  C:437EH         LINE#         362
  C:437EH         LINE#         364
  C:4381H         LINE#         366
  C:439BH         LINE#         367
  C:439BH         LINE#         368
  C:439BH         LINE#         370
  C:439EH         LINE#         372
  C:43B8H         LINE#         373
  C:43BFH         LINE#         374
  -------         ENDPROC       SPI_NOR_WRITE_DATA
  -------         ENDMOD        AT25SF041

  -------         MODULE        SI1120
  C:0000H         SYMBOL        _ICE_DUMMY_
BL51 BANKED LINKER/LOCATER V6.22                                                      05/30/2019  17:14:28  PAGE 50


  D:0080H         PUBLIC        P0
  D:00B2H         PUBLIC        P3M0
  D:0090H         PUBLIC        P1
  D:00B1H         PUBLIC        P3M1
  D:00A0H         PUBLIC        P2
  D:00B0H         PUBLIC        P3
  D:00C0H         PUBLIC        P4
  D:00C8H         PUBLIC        P5
  B:00A8H.7       PUBLIC        EA
  D:00E8H         PUBLIC        P6
  D:00F8H         PUBLIC        P7
  D:00A8H         PUBLIC        IE
  D:00B8H         PUBLIC        IP
  C:58C9H         PUBLIC        SI1120_CONFIG_MODE_VIRH
  D:00D8H         PUBLIC        CCON
  D:0098H         PUBLIC        SCON
  D:0088H         PUBLIC        TCON
  C:5CA8H         PUBLIC        Enable_EXTINT0
  B:0090H.5       PUBLIC        SI1120_STX
  B:0088H.0       PUBLIC        IT0
  B:00A8H.0       PUBLIC        EX0
  B:0090H.4       PUBLIC        SI1120_MD
  B:0090H.6       PUBLIC        SI1120_SC
  D:00D0H         PUBLIC        PSW
  -------         PROC          SI1120_CONFIG_MODE_VIRH
  C:58C9H         LINE#         4
  C:58C9H         LINE#         5
  C:58C9H         LINE#         6
  C:58CBH         LINE#         7
  C:58CDH         LINE#         8
  C:58CFH         LINE#         10
  C:58D6H         LINE#         11
  C:58D8H         LINE#         13
  C:58DAH         LINE#         14
  C:58DCH         LINE#         16
  C:58E3H         LINE#         18
  C:58E5H         LINE#         20
  C:58ECH         LINE#         23
  C:58EEH         LINE#         25
  C:58F0H         LINE#         27
  C:58F7H         LINE#         29
  C:58F9H         LINE#         31
  -------         ENDPROC       SI1120_CONFIG_MODE_VIRH
  -------         PROC          ENABLE_EXTINT0
  C:5CA8H         LINE#         33
  C:5CA8H         LINE#         34
  C:5CA8H         LINE#         35
  C:5CABH         LINE#         36
  C:5CAEH         LINE#         37
  C:5CB0H         LINE#         38
  C:5CB2H         LINE#         39
  C:5CB4H         LINE#         40
  -------         ENDPROC       ENABLE_EXTINT0
  -------         ENDMOD        SI1120

  -------         MODULE        UART1
  C:0000H         SYMBOL        _ICE_DUMMY_
BL51 BANKED LINKER/LOCATER V6.22                                                      05/30/2019  17:14:28  PAGE 51


  D:0080H         PUBLIC        P0
  D:0090H         PUBLIC        P1
  D:00A0H         PUBLIC        P2
  D:00B0H         PUBLIC        P3
  D:00C0H         PUBLIC        P4
  D:00C8H         PUBLIC        P5
  C:5A66H         PUBLIC        _uart1_SendToTCPServer
  B:00A8H.7       PUBLIC        EA
  D:00E8H         PUBLIC        P6
  D:00F8H         PUBLIC        P7
  C:5896H         PUBLIC        _SendString
  D:00A8H         PUBLIC        IE
  B:00A8H.4       PUBLIC        ES
  D:00B8H         PUBLIC        IP
  C:5B93H         PUBLIC        _ASCIItoBCD
  D:00D8H         PUBLIC        CCON
  C:5C5DH         PUBLIC        initUART1
  D:0098H         PUBLIC        SCON
  D:0088H         PUBLIC        TCON
  C:5CFDH         PUBLIC        _DectoBCD
  C:001EH         PUBLIC        _ASCII_Letter
  D:008EH         PUBLIC        AUXR
  C:0006H         PUBLIC        _unit
  C:5CF6H         PUBLIC        _ten
  D:00D6H         PUBLIC        T2H
  D:00D7H         PUBLIC        T2L
  C:5CE7H         PUBLIC        uart1_InitTCPConn
  D:00D0H         PUBLIC        PSW
  -------         PROC          INITUART1
  C:5C5DH         LINE#         24
  C:5C5DH         LINE#         25
  C:5C5DH         LINE#         26
  C:5C60H         LINE#         27
  C:5C63H         LINE#         28
  C:5C66H         LINE#         29
  C:5C69H         LINE#         30
  C:5C6BH         LINE#         31
  C:5C6DH         LINE#         33
  -------         ENDPROC       INITUART1
  -------         PROC          _SENDSTRING
  X:04DDH         SYMBOL        s
  C:5896H         LINE#         36
  C:58A1H         LINE#         37
  C:58A1H         LINE#         38
  C:58B1H         LINE#         39
  C:58B1H         LINE#         40
  C:58C6H         LINE#         41
  C:58C8H         LINE#         42
  -------         ENDPROC       _SENDSTRING
  -------         PROC          _TEN
  D:0007H         SYMBOL        BCD
  C:5CF6H         LINE#         44
  C:5CF6H         LINE#         45
  C:5CF6H         LINE#         46
  C:5CFBH         LINE#         47
  -------         ENDPROC       _TEN
  -------         PROC          _UNIT
BL51 BANKED LINKER/LOCATER V6.22                                                      05/30/2019  17:14:28  PAGE 52


  D:0007H         SYMBOL        BCD
  C:0006H         LINE#         48
  C:0006H         LINE#         49
  C:0006H         LINE#         53
  C:000AH         LINE#         54
  -------         ENDPROC       _UNIT
  -------         PROC          _DECTOBCD
  D:0007H         SYMBOL        dec
  C:5CFDH         LINE#         55
  C:5CFDH         LINE#         56
  C:5CFDH         LINE#         58
  C:5CFDH         LINE#         59
  -------         ENDPROC       _DECTOBCD
  -------         PROC          _ASCII_LETTER
  D:0007H         SYMBOL        dat
  C:001EH         LINE#         61
  C:001EH         LINE#         62
  C:001EH         LINE#         64
  C:0022H         LINE#         65
  -------         ENDPROC       _ASCII_LETTER
  -------         PROC          _ASCIITOBCD
  D:0001H         SYMBOL        ascii
  -------         DO            
  D:0007H         SYMBOL        dec_val
  D:0006H         SYMBOL        ten
  D:0007H         SYMBOL        unit
  -------         ENDDO         
  C:5B93H         LINE#         67
  C:5B93H         LINE#         68
  C:5B93H         LINE#         70
  C:5B96H         LINE#         71
  C:5B9CH         LINE#         72
  C:5BA3H         LINE#         73
  C:5BA9H         LINE#         75
  -------         ENDPROC       _ASCIITOBCD
  -------         PROC          UART1_INITTCPCONN
  C:5CE7H         LINE#         77
  C:5CE7H         LINE#         78
  C:5CE7H         LINE#         82
  -------         ENDPROC       UART1_INITTCPCONN
  -------         PROC          _UART1_SENDTOTCPSERVER
  X:03F8H         SYMBOL        str
  C:5A66H         LINE#         85
  C:5A71H         LINE#         86
  C:5A71H         LINE#         87
  C:5A7AH         LINE#         88
  C:5A81H         LINE#         89
  -------         ENDPROC       _UART1_SENDTOTCPSERVER
  -------         ENDMOD        UART1

  -------         MODULE        ?C_STARTUP
  C:5397H         SEGMENT       ?C_C51STARTUP
  I:0022H         SEGMENT       ?STACK
  C:0000H         PUBLIC        ?C_STARTUP
  D:00E0H         SYMBOL        ACC
  D:00F0H         SYMBOL        B
  D:0083H         SYMBOL        DPH
BL51 BANKED LINKER/LOCATER V6.22                                                      05/30/2019  17:14:28  PAGE 53


  D:0082H         SYMBOL        DPL
  N:0000H         SYMBOL        IBPSTACK
  N:0100H         SYMBOL        IBPSTACKTOP
  N:0080H         SYMBOL        IDATALEN
  C:539AH         SYMBOL        IDATALOOP
  N:0000H         SYMBOL        PBPSTACK
  N:0100H         SYMBOL        PBPSTACKTOP
  N:0000H         SYMBOL        PDATALEN
  N:0000H         SYMBOL        PDATASTART
  N:0000H         SYMBOL        PPAGE
  N:0000H         SYMBOL        PPAGEENABLE
  D:00A0H         SYMBOL        PPAGE_SFR
  D:0081H         SYMBOL        SP
  C:5397H         SYMBOL        STARTUP1
  N:0000H         SYMBOL        XBPSTACK
  N:0000H         SYMBOL        XBPSTACKTOP
  N:0000H         SYMBOL        XDATALEN
  N:0000H         SYMBOL        XDATASTART
  C:0000H         LINE#         126
  C:5397H         LINE#         133
  C:5399H         LINE#         134
  C:539AH         LINE#         135
  C:539BH         LINE#         136
  C:539DH         LINE#         185
  C:53A0H         LINE#         196
  -------         ENDMOD        ?C_STARTUP

  -------         MODULE        ?C?FPADD
  C:0C2BH         PUBLIC        ?C?FPADD
  C:0C27H         PUBLIC        ?C?FPSUB
  -------         ENDMOD        ?C?FPADD

  -------         MODULE        ?C?FPMUL
  C:0D1CH         PUBLIC        ?C?FPMUL
  -------         ENDMOD        ?C?FPMUL

  -------         MODULE        ?C?FPDIV
  C:0E25H         PUBLIC        ?C?FPDIV
  -------         ENDMOD        ?C?FPDIV

  -------         MODULE        ?C?FPCMP
  C:0EC4H         PUBLIC        ?C?FPCMP
  C:0EC2H         PUBLIC        ?C?FPCMP3
  -------         ENDMOD        ?C?FPCMP

  -------         MODULE        ?C?FPNEG
  C:0F3BH         PUBLIC        ?C?FPNEG
  -------         ENDMOD        ?C?FPNEG

  -------         MODULE        ?C?FCAST
  C:0F56H         PUBLIC        ?C?FCASTC
  C:0F51H         PUBLIC        ?C?FCASTI
  C:0F4CH         PUBLIC        ?C?FCASTL
  -------         ENDMOD        ?C?FCAST

  -------         MODULE        ?C?CASTF
  C:0F8AH         PUBLIC        ?C?CASTF
BL51 BANKED LINKER/LOCATER V6.22                                                      05/30/2019  17:14:28  PAGE 54


  -------         ENDMOD        ?C?CASTF

  -------         MODULE        PRINTF
  X:04DDH         PUBLIC        ?_PRINTF?BYTE
  X:04DDH         PUBLIC        ?_SPRINTF?BYTE
  C:2FCEH         PUBLIC        _PRINTF
  C:2FC8H         PUBLIC        _SPRINTF
  -------         ENDMOD        PRINTF

  -------         MODULE        ATAN2
  X:049FH         PUBLIC        ?_atan2?BYTE
  C:51C4H         PUBLIC        _atan2
  -------         ENDMOD        ATAN2

  -------         MODULE        SIN
  C:4425H         PUBLIC        _COS
  C:443BH         PUBLIC        _SIN
  C:4477H         PUBLIC        _TAN
  -------         ENDMOD        SIN

  -------         MODULE        ACOS
  C:574DH         PUBLIC        _ACOS
  -------         ENDMOD        ACOS

  -------         MODULE        ASIN
  C:585BH         PUBLIC        _ASIN
  -------         ENDMOD        ASIN

  -------         MODULE        POW
  X:03BCH         PUBLIC        ?_pow?BYTE
  C:4565H         PUBLIC        _pow
  -------         ENDMOD        POW

  -------         MODULE        ?C?CHKFLOAT
  C:100BH         PUBLIC        ?C?CHKFLOAT
  -------         ENDMOD        ?C?CHKFLOAT

  -------         MODULE        ?C?FPROUND
  C:1025H         PUBLIC        ?C?FPROUND
  -------         ENDMOD        ?C?FPROUND

  -------         MODULE        ?C?FPCONVERT
  C:1062H         PUBLIC        ?C?FPCONVERT
  -------         ENDMOD        ?C?FPCONVERT

  -------         MODULE        EXP
  C:5335H         PUBLIC        _EXP
  -------         ENDMOD        EXP

  -------         MODULE        LOG
  C:4854H         PUBLIC        _LOG
  C:4850H         PUBLIC        _LOG10
  -------         ENDMOD        LOG

  -------         MODULE        SQRT
  C:507BH         PUBLIC        _SQRT
  -------         ENDMOD        SQRT
BL51 BANKED LINKER/LOCATER V6.22                                                      05/30/2019  17:14:28  PAGE 55



  -------         MODULE        ATAN
  C:4969H         PUBLIC        _ATAN
  -------         ENDMOD        ATAN

  -------         MODULE        ?C?FTNPWR
  C:11E4H         PUBLIC        ?C?FTNPWR
  -------         ENDMOD        ?C?FTNPWR

  -------         MODULE        ?C?COPY
  C:12F4H         PUBLIC        ?C?COPY
  -------         ENDMOD        ?C?COPY

  -------         MODULE        ?C?CLDPTR
  C:131AH         PUBLIC        ?C?CLDPTR
  -------         ENDMOD        ?C?CLDPTR

  -------         MODULE        ?C?CLDOPTR
  C:1333H         PUBLIC        ?C?CLDOPTR
  -------         ENDMOD        ?C?CLDOPTR

  -------         MODULE        ?C?CSTPTR
  C:1360H         PUBLIC        ?C?CSTPTR
  -------         ENDMOD        ?C?CSTPTR

  -------         MODULE        ?C?IMUL
  C:1372H         PUBLIC        ?C?IMUL
  -------         ENDMOD        ?C?IMUL

  -------         MODULE        ?C?UIDIV
  C:1384H         PUBLIC        ?C?UIDIV
  -------         ENDMOD        ?C?UIDIV

  -------         MODULE        ?C?SIDIV
  C:13D9H         PUBLIC        ?C?SIDIV
  -------         ENDMOD        ?C?SIDIV

  -------         MODULE        ?C?ILDIX
  C:140FH         PUBLIC        ?C?ILDIX
  -------         ENDMOD        ?C?ILDIX

  -------         MODULE        ?C?ILDOPTR
  C:1425H         PUBLIC        ?C?ILDOPTR
  -------         ENDMOD        ?C?ILDOPTR

  -------         MODULE        ?C?ISTPTR
  C:145DH         PUBLIC        ?C?ISTPTR
  -------         ENDMOD        ?C?ISTPTR

  -------         MODULE        ?C?LMUL
  C:147CH         PUBLIC        ?C?LMUL
  -------         ENDMOD        ?C?LMUL

  -------         MODULE        ?C?SLDIV
  C:5797H         PUBLIC        ?C?SLDIV
  -------         ENDMOD        ?C?SLDIV

BL51 BANKED LINKER/LOCATER V6.22                                                      05/30/2019  17:14:28  PAGE 56


  -------         MODULE        ?C?LNEG
  C:14CBH         PUBLIC        ?C?LNEG
  -------         ENDMOD        ?C?LNEG

  -------         MODULE        ?C?ULCMP
  C:14D9H         PUBLIC        ?C?ULCMP
  -------         ENDMOD        ?C?ULCMP

  -------         MODULE        ?C?LSHL
  C:14EAH         PUBLIC        ?C?LSHL
  -------         ENDMOD        ?C?LSHL

  -------         MODULE        ?C?LLDPTR
  C:14FDH         PUBLIC        ?C?LLDPTR
  -------         ENDMOD        ?C?LLDPTR

  -------         MODULE        ?C?LLDOPTR
  C:151DH         PUBLIC        ?C?LLDOPTR
  -------         ENDMOD        ?C?LLDOPTR

  -------         MODULE        ?C?LSTPTR
  C:154DH         PUBLIC        ?C?LSTPTR
  -------         ENDMOD        ?C?LSTPTR

  -------         MODULE        ?C?LSTOPTR
  C:1567H         PUBLIC        ?C?LSTOPTR
  -------         ENDMOD        ?C?LSTOPTR

  -------         MODULE        ?C?LLDXDATA
  C:158BH         PUBLIC        ?C?LLDXDATA
  -------         ENDMOD        ?C?LLDXDATA

  -------         MODULE        ?C?LLDCODE
  C:1597H         PUBLIC        ?C?LLDCODE
  -------         ENDMOD        ?C?LLDCODE

  -------         MODULE        ?C?LLDXDATA0
  C:15A7H         PUBLIC        ?C?LLDXDATA0
  -------         ENDMOD        ?C?LLDXDATA0

  -------         MODULE        ?C?LLDCODE0
  C:15B3H         PUBLIC        ?C?LLDCODE0
  -------         ENDMOD        ?C?LLDCODE0

  -------         MODULE        ?C?LLDPTR0
  C:15C3H         PUBLIC        ?C?LLDPTR0
  -------         ENDMOD        ?C?LLDPTR0

  -------         MODULE        ?C?LSTXDATA
  C:15E3H         PUBLIC        ?C?LSTXDATA
  -------         ENDMOD        ?C?LSTXDATA

  -------         MODULE        ?C?LSTKXDATA
  C:15EFH         PUBLIC        ?C?LSTKXDATA
  -------         ENDMOD        ?C?LSTKXDATA

  -------         MODULE        ?C?LSTKPTR
BL51 BANKED LINKER/LOCATER V6.22                                                      05/30/2019  17:14:28  PAGE 57


  C:1620H         PUBLIC        ?C?LSTKPTR
  -------         ENDMOD        ?C?LSTKPTR

  -------         MODULE        ?C?OFFXADD
  C:163AH         PUBLIC        ?C?OFFXADD
  -------         ENDMOD        ?C?OFFXADD

  -------         MODULE        ?C?PLDIXDATA
  C:1646H         PUBLIC        ?C?PLDIXDATA
  -------         ENDMOD        ?C?PLDIXDATA

  -------         MODULE        ?C?PSTXDATA
  C:165DH         PUBLIC        ?C?PSTXDATA
  -------         ENDMOD        ?C?PSTXDATA

  -------         MODULE        ?C?CCASE
  C:1666H         PUBLIC        ?C?CCASE
  -------         ENDMOD        ?C?CCASE

  -------         MODULE        PUTCHAR
  C:59F6H         PUBLIC        _PUTCHAR
  -------         ENDMOD        PUTCHAR

  -------         MODULE        ATOI
  C:4D71H         PUBLIC        _atoi
  -------         ENDMOD        ATOI

  -------         MODULE        ?C?IILDX
  C:168CH         PUBLIC        ?C?IILDX
  -------         ENDMOD        ?C?IILDX

  -------         MODULE        ?C?ULDIV
  C:16DEH         PUBLIC        ?C?ULDIV
  -------         ENDMOD        ?C?ULDIV

  -------         MODULE        ?C?LLDIDATA
  C:1770H         PUBLIC        ?C?LLDIDATA
  -------         ENDMOD        ?C?LLDIDATA

  -------         MODULE        ?C?LLDPDATA
  C:177CH         PUBLIC        ?C?LLDPDATA
  -------         ENDMOD        ?C?LLDPDATA

  -------         MODULE        ?C?LLDIDATA0
  C:1788H         PUBLIC        ?C?LLDIDATA0
  -------         ENDMOD        ?C?LLDIDATA0

  -------         MODULE        ?C?LLDPDATA0
  C:1795H         PUBLIC        ?C?LLDPDATA0
  -------         ENDMOD        ?C?LLDPDATA0

  -------         MODULE        ?C?LSTIDATA
  C:17A2H         PUBLIC        ?C?LSTIDATA
  -------         ENDMOD        ?C?LSTIDATA

  -------         MODULE        ?C?LSTPDATA
  C:17AEH         PUBLIC        ?C?LSTPDATA
BL51 BANKED LINKER/LOCATER V6.22                                                      05/30/2019  17:14:28  PAGE 58


  -------         ENDMOD        ?C?LSTPDATA

  -------         MODULE        ?C?LSTKIDATA
  C:17BAH         PUBLIC        ?C?LSTKIDATA
  -------         ENDMOD        ?C?LSTKIDATA

  -------         MODULE        ?C?LSTKPDATA
  C:17D3H         PUBLIC        ?C?LSTKPDATA
  -------         ENDMOD        ?C?LSTKPDATA

  -------         MODULE        ISDIGIT
  C:5C8CH         PUBLIC        _isdigit
  -------         ENDMOD        ISDIGIT

  -------         MODULE        ISSPACE
  C:5C27H         PUBLIC        _isspace
  -------         ENDMOD        ISSPACE

*** WARNING L16: UNCALLED SEGMENT, IGNORED FOR OVERLAY PROCESS
    SEGMENT: ?PR?_DAY_OF_YEAR?PCF85063BTL

*** WARNING L16: UNCALLED SEGMENT, IGNORED FOR OVERLAY PROCESS
    SEGMENT: ?PR?NOP?IOEXPANDER_PI4IOE5V96248

*** WARNING L16: UNCALLED SEGMENT, IGNORED FOR OVERLAY PROCESS
    SEGMENT: ?PR?UC_ACK?IOEXPANDER_PI4IOE5V96248

*** WARNING L16: UNCALLED SEGMENT, IGNORED FOR OVERLAY PROCESS
    SEGMENT: ?PR?UC_NACK?IOEXPANDER_PI4IOE5V96248

*** WARNING L16: UNCALLED SEGMENT, IGNORED FOR OVERLAY PROCESS
    SEGMENT: ?PR?_AT25SF041_READ?AT25SF041

*** WARNING L16: UNCALLED SEGMENT, IGNORED FOR OVERLAY PROCESS
    SEGMENT: ?PR?SPI_NOR_WRITE_DATA?AT25SF041

*** WARNING L16: UNCALLED SEGMENT, IGNORED FOR OVERLAY PROCESS
    SEGMENT: ?PR?_TEN?UART1

*** WARNING L16: UNCALLED SEGMENT, IGNORED FOR OVERLAY PROCESS
    SEGMENT: ?PR?_UNIT?UART1

*** WARNING L16: UNCALLED SEGMENT, IGNORED FOR OVERLAY PROCESS
    SEGMENT: ?PR?_DECTOBCD?UART1

*** WARNING L16: UNCALLED SEGMENT, IGNORED FOR OVERLAY PROCESS
    SEGMENT: ?PR?_ASCII_LETTER?UART1

*** WARNING L16: UNCALLED SEGMENT, IGNORED FOR OVERLAY PROCESS
    SEGMENT: ?PR?_ASCIITOBCD?UART1

Program Size: data=15.4 xdata=1610 code=23806
LINK/LOCATE RUN COMPLETE.  11 WARNING(S),  0 ERROR(S)
