BL51 BANKED LINKER/LOCATER V6.22                                                        03/28/2019  11:57:32  PAGE 1


BL51 BANKED LINKER/LOCATER V6.22, INVOKED BY:
C:\KEIL_V5\C51\BIN\BL51.EXE .\Obj\main.obj, .\Obj\PCF85063BTL.obj, .\Obj\UART1.obj, .\Obj\LCd_Driver_SPLC780D.obj, .\Obj
>> \KeyPad.obj, .\Obj\BipolarMotor.obj, .\Obj\SunPos.obj, .\Obj\ADC.obj, .\Obj\Calibration.obj, .\Obj\IOExpander_PI4IOE5
>> V96248.obj, .\Obj\AT25SF041.obj, .\Obj\STARTUP.obj TO .\Obj\GPIO_RTC_Test PRINT (.\Lis\GPIO_RTC_Test.m51) RAMSIZE (25
>> 6)


MEMORY MODEL: LARGE WITH FLOATING POINT ARITHMETIC


INPUT MODULES INCLUDED:
  .\Obj\main.obj (MAIN)
  .\Obj\PCF85063BTL.obj (PCF85063BTL)
  .\Obj\UART1.obj (UART1)
  .\Obj\LCd_Driver_SPLC780D.obj (LCD_DRIVER_SPLC780D)
  .\Obj\KeyPad.obj (KEYPAD)
  .\Obj\BipolarMotor.obj (BIPOLARMOTOR)
  .\Obj\SunPos.obj (SUNPOS)
  .\Obj\ADC.obj (ADC)
  .\Obj\Calibration.obj (CALIBRATION)
  .\Obj\IOExpander_PI4IOE5V96248.obj (IOEXPANDER_PI4IOE5V96248)
  .\Obj\AT25SF041.obj (AT25SF041)
  .\Obj\STARTUP.obj (?C_STARTUP)
  C:\KEIL_V5\C51\LIB\C51FPL.LIB (?C?FPADD)
  C:\KEIL_V5\C51\LIB\C51FPL.LIB (?C?FPMUL)
  C:\KEIL_V5\C51\LIB\C51FPL.LIB (?C?FPDIV)
  C:\KEIL_V5\C51\LIB\C51FPL.LIB (?C?FPCMP)
  C:\KEIL_V5\C51\LIB\C51FPL.LIB (?C?FPNEG)
  C:\KEIL_V5\C51\LIB\C51FPL.LIB (?C?FCAST)
  C:\KEIL_V5\C51\LIB\C51FPL.LIB (?C?CASTF)
  C:\KEIL_V5\C51\LIB\C51FPL.LIB (ATAN2)
  C:\KEIL_V5\C51\LIB\C51FPL.LIB (SIN)
  C:\KEIL_V5\C51\LIB\C51FPL.LIB (ACOS)
  C:\KEIL_V5\C51\LIB\C51FPL.LIB (ASIN)
  C:\KEIL_V5\C51\LIB\C51FPL.LIB (?C?FPGETOPN)
  C:\KEIL_V5\C51\LIB\C51FPL.LIB (?C?FPSERIES)
  C:\KEIL_V5\C51\LIB\C51FPL.LIB (SQRT)
  C:\KEIL_V5\C51\LIB\C51FPL.LIB (ATAN)
  C:\KEIL_V5\C51\LIB\C51L.LIB (?C_INIT)
  C:\KEIL_V5\C51\LIB\C51L.LIB (?C?COPY)
  C:\KEIL_V5\C51\LIB\C51L.LIB (?C?CLDPTR)
  C:\KEIL_V5\C51\LIB\C51L.LIB (?C?CLDOPTR)
  C:\KEIL_V5\C51\LIB\C51L.LIB (?C?CSTPTR)
  C:\KEIL_V5\C51\LIB\C51L.LIB (?C?IMUL)
  C:\KEIL_V5\C51\LIB\C51L.LIB (?C?UIDIV)
  C:\KEIL_V5\C51\LIB\C51L.LIB (?C?SIDIV)
  C:\KEIL_V5\C51\LIB\C51L.LIB (?C?ILDIX)
  C:\KEIL_V5\C51\LIB\C51L.LIB (?C?ILDOPTR)
  C:\KEIL_V5\C51\LIB\C51L.LIB (?C?LMUL)
  C:\KEIL_V5\C51\LIB\C51L.LIB (?C?ULDIV)
  C:\KEIL_V5\C51\LIB\C51L.LIB (?C?SLDIV)
  C:\KEIL_V5\C51\LIB\C51L.LIB (?C?LNEG)
  C:\KEIL_V5\C51\LIB\C51L.LIB (?C?ULCMP)
  C:\KEIL_V5\C51\LIB\C51L.LIB (?C?LSHL)
  C:\KEIL_V5\C51\LIB\C51L.LIB (?C?LLDPTR)
  C:\KEIL_V5\C51\LIB\C51L.LIB (?C?LLDOPTR)
  C:\KEIL_V5\C51\LIB\C51L.LIB (?C?LSTPTR)
  C:\KEIL_V5\C51\LIB\C51L.LIB (?C?LSTOPTR)
BL51 BANKED LINKER/LOCATER V6.22                                                      03/28/2019  11:57:32  PAGE 2


  C:\KEIL_V5\C51\LIB\C51L.LIB (?C?LLDXDATA)
  C:\KEIL_V5\C51\LIB\C51L.LIB (?C?LLDCODE)
  C:\KEIL_V5\C51\LIB\C51L.LIB (?C?LLDXDATA0)
  C:\KEIL_V5\C51\LIB\C51L.LIB (?C?LLDCODE0)
  C:\KEIL_V5\C51\LIB\C51L.LIB (?C?LLDPTR0)
  C:\KEIL_V5\C51\LIB\C51L.LIB (?C?LSTXDATA)
  C:\KEIL_V5\C51\LIB\C51L.LIB (?C?LSTKXDATA)
  C:\KEIL_V5\C51\LIB\C51L.LIB (ABS)
  C:\KEIL_V5\C51\LIB\C51L.LIB (ATOI)
  C:\KEIL_V5\C51\LIB\C51L.LIB (?C?IILDX)
  C:\KEIL_V5\C51\LIB\C51L.LIB (?C?LLDIDATA)
  C:\KEIL_V5\C51\LIB\C51L.LIB (?C?LLDPDATA)
  C:\KEIL_V5\C51\LIB\C51L.LIB (?C?LLDIDATA0)
  C:\KEIL_V5\C51\LIB\C51L.LIB (?C?LLDPDATA0)
  C:\KEIL_V5\C51\LIB\C51L.LIB (?C?LSTIDATA)
  C:\KEIL_V5\C51\LIB\C51L.LIB (?C?LSTPDATA)
  C:\KEIL_V5\C51\LIB\C51L.LIB (ISDIGIT)
  C:\KEIL_V5\C51\LIB\C51L.LIB (ISSPACE)


LINK MAP OF MODULE:  .\Obj\GPIO_RTC_Test (MAIN)


            TYPE    BASE      LENGTH    RELOCATION   SEGMENT NAME
            -----------------------------------------------------

            * * * * * * *   D A T A   M E M O R Y   * * * * * * *
            REG     0000H     0008H     ABSOLUTE     "REG BANK 0"
                    0008H     0018H                  *** GAP ***
            BIT     0020H.0   0000H.5   UNIT         ?BI?KEYPAD
            BIT     0020H.5   0000H.2   UNIT         ?BI?ATAN?ATAN
            BIT     0020H.7   0000H.1   UNIT         ?BI?MAIN
            BIT     0021H.0   0000H.1   UNIT         ?BI?VONESTEPMOVE?BIPOLARMOTOR
            BIT     0021H.1   0000H.1   UNIT         ?BI?_STEP_MOVE?BIPOLARMOTOR
            BIT     0021H.2   0000H.1   UNIT         ?BI?_MOVE?BIPOLARMOTOR
            BIT     0021H.3   0000H.1   UNIT         ?BI?SIN?SIN
            BIT     0021H.4   0000H.1   UNIT         ?BI?_ATOI?ATOI
                    0021H.5   0000H.3                *** GAP ***
            IDATA   0022H     0001H     UNIT         ?STACK

            * * * * * * *  X D A T A   M E M O R Y  * * * * * * *
            XDATA   0000H     00D4H     UNIT         ?XD?MAIN
            XDATA   00D4H     00A7H     UNIT         ?XD?BIPOLARMOTOR
            XDATA   017BH     009FH     UNIT         ?XD?_UPDATE_POSITION?BIPOLARMOTOR
            XDATA   021AH     0084H     UNIT         ?XD?_FIND_REAL_MAX?CALIBRATION
            XDATA   029EH     005DH     UNIT         ?XD?SUNPOS?SUNPOS
            XDATA   02FBH     0040H     UNIT         ?XD?_FINDDET4X4?BIPOLARMOTOR
            XDATA   033BH     0027H     UNIT         _XDATA_GROUP_
            XDATA   0362H     0024H     UNIT         ?XD?_FINDDET3X3?BIPOLARMOTOR
            XDATA   0386H     0018H     UNIT         ?XD?VOLTAGE_IS_STABLE?CALIBRATION
            XDATA   039EH     0014H     UNIT         ?XD?LINEAR_INTERPOLATE?BIPOLARMOTOR
            XDATA   03B2H     0014H     UNIT         ?XD?_CALIBRATION?CALIBRATION
            XDATA   03C6H     000FH     UNIT         ?XD?_READ_TIME?PCF85063BTL
            XDATA   03D5H     000AH     UNIT         ?XD?_DISPLAY_POS?MAIN
            XDATA   03DFH     0009H     UNIT         ?XD?KEYPAD
            XDATA   03E8H     0008H     UNIT         ?XD?_AT25SF041_WRITE?AT25SF041
            XDATA   03F0H     0008H     UNIT         ?XD?_ATAN2?ATAN2
BL51 BANKED LINKER/LOCATER V6.22                                                      03/28/2019  11:57:32  PAGE 3


            XDATA   03F8H     0006H     UNIT         ?XD?KEY_PROCESS?KEYPAD
            XDATA   03FEH     0005H     UNIT         ?XD?_ATOI?ATOI
            XDATA   0403H     0004H     UNIT         ?XD?_DISPLAY_PROX?MAIN
            XDATA   0407H     0004H     UNIT         ?XD?_STEP_MOVE?BIPOLARMOTOR
            XDATA   040BH     0004H     UNIT         ?XD?_MOVE?BIPOLARMOTOR
            XDATA   040FH     0004H     UNIT         ?XD?_MAX_VALUE?CALIBRATION
            XDATA   0413H     0004H     UNIT         ?XD?SIN?SIN
            XDATA   0417H     0004H     UNIT         ?XD?SQRT?SQRT
            XDATA   041BH     0004H     UNIT         ?XD?ATAN?ATAN
            XDATA   041FH     0003H     UNIT         ?XD?KEY_SCAN?KEYPAD
            XDATA   0422H     0003H     UNIT         ?XD?_WRITE_PI4IOE5V96248?IOEXPANDER_PI4IOE5V96248
            XDATA   0425H     0003H     UNIT         ?XD?UCREAD_STATUS_REGISTER_BYTE1?AT25SF041
            XDATA   0428H     0002H     UNIT         ?XD?AT25SF041_CHIPERASE?AT25SF041
            XDATA   042AH     0002H     UNIT         ?XD?AT25SF041_WRITEENABLE?AT25SF041
            XDATA   042CH     0001H     UNIT         ?XD?_WRITEDATA?LCD_DRIVER_SPLC780D
            XDATA   042DH     0001H     UNIT         ?XD?_DISPLAYLCD?LCD_DRIVER_SPLC780D
            XDATA   042EH     0001H     UNIT         ?XD?I2C_ACK?IOEXPANDER_PI4IOE5V96248
            XDATA   042FH     0001H     UNIT         ?XD?UC_ACK?IOEXPANDER_PI4IOE5V96248
            XDATA   0430H     0001H     UNIT         ?XD?UC_NACK?IOEXPANDER_PI4IOE5V96248

            * * * * * * *   C O D E   M E M O R Y   * * * * * * *
            CODE    0000H     0003H     ABSOLUTE     
            CODE    0003H     0008H     UNIT         ?PR?UART?MAIN
            CODE    000BH     0003H     ABSOLUTE     
            CODE    000EH     0015H     UNIT         ?PR?_DISPLAY_LINE?LCD_DRIVER_SPLC780D
            CODE    0023H     0003H     ABSOLUTE     
            CODE    0026H     0B00H     UNIT         ?PR?_UPDATE_POSITION?BIPOLARMOTOR
            CODE    0B26H     093FH     UNIT         ?C?LIB_CODE
            CODE    1465H     07A2H     UNIT         ?PR?SUNPOS?SUNPOS
            CODE    1C07H     02C0H     UNIT         ?PR?_FINDDET4X4?BIPOLARMOTOR
            CODE    1EC7H     02B1H     UNIT         ?PR?_FIND_REAL_MAX?CALIBRATION
            CODE    2178H     02A0H     UNIT         ?PR?KEY_PROCESS?KEYPAD
            CODE    2418H     0297H     UNIT         ?PR?_SENDSPIDATATOUART?UART1
            CODE    26AFH     01D1H     UNIT         ?PR?_FINDDET3X3?BIPOLARMOTOR
            CODE    2880H     018DH     UNIT         ?PR?KEY_SCAN?KEYPAD
            CODE    2A0DH     0188H     UNIT         ?PR?SIN?SIN
            CODE    2B95H     0172H     UNIT         ?PR?_DISPLAY_POS?MAIN
            CODE    2D07H     0122H     UNIT         ?PR?ATAN?ATAN
            CODE    2E29H     0109H     UNIT         ?PR?_AT25SF041_READ?AT25SF041
            CODE    2F32H     00F7H     UNIT         ?PR?_AT25SF041_WRITE?AT25SF041
            CODE    3029H     00EBH     UNIT         ?PR?MAIN?MAIN
            CODE    3114H     00E4H     UNIT         ?PR?_CALIBRATION?CALIBRATION
            CODE    31F8H     00DBH     UNIT         ?PR?_ATOI?ATOI
            CODE    32D3H     00C3H     UNIT         ?PR?LINEAR_INTERPOLATE?BIPOLARMOTOR
            CODE    3396H     00BBH     UNIT         ?PR?VOLTAGE_IS_STABLE?CALIBRATION
            CODE    3451H     00B2H     UNIT         ?C_INITSEG
            CODE    3503H     00ADH     UNIT         ?PR?_WRITE_PI4IOE5V96248?IOEXPANDER_PI4IOE5V96248
            CODE    35B0H     00ACH     UNIT         ?PR?SQRT?SQRT
            CODE    365CH     00A1H     UNIT         ?PR?UCREAD_STATUS_REGISTER_BYTE1?AT25SF041
            CODE    36FDH     009DH     UNIT         ?PR?_ATAN2?ATAN2
            CODE    379AH     009CH     UNIT         ?PR?_MAX_VALUE?CALIBRATION
            CODE    3836H     0095H     UNIT         ?PR?_DISPLAY_PROX?MAIN
            CODE    38CBH     008CH     UNIT         ?C_C51STARTUP
            CODE    3957H     0084H     UNIT         ?PR?_DAY_OF_YEAR?PCF85063BTL
            CODE    39DBH     0075H     UNIT         ?PR?_WRITEDATA?LCD_DRIVER_SPLC780D
            CODE    3A50H     006FH     UNIT         ?PR?_READ_TIME?PCF85063BTL
            CODE    3ABFH     005DH     UNIT         ?CO?UART1
BL51 BANKED LINKER/LOCATER V6.22                                                      03/28/2019  11:57:32  PAGE 4


            CODE    3B1CH     005AH     UNIT         ?PR?AT25SF041_CHIPERASE?AT25SF041
            CODE    3B76H     0059H     UNIT         ?PR?LCD_INIT?LCD_DRIVER_SPLC780D
            CODE    3BCFH     004FH     UNIT         ?PR?_SENDDECVALTOUART?UART1
            CODE    3C1EH     004AH     UNIT         ?PR?VONESTEPMOVE?BIPOLARMOTOR
            CODE    3C68H     004AH     UNIT         ?PR?ACOS?ACOS
            CODE    3CB2H     0049H     UNIT         ?PR?AT25SF041_WRITEENABLE?AT25SF041
            CODE    3CFBH     0044H     UNIT         ?C?LDIV
            CODE    3D3FH     0040H     UNIT         ?PR?_COMMAND?LCD_DRIVER_SPLC780D
            CODE    3D7FH     0040H     UNIT         ?PR?_STEP_MOVE?BIPOLARMOTOR
            CODE    3DBFH     003BH     UNIT         ?PR?ASIN?ASIN
            CODE    3DFAH     0033H     UNIT         ?PR?_SENDSTRING?UART1
            CODE    3E2DH     002CH     UNIT         ?PR?_ADC_GETRESULT?ADC
            CODE    3E59H     002BH     UNIT         ?PR?_WAIT_MS_I2C?IOEXPANDER_PI4IOE5V96248
            CODE    3E84H     002BH     UNIT         ?PR?_WAIT_MS_SPINOR?AT25SF041
            CODE    3EAFH     0028H     UNIT         ?PR?_MOVE?BIPOLARMOTOR
            CODE    3ED7H     0027H     UNIT         ?PR?_I2C_SENDBYTE?IOEXPANDER_PI4IOE5V96248
            CODE    3EFEH     0024H     UNIT         ?PR?_WAIT_MS?LCD_DRIVER_SPLC780D
            CODE    3F22H     0020H     UNIT         ?PR?_SPI_SENDBYTE?PCF85063BTL
            CODE    3F42H     0020H     UNIT         ?PR?SPI_RECEIVEBYTE?PCF85063BTL
            CODE    3F62H     0020H     UNIT         ?PR?_SENDBCDVALTOUART?UART1
            CODE    3F82H     001FH     UNIT         ?PR?ADC_INIT?ADC
            CODE    3FA1H     001EH     UNIT         ?PR?_DELAY_MS?KEYPAD
            CODE    3FBFH     001DH     UNIT         ?PR?_DISPLAYLCD?LCD_DRIVER_SPLC780D
            CODE    3FDCH     001BH     UNIT         ?PR?_BCDTODEC1?BIPOLARMOTOR
            CODE    3FF7H     0018H     UNIT         ?PR?_SPI_WRITETIME?PCF85063BTL
            CODE    400FH     0017H     UNIT         ?PR?_ASCIITOBCD?UART1
            CODE    4026H     0016H     UNIT         ?PR?I2C_ACK?IOEXPANDER_PI4IOE5V96248
            CODE    403CH     0015H     UNIT         ?PR?I2C_STOP?IOEXPANDER_PI4IOE5V96248
            CODE    4051H     0014H     UNIT         ?PR?_PCF85063BTL_DELAY?PCF85063BTL
            CODE    4065H     0014H     UNIT         ?PR?_ISSPACE?ISSPACE
            CODE    4079H     0011H     UNIT         ?PR?_SPI_READTIME?PCF85063BTL
            CODE    408AH     0011H     UNIT         ?PR?_BCDTODEC?PCF85063BTL
            CODE    409BH     0011H     UNIT         ?PR?INITUART1?UART1
            CODE    40ACH     000FH     UNIT         ?PR?I2C_START?IOEXPANDER_PI4IOE5V96248
            CODE    40BBH     000FH     UNIT         ?PR?UC_NACK?IOEXPANDER_PI4IOE5V96248
            CODE    40CAH     000FH     UNIT         ?PR?_ISDIGIT?ISDIGIT
            CODE    40D9H     000DH     UNIT         ?PR?SPI_INIT?PCF85063BTL
            CODE    40E6H     000DH     UNIT         ?PR?_SENDUART1?UART1
            CODE    40F3H     000CH     UNIT         ?PR?KEYPAD_IO_INIT?KEYPAD
            CODE    40FFH     000CH     UNIT         ?PR?_ABS?ABS
            CODE    410BH     000AH     UNIT         ?PR?LCD_RETURN_HOME?LCD_DRIVER_SPLC780D
            CODE    4115H     000AH     UNIT         ?PR?LCD_CLEAR?LCD_DRIVER_SPLC780D
            CODE    411FH     0006H     UNIT         ?PR?_TEN?UART1
            CODE    4125H     0006H     UNIT         ?PR?UC_ACK?IOEXPANDER_PI4IOE5V96248
            CODE    412BH     0005H     UNIT         ?PR?_UNIT?UART1
            CODE    4130H     0005H     UNIT         ?PR?_ASCII_LETTER?UART1
            CODE    4135H     0001H     UNIT         ?PR?TM0_ISR?MAIN
            CODE    4136H     0001H     UNIT         ?PR?_DECTOBCD?UART1
            CODE    4137H     0001H     UNIT         ?PR?WAIT?BIPOLARMOTOR
            CODE    4138H     0001H     UNIT         ?PR?NOP?IOEXPANDER_PI4IOE5V96248



OVERLAY MAP OF MODULE:   .\Obj\GPIO_RTC_Test (MAIN)


SEGMENT                                            XDATA_GROUP
BL51 BANKED LINKER/LOCATER V6.22                                                      03/28/2019  11:57:32  PAGE 5


  +--> CALLED SEGMENT                            START    LENGTH
----------------------------------------------------------------
?C_C51STARTUP                                    -----    -----
  +--> ?PR?MAIN?MAIN
  +--> ?C_INITSEG

?PR?MAIN?MAIN                                    033BH    001FH
  +--> ?PR?LCD_INIT?LCD_DRIVER_SPLC780D
  +--> ?PR?INITUART1?UART1
  +--> ?PR?_SPI_WRITETIME?PCF85063BTL
  +--> ?PR?_DELAY_MS?KEYPAD
  +--> ?PR?_WAIT_MS_SPINOR?AT25SF041
  +--> ?PR?_AT25SF041_READ?AT25SF041
  +--> ?PR?_SENDSPIDATATOUART?UART1

?PR?LCD_INIT?LCD_DRIVER_SPLC780D                 -----    -----
  +--> ?PR?_WAIT_MS?LCD_DRIVER_SPLC780D
  +--> ?PR?_COMMAND?LCD_DRIVER_SPLC780D

?PR?_COMMAND?LCD_DRIVER_SPLC780D                 -----    -----
  +--> ?PR?_WAIT_MS?LCD_DRIVER_SPLC780D

?PR?_SPI_WRITETIME?PCF85063BTL                   -----    -----
  +--> ?PR?_SPI_SENDBYTE?PCF85063BTL

?PR?_SPI_SENDBYTE?PCF85063BTL                    -----    -----
  +--> ?PR?_PCF85063BTL_DELAY?PCF85063BTL

?PR?_AT25SF041_READ?AT25SF041                    035AH    0008H
  +--> ?PR?_WAIT_MS_SPINOR?AT25SF041

?PR?_SENDSPIDATATOUART?UART1                     035AH    0005H
  +--> ?CO?UART1
  +--> ?PR?_SENDSTRING?UART1
  +--> ?PR?_SENDDECVALTOUART?UART1
  +--> ?PR?_SENDBCDVALTOUART?UART1

?PR?_SENDSTRING?UART1                            035FH    0003H
  +--> ?PR?_SENDUART1?UART1

?PR?_SENDDECVALTOUART?UART1                      035FH    0002H
  +--> ?PR?_SENDUART1?UART1

?PR?_SENDBCDVALTOUART?UART1                      035FH    0001H
  +--> ?PR?_SENDUART1?UART1



UNRESOLVED EXTERNAL SYMBOLS:
   AUTO_MODE



SYMBOL TABLE OF MODULE:  .\Obj\GPIO_RTC_Test (MAIN)

  VALUE           TYPE          NAME
  ----------------------------------
BL51 BANKED LINKER/LOCATER V6.22                                                      03/28/2019  11:57:32  PAGE 6



  -------         MODULE        MAIN
  C:0000H         SYMBOL        _ICE_DUMMY_
  X:0008H         PUBLIC        calib_value
  D:0080H         PUBLIC        P0
  D:0090H         PUBLIC        P1
  D:00A0H         PUBLIC        P2
  D:00B0H         PUBLIC        P3
  D:00C0H         PUBLIC        P4
  D:00C8H         PUBLIC        P5
  X:005CH         SYMBOL        PressedKey
  B:00A8H.7       PUBLIC        EA
  D:00E8H         PUBLIC        P6
  X:0060H         PUBLIC        calib_stamp
  D:00F8H         PUBLIC        P7
  X:0061H         PUBLIC        RX_Data_Uart_Cnt
  D:00A8H         PUBLIC        IE
  X:0063H         PUBLIC        calib_time
  D:00B8H         PUBLIC        IP
  B:0098H.0       PUBLIC        RI
  X:00B7H         PUBLIC        months
  B:0098H.1       PUBLIC        TI
  C:0003H         PUBLIC        Uart
  B:00C0H.1       PUBLIC        AT25SF041_CS
  D:00D8H         PUBLIC        CCON
  C:3029H         PUBLIC        main
  X:00B8H         PUBLIC        count
  X:00BAH         PUBLIC        days
  X:00BBH         PUBLIC        hours
  D:0098H         PUBLIC        SCON
  D:0089H         PUBLIC        TMOD
  D:0088H         PUBLIC        TCON
  X:00BCH         SYMBOL        KeyCount
  X:00BEH         PUBLIC        mins
  X:00BFH         PUBLIC        Rec_data_hour
  X:00C2H         PUBLIC        Rec_data_min
  D:008EH         PUBLIC        AUXR
  C:4135H         PUBLIC        tm0_isr
  B:0020H.7       PUBLIC        busy
  X:00C5H         PUBLIC        hour_count
  X:00C6H         PUBLIC        min_count
  X:00C7H         SYMBOL        KeyNum
  X:00C8H         SYMBOL        KeyNum_Old
  X:00C9H         PUBLIC        current_position
  X:00CDH         PUBLIC        hours1
  X:00CEH         PUBLIC        hours2
  C:3836H         PUBLIC        _Display_Prox
  X:00CFH         PUBLIC        mins1
  X:00D0H         PUBLIC        mins2
  C:2B95H         PUBLIC        _Display_Pos
  X:00D1H         PUBLIC        seconds
  X:00D2H         PUBLIC        st_time
  D:00D0H         PUBLIC        PSW
  -------         PROC          TM0_ISR
  C:4135H         LINE#         86
  C:4135H         LINE#         88
  -------         ENDPROC       TM0_ISR
BL51 BANKED LINKER/LOCATER V6.22                                                      03/28/2019  11:57:32  PAGE 7


  -------         PROC          MAIN
  -------         DO            
  X:033BH         SYMBOL        sunlight_ADC
  X:033DH         SYMBOL        address
  X:0000H         SYMBOL        KeyCount
  X:0002H         SYMBOL        KeyNum_Old
  X:0003H         SYMBOL        KeyNum
  X:0004H         SYMBOL        PressedKey
  X:0341H         SYMBOL        prox_flag
  X:0342H         SYMBOL        SPI_NOR_DATA
  X:0343H         SYMBOL        error
  X:0344H         SYMBOL        iUse_prevday_calib_value
  X:0346H         SYMBOL        calib_point1
  X:034EH         SYMBOL        calib_point2
  X:0356H         SYMBOL        calib_day
  X:0358H         SYMBOL        calib_count
  -------         ENDDO         
  C:3029H         LINE#         90
  C:3029H         LINE#         91
  C:3029H         LINE#         94
  C:3033H         LINE#         97
  C:303EH         LINE#         98
  C:3042H         LINE#         101
  C:3048H         LINE#         106
  C:304AH         LINE#         107
  C:304CH         LINE#         108
  C:304EH         LINE#         109
  C:3050H         LINE#         111
  C:3056H         LINE#         123
  C:3059H         LINE#         126
  C:305CH         LINE#         127
  C:305FH         LINE#         130
  C:3062H         LINE#         133
  C:3065H         LINE#         136
  C:3067H         LINE#         137
  C:306EH         LINE#         138
  C:3075H         LINE#         139
  C:307CH         LINE#         140
  C:3083H         LINE#         142
  C:308DH         LINE#         143
  C:30A8H         LINE#         144
  C:30A8H         LINE#         145
  C:30AFH         LINE#         146
  C:30B1H         LINE#         147
  C:30B8H         LINE#         150
  C:30D6H         LINE#         153
  C:30F1H         LINE#         154
  C:3110H         LINE#         156
  C:3113H         LINE#         160
  -------         ENDPROC       MAIN
  -------         PROC          UART
  C:0003H         LINE#         168
  C:0003H         LINE#         170
  C:0003H         LINE#         171
  C:0003H         LINE#         195
  C:0003H         LINE#         196
  C:0006H         LINE#         197
BL51 BANKED LINKER/LOCATER V6.22                                                      03/28/2019  11:57:32  PAGE 8


  C:0006H         LINE#         198
  C:0008H         LINE#         199
  C:000AH         LINE#         201
  C:000AH         LINE#         202
  -------         ENDPROC       UART
  -------         PROC          _DISPLAY_PROX
  D:0002H         SYMBOL        dat
  -------         DO            
  X:0403H         SYMBOL        unit
  X:0404H         SYMBOL        ten
  X:0405H         SYMBOL        hundred
  X:0406H         SYMBOL        thousand
  -------         ENDDO         
  C:3836H         LINE#         234
  C:383AH         LINE#         235
  C:383AH         LINE#         237
  C:3846H         LINE#         238
  C:3856H         LINE#         239
  C:3872H         LINE#         240
  C:38A2H         LINE#         241
  C:38ACH         LINE#         242
  C:38B6H         LINE#         243
  C:38C0H         LINE#         244
  C:38CAH         LINE#         246
  -------         ENDPROC       _DISPLAY_PROX
  -------         PROC          _DISPLAY_POS
  X:03D5H         SYMBOL        sign_dat
  -------         DO            
  X:03D9H         SYMBOL        unit
  X:03DAH         SYMBOL        ten
  X:03DBH         SYMBOL        hundred
  D:0003H         SYMBOL        thousand
  X:03DCH         SYMBOL        after_dot
  X:03DDH         SYMBOL        dat
  -------         ENDDO         
  C:2B95H         LINE#         249
  C:2B9BH         LINE#         250
  C:2B9BH         LINE#         254
  C:2BB7H         LINE#         255
  C:2BD1H         LINE#         256
  C:2BF5H         LINE#         258
  C:2C3FH         LINE#         260
  C:2C56H         LINE#         261
  C:2C63H         LINE#         262
  C:2C85H         LINE#         263
  C:2CBAH         LINE#         264
  C:2CD2H         LINE#         265
  C:2CD2H         LINE#         267
  C:2CD2H         LINE#         268
  C:2CD2H         LINE#         269
  C:2CD2H         LINE#         270
  C:2CD2H         LINE#         271
  C:2CD2H         LINE#         275
  C:2CD4H         LINE#         277
  C:2CD4H         LINE#         279
  C:2CD9H         LINE#         280
  C:2CE3H         LINE#         281
BL51 BANKED LINKER/LOCATER V6.22                                                      03/28/2019  11:57:32  PAGE 9


  C:2CEDH         LINE#         282
  C:2CF7H         LINE#         283
  C:2CFCH         LINE#         284
  C:2D06H         LINE#         288
  C:2D06H         LINE#         290
  -------         ENDPROC       _DISPLAY_POS
  -------         ENDMOD        MAIN

  -------         MODULE        PCF85063BTL
  C:0000H         SYMBOL        _ICE_DUMMY_
  D:0096H         PUBLIC        P2M0
  D:0080H         PUBLIC        P0
  D:0095H         PUBLIC        P2M1
  D:0090H         PUBLIC        P1
  D:00A0H         PUBLIC        P2
  D:00B0H         PUBLIC        P3
  D:00C0H         PUBLIC        P4
  D:00C8H         PUBLIC        P5
  D:00E8H         PUBLIC        P6
  B:00A0H.1       PUBLIC        PCF85063BTL_SDI
  D:00F8H         PUBLIC        P7
  B:00A0H.2       PUBLIC        PCF85063BTL_SCK
  B:00A0H.1       PUBLIC        PCF85063BTL_SDO
  D:00A8H         PUBLIC        IE
  C:3A50H         PUBLIC        _Read_time
  C:4057H         PUBLIC        _PCF85063BTL_Delay
  D:00B8H         PUBLIC        IP
  D:00D8H         PUBLIC        CCON
  C:3957H         PUBLIC        _Day_Of_Year
  C:3F42H         PUBLIC        SPI_ReceiveByte
  D:0098H         PUBLIC        SCON
  D:0088H         PUBLIC        TCON
  C:408AH         PUBLIC        _BCDtoDec
  B:00A0H.0       PUBLIC        PCF85063BTL_CS
  C:4079H         PUBLIC        _SPI_ReadTime
  C:40D9H         PUBLIC        SPI_Init
  C:3FF7H         PUBLIC        _SPI_WriteTime
  C:3F22H         PUBLIC        _SPI_SendByte
  D:00D0H         PUBLIC        PSW
  C:4053H         SYMBOL        L?0047
  -------         PROC          L?0046
  -------         ENDPROC       L?0046
  C:4053H         SYMBOL        L?0047
  -------         PROC          _PCF85063BTL_DELAY
  D:0006H         SYMBOL        us
  C:4057H         LINE#         8
  C:4057H         LINE#         9
  C:4057H         LINE#         10
  C:4061H         LINE#         11
  C:4061H         LINE#         12
  C:4062H         LINE#         13
  C:4064H         LINE#         14
  -------         ENDPROC       _PCF85063BTL_DELAY
  -------         PROC          _SPI_SENDBYTE
  D:0005H         SYMBOL        dat
  -------         DO            
  D:0003H         SYMBOL        i
BL51 BANKED LINKER/LOCATER V6.22                                                      03/28/2019  11:57:32  PAGE 10


  -------         ENDDO         
  C:3F22H         LINE#         17
  C:3F24H         LINE#         18
  C:3F24H         LINE#         20
  C:3F26H         LINE#         21
  C:3F26H         LINE#         22
  C:3F28H         LINE#         23
  C:3F2CH         LINE#         24
  C:3F2CH         LINE#         25
  C:3F2EH         LINE#         26
  C:3F30H         LINE#         28
  C:3F30H         LINE#         29
  C:3F32H         LINE#         30
  C:3F32H         LINE#         31
  C:3F35H         LINE#         32
  C:3F35H         LINE#         33
  C:3F38H         LINE#         34
  C:3F3CH         LINE#         35
  C:3F41H         LINE#         36
  -------         ENDPROC       _SPI_SENDBYTE
  -------         PROC          SPI_RECEIVEBYTE
  -------         DO            
  D:0003H         SYMBOL        i
  D:0005H         SYMBOL        dat
  -------         ENDDO         
  C:3F42H         LINE#         39
  C:3F42H         LINE#         40
  C:3F42H         LINE#         42
  C:3F44H         LINE#         44
  C:3F46H         LINE#         45
  C:3F47H         LINE#         46
  C:3F47H         LINE#         47
  C:3F4BH         LINE#         48
  C:3F4DH         LINE#         49
  C:3F50H         LINE#         51
  C:3F53H         LINE#         52
  C:3F53H         LINE#         53
  C:3F57H         LINE#         54
  C:3F57H         LINE#         55
  C:3F57H         LINE#         56
  C:3F5AH         LINE#         57
  C:3F5FH         LINE#         58
  C:3F61H         LINE#         59
  -------         ENDPROC       SPI_RECEIVEBYTE
  -------         PROC          _SPI_READTIME
  D:0007H         SYMBOL        addr
  -------         DO            
  D:0006H         SYMBOL        dat
  -------         ENDDO         
  C:4079H         LINE#         61
  C:4079H         LINE#         62
  C:4079H         LINE#         64
  C:407BH         LINE#         65
  C:407DH         LINE#         66
  C:4084H         LINE#         67
  C:4087H         LINE#         68
  C:4089H         LINE#         69
BL51 BANKED LINKER/LOCATER V6.22                                                      03/28/2019  11:57:32  PAGE 11


  C:4089H         LINE#         70
  -------         ENDPROC       _SPI_READTIME
  -------         PROC          _SPI_WRITETIME
  D:0002H         SYMBOL        val
  D:0005H         SYMBOL        addr
  C:3FF7H         LINE#         71
  C:3FF9H         LINE#         72
  C:3FF9H         LINE#         74
  C:3FFBH         LINE#         75
  C:4002H         LINE#         76
  C:4007H         LINE#         77
  C:400CH         LINE#         78
  C:400EH         LINE#         79
  -------         ENDPROC       _SPI_WRITETIME
  -------         PROC          SPI_INIT
  C:40D9H         LINE#         83
  C:40D9H         LINE#         84
  C:40D9H         LINE#         89
  C:40DCH         LINE#         90
  C:40DFH         LINE#         91
  C:40E1H         LINE#         92
  C:40E3H         LINE#         93
  C:40E5H         LINE#         94
  -------         ENDPROC       SPI_INIT
  -------         PROC          _READ_TIME
  X:03C6H         SYMBOL        months
  X:03C9H         SYMBOL        days
  X:03CCH         SYMBOL        hours
  X:03CFH         SYMBOL        mins
  X:03D2H         SYMBOL        seconds
  C:3A50H         LINE#         96
  C:3A5BH         LINE#         97
  C:3A5BH         LINE#         99
  C:3A6FH         LINE#         101
  C:3A83H         LINE#         103
  C:3A97H         LINE#         108
  C:3AABH         LINE#         113
  -------         ENDPROC       _READ_TIME
  -------         PROC          _BCDTODEC
  D:0007H         SYMBOL        bcd
  -------         DO            
  D:0006H         SYMBOL        hi
  D:0007H         SYMBOL        lo
  -------         ENDDO         
  C:408AH         LINE#         119
  C:408AH         LINE#         120
  C:408AH         LINE#         122
  C:408FH         LINE#         123
  C:4093H         LINE#         124
  C:409AH         LINE#         125
  -------         ENDPROC       _BCDTODEC
  -------         PROC          _DAY_OF_YEAR
  D:0007H         SYMBOL        months_bcd
  D:0005H         SYMBOL        days_bcd
  -------         DO            
  D:0004H         SYMBOL        months
  D:0007H         SYMBOL        days
BL51 BANKED LINKER/LOCATER V6.22                                                      03/28/2019  11:57:32  PAGE 12


  -------         ENDDO         
  C:3957H         LINE#         126
  C:3957H         LINE#         127
  C:3957H         LINE#         130
  C:395CH         LINE#         132
  C:3961H         LINE#         134
  C:399AH         LINE#         135
  C:399AH         LINE#         136
  C:399AH         LINE#         137
  C:399DH         LINE#         138
  C:399DH         LINE#         139
  C:399DH         LINE#         140
  C:39A2H         LINE#         141
  C:39A2H         LINE#         142
  C:39A2H         LINE#         143
  C:39A7H         LINE#         144
  C:39A7H         LINE#         145
  C:39A7H         LINE#         146
  C:39ACH         LINE#         147
  C:39ACH         LINE#         148
  C:39ACH         LINE#         149
  C:39B1H         LINE#         150
  C:39B1H         LINE#         151
  C:39B1H         LINE#         152
  C:39B6H         LINE#         153
  C:39B6H         LINE#         154
  C:39B6H         LINE#         155
  C:39BBH         LINE#         156
  C:39BBH         LINE#         157
  C:39BBH         LINE#         158
  C:39C0H         LINE#         159
  C:39C0H         LINE#         160
  C:39C0H         LINE#         161
  C:39C8H         LINE#         162
  C:39C8H         LINE#         163
  C:39C8H         LINE#         164
  C:39CDH         LINE#         165
  C:39CDH         LINE#         166
  C:39CDH         LINE#         167
  C:39D2H         LINE#         168
  C:39D2H         LINE#         169
  C:39D2H         LINE#         170
  C:39DAH         LINE#         171
  C:39DAH         LINE#         172
  C:39DAH         LINE#         173
  -------         ENDPROC       _DAY_OF_YEAR
  -------         ENDMOD        PCF85063BTL

  -------         MODULE        UART1
  C:0000H         SYMBOL        _ICE_DUMMY_
  D:0080H         PUBLIC        P0
  D:0090H         PUBLIC        P1
  D:00A0H         PUBLIC        P2
  D:00B0H         PUBLIC        P3
  D:00C0H         PUBLIC        P4
  D:00C8H         PUBLIC        P5
  B:00A8H.7       PUBLIC        EA
BL51 BANKED LINKER/LOCATER V6.22                                                      03/28/2019  11:57:32  PAGE 13


  D:00E8H         PUBLIC        P6
  D:00F8H         PUBLIC        P7
  C:3DFAH         PUBLIC        _SendString
  D:00A8H         PUBLIC        IE
  B:00A8H.4       PUBLIC        ES
  D:00B8H         PUBLIC        IP
  C:400FH         PUBLIC        _ASCIItoBCD
  C:3F67H         PUBLIC        _SendBCDValtoUART
  D:00D8H         PUBLIC        CCON
  C:409BH         PUBLIC        initUART1
  D:0099H         PUBLIC        SBUF
  D:0098H         PUBLIC        SCON
  D:0088H         PUBLIC        TCON
  C:4136H         PUBLIC        _DectoBCD
  C:4130H         PUBLIC        _ASCII_Letter
  D:008EH         PUBLIC        AUXR
  C:412BH         PUBLIC        _unit
  D:00E0H         PUBLIC        ACC
  C:411FH         PUBLIC        _ten
  D:00D6H         PUBLIC        T2H
  D:00D7H         PUBLIC        T2L
  C:3BCFH         PUBLIC        _SendDecValtoUART
  C:2418H         PUBLIC        _SendSPIDataToUART
  D:00D0H         PUBLIC        PSW
  C:40EAH         PUBLIC        _SendUART1
  -------         PROC          INITUART1
  C:409BH         LINE#         21
  C:409BH         LINE#         22
  C:409BH         LINE#         23
  C:409EH         LINE#         24
  C:40A1H         LINE#         25
  C:40A4H         LINE#         26
  C:40A7H         LINE#         27
  C:40A9H         LINE#         28
  C:40ABH         LINE#         30
  -------         ENDPROC       INITUART1
  -------         PROC          _SENDSTRING
  X:035FH         SYMBOL        s
  C:3DFAH         LINE#         35
  C:3E05H         LINE#         36
  C:3E05H         LINE#         37
  C:3E15H         LINE#         38
  C:3E15H         LINE#         39
  C:3E2AH         LINE#         40
  C:3E2CH         LINE#         41
  -------         ENDPROC       _SENDSTRING
  -------         PROC          _TEN
  D:0007H         SYMBOL        BCD
  C:411FH         LINE#         43
  C:411FH         LINE#         44
  C:411FH         LINE#         45
  C:4124H         LINE#         46
  -------         ENDPROC       _TEN
  -------         PROC          _UNIT
  D:0007H         SYMBOL        BCD
  C:412BH         LINE#         47
  C:412BH         LINE#         48
BL51 BANKED LINKER/LOCATER V6.22                                                      03/28/2019  11:57:32  PAGE 14


  C:412BH         LINE#         52
  C:412FH         LINE#         53
  -------         ENDPROC       _UNIT
  -------         PROC          _DECTOBCD
  D:0007H         SYMBOL        dec
  C:4136H         LINE#         54
  C:4136H         LINE#         55
  C:4136H         LINE#         57
  C:4136H         LINE#         58
  -------         ENDPROC       _DECTOBCD
  -------         PROC          _ASCII_LETTER
  D:0007H         SYMBOL        dat
  C:4130H         LINE#         60
  C:4130H         LINE#         61
  C:4130H         LINE#         63
  C:4134H         LINE#         64
  -------         ENDPROC       _ASCII_LETTER
  -------         PROC          _ASCIITOBCD
  D:0001H         SYMBOL        ascii
  -------         DO            
  D:0007H         SYMBOL        dec_val
  D:0006H         SYMBOL        ten
  D:0007H         SYMBOL        unit
  -------         ENDDO         
  C:400FH         LINE#         66
  C:400FH         LINE#         67
  C:400FH         LINE#         69
  C:4012H         LINE#         70
  C:4018H         LINE#         71
  C:401FH         LINE#         72
  C:4025H         LINE#         74
  -------         ENDPROC       _ASCIITOBCD
  -------         PROC          _SENDDECVALTOUART
  D:0003H         SYMBOL        dat
  -------         DO            
  D:0002H         SYMBOL        hundred
  X:035FH         SYMBOL        ten
  X:0360H         SYMBOL        unit
  -------         ENDDO         
  C:3BCFH         LINE#         76
  C:3BD1H         LINE#         77
  C:3BD1H         LINE#         79
  C:3BD7H         LINE#         80
  C:3BF0H         LINE#         81
  C:3C05H         LINE#         82
  C:3C0AH         LINE#         83
  C:3C14H         LINE#         84
  -------         ENDPROC       _SENDDECVALTOUART
  C:3F62H         SYMBOL        L?0043
  -------         PROC          L?0042
  -------         ENDPROC       L?0042
  C:3F62H         SYMBOL        L?0043
  -------         PROC          _SENDBCDVALTOUART
  D:0007H         SYMBOL        dat
  -------         DO            
  D:0006H         SYMBOL        ten
  X:035FH         SYMBOL        unit
BL51 BANKED LINKER/LOCATER V6.22                                                      03/28/2019  11:57:32  PAGE 15


  -------         ENDDO         
  C:3F67H         LINE#         88
  C:3F67H         LINE#         89
  C:3F67H         LINE#         91
  C:3F6CH         LINE#         92
  C:3F73H         LINE#         93
  C:3F78H         LINE#         94
  -------         ENDPROC       _SENDBCDVALTOUART
  -------         PROC          _SENDSPIDATATOUART
  X:035AH         SYMBOL        dat
  X:035BH         SYMBOL        adr
  C:2418H         LINE#         98
  C:241DH         LINE#         99
  C:241DH         LINE#         101
  C:2446H         LINE#         102
  C:2446H         LINE#         104
  C:244FH         LINE#         105
  C:2457H         LINE#         106
  C:2457H         LINE#         107
  C:245AH         LINE#         109
  C:24B5H         LINE#         110
  C:24B5H         LINE#         111
  C:24BDH         LINE#         112
  C:24E8H         LINE#         113
  C:24E8H         LINE#         114
  C:253AH         LINE#         115
  C:2543H         LINE#         117
  C:2549H         LINE#         118
  C:254CH         LINE#         119
  C:257AH         LINE#         120
  C:257AH         LINE#         121
  C:2580H         LINE#         122
  C:2580H         LINE#         124
  C:2583H         LINE#         126
  C:25B3H         LINE#         127
  C:25B3H         LINE#         128
  C:25DDH         LINE#         129
  C:25DDH         LINE#         130
  C:25E6H         LINE#         132
  C:25E9H         LINE#         133
  C:25EFH         LINE#         134
  C:25F2H         LINE#         135
  C:261FH         LINE#         136
  C:261FH         LINE#         137
  C:2622H         LINE#         138
  C:2628H         LINE#         139
  C:262BH         LINE#         140
  C:2658H         LINE#         141
  C:2658H         LINE#         142
  C:265BH         LINE#         143
  C:2661H         LINE#         144
  C:2663H         LINE#         145
  C:2693H         LINE#         146
  C:2693H         LINE#         147
  C:2698H         LINE#         148
  C:269EH         LINE#         149
  C:26A0H         LINE#         151
BL51 BANKED LINKER/LOCATER V6.22                                                      03/28/2019  11:57:32  PAGE 16


  C:26A0H         LINE#         152
  C:26A5H         LINE#         153
  C:26AEH         LINE#         154
  C:26AEH         LINE#         155
  C:26AEH         LINE#         156
  -------         ENDPROC       _SENDSPIDATATOUART
  -------         PROC          L?0044
  -------         ENDPROC       L?0044
  -------         PROC          _SENDUART1
  D:0007H         SYMBOL        dat
  C:40EAH         LINE#         158
  C:40EAH         LINE#         159
  C:40EAH         LINE#         160
  C:40EDH         LINE#         161
  C:40EFH         LINE#         162
  C:40F0H         LINE#         163
  C:40F2H         LINE#         164
  -------         ENDPROC       _SENDUART1
  -------         ENDMOD        UART1

  -------         MODULE        LCD_DRIVER_SPLC780D
  C:0000H         SYMBOL        _ICE_DUMMY_
  D:0092H         PUBLIC        P1M0
  D:0091H         PUBLIC        P1M1
  D:0080H         PUBLIC        P0
  D:0090H         PUBLIC        P1
  D:00A0H         PUBLIC        P2
  D:00B0H         PUBLIC        P3
  D:00C0H         PUBLIC        P4
  D:00C8H         PUBLIC        P5
  D:00E8H         PUBLIC        P6
  D:00F8H         PUBLIC        P7
  C:39DBH         PUBLIC        _WriteData
  D:00A8H         PUBLIC        IE
  D:00B8H         PUBLIC        IP
  D:00D8H         PUBLIC        CCON
  B:00B0H.4       PUBLIC        LCD_D4
  B:00B0H.5       PUBLIC        LCD_D5
  B:00B0H.6       PUBLIC        LCD_D6
  C:3FBFH         PUBLIC        _DisplayLCD
  B:00B0H.7       PUBLIC        LCD_D7
  D:0098H         PUBLIC        SCON
  D:0088H         PUBLIC        TCON
  C:4115H         PUBLIC        LCD_clear
  C:3D3FH         PUBLIC        _Command
  C:000EH         PUBLIC        _Display_Line
  C:3B76H         PUBLIC        LCD_Init
  C:3F04H         PUBLIC        _Wait_ms
  B:00C0H.0       PUBLIC        LCD_RS
  B:00B0H.2       PUBLIC        LCD_RW
  C:410BH         PUBLIC        LCD_return_home
  B:00B0H.3       PUBLIC        LCD_E
  D:00D0H         PUBLIC        PSW
  -------         PROC          LCD_INIT
  C:3B76H         LINE#         9
  C:3B76H         LINE#         10
  C:3B76H         LINE#         11
BL51 BANKED LINKER/LOCATER V6.22                                                      03/28/2019  11:57:32  PAGE 17


  C:3B79H         LINE#         12
  C:3B7CH         LINE#         14
  C:3B82H         LINE#         15
  C:3B87H         LINE#         17
  C:3B8EH         LINE#         18
  C:3B93H         LINE#         20
  C:3B96H         LINE#         21
  C:3B9BH         LINE#         23
  C:3B9EH         LINE#         24
  C:3BA3H         LINE#         26
  C:3BAAH         LINE#         29
  C:3BAFH         LINE#         30
  C:3BB4H         LINE#         32
  C:3BB9H         LINE#         33
  C:3BBEH         LINE#         35
  C:3BC3H         LINE#         36
  C:3BC8H         LINE#         37
  -------         ENDPROC       LCD_INIT
  -------         PROC          _WRITEDATA
  X:042CH         SYMBOL        dat
  C:39DBH         LINE#         40
  C:39E0H         LINE#         41
  C:39E0H         LINE#         46
  C:39E2H         LINE#         47
  C:39E4H         LINE#         49
  C:39F2H         LINE#         50
  C:39FEH         LINE#         51
  C:3A0AH         LINE#         52
  C:3A14H         LINE#         53
  C:3A16H         LINE#         54
  C:3A1DH         LINE#         55
  C:3A1FH         LINE#         57
  C:3A2FH         LINE#         58
  C:3A3AH         LINE#         59
  C:3A44H         LINE#         60
  C:3A48H         LINE#         62
  C:3A48H         LINE#         63
  C:3A4BH         LINE#         64
  C:3A4DH         LINE#         65
  C:3A4FH         LINE#         67
  -------         ENDPROC       _WRITEDATA
  -------         PROC          _COMMAND
  D:0007H         SYMBOL        dat
  C:3D3FH         LINE#         69
  C:3D3FH         LINE#         70
  C:3D3FH         LINE#         71
  C:3D41H         LINE#         72
  C:3D43H         LINE#         74
  C:3D4DH         LINE#         75
  C:3D51H         LINE#         77
  C:3D53H         LINE#         78
  C:3D5CH         LINE#         79
  C:3D60H         LINE#         81
  C:3D62H         LINE#         82
  C:3D69H         LINE#         83
  C:3D6DH         LINE#         85
  C:3D6FH         LINE#         86
BL51 BANKED LINKER/LOCATER V6.22                                                      03/28/2019  11:57:32  PAGE 18


  C:3D73H         LINE#         87
  C:3D77H         LINE#         89
  C:3D79H         LINE#         90
  C:3D79H         LINE#         91
  C:3D7CH         LINE#         92
  C:3D7EH         LINE#         93
  -------         ENDPROC       _COMMAND
  C:3F00H         SYMBOL        L?0028
  -------         PROC          L?0027
  -------         ENDPROC       L?0027
  C:3F00H         SYMBOL        L?0028
  -------         PROC          _WAIT_MS
  D:0006H         SYMBOL        ms
  -------         DO            
  D:0004H         SYMBOL        De_Cnt
  -------         ENDDO         
  C:3F04H         LINE#         95
  C:3F04H         LINE#         96
  C:3F04H         LINE#         98
  C:3F0EH         LINE#         99
  C:3F0EH         LINE#         100
  C:3F21H         LINE#         101
  C:3F21H         LINE#         102
  -------         ENDPROC       _WAIT_MS
  -------         PROC          _DISPLAYLCD
  D:0007H         SYMBOL        BCD
  -------         DO            
  D:0006H         SYMBOL        first_digit
  X:042DH         SYMBOL        second_digit
  -------         ENDDO         
  C:3FBFH         LINE#         103
  C:3FBFH         LINE#         104
  C:3FBFH         LINE#         106
  C:3FC6H         LINE#         107
  C:3FCFH         LINE#         109
  C:3FD4H         LINE#         111
  -------         ENDPROC       _DISPLAYLCD
  -------         PROC          LCD_RETURN_HOME
  C:410BH         LINE#         115
  C:410BH         LINE#         116
  C:410BH         LINE#         117
  C:4110H         LINE#         118
  -------         ENDPROC       LCD_RETURN_HOME
  -------         PROC          LCD_CLEAR
  C:4115H         LINE#         121
  C:4115H         LINE#         122
  C:4115H         LINE#         123
  C:411AH         LINE#         124
  -------         ENDPROC       LCD_CLEAR
  -------         PROC          _DISPLAY_LINE
  D:0006H         SYMBOL        line
  C:000EH         LINE#         128
  C:000EH         LINE#         129
  C:000EH         LINE#         130
  C:0014H         LINE#         131
  C:0014H         LINE#         132
  C:0016H         LINE#         133
BL51 BANKED LINKER/LOCATER V6.22                                                      03/28/2019  11:57:32  PAGE 19


  C:0016H         LINE#         134
  C:0018H         LINE#         136
  C:0018H         LINE#         137
  C:001DH         LINE#         138
  C:0022H         LINE#         139
  C:0022H         LINE#         140
  -------         ENDPROC       _DISPLAY_LINE
  -------         ENDMOD        LCD_DRIVER_SPLC780D

  -------         MODULE        KEYPAD
  C:0000H         SYMBOL        _ICE_DUMMY_
  D:0093H         PUBLIC        P0M1
  D:0080H         PUBLIC        P0
  D:0090H         PUBLIC        P1
  D:00A0H         PUBLIC        P2
  D:00B0H         PUBLIC        P3
  D:00C0H         PUBLIC        P4
  D:00C8H         PUBLIC        P5
  B:0020H.0       PUBLIC        calib_mode
  D:00E8H         PUBLIC        P6
  D:00F8H         PUBLIC        P7
  D:00A8H         PUBLIC        IE
  C:2880H         PUBLIC        Key_Scan
  D:00B8H         PUBLIC        IP
  D:00D8H         PUBLIC        CCON
  C:40F3H         PUBLIC        KeyPad_IO_Init
  C:3FA1H         PUBLIC        _Delay_ms
  D:0098H         PUBLIC        SCON
  D:0088H         PUBLIC        TCON
  B:0020H.1       PUBLIC        small_move
  B:0020H.2       PUBLIC        move
  B:0020H.3       PUBLIC        direction
  B:0020H.4       PUBLIC        auto_move
  C:2178H         PUBLIC        Key_Process
  D:00D0H         PUBLIC        PSW
  D:0094H         PUBLIC        P0M0
  -------         PROC          _DELAY_MS
  D:0006H         SYMBOL        ms
  -------         DO            
  D:0004H         SYMBOL        De_Cnt
  -------         ENDDO         
  C:3FA1H         LINE#         19
  C:3FA1H         LINE#         20
  C:3FA1H         LINE#         22
  C:3FABH         LINE#         23
  C:3FABH         LINE#         24
  C:3FBEH         LINE#         25
  C:3FBEH         LINE#         26
  -------         ENDPROC       _DELAY_MS
  -------         PROC          KEY_SCAN
  -------         DO            
  X:041FH         SYMBOL        KeyTemp1
  X:0420H         SYMBOL        KeyTemp2
  X:0421H         SYMBOL        KeyValue
  -------         ENDDO         
  C:2880H         LINE#         27
  C:2880H         LINE#         28
BL51 BANKED LINKER/LOCATER V6.22                                                      03/28/2019  11:57:32  PAGE 20


  C:2880H         LINE#         33
  C:2883H         LINE#         36
  C:2886H         LINE#         38
  C:288EH         LINE#         39
  C:2895H         LINE#         40
  C:2895H         LINE#         42
  C:289AH         LINE#         43
  C:28A1H         LINE#         44
  C:28A1H         LINE#         47
  C:28A4H         LINE#         48
  C:28A7H         LINE#         49
  C:28ACH         LINE#         50
  C:28B0H         LINE#         51
  C:28B0H         LINE#         52
  C:28B8H         LINE#         53
  C:28B8H         LINE#         54
  C:28BBH         LINE#         55
  C:28C3H         LINE#         56
  C:28C5H         LINE#         58
  C:28D9H         LINE#         59
  C:28D9H         LINE#         60
  C:28D9H         LINE#         61
  C:28D9H         LINE#         62
  C:28DFH         LINE#         64
  C:28E1H         LINE#         65
  C:28E1H         LINE#         66
  C:28E1H         LINE#         67
  C:28E7H         LINE#         69
  C:28E9H         LINE#         70
  C:28E9H         LINE#         71
  C:28E9H         LINE#         72
  C:28EFH         LINE#         74
  C:28F1H         LINE#         75
  C:28F1H         LINE#         76
  C:28F1H         LINE#         77
  C:28F7H         LINE#         79
  C:28F7H         LINE#         80
  C:28F7H         LINE#         81
  C:28F7H         LINE#         84
  C:28FAH         LINE#         85
  C:28FDH         LINE#         86
  C:2905H         LINE#         87
  C:2909H         LINE#         88
  C:2909H         LINE#         89
  C:2911H         LINE#         90
  C:2911H         LINE#         91
  C:2914H         LINE#         92
  C:291CH         LINE#         93
  C:291EH         LINE#         94
  C:2932H         LINE#         95
  C:2932H         LINE#         96
  C:2932H         LINE#         97
  C:2932H         LINE#         98
  C:2938H         LINE#         100
  C:293AH         LINE#         101
  C:293AH         LINE#         102
  C:293AH         LINE#         103
BL51 BANKED LINKER/LOCATER V6.22                                                      03/28/2019  11:57:32  PAGE 21


  C:2940H         LINE#         105
  C:2942H         LINE#         106
  C:2942H         LINE#         107
  C:2942H         LINE#         108
  C:2948H         LINE#         110
  C:294AH         LINE#         111
  C:294AH         LINE#         112
  C:294AH         LINE#         113
  C:294FH         LINE#         115
  C:294FH         LINE#         116
  C:294FH         LINE#         117
  C:294FH         LINE#         120
  C:2952H         LINE#         121
  C:2955H         LINE#         122
  C:295DH         LINE#         123
  C:2961H         LINE#         124
  C:2961H         LINE#         125
  C:2969H         LINE#         126
  C:2969H         LINE#         127
  C:296CH         LINE#         128
  C:2974H         LINE#         129
  C:2976H         LINE#         130
  C:298AH         LINE#         131
  C:298AH         LINE#         132
  C:298AH         LINE#         133
  C:298AH         LINE#         134
  C:2990H         LINE#         136
  C:2992H         LINE#         137
  C:2992H         LINE#         138
  C:2992H         LINE#         139
  C:2998H         LINE#         141
  C:299AH         LINE#         142
  C:299AH         LINE#         143
  C:299AH         LINE#         144
  C:29A0H         LINE#         146
  C:29A2H         LINE#         147
  C:29A2H         LINE#         148
  C:29A2H         LINE#         149
  C:29A8H         LINE#         151
  C:29A8H         LINE#         152
  C:29A8H         LINE#         153
  C:29A8H         LINE#         157
  C:29ABH         LINE#         158
  C:29AEH         LINE#         159
  C:29B6H         LINE#         160
  C:29BAH         LINE#         161
  C:29BAH         LINE#         162
  C:29C2H         LINE#         163
  C:29C2H         LINE#         164
  C:29C5H         LINE#         165
  C:29CDH         LINE#         166
  C:29CFH         LINE#         167
  C:29E3H         LINE#         168
  C:29E3H         LINE#         169
  C:29E3H         LINE#         170
  C:29E3H         LINE#         171
  C:29E9H         LINE#         173
BL51 BANKED LINKER/LOCATER V6.22                                                      03/28/2019  11:57:32  PAGE 22


  C:29EBH         LINE#         174
  C:29EBH         LINE#         175
  C:29EBH         LINE#         176
  C:29F1H         LINE#         178
  C:29F3H         LINE#         179
  C:29F3H         LINE#         180
  C:29F3H         LINE#         181
  C:29F9H         LINE#         183
  C:29FBH         LINE#         184
  C:29FBH         LINE#         185
  C:29FBH         LINE#         186
  C:2A01H         LINE#         188
  C:2A01H         LINE#         189
  C:2A01H         LINE#         190
  C:2A01H         LINE#         192
  C:2A07H         LINE#         193
  C:2A07H         LINE#         195
  C:2A07H         LINE#         196
  C:2A0AH         LINE#         197
  C:2A0AH         LINE#         198
  C:2A0AH         LINE#         200
  C:2A0AH         LINE#         201
  C:2A0CH         LINE#         202
  C:2A0CH         LINE#         203
  -------         ENDPROC       KEY_SCAN
  -------         PROC          KEY_PROCESS
  -------         DO            
  X:03DFH         SYMBOL        KeyCount
  X:03E1H         SYMBOL        KeyNum_Old
  X:03E2H         SYMBOL        KeyNum
  X:03E3H         SYMBOL        PressedKey
  X:03F8H         SYMBOL        d
  D:0004H         SYMBOL        hours
  D:0006H         SYMBOL        mins
  X:03FAH         SYMBOL        months
  X:03FCH         SYMBOL        days
  -------         ENDDO         
  C:2178H         LINE#         204
  C:2178H         LINE#         205
  C:2178H         LINE#         209
  C:2180H         LINE#         210
  C:2188H         LINE#         212
  C:218BH         LINE#         213
  C:218BH         LINE#         214
  C:218EH         LINE#         216
  C:218EH         LINE#         217
  C:219BH         LINE#         218
  C:219BH         LINE#         219
  C:219EH         LINE#         220
  C:21A1H         LINE#         222
  C:21A4H         LINE#         224
  C:21A4H         LINE#         225
  C:21AFH         LINE#         226
  C:21AFH         LINE#         227
  C:21B2H         LINE#         229
  C:21B2H         LINE#         230
  C:21B9H         LINE#         231
BL51 BANKED LINKER/LOCATER V6.22                                                      03/28/2019  11:57:32  PAGE 23


  C:21B9H         LINE#         232
  C:21BCH         LINE#         234
  C:21BCH         LINE#         235
  C:21C4H         LINE#         236
  C:21C4H         LINE#         237
  C:21CEH         LINE#         238
  C:21D6H         LINE#         240
  C:21DFH         LINE#         242
  C:21DFH         LINE#         251
  C:21F4H         LINE#         252
  C:21F4H         LINE#         253
  C:2206H         LINE#         254
  C:2214H         LINE#         255
  C:2223H         LINE#         256
  C:2223H         LINE#         258
  C:2229H         LINE#         262
  C:223FH         LINE#         263
  C:2250H         LINE#         264
  C:226BH         LINE#         265
  C:226BH         LINE#         266
  C:227BH         LINE#         267
  C:228CH         LINE#         268
  C:228CH         LINE#         272
  C:22A5H         LINE#         273
  C:22BCH         LINE#         274
  C:22DCH         LINE#         275
  C:22DCH         LINE#         276
  C:22E6H         LINE#         277
  C:22E6H         LINE#         278
  C:22EFH         LINE#         279
  C:22EFH         LINE#         280
  C:2303H         LINE#         281
  C:2303H         LINE#         282
  C:2303H         LINE#         283
  C:2303H         LINE#         284
  C:2303H         LINE#         285
  C:2305H         LINE#         287
  C:2305H         LINE#         288
  C:2311H         LINE#         289
  C:2311H         LINE#         290
  C:2322H         LINE#         291
  C:2322H         LINE#         292
  C:2322H         LINE#         293
  C:2322H         LINE#         294
  C:2322H         LINE#         296
  C:2324H         LINE#         298
  C:2324H         LINE#         299
  C:2335H         LINE#         300
  C:2335H         LINE#         301
  C:2335H         LINE#         302
  C:2335H         LINE#         303
  C:2335H         LINE#         305
  C:2335H         LINE#         307
  C:2335H         LINE#         308
  C:2337H         LINE#         310
  C:2337H         LINE#         311
  C:234AH         LINE#         312
BL51 BANKED LINKER/LOCATER V6.22                                                      03/28/2019  11:57:32  PAGE 24


  C:234AH         LINE#         313
  C:235BH         LINE#         314
  C:235BH         LINE#         315
  C:235BH         LINE#         316
  C:235BH         LINE#         317
  C:235BH         LINE#         318
  C:235DH         LINE#         320
  C:235DH         LINE#         321
  C:236EH         LINE#         322
  C:236EH         LINE#         323
  C:237FH         LINE#         324
  C:2390H         LINE#         325
  C:2390H         LINE#         326
  C:2390H         LINE#         327
  C:2390H         LINE#         328
  C:2390H         LINE#         329
  C:2393H         LINE#         330
  C:2398H         LINE#         331
  C:239DH         LINE#         332
  C:23A2H         LINE#         333
  C:23A7H         LINE#         334
  C:23ACH         LINE#         335
  C:23B1H         LINE#         336
  C:23B6H         LINE#         337
  C:23B6H         LINE#         339
  C:23D8H         LINE#         340
  C:23D8H         LINE#         341
  C:23E2H         LINE#         342
  C:23E2H         LINE#         343
  C:23E7H         LINE#         344
  C:23F0H         LINE#         345
  C:2407H         LINE#         346
  C:2407H         LINE#         347
  C:2417H         LINE#         349
  C:2417H         LINE#         353
  -------         ENDPROC       KEY_PROCESS
  -------         PROC          KEYPAD_IO_INIT
  C:40F3H         LINE#         356
  C:40F3H         LINE#         357
  C:40F3H         LINE#         358
  C:40F6H         LINE#         359
  C:40F9H         LINE#         360
  C:40FCH         LINE#         361
  C:40FEH         LINE#         362
  -------         ENDPROC       KEYPAD_IO_INIT
  -------         ENDMOD        KEYPAD

  -------         MODULE        BIPOLARMOTOR
  C:0000H         SYMBOL        _ICE_DUMMY_
  D:0080H         PUBLIC        P0
  D:0090H         PUBLIC        P1
  D:00A0H         PUBLIC        P2
  D:00B0H         PUBLIC        P3
  D:00C0H         PUBLIC        P4
  D:00C8H         PUBLIC        P5
  D:00E8H         PUBLIC        P6
  D:00F8H         PUBLIC        P7
BL51 BANKED LINKER/LOCATER V6.22                                                      03/28/2019  11:57:32  PAGE 25


  X:00D4H         PUBLIC        low_date_azimuth_mapping
  D:00A8H         PUBLIC        IE
  C:32F6H         PUBLIC        linear_interpolate
  C:3EAFH         PUBLIC        _Move
  D:00B8H         PUBLIC        IP
  C:26E2H         PUBLIC        _findDet3x3
  C:1C07H         PUBLIC        _findDet4x4
  D:00D8H         PUBLIC        CCON
  X:00FCH         PUBLIC        previous_move_time
  D:0098H         PUBLIC        SCON
  D:0088H         PUBLIC        TCON
  C:4137H         PUBLIC        wait
  C:3D7FH         PUBLIC        _Step_move
  X:00FDH         PUBLIC        dat
  C:0026H         PUBLIC        _Update_position
  C:3C1EH         PUBLIC        vOneStepMove
  X:0103H         PUBLIC        elevation_stamp
  X:013FH         PUBLIC        date_azimuth_mapping
  X:0167H         PUBLIC        RX_pos
  C:3FE6H         PUBLIC        _BCDtoDec1
  X:0177H         PUBLIC        degree
  D:00D0H         PUBLIC        PSW
  -------         PROC          L?0066
  -------         ENDPROC       L?0066
  -------         PROC          _BCDTODEC1
  D:0007H         SYMBOL        bcd
  -------         DO            
  D:0006H         SYMBOL        hi
  D:0007H         SYMBOL        lo
  -------         ENDDO         
  C:3FE6H         LINE#         28
  C:3FE6H         LINE#         29
  C:3FE6H         LINE#         31
  C:3FEBH         LINE#         32
  C:3FEFH         LINE#         33
  C:3FF6H         LINE#         34
  -------         ENDPROC       _BCDTODEC1
  -------         PROC          WAIT
  C:4137H         LINE#         36
  C:4137H         LINE#         38
  -------         ENDPROC       WAIT
  -------         PROC          VONESTEPMOVE
  B:0021H.0       SYMBOL        bDir
  C:3C1EH         LINE#         40
  C:3C1EH         LINE#         41
  C:3C1EH         LINE#         43
  C:3C24H         LINE#         44
  C:3C24H         LINE#         45
  C:3C27H         LINE#         46
  C:3C30H         LINE#         47
  C:3C37H         LINE#         48
  C:3C3CH         LINE#         49
  C:3C3CH         LINE#         50
  C:3C3CH         LINE#         52
  C:3C3EH         LINE#         55
  C:3C3EH         LINE#         56
  C:3C41H         LINE#         57
BL51 BANKED LINKER/LOCATER V6.22                                                      03/28/2019  11:57:32  PAGE 26


  C:3C4AH         LINE#         58
  C:3C51H         LINE#         59
  C:3C57H         LINE#         60
  C:3C60H         LINE#         61
  C:3C67H         LINE#         62
  C:3C67H         LINE#         66
  -------         ENDPROC       VONESTEPMOVE
  -------         PROC          _STEP_MOVE
  X:0407H         SYMBOL        step
  B:0021H.1       SYMBOL        dir
  -------         DO            
  X:0409H         SYMBOL        i
  -------         ENDDO         
  C:3D7FH         LINE#         68
  C:3D87H         LINE#         69
  C:3D87H         LINE#         71
  C:3D8CH         LINE#         74
  C:3DA7H         LINE#         75
  C:3DA7H         LINE#         76
  C:3DAEH         LINE#         78
  C:3DBEH         LINE#         80
  -------         ENDPROC       _STEP_MOVE
  -------         PROC          _MOVE
  X:040BH         SYMBOL        distance
  B:0021H.2       SYMBOL        direction
  -------         DO            
  D:0006H         SYMBOL        step
  -------         ENDDO         
  C:3EAFH         LINE#         82
  C:3EB5H         LINE#         83
  C:3EB5H         LINE#         86
  C:3ED0H         LINE#         87
  -------         ENDPROC       _MOVE
  C:26C3H         SYMBOL        L?0062
  C:26D7H         SYMBOL        L?0063
  -------         PROC          L?0061
  -------         ENDPROC       L?0061
  C:26C3H         SYMBOL        L?0062
  C:26D7H         SYMBOL        L?0063
  -------         PROC          _FINDDET3X3
  X:0362H         SYMBOL        a11
  X:0366H         SYMBOL        a12
  X:036AH         SYMBOL        a13
  X:036EH         SYMBOL        a21
  X:0372H         SYMBOL        a22
  X:0376H         SYMBOL        a23
  X:037AH         SYMBOL        a31
  X:037EH         SYMBOL        a32
  X:0382H         SYMBOL        a33
  C:26E2H         LINE#         91
  C:26E8H         LINE#         95
  C:26E8H         LINE#         96
  C:287FH         LINE#         98
  -------         ENDPROC       _FINDDET3X3
  -------         PROC          _FINDDET4X4
  X:02FBH         SYMBOL        a11
  X:02FFH         SYMBOL        a12
BL51 BANKED LINKER/LOCATER V6.22                                                      03/28/2019  11:57:32  PAGE 27


  X:0303H         SYMBOL        a13
  X:0307H         SYMBOL        a14
  X:030BH         SYMBOL        a21
  X:030FH         SYMBOL        a22
  X:0313H         SYMBOL        a23
  X:0317H         SYMBOL        a24
  X:031BH         SYMBOL        a31
  X:031FH         SYMBOL        a32
  X:0323H         SYMBOL        a33
  X:0327H         SYMBOL        a34
  X:032BH         SYMBOL        a41
  X:032FH         SYMBOL        a42
  X:0333H         SYMBOL        a43
  X:0337H         SYMBOL        a44
  C:1C07H         LINE#         99
  C:1C0DH         LINE#         103
  C:1C0DH         LINE#         110
  C:1EC6H         LINE#         114
  -------         ENDPROC       _FINDDET4X4
  C:32E5H         SYMBOL        L?0065
  -------         PROC          L?0064
  -------         ENDPROC       L?0064
  C:32E5H         SYMBOL        L?0065
  -------         PROC          LINEAR_INTERPOLATE
  X:039EH         SYMBOL        p1
  X:03A6H         SYMBOL        p2
  X:03AEH         SYMBOL        x
  -------         DO            
  D:0004H         SYMBOL        fx
  -------         ENDDO         
  C:32F6H         LINE#         120
  C:32F6H         LINE#         121
  C:32F6H         LINE#         124
  C:3395H         LINE#         126
  C:3395H         LINE#         127
  -------         ENDPROC       LINEAR_INTERPOLATE
  -------         PROC          _UPDATE_POSITION
  D:0001H         SYMBOL        mnths
  D:0002H         SYMBOL        dys
  X:017DH         SYMBOL        hurs
  X:017EH         SYMBOL        mns
  X:017FH         SYMBOL        sconds
  X:0180H         SYMBOL        currnt_pos
  X:0183H         SYMBOL        offset_calib
  -------         DO            
  X:0187H         SYMBOL        date
  X:0189H         SYMBOL        i
  X:018BH         SYMBOL        yy
  X:018DH         SYMBOL        desired_distance
  X:0191H         SYMBOL        distance
  X:0195H         SYMBOL        JP_pos
  X:0199H         SYMBOL        pos_interpolate_azimuth
  X:01D5H         SYMBOL        current_local_sun_time
  X:01D9H         SYMBOL        azimuth
  X:01DDH         SYMBOL        elevation
  X:01E1H         SYMBOL        time_offset
  X:01E5H         SYMBOL        UTC_time
BL51 BANKED LINKER/LOCATER V6.22                                                      03/28/2019  11:57:32  PAGE 28


  X:01E9H         SYMBOL        declination
  X:01EDH         SYMBOL        p1
  X:01F5H         SYMBOL        p2
  X:01FDH         SYMBOL        time
  X:020FH         SYMBOL        location
  X:0217H         SYMBOL        sunCoord
  -------         ENDDO         
  C:0026H         LINE#         131
  C:002FH         LINE#         134
  C:002FH         LINE#         135
  C:003AH         LINE#         137
  C:0056H         LINE#         138
  C:0060H         LINE#         146
  C:006AH         LINE#         147
  C:0074H         LINE#         148
  C:007EH         LINE#         149
  C:0089H         LINE#         150
  C:0094H         LINE#         151
  C:00ADH         LINE#         152
  C:00BEH         LINE#         153
  C:00CDH         LINE#         156
  C:00E1H         LINE#         160
  C:0133H         LINE#         161
  C:0297H         LINE#         162
  C:02E7H         LINE#         164
  C:040FH         LINE#         166
  C:04DEH         LINE#         173
  C:0525H         LINE#         174
  C:0525H         LINE#         176
  C:053FH         LINE#         177
  C:053FH         LINE#         178
  C:05AFH         LINE#         179
  C:05AFH         LINE#         180
  C:05B6H         LINE#         181
  C:05B6H         LINE#         182
  C:05E3H         LINE#         183
  C:05FEH         LINE#         185
  C:0645H         LINE#         186
  C:0679H         LINE#         188
  C:06BFH         LINE#         189
  C:06E2H         LINE#         191
  C:06E2H         LINE#         193
  C:0758H         LINE#         194
  C:0758H         LINE#         195
  C:075FH         LINE#         196
  C:075FH         LINE#         197
  C:078CH         LINE#         198
  C:07A7H         LINE#         200
  C:07EEH         LINE#         201
  C:0822H         LINE#         203
  C:0868H         LINE#         204
  C:0888H         LINE#         206
  C:0888H         LINE#         207
  C:0899H         LINE#         210
  C:08B3H         LINE#         211
  C:08B3H         LINE#         212
  C:0923H         LINE#         213
BL51 BANKED LINKER/LOCATER V6.22                                                      03/28/2019  11:57:32  PAGE 29


  C:0923H         LINE#         214
  C:0950H         LINE#         215
  C:096BH         LINE#         217
  C:0998H         LINE#         218
  C:09B3H         LINE#         220
  C:09E5H         LINE#         223
  C:09E5H         LINE#         225
  C:09F6H         LINE#         227
  C:0A25H         LINE#         229
  C:0A4AH         LINE#         230
  C:0AAFH         LINE#         231
  C:0AAFH         LINE#         232
  C:0AC9H         LINE#         233
  C:0ADBH         LINE#         234
  C:0AF3H         LINE#         235
  C:0B09H         LINE#         237
  C:0B25H         LINE#         238
  C:0B25H         LINE#         239
  C:0B25H         LINE#         242
  -------         ENDPROC       _UPDATE_POSITION
  -------         ENDMOD        BIPOLARMOTOR

  -------         MODULE        SUNPOS
  C:0000H         SYMBOL        _ICE_DUMMY_
  C:1465H         PUBLIC        sunpos
  -------         PROC          SUNPOS
  X:029EH         SYMBOL        udtTime
  X:02B0H         SYMBOL        udtLocation
  X:02B8H         SYMBOL        udtSunCoordinates
  -------         DO            
  X:02BBH         SYMBOL        dElapsedJulianDays
  X:02BFH         SYMBOL        dDecimalHours
  X:02C3H         SYMBOL        dEclipticLongitude
  X:02C7H         SYMBOL        dEclipticObliquity
  X:02CBH         SYMBOL        dRightAscension
  X:02CFH         SYMBOL        dDeclination
  X:02D3H         SYMBOL        dY
  X:02D7H         SYMBOL        dX
  -------         DO            
  X:02DBH         SYMBOL        dJulianDate
  X:02DFH         SYMBOL        liAux1
  X:02E3H         SYMBOL        liAux2
  X:02DBH         SYMBOL        dMeanLongitude
  X:02DFH         SYMBOL        dMeanAnomaly
  X:02E3H         SYMBOL        dOmega
  X:02DBH         SYMBOL        dSin_EclipticLongitude
  X:02DBH         SYMBOL        dGreenwichMeanSiderealTime
  X:02DFH         SYMBOL        dLocalMeanSiderealTime
  X:02E3H         SYMBOL        dLatitudeInRadians
  X:02E7H         SYMBOL        dHourAngle
  X:02EBH         SYMBOL        dCos_Latitude
  X:02EFH         SYMBOL        dSin_Latitude
  X:02F3H         SYMBOL        dCos_HourAngle
  X:02F7H         SYMBOL        dParallax
  -------         ENDDO         
  -------         DO            
  X:02DBH         SYMBOL        dMeanLongitude
BL51 BANKED LINKER/LOCATER V6.22                                                      03/28/2019  11:57:32  PAGE 30


  X:02DFH         SYMBOL        dMeanAnomaly
  X:02E3H         SYMBOL        dOmega
  X:02DBH         SYMBOL        dSin_EclipticLongitude
  X:02DBH         SYMBOL        dGreenwichMeanSiderealTime
  X:02DFH         SYMBOL        dLocalMeanSiderealTime
  X:02E3H         SYMBOL        dLatitudeInRadians
  X:02E7H         SYMBOL        dHourAngle
  X:02EBH         SYMBOL        dCos_Latitude
  X:02EFH         SYMBOL        dSin_Latitude
  X:02F3H         SYMBOL        dCos_HourAngle
  X:02F7H         SYMBOL        dParallax
  -------         ENDDO         
  -------         DO            
  X:02DBH         SYMBOL        dSin_EclipticLongitude
  X:02DBH         SYMBOL        dGreenwichMeanSiderealTime
  X:02DFH         SYMBOL        dLocalMeanSiderealTime
  X:02E3H         SYMBOL        dLatitudeInRadians
  X:02E7H         SYMBOL        dHourAngle
  X:02EBH         SYMBOL        dCos_Latitude
  X:02EFH         SYMBOL        dSin_Latitude
  X:02F3H         SYMBOL        dCos_HourAngle
  X:02F7H         SYMBOL        dParallax
  -------         ENDDO         
  -------         DO            
  X:02DBH         SYMBOL        dGreenwichMeanSiderealTime
  X:02DFH         SYMBOL        dLocalMeanSiderealTime
  X:02E3H         SYMBOL        dLatitudeInRadians
  X:02E7H         SYMBOL        dHourAngle
  X:02EBH         SYMBOL        dCos_Latitude
  X:02EFH         SYMBOL        dSin_Latitude
  X:02F3H         SYMBOL        dCos_HourAngle
  X:02F7H         SYMBOL        dParallax
  -------         ENDDO         
  -------         ENDDO         
  C:1465H         LINE#         6
  C:1465H         LINE#         7
  C:1465H         LINE#         9
  C:1465H         LINE#         27
  C:14AFH         LINE#         30
  C:14D0H         LINE#         31
  C:1617H         LINE#         34
  C:1663H         LINE#         36
  C:1682H         LINE#         37
  C:1682H         LINE#         42
  C:1682H         LINE#         46
  C:16B4H         LINE#         47
  C:16DEH         LINE#         48
  C:1708H         LINE#         49
  C:17B5H         LINE#         52
  C:1816H         LINE#         54
  C:1816H         LINE#         59
  C:1816H         LINE#         61
  C:182DH         LINE#         62
  C:1855H         LINE#         63
  C:186CH         LINE#         64
  C:1897H         LINE#         65
  C:18CEH         LINE#         66
BL51 BANKED LINKER/LOCATER V6.22                                                      03/28/2019  11:57:32  PAGE 31


  C:18F9H         LINE#         67
  C:18F9H         LINE#         70
  C:18F9H         LINE#         79
  C:1934H         LINE#         82
  C:196EH         LINE#         84
  C:1993H         LINE#         85
  C:19B2H         LINE#         86
  C:19C9H         LINE#         87
  C:19E0H         LINE#         88
  C:19F7H         LINE#         89
  C:1A80H         LINE#         91
  C:1A9AH         LINE#         92
  C:1AFCH         LINE#         93
  C:1B32H         LINE#         94
  C:1B44H         LINE#         95
  C:1B71H         LINE#         96
  C:1B9EH         LINE#         98
  C:1BC0H         LINE#         100
  C:1BF8H         LINE#         103
  C:1BF8H         LINE#         104
  C:1C06H         LINE#         105
  -------         ENDPROC       SUNPOS
  -------         ENDMOD        SUNPOS

  -------         MODULE        ADC
  C:0000H         SYMBOL        _ICE_DUMMY_
  D:0092H         PUBLIC        P1M0
  D:0091H         PUBLIC        P1M1
  D:0080H         PUBLIC        P0
  D:0090H         PUBLIC        P1
  D:00A0H         PUBLIC        P2
  D:00B0H         PUBLIC        P3
  D:00C0H         PUBLIC        P4
  D:00C8H         PUBLIC        P5
  D:00E8H         PUBLIC        P6
  D:00F8H         PUBLIC        P7
  D:00A8H         PUBLIC        IE
  D:00BDH         PUBLIC        ADC_RES
  D:00B8H         PUBLIC        IP
  D:0097H         PUBLIC        CLK_DIV
  D:00D8H         PUBLIC        CCON
  D:00BCH         PUBLIC        ADC_CONTR
  D:0098H         PUBLIC        SCON
  D:0088H         PUBLIC        TCON
  B:00A0H.4       PUBLIC        P24
  B:00A0H.5       PUBLIC        P25
  B:00A0H.6       PUBLIC        P26
  C:3F82H         PUBLIC        ADC_Init
  C:3E2DH         PUBLIC        _ADC_GetResult
  D:009DH         PUBLIC        P1ASF
  D:00BEH         PUBLIC        ADC_RESL
  D:00D0H         PUBLIC        PSW
  -------         PROC          ADC_INIT
  C:3F82H         LINE#         7
  C:3F82H         LINE#         8
  C:3F82H         LINE#         10
  C:3F84H         LINE#         11
BL51 BANKED LINKER/LOCATER V6.22                                                      03/28/2019  11:57:32  PAGE 32


  C:3F86H         LINE#         12
  C:3F88H         LINE#         13
  C:3F8BH         LINE#         14
  C:3F8EH         LINE#         15
  C:3F91H         LINE#         16
  C:3F94H         LINE#         18
  C:3F96H         LINE#         19
  C:3F98H         LINE#         20
  C:3F9BH         LINE#         22
  -------         ENDPROC       ADC_INIT
  -------         PROC          _ADC_GETRESULT
  D:0007H         SYMBOL        ch
  -------         DO            
  D:0006H         SYMBOL        ADC_Value_H
  D:0004H         SYMBOL        ADC_Value_L
  D:0006H         SYMBOL        ADC_Value
  -------         ENDDO         
  C:3E2DH         LINE#         27
  C:3E2DH         LINE#         28
  C:3E2DH         LINE#         30
  C:3E32H         LINE#         31
  C:3E33H         LINE#         32
  C:3E34H         LINE#         33
  C:3E35H         LINE#         34
  C:3E36H         LINE#         35
  C:3E3BH         LINE#         36
  C:3E3EH         LINE#         37
  C:3E42H         LINE#         38
  C:3E46H         LINE#         40
  C:3E58H         LINE#         41
  C:3E58H         LINE#         42
  -------         ENDPROC       _ADC_GETRESULT
  -------         ENDMOD        ADC

  -------         MODULE        CALIBRATION
  C:0000H         SYMBOL        _ICE_DUMMY_
  D:0080H         PUBLIC        P0
  D:0090H         PUBLIC        P1
  D:00A0H         PUBLIC        P2
  D:00B0H         PUBLIC        P3
  D:00C0H         PUBLIC        P4
  D:00C8H         PUBLIC        P5
  D:00E8H         PUBLIC        P6
  D:00F8H         PUBLIC        P7
  C:379AH         PUBLIC        _Max_Value
  D:00A8H         PUBLIC        IE
  C:3114H         PUBLIC        _calibration
  C:3396H         PUBLIC        voltage_is_stable
  D:00B8H         PUBLIC        IP
  D:00D8H         PUBLIC        CCON
  D:0098H         PUBLIC        SCON
  D:0088H         PUBLIC        TCON
  C:1EC7H         PUBLIC        _Find_Real_Max
  D:00D0H         PUBLIC        PSW
  -------         PROC          VOLTAGE_IS_STABLE
  -------         DO            
  X:0386H         SYMBOL        sample_voltage
BL51 BANKED LINKER/LOCATER V6.22                                                      03/28/2019  11:57:32  PAGE 33


  X:039AH         SYMBOL        i
  X:039CH         SYMBOL        ch
  -------         ENDDO         
  C:3396H         LINE#         19
  C:3396H         LINE#         20
  C:3396H         LINE#         22
  C:339DH         LINE#         23
  C:33A3H         LINE#         24
  C:33A3H         LINE#         25
  C:33CCH         LINE#         26
  C:33EBH         LINE#         28
  C:3405H         LINE#         29
  C:3405H         LINE#         30
  C:3438H         LINE#         31
  C:343CH         LINE#         32
  C:344CH         LINE#         33
  C:3450H         LINE#         34
  -------         ENDPROC       VOLTAGE_IS_STABLE
  -------         PROC          _FIND_REAL_MAX
  X:021AH         SYMBOL        current_position
  -------         DO            
  X:021DH         SYMBOL        ch
  X:021EH         SYMBOL        calib_step_move
  X:0222H         SYMBOL        voltage_at_scanned_pos
  X:029AH         SYMBOL        max_location
  X:029CH         SYMBOL        i
  -------         ENDDO         
  C:1EC7H         LINE#         35
  C:1ED2H         LINE#         36
  C:1ED2H         LINE#         37
  C:1ED5H         LINE#         38
  C:1EDDH         LINE#         42
  C:1EF6H         LINE#         43
  C:1EF6H         LINE#         44
  C:1F0BH         LINE#         45
  C:1F1BH         LINE#         46
  C:1F22H         LINE#         47
  C:1F22H         LINE#         48
  C:1F2DH         LINE#         49
  C:1F2DH         LINE#         50
  C:1F40H         LINE#         51
  C:1F66H         LINE#         52
  C:1F8EH         LINE#         53
  C:1F91H         LINE#         55
  C:1F91H         LINE#         57
  C:1FA3H         LINE#         58
  C:1FC3H         LINE#         61
  C:1FEAH         LINE#         63
  C:2046H         LINE#         64
  C:2049H         LINE#         65
  C:2049H         LINE#         69
  C:204EH         LINE#         70
  C:2053H         LINE#         72
  C:2058H         LINE#         73
  C:205DH         LINE#         74
  C:2062H         LINE#         75
  C:2067H         LINE#         78
BL51 BANKED LINKER/LOCATER V6.22                                                      03/28/2019  11:57:32  PAGE 34


  C:209EH         LINE#         79
  C:20A3H         LINE#         80
  C:20A8H         LINE#         81
  C:20AFH         LINE#         82
  C:20D1H         LINE#         96
  C:20E0H         LINE#         97
  C:20E0H         LINE#         98
  C:20F1H         LINE#         100
  C:2113H         LINE#         101
  C:2170H         LINE#         102
  C:2177H         LINE#         103
  C:2177H         LINE#         105
  -------         ENDPROC       _FIND_REAL_MAX
  -------         PROC          _MAX_VALUE
  D:0001H         SYMBOL        input
  -------         DO            
  D:0004H         SYMBOL        max
  X:040FH         SYMBOL        max_location
  X:0411H         SYMBOL        i
  -------         ENDDO         
  C:379AH         LINE#         108
  C:379AH         LINE#         109
  C:379AH         LINE#         110
  C:37A5H         LINE#         112
[...]
  -------         ENDPROC       AT25SF041_CHIPERASE
  -------         PROC          AT25SF041_WRITEENABLE
  -------         DO            
BL51 BANKED LINKER/LOCATER V6.22                                                      03/28/2019  11:57:32  PAGE 40


  X:042AH         SYMBOL        i
  D:0003H         SYMBOL        write_en
  -------         ENDDO         
  C:3CB2H         LINE#         49
  C:3CB2H         LINE#         50
  C:3CB2H         LINE#         53
  C:3CB4H         LINE#         54
  C:3CB6H         LINE#         57
  C:3CBDH         LINE#         58
  C:3CBDH         LINE#         59
  C:3CBFH         LINE#         60
  C:3CC2H         LINE#         61
  C:3CC6H         LINE#         62
  C:3CC6H         LINE#         63
  C:3CC8H         LINE#         64
  C:3CCAH         LINE#         66
  C:3CCAH         LINE#         67
  C:3CCCH         LINE#         69
  C:3CCCH         LINE#         70
  C:3CCCH         LINE#         71
  C:3CCCH         LINE#         72
  C:3CCFH         LINE#         73
  C:3CD3H         LINE#         76
  C:3CF2H         LINE#         77
  C:3CF4H         LINE#         78
  -------         ENDPROC       AT25SF041_WRITEENABLE
  -------         PROC          _AT25SF041_WRITE
  D:0003H         SYMBOL        opcode
  X:03E9H         SYMBOL        addr
  X:03EDH         SYMBOL        dat
  -------         DO            
  X:03EEH         SYMBOL        i
  -------         ENDDO         
  C:2F32H         LINE#         83
  C:2F34H         LINE#         84
  C:2F34H         LINE#         85
  C:2F34H         LINE#         86
  C:2F36H         LINE#         87
  C:2F39H         LINE#         90
  C:2F40H         LINE#         91
  C:2F40H         LINE#         92
  C:2F42H         LINE#         93
  C:2F45H         LINE#         94
  C:2F49H         LINE#         95
  C:2F49H         LINE#         96
  C:2F4BH         LINE#         97
  C:2F4DH         LINE#         99
  C:2F4DH         LINE#         100
  C:2F4FH         LINE#         102
  C:2F4FH         LINE#         103
  C:2F4FH         LINE#         104
  C:2F4FH         LINE#         105
  C:2F52H         LINE#         106
  C:2F56H         LINE#         109
  C:2F75H         LINE#         111
  C:2F7CH         LINE#         112
  C:2F7CH         LINE#         113
BL51 BANKED LINKER/LOCATER V6.22                                                      03/28/2019  11:57:32  PAGE 41


  C:2F7EH         LINE#         114
  C:2F81H         LINE#         115
  C:2F9DH         LINE#         116
  C:2F9DH         LINE#         117
  C:2F9FH         LINE#         118
  C:2FA1H         LINE#         120
  C:2FA1H         LINE#         121
  C:2FA3H         LINE#         123
  C:2FA3H         LINE#         124
  C:2FA3H         LINE#         125
  C:2FA3H         LINE#         126
  C:2FA6H         LINE#         127
  C:2FBFH         LINE#         129
  C:2FDEH         LINE#         131
  C:2FE5H         LINE#         132
  C:2FE5H         LINE#         133
  C:2FE7H         LINE#         134
  C:2FEAH         LINE#         135
  C:2FF1H         LINE#         136
  C:2FF1H         LINE#         137
  C:2FF3H         LINE#         138
  C:2FF5H         LINE#         140
  C:2FF5H         LINE#         141
  C:2FF7H         LINE#         143
  C:2FF7H         LINE#         144
  C:2FF7H         LINE#         145
  C:2FF7H         LINE#         146
  C:2FFAH         LINE#         147
  C:3001H         LINE#         149
  C:3020H         LINE#         151
  C:3022H         LINE#         152
  -------         ENDPROC       _AT25SF041_WRITE
  -------         PROC          _AT25SF041_READ
  D:0003H         SYMBOL        opcode
  X:035BH         SYMBOL        addr
  -------         DO            
  X:035FH         SYMBOL        dat
  X:0360H         SYMBOL        i
  -------         ENDDO         
  C:2E29H         LINE#         156
  C:2E2BH         LINE#         157
  C:2E2BH         LINE#         158
  C:2E30H         LINE#         160
  C:2E32H         LINE#         161
  C:2E38H         LINE#         165
  C:2E3DH         LINE#         166
  C:2E3DH         LINE#         167
  C:2E3FH         LINE#         168
  C:2E42H         LINE#         169
  C:2E46H         LINE#         170
  C:2E46H         LINE#         171
  C:2E48H         LINE#         172
  C:2E4AH         LINE#         174
  C:2E4AH         LINE#         175
  C:2E4CH         LINE#         177
  C:2E4CH         LINE#         178
  C:2E4CH         LINE#         179
BL51 BANKED LINKER/LOCATER V6.22                                                      03/28/2019  11:57:32  PAGE 42


  C:2E4CH         LINE#         180
  C:2E4FH         LINE#         181
  C:2E53H         LINE#         184
  C:2E72H         LINE#         186
  C:2E79H         LINE#         187
  C:2E79H         LINE#         188
  C:2E7BH         LINE#         189
  C:2E7EH         LINE#         190
  C:2E9AH         LINE#         191
  C:2E9AH         LINE#         192
  C:2E9CH         LINE#         193
  C:2E9EH         LINE#         195
  C:2E9EH         LINE#         196
  C:2EA0H         LINE#         198
  C:2EA0H         LINE#         199
  C:2EA0H         LINE#         200
  C:2EA0H         LINE#         201
  C:2EA3H         LINE#         202
  C:2EBCH         LINE#         204
  C:2EDBH         LINE#         207
  C:2EE2H         LINE#         209
  C:2EE4H         LINE#         210
  C:2EEBH         LINE#         212
  C:2EF2H         LINE#         213
  C:2EF2H         LINE#         214
  C:2EF9H         LINE#         215
  C:2EF9H         LINE#         216
  C:2EFCH         LINE#         217
  C:2EFEH         LINE#         218
  C:2F01H         LINE#         220
  C:2F04H         LINE#         221
  C:2F04H         LINE#         223
  C:2F08H         LINE#         224
  C:2F08H         LINE#         230
  C:2F27H         LINE#         233
  C:2F29H         LINE#         234
  C:2F2CH         LINE#         235
  C:2F31H         LINE#         237
  -------         ENDPROC       _AT25SF041_READ
  -------         PROC          UCREAD_STATUS_REGISTER_BYTE1
  -------         DO            
  D:0003H         SYMBOL        dat
  D:0001H         SYMBOL        opcode
  X:0425H         SYMBOL        count
  X:0426H         SYMBOL        i
  -------         ENDDO         
  C:365CH         LINE#         241
  C:365CH         LINE#         242
  C:365CH         LINE#         243
  C:3662H         LINE#         244
  C:3666H         LINE#         245
  C:3668H         LINE#         246
  C:366AH         LINE#         247
  C:3670H         LINE#         251
  C:3677H         LINE#         252
  C:3677H         LINE#         253
  C:3679H         LINE#         254
BL51 BANKED LINKER/LOCATER V6.22                                                      03/28/2019  11:57:32  PAGE 43


  C:367CH         LINE#         255
  C:3680H         LINE#         256
  C:3680H         LINE#         257
  C:3682H         LINE#         258
  C:3684H         LINE#         260
  C:3684H         LINE#         261
  C:3686H         LINE#         263
  C:3686H         LINE#         264
  C:3686H         LINE#         265
  C:3686H         LINE#         266
  C:3689H         LINE#         267
  C:368DH         LINE#         270
  C:36ACH         LINE#         274
  C:36B3H         LINE#         276
  C:36B5H         LINE#         277
  C:36BCH         LINE#         278
  C:36C3H         LINE#         279
  C:36C3H         LINE#         280
  C:36C7H         LINE#         281
  C:36C7H         LINE#         282
  C:36CAH         LINE#         283
  C:36CCH         LINE#         284
  C:36CFH         LINE#         286
  C:36D2H         LINE#         287
  C:36D2H         LINE#         289
  C:36D6H         LINE#         290
  C:36D6H         LINE#         292
  C:36F5H         LINE#         296
  C:36F7H         LINE#         297
  C:36FAH         LINE#         298
  C:36FCH         LINE#         299
  -------         ENDPROC       UCREAD_STATUS_REGISTER_BYTE1
  -------         ENDMOD        AT25SF041

  -------         MODULE        ?C_STARTUP
  C:38CBH         SEGMENT       ?C_C51STARTUP
  I:0022H         SEGMENT       ?STACK
  C:0000H         PUBLIC        ?C_STARTUP
  D:00E0H         SYMBOL        ACC
  D:00F0H         SYMBOL        B
  D:0083H         SYMBOL        DPH
  D:0082H         SYMBOL        DPL
  N:0000H         SYMBOL        IBPSTACK
  N:0100H         SYMBOL        IBPSTACKTOP
  N:0080H         SYMBOL        IDATALEN
  C:38CEH         SYMBOL        IDATALOOP
  N:0000H         SYMBOL        PBPSTACK
  N:0100H         SYMBOL        PBPSTACKTOP
  N:0000H         SYMBOL        PDATALEN
  N:0000H         SYMBOL        PDATASTART
  N:0000H         SYMBOL        PPAGE
  N:0000H         SYMBOL        PPAGEENABLE
  D:00A0H         SYMBOL        PPAGE_SFR
  D:0081H         SYMBOL        SP
  C:38CBH         SYMBOL        STARTUP1
  N:0000H         SYMBOL        XBPSTACK
  N:0000H         SYMBOL        XBPSTACKTOP
BL51 BANKED LINKER/LOCATER V6.22                                                      03/28/2019  11:57:32  PAGE 44


  N:0000H         SYMBOL        XDATALEN
  N:0000H         SYMBOL        XDATASTART
  C:0000H         LINE#         126
  C:38CBH         LINE#         133
  C:38CDH         LINE#         134
  C:38CEH         LINE#         135
  C:38CFH         LINE#         136
  C:38D1H         LINE#         185
  C:38D4H         LINE#         196
  -------         ENDMOD        ?C_STARTUP

  -------         MODULE        ?C?FPADD
  C:0B2DH         PUBLIC        ?C?FPADD
  C:0B29H         PUBLIC        ?C?FPSUB
  -------         ENDMOD        ?C?FPADD

  -------         MODULE        ?C?FPMUL
  C:0C1EH         PUBLIC        ?C?FPMUL
  -------         ENDMOD        ?C?FPMUL

  -------         MODULE        ?C?FPDIV
  C:0D27H         PUBLIC        ?C?FPDIV
  -------         ENDMOD        ?C?FPDIV

  -------         MODULE        ?C?FPCMP
  C:0DC6H         PUBLIC        ?C?FPCMP
  C:0DC4H         PUBLIC        ?C?FPCMP3
  -------         ENDMOD        ?C?FPCMP

  -------         MODULE        ?C?FPNEG
  C:0E3DH         PUBLIC        ?C?FPNEG
  -------         ENDMOD        ?C?FPNEG

  -------         MODULE        ?C?FCAST
  C:0E58H         PUBLIC        ?C?FCASTC
  C:0E53H         PUBLIC        ?C?FCASTI
  C:0E4EH         PUBLIC        ?C?FCASTL
  -------         ENDMOD        ?C?FCAST

  -------         MODULE        ?C?CASTF
  C:0E8CH         PUBLIC        ?C?CASTF
  -------         ENDMOD        ?C?CASTF

  -------         MODULE        ATAN2
  X:03F0H         PUBLIC        ?_atan2?BYTE
  C:36FDH         PUBLIC        _atan2
  -------         ENDMOD        ATAN2

  -------         MODULE        SIN
  C:2A55H         PUBLIC        _COS
  C:2A6BH         PUBLIC        _SIN
  C:2AA7H         PUBLIC        _TAN
  -------         ENDMOD        SIN

  -------         MODULE        ACOS
  C:3C68H         PUBLIC        _ACOS
  -------         ENDMOD        ACOS
BL51 BANKED LINKER/LOCATER V6.22                                                      03/28/2019  11:57:32  PAGE 45



  -------         MODULE        ASIN
  C:3DBFH         PUBLIC        _ASIN
  -------         ENDMOD        ASIN

  -------         MODULE        SQRT
  C:35B4H         PUBLIC        _SQRT
  -------         ENDMOD        SQRT

  -------         MODULE        ATAN
  C:2D27H         PUBLIC        _ATAN
  -------         ENDMOD        ATAN

  -------         MODULE        ?C?COPY
  C:102AH         PUBLIC        ?C?COPY
  -------         ENDMOD        ?C?COPY

  -------         MODULE        ?C?CLDPTR
  C:1050H         PUBLIC        ?C?CLDPTR
  -------         ENDMOD        ?C?CLDPTR

  -------         MODULE        ?C?CLDOPTR
  C:1069H         PUBLIC        ?C?CLDOPTR
  -------         ENDMOD        ?C?CLDOPTR

  -------         MODULE        ?C?CSTPTR
  C:1096H         PUBLIC        ?C?CSTPTR
  -------         ENDMOD        ?C?CSTPTR

  -------         MODULE        ?C?IMUL
  C:10A8H         PUBLIC        ?C?IMUL
  -------         ENDMOD        ?C?IMUL

  -------         MODULE        ?C?UIDIV
  C:10BAH         PUBLIC        ?C?UIDIV
  -------         ENDMOD        ?C?UIDIV

  -------         MODULE        ?C?SIDIV
  C:110FH         PUBLIC        ?C?SIDIV
  -------         ENDMOD        ?C?SIDIV

  -------         MODULE        ?C?ILDIX
  C:1145H         PUBLIC        ?C?ILDIX
  -------         ENDMOD        ?C?ILDIX

  -------         MODULE        ?C?ILDOPTR
  C:115BH         PUBLIC        ?C?ILDOPTR
  -------         ENDMOD        ?C?ILDOPTR

  -------         MODULE        ?C?LMUL
  C:1193H         PUBLIC        ?C?LMUL
  -------         ENDMOD        ?C?LMUL

  -------         MODULE        ?C?ULDIV
  C:121EH         PUBLIC        ?C?ULDIV
  -------         ENDMOD        ?C?ULDIV

BL51 BANKED LINKER/LOCATER V6.22                                                      03/28/2019  11:57:32  PAGE 46


  -------         MODULE        ?C?SLDIV
  C:3CFBH         PUBLIC        ?C?SLDIV
  -------         ENDMOD        ?C?SLDIV

  -------         MODULE        ?C?LNEG
  C:12B0H         PUBLIC        ?C?LNEG
  -------         ENDMOD        ?C?LNEG

  -------         MODULE        ?C?ULCMP
  C:12BEH         PUBLIC        ?C?ULCMP
  -------         ENDMOD        ?C?ULCMP

  -------         MODULE        ?C?LSHL
  C:12CFH         PUBLIC        ?C?LSHL
  -------         ENDMOD        ?C?LSHL

  -------         MODULE        ?C?LLDPTR
  C:12E2H         PUBLIC        ?C?LLDPTR
  -------         ENDMOD        ?C?LLDPTR

  -------         MODULE        ?C?LLDOPTR
  C:1302H         PUBLIC        ?C?LLDOPTR
  -------         ENDMOD        ?C?LLDOPTR

  -------         MODULE        ?C?LSTPTR
  C:1332H         PUBLIC        ?C?LSTPTR
  -------         ENDMOD        ?C?LSTPTR

  -------         MODULE        ?C?LSTOPTR
  C:134CH         PUBLIC        ?C?LSTOPTR
  -------         ENDMOD        ?C?LSTOPTR

  -------         MODULE        ?C?LLDXDATA
  C:1370H         PUBLIC        ?C?LLDXDATA
  -------         ENDMOD        ?C?LLDXDATA

  -------         MODULE        ?C?LLDCODE
  C:137CH         PUBLIC        ?C?LLDCODE
  -------         ENDMOD        ?C?LLDCODE

  -------         MODULE        ?C?LLDXDATA0
  C:138CH         PUBLIC        ?C?LLDXDATA0
  -------         ENDMOD        ?C?LLDXDATA0

  -------         MODULE        ?C?LLDCODE0
  C:1398H         PUBLIC        ?C?LLDCODE0
  -------         ENDMOD        ?C?LLDCODE0

  -------         MODULE        ?C?LLDPTR0
  C:13A8H         PUBLIC        ?C?LLDPTR0
  -------         ENDMOD        ?C?LLDPTR0

  -------         MODULE        ?C?LSTXDATA
  C:13C8H         PUBLIC        ?C?LSTXDATA
  -------         ENDMOD        ?C?LSTXDATA

  -------         MODULE        ?C?LSTKXDATA
BL51 BANKED LINKER/LOCATER V6.22                                                      03/28/2019  11:57:32  PAGE 47


  C:13D4H         PUBLIC        ?C?LSTKXDATA
  -------         ENDMOD        ?C?LSTKXDATA

  -------         MODULE        ABS
  C:40FFH         PUBLIC        _ABS
  -------         ENDMOD        ABS

  -------         MODULE        ATOI
  C:31F8H         PUBLIC        _atoi
  -------         ENDMOD        ATOI

  -------         MODULE        ?C?IILDX
  C:1405H         PUBLIC        ?C?IILDX
  -------         ENDMOD        ?C?IILDX

  -------         MODULE        ?C?LLDIDATA
  C:141BH         PUBLIC        ?C?LLDIDATA
  -------         ENDMOD        ?C?LLDIDATA

  -------         MODULE        ?C?LLDPDATA
  C:1427H         PUBLIC        ?C?LLDPDATA
  -------         ENDMOD        ?C?LLDPDATA

  -------         MODULE        ?C?LLDIDATA0
  C:1433H         PUBLIC        ?C?LLDIDATA0
  -------         ENDMOD        ?C?LLDIDATA0

  -------         MODULE        ?C?LLDPDATA0
  C:1440H         PUBLIC        ?C?LLDPDATA0
  -------         ENDMOD        ?C?LLDPDATA0

  -------         MODULE        ?C?LSTIDATA
  C:144DH         PUBLIC        ?C?LSTIDATA
  -------         ENDMOD        ?C?LSTIDATA

  -------         MODULE        ?C?LSTPDATA
  C:1459H         PUBLIC        ?C?LSTPDATA
  -------         ENDMOD        ?C?LSTPDATA

  -------         MODULE        ISDIGIT
  C:40CAH         PUBLIC        _isdigit
  -------         ENDMOD        ISDIGIT

  -------         MODULE        ISSPACE
  C:4065H         PUBLIC        _isspace
  -------         ENDMOD        ISSPACE

*** WARNING L16: UNCALLED SEGMENT, IGNORED FOR OVERLAY PROCESS
    SEGMENT: ?PR?_DISPLAY_PROX?MAIN

*** WARNING L16: UNCALLED SEGMENT, IGNORED FOR OVERLAY PROCESS
    SEGMENT: ?PR?SPI_INIT?PCF85063BTL

*** WARNING L16: UNCALLED SEGMENT, IGNORED FOR OVERLAY PROCESS
    SEGMENT: ?PR?_READ_TIME?PCF85063BTL

*** WARNING L16: UNCALLED SEGMENT, IGNORED FOR OVERLAY PROCESS
BL51 BANKED LINKER/LOCATER V6.22                                                      03/28/2019  11:57:32  PAGE 48


    SEGMENT: ?PR?_DAY_OF_YEAR?PCF85063BTL

*** WARNING L16: UNCALLED SEGMENT, IGNORED FOR OVERLAY PROCESS
    SEGMENT: ?PR?_TEN?UART1

*** WARNING L16: UNCALLED SEGMENT, IGNORED FOR OVERLAY PROCESS
    SEGMENT: ?PR?_UNIT?UART1

*** WARNING L16: UNCALLED SEGMENT, IGNORED FOR OVERLAY PROCESS
    SEGMENT: ?PR?_DECTOBCD?UART1

*** WARNING L16: UNCALLED SEGMENT, IGNORED FOR OVERLAY PROCESS
    SEGMENT: ?PR?_ASCII_LETTER?UART1

*** WARNING L16: UNCALLED SEGMENT, IGNORED FOR OVERLAY PROCESS
    SEGMENT: ?PR?_ASCIITOBCD?UART1

*** WARNING L16: UNCALLED SEGMENT, IGNORED FOR OVERLAY PROCESS
    SEGMENT: ?PR?_DISPLAYLCD?LCD_DRIVER_SPLC780D

*** WARNING L16: UNCALLED SEGMENT, IGNORED FOR OVERLAY PROCESS
    SEGMENT: ?PR?LCD_RETURN_HOME?LCD_DRIVER_SPLC780D

*** WARNING L16: UNCALLED SEGMENT, IGNORED FOR OVERLAY PROCESS
    SEGMENT: ?PR?_DISPLAY_LINE?LCD_DRIVER_SPLC780D

*** WARNING L16: UNCALLED SEGMENT, IGNORED FOR OVERLAY PROCESS
    SEGMENT: ?PR?KEY_PROCESS?KEYPAD

*** WARNING L16: UNCALLED SEGMENT, IGNORED FOR OVERLAY PROCESS
    SEGMENT: ?PR?KEYPAD_IO_INIT?KEYPAD

*** WARNING L16: UNCALLED SEGMENT, IGNORED FOR OVERLAY PROCESS
    SEGMENT: ?PR?WAIT?BIPOLARMOTOR

*** WARNING L16: UNCALLED SEGMENT, IGNORED FOR OVERLAY PROCESS
    SEGMENT: ?PR?_FINDDET4X4?BIPOLARMOTOR

*** WARNING L16: UNCALLED SEGMENT, IGNORED FOR OVERLAY PROCESS
    SEGMENT: ?PR?ADC_INIT?ADC

*** WARNING L16: UNCALLED SEGMENT, IGNORED FOR OVERLAY PROCESS
    SEGMENT: ?PR?_CALIBRATION?CALIBRATION

*** WARNING L16: UNCALLED SEGMENT, IGNORED FOR OVERLAY PROCESS
    SEGMENT: ?PR?NOP?IOEXPANDER_PI4IOE5V96248

*** WARNING L16: UNCALLED SEGMENT, IGNORED FOR OVERLAY PROCESS
    SEGMENT: ?PR?UC_ACK?IOEXPANDER_PI4IOE5V96248

*** WARNING L16: UNCALLED SEGMENT, IGNORED FOR OVERLAY PROCESS
    SEGMENT: ?PR?UC_NACK?IOEXPANDER_PI4IOE5V96248

*** WARNING L16: UNCALLED SEGMENT, IGNORED FOR OVERLAY PROCESS
    SEGMENT: ?PR?AT25SF041_CHIPERASE?AT25SF041

*** WARNING L16: UNCALLED SEGMENT, IGNORED FOR OVERLAY PROCESS
BL51 BANKED LINKER/LOCATER V6.22                                                      03/28/2019  11:57:32  PAGE 49


    SEGMENT: ?PR?AT25SF041_WRITEENABLE?AT25SF041

*** WARNING L16: UNCALLED SEGMENT, IGNORED FOR OVERLAY PROCESS
    SEGMENT: ?PR?_AT25SF041_WRITE?AT25SF041

*** WARNING L1: UNRESOLVED EXTERNAL SYMBOL
    SYMBOL:  AUTO_MODE
    MODULE:  .\Obj\main.obj (MAIN)

*** WARNING L2: REFERENCE MADE TO UNRESOLVED EXTERNAL
    SYMBOL:  AUTO_MODE
    MODULE:  .\Obj\main.obj (MAIN)
    ADDRESS: 3051H

*** WARNING L1: UNRESOLVED EXTERNAL SYMBOL
    SYMBOL:  AUTO_MODE
    MODULE:  .\Obj\KeyPad.obj (KEYPAD)

*** WARNING L2: REFERENCE MADE TO UNRESOLVED EXTERNAL
    SYMBOL:  AUTO_MODE
    MODULE:  .\Obj\KeyPad.obj (KEYPAD)
    ADDRESS: 21C5H

*** WARNING L2: REFERENCE MADE TO UNRESOLVED EXTERNAL
    SYMBOL:  AUTO_MODE
    MODULE:  .\Obj\KeyPad.obj (KEYPAD)
    ADDRESS: 21D0H

*** WARNING L2: REFERENCE MADE TO UNRESOLVED EXTERNAL
    SYMBOL:  AUTO_MODE
    MODULE:  .\Obj\KeyPad.obj (KEYPAD)
    ADDRESS: 21D7H

Program Size: data=10.5 xdata=1073 code=16697
LINK/LOCATE RUN COMPLETE.  30 WARNING(S),  0 ERROR(S)
