BL51 BANKED LINKER/LOCATER V6.22                                                        02/22/2019  12:45:38  PAGE 1


BL51 BANKED LINKER/LOCATER V6.22, INVOKED BY:
C:\KEIL_V5\C51\BIN\BL51.EXE .\Obj\main.obj, .\Obj\PCF85063BTL.obj, .\Obj\UART1.obj, .\Obj\LCd_Driver_SPLC780D.obj, .\Obj
>> \KeyPad.obj, .\Obj\BipolarMotor.obj, .\Obj\SunPos.obj, .\Obj\ADC.obj, .\Obj\Calibration.obj, .\Obj\IOExpander_PI4IOE5
>> V96248.obj, .\Obj\AT25SF041.obj, .\Obj\STARTUP.obj TO .\Obj\GPIO_RTC_Test PRINT (.\Lis\GPIO_RTC_Test.m51) RAMSIZE (25
>> 6)


MEMORY MODEL: LARGE WITH FLOATING POINT ARITHMETIC


INPUT MODULES INCLUDED:
  .\Obj\main.obj (MAIN)
  .\Obj\PCF85063BTL.obj (PCF85063BTL)
  .\Obj\UART1.obj (UART1)
  .\Obj\LCd_Driver_SPLC780D.obj (LCD_DRIVER_SPLC780D)
  .\Obj\KeyPad.obj (KEYPAD)
  .\Obj\BipolarMotor.obj (BIPOLARMOTOR)
  .\Obj\SunPos.obj (SUNPOS)
  .\Obj\ADC.obj (ADC)
  .\Obj\Calibration.obj (CALIBRATION)
  .\Obj\IOExpander_PI4IOE5V96248.obj (IOEXPANDER_PI4IOE5V96248)
  .\Obj\AT25SF041.obj (AT25SF041)
  .\Obj\STARTUP.obj (?C_STARTUP)
  C:\KEIL_V5\C51\LIB\C51FPL.LIB (?C?FPADD)
  C:\KEIL_V5\C51\LIB\C51FPL.LIB (?C?FPMUL)
  C:\KEIL_V5\C51\LIB\C51FPL.LIB (?C?FPDIV)
  C:\KEIL_V5\C51\LIB\C51FPL.LIB (?C?FPCMP)
  C:\KEIL_V5\C51\LIB\C51FPL.LIB (?C?FPNEG)
  C:\KEIL_V5\C51\LIB\C51FPL.LIB (?C?FCAST)
  C:\KEIL_V5\C51\LIB\C51FPL.LIB (?C?CASTF)
  C:\KEIL_V5\C51\LIB\C51FPL.LIB (ATAN2)
  C:\KEIL_V5\C51\LIB\C51FPL.LIB (SIN)
  C:\KEIL_V5\C51\LIB\C51FPL.LIB (ACOS)
  C:\KEIL_V5\C51\LIB\C51FPL.LIB (ASIN)
  C:\KEIL_V5\C51\LIB\C51FPL.LIB (?C?FPGETOPN)
  C:\KEIL_V5\C51\LIB\C51FPL.LIB (?C?FPSERIES)
  C:\KEIL_V5\C51\LIB\C51FPL.LIB (SQRT)
  C:\KEIL_V5\C51\LIB\C51FPL.LIB (ATAN)
  C:\KEIL_V5\C51\LIB\C51L.LIB (?C_INIT)
  C:\KEIL_V5\C51\LIB\C51L.LIB (?C?COPY)
  C:\KEIL_V5\C51\LIB\C51L.LIB (?C?CLDPTR)
  C:\KEIL_V5\C51\LIB\C51L.LIB (?C?CLDOPTR)
  C:\KEIL_V5\C51\LIB\C51L.LIB (?C?CSTPTR)
  C:\KEIL_V5\C51\LIB\C51L.LIB (?C?IMUL)
  C:\KEIL_V5\C51\LIB\C51L.LIB (?C?UIDIV)
  C:\KEIL_V5\C51\LIB\C51L.LIB (?C?SIDIV)
  C:\KEIL_V5\C51\LIB\C51L.LIB (?C?ILDIX)
  C:\KEIL_V5\C51\LIB\C51L.LIB (?C?ILDOPTR)
  C:\KEIL_V5\C51\LIB\C51L.LIB (?C?ISTPTR)
  C:\KEIL_V5\C51\LIB\C51L.LIB (?C?LMUL)
  C:\KEIL_V5\C51\LIB\C51L.LIB (?C?SLDIV)
  C:\KEIL_V5\C51\LIB\C51L.LIB (?C?LNEG)
  C:\KEIL_V5\C51\LIB\C51L.LIB (?C?ULCMP)
  C:\KEIL_V5\C51\LIB\C51L.LIB (?C?LSHL)
  C:\KEIL_V5\C51\LIB\C51L.LIB (?C?LLDPTR)
  C:\KEIL_V5\C51\LIB\C51L.LIB (?C?LLDOPTR)
  C:\KEIL_V5\C51\LIB\C51L.LIB (?C?LSTPTR)
  C:\KEIL_V5\C51\LIB\C51L.LIB (?C?LSTOPTR)
BL51 BANKED LINKER/LOCATER V6.22                                                      02/22/2019  12:45:38  PAGE 2


  C:\KEIL_V5\C51\LIB\C51L.LIB (?C?LLDXDATA)
  C:\KEIL_V5\C51\LIB\C51L.LIB (?C?LLDCODE)
  C:\KEIL_V5\C51\LIB\C51L.LIB (?C?LLDXDATA0)
  C:\KEIL_V5\C51\LIB\C51L.LIB (?C?LLDCODE0)
  C:\KEIL_V5\C51\LIB\C51L.LIB (?C?LLDPTR0)
  C:\KEIL_V5\C51\LIB\C51L.LIB (?C?LSTXDATA)
  C:\KEIL_V5\C51\LIB\C51L.LIB (?C?LSTKXDATA)
  C:\KEIL_V5\C51\LIB\C51L.LIB (?C?LSTKPTR)
  C:\KEIL_V5\C51\LIB\C51L.LIB (?C?OFFXADD)
  C:\KEIL_V5\C51\LIB\C51L.LIB (ABS)
  C:\KEIL_V5\C51\LIB\C51L.LIB (ATOI)
  C:\KEIL_V5\C51\LIB\C51L.LIB (?C?IILDX)
  C:\KEIL_V5\C51\LIB\C51L.LIB (?C?ULDIV)
  C:\KEIL_V5\C51\LIB\C51L.LIB (?C?LLDIDATA)
  C:\KEIL_V5\C51\LIB\C51L.LIB (?C?LLDPDATA)
  C:\KEIL_V5\C51\LIB\C51L.LIB (?C?LLDIDATA0)
  C:\KEIL_V5\C51\LIB\C51L.LIB (?C?LLDPDATA0)
  C:\KEIL_V5\C51\LIB\C51L.LIB (?C?LSTIDATA)
  C:\KEIL_V5\C51\LIB\C51L.LIB (?C?LSTPDATA)
  C:\KEIL_V5\C51\LIB\C51L.LIB (?C?LSTKIDATA)
  C:\KEIL_V5\C51\LIB\C51L.LIB (?C?LSTKPDATA)
  C:\KEIL_V5\C51\LIB\C51L.LIB (ISDIGIT)
  C:\KEIL_V5\C51\LIB\C51L.LIB (ISSPACE)


LINK MAP OF MODULE:  .\Obj\GPIO_RTC_Test (MAIN)


            TYPE    BASE      LENGTH    RELOCATION   SEGMENT NAME
            -----------------------------------------------------

            * * * * * * *   D A T A   M E M O R Y   * * * * * * *
            REG     0000H     0008H     ABSOLUTE     "REG BANK 0"
                    0008H     0018H                  *** GAP ***
            BIT     0020H.0   0000H.5   UNIT         ?BI?KEYPAD
            BIT     0020H.5   0000H.3   UNIT         _BIT_GROUP_
            BIT     0021H.0   0000H.1   UNIT         ?BI?MAIN
            BIT     0021H.1   0000H.1   UNIT         ?BI?_ATOI?ATOI
                    0021H.2   0000H.6                *** GAP ***
            IDATA   0022H     0001H     UNIT         ?STACK

            * * * * * * *  X D A T A   M E M O R Y  * * * * * * *
            XDATA   0000H     038FH     UNIT         ?XD?BIPOLARMOTOR
            XDATA   038FH     0151H     UNIT         _XDATA_GROUP_
            XDATA   04E0H     00D4H     UNIT         ?XD?MAIN
            XDATA   05B4H     0040H     UNIT         ?XD?_FINDDET4X4?BIPOLARMOTOR
            XDATA   05F4H     0024H     UNIT         ?XD?_FINDDET3X3?BIPOLARMOTOR
            XDATA   0618H     0009H     UNIT         ?XD?KEYPAD
            XDATA   0621H     0008H     UNIT         ?XD?_AT25SF041_READ?AT25SF041
            XDATA   0629H     0005H     UNIT         ?XD?_ATOI?ATOI
            XDATA   062EH     0004H     UNIT         ?XD?_DISPLAY_PROX?MAIN
            XDATA   0632H     0003H     UNIT         ?XD?_SENDSTRING?UART1
            XDATA   0635H     0001H     UNIT         ?XD?UC_ACK?IOEXPANDER_PI4IOE5V96248
            XDATA   0636H     0001H     UNIT         ?XD?UC_NACK?IOEXPANDER_PI4IOE5V96248

            * * * * * * *   C O D E   M E M O R Y   * * * * * * *
            CODE    0000H     0003H     ABSOLUTE     
BL51 BANKED LINKER/LOCATER V6.22                                                      02/22/2019  12:45:38  PAGE 3


            CODE    0003H     0006H     UNIT         ?PR?_TEN?UART1
            CODE    0009H     0001H     UNIT         ?PR?TM0_ISR?MAIN
            CODE    000AH     0001H     UNIT         ?PR?_DECTOBCD?UART1
            CODE    000BH     0003H     ABSOLUTE     
            CODE    000EH     0B00H     UNIT         ?PR?_UPDATE_POSITION?BIPOLARMOTOR
            CODE    0B0EH     0A3FH     UNIT         ?PR?MAIN?MAIN
            CODE    154DH     09B6H     UNIT         ?C?LIB_CODE
            CODE    1F03H     07A2H     UNIT         ?PR?SUNPOS?SUNPOS
            CODE    26A5H     03F2H     UNIT         ?C_INITSEG
            CODE    2A97H     0309H     UNIT         ?PR?_FIND_REAL_MAX?CALIBRATION
            CODE    2DA0H     02C0H     UNIT         ?PR?_FINDDET4X4?BIPOLARMOTOR
            CODE    3060H     02A0H     UNIT         ?PR?KEY_PROCESS?KEYPAD
            CODE    3300H     01D1H     UNIT         ?PR?_FINDDET3X3?BIPOLARMOTOR
            CODE    34D1H     018DH     UNIT         ?PR?KEY_SCAN?KEYPAD
            CODE    365EH     0188H     UNIT         ?PR?SIN?SIN
            CODE    37E6H     0172H     UNIT         ?PR?_DISPLAY_POS?MAIN
            CODE    3958H     013CH     UNIT         ?PR?_CALIBRATION?CALIBRATION
            CODE    3A94H     0122H     UNIT         ?PR?ATAN?ATAN
            CODE    3BB6H     0106H     UNIT         ?PR?_AT25SF041_READ?AT25SF041
            CODE    3CBCH     00FBH     UNIT         ?PR?_AT25SF041_WRITE?AT25SF041
            CODE    3DB7H     00DBH     UNIT         ?PR?_ATOI?ATOI
            CODE    3E92H     00D8H     UNIT         ?PR?SPI_NOR_WRITE_DATA?AT25SF041
            CODE    3F6AH     00C3H     UNIT         ?PR?LINEAR_INTERPOLATE?BIPOLARMOTOR
            CODE    402DH     00BBH     UNIT         ?PR?VOLTAGE_IS_STABLE?CALIBRATION
            CODE    40E8H     00ADH     UNIT         ?PR?_WRITE_PI4IOE5V96248?IOEXPANDER_PI4IOE5V96248
            CODE    4195H     00ACH     UNIT         ?PR?SQRT?SQRT
            CODE    4241H     00A1H     UNIT         ?PR?READ_STATUS_REGISTER_BYTE1?AT25SF041
            CODE    42E2H     009DH     UNIT         ?PR?_ATAN2?ATAN2
            CODE    437FH     009CH     UNIT         ?PR?_MAX_VALUE?CALIBRATION
            CODE    441BH     0095H     UNIT         ?PR?_DISPLAY_PROX?MAIN
            CODE    44B0H     008CH     UNIT         ?C_C51STARTUP
            CODE    453CH     0084H     UNIT         ?PR?_DAY_OF_YEAR?PCF85063BTL
            CODE    45C0H     0075H     UNIT         ?PR?_WRITEDATA?LCD_DRIVER_SPLC780D
            CODE    4635H     006FH     UNIT         ?PR?_READ_TIME?PCF85063BTL
            CODE    46A4H     005AH     UNIT         ?PR?AT25SF041_CHIPERASE?AT25SF041
            CODE    46FEH     0059H     UNIT         ?PR?LCD_INIT?LCD_DRIVER_SPLC780D
            CODE    4757H     0050H     UNIT         ?PR?AT25SF041_WRITEENABLE?AT25SF041
            CODE    47A7H     004AH     UNIT         ?PR?VONESTEPMOVE?BIPOLARMOTOR
            CODE    47F1H     004AH     UNIT         ?PR?ACOS?ACOS
            CODE    483BH     0044H     UNIT         ?C?LDIV
            CODE    487FH     0040H     UNIT         ?PR?_COMMAND?LCD_DRIVER_SPLC780D
            CODE    48BFH     0040H     UNIT         ?PR?_STEP_MOVE?BIPOLARMOTOR
            CODE    48FFH     003BH     UNIT         ?PR?ASIN?ASIN
            CODE    493AH     0033H     UNIT         ?PR?_SENDSTRING?UART1
            CODE    496DH     002CH     UNIT         ?PR?_ADC_GETRESULT?ADC
            CODE    4999H     002BH     UNIT         ?PR?_WAIT_MS_I2C?IOEXPANDER_PI4IOE5V96248
            CODE    49C4H     002BH     UNIT         ?PR?_WAIT_MS_SPINOR?AT25SF041
            CODE    49EFH     0028H     UNIT         ?PR?_MOVE?BIPOLARMOTOR
            CODE    4A17H     0027H     UNIT         ?PR?_I2C_SENDBYTE?IOEXPANDER_PI4IOE5V96248
            CODE    4A3EH     0024H     UNIT         ?PR?_WAIT_MS?LCD_DRIVER_SPLC780D
            CODE    4A62H     0020H     UNIT         ?PR?_SPI_SENDBYTE?PCF85063BTL
            CODE    4A82H     0020H     UNIT         ?PR?SPI_RECEIVEBYTE?PCF85063BTL
            CODE    4AA2H     001FH     UNIT         ?PR?ADC_INIT?ADC
            CODE    4AC1H     001EH     UNIT         ?PR?_DELAY_MS?KEYPAD
            CODE    4ADFH     001DH     UNIT         ?PR?_DISPLAYLCD?LCD_DRIVER_SPLC780D
            CODE    4AFCH     001BH     UNIT         ?PR?_BCDTODEC1?BIPOLARMOTOR
            CODE    4B17H     0018H     UNIT         ?PR?_SPI_WRITETIME?PCF85063BTL
BL51 BANKED LINKER/LOCATER V6.22                                                      02/22/2019  12:45:38  PAGE 4


            CODE    4B2FH     0017H     UNIT         ?PR?_ASCIITOBCD?UART1
            CODE    4B46H     0016H     UNIT         ?PR?I2C_ACK?IOEXPANDER_PI4IOE5V96248
            CODE    4B5CH     0015H     UNIT         ?PR?_DISPLAY_LINE?LCD_DRIVER_SPLC780D
            CODE    4B71H     0015H     UNIT         ?PR?I2C_STOP?IOEXPANDER_PI4IOE5V96248
            CODE    4B86H     0014H     UNIT         ?PR?_PCF85063BTL_DELAY?PCF85063BTL
            CODE    4B9AH     0014H     UNIT         ?PR?_ISSPACE?ISSPACE
            CODE    4BAEH     0011H     UNIT         ?PR?_SPI_READTIME?PCF85063BTL
            CODE    4BBFH     0011H     UNIT         ?PR?_BCDTODEC?PCF85063BTL
            CODE    4BD0H     0011H     UNIT         ?PR?INITUART1?UART1
            CODE    4BE1H     000FH     UNIT         ?PR?I2C_START?IOEXPANDER_PI4IOE5V96248
            CODE    4BF0H     000FH     UNIT         ?PR?UC_NACK?IOEXPANDER_PI4IOE5V96248
            CODE    4BFFH     000FH     UNIT         ?PR?_ISDIGIT?ISDIGIT
            CODE    4C0EH     000DH     UNIT         ?PR?SPI_INIT?PCF85063BTL
            CODE    4C1BH     000CH     UNIT         ?PR?KEYPAD_IO_INIT?KEYPAD
            CODE    4C27H     000CH     UNIT         ?PR?_ABS?ABS
            CODE    4C33H     000AH     UNIT         ?PR?LCD_RETURN_HOME?LCD_DRIVER_SPLC780D
            CODE    4C3DH     000AH     UNIT         ?PR?LCD_CLEAR?LCD_DRIVER_SPLC780D
            CODE    4C47H     0006H     UNIT         ?PR?UC_ACK?IOEXPANDER_PI4IOE5V96248
            CODE    4C4DH     0005H     UNIT         ?PR?_UNIT?UART1
            CODE    4C52H     0005H     UNIT         ?PR?_ASCII_LETTER?UART1
            CODE    4C57H     0001H     UNIT         ?PR?WAIT?BIPOLARMOTOR
            CODE    4C58H     0001H     UNIT         ?PR?NOP?IOEXPANDER_PI4IOE5V96248



OVERLAY MAP OF MODULE:   .\Obj\GPIO_RTC_Test (MAIN)


SEGMENT                                             BIT_GROUP          XDATA_GROUP
  +--> CALLED SEGMENT                            START    LENGTH     START    LENGTH
------------------------------------------------------------------------------------
?C_C51STARTUP                                    -----    -----      -----    -----
  +--> ?PR?MAIN?MAIN
  +--> ?C_INITSEG

?PR?MAIN?MAIN                                    -----    -----      038FH    0030H
  +--> ?PR?LCD_INIT?LCD_DRIVER_SPLC780D
  +--> ?PR?SPI_INIT?PCF85063BTL
  +--> ?PR?KEYPAD_IO_INIT?KEYPAD
  +--> ?PR?ADC_INIT?ADC
  +--> ?PR?_SPI_WRITETIME?PCF85063BTL
  +--> ?PR?_DELAY_MS?KEYPAD
  +--> ?PR?_DISPLAY_LINE?LCD_DRIVER_SPLC780D
  +--> ?PR?_WRITEDATA?LCD_DRIVER_SPLC780D
  +--> ?PR?KEY_PROCESS?KEYPAD
  +--> ?PR?_COMMAND?LCD_DRIVER_SPLC780D
  +--> ?PR?_DISPLAY_POS?MAIN
  +--> ?PR?_DISPLAYLCD?LCD_DRIVER_SPLC780D
  +--> ?PR?_STEP_MOVE?BIPOLARMOTOR
  +--> ?PR?LCD_RETURN_HOME?LCD_DRIVER_SPLC780D
  +--> ?PR?_READ_TIME?PCF85063BTL
  +--> ?PR?_ADC_GETRESULT?ADC
  +--> ?PR?_BCDTODEC1?BIPOLARMOTOR
  +--> ?PR?_CALIBRATION?CALIBRATION
  +--> ?PR?_WAIT_MS_SPINOR?AT25SF041
  +--> ?PR?SPI_NOR_WRITE_DATA?AT25SF041
  +--> ?PR?LINEAR_INTERPOLATE?BIPOLARMOTOR
BL51 BANKED LINKER/LOCATER V6.22                                                      02/22/2019  12:45:38  PAGE 5


  +--> ?PR?_UPDATE_POSITION?BIPOLARMOTOR

?PR?LCD_INIT?LCD_DRIVER_SPLC780D                 -----    -----      -----    -----
  +--> ?PR?_WAIT_MS?LCD_DRIVER_SPLC780D
  +--> ?PR?_COMMAND?LCD_DRIVER_SPLC780D

?PR?_COMMAND?LCD_DRIVER_SPLC780D                 -----    -----      -----    -----
  +--> ?PR?_WAIT_MS?LCD_DRIVER_SPLC780D

?PR?ADC_INIT?ADC                                 -----    -----      -----    -----
  +--> ?PR?_WAIT_MS?LCD_DRIVER_SPLC780D

?PR?_SPI_WRITETIME?PCF85063BTL                   -----    -----      -----    -----
  +--> ?PR?_SPI_SENDBYTE?PCF85063BTL

?PR?_SPI_SENDBYTE?PCF85063BTL                    -----    -----      -----    -----
  +--> ?PR?_PCF85063BTL_DELAY?PCF85063BTL

?PR?_DISPLAY_LINE?LCD_DRIVER_SPLC780D            -----    -----      -----    -----
  +--> ?PR?_COMMAND?LCD_DRIVER_SPLC780D

?PR?_WRITEDATA?LCD_DRIVER_SPLC780D               -----    -----      046CH    0001H
  +--> ?PR?_WAIT_MS?LCD_DRIVER_SPLC780D

?PR?KEY_PROCESS?KEYPAD                           -----    -----      03BFH    0006H
  +--> ?PR?KEY_SCAN?KEYPAD
  +--> ?PR?_SPI_WRITETIME?PCF85063BTL
  +--> ?PR?LCD_CLEAR?LCD_DRIVER_SPLC780D
  +--> ?PR?_COMMAND?LCD_DRIVER_SPLC780D
  +--> ?PR?_WRITEDATA?LCD_DRIVER_SPLC780D

?PR?KEY_SCAN?KEYPAD                              -----    -----      03C5H    0003H

?PR?LCD_CLEAR?LCD_DRIVER_SPLC780D                -----    -----      -----    -----
  +--> ?PR?_COMMAND?LCD_DRIVER_SPLC780D

?PR?_DISPLAY_POS?MAIN                            -----    -----      0462H    000AH
  +--> ?PR?_ABS?ABS
  +--> ?PR?_WRITEDATA?LCD_DRIVER_SPLC780D

?PR?_DISPLAYLCD?LCD_DRIVER_SPLC780D              -----    -----      03BFH    0001H
  +--> ?PR?_WRITEDATA?LCD_DRIVER_SPLC780D

?PR?_STEP_MOVE?BIPOLARMOTOR                      0020H.6  0000H.1    047BH    0004H
  +--> ?PR?VONESTEPMOVE?BIPOLARMOTOR

?PR?VONESTEPMOVE?BIPOLARMOTOR                    0020H.7  0000H.1    -----    -----
  +--> ?PR?_WRITE_PI4IOE5V96248?IOEXPANDER_P...
  +--> ?PR?_DELAY_MS?KEYPAD

?PR?_WRITE_PI4IOE5V96248?IOEXPANDER_P...         -----    -----      047FH    0003H
  +--> ?PR?I2C_START?IOEXPANDER_PI4IOE5V96248
  +--> ?PR?_WAIT_MS_I2C?IOEXPANDER_PI4IOE5V9...
  +--> ?PR?_I2C_SENDBYTE?IOEXPANDER_PI4IOE5V...
  +--> ?PR?I2C_ACK?IOEXPANDER_PI4IOE5V96248
  +--> ?PR?I2C_STOP?IOEXPANDER_PI4IOE5V96248

BL51 BANKED LINKER/LOCATER V6.22                                                      02/22/2019  12:45:38  PAGE 6


?PR?I2C_START?IOEXPANDER_PI4IOE5V96248           -----    -----      -----    -----
  +--> ?PR?_WAIT_MS_I2C?IOEXPANDER_PI4IOE5V9...

?PR?_I2C_SENDBYTE?IOEXPANDER_PI4IOE5V...         -----    -----      -----    -----
  +--> ?PR?_WAIT_MS_I2C?IOEXPANDER_PI4IOE5V9...

?PR?I2C_ACK?IOEXPANDER_PI4IOE5V96248             -----    -----      0482H    0001H
  +--> ?PR?_WAIT_MS_I2C?IOEXPANDER_PI4IOE5V9...

?PR?I2C_STOP?IOEXPANDER_PI4IOE5V96248            -----    -----      -----    -----
  +--> ?PR?_WAIT_MS_I2C?IOEXPANDER_PI4IOE5V9...

?PR?LCD_RETURN_HOME?LCD_DRIVER_SPLC780D          -----    -----      -----    -----
  +--> ?PR?_COMMAND?LCD_DRIVER_SPLC780D

?PR?_READ_TIME?PCF85063BTL                       -----    -----      03BFH    000FH
  +--> ?PR?_SPI_READTIME?PCF85063BTL

?PR?_SPI_READTIME?PCF85063BTL                    -----    -----      -----    -----
  +--> ?PR?_SPI_SENDBYTE?PCF85063BTL
  +--> ?PR?SPI_RECEIVEBYTE?PCF85063BTL

?PR?SPI_RECEIVEBYTE?PCF85063BTL                  -----    -----      -----    -----
  +--> ?PR?_PCF85063BTL_DELAY?PCF85063BTL

?PR?_CALIBRATION?CALIBRATION                     -----    -----      03BFH    0019H
  +--> ?PR?VOLTAGE_IS_STABLE?CALIBRATION
  +--> ?PR?_UPDATE_POSITION?BIPOLARMOTOR
  +--> ?PR?_FIND_REAL_MAX?CALIBRATION

?PR?VOLTAGE_IS_STABLE?CALIBRATION                -----    -----      03D8H    0018H
  +--> ?PR?_ADC_GETRESULT?ADC
  +--> ?PR?_ABS?ABS

?PR?_UPDATE_POSITION?BIPOLARMOTOR                -----    -----      03D8H    009FH
  +--> ?PR?_BCDTODEC1?BIPOLARMOTOR
  +--> ?PR?SUNPOS?SUNPOS
  +--> ?PR?SIN?SIN
  +--> ?PR?ASIN?ASIN
  +--> ?PR?LINEAR_INTERPOLATE?BIPOLARMOTOR
  +--> ?PR?_ABS?ABS
  +--> ?PR?_MOVE?BIPOLARMOTOR

?PR?SUNPOS?SUNPOS                                -----    -----      0477H    005DH
  +--> ?PR?SIN?SIN
  +--> ?PR?_ATAN2?ATAN2
  +--> ?PR?ASIN?ASIN
  +--> ?PR?ACOS?ACOS

?PR?SIN?SIN                                      0020H.5  0000H.1    04D4H    0004H

?PR?_ATAN2?ATAN2                                 -----    -----      04D4H    0008H
  +--> ?PR?ATAN?ATAN

?PR?ATAN?ATAN                                    0020H.5  0000H.2    04DCH    0004H

?PR?ASIN?ASIN                                    -----    -----      -----    -----
BL51 BANKED LINKER/LOCATER V6.22                                                      02/22/2019  12:45:38  PAGE 7


  +--> ?PR?SQRT?SQRT
  +--> ?PR?ATAN?ATAN

?PR?SQRT?SQRT                                    -----    -----      04D4H    0004H

?PR?ACOS?ACOS                                    -----    -----      -----    -----
  +--> ?PR?SQRT?SQRT
  +--> ?PR?ATAN?ATAN

?PR?LINEAR_INTERPOLATE?BIPOLARMOTOR              -----    -----      0477H    0014H

?PR?_MOVE?BIPOLARMOTOR                           0020H.5  0000H.1    0477H    0004H
  +--> ?PR?_STEP_MOVE?BIPOLARMOTOR

?PR?_FIND_REAL_MAX?CALIBRATION                   -----    -----      03D8H    008AH
  +--> ?PR?_ADC_GETRESULT?ADC
  +--> ?PR?_MOVE?BIPOLARMOTOR
  +--> ?PR?_COMMAND?LCD_DRIVER_SPLC780D
  +--> ?PR?_WRITEDATA?LCD_DRIVER_SPLC780D
  +--> ?PR?_DISPLAY_POS?MAIN
  +--> ?PR?_WAIT_MS?LCD_DRIVER_SPLC780D
  +--> ?PR?_MAX_VALUE?CALIBRATION

?PR?_MAX_VALUE?CALIBRATION                       -----    -----      0462H    0004H

?PR?SPI_NOR_WRITE_DATA?AT25SF041                 -----    -----      03BFH    000EH
  +--> ?PR?AT25SF041_WRITEENABLE?AT25SF041
  +--> ?PR?AT25SF041_CHIPERASE?AT25SF041
  +--> ?PR?_WAIT_MS_SPINOR?AT25SF041
  +--> ?PR?_AT25SF041_WRITE?AT25SF041

?PR?AT25SF041_WRITEENABLE?AT25SF041              -----    -----      03CDH    0002H
  +--> ?PR?_WAIT_MS_SPINOR?AT25SF041

?PR?AT25SF041_CHIPERASE?AT25SF041                -----    -----      03CDH    0002H
  +--> ?PR?_WAIT_MS_SPINOR?AT25SF041
  +--> ?PR?READ_STATUS_REGISTER_BYTE1?AT25SF041

?PR?READ_STATUS_REGISTER_BYTE1?AT25SF041         -----    -----      03CFH    0003H
  +--> ?PR?_WAIT_MS_SPINOR?AT25SF041

?PR?_AT25SF041_WRITE?AT25SF041                   -----    -----      03CDH    0008H
  +--> ?PR?_WAIT_MS_SPINOR?AT25SF041



UNRESOLVED EXTERNAL SYMBOLS:
   AUTO_MODE
   _SENDUART1



SYMBOL TABLE OF MODULE:  .\Obj\GPIO_RTC_Test (MAIN)

  VALUE           TYPE          NAME
  ----------------------------------

BL51 BANKED LINKER/LOCATER V6.22                                                      02/22/2019  12:45:38  PAGE 8


  -------         MODULE        MAIN
  C:0000H         SYMBOL        _ICE_DUMMY_
  X:04E8H         PUBLIC        calib_value
  D:0080H         PUBLIC        P0
  D:00B2H         PUBLIC        P3M0
  D:0090H         PUBLIC        P1
  D:00B1H         PUBLIC        P3M1
  D:00A0H         PUBLIC        P2
  D:00B0H         PUBLIC        P3
  D:00C0H         PUBLIC        P4
  D:00C8H         PUBLIC        P5
  X:053CH         SYMBOL        PressedKey
  B:00A8H.7       PUBLIC        EA
  D:00E8H         PUBLIC        P6
  X:0540H         PUBLIC        calib_stamp
  D:00F8H         PUBLIC        P7
  X:0541H         PUBLIC        RX_Data_Uart_Cnt
  D:00A8H         PUBLIC        IE
  X:0543H         PUBLIC        calib_time
  D:00B8H         PUBLIC        IP
  X:0597H         PUBLIC        months
  D:00D8H         PUBLIC        CCON
  C:0B0EH         PUBLIC        main
  X:0598H         PUBLIC        count
  X:059AH         PUBLIC        days
  X:059BH         PUBLIC        hours
  D:0098H         PUBLIC        SCON
  D:0089H         PUBLIC        TMOD
  D:0088H         PUBLIC        TCON
  B:00A0H.3       PUBLIC        P23
  X:059CH         SYMBOL        KeyCount
  X:059EH         PUBLIC        mins
  X:059FH         PUBLIC        Rec_data_hour
  B:00C8H.5       PUBLIC        P55
  X:05A2H         PUBLIC        Rec_data_min
  D:008EH         PUBLIC        AUXR
  C:0009H         PUBLIC        tm0_isr
  B:0021H.0       PUBLIC        busy
  B:00A8H.1       PUBLIC        ET0
  D:008CH         PUBLIC        TH0
  X:05A5H         PUBLIC        hour_count
  D:008AH         PUBLIC        TL0
  X:05A6H         PUBLIC        min_count
  B:0088H.4       PUBLIC        TR0
  X:05A7H         SYMBOL        KeyNum
  X:05A8H         SYMBOL        KeyNum_Old
  X:05A9H         PUBLIC        current_position
  X:05ADH         PUBLIC        hours1
  X:05AEH         PUBLIC        hours2
  C:441BH         PUBLIC        _Display_Prox
  X:05AFH         PUBLIC        mins1
  X:05B0H         PUBLIC        mins2
  C:37E6H         PUBLIC        _Display_Pos
  X:05B1H         PUBLIC        seconds
  X:05B2H         PUBLIC        st_time
  D:00D0H         PUBLIC        PSW
  -------         PROC          TM0_ISR
BL51 BANKED LINKER/LOCATER V6.22                                                      02/22/2019  12:45:38  PAGE 9


  C:0009H         LINE#         85
  C:0009H         LINE#         87
  -------         ENDPROC       TM0_ISR
  -------         PROC          MAIN
  -------         DO            
  X:038FH         SYMBOL        sunlight_ADC
  X:04E0H         SYMBOL        KeyCount
  X:04E2H         SYMBOL        KeyNum_Old
  X:04E3H         SYMBOL        KeyNum
  X:04E4H         SYMBOL        PressedKey
  X:0391H         SYMBOL        prox_flag
  X:0392H         SYMBOL        iUse_prevday_calib_value
  X:0394H         SYMBOL        max_ADC_Val
  X:0396H         SYMBOL        max_ADC_Val_JP
  X:0398H         SYMBOL        calib_point1
  X:03A0H         SYMBOL        calib_point2
  X:03A8H         SYMBOL        dat_to_store
  X:03B3H         SYMBOL        calib_day
  X:03B5H         SYMBOL        calib_count
  X:03B7H         SYMBOL        theorical_JP_max_pos
  X:03BBH         SYMBOL        SPI_NOR_INTERNAL_FLASH_ADDR
  -------         ENDDO         
  C:0B0EH         LINE#         89
  C:0B0EH         LINE#         90
  C:0B0EH         LINE#         95
  C:0B14H         LINE#         96
  C:0B21H         LINE#         100
  C:0B27H         LINE#         101
  C:0B31H         LINE#         102
  C:0B3BH         LINE#         106
  C:0B3DH         LINE#         107
  C:0B3FH         LINE#         108
  C:0B41H         LINE#         109
  C:0B43H         LINE#         111
  C:0B4AH         LINE#         120
  C:0B4CH         LINE#         121
  C:0B4FH         LINE#         122
  C:0B52H         LINE#         123
  C:0B55H         LINE#         124
  C:0B58H         LINE#         125
  C:0B5BH         LINE#         128
  C:0B5EH         LINE#         130
  C:0B61H         LINE#         131
  C:0B64H         LINE#         132
  C:0B67H         LINE#         133
  C:0B69H         LINE#         134
  C:0B6BH         LINE#         135
  C:0B6DH         LINE#         137
  C:0B6FH         LINE#         138
  C:0B76H         LINE#         139
  C:0B7DH         LINE#         140
  C:0B84H         LINE#         141
  C:0B8BH         LINE#         145
  C:0B92H         LINE#         146
  C:0B97H         LINE#         147
  C:0B9CH         LINE#         148
  C:0BA1H         LINE#         149
BL51 BANKED LINKER/LOCATER V6.22                                                      02/22/2019  12:45:38  PAGE 10


  C:0BA6H         LINE#         150
  C:0BABH         LINE#         153
  C:0BC4H         LINE#         154
  C:0BC4H         LINE#         155
  C:0BE0H         LINE#         156
  C:0C27H         LINE#         157
  C:0C38H         LINE#         158
  C:0C38H         LINE#         159
  C:0C38H         LINE#         160
  C:0C3BH         LINE#         163
  C:0C3BH         LINE#         166
  C:0C40H         LINE#         167
  C:0C45H         LINE#         169
  C:0C4AH         LINE#         170
  C:0C4FH         LINE#         171
  C:0C54H         LINE#         172
  C:0C59H         LINE#         174
  C:0C6AH         LINE#         175
  C:0C6FH         LINE#         176
  C:0C74H         LINE#         178
  C:0C7BH         LINE#         179
  C:0C83H         LINE#         180
  C:0C88H         LINE#         181
  C:0C90H         LINE#         182
  C:0C95H         LINE#         183
  C:0C9FH         LINE#         184
  C:0CA4H         LINE#         185
  C:0CACH         LINE#         187
  C:0CB4H         LINE#         188
  C:0CB9H         LINE#         189
  C:0CC3H         LINE#         190
  C:0CC3H         LINE#         191
  C:0CC5H         LINE#         192
  C:0CC7H         LINE#         193
  C:0CD1H         LINE#         194
  C:0CD1H         LINE#         195
  C:0CD6H         LINE#         196
  C:0CD6H         LINE#         208
  C:0CE3H         LINE#         209
  C:0CE3H         LINE#         210
  C:0CEDH         LINE#         211
  C:0D04H         LINE#         212
  C:0D04H         LINE#         213
  C:0D06H         LINE#         214
  C:0D08H         LINE#         216
  C:0D08H         LINE#         217
  C:0D13H         LINE#         218
  C:0D13H         LINE#         219
  C:0D18H         LINE#         220
  C:0D18H         LINE#         221
  C:0D25H         LINE#         222
  C:0D25H         LINE#         225
  C:0D2FH         LINE#         226
  C:0D46H         LINE#         227
  C:0D46H         LINE#         228
  C:0D48H         LINE#         229
  C:0D4AH         LINE#         231
BL51 BANKED LINKER/LOCATER V6.22                                                      02/22/2019  12:45:38  PAGE 11


  C:0D4AH         LINE#         232
  C:0D55H         LINE#         233
  C:0D55H         LINE#         234
  C:0D5AH         LINE#         235
  C:0D5CH         LINE#         236
  C:0D5CH         LINE#         245
  C:0D7EH         LINE#         246
  C:0D7EH         LINE#         247
  C:0D88H         LINE#         248
  C:0D8EH         LINE#         249
  C:0D90H         LINE#         250
  C:0D92H         LINE#         251
  C:0D94H         LINE#         252
  C:0D94H         LINE#         253
  C:0D97H         LINE#         255
  C:0D97H         LINE#         256
  C:0D9DH         LINE#         257
  C:0DA5H         LINE#         258
  C:0DABH         LINE#         259
  C:0DB3H         LINE#         260
  C:0DEEH         LINE#         264
  C:0DFBH         LINE#         265
  C:0DFBH         LINE#         266
  C:0E08H         LINE#         267
  C:0E3BH         LINE#         268
  C:0E48H         LINE#         269
  C:0E48H         LINE#         271
  C:0E77H         LINE#         272
  C:0E77H         LINE#         273
  C:0E99H         LINE#         274
  C:0E99H         LINE#         275
  C:0F15H         LINE#         276
  C:0F93H         LINE#         280
  C:0F9BH         LINE#         281
  C:0FA3H         LINE#         282
  C:0FABH         LINE#         284
  C:0FB3H         LINE#         285
  C:0FBCH         LINE#         286
  C:0FD2H         LINE#         288
  C:1002H         LINE#         289
  C:1005H         LINE#         291
  C:1007H         LINE#         295
  C:1009H         LINE#         296
  C:100BH         LINE#         359
  C:1011H         LINE#         360
  C:1011H         LINE#         361
  C:1014H         LINE#         362
  C:1025H         LINE#         363
  C:1025H         LINE#         364
  C:1025H         LINE#         366
  C:1025H         LINE#         369
  C:1028H         LINE#         371
  C:1028H         LINE#         372
  C:104AH         LINE#         373
  C:104AH         LINE#         374
  C:10C6H         LINE#         375
  C:111BH         LINE#         376
BL51 BANKED LINKER/LOCATER V6.22                                                      02/22/2019  12:45:38  PAGE 12


  C:111BH         LINE#         377
  C:111BH         LINE#         378
  C:111EH         LINE#         382
  C:111EH         LINE#         385
  C:1152H         LINE#         386
  C:1152H         LINE#         387
  C:1174H         LINE#         388
  C:1174H         LINE#         389
  C:11F0H         LINE#         390
  C:126EH         LINE#         394
  C:1276H         LINE#         395
  C:127EH         LINE#         396
  C:1286H         LINE#         398
  C:128EH         LINE#         400
  C:12A4H         LINE#         402
  C:12D4H         LINE#         406
  C:12EAH         LINE#         407
  C:131AH         LINE#         408
  C:133EH         LINE#         410
  C:1341H         LINE#         411
  C:1352H         LINE#         412
  C:1352H         LINE#         413
  C:135AH         LINE#         415
  C:135AH         LINE#         418
  C:135DH         LINE#         420
  C:135DH         LINE#         422
  C:137FH         LINE#         423
  C:137FH         LINE#         424
  C:13FBH         LINE#         426
  C:1428H         LINE#         427
  C:1443H         LINE#         428
  C:1470H         LINE#         429
  C:148BH         LINE#         431
  C:1527H         LINE#         434
  C:1527H         LINE#         435
  C:1527H         LINE#         436
  C:1527H         LINE#         438
  C:1527H         LINE#         441
  C:1543H         LINE#         442
  C:1548H         LINE#         444
  C:154AH         LINE#         445
  -------         ENDPROC       MAIN
  -------         PROC          _DISPLAY_PROX
  D:0002H         SYMBOL        dat
  -------         DO            
  X:062EH         SYMBOL        unit
  X:062FH         SYMBOL        ten
  X:0630H         SYMBOL        hundred
  X:0631H         SYMBOL        thousand
  -------         ENDDO         
  C:441BH         LINE#         529
  C:441FH         LINE#         530
  C:441FH         LINE#         532
  C:442BH         LINE#         533
  C:443BH         LINE#         534
  C:4457H         LINE#         535
  C:4487H         LINE#         536
BL51 BANKED LINKER/LOCATER V6.22                                                      02/22/2019  12:45:38  PAGE 13


  C:4491H         LINE#         537
  C:449BH         LINE#         538
  C:44A5H         LINE#         539
  C:44AFH         LINE#         541
  -------         ENDPROC       _DISPLAY_PROX
  -------         PROC          _DISPLAY_POS
  X:0462H         SYMBOL        sign_dat
  -------         DO            
  X:0466H         SYMBOL        unit
  X:0467H         SYMBOL        ten
  X:0468H         SYMBOL        hundred
  D:0003H         SYMBOL        thousand
  X:0469H         SYMBOL        after_dot
  X:046AH         SYMBOL        dat
  -------         ENDDO         
  C:37E6H         LINE#         544
  C:37ECH         LINE#         545
  C:37ECH         LINE#         549
  C:3808H         LINE#         550
  C:3822H         LINE#         551
  C:3846H         LINE#         553
  C:3890H         LINE#         555
  C:38A7H         LINE#         556
  C:38B4H         LINE#         557
  C:38D6H         LINE#         558
  C:390BH         LINE#         559
  C:3923H         LINE#         560
  C:3923H         LINE#         562
  C:3923H         LINE#         563
  C:3923H         LINE#         564
  C:3923H         LINE#         565
  C:3923H         LINE#         566
  C:3923H         LINE#         570
  C:3925H         LINE#         572
  C:3925H         LINE#         574
  C:392AH         LINE#         575
  C:3934H         LINE#         576
  C:393EH         LINE#         577
  C:3948H         LINE#         578
  C:394DH         LINE#         579
  C:3957H         LINE#         583
  C:3957H         LINE#         585
  -------         ENDPROC       _DISPLAY_POS
  -------         ENDMOD        MAIN

  -------         MODULE        PCF85063BTL
  C:0000H         SYMBOL        _ICE_DUMMY_
  D:0096H         PUBLIC        P2M0
  D:0080H         PUBLIC        P0
  D:0095H         PUBLIC        P2M1
  D:0090H         PUBLIC        P1
  D:00A0H         PUBLIC        P2
  D:00B0H         PUBLIC        P3
  D:00C0H         PUBLIC        P4
  D:00C8H         PUBLIC        P5
  D:00E8H         PUBLIC        P6
  B:00A0H.1       PUBLIC        PCF85063BTL_SDI
BL51 BANKED LINKER/LOCATER V6.22                                                      02/22/2019  12:45:38  PAGE 14


  D:00F8H         PUBLIC        P7
  B:00A0H.2       PUBLIC        PCF85063BTL_SCK
  B:00A0H.1       PUBLIC        PCF85063BTL_SDO
  D:00A8H         PUBLIC        IE
  C:4635H         PUBLIC        _Read_time
  C:4B8CH         PUBLIC        _PCF85063BTL_Delay
  D:00B8H         PUBLIC        IP
  D:00D8H         PUBLIC        CCON
  C:453CH         PUBLIC        _Day_Of_Year
  C:4A82H         PUBLIC        SPI_ReceiveByte
  D:0098H         PUBLIC        SCON
  D:0088H         PUBLIC        TCON
  C:4BBFH         PUBLIC        _BCDtoDec
  B:00A0H.0       PUBLIC        PCF85063BTL_CS
  C:4BAEH         PUBLIC        _SPI_ReadTime
  C:4C0EH         PUBLIC        SPI_Init
  C:4B17H         PUBLIC        _SPI_WriteTime
  C:4A62H         PUBLIC        _SPI_SendByte
  D:00D0H         PUBLIC        PSW
  C:4B88H         SYMBOL        L?0047
  -------         PROC          L?0046
  -------         ENDPROC       L?0046
  C:4B88H         SYMBOL        L?0047
  -------         PROC          _PCF85063BTL_DELAY
  D:0006H         SYMBOL        us
  C:4B8CH         LINE#         8
  C:4B8CH         LINE#         9
  C:4B8CH         LINE#         10
  C:4B96H         LINE#         11
  C:4B96H         LINE#         12
  C:4B97H         LINE#         13
  C:4B99H         LINE#         14
  -------         ENDPROC       _PCF85063BTL_DELAY
  -------         PROC          _SPI_SENDBYTE
  D:0005H         SYMBOL        dat
  -------         DO            
  D:0003H         SYMBOL        i
  -------         ENDDO         
  C:4A62H         LINE#         17
  C:4A64H         LINE#         18
  C:4A64H         LINE#         20
  C:4A66H         LINE#         21
  C:4A66H         LINE#         22
  C:4A68H         LINE#         23
  C:4A6CH         LINE#         24
  C:4A6CH         LINE#         25
  C:4A6EH         LINE#         26
  C:4A70H         LINE#         28
  C:4A70H         LINE#         29
  C:4A72H         LINE#         30
  C:4A72H         LINE#         31
  C:4A75H         LINE#         32
  C:4A75H         LINE#         33
  C:4A78H         LINE#         34
  C:4A7CH         LINE#         35
  C:4A81H         LINE#         36
  -------         ENDPROC       _SPI_SENDBYTE
BL51 BANKED LINKER/LOCATER V6.22                                                      02/22/2019  12:45:38  PAGE 15


  -------         PROC          SPI_RECEIVEBYTE
  -------         DO            
  D:0003H         SYMBOL        i
  D:0005H         SYMBOL        dat
  -------         ENDDO         
  C:4A82H         LINE#         39
  C:4A82H         LINE#         40
  C:4A82H         LINE#         42
  C:4A84H         LINE#         44
  C:4A86H         LINE#         45
  C:4A87H         LINE#         46
  C:4A87H         LINE#         47
  C:4A8BH         LINE#         48
  C:4A8DH         LINE#         49
  C:4A90H         LINE#         51
  C:4A93H         LINE#         52
  C:4A93H         LINE#         53
  C:4A97H         LINE#         54
  C:4A97H         LINE#         55
  C:4A97H         LINE#         56
  C:4A9AH         LINE#         57
  C:4A9FH         LINE#         58
  C:4AA1H         LINE#         59
  -------         ENDPROC       SPI_RECEIVEBYTE
  -------         PROC          _SPI_READTIME
  D:0007H         SYMBOL        addr
  -------         DO            
  D:0006H         SYMBOL        dat
  -------         ENDDO         
  C:4BAEH         LINE#         61
  C:4BAEH         LINE#         62
  C:4BAEH         LINE#         64
  C:4BB0H         LINE#         65
  C:4BB2H         LINE#         66
  C:4BB9H         LINE#         67
  C:4BBCH         LINE#         68
  C:4BBEH         LINE#         69
  C:4BBEH         LINE#         70
  -------         ENDPROC       _SPI_READTIME
  -------         PROC          _SPI_WRITETIME
  D:0002H         SYMBOL        val
  D:0005H         SYMBOL        addr
  C:4B17H         LINE#         71
  C:4B19H         LINE#         72
  C:4B19H         LINE#         74
  C:4B1BH         LINE#         75
  C:4B22H         LINE#         76
  C:4B27H         LINE#         77
  C:4B2CH         LINE#         78
  C:4B2EH         LINE#         79
  -------         ENDPROC       _SPI_WRITETIME
  -------         PROC          SPI_INIT
  C:4C0EH         LINE#         83
  C:4C0EH         LINE#         84
  C:4C0EH         LINE#         89
  C:4C11H         LINE#         90
  C:4C14H         LINE#         91
BL51 BANKED LINKER/LOCATER V6.22                                                      02/22/2019  12:45:38  PAGE 16


  C:4C16H         LINE#         92
  C:4C18H         LINE#         93
  C:4C1AH         LINE#         94
  -------         ENDPROC       SPI_INIT
  -------         PROC          _READ_TIME
  X:03BFH         SYMBOL        months
  X:03C2H         SYMBOL        days
  X:03C5H         SYMBOL        hours
  X:03C8H         SYMBOL        mins
  X:03CBH         SYMBOL        seconds
  C:4635H         LINE#         96
  C:4640H         LINE#         97
  C:4640H         LINE#         99
  C:4654H         LINE#         101
  C:4668H         LINE#         103
  C:467CH         LINE#         108
  C:4690H         LINE#         113
  -------         ENDPROC       _READ_TIME
  -------         PROC          _BCDTODEC
  D:0007H         SYMBOL        bcd
  -------         DO            
  D:0006H         SYMBOL        hi
  D:0007H         SYMBOL        lo
  -------         ENDDO         
  C:4BBFH         LINE#         119
  C:4BBFH         LINE#         120
  C:4BBFH         LINE#         122
  C:4BC4H         LINE#         123
  C:4BC8H         LINE#         124
  C:4BCFH         LINE#         125
  -------         ENDPROC       _BCDTODEC
  -------         PROC          _DAY_OF_YEAR
  D:0007H         SYMBOL        months_bcd
  D:0005H         SYMBOL        days_bcd
  -------         DO            
  D:0004H         SYMBOL        months
  D:0007H         SYMBOL        days
  -------         ENDDO         
  C:453CH         LINE#         126
  C:453CH         LINE#         127
  C:453CH         LINE#         130
  C:4541H         LINE#         132
  C:4546H         LINE#         134
  C:457FH         LINE#         135
  C:457FH         LINE#         136
  C:457FH         LINE#         137
  C:4582H         LINE#         138
  C:4582H         LINE#         139
  C:4582H         LINE#         140
  C:4587H         LINE#         141
  C:4587H         LINE#         142
  C:4587H         LINE#         143
  C:458CH         LINE#         144
  C:458CH         LINE#         145
  C:458CH         LINE#         146
  C:4591H         LINE#         147
  C:4591H         LINE#         148
BL51 BANKED LINKER/LOCATER V6.22                                                      02/22/2019  12:45:38  PAGE 17


  C:4591H         LINE#         149
  C:4596H         LINE#         150
  C:4596H         LINE#         151
  C:4596H         LINE#         152
  C:459BH         LINE#         153
  C:459BH         LINE#         154
  C:459BH         LINE#         155
  C:45A0H         LINE#         156
  C:45A0H         LINE#         157
  C:45A0H         LINE#         158
  C:45A5H         LINE#         159
  C:45A5H         LINE#         160
  C:45A5H         LINE#         161
  C:45ADH         LINE#         162
  C:45ADH         LINE#         163
  C:45ADH         LINE#         164
  C:45B2H         LINE#         165
  C:45B2H         LINE#         166
  C:45B2H         LINE#         167
  C:45B7H         LINE#         168
  C:45B7H         LINE#         169
  C:45B7H         LINE#         170
  C:45BFH         LINE#         171
  C:45BFH         LINE#         172
  C:45BFH         LINE#         173
  -------         ENDPROC       _DAY_OF_YEAR
  -------         ENDMOD        PCF85063BTL

  -------         MODULE        UART1
  C:0000H         SYMBOL        _ICE_DUMMY_
  D:0080H         PUBLIC        P0
  D:0090H         PUBLIC        P1
  D:00A0H         PUBLIC        P2
  D:00B0H         PUBLIC        P3
  D:00C0H         PUBLIC        P4
  D:00C8H         PUBLIC        P5
  B:00A8H.7       PUBLIC        EA
  D:00E8H         PUBLIC        P6
  D:00F8H         PUBLIC        P7
  C:493AH         PUBLIC        _SendString
  D:00A8H         PUBLIC        IE
  B:00A8H.4       PUBLIC        ES
  D:00B8H         PUBLIC        IP
  C:4B2FH         PUBLIC        _ASCIItoBCD
  D:00D8H         PUBLIC        CCON
  C:4BD0H         PUBLIC        initUART1
  D:0098H         PUBLIC        SCON
  D:0088H         PUBLIC        TCON
  C:000AH         PUBLIC        _DectoBCD
  C:4C52H         PUBLIC        _ASCII_Letter
  D:008EH         PUBLIC        AUXR
  C:4C4DH         PUBLIC        _unit
  C:0003H         PUBLIC        _ten
  D:00D6H         PUBLIC        T2H
  D:00D7H         PUBLIC        T2L
  D:00D0H         PUBLIC        PSW
  -------         PROC          INITUART1
BL51 BANKED LINKER/LOCATER V6.22                                                      02/22/2019  12:45:38  PAGE 18


  C:4BD0H         LINE#         21
  C:4BD0H         LINE#         22
  C:4BD0H         LINE#         23
  C:4BD3H         LINE#         24
  C:4BD6H         LINE#         25
  C:4BD9H         LINE#         26
  C:4BDCH         LINE#         27
  C:4BDEH         LINE#         28
  C:4BE0H         LINE#         30
  -------         ENDPROC       INITUART1
  -------         PROC          _SENDSTRING
  X:0632H         SYMBOL        s
  C:493AH         LINE#         35
  C:4945H         LINE#         36
  C:4945H         LINE#         37
  C:4955H         LINE#         38
  C:4955H         LINE#         39
  C:496AH         LINE#         40
  C:496CH         LINE#         41
  -------         ENDPROC       _SENDSTRING
  -------         PROC          _TEN
  D:0007H         SYMBOL        BCD
  C:0003H         LINE#         43
  C:0003H         LINE#         44
  C:0003H         LINE#         45
  C:0008H         LINE#         46
  -------         ENDPROC       _TEN
  -------         PROC          _UNIT
  D:0007H         SYMBOL        BCD
  C:4C4DH         LINE#         47
  C:4C4DH         LINE#         48
  C:4C4DH         LINE#         52
  C:4C51H         LINE#         53
  -------         ENDPROC       _UNIT
  -------         PROC          _DECTOBCD
  D:0007H         SYMBOL        dec
  C:000AH         LINE#         54
  C:000AH         LINE#         55
  C:000AH         LINE#         57
  C:000AH         LINE#         58
  -------         ENDPROC       _DECTOBCD
  -------         PROC          _ASCII_LETTER
  D:0007H         SYMBOL        dat
  C:4C52H         LINE#         60
  C:4C52H         LINE#         61
  C:4C52H         LINE#         63
  C:4C56H         LINE#         64
  -------         ENDPROC       _ASCII_LETTER
  -------         PROC          _ASCIITOBCD
  D:0001H         SYMBOL        ascii
  -------         DO            
  D:0007H         SYMBOL        dec_val
  D:0006H         SYMBOL        ten
  D:0007H         SYMBOL        unit
  -------         ENDDO         
  C:4B2FH         LINE#         66
  C:4B2FH         LINE#         67
BL51 BANKED LINKER/LOCATER V6.22                                                      02/22/2019  12:45:38  PAGE 19


  C:4B2FH         LINE#         69
  C:4B32H         LINE#         70
  C:4B38H         LINE#         71
  C:4B3FH         LINE#         72
  C:4B45H         LINE#         74
  -------         ENDPROC       _ASCIITOBCD
  -------         ENDMOD        UART1

  -------         MODULE        LCD_DRIVER_SPLC780D
  C:0000H         SYMBOL        _ICE_DUMMY_
  D:0092H         PUBLIC        P1M0
  D:0091H         PUBLIC        P1M1
  D:0080H         PUBLIC        P0
  D:0090H         PUBLIC        P1
  D:00A0H         PUBLIC        P2
  D:00B0H         PUBLIC        P3
  D:00C0H         PUBLIC        P4
  D:00C8H         PUBLIC        P5
  D:00E8H         PUBLIC        P6
  D:00F8H         PUBLIC        P7
  C:45C0H         PUBLIC        _WriteData
  D:00A8H         PUBLIC        IE
  D:00B8H         PUBLIC        IP
  D:00D8H         PUBLIC        CCON
  B:00B0H.4       PUBLIC        LCD_D4
  B:00B0H.5       PUBLIC        LCD_D5
  B:00B0H.6       PUBLIC        LCD_D6
  C:4ADFH         PUBLIC        _DisplayLCD
  B:00B0H.7       PUBLIC        LCD_D7
  D:0098H         PUBLIC        SCON
  D:0088H         PUBLIC        TCON
  C:4C3DH         PUBLIC        LCD_clear
  C:487FH         PUBLIC        _Command
  C:4B5CH         PUBLIC        _Display_Line
  C:46FEH         PUBLIC        LCD_Init
  C:4A44H         PUBLIC        _Wait_ms
  B:00C0H.0       PUBLIC        LCD_RS
  B:00B0H.2       PUBLIC        LCD_RW
  C:4C33H         PUBLIC        LCD_return_home
  B:00B0H.3       PUBLIC        LCD_E
  D:00D0H         PUBLIC        PSW
  -------         PROC          LCD_INIT
  C:46FEH         LINE#         9
  C:46FEH         LINE#         10
  C:46FEH         LINE#         11
  C:4701H         LINE#         12
  C:4704H         LINE#         14
  C:470AH         LINE#         15
  C:470FH         LINE#         17
  C:4716H         LINE#         18
  C:471BH         LINE#         20
  C:471EH         LINE#         21
  C:4723H         LINE#         23
  C:4726H         LINE#         24
  C:472BH         LINE#         26
  C:4732H         LINE#         29
  C:4737H         LINE#         30
BL51 BANKED LINKER/LOCATER V6.22                                                      02/22/2019  12:45:38  PAGE 20


  C:473CH         LINE#         32
  C:4741H         LINE#         33
  C:4746H         LINE#         35
  C:474BH         LINE#         36
  C:4750H         LINE#         37
  -------         ENDPROC       LCD_INIT
  -------         PROC          _WRITEDATA
  X:046CH         SYMBOL        dat
  C:45C0H         LINE#         40
  C:45C5H         LINE#         41
  C:45C5H         LINE#         46
  C:45C7H         LINE#         47
  C:45C9H         LINE#         49
  C:45D7H         LINE#         50
  C:45E3H         LINE#         51
  C:45EFH         LINE#         52
  C:45F9H         LINE#         53
  C:45FBH         LINE#         54
  C:4602H         LINE#         55
  C:4604H         LINE#         57
  C:4614H         LINE#         58
  C:461FH         LINE#         59
  C:4629H         LINE#         60
  C:462DH         LINE#         62
  C:462DH         LINE#         63
  C:4630H         LINE#         64
  C:4632H         LINE#         65
  C:4634H         LINE#         67
  -------         ENDPROC       _WRITEDATA
  -------         PROC          _COMMAND
  D:0007H         SYMBOL        dat
  C:487FH         LINE#         69
  C:487FH         LINE#         70
  C:487FH         LINE#         71
  C:4881H         LINE#         72
  C:4883H         LINE#         74
  C:488DH         LINE#         75
  C:4891H         LINE#         77
  C:4893H         LINE#         78
  C:489CH         LINE#         79
  C:48A0H         LINE#         81
  C:48A2H         LINE#         82
  C:48A9H         LINE#         83
  C:48ADH         LINE#         85
  C:48AFH         LINE#         86
  C:48B3H         LINE#         87
  C:48B7H         LINE#         89
  C:48B9H         LINE#         90
  C:48B9H         LINE#         91
  C:48BCH         LINE#         92
  C:48BEH         LINE#         93
  -------         ENDPROC       _COMMAND
  C:4A40H         SYMBOL        L?0028
  -------         PROC          L?0027
  -------         ENDPROC       L?0027
  C:4A40H         SYMBOL        L?0028
  -------         PROC          _WAIT_MS
BL51 BANKED LINKER/LOCATER V6.22                                                      02/22/2019  12:45:38  PAGE 21


  D:0006H         SYMBOL        ms
  -------         DO            
  D:0004H         SYMBOL        De_Cnt
  -------         ENDDO         
  C:4A44H         LINE#         95
  C:4A44H         LINE#         96
  C:4A44H         LINE#         98
  C:4A4EH         LINE#         99
  C:4A4EH         LINE#         100
  C:4A61H         LINE#         101
  C:4A61H         LINE#         102
  -------         ENDPROC       _WAIT_MS
  -------         PROC          _DISPLAYLCD
  D:0007H         SYMBOL        BCD
  -------         DO            
  D:0006H         SYMBOL        first_digit
  X:03BFH         SYMBOL        second_digit
  -------         ENDDO         
  C:4ADFH         LINE#         103
  C:4ADFH         LINE#         104
  C:4ADFH         LINE#         106
  C:4AE6H         LINE#         107
  C:4AEFH         LINE#         109
  C:4AF4H         LINE#         111
  -------         ENDPROC       _DISPLAYLCD
  -------         PROC          LCD_RETURN_HOME
  C:4C33H         LINE#         115
  C:4C33H         LINE#         116
  C:4C33H         LINE#         117
  C:4C38H         LINE#         118
  -------         ENDPROC       LCD_RETURN_HOME
  -------         PROC          LCD_CLEAR
  C:4C3DH         LINE#         121
  C:4C3DH         LINE#         122
  C:4C3DH         LINE#         123
  C:4C42H         LINE#         124
  -------         ENDPROC       LCD_CLEAR
  -------         PROC          _DISPLAY_LINE
  D:0006H         SYMBOL        line
  C:4B5CH         LINE#         128
  C:4B5CH         LINE#         129
  C:4B5CH         LINE#         130
  C:4B62H         LINE#         131
  C:4B62H         LINE#         132
  C:4B64H         LINE#         133
  C:4B64H         LINE#         134
  C:4B66H         LINE#         136
  C:4B66H         LINE#         137
  C:4B6BH         LINE#         138
  C:4B70H         LINE#         139
  C:4B70H         LINE#         140
  -------         ENDPROC       _DISPLAY_LINE
  -------         ENDMOD        LCD_DRIVER_SPLC780D

  -------         MODULE        KEYPAD
  C:0000H         SYMBOL        _ICE_DUMMY_
  D:0093H         PUBLIC        P0M1
BL51 BANKED LINKER/LOCATER V6.22                                                      02/22/2019  12:45:38  PAGE 22


  D:0080H         PUBLIC        P0
  D:0090H         PUBLIC        P1
  D:00A0H         PUBLIC        P2
  D:00B0H         PUBLIC        P3
  D:00C0H         PUBLIC        P4
  D:00C8H         PUBLIC        P5
  B:0020H.0       PUBLIC        calib_mode
  D:00E8H         PUBLIC        P6
  D:00F8H         PUBLIC        P7
  D:00A8H         PUBLIC        IE
  C:34D1H         PUBLIC        Key_Scan
  D:00B8H         PUBLIC        IP
  D:00D8H         PUBLIC        CCON
  C:4C1BH         PUBLIC        KeyPad_IO_Init
  C:4AC1H         PUBLIC        _Delay_ms
  D:0098H         PUBLIC        SCON
  D:0088H         PUBLIC        TCON
  B:0020H.1       PUBLIC        small_move
  B:0020H.2       PUBLIC        move
  B:0020H.3       PUBLIC        direction
  B:0020H.4       PUBLIC        auto_move
  C:3060H         PUBLIC        Key_Process
  D:00D0H         PUBLIC        PSW
  D:0094H         PUBLIC        P0M0
  -------         PROC          _DELAY_MS
  D:0006H         SYMBOL        ms
  -------         DO            
  D:0004H         SYMBOL        De_Cnt
  -------         ENDDO         
  C:4AC1H         LINE#         19
  C:4AC1H         LINE#         20
  C:4AC1H         LINE#         22
  C:4ACBH         LINE#         23
  C:4ACBH         LINE#         24
  C:4ADEH         LINE#         25
  C:4ADEH         LINE#         26
  -------         ENDPROC       _DELAY_MS
  -------         PROC          KEY_SCAN
  -------         DO            
  X:03C5H         SYMBOL        KeyTemp1
  X:03C6H         SYMBOL        KeyTemp2
  X:03C7H         SYMBOL        KeyValue
  -------         ENDDO         
  C:34D1H         LINE#         27
  C:34D1H         LINE#         28
  C:34D1H         LINE#         33
  C:34D4H         LINE#         36
  C:34D7H         LINE#         38
  C:34DFH         LINE#         39
  C:34E6H         LINE#         40
  C:34E6H         LINE#         42
  C:34EBH         LINE#         43
  C:34F2H         LINE#         44
  C:34F2H         LINE#         47
  C:34F5H         LINE#         48
  C:34F8H         LINE#         49
  C:34FDH         LINE#         50
BL51 BANKED LINKER/LOCATER V6.22                                                      02/22/2019  12:45:38  PAGE 23


  C:3501H         LINE#         51
  C:3501H         LINE#         52
  C:3509H         LINE#         53
  C:3509H         LINE#         54
  C:350CH         LINE#         55
  C:3514H         LINE#         56
  C:3516H         LINE#         58
  C:352AH         LINE#         59
  C:352AH         LINE#         60
  C:352AH         LINE#         61
  C:352AH         LINE#         62
  C:3530H         LINE#         64
  C:3532H         LINE#         65
  C:3532H         LINE#         66
  C:3532H         LINE#         67
  C:3538H         LINE#         69
  C:353AH         LINE#         70
  C:353AH         LINE#         71
  C:353AH         LINE#         72
  C:3540H         LINE#         74
  C:3542H         LINE#         75
  C:3542H         LINE#         76
  C:3542H         LINE#         77
  C:3548H         LINE#         79
  C:3548H         LINE#         80
  C:3548H         LINE#         81
  C:3548H         LINE#         84
  C:354BH         LINE#         85
  C:354EH         LINE#         86
  C:3556H         LINE#         87
  C:355AH         LINE#         88
  C:355AH         LINE#         89
  C:3562H         LINE#         90
  C:3562H         LINE#         91
  C:3565H         LINE#         92
  C:356DH         LINE#         93
  C:356FH         LINE#         94
  C:3583H         LINE#         95
  C:3583H         LINE#         96
  C:3583H         LINE#         97
  C:3583H         LINE#         98
  C:3589H         LINE#         100
  C:358BH         LINE#         101
  C:358BH         LINE#         102
  C:358BH         LINE#         103
  C:3591H         LINE#         105
  C:3593H         LINE#         106
  C:3593H         LINE#         107
  C:3593H         LINE#         108
  C:3599H         LINE#         110
  C:359BH         LINE#         111
  C:359BH         LINE#         112
  C:359BH         LINE#         113
  C:35A0H         LINE#         115
  C:35A0H         LINE#         116
  C:35A0H         LINE#         117
  C:35A0H         LINE#         120
BL51 BANKED LINKER/LOCATER V6.22                                                      02/22/2019  12:45:38  PAGE 24


  C:35A3H         LINE#         121
  C:35A6H         LINE#         122
  C:35AEH         LINE#         123
  C:35B2H         LINE#         124
  C:35B2H         LINE#         125
  C:35BAH         LINE#         126
  C:35BAH         LINE#         127
  C:35BDH         LINE#         128
  C:35C5H         LINE#         129
  C:35C7H         LINE#         130
  C:35DBH         LINE#         131
  C:35DBH         LINE#         132
  C:35DBH         LINE#         133
  C:35DBH         LINE#         134
  C:35E1H         LINE#         136
  C:35E3H         LINE#         137
  C:35E3H         LINE#         138
  C:35E3H         LINE#         139
  C:35E9H         LINE#         141
  C:35EBH         LINE#         142
  C:35EBH         LINE#         143
  C:35EBH         LINE#         144
  C:35F1H         LINE#         146
  C:35F3H         LINE#         147
  C:35F3H         LINE#         148
  C:35F3H         LINE#         149
  C:35F9H         LINE#         151
  C:35F9H         LINE#         152
  C:35F9H         LINE#         153
  C:35F9H         LINE#         157
  C:35FCH         LINE#         158
  C:35FFH         LINE#         159
  C:3607H         LINE#         160
  C:360BH         LINE#         161
  C:360BH         LINE#         162
  C:3613H         LINE#         163
  C:3613H         LINE#         164
  C:3616H         LINE#         165
  C:361EH         LINE#         166
  C:3620H         LINE#         167
  C:3634H         LINE#         168
  C:3634H         LINE#         169
  C:3634H         LINE#         170
  C:3634H         LINE#         171
  C:363AH         LINE#         173
  C:363CH         LINE#         174
  C:363CH         LINE#         175
  C:363CH         LINE#         176
  C:3642H         LINE#         178
  C:3644H         LINE#         179
  C:3644H         LINE#         180
  C:3644H         LINE#         181
  C:364AH         LINE#         183
  C:364CH         LINE#         184
  C:364CH         LINE#         185
  C:364CH         LINE#         186
  C:3652H         LINE#         188
BL51 BANKED LINKER/LOCATER V6.22                                                      02/22/2019  12:45:38  PAGE 25


  C:3652H         LINE#         189
  C:3652H         LINE#         190
  C:3652H         LINE#         192
  C:3658H         LINE#         193
  C:3658H         LINE#         195
  C:3658H         LINE#         196
  C:365BH         LINE#         197
  C:365BH         LINE#         198
  C:365BH         LINE#         200
  C:365BH         LINE#         201
  C:365DH         LINE#         202
  C:365DH         LINE#         203
  -------         ENDPROC       KEY_SCAN
  -------         PROC          KEY_PROCESS
  -------         DO            
  X:0618H         SYMBOL        KeyCount
  X:061AH         SYMBOL        KeyNum_Old
  X:061BH         SYMBOL        KeyNum
  X:061CH         SYMBOL        PressedKey
  X:03BFH         SYMBOL        d
  D:0004H         SYMBOL        hours
  D:0006H         SYMBOL        mins
  X:03C1H         SYMBOL        months
  X:03C3H         SYMBOL        days
  -------         ENDDO         
  C:3060H         LINE#         204
  C:3060H         LINE#         205
  C:3060H         LINE#         209
  C:3068H         LINE#         210
  C:3070H         LINE#         212
  C:3073H         LINE#         213
  C:3073H         LINE#         214
  C:3076H         LINE#         216
  C:3076H         LINE#         217
  C:3083H         LINE#         218
  C:3083H         LINE#         219
  C:3086H         LINE#         220
  C:3089H         LINE#         222
  C:308CH         LINE#         224
  C:308CH         LINE#         225
  C:3097H         LINE#         226
  C:3097H         LINE#         227
  C:309AH         LINE#         229
  C:309AH         LINE#         230
  C:30A1H         LINE#         231
  C:30A1H         LINE#         232
  C:30A4H         LINE#         234
  C:30A4H         LINE#         235
  C:30ACH         LINE#         236
  C:30ACH         LINE#         237
  C:30B6H         LINE#         238
  C:30BEH         LINE#         240
  C:30C7H         LINE#         242
  C:30C7H         LINE#         251
  C:30DCH         LINE#         252
  C:30DCH         LINE#         253
  C:30EEH         LINE#         254
BL51 BANKED LINKER/LOCATER V6.22                                                      02/22/2019  12:45:38  PAGE 26


  C:30FCH         LINE#         255
  C:310BH         LINE#         256
  C:310BH         LINE#         258
  C:3111H         LINE#         262
  C:3127H         LINE#         263
  C:3138H         LINE#         264
  C:3153H         LINE#         265
  C:3153H         LINE#         266
  C:3163H         LINE#         267
  C:3174H         LINE#         268
  C:3174H         LINE#         272
  C:318DH         LINE#         273
  C:31A4H         LINE#         274
  C:31C4H         LINE#         275
  C:31C4H         LINE#         276
  C:31CEH         LINE#         277
  C:31CEH         LINE#         278
  C:31D7H         LINE#         279
  C:31D7H         LINE#         280
  C:31EBH         LINE#         281
  C:31EBH         LINE#         282
  C:31EBH         LINE#         283
  C:31EBH         LINE#         284
  C:31EBH         LINE#         285
  C:31EDH         LINE#         287
  C:31EDH         LINE#         288
  C:31F9H         LINE#         289
  C:31F9H         LINE#         290
  C:320AH         LINE#         291
  C:320AH         LINE#         292
  C:320AH         LINE#         293
  C:320AH         LINE#         294
  C:320AH         LINE#         296
  C:320CH         LINE#         298
  C:320CH         LINE#         299
  C:321DH         LINE#         300
  C:321DH         LINE#         301
  C:321DH         LINE#         302
  C:321DH         LINE#         303
  C:321DH         LINE#         305
  C:321DH         LINE#         307
  C:321DH         LINE#         308
  C:321FH         LINE#         310
  C:321FH         LINE#         311
  C:3232H         LINE#         312
  C:3232H         LINE#         313
  C:3243H         LINE#         314
  C:3243H         LINE#         315
  C:3243H         LINE#         316
  C:3243H         LINE#         317
  C:3243H         LINE#         318
  C:3245H         LINE#         320
  C:3245H         LINE#         321
  C:3256H         LINE#         322
  C:3256H         LINE#         323
  C:3267H         LINE#         324
  C:3278H         LINE#         325
BL51 BANKED LINKER/LOCATER V6.22                                                      02/22/2019  12:45:38  PAGE 27


  C:3278H         LINE#         326
  C:3278H         LINE#         327
  C:3278H         LINE#         328
  C:3278H         LINE#         329
  C:327BH         LINE#         330
  C:3280H         LINE#         331
  C:3285H         LINE#         332
  C:328AH         LINE#         333
  C:328FH         LINE#         334
  C:3294H         LINE#         335
  C:3299H         LINE#         336
  C:329EH         LINE#         337
  C:329EH         LINE#         339
  C:32C0H         LINE#         340
  C:32C0H         LINE#         341
  C:32CAH         LINE#         342
  C:32CAH         LINE#         343
  C:32CFH         LINE#         344
  C:32D8H         LINE#         345
  C:32EFH         LINE#         346
  C:32EFH         LINE#         347
  C:32FFH         LINE#         349
  C:32FFH         LINE#         353
  -------         ENDPROC       KEY_PROCESS
  -------         PROC          KEYPAD_IO_INIT
  C:4C1BH         LINE#         356
  C:4C1BH         LINE#         357
  C:4C1BH         LINE#         358
  C:4C1EH         LINE#         359
  C:4C21H         LINE#         360
  C:4C24H         LINE#         361
  C:4C26H         LINE#         362
  -------         ENDPROC       KEYPAD_IO_INIT
  -------         ENDMOD        KEYPAD

  -------         MODULE        BIPOLARMOTOR
  C:0000H         SYMBOL        _ICE_DUMMY_
  D:0080H         PUBLIC        P0
  D:0090H         PUBLIC        P1
  X:0000H         PUBLIC        RX_pos_test
  D:00A0H         PUBLIC        P2
  D:00B0H         PUBLIC        P3
  D:00C0H         PUBLIC        P4
  D:00C8H         PUBLIC        P5
  D:00E8H         PUBLIC        P6
  D:00F8H         PUBLIC        P7
  X:00A0H         PUBLIC        low_date_azimuth_mapping
  D:00A8H         PUBLIC        IE
  C:3F8DH         PUBLIC        linear_interpolate
  C:49EFH         PUBLIC        _Move
  D:00B8H         PUBLIC        IP
  C:3333H         PUBLIC        _findDet3x3
  C:2DA0H         PUBLIC        _findDet4x4
  D:00D8H         PUBLIC        CCON
  X:00C8H         PUBLIC        previous_move_time
  D:0098H         PUBLIC        SCON
  D:0088H         PUBLIC        TCON
BL51 BANKED LINKER/LOCATER V6.22                                                      02/22/2019  12:45:38  PAGE 28


  C:4C57H         PUBLIC        wait
  C:48BFH         PUBLIC        _Step_move
  X:00C9H         PUBLIC        dat
  C:000EH         PUBLIC        _Update_position
  C:47A7H         PUBLIC        vOneStepMove
  X:00CFH         PUBLIC        elevation_stamp
  X:010BH         PUBLIC        date_azimuth_mapping
  X:0133H         PUBLIC        RX_pos
  C:4B06H         PUBLIC        _BCDtoDec1
  X:038BH         PUBLIC        degree
  D:00D0H         PUBLIC        PSW
  -------         PROC          L?0062
  -------         ENDPROC       L?0062
  -------         PROC          _BCDTODEC1
  D:0007H         SYMBOL        bcd
  -------         DO            
  D:0006H         SYMBOL        hi
  D:0007H         SYMBOL        lo
  -------         ENDDO         
  C:4B06H         LINE#         28
  C:4B06H         LINE#         29
  C:4B06H         LINE#         31
  C:4B0BH         LINE#         32
  C:4B0FH         LINE#         33
  C:4B16H         LINE#         34
  -------         ENDPROC       _BCDTODEC1
  -------         PROC          WAIT
  C:4C57H         LINE#         36
  C:4C57H         LINE#         38
  -------         ENDPROC       WAIT
  -------         PROC          VONESTEPMOVE
  B:0020H.7       SYMBOL        bDir
  C:47A7H         LINE#         40
  C:47A7H         LINE#         41
  C:47A7H         LINE#         43
  C:47ADH         LINE#         44
  C:47ADH         LINE#         45
  C:47B0H         LINE#         46
  C:47B9H         LINE#         47
  C:47C0H         LINE#         48
  C:47C5H         LINE#         49
  C:47C5H         LINE#         50
  C:47C5H         LINE#         52
  C:47C7H         LINE#         55
  C:47C7H         LINE#         56
  C:47CAH         LINE#         57
  C:47D3H         LINE#         58
  C:47DAH         LINE#         59
  C:47E0H         LINE#         60
  C:47E9H         LINE#         61
  C:47F0H         LINE#         62
  C:47F0H         LINE#         66
  -------         ENDPROC       VONESTEPMOVE
  -------         PROC          _STEP_MOVE
  X:047BH         SYMBOL        step
  B:0020H.6       SYMBOL        dir
  -------         DO            
BL51 BANKED LINKER/LOCATER V6.22                                                      02/22/2019  12:45:38  PAGE 29


  X:047DH         SYMBOL        i
  -------         ENDDO         
  C:48BFH         LINE#         68
  C:48C7H         LINE#         69
  C:48C7H         LINE#         71
  C:48CCH         LINE#         74
  C:48E7H         LINE#         75
  C:48E7H         LINE#         76
  C:48EEH         LINE#         78
  C:48FEH         LINE#         80
  -------         ENDPROC       _STEP_MOVE
  -------         PROC          _MOVE
  X:0477H         SYMBOL        distance
  B:0020H.5       SYMBOL        direction
  -------         DO            
  D:0006H         SYMBOL        step
  -------         ENDDO         
  C:49EFH         LINE#         82
  C:49F5H         LINE#         83
  C:49F5H         LINE#         86
  C:4A10H         LINE#         87
  -------         ENDPROC       _MOVE
  C:3314H         SYMBOL        L?0058
  C:3328H         SYMBOL        L?0059
  -------         PROC          L?0057
  -------         ENDPROC       L?0057
  C:3314H         SYMBOL        L?0058
  C:3328H         SYMBOL        L?0059
  -------         PROC          _FINDDET3X3
  X:05F4H         SYMBOL        a11
  X:05F8H         SYMBOL        a12
  X:05FCH         SYMBOL        a13
  X:0600H         SYMBOL        a21
  X:0604H         SYMBOL        a22
  X:0608H         SYMBOL        a23
  X:060CH         SYMBOL        a31
  X:0610H         SYMBOL        a32
  X:0614H         SYMBOL        a33
  C:3333H         LINE#         91
  C:3339H         LINE#         95
  C:3339H         LINE#         96
  C:34D0H         LINE#         98
  -------         ENDPROC       _FINDDET3X3
  -------         PROC          _FINDDET4X4
  X:05B4H         SYMBOL        a11
  X:05B8H         SYMBOL        a12
  X:05BCH         SYMBOL        a13
  X:05C0H         SYMBOL        a14
  X:05C4H         SYMBOL        a21
  X:05C8H         SYMBOL        a22
  X:05CCH         SYMBOL        a23
  X:05D0H         SYMBOL        a24
  X:05D4H         SYMBOL        a31
  X:05D8H         SYMBOL        a32
  X:05DCH         SYMBOL        a33
  X:05E0H         SYMBOL        a34
  X:05E4H         SYMBOL        a41
BL51 BANKED LINKER/LOCATER V6.22                                                      02/22/2019  12:45:38  PAGE 30


  X:05E8H         SYMBOL        a42
  X:05ECH         SYMBOL        a43
  X:05F0H         SYMBOL        a44
  C:2DA0H         LINE#         99
  C:2DA6H         LINE#         103
  C:2DA6H         LINE#         110
  C:305FH         LINE#         114
  -------         ENDPROC       _FINDDET4X4
  C:3F7CH         SYMBOL        L?0061
  -------         PROC          L?0060
  -------         ENDPROC       L?0060
  C:3F7CH         SYMBOL        L?0061
  -------         PROC          LINEAR_INTERPOLATE
  X:0477H         SYMBOL        p1
  X:047FH         SYMBOL        p2
  X:0487H         SYMBOL        x
  -------         DO            
  D:0004H         SYMBOL        fx
  -------         ENDDO         
  C:3F8DH         LINE#         120
  C:3F8DH         LINE#         121
  C:3F8DH         LINE#         124
  C:402CH         LINE#         126
  C:402CH         LINE#         127
  -------         ENDPROC       LINEAR_INTERPOLATE
  -------         PROC          _UPDATE_POSITION
  D:0001H         SYMBOL        mnths
  D:0002H         SYMBOL        dys
  X:03DAH         SYMBOL        hurs
  X:03DBH         SYMBOL        mns
  X:03DCH         SYMBOL        sconds
  X:03DDH         SYMBOL        currnt_pos
  X:03E0H         SYMBOL        offset_calib
  -------         DO            
  X:03E4H         SYMBOL        date
  X:03E6H         SYMBOL        i
  X:03E8H         SYMBOL        yy
  X:03EAH         SYMBOL        desired_distance
  X:03EEH         SYMBOL        distance
  X:03F2H         SYMBOL        JP_pos
  X:03F6H         SYMBOL        pos_interpolate_azimuth
  X:0432H         SYMBOL        current_local_sun_time
  X:0436H         SYMBOL        azimuth
  X:043AH         SYMBOL        elevation
  X:043EH         SYMBOL        time_offset
  X:0442H         SYMBOL        UTC_time
  X:0446H         SYMBOL        declination
  X:044AH         SYMBOL        p1
  X:0452H         SYMBOL        p2
  X:045AH         SYMBOL        time
  X:046CH         SYMBOL        location
  X:0474H         SYMBOL        sunCoord
  -------         ENDDO         
  C:000EH         LINE#         131
  C:0017H         LINE#         134
  C:0017H         LINE#         135
  C:0022H         LINE#         137
BL51 BANKED LINKER/LOCATER V6.22                                                      02/22/2019  12:45:38  PAGE 31


  C:003EH         LINE#         138
  C:0048H         LINE#         146
  C:0052H         LINE#         147
  C:005CH         LINE#         148
  C:0066H         LINE#         149
  C:0071H         LINE#         150
  C:007CH         LINE#         151
  C:0095H         LINE#         152
  C:00A6H         LINE#         153
  C:00B5H         LINE#         156
  C:00C9H         LINE#         160
  C:011BH         LINE#         161
  C:027FH         LINE#         162
  C:02CFH         LINE#         164
  C:03F7H         LINE#         166
  C:04C6H         LINE#         173
  C:050DH         LINE#         174
  C:050DH         LINE#         176
  C:0527H         LINE#         177
  C:0527H         LINE#         178
  C:0597H         LINE#         179
  C:0597H         LINE#         180
  C:059EH         LINE#         181
  C:059EH         LINE#         182
  C:05CBH         LINE#         183
  C:05E6H         LINE#         185
  C:062DH         LINE#         186
  C:0661H         LINE#         188
  C:06A7H         LINE#         189
  C:06CAH         LINE#         191
  C:06CAH         LINE#         193
  C:0740H         LINE#         194
  C:0740H         LINE#         195
  C:0747H         LINE#         196
  C:0747H         LINE#         197
  C:0774H         LINE#         198
  C:078FH         LINE#         200
  C:07D6H         LINE#         201
  C:080AH         LINE#         203
  C:0850H         LINE#         204
  C:0870H         LINE#         206
  C:0870H         LINE#         207
  C:0881H         LINE#         210
  C:089BH         LINE#         211
  C:089BH         LINE#         212
  C:090BH         LINE#         213
  C:090BH         LINE#         214
  C:0938H         LINE#         215
  C:0953H         LINE#         217
  C:0980H         LINE#         218
  C:099BH         LINE#         220
  C:09CDH         LINE#         223
  C:09CDH         LINE#         225
  C:09DEH         LINE#         227
  C:0A0DH         LINE#         229
  C:0A32H         LINE#         230
  C:0A97H         LINE#         231
BL51 BANKED LINKER/LOCATER V6.22                                                      02/22/2019  12:45:38  PAGE 32


  C:0A97H         LINE#         232
  C:0AB1H         LINE#         233
  C:0AC3H         LINE#         234
  C:0ADBH         LINE#         235
  C:0AF1H         LINE#         237
  C:0B0DH         LINE#         238
  C:0B0DH         LINE#         239
  C:0B0DH         LINE#         242
  -------         ENDPROC       _UPDATE_POSITION
  -------         ENDMOD        BIPOLARMOTOR

  -------         MODULE        SUNPOS
  C:0000H         SYMBOL        _ICE_DUMMY_
  C:1F03H         PUBLIC        sunpos
  -------         PROC          SUNPOS
  X:0477H         SYMBOL        udtTime
  X:0489H         SYMBOL        udtLocation
  X:0491H         SYMBOL        udtSunCoordinates
  -------         DO            
  X:0494H         SYMBOL        dElapsedJulianDays
  X:0498H         SYMBOL        dDecimalHours
  X:049CH         SYMBOL        dEclipticLongitude
  X:04A0H         SYMBOL        dEclipticObliquity
  X:04A4H         SYMBOL        dRightAscension
  X:04A8H         SYMBOL        dDeclination
  X:04ACH         SYMBOL        dY
  X:04B0H         SYMBOL        dX
  -------         DO            
  X:04B4H         SYMBOL        dJulianDate
  X:04B8H         SYMBOL        liAux1
  X:04BCH         SYMBOL        liAux2
  X:04B4H         SYMBOL        dMeanLongitude
  X:04B8H         SYMBOL        dMeanAnomaly
  X:04BCH         SYMBOL        dOmega
  X:04B4H         SYMBOL        dSin_EclipticLongitude
  X:04B4H         SYMBOL        dGreenwichMeanSiderealTime
  X:04B8H         SYMBOL        dLocalMeanSiderealTime
  X:04BCH         SYMBOL        dLatitudeInRadians
  X:04C0H         SYMBOL        dHourAngle
  X:04C4H         SYMBOL        dCos_Latitude
  X:04C8H         SYMBOL        dSin_Latitude
  X:04CCH         SYMBOL        dCos_HourAngle
  X:04D0H         SYMBOL        dParallax
  -------         ENDDO         
  -------         DO            
  X:04B4H         SYMBOL        dMeanLongitude
  X:04B8H         SYMBOL        dMeanAnomaly
  X:04BCH         SYMBOL        dOmega
  X:04B4H         SYMBOL        dSin_EclipticLongitude
  X:04B4H         SYMBOL        dGreenwichMeanSiderealTime
  X:04B8H         SYMBOL        dLocalMeanSiderealTime
  X:04BCH         SYMBOL        dLatitudeInRadians
  X:04C0H         SYMBOL        dHourAngle
  X:04C4H         SYMBOL        dCos_Latitude
  X:04C8H         SYMBOL        dSin_Latitude
  X:04CCH         SYMBOL        dCos_HourAngle
  X:04D0H         SYMBOL        dParallax
BL51 BANKED LINKER/LOCATER V6.22                                                      02/22/2019  12:45:38  PAGE 33


  -------         ENDDO         
  -------         DO            
  X:04B4H         SYMBOL        dSin_EclipticLongitude
  X:04B4H         SYMBOL        dGreenwichMeanSiderealTime
  X:04B8H         SYMBOL        dLocalMeanSiderealTime
  X:04BCH         SYMBOL        dLatitudeInRadians
  X:04C0H         SYMBOL        dHourAngle
  X:04C4H         SYMBOL        dCos_Latitude
  X:04C8H         SYMBOL        dSin_Latitude
  X:04CCH         SYMBOL        dCos_HourAngle
  X:04D0H         SYMBOL        dParallax
  -------         ENDDO         
  -------         DO            
  X:04B4H         SYMBOL        dGreenwichMeanSiderealTime
  X:04B8H         SYMBOL        dLocalMeanSiderealTime
  X:04BCH         SYMBOL        dLatitudeInRadians
  X:04C0H         SYMBOL        dHourAngle
  X:04C4H         SYMBOL        dCos_Latitude
  X:04C8H         SYMBOL        dSin_Latitude
  X:04CCH         SYMBOL        dCos_HourAngle
  X:04D0H         SYMBOL        dParallax
  -------         ENDDO         
  -------         ENDDO         
  C:1F03H         LINE#         6
  C:1F03H         LINE#         7
  C:1F03H         LINE#         9
  C:1F03H         LINE#         27
  C:1F4DH         LINE#         30
  C:1F6EH         LINE#         31
  C:20B5H         LINE#         34
  C:2101H         LINE#         36
  C:2120H         LINE#         37
  C:2120H         LINE#         42
  C:2120H         LINE#         46
  C:2152H         LINE#         47
  C:217CH         LINE#         48
  C:21A6H         LINE#         49
  C:2253H         LINE#         52
  C:22B4H         LINE#         54
  C:22B4H         LINE#         59
  C:22B4H         LINE#         61
  C:22CBH         LINE#         62
  C:22F3H         LINE#         63
  C:230AH         LINE#         64
  C:2335H         LINE#         65
  C:236CH         LINE#         66
  C:2397H         LINE#         67
  C:2397H         LINE#         70
  C:2397H         LINE#         79
  C:23D2H         LINE#         82
  C:240CH         LINE#         84
  C:2431H         LINE#         85
  C:2450H         LINE#         86
  C:2467H         LINE#         87
  C:247EH         LINE#         88
  C:2495H         LINE#         89
  C:251EH         LINE#         91
BL51 BANKED LINKER/LOCATER V6.22                                                      02/22/2019  12:45:38  PAGE 34


  C:2538H         LINE#         92
  C:259AH         LINE#         93
  C:25D0H         LINE#         94
  C:25E2H         LINE#         95
  C:260FH         LINE#         96
  C:263CH         LINE#         98
  C:265EH         LINE#         100
  C:2696H         LINE#         103
  C:2696H         LINE#         104
  C:26A4H         LINE#         105
  -------         ENDPROC       SUNPOS
  -------         ENDMOD        SUNPOS

  -------         MODULE        ADC
  C:0000H         SYMBOL        _ICE_DUMMY_
  D:0092H         PUBLIC        P1M0
  D:0091H         PUBLIC        P1M1
  D:0080H         PUBLIC        P0
  D:0090H         PUBLIC        P1
  D:00A0H         PUBLIC        P2
  D:00B0H         PUBLIC        P3
  D:00C0H         PUBLIC        P4
  D:00C8H         PUBLIC        P5
  D:00E8H         PUBLIC        P6
  D:00F8H         PUBLIC        P7
  D:00A8H         PUBLIC        IE
  D:00BDH         PUBLIC        ADC_RES
  D:00B8H         PUBLIC        IP
  D:0097H         PUBLIC        CLK_DIV
  D:00D8H         PUBLIC        CCON
  D:00BCH         PUBLIC        ADC_CONTR
  D:0098H         PUBLIC        SCON
  D:0088H         PUBLIC        TCON
  B:00A0H.4       PUBLIC        P24
  B:00A0H.5       PUBLIC        P25
  B:00A0H.6       PUBLIC        P26
  C:4AA2H         PUBLIC        ADC_Init
  C:496DH         PUBLIC        _ADC_GetResult
  D:009DH         PUBLIC        P1ASF
  D:00BEH         PUBLIC        ADC_RESL
  D:00D0H         PUBLIC        PSW
  -------         PROC          ADC_INIT
  C:4AA2H         LINE#         7
  C:4AA2H         LINE#         8
  C:4AA2H         LINE#         10
  C:4AA4H         LINE#         11
  C:4AA6H         LINE#         12
[...]
  C:3CE0H         LINE#         102
  C:3CE0H         LINE#         103
  C:3CE0H         LINE#         104
  C:3CE0H         LINE#         105
  C:3CE3H         LINE#         106
  C:3CE7H         LINE#         109
  C:3D06H         LINE#         111
  C:3D0DH         LINE#         112
  C:3D0DH         LINE#         113
  C:3D0FH         LINE#         114
  C:3D12H         LINE#         115
  C:3D2BH         LINE#         116
  C:3D2BH         LINE#         117
  C:3D2DH         LINE#         118
  C:3D2FH         LINE#         120
  C:3D2FH         LINE#         121
  C:3D31H         LINE#         123
  C:3D31H         LINE#         124
  C:3D31H         LINE#         125
  C:3D31H         LINE#         126
  C:3D34H         LINE#         127
  C:3D4DH         LINE#         129
  C:3D6CH         LINE#         131
  C:3D73H         LINE#         132
  C:3D73H         LINE#         133
  C:3D75H         LINE#         134
  C:3D78H         LINE#         135
  C:3D7FH         LINE#         136
  C:3D7FH         LINE#         137
  C:3D81H         LINE#         138
  C:3D83H         LINE#         140
  C:3D83H         LINE#         141
  C:3D85H         LINE#         143
  C:3D85H         LINE#         144
  C:3D85H         LINE#         145
  C:3D85H         LINE#         146
  C:3D88H         LINE#         147
  C:3D8FH         LINE#         149
  C:3DAEH         LINE#         151
  C:3DB0H         LINE#         152
  -------         ENDPROC       _AT25SF041_WRITE
  -------         PROC          _AT25SF041_READ
  D:0003H         SYMBOL        opcode
  X:0622H         SYMBOL        addr
  -------         DO            
  X:0626H         SYMBOL        dat
  X:0627H         SYMBOL        i
  -------         ENDDO         
  C:3BB6H         LINE#         156
  C:3BB8H         LINE#         157
  C:3BB8H         LINE#         158
  C:3BBDH         LINE#         160
  C:3BBFH         LINE#         161
  C:3BC5H         LINE#         165
  C:3BCAH         LINE#         166
  C:3BCAH         LINE#         167
BL51 BANKED LINKER/LOCATER V6.22                                                      02/22/2019  12:45:38  PAGE 45


  C:3BCCH         LINE#         168
  C:3BCFH         LINE#         169
  C:3BD3H         LINE#         170
  C:3BD3H         LINE#         171
  C:3BD5H         LINE#         172
  C:3BD7H         LINE#         174
  C:3BD7H         LINE#         175
  C:3BD9H         LINE#         177
  C:3BD9H         LINE#         178
  C:3BD9H         LINE#         179
  C:3BD9H         LINE#         180
  C:3BDCH         LINE#         181
  C:3BE0H         LINE#         184
  C:3BFFH         LINE#         186
  C:3C06H         LINE#         187
  C:3C06H         LINE#         188
  C:3C08H         LINE#         189
  C:3C0BH         LINE#         190
  C:3C24H         LINE#         191
  C:3C24H         LINE#         192
  C:3C26H         LINE#         193
  C:3C28H         LINE#         195
  C:3C28H         LINE#         196
  C:3C2AH         LINE#         198
  C:3C2AH         LINE#         199
  C:3C2AH         LINE#         200
  C:3C2AH         LINE#         201
  C:3C2DH         LINE#         202
  C:3C46H         LINE#         204
  C:3C65H         LINE#         207
  C:3C6CH         LINE#         209
  C:3C6EH         LINE#         210
  C:3C75H         LINE#         212
  C:3C7CH         LINE#         213
  C:3C7CH         LINE#         214
  C:3C83H         LINE#         215
  C:3C83H         LINE#         216
  C:3C86H         LINE#         217
  C:3C88H         LINE#         218
  C:3C8BH         LINE#         220
  C:3C8EH         LINE#         221
  C:3C8EH         LINE#         223
  C:3C92H         LINE#         224
  C:3C92H         LINE#         230
  C:3CB1H         LINE#         233
  C:3CB3H         LINE#         234
  C:3CB6H         LINE#         235
  C:3CBBH         LINE#         237
  -------         ENDPROC       _AT25SF041_READ
  -------         PROC          READ_STATUS_REGISTER_BYTE1
  -------         DO            
  D:0003H         SYMBOL        dat
  D:0001H         SYMBOL        opcode
  X:03CFH         SYMBOL        count
  X:03D0H         SYMBOL        i
  -------         ENDDO         
  C:4241H         LINE#         241
BL51 BANKED LINKER/LOCATER V6.22                                                      02/22/2019  12:45:38  PAGE 46


  C:4241H         LINE#         242
  C:4241H         LINE#         243
  C:4247H         LINE#         244
  C:424BH         LINE#         245
  C:424DH         LINE#         246
  C:424FH         LINE#         247
  C:4255H         LINE#         251
  C:425CH         LINE#         252
  C:425CH         LINE#         253
  C:425EH         LINE#         254
  C:4261H         LINE#         255
  C:4265H         LINE#         256
  C:4265H         LINE#         257
  C:4267H         LINE#         258
  C:4269H         LINE#         260
  C:4269H         LINE#         261
  C:426BH         LINE#         263
  C:426BH         LINE#         264
  C:426BH         LINE#         265
  C:426BH         LINE#         266
  C:426EH         LINE#         267
  C:4272H         LINE#         270
  C:4291H         LINE#         274
  C:4298H         LINE#         276
  C:429AH         LINE#         277
  C:42A1H         LINE#         278
  C:42A8H         LINE#         279
  C:42A8H         LINE#         280
  C:42ACH         LINE#         281
  C:42ACH         LINE#         282
  C:42AFH         LINE#         283
  C:42B1H         LINE#         284
  C:42B4H         LINE#         286
  C:42B7H         LINE#         287
  C:42B7H         LINE#         289
  C:42BBH         LINE#         290
  C:42BBH         LINE#         292
  C:42DAH         LINE#         296
  C:42DCH         LINE#         297
  C:42DFH         LINE#         298
  C:42E1H         LINE#         299
  -------         ENDPROC       READ_STATUS_REGISTER_BYTE1
  -------         PROC          SPI_NOR_WRITE_DATA
  X:03BFH         SYMBOL        dat
  X:03CAH         SYMBOL        addr
  C:3E92H         LINE#         301
  C:3E92H         LINE#         302
  C:3E92H         LINE#         303
  C:3EABH         LINE#         304
  C:3EABH         LINE#         305
  C:3EAEH         LINE#         307
  C:3EB1H         LINE#         308
  C:3EB8H         LINE#         309
  C:3EB8H         LINE#         310
  C:3EBBH         LINE#         312
  C:3ECBH         LINE#         314
  C:3ECBH         LINE#         315
BL51 BANKED LINKER/LOCATER V6.22                                                      02/22/2019  12:45:38  PAGE 47


  C:3ECEH         LINE#         317
  C:3EDEH         LINE#         318
  C:3EDEH         LINE#         321
  C:3EE1H         LINE#         323
  C:3EF1H         LINE#         324
  C:3EF1H         LINE#         326
  C:3EF4H         LINE#         328
  C:3F04H         LINE#         329
  C:3F04H         LINE#         331
  C:3F07H         LINE#         333
  C:3F17H         LINE#         334
  C:3F17H         LINE#         336
  C:3F1AH         LINE#         338
  C:3F2AH         LINE#         339
  C:3F2AH         LINE#         340
  C:3F2DH         LINE#         342
  C:3F3DH         LINE#         343
  C:3F3DH         LINE#         345
  C:3F40H         LINE#         347
  C:3F50H         LINE#         348
  C:3F50H         LINE#         350
  C:3F53H         LINE#         352
  C:3F63H         LINE#         353
  -------         ENDPROC       SPI_NOR_WRITE_DATA
  -------         ENDMOD        AT25SF041

  -------         MODULE        ?C_STARTUP
  C:44B0H         SEGMENT       ?C_C51STARTUP
  I:0022H         SEGMENT       ?STACK
  C:0000H         PUBLIC        ?C_STARTUP
  D:00E0H         SYMBOL        ACC
  D:00F0H         SYMBOL        B
  D:0083H         SYMBOL        DPH
  D:0082H         SYMBOL        DPL
  N:0000H         SYMBOL        IBPSTACK
  N:0100H         SYMBOL        IBPSTACKTOP
  N:0080H         SYMBOL        IDATALEN
  C:44B3H         SYMBOL        IDATALOOP
  N:0000H         SYMBOL        PBPSTACK
  N:0100H         SYMBOL        PBPSTACKTOP
  N:0000H         SYMBOL        PDATALEN
  N:0000H         SYMBOL        PDATASTART
  N:0000H         SYMBOL        PPAGE
  N:0000H         SYMBOL        PPAGEENABLE
  D:00A0H         SYMBOL        PPAGE_SFR
  D:0081H         SYMBOL        SP
  C:44B0H         SYMBOL        STARTUP1
  N:0000H         SYMBOL        XBPSTACK
  N:0000H         SYMBOL        XBPSTACKTOP
  N:0000H         SYMBOL        XDATALEN
  N:0000H         SYMBOL        XDATASTART
  C:0000H         LINE#         126
  C:44B0H         LINE#         133
  C:44B2H         LINE#         134
  C:44B3H         LINE#         135
  C:44B4H         LINE#         136
  C:44B6H         LINE#         185
BL51 BANKED LINKER/LOCATER V6.22                                                      02/22/2019  12:45:38  PAGE 48


  C:44B9H         LINE#         196
  -------         ENDMOD        ?C_STARTUP

  -------         MODULE        ?C?FPADD
  C:1554H         PUBLIC        ?C?FPADD
  C:1550H         PUBLIC        ?C?FPSUB
  -------         ENDMOD        ?C?FPADD

  -------         MODULE        ?C?FPMUL
  C:1645H         PUBLIC        ?C?FPMUL
  -------         ENDMOD        ?C?FPMUL

  -------         MODULE        ?C?FPDIV
  C:174EH         PUBLIC        ?C?FPDIV
  -------         ENDMOD        ?C?FPDIV

  -------         MODULE        ?C?FPCMP
  C:17EDH         PUBLIC        ?C?FPCMP
  C:17EBH         PUBLIC        ?C?FPCMP3
  -------         ENDMOD        ?C?FPCMP

  -------         MODULE        ?C?FPNEG
  C:1864H         PUBLIC        ?C?FPNEG
  -------         ENDMOD        ?C?FPNEG

  -------         MODULE        ?C?FCAST
  C:187FH         PUBLIC        ?C?FCASTC
  C:187AH         PUBLIC        ?C?FCASTI
  C:1875H         PUBLIC        ?C?FCASTL
  -------         ENDMOD        ?C?FCAST

  -------         MODULE        ?C?CASTF
  C:18B3H         PUBLIC        ?C?CASTF
  -------         ENDMOD        ?C?CASTF

  -------         MODULE        ATAN2
  X:04D4H         PUBLIC        ?_atan2?BYTE
  C:42E2H         PUBLIC        _atan2
  -------         ENDMOD        ATAN2

  -------         MODULE        SIN
  C:36A6H         PUBLIC        _COS
  C:36BCH         PUBLIC        _SIN
  C:36F8H         PUBLIC        _TAN
  -------         ENDMOD        SIN

  -------         MODULE        ACOS
  C:47F1H         PUBLIC        _ACOS
  -------         ENDMOD        ACOS

  -------         MODULE        ASIN
  C:48FFH         PUBLIC        _ASIN
  -------         ENDMOD        ASIN

  -------         MODULE        SQRT
  C:4199H         PUBLIC        _SQRT
  -------         ENDMOD        SQRT
BL51 BANKED LINKER/LOCATER V6.22                                                      02/22/2019  12:45:38  PAGE 49



  -------         MODULE        ATAN
  C:3AB4H         PUBLIC        _ATAN
  -------         ENDMOD        ATAN

  -------         MODULE        ?C?COPY
  C:1A51H         PUBLIC        ?C?COPY
  -------         ENDMOD        ?C?COPY

  -------         MODULE        ?C?CLDPTR
  C:1A77H         PUBLIC        ?C?CLDPTR
  -------         ENDMOD        ?C?CLDPTR

  -------         MODULE        ?C?CLDOPTR
  C:1A90H         PUBLIC        ?C?CLDOPTR
  -------         ENDMOD        ?C?CLDOPTR

  -------         MODULE        ?C?CSTPTR
  C:1ABDH         PUBLIC        ?C?CSTPTR
  -------         ENDMOD        ?C?CSTPTR

  -------         MODULE        ?C?IMUL
  C:1ACFH         PUBLIC        ?C?IMUL
  -------         ENDMOD        ?C?IMUL

  -------         MODULE        ?C?UIDIV
  C:1AE1H         PUBLIC        ?C?UIDIV
  -------         ENDMOD        ?C?UIDIV

  -------         MODULE        ?C?SIDIV
  C:1B36H         PUBLIC        ?C?SIDIV
  -------         ENDMOD        ?C?SIDIV

  -------         MODULE        ?C?ILDIX
  C:1B6CH         PUBLIC        ?C?ILDIX
  -------         ENDMOD        ?C?ILDIX

  -------         MODULE        ?C?ILDOPTR
  C:1B82H         PUBLIC        ?C?ILDOPTR
  -------         ENDMOD        ?C?ILDOPTR

  -------         MODULE        ?C?ISTPTR
  C:1BBAH         PUBLIC        ?C?ISTPTR
  -------         ENDMOD        ?C?ISTPTR

  -------         MODULE        ?C?LMUL
  C:1BD9H         PUBLIC        ?C?LMUL
  -------         ENDMOD        ?C?LMUL

  -------         MODULE        ?C?SLDIV
  C:483BH         PUBLIC        ?C?SLDIV
  -------         ENDMOD        ?C?SLDIV

  -------         MODULE        ?C?LNEG
  C:1C28H         PUBLIC        ?C?LNEG
  -------         ENDMOD        ?C?LNEG

BL51 BANKED LINKER/LOCATER V6.22                                                      02/22/2019  12:45:38  PAGE 50


  -------         MODULE        ?C?ULCMP
  C:1C36H         PUBLIC        ?C?ULCMP
  -------         ENDMOD        ?C?ULCMP

  -------         MODULE        ?C?LSHL
  C:1C47H         PUBLIC        ?C?LSHL
  -------         ENDMOD        ?C?LSHL

  -------         MODULE        ?C?LLDPTR
  C:1C5AH         PUBLIC        ?C?LLDPTR
  -------         ENDMOD        ?C?LLDPTR

  -------         MODULE        ?C?LLDOPTR
  C:1C7AH         PUBLIC        ?C?LLDOPTR
  -------         ENDMOD        ?C?LLDOPTR

  -------         MODULE        ?C?LSTPTR
  C:1CAAH         PUBLIC        ?C?LSTPTR
  -------         ENDMOD        ?C?LSTPTR

  -------         MODULE        ?C?LSTOPTR
  C:1CC4H         PUBLIC        ?C?LSTOPTR
  -------         ENDMOD        ?C?LSTOPTR

  -------         MODULE        ?C?LLDXDATA
  C:1CE8H         PUBLIC        ?C?LLDXDATA
  -------         ENDMOD        ?C?LLDXDATA

  -------         MODULE        ?C?LLDCODE
  C:1CF4H         PUBLIC        ?C?LLDCODE
  -------         ENDMOD        ?C?LLDCODE

  -------         MODULE        ?C?LLDXDATA0
  C:1D04H         PUBLIC        ?C?LLDXDATA0
  -------         ENDMOD        ?C?LLDXDATA0

  -------         MODULE        ?C?LLDCODE0
  C:1D10H         PUBLIC        ?C?LLDCODE0
  -------         ENDMOD        ?C?LLDCODE0

  -------         MODULE        ?C?LLDPTR0
  C:1D20H         PUBLIC        ?C?LLDPTR0
  -------         ENDMOD        ?C?LLDPTR0

  -------         MODULE        ?C?LSTXDATA
  C:1D40H         PUBLIC        ?C?LSTXDATA
  -------         ENDMOD        ?C?LSTXDATA

  -------         MODULE        ?C?LSTKXDATA
  C:1D4CH         PUBLIC        ?C?LSTKXDATA
  -------         ENDMOD        ?C?LSTKXDATA

  -------         MODULE        ?C?LSTKPTR
  C:1D7DH         PUBLIC        ?C?LSTKPTR
  -------         ENDMOD        ?C?LSTKPTR

  -------         MODULE        ?C?OFFXADD
BL51 BANKED LINKER/LOCATER V6.22                                                      02/22/2019  12:45:38  PAGE 51


  C:1D97H         PUBLIC        ?C?OFFXADD
  -------         ENDMOD        ?C?OFFXADD

  -------         MODULE        ABS
  C:4C27H         PUBLIC        _ABS
  -------         ENDMOD        ABS

  -------         MODULE        ATOI
  C:3DB7H         PUBLIC        _atoi
  -------         ENDMOD        ATOI

  -------         MODULE        ?C?IILDX
  C:1DA3H         PUBLIC        ?C?IILDX
  -------         ENDMOD        ?C?IILDX

  -------         MODULE        ?C?ULDIV
  C:1DF5H         PUBLIC        ?C?ULDIV
  -------         ENDMOD        ?C?ULDIV

  -------         MODULE        ?C?LLDIDATA
  C:1E87H         PUBLIC        ?C?LLDIDATA
  -------         ENDMOD        ?C?LLDIDATA

  -------         MODULE        ?C?LLDPDATA
  C:1E93H         PUBLIC        ?C?LLDPDATA
  -------         ENDMOD        ?C?LLDPDATA

  -------         MODULE        ?C?LLDIDATA0
  C:1E9FH         PUBLIC        ?C?LLDIDATA0
  -------         ENDMOD        ?C?LLDIDATA0

  -------         MODULE        ?C?LLDPDATA0
  C:1EACH         PUBLIC        ?C?LLDPDATA0
  -------         ENDMOD        ?C?LLDPDATA0

  -------         MODULE        ?C?LSTIDATA
  C:1EB9H         PUBLIC        ?C?LSTIDATA
  -------         ENDMOD        ?C?LSTIDATA

  -------         MODULE        ?C?LSTPDATA
  C:1EC5H         PUBLIC        ?C?LSTPDATA
  -------         ENDMOD        ?C?LSTPDATA

  -------         MODULE        ?C?LSTKIDATA
  C:1ED1H         PUBLIC        ?C?LSTKIDATA
  -------         ENDMOD        ?C?LSTKIDATA

  -------         MODULE        ?C?LSTKPDATA
  C:1EEAH         PUBLIC        ?C?LSTKPDATA
  -------         ENDMOD        ?C?LSTKPDATA

  -------         MODULE        ISDIGIT
  C:4BFFH         PUBLIC        _isdigit
  -------         ENDMOD        ISDIGIT

  -------         MODULE        ISSPACE
  C:4B9AH         PUBLIC        _isspace
BL51 BANKED LINKER/LOCATER V6.22                                                      02/22/2019  12:45:38  PAGE 52


  -------         ENDMOD        ISSPACE

*** WARNING L16: UNCALLED SEGMENT, IGNORED FOR OVERLAY PROCESS
    SEGMENT: ?PR?_DISPLAY_PROX?MAIN

*** WARNING L16: UNCALLED SEGMENT, IGNORED FOR OVERLAY PROCESS
    SEGMENT: ?PR?_DAY_OF_YEAR?PCF85063BTL

*** WARNING L16: UNCALLED SEGMENT, IGNORED FOR OVERLAY PROCESS
    SEGMENT: ?PR?INITUART1?UART1

*** WARNING L16: UNCALLED SEGMENT, IGNORED FOR OVERLAY PROCESS
    SEGMENT: ?PR?_SENDSTRING?UART1

*** WARNING L16: UNCALLED SEGMENT, IGNORED FOR OVERLAY PROCESS
    SEGMENT: ?PR?_TEN?UART1

*** WARNING L16: UNCALLED SEGMENT, IGNORED FOR OVERLAY PROCESS
    SEGMENT: ?PR?_UNIT?UART1

*** WARNING L16: UNCALLED SEGMENT, IGNORED FOR OVERLAY PROCESS
    SEGMENT: ?PR?_DECTOBCD?UART1

*** WARNING L16: UNCALLED SEGMENT, IGNORED FOR OVERLAY PROCESS
    SEGMENT: ?PR?_ASCII_LETTER?UART1

*** WARNING L16: UNCALLED SEGMENT, IGNORED FOR OVERLAY PROCESS
    SEGMENT: ?PR?_ASCIITOBCD?UART1

*** WARNING L16: UNCALLED SEGMENT, IGNORED FOR OVERLAY PROCESS
    SEGMENT: ?PR?WAIT?BIPOLARMOTOR

*** WARNING L16: UNCALLED SEGMENT, IGNORED FOR OVERLAY PROCESS
    SEGMENT: ?PR?_FINDDET4X4?BIPOLARMOTOR

*** WARNING L16: UNCALLED SEGMENT, IGNORED FOR OVERLAY PROCESS
    SEGMENT: ?PR?NOP?IOEXPANDER_PI4IOE5V96248

*** WARNING L16: UNCALLED SEGMENT, IGNORED FOR OVERLAY PROCESS
    SEGMENT: ?PR?UC_ACK?IOEXPANDER_PI4IOE5V96248

*** WARNING L16: UNCALLED SEGMENT, IGNORED FOR OVERLAY PROCESS
    SEGMENT: ?PR?UC_NACK?IOEXPANDER_PI4IOE5V96248

*** WARNING L16: UNCALLED SEGMENT, IGNORED FOR OVERLAY PROCESS
    SEGMENT: ?PR?_AT25SF041_READ?AT25SF041

*** WARNING L1: UNRESOLVED EXTERNAL SYMBOL
    SYMBOL:  AUTO_MODE
    MODULE:  .\Obj\main.obj (MAIN)

*** WARNING L2: REFERENCE MADE TO UNRESOLVED EXTERNAL
    SYMBOL:  AUTO_MODE
    MODULE:  .\Obj\main.obj (MAIN)
    ADDRESS: 0B45H

*** WARNING L2: REFERENCE MADE TO UNRESOLVED EXTERNAL
BL51 BANKED LINKER/LOCATER V6.22                                                      02/22/2019  12:45:38  PAGE 53


    SYMBOL:  AUTO_MODE
    MODULE:  .\Obj\main.obj (MAIN)
    ADDRESS: 0CBAH

*** WARNING L2: REFERENCE MADE TO UNRESOLVED EXTERNAL
    SYMBOL:  AUTO_MODE
    MODULE:  .\Obj\main.obj (MAIN)
    ADDRESS: 0CC8H

*** WARNING L2: REFERENCE MADE TO UNRESOLVED EXTERNAL
    SYMBOL:  AUTO_MODE
    MODULE:  .\Obj\main.obj (MAIN)
    ADDRESS: 0CDAH

*** WARNING L2: REFERENCE MADE TO UNRESOLVED EXTERNAL
    SYMBOL:  AUTO_MODE
    MODULE:  .\Obj\main.obj (MAIN)
    ADDRESS: 0D1CH

*** WARNING L2: REFERENCE MADE TO UNRESOLVED EXTERNAL
    SYMBOL:  AUTO_MODE
    MODULE:  .\Obj\main.obj (MAIN)
    ADDRESS: 0DEFH

*** WARNING L1: UNRESOLVED EXTERNAL SYMBOL
    SYMBOL:  _SENDUART1
    MODULE:  .\Obj\UART1.obj (UART1)

*** WARNING L2: REFERENCE MADE TO UNRESOLVED EXTERNAL
    SYMBOL:  _SENDUART1
    MODULE:  .\Obj\UART1.obj (UART1)
    ADDRESS: 4968H

*** WARNING L1: UNRESOLVED EXTERNAL SYMBOL
    SYMBOL:  AUTO_MODE
    MODULE:  .\Obj\KeyPad.obj (KEYPAD)

*** WARNING L2: REFERENCE MADE TO UNRESOLVED EXTERNAL
    SYMBOL:  AUTO_MODE
    MODULE:  .\Obj\KeyPad.obj (KEYPAD)
    ADDRESS: 30ADH

*** WARNING L2: REFERENCE MADE TO UNRESOLVED EXTERNAL
    SYMBOL:  AUTO_MODE
    MODULE:  .\Obj\KeyPad.obj (KEYPAD)
    ADDRESS: 30B8H

*** WARNING L2: REFERENCE MADE TO UNRESOLVED EXTERNAL
    SYMBOL:  AUTO_MODE
    MODULE:  .\Obj\KeyPad.obj (KEYPAD)
    ADDRESS: 30BFH

Program Size: data=10.2 xdata=1591 code=19545
LINK/LOCATE RUN COMPLETE.  28 WARNING(S),  0 ERROR(S)
