BL51 BANKED LINKER/LOCATER V6.22                                                        02/25/2019  10:56:10  PAGE 1


BL51 BANKED LINKER/LOCATER V6.22, INVOKED BY:
C:\KEIL_V5\C51\BIN\BL51.EXE .\Obj\main.obj, .\Obj\PCF85063BTL.obj, .\Obj\UART1.obj, .\Obj\LCd_Driver_SPLC780D.obj, .\Obj
>> \KeyPad.obj, .\Obj\BipolarMotor.obj, .\Obj\SunPos.obj, .\Obj\ADC.obj, .\Obj\Calibration.obj, .\Obj\IOExpander_PI4IOE5
>> V96248.obj, .\Obj\AT25SF041.obj, .\Obj\STARTUP.obj TO .\Obj\GPIO_RTC_Test PRINT (.\Lis\GPIO_RTC_Test.m51) RAMSIZE (25
>> 6)


MEMORY MODEL: LARGE WITH FLOATING POINT ARITHMETIC


INPUT MODULES INCLUDED:
  .\Obj\main.obj (MAIN)
  .\Obj\PCF85063BTL.obj (PCF85063BTL)
  .\Obj\UART1.obj (UART1)
  .\Obj\LCd_Driver_SPLC780D.obj (LCD_DRIVER_SPLC780D)
  .\Obj\KeyPad.obj (KEYPAD)
  .\Obj\BipolarMotor.obj (BIPOLARMOTOR)
  .\Obj\SunPos.obj (SUNPOS)
  .\Obj\ADC.obj (ADC)
  .\Obj\Calibration.obj (CALIBRATION)
  .\Obj\IOExpander_PI4IOE5V96248.obj (IOEXPANDER_PI4IOE5V96248)
  .\Obj\AT25SF041.obj (AT25SF041)
  .\Obj\STARTUP.obj (?C_STARTUP)
  C:\KEIL_V5\C51\LIB\C51FPL.LIB (?C?FPADD)
  C:\KEIL_V5\C51\LIB\C51FPL.LIB (?C?FPMUL)
  C:\KEIL_V5\C51\LIB\C51FPL.LIB (?C?FPDIV)
  C:\KEIL_V5\C51\LIB\C51FPL.LIB (?C?FPCMP)
  C:\KEIL_V5\C51\LIB\C51FPL.LIB (?C?FPNEG)
  C:\KEIL_V5\C51\LIB\C51FPL.LIB (?C?FCAST)
  C:\KEIL_V5\C51\LIB\C51FPL.LIB (?C?CASTF)
  C:\KEIL_V5\C51\LIB\C51FPL.LIB (ATAN2)
  C:\KEIL_V5\C51\LIB\C51FPL.LIB (SIN)
  C:\KEIL_V5\C51\LIB\C51FPL.LIB (ACOS)
  C:\KEIL_V5\C51\LIB\C51FPL.LIB (ASIN)
  C:\KEIL_V5\C51\LIB\C51FPL.LIB (?C?FPGETOPN)
  C:\KEIL_V5\C51\LIB\C51FPL.LIB (?C?FPSERIES)
  C:\KEIL_V5\C51\LIB\C51FPL.LIB (SQRT)
  C:\KEIL_V5\C51\LIB\C51FPL.LIB (ATAN)
  C:\KEIL_V5\C51\LIB\C51L.LIB (?C_INIT)
  C:\KEIL_V5\C51\LIB\C51L.LIB (?C?COPY)
  C:\KEIL_V5\C51\LIB\C51L.LIB (?C?CLDPTR)
  C:\KEIL_V5\C51\LIB\C51L.LIB (?C?CLDOPTR)
  C:\KEIL_V5\C51\LIB\C51L.LIB (?C?CSTPTR)
  C:\KEIL_V5\C51\LIB\C51L.LIB (?C?IMUL)
  C:\KEIL_V5\C51\LIB\C51L.LIB (?C?UIDIV)
  C:\KEIL_V5\C51\LIB\C51L.LIB (?C?SIDIV)
  C:\KEIL_V5\C51\LIB\C51L.LIB (?C?ILDIX)
  C:\KEIL_V5\C51\LIB\C51L.LIB (?C?ILDOPTR)
  C:\KEIL_V5\C51\LIB\C51L.LIB (?C?ISTPTR)
  C:\KEIL_V5\C51\LIB\C51L.LIB (?C?LMUL)
  C:\KEIL_V5\C51\LIB\C51L.LIB (?C?SLDIV)
  C:\KEIL_V5\C51\LIB\C51L.LIB (?C?LNEG)
  C:\KEIL_V5\C51\LIB\C51L.LIB (?C?ULCMP)
  C:\KEIL_V5\C51\LIB\C51L.LIB (?C?LSHL)
  C:\KEIL_V5\C51\LIB\C51L.LIB (?C?LLDPTR)
  C:\KEIL_V5\C51\LIB\C51L.LIB (?C?LLDOPTR)
  C:\KEIL_V5\C51\LIB\C51L.LIB (?C?LSTPTR)
  C:\KEIL_V5\C51\LIB\C51L.LIB (?C?LSTOPTR)
BL51 BANKED LINKER/LOCATER V6.22                                                      02/25/2019  10:56:10  PAGE 2


  C:\KEIL_V5\C51\LIB\C51L.LIB (?C?LLDXDATA)
  C:\KEIL_V5\C51\LIB\C51L.LIB (?C?LLDCODE)
  C:\KEIL_V5\C51\LIB\C51L.LIB (?C?LLDXDATA0)
  C:\KEIL_V5\C51\LIB\C51L.LIB (?C?LLDCODE0)
  C:\KEIL_V5\C51\LIB\C51L.LIB (?C?LLDPTR0)
  C:\KEIL_V5\C51\LIB\C51L.LIB (?C?LSTXDATA)
  C:\KEIL_V5\C51\LIB\C51L.LIB (?C?LSTKXDATA)
  C:\KEIL_V5\C51\LIB\C51L.LIB (?C?LSTKPTR)
  C:\KEIL_V5\C51\LIB\C51L.LIB (?C?OFFXADD)
  C:\KEIL_V5\C51\LIB\C51L.LIB (ABS)
  C:\KEIL_V5\C51\LIB\C51L.LIB (ATOI)
  C:\KEIL_V5\C51\LIB\C51L.LIB (?C?IILDX)
  C:\KEIL_V5\C51\LIB\C51L.LIB (?C?ULDIV)
  C:\KEIL_V5\C51\LIB\C51L.LIB (?C?LLDIDATA)
  C:\KEIL_V5\C51\LIB\C51L.LIB (?C?LLDPDATA)
  C:\KEIL_V5\C51\LIB\C51L.LIB (?C?LLDIDATA0)
  C:\KEIL_V5\C51\LIB\C51L.LIB (?C?LLDPDATA0)
  C:\KEIL_V5\C51\LIB\C51L.LIB (?C?LSTIDATA)
  C:\KEIL_V5\C51\LIB\C51L.LIB (?C?LSTPDATA)
  C:\KEIL_V5\C51\LIB\C51L.LIB (?C?LSTKIDATA)
  C:\KEIL_V5\C51\LIB\C51L.LIB (?C?LSTKPDATA)
  C:\KEIL_V5\C51\LIB\C51L.LIB (ISDIGIT)
  C:\KEIL_V5\C51\LIB\C51L.LIB (ISSPACE)


LINK MAP OF MODULE:  .\Obj\GPIO_RTC_Test (MAIN)


            TYPE    BASE      LENGTH    RELOCATION   SEGMENT NAME
            -----------------------------------------------------

            * * * * * * *   D A T A   M E M O R Y   * * * * * * *
            REG     0000H     0008H     ABSOLUTE     "REG BANK 0"
                    0008H     0018H                  *** GAP ***
            BIT     0020H.0   0000H.5   UNIT         ?BI?KEYPAD
            BIT     0020H.5   0000H.3   UNIT         _BIT_GROUP_
            BIT     0021H.0   0000H.1   UNIT         ?BI?MAIN
            BIT     0021H.1   0000H.1   UNIT         ?BI?_ATOI?ATOI
                    0021H.2   0000H.6                *** GAP ***
            IDATA   0022H     0001H     UNIT         ?STACK

            * * * * * * *  X D A T A   M E M O R Y  * * * * * * *
            XDATA   0000H     038FH     UNIT         ?XD?BIPOLARMOTOR
            XDATA   038FH     014FH     UNIT         _XDATA_GROUP_
            XDATA   04DEH     00D8H     UNIT         ?XD?MAIN
            XDATA   05B6H     0040H     UNIT         ?XD?_FINDDET4X4?BIPOLARMOTOR
            XDATA   05F6H     0024H     UNIT         ?XD?_FINDDET3X3?BIPOLARMOTOR
            XDATA   061AH     0009H     UNIT         ?XD?KEYPAD
            XDATA   0623H     0008H     UNIT         ?XD?_AT25SF041_READ?AT25SF041
            XDATA   062BH     0005H     UNIT         ?XD?_ATOI?ATOI
            XDATA   0630H     0004H     UNIT         ?XD?_DISPLAY_PROX?MAIN
            XDATA   0634H     0003H     UNIT         ?XD?_SENDSTRING?UART1
            XDATA   0637H     0001H     UNIT         ?XD?UC_ACK?IOEXPANDER_PI4IOE5V96248
            XDATA   0638H     0001H     UNIT         ?XD?UC_NACK?IOEXPANDER_PI4IOE5V96248

            * * * * * * *   C O D E   M E M O R Y   * * * * * * *
            CODE    0000H     0003H     ABSOLUTE     
BL51 BANKED LINKER/LOCATER V6.22                                                      02/25/2019  10:56:10  PAGE 3


            CODE    0003H     0006H     UNIT         ?PR?_TEN?UART1
            CODE    0009H     0001H     UNIT         ?PR?TM0_ISR?MAIN
            CODE    000AH     0001H     UNIT         ?PR?_DECTOBCD?UART1
            CODE    000BH     0003H     ABSOLUTE     
            CODE    000EH     0B00H     UNIT         ?PR?_UPDATE_POSITION?BIPOLARMOTOR
            CODE    0B0EH     0A8CH     UNIT         ?PR?MAIN?MAIN
            CODE    159AH     09B6H     UNIT         ?C?LIB_CODE
            CODE    1F50H     07A2H     UNIT         ?PR?SUNPOS?SUNPOS
            CODE    26F2H     03F9H     UNIT         ?C_INITSEG
            CODE    2AEBH     0309H     UNIT         ?PR?_FIND_REAL_MAX?CALIBRATION
            CODE    2DF4H     02C0H     UNIT         ?PR?_FINDDET4X4?BIPOLARMOTOR
            CODE    30B4H     02A0H     UNIT         ?PR?KEY_PROCESS?KEYPAD
            CODE    3354H     01D1H     UNIT         ?PR?_FINDDET3X3?BIPOLARMOTOR
            CODE    3525H     01AFH     UNIT         ?PR?SPI_NOR_WRITE_DATA?AT25SF041
            CODE    36D4H     018DH     UNIT         ?PR?KEY_SCAN?KEYPAD
            CODE    3861H     0188H     UNIT         ?PR?SIN?SIN
            CODE    39E9H     0172H     UNIT         ?PR?_DISPLAY_POS?MAIN
            CODE    3B5BH     015BH     UNIT         ?PR?_CALIBRATION?CALIBRATION
            CODE    3CB6H     0122H     UNIT         ?PR?ATAN?ATAN
            CODE    3DD8H     0106H     UNIT         ?PR?_AT25SF041_READ?AT25SF041
            CODE    3EDEH     00FBH     UNIT         ?PR?_AT25SF041_WRITE?AT25SF041
            CODE    3FD9H     00DBH     UNIT         ?PR?_ATOI?ATOI
            CODE    40B4H     00C3H     UNIT         ?PR?LINEAR_INTERPOLATE?BIPOLARMOTOR
            CODE    4177H     00BBH     UNIT         ?PR?VOLTAGE_IS_STABLE?CALIBRATION
            CODE    4232H     00ADH     UNIT         ?PR?_WRITE_PI4IOE5V96248?IOEXPANDER_PI4IOE5V96248
            CODE    42DFH     00ACH     UNIT         ?PR?SQRT?SQRT
            CODE    438BH     00A1H     UNIT         ?PR?READ_STATUS_REGISTER_BYTE1?AT25SF041
            CODE    442CH     009DH     UNIT         ?PR?_ATAN2?ATAN2
            CODE    44C9H     009CH     UNIT         ?PR?_MAX_VALUE?CALIBRATION
            CODE    4565H     0095H     UNIT         ?PR?_DISPLAY_PROX?MAIN
            CODE    45FAH     008CH     UNIT         ?C_C51STARTUP
            CODE    4686H     0084H     UNIT         ?PR?_DAY_OF_YEAR?PCF85063BTL
            CODE    470AH     0075H     UNIT         ?PR?_WRITEDATA?LCD_DRIVER_SPLC780D
            CODE    477FH     006FH     UNIT         ?PR?_READ_TIME?PCF85063BTL
            CODE    47EEH     006EH     UNIT         ?PR?AT25SF041_WRITEENABLE?AT25SF041
            CODE    485CH     005AH     UNIT         ?PR?AT25SF041_CHIPERASE?AT25SF041
            CODE    48B6H     0059H     UNIT         ?PR?LCD_INIT?LCD_DRIVER_SPLC780D
            CODE    490FH     004AH     UNIT         ?PR?VONESTEPMOVE?BIPOLARMOTOR
            CODE    4959H     004AH     UNIT         ?PR?ACOS?ACOS
            CODE    49A3H     0044H     UNIT         ?C?LDIV
            CODE    49E7H     0040H     UNIT         ?PR?_COMMAND?LCD_DRIVER_SPLC780D
            CODE    4A27H     0040H     UNIT         ?PR?_STEP_MOVE?BIPOLARMOTOR
            CODE    4A67H     003BH     UNIT         ?PR?ASIN?ASIN
            CODE    4AA2H     0033H     UNIT         ?PR?_SENDSTRING?UART1
            CODE    4AD5H     002CH     UNIT         ?PR?_ADC_GETRESULT?ADC
            CODE    4B01H     002BH     UNIT         ?PR?_WAIT_MS_I2C?IOEXPANDER_PI4IOE5V96248
            CODE    4B2CH     002BH     UNIT         ?PR?_WAIT_MS_SPINOR?AT25SF041
            CODE    4B57H     0028H     UNIT         ?PR?_MOVE?BIPOLARMOTOR
            CODE    4B7FH     0027H     UNIT         ?PR?_I2C_SENDBYTE?IOEXPANDER_PI4IOE5V96248
            CODE    4BA6H     0024H     UNIT         ?PR?_WAIT_MS?LCD_DRIVER_SPLC780D
            CODE    4BCAH     0020H     UNIT         ?PR?_SPI_SENDBYTE?PCF85063BTL
            CODE    4BEAH     0020H     UNIT         ?PR?SPI_RECEIVEBYTE?PCF85063BTL
            CODE    4C0AH     001FH     UNIT         ?PR?ADC_INIT?ADC
            CODE    4C29H     001EH     UNIT         ?PR?_DELAY_MS?KEYPAD
            CODE    4C47H     001DH     UNIT         ?PR?_DISPLAYLCD?LCD_DRIVER_SPLC780D
            CODE    4C64H     001BH     UNIT         ?PR?_BCDTODEC1?BIPOLARMOTOR
            CODE    4C7FH     0018H     UNIT         ?PR?_SPI_WRITETIME?PCF85063BTL
BL51 BANKED LINKER/LOCATER V6.22                                                      02/25/2019  10:56:10  PAGE 4


            CODE    4C97H     0017H     UNIT         ?PR?_ASCIITOBCD?UART1
            CODE    4CAEH     0016H     UNIT         ?PR?I2C_ACK?IOEXPANDER_PI4IOE5V96248
            CODE    4CC4H     0015H     UNIT         ?PR?_DISPLAY_LINE?LCD_DRIVER_SPLC780D
            CODE    4CD9H     0015H     UNIT         ?PR?I2C_STOP?IOEXPANDER_PI4IOE5V96248
            CODE    4CEEH     0014H     UNIT         ?PR?_PCF85063BTL_DELAY?PCF85063BTL
            CODE    4D02H     0014H     UNIT         ?PR?_ISSPACE?ISSPACE
            CODE    4D16H     0011H     UNIT         ?PR?_SPI_READTIME?PCF85063BTL
            CODE    4D27H     0011H     UNIT         ?PR?_BCDTODEC?PCF85063BTL
            CODE    4D38H     0011H     UNIT         ?PR?INITUART1?UART1
            CODE    4D49H     000FH     UNIT         ?PR?I2C_START?IOEXPANDER_PI4IOE5V96248
            CODE    4D58H     000FH     UNIT         ?PR?UC_NACK?IOEXPANDER_PI4IOE5V96248
            CODE    4D67H     000FH     UNIT         ?PR?_ISDIGIT?ISDIGIT
            CODE    4D76H     000DH     UNIT         ?PR?SPI_INIT?PCF85063BTL
            CODE    4D83H     000CH     UNIT         ?PR?KEYPAD_IO_INIT?KEYPAD
            CODE    4D8FH     000CH     UNIT         ?PR?_ABS?ABS
            CODE    4D9BH     000AH     UNIT         ?PR?LCD_RETURN_HOME?LCD_DRIVER_SPLC780D
            CODE    4DA5H     000AH     UNIT         ?PR?LCD_CLEAR?LCD_DRIVER_SPLC780D
            CODE    4DAFH     0006H     UNIT         ?PR?UC_ACK?IOEXPANDER_PI4IOE5V96248
            CODE    4DB5H     0005H     UNIT         ?PR?_UNIT?UART1
            CODE    4DBAH     0005H     UNIT         ?PR?_ASCII_LETTER?UART1
            CODE    4DBFH     0001H     UNIT         ?PR?WAIT?BIPOLARMOTOR
            CODE    4DC0H     0001H     UNIT         ?PR?NOP?IOEXPANDER_PI4IOE5V96248



OVERLAY MAP OF MODULE:   .\Obj\GPIO_RTC_Test (MAIN)


SEGMENT                                             BIT_GROUP          XDATA_GROUP
  +--> CALLED SEGMENT                            START    LENGTH     START    LENGTH
------------------------------------------------------------------------------------
?C_C51STARTUP                                    -----    -----      -----    -----
  +--> ?PR?MAIN?MAIN
  +--> ?C_INITSEG

?PR?MAIN?MAIN                                    -----    -----      038FH    002CH
  +--> ?PR?LCD_INIT?LCD_DRIVER_SPLC780D
  +--> ?PR?SPI_INIT?PCF85063BTL
  +--> ?PR?KEYPAD_IO_INIT?KEYPAD
  +--> ?PR?ADC_INIT?ADC
  +--> ?PR?_SPI_WRITETIME?PCF85063BTL
  +--> ?PR?_DELAY_MS?KEYPAD
  +--> ?PR?_DISPLAY_LINE?LCD_DRIVER_SPLC780D
  +--> ?PR?_WRITEDATA?LCD_DRIVER_SPLC780D
  +--> ?PR?KEY_PROCESS?KEYPAD
  +--> ?PR?_COMMAND?LCD_DRIVER_SPLC780D
  +--> ?PR?_DISPLAY_POS?MAIN
  +--> ?PR?_DISPLAYLCD?LCD_DRIVER_SPLC780D
  +--> ?PR?_STEP_MOVE?BIPOLARMOTOR
  +--> ?PR?LCD_RETURN_HOME?LCD_DRIVER_SPLC780D
  +--> ?PR?_READ_TIME?PCF85063BTL
  +--> ?PR?_ADC_GETRESULT?ADC
  +--> ?PR?_BCDTODEC1?BIPOLARMOTOR
  +--> ?PR?_CALIBRATION?CALIBRATION
  +--> ?PR?_WAIT_MS_SPINOR?AT25SF041
  +--> ?PR?SPI_NOR_WRITE_DATA?AT25SF041
  +--> ?PR?LINEAR_INTERPOLATE?BIPOLARMOTOR
BL51 BANKED LINKER/LOCATER V6.22                                                      02/25/2019  10:56:10  PAGE 5


  +--> ?PR?_UPDATE_POSITION?BIPOLARMOTOR

?PR?LCD_INIT?LCD_DRIVER_SPLC780D                 -----    -----      -----    -----
  +--> ?PR?_WAIT_MS?LCD_DRIVER_SPLC780D
  +--> ?PR?_COMMAND?LCD_DRIVER_SPLC780D

?PR?_COMMAND?LCD_DRIVER_SPLC780D                 -----    -----      -----    -----
  +--> ?PR?_WAIT_MS?LCD_DRIVER_SPLC780D

?PR?ADC_INIT?ADC                                 -----    -----      -----    -----
  +--> ?PR?_WAIT_MS?LCD_DRIVER_SPLC780D

?PR?_SPI_WRITETIME?PCF85063BTL                   -----    -----      -----    -----
  +--> ?PR?_SPI_SENDBYTE?PCF85063BTL

?PR?_SPI_SENDBYTE?PCF85063BTL                    -----    -----      -----    -----
  +--> ?PR?_PCF85063BTL_DELAY?PCF85063BTL

?PR?_DISPLAY_LINE?LCD_DRIVER_SPLC780D            -----    -----      -----    -----
  +--> ?PR?_COMMAND?LCD_DRIVER_SPLC780D

?PR?_WRITEDATA?LCD_DRIVER_SPLC780D               -----    -----      046AH    0001H
  +--> ?PR?_WAIT_MS?LCD_DRIVER_SPLC780D

?PR?KEY_PROCESS?KEYPAD                           -----    -----      03BBH    0006H
  +--> ?PR?KEY_SCAN?KEYPAD
  +--> ?PR?_SPI_WRITETIME?PCF85063BTL
  +--> ?PR?LCD_CLEAR?LCD_DRIVER_SPLC780D
  +--> ?PR?_COMMAND?LCD_DRIVER_SPLC780D
  +--> ?PR?_WRITEDATA?LCD_DRIVER_SPLC780D

?PR?KEY_SCAN?KEYPAD                              -----    -----      03C1H    0003H

?PR?LCD_CLEAR?LCD_DRIVER_SPLC780D                -----    -----      -----    -----
  +--> ?PR?_COMMAND?LCD_DRIVER_SPLC780D

?PR?_DISPLAY_POS?MAIN                            -----    -----      0460H    000AH
  +--> ?PR?_ABS?ABS
  +--> ?PR?_WRITEDATA?LCD_DRIVER_SPLC780D

?PR?_DISPLAYLCD?LCD_DRIVER_SPLC780D              -----    -----      03BBH    0001H
  +--> ?PR?_WRITEDATA?LCD_DRIVER_SPLC780D

?PR?_STEP_MOVE?BIPOLARMOTOR                      0020H.6  0000H.1    0479H    0004H
  +--> ?PR?VONESTEPMOVE?BIPOLARMOTOR

?PR?VONESTEPMOVE?BIPOLARMOTOR                    0020H.7  0000H.1    -----    -----
  +--> ?PR?_WRITE_PI4IOE5V96248?IOEXPANDER_P...
  +--> ?PR?_DELAY_MS?KEYPAD

?PR?_WRITE_PI4IOE5V96248?IOEXPANDER_P...         -----    -----      047DH    0003H
  +--> ?PR?I2C_START?IOEXPANDER_PI4IOE5V96248
  +--> ?PR?_WAIT_MS_I2C?IOEXPANDER_PI4IOE5V9...
  +--> ?PR?_I2C_SENDBYTE?IOEXPANDER_PI4IOE5V...
  +--> ?PR?I2C_ACK?IOEXPANDER_PI4IOE5V96248
  +--> ?PR?I2C_STOP?IOEXPANDER_PI4IOE5V96248

BL51 BANKED LINKER/LOCATER V6.22                                                      02/25/2019  10:56:10  PAGE 6


?PR?I2C_START?IOEXPANDER_PI4IOE5V96248           -----    -----      -----    -----
  +--> ?PR?_WAIT_MS_I2C?IOEXPANDER_PI4IOE5V9...

?PR?_I2C_SENDBYTE?IOEXPANDER_PI4IOE5V...         -----    -----      -----    -----
  +--> ?PR?_WAIT_MS_I2C?IOEXPANDER_PI4IOE5V9...

?PR?I2C_ACK?IOEXPANDER_PI4IOE5V96248             -----    -----      0480H    0001H
  +--> ?PR?_WAIT_MS_I2C?IOEXPANDER_PI4IOE5V9...

?PR?I2C_STOP?IOEXPANDER_PI4IOE5V96248            -----    -----      -----    -----
  +--> ?PR?_WAIT_MS_I2C?IOEXPANDER_PI4IOE5V9...

?PR?LCD_RETURN_HOME?LCD_DRIVER_SPLC780D          -----    -----      -----    -----
  +--> ?PR?_COMMAND?LCD_DRIVER_SPLC780D

?PR?_READ_TIME?PCF85063BTL                       -----    -----      03BBH    000FH
  +--> ?PR?_SPI_READTIME?PCF85063BTL

?PR?_SPI_READTIME?PCF85063BTL                    -----    -----      -----    -----
  +--> ?PR?_SPI_SENDBYTE?PCF85063BTL
  +--> ?PR?SPI_RECEIVEBYTE?PCF85063BTL

?PR?SPI_RECEIVEBYTE?PCF85063BTL                  -----    -----      -----    -----
  +--> ?PR?_PCF85063BTL_DELAY?PCF85063BTL

?PR?_CALIBRATION?CALIBRATION                     -----    -----      03BBH    001BH
  +--> ?PR?VOLTAGE_IS_STABLE?CALIBRATION
  +--> ?PR?_UPDATE_POSITION?BIPOLARMOTOR
  +--> ?PR?_FIND_REAL_MAX?CALIBRATION

?PR?VOLTAGE_IS_STABLE?CALIBRATION                -----    -----      03D6H    0018H
  +--> ?PR?_ADC_GETRESULT?ADC
  +--> ?PR?_ABS?ABS

?PR?_UPDATE_POSITION?BIPOLARMOTOR                -----    -----      03D6H    009FH
  +--> ?PR?_BCDTODEC1?BIPOLARMOTOR
  +--> ?PR?SUNPOS?SUNPOS
  +--> ?PR?SIN?SIN
  +--> ?PR?ASIN?ASIN
  +--> ?PR?LINEAR_INTERPOLATE?BIPOLARMOTOR
  +--> ?PR?_ABS?ABS
  +--> ?PR?_MOVE?BIPOLARMOTOR

?PR?SUNPOS?SUNPOS                                -----    -----      0475H    005DH
  +--> ?PR?SIN?SIN
  +--> ?PR?_ATAN2?ATAN2
  +--> ?PR?ASIN?ASIN
  +--> ?PR?ACOS?ACOS

?PR?SIN?SIN                                      0020H.5  0000H.1    04D2H    0004H

?PR?_ATAN2?ATAN2                                 -----    -----      04D2H    0008H
  +--> ?PR?ATAN?ATAN

?PR?ATAN?ATAN                                    0020H.5  0000H.2    04DAH    0004H

?PR?ASIN?ASIN                                    -----    -----      -----    -----
BL51 BANKED LINKER/LOCATER V6.22                                                      02/25/2019  10:56:10  PAGE 7


  +--> ?PR?SQRT?SQRT
  +--> ?PR?ATAN?ATAN

?PR?SQRT?SQRT                                    -----    -----      04D2H    0004H

?PR?ACOS?ACOS                                    -----    -----      -----    -----
  +--> ?PR?SQRT?SQRT
  +--> ?PR?ATAN?ATAN

?PR?LINEAR_INTERPOLATE?BIPOLARMOTOR              -----    -----      0475H    0014H

?PR?_MOVE?BIPOLARMOTOR                           0020H.5  0000H.1    0475H    0004H
  +--> ?PR?_STEP_MOVE?BIPOLARMOTOR

?PR?_FIND_REAL_MAX?CALIBRATION                   -----    -----      03D6H    008AH
  +--> ?PR?_ADC_GETRESULT?ADC
  +--> ?PR?_MOVE?BIPOLARMOTOR
  +--> ?PR?_COMMAND?LCD_DRIVER_SPLC780D
  +--> ?PR?_WRITEDATA?LCD_DRIVER_SPLC780D
  +--> ?PR?_DISPLAY_POS?MAIN
  +--> ?PR?_WAIT_MS?LCD_DRIVER_SPLC780D
  +--> ?PR?_MAX_VALUE?CALIBRATION

?PR?_MAX_VALUE?CALIBRATION                       -----    -----      0460H    0004H

?PR?SPI_NOR_WRITE_DATA?AT25SF041                 -----    -----      03BBH    000EH
  +--> ?PR?AT25SF041_WRITEENABLE?AT25SF041
  +--> ?PR?AT25SF041_CHIPERASE?AT25SF041
  +--> ?PR?_WAIT_MS_SPINOR?AT25SF041
  +--> ?PR?_AT25SF041_WRITE?AT25SF041

?PR?AT25SF041_WRITEENABLE?AT25SF041              -----    -----      03C9H    0002H
  +--> ?PR?_WAIT_MS_SPINOR?AT25SF041

?PR?AT25SF041_CHIPERASE?AT25SF041                -----    -----      03C9H    0002H
  +--> ?PR?_WAIT_MS_SPINOR?AT25SF041
  +--> ?PR?READ_STATUS_REGISTER_BYTE1?AT25SF041

?PR?READ_STATUS_REGISTER_BYTE1?AT25SF041         -----    -----      03CBH    0003H
  +--> ?PR?_WAIT_MS_SPINOR?AT25SF041

?PR?_AT25SF041_WRITE?AT25SF041                   -----    -----      03C9H    0008H
  +--> ?PR?_WAIT_MS_SPINOR?AT25SF041



UNRESOLVED EXTERNAL SYMBOLS:
   AUTO_MODE
   _SENDUART1



SYMBOL TABLE OF MODULE:  .\Obj\GPIO_RTC_Test (MAIN)

  VALUE           TYPE          NAME
  ----------------------------------

BL51 BANKED LINKER/LOCATER V6.22                                                      02/25/2019  10:56:10  PAGE 8


  -------         MODULE        MAIN
  C:0000H         SYMBOL        _ICE_DUMMY_
  X:04E6H         PUBLIC        calib_value
  D:0080H         PUBLIC        P0
  D:00B2H         PUBLIC        P3M0
  D:0090H         PUBLIC        P1
  D:00B1H         PUBLIC        P3M1
  D:00A0H         PUBLIC        P2
  D:00B0H         PUBLIC        P3
  D:00C0H         PUBLIC        P4
  D:00C8H         PUBLIC        P5
  X:053AH         SYMBOL        PressedKey
  B:00A8H.7       PUBLIC        EA
  D:00E8H         PUBLIC        P6
  X:053EH         PUBLIC        calib_stamp
  D:00F8H         PUBLIC        P7
  X:053FH         PUBLIC        RX_Data_Uart_Cnt
  D:00A8H         PUBLIC        IE
  X:0541H         PUBLIC        calib_time
  D:00B8H         PUBLIC        IP
  X:0595H         PUBLIC        months
  D:00D8H         PUBLIC        CCON
  C:0B0EH         PUBLIC        main
  X:0596H         PUBLIC        count
  X:0598H         PUBLIC        days
  X:0599H         PUBLIC        hours
  D:0098H         PUBLIC        SCON
  D:0089H         PUBLIC        TMOD
  D:0088H         PUBLIC        TCON
  B:00A0H.3       PUBLIC        P23
  X:059AH         SYMBOL        KeyCount
  X:059CH         PUBLIC        mins
  X:059DH         PUBLIC        Rec_data_hour
  B:00C8H.5       PUBLIC        P55
  X:05A0H         PUBLIC        Rec_data_min
  D:008EH         PUBLIC        AUXR
  C:0009H         PUBLIC        tm0_isr
  B:0021H.0       PUBLIC        busy
  B:00A8H.1       PUBLIC        ET0
  X:05A3H         PUBLIC        SPI_NOR_INTERNAL_FLASH_ADDR
  D:008CH         PUBLIC        TH0
  X:05A7H         PUBLIC        hour_count
  D:008AH         PUBLIC        TL0
  X:05A8H         PUBLIC        min_count
  B:0088H.4       PUBLIC        TR0
  X:05A9H         SYMBOL        KeyNum
  X:05AAH         SYMBOL        KeyNum_Old
  X:05ABH         PUBLIC        current_position
  X:05AFH         PUBLIC        hours1
  X:05B0H         PUBLIC        hours2
  C:4565H         PUBLIC        _Display_Prox
  X:05B1H         PUBLIC        mins1
  X:05B2H         PUBLIC        mins2
  C:39E9H         PUBLIC        _Display_Pos
  X:05B3H         PUBLIC        seconds
  X:05B4H         PUBLIC        st_time
  D:00D0H         PUBLIC        PSW
BL51 BANKED LINKER/LOCATER V6.22                                                      02/25/2019  10:56:10  PAGE 9


  -------         PROC          TM0_ISR
  C:0009H         LINE#         86
  C:0009H         LINE#         88
  -------         ENDPROC       TM0_ISR
  -------         PROC          MAIN
  -------         DO            
  X:038FH         SYMBOL        sunlight_ADC
  X:04DEH         SYMBOL        KeyCount
  X:04E0H         SYMBOL        KeyNum_Old
  X:04E1H         SYMBOL        KeyNum
  X:04E2H         SYMBOL        PressedKey
  X:0391H         SYMBOL        prox_flag
  X:0392H         SYMBOL        iUse_prevday_calib_value
  X:0394H         SYMBOL        max_ADC_Val
  X:0396H         SYMBOL        max_ADC_Val_JP
  X:0398H         SYMBOL        calib_point1
  X:03A0H         SYMBOL        calib_point2
  X:03A8H         SYMBOL        dat_to_store
  X:03B3H         SYMBOL        calib_day
  X:03B5H         SYMBOL        calib_count
  X:03B7H         SYMBOL        theorical_JP_max_pos
  -------         ENDDO         
  C:0B0EH         LINE#         90
  C:0B0EH         LINE#         91
  C:0B0EH         LINE#         96
  C:0B14H         LINE#         97
  C:0B1DH         LINE#         98
  C:0B21H         LINE#         102
  C:0B27H         LINE#         103
  C:0B31H         LINE#         107
  C:0B33H         LINE#         108
  C:0B35H         LINE#         109
  C:0B37H         LINE#         110
  C:0B39H         LINE#         112
  C:0B40H         LINE#         121
  C:0B42H         LINE#         122
  C:0B45H         LINE#         123
  C:0B48H         LINE#         124
  C:0B4BH         LINE#         125
  C:0B4EH         LINE#         126
  C:0B51H         LINE#         129
  C:0B54H         LINE#         131
  C:0B57H         LINE#         132
  C:0B5AH         LINE#         133
  C:0B5DH         LINE#         134
  C:0B5FH         LINE#         135
  C:0B61H         LINE#         136
  C:0B63H         LINE#         138
  C:0B65H         LINE#         139
  C:0B6CH         LINE#         140
  C:0B73H         LINE#         141
  C:0B7AH         LINE#         142
  C:0B81H         LINE#         146
  C:0B88H         LINE#         147
  C:0B8DH         LINE#         148
  C:0B92H         LINE#         149
  C:0B97H         LINE#         150
BL51 BANKED LINKER/LOCATER V6.22                                                      02/25/2019  10:56:10  PAGE 10


  C:0B9CH         LINE#         151
  C:0BA1H         LINE#         154
  C:0BBAH         LINE#         155
  C:0BBAH         LINE#         156
  C:0BD6H         LINE#         157
  C:0C1DH         LINE#         158
  C:0C2EH         LINE#         159
  C:0C2EH         LINE#         160
  C:0C2EH         LINE#         161
  C:0C31H         LINE#         164
  C:0C31H         LINE#         167
  C:0C36H         LINE#         168
  C:0C3BH         LINE#         170
  C:0C40H         LINE#         171
  C:0C45H         LINE#         172
  C:0C4AH         LINE#         173
  C:0C4FH         LINE#         175
  C:0C60H         LINE#         176
  C:0C65H         LINE#         177
  C:0C6AH         LINE#         179
  C:0C71H         LINE#         180
  C:0C79H         LINE#         181
  C:0C7EH         LINE#         182
  C:0C86H         LINE#         183
  C:0C8BH         LINE#         184
  C:0C95H         LINE#         185
  C:0C9AH         LINE#         186
  C:0CA2H         LINE#         188
  C:0CAAH         LINE#         189
  C:0CAFH         LINE#         190
  C:0CB9H         LINE#         191
  C:0CB9H         LINE#         192
  C:0CBBH         LINE#         193
  C:0CBDH         LINE#         194
  C:0CC7H         LINE#         195
  C:0CC7H         LINE#         196
  C:0CCCH         LINE#         197
  C:0CCCH         LINE#         209
  C:0CD9H         LINE#         210
  C:0CD9H         LINE#         211
  C:0CE3H         LINE#         212
  C:0CFAH         LINE#         213
  C:0CFAH         LINE#         214
  C:0CFCH         LINE#         215
  C:0CFEH         LINE#         217
  C:0CFEH         LINE#         218
  C:0D09H         LINE#         219
  C:0D09H         LINE#         220
  C:0D0EH         LINE#         221
  C:0D0EH         LINE#         222
  C:0D1BH         LINE#         223
  C:0D1BH         LINE#         226
  C:0D25H         LINE#         227
  C:0D3CH         LINE#         228
  C:0D3CH         LINE#         229
  C:0D3EH         LINE#         230
  C:0D40H         LINE#         232
BL51 BANKED LINKER/LOCATER V6.22                                                      02/25/2019  10:56:10  PAGE 11


  C:0D40H         LINE#         233
  C:0D4BH         LINE#         234
  C:0D4BH         LINE#         235
  C:0D50H         LINE#         236
  C:0D52H         LINE#         237
  C:0D52H         LINE#         246
  C:0D74H         LINE#         247
  C:0D74H         LINE#         248
  C:0D7EH         LINE#         249
  C:0D84H         LINE#         250
  C:0D86H         LINE#         251
  C:0D88H         LINE#         252
  C:0D8AH         LINE#         253
  C:0D8AH         LINE#         254
  C:0D8DH         LINE#         256
  C:0D8DH         LINE#         257
  C:0D93H         LINE#         258
  C:0D9BH         LINE#         259
  C:0DA1H         LINE#         260
  C:0DA9H         LINE#         261
  C:0DE4H         LINE#         265
  C:0DF1H         LINE#         266
  C:0DF1H         LINE#         267
  C:0DFEH         LINE#         268
  C:0E31H         LINE#         269
  C:0E3EH         LINE#         270
  C:0E3EH         LINE#         272
  C:0E6DH         LINE#         273
  C:0E6DH         LINE#         274
  C:0E8FH         LINE#         275
  C:0E8FH         LINE#         276
  C:0F0BH         LINE#         277
  C:0F89H         LINE#         281
  C:0F91H         LINE#         282
  C:0F99H         LINE#         283
  C:0FA1H         LINE#         285
  C:0FA9H         LINE#         286
  C:0FBDH         LINE#         287
  C:0FD3H         LINE#         289
  C:0FFDH         LINE#         290
  C:100AH         LINE#         291
  C:1017H         LINE#         294
  C:102DH         LINE#         295
  C:1057H         LINE#         360
  C:105EH         LINE#         361
  C:105EH         LINE#         364
  C:1061H         LINE#         365
  C:1072H         LINE#         366
  C:1072H         LINE#         367
  C:1072H         LINE#         369
  C:1072H         LINE#         372
  C:1075H         LINE#         374
  C:1075H         LINE#         375
  C:1097H         LINE#         376
  C:1097H         LINE#         377
  C:1113H         LINE#         378
  C:1168H         LINE#         379
BL51 BANKED LINKER/LOCATER V6.22                                                      02/25/2019  10:56:10  PAGE 12


  C:1168H         LINE#         380
  C:1168H         LINE#         381
  C:116BH         LINE#         385
  C:116BH         LINE#         388
  C:119FH         LINE#         389
  C:119FH         LINE#         390
  C:11C1H         LINE#         391
  C:11C1H         LINE#         392
  C:123DH         LINE#         393
  C:12BBH         LINE#         397
  C:12C3H         LINE#         398
  C:12CBH         LINE#         399
  C:12D3H         LINE#         401
  C:12DBH         LINE#         403
  C:12F1H         LINE#         405
  C:1321H         LINE#         409
  C:1337H         LINE#         410
  C:1367H         LINE#         411
  C:138BH         LINE#         413
  C:138EH         LINE#         414
  C:139FH         LINE#         415
  C:139FH         LINE#         416
  C:13A7H         LINE#         418
  C:13A7H         LINE#         421
  C:13AAH         LINE#         423
  C:13AAH         LINE#         425
  C:13CCH         LINE#         426
  C:13CCH         LINE#         427
  C:1448H         LINE#         429
  C:1475H         LINE#         430
  C:1490H         LINE#         431
  C:14BDH         LINE#         432
  C:14D8H         LINE#         434
  C:1574H         LINE#         437
  C:1574H         LINE#         438
  C:1574H         LINE#         439
  C:1574H         LINE#         441
  C:1574H         LINE#         444
  C:1590H         LINE#         445
  C:1595H         LINE#         447
  C:1597H         LINE#         448
  -------         ENDPROC       MAIN
  -------         PROC          _DISPLAY_PROX
  D:0002H         SYMBOL        dat
  -------         DO            
  X:0630H         SYMBOL        unit
  X:0631H         SYMBOL        ten
  X:0632H         SYMBOL        hundred
  X:0633H         SYMBOL        thousand
  -------         ENDDO         
  C:4565H         LINE#         532
  C:4569H         LINE#         533
  C:4569H         LINE#         535
  C:4575H         LINE#         536
  C:4585H         LINE#         537
  C:45A1H         LINE#         538
  C:45D1H         LINE#         539
BL51 BANKED LINKER/LOCATER V6.22                                                      02/25/2019  10:56:10  PAGE 13


  C:45DBH         LINE#         540
  C:45E5H         LINE#         541
  C:45EFH         LINE#         542
  C:45F9H         LINE#         544
  -------         ENDPROC       _DISPLAY_PROX
  -------         PROC          _DISPLAY_POS
  X:0460H         SYMBOL        sign_dat
  -------         DO            
  X:0464H         SYMBOL        unit
  X:0465H         SYMBOL        ten
  X:0466H         SYMBOL        hundred
  D:0003H         SYMBOL        thousand
  X:0467H         SYMBOL        after_dot
  X:0468H         SYMBOL        dat
  -------         ENDDO         
  C:39E9H         LINE#         547
  C:39EFH         LINE#         548
  C:39EFH         LINE#         552
  C:3A0BH         LINE#         553
  C:3A25H         LINE#         554
  C:3A49H         LINE#         556
  C:3A93H         LINE#         558
  C:3AAAH         LINE#         559
  C:3AB7H         LINE#         560
  C:3AD9H         LINE#         561
  C:3B0EH         LINE#         562
  C:3B26H         LINE#         563
  C:3B26H         LINE#         565
  C:3B26H         LINE#         566
  C:3B26H         LINE#         567
  C:3B26H         LINE#         568
  C:3B26H         LINE#         569
  C:3B26H         LINE#         573
  C:3B28H         LINE#         575
  C:3B28H         LINE#         577
  C:3B2DH         LINE#         578
  C:3B37H         LINE#         579
  C:3B41H         LINE#         580
  C:3B4BH         LINE#         581
  C:3B50H         LINE#         582
  C:3B5AH         LINE#         586
  C:3B5AH         LINE#         588
  -------         ENDPROC       _DISPLAY_POS
  -------         ENDMOD        MAIN

  -------         MODULE        PCF85063BTL
  C:0000H         SYMBOL        _ICE_DUMMY_
  D:0096H         PUBLIC        P2M0
  D:0080H         PUBLIC        P0
  D:0095H         PUBLIC        P2M1
  D:0090H         PUBLIC        P1
  D:00A0H         PUBLIC        P2
  D:00B0H         PUBLIC        P3
  D:00C0H         PUBLIC        P4
  D:00C8H         PUBLIC        P5
  D:00E8H         PUBLIC        P6
  B:00A0H.1       PUBLIC        PCF85063BTL_SDI
BL51 BANKED LINKER/LOCATER V6.22                                                      02/25/2019  10:56:10  PAGE 14


  D:00F8H         PUBLIC        P7
  B:00A0H.2       PUBLIC        PCF85063BTL_SCK
  B:00A0H.1       PUBLIC        PCF85063BTL_SDO
  D:00A8H         PUBLIC        IE
  C:477FH         PUBLIC        _Read_time
  C:4CF4H         PUBLIC        _PCF85063BTL_Delay
  D:00B8H         PUBLIC        IP
  D:00D8H         PUBLIC        CCON
  C:4686H         PUBLIC        _Day_Of_Year
  C:4BEAH         PUBLIC        SPI_ReceiveByte
  D:0098H         PUBLIC        SCON
  D:0088H         PUBLIC        TCON
  C:4D27H         PUBLIC        _BCDtoDec
  B:00A0H.0       PUBLIC        PCF85063BTL_CS
  C:4D16H         PUBLIC        _SPI_ReadTime
  C:4D76H         PUBLIC        SPI_Init
  C:4C7FH         PUBLIC        _SPI_WriteTime
  C:4BCAH         PUBLIC        _SPI_SendByte
  D:00D0H         PUBLIC        PSW
  C:4CF0H         SYMBOL        L?0047
  -------         PROC          L?0046
  -------         ENDPROC       L?0046
  C:4CF0H         SYMBOL        L?0047
  -------         PROC          _PCF85063BTL_DELAY
  D:0006H         SYMBOL        us
  C:4CF4H         LINE#         8
  C:4CF4H         LINE#         9
  C:4CF4H         LINE#         10
  C:4CFEH         LINE#         11
  C:4CFEH         LINE#         12
  C:4CFFH         LINE#         13
  C:4D01H         LINE#         14
  -------         ENDPROC       _PCF85063BTL_DELAY
  -------         PROC          _SPI_SENDBYTE
  D:0005H         SYMBOL        dat
  -------         DO            
  D:0003H         SYMBOL        i
  -------         ENDDO         
  C:4BCAH         LINE#         17
  C:4BCCH         LINE#         18
  C:4BCCH         LINE#         20
  C:4BCEH         LINE#         21
  C:4BCEH         LINE#         22
  C:4BD0H         LINE#         23
  C:4BD4H         LINE#         24
  C:4BD4H         LINE#         25
  C:4BD6H         LINE#         26
  C:4BD8H         LINE#         28
  C:4BD8H         LINE#         29
  C:4BDAH         LINE#         30
  C:4BDAH         LINE#         31
  C:4BDDH         LINE#         32
  C:4BDDH         LINE#         33
  C:4BE0H         LINE#         34
  C:4BE4H         LINE#         35
  C:4BE9H         LINE#         36
  -------         ENDPROC       _SPI_SENDBYTE
BL51 BANKED LINKER/LOCATER V6.22                                                      02/25/2019  10:56:10  PAGE 15


  -------         PROC          SPI_RECEIVEBYTE
  -------         DO            
  D:0003H         SYMBOL        i
  D:0005H         SYMBOL        dat
  -------         ENDDO         
  C:4BEAH         LINE#         39
  C:4BEAH         LINE#         40
  C:4BEAH         LINE#         42
  C:4BECH         LINE#         44
  C:4BEEH         LINE#         45
  C:4BEFH         LINE#         46
  C:4BEFH         LINE#         47
  C:4BF3H         LINE#         48
  C:4BF5H         LINE#         49
  C:4BF8H         LINE#         51
  C:4BFBH         LINE#         52
  C:4BFBH         LINE#         53
  C:4BFFH         LINE#         54
  C:4BFFH         LINE#         55
  C:4BFFH         LINE#         56
  C:4C02H         LINE#         57
  C:4C07H         LINE#         58
  C:4C09H         LINE#         59
  -------         ENDPROC       SPI_RECEIVEBYTE
  -------         PROC          _SPI_READTIME
  D:0007H         SYMBOL        addr
  -------         DO            
  D:0006H         SYMBOL        dat
  -------         ENDDO         
  C:4D16H         LINE#         61
  C:4D16H         LINE#         62
  C:4D16H         LINE#         64
  C:4D18H         LINE#         65
  C:4D1AH         LINE#         66
  C:4D21H         LINE#         67
  C:4D24H         LINE#         68
  C:4D26H         LINE#         69
  C:4D26H         LINE#         70
  -------         ENDPROC       _SPI_READTIME
  -------         PROC          _SPI_WRITETIME
  D:0002H         SYMBOL        val
  D:0005H         SYMBOL        addr
  C:4C7FH         LINE#         71
  C:4C81H         LINE#         72
  C:4C81H         LINE#         74
  C:4C83H         LINE#         75
  C:4C8AH         LINE#         76
  C:4C8FH         LINE#         77
  C:4C94H         LINE#         78
  C:4C96H         LINE#         79
  -------         ENDPROC       _SPI_WRITETIME
  -------         PROC          SPI_INIT
  C:4D76H         LINE#         83
  C:4D76H         LINE#         84
  C:4D76H         LINE#         89
  C:4D79H         LINE#         90
  C:4D7CH         LINE#         91
BL51 BANKED LINKER/LOCATER V6.22                                                      02/25/2019  10:56:10  PAGE 16


  C:4D7EH         LINE#         92
  C:4D80H         LINE#         93
  C:4D82H         LINE#         94
  -------         ENDPROC       SPI_INIT
  -------         PROC          _READ_TIME
  X:03BBH         SYMBOL        months
  X:03BEH         SYMBOL        days
  X:03C1H         SYMBOL        hours
  X:03C4H         SYMBOL        mins
  X:03C7H         SYMBOL        seconds
  C:477FH         LINE#         96
  C:478AH         LINE#         97
  C:478AH         LINE#         99
  C:479EH         LINE#         101
  C:47B2H         LINE#         103
  C:47C6H         LINE#         108
  C:47DAH         LINE#         113
  -------         ENDPROC       _READ_TIME
  -------         PROC          _BCDTODEC
  D:0007H         SYMBOL        bcd
  -------         DO            
  D:0006H         SYMBOL        hi
  D:0007H         SYMBOL        lo
  -------         ENDDO         
  C:4D27H         LINE#         119
  C:4D27H         LINE#         120
  C:4D27H         LINE#         122
  C:4D2CH         LINE#         123
  C:4D30H         LINE#         124
  C:4D37H         LINE#         125
  -------         ENDPROC       _BCDTODEC
  -------         PROC          _DAY_OF_YEAR
  D:0007H         SYMBOL        months_bcd
  D:0005H         SYMBOL        days_bcd
  -------         DO            
  D:0004H         SYMBOL        months
  D:0007H         SYMBOL        days
  -------         ENDDO         
  C:4686H         LINE#         126
  C:4686H         LINE#         127
  C:4686H         LINE#         130
  C:468BH         LINE#         132
  C:4690H         LINE#         134
  C:46C9H         LINE#         135
  C:46C9H         LINE#         136
  C:46C9H         LINE#         137
  C:46CCH         LINE#         138
  C:46CCH         LINE#         139
  C:46CCH         LINE#         140
  C:46D1H         LINE#         141
  C:46D1H         LINE#         142
  C:46D1H         LINE#         143
  C:46D6H         LINE#         144
  C:46D6H         LINE#         145
  C:46D6H         LINE#         146
  C:46DBH         LINE#         147
  C:46DBH         LINE#         148
BL51 BANKED LINKER/LOCATER V6.22                                                      02/25/2019  10:56:10  PAGE 17


  C:46DBH         LINE#         149
  C:46E0H         LINE#         150
  C:46E0H         LINE#         151
  C:46E0H         LINE#         152
  C:46E5H         LINE#         153
  C:46E5H         LINE#         154
  C:46E5H         LINE#         155
  C:46EAH         LINE#         156
  C:46EAH         LINE#         157
  C:46EAH         LINE#         158
  C:46EFH         LINE#         159
  C:46EFH         LINE#         160
  C:46EFH         LINE#         161
  C:46F7H         LINE#         162
  C:46F7H         LINE#         163
  C:46F7H         LINE#         164
  C:46FCH         LINE#         165
  C:46FCH         LINE#         166
  C:46FCH         LINE#         167
  C:4701H         LINE#         168
  C:4701H         LINE#         169
  C:4701H         LINE#         170
  C:4709H         LINE#         171
  C:4709H         LINE#         172
  C:4709H         LINE#         173
  -------         ENDPROC       _DAY_OF_YEAR
  -------         ENDMOD        PCF85063BTL

  -------         MODULE        UART1
  C:0000H         SYMBOL        _ICE_DUMMY_
  D:0080H         PUBLIC        P0
  D:0090H         PUBLIC        P1
  D:00A0H         PUBLIC        P2
  D:00B0H         PUBLIC        P3
  D:00C0H         PUBLIC        P4
  D:00C8H         PUBLIC        P5
  B:00A8H.7       PUBLIC        EA
  D:00E8H         PUBLIC        P6
  D:00F8H         PUBLIC        P7
  C:4AA2H         PUBLIC        _SendString
  D:00A8H         PUBLIC        IE
  B:00A8H.4       PUBLIC        ES
  D:00B8H         PUBLIC        IP
  C:4C97H         PUBLIC        _ASCIItoBCD
  D:00D8H         PUBLIC        CCON
  C:4D38H         PUBLIC        initUART1
  D:0098H         PUBLIC        SCON
  D:0088H         PUBLIC        TCON
  C:000AH         PUBLIC        _DectoBCD
  C:4DBAH         PUBLIC        _ASCII_Letter
  D:008EH         PUBLIC        AUXR
  C:4DB5H         PUBLIC        _unit
  C:0003H         PUBLIC        _ten
  D:00D6H         PUBLIC        T2H
  D:00D7H         PUBLIC        T2L
  D:00D0H         PUBLIC        PSW
  -------         PROC          INITUART1
BL51 BANKED LINKER/LOCATER V6.22                                                      02/25/2019  10:56:10  PAGE 18


  C:4D38H         LINE#         21
  C:4D38H         LINE#         22
  C:4D38H         LINE#         23
  C:4D3BH         LINE#         24
  C:4D3EH         LINE#         25
  C:4D41H         LINE#         26
  C:4D44H         LINE#         27
  C:4D46H         LINE#         28
  C:4D48H         LINE#         30
  -------         ENDPROC       INITUART1
  -------         PROC          _SENDSTRING
  X:0634H         SYMBOL        s
  C:4AA2H         LINE#         35
  C:4AADH         LINE#         36
  C:4AADH         LINE#         37
  C:4ABDH         LINE#         38
  C:4ABDH         LINE#         39
  C:4AD2H         LINE#         40
  C:4AD4H         LINE#         41
  -------         ENDPROC       _SENDSTRING
  -------         PROC          _TEN
  D:0007H         SYMBOL        BCD
  C:0003H         LINE#         43
  C:0003H         LINE#         44
  C:0003H         LINE#         45
  C:0008H         LINE#         46
  -------         ENDPROC       _TEN
  -------         PROC          _UNIT
  D:0007H         SYMBOL        BCD
  C:4DB5H         LINE#         47
  C:4DB5H         LINE#         48
  C:4DB5H         LINE#         52
  C:4DB9H         LINE#         53
  -------         ENDPROC       _UNIT
  -------         PROC          _DECTOBCD
  D:0007H         SYMBOL        dec
  C:000AH         LINE#         54
  C:000AH         LINE#         55
  C:000AH         LINE#         57
  C:000AH         LINE#         58
  -------         ENDPROC       _DECTOBCD
  -------         PROC          _ASCII_LETTER
  D:0007H         SYMBOL        dat
  C:4DBAH         LINE#         60
  C:4DBAH         LINE#         61
  C:4DBAH         LINE#         63
  C:4DBEH         LINE#         64
  -------         ENDPROC       _ASCII_LETTER
  -------         PROC          _ASCIITOBCD
  D:0001H         SYMBOL        ascii
  -------         DO            
  D:0007H         SYMBOL        dec_val
  D:0006H         SYMBOL        ten
  D:0007H         SYMBOL        unit
  -------         ENDDO         
  C:4C97H         LINE#         66
  C:4C97H         LINE#         67
BL51 BANKED LINKER/LOCATER V6.22                                                      02/25/2019  10:56:10  PAGE 19


  C:4C97H         LINE#         69
  C:4C9AH         LINE#         70
  C:4CA0H         LINE#         71
  C:4CA7H         LINE#         72
  C:4CADH         LINE#         74
  -------         ENDPROC       _ASCIITOBCD
  -------         ENDMOD        UART1

  -------         MODULE        LCD_DRIVER_SPLC780D
  C:0000H         SYMBOL        _ICE_DUMMY_
  D:0092H         PUBLIC        P1M0
  D:0091H         PUBLIC        P1M1
  D:0080H         PUBLIC        P0
  D:0090H         PUBLIC        P1
  D:00A0H         PUBLIC        P2
  D:00B0H         PUBLIC        P3
  D:00C0H         PUBLIC        P4
  D:00C8H         PUBLIC        P5
  D:00E8H         PUBLIC        P6
  D:00F8H         PUBLIC        P7
  C:470AH         PUBLIC        _WriteData
  D:00A8H         PUBLIC        IE
  D:00B8H         PUBLIC        IP
  D:00D8H         PUBLIC        CCON
  B:00B0H.4       PUBLIC        LCD_D4
  B:00B0H.5       PUBLIC        LCD_D5
  B:00B0H.6       PUBLIC        LCD_D6
  C:4C47H         PUBLIC        _DisplayLCD
  B:00B0H.7       PUBLIC        LCD_D7
  D:0098H         PUBLIC        SCON
  D:0088H         PUBLIC        TCON
  C:4DA5H         PUBLIC        LCD_clear
  C:49E7H         PUBLIC        _Command
  C:4CC4H         PUBLIC        _Display_Line
  C:48B6H         PUBLIC        LCD_Init
  C:4BACH         PUBLIC        _Wait_ms
  B:00C0H.0       PUBLIC        LCD_RS
  B:00B0H.2       PUBLIC        LCD_RW
  C:4D9BH         PUBLIC        LCD_return_home
  B:00B0H.3       PUBLIC        LCD_E
  D:00D0H         PUBLIC        PSW
  -------         PROC          LCD_INIT
  C:48B6H         LINE#         9
  C:48B6H         LINE#         10
  C:48B6H         LINE#         11
  C:48B9H         LINE#         12
  C:48BCH         LINE#         14
  C:48C2H         LINE#         15
  C:48C7H         LINE#         17
  C:48CEH         LINE#         18
  C:48D3H         LINE#         20
  C:48D6H         LINE#         21
  C:48DBH         LINE#         23
  C:48DEH         LINE#         24
  C:48E3H         LINE#         26
  C:48EAH         LINE#         29
  C:48EFH         LINE#         30
BL51 BANKED LINKER/LOCATER V6.22                                                      02/25/2019  10:56:10  PAGE 20


  C:48F4H         LINE#         32
  C:48F9H         LINE#         33
  C:48FEH         LINE#         35
  C:4903H         LINE#         36
  C:4908H         LINE#         37
  -------         ENDPROC       LCD_INIT
  -------         PROC          _WRITEDATA
  X:046AH         SYMBOL        dat
  C:470AH         LINE#         40
  C:470FH         LINE#         41
  C:470FH         LINE#         46
  C:4711H         LINE#         47
  C:4713H         LINE#         49
  C:4721H         LINE#         50
  C:472DH         LINE#         51
  C:4739H         LINE#         52
  C:4743H         LINE#         53
  C:4745H         LINE#         54
  C:474CH         LINE#         55
  C:474EH         LINE#         57
  C:475EH         LINE#         58
  C:4769H         LINE#         59
  C:4773H         LINE#         60
  C:4777H         LINE#         62
  C:4777H         LINE#         63
  C:477AH         LINE#         64
  C:477CH         LINE#         65
  C:477EH         LINE#         67
  -------         ENDPROC       _WRITEDATA
  -------         PROC          _COMMAND
  D:0007H         SYMBOL        dat
  C:49E7H         LINE#         69
  C:49E7H         LINE#         70
  C:49E7H         LINE#         71
  C:49E9H         LINE#         72
  C:49EBH         LINE#         74
  C:49F5H         LINE#         75
  C:49F9H         LINE#         77
  C:49FBH         LINE#         78
  C:4A04H         LINE#         79
  C:4A08H         LINE#         81
  C:4A0AH         LINE#         82
  C:4A11H         LINE#         83
  C:4A15H         LINE#         85
  C:4A17H         LINE#         86
  C:4A1BH         LINE#         87
  C:4A1FH         LINE#         89
  C:4A21H         LINE#         90
  C:4A21H         LINE#         91
  C:4A24H         LINE#         92
  C:4A26H         LINE#         93
  -------         ENDPROC       _COMMAND
  C:4BA8H         SYMBOL        L?0028
  -------         PROC          L?0027
  -------         ENDPROC       L?0027
  C:4BA8H         SYMBOL        L?0028
  -------         PROC          _WAIT_MS
BL51 BANKED LINKER/LOCATER V6.22                                                      02/25/2019  10:56:10  PAGE 21


  D:0006H         SYMBOL        ms
  -------         DO            
  D:0004H         SYMBOL        De_Cnt
  -------         ENDDO         
  C:4BACH         LINE#         95
  C:4BACH         LINE#         96
  C:4BACH         LINE#         98
  C:4BB6H         LINE#         99
  C:4BB6H         LINE#         100
  C:4BC9H         LINE#         101
  C:4BC9H         LINE#         102
  -------         ENDPROC       _WAIT_MS
  -------         PROC          _DISPLAYLCD
  D:0007H         SYMBOL        BCD
  -------         DO            
  D:0006H         SYMBOL        first_digit
  X:03BBH         SYMBOL        second_digit
  -------         ENDDO         
  C:4C47H         LINE#         103
  C:4C47H         LINE#         104
  C:4C47H         LINE#         106
  C:4C4EH         LINE#         107
  C:4C57H         LINE#         109
  C:4C5CH         LINE#         111
  -------         ENDPROC       _DISPLAYLCD
  -------         PROC          LCD_RETURN_HOME
  C:4D9BH         LINE#         115
  C:4D9BH         LINE#         116
  C:4D9BH         LINE#         117
  C:4DA0H         LINE#         118
  -------         ENDPROC       LCD_RETURN_HOME
  -------         PROC          LCD_CLEAR
  C:4DA5H         LINE#         121
  C:4DA5H         LINE#         122
  C:4DA5H         LINE#         123
  C:4DAAH         LINE#         124
  -------         ENDPROC       LCD_CLEAR
  -------         PROC          _DISPLAY_LINE
  D:0006H         SYMBOL        line
  C:4CC4H         LINE#         128
  C:4CC4H         LINE#         129
  C:4CC4H         LINE#         130
  C:4CCAH         LINE#         131
  C:4CCAH         LINE#         132
  C:4CCCH         LINE#         133
  C:4CCCH         LINE#         134
  C:4CCEH         LINE#         136
  C:4CCEH         LINE#         137
  C:4CD3H         LINE#         138
  C:4CD8H         LINE#         139
  C:4CD8H         LINE#         140
  -------         ENDPROC       _DISPLAY_LINE
  -------         ENDMOD        LCD_DRIVER_SPLC780D

  -------         MODULE        KEYPAD
  C:0000H         SYMBOL        _ICE_DUMMY_
  D:0093H         PUBLIC        P0M1
BL51 BANKED LINKER/LOCATER V6.22                                                      02/25/2019  10:56:10  PAGE 22


  D:0080H         PUBLIC        P0
  D:0090H         PUBLIC        P1
  D:00A0H         PUBLIC        P2
  D:00B0H         PUBLIC        P3
  D:00C0H         PUBLIC        P4
  D:00C8H         PUBLIC        P5
  B:0020H.0       PUBLIC        calib_mode
  D:00E8H         PUBLIC        P6
  D:00F8H         PUBLIC        P7
  D:00A8H         PUBLIC        IE
  C:36D4H         PUBLIC        Key_Scan
  D:00B8H         PUBLIC        IP
  D:00D8H         PUBLIC        CCON
  C:4D83H         PUBLIC        KeyPad_IO_Init
  C:4C29H         PUBLIC        _Delay_ms
  D:0098H         PUBLIC        SCON
  D:0088H         PUBLIC        TCON
  B:0020H.1       PUBLIC        small_move
  B:0020H.2       PUBLIC        move
  B:0020H.3       PUBLIC        direction
  B:0020H.4       PUBLIC        auto_move
  C:30B4H         PUBLIC        Key_Process
  D:00D0H         PUBLIC        PSW
  D:0094H         PUBLIC        P0M0
  -------         PROC          _DELAY_MS
  D:0006H         SYMBOL        ms
  -------         DO            
  D:0004H         SYMBOL        De_Cnt
  -------         ENDDO         
  C:4C29H         LINE#         19
  C:4C29H         LINE#         20
  C:4C29H         LINE#         22
  C:4C33H         LINE#         23
  C:4C33H         LINE#         24
  C:4C46H         LINE#         25
  C:4C46H         LINE#         26
  -------         ENDPROC       _DELAY_MS
  -------         PROC          KEY_SCAN
  -------         DO            
  X:03C1H         SYMBOL        KeyTemp1
  X:03C2H         SYMBOL        KeyTemp2
  X:03C3H         SYMBOL        KeyValue
  -------         ENDDO         
  C:36D4H         LINE#         27
  C:36D4H         LINE#         28
  C:36D4H         LINE#         33
  C:36D7H         LINE#         36
  C:36DAH         LINE#         38
  C:36E2H         LINE#         39
  C:36E9H         LINE#         40
  C:36E9H         LINE#         42
  C:36EEH         LINE#         43
  C:36F5H         LINE#         44
  C:36F5H         LINE#         47
  C:36F8H         LINE#         48
  C:36FBH         LINE#         49
  C:3700H         LINE#         50
BL51 BANKED LINKER/LOCATER V6.22                                                      02/25/2019  10:56:10  PAGE 23


  C:3704H         LINE#         51
  C:3704H         LINE#         52
  C:370CH         LINE#         53
  C:370CH         LINE#         54
  C:370FH         LINE#         55
  C:3717H         LINE#         56
  C:3719H         LINE#         58
  C:372DH         LINE#         59
  C:372DH         LINE#         60
  C:372DH         LINE#         61
  C:372DH         LINE#         62
  C:3733H         LINE#         64
  C:3735H         LINE#         65
  C:3735H         LINE#         66
  C:3735H         LINE#         67
  C:373BH         LINE#         69
  C:373DH         LINE#         70
  C:373DH         LINE#         71
  C:373DH         LINE#         72
  C:3743H         LINE#         74
  C:3745H         LINE#         75
  C:3745H         LINE#         76
  C:3745H         LINE#         77
  C:374BH         LINE#         79
  C:374BH         LINE#         80
  C:374BH         LINE#         81
  C:374BH         LINE#         84
  C:374EH         LINE#         85
  C:3751H         LINE#         86
  C:3759H         LINE#         87
  C:375DH         LINE#         88
  C:375DH         LINE#         89
  C:3765H         LINE#         90
  C:3765H         LINE#         91
  C:3768H         LINE#         92
  C:3770H         LINE#         93
  C:3772H         LINE#         94
  C:3786H         LINE#         95
  C:3786H         LINE#         96
  C:3786H         LINE#         97
  C:3786H         LINE#         98
  C:378CH         LINE#         100
  C:378EH         LINE#         101
  C:378EH         LINE#         102
  C:378EH         LINE#         103
  C:3794H         LINE#         105
  C:3796H         LINE#         106
  C:3796H         LINE#         107
  C:3796H         LINE#         108
  C:379CH         LINE#         110
  C:379EH         LINE#         111
  C:379EH         LINE#         112
  C:379EH         LINE#         113
  C:37A3H         LINE#         115
  C:37A3H         LINE#         116
  C:37A3H         LINE#         117
  C:37A3H         LINE#         120
BL51 BANKED LINKER/LOCATER V6.22                                                      02/25/2019  10:56:10  PAGE 24


  C:37A6H         LINE#         121
  C:37A9H         LINE#         122
  C:37B1H         LINE#         123
  C:37B5H         LINE#         124
  C:37B5H         LINE#         125
  C:37BDH         LINE#         126
  C:37BDH         LINE#         127
  C:37C0H         LINE#         128
  C:37C8H         LINE#         129
  C:37CAH         LINE#         130
  C:37DEH         LINE#         131
  C:37DEH         LINE#         132
  C:37DEH         LINE#         133
  C:37DEH         LINE#         134
  C:37E4H         LINE#         136
  C:37E6H         LINE#         137
  C:37E6H         LINE#         138
  C:37E6H         LINE#         139
  C:37ECH         LINE#         141
  C:37EEH         LINE#         142
  C:37EEH         LINE#         143
  C:37EEH         LINE#         144
  C:37F4H         LINE#         146
  C:37F6H         LINE#         147
  C:37F6H         LINE#         148
  C:37F6H         LINE#         149
  C:37FCH         LINE#         151
  C:37FCH         LINE#         152
  C:37FCH         LINE#         153
  C:37FCH         LINE#         157
  C:37FFH         LINE#         158
  C:3802H         LINE#         159
  C:380AH         LINE#         160
  C:380EH         LINE#         161
  C:380EH         LINE#         162
  C:3816H         LINE#         163
  C:3816H         LINE#         164
  C:3819H         LINE#         165
  C:3821H         LINE#         166
  C:3823H         LINE#         167
  C:3837H         LINE#         168
  C:3837H         LINE#         169
  C:3837H         LINE#         170
  C:3837H         LINE#         171
  C:383DH         LINE#         173
  C:383FH         LINE#         174
  C:383FH         LINE#         175
  C:383FH         LINE#         176
  C:3845H         LINE#         178
  C:3847H         LINE#         179
  C:3847H         LINE#         180
  C:3847H         LINE#         181
  C:384DH         LINE#         183
  C:384FH         LINE#         184
  C:384FH         LINE#         185
  C:384FH         LINE#         186
  C:3855H         LINE#         188
BL51 BANKED LINKER/LOCATER V6.22                                                      02/25/2019  10:56:10  PAGE 25


  C:3855H         LINE#         189
  C:3855H         LINE#         190
  C:3855H         LINE#         192
  C:385BH         LINE#         193
  C:385BH         LINE#         195
  C:385BH         LINE#         196
  C:385EH         LINE#         197
  C:385EH         LINE#         198
  C:385EH         LINE#         200
  C:385EH         LINE#         201
  C:3860H         LINE#         202
  C:3860H         LINE#         203
  -------         ENDPROC       KEY_SCAN
  -------         PROC          KEY_PROCESS
  -------         DO            
  X:061AH         SYMBOL        KeyCount
  X:061CH         SYMBOL        KeyNum_Old
  X:061DH         SYMBOL        KeyNum
  X:061EH         SYMBOL        PressedKey
  X:03BBH         SYMBOL        d
  D:0004H         SYMBOL        hours
  D:0006H         SYMBOL        mins
  X:03BDH         SYMBOL        months
  X:03BFH         SYMBOL        days
  -------         ENDDO         
  C:30B4H         LINE#         204
  C:30B4H         LINE#         205
  C:30B4H         LINE#         209
  C:30BCH         LINE#         210
  C:30C4H         LINE#         212
  C:30C7H         LINE#         213
  C:30C7H         LINE#         214
  C:30CAH         LINE#         216
  C:30CAH         LINE#         217
  C:30D7H         LINE#         218
  C:30D7H         LINE#         219
  C:30DAH         LINE#         220
  C:30DDH         LINE#         222
  C:30E0H         LINE#         224
  C:30E0H         LINE#         225
  C:30EBH         LINE#         226
  C:30EBH         LINE#         227
  C:30EEH         LINE#         229
  C:30EEH         LINE#         230
  C:30F5H         LINE#         231
  C:30F5H         LINE#         232
  C:30F8H         LINE#         234
  C:30F8H         LINE#         235
  C:3100H         LINE#         236
  C:3100H         LINE#         237
  C:310AH         LINE#         238
  C:3112H         LINE#         240
  C:311BH         LINE#         242
  C:311BH         LINE#         251
  C:3130H         LINE#         252
  C:3130H         LINE#         253
  C:3142H         LINE#         254
BL51 BANKED LINKER/LOCATER V6.22                                                      02/25/2019  10:56:10  PAGE 26


  C:3150H         LINE#         255
  C:315FH         LINE#         256
  C:315FH         LINE#         258
  C:3165H         LINE#         262
  C:317BH         LINE#         263
  C:318CH         LINE#         264
  C:31A7H         LINE#         265
  C:31A7H         LINE#         266
  C:31B7H         LINE#         267
  C:31C8H         LINE#         268
  C:31C8H         LINE#         272
  C:31E1H         LINE#         273
  C:31F8H         LINE#         274
  C:3218H         LINE#         275
  C:3218H         LINE#         276
  C:3222H         LINE#         277
  C:3222H         LINE#         278
  C:322BH         LINE#         279
  C:322BH         LINE#         280
  C:323FH         LINE#         281
  C:323FH         LINE#         282
  C:323FH         LINE#         283
  C:323FH         LINE#         284
  C:323FH         LINE#         285
  C:3241H         LINE#         287
  C:3241H         LINE#         288
  C:324DH         LINE#         289
  C:324DH         LINE#         290
  C:325EH         LINE#         291
  C:325EH         LINE#         292
  C:325EH         LINE#         293
  C:325EH         LINE#         294
  C:325EH         LINE#         296
  C:3260H         LINE#         298
  C:3260H         LINE#         299
  C:3271H         LINE#         300
  C:3271H         LINE#         301
  C:3271H         LINE#         302
  C:3271H         LINE#         303
  C:3271H         LINE#         305
  C:3271H         LINE#         307
  C:3271H         LINE#         308
  C:3273H         LINE#         310
  C:3273H         LINE#         311
  C:3286H         LINE#         312
  C:3286H         LINE#         313
  C:3297H         LINE#         314
  C:3297H         LINE#         315
  C:3297H         LINE#         316
  C:3297H         LINE#         317
  C:3297H         LINE#         318
  C:3299H         LINE#         320
  C:3299H         LINE#         321
  C:32AAH         LINE#         322
  C:32AAH         LINE#         323
  C:32BBH         LINE#         324
  C:32CCH         LINE#         325
BL51 BANKED LINKER/LOCATER V6.22                                                      02/25/2019  10:56:10  PAGE 27


  C:32CCH         LINE#         326
  C:32CCH         LINE#         327
  C:32CCH         LINE#         328
  C:32CCH         LINE#         329
  C:32CFH         LINE#         330
  C:32D4H         LINE#         331
  C:32D9H         LINE#         332
  C:32DEH         LINE#         333
  C:32E3H         LINE#         334
  C:32E8H         LINE#         335
  C:32EDH         LINE#         336
  C:32F2H         LINE#         337
  C:32F2H         LINE#         339
  C:3314H         LINE#         340
  C:3314H         LINE#         341
  C:331EH         LINE#         342
  C:331EH         LINE#         343
  C:3323H         LINE#         344
  C:332CH         LINE#         345
  C:3343H         LINE#         346
  C:3343H         LINE#         347
  C:3353H         LINE#         349
  C:3353H         LINE#         353
  -------         ENDPROC       KEY_PROCESS
  -------         PROC          KEYPAD_IO_INIT
  C:4D83H         LINE#         356
  C:4D83H         LINE#         357
  C:4D83H         LINE#         358
  C:4D86H         LINE#         359
  C:4D89H         LINE#         360
  C:4D8CH         LINE#         361
  C:4D8EH         LINE#         362
  -------         ENDPROC       KEYPAD_IO_INIT
  -------         ENDMOD        KEYPAD

  -------         MODULE        BIPOLARMOTOR
  C:0000H         SYMBOL        _ICE_DUMMY_
  D:0080H         PUBLIC        P0
  D:0090H         PUBLIC        P1
  X:0000H         PUBLIC        RX_pos_test
  D:00A0H         PUBLIC        P2
  D:00B0H         PUBLIC        P3
  D:00C0H         PUBLIC        P4
  D:00C8H         PUBLIC        P5
  D:00E8H         PUBLIC        P6
  D:00F8H         PUBLIC        P7
  X:00A0H         PUBLIC        low_date_azimuth_mapping
  D:00A8H         PUBLIC        IE
  C:40D7H         PUBLIC        linear_interpolate
  C:4B57H         PUBLIC        _Move
  D:00B8H         PUBLIC        IP
  C:3387H         PUBLIC        _findDet3x3
  C:2DF4H         PUBLIC        _findDet4x4
  D:00D8H         PUBLIC        CCON
  X:00C8H         PUBLIC        previous_move_time
  D:0098H         PUBLIC        SCON
  D:0088H         PUBLIC        TCON
BL51 BANKED LINKER/LOCATER V6.22                                                      02/25/2019  10:56:10  PAGE 28


  C:4DBFH         PUBLIC        wait
  C:4A27H         PUBLIC        _Step_move
  X:00C9H         PUBLIC        dat
  C:000EH         PUBLIC        _Update_position
  C:490FH         PUBLIC        vOneStepMove
  X:00CFH         PUBLIC        elevation_stamp
  X:010BH         PUBLIC        date_azimuth_mapping
  X:0133H         PUBLIC        RX_pos
  C:4C6EH         PUBLIC        _BCDtoDec1
  X:038BH         PUBLIC        degree
  D:00D0H         PUBLIC        PSW
  -------         PROC          L?0062
  -------         ENDPROC       L?0062
  -------         PROC          _BCDTODEC1
  D:0007H         SYMBOL        bcd
  -------         DO            
  D:0006H         SYMBOL        hi
  D:0007H         SYMBOL        lo
  -------         ENDDO         
  C:4C6EH         LINE#         28
  C:4C6EH         LINE#         29
  C:4C6EH         LINE#         31
  C:4C73H         LINE#         32
  C:4C77H         LINE#         33
  C:4C7EH         LINE#         34
  -------         ENDPROC       _BCDTODEC1
  -------         PROC          WAIT
  C:4DBFH         LINE#         36
  C:4DBFH         LINE#         38
  -------         ENDPROC       WAIT
  -------         PROC          VONESTEPMOVE
  B:0020H.7       SYMBOL        bDir
  C:490FH         LINE#         40
  C:490FH         LINE#         41
  C:490FH         LINE#         43
  C:4915H         LINE#         44
  C:4915H         LINE#         45
  C:4918H         LINE#         46
  C:4921H         LINE#         47
  C:4928H         LINE#         48
  C:492DH         LINE#         49
  C:492DH         LINE#         50
  C:492DH         LINE#         52
  C:492FH         LINE#         55
  C:492FH         LINE#         56
  C:4932H         LINE#         57
  C:493BH         LINE#         58
  C:4942H         LINE#         59
  C:4948H         LINE#         60
  C:4951H         LINE#         61
  C:4958H         LINE#         62
  C:4958H         LINE#         66
  -------         ENDPROC       VONESTEPMOVE
  -------         PROC          _STEP_MOVE
  X:0479H         SYMBOL        step
  B:0020H.6       SYMBOL        dir
  -------         DO            
BL51 BANKED LINKER/LOCATER V6.22                                                      02/25/2019  10:56:10  PAGE 29


  X:047BH         SYMBOL        i
  -------         ENDDO         
  C:4A27H         LINE#         68
  C:4A2FH         LINE#         69
  C:4A2FH         LINE#         71
  C:4A34H         LINE#         74
  C:4A4FH         LINE#         75
  C:4A4FH         LINE#         76
  C:4A56H         LINE#         78
  C:4A66H         LINE#         80
  -------         ENDPROC       _STEP_MOVE
  -------         PROC          _MOVE
  X:0475H         SYMBOL        distance
  B:0020H.5       SYMBOL        direction
  -------         DO            
  D:0006H         SYMBOL        step
  -------         ENDDO         
  C:4B57H         LINE#         82
  C:4B5DH         LINE#         83
  C:4B5DH         LINE#         86
  C:4B78H         LINE#         87
  -------         ENDPROC       _MOVE
  C:3368H         SYMBOL        L?0058
  C:337CH         SYMBOL        L?0059
  -------         PROC          L?0057
  -------         ENDPROC       L?0057
  C:3368H         SYMBOL        L?0058
  C:337CH         SYMBOL        L?0059
  -------         PROC          _FINDDET3X3
  X:05F6H         SYMBOL        a11
  X:05FAH         SYMBOL        a12
  X:05FEH         SYMBOL        a13
  X:0602H         SYMBOL        a21
  X:0606H         SYMBOL        a22
  X:060AH         SYMBOL        a23
  X:060EH         SYMBOL        a31
  X:0612H         SYMBOL        a32
  X:0616H         SYMBOL        a33
  C:3387H         LINE#         91
  C:338DH         LINE#         95
  C:338DH         LINE#         96
  C:3524H         LINE#         98
  -------         ENDPROC       _FINDDET3X3
  -------         PROC          _FINDDET4X4
  X:05B6H         SYMBOL        a11
  X:05BAH         SYMBOL        a12
  X:05BEH         SYMBOL        a13
  X:05C2H         SYMBOL        a14
  X:05C6H         SYMBOL        a21
  X:05CAH         SYMBOL        a22
  X:05CEH         SYMBOL        a23
  X:05D2H         SYMBOL        a24
  X:05D6H         SYMBOL        a31
  X:05DAH         SYMBOL        a32
  X:05DEH         SYMBOL        a33
  X:05E2H         SYMBOL        a34
  X:05E6H         SYMBOL        a41
BL51 BANKED LINKER/LOCATER V6.22                                                      02/25/2019  10:56:10  PAGE 30


  X:05EAH         SYMBOL        a42
  X:05EEH         SYMBOL        a43
  X:05F2H         SYMBOL        a44
  C:2DF4H         LINE#         99
  C:2DFAH         LINE#         103
  C:2DFAH         LINE#         110
  C:30B3H         LINE#         114
  -------         ENDPROC       _FINDDET4X4
  C:40C6H         SYMBOL        L?0061
  -------         PROC          L?0060
  -------         ENDPROC       L?0060
  C:40C6H         SYMBOL        L?0061
  -------         PROC          LINEAR_INTERPOLATE
  X:0475H         SYMBOL        p1
  X:047DH         SYMBOL        p2
  X:0485H         SYMBOL        x
  -------         DO            
  D:0004H         SYMBOL        fx
  -------         ENDDO         
  C:40D7H         LINE#         120
  C:40D7H         LINE#         121
  C:40D7H         LINE#         124
  C:4176H         LINE#         126
  C:4176H         LINE#         127
  -------         ENDPROC       LINEAR_INTERPOLATE
  -------         PROC          _UPDATE_POSITION
  D:0001H         SYMBOL        mnths
  D:0002H         SYMBOL        dys
  X:03D8H         SYMBOL        hurs
  X:03D9H         SYMBOL        mns
  X:03DAH         SYMBOL        sconds
  X:03DBH         SYMBOL        currnt_pos
  X:03DEH         SYMBOL        offset_calib
  -------         DO            
  X:03E2H         SYMBOL        date
  X:03E4H         SYMBOL        i
  X:03E6H         SYMBOL        yy
  X:03E8H         SYMBOL        desired_distance
  X:03ECH         SYMBOL        distance
  X:03F0H         SYMBOL        JP_pos
  X:03F4H         SYMBOL        pos_interpolate_azimuth
  X:0430H         SYMBOL        current_local_sun_time
  X:0434H         SYMBOL        azimuth
  X:0438H         SYMBOL        elevation
  X:043CH         SYMBOL        time_offset
  X:0440H         SYMBOL        UTC_time
  X:0444H         SYMBOL        declination
  X:0448H         SYMBOL        p1
  X:0450H         SYMBOL        p2
  X:0458H         SYMBOL        time
  X:046AH         SYMBOL        location
  X:0472H         SYMBOL        sunCoord
  -------         ENDDO         
  C:000EH         LINE#         131
  C:0017H         LINE#         134
  C:0017H         LINE#         135
  C:0022H         LINE#         137
BL51 BANKED LINKER/LOCATER V6.22                                                      02/25/2019  10:56:10  PAGE 31


  C:003EH         LINE#         138
  C:0048H         LINE#         146
  C:0052H         LINE#         147
  C:005CH         LINE#         148
  C:0066H         LINE#         149
  C:0071H         LINE#         150
  C:007CH         LINE#         151
  C:0095H         LINE#         152
  C:00A6H         LINE#         153
  C:00B5H         LINE#         156
  C:00C9H         LINE#         160
  C:011BH         LINE#         161
  C:027FH         LINE#         162
  C:02CFH         LINE#         164
  C:03F7H         LINE#         166
  C:04C6H         LINE#         173
  C:050DH         LINE#         174
  C:050DH         LINE#         176
  C:0527H         LINE#         177
  C:0527H         LINE#         178
  C:0597H         LINE#         179
  C:0597H         LINE#         180
  C:059EH         LINE#         181
  C:059EH         LINE#         182
  C:05CBH         LINE#         183
  C:05E6H         LINE#         185
  C:062DH         LINE#         186
  C:0661H         LINE#         188
  C:06A7H         LINE#         189
  C:06CAH         LINE#         191
  C:06CAH         LINE#         193
  C:0740H         LINE#         194
  C:0740H         LINE#         195
  C:0747H         LINE#         196
  C:0747H         LINE#         197
  C:0774H         LINE#         198
  C:078FH         LINE#         200
  C:07D6H         LINE#         201
  C:080AH         LINE#         203
  C:0850H         LINE#         204
  C:0870H         LINE#         206
  C:0870H         LINE#         207
  C:0881H         LINE#         210
  C:089BH         LINE#         211
  C:089BH         LINE#         212
  C:090BH         LINE#         213
  C:090BH         LINE#         214
  C:0938H         LINE#         215
  C:0953H         LINE#         217
  C:0980H         LINE#         218
  C:099BH         LINE#         220
  C:09CDH         LINE#         223
  C:09CDH         LINE#         225
  C:09DEH         LINE#         227
  C:0A0DH         LINE#         229
  C:0A32H         LINE#         230
  C:0A97H         LINE#         231
BL51 BANKED LINKER/LOCATER V6.22                                                      02/25/2019  10:56:10  PAGE 32


  C:0A97H         LINE#         232
  C:0AB1H         LINE#         233
  C:0AC3H         LINE#         234
  C:0ADBH         LINE#         235
  C:0AF1H         LINE#         237
  C:0B0DH         LINE#         238
  C:0B0DH         LINE#         239
  C:0B0DH         LINE#         242
  -------         ENDPROC       _UPDATE_POSITION
  -------         ENDMOD        BIPOLARMOTOR

  -------         MODULE        SUNPOS
  C:0000H         SYMBOL        _ICE_DUMMY_
  C:1F50H         PUBLIC        sunpos
  -------         PROC          SUNPOS
  X:0475H         SYMBOL        udtTime
  X:0487H         SYMBOL        udtLocation
  X:048FH         SYMBOL        udtSunCoordinates
  -------         DO            
  X:0492H         SYMBOL        dElapsedJulianDays
  X:0496H         SYMBOL        dDecimalHours
  X:049AH         SYMBOL        dEclipticLongitude
  X:049EH         SYMBOL        dEclipticObliquity
  X:04A2H         SYMBOL        dRightAscension
  X:04A6H         SYMBOL        dDeclination
  X:04AAH         SYMBOL        dY
  X:04AEH         SYMBOL        dX
  -------         DO            
  X:04B2H         SYMBOL        dJulianDate
  X:04B6H         SYMBOL        liAux1
  X:04BAH         SYMBOL        liAux2
  X:04B2H         SYMBOL        dMeanLongitude
  X:04B6H         SYMBOL        dMeanAnomaly
  X:04BAH         SYMBOL        dOmega
  X:04B2H         SYMBOL        dSin_EclipticLongitude
  X:04B2H         SYMBOL        dGreenwichMeanSiderealTime
  X:04B6H         SYMBOL        dLocalMeanSiderealTime
  X:04BAH         SYMBOL        dLatitudeInRadians
  X:04BEH         SYMBOL        dHourAngle
  X:04C2H         SYMBOL        dCos_Latitude
  X:04C6H         SYMBOL        dSin_Latitude
  X:04CAH         SYMBOL        dCos_HourAngle
  X:04CEH         SYMBOL        dParallax
  -------         ENDDO         
  -------         DO            
  X:04B2H         SYMBOL        dMeanLongitude
  X:04B6H         SYMBOL        dMeanAnomaly
  X:04BAH         SYMBOL        dOmega
  X:04B2H         SYMBOL        dSin_EclipticLongitude
  X:04B2H         SYMBOL        dGreenwichMeanSiderealTime
  X:04B6H         SYMBOL        dLocalMeanSiderealTime
  X:04BAH         SYMBOL        dLatitudeInRadians
  X:04BEH         SYMBOL        dHourAngle
  X:04C2H         SYMBOL        dCos_Latitude
  X:04C6H         SYMBOL        dSin_Latitude
  X:04CAH         SYMBOL        dCos_HourAngle
  X:04CEH         SYMBOL        dParallax
BL51 BANKED LINKER/LOCATER V6.22                                                      02/25/2019  10:56:10  PAGE 33


  -------         ENDDO         
  -------         DO            
  X:04B2H         SYMBOL        dSin_EclipticLongitude
  X:04B2H         SYMBOL        dGreenwichMeanSiderealTime
  X:04B6H         SYMBOL        dLocalMeanSiderealTime
  X:04BAH         SYMBOL        dLatitudeInRadians
  X:04BEH         SYMBOL        dHourAngle
  X:04C2H         SYMBOL        dCos_Latitude
  X:04C6H         SYMBOL        dSin_Latitude
  X:04CAH         SYMBOL        dCos_HourAngle
  X:04CEH         SYMBOL        dParallax
  -------         ENDDO         
  -------         DO            
  X:04B2H         SYMBOL        dGreenwichMeanSiderealTime
  X:04B6H         SYMBOL        dLocalMeanSiderealTime
  X:04BAH         SYMBOL        dLatitudeInRadians
  X:04BEH         SYMBOL        dHourAngle
  X:04C2H         SYMBOL        dCos_Latitude
  X:04C6H         SYMBOL        dSin_Latitude
  X:04CAH         SYMBOL        dCos_HourAngle
  X:04CEH         SYMBOL        dParallax
  -------         ENDDO         
  -------         ENDDO         
  C:1F50H         LINE#         6
  C:1F50H         LINE#         7
  C:1F50H         LINE#         9
  C:1F50H         LINE#         27
  C:1F9AH         LINE#         30
  C:1FBBH         LINE#         31
  C:2102H         LINE#         34
  C:214EH         LINE#         36
  C:216DH         LINE#         37
  C:216DH         LINE#         42
  C:216DH         LINE#         46
  C:219FH         LINE#         47
  C:21C9H         LINE#         48
  C:21F3H         LINE#         49
  C:22A0H         LINE#         52
  C:2301H         LINE#         54
  C:2301H         LINE#         59
  C:2301H         LINE#         61
  C:2318H         LINE#         62
  C:2340H         LINE#         63
  C:2357H         LINE#         64
  C:2382H         LINE#         65
  C:23B9H         LINE#         66
  C:23E4H         LINE#         67
  C:23E4H         LINE#         70
  C:23E4H         LINE#         79
  C:241FH         LINE#         82
  C:2459H         LINE#         84
  C:247EH         LINE#         85
  C:249DH         LINE#         86
  C:24B4H         LINE#         87
  C:24CBH         LINE#         88
  C:24E2H         LINE#         89
  C:256BH         LINE#         91
BL51 BANKED LINKER/LOCATER V6.22                                                      02/25/2019  10:56:10  PAGE 34


  C:2585H         LINE#         92
  C:25E7H         LINE#         93
  C:261DH         LINE#         94
  C:262FH         LINE#         95
  C:265CH         LINE#         96
  C:2689H         LINE#         98
  C:26ABH         LINE#         100
  C:26E3H         LINE#         103
  C:26E3H         LINE#         104
  C:26F1H         LINE#         105
  -------         ENDPROC       SUNPOS
  -------         ENDMOD        SUNPOS

  -------         MODULE        ADC
  C:0000H         SYMBOL        _ICE_DUMMY_
  D:0092H         PUBLIC        P1M0
  D:0091H         PUBLIC        P1M1
  D:0080H         PUBLIC        P0
  D:0090H         PUBLIC        P1
  D:00A0H         PUBLIC        P2
  D:00B0H         PUBLIC        P3
  D:00C0H         PUBLIC        P4
  D:00C8H         PUBLIC        P5
  D:00E8H         PUBLIC        P6
  D:00F8H         PUBLIC        P7
  D:00A8H         PUBLIC        IE
  D:00BDH         PUBLIC        ADC_RES
  D:00B8H         PUBLIC        IP
  D:0097H         PUBLIC        CLK_DIV
  D:00D8H         PUBLIC        CCON
  D:00BCH         PUBLIC        ADC_CONTR
  D:0098H         PUBLIC        SCON
  D:0088H         PUBLIC        TCON
  B:00A0H.4       PUBLIC        P24
  B:00A0H.5       PUBLIC        P25
  B:00A0H.6       PUBLIC        P26
  C:4C0AH         PUBLIC        ADC_Init
  C:4AD5H         PUBLIC        _ADC_GetResult
  D:009DH         PUBLIC        P1ASF
  D:00BEH         PUBLIC        ADC_RESL
  D:00D0H         PUBLIC        PSW
  -------         PROC          ADC_INIT
  C:4C0AH         LINE#         7
  C:4C0AH         LINE#         8
  C:4C0AH         LINE#         10
  C:4C0CH         LINE#         11
  C:4C0EH         LINE#         12
[...]
  C:3F6FH         LINE#         129
  C:3F8EH         LINE#         131
  C:3F95H         LINE#         132
  C:3F95H         LINE#         133
  C:3F97H         LINE#         134
  C:3F9AH         LINE#         135
  C:3FA1H         LINE#         136
  C:3FA1H         LINE#         137
  C:3FA3H         LINE#         138
  C:3FA5H         LINE#         140
  C:3FA5H         LINE#         141
  C:3FA7H         LINE#         143
  C:3FA7H         LINE#         144
  C:3FA7H         LINE#         145
  C:3FA7H         LINE#         146
  C:3FAAH         LINE#         147
  C:3FB1H         LINE#         149
  C:3FD0H         LINE#         151
  C:3FD2H         LINE#         152
  -------         ENDPROC       _AT25SF041_WRITE
  -------         PROC          _AT25SF041_READ
  D:0003H         SYMBOL        opcode
  X:0624H         SYMBOL        addr
  -------         DO            
  X:0628H         SYMBOL        dat
  X:0629H         SYMBOL        i
  -------         ENDDO         
  C:3DD8H         LINE#         156
  C:3DDAH         LINE#         157
  C:3DDAH         LINE#         158
  C:3DDFH         LINE#         160
  C:3DE1H         LINE#         161
BL51 BANKED LINKER/LOCATER V6.22                                                      02/25/2019  10:56:10  PAGE 45


  C:3DE7H         LINE#         165
  C:3DECH         LINE#         166
  C:3DECH         LINE#         167
  C:3DEEH         LINE#         168
  C:3DF1H         LINE#         169
  C:3DF5H         LINE#         170
  C:3DF5H         LINE#         171
  C:3DF7H         LINE#         172
  C:3DF9H         LINE#         174
  C:3DF9H         LINE#         175
  C:3DFBH         LINE#         177
  C:3DFBH         LINE#         178
  C:3DFBH         LINE#         179
  C:3DFBH         LINE#         180
  C:3DFEH         LINE#         181
  C:3E02H         LINE#         184
  C:3E21H         LINE#         186
  C:3E28H         LINE#         187
  C:3E28H         LINE#         188
  C:3E2AH         LINE#         189
  C:3E2DH         LINE#         190
  C:3E46H         LINE#         191
  C:3E46H         LINE#         192
  C:3E48H         LINE#         193
  C:3E4AH         LINE#         195
  C:3E4AH         LINE#         196
  C:3E4CH         LINE#         198
  C:3E4CH         LINE#         199
  C:3E4CH         LINE#         200
  C:3E4CH         LINE#         201
  C:3E4FH         LINE#         202
  C:3E68H         LINE#         204
  C:3E87H         LINE#         207
  C:3E8EH         LINE#         209
  C:3E90H         LINE#         210
  C:3E97H         LINE#         212
  C:3E9EH         LINE#         213
  C:3E9EH         LINE#         214
  C:3EA5H         LINE#         215
  C:3EA5H         LINE#         216
  C:3EA8H         LINE#         217
  C:3EAAH         LINE#         218
  C:3EADH         LINE#         220
  C:3EB0H         LINE#         221
  C:3EB0H         LINE#         223
  C:3EB4H         LINE#         224
  C:3EB4H         LINE#         230
  C:3ED3H         LINE#         233
  C:3ED5H         LINE#         234
  C:3ED8H         LINE#         235
  C:3EDDH         LINE#         237
  -------         ENDPROC       _AT25SF041_READ
  -------         PROC          READ_STATUS_REGISTER_BYTE1
  -------         DO            
  D:0003H         SYMBOL        dat
  D:0001H         SYMBOL        opcode
  X:03CBH         SYMBOL        count
BL51 BANKED LINKER/LOCATER V6.22                                                      02/25/2019  10:56:10  PAGE 46


  X:03CCH         SYMBOL        i
  -------         ENDDO         
  C:438BH         LINE#         241
  C:438BH         LINE#         242
  C:438BH         LINE#         243
  C:4391H         LINE#         244
  C:4395H         LINE#         245
  C:4397H         LINE#         246
  C:4399H         LINE#         247
  C:439FH         LINE#         251
  C:43A6H         LINE#         252
  C:43A6H         LINE#         253
  C:43A8H         LINE#         254
  C:43ABH         LINE#         255
  C:43AFH         LINE#         256
  C:43AFH         LINE#         257
  C:43B1H         LINE#         258
  C:43B3H         LINE#         260
  C:43B3H         LINE#         261
  C:43B5H         LINE#         263
  C:43B5H         LINE#         264
  C:43B5H         LINE#         265
  C:43B5H         LINE#         266
  C:43B8H         LINE#         267
  C:43BCH         LINE#         270
  C:43DBH         LINE#         274
  C:43E2H         LINE#         276
  C:43E4H         LINE#         277
  C:43EBH         LINE#         278
  C:43F2H         LINE#         279
  C:43F2H         LINE#         280
  C:43F6H         LINE#         281
  C:43F6H         LINE#         282
  C:43F9H         LINE#         283
  C:43FBH         LINE#         284
  C:43FEH         LINE#         286
  C:4401H         LINE#         287
  C:4401H         LINE#         289
  C:4405H         LINE#         290
  C:4405H         LINE#         292
  C:4424H         LINE#         296
  C:4426H         LINE#         297
  C:4429H         LINE#         298
  C:442BH         LINE#         299
  -------         ENDPROC       READ_STATUS_REGISTER_BYTE1
  -------         PROC          SPI_NOR_WRITE_DATA
  X:03BBH         SYMBOL        dat
  X:03C6H         SYMBOL        addr
  C:3525H         LINE#         301
  C:3525H         LINE#         302
  C:3525H         LINE#         303
  C:353EH         LINE#         304
  C:353EH         LINE#         305
  C:3541H         LINE#         307
  C:3544H         LINE#         308
  C:354BH         LINE#         309
  C:354BH         LINE#         310
BL51 BANKED LINKER/LOCATER V6.22                                                      02/25/2019  10:56:10  PAGE 47


  C:354EH         LINE#         312
  C:3568H         LINE#         313
  C:3586H         LINE#         315
  C:358DH         LINE#         316
  C:3590H         LINE#         318
  C:35AAH         LINE#         319
  C:35AAH         LINE#         320
  C:35AAH         LINE#         323
  C:35ADH         LINE#         325
  C:35C7H         LINE#         326
  C:35C7H         LINE#         327
  C:35C7H         LINE#         329
  C:35CAH         LINE#         331
  C:35E4H         LINE#         332
  C:35E4H         LINE#         333
  C:35E4H         LINE#         335
  C:35E7H         LINE#         337
  C:3601H         LINE#         338
  C:3601H         LINE#         339
  C:3601H         LINE#         341
  C:3604H         LINE#         343
  C:361EH         LINE#         344
  C:361EH         LINE#         345
  C:361EH         LINE#         347
  C:3621H         LINE#         349
  C:363BH         LINE#         350
  C:363BH         LINE#         351
  C:363BH         LINE#         353
  C:363EH         LINE#         355
  C:3658H         LINE#         356
  C:3658H         LINE#         357
  C:3658H         LINE#         359
  C:365BH         LINE#         361
  C:3675H         LINE#         362
  C:3675H         LINE#         363
  C:3675H         LINE#         365
  C:3678H         LINE#         367
  C:3692H         LINE#         368
  C:3692H         LINE#         369
  C:3692H         LINE#         371
  C:3695H         LINE#         373
  C:36AFH         LINE#         374
  C:36B6H         LINE#         375
  -------         ENDPROC       SPI_NOR_WRITE_DATA
  -------         ENDMOD        AT25SF041

  -------         MODULE        ?C_STARTUP
  C:45FAH         SEGMENT       ?C_C51STARTUP
  I:0022H         SEGMENT       ?STACK
  C:0000H         PUBLIC        ?C_STARTUP
  D:00E0H         SYMBOL        ACC
  D:00F0H         SYMBOL        B
  D:0083H         SYMBOL        DPH
  D:0082H         SYMBOL        DPL
  N:0000H         SYMBOL        IBPSTACK
  N:0100H         SYMBOL        IBPSTACKTOP
  N:0080H         SYMBOL        IDATALEN
BL51 BANKED LINKER/LOCATER V6.22                                                      02/25/2019  10:56:10  PAGE 48


  C:45FDH         SYMBOL        IDATALOOP
  N:0000H         SYMBOL        PBPSTACK
  N:0100H         SYMBOL        PBPSTACKTOP
  N:0000H         SYMBOL        PDATALEN
  N:0000H         SYMBOL        PDATASTART
  N:0000H         SYMBOL        PPAGE
  N:0000H         SYMBOL        PPAGEENABLE
  D:00A0H         SYMBOL        PPAGE_SFR
  D:0081H         SYMBOL        SP
  C:45FAH         SYMBOL        STARTUP1
  N:0000H         SYMBOL        XBPSTACK
  N:0000H         SYMBOL        XBPSTACKTOP
  N:0000H         SYMBOL        XDATALEN
  N:0000H         SYMBOL        XDATASTART
  C:0000H         LINE#         126
  C:45FAH         LINE#         133
  C:45FCH         LINE#         134
  C:45FDH         LINE#         135
  C:45FEH         LINE#         136
  C:4600H         LINE#         185
  C:4603H         LINE#         196
  -------         ENDMOD        ?C_STARTUP

  -------         MODULE        ?C?FPADD
  C:15A1H         PUBLIC        ?C?FPADD
  C:159DH         PUBLIC        ?C?FPSUB
  -------         ENDMOD        ?C?FPADD

  -------         MODULE        ?C?FPMUL
  C:1692H         PUBLIC        ?C?FPMUL
  -------         ENDMOD        ?C?FPMUL

  -------         MODULE        ?C?FPDIV
  C:179BH         PUBLIC        ?C?FPDIV
  -------         ENDMOD        ?C?FPDIV

  -------         MODULE        ?C?FPCMP
  C:183AH         PUBLIC        ?C?FPCMP
  C:1838H         PUBLIC        ?C?FPCMP3
  -------         ENDMOD        ?C?FPCMP

  -------         MODULE        ?C?FPNEG
  C:18B1H         PUBLIC        ?C?FPNEG
  -------         ENDMOD        ?C?FPNEG

  -------         MODULE        ?C?FCAST
  C:18CCH         PUBLIC        ?C?FCASTC
  C:18C7H         PUBLIC        ?C?FCASTI
  C:18C2H         PUBLIC        ?C?FCASTL
  -------         ENDMOD        ?C?FCAST

  -------         MODULE        ?C?CASTF
  C:1900H         PUBLIC        ?C?CASTF
  -------         ENDMOD        ?C?CASTF

  -------         MODULE        ATAN2
  X:04D2H         PUBLIC        ?_atan2?BYTE
BL51 BANKED LINKER/LOCATER V6.22                                                      02/25/2019  10:56:10  PAGE 49


  C:442CH         PUBLIC        _atan2
  -------         ENDMOD        ATAN2

  -------         MODULE        SIN
  C:38A9H         PUBLIC        _COS
  C:38BFH         PUBLIC        _SIN
  C:38FBH         PUBLIC        _TAN
  -------         ENDMOD        SIN

  -------         MODULE        ACOS
  C:4959H         PUBLIC        _ACOS
  -------         ENDMOD        ACOS

  -------         MODULE        ASIN
  C:4A67H         PUBLIC        _ASIN
  -------         ENDMOD        ASIN

  -------         MODULE        SQRT
  C:42E3H         PUBLIC        _SQRT
  -------         ENDMOD        SQRT

  -------         MODULE        ATAN
  C:3CD6H         PUBLIC        _ATAN
  -------         ENDMOD        ATAN

  -------         MODULE        ?C?COPY
  C:1A9EH         PUBLIC        ?C?COPY
  -------         ENDMOD        ?C?COPY

  -------         MODULE        ?C?CLDPTR
  C:1AC4H         PUBLIC        ?C?CLDPTR
  -------         ENDMOD        ?C?CLDPTR

  -------         MODULE        ?C?CLDOPTR
  C:1ADDH         PUBLIC        ?C?CLDOPTR
  -------         ENDMOD        ?C?CLDOPTR

  -------         MODULE        ?C?CSTPTR
  C:1B0AH         PUBLIC        ?C?CSTPTR
  -------         ENDMOD        ?C?CSTPTR

  -------         MODULE        ?C?IMUL
  C:1B1CH         PUBLIC        ?C?IMUL
  -------         ENDMOD        ?C?IMUL

  -------         MODULE        ?C?UIDIV
  C:1B2EH         PUBLIC        ?C?UIDIV
  -------         ENDMOD        ?C?UIDIV

  -------         MODULE        ?C?SIDIV
  C:1B83H         PUBLIC        ?C?SIDIV
  -------         ENDMOD        ?C?SIDIV

  -------         MODULE        ?C?ILDIX
  C:1BB9H         PUBLIC        ?C?ILDIX
  -------         ENDMOD        ?C?ILDIX

BL51 BANKED LINKER/LOCATER V6.22                                                      02/25/2019  10:56:10  PAGE 50


  -------         MODULE        ?C?ILDOPTR
  C:1BCFH         PUBLIC        ?C?ILDOPTR
  -------         ENDMOD        ?C?ILDOPTR

  -------         MODULE        ?C?ISTPTR
  C:1C07H         PUBLIC        ?C?ISTPTR
  -------         ENDMOD        ?C?ISTPTR

  -------         MODULE        ?C?LMUL
  C:1C26H         PUBLIC        ?C?LMUL
  -------         ENDMOD        ?C?LMUL

  -------         MODULE        ?C?SLDIV
  C:49A3H         PUBLIC        ?C?SLDIV
  -------         ENDMOD        ?C?SLDIV

  -------         MODULE        ?C?LNEG
  C:1C75H         PUBLIC        ?C?LNEG
  -------         ENDMOD        ?C?LNEG

  -------         MODULE        ?C?ULCMP
  C:1C83H         PUBLIC        ?C?ULCMP
  -------         ENDMOD        ?C?ULCMP

  -------         MODULE        ?C?LSHL
  C:1C94H         PUBLIC        ?C?LSHL
  -------         ENDMOD        ?C?LSHL

  -------         MODULE        ?C?LLDPTR
  C:1CA7H         PUBLIC        ?C?LLDPTR
  -------         ENDMOD        ?C?LLDPTR

  -------         MODULE        ?C?LLDOPTR
  C:1CC7H         PUBLIC        ?C?LLDOPTR
  -------         ENDMOD        ?C?LLDOPTR

  -------         MODULE        ?C?LSTPTR
  C:1CF7H         PUBLIC        ?C?LSTPTR
  -------         ENDMOD        ?C?LSTPTR

  -------         MODULE        ?C?LSTOPTR
  C:1D11H         PUBLIC        ?C?LSTOPTR
  -------         ENDMOD        ?C?LSTOPTR

  -------         MODULE        ?C?LLDXDATA
  C:1D35H         PUBLIC        ?C?LLDXDATA
  -------         ENDMOD        ?C?LLDXDATA

  -------         MODULE        ?C?LLDCODE
  C:1D41H         PUBLIC        ?C?LLDCODE
  -------         ENDMOD        ?C?LLDCODE

  -------         MODULE        ?C?LLDXDATA0
  C:1D51H         PUBLIC        ?C?LLDXDATA0
  -------         ENDMOD        ?C?LLDXDATA0

  -------         MODULE        ?C?LLDCODE0
BL51 BANKED LINKER/LOCATER V6.22                                                      02/25/2019  10:56:10  PAGE 51


  C:1D5DH         PUBLIC        ?C?LLDCODE0
  -------         ENDMOD        ?C?LLDCODE0

  -------         MODULE        ?C?LLDPTR0
  C:1D6DH         PUBLIC        ?C?LLDPTR0
  -------         ENDMOD        ?C?LLDPTR0

  -------         MODULE        ?C?LSTXDATA
  C:1D8DH         PUBLIC        ?C?LSTXDATA
  -------         ENDMOD        ?C?LSTXDATA

  -------         MODULE        ?C?LSTKXDATA
  C:1D99H         PUBLIC        ?C?LSTKXDATA
  -------         ENDMOD        ?C?LSTKXDATA

  -------         MODULE        ?C?LSTKPTR
  C:1DCAH         PUBLIC        ?C?LSTKPTR
  -------         ENDMOD        ?C?LSTKPTR

  -------         MODULE        ?C?OFFXADD
  C:1DE4H         PUBLIC        ?C?OFFXADD
  -------         ENDMOD        ?C?OFFXADD

  -------         MODULE        ABS
  C:4D8FH         PUBLIC        _ABS
  -------         ENDMOD        ABS

  -------         MODULE        ATOI
  C:3FD9H         PUBLIC        _atoi
  -------         ENDMOD        ATOI

  -------         MODULE        ?C?IILDX
  C:1DF0H         PUBLIC        ?C?IILDX
  -------         ENDMOD        ?C?IILDX

  -------         MODULE        ?C?ULDIV
  C:1E42H         PUBLIC        ?C?ULDIV
  -------         ENDMOD        ?C?ULDIV

  -------         MODULE        ?C?LLDIDATA
  C:1ED4H         PUBLIC        ?C?LLDIDATA
  -------         ENDMOD        ?C?LLDIDATA

  -------         MODULE        ?C?LLDPDATA
  C:1EE0H         PUBLIC        ?C?LLDPDATA
  -------         ENDMOD        ?C?LLDPDATA

  -------         MODULE        ?C?LLDIDATA0
  C:1EECH         PUBLIC        ?C?LLDIDATA0
  -------         ENDMOD        ?C?LLDIDATA0

  -------         MODULE        ?C?LLDPDATA0
  C:1EF9H         PUBLIC        ?C?LLDPDATA0
  -------         ENDMOD        ?C?LLDPDATA0

  -------         MODULE        ?C?LSTIDATA
  C:1F06H         PUBLIC        ?C?LSTIDATA
BL51 BANKED LINKER/LOCATER V6.22                                                      02/25/2019  10:56:10  PAGE 52


  -------         ENDMOD        ?C?LSTIDATA

  -------         MODULE        ?C?LSTPDATA
  C:1F12H         PUBLIC        ?C?LSTPDATA
  -------         ENDMOD        ?C?LSTPDATA

  -------         MODULE        ?C?LSTKIDATA
  C:1F1EH         PUBLIC        ?C?LSTKIDATA
  -------         ENDMOD        ?C?LSTKIDATA

  -------         MODULE        ?C?LSTKPDATA
  C:1F37H         PUBLIC        ?C?LSTKPDATA
  -------         ENDMOD        ?C?LSTKPDATA

  -------         MODULE        ISDIGIT
  C:4D67H         PUBLIC        _isdigit
  -------         ENDMOD        ISDIGIT

  -------         MODULE        ISSPACE
  C:4D02H         PUBLIC        _isspace
  -------         ENDMOD        ISSPACE

*** WARNING L16: UNCALLED SEGMENT, IGNORED FOR OVERLAY PROCESS
    SEGMENT: ?PR?_DISPLAY_PROX?MAIN

*** WARNING L16: UNCALLED SEGMENT, IGNORED FOR OVERLAY PROCESS
    SEGMENT: ?PR?_DAY_OF_YEAR?PCF85063BTL

*** WARNING L16: UNCALLED SEGMENT, IGNORED FOR OVERLAY PROCESS
    SEGMENT: ?PR?INITUART1?UART1

*** WARNING L16: UNCALLED SEGMENT, IGNORED FOR OVERLAY PROCESS
    SEGMENT: ?PR?_SENDSTRING?UART1

*** WARNING L16: UNCALLED SEGMENT, IGNORED FOR OVERLAY PROCESS
    SEGMENT: ?PR?_TEN?UART1

*** WARNING L16: UNCALLED SEGMENT, IGNORED FOR OVERLAY PROCESS
    SEGMENT: ?PR?_UNIT?UART1

*** WARNING L16: UNCALLED SEGMENT, IGNORED FOR OVERLAY PROCESS
    SEGMENT: ?PR?_DECTOBCD?UART1

*** WARNING L16: UNCALLED SEGMENT, IGNORED FOR OVERLAY PROCESS
    SEGMENT: ?PR?_ASCII_LETTER?UART1

*** WARNING L16: UNCALLED SEGMENT, IGNORED FOR OVERLAY PROCESS
    SEGMENT: ?PR?_ASCIITOBCD?UART1

*** WARNING L16: UNCALLED SEGMENT, IGNORED FOR OVERLAY PROCESS
    SEGMENT: ?PR?WAIT?BIPOLARMOTOR

*** WARNING L16: UNCALLED SEGMENT, IGNORED FOR OVERLAY PROCESS
    SEGMENT: ?PR?_FINDDET4X4?BIPOLARMOTOR

*** WARNING L16: UNCALLED SEGMENT, IGNORED FOR OVERLAY PROCESS
    SEGMENT: ?PR?NOP?IOEXPANDER_PI4IOE5V96248
BL51 BANKED LINKER/LOCATER V6.22                                                      02/25/2019  10:56:10  PAGE 53



*** WARNING L16: UNCALLED SEGMENT, IGNORED FOR OVERLAY PROCESS
    SEGMENT: ?PR?UC_ACK?IOEXPANDER_PI4IOE5V96248

*** WARNING L16: UNCALLED SEGMENT, IGNORED FOR OVERLAY PROCESS
    SEGMENT: ?PR?UC_NACK?IOEXPANDER_PI4IOE5V96248

*** WARNING L16: UNCALLED SEGMENT, IGNORED FOR OVERLAY PROCESS
    SEGMENT: ?PR?_AT25SF041_READ?AT25SF041

*** WARNING L1: UNRESOLVED EXTERNAL SYMBOL
    SYMBOL:  AUTO_MODE
    MODULE:  .\Obj\main.obj (MAIN)

*** WARNING L2: REFERENCE MADE TO UNRESOLVED EXTERNAL
    SYMBOL:  AUTO_MODE
    MODULE:  .\Obj\main.obj (MAIN)
    ADDRESS: 0B3BH

*** WARNING L2: REFERENCE MADE TO UNRESOLVED EXTERNAL
    SYMBOL:  AUTO_MODE
    MODULE:  .\Obj\main.obj (MAIN)
    ADDRESS: 0CB0H

*** WARNING L2: REFERENCE MADE TO UNRESOLVED EXTERNAL
    SYMBOL:  AUTO_MODE
    MODULE:  .\Obj\main.obj (MAIN)
    ADDRESS: 0CBEH

*** WARNING L2: REFERENCE MADE TO UNRESOLVED EXTERNAL
    SYMBOL:  AUTO_MODE
    MODULE:  .\Obj\main.obj (MAIN)
    ADDRESS: 0CD0H

*** WARNING L2: REFERENCE MADE TO UNRESOLVED EXTERNAL
    SYMBOL:  AUTO_MODE
    MODULE:  .\Obj\main.obj (MAIN)
    ADDRESS: 0D12H

*** WARNING L2: REFERENCE MADE TO UNRESOLVED EXTERNAL
    SYMBOL:  AUTO_MODE
    MODULE:  .\Obj\main.obj (MAIN)
    ADDRESS: 0DE5H

*** WARNING L1: UNRESOLVED EXTERNAL SYMBOL
    SYMBOL:  _SENDUART1
    MODULE:  .\Obj\UART1.obj (UART1)

*** WARNING L2: REFERENCE MADE TO UNRESOLVED EXTERNAL
    SYMBOL:  _SENDUART1
    MODULE:  .\Obj\UART1.obj (UART1)
    ADDRESS: 4AD0H

*** WARNING L1: UNRESOLVED EXTERNAL SYMBOL
    SYMBOL:  AUTO_MODE
    MODULE:  .\Obj\KeyPad.obj (KEYPAD)

BL51 BANKED LINKER/LOCATER V6.22                                                      02/25/2019  10:56:10  PAGE 54


*** WARNING L2: REFERENCE MADE TO UNRESOLVED EXTERNAL
    SYMBOL:  AUTO_MODE
    MODULE:  .\Obj\KeyPad.obj (KEYPAD)
    ADDRESS: 3101H

*** WARNING L2: REFERENCE MADE TO UNRESOLVED EXTERNAL
    SYMBOL:  AUTO_MODE
    MODULE:  .\Obj\KeyPad.obj (KEYPAD)
    ADDRESS: 310CH

*** WARNING L2: REFERENCE MADE TO UNRESOLVED EXTERNAL
    SYMBOL:  AUTO_MODE
    MODULE:  .\Obj\KeyPad.obj (KEYPAD)
    ADDRESS: 3113H

Program Size: data=10.2 xdata=1593 code=19905
LINK/LOCATE RUN COMPLETE.  28 WARNING(S),  0 ERROR(S)
