BL51 BANKED LINKER/LOCATER V6.22                                                        01/24/2019  14:29:18  PAGE 1


BL51 BANKED LINKER/LOCATER V6.22, INVOKED BY:
C:\KEIL_V5\C51\BIN\BL51.EXE .\Obj\main.obj, .\Obj\PCF85063BTL.obj, .\Obj\UART1.obj, .\Obj\LCd_Driver_SPLC780D.obj, .\Obj
>> \KeyPad.obj, .\Obj\BipolarMotor.obj, .\Obj\SunPos.obj, .\Obj\ADC.obj, .\Obj\Calibration.obj, .\Obj\IOExpander_PI4IOE5
>> V96248.obj, .\Obj\STARTUP.obj TO .\Obj\GPIO_RTC_Test PRINT (.\Lis\GPIO_RTC_Test.m51) RAMSIZE (256)


MEMORY MODEL: LARGE WITH FLOATING POINT ARITHMETIC


INPUT MODULES INCLUDED:
  .\Obj\main.obj (MAIN)
  .\Obj\PCF85063BTL.obj (PCF85063BTL)
  .\Obj\UART1.obj (UART1)
  .\Obj\LCd_Driver_SPLC780D.obj (LCD_DRIVER_SPLC780D)
  .\Obj\KeyPad.obj (KEYPAD)
  .\Obj\BipolarMotor.obj (BIPOLARMOTOR)
  .\Obj\SunPos.obj (SUNPOS)
  .\Obj\ADC.obj (ADC)
  .\Obj\Calibration.obj (CALIBRATION)
  .\Obj\IOExpander_PI4IOE5V96248.obj (IOEXPANDER_PI4IOE5V96248)
  .\Obj\STARTUP.obj (?C_STARTUP)
  C:\KEIL_V5\C51\LIB\C51FPL.LIB (?C?FPADD)
  C:\KEIL_V5\C51\LIB\C51FPL.LIB (?C?FPMUL)
  C:\KEIL_V5\C51\LIB\C51FPL.LIB (?C?FPDIV)
  C:\KEIL_V5\C51\LIB\C51FPL.LIB (?C?FPCMP)
  C:\KEIL_V5\C51\LIB\C51FPL.LIB (?C?FPNEG)
  C:\KEIL_V5\C51\LIB\C51FPL.LIB (?C?FCAST)
  C:\KEIL_V5\C51\LIB\C51FPL.LIB (?C?CASTF)
  C:\KEIL_V5\C51\LIB\C51FPL.LIB (ATAN2)
  C:\KEIL_V5\C51\LIB\C51FPL.LIB (SIN)
  C:\KEIL_V5\C51\LIB\C51FPL.LIB (ACOS)
  C:\KEIL_V5\C51\LIB\C51FPL.LIB (ASIN)
  C:\KEIL_V5\C51\LIB\C51FPL.LIB (?C?FPGETOPN)
  C:\KEIL_V5\C51\LIB\C51FPL.LIB (?C?FPSERIES)
  C:\KEIL_V5\C51\LIB\C51FPL.LIB (SQRT)
  C:\KEIL_V5\C51\LIB\C51FPL.LIB (ATAN)
  C:\KEIL_V5\C51\LIB\C51L.LIB (?C_INIT)
  C:\KEIL_V5\C51\LIB\C51L.LIB (?C?COPY)
  C:\KEIL_V5\C51\LIB\C51L.LIB (?C?CLDPTR)
  C:\KEIL_V5\C51\LIB\C51L.LIB (?C?CLDOPTR)
  C:\KEIL_V5\C51\LIB\C51L.LIB (?C?CSTPTR)
  C:\KEIL_V5\C51\LIB\C51L.LIB (?C?IMUL)
  C:\KEIL_V5\C51\LIB\C51L.LIB (?C?UIDIV)
  C:\KEIL_V5\C51\LIB\C51L.LIB (?C?SIDIV)
  C:\KEIL_V5\C51\LIB\C51L.LIB (?C?ILDIX)
  C:\KEIL_V5\C51\LIB\C51L.LIB (?C?ILDOPTR)
  C:\KEIL_V5\C51\LIB\C51L.LIB (?C?LMUL)
  C:\KEIL_V5\C51\LIB\C51L.LIB (?C?SLDIV)
  C:\KEIL_V5\C51\LIB\C51L.LIB (?C?LNEG)
  C:\KEIL_V5\C51\LIB\C51L.LIB (?C?LLDPTR)
  C:\KEIL_V5\C51\LIB\C51L.LIB (?C?LLDOPTR)
  C:\KEIL_V5\C51\LIB\C51L.LIB (?C?LSTPTR)
  C:\KEIL_V5\C51\LIB\C51L.LIB (?C?LSTOPTR)
  C:\KEIL_V5\C51\LIB\C51L.LIB (?C?LLDXDATA)
  C:\KEIL_V5\C51\LIB\C51L.LIB (?C?LLDCODE)
  C:\KEIL_V5\C51\LIB\C51L.LIB (?C?LLDXDATA0)
  C:\KEIL_V5\C51\LIB\C51L.LIB (?C?LLDCODE0)
  C:\KEIL_V5\C51\LIB\C51L.LIB (?C?LLDPTR0)
BL51 BANKED LINKER/LOCATER V6.22                                                      01/24/2019  14:29:18  PAGE 2


  C:\KEIL_V5\C51\LIB\C51L.LIB (?C?LSTXDATA)
  C:\KEIL_V5\C51\LIB\C51L.LIB (?C?LSTKXDATA)
  C:\KEIL_V5\C51\LIB\C51L.LIB (?C?OFFXADD)
  C:\KEIL_V5\C51\LIB\C51L.LIB (ABS)
  C:\KEIL_V5\C51\LIB\C51L.LIB (ATOI)
  C:\KEIL_V5\C51\LIB\C51L.LIB (?C?IILDX)
  C:\KEIL_V5\C51\LIB\C51L.LIB (?C?ULDIV)
  C:\KEIL_V5\C51\LIB\C51L.LIB (?C?LLDIDATA)
  C:\KEIL_V5\C51\LIB\C51L.LIB (?C?LLDPDATA)
  C:\KEIL_V5\C51\LIB\C51L.LIB (?C?LLDIDATA0)
  C:\KEIL_V5\C51\LIB\C51L.LIB (?C?LLDPDATA0)
  C:\KEIL_V5\C51\LIB\C51L.LIB (?C?LSTIDATA)
  C:\KEIL_V5\C51\LIB\C51L.LIB (?C?LSTPDATA)
  C:\KEIL_V5\C51\LIB\C51L.LIB (ISDIGIT)
  C:\KEIL_V5\C51\LIB\C51L.LIB (ISSPACE)


LINK MAP OF MODULE:  .\Obj\GPIO_RTC_Test (MAIN)


            TYPE    BASE      LENGTH    RELOCATION   SEGMENT NAME
            -----------------------------------------------------

            * * * * * * *   D A T A   M E M O R Y   * * * * * * *
            REG     0000H     0008H     ABSOLUTE     "REG BANK 0"
            REG     0008H     0008H     ABSOLUTE     "REG BANK 1"
                    0010H     0010H                  *** GAP ***
            BIT     0020H.0   0000H.5   UNIT         ?BI?KEYPAD
            BIT     0020H.5   0000H.4   UNIT         _BIT_GROUP_
            BIT     0021H.1   0000H.1   UNIT         ?BI?MAIN
                    0021H.2   0000H.6                *** GAP ***
            IDATA   0022H     0001H     UNIT         ?STACK

            * * * * * * *  X D A T A   M E M O R Y  * * * * * * *
            XDATA   0000H     02EFH     UNIT         ?XD?BIPOLARMOTOR
            XDATA   02EFH     0124H     UNIT         _XDATA_GROUP_
            XDATA   0413H     00D4H     UNIT         ?XD?MAIN
            XDATA   04E7H     0040H     UNIT         ?XD?_FINDDET4X4?BIPOLARMOTOR
            XDATA   0527H     0024H     UNIT         ?XD?_FINDDET3X3?BIPOLARMOTOR
            XDATA   054BH     001EH     UNIT         ?XD?_CALIB_INTERPOLATE?MAIN
            XDATA   0569H     0009H     UNIT         ?XD?KEYPAD
            XDATA   0572H     0004H     UNIT         ?XD?_DISPLAY_PROX?MAIN
            XDATA   0576H     0003H     UNIT         ?XD?_SENDSTRING?UART1
            XDATA   0579H     0001H     UNIT         ?XD?UC_ACK?IOEXPANDER_PI4IOE5V96248
            XDATA   057AH     0001H     UNIT         ?XD?UC_NACK?IOEXPANDER_PI4IOE5V96248

            * * * * * * *   C O D E   M E M O R Y   * * * * * * *
            CODE    0000H     0003H     ABSOLUTE     
            CODE    0003H     0006H     UNIT         ?PR?_TEN?UART1
            CODE    0009H     0001H     UNIT         ?PR?TM0_ISR?MAIN
            CODE    000AH     0001H     UNIT         ?PR?_DECTOBCD?UART1
            CODE    000BH     0003H     ABSOLUTE     
            CODE    000EH     0015H     UNIT         ?PR?_DISPLAY_LINE?LCD_DRIVER_SPLC780D
            CODE    0023H     0003H     ABSOLUTE     
            CODE    0026H     0A87H     UNIT         ?PR?_UPDATE_POSITION?BIPOLARMOTOR
            CODE    0AADH     0927H     UNIT         ?C?LIB_CODE
            CODE    13D4H     0882H     UNIT         ?PR?MAIN?MAIN
BL51 BANKED LINKER/LOCATER V6.22                                                      01/24/2019  14:29:18  PAGE 3


            CODE    1C56H     07A2H     UNIT         ?PR?SUNPOS?SUNPOS
            CODE    23F8H     0355H     UNIT         ?C_INITSEG
            CODE    274DH     02C0H     UNIT         ?PR?_FINDDET4X4?BIPOLARMOTOR
            CODE    2A0DH     02A0H     UNIT         ?PR?KEY_PROCESS?KEYPAD
            CODE    2CADH     01D1H     UNIT         ?PR?_FINDDET3X3?BIPOLARMOTOR
            CODE    2E7EH     01B5H     UNIT         ?PR?_DISPLAY_POS?MAIN
            CODE    3033H     01A1H     UNIT         ?PR?_CALIB_INTERPOLATE?MAIN
            CODE    31D4H     018DH     UNIT         ?PR?KEY_SCAN?KEYPAD
            CODE    3361H     0188H     UNIT         ?PR?SIN?SIN
            CODE    34E9H     013EH     UNIT         ?PR?_FIND_REAL_MAX?CALIBRATION
            CODE    3627H     0122H     UNIT         ?PR?ATAN?ATAN
            CODE    3749H     00E4H     UNIT         ?PR?_CALIBRATION?CALIBRATION
            CODE    382DH     00DBH     UNIT         ?PR?_ATOI?ATOI
            CODE    3908H     00C3H     UNIT         ?PR?LINEAR_INTERPOLATE?BIPOLARMOTOR
            CODE    39CBH     00BBH     UNIT         ?PR?VOLTAGE_IS_STABLE?CALIBRATION
            CODE    3A86H     00ADH     UNIT         ?PR?_WRITE_PI4IOE5V96248?IOEXPANDER_PI4IOE5V96248
            CODE    3B33H     00ACH     UNIT         ?PR?SQRT?SQRT
            CODE    3BDFH     009DH     UNIT         ?PR?_ATAN2?ATAN2
            CODE    3C7CH     009BH     UNIT         ?PR?UART?MAIN
            CODE    3D17H     0096H     UNIT         ?PR?_MAX_VALUE?CALIBRATION
            CODE    3DADH     0095H     UNIT         ?PR?_DISPLAY_PROX?MAIN
            CODE    3E42H     008CH     UNIT         ?C_C51STARTUP
            CODE    3ECEH     0084H     UNIT         ?PR?_DAY_OF_YEAR?PCF85063BTL
            CODE    3F52H     0075H     UNIT         ?PR?_WRITEDATA?LCD_DRIVER_SPLC780D
            CODE    3FC7H     006FH     UNIT         ?PR?_READ_TIME?PCF85063BTL
            CODE    4036H     0059H     UNIT         ?PR?LCD_INIT?LCD_DRIVER_SPLC780D
            CODE    408FH     004AH     UNIT         ?PR?VONESTEPMOVE?BIPOLARMOTOR
            CODE    40D9H     004AH     UNIT         ?PR?ACOS?ACOS
            CODE    4123H     0044H     UNIT         ?C?LDIV
            CODE    4167H     0040H     UNIT         ?PR?_COMMAND?LCD_DRIVER_SPLC780D
            CODE    41A7H     0040H     UNIT         ?PR?_STEP_MOVE?BIPOLARMOTOR
            CODE    41E7H     003BH     UNIT         ?PR?ASIN?ASIN
            CODE    4222H     0033H     UNIT         ?PR?_SENDSTRING?UART1
            CODE    4255H     002BH     UNIT         ?PR?_WAIT_MS_I2C?IOEXPANDER_PI4IOE5V96248
            CODE    4280H     0028H     UNIT         ?PR?_MOVE?BIPOLARMOTOR
            CODE    42A8H     0027H     UNIT         ?PR?_I2C_SENDBYTE?IOEXPANDER_PI4IOE5V96248
            CODE    42CFH     0026H     UNIT         ?PR?_ADC_GETRESULT?ADC
            CODE    42F5H     0024H     UNIT         ?PR?_WAIT_MS?LCD_DRIVER_SPLC780D
            CODE    4319H     0020H     UNIT         ?PR?_SPI_SENDBYTE?PCF85063BTL
            CODE    4339H     0020H     UNIT         ?PR?SPI_RECEIVEBYTE?PCF85063BTL
            CODE    4359H     001EH     UNIT         ?PR?_DELAY_MS?KEYPAD
            CODE    4377H     001DH     UNIT         ?PR?_DISPLAYLCD?LCD_DRIVER_SPLC780D
            CODE    4394H     001DH     UNIT         ?PR?ADC_INIT?ADC
            CODE    43B1H     001BH     UNIT         ?PR?_BCDTODEC1?BIPOLARMOTOR
            CODE    43CCH     0018H     UNIT         ?PR?_SPI_WRITETIME?PCF85063BTL
            CODE    43E4H     0017H     UNIT         ?PR?_ASCIITOBCD?UART1
            CODE    43FBH     0016H     UNIT         ?PR?I2C_ACK?IOEXPANDER_PI4IOE5V96248
            CODE    4411H     0015H     UNIT         ?PR?I2C_STOP?IOEXPANDER_PI4IOE5V96248
            CODE    4426H     0014H     UNIT         ?PR?_PCF85063BTL_DELAY?PCF85063BTL
            CODE    443AH     0014H     UNIT         ?PR?_ISSPACE?ISSPACE
            CODE    444EH     0011H     UNIT         ?PR?_SPI_READTIME?PCF85063BTL
            CODE    445FH     0011H     UNIT         ?PR?_BCDTODEC?PCF85063BTL
            CODE    4470H     0011H     UNIT         ?PR?INITUART1?UART1
            CODE    4481H     000FH     UNIT         ?PR?I2C_START?IOEXPANDER_PI4IOE5V96248
            CODE    4490H     000FH     UNIT         ?PR?UC_NACK?IOEXPANDER_PI4IOE5V96248
            CODE    449FH     000FH     UNIT         ?PR?_ISDIGIT?ISDIGIT
            CODE    44AEH     000DH     UNIT         ?PR?SPI_INIT?PCF85063BTL
BL51 BANKED LINKER/LOCATER V6.22                                                      01/24/2019  14:29:18  PAGE 4


            CODE    44BBH     000CH     UNIT         ?PR?KEYPAD_IO_INIT?KEYPAD
            CODE    44C7H     000CH     UNIT         ?PR?_ABS?ABS
            CODE    44D3H     000AH     UNIT         ?PR?LCD_RETURN_HOME?LCD_DRIVER_SPLC780D
            CODE    44DDH     000AH     UNIT         ?PR?LCD_CLEAR?LCD_DRIVER_SPLC780D
            CODE    44E7H     0009H     UNIT         ?PR?_SENDUART1?MAIN
            CODE    44F0H     0006H     UNIT         ?PR?UC_ACK?IOEXPANDER_PI4IOE5V96248
            CODE    44F6H     0005H     UNIT         ?PR?_UNIT?UART1
            CODE    44FBH     0005H     UNIT         ?PR?_ASCII_LETTER?UART1
            CODE    4500H     0001H     UNIT         ?PR?WAIT?BIPOLARMOTOR
            CODE    4501H     0001H     UNIT         ?PR?NOP?IOEXPANDER_PI4IOE5V96248



OVERLAY MAP OF MODULE:   .\Obj\GPIO_RTC_Test (MAIN)


SEGMENT                                             BIT_GROUP          XDATA_GROUP
  +--> CALLED SEGMENT                            START    LENGTH     START    LENGTH
------------------------------------------------------------------------------------
?PR?UART?MAIN                                    -----    -----      -----    -----
  +--> ?PR?_ASCIITOBCD?UART1

?PR?_ASCIITOBCD?UART1                            -----    -----      -----    -----
  +--> ?PR?_ATOI?ATOI

?PR?_ATOI?ATOI                                   0020H.5  0000H.1    02EFH    0005H
  +--> ?PR?_ISSPACE?ISSPACE
  +--> ?PR?_ISDIGIT?ISDIGIT

*** NEW ROOT ***************************************************

?C_C51STARTUP                                    -----    -----      -----    -----
  +--> ?PR?MAIN?MAIN
  +--> ?C_INITSEG

?PR?MAIN?MAIN                                    -----    -----      02F4H    0017H
  +--> ?PR?LCD_INIT?LCD_DRIVER_SPLC780D
  +--> ?PR?SPI_INIT?PCF85063BTL
  +--> ?PR?KEYPAD_IO_INIT?KEYPAD
  +--> ?PR?ADC_INIT?ADC
  +--> ?PR?_DELAY_MS?KEYPAD
  +--> ?PR?_DISPLAY_LINE?LCD_DRIVER_SPLC780D
  +--> ?PR?_WRITEDATA?LCD_DRIVER_SPLC780D
  +--> ?PR?KEY_PROCESS?KEYPAD
  +--> ?PR?_COMMAND?LCD_DRIVER_SPLC780D
  +--> ?PR?_DISPLAY_POS?MAIN
  +--> ?PR?_DISPLAYLCD?LCD_DRIVER_SPLC780D
  +--> ?PR?_STEP_MOVE?BIPOLARMOTOR
  +--> ?PR?LCD_RETURN_HOME?LCD_DRIVER_SPLC780D
  +--> ?PR?_READ_TIME?PCF85063BTL
  +--> ?PR?_BCDTODEC1?BIPOLARMOTOR
  +--> ?PR?_CALIBRATION?CALIBRATION
  +--> ?PR?_UPDATE_POSITION?BIPOLARMOTOR
  +--> ?PR?LINEAR_INTERPOLATE?BIPOLARMOTOR

?PR?LCD_INIT?LCD_DRIVER_SPLC780D                 -----    -----      -----    -----
  +--> ?PR?_WAIT_MS?LCD_DRIVER_SPLC780D
BL51 BANKED LINKER/LOCATER V6.22                                                      01/24/2019  14:29:18  PAGE 5


  +--> ?PR?_COMMAND?LCD_DRIVER_SPLC780D

?PR?_COMMAND?LCD_DRIVER_SPLC780D                 -----    -----      -----    -----
  +--> ?PR?_WAIT_MS?LCD_DRIVER_SPLC780D

?PR?ADC_INIT?ADC                                 -----    -----      -----    -----
  +--> ?PR?_WAIT_MS?LCD_DRIVER_SPLC780D

?PR?_DISPLAY_LINE?LCD_DRIVER_SPLC780D            -----    -----      -----    -----
  +--> ?PR?_COMMAND?LCD_DRIVER_SPLC780D

?PR?_WRITEDATA?LCD_DRIVER_SPLC780D               -----    -----      0315H    0001H
  +--> ?PR?_WAIT_MS?LCD_DRIVER_SPLC780D

?PR?KEY_PROCESS?KEYPAD                           -----    -----      030BH    0006H
  +--> ?PR?KEY_SCAN?KEYPAD
  +--> ?PR?_SPI_WRITETIME?PCF85063BTL
  +--> ?PR?LCD_CLEAR?LCD_DRIVER_SPLC780D
  +--> ?PR?_COMMAND?LCD_DRIVER_SPLC780D
  +--> ?PR?_WRITEDATA?LCD_DRIVER_SPLC780D

?PR?KEY_SCAN?KEYPAD                              -----    -----      0311H    0003H

?PR?_SPI_WRITETIME?PCF85063BTL                   -----    -----      -----    -----
  +--> ?PR?_SPI_SENDBYTE?PCF85063BTL

?PR?_SPI_SENDBYTE?PCF85063BTL                    -----    -----      -----    -----
  +--> ?PR?_PCF85063BTL_DELAY?PCF85063BTL

?PR?LCD_CLEAR?LCD_DRIVER_SPLC780D                -----    -----      -----    -----
  +--> ?PR?_COMMAND?LCD_DRIVER_SPLC780D

?PR?_DISPLAY_POS?MAIN                            -----    -----      030BH    000AH
  +--> ?PR?_ABS?ABS
  +--> ?PR?_WRITEDATA?LCD_DRIVER_SPLC780D

?PR?_DISPLAYLCD?LCD_DRIVER_SPLC780D              -----    -----      030BH    0001H
  +--> ?PR?_WRITEDATA?LCD_DRIVER_SPLC780D

?PR?_STEP_MOVE?BIPOLARMOTOR                      0020H.7  0000H.1    03AEH    0004H
  +--> ?PR?VONESTEPMOVE?BIPOLARMOTOR

?PR?VONESTEPMOVE?BIPOLARMOTOR                    0021H.0  0000H.1    -----    -----
  +--> ?PR?_WRITE_PI4IOE5V96248?IOEXPANDER_P...
  +--> ?PR?_DELAY_MS?KEYPAD

?PR?_WRITE_PI4IOE5V96248?IOEXPANDER_P...         -----    -----      03B2H    0003H
  +--> ?PR?I2C_START?IOEXPANDER_PI4IOE5V96248
  +--> ?PR?_WAIT_MS_I2C?IOEXPANDER_PI4IOE5V9...
  +--> ?PR?_I2C_SENDBYTE?IOEXPANDER_PI4IOE5V...
  +--> ?PR?I2C_ACK?IOEXPANDER_PI4IOE5V96248
  +--> ?PR?I2C_STOP?IOEXPANDER_PI4IOE5V96248

?PR?I2C_START?IOEXPANDER_PI4IOE5V96248           -----    -----      -----    -----
  +--> ?PR?_WAIT_MS_I2C?IOEXPANDER_PI4IOE5V9...

?PR?_I2C_SENDBYTE?IOEXPANDER_PI4IOE5V...         -----    -----      -----    -----
BL51 BANKED LINKER/LOCATER V6.22                                                      01/24/2019  14:29:18  PAGE 6


  +--> ?PR?_WAIT_MS_I2C?IOEXPANDER_PI4IOE5V9...

?PR?I2C_ACK?IOEXPANDER_PI4IOE5V96248             -----    -----      03B5H    0001H
  +--> ?PR?_WAIT_MS_I2C?IOEXPANDER_PI4IOE5V9...

?PR?I2C_STOP?IOEXPANDER_PI4IOE5V96248            -----    -----      -----    -----
  +--> ?PR?_WAIT_MS_I2C?IOEXPANDER_PI4IOE5V9...

?PR?LCD_RETURN_HOME?LCD_DRIVER_SPLC780D          -----    -----      -----    -----
  +--> ?PR?_COMMAND?LCD_DRIVER_SPLC780D

?PR?_READ_TIME?PCF85063BTL                       -----    -----      030BH    000FH
  +--> ?PR?_SPI_READTIME?PCF85063BTL

?PR?_SPI_READTIME?PCF85063BTL                    -----    -----      -----    -----
  +--> ?PR?_SPI_SENDBYTE?PCF85063BTL
  +--> ?PR?SPI_RECEIVEBYTE?PCF85063BTL

?PR?SPI_RECEIVEBYTE?PCF85063BTL                  -----    -----      -----    -----
  +--> ?PR?_PCF85063BTL_DELAY?PCF85063BTL

?PR?_CALIBRATION?CALIBRATION                     -----    -----      030BH    0014H
  +--> ?PR?VOLTAGE_IS_STABLE?CALIBRATION
  +--> ?PR?_UPDATE_POSITION?BIPOLARMOTOR
  +--> ?PR?_FIND_REAL_MAX?CALIBRATION

?PR?VOLTAGE_IS_STABLE?CALIBRATION                -----    -----      031FH    0018H
  +--> ?PR?_ADC_GETRESULT?ADC
  +--> ?PR?_ABS?ABS

?PR?_UPDATE_POSITION?BIPOLARMOTOR                -----    -----      031FH    008BH
  +--> ?PR?_BCDTODEC1?BIPOLARMOTOR
  +--> ?PR?SUNPOS?SUNPOS
  +--> ?PR?SIN?SIN
  +--> ?PR?ASIN?ASIN
  +--> ?PR?LINEAR_INTERPOLATE?BIPOLARMOTOR
  +--> ?PR?_ABS?ABS
  +--> ?PR?_MOVE?BIPOLARMOTOR

?PR?SUNPOS?SUNPOS                                -----    -----      03AAH    005DH
  +--> ?PR?SIN?SIN
  +--> ?PR?_ATAN2?ATAN2
  +--> ?PR?ASIN?ASIN
  +--> ?PR?ACOS?ACOS

?PR?SIN?SIN                                      0020H.6  0000H.1    0407H    0004H

?PR?_ATAN2?ATAN2                                 -----    -----      0407H    0008H
  +--> ?PR?ATAN?ATAN

?PR?ATAN?ATAN                                    0020H.6  0000H.2    040FH    0004H

?PR?ASIN?ASIN                                    -----    -----      -----    -----
  +--> ?PR?SQRT?SQRT
  +--> ?PR?ATAN?ATAN

?PR?SQRT?SQRT                                    -----    -----      0407H    0004H
BL51 BANKED LINKER/LOCATER V6.22                                                      01/24/2019  14:29:18  PAGE 7



?PR?ACOS?ACOS                                    -----    -----      -----    -----
  +--> ?PR?SQRT?SQRT
  +--> ?PR?ATAN?ATAN

?PR?LINEAR_INTERPOLATE?BIPOLARMOTOR              -----    -----      03AAH    0014H

?PR?_MOVE?BIPOLARMOTOR                           0020H.6  0000H.1    03AAH    0004H
  +--> ?PR?_STEP_MOVE?BIPOLARMOTOR

?PR?_FIND_REAL_MAX?CALIBRATION                   -----    -----      031FH    0034H
  +--> ?PR?_MOVE?BIPOLARMOTOR
  +--> ?PR?_ADC_GETRESULT?ADC
  +--> ?PR?_WAIT_MS?LCD_DRIVER_SPLC780D
  +--> ?PR?_MAX_VALUE?CALIBRATION

?PR?_MAX_VALUE?CALIBRATION                       -----    -----      0353H    0004H



UNRESOLVED EXTERNAL SYMBOLS:
   AUTO_MODE



SYMBOL TABLE OF MODULE:  .\Obj\GPIO_RTC_Test (MAIN)

  VALUE           TYPE          NAME
  ----------------------------------

  -------         MODULE        MAIN
  C:0000H         SYMBOL        _ICE_DUMMY_
  X:041BH         PUBLIC        calib_value
  D:0080H         PUBLIC        P0
  D:00B2H         PUBLIC        P3M0
  D:0090H         PUBLIC        P1
  D:00B1H         PUBLIC        P3M1
  D:00A0H         PUBLIC        P2
  D:00B0H         PUBLIC        P3
  D:00C0H         PUBLIC        P4
  D:00C8H         PUBLIC        P5
  X:046FH         SYMBOL        PressedKey
  B:00A8H.7       PUBLIC        EA
  D:00E8H         PUBLIC        P6
  X:0473H         PUBLIC        calib_stamp
  D:00F8H         PUBLIC        P7
  X:0474H         PUBLIC        RX_Data_Uart_Cnt
  C:3033H         PUBLIC        _calib_interpolate
  D:00A8H         PUBLIC        IE
  X:0476H         PUBLIC        calib_time
  D:00B8H         PUBLIC        IP
  B:0098H.0       PUBLIC        RI
  X:04CAH         PUBLIC        months
  B:0098H.1       PUBLIC        TI
  C:3C7CH         PUBLIC        Uart
  D:00D8H         PUBLIC        CCON
  C:13D4H         PUBLIC        main
BL51 BANKED LINKER/LOCATER V6.22                                                      01/24/2019  14:29:18  PAGE 8


  X:04CBH         PUBLIC        count
  D:0099H         PUBLIC        SBUF
  X:04CDH         PUBLIC        days
  X:04CEH         PUBLIC        hours
  D:0098H         PUBLIC        SCON
  D:0089H         PUBLIC        TMOD
  D:0088H         PUBLIC        TCON
  B:00A0H.3       PUBLIC        P23
  X:04CFH         SYMBOL        KeyCount
  X:04D1H         PUBLIC        mins
  X:04D2H         PUBLIC        Rec_data_hour
  X:04D5H         PUBLIC        Rec_data_min
  D:008EH         PUBLIC        AUXR
  C:0009H         PUBLIC        tm0_isr
  B:0021H.1       PUBLIC        busy
  D:00E0H         PUBLIC        ACC
  B:00A8H.1       PUBLIC        ET0
  D:008CH         PUBLIC        TH0
  X:04D8H         PUBLIC        hour_count
  D:008AH         PUBLIC        TL0
  X:04D9H         PUBLIC        min_count
  B:0088H.4       PUBLIC        TR0
  X:04DAH         SYMBOL        KeyNum
  X:04DBH         SYMBOL        KeyNum_Old
  X:04DCH         PUBLIC        current_position
  X:04E0H         PUBLIC        hours1
  X:04E1H         PUBLIC        hours2
  C:3DADH         PUBLIC        _Display_Prox
  X:04E2H         PUBLIC        mins1
  X:04E3H         PUBLIC        mins2
  C:2E7EH         PUBLIC        _Display_Pos
  X:04E4H         PUBLIC        seconds
  X:04E5H         PUBLIC        st_time
  D:00D0H         PUBLIC        PSW
  C:44E7H         PUBLIC        _SendUART1
  -------         PROC          TM0_ISR
  C:0009H         LINE#         86
  C:0009H         LINE#         88
  -------         ENDPROC       TM0_ISR
  -------         PROC          MAIN
  -------         DO            
  X:02F4H         SYMBOL        prox_data
  X:0413H         SYMBOL        KeyCount
  X:0415H         SYMBOL        KeyNum_Old
  X:0416H         SYMBOL        KeyNum
  X:0417H         SYMBOL        PressedKey
  X:02F6H         SYMBOL        prox_flag
  X:02F7H         SYMBOL        iUse_prevday_calib_value
  X:02F9H         SYMBOL        calib_point1
  X:0301H         SYMBOL        calib_point2
  X:0309H         SYMBOL        calib_day
  D:0002H         SYMBOL        calib_count
  -------         ENDDO         
  C:13D4H         LINE#         90
  C:13D4H         LINE#         91
  C:13D4H         LINE#         96
  C:13DAH         LINE#         97
BL51 BANKED LINKER/LOCATER V6.22                                                      01/24/2019  14:29:18  PAGE 9


  C:13DFH         LINE#         100
  C:13E5H         LINE#         104
  C:13E7H         LINE#         105
  C:13E9H         LINE#         106
  C:13EBH         LINE#         107
  C:13EDH         LINE#         109
  C:13F3H         LINE#         118
  C:13F5H         LINE#         119
  C:13F8H         LINE#         120
  C:13FBH         LINE#         121
  C:13FEH         LINE#         122
  C:1401H         LINE#         123
  C:1404H         LINE#         126
  C:1407H         LINE#         128
  C:140AH         LINE#         129
  C:140DH         LINE#         130
  C:1410H         LINE#         131
  C:1412H         LINE#         132
  C:1414H         LINE#         133
  C:1416H         LINE#         135
  C:1418H         LINE#         137
  C:141FH         LINE#         139
  C:1426H         LINE#         143
  C:142DH         LINE#         144
  C:1432H         LINE#         145
  C:1437H         LINE#         146
  C:143CH         LINE#         147
  C:1441H         LINE#         148
  C:1446H         LINE#         151
  C:1449H         LINE#         152
  C:1449H         LINE#         153
  C:1465H         LINE#         154
  C:1470H         LINE#         155
  C:1470H         LINE#         156
  C:1470H         LINE#         157
  C:1473H         LINE#         160
  C:1473H         LINE#         163
  C:1478H         LINE#         164
  C:147DH         LINE#         166
  C:1482H         LINE#         167
  C:1487H         LINE#         168
  C:148CH         LINE#         169
  C:1491H         LINE#         171
  C:14A2H         LINE#         173
  C:14A9H         LINE#         174
  C:14B1H         LINE#         175
  C:14B6H         LINE#         176
  C:14BEH         LINE#         177
  C:14C3H         LINE#         178
  C:14CDH         LINE#         179
  C:14D2H         LINE#         180
  C:14DAH         LINE#         182
  C:14E2H         LINE#         183
  C:14E7H         LINE#         184
  C:14F1H         LINE#         185
  C:14F1H         LINE#         186
  C:14F3H         LINE#         187
BL51 BANKED LINKER/LOCATER V6.22                                                      01/24/2019  14:29:18  PAGE 10


  C:14F5H         LINE#         188
  C:14FFH         LINE#         189
  C:14FFH         LINE#         190
  C:1504H         LINE#         191
  C:1504H         LINE#         203
  C:1511H         LINE#         204
  C:1511H         LINE#         205
  C:151BH         LINE#         206
  C:1532H         LINE#         207
  C:1532H         LINE#         208
  C:1534H         LINE#         209
  C:1536H         LINE#         211
  C:1536H         LINE#         212
  C:1541H         LINE#         213
  C:1541H         LINE#         214
  C:1546H         LINE#         215
  C:1546H         LINE#         216
  C:1553H         LINE#         217
  C:1553H         LINE#         220
  C:155DH         LINE#         221
  C:1574H         LINE#         222
  C:1574H         LINE#         223
  C:1576H         LINE#         224
  C:1578H         LINE#         226
  C:1578H         LINE#         227
  C:1583H         LINE#         228
  C:1583H         LINE#         229
  C:1588H         LINE#         230
  C:158AH         LINE#         231
  C:158AH         LINE#         240
  C:15ACH         LINE#         241
  C:15ACH         LINE#         242
  C:15B6H         LINE#         243
  C:15BCH         LINE#         244
  C:15BEH         LINE#         245
  C:15C0H         LINE#         246
  C:15C2H         LINE#         247
  C:15C2H         LINE#         248
  C:15C5H         LINE#         250
  C:15C5H         LINE#         251
  C:15CBH         LINE#         252
  C:15D3H         LINE#         253
  C:15D9H         LINE#         254
  C:15E1H         LINE#         255
  C:161CH         LINE#         259
  C:1629H         LINE#         260
  C:1629H         LINE#         262
  C:165CH         LINE#         263
  C:1669H         LINE#         264
  C:1669H         LINE#         266
  C:168CH         LINE#         267
  C:168CH         LINE#         268
  C:16AEH         LINE#         269
  C:16AEH         LINE#         270
  C:172AH         LINE#         271
  C:1784H         LINE#         273
  C:17D5H         LINE#         275
BL51 BANKED LINKER/LOCATER V6.22                                                      01/24/2019  14:29:18  PAGE 11


  C:17D8H         LINE#         276
  C:17E9H         LINE#         277
  C:17E9H         LINE#         278
  C:17E9H         LINE#         280
  C:17E9H         LINE#         284
  C:17ECH         LINE#         286
  C:17ECH         LINE#         287
  C:180EH         LINE#         288
  C:180EH         LINE#         289
  C:188AH         LINE#         290
  C:18E2H         LINE#         291
  C:18E2H         LINE#         292
  C:18E2H         LINE#         293
  C:18E5H         LINE#         297
  C:18E5H         LINE#         300
  C:190DH         LINE#         301
  C:190DH         LINE#         302
  C:192FH         LINE#         303
  C:192FH         LINE#         304
  C:19ABH         LINE#         305
  C:1A05H         LINE#         307
  C:1A6AH         LINE#         310
  C:1A6DH         LINE#         311
  C:1A7EH         LINE#         312
  C:1A7EH         LINE#         313
  C:1A86H         LINE#         315
  C:1A86H         LINE#         318
  C:1A89H         LINE#         320
  C:1A89H         LINE#         322
  C:1AABH         LINE#         323
  C:1AABH         LINE#         324
  C:1B27H         LINE#         326
  C:1B54H         LINE#         327
  C:1B6FH         LINE#         328
  C:1B9CH         LINE#         329
  C:1BB7H         LINE#         331
  C:1C53H         LINE#         334
  C:1C53H         LINE#         335
  C:1C53H         LINE#         336
  C:1C53H         LINE#         338
  C:1C53H         LINE#         339
  -------         ENDPROC       MAIN
  -------         PROC          UART
  C:3C7CH         LINE#         353
  C:3C89H         LINE#         355
  C:3C8CH         LINE#         356
  C:3C8CH         LINE#         357
  C:3C9AH         LINE#         358
  C:3C9CH         LINE#         359
  C:3CAEH         LINE#         360
  C:3CBDH         LINE#         361
  C:3CC8H         LINE#         362
  C:3CC8H         LINE#         365
  C:3CD5H         LINE#         366
  C:3CDBH         LINE#         367
  C:3CDBH         LINE#         368
  C:3CE1H         LINE#         369
BL51 BANKED LINKER/LOCATER V6.22                                                      01/24/2019  14:29:18  PAGE 12


  C:3CEFH         LINE#         370
  C:3CFDH         LINE#         371
  C:3D05H         LINE#         376
  C:3D05H         LINE#         377
  C:3D05H         LINE#         380
  C:3D05H         LINE#         381
  C:3D08H         LINE#         382
  C:3D08H         LINE#         383
  C:3D0AH         LINE#         384
  C:3D0CH         LINE#         385
  C:3D0CH         LINE#         386
  -------         ENDPROC       UART
  -------         PROC          _CALIB_INTERPOLATE
  X:054BH         SYMBOL        hours
  X:054FH         SYMBOL        mins
  -------         DO            
  X:0553H         SYMBOL        p_calib1
  X:055BH         SYMBOL        p_calib2
  X:0563H         SYMBOL        i
  X:0565H         SYMBOL        current_time
  -------         ENDDO         
  C:3033H         LINE#         389
  C:3039H         LINE#         390
  C:3039H         LINE#         394
  C:3090H         LINE#         396
  C:30B6H         LINE#         397
  C:30B6H         LINE#         398
  C:3128H         LINE#         399
  C:3128H         LINE#         400
  C:3155H         LINE#         401
  C:3170H         LINE#         403
  C:319DH         LINE#         404
  C:31B8H         LINE#         406
  C:31BAH         LINE#         407
  C:31BAH         LINE#         408
  C:31CEH         LINE#         409
  C:31D3H         LINE#         411
  -------         ENDPROC       _CALIB_INTERPOLATE
  -------         PROC          _SENDUART1
  D:0007H         SYMBOL        dat
  C:44E7H         LINE#         414
  C:44E7H         LINE#         415
  C:44E7H         LINE#         416
  C:44EAH         LINE#         417
  C:44ECH         LINE#         418
  C:44EDH         LINE#         419
  C:44EFH         LINE#         420
  -------         ENDPROC       _SENDUART1
  -------         PROC          _DISPLAY_PROX
  D:0002H         SYMBOL        dat
  -------         DO            
  X:0572H         SYMBOL        unit
  X:0573H         SYMBOL        ten
  X:0574H         SYMBOL        hundred
  X:0575H         SYMBOL        thousand
  -------         ENDDO         
  C:3DADH         LINE#         423
BL51 BANKED LINKER/LOCATER V6.22                                                      01/24/2019  14:29:18  PAGE 13


  C:3DB1H         LINE#         424
  C:3DB1H         LINE#         426
  C:3DBDH         LINE#         427
  C:3DCDH         LINE#         428
  C:3DE9H         LINE#         429
  C:3E19H         LINE#         430
  C:3E23H         LINE#         431
  C:3E2DH         LINE#         432
  C:3E37H         LINE#         433
  C:3E41H         LINE#         435
  -------         ENDPROC       _DISPLAY_PROX
  -------         PROC          _DISPLAY_POS
  X:030BH         SYMBOL        sign_dat
  -------         DO            
  X:030FH         SYMBOL        unit
  X:0310H         SYMBOL        ten
  X:0311H         SYMBOL        hundred
  D:0003H         SYMBOL        thousand
  X:0312H         SYMBOL        after_dot
  X:0313H         SYMBOL        dat
  -------         ENDDO         
  C:2E7EH         LINE#         438
  C:2E84H         LINE#         439
  C:2E84H         LINE#         443
  C:2EA0H         LINE#         444
  C:2EBAH         LINE#         445
  C:2EDEH         LINE#         447
  C:2F28H         LINE#         449
  C:2F3FH         LINE#         450
  C:2F4CH         LINE#         451
  C:2F6EH         LINE#         452
  C:2FA3H         LINE#         453
  C:2FBBH         LINE#         454
  C:2FBBH         LINE#         456
  C:2FC5H         LINE#         457
  C:2FCFH         LINE#         458
  C:2FD9H         LINE#         459
  C:2FDEH         LINE#         460
  C:2FE8H         LINE#         461
  C:2FEDH         LINE#         462
  C:2FF2H         LINE#         463
  C:2FF4H         LINE#         464
  C:2FF6H         LINE#         466
  C:2FF6H         LINE#         468
  C:2FFBH         LINE#         469
  C:3005H         LINE#         470
  C:300FH         LINE#         471
  C:3019H         LINE#         472
  C:301EH         LINE#         473
  C:3028H         LINE#         474
  C:302DH         LINE#         475
  C:3032H         LINE#         477
  C:3032H         LINE#         479
  -------         ENDPROC       _DISPLAY_POS
  -------         ENDMOD        MAIN

  -------         MODULE        PCF85063BTL
BL51 BANKED LINKER/LOCATER V6.22                                                      01/24/2019  14:29:18  PAGE 14


  C:0000H         SYMBOL        _ICE_DUMMY_
  D:0096H         PUBLIC        P2M0
  D:0080H         PUBLIC        P0
  D:0095H         PUBLIC        P2M1
  D:0090H         PUBLIC        P1
  D:00A0H         PUBLIC        P2
  D:00B0H         PUBLIC        P3
  D:00C0H         PUBLIC        P4
  D:00C8H         PUBLIC        P5
  D:00E8H         PUBLIC        P6
  B:00A0H.1       PUBLIC        PCF85063BTL_SDI
  D:00F8H         PUBLIC        P7
  B:00A0H.2       PUBLIC        PCF85063BTL_SCK
  B:00A0H.1       PUBLIC        PCF85063BTL_SDO
  D:00A8H         PUBLIC        IE
  C:3FC7H         PUBLIC        _Read_time
  C:442CH         PUBLIC        _PCF85063BTL_Delay
  D:00B8H         PUBLIC        IP
  D:00D8H         PUBLIC        CCON
  C:3ECEH         PUBLIC        _Day_Of_Year
  C:4339H         PUBLIC        SPI_ReceiveByte
  D:0098H         PUBLIC        SCON
  D:0088H         PUBLIC        TCON
  C:445FH         PUBLIC        _BCDtoDec
  B:00A0H.0       PUBLIC        PCF85063BTL_CS
  C:444EH         PUBLIC        _SPI_ReadTime
  C:44AEH         PUBLIC        SPI_Init
  C:43CCH         PUBLIC        _SPI_WriteTime
  C:4319H         PUBLIC        _SPI_SendByte
  D:00D0H         PUBLIC        PSW
  C:4428H         SYMBOL        L?0047
  -------         PROC          L?0046
  -------         ENDPROC       L?0046
  C:4428H         SYMBOL        L?0047
  -------         PROC          _PCF85063BTL_DELAY
  D:0006H         SYMBOL        us
  C:442CH         LINE#         8
  C:442CH         LINE#         9
  C:442CH         LINE#         10
  C:4436H         LINE#         11
  C:4436H         LINE#         12
  C:4437H         LINE#         13
  C:4439H         LINE#         14
  -------         ENDPROC       _PCF85063BTL_DELAY
  -------         PROC          _SPI_SENDBYTE
  D:0005H         SYMBOL        dat
  -------         DO            
  D:0003H         SYMBOL        i
  -------         ENDDO         
  C:4319H         LINE#         17
  C:431BH         LINE#         18
  C:431BH         LINE#         20
  C:431DH         LINE#         21
  C:431DH         LINE#         22
  C:431FH         LINE#         23
  C:4323H         LINE#         24
  C:4323H         LINE#         25
BL51 BANKED LINKER/LOCATER V6.22                                                      01/24/2019  14:29:18  PAGE 15


  C:4325H         LINE#         26
  C:4327H         LINE#         28
  C:4327H         LINE#         29
  C:4329H         LINE#         30
  C:4329H         LINE#         31
  C:432CH         LINE#         32
  C:432CH         LINE#         33
  C:432FH         LINE#         34
  C:4333H         LINE#         35
  C:4338H         LINE#         36
  -------         ENDPROC       _SPI_SENDBYTE
  -------         PROC          SPI_RECEIVEBYTE
  -------         DO            
  D:0003H         SYMBOL        i
  D:0005H         SYMBOL        dat
  -------         ENDDO         
  C:4339H         LINE#         39
  C:4339H         LINE#         40
  C:4339H         LINE#         42
  C:433BH         LINE#         44
  C:433DH         LINE#         45
  C:433EH         LINE#         46
  C:433EH         LINE#         47
  C:4342H         LINE#         48
  C:4344H         LINE#         49
  C:4347H         LINE#         51
  C:434AH         LINE#         52
  C:434AH         LINE#         53
  C:434EH         LINE#         54
  C:434EH         LINE#         55
  C:434EH         LINE#         56
  C:4351H         LINE#         57
  C:4356H         LINE#         58
  C:4358H         LINE#         59
  -------         ENDPROC       SPI_RECEIVEBYTE
  -------         PROC          _SPI_READTIME
  D:0007H         SYMBOL        addr
  -------         DO            
  D:0006H         SYMBOL        dat
  -------         ENDDO         
  C:444EH         LINE#         61
  C:444EH         LINE#         62
  C:444EH         LINE#         64
  C:4450H         LINE#         65
  C:4452H         LINE#         66
  C:4459H         LINE#         67
  C:445CH         LINE#         68
  C:445EH         LINE#         69
  C:445EH         LINE#         70
  -------         ENDPROC       _SPI_READTIME
  -------         PROC          _SPI_WRITETIME
  D:0002H         SYMBOL        val
  D:0005H         SYMBOL        addr
  C:43CCH         LINE#         71
  C:43CEH         LINE#         72
  C:43CEH         LINE#         74
  C:43D0H         LINE#         75
BL51 BANKED LINKER/LOCATER V6.22                                                      01/24/2019  14:29:18  PAGE 16


  C:43D7H         LINE#         76
  C:43DCH         LINE#         77
  C:43E1H         LINE#         78
  C:43E3H         LINE#         79
  -------         ENDPROC       _SPI_WRITETIME
  -------         PROC          SPI_INIT
  C:44AEH         LINE#         83
  C:44AEH         LINE#         84
  C:44AEH         LINE#         89
  C:44B1H         LINE#         90
  C:44B4H         LINE#         91
  C:44B6H         LINE#         92
  C:44B8H         LINE#         93
  C:44BAH         LINE#         94
  -------         ENDPROC       SPI_INIT
  -------         PROC          _READ_TIME
  X:030BH         SYMBOL        months
  X:030EH         SYMBOL        days
  X:0311H         SYMBOL        hours
  X:0314H         SYMBOL        mins
  X:0317H         SYMBOL        seconds
  C:3FC7H         LINE#         96
  C:3FD2H         LINE#         97
  C:3FD2H         LINE#         99
  C:3FE6H         LINE#         101
  C:3FFAH         LINE#         103
  C:400EH         LINE#         108
  C:4022H         LINE#         113
  -------         ENDPROC       _READ_TIME
  -------         PROC          _BCDTODEC
  D:0007H         SYMBOL        bcd
  -------         DO            
  D:0006H         SYMBOL        hi
  D:0007H         SYMBOL        lo
  -------         ENDDO         
  C:445FH         LINE#         119
  C:445FH         LINE#         120
  C:445FH         LINE#         122
  C:4464H         LINE#         123
  C:4468H         LINE#         124
  C:446FH         LINE#         125
  -------         ENDPROC       _BCDTODEC
  -------         PROC          _DAY_OF_YEAR
  D:0007H         SYMBOL        months_bcd
  D:0005H         SYMBOL        days_bcd
  -------         DO            
  D:0004H         SYMBOL        months
  D:0007H         SYMBOL        days
  -------         ENDDO         
  C:3ECEH         LINE#         126
  C:3ECEH         LINE#         127
  C:3ECEH         LINE#         130
  C:3ED3H         LINE#         132
  C:3ED8H         LINE#         134
  C:3F11H         LINE#         135
  C:3F11H         LINE#         136
  C:3F11H         LINE#         137
BL51 BANKED LINKER/LOCATER V6.22                                                      01/24/2019  14:29:18  PAGE 17


  C:3F14H         LINE#         138
  C:3F14H         LINE#         139
  C:3F14H         LINE#         140
  C:3F19H         LINE#         141
  C:3F19H         LINE#         142
  C:3F19H         LINE#         143
  C:3F1EH         LINE#         144
  C:3F1EH         LINE#         145
  C:3F1EH         LINE#         146
  C:3F23H         LINE#         147
  C:3F23H         LINE#         148
  C:3F23H         LINE#         149
  C:3F28H         LINE#         150
  C:3F28H         LINE#         151
  C:3F28H         LINE#         152
  C:3F2DH         LINE#         153
  C:3F2DH         LINE#         154
  C:3F2DH         LINE#         155
  C:3F32H         LINE#         156
  C:3F32H         LINE#         157
  C:3F32H         LINE#         158
  C:3F37H         LINE#         159
  C:3F37H         LINE#         160
  C:3F37H         LINE#         161
  C:3F3FH         LINE#         162
  C:3F3FH         LINE#         163
  C:3F3FH         LINE#         164
  C:3F44H         LINE#         165
  C:3F44H         LINE#         166
  C:3F44H         LINE#         167
  C:3F49H         LINE#         168
  C:3F49H         LINE#         169
  C:3F49H         LINE#         170
  C:3F51H         LINE#         171
  C:3F51H         LINE#         172
  C:3F51H         LINE#         173
  -------         ENDPROC       _DAY_OF_YEAR
  -------         ENDMOD        PCF85063BTL

  -------         MODULE        UART1
  C:0000H         SYMBOL        _ICE_DUMMY_
  D:0080H         PUBLIC        P0
  D:0090H         PUBLIC        P1
  D:00A0H         PUBLIC        P2
  D:00B0H         PUBLIC        P3
  D:00C0H         PUBLIC        P4
  D:00C8H         PUBLIC        P5
  B:00A8H.7       PUBLIC        EA
  D:00E8H         PUBLIC        P6
  D:00F8H         PUBLIC        P7
  C:4222H         PUBLIC        _SendString
  D:00A8H         PUBLIC        IE
  B:00A8H.4       PUBLIC        ES
  D:00B8H         PUBLIC        IP
  C:43E4H         PUBLIC        _ASCIItoBCD
  D:00D8H         PUBLIC        CCON
  C:4470H         PUBLIC        initUART1
BL51 BANKED LINKER/LOCATER V6.22                                                      01/24/2019  14:29:18  PAGE 18


  D:0098H         PUBLIC        SCON
  D:0088H         PUBLIC        TCON
  C:000AH         PUBLIC        _DectoBCD
  C:44FBH         PUBLIC        _ASCII_Letter
  D:008EH         PUBLIC        AUXR
  C:44F6H         PUBLIC        _unit
  C:0003H         PUBLIC        _ten
  D:00D6H         PUBLIC        T2H
  D:00D7H         PUBLIC        T2L
  D:00D0H         PUBLIC        PSW
  -------         PROC          INITUART1
  C:4470H         LINE#         21
  C:4470H         LINE#         22
  C:4470H         LINE#         23
  C:4473H         LINE#         24
  C:4476H         LINE#         25
  C:4479H         LINE#         26
  C:447CH         LINE#         27
  C:447EH         LINE#         28
  C:4480H         LINE#         30
  -------         ENDPROC       INITUART1
  -------         PROC          _SENDSTRING
  X:0576H         SYMBOL        s
  C:4222H         LINE#         35
  C:422DH         LINE#         36
  C:422DH         LINE#         37
  C:423DH         LINE#         38
  C:423DH         LINE#         39
  C:4252H         LINE#         40
  C:4254H         LINE#         41
  -------         ENDPROC       _SENDSTRING
  -------         PROC          _TEN
  D:0007H         SYMBOL        BCD
  C:0003H         LINE#         43
  C:0003H         LINE#         44
  C:0003H         LINE#         45
  C:0008H         LINE#         46
  -------         ENDPROC       _TEN
  -------         PROC          _UNIT
  D:0007H         SYMBOL        BCD
  C:44F6H         LINE#         47
  C:44F6H         LINE#         48
  C:44F6H         LINE#         52
  C:44FAH         LINE#         53
  -------         ENDPROC       _UNIT
  -------         PROC          _DECTOBCD
  D:0007H         SYMBOL        dec
  C:000AH         LINE#         54
  C:000AH         LINE#         55
  C:000AH         LINE#         57
  C:000AH         LINE#         58
  -------         ENDPROC       _DECTOBCD
  -------         PROC          _ASCII_LETTER
  D:0007H         SYMBOL        dat
  C:44FBH         LINE#         60
  C:44FBH         LINE#         61
  C:44FBH         LINE#         63
BL51 BANKED LINKER/LOCATER V6.22                                                      01/24/2019  14:29:18  PAGE 19


  C:44FFH         LINE#         64
  -------         ENDPROC       _ASCII_LETTER
  -------         PROC          _ASCIITOBCD
  D:0001H         SYMBOL        ascii
  -------         DO            
  D:0007H         SYMBOL        dec_val
  D:0006H         SYMBOL        ten
  D:0007H         SYMBOL        unit
  -------         ENDDO         
  C:43E4H         LINE#         66
  C:43E4H         LINE#         67
  C:43E4H         LINE#         69
  C:43E7H         LINE#         70
  C:43EDH         LINE#         71
  C:43F4H         LINE#         72
  C:43FAH         LINE#         74
  -------         ENDPROC       _ASCIITOBCD
  -------         ENDMOD        UART1

  -------         MODULE        LCD_DRIVER_SPLC780D
  C:0000H         SYMBOL        _ICE_DUMMY_
  D:0092H         PUBLIC        P1M0
  D:0091H         PUBLIC        P1M1
  D:0080H         PUBLIC        P0
  D:0090H         PUBLIC        P1
  D:00A0H         PUBLIC        P2
  D:00B0H         PUBLIC        P3
  D:00C0H         PUBLIC        P4
  D:00C8H         PUBLIC        P5
  D:00E8H         PUBLIC        P6
  D:00F8H         PUBLIC        P7
  C:3F52H         PUBLIC        _WriteData
  D:00A8H         PUBLIC        IE
  D:00B8H         PUBLIC        IP
  D:00D8H         PUBLIC        CCON
  B:00B0H.4       PUBLIC        LCD_D4
  B:00B0H.5       PUBLIC        LCD_D5
  B:00B0H.6       PUBLIC        LCD_D6
  C:4377H         PUBLIC        _DisplayLCD
  B:00B0H.7       PUBLIC        LCD_D7
  D:0098H         PUBLIC        SCON
  D:0088H         PUBLIC        TCON
  C:44DDH         PUBLIC        LCD_clear
  C:4167H         PUBLIC        _Command
  C:000EH         PUBLIC        _Display_Line
  C:4036H         PUBLIC        LCD_Init
  C:42FBH         PUBLIC        _Wait_ms
  B:00C0H.0       PUBLIC        LCD_RS
  B:00B0H.2       PUBLIC        LCD_RW
  C:44D3H         PUBLIC        LCD_return_home
  B:00B0H.3       PUBLIC        LCD_E
  D:00D0H         PUBLIC        PSW
  -------         PROC          LCD_INIT
  C:4036H         LINE#         9
  C:4036H         LINE#         10
  C:4036H         LINE#         11
  C:4039H         LINE#         12
BL51 BANKED LINKER/LOCATER V6.22                                                      01/24/2019  14:29:18  PAGE 20


  C:403CH         LINE#         14
  C:4042H         LINE#         15
  C:4047H         LINE#         17
  C:404EH         LINE#         18
  C:4053H         LINE#         20
  C:4056H         LINE#         21
  C:405BH         LINE#         23
  C:405EH         LINE#         24
  C:4063H         LINE#         26
  C:406AH         LINE#         29
  C:406FH         LINE#         30
  C:4074H         LINE#         32
  C:4079H         LINE#         33
  C:407EH         LINE#         35
  C:4083H         LINE#         36
  C:4088H         LINE#         37
  -------         ENDPROC       LCD_INIT
  -------         PROC          _WRITEDATA
  X:0315H         SYMBOL        dat
  C:3F52H         LINE#         40
  C:3F57H         LINE#         41
  C:3F57H         LINE#         46
  C:3F59H         LINE#         47
  C:3F5BH         LINE#         49
  C:3F69H         LINE#         50
  C:3F75H         LINE#         51
  C:3F81H         LINE#         52
  C:3F8BH         LINE#         53
  C:3F8DH         LINE#         54
  C:3F94H         LINE#         55
  C:3F96H         LINE#         57
  C:3FA6H         LINE#         58
  C:3FB1H         LINE#         59
  C:3FBBH         LINE#         60
  C:3FBFH         LINE#         62
  C:3FBFH         LINE#         63
  C:3FC2H         LINE#         64
  C:3FC4H         LINE#         65
  C:3FC6H         LINE#         67
  -------         ENDPROC       _WRITEDATA
  -------         PROC          _COMMAND
  D:0007H         SYMBOL        dat
  C:4167H         LINE#         69
  C:4167H         LINE#         70
  C:4167H         LINE#         71
  C:4169H         LINE#         72
  C:416BH         LINE#         74
  C:4175H         LINE#         75
  C:4179H         LINE#         77
  C:417BH         LINE#         78
  C:4184H         LINE#         79
  C:4188H         LINE#         81
  C:418AH         LINE#         82
  C:4191H         LINE#         83
  C:4195H         LINE#         85
  C:4197H         LINE#         86
  C:419BH         LINE#         87
BL51 BANKED LINKER/LOCATER V6.22                                                      01/24/2019  14:29:18  PAGE 21


  C:419FH         LINE#         89
  C:41A1H         LINE#         90
  C:41A1H         LINE#         91
  C:41A4H         LINE#         92
  C:41A6H         LINE#         93
  -------         ENDPROC       _COMMAND
  C:42F7H         SYMBOL        L?0028
  -------         PROC          L?0027
  -------         ENDPROC       L?0027
  C:42F7H         SYMBOL        L?0028
  -------         PROC          _WAIT_MS
  D:0006H         SYMBOL        ms
  -------         DO            
  D:0004H         SYMBOL        De_Cnt
  -------         ENDDO         
  C:42FBH         LINE#         95
  C:42FBH         LINE#         96
  C:42FBH         LINE#         98
  C:4305H         LINE#         99
  C:4305H         LINE#         100
  C:4318H         LINE#         101
  C:4318H         LINE#         102
  -------         ENDPROC       _WAIT_MS
  -------         PROC          _DISPLAYLCD
  D:0007H         SYMBOL        BCD
  -------         DO            
  D:0006H         SYMBOL        first_digit
  X:030BH         SYMBOL        second_digit
  -------         ENDDO         
  C:4377H         LINE#         103
  C:4377H         LINE#         104
  C:4377H         LINE#         106
  C:437EH         LINE#         107
  C:4387H         LINE#         109
  C:438CH         LINE#         111
  -------         ENDPROC       _DISPLAYLCD
  -------         PROC          LCD_RETURN_HOME
  C:44D3H         LINE#         115
  C:44D3H         LINE#         116
  C:44D3H         LINE#         117
  C:44D8H         LINE#         118
  -------         ENDPROC       LCD_RETURN_HOME
  -------         PROC          LCD_CLEAR
  C:44DDH         LINE#         121
  C:44DDH         LINE#         122
  C:44DDH         LINE#         123
  C:44E2H         LINE#         124
  -------         ENDPROC       LCD_CLEAR
  -------         PROC          _DISPLAY_LINE
  D:0006H         SYMBOL        line
  C:000EH         LINE#         128
  C:000EH         LINE#         129
  C:000EH         LINE#         130
  C:0014H         LINE#         131
  C:0014H         LINE#         132
  C:0016H         LINE#         133
  C:0016H         LINE#         134
BL51 BANKED LINKER/LOCATER V6.22                                                      01/24/2019  14:29:18  PAGE 22


  C:0018H         LINE#         136
  C:0018H         LINE#         137
  C:001DH         LINE#         138
  C:0022H         LINE#         139
  C:0022H         LINE#         140
  -------         ENDPROC       _DISPLAY_LINE
  -------         ENDMOD        LCD_DRIVER_SPLC780D

  -------         MODULE        KEYPAD
  C:0000H         SYMBOL        _ICE_DUMMY_
  D:0093H         PUBLIC        P0M1
  D:0080H         PUBLIC        P0
  D:0090H         PUBLIC        P1
  D:00A0H         PUBLIC        P2
  D:00B0H         PUBLIC        P3
  D:00C0H         PUBLIC        P4
  D:00C8H         PUBLIC        P5
  B:0020H.0       PUBLIC        calib_mode
  D:00E8H         PUBLIC        P6
  D:00F8H         PUBLIC        P7
  D:00A8H         PUBLIC        IE
  C:31D4H         PUBLIC        Key_Scan
  D:00B8H         PUBLIC        IP
  D:00D8H         PUBLIC        CCON
  C:44BBH         PUBLIC        KeyPad_IO_Init
  C:4359H         PUBLIC        _Delay_ms
  D:0098H         PUBLIC        SCON
  D:0088H         PUBLIC        TCON
  B:0020H.1       PUBLIC        small_move
  B:0020H.2       PUBLIC        move
  B:0020H.3       PUBLIC        direction
  B:0020H.4       PUBLIC        auto_move
  C:2A0DH         PUBLIC        Key_Process
  D:00D0H         PUBLIC        PSW
  D:0094H         PUBLIC        P0M0
  -------         PROC          _DELAY_MS
  D:0006H         SYMBOL        ms
  -------         DO            
  D:0004H         SYMBOL        De_Cnt
  -------         ENDDO         
  C:4359H         LINE#         19
  C:4359H         LINE#         20
  C:4359H         LINE#         22
  C:4363H         LINE#         23
  C:4363H         LINE#         24
  C:4376H         LINE#         25
  C:4376H         LINE#         26
  -------         ENDPROC       _DELAY_MS
  -------         PROC          KEY_SCAN
  -------         DO            
  X:0311H         SYMBOL        KeyTemp1
  X:0312H         SYMBOL        KeyTemp2
  X:0313H         SYMBOL        KeyValue
  -------         ENDDO         
  C:31D4H         LINE#         27
  C:31D4H         LINE#         28
  C:31D4H         LINE#         33
BL51 BANKED LINKER/LOCATER V6.22                                                      01/24/2019  14:29:18  PAGE 23


  C:31D7H         LINE#         36
  C:31DAH         LINE#         38
  C:31E2H         LINE#         39
  C:31E9H         LINE#         40
  C:31E9H         LINE#         42
  C:31EEH         LINE#         43
  C:31F5H         LINE#         44
  C:31F5H         LINE#         47
  C:31F8H         LINE#         48
  C:31FBH         LINE#         49
  C:3200H         LINE#         50
  C:3204H         LINE#         51
  C:3204H         LINE#         52
  C:320CH         LINE#         53
  C:320CH         LINE#         54
  C:320FH         LINE#         55
  C:3217H         LINE#         56
  C:3219H         LINE#         58
  C:322DH         LINE#         59
  C:322DH         LINE#         60
  C:322DH         LINE#         61
  C:322DH         LINE#         62
  C:3233H         LINE#         64
  C:3235H         LINE#         65
  C:3235H         LINE#         66
  C:3235H         LINE#         67
  C:323BH         LINE#         69
  C:323DH         LINE#         70
  C:323DH         LINE#         71
  C:323DH         LINE#         72
  C:3243H         LINE#         74
  C:3245H         LINE#         75
  C:3245H         LINE#         76
  C:3245H         LINE#         77
  C:324BH         LINE#         79
  C:324BH         LINE#         80
  C:324BH         LINE#         81
  C:324BH         LINE#         84
  C:324EH         LINE#         85
  C:3251H         LINE#         86
  C:3259H         LINE#         87
  C:325DH         LINE#         88
  C:325DH         LINE#         89
  C:3265H         LINE#         90
  C:3265H         LINE#         91
  C:3268H         LINE#         92
  C:3270H         LINE#         93
  C:3272H         LINE#         94
  C:3286H         LINE#         95
  C:3286H         LINE#         96
  C:3286H         LINE#         97
  C:3286H         LINE#         98
  C:328CH         LINE#         100
  C:328EH         LINE#         101
  C:328EH         LINE#         102
  C:328EH         LINE#         103
  C:3294H         LINE#         105
BL51 BANKED LINKER/LOCATER V6.22                                                      01/24/2019  14:29:18  PAGE 24


  C:3296H         LINE#         106
  C:3296H         LINE#         107
  C:3296H         LINE#         108
  C:329CH         LINE#         110
  C:329EH         LINE#         111
  C:329EH         LINE#         112
  C:329EH         LINE#         113
  C:32A3H         LINE#         115
  C:32A3H         LINE#         116
  C:32A3H         LINE#         117
  C:32A3H         LINE#         120
  C:32A6H         LINE#         121
  C:32A9H         LINE#         122
  C:32B1H         LINE#         123
  C:32B5H         LINE#         124
  C:32B5H         LINE#         125
  C:32BDH         LINE#         126
  C:32BDH         LINE#         127
  C:32C0H         LINE#         128
  C:32C8H         LINE#         129
  C:32CAH         LINE#         130
  C:32DEH         LINE#         131
  C:32DEH         LINE#         132
  C:32DEH         LINE#         133
  C:32DEH         LINE#         134
  C:32E4H         LINE#         136
  C:32E6H         LINE#         137
  C:32E6H         LINE#         138
  C:32E6H         LINE#         139
  C:32ECH         LINE#         141
  C:32EEH         LINE#         142
  C:32EEH         LINE#         143
  C:32EEH         LINE#         144
  C:32F4H         LINE#         146
  C:32F6H         LINE#         147
  C:32F6H         LINE#         148
  C:32F6H         LINE#         149
  C:32FCH         LINE#         151
  C:32FCH         LINE#         152
  C:32FCH         LINE#         153
  C:32FCH         LINE#         157
  C:32FFH         LINE#         158
  C:3302H         LINE#         159
  C:330AH         LINE#         160
  C:330EH         LINE#         161
  C:330EH         LINE#         162
  C:3316H         LINE#         163
  C:3316H         LINE#         164
  C:3319H         LINE#         165
  C:3321H         LINE#         166
  C:3323H         LINE#         167
  C:3337H         LINE#         168
  C:3337H         LINE#         169
  C:3337H         LINE#         170
  C:3337H         LINE#         171
  C:333DH         LINE#         173
  C:333FH         LINE#         174
BL51 BANKED LINKER/LOCATER V6.22                                                      01/24/2019  14:29:18  PAGE 25


  C:333FH         LINE#         175
  C:333FH         LINE#         176
  C:3345H         LINE#         178
  C:3347H         LINE#         179
  C:3347H         LINE#         180
  C:3347H         LINE#         181
  C:334DH         LINE#         183
  C:334FH         LINE#         184
  C:334FH         LINE#         185
  C:334FH         LINE#         186
  C:3355H         LINE#         188
  C:3355H         LINE#         189
  C:3355H         LINE#         190
  C:3355H         LINE#         192
  C:335BH         LINE#         193
  C:335BH         LINE#         195
  C:335BH         LINE#         196
  C:335EH         LINE#         197
  C:335EH         LINE#         198
  C:335EH         LINE#         200
  C:335EH         LINE#         201
  C:3360H         LINE#         202
  C:3360H         LINE#         203
  -------         ENDPROC       KEY_SCAN
  -------         PROC          KEY_PROCESS
  -------         DO            
  X:0569H         SYMBOL        KeyCount
  X:056BH         SYMBOL        KeyNum_Old
  X:056CH         SYMBOL        KeyNum
  X:056DH         SYMBOL        PressedKey
  X:030BH         SYMBOL        d
  D:0004H         SYMBOL        hours
  D:0006H         SYMBOL        mins
  X:030DH         SYMBOL        months
  X:030FH         SYMBOL        days
  -------         ENDDO         
  C:2A0DH         LINE#         204
  C:2A0DH         LINE#         205
  C:2A0DH         LINE#         209
  C:2A15H         LINE#         210
  C:2A1DH         LINE#         212
  C:2A20H         LINE#         213
  C:2A20H         LINE#         214
  C:2A23H         LINE#         216
  C:2A23H         LINE#         217
  C:2A30H         LINE#         218
  C:2A30H         LINE#         219
  C:2A33H         LINE#         220
  C:2A36H         LINE#         222
  C:2A39H         LINE#         224
  C:2A39H         LINE#         225
  C:2A44H         LINE#         226
  C:2A44H         LINE#         227
  C:2A47H         LINE#         229
  C:2A47H         LINE#         230
  C:2A4EH         LINE#         231
  C:2A4EH         LINE#         232
BL51 BANKED LINKER/LOCATER V6.22                                                      01/24/2019  14:29:18  PAGE 26


  C:2A51H         LINE#         234
  C:2A51H         LINE#         235
  C:2A59H         LINE#         236
  C:2A59H         LINE#         237
  C:2A63H         LINE#         238
  C:2A6BH         LINE#         240
  C:2A74H         LINE#         242
  C:2A74H         LINE#         251
  C:2A89H         LINE#         252
  C:2A89H         LINE#         253
  C:2A9BH         LINE#         254
  C:2AA9H         LINE#         255
  C:2AB8H         LINE#         256
  C:2AB8H         LINE#         258
  C:2ABEH         LINE#         262
  C:2AD4H         LINE#         263
  C:2AE5H         LINE#         264
  C:2B00H         LINE#         265
  C:2B00H         LINE#         266
  C:2B10H         LINE#         267
  C:2B21H         LINE#         268
  C:2B21H         LINE#         272
  C:2B3AH         LINE#         273
  C:2B51H         LINE#         274
  C:2B71H         LINE#         275
  C:2B71H         LINE#         276
  C:2B7BH         LINE#         277
  C:2B7BH         LINE#         278
  C:2B84H         LINE#         279
  C:2B84H         LINE#         280
  C:2B98H         LINE#         281
  C:2B98H         LINE#         282
  C:2B98H         LINE#         283
  C:2B98H         LINE#         284
  C:2B98H         LINE#         285
  C:2B9AH         LINE#         287
  C:2B9AH         LINE#         288
  C:2BA6H         LINE#         289
  C:2BA6H         LINE#         290
  C:2BB7H         LINE#         291
  C:2BB7H         LINE#         292
  C:2BB7H         LINE#         293
  C:2BB7H         LINE#         294
  C:2BB7H         LINE#         296
  C:2BB9H         LINE#         298
  C:2BB9H         LINE#         299
  C:2BCAH         LINE#         300
  C:2BCAH         LINE#         301
  C:2BCAH         LINE#         302
  C:2BCAH         LINE#         303
  C:2BCAH         LINE#         305
  C:2BCAH         LINE#         307
  C:2BCAH         LINE#         308
  C:2BCCH         LINE#         310
  C:2BCCH         LINE#         311
  C:2BDFH         LINE#         312
  C:2BDFH         LINE#         313
BL51 BANKED LINKER/LOCATER V6.22                                                      01/24/2019  14:29:18  PAGE 27


  C:2BF0H         LINE#         314
  C:2BF0H         LINE#         315
  C:2BF0H         LINE#         316
  C:2BF0H         LINE#         317
  C:2BF0H         LINE#         318
  C:2BF2H         LINE#         320
  C:2BF2H         LINE#         321
  C:2C03H         LINE#         322
  C:2C03H         LINE#         323
  C:2C14H         LINE#         324
  C:2C25H         LINE#         325
  C:2C25H         LINE#         326
  C:2C25H         LINE#         327
  C:2C25H         LINE#         328
  C:2C25H         LINE#         329
  C:2C28H         LINE#         330
  C:2C2DH         LINE#         331
  C:2C32H         LINE#         332
  C:2C37H         LINE#         333
  C:2C3CH         LINE#         334
  C:2C41H         LINE#         335
  C:2C46H         LINE#         336
  C:2C4BH         LINE#         337
  C:2C4BH         LINE#         339
  C:2C6DH         LINE#         340
  C:2C6DH         LINE#         341
  C:2C77H         LINE#         342
  C:2C77H         LINE#         343
  C:2C7CH         LINE#         344
  C:2C85H         LINE#         345
  C:2C9CH         LINE#         346
  C:2C9CH         LINE#         347
  C:2CACH         LINE#         349
  C:2CACH         LINE#         353
  -------         ENDPROC       KEY_PROCESS
  -------         PROC          KEYPAD_IO_INIT
  C:44BBH         LINE#         356
  C:44BBH         LINE#         357
  C:44BBH         LINE#         358
  C:44BEH         LINE#         359
  C:44C1H         LINE#         360
  C:44C4H         LINE#         361
  C:44C6H         LINE#         362
  -------         ENDPROC       KEYPAD_IO_INIT
  -------         ENDMOD        KEYPAD

  -------         MODULE        BIPOLARMOTOR
  C:0000H         SYMBOL        _ICE_DUMMY_
  D:0080H         PUBLIC        P0
  D:0090H         PUBLIC        P1
  X:0000H         PUBLIC        RX_pos_test
  D:00A0H         PUBLIC        P2
  D:00B0H         PUBLIC        P3
  D:00C0H         PUBLIC        P4
  D:00C8H         PUBLIC        P5
  D:00E8H         PUBLIC        P6
  D:00F8H         PUBLIC        P7
BL51 BANKED LINKER/LOCATER V6.22                                                      01/24/2019  14:29:18  PAGE 28


  X:00A0H         PUBLIC        low_date_azimuth_mapping
  D:00A8H         PUBLIC        IE
  C:392BH         PUBLIC        linear_interpolate
  C:4280H         PUBLIC        _Move
  D:00B8H         PUBLIC        IP
  C:2CE0H         PUBLIC        _findDet3x3
  C:274DH         PUBLIC        _findDet4x4
  D:00D8H         PUBLIC        CCON
  X:00C8H         PUBLIC        previous_move_time
  D:0098H         PUBLIC        SCON
  D:0088H         PUBLIC        TCON
  C:4500H         PUBLIC        wait
  C:41A7H         PUBLIC        _Step_move
  X:00C9H         PUBLIC        dat
  C:0026H         PUBLIC        _Update_position
  C:408FH         PUBLIC        vOneStepMove
  X:00CFH         PUBLIC        elevation_stamp
  X:00FBH         PUBLIC        date_azimuth_mapping
  X:0123H         PUBLIC        RX_pos
  C:43BBH         PUBLIC        _BCDtoDec1
  X:02DBH         PUBLIC        degree
  X:02DFH         PUBLIC        elevation_stamp_test
  D:00D0H         PUBLIC        PSW
  -------         PROC          L?0062
  -------         ENDPROC       L?0062
  -------         PROC          _BCDTODEC1
  D:0007H         SYMBOL        bcd
  -------         DO            
  D:0006H         SYMBOL        hi
  D:0007H         SYMBOL        lo
  -------         ENDDO         
  C:43BBH         LINE#         28
  C:43BBH         LINE#         29
  C:43BBH         LINE#         31
  C:43C0H         LINE#         32
  C:43C4H         LINE#         33
  C:43CBH         LINE#         34
  -------         ENDPROC       _BCDTODEC1
  -------         PROC          WAIT
  C:4500H         LINE#         36
  C:4500H         LINE#         38
  -------         ENDPROC       WAIT
  -------         PROC          VONESTEPMOVE
  B:0021H.0       SYMBOL        bDir
  C:408FH         LINE#         40
  C:408FH         LINE#         41
  C:408FH         LINE#         43
  C:4095H         LINE#         44
  C:4095H         LINE#         45
  C:4098H         LINE#         46
  C:40A1H         LINE#         47
  C:40A8H         LINE#         48
  C:40ADH         LINE#         49
  C:40ADH         LINE#         50
  C:40ADH         LINE#         52
  C:40AFH         LINE#         55
  C:40AFH         LINE#         56
BL51 BANKED LINKER/LOCATER V6.22                                                      01/24/2019  14:29:18  PAGE 29


  C:40B2H         LINE#         57
  C:40BBH         LINE#         58
  C:40C2H         LINE#         59
  C:40C8H         LINE#         60
  C:40D1H         LINE#         61
  C:40D8H         LINE#         62
  C:40D8H         LINE#         66
  -------         ENDPROC       VONESTEPMOVE
  -------         PROC          _STEP_MOVE
  X:03AEH         SYMBOL        step
  B:0020H.7       SYMBOL        dir
  -------         DO            
  X:03B0H         SYMBOL        i
  -------         ENDDO         
  C:41A7H         LINE#         68
  C:41AFH         LINE#         69
  C:41AFH         LINE#         71
  C:41B4H         LINE#         74
  C:41CFH         LINE#         75
  C:41CFH         LINE#         76
  C:41D6H         LINE#         78
  C:41E6H         LINE#         80
  -------         ENDPROC       _STEP_MOVE
  -------         PROC          _MOVE
  X:03AAH         SYMBOL        distance
  B:0020H.6       SYMBOL        direction
  -------         DO            
  D:0006H         SYMBOL        step
  -------         ENDDO         
  C:4280H         LINE#         82
  C:4286H         LINE#         83
  C:4286H         LINE#         86
  C:42A1H         LINE#         87
  -------         ENDPROC       _MOVE
  C:2CC1H         SYMBOL        L?0058
  C:2CD5H         SYMBOL        L?0059
  -------         PROC          L?0057
  -------         ENDPROC       L?0057
  C:2CC1H         SYMBOL        L?0058
  C:2CD5H         SYMBOL        L?0059
  -------         PROC          _FINDDET3X3
  X:0527H         SYMBOL        a11
  X:052BH         SYMBOL        a12
  X:052FH         SYMBOL        a13
  X:0533H         SYMBOL        a21
  X:0537H         SYMBOL        a22
  X:053BH         SYMBOL        a23
  X:053FH         SYMBOL        a31
  X:0543H         SYMBOL        a32
  X:0547H         SYMBOL        a33
  C:2CE0H         LINE#         91
  C:2CE6H         LINE#         95
  C:2CE6H         LINE#         96
  C:2E7DH         LINE#         98
  -------         ENDPROC       _FINDDET3X3
  -------         PROC          _FINDDET4X4
  X:04E7H         SYMBOL        a11
BL51 BANKED LINKER/LOCATER V6.22                                                      01/24/2019  14:29:18  PAGE 30


  X:04EBH         SYMBOL        a12
  X:04EFH         SYMBOL        a13
  X:04F3H         SYMBOL        a14
  X:04F7H         SYMBOL        a21
  X:04FBH         SYMBOL        a22
  X:04FFH         SYMBOL        a23
  X:0503H         SYMBOL        a24
  X:0507H         SYMBOL        a31
  X:050BH         SYMBOL        a32
  X:050FH         SYMBOL        a33
  X:0513H         SYMBOL        a34
  X:0517H         SYMBOL        a41
  X:051BH         SYMBOL        a42
  X:051FH         SYMBOL        a43
  X:0523H         SYMBOL        a44
  C:274DH         LINE#         99
  C:2753H         LINE#         103
  C:2753H         LINE#         110
  C:2A0CH         LINE#         114
  -------         ENDPROC       _FINDDET4X4
  C:391AH         SYMBOL        L?0061
  -------         PROC          L?0060
  -------         ENDPROC       L?0060
  C:391AH         SYMBOL        L?0061
  -------         PROC          LINEAR_INTERPOLATE
  X:03AAH         SYMBOL        p1
  X:03B2H         SYMBOL        p2
  X:03BAH         SYMBOL        x
  -------         DO            
  D:0004H         SYMBOL        fx
  -------         ENDDO         
  C:392BH         LINE#         120
  C:392BH         LINE#         121
  C:392BH         LINE#         124
  C:39CAH         LINE#         126
  C:39CAH         LINE#         127
  -------         ENDPROC       LINEAR_INTERPOLATE
  -------         PROC          _UPDATE_POSITION
  D:0001H         SYMBOL        mnths
  D:0002H         SYMBOL        dys
  X:0321H         SYMBOL        hurs
  X:0322H         SYMBOL        mns
  X:0323H         SYMBOL        sconds
  X:0324H         SYMBOL        currnt_pos
  X:0327H         SYMBOL        offset_calib
  -------         DO            
  X:032BH         SYMBOL        date
  X:032DH         SYMBOL        i
  X:032FH         SYMBOL        yy
  X:0331H         SYMBOL        desired_distance
  X:0335H         SYMBOL        distance
  X:0339H         SYMBOL        JP_pos
  X:033DH         SYMBOL        pos_interpolate_azimuth
  X:0365H         SYMBOL        current_local_sun_time
  X:0369H         SYMBOL        azimuth
  X:036DH         SYMBOL        elevation
  X:0371H         SYMBOL        time_offset
BL51 BANKED LINKER/LOCATER V6.22                                                      01/24/2019  14:29:18  PAGE 31


  X:0375H         SYMBOL        UTC_time
  X:0379H         SYMBOL        declination
  X:037DH         SYMBOL        p1
  X:0385H         SYMBOL        p2
  X:038DH         SYMBOL        time
  X:039FH         SYMBOL        location
  X:03A7H         SYMBOL        sunCoord
  -------         ENDDO         
  C:0026H         LINE#         131
  C:002FH         LINE#         134
  C:002FH         LINE#         135
  C:003AH         LINE#         137
  C:0056H         LINE#         138
  C:0060H         LINE#         146
  C:006AH         LINE#         147
  C:0074H         LINE#         148
  C:007EH         LINE#         149
  C:0089H         LINE#         150
  C:0094H         LINE#         151
  C:00ADH         LINE#         152
  C:00BEH         LINE#         153
  C:00CDH         LINE#         156
  C:00E1H         LINE#         160
  C:0133H         LINE#         161
  C:0297H         LINE#         162
  C:02E7H         LINE#         164
  C:040FH         LINE#         166
  C:04DEH         LINE#         173
  C:04E8H         LINE#         174
  C:04E8H         LINE#         176
  C:0502H         LINE#         177
  C:0502H         LINE#         178
  C:0572H         LINE#         179
  C:0572H         LINE#         180
  C:0579H         LINE#         181
  C:0579H         LINE#         182
  C:05A6H         LINE#         183
  C:05C1H         LINE#         185
  C:0608H         LINE#         186
  C:063CH         LINE#         188
  C:0682H         LINE#         189
  C:06A5H         LINE#         191
  C:06A5H         LINE#         193
  C:071BH         LINE#         194
  C:071BH         LINE#         195
  C:0722H         LINE#         196
  C:0722H         LINE#         197
  C:074FH         LINE#         198
  C:076AH         LINE#         200
  C:07B1H         LINE#         201
  C:07E5H         LINE#         203
  C:082BH         LINE#         204
  C:084BH         LINE#         206
  C:084BH         LINE#         207
  C:085CH         LINE#         210
  C:0876H         LINE#         211
  C:0876H         LINE#         212
BL51 BANKED LINKER/LOCATER V6.22                                                      01/24/2019  14:29:18  PAGE 32


  C:08E6H         LINE#         213
  C:08E6H         LINE#         214
  C:0913H         LINE#         215
  C:092EH         LINE#         217
  C:095BH         LINE#         218
  C:0976H         LINE#         220
  C:09A8H         LINE#         223
  C:09A8H         LINE#         225
  C:09B9H         LINE#         227
  C:09E8H         LINE#         229
  C:0A0DH         LINE#         230
  C:0A36H         LINE#         231
  C:0A36H         LINE#         232
  C:0A50H         LINE#         233
  C:0A62H         LINE#         234
  C:0A7AH         LINE#         235
  C:0A90H         LINE#         237
  C:0AACH         LINE#         238
  C:0AACH         LINE#         239
  C:0AACH         LINE#         242
  -------         ENDPROC       _UPDATE_POSITION
  -------         ENDMOD        BIPOLARMOTOR

  -------         MODULE        SUNPOS
  C:0000H         SYMBOL        _ICE_DUMMY_
  C:1C56H         PUBLIC        sunpos
  -------         PROC          SUNPOS
  X:03AAH         SYMBOL        udtTime
  X:03BCH         SYMBOL        udtLocation
  X:03C4H         SYMBOL        udtSunCoordinates
  -------         DO            
  X:03C7H         SYMBOL        dElapsedJulianDays
  X:03CBH         SYMBOL        dDecimalHours
  X:03CFH         SYMBOL        dEclipticLongitude
  X:03D3H         SYMBOL        dEclipticObliquity
  X:03D7H         SYMBOL        dRightAscension
  X:03DBH         SYMBOL        dDeclination
  X:03DFH         SYMBOL        dY
  X:03E3H         SYMBOL        dX
  -------         DO            
  X:03E7H         SYMBOL        dJulianDate
  X:03EBH         SYMBOL        liAux1
  X:03EFH         SYMBOL        liAux2
  X:03E7H         SYMBOL        dMeanLongitude
  X:03EBH         SYMBOL        dMeanAnomaly
  X:03EFH         SYMBOL        dOmega
  X:03E7H         SYMBOL        dSin_EclipticLongitude
  X:03E7H         SYMBOL        dGreenwichMeanSiderealTime
  X:03EBH         SYMBOL        dLocalMeanSiderealTime
  X:03EFH         SYMBOL        dLatitudeInRadians
  X:03F3H         SYMBOL        dHourAngle
  X:03F7H         SYMBOL        dCos_Latitude
  X:03FBH         SYMBOL        dSin_Latitude
  X:03FFH         SYMBOL        dCos_HourAngle
  X:0403H         SYMBOL        dParallax
  -------         ENDDO         
  -------         DO            
BL51 BANKED LINKER/LOCATER V6.22                                                      01/24/2019  14:29:18  PAGE 33


  X:03E7H         SYMBOL        dMeanLongitude
  X:03EBH         SYMBOL        dMeanAnomaly
  X:03EFH         SYMBOL        dOmega
  X:03E7H         SYMBOL        dSin_EclipticLongitude
  X:03E7H         SYMBOL        dGreenwichMeanSiderealTime
  X:03EBH         SYMBOL        dLocalMeanSiderealTime
  X:03EFH         SYMBOL        dLatitudeInRadians
  X:03F3H         SYMBOL        dHourAngle
  X:03F7H         SYMBOL        dCos_Latitude
  X:03FBH         SYMBOL        dSin_Latitude
  X:03FFH         SYMBOL        dCos_HourAngle
  X:0403H         SYMBOL        dParallax
  -------         ENDDO         
  -------         DO            
  X:03E7H         SYMBOL        dSin_EclipticLongitude
  X:03E7H         SYMBOL        dGreenwichMeanSiderealTime
  X:03EBH         SYMBOL        dLocalMeanSiderealTime
  X:03EFH         SYMBOL        dLatitudeInRadians
  X:03F3H         SYMBOL        dHourAngle
  X:03F7H         SYMBOL        dCos_Latitude
  X:03FBH         SYMBOL        dSin_Latitude
  X:03FFH         SYMBOL        dCos_HourAngle
  X:0403H         SYMBOL        dParallax
  -------         ENDDO         
  -------         DO            
  X:03E7H         SYMBOL        dGreenwichMeanSiderealTime
  X:03EBH         SYMBOL        dLocalMeanSiderealTime
  X:03EFH         SYMBOL        dLatitudeInRadians
  X:03F3H         SYMBOL        dHourAngle
  X:03F7H         SYMBOL        dCos_Latitude
  X:03FBH         SYMBOL        dSin_Latitude
  X:03FFH         SYMBOL        dCos_HourAngle
  X:0403H         SYMBOL        dParallax
  -------         ENDDO         
  -------         ENDDO         
  C:1C56H         LINE#         6
  C:1C56H         LINE#         7
  C:1C56H         LINE#         9
  C:1C56H         LINE#         27
  C:1CA0H         LINE#         30
  C:1CC1H         LINE#         31
  C:1E08H         LINE#         34
  C:1E54H         LINE#         36
  C:1E73H         LINE#         37
  C:1E73H         LINE#         42
  C:1E73H         LINE#         46
  C:1EA5H         LINE#         47
  C:1ECFH         LINE#         48
  C:1EF9H         LINE#         49
  C:1FA6H         LINE#         52
  C:2007H         LINE#         54
  C:2007H         LINE#         59
  C:2007H         LINE#         61
  C:201EH         LINE#         62
  C:2046H         LINE#         63
  C:205DH         LINE#         64
  C:2088H         LINE#         65
BL51 BANKED LINKER/LOCATER V6.22                                                      01/24/2019  14:29:18  PAGE 34


  C:20BFH         LINE#         66
  C:20EAH         LINE#         67
  C:20EAH         LINE#         70
  C:20EAH         LINE#         79
  C:2125H         LINE#         82
  C:215FH         LINE#         84
  C:2184H         LINE#         85
  C:21A3H         LINE#         86
  C:21BAH         LINE#         87
  C:21D1H         LINE#         88
  C:21E8H         LINE#         89
  C:2271H         LINE#         91
  C:228BH         LINE#         92
  C:22EDH         LINE#         93
  C:2323H         LINE#         94
  C:2335H         LINE#         95
  C:2362H         LINE#         96
  C:238FH         LINE#         98
  C:23B1H         LINE#         100
  C:23E9H         LINE#         103
  C:23E9H         LINE#         104
  C:23F7H         LINE#         105
  -------         ENDPROC       SUNPOS
  -------         ENDMOD        SUNPOS

  -------         MODULE        ADC
  C:0000H         SYMBOL        _ICE_DUMMY_
  D:0092H         PUBLIC        P1M0
  D:0091H         PUBLIC        P1M1
  D:0080H         PUBLIC        P0
  D:0090H         PUBLIC        P1
  D:00A0H         PUBLIC        P2
  D:00B0H         PUBLIC        P3
  D:00C0H         PUBLIC        P4
  D:00C8H         PUBLIC        P5
  D:00E8H         PUBLIC        P6
  D:00F8H         PUBLIC        P7
  D:00A8H         PUBLIC        IE
  D:00BDH         PUBLIC        ADC_RES
  D:00B8H         PUBLIC        IP
  D:0097H         PUBLIC        CLK_DIV
  D:00D8H         PUBLIC        CCON
  D:00BCH         PUBLIC        ADC_CONTR
  D:0098H         PUBLIC        SCON
  D:0088H         PUBLIC        TCON
  B:00A0H.4       PUBLIC        P24
  B:00A0H.5       PUBLIC        P25
  B:00A0H.6       PUBLIC        P26
  C:4394H         PUBLIC        ADC_Init
  C:42CFH         PUBLIC        _ADC_GetResult
  D:009DH         PUBLIC        P1ASF
  D:00BEH         PUBLIC        ADC_RESL
  D:00D0H         PUBLIC        PSW
  -------         PROC          ADC_INIT
  C:4394H         LINE#         7
  C:4394H         LINE#         8
  C:4394H         LINE#         10
[...]
  X:030BH         SYMBOL        mnths
  X:030CH         SYMBOL        dys
  X:030DH         SYMBOL        hurs
  X:030EH         SYMBOL        mns
  X:030FH         SYMBOL        sconds
  X:0310H         SYMBOL        currnt_pos
  -------         DO            
  X:0313H         SYMBOL        calib_value
  X:0317H         SYMBOL        theorical_max_pos
  X:031BH         SYMBOL        JP_max_pos
  -------         ENDDO         
  C:3749H         LINE#         84
  C:3754H         LINE#         87
  C:3754H         LINE#         88
  C:375EH         LINE#         89
  C:3772H         LINE#         91
  C:377CH         LINE#         92
  C:377CH         LINE#         94
  C:37B2H         LINE#         95
  C:37D0H         LINE#         97
  C:37D9H         LINE#         98
  C:37FCH         LINE#         99
  C:3818H         LINE#         100
  C:3827H         LINE#         101
  C:3827H         LINE#         103
  C:382CH         LINE#         104
  -------         ENDPROC       _CALIBRATION
  -------         ENDMOD        CALIBRATION

  -------         MODULE        IOEXPANDER_PI4IOE5V96248
  C:0000H         SYMBOL        _ICE_DUMMY_
  D:0080H         PUBLIC        P0
  B:00C8H.4       PUBLIC        I2C_SCK
  D:0090H         PUBLIC        P1
  D:00A0H         PUBLIC        P2
  D:00B0H         PUBLIC        P3
  D:00C0H         PUBLIC        P4
  D:00C8H         PUBLIC        P5
  D:00E8H         PUBLIC        P6
  D:00F8H         PUBLIC        P7
  D:00A8H         PUBLIC        IE
  D:00B8H         PUBLIC        IP
  D:00D8H         PUBLIC        CCON
  C:4481H         PUBLIC        I2C_Start
  D:0098H         PUBLIC        SCON
  D:0088H         PUBLIC        TCON
  C:3A86H         PUBLIC        _Write_PI4IOE5V96248
  C:4490H         PUBLIC        uC_NACK
  C:4262H         PUBLIC        _Wait_ms_i2c
  C:42ADH         PUBLIC        _I2C_SendByte
  C:4411H         PUBLIC        I2C_Stop
  C:4501H         PUBLIC        nop
  C:44F0H         PUBLIC        uC_ACK
  C:43FBH         PUBLIC        I2C_ACK
BL51 BANKED LINKER/LOCATER V6.22                                                      01/24/2019  14:29:18  PAGE 38


  B:00C0H.7       PUBLIC        I2C_SDA
  D:00D0H         PUBLIC        PSW
  C:425CH         SYMBOL        L?0031
  C:425EH         SYMBOL        L?0032
  -------         PROC          L?0030
  -------         ENDPROC       L?0030
  C:425CH         SYMBOL        L?0031
  C:425EH         SYMBOL        L?0032
  -------         PROC          _WAIT_MS_I2C
  D:0006H         SYMBOL        ms
  -------         DO            
  D:0004H         SYMBOL        De_Cnt
  -------         ENDDO         
  C:4262H         LINE#         7
  C:4262H         LINE#         8
  C:4262H         LINE#         10
  C:426CH         LINE#         11
  C:426CH         LINE#         12
  C:427FH         LINE#         13
  C:427FH         LINE#         14
  -------         ENDPROC       _WAIT_MS_I2C
  -------         PROC          NOP
  C:4501H         LINE#         16
  C:4501H         LINE#         17
  C:4501H         LINE#         19
  -------         ENDPROC       NOP
  -------         PROC          I2C_START
  C:4481H         LINE#         20
  C:4481H         LINE#         21
  C:4481H         LINE#         23
  C:4483H         LINE#         24
  C:4485H         LINE#         25
  C:4488H         LINE#         26
  C:448AH         LINE#         27
  C:448DH         LINE#         28
  C:448FH         LINE#         31
  -------         ENDPROC       I2C_START
  -------         PROC          I2C_STOP
  C:4411H         LINE#         33
  C:4411H         LINE#         34
  C:4411H         LINE#         35
  C:4413H         LINE#         36
  C:4415H         LINE#         37
  C:4418H         LINE#         38
  C:441AH         LINE#         39
  C:441CH         LINE#         40
  C:4423H         LINE#         41
  C:4425H         LINE#         44
  -------         ENDPROC       I2C_STOP
  -------         PROC          I2C_ACK
  -------         DO            
  X:03B5H         SYMBOL        i
  D:0003H         SYMBOL        dat
  -------         ENDDO         
  C:43FBH         LINE#         46
  C:43FBH         LINE#         47
  C:43FBH         LINE#         49
BL51 BANKED LINKER/LOCATER V6.22                                                      01/24/2019  14:29:18  PAGE 39


  C:43FCH         LINE#         54
  C:43FFH         LINE#         55
  C:4401H         LINE#         56
  C:4404H         LINE#         58
  C:4407H         LINE#         59
  C:4407H         LINE#         60
  C:440BH         LINE#         61
  C:440BH         LINE#         64
  C:440BH         LINE#         65
  C:440EH         LINE#         66
  C:440EH         LINE#         67
  C:4410H         LINE#         68
  -------         ENDPROC       I2C_ACK
  -------         PROC          UC_ACK
  -------         DO            
  X:0579H         SYMBOL        i
  -------         ENDDO         
  C:44F0H         LINE#         69
  C:44F0H         LINE#         70
  C:44F0H         LINE#         72
  C:44F0H         LINE#         79
  C:44F0H         LINE#         81
  C:44F0H         LINE#         83
  C:44F0H         LINE#         84
  C:44F0H         LINE#         87
  C:44F3H         LINE#         88
  C:44F5H         LINE#         89
  C:44F5H         LINE#         93
  -------         ENDPROC       UC_ACK
  -------         PROC          UC_NACK
  -------         DO            
  X:057AH         SYMBOL        i
  -------         ENDDO         
  C:4490H         LINE#         95
  C:4490H         LINE#         96
  C:4490H         LINE#         98
  C:4490H         LINE#         102
  C:4492H         LINE#         105
  C:4492H         LINE#         106
  C:4494H         LINE#         107
  C:4494H         LINE#         109
  C:4494H         LINE#         110
  C:4494H         LINE#         113
  C:4497H         LINE#         114
  C:4499H         LINE#         115
  C:449CH         LINE#         116
  C:449EH         LINE#         117
  C:449EH         LINE#         121
  -------         ENDPROC       UC_NACK
  C:42A9H         SYMBOL        L?0034
  -------         PROC          L?0033
  -------         ENDPROC       L?0033
  C:42A9H         SYMBOL        L?0034
  -------         PROC          _I2C_SENDBYTE
  D:0001H         SYMBOL        dat
  -------         DO            
  D:0003H         SYMBOL        i
BL51 BANKED LINKER/LOCATER V6.22                                                      01/24/2019  14:29:18  PAGE 40


  -------         ENDDO         
  C:42ADH         LINE#         125
  C:42AFH         LINE#         126
  C:42AFH         LINE#         129
  C:42B1H         LINE#         130
  C:42B1H         LINE#         131
  C:42B3H         LINE#         133
  C:42B7H         LINE#         134
  C:42B7H         LINE#         135
  C:42B9H         LINE#         136
  C:42BBH         LINE#         138
  C:42BBH         LINE#         139
  C:42BDH         LINE#         140
  C:42BDH         LINE#         141
  C:42C0H         LINE#         142
  C:42C2H         LINE#         144
  C:42C6H         LINE#         145
  C:42C9H         LINE#         146
  C:42CEH         LINE#         147
  -------         ENDPROC       _I2C_SENDBYTE
  -------         PROC          _WRITE_PI4IOE5V96248
  X:03B2H         SYMBOL        xdat
  C:3A86H         LINE#         148
  C:3A91H         LINE#         149
  C:3A91H         LINE#         150
  C:3A94H         LINE#         151
  C:3A9BH         LINE#         152
  C:3AA0H         LINE#         153
  C:3AA6H         LINE#         154
  C:3AA6H         LINE#         155
  C:3AB8H         LINE#         156
  C:3AB8H         LINE#         158
  C:3ABEH         LINE#         159
  C:3ABEH         LINE#         160
  C:3ACEH         LINE#         161
  C:3ACEH         LINE#         162
  C:3AD4H         LINE#         163
  C:3AD4H         LINE#         164
  C:3AE4H         LINE#         165
  C:3AE4H         LINE#         166
  C:3AEAH         LINE#         167
  C:3AEAH         LINE#         168
  C:3AFBH         LINE#         169
  C:3AFBH         LINE#         171
  C:3B01H         LINE#         172
  C:3B01H         LINE#         173
  C:3B12H         LINE#         174
  C:3B12H         LINE#         175
  C:3B18H         LINE#         176
  C:3B18H         LINE#         177
  C:3B29H         LINE#         178
  C:3B29H         LINE#         180
  C:3B2FH         LINE#         181
  C:3B32H         LINE#         182
  -------         ENDPROC       _WRITE_PI4IOE5V96248
  -------         ENDMOD        IOEXPANDER_PI4IOE5V96248

BL51 BANKED LINKER/LOCATER V6.22                                                      01/24/2019  14:29:18  PAGE 41


  -------         MODULE        ?C_STARTUP
  C:3E42H         SEGMENT       ?C_C51STARTUP
  I:0022H         SEGMENT       ?STACK
  C:0000H         PUBLIC        ?C_STARTUP
  D:00E0H         SYMBOL        ACC
  D:00F0H         SYMBOL        B
  D:0083H         SYMBOL        DPH
  D:0082H         SYMBOL        DPL
  N:0000H         SYMBOL        IBPSTACK
  N:0100H         SYMBOL        IBPSTACKTOP
  N:0080H         SYMBOL        IDATALEN
  C:3E45H         SYMBOL        IDATALOOP
  N:0000H         SYMBOL        PBPSTACK
  N:0100H         SYMBOL        PBPSTACKTOP
  N:0000H         SYMBOL        PDATALEN
  N:0000H         SYMBOL        PDATASTART
  N:0000H         SYMBOL        PPAGE
  N:0000H         SYMBOL        PPAGEENABLE
  D:00A0H         SYMBOL        PPAGE_SFR
  D:0081H         SYMBOL        SP
  C:3E42H         SYMBOL        STARTUP1
  N:0000H         SYMBOL        XBPSTACK
  N:0000H         SYMBOL        XBPSTACKTOP
  N:0000H         SYMBOL        XDATALEN
  N:0000H         SYMBOL        XDATASTART
  C:0000H         LINE#         126
  C:3E42H         LINE#         133
  C:3E44H         LINE#         134
  C:3E45H         LINE#         135
  C:3E46H         LINE#         136
  C:3E48H         LINE#         185
  C:3E4BH         LINE#         196
  -------         ENDMOD        ?C_STARTUP

  -------         MODULE        ?C?FPADD
  C:0AB4H         PUBLIC        ?C?FPADD
  C:0AB0H         PUBLIC        ?C?FPSUB
  -------         ENDMOD        ?C?FPADD

  -------         MODULE        ?C?FPMUL
  C:0BA5H         PUBLIC        ?C?FPMUL
  -------         ENDMOD        ?C?FPMUL

  -------         MODULE        ?C?FPDIV
  C:0CAEH         PUBLIC        ?C?FPDIV
  -------         ENDMOD        ?C?FPDIV

  -------         MODULE        ?C?FPCMP
  C:0D4DH         PUBLIC        ?C?FPCMP
  C:0D4BH         PUBLIC        ?C?FPCMP3
  -------         ENDMOD        ?C?FPCMP

  -------         MODULE        ?C?FPNEG
  C:0DC4H         PUBLIC        ?C?FPNEG
  -------         ENDMOD        ?C?FPNEG

  -------         MODULE        ?C?FCAST
BL51 BANKED LINKER/LOCATER V6.22                                                      01/24/2019  14:29:18  PAGE 42


  C:0DDFH         PUBLIC        ?C?FCASTC
  C:0DDAH         PUBLIC        ?C?FCASTI
  C:0DD5H         PUBLIC        ?C?FCASTL
  -------         ENDMOD        ?C?FCAST

  -------         MODULE        ?C?CASTF
  C:0E13H         PUBLIC        ?C?CASTF
  -------         ENDMOD        ?C?CASTF

  -------         MODULE        ATAN2
  X:0407H         PUBLIC        ?_atan2?BYTE
  C:3BDFH         PUBLIC        _atan2
  -------         ENDMOD        ATAN2

  -------         MODULE        SIN
  C:33A9H         PUBLIC        _COS
  C:33BFH         PUBLIC        _SIN
  C:33FBH         PUBLIC        _TAN
  -------         ENDMOD        SIN

  -------         MODULE        ACOS
  C:40D9H         PUBLIC        _ACOS
  -------         ENDMOD        ACOS

  -------         MODULE        ASIN
  C:41E7H         PUBLIC        _ASIN
  -------         ENDMOD        ASIN

  -------         MODULE        SQRT
  C:3B37H         PUBLIC        _SQRT
  -------         ENDMOD        SQRT

  -------         MODULE        ATAN
  C:3647H         PUBLIC        _ATAN
  -------         ENDMOD        ATAN

  -------         MODULE        ?C?COPY
  C:0FB1H         PUBLIC        ?C?COPY
  -------         ENDMOD        ?C?COPY

  -------         MODULE        ?C?CLDPTR
  C:0FD7H         PUBLIC        ?C?CLDPTR
  -------         ENDMOD        ?C?CLDPTR

  -------         MODULE        ?C?CLDOPTR
  C:0FF0H         PUBLIC        ?C?CLDOPTR
  -------         ENDMOD        ?C?CLDOPTR

  -------         MODULE        ?C?CSTPTR
  C:101DH         PUBLIC        ?C?CSTPTR
  -------         ENDMOD        ?C?CSTPTR

  -------         MODULE        ?C?IMUL
  C:102FH         PUBLIC        ?C?IMUL
  -------         ENDMOD        ?C?IMUL

  -------         MODULE        ?C?UIDIV
BL51 BANKED LINKER/LOCATER V6.22                                                      01/24/2019  14:29:18  PAGE 43


  C:1041H         PUBLIC        ?C?UIDIV
  -------         ENDMOD        ?C?UIDIV

  -------         MODULE        ?C?SIDIV
  C:1096H         PUBLIC        ?C?SIDIV
  -------         ENDMOD        ?C?SIDIV

  -------         MODULE        ?C?ILDIX
  C:10CCH         PUBLIC        ?C?ILDIX
  -------         ENDMOD        ?C?ILDIX

  -------         MODULE        ?C?ILDOPTR
  C:10E2H         PUBLIC        ?C?ILDOPTR
  -------         ENDMOD        ?C?ILDOPTR

  -------         MODULE        ?C?LMUL
  C:111AH         PUBLIC        ?C?LMUL
  -------         ENDMOD        ?C?LMUL

  -------         MODULE        ?C?SLDIV
  C:4123H         PUBLIC        ?C?SLDIV
  -------         ENDMOD        ?C?SLDIV

  -------         MODULE        ?C?LNEG
  C:1169H         PUBLIC        ?C?LNEG
  -------         ENDMOD        ?C?LNEG

  -------         MODULE        ?C?LLDPTR
  C:1177H         PUBLIC        ?C?LLDPTR
  -------         ENDMOD        ?C?LLDPTR

  -------         MODULE        ?C?LLDOPTR
  C:1197H         PUBLIC        ?C?LLDOPTR
  -------         ENDMOD        ?C?LLDOPTR

  -------         MODULE        ?C?LSTPTR
  C:11C7H         PUBLIC        ?C?LSTPTR
  -------         ENDMOD        ?C?LSTPTR

  -------         MODULE        ?C?LSTOPTR
  C:11E1H         PUBLIC        ?C?LSTOPTR
  -------         ENDMOD        ?C?LSTOPTR

  -------         MODULE        ?C?LLDXDATA
  C:1205H         PUBLIC        ?C?LLDXDATA
  -------         ENDMOD        ?C?LLDXDATA

  -------         MODULE        ?C?LLDCODE
  C:1211H         PUBLIC        ?C?LLDCODE
  -------         ENDMOD        ?C?LLDCODE

  -------         MODULE        ?C?LLDXDATA0
  C:1221H         PUBLIC        ?C?LLDXDATA0
  -------         ENDMOD        ?C?LLDXDATA0

  -------         MODULE        ?C?LLDCODE0
  C:122DH         PUBLIC        ?C?LLDCODE0
BL51 BANKED LINKER/LOCATER V6.22                                                      01/24/2019  14:29:18  PAGE 44


  -------         ENDMOD        ?C?LLDCODE0

  -------         MODULE        ?C?LLDPTR0
  C:123DH         PUBLIC        ?C?LLDPTR0
  -------         ENDMOD        ?C?LLDPTR0

  -------         MODULE        ?C?LSTXDATA
  C:125DH         PUBLIC        ?C?LSTXDATA
  -------         ENDMOD        ?C?LSTXDATA

  -------         MODULE        ?C?LSTKXDATA
  C:1269H         PUBLIC        ?C?LSTKXDATA
  -------         ENDMOD        ?C?LSTKXDATA

  -------         MODULE        ?C?OFFXADD
  C:129AH         PUBLIC        ?C?OFFXADD
  -------         ENDMOD        ?C?OFFXADD

  -------         MODULE        ABS
  C:44C7H         PUBLIC        _ABS
  -------         ENDMOD        ABS

  -------         MODULE        ATOI
  C:382DH         PUBLIC        _atoi
  -------         ENDMOD        ATOI

  -------         MODULE        ?C?IILDX
  C:12A6H         PUBLIC        ?C?IILDX
  -------         ENDMOD        ?C?IILDX

  -------         MODULE        ?C?ULDIV
  C:12F8H         PUBLIC        ?C?ULDIV
  -------         ENDMOD        ?C?ULDIV

  -------         MODULE        ?C?LLDIDATA
  C:138AH         PUBLIC        ?C?LLDIDATA
  -------         ENDMOD        ?C?LLDIDATA

  -------         MODULE        ?C?LLDPDATA
  C:1396H         PUBLIC        ?C?LLDPDATA
  -------         ENDMOD        ?C?LLDPDATA

  -------         MODULE        ?C?LLDIDATA0
  C:13A2H         PUBLIC        ?C?LLDIDATA0
  -------         ENDMOD        ?C?LLDIDATA0

  -------         MODULE        ?C?LLDPDATA0
  C:13AFH         PUBLIC        ?C?LLDPDATA0
  -------         ENDMOD        ?C?LLDPDATA0

  -------         MODULE        ?C?LSTIDATA
  C:13BCH         PUBLIC        ?C?LSTIDATA
  -------         ENDMOD        ?C?LSTIDATA

  -------         MODULE        ?C?LSTPDATA
  C:13C8H         PUBLIC        ?C?LSTPDATA
  -------         ENDMOD        ?C?LSTPDATA
BL51 BANKED LINKER/LOCATER V6.22                                                      01/24/2019  14:29:18  PAGE 45



  -------         MODULE        ISDIGIT
  C:449FH         PUBLIC        _isdigit
  -------         ENDMOD        ISDIGIT

  -------         MODULE        ISSPACE
  C:443AH         PUBLIC        _isspace
  -------         ENDMOD        ISSPACE

*** WARNING L16: UNCALLED SEGMENT, IGNORED FOR OVERLAY PROCESS
    SEGMENT: ?PR?_CALIB_INTERPOLATE?MAIN

*** WARNING L16: UNCALLED SEGMENT, IGNORED FOR OVERLAY PROCESS
    SEGMENT: ?PR?_DISPLAY_PROX?MAIN

*** WARNING L16: UNCALLED SEGMENT, IGNORED FOR OVERLAY PROCESS
    SEGMENT: ?PR?_DAY_OF_YEAR?PCF85063BTL

*** WARNING L16: UNCALLED SEGMENT, IGNORED FOR OVERLAY PROCESS
    SEGMENT: ?PR?INITUART1?UART1

*** WARNING L16: UNCALLED SEGMENT, IGNORED FOR OVERLAY PROCESS
    SEGMENT: ?PR?_SENDSTRING?UART1

*** WARNING L16: UNCALLED SEGMENT, IGNORED FOR OVERLAY PROCESS
    SEGMENT: ?PR?_TEN?UART1

*** WARNING L16: UNCALLED SEGMENT, IGNORED FOR OVERLAY PROCESS
    SEGMENT: ?PR?_UNIT?UART1

*** WARNING L16: UNCALLED SEGMENT, IGNORED FOR OVERLAY PROCESS
    SEGMENT: ?PR?_DECTOBCD?UART1

*** WARNING L16: UNCALLED SEGMENT, IGNORED FOR OVERLAY PROCESS
    SEGMENT: ?PR?_ASCII_LETTER?UART1

*** WARNING L16: UNCALLED SEGMENT, IGNORED FOR OVERLAY PROCESS
    SEGMENT: ?PR?WAIT?BIPOLARMOTOR

*** WARNING L16: UNCALLED SEGMENT, IGNORED FOR OVERLAY PROCESS
    SEGMENT: ?PR?_FINDDET4X4?BIPOLARMOTOR

*** WARNING L16: UNCALLED SEGMENT, IGNORED FOR OVERLAY PROCESS
    SEGMENT: ?PR?NOP?IOEXPANDER_PI4IOE5V96248

*** WARNING L16: UNCALLED SEGMENT, IGNORED FOR OVERLAY PROCESS
    SEGMENT: ?PR?UC_ACK?IOEXPANDER_PI4IOE5V96248

*** WARNING L16: UNCALLED SEGMENT, IGNORED FOR OVERLAY PROCESS
    SEGMENT: ?PR?UC_NACK?IOEXPANDER_PI4IOE5V96248

*** WARNING L1: UNRESOLVED EXTERNAL SYMBOL
    SYMBOL:  AUTO_MODE
    MODULE:  .\Obj\main.obj (MAIN)

*** WARNING L2: REFERENCE MADE TO UNRESOLVED EXTERNAL
    SYMBOL:  AUTO_MODE
BL51 BANKED LINKER/LOCATER V6.22                                                      01/24/2019  14:29:18  PAGE 46


    MODULE:  .\Obj\main.obj (MAIN)
    ADDRESS: 13EEH

*** WARNING L2: REFERENCE MADE TO UNRESOLVED EXTERNAL
    SYMBOL:  AUTO_MODE
    MODULE:  .\Obj\main.obj (MAIN)
    ADDRESS: 14E8H

*** WARNING L2: REFERENCE MADE TO UNRESOLVED EXTERNAL
    SYMBOL:  AUTO_MODE
    MODULE:  .\Obj\main.obj (MAIN)
    ADDRESS: 14F6H

*** WARNING L2: REFERENCE MADE TO UNRESOLVED EXTERNAL
    SYMBOL:  AUTO_MODE
    MODULE:  .\Obj\main.obj (MAIN)
    ADDRESS: 1508H

*** WARNING L2: REFERENCE MADE TO UNRESOLVED EXTERNAL
    SYMBOL:  AUTO_MODE
    MODULE:  .\Obj\main.obj (MAIN)
    ADDRESS: 154AH

*** WARNING L2: REFERENCE MADE TO UNRESOLVED EXTERNAL
    SYMBOL:  AUTO_MODE
    MODULE:  .\Obj\main.obj (MAIN)
    ADDRESS: 161DH

*** WARNING L1: UNRESOLVED EXTERNAL SYMBOL
    SYMBOL:  AUTO_MODE
    MODULE:  .\Obj\KeyPad.obj (KEYPAD)

*** WARNING L2: REFERENCE MADE TO UNRESOLVED EXTERNAL
    SYMBOL:  AUTO_MODE
    MODULE:  .\Obj\KeyPad.obj (KEYPAD)
    ADDRESS: 2A5AH

*** WARNING L2: REFERENCE MADE TO UNRESOLVED EXTERNAL
    SYMBOL:  AUTO_MODE
    MODULE:  .\Obj\KeyPad.obj (KEYPAD)
    ADDRESS: 2A65H

*** WARNING L2: REFERENCE MADE TO UNRESOLVED EXTERNAL
    SYMBOL:  AUTO_MODE
    MODULE:  .\Obj\KeyPad.obj (KEYPAD)
    ADDRESS: 2A6CH

Program Size: data=18.2 xdata=1403 code=17666
LINK/LOCATE RUN COMPLETE.  25 WARNING(S),  0 ERROR(S)
