BL51 BANKED LINKER/LOCATER V6.22                                                        09/03/2019  10:57:40  PAGE 1


BL51 BANKED LINKER/LOCATER V6.22, INVOKED BY:
C:\KEIL_V5\C51\BIN\BL51.EXE .\Obj\main.obj, .\Obj\PCF85063BTL.obj, .\Obj\LCd_Driver_SPLC780D.obj, .\Obj\KeyPad.obj, .\Ob
>> j\BipolarMotor.obj, .\Obj\SunPos.obj, .\Obj\ADC.obj, .\Obj\Calibration.obj, .\Obj\IOExpander_PI4IOE5V96248.obj, .\Obj
>> \AT25SF041.obj, .\Obj\SI1120.obj, .\Obj\UART1.obj, .\Obj\STARTUP.obj TO .\Obj\GPIO_RTC_Test RTX51TINY PRINT (.\Lis\GP
>> IO_RTC_Test.m51) RAMSIZE (256)


MEMORY MODEL: LARGE WITH FLOATING POINT ARITHMETIC


INPUT MODULES INCLUDED:
  .\Obj\main.obj (MAIN)
  .\Obj\PCF85063BTL.obj (PCF85063BTL)
  .\Obj\LCd_Driver_SPLC780D.obj (LCD_DRIVER_SPLC780D)
  .\Obj\KeyPad.obj (KEYPAD)
  .\Obj\BipolarMotor.obj (BIPOLARMOTOR)
  .\Obj\SunPos.obj (SUNPOS)
  .\Obj\ADC.obj (ADC)
  .\Obj\Calibration.obj (CALIBRATION)
  .\Obj\IOExpander_PI4IOE5V96248.obj (IOEXPANDER_PI4IOE5V96248)
  .\Obj\AT25SF041.obj (AT25SF041)
  .\Obj\SI1120.obj (SI1120)
  .\Obj\UART1.obj (UART1)
  .\Obj\STARTUP.obj (?C_STARTUP)
  C:\KEIL_V5\C51\LIB\C51FPL.LIB (?C?FPADD)
  C:\KEIL_V5\C51\LIB\C51FPL.LIB (?C?FPMUL)
  C:\KEIL_V5\C51\LIB\C51FPL.LIB (?C?FPDIV)
  C:\KEIL_V5\C51\LIB\C51FPL.LIB (?C?FPCMP)
  C:\KEIL_V5\C51\LIB\C51FPL.LIB (?C?FPNEG)
  C:\KEIL_V5\C51\LIB\C51FPL.LIB (?C?FCAST)
  C:\KEIL_V5\C51\LIB\C51FPL.LIB (?C?CASTF)
  C:\KEIL_V5\C51\LIB\C51FPL.LIB (PRINTF)
  C:\KEIL_V5\C51\LIB\C51FPL.LIB (FABS)
  C:\KEIL_V5\C51\LIB\C51FPL.LIB (ATAN2)
  C:\KEIL_V5\C51\LIB\C51FPL.LIB (SIN)
  C:\KEIL_V5\C51\LIB\C51FPL.LIB (ACOS)
  C:\KEIL_V5\C51\LIB\C51FPL.LIB (ASIN)
  C:\KEIL_V5\C51\LIB\C51FPL.LIB (POW)
  C:\KEIL_V5\C51\LIB\C51FPL.LIB (?C?FPGETOPN)
  C:\KEIL_V5\C51\LIB\C51FPL.LIB (?C?CHKFLOAT)
  C:\KEIL_V5\C51\LIB\C51FPL.LIB (?C?FPROUND)
  C:\KEIL_V5\C51\LIB\C51FPL.LIB (?C?FPCONVERT)
  C:\KEIL_V5\C51\LIB\C51FPL.LIB (?C?FPSERIES)
  C:\KEIL_V5\C51\LIB\C51FPL.LIB (EXP)
  C:\KEIL_V5\C51\LIB\C51FPL.LIB (LOG)
  C:\KEIL_V5\C51\LIB\C51FPL.LIB (SQRT)
  C:\KEIL_V5\C51\LIB\C51FPL.LIB (ATAN)
  C:\KEIL_V5\C51\LIB\C51FPL.LIB (?C?FTNPWR)
  C:\KEIL_V5\C51\LIB\C51L.LIB (?C_INIT)
  C:\KEIL_V5\C51\LIB\C51L.LIB (?C?COPY)
  C:\KEIL_V5\C51\LIB\C51L.LIB (?C?CLDPTR)
  C:\KEIL_V5\C51\LIB\C51L.LIB (?C?CLDOPTR)
  C:\KEIL_V5\C51\LIB\C51L.LIB (?C?CSTPTR)
  C:\KEIL_V5\C51\LIB\C51L.LIB (?C?IMUL)
  C:\KEIL_V5\C51\LIB\C51L.LIB (?C?UIDIV)
  C:\KEIL_V5\C51\LIB\C51L.LIB (?C?SIDIV)
  C:\KEIL_V5\C51\LIB\C51L.LIB (?C?ILDIX)
  C:\KEIL_V5\C51\LIB\C51L.LIB (?C?ILDOPTR)
BL51 BANKED LINKER/LOCATER V6.22                                                      09/03/2019  10:57:40  PAGE 2


  C:\KEIL_V5\C51\LIB\C51L.LIB (?C?ISTPTR)
  C:\KEIL_V5\C51\LIB\C51L.LIB (?C?LMUL)
  C:\KEIL_V5\C51\LIB\C51L.LIB (?C?SLDIV)
  C:\KEIL_V5\C51\LIB\C51L.LIB (?C?LNEG)
  C:\KEIL_V5\C51\LIB\C51L.LIB (?C?ULCMP)
  C:\KEIL_V5\C51\LIB\C51L.LIB (?C?LSHL)
  C:\KEIL_V5\C51\LIB\C51L.LIB (?C?LLDPTR)
  C:\KEIL_V5\C51\LIB\C51L.LIB (?C?LLDOPTR)
  C:\KEIL_V5\C51\LIB\C51L.LIB (?C?LSTPTR)
  C:\KEIL_V5\C51\LIB\C51L.LIB (?C?LSTOPTR)
  C:\KEIL_V5\C51\LIB\C51L.LIB (?C?LLDXDATA)
  C:\KEIL_V5\C51\LIB\C51L.LIB (?C?LLDCODE)
  C:\KEIL_V5\C51\LIB\C51L.LIB (?C?LLDXDATA0)
  C:\KEIL_V5\C51\LIB\C51L.LIB (?C?LLDCODE0)
  C:\KEIL_V5\C51\LIB\C51L.LIB (?C?LLDPTR0)
  C:\KEIL_V5\C51\LIB\C51L.LIB (?C?LSTXDATA)
  C:\KEIL_V5\C51\LIB\C51L.LIB (?C?LSTKXDATA)
  C:\KEIL_V5\C51\LIB\C51L.LIB (?C?LSTKPTR)
  C:\KEIL_V5\C51\LIB\C51L.LIB (?C?OFFXADD)
  C:\KEIL_V5\C51\LIB\C51L.LIB (?C?PLDIXDATA)
  C:\KEIL_V5\C51\LIB\C51L.LIB (?C?PSTXDATA)
  C:\KEIL_V5\C51\LIB\C51L.LIB (?C?CCASE)
  C:\KEIL_V5\C51\LIB\C51L.LIB (PUTCHAR)
  C:\KEIL_V5\C51\LIB\C51L.LIB (ABS)
  C:\KEIL_V5\C51\LIB\C51L.LIB (ATOI)
  C:\KEIL_V5\C51\LIB\C51L.LIB (?C?IILDX)
  C:\KEIL_V5\C51\LIB\C51L.LIB (?C?ULDIV)
  C:\KEIL_V5\C51\LIB\C51L.LIB (?C?LLDIDATA)
  C:\KEIL_V5\C51\LIB\C51L.LIB (?C?LLDPDATA)
  C:\KEIL_V5\C51\LIB\C51L.LIB (?C?LLDIDATA0)
  C:\KEIL_V5\C51\LIB\C51L.LIB (?C?LLDPDATA0)
  C:\KEIL_V5\C51\LIB\C51L.LIB (?C?LSTIDATA)
  C:\KEIL_V5\C51\LIB\C51L.LIB (?C?LSTPDATA)
  C:\KEIL_V5\C51\LIB\C51L.LIB (?C?LSTKIDATA)
  C:\KEIL_V5\C51\LIB\C51L.LIB (?C?LSTKPDATA)
  C:\KEIL_V5\C51\LIB\C51L.LIB (ISDIGIT)
  C:\KEIL_V5\C51\LIB\C51L.LIB (ISSPACE)


LINK MAP OF MODULE:  .\Obj\GPIO_RTC_Test (MAIN)


            TYPE    BASE      LENGTH    RELOCATION   SEGMENT NAME
            -----------------------------------------------------

            * * * * * * *   D A T A   M E M O R Y   * * * * * * *
            REG     0000H     0008H     ABSOLUTE     "REG BANK 0"
            DATA    0008H     0005H     UNIT         _DATA_GROUP_
                    000DH     0013H                  *** GAP ***
            BIT     0020H.0   0001H.2   UNIT         _BIT_GROUP_
            BIT     0021H.2   0000H.1   UNIT         ?BI?MAIN
            BIT     0021H.3   0000H.1   UNIT         ?BI?_ATOI?ATOI
                    0021H.4   0000H.4                *** GAP ***
            IDATA   0022H     0001H     UNIT         ?STACK

            * * * * * * *  X D A T A   M E M O R Y  * * * * * * *
            XDATA   0000H     03BCH     UNIT         ?XD?BIPOLARMOTOR
BL51 BANKED LINKER/LOCATER V6.22                                                      09/03/2019  10:57:40  PAGE 3


            XDATA   03BCH     0171H     UNIT         _XDATA_GROUP_
            XDATA   052DH     0121H     UNIT         ?XD?MAIN
            XDATA   064EH     0019H     UNIT         ?XD?KEYPAD
            XDATA   0667H     0005H     UNIT         ?XD?_ATOI?ATOI
            XDATA   066CH     0001H     UNIT         ?XD?UC_ACK?IOEXPANDER_PI4IOE5V96248
            XDATA   066DH     0001H     UNIT         ?XD?UC_NACK?IOEXPANDER_PI4IOE5V96248

            * * * * * * *   C O D E   M E M O R Y   * * * * * * *
            CODE    0000H     0003H     ABSOLUTE     
            CODE    0003H     0003H     ABSOLUTE     
            CODE    0006H     0005H     UNIT         ?PR?_UNIT?UART1
            CODE    000BH     0003H     ABSOLUTE     
            CODE    000EH     000DH     UNIT         ?PR?UART?MAIN
            CODE    001BH     0003H     ABSOLUTE     
            CODE    001EH     0005H     UNIT         ?PR?_ASCII_LETTER?UART1
            CODE    0023H     0003H     ABSOLUTE     
            CODE    0026H     2509H     UNIT         ?PR?MAIN?MAIN
            CODE    252FH     0BC8H     UNIT         ?C?LIB_CODE
            CODE    30F7H     07F7H     UNIT         ?PR?_FIND_REAL_MAX?CALIBRATION
            CODE    38EEH     07A2H     UNIT         ?PR?SUNPOS?SUNPOS
            CODE    4090H     0645H     UNIT         ?PR?_UPDATE_POSITION?BIPOLARMOTOR
            CODE    46D5H     04FBH     UNIT         ?PR?_THEORICALJP_POSITION?BIPOLARMOTOR
            CODE    4BD0H     0483H     UNIT         ?PR?PRINTF?PRINTF
            CODE    5053H     044AH     UNIT         ?PR?_AZIMUTH_CALCULATION?BIPOLARMOTOR
            CODE    549DH     0424H     UNIT         ?C_INITSEG
            CODE    58C1H     038CH     UNIT         ?PR?KEY_PROCESS?KEYPAD
            CODE    5C4DH     036DH     UNIT         ?PR?_ELEVATION_CALCULATION?BIPOLARMOTOR
            CODE    5FBAH     01C7H     UNIT         ?PR?_CALIBRATION?CALIBRATION
            CODE    6181H     018DH     UNIT         ?PR?KEY_SCAN?KEYPAD
            CODE    630EH     0189H     UNIT         ?PR?SPI_NOR_WRITE_DATA?AT25SF041
            CODE    6497H     0188H     UNIT         ?PR?SIN?SIN
            CODE    661FH     0166H     UNIT         ?PR?_POW?POW
            CODE    6785H     0155H     UNIT         ?PR?_DISPLAY_POS?LCD_DRIVER_SPLC780D
            CODE    68DAH     0129H     UNIT         ?PR?LOG?LOG
            CODE    6A03H     0122H     UNIT         ?PR?ATAN?ATAN
            CODE    6B25H     0110H     UNIT         ?PR?_AT25SF041_READ?AT25SF041
            CODE    6C35H     0102H     UNIT         ?PR?_AT25SF041_WRITE?AT25SF041
            CODE    6D37H     00F5H     UNIT         ?PR?EXINT0?MAIN
            CODE    6E2CH     00DBH     UNIT         ?PR?_ATOI?ATOI
            CODE    6F07H     00C3H     UNIT         ?PR?LINEAR_INTERPOLATE?BIPOLARMOTOR
            CODE    6FCAH     00BBH     UNIT         ?PR?VOLTAGE_IS_STABLE?CALIBRATION
            CODE    7085H     00ADH     UNIT         ?PR?_WRITE_PI4IOE5V96248?IOEXPANDER_PI4IOE5V96248
            CODE    7132H     00ACH     UNIT         ?PR?SQRT?SQRT
            CODE    71DEH     00A1H     UNIT         ?PR?UCREAD_STATUS_REGISTER_BYTE1?AT25SF041
            CODE    727FH     009DH     UNIT         ?PR?_ATAN2?ATAN2
            CODE    731CH     009CH     UNIT         ?PR?_MAX_VALUE?CALIBRATION
            CODE    73B8H     009AH     UNIT         ?PR?EXP?EXP
            CODE    7452H     008CH     UNIT         ?C_C51STARTUP
            CODE    74DEH     0088H     UNIT         ?PR?_DAY_OF_YEAR?PCF85063BTL
            CODE    7566H     0079H     UNIT         ?PR?_WRITEDATA?LCD_DRIVER_SPLC780D
            CODE    75DFH     0072H     UNIT         ?PR?AT25SF041_WRITEENABLE?AT25SF041
            CODE    7651H     006FH     UNIT         ?PR?_READ_TIME?PCF85063BTL
            CODE    76C0H     005AH     UNIT         ?PR?AT25SF041_CHIPERASE?AT25SF041
            CODE    771AH     0059H     UNIT         ?PR?LCD_INIT?LCD_DRIVER_SPLC780D
            CODE    7773H     0056H     UNIT         ?CO?MAIN
            CODE    77C9H     004BH     UNIT         ?CO?UART1
            CODE    7814H     004AH     UNIT         ?PR?VONESTEPMOVE?BIPOLARMOTOR
BL51 BANKED LINKER/LOCATER V6.22                                                      09/03/2019  10:57:40  PAGE 4


            CODE    785EH     004AH     UNIT         ?PR?ACOS?ACOS
            CODE    78A8H     0044H     UNIT         ?C?LDIV
            CODE    78ECH     0040H     UNIT         ?PR?_COMMAND?LCD_DRIVER_SPLC780D
            CODE    792CH     0040H     UNIT         ?PR?_STEP_MOVE?BIPOLARMOTOR
            CODE    796CH     003BH     UNIT         ?PR?ASIN?ASIN
            CODE    79A7H     0033H     UNIT         ?PR?_SENDSTRING?UART1
            CODE    79DAH     0031H     UNIT         ?PR?SI1120_CONFIG_MODE_VIRH?SI1120
            CODE    7A0BH     002BH     UNIT         ?PR?_WAIT_MS_I2C?IOEXPANDER_PI4IOE5V96248
            CODE    7A36H     002BH     UNIT         ?PR?_WAIT_MS_SPINOR?AT25SF041
            CODE    7A61H     002AH     UNIT         ?PR?_ADC_GETRESULT?ADC
            CODE    7A8BH     0028H     UNIT         ?PR?_BCDTODEC1?BIPOLARMOTOR
            CODE    7AB3H     0028H     UNIT         ?PR?_MOVE?BIPOLARMOTOR
            CODE    7ADBH     0028H     UNIT         ?CO?CALIBRATION
            CODE    7B03H     0027H     UNIT         ?PR?_I2C_SENDBYTE?IOEXPANDER_PI4IOE5V96248
            CODE    7B2AH     0027H     UNIT         ?PR?PUTCHAR?PUTCHAR
            CODE    7B51H     0024H     UNIT         ?PR?_WAIT_MS?LCD_DRIVER_SPLC780D
            CODE    7B75H     0024H     UNIT         ?PR?_FINDCLOSESTSAMEDAYCALIBTIME?CALIBRATION
            CODE    7B99H     0024H     UNIT         ?PR?_UART1_SENDTOTCPSERVER?UART1
            CODE    7BBDH     0021H     UNIT         ?PR?TM0_ISR?MAIN
            CODE    7BDEH     0020H     UNIT         ?PR?_SPI_SENDBYTE?PCF85063BTL
            CODE    7BFEH     0020H     UNIT         ?PR?SPI_RECEIVEBYTE?PCF85063BTL
            CODE    7C1EH     001EH     UNIT         ?PR?_DELAY_MS?KEYPAD
            CODE    7C3CH     001DH     UNIT         ?PR?_DISPLAYLCD?LCD_DRIVER_SPLC780D
            CODE    7C59H     001AH     UNIT         ?PR?ADC_INIT?ADC
            CODE    7C73H     0018H     UNIT         ?PR?_SPI_WRITETIME?PCF85063BTL
            CODE    7C8BH     0017H     UNIT         ?PR?_ASCIITOBCD?UART1
            CODE    7CA2H     0016H     UNIT         ?PR?I2C_ACK?IOEXPANDER_PI4IOE5V96248
            CODE    7CB8H     0015H     UNIT         ?PR?_DISPLAY_LINE?LCD_DRIVER_SPLC780D
            CODE    7CCDH     0015H     UNIT         ?PR?VSETLOCATION?BIPOLARMOTOR
            CODE    7CE2H     0015H     UNIT         ?PR?I2C_STOP?IOEXPANDER_PI4IOE5V96248
            CODE    7CF7H     0014H     UNIT         ?PR?_PCF85063BTL_DELAY?PCF85063BTL
            CODE    7D0BH     0014H     UNIT         ?PR?_ISSPACE?ISSPACE
            CODE    7D1FH     0011H     UNIT         ?PR?_SPI_READTIME?PCF85063BTL
            CODE    7D30H     0011H     UNIT         ?PR?_BCDTODEC?PCF85063BTL
            CODE    7D41H     0011H     UNIT         ?PR?INITUART1?UART1
            CODE    7D52H     000FH     UNIT         ?PR?I2C_START?IOEXPANDER_PI4IOE5V96248
            CODE    7D61H     000FH     UNIT         ?PR?UC_NACK?IOEXPANDER_PI4IOE5V96248
            CODE    7D70H     000FH     UNIT         ?PR?_ISDIGIT?ISDIGIT
            CODE    7D7FH     000DH     UNIT         ?PR?SPI_INIT?PCF85063BTL
            CODE    7D8CH     000DH     UNIT         ?PR?ENABLE_EXTINT0?SI1120
            CODE    7D99H     000DH     UNIT         ?PR?_FABS?FABS
            CODE    7DA6H     000CH     UNIT         ?PR?KEYPAD_IO_INIT?KEYPAD
            CODE    7DB2H     000CH     UNIT         ?PR?_ABS?ABS
            CODE    7DBEH     000AH     UNIT         ?PR?LCD_RETURN_HOME?LCD_DRIVER_SPLC780D
            CODE    7DC8H     000AH     UNIT         ?PR?LCD_CLEAR?LCD_DRIVER_SPLC780D
            CODE    7DD2H     0009H     UNIT         ?PR?TM1_ISR?MAIN
            CODE    7DDBH     0009H     UNIT         ?PR?_SENDUART1?MAIN
            CODE    7DE4H     0009H     UNIT         ?PR?UART1_INITTCPCONN?UART1
            CODE    7DEDH     0006H     UNIT         ?PR?UC_ACK?IOEXPANDER_PI4IOE5V96248
            CODE    7DF3H     0006H     UNIT         ?PR?_TEN?UART1
            CODE    7DF9H     0001H     UNIT         ?PR?NOP?IOEXPANDER_PI4IOE5V96248
            CODE    7DFAH     0001H     UNIT         ?PR?_DECTOBCD?UART1



OVERLAY MAP OF MODULE:   .\Obj\GPIO_RTC_Test (MAIN)

BL51 BANKED LINKER/LOCATER V6.22                                                      09/03/2019  10:57:40  PAGE 5



SEGMENT                                             BIT_GROUP          DATA_GROUP          XDATA_GROUP
  +--> CALLED SEGMENT                            START    LENGTH     START    LENGTH     START    LENGTH
--------------------------------------------------------------------------------------------------------
?PR?EXINT0?MAIN                                  -----    -----      -----    -----      -----    -----
  +--> ?PR?_POW?POW

?PR?_POW?POW                                     -----    -----      -----    -----      03BCH    000AH
  +--> ?PR?LOG?LOG
  +--> ?PR?EXP?EXP

?PR?LOG?LOG                                      0020H.0  0000H.1    -----    -----      03C6H    0004H

*** NEW ROOT ***************************************************

?C_C51STARTUP                                    -----    -----      -----    -----      -----    -----
  +--> ?PR?MAIN?MAIN
  +--> ?C_INITSEG

?PR?MAIN?MAIN                                    -----    -----      -----    -----      03CAH    003EH
  +--> ?PR?LCD_INIT?LCD_DRIVER_SPLC780D
  +--> ?PR?SPI_INIT?PCF85063BTL
  +--> ?PR?KEYPAD_IO_INIT?KEYPAD
  +--> ?PR?ADC_INIT?ADC
  +--> ?PR?SI1120_CONFIG_MODE_VIRH?SI1120
  +--> ?PR?ENABLE_EXTINT0?SI1120
  +--> ?PR?VSETLOCATION?BIPOLARMOTOR
  +--> ?PR?_SPI_WRITETIME?PCF85063BTL
  +--> ?PR?_DELAY_MS?KEYPAD
  +--> ?PR?_DISPLAY_LINE?LCD_DRIVER_SPLC780D
  +--> ?PR?_WRITEDATA?LCD_DRIVER_SPLC780D
  +--> ?PR?INITUART1?UART1
  +--> ?PR?UART1_INITTCPCONN?UART1
  +--> ?CO?MAIN
  +--> ?PR?_UART1_SENDTOTCPSERVER?UART1
  +--> ?PR?KEY_PROCESS?KEYPAD
  +--> ?PR?_COMMAND?LCD_DRIVER_SPLC780D
  +--> ?PR?_DISPLAY_POS?LCD_DRIVER_SPLC780D
  +--> ?PR?_DISPLAYLCD?LCD_DRIVER_SPLC780D
  +--> ?PR?_STEP_MOVE?BIPOLARMOTOR
  +--> ?PR?LCD_RETURN_HOME?LCD_DRIVER_SPLC780D
  +--> ?PR?_READ_TIME?PCF85063BTL
  +--> ?PR?_BCDTODEC1?BIPOLARMOTOR
  +--> ?PR?_SENDSTRING?UART1
  +--> ?PR?_ELEVATION_CALCULATION?BIPOLARMOTOR
  +--> ?PR?_AZIMUTH_CALCULATION?BIPOLARMOTOR
  +--> ?PR?_AT25SF041_READ?AT25SF041
  +--> ?PR?_DAY_OF_YEAR?PCF85063BTL
  +--> ?PR?_THEORICALJP_POSITION?BIPOLARMOTOR
  +--> ?PR?PRINTF?PRINTF
  +--> ?PR?SIN?SIN
  +--> ?PR?_CALIBRATION?CALIBRATION
  +--> ?PR?_WAIT_MS_SPINOR?AT25SF041
  +--> ?PR?AT25SF041_WRITEENABLE?AT25SF041
  +--> ?PR?_AT25SF041_WRITE?AT25SF041
  +--> ?PR?_ABS?ABS
  +--> ?PR?_FABS?FABS
BL51 BANKED LINKER/LOCATER V6.22                                                      09/03/2019  10:57:40  PAGE 6


  +--> ?PR?_ADC_GETRESULT?ADC
  +--> ?PR?SPI_NOR_WRITE_DATA?AT25SF041
  +--> ?PR?_WAIT_MS?LCD_DRIVER_SPLC780D
  +--> ?PR?_UPDATE_POSITION?BIPOLARMOTOR
  +--> ?PR?LINEAR_INTERPOLATE?BIPOLARMOTOR
  +--> ?PR?AT25SF041_CHIPERASE?AT25SF041
  +--> ?PR?LCD_CLEAR?LCD_DRIVER_SPLC780D

?PR?LCD_INIT?LCD_DRIVER_SPLC780D                 -----    -----      -----    -----      -----    -----
  +--> ?PR?_WAIT_MS?LCD_DRIVER_SPLC780D
  +--> ?PR?_COMMAND?LCD_DRIVER_SPLC780D

?PR?_COMMAND?LCD_DRIVER_SPLC780D                 -----    -----      -----    -----      -----    -----
  +--> ?PR?_WAIT_MS?LCD_DRIVER_SPLC780D

?PR?SI1120_CONFIG_MODE_VIRH?SI1120               -----    -----      -----    -----      -----    -----
  +--> ?PR?_WAIT_MS?LCD_DRIVER_SPLC780D

?PR?_SPI_WRITETIME?PCF85063BTL                   -----    -----      -----    -----      -----    -----
  +--> ?PR?_SPI_SENDBYTE?PCF85063BTL

?PR?_SPI_SENDBYTE?PCF85063BTL                    -----    -----      -----    -----      -----    -----
  +--> ?PR?_PCF85063BTL_DELAY?PCF85063BTL

?PR?_DISPLAY_LINE?LCD_DRIVER_SPLC780D            -----    -----      -----    -----      -----    -----
  +--> ?PR?_COMMAND?LCD_DRIVER_SPLC780D

?PR?_WRITEDATA?LCD_DRIVER_SPLC780D               -----    -----      -----    -----      0508H    0001H
  +--> ?PR?_WAIT_MS?LCD_DRIVER_SPLC780D

?PR?UART1_INITTCPCONN?UART1                      -----    -----      -----    -----      -----    -----
  +--> ?CO?UART1
  +--> ?PR?_SENDSTRING?UART1

?PR?_SENDSTRING?UART1                            -----    -----      -----    -----      04FDH    0003H
  +--> ?PR?_SENDUART1?MAIN

?PR?_UART1_SENDTOTCPSERVER?UART1                 -----    -----      -----    -----      0408H    0003H
  +--> ?CO?UART1
  +--> ?PR?_SENDSTRING?UART1
  +--> ?PR?_DELAY_MS?KEYPAD

?PR?KEY_PROCESS?KEYPAD                           -----    -----      -----    -----      0408H    0006H
  +--> ?PR?KEY_SCAN?KEYPAD
  +--> ?PR?_SPI_WRITETIME?PCF85063BTL
  +--> ?PR?LCD_CLEAR?LCD_DRIVER_SPLC780D
  +--> ?PR?_COMMAND?LCD_DRIVER_SPLC780D
  +--> ?PR?_WRITEDATA?LCD_DRIVER_SPLC780D

?PR?KEY_SCAN?KEYPAD                              -----    -----      -----    -----      040EH    0003H

?PR?LCD_CLEAR?LCD_DRIVER_SPLC780D                -----    -----      -----    -----      -----    -----
  +--> ?PR?_COMMAND?LCD_DRIVER_SPLC780D

?PR?_DISPLAY_POS?LCD_DRIVER_SPLC780D             -----    -----      -----    -----      04FDH    000BH
  +--> ?PR?_ABS?ABS
  +--> ?PR?_WRITEDATA?LCD_DRIVER_SPLC780D
BL51 BANKED LINKER/LOCATER V6.22                                                      09/03/2019  10:57:40  PAGE 7



?PR?_DISPLAYLCD?LCD_DRIVER_SPLC780D              -----    -----      -----    -----      0408H    0001H
  +--> ?PR?_WRITEDATA?LCD_DRIVER_SPLC780D

?PR?_STEP_MOVE?BIPOLARMOTOR                      0020H.2  0000H.1    -----    -----      0501H    0004H
  +--> ?PR?VONESTEPMOVE?BIPOLARMOTOR

?PR?VONESTEPMOVE?BIPOLARMOTOR                    0020H.3  0000H.1    -----    -----      -----    -----
  +--> ?PR?_WRITE_PI4IOE5V96248?IOEXPANDER_P...
  +--> ?PR?_DELAY_MS?KEYPAD

?PR?_WRITE_PI4IOE5V96248?IOEXPANDER_P...         -----    -----      -----    -----      0505H    0003H
  +--> ?PR?I2C_START?IOEXPANDER_PI4IOE5V96248
  +--> ?PR?_WAIT_MS_I2C?IOEXPANDER_PI4IOE5V9...
  +--> ?PR?_I2C_SENDBYTE?IOEXPANDER_PI4IOE5V...
  +--> ?PR?I2C_ACK?IOEXPANDER_PI4IOE5V96248
  +--> ?PR?I2C_STOP?IOEXPANDER_PI4IOE5V96248

?PR?I2C_START?IOEXPANDER_PI4IOE5V96248           -----    -----      -----    -----      -----    -----
  +--> ?PR?_WAIT_MS_I2C?IOEXPANDER_PI4IOE5V9...

?PR?_I2C_SENDBYTE?IOEXPANDER_PI4IOE5V...         -----    -----      -----    -----      -----    -----
  +--> ?PR?_WAIT_MS_I2C?IOEXPANDER_PI4IOE5V9...

?PR?I2C_ACK?IOEXPANDER_PI4IOE5V96248             -----    -----      -----    -----      0508H    0001H
  +--> ?PR?_WAIT_MS_I2C?IOEXPANDER_PI4IOE5V9...

?PR?I2C_STOP?IOEXPANDER_PI4IOE5V96248            -----    -----      -----    -----      -----    -----
  +--> ?PR?_WAIT_MS_I2C?IOEXPANDER_PI4IOE5V9...

?PR?LCD_RETURN_HOME?LCD_DRIVER_SPLC780D          -----    -----      -----    -----      -----    -----
  +--> ?PR?_COMMAND?LCD_DRIVER_SPLC780D

?PR?_READ_TIME?PCF85063BTL                       -----    -----      -----    -----      04FDH    000FH
  +--> ?PR?_SPI_READTIME?PCF85063BTL

?PR?_SPI_READTIME?PCF85063BTL                    -----    -----      -----    -----      -----    -----
  +--> ?PR?_SPI_SENDBYTE?PCF85063BTL
  +--> ?PR?SPI_RECEIVEBYTE?PCF85063BTL

?PR?SPI_RECEIVEBYTE?PCF85063BTL                  -----    -----      -----    -----      -----    -----
  +--> ?PR?_PCF85063BTL_DELAY?PCF85063BTL

?PR?_ELEVATION_CALCULATION?BIPOLARMOTOR          -----    -----      -----    -----      0408H    0005H
  +--> ?PR?_BCDTODEC1?BIPOLARMOTOR
  +--> ?PR?SUNPOS?SUNPOS
  +--> ?PR?SIN?SIN
  +--> ?PR?ASIN?ASIN

?PR?SUNPOS?SUNPOS                                -----    -----      -----    -----      0452H    005DH
  +--> ?PR?SIN?SIN
  +--> ?PR?_ATAN2?ATAN2
  +--> ?PR?ASIN?ASIN
  +--> ?PR?ACOS?ACOS

?PR?SIN?SIN                                      0020H.1  0000H.1    -----    -----      04AFH    0004H

BL51 BANKED LINKER/LOCATER V6.22                                                      09/03/2019  10:57:40  PAGE 8


?PR?_ATAN2?ATAN2                                 -----    -----      -----    -----      04AFH    0008H
  +--> ?PR?ATAN?ATAN

?PR?ATAN?ATAN                                    0020H.1  0000H.2    -----    -----      04B7H    0004H

?PR?ASIN?ASIN                                    -----    -----      -----    -----      -----    -----
  +--> ?PR?SQRT?SQRT
  +--> ?PR?ATAN?ATAN

?PR?SQRT?SQRT                                    -----    -----      -----    -----      04AFH    0004H

?PR?ACOS?ACOS                                    -----    -----      -----    -----      -----    -----
  +--> ?PR?SQRT?SQRT
  +--> ?PR?ATAN?ATAN

?PR?_AZIMUTH_CALCULATION?BIPOLARMOTOR            -----    -----      -----    -----      0408H    0009H
  +--> ?PR?_BCDTODEC1?BIPOLARMOTOR
  +--> ?PR?SUNPOS?SUNPOS
  +--> ?PR?SIN?SIN
  +--> ?PR?ASIN?ASIN

?PR?_AT25SF041_READ?AT25SF041                    -----    -----      -----    -----      0408H    0008H
  +--> ?PR?_WAIT_MS_SPINOR?AT25SF041
  +--> ?PR?UCREAD_STATUS_REGISTER_BYTE1?AT25...

?PR?UCREAD_STATUS_REGISTER_BYTE1?AT25...         -----    -----      -----    -----      041EH    0003H
  +--> ?PR?_WAIT_MS_SPINOR?AT25SF041

?PR?_DAY_OF_YEAR?PCF85063BTL                     -----    -----      -----    -----      -----    -----
  +--> ?PR?_BCDTODEC?PCF85063BTL

?PR?_THEORICALJP_POSITION?BIPOLARMOTOR           -----    -----      -----    -----      0452H    005CH
  +--> ?PR?LINEAR_INTERPOLATE?BIPOLARMOTOR

?PR?LINEAR_INTERPOLATE?BIPOLARMOTOR              -----    -----      -----    -----      04AEH    0014H

?PR?PRINTF?PRINTF                                0020H.1  0001H.1    0008H    0005H      04FDH    0030H
  +--> ?PR?PUTCHAR?PUTCHAR

?PR?_CALIBRATION?CALIBRATION                     -----    -----      -----    -----      0408H    0024H
  +--> ?PR?VOLTAGE_IS_STABLE?CALIBRATION
  +--> ?PR?_UPDATE_POSITION?BIPOLARMOTOR
  +--> ?PR?_FIND_REAL_MAX?CALIBRATION

?PR?VOLTAGE_IS_STABLE?CALIBRATION                -----    -----      -----    -----      042CH    0018H
  +--> ?PR?_ADC_GETRESULT?ADC
  +--> ?PR?_ABS?ABS

?PR?_UPDATE_POSITION?BIPOLARMOTOR                -----    -----      -----    -----      042CH    0026H
  +--> ?PR?_BCDTODEC1?BIPOLARMOTOR
  +--> ?PR?SUNPOS?SUNPOS
  +--> ?PR?SIN?SIN
  +--> ?PR?ASIN?ASIN
  +--> ?PR?_THEORICALJP_POSITION?BIPOLARMOTOR
  +--> ?PR?_FABS?FABS
  +--> ?PR?_MOVE?BIPOLARMOTOR

BL51 BANKED LINKER/LOCATER V6.22                                                      09/03/2019  10:57:40  PAGE 9


?PR?_MOVE?BIPOLARMOTOR                           0020H.1  0000H.1    -----    -----      04FDH    0004H
  +--> ?PR?_STEP_MOVE?BIPOLARMOTOR

?PR?_FIND_REAL_MAX?CALIBRATION                   -----    -----      -----    -----      042CH    00D1H
  +--> ?PR?_ADC_GETRESULT?ADC
  +--> ?PR?_WAIT_MS?LCD_DRIVER_SPLC780D
  +--> ?CO?CALIBRATION
  +--> ?PR?PRINTF?PRINTF
  +--> ?PR?_SENDSTRING?UART1
  +--> ?PR?_COMMAND?LCD_DRIVER_SPLC780D
  +--> ?PR?_WRITEDATA?LCD_DRIVER_SPLC780D
  +--> ?PR?_DISPLAY_POS?LCD_DRIVER_SPLC780D
  +--> ?PR?_MOVE?BIPOLARMOTOR
  +--> ?PR?_READ_TIME?PCF85063BTL
  +--> ?PR?_BCDTODEC1?BIPOLARMOTOR
  +--> ?PR?_MAX_VALUE?CALIBRATION

?PR?_MAX_VALUE?CALIBRATION                       -----    -----      -----    -----      04FDH    0004H

?PR?AT25SF041_WRITEENABLE?AT25SF041              -----    -----      -----    -----      0416H    0002H
  +--> ?PR?_WAIT_MS_SPINOR?AT25SF041
  +--> ?PR?UCREAD_STATUS_REGISTER_BYTE1?AT25...

?PR?_AT25SF041_WRITE?AT25SF041                   -----    -----      -----    -----      0416H    0008H
  +--> ?PR?_WAIT_MS_SPINOR?AT25SF041
  +--> ?PR?UCREAD_STATUS_REGISTER_BYTE1?AT25...

?PR?SPI_NOR_WRITE_DATA?AT25SF041                 -----    -----      -----    -----      0408H    000EH
  +--> ?PR?AT25SF041_WRITEENABLE?AT25SF041
  +--> ?PR?_AT25SF041_WRITE?AT25SF041
  +--> ?PR?_WAIT_MS_SPINOR?AT25SF041

?PR?AT25SF041_CHIPERASE?AT25SF041                -----    -----      -----    -----      0408H    0002H
  +--> ?PR?_WAIT_MS_SPINOR?AT25SF041
  +--> ?PR?UCREAD_STATUS_REGISTER_BYTE1?AT25...



SYMBOL TABLE OF MODULE:  .\Obj\GPIO_RTC_Test (MAIN)

  VALUE           TYPE          NAME
  ----------------------------------

  -------         MODULE        MAIN
  C:0000H         SYMBOL        _ICE_DUMMY_
  X:0535H         PUBLIC        calib_value
  D:0080H         PUBLIC        P0
  D:0090H         PUBLIC        P1
  D:00A0H         PUBLIC        P2
  D:00B0H         PUBLIC        P3
  D:00C0H         PUBLIC        P4
  D:00C8H         PUBLIC        P5
  X:0589H         SYMBOL        PressedKey
  B:00A8H.7       PUBLIC        EA
  D:00E8H         PUBLIC        P6
  X:058DH         PUBLIC        calib_stamp
  D:00F8H         PUBLIC        P7
BL51 BANKED LINKER/LOCATER V6.22                                                      09/03/2019  10:57:40  PAGE 10


  X:058EH         PUBLIC        sTempString
  X:0597H         PUBLIC        calib_bool
  X:05C1H         PUBLIC        pwm_time_min
  D:00A8H         PUBLIC        IE
  X:05C5H         PUBLIC        calib_time
  X:0619H         PUBLIC        pwm_time_max
  B:0090H.7       PUBLIC        Connect_Electronics_Load
  D:00B8H         PUBLIC        IP
  B:0098H.0       PUBLIC        RI
  B:00B0H.2       PUBLIC        INT0
  X:061DH         PUBLIC        months
  B:0098H.1       PUBLIC        TI
  C:000EH         PUBLIC        Uart
  D:00D8H         PUBLIC        CCON
  C:0026H         PUBLIC        main
  X:061EH         PUBLIC        found_1st_point
  X:0620H         PUBLIC        i_point1
  X:0622H         PUBLIC        i_point2
  X:0624H         PUBLIC        day_offset
  X:0626H         PUBLIC        count
  B:0090H.2       PUBLIC        Connect_IV_Load
  D:0099H         PUBLIC        SBUF
  X:0628H         PUBLIC        days
  X:0629H         PUBLIC        hours
  D:0098H         PUBLIC        SCON
  D:0089H         PUBLIC        TMOD
  D:0088H         PUBLIC        TCON
  B:00A0H.3       PUBLIC        P23
  X:062AH         SYMBOL        KeyCount
  X:062CH         PUBLIC        mins
  B:00C8H.5       PUBLIC        P55
  X:062DH         PUBLIC        diff_of_offset
  D:008EH         PUBLIC        AUXR
  C:7BBDH         PUBLIC        tm0_isr
  B:0090H.5       PUBLIC        SI1120_STX
  C:7DD2H         PUBLIC        tm1_isr
  B:0021H.2       PUBLIC        busy
  D:00E0H         PUBLIC        ACC
  B:00A8H.1       PUBLIC        ET0
  B:00A8H.3       PUBLIC        ET1
  X:0631H         PUBLIC        SPI_NOR_INTERNAL_FLASH_ADDR
  D:008CH         PUBLIC        TH0
  D:008DH         PUBLIC        TH1
  D:008AH         PUBLIC        TL0
  D:008BH         PUBLIC        TL1
  X:0635H         PUBLIC        ii
  X:0637H         PUBLIC        jj
  B:0088H.4       PUBLIC        TR0
  B:0088H.6       PUBLIC        TR1
  X:0639H         PUBLIC        old_mins
  C:6D37H         PUBLIC        exint0
  X:063AH         SYMBOL        KeyNum
  X:063BH         SYMBOL        KeyNum_Old
  X:063CH         PUBLIC        timer0_count
  X:063EH         PUBLIC        current_position
  X:0642H         PUBLIC        pwm_time
  X:0646H         PUBLIC        i
BL51 BANKED LINKER/LOCATER V6.22                                                      09/03/2019  10:57:40  PAGE 11


  X:0648H         PUBLIC        j
  X:064AH         PUBLIC        Enable_UpdateSPINOR
  X:064CH         PUBLIC        start_timer0_count
  X:064DH         PUBLIC        seconds
  D:00D0H         PUBLIC        PSW
  C:7DDBH         PUBLIC        _SendUART1
  -------         PROC          TM0_ISR
  C:7BBDH         LINE#         110
  C:7BC3H         LINE#         114
  C:7BC6H         LINE#         115
  C:7BC9H         LINE#         116
  C:7BD7H         LINE#         117
  -------         ENDPROC       TM0_ISR
  -------         PROC          TM1_ISR
  C:7DD2H         LINE#         118
  C:7DD2H         LINE#         120
  C:7DD4H         LINE#         122
  C:7DD7H         LINE#         123
  C:7DDAH         LINE#         124
  -------         ENDPROC       TM1_ISR
  -------         PROC          EXINT0
  C:6D37H         LINE#         125
  C:6D54H         LINE#         129
  C:6D57H         LINE#         130
  C:6D57H         LINE#         131
  C:6D5AH         LINE#         132
  C:6D5DH         LINE#         133
  C:6D5FH         LINE#         134
  C:6D61H         LINE#         138
  C:6D64H         LINE#         141
  C:6D64H         LINE#         142
  C:6D66H         LINE#         144
  C:6D72H         LINE#         145
  C:6DCCH         LINE#         146
  C:6E0AH         LINE#         147
  C:6E11H         LINE#         152
  C:6E11H         LINE#         154
  -------         ENDPROC       EXINT0
  -------         PROC          MAIN
  -------         DO            
  X:052DH         SYMBOL        KeyCount
  X:052FH         SYMBOL        KeyNum_Old
  X:0530H         SYMBOL        KeyNum
  X:0531H         SYMBOL        PressedKey
  X:03CAH         SYMBOL        prox_flag
  X:03CBH         SYMBOL        iUse_prevday_calib_value
  X:03CDH         SYMBOL        max_ADC_Val_JP
  X:03CFH         SYMBOL        max_ADC_Val
  X:03D1H         SYMBOL        calib_point1
  X:03D9H         SYMBOL        calib_point2
  X:03E1H         SYMBOL        dat_to_store
  X:03ECH         SYMBOL        calib_day
  X:03EEH         SYMBOL        calib_count
  X:03F0H         SYMBOL        theorical_JP_max_pos
  X:03F4H         SYMBOL        elevation
  X:03F8H         SYMBOL        azimuth
  X:03FCH         SYMBOL        prev_elevation
BL51 BANKED LINKER/LOCATER V6.22                                                      09/03/2019  10:57:40  PAGE 12


  X:0400H         SYMBOL        prev_azimuth
  X:0404H         SYMBOL        JP_Pos_Offset
  -------         ENDDO         
  C:0026H         LINE#         156
  C:0026H         LINE#         157
  C:0026H         LINE#         162
  C:002CH         LINE#         163
  C:0031H         LINE#         165
  C:0039H         LINE#         169
  C:003FH         LINE#         170
  C:007BH         LINE#         181
  C:0083H         LINE#         182
  C:008AH         LINE#         183
  C:0090H         LINE#         185
  C:0096H         LINE#         197
  C:0099H         LINE#         198
  C:009CH         LINE#         199
  C:009FH         LINE#         201
  C:00A2H         LINE#         204
  C:00A5H         LINE#         205
  C:00A8H         LINE#         207
  C:00ABH         LINE#         209
  C:00AEH         LINE#         210
  C:00B1H         LINE#         211
  C:00B4H         LINE#         212
  C:00B6H         LINE#         213
  C:00B8H         LINE#         214
  C:00BBH         LINE#         215
  C:00BDH         LINE#         216
  C:00BFH         LINE#         218
  C:00C1H         LINE#         219
  C:00C8H         LINE#         220
  C:00CFH         LINE#         221
  C:00D6H         LINE#         222
  C:00DDH         LINE#         226
  C:00E4H         LINE#         227
  C:00E9H         LINE#         228
  C:00EEH         LINE#         229
  C:00F3H         LINE#         230
  C:00F8H         LINE#         231
  C:00FDH         LINE#         234
  C:0104H         LINE#         235
  C:0104H         LINE#         236
  C:0127H         LINE#         237
  C:0171H         LINE#         238
  C:0186H         LINE#         239
  C:01A3H         LINE#         240
  C:01A6H         LINE#         243
  C:01ADH         LINE#         246
  C:01B0H         LINE#         248
  C:01B7H         LINE#         249
  C:01C0H         LINE#         252
  C:01C0H         LINE#         253
  C:01C0H         LINE#         254
  C:01C3H         LINE#         264
  C:01C3H         LINE#         268
  C:01C8H         LINE#         269
BL51 BANKED LINKER/LOCATER V6.22                                                      09/03/2019  10:57:40  PAGE 13


  C:01CDH         LINE#         271
  C:01D2H         LINE#         273
  C:01D7H         LINE#         274
  C:01DCH         LINE#         277
  C:01EDH         LINE#         279
  C:01F2H         LINE#         280
  C:01F7H         LINE#         282
  C:01FEH         LINE#         283
  C:0206H         LINE#         284
  C:020BH         LINE#         285
  C:0213H         LINE#         286
  C:0218H         LINE#         287
  C:0222H         LINE#         288
  C:0227H         LINE#         289
  C:022FH         LINE#         291
  C:0237H         LINE#         292
  C:023CH         LINE#         293
  C:0246H         LINE#         294
  C:0246H         LINE#         295
  C:0248H         LINE#         296
  C:024AH         LINE#         297
  C:0254H         LINE#         298
  C:0254H         LINE#         299
  C:0259H         LINE#         300
  C:0259H         LINE#         312
  C:026DH         LINE#         313
  C:026DH         LINE#         314
  C:0282H         LINE#         315
  C:0291H         LINE#         316
  C:0291H         LINE#         317
  C:02A4H         LINE#         318
  C:02A6H         LINE#         320
  C:02A6H         LINE#         321
  C:02C2H         LINE#         322
  C:02C2H         LINE#         323
  C:02C7H         LINE#         324
  C:02C7H         LINE#         325
  C:02DBH         LINE#         326
  C:02DBH         LINE#         329
  C:02F0H         LINE#         330
  C:02FFH         LINE#         331
  C:02FFH         LINE#         332
  C:0312H         LINE#         333
  C:0314H         LINE#         335
  C:0314H         LINE#         336
  C:0330H         LINE#         337
  C:0330H         LINE#         338
  C:0335H         LINE#         339
  C:033BH         LINE#         340
  C:033BH         LINE#         342
  C:035DH         LINE#         343
  C:035DH         LINE#         344
  C:0367H         LINE#         345
  C:036DH         LINE#         346
  C:0374H         LINE#         347
  C:037AH         LINE#         348
  C:0381H         LINE#         349
BL51 BANKED LINKER/LOCATER V6.22                                                      09/03/2019  10:57:40  PAGE 14


  C:0381H         LINE#         350
  C:0384H         LINE#         352
  C:0384H         LINE#         357
  C:038CH         LINE#         358
  C:03C7H         LINE#         359
  C:03E5H         LINE#         360
  C:03E5H         LINE#         362
  C:03EEH         LINE#         363
  C:03F5H         LINE#         364
  C:03FEH         LINE#         365
  C:0405H         LINE#         367
  C:0405H         LINE#         371
  C:0412H         LINE#         372
  C:0412H         LINE#         379
  C:0412H         LINE#         380
  C:043AH         LINE#         381
  C:043AH         LINE#         382
  C:045CH         LINE#         383
  C:045CH         LINE#         385
  C:0482H         LINE#         386
  C:04A8H         LINE#         389
  C:04F0H         LINE#         391
  C:0519H         LINE#         394
  C:0546H         LINE#         397
  C:05BFH         LINE#         403
  C:0615H         LINE#         404
  C:061EH         LINE#         405
  C:0625H         LINE#         406
  C:062EH         LINE#         407
  C:0637H         LINE#         408
  C:063EH         LINE#         412
  C:067BH         LINE#         420
  C:067BH         LINE#         422
  C:06F7H         LINE#         423
  C:0710H         LINE#         424
  C:0712H         LINE#         425
  C:0714H         LINE#         427
  C:079EH         LINE#         433
  C:07CCH         LINE#         434
  C:07CCH         LINE#         437
  C:07EFH         LINE#         438
  C:0804H         LINE#         439
  C:080EH         LINE#         441
  C:0811H         LINE#         444
  C:0811H         LINE#         445
  C:0837H         LINE#         446
  C:0837H         LINE#         447
  C:085FH         LINE#         448
  C:090EH         LINE#         449
  C:0934H         LINE#         450
  C:09E6H         LINE#         454
  C:09E6H         LINE#         455
  C:09EEH         LINE#         456
  C:09F5H         LINE#         457
  C:09F8H         LINE#         460
  C:0A2DH         LINE#         461
  C:0A34H         LINE#         462
BL51 BANKED LINKER/LOCATER V6.22                                                      09/03/2019  10:57:40  PAGE 15


  C:0A37H         LINE#         464
  C:0A71H         LINE#         465
  C:0A9DH         LINE#         467
  C:0ACCH         LINE#         469
  C:0AD3H         LINE#         470
  C:0ADAH         LINE#         471
  C:0ADDH         LINE#         474
  C:0B45H         LINE#         476
  C:0B4CH         LINE#         478
  C:0B53H         LINE#         479
  C:0B56H         LINE#         482
  C:0C15H         LINE#         484
  C:0C1CH         LINE#         485
  C:0C1CH         LINE#         487
  C:0C1FH         LINE#         489
  C:0C1FH         LINE#         491
  C:0C26H         LINE#         492
  C:0C26H         LINE#         493
  C:0C29H         LINE#         494
  C:0C47H         LINE#         495
  C:0C4EH         LINE#         496
  C:0C6DH         LINE#         497
  C:0C8CH         LINE#         499
  C:0D08H         LINE#         500
  C:0D24H         LINE#         502
  C:0D26H         LINE#         503
  C:0D28H         LINE#         505
  C:0D5FH         LINE#         506
  C:0D6CH         LINE#         507
  C:0D7BH         LINE#         511
  C:0D7BH         LINE#         513
  C:0D83H         LINE#         514
  C:0D8BH         LINE#         515
  C:0D93H         LINE#         516
  C:0D9BH         LINE#         518
  C:0DAFH         LINE#         519
  C:0DC5H         LINE#         520
  C:0DF5H         LINE#         521
  C:0E15H         LINE#         523
  C:0E29H         LINE#         524
  C:0E3FH         LINE#         525
  C:0E6FH         LINE#         526
  C:0E76H         LINE#         528
  C:0E9AH         LINE#         531
  C:0EC5H         LINE#         533
  C:0ECEH         LINE#         534
  C:0ED5H         LINE#         535
  C:0EDEH         LINE#         536
  C:0EE7H         LINE#         537
  C:0EEEH         LINE#         539
  C:0F2BH         LINE#         541
  C:0F34H         LINE#         542
  C:0F3BH         LINE#         543
  C:0F44H         LINE#         544
  C:0F4DH         LINE#         545
  C:0F54H         LINE#         547
  C:0F7FH         LINE#         549
BL51 BANKED LINKER/LOCATER V6.22                                                      09/03/2019  10:57:40  PAGE 16


  C:0F88H         LINE#         550
  C:0F8FH         LINE#         551
  C:0F98H         LINE#         552
  C:0FA1H         LINE#         553
  C:0FA8H         LINE#         555
  C:0FD3H         LINE#         557
  C:0FDCH         LINE#         558
  C:0FE3H         LINE#         559
  C:0FECH         LINE#         560
  C:0FF3H         LINE#         561
  C:0FFCH         LINE#         562
  C:1003H         LINE#         564
  C:1005H         LINE#         568
  C:1037H         LINE#         569
  C:1037H         LINE#         570
  C:103FH         LINE#         574
  C:103FH         LINE#         575
  C:103FH         LINE#         577
  C:1064H         LINE#         578
  C:1064H         LINE#         579
  C:1086H         LINE#         580
  C:1086H         LINE#         581
  C:1102H         LINE#         582
  C:1104H         LINE#         583
  C:1106H         LINE#         585
  C:115EH         LINE#         588
  C:116DH         LINE#         589
  C:116DH         LINE#         590
  C:116DH         LINE#         591
  C:116DH         LINE#         592
  C:116DH         LINE#         593
  C:116DH         LINE#         594
  C:116DH         LINE#         595
  C:116DH         LINE#         598
  C:116DH         LINE#         600
  C:116DH         LINE#         601
  C:116DH         LINE#         602
  C:116DH         LINE#         603
  C:116DH         LINE#         607
  C:116DH         LINE#         609
  C:116DH         LINE#         611
  C:116DH         LINE#         612
  C:116DH         LINE#         613
  C:116DH         LINE#         614
  C:116DH         LINE#         615
  C:116DH         LINE#         616
  C:116DH         LINE#         619
  C:116DH         LINE#         621
  C:116DH         LINE#         622
  C:116DH         LINE#         623
  C:116DH         LINE#         624
  C:116DH         LINE#         625
  C:116DH         LINE#         626
  C:116DH         LINE#         627
  C:116DH         LINE#         629
  C:1170H         LINE#         632
  C:1197H         LINE#         633
BL51 BANKED LINKER/LOCATER V6.22                                                      09/03/2019  10:57:40  PAGE 17


  C:1197H         LINE#         636
  C:11B9H         LINE#         637
  C:11B9H         LINE#         639
  C:1235H         LINE#         641
  C:1262H         LINE#         642
  C:127DH         LINE#         648
  C:127FH         LINE#         649
  C:1281H         LINE#         657
  C:12AEH         LINE#         659
  C:12D5H         LINE#         660
  C:1349H         LINE#         662
  C:13D5H         LINE#         666
  C:13F8H         LINE#         667
  C:13F8H         LINE#         668
  C:1494H         LINE#         669
  C:1497H         LINE#         671
  C:1497H         LINE#         672
  C:14BFH         LINE#         673
  C:1533H         LINE#         675
  C:15AEH         LINE#         682
  C:165BH         LINE#         687
  C:1662H         LINE#         688
  C:1673H         LINE#         690
  C:1673H         LINE#         693
  C:1682H         LINE#         694
  C:1682H         LINE#         695
  C:1700H         LINE#         696
  C:1709H         LINE#         697
  C:1710H         LINE#         698
  C:1719H         LINE#         699
  C:1722H         LINE#         700
  C:1729H         LINE#         703
  C:1754H         LINE#         705
  C:175DH         LINE#         706
  C:1764H         LINE#         707
  C:176DH         LINE#         708
  C:1776H         LINE#         712
  C:177DH         LINE#         714
  C:17A8H         LINE#         716
  C:17B1H         LINE#         717
  C:17B8H         LINE#         718
  C:17C1H         LINE#         719
  C:17C8H         LINE#         721
  C:17D1H         LINE#         722
  C:17D8H         LINE#         725
  C:1816H         LINE#         727
  C:181FH         LINE#         728
  C:1826H         LINE#         729
  C:182FH         LINE#         730
  C:1838H         LINE#         731
  C:183FH         LINE#         732
  C:183FH         LINE#         734
  C:183FH         LINE#         736
  C:183FH         LINE#         737
  C:183FH         LINE#         739
  C:183FH         LINE#         743
  C:185BH         LINE#         744
BL51 BANKED LINKER/LOCATER V6.22                                                      09/03/2019  10:57:40  PAGE 18


  C:185BH         LINE#         745
  C:185DH         LINE#         748
  C:1860H         LINE#         750
  C:189DH         LINE#         751
  C:189DH         LINE#         752
  C:189FH         LINE#         757
  C:189FH         LINE#         758
  C:18A5H         LINE#         759
  C:18A8H         LINE#         762
  C:18BFH         LINE#         764
  C:18C6H         LINE#         766
  C:18CDH         LINE#         767
  C:18D0H         LINE#         770
  C:18E7H         LINE#         771
  C:18E7H         LINE#         772
  C:18F6H         LINE#         773
  C:18F6H         LINE#         775
  C:18F9H         LINE#         777
  C:18FCH         LINE#         778
  C:1903H         LINE#         780
  C:191FH         LINE#         781
  C:191FH         LINE#         782
  C:193CH         LINE#         783
  C:193CH         LINE#         784
  C:1942H         LINE#         785
  C:1945H         LINE#         788
  C:197AH         LINE#         789
  C:1981H         LINE#         790
  C:1984H         LINE#         792
  C:19BEH         LINE#         793
  C:19D4H         LINE#         795
  C:19EDH         LINE#         797
  C:19F4H         LINE#         798
  C:19FBH         LINE#         799
  C:19FEH         LINE#         802
  C:1A53H         LINE#         804
  C:1A5AH         LINE#         806
  C:1A61H         LINE#         807
  C:1A64H         LINE#         810
  C:1B10H         LINE#         812
  C:1B17H         LINE#         815
  C:1B17H         LINE#         816
  C:1B28H         LINE#         818
  C:1B28H         LINE#         822
  C:1B2FH         LINE#         823
  C:1B2FH         LINE#         826
  C:1B3EH         LINE#         827
  C:1B3EH         LINE#         828
  C:1B70H         LINE#         829
  C:1B70H         LINE#         830
  C:1BEFH         LINE#         832
  C:1BF6H         LINE#         833
  C:1BF9H         LINE#         835
  C:1C33H         LINE#         836
  C:1C49H         LINE#         838
  C:1C62H         LINE#         840
  C:1C69H         LINE#         841
BL51 BANKED LINKER/LOCATER V6.22                                                      09/03/2019  10:57:40  PAGE 19


  C:1C70H         LINE#         842
  C:1C73H         LINE#         844
  C:1CC8H         LINE#         845
  C:1CCFH         LINE#         847
  C:1CD6H         LINE#         848
  C:1CD9H         LINE#         850
  C:1D85H         LINE#         851
  C:1D8CH         LINE#         853
  C:1D93H         LINE#         854
  C:1D96H         LINE#         856
  C:1DBAH         LINE#         857
  C:1DC1H         LINE#         858
  C:1DD2H         LINE#         861
  C:1DE6H         LINE#         862
  C:1DFAH         LINE#         863
  C:1E09H         LINE#         864
  C:1E09H         LINE#         866
  C:1E35H         LINE#         867
  C:1E35H         LINE#         868
  C:1E62H         LINE#         875
  C:1E7DH         LINE#         878
  C:1E8CH         LINE#         879
  C:1E8FH         LINE#         882
  C:1EBFH         LINE#         883
  C:1EBFH         LINE#         885
  C:1EECH         LINE#         891
  C:1F07H         LINE#         894
  C:1F17H         LINE#         895
  C:1F1DH         LINE#         896
  C:1F31H         LINE#         897
  C:1F45H         LINE#         898
  C:1F4DH         LINE#         899
  C:1F5AH         LINE#         900
  C:1F5AH         LINE#         901
  C:1F7EH         LINE#         902
  C:1F7EH         LINE#         903
  C:1FC8H         LINE#         904
  C:1FCFH         LINE#         905
  C:1FD2H         LINE#         908
  C:1FF6H         LINE#         910
  C:1FFDH         LINE#         911
  C:2000H         LINE#         913
  C:2033H         LINE#         914
  C:2052H         LINE#         916
  C:2074H         LINE#         918
  C:207BH         LINE#         920
  C:2082H         LINE#         921
  C:2085H         LINE#         923
  C:20DAH         LINE#         924
  C:20E1H         LINE#         926
  C:20E8H         LINE#         927
  C:20EBH         LINE#         929
  C:2197H         LINE#         930
  C:219EH         LINE#         931
  C:21AFH         LINE#         932
  C:21AFH         LINE#         933
  C:21AFH         LINE#         937
BL51 BANKED LINKER/LOCATER V6.22                                                      09/03/2019  10:57:40  PAGE 20


  C:21D1H         LINE#         938
  C:21DEH         LINE#         939
  C:21DEH         LINE#         940
  C:2201H         LINE#         941
  C:2201H         LINE#         942
  C:2251H         LINE#         943
  C:2251H         LINE#         944
  C:2258H         LINE#         945
  C:225BH         LINE#         947
  C:2295H         LINE#         948
  C:22ABH         LINE#         950
  C:22C4H         LINE#         952
  C:22CBH         LINE#         953
  C:22D2H         LINE#         954
  C:22D5H         LINE#         956
  C:232AH         LINE#         957
  C:2331H         LINE#         959
  C:2338H         LINE#         960
  C:233BH         LINE#         962
  C:23E7H         LINE#         963
  C:23EEH         LINE#         965
  C:23F5H         LINE#         966
  C:23F8H         LINE#         968
  C:241CH         LINE#         969
  C:2423H         LINE#         970
  C:2423H         LINE#         971
  C:2434H         LINE#         972
  C:2434H         LINE#         973
  C:2434H         LINE#         974
  C:246DH         LINE#         975
  C:246DH         LINE#         979
  C:2474H         LINE#         980
  C:247BH         LINE#         981
  C:2481H         LINE#         982
  C:2487H         LINE#         983
  C:2487H         LINE#         984
  C:24AAH         LINE#         985
  C:24BFH         LINE#         987
  C:24D9H         LINE#         989
  C:24D9H         LINE#         992
  C:24E8H         LINE#         993
  C:24E8H         LINE#         994
  C:24EBH         LINE#         995
  C:24F2H         LINE#         996
  C:24F7H         LINE#         997
  C:24FCH         LINE#         998
  C:2501H         LINE#         999
  C:2506H         LINE#         1000
  C:250BH         LINE#         1010
  C:250EH         LINE#         1012
  C:2511H         LINE#         1013
  C:2518H         LINE#         1014
  C:2522H         LINE#         1015
  C:2529H         LINE#         1017
  C:252CH         LINE#         1026
  C:252CH         LINE#         1027
  -------         ENDPROC       MAIN
BL51 BANKED LINKER/LOCATER V6.22                                                      09/03/2019  10:57:40  PAGE 21


  -------         PROC          UART
  C:000EH         LINE#         1041
  C:000EH         LINE#         1043
  C:0011H         LINE#         1044
  C:0011H         LINE#         1045
  C:0013H         LINE#         1047
  C:0013H         LINE#         1048
  C:0016H         LINE#         1049
  C:0016H         LINE#         1050
  C:0018H         LINE#         1051
  C:001AH         LINE#         1052
  C:001AH         LINE#         1053
  -------         ENDPROC       UART
  -------         PROC          _SENDUART1
  D:0007H         SYMBOL        dat
  C:7DDBH         LINE#         1055
  C:7DDBH         LINE#         1056
  C:7DDBH         LINE#         1057
  C:7DDEH         LINE#         1058
  C:7DE0H         LINE#         1059
  C:7DE1H         LINE#         1060
  C:7DE3H         LINE#         1061
  -------         ENDPROC       _SENDUART1
  -------         ENDMOD        MAIN

  -------         MODULE        PCF85063BTL
  C:0000H         SYMBOL        _ICE_DUMMY_
  D:0096H         PUBLIC        P2M0
  D:0080H         PUBLIC        P0
  D:0095H         PUBLIC        P2M1
  D:0090H         PUBLIC        P1
  D:00A0H         PUBLIC        P2
  D:00B0H         PUBLIC        P3
  D:00C0H         PUBLIC        P4
  D:00C8H         PUBLIC        P5
  D:00E8H         PUBLIC        P6
  B:00A0H.1       PUBLIC        PCF85063BTL_SDI
  D:00F8H         PUBLIC        P7
  B:00A0H.2       PUBLIC        PCF85063BTL_SCK
  B:00A0H.1       PUBLIC        PCF85063BTL_SDO
  D:00A8H         PUBLIC        IE
  C:7651H         PUBLIC        _Read_time
  C:7CFDH         PUBLIC        _PCF85063BTL_Delay
  D:00B8H         PUBLIC        IP
  D:00D8H         PUBLIC        CCON
  C:74DEH         PUBLIC        _Day_Of_Year
  C:7BFEH         PUBLIC        SPI_ReceiveByte
  D:0098H         PUBLIC        SCON
  D:0088H         PUBLIC        TCON
  C:7D30H         PUBLIC        _BCDtoDec
  B:00A0H.0       PUBLIC        PCF85063BTL_CS
  C:7D1FH         PUBLIC        _SPI_ReadTime
  C:7D7FH         PUBLIC        SPI_Init
  C:7C73H         PUBLIC        _SPI_WriteTime
  C:7BDEH         PUBLIC        _SPI_SendByte
  D:00D0H         PUBLIC        PSW
  C:7CF9H         SYMBOL        L?0048
BL51 BANKED LINKER/LOCATER V6.22                                                      09/03/2019  10:57:40  PAGE 22


  -------         PROC          L?0047
  -------         ENDPROC       L?0047
  C:7CF9H         SYMBOL        L?0048
  -------         PROC          _PCF85063BTL_DELAY
  D:0006H         SYMBOL        us
  C:7CFDH         LINE#         8
  C:7CFDH         LINE#         9
  C:7CFDH         LINE#         10
  C:7D07H         LINE#         11
  C:7D07H         LINE#         12
  C:7D08H         LINE#         13
  C:7D0AH         LINE#         14
  -------         ENDPROC       _PCF85063BTL_DELAY
  -------         PROC          _SPI_SENDBYTE
  D:0005H         SYMBOL        dat
  -------         DO            
  D:0003H         SYMBOL        i
  -------         ENDDO         
  C:7BDEH         LINE#         17
  C:7BE0H         LINE#         18
  C:7BE0H         LINE#         20
  C:7BE2H         LINE#         21
  C:7BE2H         LINE#         22
  C:7BE4H         LINE#         23
  C:7BE8H         LINE#         24
  C:7BE8H         LINE#         25
  C:7BEAH         LINE#         26
  C:7BECH         LINE#         28
  C:7BECH         LINE#         29
  C:7BEEH         LINE#         30
  C:7BEEH         LINE#         31
  C:7BF1H         LINE#         32
  C:7BF1H         LINE#         33
  C:7BF4H         LINE#         34
  C:7BF8H         LINE#         35
  C:7BFDH         LINE#         36
  -------         ENDPROC       _SPI_SENDBYTE
  -------         PROC          SPI_RECEIVEBYTE
  -------         DO            
  D:0003H         SYMBOL        i
  D:0005H         SYMBOL        dat
  -------         ENDDO         
  C:7BFEH         LINE#         39
  C:7BFEH         LINE#         40
  C:7BFEH         LINE#         42
  C:7C00H         LINE#         44
  C:7C02H         LINE#         45
  C:7C03H         LINE#         46
  C:7C03H         LINE#         47
  C:7C07H         LINE#         48
  C:7C09H         LINE#         49
  C:7C0CH         LINE#         51
  C:7C0FH         LINE#         52
  C:7C0FH         LINE#         53
  C:7C13H         LINE#         54
  C:7C13H         LINE#         55
  C:7C13H         LINE#         56
BL51 BANKED LINKER/LOCATER V6.22                                                      09/03/2019  10:57:40  PAGE 23


  C:7C16H         LINE#         57
  C:7C1BH         LINE#         58
  C:7C1DH         LINE#         59
  -------         ENDPROC       SPI_RECEIVEBYTE
  -------         PROC          _SPI_READTIME
  D:0007H         SYMBOL        addr
  -------         DO            
  D:0006H         SYMBOL        dat
  -------         ENDDO         
  C:7D1FH         LINE#         61
  C:7D1FH         LINE#         62
  C:7D1FH         LINE#         64
  C:7D21H         LINE#         65
  C:7D23H         LINE#         66
  C:7D2AH         LINE#         67
  C:7D2DH         LINE#         68
  C:7D2FH         LINE#         69
  C:7D2FH         LINE#         70
  -------         ENDPROC       _SPI_READTIME
  -------         PROC          _SPI_WRITETIME
  D:0002H         SYMBOL        val
  D:0005H         SYMBOL        addr
  C:7C73H         LINE#         71
  C:7C75H         LINE#         72
  C:7C75H         LINE#         74
  C:7C77H         LINE#         75
  C:7C7EH         LINE#         76
  C:7C83H         LINE#         77
  C:7C88H         LINE#         78
  C:7C8AH         LINE#         79
  -------         ENDPROC       _SPI_WRITETIME
  -------         PROC          SPI_INIT
  C:7D7FH         LINE#         83
  C:7D7FH         LINE#         84
  C:7D7FH         LINE#         89
  C:7D82H         LINE#         90
  C:7D85H         LINE#         91
  C:7D87H         LINE#         92
  C:7D89H         LINE#         93
  C:7D8BH         LINE#         94
  -------         ENDPROC       SPI_INIT
  -------         PROC          _READ_TIME
  X:04FDH         SYMBOL        months
  X:0500H         SYMBOL        days
  X:0503H         SYMBOL        hours
  X:0506H         SYMBOL        mins
  X:0509H         SYMBOL        seconds
  C:7651H         LINE#         96
  C:765CH         LINE#         97
  C:765CH         LINE#         99
  C:7670H         LINE#         101
  C:7684H         LINE#         103
  C:7698H         LINE#         108
  C:76ACH         LINE#         113
  -------         ENDPROC       _READ_TIME
  -------         PROC          _BCDTODEC
  D:0007H         SYMBOL        bcd
BL51 BANKED LINKER/LOCATER V6.22                                                      09/03/2019  10:57:40  PAGE 24


  -------         DO            
  D:0006H         SYMBOL        hi
  D:0007H         SYMBOL        lo
  -------         ENDDO         
  C:7D30H         LINE#         119
  C:7D30H         LINE#         120
  C:7D30H         LINE#         122
  C:7D35H         LINE#         123
  C:7D39H         LINE#         124
  C:7D40H         LINE#         125
  -------         ENDPROC       _BCDTODEC
  -------         PROC          _DAY_OF_YEAR
  D:0007H         SYMBOL        months_bcd
  D:0005H         SYMBOL        days_bcd
  -------         DO            
  D:0004H         SYMBOL        months
  D:0007H         SYMBOL        days
  -------         ENDDO         
  C:74DEH         LINE#         126
  C:74DEH         LINE#         127
  C:74DEH         LINE#         130
  C:74E3H         LINE#         132
  C:74E8H         LINE#         134
  C:7521H         LINE#         135
  C:7521H         LINE#         136
  C:7521H         LINE#         137
  C:7524H         LINE#         138
  C:7524H         LINE#         139
  C:7524H         LINE#         140
  C:7529H         LINE#         141
  C:7529H         LINE#         142
  C:7529H         LINE#         143
  C:752EH         LINE#         144
  C:752EH         LINE#         145
  C:752EH         LINE#         146
  C:7533H         LINE#         147
  C:7533H         LINE#         148
  C:7533H         LINE#         149
  C:7538H         LINE#         150
  C:7538H         LINE#         151
  C:7538H         LINE#         152
  C:753DH         LINE#         153
  C:753DH         LINE#         154
  C:753DH         LINE#         155
  C:7542H         LINE#         156
  C:7542H         LINE#         157
  C:7542H         LINE#         158
  C:7547H         LINE#         159
  C:7547H         LINE#         160
  C:7547H         LINE#         161
  C:754FH         LINE#         162
  C:754FH         LINE#         163
  C:754FH         LINE#         164
  C:7554H         LINE#         165
  C:7554H         LINE#         166
  C:7554H         LINE#         167
  C:7559H         LINE#         168
BL51 BANKED LINKER/LOCATER V6.22                                                      09/03/2019  10:57:40  PAGE 25


  C:7559H         LINE#         169
  C:7559H         LINE#         170
  C:7562H         LINE#         171
  C:7562H         LINE#         172
  C:7562H         LINE#         173
  C:7565H         LINE#         174
  C:7565H         LINE#         175
  -------         ENDPROC       _DAY_OF_YEAR
  -------         ENDMOD        PCF85063BTL

  -------         MODULE        LCD_DRIVER_SPLC780D
  C:0000H         SYMBOL        _ICE_DUMMY_
  D:0092H         PUBLIC        P1M0
  D:0091H         PUBLIC        P1M1
  D:0080H         PUBLIC        P0
  D:0090H         PUBLIC        P1
  D:00A0H         PUBLIC        P2
  D:00B0H         PUBLIC        P3
  D:00C0H         PUBLIC        P4
  D:00C8H         PUBLIC        P5
  D:00E8H         PUBLIC        P6
  D:00F8H         PUBLIC        P7
  C:756AH         PUBLIC        _WriteData
  D:00A8H         PUBLIC        IE
  D:00B8H         PUBLIC        IP
  D:00D8H         PUBLIC        CCON
  B:00B0H.4       PUBLIC        LCD_D4
  B:00B0H.5       PUBLIC        LCD_D5
  B:00B0H.6       PUBLIC        LCD_D6
  C:7C3CH         PUBLIC        _DisplayLCD
  B:00B0H.7       PUBLIC        LCD_D7
  D:0098H         PUBLIC        SCON
  D:0088H         PUBLIC        TCON
  C:7DC8H         PUBLIC        LCD_clear
  C:78ECH         PUBLIC        _Command
  C:7CB8H         PUBLIC        _Display_Line
  C:771AH         PUBLIC        LCD_Init
  C:7B57H         PUBLIC        _Wait_ms
  B:00C0H.0       PUBLIC        LCD_RS
  B:0090H.3       PUBLIC        LCD_RW
  C:7DBEH         PUBLIC        LCD_return_home
  C:6785H         PUBLIC        _Display_Pos
  B:00B0H.3       PUBLIC        LCD_E
  D:00D0H         PUBLIC        PSW
  -------         PROC          LCD_INIT
  C:771AH         LINE#         9
  C:771AH         LINE#         10
  C:771AH         LINE#         11
  C:771DH         LINE#         12
  C:7720H         LINE#         14
  C:7726H         LINE#         15
  C:772BH         LINE#         17
  C:7732H         LINE#         18
  C:7737H         LINE#         20
  C:773AH         LINE#         21
  C:773FH         LINE#         23
  C:7742H         LINE#         24
BL51 BANKED LINKER/LOCATER V6.22                                                      09/03/2019  10:57:40  PAGE 26


  C:7747H         LINE#         26
  C:774EH         LINE#         29
  C:7753H         LINE#         30
  C:7758H         LINE#         32
  C:775DH         LINE#         33
  C:7762H         LINE#         35
  C:7767H         LINE#         36
  C:776CH         LINE#         37
  -------         ENDPROC       LCD_INIT
  C:7566H         SYMBOL        L?0035
  -------         PROC          L?0034
  -------         ENDPROC       L?0034
  C:7566H         SYMBOL        L?0035
  -------         PROC          _WRITEDATA
  X:0508H         SYMBOL        dat
  C:756AH         LINE#         40
  C:756FH         LINE#         41
  C:756FH         LINE#         46
  C:7571H         LINE#         47
  C:7573H         LINE#         49
  C:7581H         LINE#         50
  C:758DH         LINE#         51
  C:7599H         LINE#         52
  C:75A3H         LINE#         53
  C:75A5H         LINE#         54
  C:75ACH         LINE#         55
  C:75AEH         LINE#         57
  C:75BEH         LINE#         58
  C:75C9H         LINE#         59
  C:75D3H         LINE#         60
  C:75D7H         LINE#         62
  C:75D7H         LINE#         63
  C:75DAH         LINE#         64
  C:75DCH         LINE#         65
  C:75DEH         LINE#         67
  -------         ENDPROC       _WRITEDATA
  -------         PROC          _COMMAND
  D:0007H         SYMBOL        dat
  C:78ECH         LINE#         69
  C:78ECH         LINE#         70
  C:78ECH         LINE#         71
  C:78EEH         LINE#         72
  C:78F0H         LINE#         74
  C:78FAH         LINE#         75
  C:78FEH         LINE#         77
  C:7900H         LINE#         78
  C:7909H         LINE#         79
  C:790DH         LINE#         81
  C:790FH         LINE#         82
  C:7916H         LINE#         83
  C:791AH         LINE#         85
  C:791CH         LINE#         86
  C:7920H         LINE#         87
  C:7924H         LINE#         89
  C:7926H         LINE#         90
  C:7926H         LINE#         91
  C:7929H         LINE#         92
BL51 BANKED LINKER/LOCATER V6.22                                                      09/03/2019  10:57:40  PAGE 27


  C:792BH         LINE#         93
  -------         ENDPROC       _COMMAND
  C:7B53H         SYMBOL        L?0037
  -------         PROC          L?0036
  -------         ENDPROC       L?0036
  C:7B53H         SYMBOL        L?0037
  -------         PROC          _WAIT_MS
  D:0006H         SYMBOL        ms
  -------         DO            
  D:0004H         SYMBOL        De_Cnt
  -------         ENDDO         
  C:7B57H         LINE#         95
  C:7B57H         LINE#         96
  C:7B57H         LINE#         98
  C:7B61H         LINE#         99
  C:7B61H         LINE#         100
  C:7B74H         LINE#         101
  C:7B74H         LINE#         102
  -------         ENDPROC       _WAIT_MS
  -------         PROC          _DISPLAYLCD
  D:0007H         SYMBOL        BCD
  -------         DO            
  D:0006H         SYMBOL        first_digit
  X:0408H         SYMBOL        second_digit
  -------         ENDDO         
  C:7C3CH         LINE#         103
  C:7C3CH         LINE#         104
  C:7C3CH         LINE#         106
  C:7C43H         LINE#         107
  C:7C4CH         LINE#         109
  C:7C51H         LINE#         111
  -------         ENDPROC       _DISPLAYLCD
  -------         PROC          LCD_RETURN_HOME
  C:7DBEH         LINE#         115
  C:7DBEH         LINE#         116
  C:7DBEH         LINE#         117
  C:7DC3H         LINE#         118
  -------         ENDPROC       LCD_RETURN_HOME
  -------         PROC          LCD_CLEAR
  C:7DC8H         LINE#         121
  C:7DC8H         LINE#         122
  C:7DC8H         LINE#         123
  C:7DCDH         LINE#         124
  -------         ENDPROC       LCD_CLEAR
  -------         PROC          _DISPLAY_LINE
  D:0006H         SYMBOL        line
  C:7CB8H         LINE#         128
  C:7CB8H         LINE#         129
  C:7CB8H         LINE#         130
  C:7CBEH         LINE#         131
  C:7CBEH         LINE#         132
  C:7CC0H         LINE#         133
  C:7CC0H         LINE#         134
  C:7CC2H         LINE#         136
  C:7CC2H         LINE#         137
  C:7CC7H         LINE#         138
  C:7CCCH         LINE#         139
BL51 BANKED LINKER/LOCATER V6.22                                                      09/03/2019  10:57:40  PAGE 28


  C:7CCCH         LINE#         140
  -------         ENDPROC       _DISPLAY_LINE
  -------         PROC          _DISPLAY_POS
  X:04FDH         SYMBOL        sign_dat
  -------         DO            
  X:0501H         SYMBOL        unit
  X:0502H         SYMBOL        ten
  X:0503H         SYMBOL        hundred
  X:0504H         SYMBOL        thousand
  X:0505H         SYMBOL        after_dot
  X:0506H         SYMBOL        dat
  -------         ENDDO         
  C:6785H         LINE#         142
  C:678BH         LINE#         143
  C:678BH         LINE#         147
  C:67A7H         LINE#         148
  C:67C1H         LINE#         149
  C:67E5H         LINE#         151
  C:682FH         LINE#         153
  C:6846H         LINE#         154
  C:6858H         LINE#         155
  C:687DH         LINE#         156
  C:6897H         LINE#         157
  C:68AFH         LINE#         158
  C:68AFH         LINE#         159
  C:68AFH         LINE#         160
  C:68AFH         LINE#         161
  C:68AFH         LINE#         162
  C:68AFH         LINE#         163
  C:68AFH         LINE#         164
  C:68AFH         LINE#         168
  C:68B1H         LINE#         170
  C:68B1H         LINE#         172
  C:68B6H         LINE#         173
  C:68BCH         LINE#         174
  C:68C2H         LINE#         175
  C:68C8H         LINE#         176
  C:68CEH         LINE#         177
  C:68D3H         LINE#         178
  C:68D9H         LINE#         182
  C:68D9H         LINE#         184
  -------         ENDPROC       _DISPLAY_POS
  -------         ENDMOD        LCD_DRIVER_SPLC780D

  -------         MODULE        KEYPAD
  C:0000H         SYMBOL        _ICE_DUMMY_
  D:0093H         PUBLIC        P0M1
  D:0080H         PUBLIC        P0
  D:0090H         PUBLIC        P1
  D:00A0H         PUBLIC        P2
  D:00B0H         PUBLIC        P3
  D:00C0H         PUBLIC        P4
  D:00C8H         PUBLIC        P5
  D:00E8H         PUBLIC        P6
  D:00F8H         PUBLIC        P7
  D:00A8H         PUBLIC        IE
  C:6181H         PUBLIC        Key_Scan
BL51 BANKED LINKER/LOCATER V6.22                                                      09/03/2019  10:57:40  PAGE 29


  D:00B8H         PUBLIC        IP
  D:00D8H         PUBLIC        CCON
  C:7DA6H         PUBLIC        KeyPad_IO_Init
  C:7C1EH         PUBLIC        _Delay_ms
  D:0098H         PUBLIC        SCON
  D:0088H         PUBLIC        TCON
  X:065DH         PUBLIC        small_move
  X:065FH         PUBLIC        move
  X:0661H         PUBLIC        auto_mode
  X:0663H         PUBLIC        direction
  X:0665H         PUBLIC        SPI_NOR_ClearEnable
  C:58C1H         PUBLIC        Key_Process
  D:00D0H         PUBLIC        PSW
  D:0094H         PUBLIC        P0M0
  -------         PROC          _DELAY_MS
  D:0006H         SYMBOL        ms
  -------         DO            
  D:0004H         SYMBOL        De_Cnt
  -------         ENDDO         
  C:7C1EH         LINE#         20
  C:7C1EH         LINE#         21
  C:7C1EH         LINE#         23
  C:7C28H         LINE#         24
  C:7C28H         LINE#         25
  C:7C3BH         LINE#         26
  C:7C3BH         LINE#         27
  -------         ENDPROC       _DELAY_MS
  -------         PROC          KEY_SCAN
  -------         DO            
  X:040EH         SYMBOL        KeyTemp1
  X:040FH         SYMBOL        KeyTemp2
  X:0410H         SYMBOL        KeyValue
  -------         ENDDO         
  C:6181H         LINE#         28
  C:6181H         LINE#         29
  C:6181H         LINE#         34
  C:6184H         LINE#         37
  C:6187H         LINE#         39
  C:618FH         LINE#         40
  C:6196H         LINE#         41
  C:6196H         LINE#         43
  C:619BH         LINE#         44
  C:61A2H         LINE#         45
  C:61A2H         LINE#         48
  C:61A5H         LINE#         49
  C:61A8H         LINE#         50
  C:61ADH         LINE#         51
  C:61B1H         LINE#         52
  C:61B1H         LINE#         53
  C:61B9H         LINE#         54
  C:61B9H         LINE#         55
  C:61BCH         LINE#         56
  C:61C4H         LINE#         57
  C:61C6H         LINE#         59
  C:61DAH         LINE#         60
  C:61DAH         LINE#         61
  C:61DAH         LINE#         62
BL51 BANKED LINKER/LOCATER V6.22                                                      09/03/2019  10:57:40  PAGE 30


  C:61DAH         LINE#         63
  C:61E0H         LINE#         65
  C:61E2H         LINE#         66
  C:61E2H         LINE#         67
  C:61E2H         LINE#         68
  C:61E8H         LINE#         70
  C:61EAH         LINE#         71
  C:61EAH         LINE#         72
  C:61EAH         LINE#         73
  C:61F0H         LINE#         75
  C:61F2H         LINE#         76
  C:61F2H         LINE#         77
  C:61F2H         LINE#         78
  C:61F8H         LINE#         80
  C:61F8H         LINE#         81
  C:61F8H         LINE#         82
  C:61F8H         LINE#         85
  C:61FBH         LINE#         86
  C:61FEH         LINE#         87
  C:6206H         LINE#         88
  C:620AH         LINE#         89
  C:620AH         LINE#         90
  C:6212H         LINE#         91
  C:6212H         LINE#         92
  C:6215H         LINE#         93
  C:621DH         LINE#         94
  C:621FH         LINE#         95
  C:6233H         LINE#         96
  C:6233H         LINE#         97
  C:6233H         LINE#         98
  C:6233H         LINE#         99
  C:6239H         LINE#         101
  C:623BH         LINE#         102
  C:623BH         LINE#         103
  C:623BH         LINE#         104
  C:6241H         LINE#         106
  C:6243H         LINE#         107
  C:6243H         LINE#         108
  C:6243H         LINE#         109
  C:6249H         LINE#         111
  C:624BH         LINE#         112
  C:624BH         LINE#         113
  C:624BH         LINE#         114
  C:6250H         LINE#         116
  C:6250H         LINE#         117
  C:6250H         LINE#         118
  C:6250H         LINE#         121
  C:6253H         LINE#         122
  C:6256H         LINE#         123
  C:625EH         LINE#         124
  C:6262H         LINE#         125
  C:6262H         LINE#         126
  C:626AH         LINE#         127
  C:626AH         LINE#         128
  C:626DH         LINE#         129
  C:6275H         LINE#         130
  C:6277H         LINE#         131
BL51 BANKED LINKER/LOCATER V6.22                                                      09/03/2019  10:57:40  PAGE 31


  C:628BH         LINE#         132
  C:628BH         LINE#         133
  C:628BH         LINE#         134
  C:628BH         LINE#         135
  C:6291H         LINE#         137
  C:6293H         LINE#         138
  C:6293H         LINE#         139
  C:6293H         LINE#         140
  C:6299H         LINE#         142
  C:629BH         LINE#         143
  C:629BH         LINE#         144
  C:629BH         LINE#         145
  C:62A1H         LINE#         147
  C:62A3H         LINE#         148
  C:62A3H         LINE#         149
  C:62A3H         LINE#         150
  C:62A9H         LINE#         152
  C:62A9H         LINE#         153
  C:62A9H         LINE#         154
  C:62A9H         LINE#         158
  C:62ACH         LINE#         159
  C:62AFH         LINE#         160
  C:62B7H         LINE#         161
  C:62BBH         LINE#         162
  C:62BBH         LINE#         163
  C:62C3H         LINE#         164
  C:62C3H         LINE#         165
  C:62C6H         LINE#         166
  C:62CEH         LINE#         167
  C:62D0H         LINE#         168
  C:62E4H         LINE#         169
  C:62E4H         LINE#         170
  C:62E4H         LINE#         171
  C:62E4H         LINE#         172
  C:62EAH         LINE#         174
  C:62ECH         LINE#         175
  C:62ECH         LINE#         176
  C:62ECH         LINE#         177
  C:62F2H         LINE#         179
  C:62F4H         LINE#         180
  C:62F4H         LINE#         181
  C:62F4H         LINE#         182
  C:62FAH         LINE#         184
  C:62FCH         LINE#         185
  C:62FCH         LINE#         186
  C:62FCH         LINE#         187
  C:6302H         LINE#         189
  C:6302H         LINE#         190
  C:6302H         LINE#         191
  C:6302H         LINE#         193
  C:6308H         LINE#         194
  C:6308H         LINE#         196
  C:6308H         LINE#         197
  C:630BH         LINE#         198
  C:630BH         LINE#         199
  C:630BH         LINE#         201
  C:630BH         LINE#         202
BL51 BANKED LINKER/LOCATER V6.22                                                      09/03/2019  10:57:40  PAGE 32


  C:630DH         LINE#         203
  C:630DH         LINE#         204
  -------         ENDPROC       KEY_SCAN
  -------         PROC          KEY_PROCESS
  -------         DO            
  X:064EH         SYMBOL        KeyCount
  X:064FH         SYMBOL        KeyNum_Old
  X:0651H         SYMBOL        KeyNum
  X:0653H         SYMBOL        PressedKey
  X:0408H         SYMBOL        d
  D:0002H         SYMBOL        hours
  D:0006H         SYMBOL        mins
  X:040AH         SYMBOL        months
  X:040CH         SYMBOL        days
  -------         ENDDO         
  C:58C1H         LINE#         205
  C:58C1H         LINE#         206
  C:58C1H         LINE#         210
  C:58D0H         LINE#         211
  C:58DDH         LINE#         213
  C:58E1H         LINE#         214
  C:58E1H         LINE#         215
  C:58E7H         LINE#         217
  C:58E7H         LINE#         218
  C:58FEH         LINE#         219
  C:58FEH         LINE#         220
  C:5908H         LINE#         221
  C:590EH         LINE#         223
  C:5914H         LINE#         225
  C:5914H         LINE#         226
  C:592BH         LINE#         227
  C:592BH         LINE#         228
  C:5930H         LINE#         230
  C:5930H         LINE#         231
  C:5940H         LINE#         232
  C:5940H         LINE#         233
  C:5946H         LINE#         235
  C:5946H         LINE#         236
  C:5958H         LINE#         237
  C:5958H         LINE#         238
  C:5962H         LINE#         239
  C:596AH         LINE#         241
  C:5973H         LINE#         243
  C:5973H         LINE#         252
  C:5992H         LINE#         253
  C:5992H         LINE#         254
  C:59B1H         LINE#         255
  C:59B7H         LINE#         256
  C:59BFH         LINE#         257
  C:59BFH         LINE#         259
  C:59C0H         LINE#         265
  C:59CCH         LINE#         266
  C:59CCH         LINE#         267
  C:59E9H         LINE#         268
  C:5A00H         LINE#         269
  C:5A17H         LINE#         270
  C:5A17H         LINE#         271
BL51 BANKED LINKER/LOCATER V6.22                                                      09/03/2019  10:57:40  PAGE 33


  C:5A2AH         LINE#         272
  C:5A3DH         LINE#         273
  C:5A3DH         LINE#         274
  C:5A3DH         LINE#         275
  C:5A40H         LINE#         280
  C:5A4FH         LINE#         281
  C:5A4FH         LINE#         282
  C:5A72H         LINE#         283
  C:5A8FH         LINE#         284
  C:5A98H         LINE#         285
  C:5A98H         LINE#         286
  C:5A9FH         LINE#         287
  C:5A9FH         LINE#         288
  C:5AB0H         LINE#         289
  C:5AB0H         LINE#         290
  C:5ABFH         LINE#         291
  C:5ABFH         LINE#         292
  C:5ABFH         LINE#         293
  C:5AC2H         LINE#         295
  C:5AC2H         LINE#         296
  C:5ACEH         LINE#         297
  C:5ACEH         LINE#         298
  C:5AE0H         LINE#         299
  C:5AE0H         LINE#         300
  C:5AF0H         LINE#         301
  C:5AF0H         LINE#         302
  C:5AF0H         LINE#         304
  C:5AF2H         LINE#         306
  C:5AF2H         LINE#         307
  C:5B01H         LINE#         308
  C:5B01H         LINE#         309
  C:5B11H         LINE#         310
  C:5B11H         LINE#         311
  C:5B11H         LINE#         313
  C:5B11H         LINE#         315
  C:5B11H         LINE#         316
  C:5B13H         LINE#         318
  C:5B13H         LINE#         319
  C:5B1AH         LINE#         320
  C:5B1AH         LINE#         321
  C:5B29H         LINE#         322
  C:5B29H         LINE#         323
  C:5B39H         LINE#         324
  C:5B39H         LINE#         325
  C:5B39H         LINE#         326
  C:5B3BH         LINE#         328
  C:5B3BH         LINE#         329
  C:5B4AH         LINE#         330
  C:5B4AH         LINE#         331
  C:5B5DH         LINE#         332
  C:5B70H         LINE#         333
  C:5B70H         LINE#         334
  C:5B70H         LINE#         335
  C:5B70H         LINE#         336
  C:5B79H         LINE#         338
  C:5B79H         LINE#         340
  C:5BB3H         LINE#         341
BL51 BANKED LINKER/LOCATER V6.22                                                      09/03/2019  10:57:40  PAGE 34


  C:5BB3H         LINE#         342
  C:5BBAH         LINE#         343
  C:5BBAH         LINE#         344
  C:5BC4H         LINE#         345
  C:5BC4H         LINE#         346
  C:5BC7H         LINE#         347
  C:5BCCH         LINE#         348
  C:5BD1H         LINE#         349
  C:5BD6H         LINE#         350
  C:5BDBH         LINE#         351
  C:5BE0H         LINE#         352
  C:5BE5H         LINE#         353
  C:5BEAH         LINE#         354
  C:5BEAH         LINE#         355
  C:5BEAH         LINE#         357
  C:5C08H         LINE#         358
[...]
  C:638AH         LINE#         328
  C:638DH         LINE#         330
  C:63A7H         LINE#         331
  C:63A7H         LINE#         332
  C:63A7H         LINE#         334
  C:63AAH         LINE#         336
  C:63C4H         LINE#         337
  C:63C4H         LINE#         338
  C:63C4H         LINE#         340
  C:63C7H         LINE#         342
  C:63E1H         LINE#         343
  C:63E1H         LINE#         344
  C:63E1H         LINE#         346
  C:63E4H         LINE#         348
  C:63FEH         LINE#         349
  C:63FEH         LINE#         350
  C:63FEH         LINE#         352
  C:6401H         LINE#         354
  C:641BH         LINE#         355
  C:641BH         LINE#         356
  C:641BH         LINE#         358
  C:641EH         LINE#         360
  C:6438H         LINE#         361
  C:6438H         LINE#         362
  C:6438H         LINE#         364
  C:643BH         LINE#         366
  C:6455H         LINE#         367
  C:6455H         LINE#         368
  C:6455H         LINE#         370
BL51 BANKED LINKER/LOCATER V6.22                                                      09/03/2019  10:57:40  PAGE 57


  C:6458H         LINE#         372
  C:6472H         LINE#         373
  C:6479H         LINE#         374
  -------         ENDPROC       SPI_NOR_WRITE_DATA
  -------         ENDMOD        AT25SF041

  -------         MODULE        SI1120
  C:0000H         SYMBOL        _ICE_DUMMY_
  D:0080H         PUBLIC        P0
  D:00B2H         PUBLIC        P3M0
  D:0090H         PUBLIC        P1
  D:00B1H         PUBLIC        P3M1
  D:00A0H         PUBLIC        P2
  D:00B0H         PUBLIC        P3
  D:00C0H         PUBLIC        P4
  D:00C8H         PUBLIC        P5
  B:00A8H.7       PUBLIC        EA
  D:00E8H         PUBLIC        P6
  D:00F8H         PUBLIC        P7
  D:00A8H         PUBLIC        IE
  D:00B8H         PUBLIC        IP
  C:79DAH         PUBLIC        SI1120_CONFIG_MODE_VIRH
  D:00D8H         PUBLIC        CCON
  D:0098H         PUBLIC        SCON
  D:0088H         PUBLIC        TCON
  C:7D8CH         PUBLIC        Enable_EXTINT0
  B:0090H.5       PUBLIC        SI1120_STX
  B:0088H.0       PUBLIC        IT0
  B:00A8H.0       PUBLIC        EX0
  B:0090H.4       PUBLIC        SI1120_MD
  B:0090H.6       PUBLIC        SI1120_SC
  D:00D0H         PUBLIC        PSW
  -------         PROC          SI1120_CONFIG_MODE_VIRH
  C:79DAH         LINE#         4
  C:79DAH         LINE#         5
  C:79DAH         LINE#         6
  C:79DCH         LINE#         7
  C:79DEH         LINE#         8
  C:79E0H         LINE#         10
  C:79E7H         LINE#         11
  C:79E9H         LINE#         13
  C:79EBH         LINE#         14
  C:79EDH         LINE#         16
  C:79F4H         LINE#         18
  C:79F6H         LINE#         20
  C:79FDH         LINE#         23
  C:79FFH         LINE#         25
  C:7A01H         LINE#         27
  C:7A08H         LINE#         29
  C:7A0AH         LINE#         31
  -------         ENDPROC       SI1120_CONFIG_MODE_VIRH
  -------         PROC          ENABLE_EXTINT0
  C:7D8CH         LINE#         33
  C:7D8CH         LINE#         34
  C:7D8CH         LINE#         35
  C:7D8FH         LINE#         36
  C:7D92H         LINE#         37
BL51 BANKED LINKER/LOCATER V6.22                                                      09/03/2019  10:57:40  PAGE 58


  C:7D94H         LINE#         38
  C:7D96H         LINE#         39
  C:7D98H         LINE#         40
  -------         ENDPROC       ENABLE_EXTINT0
  -------         ENDMOD        SI1120

  -------         MODULE        UART1
  C:0000H         SYMBOL        _ICE_DUMMY_
  D:0080H         PUBLIC        P0
  D:0090H         PUBLIC        P1
  D:00A0H         PUBLIC        P2
  D:00B0H         PUBLIC        P3
  D:00C0H         PUBLIC        P4
  D:00C8H         PUBLIC        P5
  C:7B99H         PUBLIC        _uart1_SendToTCPServer
  B:00A8H.7       PUBLIC        EA
  D:00E8H         PUBLIC        P6
  D:00F8H         PUBLIC        P7
  C:79A7H         PUBLIC        _SendString
  D:00A8H         PUBLIC        IE
  B:00A8H.4       PUBLIC        ES
  D:00B8H         PUBLIC        IP
  C:7C8BH         PUBLIC        _ASCIItoBCD
  D:00D8H         PUBLIC        CCON
  C:7D41H         PUBLIC        initUART1
  D:0098H         PUBLIC        SCON
  D:0088H         PUBLIC        TCON
  C:7DFAH         PUBLIC        _DectoBCD
  C:001EH         PUBLIC        _ASCII_Letter
  D:008EH         PUBLIC        AUXR
  C:0006H         PUBLIC        _unit
  C:7DF3H         PUBLIC        _ten
  D:00D6H         PUBLIC        T2H
  D:00D7H         PUBLIC        T2L
  C:7DE4H         PUBLIC        uart1_InitTCPConn
  D:00D0H         PUBLIC        PSW
  -------         PROC          INITUART1
  C:7D41H         LINE#         24
  C:7D41H         LINE#         25
  C:7D41H         LINE#         26
  C:7D44H         LINE#         27
  C:7D47H         LINE#         28
  C:7D4AH         LINE#         29
  C:7D4DH         LINE#         30
  C:7D4FH         LINE#         31
  C:7D51H         LINE#         33
  -------         ENDPROC       INITUART1
  -------         PROC          _SENDSTRING
  X:04FDH         SYMBOL        s
  C:79A7H         LINE#         36
  C:79B2H         LINE#         37
  C:79B2H         LINE#         38
  C:79C2H         LINE#         39
  C:79C2H         LINE#         40
  C:79D7H         LINE#         41
  C:79D9H         LINE#         42
  -------         ENDPROC       _SENDSTRING
BL51 BANKED LINKER/LOCATER V6.22                                                      09/03/2019  10:57:40  PAGE 59


  -------         PROC          _TEN
  D:0007H         SYMBOL        BCD
  C:7DF3H         LINE#         44
  C:7DF3H         LINE#         45
  C:7DF3H         LINE#         46
  C:7DF8H         LINE#         47
  -------         ENDPROC       _TEN
  -------         PROC          _UNIT
  D:0007H         SYMBOL        BCD
  C:0006H         LINE#         48
  C:0006H         LINE#         49
  C:0006H         LINE#         53
  C:000AH         LINE#         54
  -------         ENDPROC       _UNIT
  -------         PROC          _DECTOBCD
  D:0007H         SYMBOL        dec
  C:7DFAH         LINE#         55
  C:7DFAH         LINE#         56
  C:7DFAH         LINE#         58
  C:7DFAH         LINE#         59
  -------         ENDPROC       _DECTOBCD
  -------         PROC          _ASCII_LETTER
  D:0007H         SYMBOL        dat
  C:001EH         LINE#         61
  C:001EH         LINE#         62
  C:001EH         LINE#         64
  C:0022H         LINE#         65
  -------         ENDPROC       _ASCII_LETTER
  -------         PROC          _ASCIITOBCD
  D:0001H         SYMBOL        ascii
  -------         DO            
  D:0007H         SYMBOL        dec_val
  D:0006H         SYMBOL        ten
  D:0007H         SYMBOL        unit
  -------         ENDDO         
  C:7C8BH         LINE#         67
  C:7C8BH         LINE#         68
  C:7C8BH         LINE#         70
  C:7C8EH         LINE#         71
  C:7C94H         LINE#         72
  C:7C9BH         LINE#         73
  C:7CA1H         LINE#         75
  -------         ENDPROC       _ASCIITOBCD
  -------         PROC          UART1_INITTCPCONN
  C:7DE4H         LINE#         77
  C:7DE4H         LINE#         78
  C:7DE4H         LINE#         82
  -------         ENDPROC       UART1_INITTCPCONN
  -------         PROC          _UART1_SENDTOTCPSERVER
  X:0408H         SYMBOL        str
  C:7B99H         LINE#         85
  C:7BA4H         LINE#         86
  C:7BA4H         LINE#         87
  C:7BADH         LINE#         88
  C:7BB4H         LINE#         89
  -------         ENDPROC       _UART1_SENDTOTCPSERVER
  -------         ENDMOD        UART1
BL51 BANKED LINKER/LOCATER V6.22                                                      09/03/2019  10:57:40  PAGE 60



  -------         MODULE        ?C_STARTUP
  C:7452H         SEGMENT       ?C_C51STARTUP
  I:0022H         SEGMENT       ?STACK
  C:0000H         PUBLIC        ?C_STARTUP
  D:00E0H         SYMBOL        ACC
  D:00F0H         SYMBOL        B
  D:0083H         SYMBOL        DPH
  D:0082H         SYMBOL        DPL
  N:0000H         SYMBOL        IBPSTACK
  N:0100H         SYMBOL        IBPSTACKTOP
  N:0080H         SYMBOL        IDATALEN
  C:7455H         SYMBOL        IDATALOOP
  N:0000H         SYMBOL        PBPSTACK
  N:0100H         SYMBOL        PBPSTACKTOP
  N:0000H         SYMBOL        PDATALEN
  N:0000H         SYMBOL        PDATASTART
  N:0000H         SYMBOL        PPAGE
  N:0000H         SYMBOL        PPAGEENABLE
  D:00A0H         SYMBOL        PPAGE_SFR
  D:0081H         SYMBOL        SP
  C:7452H         SYMBOL        STARTUP1
  N:0000H         SYMBOL        XBPSTACK
  N:0000H         SYMBOL        XBPSTACKTOP
  N:0000H         SYMBOL        XDATALEN
  N:0000H         SYMBOL        XDATASTART
  C:0000H         LINE#         126
  C:7452H         LINE#         133
  C:7454H         LINE#         134
  C:7455H         LINE#         135
  C:7456H         LINE#         136
  C:7458H         LINE#         185
  C:745BH         LINE#         196
  -------         ENDMOD        ?C_STARTUP

  -------         MODULE        ?C?FPADD
  C:2536H         PUBLIC        ?C?FPADD
  C:2532H         PUBLIC        ?C?FPSUB
  -------         ENDMOD        ?C?FPADD

  -------         MODULE        ?C?FPMUL
  C:2627H         PUBLIC        ?C?FPMUL
  -------         ENDMOD        ?C?FPMUL

  -------         MODULE        ?C?FPDIV
  C:2730H         PUBLIC        ?C?FPDIV
  -------         ENDMOD        ?C?FPDIV

  -------         MODULE        ?C?FPCMP
  C:27CFH         PUBLIC        ?C?FPCMP
  C:27CDH         PUBLIC        ?C?FPCMP3
  -------         ENDMOD        ?C?FPCMP

  -------         MODULE        ?C?FPNEG
  C:2846H         PUBLIC        ?C?FPNEG
  -------         ENDMOD        ?C?FPNEG

BL51 BANKED LINKER/LOCATER V6.22                                                      09/03/2019  10:57:40  PAGE 61


  -------         MODULE        ?C?FCAST
  C:2861H         PUBLIC        ?C?FCASTC
  C:285CH         PUBLIC        ?C?FCASTI
  C:2857H         PUBLIC        ?C?FCASTL
  -------         ENDMOD        ?C?FCAST

  -------         MODULE        ?C?CASTF
  C:2895H         PUBLIC        ?C?CASTF
  -------         ENDMOD        ?C?CASTF

  -------         MODULE        PRINTF
  X:04FDH         PUBLIC        ?_PRINTF?BYTE
  X:04FDH         PUBLIC        ?_SPRINTF?BYTE
  C:4C3BH         PUBLIC        _PRINTF
  C:4C35H         PUBLIC        _SPRINTF
  -------         ENDMOD        PRINTF

  -------         MODULE        FABS
  C:7D99H         PUBLIC        _FABS
  -------         ENDMOD        FABS

  -------         MODULE        ATAN2
  X:04AFH         PUBLIC        ?_atan2?BYTE
  C:727FH         PUBLIC        _atan2
  -------         ENDMOD        ATAN2

  -------         MODULE        SIN
  C:64DFH         PUBLIC        _COS
  C:64F5H         PUBLIC        _SIN
  C:6531H         PUBLIC        _TAN
  -------         ENDMOD        SIN

  -------         MODULE        ACOS
  C:785EH         PUBLIC        _ACOS
  -------         ENDMOD        ACOS

  -------         MODULE        ASIN
  C:796CH         PUBLIC        _ASIN
  -------         ENDMOD        ASIN

  -------         MODULE        POW
  X:03BCH         PUBLIC        ?_pow?BYTE
  C:661FH         PUBLIC        _pow
  -------         ENDMOD        POW

  -------         MODULE        ?C?CHKFLOAT
  C:2916H         PUBLIC        ?C?CHKFLOAT
  -------         ENDMOD        ?C?CHKFLOAT

  -------         MODULE        ?C?FPROUND
  C:2930H         PUBLIC        ?C?FPROUND
  -------         ENDMOD        ?C?FPROUND

  -------         MODULE        ?C?FPCONVERT
  C:296DH         PUBLIC        ?C?FPCONVERT
  -------         ENDMOD        ?C?FPCONVERT

BL51 BANKED LINKER/LOCATER V6.22                                                      09/03/2019  10:57:40  PAGE 62


  -------         MODULE        EXP
  C:73F0H         PUBLIC        _EXP
  -------         ENDMOD        EXP

  -------         MODULE        LOG
  C:690EH         PUBLIC        _LOG
  C:690AH         PUBLIC        _LOG10
  -------         ENDMOD        LOG

  -------         MODULE        SQRT
  C:7136H         PUBLIC        _SQRT
  -------         ENDMOD        SQRT

  -------         MODULE        ATAN
  C:6A23H         PUBLIC        _ATAN
  -------         ENDMOD        ATAN

  -------         MODULE        ?C?FTNPWR
  C:2AEFH         PUBLIC        ?C?FTNPWR
  -------         ENDMOD        ?C?FTNPWR

  -------         MODULE        ?C?COPY
  C:2BFFH         PUBLIC        ?C?COPY
  -------         ENDMOD        ?C?COPY

  -------         MODULE        ?C?CLDPTR
  C:2C25H         PUBLIC        ?C?CLDPTR
  -------         ENDMOD        ?C?CLDPTR

  -------         MODULE        ?C?CLDOPTR
  C:2C3EH         PUBLIC        ?C?CLDOPTR
  -------         ENDMOD        ?C?CLDOPTR

  -------         MODULE        ?C?CSTPTR
  C:2C6BH         PUBLIC        ?C?CSTPTR
  -------         ENDMOD        ?C?CSTPTR

  -------         MODULE        ?C?IMUL
  C:2C7DH         PUBLIC        ?C?IMUL
  -------         ENDMOD        ?C?IMUL

  -------         MODULE        ?C?UIDIV
  C:2C8FH         PUBLIC        ?C?UIDIV
  -------         ENDMOD        ?C?UIDIV

  -------         MODULE        ?C?SIDIV
  C:2CE4H         PUBLIC        ?C?SIDIV
  -------         ENDMOD        ?C?SIDIV

  -------         MODULE        ?C?ILDIX
  C:2D1AH         PUBLIC        ?C?ILDIX
  -------         ENDMOD        ?C?ILDIX

  -------         MODULE        ?C?ILDOPTR
  C:2D30H         PUBLIC        ?C?ILDOPTR
  -------         ENDMOD        ?C?ILDOPTR

BL51 BANKED LINKER/LOCATER V6.22                                                      09/03/2019  10:57:40  PAGE 63


  -------         MODULE        ?C?ISTPTR
  C:2D68H         PUBLIC        ?C?ISTPTR
  -------         ENDMOD        ?C?ISTPTR

  -------         MODULE        ?C?LMUL
  C:2D87H         PUBLIC        ?C?LMUL
  -------         ENDMOD        ?C?LMUL

  -------         MODULE        ?C?SLDIV
  C:78A8H         PUBLIC        ?C?SLDIV
  -------         ENDMOD        ?C?SLDIV

  -------         MODULE        ?C?LNEG
  C:2DD6H         PUBLIC        ?C?LNEG
  -------         ENDMOD        ?C?LNEG

  -------         MODULE        ?C?ULCMP
  C:2DE4H         PUBLIC        ?C?ULCMP
  -------         ENDMOD        ?C?ULCMP

  -------         MODULE        ?C?LSHL
  C:2DF5H         PUBLIC        ?C?LSHL
  -------         ENDMOD        ?C?LSHL

  -------         MODULE        ?C?LLDPTR
  C:2E08H         PUBLIC        ?C?LLDPTR
  -------         ENDMOD        ?C?LLDPTR

  -------         MODULE        ?C?LLDOPTR
  C:2E28H         PUBLIC        ?C?LLDOPTR
  -------         ENDMOD        ?C?LLDOPTR

  -------         MODULE        ?C?LSTPTR
  C:2E58H         PUBLIC        ?C?LSTPTR
  -------         ENDMOD        ?C?LSTPTR

  -------         MODULE        ?C?LSTOPTR
  C:2E72H         PUBLIC        ?C?LSTOPTR
  -------         ENDMOD        ?C?LSTOPTR

  -------         MODULE        ?C?LLDXDATA
  C:2E96H         PUBLIC        ?C?LLDXDATA
  -------         ENDMOD        ?C?LLDXDATA

  -------         MODULE        ?C?LLDCODE
  C:2EA2H         PUBLIC        ?C?LLDCODE
  -------         ENDMOD        ?C?LLDCODE

  -------         MODULE        ?C?LLDXDATA0
  C:2EB2H         PUBLIC        ?C?LLDXDATA0
  -------         ENDMOD        ?C?LLDXDATA0

  -------         MODULE        ?C?LLDCODE0
  C:2EBEH         PUBLIC        ?C?LLDCODE0
  -------         ENDMOD        ?C?LLDCODE0

  -------         MODULE        ?C?LLDPTR0
BL51 BANKED LINKER/LOCATER V6.22                                                      09/03/2019  10:57:40  PAGE 64


  C:2ECEH         PUBLIC        ?C?LLDPTR0
  -------         ENDMOD        ?C?LLDPTR0

  -------         MODULE        ?C?LSTXDATA
  C:2EEEH         PUBLIC        ?C?LSTXDATA
  -------         ENDMOD        ?C?LSTXDATA

  -------         MODULE        ?C?LSTKXDATA
  C:2EFAH         PUBLIC        ?C?LSTKXDATA
  -------         ENDMOD        ?C?LSTKXDATA

  -------         MODULE        ?C?LSTKPTR
  C:2F2BH         PUBLIC        ?C?LSTKPTR
  -------         ENDMOD        ?C?LSTKPTR

  -------         MODULE        ?C?OFFXADD
  C:2F45H         PUBLIC        ?C?OFFXADD
  -------         ENDMOD        ?C?OFFXADD

  -------         MODULE        ?C?PLDIXDATA
  C:2F51H         PUBLIC        ?C?PLDIXDATA
  -------         ENDMOD        ?C?PLDIXDATA

  -------         MODULE        ?C?PSTXDATA
  C:2F68H         PUBLIC        ?C?PSTXDATA
  -------         ENDMOD        ?C?PSTXDATA

  -------         MODULE        ?C?CCASE
  C:2F71H         PUBLIC        ?C?CCASE
  -------         ENDMOD        ?C?CCASE

  -------         MODULE        PUTCHAR
  C:7B2AH         PUBLIC        _PUTCHAR
  -------         ENDMOD        PUTCHAR

  -------         MODULE        ABS
  C:7DB2H         PUBLIC        _ABS
  -------         ENDMOD        ABS

  -------         MODULE        ATOI
  C:6E2CH         PUBLIC        _atoi
  -------         ENDMOD        ATOI

  -------         MODULE        ?C?IILDX
  C:2F97H         PUBLIC        ?C?IILDX
  -------         ENDMOD        ?C?IILDX

  -------         MODULE        ?C?ULDIV
  C:2FE9H         PUBLIC        ?C?ULDIV
  -------         ENDMOD        ?C?ULDIV

  -------         MODULE        ?C?LLDIDATA
  C:307BH         PUBLIC        ?C?LLDIDATA
  -------         ENDMOD        ?C?LLDIDATA

  -------         MODULE        ?C?LLDPDATA
  C:3087H         PUBLIC        ?C?LLDPDATA
BL51 BANKED LINKER/LOCATER V6.22                                                      09/03/2019  10:57:40  PAGE 65


  -------         ENDMOD        ?C?LLDPDATA

  -------         MODULE        ?C?LLDIDATA0
  C:3093H         PUBLIC        ?C?LLDIDATA0
  -------         ENDMOD        ?C?LLDIDATA0

  -------         MODULE        ?C?LLDPDATA0
  C:30A0H         PUBLIC        ?C?LLDPDATA0
  -------         ENDMOD        ?C?LLDPDATA0

  -------         MODULE        ?C?LSTIDATA
  C:30ADH         PUBLIC        ?C?LSTIDATA
  -------         ENDMOD        ?C?LSTIDATA

  -------         MODULE        ?C?LSTPDATA
  C:30B9H         PUBLIC        ?C?LSTPDATA
  -------         ENDMOD        ?C?LSTPDATA

  -------         MODULE        ?C?LSTKIDATA
  C:30C5H         PUBLIC        ?C?LSTKIDATA
  -------         ENDMOD        ?C?LSTKIDATA

  -------         MODULE        ?C?LSTKPDATA
  C:30DEH         PUBLIC        ?C?LSTKPDATA
  -------         ENDMOD        ?C?LSTKPDATA

  -------         MODULE        ISDIGIT
  C:7D70H         PUBLIC        _isdigit
  -------         ENDMOD        ISDIGIT

  -------         MODULE        ISSPACE
  C:7D0BH         PUBLIC        _isspace
  -------         ENDMOD        ISSPACE

*** WARNING L16: UNCALLED SEGMENT, IGNORED FOR OVERLAY PROCESS
    SEGMENT: ?PR?_FINDCLOSESTSAMEDAYCALIBTIME?CALIBRATION

*** WARNING L16: UNCALLED SEGMENT, IGNORED FOR OVERLAY PROCESS
    SEGMENT: ?PR?NOP?IOEXPANDER_PI4IOE5V96248

*** WARNING L16: UNCALLED SEGMENT, IGNORED FOR OVERLAY PROCESS
    SEGMENT: ?PR?UC_ACK?IOEXPANDER_PI4IOE5V96248

*** WARNING L16: UNCALLED SEGMENT, IGNORED FOR OVERLAY PROCESS
    SEGMENT: ?PR?UC_NACK?IOEXPANDER_PI4IOE5V96248

*** WARNING L16: UNCALLED SEGMENT, IGNORED FOR OVERLAY PROCESS
    SEGMENT: ?PR?_TEN?UART1

*** WARNING L16: UNCALLED SEGMENT, IGNORED FOR OVERLAY PROCESS
    SEGMENT: ?PR?_UNIT?UART1

*** WARNING L16: UNCALLED SEGMENT, IGNORED FOR OVERLAY PROCESS
    SEGMENT: ?PR?_DECTOBCD?UART1

*** WARNING L16: UNCALLED SEGMENT, IGNORED FOR OVERLAY PROCESS
    SEGMENT: ?PR?_ASCII_LETTER?UART1
BL51 BANKED LINKER/LOCATER V6.22                                                      09/03/2019  10:57:40  PAGE 66



*** WARNING L16: UNCALLED SEGMENT, IGNORED FOR OVERLAY PROCESS
    SEGMENT: ?PR?_ASCIITOBCD?UART1

Program Size: data=15.4 xdata=1646 code=32251
LINK/LOCATE RUN COMPLETE.  9 WARNING(S),  0 ERROR(S)
