BL51 BANKED LINKER/LOCATER V6.22                                                        01/25/2019  12:28:20  PAGE 1


BL51 BANKED LINKER/LOCATER V6.22, INVOKED BY:
C:\KEIL_V5\C51\BIN\BL51.EXE .\Obj\main.obj, .\Obj\PCF85063BTL.obj, .\Obj\UART1.obj, .\Obj\LCd_Driver_SPLC780D.obj, .\Obj
>> \KeyPad.obj, .\Obj\BipolarMotor.obj, .\Obj\SunPos.obj, .\Obj\ADC.obj, .\Obj\Calibration.obj, .\Obj\IOExpander_PI4IOE5
>> V96248.obj, .\Obj\STARTUP.obj TO .\Obj\GPIO_RTC_Test PRINT (.\Lis\GPIO_RTC_Test.m51) RAMSIZE (256)


MEMORY MODEL: LARGE WITH FLOATING POINT ARITHMETIC


INPUT MODULES INCLUDED:
  .\Obj\main.obj (MAIN)
  .\Obj\PCF85063BTL.obj (PCF85063BTL)
  .\Obj\UART1.obj (UART1)
  .\Obj\LCd_Driver_SPLC780D.obj (LCD_DRIVER_SPLC780D)
  .\Obj\KeyPad.obj (KEYPAD)
  .\Obj\BipolarMotor.obj (BIPOLARMOTOR)
  .\Obj\SunPos.obj (SUNPOS)
  .\Obj\ADC.obj (ADC)
  .\Obj\Calibration.obj (CALIBRATION)
  .\Obj\IOExpander_PI4IOE5V96248.obj (IOEXPANDER_PI4IOE5V96248)
  .\Obj\STARTUP.obj (?C_STARTUP)
  C:\KEIL_V5\C51\LIB\C51FPL.LIB (?C?FPADD)
  C:\KEIL_V5\C51\LIB\C51FPL.LIB (?C?FPMUL)
  C:\KEIL_V5\C51\LIB\C51FPL.LIB (?C?FPDIV)
  C:\KEIL_V5\C51\LIB\C51FPL.LIB (?C?FPCMP)
  C:\KEIL_V5\C51\LIB\C51FPL.LIB (?C?FPNEG)
  C:\KEIL_V5\C51\LIB\C51FPL.LIB (?C?FCAST)
  C:\KEIL_V5\C51\LIB\C51FPL.LIB (?C?CASTF)
  C:\KEIL_V5\C51\LIB\C51FPL.LIB (ATAN2)
  C:\KEIL_V5\C51\LIB\C51FPL.LIB (SIN)
  C:\KEIL_V5\C51\LIB\C51FPL.LIB (ACOS)
  C:\KEIL_V5\C51\LIB\C51FPL.LIB (ASIN)
  C:\KEIL_V5\C51\LIB\C51FPL.LIB (?C?FPGETOPN)
  C:\KEIL_V5\C51\LIB\C51FPL.LIB (?C?FPSERIES)
  C:\KEIL_V5\C51\LIB\C51FPL.LIB (SQRT)
  C:\KEIL_V5\C51\LIB\C51FPL.LIB (ATAN)
  C:\KEIL_V5\C51\LIB\C51L.LIB (?C_INIT)
  C:\KEIL_V5\C51\LIB\C51L.LIB (?C?COPY)
  C:\KEIL_V5\C51\LIB\C51L.LIB (?C?CLDPTR)
  C:\KEIL_V5\C51\LIB\C51L.LIB (?C?CLDOPTR)
  C:\KEIL_V5\C51\LIB\C51L.LIB (?C?CSTPTR)
  C:\KEIL_V5\C51\LIB\C51L.LIB (?C?IMUL)
  C:\KEIL_V5\C51\LIB\C51L.LIB (?C?UIDIV)
  C:\KEIL_V5\C51\LIB\C51L.LIB (?C?SIDIV)
  C:\KEIL_V5\C51\LIB\C51L.LIB (?C?ILDIX)
  C:\KEIL_V5\C51\LIB\C51L.LIB (?C?ILDOPTR)
  C:\KEIL_V5\C51\LIB\C51L.LIB (?C?LMUL)
  C:\KEIL_V5\C51\LIB\C51L.LIB (?C?SLDIV)
  C:\KEIL_V5\C51\LIB\C51L.LIB (?C?LNEG)
  C:\KEIL_V5\C51\LIB\C51L.LIB (?C?LLDPTR)
  C:\KEIL_V5\C51\LIB\C51L.LIB (?C?LLDOPTR)
  C:\KEIL_V5\C51\LIB\C51L.LIB (?C?LSTPTR)
  C:\KEIL_V5\C51\LIB\C51L.LIB (?C?LSTOPTR)
  C:\KEIL_V5\C51\LIB\C51L.LIB (?C?LLDXDATA)
  C:\KEIL_V5\C51\LIB\C51L.LIB (?C?LLDCODE)
  C:\KEIL_V5\C51\LIB\C51L.LIB (?C?LLDXDATA0)
  C:\KEIL_V5\C51\LIB\C51L.LIB (?C?LLDCODE0)
  C:\KEIL_V5\C51\LIB\C51L.LIB (?C?LLDPTR0)
BL51 BANKED LINKER/LOCATER V6.22                                                      01/25/2019  12:28:20  PAGE 2


  C:\KEIL_V5\C51\LIB\C51L.LIB (?C?LSTXDATA)
  C:\KEIL_V5\C51\LIB\C51L.LIB (?C?LSTKXDATA)
  C:\KEIL_V5\C51\LIB\C51L.LIB (?C?OFFXADD)
  C:\KEIL_V5\C51\LIB\C51L.LIB (ABS)
  C:\KEIL_V5\C51\LIB\C51L.LIB (ATOI)
  C:\KEIL_V5\C51\LIB\C51L.LIB (?C?IILDX)
  C:\KEIL_V5\C51\LIB\C51L.LIB (?C?ULDIV)
  C:\KEIL_V5\C51\LIB\C51L.LIB (?C?LLDIDATA)
  C:\KEIL_V5\C51\LIB\C51L.LIB (?C?LLDPDATA)
  C:\KEIL_V5\C51\LIB\C51L.LIB (?C?LLDIDATA0)
  C:\KEIL_V5\C51\LIB\C51L.LIB (?C?LLDPDATA0)
  C:\KEIL_V5\C51\LIB\C51L.LIB (?C?LSTIDATA)
  C:\KEIL_V5\C51\LIB\C51L.LIB (?C?LSTPDATA)
  C:\KEIL_V5\C51\LIB\C51L.LIB (ISDIGIT)
  C:\KEIL_V5\C51\LIB\C51L.LIB (ISSPACE)


LINK MAP OF MODULE:  .\Obj\GPIO_RTC_Test (MAIN)


            TYPE    BASE      LENGTH    RELOCATION   SEGMENT NAME
            -----------------------------------------------------

            * * * * * * *   D A T A   M E M O R Y   * * * * * * *
            REG     0000H     0008H     ABSOLUTE     "REG BANK 0"
                    0008H     0018H                  *** GAP ***
            BIT     0020H.0   0000H.5   UNIT         ?BI?KEYPAD
            BIT     0020H.5   0000H.3   UNIT         _BIT_GROUP_
            BIT     0021H.0   0000H.1   UNIT         ?BI?MAIN
            BIT     0021H.1   0000H.1   UNIT         ?BI?_ATOI?ATOI
                    0021H.2   0000H.6                *** GAP ***
            IDATA   0022H     0001H     UNIT         ?STACK

            * * * * * * *  X D A T A   M E M O R Y  * * * * * * *
            XDATA   0000H     02EFH     UNIT         ?XD?BIPOLARMOTOR
            XDATA   02EFH     0121H     UNIT         _XDATA_GROUP_
            XDATA   0410H     00D4H     UNIT         ?XD?MAIN
            XDATA   04E4H     0040H     UNIT         ?XD?_FINDDET4X4?BIPOLARMOTOR
            XDATA   0524H     0024H     UNIT         ?XD?_FINDDET3X3?BIPOLARMOTOR
            XDATA   0548H     0009H     UNIT         ?XD?KEYPAD
            XDATA   0551H     0005H     UNIT         ?XD?_ATOI?ATOI
            XDATA   0556H     0004H     UNIT         ?XD?_DISPLAY_PROX?MAIN
            XDATA   055AH     0003H     UNIT         ?XD?_SENDSTRING?UART1
            XDATA   055DH     0001H     UNIT         ?XD?UC_ACK?IOEXPANDER_PI4IOE5V96248
            XDATA   055EH     0001H     UNIT         ?XD?UC_NACK?IOEXPANDER_PI4IOE5V96248

            * * * * * * *   C O D E   M E M O R Y   * * * * * * *
            CODE    0000H     0003H     ABSOLUTE     
            CODE    0003H     0006H     UNIT         ?PR?_TEN?UART1
            CODE    0009H     0001H     UNIT         ?PR?TM0_ISR?MAIN
            CODE    000AH     0001H     UNIT         ?PR?_DECTOBCD?UART1
            CODE    000BH     0003H     ABSOLUTE     
            CODE    000EH     0AC3H     UNIT         ?PR?_UPDATE_POSITION?BIPOLARMOTOR
            CODE    0AD1H     0927H     UNIT         ?C?LIB_CODE
            CODE    13F8H     0829H     UNIT         ?PR?MAIN?MAIN
            CODE    1C21H     07A2H     UNIT         ?PR?SUNPOS?SUNPOS
            CODE    23C3H     0355H     UNIT         ?C_INITSEG
BL51 BANKED LINKER/LOCATER V6.22                                                      01/25/2019  12:28:20  PAGE 3


            CODE    2718H     02C0H     UNIT         ?PR?_FINDDET4X4?BIPOLARMOTOR
            CODE    29D8H     02A0H     UNIT         ?PR?KEY_PROCESS?KEYPAD
            CODE    2C78H     01D1H     UNIT         ?PR?_FINDDET3X3?BIPOLARMOTOR
            CODE    2E49H     01B5H     UNIT         ?PR?_DISPLAY_POS?MAIN
            CODE    2FFEH     018DH     UNIT         ?PR?KEY_SCAN?KEYPAD
            CODE    318BH     0188H     UNIT         ?PR?SIN?SIN
            CODE    3313H     013EH     UNIT         ?PR?_FIND_REAL_MAX?CALIBRATION
            CODE    3451H     0122H     UNIT         ?PR?ATAN?ATAN
            CODE    3573H     00E4H     UNIT         ?PR?_CALIBRATION?CALIBRATION
            CODE    3657H     00DBH     UNIT         ?PR?_ATOI?ATOI
            CODE    3732H     00C3H     UNIT         ?PR?LINEAR_INTERPOLATE?BIPOLARMOTOR
            CODE    37F5H     00BBH     UNIT         ?PR?VOLTAGE_IS_STABLE?CALIBRATION
            CODE    38B0H     00ADH     UNIT         ?PR?_WRITE_PI4IOE5V96248?IOEXPANDER_PI4IOE5V96248
            CODE    395DH     00ACH     UNIT         ?PR?SQRT?SQRT
            CODE    3A09H     009DH     UNIT         ?PR?_ATAN2?ATAN2
            CODE    3AA6H     0096H     UNIT         ?PR?_MAX_VALUE?CALIBRATION
            CODE    3B3CH     0095H     UNIT         ?PR?_DISPLAY_PROX?MAIN
            CODE    3BD1H     008CH     UNIT         ?C_C51STARTUP
            CODE    3C5DH     0084H     UNIT         ?PR?_DAY_OF_YEAR?PCF85063BTL
            CODE    3CE1H     0075H     UNIT         ?PR?_WRITEDATA?LCD_DRIVER_SPLC780D
            CODE    3D56H     006FH     UNIT         ?PR?_READ_TIME?PCF85063BTL
            CODE    3DC5H     0059H     UNIT         ?PR?LCD_INIT?LCD_DRIVER_SPLC780D
            CODE    3E1EH     004AH     UNIT         ?PR?VONESTEPMOVE?BIPOLARMOTOR
            CODE    3E68H     004AH     UNIT         ?PR?ACOS?ACOS
            CODE    3EB2H     0044H     UNIT         ?C?LDIV
            CODE    3EF6H     0040H     UNIT         ?PR?_COMMAND?LCD_DRIVER_SPLC780D
            CODE    3F36H     0040H     UNIT         ?PR?_STEP_MOVE?BIPOLARMOTOR
            CODE    3F76H     003BH     UNIT         ?PR?ASIN?ASIN
            CODE    3FB1H     0033H     UNIT         ?PR?_SENDSTRING?UART1
            CODE    3FE4H     002BH     UNIT         ?PR?_WAIT_MS_I2C?IOEXPANDER_PI4IOE5V96248
            CODE    400FH     0028H     UNIT         ?PR?_MOVE?BIPOLARMOTOR
            CODE    4037H     0027H     UNIT         ?PR?_I2C_SENDBYTE?IOEXPANDER_PI4IOE5V96248
            CODE    405EH     0026H     UNIT         ?PR?_ADC_GETRESULT?ADC
            CODE    4084H     0024H     UNIT         ?PR?_WAIT_MS?LCD_DRIVER_SPLC780D
            CODE    40A8H     0020H     UNIT         ?PR?_SPI_SENDBYTE?PCF85063BTL
            CODE    40C8H     0020H     UNIT         ?PR?SPI_RECEIVEBYTE?PCF85063BTL
            CODE    40E8H     001EH     UNIT         ?PR?_DELAY_MS?KEYPAD
            CODE    4106H     001DH     UNIT         ?PR?_DISPLAYLCD?LCD_DRIVER_SPLC780D
            CODE    4123H     001DH     UNIT         ?PR?ADC_INIT?ADC
            CODE    4140H     001BH     UNIT         ?PR?_BCDTODEC1?BIPOLARMOTOR
            CODE    415BH     0018H     UNIT         ?PR?_SPI_WRITETIME?PCF85063BTL
            CODE    4173H     0017H     UNIT         ?PR?_ASCIITOBCD?UART1
            CODE    418AH     0016H     UNIT         ?PR?I2C_ACK?IOEXPANDER_PI4IOE5V96248
            CODE    41A0H     0015H     UNIT         ?PR?_DISPLAY_LINE?LCD_DRIVER_SPLC780D
            CODE    41B5H     0015H     UNIT         ?PR?I2C_STOP?IOEXPANDER_PI4IOE5V96248
            CODE    41CAH     0014H     UNIT         ?PR?_PCF85063BTL_DELAY?PCF85063BTL
            CODE    41DEH     0014H     UNIT         ?PR?_ISSPACE?ISSPACE
            CODE    41F2H     0011H     UNIT         ?PR?_SPI_READTIME?PCF85063BTL
            CODE    4203H     0011H     UNIT         ?PR?_BCDTODEC?PCF85063BTL
            CODE    4214H     0011H     UNIT         ?PR?INITUART1?UART1
            CODE    4225H     000FH     UNIT         ?PR?I2C_START?IOEXPANDER_PI4IOE5V96248
            CODE    4234H     000FH     UNIT         ?PR?UC_NACK?IOEXPANDER_PI4IOE5V96248
            CODE    4243H     000FH     UNIT         ?PR?_ISDIGIT?ISDIGIT
            CODE    4252H     000DH     UNIT         ?PR?SPI_INIT?PCF85063BTL
            CODE    425FH     000CH     UNIT         ?PR?KEYPAD_IO_INIT?KEYPAD
            CODE    426BH     000CH     UNIT         ?PR?_ABS?ABS
            CODE    4277H     000AH     UNIT         ?PR?LCD_RETURN_HOME?LCD_DRIVER_SPLC780D
BL51 BANKED LINKER/LOCATER V6.22                                                      01/25/2019  12:28:20  PAGE 4


            CODE    4281H     000AH     UNIT         ?PR?LCD_CLEAR?LCD_DRIVER_SPLC780D
            CODE    428BH     0006H     UNIT         ?PR?UC_ACK?IOEXPANDER_PI4IOE5V96248
            CODE    4291H     0005H     UNIT         ?PR?_UNIT?UART1
            CODE    4296H     0005H     UNIT         ?PR?_ASCII_LETTER?UART1
            CODE    429BH     0001H     UNIT         ?PR?WAIT?BIPOLARMOTOR
            CODE    429CH     0001H     UNIT         ?PR?NOP?IOEXPANDER_PI4IOE5V96248



OVERLAY MAP OF MODULE:   .\Obj\GPIO_RTC_Test (MAIN)


SEGMENT                                             BIT_GROUP          XDATA_GROUP
  +--> CALLED SEGMENT                            START    LENGTH     START    LENGTH
------------------------------------------------------------------------------------
?C_C51STARTUP                                    -----    -----      -----    -----
  +--> ?PR?MAIN?MAIN
  +--> ?C_INITSEG

?PR?MAIN?MAIN                                    -----    -----      02EFH    0019H
  +--> ?PR?LCD_INIT?LCD_DRIVER_SPLC780D
  +--> ?PR?SPI_INIT?PCF85063BTL
  +--> ?PR?KEYPAD_IO_INIT?KEYPAD
  +--> ?PR?ADC_INIT?ADC
  +--> ?PR?_SPI_WRITETIME?PCF85063BTL
  +--> ?PR?_DELAY_MS?KEYPAD
  +--> ?PR?_DISPLAY_LINE?LCD_DRIVER_SPLC780D
  +--> ?PR?_WRITEDATA?LCD_DRIVER_SPLC780D
  +--> ?PR?KEY_PROCESS?KEYPAD
  +--> ?PR?_COMMAND?LCD_DRIVER_SPLC780D
  +--> ?PR?_DISPLAY_POS?MAIN
  +--> ?PR?_DISPLAYLCD?LCD_DRIVER_SPLC780D
  +--> ?PR?_STEP_MOVE?BIPOLARMOTOR
  +--> ?PR?LCD_RETURN_HOME?LCD_DRIVER_SPLC780D
  +--> ?PR?_READ_TIME?PCF85063BTL
  +--> ?PR?_BCDTODEC1?BIPOLARMOTOR
  +--> ?PR?_CALIBRATION?CALIBRATION
  +--> ?PR?_UPDATE_POSITION?BIPOLARMOTOR
  +--> ?PR?LINEAR_INTERPOLATE?BIPOLARMOTOR

?PR?LCD_INIT?LCD_DRIVER_SPLC780D                 -----    -----      -----    -----
  +--> ?PR?_WAIT_MS?LCD_DRIVER_SPLC780D
  +--> ?PR?_COMMAND?LCD_DRIVER_SPLC780D

?PR?_COMMAND?LCD_DRIVER_SPLC780D                 -----    -----      -----    -----
  +--> ?PR?_WAIT_MS?LCD_DRIVER_SPLC780D

?PR?ADC_INIT?ADC                                 -----    -----      -----    -----
  +--> ?PR?_WAIT_MS?LCD_DRIVER_SPLC780D

?PR?_SPI_WRITETIME?PCF85063BTL                   -----    -----      -----    -----
  +--> ?PR?_SPI_SENDBYTE?PCF85063BTL

?PR?_SPI_SENDBYTE?PCF85063BTL                    -----    -----      -----    -----
  +--> ?PR?_PCF85063BTL_DELAY?PCF85063BTL

?PR?_DISPLAY_LINE?LCD_DRIVER_SPLC780D            -----    -----      -----    -----
BL51 BANKED LINKER/LOCATER V6.22                                                      01/25/2019  12:28:20  PAGE 5


  +--> ?PR?_COMMAND?LCD_DRIVER_SPLC780D

?PR?_WRITEDATA?LCD_DRIVER_SPLC780D               -----    -----      0312H    0001H
  +--> ?PR?_WAIT_MS?LCD_DRIVER_SPLC780D

?PR?KEY_PROCESS?KEYPAD                           -----    -----      0308H    0006H
  +--> ?PR?KEY_SCAN?KEYPAD
  +--> ?PR?_SPI_WRITETIME?PCF85063BTL
  +--> ?PR?LCD_CLEAR?LCD_DRIVER_SPLC780D
  +--> ?PR?_COMMAND?LCD_DRIVER_SPLC780D
  +--> ?PR?_WRITEDATA?LCD_DRIVER_SPLC780D

?PR?KEY_SCAN?KEYPAD                              -----    -----      030EH    0003H

?PR?LCD_CLEAR?LCD_DRIVER_SPLC780D                -----    -----      -----    -----
  +--> ?PR?_COMMAND?LCD_DRIVER_SPLC780D

?PR?_DISPLAY_POS?MAIN                            -----    -----      0308H    000AH
  +--> ?PR?_ABS?ABS
  +--> ?PR?_WRITEDATA?LCD_DRIVER_SPLC780D

?PR?_DISPLAYLCD?LCD_DRIVER_SPLC780D              -----    -----      0308H    0001H
  +--> ?PR?_WRITEDATA?LCD_DRIVER_SPLC780D

?PR?_STEP_MOVE?BIPOLARMOTOR                      0020H.6  0000H.1    03ABH    0004H
  +--> ?PR?VONESTEPMOVE?BIPOLARMOTOR

?PR?VONESTEPMOVE?BIPOLARMOTOR                    0020H.7  0000H.1    -----    -----
  +--> ?PR?_WRITE_PI4IOE5V96248?IOEXPANDER_P...
  +--> ?PR?_DELAY_MS?KEYPAD

?PR?_WRITE_PI4IOE5V96248?IOEXPANDER_P...         -----    -----      03AFH    0003H
  +--> ?PR?I2C_START?IOEXPANDER_PI4IOE5V96248
  +--> ?PR?_WAIT_MS_I2C?IOEXPANDER_PI4IOE5V9...
  +--> ?PR?_I2C_SENDBYTE?IOEXPANDER_PI4IOE5V...
  +--> ?PR?I2C_ACK?IOEXPANDER_PI4IOE5V96248
  +--> ?PR?I2C_STOP?IOEXPANDER_PI4IOE5V96248

?PR?I2C_START?IOEXPANDER_PI4IOE5V96248           -----    -----      -----    -----
  +--> ?PR?_WAIT_MS_I2C?IOEXPANDER_PI4IOE5V9...

?PR?_I2C_SENDBYTE?IOEXPANDER_PI4IOE5V...         -----    -----      -----    -----
  +--> ?PR?_WAIT_MS_I2C?IOEXPANDER_PI4IOE5V9...

?PR?I2C_ACK?IOEXPANDER_PI4IOE5V96248             -----    -----      03B2H    0001H
  +--> ?PR?_WAIT_MS_I2C?IOEXPANDER_PI4IOE5V9...

?PR?I2C_STOP?IOEXPANDER_PI4IOE5V96248            -----    -----      -----    -----
  +--> ?PR?_WAIT_MS_I2C?IOEXPANDER_PI4IOE5V9...

?PR?LCD_RETURN_HOME?LCD_DRIVER_SPLC780D          -----    -----      -----    -----
  +--> ?PR?_COMMAND?LCD_DRIVER_SPLC780D

?PR?_READ_TIME?PCF85063BTL                       -----    -----      0308H    000FH
  +--> ?PR?_SPI_READTIME?PCF85063BTL

?PR?_SPI_READTIME?PCF85063BTL                    -----    -----      -----    -----
BL51 BANKED LINKER/LOCATER V6.22                                                      01/25/2019  12:28:20  PAGE 6


  +--> ?PR?_SPI_SENDBYTE?PCF85063BTL
  +--> ?PR?SPI_RECEIVEBYTE?PCF85063BTL

?PR?SPI_RECEIVEBYTE?PCF85063BTL                  -----    -----      -----    -----
  +--> ?PR?_PCF85063BTL_DELAY?PCF85063BTL

?PR?_CALIBRATION?CALIBRATION                     -----    -----      0308H    0014H
  +--> ?PR?VOLTAGE_IS_STABLE?CALIBRATION
  +--> ?PR?_UPDATE_POSITION?BIPOLARMOTOR
  +--> ?PR?_FIND_REAL_MAX?CALIBRATION

?PR?VOLTAGE_IS_STABLE?CALIBRATION                -----    -----      031CH    0018H
  +--> ?PR?_ADC_GETRESULT?ADC
  +--> ?PR?_ABS?ABS

?PR?_UPDATE_POSITION?BIPOLARMOTOR                -----    -----      031CH    008BH
  +--> ?PR?_BCDTODEC1?BIPOLARMOTOR
  +--> ?PR?SUNPOS?SUNPOS
  +--> ?PR?SIN?SIN
  +--> ?PR?ASIN?ASIN
  +--> ?PR?LINEAR_INTERPOLATE?BIPOLARMOTOR
  +--> ?PR?_ABS?ABS
  +--> ?PR?_MOVE?BIPOLARMOTOR

?PR?SUNPOS?SUNPOS                                -----    -----      03A7H    005DH
  +--> ?PR?SIN?SIN
  +--> ?PR?_ATAN2?ATAN2
  +--> ?PR?ASIN?ASIN
  +--> ?PR?ACOS?ACOS

?PR?SIN?SIN                                      0020H.5  0000H.1    0404H    0004H

?PR?_ATAN2?ATAN2                                 -----    -----      0404H    0008H
  +--> ?PR?ATAN?ATAN

?PR?ATAN?ATAN                                    0020H.5  0000H.2    040CH    0004H

?PR?ASIN?ASIN                                    -----    -----      -----    -----
  +--> ?PR?SQRT?SQRT
  +--> ?PR?ATAN?ATAN

?PR?SQRT?SQRT                                    -----    -----      0404H    0004H

?PR?ACOS?ACOS                                    -----    -----      -----    -----
  +--> ?PR?SQRT?SQRT
  +--> ?PR?ATAN?ATAN

?PR?LINEAR_INTERPOLATE?BIPOLARMOTOR              -----    -----      03A7H    0014H

?PR?_MOVE?BIPOLARMOTOR                           0020H.5  0000H.1    03A7H    0004H
  +--> ?PR?_STEP_MOVE?BIPOLARMOTOR

?PR?_FIND_REAL_MAX?CALIBRATION                   -----    -----      031CH    0084H
  +--> ?PR?_MOVE?BIPOLARMOTOR
  +--> ?PR?_ADC_GETRESULT?ADC
  +--> ?PR?_WAIT_MS?LCD_DRIVER_SPLC780D
  +--> ?PR?_MAX_VALUE?CALIBRATION
BL51 BANKED LINKER/LOCATER V6.22                                                      01/25/2019  12:28:20  PAGE 7



?PR?_MAX_VALUE?CALIBRATION                       -----    -----      03A0H    0004H



UNRESOLVED EXTERNAL SYMBOLS:
   AUTO_MODE
   _SENDUART1



SYMBOL TABLE OF MODULE:  .\Obj\GPIO_RTC_Test (MAIN)

  VALUE           TYPE          NAME
  ----------------------------------

  -------         MODULE        MAIN
  C:0000H         SYMBOL        _ICE_DUMMY_
  X:0418H         PUBLIC        calib_value
  D:0080H         PUBLIC        P0
  D:00B2H         PUBLIC        P3M0
  D:0090H         PUBLIC        P1
  D:00B1H         PUBLIC        P3M1
  D:00A0H         PUBLIC        P2
  D:00B0H         PUBLIC        P3
  D:00C0H         PUBLIC        P4
  D:00C8H         PUBLIC        P5
  X:046CH         SYMBOL        PressedKey
  B:00A8H.7       PUBLIC        EA
  D:00E8H         PUBLIC        P6
  X:0470H         PUBLIC        calib_stamp
  D:00F8H         PUBLIC        P7
  X:0471H         PUBLIC        RX_Data_Uart_Cnt
  D:00A8H         PUBLIC        IE
  X:0473H         PUBLIC        calib_time
  D:00B8H         PUBLIC        IP
  X:04C7H         PUBLIC        months
  D:00D8H         PUBLIC        CCON
  C:13F8H         PUBLIC        main
  X:04C8H         PUBLIC        count
  X:04CAH         PUBLIC        days
  X:04CBH         PUBLIC        hours
  D:0098H         PUBLIC        SCON
  D:0089H         PUBLIC        TMOD
  D:0088H         PUBLIC        TCON
  B:00A0H.3       PUBLIC        P23
  X:04CCH         SYMBOL        KeyCount
  X:04CEH         PUBLIC        mins
  X:04CFH         PUBLIC        Rec_data_hour
  X:04D2H         PUBLIC        Rec_data_min
  D:008EH         PUBLIC        AUXR
  C:0009H         PUBLIC        tm0_isr
  B:0021H.0       PUBLIC        busy
  B:00A8H.1       PUBLIC        ET0
  D:008CH         PUBLIC        TH0
  X:04D5H         PUBLIC        hour_count
  D:008AH         PUBLIC        TL0
BL51 BANKED LINKER/LOCATER V6.22                                                      01/25/2019  12:28:20  PAGE 8


  X:04D6H         PUBLIC        min_count
  B:0088H.4       PUBLIC        TR0
  X:04D7H         SYMBOL        KeyNum
  X:04D8H         SYMBOL        KeyNum_Old
  X:04D9H         PUBLIC        current_position
  X:04DDH         PUBLIC        hours1
  X:04DEH         PUBLIC        hours2
  C:3B3CH         PUBLIC        _Display_Prox
  X:04DFH         PUBLIC        mins1
  X:04E0H         PUBLIC        mins2
  C:2E49H         PUBLIC        _Display_Pos
  X:04E1H         PUBLIC        seconds
  X:04E2H         PUBLIC        st_time
  D:00D0H         PUBLIC        PSW
  -------         PROC          TM0_ISR
  C:0009H         LINE#         86
  C:0009H         LINE#         88
  -------         ENDPROC       TM0_ISR
  -------         PROC          MAIN
  -------         DO            
  X:02EFH         SYMBOL        prox_data
  X:0410H         SYMBOL        KeyCount
  X:0412H         SYMBOL        KeyNum_Old
  X:0413H         SYMBOL        KeyNum
  X:0414H         SYMBOL        PressedKey
  X:02F1H         SYMBOL        prox_flag
  X:02F2H         SYMBOL        iUse_prevday_calib_value
  X:02F4H         SYMBOL        calib_point1
  X:02FCH         SYMBOL        calib_point2
  X:0304H         SYMBOL        calib_day
  X:0306H         SYMBOL        calib_count
  -------         ENDDO         
  C:13F8H         LINE#         90
  C:13F8H         LINE#         91
  C:13F8H         LINE#         96
  C:13FEH         LINE#         97
  C:1403H         LINE#         100
  C:1409H         LINE#         104
  C:140BH         LINE#         105
  C:140DH         LINE#         106
  C:140FH         LINE#         107
  C:1411H         LINE#         109
  C:1417H         LINE#         118
  C:1419H         LINE#         119
  C:141CH         LINE#         120
  C:141FH         LINE#         121
  C:1422H         LINE#         122
  C:1425H         LINE#         123
  C:1428H         LINE#         126
  C:142BH         LINE#         128
  C:142EH         LINE#         129
  C:1431H         LINE#         130
  C:1434H         LINE#         131
  C:1436H         LINE#         132
  C:1438H         LINE#         133
  C:143AH         LINE#         135
  C:143CH         LINE#         136
BL51 BANKED LINKER/LOCATER V6.22                                                      01/25/2019  12:28:20  PAGE 9


  C:1443H         LINE#         137
  C:144AH         LINE#         138
  C:1451H         LINE#         139
  C:1458H         LINE#         143
  C:145FH         LINE#         144
  C:1464H         LINE#         145
  C:1469H         LINE#         146
  C:146EH         LINE#         147
  C:1473H         LINE#         148
  C:1478H         LINE#         151
  C:1491H         LINE#         152
  C:1491H         LINE#         153
  C:14ADH         LINE#         154
  C:14F4H         LINE#         155
  C:1505H         LINE#         156
  C:1505H         LINE#         157
  C:1505H         LINE#         158
  C:1508H         LINE#         161
  C:1508H         LINE#         164
  C:150DH         LINE#         165
  C:1512H         LINE#         167
  C:1517H         LINE#         168
  C:151CH         LINE#         169
  C:1521H         LINE#         170
  C:1526H         LINE#         172
  C:1537H         LINE#         174
  C:153EH         LINE#         175
  C:1546H         LINE#         176
  C:154BH         LINE#         177
  C:1553H         LINE#         178
  C:1558H         LINE#         179
  C:1562H         LINE#         180
  C:1567H         LINE#         181
  C:156FH         LINE#         183
  C:1577H         LINE#         184
  C:157CH         LINE#         185
  C:1586H         LINE#         186
  C:1586H         LINE#         187
  C:1588H         LINE#         188
  C:158AH         LINE#         189
  C:1594H         LINE#         190
  C:1594H         LINE#         191
  C:1599H         LINE#         192
  C:1599H         LINE#         204
  C:15A6H         LINE#         205
  C:15A6H         LINE#         206
  C:15B0H         LINE#         207
  C:15C7H         LINE#         208
  C:15C7H         LINE#         209
  C:15C9H         LINE#         210
  C:15CBH         LINE#         212
  C:15CBH         LINE#         213
  C:15D6H         LINE#         214
  C:15D6H         LINE#         215
  C:15DBH         LINE#         216
  C:15DBH         LINE#         217
  C:15E8H         LINE#         218
BL51 BANKED LINKER/LOCATER V6.22                                                      01/25/2019  12:28:20  PAGE 10


  C:15E8H         LINE#         221
  C:15F2H         LINE#         222
  C:1609H         LINE#         223
  C:1609H         LINE#         224
  C:160BH         LINE#         225
  C:160DH         LINE#         227
  C:160DH         LINE#         228
  C:1618H         LINE#         229
  C:1618H         LINE#         230
  C:161DH         LINE#         231
  C:161FH         LINE#         232
  C:161FH         LINE#         241
  C:1641H         LINE#         242
  C:1641H         LINE#         243
  C:164BH         LINE#         244
  C:1651H         LINE#         245
  C:1653H         LINE#         246
  C:1655H         LINE#         247
  C:1657H         LINE#         248
  C:1657H         LINE#         249
  C:165AH         LINE#         251
  C:165AH         LINE#         252
  C:1660H         LINE#         253
  C:1668H         LINE#         254
  C:166EH         LINE#         255
  C:1676H         LINE#         256
  C:16B1H         LINE#         260
  C:16BEH         LINE#         261
  C:16BEH         LINE#         263
  C:16F1H         LINE#         264
  C:16FEH         LINE#         265
  C:16FEH         LINE#         267
  C:1721H         LINE#         268
  C:1721H         LINE#         269
  C:1743H         LINE#         270
  C:1743H         LINE#         271
  C:17BFH         LINE#         272
  C:1805H         LINE#         276
  C:1808H         LINE#         277
  C:1819H         LINE#         278
  C:1819H         LINE#         279
  C:1819H         LINE#         281
  C:1819H         LINE#         285
  C:181CH         LINE#         287
  C:181CH         LINE#         288
  C:183EH         LINE#         289
  C:183EH         LINE#         290
  C:18BAH         LINE#         291
  C:1912H         LINE#         292
  C:1912H         LINE#         293
  C:1912H         LINE#         294
  C:1915H         LINE#         298
  C:1915H         LINE#         301
  C:193DH         LINE#         302
  C:193DH         LINE#         303
  C:195FH         LINE#         304
  C:195FH         LINE#         305
BL51 BANKED LINKER/LOCATER V6.22                                                      01/25/2019  12:28:20  PAGE 11


  C:19DBH         LINE#         306
  C:1A35H         LINE#         311
  C:1A38H         LINE#         312
  C:1A49H         LINE#         313
  C:1A49H         LINE#         314
  C:1A51H         LINE#         316
  C:1A51H         LINE#         319
  C:1A54H         LINE#         321
  C:1A54H         LINE#         323
  C:1A76H         LINE#         324
  C:1A76H         LINE#         325
  C:1AF2H         LINE#         327
  C:1B1FH         LINE#         328
  C:1B3AH         LINE#         329
  C:1B67H         LINE#         330
  C:1B82H         LINE#         332
  C:1C1EH         LINE#         335
  C:1C1EH         LINE#         336
  C:1C1EH         LINE#         337
  C:1C1EH         LINE#         339
  C:1C1EH         LINE#         340
  -------         ENDPROC       MAIN
  -------         PROC          _DISPLAY_PROX
  D:0002H         SYMBOL        dat
  -------         DO            
  X:0556H         SYMBOL        unit
  X:0557H         SYMBOL        ten
  X:0558H         SYMBOL        hundred
  X:0559H         SYMBOL        thousand
  -------         ENDDO         
  C:3B3CH         LINE#         424
  C:3B40H         LINE#         425
  C:3B40H         LINE#         427
  C:3B4CH         LINE#         428
  C:3B5CH         LINE#         429
  C:3B78H         LINE#         430
  C:3BA8H         LINE#         431
  C:3BB2H         LINE#         432
  C:3BBCH         LINE#         433
  C:3BC6H         LINE#         434
  C:3BD0H         LINE#         436
  -------         ENDPROC       _DISPLAY_PROX
  -------         PROC          _DISPLAY_POS
  X:0308H         SYMBOL        sign_dat
  -------         DO            
  X:030CH         SYMBOL        unit
  X:030DH         SYMBOL        ten
  X:030EH         SYMBOL        hundred
  D:0003H         SYMBOL        thousand
  X:030FH         SYMBOL        after_dot
  X:0310H         SYMBOL        dat
  -------         ENDDO         
  C:2E49H         LINE#         439
  C:2E4FH         LINE#         440
  C:2E4FH         LINE#         444
  C:2E6BH         LINE#         445
  C:2E85H         LINE#         446
BL51 BANKED LINKER/LOCATER V6.22                                                      01/25/2019  12:28:20  PAGE 12


  C:2EA9H         LINE#         448
  C:2EF3H         LINE#         450
  C:2F0AH         LINE#         451
  C:2F17H         LINE#         452
  C:2F39H         LINE#         453
  C:2F6EH         LINE#         454
  C:2F86H         LINE#         455
  C:2F86H         LINE#         457
  C:2F90H         LINE#         458
  C:2F9AH         LINE#         459
  C:2FA4H         LINE#         460
  C:2FA9H         LINE#         461
  C:2FB3H         LINE#         462
  C:2FB8H         LINE#         463
  C:2FBDH         LINE#         464
  C:2FBFH         LINE#         465
  C:2FC1H         LINE#         467
  C:2FC1H         LINE#         469
  C:2FC6H         LINE#         470
  C:2FD0H         LINE#         471
  C:2FDAH         LINE#         472
  C:2FE4H         LINE#         473
  C:2FE9H         LINE#         474
  C:2FF3H         LINE#         475
  C:2FF8H         LINE#         476
  C:2FFDH         LINE#         478
  C:2FFDH         LINE#         480
  -------         ENDPROC       _DISPLAY_POS
  -------         ENDMOD        MAIN

  -------         MODULE        PCF85063BTL
  C:0000H         SYMBOL        _ICE_DUMMY_
  D:0096H         PUBLIC        P2M0
  D:0080H         PUBLIC        P0
  D:0095H         PUBLIC        P2M1
  D:0090H         PUBLIC        P1
  D:00A0H         PUBLIC        P2
  D:00B0H         PUBLIC        P3
  D:00C0H         PUBLIC        P4
  D:00C8H         PUBLIC        P5
  D:00E8H         PUBLIC        P6
  B:00A0H.1       PUBLIC        PCF85063BTL_SDI
  D:00F8H         PUBLIC        P7
  B:00A0H.2       PUBLIC        PCF85063BTL_SCK
  B:00A0H.1       PUBLIC        PCF85063BTL_SDO
  D:00A8H         PUBLIC        IE
  C:3D56H         PUBLIC        _Read_time
  C:41D0H         PUBLIC        _PCF85063BTL_Delay
  D:00B8H         PUBLIC        IP
  D:00D8H         PUBLIC        CCON
  C:3C5DH         PUBLIC        _Day_Of_Year
  C:40C8H         PUBLIC        SPI_ReceiveByte
  D:0098H         PUBLIC        SCON
  D:0088H         PUBLIC        TCON
  C:4203H         PUBLIC        _BCDtoDec
  B:00A0H.0       PUBLIC        PCF85063BTL_CS
  C:41F2H         PUBLIC        _SPI_ReadTime
BL51 BANKED LINKER/LOCATER V6.22                                                      01/25/2019  12:28:20  PAGE 13


  C:4252H         PUBLIC        SPI_Init
  C:415BH         PUBLIC        _SPI_WriteTime
  C:40A8H         PUBLIC        _SPI_SendByte
  D:00D0H         PUBLIC        PSW
  C:41CCH         SYMBOL        L?0047
  -------         PROC          L?0046
  -------         ENDPROC       L?0046
  C:41CCH         SYMBOL        L?0047
  -------         PROC          _PCF85063BTL_DELAY
  D:0006H         SYMBOL        us
  C:41D0H         LINE#         8
  C:41D0H         LINE#         9
  C:41D0H         LINE#         10
  C:41DAH         LINE#         11
  C:41DAH         LINE#         12
  C:41DBH         LINE#         13
  C:41DDH         LINE#         14
  -------         ENDPROC       _PCF85063BTL_DELAY
  -------         PROC          _SPI_SENDBYTE
  D:0005H         SYMBOL        dat
  -------         DO            
  D:0003H         SYMBOL        i
  -------         ENDDO         
  C:40A8H         LINE#         17
  C:40AAH         LINE#         18
  C:40AAH         LINE#         20
  C:40ACH         LINE#         21
  C:40ACH         LINE#         22
  C:40AEH         LINE#         23
  C:40B2H         LINE#         24
  C:40B2H         LINE#         25
  C:40B4H         LINE#         26
  C:40B6H         LINE#         28
  C:40B6H         LINE#         29
  C:40B8H         LINE#         30
  C:40B8H         LINE#         31
  C:40BBH         LINE#         32
  C:40BBH         LINE#         33
  C:40BEH         LINE#         34
  C:40C2H         LINE#         35
  C:40C7H         LINE#         36
  -------         ENDPROC       _SPI_SENDBYTE
  -------         PROC          SPI_RECEIVEBYTE
  -------         DO            
  D:0003H         SYMBOL        i
  D:0005H         SYMBOL        dat
  -------         ENDDO         
  C:40C8H         LINE#         39
  C:40C8H         LINE#         40
  C:40C8H         LINE#         42
  C:40CAH         LINE#         44
  C:40CCH         LINE#         45
  C:40CDH         LINE#         46
  C:40CDH         LINE#         47
  C:40D1H         LINE#         48
  C:40D3H         LINE#         49
  C:40D6H         LINE#         51
BL51 BANKED LINKER/LOCATER V6.22                                                      01/25/2019  12:28:20  PAGE 14


  C:40D9H         LINE#         52
  C:40D9H         LINE#         53
  C:40DDH         LINE#         54
  C:40DDH         LINE#         55
  C:40DDH         LINE#         56
  C:40E0H         LINE#         57
  C:40E5H         LINE#         58
  C:40E7H         LINE#         59
  -------         ENDPROC       SPI_RECEIVEBYTE
  -------         PROC          _SPI_READTIME
  D:0007H         SYMBOL        addr
  -------         DO            
  D:0006H         SYMBOL        dat
  -------         ENDDO         
  C:41F2H         LINE#         61
  C:41F2H         LINE#         62
  C:41F2H         LINE#         64
  C:41F4H         LINE#         65
  C:41F6H         LINE#         66
  C:41FDH         LINE#         67
  C:4200H         LINE#         68
  C:4202H         LINE#         69
  C:4202H         LINE#         70
  -------         ENDPROC       _SPI_READTIME
  -------         PROC          _SPI_WRITETIME
  D:0002H         SYMBOL        val
  D:0005H         SYMBOL        addr
  C:415BH         LINE#         71
  C:415DH         LINE#         72
  C:415DH         LINE#         74
  C:415FH         LINE#         75
  C:4166H         LINE#         76
  C:416BH         LINE#         77
  C:4170H         LINE#         78
  C:4172H         LINE#         79
  -------         ENDPROC       _SPI_WRITETIME
  -------         PROC          SPI_INIT
  C:4252H         LINE#         83
  C:4252H         LINE#         84
  C:4252H         LINE#         89
  C:4255H         LINE#         90
  C:4258H         LINE#         91
  C:425AH         LINE#         92
  C:425CH         LINE#         93
  C:425EH         LINE#         94
  -------         ENDPROC       SPI_INIT
  -------         PROC          _READ_TIME
  X:0308H         SYMBOL        months
  X:030BH         SYMBOL        days
  X:030EH         SYMBOL        hours
  X:0311H         SYMBOL        mins
  X:0314H         SYMBOL        seconds
  C:3D56H         LINE#         96
  C:3D61H         LINE#         97
  C:3D61H         LINE#         99
  C:3D75H         LINE#         101
  C:3D89H         LINE#         103
BL51 BANKED LINKER/LOCATER V6.22                                                      01/25/2019  12:28:20  PAGE 15


  C:3D9DH         LINE#         108
  C:3DB1H         LINE#         113
  -------         ENDPROC       _READ_TIME
  -------         PROC          _BCDTODEC
  D:0007H         SYMBOL        bcd
  -------         DO            
  D:0006H         SYMBOL        hi
  D:0007H         SYMBOL        lo
  -------         ENDDO         
  C:4203H         LINE#         119
  C:4203H         LINE#         120
  C:4203H         LINE#         122
  C:4208H         LINE#         123
  C:420CH         LINE#         124
  C:4213H         LINE#         125
  -------         ENDPROC       _BCDTODEC
  -------         PROC          _DAY_OF_YEAR
  D:0007H         SYMBOL        months_bcd
  D:0005H         SYMBOL        days_bcd
  -------         DO            
  D:0004H         SYMBOL        months
  D:0007H         SYMBOL        days
  -------         ENDDO         
  C:3C5DH         LINE#         126
  C:3C5DH         LINE#         127
  C:3C5DH         LINE#         130
  C:3C62H         LINE#         132
  C:3C67H         LINE#         134
  C:3CA0H         LINE#         135
  C:3CA0H         LINE#         136
  C:3CA0H         LINE#         137
  C:3CA3H         LINE#         138
  C:3CA3H         LINE#         139
  C:3CA3H         LINE#         140
  C:3CA8H         LINE#         141
  C:3CA8H         LINE#         142
  C:3CA8H         LINE#         143
  C:3CADH         LINE#         144
  C:3CADH         LINE#         145
  C:3CADH         LINE#         146
  C:3CB2H         LINE#         147
  C:3CB2H         LINE#         148
  C:3CB2H         LINE#         149
  C:3CB7H         LINE#         150
  C:3CB7H         LINE#         151
  C:3CB7H         LINE#         152
  C:3CBCH         LINE#         153
  C:3CBCH         LINE#         154
  C:3CBCH         LINE#         155
  C:3CC1H         LINE#         156
  C:3CC1H         LINE#         157
  C:3CC1H         LINE#         158
  C:3CC6H         LINE#         159
  C:3CC6H         LINE#         160
  C:3CC6H         LINE#         161
  C:3CCEH         LINE#         162
  C:3CCEH         LINE#         163
BL51 BANKED LINKER/LOCATER V6.22                                                      01/25/2019  12:28:20  PAGE 16


  C:3CCEH         LINE#         164
  C:3CD3H         LINE#         165
  C:3CD3H         LINE#         166
  C:3CD3H         LINE#         167
  C:3CD8H         LINE#         168
  C:3CD8H         LINE#         169
  C:3CD8H         LINE#         170
  C:3CE0H         LINE#         171
  C:3CE0H         LINE#         172
  C:3CE0H         LINE#         173
  -------         ENDPROC       _DAY_OF_YEAR
  -------         ENDMOD        PCF85063BTL

  -------         MODULE        UART1
  C:0000H         SYMBOL        _ICE_DUMMY_
  D:0080H         PUBLIC        P0
  D:0090H         PUBLIC        P1
  D:00A0H         PUBLIC        P2
  D:00B0H         PUBLIC        P3
  D:00C0H         PUBLIC        P4
  D:00C8H         PUBLIC        P5
  B:00A8H.7       PUBLIC        EA
  D:00E8H         PUBLIC        P6
  D:00F8H         PUBLIC        P7
  C:3FB1H         PUBLIC        _SendString
  D:00A8H         PUBLIC        IE
  B:00A8H.4       PUBLIC        ES
  D:00B8H         PUBLIC        IP
  C:4173H         PUBLIC        _ASCIItoBCD
  D:00D8H         PUBLIC        CCON
  C:4214H         PUBLIC        initUART1
  D:0098H         PUBLIC        SCON
  D:0088H         PUBLIC        TCON
  C:000AH         PUBLIC        _DectoBCD
  C:4296H         PUBLIC        _ASCII_Letter
  D:008EH         PUBLIC        AUXR
  C:4291H         PUBLIC        _unit
  C:0003H         PUBLIC        _ten
  D:00D6H         PUBLIC        T2H
  D:00D7H         PUBLIC        T2L
  D:00D0H         PUBLIC        PSW
  -------         PROC          INITUART1
  C:4214H         LINE#         21
  C:4214H         LINE#         22
  C:4214H         LINE#         23
  C:4217H         LINE#         24
  C:421AH         LINE#         25
  C:421DH         LINE#         26
  C:4220H         LINE#         27
  C:4222H         LINE#         28
  C:4224H         LINE#         30
  -------         ENDPROC       INITUART1
  -------         PROC          _SENDSTRING
  X:055AH         SYMBOL        s
  C:3FB1H         LINE#         35
  C:3FBCH         LINE#         36
  C:3FBCH         LINE#         37
BL51 BANKED LINKER/LOCATER V6.22                                                      01/25/2019  12:28:20  PAGE 17


  C:3FCCH         LINE#         38
  C:3FCCH         LINE#         39
  C:3FE1H         LINE#         40
  C:3FE3H         LINE#         41
  -------         ENDPROC       _SENDSTRING
  -------         PROC          _TEN
  D:0007H         SYMBOL        BCD
  C:0003H         LINE#         43
  C:0003H         LINE#         44
  C:0003H         LINE#         45
  C:0008H         LINE#         46
  -------         ENDPROC       _TEN
  -------         PROC          _UNIT
  D:0007H         SYMBOL        BCD
  C:4291H         LINE#         47
  C:4291H         LINE#         48
  C:4291H         LINE#         52
  C:4295H         LINE#         53
  -------         ENDPROC       _UNIT
  -------         PROC          _DECTOBCD
  D:0007H         SYMBOL        dec
  C:000AH         LINE#         54
  C:000AH         LINE#         55
  C:000AH         LINE#         57
  C:000AH         LINE#         58
  -------         ENDPROC       _DECTOBCD
  -------         PROC          _ASCII_LETTER
  D:0007H         SYMBOL        dat
  C:4296H         LINE#         60
  C:4296H         LINE#         61
  C:4296H         LINE#         63
  C:429AH         LINE#         64
  -------         ENDPROC       _ASCII_LETTER
  -------         PROC          _ASCIITOBCD
  D:0001H         SYMBOL        ascii
  -------         DO            
  D:0007H         SYMBOL        dec_val
  D:0006H         SYMBOL        ten
  D:0007H         SYMBOL        unit
  -------         ENDDO         
  C:4173H         LINE#         66
  C:4173H         LINE#         67
  C:4173H         LINE#         69
  C:4176H         LINE#         70
  C:417CH         LINE#         71
  C:4183H         LINE#         72
  C:4189H         LINE#         74
  -------         ENDPROC       _ASCIITOBCD
  -------         ENDMOD        UART1

  -------         MODULE        LCD_DRIVER_SPLC780D
  C:0000H         SYMBOL        _ICE_DUMMY_
  D:0092H         PUBLIC        P1M0
  D:0091H         PUBLIC        P1M1
  D:0080H         PUBLIC        P0
  D:0090H         PUBLIC        P1
  D:00A0H         PUBLIC        P2
BL51 BANKED LINKER/LOCATER V6.22                                                      01/25/2019  12:28:20  PAGE 18


  D:00B0H         PUBLIC        P3
  D:00C0H         PUBLIC        P4
  D:00C8H         PUBLIC        P5
  D:00E8H         PUBLIC        P6
  D:00F8H         PUBLIC        P7
  C:3CE1H         PUBLIC        _WriteData
  D:00A8H         PUBLIC        IE
  D:00B8H         PUBLIC        IP
  D:00D8H         PUBLIC        CCON
  B:00B0H.4       PUBLIC        LCD_D4
  B:00B0H.5       PUBLIC        LCD_D5
  B:00B0H.6       PUBLIC        LCD_D6
  C:4106H         PUBLIC        _DisplayLCD
  B:00B0H.7       PUBLIC        LCD_D7
  D:0098H         PUBLIC        SCON
  D:0088H         PUBLIC        TCON
  C:4281H         PUBLIC        LCD_clear
  C:3EF6H         PUBLIC        _Command
  C:41A0H         PUBLIC        _Display_Line
  C:3DC5H         PUBLIC        LCD_Init
  C:408AH         PUBLIC        _Wait_ms
  B:00C0H.0       PUBLIC        LCD_RS
  B:00B0H.2       PUBLIC        LCD_RW
  C:4277H         PUBLIC        LCD_return_home
  B:00B0H.3       PUBLIC        LCD_E
  D:00D0H         PUBLIC        PSW
  -------         PROC          LCD_INIT
  C:3DC5H         LINE#         9
  C:3DC5H         LINE#         10
  C:3DC5H         LINE#         11
  C:3DC8H         LINE#         12
  C:3DCBH         LINE#         14
  C:3DD1H         LINE#         15
  C:3DD6H         LINE#         17
  C:3DDDH         LINE#         18
  C:3DE2H         LINE#         20
  C:3DE5H         LINE#         21
  C:3DEAH         LINE#         23
  C:3DEDH         LINE#         24
  C:3DF2H         LINE#         26
  C:3DF9H         LINE#         29
  C:3DFEH         LINE#         30
  C:3E03H         LINE#         32
  C:3E08H         LINE#         33
  C:3E0DH         LINE#         35
  C:3E12H         LINE#         36
  C:3E17H         LINE#         37
  -------         ENDPROC       LCD_INIT
  -------         PROC          _WRITEDATA
  X:0312H         SYMBOL        dat
  C:3CE1H         LINE#         40
  C:3CE6H         LINE#         41
  C:3CE6H         LINE#         46
  C:3CE8H         LINE#         47
  C:3CEAH         LINE#         49
  C:3CF8H         LINE#         50
  C:3D04H         LINE#         51
BL51 BANKED LINKER/LOCATER V6.22                                                      01/25/2019  12:28:20  PAGE 19


  C:3D10H         LINE#         52
  C:3D1AH         LINE#         53
  C:3D1CH         LINE#         54
  C:3D23H         LINE#         55
  C:3D25H         LINE#         57
  C:3D35H         LINE#         58
  C:3D40H         LINE#         59
  C:3D4AH         LINE#         60
  C:3D4EH         LINE#         62
  C:3D4EH         LINE#         63
  C:3D51H         LINE#         64
  C:3D53H         LINE#         65
  C:3D55H         LINE#         67
  -------         ENDPROC       _WRITEDATA
  -------         PROC          _COMMAND
  D:0007H         SYMBOL        dat
  C:3EF6H         LINE#         69
  C:3EF6H         LINE#         70
  C:3EF6H         LINE#         71
  C:3EF8H         LINE#         72
  C:3EFAH         LINE#         74
  C:3F04H         LINE#         75
  C:3F08H         LINE#         77
  C:3F0AH         LINE#         78
  C:3F13H         LINE#         79
  C:3F17H         LINE#         81
  C:3F19H         LINE#         82
  C:3F20H         LINE#         83
  C:3F24H         LINE#         85
  C:3F26H         LINE#         86
  C:3F2AH         LINE#         87
  C:3F2EH         LINE#         89
  C:3F30H         LINE#         90
  C:3F30H         LINE#         91
  C:3F33H         LINE#         92
  C:3F35H         LINE#         93
  -------         ENDPROC       _COMMAND
  C:4086H         SYMBOL        L?0028
  -------         PROC          L?0027
  -------         ENDPROC       L?0027
  C:4086H         SYMBOL        L?0028
  -------         PROC          _WAIT_MS
  D:0006H         SYMBOL        ms
  -------         DO            
  D:0004H         SYMBOL        De_Cnt
  -------         ENDDO         
  C:408AH         LINE#         95
  C:408AH         LINE#         96
  C:408AH         LINE#         98
  C:4094H         LINE#         99
  C:4094H         LINE#         100
  C:40A7H         LINE#         101
  C:40A7H         LINE#         102
  -------         ENDPROC       _WAIT_MS
  -------         PROC          _DISPLAYLCD
  D:0007H         SYMBOL        BCD
  -------         DO            
BL51 BANKED LINKER/LOCATER V6.22                                                      01/25/2019  12:28:20  PAGE 20


  D:0006H         SYMBOL        first_digit
  X:0308H         SYMBOL        second_digit
  -------         ENDDO         
  C:4106H         LINE#         103
  C:4106H         LINE#         104
  C:4106H         LINE#         106
  C:410DH         LINE#         107
  C:4116H         LINE#         109
  C:411BH         LINE#         111
  -------         ENDPROC       _DISPLAYLCD
  -------         PROC          LCD_RETURN_HOME
  C:4277H         LINE#         115
  C:4277H         LINE#         116
  C:4277H         LINE#         117
  C:427CH         LINE#         118
  -------         ENDPROC       LCD_RETURN_HOME
  -------         PROC          LCD_CLEAR
  C:4281H         LINE#         121
  C:4281H         LINE#         122
  C:4281H         LINE#         123
  C:4286H         LINE#         124
  -------         ENDPROC       LCD_CLEAR
  -------         PROC          _DISPLAY_LINE
  D:0006H         SYMBOL        line
  C:41A0H         LINE#         128
  C:41A0H         LINE#         129
  C:41A0H         LINE#         130
  C:41A6H         LINE#         131
  C:41A6H         LINE#         132
  C:41A8H         LINE#         133
  C:41A8H         LINE#         134
  C:41AAH         LINE#         136
  C:41AAH         LINE#         137
  C:41AFH         LINE#         138
  C:41B4H         LINE#         139
  C:41B4H         LINE#         140
  -------         ENDPROC       _DISPLAY_LINE
  -------         ENDMOD        LCD_DRIVER_SPLC780D

  -------         MODULE        KEYPAD
  C:0000H         SYMBOL        _ICE_DUMMY_
  D:0093H         PUBLIC        P0M1
  D:0080H         PUBLIC        P0
  D:0090H         PUBLIC        P1
  D:00A0H         PUBLIC        P2
  D:00B0H         PUBLIC        P3
  D:00C0H         PUBLIC        P4
  D:00C8H         PUBLIC        P5
  B:0020H.0       PUBLIC        calib_mode
  D:00E8H         PUBLIC        P6
  D:00F8H         PUBLIC        P7
  D:00A8H         PUBLIC        IE
  C:2FFEH         PUBLIC        Key_Scan
  D:00B8H         PUBLIC        IP
  D:00D8H         PUBLIC        CCON
  C:425FH         PUBLIC        KeyPad_IO_Init
  C:40E8H         PUBLIC        _Delay_ms
BL51 BANKED LINKER/LOCATER V6.22                                                      01/25/2019  12:28:20  PAGE 21


  D:0098H         PUBLIC        SCON
  D:0088H         PUBLIC        TCON
  B:0020H.1       PUBLIC        small_move
  B:0020H.2       PUBLIC        move
  B:0020H.3       PUBLIC        direction
  B:0020H.4       PUBLIC        auto_move
  C:29D8H         PUBLIC        Key_Process
  D:00D0H         PUBLIC        PSW
  D:0094H         PUBLIC        P0M0
  -------         PROC          _DELAY_MS
  D:0006H         SYMBOL        ms
  -------         DO            
  D:0004H         SYMBOL        De_Cnt
  -------         ENDDO         
  C:40E8H         LINE#         19
  C:40E8H         LINE#         20
  C:40E8H         LINE#         22
  C:40F2H         LINE#         23
  C:40F2H         LINE#         24
  C:4105H         LINE#         25
  C:4105H         LINE#         26
  -------         ENDPROC       _DELAY_MS
  -------         PROC          KEY_SCAN
  -------         DO            
  X:030EH         SYMBOL        KeyTemp1
  X:030FH         SYMBOL        KeyTemp2
  X:0310H         SYMBOL        KeyValue
  -------         ENDDO         
  C:2FFEH         LINE#         27
  C:2FFEH         LINE#         28
  C:2FFEH         LINE#         33
  C:3001H         LINE#         36
  C:3004H         LINE#         38
  C:300CH         LINE#         39
  C:3013H         LINE#         40
  C:3013H         LINE#         42
  C:3018H         LINE#         43
  C:301FH         LINE#         44
  C:301FH         LINE#         47
  C:3022H         LINE#         48
  C:3025H         LINE#         49
  C:302AH         LINE#         50
  C:302EH         LINE#         51
  C:302EH         LINE#         52
  C:3036H         LINE#         53
  C:3036H         LINE#         54
  C:3039H         LINE#         55
  C:3041H         LINE#         56
  C:3043H         LINE#         58
  C:3057H         LINE#         59
  C:3057H         LINE#         60
  C:3057H         LINE#         61
  C:3057H         LINE#         62
  C:305DH         LINE#         64
  C:305FH         LINE#         65
  C:305FH         LINE#         66
  C:305FH         LINE#         67
BL51 BANKED LINKER/LOCATER V6.22                                                      01/25/2019  12:28:20  PAGE 22


  C:3065H         LINE#         69
  C:3067H         LINE#         70
  C:3067H         LINE#         71
  C:3067H         LINE#         72
  C:306DH         LINE#         74
  C:306FH         LINE#         75
  C:306FH         LINE#         76
  C:306FH         LINE#         77
  C:3075H         LINE#         79
  C:3075H         LINE#         80
  C:3075H         LINE#         81
  C:3075H         LINE#         84
  C:3078H         LINE#         85
  C:307BH         LINE#         86
  C:3083H         LINE#         87
  C:3087H         LINE#         88
  C:3087H         LINE#         89
  C:308FH         LINE#         90
  C:308FH         LINE#         91
  C:3092H         LINE#         92
  C:309AH         LINE#         93
  C:309CH         LINE#         94
  C:30B0H         LINE#         95
  C:30B0H         LINE#         96
  C:30B0H         LINE#         97
  C:30B0H         LINE#         98
  C:30B6H         LINE#         100
  C:30B8H         LINE#         101
  C:30B8H         LINE#         102
  C:30B8H         LINE#         103
  C:30BEH         LINE#         105
  C:30C0H         LINE#         106
  C:30C0H         LINE#         107
  C:30C0H         LINE#         108
  C:30C6H         LINE#         110
  C:30C8H         LINE#         111
  C:30C8H         LINE#         112
  C:30C8H         LINE#         113
  C:30CDH         LINE#         115
  C:30CDH         LINE#         116
  C:30CDH         LINE#         117
  C:30CDH         LINE#         120
  C:30D0H         LINE#         121
  C:30D3H         LINE#         122
  C:30DBH         LINE#         123
  C:30DFH         LINE#         124
  C:30DFH         LINE#         125
  C:30E7H         LINE#         126
  C:30E7H         LINE#         127
  C:30EAH         LINE#         128
  C:30F2H         LINE#         129
  C:30F4H         LINE#         130
  C:3108H         LINE#         131
  C:3108H         LINE#         132
  C:3108H         LINE#         133
  C:3108H         LINE#         134
  C:310EH         LINE#         136
BL51 BANKED LINKER/LOCATER V6.22                                                      01/25/2019  12:28:20  PAGE 23


  C:3110H         LINE#         137
  C:3110H         LINE#         138
  C:3110H         LINE#         139
  C:3116H         LINE#         141
  C:3118H         LINE#         142
  C:3118H         LINE#         143
  C:3118H         LINE#         144
  C:311EH         LINE#         146
  C:3120H         LINE#         147
  C:3120H         LINE#         148
  C:3120H         LINE#         149
  C:3126H         LINE#         151
  C:3126H         LINE#         152
  C:3126H         LINE#         153
  C:3126H         LINE#         157
  C:3129H         LINE#         158
  C:312CH         LINE#         159
  C:3134H         LINE#         160
  C:3138H         LINE#         161
  C:3138H         LINE#         162
  C:3140H         LINE#         163
  C:3140H         LINE#         164
  C:3143H         LINE#         165
  C:314BH         LINE#         166
  C:314DH         LINE#         167
  C:3161H         LINE#         168
  C:3161H         LINE#         169
  C:3161H         LINE#         170
  C:3161H         LINE#         171
  C:3167H         LINE#         173
  C:3169H         LINE#         174
  C:3169H         LINE#         175
  C:3169H         LINE#         176
  C:316FH         LINE#         178
  C:3171H         LINE#         179
  C:3171H         LINE#         180
  C:3171H         LINE#         181
  C:3177H         LINE#         183
  C:3179H         LINE#         184
  C:3179H         LINE#         185
  C:3179H         LINE#         186
  C:317FH         LINE#         188
  C:317FH         LINE#         189
  C:317FH         LINE#         190
  C:317FH         LINE#         192
  C:3185H         LINE#         193
  C:3185H         LINE#         195
  C:3185H         LINE#         196
  C:3188H         LINE#         197
  C:3188H         LINE#         198
  C:3188H         LINE#         200
  C:3188H         LINE#         201
  C:318AH         LINE#         202
  C:318AH         LINE#         203
  -------         ENDPROC       KEY_SCAN
  -------         PROC          KEY_PROCESS
  -------         DO            
BL51 BANKED LINKER/LOCATER V6.22                                                      01/25/2019  12:28:20  PAGE 24


  X:0548H         SYMBOL        KeyCount
  X:054AH         SYMBOL        KeyNum_Old
  X:054BH         SYMBOL        KeyNum
  X:054CH         SYMBOL        PressedKey
  X:0308H         SYMBOL        d
  D:0004H         SYMBOL        hours
  D:0006H         SYMBOL        mins
  X:030AH         SYMBOL        months
  X:030CH         SYMBOL        days
  -------         ENDDO         
  C:29D8H         LINE#         204
  C:29D8H         LINE#         205
  C:29D8H         LINE#         209
  C:29E0H         LINE#         210
  C:29E8H         LINE#         212
  C:29EBH         LINE#         213
  C:29EBH         LINE#         214
  C:29EEH         LINE#         216
  C:29EEH         LINE#         217
  C:29FBH         LINE#         218
  C:29FBH         LINE#         219
  C:29FEH         LINE#         220
  C:2A01H         LINE#         222
  C:2A04H         LINE#         224
  C:2A04H         LINE#         225
  C:2A0FH         LINE#         226
  C:2A0FH         LINE#         227
  C:2A12H         LINE#         229
  C:2A12H         LINE#         230
  C:2A19H         LINE#         231
  C:2A19H         LINE#         232
  C:2A1CH         LINE#         234
  C:2A1CH         LINE#         235
  C:2A24H         LINE#         236
  C:2A24H         LINE#         237
  C:2A2EH         LINE#         238
  C:2A36H         LINE#         240
  C:2A3FH         LINE#         242
  C:2A3FH         LINE#         251
  C:2A54H         LINE#         252
  C:2A54H         LINE#         253
  C:2A66H         LINE#         254
  C:2A74H         LINE#         255
  C:2A83H         LINE#         256
  C:2A83H         LINE#         258
  C:2A89H         LINE#         262
  C:2A9FH         LINE#         263
  C:2AB0H         LINE#         264
  C:2ACBH         LINE#         265
  C:2ACBH         LINE#         266
  C:2ADBH         LINE#         267
  C:2AECH         LINE#         268
  C:2AECH         LINE#         272
  C:2B05H         LINE#         273
  C:2B1CH         LINE#         274
  C:2B3CH         LINE#         275
  C:2B3CH         LINE#         276
BL51 BANKED LINKER/LOCATER V6.22                                                      01/25/2019  12:28:20  PAGE 25


  C:2B46H         LINE#         277
  C:2B46H         LINE#         278
  C:2B4FH         LINE#         279
  C:2B4FH         LINE#         280
  C:2B63H         LINE#         281
  C:2B63H         LINE#         282
  C:2B63H         LINE#         283
  C:2B63H         LINE#         284
  C:2B63H         LINE#         285
  C:2B65H         LINE#         287
  C:2B65H         LINE#         288
  C:2B71H         LINE#         289
  C:2B71H         LINE#         290
  C:2B82H         LINE#         291
  C:2B82H         LINE#         292
  C:2B82H         LINE#         293
  C:2B82H         LINE#         294
  C:2B82H         LINE#         296
  C:2B84H         LINE#         298
  C:2B84H         LINE#         299
  C:2B95H         LINE#         300
  C:2B95H         LINE#         301
  C:2B95H         LINE#         302
  C:2B95H         LINE#         303
  C:2B95H         LINE#         305
  C:2B95H         LINE#         307
  C:2B95H         LINE#         308
  C:2B97H         LINE#         310
  C:2B97H         LINE#         311
  C:2BAAH         LINE#         312
  C:2BAAH         LINE#         313
  C:2BBBH         LINE#         314
  C:2BBBH         LINE#         315
  C:2BBBH         LINE#         316
  C:2BBBH         LINE#         317
  C:2BBBH         LINE#         318
  C:2BBDH         LINE#         320
  C:2BBDH         LINE#         321
  C:2BCEH         LINE#         322
  C:2BCEH         LINE#         323
  C:2BDFH         LINE#         324
  C:2BF0H         LINE#         325
  C:2BF0H         LINE#         326
  C:2BF0H         LINE#         327
  C:2BF0H         LINE#         328
  C:2BF0H         LINE#         329
  C:2BF3H         LINE#         330
  C:2BF8H         LINE#         331
  C:2BFDH         LINE#         332
  C:2C02H         LINE#         333
  C:2C07H         LINE#         334
  C:2C0CH         LINE#         335
  C:2C11H         LINE#         336
  C:2C16H         LINE#         337
  C:2C16H         LINE#         339
  C:2C38H         LINE#         340
  C:2C38H         LINE#         341
BL51 BANKED LINKER/LOCATER V6.22                                                      01/25/2019  12:28:20  PAGE 26


  C:2C42H         LINE#         342
  C:2C42H         LINE#         343
  C:2C47H         LINE#         344
  C:2C50H         LINE#         345
  C:2C67H         LINE#         346
  C:2C67H         LINE#         347
  C:2C77H         LINE#         349
  C:2C77H         LINE#         353
  -------         ENDPROC       KEY_PROCESS
  -------         PROC          KEYPAD_IO_INIT
  C:425FH         LINE#         356
  C:425FH         LINE#         357
  C:425FH         LINE#         358
  C:4262H         LINE#         359
  C:4265H         LINE#         360
  C:4268H         LINE#         361
  C:426AH         LINE#         362
  -------         ENDPROC       KEYPAD_IO_INIT
  -------         ENDMOD        KEYPAD

  -------         MODULE        BIPOLARMOTOR
  C:0000H         SYMBOL        _ICE_DUMMY_
  D:0080H         PUBLIC        P0
  D:0090H         PUBLIC        P1
  X:0000H         PUBLIC        RX_pos_test
  D:00A0H         PUBLIC        P2
  D:00B0H         PUBLIC        P3
  D:00C0H         PUBLIC        P4
  D:00C8H         PUBLIC        P5
  D:00E8H         PUBLIC        P6
  D:00F8H         PUBLIC        P7
  X:00A0H         PUBLIC        low_date_azimuth_mapping
  D:00A8H         PUBLIC        IE
  C:3755H         PUBLIC        linear_interpolate
  C:400FH         PUBLIC        _Move
  D:00B8H         PUBLIC        IP
  C:2CABH         PUBLIC        _findDet3x3
  C:2718H         PUBLIC        _findDet4x4
  D:00D8H         PUBLIC        CCON
  X:00C8H         PUBLIC        previous_move_time
  D:0098H         PUBLIC        SCON
  D:0088H         PUBLIC        TCON
  C:429BH         PUBLIC        wait
  C:3F36H         PUBLIC        _Step_move
  X:00C9H         PUBLIC        dat
  C:000EH         PUBLIC        _Update_position
  C:3E1EH         PUBLIC        vOneStepMove
  X:00CFH         PUBLIC        elevation_stamp
  X:00FBH         PUBLIC        date_azimuth_mapping
  X:0123H         PUBLIC        RX_pos
  C:414AH         PUBLIC        _BCDtoDec1
  X:02DBH         PUBLIC        degree
  X:02DFH         PUBLIC        elevation_stamp_test
  D:00D0H         PUBLIC        PSW
  -------         PROC          L?0062
  -------         ENDPROC       L?0062
  -------         PROC          _BCDTODEC1
BL51 BANKED LINKER/LOCATER V6.22                                                      01/25/2019  12:28:20  PAGE 27


  D:0007H         SYMBOL        bcd
  -------         DO            
  D:0006H         SYMBOL        hi
  D:0007H         SYMBOL        lo
  -------         ENDDO         
  C:414AH         LINE#         28
  C:414AH         LINE#         29
  C:414AH         LINE#         31
  C:414FH         LINE#         32
  C:4153H         LINE#         33
  C:415AH         LINE#         34
  -------         ENDPROC       _BCDTODEC1
  -------         PROC          WAIT
  C:429BH         LINE#         36
  C:429BH         LINE#         38
  -------         ENDPROC       WAIT
  -------         PROC          VONESTEPMOVE
  B:0020H.7       SYMBOL        bDir
  C:3E1EH         LINE#         40
  C:3E1EH         LINE#         41
  C:3E1EH         LINE#         43
  C:3E24H         LINE#         44
  C:3E24H         LINE#         45
  C:3E27H         LINE#         46
  C:3E30H         LINE#         47
  C:3E37H         LINE#         48
  C:3E3CH         LINE#         49
  C:3E3CH         LINE#         50
  C:3E3CH         LINE#         52
  C:3E3EH         LINE#         55
  C:3E3EH         LINE#         56
  C:3E41H         LINE#         57
  C:3E4AH         LINE#         58
  C:3E51H         LINE#         59
  C:3E57H         LINE#         60
  C:3E60H         LINE#         61
  C:3E67H         LINE#         62
  C:3E67H         LINE#         66
  -------         ENDPROC       VONESTEPMOVE
  -------         PROC          _STEP_MOVE
  X:03ABH         SYMBOL        step
  B:0020H.6       SYMBOL        dir
  -------         DO            
  X:03ADH         SYMBOL        i
  -------         ENDDO         
  C:3F36H         LINE#         68
  C:3F3EH         LINE#         69
  C:3F3EH         LINE#         71
  C:3F43H         LINE#         74
  C:3F5EH         LINE#         75
  C:3F5EH         LINE#         76
  C:3F65H         LINE#         78
  C:3F75H         LINE#         80
  -------         ENDPROC       _STEP_MOVE
  -------         PROC          _MOVE
  X:03A7H         SYMBOL        distance
  B:0020H.5       SYMBOL        direction
BL51 BANKED LINKER/LOCATER V6.22                                                      01/25/2019  12:28:20  PAGE 28


  -------         DO            
  D:0006H         SYMBOL        step
  -------         ENDDO         
  C:400FH         LINE#         82
  C:4015H         LINE#         83
  C:4015H         LINE#         86
  C:4030H         LINE#         87
  -------         ENDPROC       _MOVE
  C:2C8CH         SYMBOL        L?0058
  C:2CA0H         SYMBOL        L?0059
  -------         PROC          L?0057
  -------         ENDPROC       L?0057
  C:2C8CH         SYMBOL        L?0058
  C:2CA0H         SYMBOL        L?0059
  -------         PROC          _FINDDET3X3
  X:0524H         SYMBOL        a11
  X:0528H         SYMBOL        a12
  X:052CH         SYMBOL        a13
  X:0530H         SYMBOL        a21
  X:0534H         SYMBOL        a22
  X:0538H         SYMBOL        a23
  X:053CH         SYMBOL        a31
  X:0540H         SYMBOL        a32
  X:0544H         SYMBOL        a33
  C:2CABH         LINE#         91
  C:2CB1H         LINE#         95
  C:2CB1H         LINE#         96
  C:2E48H         LINE#         98
  -------         ENDPROC       _FINDDET3X3
  -------         PROC          _FINDDET4X4
  X:04E4H         SYMBOL        a11
  X:04E8H         SYMBOL        a12
  X:04ECH         SYMBOL        a13
  X:04F0H         SYMBOL        a14
  X:04F4H         SYMBOL        a21
  X:04F8H         SYMBOL        a22
  X:04FCH         SYMBOL        a23
  X:0500H         SYMBOL        a24
  X:0504H         SYMBOL        a31
  X:0508H         SYMBOL        a32
  X:050CH         SYMBOL        a33
  X:0510H         SYMBOL        a34
  X:0514H         SYMBOL        a41
  X:0518H         SYMBOL        a42
  X:051CH         SYMBOL        a43
  X:0520H         SYMBOL        a44
  C:2718H         LINE#         99
  C:271EH         LINE#         103
  C:271EH         LINE#         110
  C:29D7H         LINE#         114
  -------         ENDPROC       _FINDDET4X4
  C:3744H         SYMBOL        L?0061
  -------         PROC          L?0060
  -------         ENDPROC       L?0060
  C:3744H         SYMBOL        L?0061
  -------         PROC          LINEAR_INTERPOLATE
  X:03A7H         SYMBOL        p1
BL51 BANKED LINKER/LOCATER V6.22                                                      01/25/2019  12:28:20  PAGE 29


  X:03AFH         SYMBOL        p2
  X:03B7H         SYMBOL        x
  -------         DO            
  D:0004H         SYMBOL        fx
  -------         ENDDO         
  C:3755H         LINE#         120
  C:3755H         LINE#         121
  C:3755H         LINE#         124
  C:37F4H         LINE#         126
  C:37F4H         LINE#         127
  -------         ENDPROC       LINEAR_INTERPOLATE
  -------         PROC          _UPDATE_POSITION
  D:0001H         SYMBOL        mnths
  D:0002H         SYMBOL        dys
  X:031EH         SYMBOL        hurs
  X:031FH         SYMBOL        mns
  X:0320H         SYMBOL        sconds
  X:0321H         SYMBOL        currnt_pos
  X:0324H         SYMBOL        offset_calib
  -------         DO            
  X:0328H         SYMBOL        date
  X:032AH         SYMBOL        i
  X:032CH         SYMBOL        yy
  X:032EH         SYMBOL        desired_distance
  X:0332H         SYMBOL        distance
  X:0336H         SYMBOL        JP_pos
  X:033AH         SYMBOL        pos_interpolate_azimuth
  X:0362H         SYMBOL        current_local_sun_time
  X:0366H         SYMBOL        azimuth
  X:036AH         SYMBOL        elevation
  X:036EH         SYMBOL        time_offset
  X:0372H         SYMBOL        UTC_time
  X:0376H         SYMBOL        declination
  X:037AH         SYMBOL        p1
  X:0382H         SYMBOL        p2
  X:038AH         SYMBOL        time
  X:039CH         SYMBOL        location
  X:03A4H         SYMBOL        sunCoord
  -------         ENDDO         
  C:000EH         LINE#         131
  C:0017H         LINE#         134
  C:0017H         LINE#         135
  C:0022H         LINE#         137
  C:003EH         LINE#         138
  C:0048H         LINE#         146
  C:0052H         LINE#         147
  C:005CH         LINE#         148
  C:0066H         LINE#         149
  C:0071H         LINE#         150
  C:007CH         LINE#         151
  C:0095H         LINE#         152
  C:00A6H         LINE#         153
  C:00B5H         LINE#         156
  C:00C9H         LINE#         160
  C:011BH         LINE#         161
  C:027FH         LINE#         162
  C:02CFH         LINE#         164
BL51 BANKED LINKER/LOCATER V6.22                                                      01/25/2019  12:28:20  PAGE 30


  C:03F7H         LINE#         166
  C:04C6H         LINE#         173
  C:04D0H         LINE#         174
  C:04D0H         LINE#         176
  C:04EAH         LINE#         177
  C:04EAH         LINE#         178
  C:055AH         LINE#         179
  C:055AH         LINE#         180
  C:0561H         LINE#         181
  C:0561H         LINE#         182
  C:058EH         LINE#         183
  C:05A9H         LINE#         185
  C:05F0H         LINE#         186
  C:0624H         LINE#         188
  C:066AH         LINE#         189
  C:068DH         LINE#         191
  C:068DH         LINE#         193
  C:0703H         LINE#         194
  C:0703H         LINE#         195
  C:070AH         LINE#         196
  C:070AH         LINE#         197
  C:0737H         LINE#         198
  C:0752H         LINE#         200
  C:0799H         LINE#         201
  C:07CDH         LINE#         203
  C:0813H         LINE#         204
  C:0833H         LINE#         206
  C:0833H         LINE#         207
  C:0844H         LINE#         210
  C:085EH         LINE#         211
  C:085EH         LINE#         212
  C:08CEH         LINE#         213
  C:08CEH         LINE#         214
  C:08FBH         LINE#         215
  C:0916H         LINE#         217
  C:0943H         LINE#         218
  C:095EH         LINE#         220
  C:0990H         LINE#         223
  C:0990H         LINE#         225
  C:09A1H         LINE#         227
  C:09D0H         LINE#         229
  C:09F5H         LINE#         230
  C:0A5AH         LINE#         231
  C:0A5AH         LINE#         232
  C:0A74H         LINE#         233
  C:0A86H         LINE#         234
  C:0A9EH         LINE#         235
  C:0AB4H         LINE#         237
  C:0AD0H         LINE#         238
  C:0AD0H         LINE#         239
  C:0AD0H         LINE#         242
  -------         ENDPROC       _UPDATE_POSITION
  -------         ENDMOD        BIPOLARMOTOR

  -------         MODULE        SUNPOS
  C:0000H         SYMBOL        _ICE_DUMMY_
  C:1C21H         PUBLIC        sunpos
BL51 BANKED LINKER/LOCATER V6.22                                                      01/25/2019  12:28:20  PAGE 31


  -------         PROC          SUNPOS
  X:03A7H         SYMBOL        udtTime
  X:03B9H         SYMBOL        udtLocation
  X:03C1H         SYMBOL        udtSunCoordinates
  -------         DO            
  X:03C4H         SYMBOL        dElapsedJulianDays
  X:03C8H         SYMBOL        dDecimalHours
  X:03CCH         SYMBOL        dEclipticLongitude
  X:03D0H         SYMBOL        dEclipticObliquity
  X:03D4H         SYMBOL        dRightAscension
  X:03D8H         SYMBOL        dDeclination
  X:03DCH         SYMBOL        dY
  X:03E0H         SYMBOL        dX
  -------         DO            
  X:03E4H         SYMBOL        dJulianDate
  X:03E8H         SYMBOL        liAux1
  X:03ECH         SYMBOL        liAux2
  X:03E4H         SYMBOL        dMeanLongitude
  X:03E8H         SYMBOL        dMeanAnomaly
  X:03ECH         SYMBOL        dOmega
  X:03E4H         SYMBOL        dSin_EclipticLongitude
  X:03E4H         SYMBOL        dGreenwichMeanSiderealTime
  X:03E8H         SYMBOL        dLocalMeanSiderealTime
  X:03ECH         SYMBOL        dLatitudeInRadians
  X:03F0H         SYMBOL        dHourAngle
  X:03F4H         SYMBOL        dCos_Latitude
  X:03F8H         SYMBOL        dSin_Latitude
  X:03FCH         SYMBOL        dCos_HourAngle
  X:0400H         SYMBOL        dParallax
  -------         ENDDO         
  -------         DO            
  X:03E4H         SYMBOL        dMeanLongitude
  X:03E8H         SYMBOL        dMeanAnomaly
  X:03ECH         SYMBOL        dOmega
  X:03E4H         SYMBOL        dSin_EclipticLongitude
  X:03E4H         SYMBOL        dGreenwichMeanSiderealTime
  X:03E8H         SYMBOL        dLocalMeanSiderealTime
  X:03ECH         SYMBOL        dLatitudeInRadians
  X:03F0H         SYMBOL        dHourAngle
  X:03F4H         SYMBOL        dCos_Latitude
  X:03F8H         SYMBOL        dSin_Latitude
  X:03FCH         SYMBOL        dCos_HourAngle
  X:0400H         SYMBOL        dParallax
  -------         ENDDO         
  -------         DO            
  X:03E4H         SYMBOL        dSin_EclipticLongitude
  X:03E4H         SYMBOL        dGreenwichMeanSiderealTime
  X:03E8H         SYMBOL        dLocalMeanSiderealTime
  X:03ECH         SYMBOL        dLatitudeInRadians
  X:03F0H         SYMBOL        dHourAngle
  X:03F4H         SYMBOL        dCos_Latitude
  X:03F8H         SYMBOL        dSin_Latitude
  X:03FCH         SYMBOL        dCos_HourAngle
  X:0400H         SYMBOL        dParallax
  -------         ENDDO         
  -------         DO            
  X:03E4H         SYMBOL        dGreenwichMeanSiderealTime
BL51 BANKED LINKER/LOCATER V6.22                                                      01/25/2019  12:28:20  PAGE 32


  X:03E8H         SYMBOL        dLocalMeanSiderealTime
  X:03ECH         SYMBOL        dLatitudeInRadians
  X:03F0H         SYMBOL        dHourAngle
  X:03F4H         SYMBOL        dCos_Latitude
  X:03F8H         SYMBOL        dSin_Latitude
  X:03FCH         SYMBOL        dCos_HourAngle
  X:0400H         SYMBOL        dParallax
  -------         ENDDO         
  -------         ENDDO         
  C:1C21H         LINE#         6
  C:1C21H         LINE#         7
  C:1C21H         LINE#         9
  C:1C21H         LINE#         27
  C:1C6BH         LINE#         30
  C:1C8CH         LINE#         31
  C:1DD3H         LINE#         34
  C:1E1FH         LINE#         36
  C:1E3EH         LINE#         37
  C:1E3EH         LINE#         42
  C:1E3EH         LINE#         46
  C:1E70H         LINE#         47
  C:1E9AH         LINE#         48
  C:1EC4H         LINE#         49
  C:1F71H         LINE#         52
  C:1FD2H         LINE#         54
  C:1FD2H         LINE#         59
  C:1FD2H         LINE#         61
  C:1FE9H         LINE#         62
  C:2011H         LINE#         63
  C:2028H         LINE#         64
  C:2053H         LINE#         65
  C:208AH         LINE#         66
  C:20B5H         LINE#         67
  C:20B5H         LINE#         70
  C:20B5H         LINE#         79
  C:20F0H         LINE#         82
  C:212AH         LINE#         84
  C:214FH         LINE#         85
  C:216EH         LINE#         86
  C:2185H         LINE#         87
  C:219CH         LINE#         88
  C:21B3H         LINE#         89
  C:223CH         LINE#         91
  C:2256H         LINE#         92
  C:22B8H         LINE#         93
  C:22EEH         LINE#         94
  C:2300H         LINE#         95
  C:232DH         LINE#         96
  C:235AH         LINE#         98
  C:237CH         LINE#         100
  C:23B4H         LINE#         103
  C:23B4H         LINE#         104
  C:23C2H         LINE#         105
  -------         ENDPROC       SUNPOS
  -------         ENDMOD        SUNPOS

  -------         MODULE        ADC
BL51 BANKED LINKER/LOCATER V6.22                                                      01/25/2019  12:28:20  PAGE 33


  C:0000H         SYMBOL        _ICE_DUMMY_
  D:0092H         PUBLIC        P1M0
  D:0091H         PUBLIC        P1M1
  D:0080H         PUBLIC        P0
  D:0090H         PUBLIC        P1
  D:00A0H         PUBLIC        P2
  D:00B0H         PUBLIC        P3
  D:00C0H         PUBLIC        P4
  D:00C8H         PUBLIC        P5
  D:00E8H         PUBLIC        P6
  D:00F8H         PUBLIC        P7
  D:00A8H         PUBLIC        IE
  D:00BDH         PUBLIC        ADC_RES
  D:00B8H         PUBLIC        IP
  D:0097H         PUBLIC        CLK_DIV
  D:00D8H         PUBLIC        CCON
  D:00BCH         PUBLIC        ADC_CONTR
  D:0098H         PUBLIC        SCON
  D:0088H         PUBLIC        TCON
  B:00A0H.4       PUBLIC        P24
  B:00A0H.5       PUBLIC        P25
  B:00A0H.6       PUBLIC        P26
  C:4123H         PUBLIC        ADC_Init
  C:405EH         PUBLIC        _ADC_GetResult
  D:009DH         PUBLIC        P1ASF
  D:00BEH         PUBLIC        ADC_RESL
  D:00D0H         PUBLIC        PSW
  -------         PROC          ADC_INIT
  C:4123H         LINE#         7
  C:4123H         LINE#         8
  C:4123H         LINE#         10
  C:4125H         LINE#         11
  C:4127H         LINE#         12
  C:4129H         LINE#         13
  C:412CH         LINE#         14
  C:412FH         LINE#         15
  C:4132H         LINE#         16
  C:4135H         LINE#         18
  C:4137H         LINE#         19
  C:413AH         LINE#         21
  -------         ENDPROC       ADC_INIT
  -------         PROC          _ADC_GETRESULT
  D:0007H         SYMBOL        ch
  -------         DO            
  D:0006H         SYMBOL        ADC_Value
  -------         ENDDO         
  C:405EH         LINE#         26
  C:405EH         LINE#         27
  C:405EH         LINE#         29
  C:4063H         LINE#         30
  C:4064H         LINE#         31
  C:4065H         LINE#         32
  C:4066H         LINE#         33
  C:4067H         LINE#         34
  C:406CH         LINE#         35
  C:406FH         LINE#         36
  C:4073H         LINE#         37
BL51 BANKED LINKER/LOCATER V6.22                                                      01/25/2019  12:28:20  PAGE 34


  C:4083H         LINE#         38
  C:4083H         LINE#         39
  -------         ENDPROC       _ADC_GETRESULT
  -------         ENDMOD        ADC

  -------         MODULE        CALIBRATION
  C:0000H         SYMBOL        _ICE_DUMMY_
  D:0080H         PUBLIC        P0
  D:0090H         PUBLIC        P1
  D:00A0H         PUBLIC        P2
  D:00B0H         PUBLIC        P3
  D:00C0H         PUBLIC        P4
  D:00C8H         PUBLIC        P5
  D:00E8H         PUBLIC        P6
  D:00F8H         PUBLIC        P7
  C:3AA6H         PUBLIC        _Max_Value
  D:00A8H         PUBLIC        IE
  C:3573H         PUBLIC        _calibration
  C:37F5H         PUBLIC        voltage_is_stable
  D:00B8H         PUBLIC        IP
  D:00D8H         PUBLIC        CCON
  D:0098H         PUBLIC        SCON
  D:0088H         PUBLIC        TCON
  C:3313H         PUBLIC        _Find_Real_Max
  D:00D0H         PUBLIC        PSW
  -------         PROC          VOLTAGE_IS_STABLE
  -------         DO            
  X:031CH         SYMBOL        sample_voltage
  X:0330H         SYMBOL        i
  X:0332H         SYMBOL        ch
  -------         ENDDO         
  C:37F5H         LINE#         17
  C:37F5H         LINE#         18
  C:37F5H         LINE#         20
  C:37FCH         LINE#         21
  C:3802H         LINE#         22
  C:3802H         LINE#         23
  C:382BH         LINE#         24
  C:384AH         LINE#         26
  C:3864H         LINE#         27
  C:3864H         LINE#         28
  C:3897H         LINE#         29
  C:389BH         LINE#         30
  C:38ABH         LINE#         31
  C:38AFH         LINE#         32
  -------         ENDPROC       VOLTAGE_IS_STABLE
  -------         PROC          _FIND_REAL_MAX
  X:031CH         SYMBOL        current_position
  -------         DO            
  X:031FH         SYMBOL        ch
  X:0320H         SYMBOL        calib_step_move
  X:0324H         SYMBOL        voltage_at_scanned_pos
  X:039CH         SYMBOL        max_location
  X:039EH         SYMBOL        i
  -------         ENDDO         
  C:3313H         LINE#         33
  C:331EH         LINE#         34
BL51 BANKED LINKER/LOCATER V6.22                                                      01/25/2019  12:28:20  PAGE 35


  C:331EH         LINE#         35
[...]
  X:0318H         SYMBOL        JP_max_pos
  -------         ENDDO         
  C:3573H         LINE#         84
  C:357EH         LINE#         87
  C:357EH         LINE#         88
  C:3588H         LINE#         89
  C:359CH         LINE#         91
  C:35A6H         LINE#         92
  C:35A6H         LINE#         94
  C:35DCH         LINE#         95
  C:35FAH         LINE#         97
  C:3603H         LINE#         98
  C:3626H         LINE#         99
  C:3642H         LINE#         100
BL51 BANKED LINKER/LOCATER V6.22                                                      01/25/2019  12:28:20  PAGE 36


  C:3651H         LINE#         101
  C:3651H         LINE#         103
  C:3656H         LINE#         104
  -------         ENDPROC       _CALIBRATION
  -------         ENDMOD        CALIBRATION

  -------         MODULE        IOEXPANDER_PI4IOE5V96248
  C:0000H         SYMBOL        _ICE_DUMMY_
  D:0080H         PUBLIC        P0
  B:00C8H.4       PUBLIC        I2C_SCK
  D:0090H         PUBLIC        P1
  D:00A0H         PUBLIC        P2
  D:00B0H         PUBLIC        P3
  D:00C0H         PUBLIC        P4
  D:00C8H         PUBLIC        P5
  D:00E8H         PUBLIC        P6
  D:00F8H         PUBLIC        P7
  D:00A8H         PUBLIC        IE
  D:00B8H         PUBLIC        IP
  D:00D8H         PUBLIC        CCON
  C:4225H         PUBLIC        I2C_Start
  D:0098H         PUBLIC        SCON
  D:0088H         PUBLIC        TCON
  C:38B0H         PUBLIC        _Write_PI4IOE5V96248
  C:4234H         PUBLIC        uC_NACK
  C:3FF1H         PUBLIC        _Wait_ms_i2c
  C:403CH         PUBLIC        _I2C_SendByte
  C:41B5H         PUBLIC        I2C_Stop
  C:429CH         PUBLIC        nop
  C:428BH         PUBLIC        uC_ACK
  C:418AH         PUBLIC        I2C_ACK
  B:00C0H.7       PUBLIC        I2C_SDA
  D:00D0H         PUBLIC        PSW
  C:3FEBH         SYMBOL        L?0031
  C:3FEDH         SYMBOL        L?0032
  -------         PROC          L?0030
  -------         ENDPROC       L?0030
  C:3FEBH         SYMBOL        L?0031
  C:3FEDH         SYMBOL        L?0032
  -------         PROC          _WAIT_MS_I2C
  D:0006H         SYMBOL        ms
  -------         DO            
  D:0004H         SYMBOL        De_Cnt
  -------         ENDDO         
  C:3FF1H         LINE#         7
  C:3FF1H         LINE#         8
  C:3FF1H         LINE#         10
  C:3FFBH         LINE#         11
  C:3FFBH         LINE#         12
  C:400EH         LINE#         13
  C:400EH         LINE#         14
  -------         ENDPROC       _WAIT_MS_I2C
  -------         PROC          NOP
  C:429CH         LINE#         16
  C:429CH         LINE#         17
  C:429CH         LINE#         19
  -------         ENDPROC       NOP
BL51 BANKED LINKER/LOCATER V6.22                                                      01/25/2019  12:28:20  PAGE 37


  -------         PROC          I2C_START
  C:4225H         LINE#         20
  C:4225H         LINE#         21
  C:4225H         LINE#         23
  C:4227H         LINE#         24
  C:4229H         LINE#         25
  C:422CH         LINE#         26
  C:422EH         LINE#         27
  C:4231H         LINE#         28
  C:4233H         LINE#         31
  -------         ENDPROC       I2C_START
  -------         PROC          I2C_STOP
  C:41B5H         LINE#         33
  C:41B5H         LINE#         34
  C:41B5H         LINE#         35
  C:41B7H         LINE#         36
  C:41B9H         LINE#         37
  C:41BCH         LINE#         38
  C:41BEH         LINE#         39
  C:41C0H         LINE#         40
  C:41C7H         LINE#         41
  C:41C9H         LINE#         44
  -------         ENDPROC       I2C_STOP
  -------         PROC          I2C_ACK
  -------         DO            
  X:03B2H         SYMBOL        i
  D:0003H         SYMBOL        dat
  -------         ENDDO         
  C:418AH         LINE#         46
  C:418AH         LINE#         47
  C:418AH         LINE#         49
  C:418BH         LINE#         54
  C:418EH         LINE#         55
  C:4190H         LINE#         56
  C:4193H         LINE#         58
  C:4196H         LINE#         59
  C:4196H         LINE#         60
  C:419AH         LINE#         61
  C:419AH         LINE#         64
  C:419AH         LINE#         65
  C:419DH         LINE#         66
  C:419DH         LINE#         67
  C:419FH         LINE#         68
  -------         ENDPROC       I2C_ACK
  -------         PROC          UC_ACK
  -------         DO            
  X:055DH         SYMBOL        i
  -------         ENDDO         
  C:428BH         LINE#         69
  C:428BH         LINE#         70
  C:428BH         LINE#         72
  C:428BH         LINE#         79
  C:428BH         LINE#         81
  C:428BH         LINE#         83
  C:428BH         LINE#         84
  C:428BH         LINE#         87
  C:428EH         LINE#         88
BL51 BANKED LINKER/LOCATER V6.22                                                      01/25/2019  12:28:20  PAGE 38


  C:4290H         LINE#         89
  C:4290H         LINE#         93
  -------         ENDPROC       UC_ACK
  -------         PROC          UC_NACK
  -------         DO            
  X:055EH         SYMBOL        i
  -------         ENDDO         
  C:4234H         LINE#         95
  C:4234H         LINE#         96
  C:4234H         LINE#         98
  C:4234H         LINE#         102
  C:4236H         LINE#         105
  C:4236H         LINE#         106
  C:4238H         LINE#         107
  C:4238H         LINE#         109
  C:4238H         LINE#         110
  C:4238H         LINE#         113
  C:423BH         LINE#         114
  C:423DH         LINE#         115
  C:4240H         LINE#         116
  C:4242H         LINE#         117
  C:4242H         LINE#         121
  -------         ENDPROC       UC_NACK
  C:4038H         SYMBOL        L?0034
  -------         PROC          L?0033
  -------         ENDPROC       L?0033
  C:4038H         SYMBOL        L?0034
  -------         PROC          _I2C_SENDBYTE
  D:0001H         SYMBOL        dat
  -------         DO            
  D:0003H         SYMBOL        i
  -------         ENDDO         
  C:403CH         LINE#         125
  C:403EH         LINE#         126
  C:403EH         LINE#         129
  C:4040H         LINE#         130
  C:4040H         LINE#         131
  C:4042H         LINE#         133
  C:4046H         LINE#         134
  C:4046H         LINE#         135
  C:4048H         LINE#         136
  C:404AH         LINE#         138
  C:404AH         LINE#         139
  C:404CH         LINE#         140
  C:404CH         LINE#         141
  C:404FH         LINE#         142
  C:4051H         LINE#         144
  C:4055H         LINE#         145
  C:4058H         LINE#         146
  C:405DH         LINE#         147
  -------         ENDPROC       _I2C_SENDBYTE
  -------         PROC          _WRITE_PI4IOE5V96248
  X:03AFH         SYMBOL        xdat
  C:38B0H         LINE#         148
  C:38BBH         LINE#         149
  C:38BBH         LINE#         150
  C:38BEH         LINE#         151
BL51 BANKED LINKER/LOCATER V6.22                                                      01/25/2019  12:28:20  PAGE 39


  C:38C5H         LINE#         152
  C:38CAH         LINE#         153
  C:38D0H         LINE#         154
  C:38D0H         LINE#         155
  C:38E2H         LINE#         156
  C:38E2H         LINE#         158
  C:38E8H         LINE#         159
  C:38E8H         LINE#         160
  C:38F8H         LINE#         161
  C:38F8H         LINE#         162
  C:38FEH         LINE#         163
  C:38FEH         LINE#         164
  C:390EH         LINE#         165
  C:390EH         LINE#         166
  C:3914H         LINE#         167
  C:3914H         LINE#         168
  C:3925H         LINE#         169
  C:3925H         LINE#         171
  C:392BH         LINE#         172
  C:392BH         LINE#         173
  C:393CH         LINE#         174
  C:393CH         LINE#         175
  C:3942H         LINE#         176
  C:3942H         LINE#         177
  C:3953H         LINE#         178
  C:3953H         LINE#         180
  C:3959H         LINE#         181
  C:395CH         LINE#         182
  -------         ENDPROC       _WRITE_PI4IOE5V96248
  -------         ENDMOD        IOEXPANDER_PI4IOE5V96248

  -------         MODULE        ?C_STARTUP
  C:3BD1H         SEGMENT       ?C_C51STARTUP
  I:0022H         SEGMENT       ?STACK
  C:0000H         PUBLIC        ?C_STARTUP
  D:00E0H         SYMBOL        ACC
  D:00F0H         SYMBOL        B
  D:0083H         SYMBOL        DPH
  D:0082H         SYMBOL        DPL
  N:0000H         SYMBOL        IBPSTACK
  N:0100H         SYMBOL        IBPSTACKTOP
  N:0080H         SYMBOL        IDATALEN
  C:3BD4H         SYMBOL        IDATALOOP
  N:0000H         SYMBOL        PBPSTACK
  N:0100H         SYMBOL        PBPSTACKTOP
  N:0000H         SYMBOL        PDATALEN
  N:0000H         SYMBOL        PDATASTART
  N:0000H         SYMBOL        PPAGE
  N:0000H         SYMBOL        PPAGEENABLE
  D:00A0H         SYMBOL        PPAGE_SFR
  D:0081H         SYMBOL        SP
  C:3BD1H         SYMBOL        STARTUP1
  N:0000H         SYMBOL        XBPSTACK
  N:0000H         SYMBOL        XBPSTACKTOP
  N:0000H         SYMBOL        XDATALEN
  N:0000H         SYMBOL        XDATASTART
  C:0000H         LINE#         126
BL51 BANKED LINKER/LOCATER V6.22                                                      01/25/2019  12:28:20  PAGE 40


  C:3BD1H         LINE#         133
  C:3BD3H         LINE#         134
  C:3BD4H         LINE#         135
  C:3BD5H         LINE#         136
  C:3BD7H         LINE#         185
  C:3BDAH         LINE#         196
  -------         ENDMOD        ?C_STARTUP

  -------         MODULE        ?C?FPADD
  C:0AD8H         PUBLIC        ?C?FPADD
  C:0AD4H         PUBLIC        ?C?FPSUB
  -------         ENDMOD        ?C?FPADD

  -------         MODULE        ?C?FPMUL
  C:0BC9H         PUBLIC        ?C?FPMUL
  -------         ENDMOD        ?C?FPMUL

  -------         MODULE        ?C?FPDIV
  C:0CD2H         PUBLIC        ?C?FPDIV
  -------         ENDMOD        ?C?FPDIV

  -------         MODULE        ?C?FPCMP
  C:0D71H         PUBLIC        ?C?FPCMP
  C:0D6FH         PUBLIC        ?C?FPCMP3
  -------         ENDMOD        ?C?FPCMP

  -------         MODULE        ?C?FPNEG
  C:0DE8H         PUBLIC        ?C?FPNEG
  -------         ENDMOD        ?C?FPNEG

  -------         MODULE        ?C?FCAST
  C:0E03H         PUBLIC        ?C?FCASTC
  C:0DFEH         PUBLIC        ?C?FCASTI
  C:0DF9H         PUBLIC        ?C?FCASTL
  -------         ENDMOD        ?C?FCAST

  -------         MODULE        ?C?CASTF
  C:0E37H         PUBLIC        ?C?CASTF
  -------         ENDMOD        ?C?CASTF

  -------         MODULE        ATAN2
  X:0404H         PUBLIC        ?_atan2?BYTE
  C:3A09H         PUBLIC        _atan2
  -------         ENDMOD        ATAN2

  -------         MODULE        SIN
  C:31D3H         PUBLIC        _COS
  C:31E9H         PUBLIC        _SIN
  C:3225H         PUBLIC        _TAN
  -------         ENDMOD        SIN

  -------         MODULE        ACOS
  C:3E68H         PUBLIC        _ACOS
  -------         ENDMOD        ACOS

  -------         MODULE        ASIN
  C:3F76H         PUBLIC        _ASIN
BL51 BANKED LINKER/LOCATER V6.22                                                      01/25/2019  12:28:20  PAGE 41


  -------         ENDMOD        ASIN

  -------         MODULE        SQRT
  C:3961H         PUBLIC        _SQRT
  -------         ENDMOD        SQRT

  -------         MODULE        ATAN
  C:3471H         PUBLIC        _ATAN
  -------         ENDMOD        ATAN

  -------         MODULE        ?C?COPY
  C:0FD5H         PUBLIC        ?C?COPY
  -------         ENDMOD        ?C?COPY

  -------         MODULE        ?C?CLDPTR
  C:0FFBH         PUBLIC        ?C?CLDPTR
  -------         ENDMOD        ?C?CLDPTR

  -------         MODULE        ?C?CLDOPTR
  C:1014H         PUBLIC        ?C?CLDOPTR
  -------         ENDMOD        ?C?CLDOPTR

  -------         MODULE        ?C?CSTPTR
  C:1041H         PUBLIC        ?C?CSTPTR
  -------         ENDMOD        ?C?CSTPTR

  -------         MODULE        ?C?IMUL
  C:1053H         PUBLIC        ?C?IMUL
  -------         ENDMOD        ?C?IMUL

  -------         MODULE        ?C?UIDIV
  C:1065H         PUBLIC        ?C?UIDIV
  -------         ENDMOD        ?C?UIDIV

  -------         MODULE        ?C?SIDIV
  C:10BAH         PUBLIC        ?C?SIDIV
  -------         ENDMOD        ?C?SIDIV

  -------         MODULE        ?C?ILDIX
  C:10F0H         PUBLIC        ?C?ILDIX
  -------         ENDMOD        ?C?ILDIX

  -------         MODULE        ?C?ILDOPTR
  C:1106H         PUBLIC        ?C?ILDOPTR
  -------         ENDMOD        ?C?ILDOPTR

  -------         MODULE        ?C?LMUL
  C:113EH         PUBLIC        ?C?LMUL
  -------         ENDMOD        ?C?LMUL

  -------         MODULE        ?C?SLDIV
  C:3EB2H         PUBLIC        ?C?SLDIV
  -------         ENDMOD        ?C?SLDIV

  -------         MODULE        ?C?LNEG
  C:118DH         PUBLIC        ?C?LNEG
  -------         ENDMOD        ?C?LNEG
BL51 BANKED LINKER/LOCATER V6.22                                                      01/25/2019  12:28:20  PAGE 42



  -------         MODULE        ?C?LLDPTR
  C:119BH         PUBLIC        ?C?LLDPTR
  -------         ENDMOD        ?C?LLDPTR

  -------         MODULE        ?C?LLDOPTR
  C:11BBH         PUBLIC        ?C?LLDOPTR
  -------         ENDMOD        ?C?LLDOPTR

  -------         MODULE        ?C?LSTPTR
  C:11EBH         PUBLIC        ?C?LSTPTR
  -------         ENDMOD        ?C?LSTPTR

  -------         MODULE        ?C?LSTOPTR
  C:1205H         PUBLIC        ?C?LSTOPTR
  -------         ENDMOD        ?C?LSTOPTR

  -------         MODULE        ?C?LLDXDATA
  C:1229H         PUBLIC        ?C?LLDXDATA
  -------         ENDMOD        ?C?LLDXDATA

  -------         MODULE        ?C?LLDCODE
  C:1235H         PUBLIC        ?C?LLDCODE
  -------         ENDMOD        ?C?LLDCODE

  -------         MODULE        ?C?LLDXDATA0
  C:1245H         PUBLIC        ?C?LLDXDATA0
  -------         ENDMOD        ?C?LLDXDATA0

  -------         MODULE        ?C?LLDCODE0
  C:1251H         PUBLIC        ?C?LLDCODE0
  -------         ENDMOD        ?C?LLDCODE0

  -------         MODULE        ?C?LLDPTR0
  C:1261H         PUBLIC        ?C?LLDPTR0
  -------         ENDMOD        ?C?LLDPTR0

  -------         MODULE        ?C?LSTXDATA
  C:1281H         PUBLIC        ?C?LSTXDATA
  -------         ENDMOD        ?C?LSTXDATA

  -------         MODULE        ?C?LSTKXDATA
  C:128DH         PUBLIC        ?C?LSTKXDATA
  -------         ENDMOD        ?C?LSTKXDATA

  -------         MODULE        ?C?OFFXADD
  C:12BEH         PUBLIC        ?C?OFFXADD
  -------         ENDMOD        ?C?OFFXADD

  -------         MODULE        ABS
  C:426BH         PUBLIC        _ABS
  -------         ENDMOD        ABS

  -------         MODULE        ATOI
  C:3657H         PUBLIC        _atoi
  -------         ENDMOD        ATOI

BL51 BANKED LINKER/LOCATER V6.22                                                      01/25/2019  12:28:20  PAGE 43


  -------         MODULE        ?C?IILDX
  C:12CAH         PUBLIC        ?C?IILDX
  -------         ENDMOD        ?C?IILDX

  -------         MODULE        ?C?ULDIV
  C:131CH         PUBLIC        ?C?ULDIV
  -------         ENDMOD        ?C?ULDIV

  -------         MODULE        ?C?LLDIDATA
  C:13AEH         PUBLIC        ?C?LLDIDATA
  -------         ENDMOD        ?C?LLDIDATA

  -------         MODULE        ?C?LLDPDATA
  C:13BAH         PUBLIC        ?C?LLDPDATA
  -------         ENDMOD        ?C?LLDPDATA

  -------         MODULE        ?C?LLDIDATA0
  C:13C6H         PUBLIC        ?C?LLDIDATA0
  -------         ENDMOD        ?C?LLDIDATA0

  -------         MODULE        ?C?LLDPDATA0
  C:13D3H         PUBLIC        ?C?LLDPDATA0
  -------         ENDMOD        ?C?LLDPDATA0

  -------         MODULE        ?C?LSTIDATA
  C:13E0H         PUBLIC        ?C?LSTIDATA
  -------         ENDMOD        ?C?LSTIDATA

  -------         MODULE        ?C?LSTPDATA
  C:13ECH         PUBLIC        ?C?LSTPDATA
  -------         ENDMOD        ?C?LSTPDATA

  -------         MODULE        ISDIGIT
  C:4243H         PUBLIC        _isdigit
  -------         ENDMOD        ISDIGIT

  -------         MODULE        ISSPACE
  C:41DEH         PUBLIC        _isspace
  -------         ENDMOD        ISSPACE

*** WARNING L16: UNCALLED SEGMENT, IGNORED FOR OVERLAY PROCESS
    SEGMENT: ?PR?_DISPLAY_PROX?MAIN

*** WARNING L16: UNCALLED SEGMENT, IGNORED FOR OVERLAY PROCESS
    SEGMENT: ?PR?_DAY_OF_YEAR?PCF85063BTL

*** WARNING L16: UNCALLED SEGMENT, IGNORED FOR OVERLAY PROCESS
    SEGMENT: ?PR?INITUART1?UART1

*** WARNING L16: UNCALLED SEGMENT, IGNORED FOR OVERLAY PROCESS
    SEGMENT: ?PR?_SENDSTRING?UART1

*** WARNING L16: UNCALLED SEGMENT, IGNORED FOR OVERLAY PROCESS
    SEGMENT: ?PR?_TEN?UART1

*** WARNING L16: UNCALLED SEGMENT, IGNORED FOR OVERLAY PROCESS
    SEGMENT: ?PR?_UNIT?UART1
BL51 BANKED LINKER/LOCATER V6.22                                                      01/25/2019  12:28:20  PAGE 44



*** WARNING L16: UNCALLED SEGMENT, IGNORED FOR OVERLAY PROCESS
    SEGMENT: ?PR?_DECTOBCD?UART1

*** WARNING L16: UNCALLED SEGMENT, IGNORED FOR OVERLAY PROCESS
    SEGMENT: ?PR?_ASCII_LETTER?UART1

*** WARNING L16: UNCALLED SEGMENT, IGNORED FOR OVERLAY PROCESS
    SEGMENT: ?PR?_ASCIITOBCD?UART1

*** WARNING L16: UNCALLED SEGMENT, IGNORED FOR OVERLAY PROCESS
    SEGMENT: ?PR?WAIT?BIPOLARMOTOR

*** WARNING L16: UNCALLED SEGMENT, IGNORED FOR OVERLAY PROCESS
    SEGMENT: ?PR?_FINDDET4X4?BIPOLARMOTOR

*** WARNING L16: UNCALLED SEGMENT, IGNORED FOR OVERLAY PROCESS
    SEGMENT: ?PR?NOP?IOEXPANDER_PI4IOE5V96248

*** WARNING L16: UNCALLED SEGMENT, IGNORED FOR OVERLAY PROCESS
    SEGMENT: ?PR?UC_ACK?IOEXPANDER_PI4IOE5V96248

*** WARNING L16: UNCALLED SEGMENT, IGNORED FOR OVERLAY PROCESS
    SEGMENT: ?PR?UC_NACK?IOEXPANDER_PI4IOE5V96248

*** WARNING L1: UNRESOLVED EXTERNAL SYMBOL
    SYMBOL:  AUTO_MODE
    MODULE:  .\Obj\main.obj (MAIN)

*** WARNING L2: REFERENCE MADE TO UNRESOLVED EXTERNAL
    SYMBOL:  AUTO_MODE
    MODULE:  .\Obj\main.obj (MAIN)
    ADDRESS: 1412H

*** WARNING L2: REFERENCE MADE TO UNRESOLVED EXTERNAL
    SYMBOL:  AUTO_MODE
    MODULE:  .\Obj\main.obj (MAIN)
    ADDRESS: 157DH

*** WARNING L2: REFERENCE MADE TO UNRESOLVED EXTERNAL
    SYMBOL:  AUTO_MODE
    MODULE:  .\Obj\main.obj (MAIN)
    ADDRESS: 158BH

*** WARNING L2: REFERENCE MADE TO UNRESOLVED EXTERNAL
    SYMBOL:  AUTO_MODE
    MODULE:  .\Obj\main.obj (MAIN)
    ADDRESS: 159DH

*** WARNING L2: REFERENCE MADE TO UNRESOLVED EXTERNAL
    SYMBOL:  AUTO_MODE
    MODULE:  .\Obj\main.obj (MAIN)
    ADDRESS: 15DFH

*** WARNING L2: REFERENCE MADE TO UNRESOLVED EXTERNAL
    SYMBOL:  AUTO_MODE
    MODULE:  .\Obj\main.obj (MAIN)
BL51 BANKED LINKER/LOCATER V6.22                                                      01/25/2019  12:28:20  PAGE 45


    ADDRESS: 16B2H

*** WARNING L1: UNRESOLVED EXTERNAL SYMBOL
    SYMBOL:  _SENDUART1
    MODULE:  .\Obj\UART1.obj (UART1)

*** WARNING L2: REFERENCE MADE TO UNRESOLVED EXTERNAL
    SYMBOL:  _SENDUART1
    MODULE:  .\Obj\UART1.obj (UART1)
    ADDRESS: 3FDFH

*** WARNING L1: UNRESOLVED EXTERNAL SYMBOL
    SYMBOL:  AUTO_MODE
    MODULE:  .\Obj\KeyPad.obj (KEYPAD)

*** WARNING L2: REFERENCE MADE TO UNRESOLVED EXTERNAL
    SYMBOL:  AUTO_MODE
    MODULE:  .\Obj\KeyPad.obj (KEYPAD)
    ADDRESS: 2A25H

*** WARNING L2: REFERENCE MADE TO UNRESOLVED EXTERNAL
    SYMBOL:  AUTO_MODE
    MODULE:  .\Obj\KeyPad.obj (KEYPAD)
    ADDRESS: 2A30H

*** WARNING L2: REFERENCE MADE TO UNRESOLVED EXTERNAL
    SYMBOL:  AUTO_MODE
    MODULE:  .\Obj\KeyPad.obj (KEYPAD)
    ADDRESS: 2A37H

Program Size: data=10.2 xdata=1375 code=17053
LINK/LOCATE RUN COMPLETE.  27 WARNING(S),  0 ERROR(S)
