BL51 BANKED LINKER/LOCATER V6.22                                                        10/22/2019  10:50:14  PAGE 1


BL51 BANKED LINKER/LOCATER V6.22, INVOKED BY:
C:\KEIL_V5\C51\BIN\BL51.EXE .\Obj\main.obj, .\Obj\PCF85063BTL.obj, .\Obj\LCd_Driver_SPLC780D.obj, .\Obj\KeyPad.obj, .\Ob
>> j\BipolarMotor.obj, .\Obj\SunPos.obj, .\Obj\ADC.obj, .\Obj\Calibration.obj, .\Obj\IOExpander_PI4IOE5V96248.obj, .\Obj
>> \AT25SF041.obj, .\Obj\SI1120.obj, .\Obj\UART1.obj, .\Obj\STARTUP.obj TO .\Obj\GPIO_RTC_Test RTX51TINY PRINT (.\Lis\GP
>> IO_RTC_Test.m51) RAMSIZE (256)


MEMORY MODEL: LARGE WITH FLOATING POINT ARITHMETIC


INPUT MODULES INCLUDED:
  .\Obj\main.obj (MAIN)
  .\Obj\PCF85063BTL.obj (PCF85063BTL)
  .\Obj\LCd_Driver_SPLC780D.obj (LCD_DRIVER_SPLC780D)
  .\Obj\KeyPad.obj (KEYPAD)
  .\Obj\BipolarMotor.obj (BIPOLARMOTOR)
  .\Obj\SunPos.obj (SUNPOS)
  .\Obj\ADC.obj (ADC)
  .\Obj\Calibration.obj (CALIBRATION)
  .\Obj\IOExpander_PI4IOE5V96248.obj (IOEXPANDER_PI4IOE5V96248)
  .\Obj\AT25SF041.obj (AT25SF041)
  .\Obj\SI1120.obj (SI1120)
  .\Obj\UART1.obj (UART1)
  .\Obj\STARTUP.obj (?C_STARTUP)
  C:\KEIL_V5\C51\LIB\C51FPL.LIB (?C?FPADD)
  C:\KEIL_V5\C51\LIB\C51FPL.LIB (?C?FPMUL)
  C:\KEIL_V5\C51\LIB\C51FPL.LIB (?C?FPDIV)
  C:\KEIL_V5\C51\LIB\C51FPL.LIB (?C?FPCMP)
  C:\KEIL_V5\C51\LIB\C51FPL.LIB (?C?FPNEG)
  C:\KEIL_V5\C51\LIB\C51FPL.LIB (?C?FCAST)
  C:\KEIL_V5\C51\LIB\C51FPL.LIB (?C?CASTF)
  C:\KEIL_V5\C51\LIB\C51FPL.LIB (PRINTF)
  C:\KEIL_V5\C51\LIB\C51FPL.LIB (FABS)
  C:\KEIL_V5\C51\LIB\C51FPL.LIB (ATAN2)
  C:\KEIL_V5\C51\LIB\C51FPL.LIB (SIN)
  C:\KEIL_V5\C51\LIB\C51FPL.LIB (ACOS)
  C:\KEIL_V5\C51\LIB\C51FPL.LIB (ASIN)
  C:\KEIL_V5\C51\LIB\C51FPL.LIB (POW)
  C:\KEIL_V5\C51\LIB\C51FPL.LIB (?C?FPGETOPN)
  C:\KEIL_V5\C51\LIB\C51FPL.LIB (?C?CHKFLOAT)
  C:\KEIL_V5\C51\LIB\C51FPL.LIB (?C?FPROUND)
  C:\KEIL_V5\C51\LIB\C51FPL.LIB (?C?FPCONVERT)
  C:\KEIL_V5\C51\LIB\C51FPL.LIB (?C?FPSERIES)
  C:\KEIL_V5\C51\LIB\C51FPL.LIB (EXP)
  C:\KEIL_V5\C51\LIB\C51FPL.LIB (LOG)
  C:\KEIL_V5\C51\LIB\C51FPL.LIB (SQRT)
  C:\KEIL_V5\C51\LIB\C51FPL.LIB (ATAN)
  C:\KEIL_V5\C51\LIB\C51FPL.LIB (?C?FTNPWR)
  C:\KEIL_V5\C51\LIB\C51L.LIB (?C_INIT)
  C:\KEIL_V5\C51\LIB\C51L.LIB (?C?COPY)
  C:\KEIL_V5\C51\LIB\C51L.LIB (?C?CLDPTR)
  C:\KEIL_V5\C51\LIB\C51L.LIB (?C?CLDOPTR)
  C:\KEIL_V5\C51\LIB\C51L.LIB (?C?CSTPTR)
  C:\KEIL_V5\C51\LIB\C51L.LIB (?C?IMUL)
  C:\KEIL_V5\C51\LIB\C51L.LIB (?C?UIDIV)
  C:\KEIL_V5\C51\LIB\C51L.LIB (?C?SIDIV)
  C:\KEIL_V5\C51\LIB\C51L.LIB (?C?ILDIX)
  C:\KEIL_V5\C51\LIB\C51L.LIB (?C?ILDOPTR)
BL51 BANKED LINKER/LOCATER V6.22                                                      10/22/2019  10:50:14  PAGE 2


  C:\KEIL_V5\C51\LIB\C51L.LIB (?C?ISTPTR)
  C:\KEIL_V5\C51\LIB\C51L.LIB (?C?LMUL)
  C:\KEIL_V5\C51\LIB\C51L.LIB (?C?SLDIV)
  C:\KEIL_V5\C51\LIB\C51L.LIB (?C?LNEG)
  C:\KEIL_V5\C51\LIB\C51L.LIB (?C?ULCMP)
  C:\KEIL_V5\C51\LIB\C51L.LIB (?C?LSHL)
  C:\KEIL_V5\C51\LIB\C51L.LIB (?C?LLDPTR)
  C:\KEIL_V5\C51\LIB\C51L.LIB (?C?LLDOPTR)
  C:\KEIL_V5\C51\LIB\C51L.LIB (?C?LSTPTR)
  C:\KEIL_V5\C51\LIB\C51L.LIB (?C?LSTOPTR)
  C:\KEIL_V5\C51\LIB\C51L.LIB (?C?LLDXDATA)
  C:\KEIL_V5\C51\LIB\C51L.LIB (?C?LLDCODE)
  C:\KEIL_V5\C51\LIB\C51L.LIB (?C?LLDXDATA0)
  C:\KEIL_V5\C51\LIB\C51L.LIB (?C?LLDCODE0)
  C:\KEIL_V5\C51\LIB\C51L.LIB (?C?LLDPTR0)
  C:\KEIL_V5\C51\LIB\C51L.LIB (?C?LSTXDATA)
  C:\KEIL_V5\C51\LIB\C51L.LIB (?C?LSTKXDATA)
  C:\KEIL_V5\C51\LIB\C51L.LIB (?C?LSTKPTR)
  C:\KEIL_V5\C51\LIB\C51L.LIB (?C?OFFXADD)
  C:\KEIL_V5\C51\LIB\C51L.LIB (?C?PLDIXDATA)
  C:\KEIL_V5\C51\LIB\C51L.LIB (?C?PSTXDATA)
  C:\KEIL_V5\C51\LIB\C51L.LIB (?C?CCASE)
  C:\KEIL_V5\C51\LIB\C51L.LIB (PUTCHAR)
  C:\KEIL_V5\C51\LIB\C51L.LIB (ABS)
  C:\KEIL_V5\C51\LIB\C51L.LIB (ATOI)
  C:\KEIL_V5\C51\LIB\C51L.LIB (?C?IILDX)
  C:\KEIL_V5\C51\LIB\C51L.LIB (?C?ULDIV)
  C:\KEIL_V5\C51\LIB\C51L.LIB (?C?LLDIDATA)
  C:\KEIL_V5\C51\LIB\C51L.LIB (?C?LLDPDATA)
  C:\KEIL_V5\C51\LIB\C51L.LIB (?C?LLDIDATA0)
  C:\KEIL_V5\C51\LIB\C51L.LIB (?C?LLDPDATA0)
  C:\KEIL_V5\C51\LIB\C51L.LIB (?C?LSTIDATA)
  C:\KEIL_V5\C51\LIB\C51L.LIB (?C?LSTPDATA)
  C:\KEIL_V5\C51\LIB\C51L.LIB (?C?LSTKIDATA)
  C:\KEIL_V5\C51\LIB\C51L.LIB (?C?LSTKPDATA)
  C:\KEIL_V5\C51\LIB\C51L.LIB (ISDIGIT)
  C:\KEIL_V5\C51\LIB\C51L.LIB (ISSPACE)


LINK MAP OF MODULE:  .\Obj\GPIO_RTC_Test (MAIN)


            TYPE    BASE      LENGTH    RELOCATION   SEGMENT NAME
            -----------------------------------------------------

            * * * * * * *   D A T A   M E M O R Y   * * * * * * *
            REG     0000H     0008H     ABSOLUTE     "REG BANK 0"
            DATA    0008H     0005H     UNIT         _DATA_GROUP_
                    000DH     0013H                  *** GAP ***
            BIT     0020H.0   0001H.2   UNIT         _BIT_GROUP_
            BIT     0021H.2   0000H.1   UNIT         ?BI?MAIN
            BIT     0021H.3   0000H.1   UNIT         ?BI?_ATOI?ATOI
                    0021H.4   0000H.4                *** GAP ***
            IDATA   0022H     0001H     UNIT         ?STACK

            * * * * * * *  X D A T A   M E M O R Y  * * * * * * *
            XDATA   0000H     03BCH     UNIT         ?XD?BIPOLARMOTOR
BL51 BANKED LINKER/LOCATER V6.22                                                      10/22/2019  10:50:14  PAGE 3


            XDATA   03BCH     0171H     UNIT         _XDATA_GROUP_
            XDATA   052DH     0121H     UNIT         ?XD?MAIN
            XDATA   064EH     0019H     UNIT         ?XD?KEYPAD
            XDATA   0667H     0005H     UNIT         ?XD?_ATOI?ATOI
            XDATA   066CH     0001H     UNIT         ?XD?UC_ACK?IOEXPANDER_PI4IOE5V96248
            XDATA   066DH     0001H     UNIT         ?XD?UC_NACK?IOEXPANDER_PI4IOE5V96248

            * * * * * * *   C O D E   M E M O R Y   * * * * * * *
            CODE    0000H     0003H     ABSOLUTE     
            CODE    0003H     0003H     ABSOLUTE     
            CODE    0006H     0005H     UNIT         ?PR?_UNIT?UART1
            CODE    000BH     0003H     ABSOLUTE     
            CODE    000EH     000DH     UNIT         ?PR?UART?MAIN
            CODE    001BH     0003H     ABSOLUTE     
            CODE    001EH     0005H     UNIT         ?PR?_ASCII_LETTER?UART1
            CODE    0023H     0003H     ABSOLUTE     
            CODE    0026H     26CCH     UNIT         ?PR?MAIN?MAIN
            CODE    26F2H     0BC8H     UNIT         ?C?LIB_CODE
            CODE    32BAH     07F7H     UNIT         ?PR?_FIND_REAL_MAX?CALIBRATION
            CODE    3AB1H     07A2H     UNIT         ?PR?SUNPOS?SUNPOS
            CODE    4253H     0645H     UNIT         ?PR?_UPDATE_POSITION?BIPOLARMOTOR
            CODE    4898H     04FBH     UNIT         ?PR?_THEORICALJP_POSITION?BIPOLARMOTOR
            CODE    4D93H     0483H     UNIT         ?PR?PRINTF?PRINTF
            CODE    5216H     044AH     UNIT         ?PR?_AZIMUTH_CALCULATION?BIPOLARMOTOR
            CODE    5660H     0424H     UNIT         ?C_INITSEG
            CODE    5A84H     038CH     UNIT         ?PR?KEY_PROCESS?KEYPAD
            CODE    5E10H     036DH     UNIT         ?PR?_ELEVATION_CALCULATION?BIPOLARMOTOR
            CODE    617DH     01C7H     UNIT         ?PR?_CALIBRATION?CALIBRATION
            CODE    6344H     018DH     UNIT         ?PR?KEY_SCAN?KEYPAD
            CODE    64D1H     0189H     UNIT         ?PR?SPI_NOR_WRITE_DATA?AT25SF041
            CODE    665AH     0188H     UNIT         ?PR?SIN?SIN
            CODE    67E2H     0166H     UNIT         ?PR?_POW?POW
            CODE    6948H     0155H     UNIT         ?PR?_DISPLAY_POS?LCD_DRIVER_SPLC780D
            CODE    6A9DH     0129H     UNIT         ?PR?LOG?LOG
            CODE    6BC6H     0122H     UNIT         ?PR?ATAN?ATAN
            CODE    6CE8H     0110H     UNIT         ?PR?_AT25SF041_READ?AT25SF041
            CODE    6DF8H     0102H     UNIT         ?PR?_AT25SF041_WRITE?AT25SF041
            CODE    6EFAH     00F5H     UNIT         ?PR?EXINT0?MAIN
            CODE    6FEFH     00DBH     UNIT         ?PR?_ATOI?ATOI
            CODE    70CAH     00C3H     UNIT         ?PR?LINEAR_INTERPOLATE?BIPOLARMOTOR
            CODE    718DH     00BBH     UNIT         ?PR?VOLTAGE_IS_STABLE?CALIBRATION
            CODE    7248H     00ADH     UNIT         ?PR?_WRITE_PI4IOE5V96248?IOEXPANDER_PI4IOE5V96248
            CODE    72F5H     00ACH     UNIT         ?PR?SQRT?SQRT
            CODE    73A1H     00A1H     UNIT         ?PR?UCREAD_STATUS_REGISTER_BYTE1?AT25SF041
            CODE    7442H     009DH     UNIT         ?PR?_ATAN2?ATAN2
            CODE    74DFH     009CH     UNIT         ?PR?_MAX_VALUE?CALIBRATION
            CODE    757BH     009AH     UNIT         ?PR?EXP?EXP
            CODE    7615H     008CH     UNIT         ?C_C51STARTUP
            CODE    76A1H     0088H     UNIT         ?PR?_DAY_OF_YEAR?PCF85063BTL
            CODE    7729H     0079H     UNIT         ?PR?_WRITEDATA?LCD_DRIVER_SPLC780D
            CODE    77A2H     0072H     UNIT         ?PR?AT25SF041_WRITEENABLE?AT25SF041
            CODE    7814H     006FH     UNIT         ?PR?_READ_TIME?PCF85063BTL
            CODE    7883H     005AH     UNIT         ?PR?AT25SF041_CHIPERASE?AT25SF041
            CODE    78DDH     0059H     UNIT         ?PR?LCD_INIT?LCD_DRIVER_SPLC780D
            CODE    7936H     0054H     UNIT         ?CO?MAIN
            CODE    798AH     004AH     UNIT         ?PR?VONESTEPMOVE?BIPOLARMOTOR
            CODE    79D4H     004AH     UNIT         ?PR?ACOS?ACOS
BL51 BANKED LINKER/LOCATER V6.22                                                      10/22/2019  10:50:14  PAGE 4


            CODE    7A1EH     0049H     UNIT         ?CO?UART1
            CODE    7A67H     0044H     UNIT         ?C?LDIV
            CODE    7AABH     0040H     UNIT         ?PR?_COMMAND?LCD_DRIVER_SPLC780D
            CODE    7AEBH     0040H     UNIT         ?PR?_STEP_MOVE?BIPOLARMOTOR
            CODE    7B2BH     003BH     UNIT         ?PR?ASIN?ASIN
            CODE    7B66H     0033H     UNIT         ?PR?_SENDSTRING?UART1
            CODE    7B99H     0031H     UNIT         ?PR?SI1120_CONFIG_MODE_VIRH?SI1120
            CODE    7BCAH     002BH     UNIT         ?PR?_WAIT_MS_I2C?IOEXPANDER_PI4IOE5V96248
            CODE    7BF5H     002BH     UNIT         ?PR?_WAIT_MS_SPINOR?AT25SF041
            CODE    7C20H     002AH     UNIT         ?PR?_ADC_GETRESULT?ADC
            CODE    7C4AH     0028H     UNIT         ?PR?_BCDTODEC1?BIPOLARMOTOR
            CODE    7C72H     0028H     UNIT         ?PR?_MOVE?BIPOLARMOTOR
            CODE    7C9AH     0028H     UNIT         ?CO?CALIBRATION
            CODE    7CC2H     0027H     UNIT         ?PR?_I2C_SENDBYTE?IOEXPANDER_PI4IOE5V96248
            CODE    7CE9H     0027H     UNIT         ?PR?PUTCHAR?PUTCHAR
            CODE    7D10H     0024H     UNIT         ?PR?_WAIT_MS?LCD_DRIVER_SPLC780D
            CODE    7D34H     0024H     UNIT         ?PR?_FINDCLOSESTSAMEDAYCALIBTIME?CALIBRATION
            CODE    7D58H     0024H     UNIT         ?PR?_UART1_SENDTOTCPSERVER?UART1
            CODE    7D7CH     0021H     UNIT         ?PR?TM0_ISR?MAIN
            CODE    7D9DH     0020H     UNIT         ?PR?_SPI_SENDBYTE?PCF85063BTL
            CODE    7DBDH     0020H     UNIT         ?PR?SPI_RECEIVEBYTE?PCF85063BTL
            CODE    7DDDH     001EH     UNIT         ?PR?_DELAY_MS?KEYPAD
            CODE    7DFBH     001DH     UNIT         ?PR?_DISPLAYLCD?LCD_DRIVER_SPLC780D
            CODE    7E18H     001AH     UNIT         ?PR?ADC_INIT?ADC
            CODE    7E32H     0018H     UNIT         ?PR?_SPI_WRITETIME?PCF85063BTL
            CODE    7E4AH     0017H     UNIT         ?PR?_ASCIITOBCD?UART1
            CODE    7E61H     0016H     UNIT         ?PR?I2C_ACK?IOEXPANDER_PI4IOE5V96248
            CODE    7E77H     0015H     UNIT         ?PR?_DISPLAY_LINE?LCD_DRIVER_SPLC780D
            CODE    7E8CH     0015H     UNIT         ?PR?VSETLOCATION?BIPOLARMOTOR
            CODE    7EA1H     0015H     UNIT         ?PR?I2C_STOP?IOEXPANDER_PI4IOE5V96248
            CODE    7EB6H     0014H     UNIT         ?PR?_PCF85063BTL_DELAY?PCF85063BTL
            CODE    7ECAH     0014H     UNIT         ?PR?_ISSPACE?ISSPACE
            CODE    7EDEH     0011H     UNIT         ?PR?_SPI_READTIME?PCF85063BTL
            CODE    7EEFH     0011H     UNIT         ?PR?_BCDTODEC?PCF85063BTL
            CODE    7F00H     0011H     UNIT         ?PR?INITUART1?UART1
            CODE    7F11H     000FH     UNIT         ?PR?I2C_START?IOEXPANDER_PI4IOE5V96248
            CODE    7F20H     000FH     UNIT         ?PR?UC_NACK?IOEXPANDER_PI4IOE5V96248
            CODE    7F2FH     000FH     UNIT         ?PR?_ISDIGIT?ISDIGIT
            CODE    7F3EH     000DH     UNIT         ?PR?SPI_INIT?PCF85063BTL
            CODE    7F4BH     000DH     UNIT         ?PR?ENABLE_EXTINT0?SI1120
            CODE    7F58H     000DH     UNIT         ?PR?_FABS?FABS
            CODE    7F65H     000CH     UNIT         ?PR?KEYPAD_IO_INIT?KEYPAD
            CODE    7F71H     000CH     UNIT         ?PR?_ABS?ABS
            CODE    7F7DH     000AH     UNIT         ?PR?LCD_RETURN_HOME?LCD_DRIVER_SPLC780D
            CODE    7F87H     000AH     UNIT         ?PR?LCD_CLEAR?LCD_DRIVER_SPLC780D
            CODE    7F91H     0009H     UNIT         ?PR?TM1_ISR?MAIN
            CODE    7F9AH     0009H     UNIT         ?PR?_SENDUART1?MAIN
            CODE    7FA3H     0009H     UNIT         ?PR?UART1_INITTCPCONN?UART1
            CODE    7FACH     0006H     UNIT         ?PR?UC_ACK?IOEXPANDER_PI4IOE5V96248
            CODE    7FB2H     0006H     UNIT         ?PR?_TEN?UART1
            CODE    7FB8H     0001H     UNIT         ?PR?NOP?IOEXPANDER_PI4IOE5V96248
            CODE    7FB9H     0001H     UNIT         ?PR?_DECTOBCD?UART1



OVERLAY MAP OF MODULE:   .\Obj\GPIO_RTC_Test (MAIN)

BL51 BANKED LINKER/LOCATER V6.22                                                      10/22/2019  10:50:14  PAGE 5



SEGMENT                                             BIT_GROUP          DATA_GROUP          XDATA_GROUP
  +--> CALLED SEGMENT                            START    LENGTH     START    LENGTH     START    LENGTH
--------------------------------------------------------------------------------------------------------
?PR?EXINT0?MAIN                                  -----    -----      -----    -----      -----    -----
  +--> ?PR?_POW?POW

?PR?_POW?POW                                     -----    -----      -----    -----      03BCH    000AH
  +--> ?PR?LOG?LOG
  +--> ?PR?EXP?EXP

?PR?LOG?LOG                                      0020H.0  0000H.1    -----    -----      03C6H    0004H

*** NEW ROOT ***************************************************

?C_C51STARTUP                                    -----    -----      -----    -----      -----    -----
  +--> ?PR?MAIN?MAIN
  +--> ?C_INITSEG

?PR?MAIN?MAIN                                    -----    -----      -----    -----      03CAH    003EH
  +--> ?PR?LCD_INIT?LCD_DRIVER_SPLC780D
  +--> ?PR?SPI_INIT?PCF85063BTL
  +--> ?PR?KEYPAD_IO_INIT?KEYPAD
  +--> ?PR?ADC_INIT?ADC
  +--> ?PR?SI1120_CONFIG_MODE_VIRH?SI1120
  +--> ?PR?ENABLE_EXTINT0?SI1120
  +--> ?PR?VSETLOCATION?BIPOLARMOTOR
  +--> ?PR?_SPI_WRITETIME?PCF85063BTL
  +--> ?PR?_DELAY_MS?KEYPAD
  +--> ?PR?_DISPLAY_LINE?LCD_DRIVER_SPLC780D
  +--> ?PR?_WRITEDATA?LCD_DRIVER_SPLC780D
  +--> ?PR?INITUART1?UART1
  +--> ?PR?UART1_INITTCPCONN?UART1
  +--> ?CO?MAIN
  +--> ?PR?_UART1_SENDTOTCPSERVER?UART1
  +--> ?PR?KEY_PROCESS?KEYPAD
  +--> ?PR?_BCDTODEC1?BIPOLARMOTOR
  +--> ?PR?_COMMAND?LCD_DRIVER_SPLC780D
  +--> ?PR?_DISPLAY_POS?LCD_DRIVER_SPLC780D
  +--> ?PR?_DISPLAYLCD?LCD_DRIVER_SPLC780D
  +--> ?PR?_STEP_MOVE?BIPOLARMOTOR
  +--> ?PR?LCD_RETURN_HOME?LCD_DRIVER_SPLC780D
  +--> ?PR?_READ_TIME?PCF85063BTL
  +--> ?PR?_SENDSTRING?UART1
  +--> ?PR?_ELEVATION_CALCULATION?BIPOLARMOTOR
  +--> ?PR?_AZIMUTH_CALCULATION?BIPOLARMOTOR
  +--> ?PR?_AT25SF041_READ?AT25SF041
  +--> ?PR?_DAY_OF_YEAR?PCF85063BTL
  +--> ?PR?_THEORICALJP_POSITION?BIPOLARMOTOR
  +--> ?PR?PRINTF?PRINTF
  +--> ?PR?SIN?SIN
  +--> ?PR?_CALIBRATION?CALIBRATION
  +--> ?PR?_WAIT_MS_SPINOR?AT25SF041
  +--> ?PR?AT25SF041_WRITEENABLE?AT25SF041
  +--> ?PR?_AT25SF041_WRITE?AT25SF041
  +--> ?PR?_ABS?ABS
  +--> ?PR?_FABS?FABS
BL51 BANKED LINKER/LOCATER V6.22                                                      10/22/2019  10:50:14  PAGE 6


  +--> ?PR?_ADC_GETRESULT?ADC
  +--> ?PR?SPI_NOR_WRITE_DATA?AT25SF041
  +--> ?PR?_WAIT_MS?LCD_DRIVER_SPLC780D
  +--> ?PR?_UPDATE_POSITION?BIPOLARMOTOR
  +--> ?PR?LINEAR_INTERPOLATE?BIPOLARMOTOR
  +--> ?PR?AT25SF041_CHIPERASE?AT25SF041
  +--> ?PR?LCD_CLEAR?LCD_DRIVER_SPLC780D

?PR?LCD_INIT?LCD_DRIVER_SPLC780D                 -----    -----      -----    -----      -----    -----
  +--> ?PR?_WAIT_MS?LCD_DRIVER_SPLC780D
  +--> ?PR?_COMMAND?LCD_DRIVER_SPLC780D

?PR?_COMMAND?LCD_DRIVER_SPLC780D                 -----    -----      -----    -----      -----    -----
  +--> ?PR?_WAIT_MS?LCD_DRIVER_SPLC780D

?PR?SI1120_CONFIG_MODE_VIRH?SI1120               -----    -----      -----    -----      -----    -----
  +--> ?PR?_WAIT_MS?LCD_DRIVER_SPLC780D

?PR?_SPI_WRITETIME?PCF85063BTL                   -----    -----      -----    -----      -----    -----
  +--> ?PR?_SPI_SENDBYTE?PCF85063BTL

?PR?_SPI_SENDBYTE?PCF85063BTL                    -----    -----      -----    -----      -----    -----
  +--> ?PR?_PCF85063BTL_DELAY?PCF85063BTL

?PR?_DISPLAY_LINE?LCD_DRIVER_SPLC780D            -----    -----      -----    -----      -----    -----
  +--> ?PR?_COMMAND?LCD_DRIVER_SPLC780D

?PR?_WRITEDATA?LCD_DRIVER_SPLC780D               -----    -----      -----    -----      0508H    0001H
  +--> ?PR?_WAIT_MS?LCD_DRIVER_SPLC780D

?PR?UART1_INITTCPCONN?UART1                      -----    -----      -----    -----      -----    -----
  +--> ?CO?UART1
  +--> ?PR?_SENDSTRING?UART1

?PR?_SENDSTRING?UART1                            -----    -----      -----    -----      04FDH    0003H
  +--> ?PR?_SENDUART1?MAIN

?PR?_UART1_SENDTOTCPSERVER?UART1                 -----    -----      -----    -----      0408H    0003H
  +--> ?CO?UART1
  +--> ?PR?_SENDSTRING?UART1
  +--> ?PR?_DELAY_MS?KEYPAD

?PR?KEY_PROCESS?KEYPAD                           -----    -----      -----    -----      0408H    0006H
  +--> ?PR?KEY_SCAN?KEYPAD
  +--> ?PR?_SPI_WRITETIME?PCF85063BTL
  +--> ?PR?LCD_CLEAR?LCD_DRIVER_SPLC780D
  +--> ?PR?_COMMAND?LCD_DRIVER_SPLC780D
  +--> ?PR?_WRITEDATA?LCD_DRIVER_SPLC780D

?PR?KEY_SCAN?KEYPAD                              -----    -----      -----    -----      040EH    0003H

?PR?LCD_CLEAR?LCD_DRIVER_SPLC780D                -----    -----      -----    -----      -----    -----
  +--> ?PR?_COMMAND?LCD_DRIVER_SPLC780D

?PR?_DISPLAY_POS?LCD_DRIVER_SPLC780D             -----    -----      -----    -----      04FDH    000BH
  +--> ?PR?_ABS?ABS
  +--> ?PR?_WRITEDATA?LCD_DRIVER_SPLC780D
BL51 BANKED LINKER/LOCATER V6.22                                                      10/22/2019  10:50:14  PAGE 7



?PR?_DISPLAYLCD?LCD_DRIVER_SPLC780D              -----    -----      -----    -----      0408H    0001H
  +--> ?PR?_WRITEDATA?LCD_DRIVER_SPLC780D

?PR?_STEP_MOVE?BIPOLARMOTOR                      0020H.2  0000H.1    -----    -----      0501H    0004H
  +--> ?PR?VONESTEPMOVE?BIPOLARMOTOR

?PR?VONESTEPMOVE?BIPOLARMOTOR                    0020H.3  0000H.1    -----    -----      -----    -----
  +--> ?PR?_WRITE_PI4IOE5V96248?IOEXPANDER_P...
  +--> ?PR?_DELAY_MS?KEYPAD

?PR?_WRITE_PI4IOE5V96248?IOEXPANDER_P...         -----    -----      -----    -----      0505H    0003H
  +--> ?PR?I2C_START?IOEXPANDER_PI4IOE5V96248
  +--> ?PR?_WAIT_MS_I2C?IOEXPANDER_PI4IOE5V9...
  +--> ?PR?_I2C_SENDBYTE?IOEXPANDER_PI4IOE5V...
  +--> ?PR?I2C_ACK?IOEXPANDER_PI4IOE5V96248
  +--> ?PR?I2C_STOP?IOEXPANDER_PI4IOE5V96248

?PR?I2C_START?IOEXPANDER_PI4IOE5V96248           -----    -----      -----    -----      -----    -----
  +--> ?PR?_WAIT_MS_I2C?IOEXPANDER_PI4IOE5V9...

?PR?_I2C_SENDBYTE?IOEXPANDER_PI4IOE5V...         -----    -----      -----    -----      -----    -----
  +--> ?PR?_WAIT_MS_I2C?IOEXPANDER_PI4IOE5V9...

?PR?I2C_ACK?IOEXPANDER_PI4IOE5V96248             -----    -----      -----    -----      0508H    0001H
  +--> ?PR?_WAIT_MS_I2C?IOEXPANDER_PI4IOE5V9...

?PR?I2C_STOP?IOEXPANDER_PI4IOE5V96248            -----    -----      -----    -----      -----    -----
  +--> ?PR?_WAIT_MS_I2C?IOEXPANDER_PI4IOE5V9...

?PR?LCD_RETURN_HOME?LCD_DRIVER_SPLC780D          -----    -----      -----    -----      -----    -----
  +--> ?PR?_COMMAND?LCD_DRIVER_SPLC780D

?PR?_READ_TIME?PCF85063BTL                       -----    -----      -----    -----      04FDH    000FH
  +--> ?PR?_SPI_READTIME?PCF85063BTL

?PR?_SPI_READTIME?PCF85063BTL                    -----    -----      -----    -----      -----    -----
  +--> ?PR?_SPI_SENDBYTE?PCF85063BTL
  +--> ?PR?SPI_RECEIVEBYTE?PCF85063BTL

?PR?SPI_RECEIVEBYTE?PCF85063BTL                  -----    -----      -----    -----      -----    -----
  +--> ?PR?_PCF85063BTL_DELAY?PCF85063BTL

?PR?_ELEVATION_CALCULATION?BIPOLARMOTOR          -----    -----      -----    -----      0408H    0005H
  +--> ?PR?_BCDTODEC1?BIPOLARMOTOR
  +--> ?PR?SUNPOS?SUNPOS
  +--> ?PR?SIN?SIN
  +--> ?PR?ASIN?ASIN

?PR?SUNPOS?SUNPOS                                -----    -----      -----    -----      0452H    005DH
  +--> ?PR?SIN?SIN
  +--> ?PR?_ATAN2?ATAN2
  +--> ?PR?ASIN?ASIN
  +--> ?PR?ACOS?ACOS

?PR?SIN?SIN                                      0020H.1  0000H.1    -----    -----      04AFH    0004H

BL51 BANKED LINKER/LOCATER V6.22                                                      10/22/2019  10:50:14  PAGE 8


?PR?_ATAN2?ATAN2                                 -----    -----      -----    -----      04AFH    0008H
  +--> ?PR?ATAN?ATAN

?PR?ATAN?ATAN                                    0020H.1  0000H.2    -----    -----      04B7H    0004H

?PR?ASIN?ASIN                                    -----    -----      -----    -----      -----    -----
  +--> ?PR?SQRT?SQRT
  +--> ?PR?ATAN?ATAN

?PR?SQRT?SQRT                                    -----    -----      -----    -----      04AFH    0004H

?PR?ACOS?ACOS                                    -----    -----      -----    -----      -----    -----
  +--> ?PR?SQRT?SQRT
  +--> ?PR?ATAN?ATAN

?PR?_AZIMUTH_CALCULATION?BIPOLARMOTOR            -----    -----      -----    -----      0408H    0009H
  +--> ?PR?_BCDTODEC1?BIPOLARMOTOR
  +--> ?PR?SUNPOS?SUNPOS
  +--> ?PR?SIN?SIN
  +--> ?PR?ASIN?ASIN

?PR?_AT25SF041_READ?AT25SF041                    -----    -----      -----    -----      0408H    0008H
  +--> ?PR?_WAIT_MS_SPINOR?AT25SF041
  +--> ?PR?UCREAD_STATUS_REGISTER_BYTE1?AT25...

?PR?UCREAD_STATUS_REGISTER_BYTE1?AT25...         -----    -----      -----    -----      041EH    0003H
  +--> ?PR?_WAIT_MS_SPINOR?AT25SF041

?PR?_DAY_OF_YEAR?PCF85063BTL                     -----    -----      -----    -----      -----    -----
  +--> ?PR?_BCDTODEC?PCF85063BTL

?PR?_THEORICALJP_POSITION?BIPOLARMOTOR           -----    -----      -----    -----      0452H    005CH
  +--> ?PR?LINEAR_INTERPOLATE?BIPOLARMOTOR

?PR?LINEAR_INTERPOLATE?BIPOLARMOTOR              -----    -----      -----    -----      04AEH    0014H

?PR?PRINTF?PRINTF                                0020H.1  0001H.1    0008H    0005H      04FDH    0030H
  +--> ?PR?PUTCHAR?PUTCHAR

?PR?_CALIBRATION?CALIBRATION                     -----    -----      -----    -----      0408H    0024H
  +--> ?PR?VOLTAGE_IS_STABLE?CALIBRATION
  +--> ?PR?_UPDATE_POSITION?BIPOLARMOTOR
  +--> ?PR?_FIND_REAL_MAX?CALIBRATION

?PR?VOLTAGE_IS_STABLE?CALIBRATION                -----    -----      -----    -----      042CH    0018H
  +--> ?PR?_ADC_GETRESULT?ADC
  +--> ?PR?_ABS?ABS

?PR?_UPDATE_POSITION?BIPOLARMOTOR                -----    -----      -----    -----      042CH    0026H
  +--> ?PR?_BCDTODEC1?BIPOLARMOTOR
  +--> ?PR?SUNPOS?SUNPOS
  +--> ?PR?SIN?SIN
  +--> ?PR?ASIN?ASIN
  +--> ?PR?_THEORICALJP_POSITION?BIPOLARMOTOR
  +--> ?PR?_FABS?FABS
  +--> ?PR?_MOVE?BIPOLARMOTOR

BL51 BANKED LINKER/LOCATER V6.22                                                      10/22/2019  10:50:14  PAGE 9


?PR?_MOVE?BIPOLARMOTOR                           0020H.1  0000H.1    -----    -----      04FDH    0004H
  +--> ?PR?_STEP_MOVE?BIPOLARMOTOR

?PR?_FIND_REAL_MAX?CALIBRATION                   -----    -----      -----    -----      042CH    00D1H
  +--> ?PR?_ADC_GETRESULT?ADC
  +--> ?PR?_WAIT_MS?LCD_DRIVER_SPLC780D
  +--> ?CO?CALIBRATION
  +--> ?PR?PRINTF?PRINTF
  +--> ?PR?_SENDSTRING?UART1
  +--> ?PR?_COMMAND?LCD_DRIVER_SPLC780D
  +--> ?PR?_WRITEDATA?LCD_DRIVER_SPLC780D
  +--> ?PR?_DISPLAY_POS?LCD_DRIVER_SPLC780D
  +--> ?PR?_MOVE?BIPOLARMOTOR
  +--> ?PR?_READ_TIME?PCF85063BTL
  +--> ?PR?_BCDTODEC1?BIPOLARMOTOR
  +--> ?PR?_MAX_VALUE?CALIBRATION

?PR?_MAX_VALUE?CALIBRATION                       -----    -----      -----    -----      04FDH    0004H

?PR?AT25SF041_WRITEENABLE?AT25SF041              -----    -----      -----    -----      0416H    0002H
  +--> ?PR?_WAIT_MS_SPINOR?AT25SF041
  +--> ?PR?UCREAD_STATUS_REGISTER_BYTE1?AT25...

?PR?_AT25SF041_WRITE?AT25SF041                   -----    -----      -----    -----      0416H    0008H
  +--> ?PR?_WAIT_MS_SPINOR?AT25SF041
  +--> ?PR?UCREAD_STATUS_REGISTER_BYTE1?AT25...

?PR?SPI_NOR_WRITE_DATA?AT25SF041                 -----    -----      -----    -----      0408H    000EH
  +--> ?PR?AT25SF041_WRITEENABLE?AT25SF041
  +--> ?PR?_AT25SF041_WRITE?AT25SF041
  +--> ?PR?_WAIT_MS_SPINOR?AT25SF041

?PR?AT25SF041_CHIPERASE?AT25SF041                -----    -----      -----    -----      0408H    0002H
  +--> ?PR?_WAIT_MS_SPINOR?AT25SF041
  +--> ?PR?UCREAD_STATUS_REGISTER_BYTE1?AT25...



SYMBOL TABLE OF MODULE:  .\Obj\GPIO_RTC_Test (MAIN)

  VALUE           TYPE          NAME
  ----------------------------------

  -------         MODULE        MAIN
  C:0000H         SYMBOL        _ICE_DUMMY_
  X:0535H         PUBLIC        calib_value
  D:0080H         PUBLIC        P0
  D:0090H         PUBLIC        P1
  D:00A0H         PUBLIC        P2
  D:00B0H         PUBLIC        P3
  D:00C0H         PUBLIC        P4
  D:00C8H         PUBLIC        P5
  X:0589H         SYMBOL        PressedKey
  B:00A8H.7       PUBLIC        EA
  D:00E8H         PUBLIC        P6
  X:058DH         PUBLIC        calib_stamp
  D:00F8H         PUBLIC        P7
BL51 BANKED LINKER/LOCATER V6.22                                                      10/22/2019  10:50:14  PAGE 10


  X:058EH         PUBLIC        sTempString
  X:0597H         PUBLIC        calib_bool
  X:05C1H         PUBLIC        pwm_time_min
  D:00A8H         PUBLIC        IE
  X:05C5H         PUBLIC        calib_time
  X:0619H         PUBLIC        pwm_time_max
  B:0090H.7       PUBLIC        Connect_Electronics_Load
  D:00B8H         PUBLIC        IP
  B:0098H.0       PUBLIC        RI
  B:00B0H.2       PUBLIC        INT0
  X:061DH         PUBLIC        months
  B:0098H.1       PUBLIC        TI
  C:000EH         PUBLIC        Uart
  D:00D8H         PUBLIC        CCON
  C:0026H         PUBLIC        main
  X:061EH         PUBLIC        found_1st_point
  X:0620H         PUBLIC        i_point1
  X:0622H         PUBLIC        i_point2
  X:0624H         PUBLIC        day_offset
  X:0626H         PUBLIC        count
  B:0090H.2       PUBLIC        Connect_IV_Load
  D:0099H         PUBLIC        SBUF
  X:0628H         PUBLIC        days
  X:0629H         PUBLIC        hours
  D:0098H         PUBLIC        SCON
  D:0089H         PUBLIC        TMOD
  D:0088H         PUBLIC        TCON
  B:00A0H.3       PUBLIC        P23
  X:062AH         SYMBOL        KeyCount
  X:062CH         PUBLIC        mins
  B:00C8H.5       PUBLIC        P55
  X:062DH         PUBLIC        diff_of_offset
  D:008EH         PUBLIC        AUXR
  C:7D7CH         PUBLIC        tm0_isr
  B:0090H.5       PUBLIC        SI1120_STX
  C:7F91H         PUBLIC        tm1_isr
  B:0021H.2       PUBLIC        busy
  D:00E0H         PUBLIC        ACC
  B:00A8H.1       PUBLIC        ET0
  B:00A8H.3       PUBLIC        ET1
  X:0631H         PUBLIC        SPI_NOR_INTERNAL_FLASH_ADDR
  D:008CH         PUBLIC        TH0
  D:008DH         PUBLIC        TH1
  D:008AH         PUBLIC        TL0
  D:008BH         PUBLIC        TL1
  X:0635H         PUBLIC        ii
  X:0637H         PUBLIC        jj
  B:0088H.4       PUBLIC        TR0
  B:0088H.6       PUBLIC        TR1
  X:0639H         PUBLIC        old_mins
  C:6EFAH         PUBLIC        exint0
  X:063AH         SYMBOL        KeyNum
  X:063BH         SYMBOL        KeyNum_Old
  X:063CH         PUBLIC        timer0_count
  X:063EH         PUBLIC        current_position
  X:0642H         PUBLIC        pwm_time
  X:0646H         PUBLIC        i
BL51 BANKED LINKER/LOCATER V6.22                                                      10/22/2019  10:50:14  PAGE 11


  X:0648H         PUBLIC        j
  X:064AH         PUBLIC        Enable_UpdateSPINOR
  X:064CH         PUBLIC        start_timer0_count
  X:064DH         PUBLIC        seconds
  D:00D0H         PUBLIC        PSW
  C:7F9AH         PUBLIC        _SendUART1
  -------         PROC          TM0_ISR
  C:7D7CH         LINE#         110
  C:7D82H         LINE#         114
  C:7D85H         LINE#         115
  C:7D88H         LINE#         116
  C:7D96H         LINE#         117
  -------         ENDPROC       TM0_ISR
  -------         PROC          TM1_ISR
  C:7F91H         LINE#         118
  C:7F91H         LINE#         120
  C:7F93H         LINE#         122
  C:7F96H         LINE#         123
  C:7F99H         LINE#         124
  -------         ENDPROC       TM1_ISR
  -------         PROC          EXINT0
  C:6EFAH         LINE#         125
  C:6F17H         LINE#         129
  C:6F1AH         LINE#         130
  C:6F1AH         LINE#         131
  C:6F1DH         LINE#         132
  C:6F20H         LINE#         133
  C:6F22H         LINE#         134
  C:6F24H         LINE#         138
  C:6F27H         LINE#         141
  C:6F27H         LINE#         142
  C:6F29H         LINE#         144
  C:6F35H         LINE#         145
  C:6F8FH         LINE#         146
  C:6FCDH         LINE#         147
  C:6FD4H         LINE#         152
  C:6FD4H         LINE#         154
  -------         ENDPROC       EXINT0
  -------         PROC          MAIN
  -------         DO            
  X:052DH         SYMBOL        KeyCount
  X:052FH         SYMBOL        KeyNum_Old
  X:0530H         SYMBOL        KeyNum
  X:0531H         SYMBOL        PressedKey
  X:03CAH         SYMBOL        prox_flag
  X:03CBH         SYMBOL        iUse_prevday_calib_value
  X:03CDH         SYMBOL        max_ADC_Val_JP
  X:03CFH         SYMBOL        max_ADC_Val
  X:03D1H         SYMBOL        calib_point1
  X:03D9H         SYMBOL        calib_point2
  X:03E1H         SYMBOL        dat_to_store
  X:03ECH         SYMBOL        calib_day
  X:03EEH         SYMBOL        calib_count
  X:03F0H         SYMBOL        theorical_JP_max_pos
  X:03F4H         SYMBOL        elevation
  X:03F8H         SYMBOL        azimuth
  X:03FCH         SYMBOL        prev_elevation
BL51 BANKED LINKER/LOCATER V6.22                                                      10/22/2019  10:50:14  PAGE 12


  X:0400H         SYMBOL        prev_azimuth
  X:0404H         SYMBOL        JP_Pos_Offset
  -------         ENDDO         
  C:0026H         LINE#         156
  C:0026H         LINE#         157
  C:0026H         LINE#         162
  C:002CH         LINE#         163
  C:0031H         LINE#         165
  C:0039H         LINE#         169
  C:003FH         LINE#         170
  C:007BH         LINE#         181
  C:0083H         LINE#         182
  C:008AH         LINE#         183
  C:0090H         LINE#         185
  C:0096H         LINE#         197
  C:0099H         LINE#         198
  C:009CH         LINE#         199
  C:009FH         LINE#         201
  C:00A2H         LINE#         204
  C:00A5H         LINE#         206
  C:00A8H         LINE#         208
  C:00ABH         LINE#         210
  C:00AEH         LINE#         211
  C:00B1H         LINE#         212
  C:00B4H         LINE#         213
  C:00B6H         LINE#         214
  C:00B8H         LINE#         215
  C:00BBH         LINE#         216
  C:00BDH         LINE#         217
  C:00BFH         LINE#         219
  C:00C1H         LINE#         220
  C:00C8H         LINE#         221
  C:00CFH         LINE#         222
  C:00D6H         LINE#         223
  C:00DDH         LINE#         227
  C:00E4H         LINE#         228
  C:00E9H         LINE#         229
  C:00EEH         LINE#         230
  C:00F3H         LINE#         231
  C:00F8H         LINE#         232
  C:00FDH         LINE#         235
  C:0104H         LINE#         236
  C:0104H         LINE#         237
  C:0127H         LINE#         238
  C:0171H         LINE#         239
  C:0186H         LINE#         240
  C:01A3H         LINE#         241
  C:01A6H         LINE#         244
  C:01ADH         LINE#         247
  C:01B0H         LINE#         249
  C:01B7H         LINE#         250
  C:01C0H         LINE#         253
  C:01C0H         LINE#         254
  C:01C0H         LINE#         255
  C:01C3H         LINE#         256
  C:01CEH         LINE#         257
  C:01CEH         LINE#         258
BL51 BANKED LINKER/LOCATER V6.22                                                      10/22/2019  10:50:14  PAGE 13


  C:01D5H         LINE#         259
  C:01DCH         LINE#         260
  C:01E3H         LINE#         261
  C:01EAH         LINE#         262
  C:01EAH         LINE#         272
  C:01EAH         LINE#         276
  C:01EFH         LINE#         277
  C:01F4H         LINE#         279
  C:01F9H         LINE#         281
  C:01FEH         LINE#         282
  C:0203H         LINE#         285
  C:0214H         LINE#         287
  C:0219H         LINE#         288
  C:021EH         LINE#         290
  C:0225H         LINE#         291
  C:022DH         LINE#         292
  C:0232H         LINE#         293
  C:023AH         LINE#         294
  C:023FH         LINE#         295
  C:0249H         LINE#         296
  C:024EH         LINE#         297
  C:0256H         LINE#         299
  C:025EH         LINE#         300
  C:0263H         LINE#         301
  C:026DH         LINE#         302
  C:026DH         LINE#         303
  C:026FH         LINE#         304
  C:0271H         LINE#         305
  C:027BH         LINE#         306
  C:027BH         LINE#         307
  C:0280H         LINE#         308
  C:0280H         LINE#         320
  C:0294H         LINE#         321
  C:0294H         LINE#         322
  C:02A9H         LINE#         323
  C:02B8H         LINE#         324
  C:02B8H         LINE#         325
  C:02CBH         LINE#         326
  C:02CDH         LINE#         328
  C:02CDH         LINE#         329
  C:02E9H         LINE#         330
  C:02E9H         LINE#         331
  C:02EEH         LINE#         332
  C:02EEH         LINE#         333
  C:0302H         LINE#         334
  C:0302H         LINE#         337
  C:0317H         LINE#         338
  C:0326H         LINE#         339
  C:0326H         LINE#         340
  C:0339H         LINE#         341
  C:033BH         LINE#         343
  C:033BH         LINE#         344
  C:0357H         LINE#         345
  C:0357H         LINE#         346
  C:035CH         LINE#         347
  C:0362H         LINE#         348
  C:0362H         LINE#         350
BL51 BANKED LINKER/LOCATER V6.22                                                      10/22/2019  10:50:14  PAGE 14


  C:0384H         LINE#         351
  C:0384H         LINE#         352
  C:038EH         LINE#         353
  C:0394H         LINE#         354
  C:039BH         LINE#         355
  C:03A1H         LINE#         356
  C:03A8H         LINE#         357
  C:03A8H         LINE#         358
  C:03ABH         LINE#         360
  C:03ABH         LINE#         365
  C:03B3H         LINE#         366
  C:03EEH         LINE#         367
  C:040CH         LINE#         368
  C:040CH         LINE#         371
  C:0415H         LINE#         373
  C:041CH         LINE#         374
  C:0425H         LINE#         375
  C:042CH         LINE#         377
  C:042CH         LINE#         381
  C:0439H         LINE#         382
  C:0439H         LINE#         385
  C:0440H         LINE#         386
  C:0451H         LINE#         389
  C:0451H         LINE#         390
  C:0479H         LINE#         391
  C:0479H         LINE#         392
  C:049BH         LINE#         393
  C:049BH         LINE#         395
  C:04C1H         LINE#         396
  C:04E7H         LINE#         399
  C:052EH         LINE#         406
  C:0570H         LINE#         409
  C:05B2H         LINE#         412
  C:062BH         LINE#         415
  C:0632H         LINE#         417
  C:0643H         LINE#         418
  C:0699H         LINE#         419
  C:06A2H         LINE#         420
  C:06A9H         LINE#         421
  C:06B2H         LINE#         422
  C:06BBH         LINE#         423
  C:06C2H         LINE#         427
  C:06FFH         LINE#         435
  C:06FFH         LINE#         437
  C:077BH         LINE#         438
  C:0794H         LINE#         439
  C:0796H         LINE#         440
  C:0798H         LINE#         442
  C:0822H         LINE#         448
  C:0850H         LINE#         449
  C:0850H         LINE#         452
  C:0873H         LINE#         453
  C:0888H         LINE#         454
  C:0892H         LINE#         456
  C:0895H         LINE#         459
  C:0895H         LINE#         460
  C:08BBH         LINE#         461
BL51 BANKED LINKER/LOCATER V6.22                                                      10/22/2019  10:50:14  PAGE 15


  C:08BBH         LINE#         462
  C:08E3H         LINE#         463
  C:0992H         LINE#         464
  C:09B8H         LINE#         465
  C:0A6AH         LINE#         469
  C:0A6AH         LINE#         470
  C:0A72H         LINE#         471
  C:0A79H         LINE#         472
  C:0A7CH         LINE#         475
  C:0AB1H         LINE#         476
  C:0AB8H         LINE#         477
  C:0ABBH         LINE#         479
  C:0AF5H         LINE#         480
  C:0B21H         LINE#         482
  C:0B50H         LINE#         484
  C:0B57H         LINE#         485
  C:0B5EH         LINE#         486
  C:0B61H         LINE#         489
  C:0BC9H         LINE#         491
  C:0BD0H         LINE#         493
  C:0BD7H         LINE#         494
  C:0BDAH         LINE#         497
  C:0C99H         LINE#         499
  C:0CA0H         LINE#         500
  C:0CA0H         LINE#         502
  C:0CA3H         LINE#         504
  C:0CA3H         LINE#         506
  C:0CAAH         LINE#         507
  C:0CAAH         LINE#         508
  C:0CADH         LINE#         509
  C:0CCBH         LINE#         510
  C:0CD2H         LINE#         511
  C:0CF1H         LINE#         512
  C:0D10H         LINE#         514
  C:0D8CH         LINE#         515
  C:0DA8H         LINE#         517
  C:0DAAH         LINE#         518
  C:0DACH         LINE#         520
  C:0DE3H         LINE#         521
  C:0DF0H         LINE#         522
  C:0DFFH         LINE#         526
  C:0DFFH         LINE#         528
  C:0E07H         LINE#         529
  C:0E0FH         LINE#         530
  C:0E17H         LINE#         531
  C:0E1FH         LINE#         533
  C:0E33H         LINE#         534
  C:0E49H         LINE#         535
  C:0E79H         LINE#         536
  C:0E99H         LINE#         538
  C:0EADH         LINE#         539
  C:0EC3H         LINE#         540
  C:0EF3H         LINE#         541
  C:0EFAH         LINE#         543
  C:0F1EH         LINE#         546
  C:0F49H         LINE#         548
  C:0F52H         LINE#         549
BL51 BANKED LINKER/LOCATER V6.22                                                      10/22/2019  10:50:14  PAGE 16


  C:0F59H         LINE#         550
  C:0F62H         LINE#         551
  C:0F6BH         LINE#         552
  C:0F72H         LINE#         554
  C:0FAFH         LINE#         556
  C:0FB8H         LINE#         557
  C:0FBFH         LINE#         558
  C:0FC8H         LINE#         559
  C:0FD1H         LINE#         560
  C:0FD8H         LINE#         562
  C:1003H         LINE#         564
  C:100CH         LINE#         565
  C:1013H         LINE#         566
  C:101CH         LINE#         567
  C:1025H         LINE#         568
  C:102CH         LINE#         570
  C:1057H         LINE#         572
  C:1060H         LINE#         573
  C:1067H         LINE#         574
  C:1070H         LINE#         575
  C:1077H         LINE#         576
  C:1080H         LINE#         577
  C:1087H         LINE#         579
  C:1089H         LINE#         584
  C:10BBH         LINE#         585
  C:10BBH         LINE#         586
  C:10C3H         LINE#         590
  C:10C3H         LINE#         591
  C:10C3H         LINE#         593
  C:10E8H         LINE#         594
  C:10E8H         LINE#         595
  C:110AH         LINE#         596
  C:110AH         LINE#         597
  C:1186H         LINE#         598
  C:1188H         LINE#         599
  C:118AH         LINE#         601
  C:11E2H         LINE#         604
  C:11F1H         LINE#         605
  C:11F1H         LINE#         606
  C:126FH         LINE#         607
  C:1278H         LINE#         608
  C:127FH         LINE#         609
  C:1288H         LINE#         610
  C:1291H         LINE#         611
  C:1298H         LINE#         614
  C:12C3H         LINE#         616
  C:12CCH         LINE#         617
  C:12D3H         LINE#         618
  C:12DCH         LINE#         619
  C:12E5H         LINE#         623
  C:12ECH         LINE#         625
  C:1317H         LINE#         627
  C:1320H         LINE#         628
  C:1327H         LINE#         629
  C:1330H         LINE#         631
  C:1330H         LINE#         632
  C:1330H         LINE#         635
BL51 BANKED LINKER/LOCATER V6.22                                                      10/22/2019  10:50:14  PAGE 17


  C:1330H         LINE#         637
  C:1330H         LINE#         638
  C:1330H         LINE#         639
  C:1330H         LINE#         640
  C:1330H         LINE#         641
  C:1330H         LINE#         642
  C:1330H         LINE#         643
  C:1330H         LINE#         645
  C:1333H         LINE#         648
  C:135AH         LINE#         649
  C:135AH         LINE#         652
  C:137CH         LINE#         653
  C:137CH         LINE#         655
  C:13F8H         LINE#         657
  C:1425H         LINE#         658
  C:1440H         LINE#         664
  C:1442H         LINE#         665
  C:1444H         LINE#         673
  C:1471H         LINE#         675
  C:1498H         LINE#         676
  C:150CH         LINE#         678
  C:1598H         LINE#         682
  C:15BBH         LINE#         683
  C:15BBH         LINE#         684
  C:1657H         LINE#         685
  C:165AH         LINE#         687
  C:165AH         LINE#         688
  C:1682H         LINE#         689
  C:16F6H         LINE#         691
  C:1771H         LINE#         698
  C:181EH         LINE#         703
  C:1825H         LINE#         705
  C:1836H         LINE#         706
  C:1836H         LINE#         709
  C:1845H         LINE#         710
  C:1845H         LINE#         711
  C:18C3H         LINE#         712
  C:18CCH         LINE#         713
  C:18D3H         LINE#         714
  C:18DCH         LINE#         715
  C:18E5H         LINE#         716
  C:18ECH         LINE#         719
  C:1917H         LINE#         721
  C:1920H         LINE#         722
  C:1927H         LINE#         723
  C:1930H         LINE#         724
  C:1939H         LINE#         728
  C:1940H         LINE#         730
  C:196BH         LINE#         732
  C:1974H         LINE#         733
  C:197BH         LINE#         734
  C:1984H         LINE#         735
  C:198BH         LINE#         737
  C:1994H         LINE#         738
  C:199BH         LINE#         741
  C:19D9H         LINE#         743
  C:19E2H         LINE#         744
BL51 BANKED LINKER/LOCATER V6.22                                                      10/22/2019  10:50:14  PAGE 18


  C:19E9H         LINE#         745
  C:19F2H         LINE#         746
  C:19FBH         LINE#         747
  C:1A02H         LINE#         748
  C:1A02H         LINE#         750
  C:1A02H         LINE#         752
  C:1A02H         LINE#         753
  C:1A02H         LINE#         755
  C:1A02H         LINE#         759
  C:1A1EH         LINE#         760
  C:1A1EH         LINE#         761
  C:1A20H         LINE#         764
  C:1A23H         LINE#         766
  C:1A60H         LINE#         767
  C:1A60H         LINE#         768
  C:1A62H         LINE#         773
  C:1A62H         LINE#         774
  C:1A68H         LINE#         775
  C:1A6BH         LINE#         778
  C:1A82H         LINE#         780
  C:1A89H         LINE#         782
  C:1A90H         LINE#         783
  C:1A93H         LINE#         786
  C:1AAAH         LINE#         787
  C:1AAAH         LINE#         788
  C:1AB9H         LINE#         789
  C:1AB9H         LINE#         791
  C:1ABCH         LINE#         793
  C:1ABFH         LINE#         794
  C:1AC6H         LINE#         797
  C:1AE2H         LINE#         798
  C:1AE2H         LINE#         799
  C:1AFFH         LINE#         800
  C:1AFFH         LINE#         801
  C:1B05H         LINE#         802
  C:1B08H         LINE#         805
  C:1B3DH         LINE#         806
  C:1B44H         LINE#         807
  C:1B47H         LINE#         809
  C:1B81H         LINE#         810
  C:1B97H         LINE#         812
  C:1BB0H         LINE#         814
  C:1BB7H         LINE#         815
  C:1BBEH         LINE#         816
  C:1BC1H         LINE#         819
  C:1C16H         LINE#         821
  C:1C1DH         LINE#         823
  C:1C24H         LINE#         824
  C:1C27H         LINE#         827
  C:1CD3H         LINE#         829
  C:1CDAH         LINE#         832
  C:1CDAH         LINE#         833
  C:1CEBH         LINE#         835
  C:1CEBH         LINE#         839
  C:1CF2H         LINE#         840
  C:1CF2H         LINE#         843
  C:1D01H         LINE#         844
BL51 BANKED LINKER/LOCATER V6.22                                                      10/22/2019  10:50:14  PAGE 19


  C:1D01H         LINE#         845
  C:1D33H         LINE#         846
  C:1D33H         LINE#         847
  C:1DB2H         LINE#         849
  C:1DB9H         LINE#         850
  C:1DBCH         LINE#         852
  C:1DF6H         LINE#         853
  C:1E0CH         LINE#         855
  C:1E25H         LINE#         857
  C:1E2CH         LINE#         858
  C:1E33H         LINE#         859
  C:1E36H         LINE#         861
  C:1E8BH         LINE#         862
  C:1E92H         LINE#         864
  C:1E99H         LINE#         865
  C:1E9CH         LINE#         867
  C:1F48H         LINE#         868
  C:1F4FH         LINE#         870
  C:1F56H         LINE#         871
  C:1F59H         LINE#         873
  C:1F7DH         LINE#         874
  C:1F84H         LINE#         875
  C:1F95H         LINE#         878
  C:1FA9H         LINE#         879
  C:1FBDH         LINE#         880
  C:1FCCH         LINE#         881
  C:1FCCH         LINE#         883
  C:1FF8H         LINE#         884
  C:1FF8H         LINE#         885
  C:2025H         LINE#         892
  C:2040H         LINE#         895
  C:204FH         LINE#         896
  C:2052H         LINE#         899
  C:2082H         LINE#         900
  C:2082H         LINE#         902
  C:20AFH         LINE#         908
  C:20CAH         LINE#         911
  C:20DAH         LINE#         912
  C:20E0H         LINE#         913
  C:20F4H         LINE#         914
  C:2108H         LINE#         915
  C:2110H         LINE#         916
  C:211DH         LINE#         917
  C:211DH         LINE#         918
  C:2141H         LINE#         919
  C:2141H         LINE#         920
  C:218BH         LINE#         921
  C:2192H         LINE#         922
  C:2195H         LINE#         925
  C:21B9H         LINE#         927
  C:21C0H         LINE#         928
  C:21C3H         LINE#         930
  C:21F6H         LINE#         931
  C:2215H         LINE#         933
  C:2237H         LINE#         935
  C:223EH         LINE#         937
  C:2245H         LINE#         938
BL51 BANKED LINKER/LOCATER V6.22                                                      10/22/2019  10:50:14  PAGE 20


  C:2248H         LINE#         940
  C:229DH         LINE#         941
  C:22A4H         LINE#         943
  C:22ABH         LINE#         944
  C:22AEH         LINE#         946
  C:235AH         LINE#         947
  C:2361H         LINE#         948
  C:2372H         LINE#         949
  C:2372H         LINE#         950
  C:2372H         LINE#         954
  C:2394H         LINE#         955
  C:23A1H         LINE#         956
  C:23A1H         LINE#         957
  C:23C4H         LINE#         958
  C:23C4H         LINE#         959
  C:2414H         LINE#         960
  C:2414H         LINE#         961
  C:241BH         LINE#         962
  C:241EH         LINE#         964
  C:2458H         LINE#         965
  C:246EH         LINE#         967
  C:2487H         LINE#         969
  C:248EH         LINE#         970
  C:2495H         LINE#         971
  C:2498H         LINE#         973
  C:24EDH         LINE#         974
  C:24F4H         LINE#         976
  C:24FBH         LINE#         977
  C:24FEH         LINE#         979
  C:25AAH         LINE#         980
  C:25B1H         LINE#         982
  C:25B8H         LINE#         983
  C:25BBH         LINE#         985
  C:25DFH         LINE#         986
  C:25E6H         LINE#         987
  C:25E6H         LINE#         988
  C:25F7H         LINE#         989
  C:25F7H         LINE#         990
  C:25F7H         LINE#         991
  C:2630H         LINE#         992
  C:2630H         LINE#         996
  C:2637H         LINE#         997
  C:263EH         LINE#         998
  C:2644H         LINE#         999
  C:264AH         LINE#         1000
  C:264AH         LINE#         1001
  C:266DH         LINE#         1002
  C:2682H         LINE#         1004
  C:269CH         LINE#         1006
  C:269CH         LINE#         1009
  C:26ABH         LINE#         1010
  C:26ABH         LINE#         1011
  C:26AEH         LINE#         1012
  C:26B5H         LINE#         1013
  C:26BAH         LINE#         1014
  C:26BFH         LINE#         1015
  C:26C4H         LINE#         1016
BL51 BANKED LINKER/LOCATER V6.22                                                      10/22/2019  10:50:14  PAGE 21


  C:26C9H         LINE#         1017
  C:26CEH         LINE#         1027
  C:26D1H         LINE#         1029
  C:26D4H         LINE#         1030
  C:26DBH         LINE#         1031
  C:26E5H         LINE#         1032
  C:26ECH         LINE#         1034
  C:26EFH         LINE#         1043
  C:26EFH         LINE#         1044
  -------         ENDPROC       MAIN
  -------         PROC          UART
  C:000EH         LINE#         1058
  C:000EH         LINE#         1060
  C:0011H         LINE#         1061
  C:0011H         LINE#         1062
  C:0013H         LINE#         1064
  C:0013H         LINE#         1065
  C:0016H         LINE#         1066
  C:0016H         LINE#         1067
  C:0018H         LINE#         1068
  C:001AH         LINE#         1069
  C:001AH         LINE#         1070
  -------         ENDPROC       UART
  -------         PROC          _SENDUART1
  D:0007H         SYMBOL        dat
  C:7F9AH         LINE#         1072
  C:7F9AH         LINE#         1073
  C:7F9AH         LINE#         1074
  C:7F9DH         LINE#         1075
  C:7F9FH         LINE#         1076
  C:7FA0H         LINE#         1077
  C:7FA2H         LINE#         1078
  -------         ENDPROC       _SENDUART1
  -------         ENDMOD        MAIN

  -------         MODULE        PCF85063BTL
  C:0000H         SYMBOL        _ICE_DUMMY_
  D:0096H         PUBLIC        P2M0
  D:0080H         PUBLIC        P0
  D:0095H         PUBLIC        P2M1
  D:0090H         PUBLIC        P1
  D:00A0H         PUBLIC        P2
  D:00B0H         PUBLIC        P3
  D:00C0H         PUBLIC        P4
  D:00C8H         PUBLIC        P5
  D:00E8H         PUBLIC        P6
  B:00A0H.1       PUBLIC        PCF85063BTL_SDI
  D:00F8H         PUBLIC        P7
  B:00A0H.2       PUBLIC        PCF85063BTL_SCK
  B:00A0H.1       PUBLIC        PCF85063BTL_SDO
  D:00A8H         PUBLIC        IE
  C:7814H         PUBLIC        _Read_time
  C:7EBCH         PUBLIC        _PCF85063BTL_Delay
  D:00B8H         PUBLIC        IP
  D:00D8H         PUBLIC        CCON
  C:76A1H         PUBLIC        _Day_Of_Year
  C:7DBDH         PUBLIC        SPI_ReceiveByte
BL51 BANKED LINKER/LOCATER V6.22                                                      10/22/2019  10:50:14  PAGE 22


  D:0098H         PUBLIC        SCON
  D:0088H         PUBLIC        TCON
  C:7EEFH         PUBLIC        _BCDtoDec
  B:00A0H.0       PUBLIC        PCF85063BTL_CS
  C:7EDEH         PUBLIC        _SPI_ReadTime
  C:7F3EH         PUBLIC        SPI_Init
  C:7E32H         PUBLIC        _SPI_WriteTime
  C:7D9DH         PUBLIC        _SPI_SendByte
  D:00D0H         PUBLIC        PSW
  C:7EB8H         SYMBOL        L?0048
  -------         PROC          L?0047
  -------         ENDPROC       L?0047
  C:7EB8H         SYMBOL        L?0048
  -------         PROC          _PCF85063BTL_DELAY
  D:0006H         SYMBOL        us
  C:7EBCH         LINE#         8
  C:7EBCH         LINE#         9
  C:7EBCH         LINE#         10
  C:7EC6H         LINE#         11
  C:7EC6H         LINE#         12
  C:7EC7H         LINE#         13
  C:7EC9H         LINE#         14
  -------         ENDPROC       _PCF85063BTL_DELAY
  -------         PROC          _SPI_SENDBYTE
  D:0005H         SYMBOL        dat
  -------         DO            
  D:0003H         SYMBOL        i
  -------         ENDDO         
  C:7D9DH         LINE#         17
  C:7D9FH         LINE#         18
  C:7D9FH         LINE#         20
  C:7DA1H         LINE#         21
  C:7DA1H         LINE#         22
  C:7DA3H         LINE#         23
  C:7DA7H         LINE#         24
  C:7DA7H         LINE#         25
  C:7DA9H         LINE#         26
  C:7DABH         LINE#         28
  C:7DABH         LINE#         29
  C:7DADH         LINE#         30
  C:7DADH         LINE#         31
  C:7DB0H         LINE#         32
  C:7DB0H         LINE#         33
  C:7DB3H         LINE#         34
  C:7DB7H         LINE#         35
  C:7DBCH         LINE#         36
  -------         ENDPROC       _SPI_SENDBYTE
  -------         PROC          SPI_RECEIVEBYTE
  -------         DO            
  D:0003H         SYMBOL        i
  D:0005H         SYMBOL        dat
  -------         ENDDO         
  C:7DBDH         LINE#         39
  C:7DBDH         LINE#         40
  C:7DBDH         LINE#         42
  C:7DBFH         LINE#         44
  C:7DC1H         LINE#         45
BL51 BANKED LINKER/LOCATER V6.22                                                      10/22/2019  10:50:14  PAGE 23


  C:7DC2H         LINE#         46
  C:7DC2H         LINE#         47
  C:7DC6H         LINE#         48
  C:7DC8H         LINE#         49
  C:7DCBH         LINE#         51
  C:7DCEH         LINE#         52
  C:7DCEH         LINE#         53
  C:7DD2H         LINE#         54
  C:7DD2H         LINE#         55
  C:7DD2H         LINE#         56
  C:7DD5H         LINE#         57
  C:7DDAH         LINE#         58
  C:7DDCH         LINE#         59
  -------         ENDPROC       SPI_RECEIVEBYTE
  -------         PROC          _SPI_READTIME
  D:0007H         SYMBOL        addr
  -------         DO            
  D:0006H         SYMBOL        dat
  -------         ENDDO         
  C:7EDEH         LINE#         61
  C:7EDEH         LINE#         62
  C:7EDEH         LINE#         64
  C:7EE0H         LINE#         65
  C:7EE2H         LINE#         66
  C:7EE9H         LINE#         67
  C:7EECH         LINE#         68
  C:7EEEH         LINE#         69
  C:7EEEH         LINE#         70
  -------         ENDPROC       _SPI_READTIME
  -------         PROC          _SPI_WRITETIME
  D:0002H         SYMBOL        val
  D:0005H         SYMBOL        addr
  C:7E32H         LINE#         71
  C:7E34H         LINE#         72
  C:7E34H         LINE#         74
  C:7E36H         LINE#         75
  C:7E3DH         LINE#         76
  C:7E42H         LINE#         77
  C:7E47H         LINE#         78
  C:7E49H         LINE#         79
  -------         ENDPROC       _SPI_WRITETIME
  -------         PROC          SPI_INIT
  C:7F3EH         LINE#         83
  C:7F3EH         LINE#         84
  C:7F3EH         LINE#         89
  C:7F41H         LINE#         90
  C:7F44H         LINE#         91
  C:7F46H         LINE#         92
  C:7F48H         LINE#         93
  C:7F4AH         LINE#         94
  -------         ENDPROC       SPI_INIT
  -------         PROC          _READ_TIME
  X:04FDH         SYMBOL        months
  X:0500H         SYMBOL        days
  X:0503H         SYMBOL        hours
  X:0506H         SYMBOL        mins
  X:0509H         SYMBOL        seconds
BL51 BANKED LINKER/LOCATER V6.22                                                      10/22/2019  10:50:14  PAGE 24


  C:7814H         LINE#         96
  C:781FH         LINE#         97
  C:781FH         LINE#         99
  C:7833H         LINE#         101
  C:7847H         LINE#         103
  C:785BH         LINE#         108
  C:786FH         LINE#         113
  -------         ENDPROC       _READ_TIME
  -------         PROC          _BCDTODEC
  D:0007H         SYMBOL        bcd
  -------         DO            
  D:0006H         SYMBOL        hi
  D:0007H         SYMBOL        lo
  -------         ENDDO         
  C:7EEFH         LINE#         119
  C:7EEFH         LINE#         120
  C:7EEFH         LINE#         122
  C:7EF4H         LINE#         123
  C:7EF8H         LINE#         124
  C:7EFFH         LINE#         125
  -------         ENDPROC       _BCDTODEC
  -------         PROC          _DAY_OF_YEAR
  D:0007H         SYMBOL        months_bcd
  D:0005H         SYMBOL        days_bcd
  -------         DO            
  D:0004H         SYMBOL        months
  D:0007H         SYMBOL        days
  -------         ENDDO         
  C:76A1H         LINE#         126
  C:76A1H         LINE#         127
  C:76A1H         LINE#         130
  C:76A6H         LINE#         132
  C:76ABH         LINE#         134
  C:76E4H         LINE#         135
  C:76E4H         LINE#         136
  C:76E4H         LINE#         137
  C:76E7H         LINE#         138
  C:76E7H         LINE#         139
  C:76E7H         LINE#         140
  C:76ECH         LINE#         141
  C:76ECH         LINE#         142
  C:76ECH         LINE#         143
  C:76F1H         LINE#         144
  C:76F1H         LINE#         145
  C:76F1H         LINE#         146
  C:76F6H         LINE#         147
  C:76F6H         LINE#         148
  C:76F6H         LINE#         149
  C:76FBH         LINE#         150
  C:76FBH         LINE#         151
  C:76FBH         LINE#         152
  C:7700H         LINE#         153
  C:7700H         LINE#         154
  C:7700H         LINE#         155
  C:7705H         LINE#         156
  C:7705H         LINE#         157
  C:7705H         LINE#         158
BL51 BANKED LINKER/LOCATER V6.22                                                      10/22/2019  10:50:14  PAGE 25


  C:770AH         LINE#         159
  C:770AH         LINE#         160
  C:770AH         LINE#         161
  C:7712H         LINE#         162
  C:7712H         LINE#         163
  C:7712H         LINE#         164
  C:7717H         LINE#         165
  C:7717H         LINE#         166
  C:7717H         LINE#         167
  C:771CH         LINE#         168
  C:771CH         LINE#         169
  C:771CH         LINE#         170
  C:7725H         LINE#         171
  C:7725H         LINE#         172
  C:7725H         LINE#         173
  C:7728H         LINE#         174
  C:7728H         LINE#         175
  -------         ENDPROC       _DAY_OF_YEAR
  -------         ENDMOD        PCF85063BTL

  -------         MODULE        LCD_DRIVER_SPLC780D
  C:0000H         SYMBOL        _ICE_DUMMY_
  D:0092H         PUBLIC        P1M0
  D:0091H         PUBLIC        P1M1
  D:0080H         PUBLIC        P0
  D:0090H         PUBLIC        P1
  D:00A0H         PUBLIC        P2
  D:00B0H         PUBLIC        P3
  D:00C0H         PUBLIC        P4
  D:00C8H         PUBLIC        P5
  D:00E8H         PUBLIC        P6
  D:00F8H         PUBLIC        P7
  C:772DH         PUBLIC        _WriteData
  D:00A8H         PUBLIC        IE
  D:00B8H         PUBLIC        IP
  D:00D8H         PUBLIC        CCON
  B:00B0H.4       PUBLIC        LCD_D4
  B:00B0H.5       PUBLIC        LCD_D5
  B:00B0H.6       PUBLIC        LCD_D6
  C:7DFBH         PUBLIC        _DisplayLCD
  B:00B0H.7       PUBLIC        LCD_D7
  D:0098H         PUBLIC        SCON
  D:0088H         PUBLIC        TCON
  C:7F87H         PUBLIC        LCD_clear
  C:7AABH         PUBLIC        _Command
  C:7E77H         PUBLIC        _Display_Line
  C:78DDH         PUBLIC        LCD_Init
  C:7D16H         PUBLIC        _Wait_ms
  B:00C0H.0       PUBLIC        LCD_RS
  B:0090H.3       PUBLIC        LCD_RW
  C:7F7DH         PUBLIC        LCD_return_home
  C:6948H         PUBLIC        _Display_Pos
  B:00B0H.3       PUBLIC        LCD_E
  D:00D0H         PUBLIC        PSW
  -------         PROC          LCD_INIT
  C:78DDH         LINE#         9
  C:78DDH         LINE#         10
BL51 BANKED LINKER/LOCATER V6.22                                                      10/22/2019  10:50:14  PAGE 26


  C:78DDH         LINE#         11
  C:78E0H         LINE#         12
  C:78E3H         LINE#         14
  C:78E9H         LINE#         15
  C:78EEH         LINE#         17
  C:78F5H         LINE#         18
  C:78FAH         LINE#         20
  C:78FDH         LINE#         21
  C:7902H         LINE#         23
  C:7905H         LINE#         24
  C:790AH         LINE#         26
  C:7911H         LINE#         29
  C:7916H         LINE#         30
  C:791BH         LINE#         32
  C:7920H         LINE#         33
  C:7925H         LINE#         35
  C:792AH         LINE#         36
  C:792FH         LINE#         37
  -------         ENDPROC       LCD_INIT
  C:7729H         SYMBOL        L?0035
  -------         PROC          L?0034
  -------         ENDPROC       L?0034
  C:7729H         SYMBOL        L?0035
  -------         PROC          _WRITEDATA
  X:0508H         SYMBOL        dat
  C:772DH         LINE#         40
  C:7732H         LINE#         41
  C:7732H         LINE#         46
  C:7734H         LINE#         47
  C:7736H         LINE#         49
  C:7744H         LINE#         50
  C:7750H         LINE#         51
  C:775CH         LINE#         52
  C:7766H         LINE#         53
  C:7768H         LINE#         54
  C:776FH         LINE#         55
  C:7771H         LINE#         57
  C:7781H         LINE#         58
  C:778CH         LINE#         59
  C:7796H         LINE#         60
  C:779AH         LINE#         62
  C:779AH         LINE#         63
  C:779DH         LINE#         64
  C:779FH         LINE#         65
  C:77A1H         LINE#         67
  -------         ENDPROC       _WRITEDATA
  -------         PROC          _COMMAND
  D:0007H         SYMBOL        dat
  C:7AABH         LINE#         69
  C:7AABH         LINE#         70
  C:7AABH         LINE#         71
  C:7AADH         LINE#         72
  C:7AAFH         LINE#         74
  C:7AB9H         LINE#         75
  C:7ABDH         LINE#         77
  C:7ABFH         LINE#         78
  C:7AC8H         LINE#         79
BL51 BANKED LINKER/LOCATER V6.22                                                      10/22/2019  10:50:14  PAGE 27


  C:7ACCH         LINE#         81
  C:7ACEH         LINE#         82
  C:7AD5H         LINE#         83
  C:7AD9H         LINE#         85
  C:7ADBH         LINE#         86
  C:7ADFH         LINE#         87
  C:7AE3H         LINE#         89
  C:7AE5H         LINE#         90
  C:7AE5H         LINE#         91
  C:7AE8H         LINE#         92
  C:7AEAH         LINE#         93
  -------         ENDPROC       _COMMAND
  C:7D12H         SYMBOL        L?0037
  -------         PROC          L?0036
  -------         ENDPROC       L?0036
  C:7D12H         SYMBOL        L?0037
  -------         PROC          _WAIT_MS
  D:0006H         SYMBOL        ms
  -------         DO            
  D:0004H         SYMBOL        De_Cnt
  -------         ENDDO         
  C:7D16H         LINE#         95
  C:7D16H         LINE#         96
  C:7D16H         LINE#         98
  C:7D20H         LINE#         99
  C:7D20H         LINE#         100
  C:7D33H         LINE#         101
  C:7D33H         LINE#         102
  -------         ENDPROC       _WAIT_MS
  -------         PROC          _DISPLAYLCD
  D:0007H         SYMBOL        BCD
  -------         DO            
  D:0006H         SYMBOL        first_digit
  X:0408H         SYMBOL        second_digit
  -------         ENDDO         
  C:7DFBH         LINE#         103
  C:7DFBH         LINE#         104
  C:7DFBH         LINE#         106
  C:7E02H         LINE#         107
  C:7E0BH         LINE#         109
  C:7E10H         LINE#         111
  -------         ENDPROC       _DISPLAYLCD
  -------         PROC          LCD_RETURN_HOME
  C:7F7DH         LINE#         115
  C:7F7DH         LINE#         116
  C:7F7DH         LINE#         117
  C:7F82H         LINE#         118
  -------         ENDPROC       LCD_RETURN_HOME
  -------         PROC          LCD_CLEAR
  C:7F87H         LINE#         121
  C:7F87H         LINE#         122
  C:7F87H         LINE#         123
  C:7F8CH         LINE#         124
  -------         ENDPROC       LCD_CLEAR
  -------         PROC          _DISPLAY_LINE
  D:0006H         SYMBOL        line
  C:7E77H         LINE#         128
BL51 BANKED LINKER/LOCATER V6.22                                                      10/22/2019  10:50:14  PAGE 28


  C:7E77H         LINE#         129
  C:7E77H         LINE#         130
  C:7E7DH         LINE#         131
  C:7E7DH         LINE#         132
  C:7E7FH         LINE#         133
  C:7E7FH         LINE#         134
  C:7E81H         LINE#         136
  C:7E81H         LINE#         137
  C:7E86H         LINE#         138
  C:7E8BH         LINE#         139
  C:7E8BH         LINE#         140
  -------         ENDPROC       _DISPLAY_LINE
  -------         PROC          _DISPLAY_POS
  X:04FDH         SYMBOL        sign_dat
  -------         DO            
  X:0501H         SYMBOL        unit
  X:0502H         SYMBOL        ten
  X:0503H         SYMBOL        hundred
  X:0504H         SYMBOL        thousand
  X:0505H         SYMBOL        after_dot
  X:0506H         SYMBOL        dat
  -------         ENDDO         
  C:6948H         LINE#         142
  C:694EH         LINE#         143
  C:694EH         LINE#         147
  C:696AH         LINE#         148
  C:6984H         LINE#         149
  C:69A8H         LINE#         151
  C:69F2H         LINE#         153
  C:6A09H         LINE#         154
  C:6A1BH         LINE#         155
  C:6A40H         LINE#         156
  C:6A5AH         LINE#         157
  C:6A72H         LINE#         158
  C:6A72H         LINE#         159
  C:6A72H         LINE#         160
  C:6A72H         LINE#         161
  C:6A72H         LINE#         162
  C:6A72H         LINE#         163
  C:6A72H         LINE#         164
  C:6A72H         LINE#         168
  C:6A74H         LINE#         170
  C:6A74H         LINE#         172
  C:6A79H         LINE#         173
  C:6A7FH         LINE#         174
  C:6A85H         LINE#         175
  C:6A8BH         LINE#         176
  C:6A91H         LINE#         177
  C:6A96H         LINE#         178
  C:6A9CH         LINE#         182
  C:6A9CH         LINE#         184
  -------         ENDPROC       _DISPLAY_POS
  -------         ENDMOD        LCD_DRIVER_SPLC780D

  -------         MODULE        KEYPAD
  C:0000H         SYMBOL        _ICE_DUMMY_
  D:0093H         PUBLIC        P0M1
BL51 BANKED LINKER/LOCATER V6.22                                                      10/22/2019  10:50:14  PAGE 29


  D:0080H         PUBLIC        P0
  D:0090H         PUBLIC        P1
  D:00A0H         PUBLIC        P2
  D:00B0H         PUBLIC        P3
  D:00C0H         PUBLIC        P4
  D:00C8H         PUBLIC        P5
  D:00E8H         PUBLIC        P6
  D:00F8H         PUBLIC        P7
  D:00A8H         PUBLIC        IE
  C:6344H         PUBLIC        Key_Scan
  D:00B8H         PUBLIC        IP
  D:00D8H         PUBLIC        CCON
  C:7F65H         PUBLIC        KeyPad_IO_Init
  C:7DDDH         PUBLIC        _Delay_ms
  D:0098H         PUBLIC        SCON
  D:0088H         PUBLIC        TCON
  X:065DH         PUBLIC        small_move
  X:065FH         PUBLIC        move
  X:0661H         PUBLIC        auto_mode
  X:0663H         PUBLIC        direction
  X:0665H         PUBLIC        SPI_NOR_ClearEnable
  C:5A84H         PUBLIC        Key_Process
  D:00D0H         PUBLIC        PSW
  D:0094H         PUBLIC        P0M0
  -------         PROC          _DELAY_MS
  D:0006H         SYMBOL        ms
  -------         DO            
  D:0004H         SYMBOL        De_Cnt
  -------         ENDDO         
  C:7DDDH         LINE#         20
  C:7DDDH         LINE#         21
  C:7DDDH         LINE#         23
  C:7DE7H         LINE#         24
  C:7DE7H         LINE#         25
  C:7DFAH         LINE#         26
  C:7DFAH         LINE#         27
  -------         ENDPROC       _DELAY_MS
  -------         PROC          KEY_SCAN
  -------         DO            
  X:040EH         SYMBOL        KeyTemp1
  X:040FH         SYMBOL        KeyTemp2
  X:0410H         SYMBOL        KeyValue
  -------         ENDDO         
  C:6344H         LINE#         28
  C:6344H         LINE#         29
  C:6344H         LINE#         34
  C:6347H         LINE#         37
  C:634AH         LINE#         39
  C:6352H         LINE#         40
  C:6359H         LINE#         41
  C:6359H         LINE#         43
  C:635EH         LINE#         44
  C:6365H         LINE#         45
  C:6365H         LINE#         48
  C:6368H         LINE#         49
  C:636BH         LINE#         50
  C:6370H         LINE#         51
BL51 BANKED LINKER/LOCATER V6.22                                                      10/22/2019  10:50:14  PAGE 30


  C:6374H         LINE#         52
  C:6374H         LINE#         53
  C:637CH         LINE#         54
  C:637CH         LINE#         55
  C:637FH         LINE#         56
  C:6387H         LINE#         57
  C:6389H         LINE#         59
  C:639DH         LINE#         60
  C:639DH         LINE#         61
  C:639DH         LINE#         62
  C:639DH         LINE#         63
  C:63A3H         LINE#         65
  C:63A5H         LINE#         66
  C:63A5H         LINE#         67
  C:63A5H         LINE#         68
  C:63ABH         LINE#         70
  C:63ADH         LINE#         71
  C:63ADH         LINE#         72
  C:63ADH         LINE#         73
  C:63B3H         LINE#         75
  C:63B5H         LINE#         76
  C:63B5H         LINE#         77
  C:63B5H         LINE#         78
  C:63BBH         LINE#         80
  C:63BBH         LINE#         81
  C:63BBH         LINE#         82
  C:63BBH         LINE#         85
  C:63BEH         LINE#         86
  C:63C1H         LINE#         87
  C:63C9H         LINE#         88
  C:63CDH         LINE#         89
  C:63CDH         LINE#         90
  C:63D5H         LINE#         91
  C:63D5H         LINE#         92
  C:63D8H         LINE#         93
  C:63E0H         LINE#         94
  C:63E2H         LINE#         95
  C:63F6H         LINE#         96
  C:63F6H         LINE#         97
  C:63F6H         LINE#         98
  C:63F6H         LINE#         99
  C:63FCH         LINE#         101
  C:63FEH         LINE#         102
  C:63FEH         LINE#         103
  C:63FEH         LINE#         104
  C:6404H         LINE#         106
  C:6406H         LINE#         107
  C:6406H         LINE#         108
  C:6406H         LINE#         109
  C:640CH         LINE#         111
  C:640EH         LINE#         112
  C:640EH         LINE#         113
  C:640EH         LINE#         114
  C:6413H         LINE#         116
  C:6413H         LINE#         117
  C:6413H         LINE#         118
  C:6413H         LINE#         121
BL51 BANKED LINKER/LOCATER V6.22                                                      10/22/2019  10:50:14  PAGE 31


  C:6416H         LINE#         122
  C:6419H         LINE#         123
  C:6421H         LINE#         124
  C:6425H         LINE#         125
  C:6425H         LINE#         126
  C:642DH         LINE#         127
  C:642DH         LINE#         128
  C:6430H         LINE#         129
  C:6438H         LINE#         130
  C:643AH         LINE#         131
  C:644EH         LINE#         132
  C:644EH         LINE#         133
  C:644EH         LINE#         134
  C:644EH         LINE#         135
  C:6454H         LINE#         137
  C:6456H         LINE#         138
  C:6456H         LINE#         139
  C:6456H         LINE#         140
  C:645CH         LINE#         142
  C:645EH         LINE#         143
  C:645EH         LINE#         144
  C:645EH         LINE#         145
  C:6464H         LINE#         147
  C:6466H         LINE#         148
  C:6466H         LINE#         149
  C:6466H         LINE#         150
  C:646CH         LINE#         152
  C:646CH         LINE#         153
  C:646CH         LINE#         154
  C:646CH         LINE#         158
  C:646FH         LINE#         159
  C:6472H         LINE#         160
  C:647AH         LINE#         161
  C:647EH         LINE#         162
  C:647EH         LINE#         163
  C:6486H         LINE#         164
  C:6486H         LINE#         165
  C:6489H         LINE#         166
  C:6491H         LINE#         167
  C:6493H         LINE#         168
  C:64A7H         LINE#         169
  C:64A7H         LINE#         170
  C:64A7H         LINE#         171
  C:64A7H         LINE#         172
  C:64ADH         LINE#         174
  C:64AFH         LINE#         175
  C:64AFH         LINE#         176
  C:64AFH         LINE#         177
  C:64B5H         LINE#         179
  C:64B7H         LINE#         180
  C:64B7H         LINE#         181
  C:64B7H         LINE#         182
  C:64BDH         LINE#         184
  C:64BFH         LINE#         185
  C:64BFH         LINE#         186
  C:64BFH         LINE#         187
  C:64C5H         LINE#         189
BL51 BANKED LINKER/LOCATER V6.22                                                      10/22/2019  10:50:14  PAGE 32


  C:64C5H         LINE#         190
  C:64C5H         LINE#         191
  C:64C5H         LINE#         193
  C:64CBH         LINE#         194
  C:64CBH         LINE#         196
  C:64CBH         LINE#         197
  C:64CEH         LINE#         198
  C:64CEH         LINE#         199
  C:64CEH         LINE#         201
  C:64CEH         LINE#         202
  C:64D0H         LINE#         203
  C:64D0H         LINE#         204
  -------         ENDPROC       KEY_SCAN
  -------         PROC          KEY_PROCESS
  -------         DO            
  X:064EH         SYMBOL        KeyCount
  X:064FH         SYMBOL        KeyNum_Old
  X:0651H         SYMBOL        KeyNum
  X:0653H         SYMBOL        PressedKey
  X:0408H         SYMBOL        d
  D:0002H         SYMBOL        hours
  D:0006H         SYMBOL        mins
  X:040AH         SYMBOL        months
  X:040CH         SYMBOL        days
  -------         ENDDO         
  C:5A84H         LINE#         205
  C:5A84H         LINE#         206
  C:5A84H         LINE#         210
  C:5A93H         LINE#         211
  C:5AA0H         LINE#         213
  C:5AA4H         LINE#         214
  C:5AA4H         LINE#         215
  C:5AAAH         LINE#         217
  C:5AAAH         LINE#         218
  C:5AC1H         LINE#         219
  C:5AC1H         LINE#         220
  C:5ACBH         LINE#         221
  C:5AD1H         LINE#         223
  C:5AD7H         LINE#         225
  C:5AD7H         LINE#         226
  C:5AEEH         LINE#         227
  C:5AEEH         LINE#         228
  C:5AF3H         LINE#         230
  C:5AF3H         LINE#         231
  C:5B03H         LINE#         232
  C:5B03H         LINE#         233
  C:5B09H         LINE#         235
  C:5B09H         LINE#         236
  C:5B1BH         LINE#         237
  C:5B1BH         LINE#         238
  C:5B25H         LINE#         239
  C:5B2DH         LINE#         241
  C:5B36H         LINE#         243
  C:5B36H         LINE#         252
  C:5B55H         LINE#         253
  C:5B55H         LINE#         254
  C:5B74H         LINE#         255
BL51 BANKED LINKER/LOCATER V6.22                                                      10/22/2019  10:50:14  PAGE 33


  C:5B7AH         LINE#         256
  C:5B82H         LINE#         257
  C:5B82H         LINE#         259
  C:5B83H         LINE#         265
  C:5B8FH         LINE#         266
  C:5B8FH         LINE#         267
  C:5BACH         LINE#         268
  C:5BC3H         LINE#         269
  C:5BDAH         LINE#         270
  C:5BDAH         LINE#         271
  C:5BEDH         LINE#         272
  C:5C00H         LINE#         273
  C:5C00H         LINE#         274
  C:5C00H         LINE#         275
  C:5C03H         LINE#         280
  C:5C12H         LINE#         281
  C:5C12H         LINE#         282
  C:5C35H         LINE#         283
  C:5C52H         LINE#         284
  C:5C5BH         LINE#         285
  C:5C5BH         LINE#         286
  C:5C62H         LINE#         287
  C:5C62H         LINE#         288
  C:5C73H         LINE#         289
  C:5C73H         LINE#         290
  C:5C82H         LINE#         291
  C:5C82H         LINE#         292
  C:5C82H         LINE#         293
  C:5C85H         LINE#         295
  C:5C85H         LINE#         296
  C:5C91H         LINE#         297
  C:5C91H         LINE#         298
  C:5CA3H         LINE#         299
  C:5CA3H         LINE#         300
  C:5CB3H         LINE#         301
  C:5CB3H         LINE#         302
  C:5CB3H         LINE#         304
  C:5CB5H         LINE#         306
  C:5CB5H         LINE#         307
  C:5CC4H         LINE#         308
  C:5CC4H         LINE#         309
  C:5CD4H         LINE#         310
  C:5CD4H         LINE#         311
  C:5CD4H         LINE#         313
  C:5CD4H         LINE#         315
  C:5CD4H         LINE#         316
  C:5CD6H         LINE#         318
  C:5CD6H         LINE#         319
  C:5CDDH         LINE#         320
  C:5CDDH         LINE#         321
  C:5CECH         LINE#         322
  C:5CECH         LINE#         323
  C:5CFCH         LINE#         324
  C:5CFCH         LINE#         325
  C:5CFCH         LINE#         326
  C:5CFEH         LINE#         328
  C:5CFEH         LINE#         329
BL51 BANKED LINKER/LOCATER V6.22                                                      10/22/2019  10:50:14  PAGE 34


  C:5D0DH         LINE#         330
  C:5D0DH         LINE#         331
  C:5D20H         LINE#         332
  C:5D33H         LINE#         333
  C:5D33H         LINE#         334
  C:5D33H         LINE#         335
  C:5D33H         LINE#         336
  C:5D3CH         LINE#         338
  C:5D3CH         LINE#         340
  C:5D76H         LINE#         341
  C:5D76H         LINE#         342
  C:5D7DH         LINE#         343
  C:5D7DH         LINE#         344
  C:5D87H         LINE#         345
  C:5D87H         LINE#         346
[...]
  C:654DH         LINE#         328
  C:6550H         LINE#         330
  C:656AH         LINE#         331
  C:656AH         LINE#         332
  C:656AH         LINE#         334
  C:656DH         LINE#         336
  C:6587H         LINE#         337
  C:6587H         LINE#         338
  C:6587H         LINE#         340
  C:658AH         LINE#         342
  C:65A4H         LINE#         343
  C:65A4H         LINE#         344
  C:65A4H         LINE#         346
  C:65A7H         LINE#         348
  C:65C1H         LINE#         349
  C:65C1H         LINE#         350
  C:65C1H         LINE#         352
  C:65C4H         LINE#         354
  C:65DEH         LINE#         355
BL51 BANKED LINKER/LOCATER V6.22                                                      10/22/2019  10:50:14  PAGE 57


  C:65DEH         LINE#         356
  C:65DEH         LINE#         358
  C:65E1H         LINE#         360
  C:65FBH         LINE#         361
  C:65FBH         LINE#         362
  C:65FBH         LINE#         364
  C:65FEH         LINE#         366
  C:6618H         LINE#         367
  C:6618H         LINE#         368
  C:6618H         LINE#         370
  C:661BH         LINE#         372
  C:6635H         LINE#         373
  C:663CH         LINE#         374
  -------         ENDPROC       SPI_NOR_WRITE_DATA
  -------         ENDMOD        AT25SF041

  -------         MODULE        SI1120
  C:0000H         SYMBOL        _ICE_DUMMY_
  D:0080H         PUBLIC        P0
  D:00B2H         PUBLIC        P3M0
  D:0090H         PUBLIC        P1
  D:00B1H         PUBLIC        P3M1
  D:00A0H         PUBLIC        P2
  D:00B0H         PUBLIC        P3
  D:00C0H         PUBLIC        P4
  D:00C8H         PUBLIC        P5
  B:00A8H.7       PUBLIC        EA
  D:00E8H         PUBLIC        P6
  D:00F8H         PUBLIC        P7
  D:00A8H         PUBLIC        IE
  D:00B8H         PUBLIC        IP
  C:7B99H         PUBLIC        SI1120_CONFIG_MODE_VIRH
  D:00D8H         PUBLIC        CCON
  D:0098H         PUBLIC        SCON
  D:0088H         PUBLIC        TCON
  C:7F4BH         PUBLIC        Enable_EXTINT0
  B:0090H.5       PUBLIC        SI1120_STX
  B:0088H.0       PUBLIC        IT0
  B:00A8H.0       PUBLIC        EX0
  B:0090H.4       PUBLIC        SI1120_MD
  B:0090H.6       PUBLIC        SI1120_SC
  D:00D0H         PUBLIC        PSW
  -------         PROC          SI1120_CONFIG_MODE_VIRH
  C:7B99H         LINE#         4
  C:7B99H         LINE#         5
  C:7B99H         LINE#         6
  C:7B9BH         LINE#         7
  C:7B9DH         LINE#         8
  C:7B9FH         LINE#         10
  C:7BA6H         LINE#         11
  C:7BA8H         LINE#         13
  C:7BAAH         LINE#         14
  C:7BACH         LINE#         16
  C:7BB3H         LINE#         18
  C:7BB5H         LINE#         20
  C:7BBCH         LINE#         23
  C:7BBEH         LINE#         25
BL51 BANKED LINKER/LOCATER V6.22                                                      10/22/2019  10:50:14  PAGE 58


  C:7BC0H         LINE#         27
  C:7BC7H         LINE#         29
  C:7BC9H         LINE#         31
  -------         ENDPROC       SI1120_CONFIG_MODE_VIRH
  -------         PROC          ENABLE_EXTINT0
  C:7F4BH         LINE#         33
  C:7F4BH         LINE#         34
  C:7F4BH         LINE#         35
  C:7F4EH         LINE#         36
  C:7F51H         LINE#         37
  C:7F53H         LINE#         38
  C:7F55H         LINE#         39
  C:7F57H         LINE#         40
  -------         ENDPROC       ENABLE_EXTINT0
  -------         ENDMOD        SI1120

  -------         MODULE        UART1
  C:0000H         SYMBOL        _ICE_DUMMY_
  D:0080H         PUBLIC        P0
  D:0090H         PUBLIC        P1
  D:00A0H         PUBLIC        P2
  D:00B0H         PUBLIC        P3
  D:00C0H         PUBLIC        P4
  D:00C8H         PUBLIC        P5
  C:7D58H         PUBLIC        _uart1_SendToTCPServer
  B:00A8H.7       PUBLIC        EA
  D:00E8H         PUBLIC        P6
  D:00F8H         PUBLIC        P7
  C:7B66H         PUBLIC        _SendString
  D:00A8H         PUBLIC        IE
  B:00A8H.4       PUBLIC        ES
  D:00B8H         PUBLIC        IP
  C:7E4AH         PUBLIC        _ASCIItoBCD
  D:00D8H         PUBLIC        CCON
  C:7F00H         PUBLIC        initUART1
  D:0098H         PUBLIC        SCON
  D:0088H         PUBLIC        TCON
  C:7FB9H         PUBLIC        _DectoBCD
  C:001EH         PUBLIC        _ASCII_Letter
  D:008EH         PUBLIC        AUXR
  C:0006H         PUBLIC        _unit
  C:7FB2H         PUBLIC        _ten
  D:00D6H         PUBLIC        T2H
  D:00D7H         PUBLIC        T2L
  C:7FA3H         PUBLIC        uart1_InitTCPConn
  D:00D0H         PUBLIC        PSW
  -------         PROC          INITUART1
  C:7F00H         LINE#         24
  C:7F00H         LINE#         25
  C:7F00H         LINE#         26
  C:7F03H         LINE#         27
  C:7F06H         LINE#         28
  C:7F09H         LINE#         29
  C:7F0CH         LINE#         30
  C:7F0EH         LINE#         31
  C:7F10H         LINE#         33
  -------         ENDPROC       INITUART1
BL51 BANKED LINKER/LOCATER V6.22                                                      10/22/2019  10:50:14  PAGE 59


  -------         PROC          _SENDSTRING
  X:04FDH         SYMBOL        s
  C:7B66H         LINE#         36
  C:7B71H         LINE#         37
  C:7B71H         LINE#         38
  C:7B81H         LINE#         39
  C:7B81H         LINE#         40
  C:7B96H         LINE#         41
  C:7B98H         LINE#         42
  -------         ENDPROC       _SENDSTRING
  -------         PROC          _TEN
  D:0007H         SYMBOL        BCD
  C:7FB2H         LINE#         44
  C:7FB2H         LINE#         45
  C:7FB2H         LINE#         46
  C:7FB7H         LINE#         47
  -------         ENDPROC       _TEN
  -------         PROC          _UNIT
  D:0007H         SYMBOL        BCD
  C:0006H         LINE#         48
  C:0006H         LINE#         49
  C:0006H         LINE#         53
  C:000AH         LINE#         54
  -------         ENDPROC       _UNIT
  -------         PROC          _DECTOBCD
  D:0007H         SYMBOL        dec
  C:7FB9H         LINE#         55
  C:7FB9H         LINE#         56
  C:7FB9H         LINE#         58
  C:7FB9H         LINE#         59
  -------         ENDPROC       _DECTOBCD
  -------         PROC          _ASCII_LETTER
  D:0007H         SYMBOL        dat
  C:001EH         LINE#         61
  C:001EH         LINE#         62
  C:001EH         LINE#         64
  C:0022H         LINE#         65
  -------         ENDPROC       _ASCII_LETTER
  -------         PROC          _ASCIITOBCD
  D:0001H         SYMBOL        ascii
  -------         DO            
  D:0007H         SYMBOL        dec_val
  D:0006H         SYMBOL        ten
  D:0007H         SYMBOL        unit
  -------         ENDDO         
  C:7E4AH         LINE#         67
  C:7E4AH         LINE#         68
  C:7E4AH         LINE#         70
  C:7E4DH         LINE#         71
  C:7E53H         LINE#         72
  C:7E5AH         LINE#         73
  C:7E60H         LINE#         75
  -------         ENDPROC       _ASCIITOBCD
  -------         PROC          UART1_INITTCPCONN
  C:7FA3H         LINE#         77
  C:7FA3H         LINE#         78
  C:7FA3H         LINE#         83
BL51 BANKED LINKER/LOCATER V6.22                                                      10/22/2019  10:50:14  PAGE 60


  -------         ENDPROC       UART1_INITTCPCONN
  -------         PROC          _UART1_SENDTOTCPSERVER
  X:0408H         SYMBOL        str
  C:7D58H         LINE#         88
  C:7D63H         LINE#         89
  C:7D63H         LINE#         90
  C:7D6CH         LINE#         91
  C:7D73H         LINE#         92
  -------         ENDPROC       _UART1_SENDTOTCPSERVER
  -------         ENDMOD        UART1

  -------         MODULE        ?C_STARTUP
  C:7615H         SEGMENT       ?C_C51STARTUP
  I:0022H         SEGMENT       ?STACK
  C:0000H         PUBLIC        ?C_STARTUP
  D:00E0H         SYMBOL        ACC
  D:00F0H         SYMBOL        B
  D:0083H         SYMBOL        DPH
  D:0082H         SYMBOL        DPL
  N:0000H         SYMBOL        IBPSTACK
  N:0100H         SYMBOL        IBPSTACKTOP
  N:0080H         SYMBOL        IDATALEN
  C:7618H         SYMBOL        IDATALOOP
  N:0000H         SYMBOL        PBPSTACK
  N:0100H         SYMBOL        PBPSTACKTOP
  N:0000H         SYMBOL        PDATALEN
  N:0000H         SYMBOL        PDATASTART
  N:0000H         SYMBOL        PPAGE
  N:0000H         SYMBOL        PPAGEENABLE
  D:00A0H         SYMBOL        PPAGE_SFR
  D:0081H         SYMBOL        SP
  C:7615H         SYMBOL        STARTUP1
  N:0000H         SYMBOL        XBPSTACK
  N:0000H         SYMBOL        XBPSTACKTOP
  N:0000H         SYMBOL        XDATALEN
  N:0000H         SYMBOL        XDATASTART
  C:0000H         LINE#         126
  C:7615H         LINE#         133
  C:7617H         LINE#         134
  C:7618H         LINE#         135
  C:7619H         LINE#         136
  C:761BH         LINE#         185
  C:761EH         LINE#         196
  -------         ENDMOD        ?C_STARTUP

  -------         MODULE        ?C?FPADD
  C:26F9H         PUBLIC        ?C?FPADD
  C:26F5H         PUBLIC        ?C?FPSUB
  -------         ENDMOD        ?C?FPADD

  -------         MODULE        ?C?FPMUL
  C:27EAH         PUBLIC        ?C?FPMUL
  -------         ENDMOD        ?C?FPMUL

  -------         MODULE        ?C?FPDIV
  C:28F3H         PUBLIC        ?C?FPDIV
  -------         ENDMOD        ?C?FPDIV
BL51 BANKED LINKER/LOCATER V6.22                                                      10/22/2019  10:50:14  PAGE 61



  -------         MODULE        ?C?FPCMP
  C:2992H         PUBLIC        ?C?FPCMP
  C:2990H         PUBLIC        ?C?FPCMP3
  -------         ENDMOD        ?C?FPCMP

  -------         MODULE        ?C?FPNEG
  C:2A09H         PUBLIC        ?C?FPNEG
  -------         ENDMOD        ?C?FPNEG

  -------         MODULE        ?C?FCAST
  C:2A24H         PUBLIC        ?C?FCASTC
  C:2A1FH         PUBLIC        ?C?FCASTI
  C:2A1AH         PUBLIC        ?C?FCASTL
  -------         ENDMOD        ?C?FCAST

  -------         MODULE        ?C?CASTF
  C:2A58H         PUBLIC        ?C?CASTF
  -------         ENDMOD        ?C?CASTF

  -------         MODULE        PRINTF
  X:04FDH         PUBLIC        ?_PRINTF?BYTE
  X:04FDH         PUBLIC        ?_SPRINTF?BYTE
  C:4DFEH         PUBLIC        _PRINTF
  C:4DF8H         PUBLIC        _SPRINTF
  -------         ENDMOD        PRINTF

  -------         MODULE        FABS
  C:7F58H         PUBLIC        _FABS
  -------         ENDMOD        FABS

  -------         MODULE        ATAN2
  X:04AFH         PUBLIC        ?_atan2?BYTE
  C:7442H         PUBLIC        _atan2
  -------         ENDMOD        ATAN2

  -------         MODULE        SIN
  C:66A2H         PUBLIC        _COS
  C:66B8H         PUBLIC        _SIN
  C:66F4H         PUBLIC        _TAN
  -------         ENDMOD        SIN

  -------         MODULE        ACOS
  C:79D4H         PUBLIC        _ACOS
  -------         ENDMOD        ACOS

  -------         MODULE        ASIN
  C:7B2BH         PUBLIC        _ASIN
  -------         ENDMOD        ASIN

  -------         MODULE        POW
  X:03BCH         PUBLIC        ?_pow?BYTE
  C:67E2H         PUBLIC        _pow
  -------         ENDMOD        POW

  -------         MODULE        ?C?CHKFLOAT
  C:2AD9H         PUBLIC        ?C?CHKFLOAT
BL51 BANKED LINKER/LOCATER V6.22                                                      10/22/2019  10:50:14  PAGE 62


  -------         ENDMOD        ?C?CHKFLOAT

  -------         MODULE        ?C?FPROUND
  C:2AF3H         PUBLIC        ?C?FPROUND
  -------         ENDMOD        ?C?FPROUND

  -------         MODULE        ?C?FPCONVERT
  C:2B30H         PUBLIC        ?C?FPCONVERT
  -------         ENDMOD        ?C?FPCONVERT

  -------         MODULE        EXP
  C:75B3H         PUBLIC        _EXP
  -------         ENDMOD        EXP

  -------         MODULE        LOG
  C:6AD1H         PUBLIC        _LOG
  C:6ACDH         PUBLIC        _LOG10
  -------         ENDMOD        LOG

  -------         MODULE        SQRT
  C:72F9H         PUBLIC        _SQRT
  -------         ENDMOD        SQRT

  -------         MODULE        ATAN
  C:6BE6H         PUBLIC        _ATAN
  -------         ENDMOD        ATAN

  -------         MODULE        ?C?FTNPWR
  C:2CB2H         PUBLIC        ?C?FTNPWR
  -------         ENDMOD        ?C?FTNPWR

  -------         MODULE        ?C?COPY
  C:2DC2H         PUBLIC        ?C?COPY
  -------         ENDMOD        ?C?COPY

  -------         MODULE        ?C?CLDPTR
  C:2DE8H         PUBLIC        ?C?CLDPTR
  -------         ENDMOD        ?C?CLDPTR

  -------         MODULE        ?C?CLDOPTR
  C:2E01H         PUBLIC        ?C?CLDOPTR
  -------         ENDMOD        ?C?CLDOPTR

  -------         MODULE        ?C?CSTPTR
  C:2E2EH         PUBLIC        ?C?CSTPTR
  -------         ENDMOD        ?C?CSTPTR

  -------         MODULE        ?C?IMUL
  C:2E40H         PUBLIC        ?C?IMUL
  -------         ENDMOD        ?C?IMUL

  -------         MODULE        ?C?UIDIV
  C:2E52H         PUBLIC        ?C?UIDIV
  -------         ENDMOD        ?C?UIDIV

  -------         MODULE        ?C?SIDIV
  C:2EA7H         PUBLIC        ?C?SIDIV
BL51 BANKED LINKER/LOCATER V6.22                                                      10/22/2019  10:50:14  PAGE 63


  -------         ENDMOD        ?C?SIDIV

  -------         MODULE        ?C?ILDIX
  C:2EDDH         PUBLIC        ?C?ILDIX
  -------         ENDMOD        ?C?ILDIX

  -------         MODULE        ?C?ILDOPTR
  C:2EF3H         PUBLIC        ?C?ILDOPTR
  -------         ENDMOD        ?C?ILDOPTR

  -------         MODULE        ?C?ISTPTR
  C:2F2BH         PUBLIC        ?C?ISTPTR
  -------         ENDMOD        ?C?ISTPTR

  -------         MODULE        ?C?LMUL
  C:2F4AH         PUBLIC        ?C?LMUL
  -------         ENDMOD        ?C?LMUL

  -------         MODULE        ?C?SLDIV
  C:7A67H         PUBLIC        ?C?SLDIV
  -------         ENDMOD        ?C?SLDIV

  -------         MODULE        ?C?LNEG
  C:2F99H         PUBLIC        ?C?LNEG
  -------         ENDMOD        ?C?LNEG

  -------         MODULE        ?C?ULCMP
  C:2FA7H         PUBLIC        ?C?ULCMP
  -------         ENDMOD        ?C?ULCMP

  -------         MODULE        ?C?LSHL
  C:2FB8H         PUBLIC        ?C?LSHL
  -------         ENDMOD        ?C?LSHL

  -------         MODULE        ?C?LLDPTR
  C:2FCBH         PUBLIC        ?C?LLDPTR
  -------         ENDMOD        ?C?LLDPTR

  -------         MODULE        ?C?LLDOPTR
  C:2FEBH         PUBLIC        ?C?LLDOPTR
  -------         ENDMOD        ?C?LLDOPTR

  -------         MODULE        ?C?LSTPTR
  C:301BH         PUBLIC        ?C?LSTPTR
  -------         ENDMOD        ?C?LSTPTR

  -------         MODULE        ?C?LSTOPTR
  C:3035H         PUBLIC        ?C?LSTOPTR
  -------         ENDMOD        ?C?LSTOPTR

  -------         MODULE        ?C?LLDXDATA
  C:3059H         PUBLIC        ?C?LLDXDATA
  -------         ENDMOD        ?C?LLDXDATA

  -------         MODULE        ?C?LLDCODE
  C:3065H         PUBLIC        ?C?LLDCODE
  -------         ENDMOD        ?C?LLDCODE
BL51 BANKED LINKER/LOCATER V6.22                                                      10/22/2019  10:50:14  PAGE 64



  -------         MODULE        ?C?LLDXDATA0
  C:3075H         PUBLIC        ?C?LLDXDATA0
  -------         ENDMOD        ?C?LLDXDATA0

  -------         MODULE        ?C?LLDCODE0
  C:3081H         PUBLIC        ?C?LLDCODE0
  -------         ENDMOD        ?C?LLDCODE0

  -------         MODULE        ?C?LLDPTR0
  C:3091H         PUBLIC        ?C?LLDPTR0
  -------         ENDMOD        ?C?LLDPTR0

  -------         MODULE        ?C?LSTXDATA
  C:30B1H         PUBLIC        ?C?LSTXDATA
  -------         ENDMOD        ?C?LSTXDATA

  -------         MODULE        ?C?LSTKXDATA
  C:30BDH         PUBLIC        ?C?LSTKXDATA
  -------         ENDMOD        ?C?LSTKXDATA

  -------         MODULE        ?C?LSTKPTR
  C:30EEH         PUBLIC        ?C?LSTKPTR
  -------         ENDMOD        ?C?LSTKPTR

  -------         MODULE        ?C?OFFXADD
  C:3108H         PUBLIC        ?C?OFFXADD
  -------         ENDMOD        ?C?OFFXADD

  -------         MODULE        ?C?PLDIXDATA
  C:3114H         PUBLIC        ?C?PLDIXDATA
  -------         ENDMOD        ?C?PLDIXDATA

  -------         MODULE        ?C?PSTXDATA
  C:312BH         PUBLIC        ?C?PSTXDATA
  -------         ENDMOD        ?C?PSTXDATA

  -------         MODULE        ?C?CCASE
  C:3134H         PUBLIC        ?C?CCASE
  -------         ENDMOD        ?C?CCASE

  -------         MODULE        PUTCHAR
  C:7CE9H         PUBLIC        _PUTCHAR
  -------         ENDMOD        PUTCHAR

  -------         MODULE        ABS
  C:7F71H         PUBLIC        _ABS
  -------         ENDMOD        ABS

  -------         MODULE        ATOI
  C:6FEFH         PUBLIC        _atoi
  -------         ENDMOD        ATOI

  -------         MODULE        ?C?IILDX
  C:315AH         PUBLIC        ?C?IILDX
  -------         ENDMOD        ?C?IILDX

BL51 BANKED LINKER/LOCATER V6.22                                                      10/22/2019  10:50:14  PAGE 65


  -------         MODULE        ?C?ULDIV
  C:31ACH         PUBLIC        ?C?ULDIV
  -------         ENDMOD        ?C?ULDIV

  -------         MODULE        ?C?LLDIDATA
  C:323EH         PUBLIC        ?C?LLDIDATA
  -------         ENDMOD        ?C?LLDIDATA

  -------         MODULE        ?C?LLDPDATA
  C:324AH         PUBLIC        ?C?LLDPDATA
  -------         ENDMOD        ?C?LLDPDATA

  -------         MODULE        ?C?LLDIDATA0
  C:3256H         PUBLIC        ?C?LLDIDATA0
  -------         ENDMOD        ?C?LLDIDATA0

  -------         MODULE        ?C?LLDPDATA0
  C:3263H         PUBLIC        ?C?LLDPDATA0
  -------         ENDMOD        ?C?LLDPDATA0

  -------         MODULE        ?C?LSTIDATA
  C:3270H         PUBLIC        ?C?LSTIDATA
  -------         ENDMOD        ?C?LSTIDATA

  -------         MODULE        ?C?LSTPDATA
  C:327CH         PUBLIC        ?C?LSTPDATA
  -------         ENDMOD        ?C?LSTPDATA

  -------         MODULE        ?C?LSTKIDATA
  C:3288H         PUBLIC        ?C?LSTKIDATA
  -------         ENDMOD        ?C?LSTKIDATA

  -------         MODULE        ?C?LSTKPDATA
  C:32A1H         PUBLIC        ?C?LSTKPDATA
  -------         ENDMOD        ?C?LSTKPDATA

  -------         MODULE        ISDIGIT
  C:7F2FH         PUBLIC        _isdigit
  -------         ENDMOD        ISDIGIT

  -------         MODULE        ISSPACE
  C:7ECAH         PUBLIC        _isspace
  -------         ENDMOD        ISSPACE

*** WARNING L16: UNCALLED SEGMENT, IGNORED FOR OVERLAY PROCESS
    SEGMENT: ?PR?_FINDCLOSESTSAMEDAYCALIBTIME?CALIBRATION

*** WARNING L16: UNCALLED SEGMENT, IGNORED FOR OVERLAY PROCESS
    SEGMENT: ?PR?NOP?IOEXPANDER_PI4IOE5V96248

*** WARNING L16: UNCALLED SEGMENT, IGNORED FOR OVERLAY PROCESS
    SEGMENT: ?PR?UC_ACK?IOEXPANDER_PI4IOE5V96248

*** WARNING L16: UNCALLED SEGMENT, IGNORED FOR OVERLAY PROCESS
    SEGMENT: ?PR?UC_NACK?IOEXPANDER_PI4IOE5V96248

*** WARNING L16: UNCALLED SEGMENT, IGNORED FOR OVERLAY PROCESS
BL51 BANKED LINKER/LOCATER V6.22                                                      10/22/2019  10:50:14  PAGE 66


    SEGMENT: ?PR?_TEN?UART1

*** WARNING L16: UNCALLED SEGMENT, IGNORED FOR OVERLAY PROCESS
    SEGMENT: ?PR?_UNIT?UART1

*** WARNING L16: UNCALLED SEGMENT, IGNORED FOR OVERLAY PROCESS
    SEGMENT: ?PR?_DECTOBCD?UART1

*** WARNING L16: UNCALLED SEGMENT, IGNORED FOR OVERLAY PROCESS
    SEGMENT: ?PR?_ASCII_LETTER?UART1

*** WARNING L16: UNCALLED SEGMENT, IGNORED FOR OVERLAY PROCESS
    SEGMENT: ?PR?_ASCIITOBCD?UART1

Program Size: data=15.4 xdata=1646 code=32698
LINK/LOCATE RUN COMPLETE.  9 WARNING(S),  0 ERROR(S)
