BL51 BANKED LINKER/LOCATER V6.22                                                        02/22/2019  10:00:46  PAGE 1


BL51 BANKED LINKER/LOCATER V6.22, INVOKED BY:
C:\KEIL_V5\C51\BIN\BL51.EXE .\Obj\main.obj, .\Obj\PCF85063BTL.obj, .\Obj\UART1.obj, .\Obj\LCd_Driver_SPLC780D.obj, .\Obj
>> \KeyPad.obj, .\Obj\BipolarMotor.obj, .\Obj\SunPos.obj, .\Obj\ADC.obj, .\Obj\Calibration.obj, .\Obj\IOExpander_PI4IOE5
>> V96248.obj, .\Obj\AT25SF041.obj, .\Obj\STARTUP.obj TO .\Obj\GPIO_RTC_Test PRINT (.\Lis\GPIO_RTC_Test.m51) RAMSIZE (25
>> 6)


MEMORY MODEL: LARGE WITH FLOATING POINT ARITHMETIC


INPUT MODULES INCLUDED:
  .\Obj\main.obj (MAIN)
  .\Obj\PCF85063BTL.obj (PCF85063BTL)
  .\Obj\UART1.obj (UART1)
  .\Obj\LCd_Driver_SPLC780D.obj (LCD_DRIVER_SPLC780D)
  .\Obj\KeyPad.obj (KEYPAD)
  .\Obj\BipolarMotor.obj (BIPOLARMOTOR)
  .\Obj\SunPos.obj (SUNPOS)
  .\Obj\ADC.obj (ADC)
  .\Obj\Calibration.obj (CALIBRATION)
  .\Obj\IOExpander_PI4IOE5V96248.obj (IOEXPANDER_PI4IOE5V96248)
  .\Obj\AT25SF041.obj (AT25SF041)
  .\Obj\STARTUP.obj (?C_STARTUP)
  C:\KEIL_V5\C51\LIB\C51FPL.LIB (?C?FPADD)
  C:\KEIL_V5\C51\LIB\C51FPL.LIB (?C?FPMUL)
  C:\KEIL_V5\C51\LIB\C51FPL.LIB (?C?FPDIV)
  C:\KEIL_V5\C51\LIB\C51FPL.LIB (?C?FPCMP)
  C:\KEIL_V5\C51\LIB\C51FPL.LIB (?C?FPNEG)
  C:\KEIL_V5\C51\LIB\C51FPL.LIB (?C?FCAST)
  C:\KEIL_V5\C51\LIB\C51FPL.LIB (?C?CASTF)
  C:\KEIL_V5\C51\LIB\C51FPL.LIB (ATAN2)
  C:\KEIL_V5\C51\LIB\C51FPL.LIB (SIN)
  C:\KEIL_V5\C51\LIB\C51FPL.LIB (ACOS)
  C:\KEIL_V5\C51\LIB\C51FPL.LIB (ASIN)
  C:\KEIL_V5\C51\LIB\C51FPL.LIB (?C?FPGETOPN)
  C:\KEIL_V5\C51\LIB\C51FPL.LIB (?C?FPSERIES)
  C:\KEIL_V5\C51\LIB\C51FPL.LIB (SQRT)
  C:\KEIL_V5\C51\LIB\C51FPL.LIB (ATAN)
  C:\KEIL_V5\C51\LIB\C51L.LIB (?C_INIT)
  C:\KEIL_V5\C51\LIB\C51L.LIB (?C?COPY)
  C:\KEIL_V5\C51\LIB\C51L.LIB (?C?CLDPTR)
  C:\KEIL_V5\C51\LIB\C51L.LIB (?C?CLDOPTR)
  C:\KEIL_V5\C51\LIB\C51L.LIB (?C?CSTPTR)
  C:\KEIL_V5\C51\LIB\C51L.LIB (?C?IMUL)
  C:\KEIL_V5\C51\LIB\C51L.LIB (?C?UIDIV)
  C:\KEIL_V5\C51\LIB\C51L.LIB (?C?SIDIV)
  C:\KEIL_V5\C51\LIB\C51L.LIB (?C?ILDIX)
  C:\KEIL_V5\C51\LIB\C51L.LIB (?C?ILDOPTR)
  C:\KEIL_V5\C51\LIB\C51L.LIB (?C?ISTPTR)
  C:\KEIL_V5\C51\LIB\C51L.LIB (?C?LMUL)
  C:\KEIL_V5\C51\LIB\C51L.LIB (?C?SLDIV)
  C:\KEIL_V5\C51\LIB\C51L.LIB (?C?LNEG)
  C:\KEIL_V5\C51\LIB\C51L.LIB (?C?ULCMP)
  C:\KEIL_V5\C51\LIB\C51L.LIB (?C?LSHL)
  C:\KEIL_V5\C51\LIB\C51L.LIB (?C?LLDPTR)
  C:\KEIL_V5\C51\LIB\C51L.LIB (?C?LLDOPTR)
  C:\KEIL_V5\C51\LIB\C51L.LIB (?C?LSTPTR)
  C:\KEIL_V5\C51\LIB\C51L.LIB (?C?LSTOPTR)
BL51 BANKED LINKER/LOCATER V6.22                                                      02/22/2019  10:00:46  PAGE 2


  C:\KEIL_V5\C51\LIB\C51L.LIB (?C?LLDXDATA)
  C:\KEIL_V5\C51\LIB\C51L.LIB (?C?LLDCODE)
  C:\KEIL_V5\C51\LIB\C51L.LIB (?C?LLDXDATA0)
  C:\KEIL_V5\C51\LIB\C51L.LIB (?C?LLDCODE0)
  C:\KEIL_V5\C51\LIB\C51L.LIB (?C?LLDPTR0)
  C:\KEIL_V5\C51\LIB\C51L.LIB (?C?LSTXDATA)
  C:\KEIL_V5\C51\LIB\C51L.LIB (?C?LSTKXDATA)
  C:\KEIL_V5\C51\LIB\C51L.LIB (?C?LSTKPTR)
  C:\KEIL_V5\C51\LIB\C51L.LIB (?C?OFFXADD)
  C:\KEIL_V5\C51\LIB\C51L.LIB (ABS)
  C:\KEIL_V5\C51\LIB\C51L.LIB (ATOI)
  C:\KEIL_V5\C51\LIB\C51L.LIB (?C?IILDX)
  C:\KEIL_V5\C51\LIB\C51L.LIB (?C?ULDIV)
  C:\KEIL_V5\C51\LIB\C51L.LIB (?C?LLDIDATA)
  C:\KEIL_V5\C51\LIB\C51L.LIB (?C?LLDPDATA)
  C:\KEIL_V5\C51\LIB\C51L.LIB (?C?LLDIDATA0)
  C:\KEIL_V5\C51\LIB\C51L.LIB (?C?LLDPDATA0)
  C:\KEIL_V5\C51\LIB\C51L.LIB (?C?LSTIDATA)
  C:\KEIL_V5\C51\LIB\C51L.LIB (?C?LSTPDATA)
  C:\KEIL_V5\C51\LIB\C51L.LIB (?C?LSTKIDATA)
  C:\KEIL_V5\C51\LIB\C51L.LIB (?C?LSTKPDATA)
  C:\KEIL_V5\C51\LIB\C51L.LIB (ISDIGIT)
  C:\KEIL_V5\C51\LIB\C51L.LIB (ISSPACE)


LINK MAP OF MODULE:  .\Obj\GPIO_RTC_Test (MAIN)


            TYPE    BASE      LENGTH    RELOCATION   SEGMENT NAME
            -----------------------------------------------------

            * * * * * * *   D A T A   M E M O R Y   * * * * * * *
            REG     0000H     0008H     ABSOLUTE     "REG BANK 0"
                    0008H     0018H                  *** GAP ***
            BIT     0020H.0   0000H.5   UNIT         ?BI?KEYPAD
            BIT     0020H.5   0000H.3   UNIT         _BIT_GROUP_
            BIT     0021H.0   0000H.1   UNIT         ?BI?MAIN
            BIT     0021H.1   0000H.1   UNIT         ?BI?_ATOI?ATOI
                    0021H.2   0000H.6                *** GAP ***
            IDATA   0022H     0001H     UNIT         ?STACK

            * * * * * * *  X D A T A   M E M O R Y  * * * * * * *
            XDATA   0000H     038FH     UNIT         ?XD?BIPOLARMOTOR
            XDATA   038FH     0152H     UNIT         _XDATA_GROUP_
            XDATA   04E1H     00D4H     UNIT         ?XD?MAIN
            XDATA   05B5H     0040H     UNIT         ?XD?_FINDDET4X4?BIPOLARMOTOR
            XDATA   05F5H     0024H     UNIT         ?XD?_FINDDET3X3?BIPOLARMOTOR
            XDATA   0619H     0009H     UNIT         ?XD?KEYPAD
            XDATA   0622H     0008H     UNIT         ?XD?_AT25SF041_READ?AT25SF041
            XDATA   062AH     0005H     UNIT         ?XD?_ATOI?ATOI
            XDATA   062FH     0004H     UNIT         ?XD?_DISPLAY_PROX?MAIN
            XDATA   0633H     0003H     UNIT         ?XD?_SENDSTRING?UART1
            XDATA   0636H     0001H     UNIT         ?XD?UC_ACK?IOEXPANDER_PI4IOE5V96248
            XDATA   0637H     0001H     UNIT         ?XD?UC_NACK?IOEXPANDER_PI4IOE5V96248

            * * * * * * *   C O D E   M E M O R Y   * * * * * * *
            CODE    0000H     0003H     ABSOLUTE     
BL51 BANKED LINKER/LOCATER V6.22                                                      02/22/2019  10:00:46  PAGE 3


            CODE    0003H     0006H     UNIT         ?PR?_TEN?UART1
            CODE    0009H     0001H     UNIT         ?PR?TM0_ISR?MAIN
            CODE    000AH     0001H     UNIT         ?PR?_DECTOBCD?UART1
            CODE    000BH     0003H     ABSOLUTE     
            CODE    000EH     0C24H     UNIT         ?PR?MAIN?MAIN
            CODE    0C32H     0B00H     UNIT         ?PR?_UPDATE_POSITION?BIPOLARMOTOR
            CODE    1732H     09B6H     UNIT         ?C?LIB_CODE
            CODE    20E8H     07A2H     UNIT         ?PR?SUNPOS?SUNPOS
            CODE    288AH     03F2H     UNIT         ?C_INITSEG
            CODE    2C7CH     0309H     UNIT         ?PR?_FIND_REAL_MAX?CALIBRATION
            CODE    2F85H     02C0H     UNIT         ?PR?_FINDDET4X4?BIPOLARMOTOR
            CODE    3245H     02A0H     UNIT         ?PR?KEY_PROCESS?KEYPAD
            CODE    34E5H     01D1H     UNIT         ?PR?_FINDDET3X3?BIPOLARMOTOR
            CODE    36B6H     018DH     UNIT         ?PR?KEY_SCAN?KEYPAD
            CODE    3843H     0188H     UNIT         ?PR?SIN?SIN
            CODE    39CBH     0172H     UNIT         ?PR?_DISPLAY_POS?MAIN
            CODE    3B3DH     013CH     UNIT         ?PR?_CALIBRATION?CALIBRATION
            CODE    3C79H     0122H     UNIT         ?PR?ATAN?ATAN
            CODE    3D9BH     0106H     UNIT         ?PR?_AT25SF041_READ?AT25SF041
            CODE    3EA1H     00FFH     UNIT         ?PR?SPI_NOR_WRITE_DATA?AT25SF041
            CODE    3FA0H     00FBH     UNIT         ?PR?_AT25SF041_WRITE?AT25SF041
            CODE    409BH     00DBH     UNIT         ?PR?_ATOI?ATOI
            CODE    4176H     00C3H     UNIT         ?PR?LINEAR_INTERPOLATE?BIPOLARMOTOR
            CODE    4239H     00BBH     UNIT         ?PR?VOLTAGE_IS_STABLE?CALIBRATION
            CODE    42F4H     00ADH     UNIT         ?PR?_WRITE_PI4IOE5V96248?IOEXPANDER_PI4IOE5V96248
            CODE    43A1H     00ACH     UNIT         ?PR?SQRT?SQRT
            CODE    444DH     00A1H     UNIT         ?PR?READ_STATUS_REGISTER_BYTE1?AT25SF041
            CODE    44EEH     009DH     UNIT         ?PR?_ATAN2?ATAN2
            CODE    458BH     009CH     UNIT         ?PR?_MAX_VALUE?CALIBRATION
            CODE    4627H     0095H     UNIT         ?PR?_DISPLAY_PROX?MAIN
            CODE    46BCH     008CH     UNIT         ?C_C51STARTUP
            CODE    4748H     0084H     UNIT         ?PR?_DAY_OF_YEAR?PCF85063BTL
            CODE    47CCH     0075H     UNIT         ?PR?_WRITEDATA?LCD_DRIVER_SPLC780D
            CODE    4841H     006FH     UNIT         ?PR?_READ_TIME?PCF85063BTL
            CODE    48B0H     005AH     UNIT         ?PR?AT25SF041_CHIPERASE?AT25SF041
            CODE    490AH     0059H     UNIT         ?PR?LCD_INIT?LCD_DRIVER_SPLC780D
            CODE    4963H     0050H     UNIT         ?PR?AT25SF041_WRITEENABLE?AT25SF041
            CODE    49B3H     004AH     UNIT         ?PR?VONESTEPMOVE?BIPOLARMOTOR
            CODE    49FDH     004AH     UNIT         ?PR?ACOS?ACOS
            CODE    4A47H     0044H     UNIT         ?C?LDIV
            CODE    4A8BH     0040H     UNIT         ?PR?_COMMAND?LCD_DRIVER_SPLC780D
            CODE    4ACBH     0040H     UNIT         ?PR?_STEP_MOVE?BIPOLARMOTOR
            CODE    4B0BH     003BH     UNIT         ?PR?ASIN?ASIN
            CODE    4B46H     0033H     UNIT         ?PR?_SENDSTRING?UART1
            CODE    4B79H     002CH     UNIT         ?PR?_ADC_GETRESULT?ADC
            CODE    4BA5H     002BH     UNIT         ?PR?_WAIT_MS_I2C?IOEXPANDER_PI4IOE5V96248
            CODE    4BD0H     002BH     UNIT         ?PR?_WAIT_MS_SPINOR?AT25SF041
            CODE    4BFBH     0028H     UNIT         ?PR?_MOVE?BIPOLARMOTOR
            CODE    4C23H     0027H     UNIT         ?PR?_I2C_SENDBYTE?IOEXPANDER_PI4IOE5V96248
            CODE    4C4AH     0024H     UNIT         ?PR?_WAIT_MS?LCD_DRIVER_SPLC780D
            CODE    4C6EH     0020H     UNIT         ?PR?_SPI_SENDBYTE?PCF85063BTL
            CODE    4C8EH     0020H     UNIT         ?PR?SPI_RECEIVEBYTE?PCF85063BTL
            CODE    4CAEH     001FH     UNIT         ?PR?ADC_INIT?ADC
            CODE    4CCDH     001EH     UNIT         ?PR?_DELAY_MS?KEYPAD
            CODE    4CEBH     001DH     UNIT         ?PR?_DISPLAYLCD?LCD_DRIVER_SPLC780D
            CODE    4D08H     001BH     UNIT         ?PR?_BCDTODEC1?BIPOLARMOTOR
            CODE    4D23H     0018H     UNIT         ?PR?_SPI_WRITETIME?PCF85063BTL
BL51 BANKED LINKER/LOCATER V6.22                                                      02/22/2019  10:00:46  PAGE 4


            CODE    4D3BH     0017H     UNIT         ?PR?_ASCIITOBCD?UART1
            CODE    4D52H     0016H     UNIT         ?PR?I2C_ACK?IOEXPANDER_PI4IOE5V96248
            CODE    4D68H     0015H     UNIT         ?PR?_DISPLAY_LINE?LCD_DRIVER_SPLC780D
            CODE    4D7DH     0015H     UNIT         ?PR?I2C_STOP?IOEXPANDER_PI4IOE5V96248
            CODE    4D92H     0014H     UNIT         ?PR?_PCF85063BTL_DELAY?PCF85063BTL
            CODE    4DA6H     0014H     UNIT         ?PR?_ISSPACE?ISSPACE
            CODE    4DBAH     0011H     UNIT         ?PR?_SPI_READTIME?PCF85063BTL
            CODE    4DCBH     0011H     UNIT         ?PR?_BCDTODEC?PCF85063BTL
            CODE    4DDCH     0011H     UNIT         ?PR?INITUART1?UART1
            CODE    4DEDH     000FH     UNIT         ?PR?I2C_START?IOEXPANDER_PI4IOE5V96248
            CODE    4DFCH     000FH     UNIT         ?PR?UC_NACK?IOEXPANDER_PI4IOE5V96248
            CODE    4E0BH     000FH     UNIT         ?PR?_ISDIGIT?ISDIGIT
            CODE    4E1AH     000DH     UNIT         ?PR?SPI_INIT?PCF85063BTL
            CODE    4E27H     000CH     UNIT         ?PR?KEYPAD_IO_INIT?KEYPAD
            CODE    4E33H     000CH     UNIT         ?PR?_ABS?ABS
            CODE    4E3FH     000AH     UNIT         ?PR?LCD_RETURN_HOME?LCD_DRIVER_SPLC780D
            CODE    4E49H     000AH     UNIT         ?PR?LCD_CLEAR?LCD_DRIVER_SPLC780D
            CODE    4E53H     0006H     UNIT         ?PR?UC_ACK?IOEXPANDER_PI4IOE5V96248
            CODE    4E59H     0005H     UNIT         ?PR?_UNIT?UART1
            CODE    4E5EH     0005H     UNIT         ?PR?_ASCII_LETTER?UART1
            CODE    4E63H     0001H     UNIT         ?PR?WAIT?BIPOLARMOTOR
            CODE    4E64H     0001H     UNIT         ?PR?NOP?IOEXPANDER_PI4IOE5V96248



OVERLAY MAP OF MODULE:   .\Obj\GPIO_RTC_Test (MAIN)


SEGMENT                                             BIT_GROUP          XDATA_GROUP
  +--> CALLED SEGMENT                            START    LENGTH     START    LENGTH
------------------------------------------------------------------------------------
?C_C51STARTUP                                    -----    -----      -----    -----
  +--> ?PR?MAIN?MAIN
  +--> ?C_INITSEG

?PR?MAIN?MAIN                                    -----    -----      038FH    0031H
  +--> ?PR?LCD_INIT?LCD_DRIVER_SPLC780D
  +--> ?PR?SPI_INIT?PCF85063BTL
  +--> ?PR?KEYPAD_IO_INIT?KEYPAD
  +--> ?PR?ADC_INIT?ADC
  +--> ?PR?_SPI_WRITETIME?PCF85063BTL
  +--> ?PR?_DELAY_MS?KEYPAD
  +--> ?PR?_DISPLAY_LINE?LCD_DRIVER_SPLC780D
  +--> ?PR?_WRITEDATA?LCD_DRIVER_SPLC780D
  +--> ?PR?KEY_PROCESS?KEYPAD
  +--> ?PR?_COMMAND?LCD_DRIVER_SPLC780D
  +--> ?PR?_DISPLAY_POS?MAIN
  +--> ?PR?_DISPLAYLCD?LCD_DRIVER_SPLC780D
  +--> ?PR?_STEP_MOVE?BIPOLARMOTOR
  +--> ?PR?LCD_RETURN_HOME?LCD_DRIVER_SPLC780D
  +--> ?PR?_READ_TIME?PCF85063BTL
  +--> ?PR?_ADC_GETRESULT?ADC
  +--> ?PR?_BCDTODEC1?BIPOLARMOTOR
  +--> ?PR?_CALIBRATION?CALIBRATION
  +--> ?PR?AT25SF041_WRITEENABLE?AT25SF041
  +--> ?PR?AT25SF041_CHIPERASE?AT25SF041
  +--> ?PR?_WAIT_MS_SPINOR?AT25SF041
BL51 BANKED LINKER/LOCATER V6.22                                                      02/22/2019  10:00:46  PAGE 5


  +--> ?PR?_AT25SF041_WRITE?AT25SF041
  +--> ?PR?SPI_NOR_WRITE_DATA?AT25SF041
  +--> ?PR?LINEAR_INTERPOLATE?BIPOLARMOTOR
  +--> ?PR?_UPDATE_POSITION?BIPOLARMOTOR

?PR?LCD_INIT?LCD_DRIVER_SPLC780D                 -----    -----      -----    -----
  +--> ?PR?_WAIT_MS?LCD_DRIVER_SPLC780D
  +--> ?PR?_COMMAND?LCD_DRIVER_SPLC780D

?PR?_COMMAND?LCD_DRIVER_SPLC780D                 -----    -----      -----    -----
  +--> ?PR?_WAIT_MS?LCD_DRIVER_SPLC780D

?PR?ADC_INIT?ADC                                 -----    -----      -----    -----
  +--> ?PR?_WAIT_MS?LCD_DRIVER_SPLC780D

?PR?_SPI_WRITETIME?PCF85063BTL                   -----    -----      -----    -----
  +--> ?PR?_SPI_SENDBYTE?PCF85063BTL

?PR?_SPI_SENDBYTE?PCF85063BTL                    -----    -----      -----    -----
  +--> ?PR?_PCF85063BTL_DELAY?PCF85063BTL

?PR?_DISPLAY_LINE?LCD_DRIVER_SPLC780D            -----    -----      -----    -----
  +--> ?PR?_COMMAND?LCD_DRIVER_SPLC780D

?PR?_WRITEDATA?LCD_DRIVER_SPLC780D               -----    -----      046DH    0001H
  +--> ?PR?_WAIT_MS?LCD_DRIVER_SPLC780D

?PR?KEY_PROCESS?KEYPAD                           -----    -----      03C0H    0006H
  +--> ?PR?KEY_SCAN?KEYPAD
  +--> ?PR?_SPI_WRITETIME?PCF85063BTL
  +--> ?PR?LCD_CLEAR?LCD_DRIVER_SPLC780D
  +--> ?PR?_COMMAND?LCD_DRIVER_SPLC780D
  +--> ?PR?_WRITEDATA?LCD_DRIVER_SPLC780D

?PR?KEY_SCAN?KEYPAD                              -----    -----      03C6H    0003H

?PR?LCD_CLEAR?LCD_DRIVER_SPLC780D                -----    -----      -----    -----
  +--> ?PR?_COMMAND?LCD_DRIVER_SPLC780D

?PR?_DISPLAY_POS?MAIN                            -----    -----      0463H    000AH
  +--> ?PR?_ABS?ABS
  +--> ?PR?_WRITEDATA?LCD_DRIVER_SPLC780D

?PR?_DISPLAYLCD?LCD_DRIVER_SPLC780D              -----    -----      03C0H    0001H
  +--> ?PR?_WRITEDATA?LCD_DRIVER_SPLC780D

?PR?_STEP_MOVE?BIPOLARMOTOR                      0020H.6  0000H.1    047CH    0004H
  +--> ?PR?VONESTEPMOVE?BIPOLARMOTOR

?PR?VONESTEPMOVE?BIPOLARMOTOR                    0020H.7  0000H.1    -----    -----
  +--> ?PR?_WRITE_PI4IOE5V96248?IOEXPANDER_P...
  +--> ?PR?_DELAY_MS?KEYPAD

?PR?_WRITE_PI4IOE5V96248?IOEXPANDER_P...         -----    -----      0480H    0003H
  +--> ?PR?I2C_START?IOEXPANDER_PI4IOE5V96248
  +--> ?PR?_WAIT_MS_I2C?IOEXPANDER_PI4IOE5V9...
  +--> ?PR?_I2C_SENDBYTE?IOEXPANDER_PI4IOE5V...
BL51 BANKED LINKER/LOCATER V6.22                                                      02/22/2019  10:00:46  PAGE 6


  +--> ?PR?I2C_ACK?IOEXPANDER_PI4IOE5V96248
  +--> ?PR?I2C_STOP?IOEXPANDER_PI4IOE5V96248

?PR?I2C_START?IOEXPANDER_PI4IOE5V96248           -----    -----      -----    -----
  +--> ?PR?_WAIT_MS_I2C?IOEXPANDER_PI4IOE5V9...

?PR?_I2C_SENDBYTE?IOEXPANDER_PI4IOE5V...         -----    -----      -----    -----
  +--> ?PR?_WAIT_MS_I2C?IOEXPANDER_PI4IOE5V9...

?PR?I2C_ACK?IOEXPANDER_PI4IOE5V96248             -----    -----      0483H    0001H
  +--> ?PR?_WAIT_MS_I2C?IOEXPANDER_PI4IOE5V9...

?PR?I2C_STOP?IOEXPANDER_PI4IOE5V96248            -----    -----      -----    -----
  +--> ?PR?_WAIT_MS_I2C?IOEXPANDER_PI4IOE5V9...

?PR?LCD_RETURN_HOME?LCD_DRIVER_SPLC780D          -----    -----      -----    -----
  +--> ?PR?_COMMAND?LCD_DRIVER_SPLC780D

?PR?_READ_TIME?PCF85063BTL                       -----    -----      03C0H    000FH
  +--> ?PR?_SPI_READTIME?PCF85063BTL

?PR?_SPI_READTIME?PCF85063BTL                    -----    -----      -----    -----
  +--> ?PR?_SPI_SENDBYTE?PCF85063BTL
  +--> ?PR?SPI_RECEIVEBYTE?PCF85063BTL

?PR?SPI_RECEIVEBYTE?PCF85063BTL                  -----    -----      -----    -----
  +--> ?PR?_PCF85063BTL_DELAY?PCF85063BTL

?PR?_CALIBRATION?CALIBRATION                     -----    -----      03C0H    0019H
  +--> ?PR?VOLTAGE_IS_STABLE?CALIBRATION
  +--> ?PR?_UPDATE_POSITION?BIPOLARMOTOR
  +--> ?PR?_FIND_REAL_MAX?CALIBRATION

?PR?VOLTAGE_IS_STABLE?CALIBRATION                -----    -----      03D9H    0018H
  +--> ?PR?_ADC_GETRESULT?ADC
  +--> ?PR?_ABS?ABS

?PR?_UPDATE_POSITION?BIPOLARMOTOR                -----    -----      03D9H    009FH
  +--> ?PR?_BCDTODEC1?BIPOLARMOTOR
  +--> ?PR?SUNPOS?SUNPOS
  +--> ?PR?SIN?SIN
  +--> ?PR?ASIN?ASIN
  +--> ?PR?LINEAR_INTERPOLATE?BIPOLARMOTOR
  +--> ?PR?_ABS?ABS
  +--> ?PR?_MOVE?BIPOLARMOTOR

?PR?SUNPOS?SUNPOS                                -----    -----      0478H    005DH
  +--> ?PR?SIN?SIN
  +--> ?PR?_ATAN2?ATAN2
  +--> ?PR?ASIN?ASIN
  +--> ?PR?ACOS?ACOS

?PR?SIN?SIN                                      0020H.5  0000H.1    04D5H    0004H

?PR?_ATAN2?ATAN2                                 -----    -----      04D5H    0008H
  +--> ?PR?ATAN?ATAN

BL51 BANKED LINKER/LOCATER V6.22                                                      02/22/2019  10:00:46  PAGE 7


?PR?ATAN?ATAN                                    0020H.5  0000H.2    04DDH    0004H

?PR?ASIN?ASIN                                    -----    -----      -----    -----
  +--> ?PR?SQRT?SQRT
  +--> ?PR?ATAN?ATAN

?PR?SQRT?SQRT                                    -----    -----      04D5H    0004H

?PR?ACOS?ACOS                                    -----    -----      -----    -----
  +--> ?PR?SQRT?SQRT
  +--> ?PR?ATAN?ATAN

?PR?LINEAR_INTERPOLATE?BIPOLARMOTOR              -----    -----      0478H    0014H

?PR?_MOVE?BIPOLARMOTOR                           0020H.5  0000H.1    0478H    0004H
  +--> ?PR?_STEP_MOVE?BIPOLARMOTOR

?PR?_FIND_REAL_MAX?CALIBRATION                   -----    -----      03D9H    008AH
  +--> ?PR?_ADC_GETRESULT?ADC
  +--> ?PR?_MOVE?BIPOLARMOTOR
  +--> ?PR?_COMMAND?LCD_DRIVER_SPLC780D
  +--> ?PR?_WRITEDATA?LCD_DRIVER_SPLC780D
  +--> ?PR?_DISPLAY_POS?MAIN
  +--> ?PR?_WAIT_MS?LCD_DRIVER_SPLC780D
  +--> ?PR?_MAX_VALUE?CALIBRATION

?PR?_MAX_VALUE?CALIBRATION                       -----    -----      0463H    0004H

?PR?AT25SF041_WRITEENABLE?AT25SF041              -----    -----      03CFH    0002H
  +--> ?PR?_WAIT_MS_SPINOR?AT25SF041

?PR?AT25SF041_CHIPERASE?AT25SF041                -----    -----      03CFH    0002H
  +--> ?PR?_WAIT_MS_SPINOR?AT25SF041
  +--> ?PR?READ_STATUS_REGISTER_BYTE1?AT25SF041

?PR?READ_STATUS_REGISTER_BYTE1?AT25SF041         -----    -----      03D1H    0003H
  +--> ?PR?_WAIT_MS_SPINOR?AT25SF041

?PR?_AT25SF041_WRITE?AT25SF041                   -----    -----      03CFH    0008H
  +--> ?PR?_WAIT_MS_SPINOR?AT25SF041

?PR?SPI_NOR_WRITE_DATA?AT25SF041                 -----    -----      03C0H    000FH
  +--> ?PR?AT25SF041_WRITEENABLE?AT25SF041
  +--> ?PR?AT25SF041_CHIPERASE?AT25SF041
  +--> ?PR?_WAIT_MS_SPINOR?AT25SF041
  +--> ?PR?_AT25SF041_WRITE?AT25SF041



UNRESOLVED EXTERNAL SYMBOLS:
   AUTO_MODE
   _SENDUART1



SYMBOL TABLE OF MODULE:  .\Obj\GPIO_RTC_Test (MAIN)

BL51 BANKED LINKER/LOCATER V6.22                                                      02/22/2019  10:00:46  PAGE 8


  VALUE           TYPE          NAME
  ----------------------------------

  -------         MODULE        MAIN
  C:0000H         SYMBOL        _ICE_DUMMY_
  X:04E9H         PUBLIC        calib_value
  D:0080H         PUBLIC        P0
  D:00B2H         PUBLIC        P3M0
  D:0090H         PUBLIC        P1
  D:00B1H         PUBLIC        P3M1
  D:00A0H         PUBLIC        P2
  D:00B0H         PUBLIC        P3
  D:00C0H         PUBLIC        P4
  D:00C8H         PUBLIC        P5
  X:053DH         SYMBOL        PressedKey
  B:00A8H.7       PUBLIC        EA
  D:00E8H         PUBLIC        P6
  X:0541H         PUBLIC        calib_stamp
  D:00F8H         PUBLIC        P7
  X:0542H         PUBLIC        RX_Data_Uart_Cnt
  D:00A8H         PUBLIC        IE
  X:0544H         PUBLIC        calib_time
  D:00B8H         PUBLIC        IP
  X:0598H         PUBLIC        months
  D:00D8H         PUBLIC        CCON
  C:000EH         PUBLIC        main
  X:0599H         PUBLIC        count
  X:059BH         PUBLIC        days
  X:059CH         PUBLIC        hours
  D:0098H         PUBLIC        SCON
  D:0089H         PUBLIC        TMOD
  D:0088H         PUBLIC        TCON
  B:00A0H.3       PUBLIC        P23
  X:059DH         SYMBOL        KeyCount
  X:059FH         PUBLIC        mins
  X:05A0H         PUBLIC        Rec_data_hour
  B:00C8H.5       PUBLIC        P55
  X:05A3H         PUBLIC        Rec_data_min
  D:008EH         PUBLIC        AUXR
  C:0009H         PUBLIC        tm0_isr
  B:0021H.0       PUBLIC        busy
  B:00A8H.1       PUBLIC        ET0
  D:008CH         PUBLIC        TH0
  X:05A6H         PUBLIC        hour_count
  D:008AH         PUBLIC        TL0
  X:05A7H         PUBLIC        min_count
  B:0088H.4       PUBLIC        TR0
  X:05A8H         SYMBOL        KeyNum
  X:05A9H         SYMBOL        KeyNum_Old
  X:05AAH         PUBLIC        current_position
  X:05AEH         PUBLIC        hours1
  X:05AFH         PUBLIC        hours2
  C:4627H         PUBLIC        _Display_Prox
  X:05B0H         PUBLIC        mins1
  X:05B1H         PUBLIC        mins2
  C:39CBH         PUBLIC        _Display_Pos
  X:05B2H         PUBLIC        seconds
BL51 BANKED LINKER/LOCATER V6.22                                                      02/22/2019  10:00:46  PAGE 9


  X:05B3H         PUBLIC        st_time
  D:00D0H         PUBLIC        PSW
  -------         PROC          TM0_ISR
  C:0009H         LINE#         85
  C:0009H         LINE#         87
  -------         ENDPROC       TM0_ISR
  -------         PROC          MAIN
  -------         DO            
  X:038FH         SYMBOL        sunlight_ADC
  X:04E1H         SYMBOL        KeyCount
  X:04E3H         SYMBOL        KeyNum_Old
  X:04E4H         SYMBOL        KeyNum
  X:04E5H         SYMBOL        PressedKey
  X:0391H         SYMBOL        prox_flag
  X:0392H         SYMBOL        iUse_prevday_calib_value
  X:0394H         SYMBOL        max_ADC_Val
  X:0396H         SYMBOL        max_ADC_Val_JP
  X:0398H         SYMBOL        calib_point1
  X:03A0H         SYMBOL        calib_point2
  X:03A8H         SYMBOL        dat_to_store
  X:03B4H         SYMBOL        calib_day
  X:03B6H         SYMBOL        calib_count
  X:03B8H         SYMBOL        theorical_JP_max_pos
  X:03BCH         SYMBOL        SPI_NOR_INTERNAL_FLASH_ADDR
  -------         ENDDO         
  C:000EH         LINE#         89
  C:000EH         LINE#         90
  C:000EH         LINE#         95
  C:0014H         LINE#         96
  C:001DH         LINE#         100
  C:0023H         LINE#         101
  C:002DH         LINE#         102
  C:0037H         LINE#         106
  C:0039H         LINE#         107
  C:003BH         LINE#         108
  C:003DH         LINE#         109
  C:003FH         LINE#         111
  C:0046H         LINE#         120
  C:0048H         LINE#         121
  C:004BH         LINE#         122
  C:004EH         LINE#         123
  C:0051H         LINE#         124
  C:0054H         LINE#         125
  C:0057H         LINE#         128
  C:005AH         LINE#         130
  C:005DH         LINE#         131
  C:0060H         LINE#         132
  C:0063H         LINE#         133
  C:0065H         LINE#         134
  C:0067H         LINE#         135
  C:0069H         LINE#         137
  C:006BH         LINE#         138
  C:0072H         LINE#         139
  C:0079H         LINE#         140
  C:0080H         LINE#         141
  C:0087H         LINE#         145
  C:008EH         LINE#         146
BL51 BANKED LINKER/LOCATER V6.22                                                      02/22/2019  10:00:46  PAGE 10


  C:0093H         LINE#         147
  C:0098H         LINE#         148
  C:009DH         LINE#         149
  C:00A2H         LINE#         150
  C:00A7H         LINE#         153
  C:00C0H         LINE#         154
  C:00C0H         LINE#         155
  C:00DCH         LINE#         156
  C:0123H         LINE#         157
  C:0134H         LINE#         158
  C:0134H         LINE#         159
  C:0134H         LINE#         160
  C:0137H         LINE#         163
  C:0137H         LINE#         166
  C:013CH         LINE#         167
  C:0141H         LINE#         169
  C:0146H         LINE#         170
  C:014BH         LINE#         171
  C:0150H         LINE#         172
  C:0155H         LINE#         174
  C:0166H         LINE#         175
  C:016BH         LINE#         176
  C:0170H         LINE#         178
  C:0177H         LINE#         179
  C:017FH         LINE#         180
  C:0184H         LINE#         181
  C:018CH         LINE#         182
  C:0191H         LINE#         183
  C:019BH         LINE#         184
  C:01A0H         LINE#         185
  C:01A8H         LINE#         187
  C:01B0H         LINE#         188
  C:01B5H         LINE#         189
  C:01BFH         LINE#         190
  C:01BFH         LINE#         191
  C:01C1H         LINE#         192
  C:01C3H         LINE#         193
  C:01CDH         LINE#         194
  C:01CDH         LINE#         195
  C:01D2H         LINE#         196
  C:01D2H         LINE#         208
  C:01DFH         LINE#         209
  C:01DFH         LINE#         210
  C:01E9H         LINE#         211
  C:0200H         LINE#         212
  C:0200H         LINE#         213
  C:0202H         LINE#         214
  C:0204H         LINE#         216
  C:0204H         LINE#         217
  C:020FH         LINE#         218
  C:020FH         LINE#         219
  C:0214H         LINE#         220
  C:0214H         LINE#         221
  C:0221H         LINE#         222
  C:0221H         LINE#         225
  C:022BH         LINE#         226
  C:0242H         LINE#         227
BL51 BANKED LINKER/LOCATER V6.22                                                      02/22/2019  10:00:46  PAGE 11


  C:0242H         LINE#         228
  C:0244H         LINE#         229
  C:0246H         LINE#         231
  C:0246H         LINE#         232
  C:0251H         LINE#         233
  C:0251H         LINE#         234
  C:0256H         LINE#         235
  C:0258H         LINE#         236
  C:0258H         LINE#         245
  C:027AH         LINE#         246
  C:027AH         LINE#         247
  C:0284H         LINE#         248
  C:028AH         LINE#         249
  C:028CH         LINE#         250
  C:028EH         LINE#         251
  C:0290H         LINE#         252
  C:0290H         LINE#         253
  C:0293H         LINE#         255
  C:0293H         LINE#         256
  C:0299H         LINE#         257
  C:02A1H         LINE#         258
  C:02A7H         LINE#         259
  C:02AFH         LINE#         260
  C:02EAH         LINE#         264
  C:02F7H         LINE#         265
  C:02F7H         LINE#         266
  C:0304H         LINE#         267
  C:0337H         LINE#         268
  C:0344H         LINE#         269
  C:0344H         LINE#         271
  C:0373H         LINE#         272
  C:0373H         LINE#         273
  C:0395H         LINE#         274
  C:0395H         LINE#         275
  C:0411H         LINE#         276
  C:048FH         LINE#         280
  C:0497H         LINE#         281
  C:049FH         LINE#         282
  C:04A7H         LINE#         284
  C:04AFH         LINE#         285
  C:04B8H         LINE#         286
  C:04CEH         LINE#         288
  C:04FEH         LINE#         289
  C:050DH         LINE#         290
  C:0516H         LINE#         292
  C:052CH         LINE#         293
  C:055CH         LINE#         295
  C:055CH         LINE#         296
  C:055FH         LINE#         298
  C:0562H         LINE#         299
  C:0569H         LINE#         300
  C:0569H         LINE#         301
  C:056CH         LINE#         303
  C:0583H         LINE#         305
  C:058AH         LINE#         306
  C:058DH         LINE#         308
  C:05A4H         LINE#         309
BL51 BANKED LINKER/LOCATER V6.22                                                      02/22/2019  10:00:46  PAGE 12


  C:05ABH         LINE#         312
  C:05AEH         LINE#         314
  C:05C5H         LINE#         315
  C:05CCH         LINE#         317
  C:05CFH         LINE#         319
  C:05E6H         LINE#         320
  C:05EDH         LINE#         322
  C:05F0H         LINE#         324
  C:0607H         LINE#         325
  C:060EH         LINE#         327
  C:0611H         LINE#         329
  C:0628H         LINE#         331
  C:062BH         LINE#         333
  C:0642H         LINE#         334
  C:0649H         LINE#         336
  C:064CH         LINE#         338
  C:0664H         LINE#         339
  C:066BH         LINE#         341
  C:066EH         LINE#         343
  C:0685H         LINE#         344
  C:068CH         LINE#         346
  C:068FH         LINE#         348
  C:06A6H         LINE#         349
  C:06ADH         LINE#         351
  C:06B0H         LINE#         353
  C:06C7H         LINE#         354
  C:06CEH         LINE#         356
  C:06D5H         LINE#         358
  C:06D8H         LINE#         359
  C:06E9H         LINE#         360
  C:06E9H         LINE#         361
  C:06E9H         LINE#         363
  C:06E9H         LINE#         366
  C:06ECH         LINE#         368
  C:06ECH         LINE#         369
  C:070EH         LINE#         370
  C:070EH         LINE#         371
  C:078AH         LINE#         372
  C:07DFH         LINE#         373
  C:07DFH         LINE#         374
  C:07DFH         LINE#         375
  C:07E2H         LINE#         379
  C:07E2H         LINE#         382
  C:0816H         LINE#         383
  C:0816H         LINE#         384
  C:0838H         LINE#         385
  C:0838H         LINE#         386
  C:08B4H         LINE#         387
  C:0932H         LINE#         391
  C:093AH         LINE#         392
  C:0942H         LINE#         393
  C:094AH         LINE#         395
  C:0952H         LINE#         396
  C:095BH         LINE#         397
  C:0971H         LINE#         399
  C:09A1H         LINE#         400
  C:09B0H         LINE#         401
BL51 BANKED LINKER/LOCATER V6.22                                                      02/22/2019  10:00:46  PAGE 13


  C:09B9H         LINE#         403
  C:09CFH         LINE#         404
  C:09FFH         LINE#         405
  C:0A23H         LINE#         407
  C:0A26H         LINE#         408
  C:0A37H         LINE#         409
  C:0A37H         LINE#         410
  C:0A3FH         LINE#         412
  C:0A3FH         LINE#         415
  C:0A42H         LINE#         417
  C:0A42H         LINE#         419
  C:0A64H         LINE#         420
  C:0A64H         LINE#         421
  C:0AE0H         LINE#         423
  C:0B0DH         LINE#         424
  C:0B28H         LINE#         425
  C:0B55H         LINE#         426
  C:0B70H         LINE#         428
  C:0C0CH         LINE#         431
  C:0C0CH         LINE#         432
  C:0C0CH         LINE#         433
  C:0C0CH         LINE#         435
  C:0C0CH         LINE#         438
  C:0C28H         LINE#         439
  C:0C2DH         LINE#         441
  C:0C2FH         LINE#         442
  -------         ENDPROC       MAIN
  -------         PROC          _DISPLAY_PROX
  D:0002H         SYMBOL        dat
  -------         DO            
  X:062FH         SYMBOL        unit
  X:0630H         SYMBOL        ten
  X:0631H         SYMBOL        hundred
  X:0632H         SYMBOL        thousand
  -------         ENDDO         
  C:4627H         LINE#         526
  C:462BH         LINE#         527
  C:462BH         LINE#         529
  C:4637H         LINE#         530
  C:4647H         LINE#         531
  C:4663H         LINE#         532
  C:4693H         LINE#         533
  C:469DH         LINE#         534
  C:46A7H         LINE#         535
  C:46B1H         LINE#         536
  C:46BBH         LINE#         538
  -------         ENDPROC       _DISPLAY_PROX
  -------         PROC          _DISPLAY_POS
  X:0463H         SYMBOL        sign_dat
  -------         DO            
  X:0467H         SYMBOL        unit
  X:0468H         SYMBOL        ten
  X:0469H         SYMBOL        hundred
  D:0003H         SYMBOL        thousand
  X:046AH         SYMBOL        after_dot
  X:046BH         SYMBOL        dat
  -------         ENDDO         
BL51 BANKED LINKER/LOCATER V6.22                                                      02/22/2019  10:00:46  PAGE 14


  C:39CBH         LINE#         541
  C:39D1H         LINE#         542
  C:39D1H         LINE#         546
  C:39EDH         LINE#         547
  C:3A07H         LINE#         548
  C:3A2BH         LINE#         550
  C:3A75H         LINE#         552
  C:3A8CH         LINE#         553
  C:3A99H         LINE#         554
  C:3ABBH         LINE#         555
  C:3AF0H         LINE#         556
  C:3B08H         LINE#         557
  C:3B08H         LINE#         559
  C:3B08H         LINE#         560
  C:3B08H         LINE#         561
  C:3B08H         LINE#         562
  C:3B08H         LINE#         563
  C:3B08H         LINE#         567
  C:3B0AH         LINE#         569
  C:3B0AH         LINE#         571
  C:3B0FH         LINE#         572
  C:3B19H         LINE#         573
  C:3B23H         LINE#         574
  C:3B2DH         LINE#         575
  C:3B32H         LINE#         576
  C:3B3CH         LINE#         580
  C:3B3CH         LINE#         582
  -------         ENDPROC       _DISPLAY_POS
  -------         ENDMOD        MAIN

  -------         MODULE        PCF85063BTL
  C:0000H         SYMBOL        _ICE_DUMMY_
  D:0096H         PUBLIC        P2M0
  D:0080H         PUBLIC        P0
  D:0095H         PUBLIC        P2M1
  D:0090H         PUBLIC        P1
  D:00A0H         PUBLIC        P2
  D:00B0H         PUBLIC        P3
  D:00C0H         PUBLIC        P4
  D:00C8H         PUBLIC        P5
  D:00E8H         PUBLIC        P6
  B:00A0H.1       PUBLIC        PCF85063BTL_SDI
  D:00F8H         PUBLIC        P7
  B:00A0H.2       PUBLIC        PCF85063BTL_SCK
  B:00A0H.1       PUBLIC        PCF85063BTL_SDO
  D:00A8H         PUBLIC        IE
  C:4841H         PUBLIC        _Read_time
  C:4D98H         PUBLIC        _PCF85063BTL_Delay
  D:00B8H         PUBLIC        IP
  D:00D8H         PUBLIC        CCON
  C:4748H         PUBLIC        _Day_Of_Year
  C:4C8EH         PUBLIC        SPI_ReceiveByte
  D:0098H         PUBLIC        SCON
  D:0088H         PUBLIC        TCON
  C:4DCBH         PUBLIC        _BCDtoDec
  B:00A0H.0       PUBLIC        PCF85063BTL_CS
  C:4DBAH         PUBLIC        _SPI_ReadTime
BL51 BANKED LINKER/LOCATER V6.22                                                      02/22/2019  10:00:46  PAGE 15


  C:4E1AH         PUBLIC        SPI_Init
  C:4D23H         PUBLIC        _SPI_WriteTime
  C:4C6EH         PUBLIC        _SPI_SendByte
  D:00D0H         PUBLIC        PSW
  C:4D94H         SYMBOL        L?0047
  -------         PROC          L?0046
  -------         ENDPROC       L?0046
  C:4D94H         SYMBOL        L?0047
  -------         PROC          _PCF85063BTL_DELAY
  D:0006H         SYMBOL        us
  C:4D98H         LINE#         8
  C:4D98H         LINE#         9
  C:4D98H         LINE#         10
  C:4DA2H         LINE#         11
  C:4DA2H         LINE#         12
  C:4DA3H         LINE#         13
  C:4DA5H         LINE#         14
  -------         ENDPROC       _PCF85063BTL_DELAY
  -------         PROC          _SPI_SENDBYTE
  D:0005H         SYMBOL        dat
  -------         DO            
  D:0003H         SYMBOL        i
  -------         ENDDO         
  C:4C6EH         LINE#         17
  C:4C70H         LINE#         18
  C:4C70H         LINE#         20
  C:4C72H         LINE#         21
  C:4C72H         LINE#         22
  C:4C74H         LINE#         23
  C:4C78H         LINE#         24
  C:4C78H         LINE#         25
  C:4C7AH         LINE#         26
  C:4C7CH         LINE#         28
  C:4C7CH         LINE#         29
  C:4C7EH         LINE#         30
  C:4C7EH         LINE#         31
  C:4C81H         LINE#         32
  C:4C81H         LINE#         33
  C:4C84H         LINE#         34
  C:4C88H         LINE#         35
  C:4C8DH         LINE#         36
  -------         ENDPROC       _SPI_SENDBYTE
  -------         PROC          SPI_RECEIVEBYTE
  -------         DO            
  D:0003H         SYMBOL        i
  D:0005H         SYMBOL        dat
  -------         ENDDO         
  C:4C8EH         LINE#         39
  C:4C8EH         LINE#         40
  C:4C8EH         LINE#         42
  C:4C90H         LINE#         44
  C:4C92H         LINE#         45
  C:4C93H         LINE#         46
  C:4C93H         LINE#         47
  C:4C97H         LINE#         48
  C:4C99H         LINE#         49
  C:4C9CH         LINE#         51
BL51 BANKED LINKER/LOCATER V6.22                                                      02/22/2019  10:00:46  PAGE 16


  C:4C9FH         LINE#         52
  C:4C9FH         LINE#         53
  C:4CA3H         LINE#         54
  C:4CA3H         LINE#         55
  C:4CA3H         LINE#         56
  C:4CA6H         LINE#         57
  C:4CABH         LINE#         58
  C:4CADH         LINE#         59
  -------         ENDPROC       SPI_RECEIVEBYTE
  -------         PROC          _SPI_READTIME
  D:0007H         SYMBOL        addr
  -------         DO            
  D:0006H         SYMBOL        dat
  -------         ENDDO         
  C:4DBAH         LINE#         61
  C:4DBAH         LINE#         62
  C:4DBAH         LINE#         64
  C:4DBCH         LINE#         65
  C:4DBEH         LINE#         66
  C:4DC5H         LINE#         67
  C:4DC8H         LINE#         68
  C:4DCAH         LINE#         69
  C:4DCAH         LINE#         70
  -------         ENDPROC       _SPI_READTIME
  -------         PROC          _SPI_WRITETIME
  D:0002H         SYMBOL        val
  D:0005H         SYMBOL        addr
  C:4D23H         LINE#         71
  C:4D25H         LINE#         72
  C:4D25H         LINE#         74
  C:4D27H         LINE#         75
  C:4D2EH         LINE#         76
  C:4D33H         LINE#         77
  C:4D38H         LINE#         78
  C:4D3AH         LINE#         79
  -------         ENDPROC       _SPI_WRITETIME
  -------         PROC          SPI_INIT
  C:4E1AH         LINE#         83
  C:4E1AH         LINE#         84
  C:4E1AH         LINE#         89
  C:4E1DH         LINE#         90
  C:4E20H         LINE#         91
  C:4E22H         LINE#         92
  C:4E24H         LINE#         93
  C:4E26H         LINE#         94
  -------         ENDPROC       SPI_INIT
  -------         PROC          _READ_TIME
  X:03C0H         SYMBOL        months
  X:03C3H         SYMBOL        days
  X:03C6H         SYMBOL        hours
  X:03C9H         SYMBOL        mins
  X:03CCH         SYMBOL        seconds
  C:4841H         LINE#         96
  C:484CH         LINE#         97
  C:484CH         LINE#         99
  C:4860H         LINE#         101
  C:4874H         LINE#         103
BL51 BANKED LINKER/LOCATER V6.22                                                      02/22/2019  10:00:46  PAGE 17


  C:4888H         LINE#         108
  C:489CH         LINE#         113
  -------         ENDPROC       _READ_TIME
  -------         PROC          _BCDTODEC
  D:0007H         SYMBOL        bcd
  -------         DO            
  D:0006H         SYMBOL        hi
  D:0007H         SYMBOL        lo
  -------         ENDDO         
  C:4DCBH         LINE#         119
  C:4DCBH         LINE#         120
  C:4DCBH         LINE#         122
  C:4DD0H         LINE#         123
  C:4DD4H         LINE#         124
  C:4DDBH         LINE#         125
  -------         ENDPROC       _BCDTODEC
  -------         PROC          _DAY_OF_YEAR
  D:0007H         SYMBOL        months_bcd
  D:0005H         SYMBOL        days_bcd
  -------         DO            
  D:0004H         SYMBOL        months
  D:0007H         SYMBOL        days
  -------         ENDDO         
  C:4748H         LINE#         126
  C:4748H         LINE#         127
  C:4748H         LINE#         130
  C:474DH         LINE#         132
  C:4752H         LINE#         134
  C:478BH         LINE#         135
  C:478BH         LINE#         136
  C:478BH         LINE#         137
  C:478EH         LINE#         138
  C:478EH         LINE#         139
  C:478EH         LINE#         140
  C:4793H         LINE#         141
  C:4793H         LINE#         142
  C:4793H         LINE#         143
  C:4798H         LINE#         144
  C:4798H         LINE#         145
  C:4798H         LINE#         146
  C:479DH         LINE#         147
  C:479DH         LINE#         148
  C:479DH         LINE#         149
  C:47A2H         LINE#         150
  C:47A2H         LINE#         151
  C:47A2H         LINE#         152
  C:47A7H         LINE#         153
  C:47A7H         LINE#         154
  C:47A7H         LINE#         155
  C:47ACH         LINE#         156
  C:47ACH         LINE#         157
  C:47ACH         LINE#         158
  C:47B1H         LINE#         159
  C:47B1H         LINE#         160
  C:47B1H         LINE#         161
  C:47B9H         LINE#         162
  C:47B9H         LINE#         163
BL51 BANKED LINKER/LOCATER V6.22                                                      02/22/2019  10:00:46  PAGE 18


  C:47B9H         LINE#         164
  C:47BEH         LINE#         165
  C:47BEH         LINE#         166
  C:47BEH         LINE#         167
  C:47C3H         LINE#         168
  C:47C3H         LINE#         169
  C:47C3H         LINE#         170
  C:47CBH         LINE#         171
  C:47CBH         LINE#         172
  C:47CBH         LINE#         173
  -------         ENDPROC       _DAY_OF_YEAR
  -------         ENDMOD        PCF85063BTL

  -------         MODULE        UART1
  C:0000H         SYMBOL        _ICE_DUMMY_
  D:0080H         PUBLIC        P0
  D:0090H         PUBLIC        P1
  D:00A0H         PUBLIC        P2
  D:00B0H         PUBLIC        P3
  D:00C0H         PUBLIC        P4
  D:00C8H         PUBLIC        P5
  B:00A8H.7       PUBLIC        EA
  D:00E8H         PUBLIC        P6
  D:00F8H         PUBLIC        P7
  C:4B46H         PUBLIC        _SendString
  D:00A8H         PUBLIC        IE
  B:00A8H.4       PUBLIC        ES
  D:00B8H         PUBLIC        IP
  C:4D3BH         PUBLIC        _ASCIItoBCD
  D:00D8H         PUBLIC        CCON
  C:4DDCH         PUBLIC        initUART1
  D:0098H         PUBLIC        SCON
  D:0088H         PUBLIC        TCON
  C:000AH         PUBLIC        _DectoBCD
  C:4E5EH         PUBLIC        _ASCII_Letter
  D:008EH         PUBLIC        AUXR
  C:4E59H         PUBLIC        _unit
  C:0003H         PUBLIC        _ten
  D:00D6H         PUBLIC        T2H
  D:00D7H         PUBLIC        T2L
  D:00D0H         PUBLIC        PSW
  -------         PROC          INITUART1
  C:4DDCH         LINE#         21
  C:4DDCH         LINE#         22
  C:4DDCH         LINE#         23
  C:4DDFH         LINE#         24
  C:4DE2H         LINE#         25
  C:4DE5H         LINE#         26
  C:4DE8H         LINE#         27
  C:4DEAH         LINE#         28
  C:4DECH         LINE#         30
  -------         ENDPROC       INITUART1
  -------         PROC          _SENDSTRING
  X:0633H         SYMBOL        s
  C:4B46H         LINE#         35
  C:4B51H         LINE#         36
  C:4B51H         LINE#         37
BL51 BANKED LINKER/LOCATER V6.22                                                      02/22/2019  10:00:46  PAGE 19


  C:4B61H         LINE#         38
  C:4B61H         LINE#         39
  C:4B76H         LINE#         40
  C:4B78H         LINE#         41
  -------         ENDPROC       _SENDSTRING
  -------         PROC          _TEN
  D:0007H         SYMBOL        BCD
  C:0003H         LINE#         43
  C:0003H         LINE#         44
  C:0003H         LINE#         45
  C:0008H         LINE#         46
  -------         ENDPROC       _TEN
  -------         PROC          _UNIT
  D:0007H         SYMBOL        BCD
  C:4E59H         LINE#         47
  C:4E59H         LINE#         48
  C:4E59H         LINE#         52
  C:4E5DH         LINE#         53
  -------         ENDPROC       _UNIT
  -------         PROC          _DECTOBCD
  D:0007H         SYMBOL        dec
  C:000AH         LINE#         54
  C:000AH         LINE#         55
  C:000AH         LINE#         57
  C:000AH         LINE#         58
  -------         ENDPROC       _DECTOBCD
  -------         PROC          _ASCII_LETTER
  D:0007H         SYMBOL        dat
  C:4E5EH         LINE#         60
  C:4E5EH         LINE#         61
  C:4E5EH         LINE#         63
  C:4E62H         LINE#         64
  -------         ENDPROC       _ASCII_LETTER
  -------         PROC          _ASCIITOBCD
  D:0001H         SYMBOL        ascii
  -------         DO            
  D:0007H         SYMBOL        dec_val
  D:0006H         SYMBOL        ten
  D:0007H         SYMBOL        unit
  -------         ENDDO         
  C:4D3BH         LINE#         66
  C:4D3BH         LINE#         67
  C:4D3BH         LINE#         69
  C:4D3EH         LINE#         70
  C:4D44H         LINE#         71
  C:4D4BH         LINE#         72
  C:4D51H         LINE#         74
  -------         ENDPROC       _ASCIITOBCD
  -------         ENDMOD        UART1

  -------         MODULE        LCD_DRIVER_SPLC780D
  C:0000H         SYMBOL        _ICE_DUMMY_
  D:0092H         PUBLIC        P1M0
  D:0091H         PUBLIC        P1M1
  D:0080H         PUBLIC        P0
  D:0090H         PUBLIC        P1
  D:00A0H         PUBLIC        P2
BL51 BANKED LINKER/LOCATER V6.22                                                      02/22/2019  10:00:46  PAGE 20


  D:00B0H         PUBLIC        P3
  D:00C0H         PUBLIC        P4
  D:00C8H         PUBLIC        P5
  D:00E8H         PUBLIC        P6
  D:00F8H         PUBLIC        P7
  C:47CCH         PUBLIC        _WriteData
  D:00A8H         PUBLIC        IE
  D:00B8H         PUBLIC        IP
  D:00D8H         PUBLIC        CCON
  B:00B0H.4       PUBLIC        LCD_D4
  B:00B0H.5       PUBLIC        LCD_D5
  B:00B0H.6       PUBLIC        LCD_D6
  C:4CEBH         PUBLIC        _DisplayLCD
  B:00B0H.7       PUBLIC        LCD_D7
  D:0098H         PUBLIC        SCON
  D:0088H         PUBLIC        TCON
  C:4E49H         PUBLIC        LCD_clear
  C:4A8BH         PUBLIC        _Command
  C:4D68H         PUBLIC        _Display_Line
  C:490AH         PUBLIC        LCD_Init
  C:4C50H         PUBLIC        _Wait_ms
  B:00C0H.0       PUBLIC        LCD_RS
  B:00B0H.2       PUBLIC        LCD_RW
  C:4E3FH         PUBLIC        LCD_return_home
  B:00B0H.3       PUBLIC        LCD_E
  D:00D0H         PUBLIC        PSW
  -------         PROC          LCD_INIT
  C:490AH         LINE#         9
  C:490AH         LINE#         10
  C:490AH         LINE#         11
  C:490DH         LINE#         12
  C:4910H         LINE#         14
  C:4916H         LINE#         15
  C:491BH         LINE#         17
  C:4922H         LINE#         18
  C:4927H         LINE#         20
  C:492AH         LINE#         21
  C:492FH         LINE#         23
  C:4932H         LINE#         24
  C:4937H         LINE#         26
  C:493EH         LINE#         29
  C:4943H         LINE#         30
  C:4948H         LINE#         32
  C:494DH         LINE#         33
  C:4952H         LINE#         35
  C:4957H         LINE#         36
  C:495CH         LINE#         37
  -------         ENDPROC       LCD_INIT
  -------         PROC          _WRITEDATA
  X:046DH         SYMBOL        dat
  C:47CCH         LINE#         40
  C:47D1H         LINE#         41
  C:47D1H         LINE#         46
  C:47D3H         LINE#         47
  C:47D5H         LINE#         49
  C:47E3H         LINE#         50
  C:47EFH         LINE#         51
BL51 BANKED LINKER/LOCATER V6.22                                                      02/22/2019  10:00:46  PAGE 21


  C:47FBH         LINE#         52
  C:4805H         LINE#         53
  C:4807H         LINE#         54
  C:480EH         LINE#         55
  C:4810H         LINE#         57
  C:4820H         LINE#         58
  C:482BH         LINE#         59
  C:4835H         LINE#         60
  C:4839H         LINE#         62
  C:4839H         LINE#         63
  C:483CH         LINE#         64
  C:483EH         LINE#         65
  C:4840H         LINE#         67
  -------         ENDPROC       _WRITEDATA
  -------         PROC          _COMMAND
  D:0007H         SYMBOL        dat
  C:4A8BH         LINE#         69
  C:4A8BH         LINE#         70
  C:4A8BH         LINE#         71
  C:4A8DH         LINE#         72
  C:4A8FH         LINE#         74
  C:4A99H         LINE#         75
  C:4A9DH         LINE#         77
  C:4A9FH         LINE#         78
  C:4AA8H         LINE#         79
  C:4AACH         LINE#         81
  C:4AAEH         LINE#         82
  C:4AB5H         LINE#         83
  C:4AB9H         LINE#         85
  C:4ABBH         LINE#         86
  C:4ABFH         LINE#         87
  C:4AC3H         LINE#         89
  C:4AC5H         LINE#         90
  C:4AC5H         LINE#         91
  C:4AC8H         LINE#         92
  C:4ACAH         LINE#         93
  -------         ENDPROC       _COMMAND
  C:4C4CH         SYMBOL        L?0028
  -------         PROC          L?0027
  -------         ENDPROC       L?0027
  C:4C4CH         SYMBOL        L?0028
  -------         PROC          _WAIT_MS
  D:0006H         SYMBOL        ms
  -------         DO            
  D:0004H         SYMBOL        De_Cnt
  -------         ENDDO         
  C:4C50H         LINE#         95
  C:4C50H         LINE#         96
  C:4C50H         LINE#         98
  C:4C5AH         LINE#         99
  C:4C5AH         LINE#         100
  C:4C6DH         LINE#         101
  C:4C6DH         LINE#         102
  -------         ENDPROC       _WAIT_MS
  -------         PROC          _DISPLAYLCD
  D:0007H         SYMBOL        BCD
  -------         DO            
BL51 BANKED LINKER/LOCATER V6.22                                                      02/22/2019  10:00:46  PAGE 22


  D:0006H         SYMBOL        first_digit
  X:03C0H         SYMBOL        second_digit
  -------         ENDDO         
  C:4CEBH         LINE#         103
  C:4CEBH         LINE#         104
  C:4CEBH         LINE#         106
  C:4CF2H         LINE#         107
  C:4CFBH         LINE#         109
  C:4D00H         LINE#         111
  -------         ENDPROC       _DISPLAYLCD
  -------         PROC          LCD_RETURN_HOME
  C:4E3FH         LINE#         115
  C:4E3FH         LINE#         116
  C:4E3FH         LINE#         117
  C:4E44H         LINE#         118
  -------         ENDPROC       LCD_RETURN_HOME
  -------         PROC          LCD_CLEAR
  C:4E49H         LINE#         121
  C:4E49H         LINE#         122
  C:4E49H         LINE#         123
  C:4E4EH         LINE#         124
  -------         ENDPROC       LCD_CLEAR
  -------         PROC          _DISPLAY_LINE
  D:0006H         SYMBOL        line
  C:4D68H         LINE#         128
  C:4D68H         LINE#         129
  C:4D68H         LINE#         130
  C:4D6EH         LINE#         131
  C:4D6EH         LINE#         132
  C:4D70H         LINE#         133
  C:4D70H         LINE#         134
  C:4D72H         LINE#         136
  C:4D72H         LINE#         137
  C:4D77H         LINE#         138
  C:4D7CH         LINE#         139
  C:4D7CH         LINE#         140
  -------         ENDPROC       _DISPLAY_LINE
  -------         ENDMOD        LCD_DRIVER_SPLC780D

  -------         MODULE        KEYPAD
  C:0000H         SYMBOL        _ICE_DUMMY_
  D:0093H         PUBLIC        P0M1
  D:0080H         PUBLIC        P0
  D:0090H         PUBLIC        P1
  D:00A0H         PUBLIC        P2
  D:00B0H         PUBLIC        P3
  D:00C0H         PUBLIC        P4
  D:00C8H         PUBLIC        P5
  B:0020H.0       PUBLIC        calib_mode
  D:00E8H         PUBLIC        P6
  D:00F8H         PUBLIC        P7
  D:00A8H         PUBLIC        IE
  C:36B6H         PUBLIC        Key_Scan
  D:00B8H         PUBLIC        IP
  D:00D8H         PUBLIC        CCON
  C:4E27H         PUBLIC        KeyPad_IO_Init
  C:4CCDH         PUBLIC        _Delay_ms
BL51 BANKED LINKER/LOCATER V6.22                                                      02/22/2019  10:00:46  PAGE 23


  D:0098H         PUBLIC        SCON
  D:0088H         PUBLIC        TCON
  B:0020H.1       PUBLIC        small_move
  B:0020H.2       PUBLIC        move
  B:0020H.3       PUBLIC        direction
  B:0020H.4       PUBLIC        auto_move
  C:3245H         PUBLIC        Key_Process
  D:00D0H         PUBLIC        PSW
  D:0094H         PUBLIC        P0M0
  -------         PROC          _DELAY_MS
  D:0006H         SYMBOL        ms
  -------         DO            
  D:0004H         SYMBOL        De_Cnt
  -------         ENDDO         
  C:4CCDH         LINE#         19
  C:4CCDH         LINE#         20
  C:4CCDH         LINE#         22
  C:4CD7H         LINE#         23
  C:4CD7H         LINE#         24
  C:4CEAH         LINE#         25
  C:4CEAH         LINE#         26
  -------         ENDPROC       _DELAY_MS
  -------         PROC          KEY_SCAN
  -------         DO            
  X:03C6H         SYMBOL        KeyTemp1
  X:03C7H         SYMBOL        KeyTemp2
  X:03C8H         SYMBOL        KeyValue
  -------         ENDDO         
  C:36B6H         LINE#         27
  C:36B6H         LINE#         28
  C:36B6H         LINE#         33
  C:36B9H         LINE#         36
  C:36BCH         LINE#         38
  C:36C4H         LINE#         39
  C:36CBH         LINE#         40
  C:36CBH         LINE#         42
  C:36D0H         LINE#         43
  C:36D7H         LINE#         44
  C:36D7H         LINE#         47
  C:36DAH         LINE#         48
  C:36DDH         LINE#         49
  C:36E2H         LINE#         50
  C:36E6H         LINE#         51
  C:36E6H         LINE#         52
  C:36EEH         LINE#         53
  C:36EEH         LINE#         54
  C:36F1H         LINE#         55
  C:36F9H         LINE#         56
  C:36FBH         LINE#         58
  C:370FH         LINE#         59
  C:370FH         LINE#         60
  C:370FH         LINE#         61
  C:370FH         LINE#         62
  C:3715H         LINE#         64
  C:3717H         LINE#         65
  C:3717H         LINE#         66
  C:3717H         LINE#         67
BL51 BANKED LINKER/LOCATER V6.22                                                      02/22/2019  10:00:46  PAGE 24


  C:371DH         LINE#         69
  C:371FH         LINE#         70
  C:371FH         LINE#         71
  C:371FH         LINE#         72
  C:3725H         LINE#         74
  C:3727H         LINE#         75
  C:3727H         LINE#         76
  C:3727H         LINE#         77
  C:372DH         LINE#         79
  C:372DH         LINE#         80
  C:372DH         LINE#         81
  C:372DH         LINE#         84
  C:3730H         LINE#         85
  C:3733H         LINE#         86
  C:373BH         LINE#         87
  C:373FH         LINE#         88
  C:373FH         LINE#         89
  C:3747H         LINE#         90
  C:3747H         LINE#         91
  C:374AH         LINE#         92
  C:3752H         LINE#         93
  C:3754H         LINE#         94
  C:3768H         LINE#         95
  C:3768H         LINE#         96
  C:3768H         LINE#         97
  C:3768H         LINE#         98
  C:376EH         LINE#         100
  C:3770H         LINE#         101
  C:3770H         LINE#         102
  C:3770H         LINE#         103
  C:3776H         LINE#         105
  C:3778H         LINE#         106
  C:3778H         LINE#         107
  C:3778H         LINE#         108
  C:377EH         LINE#         110
  C:3780H         LINE#         111
  C:3780H         LINE#         112
  C:3780H         LINE#         113
  C:3785H         LINE#         115
  C:3785H         LINE#         116
  C:3785H         LINE#         117
  C:3785H         LINE#         120
  C:3788H         LINE#         121
  C:378BH         LINE#         122
  C:3793H         LINE#         123
  C:3797H         LINE#         124
  C:3797H         LINE#         125
  C:379FH         LINE#         126
  C:379FH         LINE#         127
  C:37A2H         LINE#         128
  C:37AAH         LINE#         129
  C:37ACH         LINE#         130
  C:37C0H         LINE#         131
  C:37C0H         LINE#         132
  C:37C0H         LINE#         133
  C:37C0H         LINE#         134
  C:37C6H         LINE#         136
BL51 BANKED LINKER/LOCATER V6.22                                                      02/22/2019  10:00:46  PAGE 25


  C:37C8H         LINE#         137
  C:37C8H         LINE#         138
  C:37C8H         LINE#         139
  C:37CEH         LINE#         141
  C:37D0H         LINE#         142
  C:37D0H         LINE#         143
  C:37D0H         LINE#         144
  C:37D6H         LINE#         146
  C:37D8H         LINE#         147
  C:37D8H         LINE#         148
  C:37D8H         LINE#         149
  C:37DEH         LINE#         151
  C:37DEH         LINE#         152
  C:37DEH         LINE#         153
  C:37DEH         LINE#         157
  C:37E1H         LINE#         158
  C:37E4H         LINE#         159
  C:37ECH         LINE#         160
  C:37F0H         LINE#         161
  C:37F0H         LINE#         162
  C:37F8H         LINE#         163
  C:37F8H         LINE#         164
  C:37FBH         LINE#         165
  C:3803H         LINE#         166
  C:3805H         LINE#         167
  C:3819H         LINE#         168
  C:3819H         LINE#         169
  C:3819H         LINE#         170
  C:3819H         LINE#         171
  C:381FH         LINE#         173
  C:3821H         LINE#         174
  C:3821H         LINE#         175
  C:3821H         LINE#         176
  C:3827H         LINE#         178
  C:3829H         LINE#         179
  C:3829H         LINE#         180
  C:3829H         LINE#         181
  C:382FH         LINE#         183
  C:3831H         LINE#         184
  C:3831H         LINE#         185
  C:3831H         LINE#         186
  C:3837H         LINE#         188
  C:3837H         LINE#         189
  C:3837H         LINE#         190
  C:3837H         LINE#         192
  C:383DH         LINE#         193
  C:383DH         LINE#         195
  C:383DH         LINE#         196
  C:3840H         LINE#         197
  C:3840H         LINE#         198
  C:3840H         LINE#         200
  C:3840H         LINE#         201
  C:3842H         LINE#         202
  C:3842H         LINE#         203
  -------         ENDPROC       KEY_SCAN
  -------         PROC          KEY_PROCESS
  -------         DO            
BL51 BANKED LINKER/LOCATER V6.22                                                      02/22/2019  10:00:46  PAGE 26


  X:0619H         SYMBOL        KeyCount
  X:061BH         SYMBOL        KeyNum_Old
  X:061CH         SYMBOL        KeyNum
  X:061DH         SYMBOL        PressedKey
  X:03C0H         SYMBOL        d
  D:0004H         SYMBOL        hours
  D:0006H         SYMBOL        mins
  X:03C2H         SYMBOL        months
  X:03C4H         SYMBOL        days
  -------         ENDDO         
  C:3245H         LINE#         204
  C:3245H         LINE#         205
  C:3245H         LINE#         209
  C:324DH         LINE#         210
  C:3255H         LINE#         212
  C:3258H         LINE#         213
  C:3258H         LINE#         214
  C:325BH         LINE#         216
  C:325BH         LINE#         217
  C:3268H         LINE#         218
  C:3268H         LINE#         219
  C:326BH         LINE#         220
  C:326EH         LINE#         222
  C:3271H         LINE#         224
  C:3271H         LINE#         225
  C:327CH         LINE#         226
  C:327CH         LINE#         227
  C:327FH         LINE#         229
  C:327FH         LINE#         230
  C:3286H         LINE#         231
  C:3286H         LINE#         232
  C:3289H         LINE#         234
  C:3289H         LINE#         235
  C:3291H         LINE#         236
  C:3291H         LINE#         237
  C:329BH         LINE#         238
  C:32A3H         LINE#         240
  C:32ACH         LINE#         242
  C:32ACH         LINE#         251
  C:32C1H         LINE#         252
  C:32C1H         LINE#         253
  C:32D3H         LINE#         254
  C:32E1H         LINE#         255
  C:32F0H         LINE#         256
  C:32F0H         LINE#         258
  C:32F6H         LINE#         262
  C:330CH         LINE#         263
  C:331DH         LINE#         264
  C:3338H         LINE#         265
  C:3338H         LINE#         266
  C:3348H         LINE#         267
  C:3359H         LINE#         268
  C:3359H         LINE#         272
  C:3372H         LINE#         273
  C:3389H         LINE#         274
  C:33A9H         LINE#         275
  C:33A9H         LINE#         276
BL51 BANKED LINKER/LOCATER V6.22                                                      02/22/2019  10:00:46  PAGE 27


  C:33B3H         LINE#         277
  C:33B3H         LINE#         278
  C:33BCH         LINE#         279
  C:33BCH         LINE#         280
  C:33D0H         LINE#         281
  C:33D0H         LINE#         282
  C:33D0H         LINE#         283
  C:33D0H         LINE#         284
  C:33D0H         LINE#         285
  C:33D2H         LINE#         287
  C:33D2H         LINE#         288
  C:33DEH         LINE#         289
  C:33DEH         LINE#         290
  C:33EFH         LINE#         291
  C:33EFH         LINE#         292
  C:33EFH         LINE#         293
  C:33EFH         LINE#         294
  C:33EFH         LINE#         296
  C:33F1H         LINE#         298
  C:33F1H         LINE#         299
  C:3402H         LINE#         300
  C:3402H         LINE#         301
  C:3402H         LINE#         302
  C:3402H         LINE#         303
  C:3402H         LINE#         305
  C:3402H         LINE#         307
  C:3402H         LINE#         308
  C:3404H         LINE#         310
  C:3404H         LINE#         311
  C:3417H         LINE#         312
  C:3417H         LINE#         313
  C:3428H         LINE#         314
  C:3428H         LINE#         315
  C:3428H         LINE#         316
  C:3428H         LINE#         317
  C:3428H         LINE#         318
  C:342AH         LINE#         320
  C:342AH         LINE#         321
  C:343BH         LINE#         322
  C:343BH         LINE#         323
  C:344CH         LINE#         324
  C:345DH         LINE#         325
  C:345DH         LINE#         326
  C:345DH         LINE#         327
  C:345DH         LINE#         328
  C:345DH         LINE#         329
  C:3460H         LINE#         330
  C:3465H         LINE#         331
  C:346AH         LINE#         332
  C:346FH         LINE#         333
  C:3474H         LINE#         334
  C:3479H         LINE#         335
  C:347EH         LINE#         336
  C:3483H         LINE#         337
  C:3483H         LINE#         339
  C:34A5H         LINE#         340
  C:34A5H         LINE#         341
BL51 BANKED LINKER/LOCATER V6.22                                                      02/22/2019  10:00:46  PAGE 28


  C:34AFH         LINE#         342
  C:34AFH         LINE#         343
  C:34B4H         LINE#         344
  C:34BDH         LINE#         345
  C:34D4H         LINE#         346
  C:34D4H         LINE#         347
  C:34E4H         LINE#         349
  C:34E4H         LINE#         353
  -------         ENDPROC       KEY_PROCESS
  -------         PROC          KEYPAD_IO_INIT
  C:4E27H         LINE#         356
  C:4E27H         LINE#         357
  C:4E27H         LINE#         358
  C:4E2AH         LINE#         359
  C:4E2DH         LINE#         360
  C:4E30H         LINE#         361
  C:4E32H         LINE#         362
  -------         ENDPROC       KEYPAD_IO_INIT
  -------         ENDMOD        KEYPAD

  -------         MODULE        BIPOLARMOTOR
  C:0000H         SYMBOL        _ICE_DUMMY_
  D:0080H         PUBLIC        P0
  D:0090H         PUBLIC        P1
  X:0000H         PUBLIC        RX_pos_test
  D:00A0H         PUBLIC        P2
  D:00B0H         PUBLIC        P3
  D:00C0H         PUBLIC        P4
  D:00C8H         PUBLIC        P5
  D:00E8H         PUBLIC        P6
  D:00F8H         PUBLIC        P7
  X:00A0H         PUBLIC        low_date_azimuth_mapping
  D:00A8H         PUBLIC        IE
  C:4199H         PUBLIC        linear_interpolate
  C:4BFBH         PUBLIC        _Move
  D:00B8H         PUBLIC        IP
  C:3518H         PUBLIC        _findDet3x3
  C:2F85H         PUBLIC        _findDet4x4
  D:00D8H         PUBLIC        CCON
  X:00C8H         PUBLIC        previous_move_time
  D:0098H         PUBLIC        SCON
  D:0088H         PUBLIC        TCON
  C:4E63H         PUBLIC        wait
  C:4ACBH         PUBLIC        _Step_move
  X:00C9H         PUBLIC        dat
  C:0C32H         PUBLIC        _Update_position
  C:49B3H         PUBLIC        vOneStepMove
  X:00CFH         PUBLIC        elevation_stamp
  X:010BH         PUBLIC        date_azimuth_mapping
  X:0133H         PUBLIC        RX_pos
  C:4D12H         PUBLIC        _BCDtoDec1
  X:038BH         PUBLIC        degree
  D:00D0H         PUBLIC        PSW
  -------         PROC          L?0062
  -------         ENDPROC       L?0062
  -------         PROC          _BCDTODEC1
  D:0007H         SYMBOL        bcd
BL51 BANKED LINKER/LOCATER V6.22                                                      02/22/2019  10:00:46  PAGE 29


  -------         DO            
  D:0006H         SYMBOL        hi
  D:0007H         SYMBOL        lo
  -------         ENDDO         
  C:4D12H         LINE#         28
  C:4D12H         LINE#         29
  C:4D12H         LINE#         31
  C:4D17H         LINE#         32
  C:4D1BH         LINE#         33
  C:4D22H         LINE#         34
  -------         ENDPROC       _BCDTODEC1
  -------         PROC          WAIT
  C:4E63H         LINE#         36
  C:4E63H         LINE#         38
  -------         ENDPROC       WAIT
  -------         PROC          VONESTEPMOVE
  B:0020H.7       SYMBOL        bDir
  C:49B3H         LINE#         40
  C:49B3H         LINE#         41
  C:49B3H         LINE#         43
  C:49B9H         LINE#         44
  C:49B9H         LINE#         45
  C:49BCH         LINE#         46
  C:49C5H         LINE#         47
  C:49CCH         LINE#         48
  C:49D1H         LINE#         49
  C:49D1H         LINE#         50
  C:49D1H         LINE#         52
  C:49D3H         LINE#         55
  C:49D3H         LINE#         56
  C:49D6H         LINE#         57
  C:49DFH         LINE#         58
  C:49E6H         LINE#         59
  C:49ECH         LINE#         60
  C:49F5H         LINE#         61
  C:49FCH         LINE#         62
  C:49FCH         LINE#         66
  -------         ENDPROC       VONESTEPMOVE
  -------         PROC          _STEP_MOVE
  X:047CH         SYMBOL        step
  B:0020H.6       SYMBOL        dir
  -------         DO            
  X:047EH         SYMBOL        i
  -------         ENDDO         
  C:4ACBH         LINE#         68
  C:4AD3H         LINE#         69
  C:4AD3H         LINE#         71
  C:4AD8H         LINE#         74
  C:4AF3H         LINE#         75
  C:4AF3H         LINE#         76
  C:4AFAH         LINE#         78
  C:4B0AH         LINE#         80
  -------         ENDPROC       _STEP_MOVE
  -------         PROC          _MOVE
  X:0478H         SYMBOL        distance
  B:0020H.5       SYMBOL        direction
  -------         DO            
BL51 BANKED LINKER/LOCATER V6.22                                                      02/22/2019  10:00:46  PAGE 30


  D:0006H         SYMBOL        step
  -------         ENDDO         
  C:4BFBH         LINE#         82
  C:4C01H         LINE#         83
  C:4C01H         LINE#         86
  C:4C1CH         LINE#         87
  -------         ENDPROC       _MOVE
  C:34F9H         SYMBOL        L?0058
  C:350DH         SYMBOL        L?0059
  -------         PROC          L?0057
  -------         ENDPROC       L?0057
  C:34F9H         SYMBOL        L?0058
  C:350DH         SYMBOL        L?0059
  -------         PROC          _FINDDET3X3
  X:05F5H         SYMBOL        a11
  X:05F9H         SYMBOL        a12
  X:05FDH         SYMBOL        a13
  X:0601H         SYMBOL        a21
  X:0605H         SYMBOL        a22
  X:0609H         SYMBOL        a23
  X:060DH         SYMBOL        a31
  X:0611H         SYMBOL        a32
  X:0615H         SYMBOL        a33
  C:3518H         LINE#         91
  C:351EH         LINE#         95
  C:351EH         LINE#         96
  C:36B5H         LINE#         98
  -------         ENDPROC       _FINDDET3X3
  -------         PROC          _FINDDET4X4
  X:05B5H         SYMBOL        a11
  X:05B9H         SYMBOL        a12
  X:05BDH         SYMBOL        a13
  X:05C1H         SYMBOL        a14
  X:05C5H         SYMBOL        a21
  X:05C9H         SYMBOL        a22
  X:05CDH         SYMBOL        a23
  X:05D1H         SYMBOL        a24
  X:05D5H         SYMBOL        a31
  X:05D9H         SYMBOL        a32
  X:05DDH         SYMBOL        a33
  X:05E1H         SYMBOL        a34
  X:05E5H         SYMBOL        a41
  X:05E9H         SYMBOL        a42
  X:05EDH         SYMBOL        a43
  X:05F1H         SYMBOL        a44
  C:2F85H         LINE#         99
  C:2F8BH         LINE#         103
  C:2F8BH         LINE#         110
  C:3244H         LINE#         114
  -------         ENDPROC       _FINDDET4X4
  C:4188H         SYMBOL        L?0061
  -------         PROC          L?0060
  -------         ENDPROC       L?0060
  C:4188H         SYMBOL        L?0061
  -------         PROC          LINEAR_INTERPOLATE
  X:0478H         SYMBOL        p1
  X:0480H         SYMBOL        p2
BL51 BANKED LINKER/LOCATER V6.22                                                      02/22/2019  10:00:46  PAGE 31


  X:0488H         SYMBOL        x
  -------         DO            
  D:0004H         SYMBOL        fx
  -------         ENDDO         
  C:4199H         LINE#         120
  C:4199H         LINE#         121
  C:4199H         LINE#         124
  C:4238H         LINE#         126
  C:4238H         LINE#         127
  -------         ENDPROC       LINEAR_INTERPOLATE
  -------         PROC          _UPDATE_POSITION
  D:0001H         SYMBOL        mnths
  D:0002H         SYMBOL        dys
  X:03DBH         SYMBOL        hurs
  X:03DCH         SYMBOL        mns
  X:03DDH         SYMBOL        sconds
  X:03DEH         SYMBOL        currnt_pos
  X:03E1H         SYMBOL        offset_calib
  -------         DO            
  X:03E5H         SYMBOL        date
  X:03E7H         SYMBOL        i
  X:03E9H         SYMBOL        yy
  X:03EBH         SYMBOL        desired_distance
  X:03EFH         SYMBOL        distance
  X:03F3H         SYMBOL        JP_pos
  X:03F7H         SYMBOL        pos_interpolate_azimuth
  X:0433H         SYMBOL        current_local_sun_time
  X:0437H         SYMBOL        azimuth
  X:043BH         SYMBOL        elevation
  X:043FH         SYMBOL        time_offset
  X:0443H         SYMBOL        UTC_time
  X:0447H         SYMBOL        declination
  X:044BH         SYMBOL        p1
  X:0453H         SYMBOL        p2
  X:045BH         SYMBOL        time
  X:046DH         SYMBOL        location
  X:0475H         SYMBOL        sunCoord
  -------         ENDDO         
  C:0C32H         LINE#         131
  C:0C3BH         LINE#         134
  C:0C3BH         LINE#         135
  C:0C46H         LINE#         137
  C:0C62H         LINE#         138
  C:0C6CH         LINE#         146
  C:0C76H         LINE#         147
  C:0C80H         LINE#         148
  C:0C8AH         LINE#         149
  C:0C95H         LINE#         150
  C:0CA0H         LINE#         151
  C:0CB9H         LINE#         152
  C:0CCAH         LINE#         153
  C:0CD9H         LINE#         156
  C:0CEDH         LINE#         160
  C:0D3FH         LINE#         161
  C:0EA3H         LINE#         162
  C:0EF3H         LINE#         164
  C:101BH         LINE#         166
BL51 BANKED LINKER/LOCATER V6.22                                                      02/22/2019  10:00:46  PAGE 32


  C:10EAH         LINE#         173
  C:1131H         LINE#         174
  C:1131H         LINE#         176
  C:114BH         LINE#         177
  C:114BH         LINE#         178
  C:11BBH         LINE#         179
  C:11BBH         LINE#         180
  C:11C2H         LINE#         181
  C:11C2H         LINE#         182
  C:11EFH         LINE#         183
  C:120AH         LINE#         185
  C:1251H         LINE#         186
  C:1285H         LINE#         188
  C:12CBH         LINE#         189
  C:12EEH         LINE#         191
  C:12EEH         LINE#         193
  C:1364H         LINE#         194
  C:1364H         LINE#         195
  C:136BH         LINE#         196
  C:136BH         LINE#         197
  C:1398H         LINE#         198
  C:13B3H         LINE#         200
  C:13FAH         LINE#         201
  C:142EH         LINE#         203
  C:1474H         LINE#         204
  C:1494H         LINE#         206
  C:1494H         LINE#         207
  C:14A5H         LINE#         210
  C:14BFH         LINE#         211
  C:14BFH         LINE#         212
  C:152FH         LINE#         213
  C:152FH         LINE#         214
  C:155CH         LINE#         215
  C:1577H         LINE#         217
  C:15A4H         LINE#         218
  C:15BFH         LINE#         220
  C:15F1H         LINE#         223
  C:15F1H         LINE#         225
  C:1602H         LINE#         227
  C:1631H         LINE#         229
  C:1656H         LINE#         230
  C:16BBH         LINE#         231
  C:16BBH         LINE#         232
  C:16D5H         LINE#         233
  C:16E7H         LINE#         234
  C:16FFH         LINE#         235
  C:1715H         LINE#         237
  C:1731H         LINE#         238
  C:1731H         LINE#         239
  C:1731H         LINE#         242
  -------         ENDPROC       _UPDATE_POSITION
  -------         ENDMOD        BIPOLARMOTOR

  -------         MODULE        SUNPOS
  C:0000H         SYMBOL        _ICE_DUMMY_
  C:20E8H         PUBLIC        sunpos
  -------         PROC          SUNPOS
BL51 BANKED LINKER/LOCATER V6.22                                                      02/22/2019  10:00:46  PAGE 33


  X:0478H         SYMBOL        udtTime
  X:048AH         SYMBOL        udtLocation
  X:0492H         SYMBOL        udtSunCoordinates
  -------         DO            
  X:0495H         SYMBOL        dElapsedJulianDays
  X:0499H         SYMBOL        dDecimalHours
  X:049DH         SYMBOL        dEclipticLongitude
  X:04A1H         SYMBOL        dEclipticObliquity
  X:04A5H         SYMBOL        dRightAscension
  X:04A9H         SYMBOL        dDeclination
  X:04ADH         SYMBOL        dY
  X:04B1H         SYMBOL        dX
  -------         DO            
  X:04B5H         SYMBOL        dJulianDate
  X:04B9H         SYMBOL        liAux1
  X:04BDH         SYMBOL        liAux2
  X:04B5H         SYMBOL        dMeanLongitude
  X:04B9H         SYMBOL        dMeanAnomaly
  X:04BDH         SYMBOL        dOmega
  X:04B5H         SYMBOL        dSin_EclipticLongitude
  X:04B5H         SYMBOL        dGreenwichMeanSiderealTime
  X:04B9H         SYMBOL        dLocalMeanSiderealTime
  X:04BDH         SYMBOL        dLatitudeInRadians
  X:04C1H         SYMBOL        dHourAngle
  X:04C5H         SYMBOL        dCos_Latitude
  X:04C9H         SYMBOL        dSin_Latitude
  X:04CDH         SYMBOL        dCos_HourAngle
  X:04D1H         SYMBOL        dParallax
  -------         ENDDO         
  -------         DO            
  X:04B5H         SYMBOL        dMeanLongitude
  X:04B9H         SYMBOL        dMeanAnomaly
  X:04BDH         SYMBOL        dOmega
  X:04B5H         SYMBOL        dSin_EclipticLongitude
  X:04B5H         SYMBOL        dGreenwichMeanSiderealTime
  X:04B9H         SYMBOL        dLocalMeanSiderealTime
  X:04BDH         SYMBOL        dLatitudeInRadians
  X:04C1H         SYMBOL        dHourAngle
  X:04C5H         SYMBOL        dCos_Latitude
  X:04C9H         SYMBOL        dSin_Latitude
  X:04CDH         SYMBOL        dCos_HourAngle
  X:04D1H         SYMBOL        dParallax
  -------         ENDDO         
  -------         DO            
  X:04B5H         SYMBOL        dSin_EclipticLongitude
  X:04B5H         SYMBOL        dGreenwichMeanSiderealTime
  X:04B9H         SYMBOL        dLocalMeanSiderealTime
  X:04BDH         SYMBOL        dLatitudeInRadians
  X:04C1H         SYMBOL        dHourAngle
  X:04C5H         SYMBOL        dCos_Latitude
  X:04C9H         SYMBOL        dSin_Latitude
  X:04CDH         SYMBOL        dCos_HourAngle
  X:04D1H         SYMBOL        dParallax
  -------         ENDDO         
  -------         DO            
  X:04B5H         SYMBOL        dGreenwichMeanSiderealTime
  X:04B9H         SYMBOL        dLocalMeanSiderealTime
BL51 BANKED LINKER/LOCATER V6.22                                                      02/22/2019  10:00:46  PAGE 34


  X:04BDH         SYMBOL        dLatitudeInRadians
  X:04C1H         SYMBOL        dHourAngle
  X:04C5H         SYMBOL        dCos_Latitude
  X:04C9H         SYMBOL        dSin_Latitude
  X:04CDH         SYMBOL        dCos_HourAngle
  X:04D1H         SYMBOL        dParallax
  -------         ENDDO         
  -------         ENDDO         
  C:20E8H         LINE#         6
  C:20E8H         LINE#         7
  C:20E8H         LINE#         9
  C:20E8H         LINE#         27
  C:2132H         LINE#         30
  C:2153H         LINE#         31
  C:229AH         LINE#         34
  C:22E6H         LINE#         36
  C:2305H         LINE#         37
  C:2305H         LINE#         42
  C:2305H         LINE#         46
  C:2337H         LINE#         47
  C:2361H         LINE#         48
  C:238BH         LINE#         49
  C:2438H         LINE#         52
  C:2499H         LINE#         54
  C:2499H         LINE#         59
  C:2499H         LINE#         61
  C:24B0H         LINE#         62
  C:24D8H         LINE#         63
  C:24EFH         LINE#         64
  C:251AH         LINE#         65
  C:2551H         LINE#         66
  C:257CH         LINE#         67
  C:257CH         LINE#         70
  C:257CH         LINE#         79
  C:25B7H         LINE#         82
  C:25F1H         LINE#         84
  C:2616H         LINE#         85
  C:2635H         LINE#         86
  C:264CH         LINE#         87
  C:2663H         LINE#         88
  C:267AH         LINE#         89
  C:2703H         LINE#         91
  C:271DH         LINE#         92
  C:277FH         LINE#         93
  C:27B5H         LINE#         94
  C:27C7H         LINE#         95
  C:27F4H         LINE#         96
[...]
  C:3FF6H         LINE#         115
  C:400FH         LINE#         116
  C:400FH         LINE#         117
  C:4011H         LINE#         118
BL51 BANKED LINKER/LOCATER V6.22                                                      02/22/2019  10:00:46  PAGE 45


  C:4013H         LINE#         120
  C:4013H         LINE#         121
  C:4015H         LINE#         123
  C:4015H         LINE#         124
  C:4015H         LINE#         125
  C:4015H         LINE#         126
  C:4018H         LINE#         127
  C:4031H         LINE#         129
  C:4050H         LINE#         131
  C:4057H         LINE#         132
  C:4057H         LINE#         133
  C:4059H         LINE#         134
  C:405CH         LINE#         135
  C:4063H         LINE#         136
  C:4063H         LINE#         137
  C:4065H         LINE#         138
  C:4067H         LINE#         140
  C:4067H         LINE#         141
  C:4069H         LINE#         143
  C:4069H         LINE#         144
  C:4069H         LINE#         145
  C:4069H         LINE#         146
  C:406CH         LINE#         147
  C:4073H         LINE#         149
  C:4092H         LINE#         151
  C:4094H         LINE#         152
  -------         ENDPROC       _AT25SF041_WRITE
  -------         PROC          _AT25SF041_READ
  D:0003H         SYMBOL        opcode
  X:0623H         SYMBOL        addr
  -------         DO            
  X:0627H         SYMBOL        dat
  X:0628H         SYMBOL        i
  -------         ENDDO         
  C:3D9BH         LINE#         156
  C:3D9DH         LINE#         157
  C:3D9DH         LINE#         158
  C:3DA2H         LINE#         160
  C:3DA4H         LINE#         161
  C:3DAAH         LINE#         165
  C:3DAFH         LINE#         166
  C:3DAFH         LINE#         167
  C:3DB1H         LINE#         168
  C:3DB4H         LINE#         169
  C:3DB8H         LINE#         170
  C:3DB8H         LINE#         171
  C:3DBAH         LINE#         172
  C:3DBCH         LINE#         174
  C:3DBCH         LINE#         175
  C:3DBEH         LINE#         177
  C:3DBEH         LINE#         178
  C:3DBEH         LINE#         179
  C:3DBEH         LINE#         180
  C:3DC1H         LINE#         181
  C:3DC5H         LINE#         184
  C:3DE4H         LINE#         186
  C:3DEBH         LINE#         187
BL51 BANKED LINKER/LOCATER V6.22                                                      02/22/2019  10:00:46  PAGE 46


  C:3DEBH         LINE#         188
  C:3DEDH         LINE#         189
  C:3DF0H         LINE#         190
  C:3E09H         LINE#         191
  C:3E09H         LINE#         192
  C:3E0BH         LINE#         193
  C:3E0DH         LINE#         195
  C:3E0DH         LINE#         196
  C:3E0FH         LINE#         198
  C:3E0FH         LINE#         199
  C:3E0FH         LINE#         200
  C:3E0FH         LINE#         201
  C:3E12H         LINE#         202
  C:3E2BH         LINE#         204
  C:3E4AH         LINE#         207
  C:3E51H         LINE#         209
  C:3E53H         LINE#         210
  C:3E5AH         LINE#         212
  C:3E61H         LINE#         213
  C:3E61H         LINE#         214
  C:3E68H         LINE#         215
  C:3E68H         LINE#         216
  C:3E6BH         LINE#         217
  C:3E6DH         LINE#         218
  C:3E70H         LINE#         220
  C:3E73H         LINE#         221
  C:3E73H         LINE#         223
  C:3E77H         LINE#         224
  C:3E77H         LINE#         230
  C:3E96H         LINE#         233
  C:3E98H         LINE#         234
  C:3E9BH         LINE#         235
  C:3EA0H         LINE#         237
  -------         ENDPROC       _AT25SF041_READ
  -------         PROC          READ_STATUS_REGISTER_BYTE1
  -------         DO            
  D:0003H         SYMBOL        dat
  D:0001H         SYMBOL        opcode
  X:03D1H         SYMBOL        count
  X:03D2H         SYMBOL        i
  -------         ENDDO         
  C:444DH         LINE#         241
  C:444DH         LINE#         242
  C:444DH         LINE#         243
  C:4453H         LINE#         244
  C:4457H         LINE#         245
  C:4459H         LINE#         246
  C:445BH         LINE#         247
  C:4461H         LINE#         251
  C:4468H         LINE#         252
  C:4468H         LINE#         253
  C:446AH         LINE#         254
  C:446DH         LINE#         255
  C:4471H         LINE#         256
  C:4471H         LINE#         257
  C:4473H         LINE#         258
  C:4475H         LINE#         260
BL51 BANKED LINKER/LOCATER V6.22                                                      02/22/2019  10:00:46  PAGE 47


  C:4475H         LINE#         261
  C:4477H         LINE#         263
  C:4477H         LINE#         264
  C:4477H         LINE#         265
  C:4477H         LINE#         266
  C:447AH         LINE#         267
  C:447EH         LINE#         270
  C:449DH         LINE#         274
  C:44A4H         LINE#         276
  C:44A6H         LINE#         277
  C:44ADH         LINE#         278
  C:44B4H         LINE#         279
  C:44B4H         LINE#         280
  C:44B8H         LINE#         281
  C:44B8H         LINE#         282
  C:44BBH         LINE#         283
  C:44BDH         LINE#         284
  C:44C0H         LINE#         286
  C:44C3H         LINE#         287
  C:44C3H         LINE#         289
  C:44C7H         LINE#         290
  C:44C7H         LINE#         292
  C:44E6H         LINE#         296
  C:44E8H         LINE#         297
  C:44EBH         LINE#         298
  C:44EDH         LINE#         299
  -------         ENDPROC       READ_STATUS_REGISTER_BYTE1
  -------         PROC          SPI_NOR_WRITE_DATA
  X:03C0H         SYMBOL        dat
  X:03CCH         SYMBOL        addr
  C:3EA1H         LINE#         301
  C:3EA1H         LINE#         302
  C:3EA1H         LINE#         303
  C:3EBAH         LINE#         304
  C:3EBAH         LINE#         305
  C:3EBDH         LINE#         307
  C:3EC0H         LINE#         308
  C:3EC7H         LINE#         309
  C:3EC7H         LINE#         310
  C:3ECAH         LINE#         312
  C:3EDAH         LINE#         314
  C:3EDAH         LINE#         315
  C:3EDDH         LINE#         317
  C:3EEDH         LINE#         318
  C:3EEDH         LINE#         321
  C:3EF0H         LINE#         323
  C:3F00H         LINE#         324
  C:3F00H         LINE#         326
  C:3F03H         LINE#         328
  C:3F13H         LINE#         329
  C:3F13H         LINE#         331
  C:3F16H         LINE#         333
  C:3F26H         LINE#         334
  C:3F26H         LINE#         336
  C:3F29H         LINE#         338
  C:3F39H         LINE#         339
  C:3F39H         LINE#         340
BL51 BANKED LINKER/LOCATER V6.22                                                      02/22/2019  10:00:46  PAGE 48


  C:3F3CH         LINE#         342
  C:3F4CH         LINE#         343
  C:3F4CH         LINE#         345
  C:3F4FH         LINE#         347
  C:3F60H         LINE#         348
  C:3F60H         LINE#         350
  C:3F63H         LINE#         352
  C:3F73H         LINE#         353
  C:3F73H         LINE#         355
  C:3F76H         LINE#         357
  C:3F86H         LINE#         358
  C:3F86H         LINE#         360
  C:3F89H         LINE#         362
  C:3F99H         LINE#         363
  -------         ENDPROC       SPI_NOR_WRITE_DATA
  -------         ENDMOD        AT25SF041

  -------         MODULE        ?C_STARTUP
  C:46BCH         SEGMENT       ?C_C51STARTUP
  I:0022H         SEGMENT       ?STACK
  C:0000H         PUBLIC        ?C_STARTUP
  D:00E0H         SYMBOL        ACC
  D:00F0H         SYMBOL        B
  D:0083H         SYMBOL        DPH
  D:0082H         SYMBOL        DPL
  N:0000H         SYMBOL        IBPSTACK
  N:0100H         SYMBOL        IBPSTACKTOP
  N:0080H         SYMBOL        IDATALEN
  C:46BFH         SYMBOL        IDATALOOP
  N:0000H         SYMBOL        PBPSTACK
  N:0100H         SYMBOL        PBPSTACKTOP
  N:0000H         SYMBOL        PDATALEN
  N:0000H         SYMBOL        PDATASTART
  N:0000H         SYMBOL        PPAGE
  N:0000H         SYMBOL        PPAGEENABLE
  D:00A0H         SYMBOL        PPAGE_SFR
  D:0081H         SYMBOL        SP
  C:46BCH         SYMBOL        STARTUP1
  N:0000H         SYMBOL        XBPSTACK
  N:0000H         SYMBOL        XBPSTACKTOP
  N:0000H         SYMBOL        XDATALEN
  N:0000H         SYMBOL        XDATASTART
  C:0000H         LINE#         126
  C:46BCH         LINE#         133
  C:46BEH         LINE#         134
  C:46BFH         LINE#         135
  C:46C0H         LINE#         136
  C:46C2H         LINE#         185
  C:46C5H         LINE#         196
  -------         ENDMOD        ?C_STARTUP

  -------         MODULE        ?C?FPADD
  C:1739H         PUBLIC        ?C?FPADD
  C:1735H         PUBLIC        ?C?FPSUB
  -------         ENDMOD        ?C?FPADD

  -------         MODULE        ?C?FPMUL
BL51 BANKED LINKER/LOCATER V6.22                                                      02/22/2019  10:00:46  PAGE 49


  C:182AH         PUBLIC        ?C?FPMUL
  -------         ENDMOD        ?C?FPMUL

  -------         MODULE        ?C?FPDIV
  C:1933H         PUBLIC        ?C?FPDIV
  -------         ENDMOD        ?C?FPDIV

  -------         MODULE        ?C?FPCMP
  C:19D2H         PUBLIC        ?C?FPCMP
  C:19D0H         PUBLIC        ?C?FPCMP3
  -------         ENDMOD        ?C?FPCMP

  -------         MODULE        ?C?FPNEG
  C:1A49H         PUBLIC        ?C?FPNEG
  -------         ENDMOD        ?C?FPNEG

  -------         MODULE        ?C?FCAST
  C:1A64H         PUBLIC        ?C?FCASTC
  C:1A5FH         PUBLIC        ?C?FCASTI
  C:1A5AH         PUBLIC        ?C?FCASTL
  -------         ENDMOD        ?C?FCAST

  -------         MODULE        ?C?CASTF
  C:1A98H         PUBLIC        ?C?CASTF
  -------         ENDMOD        ?C?CASTF

  -------         MODULE        ATAN2
  X:04D5H         PUBLIC        ?_atan2?BYTE
  C:44EEH         PUBLIC        _atan2
  -------         ENDMOD        ATAN2

  -------         MODULE        SIN
  C:388BH         PUBLIC        _COS
  C:38A1H         PUBLIC        _SIN
  C:38DDH         PUBLIC        _TAN
  -------         ENDMOD        SIN

  -------         MODULE        ACOS
  C:49FDH         PUBLIC        _ACOS
  -------         ENDMOD        ACOS

  -------         MODULE        ASIN
  C:4B0BH         PUBLIC        _ASIN
  -------         ENDMOD        ASIN

  -------         MODULE        SQRT
  C:43A5H         PUBLIC        _SQRT
  -------         ENDMOD        SQRT

  -------         MODULE        ATAN
  C:3C99H         PUBLIC        _ATAN
  -------         ENDMOD        ATAN

  -------         MODULE        ?C?COPY
  C:1C36H         PUBLIC        ?C?COPY
  -------         ENDMOD        ?C?COPY

BL51 BANKED LINKER/LOCATER V6.22                                                      02/22/2019  10:00:46  PAGE 50


  -------         MODULE        ?C?CLDPTR
  C:1C5CH         PUBLIC        ?C?CLDPTR
  -------         ENDMOD        ?C?CLDPTR

  -------         MODULE        ?C?CLDOPTR
  C:1C75H         PUBLIC        ?C?CLDOPTR
  -------         ENDMOD        ?C?CLDOPTR

  -------         MODULE        ?C?CSTPTR
  C:1CA2H         PUBLIC        ?C?CSTPTR
  -------         ENDMOD        ?C?CSTPTR

  -------         MODULE        ?C?IMUL
  C:1CB4H         PUBLIC        ?C?IMUL
  -------         ENDMOD        ?C?IMUL

  -------         MODULE        ?C?UIDIV
  C:1CC6H         PUBLIC        ?C?UIDIV
  -------         ENDMOD        ?C?UIDIV

  -------         MODULE        ?C?SIDIV
  C:1D1BH         PUBLIC        ?C?SIDIV
  -------         ENDMOD        ?C?SIDIV

  -------         MODULE        ?C?ILDIX
  C:1D51H         PUBLIC        ?C?ILDIX
  -------         ENDMOD        ?C?ILDIX

  -------         MODULE        ?C?ILDOPTR
  C:1D67H         PUBLIC        ?C?ILDOPTR
  -------         ENDMOD        ?C?ILDOPTR

  -------         MODULE        ?C?ISTPTR
  C:1D9FH         PUBLIC        ?C?ISTPTR
  -------         ENDMOD        ?C?ISTPTR

  -------         MODULE        ?C?LMUL
  C:1DBEH         PUBLIC        ?C?LMUL
  -------         ENDMOD        ?C?LMUL

  -------         MODULE        ?C?SLDIV
  C:4A47H         PUBLIC        ?C?SLDIV
  -------         ENDMOD        ?C?SLDIV

  -------         MODULE        ?C?LNEG
  C:1E0DH         PUBLIC        ?C?LNEG
  -------         ENDMOD        ?C?LNEG

  -------         MODULE        ?C?ULCMP
  C:1E1BH         PUBLIC        ?C?ULCMP
  -------         ENDMOD        ?C?ULCMP

  -------         MODULE        ?C?LSHL
  C:1E2CH         PUBLIC        ?C?LSHL
  -------         ENDMOD        ?C?LSHL

  -------         MODULE        ?C?LLDPTR
BL51 BANKED LINKER/LOCATER V6.22                                                      02/22/2019  10:00:46  PAGE 51


  C:1E3FH         PUBLIC        ?C?LLDPTR
  -------         ENDMOD        ?C?LLDPTR

  -------         MODULE        ?C?LLDOPTR
  C:1E5FH         PUBLIC        ?C?LLDOPTR
  -------         ENDMOD        ?C?LLDOPTR

  -------         MODULE        ?C?LSTPTR
  C:1E8FH         PUBLIC        ?C?LSTPTR
  -------         ENDMOD        ?C?LSTPTR

  -------         MODULE        ?C?LSTOPTR
  C:1EA9H         PUBLIC        ?C?LSTOPTR
  -------         ENDMOD        ?C?LSTOPTR

  -------         MODULE        ?C?LLDXDATA
  C:1ECDH         PUBLIC        ?C?LLDXDATA
  -------         ENDMOD        ?C?LLDXDATA

  -------         MODULE        ?C?LLDCODE
  C:1ED9H         PUBLIC        ?C?LLDCODE
  -------         ENDMOD        ?C?LLDCODE

  -------         MODULE        ?C?LLDXDATA0
  C:1EE9H         PUBLIC        ?C?LLDXDATA0
  -------         ENDMOD        ?C?LLDXDATA0

  -------         MODULE        ?C?LLDCODE0
  C:1EF5H         PUBLIC        ?C?LLDCODE0
  -------         ENDMOD        ?C?LLDCODE0

  -------         MODULE        ?C?LLDPTR0
  C:1F05H         PUBLIC        ?C?LLDPTR0
  -------         ENDMOD        ?C?LLDPTR0

  -------         MODULE        ?C?LSTXDATA
  C:1F25H         PUBLIC        ?C?LSTXDATA
  -------         ENDMOD        ?C?LSTXDATA

  -------         MODULE        ?C?LSTKXDATA
  C:1F31H         PUBLIC        ?C?LSTKXDATA
  -------         ENDMOD        ?C?LSTKXDATA

  -------         MODULE        ?C?LSTKPTR
  C:1F62H         PUBLIC        ?C?LSTKPTR
  -------         ENDMOD        ?C?LSTKPTR

  -------         MODULE        ?C?OFFXADD
  C:1F7CH         PUBLIC        ?C?OFFXADD
  -------         ENDMOD        ?C?OFFXADD

  -------         MODULE        ABS
  C:4E33H         PUBLIC        _ABS
  -------         ENDMOD        ABS

  -------         MODULE        ATOI
  C:409BH         PUBLIC        _atoi
BL51 BANKED LINKER/LOCATER V6.22                                                      02/22/2019  10:00:46  PAGE 52


  -------         ENDMOD        ATOI

  -------         MODULE        ?C?IILDX
  C:1F88H         PUBLIC        ?C?IILDX
  -------         ENDMOD        ?C?IILDX

  -------         MODULE        ?C?ULDIV
  C:1FDAH         PUBLIC        ?C?ULDIV
  -------         ENDMOD        ?C?ULDIV

  -------         MODULE        ?C?LLDIDATA
  C:206CH         PUBLIC        ?C?LLDIDATA
  -------         ENDMOD        ?C?LLDIDATA

  -------         MODULE        ?C?LLDPDATA
  C:2078H         PUBLIC        ?C?LLDPDATA
  -------         ENDMOD        ?C?LLDPDATA

  -------         MODULE        ?C?LLDIDATA0
  C:2084H         PUBLIC        ?C?LLDIDATA0
  -------         ENDMOD        ?C?LLDIDATA0

  -------         MODULE        ?C?LLDPDATA0
  C:2091H         PUBLIC        ?C?LLDPDATA0
  -------         ENDMOD        ?C?LLDPDATA0

  -------         MODULE        ?C?LSTIDATA
  C:209EH         PUBLIC        ?C?LSTIDATA
  -------         ENDMOD        ?C?LSTIDATA

  -------         MODULE        ?C?LSTPDATA
  C:20AAH         PUBLIC        ?C?LSTPDATA
  -------         ENDMOD        ?C?LSTPDATA

  -------         MODULE        ?C?LSTKIDATA
  C:20B6H         PUBLIC        ?C?LSTKIDATA
  -------         ENDMOD        ?C?LSTKIDATA

  -------         MODULE        ?C?LSTKPDATA
  C:20CFH         PUBLIC        ?C?LSTKPDATA
  -------         ENDMOD        ?C?LSTKPDATA

  -------         MODULE        ISDIGIT
  C:4E0BH         PUBLIC        _isdigit
  -------         ENDMOD        ISDIGIT

  -------         MODULE        ISSPACE
  C:4DA6H         PUBLIC        _isspace
  -------         ENDMOD        ISSPACE

*** WARNING L16: UNCALLED SEGMENT, IGNORED FOR OVERLAY PROCESS
    SEGMENT: ?PR?_DISPLAY_PROX?MAIN

*** WARNING L16: UNCALLED SEGMENT, IGNORED FOR OVERLAY PROCESS
    SEGMENT: ?PR?_DAY_OF_YEAR?PCF85063BTL

*** WARNING L16: UNCALLED SEGMENT, IGNORED FOR OVERLAY PROCESS
BL51 BANKED LINKER/LOCATER V6.22                                                      02/22/2019  10:00:46  PAGE 53


    SEGMENT: ?PR?INITUART1?UART1

*** WARNING L16: UNCALLED SEGMENT, IGNORED FOR OVERLAY PROCESS
    SEGMENT: ?PR?_SENDSTRING?UART1

*** WARNING L16: UNCALLED SEGMENT, IGNORED FOR OVERLAY PROCESS
    SEGMENT: ?PR?_TEN?UART1

*** WARNING L16: UNCALLED SEGMENT, IGNORED FOR OVERLAY PROCESS
    SEGMENT: ?PR?_UNIT?UART1

*** WARNING L16: UNCALLED SEGMENT, IGNORED FOR OVERLAY PROCESS
    SEGMENT: ?PR?_DECTOBCD?UART1

*** WARNING L16: UNCALLED SEGMENT, IGNORED FOR OVERLAY PROCESS
    SEGMENT: ?PR?_ASCII_LETTER?UART1

*** WARNING L16: UNCALLED SEGMENT, IGNORED FOR OVERLAY PROCESS
    SEGMENT: ?PR?_ASCIITOBCD?UART1

*** WARNING L16: UNCALLED SEGMENT, IGNORED FOR OVERLAY PROCESS
    SEGMENT: ?PR?WAIT?BIPOLARMOTOR

*** WARNING L16: UNCALLED SEGMENT, IGNORED FOR OVERLAY PROCESS
    SEGMENT: ?PR?_FINDDET4X4?BIPOLARMOTOR

*** WARNING L16: UNCALLED SEGMENT, IGNORED FOR OVERLAY PROCESS
    SEGMENT: ?PR?NOP?IOEXPANDER_PI4IOE5V96248

*** WARNING L16: UNCALLED SEGMENT, IGNORED FOR OVERLAY PROCESS
    SEGMENT: ?PR?UC_ACK?IOEXPANDER_PI4IOE5V96248

*** WARNING L16: UNCALLED SEGMENT, IGNORED FOR OVERLAY PROCESS
    SEGMENT: ?PR?UC_NACK?IOEXPANDER_PI4IOE5V96248

*** WARNING L16: UNCALLED SEGMENT, IGNORED FOR OVERLAY PROCESS
    SEGMENT: ?PR?_AT25SF041_READ?AT25SF041

*** WARNING L1: UNRESOLVED EXTERNAL SYMBOL
    SYMBOL:  AUTO_MODE
    MODULE:  .\Obj\main.obj (MAIN)

*** WARNING L2: REFERENCE MADE TO UNRESOLVED EXTERNAL
    SYMBOL:  AUTO_MODE
    MODULE:  .\Obj\main.obj (MAIN)
    ADDRESS: 0041H

*** WARNING L2: REFERENCE MADE TO UNRESOLVED EXTERNAL
    SYMBOL:  AUTO_MODE
    MODULE:  .\Obj\main.obj (MAIN)
    ADDRESS: 01B6H

*** WARNING L2: REFERENCE MADE TO UNRESOLVED EXTERNAL
    SYMBOL:  AUTO_MODE
    MODULE:  .\Obj\main.obj (MAIN)
    ADDRESS: 01C4H

BL51 BANKED LINKER/LOCATER V6.22                                                      02/22/2019  10:00:46  PAGE 54


*** WARNING L2: REFERENCE MADE TO UNRESOLVED EXTERNAL
    SYMBOL:  AUTO_MODE
    MODULE:  .\Obj\main.obj (MAIN)
    ADDRESS: 01D6H

*** WARNING L2: REFERENCE MADE TO UNRESOLVED EXTERNAL
    SYMBOL:  AUTO_MODE
    MODULE:  .\Obj\main.obj (MAIN)
    ADDRESS: 0218H

*** WARNING L2: REFERENCE MADE TO UNRESOLVED EXTERNAL
    SYMBOL:  AUTO_MODE
    MODULE:  .\Obj\main.obj (MAIN)
    ADDRESS: 02EBH

*** WARNING L1: UNRESOLVED EXTERNAL SYMBOL
    SYMBOL:  _SENDUART1
    MODULE:  .\Obj\UART1.obj (UART1)

*** WARNING L2: REFERENCE MADE TO UNRESOLVED EXTERNAL
    SYMBOL:  _SENDUART1
    MODULE:  .\Obj\UART1.obj (UART1)
    ADDRESS: 4B74H

*** WARNING L1: UNRESOLVED EXTERNAL SYMBOL
    SYMBOL:  AUTO_MODE
    MODULE:  .\Obj\KeyPad.obj (KEYPAD)

*** WARNING L2: REFERENCE MADE TO UNRESOLVED EXTERNAL
    SYMBOL:  AUTO_MODE
    MODULE:  .\Obj\KeyPad.obj (KEYPAD)
    ADDRESS: 3292H

*** WARNING L2: REFERENCE MADE TO UNRESOLVED EXTERNAL
    SYMBOL:  AUTO_MODE
    MODULE:  .\Obj\KeyPad.obj (KEYPAD)
    ADDRESS: 329DH

*** WARNING L2: REFERENCE MADE TO UNRESOLVED EXTERNAL
    SYMBOL:  AUTO_MODE
    MODULE:  .\Obj\KeyPad.obj (KEYPAD)
    ADDRESS: 32A4H

Program Size: data=10.2 xdata=1592 code=20069
LINK/LOCATE RUN COMPLETE.  28 WARNING(S),  0 ERROR(S)
