BL51 BANKED LINKER/LOCATER V6.22                                                        02/15/2019  13:32:09  PAGE 1


BL51 BANKED LINKER/LOCATER V6.22, INVOKED BY:
C:\KEIL_V5\C51\BIN\BL51.EXE .\Obj\main.obj, .\Obj\PCF85063BTL.obj, .\Obj\UART1.obj, .\Obj\LCd_Driver_SPLC780D.obj, .\Obj
>> \KeyPad.obj, .\Obj\BipolarMotor.obj, .\Obj\SunPos.obj, .\Obj\ADC.obj, .\Obj\Calibration.obj, .\Obj\IOExpander_PI4IOE5
>> V96248.obj, .\Obj\AT25SF041.obj, .\Obj\STARTUP.obj TO .\Obj\GPIO_RTC_Test PRINT (.\Lis\GPIO_RTC_Test.m51) RAMSIZE (25
>> 6)


MEMORY MODEL: LARGE WITH FLOATING POINT ARITHMETIC


INPUT MODULES INCLUDED:
  .\Obj\main.obj (MAIN)
  .\Obj\PCF85063BTL.obj (PCF85063BTL)
  .\Obj\UART1.obj (UART1)
  .\Obj\LCd_Driver_SPLC780D.obj (LCD_DRIVER_SPLC780D)
  .\Obj\KeyPad.obj (KEYPAD)
  .\Obj\BipolarMotor.obj (BIPOLARMOTOR)
  .\Obj\SunPos.obj (SUNPOS)
  .\Obj\ADC.obj (ADC)
  .\Obj\Calibration.obj (CALIBRATION)
  .\Obj\IOExpander_PI4IOE5V96248.obj (IOEXPANDER_PI4IOE5V96248)
  .\Obj\AT25SF041.obj (AT25SF041)
  .\Obj\STARTUP.obj (?C_STARTUP)
  C:\KEIL_V5\C51\LIB\C51FPL.LIB (?C?FPADD)
  C:\KEIL_V5\C51\LIB\C51FPL.LIB (?C?FPMUL)
  C:\KEIL_V5\C51\LIB\C51FPL.LIB (?C?FPDIV)
  C:\KEIL_V5\C51\LIB\C51FPL.LIB (?C?FPCMP)
  C:\KEIL_V5\C51\LIB\C51FPL.LIB (?C?FPNEG)
  C:\KEIL_V5\C51\LIB\C51FPL.LIB (?C?FCAST)
  C:\KEIL_V5\C51\LIB\C51FPL.LIB (?C?CASTF)
  C:\KEIL_V5\C51\LIB\C51FPL.LIB (ATAN2)
  C:\KEIL_V5\C51\LIB\C51FPL.LIB (SIN)
  C:\KEIL_V5\C51\LIB\C51FPL.LIB (ACOS)
  C:\KEIL_V5\C51\LIB\C51FPL.LIB (ASIN)
  C:\KEIL_V5\C51\LIB\C51FPL.LIB (?C?FPGETOPN)
  C:\KEIL_V5\C51\LIB\C51FPL.LIB (?C?FPSERIES)
  C:\KEIL_V5\C51\LIB\C51FPL.LIB (SQRT)
  C:\KEIL_V5\C51\LIB\C51FPL.LIB (ATAN)
  C:\KEIL_V5\C51\LIB\C51L.LIB (?C_INIT)
  C:\KEIL_V5\C51\LIB\C51L.LIB (?C?COPY)
  C:\KEIL_V5\C51\LIB\C51L.LIB (?C?CLDPTR)
  C:\KEIL_V5\C51\LIB\C51L.LIB (?C?CLDOPTR)
  C:\KEIL_V5\C51\LIB\C51L.LIB (?C?CSTPTR)
  C:\KEIL_V5\C51\LIB\C51L.LIB (?C?IMUL)
  C:\KEIL_V5\C51\LIB\C51L.LIB (?C?UIDIV)
  C:\KEIL_V5\C51\LIB\C51L.LIB (?C?SIDIV)
  C:\KEIL_V5\C51\LIB\C51L.LIB (?C?ILDIX)
  C:\KEIL_V5\C51\LIB\C51L.LIB (?C?ILDOPTR)
  C:\KEIL_V5\C51\LIB\C51L.LIB (?C?LMUL)
  C:\KEIL_V5\C51\LIB\C51L.LIB (?C?SLDIV)
  C:\KEIL_V5\C51\LIB\C51L.LIB (?C?LNEG)
  C:\KEIL_V5\C51\LIB\C51L.LIB (?C?ULCMP)
  C:\KEIL_V5\C51\LIB\C51L.LIB (?C?LSHL)
  C:\KEIL_V5\C51\LIB\C51L.LIB (?C?LLDPTR)
  C:\KEIL_V5\C51\LIB\C51L.LIB (?C?LLDOPTR)
  C:\KEIL_V5\C51\LIB\C51L.LIB (?C?LSTPTR)
  C:\KEIL_V5\C51\LIB\C51L.LIB (?C?LSTOPTR)
  C:\KEIL_V5\C51\LIB\C51L.LIB (?C?LLDXDATA)
BL51 BANKED LINKER/LOCATER V6.22                                                      02/15/2019  13:32:09  PAGE 2


  C:\KEIL_V5\C51\LIB\C51L.LIB (?C?LLDCODE)
  C:\KEIL_V5\C51\LIB\C51L.LIB (?C?LLDXDATA0)
  C:\KEIL_V5\C51\LIB\C51L.LIB (?C?LLDCODE0)
  C:\KEIL_V5\C51\LIB\C51L.LIB (?C?LLDPTR0)
  C:\KEIL_V5\C51\LIB\C51L.LIB (?C?LSTXDATA)
  C:\KEIL_V5\C51\LIB\C51L.LIB (?C?LSTKXDATA)
  C:\KEIL_V5\C51\LIB\C51L.LIB (ABS)
  C:\KEIL_V5\C51\LIB\C51L.LIB (ATOI)
  C:\KEIL_V5\C51\LIB\C51L.LIB (?C?IILDX)
  C:\KEIL_V5\C51\LIB\C51L.LIB (?C?ULDIV)
  C:\KEIL_V5\C51\LIB\C51L.LIB (?C?LLDIDATA)
  C:\KEIL_V5\C51\LIB\C51L.LIB (?C?LLDPDATA)
  C:\KEIL_V5\C51\LIB\C51L.LIB (?C?LLDIDATA0)
  C:\KEIL_V5\C51\LIB\C51L.LIB (?C?LLDPDATA0)
  C:\KEIL_V5\C51\LIB\C51L.LIB (?C?LSTIDATA)
  C:\KEIL_V5\C51\LIB\C51L.LIB (?C?LSTPDATA)
  C:\KEIL_V5\C51\LIB\C51L.LIB (ISDIGIT)
  C:\KEIL_V5\C51\LIB\C51L.LIB (ISSPACE)


LINK MAP OF MODULE:  .\Obj\GPIO_RTC_Test (MAIN)


            TYPE    BASE      LENGTH    RELOCATION   SEGMENT NAME
            -----------------------------------------------------

            * * * * * * *   D A T A   M E M O R Y   * * * * * * *
            REG     0000H     0008H     ABSOLUTE     "REG BANK 0"
                    0008H     0018H                  *** GAP ***
            BIT     0020H.0   0000H.5   UNIT         ?BI?KEYPAD
            BIT     0020H.5   0000H.2   UNIT         ?BI?ATAN?ATAN
            BIT     0020H.7   0000H.1   UNIT         ?BI?MAIN
            BIT     0021H.0   0000H.1   UNIT         ?BI?VONESTEPMOVE?BIPOLARMOTOR
            BIT     0021H.1   0000H.1   UNIT         ?BI?_STEP_MOVE?BIPOLARMOTOR
            BIT     0021H.2   0000H.1   UNIT         ?BI?_MOVE?BIPOLARMOTOR
            BIT     0021H.3   0000H.1   UNIT         ?BI?SIN?SIN
            BIT     0021H.4   0000H.1   UNIT         ?BI?_ATOI?ATOI
                    0021H.5   0000H.3                *** GAP ***
            IDATA   0022H     0001H     UNIT         ?STACK

            * * * * * * *  X D A T A   M E M O R Y  * * * * * * *
            XDATA   0000H     00D4H     UNIT         ?XD?MAIN
            XDATA   00D4H     00A7H     UNIT         ?XD?BIPOLARMOTOR
            XDATA   017BH     009FH     UNIT         ?XD?_UPDATE_POSITION?BIPOLARMOTOR
            XDATA   021AH     0084H     UNIT         ?XD?_FIND_REAL_MAX?CALIBRATION
            XDATA   029EH     005DH     UNIT         ?XD?SUNPOS?SUNPOS
            XDATA   02FBH     0040H     UNIT         ?XD?_FINDDET4X4?BIPOLARMOTOR
            XDATA   033BH     0024H     UNIT         ?XD?_FINDDET3X3?BIPOLARMOTOR
            XDATA   035FH     0022H     UNIT         _XDATA_GROUP_
            XDATA   0381H     0018H     UNIT         ?XD?VOLTAGE_IS_STABLE?CALIBRATION
            XDATA   0399H     0014H     UNIT         ?XD?LINEAR_INTERPOLATE?BIPOLARMOTOR
            XDATA   03ADH     0014H     UNIT         ?XD?_CALIBRATION?CALIBRATION
            XDATA   03C1H     000FH     UNIT         ?XD?_READ_TIME?PCF85063BTL
            XDATA   03D0H     000AH     UNIT         ?XD?_DISPLAY_POS?MAIN
            XDATA   03DAH     0009H     UNIT         ?XD?KEYPAD
            XDATA   03E3H     0008H     UNIT         ?XD?_ATAN2?ATAN2
            XDATA   03EBH     0006H     UNIT         ?XD?KEY_PROCESS?KEYPAD
BL51 BANKED LINKER/LOCATER V6.22                                                      02/15/2019  13:32:09  PAGE 3


            XDATA   03F1H     0005H     UNIT         ?XD?_ATOI?ATOI
            XDATA   03F6H     0004H     UNIT         ?XD?_DISPLAY_PROX?MAIN
            XDATA   03FAH     0004H     UNIT         ?XD?_STEP_MOVE?BIPOLARMOTOR
            XDATA   03FEH     0004H     UNIT         ?XD?_MOVE?BIPOLARMOTOR
            XDATA   0402H     0004H     UNIT         ?XD?_MAX_VALUE?CALIBRATION
            XDATA   0406H     0004H     UNIT         ?XD?SIN?SIN
            XDATA   040AH     0004H     UNIT         ?XD?SQRT?SQRT
            XDATA   040EH     0004H     UNIT         ?XD?ATAN?ATAN
            XDATA   0412H     0003H     UNIT         ?XD?_SENDSTRING?UART1
            XDATA   0415H     0003H     UNIT         ?XD?KEY_SCAN?KEYPAD
            XDATA   0418H     0003H     UNIT         ?XD?_WRITE_PI4IOE5V96248?IOEXPANDER_PI4IOE5V96248
            XDATA   041BH     0001H     UNIT         ?XD?_DISPLAYLCD?LCD_DRIVER_SPLC780D
            XDATA   041CH     0001H     UNIT         ?XD?I2C_ACK?IOEXPANDER_PI4IOE5V96248
            XDATA   041DH     0001H     UNIT         ?XD?UC_ACK?IOEXPANDER_PI4IOE5V96248
            XDATA   041EH     0001H     UNIT         ?XD?UC_NACK?IOEXPANDER_PI4IOE5V96248

            * * * * * * *   C O D E   M E M O R Y   * * * * * * *
            CODE    0000H     0003H     ABSOLUTE     
            CODE    0003H     0006H     UNIT         ?PR?_TEN?UART1
            CODE    0009H     0001H     UNIT         ?PR?TM0_ISR?MAIN
            CODE    000AH     0001H     UNIT         ?PR?_DECTOBCD?UART1
            CODE    000BH     0003H     ABSOLUTE     
            CODE    000EH     0B00H     UNIT         ?PR?_UPDATE_POSITION?BIPOLARMOTOR
            CODE    0B0EH     093FH     UNIT         ?C?LIB_CODE
            CODE    144DH     07A2H     UNIT         ?PR?SUNPOS?SUNPOS
            CODE    1BEFH     02C0H     UNIT         ?PR?_FINDDET4X4?BIPOLARMOTOR
            CODE    1EAFH     02B1H     UNIT         ?PR?_FIND_REAL_MAX?CALIBRATION
            CODE    2160H     02A0H     UNIT         ?PR?KEY_PROCESS?KEYPAD
            CODE    2400H     01F6H     UNIT         ?PR?MAIN?MAIN
            CODE    25F6H     01D1H     UNIT         ?PR?_FINDDET3X3?BIPOLARMOTOR
            CODE    27C7H     018DH     UNIT         ?PR?KEY_SCAN?KEYPAD
            CODE    2954H     0188H     UNIT         ?PR?SIN?SIN
            CODE    2ADCH     0172H     UNIT         ?PR?_DISPLAY_POS?MAIN
            CODE    2C4EH     0122H     UNIT         ?PR?ATAN?ATAN
            CODE    2D70H     0106H     UNIT         ?PR?_AT25SF041_READ?AT25SF041
            CODE    2E76H     00F4H     UNIT         ?PR?_AT25SF041_WRITE?AT25SF041
            CODE    2F6AH     00E4H     UNIT         ?PR?_CALIBRATION?CALIBRATION
            CODE    304EH     00DBH     UNIT         ?PR?_ATOI?ATOI
            CODE    3129H     00C3H     UNIT         ?PR?LINEAR_INTERPOLATE?BIPOLARMOTOR
            CODE    31ECH     00BBH     UNIT         ?PR?VOLTAGE_IS_STABLE?CALIBRATION
            CODE    32A7H     00B2H     UNIT         ?C_INITSEG
            CODE    3359H     00ADH     UNIT         ?PR?_WRITE_PI4IOE5V96248?IOEXPANDER_PI4IOE5V96248
            CODE    3406H     00ACH     UNIT         ?PR?SQRT?SQRT
            CODE    34B2H     00A1H     UNIT         ?PR?READ_STATUS_REGISTER_BYTE1?AT25SF041
            CODE    3553H     009DH     UNIT         ?PR?_ATAN2?ATAN2
            CODE    35F0H     009CH     UNIT         ?PR?_MAX_VALUE?CALIBRATION
            CODE    368CH     0095H     UNIT         ?PR?_DISPLAY_PROX?MAIN
            CODE    3721H     008CH     UNIT         ?C_C51STARTUP
            CODE    37ADH     0084H     UNIT         ?PR?_DAY_OF_YEAR?PCF85063BTL
            CODE    3831H     0075H     UNIT         ?PR?_WRITEDATA?LCD_DRIVER_SPLC780D
            CODE    38A6H     006FH     UNIT         ?PR?_READ_TIME?PCF85063BTL
            CODE    3915H     005AH     UNIT         ?PR?AT25SF041_CHIPERASE?AT25SF041
            CODE    396FH     0059H     UNIT         ?PR?LCD_INIT?LCD_DRIVER_SPLC780D
            CODE    39C8H     004AH     UNIT         ?PR?VONESTEPMOVE?BIPOLARMOTOR
            CODE    3A12H     004AH     UNIT         ?PR?ACOS?ACOS
            CODE    3A5CH     0049H     UNIT         ?PR?AT25SF041_WRITEENABLE?AT25SF041
            CODE    3AA5H     0044H     UNIT         ?C?LDIV
BL51 BANKED LINKER/LOCATER V6.22                                                      02/15/2019  13:32:09  PAGE 4


            CODE    3AE9H     0040H     UNIT         ?PR?_COMMAND?LCD_DRIVER_SPLC780D
            CODE    3B29H     0040H     UNIT         ?PR?_STEP_MOVE?BIPOLARMOTOR
            CODE    3B69H     003BH     UNIT         ?PR?ASIN?ASIN
            CODE    3BA4H     0033H     UNIT         ?PR?_SENDSTRING?UART1
            CODE    3BD7H     002CH     UNIT         ?PR?_ADC_GETRESULT?ADC
            CODE    3C03H     002BH     UNIT         ?PR?_WAIT_MS_I2C?IOEXPANDER_PI4IOE5V96248
            CODE    3C2EH     002BH     UNIT         ?PR?_WAIT_MS_SPINOR?AT25SF041
            CODE    3C59H     0028H     UNIT         ?PR?_MOVE?BIPOLARMOTOR
            CODE    3C81H     0027H     UNIT         ?PR?_I2C_SENDBYTE?IOEXPANDER_PI4IOE5V96248
            CODE    3CA8H     0024H     UNIT         ?PR?_WAIT_MS?LCD_DRIVER_SPLC780D
            CODE    3CCCH     0020H     UNIT         ?PR?_SPI_SENDBYTE?PCF85063BTL
            CODE    3CECH     0020H     UNIT         ?PR?SPI_RECEIVEBYTE?PCF85063BTL
            CODE    3D0CH     001FH     UNIT         ?PR?ADC_INIT?ADC
            CODE    3D2BH     001EH     UNIT         ?PR?_DELAY_MS?KEYPAD
            CODE    3D49H     001DH     UNIT         ?PR?_DISPLAYLCD?LCD_DRIVER_SPLC780D
            CODE    3D66H     001BH     UNIT         ?PR?_BCDTODEC1?BIPOLARMOTOR
            CODE    3D81H     0018H     UNIT         ?PR?_SPI_WRITETIME?PCF85063BTL
            CODE    3D99H     0017H     UNIT         ?PR?_ASCIITOBCD?UART1
            CODE    3DB0H     0016H     UNIT         ?PR?I2C_ACK?IOEXPANDER_PI4IOE5V96248
            CODE    3DC6H     0015H     UNIT         ?PR?_DISPLAY_LINE?LCD_DRIVER_SPLC780D
            CODE    3DDBH     0015H     UNIT         ?PR?I2C_STOP?IOEXPANDER_PI4IOE5V96248
            CODE    3DF0H     0014H     UNIT         ?PR?_PCF85063BTL_DELAY?PCF85063BTL
            CODE    3E04H     0014H     UNIT         ?PR?_ISSPACE?ISSPACE
            CODE    3E18H     0011H     UNIT         ?PR?_SPI_READTIME?PCF85063BTL
            CODE    3E29H     0011H     UNIT         ?PR?_BCDTODEC?PCF85063BTL
            CODE    3E3AH     0011H     UNIT         ?PR?INITUART1?UART1
            CODE    3E4BH     000FH     UNIT         ?PR?I2C_START?IOEXPANDER_PI4IOE5V96248
            CODE    3E5AH     000FH     UNIT         ?PR?UC_NACK?IOEXPANDER_PI4IOE5V96248
            CODE    3E69H     000FH     UNIT         ?PR?_ISDIGIT?ISDIGIT
            CODE    3E78H     000DH     UNIT         ?PR?SPI_INIT?PCF85063BTL
            CODE    3E85H     000CH     UNIT         ?PR?KEYPAD_IO_INIT?KEYPAD
            CODE    3E91H     000CH     UNIT         ?PR?_ABS?ABS
            CODE    3E9DH     000AH     UNIT         ?PR?LCD_RETURN_HOME?LCD_DRIVER_SPLC780D
            CODE    3EA7H     000AH     UNIT         ?PR?LCD_CLEAR?LCD_DRIVER_SPLC780D
            CODE    3EB1H     0006H     UNIT         ?PR?UC_ACK?IOEXPANDER_PI4IOE5V96248
            CODE    3EB7H     0005H     UNIT         ?PR?_UNIT?UART1
            CODE    3EBCH     0005H     UNIT         ?PR?_ASCII_LETTER?UART1
            CODE    3EC1H     0001H     UNIT         ?PR?WAIT?BIPOLARMOTOR
            CODE    3EC2H     0001H     UNIT         ?PR?NOP?IOEXPANDER_PI4IOE5V96248



OVERLAY MAP OF MODULE:   .\Obj\GPIO_RTC_Test (MAIN)


SEGMENT                                            XDATA_GROUP
  +--> CALLED SEGMENT                            START    LENGTH
----------------------------------------------------------------
?C_C51STARTUP                                    -----    -----
  +--> ?PR?MAIN?MAIN
  +--> ?C_INITSEG

?PR?MAIN?MAIN                                    035FH    001AH
  +--> ?PR?LCD_INIT?LCD_DRIVER_SPLC780D
  +--> ?PR?SPI_INIT?PCF85063BTL
  +--> ?PR?KEYPAD_IO_INIT?KEYPAD
  +--> ?PR?ADC_INIT?ADC
BL51 BANKED LINKER/LOCATER V6.22                                                      02/15/2019  13:32:09  PAGE 5


  +--> ?PR?_SPI_WRITETIME?PCF85063BTL
  +--> ?PR?_DELAY_MS?KEYPAD
  +--> ?PR?_DISPLAY_LINE?LCD_DRIVER_SPLC780D
  +--> ?PR?_WRITEDATA?LCD_DRIVER_SPLC780D
  +--> ?PR?AT25SF041_WRITEENABLE?AT25SF041
  +--> ?PR?AT25SF041_CHIPERASE?AT25SF041
  +--> ?PR?_WAIT_MS_SPINOR?AT25SF041
  +--> ?PR?_AT25SF041_WRITE?AT25SF041
  +--> ?PR?_AT25SF041_READ?AT25SF041

?PR?LCD_INIT?LCD_DRIVER_SPLC780D                 -----    -----
  +--> ?PR?_WAIT_MS?LCD_DRIVER_SPLC780D
  +--> ?PR?_COMMAND?LCD_DRIVER_SPLC780D

?PR?_COMMAND?LCD_DRIVER_SPLC780D                 -----    -----
  +--> ?PR?_WAIT_MS?LCD_DRIVER_SPLC780D

?PR?ADC_INIT?ADC                                 -----    -----
  +--> ?PR?_WAIT_MS?LCD_DRIVER_SPLC780D

?PR?_SPI_WRITETIME?PCF85063BTL                   -----    -----
  +--> ?PR?_SPI_SENDBYTE?PCF85063BTL

?PR?_SPI_SENDBYTE?PCF85063BTL                    -----    -----
  +--> ?PR?_PCF85063BTL_DELAY?PCF85063BTL

?PR?_DISPLAY_LINE?LCD_DRIVER_SPLC780D            -----    -----
  +--> ?PR?_COMMAND?LCD_DRIVER_SPLC780D

?PR?_WRITEDATA?LCD_DRIVER_SPLC780D               0379H    0001H
  +--> ?PR?_WAIT_MS?LCD_DRIVER_SPLC780D

?PR?AT25SF041_WRITEENABLE?AT25SF041              0379H    0002H
  +--> ?PR?_WAIT_MS_SPINOR?AT25SF041

?PR?AT25SF041_CHIPERASE?AT25SF041                0379H    0002H
  +--> ?PR?_WAIT_MS_SPINOR?AT25SF041
  +--> ?PR?READ_STATUS_REGISTER_BYTE1?AT25SF041

?PR?READ_STATUS_REGISTER_BYTE1?AT25SF041         037BH    0003H
  +--> ?PR?_WAIT_MS_SPINOR?AT25SF041

?PR?_AT25SF041_WRITE?AT25SF041                   0379H    0008H
  +--> ?PR?_WAIT_MS_SPINOR?AT25SF041

?PR?_AT25SF041_READ?AT25SF041                    0379H    0008H
  +--> ?PR?_WAIT_MS_SPINOR?AT25SF041



UNRESOLVED EXTERNAL SYMBOLS:
   AUTO_MODE
   _SENDUART1



SYMBOL TABLE OF MODULE:  .\Obj\GPIO_RTC_Test (MAIN)
BL51 BANKED LINKER/LOCATER V6.22                                                      02/15/2019  13:32:09  PAGE 6



  VALUE           TYPE          NAME
  ----------------------------------

  -------         MODULE        MAIN
  C:0000H         SYMBOL        _ICE_DUMMY_
  X:0008H         PUBLIC        calib_value
  D:0080H         PUBLIC        P0
  D:00B2H         PUBLIC        P3M0
  D:0090H         PUBLIC        P1
  D:00B1H         PUBLIC        P3M1
  D:00A0H         PUBLIC        P2
  D:00B0H         PUBLIC        P3
  D:00C0H         PUBLIC        P4
  D:00C8H         PUBLIC        P5
  X:005CH         SYMBOL        PressedKey
  B:00A8H.7       PUBLIC        EA
  D:00E8H         PUBLIC        P6
  X:0060H         PUBLIC        calib_stamp
  D:00F8H         PUBLIC        P7
  X:0061H         PUBLIC        RX_Data_Uart_Cnt
  D:00A8H         PUBLIC        IE
  X:0063H         PUBLIC        calib_time
  D:00B8H         PUBLIC        IP
  X:00B7H         PUBLIC        months
  D:00D8H         PUBLIC        CCON
  C:2400H         PUBLIC        main
  X:00B8H         PUBLIC        count
  X:00BAH         PUBLIC        days
  X:00BBH         PUBLIC        hours
  D:0098H         PUBLIC        SCON
  D:0089H         PUBLIC        TMOD
  D:0088H         PUBLIC        TCON
  X:00BCH         SYMBOL        KeyCount
  X:00BEH         PUBLIC        mins
  X:00BFH         PUBLIC        Rec_data_hour
  X:00C2H         PUBLIC        Rec_data_min
  D:008EH         PUBLIC        AUXR
  C:0009H         PUBLIC        tm0_isr
  B:0020H.7       PUBLIC        busy
  B:00A8H.1       PUBLIC        ET0
  D:008CH         PUBLIC        TH0
  X:00C5H         PUBLIC        hour_count
  D:008AH         PUBLIC        TL0
  X:00C6H         PUBLIC        min_count
  B:0088H.4       PUBLIC        TR0
  X:00C7H         SYMBOL        KeyNum
  X:00C8H         SYMBOL        KeyNum_Old
  X:00C9H         PUBLIC        current_position
  X:00CDH         PUBLIC        hours1
  X:00CEH         PUBLIC        hours2
  C:368CH         PUBLIC        _Display_Prox
  X:00CFH         PUBLIC        mins1
  X:00D0H         PUBLIC        mins2
  C:2ADCH         PUBLIC        _Display_Pos
  X:00D1H         PUBLIC        seconds
  X:00D2H         PUBLIC        st_time
BL51 BANKED LINKER/LOCATER V6.22                                                      02/15/2019  13:32:09  PAGE 7


  D:00D0H         PUBLIC        PSW
  -------         PROC          TM0_ISR
  C:0009H         LINE#         86
  C:0009H         LINE#         88
  -------         ENDPROC       TM0_ISR
  -------         PROC          MAIN
  -------         DO            
  X:035FH         SYMBOL        sunlight_ADC
  X:0000H         SYMBOL        KeyCount
  X:0002H         SYMBOL        KeyNum_Old
  X:0003H         SYMBOL        KeyNum
  X:0004H         SYMBOL        PressedKey
  X:0361H         SYMBOL        prox_flag
  X:0362H         SYMBOL        SPI_NOR_DATA
  X:0363H         SYMBOL        iUse_prevday_calib_value
  X:0365H         SYMBOL        calib_point1
  X:036DH         SYMBOL        calib_point2
  X:0375H         SYMBOL        calib_day
  X:0377H         SYMBOL        calib_count
  -------         ENDDO         
  C:2400H         LINE#         90
  C:2400H         LINE#         91
  C:2400H         LINE#         96
  C:2409H         LINE#         97
  C:240DH         LINE#         100
  C:2413H         LINE#         105
  C:2415H         LINE#         106
  C:2417H         LINE#         107
  C:2419H         LINE#         108
  C:241BH         LINE#         110
  C:2421H         LINE#         119
  C:2423H         LINE#         120
  C:2426H         LINE#         121
  C:2429H         LINE#         122
  C:242CH         LINE#         123
  C:242FH         LINE#         124
  C:2432H         LINE#         127
  C:2435H         LINE#         129
  C:2438H         LINE#         130
  C:243BH         LINE#         131
  C:243EH         LINE#         132
  C:2440H         LINE#         133
  C:2442H         LINE#         134
  C:2444H         LINE#         136
  C:2446H         LINE#         137
  C:244DH         LINE#         138
  C:2454H         LINE#         139
  C:245BH         LINE#         140
  C:2462H         LINE#         144
  C:2469H         LINE#         145
  C:246EH         LINE#         146
  C:2473H         LINE#         147
  C:2478H         LINE#         152
  C:2491H         LINE#         153
  C:2491H         LINE#         154
  C:24ADH         LINE#         155
  C:24F4H         LINE#         156
BL51 BANKED LINKER/LOCATER V6.22                                                      02/15/2019  13:32:09  PAGE 8


  C:2505H         LINE#         158
  C:2508H         LINE#         160
  C:250BH         LINE#         161
  C:2512H         LINE#         173
  C:2517H         LINE#         174
  C:251EH         LINE#         175
  C:2521H         LINE#         177
  C:2536H         LINE#         178
  C:254AH         LINE#         179
  C:254DH         LINE#         180
  C:2554H         LINE#         181
  C:2557H         LINE#         183
  C:256CH         LINE#         184
  C:2580H         LINE#         185
  C:2583H         LINE#         186
  C:258AH         LINE#         187
  C:258DH         LINE#         189
  C:25A2H         LINE#         190
  C:25B6H         LINE#         191
  C:25B9H         LINE#         192
  C:25C0H         LINE#         194
  C:25C3H         LINE#         196
  C:25D8H         LINE#         197
  C:25ECH         LINE#         198
  C:25EFH         LINE#         199
  -------         ENDPROC       MAIN
  -------         PROC          _DISPLAY_PROX
  D:0002H         SYMBOL        dat
  -------         DO            
  X:03F6H         SYMBOL        unit
  X:03F7H         SYMBOL        ten
  X:03F8H         SYMBOL        hundred
  X:03F9H         SYMBOL        thousand
  -------         ENDDO         
  C:368CH         LINE#         281
  C:3690H         LINE#         282
  C:3690H         LINE#         284
  C:369CH         LINE#         285
  C:36ACH         LINE#         286
  C:36C8H         LINE#         287
  C:36F8H         LINE#         288
  C:3702H         LINE#         289
  C:370CH         LINE#         290
  C:3716H         LINE#         291
  C:3720H         LINE#         293
  -------         ENDPROC       _DISPLAY_PROX
  -------         PROC          _DISPLAY_POS
  X:03D0H         SYMBOL        sign_dat
  -------         DO            
  X:03D4H         SYMBOL        unit
  X:03D5H         SYMBOL        ten
  X:03D6H         SYMBOL        hundred
  D:0003H         SYMBOL        thousand
  X:03D7H         SYMBOL        after_dot
  X:03D8H         SYMBOL        dat
  -------         ENDDO         
  C:2ADCH         LINE#         296
BL51 BANKED LINKER/LOCATER V6.22                                                      02/15/2019  13:32:09  PAGE 9


  C:2AE2H         LINE#         297
  C:2AE2H         LINE#         301
  C:2AFEH         LINE#         302
  C:2B18H         LINE#         303
  C:2B3CH         LINE#         305
  C:2B86H         LINE#         307
  C:2B9DH         LINE#         308
  C:2BAAH         LINE#         309
  C:2BCCH         LINE#         310
  C:2C01H         LINE#         311
  C:2C19H         LINE#         312
  C:2C19H         LINE#         314
  C:2C19H         LINE#         315
  C:2C19H         LINE#         316
  C:2C19H         LINE#         317
  C:2C19H         LINE#         318
  C:2C19H         LINE#         322
  C:2C1BH         LINE#         324
  C:2C1BH         LINE#         326
  C:2C20H         LINE#         327
  C:2C2AH         LINE#         328
  C:2C34H         LINE#         329
  C:2C3EH         LINE#         330
  C:2C43H         LINE#         331
  C:2C4DH         LINE#         335
  C:2C4DH         LINE#         337
  -------         ENDPROC       _DISPLAY_POS
  -------         ENDMOD        MAIN

  -------         MODULE        PCF85063BTL
  C:0000H         SYMBOL        _ICE_DUMMY_
  D:0096H         PUBLIC        P2M0
  D:0080H         PUBLIC        P0
  D:0095H         PUBLIC        P2M1
  D:0090H         PUBLIC        P1
  D:00A0H         PUBLIC        P2
  D:00B0H         PUBLIC        P3
  D:00C0H         PUBLIC        P4
  D:00C8H         PUBLIC        P5
  D:00E8H         PUBLIC        P6
  B:00A0H.1       PUBLIC        PCF85063BTL_SDI
  D:00F8H         PUBLIC        P7
  B:00A0H.2       PUBLIC        PCF85063BTL_SCK
  B:00A0H.1       PUBLIC        PCF85063BTL_SDO
  D:00A8H         PUBLIC        IE
  C:38A6H         PUBLIC        _Read_time
  C:3DF6H         PUBLIC        _PCF85063BTL_Delay
  D:00B8H         PUBLIC        IP
  D:00D8H         PUBLIC        CCON
  C:37ADH         PUBLIC        _Day_Of_Year
  C:3CECH         PUBLIC        SPI_ReceiveByte
  D:0098H         PUBLIC        SCON
  D:0088H         PUBLIC        TCON
  C:3E29H         PUBLIC        _BCDtoDec
  B:00A0H.0       PUBLIC        PCF85063BTL_CS
  C:3E18H         PUBLIC        _SPI_ReadTime
  C:3E78H         PUBLIC        SPI_Init
BL51 BANKED LINKER/LOCATER V6.22                                                      02/15/2019  13:32:09  PAGE 10


  C:3D81H         PUBLIC        _SPI_WriteTime
  C:3CCCH         PUBLIC        _SPI_SendByte
  D:00D0H         PUBLIC        PSW
  C:3DF2H         SYMBOL        L?0047
  -------         PROC          L?0046
  -------         ENDPROC       L?0046
  C:3DF2H         SYMBOL        L?0047
  -------         PROC          _PCF85063BTL_DELAY
  D:0006H         SYMBOL        us
  C:3DF6H         LINE#         8
  C:3DF6H         LINE#         9
  C:3DF6H         LINE#         10
  C:3E00H         LINE#         11
  C:3E00H         LINE#         12
  C:3E01H         LINE#         13
  C:3E03H         LINE#         14
  -------         ENDPROC       _PCF85063BTL_DELAY
  -------         PROC          _SPI_SENDBYTE
  D:0005H         SYMBOL        dat
  -------         DO            
  D:0003H         SYMBOL        i
  -------         ENDDO         
  C:3CCCH         LINE#         17
  C:3CCEH         LINE#         18
  C:3CCEH         LINE#         20
  C:3CD0H         LINE#         21
  C:3CD0H         LINE#         22
  C:3CD2H         LINE#         23
  C:3CD6H         LINE#         24
  C:3CD6H         LINE#         25
  C:3CD8H         LINE#         26
  C:3CDAH         LINE#         28
  C:3CDAH         LINE#         29
  C:3CDCH         LINE#         30
  C:3CDCH         LINE#         31
  C:3CDFH         LINE#         32
  C:3CDFH         LINE#         33
  C:3CE2H         LINE#         34
  C:3CE6H         LINE#         35
  C:3CEBH         LINE#         36
  -------         ENDPROC       _SPI_SENDBYTE
  -------         PROC          SPI_RECEIVEBYTE
  -------         DO            
  D:0003H         SYMBOL        i
  D:0005H         SYMBOL        dat
  -------         ENDDO         
  C:3CECH         LINE#         39
  C:3CECH         LINE#         40
  C:3CECH         LINE#         42
  C:3CEEH         LINE#         44
  C:3CF0H         LINE#         45
  C:3CF1H         LINE#         46
  C:3CF1H         LINE#         47
  C:3CF5H         LINE#         48
  C:3CF7H         LINE#         49
  C:3CFAH         LINE#         51
  C:3CFDH         LINE#         52
BL51 BANKED LINKER/LOCATER V6.22                                                      02/15/2019  13:32:09  PAGE 11


  C:3CFDH         LINE#         53
  C:3D01H         LINE#         54
  C:3D01H         LINE#         55
  C:3D01H         LINE#         56
  C:3D04H         LINE#         57
  C:3D09H         LINE#         58
  C:3D0BH         LINE#         59
  -------         ENDPROC       SPI_RECEIVEBYTE
  -------         PROC          _SPI_READTIME
  D:0007H         SYMBOL        addr
  -------         DO            
  D:0006H         SYMBOL        dat
  -------         ENDDO         
  C:3E18H         LINE#         61
  C:3E18H         LINE#         62
  C:3E18H         LINE#         64
  C:3E1AH         LINE#         65
  C:3E1CH         LINE#         66
  C:3E23H         LINE#         67
  C:3E26H         LINE#         68
  C:3E28H         LINE#         69
  C:3E28H         LINE#         70
  -------         ENDPROC       _SPI_READTIME
  -------         PROC          _SPI_WRITETIME
  D:0002H         SYMBOL        val
  D:0005H         SYMBOL        addr
  C:3D81H         LINE#         71
  C:3D83H         LINE#         72
  C:3D83H         LINE#         74
  C:3D85H         LINE#         75
  C:3D8CH         LINE#         76
  C:3D91H         LINE#         77
  C:3D96H         LINE#         78
  C:3D98H         LINE#         79
  -------         ENDPROC       _SPI_WRITETIME
  -------         PROC          SPI_INIT
  C:3E78H         LINE#         83
  C:3E78H         LINE#         84
  C:3E78H         LINE#         89
  C:3E7BH         LINE#         90
  C:3E7EH         LINE#         91
  C:3E80H         LINE#         92
  C:3E82H         LINE#         93
  C:3E84H         LINE#         94
  -------         ENDPROC       SPI_INIT
  -------         PROC          _READ_TIME
  X:03C1H         SYMBOL        months
  X:03C4H         SYMBOL        days
  X:03C7H         SYMBOL        hours
  X:03CAH         SYMBOL        mins
  X:03CDH         SYMBOL        seconds
  C:38A6H         LINE#         96
  C:38B1H         LINE#         97
  C:38B1H         LINE#         99
  C:38C5H         LINE#         101
  C:38D9H         LINE#         103
  C:38EDH         LINE#         108
BL51 BANKED LINKER/LOCATER V6.22                                                      02/15/2019  13:32:09  PAGE 12


  C:3901H         LINE#         113
  -------         ENDPROC       _READ_TIME
  -------         PROC          _BCDTODEC
  D:0007H         SYMBOL        bcd
  -------         DO            
  D:0006H         SYMBOL        hi
  D:0007H         SYMBOL        lo
  -------         ENDDO         
  C:3E29H         LINE#         119
  C:3E29H         LINE#         120
  C:3E29H         LINE#         122
  C:3E2EH         LINE#         123
  C:3E32H         LINE#         124
  C:3E39H         LINE#         125
  -------         ENDPROC       _BCDTODEC
  -------         PROC          _DAY_OF_YEAR
  D:0007H         SYMBOL        months_bcd
  D:0005H         SYMBOL        days_bcd
  -------         DO            
  D:0004H         SYMBOL        months
  D:0007H         SYMBOL        days
  -------         ENDDO         
  C:37ADH         LINE#         126
  C:37ADH         LINE#         127
  C:37ADH         LINE#         130
  C:37B2H         LINE#         132
  C:37B7H         LINE#         134
  C:37F0H         LINE#         135
  C:37F0H         LINE#         136
  C:37F0H         LINE#         137
  C:37F3H         LINE#         138
  C:37F3H         LINE#         139
  C:37F3H         LINE#         140
  C:37F8H         LINE#         141
  C:37F8H         LINE#         142
  C:37F8H         LINE#         143
  C:37FDH         LINE#         144
  C:37FDH         LINE#         145
  C:37FDH         LINE#         146
  C:3802H         LINE#         147
  C:3802H         LINE#         148
  C:3802H         LINE#         149
  C:3807H         LINE#         150
  C:3807H         LINE#         151
  C:3807H         LINE#         152
  C:380CH         LINE#         153
  C:380CH         LINE#         154
  C:380CH         LINE#         155
  C:3811H         LINE#         156
  C:3811H         LINE#         157
  C:3811H         LINE#         158
  C:3816H         LINE#         159
  C:3816H         LINE#         160
  C:3816H         LINE#         161
  C:381EH         LINE#         162
  C:381EH         LINE#         163
  C:381EH         LINE#         164
BL51 BANKED LINKER/LOCATER V6.22                                                      02/15/2019  13:32:09  PAGE 13


  C:3823H         LINE#         165
  C:3823H         LINE#         166
  C:3823H         LINE#         167
  C:3828H         LINE#         168
  C:3828H         LINE#         169
  C:3828H         LINE#         170
  C:3830H         LINE#         171
  C:3830H         LINE#         172
  C:3830H         LINE#         173
  -------         ENDPROC       _DAY_OF_YEAR
  -------         ENDMOD        PCF85063BTL

  -------         MODULE        UART1
  C:0000H         SYMBOL        _ICE_DUMMY_
  D:0080H         PUBLIC        P0
  D:0090H         PUBLIC        P1
  D:00A0H         PUBLIC        P2
  D:00B0H         PUBLIC        P3
  D:00C0H         PUBLIC        P4
  D:00C8H         PUBLIC        P5
  B:00A8H.7       PUBLIC        EA
  D:00E8H         PUBLIC        P6
  D:00F8H         PUBLIC        P7
  C:3BA4H         PUBLIC        _SendString
  D:00A8H         PUBLIC        IE
  B:00A8H.4       PUBLIC        ES
  D:00B8H         PUBLIC        IP
  C:3D99H         PUBLIC        _ASCIItoBCD
  D:00D8H         PUBLIC        CCON
  C:3E3AH         PUBLIC        initUART1
  D:0098H         PUBLIC        SCON
  D:0088H         PUBLIC        TCON
  C:000AH         PUBLIC        _DectoBCD
  C:3EBCH         PUBLIC        _ASCII_Letter
  D:008EH         PUBLIC        AUXR
  C:3EB7H         PUBLIC        _unit
  C:0003H         PUBLIC        _ten
  D:00D6H         PUBLIC        T2H
  D:00D7H         PUBLIC        T2L
  D:00D0H         PUBLIC        PSW
  -------         PROC          INITUART1
  C:3E3AH         LINE#         21
  C:3E3AH         LINE#         22
  C:3E3AH         LINE#         23
  C:3E3DH         LINE#         24
  C:3E40H         LINE#         25
  C:3E43H         LINE#         26
  C:3E46H         LINE#         27
  C:3E48H         LINE#         28
  C:3E4AH         LINE#         30
  -------         ENDPROC       INITUART1
  -------         PROC          _SENDSTRING
  X:0412H         SYMBOL        s
  C:3BA4H         LINE#         35
  C:3BAFH         LINE#         36
  C:3BAFH         LINE#         37
  C:3BBFH         LINE#         38
BL51 BANKED LINKER/LOCATER V6.22                                                      02/15/2019  13:32:09  PAGE 14


  C:3BBFH         LINE#         39
  C:3BD4H         LINE#         40
  C:3BD6H         LINE#         41
  -------         ENDPROC       _SENDSTRING
  -------         PROC          _TEN
  D:0007H         SYMBOL        BCD
  C:0003H         LINE#         43
  C:0003H         LINE#         44
  C:0003H         LINE#         45
  C:0008H         LINE#         46
  -------         ENDPROC       _TEN
  -------         PROC          _UNIT
  D:0007H         SYMBOL        BCD
  C:3EB7H         LINE#         47
  C:3EB7H         LINE#         48
  C:3EB7H         LINE#         52
  C:3EBBH         LINE#         53
  -------         ENDPROC       _UNIT
  -------         PROC          _DECTOBCD
  D:0007H         SYMBOL        dec
  C:000AH         LINE#         54
  C:000AH         LINE#         55
  C:000AH         LINE#         57
  C:000AH         LINE#         58
  -------         ENDPROC       _DECTOBCD
  -------         PROC          _ASCII_LETTER
  D:0007H         SYMBOL        dat
  C:3EBCH         LINE#         60
  C:3EBCH         LINE#         61
  C:3EBCH         LINE#         63
  C:3EC0H         LINE#         64
  -------         ENDPROC       _ASCII_LETTER
  -------         PROC          _ASCIITOBCD
  D:0001H         SYMBOL        ascii
  -------         DO            
  D:0007H         SYMBOL        dec_val
  D:0006H         SYMBOL        ten
  D:0007H         SYMBOL        unit
  -------         ENDDO         
  C:3D99H         LINE#         66
  C:3D99H         LINE#         67
  C:3D99H         LINE#         69
  C:3D9CH         LINE#         70
  C:3DA2H         LINE#         71
  C:3DA9H         LINE#         72
  C:3DAFH         LINE#         74
  -------         ENDPROC       _ASCIITOBCD
  -------         ENDMOD        UART1

  -------         MODULE        LCD_DRIVER_SPLC780D
  C:0000H         SYMBOL        _ICE_DUMMY_
  D:0092H         PUBLIC        P1M0
  D:0091H         PUBLIC        P1M1
  D:0080H         PUBLIC        P0
  D:0090H         PUBLIC        P1
  D:00A0H         PUBLIC        P2
  D:00B0H         PUBLIC        P3
BL51 BANKED LINKER/LOCATER V6.22                                                      02/15/2019  13:32:09  PAGE 15


  D:00C0H         PUBLIC        P4
  D:00C8H         PUBLIC        P5
  D:00E8H         PUBLIC        P6
  D:00F8H         PUBLIC        P7
  C:3831H         PUBLIC        _WriteData
  D:00A8H         PUBLIC        IE
  D:00B8H         PUBLIC        IP
  D:00D8H         PUBLIC        CCON
  B:00B0H.4       PUBLIC        LCD_D4
  B:00B0H.5       PUBLIC        LCD_D5
  B:00B0H.6       PUBLIC        LCD_D6
  C:3D49H         PUBLIC        _DisplayLCD
  B:00B0H.7       PUBLIC        LCD_D7
  D:0098H         PUBLIC        SCON
  D:0088H         PUBLIC        TCON
  C:3EA7H         PUBLIC        LCD_clear
  C:3AE9H         PUBLIC        _Command
  C:3DC6H         PUBLIC        _Display_Line
  C:396FH         PUBLIC        LCD_Init
  C:3CAEH         PUBLIC        _Wait_ms
  B:00C0H.0       PUBLIC        LCD_RS
  B:00B0H.2       PUBLIC        LCD_RW
  C:3E9DH         PUBLIC        LCD_return_home
  B:00B0H.3       PUBLIC        LCD_E
  D:00D0H         PUBLIC        PSW
  -------         PROC          LCD_INIT
  C:396FH         LINE#         9
  C:396FH         LINE#         10
  C:396FH         LINE#         11
  C:3972H         LINE#         12
  C:3975H         LINE#         14
  C:397BH         LINE#         15
  C:3980H         LINE#         17
  C:3987H         LINE#         18
  C:398CH         LINE#         20
  C:398FH         LINE#         21
  C:3994H         LINE#         23
  C:3997H         LINE#         24
  C:399CH         LINE#         26
  C:39A3H         LINE#         29
  C:39A8H         LINE#         30
  C:39ADH         LINE#         32
  C:39B2H         LINE#         33
  C:39B7H         LINE#         35
  C:39BCH         LINE#         36
  C:39C1H         LINE#         37
  -------         ENDPROC       LCD_INIT
  -------         PROC          _WRITEDATA
  X:0379H         SYMBOL        dat
  C:3831H         LINE#         40
  C:3836H         LINE#         41
  C:3836H         LINE#         46
  C:3838H         LINE#         47
  C:383AH         LINE#         49
  C:3848H         LINE#         50
  C:3854H         LINE#         51
  C:3860H         LINE#         52
BL51 BANKED LINKER/LOCATER V6.22                                                      02/15/2019  13:32:09  PAGE 16


  C:386AH         LINE#         53
  C:386CH         LINE#         54
  C:3873H         LINE#         55
  C:3875H         LINE#         57
  C:3885H         LINE#         58
  C:3890H         LINE#         59
  C:389AH         LINE#         60
  C:389EH         LINE#         62
  C:389EH         LINE#         63
  C:38A1H         LINE#         64
  C:38A3H         LINE#         65
  C:38A5H         LINE#         67
  -------         ENDPROC       _WRITEDATA
  -------         PROC          _COMMAND
  D:0007H         SYMBOL        dat
  C:3AE9H         LINE#         69
  C:3AE9H         LINE#         70
  C:3AE9H         LINE#         71
  C:3AEBH         LINE#         72
  C:3AEDH         LINE#         74
  C:3AF7H         LINE#         75
  C:3AFBH         LINE#         77
  C:3AFDH         LINE#         78
  C:3B06H         LINE#         79
  C:3B0AH         LINE#         81
  C:3B0CH         LINE#         82
  C:3B13H         LINE#         83
  C:3B17H         LINE#         85
  C:3B19H         LINE#         86
  C:3B1DH         LINE#         87
  C:3B21H         LINE#         89
  C:3B23H         LINE#         90
  C:3B23H         LINE#         91
  C:3B26H         LINE#         92
  C:3B28H         LINE#         93
  -------         ENDPROC       _COMMAND
  C:3CAAH         SYMBOL        L?0028
  -------         PROC          L?0027
  -------         ENDPROC       L?0027
  C:3CAAH         SYMBOL        L?0028
  -------         PROC          _WAIT_MS
  D:0006H         SYMBOL        ms
  -------         DO            
  D:0004H         SYMBOL        De_Cnt
  -------         ENDDO         
  C:3CAEH         LINE#         95
  C:3CAEH         LINE#         96
  C:3CAEH         LINE#         98
  C:3CB8H         LINE#         99
  C:3CB8H         LINE#         100
  C:3CCBH         LINE#         101
  C:3CCBH         LINE#         102
  -------         ENDPROC       _WAIT_MS
  -------         PROC          _DISPLAYLCD
  D:0007H         SYMBOL        BCD
  -------         DO            
  D:0006H         SYMBOL        first_digit
BL51 BANKED LINKER/LOCATER V6.22                                                      02/15/2019  13:32:09  PAGE 17


  X:041BH         SYMBOL        second_digit
  -------         ENDDO         
  C:3D49H         LINE#         103
  C:3D49H         LINE#         104
  C:3D49H         LINE#         106
  C:3D50H         LINE#         107
  C:3D59H         LINE#         109
  C:3D5EH         LINE#         111
  -------         ENDPROC       _DISPLAYLCD
  -------         PROC          LCD_RETURN_HOME
  C:3E9DH         LINE#         115
  C:3E9DH         LINE#         116
  C:3E9DH         LINE#         117
  C:3EA2H         LINE#         118
  -------         ENDPROC       LCD_RETURN_HOME
  -------         PROC          LCD_CLEAR
  C:3EA7H         LINE#         121
  C:3EA7H         LINE#         122
  C:3EA7H         LINE#         123
  C:3EACH         LINE#         124
  -------         ENDPROC       LCD_CLEAR
  -------         PROC          _DISPLAY_LINE
  D:0006H         SYMBOL        line
  C:3DC6H         LINE#         128
  C:3DC6H         LINE#         129
  C:3DC6H         LINE#         130
  C:3DCCH         LINE#         131
  C:3DCCH         LINE#         132
  C:3DCEH         LINE#         133
  C:3DCEH         LINE#         134
  C:3DD0H         LINE#         136
  C:3DD0H         LINE#         137
  C:3DD5H         LINE#         138
  C:3DDAH         LINE#         139
  C:3DDAH         LINE#         140
  -------         ENDPROC       _DISPLAY_LINE
  -------         ENDMOD        LCD_DRIVER_SPLC780D

  -------         MODULE        KEYPAD
  C:0000H         SYMBOL        _ICE_DUMMY_
  D:0093H         PUBLIC        P0M1
  D:0080H         PUBLIC        P0
  D:0090H         PUBLIC        P1
  D:00A0H         PUBLIC        P2
  D:00B0H         PUBLIC        P3
  D:00C0H         PUBLIC        P4
  D:00C8H         PUBLIC        P5
  B:0020H.0       PUBLIC        calib_mode
  D:00E8H         PUBLIC        P6
  D:00F8H         PUBLIC        P7
  D:00A8H         PUBLIC        IE
  C:27C7H         PUBLIC        Key_Scan
  D:00B8H         PUBLIC        IP
  D:00D8H         PUBLIC        CCON
  C:3E85H         PUBLIC        KeyPad_IO_Init
  C:3D2BH         PUBLIC        _Delay_ms
  D:0098H         PUBLIC        SCON
BL51 BANKED LINKER/LOCATER V6.22                                                      02/15/2019  13:32:09  PAGE 18


  D:0088H         PUBLIC        TCON
  B:0020H.1       PUBLIC        small_move
  B:0020H.2       PUBLIC        move
  B:0020H.3       PUBLIC        direction
  B:0020H.4       PUBLIC        auto_move
  C:2160H         PUBLIC        Key_Process
  D:00D0H         PUBLIC        PSW
  D:0094H         PUBLIC        P0M0
  -------         PROC          _DELAY_MS
  D:0006H         SYMBOL        ms
  -------         DO            
  D:0004H         SYMBOL        De_Cnt
  -------         ENDDO         
  C:3D2BH         LINE#         19
  C:3D2BH         LINE#         20
  C:3D2BH         LINE#         22
  C:3D35H         LINE#         23
  C:3D35H         LINE#         24
  C:3D48H         LINE#         25
  C:3D48H         LINE#         26
  -------         ENDPROC       _DELAY_MS
  -------         PROC          KEY_SCAN
  -------         DO            
  X:0415H         SYMBOL        KeyTemp1
  X:0416H         SYMBOL        KeyTemp2
  X:0417H         SYMBOL        KeyValue
  -------         ENDDO         
  C:27C7H         LINE#         27
  C:27C7H         LINE#         28
  C:27C7H         LINE#         33
  C:27CAH         LINE#         36
  C:27CDH         LINE#         38
  C:27D5H         LINE#         39
  C:27DCH         LINE#         40
  C:27DCH         LINE#         42
  C:27E1H         LINE#         43
  C:27E8H         LINE#         44
  C:27E8H         LINE#         47
  C:27EBH         LINE#         48
  C:27EEH         LINE#         49
  C:27F3H         LINE#         50
  C:27F7H         LINE#         51
  C:27F7H         LINE#         52
  C:27FFH         LINE#         53
  C:27FFH         LINE#         54
  C:2802H         LINE#         55
  C:280AH         LINE#         56
  C:280CH         LINE#         58
  C:2820H         LINE#         59
  C:2820H         LINE#         60
  C:2820H         LINE#         61
  C:2820H         LINE#         62
  C:2826H         LINE#         64
  C:2828H         LINE#         65
  C:2828H         LINE#         66
  C:2828H         LINE#         67
  C:282EH         LINE#         69
BL51 BANKED LINKER/LOCATER V6.22                                                      02/15/2019  13:32:09  PAGE 19


  C:2830H         LINE#         70
  C:2830H         LINE#         71
  C:2830H         LINE#         72
  C:2836H         LINE#         74
  C:2838H         LINE#         75
  C:2838H         LINE#         76
  C:2838H         LINE#         77
  C:283EH         LINE#         79
  C:283EH         LINE#         80
  C:283EH         LINE#         81
  C:283EH         LINE#         84
  C:2841H         LINE#         85
  C:2844H         LINE#         86
  C:284CH         LINE#         87
  C:2850H         LINE#         88
  C:2850H         LINE#         89
  C:2858H         LINE#         90
  C:2858H         LINE#         91
  C:285BH         LINE#         92
  C:2863H         LINE#         93
  C:2865H         LINE#         94
  C:2879H         LINE#         95
  C:2879H         LINE#         96
  C:2879H         LINE#         97
  C:2879H         LINE#         98
  C:287FH         LINE#         100
  C:2881H         LINE#         101
  C:2881H         LINE#         102
  C:2881H         LINE#         103
  C:2887H         LINE#         105
  C:2889H         LINE#         106
  C:2889H         LINE#         107
  C:2889H         LINE#         108
  C:288FH         LINE#         110
  C:2891H         LINE#         111
  C:2891H         LINE#         112
  C:2891H         LINE#         113
  C:2896H         LINE#         115
  C:2896H         LINE#         116
  C:2896H         LINE#         117
  C:2896H         LINE#         120
  C:2899H         LINE#         121
  C:289CH         LINE#         122
  C:28A4H         LINE#         123
  C:28A8H         LINE#         124
  C:28A8H         LINE#         125
  C:28B0H         LINE#         126
  C:28B0H         LINE#         127
  C:28B3H         LINE#         128
  C:28BBH         LINE#         129
  C:28BDH         LINE#         130
  C:28D1H         LINE#         131
  C:28D1H         LINE#         132
  C:28D1H         LINE#         133
  C:28D1H         LINE#         134
  C:28D7H         LINE#         136
  C:28D9H         LINE#         137
BL51 BANKED LINKER/LOCATER V6.22                                                      02/15/2019  13:32:09  PAGE 20


  C:28D9H         LINE#         138
  C:28D9H         LINE#         139
  C:28DFH         LINE#         141
  C:28E1H         LINE#         142
  C:28E1H         LINE#         143
  C:28E1H         LINE#         144
  C:28E7H         LINE#         146
  C:28E9H         LINE#         147
  C:28E9H         LINE#         148
  C:28E9H         LINE#         149
  C:28EFH         LINE#         151
  C:28EFH         LINE#         152
  C:28EFH         LINE#         153
  C:28EFH         LINE#         157
  C:28F2H         LINE#         158
  C:28F5H         LINE#         159
  C:28FDH         LINE#         160
  C:2901H         LINE#         161
  C:2901H         LINE#         162
  C:2909H         LINE#         163
  C:2909H         LINE#         164
  C:290CH         LINE#         165
  C:2914H         LINE#         166
  C:2916H         LINE#         167
  C:292AH         LINE#         168
  C:292AH         LINE#         169
  C:292AH         LINE#         170
  C:292AH         LINE#         171
  C:2930H         LINE#         173
  C:2932H         LINE#         174
  C:2932H         LINE#         175
  C:2932H         LINE#         176
  C:2938H         LINE#         178
  C:293AH         LINE#         179
  C:293AH         LINE#         180
  C:293AH         LINE#         181
  C:2940H         LINE#         183
  C:2942H         LINE#         184
  C:2942H         LINE#         185
  C:2942H         LINE#         186
  C:2948H         LINE#         188
  C:2948H         LINE#         189
  C:2948H         LINE#         190
  C:2948H         LINE#         192
  C:294EH         LINE#         193
  C:294EH         LINE#         195
  C:294EH         LINE#         196
  C:2951H         LINE#         197
  C:2951H         LINE#         198
  C:2951H         LINE#         200
  C:2951H         LINE#         201
  C:2953H         LINE#         202
  C:2953H         LINE#         203
  -------         ENDPROC       KEY_SCAN
  -------         PROC          KEY_PROCESS
  -------         DO            
  X:03DAH         SYMBOL        KeyCount
BL51 BANKED LINKER/LOCATER V6.22                                                      02/15/2019  13:32:09  PAGE 21


  X:03DCH         SYMBOL        KeyNum_Old
  X:03DDH         SYMBOL        KeyNum
  X:03DEH         SYMBOL        PressedKey
  X:03EBH         SYMBOL        d
  D:0004H         SYMBOL        hours
  D:0006H         SYMBOL        mins
  X:03EDH         SYMBOL        months
  X:03EFH         SYMBOL        days
  -------         ENDDO         
  C:2160H         LINE#         204
  C:2160H         LINE#         205
  C:2160H         LINE#         209
  C:2168H         LINE#         210
  C:2170H         LINE#         212
  C:2173H         LINE#         213
  C:2173H         LINE#         214
  C:2176H         LINE#         216
  C:2176H         LINE#         217
  C:2183H         LINE#         218
  C:2183H         LINE#         219
  C:2186H         LINE#         220
  C:2189H         LINE#         222
  C:218CH         LINE#         224
  C:218CH         LINE#         225
  C:2197H         LINE#         226
  C:2197H         LINE#         227
  C:219AH         LINE#         229
  C:219AH         LINE#         230
  C:21A1H         LINE#         231
  C:21A1H         LINE#         232
  C:21A4H         LINE#         234
  C:21A4H         LINE#         235
  C:21ACH         LINE#         236
  C:21ACH         LINE#         237
  C:21B6H         LINE#         238
  C:21BEH         LINE#         240
  C:21C7H         LINE#         242
  C:21C7H         LINE#         251
  C:21DCH         LINE#         252
  C:21DCH         LINE#         253
  C:21EEH         LINE#         254
  C:21FCH         LINE#         255
  C:220BH         LINE#         256
  C:220BH         LINE#         258
  C:2211H         LINE#         262
  C:2227H         LINE#         263
  C:2238H         LINE#         264
  C:2253H         LINE#         265
  C:2253H         LINE#         266
  C:2263H         LINE#         267
  C:2274H         LINE#         268
  C:2274H         LINE#         272
  C:228DH         LINE#         273
  C:22A4H         LINE#         274
  C:22C4H         LINE#         275
  C:22C4H         LINE#         276
  C:22CEH         LINE#         277
BL51 BANKED LINKER/LOCATER V6.22                                                      02/15/2019  13:32:09  PAGE 22


  C:22CEH         LINE#         278
  C:22D7H         LINE#         279
  C:22D7H         LINE#         280
  C:22EBH         LINE#         281
  C:22EBH         LINE#         282
  C:22EBH         LINE#         283
  C:22EBH         LINE#         284
  C:22EBH         LINE#         285
  C:22EDH         LINE#         287
  C:22EDH         LINE#         288
  C:22F9H         LINE#         289
  C:22F9H         LINE#         290
  C:230AH         LINE#         291
  C:230AH         LINE#         292
  C:230AH         LINE#         293
  C:230AH         LINE#         294
  C:230AH         LINE#         296
  C:230CH         LINE#         298
  C:230CH         LINE#         299
  C:231DH         LINE#         300
  C:231DH         LINE#         301
  C:231DH         LINE#         302
  C:231DH         LINE#         303
  C:231DH         LINE#         305
  C:231DH         LINE#         307
  C:231DH         LINE#         308
  C:231FH         LINE#         310
  C:231FH         LINE#         311
  C:2332H         LINE#         312
  C:2332H         LINE#         313
  C:2343H         LINE#         314
  C:2343H         LINE#         315
  C:2343H         LINE#         316
  C:2343H         LINE#         317
  C:2343H         LINE#         318
  C:2345H         LINE#         320
  C:2345H         LINE#         321
  C:2356H         LINE#         322
  C:2356H         LINE#         323
  C:2367H         LINE#         324
  C:2378H         LINE#         325
  C:2378H         LINE#         326
  C:2378H         LINE#         327
  C:2378H         LINE#         328
  C:2378H         LINE#         329
  C:237BH         LINE#         330
  C:2380H         LINE#         331
  C:2385H         LINE#         332
  C:238AH         LINE#         333
  C:238FH         LINE#         334
  C:2394H         LINE#         335
  C:2399H         LINE#         336
  C:239EH         LINE#         337
  C:239EH         LINE#         339
  C:23C0H         LINE#         340
  C:23C0H         LINE#         341
  C:23CAH         LINE#         342
BL51 BANKED LINKER/LOCATER V6.22                                                      02/15/2019  13:32:09  PAGE 23


  C:23CAH         LINE#         343
  C:23CFH         LINE#         344
  C:23D8H         LINE#         345
  C:23EFH         LINE#         346
  C:23EFH         LINE#         347
  C:23FFH         LINE#         349
  C:23FFH         LINE#         353
  -------         ENDPROC       KEY_PROCESS
  -------         PROC          KEYPAD_IO_INIT
  C:3E85H         LINE#         356
  C:3E85H         LINE#         357
  C:3E85H         LINE#         358
  C:3E88H         LINE#         359
  C:3E8BH         LINE#         360
  C:3E8EH         LINE#         361
  C:3E90H         LINE#         362
  -------         ENDPROC       KEYPAD_IO_INIT
  -------         ENDMOD        KEYPAD

  -------         MODULE        BIPOLARMOTOR
  C:0000H         SYMBOL        _ICE_DUMMY_
  D:0080H         PUBLIC        P0
  D:0090H         PUBLIC        P1
  D:00A0H         PUBLIC        P2
  D:00B0H         PUBLIC        P3
  D:00C0H         PUBLIC        P4
  D:00C8H         PUBLIC        P5
  D:00E8H         PUBLIC        P6
  D:00F8H         PUBLIC        P7
  X:00D4H         PUBLIC        low_date_azimuth_mapping
  D:00A8H         PUBLIC        IE
  C:314CH         PUBLIC        linear_interpolate
  C:3C59H         PUBLIC        _Move
  D:00B8H         PUBLIC        IP
  C:2629H         PUBLIC        _findDet3x3
  C:1BEFH         PUBLIC        _findDet4x4
  D:00D8H         PUBLIC        CCON
  X:00FCH         PUBLIC        previous_move_time
  D:0098H         PUBLIC        SCON
  D:0088H         PUBLIC        TCON
  C:3EC1H         PUBLIC        wait
  C:3B29H         PUBLIC        _Step_move
  X:00FDH         PUBLIC        dat
  C:000EH         PUBLIC        _Update_position
  C:39C8H         PUBLIC        vOneStepMove
  X:0103H         PUBLIC        elevation_stamp
  X:013FH         PUBLIC        date_azimuth_mapping
  X:0167H         PUBLIC        RX_pos
  C:3D70H         PUBLIC        _BCDtoDec1
  X:0177H         PUBLIC        degree
  D:00D0H         PUBLIC        PSW
  -------         PROC          L?0066
  -------         ENDPROC       L?0066
  -------         PROC          _BCDTODEC1
  D:0007H         SYMBOL        bcd
  -------         DO            
  D:0006H         SYMBOL        hi
BL51 BANKED LINKER/LOCATER V6.22                                                      02/15/2019  13:32:09  PAGE 24


  D:0007H         SYMBOL        lo
  -------         ENDDO         
  C:3D70H         LINE#         28
  C:3D70H         LINE#         29
  C:3D70H         LINE#         31
  C:3D75H         LINE#         32
  C:3D79H         LINE#         33
  C:3D80H         LINE#         34
  -------         ENDPROC       _BCDTODEC1
  -------         PROC          WAIT
  C:3EC1H         LINE#         36
  C:3EC1H         LINE#         38
  -------         ENDPROC       WAIT
  -------         PROC          VONESTEPMOVE
  B:0021H.0       SYMBOL        bDir
  C:39C8H         LINE#         40
  C:39C8H         LINE#         41
  C:39C8H         LINE#         43
  C:39CEH         LINE#         44
  C:39CEH         LINE#         45
  C:39D1H         LINE#         46
  C:39DAH         LINE#         47
  C:39E1H         LINE#         48
  C:39E6H         LINE#         49
  C:39E6H         LINE#         50
  C:39E6H         LINE#         52
  C:39E8H         LINE#         55
  C:39E8H         LINE#         56
  C:39EBH         LINE#         57
  C:39F4H         LINE#         58
  C:39FBH         LINE#         59
  C:3A01H         LINE#         60
  C:3A0AH         LINE#         61
  C:3A11H         LINE#         62
  C:3A11H         LINE#         66
  -------         ENDPROC       VONESTEPMOVE
  -------         PROC          _STEP_MOVE
  X:03FAH         SYMBOL        step
  B:0021H.1       SYMBOL        dir
  -------         DO            
  X:03FCH         SYMBOL        i
  -------         ENDDO         
  C:3B29H         LINE#         68
  C:3B31H         LINE#         69
  C:3B31H         LINE#         71
  C:3B36H         LINE#         74
  C:3B51H         LINE#         75
  C:3B51H         LINE#         76
  C:3B58H         LINE#         78
  C:3B68H         LINE#         80
  -------         ENDPROC       _STEP_MOVE
  -------         PROC          _MOVE
  X:03FEH         SYMBOL        distance
  B:0021H.2       SYMBOL        direction
  -------         DO            
  D:0006H         SYMBOL        step
  -------         ENDDO         
BL51 BANKED LINKER/LOCATER V6.22                                                      02/15/2019  13:32:09  PAGE 25


  C:3C59H         LINE#         82
  C:3C5FH         LINE#         83
  C:3C5FH         LINE#         86
  C:3C7AH         LINE#         87
  -------         ENDPROC       _MOVE
  C:260AH         SYMBOL        L?0062
  C:261EH         SYMBOL        L?0063
  -------         PROC          L?0061
  -------         ENDPROC       L?0061
  C:260AH         SYMBOL        L?0062
  C:261EH         SYMBOL        L?0063
  -------         PROC          _FINDDET3X3
  X:033BH         SYMBOL        a11
  X:033FH         SYMBOL        a12
  X:0343H         SYMBOL        a13
  X:0347H         SYMBOL        a21
  X:034BH         SYMBOL        a22
  X:034FH         SYMBOL        a23
  X:0353H         SYMBOL        a31
  X:0357H         SYMBOL        a32
  X:035BH         SYMBOL        a33
  C:2629H         LINE#         91
  C:262FH         LINE#         95
  C:262FH         LINE#         96
  C:27C6H         LINE#         98
  -------         ENDPROC       _FINDDET3X3
  -------         PROC          _FINDDET4X4
  X:02FBH         SYMBOL        a11
  X:02FFH         SYMBOL        a12
  X:0303H         SYMBOL        a13
  X:0307H         SYMBOL        a14
  X:030BH         SYMBOL        a21
  X:030FH         SYMBOL        a22
  X:0313H         SYMBOL        a23
  X:0317H         SYMBOL        a24
  X:031BH         SYMBOL        a31
  X:031FH         SYMBOL        a32
  X:0323H         SYMBOL        a33
  X:0327H         SYMBOL        a34
  X:032BH         SYMBOL        a41
  X:032FH         SYMBOL        a42
  X:0333H         SYMBOL        a43
  X:0337H         SYMBOL        a44
  C:1BEFH         LINE#         99
  C:1BF5H         LINE#         103
  C:1BF5H         LINE#         110
  C:1EAEH         LINE#         114
  -------         ENDPROC       _FINDDET4X4
  C:313BH         SYMBOL        L?0065
  -------         PROC          L?0064
  -------         ENDPROC       L?0064
  C:313BH         SYMBOL        L?0065
  -------         PROC          LINEAR_INTERPOLATE
  X:0399H         SYMBOL        p1
  X:03A1H         SYMBOL        p2
  X:03A9H         SYMBOL        x
  -------         DO            
BL51 BANKED LINKER/LOCATER V6.22                                                      02/15/2019  13:32:09  PAGE 26


  D:0004H         SYMBOL        fx
  -------         ENDDO         
  C:314CH         LINE#         120
  C:314CH         LINE#         121
  C:314CH         LINE#         124
  C:31EBH         LINE#         126
  C:31EBH         LINE#         127
  -------         ENDPROC       LINEAR_INTERPOLATE
  -------         PROC          _UPDATE_POSITION
  D:0001H         SYMBOL        mnths
  D:0002H         SYMBOL        dys
  X:017DH         SYMBOL        hurs
  X:017EH         SYMBOL        mns
  X:017FH         SYMBOL        sconds
  X:0180H         SYMBOL        currnt_pos
  X:0183H         SYMBOL        offset_calib
  -------         DO            
  X:0187H         SYMBOL        date
  X:0189H         SYMBOL        i
  X:018BH         SYMBOL        yy
  X:018DH         SYMBOL        desired_distance
  X:0191H         SYMBOL        distance
  X:0195H         SYMBOL        JP_pos
  X:0199H         SYMBOL        pos_interpolate_azimuth
  X:01D5H         SYMBOL        current_local_sun_time
  X:01D9H         SYMBOL        azimuth
  X:01DDH         SYMBOL        elevation
  X:01E1H         SYMBOL        time_offset
  X:01E5H         SYMBOL        UTC_time
  X:01E9H         SYMBOL        declination
  X:01EDH         SYMBOL        p1
  X:01F5H         SYMBOL        p2
  X:01FDH         SYMBOL        time
  X:020FH         SYMBOL        location
  X:0217H         SYMBOL        sunCoord
  -------         ENDDO         
  C:000EH         LINE#         131
  C:0017H         LINE#         134
  C:0017H         LINE#         135
  C:0022H         LINE#         137
  C:003EH         LINE#         138
  C:0048H         LINE#         146
  C:0052H         LINE#         147
  C:005CH         LINE#         148
  C:0066H         LINE#         149
  C:0071H         LINE#         150
  C:007CH         LINE#         151
  C:0095H         LINE#         152
  C:00A6H         LINE#         153
  C:00B5H         LINE#         156
  C:00C9H         LINE#         160
  C:011BH         LINE#         161
  C:027FH         LINE#         162
  C:02CFH         LINE#         164
  C:03F7H         LINE#         166
  C:04C6H         LINE#         173
  C:050DH         LINE#         174
BL51 BANKED LINKER/LOCATER V6.22                                                      02/15/2019  13:32:09  PAGE 27


  C:050DH         LINE#         176
  C:0527H         LINE#         177
  C:0527H         LINE#         178
  C:0597H         LINE#         179
  C:0597H         LINE#         180
  C:059EH         LINE#         181
  C:059EH         LINE#         182
  C:05CBH         LINE#         183
  C:05E6H         LINE#         185
  C:062DH         LINE#         186
  C:0661H         LINE#         188
  C:06A7H         LINE#         189
  C:06CAH         LINE#         191
  C:06CAH         LINE#         193
  C:0740H         LINE#         194
  C:0740H         LINE#         195
  C:0747H         LINE#         196
  C:0747H         LINE#         197
  C:0774H         LINE#         198
  C:078FH         LINE#         200
  C:07D6H         LINE#         201
  C:080AH         LINE#         203
  C:0850H         LINE#         204
  C:0870H         LINE#         206
  C:0870H         LINE#         207
  C:0881H         LINE#         210
  C:089BH         LINE#         211
  C:089BH         LINE#         212
  C:090BH         LINE#         213
  C:090BH         LINE#         214
  C:0938H         LINE#         215
  C:0953H         LINE#         217
  C:0980H         LINE#         218
  C:099BH         LINE#         220
  C:09CDH         LINE#         223
  C:09CDH         LINE#         225
  C:09DEH         LINE#         227
  C:0A0DH         LINE#         229
  C:0A32H         LINE#         230
  C:0A97H         LINE#         231
  C:0A97H         LINE#         232
  C:0AB1H         LINE#         233
  C:0AC3H         LINE#         234
  C:0ADBH         LINE#         235
  C:0AF1H         LINE#         237
  C:0B0DH         LINE#         238
  C:0B0DH         LINE#         239
  C:0B0DH         LINE#         242
  -------         ENDPROC       _UPDATE_POSITION
  -------         ENDMOD        BIPOLARMOTOR

  -------         MODULE        SUNPOS
  C:0000H         SYMBOL        _ICE_DUMMY_
  C:144DH         PUBLIC        sunpos
  -------         PROC          SUNPOS
  X:029EH         SYMBOL        udtTime
  X:02B0H         SYMBOL        udtLocation
BL51 BANKED LINKER/LOCATER V6.22                                                      02/15/2019  13:32:09  PAGE 28


  X:02B8H         SYMBOL        udtSunCoordinates
  -------         DO            
  X:02BBH         SYMBOL        dElapsedJulianDays
  X:02BFH         SYMBOL        dDecimalHours
  X:02C3H         SYMBOL        dEclipticLongitude
  X:02C7H         SYMBOL        dEclipticObliquity
  X:02CBH         SYMBOL        dRightAscension
  X:02CFH         SYMBOL        dDeclination
  X:02D3H         SYMBOL        dY
  X:02D7H         SYMBOL        dX
  -------         DO            
  X:02DBH         SYMBOL        dJulianDate
  X:02DFH         SYMBOL        liAux1
  X:02E3H         SYMBOL        liAux2
  X:02DBH         SYMBOL        dMeanLongitude
  X:02DFH         SYMBOL        dMeanAnomaly
  X:02E3H         SYMBOL        dOmega
  X:02DBH         SYMBOL        dSin_EclipticLongitude
  X:02DBH         SYMBOL        dGreenwichMeanSiderealTime
  X:02DFH         SYMBOL        dLocalMeanSiderealTime
  X:02E3H         SYMBOL        dLatitudeInRadians
  X:02E7H         SYMBOL        dHourAngle
  X:02EBH         SYMBOL        dCos_Latitude
  X:02EFH         SYMBOL        dSin_Latitude
  X:02F3H         SYMBOL        dCos_HourAngle
  X:02F7H         SYMBOL        dParallax
  -------         ENDDO         
  -------         DO            
  X:02DBH         SYMBOL        dMeanLongitude
  X:02DFH         SYMBOL        dMeanAnomaly
  X:02E3H         SYMBOL        dOmega
  X:02DBH         SYMBOL        dSin_EclipticLongitude
  X:02DBH         SYMBOL        dGreenwichMeanSiderealTime
  X:02DFH         SYMBOL        dLocalMeanSiderealTime
  X:02E3H         SYMBOL        dLatitudeInRadians
  X:02E7H         SYMBOL        dHourAngle
  X:02EBH         SYMBOL        dCos_Latitude
  X:02EFH         SYMBOL        dSin_Latitude
  X:02F3H         SYMBOL        dCos_HourAngle
  X:02F7H         SYMBOL        dParallax
  -------         ENDDO         
  -------         DO            
  X:02DBH         SYMBOL        dSin_EclipticLongitude
  X:02DBH         SYMBOL        dGreenwichMeanSiderealTime
  X:02DFH         SYMBOL        dLocalMeanSiderealTime
  X:02E3H         SYMBOL        dLatitudeInRadians
  X:02E7H         SYMBOL        dHourAngle
  X:02EBH         SYMBOL        dCos_Latitude
  X:02EFH         SYMBOL        dSin_Latitude
  X:02F3H         SYMBOL        dCos_HourAngle
  X:02F7H         SYMBOL        dParallax
  -------         ENDDO         
  -------         DO            
  X:02DBH         SYMBOL        dGreenwichMeanSiderealTime
  X:02DFH         SYMBOL        dLocalMeanSiderealTime
  X:02E3H         SYMBOL        dLatitudeInRadians
  X:02E7H         SYMBOL        dHourAngle
BL51 BANKED LINKER/LOCATER V6.22                                                      02/15/2019  13:32:09  PAGE 29


  X:02EBH         SYMBOL        dCos_Latitude
  X:02EFH         SYMBOL        dSin_Latitude
  X:02F3H         SYMBOL        dCos_HourAngle
  X:02F7H         SYMBOL        dParallax
  -------         ENDDO         
  -------         ENDDO         
  C:144DH         LINE#         6
  C:144DH         LINE#         7
  C:144DH         LINE#         9
  C:144DH         LINE#         27
  C:1497H         LINE#         30
  C:14B8H         LINE#         31
  C:15FFH         LINE#         34
  C:164BH         LINE#         36
  C:166AH         LINE#         37
  C:166AH         LINE#         42
  C:166AH         LINE#         46
  C:169CH         LINE#         47
  C:16C6H         LINE#         48
  C:16F0H         LINE#         49
  C:179DH         LINE#         52
  C:17FEH         LINE#         54
  C:17FEH         LINE#         59
  C:17FEH         LINE#         61
  C:1815H         LINE#         62
  C:183DH         LINE#         63
  C:1854H         LINE#         64
  C:187FH         LINE#         65
  C:18B6H         LINE#         66
  C:18E1H         LINE#         67
  C:18E1H         LINE#         70
  C:18E1H         LINE#         79
  C:191CH         LINE#         82
  C:1956H         LINE#         84
  C:197BH         LINE#         85
  C:199AH         LINE#         86
  C:19B1H         LINE#         87
  C:19C8H         LINE#         88
  C:19DFH         LINE#         89
  C:1A68H         LINE#         91
  C:1A82H         LINE#         92
  C:1AE4H         LINE#         93
  C:1B1AH         LINE#         94
  C:1B2CH         LINE#         95
  C:1B59H         LINE#         96
  C:1B86H         LINE#         98
  C:1BA8H         LINE#         100
  C:1BE0H         LINE#         103
  C:1BE0H         LINE#         104
  C:1BEEH         LINE#         105
  -------         ENDPROC       SUNPOS
  -------         ENDMOD        SUNPOS

  -------         MODULE        ADC
  C:0000H         SYMBOL        _ICE_DUMMY_
  D:0092H         PUBLIC        P1M0
  D:0091H         PUBLIC        P1M1
BL51 BANKED LINKER/LOCATER V6.22                                                      02/15/2019  13:32:09  PAGE 30


  D:0080H         PUBLIC        P0
  D:0090H         PUBLIC        P1
  D:00A0H         PUBLIC        P2
  D:00B0H         PUBLIC        P3
  D:00C0H         PUBLIC        P4
  D:00C8H         PUBLIC        P5
  D:00E8H         PUBLIC        P6
  D:00F8H         PUBLIC        P7
  D:00A8H         PUBLIC        IE
  D:00BDH         PUBLIC        ADC_RES
  D:00B8H         PUBLIC        IP
  D:0097H         PUBLIC        CLK_DIV
  D:00D8H         PUBLIC        CCON
  D:00BCH         PUBLIC        ADC_CONTR
  D:0098H         PUBLIC        SCON
  D:0088H         PUBLIC        TCON
  B:00A0H.4       PUBLIC        P24
  B:00A0H.5       PUBLIC        P25
  B:00A0H.6       PUBLIC        P26
  C:3D0CH         PUBLIC        ADC_Init
  C:3BD7H         PUBLIC        _ADC_GetResult
  D:009DH         PUBLIC        P1ASF
  D:00BEH         PUBLIC        ADC_RESL
  D:00D0H         PUBLIC        PSW
  -------         PROC          ADC_INIT
  C:3D0CH         LINE#         7
  C:3D0CH         LINE#         8
  C:3D0CH         LINE#         10
  C:3D0EH         LINE#         11
  C:3D10H         LINE#         12
  C:3D12H         LINE#         13
  C:3D15H         LINE#         14
  C:3D18H         LINE#         15
  C:3D1BH         LINE#         16
  C:3D1EH         LINE#         18
  C:3D20H         LINE#         19
  C:3D22H         LINE#         20
  C:3D25H         LINE#         22
  -------         ENDPROC       ADC_INIT
  -------         PROC          _ADC_GETRESULT
  D:0007H         SYMBOL        ch
  -------         DO            
  D:0006H         SYMBOL        ADC_Value_H
  D:0004H         SYMBOL        ADC_Value_L
  D:0006H         SYMBOL        ADC_Value
  -------         ENDDO         
  C:3BD7H         LINE#         27
  C:3BD7H         LINE#         28
  C:3BD7H         LINE#         30
  C:3BDCH         LINE#         31
  C:3BDDH         LINE#         32
  C:3BDEH         LINE#         33
  C:3BDFH         LINE#         34
  C:3BE0H         LINE#         35
  C:3BE5H         LINE#         36
  C:3BE8H         LINE#         37
  C:3BECH         LINE#         38
BL51 BANKED LINKER/LOCATER V6.22                                                      02/15/2019  13:32:09  PAGE 31


  C:3BF0H         LINE#         40
  C:3C02H         LINE#         41
  C:3C02H         LINE#         42
  -------         ENDPROC       _ADC_GETRESULT
  -------         ENDMOD        ADC

  -------         MODULE        CALIBRATION
  C:0000H         SYMBOL        _ICE_DUMMY_
  D:0080H         PUBLIC        P0
  D:0090H         PUBLIC        P1
  D:00A0H         PUBLIC        P2
  D:00B0H         PUBLIC        P3
  D:00C0H         PUBLIC        P4
  D:00C8H         PUBLIC        P5
  D:00E8H         PUBLIC        P6
  D:00F8H         PUBLIC        P7
  C:35F0H         PUBLIC        _Max_Value
  D:00A8H         PUBLIC        IE
  C:2F6AH         PUBLIC        _calibration
  C:31ECH         PUBLIC        voltage_is_stable
  D:00B8H         PUBLIC        IP
  D:00D8H         PUBLIC        CCON
  D:0098H         PUBLIC        SCON
  D:0088H         PUBLIC        TCON
  C:1EAFH         PUBLIC        _Find_Real_Max
  D:00D0H         PUBLIC        PSW
  -------         PROC          VOLTAGE_IS_STABLE
  -------         DO            
  X:0381H         SYMBOL        sample_voltage
  X:0395H         SYMBOL        i
  X:0397H         SYMBOL        ch
  -------         ENDDO         
  C:31ECH         LINE#         19
  C:31ECH         LINE#         20
  C:31ECH         LINE#         22
  C:31F3H         LINE#         23
  C:31F9H         LINE#         24
  C:31F9H         LINE#         25
  C:3222H         LINE#         26
  C:3241H         LINE#         28
  C:325BH         LINE#         29
  C:325BH         LINE#         30
  C:328EH         LINE#         31
  C:3292H         LINE#         32
  C:32A2H         LINE#         33
  C:32A6H         LINE#         34
  -------         ENDPROC       VOLTAGE_IS_STABLE
  -------         PROC          _FIND_REAL_MAX
  X:021AH         SYMBOL        current_position
  -------         DO            
  X:021DH         SYMBOL        ch
  X:021EH         SYMBOL        calib_step_move
  X:0222H         SYMBOL        voltage_at_scanned_pos
  X:029AH         SYMBOL        max_location
  X:029CH         SYMBOL        i
  -------         ENDDO         
  C:1EAFH         LINE#         35
BL51 BANKED LINKER/LOCATER V6.22                                                      02/15/2019  13:32:09  PAGE 32


  C:1EBAH         LINE#         36
  C:1EBAH         LINE#         37
  C:1EBDH         LINE#         38
  C:1EC5H         LINE#         42
  C:1EDEH         LINE#         43
  C:1EDEH         LINE#         44
  C:1EF3H         LINE#         45
  C:1F03H         LINE#         46
  C:1F0AH         LINE#         47
  C:1F0AH         LINE#         48
  C:1F15H         LINE#         49
  C:1F15H         LINE#         50
  C:1F28H         LINE#         51
  C:1F4EH         LINE#         52
  C:1F76H         LINE#         53
  C:1F79H         LINE#         55
  C:1F79H         LINE#         57
  C:1F8BH         LINE#         58
  C:1FABH         LINE#         61
  C:1FD2H         LINE#         63
  C:202EH         LINE#         64
  C:2031H         LINE#         65
  C:2031H         LINE#         69
  C:2036H         LINE#         70
  C:203BH         LINE#         72
  C:2040H         LINE#         73
  C:2045H         LINE#         74
  C:204AH         LINE#         75
  C:204FH         LINE#         78
  C:2086H         LINE#         79
  C:208BH         LINE#         80
  C:2090H         LINE#         81
  C:2097H         LINE#         82
  C:20B9H         LINE#         96
  C:20C8H         LINE#         97
  C:20C8H         LINE#         98
  C:20D9H         LINE#         100
  C:20FBH         LINE#         101
  C:2158H         LINE#         102
  C:215FH         LINE#         103
  C:215FH         LINE#         105
  -------         ENDPROC       _FIND_REAL_MAX
  -------         PROC          _MAX_VALUE
  D:0001H         SYMBOL        input
  -------         DO            
  D:0004H         SYMBOL        max
  X:0402H         SYMBOL        max_location
  X:0404H         SYMBOL        i
  -------         ENDDO         
  C:35F0H         LINE#         108
  C:35F0H         LINE#         109
  C:35F0H         LINE#         110
  C:35FBH         LINE#         112
  C:3610H         LINE#         113
  C:3610H         LINE#         114
  C:3646H         LINE#         115
  C:3663H         LINE#         116
BL51 BANKED LINKER/LOCATER V6.22                                                      02/15/2019  13:32:09  PAGE 33


  C:3672H         LINE#         117
  C:3683H         LINE#         118
  C:368BH         LINE#         120
  -------         ENDPROC       _MAX_VALUE
  -------         PROC          _CALIBRATION
  X:03ADH         SYMBOL        mnths
  X:03AEH         SYMBOL        dys
  X:03AFH         SYMBOL        hurs
  X:03B0H         SYMBOL        mns
  X:03B1H         SYMBOL        sconds
  X:03B2H         SYMBOL        currnt_pos
  -------         DO            
  X:03B5H         SYMBOL        calib_value
  X:03B9H         SYMBOL        theorical_max_pos
  X:03BDH         SYMBOL        JP_max_pos
  -------         ENDDO         
  C:2F6AH         LINE#         122
  C:2F75H         LINE#         125
  C:2F75H         LINE#         126
  C:2F7FH         LINE#         127
  C:2F93H         LINE#         129
  C:2F9DH         LINE#         130
  C:2F9DH         LINE#         132
  C:2FD3H         LINE#         133
  C:2FF1H         LINE#         135
  C:2FFAH         LINE#         136
  C:301DH         LINE#         137
  C:3039H         LINE#         138
  C:3048H         LINE#         139
  C:3048H         LINE#         141
  C:304DH         LINE#         142
  -------         ENDPROC       _CALIBRATION
  -------         ENDMOD        CALIBRATION

  -------         MODULE        IOEXPANDER_PI4IOE5V96248
  C:0000H         SYMBOL        _ICE_DUMMY_
  D:0080H         PUBLIC        P0
  B:00C8H.4       PUBLIC        I2C_SCK
  D:0090H         PUBLIC        P1
  D:00A0H         PUBLIC        P2
  D:00B0H         PUBLIC        P3
  D:00C0H         PUBLIC        P4
  D:00C8H         PUBLIC        P5
  D:00E8H         PUBLIC        P6
  D:00F8H         PUBLIC        P7
  D:00A8H         PUBLIC        IE
  D:00B8H         PUBLIC        IP
  D:00D8H         PUBLIC        CCON
  C:3E4BH         PUBLIC        I2C_Start
  D:0098H         PUBLIC        SCON
  D:0088H         PUBLIC        TCON
  C:3359H         PUBLIC        _Write_PI4IOE5V96248
  C:3E5AH         PUBLIC        uC_NACK
  C:3C10H         PUBLIC        _Wait_ms_i2c
  C:3C86H         PUBLIC        _I2C_SendByte
  C:3DDBH         PUBLIC        I2C_Stop
  C:3EC2H         PUBLIC        nop
BL51 BANKED LINKER/LOCATER V6.22                                                      02/15/2019  13:32:09  PAGE 34


  C:3EB1H         PUBLIC        uC_ACK
  C:3DB0H         PUBLIC        I2C_ACK
  B:00C0H.7       PUBLIC        I2C_SDA
  D:00D0H         PUBLIC        PSW
  C:3C0AH         SYMBOL        L?0031
  C:3C0CH         SYMBOL        L?0032
  -------         PROC          L?0030
  -------         ENDPROC       L?0030
  C:3C0AH         SYMBOL        L?0031
  C:3C0CH         SYMBOL        L?0032
  -------         PROC          _WAIT_MS_I2C
  D:0006H         SYMBOL        ms
  -------         DO            
  D:0004H         SYMBOL        De_Cnt
  -------         ENDDO         
  C:3C10H         LINE#         7
  C:3C10H         LINE#         8
  C:3C10H         LINE#         10
  C:3C1AH         LINE#         11
  C:3C1AH         LINE#         12
  C:3C2DH         LINE#         13
  C:3C2DH         LINE#         14
  -------         ENDPROC       _WAIT_MS_I2C
  -------         PROC          NOP
  C:3EC2H         LINE#         16
  C:3EC2H         LINE#         17
  C:3EC2H         LINE#         19
  -------         ENDPROC       NOP
  -------         PROC          I2C_START
  C:3E4BH         LINE#         20
  C:3E4BH         LINE#         21
  C:3E4BH         LINE#         23
  C:3E4DH         LINE#         24
  C:3E4FH         LINE#         25
  C:3E52H         LINE#         26
  C:3E54H         LINE#         27
[...]
  C:3938H         LINE#         36
  C:3938H         LINE#         37
  C:3938H         LINE#         38
  C:393BH         LINE#         39
  C:393FH         LINE#         42
  C:395EH         LINE#         44
  C:3960H         LINE#         45
  C:3967H         LINE#         46
  C:396EH         LINE#         48
  -------         ENDPROC       AT25SF041_CHIPERASE
  -------         PROC          AT25SF041_WRITEENABLE
  -------         DO            
  X:0379H         SYMBOL        i
  D:0003H         SYMBOL        write_en
  -------         ENDDO         
  C:3A5CH         LINE#         49
  C:3A5CH         LINE#         50
  C:3A5CH         LINE#         53
  C:3A5EH         LINE#         54
  C:3A60H         LINE#         57
  C:3A67H         LINE#         58
  C:3A67H         LINE#         59
  C:3A69H         LINE#         60
  C:3A6CH         LINE#         61
  C:3A70H         LINE#         62
  C:3A70H         LINE#         63
  C:3A72H         LINE#         64
  C:3A74H         LINE#         66
  C:3A74H         LINE#         67
  C:3A76H         LINE#         69
  C:3A76H         LINE#         70
  C:3A76H         LINE#         71
  C:3A76H         LINE#         72
  C:3A79H         LINE#         73
  C:3A7DH         LINE#         76
  C:3A9CH         LINE#         77
  C:3A9EH         LINE#         78
  -------         ENDPROC       AT25SF041_WRITEENABLE
  -------         PROC          _AT25SF041_WRITE
  D:0003H         SYMBOL        opcode
BL51 BANKED LINKER/LOCATER V6.22                                                      02/15/2019  13:32:09  PAGE 39


  X:037AH         SYMBOL        addr
  X:037EH         SYMBOL        dat
  -------         DO            
  X:037FH         SYMBOL        i
  -------         ENDDO         
  C:2E76H         LINE#         83
  C:2E78H         LINE#         84
  C:2E78H         LINE#         85
  C:2E78H         LINE#         86
  C:2E7AH         LINE#         87
  C:2E7DH         LINE#         90
  C:2E84H         LINE#         91
  C:2E84H         LINE#         92
  C:2E86H         LINE#         93
  C:2E89H         LINE#         94
  C:2E8DH         LINE#         95
  C:2E8DH         LINE#         96
  C:2E8FH         LINE#         97
  C:2E91H         LINE#         99
  C:2E91H         LINE#         100
  C:2E93H         LINE#         102
  C:2E93H         LINE#         103
  C:2E93H         LINE#         104
  C:2E93H         LINE#         105
  C:2E96H         LINE#         106
  C:2E9AH         LINE#         109
  C:2EB9H         LINE#         111
  C:2EC0H         LINE#         112
  C:2EC0H         LINE#         113
  C:2EC2H         LINE#         114
  C:2EC5H         LINE#         115
  C:2EDEH         LINE#         116
  C:2EDEH         LINE#         117
  C:2EE0H         LINE#         118
  C:2EE2H         LINE#         120
  C:2EE2H         LINE#         121
  C:2EE4H         LINE#         123
  C:2EE4H         LINE#         124
  C:2EE4H         LINE#         125
  C:2EE4H         LINE#         126
  C:2EE7H         LINE#         127
  C:2F00H         LINE#         129
  C:2F1FH         LINE#         131
  C:2F26H         LINE#         132
  C:2F26H         LINE#         133
  C:2F28H         LINE#         134
  C:2F2BH         LINE#         135
  C:2F32H         LINE#         136
  C:2F32H         LINE#         137
  C:2F34H         LINE#         138
  C:2F36H         LINE#         140
  C:2F36H         LINE#         141
  C:2F38H         LINE#         143
  C:2F38H         LINE#         144
  C:2F38H         LINE#         145
  C:2F38H         LINE#         146
  C:2F3BH         LINE#         147
BL51 BANKED LINKER/LOCATER V6.22                                                      02/15/2019  13:32:09  PAGE 40


  C:2F42H         LINE#         149
  C:2F61H         LINE#         151
  C:2F63H         LINE#         152
  -------         ENDPROC       _AT25SF041_WRITE
  -------         PROC          _AT25SF041_READ
  D:0003H         SYMBOL        opcode
  X:037AH         SYMBOL        addr
  -------         DO            
  X:037EH         SYMBOL        dat
  X:037FH         SYMBOL        i
  -------         ENDDO         
  C:2D70H         LINE#         156
  C:2D72H         LINE#         157
  C:2D72H         LINE#         158
  C:2D77H         LINE#         160
  C:2D79H         LINE#         161
  C:2D7FH         LINE#         165
  C:2D84H         LINE#         166
  C:2D84H         LINE#         167
  C:2D86H         LINE#         168
  C:2D89H         LINE#         169
  C:2D8DH         LINE#         170
  C:2D8DH         LINE#         171
  C:2D8FH         LINE#         172
  C:2D91H         LINE#         174
  C:2D91H         LINE#         175
  C:2D93H         LINE#         177
  C:2D93H         LINE#         178
  C:2D93H         LINE#         179
  C:2D93H         LINE#         180
  C:2D96H         LINE#         181
  C:2D9AH         LINE#         184
  C:2DB9H         LINE#         186
  C:2DC0H         LINE#         187
  C:2DC0H         LINE#         188
  C:2DC2H         LINE#         189
  C:2DC5H         LINE#         190
  C:2DDEH         LINE#         191
  C:2DDEH         LINE#         192
  C:2DE0H         LINE#         193
  C:2DE2H         LINE#         195
  C:2DE2H         LINE#         196
  C:2DE4H         LINE#         198
  C:2DE4H         LINE#         199
  C:2DE4H         LINE#         200
  C:2DE4H         LINE#         201
  C:2DE7H         LINE#         202
  C:2E00H         LINE#         204
  C:2E1FH         LINE#         207
  C:2E26H         LINE#         209
  C:2E28H         LINE#         210
  C:2E2FH         LINE#         212
  C:2E36H         LINE#         213
  C:2E36H         LINE#         214
  C:2E3DH         LINE#         215
  C:2E3DH         LINE#         216
  C:2E40H         LINE#         217
BL51 BANKED LINKER/LOCATER V6.22                                                      02/15/2019  13:32:09  PAGE 41


  C:2E42H         LINE#         218
  C:2E45H         LINE#         220
  C:2E48H         LINE#         221
  C:2E48H         LINE#         223
  C:2E4CH         LINE#         224
  C:2E4CH         LINE#         230
  C:2E6BH         LINE#         233
  C:2E6DH         LINE#         234
  C:2E70H         LINE#         235
  C:2E75H         LINE#         237
  -------         ENDPROC       _AT25SF041_READ
  -------         PROC          READ_STATUS_REGISTER_BYTE1
  -------         DO            
  D:0003H         SYMBOL        dat
  D:0001H         SYMBOL        opcode
  X:037BH         SYMBOL        count
  X:037CH         SYMBOL        i
  -------         ENDDO         
  C:34B2H         LINE#         241
  C:34B2H         LINE#         242
  C:34B2H         LINE#         243
  C:34B8H         LINE#         244
  C:34BCH         LINE#         245
  C:34BEH         LINE#         246
  C:34C0H         LINE#         247
  C:34C6H         LINE#         251
  C:34CDH         LINE#         252
  C:34CDH         LINE#         253
  C:34CFH         LINE#         254
  C:34D2H         LINE#         255
  C:34D6H         LINE#         256
  C:34D6H         LINE#         257
  C:34D8H         LINE#         258
  C:34DAH         LINE#         260
  C:34DAH         LINE#         261
  C:34DCH         LINE#         263
  C:34DCH         LINE#         264
  C:34DCH         LINE#         265
  C:34DCH         LINE#         266
  C:34DFH         LINE#         267
  C:34E3H         LINE#         270
  C:3502H         LINE#         274
  C:3509H         LINE#         276
  C:350BH         LINE#         277
  C:3512H         LINE#         278
  C:3519H         LINE#         279
  C:3519H         LINE#         280
  C:351DH         LINE#         281
  C:351DH         LINE#         282
  C:3520H         LINE#         283
  C:3522H         LINE#         284
  C:3525H         LINE#         286
  C:3528H         LINE#         287
  C:3528H         LINE#         289
  C:352CH         LINE#         290
  C:352CH         LINE#         292
  C:354BH         LINE#         296
BL51 BANKED LINKER/LOCATER V6.22                                                      02/15/2019  13:32:09  PAGE 42


  C:354DH         LINE#         297
  C:3550H         LINE#         298
  C:3552H         LINE#         299
  -------         ENDPROC       READ_STATUS_REGISTER_BYTE1
  -------         ENDMOD        AT25SF041

  -------         MODULE        ?C_STARTUP
  C:3721H         SEGMENT       ?C_C51STARTUP
  I:0022H         SEGMENT       ?STACK
  C:0000H         PUBLIC        ?C_STARTUP
  D:00E0H         SYMBOL        ACC
  D:00F0H         SYMBOL        B
  D:0083H         SYMBOL        DPH
  D:0082H         SYMBOL        DPL
  N:0000H         SYMBOL        IBPSTACK
  N:0100H         SYMBOL        IBPSTACKTOP
  N:0080H         SYMBOL        IDATALEN
  C:3724H         SYMBOL        IDATALOOP
  N:0000H         SYMBOL        PBPSTACK
  N:0100H         SYMBOL        PBPSTACKTOP
  N:0000H         SYMBOL        PDATALEN
  N:0000H         SYMBOL        PDATASTART
  N:0000H         SYMBOL        PPAGE
  N:0000H         SYMBOL        PPAGEENABLE
  D:00A0H         SYMBOL        PPAGE_SFR
  D:0081H         SYMBOL        SP
  C:3721H         SYMBOL        STARTUP1
  N:0000H         SYMBOL        XBPSTACK
  N:0000H         SYMBOL        XBPSTACKTOP
  N:0000H         SYMBOL        XDATALEN
  N:0000H         SYMBOL        XDATASTART
  C:0000H         LINE#         126
  C:3721H         LINE#         133
  C:3723H         LINE#         134
  C:3724H         LINE#         135
  C:3725H         LINE#         136
  C:3727H         LINE#         185
  C:372AH         LINE#         196
  -------         ENDMOD        ?C_STARTUP

  -------         MODULE        ?C?FPADD
  C:0B15H         PUBLIC        ?C?FPADD
  C:0B11H         PUBLIC        ?C?FPSUB
  -------         ENDMOD        ?C?FPADD

  -------         MODULE        ?C?FPMUL
  C:0C06H         PUBLIC        ?C?FPMUL
  -------         ENDMOD        ?C?FPMUL

  -------         MODULE        ?C?FPDIV
  C:0D0FH         PUBLIC        ?C?FPDIV
  -------         ENDMOD        ?C?FPDIV

  -------         MODULE        ?C?FPCMP
  C:0DAEH         PUBLIC        ?C?FPCMP
  C:0DACH         PUBLIC        ?C?FPCMP3
  -------         ENDMOD        ?C?FPCMP
BL51 BANKED LINKER/LOCATER V6.22                                                      02/15/2019  13:32:09  PAGE 43



  -------         MODULE        ?C?FPNEG
  C:0E25H         PUBLIC        ?C?FPNEG
  -------         ENDMOD        ?C?FPNEG

  -------         MODULE        ?C?FCAST
  C:0E40H         PUBLIC        ?C?FCASTC
  C:0E3BH         PUBLIC        ?C?FCASTI
  C:0E36H         PUBLIC        ?C?FCASTL
  -------         ENDMOD        ?C?FCAST

  -------         MODULE        ?C?CASTF
  C:0E74H         PUBLIC        ?C?CASTF
  -------         ENDMOD        ?C?CASTF

  -------         MODULE        ATAN2
  X:03E3H         PUBLIC        ?_atan2?BYTE
  C:3553H         PUBLIC        _atan2
  -------         ENDMOD        ATAN2

  -------         MODULE        SIN
  C:299CH         PUBLIC        _COS
  C:29B2H         PUBLIC        _SIN
  C:29EEH         PUBLIC        _TAN
  -------         ENDMOD        SIN

  -------         MODULE        ACOS
  C:3A12H         PUBLIC        _ACOS
  -------         ENDMOD        ACOS

  -------         MODULE        ASIN
  C:3B69H         PUBLIC        _ASIN
  -------         ENDMOD        ASIN

  -------         MODULE        SQRT
  C:340AH         PUBLIC        _SQRT
  -------         ENDMOD        SQRT

  -------         MODULE        ATAN
  C:2C6EH         PUBLIC        _ATAN
  -------         ENDMOD        ATAN

  -------         MODULE        ?C?COPY
  C:1012H         PUBLIC        ?C?COPY
  -------         ENDMOD        ?C?COPY

  -------         MODULE        ?C?CLDPTR
  C:1038H         PUBLIC        ?C?CLDPTR
  -------         ENDMOD        ?C?CLDPTR

  -------         MODULE        ?C?CLDOPTR
  C:1051H         PUBLIC        ?C?CLDOPTR
  -------         ENDMOD        ?C?CLDOPTR

  -------         MODULE        ?C?CSTPTR
  C:107EH         PUBLIC        ?C?CSTPTR
  -------         ENDMOD        ?C?CSTPTR
BL51 BANKED LINKER/LOCATER V6.22                                                      02/15/2019  13:32:09  PAGE 44



  -------         MODULE        ?C?IMUL
  C:1090H         PUBLIC        ?C?IMUL
  -------         ENDMOD        ?C?IMUL

  -------         MODULE        ?C?UIDIV
  C:10A2H         PUBLIC        ?C?UIDIV
  -------         ENDMOD        ?C?UIDIV

  -------         MODULE        ?C?SIDIV
  C:10F7H         PUBLIC        ?C?SIDIV
  -------         ENDMOD        ?C?SIDIV

  -------         MODULE        ?C?ILDIX
  C:112DH         PUBLIC        ?C?ILDIX
  -------         ENDMOD        ?C?ILDIX

  -------         MODULE        ?C?ILDOPTR
  C:1143H         PUBLIC        ?C?ILDOPTR
  -------         ENDMOD        ?C?ILDOPTR

  -------         MODULE        ?C?LMUL
  C:117BH         PUBLIC        ?C?LMUL
  -------         ENDMOD        ?C?LMUL

  -------         MODULE        ?C?SLDIV
  C:3AA5H         PUBLIC        ?C?SLDIV
  -------         ENDMOD        ?C?SLDIV

  -------         MODULE        ?C?LNEG
  C:11CAH         PUBLIC        ?C?LNEG
  -------         ENDMOD        ?C?LNEG

  -------         MODULE        ?C?ULCMP
  C:11D8H         PUBLIC        ?C?ULCMP
  -------         ENDMOD        ?C?ULCMP

  -------         MODULE        ?C?LSHL
  C:11E9H         PUBLIC        ?C?LSHL
  -------         ENDMOD        ?C?LSHL

  -------         MODULE        ?C?LLDPTR
  C:11FCH         PUBLIC        ?C?LLDPTR
  -------         ENDMOD        ?C?LLDPTR

  -------         MODULE        ?C?LLDOPTR
  C:121CH         PUBLIC        ?C?LLDOPTR
  -------         ENDMOD        ?C?LLDOPTR

  -------         MODULE        ?C?LSTPTR
  C:124CH         PUBLIC        ?C?LSTPTR
  -------         ENDMOD        ?C?LSTPTR

  -------         MODULE        ?C?LSTOPTR
  C:1266H         PUBLIC        ?C?LSTOPTR
  -------         ENDMOD        ?C?LSTOPTR

BL51 BANKED LINKER/LOCATER V6.22                                                      02/15/2019  13:32:09  PAGE 45


  -------         MODULE        ?C?LLDXDATA
  C:128AH         PUBLIC        ?C?LLDXDATA
  -------         ENDMOD        ?C?LLDXDATA

  -------         MODULE        ?C?LLDCODE
  C:1296H         PUBLIC        ?C?LLDCODE
  -------         ENDMOD        ?C?LLDCODE

  -------         MODULE        ?C?LLDXDATA0
  C:12A6H         PUBLIC        ?C?LLDXDATA0
  -------         ENDMOD        ?C?LLDXDATA0

  -------         MODULE        ?C?LLDCODE0
  C:12B2H         PUBLIC        ?C?LLDCODE0
  -------         ENDMOD        ?C?LLDCODE0

  -------         MODULE        ?C?LLDPTR0
  C:12C2H         PUBLIC        ?C?LLDPTR0
  -------         ENDMOD        ?C?LLDPTR0

  -------         MODULE        ?C?LSTXDATA
  C:12E2H         PUBLIC        ?C?LSTXDATA
  -------         ENDMOD        ?C?LSTXDATA

  -------         MODULE        ?C?LSTKXDATA
  C:12EEH         PUBLIC        ?C?LSTKXDATA
  -------         ENDMOD        ?C?LSTKXDATA

  -------         MODULE        ABS
  C:3E91H         PUBLIC        _ABS
  -------         ENDMOD        ABS

  -------         MODULE        ATOI
  C:304EH         PUBLIC        _atoi
  -------         ENDMOD        ATOI

  -------         MODULE        ?C?IILDX
  C:131FH         PUBLIC        ?C?IILDX
  -------         ENDMOD        ?C?IILDX

  -------         MODULE        ?C?ULDIV
  C:1371H         PUBLIC        ?C?ULDIV
  -------         ENDMOD        ?C?ULDIV

  -------         MODULE        ?C?LLDIDATA
  C:1403H         PUBLIC        ?C?LLDIDATA
  -------         ENDMOD        ?C?LLDIDATA

  -------         MODULE        ?C?LLDPDATA
  C:140FH         PUBLIC        ?C?LLDPDATA
  -------         ENDMOD        ?C?LLDPDATA

  -------         MODULE        ?C?LLDIDATA0
  C:141BH         PUBLIC        ?C?LLDIDATA0
  -------         ENDMOD        ?C?LLDIDATA0

  -------         MODULE        ?C?LLDPDATA0
BL51 BANKED LINKER/LOCATER V6.22                                                      02/15/2019  13:32:09  PAGE 46


  C:1428H         PUBLIC        ?C?LLDPDATA0
  -------         ENDMOD        ?C?LLDPDATA0

  -------         MODULE        ?C?LSTIDATA
  C:1435H         PUBLIC        ?C?LSTIDATA
  -------         ENDMOD        ?C?LSTIDATA

  -------         MODULE        ?C?LSTPDATA
  C:1441H         PUBLIC        ?C?LSTPDATA
  -------         ENDMOD        ?C?LSTPDATA

  -------         MODULE        ISDIGIT
  C:3E69H         PUBLIC        _isdigit
  -------         ENDMOD        ISDIGIT

  -------         MODULE        ISSPACE
  C:3E04H         PUBLIC        _isspace
  -------         ENDMOD        ISSPACE

*** WARNING L16: UNCALLED SEGMENT, IGNORED FOR OVERLAY PROCESS
    SEGMENT: ?PR?_DISPLAY_PROX?MAIN

*** WARNING L16: UNCALLED SEGMENT, IGNORED FOR OVERLAY PROCESS
    SEGMENT: ?PR?_READ_TIME?PCF85063BTL

*** WARNING L16: UNCALLED SEGMENT, IGNORED FOR OVERLAY PROCESS
    SEGMENT: ?PR?_DAY_OF_YEAR?PCF85063BTL

*** WARNING L16: UNCALLED SEGMENT, IGNORED FOR OVERLAY PROCESS
    SEGMENT: ?PR?INITUART1?UART1

*** WARNING L16: UNCALLED SEGMENT, IGNORED FOR OVERLAY PROCESS
    SEGMENT: ?PR?_SENDSTRING?UART1

*** WARNING L16: UNCALLED SEGMENT, IGNORED FOR OVERLAY PROCESS
    SEGMENT: ?PR?_TEN?UART1

*** WARNING L16: UNCALLED SEGMENT, IGNORED FOR OVERLAY PROCESS
    SEGMENT: ?PR?_UNIT?UART1

*** WARNING L16: UNCALLED SEGMENT, IGNORED FOR OVERLAY PROCESS
    SEGMENT: ?PR?_DECTOBCD?UART1

*** WARNING L16: UNCALLED SEGMENT, IGNORED FOR OVERLAY PROCESS
    SEGMENT: ?PR?_ASCII_LETTER?UART1

*** WARNING L16: UNCALLED SEGMENT, IGNORED FOR OVERLAY PROCESS
    SEGMENT: ?PR?_ASCIITOBCD?UART1

*** WARNING L16: UNCALLED SEGMENT, IGNORED FOR OVERLAY PROCESS
    SEGMENT: ?PR?_DISPLAYLCD?LCD_DRIVER_SPLC780D

*** WARNING L16: UNCALLED SEGMENT, IGNORED FOR OVERLAY PROCESS
    SEGMENT: ?PR?LCD_RETURN_HOME?LCD_DRIVER_SPLC780D

*** WARNING L16: UNCALLED SEGMENT, IGNORED FOR OVERLAY PROCESS
    SEGMENT: ?PR?KEY_PROCESS?KEYPAD
BL51 BANKED LINKER/LOCATER V6.22                                                      02/15/2019  13:32:09  PAGE 47



*** WARNING L16: UNCALLED SEGMENT, IGNORED FOR OVERLAY PROCESS
    SEGMENT: ?PR?WAIT?BIPOLARMOTOR

*** WARNING L16: UNCALLED SEGMENT, IGNORED FOR OVERLAY PROCESS
    SEGMENT: ?PR?_FINDDET4X4?BIPOLARMOTOR

*** WARNING L16: UNCALLED SEGMENT, IGNORED FOR OVERLAY PROCESS
    SEGMENT: ?PR?_CALIBRATION?CALIBRATION

*** WARNING L16: UNCALLED SEGMENT, IGNORED FOR OVERLAY PROCESS
    SEGMENT: ?PR?NOP?IOEXPANDER_PI4IOE5V96248

*** WARNING L16: UNCALLED SEGMENT, IGNORED FOR OVERLAY PROCESS
    SEGMENT: ?PR?UC_ACK?IOEXPANDER_PI4IOE5V96248

*** WARNING L16: UNCALLED SEGMENT, IGNORED FOR OVERLAY PROCESS
    SEGMENT: ?PR?UC_NACK?IOEXPANDER_PI4IOE5V96248

*** WARNING L1: UNRESOLVED EXTERNAL SYMBOL
    SYMBOL:  AUTO_MODE
    MODULE:  .\Obj\main.obj (MAIN)

*** WARNING L2: REFERENCE MADE TO UNRESOLVED EXTERNAL
    SYMBOL:  AUTO_MODE
    MODULE:  .\Obj\main.obj (MAIN)
    ADDRESS: 241CH

*** WARNING L1: UNRESOLVED EXTERNAL SYMBOL
    SYMBOL:  _SENDUART1
    MODULE:  .\Obj\UART1.obj (UART1)

*** WARNING L2: REFERENCE MADE TO UNRESOLVED EXTERNAL
    SYMBOL:  _SENDUART1
    MODULE:  .\Obj\UART1.obj (UART1)
    ADDRESS: 3BD2H

*** WARNING L1: UNRESOLVED EXTERNAL SYMBOL
    SYMBOL:  AUTO_MODE
    MODULE:  .\Obj\KeyPad.obj (KEYPAD)

*** WARNING L2: REFERENCE MADE TO UNRESOLVED EXTERNAL
    SYMBOL:  AUTO_MODE
    MODULE:  .\Obj\KeyPad.obj (KEYPAD)
    ADDRESS: 21ADH

*** WARNING L2: REFERENCE MADE TO UNRESOLVED EXTERNAL
    SYMBOL:  AUTO_MODE
    MODULE:  .\Obj\KeyPad.obj (KEYPAD)
    ADDRESS: 21B8H

*** WARNING L2: REFERENCE MADE TO UNRESOLVED EXTERNAL
    SYMBOL:  AUTO_MODE
    MODULE:  .\Obj\KeyPad.obj (KEYPAD)
    ADDRESS: 21BFH

Program Size: data=10.5 xdata=1055 code=16067
BL51 BANKED LINKER/LOCATER V6.22                                                      02/15/2019  13:32:09  PAGE 48


LINK/LOCATE RUN COMPLETE.  27 WARNING(S),  0 ERROR(S)
