BL51 BANKED LINKER/LOCATER V6.22                                                        05/28/2019  14:05:59  PAGE 1


BL51 BANKED LINKER/LOCATER V6.22, INVOKED BY:
C:\KEIL_V5\C51\BIN\BL51.EXE .\Obj\main.obj, .\Obj\PCF85063BTL.obj, .\Obj\LCd_Driver_SPLC780D.obj, .\Obj\KeyPad.obj, .\Ob
>> j\BipolarMotor.obj, .\Obj\SunPos.obj, .\Obj\ADC.obj, .\Obj\Calibration.obj, .\Obj\IOExpander_PI4IOE5V96248.obj, .\Obj
>> \AT25SF041.obj, .\Obj\SI1120.obj, .\Obj\UART1.obj, .\Obj\STARTUP.obj TO .\Obj\GPIO_RTC_Test PRINT (.\Lis\GPIO_RTC_Tes
>> t.m51) RAMSIZE (256)


MEMORY MODEL: LARGE WITH FLOATING POINT ARITHMETIC


INPUT MODULES INCLUDED:
  .\Obj\main.obj (MAIN)
  .\Obj\PCF85063BTL.obj (PCF85063BTL)
  .\Obj\LCd_Driver_SPLC780D.obj (LCD_DRIVER_SPLC780D)
  .\Obj\KeyPad.obj (KEYPAD)
  .\Obj\BipolarMotor.obj (BIPOLARMOTOR)
  .\Obj\SunPos.obj (SUNPOS)
  .\Obj\ADC.obj (ADC)
  .\Obj\Calibration.obj (CALIBRATION)
  .\Obj\IOExpander_PI4IOE5V96248.obj (IOEXPANDER_PI4IOE5V96248)
  .\Obj\AT25SF041.obj (AT25SF041)
  .\Obj\SI1120.obj (SI1120)
  .\Obj\UART1.obj (UART1)
  .\Obj\STARTUP.obj (?C_STARTUP)
  C:\KEIL_V5\C51\LIB\C51FPL.LIB (?C?FPADD)
  C:\KEIL_V5\C51\LIB\C51FPL.LIB (?C?FPMUL)
  C:\KEIL_V5\C51\LIB\C51FPL.LIB (?C?FPDIV)
  C:\KEIL_V5\C51\LIB\C51FPL.LIB (?C?FPCMP)
  C:\KEIL_V5\C51\LIB\C51FPL.LIB (?C?FPNEG)
  C:\KEIL_V5\C51\LIB\C51FPL.LIB (?C?FCAST)
  C:\KEIL_V5\C51\LIB\C51FPL.LIB (?C?CASTF)
  C:\KEIL_V5\C51\LIB\C51FPL.LIB (ATAN2)
  C:\KEIL_V5\C51\LIB\C51FPL.LIB (SIN)
  C:\KEIL_V5\C51\LIB\C51FPL.LIB (ACOS)
  C:\KEIL_V5\C51\LIB\C51FPL.LIB (ASIN)
  C:\KEIL_V5\C51\LIB\C51FPL.LIB (POW)
  C:\KEIL_V5\C51\LIB\C51FPL.LIB (?C?FPGETOPN)
  C:\KEIL_V5\C51\LIB\C51FPL.LIB (?C?CHKFLOAT)
  C:\KEIL_V5\C51\LIB\C51FPL.LIB (?C?FPSERIES)
  C:\KEIL_V5\C51\LIB\C51FPL.LIB (EXP)
  C:\KEIL_V5\C51\LIB\C51FPL.LIB (LOG)
  C:\KEIL_V5\C51\LIB\C51FPL.LIB (SQRT)
  C:\KEIL_V5\C51\LIB\C51FPL.LIB (ATAN)
  C:\KEIL_V5\C51\LIB\C51L.LIB (?C_INIT)
  C:\KEIL_V5\C51\LIB\C51L.LIB (?C?COPY)
  C:\KEIL_V5\C51\LIB\C51L.LIB (?C?CLDPTR)
  C:\KEIL_V5\C51\LIB\C51L.LIB (?C?CLDOPTR)
  C:\KEIL_V5\C51\LIB\C51L.LIB (?C?CSTPTR)
  C:\KEIL_V5\C51\LIB\C51L.LIB (?C?IMUL)
  C:\KEIL_V5\C51\LIB\C51L.LIB (?C?UIDIV)
  C:\KEIL_V5\C51\LIB\C51L.LIB (?C?SIDIV)
  C:\KEIL_V5\C51\LIB\C51L.LIB (?C?ILDIX)
  C:\KEIL_V5\C51\LIB\C51L.LIB (?C?ILDOPTR)
  C:\KEIL_V5\C51\LIB\C51L.LIB (?C?ISTPTR)
  C:\KEIL_V5\C51\LIB\C51L.LIB (?C?LMUL)
  C:\KEIL_V5\C51\LIB\C51L.LIB (?C?SLDIV)
  C:\KEIL_V5\C51\LIB\C51L.LIB (?C?LNEG)
  C:\KEIL_V5\C51\LIB\C51L.LIB (?C?ULCMP)
BL51 BANKED LINKER/LOCATER V6.22                                                      05/28/2019  14:05:59  PAGE 2


  C:\KEIL_V5\C51\LIB\C51L.LIB (?C?LSHL)
  C:\KEIL_V5\C51\LIB\C51L.LIB (?C?LLDPTR)
  C:\KEIL_V5\C51\LIB\C51L.LIB (?C?LLDOPTR)
  C:\KEIL_V5\C51\LIB\C51L.LIB (?C?LSTPTR)
  C:\KEIL_V5\C51\LIB\C51L.LIB (?C?LSTOPTR)
  C:\KEIL_V5\C51\LIB\C51L.LIB (?C?LLDXDATA)
  C:\KEIL_V5\C51\LIB\C51L.LIB (?C?LLDCODE)
  C:\KEIL_V5\C51\LIB\C51L.LIB (?C?LLDXDATA0)
  C:\KEIL_V5\C51\LIB\C51L.LIB (?C?LLDCODE0)
  C:\KEIL_V5\C51\LIB\C51L.LIB (?C?LLDPTR0)
  C:\KEIL_V5\C51\LIB\C51L.LIB (?C?LSTXDATA)
  C:\KEIL_V5\C51\LIB\C51L.LIB (?C?LSTKXDATA)
  C:\KEIL_V5\C51\LIB\C51L.LIB (?C?LSTKPTR)
  C:\KEIL_V5\C51\LIB\C51L.LIB (?C?OFFXADD)
  C:\KEIL_V5\C51\LIB\C51L.LIB (ATOI)
  C:\KEIL_V5\C51\LIB\C51L.LIB (?C?IILDX)
  C:\KEIL_V5\C51\LIB\C51L.LIB (?C?ULDIV)
  C:\KEIL_V5\C51\LIB\C51L.LIB (?C?LLDIDATA)
  C:\KEIL_V5\C51\LIB\C51L.LIB (?C?LLDPDATA)
  C:\KEIL_V5\C51\LIB\C51L.LIB (?C?LLDIDATA0)
  C:\KEIL_V5\C51\LIB\C51L.LIB (?C?LLDPDATA0)
  C:\KEIL_V5\C51\LIB\C51L.LIB (?C?LSTIDATA)
  C:\KEIL_V5\C51\LIB\C51L.LIB (?C?LSTPDATA)
  C:\KEIL_V5\C51\LIB\C51L.LIB (?C?LSTKIDATA)
  C:\KEIL_V5\C51\LIB\C51L.LIB (?C?LSTKPDATA)
  C:\KEIL_V5\C51\LIB\C51L.LIB (ISDIGIT)
  C:\KEIL_V5\C51\LIB\C51L.LIB (ISSPACE)


LINK MAP OF MODULE:  .\Obj\GPIO_RTC_Test (MAIN)


            TYPE    BASE      LENGTH    RELOCATION   SEGMENT NAME
            -----------------------------------------------------

            * * * * * * *   D A T A   M E M O R Y   * * * * * * *
            REG     0000H     0008H     ABSOLUTE     "REG BANK 0"
                    0008H     0018H                  *** GAP ***
            BIT     0020H.0   0000H.4   UNIT         _BIT_GROUP_
            BIT     0020H.4   0000H.1   UNIT         ?BI?MAIN
            BIT     0020H.5   0000H.1   UNIT         ?BI?_ATOI?ATOI
                    0020H.6   0000H.2                *** GAP ***
            IDATA   0021H     0001H     UNIT         ?STACK

            * * * * * * *  X D A T A   M E M O R Y  * * * * * * *
            XDATA   0000H     03BCH     UNIT         ?XD?BIPOLARMOTOR
            XDATA   03BCH     0123H     UNIT         _XDATA_GROUP_
            XDATA   04DFH     0101H     UNIT         ?XD?MAIN
            XDATA   05E0H     0019H     UNIT         ?XD?KEYPAD
            XDATA   05F9H     0008H     UNIT         ?XD?_AT25SF041_READ?AT25SF041
            XDATA   0601H     0005H     UNIT         ?XD?_ATOI?ATOI
            XDATA   0606H     0003H     UNIT         ?XD?_UART1_SENDTOTCPSERVER?UART1
            XDATA   0609H     0001H     UNIT         ?XD?UC_ACK?IOEXPANDER_PI4IOE5V96248
            XDATA   060AH     0001H     UNIT         ?XD?UC_NACK?IOEXPANDER_PI4IOE5V96248

            * * * * * * *   C O D E   M E M O R Y   * * * * * * *
            CODE    0000H     0003H     ABSOLUTE     
BL51 BANKED LINKER/LOCATER V6.22                                                      05/28/2019  14:05:59  PAGE 3


            CODE    0003H     0003H     ABSOLUTE     
            CODE    0006H     0005H     UNIT         ?PR?_UNIT?UART1
            CODE    000BH     0003H     ABSOLUTE     
            CODE    000EH     000DH     UNIT         ?PR?UART?MAIN
            CODE    001BH     0003H     ABSOLUTE     
            CODE    001EH     0005H     UNIT         ?PR?_ASCII_LETTER?UART1
            CODE    0023H     0003H     ABSOLUTE     
            CODE    0026H     0C7EH     UNIT         ?PR?MAIN?MAIN
            CODE    0CA4H     09D0H     UNIT         ?C?LIB_CODE
            CODE    1674H     07A2H     UNIT         ?PR?SUNPOS?SUNPOS
            CODE    1E16H     063CH     UNIT         ?PR?_UPDATE_POSITION?BIPOLARMOTOR
            CODE    2452H     04FCH     UNIT         ?PR?_FIND_REAL_MAX?CALIBRATION
            CODE    294EH     04FBH     UNIT         ?PR?_THEORICALJP_POSITION?BIPOLARMOTOR
            CODE    2E49H     040EH     UNIT         ?C_INITSEG
            CODE    3257H     038CH     UNIT         ?PR?KEY_PROCESS?KEYPAD
            CODE    35E3H     0380H     UNIT         ?PR?_ELEVATION_CALCULATION?BIPOLARMOTOR
            CODE    3963H     01C7H     UNIT         ?PR?_CALIBRATION?CALIBRATION
            CODE    3B2AH     018DH     UNIT         ?PR?KEY_SCAN?KEYPAD
            CODE    3CB7H     0189H     UNIT         ?PR?SPI_NOR_WRITE_DATA?AT25SF041
            CODE    3E40H     0188H     UNIT         ?PR?SIN?SIN
            CODE    3FC8H     0166H     UNIT         ?PR?_POW?POW
            CODE    412EH     0155H     UNIT         ?PR?_DISPLAY_POS?LCD_DRIVER_SPLC780D
            CODE    4283H     0129H     UNIT         ?PR?LOG?LOG
            CODE    43ACH     0122H     UNIT         ?PR?ATAN?ATAN
            CODE    44CEH     0110H     UNIT         ?PR?_AT25SF041_READ?AT25SF041
            CODE    45DEH     0102H     UNIT         ?PR?_AT25SF041_WRITE?AT25SF041
            CODE    46E0H     00F5H     UNIT         ?PR?EXINT0?MAIN
            CODE    47D5H     00DBH     UNIT         ?PR?_ATOI?ATOI
            CODE    48B0H     00C3H     UNIT         ?PR?LINEAR_INTERPOLATE?BIPOLARMOTOR
            CODE    4973H     00BBH     UNIT         ?PR?VOLTAGE_IS_STABLE?CALIBRATION
            CODE    4A2EH     00ADH     UNIT         ?PR?_WRITE_PI4IOE5V96248?IOEXPANDER_PI4IOE5V96248
            CODE    4ADBH     00ACH     UNIT         ?PR?SQRT?SQRT
            CODE    4B87H     00A1H     UNIT         ?PR?UCREAD_STATUS_REGISTER_BYTE1?AT25SF041
            CODE    4C28H     009DH     UNIT         ?PR?_ATAN2?ATAN2
            CODE    4CC5H     009CH     UNIT         ?PR?_MAX_VALUE?CALIBRATION
            CODE    4D61H     009AH     UNIT         ?PR?EXP?EXP
            CODE    4DFBH     008CH     UNIT         ?C_C51STARTUP
            CODE    4E87H     0088H     UNIT         ?PR?_DAY_OF_YEAR?PCF85063BTL
            CODE    4F0FH     0079H     UNIT         ?PR?_WRITEDATA?LCD_DRIVER_SPLC780D
            CODE    4F88H     0072H     UNIT         ?PR?AT25SF041_WRITEENABLE?AT25SF041
            CODE    4FFAH     006FH     UNIT         ?PR?_READ_TIME?PCF85063BTL
            CODE    5069H     005AH     UNIT         ?PR?AT25SF041_CHIPERASE?AT25SF041
            CODE    50C3H     0059H     UNIT         ?PR?LCD_INIT?LCD_DRIVER_SPLC780D
            CODE    511CH     004AH     UNIT         ?PR?VONESTEPMOVE?BIPOLARMOTOR
            CODE    5166H     004AH     UNIT         ?PR?ACOS?ACOS
            CODE    51B0H     0044H     UNIT         ?C?LDIV
            CODE    51F4H     0040H     UNIT         ?PR?_COMMAND?LCD_DRIVER_SPLC780D
            CODE    5234H     0040H     UNIT         ?PR?_STEP_MOVE?BIPOLARMOTOR
            CODE    5274H     003BH     UNIT         ?PR?ASIN?ASIN
            CODE    52AFH     0033H     UNIT         ?PR?_SENDSTRING?UART1
            CODE    52E2H     0031H     UNIT         ?PR?SI1120_CONFIG_MODE_VIRH?SI1120
            CODE    5313H     002BH     UNIT         ?PR?_WAIT_MS_I2C?IOEXPANDER_PI4IOE5V96248
            CODE    533EH     002BH     UNIT         ?PR?_WAIT_MS_SPINOR?AT25SF041
            CODE    5369H     002AH     UNIT         ?PR?_ADC_GETRESULT?ADC
            CODE    5393H     0028H     UNIT         ?PR?_MOVE?BIPOLARMOTOR
            CODE    53BBH     0027H     UNIT         ?PR?_I2C_SENDBYTE?IOEXPANDER_PI4IOE5V96248
            CODE    53E2H     0026H     UNIT         ?PR?_UART1_SENDTOTCPSERVER?UART1
BL51 BANKED LINKER/LOCATER V6.22                                                      05/28/2019  14:05:59  PAGE 4


            CODE    5408H     0025H     UNIT         ?PR?_FINDCLOSESTSAMEDAYCALIBTIME?CALIBRATION
            CODE    542DH     0024H     UNIT         ?PR?_WAIT_MS?LCD_DRIVER_SPLC780D
            CODE    5451H     0022H     UNIT         ?CO?UART1
            CODE    5473H     0021H     UNIT         ?PR?TM0_ISR?MAIN
            CODE    5494H     0020H     UNIT         ?PR?_SPI_SENDBYTE?PCF85063BTL
            CODE    54B4H     0020H     UNIT         ?PR?SPI_RECEIVEBYTE?PCF85063BTL
            CODE    54D4H     001EH     UNIT         ?PR?_DELAY_MS?KEYPAD
            CODE    54F2H     001DH     UNIT         ?PR?_DISPLAYLCD?LCD_DRIVER_SPLC780D
            CODE    550FH     001BH     UNIT         ?PR?_BCDTODEC1?BIPOLARMOTOR
            CODE    552AH     001AH     UNIT         ?PR?ADC_INIT?ADC
            CODE    5544H     0018H     UNIT         ?PR?_SPI_WRITETIME?PCF85063BTL
            CODE    555CH     0017H     UNIT         ?PR?_ASCIITOBCD?UART1
            CODE    5573H     0016H     UNIT         ?PR?I2C_ACK?IOEXPANDER_PI4IOE5V96248
            CODE    5589H     0015H     UNIT         ?PR?_DISPLAY_LINE?LCD_DRIVER_SPLC780D
            CODE    559EH     0015H     UNIT         ?PR?VSETLOCATION?BIPOLARMOTOR
            CODE    55B3H     0015H     UNIT         ?PR?I2C_STOP?IOEXPANDER_PI4IOE5V96248
            CODE    55C8H     0014H     UNIT         ?PR?_PCF85063BTL_DELAY?PCF85063BTL
            CODE    55DCH     0014H     UNIT         ?PR?_ABS?LCD_DRIVER_SPLC780D
            CODE    55F0H     0014H     UNIT         ?PR?_ISSPACE?ISSPACE
            CODE    5604H     0011H     UNIT         ?PR?_SPI_READTIME?PCF85063BTL
            CODE    5615H     0011H     UNIT         ?PR?_BCDTODEC?PCF85063BTL
            CODE    5626H     0011H     UNIT         ?PR?INITUART1?UART1
            CODE    5637H     000FH     UNIT         ?PR?I2C_START?IOEXPANDER_PI4IOE5V96248
            CODE    5646H     000FH     UNIT         ?PR?UC_NACK?IOEXPANDER_PI4IOE5V96248
            CODE    5655H     000FH     UNIT         ?PR?_ISDIGIT?ISDIGIT
            CODE    5664H     000DH     UNIT         ?PR?SPI_INIT?PCF85063BTL
            CODE    5671H     000DH     UNIT         ?PR?ENABLE_EXTINT0?SI1120
            CODE    567EH     000CH     UNIT         ?PR?KEYPAD_IO_INIT?KEYPAD
            CODE    568AH     000AH     UNIT         ?PR?LCD_RETURN_HOME?LCD_DRIVER_SPLC780D
            CODE    5694H     000AH     UNIT         ?PR?LCD_CLEAR?LCD_DRIVER_SPLC780D
            CODE    569EH     0009H     UNIT         ?PR?TM1_ISR?MAIN
            CODE    56A7H     0009H     UNIT         ?PR?UART1_INITTCPCONN?UART1
            CODE    56B0H     0006H     UNIT         ?PR?UC_ACK?IOEXPANDER_PI4IOE5V96248
            CODE    56B6H     0006H     UNIT         ?PR?_TEN?UART1
            CODE    56BCH     0003H     UNIT         ?CO?MAIN
            CODE    56BFH     0001H     UNIT         ?PR?NOP?IOEXPANDER_PI4IOE5V96248
            CODE    56C0H     0001H     UNIT         ?PR?_DECTOBCD?UART1



OVERLAY MAP OF MODULE:   .\Obj\GPIO_RTC_Test (MAIN)


SEGMENT                                             BIT_GROUP          XDATA_GROUP
  +--> CALLED SEGMENT                            START    LENGTH     START    LENGTH
------------------------------------------------------------------------------------
?PR?EXINT0?MAIN                                  -----    -----      -----    -----
  +--> ?PR?_POW?POW

?PR?_POW?POW                                     -----    -----      03BCH    000AH
  +--> ?PR?LOG?LOG
  +--> ?PR?EXP?EXP

?PR?LOG?LOG                                      0020H.0  0000H.1    03C6H    0004H

*** NEW ROOT ***************************************************

BL51 BANKED LINKER/LOCATER V6.22                                                      05/28/2019  14:05:59  PAGE 5


?C_C51STARTUP                                    -----    -----      -----    -----
  +--> ?PR?MAIN?MAIN
  +--> ?C_INITSEG

?PR?MAIN?MAIN                                    -----    -----      03CAH    002AH
  +--> ?PR?LCD_INIT?LCD_DRIVER_SPLC780D
  +--> ?PR?SPI_INIT?PCF85063BTL
  +--> ?PR?KEYPAD_IO_INIT?KEYPAD
  +--> ?PR?INITUART1?UART1
  +--> ?PR?ADC_INIT?ADC
  +--> ?PR?SI1120_CONFIG_MODE_VIRH?SI1120
  +--> ?PR?ENABLE_EXTINT0?SI1120
  +--> ?PR?VSETLOCATION?BIPOLARMOTOR
  +--> ?PR?_SPI_WRITETIME?PCF85063BTL
  +--> ?PR?_DELAY_MS?KEYPAD
  +--> ?PR?_DISPLAY_LINE?LCD_DRIVER_SPLC780D
  +--> ?PR?_WRITEDATA?LCD_DRIVER_SPLC780D
  +--> ?CO?MAIN
  +--> ?PR?_SENDSTRING?UART1
  +--> ?PR?KEY_PROCESS?KEYPAD
  +--> ?PR?_COMMAND?LCD_DRIVER_SPLC780D
  +--> ?PR?_DISPLAY_POS?LCD_DRIVER_SPLC780D
  +--> ?PR?_DISPLAYLCD?LCD_DRIVER_SPLC780D
  +--> ?PR?_STEP_MOVE?BIPOLARMOTOR
  +--> ?PR?LCD_RETURN_HOME?LCD_DRIVER_SPLC780D
  +--> ?PR?_READ_TIME?PCF85063BTL
  +--> ?PR?_BCDTODEC1?BIPOLARMOTOR
  +--> ?PR?_ELEVATION_CALCULATION?BIPOLARMOTOR
  +--> ?PR?SIN?SIN
  +--> ?PR?_CALIBRATION?CALIBRATION
  +--> ?PR?_UPDATE_POSITION?BIPOLARMOTOR
  +--> ?PR?AT25SF041_WRITEENABLE?AT25SF041
  +--> ?PR?_AT25SF041_WRITE?AT25SF041
  +--> ?PR?_WAIT_MS_SPINOR?AT25SF041
  +--> ?PR?_ADC_GETRESULT?ADC
  +--> ?PR?SPI_NOR_WRITE_DATA?AT25SF041
  +--> ?PR?LINEAR_INTERPOLATE?BIPOLARMOTOR
  +--> ?PR?_FINDCLOSESTSAMEDAYCALIBTIME?CALI...
  +--> ?PR?LCD_CLEAR?LCD_DRIVER_SPLC780D
  +--> ?PR?AT25SF041_CHIPERASE?AT25SF041

?PR?LCD_INIT?LCD_DRIVER_SPLC780D                 -----    -----      -----    -----
  +--> ?PR?_WAIT_MS?LCD_DRIVER_SPLC780D
  +--> ?PR?_COMMAND?LCD_DRIVER_SPLC780D

?PR?_COMMAND?LCD_DRIVER_SPLC780D                 -----    -----      -----    -----
  +--> ?PR?_WAIT_MS?LCD_DRIVER_SPLC780D

?PR?SI1120_CONFIG_MODE_VIRH?SI1120               -----    -----      -----    -----
  +--> ?PR?_WAIT_MS?LCD_DRIVER_SPLC780D

?PR?_SPI_WRITETIME?PCF85063BTL                   -----    -----      -----    -----
  +--> ?PR?_SPI_SENDBYTE?PCF85063BTL

?PR?_SPI_SENDBYTE?PCF85063BTL                    -----    -----      -----    -----
  +--> ?PR?_PCF85063BTL_DELAY?PCF85063BTL

BL51 BANKED LINKER/LOCATER V6.22                                                      05/28/2019  14:05:59  PAGE 6


?PR?_DISPLAY_LINE?LCD_DRIVER_SPLC780D            -----    -----      -----    -----
  +--> ?PR?_COMMAND?LCD_DRIVER_SPLC780D

?PR?_WRITEDATA?LCD_DRIVER_SPLC780D               -----    -----      04DEH    0001H
  +--> ?PR?_WAIT_MS?LCD_DRIVER_SPLC780D

?PR?_SENDSTRING?UART1                            -----    -----      03F4H    0003H

?PR?KEY_PROCESS?KEYPAD                           -----    -----      03F4H    0006H
  +--> ?PR?KEY_SCAN?KEYPAD
  +--> ?PR?_SPI_WRITETIME?PCF85063BTL
  +--> ?PR?LCD_CLEAR?LCD_DRIVER_SPLC780D
  +--> ?PR?_COMMAND?LCD_DRIVER_SPLC780D
  +--> ?PR?_WRITEDATA?LCD_DRIVER_SPLC780D

?PR?KEY_SCAN?KEYPAD                              -----    -----      03FAH    0003H

?PR?LCD_CLEAR?LCD_DRIVER_SPLC780D                -----    -----      -----    -----
  +--> ?PR?_COMMAND?LCD_DRIVER_SPLC780D

?PR?_DISPLAY_POS?LCD_DRIVER_SPLC780D             -----    -----      04D3H    000BH
  +--> ?PR?_ABS?LCD_DRIVER_SPLC780D
  +--> ?PR?_WRITEDATA?LCD_DRIVER_SPLC780D

?PR?_DISPLAYLCD?LCD_DRIVER_SPLC780D              -----    -----      03F4H    0001H
  +--> ?PR?_WRITEDATA?LCD_DRIVER_SPLC780D

?PR?_STEP_MOVE?BIPOLARMOTOR                      0020H.2  0000H.1    04D7H    0004H
  +--> ?PR?VONESTEPMOVE?BIPOLARMOTOR

?PR?VONESTEPMOVE?BIPOLARMOTOR                    0020H.3  0000H.1    -----    -----
  +--> ?PR?_WRITE_PI4IOE5V96248?IOEXPANDER_P...
  +--> ?PR?_DELAY_MS?KEYPAD

?PR?_WRITE_PI4IOE5V96248?IOEXPANDER_P...         -----    -----      04DBH    0003H
  +--> ?PR?I2C_START?IOEXPANDER_PI4IOE5V96248
  +--> ?PR?_WAIT_MS_I2C?IOEXPANDER_PI4IOE5V9...
  +--> ?PR?_I2C_SENDBYTE?IOEXPANDER_PI4IOE5V...
  +--> ?PR?I2C_ACK?IOEXPANDER_PI4IOE5V96248
  +--> ?PR?I2C_STOP?IOEXPANDER_PI4IOE5V96248

?PR?I2C_START?IOEXPANDER_PI4IOE5V96248           -----    -----      -----    -----
  +--> ?PR?_WAIT_MS_I2C?IOEXPANDER_PI4IOE5V9...

?PR?_I2C_SENDBYTE?IOEXPANDER_PI4IOE5V...         -----    -----      -----    -----
  +--> ?PR?_WAIT_MS_I2C?IOEXPANDER_PI4IOE5V9...

?PR?I2C_ACK?IOEXPANDER_PI4IOE5V96248             -----    -----      04DEH    0001H
  +--> ?PR?_WAIT_MS_I2C?IOEXPANDER_PI4IOE5V9...

?PR?I2C_STOP?IOEXPANDER_PI4IOE5V96248            -----    -----      -----    -----
  +--> ?PR?_WAIT_MS_I2C?IOEXPANDER_PI4IOE5V9...

?PR?LCD_RETURN_HOME?LCD_DRIVER_SPLC780D          -----    -----      -----    -----
  +--> ?PR?_COMMAND?LCD_DRIVER_SPLC780D

?PR?_READ_TIME?PCF85063BTL                       -----    -----      03F4H    000FH
BL51 BANKED LINKER/LOCATER V6.22                                                      05/28/2019  14:05:59  PAGE 7


  +--> ?PR?_SPI_READTIME?PCF85063BTL

?PR?_SPI_READTIME?PCF85063BTL                    -----    -----      -----    -----
  +--> ?PR?_SPI_SENDBYTE?PCF85063BTL
  +--> ?PR?SPI_RECEIVEBYTE?PCF85063BTL

?PR?SPI_RECEIVEBYTE?PCF85063BTL                  -----    -----      -----    -----
  +--> ?PR?_PCF85063BTL_DELAY?PCF85063BTL

?PR?_ELEVATION_CALCULATION?BIPOLARMOTOR          -----    -----      03F4H    0005H
  +--> ?PR?_BCDTODEC1?BIPOLARMOTOR
  +--> ?PR?SUNPOS?SUNPOS
  +--> ?PR?SIN?SIN
  +--> ?PR?ASIN?ASIN

?PR?SUNPOS?SUNPOS                                -----    -----      043EH    005DH
  +--> ?PR?SIN?SIN
  +--> ?PR?_ATAN2?ATAN2
  +--> ?PR?ASIN?ASIN
  +--> ?PR?ACOS?ACOS

?PR?SIN?SIN                                      0020H.1  0000H.1    049BH    0004H

?PR?_ATAN2?ATAN2                                 -----    -----      049BH    0008H
  +--> ?PR?ATAN?ATAN

?PR?ATAN?ATAN                                    0020H.1  0000H.2    04A3H    0004H

?PR?ASIN?ASIN                                    -----    -----      -----    -----
  +--> ?PR?SQRT?SQRT
  +--> ?PR?ATAN?ATAN

?PR?SQRT?SQRT                                    -----    -----      049BH    0004H

?PR?ACOS?ACOS                                    -----    -----      -----    -----
  +--> ?PR?SQRT?SQRT
  +--> ?PR?ATAN?ATAN

?PR?_CALIBRATION?CALIBRATION                     -----    -----      03F4H    0024H
  +--> ?PR?VOLTAGE_IS_STABLE?CALIBRATION
  +--> ?PR?_UPDATE_POSITION?BIPOLARMOTOR
  +--> ?PR?_FIND_REAL_MAX?CALIBRATION

?PR?VOLTAGE_IS_STABLE?CALIBRATION                -----    -----      0418H    0018H
  +--> ?PR?_ADC_GETRESULT?ADC
  +--> ?PR?_ABS?LCD_DRIVER_SPLC780D

?PR?_UPDATE_POSITION?BIPOLARMOTOR                -----    -----      0418H    0026H
  +--> ?PR?_BCDTODEC1?BIPOLARMOTOR
  +--> ?PR?SUNPOS?SUNPOS
  +--> ?PR?SIN?SIN
  +--> ?PR?ASIN?ASIN
  +--> ?PR?_THEORICALJP_POSITION?BIPOLARMOTOR
  +--> ?PR?_ABS?LCD_DRIVER_SPLC780D
  +--> ?PR?_MOVE?BIPOLARMOTOR

?PR?_THEORICALJP_POSITION?BIPOLARMOTOR           -----    -----      043EH    005CH
BL51 BANKED LINKER/LOCATER V6.22                                                      05/28/2019  14:05:59  PAGE 8


  +--> ?PR?LINEAR_INTERPOLATE?BIPOLARMOTOR

?PR?LINEAR_INTERPOLATE?BIPOLARMOTOR              -----    -----      049AH    0014H

?PR?_MOVE?BIPOLARMOTOR                           0020H.1  0000H.1    04D3H    0004H
  +--> ?PR?_STEP_MOVE?BIPOLARMOTOR

?PR?_FIND_REAL_MAX?CALIBRATION                   -----    -----      0418H    00BBH
  +--> ?PR?_ADC_GETRESULT?ADC
  +--> ?PR?_WAIT_MS?LCD_DRIVER_SPLC780D
  +--> ?PR?AT25SF041_WRITEENABLE?AT25SF041
  +--> ?PR?_AT25SF041_WRITE?AT25SF041
  +--> ?PR?_WAIT_MS_SPINOR?AT25SF041
  +--> ?PR?_COMMAND?LCD_DRIVER_SPLC780D
  +--> ?PR?_WRITEDATA?LCD_DRIVER_SPLC780D
  +--> ?PR?_DISPLAY_POS?LCD_DRIVER_SPLC780D
  +--> ?PR?_MOVE?BIPOLARMOTOR
  +--> ?PR?_MAX_VALUE?CALIBRATION

?PR?AT25SF041_WRITEENABLE?AT25SF041              -----    -----      04D3H    0002H
  +--> ?PR?_WAIT_MS_SPINOR?AT25SF041
  +--> ?PR?UCREAD_STATUS_REGISTER_BYTE1?AT25...

?PR?UCREAD_STATUS_REGISTER_BYTE1?AT25...         -----    -----      04DBH    0003H
  +--> ?PR?_WAIT_MS_SPINOR?AT25SF041

?PR?_AT25SF041_WRITE?AT25SF041                   -----    -----      04D3H    0008H
  +--> ?PR?_WAIT_MS_SPINOR?AT25SF041
  +--> ?PR?UCREAD_STATUS_REGISTER_BYTE1?AT25...

?PR?_MAX_VALUE?CALIBRATION                       -----    -----      04D3H    0004H

?PR?SPI_NOR_WRITE_DATA?AT25SF041                 -----    -----      03F4H    000EH
  +--> ?PR?AT25SF041_WRITEENABLE?AT25SF041
  +--> ?PR?_AT25SF041_WRITE?AT25SF041
  +--> ?PR?_WAIT_MS_SPINOR?AT25SF041

?PR?AT25SF041_CHIPERASE?AT25SF041                -----    -----      03F4H    0002H
  +--> ?PR?_WAIT_MS_SPINOR?AT25SF041
  +--> ?PR?UCREAD_STATUS_REGISTER_BYTE1?AT25...



UNRESOLVED EXTERNAL SYMBOLS:
   _SENDUART1



SYMBOL TABLE OF MODULE:  .\Obj\GPIO_RTC_Test (MAIN)

  VALUE           TYPE          NAME
  ----------------------------------

  -------         MODULE        MAIN
  C:0000H         SYMBOL        _ICE_DUMMY_
  X:04E7H         PUBLIC        calib_value
  D:0080H         PUBLIC        P0
BL51 BANKED LINKER/LOCATER V6.22                                                      05/28/2019  14:05:59  PAGE 9


  D:00B2H         PUBLIC        P3M0
  D:0090H         PUBLIC        P1
  D:00B1H         PUBLIC        P3M1
  D:00A0H         PUBLIC        P2
  D:00B0H         PUBLIC        P3
  D:00C0H         PUBLIC        P4
  D:00C8H         PUBLIC        P5
  X:053BH         SYMBOL        PressedKey
  B:00A8H.7       PUBLIC        EA
  D:00E8H         PUBLIC        P6
  X:053FH         PUBLIC        calib_stamp
  D:00F8H         PUBLIC        P7
  X:0540H         PUBLIC        calib_bool
  X:056AH         PUBLIC        pwm_time_min
  D:00A8H         PUBLIC        IE
  X:056EH         PUBLIC        calib_time
  X:05C2H         PUBLIC        pwm_time_max
  D:00B8H         PUBLIC        IP
  B:0098H.0       PUBLIC        RI
  B:00B0H.2       PUBLIC        INT0
  X:05C6H         PUBLIC        months
  B:0098H.1       PUBLIC        TI
  C:000EH         PUBLIC        Uart
  D:00D8H         PUBLIC        CCON
  C:0026H         PUBLIC        main
  X:05C7H         PUBLIC        count
  X:05C9H         PUBLIC        days
  X:05CAH         PUBLIC        hours
  D:0098H         PUBLIC        SCON
  D:0089H         PUBLIC        TMOD
  D:0088H         PUBLIC        TCON
  B:00A0H.3       PUBLIC        P23
  X:05CBH         SYMBOL        KeyCount
  X:05CDH         PUBLIC        mins
  B:00C8H.5       PUBLIC        P55
  D:008EH         PUBLIC        AUXR
  C:5473H         PUBLIC        tm0_isr
  B:0090H.5       PUBLIC        SI1120_STX
  C:569EH         PUBLIC        tm1_isr
  B:0020H.4       PUBLIC        busy
  B:00A8H.1       PUBLIC        ET0
  B:00A8H.3       PUBLIC        ET1
  X:05CEH         PUBLIC        SPI_NOR_INTERNAL_FLASH_ADDR
  D:008CH         PUBLIC        TH0
  D:008DH         PUBLIC        TH1
  D:008AH         PUBLIC        TL0
  D:008BH         PUBLIC        TL1
  B:0088H.4       PUBLIC        TR0
  B:0088H.6       PUBLIC        TR1
  C:46E0H         PUBLIC        exint0
  X:05D2H         SYMBOL        KeyNum
  X:05D3H         SYMBOL        KeyNum_Old
  X:05D4H         PUBLIC        timer0_count
  X:05D6H         PUBLIC        current_position
  X:05DAH         PUBLIC        pwm_time
  X:05DEH         PUBLIC        start_timer0_count
  X:05DFH         PUBLIC        seconds
BL51 BANKED LINKER/LOCATER V6.22                                                      05/28/2019  14:05:59  PAGE 10


  D:00D0H         PUBLIC        PSW
  -------         PROC          TM0_ISR
  C:5473H         LINE#         98
  C:5479H         LINE#         102
  C:547CH         LINE#         103
  C:547FH         LINE#         104
  C:548DH         LINE#         105
  -------         ENDPROC       TM0_ISR
  -------         PROC          TM1_ISR
  C:569EH         LINE#         106
  C:569EH         LINE#         108
  C:56A0H         LINE#         110
  C:56A3H         LINE#         111
  C:56A6H         LINE#         112
  -------         ENDPROC       TM1_ISR
  -------         PROC          EXINT0
  C:46E0H         LINE#         113
  C:46FDH         LINE#         117
  C:4700H         LINE#         118
  C:4700H         LINE#         119
  C:4703H         LINE#         120
  C:4706H         LINE#         121
  C:4708H         LINE#         122
  C:470AH         LINE#         126
  C:470DH         LINE#         129
  C:470DH         LINE#         130
  C:470FH         LINE#         132
  C:471BH         LINE#         133
  C:4775H         LINE#         134
  C:47B3H         LINE#         135
  C:47BAH         LINE#         140
  C:47BAH         LINE#         142
  -------         ENDPROC       EXINT0
  -------         PROC          MAIN
  -------         DO            
  X:04DFH         SYMBOL        KeyCount
  X:04E1H         SYMBOL        KeyNum_Old
  X:04E2H         SYMBOL        KeyNum
  X:04E3H         SYMBOL        PressedKey
  X:03CAH         SYMBOL        prox_flag
  X:03CBH         SYMBOL        iUse_prevday_calib_value
  X:03CDH         SYMBOL        max_ADC_Val_JP
  X:03CFH         SYMBOL        max_ADC_Val
  X:03D1H         SYMBOL        calib_point1
  X:03D9H         SYMBOL        calib_point2
  X:03E1H         SYMBOL        dat_to_store
  X:03ECH         SYMBOL        calib_day
  X:03EEH         SYMBOL        calib_count
  X:03F0H         SYMBOL        theorical_JP_max_pos
  D:0004H         SYMBOL        elevation
  -------         ENDDO         
  C:0026H         LINE#         144
  C:0026H         LINE#         145
  C:0026H         LINE#         150
  C:002CH         LINE#         151
  C:0031H         LINE#         153
  C:0039H         LINE#         157
BL51 BANKED LINKER/LOCATER V6.22                                                      05/28/2019  14:05:59  PAGE 11


  C:003FH         LINE#         158
  C:0049H         LINE#         165
  C:0051H         LINE#         166
  C:0058H         LINE#         167
  C:005EH         LINE#         169
  C:0064H         LINE#         178
  C:0066H         LINE#         179
  C:0069H         LINE#         180
  C:006CH         LINE#         181
  C:006FH         LINE#         182
  C:0072H         LINE#         183
  C:0075H         LINE#         184
  C:0078H         LINE#         186
  C:007BH         LINE#         189
  C:007EH         LINE#         190
  C:0081H         LINE#         192
  C:0084H         LINE#         194
  C:0087H         LINE#         195
  C:008AH         LINE#         196
  C:008DH         LINE#         197
  C:0090H         LINE#         198
  C:0093H         LINE#         199
  C:0096H         LINE#         200
  C:0098H         LINE#         201
  C:009AH         LINE#         203
  C:009CH         LINE#         204
  C:00A3H         LINE#         205
  C:00AAH         LINE#         206
  C:00B1H         LINE#         207
  C:00B8H         LINE#         211
  C:00BFH         LINE#         212
  C:00C4H         LINE#         213
  C:00C9H         LINE#         214
  C:00CEH         LINE#         215
  C:00D3H         LINE#         216
  C:00D8H         LINE#         219
  C:00F1H         LINE#         220
  C:00F1H         LINE#         221
  C:010DH         LINE#         222
  C:0154H         LINE#         223
  C:0165H         LINE#         226
  C:016EH         LINE#         227
  C:016EH         LINE#         228
  C:016EH         LINE#         229
  C:0171H         LINE#         233
  C:0171H         LINE#         237
  C:0176H         LINE#         238
  C:017BH         LINE#         240
  C:0180H         LINE#         242
  C:0185H         LINE#         243
  C:018AH         LINE#         245
  C:019BH         LINE#         248
  C:01A0H         LINE#         249
  C:01A5H         LINE#         251
  C:01ACH         LINE#         252
  C:01B4H         LINE#         253
  C:01B9H         LINE#         254
BL51 BANKED LINKER/LOCATER V6.22                                                      05/28/2019  14:05:59  PAGE 12


  C:01C1H         LINE#         255
  C:01C6H         LINE#         256
  C:01D0H         LINE#         257
  C:01D5H         LINE#         258
  C:01DDH         LINE#         260
  C:01E5H         LINE#         261
  C:01EAH         LINE#         262
  C:01F4H         LINE#         263
  C:01F4H         LINE#         264
  C:01F6H         LINE#         265
  C:01F8H         LINE#         266
  C:0202H         LINE#         267
  C:0202H         LINE#         268
  C:0207H         LINE#         269
  C:0207H         LINE#         281
  C:021BH         LINE#         282
  C:021BH         LINE#         283
  C:0230H         LINE#         284
  C:023FH         LINE#         285
  C:023FH         LINE#         286
  C:0252H         LINE#         287
  C:0254H         LINE#         289
  C:0254H         LINE#         290
  C:0270H         LINE#         291
  C:0270H         LINE#         292
  C:0275H         LINE#         293
  C:0275H         LINE#         294
  C:0289H         LINE#         295
  C:0289H         LINE#         298
  C:029EH         LINE#         299
  C:02ADH         LINE#         300
  C:02ADH         LINE#         301
  C:02C0H         LINE#         302
  C:02C2H         LINE#         304
  C:02C2H         LINE#         305
  C:02DEH         LINE#         306
  C:02DEH         LINE#         307
  C:02E3H         LINE#         308
  C:02E9H         LINE#         309
  C:02E9H         LINE#         311
  C:030BH         LINE#         312
  C:030BH         LINE#         313
  C:0315H         LINE#         314
  C:031BH         LINE#         315
  C:0322H         LINE#         316
  C:0328H         LINE#         317
  C:032FH         LINE#         318
  C:032FH         LINE#         319
  C:0332H         LINE#         321
  C:0332H         LINE#         326
  C:036DH         LINE#         330
  C:037AH         LINE#         331
  C:037AH         LINE#         335
  C:037AH         LINE#         336
  C:03A2H         LINE#         337
  C:03A2H         LINE#         338
  C:03C4H         LINE#         339
BL51 BANKED LINKER/LOCATER V6.22                                                      05/28/2019  14:05:59  PAGE 13


  C:03C4H         LINE#         341
  C:03E4H         LINE#         345
  C:0413H         LINE#         353
  C:0413H         LINE#         354
  C:048FH         LINE#         355
  C:04A8H         LINE#         356
  C:0532H         LINE#         358
  C:0563H         LINE#         359
  C:0563H         LINE#         361
  C:0599H         LINE#         362
  C:05BCH         LINE#         363
  C:05D1H         LINE#         366
  C:05D1H         LINE#         367
  C:05D4H         LINE#         369
  C:05D4H         LINE#         371
  C:05DBH         LINE#         372
  C:05DBH         LINE#         373
  C:05DEH         LINE#         374
  C:05FCH         LINE#         375
  C:0603H         LINE#         376
  C:0622H         LINE#         377
  C:0641H         LINE#         379
  C:06BDH         LINE#         380
  C:06D5H         LINE#         383
  C:072DH         LINE#         384
  C:0768H         LINE#         385
  C:0775H         LINE#         386
  C:0784H         LINE#         387
  C:0784H         LINE#         389
  C:078CH         LINE#         390
  C:0794H         LINE#         391
  C:079CH         LINE#         392
  C:07A4H         LINE#         394
  C:07B8H         LINE#         395
  C:07CEH         LINE#         396
  C:07FEH         LINE#         397
  C:081EH         LINE#         399
  C:0832H         LINE#         400
  C:0848H         LINE#         401
  C:0878H         LINE#         402
  C:087FH         LINE#         404
  C:08A3H         LINE#         407
  C:08A5H         LINE#         409
  C:08B3H         LINE#         410
  C:08B3H         LINE#         411
  C:08BBH         LINE#         413
  C:08BBH         LINE#         416
  C:08BBH         LINE#         417
  C:08C8H         LINE#         418
  C:08C8H         LINE#         419
  C:08EAH         LINE#         420
  C:08EAH         LINE#         421
  C:0966H         LINE#         422
  C:09BBH         LINE#         423
  C:09BBH         LINE#         425
  C:09BEH         LINE#         429
  C:09BEH         LINE#         432
BL51 BANKED LINKER/LOCATER V6.22                                                      05/28/2019  14:05:59  PAGE 14


  C:09E0H         LINE#         433
  C:09E0H         LINE#         434
  C:0A5CH         LINE#         436
  C:0A89H         LINE#         437
  C:0AA4H         LINE#         438
  C:0AD1H         LINE#         439
  C:0B04H         LINE#         440
  C:0B04H         LINE#         441
  C:0B2EH         LINE#         442
  C:0BC7H         LINE#         443
  C:0BC9H         LINE#         445
  C:0BC9H         LINE#         446
  C:0C2CH         LINE#         447
  C:0C2CH         LINE#         451
  C:0C2CH         LINE#         453
  C:0C2CH         LINE#         454
  C:0C2CH         LINE#         456
  C:0C2CH         LINE#         459
  C:0C48H         LINE#         460
  C:0C4CH         LINE#         462
  C:0C4EH         LINE#         465
  C:0C5DH         LINE#         466
  C:0C5DH         LINE#         467
  C:0C60H         LINE#         468
  C:0C67H         LINE#         469
  C:0C6CH         LINE#         470
  C:0C71H         LINE#         471
  C:0C76H         LINE#         472
  C:0C7BH         LINE#         473
  C:0C80H         LINE#         483
  C:0C83H         LINE#         485
  C:0C86H         LINE#         486
  C:0C8DH         LINE#         487
  C:0C97H         LINE#         488
  C:0C9EH         LINE#         490
  C:0CA1H         LINE#         499
  C:0CA1H         LINE#         500
  -------         ENDPROC       MAIN
  -------         PROC          UART
  C:000EH         LINE#         514
  C:000EH         LINE#         516
  C:0011H         LINE#         517
  C:0011H         LINE#         519
  C:0013H         LINE#         521
  C:0013H         LINE#         522
  C:0016H         LINE#         523
  C:0016H         LINE#         524
  C:0018H         LINE#         525
  C:001AH         LINE#         526
  C:001AH         LINE#         527
  -------         ENDPROC       UART
  -------         ENDMOD        MAIN

  -------         MODULE        PCF85063BTL
  C:0000H         SYMBOL        _ICE_DUMMY_
  D:0096H         PUBLIC        P2M0
  D:0080H         PUBLIC        P0
BL51 BANKED LINKER/LOCATER V6.22                                                      05/28/2019  14:05:59  PAGE 15


  D:0095H         PUBLIC        P2M1
  D:0090H         PUBLIC        P1
  D:00A0H         PUBLIC        P2
  D:00B0H         PUBLIC        P3
  D:00C0H         PUBLIC        P4
  D:00C8H         PUBLIC        P5
  D:00E8H         PUBLIC        P6
  B:00A0H.1       PUBLIC        PCF85063BTL_SDI
  D:00F8H         PUBLIC        P7
  B:00A0H.2       PUBLIC        PCF85063BTL_SCK
  B:00A0H.1       PUBLIC        PCF85063BTL_SDO
  D:00A8H         PUBLIC        IE
  C:4FFAH         PUBLIC        _Read_time
  C:55CEH         PUBLIC        _PCF85063BTL_Delay
  D:00B8H         PUBLIC        IP
  D:00D8H         PUBLIC        CCON
  C:4E87H         PUBLIC        _Day_Of_Year
  C:54B4H         PUBLIC        SPI_ReceiveByte
  D:0098H         PUBLIC        SCON
  D:0088H         PUBLIC        TCON
  C:5615H         PUBLIC        _BCDtoDec
  B:00A0H.0       PUBLIC        PCF85063BTL_CS
  C:5604H         PUBLIC        _SPI_ReadTime
  C:5664H         PUBLIC        SPI_Init
  C:5544H         PUBLIC        _SPI_WriteTime
  C:5494H         PUBLIC        _SPI_SendByte
  D:00D0H         PUBLIC        PSW
  C:55CAH         SYMBOL        L?0048
  -------         PROC          L?0047
  -------         ENDPROC       L?0047
  C:55CAH         SYMBOL        L?0048
  -------         PROC          _PCF85063BTL_DELAY
  D:0006H         SYMBOL        us
  C:55CEH         LINE#         8
  C:55CEH         LINE#         9
  C:55CEH         LINE#         10
  C:55D8H         LINE#         11
  C:55D8H         LINE#         12
  C:55D9H         LINE#         13
  C:55DBH         LINE#         14
  -------         ENDPROC       _PCF85063BTL_DELAY
  -------         PROC          _SPI_SENDBYTE
  D:0005H         SYMBOL        dat
  -------         DO            
  D:0003H         SYMBOL        i
  -------         ENDDO         
  C:5494H         LINE#         17
  C:5496H         LINE#         18
  C:5496H         LINE#         20
  C:5498H         LINE#         21
  C:5498H         LINE#         22
  C:549AH         LINE#         23
  C:549EH         LINE#         24
  C:549EH         LINE#         25
  C:54A0H         LINE#         26
  C:54A2H         LINE#         28
  C:54A2H         LINE#         29
BL51 BANKED LINKER/LOCATER V6.22                                                      05/28/2019  14:05:59  PAGE 16


  C:54A4H         LINE#         30
  C:54A4H         LINE#         31
  C:54A7H         LINE#         32
  C:54A7H         LINE#         33
  C:54AAH         LINE#         34
  C:54AEH         LINE#         35
  C:54B3H         LINE#         36
  -------         ENDPROC       _SPI_SENDBYTE
  -------         PROC          SPI_RECEIVEBYTE
  -------         DO            
  D:0003H         SYMBOL        i
  D:0005H         SYMBOL        dat
  -------         ENDDO         
  C:54B4H         LINE#         39
  C:54B4H         LINE#         40
  C:54B4H         LINE#         42
  C:54B6H         LINE#         44
  C:54B8H         LINE#         45
  C:54B9H         LINE#         46
  C:54B9H         LINE#         47
  C:54BDH         LINE#         48
  C:54BFH         LINE#         49
  C:54C2H         LINE#         51
  C:54C5H         LINE#         52
  C:54C5H         LINE#         53
  C:54C9H         LINE#         54
  C:54C9H         LINE#         55
  C:54C9H         LINE#         56
  C:54CCH         LINE#         57
  C:54D1H         LINE#         58
  C:54D3H         LINE#         59
  -------         ENDPROC       SPI_RECEIVEBYTE
  -------         PROC          _SPI_READTIME
  D:0007H         SYMBOL        addr
  -------         DO            
  D:0006H         SYMBOL        dat
  -------         ENDDO         
  C:5604H         LINE#         61
  C:5604H         LINE#         62
  C:5604H         LINE#         64
  C:5606H         LINE#         65
  C:5608H         LINE#         66
  C:560FH         LINE#         67
  C:5612H         LINE#         68
  C:5614H         LINE#         69
  C:5614H         LINE#         70
  -------         ENDPROC       _SPI_READTIME
  -------         PROC          _SPI_WRITETIME
  D:0002H         SYMBOL        val
  D:0005H         SYMBOL        addr
  C:5544H         LINE#         71
  C:5546H         LINE#         72
  C:5546H         LINE#         74
  C:5548H         LINE#         75
  C:554FH         LINE#         76
  C:5554H         LINE#         77
  C:5559H         LINE#         78
BL51 BANKED LINKER/LOCATER V6.22                                                      05/28/2019  14:05:59  PAGE 17


  C:555BH         LINE#         79
  -------         ENDPROC       _SPI_WRITETIME
  -------         PROC          SPI_INIT
  C:5664H         LINE#         83
  C:5664H         LINE#         84
  C:5664H         LINE#         89
  C:5667H         LINE#         90
  C:566AH         LINE#         91
  C:566CH         LINE#         92
  C:566EH         LINE#         93
  C:5670H         LINE#         94
  -------         ENDPROC       SPI_INIT
  -------         PROC          _READ_TIME
  X:03F4H         SYMBOL        months
  X:03F7H         SYMBOL        days
  X:03FAH         SYMBOL        hours
  X:03FDH         SYMBOL        mins
  X:0400H         SYMBOL        seconds
  C:4FFAH         LINE#         96
  C:5005H         LINE#         97
  C:5005H         LINE#         99
  C:5019H         LINE#         101
  C:502DH         LINE#         103
  C:5041H         LINE#         108
  C:5055H         LINE#         113
  -------         ENDPROC       _READ_TIME
  -------         PROC          _BCDTODEC
  D:0007H         SYMBOL        bcd
  -------         DO            
  D:0006H         SYMBOL        hi
  D:0007H         SYMBOL        lo
  -------         ENDDO         
  C:5615H         LINE#         119
  C:5615H         LINE#         120
  C:5615H         LINE#         122
  C:561AH         LINE#         123
  C:561EH         LINE#         124
  C:5625H         LINE#         125
  -------         ENDPROC       _BCDTODEC
  -------         PROC          _DAY_OF_YEAR
  D:0007H         SYMBOL        months_bcd
  D:0005H         SYMBOL        days_bcd
  -------         DO            
  D:0004H         SYMBOL        months
  D:0007H         SYMBOL        days
  -------         ENDDO         
  C:4E87H         LINE#         126
  C:4E87H         LINE#         127
  C:4E87H         LINE#         130
  C:4E8CH         LINE#         132
  C:4E91H         LINE#         134
  C:4ECAH         LINE#         135
  C:4ECAH         LINE#         136
  C:4ECAH         LINE#         137
  C:4ECDH         LINE#         138
  C:4ECDH         LINE#         139
  C:4ECDH         LINE#         140
BL51 BANKED LINKER/LOCATER V6.22                                                      05/28/2019  14:05:59  PAGE 18


  C:4ED2H         LINE#         141
  C:4ED2H         LINE#         142
  C:4ED2H         LINE#         143
  C:4ED7H         LINE#         144
  C:4ED7H         LINE#         145
  C:4ED7H         LINE#         146
  C:4EDCH         LINE#         147
  C:4EDCH         LINE#         148
  C:4EDCH         LINE#         149
  C:4EE1H         LINE#         150
  C:4EE1H         LINE#         151
  C:4EE1H         LINE#         152
  C:4EE6H         LINE#         153
  C:4EE6H         LINE#         154
  C:4EE6H         LINE#         155
  C:4EEBH         LINE#         156
  C:4EEBH         LINE#         157
  C:4EEBH         LINE#         158
  C:4EF0H         LINE#         159
  C:4EF0H         LINE#         160
  C:4EF0H         LINE#         161
  C:4EF8H         LINE#         162
  C:4EF8H         LINE#         163
  C:4EF8H         LINE#         164
  C:4EFDH         LINE#         165
  C:4EFDH         LINE#         166
  C:4EFDH         LINE#         167
  C:4F02H         LINE#         168
  C:4F02H         LINE#         169
  C:4F02H         LINE#         170
  C:4F0BH         LINE#         171
  C:4F0BH         LINE#         172
  C:4F0BH         LINE#         173
  C:4F0EH         LINE#         174
  C:4F0EH         LINE#         175
  -------         ENDPROC       _DAY_OF_YEAR
  -------         ENDMOD        PCF85063BTL

  -------         MODULE        LCD_DRIVER_SPLC780D
  C:0000H         SYMBOL        _ICE_DUMMY_
  D:0092H         PUBLIC        P1M0
  D:0091H         PUBLIC        P1M1
  D:0080H         PUBLIC        P0
  D:0090H         PUBLIC        P1
  D:00A0H         PUBLIC        P2
  D:00B0H         PUBLIC        P3
  D:00C0H         PUBLIC        P4
  D:00C8H         PUBLIC        P5
  D:00E8H         PUBLIC        P6
  D:00F8H         PUBLIC        P7
  C:4F13H         PUBLIC        _WriteData
  D:00A8H         PUBLIC        IE
  D:00B8H         PUBLIC        IP
  D:00D8H         PUBLIC        CCON
  B:00B0H.4       PUBLIC        LCD_D4
  B:00B0H.5       PUBLIC        LCD_D5
  B:00B0H.6       PUBLIC        LCD_D6
BL51 BANKED LINKER/LOCATER V6.22                                                      05/28/2019  14:05:59  PAGE 19


  C:54F2H         PUBLIC        _DisplayLCD
  B:00B0H.7       PUBLIC        LCD_D7
  D:0098H         PUBLIC        SCON
  D:0088H         PUBLIC        TCON
  C:55DCH         PUBLIC        _abs
  C:5694H         PUBLIC        LCD_clear
  C:51F4H         PUBLIC        _Command
  C:5589H         PUBLIC        _Display_Line
  C:50C3H         PUBLIC        LCD_Init
  C:5433H         PUBLIC        _Wait_ms
  B:00C0H.0       PUBLIC        LCD_RS
  B:0090H.3       PUBLIC        LCD_RW
  C:568AH         PUBLIC        LCD_return_home
  C:412EH         PUBLIC        _Display_Pos
  B:00B0H.3       PUBLIC        LCD_E
  D:00D0H         PUBLIC        PSW
  -------         PROC          LCD_INIT
  C:50C3H         LINE#         9
  C:50C3H         LINE#         10
  C:50C3H         LINE#         11
  C:50C6H         LINE#         12
  C:50C9H         LINE#         14
  C:50CFH         LINE#         15
  C:50D4H         LINE#         17
  C:50DBH         LINE#         18
  C:50E0H         LINE#         20
  C:50E3H         LINE#         21
  C:50E8H         LINE#         23
  C:50EBH         LINE#         24
  C:50F0H         LINE#         26
  C:50F7H         LINE#         29
  C:50FCH         LINE#         30
  C:5101H         LINE#         32
  C:5106H         LINE#         33
  C:510BH         LINE#         35
  C:5110H         LINE#         36
  C:5115H         LINE#         37
  -------         ENDPROC       LCD_INIT
  C:4F0FH         SYMBOL        L?0038
  -------         PROC          L?0037
  -------         ENDPROC       L?0037
  C:4F0FH         SYMBOL        L?0038
  -------         PROC          _WRITEDATA
  X:04DEH         SYMBOL        dat
  C:4F13H         LINE#         40
  C:4F18H         LINE#         41
  C:4F18H         LINE#         46
  C:4F1AH         LINE#         47
  C:4F1CH         LINE#         49
  C:4F2AH         LINE#         50
  C:4F36H         LINE#         51
  C:4F42H         LINE#         52
  C:4F4CH         LINE#         53
  C:4F4EH         LINE#         54
  C:4F55H         LINE#         55
  C:4F57H         LINE#         57
  C:4F67H         LINE#         58
BL51 BANKED LINKER/LOCATER V6.22                                                      05/28/2019  14:05:59  PAGE 20


  C:4F72H         LINE#         59
  C:4F7CH         LINE#         60
  C:4F80H         LINE#         62
  C:4F80H         LINE#         63
  C:4F83H         LINE#         64
  C:4F85H         LINE#         65
  C:4F87H         LINE#         67
  -------         ENDPROC       _WRITEDATA
  -------         PROC          _COMMAND
  D:0007H         SYMBOL        dat
  C:51F4H         LINE#         69
  C:51F4H         LINE#         70
  C:51F4H         LINE#         71
  C:51F6H         LINE#         72
  C:51F8H         LINE#         74
  C:5202H         LINE#         75
  C:5206H         LINE#         77
  C:5208H         LINE#         78
  C:5211H         LINE#         79
  C:5215H         LINE#         81
  C:5217H         LINE#         82
  C:521EH         LINE#         83
  C:5222H         LINE#         85
  C:5224H         LINE#         86
  C:5228H         LINE#         87
  C:522CH         LINE#         89
  C:522EH         LINE#         90
  C:522EH         LINE#         91
  C:5231H         LINE#         92
  C:5233H         LINE#         93
  -------         ENDPROC       _COMMAND
  C:542FH         SYMBOL        L?0040
  -------         PROC          L?0039
  -------         ENDPROC       L?0039
  C:542FH         SYMBOL        L?0040
  -------         PROC          _WAIT_MS
  D:0006H         SYMBOL        ms
  -------         DO            
  D:0004H         SYMBOL        De_Cnt
  -------         ENDDO         
  C:5433H         LINE#         95
  C:5433H         LINE#         96
  C:5433H         LINE#         98
  C:543DH         LINE#         99
  C:543DH         LINE#         100
  C:5450H         LINE#         101
  C:5450H         LINE#         102
  -------         ENDPROC       _WAIT_MS
  -------         PROC          _DISPLAYLCD
  D:0007H         SYMBOL        BCD
  -------         DO            
  D:0006H         SYMBOL        first_digit
  X:03F4H         SYMBOL        second_digit
  -------         ENDDO         
  C:54F2H         LINE#         103
  C:54F2H         LINE#         104
  C:54F2H         LINE#         106
BL51 BANKED LINKER/LOCATER V6.22                                                      05/28/2019  14:05:59  PAGE 21


  C:54F9H         LINE#         107
  C:5502H         LINE#         109
  C:5507H         LINE#         111
  -------         ENDPROC       _DISPLAYLCD
  -------         PROC          LCD_RETURN_HOME
  C:568AH         LINE#         115
  C:568AH         LINE#         116
  C:568AH         LINE#         117
  C:568FH         LINE#         118
  -------         ENDPROC       LCD_RETURN_HOME
  -------         PROC          LCD_CLEAR
  C:5694H         LINE#         121
  C:5694H         LINE#         122
  C:5694H         LINE#         123
  C:5699H         LINE#         124
  -------         ENDPROC       LCD_CLEAR
  -------         PROC          _DISPLAY_LINE
  D:0006H         SYMBOL        line
  C:5589H         LINE#         128
  C:5589H         LINE#         129
  C:5589H         LINE#         130
  C:558FH         LINE#         131
  C:558FH         LINE#         132
  C:5591H         LINE#         133
  C:5591H         LINE#         134
  C:5593H         LINE#         136
  C:5593H         LINE#         137
  C:5598H         LINE#         138
  C:559DH         LINE#         139
  C:559DH         LINE#         140
  -------         ENDPROC       _DISPLAY_LINE
  -------         PROC          _DISPLAY_POS
  X:04D3H         SYMBOL        sign_dat
  -------         DO            
  X:04D7H         SYMBOL        unit
  X:04D8H         SYMBOL        ten
  X:04D9H         SYMBOL        hundred
  X:04DAH         SYMBOL        thousand
  X:04DBH         SYMBOL        after_dot
  X:04DCH         SYMBOL        dat
  -------         ENDDO         
  C:412EH         LINE#         142
  C:4134H         LINE#         143
  C:4134H         LINE#         147
  C:4150H         LINE#         148
  C:416AH         LINE#         149
  C:418EH         LINE#         151
  C:41D8H         LINE#         153
  C:41EFH         LINE#         154
  C:4201H         LINE#         155
  C:4226H         LINE#         156
  C:4240H         LINE#         157
  C:4258H         LINE#         158
  C:4258H         LINE#         159
  C:4258H         LINE#         160
  C:4258H         LINE#         161
  C:4258H         LINE#         162
BL51 BANKED LINKER/LOCATER V6.22                                                      05/28/2019  14:05:59  PAGE 22


  C:4258H         LINE#         163
  C:4258H         LINE#         164
  C:4258H         LINE#         168
  C:425AH         LINE#         170
  C:425AH         LINE#         172
  C:425FH         LINE#         173
  C:4265H         LINE#         174
  C:426BH         LINE#         175
  C:4271H         LINE#         176
  C:4277H         LINE#         177
  C:427CH         LINE#         178
  C:4282H         LINE#         182
  C:4282H         LINE#         184
  -------         ENDPROC       _DISPLAY_POS
  -------         PROC          _ABS
  D:0006H         SYMBOL        dat
  C:55DCH         LINE#         186
  C:55DCH         LINE#         187
  C:55DCH         LINE#         188
  C:55E7H         LINE#         189
  C:55E8H         LINE#         191
  C:55EFH         LINE#         192
  -------         ENDPROC       _ABS
  -------         ENDMOD        LCD_DRIVER_SPLC780D

  -------         MODULE        KEYPAD
  C:0000H         SYMBOL        _ICE_DUMMY_
  D:0093H         PUBLIC        P0M1
  D:0080H         PUBLIC        P0
  D:0090H         PUBLIC        P1
  D:00A0H         PUBLIC        P2
  D:00B0H         PUBLIC        P3
  D:00C0H         PUBLIC        P4
  D:00C8H         PUBLIC        P5
  D:00E8H         PUBLIC        P6
  D:00F8H         PUBLIC        P7
  D:00A8H         PUBLIC        IE
  C:3B2AH         PUBLIC        Key_Scan
  D:00B8H         PUBLIC        IP
  D:00D8H         PUBLIC        CCON
  C:567EH         PUBLIC        KeyPad_IO_Init
  C:54D4H         PUBLIC        _Delay_ms
  D:0098H         PUBLIC        SCON
  D:0088H         PUBLIC        TCON
  X:05EFH         PUBLIC        small_move
  X:05F1H         PUBLIC        move
  X:05F3H         PUBLIC        auto_mode
  X:05F5H         PUBLIC        direction
  X:05F7H         PUBLIC        SPI_NOR_ClearEnable
  C:3257H         PUBLIC        Key_Process
  D:00D0H         PUBLIC        PSW
  D:0094H         PUBLIC        P0M0
  -------         PROC          _DELAY_MS
  D:0006H         SYMBOL        ms
  -------         DO            
  D:0004H         SYMBOL        De_Cnt
  -------         ENDDO         
BL51 BANKED LINKER/LOCATER V6.22                                                      05/28/2019  14:05:59  PAGE 23


  C:54D4H         LINE#         20
  C:54D4H         LINE#         21
  C:54D4H         LINE#         23
  C:54DEH         LINE#         24
  C:54DEH         LINE#         25
  C:54F1H         LINE#         26
  C:54F1H         LINE#         27
  -------         ENDPROC       _DELAY_MS
  -------         PROC          KEY_SCAN
  -------         DO            
  X:03FAH         SYMBOL        KeyTemp1
  X:03FBH         SYMBOL        KeyTemp2
  X:03FCH         SYMBOL        KeyValue
  -------         ENDDO         
  C:3B2AH         LINE#         28
  C:3B2AH         LINE#         29
  C:3B2AH         LINE#         34
  C:3B2DH         LINE#         37
  C:3B30H         LINE#         39
  C:3B38H         LINE#         40
  C:3B3FH         LINE#         41
  C:3B3FH         LINE#         43
  C:3B44H         LINE#         44
  C:3B4BH         LINE#         45
  C:3B4BH         LINE#         48
  C:3B4EH         LINE#         49
  C:3B51H         LINE#         50
  C:3B56H         LINE#         51
  C:3B5AH         LINE#         52
  C:3B5AH         LINE#         53
  C:3B62H         LINE#         54
  C:3B62H         LINE#         55
  C:3B65H         LINE#         56
  C:3B6DH         LINE#         57
  C:3B6FH         LINE#         59
  C:3B83H         LINE#         60
  C:3B83H         LINE#         61
  C:3B83H         LINE#         62
  C:3B83H         LINE#         63
  C:3B89H         LINE#         65
  C:3B8BH         LINE#         66
  C:3B8BH         LINE#         67
  C:3B8BH         LINE#         68
  C:3B91H         LINE#         70
  C:3B93H         LINE#         71
  C:3B93H         LINE#         72
  C:3B93H         LINE#         73
  C:3B99H         LINE#         75
  C:3B9BH         LINE#         76
  C:3B9BH         LINE#         77
  C:3B9BH         LINE#         78
  C:3BA1H         LINE#         80
  C:3BA1H         LINE#         81
  C:3BA1H         LINE#         82
  C:3BA1H         LINE#         85
  C:3BA4H         LINE#         86
  C:3BA7H         LINE#         87
BL51 BANKED LINKER/LOCATER V6.22                                                      05/28/2019  14:05:59  PAGE 24


  C:3BAFH         LINE#         88
  C:3BB3H         LINE#         89
  C:3BB3H         LINE#         90
  C:3BBBH         LINE#         91
  C:3BBBH         LINE#         92
  C:3BBEH         LINE#         93
  C:3BC6H         LINE#         94
  C:3BC8H         LINE#         95
  C:3BDCH         LINE#         96
  C:3BDCH         LINE#         97
  C:3BDCH         LINE#         98
  C:3BDCH         LINE#         99
  C:3BE2H         LINE#         101
  C:3BE4H         LINE#         102
  C:3BE4H         LINE#         103
  C:3BE4H         LINE#         104
  C:3BEAH         LINE#         106
  C:3BECH         LINE#         107
  C:3BECH         LINE#         108
  C:3BECH         LINE#         109
  C:3BF2H         LINE#         111
  C:3BF4H         LINE#         112
  C:3BF4H         LINE#         113
  C:3BF4H         LINE#         114
  C:3BF9H         LINE#         116
  C:3BF9H         LINE#         117
  C:3BF9H         LINE#         118
  C:3BF9H         LINE#         121
  C:3BFCH         LINE#         122
  C:3BFFH         LINE#         123
  C:3C07H         LINE#         124
  C:3C0BH         LINE#         125
  C:3C0BH         LINE#         126
  C:3C13H         LINE#         127
  C:3C13H         LINE#         128
  C:3C16H         LINE#         129
  C:3C1EH         LINE#         130
  C:3C20H         LINE#         131
  C:3C34H         LINE#         132
  C:3C34H         LINE#         133
  C:3C34H         LINE#         134
  C:3C34H         LINE#         135
  C:3C3AH         LINE#         137
  C:3C3CH         LINE#         138
  C:3C3CH         LINE#         139
  C:3C3CH         LINE#         140
  C:3C42H         LINE#         142
  C:3C44H         LINE#         143
  C:3C44H         LINE#         144
  C:3C44H         LINE#         145
  C:3C4AH         LINE#         147
  C:3C4CH         LINE#         148
  C:3C4CH         LINE#         149
  C:3C4CH         LINE#         150
  C:3C52H         LINE#         152
  C:3C52H         LINE#         153
  C:3C52H         LINE#         154
BL51 BANKED LINKER/LOCATER V6.22                                                      05/28/2019  14:05:59  PAGE 25


  C:3C52H         LINE#         158
  C:3C55H         LINE#         159
  C:3C58H         LINE#         160
  C:3C60H         LINE#         161
  C:3C64H         LINE#         162
  C:3C64H         LINE#         163
  C:3C6CH         LINE#         164
  C:3C6CH         LINE#         165
  C:3C6FH         LINE#         166
  C:3C77H         LINE#         167
  C:3C79H         LINE#         168
  C:3C8DH         LINE#         169
  C:3C8DH         LINE#         170
  C:3C8DH         LINE#         171
  C:3C8DH         LINE#         172
  C:3C93H         LINE#         174
  C:3C95H         LINE#         175
  C:3C95H         LINE#         176
  C:3C95H         LINE#         177
  C:3C9BH         LINE#         179
  C:3C9DH         LINE#         180
  C:3C9DH         LINE#         181
  C:3C9DH         LINE#         182
  C:3CA3H         LINE#         184
  C:3CA5H         LINE#         185
  C:3CA5H         LINE#         186
  C:3CA5H         LINE#         187
  C:3CABH         LINE#         189
  C:3CABH         LINE#         190
  C:3CABH         LINE#         191
  C:3CABH         LINE#         193
  C:3CB1H         LINE#         194
  C:3CB1H         LINE#         196
  C:3CB1H         LINE#         197
  C:3CB4H         LINE#         198
  C:3CB4H         LINE#         199
  C:3CB4H         LINE#         201
  C:3CB4H         LINE#         202
  C:3CB6H         LINE#         203
  C:3CB6H         LINE#         204
  -------         ENDPROC       KEY_SCAN
  -------         PROC          KEY_PROCESS
  -------         DO            
  X:05E0H         SYMBOL        KeyCount
  X:05E1H         SYMBOL        KeyNum_Old
  X:05E3H         SYMBOL        KeyNum
  X:05E5H         SYMBOL        PressedKey
  X:03F4H         SYMBOL        d
  D:0002H         SYMBOL        hours
  D:0006H         SYMBOL        mins
  X:03F6H         SYMBOL        months
  X:03F8H         SYMBOL        days
  -------         ENDDO         
  C:3257H         LINE#         205
  C:3257H         LINE#         206
  C:3257H         LINE#         210
  C:3266H         LINE#         211
BL51 BANKED LINKER/LOCATER V6.22                                                      05/28/2019  14:05:59  PAGE 26


  C:3273H         LINE#         213
  C:3277H         LINE#         214
  C:3277H         LINE#         215
  C:327DH         LINE#         217
  C:327DH         LINE#         218
  C:3294H         LINE#         219
  C:3294H         LINE#         220
  C:329EH         LINE#         221
  C:32A4H         LINE#         223
  C:32AAH         LINE#         225
  C:32AAH         LINE#         226
  C:32C1H         LINE#         227
  C:32C1H         LINE#         228
  C:32C6H         LINE#         230
  C:32C6H         LINE#         231
  C:32D6H         LINE#         232
  C:32D6H         LINE#         233
  C:32DCH         LINE#         235
  C:32DCH         LINE#         236
  C:32EEH         LINE#         237
  C:32EEH         LINE#         238
  C:32F8H         LINE#         239
  C:3300H         LINE#         241
  C:3309H         LINE#         243
  C:3309H         LINE#         252
  C:3328H         LINE#         253
  C:3328H         LINE#         254
  C:3347H         LINE#         255
  C:334DH         LINE#         256
  C:3355H         LINE#         257
  C:3355H         LINE#         259
  C:3356H         LINE#         265
  C:3362H         LINE#         266
  C:3362H         LINE#         267
  C:337FH         LINE#         268
  C:3396H         LINE#         269
  C:33ADH         LINE#         270
  C:33ADH         LINE#         271
  C:33C0H         LINE#         272
  C:33D3H         LINE#         273
  C:33D3H         LINE#         274
  C:33D3H         LINE#         275
  C:33D6H         LINE#         280
  C:33E5H         LINE#         281
  C:33E5H         LINE#         282
  C:3408H         LINE#         283
  C:3425H         LINE#         284
  C:342EH         LINE#         285
  C:342EH         LINE#         286
  C:3435H         LINE#         287
  C:3435H         LINE#         288
  C:3446H         LINE#         289
  C:3446H         LINE#         290
  C:3455H         LINE#         291
  C:3455H         LINE#         292
  C:3455H         LINE#         293
  C:3458H         LINE#         295
BL51 BANKED LINKER/LOCATER V6.22                                                      05/28/2019  14:05:59  PAGE 27


  C:3458H         LINE#         296
  C:3464H         LINE#         297
  C:3464H         LINE#         298
  C:3476H         LINE#         299
  C:3476H         LINE#         300
  C:3486H         LINE#         301
  C:3486H         LINE#         302
  C:3486H         LINE#         304
  C:3488H         LINE#         306
  C:3488H         LINE#         307
  C:3497H         LINE#         308
  C:3497H         LINE#         309
  C:34A7H         LINE#         310
  C:34A7H         LINE#         311
  C:34A7H         LINE#         313
  C:34A7H         LINE#         315
  C:34A7H         LINE#         316
  C:34A9H         LINE#         318
  C:34A9H         LINE#         319
  C:34B0H         LINE#         320
  C:34B0H         LINE#         321
  C:34BFH         LINE#         322
  C:34BFH         LINE#         323
  C:34CFH         LINE#         324
  C:34CFH         LINE#         325
  C:34CFH         LINE#         326
  C:34D1H         LINE#         328
  C:34D1H         LINE#         329
  C:34E0H         LINE#         330
  C:34E0H         LINE#         331
  C:34F3H         LINE#         332
  C:3506H         LINE#         333
  C:3506H         LINE#         334
  C:3506H         LINE#         335
  C:3506H         LINE#         336
  C:350FH         LINE#         338
  C:350FH         LINE#         340
  C:3549H         LINE#         341
  C:3549H         LINE#         342
  C:3550H         LINE#         343
  C:3550H         LINE#         344
  C:355AH         LINE#         345
  C:355AH         LINE#         346
  C:355DH         LINE#         347
  C:3562H         LINE#         348
  C:3567H         LINE#         349
  C:356CH         LINE#         350
  C:3571H         LINE#         351
  C:3576H         LINE#         352
  C:357BH         LINE#         353
  C:3580H         LINE#         354
  C:3580H         LINE#         355
  C:3580H         LINE#         357
  C:359EH         LINE#         358
  C:359EH         LINE#         359
  C:35A5H         LINE#         360
  C:35A5H         LINE#         361
BL51 BANKED LINKER/LOCATER V6.22                                                      05/28/2019  14:05:59  PAGE 28


  C:35AAH         LINE#         362
  C:35B3H         LINE#         363
  C:35D2H         LINE#         364
  C:35D2H         LINE#         365
  C:35E2H         LINE#         367
  C:35E2H         LINE#         371
  -------         ENDPROC       KEY_PROCESS
  -------         PROC          KEYPAD_IO_INIT
  C:567EH         LINE#         374
  C:567EH         LINE#         375
  C:567EH         LINE#         376
  C:5681H         LINE#         377
  C:5684H         LINE#         378
  C:5687H         LINE#         379
  C:5689H         LINE#         380
  -------         ENDPROC       KEYPAD_IO_INIT
  -------         ENDMOD        KEYPAD

  -------         MODULE        BIPOLARMOTOR
  C:0000H         SYMBOL        _ICE_DUMMY_
  X:0000H         PUBLIC        UTC_time
  D:0080H         PUBLIC        P0
  D:0090H         PUBLIC        P1
  X:0004H         PUBLIC        RX_pos_test
  D:00A0H         PUBLIC        P2
  D:00B0H         PUBLIC        P3
  D:00C0H         PUBLIC        P4
  D:00C8H         PUBLIC        P5
  D:00E8H         PUBLIC        P6
  D:00F8H         PUBLIC        P7
  X:00A4H         PUBLIC        low_date_azimuth_mapping
  D:00A8H         PUBLIC        IE
  C:48D3H         PUBLIC        linear_interpolate
  X:00CCH         PUBLIC        declination
  C:5393H         PUBLIC        _Move
  D:00B8H         PUBLIC        IP
  X:00D0H         PUBLIC        time_offset
  D:00D8H         PUBLIC        CCON
  X:00D4H         PUBLIC        previous_move_time
  X:00D5H         PUBLIC        time
  D:0098H         PUBLIC        SCON
  D:0088H         PUBLIC        TCON
  C:5234H         PUBLIC        _Step_move
  X:00E7H         PUBLIC        dat
  X:00EDH         PUBLIC        current_local_sun_time
  C:1E16H         PUBLIC        _Update_position
  C:35E3H         PUBLIC        _elevation_calculation
  X:00F1H         PUBLIC        sunCoord
  C:511CH         PUBLIC        vOneStepMove
  X:00F4H         PUBLIC        elevation_stamp
  X:0130H         PUBLIC        date_azimuth_mapping
  X:0158H         PUBLIC        location
  X:0160H         PUBLIC        RX_pos
  C:559EH         PUBLIC        vSetLocation
  C:5519H         PUBLIC        _BCDtoDec1
  X:03B8H         PUBLIC        degree
  C:294EH         PUBLIC        _TheoricalJP_Position
BL51 BANKED LINKER/LOCATER V6.22                                                      05/28/2019  14:05:59  PAGE 29


  D:00D0H         PUBLIC        PSW
  -------         PROC          VSETLOCATION
  C:559EH         LINE#         44
  C:559EH         LINE#         45
  C:559EH         LINE#         46
  C:55A8H         LINE#         47
  C:55B2H         LINE#         48
  -------         ENDPROC       VSETLOCATION
  C:5515H         SYMBOL        L?0060
  -------         PROC          L?0059
  -------         ENDPROC       L?0059
  C:5515H         SYMBOL        L?0060
  -------         PROC          _BCDTODEC1
  D:0007H         SYMBOL        bcd
  -------         DO            
  D:0006H         SYMBOL        hi
  D:0007H         SYMBOL        lo
  -------         ENDDO         
  C:5519H         LINE#         49
  C:5519H         LINE#         50
  C:5519H         LINE#         52
  C:551EH         LINE#         53
  C:5522H         LINE#         54
  C:5529H         LINE#         55
  -------         ENDPROC       _BCDTODEC1
  -------         PROC          VONESTEPMOVE
  B:0020H.3       SYMBOL        bDir
  C:511CH         LINE#         59
  C:511CH         LINE#         60
  C:511CH         LINE#         62
  C:5122H         LINE#         63
  C:5122H         LINE#         64
  C:5125H         LINE#         65
  C:512EH         LINE#         66
  C:5135H         LINE#         67
  C:513AH         LINE#         68
  C:513AH         LINE#         69
  C:513AH         LINE#         71
  C:513CH         LINE#         74
  C:513CH         LINE#         75
  C:513FH         LINE#         76
  C:5148H         LINE#         77
  C:514FH         LINE#         78
  C:5155H         LINE#         79
  C:515EH         LINE#         80
  C:5165H         LINE#         81
  C:5165H         LINE#         85
  -------         ENDPROC       VONESTEPMOVE
  -------         PROC          _STEP_MOVE
  X:04D7H         SYMBOL        step
  B:0020H.2       SYMBOL        dir
  -------         DO            
  X:04D9H         SYMBOL        i
  -------         ENDDO         
  C:5234H         LINE#         87
  C:523CH         LINE#         88
  C:523CH         LINE#         90
BL51 BANKED LINKER/LOCATER V6.22                                                      05/28/2019  14:05:59  PAGE 30


  C:5241H         LINE#         93
  C:525CH         LINE#         94
  C:525CH         LINE#         95
  C:5263H         LINE#         97
  C:5273H         LINE#         99
  -------         ENDPROC       _STEP_MOVE
  -------         PROC          _MOVE
  X:04D3H         SYMBOL        distance
  B:0020H.1       SYMBOL        direction
  -------         DO            
  D:0006H         SYMBOL        step
  -------         ENDDO         
  C:5393H         LINE#         101
  C:5399H         LINE#         102
  C:5399H         LINE#         105
  C:53B4H         LINE#         106
  -------         ENDPROC       _MOVE
  C:48C2H         SYMBOL        L?0058
  -------         PROC          L?0057
  -------         ENDPROC       L?0057
  C:48C2H         SYMBOL        L?0058
  -------         PROC          LINEAR_INTERPOLATE
  X:049AH         SYMBOL        p1
  X:04A2H         SYMBOL        p2
  X:04AAH         SYMBOL        x
  -------         DO            
  D:0004H         SYMBOL        fx
  -------         ENDDO         
  C:48D3H         LINE#         139
  C:48D3H         LINE#         140
  C:48D3H         LINE#         143
  C:4972H         LINE#         145
  C:4972H         LINE#         146
  -------         ENDPROC       LINEAR_INTERPOLATE
  -------         PROC          _THEORICALJP_POSITION
  X:043EH         SYMBOL        azimuth
  X:0442H         SYMBOL        elevation
  -------         DO            
  X:0446H         SYMBOL        pos_interpolate_azimuth
  X:0482H         SYMBOL        JP_pos
  X:0486H         SYMBOL        i
  X:0488H         SYMBOL        yy
  X:048AH         SYMBOL        p1
  X:0492H         SYMBOL        p2
  -------         ENDDO         
  C:294EH         LINE#         149
  C:2954H         LINE#         150
  C:2954H         LINE#         152
  C:295EH         LINE#         155
  C:297AH         LINE#         156
  C:297AH         LINE#         157
  C:29EAH         LINE#         158
  C:29EAH         LINE#         159
  C:29F1H         LINE#         160
  C:29F1H         LINE#         161
  C:2A1EH         LINE#         162
  C:2A39H         LINE#         164
BL51 BANKED LINKER/LOCATER V6.22                                                      05/28/2019  14:05:59  PAGE 31


  C:2A80H         LINE#         165
  C:2AB4H         LINE#         167
  C:2AFAH         LINE#         168
  C:2B1FH         LINE#         170
  C:2B1FH         LINE#         172
  C:2B95H         LINE#         173
  C:2B95H         LINE#         174
  C:2B9CH         LINE#         175
  C:2B9CH         LINE#         176
  C:2BC9H         LINE#         177
  C:2BE4H         LINE#         179
  C:2C2BH         LINE#         180
  C:2C5FH         LINE#         182
  C:2CA5H         LINE#         183
  C:2CC7H         LINE#         185
  C:2CC7H         LINE#         186
  C:2CDBH         LINE#         189
  C:2CF7H         LINE#         190
  C:2CF7H         LINE#         191
  C:2D67H         LINE#         192
  C:2D67H         LINE#         193
  C:2D94H         LINE#         194
  C:2DAFH         LINE#         196
  C:2DDCH         LINE#         197
  C:2DF7H         LINE#         199
  C:2E29H         LINE#         202
  C:2E29H         LINE#         204
  C:2E3AH         LINE#         205
  C:2E48H         LINE#         207
  -------         ENDPROC       _THEORICALJP_POSITION
  -------         PROC          _UPDATE_POSITION
  D:0001H         SYMBOL        mnths
  D:0002H         SYMBOL        dys
  X:041AH         SYMBOL        hurs
  X:041BH         SYMBOL        mns
  X:041CH         SYMBOL        sconds
  X:041DH         SYMBOL        currnt_pos
  X:0420H         SYMBOL        offset_calib
  -------         DO            
  X:0424H         SYMBOL        date
  X:0426H         SYMBOL        i
  X:0428H         SYMBOL        yy
  X:042AH         SYMBOL        desired_distance
  X:042EH         SYMBOL        distance
  X:0432H         SYMBOL        JP_pos
  X:0436H         SYMBOL        elevation
  X:043AH         SYMBOL        azimuth
  -------         ENDDO         
  C:1E16H         LINE#         210
  C:1E1FH         LINE#         213
  C:1E1FH         LINE#         214
  C:1E2AH         LINE#         216
  C:1E46H         LINE#         223
  C:1E50H         LINE#         224
  C:1E5BH         LINE#         225
  C:1E66H         LINE#         226
  C:1E7FH         LINE#         227
BL51 BANKED LINKER/LOCATER V6.22                                                      05/28/2019  14:05:59  PAGE 32


  C:1E90H         LINE#         228
  C:1E9FH         LINE#         231
  C:1EB3H         LINE#         235
  C:1F05H         LINE#         236
  C:2069H         LINE#         237
  C:20B9H         LINE#         240
  C:21E1H         LINE#         243
  C:22B0H         LINE#         250
  C:22F7H         LINE#         251
  C:22F7H         LINE#         253
  C:2322H         LINE#         254
  C:2351H         LINE#         256
  C:2376H         LINE#         257
  C:23DBH         LINE#         258
  C:23DBH         LINE#         259
  C:23F5H         LINE#         260
  C:2407H         LINE#         261
  C:241FH         LINE#         262
  C:2435H         LINE#         264
  C:2451H         LINE#         265
  C:2451H         LINE#         266
  C:2451H         LINE#         269
  -------         ENDPROC       _UPDATE_POSITION
  -------         PROC          _ELEVATION_CALCULATION
  D:0007H         SYMBOL        mnths
  D:0005H         SYMBOL        dys
  X:03F6H         SYMBOL        hurs
  X:03F7H         SYMBOL        mns
  X:03F8H         SYMBOL        sconds
  C:35E3H         LINE#         271
  C:35E8H         LINE#         273
  C:35E8H         LINE#         274
  C:35F2H         LINE#         275
  C:35FBH         LINE#         276
  C:3606H         LINE#         277
  C:361FH         LINE#         278
  C:3633H         LINE#         279
  C:3645H         LINE#         283
  C:3697H         LINE#         284
  C:37FBH         LINE#         285
  C:384BH         LINE#         287
  C:3962H         LINE#         289
  -------         ENDPROC       _ELEVATION_CALCULATION
  -------         ENDMOD        BIPOLARMOTOR

  -------         MODULE        SUNPOS
  C:0000H         SYMBOL        _ICE_DUMMY_
  C:1674H         PUBLIC        sunpos
  -------         PROC          SUNPOS
  X:043EH         SYMBOL        udtTime
  X:0450H         SYMBOL        udtLocation
  X:0458H         SYMBOL        udtSunCoordinates
  -------         DO            
  X:045BH         SYMBOL        dElapsedJulianDays
  X:045FH         SYMBOL        dDecimalHours
  X:0463H         SYMBOL        dEclipticLongitude
  X:0467H         SYMBOL        dEclipticObliquity
BL51 BANKED LINKER/LOCATER V6.22                                                      05/28/2019  14:05:59  PAGE 33


  X:046BH         SYMBOL        dRightAscension
  X:046FH         SYMBOL        dDeclination
  X:0473H         SYMBOL        dY
  X:0477H         SYMBOL        dX
  -------         DO            
  X:047BH         SYMBOL        dJulianDate
  X:047FH         SYMBOL        liAux1
  X:0483H         SYMBOL        liAux2
  X:047BH         SYMBOL        dMeanLongitude
  X:047FH         SYMBOL        dMeanAnomaly
  X:0483H         SYMBOL        dOmega
  X:047BH         SYMBOL        dSin_EclipticLongitude
  X:047BH         SYMBOL        dGreenwichMeanSiderealTime
  X:047FH         SYMBOL        dLocalMeanSiderealTime
  X:0483H         SYMBOL        dLatitudeInRadians
  X:0487H         SYMBOL        dHourAngle
  X:048BH         SYMBOL        dCos_Latitude
  X:048FH         SYMBOL        dSin_Latitude
  X:0493H         SYMBOL        dCos_HourAngle
  X:0497H         SYMBOL        dParallax
  -------         ENDDO         
  -------         DO            
  X:047BH         SYMBOL        dMeanLongitude
  X:047FH         SYMBOL        dMeanAnomaly
  X:0483H         SYMBOL        dOmega
  X:047BH         SYMBOL        dSin_EclipticLongitude
  X:047BH         SYMBOL        dGreenwichMeanSiderealTime
  X:047FH         SYMBOL        dLocalMeanSiderealTime
  X:0483H         SYMBOL        dLatitudeInRadians
  X:0487H         SYMBOL        dHourAngle
  X:048BH         SYMBOL        dCos_Latitude
  X:048FH         SYMBOL        dSin_Latitude
  X:0493H         SYMBOL        dCos_HourAngle
  X:0497H         SYMBOL        dParallax
  -------         ENDDO         
  -------         DO            
  X:047BH         SYMBOL        dSin_EclipticLongitude
  X:047BH         SYMBOL        dGreenwichMeanSiderealTime
  X:047FH         SYMBOL        dLocalMeanSiderealTime
  X:0483H         SYMBOL        dLatitudeInRadians
  X:0487H         SYMBOL        dHourAngle
  X:048BH         SYMBOL        dCos_Latitude
  X:048FH         SYMBOL        dSin_Latitude
  X:0493H         SYMBOL        dCos_HourAngle
  X:0497H         SYMBOL        dParallax
  -------         ENDDO         
  -------         DO            
  X:047BH         SYMBOL        dGreenwichMeanSiderealTime
  X:047FH         SYMBOL        dLocalMeanSiderealTime
  X:0483H         SYMBOL        dLatitudeInRadians
  X:0487H         SYMBOL        dHourAngle
  X:048BH         SYMBOL        dCos_Latitude
  X:048FH         SYMBOL        dSin_Latitude
  X:0493H         SYMBOL        dCos_HourAngle
  X:0497H         SYMBOL        dParallax
  -------         ENDDO         
  -------         ENDDO         
BL51 BANKED LINKER/LOCATER V6.22                                                      05/28/2019  14:05:59  PAGE 34


  C:1674H         LINE#         6
  C:1674H         LINE#         7
  C:1674H         LINE#         9
  C:1674H         LINE#         27
  C:16BEH         LINE#         30
  C:16DFH         LINE#         31
  C:1826H         LINE#         34
  C:1872H         LINE#         36
  C:1891H         LINE#         37
  C:1891H         LINE#         42
  C:1891H         LINE#         46
  C:18C3H         LINE#         47
  C:18EDH         LINE#         48
  C:1917H         LINE#         49
  C:19C4H         LINE#         52
  C:1A25H         LINE#         54
  C:1A25H         LINE#         59
  C:1A25H         LINE#         61
  C:1A3CH         LINE#         62
  C:1A64H         LINE#         63
  C:1A7BH         LINE#         64
  C:1AA6H         LINE#         65
  C:1ADDH         LINE#         66
  C:1B08H         LINE#         67
  C:1B08H         LINE#         70
  C:1B08H         LINE#         79
  C:1B43H         LINE#         82
  C:1B7DH         LINE#         84
  C:1BA2H         LINE#         85
  C:1BC1H         LINE#         86
[...]
  C:4BFDH         LINE#         292
  C:4BFDH         LINE#         294
  C:4C01H         LINE#         295
  C:4C01H         LINE#         297
  C:4C20H         LINE#         301
  C:4C22H         LINE#         302
  C:4C25H         LINE#         303
  C:4C27H         LINE#         304
  -------         ENDPROC       UCREAD_STATUS_REGISTER_BYTE1
  -------         PROC          SPI_NOR_WRITE_DATA
  X:03F4H         SYMBOL        dat
  X:03FFH         SYMBOL        addr
  C:3CB7H         LINE#         306
  C:3CB7H         LINE#         307
  C:3CB7H         LINE#         309
  C:3CBAH         LINE#         311
  C:3CD4H         LINE#         312
  C:3CF2H         LINE#         314
  C:3CF9H         LINE#         315
  C:3CFCH         LINE#         317
  C:3D16H         LINE#         318
  C:3D16H         LINE#         319
  C:3D16H         LINE#         322
  C:3D19H         LINE#         324
  C:3D33H         LINE#         325
  C:3D33H         LINE#         326
  C:3D33H         LINE#         328
  C:3D36H         LINE#         330
  C:3D50H         LINE#         331
  C:3D50H         LINE#         332
  C:3D50H         LINE#         334
  C:3D53H         LINE#         336
  C:3D6DH         LINE#         337
  C:3D6DH         LINE#         338
  C:3D6DH         LINE#         340
  C:3D70H         LINE#         342
  C:3D8AH         LINE#         343
  C:3D8AH         LINE#         344
  C:3D8AH         LINE#         346
  C:3D8DH         LINE#         348
  C:3DA7H         LINE#         349
  C:3DA7H         LINE#         350
  C:3DA7H         LINE#         352
BL51 BANKED LINKER/LOCATER V6.22                                                      05/28/2019  14:05:59  PAGE 49


  C:3DAAH         LINE#         354
  C:3DC4H         LINE#         355
  C:3DC4H         LINE#         356
  C:3DC4H         LINE#         358
  C:3DC7H         LINE#         360
  C:3DE1H         LINE#         361
  C:3DE1H         LINE#         362
  C:3DE1H         LINE#         364
  C:3DE4H         LINE#         366
  C:3DFEH         LINE#         367
  C:3DFEH         LINE#         368
  C:3DFEH         LINE#         370
  C:3E01H         LINE#         372
  C:3E1BH         LINE#         373
  C:3E22H         LINE#         374
  -------         ENDPROC       SPI_NOR_WRITE_DATA
  -------         ENDMOD        AT25SF041

  -------         MODULE        SI1120
  C:0000H         SYMBOL        _ICE_DUMMY_
  D:0080H         PUBLIC        P0
  D:00B2H         PUBLIC        P3M0
  D:0090H         PUBLIC        P1
  D:00B1H         PUBLIC        P3M1
  D:00A0H         PUBLIC        P2
  D:00B0H         PUBLIC        P3
  D:00C0H         PUBLIC        P4
  D:00C8H         PUBLIC        P5
  B:00A8H.7       PUBLIC        EA
  D:00E8H         PUBLIC        P6
  D:00F8H         PUBLIC        P7
  D:00A8H         PUBLIC        IE
  D:00B8H         PUBLIC        IP
  C:52E2H         PUBLIC        SI1120_CONFIG_MODE_VIRH
  D:00D8H         PUBLIC        CCON
  D:0098H         PUBLIC        SCON
  D:0088H         PUBLIC        TCON
  C:5671H         PUBLIC        Enable_EXTINT0
  B:0090H.5       PUBLIC        SI1120_STX
  B:0088H.0       PUBLIC        IT0
  B:00A8H.0       PUBLIC        EX0
  B:0090H.4       PUBLIC        SI1120_MD
  B:0090H.6       PUBLIC        SI1120_SC
  D:00D0H         PUBLIC        PSW
  -------         PROC          SI1120_CONFIG_MODE_VIRH
  C:52E2H         LINE#         4
  C:52E2H         LINE#         5
  C:52E2H         LINE#         6
  C:52E4H         LINE#         7
  C:52E6H         LINE#         8
  C:52E8H         LINE#         10
  C:52EFH         LINE#         11
  C:52F1H         LINE#         13
  C:52F3H         LINE#         14
  C:52F5H         LINE#         16
  C:52FCH         LINE#         18
  C:52FEH         LINE#         20
BL51 BANKED LINKER/LOCATER V6.22                                                      05/28/2019  14:05:59  PAGE 50


  C:5305H         LINE#         23
  C:5307H         LINE#         25
  C:5309H         LINE#         27
  C:5310H         LINE#         29
  C:5312H         LINE#         31
  -------         ENDPROC       SI1120_CONFIG_MODE_VIRH
  -------         PROC          ENABLE_EXTINT0
  C:5671H         LINE#         33
  C:5671H         LINE#         34
  C:5671H         LINE#         35
  C:5674H         LINE#         36
  C:5677H         LINE#         37
  C:5679H         LINE#         38
  C:567BH         LINE#         39
  C:567DH         LINE#         40
  -------         ENDPROC       ENABLE_EXTINT0
  -------         ENDMOD        SI1120

  -------         MODULE        UART1
  C:0000H         SYMBOL        _ICE_DUMMY_
  D:0080H         PUBLIC        P0
  D:0090H         PUBLIC        P1
  D:00A0H         PUBLIC        P2
  D:00B0H         PUBLIC        P3
  D:00C0H         PUBLIC        P4
  D:00C8H         PUBLIC        P5
  C:53E2H         PUBLIC        _uart1_SendToTCPServer
  B:00A8H.7       PUBLIC        EA
  D:00E8H         PUBLIC        P6
  D:00F8H         PUBLIC        P7
  C:52AFH         PUBLIC        _SendString
  D:00A8H         PUBLIC        IE
  B:00A8H.4       PUBLIC        ES
  D:00B8H         PUBLIC        IP
  C:555CH         PUBLIC        _ASCIItoBCD
  D:00D8H         PUBLIC        CCON
  C:5626H         PUBLIC        initUART1
  D:0098H         PUBLIC        SCON
  D:0088H         PUBLIC        TCON
  C:56C0H         PUBLIC        _DectoBCD
  C:001EH         PUBLIC        _ASCII_Letter
  D:008EH         PUBLIC        AUXR
  C:0006H         PUBLIC        _unit
  C:56B6H         PUBLIC        _ten
  D:00D6H         PUBLIC        T2H
  D:00D7H         PUBLIC        T2L
  C:56A7H         PUBLIC        uart1_InitTCPConn
  D:00D0H         PUBLIC        PSW
  -------         PROC          INITUART1
  C:5626H         LINE#         24
  C:5626H         LINE#         25
  C:5626H         LINE#         26
  C:5629H         LINE#         27
  C:562CH         LINE#         28
  C:562FH         LINE#         29
  C:5632H         LINE#         30
  C:5634H         LINE#         31
BL51 BANKED LINKER/LOCATER V6.22                                                      05/28/2019  14:05:59  PAGE 51


  C:5636H         LINE#         33
  -------         ENDPROC       INITUART1
  -------         PROC          _SENDSTRING
  X:03F4H         SYMBOL        s
  C:52AFH         LINE#         38
  C:52BAH         LINE#         39
  C:52BAH         LINE#         40
  C:52CAH         LINE#         41
  C:52CAH         LINE#         42
  C:52DFH         LINE#         43
  C:52E1H         LINE#         44
  -------         ENDPROC       _SENDSTRING
  -------         PROC          _TEN
  D:0007H         SYMBOL        BCD
  C:56B6H         LINE#         46
  C:56B6H         LINE#         47
  C:56B6H         LINE#         48
  C:56BBH         LINE#         49
  -------         ENDPROC       _TEN
  -------         PROC          _UNIT
  D:0007H         SYMBOL        BCD
  C:0006H         LINE#         50
  C:0006H         LINE#         51
  C:0006H         LINE#         55
  C:000AH         LINE#         56
  -------         ENDPROC       _UNIT
  -------         PROC          _DECTOBCD
  D:0007H         SYMBOL        dec
  C:56C0H         LINE#         57
  C:56C0H         LINE#         58
  C:56C0H         LINE#         60
  C:56C0H         LINE#         61
  -------         ENDPROC       _DECTOBCD
  -------         PROC          _ASCII_LETTER
  D:0007H         SYMBOL        dat
  C:001EH         LINE#         63
  C:001EH         LINE#         64
  C:001EH         LINE#         66
  C:0022H         LINE#         67
  -------         ENDPROC       _ASCII_LETTER
  -------         PROC          _ASCIITOBCD
  D:0001H         SYMBOL        ascii
  -------         DO            
  D:0007H         SYMBOL        dec_val
  D:0006H         SYMBOL        ten
  D:0007H         SYMBOL        unit
  -------         ENDDO         
  C:555CH         LINE#         69
  C:555CH         LINE#         70
  C:555CH         LINE#         72
  C:555FH         LINE#         73
  C:5565H         LINE#         74
  C:556CH         LINE#         75
  C:5572H         LINE#         77
  -------         ENDPROC       _ASCIITOBCD
  -------         PROC          UART1_INITTCPCONN
  C:56A7H         LINE#         79
BL51 BANKED LINKER/LOCATER V6.22                                                      05/28/2019  14:05:59  PAGE 52


  C:56A7H         LINE#         80
  C:56A7H         LINE#         84
  -------         ENDPROC       UART1_INITTCPCONN
  -------         PROC          _UART1_SENDTOTCPSERVER
  X:0606H         SYMBOL        str
  C:53E2H         LINE#         88
  C:53EDH         LINE#         89
  C:53EDH         LINE#         90
  C:53F6H         LINE#         91
  C:53FFH         LINE#         92
  -------         ENDPROC       _UART1_SENDTOTCPSERVER
  -------         ENDMOD        UART1

  -------         MODULE        ?C_STARTUP
  C:4DFBH         SEGMENT       ?C_C51STARTUP
  I:0021H         SEGMENT       ?STACK
  C:0000H         PUBLIC        ?C_STARTUP
  D:00E0H         SYMBOL        ACC
  D:00F0H         SYMBOL        B
  D:0083H         SYMBOL        DPH
  D:0082H         SYMBOL        DPL
  N:0000H         SYMBOL        IBPSTACK
  N:0100H         SYMBOL        IBPSTACKTOP
  N:0080H         SYMBOL        IDATALEN
  C:4DFEH         SYMBOL        IDATALOOP
  N:0000H         SYMBOL        PBPSTACK
  N:0100H         SYMBOL        PBPSTACKTOP
  N:0000H         SYMBOL        PDATALEN
  N:0000H         SYMBOL        PDATASTART
  N:0000H         SYMBOL        PPAGE
  N:0000H         SYMBOL        PPAGEENABLE
  D:00A0H         SYMBOL        PPAGE_SFR
  D:0081H         SYMBOL        SP
  C:4DFBH         SYMBOL        STARTUP1
  N:0000H         SYMBOL        XBPSTACK
  N:0000H         SYMBOL        XBPSTACKTOP
  N:0000H         SYMBOL        XDATALEN
  N:0000H         SYMBOL        XDATASTART
  C:0000H         LINE#         126
  C:4DFBH         LINE#         133
  C:4DFDH         LINE#         134
  C:4DFEH         LINE#         135
  C:4DFFH         LINE#         136
  C:4E01H         LINE#         185
  C:4E04H         LINE#         196
  -------         ENDMOD        ?C_STARTUP

  -------         MODULE        ?C?FPADD
  C:0CABH         PUBLIC        ?C?FPADD
  C:0CA7H         PUBLIC        ?C?FPSUB
  -------         ENDMOD        ?C?FPADD

  -------         MODULE        ?C?FPMUL
  C:0D9CH         PUBLIC        ?C?FPMUL
  -------         ENDMOD        ?C?FPMUL

  -------         MODULE        ?C?FPDIV
BL51 BANKED LINKER/LOCATER V6.22                                                      05/28/2019  14:05:59  PAGE 53


  C:0EA5H         PUBLIC        ?C?FPDIV
  -------         ENDMOD        ?C?FPDIV

  -------         MODULE        ?C?FPCMP
  C:0F44H         PUBLIC        ?C?FPCMP
  C:0F42H         PUBLIC        ?C?FPCMP3
  -------         ENDMOD        ?C?FPCMP

  -------         MODULE        ?C?FPNEG
  C:0FBBH         PUBLIC        ?C?FPNEG
  -------         ENDMOD        ?C?FPNEG

  -------         MODULE        ?C?FCAST
  C:0FD6H         PUBLIC        ?C?FCASTC
  C:0FD1H         PUBLIC        ?C?FCASTI
  C:0FCCH         PUBLIC        ?C?FCASTL
  -------         ENDMOD        ?C?FCAST

  -------         MODULE        ?C?CASTF
  C:100AH         PUBLIC        ?C?CASTF
  -------         ENDMOD        ?C?CASTF

  -------         MODULE        ATAN2
  X:049BH         PUBLIC        ?_atan2?BYTE
  C:4C28H         PUBLIC        _atan2
  -------         ENDMOD        ATAN2

  -------         MODULE        SIN
  C:3E88H         PUBLIC        _COS
  C:3E9EH         PUBLIC        _SIN
  C:3EDAH         PUBLIC        _TAN
  -------         ENDMOD        SIN

  -------         MODULE        ACOS
  C:5166H         PUBLIC        _ACOS
  -------         ENDMOD        ACOS

  -------         MODULE        ASIN
  C:5274H         PUBLIC        _ASIN
  -------         ENDMOD        ASIN

  -------         MODULE        POW
  X:03BCH         PUBLIC        ?_pow?BYTE
  C:3FC8H         PUBLIC        _pow
  -------         ENDMOD        POW

  -------         MODULE        ?C?CHKFLOAT
  C:108BH         PUBLIC        ?C?CHKFLOAT
  -------         ENDMOD        ?C?CHKFLOAT

  -------         MODULE        EXP
  C:4D99H         PUBLIC        _EXP
  -------         ENDMOD        EXP

  -------         MODULE        LOG
  C:42B7H         PUBLIC        _LOG
  C:42B3H         PUBLIC        _LOG10
BL51 BANKED LINKER/LOCATER V6.22                                                      05/28/2019  14:05:59  PAGE 54


  -------         ENDMOD        LOG

  -------         MODULE        SQRT
  C:4ADFH         PUBLIC        _SQRT
  -------         ENDMOD        SQRT

  -------         MODULE        ATAN
  C:43CCH         PUBLIC        _ATAN
  -------         ENDMOD        ATAN

  -------         MODULE        ?C?COPY
  C:11C2H         PUBLIC        ?C?COPY
  -------         ENDMOD        ?C?COPY

  -------         MODULE        ?C?CLDPTR
  C:11E8H         PUBLIC        ?C?CLDPTR
  -------         ENDMOD        ?C?CLDPTR

  -------         MODULE        ?C?CLDOPTR
  C:1201H         PUBLIC        ?C?CLDOPTR
  -------         ENDMOD        ?C?CLDOPTR

  -------         MODULE        ?C?CSTPTR
  C:122EH         PUBLIC        ?C?CSTPTR
  -------         ENDMOD        ?C?CSTPTR

  -------         MODULE        ?C?IMUL
  C:1240H         PUBLIC        ?C?IMUL
  -------         ENDMOD        ?C?IMUL

  -------         MODULE        ?C?UIDIV
  C:1252H         PUBLIC        ?C?UIDIV
  -------         ENDMOD        ?C?UIDIV

  -------         MODULE        ?C?SIDIV
  C:12A7H         PUBLIC        ?C?SIDIV
  -------         ENDMOD        ?C?SIDIV

  -------         MODULE        ?C?ILDIX
  C:12DDH         PUBLIC        ?C?ILDIX
  -------         ENDMOD        ?C?ILDIX

  -------         MODULE        ?C?ILDOPTR
  C:12F3H         PUBLIC        ?C?ILDOPTR
  -------         ENDMOD        ?C?ILDOPTR

  -------         MODULE        ?C?ISTPTR
  C:132BH         PUBLIC        ?C?ISTPTR
  -------         ENDMOD        ?C?ISTPTR

  -------         MODULE        ?C?LMUL
  C:134AH         PUBLIC        ?C?LMUL
  -------         ENDMOD        ?C?LMUL

  -------         MODULE        ?C?SLDIV
  C:51B0H         PUBLIC        ?C?SLDIV
  -------         ENDMOD        ?C?SLDIV
BL51 BANKED LINKER/LOCATER V6.22                                                      05/28/2019  14:05:59  PAGE 55



  -------         MODULE        ?C?LNEG
  C:1399H         PUBLIC        ?C?LNEG
  -------         ENDMOD        ?C?LNEG

  -------         MODULE        ?C?ULCMP
  C:13A7H         PUBLIC        ?C?ULCMP
  -------         ENDMOD        ?C?ULCMP

  -------         MODULE        ?C?LSHL
  C:13B8H         PUBLIC        ?C?LSHL
  -------         ENDMOD        ?C?LSHL

  -------         MODULE        ?C?LLDPTR
  C:13CBH         PUBLIC        ?C?LLDPTR
  -------         ENDMOD        ?C?LLDPTR

  -------         MODULE        ?C?LLDOPTR
  C:13EBH         PUBLIC        ?C?LLDOPTR
  -------         ENDMOD        ?C?LLDOPTR

  -------         MODULE        ?C?LSTPTR
  C:141BH         PUBLIC        ?C?LSTPTR
  -------         ENDMOD        ?C?LSTPTR

  -------         MODULE        ?C?LSTOPTR
  C:1435H         PUBLIC        ?C?LSTOPTR
  -------         ENDMOD        ?C?LSTOPTR

  -------         MODULE        ?C?LLDXDATA
  C:1459H         PUBLIC        ?C?LLDXDATA
  -------         ENDMOD        ?C?LLDXDATA

  -------         MODULE        ?C?LLDCODE
  C:1465H         PUBLIC        ?C?LLDCODE
  -------         ENDMOD        ?C?LLDCODE

  -------         MODULE        ?C?LLDXDATA0
  C:1475H         PUBLIC        ?C?LLDXDATA0
  -------         ENDMOD        ?C?LLDXDATA0

  -------         MODULE        ?C?LLDCODE0
  C:1481H         PUBLIC        ?C?LLDCODE0
  -------         ENDMOD        ?C?LLDCODE0

  -------         MODULE        ?C?LLDPTR0
  C:1491H         PUBLIC        ?C?LLDPTR0
  -------         ENDMOD        ?C?LLDPTR0

  -------         MODULE        ?C?LSTXDATA
  C:14B1H         PUBLIC        ?C?LSTXDATA
  -------         ENDMOD        ?C?LSTXDATA

  -------         MODULE        ?C?LSTKXDATA
  C:14BDH         PUBLIC        ?C?LSTKXDATA
  -------         ENDMOD        ?C?LSTKXDATA

BL51 BANKED LINKER/LOCATER V6.22                                                      05/28/2019  14:05:59  PAGE 56


  -------         MODULE        ?C?LSTKPTR
  C:14EEH         PUBLIC        ?C?LSTKPTR
  -------         ENDMOD        ?C?LSTKPTR

  -------         MODULE        ?C?OFFXADD
  C:1508H         PUBLIC        ?C?OFFXADD
  -------         ENDMOD        ?C?OFFXADD

  -------         MODULE        ATOI
  C:47D5H         PUBLIC        _atoi
  -------         ENDMOD        ATOI

  -------         MODULE        ?C?IILDX
  C:1514H         PUBLIC        ?C?IILDX
  -------         ENDMOD        ?C?IILDX

  -------         MODULE        ?C?ULDIV
  C:1566H         PUBLIC        ?C?ULDIV
  -------         ENDMOD        ?C?ULDIV

  -------         MODULE        ?C?LLDIDATA
  C:15F8H         PUBLIC        ?C?LLDIDATA
  -------         ENDMOD        ?C?LLDIDATA

  -------         MODULE        ?C?LLDPDATA
  C:1604H         PUBLIC        ?C?LLDPDATA
  -------         ENDMOD        ?C?LLDPDATA

  -------         MODULE        ?C?LLDIDATA0
  C:1610H         PUBLIC        ?C?LLDIDATA0
  -------         ENDMOD        ?C?LLDIDATA0

  -------         MODULE        ?C?LLDPDATA0
  C:161DH         PUBLIC        ?C?LLDPDATA0
  -------         ENDMOD        ?C?LLDPDATA0

  -------         MODULE        ?C?LSTIDATA
  C:162AH         PUBLIC        ?C?LSTIDATA
  -------         ENDMOD        ?C?LSTIDATA

  -------         MODULE        ?C?LSTPDATA
  C:1636H         PUBLIC        ?C?LSTPDATA
  -------         ENDMOD        ?C?LSTPDATA

  -------         MODULE        ?C?LSTKIDATA
  C:1642H         PUBLIC        ?C?LSTKIDATA
  -------         ENDMOD        ?C?LSTKIDATA

  -------         MODULE        ?C?LSTKPDATA
  C:165BH         PUBLIC        ?C?LSTKPDATA
  -------         ENDMOD        ?C?LSTKPDATA

  -------         MODULE        ISDIGIT
  C:5655H         PUBLIC        _isdigit
  -------         ENDMOD        ISDIGIT

  -------         MODULE        ISSPACE
BL51 BANKED LINKER/LOCATER V6.22                                                      05/28/2019  14:05:59  PAGE 57


  C:55F0H         PUBLIC        _isspace
  -------         ENDMOD        ISSPACE

*** WARNING L16: UNCALLED SEGMENT, IGNORED FOR OVERLAY PROCESS
    SEGMENT: ?PR?_DAY_OF_YEAR?PCF85063BTL

*** WARNING L16: UNCALLED SEGMENT, IGNORED FOR OVERLAY PROCESS
    SEGMENT: ?PR?NOP?IOEXPANDER_PI4IOE5V96248

*** WARNING L16: UNCALLED SEGMENT, IGNORED FOR OVERLAY PROCESS
    SEGMENT: ?PR?UC_ACK?IOEXPANDER_PI4IOE5V96248

*** WARNING L16: UNCALLED SEGMENT, IGNORED FOR OVERLAY PROCESS
    SEGMENT: ?PR?UC_NACK?IOEXPANDER_PI4IOE5V96248

*** WARNING L16: UNCALLED SEGMENT, IGNORED FOR OVERLAY PROCESS
    SEGMENT: ?PR?_AT25SF041_READ?AT25SF041

*** WARNING L16: UNCALLED SEGMENT, IGNORED FOR OVERLAY PROCESS
    SEGMENT: ?PR?_TEN?UART1

*** WARNING L16: UNCALLED SEGMENT, IGNORED FOR OVERLAY PROCESS
    SEGMENT: ?PR?_UNIT?UART1

*** WARNING L16: UNCALLED SEGMENT, IGNORED FOR OVERLAY PROCESS
    SEGMENT: ?PR?_DECTOBCD?UART1

*** WARNING L16: UNCALLED SEGMENT, IGNORED FOR OVERLAY PROCESS
    SEGMENT: ?PR?_ASCII_LETTER?UART1

*** WARNING L16: UNCALLED SEGMENT, IGNORED FOR OVERLAY PROCESS
    SEGMENT: ?PR?_ASCIITOBCD?UART1

*** WARNING L16: UNCALLED SEGMENT, IGNORED FOR OVERLAY PROCESS
    SEGMENT: ?PR?UART1_INITTCPCONN?UART1

*** WARNING L16: UNCALLED SEGMENT, IGNORED FOR OVERLAY PROCESS
    SEGMENT: ?PR?_UART1_SENDTOTCPSERVER?UART1

*** WARNING L1: UNRESOLVED EXTERNAL SYMBOL
    SYMBOL:  _SENDUART1
    MODULE:  .\Obj\UART1.obj (UART1)

*** WARNING L2: REFERENCE MADE TO UNRESOLVED EXTERNAL
    SYMBOL:  _SENDUART1
    MODULE:  .\Obj\UART1.obj (UART1)
    ADDRESS: 52DDH

Program Size: data=9.6 xdata=1547 code=22209
LINK/LOCATE RUN COMPLETE.  14 WARNING(S),  0 ERROR(S)
