BL51 BANKED LINKER/LOCATER V6.22                                                        02/22/2019  10:31:58  PAGE 1


BL51 BANKED LINKER/LOCATER V6.22, INVOKED BY:
C:\KEIL_V5\C51\BIN\BL51.EXE .\Obj\main.obj, .\Obj\PCF85063BTL.obj, .\Obj\UART1.obj, .\Obj\LCd_Driver_SPLC780D.obj, .\Obj
>> \KeyPad.obj, .\Obj\BipolarMotor.obj, .\Obj\SunPos.obj, .\Obj\ADC.obj, .\Obj\Calibration.obj, .\Obj\IOExpander_PI4IOE5
>> V96248.obj, .\Obj\AT25SF041.obj, .\Obj\STARTUP.obj TO .\Obj\GPIO_RTC_Test PRINT (.\Lis\GPIO_RTC_Test.m51) RAMSIZE (25
>> 6)


MEMORY MODEL: LARGE WITH FLOATING POINT ARITHMETIC


INPUT MODULES INCLUDED:
  .\Obj\main.obj (MAIN)
  .\Obj\PCF85063BTL.obj (PCF85063BTL)
  .\Obj\UART1.obj (UART1)
  .\Obj\LCd_Driver_SPLC780D.obj (LCD_DRIVER_SPLC780D)
  .\Obj\KeyPad.obj (KEYPAD)
  .\Obj\BipolarMotor.obj (BIPOLARMOTOR)
  .\Obj\SunPos.obj (SUNPOS)
  .\Obj\ADC.obj (ADC)
  .\Obj\Calibration.obj (CALIBRATION)
  .\Obj\IOExpander_PI4IOE5V96248.obj (IOEXPANDER_PI4IOE5V96248)
  .\Obj\AT25SF041.obj (AT25SF041)
  .\Obj\STARTUP.obj (?C_STARTUP)
  C:\KEIL_V5\C51\LIB\C51FPL.LIB (?C?FPADD)
  C:\KEIL_V5\C51\LIB\C51FPL.LIB (?C?FPMUL)
  C:\KEIL_V5\C51\LIB\C51FPL.LIB (?C?FPDIV)
  C:\KEIL_V5\C51\LIB\C51FPL.LIB (?C?FPCMP)
  C:\KEIL_V5\C51\LIB\C51FPL.LIB (?C?FPNEG)
  C:\KEIL_V5\C51\LIB\C51FPL.LIB (?C?FCAST)
  C:\KEIL_V5\C51\LIB\C51FPL.LIB (?C?CASTF)
  C:\KEIL_V5\C51\LIB\C51FPL.LIB (ATAN2)
  C:\KEIL_V5\C51\LIB\C51FPL.LIB (SIN)
  C:\KEIL_V5\C51\LIB\C51FPL.LIB (ACOS)
  C:\KEIL_V5\C51\LIB\C51FPL.LIB (ASIN)
  C:\KEIL_V5\C51\LIB\C51FPL.LIB (?C?FPGETOPN)
  C:\KEIL_V5\C51\LIB\C51FPL.LIB (?C?FPSERIES)
  C:\KEIL_V5\C51\LIB\C51FPL.LIB (SQRT)
  C:\KEIL_V5\C51\LIB\C51FPL.LIB (ATAN)
  C:\KEIL_V5\C51\LIB\C51L.LIB (?C_INIT)
  C:\KEIL_V5\C51\LIB\C51L.LIB (?C?COPY)
  C:\KEIL_V5\C51\LIB\C51L.LIB (?C?CLDPTR)
  C:\KEIL_V5\C51\LIB\C51L.LIB (?C?CLDOPTR)
  C:\KEIL_V5\C51\LIB\C51L.LIB (?C?CSTPTR)
  C:\KEIL_V5\C51\LIB\C51L.LIB (?C?IMUL)
  C:\KEIL_V5\C51\LIB\C51L.LIB (?C?UIDIV)
  C:\KEIL_V5\C51\LIB\C51L.LIB (?C?SIDIV)
  C:\KEIL_V5\C51\LIB\C51L.LIB (?C?ILDIX)
  C:\KEIL_V5\C51\LIB\C51L.LIB (?C?ILDOPTR)
  C:\KEIL_V5\C51\LIB\C51L.LIB (?C?ISTPTR)
  C:\KEIL_V5\C51\LIB\C51L.LIB (?C?LMUL)
  C:\KEIL_V5\C51\LIB\C51L.LIB (?C?SLDIV)
  C:\KEIL_V5\C51\LIB\C51L.LIB (?C?LNEG)
  C:\KEIL_V5\C51\LIB\C51L.LIB (?C?ULCMP)
  C:\KEIL_V5\C51\LIB\C51L.LIB (?C?LSHL)
  C:\KEIL_V5\C51\LIB\C51L.LIB (?C?LLDPTR)
  C:\KEIL_V5\C51\LIB\C51L.LIB (?C?LLDOPTR)
  C:\KEIL_V5\C51\LIB\C51L.LIB (?C?LSTPTR)
  C:\KEIL_V5\C51\LIB\C51L.LIB (?C?LSTOPTR)
BL51 BANKED LINKER/LOCATER V6.22                                                      02/22/2019  10:31:58  PAGE 2


  C:\KEIL_V5\C51\LIB\C51L.LIB (?C?LLDXDATA)
  C:\KEIL_V5\C51\LIB\C51L.LIB (?C?LLDCODE)
  C:\KEIL_V5\C51\LIB\C51L.LIB (?C?LLDXDATA0)
  C:\KEIL_V5\C51\LIB\C51L.LIB (?C?LLDCODE0)
  C:\KEIL_V5\C51\LIB\C51L.LIB (?C?LLDPTR0)
  C:\KEIL_V5\C51\LIB\C51L.LIB (?C?LSTXDATA)
  C:\KEIL_V5\C51\LIB\C51L.LIB (?C?LSTKXDATA)
  C:\KEIL_V5\C51\LIB\C51L.LIB (?C?LSTKPTR)
  C:\KEIL_V5\C51\LIB\C51L.LIB (?C?OFFXADD)
  C:\KEIL_V5\C51\LIB\C51L.LIB (ABS)
  C:\KEIL_V5\C51\LIB\C51L.LIB (ATOI)
  C:\KEIL_V5\C51\LIB\C51L.LIB (?C?IILDX)
  C:\KEIL_V5\C51\LIB\C51L.LIB (?C?ULDIV)
  C:\KEIL_V5\C51\LIB\C51L.LIB (?C?LLDIDATA)
  C:\KEIL_V5\C51\LIB\C51L.LIB (?C?LLDPDATA)
  C:\KEIL_V5\C51\LIB\C51L.LIB (?C?LLDIDATA0)
  C:\KEIL_V5\C51\LIB\C51L.LIB (?C?LLDPDATA0)
  C:\KEIL_V5\C51\LIB\C51L.LIB (?C?LSTIDATA)
  C:\KEIL_V5\C51\LIB\C51L.LIB (?C?LSTPDATA)
  C:\KEIL_V5\C51\LIB\C51L.LIB (?C?LSTKIDATA)
  C:\KEIL_V5\C51\LIB\C51L.LIB (?C?LSTKPDATA)
  C:\KEIL_V5\C51\LIB\C51L.LIB (ISDIGIT)
  C:\KEIL_V5\C51\LIB\C51L.LIB (ISSPACE)


LINK MAP OF MODULE:  .\Obj\GPIO_RTC_Test (MAIN)


            TYPE    BASE      LENGTH    RELOCATION   SEGMENT NAME
            -----------------------------------------------------

            * * * * * * *   D A T A   M E M O R Y   * * * * * * *
            REG     0000H     0008H     ABSOLUTE     "REG BANK 0"
                    0008H     0018H                  *** GAP ***
            BIT     0020H.0   0000H.5   UNIT         ?BI?KEYPAD
            BIT     0020H.5   0000H.3   UNIT         _BIT_GROUP_
            BIT     0021H.0   0000H.1   UNIT         ?BI?MAIN
            BIT     0021H.1   0000H.1   UNIT         ?BI?_ATOI?ATOI
                    0021H.2   0000H.6                *** GAP ***
            IDATA   0022H     0001H     UNIT         ?STACK

            * * * * * * *  X D A T A   M E M O R Y  * * * * * * *
            XDATA   0000H     038FH     UNIT         ?XD?BIPOLARMOTOR
            XDATA   038FH     0152H     UNIT         _XDATA_GROUP_
            XDATA   04E1H     00D4H     UNIT         ?XD?MAIN
            XDATA   05B5H     0040H     UNIT         ?XD?_FINDDET4X4?BIPOLARMOTOR
            XDATA   05F5H     0024H     UNIT         ?XD?_FINDDET3X3?BIPOLARMOTOR
            XDATA   0619H     0009H     UNIT         ?XD?KEYPAD
            XDATA   0622H     0008H     UNIT         ?XD?_AT25SF041_READ?AT25SF041
            XDATA   062AH     0005H     UNIT         ?XD?_ATOI?ATOI
            XDATA   062FH     0004H     UNIT         ?XD?_DISPLAY_PROX?MAIN
            XDATA   0633H     0003H     UNIT         ?XD?_SENDSTRING?UART1
            XDATA   0636H     0001H     UNIT         ?XD?UC_ACK?IOEXPANDER_PI4IOE5V96248
            XDATA   0637H     0001H     UNIT         ?XD?UC_NACK?IOEXPANDER_PI4IOE5V96248

            * * * * * * *   C O D E   M E M O R Y   * * * * * * *
            CODE    0000H     0003H     ABSOLUTE     
BL51 BANKED LINKER/LOCATER V6.22                                                      02/22/2019  10:31:58  PAGE 3


            CODE    0003H     0006H     UNIT         ?PR?_TEN?UART1
            CODE    0009H     0001H     UNIT         ?PR?TM0_ISR?MAIN
            CODE    000AH     0001H     UNIT         ?PR?_DECTOBCD?UART1
            CODE    000BH     0003H     ABSOLUTE     
            CODE    000EH     0B00H     UNIT         ?PR?_UPDATE_POSITION?BIPOLARMOTOR
            CODE    0B0EH     0AB2H     UNIT         ?PR?MAIN?MAIN
            CODE    15C0H     09B6H     UNIT         ?C?LIB_CODE
            CODE    1F76H     07A2H     UNIT         ?PR?SUNPOS?SUNPOS
            CODE    2718H     03F2H     UNIT         ?C_INITSEG
            CODE    2B0AH     0309H     UNIT         ?PR?_FIND_REAL_MAX?CALIBRATION
            CODE    2E13H     02C0H     UNIT         ?PR?_FINDDET4X4?BIPOLARMOTOR
            CODE    30D3H     02A0H     UNIT         ?PR?KEY_PROCESS?KEYPAD
            CODE    3373H     01D1H     UNIT         ?PR?_FINDDET3X3?BIPOLARMOTOR
            CODE    3544H     018DH     UNIT         ?PR?KEY_SCAN?KEYPAD
            CODE    36D1H     0188H     UNIT         ?PR?SIN?SIN
            CODE    3859H     0172H     UNIT         ?PR?_DISPLAY_POS?MAIN
            CODE    39CBH     013CH     UNIT         ?PR?_CALIBRATION?CALIBRATION
            CODE    3B07H     0122H     UNIT         ?PR?ATAN?ATAN
            CODE    3C29H     0106H     UNIT         ?PR?_AT25SF041_READ?AT25SF041
            CODE    3D2FH     00FBH     UNIT         ?PR?_AT25SF041_WRITE?AT25SF041
            CODE    3E2AH     00DBH     UNIT         ?PR?_ATOI?ATOI
            CODE    3F05H     00C6H     UNIT         ?PR?SPI_NOR_WRITE_DATA?AT25SF041
            CODE    3FCBH     00C3H     UNIT         ?PR?LINEAR_INTERPOLATE?BIPOLARMOTOR
            CODE    408EH     00BBH     UNIT         ?PR?VOLTAGE_IS_STABLE?CALIBRATION
            CODE    4149H     00ADH     UNIT         ?PR?_WRITE_PI4IOE5V96248?IOEXPANDER_PI4IOE5V96248
            CODE    41F6H     00ACH     UNIT         ?PR?SQRT?SQRT
            CODE    42A2H     00A1H     UNIT         ?PR?READ_STATUS_REGISTER_BYTE1?AT25SF041
            CODE    4343H     009DH     UNIT         ?PR?_ATAN2?ATAN2
            CODE    43E0H     009CH     UNIT         ?PR?_MAX_VALUE?CALIBRATION
            CODE    447CH     0095H     UNIT         ?PR?_DISPLAY_PROX?MAIN
            CODE    4511H     008CH     UNIT         ?C_C51STARTUP
            CODE    459DH     0084H     UNIT         ?PR?_DAY_OF_YEAR?PCF85063BTL
            CODE    4621H     0075H     UNIT         ?PR?_WRITEDATA?LCD_DRIVER_SPLC780D
            CODE    4696H     006FH     UNIT         ?PR?_READ_TIME?PCF85063BTL
            CODE    4705H     005AH     UNIT         ?PR?AT25SF041_CHIPERASE?AT25SF041
            CODE    475FH     0059H     UNIT         ?PR?LCD_INIT?LCD_DRIVER_SPLC780D
            CODE    47B8H     0050H     UNIT         ?PR?AT25SF041_WRITEENABLE?AT25SF041
            CODE    4808H     004AH     UNIT         ?PR?VONESTEPMOVE?BIPOLARMOTOR
            CODE    4852H     004AH     UNIT         ?PR?ACOS?ACOS
            CODE    489CH     0044H     UNIT         ?C?LDIV
            CODE    48E0H     0040H     UNIT         ?PR?_COMMAND?LCD_DRIVER_SPLC780D
            CODE    4920H     0040H     UNIT         ?PR?_STEP_MOVE?BIPOLARMOTOR
            CODE    4960H     003BH     UNIT         ?PR?ASIN?ASIN
            CODE    499BH     0033H     UNIT         ?PR?_SENDSTRING?UART1
            CODE    49CEH     002CH     UNIT         ?PR?_ADC_GETRESULT?ADC
            CODE    49FAH     002BH     UNIT         ?PR?_WAIT_MS_I2C?IOEXPANDER_PI4IOE5V96248
            CODE    4A25H     002BH     UNIT         ?PR?_WAIT_MS_SPINOR?AT25SF041
            CODE    4A50H     0028H     UNIT         ?PR?_MOVE?BIPOLARMOTOR
            CODE    4A78H     0027H     UNIT         ?PR?_I2C_SENDBYTE?IOEXPANDER_PI4IOE5V96248
            CODE    4A9FH     0024H     UNIT         ?PR?_WAIT_MS?LCD_DRIVER_SPLC780D
            CODE    4AC3H     0020H     UNIT         ?PR?_SPI_SENDBYTE?PCF85063BTL
            CODE    4AE3H     0020H     UNIT         ?PR?SPI_RECEIVEBYTE?PCF85063BTL
            CODE    4B03H     001FH     UNIT         ?PR?ADC_INIT?ADC
            CODE    4B22H     001EH     UNIT         ?PR?_DELAY_MS?KEYPAD
            CODE    4B40H     001DH     UNIT         ?PR?_DISPLAYLCD?LCD_DRIVER_SPLC780D
            CODE    4B5DH     001BH     UNIT         ?PR?_BCDTODEC1?BIPOLARMOTOR
            CODE    4B78H     0018H     UNIT         ?PR?_SPI_WRITETIME?PCF85063BTL
BL51 BANKED LINKER/LOCATER V6.22                                                      02/22/2019  10:31:58  PAGE 4


            CODE    4B90H     0017H     UNIT         ?PR?_ASCIITOBCD?UART1
            CODE    4BA7H     0016H     UNIT         ?PR?I2C_ACK?IOEXPANDER_PI4IOE5V96248
            CODE    4BBDH     0015H     UNIT         ?PR?_DISPLAY_LINE?LCD_DRIVER_SPLC780D
            CODE    4BD2H     0015H     UNIT         ?PR?I2C_STOP?IOEXPANDER_PI4IOE5V96248
            CODE    4BE7H     0014H     UNIT         ?PR?_PCF85063BTL_DELAY?PCF85063BTL
            CODE    4BFBH     0014H     UNIT         ?PR?_ISSPACE?ISSPACE
            CODE    4C0FH     0011H     UNIT         ?PR?_SPI_READTIME?PCF85063BTL
            CODE    4C20H     0011H     UNIT         ?PR?_BCDTODEC?PCF85063BTL
            CODE    4C31H     0011H     UNIT         ?PR?INITUART1?UART1
            CODE    4C42H     000FH     UNIT         ?PR?I2C_START?IOEXPANDER_PI4IOE5V96248
            CODE    4C51H     000FH     UNIT         ?PR?UC_NACK?IOEXPANDER_PI4IOE5V96248
            CODE    4C60H     000FH     UNIT         ?PR?_ISDIGIT?ISDIGIT
            CODE    4C6FH     000DH     UNIT         ?PR?SPI_INIT?PCF85063BTL
            CODE    4C7CH     000CH     UNIT         ?PR?KEYPAD_IO_INIT?KEYPAD
            CODE    4C88H     000CH     UNIT         ?PR?_ABS?ABS
            CODE    4C94H     000AH     UNIT         ?PR?LCD_RETURN_HOME?LCD_DRIVER_SPLC780D
            CODE    4C9EH     000AH     UNIT         ?PR?LCD_CLEAR?LCD_DRIVER_SPLC780D
            CODE    4CA8H     0006H     UNIT         ?PR?UC_ACK?IOEXPANDER_PI4IOE5V96248
            CODE    4CAEH     0005H     UNIT         ?PR?_UNIT?UART1
            CODE    4CB3H     0005H     UNIT         ?PR?_ASCII_LETTER?UART1
            CODE    4CB8H     0001H     UNIT         ?PR?WAIT?BIPOLARMOTOR
            CODE    4CB9H     0001H     UNIT         ?PR?NOP?IOEXPANDER_PI4IOE5V96248



OVERLAY MAP OF MODULE:   .\Obj\GPIO_RTC_Test (MAIN)


SEGMENT                                             BIT_GROUP          XDATA_GROUP
  +--> CALLED SEGMENT                            START    LENGTH     START    LENGTH
------------------------------------------------------------------------------------
?C_C51STARTUP                                    -----    -----      -----    -----
  +--> ?PR?MAIN?MAIN
  +--> ?C_INITSEG

?PR?MAIN?MAIN                                    -----    -----      038FH    0031H
  +--> ?PR?LCD_INIT?LCD_DRIVER_SPLC780D
  +--> ?PR?SPI_INIT?PCF85063BTL
  +--> ?PR?KEYPAD_IO_INIT?KEYPAD
  +--> ?PR?ADC_INIT?ADC
  +--> ?PR?_SPI_WRITETIME?PCF85063BTL
  +--> ?PR?_DELAY_MS?KEYPAD
  +--> ?PR?_DISPLAY_LINE?LCD_DRIVER_SPLC780D
  +--> ?PR?_WRITEDATA?LCD_DRIVER_SPLC780D
  +--> ?PR?KEY_PROCESS?KEYPAD
  +--> ?PR?_COMMAND?LCD_DRIVER_SPLC780D
  +--> ?PR?_DISPLAY_POS?MAIN
  +--> ?PR?_DISPLAYLCD?LCD_DRIVER_SPLC780D
  +--> ?PR?_STEP_MOVE?BIPOLARMOTOR
  +--> ?PR?LCD_RETURN_HOME?LCD_DRIVER_SPLC780D
  +--> ?PR?_READ_TIME?PCF85063BTL
  +--> ?PR?_ADC_GETRESULT?ADC
  +--> ?PR?_BCDTODEC1?BIPOLARMOTOR
  +--> ?PR?_CALIBRATION?CALIBRATION
  +--> ?PR?_WAIT_MS_SPINOR?AT25SF041
  +--> ?PR?SPI_NOR_WRITE_DATA?AT25SF041
  +--> ?PR?LINEAR_INTERPOLATE?BIPOLARMOTOR
BL51 BANKED LINKER/LOCATER V6.22                                                      02/22/2019  10:31:58  PAGE 5


  +--> ?PR?_UPDATE_POSITION?BIPOLARMOTOR

?PR?LCD_INIT?LCD_DRIVER_SPLC780D                 -----    -----      -----    -----
  +--> ?PR?_WAIT_MS?LCD_DRIVER_SPLC780D
  +--> ?PR?_COMMAND?LCD_DRIVER_SPLC780D

?PR?_COMMAND?LCD_DRIVER_SPLC780D                 -----    -----      -----    -----
  +--> ?PR?_WAIT_MS?LCD_DRIVER_SPLC780D

?PR?ADC_INIT?ADC                                 -----    -----      -----    -----
  +--> ?PR?_WAIT_MS?LCD_DRIVER_SPLC780D

?PR?_SPI_WRITETIME?PCF85063BTL                   -----    -----      -----    -----
  +--> ?PR?_SPI_SENDBYTE?PCF85063BTL

?PR?_SPI_SENDBYTE?PCF85063BTL                    -----    -----      -----    -----
  +--> ?PR?_PCF85063BTL_DELAY?PCF85063BTL

?PR?_DISPLAY_LINE?LCD_DRIVER_SPLC780D            -----    -----      -----    -----
  +--> ?PR?_COMMAND?LCD_DRIVER_SPLC780D

?PR?_WRITEDATA?LCD_DRIVER_SPLC780D               -----    -----      046DH    0001H
  +--> ?PR?_WAIT_MS?LCD_DRIVER_SPLC780D

?PR?KEY_PROCESS?KEYPAD                           -----    -----      03C0H    0006H
  +--> ?PR?KEY_SCAN?KEYPAD
  +--> ?PR?_SPI_WRITETIME?PCF85063BTL
  +--> ?PR?LCD_CLEAR?LCD_DRIVER_SPLC780D
  +--> ?PR?_COMMAND?LCD_DRIVER_SPLC780D
  +--> ?PR?_WRITEDATA?LCD_DRIVER_SPLC780D

?PR?KEY_SCAN?KEYPAD                              -----    -----      03C6H    0003H

?PR?LCD_CLEAR?LCD_DRIVER_SPLC780D                -----    -----      -----    -----
  +--> ?PR?_COMMAND?LCD_DRIVER_SPLC780D

?PR?_DISPLAY_POS?MAIN                            -----    -----      0463H    000AH
  +--> ?PR?_ABS?ABS
  +--> ?PR?_WRITEDATA?LCD_DRIVER_SPLC780D

?PR?_DISPLAYLCD?LCD_DRIVER_SPLC780D              -----    -----      03C0H    0001H
  +--> ?PR?_WRITEDATA?LCD_DRIVER_SPLC780D

?PR?_STEP_MOVE?BIPOLARMOTOR                      0020H.6  0000H.1    047CH    0004H
  +--> ?PR?VONESTEPMOVE?BIPOLARMOTOR

?PR?VONESTEPMOVE?BIPOLARMOTOR                    0020H.7  0000H.1    -----    -----
  +--> ?PR?_WRITE_PI4IOE5V96248?IOEXPANDER_P...
  +--> ?PR?_DELAY_MS?KEYPAD

?PR?_WRITE_PI4IOE5V96248?IOEXPANDER_P...         -----    -----      0480H    0003H
  +--> ?PR?I2C_START?IOEXPANDER_PI4IOE5V96248
  +--> ?PR?_WAIT_MS_I2C?IOEXPANDER_PI4IOE5V9...
  +--> ?PR?_I2C_SENDBYTE?IOEXPANDER_PI4IOE5V...
  +--> ?PR?I2C_ACK?IOEXPANDER_PI4IOE5V96248
  +--> ?PR?I2C_STOP?IOEXPANDER_PI4IOE5V96248

BL51 BANKED LINKER/LOCATER V6.22                                                      02/22/2019  10:31:58  PAGE 6


?PR?I2C_START?IOEXPANDER_PI4IOE5V96248           -----    -----      -----    -----
  +--> ?PR?_WAIT_MS_I2C?IOEXPANDER_PI4IOE5V9...

?PR?_I2C_SENDBYTE?IOEXPANDER_PI4IOE5V...         -----    -----      -----    -----
  +--> ?PR?_WAIT_MS_I2C?IOEXPANDER_PI4IOE5V9...

?PR?I2C_ACK?IOEXPANDER_PI4IOE5V96248             -----    -----      0483H    0001H
  +--> ?PR?_WAIT_MS_I2C?IOEXPANDER_PI4IOE5V9...

?PR?I2C_STOP?IOEXPANDER_PI4IOE5V96248            -----    -----      -----    -----
  +--> ?PR?_WAIT_MS_I2C?IOEXPANDER_PI4IOE5V9...

?PR?LCD_RETURN_HOME?LCD_DRIVER_SPLC780D          -----    -----      -----    -----
  +--> ?PR?_COMMAND?LCD_DRIVER_SPLC780D

?PR?_READ_TIME?PCF85063BTL                       -----    -----      03C0H    000FH
  +--> ?PR?_SPI_READTIME?PCF85063BTL

?PR?_SPI_READTIME?PCF85063BTL                    -----    -----      -----    -----
  +--> ?PR?_SPI_SENDBYTE?PCF85063BTL
  +--> ?PR?SPI_RECEIVEBYTE?PCF85063BTL

?PR?SPI_RECEIVEBYTE?PCF85063BTL                  -----    -----      -----    -----
  +--> ?PR?_PCF85063BTL_DELAY?PCF85063BTL

?PR?_CALIBRATION?CALIBRATION                     -----    -----      03C0H    0019H
  +--> ?PR?VOLTAGE_IS_STABLE?CALIBRATION
  +--> ?PR?_UPDATE_POSITION?BIPOLARMOTOR
  +--> ?PR?_FIND_REAL_MAX?CALIBRATION

?PR?VOLTAGE_IS_STABLE?CALIBRATION                -----    -----      03D9H    0018H
  +--> ?PR?_ADC_GETRESULT?ADC
  +--> ?PR?_ABS?ABS

?PR?_UPDATE_POSITION?BIPOLARMOTOR                -----    -----      03D9H    009FH
  +--> ?PR?_BCDTODEC1?BIPOLARMOTOR
  +--> ?PR?SUNPOS?SUNPOS
  +--> ?PR?SIN?SIN
  +--> ?PR?ASIN?ASIN
  +--> ?PR?LINEAR_INTERPOLATE?BIPOLARMOTOR
  +--> ?PR?_ABS?ABS
  +--> ?PR?_MOVE?BIPOLARMOTOR

?PR?SUNPOS?SUNPOS                                -----    -----      0478H    005DH
  +--> ?PR?SIN?SIN
  +--> ?PR?_ATAN2?ATAN2
  +--> ?PR?ASIN?ASIN
  +--> ?PR?ACOS?ACOS

?PR?SIN?SIN                                      0020H.5  0000H.1    04D5H    0004H

?PR?_ATAN2?ATAN2                                 -----    -----      04D5H    0008H
  +--> ?PR?ATAN?ATAN

?PR?ATAN?ATAN                                    0020H.5  0000H.2    04DDH    0004H

?PR?ASIN?ASIN                                    -----    -----      -----    -----
BL51 BANKED LINKER/LOCATER V6.22                                                      02/22/2019  10:31:58  PAGE 7


  +--> ?PR?SQRT?SQRT
  +--> ?PR?ATAN?ATAN

?PR?SQRT?SQRT                                    -----    -----      04D5H    0004H

?PR?ACOS?ACOS                                    -----    -----      -----    -----
  +--> ?PR?SQRT?SQRT
  +--> ?PR?ATAN?ATAN

?PR?LINEAR_INTERPOLATE?BIPOLARMOTOR              -----    -----      0478H    0014H

?PR?_MOVE?BIPOLARMOTOR                           0020H.5  0000H.1    0478H    0004H
  +--> ?PR?_STEP_MOVE?BIPOLARMOTOR

?PR?_FIND_REAL_MAX?CALIBRATION                   -----    -----      03D9H    008AH
  +--> ?PR?_ADC_GETRESULT?ADC
  +--> ?PR?_MOVE?BIPOLARMOTOR
  +--> ?PR?_COMMAND?LCD_DRIVER_SPLC780D
  +--> ?PR?_WRITEDATA?LCD_DRIVER_SPLC780D
  +--> ?PR?_DISPLAY_POS?MAIN
  +--> ?PR?_WAIT_MS?LCD_DRIVER_SPLC780D
  +--> ?PR?_MAX_VALUE?CALIBRATION

?PR?_MAX_VALUE?CALIBRATION                       -----    -----      0463H    0004H

?PR?SPI_NOR_WRITE_DATA?AT25SF041                 -----    -----      03C0H    000FH
  +--> ?PR?AT25SF041_WRITEENABLE?AT25SF041
  +--> ?PR?AT25SF041_CHIPERASE?AT25SF041
  +--> ?PR?_WAIT_MS_SPINOR?AT25SF041
  +--> ?PR?_AT25SF041_WRITE?AT25SF041

?PR?AT25SF041_WRITEENABLE?AT25SF041              -----    -----      03CFH    0002H
  +--> ?PR?_WAIT_MS_SPINOR?AT25SF041

?PR?AT25SF041_CHIPERASE?AT25SF041                -----    -----      03CFH    0002H
  +--> ?PR?_WAIT_MS_SPINOR?AT25SF041
  +--> ?PR?READ_STATUS_REGISTER_BYTE1?AT25SF041

?PR?READ_STATUS_REGISTER_BYTE1?AT25SF041         -----    -----      03D1H    0003H
  +--> ?PR?_WAIT_MS_SPINOR?AT25SF041

?PR?_AT25SF041_WRITE?AT25SF041                   -----    -----      03CFH    0008H
  +--> ?PR?_WAIT_MS_SPINOR?AT25SF041



UNRESOLVED EXTERNAL SYMBOLS:
   AUTO_MODE
   _SENDUART1



SYMBOL TABLE OF MODULE:  .\Obj\GPIO_RTC_Test (MAIN)

  VALUE           TYPE          NAME
  ----------------------------------

BL51 BANKED LINKER/LOCATER V6.22                                                      02/22/2019  10:31:58  PAGE 8


  -------         MODULE        MAIN
  C:0000H         SYMBOL        _ICE_DUMMY_
  X:04E9H         PUBLIC        calib_value
  D:0080H         PUBLIC        P0
  D:00B2H         PUBLIC        P3M0
  D:0090H         PUBLIC        P1
  D:00B1H         PUBLIC        P3M1
  D:00A0H         PUBLIC        P2
  D:00B0H         PUBLIC        P3
  D:00C0H         PUBLIC        P4
  D:00C8H         PUBLIC        P5
  X:053DH         SYMBOL        PressedKey
  B:00A8H.7       PUBLIC        EA
  D:00E8H         PUBLIC        P6
  X:0541H         PUBLIC        calib_stamp
  D:00F8H         PUBLIC        P7
  X:0542H         PUBLIC        RX_Data_Uart_Cnt
  D:00A8H         PUBLIC        IE
  X:0544H         PUBLIC        calib_time
  D:00B8H         PUBLIC        IP
  X:0598H         PUBLIC        months
  D:00D8H         PUBLIC        CCON
  C:0B0EH         PUBLIC        main
  X:0599H         PUBLIC        count
  X:059BH         PUBLIC        days
  X:059CH         PUBLIC        hours
  D:0098H         PUBLIC        SCON
  D:0089H         PUBLIC        TMOD
  D:0088H         PUBLIC        TCON
  B:00A0H.3       PUBLIC        P23
  X:059DH         SYMBOL        KeyCount
  X:059FH         PUBLIC        mins
  X:05A0H         PUBLIC        Rec_data_hour
  B:00C8H.5       PUBLIC        P55
  X:05A3H         PUBLIC        Rec_data_min
  D:008EH         PUBLIC        AUXR
  C:0009H         PUBLIC        tm0_isr
  B:0021H.0       PUBLIC        busy
  B:00A8H.1       PUBLIC        ET0
  D:008CH         PUBLIC        TH0
  X:05A6H         PUBLIC        hour_count
  D:008AH         PUBLIC        TL0
  X:05A7H         PUBLIC        min_count
  B:0088H.4       PUBLIC        TR0
  X:05A8H         SYMBOL        KeyNum
  X:05A9H         SYMBOL        KeyNum_Old
  X:05AAH         PUBLIC        current_position
  X:05AEH         PUBLIC        hours1
  X:05AFH         PUBLIC        hours2
  C:447CH         PUBLIC        _Display_Prox
  X:05B0H         PUBLIC        mins1
  X:05B1H         PUBLIC        mins2
  C:3859H         PUBLIC        _Display_Pos
  X:05B2H         PUBLIC        seconds
  X:05B3H         PUBLIC        st_time
  D:00D0H         PUBLIC        PSW
  -------         PROC          TM0_ISR
BL51 BANKED LINKER/LOCATER V6.22                                                      02/22/2019  10:31:58  PAGE 9


  C:0009H         LINE#         85
  C:0009H         LINE#         87
  -------         ENDPROC       TM0_ISR
  -------         PROC          MAIN
  -------         DO            
  X:038FH         SYMBOL        sunlight_ADC
  X:04E1H         SYMBOL        KeyCount
  X:04E3H         SYMBOL        KeyNum_Old
  X:04E4H         SYMBOL        KeyNum
  X:04E5H         SYMBOL        PressedKey
  X:0391H         SYMBOL        prox_flag
  X:0392H         SYMBOL        iUse_prevday_calib_value
  X:0394H         SYMBOL        max_ADC_Val
  X:0396H         SYMBOL        max_ADC_Val_JP
  X:0398H         SYMBOL        calib_point1
  X:03A0H         SYMBOL        calib_point2
  X:03A8H         SYMBOL        dat_to_store
  X:03B4H         SYMBOL        calib_day
  X:03B6H         SYMBOL        calib_count
  X:03B8H         SYMBOL        theorical_JP_max_pos
  X:03BCH         SYMBOL        SPI_NOR_INTERNAL_FLASH_ADDR
  -------         ENDDO         
  C:0B0EH         LINE#         89
  C:0B0EH         LINE#         90
  C:0B0EH         LINE#         95
  C:0B14H         LINE#         96
  C:0B1DH         LINE#         100
  C:0B23H         LINE#         101
  C:0B2DH         LINE#         102
  C:0B37H         LINE#         106
  C:0B39H         LINE#         107
  C:0B3BH         LINE#         108
  C:0B3DH         LINE#         109
  C:0B3FH         LINE#         111
  C:0B46H         LINE#         120
  C:0B48H         LINE#         121
  C:0B4BH         LINE#         122
  C:0B4EH         LINE#         123
  C:0B51H         LINE#         124
  C:0B54H         LINE#         125
  C:0B57H         LINE#         128
  C:0B5AH         LINE#         130
  C:0B5DH         LINE#         131
  C:0B60H         LINE#         132
  C:0B63H         LINE#         133
  C:0B65H         LINE#         134
  C:0B67H         LINE#         135
  C:0B69H         LINE#         137
  C:0B6BH         LINE#         138
  C:0B72H         LINE#         139
  C:0B79H         LINE#         140
  C:0B80H         LINE#         141
  C:0B87H         LINE#         145
  C:0B8EH         LINE#         146
  C:0B93H         LINE#         147
  C:0B98H         LINE#         148
  C:0B9DH         LINE#         149
BL51 BANKED LINKER/LOCATER V6.22                                                      02/22/2019  10:31:58  PAGE 10


  C:0BA2H         LINE#         150
  C:0BA7H         LINE#         153
  C:0BC0H         LINE#         154
  C:0BC0H         LINE#         155
  C:0BDCH         LINE#         156
  C:0C23H         LINE#         157
  C:0C34H         LINE#         158
  C:0C34H         LINE#         159
  C:0C34H         LINE#         160
  C:0C37H         LINE#         163
  C:0C37H         LINE#         166
  C:0C3CH         LINE#         167
  C:0C41H         LINE#         169
  C:0C46H         LINE#         170
  C:0C4BH         LINE#         171
  C:0C50H         LINE#         172
  C:0C55H         LINE#         174
  C:0C66H         LINE#         175
  C:0C6BH         LINE#         176
  C:0C70H         LINE#         178
  C:0C77H         LINE#         179
  C:0C7FH         LINE#         180
  C:0C84H         LINE#         181
  C:0C8CH         LINE#         182
  C:0C91H         LINE#         183
  C:0C9BH         LINE#         184
  C:0CA0H         LINE#         185
  C:0CA8H         LINE#         187
  C:0CB0H         LINE#         188
  C:0CB5H         LINE#         189
  C:0CBFH         LINE#         190
  C:0CBFH         LINE#         191
  C:0CC1H         LINE#         192
  C:0CC3H         LINE#         193
  C:0CCDH         LINE#         194
  C:0CCDH         LINE#         195
  C:0CD2H         LINE#         196
  C:0CD2H         LINE#         208
  C:0CDFH         LINE#         209
  C:0CDFH         LINE#         210
  C:0CE9H         LINE#         211
  C:0D00H         LINE#         212
  C:0D00H         LINE#         213
  C:0D02H         LINE#         214
  C:0D04H         LINE#         216
  C:0D04H         LINE#         217
  C:0D0FH         LINE#         218
  C:0D0FH         LINE#         219
  C:0D14H         LINE#         220
  C:0D14H         LINE#         221
  C:0D21H         LINE#         222
  C:0D21H         LINE#         225
  C:0D2BH         LINE#         226
  C:0D42H         LINE#         227
  C:0D42H         LINE#         228
  C:0D44H         LINE#         229
  C:0D46H         LINE#         231
BL51 BANKED LINKER/LOCATER V6.22                                                      02/22/2019  10:31:58  PAGE 11


  C:0D46H         LINE#         232
  C:0D51H         LINE#         233
  C:0D51H         LINE#         234
  C:0D56H         LINE#         235
  C:0D58H         LINE#         236
  C:0D58H         LINE#         245
  C:0D7AH         LINE#         246
  C:0D7AH         LINE#         247
  C:0D84H         LINE#         248
  C:0D8AH         LINE#         249
  C:0D8CH         LINE#         250
  C:0D8EH         LINE#         251
  C:0D90H         LINE#         252
  C:0D90H         LINE#         253
  C:0D93H         LINE#         255
  C:0D93H         LINE#         256
  C:0D99H         LINE#         257
  C:0DA1H         LINE#         258
  C:0DA7H         LINE#         259
  C:0DAFH         LINE#         260
  C:0DEAH         LINE#         264
  C:0DF7H         LINE#         265
  C:0DF7H         LINE#         266
  C:0E04H         LINE#         267
  C:0E37H         LINE#         268
  C:0E44H         LINE#         269
  C:0E44H         LINE#         271
  C:0E73H         LINE#         272
  C:0E73H         LINE#         273
  C:0E95H         LINE#         274
  C:0E95H         LINE#         275
  C:0F11H         LINE#         276
  C:0F8FH         LINE#         280
  C:0F97H         LINE#         281
  C:0F9FH         LINE#         282
  C:0FA7H         LINE#         284
  C:0FAFH         LINE#         285
  C:0FB8H         LINE#         286
  C:0FCEH         LINE#         288
  C:0FFEH         LINE#         289
  C:100DH         LINE#         290
  C:1016H         LINE#         292
  C:102CH         LINE#         293
  C:105CH         LINE#         356
  C:1063H         LINE#         357
  C:1063H         LINE#         358
  C:1066H         LINE#         359
  C:1077H         LINE#         360
  C:1077H         LINE#         361
  C:1077H         LINE#         363
  C:1077H         LINE#         366
  C:107AH         LINE#         368
  C:107AH         LINE#         369
  C:109CH         LINE#         370
  C:109CH         LINE#         371
  C:1118H         LINE#         372
  C:116DH         LINE#         373
BL51 BANKED LINKER/LOCATER V6.22                                                      02/22/2019  10:31:58  PAGE 12


  C:116DH         LINE#         374
  C:116DH         LINE#         375
  C:1170H         LINE#         379
  C:1170H         LINE#         382
  C:11A4H         LINE#         383
  C:11A4H         LINE#         384
  C:11C6H         LINE#         385
  C:11C6H         LINE#         386
  C:1242H         LINE#         387
  C:12C0H         LINE#         391
  C:12C8H         LINE#         392
  C:12D0H         LINE#         393
  C:12D8H         LINE#         395
  C:12E0H         LINE#         396
  C:12E9H         LINE#         397
  C:12FFH         LINE#         399
  C:132FH         LINE#         400
  C:133EH         LINE#         401
  C:1347H         LINE#         403
  C:135DH         LINE#         404
  C:138DH         LINE#         405
  C:13B1H         LINE#         407
  C:13B4H         LINE#         408
  C:13C5H         LINE#         409
  C:13C5H         LINE#         410
  C:13CDH         LINE#         412
  C:13CDH         LINE#         415
  C:13D0H         LINE#         417
  C:13D0H         LINE#         419
  C:13F2H         LINE#         420
  C:13F2H         LINE#         421
  C:146EH         LINE#         423
  C:149BH         LINE#         424
  C:14B6H         LINE#         425
  C:14E3H         LINE#         426
  C:14FEH         LINE#         428
  C:159AH         LINE#         431
  C:159AH         LINE#         432
  C:159AH         LINE#         433
  C:159AH         LINE#         435
  C:159AH         LINE#         438
  C:15B6H         LINE#         439
  C:15BBH         LINE#         441
  C:15BDH         LINE#         442
  -------         ENDPROC       MAIN
  -------         PROC          _DISPLAY_PROX
  D:0002H         SYMBOL        dat
  -------         DO            
  X:062FH         SYMBOL        unit
  X:0630H         SYMBOL        ten
  X:0631H         SYMBOL        hundred
  X:0632H         SYMBOL        thousand
  -------         ENDDO         
  C:447CH         LINE#         526
  C:4480H         LINE#         527
  C:4480H         LINE#         529
  C:448CH         LINE#         530
BL51 BANKED LINKER/LOCATER V6.22                                                      02/22/2019  10:31:58  PAGE 13


  C:449CH         LINE#         531
  C:44B8H         LINE#         532
  C:44E8H         LINE#         533
  C:44F2H         LINE#         534
  C:44FCH         LINE#         535
  C:4506H         LINE#         536
  C:4510H         LINE#         538
  -------         ENDPROC       _DISPLAY_PROX
  -------         PROC          _DISPLAY_POS
  X:0463H         SYMBOL        sign_dat
  -------         DO            
  X:0467H         SYMBOL        unit
  X:0468H         SYMBOL        ten
  X:0469H         SYMBOL        hundred
  D:0003H         SYMBOL        thousand
  X:046AH         SYMBOL        after_dot
  X:046BH         SYMBOL        dat
  -------         ENDDO         
  C:3859H         LINE#         541
  C:385FH         LINE#         542
  C:385FH         LINE#         546
  C:387BH         LINE#         547
  C:3895H         LINE#         548
  C:38B9H         LINE#         550
  C:3903H         LINE#         552
  C:391AH         LINE#         553
  C:3927H         LINE#         554
  C:3949H         LINE#         555
  C:397EH         LINE#         556
  C:3996H         LINE#         557
  C:3996H         LINE#         559
  C:3996H         LINE#         560
  C:3996H         LINE#         561
  C:3996H         LINE#         562
  C:3996H         LINE#         563
  C:3996H         LINE#         567
  C:3998H         LINE#         569
  C:3998H         LINE#         571
  C:399DH         LINE#         572
  C:39A7H         LINE#         573
  C:39B1H         LINE#         574
  C:39BBH         LINE#         575
  C:39C0H         LINE#         576
  C:39CAH         LINE#         580
  C:39CAH         LINE#         582
  -------         ENDPROC       _DISPLAY_POS
  -------         ENDMOD        MAIN

  -------         MODULE        PCF85063BTL
  C:0000H         SYMBOL        _ICE_DUMMY_
  D:0096H         PUBLIC        P2M0
  D:0080H         PUBLIC        P0
  D:0095H         PUBLIC        P2M1
  D:0090H         PUBLIC        P1
  D:00A0H         PUBLIC        P2
  D:00B0H         PUBLIC        P3
  D:00C0H         PUBLIC        P4
BL51 BANKED LINKER/LOCATER V6.22                                                      02/22/2019  10:31:58  PAGE 14


  D:00C8H         PUBLIC        P5
  D:00E8H         PUBLIC        P6
  B:00A0H.1       PUBLIC        PCF85063BTL_SDI
  D:00F8H         PUBLIC        P7
  B:00A0H.2       PUBLIC        PCF85063BTL_SCK
  B:00A0H.1       PUBLIC        PCF85063BTL_SDO
  D:00A8H         PUBLIC        IE
  C:4696H         PUBLIC        _Read_time
  C:4BEDH         PUBLIC        _PCF85063BTL_Delay
  D:00B8H         PUBLIC        IP
  D:00D8H         PUBLIC        CCON
  C:459DH         PUBLIC        _Day_Of_Year
  C:4AE3H         PUBLIC        SPI_ReceiveByte
  D:0098H         PUBLIC        SCON
  D:0088H         PUBLIC        TCON
  C:4C20H         PUBLIC        _BCDtoDec
  B:00A0H.0       PUBLIC        PCF85063BTL_CS
  C:4C0FH         PUBLIC        _SPI_ReadTime
  C:4C6FH         PUBLIC        SPI_Init
  C:4B78H         PUBLIC        _SPI_WriteTime
  C:4AC3H         PUBLIC        _SPI_SendByte
  D:00D0H         PUBLIC        PSW
  C:4BE9H         SYMBOL        L?0047
  -------         PROC          L?0046
  -------         ENDPROC       L?0046
  C:4BE9H         SYMBOL        L?0047
  -------         PROC          _PCF85063BTL_DELAY
  D:0006H         SYMBOL        us
  C:4BEDH         LINE#         8
  C:4BEDH         LINE#         9
  C:4BEDH         LINE#         10
  C:4BF7H         LINE#         11
  C:4BF7H         LINE#         12
  C:4BF8H         LINE#         13
  C:4BFAH         LINE#         14
  -------         ENDPROC       _PCF85063BTL_DELAY
  -------         PROC          _SPI_SENDBYTE
  D:0005H         SYMBOL        dat
  -------         DO            
  D:0003H         SYMBOL        i
  -------         ENDDO         
  C:4AC3H         LINE#         17
  C:4AC5H         LINE#         18
  C:4AC5H         LINE#         20
  C:4AC7H         LINE#         21
  C:4AC7H         LINE#         22
  C:4AC9H         LINE#         23
  C:4ACDH         LINE#         24
  C:4ACDH         LINE#         25
  C:4ACFH         LINE#         26
  C:4AD1H         LINE#         28
  C:4AD1H         LINE#         29
  C:4AD3H         LINE#         30
  C:4AD3H         LINE#         31
  C:4AD6H         LINE#         32
  C:4AD6H         LINE#         33
  C:4AD9H         LINE#         34
BL51 BANKED LINKER/LOCATER V6.22                                                      02/22/2019  10:31:58  PAGE 15


  C:4ADDH         LINE#         35
  C:4AE2H         LINE#         36
  -------         ENDPROC       _SPI_SENDBYTE
  -------         PROC          SPI_RECEIVEBYTE
  -------         DO            
  D:0003H         SYMBOL        i
  D:0005H         SYMBOL        dat
  -------         ENDDO         
  C:4AE3H         LINE#         39
  C:4AE3H         LINE#         40
  C:4AE3H         LINE#         42
  C:4AE5H         LINE#         44
  C:4AE7H         LINE#         45
  C:4AE8H         LINE#         46
  C:4AE8H         LINE#         47
  C:4AECH         LINE#         48
  C:4AEEH         LINE#         49
  C:4AF1H         LINE#         51
  C:4AF4H         LINE#         52
  C:4AF4H         LINE#         53
  C:4AF8H         LINE#         54
  C:4AF8H         LINE#         55
  C:4AF8H         LINE#         56
  C:4AFBH         LINE#         57
  C:4B00H         LINE#         58
  C:4B02H         LINE#         59
  -------         ENDPROC       SPI_RECEIVEBYTE
  -------         PROC          _SPI_READTIME
  D:0007H         SYMBOL        addr
  -------         DO            
  D:0006H         SYMBOL        dat
  -------         ENDDO         
  C:4C0FH         LINE#         61
  C:4C0FH         LINE#         62
  C:4C0FH         LINE#         64
  C:4C11H         LINE#         65
  C:4C13H         LINE#         66
  C:4C1AH         LINE#         67
  C:4C1DH         LINE#         68
  C:4C1FH         LINE#         69
  C:4C1FH         LINE#         70
  -------         ENDPROC       _SPI_READTIME
  -------         PROC          _SPI_WRITETIME
  D:0002H         SYMBOL        val
  D:0005H         SYMBOL        addr
  C:4B78H         LINE#         71
  C:4B7AH         LINE#         72
  C:4B7AH         LINE#         74
  C:4B7CH         LINE#         75
  C:4B83H         LINE#         76
  C:4B88H         LINE#         77
  C:4B8DH         LINE#         78
  C:4B8FH         LINE#         79
  -------         ENDPROC       _SPI_WRITETIME
  -------         PROC          SPI_INIT
  C:4C6FH         LINE#         83
  C:4C6FH         LINE#         84
BL51 BANKED LINKER/LOCATER V6.22                                                      02/22/2019  10:31:58  PAGE 16


  C:4C6FH         LINE#         89
  C:4C72H         LINE#         90
  C:4C75H         LINE#         91
  C:4C77H         LINE#         92
  C:4C79H         LINE#         93
  C:4C7BH         LINE#         94
  -------         ENDPROC       SPI_INIT
  -------         PROC          _READ_TIME
  X:03C0H         SYMBOL        months
  X:03C3H         SYMBOL        days
  X:03C6H         SYMBOL        hours
  X:03C9H         SYMBOL        mins
  X:03CCH         SYMBOL        seconds
  C:4696H         LINE#         96
  C:46A1H         LINE#         97
  C:46A1H         LINE#         99
  C:46B5H         LINE#         101
  C:46C9H         LINE#         103
  C:46DDH         LINE#         108
  C:46F1H         LINE#         113
  -------         ENDPROC       _READ_TIME
  -------         PROC          _BCDTODEC
  D:0007H         SYMBOL        bcd
  -------         DO            
  D:0006H         SYMBOL        hi
  D:0007H         SYMBOL        lo
  -------         ENDDO         
  C:4C20H         LINE#         119
  C:4C20H         LINE#         120
  C:4C20H         LINE#         122
  C:4C25H         LINE#         123
  C:4C29H         LINE#         124
  C:4C30H         LINE#         125
  -------         ENDPROC       _BCDTODEC
  -------         PROC          _DAY_OF_YEAR
  D:0007H         SYMBOL        months_bcd
  D:0005H         SYMBOL        days_bcd
  -------         DO            
  D:0004H         SYMBOL        months
  D:0007H         SYMBOL        days
  -------         ENDDO         
  C:459DH         LINE#         126
  C:459DH         LINE#         127
  C:459DH         LINE#         130
  C:45A2H         LINE#         132
  C:45A7H         LINE#         134
  C:45E0H         LINE#         135
  C:45E0H         LINE#         136
  C:45E0H         LINE#         137
  C:45E3H         LINE#         138
  C:45E3H         LINE#         139
  C:45E3H         LINE#         140
  C:45E8H         LINE#         141
  C:45E8H         LINE#         142
  C:45E8H         LINE#         143
  C:45EDH         LINE#         144
  C:45EDH         LINE#         145
BL51 BANKED LINKER/LOCATER V6.22                                                      02/22/2019  10:31:58  PAGE 17


  C:45EDH         LINE#         146
  C:45F2H         LINE#         147
  C:45F2H         LINE#         148
  C:45F2H         LINE#         149
  C:45F7H         LINE#         150
  C:45F7H         LINE#         151
  C:45F7H         LINE#         152
  C:45FCH         LINE#         153
  C:45FCH         LINE#         154
  C:45FCH         LINE#         155
  C:4601H         LINE#         156
  C:4601H         LINE#         157
  C:4601H         LINE#         158
  C:4606H         LINE#         159
  C:4606H         LINE#         160
  C:4606H         LINE#         161
  C:460EH         LINE#         162
  C:460EH         LINE#         163
  C:460EH         LINE#         164
  C:4613H         LINE#         165
  C:4613H         LINE#         166
  C:4613H         LINE#         167
  C:4618H         LINE#         168
  C:4618H         LINE#         169
  C:4618H         LINE#         170
  C:4620H         LINE#         171
  C:4620H         LINE#         172
  C:4620H         LINE#         173
  -------         ENDPROC       _DAY_OF_YEAR
  -------         ENDMOD        PCF85063BTL

  -------         MODULE        UART1
  C:0000H         SYMBOL        _ICE_DUMMY_
  D:0080H         PUBLIC        P0
  D:0090H         PUBLIC        P1
  D:00A0H         PUBLIC        P2
  D:00B0H         PUBLIC        P3
  D:00C0H         PUBLIC        P4
  D:00C8H         PUBLIC        P5
  B:00A8H.7       PUBLIC        EA
  D:00E8H         PUBLIC        P6
  D:00F8H         PUBLIC        P7
  C:499BH         PUBLIC        _SendString
  D:00A8H         PUBLIC        IE
  B:00A8H.4       PUBLIC        ES
  D:00B8H         PUBLIC        IP
  C:4B90H         PUBLIC        _ASCIItoBCD
  D:00D8H         PUBLIC        CCON
  C:4C31H         PUBLIC        initUART1
  D:0098H         PUBLIC        SCON
  D:0088H         PUBLIC        TCON
  C:000AH         PUBLIC        _DectoBCD
  C:4CB3H         PUBLIC        _ASCII_Letter
  D:008EH         PUBLIC        AUXR
  C:4CAEH         PUBLIC        _unit
  C:0003H         PUBLIC        _ten
  D:00D6H         PUBLIC        T2H
BL51 BANKED LINKER/LOCATER V6.22                                                      02/22/2019  10:31:58  PAGE 18


  D:00D7H         PUBLIC        T2L
  D:00D0H         PUBLIC        PSW
  -------         PROC          INITUART1
  C:4C31H         LINE#         21
  C:4C31H         LINE#         22
  C:4C31H         LINE#         23
  C:4C34H         LINE#         24
  C:4C37H         LINE#         25
  C:4C3AH         LINE#         26
  C:4C3DH         LINE#         27
  C:4C3FH         LINE#         28
  C:4C41H         LINE#         30
  -------         ENDPROC       INITUART1
  -------         PROC          _SENDSTRING
  X:0633H         SYMBOL        s
  C:499BH         LINE#         35
  C:49A6H         LINE#         36
  C:49A6H         LINE#         37
  C:49B6H         LINE#         38
  C:49B6H         LINE#         39
  C:49CBH         LINE#         40
  C:49CDH         LINE#         41
  -------         ENDPROC       _SENDSTRING
  -------         PROC          _TEN
  D:0007H         SYMBOL        BCD
  C:0003H         LINE#         43
  C:0003H         LINE#         44
  C:0003H         LINE#         45
  C:0008H         LINE#         46
  -------         ENDPROC       _TEN
  -------         PROC          _UNIT
  D:0007H         SYMBOL        BCD
  C:4CAEH         LINE#         47
  C:4CAEH         LINE#         48
  C:4CAEH         LINE#         52
  C:4CB2H         LINE#         53
  -------         ENDPROC       _UNIT
  -------         PROC          _DECTOBCD
  D:0007H         SYMBOL        dec
  C:000AH         LINE#         54
  C:000AH         LINE#         55
  C:000AH         LINE#         57
  C:000AH         LINE#         58
  -------         ENDPROC       _DECTOBCD
  -------         PROC          _ASCII_LETTER
  D:0007H         SYMBOL        dat
  C:4CB3H         LINE#         60
  C:4CB3H         LINE#         61
  C:4CB3H         LINE#         63
  C:4CB7H         LINE#         64
  -------         ENDPROC       _ASCII_LETTER
  -------         PROC          _ASCIITOBCD
  D:0001H         SYMBOL        ascii
  -------         DO            
  D:0007H         SYMBOL        dec_val
  D:0006H         SYMBOL        ten
  D:0007H         SYMBOL        unit
BL51 BANKED LINKER/LOCATER V6.22                                                      02/22/2019  10:31:58  PAGE 19


  -------         ENDDO         
  C:4B90H         LINE#         66
  C:4B90H         LINE#         67
  C:4B90H         LINE#         69
  C:4B93H         LINE#         70
  C:4B99H         LINE#         71
  C:4BA0H         LINE#         72
  C:4BA6H         LINE#         74
  -------         ENDPROC       _ASCIITOBCD
  -------         ENDMOD        UART1

  -------         MODULE        LCD_DRIVER_SPLC780D
  C:0000H         SYMBOL        _ICE_DUMMY_
  D:0092H         PUBLIC        P1M0
  D:0091H         PUBLIC        P1M1
  D:0080H         PUBLIC        P0
  D:0090H         PUBLIC        P1
  D:00A0H         PUBLIC        P2
  D:00B0H         PUBLIC        P3
  D:00C0H         PUBLIC        P4
  D:00C8H         PUBLIC        P5
  D:00E8H         PUBLIC        P6
  D:00F8H         PUBLIC        P7
  C:4621H         PUBLIC        _WriteData
  D:00A8H         PUBLIC        IE
  D:00B8H         PUBLIC        IP
  D:00D8H         PUBLIC        CCON
  B:00B0H.4       PUBLIC        LCD_D4
  B:00B0H.5       PUBLIC        LCD_D5
  B:00B0H.6       PUBLIC        LCD_D6
  C:4B40H         PUBLIC        _DisplayLCD
  B:00B0H.7       PUBLIC        LCD_D7
  D:0098H         PUBLIC        SCON
  D:0088H         PUBLIC        TCON
  C:4C9EH         PUBLIC        LCD_clear
  C:48E0H         PUBLIC        _Command
  C:4BBDH         PUBLIC        _Display_Line
  C:475FH         PUBLIC        LCD_Init
  C:4AA5H         PUBLIC        _Wait_ms
  B:00C0H.0       PUBLIC        LCD_RS
  B:00B0H.2       PUBLIC        LCD_RW
  C:4C94H         PUBLIC        LCD_return_home
  B:00B0H.3       PUBLIC        LCD_E
  D:00D0H         PUBLIC        PSW
  -------         PROC          LCD_INIT
  C:475FH         LINE#         9
  C:475FH         LINE#         10
  C:475FH         LINE#         11
  C:4762H         LINE#         12
  C:4765H         LINE#         14
  C:476BH         LINE#         15
  C:4770H         LINE#         17
  C:4777H         LINE#         18
  C:477CH         LINE#         20
  C:477FH         LINE#         21
  C:4784H         LINE#         23
  C:4787H         LINE#         24
BL51 BANKED LINKER/LOCATER V6.22                                                      02/22/2019  10:31:58  PAGE 20


  C:478CH         LINE#         26
  C:4793H         LINE#         29
  C:4798H         LINE#         30
  C:479DH         LINE#         32
  C:47A2H         LINE#         33
  C:47A7H         LINE#         35
  C:47ACH         LINE#         36
  C:47B1H         LINE#         37
  -------         ENDPROC       LCD_INIT
  -------         PROC          _WRITEDATA
  X:046DH         SYMBOL        dat
  C:4621H         LINE#         40
  C:4626H         LINE#         41
  C:4626H         LINE#         46
  C:4628H         LINE#         47
  C:462AH         LINE#         49
  C:4638H         LINE#         50
  C:4644H         LINE#         51
  C:4650H         LINE#         52
  C:465AH         LINE#         53
  C:465CH         LINE#         54
  C:4663H         LINE#         55
  C:4665H         LINE#         57
  C:4675H         LINE#         58
  C:4680H         LINE#         59
  C:468AH         LINE#         60
  C:468EH         LINE#         62
  C:468EH         LINE#         63
  C:4691H         LINE#         64
  C:4693H         LINE#         65
  C:4695H         LINE#         67
  -------         ENDPROC       _WRITEDATA
  -------         PROC          _COMMAND
  D:0007H         SYMBOL        dat
  C:48E0H         LINE#         69
  C:48E0H         LINE#         70
  C:48E0H         LINE#         71
  C:48E2H         LINE#         72
  C:48E4H         LINE#         74
  C:48EEH         LINE#         75
  C:48F2H         LINE#         77
  C:48F4H         LINE#         78
  C:48FDH         LINE#         79
  C:4901H         LINE#         81
  C:4903H         LINE#         82
  C:490AH         LINE#         83
  C:490EH         LINE#         85
  C:4910H         LINE#         86
  C:4914H         LINE#         87
  C:4918H         LINE#         89
  C:491AH         LINE#         90
  C:491AH         LINE#         91
  C:491DH         LINE#         92
  C:491FH         LINE#         93
  -------         ENDPROC       _COMMAND
  C:4AA1H         SYMBOL        L?0028
  -------         PROC          L?0027
BL51 BANKED LINKER/LOCATER V6.22                                                      02/22/2019  10:31:58  PAGE 21


  -------         ENDPROC       L?0027
  C:4AA1H         SYMBOL        L?0028
  -------         PROC          _WAIT_MS
  D:0006H         SYMBOL        ms
  -------         DO            
  D:0004H         SYMBOL        De_Cnt
  -------         ENDDO         
  C:4AA5H         LINE#         95
  C:4AA5H         LINE#         96
  C:4AA5H         LINE#         98
  C:4AAFH         LINE#         99
  C:4AAFH         LINE#         100
  C:4AC2H         LINE#         101
  C:4AC2H         LINE#         102
  -------         ENDPROC       _WAIT_MS
  -------         PROC          _DISPLAYLCD
  D:0007H         SYMBOL        BCD
  -------         DO            
  D:0006H         SYMBOL        first_digit
  X:03C0H         SYMBOL        second_digit
  -------         ENDDO         
  C:4B40H         LINE#         103
  C:4B40H         LINE#         104
  C:4B40H         LINE#         106
  C:4B47H         LINE#         107
  C:4B50H         LINE#         109
  C:4B55H         LINE#         111
  -------         ENDPROC       _DISPLAYLCD
  -------         PROC          LCD_RETURN_HOME
  C:4C94H         LINE#         115
  C:4C94H         LINE#         116
  C:4C94H         LINE#         117
  C:4C99H         LINE#         118
  -------         ENDPROC       LCD_RETURN_HOME
  -------         PROC          LCD_CLEAR
  C:4C9EH         LINE#         121
  C:4C9EH         LINE#         122
  C:4C9EH         LINE#         123
  C:4CA3H         LINE#         124
  -------         ENDPROC       LCD_CLEAR
  -------         PROC          _DISPLAY_LINE
  D:0006H         SYMBOL        line
  C:4BBDH         LINE#         128
  C:4BBDH         LINE#         129
  C:4BBDH         LINE#         130
  C:4BC3H         LINE#         131
  C:4BC3H         LINE#         132
  C:4BC5H         LINE#         133
  C:4BC5H         LINE#         134
  C:4BC7H         LINE#         136
  C:4BC7H         LINE#         137
  C:4BCCH         LINE#         138
  C:4BD1H         LINE#         139
  C:4BD1H         LINE#         140
  -------         ENDPROC       _DISPLAY_LINE
  -------         ENDMOD        LCD_DRIVER_SPLC780D

BL51 BANKED LINKER/LOCATER V6.22                                                      02/22/2019  10:31:58  PAGE 22


  -------         MODULE        KEYPAD
  C:0000H         SYMBOL        _ICE_DUMMY_
  D:0093H         PUBLIC        P0M1
  D:0080H         PUBLIC        P0
  D:0090H         PUBLIC        P1
  D:00A0H         PUBLIC        P2
  D:00B0H         PUBLIC        P3
  D:00C0H         PUBLIC        P4
  D:00C8H         PUBLIC        P5
  B:0020H.0       PUBLIC        calib_mode
  D:00E8H         PUBLIC        P6
  D:00F8H         PUBLIC        P7
  D:00A8H         PUBLIC        IE
  C:3544H         PUBLIC        Key_Scan
  D:00B8H         PUBLIC        IP
  D:00D8H         PUBLIC        CCON
  C:4C7CH         PUBLIC        KeyPad_IO_Init
  C:4B22H         PUBLIC        _Delay_ms
  D:0098H         PUBLIC        SCON
  D:0088H         PUBLIC        TCON
  B:0020H.1       PUBLIC        small_move
  B:0020H.2       PUBLIC        move
  B:0020H.3       PUBLIC        direction
  B:0020H.4       PUBLIC        auto_move
  C:30D3H         PUBLIC        Key_Process
  D:00D0H         PUBLIC        PSW
  D:0094H         PUBLIC        P0M0
  -------         PROC          _DELAY_MS
  D:0006H         SYMBOL        ms
  -------         DO            
  D:0004H         SYMBOL        De_Cnt
  -------         ENDDO         
  C:4B22H         LINE#         19
  C:4B22H         LINE#         20
  C:4B22H         LINE#         22
  C:4B2CH         LINE#         23
  C:4B2CH         LINE#         24
  C:4B3FH         LINE#         25
  C:4B3FH         LINE#         26
  -------         ENDPROC       _DELAY_MS
  -------         PROC          KEY_SCAN
  -------         DO            
  X:03C6H         SYMBOL        KeyTemp1
  X:03C7H         SYMBOL        KeyTemp2
  X:03C8H         SYMBOL        KeyValue
  -------         ENDDO         
  C:3544H         LINE#         27
  C:3544H         LINE#         28
  C:3544H         LINE#         33
  C:3547H         LINE#         36
  C:354AH         LINE#         38
  C:3552H         LINE#         39
  C:3559H         LINE#         40
  C:3559H         LINE#         42
  C:355EH         LINE#         43
  C:3565H         LINE#         44
  C:3565H         LINE#         47
BL51 BANKED LINKER/LOCATER V6.22                                                      02/22/2019  10:31:58  PAGE 23


  C:3568H         LINE#         48
  C:356BH         LINE#         49
  C:3570H         LINE#         50
  C:3574H         LINE#         51
  C:3574H         LINE#         52
  C:357CH         LINE#         53
  C:357CH         LINE#         54
  C:357FH         LINE#         55
  C:3587H         LINE#         56
  C:3589H         LINE#         58
  C:359DH         LINE#         59
  C:359DH         LINE#         60
  C:359DH         LINE#         61
  C:359DH         LINE#         62
  C:35A3H         LINE#         64
  C:35A5H         LINE#         65
  C:35A5H         LINE#         66
  C:35A5H         LINE#         67
  C:35ABH         LINE#         69
  C:35ADH         LINE#         70
  C:35ADH         LINE#         71
  C:35ADH         LINE#         72
  C:35B3H         LINE#         74
  C:35B5H         LINE#         75
  C:35B5H         LINE#         76
  C:35B5H         LINE#         77
  C:35BBH         LINE#         79
  C:35BBH         LINE#         80
  C:35BBH         LINE#         81
  C:35BBH         LINE#         84
  C:35BEH         LINE#         85
  C:35C1H         LINE#         86
  C:35C9H         LINE#         87
  C:35CDH         LINE#         88
  C:35CDH         LINE#         89
  C:35D5H         LINE#         90
  C:35D5H         LINE#         91
  C:35D8H         LINE#         92
  C:35E0H         LINE#         93
  C:35E2H         LINE#         94
  C:35F6H         LINE#         95
  C:35F6H         LINE#         96
  C:35F6H         LINE#         97
  C:35F6H         LINE#         98
  C:35FCH         LINE#         100
  C:35FEH         LINE#         101
  C:35FEH         LINE#         102
  C:35FEH         LINE#         103
  C:3604H         LINE#         105
  C:3606H         LINE#         106
  C:3606H         LINE#         107
  C:3606H         LINE#         108
  C:360CH         LINE#         110
  C:360EH         LINE#         111
  C:360EH         LINE#         112
  C:360EH         LINE#         113
  C:3613H         LINE#         115
BL51 BANKED LINKER/LOCATER V6.22                                                      02/22/2019  10:31:58  PAGE 24


  C:3613H         LINE#         116
  C:3613H         LINE#         117
  C:3613H         LINE#         120
  C:3616H         LINE#         121
  C:3619H         LINE#         122
  C:3621H         LINE#         123
  C:3625H         LINE#         124
  C:3625H         LINE#         125
  C:362DH         LINE#         126
  C:362DH         LINE#         127
  C:3630H         LINE#         128
  C:3638H         LINE#         129
  C:363AH         LINE#         130
  C:364EH         LINE#         131
  C:364EH         LINE#         132
  C:364EH         LINE#         133
  C:364EH         LINE#         134
  C:3654H         LINE#         136
  C:3656H         LINE#         137
  C:3656H         LINE#         138
  C:3656H         LINE#         139
  C:365CH         LINE#         141
  C:365EH         LINE#         142
  C:365EH         LINE#         143
  C:365EH         LINE#         144
  C:3664H         LINE#         146
  C:3666H         LINE#         147
  C:3666H         LINE#         148
  C:3666H         LINE#         149
  C:366CH         LINE#         151
  C:366CH         LINE#         152
  C:366CH         LINE#         153
  C:366CH         LINE#         157
  C:366FH         LINE#         158
  C:3672H         LINE#         159
  C:367AH         LINE#         160
  C:367EH         LINE#         161
  C:367EH         LINE#         162
  C:3686H         LINE#         163
  C:3686H         LINE#         164
  C:3689H         LINE#         165
  C:3691H         LINE#         166
  C:3693H         LINE#         167
  C:36A7H         LINE#         168
  C:36A7H         LINE#         169
  C:36A7H         LINE#         170
  C:36A7H         LINE#         171
  C:36ADH         LINE#         173
  C:36AFH         LINE#         174
  C:36AFH         LINE#         175
  C:36AFH         LINE#         176
  C:36B5H         LINE#         178
  C:36B7H         LINE#         179
  C:36B7H         LINE#         180
  C:36B7H         LINE#         181
  C:36BDH         LINE#         183
  C:36BFH         LINE#         184
BL51 BANKED LINKER/LOCATER V6.22                                                      02/22/2019  10:31:58  PAGE 25


  C:36BFH         LINE#         185
  C:36BFH         LINE#         186
  C:36C5H         LINE#         188
  C:36C5H         LINE#         189
  C:36C5H         LINE#         190
  C:36C5H         LINE#         192
  C:36CBH         LINE#         193
  C:36CBH         LINE#         195
  C:36CBH         LINE#         196
  C:36CEH         LINE#         197
  C:36CEH         LINE#         198
  C:36CEH         LINE#         200
  C:36CEH         LINE#         201
  C:36D0H         LINE#         202
  C:36D0H         LINE#         203
  -------         ENDPROC       KEY_SCAN
  -------         PROC          KEY_PROCESS
  -------         DO            
  X:0619H         SYMBOL        KeyCount
  X:061BH         SYMBOL        KeyNum_Old
  X:061CH         SYMBOL        KeyNum
  X:061DH         SYMBOL        PressedKey
  X:03C0H         SYMBOL        d
  D:0004H         SYMBOL        hours
  D:0006H         SYMBOL        mins
  X:03C2H         SYMBOL        months
  X:03C4H         SYMBOL        days
  -------         ENDDO         
  C:30D3H         LINE#         204
  C:30D3H         LINE#         205
  C:30D3H         LINE#         209
  C:30DBH         LINE#         210
  C:30E3H         LINE#         212
  C:30E6H         LINE#         213
  C:30E6H         LINE#         214
  C:30E9H         LINE#         216
  C:30E9H         LINE#         217
  C:30F6H         LINE#         218
  C:30F6H         LINE#         219
  C:30F9H         LINE#         220
  C:30FCH         LINE#         222
  C:30FFH         LINE#         224
  C:30FFH         LINE#         225
  C:310AH         LINE#         226
  C:310AH         LINE#         227
  C:310DH         LINE#         229
  C:310DH         LINE#         230
  C:3114H         LINE#         231
  C:3114H         LINE#         232
  C:3117H         LINE#         234
  C:3117H         LINE#         235
  C:311FH         LINE#         236
  C:311FH         LINE#         237
  C:3129H         LINE#         238
  C:3131H         LINE#         240
  C:313AH         LINE#         242
  C:313AH         LINE#         251
BL51 BANKED LINKER/LOCATER V6.22                                                      02/22/2019  10:31:58  PAGE 26


  C:314FH         LINE#         252
  C:314FH         LINE#         253
  C:3161H         LINE#         254
  C:316FH         LINE#         255
  C:317EH         LINE#         256
  C:317EH         LINE#         258
  C:3184H         LINE#         262
  C:319AH         LINE#         263
  C:31ABH         LINE#         264
  C:31C6H         LINE#         265
  C:31C6H         LINE#         266
  C:31D6H         LINE#         267
  C:31E7H         LINE#         268
  C:31E7H         LINE#         272
  C:3200H         LINE#         273
  C:3217H         LINE#         274
  C:3237H         LINE#         275
  C:3237H         LINE#         276
  C:3241H         LINE#         277
  C:3241H         LINE#         278
  C:324AH         LINE#         279
  C:324AH         LINE#         280
  C:325EH         LINE#         281
  C:325EH         LINE#         282
  C:325EH         LINE#         283
  C:325EH         LINE#         284
  C:325EH         LINE#         285
  C:3260H         LINE#         287
  C:3260H         LINE#         288
  C:326CH         LINE#         289
  C:326CH         LINE#         290
  C:327DH         LINE#         291
  C:327DH         LINE#         292
  C:327DH         LINE#         293
  C:327DH         LINE#         294
  C:327DH         LINE#         296
  C:327FH         LINE#         298
  C:327FH         LINE#         299
  C:3290H         LINE#         300
  C:3290H         LINE#         301
  C:3290H         LINE#         302
  C:3290H         LINE#         303
  C:3290H         LINE#         305
  C:3290H         LINE#         307
  C:3290H         LINE#         308
  C:3292H         LINE#         310
  C:3292H         LINE#         311
  C:32A5H         LINE#         312
  C:32A5H         LINE#         313
  C:32B6H         LINE#         314
  C:32B6H         LINE#         315
  C:32B6H         LINE#         316
  C:32B6H         LINE#         317
  C:32B6H         LINE#         318
  C:32B8H         LINE#         320
  C:32B8H         LINE#         321
  C:32C9H         LINE#         322
BL51 BANKED LINKER/LOCATER V6.22                                                      02/22/2019  10:31:58  PAGE 27


  C:32C9H         LINE#         323
  C:32DAH         LINE#         324
  C:32EBH         LINE#         325
  C:32EBH         LINE#         326
  C:32EBH         LINE#         327
  C:32EBH         LINE#         328
  C:32EBH         LINE#         329
  C:32EEH         LINE#         330
  C:32F3H         LINE#         331
  C:32F8H         LINE#         332
  C:32FDH         LINE#         333
  C:3302H         LINE#         334
  C:3307H         LINE#         335
  C:330CH         LINE#         336
  C:3311H         LINE#         337
  C:3311H         LINE#         339
  C:3333H         LINE#         340
  C:3333H         LINE#         341
  C:333DH         LINE#         342
  C:333DH         LINE#         343
  C:3342H         LINE#         344
  C:334BH         LINE#         345
  C:3362H         LINE#         346
  C:3362H         LINE#         347
  C:3372H         LINE#         349
  C:3372H         LINE#         353
  -------         ENDPROC       KEY_PROCESS
  -------         PROC          KEYPAD_IO_INIT
  C:4C7CH         LINE#         356
  C:4C7CH         LINE#         357
  C:4C7CH         LINE#         358
  C:4C7FH         LINE#         359
  C:4C82H         LINE#         360
  C:4C85H         LINE#         361
  C:4C87H         LINE#         362
  -------         ENDPROC       KEYPAD_IO_INIT
  -------         ENDMOD        KEYPAD

  -------         MODULE        BIPOLARMOTOR
  C:0000H         SYMBOL        _ICE_DUMMY_
  D:0080H         PUBLIC        P0
  D:0090H         PUBLIC        P1
  X:0000H         PUBLIC        RX_pos_test
  D:00A0H         PUBLIC        P2
  D:00B0H         PUBLIC        P3
  D:00C0H         PUBLIC        P4
  D:00C8H         PUBLIC        P5
  D:00E8H         PUBLIC        P6
  D:00F8H         PUBLIC        P7
  X:00A0H         PUBLIC        low_date_azimuth_mapping
  D:00A8H         PUBLIC        IE
  C:3FEEH         PUBLIC        linear_interpolate
  C:4A50H         PUBLIC        _Move
  D:00B8H         PUBLIC        IP
  C:33A6H         PUBLIC        _findDet3x3
  C:2E13H         PUBLIC        _findDet4x4
  D:00D8H         PUBLIC        CCON
BL51 BANKED LINKER/LOCATER V6.22                                                      02/22/2019  10:31:58  PAGE 28


  X:00C8H         PUBLIC        previous_move_time
  D:0098H         PUBLIC        SCON
  D:0088H         PUBLIC        TCON
  C:4CB8H         PUBLIC        wait
  C:4920H         PUBLIC        _Step_move
  X:00C9H         PUBLIC        dat
  C:000EH         PUBLIC        _Update_position
  C:4808H         PUBLIC        vOneStepMove
  X:00CFH         PUBLIC        elevation_stamp
  X:010BH         PUBLIC        date_azimuth_mapping
  X:0133H         PUBLIC        RX_pos
  C:4B67H         PUBLIC        _BCDtoDec1
  X:038BH         PUBLIC        degree
  D:00D0H         PUBLIC        PSW
  -------         PROC          L?0062
  -------         ENDPROC       L?0062
  -------         PROC          _BCDTODEC1
  D:0007H         SYMBOL        bcd
  -------         DO            
  D:0006H         SYMBOL        hi
  D:0007H         SYMBOL        lo
  -------         ENDDO         
  C:4B67H         LINE#         28
  C:4B67H         LINE#         29
  C:4B67H         LINE#         31
  C:4B6CH         LINE#         32
  C:4B70H         LINE#         33
  C:4B77H         LINE#         34
  -------         ENDPROC       _BCDTODEC1
  -------         PROC          WAIT
  C:4CB8H         LINE#         36
  C:4CB8H         LINE#         38
  -------         ENDPROC       WAIT
  -------         PROC          VONESTEPMOVE
  B:0020H.7       SYMBOL        bDir
  C:4808H         LINE#         40
  C:4808H         LINE#         41
  C:4808H         LINE#         43
  C:480EH         LINE#         44
  C:480EH         LINE#         45
  C:4811H         LINE#         46
  C:481AH         LINE#         47
  C:4821H         LINE#         48
  C:4826H         LINE#         49
  C:4826H         LINE#         50
  C:4826H         LINE#         52
  C:4828H         LINE#         55
  C:4828H         LINE#         56
  C:482BH         LINE#         57
  C:4834H         LINE#         58
  C:483BH         LINE#         59
  C:4841H         LINE#         60
  C:484AH         LINE#         61
  C:4851H         LINE#         62
  C:4851H         LINE#         66
  -------         ENDPROC       VONESTEPMOVE
  -------         PROC          _STEP_MOVE
BL51 BANKED LINKER/LOCATER V6.22                                                      02/22/2019  10:31:58  PAGE 29


  X:047CH         SYMBOL        step
  B:0020H.6       SYMBOL        dir
  -------         DO            
  X:047EH         SYMBOL        i
  -------         ENDDO         
  C:4920H         LINE#         68
  C:4928H         LINE#         69
  C:4928H         LINE#         71
  C:492DH         LINE#         74
  C:4948H         LINE#         75
  C:4948H         LINE#         76
  C:494FH         LINE#         78
  C:495FH         LINE#         80
  -------         ENDPROC       _STEP_MOVE
  -------         PROC          _MOVE
  X:0478H         SYMBOL        distance
  B:0020H.5       SYMBOL        direction
  -------         DO            
  D:0006H         SYMBOL        step
  -------         ENDDO         
  C:4A50H         LINE#         82
  C:4A56H         LINE#         83
  C:4A56H         LINE#         86
  C:4A71H         LINE#         87
  -------         ENDPROC       _MOVE
  C:3387H         SYMBOL        L?0058
  C:339BH         SYMBOL        L?0059
  -------         PROC          L?0057
  -------         ENDPROC       L?0057
  C:3387H         SYMBOL        L?0058
  C:339BH         SYMBOL        L?0059
  -------         PROC          _FINDDET3X3
  X:05F5H         SYMBOL        a11
  X:05F9H         SYMBOL        a12
  X:05FDH         SYMBOL        a13
  X:0601H         SYMBOL        a21
  X:0605H         SYMBOL        a22
  X:0609H         SYMBOL        a23
  X:060DH         SYMBOL        a31
  X:0611H         SYMBOL        a32
  X:0615H         SYMBOL        a33
  C:33A6H         LINE#         91
  C:33ACH         LINE#         95
  C:33ACH         LINE#         96
  C:3543H         LINE#         98
  -------         ENDPROC       _FINDDET3X3
  -------         PROC          _FINDDET4X4
  X:05B5H         SYMBOL        a11
  X:05B9H         SYMBOL        a12
  X:05BDH         SYMBOL        a13
  X:05C1H         SYMBOL        a14
  X:05C5H         SYMBOL        a21
  X:05C9H         SYMBOL        a22
  X:05CDH         SYMBOL        a23
  X:05D1H         SYMBOL        a24
  X:05D5H         SYMBOL        a31
  X:05D9H         SYMBOL        a32
BL51 BANKED LINKER/LOCATER V6.22                                                      02/22/2019  10:31:58  PAGE 30


  X:05DDH         SYMBOL        a33
  X:05E1H         SYMBOL        a34
  X:05E5H         SYMBOL        a41
  X:05E9H         SYMBOL        a42
  X:05EDH         SYMBOL        a43
  X:05F1H         SYMBOL        a44
  C:2E13H         LINE#         99
  C:2E19H         LINE#         103
  C:2E19H         LINE#         110
  C:30D2H         LINE#         114
  -------         ENDPROC       _FINDDET4X4
  C:3FDDH         SYMBOL        L?0061
  -------         PROC          L?0060
  -------         ENDPROC       L?0060
  C:3FDDH         SYMBOL        L?0061
  -------         PROC          LINEAR_INTERPOLATE
  X:0478H         SYMBOL        p1
  X:0480H         SYMBOL        p2
  X:0488H         SYMBOL        x
  -------         DO            
  D:0004H         SYMBOL        fx
  -------         ENDDO         
  C:3FEEH         LINE#         120
  C:3FEEH         LINE#         121
  C:3FEEH         LINE#         124
  C:408DH         LINE#         126
  C:408DH         LINE#         127
  -------         ENDPROC       LINEAR_INTERPOLATE
  -------         PROC          _UPDATE_POSITION
  D:0001H         SYMBOL        mnths
  D:0002H         SYMBOL        dys
  X:03DBH         SYMBOL        hurs
  X:03DCH         SYMBOL        mns
  X:03DDH         SYMBOL        sconds
  X:03DEH         SYMBOL        currnt_pos
  X:03E1H         SYMBOL        offset_calib
  -------         DO            
  X:03E5H         SYMBOL        date
  X:03E7H         SYMBOL        i
  X:03E9H         SYMBOL        yy
  X:03EBH         SYMBOL        desired_distance
  X:03EFH         SYMBOL        distance
  X:03F3H         SYMBOL        JP_pos
  X:03F7H         SYMBOL        pos_interpolate_azimuth
  X:0433H         SYMBOL        current_local_sun_time
  X:0437H         SYMBOL        azimuth
  X:043BH         SYMBOL        elevation
  X:043FH         SYMBOL        time_offset
  X:0443H         SYMBOL        UTC_time
  X:0447H         SYMBOL        declination
  X:044BH         SYMBOL        p1
  X:0453H         SYMBOL        p2
  X:045BH         SYMBOL        time
  X:046DH         SYMBOL        location
  X:0475H         SYMBOL        sunCoord
  -------         ENDDO         
  C:000EH         LINE#         131
BL51 BANKED LINKER/LOCATER V6.22                                                      02/22/2019  10:31:58  PAGE 31


  C:0017H         LINE#         134
  C:0017H         LINE#         135
  C:0022H         LINE#         137
  C:003EH         LINE#         138
  C:0048H         LINE#         146
  C:0052H         LINE#         147
  C:005CH         LINE#         148
  C:0066H         LINE#         149
  C:0071H         LINE#         150
  C:007CH         LINE#         151
  C:0095H         LINE#         152
  C:00A6H         LINE#         153
  C:00B5H         LINE#         156
  C:00C9H         LINE#         160
  C:011BH         LINE#         161
  C:027FH         LINE#         162
  C:02CFH         LINE#         164
  C:03F7H         LINE#         166
  C:04C6H         LINE#         173
  C:050DH         LINE#         174
  C:050DH         LINE#         176
  C:0527H         LINE#         177
  C:0527H         LINE#         178
  C:0597H         LINE#         179
  C:0597H         LINE#         180
  C:059EH         LINE#         181
  C:059EH         LINE#         182
  C:05CBH         LINE#         183
  C:05E6H         LINE#         185
  C:062DH         LINE#         186
  C:0661H         LINE#         188
  C:06A7H         LINE#         189
  C:06CAH         LINE#         191
  C:06CAH         LINE#         193
  C:0740H         LINE#         194
  C:0740H         LINE#         195
  C:0747H         LINE#         196
  C:0747H         LINE#         197
  C:0774H         LINE#         198
  C:078FH         LINE#         200
  C:07D6H         LINE#         201
  C:080AH         LINE#         203
  C:0850H         LINE#         204
  C:0870H         LINE#         206
  C:0870H         LINE#         207
  C:0881H         LINE#         210
  C:089BH         LINE#         211
  C:089BH         LINE#         212
  C:090BH         LINE#         213
  C:090BH         LINE#         214
  C:0938H         LINE#         215
  C:0953H         LINE#         217
  C:0980H         LINE#         218
  C:099BH         LINE#         220
  C:09CDH         LINE#         223
  C:09CDH         LINE#         225
  C:09DEH         LINE#         227
BL51 BANKED LINKER/LOCATER V6.22                                                      02/22/2019  10:31:58  PAGE 32


  C:0A0DH         LINE#         229
  C:0A32H         LINE#         230
  C:0A97H         LINE#         231
  C:0A97H         LINE#         232
  C:0AB1H         LINE#         233
  C:0AC3H         LINE#         234
  C:0ADBH         LINE#         235
  C:0AF1H         LINE#         237
  C:0B0DH         LINE#         238
  C:0B0DH         LINE#         239
  C:0B0DH         LINE#         242
  -------         ENDPROC       _UPDATE_POSITION
  -------         ENDMOD        BIPOLARMOTOR

  -------         MODULE        SUNPOS
  C:0000H         SYMBOL        _ICE_DUMMY_
  C:1F76H         PUBLIC        sunpos
  -------         PROC          SUNPOS
  X:0478H         SYMBOL        udtTime
  X:048AH         SYMBOL        udtLocation
  X:0492H         SYMBOL        udtSunCoordinates
  -------         DO            
  X:0495H         SYMBOL        dElapsedJulianDays
  X:0499H         SYMBOL        dDecimalHours
  X:049DH         SYMBOL        dEclipticLongitude
  X:04A1H         SYMBOL        dEclipticObliquity
  X:04A5H         SYMBOL        dRightAscension
  X:04A9H         SYMBOL        dDeclination
  X:04ADH         SYMBOL        dY
  X:04B1H         SYMBOL        dX
  -------         DO            
  X:04B5H         SYMBOL        dJulianDate
  X:04B9H         SYMBOL        liAux1
  X:04BDH         SYMBOL        liAux2
  X:04B5H         SYMBOL        dMeanLongitude
  X:04B9H         SYMBOL        dMeanAnomaly
  X:04BDH         SYMBOL        dOmega
  X:04B5H         SYMBOL        dSin_EclipticLongitude
  X:04B5H         SYMBOL        dGreenwichMeanSiderealTime
  X:04B9H         SYMBOL        dLocalMeanSiderealTime
  X:04BDH         SYMBOL        dLatitudeInRadians
  X:04C1H         SYMBOL        dHourAngle
  X:04C5H         SYMBOL        dCos_Latitude
  X:04C9H         SYMBOL        dSin_Latitude
  X:04CDH         SYMBOL        dCos_HourAngle
  X:04D1H         SYMBOL        dParallax
  -------         ENDDO         
  -------         DO            
  X:04B5H         SYMBOL        dMeanLongitude
  X:04B9H         SYMBOL        dMeanAnomaly
  X:04BDH         SYMBOL        dOmega
  X:04B5H         SYMBOL        dSin_EclipticLongitude
  X:04B5H         SYMBOL        dGreenwichMeanSiderealTime
  X:04B9H         SYMBOL        dLocalMeanSiderealTime
  X:04BDH         SYMBOL        dLatitudeInRadians
  X:04C1H         SYMBOL        dHourAngle
  X:04C5H         SYMBOL        dCos_Latitude
BL51 BANKED LINKER/LOCATER V6.22                                                      02/22/2019  10:31:58  PAGE 33


  X:04C9H         SYMBOL        dSin_Latitude
  X:04CDH         SYMBOL        dCos_HourAngle
  X:04D1H         SYMBOL        dParallax
  -------         ENDDO         
  -------         DO            
  X:04B5H         SYMBOL        dSin_EclipticLongitude
  X:04B5H         SYMBOL        dGreenwichMeanSiderealTime
  X:04B9H         SYMBOL        dLocalMeanSiderealTime
  X:04BDH         SYMBOL        dLatitudeInRadians
  X:04C1H         SYMBOL        dHourAngle
  X:04C5H         SYMBOL        dCos_Latitude
  X:04C9H         SYMBOL        dSin_Latitude
  X:04CDH         SYMBOL        dCos_HourAngle
  X:04D1H         SYMBOL        dParallax
  -------         ENDDO         
  -------         DO            
  X:04B5H         SYMBOL        dGreenwichMeanSiderealTime
  X:04B9H         SYMBOL        dLocalMeanSiderealTime
  X:04BDH         SYMBOL        dLatitudeInRadians
  X:04C1H         SYMBOL        dHourAngle
  X:04C5H         SYMBOL        dCos_Latitude
  X:04C9H         SYMBOL        dSin_Latitude
  X:04CDH         SYMBOL        dCos_HourAngle
  X:04D1H         SYMBOL        dParallax
  -------         ENDDO         
  -------         ENDDO         
  C:1F76H         LINE#         6
  C:1F76H         LINE#         7
  C:1F76H         LINE#         9
  C:1F76H         LINE#         27
  C:1FC0H         LINE#         30
  C:1FE1H         LINE#         31
  C:2128H         LINE#         34
  C:2174H         LINE#         36
  C:2193H         LINE#         37
  C:2193H         LINE#         42
  C:2193H         LINE#         46
  C:21C5H         LINE#         47
  C:21EFH         LINE#         48
  C:2219H         LINE#         49
  C:22C6H         LINE#         52
  C:2327H         LINE#         54
  C:2327H         LINE#         59
  C:2327H         LINE#         61
  C:233EH         LINE#         62
  C:2366H         LINE#         63
  C:237DH         LINE#         64
  C:23A8H         LINE#         65
  C:23DFH         LINE#         66
  C:240AH         LINE#         67
  C:240AH         LINE#         70
  C:240AH         LINE#         79
  C:2445H         LINE#         82
  C:247FH         LINE#         84
  C:24A4H         LINE#         85
  C:24C3H         LINE#         86
  C:24DAH         LINE#         87
BL51 BANKED LINKER/LOCATER V6.22                                                      02/22/2019  10:31:58  PAGE 34


  C:24F1H         LINE#         88
  C:2508H         LINE#         89
  C:2591H         LINE#         91
  C:25ABH         LINE#         92
  C:260DH         LINE#         93
  C:2643H         LINE#         94
  C:2655H         LINE#         95
  C:2682H         LINE#         96
  C:26AFH         LINE#         98
  C:26D1H         LINE#         100
  C:2709H         LINE#         103
  C:2709H         LINE#         104
  C:2717H         LINE#         105
  -------         ENDPROC       SUNPOS
  -------         ENDMOD        SUNPOS

  -------         MODULE        ADC
  C:0000H         SYMBOL        _ICE_DUMMY_
  D:0092H         PUBLIC        P1M0
  D:0091H         PUBLIC        P1M1
  D:0080H         PUBLIC        P0
  D:0090H         PUBLIC        P1
  D:00A0H         PUBLIC        P2
  D:00B0H         PUBLIC        P3
  D:00C0H         PUBLIC        P4
  D:00C8H         PUBLIC        P5
  D:00E8H         PUBLIC        P6
  D:00F8H         PUBLIC        P7
  D:00A8H         PUBLIC        IE
  D:00BDH         PUBLIC        ADC_RES
  D:00B8H         PUBLIC        IP
  D:0097H         PUBLIC        CLK_DIV
  D:00D8H         PUBLIC        CCON
  D:00BCH         PUBLIC        ADC_CONTR
  D:0098H         PUBLIC        SCON
  D:0088H         PUBLIC        TCON
  B:00A0H.4       PUBLIC        P24
  B:00A0H.5       PUBLIC        P25
  B:00A0H.6       PUBLIC        P26
  C:4B03H         PUBLIC        ADC_Init
  C:49CEH         PUBLIC        _ADC_GetResult
  D:009DH         PUBLIC        P1ASF
  D:00BEH         PUBLIC        ADC_RESL
  D:00D0H         PUBLIC        PSW
  -------         PROC          ADC_INIT
  C:4B03H         LINE#         7
  C:4B03H         LINE#         8
[...]
  C:3D4FH         LINE#         97
  C:3D51H         LINE#         99
  C:3D51H         LINE#         100
  C:3D53H         LINE#         102
  C:3D53H         LINE#         103
  C:3D53H         LINE#         104
  C:3D53H         LINE#         105
  C:3D56H         LINE#         106
  C:3D5AH         LINE#         109
  C:3D79H         LINE#         111
  C:3D80H         LINE#         112
  C:3D80H         LINE#         113
  C:3D82H         LINE#         114
  C:3D85H         LINE#         115
  C:3D9EH         LINE#         116
  C:3D9EH         LINE#         117
  C:3DA0H         LINE#         118
  C:3DA2H         LINE#         120
  C:3DA2H         LINE#         121
  C:3DA4H         LINE#         123
  C:3DA4H         LINE#         124
  C:3DA4H         LINE#         125
  C:3DA4H         LINE#         126
  C:3DA7H         LINE#         127
  C:3DC0H         LINE#         129
  C:3DDFH         LINE#         131
  C:3DE6H         LINE#         132
  C:3DE6H         LINE#         133
  C:3DE8H         LINE#         134
  C:3DEBH         LINE#         135
  C:3DF2H         LINE#         136
  C:3DF2H         LINE#         137
  C:3DF4H         LINE#         138
  C:3DF6H         LINE#         140
  C:3DF6H         LINE#         141
  C:3DF8H         LINE#         143
  C:3DF8H         LINE#         144
  C:3DF8H         LINE#         145
  C:3DF8H         LINE#         146
  C:3DFBH         LINE#         147
  C:3E02H         LINE#         149
  C:3E21H         LINE#         151
  C:3E23H         LINE#         152
  -------         ENDPROC       _AT25SF041_WRITE
  -------         PROC          _AT25SF041_READ
  D:0003H         SYMBOL        opcode
  X:0623H         SYMBOL        addr
  -------         DO            
  X:0627H         SYMBOL        dat
  X:0628H         SYMBOL        i
  -------         ENDDO         
  C:3C29H         LINE#         156
  C:3C2BH         LINE#         157
  C:3C2BH         LINE#         158
  C:3C30H         LINE#         160
  C:3C32H         LINE#         161
BL51 BANKED LINKER/LOCATER V6.22                                                      02/22/2019  10:31:58  PAGE 45


  C:3C38H         LINE#         165
  C:3C3DH         LINE#         166
  C:3C3DH         LINE#         167
  C:3C3FH         LINE#         168
  C:3C42H         LINE#         169
  C:3C46H         LINE#         170
  C:3C46H         LINE#         171
  C:3C48H         LINE#         172
  C:3C4AH         LINE#         174
  C:3C4AH         LINE#         175
  C:3C4CH         LINE#         177
  C:3C4CH         LINE#         178
  C:3C4CH         LINE#         179
  C:3C4CH         LINE#         180
  C:3C4FH         LINE#         181
  C:3C53H         LINE#         184
  C:3C72H         LINE#         186
  C:3C79H         LINE#         187
  C:3C79H         LINE#         188
  C:3C7BH         LINE#         189
  C:3C7EH         LINE#         190
  C:3C97H         LINE#         191
  C:3C97H         LINE#         192
  C:3C99H         LINE#         193
  C:3C9BH         LINE#         195
  C:3C9BH         LINE#         196
  C:3C9DH         LINE#         198
  C:3C9DH         LINE#         199
  C:3C9DH         LINE#         200
  C:3C9DH         LINE#         201
  C:3CA0H         LINE#         202
  C:3CB9H         LINE#         204
  C:3CD8H         LINE#         207
  C:3CDFH         LINE#         209
  C:3CE1H         LINE#         210
  C:3CE8H         LINE#         212
  C:3CEFH         LINE#         213
  C:3CEFH         LINE#         214
  C:3CF6H         LINE#         215
  C:3CF6H         LINE#         216
  C:3CF9H         LINE#         217
  C:3CFBH         LINE#         218
  C:3CFEH         LINE#         220
  C:3D01H         LINE#         221
  C:3D01H         LINE#         223
  C:3D05H         LINE#         224
  C:3D05H         LINE#         230
  C:3D24H         LINE#         233
  C:3D26H         LINE#         234
  C:3D29H         LINE#         235
  C:3D2EH         LINE#         237
  -------         ENDPROC       _AT25SF041_READ
  -------         PROC          READ_STATUS_REGISTER_BYTE1
  -------         DO            
  D:0003H         SYMBOL        dat
  D:0001H         SYMBOL        opcode
  X:03D1H         SYMBOL        count
BL51 BANKED LINKER/LOCATER V6.22                                                      02/22/2019  10:31:58  PAGE 46


  X:03D2H         SYMBOL        i
  -------         ENDDO         
  C:42A2H         LINE#         241
  C:42A2H         LINE#         242
  C:42A2H         LINE#         243
  C:42A8H         LINE#         244
  C:42ACH         LINE#         245
  C:42AEH         LINE#         246
  C:42B0H         LINE#         247
  C:42B6H         LINE#         251
  C:42BDH         LINE#         252
  C:42BDH         LINE#         253
  C:42BFH         LINE#         254
  C:42C2H         LINE#         255
  C:42C6H         LINE#         256
  C:42C6H         LINE#         257
  C:42C8H         LINE#         258
  C:42CAH         LINE#         260
  C:42CAH         LINE#         261
  C:42CCH         LINE#         263
  C:42CCH         LINE#         264
  C:42CCH         LINE#         265
  C:42CCH         LINE#         266
  C:42CFH         LINE#         267
  C:42D3H         LINE#         270
  C:42F2H         LINE#         274
  C:42F9H         LINE#         276
  C:42FBH         LINE#         277
  C:4302H         LINE#         278
  C:4309H         LINE#         279
  C:4309H         LINE#         280
  C:430DH         LINE#         281
  C:430DH         LINE#         282
  C:4310H         LINE#         283
  C:4312H         LINE#         284
  C:4315H         LINE#         286
  C:4318H         LINE#         287
  C:4318H         LINE#         289
  C:431CH         LINE#         290
  C:431CH         LINE#         292
  C:433BH         LINE#         296
  C:433DH         LINE#         297
  C:4340H         LINE#         298
  C:4342H         LINE#         299
  -------         ENDPROC       READ_STATUS_REGISTER_BYTE1
  -------         PROC          SPI_NOR_WRITE_DATA
  X:03C0H         SYMBOL        dat
  X:03CCH         SYMBOL        addr
  C:3F05H         LINE#         301
  C:3F05H         LINE#         302
  C:3F05H         LINE#         303
  C:3F1EH         LINE#         304
  C:3F1EH         LINE#         305
  C:3F21H         LINE#         307
  C:3F24H         LINE#         308
  C:3F2BH         LINE#         309
  C:3F2BH         LINE#         310
BL51 BANKED LINKER/LOCATER V6.22                                                      02/22/2019  10:31:58  PAGE 47


  C:3F2EH         LINE#         312
  C:3F3EH         LINE#         314
  C:3F3EH         LINE#         315
  C:3F41H         LINE#         317
  C:3F51H         LINE#         318
  C:3F51H         LINE#         321
  C:3F54H         LINE#         323
  C:3F64H         LINE#         324
  C:3F64H         LINE#         326
  C:3F67H         LINE#         328
  C:3F77H         LINE#         329
  C:3F77H         LINE#         331
  C:3F7AH         LINE#         333
  C:3F8AH         LINE#         334
  C:3F8AH         LINE#         336
  C:3F8DH         LINE#         338
  C:3F9DH         LINE#         339
  C:3F9DH         LINE#         340
  C:3FA0H         LINE#         342
  C:3FB0H         LINE#         343
  C:3FB0H         LINE#         345
  C:3FB3H         LINE#         347
  C:3FC4H         LINE#         348
  -------         ENDPROC       SPI_NOR_WRITE_DATA
  -------         ENDMOD        AT25SF041

  -------         MODULE        ?C_STARTUP
  C:4511H         SEGMENT       ?C_C51STARTUP
  I:0022H         SEGMENT       ?STACK
  C:0000H         PUBLIC        ?C_STARTUP
  D:00E0H         SYMBOL        ACC
  D:00F0H         SYMBOL        B
  D:0083H         SYMBOL        DPH
  D:0082H         SYMBOL        DPL
  N:0000H         SYMBOL        IBPSTACK
  N:0100H         SYMBOL        IBPSTACKTOP
  N:0080H         SYMBOL        IDATALEN
  C:4514H         SYMBOL        IDATALOOP
  N:0000H         SYMBOL        PBPSTACK
  N:0100H         SYMBOL        PBPSTACKTOP
  N:0000H         SYMBOL        PDATALEN
  N:0000H         SYMBOL        PDATASTART
  N:0000H         SYMBOL        PPAGE
  N:0000H         SYMBOL        PPAGEENABLE
  D:00A0H         SYMBOL        PPAGE_SFR
  D:0081H         SYMBOL        SP
  C:4511H         SYMBOL        STARTUP1
  N:0000H         SYMBOL        XBPSTACK
  N:0000H         SYMBOL        XBPSTACKTOP
  N:0000H         SYMBOL        XDATALEN
  N:0000H         SYMBOL        XDATASTART
  C:0000H         LINE#         126
  C:4511H         LINE#         133
  C:4513H         LINE#         134
  C:4514H         LINE#         135
  C:4515H         LINE#         136
  C:4517H         LINE#         185
BL51 BANKED LINKER/LOCATER V6.22                                                      02/22/2019  10:31:58  PAGE 48


  C:451AH         LINE#         196
  -------         ENDMOD        ?C_STARTUP

  -------         MODULE        ?C?FPADD
  C:15C7H         PUBLIC        ?C?FPADD
  C:15C3H         PUBLIC        ?C?FPSUB
  -------         ENDMOD        ?C?FPADD

  -------         MODULE        ?C?FPMUL
  C:16B8H         PUBLIC        ?C?FPMUL
  -------         ENDMOD        ?C?FPMUL

  -------         MODULE        ?C?FPDIV
  C:17C1H         PUBLIC        ?C?FPDIV
  -------         ENDMOD        ?C?FPDIV

  -------         MODULE        ?C?FPCMP
  C:1860H         PUBLIC        ?C?FPCMP
  C:185EH         PUBLIC        ?C?FPCMP3
  -------         ENDMOD        ?C?FPCMP

  -------         MODULE        ?C?FPNEG
  C:18D7H         PUBLIC        ?C?FPNEG
  -------         ENDMOD        ?C?FPNEG

  -------         MODULE        ?C?FCAST
  C:18F2H         PUBLIC        ?C?FCASTC
  C:18EDH         PUBLIC        ?C?FCASTI
  C:18E8H         PUBLIC        ?C?FCASTL
  -------         ENDMOD        ?C?FCAST

  -------         MODULE        ?C?CASTF
  C:1926H         PUBLIC        ?C?CASTF
  -------         ENDMOD        ?C?CASTF

  -------         MODULE        ATAN2
  X:04D5H         PUBLIC        ?_atan2?BYTE
  C:4343H         PUBLIC        _atan2
  -------         ENDMOD        ATAN2

  -------         MODULE        SIN
  C:3719H         PUBLIC        _COS
  C:372FH         PUBLIC        _SIN
  C:376BH         PUBLIC        _TAN
  -------         ENDMOD        SIN

  -------         MODULE        ACOS
  C:4852H         PUBLIC        _ACOS
  -------         ENDMOD        ACOS

  -------         MODULE        ASIN
  C:4960H         PUBLIC        _ASIN
  -------         ENDMOD        ASIN

  -------         MODULE        SQRT
  C:41FAH         PUBLIC        _SQRT
  -------         ENDMOD        SQRT
BL51 BANKED LINKER/LOCATER V6.22                                                      02/22/2019  10:31:58  PAGE 49



  -------         MODULE        ATAN
  C:3B27H         PUBLIC        _ATAN
  -------         ENDMOD        ATAN

  -------         MODULE        ?C?COPY
  C:1AC4H         PUBLIC        ?C?COPY
  -------         ENDMOD        ?C?COPY

  -------         MODULE        ?C?CLDPTR
  C:1AEAH         PUBLIC        ?C?CLDPTR
  -------         ENDMOD        ?C?CLDPTR

  -------         MODULE        ?C?CLDOPTR
  C:1B03H         PUBLIC        ?C?CLDOPTR
  -------         ENDMOD        ?C?CLDOPTR

  -------         MODULE        ?C?CSTPTR
  C:1B30H         PUBLIC        ?C?CSTPTR
  -------         ENDMOD        ?C?CSTPTR

  -------         MODULE        ?C?IMUL
  C:1B42H         PUBLIC        ?C?IMUL
  -------         ENDMOD        ?C?IMUL

  -------         MODULE        ?C?UIDIV
  C:1B54H         PUBLIC        ?C?UIDIV
  -------         ENDMOD        ?C?UIDIV

  -------         MODULE        ?C?SIDIV
  C:1BA9H         PUBLIC        ?C?SIDIV
  -------         ENDMOD        ?C?SIDIV

  -------         MODULE        ?C?ILDIX
  C:1BDFH         PUBLIC        ?C?ILDIX
  -------         ENDMOD        ?C?ILDIX

  -------         MODULE        ?C?ILDOPTR
  C:1BF5H         PUBLIC        ?C?ILDOPTR
  -------         ENDMOD        ?C?ILDOPTR

  -------         MODULE        ?C?ISTPTR
  C:1C2DH         PUBLIC        ?C?ISTPTR
  -------         ENDMOD        ?C?ISTPTR

  -------         MODULE        ?C?LMUL
  C:1C4CH         PUBLIC        ?C?LMUL
  -------         ENDMOD        ?C?LMUL

  -------         MODULE        ?C?SLDIV
  C:489CH         PUBLIC        ?C?SLDIV
  -------         ENDMOD        ?C?SLDIV

  -------         MODULE        ?C?LNEG
  C:1C9BH         PUBLIC        ?C?LNEG
  -------         ENDMOD        ?C?LNEG

BL51 BANKED LINKER/LOCATER V6.22                                                      02/22/2019  10:31:58  PAGE 50


  -------         MODULE        ?C?ULCMP
  C:1CA9H         PUBLIC        ?C?ULCMP
  -------         ENDMOD        ?C?ULCMP

  -------         MODULE        ?C?LSHL
  C:1CBAH         PUBLIC        ?C?LSHL
  -------         ENDMOD        ?C?LSHL

  -------         MODULE        ?C?LLDPTR
  C:1CCDH         PUBLIC        ?C?LLDPTR
  -------         ENDMOD        ?C?LLDPTR

  -------         MODULE        ?C?LLDOPTR
  C:1CEDH         PUBLIC        ?C?LLDOPTR
  -------         ENDMOD        ?C?LLDOPTR

  -------         MODULE        ?C?LSTPTR
  C:1D1DH         PUBLIC        ?C?LSTPTR
  -------         ENDMOD        ?C?LSTPTR

  -------         MODULE        ?C?LSTOPTR
  C:1D37H         PUBLIC        ?C?LSTOPTR
  -------         ENDMOD        ?C?LSTOPTR

  -------         MODULE        ?C?LLDXDATA
  C:1D5BH         PUBLIC        ?C?LLDXDATA
  -------         ENDMOD        ?C?LLDXDATA

  -------         MODULE        ?C?LLDCODE
  C:1D67H         PUBLIC        ?C?LLDCODE
  -------         ENDMOD        ?C?LLDCODE

  -------         MODULE        ?C?LLDXDATA0
  C:1D77H         PUBLIC        ?C?LLDXDATA0
  -------         ENDMOD        ?C?LLDXDATA0

  -------         MODULE        ?C?LLDCODE0
  C:1D83H         PUBLIC        ?C?LLDCODE0
  -------         ENDMOD        ?C?LLDCODE0

  -------         MODULE        ?C?LLDPTR0
  C:1D93H         PUBLIC        ?C?LLDPTR0
  -------         ENDMOD        ?C?LLDPTR0

  -------         MODULE        ?C?LSTXDATA
  C:1DB3H         PUBLIC        ?C?LSTXDATA
  -------         ENDMOD        ?C?LSTXDATA

  -------         MODULE        ?C?LSTKXDATA
  C:1DBFH         PUBLIC        ?C?LSTKXDATA
  -------         ENDMOD        ?C?LSTKXDATA

  -------         MODULE        ?C?LSTKPTR
  C:1DF0H         PUBLIC        ?C?LSTKPTR
  -------         ENDMOD        ?C?LSTKPTR

  -------         MODULE        ?C?OFFXADD
BL51 BANKED LINKER/LOCATER V6.22                                                      02/22/2019  10:31:58  PAGE 51


  C:1E0AH         PUBLIC        ?C?OFFXADD
  -------         ENDMOD        ?C?OFFXADD

  -------         MODULE        ABS
  C:4C88H         PUBLIC        _ABS
  -------         ENDMOD        ABS

  -------         MODULE        ATOI
  C:3E2AH         PUBLIC        _atoi
  -------         ENDMOD        ATOI

  -------         MODULE        ?C?IILDX
  C:1E16H         PUBLIC        ?C?IILDX
  -------         ENDMOD        ?C?IILDX

  -------         MODULE        ?C?ULDIV
  C:1E68H         PUBLIC        ?C?ULDIV
  -------         ENDMOD        ?C?ULDIV

  -------         MODULE        ?C?LLDIDATA
  C:1EFAH         PUBLIC        ?C?LLDIDATA
  -------         ENDMOD        ?C?LLDIDATA

  -------         MODULE        ?C?LLDPDATA
  C:1F06H         PUBLIC        ?C?LLDPDATA
  -------         ENDMOD        ?C?LLDPDATA

  -------         MODULE        ?C?LLDIDATA0
  C:1F12H         PUBLIC        ?C?LLDIDATA0
  -------         ENDMOD        ?C?LLDIDATA0

  -------         MODULE        ?C?LLDPDATA0
  C:1F1FH         PUBLIC        ?C?LLDPDATA0
  -------         ENDMOD        ?C?LLDPDATA0

  -------         MODULE        ?C?LSTIDATA
  C:1F2CH         PUBLIC        ?C?LSTIDATA
  -------         ENDMOD        ?C?LSTIDATA

  -------         MODULE        ?C?LSTPDATA
  C:1F38H         PUBLIC        ?C?LSTPDATA
  -------         ENDMOD        ?C?LSTPDATA

  -------         MODULE        ?C?LSTKIDATA
  C:1F44H         PUBLIC        ?C?LSTKIDATA
  -------         ENDMOD        ?C?LSTKIDATA

  -------         MODULE        ?C?LSTKPDATA
  C:1F5DH         PUBLIC        ?C?LSTKPDATA
  -------         ENDMOD        ?C?LSTKPDATA

  -------         MODULE        ISDIGIT
  C:4C60H         PUBLIC        _isdigit
  -------         ENDMOD        ISDIGIT

  -------         MODULE        ISSPACE
  C:4BFBH         PUBLIC        _isspace
BL51 BANKED LINKER/LOCATER V6.22                                                      02/22/2019  10:31:58  PAGE 52


  -------         ENDMOD        ISSPACE

*** WARNING L16: UNCALLED SEGMENT, IGNORED FOR OVERLAY PROCESS
    SEGMENT: ?PR?_DISPLAY_PROX?MAIN

*** WARNING L16: UNCALLED SEGMENT, IGNORED FOR OVERLAY PROCESS
    SEGMENT: ?PR?_DAY_OF_YEAR?PCF85063BTL

*** WARNING L16: UNCALLED SEGMENT, IGNORED FOR OVERLAY PROCESS
    SEGMENT: ?PR?INITUART1?UART1

*** WARNING L16: UNCALLED SEGMENT, IGNORED FOR OVERLAY PROCESS
    SEGMENT: ?PR?_SENDSTRING?UART1

*** WARNING L16: UNCALLED SEGMENT, IGNORED FOR OVERLAY PROCESS
    SEGMENT: ?PR?_TEN?UART1

*** WARNING L16: UNCALLED SEGMENT, IGNORED FOR OVERLAY PROCESS
    SEGMENT: ?PR?_UNIT?UART1

*** WARNING L16: UNCALLED SEGMENT, IGNORED FOR OVERLAY PROCESS
    SEGMENT: ?PR?_DECTOBCD?UART1

*** WARNING L16: UNCALLED SEGMENT, IGNORED FOR OVERLAY PROCESS
    SEGMENT: ?PR?_ASCII_LETTER?UART1

*** WARNING L16: UNCALLED SEGMENT, IGNORED FOR OVERLAY PROCESS
    SEGMENT: ?PR?_ASCIITOBCD?UART1

*** WARNING L16: UNCALLED SEGMENT, IGNORED FOR OVERLAY PROCESS
    SEGMENT: ?PR?WAIT?BIPOLARMOTOR

*** WARNING L16: UNCALLED SEGMENT, IGNORED FOR OVERLAY PROCESS
    SEGMENT: ?PR?_FINDDET4X4?BIPOLARMOTOR

*** WARNING L16: UNCALLED SEGMENT, IGNORED FOR OVERLAY PROCESS
    SEGMENT: ?PR?NOP?IOEXPANDER_PI4IOE5V96248

*** WARNING L16: UNCALLED SEGMENT, IGNORED FOR OVERLAY PROCESS
    SEGMENT: ?PR?UC_ACK?IOEXPANDER_PI4IOE5V96248

*** WARNING L16: UNCALLED SEGMENT, IGNORED FOR OVERLAY PROCESS
    SEGMENT: ?PR?UC_NACK?IOEXPANDER_PI4IOE5V96248

*** WARNING L16: UNCALLED SEGMENT, IGNORED FOR OVERLAY PROCESS
    SEGMENT: ?PR?_AT25SF041_READ?AT25SF041

*** WARNING L1: UNRESOLVED EXTERNAL SYMBOL
    SYMBOL:  AUTO_MODE
    MODULE:  .\Obj\main.obj (MAIN)

*** WARNING L2: REFERENCE MADE TO UNRESOLVED EXTERNAL
    SYMBOL:  AUTO_MODE
    MODULE:  .\Obj\main.obj (MAIN)
    ADDRESS: 0B41H

*** WARNING L2: REFERENCE MADE TO UNRESOLVED EXTERNAL
BL51 BANKED LINKER/LOCATER V6.22                                                      02/22/2019  10:31:58  PAGE 53


    SYMBOL:  AUTO_MODE
    MODULE:  .\Obj\main.obj (MAIN)
    ADDRESS: 0CB6H

*** WARNING L2: REFERENCE MADE TO UNRESOLVED EXTERNAL
    SYMBOL:  AUTO_MODE
    MODULE:  .\Obj\main.obj (MAIN)
    ADDRESS: 0CC4H

*** WARNING L2: REFERENCE MADE TO UNRESOLVED EXTERNAL
    SYMBOL:  AUTO_MODE
    MODULE:  .\Obj\main.obj (MAIN)
    ADDRESS: 0CD6H

*** WARNING L2: REFERENCE MADE TO UNRESOLVED EXTERNAL
    SYMBOL:  AUTO_MODE
    MODULE:  .\Obj\main.obj (MAIN)
    ADDRESS: 0D18H

*** WARNING L2: REFERENCE MADE TO UNRESOLVED EXTERNAL
    SYMBOL:  AUTO_MODE
    MODULE:  .\Obj\main.obj (MAIN)
    ADDRESS: 0DEBH

*** WARNING L1: UNRESOLVED EXTERNAL SYMBOL
    SYMBOL:  _SENDUART1
    MODULE:  .\Obj\UART1.obj (UART1)

*** WARNING L2: REFERENCE MADE TO UNRESOLVED EXTERNAL
    SYMBOL:  _SENDUART1
    MODULE:  .\Obj\UART1.obj (UART1)
    ADDRESS: 49C9H

*** WARNING L1: UNRESOLVED EXTERNAL SYMBOL
    SYMBOL:  AUTO_MODE
    MODULE:  .\Obj\KeyPad.obj (KEYPAD)

*** WARNING L2: REFERENCE MADE TO UNRESOLVED EXTERNAL
    SYMBOL:  AUTO_MODE
    MODULE:  .\Obj\KeyPad.obj (KEYPAD)
    ADDRESS: 3120H

*** WARNING L2: REFERENCE MADE TO UNRESOLVED EXTERNAL
    SYMBOL:  AUTO_MODE
    MODULE:  .\Obj\KeyPad.obj (KEYPAD)
    ADDRESS: 312BH

*** WARNING L2: REFERENCE MADE TO UNRESOLVED EXTERNAL
    SYMBOL:  AUTO_MODE
    MODULE:  .\Obj\KeyPad.obj (KEYPAD)
    ADDRESS: 3132H

Program Size: data=10.2 xdata=1592 code=19642
LINK/LOCATE RUN COMPLETE.  28 WARNING(S),  0 ERROR(S)
