BL51 BANKED LINKER/LOCATER V6.22                                                        05/07/2019  17:07:17  PAGE 1


BL51 BANKED LINKER/LOCATER V6.22, INVOKED BY:
C:\KEIL_V5\C51\BIN\BL51.EXE .\Obj\main.obj, .\Obj\PCF85063BTL.obj, .\Obj\LCd_Driver_SPLC780D.obj, .\Obj\KeyPad.obj, .\Ob
>> j\BipolarMotor.obj, .\Obj\SunPos.obj, .\Obj\ADC.obj, .\Obj\Calibration.obj, .\Obj\IOExpander_PI4IOE5V96248.obj, .\Obj
>> \AT25SF041.obj, .\Obj\SI1120.obj, .\Obj\STARTUP.obj TO .\Obj\GPIO_RTC_Test PRINT (.\Lis\GPIO_RTC_Test.m51) RAMSIZE (2
>> 56)


MEMORY MODEL: LARGE WITH FLOATING POINT ARITHMETIC


INPUT MODULES INCLUDED:
  .\Obj\main.obj (MAIN)
  .\Obj\PCF85063BTL.obj (PCF85063BTL)
  .\Obj\LCd_Driver_SPLC780D.obj (LCD_DRIVER_SPLC780D)
  .\Obj\KeyPad.obj (KEYPAD)
  .\Obj\BipolarMotor.obj (BIPOLARMOTOR)
  .\Obj\SunPos.obj (SUNPOS)
  .\Obj\ADC.obj (ADC)
  .\Obj\Calibration.obj (CALIBRATION)
  .\Obj\IOExpander_PI4IOE5V96248.obj (IOEXPANDER_PI4IOE5V96248)
  .\Obj\AT25SF041.obj (AT25SF041)
  .\Obj\SI1120.obj (SI1120)
  .\Obj\STARTUP.obj (?C_STARTUP)
  C:\KEIL_V5\C51\LIB\C51FPL.LIB (?C?FPADD)
  C:\KEIL_V5\C51\LIB\C51FPL.LIB (?C?FPMUL)
  C:\KEIL_V5\C51\LIB\C51FPL.LIB (?C?FPDIV)
  C:\KEIL_V5\C51\LIB\C51FPL.LIB (?C?FPCMP)
  C:\KEIL_V5\C51\LIB\C51FPL.LIB (?C?FPNEG)
  C:\KEIL_V5\C51\LIB\C51FPL.LIB (?C?FCAST)
  C:\KEIL_V5\C51\LIB\C51FPL.LIB (?C?CASTF)
  C:\KEIL_V5\C51\LIB\C51FPL.LIB (ATAN2)
  C:\KEIL_V5\C51\LIB\C51FPL.LIB (SIN)
  C:\KEIL_V5\C51\LIB\C51FPL.LIB (ACOS)
  C:\KEIL_V5\C51\LIB\C51FPL.LIB (ASIN)
  C:\KEIL_V5\C51\LIB\C51FPL.LIB (POW)
  C:\KEIL_V5\C51\LIB\C51FPL.LIB (?C?FPGETOPN)
  C:\KEIL_V5\C51\LIB\C51FPL.LIB (?C?CHKFLOAT)
  C:\KEIL_V5\C51\LIB\C51FPL.LIB (?C?FPSERIES)
  C:\KEIL_V5\C51\LIB\C51FPL.LIB (EXP)
  C:\KEIL_V5\C51\LIB\C51FPL.LIB (LOG)
  C:\KEIL_V5\C51\LIB\C51FPL.LIB (SQRT)
  C:\KEIL_V5\C51\LIB\C51FPL.LIB (ATAN)
  C:\KEIL_V5\C51\LIB\C51L.LIB (?C_INIT)
  C:\KEIL_V5\C51\LIB\C51L.LIB (?C?COPY)
  C:\KEIL_V5\C51\LIB\C51L.LIB (?C?CLDPTR)
  C:\KEIL_V5\C51\LIB\C51L.LIB (?C?CLDOPTR)
  C:\KEIL_V5\C51\LIB\C51L.LIB (?C?CSTPTR)
  C:\KEIL_V5\C51\LIB\C51L.LIB (?C?IMUL)
  C:\KEIL_V5\C51\LIB\C51L.LIB (?C?UIDIV)
  C:\KEIL_V5\C51\LIB\C51L.LIB (?C?SIDIV)
  C:\KEIL_V5\C51\LIB\C51L.LIB (?C?ILDOPTR)
  C:\KEIL_V5\C51\LIB\C51L.LIB (?C?ISTPTR)
  C:\KEIL_V5\C51\LIB\C51L.LIB (?C?LMUL)
  C:\KEIL_V5\C51\LIB\C51L.LIB (?C?SLDIV)
  C:\KEIL_V5\C51\LIB\C51L.LIB (?C?LNEG)
  C:\KEIL_V5\C51\LIB\C51L.LIB (?C?ULCMP)
  C:\KEIL_V5\C51\LIB\C51L.LIB (?C?LSHL)
  C:\KEIL_V5\C51\LIB\C51L.LIB (?C?LLDPTR)
BL51 BANKED LINKER/LOCATER V6.22                                                      05/07/2019  17:07:17  PAGE 2


  C:\KEIL_V5\C51\LIB\C51L.LIB (?C?LLDOPTR)
  C:\KEIL_V5\C51\LIB\C51L.LIB (?C?LSTPTR)
  C:\KEIL_V5\C51\LIB\C51L.LIB (?C?LSTOPTR)
  C:\KEIL_V5\C51\LIB\C51L.LIB (?C?LLDXDATA)
  C:\KEIL_V5\C51\LIB\C51L.LIB (?C?LLDCODE)
  C:\KEIL_V5\C51\LIB\C51L.LIB (?C?LLDXDATA0)
  C:\KEIL_V5\C51\LIB\C51L.LIB (?C?LLDCODE0)
  C:\KEIL_V5\C51\LIB\C51L.LIB (?C?LLDPTR0)
  C:\KEIL_V5\C51\LIB\C51L.LIB (?C?LSTXDATA)
  C:\KEIL_V5\C51\LIB\C51L.LIB (?C?LSTKXDATA)
  C:\KEIL_V5\C51\LIB\C51L.LIB (?C?LSTKPTR)
  C:\KEIL_V5\C51\LIB\C51L.LIB (?C?OFFXADD)
  C:\KEIL_V5\C51\LIB\C51L.LIB (?C?ULDIV)
  C:\KEIL_V5\C51\LIB\C51L.LIB (?C?LLDIDATA)
  C:\KEIL_V5\C51\LIB\C51L.LIB (?C?LLDPDATA)
  C:\KEIL_V5\C51\LIB\C51L.LIB (?C?LLDIDATA0)
  C:\KEIL_V5\C51\LIB\C51L.LIB (?C?LLDPDATA0)
  C:\KEIL_V5\C51\LIB\C51L.LIB (?C?LSTIDATA)
  C:\KEIL_V5\C51\LIB\C51L.LIB (?C?LSTPDATA)
  C:\KEIL_V5\C51\LIB\C51L.LIB (?C?LSTKIDATA)
  C:\KEIL_V5\C51\LIB\C51L.LIB (?C?LSTKPDATA)


LINK MAP OF MODULE:  .\Obj\GPIO_RTC_Test (MAIN)


            TYPE    BASE      LENGTH    RELOCATION   SEGMENT NAME
            -----------------------------------------------------

            * * * * * * *   D A T A   M E M O R Y   * * * * * * *
            REG     0000H     0008H     ABSOLUTE     "REG BANK 0"
                    0008H     0018H                  *** GAP ***
            BIT     0020H.0   0000H.4   UNIT         _BIT_GROUP_
            BIT     0020H.4   0000H.1   UNIT         ?BI?MAIN
                    0020H.5   0000H.3                *** GAP ***
            IDATA   0021H     0001H     UNIT         ?STACK

            * * * * * * *  X D A T A   M E M O R Y  * * * * * * *
            XDATA   0000H     03BCH     UNIT         ?XD?BIPOLARMOTOR
            XDATA   03BCH     0123H     UNIT         _XDATA_GROUP_
            XDATA   04DFH     0101H     UNIT         ?XD?MAIN
            XDATA   05E0H     0019H     UNIT         ?XD?KEYPAD
            XDATA   05F9H     0008H     UNIT         ?XD?_AT25SF041_READ?AT25SF041
            XDATA   0601H     0001H     UNIT         ?XD?UC_ACK?IOEXPANDER_PI4IOE5V96248
            XDATA   0602H     0001H     UNIT         ?XD?UC_NACK?IOEXPANDER_PI4IOE5V96248

            * * * * * * *   C O D E   M E M O R Y   * * * * * * *
            CODE    0000H     0003H     ABSOLUTE     
            CODE    0003H     0003H     ABSOLUTE     
            CODE    0006H     0001H     UNIT         ?PR?NOP?IOEXPANDER_PI4IOE5V96248
                    0007H     0004H                  *** GAP ***
            CODE    000BH     0003H     ABSOLUTE     
            CODE    000EH     000DH     UNIT         ?PR?SPI_INIT?PCF85063BTL
            CODE    001BH     0003H     ABSOLUTE     
            CODE    001EH     0C23H     UNIT         ?PR?MAIN?MAIN
            CODE    0C41H     09A4H     UNIT         ?C?LIB_CODE
            CODE    15E5H     07A2H     UNIT         ?PR?SUNPOS?SUNPOS
BL51 BANKED LINKER/LOCATER V6.22                                                      05/07/2019  17:07:17  PAGE 3


            CODE    1D87H     063CH     UNIT         ?PR?_UPDATE_POSITION?BIPOLARMOTOR
            CODE    23C3H     04FBH     UNIT         ?PR?_THEORICALJP_POSITION?BIPOLARMOTOR
            CODE    28BEH     04C0H     UNIT         ?PR?_FIND_REAL_MAX?CALIBRATION
            CODE    2D7EH     040EH     UNIT         ?C_INITSEG
            CODE    318CH     038CH     UNIT         ?PR?KEY_PROCESS?KEYPAD
            CODE    3518H     0380H     UNIT         ?PR?_ELEVATION_CALCULATION?BIPOLARMOTOR
            CODE    3898H     01C0H     UNIT         ?PR?_CALIBRATION?CALIBRATION
            CODE    3A58H     018DH     UNIT         ?PR?KEY_SCAN?KEYPAD
            CODE    3BE5H     0189H     UNIT         ?PR?SPI_NOR_WRITE_DATA?AT25SF041
            CODE    3D6EH     0188H     UNIT         ?PR?SIN?SIN
            CODE    3EF6H     0166H     UNIT         ?PR?_POW?POW
            CODE    405CH     0155H     UNIT         ?PR?_DISPLAY_POS?LCD_DRIVER_SPLC780D
            CODE    41B1H     0129H     UNIT         ?PR?LOG?LOG
            CODE    42DAH     0122H     UNIT         ?PR?ATAN?ATAN
            CODE    43FCH     0110H     UNIT         ?PR?_AT25SF041_READ?AT25SF041
            CODE    450CH     0102H     UNIT         ?PR?_AT25SF041_WRITE?AT25SF041
            CODE    460EH     00F5H     UNIT         ?PR?EXINT0?MAIN
            CODE    4703H     00C3H     UNIT         ?PR?LINEAR_INTERPOLATE?BIPOLARMOTOR
            CODE    47C6H     00BBH     UNIT         ?PR?VOLTAGE_IS_STABLE?CALIBRATION
            CODE    4881H     00ADH     UNIT         ?PR?_WRITE_PI4IOE5V96248?IOEXPANDER_PI4IOE5V96248
            CODE    492EH     00ACH     UNIT         ?PR?SQRT?SQRT
            CODE    49DAH     00A1H     UNIT         ?PR?UCREAD_STATUS_REGISTER_BYTE1?AT25SF041
            CODE    4A7BH     009DH     UNIT         ?PR?_ATAN2?ATAN2
            CODE    4B18H     009CH     UNIT         ?PR?_MAX_VALUE?CALIBRATION
            CODE    4BB4H     009AH     UNIT         ?PR?EXP?EXP
            CODE    4C4EH     008CH     UNIT         ?C_C51STARTUP
            CODE    4CDAH     0088H     UNIT         ?PR?_DAY_OF_YEAR?PCF85063BTL
            CODE    4D62H     0079H     UNIT         ?PR?_WRITEDATA?LCD_DRIVER_SPLC780D
            CODE    4DDBH     0072H     UNIT         ?PR?AT25SF041_WRITEENABLE?AT25SF041
            CODE    4E4DH     006FH     UNIT         ?PR?_READ_TIME?PCF85063BTL
            CODE    4EBCH     005AH     UNIT         ?PR?AT25SF041_CHIPERASE?AT25SF041
            CODE    4F16H     0059H     UNIT         ?PR?LCD_INIT?LCD_DRIVER_SPLC780D
            CODE    4F6FH     004AH     UNIT         ?PR?VONESTEPMOVE?BIPOLARMOTOR
            CODE    4FB9H     004AH     UNIT         ?PR?ACOS?ACOS
            CODE    5003H     0044H     UNIT         ?C?LDIV
            CODE    5047H     0040H     UNIT         ?PR?_COMMAND?LCD_DRIVER_SPLC780D
            CODE    5087H     0040H     UNIT         ?PR?_STEP_MOVE?BIPOLARMOTOR
            CODE    50C7H     003BH     UNIT         ?PR?ASIN?ASIN
            CODE    5102H     0031H     UNIT         ?PR?SI1120_CONFIG_MODE_VIRH?SI1120
            CODE    5133H     002BH     UNIT         ?PR?_WAIT_MS_I2C?IOEXPANDER_PI4IOE5V96248
            CODE    515EH     002BH     UNIT         ?PR?_WAIT_MS_SPINOR?AT25SF041
            CODE    5189H     002AH     UNIT         ?PR?_ADC_GETRESULT?ADC
            CODE    51B3H     0028H     UNIT         ?PR?_MOVE?BIPOLARMOTOR
            CODE    51DBH     0027H     UNIT         ?PR?_I2C_SENDBYTE?IOEXPANDER_PI4IOE5V96248
            CODE    5202H     0025H     UNIT         ?PR?_FINDCLOSESTSAMEDAYCALIBTIME?CALIBRATION
            CODE    5227H     0024H     UNIT         ?PR?_WAIT_MS?LCD_DRIVER_SPLC780D
            CODE    524BH     0021H     UNIT         ?PR?TM0_ISR?MAIN
            CODE    526CH     0020H     UNIT         ?PR?_SPI_SENDBYTE?PCF85063BTL
            CODE    528CH     0020H     UNIT         ?PR?SPI_RECEIVEBYTE?PCF85063BTL
            CODE    52ACH     001EH     UNIT         ?PR?_DELAY_MS?KEYPAD
            CODE    52CAH     001DH     UNIT         ?PR?_DISPLAYLCD?LCD_DRIVER_SPLC780D
            CODE    52E7H     001BH     UNIT         ?PR?_BCDTODEC1?BIPOLARMOTOR
            CODE    5302H     001AH     UNIT         ?PR?ADC_INIT?ADC
            CODE    531CH     0018H     UNIT         ?PR?_SPI_WRITETIME?PCF85063BTL
            CODE    5334H     0016H     UNIT         ?PR?I2C_ACK?IOEXPANDER_PI4IOE5V96248
            CODE    534AH     0015H     UNIT         ?PR?_DISPLAY_LINE?LCD_DRIVER_SPLC780D
            CODE    535FH     0015H     UNIT         ?PR?VSETLOCATION?BIPOLARMOTOR
BL51 BANKED LINKER/LOCATER V6.22                                                      05/07/2019  17:07:17  PAGE 4


            CODE    5374H     0015H     UNIT         ?PR?I2C_STOP?IOEXPANDER_PI4IOE5V96248
            CODE    5389H     0014H     UNIT         ?PR?_PCF85063BTL_DELAY?PCF85063BTL
            CODE    539DH     0014H     UNIT         ?PR?_ABS?LCD_DRIVER_SPLC780D
            CODE    53B1H     0011H     UNIT         ?PR?_SPI_READTIME?PCF85063BTL
            CODE    53C2H     0011H     UNIT         ?PR?_BCDTODEC?PCF85063BTL
            CODE    53D3H     000FH     UNIT         ?PR?I2C_START?IOEXPANDER_PI4IOE5V96248
            CODE    53E2H     000FH     UNIT         ?PR?UC_NACK?IOEXPANDER_PI4IOE5V96248
            CODE    53F1H     000DH     UNIT         ?PR?ENABLE_EXTINT0?SI1120
            CODE    53FEH     000CH     UNIT         ?PR?KEYPAD_IO_INIT?KEYPAD
            CODE    540AH     000AH     UNIT         ?PR?LCD_RETURN_HOME?LCD_DRIVER_SPLC780D
            CODE    5414H     000AH     UNIT         ?PR?LCD_CLEAR?LCD_DRIVER_SPLC780D
            CODE    541EH     0009H     UNIT         ?PR?TM1_ISR?MAIN
            CODE    5427H     0006H     UNIT         ?PR?UC_ACK?IOEXPANDER_PI4IOE5V96248



OVERLAY MAP OF MODULE:   .\Obj\GPIO_RTC_Test (MAIN)


SEGMENT                                             BIT_GROUP          XDATA_GROUP
  +--> CALLED SEGMENT                            START    LENGTH     START    LENGTH
------------------------------------------------------------------------------------
?PR?EXINT0?MAIN                                  -----    -----      -----    -----
  +--> ?PR?_POW?POW

?PR?_POW?POW                                     -----    -----      03BCH    000AH
  +--> ?PR?LOG?LOG
  +--> ?PR?EXP?EXP

?PR?LOG?LOG                                      0020H.0  0000H.1    03C6H    0004H

*** NEW ROOT ***************************************************

?C_C51STARTUP                                    -----    -----      -----    -----
  +--> ?PR?MAIN?MAIN
  +--> ?C_INITSEG

?PR?MAIN?MAIN                                    -----    -----      03CAH    002AH
  +--> ?PR?LCD_INIT?LCD_DRIVER_SPLC780D
  +--> ?PR?SPI_INIT?PCF85063BTL
  +--> ?PR?KEYPAD_IO_INIT?KEYPAD
  +--> ?PR?ADC_INIT?ADC
  +--> ?PR?SI1120_CONFIG_MODE_VIRH?SI1120
  +--> ?PR?ENABLE_EXTINT0?SI1120
  +--> ?PR?VSETLOCATION?BIPOLARMOTOR
  +--> ?PR?_DISPLAY_LINE?LCD_DRIVER_SPLC780D
  +--> ?PR?_WRITEDATA?LCD_DRIVER_SPLC780D
  +--> ?PR?KEY_PROCESS?KEYPAD
  +--> ?PR?_DISPLAY_POS?LCD_DRIVER_SPLC780D
  +--> ?PR?_COMMAND?LCD_DRIVER_SPLC780D
  +--> ?PR?_DISPLAYLCD?LCD_DRIVER_SPLC780D
  +--> ?PR?_STEP_MOVE?BIPOLARMOTOR
  +--> ?PR?LCD_RETURN_HOME?LCD_DRIVER_SPLC780D
  +--> ?PR?_READ_TIME?PCF85063BTL
  +--> ?PR?_BCDTODEC1?BIPOLARMOTOR
  +--> ?PR?_ELEVATION_CALCULATION?BIPOLARMOTOR
  +--> ?PR?SIN?SIN
BL51 BANKED LINKER/LOCATER V6.22                                                      05/07/2019  17:07:17  PAGE 5


  +--> ?PR?_CALIBRATION?CALIBRATION
  +--> ?PR?AT25SF041_WRITEENABLE?AT25SF041
  +--> ?PR?_AT25SF041_WRITE?AT25SF041
  +--> ?PR?_WAIT_MS_SPINOR?AT25SF041
  +--> ?PR?_UPDATE_POSITION?BIPOLARMOTOR
  +--> ?PR?_ADC_GETRESULT?ADC
  +--> ?PR?SPI_NOR_WRITE_DATA?AT25SF041
  +--> ?PR?LINEAR_INTERPOLATE?BIPOLARMOTOR
  +--> ?PR?_FINDCLOSESTSAMEDAYCALIBTIME?CALI...
  +--> ?PR?LCD_CLEAR?LCD_DRIVER_SPLC780D
  +--> ?PR?AT25SF041_CHIPERASE?AT25SF041

?PR?LCD_INIT?LCD_DRIVER_SPLC780D                 -----    -----      -----    -----
  +--> ?PR?_WAIT_MS?LCD_DRIVER_SPLC780D
  +--> ?PR?_COMMAND?LCD_DRIVER_SPLC780D

?PR?_COMMAND?LCD_DRIVER_SPLC780D                 -----    -----      -----    -----
  +--> ?PR?_WAIT_MS?LCD_DRIVER_SPLC780D

?PR?SI1120_CONFIG_MODE_VIRH?SI1120               -----    -----      -----    -----
  +--> ?PR?_WAIT_MS?LCD_DRIVER_SPLC780D

?PR?_DISPLAY_LINE?LCD_DRIVER_SPLC780D            -----    -----      -----    -----
  +--> ?PR?_COMMAND?LCD_DRIVER_SPLC780D

?PR?_WRITEDATA?LCD_DRIVER_SPLC780D               -----    -----      04DEH    0001H
  +--> ?PR?_WAIT_MS?LCD_DRIVER_SPLC780D

?PR?KEY_PROCESS?KEYPAD                           -----    -----      03F4H    0006H
  +--> ?PR?KEY_SCAN?KEYPAD
  +--> ?PR?_SPI_WRITETIME?PCF85063BTL
  +--> ?PR?LCD_CLEAR?LCD_DRIVER_SPLC780D
  +--> ?PR?_COMMAND?LCD_DRIVER_SPLC780D
  +--> ?PR?_WRITEDATA?LCD_DRIVER_SPLC780D

?PR?KEY_SCAN?KEYPAD                              -----    -----      03FAH    0003H

?PR?_SPI_WRITETIME?PCF85063BTL                   -----    -----      -----    -----
  +--> ?PR?_SPI_SENDBYTE?PCF85063BTL

?PR?_SPI_SENDBYTE?PCF85063BTL                    -----    -----      -----    -----
  +--> ?PR?_PCF85063BTL_DELAY?PCF85063BTL

?PR?LCD_CLEAR?LCD_DRIVER_SPLC780D                -----    -----      -----    -----
  +--> ?PR?_COMMAND?LCD_DRIVER_SPLC780D

?PR?_DISPLAY_POS?LCD_DRIVER_SPLC780D             -----    -----      04D3H    000BH
  +--> ?PR?_ABS?LCD_DRIVER_SPLC780D
  +--> ?PR?_WRITEDATA?LCD_DRIVER_SPLC780D

?PR?_DISPLAYLCD?LCD_DRIVER_SPLC780D              -----    -----      03F4H    0001H
  +--> ?PR?_WRITEDATA?LCD_DRIVER_SPLC780D

?PR?_STEP_MOVE?BIPOLARMOTOR                      0020H.2  0000H.1    04D7H    0004H
  +--> ?PR?VONESTEPMOVE?BIPOLARMOTOR

?PR?VONESTEPMOVE?BIPOLARMOTOR                    0020H.3  0000H.1    -----    -----
BL51 BANKED LINKER/LOCATER V6.22                                                      05/07/2019  17:07:17  PAGE 6


  +--> ?PR?_WRITE_PI4IOE5V96248?IOEXPANDER_P...
  +--> ?PR?_DELAY_MS?KEYPAD

?PR?_WRITE_PI4IOE5V96248?IOEXPANDER_P...         -----    -----      04DBH    0003H
  +--> ?PR?I2C_START?IOEXPANDER_PI4IOE5V96248
  +--> ?PR?_WAIT_MS_I2C?IOEXPANDER_PI4IOE5V9...
  +--> ?PR?_I2C_SENDBYTE?IOEXPANDER_PI4IOE5V...
  +--> ?PR?I2C_ACK?IOEXPANDER_PI4IOE5V96248
  +--> ?PR?I2C_STOP?IOEXPANDER_PI4IOE5V96248

?PR?I2C_START?IOEXPANDER_PI4IOE5V96248           -----    -----      -----    -----
  +--> ?PR?_WAIT_MS_I2C?IOEXPANDER_PI4IOE5V9...

?PR?_I2C_SENDBYTE?IOEXPANDER_PI4IOE5V...         -----    -----      -----    -----
  +--> ?PR?_WAIT_MS_I2C?IOEXPANDER_PI4IOE5V9...

?PR?I2C_ACK?IOEXPANDER_PI4IOE5V96248             -----    -----      04DEH    0001H
  +--> ?PR?_WAIT_MS_I2C?IOEXPANDER_PI4IOE5V9...

?PR?I2C_STOP?IOEXPANDER_PI4IOE5V96248            -----    -----      -----    -----
  +--> ?PR?_WAIT_MS_I2C?IOEXPANDER_PI4IOE5V9...

?PR?LCD_RETURN_HOME?LCD_DRIVER_SPLC780D          -----    -----      -----    -----
  +--> ?PR?_COMMAND?LCD_DRIVER_SPLC780D

?PR?_READ_TIME?PCF85063BTL                       -----    -----      03F4H    000FH
  +--> ?PR?_SPI_READTIME?PCF85063BTL

?PR?_SPI_READTIME?PCF85063BTL                    -----    -----      -----    -----
  +--> ?PR?_SPI_SENDBYTE?PCF85063BTL
  +--> ?PR?SPI_RECEIVEBYTE?PCF85063BTL

?PR?SPI_RECEIVEBYTE?PCF85063BTL                  -----    -----      -----    -----
  +--> ?PR?_PCF85063BTL_DELAY?PCF85063BTL

?PR?_ELEVATION_CALCULATION?BIPOLARMOTOR          -----    -----      03F4H    0005H
  +--> ?PR?_BCDTODEC1?BIPOLARMOTOR
  +--> ?PR?SUNPOS?SUNPOS
  +--> ?PR?SIN?SIN
  +--> ?PR?ASIN?ASIN

?PR?SUNPOS?SUNPOS                                -----    -----      043EH    005DH
  +--> ?PR?SIN?SIN
  +--> ?PR?_ATAN2?ATAN2
  +--> ?PR?ASIN?ASIN
  +--> ?PR?ACOS?ACOS

?PR?SIN?SIN                                      0020H.1  0000H.1    049BH    0004H

?PR?_ATAN2?ATAN2                                 -----    -----      049BH    0008H
  +--> ?PR?ATAN?ATAN

?PR?ATAN?ATAN                                    0020H.1  0000H.2    04A3H    0004H

?PR?ASIN?ASIN                                    -----    -----      -----    -----
  +--> ?PR?SQRT?SQRT
  +--> ?PR?ATAN?ATAN
BL51 BANKED LINKER/LOCATER V6.22                                                      05/07/2019  17:07:17  PAGE 7



?PR?SQRT?SQRT                                    -----    -----      049BH    0004H

?PR?ACOS?ACOS                                    -----    -----      -----    -----
  +--> ?PR?SQRT?SQRT
  +--> ?PR?ATAN?ATAN

?PR?_CALIBRATION?CALIBRATION                     -----    -----      03F4H    0024H
  +--> ?PR?VOLTAGE_IS_STABLE?CALIBRATION
  +--> ?PR?_UPDATE_POSITION?BIPOLARMOTOR
  +--> ?PR?_FIND_REAL_MAX?CALIBRATION

?PR?VOLTAGE_IS_STABLE?CALIBRATION                -----    -----      0418H    0018H
  +--> ?PR?_ADC_GETRESULT?ADC
  +--> ?PR?_ABS?LCD_DRIVER_SPLC780D

?PR?_UPDATE_POSITION?BIPOLARMOTOR                -----    -----      0418H    0026H
  +--> ?PR?_BCDTODEC1?BIPOLARMOTOR
  +--> ?PR?SUNPOS?SUNPOS
  +--> ?PR?SIN?SIN
  +--> ?PR?ASIN?ASIN
  +--> ?PR?_THEORICALJP_POSITION?BIPOLARMOTOR
  +--> ?PR?_ABS?LCD_DRIVER_SPLC780D
  +--> ?PR?_MOVE?BIPOLARMOTOR

?PR?_THEORICALJP_POSITION?BIPOLARMOTOR           -----    -----      043EH    005CH
  +--> ?PR?LINEAR_INTERPOLATE?BIPOLARMOTOR

?PR?LINEAR_INTERPOLATE?BIPOLARMOTOR              -----    -----      049AH    0014H

?PR?_MOVE?BIPOLARMOTOR                           0020H.1  0000H.1    04D3H    0004H
  +--> ?PR?_STEP_MOVE?BIPOLARMOTOR

?PR?_FIND_REAL_MAX?CALIBRATION                   -----    -----      0418H    00BBH
  +--> ?PR?_ADC_GETRESULT?ADC
  +--> ?PR?_WAIT_MS?LCD_DRIVER_SPLC780D
  +--> ?PR?AT25SF041_WRITEENABLE?AT25SF041
  +--> ?PR?_AT25SF041_WRITE?AT25SF041
  +--> ?PR?_WAIT_MS_SPINOR?AT25SF041
  +--> ?PR?_COMMAND?LCD_DRIVER_SPLC780D
  +--> ?PR?_WRITEDATA?LCD_DRIVER_SPLC780D
  +--> ?PR?_DISPLAY_POS?LCD_DRIVER_SPLC780D
  +--> ?PR?_MOVE?BIPOLARMOTOR
  +--> ?PR?_MAX_VALUE?CALIBRATION

?PR?AT25SF041_WRITEENABLE?AT25SF041              -----    -----      04D3H    0002H
  +--> ?PR?_WAIT_MS_SPINOR?AT25SF041
  +--> ?PR?UCREAD_STATUS_REGISTER_BYTE1?AT25...

?PR?UCREAD_STATUS_REGISTER_BYTE1?AT25...         -----    -----      04DBH    0003H
  +--> ?PR?_WAIT_MS_SPINOR?AT25SF041

?PR?_AT25SF041_WRITE?AT25SF041                   -----    -----      04D3H    0008H
  +--> ?PR?_WAIT_MS_SPINOR?AT25SF041
  +--> ?PR?UCREAD_STATUS_REGISTER_BYTE1?AT25...

?PR?_MAX_VALUE?CALIBRATION                       -----    -----      04D3H    0004H
BL51 BANKED LINKER/LOCATER V6.22                                                      05/07/2019  17:07:17  PAGE 8



?PR?SPI_NOR_WRITE_DATA?AT25SF041                 -----    -----      03F4H    000EH
  +--> ?PR?AT25SF041_WRITEENABLE?AT25SF041
  +--> ?PR?_AT25SF041_WRITE?AT25SF041
  +--> ?PR?_WAIT_MS_SPINOR?AT25SF041

?PR?AT25SF041_CHIPERASE?AT25SF041                -----    -----      03F4H    0002H
  +--> ?PR?_WAIT_MS_SPINOR?AT25SF041
  +--> ?PR?UCREAD_STATUS_REGISTER_BYTE1?AT25...



SYMBOL TABLE OF MODULE:  .\Obj\GPIO_RTC_Test (MAIN)

  VALUE           TYPE          NAME
  ----------------------------------

  -------         MODULE        MAIN
  C:0000H         SYMBOL        _ICE_DUMMY_
  X:04E7H         PUBLIC        calib_value
  D:0080H         PUBLIC        P0
  D:00B2H         PUBLIC        P3M0
  D:0090H         PUBLIC        P1
  D:00B1H         PUBLIC        P3M1
  D:00A0H         PUBLIC        P2
  D:00B0H         PUBLIC        P3
  D:00C0H         PUBLIC        P4
  D:00C8H         PUBLIC        P5
  X:053BH         SYMBOL        PressedKey
  B:00A8H.7       PUBLIC        EA
  D:00E8H         PUBLIC        P6
  X:053FH         PUBLIC        calib_stamp
  D:00F8H         PUBLIC        P7
  X:0540H         PUBLIC        calib_bool
  X:056AH         PUBLIC        pwm_time_min
  D:00A8H         PUBLIC        IE
  X:056EH         PUBLIC        calib_time
  X:05C2H         PUBLIC        pwm_time_max
  D:00B8H         PUBLIC        IP
  B:00B0H.2       PUBLIC        INT0
  X:05C6H         PUBLIC        months
  D:00D8H         PUBLIC        CCON
  C:001EH         PUBLIC        main
  X:05C7H         PUBLIC        count
  X:05C9H         PUBLIC        days
  X:05CAH         PUBLIC        hours
  D:0098H         PUBLIC        SCON
  D:0089H         PUBLIC        TMOD
  D:0088H         PUBLIC        TCON
  B:00A0H.3       PUBLIC        P23
  X:05CBH         SYMBOL        KeyCount
  X:05CDH         PUBLIC        mins
  B:00C8H.5       PUBLIC        P55
  D:008EH         PUBLIC        AUXR
  C:524BH         PUBLIC        tm0_isr
  B:0090H.5       PUBLIC        SI1120_STX
  C:541EH         PUBLIC        tm1_isr
BL51 BANKED LINKER/LOCATER V6.22                                                      05/07/2019  17:07:17  PAGE 9


  B:0020H.4       PUBLIC        busy
  B:00A8H.1       PUBLIC        ET0
  B:00A8H.3       PUBLIC        ET1
  X:05CEH         PUBLIC        SPI_NOR_INTERNAL_FLASH_ADDR
  D:008CH         PUBLIC        TH0
  D:008DH         PUBLIC        TH1
  D:008AH         PUBLIC        TL0
  D:008BH         PUBLIC        TL1
  B:0088H.4       PUBLIC        TR0
  B:0088H.6       PUBLIC        TR1
  C:460EH         PUBLIC        exint0
  X:05D2H         SYMBOL        KeyNum
  X:05D3H         SYMBOL        KeyNum_Old
  X:05D4H         PUBLIC        timer0_count
  X:05D6H         PUBLIC        current_position
  X:05DAH         PUBLIC        pwm_time
  X:05DEH         PUBLIC        start_timer0_count
  X:05DFH         PUBLIC        seconds
  D:00D0H         PUBLIC        PSW
  -------         PROC          TM0_ISR
  C:524BH         LINE#         94
  C:5251H         LINE#         98
  C:5254H         LINE#         99
  C:5257H         LINE#         100
  C:5265H         LINE#         101
  -------         ENDPROC       TM0_ISR
  -------         PROC          TM1_ISR
  C:541EH         LINE#         102
  C:541EH         LINE#         104
  C:5420H         LINE#         106
  C:5423H         LINE#         107
  C:5426H         LINE#         108
  -------         ENDPROC       TM1_ISR
  -------         PROC          EXINT0
  C:460EH         LINE#         109
  C:462BH         LINE#         113
  C:462EH         LINE#         114
  C:462EH         LINE#         115
  C:4631H         LINE#         116
  C:4634H         LINE#         117
  C:4636H         LINE#         118
  C:4638H         LINE#         122
  C:463BH         LINE#         125
  C:463BH         LINE#         126
  C:463DH         LINE#         128
  C:4649H         LINE#         129
  C:46A3H         LINE#         130
  C:46E1H         LINE#         131
  C:46E8H         LINE#         136
  C:46E8H         LINE#         138
  -------         ENDPROC       EXINT0
  -------         PROC          MAIN
  -------         DO            
  X:04DFH         SYMBOL        KeyCount
  X:04E1H         SYMBOL        KeyNum_Old
  X:04E2H         SYMBOL        KeyNum
  X:04E3H         SYMBOL        PressedKey
BL51 BANKED LINKER/LOCATER V6.22                                                      05/07/2019  17:07:17  PAGE 10


  X:03CAH         SYMBOL        prox_flag
  X:03CBH         SYMBOL        iUse_prevday_calib_value
  X:03CDH         SYMBOL        max_ADC_Val_JP
  X:03CFH         SYMBOL        max_ADC_Val
  X:03D1H         SYMBOL        calib_point1
  X:03D9H         SYMBOL        calib_point2
  X:03E1H         SYMBOL        dat_to_store
  X:03ECH         SYMBOL        calib_day
  X:03EEH         SYMBOL        calib_count
  X:03F0H         SYMBOL        theorical_JP_max_pos
  D:0004H         SYMBOL        elevation
  -------         ENDDO         
  C:001EH         LINE#         140
  C:001EH         LINE#         141
  C:001EH         LINE#         146
  C:0024H         LINE#         147
  C:0029H         LINE#         149
  C:0031H         LINE#         153
  C:0037H         LINE#         154
  C:0041H         LINE#         161
  C:0049H         LINE#         162
  C:0050H         LINE#         163
  C:0056H         LINE#         165
  C:005CH         LINE#         174
  C:005EH         LINE#         175
  C:0061H         LINE#         176
  C:0064H         LINE#         177
  C:0067H         LINE#         178
  C:006AH         LINE#         179
  C:006DH         LINE#         182
  C:0070H         LINE#         185
  C:0073H         LINE#         186
  C:0076H         LINE#         188
  C:0079H         LINE#         190
  C:007CH         LINE#         191
  C:007FH         LINE#         192
  C:0082H         LINE#         193
  C:0085H         LINE#         194
  C:0088H         LINE#         195
  C:008BH         LINE#         196
  C:008DH         LINE#         197
  C:008FH         LINE#         199
  C:0091H         LINE#         207
  C:0097H         LINE#         208
  C:009CH         LINE#         209
  C:00A1H         LINE#         210
  C:00A6H         LINE#         211
  C:00ABH         LINE#         212
  C:00B0H         LINE#         215
  C:00C9H         LINE#         216
  C:00C9H         LINE#         217
  C:00E5H         LINE#         218
  C:012CH         LINE#         219
  C:013DH         LINE#         222
  C:013DH         LINE#         223
  C:013DH         LINE#         224
  C:0140H         LINE#         228
BL51 BANKED LINKER/LOCATER V6.22                                                      05/07/2019  17:07:17  PAGE 11


  C:0140H         LINE#         231
  C:0151H         LINE#         233
  C:0156H         LINE#         234
  C:015BH         LINE#         236
  C:0160H         LINE#         238
  C:0165H         LINE#         239
  C:016AH         LINE#         241
  C:017BH         LINE#         242
  C:0180H         LINE#         243
  C:0185H         LINE#         245
  C:018CH         LINE#         246
  C:0194H         LINE#         247
  C:0199H         LINE#         248
  C:01A1H         LINE#         249
  C:01A6H         LINE#         250
  C:01B0H         LINE#         251
  C:01B5H         LINE#         252
  C:01BDH         LINE#         254
  C:01C5H         LINE#         255
  C:01CAH         LINE#         256
  C:01D4H         LINE#         257
  C:01D4H         LINE#         258
  C:01D6H         LINE#         259
  C:01D8H         LINE#         260
  C:01E2H         LINE#         261
  C:01E2H         LINE#         262
  C:01E7H         LINE#         263
  C:01E7H         LINE#         275
  C:01FBH         LINE#         276
  C:01FBH         LINE#         277
  C:0210H         LINE#         278
  C:021FH         LINE#         279
  C:021FH         LINE#         280
  C:0232H         LINE#         281
  C:0234H         LINE#         283
  C:0234H         LINE#         284
  C:0250H         LINE#         285
  C:0250H         LINE#         286
  C:0255H         LINE#         287
  C:0255H         LINE#         288
  C:0269H         LINE#         289
  C:0269H         LINE#         292
  C:027EH         LINE#         293
  C:028DH         LINE#         294
  C:028DH         LINE#         295
  C:02A0H         LINE#         296
  C:02A2H         LINE#         298
  C:02A2H         LINE#         299
  C:02BEH         LINE#         300
  C:02BEH         LINE#         301
  C:02C3H         LINE#         302
  C:02C9H         LINE#         303
  C:02C9H         LINE#         305
  C:02EBH         LINE#         306
  C:02EBH         LINE#         307
  C:02F5H         LINE#         308
  C:02FBH         LINE#         309
BL51 BANKED LINKER/LOCATER V6.22                                                      05/07/2019  17:07:17  PAGE 12


  C:0302H         LINE#         310
  C:0308H         LINE#         311
  C:030FH         LINE#         312
  C:030FH         LINE#         313
  C:0312H         LINE#         315
  C:0312H         LINE#         320
  C:034DH         LINE#         324
  C:035AH         LINE#         325
  C:035AH         LINE#         329
  C:035AH         LINE#         330
  C:0382H         LINE#         331
  C:0382H         LINE#         332
  C:03A4H         LINE#         333
  C:03A4H         LINE#         335
  C:03C4H         LINE#         338
  C:03F3H         LINE#         344
  C:03F3H         LINE#         345
  C:046FH         LINE#         346
  C:0488H         LINE#         347
  C:0512H         LINE#         348
  C:053EH         LINE#         349
  C:053EH         LINE#         350
  C:055AH         LINE#         352
  C:0576H         LINE#         353
  C:0576H         LINE#         354
  C:0576H         LINE#         356
  C:0576H         LINE#         358
  C:057DH         LINE#         359
  C:057DH         LINE#         360
  C:0580H         LINE#         361
  C:059EH         LINE#         362
  C:05A5H         LINE#         363
  C:05C4H         LINE#         364
  C:05E3H         LINE#         366
  C:065FH         LINE#         367
  C:0677H         LINE#         370
  C:06CFH         LINE#         371
  C:070AH         LINE#         372
  C:0717H         LINE#         373
  C:0727H         LINE#         374
  C:0727H         LINE#         376
  C:072FH         LINE#         377
  C:0737H         LINE#         378
  C:073FH         LINE#         379
  C:0747H         LINE#         381
  C:0755H         LINE#         382
  C:076BH         LINE#         383
  C:079BH         LINE#         384
  C:07BBH         LINE#         386
  C:07CFH         LINE#         387
  C:07E5H         LINE#         388
  C:0815H         LINE#         389
  C:081CH         LINE#         391
  C:0840H         LINE#         394
  C:0842H         LINE#         396
  C:0850H         LINE#         397
  C:0850H         LINE#         398
BL51 BANKED LINKER/LOCATER V6.22                                                      05/07/2019  17:07:17  PAGE 13


  C:0858H         LINE#         400
  C:0858H         LINE#         403
  C:0858H         LINE#         404
  C:0865H         LINE#         405
  C:0865H         LINE#         406
  C:0887H         LINE#         407
  C:0887H         LINE#         408
  C:0903H         LINE#         409
  C:0958H         LINE#         410
  C:0958H         LINE#         412
  C:095BH         LINE#         416
  C:095BH         LINE#         419
  C:097DH         LINE#         420
  C:097DH         LINE#         421
  C:09F9H         LINE#         423
  C:0A26H         LINE#         424
  C:0A41H         LINE#         425
  C:0A6EH         LINE#         426
  C:0AA1H         LINE#         427
  C:0AA1H         LINE#         428
  C:0ACBH         LINE#         429
  C:0B64H         LINE#         430
  C:0B66H         LINE#         432
  C:0B66H         LINE#         433
  C:0BC9H         LINE#         434
  C:0BC9H         LINE#         438
  C:0BC9H         LINE#         440
  C:0BC9H         LINE#         441
  C:0BC9H         LINE#         443
  C:0BC9H         LINE#         446
  C:0BE5H         LINE#         447
  C:0BE9H         LINE#         449
  C:0BEBH         LINE#         452
  C:0BFAH         LINE#         453
  C:0BFAH         LINE#         454
  C:0BFDH         LINE#         455
  C:0C04H         LINE#         456
  C:0C09H         LINE#         457
  C:0C0EH         LINE#         458
  C:0C13H         LINE#         459
  C:0C18H         LINE#         460
  C:0C1DH         LINE#         470
  C:0C20H         LINE#         472
  C:0C23H         LINE#         473
  C:0C2AH         LINE#         474
  C:0C34H         LINE#         475
  C:0C3BH         LINE#         477
  C:0C3EH         LINE#         486
  C:0C3EH         LINE#         487
  -------         ENDPROC       MAIN
  -------         ENDMOD        MAIN

  -------         MODULE        PCF85063BTL
  C:0000H         SYMBOL        _ICE_DUMMY_
  D:0096H         PUBLIC        P2M0
  D:0080H         PUBLIC        P0
  D:0095H         PUBLIC        P2M1
BL51 BANKED LINKER/LOCATER V6.22                                                      05/07/2019  17:07:17  PAGE 14


  D:0090H         PUBLIC        P1
  D:00A0H         PUBLIC        P2
  D:00B0H         PUBLIC        P3
  D:00C0H         PUBLIC        P4
  D:00C8H         PUBLIC        P5
  D:00E8H         PUBLIC        P6
  B:00A0H.1       PUBLIC        PCF85063BTL_SDI
  D:00F8H         PUBLIC        P7
  B:00A0H.2       PUBLIC        PCF85063BTL_SCK
  B:00A0H.1       PUBLIC        PCF85063BTL_SDO
  D:00A8H         PUBLIC        IE
  C:4E4DH         PUBLIC        _Read_time
  C:538FH         PUBLIC        _PCF85063BTL_Delay
  D:00B8H         PUBLIC        IP
  D:00D8H         PUBLIC        CCON
  C:4CDAH         PUBLIC        _Day_Of_Year
  C:528CH         PUBLIC        SPI_ReceiveByte
  D:0098H         PUBLIC        SCON
  D:0088H         PUBLIC        TCON
  C:53C2H         PUBLIC        _BCDtoDec
  B:00A0H.0       PUBLIC        PCF85063BTL_CS
  C:53B1H         PUBLIC        _SPI_ReadTime
  C:000EH         PUBLIC        SPI_Init
  C:531CH         PUBLIC        _SPI_WriteTime
  C:526CH         PUBLIC        _SPI_SendByte
  D:00D0H         PUBLIC        PSW
  C:538BH         SYMBOL        L?0048
  -------         PROC          L?0047
  -------         ENDPROC       L?0047
  C:538BH         SYMBOL        L?0048
  -------         PROC          _PCF85063BTL_DELAY
  D:0006H         SYMBOL        us
  C:538FH         LINE#         8
  C:538FH         LINE#         9
  C:538FH         LINE#         10
  C:5399H         LINE#         11
  C:5399H         LINE#         12
  C:539AH         LINE#         13
  C:539CH         LINE#         14
  -------         ENDPROC       _PCF85063BTL_DELAY
  -------         PROC          _SPI_SENDBYTE
  D:0005H         SYMBOL        dat
  -------         DO            
  D:0003H         SYMBOL        i
  -------         ENDDO         
  C:526CH         LINE#         17
  C:526EH         LINE#         18
  C:526EH         LINE#         20
  C:5270H         LINE#         21
  C:5270H         LINE#         22
  C:5272H         LINE#         23
  C:5276H         LINE#         24
  C:5276H         LINE#         25
  C:5278H         LINE#         26
  C:527AH         LINE#         28
  C:527AH         LINE#         29
  C:527CH         LINE#         30
BL51 BANKED LINKER/LOCATER V6.22                                                      05/07/2019  17:07:17  PAGE 15


  C:527CH         LINE#         31
  C:527FH         LINE#         32
  C:527FH         LINE#         33
  C:5282H         LINE#         34
  C:5286H         LINE#         35
  C:528BH         LINE#         36
  -------         ENDPROC       _SPI_SENDBYTE
  -------         PROC          SPI_RECEIVEBYTE
  -------         DO            
  D:0003H         SYMBOL        i
  D:0005H         SYMBOL        dat
  -------         ENDDO         
  C:528CH         LINE#         39
  C:528CH         LINE#         40
  C:528CH         LINE#         42
  C:528EH         LINE#         44
  C:5290H         LINE#         45
  C:5291H         LINE#         46
  C:5291H         LINE#         47
  C:5295H         LINE#         48
  C:5297H         LINE#         49
  C:529AH         LINE#         51
  C:529DH         LINE#         52
  C:529DH         LINE#         53
  C:52A1H         LINE#         54
  C:52A1H         LINE#         55
  C:52A1H         LINE#         56
  C:52A4H         LINE#         57
  C:52A9H         LINE#         58
  C:52ABH         LINE#         59
  -------         ENDPROC       SPI_RECEIVEBYTE
  -------         PROC          _SPI_READTIME
  D:0007H         SYMBOL        addr
  -------         DO            
  D:0006H         SYMBOL        dat
  -------         ENDDO         
  C:53B1H         LINE#         61
  C:53B1H         LINE#         62
  C:53B1H         LINE#         64
  C:53B3H         LINE#         65
  C:53B5H         LINE#         66
  C:53BCH         LINE#         67
  C:53BFH         LINE#         68
  C:53C1H         LINE#         69
  C:53C1H         LINE#         70
  -------         ENDPROC       _SPI_READTIME
  -------         PROC          _SPI_WRITETIME
  D:0002H         SYMBOL        val
  D:0005H         SYMBOL        addr
  C:531CH         LINE#         71
  C:531EH         LINE#         72
  C:531EH         LINE#         74
  C:5320H         LINE#         75
  C:5327H         LINE#         76
  C:532CH         LINE#         77
  C:5331H         LINE#         78
  C:5333H         LINE#         79
BL51 BANKED LINKER/LOCATER V6.22                                                      05/07/2019  17:07:17  PAGE 16


  -------         ENDPROC       _SPI_WRITETIME
  -------         PROC          SPI_INIT
  C:000EH         LINE#         83
  C:000EH         LINE#         84
  C:000EH         LINE#         89
  C:0011H         LINE#         90
  C:0014H         LINE#         91
  C:0016H         LINE#         92
  C:0018H         LINE#         93
  C:001AH         LINE#         94
  -------         ENDPROC       SPI_INIT
  -------         PROC          _READ_TIME
  X:03F4H         SYMBOL        months
  X:03F7H         SYMBOL        days
  X:03FAH         SYMBOL        hours
  X:03FDH         SYMBOL        mins
  X:0400H         SYMBOL        seconds
  C:4E4DH         LINE#         96
  C:4E58H         LINE#         97
  C:4E58H         LINE#         99
  C:4E6CH         LINE#         101
  C:4E80H         LINE#         103
  C:4E94H         LINE#         108
  C:4EA8H         LINE#         113
  -------         ENDPROC       _READ_TIME
  -------         PROC          _BCDTODEC
  D:0007H         SYMBOL        bcd
  -------         DO            
  D:0006H         SYMBOL        hi
  D:0007H         SYMBOL        lo
  -------         ENDDO         
  C:53C2H         LINE#         119
  C:53C2H         LINE#         120
  C:53C2H         LINE#         122
  C:53C7H         LINE#         123
  C:53CBH         LINE#         124
  C:53D2H         LINE#         125
  -------         ENDPROC       _BCDTODEC
  -------         PROC          _DAY_OF_YEAR
  D:0007H         SYMBOL        months_bcd
  D:0005H         SYMBOL        days_bcd
  -------         DO            
  D:0004H         SYMBOL        months
  D:0007H         SYMBOL        days
  -------         ENDDO         
  C:4CDAH         LINE#         126
  C:4CDAH         LINE#         127
  C:4CDAH         LINE#         130
  C:4CDFH         LINE#         132
  C:4CE4H         LINE#         134
  C:4D1DH         LINE#         135
  C:4D1DH         LINE#         136
  C:4D1DH         LINE#         137
  C:4D20H         LINE#         138
  C:4D20H         LINE#         139
  C:4D20H         LINE#         140
  C:4D25H         LINE#         141
BL51 BANKED LINKER/LOCATER V6.22                                                      05/07/2019  17:07:17  PAGE 17


  C:4D25H         LINE#         142
  C:4D25H         LINE#         143
  C:4D2AH         LINE#         144
  C:4D2AH         LINE#         145
  C:4D2AH         LINE#         146
  C:4D2FH         LINE#         147
  C:4D2FH         LINE#         148
  C:4D2FH         LINE#         149
  C:4D34H         LINE#         150
  C:4D34H         LINE#         151
  C:4D34H         LINE#         152
  C:4D39H         LINE#         153
  C:4D39H         LINE#         154
  C:4D39H         LINE#         155
  C:4D3EH         LINE#         156
  C:4D3EH         LINE#         157
  C:4D3EH         LINE#         158
  C:4D43H         LINE#         159
  C:4D43H         LINE#         160
  C:4D43H         LINE#         161
  C:4D4BH         LINE#         162
  C:4D4BH         LINE#         163
  C:4D4BH         LINE#         164
  C:4D50H         LINE#         165
  C:4D50H         LINE#         166
  C:4D50H         LINE#         167
  C:4D55H         LINE#         168
  C:4D55H         LINE#         169
  C:4D55H         LINE#         170
  C:4D5EH         LINE#         171
  C:4D5EH         LINE#         172
  C:4D5EH         LINE#         173
  C:4D61H         LINE#         174
  C:4D61H         LINE#         175
  -------         ENDPROC       _DAY_OF_YEAR
  -------         ENDMOD        PCF85063BTL

  -------         MODULE        LCD_DRIVER_SPLC780D
  C:0000H         SYMBOL        _ICE_DUMMY_
  D:0092H         PUBLIC        P1M0
  D:0091H         PUBLIC        P1M1
  D:0080H         PUBLIC        P0
  D:0090H         PUBLIC        P1
  D:00A0H         PUBLIC        P2
  D:00B0H         PUBLIC        P3
  D:00C0H         PUBLIC        P4
  D:00C8H         PUBLIC        P5
  D:00E8H         PUBLIC        P6
  D:00F8H         PUBLIC        P7
  C:4D66H         PUBLIC        _WriteData
  D:00A8H         PUBLIC        IE
  D:00B8H         PUBLIC        IP
  D:00D8H         PUBLIC        CCON
  B:00B0H.4       PUBLIC        LCD_D4
  B:00B0H.5       PUBLIC        LCD_D5
  B:00B0H.6       PUBLIC        LCD_D6
  C:52CAH         PUBLIC        _DisplayLCD
BL51 BANKED LINKER/LOCATER V6.22                                                      05/07/2019  17:07:17  PAGE 18


  B:00B0H.7       PUBLIC        LCD_D7
  D:0098H         PUBLIC        SCON
  D:0088H         PUBLIC        TCON
  C:539DH         PUBLIC        _abs
  C:5414H         PUBLIC        LCD_clear
  C:5047H         PUBLIC        _Command
  C:534AH         PUBLIC        _Display_Line
  C:4F16H         PUBLIC        LCD_Init
  C:522DH         PUBLIC        _Wait_ms
  B:00C0H.0       PUBLIC        LCD_RS
  B:0090H.3       PUBLIC        LCD_RW
  C:540AH         PUBLIC        LCD_return_home
  C:405CH         PUBLIC        _Display_Pos
  B:00B0H.3       PUBLIC        LCD_E
  D:00D0H         PUBLIC        PSW
  -------         PROC          LCD_INIT
  C:4F16H         LINE#         9
  C:4F16H         LINE#         10
  C:4F16H         LINE#         11
  C:4F19H         LINE#         12
  C:4F1CH         LINE#         14
  C:4F22H         LINE#         15
  C:4F27H         LINE#         17
  C:4F2EH         LINE#         18
  C:4F33H         LINE#         20
  C:4F36H         LINE#         21
  C:4F3BH         LINE#         23
  C:4F3EH         LINE#         24
  C:4F43H         LINE#         26
  C:4F4AH         LINE#         29
  C:4F4FH         LINE#         30
  C:4F54H         LINE#         32
  C:4F59H         LINE#         33
  C:4F5EH         LINE#         35
  C:4F63H         LINE#         36
  C:4F68H         LINE#         37
  -------         ENDPROC       LCD_INIT
  C:4D62H         SYMBOL        L?0038
  -------         PROC          L?0037
  -------         ENDPROC       L?0037
  C:4D62H         SYMBOL        L?0038
  -------         PROC          _WRITEDATA
  X:04DEH         SYMBOL        dat
  C:4D66H         LINE#         40
  C:4D6BH         LINE#         41
  C:4D6BH         LINE#         46
  C:4D6DH         LINE#         47
  C:4D6FH         LINE#         49
  C:4D7DH         LINE#         50
  C:4D89H         LINE#         51
  C:4D95H         LINE#         52
  C:4D9FH         LINE#         53
  C:4DA1H         LINE#         54
  C:4DA8H         LINE#         55
  C:4DAAH         LINE#         57
  C:4DBAH         LINE#         58
  C:4DC5H         LINE#         59
BL51 BANKED LINKER/LOCATER V6.22                                                      05/07/2019  17:07:17  PAGE 19


  C:4DCFH         LINE#         60
  C:4DD3H         LINE#         62
  C:4DD3H         LINE#         63
  C:4DD6H         LINE#         64
  C:4DD8H         LINE#         65
  C:4DDAH         LINE#         67
  -------         ENDPROC       _WRITEDATA
  -------         PROC          _COMMAND
  D:0007H         SYMBOL        dat
  C:5047H         LINE#         69
  C:5047H         LINE#         70
  C:5047H         LINE#         71
  C:5049H         LINE#         72
  C:504BH         LINE#         74
  C:5055H         LINE#         75
  C:5059H         LINE#         77
  C:505BH         LINE#         78
  C:5064H         LINE#         79
  C:5068H         LINE#         81
  C:506AH         LINE#         82
  C:5071H         LINE#         83
  C:5075H         LINE#         85
  C:5077H         LINE#         86
  C:507BH         LINE#         87
  C:507FH         LINE#         89
  C:5081H         LINE#         90
  C:5081H         LINE#         91
  C:5084H         LINE#         92
  C:5086H         LINE#         93
  -------         ENDPROC       _COMMAND
  C:5229H         SYMBOL        L?0040
  -------         PROC          L?0039
  -------         ENDPROC       L?0039
  C:5229H         SYMBOL        L?0040
  -------         PROC          _WAIT_MS
  D:0006H         SYMBOL        ms
  -------         DO            
  D:0004H         SYMBOL        De_Cnt
  -------         ENDDO         
  C:522DH         LINE#         95
  C:522DH         LINE#         96
  C:522DH         LINE#         98
  C:5237H         LINE#         99
  C:5237H         LINE#         100
  C:524AH         LINE#         101
  C:524AH         LINE#         102
  -------         ENDPROC       _WAIT_MS
  -------         PROC          _DISPLAYLCD
  D:0007H         SYMBOL        BCD
  -------         DO            
  D:0006H         SYMBOL        first_digit
  X:03F4H         SYMBOL        second_digit
  -------         ENDDO         
  C:52CAH         LINE#         103
  C:52CAH         LINE#         104
  C:52CAH         LINE#         106
  C:52D1H         LINE#         107
BL51 BANKED LINKER/LOCATER V6.22                                                      05/07/2019  17:07:17  PAGE 20


  C:52DAH         LINE#         109
  C:52DFH         LINE#         111
  -------         ENDPROC       _DISPLAYLCD
  -------         PROC          LCD_RETURN_HOME
  C:540AH         LINE#         115
  C:540AH         LINE#         116
  C:540AH         LINE#         117
  C:540FH         LINE#         118
  -------         ENDPROC       LCD_RETURN_HOME
  -------         PROC          LCD_CLEAR
  C:5414H         LINE#         121
  C:5414H         LINE#         122
  C:5414H         LINE#         123
  C:5419H         LINE#         124
  -------         ENDPROC       LCD_CLEAR
  -------         PROC          _DISPLAY_LINE
  D:0006H         SYMBOL        line
  C:534AH         LINE#         128
  C:534AH         LINE#         129
  C:534AH         LINE#         130
  C:5350H         LINE#         131
  C:5350H         LINE#         132
  C:5352H         LINE#         133
  C:5352H         LINE#         134
  C:5354H         LINE#         136
  C:5354H         LINE#         137
  C:5359H         LINE#         138
  C:535EH         LINE#         139
  C:535EH         LINE#         140
  -------         ENDPROC       _DISPLAY_LINE
  -------         PROC          _DISPLAY_POS
  X:04D3H         SYMBOL        sign_dat
  -------         DO            
  X:04D7H         SYMBOL        unit
  X:04D8H         SYMBOL        ten
  X:04D9H         SYMBOL        hundred
  X:04DAH         SYMBOL        thousand
  X:04DBH         SYMBOL        after_dot
  X:04DCH         SYMBOL        dat
  -------         ENDDO         
  C:405CH         LINE#         142
  C:4062H         LINE#         143
  C:4062H         LINE#         147
  C:407EH         LINE#         148
  C:4098H         LINE#         149
  C:40BCH         LINE#         151
  C:4106H         LINE#         153
  C:411DH         LINE#         154
  C:412FH         LINE#         155
  C:4154H         LINE#         156
  C:416EH         LINE#         157
  C:4186H         LINE#         158
  C:4186H         LINE#         159
  C:4186H         LINE#         160
  C:4186H         LINE#         161
  C:4186H         LINE#         162
  C:4186H         LINE#         163
BL51 BANKED LINKER/LOCATER V6.22                                                      05/07/2019  17:07:17  PAGE 21


  C:4186H         LINE#         164
  C:4186H         LINE#         168
  C:4188H         LINE#         170
  C:4188H         LINE#         172
  C:418DH         LINE#         173
  C:4193H         LINE#         174
  C:4199H         LINE#         175
  C:419FH         LINE#         176
  C:41A5H         LINE#         177
  C:41AAH         LINE#         178
  C:41B0H         LINE#         182
  C:41B0H         LINE#         184
  -------         ENDPROC       _DISPLAY_POS
  -------         PROC          _ABS
  D:0006H         SYMBOL        dat
  C:539DH         LINE#         186
  C:539DH         LINE#         187
  C:539DH         LINE#         188
  C:53A8H         LINE#         189
  C:53A9H         LINE#         191
  C:53B0H         LINE#         192
  -------         ENDPROC       _ABS
  -------         ENDMOD        LCD_DRIVER_SPLC780D

  -------         MODULE        KEYPAD
  C:0000H         SYMBOL        _ICE_DUMMY_
  D:0093H         PUBLIC        P0M1
  D:0080H         PUBLIC        P0
  D:0090H         PUBLIC        P1
  D:00A0H         PUBLIC        P2
  D:00B0H         PUBLIC        P3
  D:00C0H         PUBLIC        P4
  D:00C8H         PUBLIC        P5
  D:00E8H         PUBLIC        P6
  D:00F8H         PUBLIC        P7
  D:00A8H         PUBLIC        IE
  C:3A58H         PUBLIC        Key_Scan
  D:00B8H         PUBLIC        IP
  D:00D8H         PUBLIC        CCON
  C:53FEH         PUBLIC        KeyPad_IO_Init
  C:52ACH         PUBLIC        _Delay_ms
  D:0098H         PUBLIC        SCON
  D:0088H         PUBLIC        TCON
  X:05EFH         PUBLIC        small_move
  X:05F1H         PUBLIC        move
  X:05F3H         PUBLIC        auto_mode
  X:05F5H         PUBLIC        direction
  X:05F7H         PUBLIC        SPI_NOR_ClearEnable
  C:318CH         PUBLIC        Key_Process
  D:00D0H         PUBLIC        PSW
  D:0094H         PUBLIC        P0M0
  -------         PROC          _DELAY_MS
  D:0006H         SYMBOL        ms
  -------         DO            
  D:0004H         SYMBOL        De_Cnt
  -------         ENDDO         
  C:52ACH         LINE#         20
BL51 BANKED LINKER/LOCATER V6.22                                                      05/07/2019  17:07:17  PAGE 22


  C:52ACH         LINE#         21
  C:52ACH         LINE#         23
  C:52B6H         LINE#         24
  C:52B6H         LINE#         25
  C:52C9H         LINE#         26
  C:52C9H         LINE#         27
  -------         ENDPROC       _DELAY_MS
  -------         PROC          KEY_SCAN
  -------         DO            
  X:03FAH         SYMBOL        KeyTemp1
  X:03FBH         SYMBOL        KeyTemp2
  X:03FCH         SYMBOL        KeyValue
  -------         ENDDO         
  C:3A58H         LINE#         28
  C:3A58H         LINE#         29
  C:3A58H         LINE#         34
  C:3A5BH         LINE#         37
  C:3A5EH         LINE#         39
  C:3A66H         LINE#         40
  C:3A6DH         LINE#         41
  C:3A6DH         LINE#         43
  C:3A72H         LINE#         44
  C:3A79H         LINE#         45
  C:3A79H         LINE#         48
  C:3A7CH         LINE#         49
  C:3A7FH         LINE#         50
  C:3A84H         LINE#         51
  C:3A88H         LINE#         52
  C:3A88H         LINE#         53
  C:3A90H         LINE#         54
  C:3A90H         LINE#         55
  C:3A93H         LINE#         56
  C:3A9BH         LINE#         57
  C:3A9DH         LINE#         59
  C:3AB1H         LINE#         60
  C:3AB1H         LINE#         61
  C:3AB1H         LINE#         62
  C:3AB1H         LINE#         63
  C:3AB7H         LINE#         65
  C:3AB9H         LINE#         66
  C:3AB9H         LINE#         67
  C:3AB9H         LINE#         68
  C:3ABFH         LINE#         70
  C:3AC1H         LINE#         71
  C:3AC1H         LINE#         72
  C:3AC1H         LINE#         73
  C:3AC7H         LINE#         75
  C:3AC9H         LINE#         76
  C:3AC9H         LINE#         77
  C:3AC9H         LINE#         78
  C:3ACFH         LINE#         80
  C:3ACFH         LINE#         81
  C:3ACFH         LINE#         82
  C:3ACFH         LINE#         85
  C:3AD2H         LINE#         86
  C:3AD5H         LINE#         87
  C:3ADDH         LINE#         88
BL51 BANKED LINKER/LOCATER V6.22                                                      05/07/2019  17:07:17  PAGE 23


  C:3AE1H         LINE#         89
  C:3AE1H         LINE#         90
  C:3AE9H         LINE#         91
  C:3AE9H         LINE#         92
  C:3AECH         LINE#         93
  C:3AF4H         LINE#         94
  C:3AF6H         LINE#         95
  C:3B0AH         LINE#         96
  C:3B0AH         LINE#         97
  C:3B0AH         LINE#         98
  C:3B0AH         LINE#         99
  C:3B10H         LINE#         101
  C:3B12H         LINE#         102
  C:3B12H         LINE#         103
  C:3B12H         LINE#         104
  C:3B18H         LINE#         106
  C:3B1AH         LINE#         107
  C:3B1AH         LINE#         108
  C:3B1AH         LINE#         109
  C:3B20H         LINE#         111
  C:3B22H         LINE#         112
  C:3B22H         LINE#         113
  C:3B22H         LINE#         114
  C:3B27H         LINE#         116
  C:3B27H         LINE#         117
  C:3B27H         LINE#         118
  C:3B27H         LINE#         121
  C:3B2AH         LINE#         122
  C:3B2DH         LINE#         123
  C:3B35H         LINE#         124
  C:3B39H         LINE#         125
  C:3B39H         LINE#         126
  C:3B41H         LINE#         127
  C:3B41H         LINE#         128
  C:3B44H         LINE#         129
  C:3B4CH         LINE#         130
  C:3B4EH         LINE#         131
  C:3B62H         LINE#         132
  C:3B62H         LINE#         133
  C:3B62H         LINE#         134
  C:3B62H         LINE#         135
  C:3B68H         LINE#         137
  C:3B6AH         LINE#         138
  C:3B6AH         LINE#         139
  C:3B6AH         LINE#         140
  C:3B70H         LINE#         142
  C:3B72H         LINE#         143
  C:3B72H         LINE#         144
  C:3B72H         LINE#         145
  C:3B78H         LINE#         147
  C:3B7AH         LINE#         148
  C:3B7AH         LINE#         149
  C:3B7AH         LINE#         150
  C:3B80H         LINE#         152
  C:3B80H         LINE#         153
  C:3B80H         LINE#         154
  C:3B80H         LINE#         158
BL51 BANKED LINKER/LOCATER V6.22                                                      05/07/2019  17:07:17  PAGE 24


  C:3B83H         LINE#         159
  C:3B86H         LINE#         160
  C:3B8EH         LINE#         161
  C:3B92H         LINE#         162
  C:3B92H         LINE#         163
  C:3B9AH         LINE#         164
  C:3B9AH         LINE#         165
  C:3B9DH         LINE#         166
  C:3BA5H         LINE#         167
  C:3BA7H         LINE#         168
  C:3BBBH         LINE#         169
  C:3BBBH         LINE#         170
  C:3BBBH         LINE#         171
  C:3BBBH         LINE#         172
  C:3BC1H         LINE#         174
  C:3BC3H         LINE#         175
  C:3BC3H         LINE#         176
  C:3BC3H         LINE#         177
  C:3BC9H         LINE#         179
  C:3BCBH         LINE#         180
  C:3BCBH         LINE#         181
  C:3BCBH         LINE#         182
  C:3BD1H         LINE#         184
  C:3BD3H         LINE#         185
  C:3BD3H         LINE#         186
  C:3BD3H         LINE#         187
  C:3BD9H         LINE#         189
  C:3BD9H         LINE#         190
  C:3BD9H         LINE#         191
  C:3BD9H         LINE#         193
  C:3BDFH         LINE#         194
  C:3BDFH         LINE#         196
  C:3BDFH         LINE#         197
  C:3BE2H         LINE#         198
  C:3BE2H         LINE#         199
  C:3BE2H         LINE#         201
  C:3BE2H         LINE#         202
  C:3BE4H         LINE#         203
  C:3BE4H         LINE#         204
  -------         ENDPROC       KEY_SCAN
  -------         PROC          KEY_PROCESS
  -------         DO            
  X:05E0H         SYMBOL        KeyCount
  X:05E1H         SYMBOL        KeyNum_Old
  X:05E3H         SYMBOL        KeyNum
  X:05E5H         SYMBOL        PressedKey
  X:03F4H         SYMBOL        d
  D:0002H         SYMBOL        hours
  D:0006H         SYMBOL        mins
  X:03F6H         SYMBOL        months
  X:03F8H         SYMBOL        days
  -------         ENDDO         
  C:318CH         LINE#         205
  C:318CH         LINE#         206
  C:318CH         LINE#         210
  C:319BH         LINE#         211
  C:31A8H         LINE#         213
BL51 BANKED LINKER/LOCATER V6.22                                                      05/07/2019  17:07:17  PAGE 25


  C:31ACH         LINE#         214
  C:31ACH         LINE#         215
  C:31B2H         LINE#         217
  C:31B2H         LINE#         218
  C:31C9H         LINE#         219
  C:31C9H         LINE#         220
  C:31D3H         LINE#         221
  C:31D9H         LINE#         223
  C:31DFH         LINE#         225
  C:31DFH         LINE#         226
  C:31F6H         LINE#         227
  C:31F6H         LINE#         228
  C:31FBH         LINE#         230
  C:31FBH         LINE#         231
  C:320BH         LINE#         232
  C:320BH         LINE#         233
  C:3211H         LINE#         235
  C:3211H         LINE#         236
  C:3223H         LINE#         237
  C:3223H         LINE#         238
  C:322DH         LINE#         239
  C:3235H         LINE#         241
  C:323EH         LINE#         243
  C:323EH         LINE#         252
  C:325DH         LINE#         253
  C:325DH         LINE#         254
  C:327CH         LINE#         255
  C:3282H         LINE#         256
  C:328AH         LINE#         257
  C:328AH         LINE#         259
  C:328BH         LINE#         265
  C:3297H         LINE#         266
  C:3297H         LINE#         267
  C:32B4H         LINE#         268
  C:32CBH         LINE#         269
  C:32E2H         LINE#         270
  C:32E2H         LINE#         271
  C:32F5H         LINE#         272
  C:3308H         LINE#         273
  C:3308H         LINE#         274
  C:3308H         LINE#         275
  C:330BH         LINE#         280
  C:331AH         LINE#         281
  C:331AH         LINE#         282
  C:333DH         LINE#         283
  C:335AH         LINE#         284
  C:3363H         LINE#         285
  C:3363H         LINE#         286
  C:336AH         LINE#         287
  C:336AH         LINE#         288
  C:337BH         LINE#         289
  C:337BH         LINE#         290
  C:338AH         LINE#         291
  C:338AH         LINE#         292
  C:338AH         LINE#         293
  C:338DH         LINE#         295
  C:338DH         LINE#         296
BL51 BANKED LINKER/LOCATER V6.22                                                      05/07/2019  17:07:17  PAGE 26


  C:3399H         LINE#         297
  C:3399H         LINE#         298
  C:33ABH         LINE#         299
  C:33ABH         LINE#         300
  C:33BBH         LINE#         301
  C:33BBH         LINE#         302
  C:33BBH         LINE#         304
  C:33BDH         LINE#         306
  C:33BDH         LINE#         307
  C:33CCH         LINE#         308
  C:33CCH         LINE#         309
  C:33DCH         LINE#         310
  C:33DCH         LINE#         311
  C:33DCH         LINE#         313
  C:33DCH         LINE#         315
  C:33DCH         LINE#         316
  C:33DEH         LINE#         318
  C:33DEH         LINE#         319
  C:33E5H         LINE#         320
  C:33E5H         LINE#         321
  C:33F4H         LINE#         322
  C:33F4H         LINE#         323
  C:3404H         LINE#         324
  C:3404H         LINE#         325
  C:3404H         LINE#         326
  C:3406H         LINE#         328
  C:3406H         LINE#         329
  C:3415H         LINE#         330
  C:3415H         LINE#         331
  C:3428H         LINE#         332
  C:343BH         LINE#         333
  C:343BH         LINE#         334
  C:343BH         LINE#         335
  C:343BH         LINE#         336
  C:3444H         LINE#         338
  C:3444H         LINE#         340
  C:347EH         LINE#         341
  C:347EH         LINE#         342
  C:3485H         LINE#         343
  C:3485H         LINE#         344
  C:348FH         LINE#         345
  C:348FH         LINE#         346
  C:3492H         LINE#         347
  C:3497H         LINE#         348
  C:349CH         LINE#         349
  C:34A1H         LINE#         350
  C:34A6H         LINE#         351
  C:34ABH         LINE#         352
  C:34B0H         LINE#         353
  C:34B5H         LINE#         354
  C:34B5H         LINE#         355
  C:34B5H         LINE#         357
  C:34D3H         LINE#         358
  C:34D3H         LINE#         359
  C:34DAH         LINE#         360
  C:34DAH         LINE#         361
  C:34DFH         LINE#         362
BL51 BANKED LINKER/LOCATER V6.22                                                      05/07/2019  17:07:17  PAGE 27


  C:34E8H         LINE#         363
  C:3507H         LINE#         364
  C:3507H         LINE#         365
  C:3517H         LINE#         367
  C:3517H         LINE#         371
  -------         ENDPROC       KEY_PROCESS
  -------         PROC          KEYPAD_IO_INIT
  C:53FEH         LINE#         374
  C:53FEH         LINE#         375
  C:53FEH         LINE#         376
  C:5401H         LINE#         377
  C:5404H         LINE#         378
  C:5407H         LINE#         379
  C:5409H         LINE#         380
  -------         ENDPROC       KEYPAD_IO_INIT
  -------         ENDMOD        KEYPAD

  -------         MODULE        BIPOLARMOTOR
  C:0000H         SYMBOL        _ICE_DUMMY_
  X:0000H         PUBLIC        UTC_time
  D:0080H         PUBLIC        P0
  D:0090H         PUBLIC        P1
  X:0004H         PUBLIC        RX_pos_test
  D:00A0H         PUBLIC        P2
  D:00B0H         PUBLIC        P3
  D:00C0H         PUBLIC        P4
  D:00C8H         PUBLIC        P5
  D:00E8H         PUBLIC        P6
  D:00F8H         PUBLIC        P7
  X:00A4H         PUBLIC        low_date_azimuth_mapping
  D:00A8H         PUBLIC        IE
  C:4726H         PUBLIC        linear_interpolate
  X:00CCH         PUBLIC        declination
  C:51B3H         PUBLIC        _Move
  D:00B8H         PUBLIC        IP
  X:00D0H         PUBLIC        time_offset
  D:00D8H         PUBLIC        CCON
  X:00D4H         PUBLIC        previous_move_time
  X:00D5H         PUBLIC        time
  D:0098H         PUBLIC        SCON
  D:0088H         PUBLIC        TCON
  C:5087H         PUBLIC        _Step_move
  X:00E7H         PUBLIC        dat
  X:00EDH         PUBLIC        current_local_sun_time
  C:1D87H         PUBLIC        _Update_position
  C:3518H         PUBLIC        _elevation_calculation
  X:00F1H         PUBLIC        sunCoord
  C:4F6FH         PUBLIC        vOneStepMove
  X:00F4H         PUBLIC        elevation_stamp
  X:0130H         PUBLIC        date_azimuth_mapping
  X:0158H         PUBLIC        location
  X:0160H         PUBLIC        RX_pos
  C:535FH         PUBLIC        vSetLocation
  C:52F1H         PUBLIC        _BCDtoDec1
  X:03B8H         PUBLIC        degree
  C:23C3H         PUBLIC        _TheoricalJP_Position
  D:00D0H         PUBLIC        PSW
BL51 BANKED LINKER/LOCATER V6.22                                                      05/07/2019  17:07:17  PAGE 28


  -------         PROC          VSETLOCATION
  C:535FH         LINE#         44
  C:535FH         LINE#         45
  C:535FH         LINE#         46
  C:5369H         LINE#         47
  C:5373H         LINE#         48
  -------         ENDPROC       VSETLOCATION
  C:52EDH         SYMBOL        L?0060
  -------         PROC          L?0059
  -------         ENDPROC       L?0059
  C:52EDH         SYMBOL        L?0060
  -------         PROC          _BCDTODEC1
  D:0007H         SYMBOL        bcd
  -------         DO            
  D:0006H         SYMBOL        hi
  D:0007H         SYMBOL        lo
  -------         ENDDO         
  C:52F1H         LINE#         49
  C:52F1H         LINE#         50
  C:52F1H         LINE#         52
  C:52F6H         LINE#         53
  C:52FAH         LINE#         54
  C:5301H         LINE#         55
  -------         ENDPROC       _BCDTODEC1
  -------         PROC          VONESTEPMOVE
  B:0020H.3       SYMBOL        bDir
  C:4F6FH         LINE#         59
  C:4F6FH         LINE#         60
  C:4F6FH         LINE#         62
  C:4F75H         LINE#         63
  C:4F75H         LINE#         64
  C:4F78H         LINE#         65
  C:4F81H         LINE#         66
  C:4F88H         LINE#         67
  C:4F8DH         LINE#         68
  C:4F8DH         LINE#         69
  C:4F8DH         LINE#         71
  C:4F8FH         LINE#         74
  C:4F8FH         LINE#         75
  C:4F92H         LINE#         76
  C:4F9BH         LINE#         77
  C:4FA2H         LINE#         78
  C:4FA8H         LINE#         79
  C:4FB1H         LINE#         80
  C:4FB8H         LINE#         81
  C:4FB8H         LINE#         85
  -------         ENDPROC       VONESTEPMOVE
  -------         PROC          _STEP_MOVE
  X:04D7H         SYMBOL        step
  B:0020H.2       SYMBOL        dir
  -------         DO            
  X:04D9H         SYMBOL        i
  -------         ENDDO         
  C:5087H         LINE#         87
  C:508FH         LINE#         88
  C:508FH         LINE#         90
  C:5094H         LINE#         93
BL51 BANKED LINKER/LOCATER V6.22                                                      05/07/2019  17:07:17  PAGE 29


  C:50AFH         LINE#         94
  C:50AFH         LINE#         95
  C:50B6H         LINE#         97
  C:50C6H         LINE#         99
  -------         ENDPROC       _STEP_MOVE
  -------         PROC          _MOVE
  X:04D3H         SYMBOL        distance
  B:0020H.1       SYMBOL        direction
  -------         DO            
  D:0006H         SYMBOL        step
  -------         ENDDO         
  C:51B3H         LINE#         101
  C:51B9H         LINE#         102
  C:51B9H         LINE#         105
  C:51D4H         LINE#         106
  -------         ENDPROC       _MOVE
  C:4715H         SYMBOL        L?0058
  -------         PROC          L?0057
  -------         ENDPROC       L?0057
  C:4715H         SYMBOL        L?0058
  -------         PROC          LINEAR_INTERPOLATE
  X:049AH         SYMBOL        p1
  X:04A2H         SYMBOL        p2
  X:04AAH         SYMBOL        x
  -------         DO            
  D:0004H         SYMBOL        fx
  -------         ENDDO         
  C:4726H         LINE#         139
  C:4726H         LINE#         140
  C:4726H         LINE#         143
  C:47C5H         LINE#         145
  C:47C5H         LINE#         146
  -------         ENDPROC       LINEAR_INTERPOLATE
  -------         PROC          _THEORICALJP_POSITION
  X:043EH         SYMBOL        azimuth
  X:0442H         SYMBOL        elevation
  -------         DO            
  X:0446H         SYMBOL        pos_interpolate_azimuth
  X:0482H         SYMBOL        JP_pos
  X:0486H         SYMBOL        i
  X:0488H         SYMBOL        yy
  X:048AH         SYMBOL        p1
  X:0492H         SYMBOL        p2
  -------         ENDDO         
  C:23C3H         LINE#         149
  C:23C9H         LINE#         150
  C:23C9H         LINE#         152
  C:23D3H         LINE#         155
  C:23EFH         LINE#         156
  C:23EFH         LINE#         157
  C:245FH         LINE#         158
  C:245FH         LINE#         159
  C:2466H         LINE#         160
  C:2466H         LINE#         161
  C:2493H         LINE#         162
  C:24AEH         LINE#         164
  C:24F5H         LINE#         165
BL51 BANKED LINKER/LOCATER V6.22                                                      05/07/2019  17:07:17  PAGE 30


  C:2529H         LINE#         167
  C:256FH         LINE#         168
  C:2594H         LINE#         170
  C:2594H         LINE#         172
  C:260AH         LINE#         173
  C:260AH         LINE#         174
  C:2611H         LINE#         175
  C:2611H         LINE#         176
  C:263EH         LINE#         177
  C:2659H         LINE#         179
  C:26A0H         LINE#         180
  C:26D4H         LINE#         182
  C:271AH         LINE#         183
  C:273CH         LINE#         185
  C:273CH         LINE#         186
  C:2750H         LINE#         189
  C:276CH         LINE#         190
  C:276CH         LINE#         191
  C:27DCH         LINE#         192
  C:27DCH         LINE#         193
  C:2809H         LINE#         194
  C:2824H         LINE#         196
  C:2851H         LINE#         197
  C:286CH         LINE#         199
  C:289EH         LINE#         202
  C:289EH         LINE#         204
  C:28AFH         LINE#         205
  C:28BDH         LINE#         207
  -------         ENDPROC       _THEORICALJP_POSITION
  -------         PROC          _UPDATE_POSITION
  D:0001H         SYMBOL        mnths
  D:0002H         SYMBOL        dys
  X:041AH         SYMBOL        hurs
  X:041BH         SYMBOL        mns
  X:041CH         SYMBOL        sconds
  X:041DH         SYMBOL        currnt_pos
  X:0420H         SYMBOL        offset_calib
  -------         DO            
  X:0424H         SYMBOL        date
  X:0426H         SYMBOL        i
  X:0428H         SYMBOL        yy
  X:042AH         SYMBOL        desired_distance
  X:042EH         SYMBOL        distance
  X:0432H         SYMBOL        JP_pos
  X:0436H         SYMBOL        elevation
  X:043AH         SYMBOL        azimuth
  -------         ENDDO         
  C:1D87H         LINE#         210
  C:1D90H         LINE#         213
  C:1D90H         LINE#         214
  C:1D9BH         LINE#         216
  C:1DB7H         LINE#         223
  C:1DC1H         LINE#         224
  C:1DCCH         LINE#         225
  C:1DD7H         LINE#         226
  C:1DF0H         LINE#         227
  C:1E01H         LINE#         228
BL51 BANKED LINKER/LOCATER V6.22                                                      05/07/2019  17:07:17  PAGE 31


  C:1E10H         LINE#         231
  C:1E24H         LINE#         235
  C:1E76H         LINE#         236
  C:1FDAH         LINE#         237
  C:202AH         LINE#         240
  C:2152H         LINE#         243
  C:2221H         LINE#         250
  C:2268H         LINE#         251
  C:2268H         LINE#         253
  C:2293H         LINE#         254
  C:22C2H         LINE#         256
  C:22E7H         LINE#         257
  C:234CH         LINE#         258
  C:234CH         LINE#         259
  C:2366H         LINE#         260
  C:2378H         LINE#         261
  C:2390H         LINE#         262
  C:23A6H         LINE#         264
  C:23C2H         LINE#         265
  C:23C2H         LINE#         266
  C:23C2H         LINE#         269
  -------         ENDPROC       _UPDATE_POSITION
  -------         PROC          _ELEVATION_CALCULATION
  D:0007H         SYMBOL        mnths
  D:0005H         SYMBOL        dys
  X:03F6H         SYMBOL        hurs
  X:03F7H         SYMBOL        mns
  X:03F8H         SYMBOL        sconds
  C:3518H         LINE#         271
  C:351DH         LINE#         273
  C:351DH         LINE#         274
  C:3527H         LINE#         275
  C:3530H         LINE#         276
  C:353BH         LINE#         277
  C:3554H         LINE#         278
  C:3568H         LINE#         279
  C:357AH         LINE#         283
  C:35CCH         LINE#         284
  C:3730H         LINE#         285
  C:3780H         LINE#         287
  C:3897H         LINE#         289
  -------         ENDPROC       _ELEVATION_CALCULATION
  -------         ENDMOD        BIPOLARMOTOR

  -------         MODULE        SUNPOS
  C:0000H         SYMBOL        _ICE_DUMMY_
  C:15E5H         PUBLIC        sunpos
  -------         PROC          SUNPOS
  X:043EH         SYMBOL        udtTime
  X:0450H         SYMBOL        udtLocation
  X:0458H         SYMBOL        udtSunCoordinates
  -------         DO            
  X:045BH         SYMBOL        dElapsedJulianDays
  X:045FH         SYMBOL        dDecimalHours
  X:0463H         SYMBOL        dEclipticLongitude
  X:0467H         SYMBOL        dEclipticObliquity
  X:046BH         SYMBOL        dRightAscension
BL51 BANKED LINKER/LOCATER V6.22                                                      05/07/2019  17:07:17  PAGE 32


  X:046FH         SYMBOL        dDeclination
  X:0473H         SYMBOL        dY
  X:0477H         SYMBOL        dX
  -------         DO            
  X:047BH         SYMBOL        dJulianDate
  X:047FH         SYMBOL        liAux1
  X:0483H         SYMBOL        liAux2
  X:047BH         SYMBOL        dMeanLongitude
  X:047FH         SYMBOL        dMeanAnomaly
  X:0483H         SYMBOL        dOmega
  X:047BH         SYMBOL        dSin_EclipticLongitude
  X:047BH         SYMBOL        dGreenwichMeanSiderealTime
  X:047FH         SYMBOL        dLocalMeanSiderealTime
  X:0483H         SYMBOL        dLatitudeInRadians
  X:0487H         SYMBOL        dHourAngle
  X:048BH         SYMBOL        dCos_Latitude
  X:048FH         SYMBOL        dSin_Latitude
  X:0493H         SYMBOL        dCos_HourAngle
  X:0497H         SYMBOL        dParallax
  -------         ENDDO         
  -------         DO            
  X:047BH         SYMBOL        dMeanLongitude
  X:047FH         SYMBOL        dMeanAnomaly
  X:0483H         SYMBOL        dOmega
  X:047BH         SYMBOL        dSin_EclipticLongitude
  X:047BH         SYMBOL        dGreenwichMeanSiderealTime
  X:047FH         SYMBOL        dLocalMeanSiderealTime
  X:0483H         SYMBOL        dLatitudeInRadians
  X:0487H         SYMBOL        dHourAngle
  X:048BH         SYMBOL        dCos_Latitude
  X:048FH         SYMBOL        dSin_Latitude
  X:0493H         SYMBOL        dCos_HourAngle
  X:0497H         SYMBOL        dParallax
  -------         ENDDO         
  -------         DO            
  X:047BH         SYMBOL        dSin_EclipticLongitude
  X:047BH         SYMBOL        dGreenwichMeanSiderealTime
  X:047FH         SYMBOL        dLocalMeanSiderealTime
  X:0483H         SYMBOL        dLatitudeInRadians
  X:0487H         SYMBOL        dHourAngle
  X:048BH         SYMBOL        dCos_Latitude
  X:048FH         SYMBOL        dSin_Latitude
  X:0493H         SYMBOL        dCos_HourAngle
  X:0497H         SYMBOL        dParallax
  -------         ENDDO         
  -------         DO            
  X:047BH         SYMBOL        dGreenwichMeanSiderealTime
  X:047FH         SYMBOL        dLocalMeanSiderealTime
  X:0483H         SYMBOL        dLatitudeInRadians
  X:0487H         SYMBOL        dHourAngle
  X:048BH         SYMBOL        dCos_Latitude
  X:048FH         SYMBOL        dSin_Latitude
  X:0493H         SYMBOL        dCos_HourAngle
  X:0497H         SYMBOL        dParallax
  -------         ENDDO         
  -------         ENDDO         
  C:15E5H         LINE#         6
BL51 BANKED LINKER/LOCATER V6.22                                                      05/07/2019  17:07:17  PAGE 33


  C:15E5H         LINE#         7
  C:15E5H         LINE#         9
  C:15E5H         LINE#         27
  C:162FH         LINE#         30
  C:1650H         LINE#         31
  C:1797H         LINE#         34
  C:17E3H         LINE#         36
  C:1802H         LINE#         37
  C:1802H         LINE#         42
  C:1802H         LINE#         46
  C:1834H         LINE#         47
  C:185EH         LINE#         48
  C:1888H         LINE#         49
  C:1935H         LINE#         52
  C:1996H         LINE#         54
  C:1996H         LINE#         59
  C:1996H         LINE#         61
  C:19ADH         LINE#         62
  C:19D5H         LINE#         63
  C:19ECH         LINE#         64
  C:1A17H         LINE#         65
  C:1A4EH         LINE#         66
  C:1A79H         LINE#         67
  C:1A79H         LINE#         70
  C:1A79H         LINE#         79
  C:1AB4H         LINE#         82
  C:1AEEH         LINE#         84
  C:1B13H         LINE#         85
  C:1B32H         LINE#         86
  C:1B49H         LINE#         87
  C:1B60H         LINE#         88
  C:1B77H         LINE#         89
  C:1C00H         LINE#         91
  C:1C1AH         LINE#         92
  C:1C7CH         LINE#         93
  C:1CB2H         LINE#         94
  C:1CC4H         LINE#         95
  C:1CF1H         LINE#         96
  C:1D1EH         LINE#         98
  C:1D40H         LINE#         100
  C:1D78H         LINE#         103
  C:1D78H         LINE#         104
  C:1D86H         LINE#         105
  -------         ENDPROC       SUNPOS
  -------         ENDMOD        SUNPOS

  -------         MODULE        ADC
  C:0000H         SYMBOL        _ICE_DUMMY_
  D:0092H         PUBLIC        P1M0
  D:0091H         PUBLIC        P1M1
  D:0080H         PUBLIC        P0
  D:0090H         PUBLIC        P1
  D:00A0H         PUBLIC        P2
  D:00B0H         PUBLIC        P3
  D:00C0H         PUBLIC        P4
  D:00C8H         PUBLIC        P5
  D:00E8H         PUBLIC        P6
BL51 BANKED LINKER/LOCATER V6.22                                                      05/07/2019  17:07:17  PAGE 34


  D:00F8H         PUBLIC        P7
  D:00A8H         PUBLIC        IE
  D:00BDH         PUBLIC        ADC_RES
  D:00B8H         PUBLIC        IP
  D:0097H         PUBLIC        CLK_DIV
  D:00D8H         PUBLIC        CCON
  D:00BCH         PUBLIC        ADC_CONTR
  D:0098H         PUBLIC        SCON
  D:0088H         PUBLIC        TCON
  B:00A0H.4       PUBLIC        P24
  B:00A0H.5       PUBLIC        P25
  B:00A0H.6       PUBLIC        P26
  C:5302H         PUBLIC        ADC_Init
  C:5189H         PUBLIC        _ADC_GetResult
  D:009DH         PUBLIC        P1ASF
  D:00BEH         PUBLIC        ADC_RESL
  D:00D0H         PUBLIC        PSW
  -------         PROC          ADC_INIT
  C:5302H         LINE#         7
  C:5302H         LINE#         8
  C:5302H         LINE#         10
  C:5304H         LINE#         11
  C:5306H         LINE#         12
  C:5308H         LINE#         13
  C:530BH         LINE#         14
  C:530EH         LINE#         15
  C:5311H         LINE#         16
  C:5314H         LINE#         18
  C:5316H         LINE#         19
  C:5318H         LINE#         20
  C:531BH         LINE#         24
  -------         ENDPROC       ADC_INIT
  -------         PROC          _ADC_GETRESULT
  D:0007H         SYMBOL        ch
  -------         DO            
  D:0006H         SYMBOL        ADC_Value_H
  D:0004H         SYMBOL        ADC_Value_L
  D:0006H         SYMBOL        ADC_Value
  -------         ENDDO         
  C:5189H         LINE#         27
  C:5189H         LINE#         28
  C:5189H         LINE#         30
  C:518EH         LINE#         31
  C:518FH         LINE#         32
[...]
  C:452EH         LINE#         101
  C:452EH         LINE#         102
  C:4530H         LINE#         104
  C:4530H         LINE#         105
  C:4530H         LINE#         106
  C:4530H         LINE#         107
  C:4533H         LINE#         108
  C:4537H         LINE#         111
  C:4556H         LINE#         113
  C:455DH         LINE#         114
  C:455DH         LINE#         115
  C:455FH         LINE#         116
  C:4562H         LINE#         117
  C:457EH         LINE#         118
  C:457EH         LINE#         119
  C:4580H         LINE#         120
  C:4582H         LINE#         122
  C:4582H         LINE#         123
  C:4584H         LINE#         125
  C:4584H         LINE#         126
  C:4584H         LINE#         127
  C:4584H         LINE#         128
  C:4587H         LINE#         129
  C:45A0H         LINE#         131
  C:45BFH         LINE#         133
  C:45C6H         LINE#         134
BL51 BANKED LINKER/LOCATER V6.22                                                      05/07/2019  17:07:17  PAGE 45


  C:45C6H         LINE#         135
  C:45C8H         LINE#         136
  C:45CBH         LINE#         137
  C:45D2H         LINE#         138
  C:45D2H         LINE#         139
  C:45D4H         LINE#         140
  C:45D6H         LINE#         142
  C:45D6H         LINE#         143
  C:45D8H         LINE#         145
  C:45D8H         LINE#         146
  C:45D8H         LINE#         147
  C:45D8H         LINE#         148
  C:45DBH         LINE#         149
  C:45E2H         LINE#         151
  C:4601H         LINE#         153
  C:4603H         LINE#         154
  C:4606H         LINE#         155
  C:460DH         LINE#         157
  -------         ENDPROC       _AT25SF041_WRITE
  -------         PROC          _AT25SF041_READ
  D:0003H         SYMBOL        opcode
  X:05FAH         SYMBOL        addr
  -------         DO            
  X:05FEH         SYMBOL        dat
  X:05FFH         SYMBOL        i
  -------         ENDDO         
  C:43FCH         LINE#         159
  C:43FEH         LINE#         160
  C:43FEH         LINE#         161
  C:4403H         LINE#         163
  C:4405H         LINE#         164
  C:440BH         LINE#         168
  C:4410H         LINE#         169
  C:4410H         LINE#         170
  C:4412H         LINE#         171
  C:4415H         LINE#         172
  C:4419H         LINE#         173
  C:4419H         LINE#         174
  C:441BH         LINE#         175
  C:441DH         LINE#         177
  C:441DH         LINE#         178
  C:441FH         LINE#         180
  C:441FH         LINE#         181
  C:441FH         LINE#         182
  C:441FH         LINE#         183
  C:4422H         LINE#         184
  C:4426H         LINE#         187
  C:4445H         LINE#         189
  C:444CH         LINE#         190
  C:444CH         LINE#         191
  C:444EH         LINE#         192
  C:4451H         LINE#         193
  C:446DH         LINE#         194
  C:446DH         LINE#         195
  C:446FH         LINE#         196
  C:4471H         LINE#         198
  C:4471H         LINE#         199
BL51 BANKED LINKER/LOCATER V6.22                                                      05/07/2019  17:07:17  PAGE 46


  C:4473H         LINE#         201
  C:4473H         LINE#         202
  C:4473H         LINE#         203
  C:4473H         LINE#         204
  C:4476H         LINE#         205
  C:448FH         LINE#         207
  C:44AEH         LINE#         210
  C:44B5H         LINE#         212
  C:44B7H         LINE#         213
  C:44BEH         LINE#         215
  C:44C5H         LINE#         216
  C:44C5H         LINE#         217
  C:44CCH         LINE#         218
  C:44CCH         LINE#         219
  C:44CFH         LINE#         220
  C:44D1H         LINE#         221
  C:44D4H         LINE#         223
  C:44D7H         LINE#         224
  C:44D7H         LINE#         226
  C:44DBH         LINE#         227
  C:44DBH         LINE#         233
  C:44FAH         LINE#         236
  C:44FCH         LINE#         237
  C:44FFH         LINE#         238
  C:4506H         LINE#         240
  C:450BH         LINE#         242
  -------         ENDPROC       _AT25SF041_READ
  -------         PROC          UCREAD_STATUS_REGISTER_BYTE1
  -------         DO            
  D:0003H         SYMBOL        dat
  D:0001H         SYMBOL        opcode
  X:04DBH         SYMBOL        count
  X:04DCH         SYMBOL        i
  -------         ENDDO         
  C:49DAH         LINE#         246
  C:49DAH         LINE#         247
  C:49DAH         LINE#         248
  C:49E0H         LINE#         249
  C:49E4H         LINE#         250
  C:49E6H         LINE#         251
  C:49E8H         LINE#         252
  C:49EEH         LINE#         256
  C:49F5H         LINE#         257
  C:49F5H         LINE#         258
  C:49F7H         LINE#         259
  C:49FAH         LINE#         260
  C:49FEH         LINE#         261
  C:49FEH         LINE#         262
  C:4A00H         LINE#         263
  C:4A02H         LINE#         265
  C:4A02H         LINE#         266
  C:4A04H         LINE#         268
  C:4A04H         LINE#         269
  C:4A04H         LINE#         270
  C:4A04H         LINE#         271
  C:4A07H         LINE#         272
  C:4A0BH         LINE#         275
BL51 BANKED LINKER/LOCATER V6.22                                                      05/07/2019  17:07:17  PAGE 47


  C:4A2AH         LINE#         279
  C:4A31H         LINE#         281
  C:4A33H         LINE#         282
  C:4A3AH         LINE#         283
  C:4A41H         LINE#         284
  C:4A41H         LINE#         285
  C:4A45H         LINE#         286
  C:4A45H         LINE#         287
  C:4A48H         LINE#         288
  C:4A4AH         LINE#         289
  C:4A4DH         LINE#         291
  C:4A50H         LINE#         292
  C:4A50H         LINE#         294
  C:4A54H         LINE#         295
  C:4A54H         LINE#         297
  C:4A73H         LINE#         301
  C:4A75H         LINE#         302
  C:4A78H         LINE#         303
  C:4A7AH         LINE#         304
  -------         ENDPROC       UCREAD_STATUS_REGISTER_BYTE1
  -------         PROC          SPI_NOR_WRITE_DATA
  X:03F4H         SYMBOL        dat
  X:03FFH         SYMBOL        addr
  C:3BE5H         LINE#         306
  C:3BE5H         LINE#         307
  C:3BE5H         LINE#         309
  C:3BE8H         LINE#         311
  C:3C02H         LINE#         312
  C:3C20H         LINE#         314
  C:3C27H         LINE#         315
  C:3C2AH         LINE#         317
  C:3C44H         LINE#         318
  C:3C44H         LINE#         319
  C:3C44H         LINE#         322
  C:3C47H         LINE#         324
  C:3C61H         LINE#         325
  C:3C61H         LINE#         326
  C:3C61H         LINE#         328
  C:3C64H         LINE#         330
  C:3C7EH         LINE#         331
  C:3C7EH         LINE#         332
  C:3C7EH         LINE#         334
  C:3C81H         LINE#         336
  C:3C9BH         LINE#         337
  C:3C9BH         LINE#         338
  C:3C9BH         LINE#         340
  C:3C9EH         LINE#         342
  C:3CB8H         LINE#         343
  C:3CB8H         LINE#         344
  C:3CB8H         LINE#         346
  C:3CBBH         LINE#         348
  C:3CD5H         LINE#         349
  C:3CD5H         LINE#         350
  C:3CD5H         LINE#         352
  C:3CD8H         LINE#         354
  C:3CF2H         LINE#         355
  C:3CF2H         LINE#         356
BL51 BANKED LINKER/LOCATER V6.22                                                      05/07/2019  17:07:17  PAGE 48


  C:3CF2H         LINE#         358
  C:3CF5H         LINE#         360
  C:3D0FH         LINE#         361
  C:3D0FH         LINE#         362
  C:3D0FH         LINE#         364
  C:3D12H         LINE#         366
  C:3D2CH         LINE#         367
  C:3D2CH         LINE#         368
  C:3D2CH         LINE#         370
  C:3D2FH         LINE#         372
  C:3D49H         LINE#         373
  C:3D50H         LINE#         374
  -------         ENDPROC       SPI_NOR_WRITE_DATA
  -------         ENDMOD        AT25SF041

  -------         MODULE        SI1120
  C:0000H         SYMBOL        _ICE_DUMMY_
  D:0080H         PUBLIC        P0
  D:00B2H         PUBLIC        P3M0
  D:0090H         PUBLIC        P1
  D:00B1H         PUBLIC        P3M1
  D:00A0H         PUBLIC        P2
  D:00B0H         PUBLIC        P3
  D:00C0H         PUBLIC        P4
  D:00C8H         PUBLIC        P5
  B:00A8H.7       PUBLIC        EA
  D:00E8H         PUBLIC        P6
  D:00F8H         PUBLIC        P7
  D:00A8H         PUBLIC        IE
  D:00B8H         PUBLIC        IP
  C:5102H         PUBLIC        SI1120_CONFIG_MODE_VIRH
  D:00D8H         PUBLIC        CCON
  D:0098H         PUBLIC        SCON
  D:0088H         PUBLIC        TCON
  C:53F1H         PUBLIC        Enable_EXTINT0
  B:0090H.5       PUBLIC        SI1120_STX
  B:0088H.0       PUBLIC        IT0
  B:00A8H.0       PUBLIC        EX0
  B:0090H.4       PUBLIC        SI1120_MD
  B:0090H.6       PUBLIC        SI1120_SC
  D:00D0H         PUBLIC        PSW
  -------         PROC          SI1120_CONFIG_MODE_VIRH
  C:5102H         LINE#         4
  C:5102H         LINE#         5
  C:5102H         LINE#         6
  C:5104H         LINE#         7
  C:5106H         LINE#         8
  C:5108H         LINE#         10
  C:510FH         LINE#         11
  C:5111H         LINE#         13
  C:5113H         LINE#         14
  C:5115H         LINE#         16
  C:511CH         LINE#         18
  C:511EH         LINE#         20
  C:5125H         LINE#         23
  C:5127H         LINE#         25
  C:5129H         LINE#         27
BL51 BANKED LINKER/LOCATER V6.22                                                      05/07/2019  17:07:17  PAGE 49


  C:5130H         LINE#         29
  C:5132H         LINE#         31
  -------         ENDPROC       SI1120_CONFIG_MODE_VIRH
  -------         PROC          ENABLE_EXTINT0
  C:53F1H         LINE#         33
  C:53F1H         LINE#         34
  C:53F1H         LINE#         35
  C:53F4H         LINE#         36
  C:53F7H         LINE#         37
  C:53F9H         LINE#         38
  C:53FBH         LINE#         39
  C:53FDH         LINE#         40
  -------         ENDPROC       ENABLE_EXTINT0
  -------         ENDMOD        SI1120

  -------         MODULE        ?C_STARTUP
  C:4C4EH         SEGMENT       ?C_C51STARTUP
  I:0021H         SEGMENT       ?STACK
  C:0000H         PUBLIC        ?C_STARTUP
  D:00E0H         SYMBOL        ACC
  D:00F0H         SYMBOL        B
  D:0083H         SYMBOL        DPH
  D:0082H         SYMBOL        DPL
  N:0000H         SYMBOL        IBPSTACK
  N:0100H         SYMBOL        IBPSTACKTOP
  N:0080H         SYMBOL        IDATALEN
  C:4C51H         SYMBOL        IDATALOOP
  N:0000H         SYMBOL        PBPSTACK
  N:0100H         SYMBOL        PBPSTACKTOP
  N:0000H         SYMBOL        PDATALEN
  N:0000H         SYMBOL        PDATASTART
  N:0000H         SYMBOL        PPAGE
  N:0000H         SYMBOL        PPAGEENABLE
  D:00A0H         SYMBOL        PPAGE_SFR
  D:0081H         SYMBOL        SP
  C:4C4EH         SYMBOL        STARTUP1
  N:0000H         SYMBOL        XBPSTACK
  N:0000H         SYMBOL        XBPSTACKTOP
  N:0000H         SYMBOL        XDATALEN
  N:0000H         SYMBOL        XDATASTART
  C:0000H         LINE#         126
  C:4C4EH         LINE#         133
  C:4C50H         LINE#         134
  C:4C51H         LINE#         135
  C:4C52H         LINE#         136
  C:4C54H         LINE#         185
  C:4C57H         LINE#         196
  -------         ENDMOD        ?C_STARTUP

  -------         MODULE        ?C?FPADD
  C:0C48H         PUBLIC        ?C?FPADD
  C:0C44H         PUBLIC        ?C?FPSUB
  -------         ENDMOD        ?C?FPADD

  -------         MODULE        ?C?FPMUL
  C:0D39H         PUBLIC        ?C?FPMUL
  -------         ENDMOD        ?C?FPMUL
BL51 BANKED LINKER/LOCATER V6.22                                                      05/07/2019  17:07:17  PAGE 50



  -------         MODULE        ?C?FPDIV
  C:0E42H         PUBLIC        ?C?FPDIV
  -------         ENDMOD        ?C?FPDIV

  -------         MODULE        ?C?FPCMP
  C:0EE1H         PUBLIC        ?C?FPCMP
  C:0EDFH         PUBLIC        ?C?FPCMP3
  -------         ENDMOD        ?C?FPCMP

  -------         MODULE        ?C?FPNEG
  C:0F58H         PUBLIC        ?C?FPNEG
  -------         ENDMOD        ?C?FPNEG

  -------         MODULE        ?C?FCAST
  C:0F73H         PUBLIC        ?C?FCASTC
  C:0F6EH         PUBLIC        ?C?FCASTI
  C:0F69H         PUBLIC        ?C?FCASTL
  -------         ENDMOD        ?C?FCAST

  -------         MODULE        ?C?CASTF
  C:0FA7H         PUBLIC        ?C?CASTF
  -------         ENDMOD        ?C?CASTF

  -------         MODULE        ATAN2
  X:049BH         PUBLIC        ?_atan2?BYTE
  C:4A7BH         PUBLIC        _atan2
  -------         ENDMOD        ATAN2

  -------         MODULE        SIN
  C:3DB6H         PUBLIC        _COS
  C:3DCCH         PUBLIC        _SIN
  C:3E08H         PUBLIC        _TAN
  -------         ENDMOD        SIN

  -------         MODULE        ACOS
  C:4FB9H         PUBLIC        _ACOS
  -------         ENDMOD        ACOS

  -------         MODULE        ASIN
  C:50C7H         PUBLIC        _ASIN
  -------         ENDMOD        ASIN

  -------         MODULE        POW
  X:03BCH         PUBLIC        ?_pow?BYTE
  C:3EF6H         PUBLIC        _pow
  -------         ENDMOD        POW

  -------         MODULE        ?C?CHKFLOAT
  C:1028H         PUBLIC        ?C?CHKFLOAT
  -------         ENDMOD        ?C?CHKFLOAT

  -------         MODULE        EXP
  C:4BECH         PUBLIC        _EXP
  -------         ENDMOD        EXP

  -------         MODULE        LOG
BL51 BANKED LINKER/LOCATER V6.22                                                      05/07/2019  17:07:17  PAGE 51


  C:41E5H         PUBLIC        _LOG
  C:41E1H         PUBLIC        _LOG10
  -------         ENDMOD        LOG

  -------         MODULE        SQRT
  C:4932H         PUBLIC        _SQRT
  -------         ENDMOD        SQRT

  -------         MODULE        ATAN
  C:42FAH         PUBLIC        _ATAN
  -------         ENDMOD        ATAN

  -------         MODULE        ?C?COPY
  C:115FH         PUBLIC        ?C?COPY
  -------         ENDMOD        ?C?COPY

  -------         MODULE        ?C?CLDPTR
  C:1185H         PUBLIC        ?C?CLDPTR
  -------         ENDMOD        ?C?CLDPTR

  -------         MODULE        ?C?CLDOPTR
  C:119EH         PUBLIC        ?C?CLDOPTR
  -------         ENDMOD        ?C?CLDOPTR

  -------         MODULE        ?C?CSTPTR
  C:11CBH         PUBLIC        ?C?CSTPTR
  -------         ENDMOD        ?C?CSTPTR

  -------         MODULE        ?C?IMUL
  C:11DDH         PUBLIC        ?C?IMUL
  -------         ENDMOD        ?C?IMUL

  -------         MODULE        ?C?UIDIV
  C:11EFH         PUBLIC        ?C?UIDIV
  -------         ENDMOD        ?C?UIDIV

  -------         MODULE        ?C?SIDIV
  C:1244H         PUBLIC        ?C?SIDIV
  -------         ENDMOD        ?C?SIDIV

  -------         MODULE        ?C?ILDOPTR
  C:127AH         PUBLIC        ?C?ILDOPTR
  -------         ENDMOD        ?C?ILDOPTR

  -------         MODULE        ?C?ISTPTR
  C:12B2H         PUBLIC        ?C?ISTPTR
  -------         ENDMOD        ?C?ISTPTR

  -------         MODULE        ?C?LMUL
  C:12D1H         PUBLIC        ?C?LMUL
  -------         ENDMOD        ?C?LMUL

  -------         MODULE        ?C?SLDIV
  C:5003H         PUBLIC        ?C?SLDIV
  -------         ENDMOD        ?C?SLDIV

  -------         MODULE        ?C?LNEG
BL51 BANKED LINKER/LOCATER V6.22                                                      05/07/2019  17:07:17  PAGE 52


  C:1320H         PUBLIC        ?C?LNEG
  -------         ENDMOD        ?C?LNEG

  -------         MODULE        ?C?ULCMP
  C:132EH         PUBLIC        ?C?ULCMP
  -------         ENDMOD        ?C?ULCMP

  -------         MODULE        ?C?LSHL
  C:133FH         PUBLIC        ?C?LSHL
  -------         ENDMOD        ?C?LSHL

  -------         MODULE        ?C?LLDPTR
  C:1352H         PUBLIC        ?C?LLDPTR
  -------         ENDMOD        ?C?LLDPTR

  -------         MODULE        ?C?LLDOPTR
  C:1372H         PUBLIC        ?C?LLDOPTR
  -------         ENDMOD        ?C?LLDOPTR

  -------         MODULE        ?C?LSTPTR
  C:13A2H         PUBLIC        ?C?LSTPTR
  -------         ENDMOD        ?C?LSTPTR

  -------         MODULE        ?C?LSTOPTR
  C:13BCH         PUBLIC        ?C?LSTOPTR
  -------         ENDMOD        ?C?LSTOPTR

  -------         MODULE        ?C?LLDXDATA
  C:13E0H         PUBLIC        ?C?LLDXDATA
  -------         ENDMOD        ?C?LLDXDATA

  -------         MODULE        ?C?LLDCODE
  C:13ECH         PUBLIC        ?C?LLDCODE
  -------         ENDMOD        ?C?LLDCODE

  -------         MODULE        ?C?LLDXDATA0
  C:13FCH         PUBLIC        ?C?LLDXDATA0
  -------         ENDMOD        ?C?LLDXDATA0

  -------         MODULE        ?C?LLDCODE0
  C:1408H         PUBLIC        ?C?LLDCODE0
  -------         ENDMOD        ?C?LLDCODE0

  -------         MODULE        ?C?LLDPTR0
  C:1418H         PUBLIC        ?C?LLDPTR0
  -------         ENDMOD        ?C?LLDPTR0

  -------         MODULE        ?C?LSTXDATA
  C:1438H         PUBLIC        ?C?LSTXDATA
  -------         ENDMOD        ?C?LSTXDATA

  -------         MODULE        ?C?LSTKXDATA
  C:1444H         PUBLIC        ?C?LSTKXDATA
  -------         ENDMOD        ?C?LSTKXDATA

  -------         MODULE        ?C?LSTKPTR
  C:1475H         PUBLIC        ?C?LSTKPTR
BL51 BANKED LINKER/LOCATER V6.22                                                      05/07/2019  17:07:17  PAGE 53


  -------         ENDMOD        ?C?LSTKPTR

  -------         MODULE        ?C?OFFXADD
  C:148FH         PUBLIC        ?C?OFFXADD
  -------         ENDMOD        ?C?OFFXADD

  -------         MODULE        ?C?ULDIV
  C:14D7H         PUBLIC        ?C?ULDIV
  -------         ENDMOD        ?C?ULDIV

  -------         MODULE        ?C?LLDIDATA
  C:1569H         PUBLIC        ?C?LLDIDATA
  -------         ENDMOD        ?C?LLDIDATA

  -------         MODULE        ?C?LLDPDATA
  C:1575H         PUBLIC        ?C?LLDPDATA
  -------         ENDMOD        ?C?LLDPDATA

  -------         MODULE        ?C?LLDIDATA0
  C:1581H         PUBLIC        ?C?LLDIDATA0
  -------         ENDMOD        ?C?LLDIDATA0

  -------         MODULE        ?C?LLDPDATA0
  C:158EH         PUBLIC        ?C?LLDPDATA0
  -------         ENDMOD        ?C?LLDPDATA0

  -------         MODULE        ?C?LSTIDATA
  C:159BH         PUBLIC        ?C?LSTIDATA
  -------         ENDMOD        ?C?LSTIDATA

  -------         MODULE        ?C?LSTPDATA
  C:15A7H         PUBLIC        ?C?LSTPDATA
  -------         ENDMOD        ?C?LSTPDATA

  -------         MODULE        ?C?LSTKIDATA
  C:15B3H         PUBLIC        ?C?LSTKIDATA
  -------         ENDMOD        ?C?LSTKIDATA

  -------         MODULE        ?C?LSTKPDATA
  C:15CCH         PUBLIC        ?C?LSTKPDATA
  -------         ENDMOD        ?C?LSTKPDATA

*** WARNING L16: UNCALLED SEGMENT, IGNORED FOR OVERLAY PROCESS
    SEGMENT: ?PR?_DAY_OF_YEAR?PCF85063BTL

*** WARNING L16: UNCALLED SEGMENT, IGNORED FOR OVERLAY PROCESS
    SEGMENT: ?PR?NOP?IOEXPANDER_PI4IOE5V96248

*** WARNING L16: UNCALLED SEGMENT, IGNORED FOR OVERLAY PROCESS
    SEGMENT: ?PR?UC_ACK?IOEXPANDER_PI4IOE5V96248

*** WARNING L16: UNCALLED SEGMENT, IGNORED FOR OVERLAY PROCESS
    SEGMENT: ?PR?UC_NACK?IOEXPANDER_PI4IOE5V96248

*** WARNING L16: UNCALLED SEGMENT, IGNORED FOR OVERLAY PROCESS
    SEGMENT: ?PR?_AT25SF041_READ?AT25SF041

BL51 BANKED LINKER/LOCATER V6.22                                                      05/07/2019  17:07:17  PAGE 54


Program Size: data=9.5 xdata=1539 code=21545
LINK/LOCATE RUN COMPLETE.  5 WARNING(S),  0 ERROR(S)
