BL51 BANKED LINKER/LOCATER V6.22                                                        02/25/2019  09:49:59  PAGE 1


BL51 BANKED LINKER/LOCATER V6.22, INVOKED BY:
C:\KEIL_V5\C51\BIN\BL51.EXE .\Obj\main.obj, .\Obj\PCF85063BTL.obj, .\Obj\UART1.obj, .\Obj\LCd_Driver_SPLC780D.obj, .\Obj
>> \KeyPad.obj, .\Obj\BipolarMotor.obj, .\Obj\SunPos.obj, .\Obj\ADC.obj, .\Obj\Calibration.obj, .\Obj\IOExpander_PI4IOE5
>> V96248.obj, .\Obj\AT25SF041.obj, .\Obj\STARTUP.obj TO .\Obj\GPIO_RTC_Test PRINT (.\Lis\GPIO_RTC_Test.m51) RAMSIZE (25
>> 6)


MEMORY MODEL: LARGE WITH FLOATING POINT ARITHMETIC


INPUT MODULES INCLUDED:
  .\Obj\main.obj (MAIN)
  .\Obj\PCF85063BTL.obj (PCF85063BTL)
  .\Obj\UART1.obj (UART1)
  .\Obj\LCd_Driver_SPLC780D.obj (LCD_DRIVER_SPLC780D)
  .\Obj\KeyPad.obj (KEYPAD)
  .\Obj\BipolarMotor.obj (BIPOLARMOTOR)
  .\Obj\SunPos.obj (SUNPOS)
  .\Obj\ADC.obj (ADC)
  .\Obj\Calibration.obj (CALIBRATION)
  .\Obj\IOExpander_PI4IOE5V96248.obj (IOEXPANDER_PI4IOE5V96248)
  .\Obj\AT25SF041.obj (AT25SF041)
  .\Obj\STARTUP.obj (?C_STARTUP)
  C:\KEIL_V5\C51\LIB\C51FPL.LIB (?C?FPADD)
  C:\KEIL_V5\C51\LIB\C51FPL.LIB (?C?FPMUL)
  C:\KEIL_V5\C51\LIB\C51FPL.LIB (?C?FPDIV)
  C:\KEIL_V5\C51\LIB\C51FPL.LIB (?C?FPCMP)
  C:\KEIL_V5\C51\LIB\C51FPL.LIB (?C?FPNEG)
  C:\KEIL_V5\C51\LIB\C51FPL.LIB (?C?FCAST)
  C:\KEIL_V5\C51\LIB\C51FPL.LIB (?C?CASTF)
  C:\KEIL_V5\C51\LIB\C51FPL.LIB (ATAN2)
  C:\KEIL_V5\C51\LIB\C51FPL.LIB (SIN)
  C:\KEIL_V5\C51\LIB\C51FPL.LIB (ACOS)
  C:\KEIL_V5\C51\LIB\C51FPL.LIB (ASIN)
  C:\KEIL_V5\C51\LIB\C51FPL.LIB (?C?FPGETOPN)
  C:\KEIL_V5\C51\LIB\C51FPL.LIB (?C?FPSERIES)
  C:\KEIL_V5\C51\LIB\C51FPL.LIB (SQRT)
  C:\KEIL_V5\C51\LIB\C51FPL.LIB (ATAN)
  C:\KEIL_V5\C51\LIB\C51L.LIB (?C_INIT)
  C:\KEIL_V5\C51\LIB\C51L.LIB (?C?COPY)
  C:\KEIL_V5\C51\LIB\C51L.LIB (?C?CLDPTR)
  C:\KEIL_V5\C51\LIB\C51L.LIB (?C?CLDOPTR)
  C:\KEIL_V5\C51\LIB\C51L.LIB (?C?CSTPTR)
  C:\KEIL_V5\C51\LIB\C51L.LIB (?C?IMUL)
  C:\KEIL_V5\C51\LIB\C51L.LIB (?C?UIDIV)
  C:\KEIL_V5\C51\LIB\C51L.LIB (?C?SIDIV)
  C:\KEIL_V5\C51\LIB\C51L.LIB (?C?ILDIX)
  C:\KEIL_V5\C51\LIB\C51L.LIB (?C?ILDOPTR)
  C:\KEIL_V5\C51\LIB\C51L.LIB (?C?ISTPTR)
  C:\KEIL_V5\C51\LIB\C51L.LIB (?C?LMUL)
  C:\KEIL_V5\C51\LIB\C51L.LIB (?C?SLDIV)
  C:\KEIL_V5\C51\LIB\C51L.LIB (?C?LNEG)
  C:\KEIL_V5\C51\LIB\C51L.LIB (?C?ULCMP)
  C:\KEIL_V5\C51\LIB\C51L.LIB (?C?LSHL)
  C:\KEIL_V5\C51\LIB\C51L.LIB (?C?LLDPTR)
  C:\KEIL_V5\C51\LIB\C51L.LIB (?C?LLDOPTR)
  C:\KEIL_V5\C51\LIB\C51L.LIB (?C?LSTPTR)
  C:\KEIL_V5\C51\LIB\C51L.LIB (?C?LSTOPTR)
BL51 BANKED LINKER/LOCATER V6.22                                                      02/25/2019  09:49:59  PAGE 2


  C:\KEIL_V5\C51\LIB\C51L.LIB (?C?LLDXDATA)
  C:\KEIL_V5\C51\LIB\C51L.LIB (?C?LLDCODE)
  C:\KEIL_V5\C51\LIB\C51L.LIB (?C?LLDXDATA0)
  C:\KEIL_V5\C51\LIB\C51L.LIB (?C?LLDCODE0)
  C:\KEIL_V5\C51\LIB\C51L.LIB (?C?LLDPTR0)
  C:\KEIL_V5\C51\LIB\C51L.LIB (?C?LSTXDATA)
  C:\KEIL_V5\C51\LIB\C51L.LIB (?C?LSTKXDATA)
  C:\KEIL_V5\C51\LIB\C51L.LIB (?C?LSTKPTR)
  C:\KEIL_V5\C51\LIB\C51L.LIB (?C?OFFXADD)
  C:\KEIL_V5\C51\LIB\C51L.LIB (ABS)
  C:\KEIL_V5\C51\LIB\C51L.LIB (ATOI)
  C:\KEIL_V5\C51\LIB\C51L.LIB (?C?IILDX)
  C:\KEIL_V5\C51\LIB\C51L.LIB (?C?ULDIV)
  C:\KEIL_V5\C51\LIB\C51L.LIB (?C?LLDIDATA)
  C:\KEIL_V5\C51\LIB\C51L.LIB (?C?LLDPDATA)
  C:\KEIL_V5\C51\LIB\C51L.LIB (?C?LLDIDATA0)
  C:\KEIL_V5\C51\LIB\C51L.LIB (?C?LLDPDATA0)
  C:\KEIL_V5\C51\LIB\C51L.LIB (?C?LSTIDATA)
  C:\KEIL_V5\C51\LIB\C51L.LIB (?C?LSTPDATA)
  C:\KEIL_V5\C51\LIB\C51L.LIB (?C?LSTKIDATA)
  C:\KEIL_V5\C51\LIB\C51L.LIB (?C?LSTKPDATA)
  C:\KEIL_V5\C51\LIB\C51L.LIB (ISDIGIT)
  C:\KEIL_V5\C51\LIB\C51L.LIB (ISSPACE)


LINK MAP OF MODULE:  .\Obj\GPIO_RTC_Test (MAIN)


            TYPE    BASE      LENGTH    RELOCATION   SEGMENT NAME
            -----------------------------------------------------

            * * * * * * *   D A T A   M E M O R Y   * * * * * * *
            REG     0000H     0008H     ABSOLUTE     "REG BANK 0"
                    0008H     0018H                  *** GAP ***
            BIT     0020H.0   0000H.5   UNIT         ?BI?KEYPAD
            BIT     0020H.5   0000H.3   UNIT         _BIT_GROUP_
            BIT     0021H.0   0000H.1   UNIT         ?BI?MAIN
            BIT     0021H.1   0000H.1   UNIT         ?BI?_ATOI?ATOI
                    0021H.2   0000H.6                *** GAP ***
            IDATA   0022H     0001H     UNIT         ?STACK

            * * * * * * *  X D A T A   M E M O R Y  * * * * * * *
            XDATA   0000H     038FH     UNIT         ?XD?BIPOLARMOTOR
            XDATA   038FH     0153H     UNIT         _XDATA_GROUP_
            XDATA   04E2H     00D4H     UNIT         ?XD?MAIN
            XDATA   05B6H     0040H     UNIT         ?XD?_FINDDET4X4?BIPOLARMOTOR
            XDATA   05F6H     0024H     UNIT         ?XD?_FINDDET3X3?BIPOLARMOTOR
            XDATA   061AH     0009H     UNIT         ?XD?KEYPAD
            XDATA   0623H     0008H     UNIT         ?XD?_AT25SF041_READ?AT25SF041
            XDATA   062BH     0005H     UNIT         ?XD?_ATOI?ATOI
            XDATA   0630H     0004H     UNIT         ?XD?_DISPLAY_PROX?MAIN
            XDATA   0634H     0003H     UNIT         ?XD?_SENDSTRING?UART1
            XDATA   0637H     0001H     UNIT         ?XD?UC_ACK?IOEXPANDER_PI4IOE5V96248
            XDATA   0638H     0001H     UNIT         ?XD?UC_NACK?IOEXPANDER_PI4IOE5V96248

            * * * * * * *   C O D E   M E M O R Y   * * * * * * *
            CODE    0000H     0003H     ABSOLUTE     
BL51 BANKED LINKER/LOCATER V6.22                                                      02/25/2019  09:49:59  PAGE 3


            CODE    0003H     0006H     UNIT         ?PR?_TEN?UART1
            CODE    0009H     0001H     UNIT         ?PR?TM0_ISR?MAIN
            CODE    000AH     0001H     UNIT         ?PR?_DECTOBCD?UART1
            CODE    000BH     0003H     ABSOLUTE     
            CODE    000EH     0B2EH     UNIT         ?PR?MAIN?MAIN
            CODE    0B3CH     0B00H     UNIT         ?PR?_UPDATE_POSITION?BIPOLARMOTOR
            CODE    163CH     09B6H     UNIT         ?C?LIB_CODE
            CODE    1FF2H     07A2H     UNIT         ?PR?SUNPOS?SUNPOS
            CODE    2794H     03F2H     UNIT         ?C_INITSEG
            CODE    2B86H     0309H     UNIT         ?PR?_FIND_REAL_MAX?CALIBRATION
            CODE    2E8FH     02C0H     UNIT         ?PR?_FINDDET4X4?BIPOLARMOTOR
            CODE    314FH     02A0H     UNIT         ?PR?KEY_PROCESS?KEYPAD
            CODE    33EFH     01D1H     UNIT         ?PR?_FINDDET3X3?BIPOLARMOTOR
            CODE    35C0H     018DH     UNIT         ?PR?KEY_SCAN?KEYPAD
            CODE    374DH     0188H     UNIT         ?PR?SIN?SIN
            CODE    38D5H     0172H     UNIT         ?PR?_DISPLAY_POS?MAIN
            CODE    3A47H     015BH     UNIT         ?PR?_CALIBRATION?CALIBRATION
            CODE    3BA2H     0122H     UNIT         ?PR?ATAN?ATAN
            CODE    3CC4H     0106H     UNIT         ?PR?_AT25SF041_READ?AT25SF041
            CODE    3DCAH     00FBH     UNIT         ?PR?_AT25SF041_WRITE?AT25SF041
            CODE    3EC5H     00DBH     UNIT         ?PR?_ATOI?ATOI
            CODE    3FA0H     00C5H     UNIT         ?PR?SPI_NOR_WRITE_DATA?AT25SF041
            CODE    4065H     00C3H     UNIT         ?PR?LINEAR_INTERPOLATE?BIPOLARMOTOR
            CODE    4128H     00BBH     UNIT         ?PR?VOLTAGE_IS_STABLE?CALIBRATION
            CODE    41E3H     00ADH     UNIT         ?PR?_WRITE_PI4IOE5V96248?IOEXPANDER_PI4IOE5V96248
            CODE    4290H     00ACH     UNIT         ?PR?SQRT?SQRT
            CODE    433CH     00A1H     UNIT         ?PR?READ_STATUS_REGISTER_BYTE1?AT25SF041
            CODE    43DDH     009DH     UNIT         ?PR?_ATAN2?ATAN2
            CODE    447AH     009CH     UNIT         ?PR?_MAX_VALUE?CALIBRATION
            CODE    4516H     0095H     UNIT         ?PR?_DISPLAY_PROX?MAIN
            CODE    45ABH     008CH     UNIT         ?C_C51STARTUP
            CODE    4637H     0084H     UNIT         ?PR?_DAY_OF_YEAR?PCF85063BTL
            CODE    46BBH     0075H     UNIT         ?PR?_WRITEDATA?LCD_DRIVER_SPLC780D
            CODE    4730H     006FH     UNIT         ?PR?_READ_TIME?PCF85063BTL
            CODE    479FH     005AH     UNIT         ?PR?AT25SF041_CHIPERASE?AT25SF041
            CODE    47F9H     0059H     UNIT         ?PR?LCD_INIT?LCD_DRIVER_SPLC780D
            CODE    4852H     0050H     UNIT         ?PR?AT25SF041_WRITEENABLE?AT25SF041
            CODE    48A2H     004AH     UNIT         ?PR?VONESTEPMOVE?BIPOLARMOTOR
            CODE    48ECH     004AH     UNIT         ?PR?ACOS?ACOS
            CODE    4936H     0044H     UNIT         ?C?LDIV
            CODE    497AH     0040H     UNIT         ?PR?_COMMAND?LCD_DRIVER_SPLC780D
            CODE    49BAH     0040H     UNIT         ?PR?_STEP_MOVE?BIPOLARMOTOR
            CODE    49FAH     003BH     UNIT         ?PR?ASIN?ASIN
            CODE    4A35H     0033H     UNIT         ?PR?_SENDSTRING?UART1
            CODE    4A68H     002CH     UNIT         ?PR?_ADC_GETRESULT?ADC
            CODE    4A94H     002BH     UNIT         ?PR?_WAIT_MS_I2C?IOEXPANDER_PI4IOE5V96248
            CODE    4ABFH     002BH     UNIT         ?PR?_WAIT_MS_SPINOR?AT25SF041
            CODE    4AEAH     0028H     UNIT         ?PR?_MOVE?BIPOLARMOTOR
            CODE    4B12H     0027H     UNIT         ?PR?_I2C_SENDBYTE?IOEXPANDER_PI4IOE5V96248
            CODE    4B39H     0024H     UNIT         ?PR?_WAIT_MS?LCD_DRIVER_SPLC780D
            CODE    4B5DH     0020H     UNIT         ?PR?_SPI_SENDBYTE?PCF85063BTL
            CODE    4B7DH     0020H     UNIT         ?PR?SPI_RECEIVEBYTE?PCF85063BTL
            CODE    4B9DH     001FH     UNIT         ?PR?ADC_INIT?ADC
            CODE    4BBCH     001EH     UNIT         ?PR?_DELAY_MS?KEYPAD
            CODE    4BDAH     001DH     UNIT         ?PR?_DISPLAYLCD?LCD_DRIVER_SPLC780D
            CODE    4BF7H     001BH     UNIT         ?PR?_BCDTODEC1?BIPOLARMOTOR
            CODE    4C12H     0018H     UNIT         ?PR?_SPI_WRITETIME?PCF85063BTL
BL51 BANKED LINKER/LOCATER V6.22                                                      02/25/2019  09:49:59  PAGE 4


            CODE    4C2AH     0017H     UNIT         ?PR?_ASCIITOBCD?UART1
            CODE    4C41H     0016H     UNIT         ?PR?I2C_ACK?IOEXPANDER_PI4IOE5V96248
            CODE    4C57H     0015H     UNIT         ?PR?_DISPLAY_LINE?LCD_DRIVER_SPLC780D
            CODE    4C6CH     0015H     UNIT         ?PR?I2C_STOP?IOEXPANDER_PI4IOE5V96248
            CODE    4C81H     0014H     UNIT         ?PR?_PCF85063BTL_DELAY?PCF85063BTL
            CODE    4C95H     0014H     UNIT         ?PR?_ISSPACE?ISSPACE
            CODE    4CA9H     0011H     UNIT         ?PR?_SPI_READTIME?PCF85063BTL
            CODE    4CBAH     0011H     UNIT         ?PR?_BCDTODEC?PCF85063BTL
            CODE    4CCBH     0011H     UNIT         ?PR?INITUART1?UART1
            CODE    4CDCH     000FH     UNIT         ?PR?I2C_START?IOEXPANDER_PI4IOE5V96248
            CODE    4CEBH     000FH     UNIT         ?PR?UC_NACK?IOEXPANDER_PI4IOE5V96248
            CODE    4CFAH     000FH     UNIT         ?PR?_ISDIGIT?ISDIGIT
            CODE    4D09H     000DH     UNIT         ?PR?SPI_INIT?PCF85063BTL
            CODE    4D16H     000CH     UNIT         ?PR?KEYPAD_IO_INIT?KEYPAD
            CODE    4D22H     000CH     UNIT         ?PR?_ABS?ABS
            CODE    4D2EH     000AH     UNIT         ?PR?LCD_RETURN_HOME?LCD_DRIVER_SPLC780D
            CODE    4D38H     000AH     UNIT         ?PR?LCD_CLEAR?LCD_DRIVER_SPLC780D
            CODE    4D42H     0006H     UNIT         ?PR?UC_ACK?IOEXPANDER_PI4IOE5V96248
            CODE    4D48H     0005H     UNIT         ?PR?_UNIT?UART1
            CODE    4D4DH     0005H     UNIT         ?PR?_ASCII_LETTER?UART1
            CODE    4D52H     0001H     UNIT         ?PR?WAIT?BIPOLARMOTOR
            CODE    4D53H     0001H     UNIT         ?PR?NOP?IOEXPANDER_PI4IOE5V96248



OVERLAY MAP OF MODULE:   .\Obj\GPIO_RTC_Test (MAIN)


SEGMENT                                             BIT_GROUP          XDATA_GROUP
  +--> CALLED SEGMENT                            START    LENGTH     START    LENGTH
------------------------------------------------------------------------------------
?C_C51STARTUP                                    -----    -----      -----    -----
  +--> ?PR?MAIN?MAIN
  +--> ?C_INITSEG

?PR?MAIN?MAIN                                    -----    -----      038FH    0030H
  +--> ?PR?LCD_INIT?LCD_DRIVER_SPLC780D
  +--> ?PR?SPI_INIT?PCF85063BTL
  +--> ?PR?KEYPAD_IO_INIT?KEYPAD
  +--> ?PR?ADC_INIT?ADC
  +--> ?PR?_SPI_WRITETIME?PCF85063BTL
  +--> ?PR?_DELAY_MS?KEYPAD
  +--> ?PR?_DISPLAY_LINE?LCD_DRIVER_SPLC780D
  +--> ?PR?_WRITEDATA?LCD_DRIVER_SPLC780D
  +--> ?PR?KEY_PROCESS?KEYPAD
  +--> ?PR?_COMMAND?LCD_DRIVER_SPLC780D
  +--> ?PR?_DISPLAY_POS?MAIN
  +--> ?PR?_DISPLAYLCD?LCD_DRIVER_SPLC780D
  +--> ?PR?_STEP_MOVE?BIPOLARMOTOR
  +--> ?PR?LCD_RETURN_HOME?LCD_DRIVER_SPLC780D
  +--> ?PR?_READ_TIME?PCF85063BTL
  +--> ?PR?_ADC_GETRESULT?ADC
  +--> ?PR?_BCDTODEC1?BIPOLARMOTOR
  +--> ?PR?_CALIBRATION?CALIBRATION
  +--> ?PR?_WAIT_MS_SPINOR?AT25SF041
  +--> ?PR?SPI_NOR_WRITE_DATA?AT25SF041
  +--> ?PR?AT25SF041_WRITEENABLE?AT25SF041
BL51 BANKED LINKER/LOCATER V6.22                                                      02/25/2019  09:49:59  PAGE 5


  +--> ?PR?_AT25SF041_WRITE?AT25SF041
  +--> ?PR?LINEAR_INTERPOLATE?BIPOLARMOTOR
  +--> ?PR?_UPDATE_POSITION?BIPOLARMOTOR

?PR?LCD_INIT?LCD_DRIVER_SPLC780D                 -----    -----      -----    -----
  +--> ?PR?_WAIT_MS?LCD_DRIVER_SPLC780D
  +--> ?PR?_COMMAND?LCD_DRIVER_SPLC780D

?PR?_COMMAND?LCD_DRIVER_SPLC780D                 -----    -----      -----    -----
  +--> ?PR?_WAIT_MS?LCD_DRIVER_SPLC780D

?PR?ADC_INIT?ADC                                 -----    -----      -----    -----
  +--> ?PR?_WAIT_MS?LCD_DRIVER_SPLC780D

?PR?_SPI_WRITETIME?PCF85063BTL                   -----    -----      -----    -----
  +--> ?PR?_SPI_SENDBYTE?PCF85063BTL

?PR?_SPI_SENDBYTE?PCF85063BTL                    -----    -----      -----    -----
  +--> ?PR?_PCF85063BTL_DELAY?PCF85063BTL

?PR?_DISPLAY_LINE?LCD_DRIVER_SPLC780D            -----    -----      -----    -----
  +--> ?PR?_COMMAND?LCD_DRIVER_SPLC780D

?PR?_WRITEDATA?LCD_DRIVER_SPLC780D               -----    -----      046EH    0001H
  +--> ?PR?_WAIT_MS?LCD_DRIVER_SPLC780D

?PR?KEY_PROCESS?KEYPAD                           -----    -----      03BFH    0006H
  +--> ?PR?KEY_SCAN?KEYPAD
  +--> ?PR?_SPI_WRITETIME?PCF85063BTL
  +--> ?PR?LCD_CLEAR?LCD_DRIVER_SPLC780D
  +--> ?PR?_COMMAND?LCD_DRIVER_SPLC780D
  +--> ?PR?_WRITEDATA?LCD_DRIVER_SPLC780D

?PR?KEY_SCAN?KEYPAD                              -----    -----      03C5H    0003H

?PR?LCD_CLEAR?LCD_DRIVER_SPLC780D                -----    -----      -----    -----
  +--> ?PR?_COMMAND?LCD_DRIVER_SPLC780D

?PR?_DISPLAY_POS?MAIN                            -----    -----      0464H    000AH
  +--> ?PR?_ABS?ABS
  +--> ?PR?_WRITEDATA?LCD_DRIVER_SPLC780D

?PR?_DISPLAYLCD?LCD_DRIVER_SPLC780D              -----    -----      03BFH    0001H
  +--> ?PR?_WRITEDATA?LCD_DRIVER_SPLC780D

?PR?_STEP_MOVE?BIPOLARMOTOR                      0020H.6  0000H.1    047DH    0004H
  +--> ?PR?VONESTEPMOVE?BIPOLARMOTOR

?PR?VONESTEPMOVE?BIPOLARMOTOR                    0020H.7  0000H.1    -----    -----
  +--> ?PR?_WRITE_PI4IOE5V96248?IOEXPANDER_P...
  +--> ?PR?_DELAY_MS?KEYPAD

?PR?_WRITE_PI4IOE5V96248?IOEXPANDER_P...         -----    -----      0481H    0003H
  +--> ?PR?I2C_START?IOEXPANDER_PI4IOE5V96248
  +--> ?PR?_WAIT_MS_I2C?IOEXPANDER_PI4IOE5V9...
  +--> ?PR?_I2C_SENDBYTE?IOEXPANDER_PI4IOE5V...
  +--> ?PR?I2C_ACK?IOEXPANDER_PI4IOE5V96248
BL51 BANKED LINKER/LOCATER V6.22                                                      02/25/2019  09:49:59  PAGE 6


  +--> ?PR?I2C_STOP?IOEXPANDER_PI4IOE5V96248

?PR?I2C_START?IOEXPANDER_PI4IOE5V96248           -----    -----      -----    -----
  +--> ?PR?_WAIT_MS_I2C?IOEXPANDER_PI4IOE5V9...

?PR?_I2C_SENDBYTE?IOEXPANDER_PI4IOE5V...         -----    -----      -----    -----
  +--> ?PR?_WAIT_MS_I2C?IOEXPANDER_PI4IOE5V9...

?PR?I2C_ACK?IOEXPANDER_PI4IOE5V96248             -----    -----      0484H    0001H
  +--> ?PR?_WAIT_MS_I2C?IOEXPANDER_PI4IOE5V9...

?PR?I2C_STOP?IOEXPANDER_PI4IOE5V96248            -----    -----      -----    -----
  +--> ?PR?_WAIT_MS_I2C?IOEXPANDER_PI4IOE5V9...

?PR?LCD_RETURN_HOME?LCD_DRIVER_SPLC780D          -----    -----      -----    -----
  +--> ?PR?_COMMAND?LCD_DRIVER_SPLC780D

?PR?_READ_TIME?PCF85063BTL                       -----    -----      03BFH    000FH
  +--> ?PR?_SPI_READTIME?PCF85063BTL

?PR?_SPI_READTIME?PCF85063BTL                    -----    -----      -----    -----
  +--> ?PR?_SPI_SENDBYTE?PCF85063BTL
  +--> ?PR?SPI_RECEIVEBYTE?PCF85063BTL

?PR?SPI_RECEIVEBYTE?PCF85063BTL                  -----    -----      -----    -----
  +--> ?PR?_PCF85063BTL_DELAY?PCF85063BTL

?PR?_CALIBRATION?CALIBRATION                     -----    -----      03BFH    001BH
  +--> ?PR?VOLTAGE_IS_STABLE?CALIBRATION
  +--> ?PR?_UPDATE_POSITION?BIPOLARMOTOR
  +--> ?PR?_FIND_REAL_MAX?CALIBRATION

?PR?VOLTAGE_IS_STABLE?CALIBRATION                -----    -----      03DAH    0018H
  +--> ?PR?_ADC_GETRESULT?ADC
  +--> ?PR?_ABS?ABS

?PR?_UPDATE_POSITION?BIPOLARMOTOR                -----    -----      03DAH    009FH
  +--> ?PR?_BCDTODEC1?BIPOLARMOTOR
  +--> ?PR?SUNPOS?SUNPOS
  +--> ?PR?SIN?SIN
  +--> ?PR?ASIN?ASIN
  +--> ?PR?LINEAR_INTERPOLATE?BIPOLARMOTOR
  +--> ?PR?_ABS?ABS
  +--> ?PR?_MOVE?BIPOLARMOTOR

?PR?SUNPOS?SUNPOS                                -----    -----      0479H    005DH
  +--> ?PR?SIN?SIN
  +--> ?PR?_ATAN2?ATAN2
  +--> ?PR?ASIN?ASIN
  +--> ?PR?ACOS?ACOS

?PR?SIN?SIN                                      0020H.5  0000H.1    04D6H    0004H

?PR?_ATAN2?ATAN2                                 -----    -----      04D6H    0008H
  +--> ?PR?ATAN?ATAN

?PR?ATAN?ATAN                                    0020H.5  0000H.2    04DEH    0004H
BL51 BANKED LINKER/LOCATER V6.22                                                      02/25/2019  09:49:59  PAGE 7



?PR?ASIN?ASIN                                    -----    -----      -----    -----
  +--> ?PR?SQRT?SQRT
  +--> ?PR?ATAN?ATAN

?PR?SQRT?SQRT                                    -----    -----      04D6H    0004H

?PR?ACOS?ACOS                                    -----    -----      -----    -----
  +--> ?PR?SQRT?SQRT
  +--> ?PR?ATAN?ATAN

?PR?LINEAR_INTERPOLATE?BIPOLARMOTOR              -----    -----      0479H    0014H

?PR?_MOVE?BIPOLARMOTOR                           0020H.5  0000H.1    0479H    0004H
  +--> ?PR?_STEP_MOVE?BIPOLARMOTOR

?PR?_FIND_REAL_MAX?CALIBRATION                   -----    -----      03DAH    008AH
  +--> ?PR?_ADC_GETRESULT?ADC
  +--> ?PR?_MOVE?BIPOLARMOTOR
  +--> ?PR?_COMMAND?LCD_DRIVER_SPLC780D
  +--> ?PR?_WRITEDATA?LCD_DRIVER_SPLC780D
  +--> ?PR?_DISPLAY_POS?MAIN
  +--> ?PR?_WAIT_MS?LCD_DRIVER_SPLC780D
  +--> ?PR?_MAX_VALUE?CALIBRATION

?PR?_MAX_VALUE?CALIBRATION                       -----    -----      0464H    0004H

?PR?SPI_NOR_WRITE_DATA?AT25SF041                 -----    -----      03BFH    000EH
  +--> ?PR?AT25SF041_WRITEENABLE?AT25SF041
  +--> ?PR?AT25SF041_CHIPERASE?AT25SF041
  +--> ?PR?_WAIT_MS_SPINOR?AT25SF041
  +--> ?PR?_AT25SF041_WRITE?AT25SF041

?PR?AT25SF041_WRITEENABLE?AT25SF041              -----    -----      03CDH    0002H
  +--> ?PR?_WAIT_MS_SPINOR?AT25SF041

?PR?AT25SF041_CHIPERASE?AT25SF041                -----    -----      03CDH    0002H
  +--> ?PR?_WAIT_MS_SPINOR?AT25SF041
  +--> ?PR?READ_STATUS_REGISTER_BYTE1?AT25SF041

?PR?READ_STATUS_REGISTER_BYTE1?AT25SF041         -----    -----      03CFH    0003H
  +--> ?PR?_WAIT_MS_SPINOR?AT25SF041

?PR?_AT25SF041_WRITE?AT25SF041                   -----    -----      03CDH    0008H
  +--> ?PR?_WAIT_MS_SPINOR?AT25SF041



UNRESOLVED EXTERNAL SYMBOLS:
   AUTO_MODE
   _SENDUART1



SYMBOL TABLE OF MODULE:  .\Obj\GPIO_RTC_Test (MAIN)

  VALUE           TYPE          NAME
BL51 BANKED LINKER/LOCATER V6.22                                                      02/25/2019  09:49:59  PAGE 8


  ----------------------------------

  -------         MODULE        MAIN
  C:0000H         SYMBOL        _ICE_DUMMY_
  X:04EAH         PUBLIC        calib_value
  D:0080H         PUBLIC        P0
  D:00B2H         PUBLIC        P3M0
  D:0090H         PUBLIC        P1
  D:00B1H         PUBLIC        P3M1
  D:00A0H         PUBLIC        P2
  D:00B0H         PUBLIC        P3
  D:00C0H         PUBLIC        P4
  D:00C8H         PUBLIC        P5
  X:053EH         SYMBOL        PressedKey
  B:00A8H.7       PUBLIC        EA
  D:00E8H         PUBLIC        P6
  X:0542H         PUBLIC        calib_stamp
  D:00F8H         PUBLIC        P7
  X:0543H         PUBLIC        RX_Data_Uart_Cnt
  D:00A8H         PUBLIC        IE
  X:0545H         PUBLIC        calib_time
  D:00B8H         PUBLIC        IP
  X:0599H         PUBLIC        months
  D:00D8H         PUBLIC        CCON
  C:000EH         PUBLIC        main
  X:059AH         PUBLIC        count
  X:059CH         PUBLIC        days
  X:059DH         PUBLIC        hours
  D:0098H         PUBLIC        SCON
  D:0089H         PUBLIC        TMOD
  D:0088H         PUBLIC        TCON
  B:00A0H.3       PUBLIC        P23
  X:059EH         SYMBOL        KeyCount
  X:05A0H         PUBLIC        mins
  X:05A1H         PUBLIC        Rec_data_hour
  B:00C8H.5       PUBLIC        P55
  X:05A4H         PUBLIC        Rec_data_min
  D:008EH         PUBLIC        AUXR
  C:0009H         PUBLIC        tm0_isr
  B:0021H.0       PUBLIC        busy
  B:00A8H.1       PUBLIC        ET0
  D:008CH         PUBLIC        TH0
  X:05A7H         PUBLIC        hour_count
  D:008AH         PUBLIC        TL0
  X:05A8H         PUBLIC        min_count
  B:0088H.4       PUBLIC        TR0
  X:05A9H         SYMBOL        KeyNum
  X:05AAH         SYMBOL        KeyNum_Old
  X:05ABH         PUBLIC        current_position
  X:05AFH         PUBLIC        hours1
  X:05B0H         PUBLIC        hours2
  C:4516H         PUBLIC        _Display_Prox
  X:05B1H         PUBLIC        mins1
  X:05B2H         PUBLIC        mins2
  C:38D5H         PUBLIC        _Display_Pos
  X:05B3H         PUBLIC        seconds
  X:05B4H         PUBLIC        st_time
BL51 BANKED LINKER/LOCATER V6.22                                                      02/25/2019  09:49:59  PAGE 9


  D:00D0H         PUBLIC        PSW
  -------         PROC          TM0_ISR
  C:0009H         LINE#         85
  C:0009H         LINE#         87
  -------         ENDPROC       TM0_ISR
  -------         PROC          MAIN
  -------         DO            
  X:038FH         SYMBOL        sunlight_ADC
  X:04E2H         SYMBOL        KeyCount
  X:04E4H         SYMBOL        KeyNum_Old
  X:04E5H         SYMBOL        KeyNum
  X:04E6H         SYMBOL        PressedKey
  X:0391H         SYMBOL        prox_flag
  X:0392H         SYMBOL        iUse_prevday_calib_value
  X:0394H         SYMBOL        max_ADC_Val
  X:0396H         SYMBOL        max_ADC_Val_JP
  X:0398H         SYMBOL        calib_point1
  X:03A0H         SYMBOL        calib_point2
  X:03A8H         SYMBOL        dat_to_store
  X:03B3H         SYMBOL        calib_day
  X:03B5H         SYMBOL        calib_count
  X:03B7H         SYMBOL        theorical_JP_max_pos
  X:03BBH         SYMBOL        SPI_NOR_INTERNAL_FLASH_ADDR
  -------         ENDDO         
  C:000EH         LINE#         89
  C:000EH         LINE#         90
  C:000EH         LINE#         95
  C:0014H         LINE#         96
  C:0021H         LINE#         100
  C:0027H         LINE#         101
  C:0031H         LINE#         102
  C:003BH         LINE#         106
  C:003DH         LINE#         107
  C:003FH         LINE#         108
  C:0041H         LINE#         109
  C:0043H         LINE#         111
  C:004AH         LINE#         120
  C:004CH         LINE#         121
  C:004FH         LINE#         122
  C:0052H         LINE#         123
  C:0055H         LINE#         124
  C:0058H         LINE#         125
  C:005BH         LINE#         128
  C:005EH         LINE#         130
  C:0061H         LINE#         131
  C:0064H         LINE#         132
  C:0067H         LINE#         133
  C:0069H         LINE#         134
  C:006BH         LINE#         135
  C:006DH         LINE#         137
  C:006FH         LINE#         138
  C:0076H         LINE#         139
  C:007DH         LINE#         140
  C:0084H         LINE#         141
  C:008BH         LINE#         145
  C:0092H         LINE#         146
  C:0097H         LINE#         147
BL51 BANKED LINKER/LOCATER V6.22                                                      02/25/2019  09:49:59  PAGE 10


  C:009CH         LINE#         148
  C:00A1H         LINE#         149
  C:00A6H         LINE#         150
  C:00ABH         LINE#         153
  C:00C4H         LINE#         154
  C:00C4H         LINE#         155
  C:00E0H         LINE#         156
  C:0127H         LINE#         157
  C:0138H         LINE#         158
  C:0138H         LINE#         159
  C:0138H         LINE#         160
  C:013BH         LINE#         163
  C:013BH         LINE#         166
  C:0140H         LINE#         167
  C:0145H         LINE#         169
  C:014AH         LINE#         170
  C:014FH         LINE#         171
  C:0154H         LINE#         172
  C:0159H         LINE#         174
  C:016AH         LINE#         175
  C:016FH         LINE#         176
  C:0174H         LINE#         178
  C:017BH         LINE#         179
  C:0183H         LINE#         180
  C:0188H         LINE#         181
  C:0190H         LINE#         182
  C:0195H         LINE#         183
  C:019FH         LINE#         184
  C:01A4H         LINE#         185
  C:01ACH         LINE#         187
  C:01B4H         LINE#         188
  C:01B9H         LINE#         189
  C:01C3H         LINE#         190
  C:01C3H         LINE#         191
  C:01C5H         LINE#         192
  C:01C7H         LINE#         193
  C:01D1H         LINE#         194
  C:01D1H         LINE#         195
  C:01D6H         LINE#         196
  C:01D6H         LINE#         208
  C:01E3H         LINE#         209
  C:01E3H         LINE#         210
  C:01EDH         LINE#         211
  C:0204H         LINE#         212
  C:0204H         LINE#         213
  C:0206H         LINE#         214
  C:0208H         LINE#         216
  C:0208H         LINE#         217
  C:0213H         LINE#         218
  C:0213H         LINE#         219
  C:0218H         LINE#         220
  C:0218H         LINE#         221
  C:0225H         LINE#         222
  C:0225H         LINE#         225
  C:022FH         LINE#         226
  C:0246H         LINE#         227
  C:0246H         LINE#         228
BL51 BANKED LINKER/LOCATER V6.22                                                      02/25/2019  09:49:59  PAGE 11


  C:0248H         LINE#         229
  C:024AH         LINE#         231
  C:024AH         LINE#         232
  C:0255H         LINE#         233
  C:0255H         LINE#         234
  C:025AH         LINE#         235
  C:025CH         LINE#         236
  C:025CH         LINE#         245
  C:027EH         LINE#         246
  C:027EH         LINE#         247
  C:0288H         LINE#         248
  C:028EH         LINE#         249
  C:0290H         LINE#         250
  C:0292H         LINE#         251
  C:0294H         LINE#         252
  C:0294H         LINE#         253
  C:0297H         LINE#         255
  C:0297H         LINE#         256
  C:029DH         LINE#         257
  C:02A5H         LINE#         258
  C:02ABH         LINE#         259
  C:02B3H         LINE#         260
  C:02EEH         LINE#         264
  C:02FBH         LINE#         265
  C:02FBH         LINE#         266
  C:0308H         LINE#         267
  C:033BH         LINE#         268
  C:0348H         LINE#         269
  C:0348H         LINE#         271
  C:0377H         LINE#         272
  C:0377H         LINE#         273
  C:0399H         LINE#         274
  C:0399H         LINE#         275
  C:0415H         LINE#         276
  C:0493H         LINE#         280
  C:049BH         LINE#         281
  C:04A3H         LINE#         282
  C:04ABH         LINE#         284
  C:04B3H         LINE#         285
  C:04C7H         LINE#         286
  C:04DDH         LINE#         288
  C:050DH         LINE#         289
  C:0521H         LINE#         290
  C:0535H         LINE#         295
  C:0538H         LINE#         296
  C:053AH         LINE#         359
  C:0540H         LINE#         360
  C:0564H         LINE#         361
  C:056BH         LINE#         362
  C:056EH         LINE#         364
  C:0586H         LINE#         365
  C:058DH         LINE#         367
  C:0590H         LINE#         369
  C:05B5H         LINE#         370
  C:05BCH         LINE#         372
  C:05BFH         LINE#         374
  C:05F9H         LINE#         375
BL51 BANKED LINKER/LOCATER V6.22                                                      02/25/2019  09:49:59  PAGE 12


  C:0600H         LINE#         377
  C:0603H         LINE#         378
  C:0614H         LINE#         379
  C:0614H         LINE#         380
  C:0614H         LINE#         382
  C:0614H         LINE#         385
  C:0617H         LINE#         387
  C:0617H         LINE#         388
  C:0639H         LINE#         389
  C:0639H         LINE#         390
  C:06B5H         LINE#         391
  C:070AH         LINE#         392
  C:070AH         LINE#         393
  C:070AH         LINE#         394
  C:070DH         LINE#         398
  C:070DH         LINE#         401
  C:0741H         LINE#         402
  C:0741H         LINE#         403
  C:0763H         LINE#         404
  C:0763H         LINE#         405
  C:07DFH         LINE#         406
  C:085DH         LINE#         410
  C:0865H         LINE#         411
  C:086DH         LINE#         412
  C:0875H         LINE#         414
  C:087DH         LINE#         416
  C:0893H         LINE#         418
  C:08C3H         LINE#         422
  C:08D9H         LINE#         423
  C:0909H         LINE#         424
  C:092DH         LINE#         426
  C:0930H         LINE#         427
  C:0941H         LINE#         428
  C:0941H         LINE#         429
  C:0949H         LINE#         431
  C:0949H         LINE#         434
  C:094CH         LINE#         436
  C:094CH         LINE#         438
  C:096EH         LINE#         439
  C:096EH         LINE#         440
  C:09EAH         LINE#         442
  C:0A17H         LINE#         443
  C:0A32H         LINE#         444
  C:0A5FH         LINE#         445
  C:0A7AH         LINE#         447
  C:0B16H         LINE#         450
  C:0B16H         LINE#         451
  C:0B16H         LINE#         452
  C:0B16H         LINE#         454
  C:0B16H         LINE#         457
  C:0B32H         LINE#         458
  C:0B37H         LINE#         460
  C:0B39H         LINE#         461
  -------         ENDPROC       MAIN
  -------         PROC          _DISPLAY_PROX
  D:0002H         SYMBOL        dat
  -------         DO            
BL51 BANKED LINKER/LOCATER V6.22                                                      02/25/2019  09:49:59  PAGE 13


  X:0630H         SYMBOL        unit
  X:0631H         SYMBOL        ten
  X:0632H         SYMBOL        hundred
  X:0633H         SYMBOL        thousand
  -------         ENDDO         
  C:4516H         LINE#         545
  C:451AH         LINE#         546
  C:451AH         LINE#         548
  C:4526H         LINE#         549
  C:4536H         LINE#         550
  C:4552H         LINE#         551
  C:4582H         LINE#         552
  C:458CH         LINE#         553
  C:4596H         LINE#         554
  C:45A0H         LINE#         555
  C:45AAH         LINE#         557
  -------         ENDPROC       _DISPLAY_PROX
  -------         PROC          _DISPLAY_POS
  X:0464H         SYMBOL        sign_dat
  -------         DO            
  X:0468H         SYMBOL        unit
  X:0469H         SYMBOL        ten
  X:046AH         SYMBOL        hundred
  D:0003H         SYMBOL        thousand
  X:046BH         SYMBOL        after_dot
  X:046CH         SYMBOL        dat
  -------         ENDDO         
  C:38D5H         LINE#         560
  C:38DBH         LINE#         561
  C:38DBH         LINE#         565
  C:38F7H         LINE#         566
  C:3911H         LINE#         567
  C:3935H         LINE#         569
  C:397FH         LINE#         571
  C:3996H         LINE#         572
  C:39A3H         LINE#         573
  C:39C5H         LINE#         574
  C:39FAH         LINE#         575
  C:3A12H         LINE#         576
  C:3A12H         LINE#         578
  C:3A12H         LINE#         579
  C:3A12H         LINE#         580
  C:3A12H         LINE#         581
  C:3A12H         LINE#         582
  C:3A12H         LINE#         586
  C:3A14H         LINE#         588
  C:3A14H         LINE#         590
  C:3A19H         LINE#         591
  C:3A23H         LINE#         592
  C:3A2DH         LINE#         593
  C:3A37H         LINE#         594
  C:3A3CH         LINE#         595
  C:3A46H         LINE#         599
  C:3A46H         LINE#         601
  -------         ENDPROC       _DISPLAY_POS
  -------         ENDMOD        MAIN

BL51 BANKED LINKER/LOCATER V6.22                                                      02/25/2019  09:49:59  PAGE 14


  -------         MODULE        PCF85063BTL
  C:0000H         SYMBOL        _ICE_DUMMY_
  D:0096H         PUBLIC        P2M0
  D:0080H         PUBLIC        P0
  D:0095H         PUBLIC        P2M1
  D:0090H         PUBLIC        P1
  D:00A0H         PUBLIC        P2
  D:00B0H         PUBLIC        P3
  D:00C0H         PUBLIC        P4
  D:00C8H         PUBLIC        P5
  D:00E8H         PUBLIC        P6
  B:00A0H.1       PUBLIC        PCF85063BTL_SDI
  D:00F8H         PUBLIC        P7
  B:00A0H.2       PUBLIC        PCF85063BTL_SCK
  B:00A0H.1       PUBLIC        PCF85063BTL_SDO
  D:00A8H         PUBLIC        IE
  C:4730H         PUBLIC        _Read_time
  C:4C87H         PUBLIC        _PCF85063BTL_Delay
  D:00B8H         PUBLIC        IP
  D:00D8H         PUBLIC        CCON
  C:4637H         PUBLIC        _Day_Of_Year
  C:4B7DH         PUBLIC        SPI_ReceiveByte
  D:0098H         PUBLIC        SCON
  D:0088H         PUBLIC        TCON
  C:4CBAH         PUBLIC        _BCDtoDec
  B:00A0H.0       PUBLIC        PCF85063BTL_CS
  C:4CA9H         PUBLIC        _SPI_ReadTime
  C:4D09H         PUBLIC        SPI_Init
  C:4C12H         PUBLIC        _SPI_WriteTime
  C:4B5DH         PUBLIC        _SPI_SendByte
  D:00D0H         PUBLIC        PSW
  C:4C83H         SYMBOL        L?0047
  -------         PROC          L?0046
  -------         ENDPROC       L?0046
  C:4C83H         SYMBOL        L?0047
  -------         PROC          _PCF85063BTL_DELAY
  D:0006H         SYMBOL        us
  C:4C87H         LINE#         8
  C:4C87H         LINE#         9
  C:4C87H         LINE#         10
  C:4C91H         LINE#         11
  C:4C91H         LINE#         12
  C:4C92H         LINE#         13
  C:4C94H         LINE#         14
  -------         ENDPROC       _PCF85063BTL_DELAY
  -------         PROC          _SPI_SENDBYTE
  D:0005H         SYMBOL        dat
  -------         DO            
  D:0003H         SYMBOL        i
  -------         ENDDO         
  C:4B5DH         LINE#         17
  C:4B5FH         LINE#         18
  C:4B5FH         LINE#         20
  C:4B61H         LINE#         21
  C:4B61H         LINE#         22
  C:4B63H         LINE#         23
  C:4B67H         LINE#         24
BL51 BANKED LINKER/LOCATER V6.22                                                      02/25/2019  09:49:59  PAGE 15


  C:4B67H         LINE#         25
  C:4B69H         LINE#         26
  C:4B6BH         LINE#         28
  C:4B6BH         LINE#         29
  C:4B6DH         LINE#         30
  C:4B6DH         LINE#         31
  C:4B70H         LINE#         32
  C:4B70H         LINE#         33
  C:4B73H         LINE#         34
  C:4B77H         LINE#         35
  C:4B7CH         LINE#         36
  -------         ENDPROC       _SPI_SENDBYTE
  -------         PROC          SPI_RECEIVEBYTE
  -------         DO            
  D:0003H         SYMBOL        i
  D:0005H         SYMBOL        dat
  -------         ENDDO         
  C:4B7DH         LINE#         39
  C:4B7DH         LINE#         40
  C:4B7DH         LINE#         42
  C:4B7FH         LINE#         44
  C:4B81H         LINE#         45
  C:4B82H         LINE#         46
  C:4B82H         LINE#         47
  C:4B86H         LINE#         48
  C:4B88H         LINE#         49
  C:4B8BH         LINE#         51
  C:4B8EH         LINE#         52
  C:4B8EH         LINE#         53
  C:4B92H         LINE#         54
  C:4B92H         LINE#         55
  C:4B92H         LINE#         56
  C:4B95H         LINE#         57
  C:4B9AH         LINE#         58
  C:4B9CH         LINE#         59
  -------         ENDPROC       SPI_RECEIVEBYTE
  -------         PROC          _SPI_READTIME
  D:0007H         SYMBOL        addr
  -------         DO            
  D:0006H         SYMBOL        dat
  -------         ENDDO         
  C:4CA9H         LINE#         61
  C:4CA9H         LINE#         62
  C:4CA9H         LINE#         64
  C:4CABH         LINE#         65
  C:4CADH         LINE#         66
  C:4CB4H         LINE#         67
  C:4CB7H         LINE#         68
  C:4CB9H         LINE#         69
  C:4CB9H         LINE#         70
  -------         ENDPROC       _SPI_READTIME
  -------         PROC          _SPI_WRITETIME
  D:0002H         SYMBOL        val
  D:0005H         SYMBOL        addr
  C:4C12H         LINE#         71
  C:4C14H         LINE#         72
  C:4C14H         LINE#         74
BL51 BANKED LINKER/LOCATER V6.22                                                      02/25/2019  09:49:59  PAGE 16


  C:4C16H         LINE#         75
  C:4C1DH         LINE#         76
  C:4C22H         LINE#         77
  C:4C27H         LINE#         78
  C:4C29H         LINE#         79
  -------         ENDPROC       _SPI_WRITETIME
  -------         PROC          SPI_INIT
  C:4D09H         LINE#         83
  C:4D09H         LINE#         84
  C:4D09H         LINE#         89
  C:4D0CH         LINE#         90
  C:4D0FH         LINE#         91
  C:4D11H         LINE#         92
  C:4D13H         LINE#         93
  C:4D15H         LINE#         94
  -------         ENDPROC       SPI_INIT
  -------         PROC          _READ_TIME
  X:03BFH         SYMBOL        months
  X:03C2H         SYMBOL        days
  X:03C5H         SYMBOL        hours
  X:03C8H         SYMBOL        mins
  X:03CBH         SYMBOL        seconds
  C:4730H         LINE#         96
  C:473BH         LINE#         97
  C:473BH         LINE#         99
  C:474FH         LINE#         101
  C:4763H         LINE#         103
  C:4777H         LINE#         108
  C:478BH         LINE#         113
  -------         ENDPROC       _READ_TIME
  -------         PROC          _BCDTODEC
  D:0007H         SYMBOL        bcd
  -------         DO            
  D:0006H         SYMBOL        hi
  D:0007H         SYMBOL        lo
  -------         ENDDO         
  C:4CBAH         LINE#         119
  C:4CBAH         LINE#         120
  C:4CBAH         LINE#         122
  C:4CBFH         LINE#         123
  C:4CC3H         LINE#         124
  C:4CCAH         LINE#         125
  -------         ENDPROC       _BCDTODEC
  -------         PROC          _DAY_OF_YEAR
  D:0007H         SYMBOL        months_bcd
  D:0005H         SYMBOL        days_bcd
  -------         DO            
  D:0004H         SYMBOL        months
  D:0007H         SYMBOL        days
  -------         ENDDO         
  C:4637H         LINE#         126
  C:4637H         LINE#         127
  C:4637H         LINE#         130
  C:463CH         LINE#         132
  C:4641H         LINE#         134
  C:467AH         LINE#         135
  C:467AH         LINE#         136
BL51 BANKED LINKER/LOCATER V6.22                                                      02/25/2019  09:49:59  PAGE 17


  C:467AH         LINE#         137
  C:467DH         LINE#         138
  C:467DH         LINE#         139
  C:467DH         LINE#         140
  C:4682H         LINE#         141
  C:4682H         LINE#         142
  C:4682H         LINE#         143
  C:4687H         LINE#         144
  C:4687H         LINE#         145
  C:4687H         LINE#         146
  C:468CH         LINE#         147
  C:468CH         LINE#         148
  C:468CH         LINE#         149
  C:4691H         LINE#         150
  C:4691H         LINE#         151
  C:4691H         LINE#         152
  C:4696H         LINE#         153
  C:4696H         LINE#         154
  C:4696H         LINE#         155
  C:469BH         LINE#         156
  C:469BH         LINE#         157
  C:469BH         LINE#         158
  C:46A0H         LINE#         159
  C:46A0H         LINE#         160
  C:46A0H         LINE#         161
  C:46A8H         LINE#         162
  C:46A8H         LINE#         163
  C:46A8H         LINE#         164
  C:46ADH         LINE#         165
  C:46ADH         LINE#         166
  C:46ADH         LINE#         167
  C:46B2H         LINE#         168
  C:46B2H         LINE#         169
  C:46B2H         LINE#         170
  C:46BAH         LINE#         171
  C:46BAH         LINE#         172
  C:46BAH         LINE#         173
  -------         ENDPROC       _DAY_OF_YEAR
  -------         ENDMOD        PCF85063BTL

  -------         MODULE        UART1
  C:0000H         SYMBOL        _ICE_DUMMY_
  D:0080H         PUBLIC        P0
  D:0090H         PUBLIC        P1
  D:00A0H         PUBLIC        P2
  D:00B0H         PUBLIC        P3
  D:00C0H         PUBLIC        P4
  D:00C8H         PUBLIC        P5
  B:00A8H.7       PUBLIC        EA
  D:00E8H         PUBLIC        P6
  D:00F8H         PUBLIC        P7
  C:4A35H         PUBLIC        _SendString
  D:00A8H         PUBLIC        IE
  B:00A8H.4       PUBLIC        ES
  D:00B8H         PUBLIC        IP
  C:4C2AH         PUBLIC        _ASCIItoBCD
  D:00D8H         PUBLIC        CCON
BL51 BANKED LINKER/LOCATER V6.22                                                      02/25/2019  09:49:59  PAGE 18


  C:4CCBH         PUBLIC        initUART1
  D:0098H         PUBLIC        SCON
  D:0088H         PUBLIC        TCON
  C:000AH         PUBLIC        _DectoBCD
  C:4D4DH         PUBLIC        _ASCII_Letter
  D:008EH         PUBLIC        AUXR
  C:4D48H         PUBLIC        _unit
  C:0003H         PUBLIC        _ten
  D:00D6H         PUBLIC        T2H
  D:00D7H         PUBLIC        T2L
  D:00D0H         PUBLIC        PSW
  -------         PROC          INITUART1
  C:4CCBH         LINE#         21
  C:4CCBH         LINE#         22
  C:4CCBH         LINE#         23
  C:4CCEH         LINE#         24
  C:4CD1H         LINE#         25
  C:4CD4H         LINE#         26
  C:4CD7H         LINE#         27
  C:4CD9H         LINE#         28
  C:4CDBH         LINE#         30
  -------         ENDPROC       INITUART1
  -------         PROC          _SENDSTRING
  X:0634H         SYMBOL        s
  C:4A35H         LINE#         35
  C:4A40H         LINE#         36
  C:4A40H         LINE#         37
  C:4A50H         LINE#         38
  C:4A50H         LINE#         39
  C:4A65H         LINE#         40
  C:4A67H         LINE#         41
  -------         ENDPROC       _SENDSTRING
  -------         PROC          _TEN
  D:0007H         SYMBOL        BCD
  C:0003H         LINE#         43
  C:0003H         LINE#         44
  C:0003H         LINE#         45
  C:0008H         LINE#         46
  -------         ENDPROC       _TEN
  -------         PROC          _UNIT
  D:0007H         SYMBOL        BCD
  C:4D48H         LINE#         47
  C:4D48H         LINE#         48
  C:4D48H         LINE#         52
  C:4D4CH         LINE#         53
  -------         ENDPROC       _UNIT
  -------         PROC          _DECTOBCD
  D:0007H         SYMBOL        dec
  C:000AH         LINE#         54
  C:000AH         LINE#         55
  C:000AH         LINE#         57
  C:000AH         LINE#         58
  -------         ENDPROC       _DECTOBCD
  -------         PROC          _ASCII_LETTER
  D:0007H         SYMBOL        dat
  C:4D4DH         LINE#         60
  C:4D4DH         LINE#         61
BL51 BANKED LINKER/LOCATER V6.22                                                      02/25/2019  09:49:59  PAGE 19


  C:4D4DH         LINE#         63
  C:4D51H         LINE#         64
  -------         ENDPROC       _ASCII_LETTER
  -------         PROC          _ASCIITOBCD
  D:0001H         SYMBOL        ascii
  -------         DO            
  D:0007H         SYMBOL        dec_val
  D:0006H         SYMBOL        ten
  D:0007H         SYMBOL        unit
  -------         ENDDO         
  C:4C2AH         LINE#         66
  C:4C2AH         LINE#         67
  C:4C2AH         LINE#         69
  C:4C2DH         LINE#         70
  C:4C33H         LINE#         71
  C:4C3AH         LINE#         72
  C:4C40H         LINE#         74
  -------         ENDPROC       _ASCIITOBCD
  -------         ENDMOD        UART1

  -------         MODULE        LCD_DRIVER_SPLC780D
  C:0000H         SYMBOL        _ICE_DUMMY_
  D:0092H         PUBLIC        P1M0
  D:0091H         PUBLIC        P1M1
  D:0080H         PUBLIC        P0
  D:0090H         PUBLIC        P1
  D:00A0H         PUBLIC        P2
  D:00B0H         PUBLIC        P3
  D:00C0H         PUBLIC        P4
  D:00C8H         PUBLIC        P5
  D:00E8H         PUBLIC        P6
  D:00F8H         PUBLIC        P7
  C:46BBH         PUBLIC        _WriteData
  D:00A8H         PUBLIC        IE
  D:00B8H         PUBLIC        IP
  D:00D8H         PUBLIC        CCON
  B:00B0H.4       PUBLIC        LCD_D4
  B:00B0H.5       PUBLIC        LCD_D5
  B:00B0H.6       PUBLIC        LCD_D6
  C:4BDAH         PUBLIC        _DisplayLCD
  B:00B0H.7       PUBLIC        LCD_D7
  D:0098H         PUBLIC        SCON
  D:0088H         PUBLIC        TCON
  C:4D38H         PUBLIC        LCD_clear
  C:497AH         PUBLIC        _Command
  C:4C57H         PUBLIC        _Display_Line
  C:47F9H         PUBLIC        LCD_Init
  C:4B3FH         PUBLIC        _Wait_ms
  B:00C0H.0       PUBLIC        LCD_RS
  B:00B0H.2       PUBLIC        LCD_RW
  C:4D2EH         PUBLIC        LCD_return_home
  B:00B0H.3       PUBLIC        LCD_E
  D:00D0H         PUBLIC        PSW
  -------         PROC          LCD_INIT
  C:47F9H         LINE#         9
  C:47F9H         LINE#         10
  C:47F9H         LINE#         11
BL51 BANKED LINKER/LOCATER V6.22                                                      02/25/2019  09:49:59  PAGE 20


  C:47FCH         LINE#         12
  C:47FFH         LINE#         14
  C:4805H         LINE#         15
  C:480AH         LINE#         17
  C:4811H         LINE#         18
  C:4816H         LINE#         20
  C:4819H         LINE#         21
  C:481EH         LINE#         23
  C:4821H         LINE#         24
  C:4826H         LINE#         26
  C:482DH         LINE#         29
  C:4832H         LINE#         30
  C:4837H         LINE#         32
  C:483CH         LINE#         33
  C:4841H         LINE#         35
  C:4846H         LINE#         36
  C:484BH         LINE#         37
  -------         ENDPROC       LCD_INIT
  -------         PROC          _WRITEDATA
  X:046EH         SYMBOL        dat
  C:46BBH         LINE#         40
  C:46C0H         LINE#         41
  C:46C0H         LINE#         46
  C:46C2H         LINE#         47
  C:46C4H         LINE#         49
  C:46D2H         LINE#         50
  C:46DEH         LINE#         51
  C:46EAH         LINE#         52
  C:46F4H         LINE#         53
  C:46F6H         LINE#         54
  C:46FDH         LINE#         55
  C:46FFH         LINE#         57
  C:470FH         LINE#         58
  C:471AH         LINE#         59
  C:4724H         LINE#         60
  C:4728H         LINE#         62
  C:4728H         LINE#         63
  C:472BH         LINE#         64
  C:472DH         LINE#         65
  C:472FH         LINE#         67
  -------         ENDPROC       _WRITEDATA
  -------         PROC          _COMMAND
  D:0007H         SYMBOL        dat
  C:497AH         LINE#         69
  C:497AH         LINE#         70
  C:497AH         LINE#         71
  C:497CH         LINE#         72
  C:497EH         LINE#         74
  C:4988H         LINE#         75
  C:498CH         LINE#         77
  C:498EH         LINE#         78
  C:4997H         LINE#         79
  C:499BH         LINE#         81
  C:499DH         LINE#         82
  C:49A4H         LINE#         83
  C:49A8H         LINE#         85
  C:49AAH         LINE#         86
BL51 BANKED LINKER/LOCATER V6.22                                                      02/25/2019  09:49:59  PAGE 21


  C:49AEH         LINE#         87
  C:49B2H         LINE#         89
  C:49B4H         LINE#         90
  C:49B4H         LINE#         91
  C:49B7H         LINE#         92
  C:49B9H         LINE#         93
  -------         ENDPROC       _COMMAND
  C:4B3BH         SYMBOL        L?0028
  -------         PROC          L?0027
  -------         ENDPROC       L?0027
  C:4B3BH         SYMBOL        L?0028
  -------         PROC          _WAIT_MS
  D:0006H         SYMBOL        ms
  -------         DO            
  D:0004H         SYMBOL        De_Cnt
  -------         ENDDO         
  C:4B3FH         LINE#         95
  C:4B3FH         LINE#         96
  C:4B3FH         LINE#         98
  C:4B49H         LINE#         99
  C:4B49H         LINE#         100
  C:4B5CH         LINE#         101
  C:4B5CH         LINE#         102
  -------         ENDPROC       _WAIT_MS
  -------         PROC          _DISPLAYLCD
  D:0007H         SYMBOL        BCD
  -------         DO            
  D:0006H         SYMBOL        first_digit
  X:03BFH         SYMBOL        second_digit
  -------         ENDDO         
  C:4BDAH         LINE#         103
  C:4BDAH         LINE#         104
  C:4BDAH         LINE#         106
  C:4BE1H         LINE#         107
  C:4BEAH         LINE#         109
  C:4BEFH         LINE#         111
  -------         ENDPROC       _DISPLAYLCD
  -------         PROC          LCD_RETURN_HOME
  C:4D2EH         LINE#         115
  C:4D2EH         LINE#         116
  C:4D2EH         LINE#         117
  C:4D33H         LINE#         118
  -------         ENDPROC       LCD_RETURN_HOME
  -------         PROC          LCD_CLEAR
  C:4D38H         LINE#         121
  C:4D38H         LINE#         122
  C:4D38H         LINE#         123
  C:4D3DH         LINE#         124
  -------         ENDPROC       LCD_CLEAR
  -------         PROC          _DISPLAY_LINE
  D:0006H         SYMBOL        line
  C:4C57H         LINE#         128
  C:4C57H         LINE#         129
  C:4C57H         LINE#         130
  C:4C5DH         LINE#         131
  C:4C5DH         LINE#         132
  C:4C5FH         LINE#         133
BL51 BANKED LINKER/LOCATER V6.22                                                      02/25/2019  09:49:59  PAGE 22


  C:4C5FH         LINE#         134
  C:4C61H         LINE#         136
  C:4C61H         LINE#         137
  C:4C66H         LINE#         138
  C:4C6BH         LINE#         139
  C:4C6BH         LINE#         140
  -------         ENDPROC       _DISPLAY_LINE
  -------         ENDMOD        LCD_DRIVER_SPLC780D

  -------         MODULE        KEYPAD
  C:0000H         SYMBOL        _ICE_DUMMY_
  D:0093H         PUBLIC        P0M1
  D:0080H         PUBLIC        P0
  D:0090H         PUBLIC        P1
  D:00A0H         PUBLIC        P2
  D:00B0H         PUBLIC        P3
  D:00C0H         PUBLIC        P4
  D:00C8H         PUBLIC        P5
  B:0020H.0       PUBLIC        calib_mode
  D:00E8H         PUBLIC        P6
  D:00F8H         PUBLIC        P7
  D:00A8H         PUBLIC        IE
  C:35C0H         PUBLIC        Key_Scan
  D:00B8H         PUBLIC        IP
  D:00D8H         PUBLIC        CCON
  C:4D16H         PUBLIC        KeyPad_IO_Init
  C:4BBCH         PUBLIC        _Delay_ms
  D:0098H         PUBLIC        SCON
  D:0088H         PUBLIC        TCON
  B:0020H.1       PUBLIC        small_move
  B:0020H.2       PUBLIC        move
  B:0020H.3       PUBLIC        direction
  B:0020H.4       PUBLIC        auto_move
  C:314FH         PUBLIC        Key_Process
  D:00D0H         PUBLIC        PSW
  D:0094H         PUBLIC        P0M0
  -------         PROC          _DELAY_MS
  D:0006H         SYMBOL        ms
  -------         DO            
  D:0004H         SYMBOL        De_Cnt
  -------         ENDDO         
  C:4BBCH         LINE#         19
  C:4BBCH         LINE#         20
  C:4BBCH         LINE#         22
  C:4BC6H         LINE#         23
  C:4BC6H         LINE#         24
  C:4BD9H         LINE#         25
  C:4BD9H         LINE#         26
  -------         ENDPROC       _DELAY_MS
  -------         PROC          KEY_SCAN
  -------         DO            
  X:03C5H         SYMBOL        KeyTemp1
  X:03C6H         SYMBOL        KeyTemp2
  X:03C7H         SYMBOL        KeyValue
  -------         ENDDO         
  C:35C0H         LINE#         27
  C:35C0H         LINE#         28
BL51 BANKED LINKER/LOCATER V6.22                                                      02/25/2019  09:49:59  PAGE 23


  C:35C0H         LINE#         33
  C:35C3H         LINE#         36
  C:35C6H         LINE#         38
  C:35CEH         LINE#         39
  C:35D5H         LINE#         40
  C:35D5H         LINE#         42
  C:35DAH         LINE#         43
  C:35E1H         LINE#         44
  C:35E1H         LINE#         47
  C:35E4H         LINE#         48
  C:35E7H         LINE#         49
  C:35ECH         LINE#         50
  C:35F0H         LINE#         51
  C:35F0H         LINE#         52
  C:35F8H         LINE#         53
  C:35F8H         LINE#         54
  C:35FBH         LINE#         55
  C:3603H         LINE#         56
  C:3605H         LINE#         58
  C:3619H         LINE#         59
  C:3619H         LINE#         60
  C:3619H         LINE#         61
  C:3619H         LINE#         62
  C:361FH         LINE#         64
  C:3621H         LINE#         65
  C:3621H         LINE#         66
  C:3621H         LINE#         67
  C:3627H         LINE#         69
  C:3629H         LINE#         70
  C:3629H         LINE#         71
  C:3629H         LINE#         72
  C:362FH         LINE#         74
  C:3631H         LINE#         75
  C:3631H         LINE#         76
  C:3631H         LINE#         77
  C:3637H         LINE#         79
  C:3637H         LINE#         80
  C:3637H         LINE#         81
  C:3637H         LINE#         84
  C:363AH         LINE#         85
  C:363DH         LINE#         86
  C:3645H         LINE#         87
  C:3649H         LINE#         88
  C:3649H         LINE#         89
  C:3651H         LINE#         90
  C:3651H         LINE#         91
  C:3654H         LINE#         92
  C:365CH         LINE#         93
  C:365EH         LINE#         94
  C:3672H         LINE#         95
  C:3672H         LINE#         96
  C:3672H         LINE#         97
  C:3672H         LINE#         98
  C:3678H         LINE#         100
  C:367AH         LINE#         101
  C:367AH         LINE#         102
  C:367AH         LINE#         103
BL51 BANKED LINKER/LOCATER V6.22                                                      02/25/2019  09:49:59  PAGE 24


  C:3680H         LINE#         105
  C:3682H         LINE#         106
  C:3682H         LINE#         107
  C:3682H         LINE#         108
  C:3688H         LINE#         110
  C:368AH         LINE#         111
  C:368AH         LINE#         112
  C:368AH         LINE#         113
  C:368FH         LINE#         115
  C:368FH         LINE#         116
  C:368FH         LINE#         117
  C:368FH         LINE#         120
  C:3692H         LINE#         121
  C:3695H         LINE#         122
  C:369DH         LINE#         123
  C:36A1H         LINE#         124
  C:36A1H         LINE#         125
  C:36A9H         LINE#         126
  C:36A9H         LINE#         127
  C:36ACH         LINE#         128
  C:36B4H         LINE#         129
  C:36B6H         LINE#         130
  C:36CAH         LINE#         131
  C:36CAH         LINE#         132
  C:36CAH         LINE#         133
  C:36CAH         LINE#         134
  C:36D0H         LINE#         136
  C:36D2H         LINE#         137
  C:36D2H         LINE#         138
  C:36D2H         LINE#         139
  C:36D8H         LINE#         141
  C:36DAH         LINE#         142
  C:36DAH         LINE#         143
  C:36DAH         LINE#         144
  C:36E0H         LINE#         146
  C:36E2H         LINE#         147
  C:36E2H         LINE#         148
  C:36E2H         LINE#         149
  C:36E8H         LINE#         151
  C:36E8H         LINE#         152
  C:36E8H         LINE#         153
  C:36E8H         LINE#         157
  C:36EBH         LINE#         158
  C:36EEH         LINE#         159
  C:36F6H         LINE#         160
  C:36FAH         LINE#         161
  C:36FAH         LINE#         162
  C:3702H         LINE#         163
  C:3702H         LINE#         164
  C:3705H         LINE#         165
  C:370DH         LINE#         166
  C:370FH         LINE#         167
  C:3723H         LINE#         168
  C:3723H         LINE#         169
  C:3723H         LINE#         170
  C:3723H         LINE#         171
  C:3729H         LINE#         173
BL51 BANKED LINKER/LOCATER V6.22                                                      02/25/2019  09:49:59  PAGE 25


  C:372BH         LINE#         174
  C:372BH         LINE#         175
  C:372BH         LINE#         176
  C:3731H         LINE#         178
  C:3733H         LINE#         179
  C:3733H         LINE#         180
  C:3733H         LINE#         181
  C:3739H         LINE#         183
  C:373BH         LINE#         184
  C:373BH         LINE#         185
  C:373BH         LINE#         186
  C:3741H         LINE#         188
  C:3741H         LINE#         189
  C:3741H         LINE#         190
  C:3741H         LINE#         192
  C:3747H         LINE#         193
  C:3747H         LINE#         195
  C:3747H         LINE#         196
  C:374AH         LINE#         197
  C:374AH         LINE#         198
  C:374AH         LINE#         200
  C:374AH         LINE#         201
  C:374CH         LINE#         202
  C:374CH         LINE#         203
  -------         ENDPROC       KEY_SCAN
  -------         PROC          KEY_PROCESS
  -------         DO            
  X:061AH         SYMBOL        KeyCount
  X:061CH         SYMBOL        KeyNum_Old
  X:061DH         SYMBOL        KeyNum
  X:061EH         SYMBOL        PressedKey
  X:03BFH         SYMBOL        d
  D:0004H         SYMBOL        hours
  D:0006H         SYMBOL        mins
  X:03C1H         SYMBOL        months
  X:03C3H         SYMBOL        days
  -------         ENDDO         
  C:314FH         LINE#         204
  C:314FH         LINE#         205
  C:314FH         LINE#         209
  C:3157H         LINE#         210
  C:315FH         LINE#         212
  C:3162H         LINE#         213
  C:3162H         LINE#         214
  C:3165H         LINE#         216
  C:3165H         LINE#         217
  C:3172H         LINE#         218
  C:3172H         LINE#         219
  C:3175H         LINE#         220
  C:3178H         LINE#         222
  C:317BH         LINE#         224
  C:317BH         LINE#         225
  C:3186H         LINE#         226
  C:3186H         LINE#         227
  C:3189H         LINE#         229
  C:3189H         LINE#         230
  C:3190H         LINE#         231
BL51 BANKED LINKER/LOCATER V6.22                                                      02/25/2019  09:49:59  PAGE 26


  C:3190H         LINE#         232
  C:3193H         LINE#         234
  C:3193H         LINE#         235
  C:319BH         LINE#         236
  C:319BH         LINE#         237
  C:31A5H         LINE#         238
  C:31ADH         LINE#         240
  C:31B6H         LINE#         242
  C:31B6H         LINE#         251
  C:31CBH         LINE#         252
  C:31CBH         LINE#         253
  C:31DDH         LINE#         254
  C:31EBH         LINE#         255
  C:31FAH         LINE#         256
  C:31FAH         LINE#         258
  C:3200H         LINE#         262
  C:3216H         LINE#         263
  C:3227H         LINE#         264
  C:3242H         LINE#         265
  C:3242H         LINE#         266
  C:3252H         LINE#         267
  C:3263H         LINE#         268
  C:3263H         LINE#         272
  C:327CH         LINE#         273
  C:3293H         LINE#         274
  C:32B3H         LINE#         275
  C:32B3H         LINE#         276
  C:32BDH         LINE#         277
  C:32BDH         LINE#         278
  C:32C6H         LINE#         279
  C:32C6H         LINE#         280
  C:32DAH         LINE#         281
  C:32DAH         LINE#         282
  C:32DAH         LINE#         283
  C:32DAH         LINE#         284
  C:32DAH         LINE#         285
  C:32DCH         LINE#         287
  C:32DCH         LINE#         288
  C:32E8H         LINE#         289
  C:32E8H         LINE#         290
  C:32F9H         LINE#         291
  C:32F9H         LINE#         292
  C:32F9H         LINE#         293
  C:32F9H         LINE#         294
  C:32F9H         LINE#         296
  C:32FBH         LINE#         298
  C:32FBH         LINE#         299
  C:330CH         LINE#         300
  C:330CH         LINE#         301
  C:330CH         LINE#         302
  C:330CH         LINE#         303
  C:330CH         LINE#         305
  C:330CH         LINE#         307
  C:330CH         LINE#         308
  C:330EH         LINE#         310
  C:330EH         LINE#         311
  C:3321H         LINE#         312
BL51 BANKED LINKER/LOCATER V6.22                                                      02/25/2019  09:49:59  PAGE 27


  C:3321H         LINE#         313
  C:3332H         LINE#         314
  C:3332H         LINE#         315
  C:3332H         LINE#         316
  C:3332H         LINE#         317
  C:3332H         LINE#         318
  C:3334H         LINE#         320
  C:3334H         LINE#         321
  C:3345H         LINE#         322
  C:3345H         LINE#         323
  C:3356H         LINE#         324
  C:3367H         LINE#         325
  C:3367H         LINE#         326
  C:3367H         LINE#         327
  C:3367H         LINE#         328
  C:3367H         LINE#         329
  C:336AH         LINE#         330
  C:336FH         LINE#         331
  C:3374H         LINE#         332
  C:3379H         LINE#         333
  C:337EH         LINE#         334
  C:3383H         LINE#         335
  C:3388H         LINE#         336
  C:338DH         LINE#         337
  C:338DH         LINE#         339
  C:33AFH         LINE#         340
  C:33AFH         LINE#         341
  C:33B9H         LINE#         342
  C:33B9H         LINE#         343
  C:33BEH         LINE#         344
  C:33C7H         LINE#         345
  C:33DEH         LINE#         346
  C:33DEH         LINE#         347
  C:33EEH         LINE#         349
  C:33EEH         LINE#         353
  -------         ENDPROC       KEY_PROCESS
  -------         PROC          KEYPAD_IO_INIT
  C:4D16H         LINE#         356
  C:4D16H         LINE#         357
  C:4D16H         LINE#         358
  C:4D19H         LINE#         359
  C:4D1CH         LINE#         360
  C:4D1FH         LINE#         361
  C:4D21H         LINE#         362
  -------         ENDPROC       KEYPAD_IO_INIT
  -------         ENDMOD        KEYPAD

  -------         MODULE        BIPOLARMOTOR
  C:0000H         SYMBOL        _ICE_DUMMY_
  D:0080H         PUBLIC        P0
  D:0090H         PUBLIC        P1
  X:0000H         PUBLIC        RX_pos_test
  D:00A0H         PUBLIC        P2
  D:00B0H         PUBLIC        P3
  D:00C0H         PUBLIC        P4
  D:00C8H         PUBLIC        P5
  D:00E8H         PUBLIC        P6
BL51 BANKED LINKER/LOCATER V6.22                                                      02/25/2019  09:49:59  PAGE 28


  D:00F8H         PUBLIC        P7
  X:00A0H         PUBLIC        low_date_azimuth_mapping
  D:00A8H         PUBLIC        IE
  C:4088H         PUBLIC        linear_interpolate
  C:4AEAH         PUBLIC        _Move
  D:00B8H         PUBLIC        IP
  C:3422H         PUBLIC        _findDet3x3
  C:2E8FH         PUBLIC        _findDet4x4
  D:00D8H         PUBLIC        CCON
  X:00C8H         PUBLIC        previous_move_time
  D:0098H         PUBLIC        SCON
  D:0088H         PUBLIC        TCON
  C:4D52H         PUBLIC        wait
  C:49BAH         PUBLIC        _Step_move
  X:00C9H         PUBLIC        dat
  C:0B3CH         PUBLIC        _Update_position
  C:48A2H         PUBLIC        vOneStepMove
  X:00CFH         PUBLIC        elevation_stamp
  X:010BH         PUBLIC        date_azimuth_mapping
  X:0133H         PUBLIC        RX_pos
  C:4C01H         PUBLIC        _BCDtoDec1
  X:038BH         PUBLIC        degree
  D:00D0H         PUBLIC        PSW
  -------         PROC          L?0062
  -------         ENDPROC       L?0062
  -------         PROC          _BCDTODEC1
  D:0007H         SYMBOL        bcd
  -------         DO            
  D:0006H         SYMBOL        hi
  D:0007H         SYMBOL        lo
  -------         ENDDO         
  C:4C01H         LINE#         28
  C:4C01H         LINE#         29
  C:4C01H         LINE#         31
  C:4C06H         LINE#         32
  C:4C0AH         LINE#         33
  C:4C11H         LINE#         34
  -------         ENDPROC       _BCDTODEC1
  -------         PROC          WAIT
  C:4D52H         LINE#         36
  C:4D52H         LINE#         38
  -------         ENDPROC       WAIT
  -------         PROC          VONESTEPMOVE
  B:0020H.7       SYMBOL        bDir
  C:48A2H         LINE#         40
  C:48A2H         LINE#         41
  C:48A2H         LINE#         43
  C:48A8H         LINE#         44
  C:48A8H         LINE#         45
  C:48ABH         LINE#         46
  C:48B4H         LINE#         47
  C:48BBH         LINE#         48
  C:48C0H         LINE#         49
  C:48C0H         LINE#         50
  C:48C0H         LINE#         52
  C:48C2H         LINE#         55
  C:48C2H         LINE#         56
BL51 BANKED LINKER/LOCATER V6.22                                                      02/25/2019  09:49:59  PAGE 29


  C:48C5H         LINE#         57
  C:48CEH         LINE#         58
  C:48D5H         LINE#         59
  C:48DBH         LINE#         60
  C:48E4H         LINE#         61
  C:48EBH         LINE#         62
  C:48EBH         LINE#         66
  -------         ENDPROC       VONESTEPMOVE
  -------         PROC          _STEP_MOVE
  X:047DH         SYMBOL        step
  B:0020H.6       SYMBOL        dir
  -------         DO            
  X:047FH         SYMBOL        i
  -------         ENDDO         
  C:49BAH         LINE#         68
  C:49C2H         LINE#         69
  C:49C2H         LINE#         71
  C:49C7H         LINE#         74
  C:49E2H         LINE#         75
  C:49E2H         LINE#         76
  C:49E9H         LINE#         78
  C:49F9H         LINE#         80
  -------         ENDPROC       _STEP_MOVE
  -------         PROC          _MOVE
  X:0479H         SYMBOL        distance
  B:0020H.5       SYMBOL        direction
  -------         DO            
  D:0006H         SYMBOL        step
  -------         ENDDO         
  C:4AEAH         LINE#         82
  C:4AF0H         LINE#         83
  C:4AF0H         LINE#         86
  C:4B0BH         LINE#         87
  -------         ENDPROC       _MOVE
  C:3403H         SYMBOL        L?0058
  C:3417H         SYMBOL        L?0059
  -------         PROC          L?0057
  -------         ENDPROC       L?0057
  C:3403H         SYMBOL        L?0058
  C:3417H         SYMBOL        L?0059
  -------         PROC          _FINDDET3X3
  X:05F6H         SYMBOL        a11
  X:05FAH         SYMBOL        a12
  X:05FEH         SYMBOL        a13
  X:0602H         SYMBOL        a21
  X:0606H         SYMBOL        a22
  X:060AH         SYMBOL        a23
  X:060EH         SYMBOL        a31
  X:0612H         SYMBOL        a32
  X:0616H         SYMBOL        a33
  C:3422H         LINE#         91
  C:3428H         LINE#         95
  C:3428H         LINE#         96
  C:35BFH         LINE#         98
  -------         ENDPROC       _FINDDET3X3
  -------         PROC          _FINDDET4X4
  X:05B6H         SYMBOL        a11
BL51 BANKED LINKER/LOCATER V6.22                                                      02/25/2019  09:49:59  PAGE 30


  X:05BAH         SYMBOL        a12
  X:05BEH         SYMBOL        a13
  X:05C2H         SYMBOL        a14
  X:05C6H         SYMBOL        a21
  X:05CAH         SYMBOL        a22
  X:05CEH         SYMBOL        a23
  X:05D2H         SYMBOL        a24
  X:05D6H         SYMBOL        a31
  X:05DAH         SYMBOL        a32
  X:05DEH         SYMBOL        a33
  X:05E2H         SYMBOL        a34
  X:05E6H         SYMBOL        a41
  X:05EAH         SYMBOL        a42
  X:05EEH         SYMBOL        a43
  X:05F2H         SYMBOL        a44
  C:2E8FH         LINE#         99
  C:2E95H         LINE#         103
  C:2E95H         LINE#         110
  C:314EH         LINE#         114
  -------         ENDPROC       _FINDDET4X4
  C:4077H         SYMBOL        L?0061
  -------         PROC          L?0060
  -------         ENDPROC       L?0060
  C:4077H         SYMBOL        L?0061
  -------         PROC          LINEAR_INTERPOLATE
  X:0479H         SYMBOL        p1
  X:0481H         SYMBOL        p2
  X:0489H         SYMBOL        x
  -------         DO            
  D:0004H         SYMBOL        fx
  -------         ENDDO         
  C:4088H         LINE#         120
  C:4088H         LINE#         121
  C:4088H         LINE#         124
  C:4127H         LINE#         126
  C:4127H         LINE#         127
  -------         ENDPROC       LINEAR_INTERPOLATE
  -------         PROC          _UPDATE_POSITION
  D:0001H         SYMBOL        mnths
  D:0002H         SYMBOL        dys
  X:03DCH         SYMBOL        hurs
  X:03DDH         SYMBOL        mns
  X:03DEH         SYMBOL        sconds
  X:03DFH         SYMBOL        currnt_pos
  X:03E2H         SYMBOL        offset_calib
  -------         DO            
  X:03E6H         SYMBOL        date
  X:03E8H         SYMBOL        i
  X:03EAH         SYMBOL        yy
  X:03ECH         SYMBOL        desired_distance
  X:03F0H         SYMBOL        distance
  X:03F4H         SYMBOL        JP_pos
  X:03F8H         SYMBOL        pos_interpolate_azimuth
  X:0434H         SYMBOL        current_local_sun_time
  X:0438H         SYMBOL        azimuth
  X:043CH         SYMBOL        elevation
  X:0440H         SYMBOL        time_offset
BL51 BANKED LINKER/LOCATER V6.22                                                      02/25/2019  09:49:59  PAGE 31


  X:0444H         SYMBOL        UTC_time
  X:0448H         SYMBOL        declination
  X:044CH         SYMBOL        p1
  X:0454H         SYMBOL        p2
  X:045CH         SYMBOL        time
  X:046EH         SYMBOL        location
  X:0476H         SYMBOL        sunCoord
  -------         ENDDO         
  C:0B3CH         LINE#         131
  C:0B45H         LINE#         134
  C:0B45H         LINE#         135
  C:0B50H         LINE#         137
  C:0B6CH         LINE#         138
  C:0B76H         LINE#         146
  C:0B80H         LINE#         147
  C:0B8AH         LINE#         148
  C:0B94H         LINE#         149
  C:0B9FH         LINE#         150
  C:0BAAH         LINE#         151
  C:0BC3H         LINE#         152
  C:0BD4H         LINE#         153
  C:0BE3H         LINE#         156
  C:0BF7H         LINE#         160
  C:0C49H         LINE#         161
  C:0DADH         LINE#         162
  C:0DFDH         LINE#         164
  C:0F25H         LINE#         166
  C:0FF4H         LINE#         173
  C:103BH         LINE#         174
  C:103BH         LINE#         176
  C:1055H         LINE#         177
  C:1055H         LINE#         178
  C:10C5H         LINE#         179
  C:10C5H         LINE#         180
  C:10CCH         LINE#         181
  C:10CCH         LINE#         182
  C:10F9H         LINE#         183
  C:1114H         LINE#         185
  C:115BH         LINE#         186
  C:118FH         LINE#         188
  C:11D5H         LINE#         189
  C:11F8H         LINE#         191
  C:11F8H         LINE#         193
  C:126EH         LINE#         194
  C:126EH         LINE#         195
  C:1275H         LINE#         196
  C:1275H         LINE#         197
  C:12A2H         LINE#         198
  C:12BDH         LINE#         200
  C:1304H         LINE#         201
  C:1338H         LINE#         203
  C:137EH         LINE#         204
  C:139EH         LINE#         206
  C:139EH         LINE#         207
  C:13AFH         LINE#         210
  C:13C9H         LINE#         211
  C:13C9H         LINE#         212
BL51 BANKED LINKER/LOCATER V6.22                                                      02/25/2019  09:49:59  PAGE 32


  C:1439H         LINE#         213
  C:1439H         LINE#         214
  C:1466H         LINE#         215
  C:1481H         LINE#         217
  C:14AEH         LINE#         218
  C:14C9H         LINE#         220
  C:14FBH         LINE#         223
  C:14FBH         LINE#         225
  C:150CH         LINE#         227
  C:153BH         LINE#         229
  C:1560H         LINE#         230
  C:15C5H         LINE#         231
  C:15C5H         LINE#         232
  C:15DFH         LINE#         233
  C:15F1H         LINE#         234
  C:1609H         LINE#         235
  C:161FH         LINE#         237
  C:163BH         LINE#         238
  C:163BH         LINE#         239
  C:163BH         LINE#         242
  -------         ENDPROC       _UPDATE_POSITION
  -------         ENDMOD        BIPOLARMOTOR

  -------         MODULE        SUNPOS
  C:0000H         SYMBOL        _ICE_DUMMY_
  C:1FF2H         PUBLIC        sunpos
  -------         PROC          SUNPOS
  X:0479H         SYMBOL        udtTime
  X:048BH         SYMBOL        udtLocation
  X:0493H         SYMBOL        udtSunCoordinates
  -------         DO            
  X:0496H         SYMBOL        dElapsedJulianDays
  X:049AH         SYMBOL        dDecimalHours
  X:049EH         SYMBOL        dEclipticLongitude
  X:04A2H         SYMBOL        dEclipticObliquity
  X:04A6H         SYMBOL        dRightAscension
  X:04AAH         SYMBOL        dDeclination
  X:04AEH         SYMBOL        dY
  X:04B2H         SYMBOL        dX
  -------         DO            
  X:04B6H         SYMBOL        dJulianDate
  X:04BAH         SYMBOL        liAux1
  X:04BEH         SYMBOL        liAux2
  X:04B6H         SYMBOL        dMeanLongitude
  X:04BAH         SYMBOL        dMeanAnomaly
  X:04BEH         SYMBOL        dOmega
  X:04B6H         SYMBOL        dSin_EclipticLongitude
  X:04B6H         SYMBOL        dGreenwichMeanSiderealTime
  X:04BAH         SYMBOL        dLocalMeanSiderealTime
  X:04BEH         SYMBOL        dLatitudeInRadians
  X:04C2H         SYMBOL        dHourAngle
  X:04C6H         SYMBOL        dCos_Latitude
  X:04CAH         SYMBOL        dSin_Latitude
  X:04CEH         SYMBOL        dCos_HourAngle
  X:04D2H         SYMBOL        dParallax
  -------         ENDDO         
  -------         DO            
BL51 BANKED LINKER/LOCATER V6.22                                                      02/25/2019  09:49:59  PAGE 33


  X:04B6H         SYMBOL        dMeanLongitude
  X:04BAH         SYMBOL        dMeanAnomaly
  X:04BEH         SYMBOL        dOmega
  X:04B6H         SYMBOL        dSin_EclipticLongitude
  X:04B6H         SYMBOL        dGreenwichMeanSiderealTime
  X:04BAH         SYMBOL        dLocalMeanSiderealTime
  X:04BEH         SYMBOL        dLatitudeInRadians
  X:04C2H         SYMBOL        dHourAngle
  X:04C6H         SYMBOL        dCos_Latitude
  X:04CAH         SYMBOL        dSin_Latitude
  X:04CEH         SYMBOL        dCos_HourAngle
  X:04D2H         SYMBOL        dParallax
  -------         ENDDO         
  -------         DO            
  X:04B6H         SYMBOL        dSin_EclipticLongitude
  X:04B6H         SYMBOL        dGreenwichMeanSiderealTime
  X:04BAH         SYMBOL        dLocalMeanSiderealTime
  X:04BEH         SYMBOL        dLatitudeInRadians
  X:04C2H         SYMBOL        dHourAngle
  X:04C6H         SYMBOL        dCos_Latitude
  X:04CAH         SYMBOL        dSin_Latitude
  X:04CEH         SYMBOL        dCos_HourAngle
  X:04D2H         SYMBOL        dParallax
  -------         ENDDO         
  -------         DO            
  X:04B6H         SYMBOL        dGreenwichMeanSiderealTime
  X:04BAH         SYMBOL        dLocalMeanSiderealTime
  X:04BEH         SYMBOL        dLatitudeInRadians
  X:04C2H         SYMBOL        dHourAngle
  X:04C6H         SYMBOL        dCos_Latitude
  X:04CAH         SYMBOL        dSin_Latitude
  X:04CEH         SYMBOL        dCos_HourAngle
  X:04D2H         SYMBOL        dParallax
  -------         ENDDO         
  -------         ENDDO         
  C:1FF2H         LINE#         6
  C:1FF2H         LINE#         7
  C:1FF2H         LINE#         9
  C:1FF2H         LINE#         27
  C:203CH         LINE#         30
  C:205DH         LINE#         31
  C:21A4H         LINE#         34
  C:21F0H         LINE#         36
  C:220FH         LINE#         37
  C:220FH         LINE#         42
  C:220FH         LINE#         46
  C:2241H         LINE#         47
  C:226BH         LINE#         48
  C:2295H         LINE#         49
  C:2342H         LINE#         52
  C:23A3H         LINE#         54
  C:23A3H         LINE#         59
  C:23A3H         LINE#         61
  C:23BAH         LINE#         62
  C:23E2H         LINE#         63
  C:23F9H         LINE#         64
  C:2424H         LINE#         65
BL51 BANKED LINKER/LOCATER V6.22                                                      02/25/2019  09:49:59  PAGE 34


  C:245BH         LINE#         66
  C:2486H         LINE#         67
  C:2486H         LINE#         70
  C:2486H         LINE#         79
  C:24C1H         LINE#         82
  C:24FBH         LINE#         84
  C:2520H         LINE#         85
  C:253FH         LINE#         86
  C:2556H         LINE#         87
  C:256DH         LINE#         88
  C:2584H         LINE#         89
  C:260DH         LINE#         91
  C:2627H         LINE#         92
  C:2689H         LINE#         93
  C:26BFH         LINE#         94
  C:26D1H         LINE#         95
  C:26FEH         LINE#         96
  C:272BH         LINE#         98
  C:274DH         LINE#         100
  C:2785H         LINE#         103
  C:2785H         LINE#         104
  C:2793H         LINE#         105
  -------         ENDPROC       SUNPOS
  -------         ENDMOD        SUNPOS

  -------         MODULE        ADC
  C:0000H         SYMBOL        _ICE_DUMMY_
  D:0092H         PUBLIC        P1M0
  D:0091H         PUBLIC        P1M1
  D:0080H         PUBLIC        P0
  D:0090H         PUBLIC        P1
  D:00A0H         PUBLIC        P2
  D:00B0H         PUBLIC        P3
  D:00C0H         PUBLIC        P4
  D:00C8H         PUBLIC        P5
  D:00E8H         PUBLIC        P6
  D:00F8H         PUBLIC        P7
  D:00A8H         PUBLIC        IE
  D:00BDH         PUBLIC        ADC_RES
  D:00B8H         PUBLIC        IP
  D:0097H         PUBLIC        CLK_DIV
  D:00D8H         PUBLIC        CCON
  D:00BCH         PUBLIC        ADC_CONTR
  D:0098H         PUBLIC        SCON
  D:0088H         PUBLIC        TCON
  B:00A0H.4       PUBLIC        P24
  B:00A0H.5       PUBLIC        P25
  B:00A0H.6       PUBLIC        P26
[...]
  C:3DEEH         LINE#         103
  C:3DEEH         LINE#         104
  C:3DEEH         LINE#         105
  C:3DF1H         LINE#         106
  C:3DF5H         LINE#         109
  C:3E14H         LINE#         111
  C:3E1BH         LINE#         112
  C:3E1BH         LINE#         113
  C:3E1DH         LINE#         114
  C:3E20H         LINE#         115
  C:3E39H         LINE#         116
  C:3E39H         LINE#         117
  C:3E3BH         LINE#         118
  C:3E3DH         LINE#         120
  C:3E3DH         LINE#         121
  C:3E3FH         LINE#         123
  C:3E3FH         LINE#         124
  C:3E3FH         LINE#         125
  C:3E3FH         LINE#         126
  C:3E42H         LINE#         127
  C:3E5BH         LINE#         129
  C:3E7AH         LINE#         131
  C:3E81H         LINE#         132
  C:3E81H         LINE#         133
  C:3E83H         LINE#         134
  C:3E86H         LINE#         135
  C:3E8DH         LINE#         136
  C:3E8DH         LINE#         137
  C:3E8FH         LINE#         138
  C:3E91H         LINE#         140
  C:3E91H         LINE#         141
  C:3E93H         LINE#         143
  C:3E93H         LINE#         144
  C:3E93H         LINE#         145
  C:3E93H         LINE#         146
  C:3E96H         LINE#         147
  C:3E9DH         LINE#         149
  C:3EBCH         LINE#         151
  C:3EBEH         LINE#         152
  -------         ENDPROC       _AT25SF041_WRITE
BL51 BANKED LINKER/LOCATER V6.22                                                      02/25/2019  09:49:59  PAGE 45


  -------         PROC          _AT25SF041_READ
  D:0003H         SYMBOL        opcode
  X:0624H         SYMBOL        addr
  -------         DO            
  X:0628H         SYMBOL        dat
  X:0629H         SYMBOL        i
  -------         ENDDO         
  C:3CC4H         LINE#         156
  C:3CC6H         LINE#         157
  C:3CC6H         LINE#         158
  C:3CCBH         LINE#         160
  C:3CCDH         LINE#         161
  C:3CD3H         LINE#         165
  C:3CD8H         LINE#         166
  C:3CD8H         LINE#         167
  C:3CDAH         LINE#         168
  C:3CDDH         LINE#         169
  C:3CE1H         LINE#         170
  C:3CE1H         LINE#         171
  C:3CE3H         LINE#         172
  C:3CE5H         LINE#         174
  C:3CE5H         LINE#         175
  C:3CE7H         LINE#         177
  C:3CE7H         LINE#         178
  C:3CE7H         LINE#         179
  C:3CE7H         LINE#         180
  C:3CEAH         LINE#         181
  C:3CEEH         LINE#         184
  C:3D0DH         LINE#         186
  C:3D14H         LINE#         187
  C:3D14H         LINE#         188
  C:3D16H         LINE#         189
  C:3D19H         LINE#         190
  C:3D32H         LINE#         191
  C:3D32H         LINE#         192
  C:3D34H         LINE#         193
  C:3D36H         LINE#         195
  C:3D36H         LINE#         196
  C:3D38H         LINE#         198
  C:3D38H         LINE#         199
  C:3D38H         LINE#         200
  C:3D38H         LINE#         201
  C:3D3BH         LINE#         202
  C:3D54H         LINE#         204
  C:3D73H         LINE#         207
  C:3D7AH         LINE#         209
  C:3D7CH         LINE#         210
  C:3D83H         LINE#         212
  C:3D8AH         LINE#         213
  C:3D8AH         LINE#         214
  C:3D91H         LINE#         215
  C:3D91H         LINE#         216
  C:3D94H         LINE#         217
  C:3D96H         LINE#         218
  C:3D99H         LINE#         220
  C:3D9CH         LINE#         221
  C:3D9CH         LINE#         223
BL51 BANKED LINKER/LOCATER V6.22                                                      02/25/2019  09:49:59  PAGE 46


  C:3DA0H         LINE#         224
  C:3DA0H         LINE#         230
  C:3DBFH         LINE#         233
  C:3DC1H         LINE#         234
  C:3DC4H         LINE#         235
  C:3DC9H         LINE#         237
  -------         ENDPROC       _AT25SF041_READ
  -------         PROC          READ_STATUS_REGISTER_BYTE1
  -------         DO            
  D:0003H         SYMBOL        dat
  D:0001H         SYMBOL        opcode
  X:03CFH         SYMBOL        count
  X:03D0H         SYMBOL        i
  -------         ENDDO         
  C:433CH         LINE#         241
  C:433CH         LINE#         242
  C:433CH         LINE#         243
  C:4342H         LINE#         244
  C:4346H         LINE#         245
  C:4348H         LINE#         246
  C:434AH         LINE#         247
  C:4350H         LINE#         251
  C:4357H         LINE#         252
  C:4357H         LINE#         253
  C:4359H         LINE#         254
  C:435CH         LINE#         255
  C:4360H         LINE#         256
  C:4360H         LINE#         257
  C:4362H         LINE#         258
  C:4364H         LINE#         260
  C:4364H         LINE#         261
  C:4366H         LINE#         263
  C:4366H         LINE#         264
  C:4366H         LINE#         265
  C:4366H         LINE#         266
  C:4369H         LINE#         267
  C:436DH         LINE#         270
  C:438CH         LINE#         274
  C:4393H         LINE#         276
  C:4395H         LINE#         277
  C:439CH         LINE#         278
  C:43A3H         LINE#         279
  C:43A3H         LINE#         280
  C:43A7H         LINE#         281
  C:43A7H         LINE#         282
  C:43AAH         LINE#         283
  C:43ACH         LINE#         284
  C:43AFH         LINE#         286
  C:43B2H         LINE#         287
  C:43B2H         LINE#         289
  C:43B6H         LINE#         290
  C:43B6H         LINE#         292
  C:43D5H         LINE#         296
  C:43D7H         LINE#         297
  C:43DAH         LINE#         298
  C:43DCH         LINE#         299
  -------         ENDPROC       READ_STATUS_REGISTER_BYTE1
BL51 BANKED LINKER/LOCATER V6.22                                                      02/25/2019  09:49:59  PAGE 47


  -------         PROC          SPI_NOR_WRITE_DATA
  X:03BFH         SYMBOL        dat
  X:03CAH         SYMBOL        addr
  C:3FA0H         LINE#         301
  C:3FA0H         LINE#         302
  C:3FA0H         LINE#         303
  C:3FB9H         LINE#         304
  C:3FB9H         LINE#         305
  C:3FBCH         LINE#         307
  C:3FBFH         LINE#         308
  C:3FC6H         LINE#         309
  C:3FC6H         LINE#         310
  C:3FC9H         LINE#         312
  C:3FD9H         LINE#         314
  C:3FD9H         LINE#         315
  C:3FDCH         LINE#         317
  C:3FECH         LINE#         318
  C:3FECH         LINE#         321
  C:3FEFH         LINE#         323
  C:3FFFH         LINE#         324
  C:3FFFH         LINE#         326
  C:4002H         LINE#         328
  C:4012H         LINE#         329
  C:4012H         LINE#         331
  C:4015H         LINE#         333
  C:4025H         LINE#         334
  C:4025H         LINE#         336
  C:4028H         LINE#         338
  C:4038H         LINE#         339
  C:4038H         LINE#         340
  C:403BH         LINE#         342
  C:404BH         LINE#         343
  C:404BH         LINE#         345
  C:404EH         LINE#         347
  C:405EH         LINE#         348
  -------         ENDPROC       SPI_NOR_WRITE_DATA
  -------         ENDMOD        AT25SF041

  -------         MODULE        ?C_STARTUP
  C:45ABH         SEGMENT       ?C_C51STARTUP
  I:0022H         SEGMENT       ?STACK
  C:0000H         PUBLIC        ?C_STARTUP
  D:00E0H         SYMBOL        ACC
  D:00F0H         SYMBOL        B
  D:0083H         SYMBOL        DPH
  D:0082H         SYMBOL        DPL
  N:0000H         SYMBOL        IBPSTACK
  N:0100H         SYMBOL        IBPSTACKTOP
  N:0080H         SYMBOL        IDATALEN
  C:45AEH         SYMBOL        IDATALOOP
  N:0000H         SYMBOL        PBPSTACK
  N:0100H         SYMBOL        PBPSTACKTOP
  N:0000H         SYMBOL        PDATALEN
  N:0000H         SYMBOL        PDATASTART
  N:0000H         SYMBOL        PPAGE
  N:0000H         SYMBOL        PPAGEENABLE
  D:00A0H         SYMBOL        PPAGE_SFR
BL51 BANKED LINKER/LOCATER V6.22                                                      02/25/2019  09:49:59  PAGE 48


  D:0081H         SYMBOL        SP
  C:45ABH         SYMBOL        STARTUP1
  N:0000H         SYMBOL        XBPSTACK
  N:0000H         SYMBOL        XBPSTACKTOP
  N:0000H         SYMBOL        XDATALEN
  N:0000H         SYMBOL        XDATASTART
  C:0000H         LINE#         126
  C:45ABH         LINE#         133
  C:45ADH         LINE#         134
  C:45AEH         LINE#         135
  C:45AFH         LINE#         136
  C:45B1H         LINE#         185
  C:45B4H         LINE#         196
  -------         ENDMOD        ?C_STARTUP

  -------         MODULE        ?C?FPADD
  C:1643H         PUBLIC        ?C?FPADD
  C:163FH         PUBLIC        ?C?FPSUB
  -------         ENDMOD        ?C?FPADD

  -------         MODULE        ?C?FPMUL
  C:1734H         PUBLIC        ?C?FPMUL
  -------         ENDMOD        ?C?FPMUL

  -------         MODULE        ?C?FPDIV
  C:183DH         PUBLIC        ?C?FPDIV
  -------         ENDMOD        ?C?FPDIV

  -------         MODULE        ?C?FPCMP
  C:18DCH         PUBLIC        ?C?FPCMP
  C:18DAH         PUBLIC        ?C?FPCMP3
  -------         ENDMOD        ?C?FPCMP

  -------         MODULE        ?C?FPNEG
  C:1953H         PUBLIC        ?C?FPNEG
  -------         ENDMOD        ?C?FPNEG

  -------         MODULE        ?C?FCAST
  C:196EH         PUBLIC        ?C?FCASTC
  C:1969H         PUBLIC        ?C?FCASTI
  C:1964H         PUBLIC        ?C?FCASTL
  -------         ENDMOD        ?C?FCAST

  -------         MODULE        ?C?CASTF
  C:19A2H         PUBLIC        ?C?CASTF
  -------         ENDMOD        ?C?CASTF

  -------         MODULE        ATAN2
  X:04D6H         PUBLIC        ?_atan2?BYTE
  C:43DDH         PUBLIC        _atan2
  -------         ENDMOD        ATAN2

  -------         MODULE        SIN
  C:3795H         PUBLIC        _COS
  C:37ABH         PUBLIC        _SIN
  C:37E7H         PUBLIC        _TAN
  -------         ENDMOD        SIN
BL51 BANKED LINKER/LOCATER V6.22                                                      02/25/2019  09:49:59  PAGE 49



  -------         MODULE        ACOS
  C:48ECH         PUBLIC        _ACOS
  -------         ENDMOD        ACOS

  -------         MODULE        ASIN
  C:49FAH         PUBLIC        _ASIN
  -------         ENDMOD        ASIN

  -------         MODULE        SQRT
  C:4294H         PUBLIC        _SQRT
  -------         ENDMOD        SQRT

  -------         MODULE        ATAN
  C:3BC2H         PUBLIC        _ATAN
  -------         ENDMOD        ATAN

  -------         MODULE        ?C?COPY
  C:1B40H         PUBLIC        ?C?COPY
  -------         ENDMOD        ?C?COPY

  -------         MODULE        ?C?CLDPTR
  C:1B66H         PUBLIC        ?C?CLDPTR
  -------         ENDMOD        ?C?CLDPTR

  -------         MODULE        ?C?CLDOPTR
  C:1B7FH         PUBLIC        ?C?CLDOPTR
  -------         ENDMOD        ?C?CLDOPTR

  -------         MODULE        ?C?CSTPTR
  C:1BACH         PUBLIC        ?C?CSTPTR
  -------         ENDMOD        ?C?CSTPTR

  -------         MODULE        ?C?IMUL
  C:1BBEH         PUBLIC        ?C?IMUL
  -------         ENDMOD        ?C?IMUL

  -------         MODULE        ?C?UIDIV
  C:1BD0H         PUBLIC        ?C?UIDIV
  -------         ENDMOD        ?C?UIDIV

  -------         MODULE        ?C?SIDIV
  C:1C25H         PUBLIC        ?C?SIDIV
  -------         ENDMOD        ?C?SIDIV

  -------         MODULE        ?C?ILDIX
  C:1C5BH         PUBLIC        ?C?ILDIX
  -------         ENDMOD        ?C?ILDIX

  -------         MODULE        ?C?ILDOPTR
  C:1C71H         PUBLIC        ?C?ILDOPTR
  -------         ENDMOD        ?C?ILDOPTR

  -------         MODULE        ?C?ISTPTR
  C:1CA9H         PUBLIC        ?C?ISTPTR
  -------         ENDMOD        ?C?ISTPTR

BL51 BANKED LINKER/LOCATER V6.22                                                      02/25/2019  09:49:59  PAGE 50


  -------         MODULE        ?C?LMUL
  C:1CC8H         PUBLIC        ?C?LMUL
  -------         ENDMOD        ?C?LMUL

  -------         MODULE        ?C?SLDIV
  C:4936H         PUBLIC        ?C?SLDIV
  -------         ENDMOD        ?C?SLDIV

  -------         MODULE        ?C?LNEG
  C:1D17H         PUBLIC        ?C?LNEG
  -------         ENDMOD        ?C?LNEG

  -------         MODULE        ?C?ULCMP
  C:1D25H         PUBLIC        ?C?ULCMP
  -------         ENDMOD        ?C?ULCMP

  -------         MODULE        ?C?LSHL
  C:1D36H         PUBLIC        ?C?LSHL
  -------         ENDMOD        ?C?LSHL

  -------         MODULE        ?C?LLDPTR
  C:1D49H         PUBLIC        ?C?LLDPTR
  -------         ENDMOD        ?C?LLDPTR

  -------         MODULE        ?C?LLDOPTR
  C:1D69H         PUBLIC        ?C?LLDOPTR
  -------         ENDMOD        ?C?LLDOPTR

  -------         MODULE        ?C?LSTPTR
  C:1D99H         PUBLIC        ?C?LSTPTR
  -------         ENDMOD        ?C?LSTPTR

  -------         MODULE        ?C?LSTOPTR
  C:1DB3H         PUBLIC        ?C?LSTOPTR
  -------         ENDMOD        ?C?LSTOPTR

  -------         MODULE        ?C?LLDXDATA
  C:1DD7H         PUBLIC        ?C?LLDXDATA
  -------         ENDMOD        ?C?LLDXDATA

  -------         MODULE        ?C?LLDCODE
  C:1DE3H         PUBLIC        ?C?LLDCODE
  -------         ENDMOD        ?C?LLDCODE

  -------         MODULE        ?C?LLDXDATA0
  C:1DF3H         PUBLIC        ?C?LLDXDATA0
  -------         ENDMOD        ?C?LLDXDATA0

  -------         MODULE        ?C?LLDCODE0
  C:1DFFH         PUBLIC        ?C?LLDCODE0
  -------         ENDMOD        ?C?LLDCODE0

  -------         MODULE        ?C?LLDPTR0
  C:1E0FH         PUBLIC        ?C?LLDPTR0
  -------         ENDMOD        ?C?LLDPTR0

  -------         MODULE        ?C?LSTXDATA
BL51 BANKED LINKER/LOCATER V6.22                                                      02/25/2019  09:49:59  PAGE 51


  C:1E2FH         PUBLIC        ?C?LSTXDATA
  -------         ENDMOD        ?C?LSTXDATA

  -------         MODULE        ?C?LSTKXDATA
  C:1E3BH         PUBLIC        ?C?LSTKXDATA
  -------         ENDMOD        ?C?LSTKXDATA

  -------         MODULE        ?C?LSTKPTR
  C:1E6CH         PUBLIC        ?C?LSTKPTR
  -------         ENDMOD        ?C?LSTKPTR

  -------         MODULE        ?C?OFFXADD
  C:1E86H         PUBLIC        ?C?OFFXADD
  -------         ENDMOD        ?C?OFFXADD

  -------         MODULE        ABS
  C:4D22H         PUBLIC        _ABS
  -------         ENDMOD        ABS

  -------         MODULE        ATOI
  C:3EC5H         PUBLIC        _atoi
  -------         ENDMOD        ATOI

  -------         MODULE        ?C?IILDX
  C:1E92H         PUBLIC        ?C?IILDX
  -------         ENDMOD        ?C?IILDX

  -------         MODULE        ?C?ULDIV
  C:1EE4H         PUBLIC        ?C?ULDIV
  -------         ENDMOD        ?C?ULDIV

  -------         MODULE        ?C?LLDIDATA
  C:1F76H         PUBLIC        ?C?LLDIDATA
  -------         ENDMOD        ?C?LLDIDATA

  -------         MODULE        ?C?LLDPDATA
  C:1F82H         PUBLIC        ?C?LLDPDATA
  -------         ENDMOD        ?C?LLDPDATA

  -------         MODULE        ?C?LLDIDATA0
  C:1F8EH         PUBLIC        ?C?LLDIDATA0
  -------         ENDMOD        ?C?LLDIDATA0

  -------         MODULE        ?C?LLDPDATA0
  C:1F9BH         PUBLIC        ?C?LLDPDATA0
  -------         ENDMOD        ?C?LLDPDATA0

  -------         MODULE        ?C?LSTIDATA
  C:1FA8H         PUBLIC        ?C?LSTIDATA
  -------         ENDMOD        ?C?LSTIDATA

  -------         MODULE        ?C?LSTPDATA
  C:1FB4H         PUBLIC        ?C?LSTPDATA
  -------         ENDMOD        ?C?LSTPDATA

  -------         MODULE        ?C?LSTKIDATA
  C:1FC0H         PUBLIC        ?C?LSTKIDATA
BL51 BANKED LINKER/LOCATER V6.22                                                      02/25/2019  09:49:59  PAGE 52


  -------         ENDMOD        ?C?LSTKIDATA

  -------         MODULE        ?C?LSTKPDATA
  C:1FD9H         PUBLIC        ?C?LSTKPDATA
  -------         ENDMOD        ?C?LSTKPDATA

  -------         MODULE        ISDIGIT
  C:4CFAH         PUBLIC        _isdigit
  -------         ENDMOD        ISDIGIT

  -------         MODULE        ISSPACE
  C:4C95H         PUBLIC        _isspace
  -------         ENDMOD        ISSPACE

*** WARNING L16: UNCALLED SEGMENT, IGNORED FOR OVERLAY PROCESS
    SEGMENT: ?PR?_DISPLAY_PROX?MAIN

*** WARNING L16: UNCALLED SEGMENT, IGNORED FOR OVERLAY PROCESS
    SEGMENT: ?PR?_DAY_OF_YEAR?PCF85063BTL

*** WARNING L16: UNCALLED SEGMENT, IGNORED FOR OVERLAY PROCESS
    SEGMENT: ?PR?INITUART1?UART1

*** WARNING L16: UNCALLED SEGMENT, IGNORED FOR OVERLAY PROCESS
    SEGMENT: ?PR?_SENDSTRING?UART1

*** WARNING L16: UNCALLED SEGMENT, IGNORED FOR OVERLAY PROCESS
    SEGMENT: ?PR?_TEN?UART1

*** WARNING L16: UNCALLED SEGMENT, IGNORED FOR OVERLAY PROCESS
    SEGMENT: ?PR?_UNIT?UART1

*** WARNING L16: UNCALLED SEGMENT, IGNORED FOR OVERLAY PROCESS
    SEGMENT: ?PR?_DECTOBCD?UART1

*** WARNING L16: UNCALLED SEGMENT, IGNORED FOR OVERLAY PROCESS
    SEGMENT: ?PR?_ASCII_LETTER?UART1

*** WARNING L16: UNCALLED SEGMENT, IGNORED FOR OVERLAY PROCESS
    SEGMENT: ?PR?_ASCIITOBCD?UART1

*** WARNING L16: UNCALLED SEGMENT, IGNORED FOR OVERLAY PROCESS
    SEGMENT: ?PR?WAIT?BIPOLARMOTOR

*** WARNING L16: UNCALLED SEGMENT, IGNORED FOR OVERLAY PROCESS
    SEGMENT: ?PR?_FINDDET4X4?BIPOLARMOTOR

*** WARNING L16: UNCALLED SEGMENT, IGNORED FOR OVERLAY PROCESS
    SEGMENT: ?PR?NOP?IOEXPANDER_PI4IOE5V96248

*** WARNING L16: UNCALLED SEGMENT, IGNORED FOR OVERLAY PROCESS
    SEGMENT: ?PR?UC_ACK?IOEXPANDER_PI4IOE5V96248

*** WARNING L16: UNCALLED SEGMENT, IGNORED FOR OVERLAY PROCESS
    SEGMENT: ?PR?UC_NACK?IOEXPANDER_PI4IOE5V96248

*** WARNING L16: UNCALLED SEGMENT, IGNORED FOR OVERLAY PROCESS
BL51 BANKED LINKER/LOCATER V6.22                                                      02/25/2019  09:49:59  PAGE 53


    SEGMENT: ?PR?_AT25SF041_READ?AT25SF041

*** WARNING L1: UNRESOLVED EXTERNAL SYMBOL
    SYMBOL:  AUTO_MODE
    MODULE:  .\Obj\main.obj (MAIN)

*** WARNING L2: REFERENCE MADE TO UNRESOLVED EXTERNAL
    SYMBOL:  AUTO_MODE
    MODULE:  .\Obj\main.obj (MAIN)
    ADDRESS: 0045H

*** WARNING L2: REFERENCE MADE TO UNRESOLVED EXTERNAL
    SYMBOL:  AUTO_MODE
    MODULE:  .\Obj\main.obj (MAIN)
    ADDRESS: 01BAH

*** WARNING L2: REFERENCE MADE TO UNRESOLVED EXTERNAL
    SYMBOL:  AUTO_MODE
    MODULE:  .\Obj\main.obj (MAIN)
    ADDRESS: 01C8H

*** WARNING L2: REFERENCE MADE TO UNRESOLVED EXTERNAL
    SYMBOL:  AUTO_MODE
    MODULE:  .\Obj\main.obj (MAIN)
    ADDRESS: 01DAH

*** WARNING L2: REFERENCE MADE TO UNRESOLVED EXTERNAL
    SYMBOL:  AUTO_MODE
    MODULE:  .\Obj\main.obj (MAIN)
    ADDRESS: 021CH

*** WARNING L2: REFERENCE MADE TO UNRESOLVED EXTERNAL
    SYMBOL:  AUTO_MODE
    MODULE:  .\Obj\main.obj (MAIN)
    ADDRESS: 02EFH

*** WARNING L1: UNRESOLVED EXTERNAL SYMBOL
    SYMBOL:  _SENDUART1
    MODULE:  .\Obj\UART1.obj (UART1)

*** WARNING L2: REFERENCE MADE TO UNRESOLVED EXTERNAL
    SYMBOL:  _SENDUART1
    MODULE:  .\Obj\UART1.obj (UART1)
    ADDRESS: 4A63H

*** WARNING L1: UNRESOLVED EXTERNAL SYMBOL
    SYMBOL:  AUTO_MODE
    MODULE:  .\Obj\KeyPad.obj (KEYPAD)

*** WARNING L2: REFERENCE MADE TO UNRESOLVED EXTERNAL
    SYMBOL:  AUTO_MODE
    MODULE:  .\Obj\KeyPad.obj (KEYPAD)
    ADDRESS: 319CH

*** WARNING L2: REFERENCE MADE TO UNRESOLVED EXTERNAL
    SYMBOL:  AUTO_MODE
    MODULE:  .\Obj\KeyPad.obj (KEYPAD)
BL51 BANKED LINKER/LOCATER V6.22                                                      02/25/2019  09:49:59  PAGE 54


    ADDRESS: 31A7H

*** WARNING L2: REFERENCE MADE TO UNRESOLVED EXTERNAL
    SYMBOL:  AUTO_MODE
    MODULE:  .\Obj\KeyPad.obj (KEYPAD)
    ADDRESS: 31AEH

Program Size: data=10.2 xdata=1593 code=19796
LINK/LOCATE RUN COMPLETE.  28 WARNING(S),  0 ERROR(S)
