BL51 BANKED LINKER/LOCATER V6.22                                                        05/29/2019  11:10:33  PAGE 1


BL51 BANKED LINKER/LOCATER V6.22, INVOKED BY:
C:\KEIL_V5\C51\BIN\BL51.EXE .\Obj\main.obj, .\Obj\PCF85063BTL.obj, .\Obj\LCd_Driver_SPLC780D.obj, .\Obj\KeyPad.obj, .\Ob
>> j\BipolarMotor.obj, .\Obj\SunPos.obj, .\Obj\ADC.obj, .\Obj\Calibration.obj, .\Obj\IOExpander_PI4IOE5V96248.obj, .\Obj
>> \AT25SF041.obj, .\Obj\SI1120.obj, .\Obj\UART1.obj, .\Obj\STARTUP.obj TO .\Obj\GPIO_RTC_Test PRINT (.\Lis\GPIO_RTC_Tes
>> t.m51) RAMSIZE (256)


MEMORY MODEL: LARGE WITH FLOATING POINT ARITHMETIC


INPUT MODULES INCLUDED:
  .\Obj\main.obj (MAIN)
  .\Obj\PCF85063BTL.obj (PCF85063BTL)
  .\Obj\LCd_Driver_SPLC780D.obj (LCD_DRIVER_SPLC780D)
  .\Obj\KeyPad.obj (KEYPAD)
  .\Obj\BipolarMotor.obj (BIPOLARMOTOR)
  .\Obj\SunPos.obj (SUNPOS)
  .\Obj\ADC.obj (ADC)
  .\Obj\Calibration.obj (CALIBRATION)
  .\Obj\IOExpander_PI4IOE5V96248.obj (IOEXPANDER_PI4IOE5V96248)
  .\Obj\AT25SF041.obj (AT25SF041)
  .\Obj\SI1120.obj (SI1120)
  .\Obj\UART1.obj (UART1)
  .\Obj\STARTUP.obj (?C_STARTUP)
  C:\KEIL_V5\C51\LIB\C51FPL.LIB (?C?FPADD)
  C:\KEIL_V5\C51\LIB\C51FPL.LIB (?C?FPMUL)
  C:\KEIL_V5\C51\LIB\C51FPL.LIB (?C?FPDIV)
  C:\KEIL_V5\C51\LIB\C51FPL.LIB (?C?FPCMP)
  C:\KEIL_V5\C51\LIB\C51FPL.LIB (?C?FPNEG)
  C:\KEIL_V5\C51\LIB\C51FPL.LIB (?C?FCAST)
  C:\KEIL_V5\C51\LIB\C51FPL.LIB (?C?CASTF)
  C:\KEIL_V5\C51\LIB\C51FPL.LIB (ATAN2)
  C:\KEIL_V5\C51\LIB\C51FPL.LIB (SIN)
  C:\KEIL_V5\C51\LIB\C51FPL.LIB (ACOS)
  C:\KEIL_V5\C51\LIB\C51FPL.LIB (ASIN)
  C:\KEIL_V5\C51\LIB\C51FPL.LIB (POW)
  C:\KEIL_V5\C51\LIB\C51FPL.LIB (?C?FPGETOPN)
  C:\KEIL_V5\C51\LIB\C51FPL.LIB (?C?CHKFLOAT)
  C:\KEIL_V5\C51\LIB\C51FPL.LIB (?C?FPSERIES)
  C:\KEIL_V5\C51\LIB\C51FPL.LIB (EXP)
  C:\KEIL_V5\C51\LIB\C51FPL.LIB (LOG)
  C:\KEIL_V5\C51\LIB\C51FPL.LIB (SQRT)
  C:\KEIL_V5\C51\LIB\C51FPL.LIB (ATAN)
  C:\KEIL_V5\C51\LIB\C51L.LIB (?C_INIT)
  C:\KEIL_V5\C51\LIB\C51L.LIB (?C?COPY)
  C:\KEIL_V5\C51\LIB\C51L.LIB (?C?CLDPTR)
  C:\KEIL_V5\C51\LIB\C51L.LIB (?C?CLDOPTR)
  C:\KEIL_V5\C51\LIB\C51L.LIB (?C?CSTPTR)
  C:\KEIL_V5\C51\LIB\C51L.LIB (?C?IMUL)
  C:\KEIL_V5\C51\LIB\C51L.LIB (?C?UIDIV)
  C:\KEIL_V5\C51\LIB\C51L.LIB (?C?SIDIV)
  C:\KEIL_V5\C51\LIB\C51L.LIB (?C?ILDIX)
  C:\KEIL_V5\C51\LIB\C51L.LIB (?C?ILDOPTR)
  C:\KEIL_V5\C51\LIB\C51L.LIB (?C?ISTPTR)
  C:\KEIL_V5\C51\LIB\C51L.LIB (?C?LMUL)
  C:\KEIL_V5\C51\LIB\C51L.LIB (?C?SLDIV)
  C:\KEIL_V5\C51\LIB\C51L.LIB (?C?LNEG)
  C:\KEIL_V5\C51\LIB\C51L.LIB (?C?ULCMP)
BL51 BANKED LINKER/LOCATER V6.22                                                      05/29/2019  11:10:33  PAGE 2


  C:\KEIL_V5\C51\LIB\C51L.LIB (?C?LSHL)
  C:\KEIL_V5\C51\LIB\C51L.LIB (?C?LLDPTR)
  C:\KEIL_V5\C51\LIB\C51L.LIB (?C?LLDOPTR)
  C:\KEIL_V5\C51\LIB\C51L.LIB (?C?LSTPTR)
  C:\KEIL_V5\C51\LIB\C51L.LIB (?C?LSTOPTR)
  C:\KEIL_V5\C51\LIB\C51L.LIB (?C?LLDXDATA)
  C:\KEIL_V5\C51\LIB\C51L.LIB (?C?LLDCODE)
  C:\KEIL_V5\C51\LIB\C51L.LIB (?C?LLDXDATA0)
  C:\KEIL_V5\C51\LIB\C51L.LIB (?C?LLDCODE0)
  C:\KEIL_V5\C51\LIB\C51L.LIB (?C?LLDPTR0)
  C:\KEIL_V5\C51\LIB\C51L.LIB (?C?LSTXDATA)
  C:\KEIL_V5\C51\LIB\C51L.LIB (?C?LSTKXDATA)
  C:\KEIL_V5\C51\LIB\C51L.LIB (?C?LSTKPTR)
  C:\KEIL_V5\C51\LIB\C51L.LIB (?C?OFFXADD)
  C:\KEIL_V5\C51\LIB\C51L.LIB (ATOI)
  C:\KEIL_V5\C51\LIB\C51L.LIB (?C?IILDX)
  C:\KEIL_V5\C51\LIB\C51L.LIB (?C?ULDIV)
  C:\KEIL_V5\C51\LIB\C51L.LIB (?C?LLDIDATA)
  C:\KEIL_V5\C51\LIB\C51L.LIB (?C?LLDPDATA)
  C:\KEIL_V5\C51\LIB\C51L.LIB (?C?LLDIDATA0)
  C:\KEIL_V5\C51\LIB\C51L.LIB (?C?LLDPDATA0)
  C:\KEIL_V5\C51\LIB\C51L.LIB (?C?LSTIDATA)
  C:\KEIL_V5\C51\LIB\C51L.LIB (?C?LSTPDATA)
  C:\KEIL_V5\C51\LIB\C51L.LIB (?C?LSTKIDATA)
  C:\KEIL_V5\C51\LIB\C51L.LIB (?C?LSTKPDATA)
  C:\KEIL_V5\C51\LIB\C51L.LIB (ISDIGIT)
  C:\KEIL_V5\C51\LIB\C51L.LIB (ISSPACE)


LINK MAP OF MODULE:  .\Obj\GPIO_RTC_Test (MAIN)


            TYPE    BASE      LENGTH    RELOCATION   SEGMENT NAME
            -----------------------------------------------------

            * * * * * * *   D A T A   M E M O R Y   * * * * * * *
            REG     0000H     0008H     ABSOLUTE     "REG BANK 0"
                    0008H     0018H                  *** GAP ***
            BIT     0020H.0   0000H.4   UNIT         _BIT_GROUP_
            BIT     0020H.4   0000H.1   UNIT         ?BI?MAIN
            BIT     0020H.5   0000H.1   UNIT         ?BI?_ATOI?ATOI
                    0020H.6   0000H.2                *** GAP ***
            IDATA   0021H     0001H     UNIT         ?STACK

            * * * * * * *  X D A T A   M E M O R Y  * * * * * * *
            XDATA   0000H     03BCH     UNIT         ?XD?BIPOLARMOTOR
            XDATA   03BCH     0123H     UNIT         _XDATA_GROUP_
            XDATA   04DFH     0101H     UNIT         ?XD?MAIN
            XDATA   05E0H     0019H     UNIT         ?XD?KEYPAD
            XDATA   05F9H     0008H     UNIT         ?XD?_AT25SF041_READ?AT25SF041
            XDATA   0601H     0005H     UNIT         ?XD?_ATOI?ATOI
            XDATA   0606H     0001H     UNIT         ?XD?UC_ACK?IOEXPANDER_PI4IOE5V96248
            XDATA   0607H     0001H     UNIT         ?XD?UC_NACK?IOEXPANDER_PI4IOE5V96248

            * * * * * * *   C O D E   M E M O R Y   * * * * * * *
            CODE    0000H     0003H     ABSOLUTE     
            CODE    0003H     0003H     ABSOLUTE     
BL51 BANKED LINKER/LOCATER V6.22                                                      05/29/2019  11:10:33  PAGE 3


            CODE    0006H     0005H     UNIT         ?PR?_UNIT?UART1
            CODE    000BH     0003H     ABSOLUTE     
            CODE    000EH     000DH     UNIT         ?PR?UART?MAIN
            CODE    001BH     0003H     ABSOLUTE     
            CODE    001EH     0005H     UNIT         ?PR?_ASCII_LETTER?UART1
            CODE    0023H     0003H     ABSOLUTE     
            CODE    0026H     0C86H     UNIT         ?PR?MAIN?MAIN
            CODE    0CACH     09D0H     UNIT         ?C?LIB_CODE
            CODE    167CH     07A2H     UNIT         ?PR?SUNPOS?SUNPOS
            CODE    1E1EH     063CH     UNIT         ?PR?_UPDATE_POSITION?BIPOLARMOTOR
            CODE    245AH     04FCH     UNIT         ?PR?_FIND_REAL_MAX?CALIBRATION
            CODE    2956H     04FBH     UNIT         ?PR?_THEORICALJP_POSITION?BIPOLARMOTOR
            CODE    2E51H     040EH     UNIT         ?C_INITSEG
            CODE    325FH     038CH     UNIT         ?PR?KEY_PROCESS?KEYPAD
            CODE    35EBH     0380H     UNIT         ?PR?_ELEVATION_CALCULATION?BIPOLARMOTOR
            CODE    396BH     01C7H     UNIT         ?PR?_CALIBRATION?CALIBRATION
            CODE    3B32H     018DH     UNIT         ?PR?KEY_SCAN?KEYPAD
            CODE    3CBFH     0189H     UNIT         ?PR?SPI_NOR_WRITE_DATA?AT25SF041
            CODE    3E48H     0188H     UNIT         ?PR?SIN?SIN
            CODE    3FD0H     0166H     UNIT         ?PR?_POW?POW
            CODE    4136H     0155H     UNIT         ?PR?_DISPLAY_POS?LCD_DRIVER_SPLC780D
            CODE    428BH     0129H     UNIT         ?PR?LOG?LOG
            CODE    43B4H     0122H     UNIT         ?PR?ATAN?ATAN
            CODE    44D6H     0110H     UNIT         ?PR?_AT25SF041_READ?AT25SF041
            CODE    45E6H     0102H     UNIT         ?PR?_AT25SF041_WRITE?AT25SF041
            CODE    46E8H     00F4H     UNIT         ?PR?EXINT0?MAIN
            CODE    47DCH     00DBH     UNIT         ?PR?_ATOI?ATOI
            CODE    48B7H     00C3H     UNIT         ?PR?LINEAR_INTERPOLATE?BIPOLARMOTOR
            CODE    497AH     00BBH     UNIT         ?PR?VOLTAGE_IS_STABLE?CALIBRATION
            CODE    4A35H     00ADH     UNIT         ?PR?_WRITE_PI4IOE5V96248?IOEXPANDER_PI4IOE5V96248
            CODE    4AE2H     00ACH     UNIT         ?PR?SQRT?SQRT
            CODE    4B8EH     00A1H     UNIT         ?PR?UCREAD_STATUS_REGISTER_BYTE1?AT25SF041
            CODE    4C2FH     009DH     UNIT         ?PR?_ATAN2?ATAN2
            CODE    4CCCH     009CH     UNIT         ?PR?_MAX_VALUE?CALIBRATION
            CODE    4D68H     009AH     UNIT         ?PR?EXP?EXP
            CODE    4E02H     008CH     UNIT         ?C_C51STARTUP
            CODE    4E8EH     0088H     UNIT         ?PR?_DAY_OF_YEAR?PCF85063BTL
            CODE    4F16H     0079H     UNIT         ?PR?_WRITEDATA?LCD_DRIVER_SPLC780D
            CODE    4F8FH     0072H     UNIT         ?PR?AT25SF041_WRITEENABLE?AT25SF041
            CODE    5001H     006FH     UNIT         ?PR?_READ_TIME?PCF85063BTL
            CODE    5070H     005AH     UNIT         ?PR?AT25SF041_CHIPERASE?AT25SF041
            CODE    50CAH     0059H     UNIT         ?PR?LCD_INIT?LCD_DRIVER_SPLC780D
            CODE    5123H     004AH     UNIT         ?PR?VONESTEPMOVE?BIPOLARMOTOR
            CODE    516DH     004AH     UNIT         ?PR?ACOS?ACOS
            CODE    51B7H     0044H     UNIT         ?C?LDIV
            CODE    51FBH     0040H     UNIT         ?PR?_COMMAND?LCD_DRIVER_SPLC780D
            CODE    523BH     0040H     UNIT         ?PR?_STEP_MOVE?BIPOLARMOTOR
            CODE    527BH     003FH     UNIT         ?CO?UART1
            CODE    52BAH     003BH     UNIT         ?PR?ASIN?ASIN
            CODE    52F5H     0033H     UNIT         ?PR?_SENDSTRING?UART1
            CODE    5328H     0031H     UNIT         ?PR?SI1120_CONFIG_MODE_VIRH?SI1120
            CODE    5359H     002BH     UNIT         ?PR?_WAIT_MS_I2C?IOEXPANDER_PI4IOE5V96248
            CODE    5384H     002BH     UNIT         ?PR?_WAIT_MS_SPINOR?AT25SF041
            CODE    53AFH     002AH     UNIT         ?PR?_ADC_GETRESULT?ADC
            CODE    53D9H     0028H     UNIT         ?PR?_MOVE?BIPOLARMOTOR
            CODE    5401H     0027H     UNIT         ?PR?_I2C_SENDBYTE?IOEXPANDER_PI4IOE5V96248
            CODE    5428H     0025H     UNIT         ?PR?_FINDCLOSESTSAMEDAYCALIBTIME?CALIBRATION
BL51 BANKED LINKER/LOCATER V6.22                                                      05/29/2019  11:10:33  PAGE 4


            CODE    544DH     0024H     UNIT         ?PR?_WAIT_MS?LCD_DRIVER_SPLC780D
            CODE    5471H     0024H     UNIT         ?PR?_UART1_SENDTOTCPSERVER?UART1
            CODE    5495H     0021H     UNIT         ?PR?TM0_ISR?MAIN
            CODE    54B6H     0020H     UNIT         ?PR?_SPI_SENDBYTE?PCF85063BTL
            CODE    54D6H     0020H     UNIT         ?PR?SPI_RECEIVEBYTE?PCF85063BTL
            CODE    54F6H     001EH     UNIT         ?PR?_DELAY_MS?KEYPAD
            CODE    5514H     001DH     UNIT         ?PR?_DISPLAYLCD?LCD_DRIVER_SPLC780D
            CODE    5531H     001BH     UNIT         ?PR?_BCDTODEC1?BIPOLARMOTOR
            CODE    554CH     001AH     UNIT         ?PR?ADC_INIT?ADC
            CODE    5566H     0018H     UNIT         ?PR?_SPI_WRITETIME?PCF85063BTL
            CODE    557EH     0017H     UNIT         ?PR?_ASCIITOBCD?UART1
            CODE    5595H     0016H     UNIT         ?PR?I2C_ACK?IOEXPANDER_PI4IOE5V96248
            CODE    55ABH     0015H     UNIT         ?PR?_DISPLAY_LINE?LCD_DRIVER_SPLC780D
            CODE    55C0H     0015H     UNIT         ?PR?VSETLOCATION?BIPOLARMOTOR
            CODE    55D5H     0015H     UNIT         ?PR?I2C_STOP?IOEXPANDER_PI4IOE5V96248
            CODE    55EAH     0014H     UNIT         ?PR?_PCF85063BTL_DELAY?PCF85063BTL
            CODE    55FEH     0014H     UNIT         ?PR?_ABS?LCD_DRIVER_SPLC780D
            CODE    5612H     0014H     UNIT         ?PR?_ISSPACE?ISSPACE
            CODE    5626H     0011H     UNIT         ?PR?_SPI_READTIME?PCF85063BTL
            CODE    5637H     0011H     UNIT         ?PR?_BCDTODEC?PCF85063BTL
            CODE    5648H     0011H     UNIT         ?PR?INITUART1?UART1
            CODE    5659H     000FH     UNIT         ?PR?I2C_START?IOEXPANDER_PI4IOE5V96248
            CODE    5668H     000FH     UNIT         ?PR?UC_NACK?IOEXPANDER_PI4IOE5V96248
            CODE    5677H     000FH     UNIT         ?PR?_ISDIGIT?ISDIGIT
            CODE    5686H     000DH     UNIT         ?PR?SPI_INIT?PCF85063BTL
            CODE    5693H     000DH     UNIT         ?PR?ENABLE_EXTINT0?SI1120
            CODE    56A0H     000CH     UNIT         ?PR?KEYPAD_IO_INIT?KEYPAD
            CODE    56ACH     000AH     UNIT         ?PR?LCD_RETURN_HOME?LCD_DRIVER_SPLC780D
            CODE    56B6H     000AH     UNIT         ?PR?LCD_CLEAR?LCD_DRIVER_SPLC780D
            CODE    56C0H     0009H     UNIT         ?PR?TM1_ISR?MAIN
            CODE    56C9H     0009H     UNIT         ?PR?_SENDUART1?MAIN
            CODE    56D2H     0009H     UNIT         ?PR?UART1_INITTCPCONN?UART1
            CODE    56DBH     0006H     UNIT         ?PR?UC_ACK?IOEXPANDER_PI4IOE5V96248
            CODE    56E1H     0006H     UNIT         ?PR?_TEN?UART1
            CODE    56E7H     0004H     UNIT         ?CO?MAIN
            CODE    56EBH     0001H     UNIT         ?PR?NOP?IOEXPANDER_PI4IOE5V96248
            CODE    56ECH     0001H     UNIT         ?PR?_DECTOBCD?UART1



OVERLAY MAP OF MODULE:   .\Obj\GPIO_RTC_Test (MAIN)


SEGMENT                                             BIT_GROUP          XDATA_GROUP
  +--> CALLED SEGMENT                            START    LENGTH     START    LENGTH
------------------------------------------------------------------------------------
?PR?EXINT0?MAIN                                  -----    -----      -----    -----
  +--> ?PR?_POW?POW

?PR?_POW?POW                                     -----    -----      03BCH    000AH
  +--> ?PR?LOG?LOG
  +--> ?PR?EXP?EXP

?PR?LOG?LOG                                      0020H.0  0000H.1    03C6H    0004H

*** NEW ROOT ***************************************************

BL51 BANKED LINKER/LOCATER V6.22                                                      05/29/2019  11:10:33  PAGE 5


?C_C51STARTUP                                    -----    -----      -----    -----
  +--> ?PR?MAIN?MAIN
  +--> ?C_INITSEG

?PR?MAIN?MAIN                                    -----    -----      03CAH    002AH
  +--> ?PR?LCD_INIT?LCD_DRIVER_SPLC780D
  +--> ?PR?SPI_INIT?PCF85063BTL
  +--> ?PR?KEYPAD_IO_INIT?KEYPAD
  +--> ?PR?INITUART1?UART1
  +--> ?PR?ADC_INIT?ADC
  +--> ?PR?SI1120_CONFIG_MODE_VIRH?SI1120
  +--> ?PR?ENABLE_EXTINT0?SI1120
  +--> ?PR?VSETLOCATION?BIPOLARMOTOR
  +--> ?PR?_SPI_WRITETIME?PCF85063BTL
  +--> ?PR?_DELAY_MS?KEYPAD
  +--> ?PR?_DISPLAY_LINE?LCD_DRIVER_SPLC780D
  +--> ?PR?_WRITEDATA?LCD_DRIVER_SPLC780D
  +--> ?PR?UART1_INITTCPCONN?UART1
  +--> ?PR?KEY_PROCESS?KEYPAD
  +--> ?CO?MAIN
  +--> ?PR?_UART1_SENDTOTCPSERVER?UART1
  +--> ?PR?_COMMAND?LCD_DRIVER_SPLC780D
  +--> ?PR?_DISPLAY_POS?LCD_DRIVER_SPLC780D
  +--> ?PR?_DISPLAYLCD?LCD_DRIVER_SPLC780D
  +--> ?PR?_STEP_MOVE?BIPOLARMOTOR
  +--> ?PR?LCD_RETURN_HOME?LCD_DRIVER_SPLC780D
  +--> ?PR?_READ_TIME?PCF85063BTL
  +--> ?PR?_BCDTODEC1?BIPOLARMOTOR
  +--> ?PR?_ELEVATION_CALCULATION?BIPOLARMOTOR
  +--> ?PR?SIN?SIN
  +--> ?PR?_CALIBRATION?CALIBRATION
  +--> ?PR?_UPDATE_POSITION?BIPOLARMOTOR
  +--> ?PR?AT25SF041_WRITEENABLE?AT25SF041
  +--> ?PR?_AT25SF041_WRITE?AT25SF041
  +--> ?PR?_WAIT_MS_SPINOR?AT25SF041
  +--> ?PR?_ADC_GETRESULT?ADC
  +--> ?PR?SPI_NOR_WRITE_DATA?AT25SF041
  +--> ?PR?LINEAR_INTERPOLATE?BIPOLARMOTOR
  +--> ?PR?_FINDCLOSESTSAMEDAYCALIBTIME?CALI...
  +--> ?PR?LCD_CLEAR?LCD_DRIVER_SPLC780D
  +--> ?PR?AT25SF041_CHIPERASE?AT25SF041

?PR?LCD_INIT?LCD_DRIVER_SPLC780D                 -----    -----      -----    -----
  +--> ?PR?_WAIT_MS?LCD_DRIVER_SPLC780D
  +--> ?PR?_COMMAND?LCD_DRIVER_SPLC780D

?PR?_COMMAND?LCD_DRIVER_SPLC780D                 -----    -----      -----    -----
  +--> ?PR?_WAIT_MS?LCD_DRIVER_SPLC780D

?PR?SI1120_CONFIG_MODE_VIRH?SI1120               -----    -----      -----    -----
  +--> ?PR?_WAIT_MS?LCD_DRIVER_SPLC780D

?PR?_SPI_WRITETIME?PCF85063BTL                   -----    -----      -----    -----
  +--> ?PR?_SPI_SENDBYTE?PCF85063BTL

?PR?_SPI_SENDBYTE?PCF85063BTL                    -----    -----      -----    -----
  +--> ?PR?_PCF85063BTL_DELAY?PCF85063BTL
BL51 BANKED LINKER/LOCATER V6.22                                                      05/29/2019  11:10:33  PAGE 6



?PR?_DISPLAY_LINE?LCD_DRIVER_SPLC780D            -----    -----      -----    -----
  +--> ?PR?_COMMAND?LCD_DRIVER_SPLC780D

?PR?_WRITEDATA?LCD_DRIVER_SPLC780D               -----    -----      04DEH    0001H
  +--> ?PR?_WAIT_MS?LCD_DRIVER_SPLC780D

?PR?UART1_INITTCPCONN?UART1                      -----    -----      -----    -----
  +--> ?CO?UART1
  +--> ?PR?_SENDSTRING?UART1

?PR?_SENDSTRING?UART1                            -----    -----      03F7H    0003H
  +--> ?PR?_SENDUART1?MAIN

?PR?KEY_PROCESS?KEYPAD                           -----    -----      03F4H    0006H
  +--> ?PR?KEY_SCAN?KEYPAD
  +--> ?PR?_SPI_WRITETIME?PCF85063BTL
  +--> ?PR?LCD_CLEAR?LCD_DRIVER_SPLC780D
  +--> ?PR?_COMMAND?LCD_DRIVER_SPLC780D
  +--> ?PR?_WRITEDATA?LCD_DRIVER_SPLC780D

?PR?KEY_SCAN?KEYPAD                              -----    -----      03FAH    0003H

?PR?LCD_CLEAR?LCD_DRIVER_SPLC780D                -----    -----      -----    -----
  +--> ?PR?_COMMAND?LCD_DRIVER_SPLC780D

?PR?_UART1_SENDTOTCPSERVER?UART1                 -----    -----      03F4H    0003H
  +--> ?CO?UART1
  +--> ?PR?_SENDSTRING?UART1
  +--> ?PR?_DELAY_MS?KEYPAD

?PR?_DISPLAY_POS?LCD_DRIVER_SPLC780D             -----    -----      04D3H    000BH
  +--> ?PR?_ABS?LCD_DRIVER_SPLC780D
  +--> ?PR?_WRITEDATA?LCD_DRIVER_SPLC780D

?PR?_DISPLAYLCD?LCD_DRIVER_SPLC780D              -----    -----      03F4H    0001H
  +--> ?PR?_WRITEDATA?LCD_DRIVER_SPLC780D

?PR?_STEP_MOVE?BIPOLARMOTOR                      0020H.2  0000H.1    04D7H    0004H
  +--> ?PR?VONESTEPMOVE?BIPOLARMOTOR

?PR?VONESTEPMOVE?BIPOLARMOTOR                    0020H.3  0000H.1    -----    -----
  +--> ?PR?_WRITE_PI4IOE5V96248?IOEXPANDER_P...
  +--> ?PR?_DELAY_MS?KEYPAD

?PR?_WRITE_PI4IOE5V96248?IOEXPANDER_P...         -----    -----      04DBH    0003H
  +--> ?PR?I2C_START?IOEXPANDER_PI4IOE5V96248
  +--> ?PR?_WAIT_MS_I2C?IOEXPANDER_PI4IOE5V9...
  +--> ?PR?_I2C_SENDBYTE?IOEXPANDER_PI4IOE5V...
  +--> ?PR?I2C_ACK?IOEXPANDER_PI4IOE5V96248
  +--> ?PR?I2C_STOP?IOEXPANDER_PI4IOE5V96248

?PR?I2C_START?IOEXPANDER_PI4IOE5V96248           -----    -----      -----    -----
  +--> ?PR?_WAIT_MS_I2C?IOEXPANDER_PI4IOE5V9...

?PR?_I2C_SENDBYTE?IOEXPANDER_PI4IOE5V...         -----    -----      -----    -----
  +--> ?PR?_WAIT_MS_I2C?IOEXPANDER_PI4IOE5V9...
BL51 BANKED LINKER/LOCATER V6.22                                                      05/29/2019  11:10:33  PAGE 7



?PR?I2C_ACK?IOEXPANDER_PI4IOE5V96248             -----    -----      04DEH    0001H
  +--> ?PR?_WAIT_MS_I2C?IOEXPANDER_PI4IOE5V9...

?PR?I2C_STOP?IOEXPANDER_PI4IOE5V96248            -----    -----      -----    -----
  +--> ?PR?_WAIT_MS_I2C?IOEXPANDER_PI4IOE5V9...

?PR?LCD_RETURN_HOME?LCD_DRIVER_SPLC780D          -----    -----      -----    -----
  +--> ?PR?_COMMAND?LCD_DRIVER_SPLC780D

?PR?_READ_TIME?PCF85063BTL                       -----    -----      03F4H    000FH
  +--> ?PR?_SPI_READTIME?PCF85063BTL

?PR?_SPI_READTIME?PCF85063BTL                    -----    -----      -----    -----
  +--> ?PR?_SPI_SENDBYTE?PCF85063BTL
  +--> ?PR?SPI_RECEIVEBYTE?PCF85063BTL

?PR?SPI_RECEIVEBYTE?PCF85063BTL                  -----    -----      -----    -----
  +--> ?PR?_PCF85063BTL_DELAY?PCF85063BTL

?PR?_ELEVATION_CALCULATION?BIPOLARMOTOR          -----    -----      03F4H    0005H
  +--> ?PR?_BCDTODEC1?BIPOLARMOTOR
  +--> ?PR?SUNPOS?SUNPOS
  +--> ?PR?SIN?SIN
  +--> ?PR?ASIN?ASIN

?PR?SUNPOS?SUNPOS                                -----    -----      043EH    005DH
  +--> ?PR?SIN?SIN
  +--> ?PR?_ATAN2?ATAN2
  +--> ?PR?ASIN?ASIN
  +--> ?PR?ACOS?ACOS

?PR?SIN?SIN                                      0020H.1  0000H.1    049BH    0004H

?PR?_ATAN2?ATAN2                                 -----    -----      049BH    0008H
  +--> ?PR?ATAN?ATAN

?PR?ATAN?ATAN                                    0020H.1  0000H.2    04A3H    0004H

?PR?ASIN?ASIN                                    -----    -----      -----    -----
  +--> ?PR?SQRT?SQRT
  +--> ?PR?ATAN?ATAN

?PR?SQRT?SQRT                                    -----    -----      049BH    0004H

?PR?ACOS?ACOS                                    -----    -----      -----    -----
  +--> ?PR?SQRT?SQRT
  +--> ?PR?ATAN?ATAN

?PR?_CALIBRATION?CALIBRATION                     -----    -----      03F4H    0024H
  +--> ?PR?VOLTAGE_IS_STABLE?CALIBRATION
  +--> ?PR?_UPDATE_POSITION?BIPOLARMOTOR
  +--> ?PR?_FIND_REAL_MAX?CALIBRATION

?PR?VOLTAGE_IS_STABLE?CALIBRATION                -----    -----      0418H    0018H
  +--> ?PR?_ADC_GETRESULT?ADC
  +--> ?PR?_ABS?LCD_DRIVER_SPLC780D
BL51 BANKED LINKER/LOCATER V6.22                                                      05/29/2019  11:10:33  PAGE 8



?PR?_UPDATE_POSITION?BIPOLARMOTOR                -----    -----      0418H    0026H
  +--> ?PR?_BCDTODEC1?BIPOLARMOTOR
  +--> ?PR?SUNPOS?SUNPOS
  +--> ?PR?SIN?SIN
  +--> ?PR?ASIN?ASIN
  +--> ?PR?_THEORICALJP_POSITION?BIPOLARMOTOR
  +--> ?PR?_ABS?LCD_DRIVER_SPLC780D
  +--> ?PR?_MOVE?BIPOLARMOTOR

?PR?_THEORICALJP_POSITION?BIPOLARMOTOR           -----    -----      043EH    005CH
  +--> ?PR?LINEAR_INTERPOLATE?BIPOLARMOTOR

?PR?LINEAR_INTERPOLATE?BIPOLARMOTOR              -----    -----      049AH    0014H

?PR?_MOVE?BIPOLARMOTOR                           0020H.1  0000H.1    04D3H    0004H
  +--> ?PR?_STEP_MOVE?BIPOLARMOTOR

?PR?_FIND_REAL_MAX?CALIBRATION                   -----    -----      0418H    00BBH
  +--> ?PR?_ADC_GETRESULT?ADC
  +--> ?PR?_WAIT_MS?LCD_DRIVER_SPLC780D
  +--> ?PR?AT25SF041_WRITEENABLE?AT25SF041
  +--> ?PR?_AT25SF041_WRITE?AT25SF041
  +--> ?PR?_WAIT_MS_SPINOR?AT25SF041
  +--> ?PR?_COMMAND?LCD_DRIVER_SPLC780D
  +--> ?PR?_WRITEDATA?LCD_DRIVER_SPLC780D
  +--> ?PR?_DISPLAY_POS?LCD_DRIVER_SPLC780D
  +--> ?PR?_MOVE?BIPOLARMOTOR
  +--> ?PR?_MAX_VALUE?CALIBRATION

?PR?AT25SF041_WRITEENABLE?AT25SF041              -----    -----      04D3H    0002H
  +--> ?PR?_WAIT_MS_SPINOR?AT25SF041
  +--> ?PR?UCREAD_STATUS_REGISTER_BYTE1?AT25...

?PR?UCREAD_STATUS_REGISTER_BYTE1?AT25...         -----    -----      04DBH    0003H
  +--> ?PR?_WAIT_MS_SPINOR?AT25SF041

?PR?_AT25SF041_WRITE?AT25SF041                   -----    -----      04D3H    0008H
  +--> ?PR?_WAIT_MS_SPINOR?AT25SF041
  +--> ?PR?UCREAD_STATUS_REGISTER_BYTE1?AT25...

?PR?_MAX_VALUE?CALIBRATION                       -----    -----      04D3H    0004H

?PR?SPI_NOR_WRITE_DATA?AT25SF041                 -----    -----      03F4H    000EH
  +--> ?PR?AT25SF041_WRITEENABLE?AT25SF041
  +--> ?PR?_AT25SF041_WRITE?AT25SF041
  +--> ?PR?_WAIT_MS_SPINOR?AT25SF041

?PR?AT25SF041_CHIPERASE?AT25SF041                -----    -----      03F4H    0002H
  +--> ?PR?_WAIT_MS_SPINOR?AT25SF041
  +--> ?PR?UCREAD_STATUS_REGISTER_BYTE1?AT25...



SYMBOL TABLE OF MODULE:  .\Obj\GPIO_RTC_Test (MAIN)

  VALUE           TYPE          NAME
BL51 BANKED LINKER/LOCATER V6.22                                                      05/29/2019  11:10:33  PAGE 9


  ----------------------------------

  -------         MODULE        MAIN
  C:0000H         SYMBOL        _ICE_DUMMY_
  X:04E7H         PUBLIC        calib_value
  D:0080H         PUBLIC        P0
  D:00B2H         PUBLIC        P3M0
  D:0090H         PUBLIC        P1
  D:00B1H         PUBLIC        P3M1
  D:00A0H         PUBLIC        P2
  D:00B0H         PUBLIC        P3
  D:00C0H         PUBLIC        P4
  D:00C8H         PUBLIC        P5
  X:053BH         SYMBOL        PressedKey
  B:00A8H.7       PUBLIC        EA
  D:00E8H         PUBLIC        P6
  X:053FH         PUBLIC        calib_stamp
  D:00F8H         PUBLIC        P7
  X:0540H         PUBLIC        calib_bool
  X:056AH         PUBLIC        pwm_time_min
  D:00A8H         PUBLIC        IE
  X:056EH         PUBLIC        calib_time
  X:05C2H         PUBLIC        pwm_time_max
  D:00B8H         PUBLIC        IP
  B:0098H.0       PUBLIC        RI
  B:00B0H.2       PUBLIC        INT0
  X:05C6H         PUBLIC        months
  B:0098H.1       PUBLIC        TI
  C:000EH         PUBLIC        Uart
  D:00D8H         PUBLIC        CCON
  C:0026H         PUBLIC        main
  X:05C7H         PUBLIC        count
  D:0099H         PUBLIC        SBUF
  X:05C9H         PUBLIC        days
  X:05CAH         PUBLIC        hours
  D:0098H         PUBLIC        SCON
  D:0089H         PUBLIC        TMOD
  D:0088H         PUBLIC        TCON
  B:00A0H.3       PUBLIC        P23
  X:05CBH         SYMBOL        KeyCount
  X:05CDH         PUBLIC        mins
  B:00C8H.5       PUBLIC        P55
  D:008EH         PUBLIC        AUXR
  C:5495H         PUBLIC        tm0_isr
  B:0090H.5       PUBLIC        SI1120_STX
  C:56C0H         PUBLIC        tm1_isr
  B:0020H.4       PUBLIC        busy
  D:00E0H         PUBLIC        ACC
  B:00A8H.1       PUBLIC        ET0
  B:00A8H.3       PUBLIC        ET1
  X:05CEH         PUBLIC        SPI_NOR_INTERNAL_FLASH_ADDR
  D:008CH         PUBLIC        TH0
  D:008DH         PUBLIC        TH1
  D:008AH         PUBLIC        TL0
  D:008BH         PUBLIC        TL1
  B:0088H.4       PUBLIC        TR0
  B:0088H.6       PUBLIC        TR1
BL51 BANKED LINKER/LOCATER V6.22                                                      05/29/2019  11:10:33  PAGE 10


  C:46E8H         PUBLIC        exint0
  X:05D2H         SYMBOL        KeyNum
  X:05D3H         SYMBOL        KeyNum_Old
  X:05D4H         PUBLIC        timer0_count
  X:05D6H         PUBLIC        current_position
  X:05DAH         PUBLIC        pwm_time
  X:05DEH         PUBLIC        start_timer0_count
  X:05DFH         PUBLIC        seconds
  D:00D0H         PUBLIC        PSW
  C:56C9H         PUBLIC        _SendUART1
  -------         PROC          TM0_ISR
  C:5495H         LINE#         98
  C:549BH         LINE#         102
  C:549EH         LINE#         103
  C:54A1H         LINE#         104
  C:54AFH         LINE#         105
  -------         ENDPROC       TM0_ISR
  -------         PROC          TM1_ISR
  C:56C0H         LINE#         106
  C:56C0H         LINE#         108
  C:56C2H         LINE#         110
  C:56C5H         LINE#         111
  C:56C8H         LINE#         112
  -------         ENDPROC       TM1_ISR
  -------         PROC          EXINT0
  C:46E8H         LINE#         113
  C:4705H         LINE#         117
  C:4708H         LINE#         118
  C:4708H         LINE#         119
  C:470BH         LINE#         120
  C:470EH         LINE#         121
  C:4710H         LINE#         122
  C:4712H         LINE#         126
  C:4715H         LINE#         129
  C:4715H         LINE#         130
  C:4717H         LINE#         132
  C:4723H         LINE#         133
  C:477CH         LINE#         134
  C:47BAH         LINE#         135
  C:47C1H         LINE#         140
  C:47C1H         LINE#         142
  -------         ENDPROC       EXINT0
  -------         PROC          MAIN
  -------         DO            
  X:04DFH         SYMBOL        KeyCount
  X:04E1H         SYMBOL        KeyNum_Old
  X:04E2H         SYMBOL        KeyNum
  X:04E3H         SYMBOL        PressedKey
  X:03CAH         SYMBOL        prox_flag
  X:03CBH         SYMBOL        iUse_prevday_calib_value
  X:03CDH         SYMBOL        max_ADC_Val_JP
  X:03CFH         SYMBOL        max_ADC_Val
  X:03D1H         SYMBOL        calib_point1
  X:03D9H         SYMBOL        calib_point2
  X:03E1H         SYMBOL        dat_to_store
  X:03ECH         SYMBOL        calib_day
  X:03EEH         SYMBOL        calib_count
BL51 BANKED LINKER/LOCATER V6.22                                                      05/29/2019  11:10:33  PAGE 11


  X:03F0H         SYMBOL        theorical_JP_max_pos
  D:0004H         SYMBOL        elevation
  -------         ENDDO         
  C:0026H         LINE#         144
  C:0026H         LINE#         145
  C:0026H         LINE#         150
  C:002CH         LINE#         151
  C:0031H         LINE#         153
  C:0039H         LINE#         157
  C:003FH         LINE#         158
  C:0049H         LINE#         165
  C:0051H         LINE#         166
  C:0058H         LINE#         167
  C:005EH         LINE#         169
  C:0064H         LINE#         178
  C:0066H         LINE#         179
  C:0069H         LINE#         180
  C:006CH         LINE#         181
  C:006FH         LINE#         182
  C:0072H         LINE#         183
  C:0075H         LINE#         184
  C:0078H         LINE#         186
  C:007BH         LINE#         189
  C:007EH         LINE#         190
  C:0081H         LINE#         192
  C:0084H         LINE#         194
  C:0087H         LINE#         195
  C:008AH         LINE#         196
  C:008DH         LINE#         197
  C:008FH         LINE#         198
  C:0091H         LINE#         199
  C:0094H         LINE#         200
  C:0096H         LINE#         201
  C:0098H         LINE#         203
  C:009AH         LINE#         204
  C:00A1H         LINE#         205
  C:00A8H         LINE#         206
  C:00AFH         LINE#         207
  C:00B6H         LINE#         211
  C:00BDH         LINE#         212
  C:00C2H         LINE#         213
  C:00C7H         LINE#         214
  C:00CCH         LINE#         215
  C:00D1H         LINE#         216
  C:00D6H         LINE#         219
  C:00EFH         LINE#         220
  C:00EFH         LINE#         221
  C:010BH         LINE#         222
  C:0152H         LINE#         223
  C:0163H         LINE#         224
  C:016AH         LINE#         227
  C:016DH         LINE#         229
  C:016DH         LINE#         230
  C:016DH         LINE#         231
  C:0170H         LINE#         232
  C:0179H         LINE#         237
  C:0179H         LINE#         241
BL51 BANKED LINKER/LOCATER V6.22                                                      05/29/2019  11:10:33  PAGE 12


  C:017EH         LINE#         242
  C:0183H         LINE#         244
  C:0188H         LINE#         246
  C:018DH         LINE#         247
  C:0192H         LINE#         249
  C:01A3H         LINE#         252
  C:01A8H         LINE#         253
  C:01ADH         LINE#         255
  C:01B4H         LINE#         256
  C:01BCH         LINE#         257
  C:01C1H         LINE#         258
  C:01C9H         LINE#         259
  C:01CEH         LINE#         260
  C:01D8H         LINE#         261
  C:01DDH         LINE#         262
  C:01E5H         LINE#         264
  C:01EDH         LINE#         265
  C:01F2H         LINE#         266
  C:01FCH         LINE#         267
  C:01FCH         LINE#         268
  C:01FEH         LINE#         269
  C:0200H         LINE#         270
  C:020AH         LINE#         271
  C:020AH         LINE#         272
  C:020FH         LINE#         273
  C:020FH         LINE#         285
  C:0223H         LINE#         286
  C:0223H         LINE#         287
  C:0238H         LINE#         288
  C:0247H         LINE#         289
  C:0247H         LINE#         290
  C:025AH         LINE#         291
  C:025CH         LINE#         293
  C:025CH         LINE#         294
  C:0278H         LINE#         295
  C:0278H         LINE#         296
  C:027DH         LINE#         297
  C:027DH         LINE#         298
  C:0291H         LINE#         299
  C:0291H         LINE#         302
  C:02A6H         LINE#         303
  C:02B5H         LINE#         304
  C:02B5H         LINE#         305
  C:02C8H         LINE#         306
  C:02CAH         LINE#         308
  C:02CAH         LINE#         309
  C:02E6H         LINE#         310
  C:02E6H         LINE#         311
  C:02EBH         LINE#         312
  C:02F1H         LINE#         313
  C:02F1H         LINE#         315
  C:0313H         LINE#         316
  C:0313H         LINE#         317
  C:031DH         LINE#         318
  C:0323H         LINE#         319
  C:032AH         LINE#         320
  C:0330H         LINE#         321
BL51 BANKED LINKER/LOCATER V6.22                                                      05/29/2019  11:10:33  PAGE 13


  C:0337H         LINE#         322
  C:0337H         LINE#         323
  C:033AH         LINE#         325
  C:033AH         LINE#         330
  C:0375H         LINE#         334
  C:0382H         LINE#         335
  C:0382H         LINE#         339
  C:0382H         LINE#         340
  C:03AAH         LINE#         341
  C:03AAH         LINE#         342
  C:03CCH         LINE#         343
  C:03CCH         LINE#         345
  C:03ECH         LINE#         349
  C:041BH         LINE#         357
  C:041BH         LINE#         358
  C:0497H         LINE#         359
  C:04B0H         LINE#         360
  C:053AH         LINE#         362
  C:056BH         LINE#         363
  C:056BH         LINE#         365
  C:05A1H         LINE#         366
  C:05C4H         LINE#         367
  C:05D9H         LINE#         370
  C:05D9H         LINE#         371
  C:05DCH         LINE#         373
  C:05DCH         LINE#         375
  C:05E3H         LINE#         376
  C:05E3H         LINE#         377
  C:05E6H         LINE#         378
  C:0604H         LINE#         379
  C:060BH         LINE#         380
  C:062AH         LINE#         381
  C:0649H         LINE#         383
  C:06C5H         LINE#         384
  C:06DDH         LINE#         387
  C:0735H         LINE#         388
  C:0770H         LINE#         389
  C:077DH         LINE#         390
  C:078CH         LINE#         391
  C:078CH         LINE#         393
  C:0794H         LINE#         394
  C:079CH         LINE#         395
  C:07A4H         LINE#         396
  C:07ACH         LINE#         398
  C:07C0H         LINE#         399
  C:07D6H         LINE#         400
  C:0806H         LINE#         401
  C:0826H         LINE#         403
  C:083AH         LINE#         404
  C:0850H         LINE#         405
  C:0880H         LINE#         406
  C:0887H         LINE#         408
  C:08ABH         LINE#         411
  C:08ADH         LINE#         413
  C:08BBH         LINE#         414
  C:08BBH         LINE#         415
  C:08C3H         LINE#         417
BL51 BANKED LINKER/LOCATER V6.22                                                      05/29/2019  11:10:33  PAGE 14


  C:08C3H         LINE#         420
  C:08C3H         LINE#         421
  C:08D0H         LINE#         422
  C:08D0H         LINE#         423
  C:08F2H         LINE#         424
  C:08F2H         LINE#         425
  C:096EH         LINE#         426
  C:09C3H         LINE#         427
  C:09C3H         LINE#         429
  C:09C6H         LINE#         433
  C:09C6H         LINE#         436
  C:09E8H         LINE#         437
  C:09E8H         LINE#         438
  C:0A64H         LINE#         440
  C:0A91H         LINE#         441
  C:0AACH         LINE#         442
  C:0AD9H         LINE#         443
  C:0B0CH         LINE#         444
  C:0B0CH         LINE#         445
  C:0B36H         LINE#         446
  C:0BCFH         LINE#         447
  C:0BD1H         LINE#         449
  C:0BD1H         LINE#         450
  C:0C34H         LINE#         451
  C:0C34H         LINE#         455
  C:0C34H         LINE#         457
  C:0C34H         LINE#         458
  C:0C34H         LINE#         460
  C:0C34H         LINE#         463
  C:0C50H         LINE#         464
  C:0C54H         LINE#         466
  C:0C56H         LINE#         469
  C:0C65H         LINE#         470
  C:0C65H         LINE#         471
  C:0C68H         LINE#         472
  C:0C6FH         LINE#         473
  C:0C74H         LINE#         474
  C:0C79H         LINE#         475
  C:0C7EH         LINE#         476
  C:0C83H         LINE#         477
  C:0C88H         LINE#         487
  C:0C8BH         LINE#         489
  C:0C8EH         LINE#         490
  C:0C95H         LINE#         491
  C:0C9FH         LINE#         492
  C:0CA6H         LINE#         494
  C:0CA9H         LINE#         503
  C:0CA9H         LINE#         504
  -------         ENDPROC       MAIN
  -------         PROC          UART
  C:000EH         LINE#         518
  C:000EH         LINE#         520
  C:0011H         LINE#         521
  C:0011H         LINE#         522
  C:0013H         LINE#         524
  C:0013H         LINE#         525
  C:0016H         LINE#         526
BL51 BANKED LINKER/LOCATER V6.22                                                      05/29/2019  11:10:33  PAGE 15


  C:0016H         LINE#         527
  C:0018H         LINE#         528
  C:001AH         LINE#         529
  C:001AH         LINE#         530
  -------         ENDPROC       UART
  -------         PROC          _SENDUART1
  D:0007H         SYMBOL        dat
  C:56C9H         LINE#         532
  C:56C9H         LINE#         533
  C:56C9H         LINE#         534
  C:56CCH         LINE#         535
  C:56CEH         LINE#         536
  C:56CFH         LINE#         537
  C:56D1H         LINE#         538
  -------         ENDPROC       _SENDUART1
  -------         ENDMOD        MAIN

  -------         MODULE        PCF85063BTL
  C:0000H         SYMBOL        _ICE_DUMMY_
  D:0096H         PUBLIC        P2M0
  D:0080H         PUBLIC        P0
  D:0095H         PUBLIC        P2M1
  D:0090H         PUBLIC        P1
  D:00A0H         PUBLIC        P2
  D:00B0H         PUBLIC        P3
  D:00C0H         PUBLIC        P4
  D:00C8H         PUBLIC        P5
  D:00E8H         PUBLIC        P6
  B:00A0H.1       PUBLIC        PCF85063BTL_SDI
  D:00F8H         PUBLIC        P7
  B:00A0H.2       PUBLIC        PCF85063BTL_SCK
  B:00A0H.1       PUBLIC        PCF85063BTL_SDO
  D:00A8H         PUBLIC        IE
  C:5001H         PUBLIC        _Read_time
  C:55F0H         PUBLIC        _PCF85063BTL_Delay
  D:00B8H         PUBLIC        IP
  D:00D8H         PUBLIC        CCON
  C:4E8EH         PUBLIC        _Day_Of_Year
  C:54D6H         PUBLIC        SPI_ReceiveByte
  D:0098H         PUBLIC        SCON
  D:0088H         PUBLIC        TCON
  C:5637H         PUBLIC        _BCDtoDec
  B:00A0H.0       PUBLIC        PCF85063BTL_CS
  C:5626H         PUBLIC        _SPI_ReadTime
  C:5686H         PUBLIC        SPI_Init
  C:5566H         PUBLIC        _SPI_WriteTime
  C:54B6H         PUBLIC        _SPI_SendByte
  D:00D0H         PUBLIC        PSW
  C:55ECH         SYMBOL        L?0048
  -------         PROC          L?0047
  -------         ENDPROC       L?0047
  C:55ECH         SYMBOL        L?0048
  -------         PROC          _PCF85063BTL_DELAY
  D:0006H         SYMBOL        us
  C:55F0H         LINE#         8
  C:55F0H         LINE#         9
  C:55F0H         LINE#         10
BL51 BANKED LINKER/LOCATER V6.22                                                      05/29/2019  11:10:33  PAGE 16


  C:55FAH         LINE#         11
  C:55FAH         LINE#         12
  C:55FBH         LINE#         13
  C:55FDH         LINE#         14
  -------         ENDPROC       _PCF85063BTL_DELAY
  -------         PROC          _SPI_SENDBYTE
  D:0005H         SYMBOL        dat
  -------         DO            
  D:0003H         SYMBOL        i
  -------         ENDDO         
  C:54B6H         LINE#         17
  C:54B8H         LINE#         18
  C:54B8H         LINE#         20
  C:54BAH         LINE#         21
  C:54BAH         LINE#         22
  C:54BCH         LINE#         23
  C:54C0H         LINE#         24
  C:54C0H         LINE#         25
  C:54C2H         LINE#         26
  C:54C4H         LINE#         28
  C:54C4H         LINE#         29
  C:54C6H         LINE#         30
  C:54C6H         LINE#         31
  C:54C9H         LINE#         32
  C:54C9H         LINE#         33
  C:54CCH         LINE#         34
  C:54D0H         LINE#         35
  C:54D5H         LINE#         36
  -------         ENDPROC       _SPI_SENDBYTE
  -------         PROC          SPI_RECEIVEBYTE
  -------         DO            
  D:0003H         SYMBOL        i
  D:0005H         SYMBOL        dat
  -------         ENDDO         
  C:54D6H         LINE#         39
  C:54D6H         LINE#         40
  C:54D6H         LINE#         42
  C:54D8H         LINE#         44
  C:54DAH         LINE#         45
  C:54DBH         LINE#         46
  C:54DBH         LINE#         47
  C:54DFH         LINE#         48
  C:54E1H         LINE#         49
  C:54E4H         LINE#         51
  C:54E7H         LINE#         52
  C:54E7H         LINE#         53
  C:54EBH         LINE#         54
  C:54EBH         LINE#         55
  C:54EBH         LINE#         56
  C:54EEH         LINE#         57
  C:54F3H         LINE#         58
  C:54F5H         LINE#         59
  -------         ENDPROC       SPI_RECEIVEBYTE
  -------         PROC          _SPI_READTIME
  D:0007H         SYMBOL        addr
  -------         DO            
  D:0006H         SYMBOL        dat
BL51 BANKED LINKER/LOCATER V6.22                                                      05/29/2019  11:10:33  PAGE 17


  -------         ENDDO         
  C:5626H         LINE#         61
  C:5626H         LINE#         62
  C:5626H         LINE#         64
  C:5628H         LINE#         65
  C:562AH         LINE#         66
  C:5631H         LINE#         67
  C:5634H         LINE#         68
  C:5636H         LINE#         69
  C:5636H         LINE#         70
  -------         ENDPROC       _SPI_READTIME
  -------         PROC          _SPI_WRITETIME
  D:0002H         SYMBOL        val
  D:0005H         SYMBOL        addr
  C:5566H         LINE#         71
  C:5568H         LINE#         72
  C:5568H         LINE#         74
  C:556AH         LINE#         75
  C:5571H         LINE#         76
  C:5576H         LINE#         77
  C:557BH         LINE#         78
  C:557DH         LINE#         79
  -------         ENDPROC       _SPI_WRITETIME
  -------         PROC          SPI_INIT
  C:5686H         LINE#         83
  C:5686H         LINE#         84
  C:5686H         LINE#         89
  C:5689H         LINE#         90
  C:568CH         LINE#         91
  C:568EH         LINE#         92
  C:5690H         LINE#         93
  C:5692H         LINE#         94
  -------         ENDPROC       SPI_INIT
  -------         PROC          _READ_TIME
  X:03F4H         SYMBOL        months
  X:03F7H         SYMBOL        days
  X:03FAH         SYMBOL        hours
  X:03FDH         SYMBOL        mins
  X:0400H         SYMBOL        seconds
  C:5001H         LINE#         96
  C:500CH         LINE#         97
  C:500CH         LINE#         99
  C:5020H         LINE#         101
  C:5034H         LINE#         103
  C:5048H         LINE#         108
  C:505CH         LINE#         113
  -------         ENDPROC       _READ_TIME
  -------         PROC          _BCDTODEC
  D:0007H         SYMBOL        bcd
  -------         DO            
  D:0006H         SYMBOL        hi
  D:0007H         SYMBOL        lo
  -------         ENDDO         
  C:5637H         LINE#         119
  C:5637H         LINE#         120
  C:5637H         LINE#         122
  C:563CH         LINE#         123
BL51 BANKED LINKER/LOCATER V6.22                                                      05/29/2019  11:10:33  PAGE 18


  C:5640H         LINE#         124
  C:5647H         LINE#         125
  -------         ENDPROC       _BCDTODEC
  -------         PROC          _DAY_OF_YEAR
  D:0007H         SYMBOL        months_bcd
  D:0005H         SYMBOL        days_bcd
  -------         DO            
  D:0004H         SYMBOL        months
  D:0007H         SYMBOL        days
  -------         ENDDO         
  C:4E8EH         LINE#         126
  C:4E8EH         LINE#         127
  C:4E8EH         LINE#         130
  C:4E93H         LINE#         132
  C:4E98H         LINE#         134
  C:4ED1H         LINE#         135
  C:4ED1H         LINE#         136
  C:4ED1H         LINE#         137
  C:4ED4H         LINE#         138
  C:4ED4H         LINE#         139
  C:4ED4H         LINE#         140
  C:4ED9H         LINE#         141
  C:4ED9H         LINE#         142
  C:4ED9H         LINE#         143
  C:4EDEH         LINE#         144
  C:4EDEH         LINE#         145
  C:4EDEH         LINE#         146
  C:4EE3H         LINE#         147
  C:4EE3H         LINE#         148
  C:4EE3H         LINE#         149
  C:4EE8H         LINE#         150
  C:4EE8H         LINE#         151
  C:4EE8H         LINE#         152
  C:4EEDH         LINE#         153
  C:4EEDH         LINE#         154
  C:4EEDH         LINE#         155
  C:4EF2H         LINE#         156
  C:4EF2H         LINE#         157
  C:4EF2H         LINE#         158
  C:4EF7H         LINE#         159
  C:4EF7H         LINE#         160
  C:4EF7H         LINE#         161
  C:4EFFH         LINE#         162
  C:4EFFH         LINE#         163
  C:4EFFH         LINE#         164
  C:4F04H         LINE#         165
  C:4F04H         LINE#         166
  C:4F04H         LINE#         167
  C:4F09H         LINE#         168
  C:4F09H         LINE#         169
  C:4F09H         LINE#         170
  C:4F12H         LINE#         171
  C:4F12H         LINE#         172
  C:4F12H         LINE#         173
  C:4F15H         LINE#         174
  C:4F15H         LINE#         175
  -------         ENDPROC       _DAY_OF_YEAR
BL51 BANKED LINKER/LOCATER V6.22                                                      05/29/2019  11:10:33  PAGE 19


  -------         ENDMOD        PCF85063BTL

  -------         MODULE        LCD_DRIVER_SPLC780D
  C:0000H         SYMBOL        _ICE_DUMMY_
  D:0092H         PUBLIC        P1M0
  D:0091H         PUBLIC        P1M1
  D:0080H         PUBLIC        P0
  D:0090H         PUBLIC        P1
  D:00A0H         PUBLIC        P2
  D:00B0H         PUBLIC        P3
  D:00C0H         PUBLIC        P4
  D:00C8H         PUBLIC        P5
  D:00E8H         PUBLIC        P6
  D:00F8H         PUBLIC        P7
  C:4F1AH         PUBLIC        _WriteData
  D:00A8H         PUBLIC        IE
  D:00B8H         PUBLIC        IP
  D:00D8H         PUBLIC        CCON
  B:00B0H.4       PUBLIC        LCD_D4
  B:00B0H.5       PUBLIC        LCD_D5
  B:00B0H.6       PUBLIC        LCD_D6
  C:5514H         PUBLIC        _DisplayLCD
  B:00B0H.7       PUBLIC        LCD_D7
  D:0098H         PUBLIC        SCON
  D:0088H         PUBLIC        TCON
  C:55FEH         PUBLIC        _abs
  C:56B6H         PUBLIC        LCD_clear
  C:51FBH         PUBLIC        _Command
  C:55ABH         PUBLIC        _Display_Line
  C:50CAH         PUBLIC        LCD_Init
  C:5453H         PUBLIC        _Wait_ms
  B:00C0H.0       PUBLIC        LCD_RS
  B:0090H.3       PUBLIC        LCD_RW
  C:56ACH         PUBLIC        LCD_return_home
  C:4136H         PUBLIC        _Display_Pos
  B:00B0H.3       PUBLIC        LCD_E
  D:00D0H         PUBLIC        PSW
  -------         PROC          LCD_INIT
  C:50CAH         LINE#         9
  C:50CAH         LINE#         10
  C:50CAH         LINE#         11
  C:50CDH         LINE#         12
  C:50D0H         LINE#         14
  C:50D6H         LINE#         15
  C:50DBH         LINE#         17
  C:50E2H         LINE#         18
  C:50E7H         LINE#         20
  C:50EAH         LINE#         21
  C:50EFH         LINE#         23
  C:50F2H         LINE#         24
  C:50F7H         LINE#         26
  C:50FEH         LINE#         29
  C:5103H         LINE#         30
  C:5108H         LINE#         32
  C:510DH         LINE#         33
  C:5112H         LINE#         35
  C:5117H         LINE#         36
BL51 BANKED LINKER/LOCATER V6.22                                                      05/29/2019  11:10:33  PAGE 20


  C:511CH         LINE#         37
  -------         ENDPROC       LCD_INIT
  C:4F16H         SYMBOL        L?0038
  -------         PROC          L?0037
  -------         ENDPROC       L?0037
  C:4F16H         SYMBOL        L?0038
  -------         PROC          _WRITEDATA
  X:04DEH         SYMBOL        dat
  C:4F1AH         LINE#         40
  C:4F1FH         LINE#         41
  C:4F1FH         LINE#         46
  C:4F21H         LINE#         47
  C:4F23H         LINE#         49
  C:4F31H         LINE#         50
  C:4F3DH         LINE#         51
  C:4F49H         LINE#         52
  C:4F53H         LINE#         53
  C:4F55H         LINE#         54
  C:4F5CH         LINE#         55
  C:4F5EH         LINE#         57
  C:4F6EH         LINE#         58
  C:4F79H         LINE#         59
  C:4F83H         LINE#         60
  C:4F87H         LINE#         62
  C:4F87H         LINE#         63
  C:4F8AH         LINE#         64
  C:4F8CH         LINE#         65
  C:4F8EH         LINE#         67
  -------         ENDPROC       _WRITEDATA
  -------         PROC          _COMMAND
  D:0007H         SYMBOL        dat
  C:51FBH         LINE#         69
  C:51FBH         LINE#         70
  C:51FBH         LINE#         71
  C:51FDH         LINE#         72
  C:51FFH         LINE#         74
  C:5209H         LINE#         75
  C:520DH         LINE#         77
  C:520FH         LINE#         78
  C:5218H         LINE#         79
  C:521CH         LINE#         81
  C:521EH         LINE#         82
  C:5225H         LINE#         83
  C:5229H         LINE#         85
  C:522BH         LINE#         86
  C:522FH         LINE#         87
  C:5233H         LINE#         89
  C:5235H         LINE#         90
  C:5235H         LINE#         91
  C:5238H         LINE#         92
  C:523AH         LINE#         93
  -------         ENDPROC       _COMMAND
  C:544FH         SYMBOL        L?0040
  -------         PROC          L?0039
  -------         ENDPROC       L?0039
  C:544FH         SYMBOL        L?0040
  -------         PROC          _WAIT_MS
BL51 BANKED LINKER/LOCATER V6.22                                                      05/29/2019  11:10:33  PAGE 21


  D:0006H         SYMBOL        ms
  -------         DO            
  D:0004H         SYMBOL        De_Cnt
  -------         ENDDO         
  C:5453H         LINE#         95
  C:5453H         LINE#         96
  C:5453H         LINE#         98
  C:545DH         LINE#         99
  C:545DH         LINE#         100
  C:5470H         LINE#         101
  C:5470H         LINE#         102
  -------         ENDPROC       _WAIT_MS
  -------         PROC          _DISPLAYLCD
  D:0007H         SYMBOL        BCD
  -------         DO            
  D:0006H         SYMBOL        first_digit
  X:03F4H         SYMBOL        second_digit
  -------         ENDDO         
  C:5514H         LINE#         103
  C:5514H         LINE#         104
  C:5514H         LINE#         106
  C:551BH         LINE#         107
  C:5524H         LINE#         109
  C:5529H         LINE#         111
  -------         ENDPROC       _DISPLAYLCD
  -------         PROC          LCD_RETURN_HOME
  C:56ACH         LINE#         115
  C:56ACH         LINE#         116
  C:56ACH         LINE#         117
  C:56B1H         LINE#         118
  -------         ENDPROC       LCD_RETURN_HOME
  -------         PROC          LCD_CLEAR
  C:56B6H         LINE#         121
  C:56B6H         LINE#         122
  C:56B6H         LINE#         123
  C:56BBH         LINE#         124
  -------         ENDPROC       LCD_CLEAR
  -------         PROC          _DISPLAY_LINE
  D:0006H         SYMBOL        line
  C:55ABH         LINE#         128
  C:55ABH         LINE#         129
  C:55ABH         LINE#         130
  C:55B1H         LINE#         131
  C:55B1H         LINE#         132
  C:55B3H         LINE#         133
  C:55B3H         LINE#         134
  C:55B5H         LINE#         136
  C:55B5H         LINE#         137
  C:55BAH         LINE#         138
  C:55BFH         LINE#         139
  C:55BFH         LINE#         140
  -------         ENDPROC       _DISPLAY_LINE
  -------         PROC          _DISPLAY_POS
  X:04D3H         SYMBOL        sign_dat
  -------         DO            
  X:04D7H         SYMBOL        unit
  X:04D8H         SYMBOL        ten
BL51 BANKED LINKER/LOCATER V6.22                                                      05/29/2019  11:10:33  PAGE 22


  X:04D9H         SYMBOL        hundred
  X:04DAH         SYMBOL        thousand
  X:04DBH         SYMBOL        after_dot
  X:04DCH         SYMBOL        dat
  -------         ENDDO         
  C:4136H         LINE#         142
  C:413CH         LINE#         143
  C:413CH         LINE#         147
  C:4158H         LINE#         148
  C:4172H         LINE#         149
  C:4196H         LINE#         151
  C:41E0H         LINE#         153
  C:41F7H         LINE#         154
  C:4209H         LINE#         155
  C:422EH         LINE#         156
  C:4248H         LINE#         157
  C:4260H         LINE#         158
  C:4260H         LINE#         159
  C:4260H         LINE#         160
  C:4260H         LINE#         161
  C:4260H         LINE#         162
  C:4260H         LINE#         163
  C:4260H         LINE#         164
  C:4260H         LINE#         168
  C:4262H         LINE#         170
  C:4262H         LINE#         172
  C:4267H         LINE#         173
  C:426DH         LINE#         174
  C:4273H         LINE#         175
  C:4279H         LINE#         176
  C:427FH         LINE#         177
  C:4284H         LINE#         178
  C:428AH         LINE#         182
  C:428AH         LINE#         184
  -------         ENDPROC       _DISPLAY_POS
  -------         PROC          _ABS
  D:0006H         SYMBOL        dat
  C:55FEH         LINE#         186
  C:55FEH         LINE#         187
  C:55FEH         LINE#         188
  C:5609H         LINE#         189
  C:560AH         LINE#         191
  C:5611H         LINE#         192
  -------         ENDPROC       _ABS
  -------         ENDMOD        LCD_DRIVER_SPLC780D

  -------         MODULE        KEYPAD
  C:0000H         SYMBOL        _ICE_DUMMY_
  D:0093H         PUBLIC        P0M1
  D:0080H         PUBLIC        P0
  D:0090H         PUBLIC        P1
  D:00A0H         PUBLIC        P2
  D:00B0H         PUBLIC        P3
  D:00C0H         PUBLIC        P4
  D:00C8H         PUBLIC        P5
  D:00E8H         PUBLIC        P6
  D:00F8H         PUBLIC        P7
BL51 BANKED LINKER/LOCATER V6.22                                                      05/29/2019  11:10:33  PAGE 23


  D:00A8H         PUBLIC        IE
  C:3B32H         PUBLIC        Key_Scan
  D:00B8H         PUBLIC        IP
  D:00D8H         PUBLIC        CCON
  C:56A0H         PUBLIC        KeyPad_IO_Init
  C:54F6H         PUBLIC        _Delay_ms
  D:0098H         PUBLIC        SCON
  D:0088H         PUBLIC        TCON
  X:05EFH         PUBLIC        small_move
  X:05F1H         PUBLIC        move
  X:05F3H         PUBLIC        auto_mode
  X:05F5H         PUBLIC        direction
  X:05F7H         PUBLIC        SPI_NOR_ClearEnable
  C:325FH         PUBLIC        Key_Process
  D:00D0H         PUBLIC        PSW
  D:0094H         PUBLIC        P0M0
  -------         PROC          _DELAY_MS
  D:0006H         SYMBOL        ms
  -------         DO            
  D:0004H         SYMBOL        De_Cnt
  -------         ENDDO         
  C:54F6H         LINE#         20
  C:54F6H         LINE#         21
  C:54F6H         LINE#         23
  C:5500H         LINE#         24
  C:5500H         LINE#         25
  C:5513H         LINE#         26
  C:5513H         LINE#         27
  -------         ENDPROC       _DELAY_MS
  -------         PROC          KEY_SCAN
  -------         DO            
  X:03FAH         SYMBOL        KeyTemp1
  X:03FBH         SYMBOL        KeyTemp2
  X:03FCH         SYMBOL        KeyValue
  -------         ENDDO         
  C:3B32H         LINE#         28
  C:3B32H         LINE#         29
  C:3B32H         LINE#         34
  C:3B35H         LINE#         37
  C:3B38H         LINE#         39
  C:3B40H         LINE#         40
  C:3B47H         LINE#         41
  C:3B47H         LINE#         43
  C:3B4CH         LINE#         44
  C:3B53H         LINE#         45
  C:3B53H         LINE#         48
  C:3B56H         LINE#         49
  C:3B59H         LINE#         50
  C:3B5EH         LINE#         51
  C:3B62H         LINE#         52
  C:3B62H         LINE#         53
  C:3B6AH         LINE#         54
  C:3B6AH         LINE#         55
  C:3B6DH         LINE#         56
  C:3B75H         LINE#         57
  C:3B77H         LINE#         59
  C:3B8BH         LINE#         60
BL51 BANKED LINKER/LOCATER V6.22                                                      05/29/2019  11:10:33  PAGE 24


  C:3B8BH         LINE#         61
  C:3B8BH         LINE#         62
  C:3B8BH         LINE#         63
  C:3B91H         LINE#         65
  C:3B93H         LINE#         66
  C:3B93H         LINE#         67
  C:3B93H         LINE#         68
  C:3B99H         LINE#         70
  C:3B9BH         LINE#         71
  C:3B9BH         LINE#         72
  C:3B9BH         LINE#         73
  C:3BA1H         LINE#         75
  C:3BA3H         LINE#         76
  C:3BA3H         LINE#         77
  C:3BA3H         LINE#         78
  C:3BA9H         LINE#         80
  C:3BA9H         LINE#         81
  C:3BA9H         LINE#         82
  C:3BA9H         LINE#         85
  C:3BACH         LINE#         86
  C:3BAFH         LINE#         87
  C:3BB7H         LINE#         88
  C:3BBBH         LINE#         89
  C:3BBBH         LINE#         90
  C:3BC3H         LINE#         91
  C:3BC3H         LINE#         92
  C:3BC6H         LINE#         93
  C:3BCEH         LINE#         94
  C:3BD0H         LINE#         95
  C:3BE4H         LINE#         96
  C:3BE4H         LINE#         97
  C:3BE4H         LINE#         98
  C:3BE4H         LINE#         99
  C:3BEAH         LINE#         101
  C:3BECH         LINE#         102
  C:3BECH         LINE#         103
  C:3BECH         LINE#         104
  C:3BF2H         LINE#         106
  C:3BF4H         LINE#         107
  C:3BF4H         LINE#         108
  C:3BF4H         LINE#         109
  C:3BFAH         LINE#         111
  C:3BFCH         LINE#         112
  C:3BFCH         LINE#         113
  C:3BFCH         LINE#         114
  C:3C01H         LINE#         116
  C:3C01H         LINE#         117
  C:3C01H         LINE#         118
  C:3C01H         LINE#         121
  C:3C04H         LINE#         122
  C:3C07H         LINE#         123
  C:3C0FH         LINE#         124
  C:3C13H         LINE#         125
  C:3C13H         LINE#         126
  C:3C1BH         LINE#         127
  C:3C1BH         LINE#         128
  C:3C1EH         LINE#         129
BL51 BANKED LINKER/LOCATER V6.22                                                      05/29/2019  11:10:33  PAGE 25


  C:3C26H         LINE#         130
  C:3C28H         LINE#         131
  C:3C3CH         LINE#         132
  C:3C3CH         LINE#         133
  C:3C3CH         LINE#         134
  C:3C3CH         LINE#         135
  C:3C42H         LINE#         137
  C:3C44H         LINE#         138
  C:3C44H         LINE#         139
  C:3C44H         LINE#         140
  C:3C4AH         LINE#         142
  C:3C4CH         LINE#         143
  C:3C4CH         LINE#         144
  C:3C4CH         LINE#         145
  C:3C52H         LINE#         147
  C:3C54H         LINE#         148
  C:3C54H         LINE#         149
  C:3C54H         LINE#         150
  C:3C5AH         LINE#         152
  C:3C5AH         LINE#         153
  C:3C5AH         LINE#         154
  C:3C5AH         LINE#         158
  C:3C5DH         LINE#         159
  C:3C60H         LINE#         160
  C:3C68H         LINE#         161
  C:3C6CH         LINE#         162
  C:3C6CH         LINE#         163
  C:3C74H         LINE#         164
  C:3C74H         LINE#         165
  C:3C77H         LINE#         166
  C:3C7FH         LINE#         167
  C:3C81H         LINE#         168
  C:3C95H         LINE#         169
  C:3C95H         LINE#         170
  C:3C95H         LINE#         171
  C:3C95H         LINE#         172
  C:3C9BH         LINE#         174
  C:3C9DH         LINE#         175
  C:3C9DH         LINE#         176
  C:3C9DH         LINE#         177
  C:3CA3H         LINE#         179
  C:3CA5H         LINE#         180
  C:3CA5H         LINE#         181
  C:3CA5H         LINE#         182
  C:3CABH         LINE#         184
  C:3CADH         LINE#         185
  C:3CADH         LINE#         186
  C:3CADH         LINE#         187
  C:3CB3H         LINE#         189
  C:3CB3H         LINE#         190
  C:3CB3H         LINE#         191
  C:3CB3H         LINE#         193
  C:3CB9H         LINE#         194
  C:3CB9H         LINE#         196
  C:3CB9H         LINE#         197
  C:3CBCH         LINE#         198
  C:3CBCH         LINE#         199
BL51 BANKED LINKER/LOCATER V6.22                                                      05/29/2019  11:10:33  PAGE 26


  C:3CBCH         LINE#         201
  C:3CBCH         LINE#         202
  C:3CBEH         LINE#         203
  C:3CBEH         LINE#         204
  -------         ENDPROC       KEY_SCAN
  -------         PROC          KEY_PROCESS
  -------         DO            
  X:05E0H         SYMBOL        KeyCount
  X:05E1H         SYMBOL        KeyNum_Old
  X:05E3H         SYMBOL        KeyNum
  X:05E5H         SYMBOL        PressedKey
  X:03F4H         SYMBOL        d
  D:0002H         SYMBOL        hours
  D:0006H         SYMBOL        mins
  X:03F6H         SYMBOL        months
  X:03F8H         SYMBOL        days
  -------         ENDDO         
  C:325FH         LINE#         205
  C:325FH         LINE#         206
  C:325FH         LINE#         210
  C:326EH         LINE#         211
  C:327BH         LINE#         213
  C:327FH         LINE#         214
  C:327FH         LINE#         215
  C:3285H         LINE#         217
  C:3285H         LINE#         218
  C:329CH         LINE#         219
  C:329CH         LINE#         220
  C:32A6H         LINE#         221
  C:32ACH         LINE#         223
  C:32B2H         LINE#         225
  C:32B2H         LINE#         226
  C:32C9H         LINE#         227
  C:32C9H         LINE#         228
  C:32CEH         LINE#         230
  C:32CEH         LINE#         231
  C:32DEH         LINE#         232
  C:32DEH         LINE#         233
  C:32E4H         LINE#         235
  C:32E4H         LINE#         236
  C:32F6H         LINE#         237
  C:32F6H         LINE#         238
  C:3300H         LINE#         239
  C:3308H         LINE#         241
  C:3311H         LINE#         243
  C:3311H         LINE#         252
  C:3330H         LINE#         253
  C:3330H         LINE#         254
  C:334FH         LINE#         255
  C:3355H         LINE#         256
  C:335DH         LINE#         257
  C:335DH         LINE#         259
  C:335EH         LINE#         265
  C:336AH         LINE#         266
  C:336AH         LINE#         267
  C:3387H         LINE#         268
  C:339EH         LINE#         269
BL51 BANKED LINKER/LOCATER V6.22                                                      05/29/2019  11:10:33  PAGE 27


  C:33B5H         LINE#         270
  C:33B5H         LINE#         271
  C:33C8H         LINE#         272
  C:33DBH         LINE#         273
  C:33DBH         LINE#         274
  C:33DBH         LINE#         275
  C:33DEH         LINE#         280
  C:33EDH         LINE#         281
  C:33EDH         LINE#         282
  C:3410H         LINE#         283
  C:342DH         LINE#         284
  C:3436H         LINE#         285
  C:3436H         LINE#         286
  C:343DH         LINE#         287
  C:343DH         LINE#         288
  C:344EH         LINE#         289
  C:344EH         LINE#         290
  C:345DH         LINE#         291
  C:345DH         LINE#         292
  C:345DH         LINE#         293
  C:3460H         LINE#         295
  C:3460H         LINE#         296
  C:346CH         LINE#         297
  C:346CH         LINE#         298
  C:347EH         LINE#         299
  C:347EH         LINE#         300
  C:348EH         LINE#         301
  C:348EH         LINE#         302
  C:348EH         LINE#         304
  C:3490H         LINE#         306
  C:3490H         LINE#         307
  C:349FH         LINE#         308
  C:349FH         LINE#         309
  C:34AFH         LINE#         310
  C:34AFH         LINE#         311
  C:34AFH         LINE#         313
  C:34AFH         LINE#         315
  C:34AFH         LINE#         316
  C:34B1H         LINE#         318
  C:34B1H         LINE#         319
  C:34B8H         LINE#         320
  C:34B8H         LINE#         321
  C:34C7H         LINE#         322
  C:34C7H         LINE#         323
  C:34D7H         LINE#         324
  C:34D7H         LINE#         325
  C:34D7H         LINE#         326
  C:34D9H         LINE#         328
  C:34D9H         LINE#         329
  C:34E8H         LINE#         330
  C:34E8H         LINE#         331
  C:34FBH         LINE#         332
  C:350EH         LINE#         333
  C:350EH         LINE#         334
  C:350EH         LINE#         335
  C:350EH         LINE#         336
  C:3517H         LINE#         338
BL51 BANKED LINKER/LOCATER V6.22                                                      05/29/2019  11:10:33  PAGE 28


  C:3517H         LINE#         340
  C:3551H         LINE#         341
  C:3551H         LINE#         342
  C:3558H         LINE#         343
  C:3558H         LINE#         344
  C:3562H         LINE#         345
  C:3562H         LINE#         346
  C:3565H         LINE#         347
  C:356AH         LINE#         348
  C:356FH         LINE#         349
  C:3574H         LINE#         350
  C:3579H         LINE#         351
  C:357EH         LINE#         352
  C:3583H         LINE#         353
  C:3588H         LINE#         354
  C:3588H         LINE#         355
  C:3588H         LINE#         357
  C:35A6H         LINE#         358
  C:35A6H         LINE#         359
  C:35ADH         LINE#         360
  C:35ADH         LINE#         361
  C:35B2H         LINE#         362
  C:35BBH         LINE#         363
  C:35DAH         LINE#         364
  C:35DAH         LINE#         365
  C:35EAH         LINE#         367
  C:35EAH         LINE#         371
  -------         ENDPROC       KEY_PROCESS
  -------         PROC          KEYPAD_IO_INIT
  C:56A0H         LINE#         374
  C:56A0H         LINE#         375
  C:56A0H         LINE#         376
  C:56A3H         LINE#         377
  C:56A6H         LINE#         378
  C:56A9H         LINE#         379
  C:56ABH         LINE#         380
  -------         ENDPROC       KEYPAD_IO_INIT
  -------         ENDMOD        KEYPAD

  -------         MODULE        BIPOLARMOTOR
  C:0000H         SYMBOL        _ICE_DUMMY_
  X:0000H         PUBLIC        UTC_time
  D:0080H         PUBLIC        P0
  D:0090H         PUBLIC        P1
  X:0004H         PUBLIC        RX_pos_test
  D:00A0H         PUBLIC        P2
  D:00B0H         PUBLIC        P3
  D:00C0H         PUBLIC        P4
  D:00C8H         PUBLIC        P5
  D:00E8H         PUBLIC        P6
  D:00F8H         PUBLIC        P7
  X:00A4H         PUBLIC        low_date_azimuth_mapping
  D:00A8H         PUBLIC        IE
  C:48DAH         PUBLIC        linear_interpolate
  X:00CCH         PUBLIC        declination
  C:53D9H         PUBLIC        _Move
  D:00B8H         PUBLIC        IP
BL51 BANKED LINKER/LOCATER V6.22                                                      05/29/2019  11:10:33  PAGE 29


  X:00D0H         PUBLIC        time_offset
  D:00D8H         PUBLIC        CCON
  X:00D4H         PUBLIC        previous_move_time
  X:00D5H         PUBLIC        time
  D:0098H         PUBLIC        SCON
  D:0088H         PUBLIC        TCON
  C:523BH         PUBLIC        _Step_move
  X:00E7H         PUBLIC        dat
  X:00EDH         PUBLIC        current_local_sun_time
  C:1E1EH         PUBLIC        _Update_position
  C:35EBH         PUBLIC        _elevation_calculation
  X:00F1H         PUBLIC        sunCoord
  C:5123H         PUBLIC        vOneStepMove
  X:00F4H         PUBLIC        elevation_stamp
  X:0130H         PUBLIC        date_azimuth_mapping
  X:0158H         PUBLIC        location
  X:0160H         PUBLIC        RX_pos
  C:55C0H         PUBLIC        vSetLocation
  C:553BH         PUBLIC        _BCDtoDec1
  X:03B8H         PUBLIC        degree
  C:2956H         PUBLIC        _TheoricalJP_Position
  D:00D0H         PUBLIC        PSW
  -------         PROC          VSETLOCATION
  C:55C0H         LINE#         44
  C:55C0H         LINE#         45
  C:55C0H         LINE#         46
  C:55CAH         LINE#         47
  C:55D4H         LINE#         48
  -------         ENDPROC       VSETLOCATION
  C:5537H         SYMBOL        L?0060
  -------         PROC          L?0059
  -------         ENDPROC       L?0059
  C:5537H         SYMBOL        L?0060
  -------         PROC          _BCDTODEC1
  D:0007H         SYMBOL        bcd
  -------         DO            
  D:0006H         SYMBOL        hi
  D:0007H         SYMBOL        lo
  -------         ENDDO         
  C:553BH         LINE#         49
  C:553BH         LINE#         50
  C:553BH         LINE#         52
  C:5540H         LINE#         53
  C:5544H         LINE#         54
  C:554BH         LINE#         55
  -------         ENDPROC       _BCDTODEC1
  -------         PROC          VONESTEPMOVE
  B:0020H.3       SYMBOL        bDir
  C:5123H         LINE#         59
  C:5123H         LINE#         60
  C:5123H         LINE#         62
  C:5129H         LINE#         63
  C:5129H         LINE#         64
  C:512CH         LINE#         65
  C:5135H         LINE#         66
  C:513CH         LINE#         67
  C:5141H         LINE#         68
BL51 BANKED LINKER/LOCATER V6.22                                                      05/29/2019  11:10:33  PAGE 30


  C:5141H         LINE#         69
  C:5141H         LINE#         71
  C:5143H         LINE#         74
  C:5143H         LINE#         75
  C:5146H         LINE#         76
  C:514FH         LINE#         77
  C:5156H         LINE#         78
  C:515CH         LINE#         79
  C:5165H         LINE#         80
  C:516CH         LINE#         81
  C:516CH         LINE#         85
  -------         ENDPROC       VONESTEPMOVE
  -------         PROC          _STEP_MOVE
  X:04D7H         SYMBOL        step
  B:0020H.2       SYMBOL        dir
  -------         DO            
  X:04D9H         SYMBOL        i
  -------         ENDDO         
  C:523BH         LINE#         87
  C:5243H         LINE#         88
  C:5243H         LINE#         90
  C:5248H         LINE#         93
  C:5263H         LINE#         94
  C:5263H         LINE#         95
  C:526AH         LINE#         97
  C:527AH         LINE#         99
  -------         ENDPROC       _STEP_MOVE
  -------         PROC          _MOVE
  X:04D3H         SYMBOL        distance
  B:0020H.1       SYMBOL        direction
  -------         DO            
  D:0006H         SYMBOL        step
  -------         ENDDO         
  C:53D9H         LINE#         101
  C:53DFH         LINE#         102
  C:53DFH         LINE#         105
  C:53FAH         LINE#         106
  -------         ENDPROC       _MOVE
  C:48C9H         SYMBOL        L?0058
  -------         PROC          L?0057
  -------         ENDPROC       L?0057
  C:48C9H         SYMBOL        L?0058
  -------         PROC          LINEAR_INTERPOLATE
  X:049AH         SYMBOL        p1
  X:04A2H         SYMBOL        p2
  X:04AAH         SYMBOL        x
  -------         DO            
  D:0004H         SYMBOL        fx
  -------         ENDDO         
  C:48DAH         LINE#         139
  C:48DAH         LINE#         140
  C:48DAH         LINE#         143
  C:4979H         LINE#         145
  C:4979H         LINE#         146
  -------         ENDPROC       LINEAR_INTERPOLATE
  -------         PROC          _THEORICALJP_POSITION
  X:043EH         SYMBOL        azimuth
BL51 BANKED LINKER/LOCATER V6.22                                                      05/29/2019  11:10:33  PAGE 31


  X:0442H         SYMBOL        elevation
  -------         DO            
  X:0446H         SYMBOL        pos_interpolate_azimuth
  X:0482H         SYMBOL        JP_pos
  X:0486H         SYMBOL        i
  X:0488H         SYMBOL        yy
  X:048AH         SYMBOL        p1
  X:0492H         SYMBOL        p2
  -------         ENDDO         
  C:2956H         LINE#         149
  C:295CH         LINE#         150
  C:295CH         LINE#         152
  C:2966H         LINE#         155
  C:2982H         LINE#         156
  C:2982H         LINE#         157
  C:29F2H         LINE#         158
  C:29F2H         LINE#         159
  C:29F9H         LINE#         160
  C:29F9H         LINE#         161
  C:2A26H         LINE#         162
  C:2A41H         LINE#         164
  C:2A88H         LINE#         165
  C:2ABCH         LINE#         167
  C:2B02H         LINE#         168
  C:2B27H         LINE#         170
  C:2B27H         LINE#         172
  C:2B9DH         LINE#         173
  C:2B9DH         LINE#         174
  C:2BA4H         LINE#         175
  C:2BA4H         LINE#         176
  C:2BD1H         LINE#         177
  C:2BECH         LINE#         179
  C:2C33H         LINE#         180
  C:2C67H         LINE#         182
  C:2CADH         LINE#         183
  C:2CCFH         LINE#         185
  C:2CCFH         LINE#         186
  C:2CE3H         LINE#         189
  C:2CFFH         LINE#         190
  C:2CFFH         LINE#         191
  C:2D6FH         LINE#         192
  C:2D6FH         LINE#         193
  C:2D9CH         LINE#         194
  C:2DB7H         LINE#         196
  C:2DE4H         LINE#         197
  C:2DFFH         LINE#         199
  C:2E31H         LINE#         202
  C:2E31H         LINE#         204
  C:2E42H         LINE#         205
  C:2E50H         LINE#         207
  -------         ENDPROC       _THEORICALJP_POSITION
  -------         PROC          _UPDATE_POSITION
  D:0001H         SYMBOL        mnths
  D:0002H         SYMBOL        dys
  X:041AH         SYMBOL        hurs
  X:041BH         SYMBOL        mns
  X:041CH         SYMBOL        sconds
BL51 BANKED LINKER/LOCATER V6.22                                                      05/29/2019  11:10:33  PAGE 32


  X:041DH         SYMBOL        currnt_pos
  X:0420H         SYMBOL        offset_calib
  -------         DO            
  X:0424H         SYMBOL        date
  X:0426H         SYMBOL        i
  X:0428H         SYMBOL        yy
  X:042AH         SYMBOL        desired_distance
  X:042EH         SYMBOL        distance
  X:0432H         SYMBOL        JP_pos
  X:0436H         SYMBOL        elevation
  X:043AH         SYMBOL        azimuth
  -------         ENDDO         
  C:1E1EH         LINE#         210
  C:1E27H         LINE#         213
  C:1E27H         LINE#         214
  C:1E32H         LINE#         216
  C:1E4EH         LINE#         223
  C:1E58H         LINE#         224
  C:1E63H         LINE#         225
  C:1E6EH         LINE#         226
  C:1E87H         LINE#         227
  C:1E98H         LINE#         228
  C:1EA7H         LINE#         231
  C:1EBBH         LINE#         235
  C:1F0DH         LINE#         236
  C:2071H         LINE#         237
  C:20C1H         LINE#         240
  C:21E9H         LINE#         243
  C:22B8H         LINE#         250
  C:22FFH         LINE#         251
  C:22FFH         LINE#         253
  C:232AH         LINE#         254
  C:2359H         LINE#         256
  C:237EH         LINE#         257
  C:23E3H         LINE#         258
  C:23E3H         LINE#         259
  C:23FDH         LINE#         260
  C:240FH         LINE#         261
  C:2427H         LINE#         262
  C:243DH         LINE#         264
  C:2459H         LINE#         265
  C:2459H         LINE#         266
  C:2459H         LINE#         269
  -------         ENDPROC       _UPDATE_POSITION
  -------         PROC          _ELEVATION_CALCULATION
  D:0007H         SYMBOL        mnths
  D:0005H         SYMBOL        dys
  X:03F6H         SYMBOL        hurs
  X:03F7H         SYMBOL        mns
  X:03F8H         SYMBOL        sconds
  C:35EBH         LINE#         271
  C:35F0H         LINE#         273
  C:35F0H         LINE#         274
  C:35FAH         LINE#         275
  C:3603H         LINE#         276
  C:360EH         LINE#         277
  C:3627H         LINE#         278
BL51 BANKED LINKER/LOCATER V6.22                                                      05/29/2019  11:10:33  PAGE 33


  C:363BH         LINE#         279
  C:364DH         LINE#         283
  C:369FH         LINE#         284
  C:3803H         LINE#         285
  C:3853H         LINE#         287
  C:396AH         LINE#         289
  -------         ENDPROC       _ELEVATION_CALCULATION
  -------         ENDMOD        BIPOLARMOTOR

  -------         MODULE        SUNPOS
  C:0000H         SYMBOL        _ICE_DUMMY_
  C:167CH         PUBLIC        sunpos
  -------         PROC          SUNPOS
  X:043EH         SYMBOL        udtTime
  X:0450H         SYMBOL        udtLocation
  X:0458H         SYMBOL        udtSunCoordinates
  -------         DO            
  X:045BH         SYMBOL        dElapsedJulianDays
  X:045FH         SYMBOL        dDecimalHours
  X:0463H         SYMBOL        dEclipticLongitude
  X:0467H         SYMBOL        dEclipticObliquity
  X:046BH         SYMBOL        dRightAscension
  X:046FH         SYMBOL        dDeclination
  X:0473H         SYMBOL        dY
  X:0477H         SYMBOL        dX
  -------         DO            
  X:047BH         SYMBOL        dJulianDate
  X:047FH         SYMBOL        liAux1
  X:0483H         SYMBOL        liAux2
  X:047BH         SYMBOL        dMeanLongitude
  X:047FH         SYMBOL        dMeanAnomaly
  X:0483H         SYMBOL        dOmega
  X:047BH         SYMBOL        dSin_EclipticLongitude
  X:047BH         SYMBOL        dGreenwichMeanSiderealTime
  X:047FH         SYMBOL        dLocalMeanSiderealTime
  X:0483H         SYMBOL        dLatitudeInRadians
  X:0487H         SYMBOL        dHourAngle
  X:048BH         SYMBOL        dCos_Latitude
  X:048FH         SYMBOL        dSin_Latitude
  X:0493H         SYMBOL        dCos_HourAngle
  X:0497H         SYMBOL        dParallax
  -------         ENDDO         
  -------         DO            
  X:047BH         SYMBOL        dMeanLongitude
  X:047FH         SYMBOL        dMeanAnomaly
  X:0483H         SYMBOL        dOmega
  X:047BH         SYMBOL        dSin_EclipticLongitude
  X:047BH         SYMBOL        dGreenwichMeanSiderealTime
  X:047FH         SYMBOL        dLocalMeanSiderealTime
  X:0483H         SYMBOL        dLatitudeInRadians
  X:0487H         SYMBOL        dHourAngle
  X:048BH         SYMBOL        dCos_Latitude
  X:048FH         SYMBOL        dSin_Latitude
  X:0493H         SYMBOL        dCos_HourAngle
  X:0497H         SYMBOL        dParallax
  -------         ENDDO         
  -------         DO            
BL51 BANKED LINKER/LOCATER V6.22                                                      05/29/2019  11:10:33  PAGE 34


  X:047BH         SYMBOL        dSin_EclipticLongitude
  X:047BH         SYMBOL        dGreenwichMeanSiderealTime
  X:047FH         SYMBOL        dLocalMeanSiderealTime
  X:0483H         SYMBOL        dLatitudeInRadians
  X:0487H         SYMBOL        dHourAngle
  X:048BH         SYMBOL        dCos_Latitude
  X:048FH         SYMBOL        dSin_Latitude
  X:0493H         SYMBOL        dCos_HourAngle
  X:0497H         SYMBOL        dParallax
  -------         ENDDO         
  -------         DO            
  X:047BH         SYMBOL        dGreenwichMeanSiderealTime
  X:047FH         SYMBOL        dLocalMeanSiderealTime
  X:0483H         SYMBOL        dLatitudeInRadians
  X:0487H         SYMBOL        dHourAngle
  X:048BH         SYMBOL        dCos_Latitude
  X:048FH         SYMBOL        dSin_Latitude
  X:0493H         SYMBOL        dCos_HourAngle
  X:0497H         SYMBOL        dParallax
  -------         ENDDO         
  -------         ENDDO         
  C:167CH         LINE#         6
  C:167CH         LINE#         7
  C:167CH         LINE#         9
  C:167CH         LINE#         27
  C:16C6H         LINE#         30
  C:16E7H         LINE#         31
[...]
  C:4BBFH         LINE#         275
  C:4BDEH         LINE#         279
  C:4BE5H         LINE#         281
  C:4BE7H         LINE#         282
  C:4BEEH         LINE#         283
  C:4BF5H         LINE#         284
  C:4BF5H         LINE#         285
  C:4BF9H         LINE#         286
  C:4BF9H         LINE#         287
  C:4BFCH         LINE#         288
  C:4BFEH         LINE#         289
  C:4C01H         LINE#         291
  C:4C04H         LINE#         292
  C:4C04H         LINE#         294
  C:4C08H         LINE#         295
  C:4C08H         LINE#         297
  C:4C27H         LINE#         301
  C:4C29H         LINE#         302
  C:4C2CH         LINE#         303
  C:4C2EH         LINE#         304
  -------         ENDPROC       UCREAD_STATUS_REGISTER_BYTE1
  -------         PROC          SPI_NOR_WRITE_DATA
  X:03F4H         SYMBOL        dat
  X:03FFH         SYMBOL        addr
  C:3CBFH         LINE#         306
  C:3CBFH         LINE#         307
  C:3CBFH         LINE#         309
  C:3CC2H         LINE#         311
  C:3CDCH         LINE#         312
  C:3CFAH         LINE#         314
  C:3D01H         LINE#         315
  C:3D04H         LINE#         317
  C:3D1EH         LINE#         318
  C:3D1EH         LINE#         319
BL51 BANKED LINKER/LOCATER V6.22                                                      05/29/2019  11:10:33  PAGE 49


  C:3D1EH         LINE#         322
  C:3D21H         LINE#         324
  C:3D3BH         LINE#         325
  C:3D3BH         LINE#         326
  C:3D3BH         LINE#         328
  C:3D3EH         LINE#         330
  C:3D58H         LINE#         331
  C:3D58H         LINE#         332
  C:3D58H         LINE#         334
  C:3D5BH         LINE#         336
  C:3D75H         LINE#         337
  C:3D75H         LINE#         338
  C:3D75H         LINE#         340
  C:3D78H         LINE#         342
  C:3D92H         LINE#         343
  C:3D92H         LINE#         344
  C:3D92H         LINE#         346
  C:3D95H         LINE#         348
  C:3DAFH         LINE#         349
  C:3DAFH         LINE#         350
  C:3DAFH         LINE#         352
  C:3DB2H         LINE#         354
  C:3DCCH         LINE#         355
  C:3DCCH         LINE#         356
  C:3DCCH         LINE#         358
  C:3DCFH         LINE#         360
  C:3DE9H         LINE#         361
  C:3DE9H         LINE#         362
  C:3DE9H         LINE#         364
  C:3DECH         LINE#         366
  C:3E06H         LINE#         367
  C:3E06H         LINE#         368
  C:3E06H         LINE#         370
  C:3E09H         LINE#         372
  C:3E23H         LINE#         373
  C:3E2AH         LINE#         374
  -------         ENDPROC       SPI_NOR_WRITE_DATA
  -------         ENDMOD        AT25SF041

  -------         MODULE        SI1120
  C:0000H         SYMBOL        _ICE_DUMMY_
  D:0080H         PUBLIC        P0
  D:00B2H         PUBLIC        P3M0
  D:0090H         PUBLIC        P1
  D:00B1H         PUBLIC        P3M1
  D:00A0H         PUBLIC        P2
  D:00B0H         PUBLIC        P3
  D:00C0H         PUBLIC        P4
  D:00C8H         PUBLIC        P5
  B:00A8H.7       PUBLIC        EA
  D:00E8H         PUBLIC        P6
  D:00F8H         PUBLIC        P7
  D:00A8H         PUBLIC        IE
  D:00B8H         PUBLIC        IP
  C:5328H         PUBLIC        SI1120_CONFIG_MODE_VIRH
  D:00D8H         PUBLIC        CCON
  D:0098H         PUBLIC        SCON
BL51 BANKED LINKER/LOCATER V6.22                                                      05/29/2019  11:10:33  PAGE 50


  D:0088H         PUBLIC        TCON
  C:5693H         PUBLIC        Enable_EXTINT0
  B:0090H.5       PUBLIC        SI1120_STX
  B:0088H.0       PUBLIC        IT0
  B:00A8H.0       PUBLIC        EX0
  B:0090H.4       PUBLIC        SI1120_MD
  B:0090H.6       PUBLIC        SI1120_SC
  D:00D0H         PUBLIC        PSW
  -------         PROC          SI1120_CONFIG_MODE_VIRH
  C:5328H         LINE#         4
  C:5328H         LINE#         5
  C:5328H         LINE#         6
  C:532AH         LINE#         7
  C:532CH         LINE#         8
  C:532EH         LINE#         10
  C:5335H         LINE#         11
  C:5337H         LINE#         13
  C:5339H         LINE#         14
  C:533BH         LINE#         16
  C:5342H         LINE#         18
  C:5344H         LINE#         20
  C:534BH         LINE#         23
  C:534DH         LINE#         25
  C:534FH         LINE#         27
  C:5356H         LINE#         29
  C:5358H         LINE#         31
  -------         ENDPROC       SI1120_CONFIG_MODE_VIRH
  -------         PROC          ENABLE_EXTINT0
  C:5693H         LINE#         33
  C:5693H         LINE#         34
  C:5693H         LINE#         35
  C:5696H         LINE#         36
  C:5699H         LINE#         37
  C:569BH         LINE#         38
  C:569DH         LINE#         39
  C:569FH         LINE#         40
  -------         ENDPROC       ENABLE_EXTINT0
  -------         ENDMOD        SI1120

  -------         MODULE        UART1
  C:0000H         SYMBOL        _ICE_DUMMY_
  D:0080H         PUBLIC        P0
  D:0090H         PUBLIC        P1
  D:00A0H         PUBLIC        P2
  D:00B0H         PUBLIC        P3
  D:00C0H         PUBLIC        P4
  D:00C8H         PUBLIC        P5
  C:5471H         PUBLIC        _uart1_SendToTCPServer
  B:00A8H.7       PUBLIC        EA
  D:00E8H         PUBLIC        P6
  D:00F8H         PUBLIC        P7
  C:52F5H         PUBLIC        _SendString
  D:00A8H         PUBLIC        IE
  B:00A8H.4       PUBLIC        ES
  D:00B8H         PUBLIC        IP
  C:557EH         PUBLIC        _ASCIItoBCD
  D:00D8H         PUBLIC        CCON
BL51 BANKED LINKER/LOCATER V6.22                                                      05/29/2019  11:10:33  PAGE 51


  C:5648H         PUBLIC        initUART1
  D:0098H         PUBLIC        SCON
  D:0088H         PUBLIC        TCON
  C:56ECH         PUBLIC        _DectoBCD
  C:001EH         PUBLIC        _ASCII_Letter
  D:008EH         PUBLIC        AUXR
  C:0006H         PUBLIC        _unit
  C:56E1H         PUBLIC        _ten
  D:00D6H         PUBLIC        T2H
  D:00D7H         PUBLIC        T2L
  C:56D2H         PUBLIC        uart1_InitTCPConn
  D:00D0H         PUBLIC        PSW
  -------         PROC          INITUART1
  C:5648H         LINE#         24
  C:5648H         LINE#         25
  C:5648H         LINE#         26
  C:564BH         LINE#         27
  C:564EH         LINE#         28
  C:5651H         LINE#         29
  C:5654H         LINE#         30
  C:5656H         LINE#         31
  C:5658H         LINE#         34
  -------         ENDPROC       INITUART1
  -------         PROC          _SENDSTRING
  X:03F7H         SYMBOL        s
  C:52F5H         LINE#         39
  C:5300H         LINE#         40
  C:5300H         LINE#         41
  C:5310H         LINE#         42
  C:5310H         LINE#         43
  C:5325H         LINE#         44
  C:5327H         LINE#         45
  -------         ENDPROC       _SENDSTRING
  -------         PROC          _TEN
  D:0007H         SYMBOL        BCD
  C:56E1H         LINE#         47
  C:56E1H         LINE#         48
  C:56E1H         LINE#         49
  C:56E6H         LINE#         50
  -------         ENDPROC       _TEN
  -------         PROC          _UNIT
  D:0007H         SYMBOL        BCD
  C:0006H         LINE#         51
  C:0006H         LINE#         52
  C:0006H         LINE#         56
  C:000AH         LINE#         57
  -------         ENDPROC       _UNIT
  -------         PROC          _DECTOBCD
  D:0007H         SYMBOL        dec
  C:56ECH         LINE#         58
  C:56ECH         LINE#         59
  C:56ECH         LINE#         61
  C:56ECH         LINE#         62
  -------         ENDPROC       _DECTOBCD
  -------         PROC          _ASCII_LETTER
  D:0007H         SYMBOL        dat
  C:001EH         LINE#         64
BL51 BANKED LINKER/LOCATER V6.22                                                      05/29/2019  11:10:33  PAGE 52


  C:001EH         LINE#         65
  C:001EH         LINE#         67
  C:0022H         LINE#         68
  -------         ENDPROC       _ASCII_LETTER
  -------         PROC          _ASCIITOBCD
  D:0001H         SYMBOL        ascii
  -------         DO            
  D:0007H         SYMBOL        dec_val
  D:0006H         SYMBOL        ten
  D:0007H         SYMBOL        unit
  -------         ENDDO         
  C:557EH         LINE#         70
  C:557EH         LINE#         71
  C:557EH         LINE#         73
  C:5581H         LINE#         74
  C:5587H         LINE#         75
  C:558EH         LINE#         76
  C:5594H         LINE#         78
  -------         ENDPROC       _ASCIITOBCD
  -------         PROC          UART1_INITTCPCONN
  C:56D2H         LINE#         80
  C:56D2H         LINE#         81
  C:56D2H         LINE#         85
  -------         ENDPROC       UART1_INITTCPCONN
  -------         PROC          _UART1_SENDTOTCPSERVER
  X:03F4H         SYMBOL        str
  C:5471H         LINE#         89
  C:547CH         LINE#         90
  C:547CH         LINE#         91
  C:5485H         LINE#         92
  C:548CH         LINE#         93
  -------         ENDPROC       _UART1_SENDTOTCPSERVER
  -------         ENDMOD        UART1

  -------         MODULE        ?C_STARTUP
  C:4E02H         SEGMENT       ?C_C51STARTUP
  I:0021H         SEGMENT       ?STACK
  C:0000H         PUBLIC        ?C_STARTUP
  D:00E0H         SYMBOL        ACC
  D:00F0H         SYMBOL        B
  D:0083H         SYMBOL        DPH
  D:0082H         SYMBOL        DPL
  N:0000H         SYMBOL        IBPSTACK
  N:0100H         SYMBOL        IBPSTACKTOP
  N:0080H         SYMBOL        IDATALEN
  C:4E05H         SYMBOL        IDATALOOP
  N:0000H         SYMBOL        PBPSTACK
  N:0100H         SYMBOL        PBPSTACKTOP
  N:0000H         SYMBOL        PDATALEN
  N:0000H         SYMBOL        PDATASTART
  N:0000H         SYMBOL        PPAGE
  N:0000H         SYMBOL        PPAGEENABLE
  D:00A0H         SYMBOL        PPAGE_SFR
  D:0081H         SYMBOL        SP
  C:4E02H         SYMBOL        STARTUP1
  N:0000H         SYMBOL        XBPSTACK
  N:0000H         SYMBOL        XBPSTACKTOP
BL51 BANKED LINKER/LOCATER V6.22                                                      05/29/2019  11:10:33  PAGE 53


  N:0000H         SYMBOL        XDATALEN
  N:0000H         SYMBOL        XDATASTART
  C:0000H         LINE#         126
  C:4E02H         LINE#         133
  C:4E04H         LINE#         134
  C:4E05H         LINE#         135
  C:4E06H         LINE#         136
  C:4E08H         LINE#         185
  C:4E0BH         LINE#         196
  -------         ENDMOD        ?C_STARTUP

  -------         MODULE        ?C?FPADD
  C:0CB3H         PUBLIC        ?C?FPADD
  C:0CAFH         PUBLIC        ?C?FPSUB
  -------         ENDMOD        ?C?FPADD

  -------         MODULE        ?C?FPMUL
  C:0DA4H         PUBLIC        ?C?FPMUL
  -------         ENDMOD        ?C?FPMUL

  -------         MODULE        ?C?FPDIV
  C:0EADH         PUBLIC        ?C?FPDIV
  -------         ENDMOD        ?C?FPDIV

  -------         MODULE        ?C?FPCMP
  C:0F4CH         PUBLIC        ?C?FPCMP
  C:0F4AH         PUBLIC        ?C?FPCMP3
  -------         ENDMOD        ?C?FPCMP

  -------         MODULE        ?C?FPNEG
  C:0FC3H         PUBLIC        ?C?FPNEG
  -------         ENDMOD        ?C?FPNEG

  -------         MODULE        ?C?FCAST
  C:0FDEH         PUBLIC        ?C?FCASTC
  C:0FD9H         PUBLIC        ?C?FCASTI
  C:0FD4H         PUBLIC        ?C?FCASTL
  -------         ENDMOD        ?C?FCAST

  -------         MODULE        ?C?CASTF
  C:1012H         PUBLIC        ?C?CASTF
  -------         ENDMOD        ?C?CASTF

  -------         MODULE        ATAN2
  X:049BH         PUBLIC        ?_atan2?BYTE
  C:4C2FH         PUBLIC        _atan2
  -------         ENDMOD        ATAN2

  -------         MODULE        SIN
  C:3E90H         PUBLIC        _COS
  C:3EA6H         PUBLIC        _SIN
  C:3EE2H         PUBLIC        _TAN
  -------         ENDMOD        SIN

  -------         MODULE        ACOS
  C:516DH         PUBLIC        _ACOS
  -------         ENDMOD        ACOS
BL51 BANKED LINKER/LOCATER V6.22                                                      05/29/2019  11:10:33  PAGE 54



  -------         MODULE        ASIN
  C:52BAH         PUBLIC        _ASIN
  -------         ENDMOD        ASIN

  -------         MODULE        POW
  X:03BCH         PUBLIC        ?_pow?BYTE
  C:3FD0H         PUBLIC        _pow
  -------         ENDMOD        POW

  -------         MODULE        ?C?CHKFLOAT
  C:1093H         PUBLIC        ?C?CHKFLOAT
  -------         ENDMOD        ?C?CHKFLOAT

  -------         MODULE        EXP
  C:4DA0H         PUBLIC        _EXP
  -------         ENDMOD        EXP

  -------         MODULE        LOG
  C:42BFH         PUBLIC        _LOG
  C:42BBH         PUBLIC        _LOG10
  -------         ENDMOD        LOG

  -------         MODULE        SQRT
  C:4AE6H         PUBLIC        _SQRT
  -------         ENDMOD        SQRT

  -------         MODULE        ATAN
  C:43D4H         PUBLIC        _ATAN
  -------         ENDMOD        ATAN

  -------         MODULE        ?C?COPY
  C:11CAH         PUBLIC        ?C?COPY
  -------         ENDMOD        ?C?COPY

  -------         MODULE        ?C?CLDPTR
  C:11F0H         PUBLIC        ?C?CLDPTR
  -------         ENDMOD        ?C?CLDPTR

  -------         MODULE        ?C?CLDOPTR
  C:1209H         PUBLIC        ?C?CLDOPTR
  -------         ENDMOD        ?C?CLDOPTR

  -------         MODULE        ?C?CSTPTR
  C:1236H         PUBLIC        ?C?CSTPTR
  -------         ENDMOD        ?C?CSTPTR

  -------         MODULE        ?C?IMUL
  C:1248H         PUBLIC        ?C?IMUL
  -------         ENDMOD        ?C?IMUL

  -------         MODULE        ?C?UIDIV
  C:125AH         PUBLIC        ?C?UIDIV
  -------         ENDMOD        ?C?UIDIV

  -------         MODULE        ?C?SIDIV
  C:12AFH         PUBLIC        ?C?SIDIV
BL51 BANKED LINKER/LOCATER V6.22                                                      05/29/2019  11:10:33  PAGE 55


  -------         ENDMOD        ?C?SIDIV

  -------         MODULE        ?C?ILDIX
  C:12E5H         PUBLIC        ?C?ILDIX
  -------         ENDMOD        ?C?ILDIX

  -------         MODULE        ?C?ILDOPTR
  C:12FBH         PUBLIC        ?C?ILDOPTR
  -------         ENDMOD        ?C?ILDOPTR

  -------         MODULE        ?C?ISTPTR
  C:1333H         PUBLIC        ?C?ISTPTR
  -------         ENDMOD        ?C?ISTPTR

  -------         MODULE        ?C?LMUL
  C:1352H         PUBLIC        ?C?LMUL
  -------         ENDMOD        ?C?LMUL

  -------         MODULE        ?C?SLDIV
  C:51B7H         PUBLIC        ?C?SLDIV
  -------         ENDMOD        ?C?SLDIV

  -------         MODULE        ?C?LNEG
  C:13A1H         PUBLIC        ?C?LNEG
  -------         ENDMOD        ?C?LNEG

  -------         MODULE        ?C?ULCMP
  C:13AFH         PUBLIC        ?C?ULCMP
  -------         ENDMOD        ?C?ULCMP

  -------         MODULE        ?C?LSHL
  C:13C0H         PUBLIC        ?C?LSHL
  -------         ENDMOD        ?C?LSHL

  -------         MODULE        ?C?LLDPTR
  C:13D3H         PUBLIC        ?C?LLDPTR
  -------         ENDMOD        ?C?LLDPTR

  -------         MODULE        ?C?LLDOPTR
  C:13F3H         PUBLIC        ?C?LLDOPTR
  -------         ENDMOD        ?C?LLDOPTR

  -------         MODULE        ?C?LSTPTR
  C:1423H         PUBLIC        ?C?LSTPTR
  -------         ENDMOD        ?C?LSTPTR

  -------         MODULE        ?C?LSTOPTR
  C:143DH         PUBLIC        ?C?LSTOPTR
  -------         ENDMOD        ?C?LSTOPTR

  -------         MODULE        ?C?LLDXDATA
  C:1461H         PUBLIC        ?C?LLDXDATA
  -------         ENDMOD        ?C?LLDXDATA

  -------         MODULE        ?C?LLDCODE
  C:146DH         PUBLIC        ?C?LLDCODE
  -------         ENDMOD        ?C?LLDCODE
BL51 BANKED LINKER/LOCATER V6.22                                                      05/29/2019  11:10:33  PAGE 56



  -------         MODULE        ?C?LLDXDATA0
  C:147DH         PUBLIC        ?C?LLDXDATA0
  -------         ENDMOD        ?C?LLDXDATA0

  -------         MODULE        ?C?LLDCODE0
  C:1489H         PUBLIC        ?C?LLDCODE0
  -------         ENDMOD        ?C?LLDCODE0

  -------         MODULE        ?C?LLDPTR0
  C:1499H         PUBLIC        ?C?LLDPTR0
  -------         ENDMOD        ?C?LLDPTR0

  -------         MODULE        ?C?LSTXDATA
  C:14B9H         PUBLIC        ?C?LSTXDATA
  -------         ENDMOD        ?C?LSTXDATA

  -------         MODULE        ?C?LSTKXDATA
  C:14C5H         PUBLIC        ?C?LSTKXDATA
  -------         ENDMOD        ?C?LSTKXDATA

  -------         MODULE        ?C?LSTKPTR
  C:14F6H         PUBLIC        ?C?LSTKPTR
  -------         ENDMOD        ?C?LSTKPTR

  -------         MODULE        ?C?OFFXADD
  C:1510H         PUBLIC        ?C?OFFXADD
  -------         ENDMOD        ?C?OFFXADD

  -------         MODULE        ATOI
  C:47DCH         PUBLIC        _atoi
  -------         ENDMOD        ATOI

  -------         MODULE        ?C?IILDX
  C:151CH         PUBLIC        ?C?IILDX
  -------         ENDMOD        ?C?IILDX

  -------         MODULE        ?C?ULDIV
  C:156EH         PUBLIC        ?C?ULDIV
  -------         ENDMOD        ?C?ULDIV

  -------         MODULE        ?C?LLDIDATA
  C:1600H         PUBLIC        ?C?LLDIDATA
  -------         ENDMOD        ?C?LLDIDATA

  -------         MODULE        ?C?LLDPDATA
  C:160CH         PUBLIC        ?C?LLDPDATA
  -------         ENDMOD        ?C?LLDPDATA

  -------         MODULE        ?C?LLDIDATA0
  C:1618H         PUBLIC        ?C?LLDIDATA0
  -------         ENDMOD        ?C?LLDIDATA0

  -------         MODULE        ?C?LLDPDATA0
  C:1625H         PUBLIC        ?C?LLDPDATA0
  -------         ENDMOD        ?C?LLDPDATA0

BL51 BANKED LINKER/LOCATER V6.22                                                      05/29/2019  11:10:33  PAGE 57


  -------         MODULE        ?C?LSTIDATA
  C:1632H         PUBLIC        ?C?LSTIDATA
  -------         ENDMOD        ?C?LSTIDATA

  -------         MODULE        ?C?LSTPDATA
  C:163EH         PUBLIC        ?C?LSTPDATA
  -------         ENDMOD        ?C?LSTPDATA

  -------         MODULE        ?C?LSTKIDATA
  C:164AH         PUBLIC        ?C?LSTKIDATA
  -------         ENDMOD        ?C?LSTKIDATA

  -------         MODULE        ?C?LSTKPDATA
  C:1663H         PUBLIC        ?C?LSTKPDATA
  -------         ENDMOD        ?C?LSTKPDATA

  -------         MODULE        ISDIGIT
  C:5677H         PUBLIC        _isdigit
  -------         ENDMOD        ISDIGIT

  -------         MODULE        ISSPACE
  C:5612H         PUBLIC        _isspace
  -------         ENDMOD        ISSPACE

*** WARNING L16: UNCALLED SEGMENT, IGNORED FOR OVERLAY PROCESS
    SEGMENT: ?PR?_DAY_OF_YEAR?PCF85063BTL

*** WARNING L16: UNCALLED SEGMENT, IGNORED FOR OVERLAY PROCESS
    SEGMENT: ?PR?NOP?IOEXPANDER_PI4IOE5V96248

*** WARNING L16: UNCALLED SEGMENT, IGNORED FOR OVERLAY PROCESS
    SEGMENT: ?PR?UC_ACK?IOEXPANDER_PI4IOE5V96248

*** WARNING L16: UNCALLED SEGMENT, IGNORED FOR OVERLAY PROCESS
    SEGMENT: ?PR?UC_NACK?IOEXPANDER_PI4IOE5V96248

*** WARNING L16: UNCALLED SEGMENT, IGNORED FOR OVERLAY PROCESS
    SEGMENT: ?PR?_AT25SF041_READ?AT25SF041

*** WARNING L16: UNCALLED SEGMENT, IGNORED FOR OVERLAY PROCESS
    SEGMENT: ?PR?_TEN?UART1

*** WARNING L16: UNCALLED SEGMENT, IGNORED FOR OVERLAY PROCESS
    SEGMENT: ?PR?_UNIT?UART1

*** WARNING L16: UNCALLED SEGMENT, IGNORED FOR OVERLAY PROCESS
    SEGMENT: ?PR?_DECTOBCD?UART1

*** WARNING L16: UNCALLED SEGMENT, IGNORED FOR OVERLAY PROCESS
    SEGMENT: ?PR?_ASCII_LETTER?UART1

*** WARNING L16: UNCALLED SEGMENT, IGNORED FOR OVERLAY PROCESS
    SEGMENT: ?PR?_ASCIITOBCD?UART1

Program Size: data=9.6 xdata=1544 code=22253
LINK/LOCATE RUN COMPLETE.  10 WARNING(S),  0 ERROR(S)
