BL51 BANKED LINKER/LOCATER V6.22                                                        08/23/2018  17:34:55  PAGE 1


BL51 BANKED LINKER/LOCATER V6.22, INVOKED BY:
C:\KEIL_V5\C51\BIN\BL51.EXE .\Obj\main.obj, .\Obj\PCF85063BTL.obj, .\Obj\UART1.obj, .\Obj\LCd_Driver_SPLC780D.obj, .\Obj
>> \KeyPad.obj, .\Obj\VCNL4035.obj, .\Obj\BipolarMotor.obj, .\Obj\SunPos.obj, .\Obj\STARTUP.obj TO .\Obj\GPIO_RTC_Test P
>> RINT (.\Lis\GPIO_RTC_Test.m51) RAMSIZE (256)


MEMORY MODEL: LARGE WITH FLOATING POINT ARITHMETIC


INPUT MODULES INCLUDED:
  .\Obj\main.obj (MAIN)
  .\Obj\PCF85063BTL.obj (PCF85063BTL)
  .\Obj\UART1.obj (UART1)
  .\Obj\LCd_Driver_SPLC780D.obj (LCD_DRIVER_SPLC780D)
  .\Obj\KeyPad.obj (KEYPAD)
  .\Obj\VCNL4035.obj (VCNL4035)
  .\Obj\BipolarMotor.obj (BIPOLARMOTOR)
  .\Obj\SunPos.obj (SUNPOS)
  .\Obj\STARTUP.obj (?C_STARTUP)
  C:\KEIL_V5\C51\LIB\C51FPL.LIB (?C?FPADD)
  C:\KEIL_V5\C51\LIB\C51FPL.LIB (?C?FPMUL)
  C:\KEIL_V5\C51\LIB\C51FPL.LIB (?C?FPDIV)
  C:\KEIL_V5\C51\LIB\C51FPL.LIB (?C?FPCMP)
  C:\KEIL_V5\C51\LIB\C51FPL.LIB (?C?FPNEG)
  C:\KEIL_V5\C51\LIB\C51FPL.LIB (?C?FCAST)
  C:\KEIL_V5\C51\LIB\C51FPL.LIB (?C?CASTF)
  C:\KEIL_V5\C51\LIB\C51FPL.LIB (ATAN2)
  C:\KEIL_V5\C51\LIB\C51FPL.LIB (SIN)
  C:\KEIL_V5\C51\LIB\C51FPL.LIB (ACOS)
  C:\KEIL_V5\C51\LIB\C51FPL.LIB (ASIN)
  C:\KEIL_V5\C51\LIB\C51FPL.LIB (POW)
  C:\KEIL_V5\C51\LIB\C51FPL.LIB (?C?FPGETOPN)
  C:\KEIL_V5\C51\LIB\C51FPL.LIB (?C?CHKFLOAT)
  C:\KEIL_V5\C51\LIB\C51FPL.LIB (?C?FPSERIES)
  C:\KEIL_V5\C51\LIB\C51FPL.LIB (EXP)
  C:\KEIL_V5\C51\LIB\C51FPL.LIB (LOG)
  C:\KEIL_V5\C51\LIB\C51FPL.LIB (SQRT)
  C:\KEIL_V5\C51\LIB\C51FPL.LIB (ATAN)
  C:\KEIL_V5\C51\LIB\C51L.LIB (?C_INIT)
  C:\KEIL_V5\C51\LIB\C51L.LIB (?C?COPY)
  C:\KEIL_V5\C51\LIB\C51L.LIB (?C?CLDPTR)
  C:\KEIL_V5\C51\LIB\C51L.LIB (?C?CSTPTR)
  C:\KEIL_V5\C51\LIB\C51L.LIB (?C?IMUL)
  C:\KEIL_V5\C51\LIB\C51L.LIB (?C?UIDIV)
  C:\KEIL_V5\C51\LIB\C51L.LIB (?C?SIDIV)
  C:\KEIL_V5\C51\LIB\C51L.LIB (?C?ILDIX)
  C:\KEIL_V5\C51\LIB\C51L.LIB (?C?LMUL)
  C:\KEIL_V5\C51\LIB\C51L.LIB (?C?SLDIV)
  C:\KEIL_V5\C51\LIB\C51L.LIB (?C?LNEG)
  C:\KEIL_V5\C51\LIB\C51L.LIB (?C?LLDPTR)
  C:\KEIL_V5\C51\LIB\C51L.LIB (?C?LLDOPTR)
  C:\KEIL_V5\C51\LIB\C51L.LIB (?C?LSTPTR)
  C:\KEIL_V5\C51\LIB\C51L.LIB (?C?LSTOPTR)
  C:\KEIL_V5\C51\LIB\C51L.LIB (?C?LLDXDATA)
  C:\KEIL_V5\C51\LIB\C51L.LIB (?C?LLDCODE)
  C:\KEIL_V5\C51\LIB\C51L.LIB (?C?LLDXDATA0)
  C:\KEIL_V5\C51\LIB\C51L.LIB (?C?LLDCODE0)
  C:\KEIL_V5\C51\LIB\C51L.LIB (?C?LLDPTR0)
BL51 BANKED LINKER/LOCATER V6.22                                                      08/23/2018  17:34:55  PAGE 2


  C:\KEIL_V5\C51\LIB\C51L.LIB (?C?LSTXDATA)
  C:\KEIL_V5\C51\LIB\C51L.LIB (?C?LSTKXDATA)
  C:\KEIL_V5\C51\LIB\C51L.LIB (?C?OFFXADD)
  C:\KEIL_V5\C51\LIB\C51L.LIB (ABS)
  C:\KEIL_V5\C51\LIB\C51L.LIB (ATOI)
  C:\KEIL_V5\C51\LIB\C51L.LIB (?C?IILDX)
  C:\KEIL_V5\C51\LIB\C51L.LIB (?C?ULDIV)
  C:\KEIL_V5\C51\LIB\C51L.LIB (?C?LLDIDATA)
  C:\KEIL_V5\C51\LIB\C51L.LIB (?C?LLDPDATA)
  C:\KEIL_V5\C51\LIB\C51L.LIB (?C?LLDIDATA0)
  C:\KEIL_V5\C51\LIB\C51L.LIB (?C?LLDPDATA0)
  C:\KEIL_V5\C51\LIB\C51L.LIB (?C?LSTIDATA)
  C:\KEIL_V5\C51\LIB\C51L.LIB (?C?LSTPDATA)
  C:\KEIL_V5\C51\LIB\C51L.LIB (ISDIGIT)
  C:\KEIL_V5\C51\LIB\C51L.LIB (ISSPACE)


LINK MAP OF MODULE:  .\Obj\GPIO_RTC_Test (MAIN)


            TYPE    BASE      LENGTH    RELOCATION   SEGMENT NAME
            -----------------------------------------------------

            * * * * * * *   D A T A   M E M O R Y   * * * * * * *
            REG     0000H     0008H     ABSOLUTE     "REG BANK 0"
            REG     0008H     0008H     ABSOLUTE     "REG BANK 1"
                    0010H     0010H                  *** GAP ***
            BIT     0020H.0   0000H.4   UNIT         ?BI?KEYPAD
            BIT     0020H.4   0000H.3   UNIT         _BIT_GROUP_
            BIT     0020H.7   0000H.1   UNIT         ?BI?MAIN
            IDATA   0021H     0001H     UNIT         ?STACK

            * * * * * * *  X D A T A   M E M O R Y  * * * * * * *
            XDATA   0000H     03C8H     UNIT         ?XD?BIPOLARMOTOR
            XDATA   03C8H     0130H     UNIT         _XDATA_GROUP_
            XDATA   04F8H     0040H     UNIT         ?XD?_FINDDET4X4?BIPOLARMOTOR
            XDATA   0538H     001CH     UNIT         ?XD?MAIN
            XDATA   0554H     0014H     UNIT         ?XD?LINEAR_INTERPOLATE?BIPOLARMOTOR
            XDATA   0568H     0009H     UNIT         ?XD?KEYPAD
            XDATA   0571H     0008H     UNIT         ?XD?_READ_VCNL4035?VCNL4035
            XDATA   0579H     0004H     UNIT         ?XD?_DISPLAY_PROX?MAIN
            XDATA   057DH     0003H     UNIT         ?XD?_SENDSTRING?UART1
            XDATA   0580H     0001H     UNIT         ?XD?UC_ACK?VCNL4035
            XDATA   0581H     0001H     UNIT         ?XD?UC_NACK?VCNL4035
            XDATA   0582H     0001H     UNIT         ?XD?_DISPLAYLCD_VCNL4035?VCNL4035

            * * * * * * *   C O D E   M E M O R Y   * * * * * * *
            CODE    0000H     0003H     ABSOLUTE     
            CODE    0003H     0006H     UNIT         ?PR?_TEN?UART1
            CODE    0009H     0001H     UNIT         ?PR?TM0_ISR?MAIN
            CODE    000AH     0001H     UNIT         ?PR?_DECTOBCD?UART1
            CODE    000BH     0003H     ABSOLUTE     
            CODE    000EH     0015H     UNIT         ?PR?_DISPLAY_LINE?LCD_DRIVER_SPLC780D
            CODE    0023H     0003H     ABSOLUTE     
            CODE    0026H     08DCH     UNIT         ?C?LIB_CODE
            CODE    0902H     08A2H     UNIT         ?PR?_UPDATE_POSITION?BIPOLARMOTOR
            CODE    11A4H     07A2H     UNIT         ?PR?SUNPOS?SUNPOS
BL51 BANKED LINKER/LOCATER V6.22                                                      08/23/2018  17:34:55  PAGE 3


            CODE    1946H     0459H     UNIT         ?PR?SECOND_ORDER_INTERPOLATE?BIPOLARMOTOR
            CODE    1D9FH     0414H     UNIT         ?C_INITSEG
            CODE    21B3H     02C0H     UNIT         ?PR?_FINDDET4X4?BIPOLARMOTOR
            CODE    2473H     02A0H     UNIT         ?PR?KEY_PROCESS?KEYPAD
            CODE    2713H     0286H     UNIT         ?PR?MAIN?MAIN
            CODE    2999H     01D1H     UNIT         ?PR?_FINDDET3X3?BIPOLARMOTOR
            CODE    2B6AH     01B5H     UNIT         ?PR?_DISPLAY_POS?MAIN
            CODE    2D1FH     018DH     UNIT         ?PR?KEY_SCAN?KEYPAD
            CODE    2EACH     0188H     UNIT         ?PR?SIN?SIN
            CODE    3034H     0166H     UNIT         ?PR?_POW?POW
            CODE    319AH     0129H     UNIT         ?PR?LOG?LOG
            CODE    32C3H     0122H     UNIT         ?PR?ATAN?ATAN
            CODE    33E5H     00DBH     UNIT         ?PR?_ATOI?ATOI
            CODE    34C0H     00ACH     UNIT         ?PR?SQRT?SQRT
            CODE    356CH     00A0H     UNIT         ?PR?LINEAR_INTERPOLATE?BIPOLARMOTOR
            CODE    360CH     009DH     UNIT         ?PR?_ATAN2?ATAN2
            CODE    36A9H     009BH     UNIT         ?PR?UART?MAIN
            CODE    3744H     009AH     UNIT         ?PR?_READ_VCNL4035?VCNL4035
            CODE    37DEH     009AH     UNIT         ?PR?EXP?EXP
            CODE    3878H     0095H     UNIT         ?PR?_DISPLAY_PROX?MAIN
            CODE    390DH     008CH     UNIT         ?C_C51STARTUP
            CODE    3999H     0084H     UNIT         ?PR?_DAY_OF_YEAR?PCF85063BTL
            CODE    3A1DH     0075H     UNIT         ?PR?_WRITEDATA?LCD_DRIVER_SPLC780D
            CODE    3A92H     006FH     UNIT         ?PR?_READ_TIME?PCF85063BTL
            CODE    3B01H     0059H     UNIT         ?PR?LCD_INIT?LCD_DRIVER_SPLC780D
            CODE    3B5AH     0059H     UNIT         ?PR?_STEP_MOVE?BIPOLARMOTOR
            CODE    3BB3H     004AH     UNIT         ?PR?ACOS?ACOS
            CODE    3BFDH     0049H     UNIT         ?PR?_WRITE_VCNL4035X?VCNL4035
            CODE    3C46H     0044H     UNIT         ?C?LDIV
            CODE    3C8AH     0040H     UNIT         ?PR?_COMMAND?LCD_DRIVER_SPLC780D
            CODE    3CCAH     003BH     UNIT         ?PR?ASIN?ASIN
            CODE    3D05H     0034H     UNIT         ?PR?_MOVE?BIPOLARMOTOR
            CODE    3D39H     0033H     UNIT         ?PR?_SENDSTRING?UART1
            CODE    3D6CH     002CH     UNIT         ?PR?I2C_RECEIVEBYTE?VCNL4035
            CODE    3D98H     002BH     UNIT         ?PR?_WAIT_MS_I2C?VCNL4035
            CODE    3DC3H     0024H     UNIT         ?PR?_WAIT_MS?LCD_DRIVER_SPLC780D
            CODE    3DE7H     0022H     UNIT         ?PR?_I2C_SENDBYTE?VCNL4035
            CODE    3E09H     0020H     UNIT         ?PR?_SPI_SENDBYTE?PCF85063BTL
            CODE    3E29H     0020H     UNIT         ?PR?SPI_RECEIVEBYTE?PCF85063BTL
            CODE    3E49H     001EH     UNIT         ?PR?_DELAY_MS?KEYPAD
            CODE    3E67H     001EH     UNIT         ?PR?_WAIT_MS_IIC?VCNL4035
            CODE    3E85H     001DH     UNIT         ?PR?_DISPLAYLCD?LCD_DRIVER_SPLC780D
            CODE    3EA2H     001BH     UNIT         ?PR?I2C_ACK?VCNL4035
            CODE    3EBDH     001BH     UNIT         ?PR?_BCDTODEC1?BIPOLARMOTOR
            CODE    3ED8H     0018H     UNIT         ?PR?_SPI_WRITETIME?PCF85063BTL
            CODE    3EF0H     0017H     UNIT         ?PR?_ASCIITOBCD?UART1
            CODE    3F07H     0017H     UNIT         ?PR?I2C_INIT?VCNL4035
            CODE    3F1EH     0015H     UNIT         ?PR?I2C_STOP?VCNL4035
            CODE    3F33H     0014H     UNIT         ?PR?_PCF85063BTL_DELAY?PCF85063BTL
            CODE    3F47H     0014H     UNIT         ?PR?_ISSPACE?ISSPACE
            CODE    3F5BH     0013H     UNIT         ?PR?I2C_START?VCNL4035
            CODE    3F6EH     0011H     UNIT         ?PR?_SPI_READTIME?PCF85063BTL
            CODE    3F7FH     0011H     UNIT         ?PR?_BCDTODEC?PCF85063BTL
            CODE    3F90H     0011H     UNIT         ?PR?INITUART1?UART1
            CODE    3FA1H     000FH     UNIT         ?PR?UC_NACK?VCNL4035
            CODE    3FB0H     000FH     UNIT         ?PR?_ISDIGIT?ISDIGIT
            CODE    3FBFH     000DH     UNIT         ?PR?SPI_INIT?PCF85063BTL
BL51 BANKED LINKER/LOCATER V6.22                                                      08/23/2018  17:34:55  PAGE 4


            CODE    3FCCH     000CH     UNIT         ?PR?KEYPAD_IO_INIT?KEYPAD
            CODE    3FD8H     000CH     UNIT         ?PR?_ABS?ABS
            CODE    3FE4H     000AH     UNIT         ?PR?LCD_RETURN_HOME?LCD_DRIVER_SPLC780D
            CODE    3FEEH     000AH     UNIT         ?PR?LCD_CLEAR?LCD_DRIVER_SPLC780D
            CODE    3FF8H     0009H     UNIT         ?PR?_SENDUART1?MAIN
            CODE    4001H     0006H     UNIT         ?PR?UC_ACK?VCNL4035
            CODE    4007H     0006H     UNIT         ?PR?_DISPLAYLCD_VCNL4035?VCNL4035
            CODE    400DH     0005H     UNIT         ?PR?_UNIT?UART1
            CODE    4012H     0005H     UNIT         ?PR?_ASCII_LETTER?UART1
            CODE    4017H     0001H     UNIT         ?PR?NOP?VCNL4035



OVERLAY MAP OF MODULE:   .\Obj\GPIO_RTC_Test (MAIN)


SEGMENT                                             BIT_GROUP          XDATA_GROUP
  +--> CALLED SEGMENT                            START    LENGTH     START    LENGTH
------------------------------------------------------------------------------------
?PR?UART?MAIN                                    -----    -----      -----    -----
  +--> ?PR?_ASCIITOBCD?UART1

?PR?_ASCIITOBCD?UART1                            -----    -----      -----    -----
  +--> ?PR?_ATOI?ATOI

?PR?_ATOI?ATOI                                   0020H.4  0000H.1    03C8H    0005H
  +--> ?PR?_ISSPACE?ISSPACE
  +--> ?PR?_ISDIGIT?ISDIGIT

*** NEW ROOT ***************************************************

?C_C51STARTUP                                    -----    -----      -----    -----
  +--> ?PR?MAIN?MAIN
  +--> ?C_INITSEG

?PR?MAIN?MAIN                                    -----    -----      03CDH    0017H
  +--> ?PR?LCD_INIT?LCD_DRIVER_SPLC780D
  +--> ?PR?SPI_INIT?PCF85063BTL
  +--> ?PR?KEYPAD_IO_INIT?KEYPAD
  +--> ?PR?I2C_INIT?VCNL4035
  +--> ?PR?_DELAY_MS?KEYPAD
  +--> ?PR?_DISPLAY_LINE?LCD_DRIVER_SPLC780D
  +--> ?PR?_WRITEDATA?LCD_DRIVER_SPLC780D
  +--> ?PR?KEY_PROCESS?KEYPAD
  +--> ?PR?_COMMAND?LCD_DRIVER_SPLC780D
  +--> ?PR?_DISPLAY_POS?MAIN
  +--> ?PR?_DISPLAYLCD?LCD_DRIVER_SPLC780D
  +--> ?PR?_STEP_MOVE?BIPOLARMOTOR
  +--> ?PR?LCD_RETURN_HOME?LCD_DRIVER_SPLC780D
  +--> ?PR?_READ_TIME?PCF85063BTL
  +--> ?PR?_UPDATE_POSITION?BIPOLARMOTOR

?PR?LCD_INIT?LCD_DRIVER_SPLC780D                 -----    -----      -----    -----
  +--> ?PR?_WAIT_MS?LCD_DRIVER_SPLC780D
  +--> ?PR?_COMMAND?LCD_DRIVER_SPLC780D

?PR?_COMMAND?LCD_DRIVER_SPLC780D                 -----    -----      -----    -----
BL51 BANKED LINKER/LOCATER V6.22                                                      08/23/2018  17:34:55  PAGE 5


  +--> ?PR?_WAIT_MS?LCD_DRIVER_SPLC780D

?PR?I2C_INIT?VCNL4035                            -----    -----      -----    -----
  +--> ?PR?_WRITE_VCNL4035X?VCNL4035

?PR?_WRITE_VCNL4035X?VCNL4035                    -----    -----      03E4H    0003H
  +--> ?PR?I2C_START?VCNL4035
  +--> ?PR?_WAIT_MS_I2C?VCNL4035
  +--> ?PR?I2C_ACK?VCNL4035
  +--> ?PR?_I2C_SENDBYTE?VCNL4035
  +--> ?PR?I2C_STOP?VCNL4035

?PR?I2C_START?VCNL4035                           -----    -----      -----    -----
  +--> ?PR?_WAIT_MS_IIC?VCNL4035
  +--> ?PR?_WAIT_MS_I2C?VCNL4035

?PR?I2C_ACK?VCNL4035                             -----    -----      03E7H    0001H
  +--> ?PR?_I2C_SENDBYTE?VCNL4035
  +--> ?PR?_WAIT_MS_I2C?VCNL4035

?PR?_I2C_SENDBYTE?VCNL4035                       -----    -----      -----    -----
  +--> ?PR?_WAIT_MS_I2C?VCNL4035

?PR?I2C_STOP?VCNL4035                            -----    -----      -----    -----
  +--> ?PR?_WAIT_MS_I2C?VCNL4035

?PR?_DISPLAY_LINE?LCD_DRIVER_SPLC780D            -----    -----      -----    -----
  +--> ?PR?_COMMAND?LCD_DRIVER_SPLC780D

?PR?_WRITEDATA?LCD_DRIVER_SPLC780D               -----    -----      03EEH    0001H
  +--> ?PR?_WAIT_MS?LCD_DRIVER_SPLC780D

?PR?KEY_PROCESS?KEYPAD                           -----    -----      03E4H    0006H
  +--> ?PR?KEY_SCAN?KEYPAD
  +--> ?PR?_SPI_WRITETIME?PCF85063BTL
  +--> ?PR?LCD_CLEAR?LCD_DRIVER_SPLC780D
  +--> ?PR?_COMMAND?LCD_DRIVER_SPLC780D
  +--> ?PR?_WRITEDATA?LCD_DRIVER_SPLC780D

?PR?KEY_SCAN?KEYPAD                              -----    -----      03EAH    0003H

?PR?_SPI_WRITETIME?PCF85063BTL                   -----    -----      -----    -----
  +--> ?PR?_SPI_SENDBYTE?PCF85063BTL

?PR?_SPI_SENDBYTE?PCF85063BTL                    -----    -----      -----    -----
  +--> ?PR?_PCF85063BTL_DELAY?PCF85063BTL

?PR?LCD_CLEAR?LCD_DRIVER_SPLC780D                -----    -----      -----    -----
  +--> ?PR?_COMMAND?LCD_DRIVER_SPLC780D

?PR?_DISPLAY_POS?MAIN                            -----    -----      03E4H    000AH
  +--> ?PR?_ABS?ABS
  +--> ?PR?_WRITEDATA?LCD_DRIVER_SPLC780D

?PR?_DISPLAYLCD?LCD_DRIVER_SPLC780D              -----    -----      03E4H    0001H
  +--> ?PR?_WRITEDATA?LCD_DRIVER_SPLC780D

BL51 BANKED LINKER/LOCATER V6.22                                                      08/23/2018  17:34:55  PAGE 6


?PR?_STEP_MOVE?BIPOLARMOTOR                      0020H.6  0000H.1    0493H    0004H
  +--> ?PR?_WAIT_MS?LCD_DRIVER_SPLC780D

?PR?LCD_RETURN_HOME?LCD_DRIVER_SPLC780D          -----    -----      -----    -----
  +--> ?PR?_COMMAND?LCD_DRIVER_SPLC780D

?PR?_READ_TIME?PCF85063BTL                       -----    -----      03E4H    000FH
  +--> ?PR?_SPI_READTIME?PCF85063BTL

?PR?_SPI_READTIME?PCF85063BTL                    -----    -----      -----    -----
  +--> ?PR?_SPI_SENDBYTE?PCF85063BTL
  +--> ?PR?SPI_RECEIVEBYTE?PCF85063BTL

?PR?SPI_RECEIVEBYTE?PCF85063BTL                  -----    -----      -----    -----
  +--> ?PR?_PCF85063BTL_DELAY?PCF85063BTL

?PR?_UPDATE_POSITION?BIPOLARMOTOR                -----    -----      03E4H    00ABH
  +--> ?PR?_BCDTODEC1?BIPOLARMOTOR
  +--> ?PR?_DAY_OF_YEAR?PCF85063BTL
  +--> ?PR?SUNPOS?SUNPOS
  +--> ?PR?SECOND_ORDER_INTERPOLATE?BIPOLARM...
  +--> ?PR?_MOVE?BIPOLARMOTOR

?PR?_DAY_OF_YEAR?PCF85063BTL                     -----    -----      -----    -----
  +--> ?PR?_BCDTODEC?PCF85063BTL

?PR?SUNPOS?SUNPOS                                -----    -----      048FH    005DH
  +--> ?PR?SIN?SIN
  +--> ?PR?_ATAN2?ATAN2
  +--> ?PR?ASIN?ASIN
  +--> ?PR?ACOS?ACOS

?PR?SIN?SIN                                      0020H.5  0000H.1    04ECH    0004H

?PR?_ATAN2?ATAN2                                 -----    -----      04ECH    0008H
  +--> ?PR?ATAN?ATAN

?PR?ATAN?ATAN                                    0020H.5  0000H.2    04F4H    0004H

?PR?ASIN?ASIN                                    -----    -----      -----    -----
  +--> ?PR?SQRT?SQRT
  +--> ?PR?ATAN?ATAN

?PR?SQRT?SQRT                                    -----    -----      04ECH    0004H

?PR?ACOS?ACOS                                    -----    -----      -----    -----
  +--> ?PR?SQRT?SQRT
  +--> ?PR?ATAN?ATAN

?PR?SECOND_ORDER_INTERPOLATE?BIPOLARM...         -----    -----      048FH    0030H
  +--> ?PR?_POW?POW
  +--> ?PR?_FINDDET3X3?BIPOLARMOTOR

?PR?_POW?POW                                     -----    -----      04BFH    000AH
  +--> ?PR?LOG?LOG
  +--> ?PR?EXP?EXP

BL51 BANKED LINKER/LOCATER V6.22                                                      08/23/2018  17:34:55  PAGE 7


?PR?LOG?LOG                                      0020H.5  0000H.1    04C9H    0004H

?PR?_FINDDET3X3?BIPOLARMOTOR                     -----    -----      04BFH    0024H

?PR?_MOVE?BIPOLARMOTOR                           0020H.5  0000H.1    048FH    0004H
  +--> ?PR?_STEP_MOVE?BIPOLARMOTOR



UNRESOLVED EXTERNAL SYMBOLS:
   AUTO_MODE



SYMBOL TABLE OF MODULE:  .\Obj\GPIO_RTC_Test (MAIN)

  VALUE           TYPE          NAME
  ----------------------------------

  -------         MODULE        MAIN
  C:0000H         SYMBOL        _ICE_DUMMY_
  D:0080H         PUBLIC        P0
  D:0090H         PUBLIC        P1
  D:00A0H         PUBLIC        P2
  D:00B0H         PUBLIC        P3
  D:00C0H         PUBLIC        P4
  D:00C8H         PUBLIC        P5
  X:0540H         SYMBOL        PressedKey
  B:00A8H.7       PUBLIC        EA
  D:00E8H         PUBLIC        P6
  D:00F8H         PUBLIC        P7
  X:0544H         PUBLIC        RX_Data_Uart_Cnt
  D:00A8H         PUBLIC        IE
  D:00B8H         PUBLIC        IP
  B:0098H.0       PUBLIC        RI
  B:0098H.1       PUBLIC        TI
  C:36A9H         PUBLIC        Uart
  D:00D8H         PUBLIC        CCON
  C:2713H         PUBLIC        main
  D:0099H         PUBLIC        SBUF
  D:0098H         PUBLIC        SCON
  D:0089H         PUBLIC        TMOD
  D:0088H         PUBLIC        TCON
  B:00B0H.3       PUBLIC        P33
  X:0546H         SYMBOL        KeyCount
  X:0548H         PUBLIC        Rec_data_hour
  X:054BH         PUBLIC        Rec_data_min
  D:008EH         PUBLIC        AUXR
  C:0009H         PUBLIC        tm0_isr
  B:0020H.7       PUBLIC        busy
  D:00E0H         PUBLIC        ACC
  B:00A8H.1       PUBLIC        ET0
  D:008CH         PUBLIC        TH0
  X:054EH         PUBLIC        hour_count
  D:008AH         PUBLIC        TL0
  X:054FH         PUBLIC        min_count
  B:0088H.4       PUBLIC        TR0
BL51 BANKED LINKER/LOCATER V6.22                                                      08/23/2018  17:34:55  PAGE 8


  X:0550H         SYMBOL        KeyNum
  X:0551H         SYMBOL        KeyNum_Old
  C:3878H         PUBLIC        _Display_Prox
  C:2B6AH         PUBLIC        _Display_Pos
  X:0552H         PUBLIC        st_time
  D:00D0H         PUBLIC        PSW
  C:3FF8H         PUBLIC        _SendUART1
  -------         PROC          TM0_ISR
  C:0009H         LINE#         53
  C:0009H         LINE#         56
  -------         ENDPROC       TM0_ISR
  -------         PROC          MAIN
  -------         DO            
  X:03CDH         SYMBOL        seconds
  X:03CEH         SYMBOL        mins
  X:03CFH         SYMBOL        hours
  X:03D0H         SYMBOL        days
  X:03D1H         SYMBOL        months
  X:03D2H         SYMBOL        mins1
  X:03D3H         SYMBOL        hours1
  X:03D4H         SYMBOL        mins2
  X:03D5H         SYMBOL        hours2
  X:03D6H         SYMBOL        prox_data
  X:0538H         SYMBOL        KeyCount
  X:053AH         SYMBOL        KeyNum_Old
  X:053BH         SYMBOL        KeyNum
  X:053CH         SYMBOL        PressedKey
  X:03D8H         SYMBOL        prox_flag
  X:03D9H         SYMBOL        count
  X:03DBH         SYMBOL        numStr
  X:03E0H         SYMBOL        current_position
  -------         ENDDO         
  C:2713H         LINE#         58
  C:2713H         LINE#         59
  C:2713H         LINE#         64
  C:2719H         LINE#         66
  C:271EH         LINE#         68
  C:2728H         LINE#         69
  C:272AH         LINE#         70
  C:272CH         LINE#         71
  C:272EH         LINE#         72
  C:2735H         LINE#         81
  C:2738H         LINE#         82
  C:273BH         LINE#         83
  C:273EH         LINE#         85
  C:2741H         LINE#         87
  C:2744H         LINE#         88
  C:2747H         LINE#         89
  C:274AH         LINE#         90
  C:274CH         LINE#         91
  C:274EH         LINE#         92
  C:2750H         LINE#         94
  C:2752H         LINE#         96
  C:2759H         LINE#         98
  C:2760H         LINE#         102
  C:2767H         LINE#         103
  C:276CH         LINE#         104
BL51 BANKED LINKER/LOCATER V6.22                                                      08/23/2018  17:34:55  PAGE 9


  C:2771H         LINE#         105
  C:2776H         LINE#         106
  C:277BH         LINE#         107
  C:2780H         LINE#         110
  C:2780H         LINE#         111
  C:2780H         LINE#         112
  C:2783H         LINE#         115
  C:2783H         LINE#         118
  C:2788H         LINE#         119
  C:278DH         LINE#         121
  C:2792H         LINE#         122
  C:2797H         LINE#         123
  C:279CH         LINE#         124
  C:27A1H         LINE#         126
  C:27B2H         LINE#         128
  C:27B9H         LINE#         129
  C:27C1H         LINE#         130
  C:27C6H         LINE#         131
  C:27CEH         LINE#         132
  C:27D3H         LINE#         133
  C:27DDH         LINE#         134
  C:27E2H         LINE#         135
  C:27EAH         LINE#         137
  C:27F2H         LINE#         138
  C:27F7H         LINE#         139
  C:2801H         LINE#         140
  C:2801H         LINE#         141
  C:2803H         LINE#         142
  C:2805H         LINE#         143
  C:280FH         LINE#         144
  C:280FH         LINE#         145
  C:2814H         LINE#         146
  C:2814H         LINE#         158
  C:2821H         LINE#         159
  C:2821H         LINE#         160
  C:282BH         LINE#         161
  C:2842H         LINE#         162
  C:2842H         LINE#         163
  C:2844H         LINE#         164
  C:2846H         LINE#         166
  C:2846H         LINE#         167
  C:2851H         LINE#         168
  C:2851H         LINE#         169
  C:2856H         LINE#         170
  C:2856H         LINE#         171
  C:2863H         LINE#         172
  C:2863H         LINE#         175
  C:286DH         LINE#         176
  C:2884H         LINE#         177
  C:2884H         LINE#         178
  C:2886H         LINE#         179
  C:2888H         LINE#         181
  C:2888H         LINE#         182
  C:2893H         LINE#         183
  C:2893H         LINE#         184
  C:2898H         LINE#         185
  C:289AH         LINE#         186
BL51 BANKED LINKER/LOCATER V6.22                                                      08/23/2018  17:34:55  PAGE 10


  C:289AH         LINE#         195
  C:28BCH         LINE#         196
  C:28BCH         LINE#         197
  C:28C6H         LINE#         198
  C:28CCH         LINE#         199
  C:28CEH         LINE#         200
  C:28D0H         LINE#         201
  C:28D2H         LINE#         202
  C:28D2H         LINE#         203
  C:28D5H         LINE#         205
  C:28D5H         LINE#         206
  C:28DDH         LINE#         207
  C:28E5H         LINE#         208
  C:28EDH         LINE#         209
  C:28F5H         LINE#         210
  C:2930H         LINE#         214
  C:293DH         LINE#         215
  C:293DH         LINE#         216
  C:2970H         LINE#         217
  C:2996H         LINE#         219
  C:2996H         LINE#         236
  -------         ENDPROC       MAIN
  -------         PROC          UART
  C:36A9H         LINE#         243
  C:36B6H         LINE#         245
  C:36B9H         LINE#         246
  C:36B9H         LINE#         247
  C:36C7H         LINE#         248
  C:36C9H         LINE#         249
  C:36DBH         LINE#         250
  C:36EAH         LINE#         251
  C:36F5H         LINE#         252
  C:36F5H         LINE#         255
  C:3702H         LINE#         256
  C:3708H         LINE#         257
  C:3708H         LINE#         258
  C:370EH         LINE#         259
  C:371CH         LINE#         260
  C:372AH         LINE#         261
  C:3732H         LINE#         266
  C:3732H         LINE#         267
  C:3732H         LINE#         270
  C:3732H         LINE#         271
  C:3735H         LINE#         272
  C:3735H         LINE#         273
  C:3737H         LINE#         274
  C:3739H         LINE#         275
  C:3739H         LINE#         276
  -------         ENDPROC       UART
  -------         PROC          _SENDUART1
  D:0007H         SYMBOL        dat
  C:3FF8H         LINE#         279
  C:3FF8H         LINE#         280
  C:3FF8H         LINE#         281
  C:3FFBH         LINE#         282
  C:3FFDH         LINE#         283
  C:3FFEH         LINE#         284
BL51 BANKED LINKER/LOCATER V6.22                                                      08/23/2018  17:34:55  PAGE 11


  C:4000H         LINE#         285
  -------         ENDPROC       _SENDUART1
  -------         PROC          _DISPLAY_PROX
  D:0002H         SYMBOL        dat
  -------         DO            
  X:0579H         SYMBOL        unit
  X:057AH         SYMBOL        ten
  X:057BH         SYMBOL        hundred
  X:057CH         SYMBOL        thousand
  -------         ENDDO         
  C:3878H         LINE#         288
  C:387CH         LINE#         289
  C:387CH         LINE#         291
  C:3888H         LINE#         292
  C:3898H         LINE#         293
  C:38B4H         LINE#         294
  C:38E4H         LINE#         295
  C:38EEH         LINE#         296
  C:38F8H         LINE#         297
  C:3902H         LINE#         298
  C:390CH         LINE#         300
  -------         ENDPROC       _DISPLAY_PROX
  -------         PROC          _DISPLAY_POS
  X:03E4H         SYMBOL        sign_dat
  -------         DO            
  X:03E8H         SYMBOL        unit
  X:03E9H         SYMBOL        ten
  X:03EAH         SYMBOL        hundred
  D:0003H         SYMBOL        thousand
  X:03EBH         SYMBOL        after_dot
  X:03ECH         SYMBOL        dat
  -------         ENDDO         
  C:2B6AH         LINE#         303
  C:2B70H         LINE#         304
  C:2B70H         LINE#         308
  C:2B8CH         LINE#         309
  C:2BA6H         LINE#         310
  C:2BCAH         LINE#         312
  C:2C14H         LINE#         314
  C:2C2BH         LINE#         315
  C:2C38H         LINE#         316
  C:2C5AH         LINE#         317
  C:2C8FH         LINE#         318
  C:2CA7H         LINE#         319
  C:2CA7H         LINE#         321
  C:2CB1H         LINE#         322
  C:2CBBH         LINE#         323
  C:2CC5H         LINE#         324
  C:2CCAH         LINE#         325
  C:2CD4H         LINE#         326
  C:2CD9H         LINE#         327
  C:2CDEH         LINE#         328
  C:2CE0H         LINE#         329
  C:2CE2H         LINE#         331
  C:2CE2H         LINE#         333
  C:2CE7H         LINE#         334
  C:2CF1H         LINE#         335
BL51 BANKED LINKER/LOCATER V6.22                                                      08/23/2018  17:34:55  PAGE 12


  C:2CFBH         LINE#         336
  C:2D05H         LINE#         337
  C:2D0AH         LINE#         338
  C:2D14H         LINE#         339
  C:2D19H         LINE#         340
  C:2D1EH         LINE#         342
  C:2D1EH         LINE#         344
  -------         ENDPROC       _DISPLAY_POS
  -------         ENDMOD        MAIN

  -------         MODULE        PCF85063BTL
  C:0000H         SYMBOL        _ICE_DUMMY_
  D:0096H         PUBLIC        P2M0
  D:0080H         PUBLIC        P0
  D:0095H         PUBLIC        P2M1
  D:0090H         PUBLIC        P1
  D:00A0H         PUBLIC        P2
  D:00B0H         PUBLIC        P3
  D:00C0H         PUBLIC        P4
  D:00C8H         PUBLIC        P5
  D:00E8H         PUBLIC        P6
  B:00A0H.2       PUBLIC        PCF85063BTL_SDI
  D:00F8H         PUBLIC        P7
  B:00A0H.1       PUBLIC        PCF85063BTL_SCK
  B:00A0H.2       PUBLIC        PCF85063BTL_SDO
  D:00A8H         PUBLIC        IE
  C:3A92H         PUBLIC        _Read_time
  C:3F39H         PUBLIC        _PCF85063BTL_Delay
  D:00B8H         PUBLIC        IP
  D:00D8H         PUBLIC        CCON
  C:3999H         PUBLIC        _Day_Of_Year
  C:3E29H         PUBLIC        SPI_ReceiveByte
  D:0098H         PUBLIC        SCON
  D:0088H         PUBLIC        TCON
  C:3F7FH         PUBLIC        _BCDtoDec
  B:00A0H.0       PUBLIC        PCF85063BTL_CS
  C:3F6EH         PUBLIC        _SPI_ReadTime
  C:3FBFH         PUBLIC        SPI_Init
  C:3ED8H         PUBLIC        _SPI_WriteTime
  C:3E09H         PUBLIC        _SPI_SendByte
  D:00D0H         PUBLIC        PSW
  C:3F35H         SYMBOL        L?0047
  -------         PROC          L?0046
  -------         ENDPROC       L?0046
  C:3F35H         SYMBOL        L?0047
  -------         PROC          _PCF85063BTL_DELAY
  D:0006H         SYMBOL        us
  C:3F39H         LINE#         8
  C:3F39H         LINE#         9
  C:3F39H         LINE#         10
  C:3F43H         LINE#         11
  C:3F43H         LINE#         12
  C:3F44H         LINE#         13
  C:3F46H         LINE#         14
  -------         ENDPROC       _PCF85063BTL_DELAY
  -------         PROC          _SPI_SENDBYTE
  D:0005H         SYMBOL        dat
BL51 BANKED LINKER/LOCATER V6.22                                                      08/23/2018  17:34:55  PAGE 13


  -------         DO            
  D:0003H         SYMBOL        i
  -------         ENDDO         
  C:3E09H         LINE#         17
  C:3E0BH         LINE#         18
  C:3E0BH         LINE#         20
  C:3E0DH         LINE#         21
  C:3E0DH         LINE#         22
  C:3E0FH         LINE#         23
  C:3E13H         LINE#         24
  C:3E13H         LINE#         25
  C:3E15H         LINE#         26
  C:3E17H         LINE#         28
  C:3E17H         LINE#         29
  C:3E19H         LINE#         30
  C:3E19H         LINE#         31
  C:3E1CH         LINE#         32
  C:3E1CH         LINE#         33
  C:3E1FH         LINE#         34
  C:3E23H         LINE#         35
  C:3E28H         LINE#         36
  -------         ENDPROC       _SPI_SENDBYTE
  -------         PROC          SPI_RECEIVEBYTE
  -------         DO            
  D:0003H         SYMBOL        i
  D:0005H         SYMBOL        dat
  -------         ENDDO         
  C:3E29H         LINE#         39
  C:3E29H         LINE#         40
  C:3E29H         LINE#         42
  C:3E2BH         LINE#         44
  C:3E2DH         LINE#         45
  C:3E2EH         LINE#         46
  C:3E2EH         LINE#         47
  C:3E32H         LINE#         48
  C:3E34H         LINE#         49
  C:3E37H         LINE#         51
  C:3E3AH         LINE#         52
  C:3E3AH         LINE#         53
  C:3E3EH         LINE#         54
  C:3E3EH         LINE#         55
  C:3E3EH         LINE#         56
  C:3E41H         LINE#         57
  C:3E46H         LINE#         58
  C:3E48H         LINE#         59
  -------         ENDPROC       SPI_RECEIVEBYTE
  -------         PROC          _SPI_READTIME
  D:0007H         SYMBOL        addr
  -------         DO            
  D:0006H         SYMBOL        dat
  -------         ENDDO         
  C:3F6EH         LINE#         61
  C:3F6EH         LINE#         62
  C:3F6EH         LINE#         64
  C:3F70H         LINE#         65
  C:3F72H         LINE#         66
  C:3F79H         LINE#         67
BL51 BANKED LINKER/LOCATER V6.22                                                      08/23/2018  17:34:55  PAGE 14


  C:3F7CH         LINE#         68
  C:3F7EH         LINE#         69
  C:3F7EH         LINE#         70
  -------         ENDPROC       _SPI_READTIME
  -------         PROC          _SPI_WRITETIME
  D:0002H         SYMBOL        val
  D:0005H         SYMBOL        addr
  C:3ED8H         LINE#         71
  C:3EDAH         LINE#         72
  C:3EDAH         LINE#         74
  C:3EDCH         LINE#         75
  C:3EE3H         LINE#         76
  C:3EE8H         LINE#         77
  C:3EEDH         LINE#         78
  C:3EEFH         LINE#         79
  -------         ENDPROC       _SPI_WRITETIME
  -------         PROC          SPI_INIT
  C:3FBFH         LINE#         83
  C:3FBFH         LINE#         84
  C:3FBFH         LINE#         89
  C:3FC2H         LINE#         90
  C:3FC5H         LINE#         91
  C:3FC7H         LINE#         92
  C:3FC9H         LINE#         93
  C:3FCBH         LINE#         94
  -------         ENDPROC       SPI_INIT
  -------         PROC          _READ_TIME
  X:03E4H         SYMBOL        months
  X:03E7H         SYMBOL        days
  X:03EAH         SYMBOL        hours
  X:03EDH         SYMBOL        mins
  X:03F0H         SYMBOL        seconds
  C:3A92H         LINE#         96
  C:3A9DH         LINE#         97
  C:3A9DH         LINE#         99
  C:3AB1H         LINE#         101
  C:3AC5H         LINE#         103
  C:3AD9H         LINE#         108
  C:3AEDH         LINE#         113
  -------         ENDPROC       _READ_TIME
  -------         PROC          _BCDTODEC
  D:0007H         SYMBOL        bcd
  -------         DO            
  D:0006H         SYMBOL        hi
  D:0007H         SYMBOL        lo
  -------         ENDDO         
  C:3F7FH         LINE#         119
  C:3F7FH         LINE#         120
  C:3F7FH         LINE#         122
  C:3F84H         LINE#         123
  C:3F88H         LINE#         124
  C:3F8FH         LINE#         125
  -------         ENDPROC       _BCDTODEC
  -------         PROC          _DAY_OF_YEAR
  D:0007H         SYMBOL        months_bcd
  D:0005H         SYMBOL        days_bcd
  -------         DO            
BL51 BANKED LINKER/LOCATER V6.22                                                      08/23/2018  17:34:55  PAGE 15


  D:0004H         SYMBOL        months
  D:0007H         SYMBOL        days
  -------         ENDDO         
  C:3999H         LINE#         126
  C:3999H         LINE#         127
  C:3999H         LINE#         130
  C:399EH         LINE#         132
  C:39A3H         LINE#         134
  C:39DCH         LINE#         135
  C:39DCH         LINE#         136
  C:39DCH         LINE#         137
  C:39DFH         LINE#         138
  C:39DFH         LINE#         139
  C:39DFH         LINE#         140
  C:39E4H         LINE#         141
  C:39E4H         LINE#         142
  C:39E4H         LINE#         143
  C:39E9H         LINE#         144
  C:39E9H         LINE#         145
  C:39E9H         LINE#         146
  C:39EEH         LINE#         147
  C:39EEH         LINE#         148
  C:39EEH         LINE#         149
  C:39F3H         LINE#         150
  C:39F3H         LINE#         151
  C:39F3H         LINE#         152
  C:39F8H         LINE#         153
  C:39F8H         LINE#         154
  C:39F8H         LINE#         155
  C:39FDH         LINE#         156
  C:39FDH         LINE#         157
  C:39FDH         LINE#         158
  C:3A02H         LINE#         159
  C:3A02H         LINE#         160
  C:3A02H         LINE#         161
  C:3A0AH         LINE#         162
  C:3A0AH         LINE#         163
  C:3A0AH         LINE#         164
  C:3A0FH         LINE#         165
  C:3A0FH         LINE#         166
  C:3A0FH         LINE#         167
  C:3A14H         LINE#         168
  C:3A14H         LINE#         169
  C:3A14H         LINE#         170
  C:3A1CH         LINE#         171
  C:3A1CH         LINE#         172
  C:3A1CH         LINE#         173
  -------         ENDPROC       _DAY_OF_YEAR
  -------         ENDMOD        PCF85063BTL

  -------         MODULE        UART1
  C:0000H         SYMBOL        _ICE_DUMMY_
  D:0080H         PUBLIC        P0
  D:0090H         PUBLIC        P1
  D:00A0H         PUBLIC        P2
  D:00B0H         PUBLIC        P3
  D:00C0H         PUBLIC        P4
BL51 BANKED LINKER/LOCATER V6.22                                                      08/23/2018  17:34:55  PAGE 16


  D:00C8H         PUBLIC        P5
  B:00A8H.7       PUBLIC        EA
  D:00E8H         PUBLIC        P6
  D:00F8H         PUBLIC        P7
  C:3D39H         PUBLIC        _SendString
  D:00A8H         PUBLIC        IE
  B:00A8H.4       PUBLIC        ES
  D:00B8H         PUBLIC        IP
  C:3EF0H         PUBLIC        _ASCIItoBCD
  D:00D8H         PUBLIC        CCON
  C:3F90H         PUBLIC        initUART1
  D:0098H         PUBLIC        SCON
  D:0088H         PUBLIC        TCON
  C:000AH         PUBLIC        _DectoBCD
  C:4012H         PUBLIC        _ASCII_Letter
  D:008EH         PUBLIC        AUXR
  C:400DH         PUBLIC        _unit
  C:0003H         PUBLIC        _ten
  D:00D6H         PUBLIC        T2H
  D:00D7H         PUBLIC        T2L
  D:00D0H         PUBLIC        PSW
  -------         PROC          INITUART1
  C:3F90H         LINE#         21
  C:3F90H         LINE#         22
  C:3F90H         LINE#         23
  C:3F93H         LINE#         24
  C:3F96H         LINE#         25
  C:3F99H         LINE#         26
  C:3F9CH         LINE#         27
  C:3F9EH         LINE#         28
  C:3FA0H         LINE#         30
  -------         ENDPROC       INITUART1
  -------         PROC          _SENDSTRING
  X:057DH         SYMBOL        s
  C:3D39H         LINE#         35
  C:3D44H         LINE#         36
  C:3D44H         LINE#         37
  C:3D54H         LINE#         38
  C:3D54H         LINE#         39
  C:3D69H         LINE#         40
  C:3D6BH         LINE#         41
  -------         ENDPROC       _SENDSTRING
  -------         PROC          _TEN
  D:0007H         SYMBOL        BCD
  C:0003H         LINE#         43
  C:0003H         LINE#         44
  C:0003H         LINE#         45
  C:0008H         LINE#         46
  -------         ENDPROC       _TEN
  -------         PROC          _UNIT
  D:0007H         SYMBOL        BCD
  C:400DH         LINE#         47
  C:400DH         LINE#         48
  C:400DH         LINE#         52
  C:4011H         LINE#         53
  -------         ENDPROC       _UNIT
  -------         PROC          _DECTOBCD
BL51 BANKED LINKER/LOCATER V6.22                                                      08/23/2018  17:34:55  PAGE 17


  D:0007H         SYMBOL        dec
  C:000AH         LINE#         54
  C:000AH         LINE#         55
  C:000AH         LINE#         57
  C:000AH         LINE#         58
  -------         ENDPROC       _DECTOBCD
  -------         PROC          _ASCII_LETTER
  D:0007H         SYMBOL        dat
  C:4012H         LINE#         60
  C:4012H         LINE#         61
  C:4012H         LINE#         63
  C:4016H         LINE#         64
  -------         ENDPROC       _ASCII_LETTER
  -------         PROC          _ASCIITOBCD
  D:0001H         SYMBOL        ascii
  -------         DO            
  D:0007H         SYMBOL        dec_val
  D:0006H         SYMBOL        ten
  D:0007H         SYMBOL        unit
  -------         ENDDO         
  C:3EF0H         LINE#         66
  C:3EF0H         LINE#         67
  C:3EF0H         LINE#         69
  C:3EF3H         LINE#         70
  C:3EF9H         LINE#         71
  C:3F00H         LINE#         72
  C:3F06H         LINE#         74
  -------         ENDPROC       _ASCIITOBCD
  -------         ENDMOD        UART1

  -------         MODULE        LCD_DRIVER_SPLC780D
  C:0000H         SYMBOL        _ICE_DUMMY_
  D:0092H         PUBLIC        P1M0
  D:0091H         PUBLIC        P1M1
  D:0080H         PUBLIC        P0
  D:0090H         PUBLIC        P1
  D:00A0H         PUBLIC        P2
  D:00B0H         PUBLIC        P3
  D:00C0H         PUBLIC        P4
  D:00C8H         PUBLIC        P5
  D:00E8H         PUBLIC        P6
  D:00F8H         PUBLIC        P7
  C:3A1DH         PUBLIC        _WriteData
  D:00A8H         PUBLIC        IE
  D:00B8H         PUBLIC        IP
  D:00D8H         PUBLIC        CCON
  B:0090H.4       PUBLIC        LCD_D4
  B:0090H.5       PUBLIC        LCD_D5
  B:0090H.6       PUBLIC        LCD_D6
  C:3E85H         PUBLIC        _DisplayLCD
  B:0090H.7       PUBLIC        LCD_D7
  D:0098H         PUBLIC        SCON
  D:0088H         PUBLIC        TCON
  C:3FEEH         PUBLIC        LCD_clear
  C:3C8AH         PUBLIC        _Command
  C:000EH         PUBLIC        _Display_Line
  C:3B01H         PUBLIC        LCD_Init
BL51 BANKED LINKER/LOCATER V6.22                                                      08/23/2018  17:34:55  PAGE 18


  C:3DC9H         PUBLIC        _Wait_ms
  B:0090H.1       PUBLIC        LCD_RS
  B:0090H.2       PUBLIC        LCD_RW
  C:3FE4H         PUBLIC        LCD_return_home
  B:0090H.3       PUBLIC        LCD_E
  D:00D0H         PUBLIC        PSW
  -------         PROC          LCD_INIT
  C:3B01H         LINE#         9
  C:3B01H         LINE#         10
  C:3B01H         LINE#         11
  C:3B04H         LINE#         12
  C:3B07H         LINE#         14
  C:3B0DH         LINE#         15
  C:3B12H         LINE#         17
  C:3B19H         LINE#         18
  C:3B1EH         LINE#         20
  C:3B21H         LINE#         21
  C:3B26H         LINE#         23
  C:3B29H         LINE#         24
  C:3B2EH         LINE#         26
  C:3B35H         LINE#         29
  C:3B3AH         LINE#         30
  C:3B3FH         LINE#         32
  C:3B44H         LINE#         33
  C:3B49H         LINE#         35
  C:3B4EH         LINE#         36
  C:3B53H         LINE#         37
  -------         ENDPROC       LCD_INIT
  -------         PROC          _WRITEDATA
  X:03EEH         SYMBOL        dat
  C:3A1DH         LINE#         40
  C:3A22H         LINE#         41
  C:3A22H         LINE#         46
  C:3A24H         LINE#         47
  C:3A26H         LINE#         49
  C:3A34H         LINE#         50
  C:3A40H         LINE#         51
  C:3A4CH         LINE#         52
  C:3A56H         LINE#         53
  C:3A58H         LINE#         54
  C:3A5FH         LINE#         55
  C:3A61H         LINE#         57
  C:3A71H         LINE#         58
  C:3A7CH         LINE#         59
  C:3A86H         LINE#         60
  C:3A8AH         LINE#         62
  C:3A8AH         LINE#         63
  C:3A8DH         LINE#         64
  C:3A8FH         LINE#         65
  C:3A91H         LINE#         67
  -------         ENDPROC       _WRITEDATA
  -------         PROC          _COMMAND
  D:0007H         SYMBOL        dat
  C:3C8AH         LINE#         69
  C:3C8AH         LINE#         70
  C:3C8AH         LINE#         71
  C:3C8CH         LINE#         72
BL51 BANKED LINKER/LOCATER V6.22                                                      08/23/2018  17:34:55  PAGE 19


  C:3C8EH         LINE#         74
  C:3C98H         LINE#         75
  C:3C9CH         LINE#         77
  C:3C9EH         LINE#         78
  C:3CA7H         LINE#         79
  C:3CABH         LINE#         81
  C:3CADH         LINE#         82
  C:3CB4H         LINE#         83
  C:3CB8H         LINE#         85
  C:3CBAH         LINE#         86
  C:3CBEH         LINE#         87
  C:3CC2H         LINE#         89
  C:3CC4H         LINE#         90
  C:3CC4H         LINE#         91
  C:3CC7H         LINE#         92
  C:3CC9H         LINE#         93
  -------         ENDPROC       _COMMAND
  C:3DC5H         SYMBOL        L?0028
  -------         PROC          L?0027
  -------         ENDPROC       L?0027
  C:3DC5H         SYMBOL        L?0028
  -------         PROC          _WAIT_MS
  D:0006H         SYMBOL        ms
  -------         DO            
  D:0004H         SYMBOL        De_Cnt
  -------         ENDDO         
  C:3DC9H         LINE#         95
  C:3DC9H         LINE#         96
  C:3DC9H         LINE#         98
  C:3DD3H         LINE#         99
  C:3DD3H         LINE#         100
  C:3DE6H         LINE#         101
  C:3DE6H         LINE#         102
  -------         ENDPROC       _WAIT_MS
  -------         PROC          _DISPLAYLCD
  D:0007H         SYMBOL        BCD
  -------         DO            
  D:0006H         SYMBOL        first_digit
  X:03E4H         SYMBOL        second_digit
  -------         ENDDO         
  C:3E85H         LINE#         103
  C:3E85H         LINE#         104
  C:3E85H         LINE#         106
  C:3E8CH         LINE#         107
  C:3E95H         LINE#         109
  C:3E9AH         LINE#         111
  -------         ENDPROC       _DISPLAYLCD
  -------         PROC          LCD_RETURN_HOME
  C:3FE4H         LINE#         115
  C:3FE4H         LINE#         116
  C:3FE4H         LINE#         117
  C:3FE9H         LINE#         118
  -------         ENDPROC       LCD_RETURN_HOME
  -------         PROC          LCD_CLEAR
  C:3FEEH         LINE#         121
  C:3FEEH         LINE#         122
  C:3FEEH         LINE#         123
BL51 BANKED LINKER/LOCATER V6.22                                                      08/23/2018  17:34:55  PAGE 20


  C:3FF3H         LINE#         124
  -------         ENDPROC       LCD_CLEAR
  -------         PROC          _DISPLAY_LINE
  D:0006H         SYMBOL        line
  C:000EH         LINE#         128
  C:000EH         LINE#         129
  C:000EH         LINE#         130
  C:0014H         LINE#         131
  C:0014H         LINE#         132
  C:0016H         LINE#         133
  C:0016H         LINE#         134
  C:0018H         LINE#         136
  C:0018H         LINE#         137
  C:001DH         LINE#         138
  C:0022H         LINE#         139
  C:0022H         LINE#         140
  -------         ENDPROC       _DISPLAY_LINE
  -------         ENDMOD        LCD_DRIVER_SPLC780D

  -------         MODULE        KEYPAD
  C:0000H         SYMBOL        _ICE_DUMMY_
  D:0093H         PUBLIC        P0M1
  D:0080H         PUBLIC        P0
  D:0090H         PUBLIC        P1
  D:00A0H         PUBLIC        P2
  D:00B0H         PUBLIC        P3
  D:00C0H         PUBLIC        P4
  D:00C8H         PUBLIC        P5
  D:00E8H         PUBLIC        P6
  D:00F8H         PUBLIC        P7
  D:00A8H         PUBLIC        IE
  C:2D1FH         PUBLIC        Key_Scan
  D:00B8H         PUBLIC        IP
  D:00D8H         PUBLIC        CCON
  C:3FCCH         PUBLIC        KeyPad_IO_Init
  C:3E49H         PUBLIC        _Delay_ms
  D:0098H         PUBLIC        SCON
  D:0088H         PUBLIC        TCON
  B:0020H.0       PUBLIC        small_move
  B:0020H.1       PUBLIC        move
  B:0020H.2       PUBLIC        direction
  B:0020H.3       PUBLIC        auto_move
  C:2473H         PUBLIC        Key_Process
  D:00D0H         PUBLIC        PSW
  D:0094H         PUBLIC        P0M0
  -------         PROC          _DELAY_MS
  D:0006H         SYMBOL        ms
  -------         DO            
  D:0004H         SYMBOL        De_Cnt
  -------         ENDDO         
  C:3E49H         LINE#         19
  C:3E49H         LINE#         20
  C:3E49H         LINE#         22
  C:3E53H         LINE#         23
  C:3E53H         LINE#         24
  C:3E66H         LINE#         25
  C:3E66H         LINE#         26
BL51 BANKED LINKER/LOCATER V6.22                                                      08/23/2018  17:34:55  PAGE 21


  -------         ENDPROC       _DELAY_MS
  -------         PROC          KEY_SCAN
  -------         DO            
  X:03EAH         SYMBOL        KeyTemp1
  X:03EBH         SYMBOL        KeyTemp2
  X:03ECH         SYMBOL        KeyValue
  -------         ENDDO         
  C:2D1FH         LINE#         27
  C:2D1FH         LINE#         28
  C:2D1FH         LINE#         33
  C:2D22H         LINE#         36
  C:2D25H         LINE#         38
  C:2D2DH         LINE#         39
  C:2D34H         LINE#         40
  C:2D34H         LINE#         42
  C:2D39H         LINE#         43
  C:2D40H         LINE#         44
  C:2D40H         LINE#         47
  C:2D43H         LINE#         48
  C:2D46H         LINE#         49
  C:2D4BH         LINE#         50
  C:2D4FH         LINE#         51
  C:2D4FH         LINE#         52
  C:2D57H         LINE#         53
  C:2D57H         LINE#         54
  C:2D5AH         LINE#         55
  C:2D62H         LINE#         56
  C:2D64H         LINE#         58
  C:2D78H         LINE#         59
  C:2D78H         LINE#         60
  C:2D78H         LINE#         61
  C:2D78H         LINE#         62
  C:2D7EH         LINE#         64
  C:2D80H         LINE#         65
  C:2D80H         LINE#         66
  C:2D80H         LINE#         67
  C:2D86H         LINE#         69
  C:2D88H         LINE#         70
  C:2D88H         LINE#         71
  C:2D88H         LINE#         72
  C:2D8EH         LINE#         74
  C:2D90H         LINE#         75
  C:2D90H         LINE#         76
  C:2D90H         LINE#         77
  C:2D96H         LINE#         79
  C:2D96H         LINE#         80
  C:2D96H         LINE#         81
  C:2D96H         LINE#         84
  C:2D99H         LINE#         85
  C:2D9CH         LINE#         86
  C:2DA4H         LINE#         87
  C:2DA8H         LINE#         88
  C:2DA8H         LINE#         89
  C:2DB0H         LINE#         90
  C:2DB0H         LINE#         91
  C:2DB3H         LINE#         92
  C:2DBBH         LINE#         93
BL51 BANKED LINKER/LOCATER V6.22                                                      08/23/2018  17:34:55  PAGE 22


  C:2DBDH         LINE#         94
  C:2DD1H         LINE#         95
  C:2DD1H         LINE#         96
  C:2DD1H         LINE#         97
  C:2DD1H         LINE#         98
  C:2DD7H         LINE#         100
  C:2DD9H         LINE#         101
  C:2DD9H         LINE#         102
  C:2DD9H         LINE#         103
  C:2DDFH         LINE#         105
  C:2DE1H         LINE#         106
  C:2DE1H         LINE#         107
  C:2DE1H         LINE#         108
  C:2DE7H         LINE#         110
  C:2DE9H         LINE#         111
  C:2DE9H         LINE#         112
  C:2DE9H         LINE#         113
  C:2DEEH         LINE#         115
  C:2DEEH         LINE#         116
  C:2DEEH         LINE#         117
  C:2DEEH         LINE#         120
  C:2DF1H         LINE#         121
  C:2DF4H         LINE#         122
  C:2DFCH         LINE#         123
  C:2E00H         LINE#         124
  C:2E00H         LINE#         125
  C:2E08H         LINE#         126
  C:2E08H         LINE#         127
  C:2E0BH         LINE#         128
  C:2E13H         LINE#         129
  C:2E15H         LINE#         130
  C:2E29H         LINE#         131
  C:2E29H         LINE#         132
  C:2E29H         LINE#         133
  C:2E29H         LINE#         134
  C:2E2FH         LINE#         136
  C:2E31H         LINE#         137
  C:2E31H         LINE#         138
  C:2E31H         LINE#         139
  C:2E37H         LINE#         141
  C:2E39H         LINE#         142
  C:2E39H         LINE#         143
  C:2E39H         LINE#         144
  C:2E3FH         LINE#         146
  C:2E41H         LINE#         147
  C:2E41H         LINE#         148
  C:2E41H         LINE#         149
  C:2E47H         LINE#         151
  C:2E47H         LINE#         152
  C:2E47H         LINE#         153
  C:2E47H         LINE#         157
  C:2E4AH         LINE#         158
  C:2E4DH         LINE#         159
  C:2E55H         LINE#         160
  C:2E59H         LINE#         161
  C:2E59H         LINE#         162
  C:2E61H         LINE#         163
BL51 BANKED LINKER/LOCATER V6.22                                                      08/23/2018  17:34:55  PAGE 23


  C:2E61H         LINE#         164
  C:2E64H         LINE#         165
  C:2E6CH         LINE#         166
  C:2E6EH         LINE#         167
  C:2E82H         LINE#         168
  C:2E82H         LINE#         169
  C:2E82H         LINE#         170
  C:2E82H         LINE#         171
  C:2E88H         LINE#         173
  C:2E8AH         LINE#         174
  C:2E8AH         LINE#         175
  C:2E8AH         LINE#         176
  C:2E90H         LINE#         178
  C:2E92H         LINE#         179
  C:2E92H         LINE#         180
  C:2E92H         LINE#         181
  C:2E98H         LINE#         183
  C:2E9AH         LINE#         184
  C:2E9AH         LINE#         185
  C:2E9AH         LINE#         186
  C:2EA0H         LINE#         188
  C:2EA0H         LINE#         189
  C:2EA0H         LINE#         190
  C:2EA0H         LINE#         192
  C:2EA6H         LINE#         193
  C:2EA6H         LINE#         195
  C:2EA6H         LINE#         196
  C:2EA9H         LINE#         197
  C:2EA9H         LINE#         198
  C:2EA9H         LINE#         200
  C:2EA9H         LINE#         201
  C:2EABH         LINE#         202
  C:2EABH         LINE#         203
  -------         ENDPROC       KEY_SCAN
  -------         PROC          KEY_PROCESS
  -------         DO            
  X:0568H         SYMBOL        KeyCount
  X:056AH         SYMBOL        KeyNum_Old
  X:056BH         SYMBOL        KeyNum
  X:056CH         SYMBOL        PressedKey
  X:03E4H         SYMBOL        d
  D:0004H         SYMBOL        hours
  D:0006H         SYMBOL        mins
  X:03E6H         SYMBOL        months
  X:03E8H         SYMBOL        days
  -------         ENDDO         
  C:2473H         LINE#         204
  C:2473H         LINE#         205
  C:2473H         LINE#         209
  C:247BH         LINE#         210
  C:2483H         LINE#         212
  C:2486H         LINE#         213
  C:2486H         LINE#         214
  C:2489H         LINE#         216
  C:2489H         LINE#         217
  C:2496H         LINE#         218
  C:2496H         LINE#         219
BL51 BANKED LINKER/LOCATER V6.22                                                      08/23/2018  17:34:55  PAGE 24


  C:2499H         LINE#         220
  C:249CH         LINE#         222
  C:249FH         LINE#         224
  C:249FH         LINE#         225
  C:24AAH         LINE#         226
  C:24AAH         LINE#         227
  C:24ADH         LINE#         229
  C:24ADH         LINE#         230
  C:24B4H         LINE#         231
  C:24B4H         LINE#         232
  C:24B7H         LINE#         234
  C:24B7H         LINE#         235
  C:24BFH         LINE#         236
  C:24BFH         LINE#         237
  C:24C9H         LINE#         238
  C:24D1H         LINE#         240
  C:24DAH         LINE#         242
  C:24DAH         LINE#         251
  C:24EFH         LINE#         252
  C:24EFH         LINE#         253
  C:2501H         LINE#         254
  C:250FH         LINE#         255
  C:251EH         LINE#         256
  C:251EH         LINE#         258
  C:2524H         LINE#         262
  C:253AH         LINE#         263
  C:254BH         LINE#         264
  C:2566H         LINE#         265
  C:2566H         LINE#         266
  C:2576H         LINE#         267
  C:2587H         LINE#         268
  C:2587H         LINE#         272
  C:25A0H         LINE#         273
  C:25B7H         LINE#         274
  C:25D7H         LINE#         275
  C:25D7H         LINE#         276
  C:25E1H         LINE#         277
  C:25E1H         LINE#         278
  C:25EAH         LINE#         279
  C:25EAH         LINE#         280
  C:25FEH         LINE#         281
  C:25FEH         LINE#         282
  C:25FEH         LINE#         283
  C:25FEH         LINE#         284
  C:25FEH         LINE#         285
  C:2600H         LINE#         287
  C:2600H         LINE#         288
  C:260CH         LINE#         289
  C:260CH         LINE#         290
  C:261DH         LINE#         291
  C:261DH         LINE#         292
  C:261DH         LINE#         293
  C:261DH         LINE#         294
  C:261DH         LINE#         296
  C:261FH         LINE#         298
  C:261FH         LINE#         299
  C:2630H         LINE#         300
BL51 BANKED LINKER/LOCATER V6.22                                                      08/23/2018  17:34:55  PAGE 25


  C:2630H         LINE#         301
  C:2630H         LINE#         302
  C:2630H         LINE#         303
  C:2630H         LINE#         305
  C:2630H         LINE#         307
  C:2630H         LINE#         308
  C:2632H         LINE#         310
  C:2632H         LINE#         311
  C:2645H         LINE#         312
  C:2645H         LINE#         313
  C:2656H         LINE#         314
  C:2656H         LINE#         315
  C:2656H         LINE#         316
  C:2656H         LINE#         317
  C:2656H         LINE#         318
  C:2658H         LINE#         320
  C:2658H         LINE#         321
  C:2669H         LINE#         322
  C:2669H         LINE#         323
  C:267AH         LINE#         324
  C:268BH         LINE#         325
  C:268BH         LINE#         326
  C:268BH         LINE#         327
  C:268BH         LINE#         328
  C:268BH         LINE#         329
  C:268EH         LINE#         330
  C:2693H         LINE#         331
  C:2698H         LINE#         332
  C:269DH         LINE#         333
  C:26A2H         LINE#         334
  C:26A7H         LINE#         335
  C:26ACH         LINE#         336
  C:26B1H         LINE#         337
  C:26B1H         LINE#         339
  C:26D3H         LINE#         340
  C:26D3H         LINE#         341
  C:26DDH         LINE#         342
  C:26DDH         LINE#         343
  C:26E2H         LINE#         344
  C:26EBH         LINE#         345
  C:2702H         LINE#         346
  C:2702H         LINE#         347
  C:2712H         LINE#         349
  C:2712H         LINE#         353
  -------         ENDPROC       KEY_PROCESS
  -------         PROC          KEYPAD_IO_INIT
  C:3FCCH         LINE#         356
  C:3FCCH         LINE#         357
  C:3FCCH         LINE#         358
  C:3FCFH         LINE#         359
  C:3FD2H         LINE#         360
  C:3FD5H         LINE#         361
  C:3FD7H         LINE#         362
  -------         ENDPROC       KEYPAD_IO_INIT
  -------         ENDMOD        KEYPAD

  -------         MODULE        VCNL4035
BL51 BANKED LINKER/LOCATER V6.22                                                      08/23/2018  17:34:55  PAGE 26


  C:0000H         SYMBOL        _ICE_DUMMY_
  D:0080H         PUBLIC        P0
  B:00B0H.2       PUBLIC        I2C_SCK
  D:00B2H         PUBLIC        P3M0
  D:0090H         PUBLIC        P1
  D:00B1H         PUBLIC        P3M1
  D:00A0H         PUBLIC        P2
  D:00B0H         PUBLIC        P3
  D:00C0H         PUBLIC        P4
  D:00C8H         PUBLIC        P5
  D:00E8H         PUBLIC        P6
  D:00F8H         PUBLIC        P7
  D:00A8H         PUBLIC        IE
  C:4007H         PUBLIC        _DisplayLCD_VCNL4035
  D:00B8H         PUBLIC        IP
  D:00D8H         PUBLIC        CCON
  C:3F5BH         PUBLIC        I2C_Start
  D:0098H         PUBLIC        SCON
  C:3F07H         PUBLIC        I2C_Init
  D:0088H         PUBLIC        TCON
  C:3FA1H         PUBLIC        uC_NACK
  C:3DA5H         PUBLIC        _Wait_ms_i2c
  C:3DE7H         PUBLIC        _I2C_SendByte
  C:3F1EH         PUBLIC        I2C_Stop
  C:3BFDH         PUBLIC        _Write_VCNL4035X
  C:4017H         PUBLIC        nop
  C:3744H         PUBLIC        _Read_VCNL4035
  C:4001H         PUBLIC        uC_ACK
  C:3EA7H         PUBLIC        I2C_ACK
  C:3E67H         PUBLIC        _Wait_ms_iic
  B:00B0H.1       PUBLIC        I2C_SDA
  D:00D0H         PUBLIC        PSW
  C:3D72H         PUBLIC        I2C_ReceiveByte
  -------         PROC          _WAIT_MS_IIC
  D:0006H         SYMBOL        ms
  -------         DO            
  D:0004H         SYMBOL        De_Cnt
  -------         ENDDO         
  C:3E67H         LINE#         5
  C:3E67H         LINE#         6
  C:3E67H         LINE#         8
  C:3E71H         LINE#         9
  C:3E71H         LINE#         10
  C:3E84H         LINE#         11
  C:3E84H         LINE#         12
  -------         ENDPROC       _WAIT_MS_IIC
  C:3D9FH         SYMBOL        L?0048
  C:3DA1H         SYMBOL        L?0049
  -------         PROC          L?0047
  -------         ENDPROC       L?0047
  C:3D9FH         SYMBOL        L?0048
  C:3DA1H         SYMBOL        L?0049
  -------         PROC          _WAIT_MS_I2C
  D:0006H         SYMBOL        ms
  -------         DO            
  D:0004H         SYMBOL        De_Cnt
  -------         ENDDO         
BL51 BANKED LINKER/LOCATER V6.22                                                      08/23/2018  17:34:55  PAGE 27


  C:3DA5H         LINE#         14
  C:3DA5H         LINE#         15
  C:3DA5H         LINE#         17
  C:3DAFH         LINE#         18
  C:3DAFH         LINE#         19
  C:3DC2H         LINE#         20
  C:3DC2H         LINE#         21
  -------         ENDPROC       _WAIT_MS_I2C
  -------         PROC          NOP
  C:4017H         LINE#         22
  C:4017H         LINE#         23
  C:4017H         LINE#         25
  -------         ENDPROC       NOP
  -------         PROC          I2C_START
  C:3F5BH         LINE#         26
  C:3F5BH         LINE#         27
  C:3F5BH         LINE#         29
  C:3F5DH         LINE#         30
  C:3F5FH         LINE#         31
  C:3F66H         LINE#         32
  C:3F68H         LINE#         33
  C:3F6BH         LINE#         34
  C:3F6DH         LINE#         37
  -------         ENDPROC       I2C_START
  -------         PROC          I2C_STOP
  C:3F1EH         LINE#         39
  C:3F1EH         LINE#         40
  C:3F1EH         LINE#         41
  C:3F20H         LINE#         42
  C:3F22H         LINE#         43
  C:3F25H         LINE#         44
  C:3F27H         LINE#         45
  C:3F29H         LINE#         46
  C:3F30H         LINE#         47
  C:3F32H         LINE#         50
  -------         ENDPROC       I2C_STOP
  -------         PROC          L?0050
  -------         ENDPROC       L?0050
  -------         PROC          I2C_ACK
  -------         DO            
  X:03E7H         SYMBOL        i
  D:0003H         SYMBOL        dat
  -------         ENDDO         
  C:3EA7H         LINE#         52
  C:3EA7H         LINE#         53
  C:3EA7H         LINE#         55
  C:3EA8H         LINE#         60
  C:3EABH         LINE#         61
  C:3EADH         LINE#         62
  C:3EB0H         LINE#         64
  C:3EB3H         LINE#         65
  C:3EB3H         LINE#         66
  C:3EB7H         LINE#         67
  C:3EB7H         LINE#         70
  C:3EB7H         LINE#         71
  C:3EBAH         LINE#         72
  C:3EBAH         LINE#         73
BL51 BANKED LINKER/LOCATER V6.22                                                      08/23/2018  17:34:55  PAGE 28


  C:3EBCH         LINE#         74
  -------         ENDPROC       I2C_ACK
  -------         PROC          UC_ACK
  -------         DO            
  X:0580H         SYMBOL        i
  -------         ENDDO         
  C:4001H         LINE#         75
  C:4001H         LINE#         76
  C:4001H         LINE#         78
  C:4001H         LINE#         85
  C:4001H         LINE#         87
  C:4001H         LINE#         89
  C:4001H         LINE#         90
  C:4001H         LINE#         93
  C:4004H         LINE#         94
  C:4006H         LINE#         95
  C:4006H         LINE#         99
  -------         ENDPROC       UC_ACK
  -------         PROC          UC_NACK
  -------         DO            
  X:0581H         SYMBOL        i
  -------         ENDDO         
  C:3FA1H         LINE#         101
  C:3FA1H         LINE#         102
  C:3FA1H         LINE#         104
  C:3FA1H         LINE#         108
  C:3FA3H         LINE#         111
  C:3FA3H         LINE#         112
  C:3FA5H         LINE#         113
  C:3FA5H         LINE#         115
  C:3FA5H         LINE#         116
  C:3FA5H         LINE#         119
  C:3FA8H         LINE#         120
  C:3FAAH         LINE#         121
  C:3FADH         LINE#         122
  C:3FAFH         LINE#         123
  C:3FAFH         LINE#         127
  -------         ENDPROC       UC_NACK
  -------         PROC          I2C_INIT
  C:3F07H         LINE#         129
  C:3F07H         LINE#         130
  C:3F07H         LINE#         133
  C:3F0AH         LINE#         134
  C:3F0DH         LINE#         139
  C:3F15H         LINE#         141
  -------         ENDPROC       I2C_INIT
  -------         PROC          _I2C_SENDBYTE
  D:0001H         SYMBOL        dat
  -------         DO            
  D:0003H         SYMBOL        i
  -------         ENDDO         
  C:3DE7H         LINE#         145
  C:3DE9H         LINE#         146
  C:3DE9H         LINE#         149
  C:3DEBH         LINE#         150
  C:3DEBH         LINE#         151
  C:3DEDH         LINE#         153
BL51 BANKED LINKER/LOCATER V6.22                                                      08/23/2018  17:34:55  PAGE 29


  C:3DF1H         LINE#         154
  C:3DF1H         LINE#         155
  C:3DF3H         LINE#         156
  C:3DF5H         LINE#         158
  C:3DF5H         LINE#         159
  C:3DF7H         LINE#         160
  C:3DF7H         LINE#         161
  C:3DFAH         LINE#         162
  C:3DFCH         LINE#         164
  C:3E00H         LINE#         165
  C:3E03H         LINE#         166
  C:3E08H         LINE#         167
  -------         ENDPROC       _I2C_SENDBYTE
  -------         PROC          L?0051
  -------         ENDPROC       L?0051
  -------         PROC          I2C_RECEIVEBYTE
  -------         DO            
  D:0003H         SYMBOL        i
  D:0001H         SYMBOL        dat
  -------         ENDDO         
  C:3D72H         LINE#         171
  C:3D72H         LINE#         172
  C:3D72H         LINE#         174
  C:3D74H         LINE#         178
  C:3D75H         LINE#         179
  C:3D75H         LINE#         180
  C:3D79H         LINE#         181
  C:3D7BH         LINE#         182
  C:3D7EH         LINE#         184
  C:3D81H         LINE#         185
  C:3D81H         LINE#         186
  C:3D85H         LINE#         187
  C:3D85H         LINE#         188
  C:3D85H         LINE#         189
  C:3D88H         LINE#         190
  C:3D8CH         LINE#         191
  C:3D8CH         LINE#         192
  C:3D8EH         LINE#         193
  C:3D90H         LINE#         194
  C:3D90H         LINE#         196
  C:3D95H         LINE#         197
  C:3D97H         LINE#         198
  -------         ENDPROC       I2C_RECEIVEBYTE
  -------         PROC          _WRITE_VCNL4035X
  X:03E4H         SYMBOL        command_code
  X:03E5H         SYMBOL        dat_h
  X:03E6H         SYMBOL        dat_l
  C:3BFDH         LINE#         199
  C:3C08H         LINE#         200
  C:3C08H         LINE#         201
  C:3C0BH         LINE#         202
  C:3C12H         LINE#         203
  C:3C12H         LINE#         204
  C:3C18H         LINE#         205
  C:3C18H         LINE#         206
  C:3C20H         LINE#         207
  C:3C20H         LINE#         208
BL51 BANKED LINKER/LOCATER V6.22                                                      08/23/2018  17:34:55  PAGE 30


  C:3C26H         LINE#         209
  C:3C2EH         LINE#         211
  C:3C34H         LINE#         212
  C:3C3CH         LINE#         214
  C:3C42H         LINE#         215
  C:3C45H         LINE#         216
  -------         ENDPROC       _WRITE_VCNL4035X
  -------         PROC          _READ_VCNL4035
  X:0571H         SYMBOL        command_code
  -------         DO            
  X:0573H         SYMBOL        temp_dat
  X:0575H         SYMBOL        temp_dat_l
  X:0577H         SYMBOL        temp_dat_h
  -------         ENDDO         
  C:3744H         LINE#         218
  C:374CH         LINE#         219
  C:374CH         LINE#         220
  C:3759H         LINE#         222
  C:375CH         LINE#         223
  C:375FH         LINE#         224
  C:3764H         LINE#         226
  C:376AH         LINE#         227
  C:376AH         LINE#         228
  C:376AH         LINE#         229
  C:376AH         LINE#         230
  C:3775H         LINE#         231
  C:3778H         LINE#         232
  C:377BH         LINE#         233
  C:377BH         LINE#         236
  C:377EH         LINE#         238
  C:3785H         LINE#         239
  C:3785H         LINE#         240
  C:3785H         LINE#         241
  C:3790H         LINE#         242
  C:3793H         LINE#         243
  C:3796H         LINE#         244
  C:3799H         LINE#         245
  C:379CH         LINE#         246
  C:379FH         LINE#         247
  C:37A2H         LINE#         248
  C:37A5H         LINE#         249
  C:37A8H         LINE#         250
  C:37A8H         LINE#         251
  C:37AEH         LINE#         252
  C:37AEH         LINE#         253
  C:37B7H         LINE#         255
  C:37B7H         LINE#         256
  C:37BDH         LINE#         257
  C:37BDH         LINE#         259
  C:37BFH         LINE#         260
  C:37C5H         LINE#         261
  C:37C8H         LINE#         262
  C:37CFH         LINE#         263
  C:37CFH         LINE#         264
  C:37DDH         LINE#         265
  -------         ENDPROC       _READ_VCNL4035
  -------         PROC          _DISPLAYLCD_VCNL4035
BL51 BANKED LINKER/LOCATER V6.22                                                      08/23/2018  17:34:55  PAGE 31


  X:0582H         SYMBOL        dat
  C:4007H         LINE#         267
  C:400CH         LINE#         268
  C:400CH         LINE#         270
  -------         ENDPROC       _DISPLAYLCD_VCNL4035
  -------         ENDMOD        VCNL4035

  -------         MODULE        BIPOLARMOTOR
  C:0000H         SYMBOL        _ICE_DUMMY_
  D:0080H         PUBLIC        P0
  D:0090H         PUBLIC        P1
  D:00A0H         PUBLIC        P2
  D:00B0H         PUBLIC        P3
  D:00C0H         PUBLIC        P4
  D:00C8H         PUBLIC        P5
  D:00E8H         PUBLIC        P6
  D:00F8H         PUBLIC        P7
  D:00A8H         PUBLIC        IE
  C:356CH         PUBLIC        linear_interpolate
  C:1957H         PUBLIC        second_order_interpolate
  X:0000H         PUBLIC        Time_stamp_PM
  C:3D05H         PUBLIC        _Move
  D:00B8H         PUBLIC        IP
  C:29CCH         PUBLIC        _findDet3x3
  C:21B3H         PUBLIC        _findDet4x4
  D:00D8H         PUBLIC        CCON
  D:0098H         PUBLIC        SCON
  D:0088H         PUBLIC        TCON
  C:3B5AH         PUBLIC        _Step_move
  C:0902H         PUBLIC        _Update_position
  X:0054H         PUBLIC        RX_pos
  X:039CH         PUBLIC        date_declination_mapping
  C:3EC7H         PUBLIC        _BCDtoDec1
  X:03C4H         PUBLIC        degree
  D:00D0H         PUBLIC        PSW
  -------         PROC          L?0079
  -------         ENDPROC       L?0079
  -------         PROC          _BCDTODEC1
  D:0007H         SYMBOL        bcd
  -------         DO            
  D:0006H         SYMBOL        hi
  D:0007H         SYMBOL        lo
  -------         ENDDO         
  C:3EC7H         LINE#         22
  C:3EC7H         LINE#         23
  C:3EC7H         LINE#         25
  C:3ECCH         LINE#         26
  C:3ED0H         LINE#         27
  C:3ED7H         LINE#         28
  -------         ENDPROC       _BCDTODEC1
  -------         PROC          _STEP_MOVE
  X:0493H         SYMBOL        step
  B:0020H.6       SYMBOL        dir
  -------         DO            
  X:0495H         SYMBOL        i
  -------         ENDDO         
  C:3B5AH         LINE#         34
BL51 BANKED LINKER/LOCATER V6.22                                                      08/23/2018  17:34:55  PAGE 32


  C:3B62H         LINE#         35
  C:3B62H         LINE#         36
  C:3B67H         LINE#         37
  C:3B6AH         LINE#         38
  C:3B6FH         LINE#         40
  C:3B72H         LINE#         42
  C:3B8EH         LINE#         43
  C:3B8EH         LINE#         44
  C:3B91H         LINE#         45
  C:3B98H         LINE#         46
  C:3B9BH         LINE#         47
  C:3BA2H         LINE#         48
  C:3BB2H         LINE#         49
  -------         ENDPROC       _STEP_MOVE
  -------         PROC          _MOVE
  X:048FH         SYMBOL        distance
  B:0020H.5       SYMBOL        direction
  -------         DO            
  D:0006H         SYMBOL        step
  -------         ENDDO         
  C:3D05H         LINE#         51
  C:3D0BH         LINE#         52
  C:3D0BH         LINE#         54
  C:3D32H         LINE#         55
  -------         ENDPROC       _MOVE
  C:29ADH         SYMBOL        L?0076
  C:29C1H         SYMBOL        L?0077
  -------         PROC          L?0075
  -------         ENDPROC       L?0075
  C:29ADH         SYMBOL        L?0076
  C:29C1H         SYMBOL        L?0077
  -------         PROC          _FINDDET3X3
  X:04BFH         SYMBOL        a11
  X:04C3H         SYMBOL        a12
  X:04C7H         SYMBOL        a13
  X:04CBH         SYMBOL        a21
  X:04CFH         SYMBOL        a22
  X:04D3H         SYMBOL        a23
  X:04D7H         SYMBOL        a31
  X:04DBH         SYMBOL        a32
  X:04DFH         SYMBOL        a33
  C:29CCH         LINE#         59
  C:29D2H         LINE#         63
  C:29D2H         LINE#         64
  C:2B69H         LINE#         66
  -------         ENDPROC       _FINDDET3X3
  -------         PROC          _FINDDET4X4
  X:04F8H         SYMBOL        a11
  X:04FCH         SYMBOL        a12
  X:0500H         SYMBOL        a13
  X:0504H         SYMBOL        a14
  X:0508H         SYMBOL        a21
  X:050CH         SYMBOL        a22
  X:0510H         SYMBOL        a23
  X:0514H         SYMBOL        a24
  X:0518H         SYMBOL        a31
  X:051CH         SYMBOL        a32
BL51 BANKED LINKER/LOCATER V6.22                                                      08/23/2018  17:34:55  PAGE 33


  X:0520H         SYMBOL        a33
  X:0524H         SYMBOL        a34
  X:0528H         SYMBOL        a41
  X:052CH         SYMBOL        a42
  X:0530H         SYMBOL        a43
  X:0534H         SYMBOL        a44
  C:21B3H         LINE#         67
  C:21B9H         LINE#         71
  C:21B9H         LINE#         78
  C:2472H         LINE#         82
  -------         ENDPROC       _FINDDET4X4
  -------         PROC          LINEAR_INTERPOLATE
  X:0554H         SYMBOL        p1
  X:055CH         SYMBOL        p2
  X:0564H         SYMBOL        x
  -------         DO            
  D:0004H         SYMBOL        fx
  -------         ENDDO         
  C:356CH         LINE#         88
  C:356CH         LINE#         89
  C:356CH         LINE#         92
  C:360BH         LINE#         94
  C:360BH         LINE#         95
  -------         ENDPROC       LINEAR_INTERPOLATE
  -------         PROC          L?0078
  -------         ENDPROC       L?0078
  -------         PROC          SECOND_ORDER_INTERPOLATE
  X:048FH         SYMBOL        p1
  X:0497H         SYMBOL        p2
  X:049FH         SYMBOL        p3
  X:04A7H         SYMBOL        x
  -------         DO            
  X:04ABH         SYMBOL        det
  X:04AFH         SYMBOL        det_x
  X:04B3H         SYMBOL        det_y
  X:04B7H         SYMBOL        det_z
  X:04BBH         SYMBOL        fx
  -------         ENDDO         
  C:1957H         LINE#         100
  C:1957H         LINE#         101
  C:1957H         LINE#         105
  C:1A37H         LINE#         107
  C:1AC5H         LINE#         109
  C:1BA5H         LINE#         111
  C:1CA3H         LINE#         112
  C:1CBEH         LINE#         113
  C:1D86H         LINE#         115
  C:1D90H         LINE#         116
  C:1D9EH         LINE#         117
  -------         ENDPROC       SECOND_ORDER_INTERPOLATE
  -------         PROC          _UPDATE_POSITION
  X:03E4H         SYMBOL        mnths
  X:03E5H         SYMBOL        dys
  X:03E6H         SYMBOL        hurs
  X:03E7H         SYMBOL        mns
  X:03E8H         SYMBOL        sconds
  X:03E9H         SYMBOL        currnt_pos
BL51 BANKED LINKER/LOCATER V6.22                                                      08/23/2018  17:34:55  PAGE 34


  -------         DO            
  X:03ECH         SYMBOL        date
  X:03EEH         SYMBOL        i
  X:03F0H         SYMBOL        yy
  X:03F2H         SYMBOL        desired_distance
  X:03F6H         SYMBOL        distance
  X:03FAH         SYMBOL        JP_pos
  X:03FEH         SYMBOL        pos_interpolate_12_17h
  X:0452H         SYMBOL        current_time
  X:0456H         SYMBOL        declination
  X:045AH         SYMBOL        p1
  X:0462H         SYMBOL        p2
  X:046AH         SYMBOL        p3
  X:0472H         SYMBOL        time
  X:0484H         SYMBOL        location
  X:048CH         SYMBOL        sunCoord
  -------         ENDDO         
  C:0902H         LINE#         119
  C:0910H         LINE#         122
  C:0910H         LINE#         124
  C:091AH         LINE#         131
  C:0920H         LINE#         132
  C:0927H         LINE#         133
  C:0931H         LINE#         134
  C:093CH         LINE#         135
  C:094CH         LINE#         136
  C:0960H         LINE#         137
  C:0971H         LINE#         138
  C:0980H         LINE#         141
  C:0994H         LINE#         142
  C:09A7H         LINE#         144
  C:09F6H         LINE#         145
  C:0A05H         LINE#         146
  C:0A05H         LINE#         147
  C:0A44H         LINE#         150
  C:0A5EH         LINE#         151
  C:0A5EH         LINE#         152
  C:0ACEH         LINE#         153
  C:0ACEH         LINE#         154
  C:0AD5H         LINE#         155
  C:0AD5H         LINE#         156
  C:0B02H         LINE#         157
  C:0B1DH         LINE#         159
  C:0B64H         LINE#         160
  C:0B98H         LINE#         161
  C:0BB6H         LINE#         162
  C:0BB6H         LINE#         163
  C:0C3DH         LINE#         164
  C:0C3DH         LINE#         165
  C:0C6AH         LINE#         166
  C:0C74H         LINE#         167
  C:0C76H         LINE#         169
  C:0C76H         LINE#         170
  C:0CA3H         LINE#         171
  C:0CD7H         LINE#         172
  C:0CD7H         LINE#         173
  C:0CD7H         LINE#         174
BL51 BANKED LINKER/LOCATER V6.22                                                      08/23/2018  17:34:55  PAGE 35


  C:0CE1H         LINE#         175
  C:0CE1H         LINE#         176
  C:0D0EH         LINE#         177
  C:0D42H         LINE#         178
  C:0D42H         LINE#         179
  C:0D4EH         LINE#         180
  C:0D4EH         LINE#         181
  C:0D7BH         LINE#         182
  C:0DAFH         LINE#         183
  C:0DAFH         LINE#         184
  C:0E1AH         LINE#         185
  C:0E3AH         LINE#         187
  C:0E3AH         LINE#         188
  C:0E4BH         LINE#         191
  C:0E65H         LINE#         192
  C:0E65H         LINE#         193
  C:0ED5H         LINE#         194
  C:0ED5H         LINE#         195
  C:0F02H         LINE#         196
  C:0F1DH         LINE#         198
  C:0F4AH         LINE#         199
  C:0F65H         LINE#         200
  C:0F6FH         LINE#         201
  C:0F6FH         LINE#         202
  C:0F7FH         LINE#         203
  C:0F7FH         LINE#         205
  C:0F82H         LINE#         206
  C:0F8EH         LINE#         207
  C:0F8EH         LINE#         208
  C:0F9EH         LINE#         209
  C:0F9EH         LINE#         210
  C:0FA1H         LINE#         212
  C:0FA1H         LINE#         213
  C:1028H         LINE#         214
  C:1028H         LINE#         215
  C:1055H         LINE#         216
  C:105CH         LINE#         217
  C:105EH         LINE#         219
  C:105EH         LINE#         220
  C:108BH         LINE#         221
  C:10A6H         LINE#         222
  C:10A6H         LINE#         223
  C:10A6H         LINE#         225
  C:10EBH         LINE#         228
  C:10EBH         LINE#         230
  C:10FCH         LINE#         232
  C:1123H         LINE#         234
  C:1148H         LINE#         236
  C:1165H         LINE#         237
  C:1174H         LINE#         239
  C:1187H         LINE#         240
  C:1187H         LINE#         241
  C:11A3H         LINE#         244
  -------         ENDPROC       _UPDATE_POSITION
  -------         ENDMOD        BIPOLARMOTOR

  -------         MODULE        SUNPOS
BL51 BANKED LINKER/LOCATER V6.22                                                      08/23/2018  17:34:55  PAGE 36


  C:0000H         SYMBOL        _ICE_DUMMY_
  C:11A4H         PUBLIC        sunpos
  -------         PROC          SUNPOS
  X:048FH         SYMBOL        udtTime
  X:04A1H         SYMBOL        udtLocation
  X:04A9H         SYMBOL        udtSunCoordinates
  -------         DO            
  X:04ACH         SYMBOL        dElapsedJulianDays
  X:04B0H         SYMBOL        dDecimalHours
  X:04B4H         SYMBOL        dEclipticLongitude
  X:04B8H         SYMBOL        dEclipticObliquity
  X:04BCH         SYMBOL        dRightAscension
  X:04C0H         SYMBOL        dDeclination
  X:04C4H         SYMBOL        dY
  X:04C8H         SYMBOL        dX
  -------         DO            
  X:04CCH         SYMBOL        dJulianDate
  X:04D0H         SYMBOL        liAux1
  X:04D4H         SYMBOL        liAux2
  X:04CCH         SYMBOL        dMeanLongitude
  X:04D0H         SYMBOL        dMeanAnomaly
  X:04D4H         SYMBOL        dOmega
  X:04CCH         SYMBOL        dSin_EclipticLongitude
  X:04CCH         SYMBOL        dGreenwichMeanSiderealTime
  X:04D0H         SYMBOL        dLocalMeanSiderealTime
  X:04D4H         SYMBOL        dLatitudeInRadians
  X:04D8H         SYMBOL        dHourAngle
  X:04DCH         SYMBOL        dCos_Latitude
  X:04E0H         SYMBOL        dSin_Latitude
  X:04E4H         SYMBOL        dCos_HourAngle
  X:04E8H         SYMBOL        dParallax
  -------         ENDDO         
  -------         DO            
  X:04CCH         SYMBOL        dMeanLongitude
  X:04D0H         SYMBOL        dMeanAnomaly
  X:04D4H         SYMBOL        dOmega
  X:04CCH         SYMBOL        dSin_EclipticLongitude
  X:04CCH         SYMBOL        dGreenwichMeanSiderealTime
  X:04D0H         SYMBOL        dLocalMeanSiderealTime
  X:04D4H         SYMBOL        dLatitudeInRadians
  X:04D8H         SYMBOL        dHourAngle
  X:04DCH         SYMBOL        dCos_Latitude
  X:04E0H         SYMBOL        dSin_Latitude
  X:04E4H         SYMBOL        dCos_HourAngle
  X:04E8H         SYMBOL        dParallax
  -------         ENDDO         
  -------         DO            
  X:04CCH         SYMBOL        dSin_EclipticLongitude
  X:04CCH         SYMBOL        dGreenwichMeanSiderealTime
  X:04D0H         SYMBOL        dLocalMeanSiderealTime
  X:04D4H         SYMBOL        dLatitudeInRadians
  X:04D8H         SYMBOL        dHourAngle
  X:04DCH         SYMBOL        dCos_Latitude
  X:04E0H         SYMBOL        dSin_Latitude
  X:04E4H         SYMBOL        dCos_HourAngle
  X:04E8H         SYMBOL        dParallax
  -------         ENDDO         
BL51 BANKED LINKER/LOCATER V6.22                                                      08/23/2018  17:34:55  PAGE 37


  -------         DO            
  X:04CCH         SYMBOL        dGreenwichMeanSiderealTime
  X:04D0H         SYMBOL        dLocalMeanSiderealTime
  X:04D4H         SYMBOL        dLatitudeInRadians
  X:04D8H         SYMBOL        dHourAngle
  X:04DCH         SYMBOL        dCos_Latitude
  X:04E0H         SYMBOL        dSin_Latitude
  X:04E4H         SYMBOL        dCos_HourAngle
  X:04E8H         SYMBOL        dParallax
  -------         ENDDO         
  -------         ENDDO         
  C:11A4H         LINE#         6
  C:11A4H         LINE#         7
  C:11A4H         LINE#         9
  C:11A4H         LINE#         27
  C:11EEH         LINE#         30
  C:120FH         LINE#         31
  C:1356H         LINE#         34
  C:13A2H         LINE#         36
  C:13C1H         LINE#         37
  C:13C1H         LINE#         42
  C:13C1H         LINE#         46
  C:13F3H         LINE#         47
  C:141DH         LINE#         48
  C:1447H         LINE#         49
  C:14F4H         LINE#         52
  C:1555H         LINE#         54
  C:1555H         LINE#         59
  C:1555H         LINE#         61
  C:156CH         LINE#         62
  C:1594H         LINE#         63
  C:15ABH         LINE#         64
  C:15D6H         LINE#         65
  C:160DH         LINE#         66
  C:1638H         LINE#         67
  C:1638H         LINE#         70
  C:1638H         LINE#         79
  C:1673H         LINE#         82
  C:16ADH         LINE#         84
  C:16D2H         LINE#         85
  C:16F1H         LINE#         86
  C:1708H         LINE#         87
  C:171FH         LINE#         88
  C:1736H         LINE#         89
  C:17BFH         LINE#         91
  C:17D9H         LINE#         92
  C:183BH         LINE#         93
  C:1871H         LINE#         94
  C:1883H         LINE#         95
  C:18B0H         LINE#         96
  C:18DDH         LINE#         98
  C:18FFH         LINE#         100
  C:1937H         LINE#         103
  C:1937H         LINE#         104
  C:1945H         LINE#         105
  -------         ENDPROC       SUNPOS
  -------         ENDMOD        SUNPOS
BL51 BANKED LINKER/LOCATER V6.22                                                      08/23/2018  17:34:55  PAGE 38



  -------         MODULE        ?C_STARTUP
  C:390DH         SEGMENT       ?C_C51STARTUP
  I:0021H         SEGMENT       ?STACK
  C:0000H         PUBLIC        ?C_STARTUP
  D:00E0H         SYMBOL        ACC
  D:00F0H         SYMBOL        B
  D:0083H         SYMBOL        DPH
  D:0082H         SYMBOL        DPL
  N:0000H         SYMBOL        IBPSTACK
  N:0100H         SYMBOL        IBPSTACKTOP
  N:0080H         SYMBOL        IDATALEN
  C:3910H         SYMBOL        IDATALOOP
  N:0000H         SYMBOL        PBPSTACK
  N:0100H         SYMBOL        PBPSTACKTOP
  N:0000H         SYMBOL        PDATALEN
  N:0000H         SYMBOL        PDATASTART
  N:0000H         SYMBOL        PPAGE
  N:0000H         SYMBOL        PPAGEENABLE
  D:00A0H         SYMBOL        PPAGE_SFR
  D:0081H         SYMBOL        SP
  C:390DH         SYMBOL        STARTUP1
  N:0000H         SYMBOL        XBPSTACK
  N:0000H         SYMBOL        XBPSTACKTOP
  N:0000H         SYMBOL        XDATALEN
  N:0000H         SYMBOL        XDATASTART
  C:0000H         LINE#         126
  C:390DH         LINE#         133
  C:390FH         LINE#         134
  C:3910H         LINE#         135
  C:3911H         LINE#         136
  C:3913H         LINE#         185
  C:3916H         LINE#         196
  -------         ENDMOD        ?C_STARTUP

  -------         MODULE        ?C?FPADD
  C:002DH         PUBLIC        ?C?FPADD
  C:0029H         PUBLIC        ?C?FPSUB
  -------         ENDMOD        ?C?FPADD

  -------         MODULE        ?C?FPMUL
  C:011EH         PUBLIC        ?C?FPMUL
  -------         ENDMOD        ?C?FPMUL

  -------         MODULE        ?C?FPDIV
  C:0227H         PUBLIC        ?C?FPDIV
  -------         ENDMOD        ?C?FPDIV

  -------         MODULE        ?C?FPCMP
  C:02C6H         PUBLIC        ?C?FPCMP
  C:02C4H         PUBLIC        ?C?FPCMP3
  -------         ENDMOD        ?C?FPCMP

  -------         MODULE        ?C?FPNEG
  C:033DH         PUBLIC        ?C?FPNEG
  -------         ENDMOD        ?C?FPNEG

BL51 BANKED LINKER/LOCATER V6.22                                                      08/23/2018  17:34:55  PAGE 39


  -------         MODULE        ?C?FCAST
  C:0358H         PUBLIC        ?C?FCASTC
  C:0353H         PUBLIC        ?C?FCASTI
  C:034EH         PUBLIC        ?C?FCASTL
  -------         ENDMOD        ?C?FCAST

  -------         MODULE        ?C?CASTF
  C:038CH         PUBLIC        ?C?CASTF
  -------         ENDMOD        ?C?CASTF

  -------         MODULE        ATAN2
  X:04ECH         PUBLIC        ?_atan2?BYTE
  C:360CH         PUBLIC        _atan2
  -------         ENDMOD        ATAN2

  -------         MODULE        SIN
  C:2EF4H         PUBLIC        _COS
  C:2F0AH         PUBLIC        _SIN
  C:2F46H         PUBLIC        _TAN
  -------         ENDMOD        SIN

  -------         MODULE        ACOS
  C:3BB3H         PUBLIC        _ACOS
  -------         ENDMOD        ACOS

  -------         MODULE        ASIN
  C:3CCAH         PUBLIC        _ASIN
  -------         ENDMOD        ASIN

  -------         MODULE        POW
  X:04BFH         PUBLIC        ?_pow?BYTE
  C:3034H         PUBLIC        _pow
  -------         ENDMOD        POW

  -------         MODULE        ?C?CHKFLOAT
  C:040DH         PUBLIC        ?C?CHKFLOAT
  -------         ENDMOD        ?C?CHKFLOAT

  -------         MODULE        EXP
  C:3816H         PUBLIC        _EXP
  -------         ENDMOD        EXP

  -------         MODULE        LOG
  C:31CEH         PUBLIC        _LOG
  C:31CAH         PUBLIC        _LOG10
  -------         ENDMOD        LOG

  -------         MODULE        SQRT
  C:34C4H         PUBLIC        _SQRT
  -------         ENDMOD        SQRT

  -------         MODULE        ATAN
  C:32E3H         PUBLIC        _ATAN
  -------         ENDMOD        ATAN

  -------         MODULE        ?C?COPY
  C:0544H         PUBLIC        ?C?COPY
BL51 BANKED LINKER/LOCATER V6.22                                                      08/23/2018  17:34:55  PAGE 40


  -------         ENDMOD        ?C?COPY

  -------         MODULE        ?C?CLDPTR
  C:056AH         PUBLIC        ?C?CLDPTR
  -------         ENDMOD        ?C?CLDPTR

  -------         MODULE        ?C?CSTPTR
  C:0583H         PUBLIC        ?C?CSTPTR
  -------         ENDMOD        ?C?CSTPTR

  -------         MODULE        ?C?IMUL
  C:0595H         PUBLIC        ?C?IMUL
  -------         ENDMOD        ?C?IMUL

  -------         MODULE        ?C?UIDIV
  C:05A7H         PUBLIC        ?C?UIDIV
  -------         ENDMOD        ?C?UIDIV

  -------         MODULE        ?C?SIDIV
  C:05FCH         PUBLIC        ?C?SIDIV
  -------         ENDMOD        ?C?SIDIV

  -------         MODULE        ?C?ILDIX
  C:0632H         PUBLIC        ?C?ILDIX
  -------         ENDMOD        ?C?ILDIX

  -------         MODULE        ?C?LMUL
  C:0648H         PUBLIC        ?C?LMUL
  -------         ENDMOD        ?C?LMUL

  -------         MODULE        ?C?SLDIV
  C:3C46H         PUBLIC        ?C?SLDIV
  -------         ENDMOD        ?C?SLDIV

  -------         MODULE        ?C?LNEG
  C:0697H         PUBLIC        ?C?LNEG
  -------         ENDMOD        ?C?LNEG

  -------         MODULE        ?C?LLDPTR
  C:06A5H         PUBLIC        ?C?LLDPTR
  -------         ENDMOD        ?C?LLDPTR

  -------         MODULE        ?C?LLDOPTR
  C:06C5H         PUBLIC        ?C?LLDOPTR
  -------         ENDMOD        ?C?LLDOPTR

  -------         MODULE        ?C?LSTPTR
  C:06F5H         PUBLIC        ?C?LSTPTR
  -------         ENDMOD        ?C?LSTPTR

  -------         MODULE        ?C?LSTOPTR
  C:070FH         PUBLIC        ?C?LSTOPTR
  -------         ENDMOD        ?C?LSTOPTR

  -------         MODULE        ?C?LLDXDATA
  C:0733H         PUBLIC        ?C?LLDXDATA
  -------         ENDMOD        ?C?LLDXDATA
BL51 BANKED LINKER/LOCATER V6.22                                                      08/23/2018  17:34:55  PAGE 41



  -------         MODULE        ?C?LLDCODE
  C:073FH         PUBLIC        ?C?LLDCODE
  -------         ENDMOD        ?C?LLDCODE

  -------         MODULE        ?C?LLDXDATA0
  C:074FH         PUBLIC        ?C?LLDXDATA0
  -------         ENDMOD        ?C?LLDXDATA0

  -------         MODULE        ?C?LLDCODE0
  C:075BH         PUBLIC        ?C?LLDCODE0
  -------         ENDMOD        ?C?LLDCODE0

  -------         MODULE        ?C?LLDPTR0
  C:076BH         PUBLIC        ?C?LLDPTR0
  -------         ENDMOD        ?C?LLDPTR0

  -------         MODULE        ?C?LSTXDATA
  C:078BH         PUBLIC        ?C?LSTXDATA
  -------         ENDMOD        ?C?LSTXDATA

  -------         MODULE        ?C?LSTKXDATA
  C:0797H         PUBLIC        ?C?LSTKXDATA
  -------         ENDMOD        ?C?LSTKXDATA

  -------         MODULE        ?C?OFFXADD
  C:07C8H         PUBLIC        ?C?OFFXADD
  -------         ENDMOD        ?C?OFFXADD

  -------         MODULE        ABS
  C:3FD8H         PUBLIC        _ABS
  -------         ENDMOD        ABS

  -------         MODULE        ATOI
  C:33E5H         PUBLIC        _atoi
  -------         ENDMOD        ATOI

  -------         MODULE        ?C?IILDX
  C:07D4H         PUBLIC        ?C?IILDX
  -------         ENDMOD        ?C?IILDX

  -------         MODULE        ?C?ULDIV
  C:0826H         PUBLIC        ?C?ULDIV
  -------         ENDMOD        ?C?ULDIV

  -------         MODULE        ?C?LLDIDATA
  C:08B8H         PUBLIC        ?C?LLDIDATA
  -------         ENDMOD        ?C?LLDIDATA

  -------         MODULE        ?C?LLDPDATA
  C:08C4H         PUBLIC        ?C?LLDPDATA
  -------         ENDMOD        ?C?LLDPDATA

  -------         MODULE        ?C?LLDIDATA0
  C:08D0H         PUBLIC        ?C?LLDIDATA0
  -------         ENDMOD        ?C?LLDIDATA0

BL51 BANKED LINKER/LOCATER V6.22                                                      08/23/2018  17:34:55  PAGE 42


  -------         MODULE        ?C?LLDPDATA0
  C:08DDH         PUBLIC        ?C?LLDPDATA0
  -------         ENDMOD        ?C?LLDPDATA0

  -------         MODULE        ?C?LSTIDATA
  C:08EAH         PUBLIC        ?C?LSTIDATA
  -------         ENDMOD        ?C?LSTIDATA

  -------         MODULE        ?C?LSTPDATA
  C:08F6H         PUBLIC        ?C?LSTPDATA
  -------         ENDMOD        ?C?LSTPDATA

  -------         MODULE        ISDIGIT
  C:3FB0H         PUBLIC        _isdigit
  -------         ENDMOD        ISDIGIT

  -------         MODULE        ISSPACE
  C:3F47H         PUBLIC        _isspace
  -------         ENDMOD        ISSPACE

*** WARNING L16: UNCALLED SEGMENT, IGNORED FOR OVERLAY PROCESS
    SEGMENT: ?PR?_DISPLAY_PROX?MAIN

*** WARNING L16: UNCALLED SEGMENT, IGNORED FOR OVERLAY PROCESS
    SEGMENT: ?PR?INITUART1?UART1

*** WARNING L16: UNCALLED SEGMENT, IGNORED FOR OVERLAY PROCESS
    SEGMENT: ?PR?_SENDSTRING?UART1

*** WARNING L16: UNCALLED SEGMENT, IGNORED FOR OVERLAY PROCESS
    SEGMENT: ?PR?_TEN?UART1

*** WARNING L16: UNCALLED SEGMENT, IGNORED FOR OVERLAY PROCESS
    SEGMENT: ?PR?_UNIT?UART1

*** WARNING L16: UNCALLED SEGMENT, IGNORED FOR OVERLAY PROCESS
    SEGMENT: ?PR?_DECTOBCD?UART1

*** WARNING L16: UNCALLED SEGMENT, IGNORED FOR OVERLAY PROCESS
    SEGMENT: ?PR?_ASCII_LETTER?UART1

*** WARNING L16: UNCALLED SEGMENT, IGNORED FOR OVERLAY PROCESS
    SEGMENT: ?PR?NOP?VCNL4035

*** WARNING L16: UNCALLED SEGMENT, IGNORED FOR OVERLAY PROCESS
    SEGMENT: ?PR?_READ_VCNL4035?VCNL4035

*** WARNING L16: UNCALLED SEGMENT, IGNORED FOR OVERLAY PROCESS
    SEGMENT: ?PR?_DISPLAYLCD_VCNL4035?VCNL4035

*** WARNING L16: UNCALLED SEGMENT, IGNORED FOR OVERLAY PROCESS
    SEGMENT: ?PR?_FINDDET4X4?BIPOLARMOTOR

*** WARNING L16: UNCALLED SEGMENT, IGNORED FOR OVERLAY PROCESS
    SEGMENT: ?PR?LINEAR_INTERPOLATE?BIPOLARMOTOR

*** WARNING L1: UNRESOLVED EXTERNAL SYMBOL
BL51 BANKED LINKER/LOCATER V6.22                                                      08/23/2018  17:34:55  PAGE 43


    SYMBOL:  AUTO_MODE
    MODULE:  .\Obj\main.obj (MAIN)

*** WARNING L2: REFERENCE MADE TO UNRESOLVED EXTERNAL
    SYMBOL:  AUTO_MODE
    MODULE:  .\Obj\main.obj (MAIN)
    ADDRESS: 2730H

*** WARNING L2: REFERENCE MADE TO UNRESOLVED EXTERNAL
    SYMBOL:  AUTO_MODE
    MODULE:  .\Obj\main.obj (MAIN)
    ADDRESS: 27F8H

*** WARNING L2: REFERENCE MADE TO UNRESOLVED EXTERNAL
    SYMBOL:  AUTO_MODE
    MODULE:  .\Obj\main.obj (MAIN)
    ADDRESS: 2806H

*** WARNING L2: REFERENCE MADE TO UNRESOLVED EXTERNAL
    SYMBOL:  AUTO_MODE
    MODULE:  .\Obj\main.obj (MAIN)
    ADDRESS: 2818H

*** WARNING L2: REFERENCE MADE TO UNRESOLVED EXTERNAL
    SYMBOL:  AUTO_MODE
    MODULE:  .\Obj\main.obj (MAIN)
    ADDRESS: 285AH

*** WARNING L2: REFERENCE MADE TO UNRESOLVED EXTERNAL
    SYMBOL:  AUTO_MODE
    MODULE:  .\Obj\main.obj (MAIN)
    ADDRESS: 2931H

*** WARNING L1: UNRESOLVED EXTERNAL SYMBOL
    SYMBOL:  AUTO_MODE
    MODULE:  .\Obj\KeyPad.obj (KEYPAD)

*** WARNING L2: REFERENCE MADE TO UNRESOLVED EXTERNAL
    SYMBOL:  AUTO_MODE
    MODULE:  .\Obj\KeyPad.obj (KEYPAD)
    ADDRESS: 24C0H

*** WARNING L2: REFERENCE MADE TO UNRESOLVED EXTERNAL
    SYMBOL:  AUTO_MODE
    MODULE:  .\Obj\KeyPad.obj (KEYPAD)
    ADDRESS: 24CBH

*** WARNING L2: REFERENCE MADE TO UNRESOLVED EXTERNAL
    SYMBOL:  AUTO_MODE
    MODULE:  .\Obj\KeyPad.obj (KEYPAD)
    ADDRESS: 24D2H

Program Size: data=18.0 xdata=1411 code=16408
LINK/LOCATE RUN COMPLETE.  23 WARNING(S),  0 ERROR(S)
