BL51 BANKED LINKER/LOCATER V6.22                                                        05/15/2018  15:18:34  PAGE 1


BL51 BANKED LINKER/LOCATER V6.22, INVOKED BY:
C:\KEIL_V5\C51\BIN\BL51.EXE .\Obj\main.obj, .\Obj\PCF85063BTL.obj, .\Obj\UART1.obj, .\Obj\LCd_Driver_SPLC780D.obj, .\Obj
>> \KeyPad.obj, .\Obj\STARTUP.obj TO .\Obj\GPIO_RTC_Test PRINT (.\Lis\GPIO_RTC_Test.m51) RAMSIZE (256)


MEMORY MODEL: LARGE


INPUT MODULES INCLUDED:
  .\Obj\main.obj (MAIN)
  .\Obj\PCF85063BTL.obj (PCF85063BTL)
  .\Obj\UART1.obj (UART1)
  .\Obj\LCd_Driver_SPLC780D.obj (LCD_DRIVER_SPLC780D)
  .\Obj\KeyPad.obj (KEYPAD)
  .\Obj\STARTUP.obj (?C_STARTUP)
  C:\KEIL_V5\C51\LIB\C51L.LIB (?C_INIT)
  C:\KEIL_V5\C51\LIB\C51L.LIB (?C?CLDPTR)
  C:\KEIL_V5\C51\LIB\C51L.LIB (?C?CSTPTR)
  C:\KEIL_V5\C51\LIB\C51L.LIB (?C?ILDIX)
  C:\KEIL_V5\C51\LIB\C51L.LIB (ATOI)
  C:\KEIL_V5\C51\LIB\C51L.LIB (?C?IMUL)
  C:\KEIL_V5\C51\LIB\C51L.LIB (?C?IILDX)
  C:\KEIL_V5\C51\LIB\C51L.LIB (ISDIGIT)
  C:\KEIL_V5\C51\LIB\C51L.LIB (ISSPACE)


LINK MAP OF MODULE:  .\Obj\GPIO_RTC_Test (MAIN)


            TYPE    BASE      LENGTH    RELOCATION   SEGMENT NAME
            -----------------------------------------------------

            * * * * * * *   D A T A   M E M O R Y   * * * * * * *
            REG     0000H     0008H     ABSOLUTE     "REG BANK 0"
            REG     0008H     0008H     ABSOLUTE     "REG BANK 1"
                    0010H     0010H                  *** GAP ***
            BIT     0020H.0   0000H.1   UNIT         ?BI?MAIN
            BIT     0020H.1   0000H.1   UNIT         _BIT_GROUP_
                    0020H.2   0000H.6                *** GAP ***
            IDATA   0021H     0001H     UNIT         ?STACK

            * * * * * * *  X D A T A   M E M O R Y  * * * * * * *
            XDATA   0000H     0021H     UNIT         _XDATA_GROUP_
            XDATA   0021H     000CH     UNIT         ?XD?MAIN
            XDATA   002DH     0008H     UNIT         ?XD?KEYPAD
            XDATA   0035H     0003H     UNIT         ?XD?_SENDSTRING?UART1

            * * * * * * *   C O D E   M E M O R Y   * * * * * * *
            CODE    0000H     0003H     ABSOLUTE     
            CODE    0003H     0020H     UNIT         ?PR?_SPI_SENDBYTE?PCF85063BTL
            CODE    0023H     0003H     ABSOLUTE     
            CODE    0026H     0139H     UNIT         ?PR?KEY_SCAN?KEYPAD
            CODE    015FH     00EAH     UNIT         ?PR?_DISPLAY_TIME?UART1
            CODE    0249H     00E3H     UNIT         ?PR?MAIN?MAIN
            CODE    032CH     00DBH     UNIT         ?PR?_ATOI?ATOI
            CODE    0407H     0099H     UNIT         ?PR?UART?MAIN
            CODE    04A0H     008CH     UNIT         ?C_C51STARTUP
            CODE    052CH     0075H     UNIT         ?PR?_WRITEDATA?LCD_DRIVER_SPLC780D
BL51 BANKED LINKER/LOCATER V6.22                                                      05/15/2018  15:18:34  PAGE 2


            CODE    05A1H     0074H     UNIT         ?PR?KEY_PROCESS?KEYPAD
            CODE    0615H     0069H     UNIT         ?C?LIB_CODE
            CODE    067EH     0054H     UNIT         ?PR?LCD_INIT?LCD_DRIVER_SPLC780D
            CODE    06D2H     0040H     UNIT         ?PR?_COMMAND?LCD_DRIVER_SPLC780D
            CODE    0712H     0033H     UNIT         ?PR?_SENDSTRING?UART1
            CODE    0745H     0024H     UNIT         ?PR?_WAIT_MS?LCD_DRIVER_SPLC780D
            CODE    0769H     0020H     UNIT         ?PR?SPI_RECEIVEBYTE?PCF85063BTL
            CODE    0789H     001EH     UNIT         ?PR?_DELAY_MS?KEYPAD
            CODE    07A7H     001DH     UNIT         ?PR?_DISPLAYLCD?LCD_DRIVER_SPLC780D
            CODE    07C4H     001CH     UNIT         ?C_INITSEG
            CODE    07E0H     0018H     UNIT         ?PR?_SPI_WRITETIME?PCF85063BTL
            CODE    07F8H     0017H     UNIT         ?PR?_ASCIITOBCD?UART1
            CODE    080FH     0014H     UNIT         ?PR?_PCF85063BTL_DELAY?PCF85063BTL
            CODE    0823H     0014H     UNIT         ?PR?_ISSPACE?ISSPACE
            CODE    0837H     0012H     UNIT         ?PR?_TEN?UART1
            CODE    0849H     0011H     UNIT         ?PR?_SPI_READTIME?PCF85063BTL
            CODE    085AH     0011H     UNIT         ?PR?INITUART1?UART1
            CODE    086BH     0011H     UNIT         ?PR?_UNIT?UART1
            CODE    087CH     000FH     UNIT         ?PR?_ISDIGIT?ISDIGIT
            CODE    088BH     000DH     UNIT         ?PR?SPI_INIT?PCF85063BTL
            CODE    0898H     000AH     UNIT         ?PR?LCD_RETURN_HOME?LCD_DRIVER_SPLC780D
            CODE    08A2H     000AH     UNIT         ?PR?LCD_CLEAR?LCD_DRIVER_SPLC780D
            CODE    08ACH     0009H     UNIT         ?PR?_SENDUART1?MAIN
            CODE    08B5H     0007H     UNIT         ?PR?KEYPAD_IO_INIT?KEYPAD
            CODE    08BCH     0005H     UNIT         ?PR?_ASCII_LETTER?UART1
            CODE    08C1H     0001H     UNIT         ?PR?_DECTOBCD?UART1



OVERLAY MAP OF MODULE:   .\Obj\GPIO_RTC_Test (MAIN)


SEGMENT                                            BIT_GROUP          XDATA_GROUP
  +--> CALLED SEGMENT                           START    LENGTH     START    LENGTH
-----------------------------------------------------------------------------------
?PR?UART?MAIN                                   -----    -----      -----    -----
  +--> ?PR?_ASCIITOBCD?UART1

?PR?_ASCIITOBCD?UART1                           -----    -----      -----    -----
  +--> ?PR?_ATOI?ATOI

?PR?_ATOI?ATOI                                  0020H.1  0000H.1    0000H    0005H
  +--> ?PR?_ISSPACE?ISSPACE
  +--> ?PR?_ISDIGIT?ISDIGIT

*** NEW ROOT ***************************************************

?C_C51STARTUP                                   -----    -----      -----    -----
  +--> ?PR?MAIN?MAIN
  +--> ?C_INITSEG

?PR?MAIN?MAIN                                   -----    -----      0005H    000DH
  +--> ?PR?LCD_INIT?LCD_DRIVER_SPLC780D
  +--> ?PR?SPI_INIT?PCF85063BTL
  +--> ?PR?KEYPAD_IO_INIT?KEYPAD
  +--> ?PR?INITUART1?UART1
  +--> ?PR?_SPI_WRITETIME?PCF85063BTL
BL51 BANKED LINKER/LOCATER V6.22                                                      05/15/2018  15:18:34  PAGE 3


  +--> ?PR?_DELAY_MS?KEYPAD
  +--> ?PR?_DISPLAYLCD?LCD_DRIVER_SPLC780D
  +--> ?PR?_WRITEDATA?LCD_DRIVER_SPLC780D
  +--> ?PR?LCD_RETURN_HOME?LCD_DRIVER_SPLC780D
  +--> ?PR?KEY_PROCESS?KEYPAD
  +--> ?PR?_SENDUART1?MAIN
  +--> ?PR?_DISPLAY_TIME?UART1

?PR?LCD_INIT?LCD_DRIVER_SPLC780D                -----    -----      -----    -----
  +--> ?PR?_WAIT_MS?LCD_DRIVER_SPLC780D
  +--> ?PR?_COMMAND?LCD_DRIVER_SPLC780D

?PR?_COMMAND?LCD_DRIVER_SPLC780D                -----    -----      -----    -----
  +--> ?PR?_WAIT_MS?LCD_DRIVER_SPLC780D

?PR?_SPI_WRITETIME?PCF85063BTL                  -----    -----      -----    -----
  +--> ?PR?_SPI_SENDBYTE?PCF85063BTL

?PR?_SPI_SENDBYTE?PCF85063BTL                   -----    -----      -----    -----
  +--> ?PR?_PCF85063BTL_DELAY?PCF85063BTL

?PR?_DISPLAYLCD?LCD_DRIVER_SPLC780D             -----    -----      0012H    0001H
  +--> ?PR?_WRITEDATA?LCD_DRIVER_SPLC780D

?PR?_WRITEDATA?LCD_DRIVER_SPLC780D              -----    -----      0013H    0001H
  +--> ?PR?_WAIT_MS?LCD_DRIVER_SPLC780D

?PR?LCD_RETURN_HOME?LCD_DRIVER_SPLC780D         -----    -----      -----    -----
  +--> ?PR?_COMMAND?LCD_DRIVER_SPLC780D

?PR?KEY_PROCESS?KEYPAD                          -----    -----      -----    -----
  +--> ?PR?KEY_SCAN?KEYPAD
  +--> ?PR?_SPI_WRITETIME?PCF85063BTL

?PR?KEY_SCAN?KEYPAD                             -----    -----      0012H    0003H
  +--> ?PR?_DELAY_MS?KEYPAD

?PR?_DISPLAY_TIME?UART1                         -----    -----      0012H    000FH
  +--> ?PR?_SPI_READTIME?PCF85063BTL
  +--> ?PR?_TEN?UART1
  +--> ?PR?_SENDUART1?MAIN
  +--> ?PR?_UNIT?UART1

?PR?_SPI_READTIME?PCF85063BTL                   -----    -----      -----    -----
  +--> ?PR?_SPI_SENDBYTE?PCF85063BTL
  +--> ?PR?SPI_RECEIVEBYTE?PCF85063BTL

?PR?SPI_RECEIVEBYTE?PCF85063BTL                 -----    -----      -----    -----
  +--> ?PR?_PCF85063BTL_DELAY?PCF85063BTL



SYMBOL TABLE OF MODULE:  .\Obj\GPIO_RTC_Test (MAIN)

  VALUE           TYPE          NAME
  ----------------------------------

BL51 BANKED LINKER/LOCATER V6.22                                                      05/15/2018  15:18:34  PAGE 4


  -------         MODULE        MAIN
  C:0000H         SYMBOL        _ICE_DUMMY_
  D:0080H         PUBLIC        P0
  D:0090H         PUBLIC        P1
  D:00A0H         PUBLIC        P2
  D:00B0H         PUBLIC        P3
  D:00C0H         PUBLIC        P4
  D:00C8H         PUBLIC        P5
  B:00A8H.7       PUBLIC        EA
  D:00E8H         PUBLIC        P6
  D:00F8H         PUBLIC        P7
  X:0021H         PUBLIC        RX_Data_Uart_Cnt
  D:00A8H         PUBLIC        IE
  D:00B8H         PUBLIC        IP
  B:0098H.0       PUBLIC        RI
  B:0098H.1       PUBLIC        TI
  C:0407H         PUBLIC        Uart
  D:00D8H         PUBLIC        CCON
  C:0249H         PUBLIC        main
  D:0099H         PUBLIC        SBUF
  D:0098H         PUBLIC        SCON
  D:0088H         PUBLIC        TCON
  X:0023H         PUBLIC        Rec_data_hour
  X:0026H         PUBLIC        Rec_data_min
  B:0020H.0       PUBLIC        busy
  D:00E0H         PUBLIC        ACC
  X:0029H         PUBLIC        hour_count
  X:002AH         PUBLIC        min_count
  X:002BH         PUBLIC        st_time
  D:00D0H         PUBLIC        PSW
  C:08ACH         PUBLIC        _SendUART1
  -------         PROC          MAIN
  -------         DO            
  X:0005H         SYMBOL        seconds
  X:0006H         SYMBOL        mins
  X:0007H         SYMBOL        hours
  X:0008H         SYMBOL        days
  X:0009H         SYMBOL        months
  X:000AH         SYMBOL        KeyNum
  X:000BH         SYMBOL        sec_decimal
  X:000DH         SYMBOL        numStr
  -------         ENDDO         
  C:0249H         LINE#         37
  C:0249H         LINE#         38
  C:0249H         LINE#         43
  C:024CH         LINE#         44
  C:024FH         LINE#         45
  C:0252H         LINE#         46
  C:0255H         LINE#         47
  C:0257H         LINE#         48
  C:025EH         LINE#         49
  C:0265H         LINE#         50
  C:026CH         LINE#         51
  C:0273H         LINE#         52
  C:0273H         LINE#         53
  C:0273H         LINE#         54
  C:027BH         LINE#         55
BL51 BANKED LINKER/LOCATER V6.22                                                      05/15/2018  15:18:34  PAGE 5


  C:0280H         LINE#         56
  C:0288H         LINE#         57
  C:028DH         LINE#         58
  C:0297H         LINE#         59
  C:029CH         LINE#         60
  C:02A4H         LINE#         61
  C:02A9H         LINE#         62
  C:02B1H         LINE#         65
  C:02B4H         LINE#         66
  C:02B7H         LINE#         67
  C:02C1H         LINE#         68
  C:02C1H         LINE#         69
  C:02CBH         LINE#         70
  C:02D5H         LINE#         71
  C:02DCH         LINE#         72
  C:02E4H         LINE#         73
  C:02ECH         LINE#         74
  C:02EEH         LINE#         76
  C:02EEH         LINE#         77
  C:0329H         LINE#         79
  C:0329H         LINE#         80
  -------         ENDPROC       MAIN
  -------         PROC          UART
  C:0407H         LINE#         87
  C:0414H         LINE#         89
  C:0417H         LINE#         90
  C:0417H         LINE#         91
  C:0425H         LINE#         92
  C:0427H         LINE#         93
  C:0439H         LINE#         94
  C:0448H         LINE#         95
  C:0453H         LINE#         96
  C:0453H         LINE#         99
  C:0460H         LINE#         100
  C:0466H         LINE#         101
  C:0466H         LINE#         102
  C:046CH         LINE#         103
  C:047AH         LINE#         104
  C:0488H         LINE#         105
  C:048EH         LINE#         110
  C:048EH         LINE#         111
  C:048EH         LINE#         114
  C:048EH         LINE#         115
  C:0491H         LINE#         116
  C:0491H         LINE#         117
  C:0493H         LINE#         118
  C:0495H         LINE#         119
  C:0495H         LINE#         120
  -------         ENDPROC       UART
  -------         PROC          _SENDUART1
  D:0007H         SYMBOL        dat
  C:08ACH         LINE#         123
  C:08ACH         LINE#         124
  C:08ACH         LINE#         125
  C:08AFH         LINE#         126
  C:08B1H         LINE#         127
  C:08B2H         LINE#         128
BL51 BANKED LINKER/LOCATER V6.22                                                      05/15/2018  15:18:34  PAGE 6


  C:08B4H         LINE#         129
  -------         ENDPROC       _SENDUART1
  -------         ENDMOD        MAIN

  -------         MODULE        PCF85063BTL
  C:0000H         SYMBOL        _ICE_DUMMY_
  D:0096H         PUBLIC        P2M0
  D:0080H         PUBLIC        P0
  D:0095H         PUBLIC        P2M1
  D:0090H         PUBLIC        P1
  D:00A0H         PUBLIC        P2
  D:00B0H         PUBLIC        P3
  D:00C0H         PUBLIC        P4
  D:00C8H         PUBLIC        P5
  D:00E8H         PUBLIC        P6
  B:00A0H.2       PUBLIC        PCF85063BTL_SDI
  D:00F8H         PUBLIC        P7
  B:00A0H.1       PUBLIC        PCF85063BTL_SCK
  B:00A0H.2       PUBLIC        PCF85063BTL_SDO
  D:00A8H         PUBLIC        IE
  C:0815H         PUBLIC        _PCF85063BTL_Delay
  D:00B8H         PUBLIC        IP
  D:00D8H         PUBLIC        CCON
  C:0769H         PUBLIC        SPI_ReceiveByte
  D:0098H         PUBLIC        SCON
  D:0088H         PUBLIC        TCON
  B:00A0H.0       PUBLIC        PCF85063BTL_CS
  C:0849H         PUBLIC        _SPI_ReadTime
  C:088BH         PUBLIC        SPI_Init
  C:07E0H         PUBLIC        _SPI_WriteTime
  C:0003H         PUBLIC        _SPI_SendByte
  D:00D0H         PUBLIC        PSW
  C:0811H         SYMBOL        L?0020
  -------         PROC          L?0019
  -------         ENDPROC       L?0019
  C:0811H         SYMBOL        L?0020
  -------         PROC          _PCF85063BTL_DELAY
  D:0006H         SYMBOL        us
  C:0815H         LINE#         8
  C:0815H         LINE#         9
  C:0815H         LINE#         10
  C:081FH         LINE#         11
  C:081FH         LINE#         12
  C:0820H         LINE#         13
  C:0822H         LINE#         14
  -------         ENDPROC       _PCF85063BTL_DELAY
  -------         PROC          _SPI_SENDBYTE
  D:0005H         SYMBOL        dat
  -------         DO            
  D:0003H         SYMBOL        i
  -------         ENDDO         
  C:0003H         LINE#         17
  C:0005H         LINE#         18
  C:0005H         LINE#         20
  C:0007H         LINE#         21
  C:0007H         LINE#         22
  C:0009H         LINE#         23
BL51 BANKED LINKER/LOCATER V6.22                                                      05/15/2018  15:18:34  PAGE 7


  C:000DH         LINE#         24
  C:000DH         LINE#         25
  C:000FH         LINE#         26
  C:0011H         LINE#         28
  C:0011H         LINE#         29
  C:0013H         LINE#         30
  C:0013H         LINE#         31
  C:0016H         LINE#         32
  C:0016H         LINE#         33
  C:0019H         LINE#         34
  C:001DH         LINE#         35
  C:0022H         LINE#         36
  -------         ENDPROC       _SPI_SENDBYTE
  -------         PROC          SPI_RECEIVEBYTE
  -------         DO            
  D:0003H         SYMBOL        i
  D:0005H         SYMBOL        dat
  -------         ENDDO         
  C:0769H         LINE#         39
  C:0769H         LINE#         40
  C:0769H         LINE#         42
  C:076BH         LINE#         44
  C:076DH         LINE#         45
  C:076EH         LINE#         46
  C:076EH         LINE#         47
  C:0772H         LINE#         48
  C:0774H         LINE#         49
  C:0777H         LINE#         51
  C:077AH         LINE#         52
  C:077AH         LINE#         53
  C:077EH         LINE#         54
  C:077EH         LINE#         55
  C:077EH         LINE#         56
  C:0781H         LINE#         57
  C:0786H         LINE#         58
  C:0788H         LINE#         59
  -------         ENDPROC       SPI_RECEIVEBYTE
  -------         PROC          _SPI_READTIME
  D:0007H         SYMBOL        addr
  -------         DO            
  D:0006H         SYMBOL        dat
  -------         ENDDO         
  C:0849H         LINE#         61
  C:0849H         LINE#         62
  C:0849H         LINE#         64
  C:084BH         LINE#         65
  C:084DH         LINE#         66
  C:0854H         LINE#         67
  C:0857H         LINE#         68
  C:0859H         LINE#         69
  C:0859H         LINE#         70
  -------         ENDPROC       _SPI_READTIME
  -------         PROC          _SPI_WRITETIME
  D:0002H         SYMBOL        val
  D:0005H         SYMBOL        addr
  C:07E0H         LINE#         71
  C:07E2H         LINE#         72
BL51 BANKED LINKER/LOCATER V6.22                                                      05/15/2018  15:18:34  PAGE 8


  C:07E2H         LINE#         74
  C:07E4H         LINE#         75
  C:07EBH         LINE#         76
  C:07F0H         LINE#         77
  C:07F5H         LINE#         78
  C:07F7H         LINE#         79
  -------         ENDPROC       _SPI_WRITETIME
  -------         PROC          SPI_INIT
  C:088BH         LINE#         83
  C:088BH         LINE#         84
  C:088BH         LINE#         89
  C:088EH         LINE#         90
  C:0891H         LINE#         91
  C:0893H         LINE#         92
  C:0895H         LINE#         93
  C:0897H         LINE#         94
  -------         ENDPROC       SPI_INIT
  -------         ENDMOD        PCF85063BTL

  -------         MODULE        UART1
  C:0000H         SYMBOL        _ICE_DUMMY_
  D:0080H         PUBLIC        P0
  D:0090H         PUBLIC        P1
  D:00A0H         PUBLIC        P2
  D:00B0H         PUBLIC        P3
  D:00C0H         PUBLIC        P4
  D:00C8H         PUBLIC        P5
  B:00A8H.7       PUBLIC        EA
  D:00E8H         PUBLIC        P6
  D:00F8H         PUBLIC        P7
  C:0712H         PUBLIC        _SendString
  D:00A8H         PUBLIC        IE
  B:00A8H.4       PUBLIC        ES
  D:00B8H         PUBLIC        IP
  C:07F8H         PUBLIC        _ASCIItoBCD
  D:00D8H         PUBLIC        CCON
  C:085AH         PUBLIC        initUART1
  D:0098H         PUBLIC        SCON
  D:0088H         PUBLIC        TCON
  C:08C1H         PUBLIC        _DectoBCD
  C:08BCH         PUBLIC        _ASCII_Letter
  D:008EH         PUBLIC        AUXR
  C:0877H         PUBLIC        _unit
  C:0843H         PUBLIC        _ten
  D:00D6H         PUBLIC        T2H
  D:00D7H         PUBLIC        T2L
  C:015FH         PUBLIC        _Display_time
  D:00D0H         PUBLIC        PSW
  -------         PROC          INITUART1
  C:085AH         LINE#         21
  C:085AH         LINE#         22
  C:085AH         LINE#         23
  C:085DH         LINE#         24
  C:0860H         LINE#         25
  C:0863H         LINE#         26
  C:0866H         LINE#         27
  C:0868H         LINE#         28
BL51 BANKED LINKER/LOCATER V6.22                                                      05/15/2018  15:18:34  PAGE 9


  C:086AH         LINE#         30
  -------         ENDPROC       INITUART1
  -------         PROC          _SENDSTRING
  X:0035H         SYMBOL        s
  C:0712H         LINE#         35
  C:071DH         LINE#         36
  C:071DH         LINE#         37
  C:072DH         LINE#         38
  C:072DH         LINE#         39
  C:0742H         LINE#         40
  C:0744H         LINE#         41
  -------         ENDPROC       _SENDSTRING
  -------         PROC          L?0011
  -------         ENDPROC       L?0011
  -------         PROC          _TEN
  D:0007H         SYMBOL        BCD
  C:0843H         LINE#         43
  C:0843H         LINE#         44
  C:0843H         LINE#         45
  C:0848H         LINE#         46
  -------         ENDPROC       _TEN
  -------         PROC          L?0012
  -------         ENDPROC       L?0012
  -------         PROC          _UNIT
  D:0007H         SYMBOL        BCD
  C:0877H         LINE#         47
  C:0877H         LINE#         48
  C:0877H         LINE#         52
  C:087BH         LINE#         53
  -------         ENDPROC       _UNIT
  -------         PROC          _DECTOBCD
  D:0007H         SYMBOL        dec
  C:08C1H         LINE#         54
  C:08C1H         LINE#         55
  C:08C1H         LINE#         57
  C:08C1H         LINE#         58
  -------         ENDPROC       _DECTOBCD
  -------         PROC          _ASCII_LETTER
  D:0007H         SYMBOL        dat
  C:08BCH         LINE#         60
  C:08BCH         LINE#         61
  C:08BCH         LINE#         63
  C:08C0H         LINE#         64
  -------         ENDPROC       _ASCII_LETTER
  -------         PROC          _ASCIITOBCD
  D:0001H         SYMBOL        ascii
  -------         DO            
  D:0007H         SYMBOL        dec_val
  D:0006H         SYMBOL        ten
  D:0007H         SYMBOL        unit
  -------         ENDDO         
  C:07F8H         LINE#         66
  C:07F8H         LINE#         67
  C:07F8H         LINE#         69
  C:07FBH         LINE#         70
  C:0801H         LINE#         71
  C:0808H         LINE#         72
BL51 BANKED LINKER/LOCATER V6.22                                                      05/15/2018  15:18:34  PAGE 10


  C:080EH         LINE#         74
  -------         ENDPROC       _ASCIITOBCD
  -------         PROC          _DISPLAY_TIME
  X:0012H         SYMBOL        months
  X:0015H         SYMBOL        days
  X:0018H         SYMBOL        hours
  X:001BH         SYMBOL        mins
  X:001EH         SYMBOL        seconds
  C:015FH         LINE#         75
  C:016AH         LINE#         76
  C:016AH         LINE#         78
  C:017EH         LINE#         80
  C:0192H         LINE#         82
  C:01A6H         LINE#         83
  C:01B3H         LINE#         84
  C:01C0H         LINE#         85
  C:01C5H         LINE#         87
  C:01D9H         LINE#         88
  C:01E6H         LINE#         89
  C:01F3H         LINE#         90
  C:01F8H         LINE#         92
  C:020CH         LINE#         93
  C:021CH         LINE#         94
  C:0229H         LINE#         95
  C:0244H         LINE#         96
  -------         ENDPROC       _DISPLAY_TIME
  -------         ENDMOD        UART1

  -------         MODULE        LCD_DRIVER_SPLC780D
  C:0000H         SYMBOL        _ICE_DUMMY_
  D:0080H         PUBLIC        P0
  D:0090H         PUBLIC        P1
  D:00A0H         PUBLIC        P2
  D:00B0H         PUBLIC        P3
  D:00C0H         PUBLIC        P4
  D:00C8H         PUBLIC        P5
  D:00E8H         PUBLIC        P6
  D:00F8H         PUBLIC        P7
  C:052CH         PUBLIC        _WriteData
  D:00A8H         PUBLIC        IE
  D:00B8H         PUBLIC        IP
  D:00D8H         PUBLIC        CCON
  B:0090H.4       PUBLIC        LCD_D4
  B:0090H.5       PUBLIC        LCD_D5
  B:0090H.6       PUBLIC        LCD_D6
  C:07A7H         PUBLIC        _DisplayLCD
  B:0090H.7       PUBLIC        LCD_D7
  D:0098H         PUBLIC        SCON
  D:0088H         PUBLIC        TCON
  C:08A2H         PUBLIC        LCD_clear
  C:06D2H         PUBLIC        _Command
  C:067EH         PUBLIC        LCD_Init
  C:074BH         PUBLIC        _Wait_ms
  B:0090H.1       PUBLIC        LCD_RS
  B:0090H.2       PUBLIC        LCD_RW
  C:0898H         PUBLIC        LCD_return_home
  B:0090H.3       PUBLIC        LCD_E
BL51 BANKED LINKER/LOCATER V6.22                                                      05/15/2018  15:18:34  PAGE 11


  D:00D0H         PUBLIC        PSW
  -------         PROC          LCD_INIT
  C:067EH         LINE#         9
  C:067EH         LINE#         10
  C:067EH         LINE#         12
  C:0685H         LINE#         13
  C:068AH         LINE#         15
  C:0691H         LINE#         16
  C:0696H         LINE#         18
  C:0699H         LINE#         19
  C:069EH         LINE#         21
  C:06A1H         LINE#         22
  C:06A6H         LINE#         26
  C:06ABH         LINE#         27
  C:06B0H         LINE#         30
  C:06B5H         LINE#         31
  C:06BAH         LINE#         32
  C:06BFH         LINE#         33
  C:06C6H         LINE#         34
  C:06CBH         LINE#         35
  -------         ENDPROC       LCD_INIT
  -------         PROC          _WRITEDATA
  X:0013H         SYMBOL        dat
  C:052CH         LINE#         38
  C:0531H         LINE#         39
  C:0531H         LINE#         44
  C:0533H         LINE#         45
  C:0535H         LINE#         47
  C:0543H         LINE#         48
  C:054FH         LINE#         49
  C:055BH         LINE#         50
  C:0565H         LINE#         51
  C:0567H         LINE#         52
  C:056EH         LINE#         53
  C:0570H         LINE#         55
  C:0580H         LINE#         56
  C:058BH         LINE#         57
  C:0595H         LINE#         58
  C:0599H         LINE#         60
  C:0599H         LINE#         61
  C:059CH         LINE#         62
  C:059EH         LINE#         63
  C:05A0H         LINE#         65
  -------         ENDPROC       _WRITEDATA
  -------         PROC          _COMMAND
  D:0007H         SYMBOL        dat
  C:06D2H         LINE#         67
  C:06D2H         LINE#         68
  C:06D2H         LINE#         69
  C:06D4H         LINE#         70
  C:06D6H         LINE#         75
  C:06E0H         LINE#         76
  C:06E4H         LINE#         78
  C:06E6H         LINE#         79
  C:06EFH         LINE#         80
  C:06F3H         LINE#         82
  C:06F5H         LINE#         83
BL51 BANKED LINKER/LOCATER V6.22                                                      05/15/2018  15:18:34  PAGE 12


  C:06FCH         LINE#         84
  C:0700H         LINE#         86
  C:0702H         LINE#         87
  C:0706H         LINE#         88
  C:070AH         LINE#         90
  C:070CH         LINE#         94
  C:070CH         LINE#         95
  C:070FH         LINE#         96
  C:0711H         LINE#         97
  -------         ENDPROC       _COMMAND
  C:0747H         SYMBOL        L?0024
  -------         PROC          L?0023
  -------         ENDPROC       L?0023
  C:0747H         SYMBOL        L?0024
  -------         PROC          _WAIT_MS
  D:0006H         SYMBOL        ms
  -------         DO            
  D:0004H         SYMBOL        De_Cnt
  -------         ENDDO         
  C:074BH         LINE#         99
  C:074BH         LINE#         100
  C:074BH         LINE#         102
  C:0755H         LINE#         103
  C:0755H         LINE#         104
  C:0768H         LINE#         105
  C:0768H         LINE#         106
  -------         ENDPROC       _WAIT_MS
  -------         PROC          _DISPLAYLCD
  D:0007H         SYMBOL        BCD
  -------         DO            
  D:0006H         SYMBOL        first_digit
  X:0012H         SYMBOL        second_digit
  -------         ENDDO         
  C:07A7H         LINE#         107
  C:07A7H         LINE#         108
  C:07A7H         LINE#         110
  C:07AEH         LINE#         111
  C:07B7H         LINE#         113
  C:07BCH         LINE#         115
  -------         ENDPROC       _DISPLAYLCD
  -------         PROC          LCD_RETURN_HOME
  C:0898H         LINE#         119
  C:0898H         LINE#         120
  C:0898H         LINE#         121
  C:089DH         LINE#         122
  -------         ENDPROC       LCD_RETURN_HOME
  -------         PROC          LCD_CLEAR
  C:08A2H         LINE#         125
  C:08A2H         LINE#         126
  C:08A2H         LINE#         127
  C:08A7H         LINE#         128
  -------         ENDPROC       LCD_CLEAR
  -------         ENDMOD        LCD_DRIVER_SPLC780D

  -------         MODULE        KEYPAD
  C:0000H         SYMBOL        _ICE_DUMMY_
  D:0093H         PUBLIC        P0M1
BL51 BANKED LINKER/LOCATER V6.22                                                      05/15/2018  15:18:34  PAGE 13


  D:0080H         PUBLIC        P0
  D:0090H         PUBLIC        P1
  D:00A0H         PUBLIC        P2
  D:00B0H         PUBLIC        P3
  D:00C0H         PUBLIC        P4
  D:00C8H         PUBLIC        P5
  D:00E8H         PUBLIC        P6
  D:00F8H         PUBLIC        P7
  D:00A8H         PUBLIC        IE
  C:0026H         PUBLIC        Key_Scan
  D:00B8H         PUBLIC        IP
  D:00D8H         PUBLIC        CCON
  C:08B5H         PUBLIC        KeyPad_IO_Init
  C:0789H         PUBLIC        _Delay_ms
  D:0098H         PUBLIC        SCON
  D:0088H         PUBLIC        TCON
  X:0033H         PUBLIC        KeyCount
  C:05A1H         PUBLIC        Key_Process
  D:00D0H         PUBLIC        PSW
  D:0094H         PUBLIC        P0M0
  -------         PROC          _DELAY_MS
  D:0006H         SYMBOL        ms
  -------         DO            
  D:0004H         SYMBOL        De_Cnt
  -------         ENDDO         
  C:0789H         LINE#         7
  C:0789H         LINE#         8
  C:0789H         LINE#         10
  C:0793H         LINE#         11
  C:0793H         LINE#         12
  C:07A6H         LINE#         13
  C:07A6H         LINE#         14
  -------         ENDPROC       _DELAY_MS
  -------         PROC          KEY_SCAN
  -------         DO            
  X:0012H         SYMBOL        KeyTemp1
  X:0013H         SYMBOL        KeyTemp2
  X:0014H         SYMBOL        KeyValue
  -------         ENDDO         
  C:0026H         LINE#         15
  C:0026H         LINE#         16
  C:0026H         LINE#         21
  C:0029H         LINE#         24
  C:002CH         LINE#         26
  C:0034H         LINE#         27
  C:003BH         LINE#         28
  C:003BH         LINE#         29
  C:0042H         LINE#         30
  C:0047H         LINE#         31
  C:004EH         LINE#         32
  C:004EH         LINE#         35
  C:0051H         LINE#         36
  C:0054H         LINE#         37
  C:0059H         LINE#         38
  C:005DH         LINE#         39
  C:005DH         LINE#         40
  C:0065H         LINE#         41
BL51 BANKED LINKER/LOCATER V6.22                                                      05/15/2018  15:18:34  PAGE 14


  C:0065H         LINE#         42
  C:0068H         LINE#         43
  C:0070H         LINE#         44
  C:0072H         LINE#         46
  C:0086H         LINE#         47
  C:0086H         LINE#         48
  C:0086H         LINE#         49
  C:0086H         LINE#         50
  C:008CH         LINE#         52
  C:008EH         LINE#         53
  C:008EH         LINE#         54
  C:008EH         LINE#         55
  C:0094H         LINE#         57
  C:0096H         LINE#         58
  C:0096H         LINE#         59
  C:0096H         LINE#         60
  C:009CH         LINE#         62
  C:009EH         LINE#         63
  C:009EH         LINE#         64
  C:009EH         LINE#         65
  C:00A3H         LINE#         67
  C:00A3H         LINE#         68
  C:00A3H         LINE#         69
  C:00A3H         LINE#         72
  C:00A6H         LINE#         73
  C:00A9H         LINE#         74
  C:00B1H         LINE#         75
  C:00B5H         LINE#         76
  C:00B5H         LINE#         77
  C:00BDH         LINE#         78
  C:00BDH         LINE#         79
  C:00C0H         LINE#         80
  C:00C8H         LINE#         81
  C:00CAH         LINE#         82
  C:00DEH         LINE#         83
  C:00DEH         LINE#         84
  C:00DEH         LINE#         85
  C:00DEH         LINE#         86
  C:00E4H         LINE#         88
  C:00E6H         LINE#         89
  C:00E6H         LINE#         90
  C:00E6H         LINE#         91
  C:00ECH         LINE#         93
  C:00EEH         LINE#         94
  C:00EEH         LINE#         95
  C:00EEH         LINE#         96
  C:00F4H         LINE#         98
  C:00F6H         LINE#         99
  C:00F6H         LINE#         100
  C:00F6H         LINE#         101
  C:00FBH         LINE#         103
  C:00FBH         LINE#         104
  C:00FBH         LINE#         105
  C:00FBH         LINE#         108
  C:00FEH         LINE#         109
  C:0101H         LINE#         110
  C:0109H         LINE#         111
BL51 BANKED LINKER/LOCATER V6.22                                                      05/15/2018  15:18:34  PAGE 15


  C:010DH         LINE#         112
  C:010DH         LINE#         113
  C:0115H         LINE#         114
  C:0115H         LINE#         115
  C:0118H         LINE#         116
  C:0120H         LINE#         117
  C:0122H         LINE#         118
  C:0136H         LINE#         119
  C:0136H         LINE#         120
  C:0136H         LINE#         121
  C:0136H         LINE#         122
  C:013CH         LINE#         124
  C:013EH         LINE#         125
  C:013EH         LINE#         126
  C:013EH         LINE#         127
  C:0144H         LINE#         129
  C:0146H         LINE#         130
  C:0146H         LINE#         131
  C:0146H         LINE#         132
  C:014CH         LINE#         134
  C:014EH         LINE#         135
  C:014EH         LINE#         136
  C:014EH         LINE#         137
  C:0153H         LINE#         139
  C:0153H         LINE#         140
  C:0153H         LINE#         141
  C:0153H         LINE#         142
  C:0159H         LINE#         143
  C:0159H         LINE#         145
  C:0159H         LINE#         146
  C:015CH         LINE#         147
  C:015CH         LINE#         148
  C:015CH         LINE#         150
  C:015CH         LINE#         151
  C:015EH         LINE#         152
  C:015EH         LINE#         153
  -------         ENDPROC       KEY_SCAN
  -------         PROC          KEY_PROCESS
  -------         DO            
  X:002DH         SYMBOL        KeyNum_Old
  X:002EH         SYMBOL        KeyNum
  X:002FH         SYMBOL        PressedKey
  -------         ENDDO         
  C:05A1H         LINE#         154
  C:05A1H         LINE#         155
  C:05A1H         LINE#         157
  C:05A9H         LINE#         158
  C:05B1H         LINE#         160
  C:05C0H         LINE#         161
  C:05C0H         LINE#         162
  C:05D2H         LINE#         163
  C:05E0H         LINE#         164
  C:05ECH         LINE#         165
  C:05ECH         LINE#         166
  C:05F2H         LINE#         167
  C:0603H         LINE#         168
  C:0614H         LINE#         169
BL51 BANKED LINKER/LOCATER V6.22                                                      05/15/2018  15:18:34  PAGE 16


  C:0614H         LINE#         171
  C:0614H         LINE#         173
  -------         ENDPROC       KEY_PROCESS
  -------         PROC          KEYPAD_IO_INIT
  C:08B5H         LINE#         176
  C:08B5H         LINE#         177
  C:08B5H         LINE#         178
  C:08B8H         LINE#         179
  C:08BBH         LINE#         181
  -------         ENDPROC       KEYPAD_IO_INIT
  -------         ENDMOD        KEYPAD

  -------         MODULE        ?C_STARTUP
  C:04A0H         SEGMENT       ?C_C51STARTUP
  I:0021H         SEGMENT       ?STACK
  C:0000H         PUBLIC        ?C_STARTUP
  D:00E0H         SYMBOL        ACC
  D:00F0H         SYMBOL        B
  D:0083H         SYMBOL        DPH
  D:0082H         SYMBOL        DPL
  N:0000H         SYMBOL        IBPSTACK
  N:0100H         SYMBOL        IBPSTACKTOP
  N:0080H         SYMBOL        IDATALEN
  C:04A3H         SYMBOL        IDATALOOP
  N:0000H         SYMBOL        PBPSTACK
  N:0100H         SYMBOL        PBPSTACKTOP
  N:0000H         SYMBOL        PDATALEN
  N:0000H         SYMBOL        PDATASTART
  N:0000H         SYMBOL        PPAGE
  N:0000H         SYMBOL        PPAGEENABLE
  D:00A0H         SYMBOL        PPAGE_SFR
  D:0081H         SYMBOL        SP
  C:04A0H         SYMBOL        STARTUP1
  N:0000H         SYMBOL        XBPSTACK
  N:0000H         SYMBOL        XBPSTACKTOP
  N:0000H         SYMBOL        XDATALEN
  N:0000H         SYMBOL        XDATASTART
  C:0000H         LINE#         126
  C:04A0H         LINE#         133
  C:04A2H         LINE#         134
  C:04A3H         LINE#         135
  C:04A4H         LINE#         136
  C:04A6H         LINE#         185
  C:04A9H         LINE#         196
  -------         ENDMOD        ?C_STARTUP

  -------         MODULE        ?C?CLDPTR
  C:0615H         PUBLIC        ?C?CLDPTR
  -------         ENDMOD        ?C?CLDPTR

  -------         MODULE        ?C?CSTPTR
  C:062EH         PUBLIC        ?C?CSTPTR
  -------         ENDMOD        ?C?CSTPTR

  -------         MODULE        ?C?ILDIX
  C:0640H         PUBLIC        ?C?ILDIX
  -------         ENDMOD        ?C?ILDIX
BL51 BANKED LINKER/LOCATER V6.22                                                      05/15/2018  15:18:34  PAGE 17



  -------         MODULE        ATOI
  C:032CH         PUBLIC        _atoi
  -------         ENDMOD        ATOI

  -------         MODULE        ?C?IMUL
  C:0656H         PUBLIC        ?C?IMUL
  -------         ENDMOD        ?C?IMUL

  -------         MODULE        ?C?IILDX
  C:0668H         PUBLIC        ?C?IILDX
  -------         ENDMOD        ?C?IILDX

  -------         MODULE        ISDIGIT
  C:087CH         PUBLIC        _isdigit
  -------         ENDMOD        ISDIGIT

  -------         MODULE        ISSPACE
  C:0823H         PUBLIC        _isspace
  -------         ENDMOD        ISSPACE

*** WARNING L16: UNCALLED SEGMENT, IGNORED FOR OVERLAY PROCESS
    SEGMENT: ?PR?_SENDSTRING?UART1

*** WARNING L16: UNCALLED SEGMENT, IGNORED FOR OVERLAY PROCESS
    SEGMENT: ?PR?_DECTOBCD?UART1

*** WARNING L16: UNCALLED SEGMENT, IGNORED FOR OVERLAY PROCESS
    SEGMENT: ?PR?_ASCII_LETTER?UART1

*** WARNING L16: UNCALLED SEGMENT, IGNORED FOR OVERLAY PROCESS
    SEGMENT: ?PR?LCD_CLEAR?LCD_DRIVER_SPLC780D

Program Size: data=17.2 xdata=56 code=2242
LINK/LOCATE RUN COMPLETE.  4 WARNING(S),  0 ERROR(S)
