BL51 BANKED LINKER/LOCATER V6.22                                                        05/24/2019  12:17:29  PAGE 1


BL51 BANKED LINKER/LOCATER V6.22, INVOKED BY:
C:\KEIL_V5\C51\BIN\BL51.EXE .\Obj\main.obj, .\Obj\PCF85063BTL.obj, .\Obj\LCd_Driver_SPLC780D.obj, .\Obj\KeyPad.obj, .\Ob
>> j\BipolarMotor.obj, .\Obj\SunPos.obj, .\Obj\ADC.obj, .\Obj\Calibration.obj, .\Obj\IOExpander_PI4IOE5V96248.obj, .\Obj
>> \AT25SF041.obj, .\Obj\SI1120.obj, .\Obj\STARTUP.obj TO .\Obj\GPIO_RTC_Test PRINT (.\Lis\GPIO_RTC_Test.m51) RAMSIZE (2
>> 56)


MEMORY MODEL: LARGE WITH FLOATING POINT ARITHMETIC


INPUT MODULES INCLUDED:
  .\Obj\main.obj (MAIN)
  .\Obj\PCF85063BTL.obj (PCF85063BTL)
  .\Obj\LCd_Driver_SPLC780D.obj (LCD_DRIVER_SPLC780D)
  .\Obj\KeyPad.obj (KEYPAD)
  .\Obj\BipolarMotor.obj (BIPOLARMOTOR)
  .\Obj\SunPos.obj (SUNPOS)
  .\Obj\ADC.obj (ADC)
  .\Obj\Calibration.obj (CALIBRATION)
  .\Obj\IOExpander_PI4IOE5V96248.obj (IOEXPANDER_PI4IOE5V96248)
  .\Obj\AT25SF041.obj (AT25SF041)
  .\Obj\SI1120.obj (SI1120)
  .\Obj\STARTUP.obj (?C_STARTUP)
  C:\KEIL_V5\C51\LIB\C51FPL.LIB (?C?FPADD)
  C:\KEIL_V5\C51\LIB\C51FPL.LIB (?C?FPMUL)
  C:\KEIL_V5\C51\LIB\C51FPL.LIB (?C?FPDIV)
  C:\KEIL_V5\C51\LIB\C51FPL.LIB (?C?FPCMP)
  C:\KEIL_V5\C51\LIB\C51FPL.LIB (?C?FPNEG)
  C:\KEIL_V5\C51\LIB\C51FPL.LIB (?C?FCAST)
  C:\KEIL_V5\C51\LIB\C51FPL.LIB (?C?CASTF)
  C:\KEIL_V5\C51\LIB\C51FPL.LIB (ATAN2)
  C:\KEIL_V5\C51\LIB\C51FPL.LIB (SIN)
  C:\KEIL_V5\C51\LIB\C51FPL.LIB (ACOS)
  C:\KEIL_V5\C51\LIB\C51FPL.LIB (ASIN)
  C:\KEIL_V5\C51\LIB\C51FPL.LIB (POW)
  C:\KEIL_V5\C51\LIB\C51FPL.LIB (?C?FPGETOPN)
  C:\KEIL_V5\C51\LIB\C51FPL.LIB (?C?CHKFLOAT)
  C:\KEIL_V5\C51\LIB\C51FPL.LIB (?C?FPSERIES)
  C:\KEIL_V5\C51\LIB\C51FPL.LIB (EXP)
  C:\KEIL_V5\C51\LIB\C51FPL.LIB (LOG)
  C:\KEIL_V5\C51\LIB\C51FPL.LIB (SQRT)
  C:\KEIL_V5\C51\LIB\C51FPL.LIB (ATAN)
  C:\KEIL_V5\C51\LIB\C51L.LIB (?C_INIT)
  C:\KEIL_V5\C51\LIB\C51L.LIB (?C?COPY)
  C:\KEIL_V5\C51\LIB\C51L.LIB (?C?CLDPTR)
  C:\KEIL_V5\C51\LIB\C51L.LIB (?C?CLDOPTR)
  C:\KEIL_V5\C51\LIB\C51L.LIB (?C?CSTPTR)
  C:\KEIL_V5\C51\LIB\C51L.LIB (?C?IMUL)
  C:\KEIL_V5\C51\LIB\C51L.LIB (?C?UIDIV)
  C:\KEIL_V5\C51\LIB\C51L.LIB (?C?SIDIV)
  C:\KEIL_V5\C51\LIB\C51L.LIB (?C?ILDOPTR)
  C:\KEIL_V5\C51\LIB\C51L.LIB (?C?ISTPTR)
  C:\KEIL_V5\C51\LIB\C51L.LIB (?C?LMUL)
  C:\KEIL_V5\C51\LIB\C51L.LIB (?C?SLDIV)
  C:\KEIL_V5\C51\LIB\C51L.LIB (?C?LNEG)
  C:\KEIL_V5\C51\LIB\C51L.LIB (?C?ULCMP)
  C:\KEIL_V5\C51\LIB\C51L.LIB (?C?LSHL)
  C:\KEIL_V5\C51\LIB\C51L.LIB (?C?LLDPTR)
BL51 BANKED LINKER/LOCATER V6.22                                                      05/24/2019  12:17:29  PAGE 2


  C:\KEIL_V5\C51\LIB\C51L.LIB (?C?LLDOPTR)
  C:\KEIL_V5\C51\LIB\C51L.LIB (?C?LSTPTR)
  C:\KEIL_V5\C51\LIB\C51L.LIB (?C?LSTOPTR)
  C:\KEIL_V5\C51\LIB\C51L.LIB (?C?LLDXDATA)
  C:\KEIL_V5\C51\LIB\C51L.LIB (?C?LLDCODE)
  C:\KEIL_V5\C51\LIB\C51L.LIB (?C?LLDXDATA0)
  C:\KEIL_V5\C51\LIB\C51L.LIB (?C?LLDCODE0)
  C:\KEIL_V5\C51\LIB\C51L.LIB (?C?LLDPTR0)
  C:\KEIL_V5\C51\LIB\C51L.LIB (?C?LSTXDATA)
  C:\KEIL_V5\C51\LIB\C51L.LIB (?C?LSTKXDATA)
  C:\KEIL_V5\C51\LIB\C51L.LIB (?C?LSTKPTR)
  C:\KEIL_V5\C51\LIB\C51L.LIB (?C?OFFXADD)
  C:\KEIL_V5\C51\LIB\C51L.LIB (?C?ULDIV)
  C:\KEIL_V5\C51\LIB\C51L.LIB (?C?LLDIDATA)
  C:\KEIL_V5\C51\LIB\C51L.LIB (?C?LLDPDATA)
  C:\KEIL_V5\C51\LIB\C51L.LIB (?C?LLDIDATA0)
  C:\KEIL_V5\C51\LIB\C51L.LIB (?C?LLDPDATA0)
  C:\KEIL_V5\C51\LIB\C51L.LIB (?C?LSTIDATA)
  C:\KEIL_V5\C51\LIB\C51L.LIB (?C?LSTPDATA)
  C:\KEIL_V5\C51\LIB\C51L.LIB (?C?LSTKIDATA)
  C:\KEIL_V5\C51\LIB\C51L.LIB (?C?LSTKPDATA)


LINK MAP OF MODULE:  .\Obj\GPIO_RTC_Test (MAIN)


            TYPE    BASE      LENGTH    RELOCATION   SEGMENT NAME
            -----------------------------------------------------

            * * * * * * *   D A T A   M E M O R Y   * * * * * * *
            REG     0000H     0008H     ABSOLUTE     "REG BANK 0"
                    0008H     0018H                  *** GAP ***
            BIT     0020H.0   0000H.4   UNIT         _BIT_GROUP_
            BIT     0020H.4   0000H.1   UNIT         ?BI?MAIN
                    0020H.5   0000H.3                *** GAP ***
            IDATA   0021H     0001H     UNIT         ?STACK

            * * * * * * *  X D A T A   M E M O R Y  * * * * * * *
            XDATA   0000H     03BCH     UNIT         ?XD?BIPOLARMOTOR
            XDATA   03BCH     0123H     UNIT         _XDATA_GROUP_
            XDATA   04DFH     0101H     UNIT         ?XD?MAIN
            XDATA   05E0H     0019H     UNIT         ?XD?KEYPAD
            XDATA   05F9H     0008H     UNIT         ?XD?_AT25SF041_READ?AT25SF041
            XDATA   0601H     0001H     UNIT         ?XD?UC_ACK?IOEXPANDER_PI4IOE5V96248
            XDATA   0602H     0001H     UNIT         ?XD?UC_NACK?IOEXPANDER_PI4IOE5V96248

            * * * * * * *   C O D E   M E M O R Y   * * * * * * *
            CODE    0000H     0003H     ABSOLUTE     
            CODE    0003H     0003H     ABSOLUTE     
            CODE    0006H     0001H     UNIT         ?PR?NOP?IOEXPANDER_PI4IOE5V96248
                    0007H     0004H                  *** GAP ***
            CODE    000BH     0003H     ABSOLUTE     
            CODE    000EH     000DH     UNIT         ?PR?SPI_INIT?PCF85063BTL
            CODE    001BH     0003H     ABSOLUTE     
            CODE    001EH     0C72H     UNIT         ?PR?MAIN?MAIN
            CODE    0C90H     09A4H     UNIT         ?C?LIB_CODE
            CODE    1634H     07A2H     UNIT         ?PR?SUNPOS?SUNPOS
BL51 BANKED LINKER/LOCATER V6.22                                                      05/24/2019  12:17:29  PAGE 3


            CODE    1DD6H     063CH     UNIT         ?PR?_UPDATE_POSITION?BIPOLARMOTOR
            CODE    2412H     04FCH     UNIT         ?PR?_FIND_REAL_MAX?CALIBRATION
            CODE    290EH     04FBH     UNIT         ?PR?_THEORICALJP_POSITION?BIPOLARMOTOR
            CODE    2E09H     040EH     UNIT         ?C_INITSEG
            CODE    3217H     038CH     UNIT         ?PR?KEY_PROCESS?KEYPAD
            CODE    35A3H     0380H     UNIT         ?PR?_ELEVATION_CALCULATION?BIPOLARMOTOR
            CODE    3923H     01C7H     UNIT         ?PR?_CALIBRATION?CALIBRATION
            CODE    3AEAH     018DH     UNIT         ?PR?KEY_SCAN?KEYPAD
            CODE    3C77H     0189H     UNIT         ?PR?SPI_NOR_WRITE_DATA?AT25SF041
            CODE    3E00H     0188H     UNIT         ?PR?SIN?SIN
            CODE    3F88H     0166H     UNIT         ?PR?_POW?POW
            CODE    40EEH     0155H     UNIT         ?PR?_DISPLAY_POS?LCD_DRIVER_SPLC780D
            CODE    4243H     0129H     UNIT         ?PR?LOG?LOG
            CODE    436CH     0122H     UNIT         ?PR?ATAN?ATAN
            CODE    448EH     0110H     UNIT         ?PR?_AT25SF041_READ?AT25SF041
            CODE    459EH     0102H     UNIT         ?PR?_AT25SF041_WRITE?AT25SF041
            CODE    46A0H     00F5H     UNIT         ?PR?EXINT0?MAIN
            CODE    4795H     00C3H     UNIT         ?PR?LINEAR_INTERPOLATE?BIPOLARMOTOR
            CODE    4858H     00BBH     UNIT         ?PR?VOLTAGE_IS_STABLE?CALIBRATION
            CODE    4913H     00ADH     UNIT         ?PR?_WRITE_PI4IOE5V96248?IOEXPANDER_PI4IOE5V96248
            CODE    49C0H     00ACH     UNIT         ?PR?SQRT?SQRT
            CODE    4A6CH     00A1H     UNIT         ?PR?UCREAD_STATUS_REGISTER_BYTE1?AT25SF041
            CODE    4B0DH     009DH     UNIT         ?PR?_ATAN2?ATAN2
            CODE    4BAAH     009CH     UNIT         ?PR?_MAX_VALUE?CALIBRATION
            CODE    4C46H     009AH     UNIT         ?PR?EXP?EXP
            CODE    4CE0H     008CH     UNIT         ?C_C51STARTUP
            CODE    4D6CH     0088H     UNIT         ?PR?_DAY_OF_YEAR?PCF85063BTL
            CODE    4DF4H     0079H     UNIT         ?PR?_WRITEDATA?LCD_DRIVER_SPLC780D
            CODE    4E6DH     0072H     UNIT         ?PR?AT25SF041_WRITEENABLE?AT25SF041
            CODE    4EDFH     006FH     UNIT         ?PR?_READ_TIME?PCF85063BTL
            CODE    4F4EH     005AH     UNIT         ?PR?AT25SF041_CHIPERASE?AT25SF041
            CODE    4FA8H     0059H     UNIT         ?PR?LCD_INIT?LCD_DRIVER_SPLC780D
            CODE    5001H     004AH     UNIT         ?PR?VONESTEPMOVE?BIPOLARMOTOR
            CODE    504BH     004AH     UNIT         ?PR?ACOS?ACOS
            CODE    5095H     0044H     UNIT         ?C?LDIV
            CODE    50D9H     0040H     UNIT         ?PR?_COMMAND?LCD_DRIVER_SPLC780D
            CODE    5119H     0040H     UNIT         ?PR?_STEP_MOVE?BIPOLARMOTOR
            CODE    5159H     003BH     UNIT         ?PR?ASIN?ASIN
            CODE    5194H     0031H     UNIT         ?PR?SI1120_CONFIG_MODE_VIRH?SI1120
            CODE    51C5H     002BH     UNIT         ?PR?_WAIT_MS_I2C?IOEXPANDER_PI4IOE5V96248
            CODE    51F0H     002BH     UNIT         ?PR?_WAIT_MS_SPINOR?AT25SF041
            CODE    521BH     002AH     UNIT         ?PR?_ADC_GETRESULT?ADC
            CODE    5245H     0028H     UNIT         ?PR?_MOVE?BIPOLARMOTOR
            CODE    526DH     0027H     UNIT         ?PR?_I2C_SENDBYTE?IOEXPANDER_PI4IOE5V96248
            CODE    5294H     0025H     UNIT         ?PR?_FINDCLOSESTSAMEDAYCALIBTIME?CALIBRATION
            CODE    52B9H     0024H     UNIT         ?PR?_WAIT_MS?LCD_DRIVER_SPLC780D
            CODE    52DDH     0021H     UNIT         ?PR?TM0_ISR?MAIN
            CODE    52FEH     0020H     UNIT         ?PR?_SPI_SENDBYTE?PCF85063BTL
            CODE    531EH     0020H     UNIT         ?PR?SPI_RECEIVEBYTE?PCF85063BTL
            CODE    533EH     001EH     UNIT         ?PR?_DELAY_MS?KEYPAD
            CODE    535CH     001DH     UNIT         ?PR?_DISPLAYLCD?LCD_DRIVER_SPLC780D
            CODE    5379H     001BH     UNIT         ?PR?_BCDTODEC1?BIPOLARMOTOR
            CODE    5394H     001AH     UNIT         ?PR?ADC_INIT?ADC
            CODE    53AEH     0018H     UNIT         ?PR?_SPI_WRITETIME?PCF85063BTL
            CODE    53C6H     0016H     UNIT         ?PR?I2C_ACK?IOEXPANDER_PI4IOE5V96248
            CODE    53DCH     0015H     UNIT         ?PR?_DISPLAY_LINE?LCD_DRIVER_SPLC780D
            CODE    53F1H     0015H     UNIT         ?PR?VSETLOCATION?BIPOLARMOTOR
BL51 BANKED LINKER/LOCATER V6.22                                                      05/24/2019  12:17:29  PAGE 4


            CODE    5406H     0015H     UNIT         ?PR?I2C_STOP?IOEXPANDER_PI4IOE5V96248
            CODE    541BH     0014H     UNIT         ?PR?_PCF85063BTL_DELAY?PCF85063BTL
            CODE    542FH     0014H     UNIT         ?PR?_ABS?LCD_DRIVER_SPLC780D
            CODE    5443H     0011H     UNIT         ?PR?_SPI_READTIME?PCF85063BTL
            CODE    5454H     0011H     UNIT         ?PR?_BCDTODEC?PCF85063BTL
            CODE    5465H     000FH     UNIT         ?PR?I2C_START?IOEXPANDER_PI4IOE5V96248
            CODE    5474H     000FH     UNIT         ?PR?UC_NACK?IOEXPANDER_PI4IOE5V96248
            CODE    5483H     000DH     UNIT         ?PR?ENABLE_EXTINT0?SI1120
            CODE    5490H     000CH     UNIT         ?PR?KEYPAD_IO_INIT?KEYPAD
            CODE    549CH     000AH     UNIT         ?PR?LCD_RETURN_HOME?LCD_DRIVER_SPLC780D
            CODE    54A6H     000AH     UNIT         ?PR?LCD_CLEAR?LCD_DRIVER_SPLC780D
            CODE    54B0H     0009H     UNIT         ?PR?TM1_ISR?MAIN
            CODE    54B9H     0006H     UNIT         ?PR?UC_ACK?IOEXPANDER_PI4IOE5V96248



OVERLAY MAP OF MODULE:   .\Obj\GPIO_RTC_Test (MAIN)


SEGMENT                                             BIT_GROUP          XDATA_GROUP
  +--> CALLED SEGMENT                            START    LENGTH     START    LENGTH
------------------------------------------------------------------------------------
?PR?EXINT0?MAIN                                  -----    -----      -----    -----
  +--> ?PR?_POW?POW

?PR?_POW?POW                                     -----    -----      03BCH    000AH
  +--> ?PR?LOG?LOG
  +--> ?PR?EXP?EXP

?PR?LOG?LOG                                      0020H.0  0000H.1    03C6H    0004H

*** NEW ROOT ***************************************************

?C_C51STARTUP                                    -----    -----      -----    -----
  +--> ?PR?MAIN?MAIN
  +--> ?C_INITSEG

?PR?MAIN?MAIN                                    -----    -----      03CAH    002AH
  +--> ?PR?LCD_INIT?LCD_DRIVER_SPLC780D
  +--> ?PR?SPI_INIT?PCF85063BTL
  +--> ?PR?KEYPAD_IO_INIT?KEYPAD
  +--> ?PR?ADC_INIT?ADC
  +--> ?PR?SI1120_CONFIG_MODE_VIRH?SI1120
  +--> ?PR?ENABLE_EXTINT0?SI1120
  +--> ?PR?VSETLOCATION?BIPOLARMOTOR
  +--> ?PR?_SPI_WRITETIME?PCF85063BTL
  +--> ?PR?_DELAY_MS?KEYPAD
  +--> ?PR?_DISPLAY_LINE?LCD_DRIVER_SPLC780D
  +--> ?PR?_WRITEDATA?LCD_DRIVER_SPLC780D
  +--> ?PR?KEY_PROCESS?KEYPAD
  +--> ?PR?_COMMAND?LCD_DRIVER_SPLC780D
  +--> ?PR?_DISPLAY_POS?LCD_DRIVER_SPLC780D
  +--> ?PR?_DISPLAYLCD?LCD_DRIVER_SPLC780D
  +--> ?PR?_STEP_MOVE?BIPOLARMOTOR
  +--> ?PR?LCD_RETURN_HOME?LCD_DRIVER_SPLC780D
  +--> ?PR?_READ_TIME?PCF85063BTL
  +--> ?PR?_BCDTODEC1?BIPOLARMOTOR
BL51 BANKED LINKER/LOCATER V6.22                                                      05/24/2019  12:17:29  PAGE 5


  +--> ?PR?_ELEVATION_CALCULATION?BIPOLARMOTOR
  +--> ?PR?SIN?SIN
  +--> ?PR?_CALIBRATION?CALIBRATION
  +--> ?PR?_UPDATE_POSITION?BIPOLARMOTOR
  +--> ?PR?AT25SF041_WRITEENABLE?AT25SF041
  +--> ?PR?_AT25SF041_WRITE?AT25SF041
  +--> ?PR?_WAIT_MS_SPINOR?AT25SF041
  +--> ?PR?_ADC_GETRESULT?ADC
  +--> ?PR?SPI_NOR_WRITE_DATA?AT25SF041
  +--> ?PR?LINEAR_INTERPOLATE?BIPOLARMOTOR
  +--> ?PR?_FINDCLOSESTSAMEDAYCALIBTIME?CALI...
  +--> ?PR?LCD_CLEAR?LCD_DRIVER_SPLC780D
  +--> ?PR?AT25SF041_CHIPERASE?AT25SF041

?PR?LCD_INIT?LCD_DRIVER_SPLC780D                 -----    -----      -----    -----
  +--> ?PR?_WAIT_MS?LCD_DRIVER_SPLC780D
  +--> ?PR?_COMMAND?LCD_DRIVER_SPLC780D

?PR?_COMMAND?LCD_DRIVER_SPLC780D                 -----    -----      -----    -----
  +--> ?PR?_WAIT_MS?LCD_DRIVER_SPLC780D

?PR?SI1120_CONFIG_MODE_VIRH?SI1120               -----    -----      -----    -----
  +--> ?PR?_WAIT_MS?LCD_DRIVER_SPLC780D

?PR?_SPI_WRITETIME?PCF85063BTL                   -----    -----      -----    -----
  +--> ?PR?_SPI_SENDBYTE?PCF85063BTL

?PR?_SPI_SENDBYTE?PCF85063BTL                    -----    -----      -----    -----
  +--> ?PR?_PCF85063BTL_DELAY?PCF85063BTL

?PR?_DISPLAY_LINE?LCD_DRIVER_SPLC780D            -----    -----      -----    -----
  +--> ?PR?_COMMAND?LCD_DRIVER_SPLC780D

?PR?_WRITEDATA?LCD_DRIVER_SPLC780D               -----    -----      04DEH    0001H
  +--> ?PR?_WAIT_MS?LCD_DRIVER_SPLC780D

?PR?KEY_PROCESS?KEYPAD                           -----    -----      03F4H    0006H
  +--> ?PR?KEY_SCAN?KEYPAD
  +--> ?PR?_SPI_WRITETIME?PCF85063BTL
  +--> ?PR?LCD_CLEAR?LCD_DRIVER_SPLC780D
  +--> ?PR?_COMMAND?LCD_DRIVER_SPLC780D
  +--> ?PR?_WRITEDATA?LCD_DRIVER_SPLC780D

?PR?KEY_SCAN?KEYPAD                              -----    -----      03FAH    0003H

?PR?LCD_CLEAR?LCD_DRIVER_SPLC780D                -----    -----      -----    -----
  +--> ?PR?_COMMAND?LCD_DRIVER_SPLC780D

?PR?_DISPLAY_POS?LCD_DRIVER_SPLC780D             -----    -----      04D3H    000BH
  +--> ?PR?_ABS?LCD_DRIVER_SPLC780D
  +--> ?PR?_WRITEDATA?LCD_DRIVER_SPLC780D

?PR?_DISPLAYLCD?LCD_DRIVER_SPLC780D              -----    -----      03F4H    0001H
  +--> ?PR?_WRITEDATA?LCD_DRIVER_SPLC780D

?PR?_STEP_MOVE?BIPOLARMOTOR                      0020H.2  0000H.1    04D7H    0004H
  +--> ?PR?VONESTEPMOVE?BIPOLARMOTOR
BL51 BANKED LINKER/LOCATER V6.22                                                      05/24/2019  12:17:29  PAGE 6



?PR?VONESTEPMOVE?BIPOLARMOTOR                    0020H.3  0000H.1    -----    -----
  +--> ?PR?_WRITE_PI4IOE5V96248?IOEXPANDER_P...
  +--> ?PR?_DELAY_MS?KEYPAD

?PR?_WRITE_PI4IOE5V96248?IOEXPANDER_P...         -----    -----      04DBH    0003H
  +--> ?PR?I2C_START?IOEXPANDER_PI4IOE5V96248
  +--> ?PR?_WAIT_MS_I2C?IOEXPANDER_PI4IOE5V9...
  +--> ?PR?_I2C_SENDBYTE?IOEXPANDER_PI4IOE5V...
  +--> ?PR?I2C_ACK?IOEXPANDER_PI4IOE5V96248
  +--> ?PR?I2C_STOP?IOEXPANDER_PI4IOE5V96248

?PR?I2C_START?IOEXPANDER_PI4IOE5V96248           -----    -----      -----    -----
  +--> ?PR?_WAIT_MS_I2C?IOEXPANDER_PI4IOE5V9...

?PR?_I2C_SENDBYTE?IOEXPANDER_PI4IOE5V...         -----    -----      -----    -----
  +--> ?PR?_WAIT_MS_I2C?IOEXPANDER_PI4IOE5V9...

?PR?I2C_ACK?IOEXPANDER_PI4IOE5V96248             -----    -----      04DEH    0001H
  +--> ?PR?_WAIT_MS_I2C?IOEXPANDER_PI4IOE5V9...

?PR?I2C_STOP?IOEXPANDER_PI4IOE5V96248            -----    -----      -----    -----
  +--> ?PR?_WAIT_MS_I2C?IOEXPANDER_PI4IOE5V9...

?PR?LCD_RETURN_HOME?LCD_DRIVER_SPLC780D          -----    -----      -----    -----
  +--> ?PR?_COMMAND?LCD_DRIVER_SPLC780D

?PR?_READ_TIME?PCF85063BTL                       -----    -----      03F4H    000FH
  +--> ?PR?_SPI_READTIME?PCF85063BTL

?PR?_SPI_READTIME?PCF85063BTL                    -----    -----      -----    -----
  +--> ?PR?_SPI_SENDBYTE?PCF85063BTL
  +--> ?PR?SPI_RECEIVEBYTE?PCF85063BTL

?PR?SPI_RECEIVEBYTE?PCF85063BTL                  -----    -----      -----    -----
  +--> ?PR?_PCF85063BTL_DELAY?PCF85063BTL

?PR?_ELEVATION_CALCULATION?BIPOLARMOTOR          -----    -----      03F4H    0005H
  +--> ?PR?_BCDTODEC1?BIPOLARMOTOR
  +--> ?PR?SUNPOS?SUNPOS
  +--> ?PR?SIN?SIN
  +--> ?PR?ASIN?ASIN

?PR?SUNPOS?SUNPOS                                -----    -----      043EH    005DH
  +--> ?PR?SIN?SIN
  +--> ?PR?_ATAN2?ATAN2
  +--> ?PR?ASIN?ASIN
  +--> ?PR?ACOS?ACOS

?PR?SIN?SIN                                      0020H.1  0000H.1    049BH    0004H

?PR?_ATAN2?ATAN2                                 -----    -----      049BH    0008H
  +--> ?PR?ATAN?ATAN

?PR?ATAN?ATAN                                    0020H.1  0000H.2    04A3H    0004H

?PR?ASIN?ASIN                                    -----    -----      -----    -----
BL51 BANKED LINKER/LOCATER V6.22                                                      05/24/2019  12:17:29  PAGE 7


  +--> ?PR?SQRT?SQRT
  +--> ?PR?ATAN?ATAN

?PR?SQRT?SQRT                                    -----    -----      049BH    0004H

?PR?ACOS?ACOS                                    -----    -----      -----    -----
  +--> ?PR?SQRT?SQRT
  +--> ?PR?ATAN?ATAN

?PR?_CALIBRATION?CALIBRATION                     -----    -----      03F4H    0024H
  +--> ?PR?VOLTAGE_IS_STABLE?CALIBRATION
  +--> ?PR?_UPDATE_POSITION?BIPOLARMOTOR
  +--> ?PR?_FIND_REAL_MAX?CALIBRATION

?PR?VOLTAGE_IS_STABLE?CALIBRATION                -----    -----      0418H    0018H
  +--> ?PR?_ADC_GETRESULT?ADC
  +--> ?PR?_ABS?LCD_DRIVER_SPLC780D

?PR?_UPDATE_POSITION?BIPOLARMOTOR                -----    -----      0418H    0026H
  +--> ?PR?_BCDTODEC1?BIPOLARMOTOR
  +--> ?PR?SUNPOS?SUNPOS
  +--> ?PR?SIN?SIN
  +--> ?PR?ASIN?ASIN
  +--> ?PR?_THEORICALJP_POSITION?BIPOLARMOTOR
  +--> ?PR?_ABS?LCD_DRIVER_SPLC780D
  +--> ?PR?_MOVE?BIPOLARMOTOR

?PR?_THEORICALJP_POSITION?BIPOLARMOTOR           -----    -----      043EH    005CH
  +--> ?PR?LINEAR_INTERPOLATE?BIPOLARMOTOR

?PR?LINEAR_INTERPOLATE?BIPOLARMOTOR              -----    -----      049AH    0014H

?PR?_MOVE?BIPOLARMOTOR                           0020H.1  0000H.1    04D3H    0004H
  +--> ?PR?_STEP_MOVE?BIPOLARMOTOR

?PR?_FIND_REAL_MAX?CALIBRATION                   -----    -----      0418H    00BBH
  +--> ?PR?_ADC_GETRESULT?ADC
  +--> ?PR?_WAIT_MS?LCD_DRIVER_SPLC780D
  +--> ?PR?AT25SF041_WRITEENABLE?AT25SF041
  +--> ?PR?_AT25SF041_WRITE?AT25SF041
  +--> ?PR?_WAIT_MS_SPINOR?AT25SF041
  +--> ?PR?_COMMAND?LCD_DRIVER_SPLC780D
  +--> ?PR?_WRITEDATA?LCD_DRIVER_SPLC780D
  +--> ?PR?_DISPLAY_POS?LCD_DRIVER_SPLC780D
  +--> ?PR?_MOVE?BIPOLARMOTOR
  +--> ?PR?_MAX_VALUE?CALIBRATION

?PR?AT25SF041_WRITEENABLE?AT25SF041              -----    -----      04D3H    0002H
  +--> ?PR?_WAIT_MS_SPINOR?AT25SF041
  +--> ?PR?UCREAD_STATUS_REGISTER_BYTE1?AT25...

?PR?UCREAD_STATUS_REGISTER_BYTE1?AT25...         -----    -----      04DBH    0003H
  +--> ?PR?_WAIT_MS_SPINOR?AT25SF041

?PR?_AT25SF041_WRITE?AT25SF041                   -----    -----      04D3H    0008H
  +--> ?PR?_WAIT_MS_SPINOR?AT25SF041
  +--> ?PR?UCREAD_STATUS_REGISTER_BYTE1?AT25...
BL51 BANKED LINKER/LOCATER V6.22                                                      05/24/2019  12:17:29  PAGE 8



?PR?_MAX_VALUE?CALIBRATION                       -----    -----      04D3H    0004H

?PR?SPI_NOR_WRITE_DATA?AT25SF041                 -----    -----      03F4H    000EH
  +--> ?PR?AT25SF041_WRITEENABLE?AT25SF041
  +--> ?PR?_AT25SF041_WRITE?AT25SF041
  +--> ?PR?_WAIT_MS_SPINOR?AT25SF041

?PR?AT25SF041_CHIPERASE?AT25SF041                -----    -----      03F4H    0002H
  +--> ?PR?_WAIT_MS_SPINOR?AT25SF041
  +--> ?PR?UCREAD_STATUS_REGISTER_BYTE1?AT25...



SYMBOL TABLE OF MODULE:  .\Obj\GPIO_RTC_Test (MAIN)

  VALUE           TYPE          NAME
  ----------------------------------

  -------         MODULE        MAIN
  C:0000H         SYMBOL        _ICE_DUMMY_
  X:04E7H         PUBLIC        calib_value
  D:0080H         PUBLIC        P0
  D:00B2H         PUBLIC        P3M0
  D:0090H         PUBLIC        P1
  D:00B1H         PUBLIC        P3M1
  D:00A0H         PUBLIC        P2
  D:00B0H         PUBLIC        P3
  D:00C0H         PUBLIC        P4
  D:00C8H         PUBLIC        P5
  X:053BH         SYMBOL        PressedKey
  B:00A8H.7       PUBLIC        EA
  D:00E8H         PUBLIC        P6
  X:053FH         PUBLIC        calib_stamp
  D:00F8H         PUBLIC        P7
  X:0540H         PUBLIC        calib_bool
  X:056AH         PUBLIC        pwm_time_min
  D:00A8H         PUBLIC        IE
  X:056EH         PUBLIC        calib_time
  X:05C2H         PUBLIC        pwm_time_max
  D:00B8H         PUBLIC        IP
  B:00B0H.2       PUBLIC        INT0
  X:05C6H         PUBLIC        months
  D:00D8H         PUBLIC        CCON
  C:001EH         PUBLIC        main
  X:05C7H         PUBLIC        count
  X:05C9H         PUBLIC        days
  X:05CAH         PUBLIC        hours
  D:0098H         PUBLIC        SCON
  D:0089H         PUBLIC        TMOD
  D:0088H         PUBLIC        TCON
  B:00A0H.3       PUBLIC        P23
  X:05CBH         SYMBOL        KeyCount
  X:05CDH         PUBLIC        mins
  B:00C8H.5       PUBLIC        P55
  D:008EH         PUBLIC        AUXR
  C:52DDH         PUBLIC        tm0_isr
BL51 BANKED LINKER/LOCATER V6.22                                                      05/24/2019  12:17:29  PAGE 9


  B:0090H.5       PUBLIC        SI1120_STX
  C:54B0H         PUBLIC        tm1_isr
  B:0020H.4       PUBLIC        busy
  B:00A8H.1       PUBLIC        ET0
  B:00A8H.3       PUBLIC        ET1
  X:05CEH         PUBLIC        SPI_NOR_INTERNAL_FLASH_ADDR
  D:008CH         PUBLIC        TH0
  D:008DH         PUBLIC        TH1
  D:008AH         PUBLIC        TL0
  D:008BH         PUBLIC        TL1
  B:0088H.4       PUBLIC        TR0
  B:0088H.6       PUBLIC        TR1
  C:46A0H         PUBLIC        exint0
  X:05D2H         SYMBOL        KeyNum
  X:05D3H         SYMBOL        KeyNum_Old
  X:05D4H         PUBLIC        timer0_count
  X:05D6H         PUBLIC        current_position
  X:05DAH         PUBLIC        pwm_time
  X:05DEH         PUBLIC        start_timer0_count
  X:05DFH         PUBLIC        seconds
  D:00D0H         PUBLIC        PSW
  -------         PROC          TM0_ISR
  C:52DDH         LINE#         94
  C:52E3H         LINE#         98
  C:52E6H         LINE#         99
  C:52E9H         LINE#         100
  C:52F7H         LINE#         101
  -------         ENDPROC       TM0_ISR
  -------         PROC          TM1_ISR
  C:54B0H         LINE#         102
  C:54B0H         LINE#         104
  C:54B2H         LINE#         106
  C:54B5H         LINE#         107
  C:54B8H         LINE#         108
  -------         ENDPROC       TM1_ISR
  -------         PROC          EXINT0
  C:46A0H         LINE#         109
  C:46BDH         LINE#         113
  C:46C0H         LINE#         114
  C:46C0H         LINE#         115
  C:46C3H         LINE#         116
  C:46C6H         LINE#         117
  C:46C8H         LINE#         118
  C:46CAH         LINE#         122
  C:46CDH         LINE#         125
  C:46CDH         LINE#         126
  C:46CFH         LINE#         128
  C:46DBH         LINE#         129
  C:4735H         LINE#         130
  C:4773H         LINE#         131
  C:477AH         LINE#         136
  C:477AH         LINE#         138
  -------         ENDPROC       EXINT0
  -------         PROC          MAIN
  -------         DO            
  X:04DFH         SYMBOL        KeyCount
  X:04E1H         SYMBOL        KeyNum_Old
BL51 BANKED LINKER/LOCATER V6.22                                                      05/24/2019  12:17:29  PAGE 10


  X:04E2H         SYMBOL        KeyNum
  X:04E3H         SYMBOL        PressedKey
  X:03CAH         SYMBOL        prox_flag
  X:03CBH         SYMBOL        iUse_prevday_calib_value
  X:03CDH         SYMBOL        max_ADC_Val_JP
  X:03CFH         SYMBOL        max_ADC_Val
  X:03D1H         SYMBOL        calib_point1
  X:03D9H         SYMBOL        calib_point2
  X:03E1H         SYMBOL        dat_to_store
  X:03ECH         SYMBOL        calib_day
  X:03EEH         SYMBOL        calib_count
  X:03F0H         SYMBOL        theorical_JP_max_pos
  D:0004H         SYMBOL        elevation
  -------         ENDDO         
  C:001EH         LINE#         140
  C:001EH         LINE#         141
  C:001EH         LINE#         146
  C:0024H         LINE#         147
  C:0029H         LINE#         149
  C:0031H         LINE#         153
  C:0037H         LINE#         154
  C:0041H         LINE#         161
  C:0049H         LINE#         162
  C:0050H         LINE#         163
  C:0056H         LINE#         165
  C:005CH         LINE#         174
  C:005EH         LINE#         175
  C:0061H         LINE#         176
  C:0064H         LINE#         177
  C:0067H         LINE#         178
  C:006AH         LINE#         179
  C:006DH         LINE#         182
  C:0070H         LINE#         185
  C:0073H         LINE#         186
  C:0076H         LINE#         188
  C:0079H         LINE#         190
  C:007CH         LINE#         191
  C:007FH         LINE#         192
  C:0082H         LINE#         193
  C:0085H         LINE#         194
  C:0088H         LINE#         195
  C:008BH         LINE#         196
  C:008DH         LINE#         197
  C:008FH         LINE#         199
  C:0091H         LINE#         200
  C:0098H         LINE#         201
  C:009FH         LINE#         202
  C:00A6H         LINE#         203
  C:00ADH         LINE#         207
  C:00B4H         LINE#         208
  C:00B9H         LINE#         209
  C:00BEH         LINE#         210
  C:00C3H         LINE#         211
  C:00C8H         LINE#         212
  C:00CDH         LINE#         215
  C:00E6H         LINE#         216
  C:00E6H         LINE#         217
BL51 BANKED LINKER/LOCATER V6.22                                                      05/24/2019  12:17:29  PAGE 11


  C:0102H         LINE#         218
  C:0149H         LINE#         219
  C:015AH         LINE#         222
  C:015AH         LINE#         223
  C:015AH         LINE#         224
  C:015DH         LINE#         228
  C:015DH         LINE#         232
  C:0162H         LINE#         233
  C:0167H         LINE#         235
  C:016CH         LINE#         237
  C:0171H         LINE#         238
  C:0176H         LINE#         240
  C:0187H         LINE#         243
  C:018CH         LINE#         244
  C:0191H         LINE#         246
  C:0198H         LINE#         247
  C:01A0H         LINE#         248
  C:01A5H         LINE#         249
  C:01ADH         LINE#         250
  C:01B2H         LINE#         251
  C:01BCH         LINE#         252
  C:01C1H         LINE#         253
  C:01C9H         LINE#         255
  C:01D1H         LINE#         256
  C:01D6H         LINE#         257
  C:01E0H         LINE#         258
  C:01E0H         LINE#         259
  C:01E2H         LINE#         260
  C:01E4H         LINE#         261
  C:01EEH         LINE#         262
  C:01EEH         LINE#         263
  C:01F3H         LINE#         264
  C:01F3H         LINE#         276
  C:0207H         LINE#         277
  C:0207H         LINE#         278
  C:021CH         LINE#         279
  C:022BH         LINE#         280
  C:022BH         LINE#         281
  C:023EH         LINE#         282
  C:0240H         LINE#         284
  C:0240H         LINE#         285
  C:025CH         LINE#         286
  C:025CH         LINE#         287
  C:0261H         LINE#         288
  C:0261H         LINE#         289
  C:0275H         LINE#         290
  C:0275H         LINE#         293
  C:028AH         LINE#         294
  C:0299H         LINE#         295
  C:0299H         LINE#         296
  C:02ACH         LINE#         297
  C:02AEH         LINE#         299
  C:02AEH         LINE#         300
  C:02CAH         LINE#         301
  C:02CAH         LINE#         302
  C:02CFH         LINE#         303
  C:02D5H         LINE#         304
BL51 BANKED LINKER/LOCATER V6.22                                                      05/24/2019  12:17:29  PAGE 12


  C:02D5H         LINE#         306
  C:02F7H         LINE#         307
  C:02F7H         LINE#         308
  C:0301H         LINE#         309
  C:0307H         LINE#         310
  C:030EH         LINE#         311
  C:0314H         LINE#         312
  C:031BH         LINE#         313
  C:031BH         LINE#         314
  C:031EH         LINE#         316
  C:031EH         LINE#         321
  C:0359H         LINE#         325
  C:0366H         LINE#         326
  C:0366H         LINE#         330
  C:0366H         LINE#         331
  C:038EH         LINE#         332
  C:038EH         LINE#         333
  C:03B0H         LINE#         334
  C:03B0H         LINE#         336
  C:03D0H         LINE#         340
  C:03FFH         LINE#         348
  C:03FFH         LINE#         349
  C:047BH         LINE#         350
  C:0494H         LINE#         351
  C:051EH         LINE#         353
  C:054FH         LINE#         354
  C:054FH         LINE#         356
  C:0585H         LINE#         357
  C:05A8H         LINE#         358
  C:05BDH         LINE#         361
  C:05BDH         LINE#         362
  C:05C0H         LINE#         364
  C:05C0H         LINE#         366
  C:05C7H         LINE#         367
  C:05C7H         LINE#         368
  C:05CAH         LINE#         369
  C:05E8H         LINE#         370
  C:05EFH         LINE#         371
  C:060EH         LINE#         372
  C:062DH         LINE#         374
  C:06A9H         LINE#         375
  C:06C1H         LINE#         378
  C:0719H         LINE#         379
  C:0754H         LINE#         380
  C:0761H         LINE#         381
  C:0770H         LINE#         382
  C:0770H         LINE#         384
  C:0778H         LINE#         385
  C:0780H         LINE#         386
  C:0788H         LINE#         387
  C:0790H         LINE#         389
  C:07A4H         LINE#         390
  C:07BAH         LINE#         391
  C:07EAH         LINE#         392
  C:080AH         LINE#         394
  C:081EH         LINE#         395
  C:0834H         LINE#         396
BL51 BANKED LINKER/LOCATER V6.22                                                      05/24/2019  12:17:29  PAGE 13


  C:0864H         LINE#         397
  C:086BH         LINE#         399
  C:088FH         LINE#         402
  C:0891H         LINE#         404
  C:089FH         LINE#         405
  C:089FH         LINE#         406
  C:08A7H         LINE#         408
  C:08A7H         LINE#         411
  C:08A7H         LINE#         412
  C:08B4H         LINE#         413
  C:08B4H         LINE#         414
  C:08D6H         LINE#         415
  C:08D6H         LINE#         416
  C:0952H         LINE#         417
  C:09A7H         LINE#         418
  C:09A7H         LINE#         420
  C:09AAH         LINE#         424
  C:09AAH         LINE#         427
  C:09CCH         LINE#         428
  C:09CCH         LINE#         429
  C:0A48H         LINE#         431
  C:0A75H         LINE#         432
  C:0A90H         LINE#         433
  C:0ABDH         LINE#         434
  C:0AF0H         LINE#         435
  C:0AF0H         LINE#         436
  C:0B1AH         LINE#         437
  C:0BB3H         LINE#         438
  C:0BB5H         LINE#         440
  C:0BB5H         LINE#         441
  C:0C18H         LINE#         442
  C:0C18H         LINE#         446
  C:0C18H         LINE#         448
  C:0C18H         LINE#         449
  C:0C18H         LINE#         451
  C:0C18H         LINE#         454
  C:0C34H         LINE#         455
  C:0C38H         LINE#         457
  C:0C3AH         LINE#         460
  C:0C49H         LINE#         461
  C:0C49H         LINE#         462
  C:0C4CH         LINE#         463
  C:0C53H         LINE#         464
  C:0C58H         LINE#         465
  C:0C5DH         LINE#         466
  C:0C62H         LINE#         467
  C:0C67H         LINE#         468
  C:0C6CH         LINE#         478
  C:0C6FH         LINE#         480
  C:0C72H         LINE#         481
  C:0C79H         LINE#         482
  C:0C83H         LINE#         483
  C:0C8AH         LINE#         485
  C:0C8DH         LINE#         494
  C:0C8DH         LINE#         495
  -------         ENDPROC       MAIN
  -------         ENDMOD        MAIN
BL51 BANKED LINKER/LOCATER V6.22                                                      05/24/2019  12:17:29  PAGE 14



  -------         MODULE        PCF85063BTL
  C:0000H         SYMBOL        _ICE_DUMMY_
  D:0096H         PUBLIC        P2M0
  D:0080H         PUBLIC        P0
  D:0095H         PUBLIC        P2M1
  D:0090H         PUBLIC        P1
  D:00A0H         PUBLIC        P2
  D:00B0H         PUBLIC        P3
  D:00C0H         PUBLIC        P4
  D:00C8H         PUBLIC        P5
  D:00E8H         PUBLIC        P6
  B:00A0H.1       PUBLIC        PCF85063BTL_SDI
  D:00F8H         PUBLIC        P7
  B:00A0H.2       PUBLIC        PCF85063BTL_SCK
  B:00A0H.1       PUBLIC        PCF85063BTL_SDO
  D:00A8H         PUBLIC        IE
  C:4EDFH         PUBLIC        _Read_time
  C:5421H         PUBLIC        _PCF85063BTL_Delay
  D:00B8H         PUBLIC        IP
  D:00D8H         PUBLIC        CCON
  C:4D6CH         PUBLIC        _Day_Of_Year
  C:531EH         PUBLIC        SPI_ReceiveByte
  D:0098H         PUBLIC        SCON
  D:0088H         PUBLIC        TCON
  C:5454H         PUBLIC        _BCDtoDec
  B:00A0H.0       PUBLIC        PCF85063BTL_CS
  C:5443H         PUBLIC        _SPI_ReadTime
  C:000EH         PUBLIC        SPI_Init
  C:53AEH         PUBLIC        _SPI_WriteTime
  C:52FEH         PUBLIC        _SPI_SendByte
  D:00D0H         PUBLIC        PSW
  C:541DH         SYMBOL        L?0048
  -------         PROC          L?0047
  -------         ENDPROC       L?0047
  C:541DH         SYMBOL        L?0048
  -------         PROC          _PCF85063BTL_DELAY
  D:0006H         SYMBOL        us
  C:5421H         LINE#         8
  C:5421H         LINE#         9
  C:5421H         LINE#         10
  C:542BH         LINE#         11
  C:542BH         LINE#         12
  C:542CH         LINE#         13
  C:542EH         LINE#         14
  -------         ENDPROC       _PCF85063BTL_DELAY
  -------         PROC          _SPI_SENDBYTE
  D:0005H         SYMBOL        dat
  -------         DO            
  D:0003H         SYMBOL        i
  -------         ENDDO         
  C:52FEH         LINE#         17
  C:5300H         LINE#         18
  C:5300H         LINE#         20
  C:5302H         LINE#         21
  C:5302H         LINE#         22
  C:5304H         LINE#         23
BL51 BANKED LINKER/LOCATER V6.22                                                      05/24/2019  12:17:29  PAGE 15


  C:5308H         LINE#         24
  C:5308H         LINE#         25
  C:530AH         LINE#         26
  C:530CH         LINE#         28
  C:530CH         LINE#         29
  C:530EH         LINE#         30
  C:530EH         LINE#         31
  C:5311H         LINE#         32
  C:5311H         LINE#         33
  C:5314H         LINE#         34
  C:5318H         LINE#         35
  C:531DH         LINE#         36
  -------         ENDPROC       _SPI_SENDBYTE
  -------         PROC          SPI_RECEIVEBYTE
  -------         DO            
  D:0003H         SYMBOL        i
  D:0005H         SYMBOL        dat
  -------         ENDDO         
  C:531EH         LINE#         39
  C:531EH         LINE#         40
  C:531EH         LINE#         42
  C:5320H         LINE#         44
  C:5322H         LINE#         45
  C:5323H         LINE#         46
  C:5323H         LINE#         47
  C:5327H         LINE#         48
  C:5329H         LINE#         49
  C:532CH         LINE#         51
  C:532FH         LINE#         52
  C:532FH         LINE#         53
  C:5333H         LINE#         54
  C:5333H         LINE#         55
  C:5333H         LINE#         56
  C:5336H         LINE#         57
  C:533BH         LINE#         58
  C:533DH         LINE#         59
  -------         ENDPROC       SPI_RECEIVEBYTE
  -------         PROC          _SPI_READTIME
  D:0007H         SYMBOL        addr
  -------         DO            
  D:0006H         SYMBOL        dat
  -------         ENDDO         
  C:5443H         LINE#         61
  C:5443H         LINE#         62
  C:5443H         LINE#         64
  C:5445H         LINE#         65
  C:5447H         LINE#         66
  C:544EH         LINE#         67
  C:5451H         LINE#         68
  C:5453H         LINE#         69
  C:5453H         LINE#         70
  -------         ENDPROC       _SPI_READTIME
  -------         PROC          _SPI_WRITETIME
  D:0002H         SYMBOL        val
  D:0005H         SYMBOL        addr
  C:53AEH         LINE#         71
  C:53B0H         LINE#         72
BL51 BANKED LINKER/LOCATER V6.22                                                      05/24/2019  12:17:29  PAGE 16


  C:53B0H         LINE#         74
  C:53B2H         LINE#         75
  C:53B9H         LINE#         76
  C:53BEH         LINE#         77
  C:53C3H         LINE#         78
  C:53C5H         LINE#         79
  -------         ENDPROC       _SPI_WRITETIME
  -------         PROC          SPI_INIT
  C:000EH         LINE#         83
  C:000EH         LINE#         84
  C:000EH         LINE#         89
  C:0011H         LINE#         90
  C:0014H         LINE#         91
  C:0016H         LINE#         92
  C:0018H         LINE#         93
  C:001AH         LINE#         94
  -------         ENDPROC       SPI_INIT
  -------         PROC          _READ_TIME
  X:03F4H         SYMBOL        months
  X:03F7H         SYMBOL        days
  X:03FAH         SYMBOL        hours
  X:03FDH         SYMBOL        mins
  X:0400H         SYMBOL        seconds
  C:4EDFH         LINE#         96
  C:4EEAH         LINE#         97
  C:4EEAH         LINE#         99
  C:4EFEH         LINE#         101
  C:4F12H         LINE#         103
  C:4F26H         LINE#         108
  C:4F3AH         LINE#         113
  -------         ENDPROC       _READ_TIME
  -------         PROC          _BCDTODEC
  D:0007H         SYMBOL        bcd
  -------         DO            
  D:0006H         SYMBOL        hi
  D:0007H         SYMBOL        lo
  -------         ENDDO         
  C:5454H         LINE#         119
  C:5454H         LINE#         120
  C:5454H         LINE#         122
  C:5459H         LINE#         123
  C:545DH         LINE#         124
  C:5464H         LINE#         125
  -------         ENDPROC       _BCDTODEC
  -------         PROC          _DAY_OF_YEAR
  D:0007H         SYMBOL        months_bcd
  D:0005H         SYMBOL        days_bcd
  -------         DO            
  D:0004H         SYMBOL        months
  D:0007H         SYMBOL        days
  -------         ENDDO         
  C:4D6CH         LINE#         126
  C:4D6CH         LINE#         127
  C:4D6CH         LINE#         130
  C:4D71H         LINE#         132
  C:4D76H         LINE#         134
  C:4DAFH         LINE#         135
BL51 BANKED LINKER/LOCATER V6.22                                                      05/24/2019  12:17:29  PAGE 17


  C:4DAFH         LINE#         136
  C:4DAFH         LINE#         137
  C:4DB2H         LINE#         138
  C:4DB2H         LINE#         139
  C:4DB2H         LINE#         140
  C:4DB7H         LINE#         141
  C:4DB7H         LINE#         142
  C:4DB7H         LINE#         143
  C:4DBCH         LINE#         144
  C:4DBCH         LINE#         145
  C:4DBCH         LINE#         146
  C:4DC1H         LINE#         147
  C:4DC1H         LINE#         148
  C:4DC1H         LINE#         149
  C:4DC6H         LINE#         150
  C:4DC6H         LINE#         151
  C:4DC6H         LINE#         152
  C:4DCBH         LINE#         153
  C:4DCBH         LINE#         154
  C:4DCBH         LINE#         155
  C:4DD0H         LINE#         156
  C:4DD0H         LINE#         157
  C:4DD0H         LINE#         158
  C:4DD5H         LINE#         159
  C:4DD5H         LINE#         160
  C:4DD5H         LINE#         161
  C:4DDDH         LINE#         162
  C:4DDDH         LINE#         163
  C:4DDDH         LINE#         164
  C:4DE2H         LINE#         165
  C:4DE2H         LINE#         166
  C:4DE2H         LINE#         167
  C:4DE7H         LINE#         168
  C:4DE7H         LINE#         169
  C:4DE7H         LINE#         170
  C:4DF0H         LINE#         171
  C:4DF0H         LINE#         172
  C:4DF0H         LINE#         173
  C:4DF3H         LINE#         174
  C:4DF3H         LINE#         175
  -------         ENDPROC       _DAY_OF_YEAR
  -------         ENDMOD        PCF85063BTL

  -------         MODULE        LCD_DRIVER_SPLC780D
  C:0000H         SYMBOL        _ICE_DUMMY_
  D:0092H         PUBLIC        P1M0
  D:0091H         PUBLIC        P1M1
  D:0080H         PUBLIC        P0
  D:0090H         PUBLIC        P1
  D:00A0H         PUBLIC        P2
  D:00B0H         PUBLIC        P3
  D:00C0H         PUBLIC        P4
  D:00C8H         PUBLIC        P5
  D:00E8H         PUBLIC        P6
  D:00F8H         PUBLIC        P7
  C:4DF8H         PUBLIC        _WriteData
  D:00A8H         PUBLIC        IE
BL51 BANKED LINKER/LOCATER V6.22                                                      05/24/2019  12:17:29  PAGE 18


  D:00B8H         PUBLIC        IP
  D:00D8H         PUBLIC        CCON
  B:00B0H.4       PUBLIC        LCD_D4
  B:00B0H.5       PUBLIC        LCD_D5
  B:00B0H.6       PUBLIC        LCD_D6
  C:535CH         PUBLIC        _DisplayLCD
  B:00B0H.7       PUBLIC        LCD_D7
  D:0098H         PUBLIC        SCON
  D:0088H         PUBLIC        TCON
  C:542FH         PUBLIC        _abs
  C:54A6H         PUBLIC        LCD_clear
  C:50D9H         PUBLIC        _Command
  C:53DCH         PUBLIC        _Display_Line
  C:4FA8H         PUBLIC        LCD_Init
  C:52BFH         PUBLIC        _Wait_ms
  B:00C0H.0       PUBLIC        LCD_RS
  B:0090H.3       PUBLIC        LCD_RW
  C:549CH         PUBLIC        LCD_return_home
  C:40EEH         PUBLIC        _Display_Pos
  B:00B0H.3       PUBLIC        LCD_E
  D:00D0H         PUBLIC        PSW
  -------         PROC          LCD_INIT
  C:4FA8H         LINE#         9
  C:4FA8H         LINE#         10
  C:4FA8H         LINE#         11
  C:4FABH         LINE#         12
  C:4FAEH         LINE#         14
  C:4FB4H         LINE#         15
  C:4FB9H         LINE#         17
  C:4FC0H         LINE#         18
  C:4FC5H         LINE#         20
  C:4FC8H         LINE#         21
  C:4FCDH         LINE#         23
  C:4FD0H         LINE#         24
  C:4FD5H         LINE#         26
  C:4FDCH         LINE#         29
  C:4FE1H         LINE#         30
  C:4FE6H         LINE#         32
  C:4FEBH         LINE#         33
  C:4FF0H         LINE#         35
  C:4FF5H         LINE#         36
  C:4FFAH         LINE#         37
  -------         ENDPROC       LCD_INIT
  C:4DF4H         SYMBOL        L?0038
  -------         PROC          L?0037
  -------         ENDPROC       L?0037
  C:4DF4H         SYMBOL        L?0038
  -------         PROC          _WRITEDATA
  X:04DEH         SYMBOL        dat
  C:4DF8H         LINE#         40
  C:4DFDH         LINE#         41
  C:4DFDH         LINE#         46
  C:4DFFH         LINE#         47
  C:4E01H         LINE#         49
  C:4E0FH         LINE#         50
  C:4E1BH         LINE#         51
  C:4E27H         LINE#         52
BL51 BANKED LINKER/LOCATER V6.22                                                      05/24/2019  12:17:29  PAGE 19


  C:4E31H         LINE#         53
  C:4E33H         LINE#         54
  C:4E3AH         LINE#         55
  C:4E3CH         LINE#         57
  C:4E4CH         LINE#         58
  C:4E57H         LINE#         59
  C:4E61H         LINE#         60
  C:4E65H         LINE#         62
  C:4E65H         LINE#         63
  C:4E68H         LINE#         64
  C:4E6AH         LINE#         65
  C:4E6CH         LINE#         67
  -------         ENDPROC       _WRITEDATA
  -------         PROC          _COMMAND
  D:0007H         SYMBOL        dat
  C:50D9H         LINE#         69
  C:50D9H         LINE#         70
  C:50D9H         LINE#         71
  C:50DBH         LINE#         72
  C:50DDH         LINE#         74
  C:50E7H         LINE#         75
  C:50EBH         LINE#         77
  C:50EDH         LINE#         78
  C:50F6H         LINE#         79
  C:50FAH         LINE#         81
  C:50FCH         LINE#         82
  C:5103H         LINE#         83
  C:5107H         LINE#         85
  C:5109H         LINE#         86
  C:510DH         LINE#         87
  C:5111H         LINE#         89
  C:5113H         LINE#         90
  C:5113H         LINE#         91
  C:5116H         LINE#         92
  C:5118H         LINE#         93
  -------         ENDPROC       _COMMAND
  C:52BBH         SYMBOL        L?0040
  -------         PROC          L?0039
  -------         ENDPROC       L?0039
  C:52BBH         SYMBOL        L?0040
  -------         PROC          _WAIT_MS
  D:0006H         SYMBOL        ms
  -------         DO            
  D:0004H         SYMBOL        De_Cnt
  -------         ENDDO         
  C:52BFH         LINE#         95
  C:52BFH         LINE#         96
  C:52BFH         LINE#         98
  C:52C9H         LINE#         99
  C:52C9H         LINE#         100
  C:52DCH         LINE#         101
  C:52DCH         LINE#         102
  -------         ENDPROC       _WAIT_MS
  -------         PROC          _DISPLAYLCD
  D:0007H         SYMBOL        BCD
  -------         DO            
  D:0006H         SYMBOL        first_digit
BL51 BANKED LINKER/LOCATER V6.22                                                      05/24/2019  12:17:29  PAGE 20


  X:03F4H         SYMBOL        second_digit
  -------         ENDDO         
  C:535CH         LINE#         103
  C:535CH         LINE#         104
  C:535CH         LINE#         106
  C:5363H         LINE#         107
  C:536CH         LINE#         109
  C:5371H         LINE#         111
  -------         ENDPROC       _DISPLAYLCD
  -------         PROC          LCD_RETURN_HOME
  C:549CH         LINE#         115
  C:549CH         LINE#         116
  C:549CH         LINE#         117
  C:54A1H         LINE#         118
  -------         ENDPROC       LCD_RETURN_HOME
  -------         PROC          LCD_CLEAR
  C:54A6H         LINE#         121
  C:54A6H         LINE#         122
  C:54A6H         LINE#         123
  C:54ABH         LINE#         124
  -------         ENDPROC       LCD_CLEAR
  -------         PROC          _DISPLAY_LINE
  D:0006H         SYMBOL        line
  C:53DCH         LINE#         128
  C:53DCH         LINE#         129
  C:53DCH         LINE#         130
  C:53E2H         LINE#         131
  C:53E2H         LINE#         132
  C:53E4H         LINE#         133
  C:53E4H         LINE#         134
  C:53E6H         LINE#         136
  C:53E6H         LINE#         137
  C:53EBH         LINE#         138
  C:53F0H         LINE#         139
  C:53F0H         LINE#         140
  -------         ENDPROC       _DISPLAY_LINE
  -------         PROC          _DISPLAY_POS
  X:04D3H         SYMBOL        sign_dat
  -------         DO            
  X:04D7H         SYMBOL        unit
  X:04D8H         SYMBOL        ten
  X:04D9H         SYMBOL        hundred
  X:04DAH         SYMBOL        thousand
  X:04DBH         SYMBOL        after_dot
  X:04DCH         SYMBOL        dat
  -------         ENDDO         
  C:40EEH         LINE#         142
  C:40F4H         LINE#         143
  C:40F4H         LINE#         147
  C:4110H         LINE#         148
  C:412AH         LINE#         149
  C:414EH         LINE#         151
  C:4198H         LINE#         153
  C:41AFH         LINE#         154
  C:41C1H         LINE#         155
  C:41E6H         LINE#         156
  C:4200H         LINE#         157
BL51 BANKED LINKER/LOCATER V6.22                                                      05/24/2019  12:17:29  PAGE 21


  C:4218H         LINE#         158
  C:4218H         LINE#         159
  C:4218H         LINE#         160
  C:4218H         LINE#         161
  C:4218H         LINE#         162
  C:4218H         LINE#         163
  C:4218H         LINE#         164
  C:4218H         LINE#         168
  C:421AH         LINE#         170
  C:421AH         LINE#         172
  C:421FH         LINE#         173
  C:4225H         LINE#         174
  C:422BH         LINE#         175
  C:4231H         LINE#         176
  C:4237H         LINE#         177
  C:423CH         LINE#         178
  C:4242H         LINE#         182
  C:4242H         LINE#         184
  -------         ENDPROC       _DISPLAY_POS
  -------         PROC          _ABS
  D:0006H         SYMBOL        dat
  C:542FH         LINE#         186
  C:542FH         LINE#         187
  C:542FH         LINE#         188
  C:543AH         LINE#         189
  C:543BH         LINE#         191
  C:5442H         LINE#         192
  -------         ENDPROC       _ABS
  -------         ENDMOD        LCD_DRIVER_SPLC780D

  -------         MODULE        KEYPAD
  C:0000H         SYMBOL        _ICE_DUMMY_
  D:0093H         PUBLIC        P0M1
  D:0080H         PUBLIC        P0
  D:0090H         PUBLIC        P1
  D:00A0H         PUBLIC        P2
  D:00B0H         PUBLIC        P3
  D:00C0H         PUBLIC        P4
  D:00C8H         PUBLIC        P5
  D:00E8H         PUBLIC        P6
  D:00F8H         PUBLIC        P7
  D:00A8H         PUBLIC        IE
  C:3AEAH         PUBLIC        Key_Scan
  D:00B8H         PUBLIC        IP
  D:00D8H         PUBLIC        CCON
  C:5490H         PUBLIC        KeyPad_IO_Init
  C:533EH         PUBLIC        _Delay_ms
  D:0098H         PUBLIC        SCON
  D:0088H         PUBLIC        TCON
  X:05EFH         PUBLIC        small_move
  X:05F1H         PUBLIC        move
  X:05F3H         PUBLIC        auto_mode
  X:05F5H         PUBLIC        direction
  X:05F7H         PUBLIC        SPI_NOR_ClearEnable
  C:3217H         PUBLIC        Key_Process
  D:00D0H         PUBLIC        PSW
  D:0094H         PUBLIC        P0M0
BL51 BANKED LINKER/LOCATER V6.22                                                      05/24/2019  12:17:29  PAGE 22


  -------         PROC          _DELAY_MS
  D:0006H         SYMBOL        ms
  -------         DO            
  D:0004H         SYMBOL        De_Cnt
  -------         ENDDO         
  C:533EH         LINE#         20
  C:533EH         LINE#         21
  C:533EH         LINE#         23
  C:5348H         LINE#         24
  C:5348H         LINE#         25
  C:535BH         LINE#         26
  C:535BH         LINE#         27
  -------         ENDPROC       _DELAY_MS
  -------         PROC          KEY_SCAN
  -------         DO            
  X:03FAH         SYMBOL        KeyTemp1
  X:03FBH         SYMBOL        KeyTemp2
  X:03FCH         SYMBOL        KeyValue
  -------         ENDDO         
  C:3AEAH         LINE#         28
  C:3AEAH         LINE#         29
  C:3AEAH         LINE#         34
  C:3AEDH         LINE#         37
  C:3AF0H         LINE#         39
  C:3AF8H         LINE#         40
  C:3AFFH         LINE#         41
  C:3AFFH         LINE#         43
  C:3B04H         LINE#         44
  C:3B0BH         LINE#         45
  C:3B0BH         LINE#         48
  C:3B0EH         LINE#         49
  C:3B11H         LINE#         50
  C:3B16H         LINE#         51
  C:3B1AH         LINE#         52
  C:3B1AH         LINE#         53
  C:3B22H         LINE#         54
  C:3B22H         LINE#         55
  C:3B25H         LINE#         56
  C:3B2DH         LINE#         57
  C:3B2FH         LINE#         59
  C:3B43H         LINE#         60
  C:3B43H         LINE#         61
  C:3B43H         LINE#         62
  C:3B43H         LINE#         63
  C:3B49H         LINE#         65
  C:3B4BH         LINE#         66
  C:3B4BH         LINE#         67
  C:3B4BH         LINE#         68
  C:3B51H         LINE#         70
  C:3B53H         LINE#         71
  C:3B53H         LINE#         72
  C:3B53H         LINE#         73
  C:3B59H         LINE#         75
  C:3B5BH         LINE#         76
  C:3B5BH         LINE#         77
  C:3B5BH         LINE#         78
  C:3B61H         LINE#         80
BL51 BANKED LINKER/LOCATER V6.22                                                      05/24/2019  12:17:29  PAGE 23


  C:3B61H         LINE#         81
  C:3B61H         LINE#         82
  C:3B61H         LINE#         85
  C:3B64H         LINE#         86
  C:3B67H         LINE#         87
  C:3B6FH         LINE#         88
  C:3B73H         LINE#         89
  C:3B73H         LINE#         90
  C:3B7BH         LINE#         91
  C:3B7BH         LINE#         92
  C:3B7EH         LINE#         93
  C:3B86H         LINE#         94
  C:3B88H         LINE#         95
  C:3B9CH         LINE#         96
  C:3B9CH         LINE#         97
  C:3B9CH         LINE#         98
  C:3B9CH         LINE#         99
  C:3BA2H         LINE#         101
  C:3BA4H         LINE#         102
  C:3BA4H         LINE#         103
  C:3BA4H         LINE#         104
  C:3BAAH         LINE#         106
  C:3BACH         LINE#         107
  C:3BACH         LINE#         108
  C:3BACH         LINE#         109
  C:3BB2H         LINE#         111
  C:3BB4H         LINE#         112
  C:3BB4H         LINE#         113
  C:3BB4H         LINE#         114
  C:3BB9H         LINE#         116
  C:3BB9H         LINE#         117
  C:3BB9H         LINE#         118
  C:3BB9H         LINE#         121
  C:3BBCH         LINE#         122
  C:3BBFH         LINE#         123
  C:3BC7H         LINE#         124
  C:3BCBH         LINE#         125
  C:3BCBH         LINE#         126
  C:3BD3H         LINE#         127
  C:3BD3H         LINE#         128
  C:3BD6H         LINE#         129
  C:3BDEH         LINE#         130
  C:3BE0H         LINE#         131
  C:3BF4H         LINE#         132
  C:3BF4H         LINE#         133
  C:3BF4H         LINE#         134
  C:3BF4H         LINE#         135
  C:3BFAH         LINE#         137
  C:3BFCH         LINE#         138
  C:3BFCH         LINE#         139
  C:3BFCH         LINE#         140
  C:3C02H         LINE#         142
  C:3C04H         LINE#         143
  C:3C04H         LINE#         144
  C:3C04H         LINE#         145
  C:3C0AH         LINE#         147
  C:3C0CH         LINE#         148
BL51 BANKED LINKER/LOCATER V6.22                                                      05/24/2019  12:17:29  PAGE 24


  C:3C0CH         LINE#         149
  C:3C0CH         LINE#         150
  C:3C12H         LINE#         152
  C:3C12H         LINE#         153
  C:3C12H         LINE#         154
  C:3C12H         LINE#         158
  C:3C15H         LINE#         159
  C:3C18H         LINE#         160
  C:3C20H         LINE#         161
  C:3C24H         LINE#         162
  C:3C24H         LINE#         163
  C:3C2CH         LINE#         164
  C:3C2CH         LINE#         165
  C:3C2FH         LINE#         166
  C:3C37H         LINE#         167
  C:3C39H         LINE#         168
  C:3C4DH         LINE#         169
  C:3C4DH         LINE#         170
  C:3C4DH         LINE#         171
  C:3C4DH         LINE#         172
  C:3C53H         LINE#         174
  C:3C55H         LINE#         175
  C:3C55H         LINE#         176
  C:3C55H         LINE#         177
  C:3C5BH         LINE#         179
  C:3C5DH         LINE#         180
  C:3C5DH         LINE#         181
  C:3C5DH         LINE#         182
  C:3C63H         LINE#         184
  C:3C65H         LINE#         185
  C:3C65H         LINE#         186
  C:3C65H         LINE#         187
  C:3C6BH         LINE#         189
  C:3C6BH         LINE#         190
  C:3C6BH         LINE#         191
  C:3C6BH         LINE#         193
  C:3C71H         LINE#         194
  C:3C71H         LINE#         196
  C:3C71H         LINE#         197
  C:3C74H         LINE#         198
  C:3C74H         LINE#         199
  C:3C74H         LINE#         201
  C:3C74H         LINE#         202
  C:3C76H         LINE#         203
  C:3C76H         LINE#         204
  -------         ENDPROC       KEY_SCAN
  -------         PROC          KEY_PROCESS
  -------         DO            
  X:05E0H         SYMBOL        KeyCount
  X:05E1H         SYMBOL        KeyNum_Old
  X:05E3H         SYMBOL        KeyNum
  X:05E5H         SYMBOL        PressedKey
  X:03F4H         SYMBOL        d
  D:0002H         SYMBOL        hours
  D:0006H         SYMBOL        mins
  X:03F6H         SYMBOL        months
  X:03F8H         SYMBOL        days
BL51 BANKED LINKER/LOCATER V6.22                                                      05/24/2019  12:17:29  PAGE 25


  -------         ENDDO         
  C:3217H         LINE#         205
  C:3217H         LINE#         206
  C:3217H         LINE#         210
  C:3226H         LINE#         211
  C:3233H         LINE#         213
  C:3237H         LINE#         214
  C:3237H         LINE#         215
  C:323DH         LINE#         217
  C:323DH         LINE#         218
  C:3254H         LINE#         219
  C:3254H         LINE#         220
  C:325EH         LINE#         221
  C:3264H         LINE#         223
  C:326AH         LINE#         225
  C:326AH         LINE#         226
  C:3281H         LINE#         227
  C:3281H         LINE#         228
  C:3286H         LINE#         230
  C:3286H         LINE#         231
  C:3296H         LINE#         232
  C:3296H         LINE#         233
  C:329CH         LINE#         235
  C:329CH         LINE#         236
  C:32AEH         LINE#         237
  C:32AEH         LINE#         238
  C:32B8H         LINE#         239
  C:32C0H         LINE#         241
  C:32C9H         LINE#         243
  C:32C9H         LINE#         252
  C:32E8H         LINE#         253
  C:32E8H         LINE#         254
  C:3307H         LINE#         255
  C:330DH         LINE#         256
  C:3315H         LINE#         257
  C:3315H         LINE#         259
  C:3316H         LINE#         265
  C:3322H         LINE#         266
  C:3322H         LINE#         267
  C:333FH         LINE#         268
  C:3356H         LINE#         269
  C:336DH         LINE#         270
  C:336DH         LINE#         271
  C:3380H         LINE#         272
  C:3393H         LINE#         273
  C:3393H         LINE#         274
  C:3393H         LINE#         275
  C:3396H         LINE#         280
  C:33A5H         LINE#         281
  C:33A5H         LINE#         282
  C:33C8H         LINE#         283
  C:33E5H         LINE#         284
  C:33EEH         LINE#         285
  C:33EEH         LINE#         286
  C:33F5H         LINE#         287
  C:33F5H         LINE#         288
  C:3406H         LINE#         289
BL51 BANKED LINKER/LOCATER V6.22                                                      05/24/2019  12:17:29  PAGE 26


  C:3406H         LINE#         290
  C:3415H         LINE#         291
  C:3415H         LINE#         292
  C:3415H         LINE#         293
  C:3418H         LINE#         295
  C:3418H         LINE#         296
  C:3424H         LINE#         297
  C:3424H         LINE#         298
  C:3436H         LINE#         299
  C:3436H         LINE#         300
  C:3446H         LINE#         301
  C:3446H         LINE#         302
  C:3446H         LINE#         304
  C:3448H         LINE#         306
  C:3448H         LINE#         307
  C:3457H         LINE#         308
  C:3457H         LINE#         309
  C:3467H         LINE#         310
  C:3467H         LINE#         311
  C:3467H         LINE#         313
  C:3467H         LINE#         315
  C:3467H         LINE#         316
  C:3469H         LINE#         318
  C:3469H         LINE#         319
  C:3470H         LINE#         320
  C:3470H         LINE#         321
  C:347FH         LINE#         322
  C:347FH         LINE#         323
  C:348FH         LINE#         324
  C:348FH         LINE#         325
  C:348FH         LINE#         326
  C:3491H         LINE#         328
  C:3491H         LINE#         329
  C:34A0H         LINE#         330
  C:34A0H         LINE#         331
  C:34B3H         LINE#         332
  C:34C6H         LINE#         333
  C:34C6H         LINE#         334
  C:34C6H         LINE#         335
  C:34C6H         LINE#         336
  C:34CFH         LINE#         338
  C:34CFH         LINE#         340
  C:3509H         LINE#         341
  C:3509H         LINE#         342
  C:3510H         LINE#         343
  C:3510H         LINE#         344
  C:351AH         LINE#         345
  C:351AH         LINE#         346
  C:351DH         LINE#         347
  C:3522H         LINE#         348
  C:3527H         LINE#         349
  C:352CH         LINE#         350
  C:3531H         LINE#         351
  C:3536H         LINE#         352
  C:353BH         LINE#         353
  C:3540H         LINE#         354
  C:3540H         LINE#         355
BL51 BANKED LINKER/LOCATER V6.22                                                      05/24/2019  12:17:29  PAGE 27


  C:3540H         LINE#         357
  C:355EH         LINE#         358
  C:355EH         LINE#         359
  C:3565H         LINE#         360
  C:3565H         LINE#         361
  C:356AH         LINE#         362
  C:3573H         LINE#         363
  C:3592H         LINE#         364
  C:3592H         LINE#         365
  C:35A2H         LINE#         367
  C:35A2H         LINE#         371
  -------         ENDPROC       KEY_PROCESS
  -------         PROC          KEYPAD_IO_INIT
  C:5490H         LINE#         374
  C:5490H         LINE#         375
  C:5490H         LINE#         376
  C:5493H         LINE#         377
  C:5496H         LINE#         378
  C:5499H         LINE#         379
  C:549BH         LINE#         380
  -------         ENDPROC       KEYPAD_IO_INIT
  -------         ENDMOD        KEYPAD

  -------         MODULE        BIPOLARMOTOR
  C:0000H         SYMBOL        _ICE_DUMMY_
  X:0000H         PUBLIC        UTC_time
  D:0080H         PUBLIC        P0
  D:0090H         PUBLIC        P1
  X:0004H         PUBLIC        RX_pos_test
  D:00A0H         PUBLIC        P2
  D:00B0H         PUBLIC        P3
  D:00C0H         PUBLIC        P4
  D:00C8H         PUBLIC        P5
  D:00E8H         PUBLIC        P6
  D:00F8H         PUBLIC        P7
  X:00A4H         PUBLIC        low_date_azimuth_mapping
  D:00A8H         PUBLIC        IE
  C:47B8H         PUBLIC        linear_interpolate
  X:00CCH         PUBLIC        declination
  C:5245H         PUBLIC        _Move
  D:00B8H         PUBLIC        IP
  X:00D0H         PUBLIC        time_offset
  D:00D8H         PUBLIC        CCON
  X:00D4H         PUBLIC        previous_move_time
  X:00D5H         PUBLIC        time
  D:0098H         PUBLIC        SCON
  D:0088H         PUBLIC        TCON
  C:5119H         PUBLIC        _Step_move
  X:00E7H         PUBLIC        dat
  X:00EDH         PUBLIC        current_local_sun_time
  C:1DD6H         PUBLIC        _Update_position
  C:35A3H         PUBLIC        _elevation_calculation
  X:00F1H         PUBLIC        sunCoord
  C:5001H         PUBLIC        vOneStepMove
  X:00F4H         PUBLIC        elevation_stamp
  X:0130H         PUBLIC        date_azimuth_mapping
  X:0158H         PUBLIC        location
BL51 BANKED LINKER/LOCATER V6.22                                                      05/24/2019  12:17:29  PAGE 28


  X:0160H         PUBLIC        RX_pos
  C:53F1H         PUBLIC        vSetLocation
  C:5383H         PUBLIC        _BCDtoDec1
  X:03B8H         PUBLIC        degree
  C:290EH         PUBLIC        _TheoricalJP_Position
  D:00D0H         PUBLIC        PSW
  -------         PROC          VSETLOCATION
  C:53F1H         LINE#         44
  C:53F1H         LINE#         45
  C:53F1H         LINE#         46
  C:53FBH         LINE#         47
  C:5405H         LINE#         48
  -------         ENDPROC       VSETLOCATION
  C:537FH         SYMBOL        L?0060
  -------         PROC          L?0059
  -------         ENDPROC       L?0059
  C:537FH         SYMBOL        L?0060
  -------         PROC          _BCDTODEC1
  D:0007H         SYMBOL        bcd
  -------         DO            
  D:0006H         SYMBOL        hi
  D:0007H         SYMBOL        lo
  -------         ENDDO         
  C:5383H         LINE#         49
  C:5383H         LINE#         50
  C:5383H         LINE#         52
  C:5388H         LINE#         53
  C:538CH         LINE#         54
  C:5393H         LINE#         55
  -------         ENDPROC       _BCDTODEC1
  -------         PROC          VONESTEPMOVE
  B:0020H.3       SYMBOL        bDir
  C:5001H         LINE#         59
  C:5001H         LINE#         60
  C:5001H         LINE#         62
  C:5007H         LINE#         63
  C:5007H         LINE#         64
  C:500AH         LINE#         65
  C:5013H         LINE#         66
  C:501AH         LINE#         67
  C:501FH         LINE#         68
  C:501FH         LINE#         69
  C:501FH         LINE#         71
  C:5021H         LINE#         74
  C:5021H         LINE#         75
  C:5024H         LINE#         76
  C:502DH         LINE#         77
  C:5034H         LINE#         78
  C:503AH         LINE#         79
  C:5043H         LINE#         80
  C:504AH         LINE#         81
  C:504AH         LINE#         85
  -------         ENDPROC       VONESTEPMOVE
  -------         PROC          _STEP_MOVE
  X:04D7H         SYMBOL        step
  B:0020H.2       SYMBOL        dir
  -------         DO            
BL51 BANKED LINKER/LOCATER V6.22                                                      05/24/2019  12:17:29  PAGE 29


  X:04D9H         SYMBOL        i
  -------         ENDDO         
  C:5119H         LINE#         87
  C:5121H         LINE#         88
  C:5121H         LINE#         90
  C:5126H         LINE#         93
  C:5141H         LINE#         94
  C:5141H         LINE#         95
  C:5148H         LINE#         97
  C:5158H         LINE#         99
  -------         ENDPROC       _STEP_MOVE
  -------         PROC          _MOVE
  X:04D3H         SYMBOL        distance
  B:0020H.1       SYMBOL        direction
  -------         DO            
  D:0006H         SYMBOL        step
  -------         ENDDO         
  C:5245H         LINE#         101
  C:524BH         LINE#         102
  C:524BH         LINE#         105
  C:5266H         LINE#         106
  -------         ENDPROC       _MOVE
  C:47A7H         SYMBOL        L?0058
  -------         PROC          L?0057
  -------         ENDPROC       L?0057
  C:47A7H         SYMBOL        L?0058
  -------         PROC          LINEAR_INTERPOLATE
  X:049AH         SYMBOL        p1
  X:04A2H         SYMBOL        p2
  X:04AAH         SYMBOL        x
  -------         DO            
  D:0004H         SYMBOL        fx
  -------         ENDDO         
  C:47B8H         LINE#         139
  C:47B8H         LINE#         140
  C:47B8H         LINE#         143
  C:4857H         LINE#         145
  C:4857H         LINE#         146
  -------         ENDPROC       LINEAR_INTERPOLATE
  -------         PROC          _THEORICALJP_POSITION
  X:043EH         SYMBOL        azimuth
  X:0442H         SYMBOL        elevation
  -------         DO            
  X:0446H         SYMBOL        pos_interpolate_azimuth
  X:0482H         SYMBOL        JP_pos
  X:0486H         SYMBOL        i
  X:0488H         SYMBOL        yy
  X:048AH         SYMBOL        p1
  X:0492H         SYMBOL        p2
  -------         ENDDO         
  C:290EH         LINE#         149
  C:2914H         LINE#         150
  C:2914H         LINE#         152
  C:291EH         LINE#         155
  C:293AH         LINE#         156
  C:293AH         LINE#         157
  C:29AAH         LINE#         158
BL51 BANKED LINKER/LOCATER V6.22                                                      05/24/2019  12:17:29  PAGE 30


  C:29AAH         LINE#         159
  C:29B1H         LINE#         160
  C:29B1H         LINE#         161
  C:29DEH         LINE#         162
  C:29F9H         LINE#         164
  C:2A40H         LINE#         165
  C:2A74H         LINE#         167
  C:2ABAH         LINE#         168
  C:2ADFH         LINE#         170
  C:2ADFH         LINE#         172
  C:2B55H         LINE#         173
  C:2B55H         LINE#         174
  C:2B5CH         LINE#         175
  C:2B5CH         LINE#         176
  C:2B89H         LINE#         177
  C:2BA4H         LINE#         179
  C:2BEBH         LINE#         180
  C:2C1FH         LINE#         182
  C:2C65H         LINE#         183
  C:2C87H         LINE#         185
  C:2C87H         LINE#         186
  C:2C9BH         LINE#         189
  C:2CB7H         LINE#         190
  C:2CB7H         LINE#         191
  C:2D27H         LINE#         192
  C:2D27H         LINE#         193
  C:2D54H         LINE#         194
  C:2D6FH         LINE#         196
  C:2D9CH         LINE#         197
  C:2DB7H         LINE#         199
  C:2DE9H         LINE#         202
  C:2DE9H         LINE#         204
  C:2DFAH         LINE#         205
  C:2E08H         LINE#         207
  -------         ENDPROC       _THEORICALJP_POSITION
  -------         PROC          _UPDATE_POSITION
  D:0001H         SYMBOL        mnths
  D:0002H         SYMBOL        dys
  X:041AH         SYMBOL        hurs
  X:041BH         SYMBOL        mns
  X:041CH         SYMBOL        sconds
  X:041DH         SYMBOL        currnt_pos
  X:0420H         SYMBOL        offset_calib
  -------         DO            
  X:0424H         SYMBOL        date
  X:0426H         SYMBOL        i
  X:0428H         SYMBOL        yy
  X:042AH         SYMBOL        desired_distance
  X:042EH         SYMBOL        distance
  X:0432H         SYMBOL        JP_pos
  X:0436H         SYMBOL        elevation
  X:043AH         SYMBOL        azimuth
  -------         ENDDO         
  C:1DD6H         LINE#         210
  C:1DDFH         LINE#         213
  C:1DDFH         LINE#         214
  C:1DEAH         LINE#         216
BL51 BANKED LINKER/LOCATER V6.22                                                      05/24/2019  12:17:29  PAGE 31


  C:1E06H         LINE#         223
  C:1E10H         LINE#         224
  C:1E1BH         LINE#         225
  C:1E26H         LINE#         226
  C:1E3FH         LINE#         227
  C:1E50H         LINE#         228
  C:1E5FH         LINE#         231
  C:1E73H         LINE#         235
  C:1EC5H         LINE#         236
  C:2029H         LINE#         237
  C:2079H         LINE#         240
  C:21A1H         LINE#         243
  C:2270H         LINE#         250
  C:22B7H         LINE#         251
  C:22B7H         LINE#         253
  C:22E2H         LINE#         254
  C:2311H         LINE#         256
  C:2336H         LINE#         257
  C:239BH         LINE#         258
  C:239BH         LINE#         259
  C:23B5H         LINE#         260
  C:23C7H         LINE#         261
  C:23DFH         LINE#         262
  C:23F5H         LINE#         264
  C:2411H         LINE#         265
  C:2411H         LINE#         266
  C:2411H         LINE#         269
  -------         ENDPROC       _UPDATE_POSITION
  -------         PROC          _ELEVATION_CALCULATION
  D:0007H         SYMBOL        mnths
  D:0005H         SYMBOL        dys
  X:03F6H         SYMBOL        hurs
  X:03F7H         SYMBOL        mns
  X:03F8H         SYMBOL        sconds
  C:35A3H         LINE#         271
  C:35A8H         LINE#         273
  C:35A8H         LINE#         274
  C:35B2H         LINE#         275
  C:35BBH         LINE#         276
  C:35C6H         LINE#         277
  C:35DFH         LINE#         278
  C:35F3H         LINE#         279
  C:3605H         LINE#         283
  C:3657H         LINE#         284
  C:37BBH         LINE#         285
  C:380BH         LINE#         287
  C:3922H         LINE#         289
  -------         ENDPROC       _ELEVATION_CALCULATION
  -------         ENDMOD        BIPOLARMOTOR

  -------         MODULE        SUNPOS
  C:0000H         SYMBOL        _ICE_DUMMY_
  C:1634H         PUBLIC        sunpos
  -------         PROC          SUNPOS
  X:043EH         SYMBOL        udtTime
  X:0450H         SYMBOL        udtLocation
  X:0458H         SYMBOL        udtSunCoordinates
BL51 BANKED LINKER/LOCATER V6.22                                                      05/24/2019  12:17:29  PAGE 32


  -------         DO            
  X:045BH         SYMBOL        dElapsedJulianDays
  X:045FH         SYMBOL        dDecimalHours
  X:0463H         SYMBOL        dEclipticLongitude
  X:0467H         SYMBOL        dEclipticObliquity
  X:046BH         SYMBOL        dRightAscension
  X:046FH         SYMBOL        dDeclination
  X:0473H         SYMBOL        dY
  X:0477H         SYMBOL        dX
  -------         DO            
  X:047BH         SYMBOL        dJulianDate
  X:047FH         SYMBOL        liAux1
  X:0483H         SYMBOL        liAux2
  X:047BH         SYMBOL        dMeanLongitude
  X:047FH         SYMBOL        dMeanAnomaly
  X:0483H         SYMBOL        dOmega
  X:047BH         SYMBOL        dSin_EclipticLongitude
  X:047BH         SYMBOL        dGreenwichMeanSiderealTime
  X:047FH         SYMBOL        dLocalMeanSiderealTime
  X:0483H         SYMBOL        dLatitudeInRadians
  X:0487H         SYMBOL        dHourAngle
  X:048BH         SYMBOL        dCos_Latitude
  X:048FH         SYMBOL        dSin_Latitude
  X:0493H         SYMBOL        dCos_HourAngle
  X:0497H         SYMBOL        dParallax
  -------         ENDDO         
  -------         DO            
  X:047BH         SYMBOL        dMeanLongitude
  X:047FH         SYMBOL        dMeanAnomaly
  X:0483H         SYMBOL        dOmega
  X:047BH         SYMBOL        dSin_EclipticLongitude
  X:047BH         SYMBOL        dGreenwichMeanSiderealTime
  X:047FH         SYMBOL        dLocalMeanSiderealTime
  X:0483H         SYMBOL        dLatitudeInRadians
  X:0487H         SYMBOL        dHourAngle
  X:048BH         SYMBOL        dCos_Latitude
  X:048FH         SYMBOL        dSin_Latitude
  X:0493H         SYMBOL        dCos_HourAngle
  X:0497H         SYMBOL        dParallax
  -------         ENDDO         
  -------         DO            
  X:047BH         SYMBOL        dSin_EclipticLongitude
  X:047BH         SYMBOL        dGreenwichMeanSiderealTime
  X:047FH         SYMBOL        dLocalMeanSiderealTime
  X:0483H         SYMBOL        dLatitudeInRadians
  X:0487H         SYMBOL        dHourAngle
  X:048BH         SYMBOL        dCos_Latitude
  X:048FH         SYMBOL        dSin_Latitude
  X:0493H         SYMBOL        dCos_HourAngle
  X:0497H         SYMBOL        dParallax
  -------         ENDDO         
  -------         DO            
  X:047BH         SYMBOL        dGreenwichMeanSiderealTime
  X:047FH         SYMBOL        dLocalMeanSiderealTime
  X:0483H         SYMBOL        dLatitudeInRadians
  X:0487H         SYMBOL        dHourAngle
  X:048BH         SYMBOL        dCos_Latitude
BL51 BANKED LINKER/LOCATER V6.22                                                      05/24/2019  12:17:29  PAGE 33


  X:048FH         SYMBOL        dSin_Latitude
  X:0493H         SYMBOL        dCos_HourAngle
  X:0497H         SYMBOL        dParallax
  -------         ENDDO         
  -------         ENDDO         
  C:1634H         LINE#         6
  C:1634H         LINE#         7
  C:1634H         LINE#         9
  C:1634H         LINE#         27
  C:167EH         LINE#         30
  C:169FH         LINE#         31
  C:17E6H         LINE#         34
  C:1832H         LINE#         36
  C:1851H         LINE#         37
  C:1851H         LINE#         42
  C:1851H         LINE#         46
  C:1883H         LINE#         47
  C:18ADH         LINE#         48
  C:18D7H         LINE#         49
  C:1984H         LINE#         52
  C:19E5H         LINE#         54
  C:19E5H         LINE#         59
  C:19E5H         LINE#         61
  C:19FCH         LINE#         62
  C:1A24H         LINE#         63
  C:1A3BH         LINE#         64
  C:1A66H         LINE#         65
  C:1A9DH         LINE#         66
  C:1AC8H         LINE#         67
  C:1AC8H         LINE#         70
  C:1AC8H         LINE#         79
  C:1B03H         LINE#         82
  C:1B3DH         LINE#         84
  C:1B62H         LINE#         85
  C:1B81H         LINE#         86
  C:1B98H         LINE#         87
  C:1BAFH         LINE#         88
  C:1BC6H         LINE#         89
  C:1C4FH         LINE#         91
  C:1C69H         LINE#         92
  C:1CCBH         LINE#         93
  C:1D01H         LINE#         94
  C:1D13H         LINE#         95
  C:1D40H         LINE#         96
  C:1D6DH         LINE#         98
  C:1D8FH         LINE#         100
  C:1DC7H         LINE#         103
  C:1DC7H         LINE#         104
  C:1DD5H         LINE#         105
  -------         ENDPROC       SUNPOS
  -------         ENDMOD        SUNPOS

  -------         MODULE        ADC
  C:0000H         SYMBOL        _ICE_DUMMY_
  D:0092H         PUBLIC        P1M0
  D:0091H         PUBLIC        P1M1
  D:0080H         PUBLIC        P0
BL51 BANKED LINKER/LOCATER V6.22                                                      05/24/2019  12:17:29  PAGE 34


  D:0090H         PUBLIC        P1
  D:00A0H         PUBLIC        P2
  D:00B0H         PUBLIC        P3
  D:00C0H         PUBLIC        P4
  D:00C8H         PUBLIC        P5
  D:00E8H         PUBLIC        P6
  D:00F8H         PUBLIC        P7
  D:00A8H         PUBLIC        IE
  D:00BDH         PUBLIC        ADC_RES
  D:00B8H         PUBLIC        IP
  D:0097H         PUBLIC        CLK_DIV
  D:00D8H         PUBLIC        CCON
  D:00BCH         PUBLIC        ADC_CONTR
  D:0098H         PUBLIC        SCON
  D:0088H         PUBLIC        TCON
  B:00A0H.4       PUBLIC        P24
  B:00A0H.5       PUBLIC        P25
  B:00A0H.6       PUBLIC        P26
  C:5394H         PUBLIC        ADC_Init
  C:521BH         PUBLIC        _ADC_GetResult
  D:009DH         PUBLIC        P1ASF
  D:00BEH         PUBLIC        ADC_RESL
  D:00D0H         PUBLIC        PSW
  -------         PROC          ADC_INIT
  C:5394H         LINE#         7
  C:5394H         LINE#         8
  C:5394H         LINE#         10
  C:5396H         LINE#         11
  C:5398H         LINE#         12
  C:539AH         LINE#         13
  C:539DH         LINE#         14
  C:53A0H         LINE#         15
  C:53A3H         LINE#         16
  C:53A6H         LINE#         18
  C:53A8H         LINE#         19
  C:53AAH         LINE#         20
  C:53ADH         LINE#         24
  -------         ENDPROC       ADC_INIT
  -------         PROC          _ADC_GETRESULT
  D:0007H         SYMBOL        ch
  -------         DO            
  D:0006H         SYMBOL        ADC_Value_H
  D:0004H         SYMBOL        ADC_Value_L
  D:0006H         SYMBOL        ADC_Value
[...]
  C:45C0H         LINE#         101
  C:45C0H         LINE#         102
  C:45C2H         LINE#         104
  C:45C2H         LINE#         105
  C:45C2H         LINE#         106
  C:45C2H         LINE#         107
  C:45C5H         LINE#         108
  C:45C9H         LINE#         111
  C:45E8H         LINE#         113
  C:45EFH         LINE#         114
  C:45EFH         LINE#         115
  C:45F1H         LINE#         116
  C:45F4H         LINE#         117
  C:4610H         LINE#         118
  C:4610H         LINE#         119
  C:4612H         LINE#         120
  C:4614H         LINE#         122
  C:4614H         LINE#         123
BL51 BANKED LINKER/LOCATER V6.22                                                      05/24/2019  12:17:29  PAGE 45


  C:4616H         LINE#         125
  C:4616H         LINE#         126
  C:4616H         LINE#         127
  C:4616H         LINE#         128
  C:4619H         LINE#         129
  C:4632H         LINE#         131
  C:4651H         LINE#         133
  C:4658H         LINE#         134
  C:4658H         LINE#         135
  C:465AH         LINE#         136
  C:465DH         LINE#         137
  C:4664H         LINE#         138
  C:4664H         LINE#         139
  C:4666H         LINE#         140
  C:4668H         LINE#         142
  C:4668H         LINE#         143
  C:466AH         LINE#         145
  C:466AH         LINE#         146
  C:466AH         LINE#         147
  C:466AH         LINE#         148
  C:466DH         LINE#         149
  C:4674H         LINE#         151
  C:4693H         LINE#         153
  C:4695H         LINE#         154
  C:4698H         LINE#         155
  C:469FH         LINE#         157
  -------         ENDPROC       _AT25SF041_WRITE
  -------         PROC          _AT25SF041_READ
  D:0003H         SYMBOL        opcode
  X:05FAH         SYMBOL        addr
  -------         DO            
  X:05FEH         SYMBOL        dat
  X:05FFH         SYMBOL        i
  -------         ENDDO         
  C:448EH         LINE#         159
  C:4490H         LINE#         160
  C:4490H         LINE#         161
  C:4495H         LINE#         163
  C:4497H         LINE#         164
  C:449DH         LINE#         168
  C:44A2H         LINE#         169
  C:44A2H         LINE#         170
  C:44A4H         LINE#         171
  C:44A7H         LINE#         172
  C:44ABH         LINE#         173
  C:44ABH         LINE#         174
  C:44ADH         LINE#         175
  C:44AFH         LINE#         177
  C:44AFH         LINE#         178
  C:44B1H         LINE#         180
  C:44B1H         LINE#         181
  C:44B1H         LINE#         182
  C:44B1H         LINE#         183
  C:44B4H         LINE#         184
  C:44B8H         LINE#         187
  C:44D7H         LINE#         189
  C:44DEH         LINE#         190
BL51 BANKED LINKER/LOCATER V6.22                                                      05/24/2019  12:17:29  PAGE 46


  C:44DEH         LINE#         191
  C:44E0H         LINE#         192
  C:44E3H         LINE#         193
  C:44FFH         LINE#         194
  C:44FFH         LINE#         195
  C:4501H         LINE#         196
  C:4503H         LINE#         198
  C:4503H         LINE#         199
  C:4505H         LINE#         201
  C:4505H         LINE#         202
  C:4505H         LINE#         203
  C:4505H         LINE#         204
  C:4508H         LINE#         205
  C:4521H         LINE#         207
  C:4540H         LINE#         210
  C:4547H         LINE#         212
  C:4549H         LINE#         213
  C:4550H         LINE#         215
  C:4557H         LINE#         216
  C:4557H         LINE#         217
  C:455EH         LINE#         218
  C:455EH         LINE#         219
  C:4561H         LINE#         220
  C:4563H         LINE#         221
  C:4566H         LINE#         223
  C:4569H         LINE#         224
  C:4569H         LINE#         226
  C:456DH         LINE#         227
  C:456DH         LINE#         233
  C:458CH         LINE#         236
  C:458EH         LINE#         237
  C:4591H         LINE#         238
  C:4598H         LINE#         240
  C:459DH         LINE#         242
  -------         ENDPROC       _AT25SF041_READ
  -------         PROC          UCREAD_STATUS_REGISTER_BYTE1
  -------         DO            
  D:0003H         SYMBOL        dat
  D:0001H         SYMBOL        opcode
  X:04DBH         SYMBOL        count
  X:04DCH         SYMBOL        i
  -------         ENDDO         
  C:4A6CH         LINE#         246
  C:4A6CH         LINE#         247
  C:4A6CH         LINE#         248
  C:4A72H         LINE#         249
  C:4A76H         LINE#         250
  C:4A78H         LINE#         251
  C:4A7AH         LINE#         252
  C:4A80H         LINE#         256
  C:4A87H         LINE#         257
  C:4A87H         LINE#         258
  C:4A89H         LINE#         259
  C:4A8CH         LINE#         260
  C:4A90H         LINE#         261
  C:4A90H         LINE#         262
  C:4A92H         LINE#         263
BL51 BANKED LINKER/LOCATER V6.22                                                      05/24/2019  12:17:29  PAGE 47


  C:4A94H         LINE#         265
  C:4A94H         LINE#         266
  C:4A96H         LINE#         268
  C:4A96H         LINE#         269
  C:4A96H         LINE#         270
  C:4A96H         LINE#         271
  C:4A99H         LINE#         272
  C:4A9DH         LINE#         275
  C:4ABCH         LINE#         279
  C:4AC3H         LINE#         281
  C:4AC5H         LINE#         282
  C:4ACCH         LINE#         283
  C:4AD3H         LINE#         284
  C:4AD3H         LINE#         285
  C:4AD7H         LINE#         286
  C:4AD7H         LINE#         287
  C:4ADAH         LINE#         288
  C:4ADCH         LINE#         289
  C:4ADFH         LINE#         291
  C:4AE2H         LINE#         292
  C:4AE2H         LINE#         294
  C:4AE6H         LINE#         295
  C:4AE6H         LINE#         297
  C:4B05H         LINE#         301
  C:4B07H         LINE#         302
  C:4B0AH         LINE#         303
  C:4B0CH         LINE#         304
  -------         ENDPROC       UCREAD_STATUS_REGISTER_BYTE1
  -------         PROC          SPI_NOR_WRITE_DATA
  X:03F4H         SYMBOL        dat
  X:03FFH         SYMBOL        addr
  C:3C77H         LINE#         306
  C:3C77H         LINE#         307
  C:3C77H         LINE#         309
  C:3C7AH         LINE#         311
  C:3C94H         LINE#         312
  C:3CB2H         LINE#         314
  C:3CB9H         LINE#         315
  C:3CBCH         LINE#         317
  C:3CD6H         LINE#         318
  C:3CD6H         LINE#         319
  C:3CD6H         LINE#         322
  C:3CD9H         LINE#         324
  C:3CF3H         LINE#         325
  C:3CF3H         LINE#         326
  C:3CF3H         LINE#         328
  C:3CF6H         LINE#         330
  C:3D10H         LINE#         331
  C:3D10H         LINE#         332
  C:3D10H         LINE#         334
  C:3D13H         LINE#         336
  C:3D2DH         LINE#         337
  C:3D2DH         LINE#         338
  C:3D2DH         LINE#         340
  C:3D30H         LINE#         342
  C:3D4AH         LINE#         343
  C:3D4AH         LINE#         344
BL51 BANKED LINKER/LOCATER V6.22                                                      05/24/2019  12:17:29  PAGE 48


  C:3D4AH         LINE#         346
  C:3D4DH         LINE#         348
  C:3D67H         LINE#         349
  C:3D67H         LINE#         350
  C:3D67H         LINE#         352
  C:3D6AH         LINE#         354
  C:3D84H         LINE#         355
  C:3D84H         LINE#         356
  C:3D84H         LINE#         358
  C:3D87H         LINE#         360
  C:3DA1H         LINE#         361
  C:3DA1H         LINE#         362
  C:3DA1H         LINE#         364
  C:3DA4H         LINE#         366
  C:3DBEH         LINE#         367
  C:3DBEH         LINE#         368
  C:3DBEH         LINE#         370
  C:3DC1H         LINE#         372
  C:3DDBH         LINE#         373
  C:3DE2H         LINE#         374
  -------         ENDPROC       SPI_NOR_WRITE_DATA
  -------         ENDMOD        AT25SF041

  -------         MODULE        SI1120
  C:0000H         SYMBOL        _ICE_DUMMY_
  D:0080H         PUBLIC        P0
  D:00B2H         PUBLIC        P3M0
  D:0090H         PUBLIC        P1
  D:00B1H         PUBLIC        P3M1
  D:00A0H         PUBLIC        P2
  D:00B0H         PUBLIC        P3
  D:00C0H         PUBLIC        P4
  D:00C8H         PUBLIC        P5
  B:00A8H.7       PUBLIC        EA
  D:00E8H         PUBLIC        P6
  D:00F8H         PUBLIC        P7
  D:00A8H         PUBLIC        IE
  D:00B8H         PUBLIC        IP
  C:5194H         PUBLIC        SI1120_CONFIG_MODE_VIRH
  D:00D8H         PUBLIC        CCON
  D:0098H         PUBLIC        SCON
  D:0088H         PUBLIC        TCON
  C:5483H         PUBLIC        Enable_EXTINT0
  B:0090H.5       PUBLIC        SI1120_STX
  B:0088H.0       PUBLIC        IT0
  B:00A8H.0       PUBLIC        EX0
  B:0090H.4       PUBLIC        SI1120_MD
  B:0090H.6       PUBLIC        SI1120_SC
  D:00D0H         PUBLIC        PSW
  -------         PROC          SI1120_CONFIG_MODE_VIRH
  C:5194H         LINE#         4
  C:5194H         LINE#         5
  C:5194H         LINE#         6
  C:5196H         LINE#         7
  C:5198H         LINE#         8
  C:519AH         LINE#         10
  C:51A1H         LINE#         11
BL51 BANKED LINKER/LOCATER V6.22                                                      05/24/2019  12:17:29  PAGE 49


  C:51A3H         LINE#         13
  C:51A5H         LINE#         14
  C:51A7H         LINE#         16
  C:51AEH         LINE#         18
  C:51B0H         LINE#         20
  C:51B7H         LINE#         23
  C:51B9H         LINE#         25
  C:51BBH         LINE#         27
  C:51C2H         LINE#         29
  C:51C4H         LINE#         31
  -------         ENDPROC       SI1120_CONFIG_MODE_VIRH
  -------         PROC          ENABLE_EXTINT0
  C:5483H         LINE#         33
  C:5483H         LINE#         34
  C:5483H         LINE#         35
  C:5486H         LINE#         36
  C:5489H         LINE#         37
  C:548BH         LINE#         38
  C:548DH         LINE#         39
  C:548FH         LINE#         40
  -------         ENDPROC       ENABLE_EXTINT0
  -------         ENDMOD        SI1120

  -------         MODULE        ?C_STARTUP
  C:4CE0H         SEGMENT       ?C_C51STARTUP
  I:0021H         SEGMENT       ?STACK
  C:0000H         PUBLIC        ?C_STARTUP
  D:00E0H         SYMBOL        ACC
  D:00F0H         SYMBOL        B
  D:0083H         SYMBOL        DPH
  D:0082H         SYMBOL        DPL
  N:0000H         SYMBOL        IBPSTACK
  N:0100H         SYMBOL        IBPSTACKTOP
  N:0080H         SYMBOL        IDATALEN
  C:4CE3H         SYMBOL        IDATALOOP
  N:0000H         SYMBOL        PBPSTACK
  N:0100H         SYMBOL        PBPSTACKTOP
  N:0000H         SYMBOL        PDATALEN
  N:0000H         SYMBOL        PDATASTART
  N:0000H         SYMBOL        PPAGE
  N:0000H         SYMBOL        PPAGEENABLE
  D:00A0H         SYMBOL        PPAGE_SFR
  D:0081H         SYMBOL        SP
  C:4CE0H         SYMBOL        STARTUP1
  N:0000H         SYMBOL        XBPSTACK
  N:0000H         SYMBOL        XBPSTACKTOP
  N:0000H         SYMBOL        XDATALEN
  N:0000H         SYMBOL        XDATASTART
  C:0000H         LINE#         126
  C:4CE0H         LINE#         133
  C:4CE2H         LINE#         134
  C:4CE3H         LINE#         135
  C:4CE4H         LINE#         136
  C:4CE6H         LINE#         185
  C:4CE9H         LINE#         196
  -------         ENDMOD        ?C_STARTUP

BL51 BANKED LINKER/LOCATER V6.22                                                      05/24/2019  12:17:29  PAGE 50


  -------         MODULE        ?C?FPADD
  C:0C97H         PUBLIC        ?C?FPADD
  C:0C93H         PUBLIC        ?C?FPSUB
  -------         ENDMOD        ?C?FPADD

  -------         MODULE        ?C?FPMUL
  C:0D88H         PUBLIC        ?C?FPMUL
  -------         ENDMOD        ?C?FPMUL

  -------         MODULE        ?C?FPDIV
  C:0E91H         PUBLIC        ?C?FPDIV
  -------         ENDMOD        ?C?FPDIV

  -------         MODULE        ?C?FPCMP
  C:0F30H         PUBLIC        ?C?FPCMP
  C:0F2EH         PUBLIC        ?C?FPCMP3
  -------         ENDMOD        ?C?FPCMP

  -------         MODULE        ?C?FPNEG
  C:0FA7H         PUBLIC        ?C?FPNEG
  -------         ENDMOD        ?C?FPNEG

  -------         MODULE        ?C?FCAST
  C:0FC2H         PUBLIC        ?C?FCASTC
  C:0FBDH         PUBLIC        ?C?FCASTI
  C:0FB8H         PUBLIC        ?C?FCASTL
  -------         ENDMOD        ?C?FCAST

  -------         MODULE        ?C?CASTF
  C:0FF6H         PUBLIC        ?C?CASTF
  -------         ENDMOD        ?C?CASTF

  -------         MODULE        ATAN2
  X:049BH         PUBLIC        ?_atan2?BYTE
  C:4B0DH         PUBLIC        _atan2
  -------         ENDMOD        ATAN2

  -------         MODULE        SIN
  C:3E48H         PUBLIC        _COS
  C:3E5EH         PUBLIC        _SIN
  C:3E9AH         PUBLIC        _TAN
  -------         ENDMOD        SIN

  -------         MODULE        ACOS
  C:504BH         PUBLIC        _ACOS
  -------         ENDMOD        ACOS

  -------         MODULE        ASIN
  C:5159H         PUBLIC        _ASIN
  -------         ENDMOD        ASIN

  -------         MODULE        POW
  X:03BCH         PUBLIC        ?_pow?BYTE
  C:3F88H         PUBLIC        _pow
  -------         ENDMOD        POW

  -------         MODULE        ?C?CHKFLOAT
BL51 BANKED LINKER/LOCATER V6.22                                                      05/24/2019  12:17:29  PAGE 51


  C:1077H         PUBLIC        ?C?CHKFLOAT
  -------         ENDMOD        ?C?CHKFLOAT

  -------         MODULE        EXP
  C:4C7EH         PUBLIC        _EXP
  -------         ENDMOD        EXP

  -------         MODULE        LOG
  C:4277H         PUBLIC        _LOG
  C:4273H         PUBLIC        _LOG10
  -------         ENDMOD        LOG

  -------         MODULE        SQRT
  C:49C4H         PUBLIC        _SQRT
  -------         ENDMOD        SQRT

  -------         MODULE        ATAN
  C:438CH         PUBLIC        _ATAN
  -------         ENDMOD        ATAN

  -------         MODULE        ?C?COPY
  C:11AEH         PUBLIC        ?C?COPY
  -------         ENDMOD        ?C?COPY

  -------         MODULE        ?C?CLDPTR
  C:11D4H         PUBLIC        ?C?CLDPTR
  -------         ENDMOD        ?C?CLDPTR

  -------         MODULE        ?C?CLDOPTR
  C:11EDH         PUBLIC        ?C?CLDOPTR
  -------         ENDMOD        ?C?CLDOPTR

  -------         MODULE        ?C?CSTPTR
  C:121AH         PUBLIC        ?C?CSTPTR
  -------         ENDMOD        ?C?CSTPTR

  -------         MODULE        ?C?IMUL
  C:122CH         PUBLIC        ?C?IMUL
  -------         ENDMOD        ?C?IMUL

  -------         MODULE        ?C?UIDIV
  C:123EH         PUBLIC        ?C?UIDIV
  -------         ENDMOD        ?C?UIDIV

  -------         MODULE        ?C?SIDIV
  C:1293H         PUBLIC        ?C?SIDIV
  -------         ENDMOD        ?C?SIDIV

  -------         MODULE        ?C?ILDOPTR
  C:12C9H         PUBLIC        ?C?ILDOPTR
  -------         ENDMOD        ?C?ILDOPTR

  -------         MODULE        ?C?ISTPTR
  C:1301H         PUBLIC        ?C?ISTPTR
  -------         ENDMOD        ?C?ISTPTR

  -------         MODULE        ?C?LMUL
BL51 BANKED LINKER/LOCATER V6.22                                                      05/24/2019  12:17:29  PAGE 52


  C:1320H         PUBLIC        ?C?LMUL
  -------         ENDMOD        ?C?LMUL

  -------         MODULE        ?C?SLDIV
  C:5095H         PUBLIC        ?C?SLDIV
  -------         ENDMOD        ?C?SLDIV

  -------         MODULE        ?C?LNEG
  C:136FH         PUBLIC        ?C?LNEG
  -------         ENDMOD        ?C?LNEG

  -------         MODULE        ?C?ULCMP
  C:137DH         PUBLIC        ?C?ULCMP
  -------         ENDMOD        ?C?ULCMP

  -------         MODULE        ?C?LSHL
  C:138EH         PUBLIC        ?C?LSHL
  -------         ENDMOD        ?C?LSHL

  -------         MODULE        ?C?LLDPTR
  C:13A1H         PUBLIC        ?C?LLDPTR
  -------         ENDMOD        ?C?LLDPTR

  -------         MODULE        ?C?LLDOPTR
  C:13C1H         PUBLIC        ?C?LLDOPTR
  -------         ENDMOD        ?C?LLDOPTR

  -------         MODULE        ?C?LSTPTR
  C:13F1H         PUBLIC        ?C?LSTPTR
  -------         ENDMOD        ?C?LSTPTR

  -------         MODULE        ?C?LSTOPTR
  C:140BH         PUBLIC        ?C?LSTOPTR
  -------         ENDMOD        ?C?LSTOPTR

  -------         MODULE        ?C?LLDXDATA
  C:142FH         PUBLIC        ?C?LLDXDATA
  -------         ENDMOD        ?C?LLDXDATA

  -------         MODULE        ?C?LLDCODE
  C:143BH         PUBLIC        ?C?LLDCODE
  -------         ENDMOD        ?C?LLDCODE

  -------         MODULE        ?C?LLDXDATA0
  C:144BH         PUBLIC        ?C?LLDXDATA0
  -------         ENDMOD        ?C?LLDXDATA0

  -------         MODULE        ?C?LLDCODE0
  C:1457H         PUBLIC        ?C?LLDCODE0
  -------         ENDMOD        ?C?LLDCODE0

  -------         MODULE        ?C?LLDPTR0
  C:1467H         PUBLIC        ?C?LLDPTR0
  -------         ENDMOD        ?C?LLDPTR0

  -------         MODULE        ?C?LSTXDATA
  C:1487H         PUBLIC        ?C?LSTXDATA
BL51 BANKED LINKER/LOCATER V6.22                                                      05/24/2019  12:17:29  PAGE 53


  -------         ENDMOD        ?C?LSTXDATA

  -------         MODULE        ?C?LSTKXDATA
  C:1493H         PUBLIC        ?C?LSTKXDATA
  -------         ENDMOD        ?C?LSTKXDATA

  -------         MODULE        ?C?LSTKPTR
  C:14C4H         PUBLIC        ?C?LSTKPTR
  -------         ENDMOD        ?C?LSTKPTR

  -------         MODULE        ?C?OFFXADD
  C:14DEH         PUBLIC        ?C?OFFXADD
  -------         ENDMOD        ?C?OFFXADD

  -------         MODULE        ?C?ULDIV
  C:1526H         PUBLIC        ?C?ULDIV
  -------         ENDMOD        ?C?ULDIV

  -------         MODULE        ?C?LLDIDATA
  C:15B8H         PUBLIC        ?C?LLDIDATA
  -------         ENDMOD        ?C?LLDIDATA

  -------         MODULE        ?C?LLDPDATA
  C:15C4H         PUBLIC        ?C?LLDPDATA
  -------         ENDMOD        ?C?LLDPDATA

  -------         MODULE        ?C?LLDIDATA0
  C:15D0H         PUBLIC        ?C?LLDIDATA0
  -------         ENDMOD        ?C?LLDIDATA0

  -------         MODULE        ?C?LLDPDATA0
  C:15DDH         PUBLIC        ?C?LLDPDATA0
  -------         ENDMOD        ?C?LLDPDATA0

  -------         MODULE        ?C?LSTIDATA
  C:15EAH         PUBLIC        ?C?LSTIDATA
  -------         ENDMOD        ?C?LSTIDATA

  -------         MODULE        ?C?LSTPDATA
  C:15F6H         PUBLIC        ?C?LSTPDATA
  -------         ENDMOD        ?C?LSTPDATA

  -------         MODULE        ?C?LSTKIDATA
  C:1602H         PUBLIC        ?C?LSTKIDATA
  -------         ENDMOD        ?C?LSTKIDATA

  -------         MODULE        ?C?LSTKPDATA
  C:161BH         PUBLIC        ?C?LSTKPDATA
  -------         ENDMOD        ?C?LSTKPDATA

*** WARNING L16: UNCALLED SEGMENT, IGNORED FOR OVERLAY PROCESS
    SEGMENT: ?PR?_DAY_OF_YEAR?PCF85063BTL

*** WARNING L16: UNCALLED SEGMENT, IGNORED FOR OVERLAY PROCESS
    SEGMENT: ?PR?NOP?IOEXPANDER_PI4IOE5V96248

*** WARNING L16: UNCALLED SEGMENT, IGNORED FOR OVERLAY PROCESS
BL51 BANKED LINKER/LOCATER V6.22                                                      05/24/2019  12:17:29  PAGE 54


    SEGMENT: ?PR?UC_ACK?IOEXPANDER_PI4IOE5V96248

*** WARNING L16: UNCALLED SEGMENT, IGNORED FOR OVERLAY PROCESS
    SEGMENT: ?PR?UC_NACK?IOEXPANDER_PI4IOE5V96248

*** WARNING L16: UNCALLED SEGMENT, IGNORED FOR OVERLAY PROCESS
    SEGMENT: ?PR?_AT25SF041_READ?AT25SF041

Program Size: data=9.5 xdata=1539 code=21691
LINK/LOCATE RUN COMPLETE.  5 WARNING(S),  0 ERROR(S)
