BL51 BANKED LINKER/LOCATER V6.22                                                        08/28/2019  16:24:09  PAGE 1


BL51 BANKED LINKER/LOCATER V6.22, INVOKED BY:
C:\KEIL_V5\C51\BIN\BL51.EXE .\Obj\main.obj, .\Obj\PCF85063BTL.obj, .\Obj\LCd_Driver_SPLC780D.obj, .\Obj\KeyPad.obj, .\Ob
>> j\BipolarMotor.obj, .\Obj\SunPos.obj, .\Obj\ADC.obj, .\Obj\Calibration.obj, .\Obj\IOExpander_PI4IOE5V96248.obj, .\Obj
>> \AT25SF041.obj, .\Obj\SI1120.obj, .\Obj\UART1.obj, .\Obj\STARTUP.obj TO .\Obj\GPIO_RTC_Test RTX51TINY PRINT (.\Lis\GP
>> IO_RTC_Test.m51) RAMSIZE (256)


MEMORY MODEL: LARGE WITH FLOATING POINT ARITHMETIC


INPUT MODULES INCLUDED:
  .\Obj\main.obj (MAIN)
  .\Obj\PCF85063BTL.obj (PCF85063BTL)
  .\Obj\LCd_Driver_SPLC780D.obj (LCD_DRIVER_SPLC780D)
  .\Obj\KeyPad.obj (KEYPAD)
  .\Obj\BipolarMotor.obj (BIPOLARMOTOR)
  .\Obj\SunPos.obj (SUNPOS)
  .\Obj\ADC.obj (ADC)
  .\Obj\Calibration.obj (CALIBRATION)
  .\Obj\IOExpander_PI4IOE5V96248.obj (IOEXPANDER_PI4IOE5V96248)
  .\Obj\AT25SF041.obj (AT25SF041)
  .\Obj\SI1120.obj (SI1120)
  .\Obj\UART1.obj (UART1)
  .\Obj\STARTUP.obj (?C_STARTUP)
  C:\KEIL_V5\C51\LIB\C51FPL.LIB (?C?FPADD)
  C:\KEIL_V5\C51\LIB\C51FPL.LIB (?C?FPMUL)
  C:\KEIL_V5\C51\LIB\C51FPL.LIB (?C?FPDIV)
  C:\KEIL_V5\C51\LIB\C51FPL.LIB (?C?FPCMP)
  C:\KEIL_V5\C51\LIB\C51FPL.LIB (?C?FPNEG)
  C:\KEIL_V5\C51\LIB\C51FPL.LIB (?C?FCAST)
  C:\KEIL_V5\C51\LIB\C51FPL.LIB (?C?CASTF)
  C:\KEIL_V5\C51\LIB\C51FPL.LIB (PRINTF)
  C:\KEIL_V5\C51\LIB\C51FPL.LIB (FABS)
  C:\KEIL_V5\C51\LIB\C51FPL.LIB (ATAN2)
  C:\KEIL_V5\C51\LIB\C51FPL.LIB (SIN)
  C:\KEIL_V5\C51\LIB\C51FPL.LIB (ACOS)
  C:\KEIL_V5\C51\LIB\C51FPL.LIB (ASIN)
  C:\KEIL_V5\C51\LIB\C51FPL.LIB (POW)
  C:\KEIL_V5\C51\LIB\C51FPL.LIB (?C?FPGETOPN)
  C:\KEIL_V5\C51\LIB\C51FPL.LIB (?C?CHKFLOAT)
  C:\KEIL_V5\C51\LIB\C51FPL.LIB (?C?FPROUND)
  C:\KEIL_V5\C51\LIB\C51FPL.LIB (?C?FPCONVERT)
  C:\KEIL_V5\C51\LIB\C51FPL.LIB (?C?FPSERIES)
  C:\KEIL_V5\C51\LIB\C51FPL.LIB (EXP)
  C:\KEIL_V5\C51\LIB\C51FPL.LIB (LOG)
  C:\KEIL_V5\C51\LIB\C51FPL.LIB (SQRT)
  C:\KEIL_V5\C51\LIB\C51FPL.LIB (ATAN)
  C:\KEIL_V5\C51\LIB\C51FPL.LIB (?C?FTNPWR)
  C:\KEIL_V5\C51\LIB\C51L.LIB (?C_INIT)
  C:\KEIL_V5\C51\LIB\C51L.LIB (?C?COPY)
  C:\KEIL_V5\C51\LIB\C51L.LIB (?C?CLDPTR)
  C:\KEIL_V5\C51\LIB\C51L.LIB (?C?CLDOPTR)
  C:\KEIL_V5\C51\LIB\C51L.LIB (?C?CSTPTR)
  C:\KEIL_V5\C51\LIB\C51L.LIB (?C?IMUL)
  C:\KEIL_V5\C51\LIB\C51L.LIB (?C?UIDIV)
  C:\KEIL_V5\C51\LIB\C51L.LIB (?C?SIDIV)
  C:\KEIL_V5\C51\LIB\C51L.LIB (?C?ILDIX)
  C:\KEIL_V5\C51\LIB\C51L.LIB (?C?ILDOPTR)
BL51 BANKED LINKER/LOCATER V6.22                                                      08/28/2019  16:24:09  PAGE 2


  C:\KEIL_V5\C51\LIB\C51L.LIB (?C?ISTPTR)
  C:\KEIL_V5\C51\LIB\C51L.LIB (?C?LMUL)
  C:\KEIL_V5\C51\LIB\C51L.LIB (?C?SLDIV)
  C:\KEIL_V5\C51\LIB\C51L.LIB (?C?LNEG)
  C:\KEIL_V5\C51\LIB\C51L.LIB (?C?ULCMP)
  C:\KEIL_V5\C51\LIB\C51L.LIB (?C?LSHL)
  C:\KEIL_V5\C51\LIB\C51L.LIB (?C?LLDPTR)
  C:\KEIL_V5\C51\LIB\C51L.LIB (?C?LLDOPTR)
  C:\KEIL_V5\C51\LIB\C51L.LIB (?C?LSTPTR)
  C:\KEIL_V5\C51\LIB\C51L.LIB (?C?LSTOPTR)
  C:\KEIL_V5\C51\LIB\C51L.LIB (?C?LLDXDATA)
  C:\KEIL_V5\C51\LIB\C51L.LIB (?C?LLDCODE)
  C:\KEIL_V5\C51\LIB\C51L.LIB (?C?LLDXDATA0)
  C:\KEIL_V5\C51\LIB\C51L.LIB (?C?LLDCODE0)
  C:\KEIL_V5\C51\LIB\C51L.LIB (?C?LLDPTR0)
  C:\KEIL_V5\C51\LIB\C51L.LIB (?C?LSTXDATA)
  C:\KEIL_V5\C51\LIB\C51L.LIB (?C?LSTKXDATA)
  C:\KEIL_V5\C51\LIB\C51L.LIB (?C?LSTKPTR)
  C:\KEIL_V5\C51\LIB\C51L.LIB (?C?OFFXADD)
  C:\KEIL_V5\C51\LIB\C51L.LIB (?C?PLDIXDATA)
  C:\KEIL_V5\C51\LIB\C51L.LIB (?C?PSTXDATA)
  C:\KEIL_V5\C51\LIB\C51L.LIB (?C?CCASE)
  C:\KEIL_V5\C51\LIB\C51L.LIB (PUTCHAR)
  C:\KEIL_V5\C51\LIB\C51L.LIB (ABS)
  C:\KEIL_V5\C51\LIB\C51L.LIB (ATOI)
  C:\KEIL_V5\C51\LIB\C51L.LIB (?C?IILDX)
  C:\KEIL_V5\C51\LIB\C51L.LIB (?C?ULDIV)
  C:\KEIL_V5\C51\LIB\C51L.LIB (?C?LLDIDATA)
  C:\KEIL_V5\C51\LIB\C51L.LIB (?C?LLDPDATA)
  C:\KEIL_V5\C51\LIB\C51L.LIB (?C?LLDIDATA0)
  C:\KEIL_V5\C51\LIB\C51L.LIB (?C?LLDPDATA0)
  C:\KEIL_V5\C51\LIB\C51L.LIB (?C?LSTIDATA)
  C:\KEIL_V5\C51\LIB\C51L.LIB (?C?LSTPDATA)
  C:\KEIL_V5\C51\LIB\C51L.LIB (?C?LSTKIDATA)
  C:\KEIL_V5\C51\LIB\C51L.LIB (?C?LSTKPDATA)
  C:\KEIL_V5\C51\LIB\C51L.LIB (ISDIGIT)
  C:\KEIL_V5\C51\LIB\C51L.LIB (ISSPACE)


LINK MAP OF MODULE:  .\Obj\GPIO_RTC_Test (MAIN)


            TYPE    BASE      LENGTH    RELOCATION   SEGMENT NAME
            -----------------------------------------------------

            * * * * * * *   D A T A   M E M O R Y   * * * * * * *
            REG     0000H     0008H     ABSOLUTE     "REG BANK 0"
            DATA    0008H     0005H     UNIT         _DATA_GROUP_
                    000DH     0013H                  *** GAP ***
            BIT     0020H.0   0001H.2   UNIT         _BIT_GROUP_
            BIT     0021H.2   0000H.1   UNIT         ?BI?MAIN
            BIT     0021H.3   0000H.1   UNIT         ?BI?_ATOI?ATOI
                    0021H.4   0000H.4                *** GAP ***
            IDATA   0022H     0001H     UNIT         ?STACK

            * * * * * * *  X D A T A   M E M O R Y  * * * * * * *
            XDATA   0000H     03BCH     UNIT         ?XD?BIPOLARMOTOR
BL51 BANKED LINKER/LOCATER V6.22                                                      08/28/2019  16:24:09  PAGE 3


            XDATA   03BCH     0171H     UNIT         _XDATA_GROUP_
            XDATA   052DH     011DH     UNIT         ?XD?MAIN
            XDATA   064AH     0019H     UNIT         ?XD?KEYPAD
            XDATA   0663H     0005H     UNIT         ?XD?_ATOI?ATOI
            XDATA   0668H     0001H     UNIT         ?XD?UC_ACK?IOEXPANDER_PI4IOE5V96248
            XDATA   0669H     0001H     UNIT         ?XD?UC_NACK?IOEXPANDER_PI4IOE5V96248

            * * * * * * *   C O D E   M E M O R Y   * * * * * * *
            CODE    0000H     0003H     ABSOLUTE     
            CODE    0003H     0003H     ABSOLUTE     
            CODE    0006H     0005H     UNIT         ?PR?_UNIT?UART1
            CODE    000BH     0003H     ABSOLUTE     
            CODE    000EH     000DH     UNIT         ?PR?UART?MAIN
            CODE    001BH     0003H     ABSOLUTE     
            CODE    001EH     0005H     UNIT         ?PR?_ASCII_LETTER?UART1
            CODE    0023H     0003H     ABSOLUTE     
            CODE    0026H     246AH     UNIT         ?PR?MAIN?MAIN
            CODE    2490H     0BC8H     UNIT         ?C?LIB_CODE
            CODE    3058H     07F7H     UNIT         ?PR?_FIND_REAL_MAX?CALIBRATION
            CODE    384FH     07A2H     UNIT         ?PR?SUNPOS?SUNPOS
            CODE    3FF1H     0645H     UNIT         ?PR?_UPDATE_POSITION?BIPOLARMOTOR
            CODE    4636H     04FBH     UNIT         ?PR?_THEORICALJP_POSITION?BIPOLARMOTOR
            CODE    4B31H     0483H     UNIT         ?PR?PRINTF?PRINTF
            CODE    4FB4H     044AH     UNIT         ?PR?_AZIMUTH_CALCULATION?BIPOLARMOTOR
            CODE    53FEH     041AH     UNIT         ?C_INITSEG
            CODE    5818H     038CH     UNIT         ?PR?KEY_PROCESS?KEYPAD
            CODE    5BA4H     036DH     UNIT         ?PR?_ELEVATION_CALCULATION?BIPOLARMOTOR
            CODE    5F11H     01C7H     UNIT         ?PR?_CALIBRATION?CALIBRATION
            CODE    60D8H     018DH     UNIT         ?PR?KEY_SCAN?KEYPAD
            CODE    6265H     0189H     UNIT         ?PR?SPI_NOR_WRITE_DATA?AT25SF041
            CODE    63EEH     0188H     UNIT         ?PR?SIN?SIN
            CODE    6576H     0166H     UNIT         ?PR?_POW?POW
            CODE    66DCH     0155H     UNIT         ?PR?_DISPLAY_POS?LCD_DRIVER_SPLC780D
            CODE    6831H     0129H     UNIT         ?PR?LOG?LOG
            CODE    695AH     0122H     UNIT         ?PR?ATAN?ATAN
            CODE    6A7CH     0110H     UNIT         ?PR?_AT25SF041_READ?AT25SF041
            CODE    6B8CH     0102H     UNIT         ?PR?_AT25SF041_WRITE?AT25SF041
            CODE    6C8EH     00F5H     UNIT         ?PR?EXINT0?MAIN
            CODE    6D83H     00DBH     UNIT         ?PR?_ATOI?ATOI
            CODE    6E5EH     00C3H     UNIT         ?PR?LINEAR_INTERPOLATE?BIPOLARMOTOR
            CODE    6F21H     00BBH     UNIT         ?PR?VOLTAGE_IS_STABLE?CALIBRATION
            CODE    6FDCH     00ADH     UNIT         ?PR?_WRITE_PI4IOE5V96248?IOEXPANDER_PI4IOE5V96248
            CODE    7089H     00ACH     UNIT         ?PR?SQRT?SQRT
            CODE    7135H     00A1H     UNIT         ?PR?UCREAD_STATUS_REGISTER_BYTE1?AT25SF041
            CODE    71D6H     009DH     UNIT         ?PR?_ATAN2?ATAN2
            CODE    7273H     009CH     UNIT         ?PR?_MAX_VALUE?CALIBRATION
            CODE    730FH     009AH     UNIT         ?PR?EXP?EXP
            CODE    73A9H     008CH     UNIT         ?C_C51STARTUP
            CODE    7435H     0088H     UNIT         ?PR?_DAY_OF_YEAR?PCF85063BTL
            CODE    74BDH     0079H     UNIT         ?PR?_WRITEDATA?LCD_DRIVER_SPLC780D
            CODE    7536H     0072H     UNIT         ?PR?AT25SF041_WRITEENABLE?AT25SF041
            CODE    75A8H     006FH     UNIT         ?PR?_READ_TIME?PCF85063BTL
            CODE    7617H     005AH     UNIT         ?PR?AT25SF041_CHIPERASE?AT25SF041
            CODE    7671H     0059H     UNIT         ?PR?LCD_INIT?LCD_DRIVER_SPLC780D
            CODE    76CAH     0056H     UNIT         ?CO?MAIN
            CODE    7720H     004BH     UNIT         ?CO?UART1
            CODE    776BH     004AH     UNIT         ?PR?VONESTEPMOVE?BIPOLARMOTOR
BL51 BANKED LINKER/LOCATER V6.22                                                      08/28/2019  16:24:09  PAGE 4


            CODE    77B5H     004AH     UNIT         ?PR?ACOS?ACOS
            CODE    77FFH     0044H     UNIT         ?C?LDIV
            CODE    7843H     0040H     UNIT         ?PR?_COMMAND?LCD_DRIVER_SPLC780D
            CODE    7883H     0040H     UNIT         ?PR?_STEP_MOVE?BIPOLARMOTOR
            CODE    78C3H     003BH     UNIT         ?PR?ASIN?ASIN
            CODE    78FEH     0033H     UNIT         ?PR?_SENDSTRING?UART1
            CODE    7931H     0031H     UNIT         ?PR?SI1120_CONFIG_MODE_VIRH?SI1120
            CODE    7962H     002BH     UNIT         ?PR?_WAIT_MS_I2C?IOEXPANDER_PI4IOE5V96248
            CODE    798DH     002BH     UNIT         ?PR?_WAIT_MS_SPINOR?AT25SF041
            CODE    79B8H     002AH     UNIT         ?PR?_ADC_GETRESULT?ADC
            CODE    79E2H     0028H     UNIT         ?PR?_BCDTODEC1?BIPOLARMOTOR
            CODE    7A0AH     0028H     UNIT         ?PR?_MOVE?BIPOLARMOTOR
            CODE    7A32H     0028H     UNIT         ?CO?CALIBRATION
            CODE    7A5AH     0027H     UNIT         ?PR?_I2C_SENDBYTE?IOEXPANDER_PI4IOE5V96248
            CODE    7A81H     0027H     UNIT         ?PR?PUTCHAR?PUTCHAR
            CODE    7AA8H     0025H     UNIT         ?PR?_FINDCLOSESTSAMEDAYCALIBTIME?CALIBRATION
            CODE    7ACDH     0024H     UNIT         ?PR?_WAIT_MS?LCD_DRIVER_SPLC780D
            CODE    7AF1H     0024H     UNIT         ?PR?_UART1_SENDTOTCPSERVER?UART1
            CODE    7B15H     0021H     UNIT         ?PR?TM0_ISR?MAIN
            CODE    7B36H     0020H     UNIT         ?PR?_SPI_SENDBYTE?PCF85063BTL
            CODE    7B56H     0020H     UNIT         ?PR?SPI_RECEIVEBYTE?PCF85063BTL
            CODE    7B76H     001EH     UNIT         ?PR?_DELAY_MS?KEYPAD
            CODE    7B94H     001DH     UNIT         ?PR?_DISPLAYLCD?LCD_DRIVER_SPLC780D
            CODE    7BB1H     001AH     UNIT         ?PR?ADC_INIT?ADC
            CODE    7BCBH     0018H     UNIT         ?PR?_SPI_WRITETIME?PCF85063BTL
            CODE    7BE3H     0017H     UNIT         ?PR?_ASCIITOBCD?UART1
            CODE    7BFAH     0016H     UNIT         ?PR?I2C_ACK?IOEXPANDER_PI4IOE5V96248
            CODE    7C10H     0015H     UNIT         ?PR?_DISPLAY_LINE?LCD_DRIVER_SPLC780D
            CODE    7C25H     0015H     UNIT         ?PR?VSETLOCATION?BIPOLARMOTOR
            CODE    7C3AH     0015H     UNIT         ?PR?I2C_STOP?IOEXPANDER_PI4IOE5V96248
            CODE    7C4FH     0014H     UNIT         ?PR?_PCF85063BTL_DELAY?PCF85063BTL
            CODE    7C63H     0014H     UNIT         ?PR?_ISSPACE?ISSPACE
            CODE    7C77H     0011H     UNIT         ?PR?_SPI_READTIME?PCF85063BTL
            CODE    7C88H     0011H     UNIT         ?PR?_BCDTODEC?PCF85063BTL
            CODE    7C99H     0011H     UNIT         ?PR?INITUART1?UART1
            CODE    7CAAH     000FH     UNIT         ?PR?I2C_START?IOEXPANDER_PI4IOE5V96248
            CODE    7CB9H     000FH     UNIT         ?PR?UC_NACK?IOEXPANDER_PI4IOE5V96248
            CODE    7CC8H     000FH     UNIT         ?PR?_ISDIGIT?ISDIGIT
            CODE    7CD7H     000DH     UNIT         ?PR?SPI_INIT?PCF85063BTL
            CODE    7CE4H     000DH     UNIT         ?PR?ENABLE_EXTINT0?SI1120
            CODE    7CF1H     000DH     UNIT         ?PR?_FABS?FABS
            CODE    7CFEH     000CH     UNIT         ?PR?KEYPAD_IO_INIT?KEYPAD
            CODE    7D0AH     000CH     UNIT         ?PR?_ABS?ABS
            CODE    7D16H     000AH     UNIT         ?PR?LCD_RETURN_HOME?LCD_DRIVER_SPLC780D
            CODE    7D20H     000AH     UNIT         ?PR?LCD_CLEAR?LCD_DRIVER_SPLC780D
            CODE    7D2AH     0009H     UNIT         ?PR?TM1_ISR?MAIN
            CODE    7D33H     0009H     UNIT         ?PR?_SENDUART1?MAIN
            CODE    7D3CH     0009H     UNIT         ?PR?UART1_INITTCPCONN?UART1
            CODE    7D45H     0006H     UNIT         ?PR?UC_ACK?IOEXPANDER_PI4IOE5V96248
            CODE    7D4BH     0006H     UNIT         ?PR?_TEN?UART1
            CODE    7D51H     0001H     UNIT         ?PR?NOP?IOEXPANDER_PI4IOE5V96248
            CODE    7D52H     0001H     UNIT         ?PR?_DECTOBCD?UART1



OVERLAY MAP OF MODULE:   .\Obj\GPIO_RTC_Test (MAIN)

BL51 BANKED LINKER/LOCATER V6.22                                                      08/28/2019  16:24:09  PAGE 5



SEGMENT                                             BIT_GROUP          DATA_GROUP          XDATA_GROUP
  +--> CALLED SEGMENT                            START    LENGTH     START    LENGTH     START    LENGTH
--------------------------------------------------------------------------------------------------------
?PR?EXINT0?MAIN                                  -----    -----      -----    -----      -----    -----
  +--> ?PR?_POW?POW

?PR?_POW?POW                                     -----    -----      -----    -----      03BCH    000AH
  +--> ?PR?LOG?LOG
  +--> ?PR?EXP?EXP

?PR?LOG?LOG                                      0020H.0  0000H.1    -----    -----      03C6H    0004H

*** NEW ROOT ***************************************************

?C_C51STARTUP                                    -----    -----      -----    -----      -----    -----
  +--> ?PR?MAIN?MAIN
  +--> ?C_INITSEG

?PR?MAIN?MAIN                                    -----    -----      -----    -----      03CAH    003EH
  +--> ?PR?LCD_INIT?LCD_DRIVER_SPLC780D
  +--> ?PR?SPI_INIT?PCF85063BTL
  +--> ?PR?KEYPAD_IO_INIT?KEYPAD
  +--> ?PR?ADC_INIT?ADC
  +--> ?PR?SI1120_CONFIG_MODE_VIRH?SI1120
  +--> ?PR?ENABLE_EXTINT0?SI1120
  +--> ?PR?VSETLOCATION?BIPOLARMOTOR
  +--> ?PR?_SPI_WRITETIME?PCF85063BTL
  +--> ?PR?_DELAY_MS?KEYPAD
  +--> ?PR?_DISPLAY_LINE?LCD_DRIVER_SPLC780D
  +--> ?PR?_WRITEDATA?LCD_DRIVER_SPLC780D
  +--> ?PR?INITUART1?UART1
  +--> ?PR?UART1_INITTCPCONN?UART1
  +--> ?CO?MAIN
  +--> ?PR?_UART1_SENDTOTCPSERVER?UART1
  +--> ?PR?KEY_PROCESS?KEYPAD
  +--> ?PR?_COMMAND?LCD_DRIVER_SPLC780D
  +--> ?PR?_DISPLAY_POS?LCD_DRIVER_SPLC780D
  +--> ?PR?_DISPLAYLCD?LCD_DRIVER_SPLC780D
  +--> ?PR?_STEP_MOVE?BIPOLARMOTOR
  +--> ?PR?LCD_RETURN_HOME?LCD_DRIVER_SPLC780D
  +--> ?PR?_READ_TIME?PCF85063BTL
  +--> ?PR?_BCDTODEC1?BIPOLARMOTOR
  +--> ?PR?_SENDSTRING?UART1
  +--> ?PR?_ELEVATION_CALCULATION?BIPOLARMOTOR
  +--> ?PR?_AZIMUTH_CALCULATION?BIPOLARMOTOR
  +--> ?PR?_THEORICALJP_POSITION?BIPOLARMOTOR
  +--> ?PR?PRINTF?PRINTF
  +--> ?PR?SIN?SIN
  +--> ?PR?_CALIBRATION?CALIBRATION
  +--> ?PR?_UPDATE_POSITION?BIPOLARMOTOR
  +--> ?PR?_AT25SF041_READ?AT25SF041
  +--> ?PR?_WAIT_MS_SPINOR?AT25SF041
  +--> ?PR?AT25SF041_WRITEENABLE?AT25SF041
  +--> ?PR?_AT25SF041_WRITE?AT25SF041
  +--> ?PR?_ABS?ABS
  +--> ?PR?_FABS?FABS
BL51 BANKED LINKER/LOCATER V6.22                                                      08/28/2019  16:24:09  PAGE 6


  +--> ?PR?_ADC_GETRESULT?ADC
  +--> ?PR?SPI_NOR_WRITE_DATA?AT25SF041
  +--> ?PR?_WAIT_MS?LCD_DRIVER_SPLC780D
  +--> ?PR?LINEAR_INTERPOLATE?BIPOLARMOTOR
  +--> ?PR?AT25SF041_CHIPERASE?AT25SF041
  +--> ?PR?LCD_CLEAR?LCD_DRIVER_SPLC780D

?PR?LCD_INIT?LCD_DRIVER_SPLC780D                 -----    -----      -----    -----      -----    -----
  +--> ?PR?_WAIT_MS?LCD_DRIVER_SPLC780D
  +--> ?PR?_COMMAND?LCD_DRIVER_SPLC780D

?PR?_COMMAND?LCD_DRIVER_SPLC780D                 -----    -----      -----    -----      -----    -----
  +--> ?PR?_WAIT_MS?LCD_DRIVER_SPLC780D

?PR?SI1120_CONFIG_MODE_VIRH?SI1120               -----    -----      -----    -----      -----    -----
  +--> ?PR?_WAIT_MS?LCD_DRIVER_SPLC780D

?PR?_SPI_WRITETIME?PCF85063BTL                   -----    -----      -----    -----      -----    -----
  +--> ?PR?_SPI_SENDBYTE?PCF85063BTL

?PR?_SPI_SENDBYTE?PCF85063BTL                    -----    -----      -----    -----      -----    -----
  +--> ?PR?_PCF85063BTL_DELAY?PCF85063BTL

?PR?_DISPLAY_LINE?LCD_DRIVER_SPLC780D            -----    -----      -----    -----      -----    -----
  +--> ?PR?_COMMAND?LCD_DRIVER_SPLC780D

?PR?_WRITEDATA?LCD_DRIVER_SPLC780D               -----    -----      -----    -----      0508H    0001H
  +--> ?PR?_WAIT_MS?LCD_DRIVER_SPLC780D

?PR?UART1_INITTCPCONN?UART1                      -----    -----      -----    -----      -----    -----
  +--> ?CO?UART1
  +--> ?PR?_SENDSTRING?UART1

?PR?_SENDSTRING?UART1                            -----    -----      -----    -----      04FDH    0003H
  +--> ?PR?_SENDUART1?MAIN

?PR?_UART1_SENDTOTCPSERVER?UART1                 -----    -----      -----    -----      0408H    0003H
  +--> ?CO?UART1
  +--> ?PR?_SENDSTRING?UART1
  +--> ?PR?_DELAY_MS?KEYPAD

?PR?KEY_PROCESS?KEYPAD                           -----    -----      -----    -----      0408H    0006H
  +--> ?PR?KEY_SCAN?KEYPAD
  +--> ?PR?_SPI_WRITETIME?PCF85063BTL
  +--> ?PR?LCD_CLEAR?LCD_DRIVER_SPLC780D
  +--> ?PR?_COMMAND?LCD_DRIVER_SPLC780D
  +--> ?PR?_WRITEDATA?LCD_DRIVER_SPLC780D

?PR?KEY_SCAN?KEYPAD                              -----    -----      -----    -----      040EH    0003H

?PR?LCD_CLEAR?LCD_DRIVER_SPLC780D                -----    -----      -----    -----      -----    -----
  +--> ?PR?_COMMAND?LCD_DRIVER_SPLC780D

?PR?_DISPLAY_POS?LCD_DRIVER_SPLC780D             -----    -----      -----    -----      04FDH    000BH
  +--> ?PR?_ABS?ABS
  +--> ?PR?_WRITEDATA?LCD_DRIVER_SPLC780D

BL51 BANKED LINKER/LOCATER V6.22                                                      08/28/2019  16:24:09  PAGE 7


?PR?_DISPLAYLCD?LCD_DRIVER_SPLC780D              -----    -----      -----    -----      0408H    0001H
  +--> ?PR?_WRITEDATA?LCD_DRIVER_SPLC780D

?PR?_STEP_MOVE?BIPOLARMOTOR                      0020H.2  0000H.1    -----    -----      0501H    0004H
  +--> ?PR?VONESTEPMOVE?BIPOLARMOTOR

?PR?VONESTEPMOVE?BIPOLARMOTOR                    0020H.3  0000H.1    -----    -----      -----    -----
  +--> ?PR?_WRITE_PI4IOE5V96248?IOEXPANDER_P...
  +--> ?PR?_DELAY_MS?KEYPAD

?PR?_WRITE_PI4IOE5V96248?IOEXPANDER_P...         -----    -----      -----    -----      0505H    0003H
  +--> ?PR?I2C_START?IOEXPANDER_PI4IOE5V96248
  +--> ?PR?_WAIT_MS_I2C?IOEXPANDER_PI4IOE5V9...
  +--> ?PR?_I2C_SENDBYTE?IOEXPANDER_PI4IOE5V...
  +--> ?PR?I2C_ACK?IOEXPANDER_PI4IOE5V96248
  +--> ?PR?I2C_STOP?IOEXPANDER_PI4IOE5V96248

?PR?I2C_START?IOEXPANDER_PI4IOE5V96248           -----    -----      -----    -----      -----    -----
  +--> ?PR?_WAIT_MS_I2C?IOEXPANDER_PI4IOE5V9...

?PR?_I2C_SENDBYTE?IOEXPANDER_PI4IOE5V...         -----    -----      -----    -----      -----    -----
  +--> ?PR?_WAIT_MS_I2C?IOEXPANDER_PI4IOE5V9...

?PR?I2C_ACK?IOEXPANDER_PI4IOE5V96248             -----    -----      -----    -----      0508H    0001H
  +--> ?PR?_WAIT_MS_I2C?IOEXPANDER_PI4IOE5V9...

?PR?I2C_STOP?IOEXPANDER_PI4IOE5V96248            -----    -----      -----    -----      -----    -----
  +--> ?PR?_WAIT_MS_I2C?IOEXPANDER_PI4IOE5V9...

?PR?LCD_RETURN_HOME?LCD_DRIVER_SPLC780D          -----    -----      -----    -----      -----    -----
  +--> ?PR?_COMMAND?LCD_DRIVER_SPLC780D

?PR?_READ_TIME?PCF85063BTL                       -----    -----      -----    -----      04FDH    000FH
  +--> ?PR?_SPI_READTIME?PCF85063BTL

?PR?_SPI_READTIME?PCF85063BTL                    -----    -----      -----    -----      -----    -----
  +--> ?PR?_SPI_SENDBYTE?PCF85063BTL
  +--> ?PR?SPI_RECEIVEBYTE?PCF85063BTL

?PR?SPI_RECEIVEBYTE?PCF85063BTL                  -----    -----      -----    -----      -----    -----
  +--> ?PR?_PCF85063BTL_DELAY?PCF85063BTL

?PR?_ELEVATION_CALCULATION?BIPOLARMOTOR          -----    -----      -----    -----      0408H    0005H
  +--> ?PR?_BCDTODEC1?BIPOLARMOTOR
  +--> ?PR?SUNPOS?SUNPOS
  +--> ?PR?SIN?SIN
  +--> ?PR?ASIN?ASIN

?PR?SUNPOS?SUNPOS                                -----    -----      -----    -----      0452H    005DH
  +--> ?PR?SIN?SIN
  +--> ?PR?_ATAN2?ATAN2
  +--> ?PR?ASIN?ASIN
  +--> ?PR?ACOS?ACOS

?PR?SIN?SIN                                      0020H.1  0000H.1    -----    -----      04AFH    0004H

?PR?_ATAN2?ATAN2                                 -----    -----      -----    -----      04AFH    0008H
BL51 BANKED LINKER/LOCATER V6.22                                                      08/28/2019  16:24:09  PAGE 8


  +--> ?PR?ATAN?ATAN

?PR?ATAN?ATAN                                    0020H.1  0000H.2    -----    -----      04B7H    0004H

?PR?ASIN?ASIN                                    -----    -----      -----    -----      -----    -----
  +--> ?PR?SQRT?SQRT
  +--> ?PR?ATAN?ATAN

?PR?SQRT?SQRT                                    -----    -----      -----    -----      04AFH    0004H

?PR?ACOS?ACOS                                    -----    -----      -----    -----      -----    -----
  +--> ?PR?SQRT?SQRT
  +--> ?PR?ATAN?ATAN

?PR?_AZIMUTH_CALCULATION?BIPOLARMOTOR            -----    -----      -----    -----      0408H    0009H
  +--> ?PR?_BCDTODEC1?BIPOLARMOTOR
  +--> ?PR?SUNPOS?SUNPOS
  +--> ?PR?SIN?SIN
  +--> ?PR?ASIN?ASIN

?PR?_THEORICALJP_POSITION?BIPOLARMOTOR           -----    -----      -----    -----      0452H    005CH
  +--> ?PR?LINEAR_INTERPOLATE?BIPOLARMOTOR

?PR?LINEAR_INTERPOLATE?BIPOLARMOTOR              -----    -----      -----    -----      04AEH    0014H

?PR?PRINTF?PRINTF                                0020H.1  0001H.1    0008H    0005H      04FDH    0030H
  +--> ?PR?PUTCHAR?PUTCHAR

?PR?_CALIBRATION?CALIBRATION                     -----    -----      -----    -----      0408H    0024H
  +--> ?PR?VOLTAGE_IS_STABLE?CALIBRATION
  +--> ?PR?_UPDATE_POSITION?BIPOLARMOTOR
  +--> ?PR?_FIND_REAL_MAX?CALIBRATION

?PR?VOLTAGE_IS_STABLE?CALIBRATION                -----    -----      -----    -----      042CH    0018H
  +--> ?PR?_ADC_GETRESULT?ADC
  +--> ?PR?_ABS?ABS

?PR?_UPDATE_POSITION?BIPOLARMOTOR                -----    -----      -----    -----      042CH    0026H
  +--> ?PR?_BCDTODEC1?BIPOLARMOTOR
  +--> ?PR?SUNPOS?SUNPOS
  +--> ?PR?SIN?SIN
  +--> ?PR?ASIN?ASIN
  +--> ?PR?_THEORICALJP_POSITION?BIPOLARMOTOR
  +--> ?PR?_FABS?FABS
  +--> ?PR?_MOVE?BIPOLARMOTOR

?PR?_MOVE?BIPOLARMOTOR                           0020H.1  0000H.1    -----    -----      04FDH    0004H
  +--> ?PR?_STEP_MOVE?BIPOLARMOTOR

?PR?_FIND_REAL_MAX?CALIBRATION                   -----    -----      -----    -----      042CH    00D1H
  +--> ?PR?_ADC_GETRESULT?ADC
  +--> ?PR?_WAIT_MS?LCD_DRIVER_SPLC780D
  +--> ?CO?CALIBRATION
  +--> ?PR?PRINTF?PRINTF
  +--> ?PR?_SENDSTRING?UART1
  +--> ?PR?_COMMAND?LCD_DRIVER_SPLC780D
  +--> ?PR?_WRITEDATA?LCD_DRIVER_SPLC780D
BL51 BANKED LINKER/LOCATER V6.22                                                      08/28/2019  16:24:09  PAGE 9


  +--> ?PR?_DISPLAY_POS?LCD_DRIVER_SPLC780D
  +--> ?PR?_MOVE?BIPOLARMOTOR
  +--> ?PR?_READ_TIME?PCF85063BTL
  +--> ?PR?_BCDTODEC1?BIPOLARMOTOR
  +--> ?PR?_MAX_VALUE?CALIBRATION

?PR?_MAX_VALUE?CALIBRATION                       -----    -----      -----    -----      04FDH    0004H

?PR?_AT25SF041_READ?AT25SF041                    -----    -----      -----    -----      0408H    0008H
  +--> ?PR?_WAIT_MS_SPINOR?AT25SF041
  +--> ?PR?UCREAD_STATUS_REGISTER_BYTE1?AT25...

?PR?UCREAD_STATUS_REGISTER_BYTE1?AT25...         -----    -----      -----    -----      041EH    0003H
  +--> ?PR?_WAIT_MS_SPINOR?AT25SF041

?PR?AT25SF041_WRITEENABLE?AT25SF041              -----    -----      -----    -----      0416H    0002H
  +--> ?PR?_WAIT_MS_SPINOR?AT25SF041
  +--> ?PR?UCREAD_STATUS_REGISTER_BYTE1?AT25...

?PR?_AT25SF041_WRITE?AT25SF041                   -----    -----      -----    -----      0416H    0008H
  +--> ?PR?_WAIT_MS_SPINOR?AT25SF041
  +--> ?PR?UCREAD_STATUS_REGISTER_BYTE1?AT25...

?PR?SPI_NOR_WRITE_DATA?AT25SF041                 -----    -----      -----    -----      0408H    000EH
  +--> ?PR?AT25SF041_WRITEENABLE?AT25SF041
  +--> ?PR?_AT25SF041_WRITE?AT25SF041
  +--> ?PR?_WAIT_MS_SPINOR?AT25SF041

?PR?AT25SF041_CHIPERASE?AT25SF041                -----    -----      -----    -----      0408H    0002H
  +--> ?PR?_WAIT_MS_SPINOR?AT25SF041
  +--> ?PR?UCREAD_STATUS_REGISTER_BYTE1?AT25...



SYMBOL TABLE OF MODULE:  .\Obj\GPIO_RTC_Test (MAIN)

  VALUE           TYPE          NAME
  ----------------------------------

  -------         MODULE        MAIN
  C:0000H         SYMBOL        _ICE_DUMMY_
  X:0535H         PUBLIC        calib_value
  D:0080H         PUBLIC        P0
  D:0090H         PUBLIC        P1
  D:00A0H         PUBLIC        P2
  D:00B0H         PUBLIC        P3
  D:00C0H         PUBLIC        P4
  D:00C8H         PUBLIC        P5
  X:0589H         SYMBOL        PressedKey
  B:00A8H.7       PUBLIC        EA
  D:00E8H         PUBLIC        P6
  X:058DH         PUBLIC        calib_stamp
  D:00F8H         PUBLIC        P7
  X:058EH         PUBLIC        sTempString
  X:0597H         PUBLIC        calib_bool
  X:05C1H         PUBLIC        pwm_time_min
  D:00A8H         PUBLIC        IE
BL51 BANKED LINKER/LOCATER V6.22                                                      08/28/2019  16:24:09  PAGE 10


  X:05C5H         PUBLIC        calib_time
  X:0619H         PUBLIC        pwm_time_max
  B:0090H.7       PUBLIC        Connect_Electronics_Load
  D:00B8H         PUBLIC        IP
  B:0098H.0       PUBLIC        RI
  B:00B0H.2       PUBLIC        INT0
  X:061DH         PUBLIC        months
  B:0098H.1       PUBLIC        TI
  C:000EH         PUBLIC        Uart
  D:00D8H         PUBLIC        CCON
  C:0026H         PUBLIC        main
  X:061EH         PUBLIC        found_1st_point
  X:0620H         PUBLIC        i_point1
  X:0622H         PUBLIC        i_point2
  X:0624H         PUBLIC        count
  B:0090H.2       PUBLIC        Connect_IV_Load
  D:0099H         PUBLIC        SBUF
  X:0626H         PUBLIC        days
  X:0627H         PUBLIC        hours
  D:0098H         PUBLIC        SCON
  D:0089H         PUBLIC        TMOD
  D:0088H         PUBLIC        TCON
  B:00A0H.3       PUBLIC        P23
  X:0628H         SYMBOL        KeyCount
  X:062AH         PUBLIC        mins
  B:00C8H.5       PUBLIC        P55
  X:062BH         PUBLIC        diff_of_offset
  D:008EH         PUBLIC        AUXR
  C:7B15H         PUBLIC        tm0_isr
  B:0090H.5       PUBLIC        SI1120_STX
  C:7D2AH         PUBLIC        tm1_isr
  B:0021H.2       PUBLIC        busy
  D:00E0H         PUBLIC        ACC
  B:00A8H.1       PUBLIC        ET0
  B:00A8H.3       PUBLIC        ET1
  X:062FH         PUBLIC        SPI_NOR_INTERNAL_FLASH_ADDR
  D:008CH         PUBLIC        TH0
  D:008DH         PUBLIC        TH1
  D:008AH         PUBLIC        TL0
  D:008BH         PUBLIC        TL1
  X:0633H         PUBLIC        ii
  X:0635H         PUBLIC        jj
  B:0088H.4       PUBLIC        TR0
  B:0088H.6       PUBLIC        TR1
  X:0637H         PUBLIC        old_mins
  C:6C8EH         PUBLIC        exint0
  X:0638H         SYMBOL        KeyNum
  X:0639H         SYMBOL        KeyNum_Old
  X:063AH         PUBLIC        timer0_count
  X:063CH         PUBLIC        current_position
  X:0640H         PUBLIC        pwm_time
  X:0644H         PUBLIC        i
  X:0646H         PUBLIC        j
  X:0648H         PUBLIC        start_timer0_count
  X:0649H         PUBLIC        seconds
  D:00D0H         PUBLIC        PSW
  C:7D33H         PUBLIC        _SendUART1
BL51 BANKED LINKER/LOCATER V6.22                                                      08/28/2019  16:24:09  PAGE 11


  -------         PROC          TM0_ISR
  C:7B15H         LINE#         110
  C:7B1BH         LINE#         114
  C:7B1EH         LINE#         115
  C:7B21H         LINE#         116
  C:7B2FH         LINE#         117
  -------         ENDPROC       TM0_ISR
  -------         PROC          TM1_ISR
  C:7D2AH         LINE#         118
  C:7D2AH         LINE#         120
  C:7D2CH         LINE#         122
  C:7D2FH         LINE#         123
  C:7D32H         LINE#         124
  -------         ENDPROC       TM1_ISR
  -------         PROC          EXINT0
  C:6C8EH         LINE#         125
  C:6CABH         LINE#         129
  C:6CAEH         LINE#         130
  C:6CAEH         LINE#         131
  C:6CB1H         LINE#         132
  C:6CB4H         LINE#         133
  C:6CB6H         LINE#         134
  C:6CB8H         LINE#         138
  C:6CBBH         LINE#         141
  C:6CBBH         LINE#         142
  C:6CBDH         LINE#         144
  C:6CC9H         LINE#         145
  C:6D23H         LINE#         146
  C:6D61H         LINE#         147
  C:6D68H         LINE#         152
  C:6D68H         LINE#         154
  -------         ENDPROC       EXINT0
  -------         PROC          MAIN
  -------         DO            
  X:052DH         SYMBOL        KeyCount
  X:052FH         SYMBOL        KeyNum_Old
  X:0530H         SYMBOL        KeyNum
  X:0531H         SYMBOL        PressedKey
  X:03CAH         SYMBOL        prox_flag
  X:03CBH         SYMBOL        iUse_prevday_calib_value
  X:03CDH         SYMBOL        max_ADC_Val_JP
  X:03CFH         SYMBOL        max_ADC_Val
  X:03D1H         SYMBOL        calib_point1
  X:03D9H         SYMBOL        calib_point2
  X:03E1H         SYMBOL        dat_to_store
  X:03ECH         SYMBOL        calib_day
  X:03EEH         SYMBOL        calib_count
  X:03F0H         SYMBOL        theorical_JP_max_pos
  X:03F4H         SYMBOL        elevation
  X:03F8H         SYMBOL        azimuth
  X:03FCH         SYMBOL        prev_elevation
  X:0400H         SYMBOL        prev_azimuth
  X:0404H         SYMBOL        JP_Pos
  -------         ENDDO         
  C:0026H         LINE#         156
  C:0026H         LINE#         157
  C:0026H         LINE#         162
BL51 BANKED LINKER/LOCATER V6.22                                                      08/28/2019  16:24:09  PAGE 12


  C:002CH         LINE#         163
  C:0031H         LINE#         165
  C:0039H         LINE#         169
  C:003FH         LINE#         170
  C:005DH         LINE#         181
  C:0065H         LINE#         182
  C:006CH         LINE#         183
  C:0072H         LINE#         185
  C:0078H         LINE#         197
  C:007BH         LINE#         198
  C:007EH         LINE#         199
  C:0081H         LINE#         201
  C:0084H         LINE#         204
  C:0087H         LINE#         205
  C:008AH         LINE#         207
  C:008DH         LINE#         209
  C:0090H         LINE#         210
  C:0093H         LINE#         211
  C:0096H         LINE#         212
  C:0098H         LINE#         213
  C:009AH         LINE#         214
  C:009DH         LINE#         215
  C:009FH         LINE#         216
  C:00A1H         LINE#         218
  C:00A3H         LINE#         219
  C:00AAH         LINE#         220
  C:00B1H         LINE#         221
  C:00B8H         LINE#         222
  C:00BFH         LINE#         226
  C:00C6H         LINE#         227
  C:00CBH         LINE#         228
  C:00D0H         LINE#         229
  C:00D5H         LINE#         230
  C:00DAH         LINE#         231
  C:00DFH         LINE#         234
  C:00E6H         LINE#         235
  C:00E6H         LINE#         236
  C:0109H         LINE#         237
  C:0153H         LINE#         238
  C:0168H         LINE#         239
  C:0185H         LINE#         240
  C:0188H         LINE#         243
  C:018FH         LINE#         246
  C:0192H         LINE#         248
  C:0199H         LINE#         249
  C:01A2H         LINE#         252
  C:01A2H         LINE#         253
  C:01A2H         LINE#         254
  C:01A5H         LINE#         264
  C:01A5H         LINE#         268
  C:01AAH         LINE#         269
  C:01AFH         LINE#         271
  C:01B4H         LINE#         273
  C:01B9H         LINE#         274
  C:01BEH         LINE#         277
  C:01CFH         LINE#         279
  C:01D4H         LINE#         280
BL51 BANKED LINKER/LOCATER V6.22                                                      08/28/2019  16:24:09  PAGE 13


  C:01D9H         LINE#         282
  C:01E0H         LINE#         283
  C:01E8H         LINE#         284
  C:01EDH         LINE#         285
  C:01F5H         LINE#         286
  C:01FAH         LINE#         287
  C:0204H         LINE#         288
  C:0209H         LINE#         289
  C:0211H         LINE#         291
  C:0219H         LINE#         292
  C:021EH         LINE#         293
  C:0228H         LINE#         294
  C:0228H         LINE#         295
  C:022AH         LINE#         296
  C:022CH         LINE#         297
  C:0236H         LINE#         298
  C:0236H         LINE#         299
  C:023BH         LINE#         300
  C:023BH         LINE#         312
  C:024FH         LINE#         313
  C:024FH         LINE#         314
  C:0264H         LINE#         315
  C:0273H         LINE#         316
  C:0273H         LINE#         317
  C:0286H         LINE#         318
  C:0288H         LINE#         320
  C:0288H         LINE#         321
  C:02A4H         LINE#         322
  C:02A4H         LINE#         323
  C:02A9H         LINE#         324
  C:02A9H         LINE#         325
  C:02BDH         LINE#         326
  C:02BDH         LINE#         329
  C:02D2H         LINE#         330
  C:02E1H         LINE#         331
  C:02E1H         LINE#         332
  C:02F4H         LINE#         333
  C:02F6H         LINE#         335
  C:02F6H         LINE#         336
  C:0312H         LINE#         337
  C:0312H         LINE#         338
  C:0317H         LINE#         339
  C:031DH         LINE#         340
  C:031DH         LINE#         342
  C:033FH         LINE#         343
  C:033FH         LINE#         344
  C:0349H         LINE#         345
  C:034FH         LINE#         346
  C:0356H         LINE#         347
  C:035CH         LINE#         348
  C:0363H         LINE#         349
  C:0363H         LINE#         350
  C:0366H         LINE#         352
  C:0366H         LINE#         357
  C:036EH         LINE#         358
  C:03A9H         LINE#         359
  C:03C7H         LINE#         360
BL51 BANKED LINKER/LOCATER V6.22                                                      08/28/2019  16:24:09  PAGE 14


  C:03C7H         LINE#         362
  C:03D0H         LINE#         363
  C:03D7H         LINE#         364
  C:03E0H         LINE#         365
  C:03E7H         LINE#         367
  C:03E7H         LINE#         371
  C:03F4H         LINE#         372
  C:03F4H         LINE#         379
  C:03F4H         LINE#         380
  C:041CH         LINE#         381
  C:041CH         LINE#         382
  C:043EH         LINE#         383
  C:043EH         LINE#         385
  C:0464H         LINE#         386
  C:048AH         LINE#         388
  C:04B1H         LINE#         389
  C:04D8H         LINE#         390
  C:053BH         LINE#         392
  C:0591H         LINE#         393
  C:059AH         LINE#         394
  C:05A1H         LINE#         395
  C:05AAH         LINE#         396
  C:05B3H         LINE#         397
  C:05BAH         LINE#         401
  C:05F7H         LINE#         409
  C:05F7H         LINE#         411
  C:0673H         LINE#         412
  C:068CH         LINE#         413
  C:068EH         LINE#         414
  C:0690H         LINE#         416
  C:071AH         LINE#         421
  C:0748H         LINE#         422
  C:0748H         LINE#         424
  C:077EH         LINE#         425
  C:07A1H         LINE#         426
  C:07B6H         LINE#         427
  C:07C0H         LINE#         429
  C:07C3H         LINE#         431
  C:07C3H         LINE#         432
  C:07E9H         LINE#         433
  C:07E9H         LINE#         434
  C:0811H         LINE#         435
  C:08C0H         LINE#         436
  C:08E6H         LINE#         437
  C:0998H         LINE#         440
  C:0998H         LINE#         442
  C:099FH         LINE#         443
  C:09A2H         LINE#         446
  C:09D7H         LINE#         447
  C:09DEH         LINE#         448
  C:09E1H         LINE#         450
  C:0A1BH         LINE#         451
  C:0A47H         LINE#         453
  C:0A76H         LINE#         455
  C:0A7DH         LINE#         456
  C:0A84H         LINE#         457
  C:0A87H         LINE#         460
BL51 BANKED LINKER/LOCATER V6.22                                                      08/28/2019  16:24:09  PAGE 15


  C:0AEFH         LINE#         462
  C:0AF6H         LINE#         464
  C:0AFDH         LINE#         465
  C:0B00H         LINE#         468
  C:0BBFH         LINE#         470
  C:0BC6H         LINE#         471
  C:0BC6H         LINE#         473
  C:0BC9H         LINE#         475
  C:0BC9H         LINE#         477
  C:0BD0H         LINE#         478
  C:0BD0H         LINE#         479
  C:0BD3H         LINE#         480
  C:0BF1H         LINE#         481
  C:0BF8H         LINE#         482
  C:0C17H         LINE#         483
  C:0C36H         LINE#         485
  C:0CB2H         LINE#         486
  C:0CCAH         LINE#         488
  C:0CCCH         LINE#         489
  C:0CCEH         LINE#         490
  C:0D26H         LINE#         491
  C:0D61H         LINE#         492
  C:0D6EH         LINE#         493
  C:0D7DH         LINE#         497
  C:0D7DH         LINE#         499
  C:0D85H         LINE#         500
  C:0D8DH         LINE#         501
  C:0D95H         LINE#         502
  C:0D9DH         LINE#         504
  C:0DB1H         LINE#         505
  C:0DC7H         LINE#         506
  C:0DF7H         LINE#         507
  C:0E17H         LINE#         509
  C:0E2BH         LINE#         510
  C:0E41H         LINE#         511
  C:0E71H         LINE#         512
  C:0E78H         LINE#         514
  C:0E9CH         LINE#         517
  C:0EC7H         LINE#         519
  C:0ED0H         LINE#         520
  C:0ED7H         LINE#         521
  C:0EE0H         LINE#         522
  C:0EE9H         LINE#         523
  C:0EF0H         LINE#         525
  C:0F2DH         LINE#         527
  C:0F36H         LINE#         528
  C:0F3DH         LINE#         529
  C:0F46H         LINE#         530
  C:0F4FH         LINE#         531
  C:0F56H         LINE#         533
  C:0F81H         LINE#         535
  C:0F8AH         LINE#         536
  C:0F91H         LINE#         537
  C:0F9AH         LINE#         538
  C:0FA3H         LINE#         539
  C:0FAAH         LINE#         541
  C:0FD5H         LINE#         543
BL51 BANKED LINKER/LOCATER V6.22                                                      08/28/2019  16:24:09  PAGE 16


  C:0FDEH         LINE#         544
  C:0FE5H         LINE#         545
  C:0FEEH         LINE#         546
  C:0FF5H         LINE#         547
  C:0FFEH         LINE#         548
  C:1005H         LINE#         550
  C:1007H         LINE#         552
  C:1015H         LINE#         553
  C:1015H         LINE#         554
  C:101DH         LINE#         557
  C:101DH         LINE#         558
  C:101DH         LINE#         560
  C:1042H         LINE#         561
  C:1042H         LINE#         562
  C:1064H         LINE#         563
  C:1064H         LINE#         564
  C:10E0H         LINE#         565
  C:10E2H         LINE#         566
  C:10E4H         LINE#         568
  C:113CH         LINE#         571
  C:114BH         LINE#         572
  C:114BH         LINE#         573
  C:114BH         LINE#         574
  C:114BH         LINE#         575
  C:114BH         LINE#         576
  C:114BH         LINE#         577
  C:114BH         LINE#         578
  C:114BH         LINE#         581
  C:114BH         LINE#         583
  C:114BH         LINE#         584
  C:114BH         LINE#         585
  C:114BH         LINE#         586
  C:114BH         LINE#         590
  C:114BH         LINE#         592
  C:114BH         LINE#         594
  C:114BH         LINE#         595
  C:114BH         LINE#         596
  C:114BH         LINE#         597
  C:114BH         LINE#         598
  C:114BH         LINE#         599
  C:114BH         LINE#         602
  C:114BH         LINE#         604
  C:114BH         LINE#         605
  C:114BH         LINE#         606
  C:114BH         LINE#         607
  C:114BH         LINE#         608
  C:114BH         LINE#         609
  C:114BH         LINE#         610
  C:114BH         LINE#         612
  C:114EH         LINE#         615
  C:1175H         LINE#         616
  C:1175H         LINE#         619
  C:1197H         LINE#         620
  C:1197H         LINE#         622
  C:1213H         LINE#         624
  C:1240H         LINE#         625
  C:125BH         LINE#         631
BL51 BANKED LINKER/LOCATER V6.22                                                      08/28/2019  16:24:09  PAGE 17


  C:125DH         LINE#         632
  C:125FH         LINE#         640
  C:128CH         LINE#         642
  C:12B3H         LINE#         643
  C:1327H         LINE#         645
  C:13B3H         LINE#         649
  C:13D6H         LINE#         650
  C:13D6H         LINE#         651
  C:1472H         LINE#         652
  C:1475H         LINE#         654
  C:1475H         LINE#         655
  C:149DH         LINE#         656
  C:1511H         LINE#         658
  C:158CH         LINE#         665
  C:1628H         LINE#         669
  C:162FH         LINE#         670
  C:1640H         LINE#         672
  C:1640H         LINE#         675
  C:164FH         LINE#         676
  C:164FH         LINE#         677
  C:16CDH         LINE#         678
  C:16D6H         LINE#         679
  C:16DDH         LINE#         680
  C:16E6H         LINE#         681
  C:16EFH         LINE#         682
  C:16F6H         LINE#         685
  C:1721H         LINE#         687
  C:172AH         LINE#         688
  C:1731H         LINE#         689
  C:173AH         LINE#         690
  C:1743H         LINE#         694
  C:174AH         LINE#         696
  C:1775H         LINE#         698
  C:177EH         LINE#         699
  C:1785H         LINE#         700
  C:178EH         LINE#         701
  C:1795H         LINE#         703
  C:179EH         LINE#         704
  C:17A5H         LINE#         707
  C:17E3H         LINE#         709
  C:17ECH         LINE#         710
  C:17F3H         LINE#         711
  C:17FCH         LINE#         712
  C:1805H         LINE#         713
  C:180CH         LINE#         714
  C:180CH         LINE#         716
  C:180CH         LINE#         718
  C:180CH         LINE#         719
  C:180CH         LINE#         721
  C:180CH         LINE#         725
  C:1828H         LINE#         726
  C:1828H         LINE#         727
  C:182AH         LINE#         730
  C:182DH         LINE#         732
  C:185BH         LINE#         733
  C:185BH         LINE#         734
  C:185DH         LINE#         736
BL51 BANKED LINKER/LOCATER V6.22                                                      08/28/2019  16:24:09  PAGE 18


  C:186CH         LINE#         737
  C:186CH         LINE#         739
  C:186FH         LINE#         741
  C:1872H         LINE#         742
  C:1879H         LINE#         744
  C:1895H         LINE#         745
  C:1895H         LINE#         746
  C:18B2H         LINE#         747
  C:18B2H         LINE#         748
  C:18B8H         LINE#         749
  C:18BBH         LINE#         752
  C:18F0H         LINE#         753
  C:18F7H         LINE#         754
  C:18FAH         LINE#         756
  C:1934H         LINE#         757
  C:194AH         LINE#         759
  C:1963H         LINE#         761
  C:196AH         LINE#         762
  C:1971H         LINE#         763
  C:1974H         LINE#         766
  C:19C9H         LINE#         768
  C:19D0H         LINE#         770
  C:19D7H         LINE#         771
  C:19DAH         LINE#         774
  C:1A86H         LINE#         776
  C:1A8DH         LINE#         777
  C:1A8DH         LINE#         778
  C:1A9EH         LINE#         780
  C:1A9EH         LINE#         784
  C:1AA5H         LINE#         785
  C:1AA5H         LINE#         788
  C:1AB4H         LINE#         789
  C:1AB4H         LINE#         790
  C:1AE6H         LINE#         791
  C:1AE6H         LINE#         792
  C:1B65H         LINE#         794
  C:1B6CH         LINE#         795
  C:1B6FH         LINE#         797
  C:1BA9H         LINE#         798
  C:1BBFH         LINE#         800
  C:1BD8H         LINE#         802
  C:1BDFH         LINE#         803
  C:1BE6H         LINE#         804
  C:1BE9H         LINE#         806
  C:1C3EH         LINE#         807
  C:1C45H         LINE#         809
  C:1C4CH         LINE#         810
  C:1C4FH         LINE#         812
  C:1CFBH         LINE#         813
  C:1D02H         LINE#         815
  C:1D09H         LINE#         816
  C:1D0CH         LINE#         818
  C:1D30H         LINE#         819
  C:1D37H         LINE#         820
  C:1D48H         LINE#         823
  C:1D5CH         LINE#         824
  C:1D70H         LINE#         825
BL51 BANKED LINKER/LOCATER V6.22                                                      08/28/2019  16:24:09  PAGE 19


  C:1D7FH         LINE#         826
  C:1D7FH         LINE#         828
  C:1DABH         LINE#         829
  C:1DABH         LINE#         830
  C:1DD8H         LINE#         837
  C:1DF3H         LINE#         840
  C:1E02H         LINE#         841
  C:1E05H         LINE#         844
  C:1E35H         LINE#         845
  C:1E35H         LINE#         847
  C:1E62H         LINE#         853
  C:1E7DH         LINE#         856
  C:1E8DH         LINE#         857
  C:1E93H         LINE#         858
  C:1EA7H         LINE#         859
  C:1EBBH         LINE#         860
  C:1EC3H         LINE#         861
  C:1ED0H         LINE#         862
  C:1ED0H         LINE#         863
  C:1EF4H         LINE#         864
  C:1EF4H         LINE#         865
  C:1F3EH         LINE#         866
  C:1F45H         LINE#         867
  C:1F48H         LINE#         870
  C:1F6CH         LINE#         872
  C:1F73H         LINE#         873
  C:1F76H         LINE#         875
  C:1FA9H         LINE#         876
  C:1FC8H         LINE#         878
  C:1FEAH         LINE#         880
  C:1FF1H         LINE#         882
  C:1FF8H         LINE#         883
  C:1FFBH         LINE#         885
  C:2050H         LINE#         886
  C:2057H         LINE#         888
  C:205EH         LINE#         889
  C:2061H         LINE#         891
  C:210DH         LINE#         892
  C:2114H         LINE#         893
  C:2125H         LINE#         894
  C:2125H         LINE#         895
  C:2125H         LINE#         899
  C:2147H         LINE#         900
  C:2154H         LINE#         901
  C:2154H         LINE#         902
  C:2177H         LINE#         903
  C:2177H         LINE#         904
  C:21C7H         LINE#         905
  C:21C7H         LINE#         906
  C:21CEH         LINE#         907
  C:21D1H         LINE#         909
  C:220BH         LINE#         910
  C:2221H         LINE#         912
  C:223AH         LINE#         914
  C:2241H         LINE#         915
  C:2248H         LINE#         916
  C:224BH         LINE#         918
BL51 BANKED LINKER/LOCATER V6.22                                                      08/28/2019  16:24:09  PAGE 20


  C:22A0H         LINE#         919
  C:22A7H         LINE#         921
  C:22AEH         LINE#         922
  C:22B1H         LINE#         924
  C:235DH         LINE#         925
  C:2364H         LINE#         927
  C:236BH         LINE#         928
  C:236EH         LINE#         930
  C:2392H         LINE#         931
  C:2399H         LINE#         932
  C:2399H         LINE#         933
  C:23AAH         LINE#         934
  C:23AAH         LINE#         935
  C:23AAH         LINE#         936
  C:23D4H         LINE#         937
  C:23D4H         LINE#         940
  C:23DBH         LINE#         941
  C:23E2H         LINE#         943
  C:23E8H         LINE#         944
  C:23E8H         LINE#         945
  C:240BH         LINE#         946
  C:2420H         LINE#         948
  C:243AH         LINE#         950
  C:243AH         LINE#         953
  C:2449H         LINE#         954
  C:2449H         LINE#         955
  C:244CH         LINE#         956
  C:2453H         LINE#         957
  C:2458H         LINE#         958
  C:245DH         LINE#         959
  C:2462H         LINE#         960
  C:2467H         LINE#         961
  C:246CH         LINE#         971
  C:246FH         LINE#         973
  C:2472H         LINE#         974
  C:2479H         LINE#         975
  C:2483H         LINE#         976
  C:248AH         LINE#         978
  C:248DH         LINE#         987
  C:248DH         LINE#         988
  -------         ENDPROC       MAIN
  -------         PROC          UART
  C:000EH         LINE#         1002
  C:000EH         LINE#         1004
  C:0011H         LINE#         1005
  C:0011H         LINE#         1006
  C:0013H         LINE#         1008
  C:0013H         LINE#         1009
  C:0016H         LINE#         1010
  C:0016H         LINE#         1011
  C:0018H         LINE#         1012
  C:001AH         LINE#         1013
  C:001AH         LINE#         1014
  -------         ENDPROC       UART
  -------         PROC          _SENDUART1
  D:0007H         SYMBOL        dat
  C:7D33H         LINE#         1016
BL51 BANKED LINKER/LOCATER V6.22                                                      08/28/2019  16:24:09  PAGE 21


  C:7D33H         LINE#         1017
  C:7D33H         LINE#         1018
  C:7D36H         LINE#         1019
  C:7D38H         LINE#         1020
  C:7D39H         LINE#         1021
  C:7D3BH         LINE#         1022
  -------         ENDPROC       _SENDUART1
  -------         ENDMOD        MAIN

  -------         MODULE        PCF85063BTL
  C:0000H         SYMBOL        _ICE_DUMMY_
  D:0096H         PUBLIC        P2M0
  D:0080H         PUBLIC        P0
  D:0095H         PUBLIC        P2M1
  D:0090H         PUBLIC        P1
  D:00A0H         PUBLIC        P2
  D:00B0H         PUBLIC        P3
  D:00C0H         PUBLIC        P4
  D:00C8H         PUBLIC        P5
  D:00E8H         PUBLIC        P6
  B:00A0H.1       PUBLIC        PCF85063BTL_SDI
  D:00F8H         PUBLIC        P7
  B:00A0H.2       PUBLIC        PCF85063BTL_SCK
  B:00A0H.1       PUBLIC        PCF85063BTL_SDO
  D:00A8H         PUBLIC        IE
  C:75A8H         PUBLIC        _Read_time
  C:7C55H         PUBLIC        _PCF85063BTL_Delay
  D:00B8H         PUBLIC        IP
  D:00D8H         PUBLIC        CCON
  C:7435H         PUBLIC        _Day_Of_Year
  C:7B56H         PUBLIC        SPI_ReceiveByte
  D:0098H         PUBLIC        SCON
  D:0088H         PUBLIC        TCON
  C:7C88H         PUBLIC        _BCDtoDec
  B:00A0H.0       PUBLIC        PCF85063BTL_CS
  C:7C77H         PUBLIC        _SPI_ReadTime
  C:7CD7H         PUBLIC        SPI_Init
  C:7BCBH         PUBLIC        _SPI_WriteTime
  C:7B36H         PUBLIC        _SPI_SendByte
  D:00D0H         PUBLIC        PSW
  C:7C51H         SYMBOL        L?0048
  -------         PROC          L?0047
  -------         ENDPROC       L?0047
  C:7C51H         SYMBOL        L?0048
  -------         PROC          _PCF85063BTL_DELAY
  D:0006H         SYMBOL        us
  C:7C55H         LINE#         8
  C:7C55H         LINE#         9
  C:7C55H         LINE#         10
  C:7C5FH         LINE#         11
  C:7C5FH         LINE#         12
  C:7C60H         LINE#         13
  C:7C62H         LINE#         14
  -------         ENDPROC       _PCF85063BTL_DELAY
  -------         PROC          _SPI_SENDBYTE
  D:0005H         SYMBOL        dat
  -------         DO            
BL51 BANKED LINKER/LOCATER V6.22                                                      08/28/2019  16:24:09  PAGE 22


  D:0003H         SYMBOL        i
  -------         ENDDO         
  C:7B36H         LINE#         17
  C:7B38H         LINE#         18
  C:7B38H         LINE#         20
  C:7B3AH         LINE#         21
  C:7B3AH         LINE#         22
  C:7B3CH         LINE#         23
  C:7B40H         LINE#         24
  C:7B40H         LINE#         25
  C:7B42H         LINE#         26
  C:7B44H         LINE#         28
  C:7B44H         LINE#         29
  C:7B46H         LINE#         30
  C:7B46H         LINE#         31
  C:7B49H         LINE#         32
  C:7B49H         LINE#         33
  C:7B4CH         LINE#         34
  C:7B50H         LINE#         35
  C:7B55H         LINE#         36
  -------         ENDPROC       _SPI_SENDBYTE
  -------         PROC          SPI_RECEIVEBYTE
  -------         DO            
  D:0003H         SYMBOL        i
  D:0005H         SYMBOL        dat
  -------         ENDDO         
  C:7B56H         LINE#         39
  C:7B56H         LINE#         40
  C:7B56H         LINE#         42
  C:7B58H         LINE#         44
  C:7B5AH         LINE#         45
  C:7B5BH         LINE#         46
  C:7B5BH         LINE#         47
  C:7B5FH         LINE#         48
  C:7B61H         LINE#         49
  C:7B64H         LINE#         51
  C:7B67H         LINE#         52
  C:7B67H         LINE#         53
  C:7B6BH         LINE#         54
  C:7B6BH         LINE#         55
  C:7B6BH         LINE#         56
  C:7B6EH         LINE#         57
  C:7B73H         LINE#         58
  C:7B75H         LINE#         59
  -------         ENDPROC       SPI_RECEIVEBYTE
  -------         PROC          _SPI_READTIME
  D:0007H         SYMBOL        addr
  -------         DO            
  D:0006H         SYMBOL        dat
  -------         ENDDO         
  C:7C77H         LINE#         61
  C:7C77H         LINE#         62
  C:7C77H         LINE#         64
  C:7C79H         LINE#         65
  C:7C7BH         LINE#         66
  C:7C82H         LINE#         67
  C:7C85H         LINE#         68
BL51 BANKED LINKER/LOCATER V6.22                                                      08/28/2019  16:24:09  PAGE 23


  C:7C87H         LINE#         69
  C:7C87H         LINE#         70
  -------         ENDPROC       _SPI_READTIME
  -------         PROC          _SPI_WRITETIME
  D:0002H         SYMBOL        val
  D:0005H         SYMBOL        addr
  C:7BCBH         LINE#         71
  C:7BCDH         LINE#         72
  C:7BCDH         LINE#         74
  C:7BCFH         LINE#         75
  C:7BD6H         LINE#         76
  C:7BDBH         LINE#         77
  C:7BE0H         LINE#         78
  C:7BE2H         LINE#         79
  -------         ENDPROC       _SPI_WRITETIME
  -------         PROC          SPI_INIT
  C:7CD7H         LINE#         83
  C:7CD7H         LINE#         84
  C:7CD7H         LINE#         89
  C:7CDAH         LINE#         90
  C:7CDDH         LINE#         91
  C:7CDFH         LINE#         92
  C:7CE1H         LINE#         93
  C:7CE3H         LINE#         94
  -------         ENDPROC       SPI_INIT
  -------         PROC          _READ_TIME
  X:04FDH         SYMBOL        months
  X:0500H         SYMBOL        days
  X:0503H         SYMBOL        hours
  X:0506H         SYMBOL        mins
  X:0509H         SYMBOL        seconds
  C:75A8H         LINE#         96
  C:75B3H         LINE#         97
  C:75B3H         LINE#         99
  C:75C7H         LINE#         101
  C:75DBH         LINE#         103
  C:75EFH         LINE#         108
  C:7603H         LINE#         113
  -------         ENDPROC       _READ_TIME
  -------         PROC          _BCDTODEC
  D:0007H         SYMBOL        bcd
  -------         DO            
  D:0006H         SYMBOL        hi
  D:0007H         SYMBOL        lo
  -------         ENDDO         
  C:7C88H         LINE#         119
  C:7C88H         LINE#         120
  C:7C88H         LINE#         122
  C:7C8DH         LINE#         123
  C:7C91H         LINE#         124
  C:7C98H         LINE#         125
  -------         ENDPROC       _BCDTODEC
  -------         PROC          _DAY_OF_YEAR
  D:0007H         SYMBOL        months_bcd
  D:0005H         SYMBOL        days_bcd
  -------         DO            
  D:0004H         SYMBOL        months
BL51 BANKED LINKER/LOCATER V6.22                                                      08/28/2019  16:24:09  PAGE 24


  D:0007H         SYMBOL        days
  -------         ENDDO         
  C:7435H         LINE#         126
  C:7435H         LINE#         127
  C:7435H         LINE#         130
  C:743AH         LINE#         132
  C:743FH         LINE#         134
  C:7478H         LINE#         135
  C:7478H         LINE#         136
  C:7478H         LINE#         137
  C:747BH         LINE#         138
  C:747BH         LINE#         139
  C:747BH         LINE#         140
  C:7480H         LINE#         141
  C:7480H         LINE#         142
  C:7480H         LINE#         143
  C:7485H         LINE#         144
  C:7485H         LINE#         145
  C:7485H         LINE#         146
  C:748AH         LINE#         147
  C:748AH         LINE#         148
  C:748AH         LINE#         149
  C:748FH         LINE#         150
  C:748FH         LINE#         151
  C:748FH         LINE#         152
  C:7494H         LINE#         153
  C:7494H         LINE#         154
  C:7494H         LINE#         155
  C:7499H         LINE#         156
  C:7499H         LINE#         157
  C:7499H         LINE#         158
  C:749EH         LINE#         159
  C:749EH         LINE#         160
  C:749EH         LINE#         161
  C:74A6H         LINE#         162
  C:74A6H         LINE#         163
  C:74A6H         LINE#         164
  C:74ABH         LINE#         165
  C:74ABH         LINE#         166
  C:74ABH         LINE#         167
  C:74B0H         LINE#         168
  C:74B0H         LINE#         169
  C:74B0H         LINE#         170
  C:74B9H         LINE#         171
  C:74B9H         LINE#         172
  C:74B9H         LINE#         173
  C:74BCH         LINE#         174
  C:74BCH         LINE#         175
  -------         ENDPROC       _DAY_OF_YEAR
  -------         ENDMOD        PCF85063BTL

  -------         MODULE        LCD_DRIVER_SPLC780D
  C:0000H         SYMBOL        _ICE_DUMMY_
  D:0092H         PUBLIC        P1M0
  D:0091H         PUBLIC        P1M1
  D:0080H         PUBLIC        P0
  D:0090H         PUBLIC        P1
BL51 BANKED LINKER/LOCATER V6.22                                                      08/28/2019  16:24:09  PAGE 25


  D:00A0H         PUBLIC        P2
  D:00B0H         PUBLIC        P3
  D:00C0H         PUBLIC        P4
  D:00C8H         PUBLIC        P5
  D:00E8H         PUBLIC        P6
  D:00F8H         PUBLIC        P7
  C:74C1H         PUBLIC        _WriteData
  D:00A8H         PUBLIC        IE
  D:00B8H         PUBLIC        IP
  D:00D8H         PUBLIC        CCON
  B:00B0H.4       PUBLIC        LCD_D4
  B:00B0H.5       PUBLIC        LCD_D5
  B:00B0H.6       PUBLIC        LCD_D6
  C:7B94H         PUBLIC        _DisplayLCD
  B:00B0H.7       PUBLIC        LCD_D7
  D:0098H         PUBLIC        SCON
  D:0088H         PUBLIC        TCON
  C:7D20H         PUBLIC        LCD_clear
  C:7843H         PUBLIC        _Command
  C:7C10H         PUBLIC        _Display_Line
  C:7671H         PUBLIC        LCD_Init
  C:7AD3H         PUBLIC        _Wait_ms
  B:00C0H.0       PUBLIC        LCD_RS
  B:0090H.3       PUBLIC        LCD_RW
  C:7D16H         PUBLIC        LCD_return_home
  C:66DCH         PUBLIC        _Display_Pos
  B:00B0H.3       PUBLIC        LCD_E
  D:00D0H         PUBLIC        PSW
  -------         PROC          LCD_INIT
  C:7671H         LINE#         9
  C:7671H         LINE#         10
  C:7671H         LINE#         11
  C:7674H         LINE#         12
  C:7677H         LINE#         14
  C:767DH         LINE#         15
  C:7682H         LINE#         17
  C:7689H         LINE#         18
  C:768EH         LINE#         20
  C:7691H         LINE#         21
  C:7696H         LINE#         23
  C:7699H         LINE#         24
  C:769EH         LINE#         26
  C:76A5H         LINE#         29
  C:76AAH         LINE#         30
  C:76AFH         LINE#         32
  C:76B4H         LINE#         33
  C:76B9H         LINE#         35
  C:76BEH         LINE#         36
  C:76C3H         LINE#         37
  -------         ENDPROC       LCD_INIT
  C:74BDH         SYMBOL        L?0035
  -------         PROC          L?0034
  -------         ENDPROC       L?0034
  C:74BDH         SYMBOL        L?0035
  -------         PROC          _WRITEDATA
  X:0508H         SYMBOL        dat
  C:74C1H         LINE#         40
BL51 BANKED LINKER/LOCATER V6.22                                                      08/28/2019  16:24:09  PAGE 26


  C:74C6H         LINE#         41
  C:74C6H         LINE#         46
  C:74C8H         LINE#         47
  C:74CAH         LINE#         49
  C:74D8H         LINE#         50
  C:74E4H         LINE#         51
  C:74F0H         LINE#         52
  C:74FAH         LINE#         53
  C:74FCH         LINE#         54
  C:7503H         LINE#         55
  C:7505H         LINE#         57
  C:7515H         LINE#         58
  C:7520H         LINE#         59
  C:752AH         LINE#         60
  C:752EH         LINE#         62
  C:752EH         LINE#         63
  C:7531H         LINE#         64
  C:7533H         LINE#         65
  C:7535H         LINE#         67
  -------         ENDPROC       _WRITEDATA
  -------         PROC          _COMMAND
  D:0007H         SYMBOL        dat
  C:7843H         LINE#         69
  C:7843H         LINE#         70
  C:7843H         LINE#         71
  C:7845H         LINE#         72
  C:7847H         LINE#         74
  C:7851H         LINE#         75
  C:7855H         LINE#         77
  C:7857H         LINE#         78
  C:7860H         LINE#         79
  C:7864H         LINE#         81
  C:7866H         LINE#         82
  C:786DH         LINE#         83
  C:7871H         LINE#         85
  C:7873H         LINE#         86
  C:7877H         LINE#         87
  C:787BH         LINE#         89
  C:787DH         LINE#         90
  C:787DH         LINE#         91
  C:7880H         LINE#         92
  C:7882H         LINE#         93
  -------         ENDPROC       _COMMAND
  C:7ACFH         SYMBOL        L?0037
  -------         PROC          L?0036
  -------         ENDPROC       L?0036
  C:7ACFH         SYMBOL        L?0037
  -------         PROC          _WAIT_MS
  D:0006H         SYMBOL        ms
  -------         DO            
  D:0004H         SYMBOL        De_Cnt
  -------         ENDDO         
  C:7AD3H         LINE#         95
  C:7AD3H         LINE#         96
  C:7AD3H         LINE#         98
  C:7ADDH         LINE#         99
  C:7ADDH         LINE#         100
BL51 BANKED LINKER/LOCATER V6.22                                                      08/28/2019  16:24:09  PAGE 27


  C:7AF0H         LINE#         101
  C:7AF0H         LINE#         102
  -------         ENDPROC       _WAIT_MS
  -------         PROC          _DISPLAYLCD
  D:0007H         SYMBOL        BCD
  -------         DO            
  D:0006H         SYMBOL        first_digit
  X:0408H         SYMBOL        second_digit
  -------         ENDDO         
  C:7B94H         LINE#         103
  C:7B94H         LINE#         104
  C:7B94H         LINE#         106
  C:7B9BH         LINE#         107
  C:7BA4H         LINE#         109
  C:7BA9H         LINE#         111
  -------         ENDPROC       _DISPLAYLCD
  -------         PROC          LCD_RETURN_HOME
  C:7D16H         LINE#         115
  C:7D16H         LINE#         116
  C:7D16H         LINE#         117
  C:7D1BH         LINE#         118
  -------         ENDPROC       LCD_RETURN_HOME
  -------         PROC          LCD_CLEAR
  C:7D20H         LINE#         121
  C:7D20H         LINE#         122
  C:7D20H         LINE#         123
  C:7D25H         LINE#         124
  -------         ENDPROC       LCD_CLEAR
  -------         PROC          _DISPLAY_LINE
  D:0006H         SYMBOL        line
  C:7C10H         LINE#         128
  C:7C10H         LINE#         129
  C:7C10H         LINE#         130
  C:7C16H         LINE#         131
  C:7C16H         LINE#         132
  C:7C18H         LINE#         133
  C:7C18H         LINE#         134
  C:7C1AH         LINE#         136
  C:7C1AH         LINE#         137
  C:7C1FH         LINE#         138
  C:7C24H         LINE#         139
  C:7C24H         LINE#         140
  -------         ENDPROC       _DISPLAY_LINE
  -------         PROC          _DISPLAY_POS
  X:04FDH         SYMBOL        sign_dat
  -------         DO            
  X:0501H         SYMBOL        unit
  X:0502H         SYMBOL        ten
  X:0503H         SYMBOL        hundred
  X:0504H         SYMBOL        thousand
  X:0505H         SYMBOL        after_dot
  X:0506H         SYMBOL        dat
  -------         ENDDO         
  C:66DCH         LINE#         142
  C:66E2H         LINE#         143
  C:66E2H         LINE#         147
  C:66FEH         LINE#         148
BL51 BANKED LINKER/LOCATER V6.22                                                      08/28/2019  16:24:09  PAGE 28


  C:6718H         LINE#         149
  C:673CH         LINE#         151
  C:6786H         LINE#         153
  C:679DH         LINE#         154
  C:67AFH         LINE#         155
  C:67D4H         LINE#         156
  C:67EEH         LINE#         157
  C:6806H         LINE#         158
  C:6806H         LINE#         159
  C:6806H         LINE#         160
  C:6806H         LINE#         161
  C:6806H         LINE#         162
  C:6806H         LINE#         163
  C:6806H         LINE#         164
  C:6806H         LINE#         168
  C:6808H         LINE#         170
  C:6808H         LINE#         172
  C:680DH         LINE#         173
  C:6813H         LINE#         174
  C:6819H         LINE#         175
  C:681FH         LINE#         176
  C:6825H         LINE#         177
  C:682AH         LINE#         178
  C:6830H         LINE#         182
  C:6830H         LINE#         184
  -------         ENDPROC       _DISPLAY_POS
  -------         ENDMOD        LCD_DRIVER_SPLC780D

  -------         MODULE        KEYPAD
  C:0000H         SYMBOL        _ICE_DUMMY_
  D:0093H         PUBLIC        P0M1
  D:0080H         PUBLIC        P0
  D:0090H         PUBLIC        P1
  D:00A0H         PUBLIC        P2
  D:00B0H         PUBLIC        P3
  D:00C0H         PUBLIC        P4
  D:00C8H         PUBLIC        P5
  D:00E8H         PUBLIC        P6
  D:00F8H         PUBLIC        P7
  D:00A8H         PUBLIC        IE
  C:60D8H         PUBLIC        Key_Scan
  D:00B8H         PUBLIC        IP
  D:00D8H         PUBLIC        CCON
  C:7CFEH         PUBLIC        KeyPad_IO_Init
  C:7B76H         PUBLIC        _Delay_ms
  D:0098H         PUBLIC        SCON
  D:0088H         PUBLIC        TCON
  X:0659H         PUBLIC        small_move
  X:065BH         PUBLIC        move
  X:065DH         PUBLIC        auto_mode
  X:065FH         PUBLIC        direction
  X:0661H         PUBLIC        SPI_NOR_ClearEnable
  C:5818H         PUBLIC        Key_Process
  D:00D0H         PUBLIC        PSW
  D:0094H         PUBLIC        P0M0
  -------         PROC          _DELAY_MS
  D:0006H         SYMBOL        ms
BL51 BANKED LINKER/LOCATER V6.22                                                      08/28/2019  16:24:09  PAGE 29


  -------         DO            
  D:0004H         SYMBOL        De_Cnt
  -------         ENDDO         
  C:7B76H         LINE#         20
  C:7B76H         LINE#         21
  C:7B76H         LINE#         23
  C:7B80H         LINE#         24
  C:7B80H         LINE#         25
  C:7B93H         LINE#         26
  C:7B93H         LINE#         27
  -------         ENDPROC       _DELAY_MS
  -------         PROC          KEY_SCAN
  -------         DO            
  X:040EH         SYMBOL        KeyTemp1
  X:040FH         SYMBOL        KeyTemp2
  X:0410H         SYMBOL        KeyValue
  -------         ENDDO         
  C:60D8H         LINE#         28
  C:60D8H         LINE#         29
  C:60D8H         LINE#         34
  C:60DBH         LINE#         37
  C:60DEH         LINE#         39
  C:60E6H         LINE#         40
  C:60EDH         LINE#         41
  C:60EDH         LINE#         43
  C:60F2H         LINE#         44
  C:60F9H         LINE#         45
  C:60F9H         LINE#         48
  C:60FCH         LINE#         49
  C:60FFH         LINE#         50
  C:6104H         LINE#         51
  C:6108H         LINE#         52
  C:6108H         LINE#         53
  C:6110H         LINE#         54
  C:6110H         LINE#         55
  C:6113H         LINE#         56
  C:611BH         LINE#         57
  C:611DH         LINE#         59
  C:6131H         LINE#         60
  C:6131H         LINE#         61
  C:6131H         LINE#         62
  C:6131H         LINE#         63
  C:6137H         LINE#         65
  C:6139H         LINE#         66
  C:6139H         LINE#         67
  C:6139H         LINE#         68
  C:613FH         LINE#         70
  C:6141H         LINE#         71
  C:6141H         LINE#         72
  C:6141H         LINE#         73
  C:6147H         LINE#         75
  C:6149H         LINE#         76
  C:6149H         LINE#         77
  C:6149H         LINE#         78
  C:614FH         LINE#         80
  C:614FH         LINE#         81
  C:614FH         LINE#         82
BL51 BANKED LINKER/LOCATER V6.22                                                      08/28/2019  16:24:09  PAGE 30


  C:614FH         LINE#         85
  C:6152H         LINE#         86
  C:6155H         LINE#         87
  C:615DH         LINE#         88
  C:6161H         LINE#         89
  C:6161H         LINE#         90
  C:6169H         LINE#         91
  C:6169H         LINE#         92
  C:616CH         LINE#         93
  C:6174H         LINE#         94
  C:6176H         LINE#         95
  C:618AH         LINE#         96
  C:618AH         LINE#         97
  C:618AH         LINE#         98
  C:618AH         LINE#         99
  C:6190H         LINE#         101
  C:6192H         LINE#         102
  C:6192H         LINE#         103
  C:6192H         LINE#         104
  C:6198H         LINE#         106
  C:619AH         LINE#         107
  C:619AH         LINE#         108
  C:619AH         LINE#         109
  C:61A0H         LINE#         111
  C:61A2H         LINE#         112
  C:61A2H         LINE#         113
  C:61A2H         LINE#         114
  C:61A7H         LINE#         116
  C:61A7H         LINE#         117
  C:61A7H         LINE#         118
  C:61A7H         LINE#         121
  C:61AAH         LINE#         122
  C:61ADH         LINE#         123
  C:61B5H         LINE#         124
  C:61B9H         LINE#         125
  C:61B9H         LINE#         126
  C:61C1H         LINE#         127
  C:61C1H         LINE#         128
  C:61C4H         LINE#         129
  C:61CCH         LINE#         130
  C:61CEH         LINE#         131
  C:61E2H         LINE#         132
  C:61E2H         LINE#         133
  C:61E2H         LINE#         134
  C:61E2H         LINE#         135
  C:61E8H         LINE#         137
  C:61EAH         LINE#         138
  C:61EAH         LINE#         139
  C:61EAH         LINE#         140
  C:61F0H         LINE#         142
  C:61F2H         LINE#         143
  C:61F2H         LINE#         144
  C:61F2H         LINE#         145
  C:61F8H         LINE#         147
  C:61FAH         LINE#         148
  C:61FAH         LINE#         149
  C:61FAH         LINE#         150
BL51 BANKED LINKER/LOCATER V6.22                                                      08/28/2019  16:24:09  PAGE 31


  C:6200H         LINE#         152
  C:6200H         LINE#         153
  C:6200H         LINE#         154
  C:6200H         LINE#         158
  C:6203H         LINE#         159
  C:6206H         LINE#         160
  C:620EH         LINE#         161
  C:6212H         LINE#         162
  C:6212H         LINE#         163
  C:621AH         LINE#         164
  C:621AH         LINE#         165
  C:621DH         LINE#         166
  C:6225H         LINE#         167
  C:6227H         LINE#         168
  C:623BH         LINE#         169
  C:623BH         LINE#         170
  C:623BH         LINE#         171
  C:623BH         LINE#         172
  C:6241H         LINE#         174
  C:6243H         LINE#         175
  C:6243H         LINE#         176
  C:6243H         LINE#         177
  C:6249H         LINE#         179
  C:624BH         LINE#         180
  C:624BH         LINE#         181
  C:624BH         LINE#         182
  C:6251H         LINE#         184
  C:6253H         LINE#         185
  C:6253H         LINE#         186
  C:6253H         LINE#         187
  C:6259H         LINE#         189
  C:6259H         LINE#         190
  C:6259H         LINE#         191
  C:6259H         LINE#         193
  C:625FH         LINE#         194
  C:625FH         LINE#         196
  C:625FH         LINE#         197
  C:6262H         LINE#         198
  C:6262H         LINE#         199
  C:6262H         LINE#         201
  C:6262H         LINE#         202
  C:6264H         LINE#         203
  C:6264H         LINE#         204
  -------         ENDPROC       KEY_SCAN
  -------         PROC          KEY_PROCESS
  -------         DO            
  X:064AH         SYMBOL        KeyCount
  X:064BH         SYMBOL        KeyNum_Old
  X:064DH         SYMBOL        KeyNum
  X:064FH         SYMBOL        PressedKey
  X:0408H         SYMBOL        d
  D:0002H         SYMBOL        hours
  D:0006H         SYMBOL        mins
  X:040AH         SYMBOL        months
  X:040CH         SYMBOL        days
  -------         ENDDO         
  C:5818H         LINE#         205
BL51 BANKED LINKER/LOCATER V6.22                                                      08/28/2019  16:24:09  PAGE 32


  C:5818H         LINE#         206
  C:5818H         LINE#         210
  C:5827H         LINE#         211
  C:5834H         LINE#         213
  C:5838H         LINE#         214
  C:5838H         LINE#         215
  C:583EH         LINE#         217
  C:583EH         LINE#         218
  C:5855H         LINE#         219
  C:5855H         LINE#         220
  C:585FH         LINE#         221
  C:5865H         LINE#         223
  C:586BH         LINE#         225
  C:586BH         LINE#         226
  C:5882H         LINE#         227
  C:5882H         LINE#         228
  C:5887H         LINE#         230
  C:5887H         LINE#         231
  C:5897H         LINE#         232
  C:5897H         LINE#         233
  C:589DH         LINE#         235
  C:589DH         LINE#         236
  C:58AFH         LINE#         237
  C:58AFH         LINE#         238
  C:58B9H         LINE#         239
  C:58C1H         LINE#         241
  C:58CAH         LINE#         243
  C:58CAH         LINE#         252
  C:58E9H         LINE#         253
  C:58E9H         LINE#         254
  C:5908H         LINE#         255
  C:590EH         LINE#         256
  C:5916H         LINE#         257
  C:5916H         LINE#         259
  C:5917H         LINE#         265
  C:5923H         LINE#         266
  C:5923H         LINE#         267
  C:5940H         LINE#         268
  C:5957H         LINE#         269
  C:596EH         LINE#         270
  C:596EH         LINE#         271
  C:5981H         LINE#         272
  C:5994H         LINE#         273
  C:5994H         LINE#         274
  C:5994H         LINE#         275
  C:5997H         LINE#         280
  C:59A6H         LINE#         281
  C:59A6H         LINE#         282
  C:59C9H         LINE#         283
  C:59E6H         LINE#         284
  C:59EFH         LINE#         285
  C:59EFH         LINE#         286
  C:59F6H         LINE#         287
  C:59F6H         LINE#         288
  C:5A07H         LINE#         289
  C:5A07H         LINE#         290
  C:5A16H         LINE#         291
BL51 BANKED LINKER/LOCATER V6.22                                                      08/28/2019  16:24:09  PAGE 33


  C:5A16H         LINE#         292
  C:5A16H         LINE#         293
  C:5A19H         LINE#         295
  C:5A19H         LINE#         296
  C:5A25H         LINE#         297
  C:5A25H         LINE#         298
  C:5A37H         LINE#         299
  C:5A37H         LINE#         300
  C:5A47H         LINE#         301
  C:5A47H         LINE#         302
  C:5A47H         LINE#         304
  C:5A49H         LINE#         306
  C:5A49H         LINE#         307
  C:5A58H         LINE#         308
  C:5A58H         LINE#         309
  C:5A68H         LINE#         310
  C:5A68H         LINE#         311
  C:5A68H         LINE#         313
  C:5A68H         LINE#         315
  C:5A68H         LINE#         316
  C:5A6AH         LINE#         318
  C:5A6AH         LINE#         319
  C:5A71H         LINE#         320
  C:5A71H         LINE#         321
  C:5A80H         LINE#         322
  C:5A80H         LINE#         323
  C:5A90H         LINE#         324
  C:5A90H         LINE#         325
  C:5A90H         LINE#         326
  C:5A92H         LINE#         328
  C:5A92H         LINE#         329
  C:5AA1H         LINE#         330
  C:5AA1H         LINE#         331
  C:5AB4H         LINE#         332
  C:5AC7H         LINE#         333
  C:5AC7H         LINE#         334
  C:5AC7H         LINE#         335
  C:5AC7H         LINE#         336
  C:5AD0H         LINE#         338
  C:5AD0H         LINE#         340
  C:5B0AH         LINE#         341
  C:5B0AH         LINE#         342
  C:5B11H         LINE#         343
  C:5B11H         LINE#         344
  C:5B1BH         LINE#         345
  C:5B1BH         LINE#         346
  C:5B1EH         LINE#         347
  C:5B23H         LINE#         348
  C:5B28H         LINE#         349
  C:5B2DH         LINE#         350
  C:5B32H         LINE#         351
  C:5B37H         LINE#         352
  C:5B3CH         LINE#         353
  C:5B41H         LINE#         354
  C:5B41H         LINE#         355
  C:5B41H         LINE#         357
  C:5B5FH         LINE#         358
BL51 BANKED LINKER/LOCATER V6.22                                                      08/28/2019  16:24:09  PAGE 34


  C:5B5FH         LINE#         359
  C:5B66H         LINE#         360
  C:5B66H         LINE#         361
  C:5B6BH         LINE#         362
  C:5B74H         LINE#         363
  C:5B93H         LINE#         364
  C:5B93H         LINE#         365
  C:5BA3H         LINE#         367
  C:5BA3H         LINE#         371
  -------         ENDPROC       KEY_PROCESS
  -------         PROC          KEYPAD_IO_INIT
  C:7CFEH         LINE#         374
  C:7CFEH         LINE#         375
  C:7CFEH         LINE#         376
  C:7D01H         LINE#         377
  C:7D04H         LINE#         378
  C:7D07H         LINE#         379
[...]
  C:62E1H         LINE#         328
  C:62E4H         LINE#         330
  C:62FEH         LINE#         331
  C:62FEH         LINE#         332
  C:62FEH         LINE#         334
  C:6301H         LINE#         336
  C:631BH         LINE#         337
  C:631BH         LINE#         338
  C:631BH         LINE#         340
  C:631EH         LINE#         342
  C:6338H         LINE#         343
  C:6338H         LINE#         344
  C:6338H         LINE#         346
  C:633BH         LINE#         348
  C:6355H         LINE#         349
  C:6355H         LINE#         350
  C:6355H         LINE#         352
  C:6358H         LINE#         354
  C:6372H         LINE#         355
  C:6372H         LINE#         356
  C:6372H         LINE#         358
  C:6375H         LINE#         360
  C:638FH         LINE#         361
  C:638FH         LINE#         362
  C:638FH         LINE#         364
  C:6392H         LINE#         366
  C:63ACH         LINE#         367
  C:63ACH         LINE#         368
  C:63ACH         LINE#         370
  C:63AFH         LINE#         372
  C:63C9H         LINE#         373
  C:63D0H         LINE#         374
  -------         ENDPROC       SPI_NOR_WRITE_DATA
  -------         ENDMOD        AT25SF041

  -------         MODULE        SI1120
  C:0000H         SYMBOL        _ICE_DUMMY_
  D:0080H         PUBLIC        P0
  D:00B2H         PUBLIC        P3M0
  D:0090H         PUBLIC        P1
  D:00B1H         PUBLIC        P3M1
  D:00A0H         PUBLIC        P2
  D:00B0H         PUBLIC        P3
  D:00C0H         PUBLIC        P4
  D:00C8H         PUBLIC        P5
BL51 BANKED LINKER/LOCATER V6.22                                                      08/28/2019  16:24:09  PAGE 57


  B:00A8H.7       PUBLIC        EA
  D:00E8H         PUBLIC        P6
  D:00F8H         PUBLIC        P7
  D:00A8H         PUBLIC        IE
  D:00B8H         PUBLIC        IP
  C:7931H         PUBLIC        SI1120_CONFIG_MODE_VIRH
  D:00D8H         PUBLIC        CCON
  D:0098H         PUBLIC        SCON
  D:0088H         PUBLIC        TCON
  C:7CE4H         PUBLIC        Enable_EXTINT0
  B:0090H.5       PUBLIC        SI1120_STX
  B:0088H.0       PUBLIC        IT0
  B:00A8H.0       PUBLIC        EX0
  B:0090H.4       PUBLIC        SI1120_MD
  B:0090H.6       PUBLIC        SI1120_SC
  D:00D0H         PUBLIC        PSW
  -------         PROC          SI1120_CONFIG_MODE_VIRH
  C:7931H         LINE#         4
  C:7931H         LINE#         5
  C:7931H         LINE#         6
  C:7933H         LINE#         7
  C:7935H         LINE#         8
  C:7937H         LINE#         10
  C:793EH         LINE#         11
  C:7940H         LINE#         13
  C:7942H         LINE#         14
  C:7944H         LINE#         16
  C:794BH         LINE#         18
  C:794DH         LINE#         20
  C:7954H         LINE#         23
  C:7956H         LINE#         25
  C:7958H         LINE#         27
  C:795FH         LINE#         29
  C:7961H         LINE#         31
  -------         ENDPROC       SI1120_CONFIG_MODE_VIRH
  -------         PROC          ENABLE_EXTINT0
  C:7CE4H         LINE#         33
  C:7CE4H         LINE#         34
  C:7CE4H         LINE#         35
  C:7CE7H         LINE#         36
  C:7CEAH         LINE#         37
  C:7CECH         LINE#         38
  C:7CEEH         LINE#         39
  C:7CF0H         LINE#         40
  -------         ENDPROC       ENABLE_EXTINT0
  -------         ENDMOD        SI1120

  -------         MODULE        UART1
  C:0000H         SYMBOL        _ICE_DUMMY_
  D:0080H         PUBLIC        P0
  D:0090H         PUBLIC        P1
  D:00A0H         PUBLIC        P2
  D:00B0H         PUBLIC        P3
  D:00C0H         PUBLIC        P4
  D:00C8H         PUBLIC        P5
  C:7AF1H         PUBLIC        _uart1_SendToTCPServer
  B:00A8H.7       PUBLIC        EA
BL51 BANKED LINKER/LOCATER V6.22                                                      08/28/2019  16:24:09  PAGE 58


  D:00E8H         PUBLIC        P6
  D:00F8H         PUBLIC        P7
  C:78FEH         PUBLIC        _SendString
  D:00A8H         PUBLIC        IE
  B:00A8H.4       PUBLIC        ES
  D:00B8H         PUBLIC        IP
  C:7BE3H         PUBLIC        _ASCIItoBCD
  D:00D8H         PUBLIC        CCON
  C:7C99H         PUBLIC        initUART1
  D:0098H         PUBLIC        SCON
  D:0088H         PUBLIC        TCON
  C:7D52H         PUBLIC        _DectoBCD
  C:001EH         PUBLIC        _ASCII_Letter
  D:008EH         PUBLIC        AUXR
  C:0006H         PUBLIC        _unit
  C:7D4BH         PUBLIC        _ten
  D:00D6H         PUBLIC        T2H
  D:00D7H         PUBLIC        T2L
  C:7D3CH         PUBLIC        uart1_InitTCPConn
  D:00D0H         PUBLIC        PSW
  -------         PROC          INITUART1
  C:7C99H         LINE#         24
  C:7C99H         LINE#         25
  C:7C99H         LINE#         26
  C:7C9CH         LINE#         27
  C:7C9FH         LINE#         28
  C:7CA2H         LINE#         29
  C:7CA5H         LINE#         30
  C:7CA7H         LINE#         31
  C:7CA9H         LINE#         33
  -------         ENDPROC       INITUART1
  -------         PROC          _SENDSTRING
  X:04FDH         SYMBOL        s
  C:78FEH         LINE#         36
  C:7909H         LINE#         37
  C:7909H         LINE#         38
  C:7919H         LINE#         39
  C:7919H         LINE#         40
  C:792EH         LINE#         41
  C:7930H         LINE#         42
  -------         ENDPROC       _SENDSTRING
  -------         PROC          _TEN
  D:0007H         SYMBOL        BCD
  C:7D4BH         LINE#         44
  C:7D4BH         LINE#         45
  C:7D4BH         LINE#         46
  C:7D50H         LINE#         47
  -------         ENDPROC       _TEN
  -------         PROC          _UNIT
  D:0007H         SYMBOL        BCD
  C:0006H         LINE#         48
  C:0006H         LINE#         49
  C:0006H         LINE#         53
  C:000AH         LINE#         54
  -------         ENDPROC       _UNIT
  -------         PROC          _DECTOBCD
  D:0007H         SYMBOL        dec
BL51 BANKED LINKER/LOCATER V6.22                                                      08/28/2019  16:24:09  PAGE 59


  C:7D52H         LINE#         55
  C:7D52H         LINE#         56
  C:7D52H         LINE#         58
  C:7D52H         LINE#         59
  -------         ENDPROC       _DECTOBCD
  -------         PROC          _ASCII_LETTER
  D:0007H         SYMBOL        dat
  C:001EH         LINE#         61
  C:001EH         LINE#         62
  C:001EH         LINE#         64
  C:0022H         LINE#         65
  -------         ENDPROC       _ASCII_LETTER
  -------         PROC          _ASCIITOBCD
  D:0001H         SYMBOL        ascii
  -------         DO            
  D:0007H         SYMBOL        dec_val
  D:0006H         SYMBOL        ten
  D:0007H         SYMBOL        unit
  -------         ENDDO         
  C:7BE3H         LINE#         67
  C:7BE3H         LINE#         68
  C:7BE3H         LINE#         70
  C:7BE6H         LINE#         71
  C:7BECH         LINE#         72
  C:7BF3H         LINE#         73
  C:7BF9H         LINE#         75
  -------         ENDPROC       _ASCIITOBCD
  -------         PROC          UART1_INITTCPCONN
  C:7D3CH         LINE#         77
  C:7D3CH         LINE#         78
  C:7D3CH         LINE#         82
  -------         ENDPROC       UART1_INITTCPCONN
  -------         PROC          _UART1_SENDTOTCPSERVER
  X:0408H         SYMBOL        str
  C:7AF1H         LINE#         85
  C:7AFCH         LINE#         86
  C:7AFCH         LINE#         87
  C:7B05H         LINE#         88
  C:7B0CH         LINE#         89
  -------         ENDPROC       _UART1_SENDTOTCPSERVER
  -------         ENDMOD        UART1

  -------         MODULE        ?C_STARTUP
  C:73A9H         SEGMENT       ?C_C51STARTUP
  I:0022H         SEGMENT       ?STACK
  C:0000H         PUBLIC        ?C_STARTUP
  D:00E0H         SYMBOL        ACC
  D:00F0H         SYMBOL        B
  D:0083H         SYMBOL        DPH
  D:0082H         SYMBOL        DPL
  N:0000H         SYMBOL        IBPSTACK
  N:0100H         SYMBOL        IBPSTACKTOP
  N:0080H         SYMBOL        IDATALEN
  C:73ACH         SYMBOL        IDATALOOP
  N:0000H         SYMBOL        PBPSTACK
  N:0100H         SYMBOL        PBPSTACKTOP
  N:0000H         SYMBOL        PDATALEN
BL51 BANKED LINKER/LOCATER V6.22                                                      08/28/2019  16:24:09  PAGE 60


  N:0000H         SYMBOL        PDATASTART
  N:0000H         SYMBOL        PPAGE
  N:0000H         SYMBOL        PPAGEENABLE
  D:00A0H         SYMBOL        PPAGE_SFR
  D:0081H         SYMBOL        SP
  C:73A9H         SYMBOL        STARTUP1
  N:0000H         SYMBOL        XBPSTACK
  N:0000H         SYMBOL        XBPSTACKTOP
  N:0000H         SYMBOL        XDATALEN
  N:0000H         SYMBOL        XDATASTART
  C:0000H         LINE#         126
  C:73A9H         LINE#         133
  C:73ABH         LINE#         134
  C:73ACH         LINE#         135
  C:73ADH         LINE#         136
  C:73AFH         LINE#         185
  C:73B2H         LINE#         196
  -------         ENDMOD        ?C_STARTUP

  -------         MODULE        ?C?FPADD
  C:2497H         PUBLIC        ?C?FPADD
  C:2493H         PUBLIC        ?C?FPSUB
  -------         ENDMOD        ?C?FPADD

  -------         MODULE        ?C?FPMUL
  C:2588H         PUBLIC        ?C?FPMUL
  -------         ENDMOD        ?C?FPMUL

  -------         MODULE        ?C?FPDIV
  C:2691H         PUBLIC        ?C?FPDIV
  -------         ENDMOD        ?C?FPDIV

  -------         MODULE        ?C?FPCMP
  C:2730H         PUBLIC        ?C?FPCMP
  C:272EH         PUBLIC        ?C?FPCMP3
  -------         ENDMOD        ?C?FPCMP

  -------         MODULE        ?C?FPNEG
  C:27A7H         PUBLIC        ?C?FPNEG
  -------         ENDMOD        ?C?FPNEG

  -------         MODULE        ?C?FCAST
  C:27C2H         PUBLIC        ?C?FCASTC
  C:27BDH         PUBLIC        ?C?FCASTI
  C:27B8H         PUBLIC        ?C?FCASTL
  -------         ENDMOD        ?C?FCAST

  -------         MODULE        ?C?CASTF
  C:27F6H         PUBLIC        ?C?CASTF
  -------         ENDMOD        ?C?CASTF

  -------         MODULE        PRINTF
  X:04FDH         PUBLIC        ?_PRINTF?BYTE
  X:04FDH         PUBLIC        ?_SPRINTF?BYTE
  C:4B9CH         PUBLIC        _PRINTF
  C:4B96H         PUBLIC        _SPRINTF
  -------         ENDMOD        PRINTF
BL51 BANKED LINKER/LOCATER V6.22                                                      08/28/2019  16:24:09  PAGE 61



  -------         MODULE        FABS
  C:7CF1H         PUBLIC        _FABS
  -------         ENDMOD        FABS

  -------         MODULE        ATAN2
  X:04AFH         PUBLIC        ?_atan2?BYTE
  C:71D6H         PUBLIC        _atan2
  -------         ENDMOD        ATAN2

  -------         MODULE        SIN
  C:6436H         PUBLIC        _COS
  C:644CH         PUBLIC        _SIN
  C:6488H         PUBLIC        _TAN
  -------         ENDMOD        SIN

  -------         MODULE        ACOS
  C:77B5H         PUBLIC        _ACOS
  -------         ENDMOD        ACOS

  -------         MODULE        ASIN
  C:78C3H         PUBLIC        _ASIN
  -------         ENDMOD        ASIN

  -------         MODULE        POW
  X:03BCH         PUBLIC        ?_pow?BYTE
  C:6576H         PUBLIC        _pow
  -------         ENDMOD        POW

  -------         MODULE        ?C?CHKFLOAT
  C:2877H         PUBLIC        ?C?CHKFLOAT
  -------         ENDMOD        ?C?CHKFLOAT

  -------         MODULE        ?C?FPROUND
  C:2891H         PUBLIC        ?C?FPROUND
  -------         ENDMOD        ?C?FPROUND

  -------         MODULE        ?C?FPCONVERT
  C:28CEH         PUBLIC        ?C?FPCONVERT
  -------         ENDMOD        ?C?FPCONVERT

  -------         MODULE        EXP
  C:7347H         PUBLIC        _EXP
  -------         ENDMOD        EXP

  -------         MODULE        LOG
  C:6865H         PUBLIC        _LOG
  C:6861H         PUBLIC        _LOG10
  -------         ENDMOD        LOG

  -------         MODULE        SQRT
  C:708DH         PUBLIC        _SQRT
  -------         ENDMOD        SQRT

  -------         MODULE        ATAN
  C:697AH         PUBLIC        _ATAN
  -------         ENDMOD        ATAN
BL51 BANKED LINKER/LOCATER V6.22                                                      08/28/2019  16:24:09  PAGE 62



  -------         MODULE        ?C?FTNPWR
  C:2A50H         PUBLIC        ?C?FTNPWR
  -------         ENDMOD        ?C?FTNPWR

  -------         MODULE        ?C?COPY
  C:2B60H         PUBLIC        ?C?COPY
  -------         ENDMOD        ?C?COPY

  -------         MODULE        ?C?CLDPTR
  C:2B86H         PUBLIC        ?C?CLDPTR
  -------         ENDMOD        ?C?CLDPTR

  -------         MODULE        ?C?CLDOPTR
  C:2B9FH         PUBLIC        ?C?CLDOPTR
  -------         ENDMOD        ?C?CLDOPTR

  -------         MODULE        ?C?CSTPTR
  C:2BCCH         PUBLIC        ?C?CSTPTR
  -------         ENDMOD        ?C?CSTPTR

  -------         MODULE        ?C?IMUL
  C:2BDEH         PUBLIC        ?C?IMUL
  -------         ENDMOD        ?C?IMUL

  -------         MODULE        ?C?UIDIV
  C:2BF0H         PUBLIC        ?C?UIDIV
  -------         ENDMOD        ?C?UIDIV

  -------         MODULE        ?C?SIDIV
  C:2C45H         PUBLIC        ?C?SIDIV
  -------         ENDMOD        ?C?SIDIV

  -------         MODULE        ?C?ILDIX
  C:2C7BH         PUBLIC        ?C?ILDIX
  -------         ENDMOD        ?C?ILDIX

  -------         MODULE        ?C?ILDOPTR
  C:2C91H         PUBLIC        ?C?ILDOPTR
  -------         ENDMOD        ?C?ILDOPTR

  -------         MODULE        ?C?ISTPTR
  C:2CC9H         PUBLIC        ?C?ISTPTR
  -------         ENDMOD        ?C?ISTPTR

  -------         MODULE        ?C?LMUL
  C:2CE8H         PUBLIC        ?C?LMUL
  -------         ENDMOD        ?C?LMUL

  -------         MODULE        ?C?SLDIV
  C:77FFH         PUBLIC        ?C?SLDIV
  -------         ENDMOD        ?C?SLDIV

  -------         MODULE        ?C?LNEG
  C:2D37H         PUBLIC        ?C?LNEG
  -------         ENDMOD        ?C?LNEG

BL51 BANKED LINKER/LOCATER V6.22                                                      08/28/2019  16:24:09  PAGE 63


  -------         MODULE        ?C?ULCMP
  C:2D45H         PUBLIC        ?C?ULCMP
  -------         ENDMOD        ?C?ULCMP

  -------         MODULE        ?C?LSHL
  C:2D56H         PUBLIC        ?C?LSHL
  -------         ENDMOD        ?C?LSHL

  -------         MODULE        ?C?LLDPTR
  C:2D69H         PUBLIC        ?C?LLDPTR
  -------         ENDMOD        ?C?LLDPTR

  -------         MODULE        ?C?LLDOPTR
  C:2D89H         PUBLIC        ?C?LLDOPTR
  -------         ENDMOD        ?C?LLDOPTR

  -------         MODULE        ?C?LSTPTR
  C:2DB9H         PUBLIC        ?C?LSTPTR
  -------         ENDMOD        ?C?LSTPTR

  -------         MODULE        ?C?LSTOPTR
  C:2DD3H         PUBLIC        ?C?LSTOPTR
  -------         ENDMOD        ?C?LSTOPTR

  -------         MODULE        ?C?LLDXDATA
  C:2DF7H         PUBLIC        ?C?LLDXDATA
  -------         ENDMOD        ?C?LLDXDATA

  -------         MODULE        ?C?LLDCODE
  C:2E03H         PUBLIC        ?C?LLDCODE
  -------         ENDMOD        ?C?LLDCODE

  -------         MODULE        ?C?LLDXDATA0
  C:2E13H         PUBLIC        ?C?LLDXDATA0
  -------         ENDMOD        ?C?LLDXDATA0

  -------         MODULE        ?C?LLDCODE0
  C:2E1FH         PUBLIC        ?C?LLDCODE0
  -------         ENDMOD        ?C?LLDCODE0

  -------         MODULE        ?C?LLDPTR0
  C:2E2FH         PUBLIC        ?C?LLDPTR0
  -------         ENDMOD        ?C?LLDPTR0

  -------         MODULE        ?C?LSTXDATA
  C:2E4FH         PUBLIC        ?C?LSTXDATA
  -------         ENDMOD        ?C?LSTXDATA

  -------         MODULE        ?C?LSTKXDATA
  C:2E5BH         PUBLIC        ?C?LSTKXDATA
  -------         ENDMOD        ?C?LSTKXDATA

  -------         MODULE        ?C?LSTKPTR
  C:2E8CH         PUBLIC        ?C?LSTKPTR
  -------         ENDMOD        ?C?LSTKPTR

  -------         MODULE        ?C?OFFXADD
BL51 BANKED LINKER/LOCATER V6.22                                                      08/28/2019  16:24:09  PAGE 64


  C:2EA6H         PUBLIC        ?C?OFFXADD
  -------         ENDMOD        ?C?OFFXADD

  -------         MODULE        ?C?PLDIXDATA
  C:2EB2H         PUBLIC        ?C?PLDIXDATA
  -------         ENDMOD        ?C?PLDIXDATA

  -------         MODULE        ?C?PSTXDATA
  C:2EC9H         PUBLIC        ?C?PSTXDATA
  -------         ENDMOD        ?C?PSTXDATA

  -------         MODULE        ?C?CCASE
  C:2ED2H         PUBLIC        ?C?CCASE
  -------         ENDMOD        ?C?CCASE

  -------         MODULE        PUTCHAR
  C:7A81H         PUBLIC        _PUTCHAR
  -------         ENDMOD        PUTCHAR

  -------         MODULE        ABS
  C:7D0AH         PUBLIC        _ABS
  -------         ENDMOD        ABS

  -------         MODULE        ATOI
  C:6D83H         PUBLIC        _atoi
  -------         ENDMOD        ATOI

  -------         MODULE        ?C?IILDX
  C:2EF8H         PUBLIC        ?C?IILDX
  -------         ENDMOD        ?C?IILDX

  -------         MODULE        ?C?ULDIV
  C:2F4AH         PUBLIC        ?C?ULDIV
  -------         ENDMOD        ?C?ULDIV

  -------         MODULE        ?C?LLDIDATA
  C:2FDCH         PUBLIC        ?C?LLDIDATA
  -------         ENDMOD        ?C?LLDIDATA

  -------         MODULE        ?C?LLDPDATA
  C:2FE8H         PUBLIC        ?C?LLDPDATA
  -------         ENDMOD        ?C?LLDPDATA

  -------         MODULE        ?C?LLDIDATA0
  C:2FF4H         PUBLIC        ?C?LLDIDATA0
  -------         ENDMOD        ?C?LLDIDATA0

  -------         MODULE        ?C?LLDPDATA0
  C:3001H         PUBLIC        ?C?LLDPDATA0
  -------         ENDMOD        ?C?LLDPDATA0

  -------         MODULE        ?C?LSTIDATA
  C:300EH         PUBLIC        ?C?LSTIDATA
  -------         ENDMOD        ?C?LSTIDATA

  -------         MODULE        ?C?LSTPDATA
  C:301AH         PUBLIC        ?C?LSTPDATA
BL51 BANKED LINKER/LOCATER V6.22                                                      08/28/2019  16:24:09  PAGE 65


  -------         ENDMOD        ?C?LSTPDATA

  -------         MODULE        ?C?LSTKIDATA
  C:3026H         PUBLIC        ?C?LSTKIDATA
  -------         ENDMOD        ?C?LSTKIDATA

  -------         MODULE        ?C?LSTKPDATA
  C:303FH         PUBLIC        ?C?LSTKPDATA
  -------         ENDMOD        ?C?LSTKPDATA

  -------         MODULE        ISDIGIT
  C:7CC8H         PUBLIC        _isdigit
  -------         ENDMOD        ISDIGIT

  -------         MODULE        ISSPACE
  C:7C63H         PUBLIC        _isspace
  -------         ENDMOD        ISSPACE

*** WARNING L16: UNCALLED SEGMENT, IGNORED FOR OVERLAY PROCESS
    SEGMENT: ?PR?_DAY_OF_YEAR?PCF85063BTL

*** WARNING L16: UNCALLED SEGMENT, IGNORED FOR OVERLAY PROCESS
    SEGMENT: ?PR?_FINDCLOSESTSAMEDAYCALIBTIME?CALIBRATION

*** WARNING L16: UNCALLED SEGMENT, IGNORED FOR OVERLAY PROCESS
    SEGMENT: ?PR?NOP?IOEXPANDER_PI4IOE5V96248

*** WARNING L16: UNCALLED SEGMENT, IGNORED FOR OVERLAY PROCESS
    SEGMENT: ?PR?UC_ACK?IOEXPANDER_PI4IOE5V96248

*** WARNING L16: UNCALLED SEGMENT, IGNORED FOR OVERLAY PROCESS
    SEGMENT: ?PR?UC_NACK?IOEXPANDER_PI4IOE5V96248

*** WARNING L16: UNCALLED SEGMENT, IGNORED FOR OVERLAY PROCESS
    SEGMENT: ?PR?_TEN?UART1

*** WARNING L16: UNCALLED SEGMENT, IGNORED FOR OVERLAY PROCESS
    SEGMENT: ?PR?_UNIT?UART1

*** WARNING L16: UNCALLED SEGMENT, IGNORED FOR OVERLAY PROCESS
    SEGMENT: ?PR?_DECTOBCD?UART1

*** WARNING L16: UNCALLED SEGMENT, IGNORED FOR OVERLAY PROCESS
    SEGMENT: ?PR?_ASCII_LETTER?UART1

*** WARNING L16: UNCALLED SEGMENT, IGNORED FOR OVERLAY PROCESS
    SEGMENT: ?PR?_ASCIITOBCD?UART1

Program Size: data=15.4 xdata=1642 code=32083
LINK/LOCATE RUN COMPLETE.  10 WARNING(S),  0 ERROR(S)
