BL51 BANKED LINKER/LOCATER V6.22                                                        11/19/2018  11:49:54  PAGE 1


BL51 BANKED LINKER/LOCATER V6.22, INVOKED BY:
C:\KEIL_V5\C51\BIN\BL51.EXE .\Obj\main.obj, .\Obj\PCF85063BTL.obj, .\Obj\UART1.obj, .\Obj\LCd_Driver_SPLC780D.obj, .\Obj
>> \KeyPad.obj, .\Obj\VCNL4035.obj, .\Obj\BipolarMotor.obj, .\Obj\SunPos.obj, .\Obj\ADC.obj, .\Obj\Calibration.obj, .\Ob
>> j\STARTUP.obj TO .\Obj\GPIO_RTC_Test PRINT (.\Lis\GPIO_RTC_Test.m51) RAMSIZE (256)


MEMORY MODEL: LARGE WITH FLOATING POINT ARITHMETIC


INPUT MODULES INCLUDED:
  .\Obj\main.obj (MAIN)
  .\Obj\PCF85063BTL.obj (PCF85063BTL)
  .\Obj\UART1.obj (UART1)
  .\Obj\LCd_Driver_SPLC780D.obj (LCD_DRIVER_SPLC780D)
  .\Obj\KeyPad.obj (KEYPAD)
  .\Obj\VCNL4035.obj (VCNL4035)
  .\Obj\BipolarMotor.obj (BIPOLARMOTOR)
  .\Obj\SunPos.obj (SUNPOS)
  .\Obj\ADC.obj (ADC)
  .\Obj\Calibration.obj (CALIBRATION)
  .\Obj\STARTUP.obj (?C_STARTUP)
  C:\KEIL_V5\C51\LIB\C51FPL.LIB (?C?FPADD)
  C:\KEIL_V5\C51\LIB\C51FPL.LIB (?C?FPMUL)
  C:\KEIL_V5\C51\LIB\C51FPL.LIB (?C?FPDIV)
  C:\KEIL_V5\C51\LIB\C51FPL.LIB (?C?FPCMP)
  C:\KEIL_V5\C51\LIB\C51FPL.LIB (?C?FPNEG)
  C:\KEIL_V5\C51\LIB\C51FPL.LIB (?C?FCAST)
  C:\KEIL_V5\C51\LIB\C51FPL.LIB (?C?CASTF)
  C:\KEIL_V5\C51\LIB\C51FPL.LIB (ATAN2)
  C:\KEIL_V5\C51\LIB\C51FPL.LIB (SIN)
  C:\KEIL_V5\C51\LIB\C51FPL.LIB (ACOS)
  C:\KEIL_V5\C51\LIB\C51FPL.LIB (ASIN)
  C:\KEIL_V5\C51\LIB\C51FPL.LIB (?C?FPGETOPN)
  C:\KEIL_V5\C51\LIB\C51FPL.LIB (?C?FPSERIES)
  C:\KEIL_V5\C51\LIB\C51FPL.LIB (SQRT)
  C:\KEIL_V5\C51\LIB\C51FPL.LIB (ATAN)
  C:\KEIL_V5\C51\LIB\C51L.LIB (?C_INIT)
  C:\KEIL_V5\C51\LIB\C51L.LIB (?C?COPY)
  C:\KEIL_V5\C51\LIB\C51L.LIB (?C?CLDPTR)
  C:\KEIL_V5\C51\LIB\C51L.LIB (?C?CSTPTR)
  C:\KEIL_V5\C51\LIB\C51L.LIB (?C?IMUL)
  C:\KEIL_V5\C51\LIB\C51L.LIB (?C?UIDIV)
  C:\KEIL_V5\C51\LIB\C51L.LIB (?C?SIDIV)
  C:\KEIL_V5\C51\LIB\C51L.LIB (?C?ILDIX)
  C:\KEIL_V5\C51\LIB\C51L.LIB (?C?ILDOPTR)
  C:\KEIL_V5\C51\LIB\C51L.LIB (?C?LMUL)
  C:\KEIL_V5\C51\LIB\C51L.LIB (?C?SLDIV)
  C:\KEIL_V5\C51\LIB\C51L.LIB (?C?LNEG)
  C:\KEIL_V5\C51\LIB\C51L.LIB (?C?LLDPTR)
  C:\KEIL_V5\C51\LIB\C51L.LIB (?C?LLDOPTR)
  C:\KEIL_V5\C51\LIB\C51L.LIB (?C?LSTPTR)
  C:\KEIL_V5\C51\LIB\C51L.LIB (?C?LSTOPTR)
  C:\KEIL_V5\C51\LIB\C51L.LIB (?C?LLDXDATA)
  C:\KEIL_V5\C51\LIB\C51L.LIB (?C?LLDCODE)
  C:\KEIL_V5\C51\LIB\C51L.LIB (?C?LLDXDATA0)
  C:\KEIL_V5\C51\LIB\C51L.LIB (?C?LLDCODE0)
  C:\KEIL_V5\C51\LIB\C51L.LIB (?C?LLDPTR0)
  C:\KEIL_V5\C51\LIB\C51L.LIB (?C?LSTXDATA)
BL51 BANKED LINKER/LOCATER V6.22                                                      11/19/2018  11:49:54  PAGE 2


  C:\KEIL_V5\C51\LIB\C51L.LIB (?C?LSTKXDATA)
  C:\KEIL_V5\C51\LIB\C51L.LIB (?C?OFFXADD)
  C:\KEIL_V5\C51\LIB\C51L.LIB (ABS)
  C:\KEIL_V5\C51\LIB\C51L.LIB (ATOI)
  C:\KEIL_V5\C51\LIB\C51L.LIB (?C?IILDX)
  C:\KEIL_V5\C51\LIB\C51L.LIB (?C?ULDIV)
  C:\KEIL_V5\C51\LIB\C51L.LIB (?C?LLDIDATA)
  C:\KEIL_V5\C51\LIB\C51L.LIB (?C?LLDPDATA)
  C:\KEIL_V5\C51\LIB\C51L.LIB (?C?LLDIDATA0)
  C:\KEIL_V5\C51\LIB\C51L.LIB (?C?LLDPDATA0)
  C:\KEIL_V5\C51\LIB\C51L.LIB (?C?LSTIDATA)
  C:\KEIL_V5\C51\LIB\C51L.LIB (?C?LSTPDATA)
  C:\KEIL_V5\C51\LIB\C51L.LIB (ISDIGIT)
  C:\KEIL_V5\C51\LIB\C51L.LIB (ISSPACE)


LINK MAP OF MODULE:  .\Obj\GPIO_RTC_Test (MAIN)


            TYPE    BASE      LENGTH    RELOCATION   SEGMENT NAME
            -----------------------------------------------------

            * * * * * * *   D A T A   M E M O R Y   * * * * * * *
            REG     0000H     0008H     ABSOLUTE     "REG BANK 0"
            REG     0008H     0008H     ABSOLUTE     "REG BANK 1"
                    0010H     0010H                  *** GAP ***
            BIT     0020H.0   0000H.4   UNIT         ?BI?KEYPAD
            BIT     0020H.4   0000H.4   UNIT         _BIT_GROUP_
            BIT     0021H.0   0000H.1   UNIT         ?BI?MAIN
                    0021H.1   0000H.7                *** GAP ***
            IDATA   0022H     0001H     UNIT         ?STACK

            * * * * * * *  X D A T A   M E M O R Y  * * * * * * *
            XDATA   0000H     03C1H     UNIT         ?XD?BIPOLARMOTOR
            XDATA   03C1H     0137H     UNIT         _XDATA_GROUP_
            XDATA   04F8H     00EDH     UNIT         ?XD?MAIN
            XDATA   05E5H     0040H     UNIT         ?XD?_FINDDET4X4?BIPOLARMOTOR
            XDATA   0625H     0024H     UNIT         ?XD?_FINDDET3X3?BIPOLARMOTOR
            XDATA   0649H     001EH     UNIT         ?XD?_CALIB_INTERPOLATE?MAIN
            XDATA   0667H     0009H     UNIT         ?XD?KEYPAD
            XDATA   0670H     0008H     UNIT         ?XD?_READ_VCNL4035?VCNL4035
            XDATA   0678H     0004H     UNIT         ?XD?_DISPLAY_PROX?MAIN
            XDATA   067CH     0003H     UNIT         ?XD?_SENDSTRING?UART1
            XDATA   067FH     0003H     UNIT         ?XD?_WRITE_VCNL4035X?VCNL4035
            XDATA   0682H     0001H     UNIT         ?XD?I2C_ACK?VCNL4035
            XDATA   0683H     0001H     UNIT         ?XD?UC_ACK?VCNL4035
            XDATA   0684H     0001H     UNIT         ?XD?UC_NACK?VCNL4035
            XDATA   0685H     0001H     UNIT         ?XD?_DISPLAYLCD_VCNL4035?VCNL4035

            * * * * * * *   C O D E   M E M O R Y   * * * * * * *
            CODE    0000H     0003H     ABSOLUTE     
            CODE    0003H     0006H     UNIT         ?PR?_TEN?UART1
            CODE    0009H     0001H     UNIT         ?PR?_DECTOBCD?UART1
            CODE    000AH     0001H     UNIT         ?PR?NOP?VCNL4035
            CODE    000BH     0003H     ABSOLUTE     
            CODE    000EH     0015H     UNIT         ?PR?_DISPLAY_LINE?LCD_DRIVER_SPLC780D
            CODE    0023H     0003H     ABSOLUTE     
BL51 BANKED LINKER/LOCATER V6.22                                                      11/19/2018  11:49:54  PAGE 3


            CODE    0026H     08FAH     UNIT         ?C?LIB_CODE
            CODE    0920H     07DBH     UNIT         ?PR?_UPDATE_POSITION?BIPOLARMOTOR
            CODE    10FBH     07A2H     UNIT         ?PR?SUNPOS?SUNPOS
            CODE    189DH     0421H     UNIT         ?C_INITSEG
            CODE    1CBEH     03BFH     UNIT         ?PR?MAIN?MAIN
            CODE    207DH     02C0H     UNIT         ?PR?_FINDDET4X4?BIPOLARMOTOR
            CODE    233DH     02A0H     UNIT         ?PR?KEY_PROCESS?KEYPAD
            CODE    25DDH     01FFH     UNIT         ?PR?_FIND_REAL_MAX?CALIBRATION
            CODE    27DCH     01D1H     UNIT         ?PR?_FINDDET3X3?BIPOLARMOTOR
            CODE    29ADH     01B5H     UNIT         ?PR?_DISPLAY_POS?MAIN
            CODE    2B62H     01A1H     UNIT         ?PR?_CALIB_INTERPOLATE?MAIN
            CODE    2D03H     018DH     UNIT         ?PR?KEY_SCAN?KEYPAD
            CODE    2E90H     0188H     UNIT         ?PR?SIN?SIN
            CODE    3018H     0122H     UNIT         ?PR?ATAN?ATAN
            CODE    313AH     00DBH     UNIT         ?PR?_ATOI?ATOI
            CODE    3215H     00C8H     UNIT         ?PR?_CALIBRATION?CALIBRATION
            CODE    32DDH     00BBH     UNIT         ?PR?VOLTAGE_IS_STABLE?CALIBRATION
            CODE    3398H     00B1H     UNIT         ?PR?LINEAR_INTERPOLATE?BIPOLARMOTOR
            CODE    3449H     00ACH     UNIT         ?PR?SQRT?SQRT
            CODE    34F5H     009DH     UNIT         ?PR?_ATAN2?ATAN2
            CODE    3592H     009BH     UNIT         ?PR?UART?MAIN
            CODE    362DH     009AH     UNIT         ?PR?_READ_VCNL4035?VCNL4035
            CODE    36C7H     0095H     UNIT         ?PR?_DISPLAY_PROX?MAIN
            CODE    375CH     0093H     UNIT         ?PR?_MAX_VALUE?CALIBRATION
            CODE    37EFH     008CH     UNIT         ?C_C51STARTUP
            CODE    387BH     0084H     UNIT         ?PR?_DAY_OF_YEAR?PCF85063BTL
            CODE    38FFH     0075H     UNIT         ?PR?_WRITEDATA?LCD_DRIVER_SPLC780D
            CODE    3974H     006FH     UNIT         ?PR?_READ_TIME?PCF85063BTL
            CODE    39E3H     0059H     UNIT         ?PR?LCD_INIT?LCD_DRIVER_SPLC780D
            CODE    3A3CH     004AH     UNIT         ?PR?ACOS?ACOS
            CODE    3A86H     0049H     UNIT         ?PR?_WRITE_VCNL4035X?VCNL4035
            CODE    3ACFH     0047H     UNIT         ?PR?_STEP_MOVE?BIPOLARMOTOR
            CODE    3B16H     0046H     UNIT         ?PR?VONESTEPMOVE?BIPOLARMOTOR
            CODE    3B5CH     0044H     UNIT         ?C?LDIV
            CODE    3BA0H     0040H     UNIT         ?PR?_COMMAND?LCD_DRIVER_SPLC780D
            CODE    3BE0H     003BH     UNIT         ?PR?ASIN?ASIN
            CODE    3C1BH     0033H     UNIT         ?PR?_SENDSTRING?UART1
            CODE    3C4EH     0033H     UNIT         ?PR?_MOVE?BIPOLARMOTOR
            CODE    3C81H     002EH     UNIT         ?PR?_ADC_GETRESULT?ADC
            CODE    3CAFH     002CH     UNIT         ?PR?I2C_RECEIVEBYTE?VCNL4035
            CODE    3CDBH     002BH     UNIT         ?PR?_WAIT_MS_I2C?VCNL4035
            CODE    3D06H     0024H     UNIT         ?PR?_WAIT_MS?LCD_DRIVER_SPLC780D
            CODE    3D2AH     0022H     UNIT         ?PR?_I2C_SENDBYTE?VCNL4035
            CODE    3D4CH     0020H     UNIT         ?PR?_SPI_SENDBYTE?PCF85063BTL
            CODE    3D6CH     0020H     UNIT         ?PR?SPI_RECEIVEBYTE?PCF85063BTL
            CODE    3D8CH     001EH     UNIT         ?PR?_DELAY_MS?KEYPAD
            CODE    3DAAH     001EH     UNIT         ?PR?_WAIT_MS_IIC?VCNL4035
            CODE    3DC8H     001DH     UNIT         ?PR?_DISPLAYLCD?LCD_DRIVER_SPLC780D
            CODE    3DE5H     001BH     UNIT         ?PR?TM0_ISR?MAIN
            CODE    3E00H     001BH     UNIT         ?PR?I2C_ACK?VCNL4035
            CODE    3E1BH     001BH     UNIT         ?PR?_BCDTODEC1?BIPOLARMOTOR
            CODE    3E36H     0018H     UNIT         ?PR?_SPI_WRITETIME?PCF85063BTL
            CODE    3E4EH     0017H     UNIT         ?PR?_ASCIITOBCD?UART1
            CODE    3E65H     0017H     UNIT         ?PR?I2C_INIT?VCNL4035
            CODE    3E7CH     0015H     UNIT         ?PR?I2C_STOP?VCNL4035
            CODE    3E91H     0014H     UNIT         ?PR?_PCF85063BTL_DELAY?PCF85063BTL
            CODE    3EA5H     0014H     UNIT         ?PR?_ISSPACE?ISSPACE
BL51 BANKED LINKER/LOCATER V6.22                                                      11/19/2018  11:49:54  PAGE 4


            CODE    3EB9H     0013H     UNIT         ?PR?I2C_START?VCNL4035
            CODE    3ECCH     0011H     UNIT         ?PR?_SPI_READTIME?PCF85063BTL
            CODE    3EDDH     0011H     UNIT         ?PR?_BCDTODEC?PCF85063BTL
            CODE    3EEEH     0011H     UNIT         ?PR?INITUART1?UART1
            CODE    3EFFH     0010H     UNIT         ?PR?ADC_INIT?ADC
            CODE    3F0FH     000FH     UNIT         ?PR?UC_NACK?VCNL4035
            CODE    3F1EH     000FH     UNIT         ?PR?_ISDIGIT?ISDIGIT
            CODE    3F2DH     000DH     UNIT         ?PR?SPI_INIT?PCF85063BTL
            CODE    3F3AH     000CH     UNIT         ?PR?KEYPAD_IO_INIT?KEYPAD
            CODE    3F46H     000CH     UNIT         ?PR?_ABS?ABS
            CODE    3F52H     000AH     UNIT         ?PR?LCD_RETURN_HOME?LCD_DRIVER_SPLC780D
            CODE    3F5CH     000AH     UNIT         ?PR?LCD_CLEAR?LCD_DRIVER_SPLC780D
            CODE    3F66H     0009H     UNIT         ?PR?_SENDUART1?MAIN
            CODE    3F6FH     0006H     UNIT         ?PR?UC_ACK?VCNL4035
            CODE    3F75H     0006H     UNIT         ?PR?_DISPLAYLCD_VCNL4035?VCNL4035
            CODE    3F7BH     0005H     UNIT         ?PR?_UNIT?UART1
            CODE    3F80H     0005H     UNIT         ?PR?_ASCII_LETTER?UART1
            CODE    3F85H     0001H     UNIT         ?PR?WAIT?BIPOLARMOTOR



OVERLAY MAP OF MODULE:   .\Obj\GPIO_RTC_Test (MAIN)


SEGMENT                                            BIT_GROUP          XDATA_GROUP
  +--> CALLED SEGMENT                           START    LENGTH     START    LENGTH
-----------------------------------------------------------------------------------
?PR?UART?MAIN                                   -----    -----      -----    -----
  +--> ?PR?_ASCIITOBCD?UART1

?PR?_ASCIITOBCD?UART1                           -----    -----      -----    -----
  +--> ?PR?_ATOI?ATOI

?PR?_ATOI?ATOI                                  0020H.4  0000H.1    03C1H    0005H
  +--> ?PR?_ISSPACE?ISSPACE
  +--> ?PR?_ISDIGIT?ISDIGIT

*** NEW ROOT ***************************************************

?C_C51STARTUP                                   -----    -----      -----    -----
  +--> ?PR?MAIN?MAIN
  +--> ?C_INITSEG

?PR?MAIN?MAIN                                   -----    -----      03C6H    000AH
  +--> ?PR?LCD_INIT?LCD_DRIVER_SPLC780D
  +--> ?PR?SPI_INIT?PCF85063BTL
  +--> ?PR?KEYPAD_IO_INIT?KEYPAD
  +--> ?PR?ADC_INIT?ADC
  +--> ?PR?_DELAY_MS?KEYPAD
  +--> ?PR?_DISPLAY_LINE?LCD_DRIVER_SPLC780D
  +--> ?PR?_WRITEDATA?LCD_DRIVER_SPLC780D
  +--> ?PR?KEY_PROCESS?KEYPAD
  +--> ?PR?_COMMAND?LCD_DRIVER_SPLC780D
  +--> ?PR?_DISPLAY_POS?MAIN
  +--> ?PR?_DISPLAYLCD?LCD_DRIVER_SPLC780D
  +--> ?PR?_STEP_MOVE?BIPOLARMOTOR
  +--> ?PR?LCD_RETURN_HOME?LCD_DRIVER_SPLC780D
BL51 BANKED LINKER/LOCATER V6.22                                                      11/19/2018  11:49:54  PAGE 5


  +--> ?PR?_READ_TIME?PCF85063BTL
  +--> ?PR?_DAY_OF_YEAR?PCF85063BTL
  +--> ?PR?_BCDTODEC1?BIPOLARMOTOR
  +--> ?PR?_CALIBRATION?CALIBRATION

?PR?LCD_INIT?LCD_DRIVER_SPLC780D                -----    -----      -----    -----
  +--> ?PR?_WAIT_MS?LCD_DRIVER_SPLC780D
  +--> ?PR?_COMMAND?LCD_DRIVER_SPLC780D

?PR?_COMMAND?LCD_DRIVER_SPLC780D                -----    -----      -----    -----
  +--> ?PR?_WAIT_MS?LCD_DRIVER_SPLC780D

?PR?_DISPLAY_LINE?LCD_DRIVER_SPLC780D           -----    -----      -----    -----
  +--> ?PR?_COMMAND?LCD_DRIVER_SPLC780D

?PR?_WRITEDATA?LCD_DRIVER_SPLC780D              -----    -----      03DAH    0001H
  +--> ?PR?_WAIT_MS?LCD_DRIVER_SPLC780D

?PR?KEY_PROCESS?KEYPAD                          -----    -----      03D0H    0006H
  +--> ?PR?KEY_SCAN?KEYPAD
  +--> ?PR?_SPI_WRITETIME?PCF85063BTL
  +--> ?PR?LCD_CLEAR?LCD_DRIVER_SPLC780D
  +--> ?PR?_COMMAND?LCD_DRIVER_SPLC780D
  +--> ?PR?_WRITEDATA?LCD_DRIVER_SPLC780D

?PR?KEY_SCAN?KEYPAD                             -----    -----      03D6H    0003H

?PR?_SPI_WRITETIME?PCF85063BTL                  -----    -----      -----    -----
  +--> ?PR?_SPI_SENDBYTE?PCF85063BTL

?PR?_SPI_SENDBYTE?PCF85063BTL                   -----    -----      -----    -----
  +--> ?PR?_PCF85063BTL_DELAY?PCF85063BTL

?PR?LCD_CLEAR?LCD_DRIVER_SPLC780D               -----    -----      -----    -----
  +--> ?PR?_COMMAND?LCD_DRIVER_SPLC780D

?PR?_DISPLAY_POS?MAIN                           -----    -----      03D0H    000AH
  +--> ?PR?_ABS?ABS
  +--> ?PR?_WRITEDATA?LCD_DRIVER_SPLC780D

?PR?_DISPLAYLCD?LCD_DRIVER_SPLC780D             -----    -----      03D0H    0001H
  +--> ?PR?_WRITEDATA?LCD_DRIVER_SPLC780D

?PR?_STEP_MOVE?BIPOLARMOTOR                     0020H.6  0000H.1    0493H    0004H
  +--> ?PR?VONESTEPMOVE?BIPOLARMOTOR
  +--> ?PR?_WAIT_MS?LCD_DRIVER_SPLC780D

?PR?VONESTEPMOVE?BIPOLARMOTOR                   0020H.7  0000H.1    0497H    0001H

?PR?LCD_RETURN_HOME?LCD_DRIVER_SPLC780D         -----    -----      -----    -----
  +--> ?PR?_COMMAND?LCD_DRIVER_SPLC780D

?PR?_READ_TIME?PCF85063BTL                      -----    -----      03D0H    000FH
  +--> ?PR?_SPI_READTIME?PCF85063BTL

?PR?_SPI_READTIME?PCF85063BTL                   -----    -----      -----    -----
  +--> ?PR?_SPI_SENDBYTE?PCF85063BTL
BL51 BANKED LINKER/LOCATER V6.22                                                      11/19/2018  11:49:54  PAGE 6


  +--> ?PR?SPI_RECEIVEBYTE?PCF85063BTL

?PR?SPI_RECEIVEBYTE?PCF85063BTL                 -----    -----      -----    -----
  +--> ?PR?_PCF85063BTL_DELAY?PCF85063BTL

?PR?_DAY_OF_YEAR?PCF85063BTL                    -----    -----      -----    -----
  +--> ?PR?_BCDTODEC?PCF85063BTL

?PR?_CALIBRATION?CALIBRATION                    -----    -----      03D0H    0010H
  +--> ?PR?VOLTAGE_IS_STABLE?CALIBRATION
  +--> ?PR?_UPDATE_POSITION?BIPOLARMOTOR
  +--> ?PR?_FIND_REAL_MAX?CALIBRATION

?PR?VOLTAGE_IS_STABLE?CALIBRATION               -----    -----      03E0H    0018H
  +--> ?PR?_ADC_GETRESULT?ADC
  +--> ?PR?_ABS?ABS

?PR?_UPDATE_POSITION?BIPOLARMOTOR               -----    -----      03E0H    00AFH
  +--> ?PR?_BCDTODEC1?BIPOLARMOTOR
  +--> ?PR?SUNPOS?SUNPOS
  +--> ?PR?SIN?SIN
  +--> ?PR?ASIN?ASIN
  +--> ?PR?LINEAR_INTERPOLATE?BIPOLARMOTOR
  +--> ?PR?_ABS?ABS
  +--> ?PR?_MOVE?BIPOLARMOTOR

?PR?SUNPOS?SUNPOS                               -----    -----      048FH    005DH
  +--> ?PR?SIN?SIN
  +--> ?PR?_ATAN2?ATAN2
  +--> ?PR?ASIN?ASIN
  +--> ?PR?ACOS?ACOS

?PR?SIN?SIN                                     0020H.5  0000H.1    04ECH    0004H

?PR?_ATAN2?ATAN2                                -----    -----      04ECH    0008H
  +--> ?PR?ATAN?ATAN

?PR?ATAN?ATAN                                   0020H.5  0000H.2    04F4H    0004H

?PR?ASIN?ASIN                                   -----    -----      -----    -----
  +--> ?PR?SQRT?SQRT
  +--> ?PR?ATAN?ATAN

?PR?SQRT?SQRT                                   -----    -----      04ECH    0004H

?PR?ACOS?ACOS                                   -----    -----      -----    -----
  +--> ?PR?SQRT?SQRT
  +--> ?PR?ATAN?ATAN

?PR?LINEAR_INTERPOLATE?BIPOLARMOTOR             -----    -----      048FH    0014H

?PR?_MOVE?BIPOLARMOTOR                          0020H.5  0000H.1    048FH    0004H
  +--> ?PR?_STEP_MOVE?BIPOLARMOTOR

?PR?_FIND_REAL_MAX?CALIBRATION                  -----    -----      03E0H    005CH
  +--> ?PR?_MOVE?BIPOLARMOTOR
  +--> ?PR?_ADC_GETRESULT?ADC
BL51 BANKED LINKER/LOCATER V6.22                                                      11/19/2018  11:49:54  PAGE 7


  +--> ?PR?_WAIT_MS?LCD_DRIVER_SPLC780D
  +--> ?PR?_MAX_VALUE?CALIBRATION

?PR?_MAX_VALUE?CALIBRATION                      -----    -----      043CH    0004H



UNRESOLVED EXTERNAL SYMBOLS:
   AUTO_MODE
   CALIB_MODE



SYMBOL TABLE OF MODULE:  .\Obj\GPIO_RTC_Test (MAIN)

  VALUE           TYPE          NAME
  ----------------------------------

  -------         MODULE        MAIN
  C:0000H         SYMBOL        _ICE_DUMMY_
  X:0500H         PUBLIC        calib_value
  D:0080H         PUBLIC        P0
  D:00B2H         PUBLIC        P3M0
  D:0090H         PUBLIC        P1
  D:00B1H         PUBLIC        P3M1
  D:00A0H         PUBLIC        P2
  D:00B0H         PUBLIC        P3
  D:00C0H         PUBLIC        P4
  D:00C8H         PUBLIC        P5
  X:0560H         SYMBOL        PressedKey
  B:00A8H.7       PUBLIC        EA
  D:00E8H         PUBLIC        P6
  D:00F8H         PUBLIC        P7
  X:0564H         PUBLIC        RX_Data_Uart_Cnt
  C:2B62H         PUBLIC        _calib_interpolate
  D:00A8H         PUBLIC        IE
  X:0566H         PUBLIC        calib_time
  D:00B8H         PUBLIC        IP
  B:0098H.0       PUBLIC        RI
  X:05C6H         PUBLIC        months
  B:0098H.1       PUBLIC        TI
  C:3592H         PUBLIC        Uart
  D:00D8H         PUBLIC        CCON
  C:1CBEH         PUBLIC        main
  X:05C7H         PUBLIC        count
  D:0099H         PUBLIC        SBUF
  X:05C9H         PUBLIC        days
  X:05CAH         PUBLIC        lcd
  X:05CCH         PUBLIC        hours
  D:0098H         PUBLIC        SCON
  D:0089H         PUBLIC        TMOD
  D:0088H         PUBLIC        TCON
  X:05CDH         SYMBOL        KeyCount
  X:05CFH         PUBLIC        mins
  X:05D0H         PUBLIC        Rec_data_hour
  B:00C0H.5       PUBLIC        P45
  X:05D3H         PUBLIC        Rec_data_min
BL51 BANKED LINKER/LOCATER V6.22                                                      11/19/2018  11:49:54  PAGE 8


  D:008EH         PUBLIC        AUXR
  C:3DE5H         PUBLIC        tm0_isr
  B:0021H.0       PUBLIC        busy
  D:00E0H         PUBLIC        ACC
  B:00A8H.1       PUBLIC        ET0
  D:008CH         PUBLIC        TH0
  X:05D6H         PUBLIC        hour_count
  D:008AH         PUBLIC        TL0
  X:05D7H         PUBLIC        min_count
  B:0088H.4       PUBLIC        TR0
  X:05D8H         SYMBOL        KeyNum
  X:05D9H         SYMBOL        KeyNum_Old
  X:05DAH         PUBLIC        current_position
  X:05DEH         PUBLIC        hours1
  X:05DFH         PUBLIC        hours2
  C:36C7H         PUBLIC        _Display_Prox
  X:05E0H         PUBLIC        mins1
  X:05E1H         PUBLIC        mins2
  C:29ADH         PUBLIC        _Display_Pos
  X:05E2H         PUBLIC        seconds
  X:05E3H         PUBLIC        st_time
  D:00D0H         PUBLIC        PSW
  C:3F66H         PUBLIC        _SendUART1
  -------         PROC          TM0_ISR
  C:3DE5H         LINE#         72
  C:3DEBH         LINE#         75
  C:3DF9H         LINE#         119
  -------         ENDPROC       TM0_ISR
  -------         PROC          MAIN
  -------         DO            
  X:03C6H         SYMBOL        prox_data
  X:04F8H         SYMBOL        KeyCount
  X:04FAH         SYMBOL        KeyNum_Old
  X:04FBH         SYMBOL        KeyNum
  X:04FCH         SYMBOL        PressedKey
  X:03C8H         SYMBOL        prox_flag
  X:03C9H         SYMBOL        calib_day
  X:03CBH         SYMBOL        numStr
  -------         ENDDO         
  C:1CBEH         LINE#         121
  C:1CBEH         LINE#         122
  C:1CBEH         LINE#         127
  C:1CC4H         LINE#         129
  C:1CC9H         LINE#         133
  C:1CCBH         LINE#         134
  C:1CCDH         LINE#         135
  C:1CCFH         LINE#         136
  C:1CD6H         LINE#         137
  C:1CDDH         LINE#         147
  C:1CDFH         LINE#         148
  C:1CE2H         LINE#         149
  C:1CE5H         LINE#         150
  C:1CE8H         LINE#         151
  C:1CEBH         LINE#         152
  C:1CEEH         LINE#         155
  C:1CF1H         LINE#         157
  C:1CF4H         LINE#         158
BL51 BANKED LINKER/LOCATER V6.22                                                      11/19/2018  11:49:54  PAGE 9


  C:1CF7H         LINE#         159
  C:1CFAH         LINE#         160
  C:1CFCH         LINE#         161
  C:1CFEH         LINE#         162
  C:1D00H         LINE#         164
  C:1D02H         LINE#         166
  C:1D09H         LINE#         168
  C:1D10H         LINE#         172
  C:1D17H         LINE#         173
  C:1D1CH         LINE#         174
  C:1D21H         LINE#         175
  C:1D26H         LINE#         176
  C:1D2BH         LINE#         177
  C:1D30H         LINE#         180
  C:1D30H         LINE#         181
  C:1D30H         LINE#         182
  C:1D33H         LINE#         185
  C:1D33H         LINE#         188
  C:1D38H         LINE#         189
  C:1D3DH         LINE#         191
  C:1D42H         LINE#         192
  C:1D47H         LINE#         193
  C:1D4CH         LINE#         194
  C:1D51H         LINE#         196
  C:1D62H         LINE#         198
  C:1D69H         LINE#         199
  C:1D71H         LINE#         200
  C:1D76H         LINE#         201
  C:1D7EH         LINE#         202
  C:1D83H         LINE#         203
  C:1D8DH         LINE#         204
  C:1D92H         LINE#         205
  C:1D9AH         LINE#         207
  C:1DA2H         LINE#         208
  C:1DA7H         LINE#         209
  C:1DB1H         LINE#         210
  C:1DB1H         LINE#         211
  C:1DB3H         LINE#         212
  C:1DB5H         LINE#         213
  C:1DBFH         LINE#         214
  C:1DBFH         LINE#         215
  C:1DC4H         LINE#         216
  C:1DC4H         LINE#         228
  C:1DD1H         LINE#         229
  C:1DD1H         LINE#         230
  C:1DDBH         LINE#         231
  C:1DF2H         LINE#         232
  C:1DF2H         LINE#         233
  C:1DF4H         LINE#         234
  C:1DF6H         LINE#         236
  C:1DF6H         LINE#         237
  C:1E01H         LINE#         238
  C:1E01H         LINE#         239
  C:1E06H         LINE#         240
  C:1E06H         LINE#         241
  C:1E13H         LINE#         242
  C:1E13H         LINE#         245
BL51 BANKED LINKER/LOCATER V6.22                                                      11/19/2018  11:49:54  PAGE 10


  C:1E1DH         LINE#         246
  C:1E34H         LINE#         247
  C:1E34H         LINE#         248
  C:1E36H         LINE#         249
  C:1E38H         LINE#         251
  C:1E38H         LINE#         252
  C:1E43H         LINE#         253
  C:1E43H         LINE#         254
  C:1E48H         LINE#         255
  C:1E4AH         LINE#         256
  C:1E4AH         LINE#         265
  C:1E6CH         LINE#         266
  C:1E6CH         LINE#         267
  C:1E76H         LINE#         268
  C:1E7CH         LINE#         269
  C:1E7EH         LINE#         270
  C:1E80H         LINE#         271
  C:1E82H         LINE#         272
  C:1E82H         LINE#         273
  C:1E85H         LINE#         275
  C:1E85H         LINE#         276
  C:1E8BH         LINE#         277
  C:1E93H         LINE#         278
  C:1E99H         LINE#         279
  C:1EA1H         LINE#         280
  C:1EDCH         LINE#         284
  C:1EE6H         LINE#         285
  C:1EE6H         LINE#         287
  C:1F0DH         LINE#         288
  C:1F34H         LINE#         289
  C:1F34H         LINE#         292
  C:1F34H         LINE#         294
  C:1F34H         LINE#         295
  C:1F57H         LINE#         296
  C:1F57H         LINE#         297
  C:1F5FH         LINE#         298
  C:1F66H         LINE#         299
  C:1F66H         LINE#         301
  C:1F97H         LINE#         302
  C:1F97H         LINE#         303
  C:1FF1H         LINE#         304
  C:2042H         LINE#         305
  C:2050H         LINE#         306
  C:2050H         LINE#         307
  C:2065H         LINE#         308
  C:206CH         LINE#         310
  C:206CH         LINE#         311
  C:207AH         LINE#         312
  C:207AH         LINE#         329
  -------         ENDPROC       MAIN
  -------         PROC          UART
  C:3592H         LINE#         336
  C:359FH         LINE#         338
  C:35A2H         LINE#         339
  C:35A2H         LINE#         340
  C:35B0H         LINE#         341
  C:35B2H         LINE#         342
BL51 BANKED LINKER/LOCATER V6.22                                                      11/19/2018  11:49:54  PAGE 11


  C:35C4H         LINE#         343
  C:35D3H         LINE#         344
  C:35DEH         LINE#         345
  C:35DEH         LINE#         348
  C:35EBH         LINE#         349
  C:35F1H         LINE#         350
  C:35F1H         LINE#         351
  C:35F7H         LINE#         352
  C:3605H         LINE#         353
  C:3613H         LINE#         354
  C:361BH         LINE#         359
  C:361BH         LINE#         360
  C:361BH         LINE#         363
  C:361BH         LINE#         364
  C:361EH         LINE#         365
  C:361EH         LINE#         366
  C:3620H         LINE#         367
  C:3622H         LINE#         368
  C:3622H         LINE#         369
  -------         ENDPROC       UART
  -------         PROC          _CALIB_INTERPOLATE
  X:0649H         SYMBOL        hours
  X:064DH         SYMBOL        mins
  -------         DO            
  X:0651H         SYMBOL        p_calib1
  X:0659H         SYMBOL        p_calib2
  X:0661H         SYMBOL        i
  X:0663H         SYMBOL        current_time
  -------         ENDDO         
  C:2B62H         LINE#         372
  C:2B68H         LINE#         373
  C:2B68H         LINE#         377
  C:2BBFH         LINE#         379
  C:2BE5H         LINE#         380
  C:2BE5H         LINE#         381
  C:2C57H         LINE#         382
  C:2C57H         LINE#         383
  C:2C84H         LINE#         384
  C:2C9FH         LINE#         386
  C:2CCCH         LINE#         387
  C:2CE7H         LINE#         389
  C:2CE9H         LINE#         390
  C:2CE9H         LINE#         391
  C:2CFDH         LINE#         392
  C:2D02H         LINE#         394
  -------         ENDPROC       _CALIB_INTERPOLATE
  -------         PROC          _SENDUART1
  D:0007H         SYMBOL        dat
  C:3F66H         LINE#         397
  C:3F66H         LINE#         398
  C:3F66H         LINE#         399
  C:3F69H         LINE#         400
  C:3F6BH         LINE#         401
  C:3F6CH         LINE#         402
  C:3F6EH         LINE#         403
  -------         ENDPROC       _SENDUART1
  -------         PROC          _DISPLAY_PROX
BL51 BANKED LINKER/LOCATER V6.22                                                      11/19/2018  11:49:54  PAGE 12


  D:0002H         SYMBOL        dat
  -------         DO            
  X:0678H         SYMBOL        unit
  X:0679H         SYMBOL        ten
  X:067AH         SYMBOL        hundred
  X:067BH         SYMBOL        thousand
  -------         ENDDO         
  C:36C7H         LINE#         406
  C:36CBH         LINE#         407
  C:36CBH         LINE#         409
  C:36D7H         LINE#         410
  C:36E7H         LINE#         411
  C:3703H         LINE#         412
  C:3733H         LINE#         413
  C:373DH         LINE#         414
  C:3747H         LINE#         415
  C:3751H         LINE#         416
  C:375BH         LINE#         418
  -------         ENDPROC       _DISPLAY_PROX
  -------         PROC          _DISPLAY_POS
  X:03D0H         SYMBOL        sign_dat
  -------         DO            
  X:03D4H         SYMBOL        unit
  X:03D5H         SYMBOL        ten
  X:03D6H         SYMBOL        hundred
  D:0003H         SYMBOL        thousand
  X:03D7H         SYMBOL        after_dot
  X:03D8H         SYMBOL        dat
  -------         ENDDO         
  C:29ADH         LINE#         421
  C:29B3H         LINE#         422
  C:29B3H         LINE#         426
  C:29CFH         LINE#         427
  C:29E9H         LINE#         428
  C:2A0DH         LINE#         430
  C:2A57H         LINE#         432
  C:2A6EH         LINE#         433
  C:2A7BH         LINE#         434
  C:2A9DH         LINE#         435
  C:2AD2H         LINE#         436
  C:2AEAH         LINE#         437
  C:2AEAH         LINE#         439
  C:2AF4H         LINE#         440
  C:2AFEH         LINE#         441
  C:2B08H         LINE#         442
  C:2B0DH         LINE#         443
  C:2B17H         LINE#         444
  C:2B1CH         LINE#         445
  C:2B21H         LINE#         446
  C:2B23H         LINE#         447
  C:2B25H         LINE#         449
  C:2B25H         LINE#         451
  C:2B2AH         LINE#         452
  C:2B34H         LINE#         453
  C:2B3EH         LINE#         454
  C:2B48H         LINE#         455
  C:2B4DH         LINE#         456
BL51 BANKED LINKER/LOCATER V6.22                                                      11/19/2018  11:49:54  PAGE 13


  C:2B57H         LINE#         457
  C:2B5CH         LINE#         458
  C:2B61H         LINE#         460
  C:2B61H         LINE#         462
  -------         ENDPROC       _DISPLAY_POS
  -------         ENDMOD        MAIN

  -------         MODULE        PCF85063BTL
  C:0000H         SYMBOL        _ICE_DUMMY_
  D:0096H         PUBLIC        P2M0
  D:0080H         PUBLIC        P0
  D:0095H         PUBLIC        P2M1
  D:0090H         PUBLIC        P1
  D:00A0H         PUBLIC        P2
  D:00B0H         PUBLIC        P3
  D:00C0H         PUBLIC        P4
  D:00C8H         PUBLIC        P5
  D:00E8H         PUBLIC        P6
  B:00A0H.2       PUBLIC        PCF85063BTL_SDI
  D:00F8H         PUBLIC        P7
  B:00A0H.1       PUBLIC        PCF85063BTL_SCK
  B:00A0H.2       PUBLIC        PCF85063BTL_SDO
  D:00A8H         PUBLIC        IE
  C:3974H         PUBLIC        _Read_time
  C:3E97H         PUBLIC        _PCF85063BTL_Delay
  D:00B8H         PUBLIC        IP
  D:00D8H         PUBLIC        CCON
  C:387BH         PUBLIC        _Day_Of_Year
  C:3D6CH         PUBLIC        SPI_ReceiveByte
  D:0098H         PUBLIC        SCON
  D:0088H         PUBLIC        TCON
  C:3EDDH         PUBLIC        _BCDtoDec
  B:00A0H.0       PUBLIC        PCF85063BTL_CS
  C:3ECCH         PUBLIC        _SPI_ReadTime
  C:3F2DH         PUBLIC        SPI_Init
  C:3E36H         PUBLIC        _SPI_WriteTime
  C:3D4CH         PUBLIC        _SPI_SendByte
  D:00D0H         PUBLIC        PSW
  C:3E93H         SYMBOL        L?0047
  -------         PROC          L?0046
  -------         ENDPROC       L?0046
  C:3E93H         SYMBOL        L?0047
  -------         PROC          _PCF85063BTL_DELAY
  D:0006H         SYMBOL        us
  C:3E97H         LINE#         8
  C:3E97H         LINE#         9
  C:3E97H         LINE#         10
  C:3EA1H         LINE#         11
  C:3EA1H         LINE#         12
  C:3EA2H         LINE#         13
  C:3EA4H         LINE#         14
  -------         ENDPROC       _PCF85063BTL_DELAY
  -------         PROC          _SPI_SENDBYTE
  D:0005H         SYMBOL        dat
  -------         DO            
  D:0003H         SYMBOL        i
  -------         ENDDO         
BL51 BANKED LINKER/LOCATER V6.22                                                      11/19/2018  11:49:54  PAGE 14


  C:3D4CH         LINE#         17
  C:3D4EH         LINE#         18
  C:3D4EH         LINE#         20
  C:3D50H         LINE#         21
  C:3D50H         LINE#         22
  C:3D52H         LINE#         23
  C:3D56H         LINE#         24
  C:3D56H         LINE#         25
  C:3D58H         LINE#         26
  C:3D5AH         LINE#         28
  C:3D5AH         LINE#         29
  C:3D5CH         LINE#         30
  C:3D5CH         LINE#         31
  C:3D5FH         LINE#         32
  C:3D5FH         LINE#         33
  C:3D62H         LINE#         34
  C:3D66H         LINE#         35
  C:3D6BH         LINE#         36
  -------         ENDPROC       _SPI_SENDBYTE
  -------         PROC          SPI_RECEIVEBYTE
  -------         DO            
  D:0003H         SYMBOL        i
  D:0005H         SYMBOL        dat
  -------         ENDDO         
  C:3D6CH         LINE#         39
  C:3D6CH         LINE#         40
  C:3D6CH         LINE#         42
  C:3D6EH         LINE#         44
  C:3D70H         LINE#         45
  C:3D71H         LINE#         46
  C:3D71H         LINE#         47
  C:3D75H         LINE#         48
  C:3D77H         LINE#         49
  C:3D7AH         LINE#         51
  C:3D7DH         LINE#         52
  C:3D7DH         LINE#         53
  C:3D81H         LINE#         54
  C:3D81H         LINE#         55
  C:3D81H         LINE#         56
  C:3D84H         LINE#         57
  C:3D89H         LINE#         58
  C:3D8BH         LINE#         59
  -------         ENDPROC       SPI_RECEIVEBYTE
  -------         PROC          _SPI_READTIME
  D:0007H         SYMBOL        addr
  -------         DO            
  D:0006H         SYMBOL        dat
  -------         ENDDO         
  C:3ECCH         LINE#         61
  C:3ECCH         LINE#         62
  C:3ECCH         LINE#         64
  C:3ECEH         LINE#         65
  C:3ED0H         LINE#         66
  C:3ED7H         LINE#         67
  C:3EDAH         LINE#         68
  C:3EDCH         LINE#         69
  C:3EDCH         LINE#         70
BL51 BANKED LINKER/LOCATER V6.22                                                      11/19/2018  11:49:54  PAGE 15


  -------         ENDPROC       _SPI_READTIME
  -------         PROC          _SPI_WRITETIME
  D:0002H         SYMBOL        val
  D:0005H         SYMBOL        addr
  C:3E36H         LINE#         71
  C:3E38H         LINE#         72
  C:3E38H         LINE#         74
  C:3E3AH         LINE#         75
  C:3E41H         LINE#         76
  C:3E46H         LINE#         77
  C:3E4BH         LINE#         78
  C:3E4DH         LINE#         79
  -------         ENDPROC       _SPI_WRITETIME
  -------         PROC          SPI_INIT
  C:3F2DH         LINE#         83
  C:3F2DH         LINE#         84
  C:3F2DH         LINE#         89
  C:3F30H         LINE#         90
  C:3F33H         LINE#         91
  C:3F35H         LINE#         92
  C:3F37H         LINE#         93
  C:3F39H         LINE#         94
  -------         ENDPROC       SPI_INIT
  -------         PROC          _READ_TIME
  X:03D0H         SYMBOL        months
  X:03D3H         SYMBOL        days
  X:03D6H         SYMBOL        hours
  X:03D9H         SYMBOL        mins
  X:03DCH         SYMBOL        seconds
  C:3974H         LINE#         96
  C:397FH         LINE#         97
  C:397FH         LINE#         99
  C:3993H         LINE#         101
  C:39A7H         LINE#         103
  C:39BBH         LINE#         108
  C:39CFH         LINE#         113
  -------         ENDPROC       _READ_TIME
  -------         PROC          _BCDTODEC
  D:0007H         SYMBOL        bcd
  -------         DO            
  D:0006H         SYMBOL        hi
  D:0007H         SYMBOL        lo
  -------         ENDDO         
  C:3EDDH         LINE#         119
  C:3EDDH         LINE#         120
  C:3EDDH         LINE#         122
  C:3EE2H         LINE#         123
  C:3EE6H         LINE#         124
  C:3EEDH         LINE#         125
  -------         ENDPROC       _BCDTODEC
  -------         PROC          _DAY_OF_YEAR
  D:0007H         SYMBOL        months_bcd
  D:0005H         SYMBOL        days_bcd
  -------         DO            
  D:0004H         SYMBOL        months
  D:0007H         SYMBOL        days
  -------         ENDDO         
BL51 BANKED LINKER/LOCATER V6.22                                                      11/19/2018  11:49:54  PAGE 16


  C:387BH         LINE#         126
  C:387BH         LINE#         127
  C:387BH         LINE#         130
  C:3880H         LINE#         132
  C:3885H         LINE#         134
  C:38BEH         LINE#         135
  C:38BEH         LINE#         136
  C:38BEH         LINE#         137
  C:38C1H         LINE#         138
  C:38C1H         LINE#         139
  C:38C1H         LINE#         140
  C:38C6H         LINE#         141
  C:38C6H         LINE#         142
  C:38C6H         LINE#         143
  C:38CBH         LINE#         144
  C:38CBH         LINE#         145
  C:38CBH         LINE#         146
  C:38D0H         LINE#         147
  C:38D0H         LINE#         148
  C:38D0H         LINE#         149
  C:38D5H         LINE#         150
  C:38D5H         LINE#         151
  C:38D5H         LINE#         152
  C:38DAH         LINE#         153
  C:38DAH         LINE#         154
  C:38DAH         LINE#         155
  C:38DFH         LINE#         156
  C:38DFH         LINE#         157
  C:38DFH         LINE#         158
  C:38E4H         LINE#         159
  C:38E4H         LINE#         160
  C:38E4H         LINE#         161
  C:38ECH         LINE#         162
  C:38ECH         LINE#         163
  C:38ECH         LINE#         164
  C:38F1H         LINE#         165
  C:38F1H         LINE#         166
  C:38F1H         LINE#         167
  C:38F6H         LINE#         168
  C:38F6H         LINE#         169
  C:38F6H         LINE#         170
  C:38FEH         LINE#         171
  C:38FEH         LINE#         172
  C:38FEH         LINE#         173
  -------         ENDPROC       _DAY_OF_YEAR
  -------         ENDMOD        PCF85063BTL

  -------         MODULE        UART1
  C:0000H         SYMBOL        _ICE_DUMMY_
  D:0080H         PUBLIC        P0
  D:0090H         PUBLIC        P1
  D:00A0H         PUBLIC        P2
  D:00B0H         PUBLIC        P3
  D:00C0H         PUBLIC        P4
  D:00C8H         PUBLIC        P5
  B:00A8H.7       PUBLIC        EA
  D:00E8H         PUBLIC        P6
BL51 BANKED LINKER/LOCATER V6.22                                                      11/19/2018  11:49:54  PAGE 17


  D:00F8H         PUBLIC        P7
  C:3C1BH         PUBLIC        _SendString
  D:00A8H         PUBLIC        IE
  B:00A8H.4       PUBLIC        ES
  D:00B8H         PUBLIC        IP
  C:3E4EH         PUBLIC        _ASCIItoBCD
  D:00D8H         PUBLIC        CCON
  C:3EEEH         PUBLIC        initUART1
  D:0098H         PUBLIC        SCON
  D:0088H         PUBLIC        TCON
  C:0009H         PUBLIC        _DectoBCD
  C:3F80H         PUBLIC        _ASCII_Letter
  D:008EH         PUBLIC        AUXR
  C:3F7BH         PUBLIC        _unit
  C:0003H         PUBLIC        _ten
  D:00D6H         PUBLIC        T2H
  D:00D7H         PUBLIC        T2L
  D:00D0H         PUBLIC        PSW
  -------         PROC          INITUART1
  C:3EEEH         LINE#         21
  C:3EEEH         LINE#         22
  C:3EEEH         LINE#         23
  C:3EF1H         LINE#         24
  C:3EF4H         LINE#         25
  C:3EF7H         LINE#         26
  C:3EFAH         LINE#         27
  C:3EFCH         LINE#         28
  C:3EFEH         LINE#         30
  -------         ENDPROC       INITUART1
  -------         PROC          _SENDSTRING
  X:067CH         SYMBOL        s
  C:3C1BH         LINE#         35
  C:3C26H         LINE#         36
  C:3C26H         LINE#         37
  C:3C36H         LINE#         38
  C:3C36H         LINE#         39
  C:3C4BH         LINE#         40
  C:3C4DH         LINE#         41
  -------         ENDPROC       _SENDSTRING
  -------         PROC          _TEN
  D:0007H         SYMBOL        BCD
  C:0003H         LINE#         43
  C:0003H         LINE#         44
  C:0003H         LINE#         45
  C:0008H         LINE#         46
  -------         ENDPROC       _TEN
  -------         PROC          _UNIT
  D:0007H         SYMBOL        BCD
  C:3F7BH         LINE#         47
  C:3F7BH         LINE#         48
  C:3F7BH         LINE#         52
  C:3F7FH         LINE#         53
  -------         ENDPROC       _UNIT
  -------         PROC          _DECTOBCD
  D:0007H         SYMBOL        dec
  C:0009H         LINE#         54
  C:0009H         LINE#         55
BL51 BANKED LINKER/LOCATER V6.22                                                      11/19/2018  11:49:54  PAGE 18


  C:0009H         LINE#         57
  C:0009H         LINE#         58
  -------         ENDPROC       _DECTOBCD
  -------         PROC          _ASCII_LETTER
  D:0007H         SYMBOL        dat
  C:3F80H         LINE#         60
  C:3F80H         LINE#         61
  C:3F80H         LINE#         63
  C:3F84H         LINE#         64
  -------         ENDPROC       _ASCII_LETTER
  -------         PROC          _ASCIITOBCD
  D:0001H         SYMBOL        ascii
  -------         DO            
  D:0007H         SYMBOL        dec_val
  D:0006H         SYMBOL        ten
  D:0007H         SYMBOL        unit
  -------         ENDDO         
  C:3E4EH         LINE#         66
  C:3E4EH         LINE#         67
  C:3E4EH         LINE#         69
  C:3E51H         LINE#         70
  C:3E57H         LINE#         71
  C:3E5EH         LINE#         72
  C:3E64H         LINE#         74
  -------         ENDPROC       _ASCIITOBCD
  -------         ENDMOD        UART1

  -------         MODULE        LCD_DRIVER_SPLC780D
  C:0000H         SYMBOL        _ICE_DUMMY_
  D:0092H         PUBLIC        P1M0
  D:0091H         PUBLIC        P1M1
  D:0080H         PUBLIC        P0
  D:0090H         PUBLIC        P1
  D:00A0H         PUBLIC        P2
  D:00B0H         PUBLIC        P3
  D:00C0H         PUBLIC        P4
  D:00C8H         PUBLIC        P5
  D:00E8H         PUBLIC        P6
  D:00F8H         PUBLIC        P7
  C:38FFH         PUBLIC        _WriteData
  D:00A8H         PUBLIC        IE
  D:00B8H         PUBLIC        IP
  D:00D8H         PUBLIC        CCON
  B:0090H.4       PUBLIC        LCD_D4
  B:0090H.5       PUBLIC        LCD_D5
  B:0090H.6       PUBLIC        LCD_D6
  C:3DC8H         PUBLIC        _DisplayLCD
  B:0090H.7       PUBLIC        LCD_D7
  D:0098H         PUBLIC        SCON
  D:0088H         PUBLIC        TCON
  C:3F5CH         PUBLIC        LCD_clear
  C:3BA0H         PUBLIC        _Command
  C:000EH         PUBLIC        _Display_Line
  C:39E3H         PUBLIC        LCD_Init
  C:3D0CH         PUBLIC        _Wait_ms
  B:0090H.1       PUBLIC        LCD_RS
  B:0090H.2       PUBLIC        LCD_RW
BL51 BANKED LINKER/LOCATER V6.22                                                      11/19/2018  11:49:54  PAGE 19


  C:3F52H         PUBLIC        LCD_return_home
  B:0090H.3       PUBLIC        LCD_E
  D:00D0H         PUBLIC        PSW
  -------         PROC          LCD_INIT
  C:39E3H         LINE#         9
  C:39E3H         LINE#         10
  C:39E3H         LINE#         11
  C:39E6H         LINE#         12
  C:39E9H         LINE#         14
  C:39EFH         LINE#         15
  C:39F4H         LINE#         17
  C:39FBH         LINE#         18
  C:3A00H         LINE#         20
  C:3A03H         LINE#         21
  C:3A08H         LINE#         23
  C:3A0BH         LINE#         24
  C:3A10H         LINE#         26
  C:3A17H         LINE#         29
  C:3A1CH         LINE#         30
  C:3A21H         LINE#         32
  C:3A26H         LINE#         33
  C:3A2BH         LINE#         35
  C:3A30H         LINE#         36
  C:3A35H         LINE#         37
  -------         ENDPROC       LCD_INIT
  -------         PROC          _WRITEDATA
  X:03DAH         SYMBOL        dat
  C:38FFH         LINE#         40
  C:3904H         LINE#         41
  C:3904H         LINE#         46
  C:3906H         LINE#         47
  C:3908H         LINE#         49
  C:3916H         LINE#         50
  C:3922H         LINE#         51
  C:392EH         LINE#         52
  C:3938H         LINE#         53
  C:393AH         LINE#         54
  C:3941H         LINE#         55
  C:3943H         LINE#         57
  C:3953H         LINE#         58
  C:395EH         LINE#         59
  C:3968H         LINE#         60
  C:396CH         LINE#         62
  C:396CH         LINE#         63
  C:396FH         LINE#         64
  C:3971H         LINE#         65
  C:3973H         LINE#         67
  -------         ENDPROC       _WRITEDATA
  -------         PROC          _COMMAND
  D:0007H         SYMBOL        dat
  C:3BA0H         LINE#         69
  C:3BA0H         LINE#         70
  C:3BA0H         LINE#         71
  C:3BA2H         LINE#         72
  C:3BA4H         LINE#         74
  C:3BAEH         LINE#         75
  C:3BB2H         LINE#         77
BL51 BANKED LINKER/LOCATER V6.22                                                      11/19/2018  11:49:54  PAGE 20


  C:3BB4H         LINE#         78
  C:3BBDH         LINE#         79
  C:3BC1H         LINE#         81
  C:3BC3H         LINE#         82
  C:3BCAH         LINE#         83
  C:3BCEH         LINE#         85
  C:3BD0H         LINE#         86
  C:3BD4H         LINE#         87
  C:3BD8H         LINE#         89
  C:3BDAH         LINE#         90
  C:3BDAH         LINE#         91
  C:3BDDH         LINE#         92
  C:3BDFH         LINE#         93
  -------         ENDPROC       _COMMAND
  C:3D08H         SYMBOL        L?0028
  -------         PROC          L?0027
  -------         ENDPROC       L?0027
  C:3D08H         SYMBOL        L?0028
  -------         PROC          _WAIT_MS
  D:0006H         SYMBOL        ms
  -------         DO            
  D:0004H         SYMBOL        De_Cnt
  -------         ENDDO         
  C:3D0CH         LINE#         95
  C:3D0CH         LINE#         96
  C:3D0CH         LINE#         98
  C:3D16H         LINE#         99
  C:3D16H         LINE#         100
  C:3D29H         LINE#         101
  C:3D29H         LINE#         102
  -------         ENDPROC       _WAIT_MS
  -------         PROC          _DISPLAYLCD
  D:0007H         SYMBOL        BCD
  -------         DO            
  D:0006H         SYMBOL        first_digit
  X:03D0H         SYMBOL        second_digit
  -------         ENDDO         
  C:3DC8H         LINE#         103
  C:3DC8H         LINE#         104
  C:3DC8H         LINE#         106
  C:3DCFH         LINE#         107
  C:3DD8H         LINE#         109
  C:3DDDH         LINE#         111
  -------         ENDPROC       _DISPLAYLCD
  -------         PROC          LCD_RETURN_HOME
  C:3F52H         LINE#         115
  C:3F52H         LINE#         116
  C:3F52H         LINE#         117
  C:3F57H         LINE#         118
  -------         ENDPROC       LCD_RETURN_HOME
  -------         PROC          LCD_CLEAR
  C:3F5CH         LINE#         121
  C:3F5CH         LINE#         122
  C:3F5CH         LINE#         123
  C:3F61H         LINE#         124
  -------         ENDPROC       LCD_CLEAR
  -------         PROC          _DISPLAY_LINE
BL51 BANKED LINKER/LOCATER V6.22                                                      11/19/2018  11:49:54  PAGE 21


  D:0006H         SYMBOL        line
  C:000EH         LINE#         128
  C:000EH         LINE#         129
  C:000EH         LINE#         130
  C:0014H         LINE#         131
  C:0014H         LINE#         132
  C:0016H         LINE#         133
  C:0016H         LINE#         134
  C:0018H         LINE#         136
  C:0018H         LINE#         137
  C:001DH         LINE#         138
  C:0022H         LINE#         139
  C:0022H         LINE#         140
  -------         ENDPROC       _DISPLAY_LINE
  -------         ENDMOD        LCD_DRIVER_SPLC780D

  -------         MODULE        KEYPAD
  C:0000H         SYMBOL        _ICE_DUMMY_
  D:0093H         PUBLIC        P0M1
  D:0080H         PUBLIC        P0
  D:0090H         PUBLIC        P1
  D:00A0H         PUBLIC        P2
  D:00B0H         PUBLIC        P3
  D:00C0H         PUBLIC        P4
  D:00C8H         PUBLIC        P5
  D:00E8H         PUBLIC        P6
  D:00F8H         PUBLIC        P7
  D:00A8H         PUBLIC        IE
  C:2D03H         PUBLIC        Key_Scan
  D:00B8H         PUBLIC        IP
  D:00D8H         PUBLIC        CCON
  C:3F3AH         PUBLIC        KeyPad_IO_Init
  C:3D8CH         PUBLIC        _Delay_ms
  D:0098H         PUBLIC        SCON
  D:0088H         PUBLIC        TCON
  B:0020H.0       PUBLIC        small_move
  B:0020H.1       PUBLIC        move
  B:0020H.2       PUBLIC        direction
  B:0020H.3       PUBLIC        auto_move
  C:233DH         PUBLIC        Key_Process
  D:00D0H         PUBLIC        PSW
  D:0094H         PUBLIC        P0M0
  -------         PROC          _DELAY_MS
  D:0006H         SYMBOL        ms
  -------         DO            
  D:0004H         SYMBOL        De_Cnt
  -------         ENDDO         
  C:3D8CH         LINE#         19
  C:3D8CH         LINE#         20
  C:3D8CH         LINE#         22
  C:3D96H         LINE#         23
  C:3D96H         LINE#         24
  C:3DA9H         LINE#         25
  C:3DA9H         LINE#         26
  -------         ENDPROC       _DELAY_MS
  -------         PROC          KEY_SCAN
  -------         DO            
BL51 BANKED LINKER/LOCATER V6.22                                                      11/19/2018  11:49:54  PAGE 22


  X:03D6H         SYMBOL        KeyTemp1
  X:03D7H         SYMBOL        KeyTemp2
  X:03D8H         SYMBOL        KeyValue
  -------         ENDDO         
  C:2D03H         LINE#         27
  C:2D03H         LINE#         28
  C:2D03H         LINE#         33
  C:2D06H         LINE#         36
  C:2D09H         LINE#         38
  C:2D11H         LINE#         39
  C:2D18H         LINE#         40
  C:2D18H         LINE#         42
  C:2D1DH         LINE#         43
  C:2D24H         LINE#         44
  C:2D24H         LINE#         47
  C:2D27H         LINE#         48
  C:2D2AH         LINE#         49
  C:2D2FH         LINE#         50
  C:2D33H         LINE#         51
  C:2D33H         LINE#         52
  C:2D3BH         LINE#         53
  C:2D3BH         LINE#         54
  C:2D3EH         LINE#         55
  C:2D46H         LINE#         56
  C:2D48H         LINE#         58
  C:2D5CH         LINE#         59
  C:2D5CH         LINE#         60
  C:2D5CH         LINE#         61
  C:2D5CH         LINE#         62
  C:2D62H         LINE#         64
  C:2D64H         LINE#         65
  C:2D64H         LINE#         66
  C:2D64H         LINE#         67
  C:2D6AH         LINE#         69
  C:2D6CH         LINE#         70
  C:2D6CH         LINE#         71
  C:2D6CH         LINE#         72
  C:2D72H         LINE#         74
  C:2D74H         LINE#         75
  C:2D74H         LINE#         76
  C:2D74H         LINE#         77
  C:2D7AH         LINE#         79
  C:2D7AH         LINE#         80
  C:2D7AH         LINE#         81
  C:2D7AH         LINE#         84
  C:2D7DH         LINE#         85
  C:2D80H         LINE#         86
  C:2D88H         LINE#         87
  C:2D8CH         LINE#         88
  C:2D8CH         LINE#         89
  C:2D94H         LINE#         90
  C:2D94H         LINE#         91
  C:2D97H         LINE#         92
  C:2D9FH         LINE#         93
  C:2DA1H         LINE#         94
  C:2DB5H         LINE#         95
  C:2DB5H         LINE#         96
BL51 BANKED LINKER/LOCATER V6.22                                                      11/19/2018  11:49:54  PAGE 23


  C:2DB5H         LINE#         97
  C:2DB5H         LINE#         98
  C:2DBBH         LINE#         100
  C:2DBDH         LINE#         101
  C:2DBDH         LINE#         102
  C:2DBDH         LINE#         103
  C:2DC3H         LINE#         105
  C:2DC5H         LINE#         106
  C:2DC5H         LINE#         107
  C:2DC5H         LINE#         108
  C:2DCBH         LINE#         110
  C:2DCDH         LINE#         111
  C:2DCDH         LINE#         112
  C:2DCDH         LINE#         113
  C:2DD2H         LINE#         115
  C:2DD2H         LINE#         116
  C:2DD2H         LINE#         117
  C:2DD2H         LINE#         120
  C:2DD5H         LINE#         121
  C:2DD8H         LINE#         122
  C:2DE0H         LINE#         123
  C:2DE4H         LINE#         124
  C:2DE4H         LINE#         125
  C:2DECH         LINE#         126
  C:2DECH         LINE#         127
  C:2DEFH         LINE#         128
  C:2DF7H         LINE#         129
  C:2DF9H         LINE#         130
  C:2E0DH         LINE#         131
  C:2E0DH         LINE#         132
  C:2E0DH         LINE#         133
  C:2E0DH         LINE#         134
  C:2E13H         LINE#         136
  C:2E15H         LINE#         137
  C:2E15H         LINE#         138
  C:2E15H         LINE#         139
  C:2E1BH         LINE#         141
  C:2E1DH         LINE#         142
  C:2E1DH         LINE#         143
  C:2E1DH         LINE#         144
  C:2E23H         LINE#         146
  C:2E25H         LINE#         147
  C:2E25H         LINE#         148
  C:2E25H         LINE#         149
  C:2E2BH         LINE#         151
  C:2E2BH         LINE#         152
  C:2E2BH         LINE#         153
  C:2E2BH         LINE#         157
  C:2E2EH         LINE#         158
  C:2E31H         LINE#         159
  C:2E39H         LINE#         160
  C:2E3DH         LINE#         161
  C:2E3DH         LINE#         162
  C:2E45H         LINE#         163
  C:2E45H         LINE#         164
  C:2E48H         LINE#         165
  C:2E50H         LINE#         166
BL51 BANKED LINKER/LOCATER V6.22                                                      11/19/2018  11:49:54  PAGE 24


  C:2E52H         LINE#         167
  C:2E66H         LINE#         168
  C:2E66H         LINE#         169
  C:2E66H         LINE#         170
  C:2E66H         LINE#         171
  C:2E6CH         LINE#         173
  C:2E6EH         LINE#         174
  C:2E6EH         LINE#         175
  C:2E6EH         LINE#         176
  C:2E74H         LINE#         178
  C:2E76H         LINE#         179
  C:2E76H         LINE#         180
  C:2E76H         LINE#         181
  C:2E7CH         LINE#         183
  C:2E7EH         LINE#         184
  C:2E7EH         LINE#         185
  C:2E7EH         LINE#         186
  C:2E84H         LINE#         188
  C:2E84H         LINE#         189
  C:2E84H         LINE#         190
  C:2E84H         LINE#         192
  C:2E8AH         LINE#         193
  C:2E8AH         LINE#         195
  C:2E8AH         LINE#         196
  C:2E8DH         LINE#         197
  C:2E8DH         LINE#         198
  C:2E8DH         LINE#         200
  C:2E8DH         LINE#         201
  C:2E8FH         LINE#         202
  C:2E8FH         LINE#         203
  -------         ENDPROC       KEY_SCAN
  -------         PROC          KEY_PROCESS
  -------         DO            
  X:0667H         SYMBOL        KeyCount
  X:0669H         SYMBOL        KeyNum_Old
  X:066AH         SYMBOL        KeyNum
  X:066BH         SYMBOL        PressedKey
  X:03D0H         SYMBOL        d
  D:0004H         SYMBOL        hours
  D:0006H         SYMBOL        mins
  X:03D2H         SYMBOL        months
  X:03D4H         SYMBOL        days
  -------         ENDDO         
  C:233DH         LINE#         204
  C:233DH         LINE#         205
  C:233DH         LINE#         209
  C:2345H         LINE#         210
  C:234DH         LINE#         212
  C:2350H         LINE#         213
  C:2350H         LINE#         214
  C:2353H         LINE#         216
  C:2353H         LINE#         217
  C:2360H         LINE#         218
  C:2360H         LINE#         219
  C:2363H         LINE#         220
  C:2366H         LINE#         222
  C:2369H         LINE#         224
BL51 BANKED LINKER/LOCATER V6.22                                                      11/19/2018  11:49:54  PAGE 25


  C:2369H         LINE#         225
  C:2374H         LINE#         226
  C:2374H         LINE#         227
  C:2377H         LINE#         229
  C:2377H         LINE#         230
  C:237EH         LINE#         231
  C:237EH         LINE#         232
  C:2381H         LINE#         234
  C:2381H         LINE#         235
  C:2389H         LINE#         236
  C:2389H         LINE#         237
  C:2393H         LINE#         238
  C:239BH         LINE#         240
  C:23A4H         LINE#         242
  C:23A4H         LINE#         251
  C:23B9H         LINE#         252
  C:23B9H         LINE#         253
  C:23CBH         LINE#         254
  C:23D9H         LINE#         255
  C:23E8H         LINE#         256
  C:23E8H         LINE#         258
  C:23EEH         LINE#         262
  C:2404H         LINE#         263
  C:2415H         LINE#         264
  C:2430H         LINE#         265
  C:2430H         LINE#         266
  C:2440H         LINE#         267
  C:2451H         LINE#         268
  C:2451H         LINE#         272
  C:246AH         LINE#         273
  C:2481H         LINE#         274
  C:24A1H         LINE#         275
  C:24A1H         LINE#         276
  C:24ABH         LINE#         277
  C:24ABH         LINE#         278
  C:24B4H         LINE#         279
  C:24B4H         LINE#         280
  C:24C8H         LINE#         281
  C:24C8H         LINE#         282
  C:24C8H         LINE#         283
  C:24C8H         LINE#         284
  C:24C8H         LINE#         285
  C:24CAH         LINE#         287
  C:24CAH         LINE#         288
  C:24D6H         LINE#         289
  C:24D6H         LINE#         290
  C:24E7H         LINE#         291
  C:24E7H         LINE#         292
  C:24E7H         LINE#         293
  C:24E7H         LINE#         294
  C:24E7H         LINE#         296
  C:24E9H         LINE#         298
  C:24E9H         LINE#         299
  C:24FAH         LINE#         300
  C:24FAH         LINE#         301
  C:24FAH         LINE#         302
  C:24FAH         LINE#         303
BL51 BANKED LINKER/LOCATER V6.22                                                      11/19/2018  11:49:54  PAGE 26


  C:24FAH         LINE#         305
  C:24FAH         LINE#         307
  C:24FAH         LINE#         308
  C:24FCH         LINE#         310
  C:24FCH         LINE#         311
  C:250FH         LINE#         312
  C:250FH         LINE#         313
  C:2520H         LINE#         314
  C:2520H         LINE#         315
  C:2520H         LINE#         316
  C:2520H         LINE#         317
  C:2520H         LINE#         318
  C:2522H         LINE#         320
  C:2522H         LINE#         321
  C:2533H         LINE#         322
  C:2533H         LINE#         323
  C:2544H         LINE#         324
  C:2555H         LINE#         325
  C:2555H         LINE#         326
  C:2555H         LINE#         327
  C:2555H         LINE#         328
  C:2555H         LINE#         329
  C:2558H         LINE#         330
  C:255DH         LINE#         331
  C:2562H         LINE#         332
  C:2567H         LINE#         333
  C:256CH         LINE#         334
  C:2571H         LINE#         335
  C:2576H         LINE#         336
  C:257BH         LINE#         337
  C:257BH         LINE#         339
  C:259DH         LINE#         340
  C:259DH         LINE#         341
  C:25A7H         LINE#         342
  C:25A7H         LINE#         343
  C:25ACH         LINE#         344
  C:25B5H         LINE#         345
  C:25CCH         LINE#         346
  C:25CCH         LINE#         347
  C:25DCH         LINE#         349
  C:25DCH         LINE#         353
  -------         ENDPROC       KEY_PROCESS
  -------         PROC          KEYPAD_IO_INIT
  C:3F3AH         LINE#         356
  C:3F3AH         LINE#         357
  C:3F3AH         LINE#         358
  C:3F3DH         LINE#         359
  C:3F40H         LINE#         360
  C:3F43H         LINE#         361
  C:3F45H         LINE#         362
  -------         ENDPROC       KEYPAD_IO_INIT
  -------         ENDMOD        KEYPAD

  -------         MODULE        VCNL4035
  C:0000H         SYMBOL        _ICE_DUMMY_
  D:0080H         PUBLIC        P0
  B:00B0H.2       PUBLIC        I2C_SCK
BL51 BANKED LINKER/LOCATER V6.22                                                      11/19/2018  11:49:54  PAGE 27


  D:00B2H         PUBLIC        P3M0
  D:0090H         PUBLIC        P1
  D:00B1H         PUBLIC        P3M1
  D:00A0H         PUBLIC        P2
  D:00B0H         PUBLIC        P3
  D:00C0H         PUBLIC        P4
  D:00C8H         PUBLIC        P5
  D:00E8H         PUBLIC        P6
  D:00F8H         PUBLIC        P7
  D:00A8H         PUBLIC        IE
  C:3F75H         PUBLIC        _DisplayLCD_VCNL4035
  D:00B8H         PUBLIC        IP
  D:00D8H         PUBLIC        CCON
  C:3EB9H         PUBLIC        I2C_Start
  D:0098H         PUBLIC        SCON
  C:3E65H         PUBLIC        I2C_Init
  D:0088H         PUBLIC        TCON
  C:3F0FH         PUBLIC        uC_NACK
  C:3CE8H         PUBLIC        _Wait_ms_i2c
  C:3D2AH         PUBLIC        _I2C_SendByte
  C:3E7CH         PUBLIC        I2C_Stop
  C:3A86H         PUBLIC        _Write_VCNL4035X
  C:000AH         PUBLIC        nop
  C:362DH         PUBLIC        _Read_VCNL4035
  C:3F6FH         PUBLIC        uC_ACK
  C:3E05H         PUBLIC        I2C_ACK
  C:3DAAH         PUBLIC        _Wait_ms_iic
  B:00B0H.1       PUBLIC        I2C_SDA
  D:00D0H         PUBLIC        PSW
  C:3CB5H         PUBLIC        I2C_ReceiveByte
  -------         PROC          _WAIT_MS_IIC
  D:0006H         SYMBOL        ms
  -------         DO            
  D:0004H         SYMBOL        De_Cnt
  -------         ENDDO         
  C:3DAAH         LINE#         5
  C:3DAAH         LINE#         6
  C:3DAAH         LINE#         8
  C:3DB4H         LINE#         9
  C:3DB4H         LINE#         10
  C:3DC7H         LINE#         11
  C:3DC7H         LINE#         12
  -------         ENDPROC       _WAIT_MS_IIC
  C:3CE2H         SYMBOL        L?0048
  C:3CE4H         SYMBOL        L?0049
  -------         PROC          L?0047
  -------         ENDPROC       L?0047
  C:3CE2H         SYMBOL        L?0048
  C:3CE4H         SYMBOL        L?0049
  -------         PROC          _WAIT_MS_I2C
  D:0006H         SYMBOL        ms
  -------         DO            
  D:0004H         SYMBOL        De_Cnt
  -------         ENDDO         
  C:3CE8H         LINE#         14
  C:3CE8H         LINE#         15
  C:3CE8H         LINE#         17
BL51 BANKED LINKER/LOCATER V6.22                                                      11/19/2018  11:49:54  PAGE 28


  C:3CF2H         LINE#         18
  C:3CF2H         LINE#         19
  C:3D05H         LINE#         20
  C:3D05H         LINE#         21
  -------         ENDPROC       _WAIT_MS_I2C
  -------         PROC          NOP
  C:000AH         LINE#         22
  C:000AH         LINE#         23
  C:000AH         LINE#         25
  -------         ENDPROC       NOP
  -------         PROC          I2C_START
  C:3EB9H         LINE#         26
  C:3EB9H         LINE#         27
  C:3EB9H         LINE#         29
  C:3EBBH         LINE#         30
  C:3EBDH         LINE#         31
  C:3EC4H         LINE#         32
  C:3EC6H         LINE#         33
  C:3EC9H         LINE#         34
  C:3ECBH         LINE#         37
  -------         ENDPROC       I2C_START
  -------         PROC          I2C_STOP
  C:3E7CH         LINE#         39
  C:3E7CH         LINE#         40
  C:3E7CH         LINE#         41
  C:3E7EH         LINE#         42
  C:3E80H         LINE#         43
  C:3E83H         LINE#         44
  C:3E85H         LINE#         45
  C:3E87H         LINE#         46
  C:3E8EH         LINE#         47
  C:3E90H         LINE#         50
  -------         ENDPROC       I2C_STOP
  -------         PROC          L?0050
  -------         ENDPROC       L?0050
  -------         PROC          I2C_ACK
  -------         DO            
  X:0682H         SYMBOL        i
  D:0003H         SYMBOL        dat
  -------         ENDDO         
  C:3E05H         LINE#         52
  C:3E05H         LINE#         53
  C:3E05H         LINE#         55
  C:3E06H         LINE#         60
  C:3E09H         LINE#         61
  C:3E0BH         LINE#         62
  C:3E0EH         LINE#         64
  C:3E11H         LINE#         65
  C:3E11H         LINE#         66
  C:3E15H         LINE#         67
  C:3E15H         LINE#         70
  C:3E15H         LINE#         71
  C:3E18H         LINE#         72
  C:3E18H         LINE#         73
  C:3E1AH         LINE#         74
  -------         ENDPROC       I2C_ACK
  -------         PROC          UC_ACK
BL51 BANKED LINKER/LOCATER V6.22                                                      11/19/2018  11:49:54  PAGE 29


  -------         DO            
  X:0683H         SYMBOL        i
  -------         ENDDO         
  C:3F6FH         LINE#         75
  C:3F6FH         LINE#         76
  C:3F6FH         LINE#         78
  C:3F6FH         LINE#         85
  C:3F6FH         LINE#         87
  C:3F6FH         LINE#         89
  C:3F6FH         LINE#         90
  C:3F6FH         LINE#         93
  C:3F72H         LINE#         94
  C:3F74H         LINE#         95
  C:3F74H         LINE#         99
  -------         ENDPROC       UC_ACK
  -------         PROC          UC_NACK
  -------         DO            
  X:0684H         SYMBOL        i
  -------         ENDDO         
  C:3F0FH         LINE#         101
  C:3F0FH         LINE#         102
  C:3F0FH         LINE#         104
  C:3F0FH         LINE#         108
  C:3F11H         LINE#         111
  C:3F11H         LINE#         112
  C:3F13H         LINE#         113
  C:3F13H         LINE#         115
  C:3F13H         LINE#         116
  C:3F13H         LINE#         119
  C:3F16H         LINE#         120
  C:3F18H         LINE#         121
  C:3F1BH         LINE#         122
  C:3F1DH         LINE#         123
  C:3F1DH         LINE#         127
  -------         ENDPROC       UC_NACK
  -------         PROC          I2C_INIT
  C:3E65H         LINE#         129
  C:3E65H         LINE#         130
  C:3E65H         LINE#         133
  C:3E68H         LINE#         134
  C:3E6BH         LINE#         139
  C:3E73H         LINE#         141
  -------         ENDPROC       I2C_INIT
  -------         PROC          _I2C_SENDBYTE
  D:0001H         SYMBOL        dat
  -------         DO            
  D:0003H         SYMBOL        i
  -------         ENDDO         
  C:3D2AH         LINE#         145
  C:3D2CH         LINE#         146
  C:3D2CH         LINE#         149
  C:3D2EH         LINE#         150
  C:3D2EH         LINE#         151
  C:3D30H         LINE#         153
  C:3D34H         LINE#         154
  C:3D34H         LINE#         155
  C:3D36H         LINE#         156
BL51 BANKED LINKER/LOCATER V6.22                                                      11/19/2018  11:49:54  PAGE 30


  C:3D38H         LINE#         158
  C:3D38H         LINE#         159
  C:3D3AH         LINE#         160
  C:3D3AH         LINE#         161
  C:3D3DH         LINE#         162
  C:3D3FH         LINE#         164
  C:3D43H         LINE#         165
  C:3D46H         LINE#         166
  C:3D4BH         LINE#         167
  -------         ENDPROC       _I2C_SENDBYTE
  -------         PROC          L?0051
  -------         ENDPROC       L?0051
  -------         PROC          I2C_RECEIVEBYTE
  -------         DO            
  D:0003H         SYMBOL        i
  D:0001H         SYMBOL        dat
  -------         ENDDO         
  C:3CB5H         LINE#         171
  C:3CB5H         LINE#         172
  C:3CB5H         LINE#         174
  C:3CB7H         LINE#         178
  C:3CB8H         LINE#         179
  C:3CB8H         LINE#         180
  C:3CBCH         LINE#         181
  C:3CBEH         LINE#         182
  C:3CC1H         LINE#         184
  C:3CC4H         LINE#         185
  C:3CC4H         LINE#         186
  C:3CC8H         LINE#         187
  C:3CC8H         LINE#         188
  C:3CC8H         LINE#         189
  C:3CCBH         LINE#         190
  C:3CCFH         LINE#         191
  C:3CCFH         LINE#         192
  C:3CD1H         LINE#         193
  C:3CD3H         LINE#         194
  C:3CD3H         LINE#         196
  C:3CD8H         LINE#         197
  C:3CDAH         LINE#         198
  -------         ENDPROC       I2C_RECEIVEBYTE
  -------         PROC          _WRITE_VCNL4035X
  X:067FH         SYMBOL        command_code
  X:0680H         SYMBOL        dat_h
  X:0681H         SYMBOL        dat_l
  C:3A86H         LINE#         199
  C:3A91H         LINE#         200
  C:3A91H         LINE#         201
  C:3A94H         LINE#         202
  C:3A9BH         LINE#         203
  C:3A9BH         LINE#         204
  C:3AA1H         LINE#         205
  C:3AA1H         LINE#         206
  C:3AA9H         LINE#         207
  C:3AA9H         LINE#         208
  C:3AAFH         LINE#         209
  C:3AB7H         LINE#         211
  C:3ABDH         LINE#         212
BL51 BANKED LINKER/LOCATER V6.22                                                      11/19/2018  11:49:54  PAGE 31


  C:3AC5H         LINE#         214
  C:3ACBH         LINE#         215
  C:3ACEH         LINE#         216
  -------         ENDPROC       _WRITE_VCNL4035X
  -------         PROC          _READ_VCNL4035
  X:0670H         SYMBOL        command_code
  -------         DO            
  X:0672H         SYMBOL        temp_dat
  X:0674H         SYMBOL        temp_dat_l
  X:0676H         SYMBOL        temp_dat_h
  -------         ENDDO         
  C:362DH         LINE#         218
  C:3635H         LINE#         219
  C:3635H         LINE#         220
  C:3642H         LINE#         222
  C:3645H         LINE#         223
  C:3648H         LINE#         224
  C:364DH         LINE#         226
  C:3653H         LINE#         227
  C:3653H         LINE#         228
  C:3653H         LINE#         229
  C:3653H         LINE#         230
  C:365EH         LINE#         231
  C:3661H         LINE#         232
  C:3664H         LINE#         233
  C:3664H         LINE#         236
  C:3667H         LINE#         238
  C:366EH         LINE#         239
  C:366EH         LINE#         240
  C:366EH         LINE#         241
  C:3679H         LINE#         242
  C:367CH         LINE#         243
  C:367FH         LINE#         244
  C:3682H         LINE#         245
  C:3685H         LINE#         246
  C:3688H         LINE#         247
  C:368BH         LINE#         248
  C:368EH         LINE#         249
  C:3691H         LINE#         250
  C:3691H         LINE#         251
  C:3697H         LINE#         252
  C:3697H         LINE#         253
  C:36A0H         LINE#         255
  C:36A0H         LINE#         256
  C:36A6H         LINE#         257
  C:36A6H         LINE#         259
  C:36A8H         LINE#         260
  C:36AEH         LINE#         261
  C:36B1H         LINE#         262
  C:36B8H         LINE#         263
  C:36B8H         LINE#         264
  C:36C6H         LINE#         265
  -------         ENDPROC       _READ_VCNL4035
  -------         PROC          _DISPLAYLCD_VCNL4035
  X:0685H         SYMBOL        dat
  C:3F75H         LINE#         267
  C:3F7AH         LINE#         268
BL51 BANKED LINKER/LOCATER V6.22                                                      11/19/2018  11:49:54  PAGE 32


  C:3F7AH         LINE#         270
  -------         ENDPROC       _DISPLAYLCD_VCNL4035
  -------         ENDMOD        VCNL4035

  -------         MODULE        BIPOLARMOTOR
  C:0000H         SYMBOL        _ICE_DUMMY_
  D:0080H         PUBLIC        P0
  D:0090H         PUBLIC        P1
  D:00A0H         PUBLIC        P2
  D:00B0H         PUBLIC        P3
  D:00C0H         PUBLIC        P4
  D:00C8H         PUBLIC        P5
  D:00E8H         PUBLIC        P6
  D:00F8H         PUBLIC        P7
  D:00A8H         PUBLIC        IE
  C:33A9H         PUBLIC        linear_interpolate
  C:3C4EH         PUBLIC        _Move
  D:00B8H         PUBLIC        IP
  C:280FH         PUBLIC        _findDet3x3
  C:207DH         PUBLIC        _findDet4x4
  D:00D8H         PUBLIC        CCON
  X:0000H         PUBLIC        previous_move_time
  D:0098H         PUBLIC        SCON
  D:0088H         PUBLIC        TCON
  C:3F85H         PUBLIC        wait
  C:3ACFH         PUBLIC        _Step_move
  C:0920H         PUBLIC        _Update_position
  C:3B16H         PUBLIC        vOneStepMove
  X:0001H         PUBLIC        elevation_stamp
  X:002DH         PUBLIC        date_azimuth_mapping
  X:0079H         PUBLIC        RX_pos
  C:3E25H         PUBLIC        _BCDtoDec1
  X:03BDH         PUBLIC        degree
  D:00D0H         PUBLIC        PSW
  C:3E1BH         SYMBOL        L?0067
  C:3E1EH         SYMBOL        L?0068
  -------         PROC          L?0066
  -------         ENDPROC       L?0066
  C:3E1BH         SYMBOL        L?0067
  C:3E1EH         SYMBOL        L?0068
  -------         PROC          _BCDTODEC1
  D:0007H         SYMBOL        bcd
  -------         DO            
  D:0006H         SYMBOL        hi
  D:0007H         SYMBOL        lo
  -------         ENDDO         
  C:3E25H         LINE#         23
  C:3E25H         LINE#         24
  C:3E25H         LINE#         26
  C:3E2AH         LINE#         27
  C:3E2EH         LINE#         28
  C:3E35H         LINE#         29
  -------         ENDPROC       _BCDTODEC1
  -------         PROC          WAIT
  C:3F85H         LINE#         31
  C:3F85H         LINE#         33
  -------         ENDPROC       WAIT
BL51 BANKED LINKER/LOCATER V6.22                                                      11/19/2018  11:49:54  PAGE 33


  -------         PROC          VONESTEPMOVE
  B:0020H.7       SYMBOL        bDir
  -------         DO            
  X:0497H         SYMBOL        temp
  -------         ENDDO         
  C:3B16H         LINE#         35
  C:3B16H         LINE#         36
  C:3B16H         LINE#         38
  C:3B1CH         LINE#         39
  C:3B1FH         LINE#         40
  C:3B1FH         LINE#         41
  C:3B30H         LINE#         42
  C:3B30H         LINE#         43
  C:3B30H         LINE#         44
  C:3B32H         LINE#         45
  C:3B32H         LINE#         46
  C:3B32H         LINE#         47
  C:3B34H         LINE#         48
  C:3B34H         LINE#         49
  C:3B34H         LINE#         50
  C:3B36H         LINE#         51
  C:3B36H         LINE#         52
  C:3B36H         LINE#         53
  C:3B38H         LINE#         54
  C:3B38H         LINE#         55
  C:3B38H         LINE#         57
  C:3B38H         LINE#         58
  C:3B4CH         LINE#         59
  C:3B4CH         LINE#         60
  C:3B4FH         LINE#         61
  C:3B50H         LINE#         62
  C:3B50H         LINE#         63
  C:3B53H         LINE#         64
  C:3B54H         LINE#         65
  C:3B54H         LINE#         66
  C:3B57H         LINE#         67
  C:3B58H         LINE#         68
  C:3B58H         LINE#         69
  C:3B5BH         LINE#         70
  C:3B5BH         LINE#         71
  C:3B5BH         LINE#         72
  C:3B5BH         LINE#         73
  -------         ENDPROC       VONESTEPMOVE
  -------         PROC          _STEP_MOVE
  X:0493H         SYMBOL        step
  B:0020H.6       SYMBOL        dir
  -------         DO            
  X:0495H         SYMBOL        i
  -------         ENDDO         
  C:3ACFH         LINE#         75
  C:3AD7H         LINE#         76
  C:3AD7H         LINE#         78
  C:3ADCH         LINE#         81
  C:3AF7H         LINE#         82
  C:3AF7H         LINE#         83
  C:3AFEH         LINE#         84
  C:3B05H         LINE#         85
BL51 BANKED LINKER/LOCATER V6.22                                                      11/19/2018  11:49:54  PAGE 34


  C:3B15H         LINE#         87
  -------         ENDPROC       _STEP_MOVE
  -------         PROC          _MOVE
  X:048FH         SYMBOL        distance
  B:0020H.5       SYMBOL        direction
  -------         DO            
  D:0006H         SYMBOL        step
  -------         ENDDO         
  C:3C4EH         LINE#         89
  C:3C54H         LINE#         90
  C:3C54H         LINE#         92
  C:3C7AH         LINE#         93
  -------         ENDPROC       _MOVE
  C:27F0H         SYMBOL        L?0064
  C:2804H         SYMBOL        L?0065
  -------         PROC          L?0063
  -------         ENDPROC       L?0063
  C:27F0H         SYMBOL        L?0064
  C:2804H         SYMBOL        L?0065
  -------         PROC          _FINDDET3X3
  X:0625H         SYMBOL        a11
  X:0629H         SYMBOL        a12
  X:062DH         SYMBOL        a13
  X:0631H         SYMBOL        a21
  X:0635H         SYMBOL        a22
  X:0639H         SYMBOL        a23
  X:063DH         SYMBOL        a31
  X:0641H         SYMBOL        a32
  X:0645H         SYMBOL        a33
  C:280FH         LINE#         97
  C:2815H         LINE#         101
  C:2815H         LINE#         102
  C:29ACH         LINE#         104
  -------         ENDPROC       _FINDDET3X3
  -------         PROC          _FINDDET4X4
  X:05E5H         SYMBOL        a11
  X:05E9H         SYMBOL        a12
  X:05EDH         SYMBOL        a13
  X:05F1H         SYMBOL        a14
  X:05F5H         SYMBOL        a21
  X:05F9H         SYMBOL        a22
  X:05FDH         SYMBOL        a23
  X:0601H         SYMBOL        a24
  X:0605H         SYMBOL        a31
  X:0609H         SYMBOL        a32
  X:060DH         SYMBOL        a33
  X:0611H         SYMBOL        a34
  X:0615H         SYMBOL        a41
  X:0619H         SYMBOL        a42
  X:061DH         SYMBOL        a43
  X:0621H         SYMBOL        a44
  C:207DH         LINE#         105
  C:2083H         LINE#         109
  C:2083H         LINE#         116
  C:233CH         LINE#         120
  -------         ENDPROC       _FINDDET4X4
  -------         PROC          L?0069
BL51 BANKED LINKER/LOCATER V6.22                                                      11/19/2018  11:49:54  PAGE 35


  -------         ENDPROC       L?0069
  -------         PROC          LINEAR_INTERPOLATE
  X:048FH         SYMBOL        p1
  X:0497H         SYMBOL        p2
  X:049FH         SYMBOL        x
  -------         DO            
  D:0004H         SYMBOL        fx
  -------         ENDDO         
  C:33A9H         LINE#         126
  C:33A9H         LINE#         127
  C:33A9H         LINE#         130
  C:3448H         LINE#         132
  C:3448H         LINE#         133
  -------         ENDPROC       LINEAR_INTERPOLATE
[...]
  C:158FH         LINE#         67
  C:158FH         LINE#         70
  C:158FH         LINE#         79
  C:15CAH         LINE#         82
  C:1604H         LINE#         84
  C:1629H         LINE#         85
  C:1648H         LINE#         86
  C:165FH         LINE#         87
  C:1676H         LINE#         88
  C:168DH         LINE#         89
  C:1716H         LINE#         91
  C:1730H         LINE#         92
  C:1792H         LINE#         93
  C:17C8H         LINE#         94
  C:17DAH         LINE#         95
  C:1807H         LINE#         96
  C:1834H         LINE#         98
  C:1856H         LINE#         100
  C:188EH         LINE#         103
  C:188EH         LINE#         104
  C:189CH         LINE#         105
  -------         ENDPROC       SUNPOS
  -------         ENDMOD        SUNPOS

  -------         MODULE        ADC
  C:0000H         SYMBOL        _ICE_DUMMY_
  D:0092H         PUBLIC        P1M0
  D:0091H         PUBLIC        P1M1
  D:0080H         PUBLIC        P0
  D:0090H         PUBLIC        P1
  D:00A0H         PUBLIC        P2
  D:00B0H         PUBLIC        P3
BL51 BANKED LINKER/LOCATER V6.22                                                      11/19/2018  11:49:54  PAGE 39


  D:00C0H         PUBLIC        P4
  D:00C8H         PUBLIC        P5
  D:00E8H         PUBLIC        P6
  D:00F8H         PUBLIC        P7
  D:00A8H         PUBLIC        IE
  D:00BDH         PUBLIC        ADC_RES
  D:00B8H         PUBLIC        IP
  D:00D8H         PUBLIC        CCON
  D:00BCH         PUBLIC        ADC_CONTR
  D:0098H         PUBLIC        SCON
  D:0088H         PUBLIC        TCON
  C:3EFFH         PUBLIC        ADC_Init
  C:3C81H         PUBLIC        _ADC_GetResult
  D:009DH         PUBLIC        P1ASF
  D:00BEH         PUBLIC        ADC_RESL
  D:00D0H         PUBLIC        PSW
  -------         PROC          ADC_INIT
  C:3EFFH         LINE#         5
  C:3EFFH         LINE#         6
  C:3EFFH         LINE#         8
  C:3F02H         LINE#         9
  C:3F05H         LINE#         11
  C:3F08H         LINE#         13
  C:3F0BH         LINE#         15
  C:3F0EH         LINE#         17
  -------         ENDPROC       ADC_INIT
  -------         PROC          _ADC_GETRESULT
  D:0007H         SYMBOL        ch
  -------         DO            
  D:0006H         SYMBOL        ADC_Value
  -------         ENDDO         
  C:3C81H         LINE#         20
  C:3C81H         LINE#         21
  C:3C81H         LINE#         23
  C:3C86H         LINE#         24
  C:3C87H         LINE#         25
  C:3C88H         LINE#         26
  C:3C89H         LINE#         27
  C:3C8AH         LINE#         28
  C:3C8FH         LINE#         29
  C:3C92H         LINE#         30
  C:3C96H         LINE#         31
  C:3CA6H         LINE#         32
  C:3CA7H         LINE#         33
  C:3CA8H         LINE#         34
  C:3CA9H         LINE#         35
  C:3CAAH         LINE#         36
  C:3CABH         LINE#         37
  C:3CACH         LINE#         38
  C:3CADH         LINE#         39
  C:3CAEH         LINE#         40
  C:3CAEH         LINE#         41
  -------         ENDPROC       _ADC_GETRESULT
  -------         ENDMOD        ADC

  -------         MODULE        CALIBRATION
  C:0000H         SYMBOL        _ICE_DUMMY_
BL51 BANKED LINKER/LOCATER V6.22                                                      11/19/2018  11:49:54  PAGE 40


  D:0080H         PUBLIC        P0
  D:0090H         PUBLIC        P1
  D:00A0H         PUBLIC        P2
  D:00B0H         PUBLIC        P3
  D:00C0H         PUBLIC        P4
  D:00C8H         PUBLIC        P5
  D:00E8H         PUBLIC        P6
  D:00F8H         PUBLIC        P7
  C:375CH         PUBLIC        _Max_Value
  D:00A8H         PUBLIC        IE
  C:3215H         PUBLIC        _calibration
  C:32DDH         PUBLIC        voltage_is_stable
  D:00B8H         PUBLIC        IP
  D:00D8H         PUBLIC        CCON
  D:0098H         PUBLIC        SCON
  D:0088H         PUBLIC        TCON
  C:25DDH         PUBLIC        _Find_Real_Max
  D:00D0H         PUBLIC        PSW
  -------         PROC          VOLTAGE_IS_STABLE
  -------         DO            
  X:03E0H         SYMBOL        sample_voltage
  X:03F4H         SYMBOL        i
  X:03F6H         SYMBOL        ch
  -------         ENDDO         
  C:32DDH         LINE#         17
  C:32DDH         LINE#         18
  C:32DDH         LINE#         20
  C:32E4H         LINE#         21
  C:32EAH         LINE#         22
  C:32EAH         LINE#         23
  C:3313H         LINE#         24
  C:3332H         LINE#         26
  C:334CH         LINE#         27
  C:334CH         LINE#         28
  C:337FH         LINE#         29
  C:3383H         LINE#         30
  C:3393H         LINE#         31
  C:3397H         LINE#         32
  -------         ENDPROC       VOLTAGE_IS_STABLE
  -------         PROC          _FIND_REAL_MAX
  X:03E0H         SYMBOL        current_position
  -------         DO            
  X:03E3H         SYMBOL        ch
  X:03E4H         SYMBOL        calib_step_move
  X:03E8H         SYMBOL        voltage_at_scanned_pos
  X:0438H         SYMBOL        max_location
  X:043AH         SYMBOL        i
  -------         ENDDO         
  C:25DDH         LINE#         33
  C:25E8H         LINE#         34
  C:25E8H         LINE#         35
  C:25EBH         LINE#         36
  C:25F3H         LINE#         40
  C:25FBH         LINE#         41
  C:25FBH         LINE#         42
  C:260EH         LINE#         43
  C:2634H         LINE#         44
BL51 BANKED LINKER/LOCATER V6.22                                                      11/19/2018  11:49:54  PAGE 41


  C:265CH         LINE#         45
  C:2663H         LINE#         46
  C:2685H         LINE#         48
  C:2692H         LINE#         49
  C:26B9H         LINE#         50
  C:26C0H         LINE#         52
  C:26C8H         LINE#         53
  C:26C8H         LINE#         55
  C:26DBH         LINE#         56
  C:2701H         LINE#         57
  C:2729H         LINE#         58
  C:2730H         LINE#         59
  C:2752H         LINE#         61
  C:2763H         LINE#         63
  C:2780H         LINE#         64
  C:27D5H         LINE#         65
  -------         ENDPROC       _FIND_REAL_MAX
  -------         PROC          _MAX_VALUE
  D:0001H         SYMBOL        input
  -------         DO            
  D:0004H         SYMBOL        max
  X:043CH         SYMBOL        max_location
  X:043EH         SYMBOL        i
  -------         ENDDO         
  C:375CH         LINE#         70
  C:375CH         LINE#         71
  C:375CH         LINE#         72
  C:3763H         LINE#         74
  C:3777H         LINE#         75
  C:3777H         LINE#         76
  C:37ADH         LINE#         77
  C:37C7H         LINE#         78
  C:37D6H         LINE#         79
  C:37E6H         LINE#         80
  C:37EEH         LINE#         82
  -------         ENDPROC       _MAX_VALUE
  -------         PROC          _CALIBRATION
  X:03D0H         SYMBOL        mnths
  X:03D1H         SYMBOL        dys
  X:03D2H         SYMBOL        hurs
  X:03D3H         SYMBOL        mns
  X:03D4H         SYMBOL        sconds
  X:03D5H         SYMBOL        currnt_pos
  -------         DO            
  X:03D8H         SYMBOL        calib_value
  X:03DCH         SYMBOL        JP_max_pos
  -------         ENDDO         
  C:3215H         LINE#         84
  C:3220H         LINE#         87
  C:3220H         LINE#         88
  C:322AH         LINE#         89
  C:323EH         LINE#         91
  C:3248H         LINE#         92
  C:3248H         LINE#         94
  C:327EH         LINE#         96
  C:3287H         LINE#         97
  C:32ACH         LINE#         98
BL51 BANKED LINKER/LOCATER V6.22                                                      11/19/2018  11:49:54  PAGE 42


  C:32C8H         LINE#         99
  C:32D7H         LINE#         100
  C:32D7H         LINE#         102
  C:32DCH         LINE#         103
  -------         ENDPROC       _CALIBRATION
  -------         ENDMOD        CALIBRATION

  -------         MODULE        ?C_STARTUP
  C:37EFH         SEGMENT       ?C_C51STARTUP
  I:0022H         SEGMENT       ?STACK
  C:0000H         PUBLIC        ?C_STARTUP
  D:00E0H         SYMBOL        ACC
  D:00F0H         SYMBOL        B
  D:0083H         SYMBOL        DPH
  D:0082H         SYMBOL        DPL
  N:0000H         SYMBOL        IBPSTACK
  N:0100H         SYMBOL        IBPSTACKTOP
  N:0080H         SYMBOL        IDATALEN
  C:37F2H         SYMBOL        IDATALOOP
  N:0000H         SYMBOL        PBPSTACK
  N:0100H         SYMBOL        PBPSTACKTOP
  N:0000H         SYMBOL        PDATALEN
  N:0000H         SYMBOL        PDATASTART
  N:0000H         SYMBOL        PPAGE
  N:0000H         SYMBOL        PPAGEENABLE
  D:00A0H         SYMBOL        PPAGE_SFR
  D:0081H         SYMBOL        SP
  C:37EFH         SYMBOL        STARTUP1
  N:0000H         SYMBOL        XBPSTACK
  N:0000H         SYMBOL        XBPSTACKTOP
  N:0000H         SYMBOL        XDATALEN
  N:0000H         SYMBOL        XDATASTART
  C:0000H         LINE#         126
  C:37EFH         LINE#         133
  C:37F1H         LINE#         134
  C:37F2H         LINE#         135
  C:37F3H         LINE#         136
  C:37F5H         LINE#         185
  C:37F8H         LINE#         196
  -------         ENDMOD        ?C_STARTUP

  -------         MODULE        ?C?FPADD
  C:002DH         PUBLIC        ?C?FPADD
  C:0029H         PUBLIC        ?C?FPSUB
  -------         ENDMOD        ?C?FPADD

  -------         MODULE        ?C?FPMUL
  C:011EH         PUBLIC        ?C?FPMUL
  -------         ENDMOD        ?C?FPMUL

  -------         MODULE        ?C?FPDIV
  C:0227H         PUBLIC        ?C?FPDIV
  -------         ENDMOD        ?C?FPDIV

  -------         MODULE        ?C?FPCMP
  C:02C6H         PUBLIC        ?C?FPCMP
  C:02C4H         PUBLIC        ?C?FPCMP3
BL51 BANKED LINKER/LOCATER V6.22                                                      11/19/2018  11:49:54  PAGE 43


  -------         ENDMOD        ?C?FPCMP

  -------         MODULE        ?C?FPNEG
  C:033DH         PUBLIC        ?C?FPNEG
  -------         ENDMOD        ?C?FPNEG

  -------         MODULE        ?C?FCAST
  C:0358H         PUBLIC        ?C?FCASTC
  C:0353H         PUBLIC        ?C?FCASTI
  C:034EH         PUBLIC        ?C?FCASTL
  -------         ENDMOD        ?C?FCAST

  -------         MODULE        ?C?CASTF
  C:038CH         PUBLIC        ?C?CASTF
  -------         ENDMOD        ?C?CASTF

  -------         MODULE        ATAN2
  X:04ECH         PUBLIC        ?_atan2?BYTE
  C:34F5H         PUBLIC        _atan2
  -------         ENDMOD        ATAN2

  -------         MODULE        SIN
  C:2ED8H         PUBLIC        _COS
  C:2EEEH         PUBLIC        _SIN
  C:2F2AH         PUBLIC        _TAN
  -------         ENDMOD        SIN

  -------         MODULE        ACOS
  C:3A3CH         PUBLIC        _ACOS
  -------         ENDMOD        ACOS

  -------         MODULE        ASIN
  C:3BE0H         PUBLIC        _ASIN
  -------         ENDMOD        ASIN

  -------         MODULE        SQRT
  C:344DH         PUBLIC        _SQRT
  -------         ENDMOD        SQRT

  -------         MODULE        ATAN
  C:3038H         PUBLIC        _ATAN
  -------         ENDMOD        ATAN

  -------         MODULE        ?C?COPY
  C:052AH         PUBLIC        ?C?COPY
  -------         ENDMOD        ?C?COPY

  -------         MODULE        ?C?CLDPTR
  C:0550H         PUBLIC        ?C?CLDPTR
  -------         ENDMOD        ?C?CLDPTR

  -------         MODULE        ?C?CSTPTR
  C:0569H         PUBLIC        ?C?CSTPTR
  -------         ENDMOD        ?C?CSTPTR

  -------         MODULE        ?C?IMUL
  C:057BH         PUBLIC        ?C?IMUL
BL51 BANKED LINKER/LOCATER V6.22                                                      11/19/2018  11:49:54  PAGE 44


  -------         ENDMOD        ?C?IMUL

  -------         MODULE        ?C?UIDIV
  C:058DH         PUBLIC        ?C?UIDIV
  -------         ENDMOD        ?C?UIDIV

  -------         MODULE        ?C?SIDIV
  C:05E2H         PUBLIC        ?C?SIDIV
  -------         ENDMOD        ?C?SIDIV

  -------         MODULE        ?C?ILDIX
  C:0618H         PUBLIC        ?C?ILDIX
  -------         ENDMOD        ?C?ILDIX

  -------         MODULE        ?C?ILDOPTR
  C:062EH         PUBLIC        ?C?ILDOPTR
  -------         ENDMOD        ?C?ILDOPTR

  -------         MODULE        ?C?LMUL
  C:0666H         PUBLIC        ?C?LMUL
  -------         ENDMOD        ?C?LMUL

  -------         MODULE        ?C?SLDIV
  C:3B5CH         PUBLIC        ?C?SLDIV
  -------         ENDMOD        ?C?SLDIV

  -------         MODULE        ?C?LNEG
  C:06B5H         PUBLIC        ?C?LNEG
  -------         ENDMOD        ?C?LNEG

  -------         MODULE        ?C?LLDPTR
  C:06C3H         PUBLIC        ?C?LLDPTR
  -------         ENDMOD        ?C?LLDPTR

  -------         MODULE        ?C?LLDOPTR
  C:06E3H         PUBLIC        ?C?LLDOPTR
  -------         ENDMOD        ?C?LLDOPTR

  -------         MODULE        ?C?LSTPTR
  C:0713H         PUBLIC        ?C?LSTPTR
  -------         ENDMOD        ?C?LSTPTR

  -------         MODULE        ?C?LSTOPTR
  C:072DH         PUBLIC        ?C?LSTOPTR
  -------         ENDMOD        ?C?LSTOPTR

  -------         MODULE        ?C?LLDXDATA
  C:0751H         PUBLIC        ?C?LLDXDATA
  -------         ENDMOD        ?C?LLDXDATA

  -------         MODULE        ?C?LLDCODE
  C:075DH         PUBLIC        ?C?LLDCODE
  -------         ENDMOD        ?C?LLDCODE

  -------         MODULE        ?C?LLDXDATA0
  C:076DH         PUBLIC        ?C?LLDXDATA0
  -------         ENDMOD        ?C?LLDXDATA0
BL51 BANKED LINKER/LOCATER V6.22                                                      11/19/2018  11:49:54  PAGE 45



  -------         MODULE        ?C?LLDCODE0
  C:0779H         PUBLIC        ?C?LLDCODE0
  -------         ENDMOD        ?C?LLDCODE0

  -------         MODULE        ?C?LLDPTR0
  C:0789H         PUBLIC        ?C?LLDPTR0
  -------         ENDMOD        ?C?LLDPTR0

  -------         MODULE        ?C?LSTXDATA
  C:07A9H         PUBLIC        ?C?LSTXDATA
  -------         ENDMOD        ?C?LSTXDATA

  -------         MODULE        ?C?LSTKXDATA
  C:07B5H         PUBLIC        ?C?LSTKXDATA
  -------         ENDMOD        ?C?LSTKXDATA

  -------         MODULE        ?C?OFFXADD
  C:07E6H         PUBLIC        ?C?OFFXADD
  -------         ENDMOD        ?C?OFFXADD

  -------         MODULE        ABS
  C:3F46H         PUBLIC        _ABS
  -------         ENDMOD        ABS

  -------         MODULE        ATOI
  C:313AH         PUBLIC        _atoi
  -------         ENDMOD        ATOI

  -------         MODULE        ?C?IILDX
  C:07F2H         PUBLIC        ?C?IILDX
  -------         ENDMOD        ?C?IILDX

  -------         MODULE        ?C?ULDIV
  C:0844H         PUBLIC        ?C?ULDIV
  -------         ENDMOD        ?C?ULDIV

  -------         MODULE        ?C?LLDIDATA
  C:08D6H         PUBLIC        ?C?LLDIDATA
  -------         ENDMOD        ?C?LLDIDATA

  -------         MODULE        ?C?LLDPDATA
  C:08E2H         PUBLIC        ?C?LLDPDATA
  -------         ENDMOD        ?C?LLDPDATA

  -------         MODULE        ?C?LLDIDATA0
  C:08EEH         PUBLIC        ?C?LLDIDATA0
  -------         ENDMOD        ?C?LLDIDATA0

  -------         MODULE        ?C?LLDPDATA0
  C:08FBH         PUBLIC        ?C?LLDPDATA0
  -------         ENDMOD        ?C?LLDPDATA0

  -------         MODULE        ?C?LSTIDATA
  C:0908H         PUBLIC        ?C?LSTIDATA
  -------         ENDMOD        ?C?LSTIDATA

BL51 BANKED LINKER/LOCATER V6.22                                                      11/19/2018  11:49:54  PAGE 46


  -------         MODULE        ?C?LSTPDATA
  C:0914H         PUBLIC        ?C?LSTPDATA
  -------         ENDMOD        ?C?LSTPDATA

  -------         MODULE        ISDIGIT
  C:3F1EH         PUBLIC        _isdigit
  -------         ENDMOD        ISDIGIT

  -------         MODULE        ISSPACE
  C:3EA5H         PUBLIC        _isspace
  -------         ENDMOD        ISSPACE

*** WARNING L16: UNCALLED SEGMENT, IGNORED FOR OVERLAY PROCESS
    SEGMENT: ?PR?_CALIB_INTERPOLATE?MAIN

*** WARNING L16: UNCALLED SEGMENT, IGNORED FOR OVERLAY PROCESS
    SEGMENT: ?PR?_DISPLAY_PROX?MAIN

*** WARNING L16: UNCALLED SEGMENT, IGNORED FOR OVERLAY PROCESS
    SEGMENT: ?PR?INITUART1?UART1

*** WARNING L16: UNCALLED SEGMENT, IGNORED FOR OVERLAY PROCESS
    SEGMENT: ?PR?_SENDSTRING?UART1

*** WARNING L16: UNCALLED SEGMENT, IGNORED FOR OVERLAY PROCESS
    SEGMENT: ?PR?_TEN?UART1

*** WARNING L16: UNCALLED SEGMENT, IGNORED FOR OVERLAY PROCESS
    SEGMENT: ?PR?_UNIT?UART1

*** WARNING L16: UNCALLED SEGMENT, IGNORED FOR OVERLAY PROCESS
    SEGMENT: ?PR?_DECTOBCD?UART1

*** WARNING L16: UNCALLED SEGMENT, IGNORED FOR OVERLAY PROCESS
    SEGMENT: ?PR?_ASCII_LETTER?UART1

*** WARNING L16: UNCALLED SEGMENT, IGNORED FOR OVERLAY PROCESS
    SEGMENT: ?PR?NOP?VCNL4035

*** WARNING L16: UNCALLED SEGMENT, IGNORED FOR OVERLAY PROCESS
    SEGMENT: ?PR?I2C_INIT?VCNL4035

*** WARNING L16: UNCALLED SEGMENT, IGNORED FOR OVERLAY PROCESS
    SEGMENT: ?PR?_READ_VCNL4035?VCNL4035

*** WARNING L16: UNCALLED SEGMENT, IGNORED FOR OVERLAY PROCESS
    SEGMENT: ?PR?_DISPLAYLCD_VCNL4035?VCNL4035

*** WARNING L16: UNCALLED SEGMENT, IGNORED FOR OVERLAY PROCESS
    SEGMENT: ?PR?WAIT?BIPOLARMOTOR

*** WARNING L16: UNCALLED SEGMENT, IGNORED FOR OVERLAY PROCESS
    SEGMENT: ?PR?_FINDDET4X4?BIPOLARMOTOR

*** WARNING L1: UNRESOLVED EXTERNAL SYMBOL
    SYMBOL:  CALIB_MODE
    MODULE:  .\Obj\main.obj (MAIN)
BL51 BANKED LINKER/LOCATER V6.22                                                      11/19/2018  11:49:54  PAGE 47



*** WARNING L1: UNRESOLVED EXTERNAL SYMBOL
    SYMBOL:  AUTO_MODE
    MODULE:  .\Obj\main.obj (MAIN)

*** WARNING L2: REFERENCE MADE TO UNRESOLVED EXTERNAL
    SYMBOL:  CALIB_MODE
    MODULE:  .\Obj\main.obj (MAIN)
    ADDRESS: 1CD0H

*** WARNING L2: REFERENCE MADE TO UNRESOLVED EXTERNAL
    SYMBOL:  AUTO_MODE
    MODULE:  .\Obj\main.obj (MAIN)
    ADDRESS: 1CD8H

*** WARNING L2: REFERENCE MADE TO UNRESOLVED EXTERNAL
    SYMBOL:  AUTO_MODE
    MODULE:  .\Obj\main.obj (MAIN)
    ADDRESS: 1DA8H

*** WARNING L2: REFERENCE MADE TO UNRESOLVED EXTERNAL
    SYMBOL:  AUTO_MODE
    MODULE:  .\Obj\main.obj (MAIN)
    ADDRESS: 1DB6H

*** WARNING L2: REFERENCE MADE TO UNRESOLVED EXTERNAL
    SYMBOL:  AUTO_MODE
    MODULE:  .\Obj\main.obj (MAIN)
    ADDRESS: 1DC8H

*** WARNING L2: REFERENCE MADE TO UNRESOLVED EXTERNAL
    SYMBOL:  AUTO_MODE
    MODULE:  .\Obj\main.obj (MAIN)
    ADDRESS: 1E0AH

*** WARNING L2: REFERENCE MADE TO UNRESOLVED EXTERNAL
    SYMBOL:  AUTO_MODE
    MODULE:  .\Obj\main.obj (MAIN)
    ADDRESS: 1EDDH

*** WARNING L2: REFERENCE MADE TO UNRESOLVED EXTERNAL
    SYMBOL:  CALIB_MODE
    MODULE:  .\Obj\main.obj (MAIN)
    ADDRESS: 1F58H

*** WARNING L2: REFERENCE MADE TO UNRESOLVED EXTERNAL
    SYMBOL:  CALIB_MODE
    MODULE:  .\Obj\main.obj (MAIN)
    ADDRESS: 1F67H

*** WARNING L2: REFERENCE MADE TO UNRESOLVED EXTERNAL
    SYMBOL:  CALIB_MODE
    MODULE:  .\Obj\main.obj (MAIN)
    ADDRESS: 2067H

*** WARNING L1: UNRESOLVED EXTERNAL SYMBOL
    SYMBOL:  AUTO_MODE
BL51 BANKED LINKER/LOCATER V6.22                                                      11/19/2018  11:49:54  PAGE 48


    MODULE:  .\Obj\KeyPad.obj (KEYPAD)

*** WARNING L2: REFERENCE MADE TO UNRESOLVED EXTERNAL
    SYMBOL:  AUTO_MODE
    MODULE:  .\Obj\KeyPad.obj (KEYPAD)
    ADDRESS: 238AH

*** WARNING L2: REFERENCE MADE TO UNRESOLVED EXTERNAL
    SYMBOL:  AUTO_MODE
    MODULE:  .\Obj\KeyPad.obj (KEYPAD)
    ADDRESS: 2395H

*** WARNING L2: REFERENCE MADE TO UNRESOLVED EXTERNAL
    SYMBOL:  AUTO_MODE
    MODULE:  .\Obj\KeyPad.obj (KEYPAD)
    ADDRESS: 239CH

Program Size: data=18.1 xdata=1670 code=16262
LINK/LOCATE RUN COMPLETE.  30 WARNING(S),  0 ERROR(S)
