BL51 BANKED LINKER/LOCATER V6.22                                                        08/08/2019  11:09:52  PAGE 1


BL51 BANKED LINKER/LOCATER V6.22, INVOKED BY:
C:\KEIL_V5\C51\BIN\BL51.EXE .\Obj\main.obj, .\Obj\PCF85063BTL.obj, .\Obj\LCd_Driver_SPLC780D.obj, .\Obj\KeyPad.obj, .\Ob
>> j\BipolarMotor.obj, .\Obj\SunPos.obj, .\Obj\ADC.obj, .\Obj\Calibration.obj, .\Obj\IOExpander_PI4IOE5V96248.obj, .\Obj
>> \AT25SF041.obj, .\Obj\SI1120.obj, .\Obj\UART1.obj, .\Obj\STARTUP.obj TO .\Obj\GPIO_RTC_Test RTX51TINY PRINT (.\Lis\GP
>> IO_RTC_Test.m51) RAMSIZE (256)


MEMORY MODEL: LARGE WITH FLOATING POINT ARITHMETIC


INPUT MODULES INCLUDED:
  .\Obj\main.obj (MAIN)
  .\Obj\PCF85063BTL.obj (PCF85063BTL)
  .\Obj\LCd_Driver_SPLC780D.obj (LCD_DRIVER_SPLC780D)
  .\Obj\KeyPad.obj (KEYPAD)
  .\Obj\BipolarMotor.obj (BIPOLARMOTOR)
  .\Obj\SunPos.obj (SUNPOS)
  .\Obj\ADC.obj (ADC)
  .\Obj\Calibration.obj (CALIBRATION)
  .\Obj\IOExpander_PI4IOE5V96248.obj (IOEXPANDER_PI4IOE5V96248)
  .\Obj\AT25SF041.obj (AT25SF041)
  .\Obj\SI1120.obj (SI1120)
  .\Obj\UART1.obj (UART1)
  .\Obj\STARTUP.obj (?C_STARTUP)
  C:\KEIL_V5\C51\LIB\C51FPL.LIB (?C?FPADD)
  C:\KEIL_V5\C51\LIB\C51FPL.LIB (?C?FPMUL)
  C:\KEIL_V5\C51\LIB\C51FPL.LIB (?C?FPDIV)
  C:\KEIL_V5\C51\LIB\C51FPL.LIB (?C?FPCMP)
  C:\KEIL_V5\C51\LIB\C51FPL.LIB (?C?FPNEG)
  C:\KEIL_V5\C51\LIB\C51FPL.LIB (?C?FCAST)
  C:\KEIL_V5\C51\LIB\C51FPL.LIB (?C?CASTF)
  C:\KEIL_V5\C51\LIB\C51FPL.LIB (PRINTF)
  C:\KEIL_V5\C51\LIB\C51FPL.LIB (FABS)
  C:\KEIL_V5\C51\LIB\C51FPL.LIB (ATAN2)
  C:\KEIL_V5\C51\LIB\C51FPL.LIB (SIN)
  C:\KEIL_V5\C51\LIB\C51FPL.LIB (ACOS)
  C:\KEIL_V5\C51\LIB\C51FPL.LIB (ASIN)
  C:\KEIL_V5\C51\LIB\C51FPL.LIB (POW)
  C:\KEIL_V5\C51\LIB\C51FPL.LIB (?C?FPGETOPN)
  C:\KEIL_V5\C51\LIB\C51FPL.LIB (?C?CHKFLOAT)
  C:\KEIL_V5\C51\LIB\C51FPL.LIB (?C?FPROUND)
  C:\KEIL_V5\C51\LIB\C51FPL.LIB (?C?FPCONVERT)
  C:\KEIL_V5\C51\LIB\C51FPL.LIB (?C?FPSERIES)
  C:\KEIL_V5\C51\LIB\C51FPL.LIB (EXP)
  C:\KEIL_V5\C51\LIB\C51FPL.LIB (LOG)
  C:\KEIL_V5\C51\LIB\C51FPL.LIB (SQRT)
  C:\KEIL_V5\C51\LIB\C51FPL.LIB (ATAN)
  C:\KEIL_V5\C51\LIB\C51FPL.LIB (?C?FTNPWR)
  C:\KEIL_V5\C51\LIB\C51L.LIB (?C_INIT)
  C:\KEIL_V5\C51\LIB\C51L.LIB (?C?COPY)
  C:\KEIL_V5\C51\LIB\C51L.LIB (?C?CLDPTR)
  C:\KEIL_V5\C51\LIB\C51L.LIB (?C?CLDOPTR)
  C:\KEIL_V5\C51\LIB\C51L.LIB (?C?CSTPTR)
  C:\KEIL_V5\C51\LIB\C51L.LIB (?C?IMUL)
  C:\KEIL_V5\C51\LIB\C51L.LIB (?C?UIDIV)
  C:\KEIL_V5\C51\LIB\C51L.LIB (?C?SIDIV)
  C:\KEIL_V5\C51\LIB\C51L.LIB (?C?ILDIX)
  C:\KEIL_V5\C51\LIB\C51L.LIB (?C?ILDOPTR)
BL51 BANKED LINKER/LOCATER V6.22                                                      08/08/2019  11:09:52  PAGE 2


  C:\KEIL_V5\C51\LIB\C51L.LIB (?C?ISTPTR)
  C:\KEIL_V5\C51\LIB\C51L.LIB (?C?LMUL)
  C:\KEIL_V5\C51\LIB\C51L.LIB (?C?SLDIV)
  C:\KEIL_V5\C51\LIB\C51L.LIB (?C?LNEG)
  C:\KEIL_V5\C51\LIB\C51L.LIB (?C?ULCMP)
  C:\KEIL_V5\C51\LIB\C51L.LIB (?C?LSHL)
  C:\KEIL_V5\C51\LIB\C51L.LIB (?C?LLDPTR)
  C:\KEIL_V5\C51\LIB\C51L.LIB (?C?LLDOPTR)
  C:\KEIL_V5\C51\LIB\C51L.LIB (?C?LSTPTR)
  C:\KEIL_V5\C51\LIB\C51L.LIB (?C?LSTOPTR)
  C:\KEIL_V5\C51\LIB\C51L.LIB (?C?LLDXDATA)
  C:\KEIL_V5\C51\LIB\C51L.LIB (?C?LLDCODE)
  C:\KEIL_V5\C51\LIB\C51L.LIB (?C?LLDXDATA0)
  C:\KEIL_V5\C51\LIB\C51L.LIB (?C?LLDCODE0)
  C:\KEIL_V5\C51\LIB\C51L.LIB (?C?LLDPTR0)
  C:\KEIL_V5\C51\LIB\C51L.LIB (?C?LSTXDATA)
  C:\KEIL_V5\C51\LIB\C51L.LIB (?C?LSTKXDATA)
  C:\KEIL_V5\C51\LIB\C51L.LIB (?C?LSTKPTR)
  C:\KEIL_V5\C51\LIB\C51L.LIB (?C?OFFXADD)
  C:\KEIL_V5\C51\LIB\C51L.LIB (?C?PLDIXDATA)
  C:\KEIL_V5\C51\LIB\C51L.LIB (?C?PSTXDATA)
  C:\KEIL_V5\C51\LIB\C51L.LIB (?C?CCASE)
  C:\KEIL_V5\C51\LIB\C51L.LIB (PUTCHAR)
  C:\KEIL_V5\C51\LIB\C51L.LIB (ABS)
  C:\KEIL_V5\C51\LIB\C51L.LIB (ATOI)
  C:\KEIL_V5\C51\LIB\C51L.LIB (?C?IILDX)
  C:\KEIL_V5\C51\LIB\C51L.LIB (?C?ULDIV)
  C:\KEIL_V5\C51\LIB\C51L.LIB (?C?LLDIDATA)
  C:\KEIL_V5\C51\LIB\C51L.LIB (?C?LLDPDATA)
  C:\KEIL_V5\C51\LIB\C51L.LIB (?C?LLDIDATA0)
  C:\KEIL_V5\C51\LIB\C51L.LIB (?C?LLDPDATA0)
  C:\KEIL_V5\C51\LIB\C51L.LIB (?C?LSTIDATA)
  C:\KEIL_V5\C51\LIB\C51L.LIB (?C?LSTPDATA)
  C:\KEIL_V5\C51\LIB\C51L.LIB (?C?LSTKIDATA)
  C:\KEIL_V5\C51\LIB\C51L.LIB (?C?LSTKPDATA)
  C:\KEIL_V5\C51\LIB\C51L.LIB (ISDIGIT)
  C:\KEIL_V5\C51\LIB\C51L.LIB (ISSPACE)


LINK MAP OF MODULE:  .\Obj\GPIO_RTC_Test (MAIN)


            TYPE    BASE      LENGTH    RELOCATION   SEGMENT NAME
            -----------------------------------------------------

            * * * * * * *   D A T A   M E M O R Y   * * * * * * *
            REG     0000H     0008H     ABSOLUTE     "REG BANK 0"
            DATA    0008H     0005H     UNIT         _DATA_GROUP_
                    000DH     0013H                  *** GAP ***
            BIT     0020H.0   0001H.2   UNIT         _BIT_GROUP_
            BIT     0021H.2   0000H.1   UNIT         ?BI?MAIN
            BIT     0021H.3   0000H.1   UNIT         ?BI?_ATOI?ATOI
                    0021H.4   0000H.4                *** GAP ***
            IDATA   0022H     0001H     UNIT         ?STACK

            * * * * * * *  X D A T A   M E M O R Y  * * * * * * *
            XDATA   0000H     03BCH     UNIT         ?XD?BIPOLARMOTOR
BL51 BANKED LINKER/LOCATER V6.22                                                      08/08/2019  11:09:52  PAGE 3


            XDATA   03BCH     015DH     UNIT         _XDATA_GROUP_
            XDATA   0519H     011DH     UNIT         ?XD?MAIN
            XDATA   0636H     0019H     UNIT         ?XD?KEYPAD
            XDATA   064FH     0005H     UNIT         ?XD?_ATOI?ATOI
            XDATA   0654H     0001H     UNIT         ?XD?UC_ACK?IOEXPANDER_PI4IOE5V96248
            XDATA   0655H     0001H     UNIT         ?XD?UC_NACK?IOEXPANDER_PI4IOE5V96248

            * * * * * * *   C O D E   M E M O R Y   * * * * * * *
            CODE    0000H     0003H     ABSOLUTE     
            CODE    0003H     0003H     ABSOLUTE     
            CODE    0006H     0005H     UNIT         ?PR?_UNIT?UART1
            CODE    000BH     0003H     ABSOLUTE     
            CODE    000EH     000DH     UNIT         ?PR?UART?MAIN
            CODE    001BH     0003H     ABSOLUTE     
            CODE    001EH     0005H     UNIT         ?PR?_ASCII_LETTER?UART1
            CODE    0023H     0003H     ABSOLUTE     
            CODE    0026H     1D75H     UNIT         ?PR?MAIN?MAIN
            CODE    1D9BH     0BC8H     UNIT         ?C?LIB_CODE
            CODE    2963H     07A2H     UNIT         ?PR?SUNPOS?SUNPOS
            CODE    3105H     06F4H     UNIT         ?PR?_FIND_REAL_MAX?CALIBRATION
            CODE    37F9H     0631H     UNIT         ?PR?_UPDATE_POSITION?BIPOLARMOTOR
            CODE    3E2AH     04FBH     UNIT         ?PR?_THEORICALJP_POSITION?BIPOLARMOTOR
            CODE    4325H     0483H     UNIT         ?PR?PRINTF?PRINTF
            CODE    47A8H     041AH     UNIT         ?C_INITSEG
            CODE    4BC2H     038CH     UNIT         ?PR?KEY_PROCESS?KEYPAD
            CODE    4F4EH     0380H     UNIT         ?PR?_ELEVATION_CALCULATION?BIPOLARMOTOR
            CODE    52CEH     01C7H     UNIT         ?PR?_CALIBRATION?CALIBRATION
            CODE    5495H     018DH     UNIT         ?PR?KEY_SCAN?KEYPAD
            CODE    5622H     0189H     UNIT         ?PR?SPI_NOR_WRITE_DATA?AT25SF041
            CODE    57ABH     0188H     UNIT         ?PR?SIN?SIN
            CODE    5933H     0166H     UNIT         ?PR?_POW?POW
            CODE    5A99H     0155H     UNIT         ?PR?_DISPLAY_POS?LCD_DRIVER_SPLC780D
            CODE    5BEEH     0129H     UNIT         ?PR?LOG?LOG
            CODE    5D17H     0122H     UNIT         ?PR?ATAN?ATAN
            CODE    5E39H     0110H     UNIT         ?PR?_AT25SF041_READ?AT25SF041
            CODE    5F49H     0102H     UNIT         ?PR?_AT25SF041_WRITE?AT25SF041
            CODE    604BH     00F5H     UNIT         ?PR?EXINT0?MAIN
            CODE    6140H     00DBH     UNIT         ?PR?_ATOI?ATOI
            CODE    621BH     00C3H     UNIT         ?PR?LINEAR_INTERPOLATE?BIPOLARMOTOR
            CODE    62DEH     00BBH     UNIT         ?PR?VOLTAGE_IS_STABLE?CALIBRATION
            CODE    6399H     00ADH     UNIT         ?PR?_WRITE_PI4IOE5V96248?IOEXPANDER_PI4IOE5V96248
            CODE    6446H     00ACH     UNIT         ?PR?SQRT?SQRT
            CODE    64F2H     00A1H     UNIT         ?PR?UCREAD_STATUS_REGISTER_BYTE1?AT25SF041
            CODE    6593H     009DH     UNIT         ?PR?_ATAN2?ATAN2
            CODE    6630H     009CH     UNIT         ?PR?_MAX_VALUE?CALIBRATION
            CODE    66CCH     009AH     UNIT         ?PR?EXP?EXP
            CODE    6766H     008CH     UNIT         ?C_C51STARTUP
            CODE    67F2H     0088H     UNIT         ?PR?_DAY_OF_YEAR?PCF85063BTL
            CODE    687AH     0079H     UNIT         ?PR?_WRITEDATA?LCD_DRIVER_SPLC780D
            CODE    68F3H     0072H     UNIT         ?PR?AT25SF041_WRITEENABLE?AT25SF041
            CODE    6965H     006FH     UNIT         ?PR?_READ_TIME?PCF85063BTL
            CODE    69D4H     005AH     UNIT         ?PR?AT25SF041_CHIPERASE?AT25SF041
            CODE    6A2EH     0059H     UNIT         ?PR?LCD_INIT?LCD_DRIVER_SPLC780D
            CODE    6A87H     0056H     UNIT         ?CO?MAIN
            CODE    6ADDH     004BH     UNIT         ?CO?UART1
            CODE    6B28H     004AH     UNIT         ?PR?VONESTEPMOVE?BIPOLARMOTOR
            CODE    6B72H     004AH     UNIT         ?PR?ACOS?ACOS
BL51 BANKED LINKER/LOCATER V6.22                                                      08/08/2019  11:09:52  PAGE 4


            CODE    6BBCH     0044H     UNIT         ?C?LDIV
            CODE    6C00H     0040H     UNIT         ?PR?_COMMAND?LCD_DRIVER_SPLC780D
            CODE    6C40H     0040H     UNIT         ?PR?_STEP_MOVE?BIPOLARMOTOR
            CODE    6C80H     003BH     UNIT         ?PR?ASIN?ASIN
            CODE    6CBBH     0033H     UNIT         ?PR?_SENDSTRING?UART1
            CODE    6CEEH     0031H     UNIT         ?PR?SI1120_CONFIG_MODE_VIRH?SI1120
            CODE    6D1FH     002BH     UNIT         ?PR?_WAIT_MS_I2C?IOEXPANDER_PI4IOE5V96248
            CODE    6D4AH     002BH     UNIT         ?PR?_WAIT_MS_SPINOR?AT25SF041
            CODE    6D75H     002AH     UNIT         ?PR?_ADC_GETRESULT?ADC
            CODE    6D9FH     0028H     UNIT         ?PR?_MOVE?BIPOLARMOTOR
            CODE    6DC7H     0028H     UNIT         ?CO?CALIBRATION
            CODE    6DEFH     0027H     UNIT         ?PR?_I2C_SENDBYTE?IOEXPANDER_PI4IOE5V96248
            CODE    6E16H     0027H     UNIT         ?PR?PUTCHAR?PUTCHAR
            CODE    6E3DH     0025H     UNIT         ?PR?_FINDCLOSESTSAMEDAYCALIBTIME?CALIBRATION
            CODE    6E62H     0024H     UNIT         ?PR?_WAIT_MS?LCD_DRIVER_SPLC780D
            CODE    6E86H     0024H     UNIT         ?PR?_UART1_SENDTOTCPSERVER?UART1
            CODE    6EAAH     0021H     UNIT         ?PR?TM0_ISR?MAIN
            CODE    6ECBH     0020H     UNIT         ?PR?_SPI_SENDBYTE?PCF85063BTL
            CODE    6EEBH     0020H     UNIT         ?PR?SPI_RECEIVEBYTE?PCF85063BTL
            CODE    6F0BH     001EH     UNIT         ?PR?_DELAY_MS?KEYPAD
            CODE    6F29H     001DH     UNIT         ?PR?_DISPLAYLCD?LCD_DRIVER_SPLC780D
            CODE    6F46H     001BH     UNIT         ?PR?_BCDTODEC1?BIPOLARMOTOR
            CODE    6F61H     001AH     UNIT         ?PR?ADC_INIT?ADC
            CODE    6F7BH     0018H     UNIT         ?PR?_SPI_WRITETIME?PCF85063BTL
            CODE    6F93H     0017H     UNIT         ?PR?_ASCIITOBCD?UART1
            CODE    6FAAH     0016H     UNIT         ?PR?I2C_ACK?IOEXPANDER_PI4IOE5V96248
            CODE    6FC0H     0015H     UNIT         ?PR?_DISPLAY_LINE?LCD_DRIVER_SPLC780D
            CODE    6FD5H     0015H     UNIT         ?PR?VSETLOCATION?BIPOLARMOTOR
            CODE    6FEAH     0015H     UNIT         ?PR?I2C_STOP?IOEXPANDER_PI4IOE5V96248
            CODE    6FFFH     0014H     UNIT         ?PR?_PCF85063BTL_DELAY?PCF85063BTL
            CODE    7013H     0014H     UNIT         ?PR?_ISSPACE?ISSPACE
            CODE    7027H     0011H     UNIT         ?PR?_SPI_READTIME?PCF85063BTL
            CODE    7038H     0011H     UNIT         ?PR?_BCDTODEC?PCF85063BTL
            CODE    7049H     0011H     UNIT         ?PR?INITUART1?UART1
            CODE    705AH     000FH     UNIT         ?PR?I2C_START?IOEXPANDER_PI4IOE5V96248
            CODE    7069H     000FH     UNIT         ?PR?UC_NACK?IOEXPANDER_PI4IOE5V96248
            CODE    7078H     000FH     UNIT         ?PR?_ISDIGIT?ISDIGIT
            CODE    7087H     000DH     UNIT         ?PR?SPI_INIT?PCF85063BTL
            CODE    7094H     000DH     UNIT         ?PR?ENABLE_EXTINT0?SI1120
            CODE    70A1H     000DH     UNIT         ?PR?_FABS?FABS
            CODE    70AEH     000CH     UNIT         ?PR?KEYPAD_IO_INIT?KEYPAD
            CODE    70BAH     000CH     UNIT         ?PR?_ABS?ABS
            CODE    70C6H     000AH     UNIT         ?PR?LCD_RETURN_HOME?LCD_DRIVER_SPLC780D
            CODE    70D0H     000AH     UNIT         ?PR?LCD_CLEAR?LCD_DRIVER_SPLC780D
            CODE    70DAH     0009H     UNIT         ?PR?TM1_ISR?MAIN
            CODE    70E3H     0009H     UNIT         ?PR?_SENDUART1?MAIN
            CODE    70ECH     0009H     UNIT         ?PR?UART1_INITTCPCONN?UART1
            CODE    70F5H     0006H     UNIT         ?PR?UC_ACK?IOEXPANDER_PI4IOE5V96248
            CODE    70FBH     0006H     UNIT         ?PR?_TEN?UART1
            CODE    7101H     0001H     UNIT         ?PR?NOP?IOEXPANDER_PI4IOE5V96248
            CODE    7102H     0001H     UNIT         ?PR?_DECTOBCD?UART1



OVERLAY MAP OF MODULE:   .\Obj\GPIO_RTC_Test (MAIN)


BL51 BANKED LINKER/LOCATER V6.22                                                      08/08/2019  11:09:52  PAGE 5


SEGMENT                                             BIT_GROUP          DATA_GROUP          XDATA_GROUP
  +--> CALLED SEGMENT                            START    LENGTH     START    LENGTH     START    LENGTH
--------------------------------------------------------------------------------------------------------
?PR?EXINT0?MAIN                                  -----    -----      -----    -----      -----    -----
  +--> ?PR?_POW?POW

?PR?_POW?POW                                     -----    -----      -----    -----      03BCH    000AH
  +--> ?PR?LOG?LOG
  +--> ?PR?EXP?EXP

?PR?LOG?LOG                                      0020H.0  0000H.1    -----    -----      03C6H    0004H

*** NEW ROOT ***************************************************

?C_C51STARTUP                                    -----    -----      -----    -----      -----    -----
  +--> ?PR?MAIN?MAIN
  +--> ?C_INITSEG

?PR?MAIN?MAIN                                    -----    -----      -----    -----      03CAH    002EH
  +--> ?PR?LCD_INIT?LCD_DRIVER_SPLC780D
  +--> ?PR?SPI_INIT?PCF85063BTL
  +--> ?PR?KEYPAD_IO_INIT?KEYPAD
  +--> ?PR?ADC_INIT?ADC
  +--> ?PR?SI1120_CONFIG_MODE_VIRH?SI1120
  +--> ?PR?ENABLE_EXTINT0?SI1120
  +--> ?PR?VSETLOCATION?BIPOLARMOTOR
  +--> ?PR?_SPI_WRITETIME?PCF85063BTL
  +--> ?PR?_DELAY_MS?KEYPAD
  +--> ?PR?_DISPLAY_LINE?LCD_DRIVER_SPLC780D
  +--> ?PR?_WRITEDATA?LCD_DRIVER_SPLC780D
  +--> ?PR?INITUART1?UART1
  +--> ?PR?UART1_INITTCPCONN?UART1
  +--> ?CO?MAIN
  +--> ?PR?_UART1_SENDTOTCPSERVER?UART1
  +--> ?PR?KEY_PROCESS?KEYPAD
  +--> ?PR?_COMMAND?LCD_DRIVER_SPLC780D
  +--> ?PR?_DISPLAY_POS?LCD_DRIVER_SPLC780D
  +--> ?PR?_DISPLAYLCD?LCD_DRIVER_SPLC780D
  +--> ?PR?_STEP_MOVE?BIPOLARMOTOR
  +--> ?PR?LCD_RETURN_HOME?LCD_DRIVER_SPLC780D
  +--> ?PR?_READ_TIME?PCF85063BTL
  +--> ?PR?_BCDTODEC1?BIPOLARMOTOR
  +--> ?PR?_SENDSTRING?UART1
  +--> ?PR?_ELEVATION_CALCULATION?BIPOLARMOTOR
  +--> ?PR?PRINTF?PRINTF
  +--> ?PR?_CALIBRATION?CALIBRATION
  +--> ?PR?_UPDATE_POSITION?BIPOLARMOTOR
  +--> ?PR?_AT25SF041_READ?AT25SF041
  +--> ?PR?_WAIT_MS_SPINOR?AT25SF041
  +--> ?PR?AT25SF041_WRITEENABLE?AT25SF041
  +--> ?PR?_AT25SF041_WRITE?AT25SF041
  +--> ?PR?SPI_NOR_WRITE_DATA?AT25SF041
  +--> ?PR?_WAIT_MS?LCD_DRIVER_SPLC780D
  +--> ?PR?LINEAR_INTERPOLATE?BIPOLARMOTOR
  +--> ?PR?_FINDCLOSESTSAMEDAYCALIBTIME?CALI...
  +--> ?PR?_ADC_GETRESULT?ADC
  +--> ?PR?_FABS?FABS
BL51 BANKED LINKER/LOCATER V6.22                                                      08/08/2019  11:09:52  PAGE 6


  +--> ?PR?LCD_CLEAR?LCD_DRIVER_SPLC780D
  +--> ?PR?AT25SF041_CHIPERASE?AT25SF041

?PR?LCD_INIT?LCD_DRIVER_SPLC780D                 -----    -----      -----    -----      -----    -----
  +--> ?PR?_WAIT_MS?LCD_DRIVER_SPLC780D
  +--> ?PR?_COMMAND?LCD_DRIVER_SPLC780D

?PR?_COMMAND?LCD_DRIVER_SPLC780D                 -----    -----      -----    -----      -----    -----
  +--> ?PR?_WAIT_MS?LCD_DRIVER_SPLC780D

?PR?SI1120_CONFIG_MODE_VIRH?SI1120               -----    -----      -----    -----      -----    -----
  +--> ?PR?_WAIT_MS?LCD_DRIVER_SPLC780D

?PR?_SPI_WRITETIME?PCF85063BTL                   -----    -----      -----    -----      -----    -----
  +--> ?PR?_SPI_SENDBYTE?PCF85063BTL

?PR?_SPI_SENDBYTE?PCF85063BTL                    -----    -----      -----    -----      -----    -----
  +--> ?PR?_PCF85063BTL_DELAY?PCF85063BTL

?PR?_DISPLAY_LINE?LCD_DRIVER_SPLC780D            -----    -----      -----    -----      -----    -----
  +--> ?PR?_COMMAND?LCD_DRIVER_SPLC780D

?PR?_WRITEDATA?LCD_DRIVER_SPLC780D               -----    -----      -----    -----      04F4H    0001H
  +--> ?PR?_WAIT_MS?LCD_DRIVER_SPLC780D

?PR?UART1_INITTCPCONN?UART1                      -----    -----      -----    -----      -----    -----
  +--> ?CO?UART1
  +--> ?PR?_SENDSTRING?UART1

?PR?_SENDSTRING?UART1                            -----    -----      -----    -----      04E9H    0003H
  +--> ?PR?_SENDUART1?MAIN

?PR?_UART1_SENDTOTCPSERVER?UART1                 -----    -----      -----    -----      03F8H    0003H
  +--> ?CO?UART1
  +--> ?PR?_SENDSTRING?UART1
  +--> ?PR?_DELAY_MS?KEYPAD

?PR?KEY_PROCESS?KEYPAD                           -----    -----      -----    -----      03F8H    0006H
  +--> ?PR?KEY_SCAN?KEYPAD
  +--> ?PR?_SPI_WRITETIME?PCF85063BTL
  +--> ?PR?LCD_CLEAR?LCD_DRIVER_SPLC780D
  +--> ?PR?_COMMAND?LCD_DRIVER_SPLC780D
  +--> ?PR?_WRITEDATA?LCD_DRIVER_SPLC780D

?PR?KEY_SCAN?KEYPAD                              -----    -----      -----    -----      03FEH    0003H

?PR?LCD_CLEAR?LCD_DRIVER_SPLC780D                -----    -----      -----    -----      -----    -----
  +--> ?PR?_COMMAND?LCD_DRIVER_SPLC780D

?PR?_DISPLAY_POS?LCD_DRIVER_SPLC780D             -----    -----      -----    -----      04E9H    000BH
  +--> ?PR?_ABS?ABS
  +--> ?PR?_WRITEDATA?LCD_DRIVER_SPLC780D

?PR?_DISPLAYLCD?LCD_DRIVER_SPLC780D              -----    -----      -----    -----      03F8H    0001H
  +--> ?PR?_WRITEDATA?LCD_DRIVER_SPLC780D

?PR?_STEP_MOVE?BIPOLARMOTOR                      0020H.2  0000H.1    -----    -----      04EDH    0004H
BL51 BANKED LINKER/LOCATER V6.22                                                      08/08/2019  11:09:52  PAGE 7


  +--> ?PR?VONESTEPMOVE?BIPOLARMOTOR

?PR?VONESTEPMOVE?BIPOLARMOTOR                    0020H.3  0000H.1    -----    -----      -----    -----
  +--> ?PR?_WRITE_PI4IOE5V96248?IOEXPANDER_P...
  +--> ?PR?_DELAY_MS?KEYPAD

?PR?_WRITE_PI4IOE5V96248?IOEXPANDER_P...         -----    -----      -----    -----      04F1H    0003H
  +--> ?PR?I2C_START?IOEXPANDER_PI4IOE5V96248
  +--> ?PR?_WAIT_MS_I2C?IOEXPANDER_PI4IOE5V9...
  +--> ?PR?_I2C_SENDBYTE?IOEXPANDER_PI4IOE5V...
  +--> ?PR?I2C_ACK?IOEXPANDER_PI4IOE5V96248
  +--> ?PR?I2C_STOP?IOEXPANDER_PI4IOE5V96248

?PR?I2C_START?IOEXPANDER_PI4IOE5V96248           -----    -----      -----    -----      -----    -----
  +--> ?PR?_WAIT_MS_I2C?IOEXPANDER_PI4IOE5V9...

?PR?_I2C_SENDBYTE?IOEXPANDER_PI4IOE5V...         -----    -----      -----    -----      -----    -----
  +--> ?PR?_WAIT_MS_I2C?IOEXPANDER_PI4IOE5V9...

?PR?I2C_ACK?IOEXPANDER_PI4IOE5V96248             -----    -----      -----    -----      04F4H    0001H
  +--> ?PR?_WAIT_MS_I2C?IOEXPANDER_PI4IOE5V9...

?PR?I2C_STOP?IOEXPANDER_PI4IOE5V96248            -----    -----      -----    -----      -----    -----
  +--> ?PR?_WAIT_MS_I2C?IOEXPANDER_PI4IOE5V9...

?PR?LCD_RETURN_HOME?LCD_DRIVER_SPLC780D          -----    -----      -----    -----      -----    -----
  +--> ?PR?_COMMAND?LCD_DRIVER_SPLC780D

?PR?_READ_TIME?PCF85063BTL                       -----    -----      -----    -----      04E9H    000FH
  +--> ?PR?_SPI_READTIME?PCF85063BTL

?PR?_SPI_READTIME?PCF85063BTL                    -----    -----      -----    -----      -----    -----
  +--> ?PR?_SPI_SENDBYTE?PCF85063BTL
  +--> ?PR?SPI_RECEIVEBYTE?PCF85063BTL

?PR?SPI_RECEIVEBYTE?PCF85063BTL                  -----    -----      -----    -----      -----    -----
  +--> ?PR?_PCF85063BTL_DELAY?PCF85063BTL

?PR?_ELEVATION_CALCULATION?BIPOLARMOTOR          -----    -----      -----    -----      03F8H    0005H
  +--> ?PR?_BCDTODEC1?BIPOLARMOTOR
  +--> ?PR?SUNPOS?SUNPOS
  +--> ?PR?SIN?SIN
  +--> ?PR?ASIN?ASIN

?PR?SUNPOS?SUNPOS                                -----    -----      -----    -----      0442H    005DH
  +--> ?PR?SIN?SIN
  +--> ?PR?_ATAN2?ATAN2
  +--> ?PR?ASIN?ASIN
  +--> ?PR?ACOS?ACOS

?PR?SIN?SIN                                      0020H.1  0000H.1    -----    -----      049FH    0004H

?PR?_ATAN2?ATAN2                                 -----    -----      -----    -----      049FH    0008H
  +--> ?PR?ATAN?ATAN

?PR?ATAN?ATAN                                    0020H.1  0000H.2    -----    -----      04A7H    0004H

BL51 BANKED LINKER/LOCATER V6.22                                                      08/08/2019  11:09:52  PAGE 8


?PR?ASIN?ASIN                                    -----    -----      -----    -----      -----    -----
  +--> ?PR?SQRT?SQRT
  +--> ?PR?ATAN?ATAN

?PR?SQRT?SQRT                                    -----    -----      -----    -----      049FH    0004H

?PR?ACOS?ACOS                                    -----    -----      -----    -----      -----    -----
  +--> ?PR?SQRT?SQRT
  +--> ?PR?ATAN?ATAN

?PR?PRINTF?PRINTF                                0020H.1  0001H.1    0008H    0005H      04E9H    0030H
  +--> ?PR?PUTCHAR?PUTCHAR

?PR?_CALIBRATION?CALIBRATION                     -----    -----      -----    -----      03F8H    0024H
  +--> ?PR?VOLTAGE_IS_STABLE?CALIBRATION
  +--> ?PR?_UPDATE_POSITION?BIPOLARMOTOR
  +--> ?PR?_FIND_REAL_MAX?CALIBRATION

?PR?VOLTAGE_IS_STABLE?CALIBRATION                -----    -----      -----    -----      041CH    0018H
  +--> ?PR?_ADC_GETRESULT?ADC
  +--> ?PR?_ABS?ABS

?PR?_UPDATE_POSITION?BIPOLARMOTOR                -----    -----      -----    -----      041CH    0026H
  +--> ?PR?_BCDTODEC1?BIPOLARMOTOR
  +--> ?PR?SUNPOS?SUNPOS
  +--> ?PR?SIN?SIN
  +--> ?PR?ASIN?ASIN
  +--> ?PR?_THEORICALJP_POSITION?BIPOLARMOTOR
  +--> ?PR?_FABS?FABS
  +--> ?PR?_MOVE?BIPOLARMOTOR

?PR?_THEORICALJP_POSITION?BIPOLARMOTOR           -----    -----      -----    -----      0442H    005CH
  +--> ?PR?LINEAR_INTERPOLATE?BIPOLARMOTOR

?PR?LINEAR_INTERPOLATE?BIPOLARMOTOR              -----    -----      -----    -----      049EH    0014H

?PR?_MOVE?BIPOLARMOTOR                           0020H.1  0000H.1    -----    -----      04E9H    0004H
  +--> ?PR?_STEP_MOVE?BIPOLARMOTOR

?PR?_FIND_REAL_MAX?CALIBRATION                   -----    -----      -----    -----      041CH    00CDH
  +--> ?PR?_ADC_GETRESULT?ADC
  +--> ?PR?_WAIT_MS?LCD_DRIVER_SPLC780D
  +--> ?CO?CALIBRATION
  +--> ?PR?PRINTF?PRINTF
  +--> ?PR?_SENDSTRING?UART1
  +--> ?PR?_COMMAND?LCD_DRIVER_SPLC780D
  +--> ?PR?_WRITEDATA?LCD_DRIVER_SPLC780D
  +--> ?PR?_DISPLAY_POS?LCD_DRIVER_SPLC780D
  +--> ?PR?_MOVE?BIPOLARMOTOR
  +--> ?PR?_READ_TIME?PCF85063BTL
  +--> ?PR?_BCDTODEC1?BIPOLARMOTOR
  +--> ?PR?_MAX_VALUE?CALIBRATION

?PR?_MAX_VALUE?CALIBRATION                       -----    -----      -----    -----      04E9H    0004H

?PR?_AT25SF041_READ?AT25SF041                    -----    -----      -----    -----      03F8H    0008H
  +--> ?PR?_WAIT_MS_SPINOR?AT25SF041
BL51 BANKED LINKER/LOCATER V6.22                                                      08/08/2019  11:09:52  PAGE 9


  +--> ?PR?UCREAD_STATUS_REGISTER_BYTE1?AT25...

?PR?UCREAD_STATUS_REGISTER_BYTE1?AT25...         -----    -----      -----    -----      040EH    0003H
  +--> ?PR?_WAIT_MS_SPINOR?AT25SF041

?PR?AT25SF041_WRITEENABLE?AT25SF041              -----    -----      -----    -----      0406H    0002H
  +--> ?PR?_WAIT_MS_SPINOR?AT25SF041
  +--> ?PR?UCREAD_STATUS_REGISTER_BYTE1?AT25...

?PR?_AT25SF041_WRITE?AT25SF041                   -----    -----      -----    -----      0406H    0008H
  +--> ?PR?_WAIT_MS_SPINOR?AT25SF041
  +--> ?PR?UCREAD_STATUS_REGISTER_BYTE1?AT25...

?PR?SPI_NOR_WRITE_DATA?AT25SF041                 -----    -----      -----    -----      03F8H    000EH
  +--> ?PR?AT25SF041_WRITEENABLE?AT25SF041
  +--> ?PR?_AT25SF041_WRITE?AT25SF041
  +--> ?PR?_WAIT_MS_SPINOR?AT25SF041

?PR?AT25SF041_CHIPERASE?AT25SF041                -----    -----      -----    -----      03F8H    0002H
  +--> ?PR?_WAIT_MS_SPINOR?AT25SF041
  +--> ?PR?UCREAD_STATUS_REGISTER_BYTE1?AT25...



SYMBOL TABLE OF MODULE:  .\Obj\GPIO_RTC_Test (MAIN)

  VALUE           TYPE          NAME
  ----------------------------------

  -------         MODULE        MAIN
  C:0000H         SYMBOL        _ICE_DUMMY_
  X:0521H         PUBLIC        calib_value
  D:0080H         PUBLIC        P0
  D:0090H         PUBLIC        P1
  D:00A0H         PUBLIC        P2
  D:00B0H         PUBLIC        P3
  D:00C0H         PUBLIC        P4
  D:00C8H         PUBLIC        P5
  X:0575H         SYMBOL        PressedKey
  B:00A8H.7       PUBLIC        EA
  D:00E8H         PUBLIC        P6
  X:0579H         PUBLIC        calib_stamp
  D:00F8H         PUBLIC        P7
  X:057AH         PUBLIC        sTempString
  X:0583H         PUBLIC        calib_bool
  X:05ADH         PUBLIC        pwm_time_min
  D:00A8H         PUBLIC        IE
  X:05B1H         PUBLIC        calib_time
  X:0605H         PUBLIC        pwm_time_max
  B:0090H.7       PUBLIC        Connect_Electronics_Load
  D:00B8H         PUBLIC        IP
  B:0098H.0       PUBLIC        RI
  B:00B0H.2       PUBLIC        INT0
  X:0609H         PUBLIC        months
  B:0098H.1       PUBLIC        TI
  C:000EH         PUBLIC        Uart
  D:00D8H         PUBLIC        CCON
BL51 BANKED LINKER/LOCATER V6.22                                                      08/08/2019  11:09:52  PAGE 10


  C:0026H         PUBLIC        main
  X:060AH         PUBLIC        found_1st_point
  X:060CH         PUBLIC        i_point1
  X:060EH         PUBLIC        i_point2
  X:0610H         PUBLIC        count
  B:0090H.2       PUBLIC        Connect_IV_Load
  D:0099H         PUBLIC        SBUF
  X:0612H         PUBLIC        days
  X:0613H         PUBLIC        hours
  D:0098H         PUBLIC        SCON
  D:0089H         PUBLIC        TMOD
  D:0088H         PUBLIC        TCON
  B:00A0H.3       PUBLIC        P23
  X:0614H         SYMBOL        KeyCount
  X:0616H         PUBLIC        mins
  B:00C8H.5       PUBLIC        P55
  X:0617H         PUBLIC        diff_of_offset
  D:008EH         PUBLIC        AUXR
  C:6EAAH         PUBLIC        tm0_isr
  B:0090H.5       PUBLIC        SI1120_STX
  C:70DAH         PUBLIC        tm1_isr
  B:0021H.2       PUBLIC        busy
  D:00E0H         PUBLIC        ACC
  B:00A8H.1       PUBLIC        ET0
  B:00A8H.3       PUBLIC        ET1
  X:061BH         PUBLIC        SPI_NOR_INTERNAL_FLASH_ADDR
  D:008CH         PUBLIC        TH0
  D:008DH         PUBLIC        TH1
  D:008AH         PUBLIC        TL0
  D:008BH         PUBLIC        TL1
  X:061FH         PUBLIC        ii
  X:0621H         PUBLIC        jj
  B:0088H.4       PUBLIC        TR0
  B:0088H.6       PUBLIC        TR1
  X:0623H         PUBLIC        old_mins
  C:604BH         PUBLIC        exint0
  X:0624H         SYMBOL        KeyNum
  X:0625H         SYMBOL        KeyNum_Old
  X:0626H         PUBLIC        timer0_count
  X:0628H         PUBLIC        current_position
  X:062CH         PUBLIC        pwm_time
  X:0630H         PUBLIC        i
  X:0632H         PUBLIC        j
  X:0634H         PUBLIC        start_timer0_count
  X:0635H         PUBLIC        seconds
  D:00D0H         PUBLIC        PSW
  C:70E3H         PUBLIC        _SendUART1
  -------         PROC          TM0_ISR
  C:6EAAH         LINE#         106
  C:6EB0H         LINE#         110
  C:6EB3H         LINE#         111
  C:6EB6H         LINE#         112
  C:6EC4H         LINE#         113
  -------         ENDPROC       TM0_ISR
  -------         PROC          TM1_ISR
  C:70DAH         LINE#         114
  C:70DAH         LINE#         116
BL51 BANKED LINKER/LOCATER V6.22                                                      08/08/2019  11:09:52  PAGE 11


  C:70DCH         LINE#         118
  C:70DFH         LINE#         119
  C:70E2H         LINE#         120
  -------         ENDPROC       TM1_ISR
  -------         PROC          EXINT0
  C:604BH         LINE#         121
  C:6068H         LINE#         125
  C:606BH         LINE#         126
  C:606BH         LINE#         127
  C:606EH         LINE#         128
  C:6071H         LINE#         129
  C:6073H         LINE#         130
  C:6075H         LINE#         134
  C:6078H         LINE#         137
  C:6078H         LINE#         138
  C:607AH         LINE#         140
  C:6086H         LINE#         141
  C:60E0H         LINE#         142
  C:611EH         LINE#         143
  C:6125H         LINE#         148
  C:6125H         LINE#         150
  -------         ENDPROC       EXINT0
  -------         PROC          MAIN
  -------         DO            
  X:0519H         SYMBOL        KeyCount
  X:051BH         SYMBOL        KeyNum_Old
  X:051CH         SYMBOL        KeyNum
  X:051DH         SYMBOL        PressedKey
  X:03CAH         SYMBOL        prox_flag
  X:03CBH         SYMBOL        iUse_prevday_calib_value
  X:03CDH         SYMBOL        max_ADC_Val_JP
  X:03CFH         SYMBOL        max_ADC_Val
  X:03D1H         SYMBOL        calib_point1
  X:03D9H         SYMBOL        calib_point2
  X:03E1H         SYMBOL        dat_to_store
  X:03ECH         SYMBOL        calib_day
  X:03EEH         SYMBOL        calib_count
  X:03F0H         SYMBOL        theorical_JP_max_pos
  X:03F4H         SYMBOL        elevation
  -------         ENDDO         
  C:0026H         LINE#         152
  C:0026H         LINE#         153
  C:0026H         LINE#         158
  C:002CH         LINE#         159
  C:0031H         LINE#         161
  C:0039H         LINE#         165
  C:003FH         LINE#         166
  C:0049H         LINE#         177
  C:0051H         LINE#         178
  C:0058H         LINE#         179
  C:005EH         LINE#         181
  C:0064H         LINE#         193
  C:0067H         LINE#         194
  C:006AH         LINE#         195
  C:006DH         LINE#         197
  C:0070H         LINE#         200
  C:0073H         LINE#         201
BL51 BANKED LINKER/LOCATER V6.22                                                      08/08/2019  11:09:52  PAGE 12


  C:0076H         LINE#         203
  C:0079H         LINE#         205
  C:007CH         LINE#         206
  C:007FH         LINE#         207
  C:0082H         LINE#         208
  C:0084H         LINE#         209
  C:0086H         LINE#         210
  C:0089H         LINE#         211
  C:008BH         LINE#         212
  C:008DH         LINE#         214
  C:008FH         LINE#         215
  C:0096H         LINE#         216
  C:009DH         LINE#         217
  C:00A4H         LINE#         218
  C:00ABH         LINE#         222
  C:00B2H         LINE#         223
  C:00B7H         LINE#         224
  C:00BCH         LINE#         225
  C:00C1H         LINE#         226
  C:00C6H         LINE#         227
  C:00CBH         LINE#         230
  C:00E4H         LINE#         231
  C:00E4H         LINE#         232
  C:0100H         LINE#         233
  C:0147H         LINE#         234
  C:0158H         LINE#         235
  C:015BH         LINE#         238
  C:0162H         LINE#         241
  C:0165H         LINE#         243
  C:016CH         LINE#         244
  C:0175H         LINE#         247
  C:0175H         LINE#         248
  C:0175H         LINE#         249
  C:0178H         LINE#         259
  C:0178H         LINE#         263
  C:017DH         LINE#         264
  C:0182H         LINE#         266
  C:0187H         LINE#         268
  C:018CH         LINE#         269
  C:0191H         LINE#         272
  C:01A2H         LINE#         274
  C:01A7H         LINE#         275
  C:01ACH         LINE#         277
  C:01B3H         LINE#         278
  C:01BBH         LINE#         279
  C:01C0H         LINE#         280
  C:01C8H         LINE#         281
  C:01CDH         LINE#         282
  C:01D7H         LINE#         283
  C:01DCH         LINE#         284
  C:01E4H         LINE#         286
  C:01ECH         LINE#         287
  C:01F1H         LINE#         288
  C:01FBH         LINE#         289
  C:01FBH         LINE#         290
  C:01FDH         LINE#         291
  C:01FFH         LINE#         292
BL51 BANKED LINKER/LOCATER V6.22                                                      08/08/2019  11:09:52  PAGE 13


  C:0209H         LINE#         293
  C:0209H         LINE#         294
  C:020EH         LINE#         295
  C:020EH         LINE#         307
  C:0222H         LINE#         308
  C:0222H         LINE#         309
  C:0237H         LINE#         310
  C:0246H         LINE#         311
  C:0246H         LINE#         312
  C:0259H         LINE#         313
  C:025BH         LINE#         315
  C:025BH         LINE#         316
  C:0277H         LINE#         317
  C:0277H         LINE#         318
  C:027CH         LINE#         319
  C:027CH         LINE#         320
  C:0290H         LINE#         321
  C:0290H         LINE#         324
  C:02A5H         LINE#         325
  C:02B4H         LINE#         326
  C:02B4H         LINE#         327
  C:02C7H         LINE#         328
  C:02C9H         LINE#         330
  C:02C9H         LINE#         331
  C:02E5H         LINE#         332
  C:02E5H         LINE#         333
  C:02EAH         LINE#         334
  C:02F0H         LINE#         335
  C:02F0H         LINE#         337
  C:0312H         LINE#         338
  C:0312H         LINE#         339
  C:031CH         LINE#         340
  C:0322H         LINE#         341
  C:0329H         LINE#         342
  C:032FH         LINE#         343
  C:0336H         LINE#         344
  C:0336H         LINE#         345
  C:0339H         LINE#         347
  C:0339H         LINE#         352
  C:0341H         LINE#         353
  C:037CH         LINE#         354
  C:039AH         LINE#         355
  C:039AH         LINE#         357
  C:03A3H         LINE#         358
  C:03AAH         LINE#         359
  C:03B3H         LINE#         360
  C:03BAH         LINE#         362
  C:03BAH         LINE#         366
  C:03C7H         LINE#         367
  C:03C7H         LINE#         370
  C:03CEH         LINE#         371
  C:03DFH         LINE#         374
  C:03DFH         LINE#         375
  C:0407H         LINE#         376
  C:0407H         LINE#         377
  C:0429H         LINE#         378
  C:0429H         LINE#         380
BL51 BANKED LINKER/LOCATER V6.22                                                      08/08/2019  11:09:52  PAGE 14


  C:044FH         LINE#         381
  C:04A5H         LINE#         382
  C:04AEH         LINE#         383
  C:04B5H         LINE#         384
  C:04BEH         LINE#         385
  C:04C7H         LINE#         386
  C:04CEH         LINE#         392
  C:04CEH         LINE#         398
  C:04CEH         LINE#         400
  C:054AH         LINE#         401
  C:0563H         LINE#         402
  C:0565H         LINE#         403
  C:0567H         LINE#         405
  C:05F1H         LINE#         410
  C:061FH         LINE#         411
  C:061FH         LINE#         413
  C:0655H         LINE#         414
  C:0678H         LINE#         415
  C:068DH         LINE#         416
  C:0697H         LINE#         418
  C:069AH         LINE#         420
  C:069AH         LINE#         421
  C:06C0H         LINE#         422
  C:06C0H         LINE#         423
  C:06E2H         LINE#         424
  C:0746H         LINE#         425
  C:0769H         LINE#         426
  C:080DH         LINE#         429
  C:080DH         LINE#         431
  C:0814H         LINE#         432
  C:0817H         LINE#         435
  C:084CH         LINE#         436
  C:0853H         LINE#         437
  C:0856H         LINE#         439
  C:0888H         LINE#         440
  C:08A3H         LINE#         442
  C:08C1H         LINE#         444
  C:08C8H         LINE#         445
  C:08CFH         LINE#         446
  C:08D2H         LINE#         448
  C:091FH         LINE#         449
  C:0926H         LINE#         451
  C:092DH         LINE#         452
  C:0930H         LINE#         454
  C:09C7H         LINE#         455
  C:09CEH         LINE#         456
  C:09CEH         LINE#         458
  C:09D0H         LINE#         460
  C:09D0H         LINE#         462
  C:09D0H         LINE#         463
  C:09D0H         LINE#         464
  C:09D0H         LINE#         481
  C:09D8H         LINE#         482
  C:09E0H         LINE#         483
  C:09E8H         LINE#         484
  C:09F0H         LINE#         486
  C:0A04H         LINE#         487
BL51 BANKED LINKER/LOCATER V6.22                                                      08/08/2019  11:09:52  PAGE 15


  C:0A1AH         LINE#         488
  C:0A4AH         LINE#         489
  C:0A6AH         LINE#         491
  C:0A7EH         LINE#         492
  C:0A94H         LINE#         493
  C:0AC4H         LINE#         494
  C:0ACBH         LINE#         496
  C:0AEFH         LINE#         499
  C:0B1AH         LINE#         501
  C:0B23H         LINE#         502
  C:0B2AH         LINE#         503
  C:0B33H         LINE#         504
  C:0B3CH         LINE#         505
  C:0B43H         LINE#         507
  C:0B80H         LINE#         509
  C:0B89H         LINE#         510
  C:0B90H         LINE#         511
  C:0B99H         LINE#         512
  C:0BA2H         LINE#         513
  C:0BA9H         LINE#         515
  C:0BD4H         LINE#         517
  C:0BDDH         LINE#         518
  C:0BE4H         LINE#         519
  C:0BEDH         LINE#         520
  C:0BF6H         LINE#         521
  C:0BFDH         LINE#         523
  C:0C28H         LINE#         525
  C:0C31H         LINE#         526
  C:0C38H         LINE#         527
  C:0C41H         LINE#         528
  C:0C48H         LINE#         529
  C:0C51H         LINE#         530
  C:0C58H         LINE#         532
  C:0C5AH         LINE#         534
  C:0C68H         LINE#         535
  C:0C68H         LINE#         536
  C:0C70H         LINE#         539
  C:0C70H         LINE#         540
  C:0C70H         LINE#         542
  C:0C95H         LINE#         543
  C:0C95H         LINE#         544
  C:0CB7H         LINE#         545
  C:0CB7H         LINE#         546
  C:0D33H         LINE#         547
  C:0D35H         LINE#         548
  C:0D37H         LINE#         550
  C:0D8FH         LINE#         553
  C:0D9EH         LINE#         554
  C:0D9EH         LINE#         555
  C:0D9EH         LINE#         556
  C:0D9EH         LINE#         557
  C:0D9EH         LINE#         558
  C:0D9EH         LINE#         559
  C:0D9EH         LINE#         560
  C:0D9EH         LINE#         563
  C:0D9EH         LINE#         565
  C:0D9EH         LINE#         566
BL51 BANKED LINKER/LOCATER V6.22                                                      08/08/2019  11:09:52  PAGE 16


  C:0D9EH         LINE#         567
  C:0D9EH         LINE#         568
  C:0D9EH         LINE#         572
  C:0D9EH         LINE#         574
  C:0D9EH         LINE#         576
  C:0D9EH         LINE#         577
  C:0D9EH         LINE#         578
  C:0D9EH         LINE#         579
  C:0D9EH         LINE#         580
  C:0D9EH         LINE#         581
  C:0D9EH         LINE#         584
  C:0D9EH         LINE#         586
  C:0D9EH         LINE#         587
  C:0D9EH         LINE#         588
  C:0D9EH         LINE#         589
  C:0D9EH         LINE#         590
  C:0D9EH         LINE#         591
  C:0D9EH         LINE#         592
  C:0D9EH         LINE#         594
  C:0DA1H         LINE#         597
  C:0DC8H         LINE#         598
  C:0DC8H         LINE#         601
  C:0DEAH         LINE#         602
  C:0DEAH         LINE#         603
  C:0E66H         LINE#         605
  C:0E93H         LINE#         608
  C:0EAFH         LINE#         609
  C:0F12H         LINE#         610
  C:0F32H         LINE#         611
  C:0F9BH         LINE#         612
  C:0F9DH         LINE#         613
  C:0F9FH         LINE#         615
  C:0FD8H         LINE#         616
  C:0FD8H         LINE#         618
  C:1002H         LINE#         619
  C:103EH         LINE#         620
  C:1066H         LINE#         621
  C:10E0H         LINE#         624
  C:1148H         LINE#         625
  C:114AH         LINE#         627
  C:114AH         LINE#         628
  C:11ADH         LINE#         629
  C:11ADH         LINE#         632
  C:11BCH         LINE#         633
  C:11BCH         LINE#         634
  C:123AH         LINE#         635
  C:1243H         LINE#         636
  C:124AH         LINE#         637
  C:1253H         LINE#         638
  C:125CH         LINE#         639
  C:1263H         LINE#         642
  C:128EH         LINE#         644
  C:1297H         LINE#         645
  C:129EH         LINE#         646
  C:12A7H         LINE#         647
  C:12B0H         LINE#         651
  C:12B7H         LINE#         653
BL51 BANKED LINKER/LOCATER V6.22                                                      08/08/2019  11:09:52  PAGE 17


  C:12E2H         LINE#         655
  C:12EBH         LINE#         656
  C:12F2H         LINE#         657
  C:12FBH         LINE#         658
  C:1302H         LINE#         660
  C:130BH         LINE#         661
  C:1312H         LINE#         664
  C:1350H         LINE#         666
  C:1359H         LINE#         667
  C:1360H         LINE#         668
  C:1369H         LINE#         669
  C:1372H         LINE#         670
  C:1379H         LINE#         671
  C:1379H         LINE#         673
  C:1379H         LINE#         675
  C:1379H         LINE#         676
  C:1379H         LINE#         678
  C:1379H         LINE#         682
  C:139BH         LINE#         683
  C:139BH         LINE#         684
  C:139DH         LINE#         688
  C:13B9H         LINE#         689
  C:13B9H         LINE#         690
  C:13E3H         LINE#         691
  C:13E3H         LINE#         693
  C:13F5H         LINE#         695
  C:1418H         LINE#         696
  C:147CH         LINE#         698
  C:14E2H         LINE#         700
  C:14F2H         LINE#         701
  C:14F8H         LINE#         702
  C:150CH         LINE#         703
  C:1520H         LINE#         704
  C:1528H         LINE#         705
  C:1535H         LINE#         706
  C:1535H         LINE#         707
  C:1559H         LINE#         708
  C:1559H         LINE#         709
  C:15A3H         LINE#         710
  C:15AAH         LINE#         711
  C:15ADH         LINE#         714
  C:15D1H         LINE#         716
  C:15D8H         LINE#         717
  C:15DBH         LINE#         719
  C:160EH         LINE#         720
  C:162AH         LINE#         722
  C:1649H         LINE#         724
  C:1650H         LINE#         726
  C:1657H         LINE#         727
  C:165AH         LINE#         729
  C:16A7H         LINE#         730
  C:16AEH         LINE#         732
  C:16B5H         LINE#         733
  C:16B8H         LINE#         735
  C:174FH         LINE#         736
  C:1756H         LINE#         737
  C:1767H         LINE#         738
BL51 BANKED LINKER/LOCATER V6.22                                                      08/08/2019  11:09:52  PAGE 18


  C:1767H         LINE#         740
  C:179AH         LINE#         741
  C:179AH         LINE#         742
  C:17A4H         LINE#         744
  C:17C7H         LINE#         745
  C:1825H         LINE#         747
  C:1885H         LINE#         749
  C:1894H         LINE#         750
  C:1894H         LINE#         755
  C:18A3H         LINE#         756
  C:18A3H         LINE#         757
  C:18D0H         LINE#         758
  C:18D0H         LINE#         759
  C:194FH         LINE#         761
  C:1956H         LINE#         762
  C:1959H         LINE#         764
  C:198BH         LINE#         765
  C:19A6H         LINE#         767
  C:19C4H         LINE#         769
  C:19CBH         LINE#         770
  C:19D2H         LINE#         771
  C:19D5H         LINE#         773
  C:1A22H         LINE#         774
  C:1A29H         LINE#         776
  C:1A30H         LINE#         777
  C:1A33H         LINE#         779
  C:1ACAH         LINE#         780
  C:1AD1H         LINE#         781
  C:1AE2H         LINE#         784
  C:1AF6H         LINE#         785
  C:1B0AH         LINE#         786
  C:1B19H         LINE#         787
  C:1B19H         LINE#         789
  C:1B19H         LINE#         790
  C:1B2AH         LINE#         791
  C:1B37H         LINE#         792
  C:1B37H         LINE#         793
  C:1B5AH         LINE#         794
  C:1B5AH         LINE#         795
  C:1BAAH         LINE#         796
  C:1BAAH         LINE#         797
  C:1BB1H         LINE#         798
  C:1BB4H         LINE#         800
  C:1BE6H         LINE#         801
  C:1C01H         LINE#         803
  C:1C1FH         LINE#         805
  C:1C26H         LINE#         806
  C:1C2DH         LINE#         807
  C:1C30H         LINE#         809
  C:1C83H         LINE#         810
  C:1C8AH         LINE#         812
  C:1C91H         LINE#         813
  C:1C94H         LINE#         815
  C:1D2BH         LINE#         816
  C:1D32H         LINE#         817
  C:1D32H         LINE#         818
  C:1D43H         LINE#         819
BL51 BANKED LINKER/LOCATER V6.22                                                      08/08/2019  11:09:52  PAGE 19


  C:1D43H         LINE#         820
  C:1D43H         LINE#         823
  C:1D43H         LINE#         824
  C:1D45H         LINE#         827
  C:1D45H         LINE#         829
  C:1D54H         LINE#         830
  C:1D54H         LINE#         831
  C:1D57H         LINE#         832
  C:1D5EH         LINE#         833
  C:1D63H         LINE#         834
  C:1D68H         LINE#         835
  C:1D6DH         LINE#         836
  C:1D72H         LINE#         837
  C:1D77H         LINE#         847
  C:1D7AH         LINE#         849
  C:1D7DH         LINE#         850
  C:1D84H         LINE#         851
  C:1D8EH         LINE#         852
  C:1D95H         LINE#         854
  C:1D98H         LINE#         863
  C:1D98H         LINE#         864
  -------         ENDPROC       MAIN
  -------         PROC          UART
  C:000EH         LINE#         878
  C:000EH         LINE#         880
  C:0011H         LINE#         881
  C:0011H         LINE#         882
  C:0013H         LINE#         884
  C:0013H         LINE#         885
  C:0016H         LINE#         886
  C:0016H         LINE#         887
  C:0018H         LINE#         888
  C:001AH         LINE#         889
  C:001AH         LINE#         890
  -------         ENDPROC       UART
  -------         PROC          _SENDUART1
  D:0007H         SYMBOL        dat
  C:70E3H         LINE#         892
  C:70E3H         LINE#         893
  C:70E3H         LINE#         894
  C:70E6H         LINE#         895
  C:70E8H         LINE#         896
  C:70E9H         LINE#         897
  C:70EBH         LINE#         898
  -------         ENDPROC       _SENDUART1
  -------         ENDMOD        MAIN

  -------         MODULE        PCF85063BTL
  C:0000H         SYMBOL        _ICE_DUMMY_
  D:0096H         PUBLIC        P2M0
  D:0080H         PUBLIC        P0
  D:0095H         PUBLIC        P2M1
  D:0090H         PUBLIC        P1
  D:00A0H         PUBLIC        P2
  D:00B0H         PUBLIC        P3
  D:00C0H         PUBLIC        P4
  D:00C8H         PUBLIC        P5
BL51 BANKED LINKER/LOCATER V6.22                                                      08/08/2019  11:09:52  PAGE 20


  D:00E8H         PUBLIC        P6
  B:00A0H.1       PUBLIC        PCF85063BTL_SDI
  D:00F8H         PUBLIC        P7
  B:00A0H.2       PUBLIC        PCF85063BTL_SCK
  B:00A0H.1       PUBLIC        PCF85063BTL_SDO
  D:00A8H         PUBLIC        IE
  C:6965H         PUBLIC        _Read_time
  C:7005H         PUBLIC        _PCF85063BTL_Delay
  D:00B8H         PUBLIC        IP
  D:00D8H         PUBLIC        CCON
  C:67F2H         PUBLIC        _Day_Of_Year
  C:6EEBH         PUBLIC        SPI_ReceiveByte
  D:0098H         PUBLIC        SCON
  D:0088H         PUBLIC        TCON
  C:7038H         PUBLIC        _BCDtoDec
  B:00A0H.0       PUBLIC        PCF85063BTL_CS
  C:7027H         PUBLIC        _SPI_ReadTime
  C:7087H         PUBLIC        SPI_Init
  C:6F7BH         PUBLIC        _SPI_WriteTime
  C:6ECBH         PUBLIC        _SPI_SendByte
  D:00D0H         PUBLIC        PSW
  C:7001H         SYMBOL        L?0048
  -------         PROC          L?0047
  -------         ENDPROC       L?0047
  C:7001H         SYMBOL        L?0048
  -------         PROC          _PCF85063BTL_DELAY
  D:0006H         SYMBOL        us
  C:7005H         LINE#         8
  C:7005H         LINE#         9
  C:7005H         LINE#         10
  C:700FH         LINE#         11
  C:700FH         LINE#         12
  C:7010H         LINE#         13
  C:7012H         LINE#         14
  -------         ENDPROC       _PCF85063BTL_DELAY
  -------         PROC          _SPI_SENDBYTE
  D:0005H         SYMBOL        dat
  -------         DO            
  D:0003H         SYMBOL        i
  -------         ENDDO         
  C:6ECBH         LINE#         17
  C:6ECDH         LINE#         18
  C:6ECDH         LINE#         20
  C:6ECFH         LINE#         21
  C:6ECFH         LINE#         22
  C:6ED1H         LINE#         23
  C:6ED5H         LINE#         24
  C:6ED5H         LINE#         25
  C:6ED7H         LINE#         26
  C:6ED9H         LINE#         28
  C:6ED9H         LINE#         29
  C:6EDBH         LINE#         30
  C:6EDBH         LINE#         31
  C:6EDEH         LINE#         32
  C:6EDEH         LINE#         33
  C:6EE1H         LINE#         34
  C:6EE5H         LINE#         35
BL51 BANKED LINKER/LOCATER V6.22                                                      08/08/2019  11:09:52  PAGE 21


  C:6EEAH         LINE#         36
  -------         ENDPROC       _SPI_SENDBYTE
  -------         PROC          SPI_RECEIVEBYTE
  -------         DO            
  D:0003H         SYMBOL        i
  D:0005H         SYMBOL        dat
  -------         ENDDO         
  C:6EEBH         LINE#         39
  C:6EEBH         LINE#         40
  C:6EEBH         LINE#         42
  C:6EEDH         LINE#         44
  C:6EEFH         LINE#         45
  C:6EF0H         LINE#         46
  C:6EF0H         LINE#         47
  C:6EF4H         LINE#         48
  C:6EF6H         LINE#         49
  C:6EF9H         LINE#         51
  C:6EFCH         LINE#         52
  C:6EFCH         LINE#         53
  C:6F00H         LINE#         54
  C:6F00H         LINE#         55
  C:6F00H         LINE#         56
  C:6F03H         LINE#         57
  C:6F08H         LINE#         58
  C:6F0AH         LINE#         59
  -------         ENDPROC       SPI_RECEIVEBYTE
  -------         PROC          _SPI_READTIME
  D:0007H         SYMBOL        addr
  -------         DO            
  D:0006H         SYMBOL        dat
  -------         ENDDO         
  C:7027H         LINE#         61
  C:7027H         LINE#         62
  C:7027H         LINE#         64
  C:7029H         LINE#         65
  C:702BH         LINE#         66
  C:7032H         LINE#         67
  C:7035H         LINE#         68
  C:7037H         LINE#         69
  C:7037H         LINE#         70
  -------         ENDPROC       _SPI_READTIME
  -------         PROC          _SPI_WRITETIME
  D:0002H         SYMBOL        val
  D:0005H         SYMBOL        addr
  C:6F7BH         LINE#         71
  C:6F7DH         LINE#         72
  C:6F7DH         LINE#         74
  C:6F7FH         LINE#         75
  C:6F86H         LINE#         76
  C:6F8BH         LINE#         77
  C:6F90H         LINE#         78
  C:6F92H         LINE#         79
  -------         ENDPROC       _SPI_WRITETIME
  -------         PROC          SPI_INIT
  C:7087H         LINE#         83
  C:7087H         LINE#         84
  C:7087H         LINE#         89
BL51 BANKED LINKER/LOCATER V6.22                                                      08/08/2019  11:09:52  PAGE 22


  C:708AH         LINE#         90
  C:708DH         LINE#         91
  C:708FH         LINE#         92
  C:7091H         LINE#         93
  C:7093H         LINE#         94
  -------         ENDPROC       SPI_INIT
  -------         PROC          _READ_TIME
  X:04E9H         SYMBOL        months
  X:04ECH         SYMBOL        days
  X:04EFH         SYMBOL        hours
  X:04F2H         SYMBOL        mins
  X:04F5H         SYMBOL        seconds
  C:6965H         LINE#         96
  C:6970H         LINE#         97
  C:6970H         LINE#         99
  C:6984H         LINE#         101
  C:6998H         LINE#         103
  C:69ACH         LINE#         108
  C:69C0H         LINE#         113
  -------         ENDPROC       _READ_TIME
  -------         PROC          _BCDTODEC
  D:0007H         SYMBOL        bcd
  -------         DO            
  D:0006H         SYMBOL        hi
  D:0007H         SYMBOL        lo
  -------         ENDDO         
  C:7038H         LINE#         119
  C:7038H         LINE#         120
  C:7038H         LINE#         122
  C:703DH         LINE#         123
  C:7041H         LINE#         124
  C:7048H         LINE#         125
  -------         ENDPROC       _BCDTODEC
  -------         PROC          _DAY_OF_YEAR
  D:0007H         SYMBOL        months_bcd
  D:0005H         SYMBOL        days_bcd
  -------         DO            
  D:0004H         SYMBOL        months
  D:0007H         SYMBOL        days
  -------         ENDDO         
  C:67F2H         LINE#         126
  C:67F2H         LINE#         127
  C:67F2H         LINE#         130
  C:67F7H         LINE#         132
  C:67FCH         LINE#         134
  C:6835H         LINE#         135
  C:6835H         LINE#         136
  C:6835H         LINE#         137
  C:6838H         LINE#         138
  C:6838H         LINE#         139
  C:6838H         LINE#         140
  C:683DH         LINE#         141
  C:683DH         LINE#         142
  C:683DH         LINE#         143
  C:6842H         LINE#         144
  C:6842H         LINE#         145
  C:6842H         LINE#         146
BL51 BANKED LINKER/LOCATER V6.22                                                      08/08/2019  11:09:52  PAGE 23


  C:6847H         LINE#         147
  C:6847H         LINE#         148
  C:6847H         LINE#         149
  C:684CH         LINE#         150
  C:684CH         LINE#         151
  C:684CH         LINE#         152
  C:6851H         LINE#         153
  C:6851H         LINE#         154
  C:6851H         LINE#         155
  C:6856H         LINE#         156
  C:6856H         LINE#         157
  C:6856H         LINE#         158
  C:685BH         LINE#         159
  C:685BH         LINE#         160
  C:685BH         LINE#         161
  C:6863H         LINE#         162
  C:6863H         LINE#         163
  C:6863H         LINE#         164
  C:6868H         LINE#         165
  C:6868H         LINE#         166
  C:6868H         LINE#         167
  C:686DH         LINE#         168
  C:686DH         LINE#         169
  C:686DH         LINE#         170
  C:6876H         LINE#         171
  C:6876H         LINE#         172
  C:6876H         LINE#         173
  C:6879H         LINE#         174
  C:6879H         LINE#         175
  -------         ENDPROC       _DAY_OF_YEAR
  -------         ENDMOD        PCF85063BTL

  -------         MODULE        LCD_DRIVER_SPLC780D
  C:0000H         SYMBOL        _ICE_DUMMY_
  D:0092H         PUBLIC        P1M0
  D:0091H         PUBLIC        P1M1
  D:0080H         PUBLIC        P0
  D:0090H         PUBLIC        P1
  D:00A0H         PUBLIC        P2
  D:00B0H         PUBLIC        P3
  D:00C0H         PUBLIC        P4
  D:00C8H         PUBLIC        P5
  D:00E8H         PUBLIC        P6
  D:00F8H         PUBLIC        P7
  C:687EH         PUBLIC        _WriteData
  D:00A8H         PUBLIC        IE
  D:00B8H         PUBLIC        IP
  D:00D8H         PUBLIC        CCON
  B:00B0H.4       PUBLIC        LCD_D4
  B:00B0H.5       PUBLIC        LCD_D5
  B:00B0H.6       PUBLIC        LCD_D6
  C:6F29H         PUBLIC        _DisplayLCD
  B:00B0H.7       PUBLIC        LCD_D7
  D:0098H         PUBLIC        SCON
  D:0088H         PUBLIC        TCON
  C:70D0H         PUBLIC        LCD_clear
  C:6C00H         PUBLIC        _Command
BL51 BANKED LINKER/LOCATER V6.22                                                      08/08/2019  11:09:52  PAGE 24


  C:6FC0H         PUBLIC        _Display_Line
  C:6A2EH         PUBLIC        LCD_Init
  C:6E68H         PUBLIC        _Wait_ms
  B:00C0H.0       PUBLIC        LCD_RS
  B:0090H.3       PUBLIC        LCD_RW
  C:70C6H         PUBLIC        LCD_return_home
  C:5A99H         PUBLIC        _Display_Pos
  B:00B0H.3       PUBLIC        LCD_E
  D:00D0H         PUBLIC        PSW
  -------         PROC          LCD_INIT
  C:6A2EH         LINE#         9
  C:6A2EH         LINE#         10
  C:6A2EH         LINE#         11
  C:6A31H         LINE#         12
  C:6A34H         LINE#         14
  C:6A3AH         LINE#         15
  C:6A3FH         LINE#         17
  C:6A46H         LINE#         18
  C:6A4BH         LINE#         20
  C:6A4EH         LINE#         21
  C:6A53H         LINE#         23
  C:6A56H         LINE#         24
  C:6A5BH         LINE#         26
  C:6A62H         LINE#         29
  C:6A67H         LINE#         30
  C:6A6CH         LINE#         32
  C:6A71H         LINE#         33
  C:6A76H         LINE#         35
  C:6A7BH         LINE#         36
  C:6A80H         LINE#         37
  -------         ENDPROC       LCD_INIT
  C:687AH         SYMBOL        L?0035
  -------         PROC          L?0034
  -------         ENDPROC       L?0034
  C:687AH         SYMBOL        L?0035
  -------         PROC          _WRITEDATA
  X:04F4H         SYMBOL        dat
  C:687EH         LINE#         40
  C:6883H         LINE#         41
  C:6883H         LINE#         46
  C:6885H         LINE#         47
  C:6887H         LINE#         49
  C:6895H         LINE#         50
  C:68A1H         LINE#         51
  C:68ADH         LINE#         52
  C:68B7H         LINE#         53
  C:68B9H         LINE#         54
  C:68C0H         LINE#         55
  C:68C2H         LINE#         57
  C:68D2H         LINE#         58
  C:68DDH         LINE#         59
  C:68E7H         LINE#         60
  C:68EBH         LINE#         62
  C:68EBH         LINE#         63
  C:68EEH         LINE#         64
  C:68F0H         LINE#         65
  C:68F2H         LINE#         67
BL51 BANKED LINKER/LOCATER V6.22                                                      08/08/2019  11:09:52  PAGE 25


  -------         ENDPROC       _WRITEDATA
  -------         PROC          _COMMAND
  D:0007H         SYMBOL        dat
  C:6C00H         LINE#         69
  C:6C00H         LINE#         70
  C:6C00H         LINE#         71
  C:6C02H         LINE#         72
  C:6C04H         LINE#         74
  C:6C0EH         LINE#         75
  C:6C12H         LINE#         77
  C:6C14H         LINE#         78
  C:6C1DH         LINE#         79
  C:6C21H         LINE#         81
  C:6C23H         LINE#         82
  C:6C2AH         LINE#         83
  C:6C2EH         LINE#         85
  C:6C30H         LINE#         86
  C:6C34H         LINE#         87
  C:6C38H         LINE#         89
  C:6C3AH         LINE#         90
  C:6C3AH         LINE#         91
  C:6C3DH         LINE#         92
  C:6C3FH         LINE#         93
  -------         ENDPROC       _COMMAND
  C:6E64H         SYMBOL        L?0037
  -------         PROC          L?0036
  -------         ENDPROC       L?0036
  C:6E64H         SYMBOL        L?0037
  -------         PROC          _WAIT_MS
  D:0006H         SYMBOL        ms
  -------         DO            
  D:0004H         SYMBOL        De_Cnt
  -------         ENDDO         
  C:6E68H         LINE#         95
  C:6E68H         LINE#         96
  C:6E68H         LINE#         98
  C:6E72H         LINE#         99
  C:6E72H         LINE#         100
  C:6E85H         LINE#         101
  C:6E85H         LINE#         102
  -------         ENDPROC       _WAIT_MS
  -------         PROC          _DISPLAYLCD
  D:0007H         SYMBOL        BCD
  -------         DO            
  D:0006H         SYMBOL        first_digit
  X:03F8H         SYMBOL        second_digit
  -------         ENDDO         
  C:6F29H         LINE#         103
  C:6F29H         LINE#         104
  C:6F29H         LINE#         106
  C:6F30H         LINE#         107
  C:6F39H         LINE#         109
  C:6F3EH         LINE#         111
  -------         ENDPROC       _DISPLAYLCD
  -------         PROC          LCD_RETURN_HOME
  C:70C6H         LINE#         115
  C:70C6H         LINE#         116
BL51 BANKED LINKER/LOCATER V6.22                                                      08/08/2019  11:09:52  PAGE 26


  C:70C6H         LINE#         117
  C:70CBH         LINE#         118
  -------         ENDPROC       LCD_RETURN_HOME
  -------         PROC          LCD_CLEAR
  C:70D0H         LINE#         121
  C:70D0H         LINE#         122
  C:70D0H         LINE#         123
  C:70D5H         LINE#         124
  -------         ENDPROC       LCD_CLEAR
  -------         PROC          _DISPLAY_LINE
  D:0006H         SYMBOL        line
  C:6FC0H         LINE#         128
  C:6FC0H         LINE#         129
  C:6FC0H         LINE#         130
  C:6FC6H         LINE#         131
  C:6FC6H         LINE#         132
  C:6FC8H         LINE#         133
  C:6FC8H         LINE#         134
  C:6FCAH         LINE#         136
  C:6FCAH         LINE#         137
  C:6FCFH         LINE#         138
  C:6FD4H         LINE#         139
  C:6FD4H         LINE#         140
  -------         ENDPROC       _DISPLAY_LINE
  -------         PROC          _DISPLAY_POS
  X:04E9H         SYMBOL        sign_dat
  -------         DO            
  X:04EDH         SYMBOL        unit
  X:04EEH         SYMBOL        ten
  X:04EFH         SYMBOL        hundred
  X:04F0H         SYMBOL        thousand
  X:04F1H         SYMBOL        after_dot
  X:04F2H         SYMBOL        dat
  -------         ENDDO         
  C:5A99H         LINE#         142
  C:5A9FH         LINE#         143
  C:5A9FH         LINE#         147
  C:5ABBH         LINE#         148
  C:5AD5H         LINE#         149
  C:5AF9H         LINE#         151
  C:5B43H         LINE#         153
  C:5B5AH         LINE#         154
  C:5B6CH         LINE#         155
  C:5B91H         LINE#         156
  C:5BABH         LINE#         157
  C:5BC3H         LINE#         158
  C:5BC3H         LINE#         159
  C:5BC3H         LINE#         160
  C:5BC3H         LINE#         161
  C:5BC3H         LINE#         162
  C:5BC3H         LINE#         163
  C:5BC3H         LINE#         164
  C:5BC3H         LINE#         168
  C:5BC5H         LINE#         170
  C:5BC5H         LINE#         172
  C:5BCAH         LINE#         173
  C:5BD0H         LINE#         174
BL51 BANKED LINKER/LOCATER V6.22                                                      08/08/2019  11:09:52  PAGE 27


  C:5BD6H         LINE#         175
  C:5BDCH         LINE#         176
  C:5BE2H         LINE#         177
  C:5BE7H         LINE#         178
  C:5BEDH         LINE#         182
  C:5BEDH         LINE#         184
  -------         ENDPROC       _DISPLAY_POS
  -------         ENDMOD        LCD_DRIVER_SPLC780D

  -------         MODULE        KEYPAD
  C:0000H         SYMBOL        _ICE_DUMMY_
  D:0093H         PUBLIC        P0M1
  D:0080H         PUBLIC        P0
  D:0090H         PUBLIC        P1
  D:00A0H         PUBLIC        P2
  D:00B0H         PUBLIC        P3
  D:00C0H         PUBLIC        P4
  D:00C8H         PUBLIC        P5
  D:00E8H         PUBLIC        P6
  D:00F8H         PUBLIC        P7
  D:00A8H         PUBLIC        IE
  C:5495H         PUBLIC        Key_Scan
  D:00B8H         PUBLIC        IP
  D:00D8H         PUBLIC        CCON
  C:70AEH         PUBLIC        KeyPad_IO_Init
  C:6F0BH         PUBLIC        _Delay_ms
  D:0098H         PUBLIC        SCON
  D:0088H         PUBLIC        TCON
  X:0645H         PUBLIC        small_move
  X:0647H         PUBLIC        move
  X:0649H         PUBLIC        auto_mode
  X:064BH         PUBLIC        direction
  X:064DH         PUBLIC        SPI_NOR_ClearEnable
  C:4BC2H         PUBLIC        Key_Process
  D:00D0H         PUBLIC        PSW
  D:0094H         PUBLIC        P0M0
  -------         PROC          _DELAY_MS
  D:0006H         SYMBOL        ms
  -------         DO            
  D:0004H         SYMBOL        De_Cnt
  -------         ENDDO         
  C:6F0BH         LINE#         20
  C:6F0BH         LINE#         21
  C:6F0BH         LINE#         23
  C:6F15H         LINE#         24
  C:6F15H         LINE#         25
  C:6F28H         LINE#         26
  C:6F28H         LINE#         27
  -------         ENDPROC       _DELAY_MS
  -------         PROC          KEY_SCAN
  -------         DO            
  X:03FEH         SYMBOL        KeyTemp1
  X:03FFH         SYMBOL        KeyTemp2
  X:0400H         SYMBOL        KeyValue
  -------         ENDDO         
  C:5495H         LINE#         28
  C:5495H         LINE#         29
BL51 BANKED LINKER/LOCATER V6.22                                                      08/08/2019  11:09:52  PAGE 28


  C:5495H         LINE#         34
  C:5498H         LINE#         37
  C:549BH         LINE#         39
  C:54A3H         LINE#         40
  C:54AAH         LINE#         41
  C:54AAH         LINE#         43
  C:54AFH         LINE#         44
  C:54B6H         LINE#         45
  C:54B6H         LINE#         48
  C:54B9H         LINE#         49
  C:54BCH         LINE#         50
  C:54C1H         LINE#         51
  C:54C5H         LINE#         52
  C:54C5H         LINE#         53
  C:54CDH         LINE#         54
  C:54CDH         LINE#         55
  C:54D0H         LINE#         56
  C:54D8H         LINE#         57
  C:54DAH         LINE#         59
  C:54EEH         LINE#         60
  C:54EEH         LINE#         61
  C:54EEH         LINE#         62
  C:54EEH         LINE#         63
  C:54F4H         LINE#         65
  C:54F6H         LINE#         66
  C:54F6H         LINE#         67
  C:54F6H         LINE#         68
  C:54FCH         LINE#         70
  C:54FEH         LINE#         71
  C:54FEH         LINE#         72
  C:54FEH         LINE#         73
  C:5504H         LINE#         75
  C:5506H         LINE#         76
  C:5506H         LINE#         77
  C:5506H         LINE#         78
  C:550CH         LINE#         80
  C:550CH         LINE#         81
  C:550CH         LINE#         82
  C:550CH         LINE#         85
  C:550FH         LINE#         86
  C:5512H         LINE#         87
  C:551AH         LINE#         88
  C:551EH         LINE#         89
  C:551EH         LINE#         90
  C:5526H         LINE#         91
  C:5526H         LINE#         92
  C:5529H         LINE#         93
  C:5531H         LINE#         94
  C:5533H         LINE#         95
  C:5547H         LINE#         96
  C:5547H         LINE#         97
  C:5547H         LINE#         98
  C:5547H         LINE#         99
  C:554DH         LINE#         101
  C:554FH         LINE#         102
  C:554FH         LINE#         103
  C:554FH         LINE#         104
BL51 BANKED LINKER/LOCATER V6.22                                                      08/08/2019  11:09:52  PAGE 29


  C:5555H         LINE#         106
  C:5557H         LINE#         107
  C:5557H         LINE#         108
  C:5557H         LINE#         109
  C:555DH         LINE#         111
  C:555FH         LINE#         112
  C:555FH         LINE#         113
  C:555FH         LINE#         114
  C:5564H         LINE#         116
  C:5564H         LINE#         117
  C:5564H         LINE#         118
  C:5564H         LINE#         121
  C:5567H         LINE#         122
  C:556AH         LINE#         123
  C:5572H         LINE#         124
  C:5576H         LINE#         125
  C:5576H         LINE#         126
  C:557EH         LINE#         127
  C:557EH         LINE#         128
  C:5581H         LINE#         129
  C:5589H         LINE#         130
  C:558BH         LINE#         131
  C:559FH         LINE#         132
  C:559FH         LINE#         133
  C:559FH         LINE#         134
  C:559FH         LINE#         135
  C:55A5H         LINE#         137
  C:55A7H         LINE#         138
  C:55A7H         LINE#         139
  C:55A7H         LINE#         140
  C:55ADH         LINE#         142
  C:55AFH         LINE#         143
  C:55AFH         LINE#         144
  C:55AFH         LINE#         145
  C:55B5H         LINE#         147
  C:55B7H         LINE#         148
  C:55B7H         LINE#         149
  C:55B7H         LINE#         150
  C:55BDH         LINE#         152
  C:55BDH         LINE#         153
  C:55BDH         LINE#         154
  C:55BDH         LINE#         158
  C:55C0H         LINE#         159
  C:55C3H         LINE#         160
  C:55CBH         LINE#         161
  C:55CFH         LINE#         162
  C:55CFH         LINE#         163
  C:55D7H         LINE#         164
  C:55D7H         LINE#         165
  C:55DAH         LINE#         166
  C:55E2H         LINE#         167
  C:55E4H         LINE#         168
  C:55F8H         LINE#         169
  C:55F8H         LINE#         170
  C:55F8H         LINE#         171
  C:55F8H         LINE#         172
  C:55FEH         LINE#         174
BL51 BANKED LINKER/LOCATER V6.22                                                      08/08/2019  11:09:52  PAGE 30


  C:5600H         LINE#         175
  C:5600H         LINE#         176
  C:5600H         LINE#         177
  C:5606H         LINE#         179
  C:5608H         LINE#         180
  C:5608H         LINE#         181
  C:5608H         LINE#         182
  C:560EH         LINE#         184
  C:5610H         LINE#         185
  C:5610H         LINE#         186
  C:5610H         LINE#         187
  C:5616H         LINE#         189
  C:5616H         LINE#         190
  C:5616H         LINE#         191
  C:5616H         LINE#         193
  C:561CH         LINE#         194
  C:561CH         LINE#         196
  C:561CH         LINE#         197
  C:561FH         LINE#         198
  C:561FH         LINE#         199
  C:561FH         LINE#         201
  C:561FH         LINE#         202
  C:5621H         LINE#         203
  C:5621H         LINE#         204
  -------         ENDPROC       KEY_SCAN
  -------         PROC          KEY_PROCESS
  -------         DO            
  X:0636H         SYMBOL        KeyCount
  X:0637H         SYMBOL        KeyNum_Old
  X:0639H         SYMBOL        KeyNum
  X:063BH         SYMBOL        PressedKey
  X:03F8H         SYMBOL        d
  D:0002H         SYMBOL        hours
  D:0006H         SYMBOL        mins
  X:03FAH         SYMBOL        months
  X:03FCH         SYMBOL        days
  -------         ENDDO         
  C:4BC2H         LINE#         205
  C:4BC2H         LINE#         206
  C:4BC2H         LINE#         210
  C:4BD1H         LINE#         211
  C:4BDEH         LINE#         213
  C:4BE2H         LINE#         214
  C:4BE2H         LINE#         215
  C:4BE8H         LINE#         217
  C:4BE8H         LINE#         218
  C:4BFFH         LINE#         219
  C:4BFFH         LINE#         220
  C:4C09H         LINE#         221
  C:4C0FH         LINE#         223
  C:4C15H         LINE#         225
  C:4C15H         LINE#         226
  C:4C2CH         LINE#         227
  C:4C2CH         LINE#         228
  C:4C31H         LINE#         230
  C:4C31H         LINE#         231
  C:4C41H         LINE#         232
BL51 BANKED LINKER/LOCATER V6.22                                                      08/08/2019  11:09:52  PAGE 31


  C:4C41H         LINE#         233
  C:4C47H         LINE#         235
  C:4C47H         LINE#         236
  C:4C59H         LINE#         237
  C:4C59H         LINE#         238
  C:4C63H         LINE#         239
  C:4C6BH         LINE#         241
  C:4C74H         LINE#         243
  C:4C74H         LINE#         252
  C:4C93H         LINE#         253
  C:4C93H         LINE#         254
  C:4CB2H         LINE#         255
  C:4CB8H         LINE#         256
  C:4CC0H         LINE#         257
  C:4CC0H         LINE#         259
  C:4CC1H         LINE#         265
  C:4CCDH         LINE#         266
  C:4CCDH         LINE#         267
  C:4CEAH         LINE#         268
  C:4D01H         LINE#         269
  C:4D18H         LINE#         270
  C:4D18H         LINE#         271
  C:4D2BH         LINE#         272
  C:4D3EH         LINE#         273
  C:4D3EH         LINE#         274
  C:4D3EH         LINE#         275
  C:4D41H         LINE#         280
  C:4D50H         LINE#         281
  C:4D50H         LINE#         282
  C:4D73H         LINE#         283
  C:4D90H         LINE#         284
  C:4D99H         LINE#         285
  C:4D99H         LINE#         286
  C:4DA0H         LINE#         287
  C:4DA0H         LINE#         288
  C:4DB1H         LINE#         289
  C:4DB1H         LINE#         290
  C:4DC0H         LINE#         291
  C:4DC0H         LINE#         292
  C:4DC0H         LINE#         293
  C:4DC3H         LINE#         295
  C:4DC3H         LINE#         296
  C:4DCFH         LINE#         297
  C:4DCFH         LINE#         298
  C:4DE1H         LINE#         299
  C:4DE1H         LINE#         300
  C:4DF1H         LINE#         301
  C:4DF1H         LINE#         302
  C:4DF1H         LINE#         304
  C:4DF3H         LINE#         306
  C:4DF3H         LINE#         307
  C:4E02H         LINE#         308
  C:4E02H         LINE#         309
  C:4E12H         LINE#         310
  C:4E12H         LINE#         311
  C:4E12H         LINE#         313
  C:4E12H         LINE#         315
BL51 BANKED LINKER/LOCATER V6.22                                                      08/08/2019  11:09:52  PAGE 32


  C:4E12H         LINE#         316
  C:4E14H         LINE#         318
  C:4E14H         LINE#         319
  C:4E1BH         LINE#         320
  C:4E1BH         LINE#         321
  C:4E2AH         LINE#         322
  C:4E2AH         LINE#         323
  C:4E3AH         LINE#         324
  C:4E3AH         LINE#         325
  C:4E3AH         LINE#         326
  C:4E3CH         LINE#         328
  C:4E3CH         LINE#         329
  C:4E4BH         LINE#         330
  C:4E4BH         LINE#         331
  C:4E5EH         LINE#         332
  C:4E71H         LINE#         333
  C:4E71H         LINE#         334
  C:4E71H         LINE#         335
  C:4E71H         LINE#         336
  C:4E7AH         LINE#         338
  C:4E7AH         LINE#         340
  C:4EB4H         LINE#         341
  C:4EB4H         LINE#         342
  C:4EBBH         LINE#         343
  C:4EBBH         LINE#         344
  C:4EC5H         LINE#         345
  C:4EC5H         LINE#         346
  C:4EC8H         LINE#         347
  C:4ECDH         LINE#         348
  C:4ED2H         LINE#         349
  C:4ED7H         LINE#         350
  C:4EDCH         LINE#         351
  C:4EE1H         LINE#         352
  C:4EE6H         LINE#         353
  C:4EEBH         LINE#         354
  C:4EEBH         LINE#         355
  C:4EEBH         LINE#         357
  C:4F09H         LINE#         358
  C:4F09H         LINE#         359
  C:4F10H         LINE#         360
  C:4F10H         LINE#         361
  C:4F15H         LINE#         362
  C:4F1EH         LINE#         363
  C:4F3DH         LINE#         364
  C:4F3DH         LINE#         365
  C:4F4DH         LINE#         367
  C:4F4DH         LINE#         371
  -------         ENDPROC       KEY_PROCESS
  -------         PROC          KEYPAD_IO_INIT
  C:70AEH         LINE#         374
  C:70AEH         LINE#         375
  C:70AEH         LINE#         376
  C:70B1H         LINE#         377
  C:70B4H         LINE#         378
  C:70B7H         LINE#         379
  C:70B9H         LINE#         380
  -------         ENDPROC       KEYPAD_IO_INIT
BL51 BANKED LINKER/LOCATER V6.22                                                      08/08/2019  11:09:52  PAGE 33


  -------         ENDMOD        KEYPAD

  -------         MODULE        BIPOLARMOTOR
  C:0000H         SYMBOL        _ICE_DUMMY_
  X:0000H         PUBLIC        UTC_time
  D:0080H         PUBLIC        P0
  D:0090H         PUBLIC        P1
  X:0004H         PUBLIC        RX_pos_test
  D:00A0H         PUBLIC        P2
  D:00B0H         PUBLIC        P3
  D:00C0H         PUBLIC        P4
  D:00C8H         PUBLIC        P5
  D:00E8H         PUBLIC        P6
  D:00F8H         PUBLIC        P7
  X:00A4H         PUBLIC        low_date_azimuth_mapping
  D:00A8H         PUBLIC        IE
  C:623EH         PUBLIC        linear_interpolate
  X:00CCH         PUBLIC        declination
  C:6D9FH         PUBLIC        _Move
  D:00B8H         PUBLIC        IP
  X:00D0H         PUBLIC        time_offset
  D:00D8H         PUBLIC        CCON
  X:00D4H         PUBLIC        previous_move_time
  X:00D5H         PUBLIC        time
  D:0098H         PUBLIC        SCON
  D:0088H         PUBLIC        TCON
  C:6C40H         PUBLIC        _Step_move
  X:00E7H         PUBLIC        dat
  X:00EDH         PUBLIC        current_local_sun_time
  C:37F9H         PUBLIC        _Update_position
  C:4F4EH         PUBLIC        _elevation_calculation
  X:00F1H         PUBLIC        sunCoord
  C:6B28H         PUBLIC        vOneStepMove
  X:00F4H         PUBLIC        elevation_stamp
  X:0130H         PUBLIC        date_azimuth_mapping
  X:0158H         PUBLIC        location
  X:0160H         PUBLIC        RX_pos
  C:6FD5H         PUBLIC        vSetLocation
  C:6F50H         PUBLIC        _BCDtoDec1
  X:03B8H         PUBLIC        degree
  C:3E2AH         PUBLIC        _TheoricalJP_Position
  D:00D0H         PUBLIC        PSW
  -------         PROC          VSETLOCATION
  C:6FD5H         LINE#         44
  C:6FD5H         LINE#         45
  C:6FD5H         LINE#         46
  C:6FDFH         LINE#         47
  C:6FE9H         LINE#         48
  -------         ENDPROC       VSETLOCATION
  C:6F4CH         SYMBOL        L?0060
  -------         PROC          L?0059
  -------         ENDPROC       L?0059
  C:6F4CH         SYMBOL        L?0060
  -------         PROC          _BCDTODEC1
  D:0007H         SYMBOL        bcd
  -------         DO            
  D:0006H         SYMBOL        hi
BL51 BANKED LINKER/LOCATER V6.22                                                      08/08/2019  11:09:52  PAGE 34


  D:0007H         SYMBOL        lo
  -------         ENDDO         
  C:6F50H         LINE#         49
  C:6F50H         LINE#         50
  C:6F50H         LINE#         52
  C:6F55H         LINE#         53
  C:6F59H         LINE#         54
  C:6F60H         LINE#         55
  -------         ENDPROC       _BCDTODEC1
  -------         PROC          VONESTEPMOVE
  B:0020H.3       SYMBOL        bDir
  C:6B28H         LINE#         59
[...]


  C:569EH         LINE#         325
  C:569EH         LINE#         326
  C:569EH         LINE#         328
  C:56A1H         LINE#         330
  C:56BBH         LINE#         331
  C:56BBH         LINE#         332
  C:56BBH         LINE#         334
  C:56BEH         LINE#         336
  C:56D8H         LINE#         337
  C:56D8H         LINE#         338
  C:56D8H         LINE#         340
  C:56DBH         LINE#         342
  C:56F5H         LINE#         343
  C:56F5H         LINE#         344
  C:56F5H         LINE#         346
  C:56F8H         LINE#         348
  C:5712H         LINE#         349
  C:5712H         LINE#         350
  C:5712H         LINE#         352
  C:5715H         LINE#         354
  C:572FH         LINE#         355
  C:572FH         LINE#         356
  C:572FH         LINE#         358
  C:5732H         LINE#         360
  C:574CH         LINE#         361
  C:574CH         LINE#         362
  C:574CH         LINE#         364
  C:574FH         LINE#         366
  C:5769H         LINE#         367
  C:5769H         LINE#         368
  C:5769H         LINE#         370
  C:576CH         LINE#         372
  C:5786H         LINE#         373
  C:578DH         LINE#         374
  -------         ENDPROC       SPI_NOR_WRITE_DATA
  -------         ENDMOD        AT25SF041

  -------         MODULE        SI1120
  C:0000H         SYMBOL        _ICE_DUMMY_
  D:0080H         PUBLIC        P0
  D:00B2H         PUBLIC        P3M0
  D:0090H         PUBLIC        P1
  D:00B1H         PUBLIC        P3M1
  D:00A0H         PUBLIC        P2
  D:00B0H         PUBLIC        P3
  D:00C0H         PUBLIC        P4
  D:00C8H         PUBLIC        P5
  B:00A8H.7       PUBLIC        EA
  D:00E8H         PUBLIC        P6
  D:00F8H         PUBLIC        P7
  D:00A8H         PUBLIC        IE
  D:00B8H         PUBLIC        IP
  C:6CEEH         PUBLIC        SI1120_CONFIG_MODE_VIRH
  D:00D8H         PUBLIC        CCON
  D:0098H         PUBLIC        SCON
  D:0088H         PUBLIC        TCON
  C:7094H         PUBLIC        Enable_EXTINT0
BL51 BANKED LINKER/LOCATER V6.22                                                      08/08/2019  11:09:52  PAGE 55


  B:0090H.5       PUBLIC        SI1120_STX
  B:0088H.0       PUBLIC        IT0
  B:00A8H.0       PUBLIC        EX0
  B:0090H.4       PUBLIC        SI1120_MD
  B:0090H.6       PUBLIC        SI1120_SC
  D:00D0H         PUBLIC        PSW
  -------         PROC          SI1120_CONFIG_MODE_VIRH
  C:6CEEH         LINE#         4
  C:6CEEH         LINE#         5
  C:6CEEH         LINE#         6
  C:6CF0H         LINE#         7
  C:6CF2H         LINE#         8
  C:6CF4H         LINE#         10
  C:6CFBH         LINE#         11
  C:6CFDH         LINE#         13
  C:6CFFH         LINE#         14
  C:6D01H         LINE#         16
  C:6D08H         LINE#         18
  C:6D0AH         LINE#         20
  C:6D11H         LINE#         23
  C:6D13H         LINE#         25
  C:6D15H         LINE#         27
  C:6D1CH         LINE#         29
  C:6D1EH         LINE#         31
  -------         ENDPROC       SI1120_CONFIG_MODE_VIRH
  -------         PROC          ENABLE_EXTINT0
  C:7094H         LINE#         33
  C:7094H         LINE#         34
  C:7094H         LINE#         35
  C:7097H         LINE#         36
  C:709AH         LINE#         37
  C:709CH         LINE#         38
  C:709EH         LINE#         39
  C:70A0H         LINE#         40
  -------         ENDPROC       ENABLE_EXTINT0
  -------         ENDMOD        SI1120

  -------         MODULE        UART1
  C:0000H         SYMBOL        _ICE_DUMMY_
  D:0080H         PUBLIC        P0
  D:0090H         PUBLIC        P1
  D:00A0H         PUBLIC        P2
  D:00B0H         PUBLIC        P3
  D:00C0H         PUBLIC        P4
  D:00C8H         PUBLIC        P5
  C:6E86H         PUBLIC        _uart1_SendToTCPServer
  B:00A8H.7       PUBLIC        EA
  D:00E8H         PUBLIC        P6
  D:00F8H         PUBLIC        P7
  C:6CBBH         PUBLIC        _SendString
  D:00A8H         PUBLIC        IE
  B:00A8H.4       PUBLIC        ES
  D:00B8H         PUBLIC        IP
  C:6F93H         PUBLIC        _ASCIItoBCD
  D:00D8H         PUBLIC        CCON
  C:7049H         PUBLIC        initUART1
  D:0098H         PUBLIC        SCON
BL51 BANKED LINKER/LOCATER V6.22                                                      08/08/2019  11:09:52  PAGE 56


  D:0088H         PUBLIC        TCON
  C:7102H         PUBLIC        _DectoBCD
  C:001EH         PUBLIC        _ASCII_Letter
  D:008EH         PUBLIC        AUXR
  C:0006H         PUBLIC        _unit
  C:70FBH         PUBLIC        _ten
  D:00D6H         PUBLIC        T2H
  D:00D7H         PUBLIC        T2L
  C:70ECH         PUBLIC        uart1_InitTCPConn
  D:00D0H         PUBLIC        PSW
  -------         PROC          INITUART1
  C:7049H         LINE#         24
  C:7049H         LINE#         25
  C:7049H         LINE#         26
  C:704CH         LINE#         27
  C:704FH         LINE#         28
  C:7052H         LINE#         29
  C:7055H         LINE#         30
  C:7057H         LINE#         31
  C:7059H         LINE#         33
  -------         ENDPROC       INITUART1
  -------         PROC          _SENDSTRING
  X:04E9H         SYMBOL        s
  C:6CBBH         LINE#         36
  C:6CC6H         LINE#         37
  C:6CC6H         LINE#         38
  C:6CD6H         LINE#         39
  C:6CD6H         LINE#         40
  C:6CEBH         LINE#         41
  C:6CEDH         LINE#         42
  -------         ENDPROC       _SENDSTRING
  -------         PROC          _TEN
  D:0007H         SYMBOL        BCD
  C:70FBH         LINE#         44
  C:70FBH         LINE#         45
  C:70FBH         LINE#         46
  C:7100H         LINE#         47
  -------         ENDPROC       _TEN
  -------         PROC          _UNIT
  D:0007H         SYMBOL        BCD
  C:0006H         LINE#         48
  C:0006H         LINE#         49
  C:0006H         LINE#         53
  C:000AH         LINE#         54
  -------         ENDPROC       _UNIT
  -------         PROC          _DECTOBCD
  D:0007H         SYMBOL        dec
  C:7102H         LINE#         55
  C:7102H         LINE#         56
  C:7102H         LINE#         58
  C:7102H         LINE#         59
  -------         ENDPROC       _DECTOBCD
  -------         PROC          _ASCII_LETTER
  D:0007H         SYMBOL        dat
  C:001EH         LINE#         61
  C:001EH         LINE#         62
  C:001EH         LINE#         64
BL51 BANKED LINKER/LOCATER V6.22                                                      08/08/2019  11:09:52  PAGE 57


  C:0022H         LINE#         65
  -------         ENDPROC       _ASCII_LETTER
  -------         PROC          _ASCIITOBCD
  D:0001H         SYMBOL        ascii
  -------         DO            
  D:0007H         SYMBOL        dec_val
  D:0006H         SYMBOL        ten
  D:0007H         SYMBOL        unit
  -------         ENDDO         
  C:6F93H         LINE#         67
  C:6F93H         LINE#         68
  C:6F93H         LINE#         70
  C:6F96H         LINE#         71
  C:6F9CH         LINE#         72
  C:6FA3H         LINE#         73
  C:6FA9H         LINE#         75
  -------         ENDPROC       _ASCIITOBCD
  -------         PROC          UART1_INITTCPCONN
  C:70ECH         LINE#         77
  C:70ECH         LINE#         78
  C:70ECH         LINE#         82
  -------         ENDPROC       UART1_INITTCPCONN
  -------         PROC          _UART1_SENDTOTCPSERVER
  X:03F8H         SYMBOL        str
  C:6E86H         LINE#         85
  C:6E91H         LINE#         86
  C:6E91H         LINE#         87
  C:6E9AH         LINE#         88
  C:6EA1H         LINE#         89
  -------         ENDPROC       _UART1_SENDTOTCPSERVER
  -------         ENDMOD        UART1

  -------         MODULE        ?C_STARTUP
  C:6766H         SEGMENT       ?C_C51STARTUP
  I:0022H         SEGMENT       ?STACK
  C:0000H         PUBLIC        ?C_STARTUP
  D:00E0H         SYMBOL        ACC
  D:00F0H         SYMBOL        B
  D:0083H         SYMBOL        DPH
  D:0082H         SYMBOL        DPL
  N:0000H         SYMBOL        IBPSTACK
  N:0100H         SYMBOL        IBPSTACKTOP
  N:0080H         SYMBOL        IDATALEN
  C:6769H         SYMBOL        IDATALOOP
  N:0000H         SYMBOL        PBPSTACK
  N:0100H         SYMBOL        PBPSTACKTOP
  N:0000H         SYMBOL        PDATALEN
  N:0000H         SYMBOL        PDATASTART
  N:0000H         SYMBOL        PPAGE
  N:0000H         SYMBOL        PPAGEENABLE
  D:00A0H         SYMBOL        PPAGE_SFR
  D:0081H         SYMBOL        SP
  C:6766H         SYMBOL        STARTUP1
  N:0000H         SYMBOL        XBPSTACK
  N:0000H         SYMBOL        XBPSTACKTOP
  N:0000H         SYMBOL        XDATALEN
  N:0000H         SYMBOL        XDATASTART
BL51 BANKED LINKER/LOCATER V6.22                                                      08/08/2019  11:09:52  PAGE 58


  C:0000H         LINE#         126
  C:6766H         LINE#         133
  C:6768H         LINE#         134
  C:6769H         LINE#         135
  C:676AH         LINE#         136
  C:676CH         LINE#         185
  C:676FH         LINE#         196
  -------         ENDMOD        ?C_STARTUP

  -------         MODULE        ?C?FPADD
  C:1DA2H         PUBLIC        ?C?FPADD
  C:1D9EH         PUBLIC        ?C?FPSUB
  -------         ENDMOD        ?C?FPADD

  -------         MODULE        ?C?FPMUL
  C:1E93H         PUBLIC        ?C?FPMUL
  -------         ENDMOD        ?C?FPMUL

  -------         MODULE        ?C?FPDIV
  C:1F9CH         PUBLIC        ?C?FPDIV
  -------         ENDMOD        ?C?FPDIV

  -------         MODULE        ?C?FPCMP
  C:203BH         PUBLIC        ?C?FPCMP
  C:2039H         PUBLIC        ?C?FPCMP3
  -------         ENDMOD        ?C?FPCMP

  -------         MODULE        ?C?FPNEG
  C:20B2H         PUBLIC        ?C?FPNEG
  -------         ENDMOD        ?C?FPNEG

  -------         MODULE        ?C?FCAST
  C:20CDH         PUBLIC        ?C?FCASTC
  C:20C8H         PUBLIC        ?C?FCASTI
  C:20C3H         PUBLIC        ?C?FCASTL
  -------         ENDMOD        ?C?FCAST

  -------         MODULE        ?C?CASTF
  C:2101H         PUBLIC        ?C?CASTF
  -------         ENDMOD        ?C?CASTF

  -------         MODULE        PRINTF
  X:04E9H         PUBLIC        ?_PRINTF?BYTE
  X:04E9H         PUBLIC        ?_SPRINTF?BYTE
  C:4390H         PUBLIC        _PRINTF
  C:438AH         PUBLIC        _SPRINTF
  -------         ENDMOD        PRINTF

  -------         MODULE        FABS
  C:70A1H         PUBLIC        _FABS
  -------         ENDMOD        FABS

  -------         MODULE        ATAN2
  X:049FH         PUBLIC        ?_atan2?BYTE
  C:6593H         PUBLIC        _atan2
  -------         ENDMOD        ATAN2

BL51 BANKED LINKER/LOCATER V6.22                                                      08/08/2019  11:09:52  PAGE 59


  -------         MODULE        SIN
  C:57F3H         PUBLIC        _COS
  C:5809H         PUBLIC        _SIN
  C:5845H         PUBLIC        _TAN
  -------         ENDMOD        SIN

  -------         MODULE        ACOS
  C:6B72H         PUBLIC        _ACOS
  -------         ENDMOD        ACOS

  -------         MODULE        ASIN
  C:6C80H         PUBLIC        _ASIN
  -------         ENDMOD        ASIN

  -------         MODULE        POW
  X:03BCH         PUBLIC        ?_pow?BYTE
  C:5933H         PUBLIC        _pow
  -------         ENDMOD        POW

  -------         MODULE        ?C?CHKFLOAT
  C:2182H         PUBLIC        ?C?CHKFLOAT
  -------         ENDMOD        ?C?CHKFLOAT

  -------         MODULE        ?C?FPROUND
  C:219CH         PUBLIC        ?C?FPROUND
  -------         ENDMOD        ?C?FPROUND

  -------         MODULE        ?C?FPCONVERT
  C:21D9H         PUBLIC        ?C?FPCONVERT
  -------         ENDMOD        ?C?FPCONVERT

  -------         MODULE        EXP
  C:6704H         PUBLIC        _EXP
  -------         ENDMOD        EXP

  -------         MODULE        LOG
  C:5C22H         PUBLIC        _LOG
  C:5C1EH         PUBLIC        _LOG10
  -------         ENDMOD        LOG

  -------         MODULE        SQRT
  C:644AH         PUBLIC        _SQRT
  -------         ENDMOD        SQRT

  -------         MODULE        ATAN
  C:5D37H         PUBLIC        _ATAN
  -------         ENDMOD        ATAN

  -------         MODULE        ?C?FTNPWR
  C:235BH         PUBLIC        ?C?FTNPWR
  -------         ENDMOD        ?C?FTNPWR

  -------         MODULE        ?C?COPY
  C:246BH         PUBLIC        ?C?COPY
  -------         ENDMOD        ?C?COPY

  -------         MODULE        ?C?CLDPTR
BL51 BANKED LINKER/LOCATER V6.22                                                      08/08/2019  11:09:52  PAGE 60


  C:2491H         PUBLIC        ?C?CLDPTR
  -------         ENDMOD        ?C?CLDPTR

  -------         MODULE        ?C?CLDOPTR
  C:24AAH         PUBLIC        ?C?CLDOPTR
  -------         ENDMOD        ?C?CLDOPTR

  -------         MODULE        ?C?CSTPTR
  C:24D7H         PUBLIC        ?C?CSTPTR
  -------         ENDMOD        ?C?CSTPTR

  -------         MODULE        ?C?IMUL
  C:24E9H         PUBLIC        ?C?IMUL
  -------         ENDMOD        ?C?IMUL

  -------         MODULE        ?C?UIDIV
  C:24FBH         PUBLIC        ?C?UIDIV
  -------         ENDMOD        ?C?UIDIV

  -------         MODULE        ?C?SIDIV
  C:2550H         PUBLIC        ?C?SIDIV
  -------         ENDMOD        ?C?SIDIV

  -------         MODULE        ?C?ILDIX
  C:2586H         PUBLIC        ?C?ILDIX
  -------         ENDMOD        ?C?ILDIX

  -------         MODULE        ?C?ILDOPTR
  C:259CH         PUBLIC        ?C?ILDOPTR
  -------         ENDMOD        ?C?ILDOPTR

  -------         MODULE        ?C?ISTPTR
  C:25D4H         PUBLIC        ?C?ISTPTR
  -------         ENDMOD        ?C?ISTPTR

  -------         MODULE        ?C?LMUL
  C:25F3H         PUBLIC        ?C?LMUL
  -------         ENDMOD        ?C?LMUL

  -------         MODULE        ?C?SLDIV
  C:6BBCH         PUBLIC        ?C?SLDIV
  -------         ENDMOD        ?C?SLDIV

  -------         MODULE        ?C?LNEG
  C:2642H         PUBLIC        ?C?LNEG
  -------         ENDMOD        ?C?LNEG

  -------         MODULE        ?C?ULCMP
  C:2650H         PUBLIC        ?C?ULCMP
  -------         ENDMOD        ?C?ULCMP

  -------         MODULE        ?C?LSHL
  C:2661H         PUBLIC        ?C?LSHL
  -------         ENDMOD        ?C?LSHL

  -------         MODULE        ?C?LLDPTR
  C:2674H         PUBLIC        ?C?LLDPTR
BL51 BANKED LINKER/LOCATER V6.22                                                      08/08/2019  11:09:52  PAGE 61


  -------         ENDMOD        ?C?LLDPTR

  -------         MODULE        ?C?LLDOPTR
  C:2694H         PUBLIC        ?C?LLDOPTR
  -------         ENDMOD        ?C?LLDOPTR

  -------         MODULE        ?C?LSTPTR
  C:26C4H         PUBLIC        ?C?LSTPTR
  -------         ENDMOD        ?C?LSTPTR

  -------         MODULE        ?C?LSTOPTR
  C:26DEH         PUBLIC        ?C?LSTOPTR
  -------         ENDMOD        ?C?LSTOPTR

  -------         MODULE        ?C?LLDXDATA
  C:2702H         PUBLIC        ?C?LLDXDATA
  -------         ENDMOD        ?C?LLDXDATA

  -------         MODULE        ?C?LLDCODE
  C:270EH         PUBLIC        ?C?LLDCODE
  -------         ENDMOD        ?C?LLDCODE

  -------         MODULE        ?C?LLDXDATA0
  C:271EH         PUBLIC        ?C?LLDXDATA0
  -------         ENDMOD        ?C?LLDXDATA0

  -------         MODULE        ?C?LLDCODE0
  C:272AH         PUBLIC        ?C?LLDCODE0
  -------         ENDMOD        ?C?LLDCODE0

  -------         MODULE        ?C?LLDPTR0
  C:273AH         PUBLIC        ?C?LLDPTR0
  -------         ENDMOD        ?C?LLDPTR0

  -------         MODULE        ?C?LSTXDATA
  C:275AH         PUBLIC        ?C?LSTXDATA
  -------         ENDMOD        ?C?LSTXDATA

  -------         MODULE        ?C?LSTKXDATA
  C:2766H         PUBLIC        ?C?LSTKXDATA
  -------         ENDMOD        ?C?LSTKXDATA

  -------         MODULE        ?C?LSTKPTR
  C:2797H         PUBLIC        ?C?LSTKPTR
  -------         ENDMOD        ?C?LSTKPTR

  -------         MODULE        ?C?OFFXADD
  C:27B1H         PUBLIC        ?C?OFFXADD
  -------         ENDMOD        ?C?OFFXADD

  -------         MODULE        ?C?PLDIXDATA
  C:27BDH         PUBLIC        ?C?PLDIXDATA
  -------         ENDMOD        ?C?PLDIXDATA

  -------         MODULE        ?C?PSTXDATA
  C:27D4H         PUBLIC        ?C?PSTXDATA
  -------         ENDMOD        ?C?PSTXDATA
BL51 BANKED LINKER/LOCATER V6.22                                                      08/08/2019  11:09:52  PAGE 62



  -------         MODULE        ?C?CCASE
  C:27DDH         PUBLIC        ?C?CCASE
  -------         ENDMOD        ?C?CCASE

  -------         MODULE        PUTCHAR
  C:6E16H         PUBLIC        _PUTCHAR
  -------         ENDMOD        PUTCHAR

  -------         MODULE        ABS
  C:70BAH         PUBLIC        _ABS
  -------         ENDMOD        ABS

  -------         MODULE        ATOI
  C:6140H         PUBLIC        _atoi
  -------         ENDMOD        ATOI

  -------         MODULE        ?C?IILDX
  C:2803H         PUBLIC        ?C?IILDX
  -------         ENDMOD        ?C?IILDX

  -------         MODULE        ?C?ULDIV
  C:2855H         PUBLIC        ?C?ULDIV
  -------         ENDMOD        ?C?ULDIV

  -------         MODULE        ?C?LLDIDATA
  C:28E7H         PUBLIC        ?C?LLDIDATA
  -------         ENDMOD        ?C?LLDIDATA

  -------         MODULE        ?C?LLDPDATA
  C:28F3H         PUBLIC        ?C?LLDPDATA
  -------         ENDMOD        ?C?LLDPDATA

  -------         MODULE        ?C?LLDIDATA0
  C:28FFH         PUBLIC        ?C?LLDIDATA0
  -------         ENDMOD        ?C?LLDIDATA0

  -------         MODULE        ?C?LLDPDATA0
  C:290CH         PUBLIC        ?C?LLDPDATA0
  -------         ENDMOD        ?C?LLDPDATA0

  -------         MODULE        ?C?LSTIDATA
  C:2919H         PUBLIC        ?C?LSTIDATA
  -------         ENDMOD        ?C?LSTIDATA

  -------         MODULE        ?C?LSTPDATA
  C:2925H         PUBLIC        ?C?LSTPDATA
  -------         ENDMOD        ?C?LSTPDATA

  -------         MODULE        ?C?LSTKIDATA
  C:2931H         PUBLIC        ?C?LSTKIDATA
  -------         ENDMOD        ?C?LSTKIDATA

  -------         MODULE        ?C?LSTKPDATA
  C:294AH         PUBLIC        ?C?LSTKPDATA
  -------         ENDMOD        ?C?LSTKPDATA

BL51 BANKED LINKER/LOCATER V6.22                                                      08/08/2019  11:09:52  PAGE 63


  -------         MODULE        ISDIGIT
  C:7078H         PUBLIC        _isdigit
  -------         ENDMOD        ISDIGIT

  -------         MODULE        ISSPACE
  C:7013H         PUBLIC        _isspace
  -------         ENDMOD        ISSPACE

*** WARNING L16: UNCALLED SEGMENT, IGNORED FOR OVERLAY PROCESS
    SEGMENT: ?PR?_DAY_OF_YEAR?PCF85063BTL

*** WARNING L16: UNCALLED SEGMENT, IGNORED FOR OVERLAY PROCESS
    SEGMENT: ?PR?NOP?IOEXPANDER_PI4IOE5V96248

*** WARNING L16: UNCALLED SEGMENT, IGNORED FOR OVERLAY PROCESS
    SEGMENT: ?PR?UC_ACK?IOEXPANDER_PI4IOE5V96248

*** WARNING L16: UNCALLED SEGMENT, IGNORED FOR OVERLAY PROCESS
    SEGMENT: ?PR?UC_NACK?IOEXPANDER_PI4IOE5V96248

*** WARNING L16: UNCALLED SEGMENT, IGNORED FOR OVERLAY PROCESS
    SEGMENT: ?PR?_TEN?UART1

*** WARNING L16: UNCALLED SEGMENT, IGNORED FOR OVERLAY PROCESS
    SEGMENT: ?PR?_UNIT?UART1

*** WARNING L16: UNCALLED SEGMENT, IGNORED FOR OVERLAY PROCESS
    SEGMENT: ?PR?_DECTOBCD?UART1

*** WARNING L16: UNCALLED SEGMENT, IGNORED FOR OVERLAY PROCESS
    SEGMENT: ?PR?_ASCII_LETTER?UART1

*** WARNING L16: UNCALLED SEGMENT, IGNORED FOR OVERLAY PROCESS
    SEGMENT: ?PR?_ASCIITOBCD?UART1

Program Size: data=15.4 xdata=1622 code=28931
LINK/LOCATE RUN COMPLETE.  9 WARNING(S),  0 ERROR(S)
