BL51 BANKED LINKER/LOCATER V6.22                                                        05/02/2019  17:20:54  PAGE 1


BL51 BANKED LINKER/LOCATER V6.22, INVOKED BY:
C:\KEIL_V5\C51\BIN\BL51.EXE .\Obj\main.obj, .\Obj\PCF85063BTL.obj, .\Obj\LCd_Driver_SPLC780D.obj, .\Obj\KeyPad.obj, .\Ob
>> j\BipolarMotor.obj, .\Obj\SunPos.obj, .\Obj\ADC.obj, .\Obj\Calibration.obj, .\Obj\IOExpander_PI4IOE5V96248.obj, .\Obj
>> \AT25SF041.obj, .\Obj\SI1120.obj, .\Obj\STARTUP.obj TO .\Obj\GPIO_RTC_Test PRINT (.\Lis\GPIO_RTC_Test.m51) RAMSIZE (2
>> 56)


MEMORY MODEL: LARGE WITH FLOATING POINT ARITHMETIC


INPUT MODULES INCLUDED:
  .\Obj\main.obj (MAIN)
  .\Obj\PCF85063BTL.obj (PCF85063BTL)
  .\Obj\LCd_Driver_SPLC780D.obj (LCD_DRIVER_SPLC780D)
  .\Obj\KeyPad.obj (KEYPAD)
  .\Obj\BipolarMotor.obj (BIPOLARMOTOR)
  .\Obj\SunPos.obj (SUNPOS)
  .\Obj\ADC.obj (ADC)
  .\Obj\Calibration.obj (CALIBRATION)
  .\Obj\IOExpander_PI4IOE5V96248.obj (IOEXPANDER_PI4IOE5V96248)
  .\Obj\AT25SF041.obj (AT25SF041)
  .\Obj\SI1120.obj (SI1120)
  .\Obj\STARTUP.obj (?C_STARTUP)
  C:\KEIL_V5\C51\LIB\C51FPL.LIB (?C?FPADD)
  C:\KEIL_V5\C51\LIB\C51FPL.LIB (?C?FPMUL)
  C:\KEIL_V5\C51\LIB\C51FPL.LIB (?C?FPDIV)
  C:\KEIL_V5\C51\LIB\C51FPL.LIB (?C?FPCMP)
  C:\KEIL_V5\C51\LIB\C51FPL.LIB (?C?FPNEG)
  C:\KEIL_V5\C51\LIB\C51FPL.LIB (?C?FCAST)
  C:\KEIL_V5\C51\LIB\C51FPL.LIB (?C?CASTF)
  C:\KEIL_V5\C51\LIB\C51FPL.LIB (ATAN2)
  C:\KEIL_V5\C51\LIB\C51FPL.LIB (SIN)
  C:\KEIL_V5\C51\LIB\C51FPL.LIB (ACOS)
  C:\KEIL_V5\C51\LIB\C51FPL.LIB (ASIN)
  C:\KEIL_V5\C51\LIB\C51FPL.LIB (POW)
  C:\KEIL_V5\C51\LIB\C51FPL.LIB (?C?FPGETOPN)
  C:\KEIL_V5\C51\LIB\C51FPL.LIB (?C?CHKFLOAT)
  C:\KEIL_V5\C51\LIB\C51FPL.LIB (?C?FPSERIES)
  C:\KEIL_V5\C51\LIB\C51FPL.LIB (EXP)
  C:\KEIL_V5\C51\LIB\C51FPL.LIB (LOG)
  C:\KEIL_V5\C51\LIB\C51FPL.LIB (SQRT)
  C:\KEIL_V5\C51\LIB\C51FPL.LIB (ATAN)
  C:\KEIL_V5\C51\LIB\C51L.LIB (?C_INIT)
  C:\KEIL_V5\C51\LIB\C51L.LIB (?C?COPY)
  C:\KEIL_V5\C51\LIB\C51L.LIB (?C?CLDPTR)
  C:\KEIL_V5\C51\LIB\C51L.LIB (?C?CLDOPTR)
  C:\KEIL_V5\C51\LIB\C51L.LIB (?C?CSTPTR)
  C:\KEIL_V5\C51\LIB\C51L.LIB (?C?IMUL)
  C:\KEIL_V5\C51\LIB\C51L.LIB (?C?UIDIV)
  C:\KEIL_V5\C51\LIB\C51L.LIB (?C?SIDIV)
  C:\KEIL_V5\C51\LIB\C51L.LIB (?C?ILDOPTR)
  C:\KEIL_V5\C51\LIB\C51L.LIB (?C?ISTPTR)
  C:\KEIL_V5\C51\LIB\C51L.LIB (?C?LMUL)
  C:\KEIL_V5\C51\LIB\C51L.LIB (?C?SLDIV)
  C:\KEIL_V5\C51\LIB\C51L.LIB (?C?LNEG)
  C:\KEIL_V5\C51\LIB\C51L.LIB (?C?ULCMP)
  C:\KEIL_V5\C51\LIB\C51L.LIB (?C?LSHL)
  C:\KEIL_V5\C51\LIB\C51L.LIB (?C?LLDPTR)
BL51 BANKED LINKER/LOCATER V6.22                                                      05/02/2019  17:20:54  PAGE 2


  C:\KEIL_V5\C51\LIB\C51L.LIB (?C?LLDOPTR)
  C:\KEIL_V5\C51\LIB\C51L.LIB (?C?LSTPTR)
  C:\KEIL_V5\C51\LIB\C51L.LIB (?C?LSTOPTR)
  C:\KEIL_V5\C51\LIB\C51L.LIB (?C?LLDXDATA)
  C:\KEIL_V5\C51\LIB\C51L.LIB (?C?LLDCODE)
  C:\KEIL_V5\C51\LIB\C51L.LIB (?C?LLDXDATA0)
  C:\KEIL_V5\C51\LIB\C51L.LIB (?C?LLDCODE0)
  C:\KEIL_V5\C51\LIB\C51L.LIB (?C?LLDPTR0)
  C:\KEIL_V5\C51\LIB\C51L.LIB (?C?LSTXDATA)
  C:\KEIL_V5\C51\LIB\C51L.LIB (?C?LSTKXDATA)
  C:\KEIL_V5\C51\LIB\C51L.LIB (?C?LSTKPTR)
  C:\KEIL_V5\C51\LIB\C51L.LIB (?C?OFFXADD)
  C:\KEIL_V5\C51\LIB\C51L.LIB (?C?ULDIV)
  C:\KEIL_V5\C51\LIB\C51L.LIB (?C?LLDIDATA)
  C:\KEIL_V5\C51\LIB\C51L.LIB (?C?LLDPDATA)
  C:\KEIL_V5\C51\LIB\C51L.LIB (?C?LLDIDATA0)
  C:\KEIL_V5\C51\LIB\C51L.LIB (?C?LLDPDATA0)
  C:\KEIL_V5\C51\LIB\C51L.LIB (?C?LSTIDATA)
  C:\KEIL_V5\C51\LIB\C51L.LIB (?C?LSTPDATA)
  C:\KEIL_V5\C51\LIB\C51L.LIB (?C?LSTKIDATA)
  C:\KEIL_V5\C51\LIB\C51L.LIB (?C?LSTKPDATA)


LINK MAP OF MODULE:  .\Obj\GPIO_RTC_Test (MAIN)


            TYPE    BASE      LENGTH    RELOCATION   SEGMENT NAME
            -----------------------------------------------------

            * * * * * * *   D A T A   M E M O R Y   * * * * * * *
            REG     0000H     0008H     ABSOLUTE     "REG BANK 0"
                    0008H     0018H                  *** GAP ***
            BIT     0020H.0   0000H.4   UNIT         _BIT_GROUP_
            BIT     0020H.4   0000H.1   UNIT         ?BI?MAIN
                    0020H.5   0000H.3                *** GAP ***
            IDATA   0021H     0001H     UNIT         ?STACK

            * * * * * * *  X D A T A   M E M O R Y  * * * * * * *
            XDATA   0000H     03BCH     UNIT         ?XD?BIPOLARMOTOR
            XDATA   03BCH     0127H     UNIT         _XDATA_GROUP_
            XDATA   04E3H     00F9H     UNIT         ?XD?MAIN
            XDATA   05DCH     0019H     UNIT         ?XD?KEYPAD
            XDATA   05F5H     0008H     UNIT         ?XD?_AT25SF041_READ?AT25SF041
            XDATA   05FDH     0001H     UNIT         ?XD?UC_ACK?IOEXPANDER_PI4IOE5V96248
            XDATA   05FEH     0001H     UNIT         ?XD?UC_NACK?IOEXPANDER_PI4IOE5V96248

            * * * * * * *   C O D E   M E M O R Y   * * * * * * *
            CODE    0000H     0003H     ABSOLUTE     
            CODE    0003H     0003H     ABSOLUTE     
            CODE    0006H     0001H     UNIT         ?PR?WAIT?BIPOLARMOTOR
            CODE    0007H     0001H     UNIT         ?PR?NOP?IOEXPANDER_PI4IOE5V96248
                    0008H     0003H                  *** GAP ***
            CODE    000BH     0003H     ABSOLUTE     
            CODE    000EH     000DH     UNIT         ?PR?SPI_INIT?PCF85063BTL
            CODE    001BH     0003H     ABSOLUTE     
            CODE    001EH     0B80H     UNIT         ?PR?MAIN?MAIN
            CODE    0B9EH     09A4H     UNIT         ?C?LIB_CODE
BL51 BANKED LINKER/LOCATER V6.22                                                      05/02/2019  17:20:54  PAGE 3


            CODE    1542H     07A2H     UNIT         ?PR?SUNPOS?SUNPOS
            CODE    1CE4H     0646H     UNIT         ?PR?_UPDATE_POSITION?BIPOLARMOTOR
            CODE    232AH     04FBH     UNIT         ?PR?_THEORICALJP_POSITION?BIPOLARMOTOR
            CODE    2825H     044AH     UNIT         ?PR?_FIND_REAL_MAX?CALIBRATION
            CODE    2C6FH     0400H     UNIT         ?C_INITSEG
            CODE    306FH     038CH     UNIT         ?PR?KEY_PROCESS?KEYPAD
            CODE    33FBH     0380H     UNIT         ?PR?_ELEVATION_CALCULATION?BIPOLARMOTOR
            CODE    377BH     01B3H     UNIT         ?PR?_CALIBRATION?CALIBRATION
            CODE    392EH     018DH     UNIT         ?PR?KEY_SCAN?KEYPAD
            CODE    3ABBH     0189H     UNIT         ?PR?SPI_NOR_WRITE_DATA?AT25SF041
            CODE    3C44H     0188H     UNIT         ?PR?SIN?SIN
            CODE    3DCCH     0166H     UNIT         ?PR?_POW?POW
            CODE    3F32H     0162H     UNIT         ?PR?_DISPLAY_POS?LCD_DRIVER_SPLC780D
            CODE    4094H     0129H     UNIT         ?PR?LOG?LOG
            CODE    41BDH     0122H     UNIT         ?PR?ATAN?ATAN
            CODE    42DFH     0110H     UNIT         ?PR?_AT25SF041_READ?AT25SF041
            CODE    43EFH     0102H     UNIT         ?PR?_AT25SF041_WRITE?AT25SF041
            CODE    44F1H     00F5H     UNIT         ?PR?EXINT0?MAIN
            CODE    45E6H     00C3H     UNIT         ?PR?LINEAR_INTERPOLATE?BIPOLARMOTOR
            CODE    46A9H     00BBH     UNIT         ?PR?VOLTAGE_IS_STABLE?CALIBRATION
            CODE    4764H     00ADH     UNIT         ?PR?_WRITE_PI4IOE5V96248?IOEXPANDER_PI4IOE5V96248
            CODE    4811H     00ACH     UNIT         ?PR?SQRT?SQRT
            CODE    48BDH     00A1H     UNIT         ?PR?UCREAD_STATUS_REGISTER_BYTE1?AT25SF041
            CODE    495EH     009DH     UNIT         ?PR?_ATAN2?ATAN2
            CODE    49FBH     009CH     UNIT         ?PR?_MAX_VALUE?CALIBRATION
            CODE    4A97H     009AH     UNIT         ?PR?EXP?EXP
            CODE    4B31H     008CH     UNIT         ?C_C51STARTUP
            CODE    4BBDH     0088H     UNIT         ?PR?_DAY_OF_YEAR?PCF85063BTL
            CODE    4C45H     0079H     UNIT         ?PR?_WRITEDATA?LCD_DRIVER_SPLC780D
            CODE    4CBEH     0072H     UNIT         ?PR?AT25SF041_WRITEENABLE?AT25SF041
            CODE    4D30H     006FH     UNIT         ?PR?_READ_TIME?PCF85063BTL
            CODE    4D9FH     005AH     UNIT         ?PR?AT25SF041_CHIPERASE?AT25SF041
            CODE    4DF9H     0059H     UNIT         ?PR?LCD_INIT?LCD_DRIVER_SPLC780D
            CODE    4E52H     004AH     UNIT         ?PR?VONESTEPMOVE?BIPOLARMOTOR
            CODE    4E9CH     004AH     UNIT         ?PR?ACOS?ACOS
            CODE    4EE6H     0044H     UNIT         ?C?LDIV
            CODE    4F2AH     0040H     UNIT         ?PR?_COMMAND?LCD_DRIVER_SPLC780D
            CODE    4F6AH     0040H     UNIT         ?PR?_STEP_MOVE?BIPOLARMOTOR
            CODE    4FAAH     003BH     UNIT         ?PR?ASIN?ASIN
            CODE    4FE5H     0031H     UNIT         ?PR?SI1120_CONFIG_MODE_VIRH?SI1120
            CODE    5016H     002CH     UNIT         ?PR?_ADC_GETRESULT?ADC
            CODE    5042H     002BH     UNIT         ?PR?_WAIT_MS_I2C?IOEXPANDER_PI4IOE5V96248
            CODE    506DH     002BH     UNIT         ?PR?_WAIT_MS_SPINOR?AT25SF041
            CODE    5098H     0028H     UNIT         ?PR?_MOVE?BIPOLARMOTOR
            CODE    50C0H     0027H     UNIT         ?PR?_I2C_SENDBYTE?IOEXPANDER_PI4IOE5V96248
            CODE    50E7H     0025H     UNIT         ?PR?_FINDCLOSESTSAMEDAYCALIBTIME?CALIBRATION
            CODE    510CH     0024H     UNIT         ?PR?_WAIT_MS?LCD_DRIVER_SPLC780D
            CODE    5130H     0021H     UNIT         ?PR?TM0_ISR?MAIN
            CODE    5151H     0020H     UNIT         ?PR?_SPI_SENDBYTE?PCF85063BTL
            CODE    5171H     0020H     UNIT         ?PR?SPI_RECEIVEBYTE?PCF85063BTL
            CODE    5191H     001FH     UNIT         ?PR?ADC_INIT?ADC
            CODE    51B0H     001EH     UNIT         ?PR?_DELAY_MS?KEYPAD
            CODE    51CEH     001DH     UNIT         ?PR?_DISPLAYLCD?LCD_DRIVER_SPLC780D
            CODE    51EBH     001BH     UNIT         ?PR?_BCDTODEC1?BIPOLARMOTOR
            CODE    5206H     0018H     UNIT         ?PR?_SPI_WRITETIME?PCF85063BTL
            CODE    521EH     0016H     UNIT         ?PR?I2C_ACK?IOEXPANDER_PI4IOE5V96248
            CODE    5234H     0015H     UNIT         ?PR?_DISPLAY_LINE?LCD_DRIVER_SPLC780D
BL51 BANKED LINKER/LOCATER V6.22                                                      05/02/2019  17:20:54  PAGE 4


            CODE    5249H     0015H     UNIT         ?PR?VSETLOCATION?BIPOLARMOTOR
            CODE    525EH     0015H     UNIT         ?PR?I2C_STOP?IOEXPANDER_PI4IOE5V96248
            CODE    5273H     0014H     UNIT         ?PR?_PCF85063BTL_DELAY?PCF85063BTL
            CODE    5287H     0014H     UNIT         ?PR?_ABS?LCD_DRIVER_SPLC780D
            CODE    529BH     0011H     UNIT         ?PR?_SPI_READTIME?PCF85063BTL
            CODE    52ACH     0011H     UNIT         ?PR?_BCDTODEC?PCF85063BTL
            CODE    52BDH     000FH     UNIT         ?PR?I2C_START?IOEXPANDER_PI4IOE5V96248
            CODE    52CCH     000FH     UNIT         ?PR?UC_NACK?IOEXPANDER_PI4IOE5V96248
            CODE    52DBH     000DH     UNIT         ?PR?ENABLE_EXTINT0?SI1120
            CODE    52E8H     000CH     UNIT         ?PR?KEYPAD_IO_INIT?KEYPAD
            CODE    52F4H     000AH     UNIT         ?PR?LCD_RETURN_HOME?LCD_DRIVER_SPLC780D
            CODE    52FEH     000AH     UNIT         ?PR?LCD_CLEAR?LCD_DRIVER_SPLC780D
            CODE    5308H     0009H     UNIT         ?PR?TM1_ISR?MAIN
            CODE    5311H     0006H     UNIT         ?PR?UC_ACK?IOEXPANDER_PI4IOE5V96248



OVERLAY MAP OF MODULE:   .\Obj\GPIO_RTC_Test (MAIN)


SEGMENT                                             BIT_GROUP          XDATA_GROUP
  +--> CALLED SEGMENT                            START    LENGTH     START    LENGTH
------------------------------------------------------------------------------------
?PR?EXINT0?MAIN                                  -----    -----      -----    -----
  +--> ?PR?_POW?POW

?PR?_POW?POW                                     -----    -----      03BCH    000AH
  +--> ?PR?LOG?LOG
  +--> ?PR?EXP?EXP

?PR?LOG?LOG                                      0020H.0  0000H.1    03C6H    0004H

*** NEW ROOT ***************************************************

?C_C51STARTUP                                    -----    -----      -----    -----
  +--> ?PR?MAIN?MAIN
  +--> ?C_INITSEG

?PR?MAIN?MAIN                                    -----    -----      03CAH    002EH
  +--> ?PR?LCD_INIT?LCD_DRIVER_SPLC780D
  +--> ?PR?SPI_INIT?PCF85063BTL
  +--> ?PR?KEYPAD_IO_INIT?KEYPAD
  +--> ?PR?ADC_INIT?ADC
  +--> ?PR?SI1120_CONFIG_MODE_VIRH?SI1120
  +--> ?PR?ENABLE_EXTINT0?SI1120
  +--> ?PR?VSETLOCATION?BIPOLARMOTOR
  +--> ?PR?_SPI_WRITETIME?PCF85063BTL
  +--> ?PR?_DELAY_MS?KEYPAD
  +--> ?PR?_DISPLAY_LINE?LCD_DRIVER_SPLC780D
  +--> ?PR?_WRITEDATA?LCD_DRIVER_SPLC780D
  +--> ?PR?KEY_PROCESS?KEYPAD
  +--> ?PR?_COMMAND?LCD_DRIVER_SPLC780D
  +--> ?PR?_DISPLAY_POS?LCD_DRIVER_SPLC780D
  +--> ?PR?_DISPLAYLCD?LCD_DRIVER_SPLC780D
  +--> ?PR?_STEP_MOVE?BIPOLARMOTOR
  +--> ?PR?LCD_RETURN_HOME?LCD_DRIVER_SPLC780D
  +--> ?PR?_READ_TIME?PCF85063BTL
BL51 BANKED LINKER/LOCATER V6.22                                                      05/02/2019  17:20:54  PAGE 5


  +--> ?PR?_BCDTODEC1?BIPOLARMOTOR
  +--> ?PR?_ELEVATION_CALCULATION?BIPOLARMOTOR
  +--> ?PR?_CALIBRATION?CALIBRATION
  +--> ?PR?AT25SF041_WRITEENABLE?AT25SF041
  +--> ?PR?_AT25SF041_WRITE?AT25SF041
  +--> ?PR?_WAIT_MS_SPINOR?AT25SF041
  +--> ?PR?_UPDATE_POSITION?BIPOLARMOTOR
  +--> ?PR?_ADC_GETRESULT?ADC
  +--> ?PR?SPI_NOR_WRITE_DATA?AT25SF041
  +--> ?PR?LINEAR_INTERPOLATE?BIPOLARMOTOR
  +--> ?PR?_FINDCLOSESTSAMEDAYCALIBTIME?CALI...
  +--> ?PR?LCD_CLEAR?LCD_DRIVER_SPLC780D
  +--> ?PR?AT25SF041_CHIPERASE?AT25SF041

?PR?LCD_INIT?LCD_DRIVER_SPLC780D                 -----    -----      -----    -----
  +--> ?PR?_WAIT_MS?LCD_DRIVER_SPLC780D
  +--> ?PR?_COMMAND?LCD_DRIVER_SPLC780D

?PR?_COMMAND?LCD_DRIVER_SPLC780D                 -----    -----      -----    -----
  +--> ?PR?_WAIT_MS?LCD_DRIVER_SPLC780D

?PR?ADC_INIT?ADC                                 -----    -----      -----    -----
  +--> ?PR?_WAIT_MS?LCD_DRIVER_SPLC780D

?PR?SI1120_CONFIG_MODE_VIRH?SI1120               -----    -----      -----    -----
  +--> ?PR?_WAIT_MS?LCD_DRIVER_SPLC780D

?PR?_SPI_WRITETIME?PCF85063BTL                   -----    -----      -----    -----
  +--> ?PR?_SPI_SENDBYTE?PCF85063BTL

?PR?_SPI_SENDBYTE?PCF85063BTL                    -----    -----      -----    -----
  +--> ?PR?_PCF85063BTL_DELAY?PCF85063BTL

?PR?_DISPLAY_LINE?LCD_DRIVER_SPLC780D            -----    -----      -----    -----
  +--> ?PR?_COMMAND?LCD_DRIVER_SPLC780D

?PR?_WRITEDATA?LCD_DRIVER_SPLC780D               -----    -----      04E1H    0001H
  +--> ?PR?_WAIT_MS?LCD_DRIVER_SPLC780D

?PR?KEY_PROCESS?KEYPAD                           -----    -----      03F8H    0006H
  +--> ?PR?KEY_SCAN?KEYPAD
  +--> ?PR?_SPI_WRITETIME?PCF85063BTL
  +--> ?PR?LCD_CLEAR?LCD_DRIVER_SPLC780D
  +--> ?PR?_COMMAND?LCD_DRIVER_SPLC780D
  +--> ?PR?_WRITEDATA?LCD_DRIVER_SPLC780D

?PR?KEY_SCAN?KEYPAD                              -----    -----      03FEH    0003H

?PR?LCD_CLEAR?LCD_DRIVER_SPLC780D                -----    -----      -----    -----
  +--> ?PR?_COMMAND?LCD_DRIVER_SPLC780D

?PR?_DISPLAY_POS?LCD_DRIVER_SPLC780D             -----    -----      04D7H    000AH
  +--> ?PR?_ABS?LCD_DRIVER_SPLC780D
  +--> ?PR?_WRITEDATA?LCD_DRIVER_SPLC780D

?PR?_DISPLAYLCD?LCD_DRIVER_SPLC780D              -----    -----      03F8H    0001H
  +--> ?PR?_WRITEDATA?LCD_DRIVER_SPLC780D
BL51 BANKED LINKER/LOCATER V6.22                                                      05/02/2019  17:20:54  PAGE 6



?PR?_STEP_MOVE?BIPOLARMOTOR                      0020H.2  0000H.1    04DBH    0004H
  +--> ?PR?VONESTEPMOVE?BIPOLARMOTOR

?PR?VONESTEPMOVE?BIPOLARMOTOR                    0020H.3  0000H.1    -----    -----
  +--> ?PR?_WRITE_PI4IOE5V96248?IOEXPANDER_P...
  +--> ?PR?_DELAY_MS?KEYPAD

?PR?_WRITE_PI4IOE5V96248?IOEXPANDER_P...         -----    -----      04DFH    0003H
  +--> ?PR?I2C_START?IOEXPANDER_PI4IOE5V96248
  +--> ?PR?_WAIT_MS_I2C?IOEXPANDER_PI4IOE5V9...
  +--> ?PR?_I2C_SENDBYTE?IOEXPANDER_PI4IOE5V...
  +--> ?PR?I2C_ACK?IOEXPANDER_PI4IOE5V96248
  +--> ?PR?I2C_STOP?IOEXPANDER_PI4IOE5V96248

?PR?I2C_START?IOEXPANDER_PI4IOE5V96248           -----    -----      -----    -----
  +--> ?PR?_WAIT_MS_I2C?IOEXPANDER_PI4IOE5V9...

?PR?_I2C_SENDBYTE?IOEXPANDER_PI4IOE5V...         -----    -----      -----    -----
  +--> ?PR?_WAIT_MS_I2C?IOEXPANDER_PI4IOE5V9...

?PR?I2C_ACK?IOEXPANDER_PI4IOE5V96248             -----    -----      04E2H    0001H
  +--> ?PR?_WAIT_MS_I2C?IOEXPANDER_PI4IOE5V9...

?PR?I2C_STOP?IOEXPANDER_PI4IOE5V96248            -----    -----      -----    -----
  +--> ?PR?_WAIT_MS_I2C?IOEXPANDER_PI4IOE5V9...

?PR?LCD_RETURN_HOME?LCD_DRIVER_SPLC780D          -----    -----      -----    -----
  +--> ?PR?_COMMAND?LCD_DRIVER_SPLC780D

?PR?_READ_TIME?PCF85063BTL                       -----    -----      03F8H    000FH
  +--> ?PR?_SPI_READTIME?PCF85063BTL

?PR?_SPI_READTIME?PCF85063BTL                    -----    -----      -----    -----
  +--> ?PR?_SPI_SENDBYTE?PCF85063BTL
  +--> ?PR?SPI_RECEIVEBYTE?PCF85063BTL

?PR?SPI_RECEIVEBYTE?PCF85063BTL                  -----    -----      -----    -----
  +--> ?PR?_PCF85063BTL_DELAY?PCF85063BTL

?PR?_ELEVATION_CALCULATION?BIPOLARMOTOR          -----    -----      03F8H    0005H
  +--> ?PR?_BCDTODEC1?BIPOLARMOTOR
  +--> ?PR?SUNPOS?SUNPOS
  +--> ?PR?SIN?SIN
  +--> ?PR?ASIN?ASIN

?PR?SUNPOS?SUNPOS                                -----    -----      044AH    005DH
  +--> ?PR?SIN?SIN
  +--> ?PR?_ATAN2?ATAN2
  +--> ?PR?ASIN?ASIN
  +--> ?PR?ACOS?ACOS

?PR?SIN?SIN                                      0020H.1  0000H.1    04A7H    0004H

?PR?_ATAN2?ATAN2                                 -----    -----      04A7H    0008H
  +--> ?PR?ATAN?ATAN

BL51 BANKED LINKER/LOCATER V6.22                                                      05/02/2019  17:20:54  PAGE 7


?PR?ATAN?ATAN                                    0020H.1  0000H.2    04AFH    0004H

?PR?ASIN?ASIN                                    -----    -----      -----    -----
  +--> ?PR?SQRT?SQRT
  +--> ?PR?ATAN?ATAN

?PR?SQRT?SQRT                                    -----    -----      04A7H    0004H

?PR?ACOS?ACOS                                    -----    -----      -----    -----
  +--> ?PR?SQRT?SQRT
  +--> ?PR?ATAN?ATAN

?PR?_CALIBRATION?CALIBRATION                     -----    -----      03F8H    0024H
  +--> ?PR?VOLTAGE_IS_STABLE?CALIBRATION
  +--> ?PR?_UPDATE_POSITION?BIPOLARMOTOR
  +--> ?PR?_FIND_REAL_MAX?CALIBRATION

?PR?VOLTAGE_IS_STABLE?CALIBRATION                -----    -----      041CH    0018H
  +--> ?PR?_ADC_GETRESULT?ADC
  +--> ?PR?_ABS?LCD_DRIVER_SPLC780D

?PR?_UPDATE_POSITION?BIPOLARMOTOR                -----    -----      041CH    002EH
  +--> ?PR?_BCDTODEC1?BIPOLARMOTOR
  +--> ?PR?SUNPOS?SUNPOS
  +--> ?PR?SIN?SIN
  +--> ?PR?ASIN?ASIN
  +--> ?PR?_THEORICALJP_POSITION?BIPOLARMOTOR
  +--> ?PR?_ABS?LCD_DRIVER_SPLC780D
  +--> ?PR?_MOVE?BIPOLARMOTOR

?PR?_THEORICALJP_POSITION?BIPOLARMOTOR           -----    -----      044AH    005CH
  +--> ?PR?LINEAR_INTERPOLATE?BIPOLARMOTOR

?PR?LINEAR_INTERPOLATE?BIPOLARMOTOR              -----    -----      04A6H    0014H

?PR?_MOVE?BIPOLARMOTOR                           0020H.1  0000H.1    04D7H    0004H
  +--> ?PR?_STEP_MOVE?BIPOLARMOTOR

?PR?_FIND_REAL_MAX?CALIBRATION                   -----    -----      041CH    00BBH
  +--> ?PR?_ADC_GETRESULT?ADC
  +--> ?PR?_WAIT_MS?LCD_DRIVER_SPLC780D
  +--> ?PR?AT25SF041_WRITEENABLE?AT25SF041
  +--> ?PR?_AT25SF041_WRITE?AT25SF041
  +--> ?PR?_WAIT_MS_SPINOR?AT25SF041
  +--> ?PR?_COMMAND?LCD_DRIVER_SPLC780D
  +--> ?PR?_WRITEDATA?LCD_DRIVER_SPLC780D
  +--> ?PR?_DISPLAY_POS?LCD_DRIVER_SPLC780D
  +--> ?PR?_MOVE?BIPOLARMOTOR
  +--> ?PR?_MAX_VALUE?CALIBRATION

?PR?AT25SF041_WRITEENABLE?AT25SF041              -----    -----      04D7H    0002H
  +--> ?PR?_WAIT_MS_SPINOR?AT25SF041
  +--> ?PR?UCREAD_STATUS_REGISTER_BYTE1?AT25...

?PR?UCREAD_STATUS_REGISTER_BYTE1?AT25...         -----    -----      04DFH    0003H
  +--> ?PR?_WAIT_MS_SPINOR?AT25SF041

BL51 BANKED LINKER/LOCATER V6.22                                                      05/02/2019  17:20:54  PAGE 8


?PR?_AT25SF041_WRITE?AT25SF041                   -----    -----      04D7H    0008H
  +--> ?PR?_WAIT_MS_SPINOR?AT25SF041
  +--> ?PR?UCREAD_STATUS_REGISTER_BYTE1?AT25...

?PR?_MAX_VALUE?CALIBRATION                       -----    -----      04D7H    0004H

?PR?SPI_NOR_WRITE_DATA?AT25SF041                 -----    -----      03F8H    000EH
  +--> ?PR?AT25SF041_WRITEENABLE?AT25SF041
  +--> ?PR?_AT25SF041_WRITE?AT25SF041
  +--> ?PR?_WAIT_MS_SPINOR?AT25SF041

?PR?AT25SF041_CHIPERASE?AT25SF041                -----    -----      03F8H    0002H
  +--> ?PR?_WAIT_MS_SPINOR?AT25SF041
  +--> ?PR?UCREAD_STATUS_REGISTER_BYTE1?AT25...



SYMBOL TABLE OF MODULE:  .\Obj\GPIO_RTC_Test (MAIN)

  VALUE           TYPE          NAME
  ----------------------------------

  -------         MODULE        MAIN
  C:0000H         SYMBOL        _ICE_DUMMY_
  X:04EBH         PUBLIC        calib_value
  D:0080H         PUBLIC        P0
  D:00B2H         PUBLIC        P3M0
  D:0090H         PUBLIC        P1
  D:00B1H         PUBLIC        P3M1
  D:00A0H         PUBLIC        P2
  D:00B0H         PUBLIC        P3
  D:00C0H         PUBLIC        P4
  D:00C8H         PUBLIC        P5
  X:053FH         SYMBOL        PressedKey
  B:00A8H.7       PUBLIC        EA
  D:00E8H         PUBLIC        P6
  X:0543H         PUBLIC        calib_stamp
  D:00F8H         PUBLIC        P7
  X:0544H         PUBLIC        calib_bool
  D:00A8H         PUBLIC        IE
  X:056EH         PUBLIC        calib_time
  D:00B8H         PUBLIC        IP
  B:00B0H.2       PUBLIC        INT0
  X:05C2H         PUBLIC        months
  D:00D8H         PUBLIC        CCON
  C:001EH         PUBLIC        main
  X:05C3H         PUBLIC        count
  X:05C5H         PUBLIC        days
  X:05C6H         PUBLIC        hours
  D:0098H         PUBLIC        SCON
  D:0089H         PUBLIC        TMOD
  D:0088H         PUBLIC        TCON
  B:00A0H.3       PUBLIC        P23
  X:05C7H         SYMBOL        KeyCount
  X:05C9H         PUBLIC        mins
  B:00C8H.5       PUBLIC        P55
  D:008EH         PUBLIC        AUXR
BL51 BANKED LINKER/LOCATER V6.22                                                      05/02/2019  17:20:54  PAGE 9


  C:5130H         PUBLIC        tm0_isr
  B:0090H.5       PUBLIC        SI1120_STX
  C:5308H         PUBLIC        tm1_isr
  B:0020H.4       PUBLIC        busy
  B:00A8H.1       PUBLIC        ET0
  B:00A8H.3       PUBLIC        ET1
  X:05CAH         PUBLIC        SPI_NOR_INTERNAL_FLASH_ADDR
  D:008CH         PUBLIC        TH0
  D:008DH         PUBLIC        TH1
  D:008AH         PUBLIC        TL0
  D:008BH         PUBLIC        TL1
  B:0088H.4       PUBLIC        TR0
  B:0088H.6       PUBLIC        TR1
  C:44F1H         PUBLIC        exint0
  X:05CEH         SYMBOL        KeyNum
  X:05CFH         SYMBOL        KeyNum_Old
  X:05D0H         PUBLIC        timer0_count
  X:05D2H         PUBLIC        current_position
  X:05D6H         PUBLIC        pwm_time
  X:05DAH         PUBLIC        start_timer0_count
  X:05DBH         PUBLIC        seconds
  D:00D0H         PUBLIC        PSW
  -------         PROC          TM0_ISR
  C:5130H         LINE#         91
  C:5136H         LINE#         95
  C:5139H         LINE#         96
  C:513CH         LINE#         97
  C:514AH         LINE#         98
  -------         ENDPROC       TM0_ISR
  -------         PROC          TM1_ISR
  C:5308H         LINE#         99
  C:5308H         LINE#         101
  C:530AH         LINE#         103
  C:530DH         LINE#         104
  C:5310H         LINE#         105
  -------         ENDPROC       TM1_ISR
  -------         PROC          EXINT0
  C:44F1H         LINE#         106
  C:450EH         LINE#         110
  C:4511H         LINE#         111
  C:4511H         LINE#         112
  C:4514H         LINE#         113
  C:4517H         LINE#         114
  C:4519H         LINE#         115
  C:451BH         LINE#         119
  C:451EH         LINE#         122
  C:451EH         LINE#         123
  C:4520H         LINE#         125
  C:452CH         LINE#         126
  C:4586H         LINE#         127
  C:45C4H         LINE#         128
  C:45CBH         LINE#         133
  C:45CBH         LINE#         135
  -------         ENDPROC       EXINT0
  -------         PROC          MAIN
  -------         DO            
  X:04E3H         SYMBOL        KeyCount
BL51 BANKED LINKER/LOCATER V6.22                                                      05/02/2019  17:20:54  PAGE 10


  X:04E5H         SYMBOL        KeyNum_Old
  X:04E6H         SYMBOL        KeyNum
  X:04E7H         SYMBOL        PressedKey
  X:03CAH         SYMBOL        prox_flag
  X:03CBH         SYMBOL        iUse_prevday_calib_value
  X:03CDH         SYMBOL        max_ADC_Val_JP
  X:03CFH         SYMBOL        max_ADC_Val
  X:03D1H         SYMBOL        calib_point1
  X:03D9H         SYMBOL        calib_point2
  X:03E1H         SYMBOL        dat_to_store
  X:03ECH         SYMBOL        calib_day
  X:03EEH         SYMBOL        calib_count
  X:03F0H         SYMBOL        theorical_JP_max_pos
  X:03F4H         SYMBOL        elevation
  -------         ENDDO         
  C:001EH         LINE#         137
  C:001EH         LINE#         138
  C:001EH         LINE#         143
  C:0024H         LINE#         144
  C:0029H         LINE#         146
  C:0031H         LINE#         150
  C:0037H         LINE#         151
  C:0041H         LINE#         158
  C:0049H         LINE#         159
  C:0050H         LINE#         160
  C:0056H         LINE#         162
  C:005CH         LINE#         171
  C:005EH         LINE#         172
  C:0061H         LINE#         173
  C:0064H         LINE#         174
  C:0067H         LINE#         175
  C:006AH         LINE#         176
  C:006DH         LINE#         179
  C:0070H         LINE#         182
  C:0073H         LINE#         183
  C:0076H         LINE#         185
  C:0079H         LINE#         187
  C:007CH         LINE#         188
  C:007FH         LINE#         189
  C:0082H         LINE#         190
  C:0085H         LINE#         191
  C:0088H         LINE#         192
  C:008BH         LINE#         193
  C:008DH         LINE#         194
  C:008FH         LINE#         196
  C:0091H         LINE#         197
  C:0098H         LINE#         198
  C:009FH         LINE#         199
  C:00A6H         LINE#         200
  C:00ADH         LINE#         204
  C:00B4H         LINE#         205
  C:00B9H         LINE#         206
  C:00BEH         LINE#         207
  C:00C3H         LINE#         208
  C:00C8H         LINE#         209
  C:00CDH         LINE#         212
  C:00E6H         LINE#         213
BL51 BANKED LINKER/LOCATER V6.22                                                      05/02/2019  17:20:54  PAGE 11


  C:00E6H         LINE#         214
  C:0102H         LINE#         215
  C:0149H         LINE#         216
  C:015AH         LINE#         219
  C:015AH         LINE#         220
  C:015AH         LINE#         221
  C:015DH         LINE#         225
  C:015DH         LINE#         228
  C:0162H         LINE#         229
  C:0167H         LINE#         231
  C:016CH         LINE#         232
  C:0171H         LINE#         233
  C:0176H         LINE#         234
  C:017BH         LINE#         236
  C:018CH         LINE#         237
  C:0191H         LINE#         238
  C:0196H         LINE#         240
  C:019DH         LINE#         241
  C:01A5H         LINE#         242
  C:01AAH         LINE#         243
  C:01B2H         LINE#         244
  C:01B7H         LINE#         245
  C:01C1H         LINE#         246
  C:01C6H         LINE#         247
  C:01CEH         LINE#         249
  C:01D6H         LINE#         250
  C:01DBH         LINE#         251
  C:01E5H         LINE#         252
  C:01E5H         LINE#         253
  C:01E7H         LINE#         254
  C:01E9H         LINE#         255
  C:01F3H         LINE#         256
  C:01F3H         LINE#         257
  C:01F8H         LINE#         258
  C:01F8H         LINE#         270
  C:020CH         LINE#         271
  C:020CH         LINE#         272
  C:0221H         LINE#         273
  C:0230H         LINE#         274
  C:0230H         LINE#         275
  C:0243H         LINE#         276
  C:0245H         LINE#         278
  C:0245H         LINE#         279
  C:0261H         LINE#         280
  C:0261H         LINE#         281
  C:0266H         LINE#         282
  C:0266H         LINE#         283
  C:027AH         LINE#         284
  C:027AH         LINE#         287
  C:028FH         LINE#         288
  C:029EH         LINE#         289
  C:029EH         LINE#         290
  C:02B1H         LINE#         291
  C:02B3H         LINE#         293
  C:02B3H         LINE#         294
  C:02CFH         LINE#         295
  C:02CFH         LINE#         296
BL51 BANKED LINKER/LOCATER V6.22                                                      05/02/2019  17:20:54  PAGE 12


  C:02D4H         LINE#         297
  C:02DAH         LINE#         298
  C:02DAH         LINE#         300
  C:02FCH         LINE#         301
  C:02FCH         LINE#         302
  C:0306H         LINE#         303
  C:030CH         LINE#         304
  C:0313H         LINE#         305
  C:0319H         LINE#         306
  C:0320H         LINE#         307
  C:0320H         LINE#         308
  C:0323H         LINE#         310
  C:0323H         LINE#         315
  C:035EH         LINE#         319
  C:036BH         LINE#         320
  C:036BH         LINE#         324
  C:036BH         LINE#         325
  C:0393H         LINE#         326
  C:0393H         LINE#         327
  C:03B5H         LINE#         328
  C:03B5H         LINE#         330
  C:03DBH         LINE#         333
  C:03DBH         LINE#         334
  C:0457H         LINE#         335
  C:0470H         LINE#         336
  C:04FAH         LINE#         337
  C:04FAH         LINE#         339
  C:04FAH         LINE#         341
  C:0501H         LINE#         342
  C:0501H         LINE#         343
  C:0504H         LINE#         344
  C:0522H         LINE#         345
  C:0529H         LINE#         346
  C:0548H         LINE#         347
  C:0567H         LINE#         349
  C:05E3H         LINE#         350
  C:05FBH         LINE#         352
  C:0653H         LINE#         353
  C:0667H         LINE#         354
  C:0674H         LINE#         355
  C:0684H         LINE#         356
  C:0684H         LINE#         358
  C:068CH         LINE#         359
  C:0694H         LINE#         360
  C:069CH         LINE#         361
  C:06A4H         LINE#         363
  C:06B2H         LINE#         364
  C:06C8H         LINE#         365
  C:06F8H         LINE#         366
  C:0718H         LINE#         368
  C:072CH         LINE#         369
  C:0742H         LINE#         370
  C:0772H         LINE#         371
  C:0779H         LINE#         373
  C:079DH         LINE#         376
  C:079FH         LINE#         378
  C:07ADH         LINE#         379
BL51 BANKED LINKER/LOCATER V6.22                                                      05/02/2019  17:20:54  PAGE 13


  C:07ADH         LINE#         380
  C:07B5H         LINE#         382
  C:07B5H         LINE#         385
  C:07B5H         LINE#         386
  C:07C2H         LINE#         387
  C:07C2H         LINE#         388
  C:07E4H         LINE#         389
  C:07E4H         LINE#         390
  C:0860H         LINE#         391
  C:08B5H         LINE#         392
  C:08B5H         LINE#         394
  C:08B8H         LINE#         398
  C:08B8H         LINE#         401
  C:08DAH         LINE#         402
  C:08DAH         LINE#         403
  C:0956H         LINE#         405
  C:0983H         LINE#         406
  C:099EH         LINE#         407
  C:09CBH         LINE#         408
  C:09FEH         LINE#         409
  C:09FEH         LINE#         410
  C:0A28H         LINE#         411
  C:0AC1H         LINE#         412
  C:0AC3H         LINE#         414
  C:0AC3H         LINE#         415
  C:0B26H         LINE#         416
  C:0B26H         LINE#         420
  C:0B26H         LINE#         422
  C:0B26H         LINE#         423
  C:0B26H         LINE#         425
  C:0B26H         LINE#         428
  C:0B42H         LINE#         429
  C:0B46H         LINE#         431
  C:0B48H         LINE#         434
  C:0B57H         LINE#         435
  C:0B57H         LINE#         436
  C:0B5AH         LINE#         437
  C:0B61H         LINE#         438
  C:0B66H         LINE#         439
  C:0B6BH         LINE#         440
  C:0B70H         LINE#         441
  C:0B75H         LINE#         442
  C:0B7AH         LINE#         452
  C:0B7DH         LINE#         454
  C:0B80H         LINE#         455
  C:0B87H         LINE#         456
  C:0B91H         LINE#         457
  C:0B98H         LINE#         459
  C:0B9BH         LINE#         468
  C:0B9BH         LINE#         469
  -------         ENDPROC       MAIN
  -------         ENDMOD        MAIN

  -------         MODULE        PCF85063BTL
  C:0000H         SYMBOL        _ICE_DUMMY_
  D:0096H         PUBLIC        P2M0
  D:0080H         PUBLIC        P0
BL51 BANKED LINKER/LOCATER V6.22                                                      05/02/2019  17:20:54  PAGE 14


  D:0095H         PUBLIC        P2M1
  D:0090H         PUBLIC        P1
  D:00A0H         PUBLIC        P2
  D:00B0H         PUBLIC        P3
  D:00C0H         PUBLIC        P4
  D:00C8H         PUBLIC        P5
  D:00E8H         PUBLIC        P6
  B:00A0H.1       PUBLIC        PCF85063BTL_SDI
  D:00F8H         PUBLIC        P7
  B:00A0H.2       PUBLIC        PCF85063BTL_SCK
  B:00A0H.1       PUBLIC        PCF85063BTL_SDO
  D:00A8H         PUBLIC        IE
  C:4D30H         PUBLIC        _Read_time
  C:5279H         PUBLIC        _PCF85063BTL_Delay
  D:00B8H         PUBLIC        IP
  D:00D8H         PUBLIC        CCON
  C:4BBDH         PUBLIC        _Day_Of_Year
  C:5171H         PUBLIC        SPI_ReceiveByte
  D:0098H         PUBLIC        SCON
  D:0088H         PUBLIC        TCON
  C:52ACH         PUBLIC        _BCDtoDec
  B:00A0H.0       PUBLIC        PCF85063BTL_CS
  C:529BH         PUBLIC        _SPI_ReadTime
  C:000EH         PUBLIC        SPI_Init
  C:5206H         PUBLIC        _SPI_WriteTime
  C:5151H         PUBLIC        _SPI_SendByte
  D:00D0H         PUBLIC        PSW
  C:5275H         SYMBOL        L?0048
  -------         PROC          L?0047
  -------         ENDPROC       L?0047
  C:5275H         SYMBOL        L?0048
  -------         PROC          _PCF85063BTL_DELAY
  D:0006H         SYMBOL        us
  C:5279H         LINE#         8
  C:5279H         LINE#         9
  C:5279H         LINE#         10
  C:5283H         LINE#         11
  C:5283H         LINE#         12
  C:5284H         LINE#         13
  C:5286H         LINE#         14
  -------         ENDPROC       _PCF85063BTL_DELAY
  -------         PROC          _SPI_SENDBYTE
  D:0005H         SYMBOL        dat
  -------         DO            
  D:0003H         SYMBOL        i
  -------         ENDDO         
  C:5151H         LINE#         17
  C:5153H         LINE#         18
  C:5153H         LINE#         20
  C:5155H         LINE#         21
  C:5155H         LINE#         22
  C:5157H         LINE#         23
  C:515BH         LINE#         24
  C:515BH         LINE#         25
  C:515DH         LINE#         26
  C:515FH         LINE#         28
  C:515FH         LINE#         29
BL51 BANKED LINKER/LOCATER V6.22                                                      05/02/2019  17:20:54  PAGE 15


  C:5161H         LINE#         30
  C:5161H         LINE#         31
  C:5164H         LINE#         32
  C:5164H         LINE#         33
  C:5167H         LINE#         34
  C:516BH         LINE#         35
  C:5170H         LINE#         36
  -------         ENDPROC       _SPI_SENDBYTE
  -------         PROC          SPI_RECEIVEBYTE
  -------         DO            
  D:0003H         SYMBOL        i
  D:0005H         SYMBOL        dat
  -------         ENDDO         
  C:5171H         LINE#         39
  C:5171H         LINE#         40
  C:5171H         LINE#         42
  C:5173H         LINE#         44
  C:5175H         LINE#         45
  C:5176H         LINE#         46
  C:5176H         LINE#         47
  C:517AH         LINE#         48
  C:517CH         LINE#         49
  C:517FH         LINE#         51
  C:5182H         LINE#         52
  C:5182H         LINE#         53
  C:5186H         LINE#         54
  C:5186H         LINE#         55
  C:5186H         LINE#         56
  C:5189H         LINE#         57
  C:518EH         LINE#         58
  C:5190H         LINE#         59
  -------         ENDPROC       SPI_RECEIVEBYTE
  -------         PROC          _SPI_READTIME
  D:0007H         SYMBOL        addr
  -------         DO            
  D:0006H         SYMBOL        dat
  -------         ENDDO         
  C:529BH         LINE#         61
  C:529BH         LINE#         62
  C:529BH         LINE#         64
  C:529DH         LINE#         65
  C:529FH         LINE#         66
  C:52A6H         LINE#         67
  C:52A9H         LINE#         68
  C:52ABH         LINE#         69
  C:52ABH         LINE#         70
  -------         ENDPROC       _SPI_READTIME
  -------         PROC          _SPI_WRITETIME
  D:0002H         SYMBOL        val
  D:0005H         SYMBOL        addr
  C:5206H         LINE#         71
  C:5208H         LINE#         72
  C:5208H         LINE#         74
  C:520AH         LINE#         75
  C:5211H         LINE#         76
  C:5216H         LINE#         77
  C:521BH         LINE#         78
BL51 BANKED LINKER/LOCATER V6.22                                                      05/02/2019  17:20:54  PAGE 16


  C:521DH         LINE#         79
  -------         ENDPROC       _SPI_WRITETIME
  -------         PROC          SPI_INIT
  C:000EH         LINE#         83
  C:000EH         LINE#         84
  C:000EH         LINE#         89
  C:0011H         LINE#         90
  C:0014H         LINE#         91
  C:0016H         LINE#         92
  C:0018H         LINE#         93
  C:001AH         LINE#         94
  -------         ENDPROC       SPI_INIT
  -------         PROC          _READ_TIME
  X:03F8H         SYMBOL        months
  X:03FBH         SYMBOL        days
  X:03FEH         SYMBOL        hours
  X:0401H         SYMBOL        mins
  X:0404H         SYMBOL        seconds
  C:4D30H         LINE#         96
  C:4D3BH         LINE#         97
  C:4D3BH         LINE#         99
  C:4D4FH         LINE#         101
  C:4D63H         LINE#         103
  C:4D77H         LINE#         108
  C:4D8BH         LINE#         113
  -------         ENDPROC       _READ_TIME
  -------         PROC          _BCDTODEC
  D:0007H         SYMBOL        bcd
  -------         DO            
  D:0006H         SYMBOL        hi
  D:0007H         SYMBOL        lo
  -------         ENDDO         
  C:52ACH         LINE#         119
  C:52ACH         LINE#         120
  C:52ACH         LINE#         122
  C:52B1H         LINE#         123
  C:52B5H         LINE#         124
  C:52BCH         LINE#         125
  -------         ENDPROC       _BCDTODEC
  -------         PROC          _DAY_OF_YEAR
  D:0007H         SYMBOL        months_bcd
  D:0005H         SYMBOL        days_bcd
  -------         DO            
  D:0004H         SYMBOL        months
  D:0007H         SYMBOL        days
  -------         ENDDO         
  C:4BBDH         LINE#         126
  C:4BBDH         LINE#         127
  C:4BBDH         LINE#         130
  C:4BC2H         LINE#         132
  C:4BC7H         LINE#         134
  C:4C00H         LINE#         135
  C:4C00H         LINE#         136
  C:4C00H         LINE#         137
  C:4C03H         LINE#         138
  C:4C03H         LINE#         139
  C:4C03H         LINE#         140
BL51 BANKED LINKER/LOCATER V6.22                                                      05/02/2019  17:20:54  PAGE 17


  C:4C08H         LINE#         141
  C:4C08H         LINE#         142
  C:4C08H         LINE#         143
  C:4C0DH         LINE#         144
  C:4C0DH         LINE#         145
  C:4C0DH         LINE#         146
  C:4C12H         LINE#         147
  C:4C12H         LINE#         148
  C:4C12H         LINE#         149
  C:4C17H         LINE#         150
  C:4C17H         LINE#         151
  C:4C17H         LINE#         152
  C:4C1CH         LINE#         153
  C:4C1CH         LINE#         154
  C:4C1CH         LINE#         155
  C:4C21H         LINE#         156
  C:4C21H         LINE#         157
  C:4C21H         LINE#         158
  C:4C26H         LINE#         159
  C:4C26H         LINE#         160
  C:4C26H         LINE#         161
  C:4C2EH         LINE#         162
  C:4C2EH         LINE#         163
  C:4C2EH         LINE#         164
  C:4C33H         LINE#         165
  C:4C33H         LINE#         166
  C:4C33H         LINE#         167
  C:4C38H         LINE#         168
  C:4C38H         LINE#         169
  C:4C38H         LINE#         170
  C:4C41H         LINE#         171
  C:4C41H         LINE#         172
  C:4C41H         LINE#         173
  C:4C44H         LINE#         174
  C:4C44H         LINE#         175
  -------         ENDPROC       _DAY_OF_YEAR
  -------         ENDMOD        PCF85063BTL

  -------         MODULE        LCD_DRIVER_SPLC780D
  C:0000H         SYMBOL        _ICE_DUMMY_
  D:0092H         PUBLIC        P1M0
  D:0091H         PUBLIC        P1M1
  D:0080H         PUBLIC        P0
  D:0090H         PUBLIC        P1
  D:00A0H         PUBLIC        P2
  D:00B0H         PUBLIC        P3
  D:00C0H         PUBLIC        P4
  D:00C8H         PUBLIC        P5
  D:00E8H         PUBLIC        P6
  D:00F8H         PUBLIC        P7
  C:4C49H         PUBLIC        _WriteData
  D:00A8H         PUBLIC        IE
  D:00B8H         PUBLIC        IP
  D:00D8H         PUBLIC        CCON
  B:00B0H.4       PUBLIC        LCD_D4
  B:00B0H.5       PUBLIC        LCD_D5
  B:00B0H.6       PUBLIC        LCD_D6
BL51 BANKED LINKER/LOCATER V6.22                                                      05/02/2019  17:20:54  PAGE 18


  C:51CEH         PUBLIC        _DisplayLCD
  B:00B0H.7       PUBLIC        LCD_D7
  D:0098H         PUBLIC        SCON
  D:0088H         PUBLIC        TCON
  C:5287H         PUBLIC        _abs
  C:52FEH         PUBLIC        LCD_clear
  C:4F2AH         PUBLIC        _Command
  C:5234H         PUBLIC        _Display_Line
  C:4DF9H         PUBLIC        LCD_Init
  C:5112H         PUBLIC        _Wait_ms
  B:00C0H.0       PUBLIC        LCD_RS
  B:0090H.3       PUBLIC        LCD_RW
  C:52F4H         PUBLIC        LCD_return_home
  C:3F32H         PUBLIC        _Display_Pos
  B:00B0H.3       PUBLIC        LCD_E
  D:00D0H         PUBLIC        PSW
  -------         PROC          LCD_INIT
  C:4DF9H         LINE#         9
  C:4DF9H         LINE#         10
  C:4DF9H         LINE#         11
  C:4DFCH         LINE#         12
  C:4DFFH         LINE#         14
  C:4E05H         LINE#         15
  C:4E0AH         LINE#         17
  C:4E11H         LINE#         18
  C:4E16H         LINE#         20
  C:4E19H         LINE#         21
  C:4E1EH         LINE#         23
  C:4E21H         LINE#         24
  C:4E26H         LINE#         26
  C:4E2DH         LINE#         29
  C:4E32H         LINE#         30
  C:4E37H         LINE#         32
  C:4E3CH         LINE#         33
  C:4E41H         LINE#         35
  C:4E46H         LINE#         36
  C:4E4BH         LINE#         37
  -------         ENDPROC       LCD_INIT
  C:4C45H         SYMBOL        L?0040
  -------         PROC          L?0039
  -------         ENDPROC       L?0039
  C:4C45H         SYMBOL        L?0040
  -------         PROC          _WRITEDATA
  X:04E1H         SYMBOL        dat
  C:4C49H         LINE#         40
  C:4C4EH         LINE#         41
  C:4C4EH         LINE#         46
  C:4C50H         LINE#         47
  C:4C52H         LINE#         49
  C:4C60H         LINE#         50
  C:4C6CH         LINE#         51
  C:4C78H         LINE#         52
  C:4C82H         LINE#         53
  C:4C84H         LINE#         54
  C:4C8BH         LINE#         55
  C:4C8DH         LINE#         57
  C:4C9DH         LINE#         58
BL51 BANKED LINKER/LOCATER V6.22                                                      05/02/2019  17:20:54  PAGE 19


  C:4CA8H         LINE#         59
  C:4CB2H         LINE#         60
  C:4CB6H         LINE#         62
  C:4CB6H         LINE#         63
  C:4CB9H         LINE#         64
  C:4CBBH         LINE#         65
  C:4CBDH         LINE#         67
  -------         ENDPROC       _WRITEDATA
  -------         PROC          _COMMAND
  D:0007H         SYMBOL        dat
  C:4F2AH         LINE#         69
  C:4F2AH         LINE#         70
  C:4F2AH         LINE#         71
  C:4F2CH         LINE#         72
  C:4F2EH         LINE#         74
  C:4F38H         LINE#         75
  C:4F3CH         LINE#         77
  C:4F3EH         LINE#         78
  C:4F47H         LINE#         79
  C:4F4BH         LINE#         81
  C:4F4DH         LINE#         82
  C:4F54H         LINE#         83
  C:4F58H         LINE#         85
  C:4F5AH         LINE#         86
  C:4F5EH         LINE#         87
  C:4F62H         LINE#         89
  C:4F64H         LINE#         90
  C:4F64H         LINE#         91
  C:4F67H         LINE#         92
  C:4F69H         LINE#         93
  -------         ENDPROC       _COMMAND
  C:510EH         SYMBOL        L?0038
  -------         PROC          L?0037
  -------         ENDPROC       L?0037
  C:510EH         SYMBOL        L?0038
  -------         PROC          _WAIT_MS
  D:0006H         SYMBOL        ms
  -------         DO            
  D:0004H         SYMBOL        De_Cnt
  -------         ENDDO         
  C:5112H         LINE#         95
  C:5112H         LINE#         96
  C:5112H         LINE#         98
  C:511CH         LINE#         99
  C:511CH         LINE#         100
  C:512FH         LINE#         101
  C:512FH         LINE#         102
  -------         ENDPROC       _WAIT_MS
  -------         PROC          _DISPLAYLCD
  D:0007H         SYMBOL        BCD
  -------         DO            
  D:0006H         SYMBOL        first_digit
  X:03F8H         SYMBOL        second_digit
  -------         ENDDO         
  C:51CEH         LINE#         103
  C:51CEH         LINE#         104
  C:51CEH         LINE#         106
BL51 BANKED LINKER/LOCATER V6.22                                                      05/02/2019  17:20:54  PAGE 20


  C:51D5H         LINE#         107
  C:51DEH         LINE#         109
  C:51E3H         LINE#         111
  -------         ENDPROC       _DISPLAYLCD
  -------         PROC          LCD_RETURN_HOME
  C:52F4H         LINE#         115
  C:52F4H         LINE#         116
  C:52F4H         LINE#         117
  C:52F9H         LINE#         118
  -------         ENDPROC       LCD_RETURN_HOME
  -------         PROC          LCD_CLEAR
  C:52FEH         LINE#         121
  C:52FEH         LINE#         122
  C:52FEH         LINE#         123
  C:5303H         LINE#         124
  -------         ENDPROC       LCD_CLEAR
  -------         PROC          _DISPLAY_LINE
  D:0006H         SYMBOL        line
  C:5234H         LINE#         128
  C:5234H         LINE#         129
  C:5234H         LINE#         130
  C:523AH         LINE#         131
  C:523AH         LINE#         132
  C:523CH         LINE#         133
  C:523CH         LINE#         134
  C:523EH         LINE#         136
  C:523EH         LINE#         137
  C:5243H         LINE#         138
  C:5248H         LINE#         139
  C:5248H         LINE#         140
  -------         ENDPROC       _DISPLAY_LINE
  -------         PROC          _DISPLAY_POS
  X:04D7H         SYMBOL        sign_dat
  -------         DO            
  X:04DBH         SYMBOL        unit
  X:04DCH         SYMBOL        ten
  X:04DDH         SYMBOL        hundred
  D:0003H         SYMBOL        thousand
  X:04DEH         SYMBOL        after_dot
  X:04DFH         SYMBOL        dat
  -------         ENDDO         
  C:3F32H         LINE#         142
  C:3F38H         LINE#         143
  C:3F38H         LINE#         147
  C:3F54H         LINE#         148
  C:3F6EH         LINE#         149
  C:3F92H         LINE#         151
  C:3FDCH         LINE#         153
  C:3FF3H         LINE#         154
  C:4000H         LINE#         155
  C:4022H         LINE#         156
  C:4057H         LINE#         157
  C:406FH         LINE#         158
  C:406FH         LINE#         160
  C:406FH         LINE#         161
  C:406FH         LINE#         162
  C:406FH         LINE#         163
BL51 BANKED LINKER/LOCATER V6.22                                                      05/02/2019  17:20:54  PAGE 21


  C:406FH         LINE#         164
  C:406FH         LINE#         168
  C:4071H         LINE#         170
  C:4071H         LINE#         172
  C:4076H         LINE#         173
  C:407CH         LINE#         174
  C:4082H         LINE#         175
  C:4088H         LINE#         176
  C:408DH         LINE#         177
  C:4093H         LINE#         181
  C:4093H         LINE#         183
  -------         ENDPROC       _DISPLAY_POS
  -------         PROC          _ABS
  D:0006H         SYMBOL        dat
  C:5287H         LINE#         185
  C:5287H         LINE#         186
  C:5287H         LINE#         187
  C:5292H         LINE#         188
  C:5293H         LINE#         190
  C:529AH         LINE#         191
  -------         ENDPROC       _ABS
  -------         ENDMOD        LCD_DRIVER_SPLC780D

  -------         MODULE        KEYPAD
  C:0000H         SYMBOL        _ICE_DUMMY_
  D:0093H         PUBLIC        P0M1
  D:0080H         PUBLIC        P0
  D:0090H         PUBLIC        P1
  D:00A0H         PUBLIC        P2
  D:00B0H         PUBLIC        P3
  D:00C0H         PUBLIC        P4
  D:00C8H         PUBLIC        P5
  D:00E8H         PUBLIC        P6
  D:00F8H         PUBLIC        P7
  D:00A8H         PUBLIC        IE
  C:392EH         PUBLIC        Key_Scan
  D:00B8H         PUBLIC        IP
  D:00D8H         PUBLIC        CCON
  C:52E8H         PUBLIC        KeyPad_IO_Init
  C:51B0H         PUBLIC        _Delay_ms
  D:0098H         PUBLIC        SCON
  D:0088H         PUBLIC        TCON
  X:05EBH         PUBLIC        small_move
  X:05EDH         PUBLIC        move
  X:05EFH         PUBLIC        auto_mode
  X:05F1H         PUBLIC        direction
  X:05F3H         PUBLIC        SPI_NOR_ClearEnable
  C:306FH         PUBLIC        Key_Process
  D:00D0H         PUBLIC        PSW
  D:0094H         PUBLIC        P0M0
  -------         PROC          _DELAY_MS
  D:0006H         SYMBOL        ms
  -------         DO            
  D:0004H         SYMBOL        De_Cnt
  -------         ENDDO         
  C:51B0H         LINE#         20
  C:51B0H         LINE#         21
BL51 BANKED LINKER/LOCATER V6.22                                                      05/02/2019  17:20:54  PAGE 22


  C:51B0H         LINE#         23
  C:51BAH         LINE#         24
  C:51BAH         LINE#         25
  C:51CDH         LINE#         26
  C:51CDH         LINE#         27
  -------         ENDPROC       _DELAY_MS
  -------         PROC          KEY_SCAN
  -------         DO            
  X:03FEH         SYMBOL        KeyTemp1
  X:03FFH         SYMBOL        KeyTemp2
  X:0400H         SYMBOL        KeyValue
  -------         ENDDO         
  C:392EH         LINE#         28
  C:392EH         LINE#         29
  C:392EH         LINE#         34
  C:3931H         LINE#         37
  C:3934H         LINE#         39
  C:393CH         LINE#         40
  C:3943H         LINE#         41
  C:3943H         LINE#         43
  C:3948H         LINE#         44
  C:394FH         LINE#         45
  C:394FH         LINE#         48
  C:3952H         LINE#         49
  C:3955H         LINE#         50
  C:395AH         LINE#         51
  C:395EH         LINE#         52
  C:395EH         LINE#         53
  C:3966H         LINE#         54
  C:3966H         LINE#         55
  C:3969H         LINE#         56
  C:3971H         LINE#         57
  C:3973H         LINE#         59
  C:3987H         LINE#         60
  C:3987H         LINE#         61
  C:3987H         LINE#         62
  C:3987H         LINE#         63
  C:398DH         LINE#         65
  C:398FH         LINE#         66
  C:398FH         LINE#         67
  C:398FH         LINE#         68
  C:3995H         LINE#         70
  C:3997H         LINE#         71
  C:3997H         LINE#         72
  C:3997H         LINE#         73
  C:399DH         LINE#         75
  C:399FH         LINE#         76
  C:399FH         LINE#         77
  C:399FH         LINE#         78
  C:39A5H         LINE#         80
  C:39A5H         LINE#         81
  C:39A5H         LINE#         82
  C:39A5H         LINE#         85
  C:39A8H         LINE#         86
  C:39ABH         LINE#         87
  C:39B3H         LINE#         88
  C:39B7H         LINE#         89
BL51 BANKED LINKER/LOCATER V6.22                                                      05/02/2019  17:20:54  PAGE 23


  C:39B7H         LINE#         90
  C:39BFH         LINE#         91
  C:39BFH         LINE#         92
  C:39C2H         LINE#         93
  C:39CAH         LINE#         94
  C:39CCH         LINE#         95
  C:39E0H         LINE#         96
  C:39E0H         LINE#         97
  C:39E0H         LINE#         98
  C:39E0H         LINE#         99
  C:39E6H         LINE#         101
  C:39E8H         LINE#         102
  C:39E8H         LINE#         103
  C:39E8H         LINE#         104
  C:39EEH         LINE#         106
  C:39F0H         LINE#         107
  C:39F0H         LINE#         108
  C:39F0H         LINE#         109
  C:39F6H         LINE#         111
  C:39F8H         LINE#         112
  C:39F8H         LINE#         113
  C:39F8H         LINE#         114
  C:39FDH         LINE#         116
  C:39FDH         LINE#         117
  C:39FDH         LINE#         118
  C:39FDH         LINE#         121
  C:3A00H         LINE#         122
  C:3A03H         LINE#         123
  C:3A0BH         LINE#         124
  C:3A0FH         LINE#         125
  C:3A0FH         LINE#         126
  C:3A17H         LINE#         127
  C:3A17H         LINE#         128
  C:3A1AH         LINE#         129
  C:3A22H         LINE#         130
  C:3A24H         LINE#         131
  C:3A38H         LINE#         132
  C:3A38H         LINE#         133
  C:3A38H         LINE#         134
  C:3A38H         LINE#         135
  C:3A3EH         LINE#         137
  C:3A40H         LINE#         138
  C:3A40H         LINE#         139
  C:3A40H         LINE#         140
  C:3A46H         LINE#         142
  C:3A48H         LINE#         143
  C:3A48H         LINE#         144
  C:3A48H         LINE#         145
  C:3A4EH         LINE#         147
  C:3A50H         LINE#         148
  C:3A50H         LINE#         149
  C:3A50H         LINE#         150
  C:3A56H         LINE#         152
  C:3A56H         LINE#         153
  C:3A56H         LINE#         154
  C:3A56H         LINE#         158
  C:3A59H         LINE#         159
BL51 BANKED LINKER/LOCATER V6.22                                                      05/02/2019  17:20:54  PAGE 24


  C:3A5CH         LINE#         160
  C:3A64H         LINE#         161
  C:3A68H         LINE#         162
  C:3A68H         LINE#         163
  C:3A70H         LINE#         164
  C:3A70H         LINE#         165
  C:3A73H         LINE#         166
  C:3A7BH         LINE#         167
  C:3A7DH         LINE#         168
  C:3A91H         LINE#         169
  C:3A91H         LINE#         170
  C:3A91H         LINE#         171
  C:3A91H         LINE#         172
  C:3A97H         LINE#         174
  C:3A99H         LINE#         175
  C:3A99H         LINE#         176
  C:3A99H         LINE#         177
  C:3A9FH         LINE#         179
  C:3AA1H         LINE#         180
  C:3AA1H         LINE#         181
  C:3AA1H         LINE#         182
  C:3AA7H         LINE#         184
  C:3AA9H         LINE#         185
  C:3AA9H         LINE#         186
  C:3AA9H         LINE#         187
  C:3AAFH         LINE#         189
  C:3AAFH         LINE#         190
  C:3AAFH         LINE#         191
  C:3AAFH         LINE#         193
  C:3AB5H         LINE#         194
  C:3AB5H         LINE#         196
  C:3AB5H         LINE#         197
  C:3AB8H         LINE#         198
  C:3AB8H         LINE#         199
  C:3AB8H         LINE#         201
  C:3AB8H         LINE#         202
  C:3ABAH         LINE#         203
  C:3ABAH         LINE#         204
  -------         ENDPROC       KEY_SCAN
  -------         PROC          KEY_PROCESS
  -------         DO            
  X:05DCH         SYMBOL        KeyCount
  X:05DDH         SYMBOL        KeyNum_Old
  X:05DFH         SYMBOL        KeyNum
  X:05E1H         SYMBOL        PressedKey
  X:03F8H         SYMBOL        d
  D:0002H         SYMBOL        hours
  D:0006H         SYMBOL        mins
  X:03FAH         SYMBOL        months
  X:03FCH         SYMBOL        days
  -------         ENDDO         
  C:306FH         LINE#         205
  C:306FH         LINE#         206
  C:306FH         LINE#         210
  C:307EH         LINE#         211
  C:308BH         LINE#         213
  C:308FH         LINE#         214
BL51 BANKED LINKER/LOCATER V6.22                                                      05/02/2019  17:20:54  PAGE 25


  C:308FH         LINE#         215
  C:3095H         LINE#         217
  C:3095H         LINE#         218
  C:30ACH         LINE#         219
  C:30ACH         LINE#         220
  C:30B6H         LINE#         221
  C:30BCH         LINE#         223
  C:30C2H         LINE#         225
  C:30C2H         LINE#         226
  C:30D9H         LINE#         227
  C:30D9H         LINE#         228
  C:30DEH         LINE#         230
  C:30DEH         LINE#         231
  C:30EEH         LINE#         232
  C:30EEH         LINE#         233
  C:30F4H         LINE#         235
  C:30F4H         LINE#         236
  C:3106H         LINE#         237
  C:3106H         LINE#         238
  C:3110H         LINE#         239
  C:3118H         LINE#         241
  C:3121H         LINE#         243
  C:3121H         LINE#         252
  C:3140H         LINE#         253
  C:3140H         LINE#         254
  C:315FH         LINE#         255
  C:3165H         LINE#         256
  C:316DH         LINE#         257
  C:316DH         LINE#         259
  C:316EH         LINE#         265
  C:317AH         LINE#         266
  C:317AH         LINE#         267
  C:3197H         LINE#         268
  C:31AEH         LINE#         269
  C:31C5H         LINE#         270
  C:31C5H         LINE#         271
  C:31D8H         LINE#         272
  C:31EBH         LINE#         273
  C:31EBH         LINE#         274
  C:31EBH         LINE#         275
  C:31EEH         LINE#         280
  C:31FDH         LINE#         281
  C:31FDH         LINE#         282
  C:3220H         LINE#         283
  C:323DH         LINE#         284
  C:3246H         LINE#         285
  C:3246H         LINE#         286
  C:324DH         LINE#         287
  C:324DH         LINE#         288
  C:325EH         LINE#         289
  C:325EH         LINE#         290
  C:326DH         LINE#         291
  C:326DH         LINE#         292
  C:326DH         LINE#         293
  C:3270H         LINE#         295
  C:3270H         LINE#         296
  C:327CH         LINE#         297
BL51 BANKED LINKER/LOCATER V6.22                                                      05/02/2019  17:20:54  PAGE 26


  C:327CH         LINE#         298
  C:328EH         LINE#         299
  C:328EH         LINE#         300
  C:329EH         LINE#         301
  C:329EH         LINE#         302
  C:329EH         LINE#         304
  C:32A0H         LINE#         306
  C:32A0H         LINE#         307
  C:32AFH         LINE#         308
  C:32AFH         LINE#         309
  C:32BFH         LINE#         310
  C:32BFH         LINE#         311
  C:32BFH         LINE#         313
  C:32BFH         LINE#         315
  C:32BFH         LINE#         316
  C:32C1H         LINE#         318
  C:32C1H         LINE#         319
  C:32C8H         LINE#         320
  C:32C8H         LINE#         321
  C:32D7H         LINE#         322
  C:32D7H         LINE#         323
  C:32E7H         LINE#         324
  C:32E7H         LINE#         325
  C:32E7H         LINE#         326
  C:32E9H         LINE#         328
  C:32E9H         LINE#         329
  C:32F8H         LINE#         330
  C:32F8H         LINE#         331
  C:330BH         LINE#         332
  C:331EH         LINE#         333
  C:331EH         LINE#         334
  C:331EH         LINE#         335
  C:331EH         LINE#         336
  C:3327H         LINE#         338
  C:3327H         LINE#         340
  C:3361H         LINE#         341
  C:3361H         LINE#         342
  C:3368H         LINE#         343
  C:3368H         LINE#         344
  C:3372H         LINE#         345
  C:3372H         LINE#         346
  C:3375H         LINE#         347
  C:337AH         LINE#         348
  C:337FH         LINE#         349
  C:3384H         LINE#         350
  C:3389H         LINE#         351
  C:338EH         LINE#         352
  C:3393H         LINE#         353
  C:3398H         LINE#         354
  C:3398H         LINE#         355
  C:3398H         LINE#         357
  C:33B6H         LINE#         358
  C:33B6H         LINE#         359
  C:33BDH         LINE#         360
  C:33BDH         LINE#         361
  C:33C2H         LINE#         362
  C:33CBH         LINE#         363
BL51 BANKED LINKER/LOCATER V6.22                                                      05/02/2019  17:20:54  PAGE 27


  C:33EAH         LINE#         364
  C:33EAH         LINE#         365
  C:33FAH         LINE#         367
  C:33FAH         LINE#         371
  -------         ENDPROC       KEY_PROCESS
  -------         PROC          KEYPAD_IO_INIT
  C:52E8H         LINE#         374
  C:52E8H         LINE#         375
  C:52E8H         LINE#         376
  C:52EBH         LINE#         377
  C:52EEH         LINE#         378
  C:52F1H         LINE#         379
  C:52F3H         LINE#         380
  -------         ENDPROC       KEYPAD_IO_INIT
  -------         ENDMOD        KEYPAD

  -------         MODULE        BIPOLARMOTOR
  C:0000H         SYMBOL        _ICE_DUMMY_
  X:0000H         PUBLIC        UTC_time
  D:0080H         PUBLIC        P0
  D:0090H         PUBLIC        P1
  X:0004H         PUBLIC        RX_pos_test
  D:00A0H         PUBLIC        P2
  D:00B0H         PUBLIC        P3
  D:00C0H         PUBLIC        P4
  D:00C8H         PUBLIC        P5
  D:00E8H         PUBLIC        P6
  D:00F8H         PUBLIC        P7
  X:00A4H         PUBLIC        low_date_azimuth_mapping
  D:00A8H         PUBLIC        IE
  C:4609H         PUBLIC        linear_interpolate
  X:00CCH         PUBLIC        declination
  C:5098H         PUBLIC        _Move
  D:00B8H         PUBLIC        IP
  X:00D0H         PUBLIC        time_offset
  D:00D8H         PUBLIC        CCON
  X:00D4H         PUBLIC        previous_move_time
  X:00D5H         PUBLIC        time
  D:0098H         PUBLIC        SCON
  D:0088H         PUBLIC        TCON
  C:0006H         PUBLIC        wait
  C:4F6AH         PUBLIC        _Step_move
  X:00E7H         PUBLIC        dat
  X:00EDH         PUBLIC        current_local_sun_time
  C:1CE4H         PUBLIC        _Update_position
  C:33FBH         PUBLIC        _elevation_calculation
  X:00F1H         PUBLIC        sunCoord
  C:4E52H         PUBLIC        vOneStepMove
  X:00F4H         PUBLIC        elevation_stamp
  X:0130H         PUBLIC        date_azimuth_mapping
  X:0158H         PUBLIC        location
  X:0160H         PUBLIC        RX_pos
  C:5249H         PUBLIC        vSetLocation
  C:51F5H         PUBLIC        _BCDtoDec1
  X:03B8H         PUBLIC        degree
  C:232AH         PUBLIC        _TheoricalJP_Position
  D:00D0H         PUBLIC        PSW
BL51 BANKED LINKER/LOCATER V6.22                                                      05/02/2019  17:20:54  PAGE 28


  -------         PROC          VSETLOCATION
  C:5249H         LINE#         44
  C:5249H         LINE#         45
  C:5249H         LINE#         46
  C:5253H         LINE#         47
  C:525DH         LINE#         48
  -------         ENDPROC       VSETLOCATION
  C:51F1H         SYMBOL        L?0061
  -------         PROC          L?0060
  -------         ENDPROC       L?0060
  C:51F1H         SYMBOL        L?0061
  -------         PROC          _BCDTODEC1
  D:0007H         SYMBOL        bcd
  -------         DO            
  D:0006H         SYMBOL        hi
  D:0007H         SYMBOL        lo
  -------         ENDDO         
  C:51F5H         LINE#         49
  C:51F5H         LINE#         50
  C:51F5H         LINE#         52
  C:51FAH         LINE#         53
  C:51FEH         LINE#         54
  C:5205H         LINE#         55
  -------         ENDPROC       _BCDTODEC1
  -------         PROC          WAIT
  C:0006H         LINE#         57
  C:0006H         LINE#         59
  -------         ENDPROC       WAIT
  -------         PROC          VONESTEPMOVE
  B:0020H.3       SYMBOL        bDir
  C:4E52H         LINE#         61
  C:4E52H         LINE#         62
  C:4E52H         LINE#         64
  C:4E58H         LINE#         65
  C:4E58H         LINE#         66
  C:4E5BH         LINE#         67
  C:4E64H         LINE#         68
  C:4E6BH         LINE#         69
  C:4E70H         LINE#         70
  C:4E70H         LINE#         71
  C:4E70H         LINE#         73
  C:4E72H         LINE#         76
  C:4E72H         LINE#         77
  C:4E75H         LINE#         78
  C:4E7EH         LINE#         79
  C:4E85H         LINE#         80
  C:4E8BH         LINE#         81
  C:4E94H         LINE#         82
  C:4E9BH         LINE#         83
  C:4E9BH         LINE#         87
  -------         ENDPROC       VONESTEPMOVE
  -------         PROC          _STEP_MOVE
  X:04DBH         SYMBOL        step
  B:0020H.2       SYMBOL        dir
  -------         DO            
  X:04DDH         SYMBOL        i
  -------         ENDDO         
BL51 BANKED LINKER/LOCATER V6.22                                                      05/02/2019  17:20:54  PAGE 29


  C:4F6AH         LINE#         89
  C:4F72H         LINE#         90
  C:4F72H         LINE#         92
  C:4F77H         LINE#         95
  C:4F92H         LINE#         96
  C:4F92H         LINE#         97
  C:4F99H         LINE#         99
  C:4FA9H         LINE#         101
  -------         ENDPROC       _STEP_MOVE
  -------         PROC          _MOVE
  X:04D7H         SYMBOL        distance
  B:0020H.1       SYMBOL        direction
  -------         DO            
  D:0006H         SYMBOL        step
  -------         ENDDO         
  C:5098H         LINE#         103
  C:509EH         LINE#         104
  C:509EH         LINE#         107
  C:50B9H         LINE#         108
  -------         ENDPROC       _MOVE
  C:45F8H         SYMBOL        L?0059
  -------         PROC          L?0058
  -------         ENDPROC       L?0058
  C:45F8H         SYMBOL        L?0059
  -------         PROC          LINEAR_INTERPOLATE
  X:04A6H         SYMBOL        p1
  X:04AEH         SYMBOL        p2
  X:04B6H         SYMBOL        x
  -------         DO            
  D:0004H         SYMBOL        fx
  -------         ENDDO         
  C:4609H         LINE#         141
  C:4609H         LINE#         142
  C:4609H         LINE#         145
  C:46A8H         LINE#         147
  C:46A8H         LINE#         148
  -------         ENDPROC       LINEAR_INTERPOLATE
  -------         PROC          _THEORICALJP_POSITION
  X:044AH         SYMBOL        azimuth
  X:044EH         SYMBOL        elevation
  -------         DO            
  X:0452H         SYMBOL        pos_interpolate_azimuth
  X:048EH         SYMBOL        JP_pos
  X:0492H         SYMBOL        i
  X:0494H         SYMBOL        yy
  X:0496H         SYMBOL        p1
  X:049EH         SYMBOL        p2
  -------         ENDDO         
  C:232AH         LINE#         151
  C:2330H         LINE#         152
  C:2330H         LINE#         154
  C:233AH         LINE#         157
  C:2356H         LINE#         158
  C:2356H         LINE#         159
  C:23C6H         LINE#         160
  C:23C6H         LINE#         161
  C:23CDH         LINE#         162
BL51 BANKED LINKER/LOCATER V6.22                                                      05/02/2019  17:20:54  PAGE 30


  C:23CDH         LINE#         163
  C:23FAH         LINE#         164
  C:2415H         LINE#         166
  C:245CH         LINE#         167
  C:2490H         LINE#         169
  C:24D6H         LINE#         170
  C:24FBH         LINE#         172
  C:24FBH         LINE#         174
  C:2571H         LINE#         175
  C:2571H         LINE#         176
  C:2578H         LINE#         177
  C:2578H         LINE#         178
  C:25A5H         LINE#         179
  C:25C0H         LINE#         181
  C:2607H         LINE#         182
  C:263BH         LINE#         184
  C:2681H         LINE#         185
  C:26A3H         LINE#         187
  C:26A3H         LINE#         188
  C:26B7H         LINE#         191
  C:26D3H         LINE#         192
  C:26D3H         LINE#         193
  C:2743H         LINE#         194
  C:2743H         LINE#         195
  C:2770H         LINE#         196
  C:278BH         LINE#         198
  C:27B8H         LINE#         199
  C:27D3H         LINE#         201
  C:2805H         LINE#         204
  C:2805H         LINE#         206
  C:2816H         LINE#         207
  C:2824H         LINE#         209
  -------         ENDPROC       _THEORICALJP_POSITION
  -------         PROC          _UPDATE_POSITION
  D:0001H         SYMBOL        mnths
  D:0002H         SYMBOL        dys
  X:041EH         SYMBOL        hurs
  X:041FH         SYMBOL        mns
  X:0420H         SYMBOL        sconds
  X:0421H         SYMBOL        currnt_pos
  X:0424H         SYMBOL        offset_calib
  -------         DO            
  X:0428H         SYMBOL        date
  X:042AH         SYMBOL        i
  X:042CH         SYMBOL        yy
  X:042EH         SYMBOL        desired_distance
  X:0432H         SYMBOL        distance
  X:0436H         SYMBOL        JP_pos
  X:043AH         SYMBOL        elevation
  X:043EH         SYMBOL        azimuth
  X:0442H         SYMBOL        time_offset
  X:0446H         SYMBOL        UTC_time
  -------         ENDDO         
  C:1CE4H         LINE#         212
  C:1CEDH         LINE#         215
  C:1CEDH         LINE#         216
  C:1CF8H         LINE#         218
BL51 BANKED LINKER/LOCATER V6.22                                                      05/02/2019  17:20:54  PAGE 31


  C:1D14H         LINE#         219
  C:1D1EH         LINE#         225
  C:1D28H         LINE#         226
  C:1D33H         LINE#         227
  C:1D3EH         LINE#         228
  C:1D57H         LINE#         229
  C:1D68H         LINE#         230
  C:1D77H         LINE#         233
  C:1D8BH         LINE#         237
  C:1DDDH         LINE#         238
  C:1F41H         LINE#         239
  C:1F91H         LINE#         242
  C:20B9H         LINE#         245
  C:2188H         LINE#         252
  C:21CFH         LINE#         253
  C:21CFH         LINE#         255
  C:21FAH         LINE#         256
  C:2229H         LINE#         258
  C:224EH         LINE#         259
  C:22B3H         LINE#         260
  C:22B3H         LINE#         261
  C:22CDH         LINE#         262
  C:22DFH         LINE#         263
  C:22F7H         LINE#         264
  C:230DH         LINE#         266
  C:2329H         LINE#         267
  C:2329H         LINE#         268
  C:2329H         LINE#         271
  -------         ENDPROC       _UPDATE_POSITION
  -------         PROC          _ELEVATION_CALCULATION
  D:0007H         SYMBOL        mnths
  D:0005H         SYMBOL        dys
  X:03FAH         SYMBOL        hurs
  X:03FBH         SYMBOL        mns
  X:03FCH         SYMBOL        sconds
  C:33FBH         LINE#         273
  C:3400H         LINE#         275
  C:3400H         LINE#         276
  C:340AH         LINE#         277
  C:3413H         LINE#         278
  C:341EH         LINE#         279
  C:3437H         LINE#         280
  C:344BH         LINE#         281
  C:345DH         LINE#         285
  C:34AFH         LINE#         286
  C:3613H         LINE#         287
  C:3663H         LINE#         289
  C:377AH         LINE#         291
  -------         ENDPROC       _ELEVATION_CALCULATION
  -------         ENDMOD        BIPOLARMOTOR

  -------         MODULE        SUNPOS
  C:0000H         SYMBOL        _ICE_DUMMY_
  C:1542H         PUBLIC        sunpos
  -------         PROC          SUNPOS
  X:044AH         SYMBOL        udtTime
  X:045CH         SYMBOL        udtLocation
BL51 BANKED LINKER/LOCATER V6.22                                                      05/02/2019  17:20:54  PAGE 32


  X:0464H         SYMBOL        udtSunCoordinates
  -------         DO            
  X:0467H         SYMBOL        dElapsedJulianDays
  X:046BH         SYMBOL        dDecimalHours
  X:046FH         SYMBOL        dEclipticLongitude
  X:0473H         SYMBOL        dEclipticObliquity
  X:0477H         SYMBOL        dRightAscension
  X:047BH         SYMBOL        dDeclination
  X:047FH         SYMBOL        dY
  X:0483H         SYMBOL        dX
  -------         DO            
  X:0487H         SYMBOL        dJulianDate
  X:048BH         SYMBOL        liAux1
  X:048FH         SYMBOL        liAux2
  X:0487H         SYMBOL        dMeanLongitude
  X:048BH         SYMBOL        dMeanAnomaly
  X:048FH         SYMBOL        dOmega
  X:0487H         SYMBOL        dSin_EclipticLongitude
  X:0487H         SYMBOL        dGreenwichMeanSiderealTime
  X:048BH         SYMBOL        dLocalMeanSiderealTime
  X:048FH         SYMBOL        dLatitudeInRadians
  X:0493H         SYMBOL        dHourAngle
  X:0497H         SYMBOL        dCos_Latitude
  X:049BH         SYMBOL        dSin_Latitude
  X:049FH         SYMBOL        dCos_HourAngle
  X:04A3H         SYMBOL        dParallax
  -------         ENDDO         
  -------         DO            
  X:0487H         SYMBOL        dMeanLongitude
  X:048BH         SYMBOL        dMeanAnomaly
  X:048FH         SYMBOL        dOmega
  X:0487H         SYMBOL        dSin_EclipticLongitude
  X:0487H         SYMBOL        dGreenwichMeanSiderealTime
  X:048BH         SYMBOL        dLocalMeanSiderealTime
  X:048FH         SYMBOL        dLatitudeInRadians
  X:0493H         SYMBOL        dHourAngle
  X:0497H         SYMBOL        dCos_Latitude
  X:049BH         SYMBOL        dSin_Latitude
  X:049FH         SYMBOL        dCos_HourAngle
  X:04A3H         SYMBOL        dParallax
  -------         ENDDO         
  -------         DO            
  X:0487H         SYMBOL        dSin_EclipticLongitude
  X:0487H         SYMBOL        dGreenwichMeanSiderealTime
  X:048BH         SYMBOL        dLocalMeanSiderealTime
  X:048FH         SYMBOL        dLatitudeInRadians
  X:0493H         SYMBOL        dHourAngle
  X:0497H         SYMBOL        dCos_Latitude
  X:049BH         SYMBOL        dSin_Latitude
  X:049FH         SYMBOL        dCos_HourAngle
  X:04A3H         SYMBOL        dParallax
  -------         ENDDO         
  -------         DO            
  X:0487H         SYMBOL        dGreenwichMeanSiderealTime
  X:048BH         SYMBOL        dLocalMeanSiderealTime
  X:048FH         SYMBOL        dLatitudeInRadians
  X:0493H         SYMBOL        dHourAngle
BL51 BANKED LINKER/LOCATER V6.22                                                      05/02/2019  17:20:54  PAGE 33


  X:0497H         SYMBOL        dCos_Latitude
  X:049BH         SYMBOL        dSin_Latitude
  X:049FH         SYMBOL        dCos_HourAngle
  X:04A3H         SYMBOL        dParallax
  -------         ENDDO         
  -------         ENDDO         
  C:1542H         LINE#         6
  C:1542H         LINE#         7
  C:1542H         LINE#         9
  C:1542H         LINE#         27
  C:158CH         LINE#         30
  C:15ADH         LINE#         31
  C:16F4H         LINE#         34
  C:1740H         LINE#         36
  C:175FH         LINE#         37
  C:175FH         LINE#         42
  C:175FH         LINE#         46
  C:1791H         LINE#         47
  C:17BBH         LINE#         48
  C:17E5H         LINE#         49
  C:1892H         LINE#         52
  C:18F3H         LINE#         54
  C:18F3H         LINE#         59
  C:18F3H         LINE#         61
  C:190AH         LINE#         62
  C:1932H         LINE#         63
  C:1949H         LINE#         64
  C:1974H         LINE#         65
  C:19ABH         LINE#         66
  C:19D6H         LINE#         67
  C:19D6H         LINE#         70
  C:19D6H         LINE#         79
  C:1A11H         LINE#         82
  C:1A4BH         LINE#         84
  C:1A70H         LINE#         85
  C:1A8FH         LINE#         86
  C:1AA6H         LINE#         87
  C:1ABDH         LINE#         88
  C:1AD4H         LINE#         89
  C:1B5DH         LINE#         91
  C:1B77H         LINE#         92
  C:1BD9H         LINE#         93
  C:1C0FH         LINE#         94
  C:1C21H         LINE#         95
  C:1C4EH         LINE#         96
  C:1C7BH         LINE#         98
  C:1C9DH         LINE#         100
  C:1CD5H         LINE#         103
  C:1CD5H         LINE#         104
  C:1CE3H         LINE#         105
  -------         ENDPROC       SUNPOS
  -------         ENDMOD        SUNPOS

  -------         MODULE        ADC
  C:0000H         SYMBOL        _ICE_DUMMY_
  D:0092H         PUBLIC        P1M0
  D:0091H         PUBLIC        P1M1
BL51 BANKED LINKER/LOCATER V6.22                                                      05/02/2019  17:20:54  PAGE 34


  D:0080H         PUBLIC        P0
  D:0090H         PUBLIC        P1
  D:00A0H         PUBLIC        P2
  D:00B0H         PUBLIC        P3
  D:00C0H         PUBLIC        P4
  D:00C8H         PUBLIC        P5
  D:00E8H         PUBLIC        P6
  D:00F8H         PUBLIC        P7
  D:00A8H         PUBLIC        IE
  D:00BDH         PUBLIC        ADC_RES
  D:00B8H         PUBLIC        IP
  D:0097H         PUBLIC        CLK_DIV
  D:00D8H         PUBLIC        CCON
  D:00BCH         PUBLIC        ADC_CONTR
  D:0098H         PUBLIC        SCON
  D:0088H         PUBLIC        TCON
  B:00A0H.4       PUBLIC        P24
  B:00A0H.5       PUBLIC        P25
  B:00A0H.6       PUBLIC        P26
  C:5191H         PUBLIC        ADC_Init
  C:5016H         PUBLIC        _ADC_GetResult
  D:009DH         PUBLIC        P1ASF
  D:00BEH         PUBLIC        ADC_RESL
  D:00D0H         PUBLIC        PSW
  -------         PROC          ADC_INIT
  C:5191H         LINE#         7
  C:5191H         LINE#         8
  C:5191H         LINE#         10
  C:5193H         LINE#         11
  C:5195H         LINE#         12
  C:5197H         LINE#         13
  C:519AH         LINE#         14
  C:519DH         LINE#         15
  C:51A0H         LINE#         16
  C:51A3H         LINE#         18
  C:51A5H         LINE#         19
  C:51A7H         LINE#         20
  C:51AAH         LINE#         22
  -------         ENDPROC       ADC_INIT
  -------         PROC          _ADC_GETRESULT
  D:0007H         SYMBOL        ch
  -------         DO            
  D:0006H         SYMBOL        ADC_Value_H
[...]
  C:4413H         LINE#         105
  C:4413H         LINE#         106
  C:4413H         LINE#         107
  C:4416H         LINE#         108
  C:441AH         LINE#         111
  C:4439H         LINE#         113
  C:4440H         LINE#         114
  C:4440H         LINE#         115
  C:4442H         LINE#         116
  C:4445H         LINE#         117
  C:4461H         LINE#         118
  C:4461H         LINE#         119
  C:4463H         LINE#         120
  C:4465H         LINE#         122
  C:4465H         LINE#         123
  C:4467H         LINE#         125
  C:4467H         LINE#         126
  C:4467H         LINE#         127
  C:4467H         LINE#         128
  C:446AH         LINE#         129
  C:4483H         LINE#         131
  C:44A2H         LINE#         133
  C:44A9H         LINE#         134
BL51 BANKED LINKER/LOCATER V6.22                                                      05/02/2019  17:20:54  PAGE 45


  C:44A9H         LINE#         135
  C:44ABH         LINE#         136
  C:44AEH         LINE#         137
  C:44B5H         LINE#         138
  C:44B5H         LINE#         139
  C:44B7H         LINE#         140
  C:44B9H         LINE#         142
  C:44B9H         LINE#         143
  C:44BBH         LINE#         145
  C:44BBH         LINE#         146
  C:44BBH         LINE#         147
  C:44BBH         LINE#         148
  C:44BEH         LINE#         149
  C:44C5H         LINE#         151
  C:44E4H         LINE#         153
  C:44E6H         LINE#         154
  C:44E9H         LINE#         155
  C:44F0H         LINE#         157
  -------         ENDPROC       _AT25SF041_WRITE
  -------         PROC          _AT25SF041_READ
  D:0003H         SYMBOL        opcode
  X:05F6H         SYMBOL        addr
  -------         DO            
  X:05FAH         SYMBOL        dat
  X:05FBH         SYMBOL        i
  -------         ENDDO         
  C:42DFH         LINE#         159
  C:42E1H         LINE#         160
  C:42E1H         LINE#         161
  C:42E6H         LINE#         163
  C:42E8H         LINE#         164
  C:42EEH         LINE#         168
  C:42F3H         LINE#         169
  C:42F3H         LINE#         170
  C:42F5H         LINE#         171
  C:42F8H         LINE#         172
  C:42FCH         LINE#         173
  C:42FCH         LINE#         174
  C:42FEH         LINE#         175
  C:4300H         LINE#         177
  C:4300H         LINE#         178
  C:4302H         LINE#         180
  C:4302H         LINE#         181
  C:4302H         LINE#         182
  C:4302H         LINE#         183
  C:4305H         LINE#         184
  C:4309H         LINE#         187
  C:4328H         LINE#         189
  C:432FH         LINE#         190
  C:432FH         LINE#         191
  C:4331H         LINE#         192
  C:4334H         LINE#         193
  C:4350H         LINE#         194
  C:4350H         LINE#         195
  C:4352H         LINE#         196
  C:4354H         LINE#         198
  C:4354H         LINE#         199
BL51 BANKED LINKER/LOCATER V6.22                                                      05/02/2019  17:20:54  PAGE 46


  C:4356H         LINE#         201
  C:4356H         LINE#         202
  C:4356H         LINE#         203
  C:4356H         LINE#         204
  C:4359H         LINE#         205
  C:4372H         LINE#         207
  C:4391H         LINE#         210
  C:4398H         LINE#         212
  C:439AH         LINE#         213
  C:43A1H         LINE#         215
  C:43A8H         LINE#         216
  C:43A8H         LINE#         217
  C:43AFH         LINE#         218
  C:43AFH         LINE#         219
  C:43B2H         LINE#         220
  C:43B4H         LINE#         221
  C:43B7H         LINE#         223
  C:43BAH         LINE#         224
  C:43BAH         LINE#         226
  C:43BEH         LINE#         227
  C:43BEH         LINE#         233
  C:43DDH         LINE#         236
  C:43DFH         LINE#         237
  C:43E2H         LINE#         238
  C:43E9H         LINE#         240
  C:43EEH         LINE#         242
  -------         ENDPROC       _AT25SF041_READ
  -------         PROC          UCREAD_STATUS_REGISTER_BYTE1
  -------         DO            
  D:0003H         SYMBOL        dat
  D:0001H         SYMBOL        opcode
  X:04DFH         SYMBOL        count
  X:04E0H         SYMBOL        i
  -------         ENDDO         
  C:48BDH         LINE#         246
  C:48BDH         LINE#         247
  C:48BDH         LINE#         248
  C:48C3H         LINE#         249
  C:48C7H         LINE#         250
  C:48C9H         LINE#         251
  C:48CBH         LINE#         252
  C:48D1H         LINE#         256
  C:48D8H         LINE#         257
  C:48D8H         LINE#         258
  C:48DAH         LINE#         259
  C:48DDH         LINE#         260
  C:48E1H         LINE#         261
  C:48E1H         LINE#         262
  C:48E3H         LINE#         263
  C:48E5H         LINE#         265
  C:48E5H         LINE#         266
  C:48E7H         LINE#         268
  C:48E7H         LINE#         269
  C:48E7H         LINE#         270
  C:48E7H         LINE#         271
  C:48EAH         LINE#         272
  C:48EEH         LINE#         275
BL51 BANKED LINKER/LOCATER V6.22                                                      05/02/2019  17:20:54  PAGE 47


  C:490DH         LINE#         279
  C:4914H         LINE#         281
  C:4916H         LINE#         282
  C:491DH         LINE#         283
  C:4924H         LINE#         284
  C:4924H         LINE#         285
  C:4928H         LINE#         286
  C:4928H         LINE#         287
  C:492BH         LINE#         288
  C:492DH         LINE#         289
  C:4930H         LINE#         291
  C:4933H         LINE#         292
  C:4933H         LINE#         294
  C:4937H         LINE#         295
  C:4937H         LINE#         297
  C:4956H         LINE#         301
  C:4958H         LINE#         302
  C:495BH         LINE#         303
  C:495DH         LINE#         304
  -------         ENDPROC       UCREAD_STATUS_REGISTER_BYTE1
  -------         PROC          SPI_NOR_WRITE_DATA
  X:03F8H         SYMBOL        dat
  X:0403H         SYMBOL        addr
  C:3ABBH         LINE#         306
  C:3ABBH         LINE#         307
  C:3ABBH         LINE#         309
  C:3ABEH         LINE#         311
  C:3AD8H         LINE#         312
  C:3AF6H         LINE#         314
  C:3AFDH         LINE#         315
  C:3B00H         LINE#         317
  C:3B1AH         LINE#         318
  C:3B1AH         LINE#         319
  C:3B1AH         LINE#         322
  C:3B1DH         LINE#         324
  C:3B37H         LINE#         325
  C:3B37H         LINE#         326
  C:3B37H         LINE#         328
  C:3B3AH         LINE#         330
  C:3B54H         LINE#         331
  C:3B54H         LINE#         332
  C:3B54H         LINE#         334
  C:3B57H         LINE#         336
  C:3B71H         LINE#         337
  C:3B71H         LINE#         338
  C:3B71H         LINE#         340
  C:3B74H         LINE#         342
  C:3B8EH         LINE#         343
  C:3B8EH         LINE#         344
  C:3B8EH         LINE#         346
  C:3B91H         LINE#         348
  C:3BABH         LINE#         349
  C:3BABH         LINE#         350
  C:3BABH         LINE#         352
  C:3BAEH         LINE#         354
  C:3BC8H         LINE#         355
  C:3BC8H         LINE#         356
BL51 BANKED LINKER/LOCATER V6.22                                                      05/02/2019  17:20:54  PAGE 48


  C:3BC8H         LINE#         358
  C:3BCBH         LINE#         360
  C:3BE5H         LINE#         361
  C:3BE5H         LINE#         362
  C:3BE5H         LINE#         364
  C:3BE8H         LINE#         366
  C:3C02H         LINE#         367
  C:3C02H         LINE#         368
  C:3C02H         LINE#         370
  C:3C05H         LINE#         372
  C:3C1FH         LINE#         373
  C:3C26H         LINE#         374
  -------         ENDPROC       SPI_NOR_WRITE_DATA
  -------         ENDMOD        AT25SF041

  -------         MODULE        SI1120
  C:0000H         SYMBOL        _ICE_DUMMY_
  D:0080H         PUBLIC        P0
  D:00B2H         PUBLIC        P3M0
  D:0090H         PUBLIC        P1
  D:00B1H         PUBLIC        P3M1
  D:00A0H         PUBLIC        P2
  D:00B0H         PUBLIC        P3
  D:00C0H         PUBLIC        P4
  D:00C8H         PUBLIC        P5
  B:00A8H.7       PUBLIC        EA
  D:00E8H         PUBLIC        P6
  D:00F8H         PUBLIC        P7
  D:00A8H         PUBLIC        IE
  D:00B8H         PUBLIC        IP
  C:4FE5H         PUBLIC        SI1120_CONFIG_MODE_VIRH
  D:00D8H         PUBLIC        CCON
  D:0098H         PUBLIC        SCON
  D:0088H         PUBLIC        TCON
  C:52DBH         PUBLIC        Enable_EXTINT0
  B:0090H.5       PUBLIC        SI1120_STX
  B:0088H.0       PUBLIC        IT0
  B:00A8H.0       PUBLIC        EX0
  B:0090H.4       PUBLIC        SI1120_MD
  B:0090H.6       PUBLIC        SI1120_SC
  D:00D0H         PUBLIC        PSW
  -------         PROC          SI1120_CONFIG_MODE_VIRH
  C:4FE5H         LINE#         4
  C:4FE5H         LINE#         5
  C:4FE5H         LINE#         6
  C:4FE7H         LINE#         7
  C:4FE9H         LINE#         8
  C:4FEBH         LINE#         10
  C:4FF2H         LINE#         11
  C:4FF4H         LINE#         12
  C:4FF6H         LINE#         13
  C:4FF8H         LINE#         15
  C:4FFFH         LINE#         17
  C:5001H         LINE#         18
  C:5008H         LINE#         20
  C:500AH         LINE#         21
  C:500CH         LINE#         23
BL51 BANKED LINKER/LOCATER V6.22                                                      05/02/2019  17:20:54  PAGE 49


  C:5013H         LINE#         25
  C:5015H         LINE#         27
  -------         ENDPROC       SI1120_CONFIG_MODE_VIRH
  -------         PROC          ENABLE_EXTINT0
  C:52DBH         LINE#         29
  C:52DBH         LINE#         30
  C:52DBH         LINE#         31
  C:52DEH         LINE#         32
  C:52E1H         LINE#         33
  C:52E3H         LINE#         34
  C:52E5H         LINE#         35
  C:52E7H         LINE#         36
  -------         ENDPROC       ENABLE_EXTINT0
  -------         ENDMOD        SI1120

  -------         MODULE        ?C_STARTUP
  C:4B31H         SEGMENT       ?C_C51STARTUP
  I:0021H         SEGMENT       ?STACK
  C:0000H         PUBLIC        ?C_STARTUP
  D:00E0H         SYMBOL        ACC
  D:00F0H         SYMBOL        B
  D:0083H         SYMBOL        DPH
  D:0082H         SYMBOL        DPL
  N:0000H         SYMBOL        IBPSTACK
  N:0100H         SYMBOL        IBPSTACKTOP
  N:0080H         SYMBOL        IDATALEN
  C:4B34H         SYMBOL        IDATALOOP
  N:0000H         SYMBOL        PBPSTACK
  N:0100H         SYMBOL        PBPSTACKTOP
  N:0000H         SYMBOL        PDATALEN
  N:0000H         SYMBOL        PDATASTART
  N:0000H         SYMBOL        PPAGE
  N:0000H         SYMBOL        PPAGEENABLE
  D:00A0H         SYMBOL        PPAGE_SFR
  D:0081H         SYMBOL        SP
  C:4B31H         SYMBOL        STARTUP1
  N:0000H         SYMBOL        XBPSTACK
  N:0000H         SYMBOL        XBPSTACKTOP
  N:0000H         SYMBOL        XDATALEN
  N:0000H         SYMBOL        XDATASTART
  C:0000H         LINE#         126
  C:4B31H         LINE#         133
  C:4B33H         LINE#         134
  C:4B34H         LINE#         135
  C:4B35H         LINE#         136
  C:4B37H         LINE#         185
  C:4B3AH         LINE#         196
  -------         ENDMOD        ?C_STARTUP

  -------         MODULE        ?C?FPADD
  C:0BA5H         PUBLIC        ?C?FPADD
  C:0BA1H         PUBLIC        ?C?FPSUB
  -------         ENDMOD        ?C?FPADD

  -------         MODULE        ?C?FPMUL
  C:0C96H         PUBLIC        ?C?FPMUL
  -------         ENDMOD        ?C?FPMUL
BL51 BANKED LINKER/LOCATER V6.22                                                      05/02/2019  17:20:54  PAGE 50



  -------         MODULE        ?C?FPDIV
  C:0D9FH         PUBLIC        ?C?FPDIV
  -------         ENDMOD        ?C?FPDIV

  -------         MODULE        ?C?FPCMP
  C:0E3EH         PUBLIC        ?C?FPCMP
  C:0E3CH         PUBLIC        ?C?FPCMP3
  -------         ENDMOD        ?C?FPCMP

  -------         MODULE        ?C?FPNEG
  C:0EB5H         PUBLIC        ?C?FPNEG
  -------         ENDMOD        ?C?FPNEG

  -------         MODULE        ?C?FCAST
  C:0ED0H         PUBLIC        ?C?FCASTC
  C:0ECBH         PUBLIC        ?C?FCASTI
  C:0EC6H         PUBLIC        ?C?FCASTL
  -------         ENDMOD        ?C?FCAST

  -------         MODULE        ?C?CASTF
  C:0F04H         PUBLIC        ?C?CASTF
  -------         ENDMOD        ?C?CASTF

  -------         MODULE        ATAN2
  X:04A7H         PUBLIC        ?_atan2?BYTE
  C:495EH         PUBLIC        _atan2
  -------         ENDMOD        ATAN2

  -------         MODULE        SIN
  C:3C8CH         PUBLIC        _COS
  C:3CA2H         PUBLIC        _SIN
  C:3CDEH         PUBLIC        _TAN
  -------         ENDMOD        SIN

  -------         MODULE        ACOS
  C:4E9CH         PUBLIC        _ACOS
  -------         ENDMOD        ACOS

  -------         MODULE        ASIN
  C:4FAAH         PUBLIC        _ASIN
  -------         ENDMOD        ASIN

  -------         MODULE        POW
  X:03BCH         PUBLIC        ?_pow?BYTE
  C:3DCCH         PUBLIC        _pow
  -------         ENDMOD        POW

  -------         MODULE        ?C?CHKFLOAT
  C:0F85H         PUBLIC        ?C?CHKFLOAT
  -------         ENDMOD        ?C?CHKFLOAT

  -------         MODULE        EXP
  C:4ACFH         PUBLIC        _EXP
  -------         ENDMOD        EXP

  -------         MODULE        LOG
BL51 BANKED LINKER/LOCATER V6.22                                                      05/02/2019  17:20:54  PAGE 51


  C:40C8H         PUBLIC        _LOG
  C:40C4H         PUBLIC        _LOG10
  -------         ENDMOD        LOG

  -------         MODULE        SQRT
  C:4815H         PUBLIC        _SQRT
  -------         ENDMOD        SQRT

  -------         MODULE        ATAN
  C:41DDH         PUBLIC        _ATAN
  -------         ENDMOD        ATAN

  -------         MODULE        ?C?COPY
  C:10BCH         PUBLIC        ?C?COPY
  -------         ENDMOD        ?C?COPY

  -------         MODULE        ?C?CLDPTR
  C:10E2H         PUBLIC        ?C?CLDPTR
  -------         ENDMOD        ?C?CLDPTR

  -------         MODULE        ?C?CLDOPTR
  C:10FBH         PUBLIC        ?C?CLDOPTR
  -------         ENDMOD        ?C?CLDOPTR

  -------         MODULE        ?C?CSTPTR
  C:1128H         PUBLIC        ?C?CSTPTR
  -------         ENDMOD        ?C?CSTPTR

  -------         MODULE        ?C?IMUL
  C:113AH         PUBLIC        ?C?IMUL
  -------         ENDMOD        ?C?IMUL

  -------         MODULE        ?C?UIDIV
  C:114CH         PUBLIC        ?C?UIDIV
  -------         ENDMOD        ?C?UIDIV

  -------         MODULE        ?C?SIDIV
  C:11A1H         PUBLIC        ?C?SIDIV
  -------         ENDMOD        ?C?SIDIV

  -------         MODULE        ?C?ILDOPTR
  C:11D7H         PUBLIC        ?C?ILDOPTR
  -------         ENDMOD        ?C?ILDOPTR

  -------         MODULE        ?C?ISTPTR
  C:120FH         PUBLIC        ?C?ISTPTR
  -------         ENDMOD        ?C?ISTPTR

  -------         MODULE        ?C?LMUL
  C:122EH         PUBLIC        ?C?LMUL
  -------         ENDMOD        ?C?LMUL

  -------         MODULE        ?C?SLDIV
  C:4EE6H         PUBLIC        ?C?SLDIV
  -------         ENDMOD        ?C?SLDIV

  -------         MODULE        ?C?LNEG
BL51 BANKED LINKER/LOCATER V6.22                                                      05/02/2019  17:20:54  PAGE 52


  C:127DH         PUBLIC        ?C?LNEG
  -------         ENDMOD        ?C?LNEG

  -------         MODULE        ?C?ULCMP
  C:128BH         PUBLIC        ?C?ULCMP
  -------         ENDMOD        ?C?ULCMP

  -------         MODULE        ?C?LSHL
  C:129CH         PUBLIC        ?C?LSHL
  -------         ENDMOD        ?C?LSHL

  -------         MODULE        ?C?LLDPTR
  C:12AFH         PUBLIC        ?C?LLDPTR
  -------         ENDMOD        ?C?LLDPTR

  -------         MODULE        ?C?LLDOPTR
  C:12CFH         PUBLIC        ?C?LLDOPTR
  -------         ENDMOD        ?C?LLDOPTR

  -------         MODULE        ?C?LSTPTR
  C:12FFH         PUBLIC        ?C?LSTPTR
  -------         ENDMOD        ?C?LSTPTR

  -------         MODULE        ?C?LSTOPTR
  C:1319H         PUBLIC        ?C?LSTOPTR
  -------         ENDMOD        ?C?LSTOPTR

  -------         MODULE        ?C?LLDXDATA
  C:133DH         PUBLIC        ?C?LLDXDATA
  -------         ENDMOD        ?C?LLDXDATA

  -------         MODULE        ?C?LLDCODE
  C:1349H         PUBLIC        ?C?LLDCODE
  -------         ENDMOD        ?C?LLDCODE

  -------         MODULE        ?C?LLDXDATA0
  C:1359H         PUBLIC        ?C?LLDXDATA0
  -------         ENDMOD        ?C?LLDXDATA0

  -------         MODULE        ?C?LLDCODE0
  C:1365H         PUBLIC        ?C?LLDCODE0
  -------         ENDMOD        ?C?LLDCODE0

  -------         MODULE        ?C?LLDPTR0
  C:1375H         PUBLIC        ?C?LLDPTR0
  -------         ENDMOD        ?C?LLDPTR0

  -------         MODULE        ?C?LSTXDATA
  C:1395H         PUBLIC        ?C?LSTXDATA
  -------         ENDMOD        ?C?LSTXDATA

  -------         MODULE        ?C?LSTKXDATA
  C:13A1H         PUBLIC        ?C?LSTKXDATA
  -------         ENDMOD        ?C?LSTKXDATA

  -------         MODULE        ?C?LSTKPTR
  C:13D2H         PUBLIC        ?C?LSTKPTR
BL51 BANKED LINKER/LOCATER V6.22                                                      05/02/2019  17:20:54  PAGE 53


  -------         ENDMOD        ?C?LSTKPTR

  -------         MODULE        ?C?OFFXADD
  C:13ECH         PUBLIC        ?C?OFFXADD
  -------         ENDMOD        ?C?OFFXADD

  -------         MODULE        ?C?ULDIV
  C:1434H         PUBLIC        ?C?ULDIV
  -------         ENDMOD        ?C?ULDIV

  -------         MODULE        ?C?LLDIDATA
  C:14C6H         PUBLIC        ?C?LLDIDATA
  -------         ENDMOD        ?C?LLDIDATA

  -------         MODULE        ?C?LLDPDATA
  C:14D2H         PUBLIC        ?C?LLDPDATA
  -------         ENDMOD        ?C?LLDPDATA

  -------         MODULE        ?C?LLDIDATA0
  C:14DEH         PUBLIC        ?C?LLDIDATA0
  -------         ENDMOD        ?C?LLDIDATA0

  -------         MODULE        ?C?LLDPDATA0
  C:14EBH         PUBLIC        ?C?LLDPDATA0
  -------         ENDMOD        ?C?LLDPDATA0

  -------         MODULE        ?C?LSTIDATA
  C:14F8H         PUBLIC        ?C?LSTIDATA
  -------         ENDMOD        ?C?LSTIDATA

  -------         MODULE        ?C?LSTPDATA
  C:1504H         PUBLIC        ?C?LSTPDATA
  -------         ENDMOD        ?C?LSTPDATA

  -------         MODULE        ?C?LSTKIDATA
  C:1510H         PUBLIC        ?C?LSTKIDATA
  -------         ENDMOD        ?C?LSTKIDATA

  -------         MODULE        ?C?LSTKPDATA
  C:1529H         PUBLIC        ?C?LSTKPDATA
  -------         ENDMOD        ?C?LSTKPDATA

*** WARNING L16: UNCALLED SEGMENT, IGNORED FOR OVERLAY PROCESS
    SEGMENT: ?PR?_DAY_OF_YEAR?PCF85063BTL

*** WARNING L16: UNCALLED SEGMENT, IGNORED FOR OVERLAY PROCESS
    SEGMENT: ?PR?WAIT?BIPOLARMOTOR

*** WARNING L16: UNCALLED SEGMENT, IGNORED FOR OVERLAY PROCESS
    SEGMENT: ?PR?NOP?IOEXPANDER_PI4IOE5V96248

*** WARNING L16: UNCALLED SEGMENT, IGNORED FOR OVERLAY PROCESS
    SEGMENT: ?PR?UC_ACK?IOEXPANDER_PI4IOE5V96248

*** WARNING L16: UNCALLED SEGMENT, IGNORED FOR OVERLAY PROCESS
    SEGMENT: ?PR?UC_NACK?IOEXPANDER_PI4IOE5V96248

BL51 BANKED LINKER/LOCATER V6.22                                                      05/02/2019  17:20:54  PAGE 54


*** WARNING L16: UNCALLED SEGMENT, IGNORED FOR OVERLAY PROCESS
    SEGMENT: ?PR?_AT25SF041_READ?AT25SF041

Program Size: data=9.5 xdata=1535 code=21268
LINK/LOCATE RUN COMPLETE.  6 WARNING(S),  0 ERROR(S)
