BL51 BANKED LINKER/LOCATER V6.22                                                        02/22/2019  11:50:06  PAGE 1


BL51 BANKED LINKER/LOCATER V6.22, INVOKED BY:
C:\KEIL_V5\C51\BIN\BL51.EXE .\Obj\main.obj, .\Obj\PCF85063BTL.obj, .\Obj\UART1.obj, .\Obj\LCd_Driver_SPLC780D.obj, .\Obj
>> \KeyPad.obj, .\Obj\BipolarMotor.obj, .\Obj\SunPos.obj, .\Obj\ADC.obj, .\Obj\Calibration.obj, .\Obj\IOExpander_PI4IOE5
>> V96248.obj, .\Obj\AT25SF041.obj, .\Obj\STARTUP.obj TO .\Obj\GPIO_RTC_Test PRINT (.\Lis\GPIO_RTC_Test.m51) RAMSIZE (25
>> 6)


MEMORY MODEL: LARGE WITH FLOATING POINT ARITHMETIC


INPUT MODULES INCLUDED:
  .\Obj\main.obj (MAIN)
  .\Obj\PCF85063BTL.obj (PCF85063BTL)
  .\Obj\UART1.obj (UART1)
  .\Obj\LCd_Driver_SPLC780D.obj (LCD_DRIVER_SPLC780D)
  .\Obj\KeyPad.obj (KEYPAD)
  .\Obj\BipolarMotor.obj (BIPOLARMOTOR)
  .\Obj\SunPos.obj (SUNPOS)
  .\Obj\ADC.obj (ADC)
  .\Obj\Calibration.obj (CALIBRATION)
  .\Obj\IOExpander_PI4IOE5V96248.obj (IOEXPANDER_PI4IOE5V96248)
  .\Obj\AT25SF041.obj (AT25SF041)
  .\Obj\STARTUP.obj (?C_STARTUP)
  C:\KEIL_V5\C51\LIB\C51FPL.LIB (?C?FPADD)
  C:\KEIL_V5\C51\LIB\C51FPL.LIB (?C?FPMUL)
  C:\KEIL_V5\C51\LIB\C51FPL.LIB (?C?FPDIV)
  C:\KEIL_V5\C51\LIB\C51FPL.LIB (?C?FPCMP)
  C:\KEIL_V5\C51\LIB\C51FPL.LIB (?C?FPNEG)
  C:\KEIL_V5\C51\LIB\C51FPL.LIB (?C?FCAST)
  C:\KEIL_V5\C51\LIB\C51FPL.LIB (?C?CASTF)
  C:\KEIL_V5\C51\LIB\C51FPL.LIB (ATAN2)
  C:\KEIL_V5\C51\LIB\C51FPL.LIB (SIN)
  C:\KEIL_V5\C51\LIB\C51FPL.LIB (ACOS)
  C:\KEIL_V5\C51\LIB\C51FPL.LIB (ASIN)
  C:\KEIL_V5\C51\LIB\C51FPL.LIB (?C?FPGETOPN)
  C:\KEIL_V5\C51\LIB\C51FPL.LIB (?C?FPSERIES)
  C:\KEIL_V5\C51\LIB\C51FPL.LIB (SQRT)
  C:\KEIL_V5\C51\LIB\C51FPL.LIB (ATAN)
  C:\KEIL_V5\C51\LIB\C51L.LIB (?C_INIT)
  C:\KEIL_V5\C51\LIB\C51L.LIB (?C?COPY)
  C:\KEIL_V5\C51\LIB\C51L.LIB (?C?CLDPTR)
  C:\KEIL_V5\C51\LIB\C51L.LIB (?C?CLDOPTR)
  C:\KEIL_V5\C51\LIB\C51L.LIB (?C?CSTPTR)
  C:\KEIL_V5\C51\LIB\C51L.LIB (?C?IMUL)
  C:\KEIL_V5\C51\LIB\C51L.LIB (?C?UIDIV)
  C:\KEIL_V5\C51\LIB\C51L.LIB (?C?SIDIV)
  C:\KEIL_V5\C51\LIB\C51L.LIB (?C?ILDIX)
  C:\KEIL_V5\C51\LIB\C51L.LIB (?C?ILDOPTR)
  C:\KEIL_V5\C51\LIB\C51L.LIB (?C?ISTPTR)
  C:\KEIL_V5\C51\LIB\C51L.LIB (?C?LMUL)
  C:\KEIL_V5\C51\LIB\C51L.LIB (?C?SLDIV)
  C:\KEIL_V5\C51\LIB\C51L.LIB (?C?LNEG)
  C:\KEIL_V5\C51\LIB\C51L.LIB (?C?ULCMP)
  C:\KEIL_V5\C51\LIB\C51L.LIB (?C?LSHL)
  C:\KEIL_V5\C51\LIB\C51L.LIB (?C?LLDPTR)
  C:\KEIL_V5\C51\LIB\C51L.LIB (?C?LLDOPTR)
  C:\KEIL_V5\C51\LIB\C51L.LIB (?C?LSTPTR)
  C:\KEIL_V5\C51\LIB\C51L.LIB (?C?LSTOPTR)
BL51 BANKED LINKER/LOCATER V6.22                                                      02/22/2019  11:50:06  PAGE 2


  C:\KEIL_V5\C51\LIB\C51L.LIB (?C?LLDXDATA)
  C:\KEIL_V5\C51\LIB\C51L.LIB (?C?LLDCODE)
  C:\KEIL_V5\C51\LIB\C51L.LIB (?C?LLDXDATA0)
  C:\KEIL_V5\C51\LIB\C51L.LIB (?C?LLDCODE0)
  C:\KEIL_V5\C51\LIB\C51L.LIB (?C?LLDPTR0)
  C:\KEIL_V5\C51\LIB\C51L.LIB (?C?LSTXDATA)
  C:\KEIL_V5\C51\LIB\C51L.LIB (?C?LSTKXDATA)
  C:\KEIL_V5\C51\LIB\C51L.LIB (?C?LSTKPTR)
  C:\KEIL_V5\C51\LIB\C51L.LIB (?C?OFFXADD)
  C:\KEIL_V5\C51\LIB\C51L.LIB (ABS)
  C:\KEIL_V5\C51\LIB\C51L.LIB (ATOI)
  C:\KEIL_V5\C51\LIB\C51L.LIB (?C?IILDX)
  C:\KEIL_V5\C51\LIB\C51L.LIB (?C?ULDIV)
  C:\KEIL_V5\C51\LIB\C51L.LIB (?C?LLDIDATA)
  C:\KEIL_V5\C51\LIB\C51L.LIB (?C?LLDPDATA)
  C:\KEIL_V5\C51\LIB\C51L.LIB (?C?LLDIDATA0)
  C:\KEIL_V5\C51\LIB\C51L.LIB (?C?LLDPDATA0)
  C:\KEIL_V5\C51\LIB\C51L.LIB (?C?LSTIDATA)
  C:\KEIL_V5\C51\LIB\C51L.LIB (?C?LSTPDATA)
  C:\KEIL_V5\C51\LIB\C51L.LIB (?C?LSTKIDATA)
  C:\KEIL_V5\C51\LIB\C51L.LIB (?C?LSTKPDATA)
  C:\KEIL_V5\C51\LIB\C51L.LIB (ISDIGIT)
  C:\KEIL_V5\C51\LIB\C51L.LIB (ISSPACE)


LINK MAP OF MODULE:  .\Obj\GPIO_RTC_Test (MAIN)


            TYPE    BASE      LENGTH    RELOCATION   SEGMENT NAME
            -----------------------------------------------------

            * * * * * * *   D A T A   M E M O R Y   * * * * * * *
            REG     0000H     0008H     ABSOLUTE     "REG BANK 0"
                    0008H     0018H                  *** GAP ***
            BIT     0020H.0   0000H.5   UNIT         ?BI?KEYPAD
            BIT     0020H.5   0000H.3   UNIT         _BIT_GROUP_
            BIT     0021H.0   0000H.1   UNIT         ?BI?MAIN
            BIT     0021H.1   0000H.1   UNIT         ?BI?_ATOI?ATOI
                    0021H.2   0000H.6                *** GAP ***
            IDATA   0022H     0001H     UNIT         ?STACK

            * * * * * * *  X D A T A   M E M O R Y  * * * * * * *
            XDATA   0000H     038FH     UNIT         ?XD?BIPOLARMOTOR
            XDATA   038FH     0151H     UNIT         _XDATA_GROUP_
            XDATA   04E0H     00D4H     UNIT         ?XD?MAIN
            XDATA   05B4H     0040H     UNIT         ?XD?_FINDDET4X4?BIPOLARMOTOR
            XDATA   05F4H     0024H     UNIT         ?XD?_FINDDET3X3?BIPOLARMOTOR
            XDATA   0618H     0009H     UNIT         ?XD?KEYPAD
            XDATA   0621H     0008H     UNIT         ?XD?_AT25SF041_READ?AT25SF041
            XDATA   0629H     0005H     UNIT         ?XD?_ATOI?ATOI
            XDATA   062EH     0004H     UNIT         ?XD?_DISPLAY_PROX?MAIN
            XDATA   0632H     0003H     UNIT         ?XD?_SENDSTRING?UART1
            XDATA   0635H     0001H     UNIT         ?XD?UC_ACK?IOEXPANDER_PI4IOE5V96248
            XDATA   0636H     0001H     UNIT         ?XD?UC_NACK?IOEXPANDER_PI4IOE5V96248

            * * * * * * *   C O D E   M E M O R Y   * * * * * * *
            CODE    0000H     0003H     ABSOLUTE     
BL51 BANKED LINKER/LOCATER V6.22                                                      02/22/2019  11:50:06  PAGE 3


            CODE    0003H     0006H     UNIT         ?PR?_TEN?UART1
            CODE    0009H     0001H     UNIT         ?PR?TM0_ISR?MAIN
            CODE    000AH     0001H     UNIT         ?PR?_DECTOBCD?UART1
            CODE    000BH     0003H     ABSOLUTE     
            CODE    000EH     0B00H     UNIT         ?PR?_UPDATE_POSITION?BIPOLARMOTOR
            CODE    0B0EH     0A39H     UNIT         ?PR?MAIN?MAIN
            CODE    1547H     09B6H     UNIT         ?C?LIB_CODE
            CODE    1EFDH     07A2H     UNIT         ?PR?SUNPOS?SUNPOS
            CODE    269FH     03F2H     UNIT         ?C_INITSEG
            CODE    2A91H     0309H     UNIT         ?PR?_FIND_REAL_MAX?CALIBRATION
            CODE    2D9AH     02C0H     UNIT         ?PR?_FINDDET4X4?BIPOLARMOTOR
            CODE    305AH     02A0H     UNIT         ?PR?KEY_PROCESS?KEYPAD
            CODE    32FAH     01D1H     UNIT         ?PR?_FINDDET3X3?BIPOLARMOTOR
            CODE    34CBH     018DH     UNIT         ?PR?KEY_SCAN?KEYPAD
            CODE    3658H     0188H     UNIT         ?PR?SIN?SIN
            CODE    37E0H     0172H     UNIT         ?PR?_DISPLAY_POS?MAIN
            CODE    3952H     013CH     UNIT         ?PR?_CALIBRATION?CALIBRATION
            CODE    3A8EH     0122H     UNIT         ?PR?ATAN?ATAN
            CODE    3BB0H     0106H     UNIT         ?PR?_AT25SF041_READ?AT25SF041
            CODE    3CB6H     00FEH     UNIT         ?PR?SPI_NOR_WRITE_DATA?AT25SF041
            CODE    3DB4H     00FBH     UNIT         ?PR?_AT25SF041_WRITE?AT25SF041
            CODE    3EAFH     00DBH     UNIT         ?PR?_ATOI?ATOI
            CODE    3F8AH     00C3H     UNIT         ?PR?LINEAR_INTERPOLATE?BIPOLARMOTOR
            CODE    404DH     00BBH     UNIT         ?PR?VOLTAGE_IS_STABLE?CALIBRATION
            CODE    4108H     00ADH     UNIT         ?PR?_WRITE_PI4IOE5V96248?IOEXPANDER_PI4IOE5V96248
            CODE    41B5H     00ACH     UNIT         ?PR?SQRT?SQRT
            CODE    4261H     00A1H     UNIT         ?PR?READ_STATUS_REGISTER_BYTE1?AT25SF041
            CODE    4302H     009DH     UNIT         ?PR?_ATAN2?ATAN2
            CODE    439FH     009CH     UNIT         ?PR?_MAX_VALUE?CALIBRATION
            CODE    443BH     0095H     UNIT         ?PR?_DISPLAY_PROX?MAIN
            CODE    44D0H     008CH     UNIT         ?C_C51STARTUP
            CODE    455CH     0084H     UNIT         ?PR?_DAY_OF_YEAR?PCF85063BTL
            CODE    45E0H     0075H     UNIT         ?PR?_WRITEDATA?LCD_DRIVER_SPLC780D
            CODE    4655H     006FH     UNIT         ?PR?_READ_TIME?PCF85063BTL
            CODE    46C4H     005AH     UNIT         ?PR?AT25SF041_CHIPERASE?AT25SF041
            CODE    471EH     0059H     UNIT         ?PR?LCD_INIT?LCD_DRIVER_SPLC780D
            CODE    4777H     0050H     UNIT         ?PR?AT25SF041_WRITEENABLE?AT25SF041
            CODE    47C7H     004AH     UNIT         ?PR?VONESTEPMOVE?BIPOLARMOTOR
            CODE    4811H     004AH     UNIT         ?PR?ACOS?ACOS
            CODE    485BH     0044H     UNIT         ?C?LDIV
            CODE    489FH     0040H     UNIT         ?PR?_COMMAND?LCD_DRIVER_SPLC780D
            CODE    48DFH     0040H     UNIT         ?PR?_STEP_MOVE?BIPOLARMOTOR
            CODE    491FH     003BH     UNIT         ?PR?ASIN?ASIN
            CODE    495AH     0033H     UNIT         ?PR?_SENDSTRING?UART1
            CODE    498DH     002CH     UNIT         ?PR?_ADC_GETRESULT?ADC
            CODE    49B9H     002BH     UNIT         ?PR?_WAIT_MS_I2C?IOEXPANDER_PI4IOE5V96248
            CODE    49E4H     002BH     UNIT         ?PR?_WAIT_MS_SPINOR?AT25SF041
            CODE    4A0FH     0028H     UNIT         ?PR?_MOVE?BIPOLARMOTOR
            CODE    4A37H     0027H     UNIT         ?PR?_I2C_SENDBYTE?IOEXPANDER_PI4IOE5V96248
            CODE    4A5EH     0024H     UNIT         ?PR?_WAIT_MS?LCD_DRIVER_SPLC780D
            CODE    4A82H     0020H     UNIT         ?PR?_SPI_SENDBYTE?PCF85063BTL
            CODE    4AA2H     0020H     UNIT         ?PR?SPI_RECEIVEBYTE?PCF85063BTL
            CODE    4AC2H     001FH     UNIT         ?PR?ADC_INIT?ADC
            CODE    4AE1H     001EH     UNIT         ?PR?_DELAY_MS?KEYPAD
            CODE    4AFFH     001DH     UNIT         ?PR?_DISPLAYLCD?LCD_DRIVER_SPLC780D
            CODE    4B1CH     001BH     UNIT         ?PR?_BCDTODEC1?BIPOLARMOTOR
            CODE    4B37H     0018H     UNIT         ?PR?_SPI_WRITETIME?PCF85063BTL
BL51 BANKED LINKER/LOCATER V6.22                                                      02/22/2019  11:50:06  PAGE 4


            CODE    4B4FH     0017H     UNIT         ?PR?_ASCIITOBCD?UART1
            CODE    4B66H     0016H     UNIT         ?PR?I2C_ACK?IOEXPANDER_PI4IOE5V96248
            CODE    4B7CH     0015H     UNIT         ?PR?_DISPLAY_LINE?LCD_DRIVER_SPLC780D
            CODE    4B91H     0015H     UNIT         ?PR?I2C_STOP?IOEXPANDER_PI4IOE5V96248
            CODE    4BA6H     0014H     UNIT         ?PR?_PCF85063BTL_DELAY?PCF85063BTL
            CODE    4BBAH     0014H     UNIT         ?PR?_ISSPACE?ISSPACE
            CODE    4BCEH     0011H     UNIT         ?PR?_SPI_READTIME?PCF85063BTL
            CODE    4BDFH     0011H     UNIT         ?PR?_BCDTODEC?PCF85063BTL
            CODE    4BF0H     0011H     UNIT         ?PR?INITUART1?UART1
            CODE    4C01H     000FH     UNIT         ?PR?I2C_START?IOEXPANDER_PI4IOE5V96248
            CODE    4C10H     000FH     UNIT         ?PR?UC_NACK?IOEXPANDER_PI4IOE5V96248
            CODE    4C1FH     000FH     UNIT         ?PR?_ISDIGIT?ISDIGIT
            CODE    4C2EH     000DH     UNIT         ?PR?SPI_INIT?PCF85063BTL
            CODE    4C3BH     000CH     UNIT         ?PR?KEYPAD_IO_INIT?KEYPAD
            CODE    4C47H     000CH     UNIT         ?PR?_ABS?ABS
            CODE    4C53H     000AH     UNIT         ?PR?LCD_RETURN_HOME?LCD_DRIVER_SPLC780D
            CODE    4C5DH     000AH     UNIT         ?PR?LCD_CLEAR?LCD_DRIVER_SPLC780D
            CODE    4C67H     0006H     UNIT         ?PR?UC_ACK?IOEXPANDER_PI4IOE5V96248
            CODE    4C6DH     0005H     UNIT         ?PR?_UNIT?UART1
            CODE    4C72H     0005H     UNIT         ?PR?_ASCII_LETTER?UART1
            CODE    4C77H     0001H     UNIT         ?PR?WAIT?BIPOLARMOTOR
            CODE    4C78H     0001H     UNIT         ?PR?NOP?IOEXPANDER_PI4IOE5V96248



OVERLAY MAP OF MODULE:   .\Obj\GPIO_RTC_Test (MAIN)


SEGMENT                                             BIT_GROUP          XDATA_GROUP
  +--> CALLED SEGMENT                            START    LENGTH     START    LENGTH
------------------------------------------------------------------------------------
?C_C51STARTUP                                    -----    -----      -----    -----
  +--> ?PR?MAIN?MAIN
  +--> ?C_INITSEG

?PR?MAIN?MAIN                                    -----    -----      038FH    0030H
  +--> ?PR?LCD_INIT?LCD_DRIVER_SPLC780D
  +--> ?PR?SPI_INIT?PCF85063BTL
  +--> ?PR?KEYPAD_IO_INIT?KEYPAD
  +--> ?PR?ADC_INIT?ADC
  +--> ?PR?_SPI_WRITETIME?PCF85063BTL
  +--> ?PR?_DELAY_MS?KEYPAD
  +--> ?PR?_DISPLAY_LINE?LCD_DRIVER_SPLC780D
  +--> ?PR?_WRITEDATA?LCD_DRIVER_SPLC780D
  +--> ?PR?KEY_PROCESS?KEYPAD
  +--> ?PR?_COMMAND?LCD_DRIVER_SPLC780D
  +--> ?PR?_DISPLAY_POS?MAIN
  +--> ?PR?_DISPLAYLCD?LCD_DRIVER_SPLC780D
  +--> ?PR?_STEP_MOVE?BIPOLARMOTOR
  +--> ?PR?LCD_RETURN_HOME?LCD_DRIVER_SPLC780D
  +--> ?PR?_READ_TIME?PCF85063BTL
  +--> ?PR?_ADC_GETRESULT?ADC
  +--> ?PR?_BCDTODEC1?BIPOLARMOTOR
  +--> ?PR?_CALIBRATION?CALIBRATION
  +--> ?PR?_WAIT_MS_SPINOR?AT25SF041
  +--> ?PR?SPI_NOR_WRITE_DATA?AT25SF041
  +--> ?PR?LINEAR_INTERPOLATE?BIPOLARMOTOR
BL51 BANKED LINKER/LOCATER V6.22                                                      02/22/2019  11:50:06  PAGE 5


  +--> ?PR?_UPDATE_POSITION?BIPOLARMOTOR

?PR?LCD_INIT?LCD_DRIVER_SPLC780D                 -----    -----      -----    -----
  +--> ?PR?_WAIT_MS?LCD_DRIVER_SPLC780D
  +--> ?PR?_COMMAND?LCD_DRIVER_SPLC780D

?PR?_COMMAND?LCD_DRIVER_SPLC780D                 -----    -----      -----    -----
  +--> ?PR?_WAIT_MS?LCD_DRIVER_SPLC780D

?PR?ADC_INIT?ADC                                 -----    -----      -----    -----
  +--> ?PR?_WAIT_MS?LCD_DRIVER_SPLC780D

?PR?_SPI_WRITETIME?PCF85063BTL                   -----    -----      -----    -----
  +--> ?PR?_SPI_SENDBYTE?PCF85063BTL

?PR?_SPI_SENDBYTE?PCF85063BTL                    -----    -----      -----    -----
  +--> ?PR?_PCF85063BTL_DELAY?PCF85063BTL

?PR?_DISPLAY_LINE?LCD_DRIVER_SPLC780D            -----    -----      -----    -----
  +--> ?PR?_COMMAND?LCD_DRIVER_SPLC780D

?PR?_WRITEDATA?LCD_DRIVER_SPLC780D               -----    -----      046CH    0001H
  +--> ?PR?_WAIT_MS?LCD_DRIVER_SPLC780D

?PR?KEY_PROCESS?KEYPAD                           -----    -----      03BFH    0006H
  +--> ?PR?KEY_SCAN?KEYPAD
  +--> ?PR?_SPI_WRITETIME?PCF85063BTL
  +--> ?PR?LCD_CLEAR?LCD_DRIVER_SPLC780D
  +--> ?PR?_COMMAND?LCD_DRIVER_SPLC780D
  +--> ?PR?_WRITEDATA?LCD_DRIVER_SPLC780D

?PR?KEY_SCAN?KEYPAD                              -----    -----      03C5H    0003H

?PR?LCD_CLEAR?LCD_DRIVER_SPLC780D                -----    -----      -----    -----
  +--> ?PR?_COMMAND?LCD_DRIVER_SPLC780D

?PR?_DISPLAY_POS?MAIN                            -----    -----      0462H    000AH
  +--> ?PR?_ABS?ABS
  +--> ?PR?_WRITEDATA?LCD_DRIVER_SPLC780D

?PR?_DISPLAYLCD?LCD_DRIVER_SPLC780D              -----    -----      03BFH    0001H
  +--> ?PR?_WRITEDATA?LCD_DRIVER_SPLC780D

?PR?_STEP_MOVE?BIPOLARMOTOR                      0020H.6  0000H.1    047BH    0004H
  +--> ?PR?VONESTEPMOVE?BIPOLARMOTOR

?PR?VONESTEPMOVE?BIPOLARMOTOR                    0020H.7  0000H.1    -----    -----
  +--> ?PR?_WRITE_PI4IOE5V96248?IOEXPANDER_P...
  +--> ?PR?_DELAY_MS?KEYPAD

?PR?_WRITE_PI4IOE5V96248?IOEXPANDER_P...         -----    -----      047FH    0003H
  +--> ?PR?I2C_START?IOEXPANDER_PI4IOE5V96248
  +--> ?PR?_WAIT_MS_I2C?IOEXPANDER_PI4IOE5V9...
  +--> ?PR?_I2C_SENDBYTE?IOEXPANDER_PI4IOE5V...
  +--> ?PR?I2C_ACK?IOEXPANDER_PI4IOE5V96248
  +--> ?PR?I2C_STOP?IOEXPANDER_PI4IOE5V96248

BL51 BANKED LINKER/LOCATER V6.22                                                      02/22/2019  11:50:06  PAGE 6


?PR?I2C_START?IOEXPANDER_PI4IOE5V96248           -----    -----      -----    -----
  +--> ?PR?_WAIT_MS_I2C?IOEXPANDER_PI4IOE5V9...

?PR?_I2C_SENDBYTE?IOEXPANDER_PI4IOE5V...         -----    -----      -----    -----
  +--> ?PR?_WAIT_MS_I2C?IOEXPANDER_PI4IOE5V9...

?PR?I2C_ACK?IOEXPANDER_PI4IOE5V96248             -----    -----      0482H    0001H
  +--> ?PR?_WAIT_MS_I2C?IOEXPANDER_PI4IOE5V9...

?PR?I2C_STOP?IOEXPANDER_PI4IOE5V96248            -----    -----      -----    -----
  +--> ?PR?_WAIT_MS_I2C?IOEXPANDER_PI4IOE5V9...

?PR?LCD_RETURN_HOME?LCD_DRIVER_SPLC780D          -----    -----      -----    -----
  +--> ?PR?_COMMAND?LCD_DRIVER_SPLC780D

?PR?_READ_TIME?PCF85063BTL                       -----    -----      03BFH    000FH
  +--> ?PR?_SPI_READTIME?PCF85063BTL

?PR?_SPI_READTIME?PCF85063BTL                    -----    -----      -----    -----
  +--> ?PR?_SPI_SENDBYTE?PCF85063BTL
  +--> ?PR?SPI_RECEIVEBYTE?PCF85063BTL

?PR?SPI_RECEIVEBYTE?PCF85063BTL                  -----    -----      -----    -----
  +--> ?PR?_PCF85063BTL_DELAY?PCF85063BTL

?PR?_CALIBRATION?CALIBRATION                     -----    -----      03BFH    0019H
  +--> ?PR?VOLTAGE_IS_STABLE?CALIBRATION
  +--> ?PR?_UPDATE_POSITION?BIPOLARMOTOR
  +--> ?PR?_FIND_REAL_MAX?CALIBRATION

?PR?VOLTAGE_IS_STABLE?CALIBRATION                -----    -----      03D8H    0018H
  +--> ?PR?_ADC_GETRESULT?ADC
  +--> ?PR?_ABS?ABS

?PR?_UPDATE_POSITION?BIPOLARMOTOR                -----    -----      03D8H    009FH
  +--> ?PR?_BCDTODEC1?BIPOLARMOTOR
  +--> ?PR?SUNPOS?SUNPOS
  +--> ?PR?SIN?SIN
  +--> ?PR?ASIN?ASIN
  +--> ?PR?LINEAR_INTERPOLATE?BIPOLARMOTOR
  +--> ?PR?_ABS?ABS
  +--> ?PR?_MOVE?BIPOLARMOTOR

?PR?SUNPOS?SUNPOS                                -----    -----      0477H    005DH
  +--> ?PR?SIN?SIN
  +--> ?PR?_ATAN2?ATAN2
  +--> ?PR?ASIN?ASIN
  +--> ?PR?ACOS?ACOS

?PR?SIN?SIN                                      0020H.5  0000H.1    04D4H    0004H

?PR?_ATAN2?ATAN2                                 -----    -----      04D4H    0008H
  +--> ?PR?ATAN?ATAN

?PR?ATAN?ATAN                                    0020H.5  0000H.2    04DCH    0004H

?PR?ASIN?ASIN                                    -----    -----      -----    -----
BL51 BANKED LINKER/LOCATER V6.22                                                      02/22/2019  11:50:06  PAGE 7


  +--> ?PR?SQRT?SQRT
  +--> ?PR?ATAN?ATAN

?PR?SQRT?SQRT                                    -----    -----      04D4H    0004H

?PR?ACOS?ACOS                                    -----    -----      -----    -----
  +--> ?PR?SQRT?SQRT
  +--> ?PR?ATAN?ATAN

?PR?LINEAR_INTERPOLATE?BIPOLARMOTOR              -----    -----      0477H    0014H

?PR?_MOVE?BIPOLARMOTOR                           0020H.5  0000H.1    0477H    0004H
  +--> ?PR?_STEP_MOVE?BIPOLARMOTOR

?PR?_FIND_REAL_MAX?CALIBRATION                   -----    -----      03D8H    008AH
  +--> ?PR?_ADC_GETRESULT?ADC
  +--> ?PR?_MOVE?BIPOLARMOTOR
  +--> ?PR?_COMMAND?LCD_DRIVER_SPLC780D
  +--> ?PR?_WRITEDATA?LCD_DRIVER_SPLC780D
  +--> ?PR?_DISPLAY_POS?MAIN
  +--> ?PR?_WAIT_MS?LCD_DRIVER_SPLC780D
  +--> ?PR?_MAX_VALUE?CALIBRATION

?PR?_MAX_VALUE?CALIBRATION                       -----    -----      0462H    0004H

?PR?SPI_NOR_WRITE_DATA?AT25SF041                 -----    -----      03BFH    000EH
  +--> ?PR?AT25SF041_WRITEENABLE?AT25SF041
  +--> ?PR?AT25SF041_CHIPERASE?AT25SF041
  +--> ?PR?_WAIT_MS_SPINOR?AT25SF041
  +--> ?PR?_AT25SF041_WRITE?AT25SF041

?PR?AT25SF041_WRITEENABLE?AT25SF041              -----    -----      03CDH    0002H
  +--> ?PR?_WAIT_MS_SPINOR?AT25SF041

?PR?AT25SF041_CHIPERASE?AT25SF041                -----    -----      03CDH    0002H
  +--> ?PR?_WAIT_MS_SPINOR?AT25SF041
  +--> ?PR?READ_STATUS_REGISTER_BYTE1?AT25SF041

?PR?READ_STATUS_REGISTER_BYTE1?AT25SF041         -----    -----      03CFH    0003H
  +--> ?PR?_WAIT_MS_SPINOR?AT25SF041

?PR?_AT25SF041_WRITE?AT25SF041                   -----    -----      03CDH    0008H
  +--> ?PR?_WAIT_MS_SPINOR?AT25SF041



UNRESOLVED EXTERNAL SYMBOLS:
   AUTO_MODE
   _SENDUART1



SYMBOL TABLE OF MODULE:  .\Obj\GPIO_RTC_Test (MAIN)

  VALUE           TYPE          NAME
  ----------------------------------

BL51 BANKED LINKER/LOCATER V6.22                                                      02/22/2019  11:50:06  PAGE 8


  -------         MODULE        MAIN
  C:0000H         SYMBOL        _ICE_DUMMY_
  X:04E8H         PUBLIC        calib_value
  D:0080H         PUBLIC        P0
  D:00B2H         PUBLIC        P3M0
  D:0090H         PUBLIC        P1
  D:00B1H         PUBLIC        P3M1
  D:00A0H         PUBLIC        P2
  D:00B0H         PUBLIC        P3
  D:00C0H         PUBLIC        P4
  D:00C8H         PUBLIC        P5
  X:053CH         SYMBOL        PressedKey
  B:00A8H.7       PUBLIC        EA
  D:00E8H         PUBLIC        P6
  X:0540H         PUBLIC        calib_stamp
  D:00F8H         PUBLIC        P7
  X:0541H         PUBLIC        RX_Data_Uart_Cnt
  D:00A8H         PUBLIC        IE
  X:0543H         PUBLIC        calib_time
  D:00B8H         PUBLIC        IP
  X:0597H         PUBLIC        months
  D:00D8H         PUBLIC        CCON
  C:0B0EH         PUBLIC        main
  X:0598H         PUBLIC        count
  X:059AH         PUBLIC        days
  X:059BH         PUBLIC        hours
  D:0098H         PUBLIC        SCON
  D:0089H         PUBLIC        TMOD
  D:0088H         PUBLIC        TCON
  B:00A0H.3       PUBLIC        P23
  X:059CH         SYMBOL        KeyCount
  X:059EH         PUBLIC        mins
  X:059FH         PUBLIC        Rec_data_hour
  B:00C8H.5       PUBLIC        P55
  X:05A2H         PUBLIC        Rec_data_min
  D:008EH         PUBLIC        AUXR
  C:0009H         PUBLIC        tm0_isr
  B:0021H.0       PUBLIC        busy
  B:00A8H.1       PUBLIC        ET0
  D:008CH         PUBLIC        TH0
  X:05A5H         PUBLIC        hour_count
  D:008AH         PUBLIC        TL0
  X:05A6H         PUBLIC        min_count
  B:0088H.4       PUBLIC        TR0
  X:05A7H         SYMBOL        KeyNum
  X:05A8H         SYMBOL        KeyNum_Old
  X:05A9H         PUBLIC        current_position
  X:05ADH         PUBLIC        hours1
  X:05AEH         PUBLIC        hours2
  C:443BH         PUBLIC        _Display_Prox
  X:05AFH         PUBLIC        mins1
  X:05B0H         PUBLIC        mins2
  C:37E0H         PUBLIC        _Display_Pos
  X:05B1H         PUBLIC        seconds
  X:05B2H         PUBLIC        st_time
  D:00D0H         PUBLIC        PSW
  -------         PROC          TM0_ISR
BL51 BANKED LINKER/LOCATER V6.22                                                      02/22/2019  11:50:06  PAGE 9


  C:0009H         LINE#         85
  C:0009H         LINE#         87
  -------         ENDPROC       TM0_ISR
  -------         PROC          MAIN
  -------         DO            
  X:038FH         SYMBOL        sunlight_ADC
  X:04E0H         SYMBOL        KeyCount
  X:04E2H         SYMBOL        KeyNum_Old
  X:04E3H         SYMBOL        KeyNum
  X:04E4H         SYMBOL        PressedKey
  X:0391H         SYMBOL        prox_flag
  X:0392H         SYMBOL        iUse_prevday_calib_value
  X:0394H         SYMBOL        max_ADC_Val
  X:0396H         SYMBOL        max_ADC_Val_JP
  X:0398H         SYMBOL        calib_point1
  X:03A0H         SYMBOL        calib_point2
  X:03A8H         SYMBOL        dat_to_store
  X:03B3H         SYMBOL        calib_day
  X:03B5H         SYMBOL        calib_count
  X:03B7H         SYMBOL        theorical_JP_max_pos
  X:03BBH         SYMBOL        SPI_NOR_INTERNAL_FLASH_ADDR
  -------         ENDDO         
  C:0B0EH         LINE#         89
  C:0B0EH         LINE#         90
  C:0B0EH         LINE#         95
  C:0B14H         LINE#         96
  C:0B21H         LINE#         100
  C:0B27H         LINE#         101
  C:0B31H         LINE#         102
  C:0B3BH         LINE#         106
  C:0B3DH         LINE#         107
  C:0B3FH         LINE#         108
  C:0B41H         LINE#         109
  C:0B43H         LINE#         111
  C:0B4AH         LINE#         120
  C:0B4CH         LINE#         121
  C:0B4FH         LINE#         122
  C:0B52H         LINE#         123
  C:0B55H         LINE#         124
  C:0B58H         LINE#         125
  C:0B5BH         LINE#         128
  C:0B5EH         LINE#         130
  C:0B61H         LINE#         131
  C:0B64H         LINE#         132
  C:0B67H         LINE#         133
  C:0B69H         LINE#         134
  C:0B6BH         LINE#         135
  C:0B6DH         LINE#         137
  C:0B6FH         LINE#         138
  C:0B76H         LINE#         139
  C:0B7DH         LINE#         140
  C:0B84H         LINE#         141
  C:0B8BH         LINE#         145
  C:0B92H         LINE#         146
  C:0B97H         LINE#         147
  C:0B9CH         LINE#         148
  C:0BA1H         LINE#         149
BL51 BANKED LINKER/LOCATER V6.22                                                      02/22/2019  11:50:06  PAGE 10


  C:0BA6H         LINE#         150
  C:0BABH         LINE#         153
  C:0BC4H         LINE#         154
  C:0BC4H         LINE#         155
  C:0BE0H         LINE#         156
  C:0C27H         LINE#         157
  C:0C38H         LINE#         158
  C:0C38H         LINE#         159
  C:0C38H         LINE#         160
  C:0C3BH         LINE#         163
  C:0C3BH         LINE#         166
  C:0C40H         LINE#         167
  C:0C45H         LINE#         169
  C:0C4AH         LINE#         170
  C:0C4FH         LINE#         171
  C:0C54H         LINE#         172
  C:0C59H         LINE#         174
  C:0C6AH         LINE#         175
  C:0C6FH         LINE#         176
  C:0C74H         LINE#         178
  C:0C7BH         LINE#         179
  C:0C83H         LINE#         180
  C:0C88H         LINE#         181
  C:0C90H         LINE#         182
  C:0C95H         LINE#         183
  C:0C9FH         LINE#         184
  C:0CA4H         LINE#         185
  C:0CACH         LINE#         187
  C:0CB4H         LINE#         188
  C:0CB9H         LINE#         189
  C:0CC3H         LINE#         190
  C:0CC3H         LINE#         191
  C:0CC5H         LINE#         192
  C:0CC7H         LINE#         193
  C:0CD1H         LINE#         194
  C:0CD1H         LINE#         195
  C:0CD6H         LINE#         196
  C:0CD6H         LINE#         208
  C:0CE3H         LINE#         209
  C:0CE3H         LINE#         210
  C:0CEDH         LINE#         211
  C:0D04H         LINE#         212
  C:0D04H         LINE#         213
  C:0D06H         LINE#         214
  C:0D08H         LINE#         216
  C:0D08H         LINE#         217
  C:0D13H         LINE#         218
  C:0D13H         LINE#         219
  C:0D18H         LINE#         220
  C:0D18H         LINE#         221
  C:0D25H         LINE#         222
  C:0D25H         LINE#         225
  C:0D2FH         LINE#         226
  C:0D46H         LINE#         227
  C:0D46H         LINE#         228
  C:0D48H         LINE#         229
  C:0D4AH         LINE#         231
BL51 BANKED LINKER/LOCATER V6.22                                                      02/22/2019  11:50:06  PAGE 11


  C:0D4AH         LINE#         232
  C:0D55H         LINE#         233
  C:0D55H         LINE#         234
  C:0D5AH         LINE#         235
  C:0D5CH         LINE#         236
  C:0D5CH         LINE#         245
  C:0D7EH         LINE#         246
  C:0D7EH         LINE#         247
  C:0D88H         LINE#         248
  C:0D8EH         LINE#         249
  C:0D90H         LINE#         250
  C:0D92H         LINE#         251
  C:0D94H         LINE#         252
  C:0D94H         LINE#         253
  C:0D97H         LINE#         255
  C:0D97H         LINE#         256
  C:0D9DH         LINE#         257
  C:0DA5H         LINE#         258
  C:0DABH         LINE#         259
  C:0DB3H         LINE#         260
  C:0DEEH         LINE#         264
  C:0DFBH         LINE#         265
  C:0DFBH         LINE#         266
  C:0E08H         LINE#         267
  C:0E3BH         LINE#         268
  C:0E48H         LINE#         269
  C:0E48H         LINE#         271
  C:0E77H         LINE#         272
  C:0E77H         LINE#         273
  C:0E99H         LINE#         274
  C:0E99H         LINE#         275
  C:0F15H         LINE#         276
  C:0F93H         LINE#         280
  C:0F9BH         LINE#         281
  C:0FA3H         LINE#         282
  C:0FABH         LINE#         284
  C:0FB3H         LINE#         285
  C:0FBCH         LINE#         286
  C:0FD2H         LINE#         288
  C:0FFCH         LINE#         289
  C:0FFFH         LINE#         291
  C:1001H         LINE#         295
  C:1003H         LINE#         296
  C:1005H         LINE#         359
  C:100BH         LINE#         360
  C:100BH         LINE#         361
  C:100EH         LINE#         362
  C:101FH         LINE#         363
  C:101FH         LINE#         364
  C:101FH         LINE#         366
  C:101FH         LINE#         369
  C:1022H         LINE#         371
  C:1022H         LINE#         372
  C:1044H         LINE#         373
  C:1044H         LINE#         374
  C:10C0H         LINE#         375
  C:1115H         LINE#         376
BL51 BANKED LINKER/LOCATER V6.22                                                      02/22/2019  11:50:06  PAGE 12


  C:1115H         LINE#         377
  C:1115H         LINE#         378
  C:1118H         LINE#         382
  C:1118H         LINE#         385
  C:114CH         LINE#         386
  C:114CH         LINE#         387
  C:116EH         LINE#         388
  C:116EH         LINE#         389
  C:11EAH         LINE#         390
  C:1268H         LINE#         394
  C:1270H         LINE#         395
  C:1278H         LINE#         396
  C:1280H         LINE#         398
  C:1288H         LINE#         400
  C:129EH         LINE#         402
  C:12CEH         LINE#         406
  C:12E4H         LINE#         407
  C:1314H         LINE#         408
  C:1338H         LINE#         410
  C:133BH         LINE#         411
  C:134CH         LINE#         412
  C:134CH         LINE#         413
  C:1354H         LINE#         415
  C:1354H         LINE#         418
  C:1357H         LINE#         420
  C:1357H         LINE#         422
  C:1379H         LINE#         423
  C:1379H         LINE#         424
  C:13F5H         LINE#         426
  C:1422H         LINE#         427
  C:143DH         LINE#         428
  C:146AH         LINE#         429
  C:1485H         LINE#         431
  C:1521H         LINE#         434
  C:1521H         LINE#         435
  C:1521H         LINE#         436
  C:1521H         LINE#         438
  C:1521H         LINE#         441
  C:153DH         LINE#         442
  C:1542H         LINE#         444
  C:1544H         LINE#         445
  -------         ENDPROC       MAIN
  -------         PROC          _DISPLAY_PROX
  D:0002H         SYMBOL        dat
  -------         DO            
  X:062EH         SYMBOL        unit
  X:062FH         SYMBOL        ten
  X:0630H         SYMBOL        hundred
  X:0631H         SYMBOL        thousand
  -------         ENDDO         
  C:443BH         LINE#         529
  C:443FH         LINE#         530
  C:443FH         LINE#         532
  C:444BH         LINE#         533
  C:445BH         LINE#         534
  C:4477H         LINE#         535
  C:44A7H         LINE#         536
BL51 BANKED LINKER/LOCATER V6.22                                                      02/22/2019  11:50:06  PAGE 13


  C:44B1H         LINE#         537
  C:44BBH         LINE#         538
  C:44C5H         LINE#         539
  C:44CFH         LINE#         541
  -------         ENDPROC       _DISPLAY_PROX
  -------         PROC          _DISPLAY_POS
  X:0462H         SYMBOL        sign_dat
  -------         DO            
  X:0466H         SYMBOL        unit
  X:0467H         SYMBOL        ten
  X:0468H         SYMBOL        hundred
  D:0003H         SYMBOL        thousand
  X:0469H         SYMBOL        after_dot
  X:046AH         SYMBOL        dat
  -------         ENDDO         
  C:37E0H         LINE#         544
  C:37E6H         LINE#         545
  C:37E6H         LINE#         549
  C:3802H         LINE#         550
  C:381CH         LINE#         551
  C:3840H         LINE#         553
  C:388AH         LINE#         555
  C:38A1H         LINE#         556
  C:38AEH         LINE#         557
  C:38D0H         LINE#         558
  C:3905H         LINE#         559
  C:391DH         LINE#         560
  C:391DH         LINE#         562
  C:391DH         LINE#         563
  C:391DH         LINE#         564
  C:391DH         LINE#         565
  C:391DH         LINE#         566
  C:391DH         LINE#         570
  C:391FH         LINE#         572
  C:391FH         LINE#         574
  C:3924H         LINE#         575
  C:392EH         LINE#         576
  C:3938H         LINE#         577
  C:3942H         LINE#         578
  C:3947H         LINE#         579
  C:3951H         LINE#         583
  C:3951H         LINE#         585
  -------         ENDPROC       _DISPLAY_POS
  -------         ENDMOD        MAIN

  -------         MODULE        PCF85063BTL
  C:0000H         SYMBOL        _ICE_DUMMY_
  D:0096H         PUBLIC        P2M0
  D:0080H         PUBLIC        P0
  D:0095H         PUBLIC        P2M1
  D:0090H         PUBLIC        P1
  D:00A0H         PUBLIC        P2
  D:00B0H         PUBLIC        P3
  D:00C0H         PUBLIC        P4
  D:00C8H         PUBLIC        P5
  D:00E8H         PUBLIC        P6
  B:00A0H.1       PUBLIC        PCF85063BTL_SDI
BL51 BANKED LINKER/LOCATER V6.22                                                      02/22/2019  11:50:06  PAGE 14


  D:00F8H         PUBLIC        P7
  B:00A0H.2       PUBLIC        PCF85063BTL_SCK
  B:00A0H.1       PUBLIC        PCF85063BTL_SDO
  D:00A8H         PUBLIC        IE
  C:4655H         PUBLIC        _Read_time
  C:4BACH         PUBLIC        _PCF85063BTL_Delay
  D:00B8H         PUBLIC        IP
  D:00D8H         PUBLIC        CCON
  C:455CH         PUBLIC        _Day_Of_Year
  C:4AA2H         PUBLIC        SPI_ReceiveByte
  D:0098H         PUBLIC        SCON
  D:0088H         PUBLIC        TCON
  C:4BDFH         PUBLIC        _BCDtoDec
  B:00A0H.0       PUBLIC        PCF85063BTL_CS
  C:4BCEH         PUBLIC        _SPI_ReadTime
  C:4C2EH         PUBLIC        SPI_Init
  C:4B37H         PUBLIC        _SPI_WriteTime
  C:4A82H         PUBLIC        _SPI_SendByte
  D:00D0H         PUBLIC        PSW
  C:4BA8H         SYMBOL        L?0047
  -------         PROC          L?0046
  -------         ENDPROC       L?0046
  C:4BA8H         SYMBOL        L?0047
  -------         PROC          _PCF85063BTL_DELAY
  D:0006H         SYMBOL        us
  C:4BACH         LINE#         8
  C:4BACH         LINE#         9
  C:4BACH         LINE#         10
  C:4BB6H         LINE#         11
  C:4BB6H         LINE#         12
  C:4BB7H         LINE#         13
  C:4BB9H         LINE#         14
  -------         ENDPROC       _PCF85063BTL_DELAY
  -------         PROC          _SPI_SENDBYTE
  D:0005H         SYMBOL        dat
  -------         DO            
  D:0003H         SYMBOL        i
  -------         ENDDO         
  C:4A82H         LINE#         17
  C:4A84H         LINE#         18
  C:4A84H         LINE#         20
  C:4A86H         LINE#         21
  C:4A86H         LINE#         22
  C:4A88H         LINE#         23
  C:4A8CH         LINE#         24
  C:4A8CH         LINE#         25
  C:4A8EH         LINE#         26
  C:4A90H         LINE#         28
  C:4A90H         LINE#         29
  C:4A92H         LINE#         30
  C:4A92H         LINE#         31
  C:4A95H         LINE#         32
  C:4A95H         LINE#         33
  C:4A98H         LINE#         34
  C:4A9CH         LINE#         35
  C:4AA1H         LINE#         36
  -------         ENDPROC       _SPI_SENDBYTE
BL51 BANKED LINKER/LOCATER V6.22                                                      02/22/2019  11:50:06  PAGE 15


  -------         PROC          SPI_RECEIVEBYTE
  -------         DO            
  D:0003H         SYMBOL        i
  D:0005H         SYMBOL        dat
  -------         ENDDO         
  C:4AA2H         LINE#         39
  C:4AA2H         LINE#         40
  C:4AA2H         LINE#         42
  C:4AA4H         LINE#         44
  C:4AA6H         LINE#         45
  C:4AA7H         LINE#         46
  C:4AA7H         LINE#         47
  C:4AABH         LINE#         48
  C:4AADH         LINE#         49
  C:4AB0H         LINE#         51
  C:4AB3H         LINE#         52
  C:4AB3H         LINE#         53
  C:4AB7H         LINE#         54
  C:4AB7H         LINE#         55
  C:4AB7H         LINE#         56
  C:4ABAH         LINE#         57
  C:4ABFH         LINE#         58
  C:4AC1H         LINE#         59
  -------         ENDPROC       SPI_RECEIVEBYTE
  -------         PROC          _SPI_READTIME
  D:0007H         SYMBOL        addr
  -------         DO            
  D:0006H         SYMBOL        dat
  -------         ENDDO         
  C:4BCEH         LINE#         61
  C:4BCEH         LINE#         62
  C:4BCEH         LINE#         64
  C:4BD0H         LINE#         65
  C:4BD2H         LINE#         66
  C:4BD9H         LINE#         67
  C:4BDCH         LINE#         68
  C:4BDEH         LINE#         69
  C:4BDEH         LINE#         70
  -------         ENDPROC       _SPI_READTIME
  -------         PROC          _SPI_WRITETIME
  D:0002H         SYMBOL        val
  D:0005H         SYMBOL        addr
  C:4B37H         LINE#         71
  C:4B39H         LINE#         72
  C:4B39H         LINE#         74
  C:4B3BH         LINE#         75
  C:4B42H         LINE#         76
  C:4B47H         LINE#         77
  C:4B4CH         LINE#         78
  C:4B4EH         LINE#         79
  -------         ENDPROC       _SPI_WRITETIME
  -------         PROC          SPI_INIT
  C:4C2EH         LINE#         83
  C:4C2EH         LINE#         84
  C:4C2EH         LINE#         89
  C:4C31H         LINE#         90
  C:4C34H         LINE#         91
BL51 BANKED LINKER/LOCATER V6.22                                                      02/22/2019  11:50:06  PAGE 16


  C:4C36H         LINE#         92
  C:4C38H         LINE#         93
  C:4C3AH         LINE#         94
  -------         ENDPROC       SPI_INIT
  -------         PROC          _READ_TIME
  X:03BFH         SYMBOL        months
  X:03C2H         SYMBOL        days
  X:03C5H         SYMBOL        hours
  X:03C8H         SYMBOL        mins
  X:03CBH         SYMBOL        seconds
  C:4655H         LINE#         96
  C:4660H         LINE#         97
  C:4660H         LINE#         99
  C:4674H         LINE#         101
  C:4688H         LINE#         103
  C:469CH         LINE#         108
  C:46B0H         LINE#         113
  -------         ENDPROC       _READ_TIME
  -------         PROC          _BCDTODEC
  D:0007H         SYMBOL        bcd
  -------         DO            
  D:0006H         SYMBOL        hi
  D:0007H         SYMBOL        lo
  -------         ENDDO         
  C:4BDFH         LINE#         119
  C:4BDFH         LINE#         120
  C:4BDFH         LINE#         122
  C:4BE4H         LINE#         123
  C:4BE8H         LINE#         124
  C:4BEFH         LINE#         125
  -------         ENDPROC       _BCDTODEC
  -------         PROC          _DAY_OF_YEAR
  D:0007H         SYMBOL        months_bcd
  D:0005H         SYMBOL        days_bcd
  -------         DO            
  D:0004H         SYMBOL        months
  D:0007H         SYMBOL        days
  -------         ENDDO         
  C:455CH         LINE#         126
  C:455CH         LINE#         127
  C:455CH         LINE#         130
  C:4561H         LINE#         132
  C:4566H         LINE#         134
  C:459FH         LINE#         135
  C:459FH         LINE#         136
  C:459FH         LINE#         137
  C:45A2H         LINE#         138
  C:45A2H         LINE#         139
  C:45A2H         LINE#         140
  C:45A7H         LINE#         141
  C:45A7H         LINE#         142
  C:45A7H         LINE#         143
  C:45ACH         LINE#         144
  C:45ACH         LINE#         145
  C:45ACH         LINE#         146
  C:45B1H         LINE#         147
  C:45B1H         LINE#         148
BL51 BANKED LINKER/LOCATER V6.22                                                      02/22/2019  11:50:06  PAGE 17


  C:45B1H         LINE#         149
  C:45B6H         LINE#         150
  C:45B6H         LINE#         151
  C:45B6H         LINE#         152
  C:45BBH         LINE#         153
  C:45BBH         LINE#         154
  C:45BBH         LINE#         155
  C:45C0H         LINE#         156
  C:45C0H         LINE#         157
  C:45C0H         LINE#         158
  C:45C5H         LINE#         159
  C:45C5H         LINE#         160
  C:45C5H         LINE#         161
  C:45CDH         LINE#         162
  C:45CDH         LINE#         163
  C:45CDH         LINE#         164
  C:45D2H         LINE#         165
  C:45D2H         LINE#         166
  C:45D2H         LINE#         167
  C:45D7H         LINE#         168
  C:45D7H         LINE#         169
  C:45D7H         LINE#         170
  C:45DFH         LINE#         171
  C:45DFH         LINE#         172
  C:45DFH         LINE#         173
  -------         ENDPROC       _DAY_OF_YEAR
  -------         ENDMOD        PCF85063BTL

  -------         MODULE        UART1
  C:0000H         SYMBOL        _ICE_DUMMY_
  D:0080H         PUBLIC        P0
  D:0090H         PUBLIC        P1
  D:00A0H         PUBLIC        P2
  D:00B0H         PUBLIC        P3
  D:00C0H         PUBLIC        P4
  D:00C8H         PUBLIC        P5
  B:00A8H.7       PUBLIC        EA
  D:00E8H         PUBLIC        P6
  D:00F8H         PUBLIC        P7
  C:495AH         PUBLIC        _SendString
  D:00A8H         PUBLIC        IE
  B:00A8H.4       PUBLIC        ES
  D:00B8H         PUBLIC        IP
  C:4B4FH         PUBLIC        _ASCIItoBCD
  D:00D8H         PUBLIC        CCON
  C:4BF0H         PUBLIC        initUART1
  D:0098H         PUBLIC        SCON
  D:0088H         PUBLIC        TCON
  C:000AH         PUBLIC        _DectoBCD
  C:4C72H         PUBLIC        _ASCII_Letter
  D:008EH         PUBLIC        AUXR
  C:4C6DH         PUBLIC        _unit
  C:0003H         PUBLIC        _ten
  D:00D6H         PUBLIC        T2H
  D:00D7H         PUBLIC        T2L
  D:00D0H         PUBLIC        PSW
  -------         PROC          INITUART1
BL51 BANKED LINKER/LOCATER V6.22                                                      02/22/2019  11:50:06  PAGE 18


  C:4BF0H         LINE#         21
  C:4BF0H         LINE#         22
  C:4BF0H         LINE#         23
  C:4BF3H         LINE#         24
  C:4BF6H         LINE#         25
  C:4BF9H         LINE#         26
  C:4BFCH         LINE#         27
  C:4BFEH         LINE#         28
  C:4C00H         LINE#         30
  -------         ENDPROC       INITUART1
  -------         PROC          _SENDSTRING
  X:0632H         SYMBOL        s
  C:495AH         LINE#         35
  C:4965H         LINE#         36
  C:4965H         LINE#         37
  C:4975H         LINE#         38
  C:4975H         LINE#         39
  C:498AH         LINE#         40
  C:498CH         LINE#         41
  -------         ENDPROC       _SENDSTRING
  -------         PROC          _TEN
  D:0007H         SYMBOL        BCD
  C:0003H         LINE#         43
  C:0003H         LINE#         44
  C:0003H         LINE#         45
  C:0008H         LINE#         46
  -------         ENDPROC       _TEN
  -------         PROC          _UNIT
  D:0007H         SYMBOL        BCD
  C:4C6DH         LINE#         47
  C:4C6DH         LINE#         48
  C:4C6DH         LINE#         52
  C:4C71H         LINE#         53
  -------         ENDPROC       _UNIT
  -------         PROC          _DECTOBCD
  D:0007H         SYMBOL        dec
  C:000AH         LINE#         54
  C:000AH         LINE#         55
  C:000AH         LINE#         57
  C:000AH         LINE#         58
  -------         ENDPROC       _DECTOBCD
  -------         PROC          _ASCII_LETTER
  D:0007H         SYMBOL        dat
  C:4C72H         LINE#         60
  C:4C72H         LINE#         61
  C:4C72H         LINE#         63
  C:4C76H         LINE#         64
  -------         ENDPROC       _ASCII_LETTER
  -------         PROC          _ASCIITOBCD
  D:0001H         SYMBOL        ascii
  -------         DO            
  D:0007H         SYMBOL        dec_val
  D:0006H         SYMBOL        ten
  D:0007H         SYMBOL        unit
  -------         ENDDO         
  C:4B4FH         LINE#         66
  C:4B4FH         LINE#         67
BL51 BANKED LINKER/LOCATER V6.22                                                      02/22/2019  11:50:06  PAGE 19


  C:4B4FH         LINE#         69
  C:4B52H         LINE#         70
  C:4B58H         LINE#         71
  C:4B5FH         LINE#         72
  C:4B65H         LINE#         74
  -------         ENDPROC       _ASCIITOBCD
  -------         ENDMOD        UART1

  -------         MODULE        LCD_DRIVER_SPLC780D
  C:0000H         SYMBOL        _ICE_DUMMY_
  D:0092H         PUBLIC        P1M0
  D:0091H         PUBLIC        P1M1
  D:0080H         PUBLIC        P0
  D:0090H         PUBLIC        P1
  D:00A0H         PUBLIC        P2
  D:00B0H         PUBLIC        P3
  D:00C0H         PUBLIC        P4
  D:00C8H         PUBLIC        P5
  D:00E8H         PUBLIC        P6
  D:00F8H         PUBLIC        P7
  C:45E0H         PUBLIC        _WriteData
  D:00A8H         PUBLIC        IE
  D:00B8H         PUBLIC        IP
  D:00D8H         PUBLIC        CCON
  B:00B0H.4       PUBLIC        LCD_D4
  B:00B0H.5       PUBLIC        LCD_D5
  B:00B0H.6       PUBLIC        LCD_D6
  C:4AFFH         PUBLIC        _DisplayLCD
  B:00B0H.7       PUBLIC        LCD_D7
  D:0098H         PUBLIC        SCON
  D:0088H         PUBLIC        TCON
  C:4C5DH         PUBLIC        LCD_clear
  C:489FH         PUBLIC        _Command
  C:4B7CH         PUBLIC        _Display_Line
  C:471EH         PUBLIC        LCD_Init
  C:4A64H         PUBLIC        _Wait_ms
  B:00C0H.0       PUBLIC        LCD_RS
  B:00B0H.2       PUBLIC        LCD_RW
  C:4C53H         PUBLIC        LCD_return_home
  B:00B0H.3       PUBLIC        LCD_E
  D:00D0H         PUBLIC        PSW
  -------         PROC          LCD_INIT
  C:471EH         LINE#         9
  C:471EH         LINE#         10
  C:471EH         LINE#         11
  C:4721H         LINE#         12
  C:4724H         LINE#         14
  C:472AH         LINE#         15
  C:472FH         LINE#         17
  C:4736H         LINE#         18
  C:473BH         LINE#         20
  C:473EH         LINE#         21
  C:4743H         LINE#         23
  C:4746H         LINE#         24
  C:474BH         LINE#         26
  C:4752H         LINE#         29
  C:4757H         LINE#         30
BL51 BANKED LINKER/LOCATER V6.22                                                      02/22/2019  11:50:06  PAGE 20


  C:475CH         LINE#         32
  C:4761H         LINE#         33
  C:4766H         LINE#         35
  C:476BH         LINE#         36
  C:4770H         LINE#         37
  -------         ENDPROC       LCD_INIT
  -------         PROC          _WRITEDATA
  X:046CH         SYMBOL        dat
  C:45E0H         LINE#         40
  C:45E5H         LINE#         41
  C:45E5H         LINE#         46
  C:45E7H         LINE#         47
  C:45E9H         LINE#         49
  C:45F7H         LINE#         50
  C:4603H         LINE#         51
  C:460FH         LINE#         52
  C:4619H         LINE#         53
  C:461BH         LINE#         54
  C:4622H         LINE#         55
  C:4624H         LINE#         57
  C:4634H         LINE#         58
  C:463FH         LINE#         59
  C:4649H         LINE#         60
  C:464DH         LINE#         62
  C:464DH         LINE#         63
  C:4650H         LINE#         64
  C:4652H         LINE#         65
  C:4654H         LINE#         67
  -------         ENDPROC       _WRITEDATA
  -------         PROC          _COMMAND
  D:0007H         SYMBOL        dat
  C:489FH         LINE#         69
  C:489FH         LINE#         70
  C:489FH         LINE#         71
  C:48A1H         LINE#         72
  C:48A3H         LINE#         74
  C:48ADH         LINE#         75
  C:48B1H         LINE#         77
  C:48B3H         LINE#         78
  C:48BCH         LINE#         79
  C:48C0H         LINE#         81
  C:48C2H         LINE#         82
  C:48C9H         LINE#         83
  C:48CDH         LINE#         85
  C:48CFH         LINE#         86
  C:48D3H         LINE#         87
  C:48D7H         LINE#         89
  C:48D9H         LINE#         90
  C:48D9H         LINE#         91
  C:48DCH         LINE#         92
  C:48DEH         LINE#         93
  -------         ENDPROC       _COMMAND
  C:4A60H         SYMBOL        L?0028
  -------         PROC          L?0027
  -------         ENDPROC       L?0027
  C:4A60H         SYMBOL        L?0028
  -------         PROC          _WAIT_MS
BL51 BANKED LINKER/LOCATER V6.22                                                      02/22/2019  11:50:06  PAGE 21


  D:0006H         SYMBOL        ms
  -------         DO            
  D:0004H         SYMBOL        De_Cnt
  -------         ENDDO         
  C:4A64H         LINE#         95
  C:4A64H         LINE#         96
  C:4A64H         LINE#         98
  C:4A6EH         LINE#         99
  C:4A6EH         LINE#         100
  C:4A81H         LINE#         101
  C:4A81H         LINE#         102
  -------         ENDPROC       _WAIT_MS
  -------         PROC          _DISPLAYLCD
  D:0007H         SYMBOL        BCD
  -------         DO            
  D:0006H         SYMBOL        first_digit
  X:03BFH         SYMBOL        second_digit
  -------         ENDDO         
  C:4AFFH         LINE#         103
  C:4AFFH         LINE#         104
  C:4AFFH         LINE#         106
  C:4B06H         LINE#         107
  C:4B0FH         LINE#         109
  C:4B14H         LINE#         111
  -------         ENDPROC       _DISPLAYLCD
  -------         PROC          LCD_RETURN_HOME
  C:4C53H         LINE#         115
  C:4C53H         LINE#         116
  C:4C53H         LINE#         117
  C:4C58H         LINE#         118
  -------         ENDPROC       LCD_RETURN_HOME
  -------         PROC          LCD_CLEAR
  C:4C5DH         LINE#         121
  C:4C5DH         LINE#         122
  C:4C5DH         LINE#         123
  C:4C62H         LINE#         124
  -------         ENDPROC       LCD_CLEAR
  -------         PROC          _DISPLAY_LINE
  D:0006H         SYMBOL        line
  C:4B7CH         LINE#         128
  C:4B7CH         LINE#         129
  C:4B7CH         LINE#         130
  C:4B82H         LINE#         131
  C:4B82H         LINE#         132
  C:4B84H         LINE#         133
  C:4B84H         LINE#         134
  C:4B86H         LINE#         136
  C:4B86H         LINE#         137
  C:4B8BH         LINE#         138
  C:4B90H         LINE#         139
  C:4B90H         LINE#         140
  -------         ENDPROC       _DISPLAY_LINE
  -------         ENDMOD        LCD_DRIVER_SPLC780D

  -------         MODULE        KEYPAD
  C:0000H         SYMBOL        _ICE_DUMMY_
  D:0093H         PUBLIC        P0M1
BL51 BANKED LINKER/LOCATER V6.22                                                      02/22/2019  11:50:06  PAGE 22


  D:0080H         PUBLIC        P0
  D:0090H         PUBLIC        P1
  D:00A0H         PUBLIC        P2
  D:00B0H         PUBLIC        P3
  D:00C0H         PUBLIC        P4
  D:00C8H         PUBLIC        P5
  B:0020H.0       PUBLIC        calib_mode
  D:00E8H         PUBLIC        P6
  D:00F8H         PUBLIC        P7
  D:00A8H         PUBLIC        IE
  C:34CBH         PUBLIC        Key_Scan
  D:00B8H         PUBLIC        IP
  D:00D8H         PUBLIC        CCON
  C:4C3BH         PUBLIC        KeyPad_IO_Init
  C:4AE1H         PUBLIC        _Delay_ms
  D:0098H         PUBLIC        SCON
  D:0088H         PUBLIC        TCON
  B:0020H.1       PUBLIC        small_move
  B:0020H.2       PUBLIC        move
  B:0020H.3       PUBLIC        direction
  B:0020H.4       PUBLIC        auto_move
  C:305AH         PUBLIC        Key_Process
  D:00D0H         PUBLIC        PSW
  D:0094H         PUBLIC        P0M0
  -------         PROC          _DELAY_MS
  D:0006H         SYMBOL        ms
  -------         DO            
  D:0004H         SYMBOL        De_Cnt
  -------         ENDDO         
  C:4AE1H         LINE#         19
  C:4AE1H         LINE#         20
  C:4AE1H         LINE#         22
  C:4AEBH         LINE#         23
  C:4AEBH         LINE#         24
  C:4AFEH         LINE#         25
  C:4AFEH         LINE#         26
  -------         ENDPROC       _DELAY_MS
  -------         PROC          KEY_SCAN
  -------         DO            
  X:03C5H         SYMBOL        KeyTemp1
  X:03C6H         SYMBOL        KeyTemp2
  X:03C7H         SYMBOL        KeyValue
  -------         ENDDO         
  C:34CBH         LINE#         27
  C:34CBH         LINE#         28
  C:34CBH         LINE#         33
  C:34CEH         LINE#         36
  C:34D1H         LINE#         38
  C:34D9H         LINE#         39
  C:34E0H         LINE#         40
  C:34E0H         LINE#         42
  C:34E5H         LINE#         43
  C:34ECH         LINE#         44
  C:34ECH         LINE#         47
  C:34EFH         LINE#         48
  C:34F2H         LINE#         49
  C:34F7H         LINE#         50
BL51 BANKED LINKER/LOCATER V6.22                                                      02/22/2019  11:50:06  PAGE 23


  C:34FBH         LINE#         51
  C:34FBH         LINE#         52
  C:3503H         LINE#         53
  C:3503H         LINE#         54
  C:3506H         LINE#         55
  C:350EH         LINE#         56
  C:3510H         LINE#         58
  C:3524H         LINE#         59
  C:3524H         LINE#         60
  C:3524H         LINE#         61
  C:3524H         LINE#         62
  C:352AH         LINE#         64
  C:352CH         LINE#         65
  C:352CH         LINE#         66
  C:352CH         LINE#         67
  C:3532H         LINE#         69
  C:3534H         LINE#         70
  C:3534H         LINE#         71
  C:3534H         LINE#         72
  C:353AH         LINE#         74
  C:353CH         LINE#         75
  C:353CH         LINE#         76
  C:353CH         LINE#         77
  C:3542H         LINE#         79
  C:3542H         LINE#         80
  C:3542H         LINE#         81
  C:3542H         LINE#         84
  C:3545H         LINE#         85
  C:3548H         LINE#         86
  C:3550H         LINE#         87
  C:3554H         LINE#         88
  C:3554H         LINE#         89
  C:355CH         LINE#         90
  C:355CH         LINE#         91
  C:355FH         LINE#         92
  C:3567H         LINE#         93
  C:3569H         LINE#         94
  C:357DH         LINE#         95
  C:357DH         LINE#         96
  C:357DH         LINE#         97
  C:357DH         LINE#         98
  C:3583H         LINE#         100
  C:3585H         LINE#         101
  C:3585H         LINE#         102
  C:3585H         LINE#         103
  C:358BH         LINE#         105
  C:358DH         LINE#         106
  C:358DH         LINE#         107
  C:358DH         LINE#         108
  C:3593H         LINE#         110
  C:3595H         LINE#         111
  C:3595H         LINE#         112
  C:3595H         LINE#         113
  C:359AH         LINE#         115
  C:359AH         LINE#         116
  C:359AH         LINE#         117
  C:359AH         LINE#         120
BL51 BANKED LINKER/LOCATER V6.22                                                      02/22/2019  11:50:06  PAGE 24


  C:359DH         LINE#         121
  C:35A0H         LINE#         122
  C:35A8H         LINE#         123
  C:35ACH         LINE#         124
  C:35ACH         LINE#         125
  C:35B4H         LINE#         126
  C:35B4H         LINE#         127
  C:35B7H         LINE#         128
  C:35BFH         LINE#         129
  C:35C1H         LINE#         130
  C:35D5H         LINE#         131
  C:35D5H         LINE#         132
  C:35D5H         LINE#         133
  C:35D5H         LINE#         134
  C:35DBH         LINE#         136
  C:35DDH         LINE#         137
  C:35DDH         LINE#         138
  C:35DDH         LINE#         139
  C:35E3H         LINE#         141
  C:35E5H         LINE#         142
  C:35E5H         LINE#         143
  C:35E5H         LINE#         144
  C:35EBH         LINE#         146
  C:35EDH         LINE#         147
  C:35EDH         LINE#         148
  C:35EDH         LINE#         149
  C:35F3H         LINE#         151
  C:35F3H         LINE#         152
  C:35F3H         LINE#         153
  C:35F3H         LINE#         157
  C:35F6H         LINE#         158
  C:35F9H         LINE#         159
  C:3601H         LINE#         160
  C:3605H         LINE#         161
  C:3605H         LINE#         162
  C:360DH         LINE#         163
  C:360DH         LINE#         164
  C:3610H         LINE#         165
  C:3618H         LINE#         166
  C:361AH         LINE#         167
  C:362EH         LINE#         168
  C:362EH         LINE#         169
  C:362EH         LINE#         170
  C:362EH         LINE#         171
  C:3634H         LINE#         173
  C:3636H         LINE#         174
  C:3636H         LINE#         175
  C:3636H         LINE#         176
  C:363CH         LINE#         178
  C:363EH         LINE#         179
  C:363EH         LINE#         180
  C:363EH         LINE#         181
  C:3644H         LINE#         183
  C:3646H         LINE#         184
  C:3646H         LINE#         185
  C:3646H         LINE#         186
  C:364CH         LINE#         188
BL51 BANKED LINKER/LOCATER V6.22                                                      02/22/2019  11:50:06  PAGE 25


  C:364CH         LINE#         189
  C:364CH         LINE#         190
  C:364CH         LINE#         192
  C:3652H         LINE#         193
  C:3652H         LINE#         195
  C:3652H         LINE#         196
  C:3655H         LINE#         197
  C:3655H         LINE#         198
  C:3655H         LINE#         200
  C:3655H         LINE#         201
  C:3657H         LINE#         202
  C:3657H         LINE#         203
  -------         ENDPROC       KEY_SCAN
  -------         PROC          KEY_PROCESS
  -------         DO            
  X:0618H         SYMBOL        KeyCount
  X:061AH         SYMBOL        KeyNum_Old
  X:061BH         SYMBOL        KeyNum
  X:061CH         SYMBOL        PressedKey
  X:03BFH         SYMBOL        d
  D:0004H         SYMBOL        hours
  D:0006H         SYMBOL        mins
  X:03C1H         SYMBOL        months
  X:03C3H         SYMBOL        days
  -------         ENDDO         
  C:305AH         LINE#         204
  C:305AH         LINE#         205
  C:305AH         LINE#         209
  C:3062H         LINE#         210
  C:306AH         LINE#         212
  C:306DH         LINE#         213
  C:306DH         LINE#         214
  C:3070H         LINE#         216
  C:3070H         LINE#         217
  C:307DH         LINE#         218
  C:307DH         LINE#         219
  C:3080H         LINE#         220
  C:3083H         LINE#         222
  C:3086H         LINE#         224
  C:3086H         LINE#         225
  C:3091H         LINE#         226
  C:3091H         LINE#         227
  C:3094H         LINE#         229
  C:3094H         LINE#         230
  C:309BH         LINE#         231
  C:309BH         LINE#         232
  C:309EH         LINE#         234
  C:309EH         LINE#         235
  C:30A6H         LINE#         236
  C:30A6H         LINE#         237
  C:30B0H         LINE#         238
  C:30B8H         LINE#         240
  C:30C1H         LINE#         242
  C:30C1H         LINE#         251
  C:30D6H         LINE#         252
  C:30D6H         LINE#         253
  C:30E8H         LINE#         254
BL51 BANKED LINKER/LOCATER V6.22                                                      02/22/2019  11:50:06  PAGE 26


  C:30F6H         LINE#         255
  C:3105H         LINE#         256
  C:3105H         LINE#         258
  C:310BH         LINE#         262
  C:3121H         LINE#         263
  C:3132H         LINE#         264
  C:314DH         LINE#         265
  C:314DH         LINE#         266
  C:315DH         LINE#         267
  C:316EH         LINE#         268
  C:316EH         LINE#         272
  C:3187H         LINE#         273
  C:319EH         LINE#         274
  C:31BEH         LINE#         275
  C:31BEH         LINE#         276
  C:31C8H         LINE#         277
  C:31C8H         LINE#         278
  C:31D1H         LINE#         279
  C:31D1H         LINE#         280
  C:31E5H         LINE#         281
  C:31E5H         LINE#         282
  C:31E5H         LINE#         283
  C:31E5H         LINE#         284
  C:31E5H         LINE#         285
  C:31E7H         LINE#         287
  C:31E7H         LINE#         288
  C:31F3H         LINE#         289
  C:31F3H         LINE#         290
  C:3204H         LINE#         291
  C:3204H         LINE#         292
  C:3204H         LINE#         293
  C:3204H         LINE#         294
  C:3204H         LINE#         296
  C:3206H         LINE#         298
  C:3206H         LINE#         299
  C:3217H         LINE#         300
  C:3217H         LINE#         301
  C:3217H         LINE#         302
  C:3217H         LINE#         303
  C:3217H         LINE#         305
  C:3217H         LINE#         307
  C:3217H         LINE#         308
  C:3219H         LINE#         310
  C:3219H         LINE#         311
  C:322CH         LINE#         312
  C:322CH         LINE#         313
  C:323DH         LINE#         314
  C:323DH         LINE#         315
  C:323DH         LINE#         316
  C:323DH         LINE#         317
  C:323DH         LINE#         318
  C:323FH         LINE#         320
  C:323FH         LINE#         321
  C:3250H         LINE#         322
  C:3250H         LINE#         323
  C:3261H         LINE#         324
  C:3272H         LINE#         325
BL51 BANKED LINKER/LOCATER V6.22                                                      02/22/2019  11:50:06  PAGE 27


  C:3272H         LINE#         326
  C:3272H         LINE#         327
  C:3272H         LINE#         328
  C:3272H         LINE#         329
  C:3275H         LINE#         330
  C:327AH         LINE#         331
  C:327FH         LINE#         332
  C:3284H         LINE#         333
  C:3289H         LINE#         334
  C:328EH         LINE#         335
  C:3293H         LINE#         336
  C:3298H         LINE#         337
  C:3298H         LINE#         339
  C:32BAH         LINE#         340
  C:32BAH         LINE#         341
  C:32C4H         LINE#         342
  C:32C4H         LINE#         343
  C:32C9H         LINE#         344
  C:32D2H         LINE#         345
  C:32E9H         LINE#         346
  C:32E9H         LINE#         347
  C:32F9H         LINE#         349
  C:32F9H         LINE#         353
  -------         ENDPROC       KEY_PROCESS
  -------         PROC          KEYPAD_IO_INIT
  C:4C3BH         LINE#         356
  C:4C3BH         LINE#         357
  C:4C3BH         LINE#         358
  C:4C3EH         LINE#         359
  C:4C41H         LINE#         360
  C:4C44H         LINE#         361
  C:4C46H         LINE#         362
  -------         ENDPROC       KEYPAD_IO_INIT
  -------         ENDMOD        KEYPAD

  -------         MODULE        BIPOLARMOTOR
  C:0000H         SYMBOL        _ICE_DUMMY_
  D:0080H         PUBLIC        P0
  D:0090H         PUBLIC        P1
  X:0000H         PUBLIC        RX_pos_test
  D:00A0H         PUBLIC        P2
  D:00B0H         PUBLIC        P3
  D:00C0H         PUBLIC        P4
  D:00C8H         PUBLIC        P5
  D:00E8H         PUBLIC        P6
  D:00F8H         PUBLIC        P7
  X:00A0H         PUBLIC        low_date_azimuth_mapping
  D:00A8H         PUBLIC        IE
  C:3FADH         PUBLIC        linear_interpolate
  C:4A0FH         PUBLIC        _Move
  D:00B8H         PUBLIC        IP
  C:332DH         PUBLIC        _findDet3x3
  C:2D9AH         PUBLIC        _findDet4x4
  D:00D8H         PUBLIC        CCON
  X:00C8H         PUBLIC        previous_move_time
  D:0098H         PUBLIC        SCON
  D:0088H         PUBLIC        TCON
BL51 BANKED LINKER/LOCATER V6.22                                                      02/22/2019  11:50:06  PAGE 28


  C:4C77H         PUBLIC        wait
  C:48DFH         PUBLIC        _Step_move
  X:00C9H         PUBLIC        dat
  C:000EH         PUBLIC        _Update_position
  C:47C7H         PUBLIC        vOneStepMove
  X:00CFH         PUBLIC        elevation_stamp
  X:010BH         PUBLIC        date_azimuth_mapping
  X:0133H         PUBLIC        RX_pos
  C:4B26H         PUBLIC        _BCDtoDec1
  X:038BH         PUBLIC        degree
  D:00D0H         PUBLIC        PSW
  -------         PROC          L?0062
  -------         ENDPROC       L?0062
  -------         PROC          _BCDTODEC1
  D:0007H         SYMBOL        bcd
  -------         DO            
  D:0006H         SYMBOL        hi
  D:0007H         SYMBOL        lo
  -------         ENDDO         
  C:4B26H         LINE#         28
  C:4B26H         LINE#         29
  C:4B26H         LINE#         31
  C:4B2BH         LINE#         32
  C:4B2FH         LINE#         33
  C:4B36H         LINE#         34
  -------         ENDPROC       _BCDTODEC1
  -------         PROC          WAIT
  C:4C77H         LINE#         36
  C:4C77H         LINE#         38
  -------         ENDPROC       WAIT
  -------         PROC          VONESTEPMOVE
  B:0020H.7       SYMBOL        bDir
  C:47C7H         LINE#         40
  C:47C7H         LINE#         41
  C:47C7H         LINE#         43
  C:47CDH         LINE#         44
  C:47CDH         LINE#         45
  C:47D0H         LINE#         46
  C:47D9H         LINE#         47
  C:47E0H         LINE#         48
  C:47E5H         LINE#         49
  C:47E5H         LINE#         50
  C:47E5H         LINE#         52
  C:47E7H         LINE#         55
  C:47E7H         LINE#         56
  C:47EAH         LINE#         57
  C:47F3H         LINE#         58
  C:47FAH         LINE#         59
  C:4800H         LINE#         60
  C:4809H         LINE#         61
  C:4810H         LINE#         62
  C:4810H         LINE#         66
  -------         ENDPROC       VONESTEPMOVE
  -------         PROC          _STEP_MOVE
  X:047BH         SYMBOL        step
  B:0020H.6       SYMBOL        dir
  -------         DO            
BL51 BANKED LINKER/LOCATER V6.22                                                      02/22/2019  11:50:06  PAGE 29


  X:047DH         SYMBOL        i
  -------         ENDDO         
  C:48DFH         LINE#         68
  C:48E7H         LINE#         69
  C:48E7H         LINE#         71
  C:48ECH         LINE#         74
  C:4907H         LINE#         75
  C:4907H         LINE#         76
  C:490EH         LINE#         78
  C:491EH         LINE#         80
  -------         ENDPROC       _STEP_MOVE
  -------         PROC          _MOVE
  X:0477H         SYMBOL        distance
  B:0020H.5       SYMBOL        direction
  -------         DO            
  D:0006H         SYMBOL        step
  -------         ENDDO         
  C:4A0FH         LINE#         82
  C:4A15H         LINE#         83
  C:4A15H         LINE#         86
  C:4A30H         LINE#         87
  -------         ENDPROC       _MOVE
  C:330EH         SYMBOL        L?0058
  C:3322H         SYMBOL        L?0059
  -------         PROC          L?0057
  -------         ENDPROC       L?0057
  C:330EH         SYMBOL        L?0058
  C:3322H         SYMBOL        L?0059
  -------         PROC          _FINDDET3X3
  X:05F4H         SYMBOL        a11
  X:05F8H         SYMBOL        a12
  X:05FCH         SYMBOL        a13
  X:0600H         SYMBOL        a21
  X:0604H         SYMBOL        a22
  X:0608H         SYMBOL        a23
  X:060CH         SYMBOL        a31
  X:0610H         SYMBOL        a32
  X:0614H         SYMBOL        a33
  C:332DH         LINE#         91
  C:3333H         LINE#         95
  C:3333H         LINE#         96
  C:34CAH         LINE#         98
  -------         ENDPROC       _FINDDET3X3
  -------         PROC          _FINDDET4X4
  X:05B4H         SYMBOL        a11
  X:05B8H         SYMBOL        a12
  X:05BCH         SYMBOL        a13
  X:05C0H         SYMBOL        a14
  X:05C4H         SYMBOL        a21
  X:05C8H         SYMBOL        a22
  X:05CCH         SYMBOL        a23
  X:05D0H         SYMBOL        a24
  X:05D4H         SYMBOL        a31
  X:05D8H         SYMBOL        a32
  X:05DCH         SYMBOL        a33
  X:05E0H         SYMBOL        a34
  X:05E4H         SYMBOL        a41
BL51 BANKED LINKER/LOCATER V6.22                                                      02/22/2019  11:50:06  PAGE 30


  X:05E8H         SYMBOL        a42
  X:05ECH         SYMBOL        a43
  X:05F0H         SYMBOL        a44
  C:2D9AH         LINE#         99
  C:2DA0H         LINE#         103
  C:2DA0H         LINE#         110
  C:3059H         LINE#         114
  -------         ENDPROC       _FINDDET4X4
  C:3F9CH         SYMBOL        L?0061
  -------         PROC          L?0060
  -------         ENDPROC       L?0060
  C:3F9CH         SYMBOL        L?0061
  -------         PROC          LINEAR_INTERPOLATE
  X:0477H         SYMBOL        p1
  X:047FH         SYMBOL        p2
  X:0487H         SYMBOL        x
  -------         DO            
  D:0004H         SYMBOL        fx
  -------         ENDDO         
  C:3FADH         LINE#         120
  C:3FADH         LINE#         121
  C:3FADH         LINE#         124
  C:404CH         LINE#         126
  C:404CH         LINE#         127
  -------         ENDPROC       LINEAR_INTERPOLATE
  -------         PROC          _UPDATE_POSITION
  D:0001H         SYMBOL        mnths
  D:0002H         SYMBOL        dys
  X:03DAH         SYMBOL        hurs
  X:03DBH         SYMBOL        mns
  X:03DCH         SYMBOL        sconds
  X:03DDH         SYMBOL        currnt_pos
  X:03E0H         SYMBOL        offset_calib
  -------         DO            
  X:03E4H         SYMBOL        date
  X:03E6H         SYMBOL        i
  X:03E8H         SYMBOL        yy
  X:03EAH         SYMBOL        desired_distance
  X:03EEH         SYMBOL        distance
  X:03F2H         SYMBOL        JP_pos
  X:03F6H         SYMBOL        pos_interpolate_azimuth
  X:0432H         SYMBOL        current_local_sun_time
  X:0436H         SYMBOL        azimuth
  X:043AH         SYMBOL        elevation
  X:043EH         SYMBOL        time_offset
  X:0442H         SYMBOL        UTC_time
  X:0446H         SYMBOL        declination
  X:044AH         SYMBOL        p1
  X:0452H         SYMBOL        p2
  X:045AH         SYMBOL        time
  X:046CH         SYMBOL        location
  X:0474H         SYMBOL        sunCoord
  -------         ENDDO         
  C:000EH         LINE#         131
  C:0017H         LINE#         134
  C:0017H         LINE#         135
  C:0022H         LINE#         137
BL51 BANKED LINKER/LOCATER V6.22                                                      02/22/2019  11:50:06  PAGE 31


  C:003EH         LINE#         138
  C:0048H         LINE#         146
  C:0052H         LINE#         147
  C:005CH         LINE#         148
  C:0066H         LINE#         149
  C:0071H         LINE#         150
  C:007CH         LINE#         151
  C:0095H         LINE#         152
  C:00A6H         LINE#         153
  C:00B5H         LINE#         156
  C:00C9H         LINE#         160
  C:011BH         LINE#         161
  C:027FH         LINE#         162
  C:02CFH         LINE#         164
  C:03F7H         LINE#         166
  C:04C6H         LINE#         173
  C:050DH         LINE#         174
  C:050DH         LINE#         176
  C:0527H         LINE#         177
  C:0527H         LINE#         178
  C:0597H         LINE#         179
  C:0597H         LINE#         180
  C:059EH         LINE#         181
  C:059EH         LINE#         182
  C:05CBH         LINE#         183
  C:05E6H         LINE#         185
  C:062DH         LINE#         186
  C:0661H         LINE#         188
  C:06A7H         LINE#         189
  C:06CAH         LINE#         191
  C:06CAH         LINE#         193
  C:0740H         LINE#         194
  C:0740H         LINE#         195
  C:0747H         LINE#         196
  C:0747H         LINE#         197
  C:0774H         LINE#         198
  C:078FH         LINE#         200
  C:07D6H         LINE#         201
  C:080AH         LINE#         203
  C:0850H         LINE#         204
  C:0870H         LINE#         206
  C:0870H         LINE#         207
  C:0881H         LINE#         210
  C:089BH         LINE#         211
  C:089BH         LINE#         212
  C:090BH         LINE#         213
  C:090BH         LINE#         214
  C:0938H         LINE#         215
  C:0953H         LINE#         217
  C:0980H         LINE#         218
  C:099BH         LINE#         220
  C:09CDH         LINE#         223
  C:09CDH         LINE#         225
  C:09DEH         LINE#         227
  C:0A0DH         LINE#         229
  C:0A32H         LINE#         230
  C:0A97H         LINE#         231
BL51 BANKED LINKER/LOCATER V6.22                                                      02/22/2019  11:50:06  PAGE 32


  C:0A97H         LINE#         232
  C:0AB1H         LINE#         233
  C:0AC3H         LINE#         234
  C:0ADBH         LINE#         235
  C:0AF1H         LINE#         237
  C:0B0DH         LINE#         238
  C:0B0DH         LINE#         239
  C:0B0DH         LINE#         242
  -------         ENDPROC       _UPDATE_POSITION
  -------         ENDMOD        BIPOLARMOTOR

  -------         MODULE        SUNPOS
  C:0000H         SYMBOL        _ICE_DUMMY_
  C:1EFDH         PUBLIC        sunpos
  -------         PROC          SUNPOS
  X:0477H         SYMBOL        udtTime
  X:0489H         SYMBOL        udtLocation
  X:0491H         SYMBOL        udtSunCoordinates
  -------         DO            
  X:0494H         SYMBOL        dElapsedJulianDays
  X:0498H         SYMBOL        dDecimalHours
  X:049CH         SYMBOL        dEclipticLongitude
  X:04A0H         SYMBOL        dEclipticObliquity
  X:04A4H         SYMBOL        dRightAscension
  X:04A8H         SYMBOL        dDeclination
  X:04ACH         SYMBOL        dY
  X:04B0H         SYMBOL        dX
  -------         DO            
  X:04B4H         SYMBOL        dJulianDate
  X:04B8H         SYMBOL        liAux1
  X:04BCH         SYMBOL        liAux2
  X:04B4H         SYMBOL        dMeanLongitude
  X:04B8H         SYMBOL        dMeanAnomaly
  X:04BCH         SYMBOL        dOmega
  X:04B4H         SYMBOL        dSin_EclipticLongitude
  X:04B4H         SYMBOL        dGreenwichMeanSiderealTime
  X:04B8H         SYMBOL        dLocalMeanSiderealTime
  X:04BCH         SYMBOL        dLatitudeInRadians
  X:04C0H         SYMBOL        dHourAngle
  X:04C4H         SYMBOL        dCos_Latitude
  X:04C8H         SYMBOL        dSin_Latitude
  X:04CCH         SYMBOL        dCos_HourAngle
  X:04D0H         SYMBOL        dParallax
  -------         ENDDO         
  -------         DO            
  X:04B4H         SYMBOL        dMeanLongitude
  X:04B8H         SYMBOL        dMeanAnomaly
  X:04BCH         SYMBOL        dOmega
  X:04B4H         SYMBOL        dSin_EclipticLongitude
  X:04B4H         SYMBOL        dGreenwichMeanSiderealTime
  X:04B8H         SYMBOL        dLocalMeanSiderealTime
  X:04BCH         SYMBOL        dLatitudeInRadians
  X:04C0H         SYMBOL        dHourAngle
  X:04C4H         SYMBOL        dCos_Latitude
  X:04C8H         SYMBOL        dSin_Latitude
  X:04CCH         SYMBOL        dCos_HourAngle
  X:04D0H         SYMBOL        dParallax
BL51 BANKED LINKER/LOCATER V6.22                                                      02/22/2019  11:50:06  PAGE 33


  -------         ENDDO         
  -------         DO            
  X:04B4H         SYMBOL        dSin_EclipticLongitude
  X:04B4H         SYMBOL        dGreenwichMeanSiderealTime
  X:04B8H         SYMBOL        dLocalMeanSiderealTime
  X:04BCH         SYMBOL        dLatitudeInRadians
  X:04C0H         SYMBOL        dHourAngle
  X:04C4H         SYMBOL        dCos_Latitude
  X:04C8H         SYMBOL        dSin_Latitude
  X:04CCH         SYMBOL        dCos_HourAngle
  X:04D0H         SYMBOL        dParallax
  -------         ENDDO         
  -------         DO            
  X:04B4H         SYMBOL        dGreenwichMeanSiderealTime
  X:04B8H         SYMBOL        dLocalMeanSiderealTime
  X:04BCH         SYMBOL        dLatitudeInRadians
  X:04C0H         SYMBOL        dHourAngle
  X:04C4H         SYMBOL        dCos_Latitude
  X:04C8H         SYMBOL        dSin_Latitude
  X:04CCH         SYMBOL        dCos_HourAngle
  X:04D0H         SYMBOL        dParallax
  -------         ENDDO         
  -------         ENDDO         
  C:1EFDH         LINE#         6
  C:1EFDH         LINE#         7
  C:1EFDH         LINE#         9
  C:1EFDH         LINE#         27
  C:1F47H         LINE#         30
  C:1F68H         LINE#         31
  C:20AFH         LINE#         34
  C:20FBH         LINE#         36
  C:211AH         LINE#         37
  C:211AH         LINE#         42
  C:211AH         LINE#         46
  C:214CH         LINE#         47
  C:2176H         LINE#         48
  C:21A0H         LINE#         49
  C:224DH         LINE#         52
  C:22AEH         LINE#         54
  C:22AEH         LINE#         59
  C:22AEH         LINE#         61
  C:22C5H         LINE#         62
  C:22EDH         LINE#         63
  C:2304H         LINE#         64
  C:232FH         LINE#         65
  C:2366H         LINE#         66
  C:2391H         LINE#         67
  C:2391H         LINE#         70
  C:2391H         LINE#         79
  C:23CCH         LINE#         82
  C:2406H         LINE#         84
  C:242BH         LINE#         85
  C:244AH         LINE#         86
  C:2461H         LINE#         87
  C:2478H         LINE#         88
  C:248FH         LINE#         89
  C:2518H         LINE#         91
BL51 BANKED LINKER/LOCATER V6.22                                                      02/22/2019  11:50:06  PAGE 34


  C:2532H         LINE#         92
  C:2594H         LINE#         93
  C:25CAH         LINE#         94
  C:25DCH         LINE#         95
  C:2609H         LINE#         96
  C:2636H         LINE#         98
  C:2658H         LINE#         100
  C:2690H         LINE#         103
  C:2690H         LINE#         104
  C:269EH         LINE#         105
  -------         ENDPROC       SUNPOS
  -------         ENDMOD        SUNPOS

  -------         MODULE        ADC
  C:0000H         SYMBOL        _ICE_DUMMY_
  D:0092H         PUBLIC        P1M0
  D:0091H         PUBLIC        P1M1
  D:0080H         PUBLIC        P0
  D:0090H         PUBLIC        P1
  D:00A0H         PUBLIC        P2
  D:00B0H         PUBLIC        P3
  D:00C0H         PUBLIC        P4
  D:00C8H         PUBLIC        P5
  D:00E8H         PUBLIC        P6
  D:00F8H         PUBLIC        P7
  D:00A8H         PUBLIC        IE
  D:00BDH         PUBLIC        ADC_RES
  D:00B8H         PUBLIC        IP
  D:0097H         PUBLIC        CLK_DIV
  D:00D8H         PUBLIC        CCON
  D:00BCH         PUBLIC        ADC_CONTR
  D:0098H         PUBLIC        SCON
  D:0088H         PUBLIC        TCON
  B:00A0H.4       PUBLIC        P24
  B:00A0H.5       PUBLIC        P25
  B:00A0H.6       PUBLIC        P26
  C:4AC2H         PUBLIC        ADC_Init
  C:498DH         PUBLIC        _ADC_GetResult
  D:009DH         PUBLIC        P1ASF
  D:00BEH         PUBLIC        ADC_RESL
  D:00D0H         PUBLIC        PSW
  -------         PROC          ADC_INIT
  C:4AC2H         LINE#         7
  C:4AC2H         LINE#         8
  C:4AC2H         LINE#         10
  C:4AC4H         LINE#         11
  C:4AC6H         LINE#         12
[...]
  C:3E0AH         LINE#         115
  C:3E23H         LINE#         116
  C:3E23H         LINE#         117
  C:3E25H         LINE#         118
  C:3E27H         LINE#         120
  C:3E27H         LINE#         121
  C:3E29H         LINE#         123
  C:3E29H         LINE#         124
  C:3E29H         LINE#         125
  C:3E29H         LINE#         126
  C:3E2CH         LINE#         127
  C:3E45H         LINE#         129
  C:3E64H         LINE#         131
  C:3E6BH         LINE#         132
  C:3E6BH         LINE#         133
  C:3E6DH         LINE#         134
  C:3E70H         LINE#         135
  C:3E77H         LINE#         136
  C:3E77H         LINE#         137
  C:3E79H         LINE#         138
  C:3E7BH         LINE#         140
  C:3E7BH         LINE#         141
  C:3E7DH         LINE#         143
  C:3E7DH         LINE#         144
  C:3E7DH         LINE#         145
  C:3E7DH         LINE#         146
  C:3E80H         LINE#         147
  C:3E87H         LINE#         149
  C:3EA6H         LINE#         151
  C:3EA8H         LINE#         152
  -------         ENDPROC       _AT25SF041_WRITE
  -------         PROC          _AT25SF041_READ
  D:0003H         SYMBOL        opcode
  X:0622H         SYMBOL        addr
  -------         DO            
  X:0626H         SYMBOL        dat
  X:0627H         SYMBOL        i
  -------         ENDDO         
  C:3BB0H         LINE#         156
  C:3BB2H         LINE#         157
  C:3BB2H         LINE#         158
  C:3BB7H         LINE#         160
  C:3BB9H         LINE#         161
  C:3BBFH         LINE#         165
  C:3BC4H         LINE#         166
  C:3BC4H         LINE#         167
BL51 BANKED LINKER/LOCATER V6.22                                                      02/22/2019  11:50:06  PAGE 45


  C:3BC6H         LINE#         168
  C:3BC9H         LINE#         169
  C:3BCDH         LINE#         170
  C:3BCDH         LINE#         171
  C:3BCFH         LINE#         172
  C:3BD1H         LINE#         174
  C:3BD1H         LINE#         175
  C:3BD3H         LINE#         177
  C:3BD3H         LINE#         178
  C:3BD3H         LINE#         179
  C:3BD3H         LINE#         180
  C:3BD6H         LINE#         181
  C:3BDAH         LINE#         184
  C:3BF9H         LINE#         186
  C:3C00H         LINE#         187
  C:3C00H         LINE#         188
  C:3C02H         LINE#         189
  C:3C05H         LINE#         190
  C:3C1EH         LINE#         191
  C:3C1EH         LINE#         192
  C:3C20H         LINE#         193
  C:3C22H         LINE#         195
  C:3C22H         LINE#         196
  C:3C24H         LINE#         198
  C:3C24H         LINE#         199
  C:3C24H         LINE#         200
  C:3C24H         LINE#         201
  C:3C27H         LINE#         202
  C:3C40H         LINE#         204
  C:3C5FH         LINE#         207
  C:3C66H         LINE#         209
  C:3C68H         LINE#         210
  C:3C6FH         LINE#         212
  C:3C76H         LINE#         213
  C:3C76H         LINE#         214
  C:3C7DH         LINE#         215
  C:3C7DH         LINE#         216
  C:3C80H         LINE#         217
  C:3C82H         LINE#         218
  C:3C85H         LINE#         220
  C:3C88H         LINE#         221
  C:3C88H         LINE#         223
  C:3C8CH         LINE#         224
  C:3C8CH         LINE#         230
  C:3CABH         LINE#         233
  C:3CADH         LINE#         234
  C:3CB0H         LINE#         235
  C:3CB5H         LINE#         237
  -------         ENDPROC       _AT25SF041_READ
  -------         PROC          READ_STATUS_REGISTER_BYTE1
  -------         DO            
  D:0003H         SYMBOL        dat
  D:0001H         SYMBOL        opcode
  X:03CFH         SYMBOL        count
  X:03D0H         SYMBOL        i
  -------         ENDDO         
  C:4261H         LINE#         241
BL51 BANKED LINKER/LOCATER V6.22                                                      02/22/2019  11:50:06  PAGE 46


  C:4261H         LINE#         242
  C:4261H         LINE#         243
  C:4267H         LINE#         244
  C:426BH         LINE#         245
  C:426DH         LINE#         246
  C:426FH         LINE#         247
  C:4275H         LINE#         251
  C:427CH         LINE#         252
  C:427CH         LINE#         253
  C:427EH         LINE#         254
  C:4281H         LINE#         255
  C:4285H         LINE#         256
  C:4285H         LINE#         257
  C:4287H         LINE#         258
  C:4289H         LINE#         260
  C:4289H         LINE#         261
  C:428BH         LINE#         263
  C:428BH         LINE#         264
  C:428BH         LINE#         265
  C:428BH         LINE#         266
  C:428EH         LINE#         267
  C:4292H         LINE#         270
  C:42B1H         LINE#         274
  C:42B8H         LINE#         276
  C:42BAH         LINE#         277
  C:42C1H         LINE#         278
  C:42C8H         LINE#         279
  C:42C8H         LINE#         280
  C:42CCH         LINE#         281
  C:42CCH         LINE#         282
  C:42CFH         LINE#         283
  C:42D1H         LINE#         284
  C:42D4H         LINE#         286
  C:42D7H         LINE#         287
  C:42D7H         LINE#         289
  C:42DBH         LINE#         290
  C:42DBH         LINE#         292
  C:42FAH         LINE#         296
  C:42FCH         LINE#         297
  C:42FFH         LINE#         298
  C:4301H         LINE#         299
  -------         ENDPROC       READ_STATUS_REGISTER_BYTE1
  -------         PROC          SPI_NOR_WRITE_DATA
  X:03BFH         SYMBOL        dat
  X:03CAH         SYMBOL        addr
  C:3CB6H         LINE#         301
  C:3CB6H         LINE#         302
  C:3CB6H         LINE#         303
  C:3CCFH         LINE#         304
  C:3CCFH         LINE#         305
  C:3CD2H         LINE#         307
  C:3CD5H         LINE#         308
  C:3CDCH         LINE#         309
  C:3CDCH         LINE#         310
  C:3CDFH         LINE#         312
  C:3CEFH         LINE#         314
  C:3CEFH         LINE#         315
BL51 BANKED LINKER/LOCATER V6.22                                                      02/22/2019  11:50:06  PAGE 47


  C:3CF2H         LINE#         317
  C:3D02H         LINE#         318
  C:3D02H         LINE#         321
  C:3D05H         LINE#         323
  C:3D15H         LINE#         324
  C:3D15H         LINE#         326
  C:3D18H         LINE#         328
  C:3D28H         LINE#         329
  C:3D28H         LINE#         331
  C:3D2BH         LINE#         333
  C:3D3BH         LINE#         334
  C:3D3BH         LINE#         336
  C:3D3EH         LINE#         338
  C:3D4EH         LINE#         339
  C:3D4EH         LINE#         340
  C:3D51H         LINE#         342
  C:3D61H         LINE#         343
  C:3D61H         LINE#         345
  C:3D64H         LINE#         347
  C:3D74H         LINE#         348
  C:3D74H         LINE#         350
  C:3D77H         LINE#         352
  C:3D87H         LINE#         353
  C:3D87H         LINE#         355
  C:3D8AH         LINE#         357
  C:3D9AH         LINE#         358
  C:3D9AH         LINE#         360
  C:3D9DH         LINE#         362
  C:3DADH         LINE#         363
  -------         ENDPROC       SPI_NOR_WRITE_DATA
  -------         ENDMOD        AT25SF041

  -------         MODULE        ?C_STARTUP
  C:44D0H         SEGMENT       ?C_C51STARTUP
  I:0022H         SEGMENT       ?STACK
  C:0000H         PUBLIC        ?C_STARTUP
  D:00E0H         SYMBOL        ACC
  D:00F0H         SYMBOL        B
  D:0083H         SYMBOL        DPH
  D:0082H         SYMBOL        DPL
  N:0000H         SYMBOL        IBPSTACK
  N:0100H         SYMBOL        IBPSTACKTOP
  N:0080H         SYMBOL        IDATALEN
  C:44D3H         SYMBOL        IDATALOOP
  N:0000H         SYMBOL        PBPSTACK
  N:0100H         SYMBOL        PBPSTACKTOP
  N:0000H         SYMBOL        PDATALEN
  N:0000H         SYMBOL        PDATASTART
  N:0000H         SYMBOL        PPAGE
  N:0000H         SYMBOL        PPAGEENABLE
  D:00A0H         SYMBOL        PPAGE_SFR
  D:0081H         SYMBOL        SP
  C:44D0H         SYMBOL        STARTUP1
  N:0000H         SYMBOL        XBPSTACK
  N:0000H         SYMBOL        XBPSTACKTOP
  N:0000H         SYMBOL        XDATALEN
  N:0000H         SYMBOL        XDATASTART
BL51 BANKED LINKER/LOCATER V6.22                                                      02/22/2019  11:50:06  PAGE 48


  C:0000H         LINE#         126
  C:44D0H         LINE#         133
  C:44D2H         LINE#         134
  C:44D3H         LINE#         135
  C:44D4H         LINE#         136
  C:44D6H         LINE#         185
  C:44D9H         LINE#         196
  -------         ENDMOD        ?C_STARTUP

  -------         MODULE        ?C?FPADD
  C:154EH         PUBLIC        ?C?FPADD
  C:154AH         PUBLIC        ?C?FPSUB
  -------         ENDMOD        ?C?FPADD

  -------         MODULE        ?C?FPMUL
  C:163FH         PUBLIC        ?C?FPMUL
  -------         ENDMOD        ?C?FPMUL

  -------         MODULE        ?C?FPDIV
  C:1748H         PUBLIC        ?C?FPDIV
  -------         ENDMOD        ?C?FPDIV

  -------         MODULE        ?C?FPCMP
  C:17E7H         PUBLIC        ?C?FPCMP
  C:17E5H         PUBLIC        ?C?FPCMP3
  -------         ENDMOD        ?C?FPCMP

  -------         MODULE        ?C?FPNEG
  C:185EH         PUBLIC        ?C?FPNEG
  -------         ENDMOD        ?C?FPNEG

  -------         MODULE        ?C?FCAST
  C:1879H         PUBLIC        ?C?FCASTC
  C:1874H         PUBLIC        ?C?FCASTI
  C:186FH         PUBLIC        ?C?FCASTL
  -------         ENDMOD        ?C?FCAST

  -------         MODULE        ?C?CASTF
  C:18ADH         PUBLIC        ?C?CASTF
  -------         ENDMOD        ?C?CASTF

  -------         MODULE        ATAN2
  X:04D4H         PUBLIC        ?_atan2?BYTE
  C:4302H         PUBLIC        _atan2
  -------         ENDMOD        ATAN2

  -------         MODULE        SIN
  C:36A0H         PUBLIC        _COS
  C:36B6H         PUBLIC        _SIN
  C:36F2H         PUBLIC        _TAN
  -------         ENDMOD        SIN

  -------         MODULE        ACOS
  C:4811H         PUBLIC        _ACOS
  -------         ENDMOD        ACOS

  -------         MODULE        ASIN
BL51 BANKED LINKER/LOCATER V6.22                                                      02/22/2019  11:50:06  PAGE 49


  C:491FH         PUBLIC        _ASIN
  -------         ENDMOD        ASIN

  -------         MODULE        SQRT
  C:41B9H         PUBLIC        _SQRT
  -------         ENDMOD        SQRT

  -------         MODULE        ATAN
  C:3AAEH         PUBLIC        _ATAN
  -------         ENDMOD        ATAN

  -------         MODULE        ?C?COPY
  C:1A4BH         PUBLIC        ?C?COPY
  -------         ENDMOD        ?C?COPY

  -------         MODULE        ?C?CLDPTR
  C:1A71H         PUBLIC        ?C?CLDPTR
  -------         ENDMOD        ?C?CLDPTR

  -------         MODULE        ?C?CLDOPTR
  C:1A8AH         PUBLIC        ?C?CLDOPTR
  -------         ENDMOD        ?C?CLDOPTR

  -------         MODULE        ?C?CSTPTR
  C:1AB7H         PUBLIC        ?C?CSTPTR
  -------         ENDMOD        ?C?CSTPTR

  -------         MODULE        ?C?IMUL
  C:1AC9H         PUBLIC        ?C?IMUL
  -------         ENDMOD        ?C?IMUL

  -------         MODULE        ?C?UIDIV
  C:1ADBH         PUBLIC        ?C?UIDIV
  -------         ENDMOD        ?C?UIDIV

  -------         MODULE        ?C?SIDIV
  C:1B30H         PUBLIC        ?C?SIDIV
  -------         ENDMOD        ?C?SIDIV

  -------         MODULE        ?C?ILDIX
  C:1B66H         PUBLIC        ?C?ILDIX
  -------         ENDMOD        ?C?ILDIX

  -------         MODULE        ?C?ILDOPTR
  C:1B7CH         PUBLIC        ?C?ILDOPTR
  -------         ENDMOD        ?C?ILDOPTR

  -------         MODULE        ?C?ISTPTR
  C:1BB4H         PUBLIC        ?C?ISTPTR
  -------         ENDMOD        ?C?ISTPTR

  -------         MODULE        ?C?LMUL
  C:1BD3H         PUBLIC        ?C?LMUL
  -------         ENDMOD        ?C?LMUL

  -------         MODULE        ?C?SLDIV
  C:485BH         PUBLIC        ?C?SLDIV
BL51 BANKED LINKER/LOCATER V6.22                                                      02/22/2019  11:50:06  PAGE 50


  -------         ENDMOD        ?C?SLDIV

  -------         MODULE        ?C?LNEG
  C:1C22H         PUBLIC        ?C?LNEG
  -------         ENDMOD        ?C?LNEG

  -------         MODULE        ?C?ULCMP
  C:1C30H         PUBLIC        ?C?ULCMP
  -------         ENDMOD        ?C?ULCMP

  -------         MODULE        ?C?LSHL
  C:1C41H         PUBLIC        ?C?LSHL
  -------         ENDMOD        ?C?LSHL

  -------         MODULE        ?C?LLDPTR
  C:1C54H         PUBLIC        ?C?LLDPTR
  -------         ENDMOD        ?C?LLDPTR

  -------         MODULE        ?C?LLDOPTR
  C:1C74H         PUBLIC        ?C?LLDOPTR
  -------         ENDMOD        ?C?LLDOPTR

  -------         MODULE        ?C?LSTPTR
  C:1CA4H         PUBLIC        ?C?LSTPTR
  -------         ENDMOD        ?C?LSTPTR

  -------         MODULE        ?C?LSTOPTR
  C:1CBEH         PUBLIC        ?C?LSTOPTR
  -------         ENDMOD        ?C?LSTOPTR

  -------         MODULE        ?C?LLDXDATA
  C:1CE2H         PUBLIC        ?C?LLDXDATA
  -------         ENDMOD        ?C?LLDXDATA

  -------         MODULE        ?C?LLDCODE
  C:1CEEH         PUBLIC        ?C?LLDCODE
  -------         ENDMOD        ?C?LLDCODE

  -------         MODULE        ?C?LLDXDATA0
  C:1CFEH         PUBLIC        ?C?LLDXDATA0
  -------         ENDMOD        ?C?LLDXDATA0

  -------         MODULE        ?C?LLDCODE0
  C:1D0AH         PUBLIC        ?C?LLDCODE0
  -------         ENDMOD        ?C?LLDCODE0

  -------         MODULE        ?C?LLDPTR0
  C:1D1AH         PUBLIC        ?C?LLDPTR0
  -------         ENDMOD        ?C?LLDPTR0

  -------         MODULE        ?C?LSTXDATA
  C:1D3AH         PUBLIC        ?C?LSTXDATA
  -------         ENDMOD        ?C?LSTXDATA

  -------         MODULE        ?C?LSTKXDATA
  C:1D46H         PUBLIC        ?C?LSTKXDATA
  -------         ENDMOD        ?C?LSTKXDATA
BL51 BANKED LINKER/LOCATER V6.22                                                      02/22/2019  11:50:06  PAGE 51



  -------         MODULE        ?C?LSTKPTR
  C:1D77H         PUBLIC        ?C?LSTKPTR
  -------         ENDMOD        ?C?LSTKPTR

  -------         MODULE        ?C?OFFXADD
  C:1D91H         PUBLIC        ?C?OFFXADD
  -------         ENDMOD        ?C?OFFXADD

  -------         MODULE        ABS
  C:4C47H         PUBLIC        _ABS
  -------         ENDMOD        ABS

  -------         MODULE        ATOI
  C:3EAFH         PUBLIC        _atoi
  -------         ENDMOD        ATOI

  -------         MODULE        ?C?IILDX
  C:1D9DH         PUBLIC        ?C?IILDX
  -------         ENDMOD        ?C?IILDX

  -------         MODULE        ?C?ULDIV
  C:1DEFH         PUBLIC        ?C?ULDIV
  -------         ENDMOD        ?C?ULDIV

  -------         MODULE        ?C?LLDIDATA
  C:1E81H         PUBLIC        ?C?LLDIDATA
  -------         ENDMOD        ?C?LLDIDATA

  -------         MODULE        ?C?LLDPDATA
  C:1E8DH         PUBLIC        ?C?LLDPDATA
  -------         ENDMOD        ?C?LLDPDATA

  -------         MODULE        ?C?LLDIDATA0
  C:1E99H         PUBLIC        ?C?LLDIDATA0
  -------         ENDMOD        ?C?LLDIDATA0

  -------         MODULE        ?C?LLDPDATA0
  C:1EA6H         PUBLIC        ?C?LLDPDATA0
  -------         ENDMOD        ?C?LLDPDATA0

  -------         MODULE        ?C?LSTIDATA
  C:1EB3H         PUBLIC        ?C?LSTIDATA
  -------         ENDMOD        ?C?LSTIDATA

  -------         MODULE        ?C?LSTPDATA
  C:1EBFH         PUBLIC        ?C?LSTPDATA
  -------         ENDMOD        ?C?LSTPDATA

  -------         MODULE        ?C?LSTKIDATA
  C:1ECBH         PUBLIC        ?C?LSTKIDATA
  -------         ENDMOD        ?C?LSTKIDATA

  -------         MODULE        ?C?LSTKPDATA
  C:1EE4H         PUBLIC        ?C?LSTKPDATA
  -------         ENDMOD        ?C?LSTKPDATA

BL51 BANKED LINKER/LOCATER V6.22                                                      02/22/2019  11:50:06  PAGE 52


  -------         MODULE        ISDIGIT
  C:4C1FH         PUBLIC        _isdigit
  -------         ENDMOD        ISDIGIT

  -------         MODULE        ISSPACE
  C:4BBAH         PUBLIC        _isspace
  -------         ENDMOD        ISSPACE

*** WARNING L16: UNCALLED SEGMENT, IGNORED FOR OVERLAY PROCESS
    SEGMENT: ?PR?_DISPLAY_PROX?MAIN

*** WARNING L16: UNCALLED SEGMENT, IGNORED FOR OVERLAY PROCESS
    SEGMENT: ?PR?_DAY_OF_YEAR?PCF85063BTL

*** WARNING L16: UNCALLED SEGMENT, IGNORED FOR OVERLAY PROCESS
    SEGMENT: ?PR?INITUART1?UART1

*** WARNING L16: UNCALLED SEGMENT, IGNORED FOR OVERLAY PROCESS
    SEGMENT: ?PR?_SENDSTRING?UART1

*** WARNING L16: UNCALLED SEGMENT, IGNORED FOR OVERLAY PROCESS
    SEGMENT: ?PR?_TEN?UART1

*** WARNING L16: UNCALLED SEGMENT, IGNORED FOR OVERLAY PROCESS
    SEGMENT: ?PR?_UNIT?UART1

*** WARNING L16: UNCALLED SEGMENT, IGNORED FOR OVERLAY PROCESS
    SEGMENT: ?PR?_DECTOBCD?UART1

*** WARNING L16: UNCALLED SEGMENT, IGNORED FOR OVERLAY PROCESS
    SEGMENT: ?PR?_ASCII_LETTER?UART1

*** WARNING L16: UNCALLED SEGMENT, IGNORED FOR OVERLAY PROCESS
    SEGMENT: ?PR?_ASCIITOBCD?UART1

*** WARNING L16: UNCALLED SEGMENT, IGNORED FOR OVERLAY PROCESS
    SEGMENT: ?PR?WAIT?BIPOLARMOTOR

*** WARNING L16: UNCALLED SEGMENT, IGNORED FOR OVERLAY PROCESS
    SEGMENT: ?PR?_FINDDET4X4?BIPOLARMOTOR

*** WARNING L16: UNCALLED SEGMENT, IGNORED FOR OVERLAY PROCESS
    SEGMENT: ?PR?NOP?IOEXPANDER_PI4IOE5V96248

*** WARNING L16: UNCALLED SEGMENT, IGNORED FOR OVERLAY PROCESS
    SEGMENT: ?PR?UC_ACK?IOEXPANDER_PI4IOE5V96248

*** WARNING L16: UNCALLED SEGMENT, IGNORED FOR OVERLAY PROCESS
    SEGMENT: ?PR?UC_NACK?IOEXPANDER_PI4IOE5V96248

*** WARNING L16: UNCALLED SEGMENT, IGNORED FOR OVERLAY PROCESS
    SEGMENT: ?PR?_AT25SF041_READ?AT25SF041

*** WARNING L1: UNRESOLVED EXTERNAL SYMBOL
    SYMBOL:  AUTO_MODE
    MODULE:  .\Obj\main.obj (MAIN)

BL51 BANKED LINKER/LOCATER V6.22                                                      02/22/2019  11:50:06  PAGE 53


*** WARNING L2: REFERENCE MADE TO UNRESOLVED EXTERNAL
    SYMBOL:  AUTO_MODE
    MODULE:  .\Obj\main.obj (MAIN)
    ADDRESS: 0B45H

*** WARNING L2: REFERENCE MADE TO UNRESOLVED EXTERNAL
    SYMBOL:  AUTO_MODE
    MODULE:  .\Obj\main.obj (MAIN)
    ADDRESS: 0CBAH

*** WARNING L2: REFERENCE MADE TO UNRESOLVED EXTERNAL
    SYMBOL:  AUTO_MODE
    MODULE:  .\Obj\main.obj (MAIN)
    ADDRESS: 0CC8H

*** WARNING L2: REFERENCE MADE TO UNRESOLVED EXTERNAL
    SYMBOL:  AUTO_MODE
    MODULE:  .\Obj\main.obj (MAIN)
    ADDRESS: 0CDAH

*** WARNING L2: REFERENCE MADE TO UNRESOLVED EXTERNAL
    SYMBOL:  AUTO_MODE
    MODULE:  .\Obj\main.obj (MAIN)
    ADDRESS: 0D1CH

*** WARNING L2: REFERENCE MADE TO UNRESOLVED EXTERNAL
    SYMBOL:  AUTO_MODE
    MODULE:  .\Obj\main.obj (MAIN)
    ADDRESS: 0DEFH

*** WARNING L1: UNRESOLVED EXTERNAL SYMBOL
    SYMBOL:  _SENDUART1
    MODULE:  .\Obj\UART1.obj (UART1)

*** WARNING L2: REFERENCE MADE TO UNRESOLVED EXTERNAL
    SYMBOL:  _SENDUART1
    MODULE:  .\Obj\UART1.obj (UART1)
    ADDRESS: 4988H

*** WARNING L1: UNRESOLVED EXTERNAL SYMBOL
    SYMBOL:  AUTO_MODE
    MODULE:  .\Obj\KeyPad.obj (KEYPAD)

*** WARNING L2: REFERENCE MADE TO UNRESOLVED EXTERNAL
    SYMBOL:  AUTO_MODE
    MODULE:  .\Obj\KeyPad.obj (KEYPAD)
    ADDRESS: 30A7H

*** WARNING L2: REFERENCE MADE TO UNRESOLVED EXTERNAL
    SYMBOL:  AUTO_MODE
    MODULE:  .\Obj\KeyPad.obj (KEYPAD)
    ADDRESS: 30B2H

*** WARNING L2: REFERENCE MADE TO UNRESOLVED EXTERNAL
    SYMBOL:  AUTO_MODE
    MODULE:  .\Obj\KeyPad.obj (KEYPAD)
    ADDRESS: 30B9H
BL51 BANKED LINKER/LOCATER V6.22                                                      02/22/2019  11:50:06  PAGE 54



Program Size: data=10.2 xdata=1591 code=19577
LINK/LOCATE RUN COMPLETE.  28 WARNING(S),  0 ERROR(S)
