BL51 BANKED LINKER/LOCATER V6.22                                                        08/21/2019  11:18:05  PAGE 1


BL51 BANKED LINKER/LOCATER V6.22, INVOKED BY:
C:\KEIL_V5\C51\BIN\BL51.EXE .\Obj\main.obj, .\Obj\PCF85063BTL.obj, .\Obj\LCd_Driver_SPLC780D.obj, .\Obj\KeyPad.obj, .\Ob
>> j\BipolarMotor.obj, .\Obj\SunPos.obj, .\Obj\ADC.obj, .\Obj\Calibration.obj, .\Obj\IOExpander_PI4IOE5V96248.obj, .\Obj
>> \AT25SF041.obj, .\Obj\SI1120.obj, .\Obj\UART1.obj, .\Obj\STARTUP.obj TO .\Obj\GPIO_RTC_Test RTX51TINY PRINT (.\Lis\GP
>> IO_RTC_Test.m51) RAMSIZE (256)


MEMORY MODEL: LARGE WITH FLOATING POINT ARITHMETIC


INPUT MODULES INCLUDED:
  .\Obj\main.obj (MAIN)
  .\Obj\PCF85063BTL.obj (PCF85063BTL)
  .\Obj\LCd_Driver_SPLC780D.obj (LCD_DRIVER_SPLC780D)
  .\Obj\KeyPad.obj (KEYPAD)
  .\Obj\BipolarMotor.obj (BIPOLARMOTOR)
  .\Obj\SunPos.obj (SUNPOS)
  .\Obj\ADC.obj (ADC)
  .\Obj\Calibration.obj (CALIBRATION)
  .\Obj\IOExpander_PI4IOE5V96248.obj (IOEXPANDER_PI4IOE5V96248)
  .\Obj\AT25SF041.obj (AT25SF041)
  .\Obj\SI1120.obj (SI1120)
  .\Obj\UART1.obj (UART1)
  .\Obj\STARTUP.obj (?C_STARTUP)
  C:\KEIL_V5\C51\LIB\C51FPL.LIB (?C?FPADD)
  C:\KEIL_V5\C51\LIB\C51FPL.LIB (?C?FPMUL)
  C:\KEIL_V5\C51\LIB\C51FPL.LIB (?C?FPDIV)
  C:\KEIL_V5\C51\LIB\C51FPL.LIB (?C?FPCMP)
  C:\KEIL_V5\C51\LIB\C51FPL.LIB (?C?FPNEG)
  C:\KEIL_V5\C51\LIB\C51FPL.LIB (?C?FCAST)
  C:\KEIL_V5\C51\LIB\C51FPL.LIB (?C?CASTF)
  C:\KEIL_V5\C51\LIB\C51FPL.LIB (PRINTF)
  C:\KEIL_V5\C51\LIB\C51FPL.LIB (FABS)
  C:\KEIL_V5\C51\LIB\C51FPL.LIB (ATAN2)
  C:\KEIL_V5\C51\LIB\C51FPL.LIB (SIN)
  C:\KEIL_V5\C51\LIB\C51FPL.LIB (ACOS)
  C:\KEIL_V5\C51\LIB\C51FPL.LIB (ASIN)
  C:\KEIL_V5\C51\LIB\C51FPL.LIB (POW)
  C:\KEIL_V5\C51\LIB\C51FPL.LIB (?C?FPGETOPN)
  C:\KEIL_V5\C51\LIB\C51FPL.LIB (?C?CHKFLOAT)
  C:\KEIL_V5\C51\LIB\C51FPL.LIB (?C?FPROUND)
  C:\KEIL_V5\C51\LIB\C51FPL.LIB (?C?FPCONVERT)
  C:\KEIL_V5\C51\LIB\C51FPL.LIB (?C?FPSERIES)
  C:\KEIL_V5\C51\LIB\C51FPL.LIB (EXP)
  C:\KEIL_V5\C51\LIB\C51FPL.LIB (LOG)
  C:\KEIL_V5\C51\LIB\C51FPL.LIB (SQRT)
  C:\KEIL_V5\C51\LIB\C51FPL.LIB (ATAN)
  C:\KEIL_V5\C51\LIB\C51FPL.LIB (?C?FTNPWR)
  C:\KEIL_V5\C51\LIB\C51L.LIB (?C_INIT)
  C:\KEIL_V5\C51\LIB\C51L.LIB (?C?COPY)
  C:\KEIL_V5\C51\LIB\C51L.LIB (?C?CLDPTR)
  C:\KEIL_V5\C51\LIB\C51L.LIB (?C?CLDOPTR)
  C:\KEIL_V5\C51\LIB\C51L.LIB (?C?CSTPTR)
  C:\KEIL_V5\C51\LIB\C51L.LIB (?C?IMUL)
  C:\KEIL_V5\C51\LIB\C51L.LIB (?C?UIDIV)
  C:\KEIL_V5\C51\LIB\C51L.LIB (?C?SIDIV)
  C:\KEIL_V5\C51\LIB\C51L.LIB (?C?ILDIX)
  C:\KEIL_V5\C51\LIB\C51L.LIB (?C?ILDOPTR)
BL51 BANKED LINKER/LOCATER V6.22                                                      08/21/2019  11:18:05  PAGE 2


  C:\KEIL_V5\C51\LIB\C51L.LIB (?C?ISTPTR)
  C:\KEIL_V5\C51\LIB\C51L.LIB (?C?LMUL)
  C:\KEIL_V5\C51\LIB\C51L.LIB (?C?SLDIV)
  C:\KEIL_V5\C51\LIB\C51L.LIB (?C?LNEG)
  C:\KEIL_V5\C51\LIB\C51L.LIB (?C?ULCMP)
  C:\KEIL_V5\C51\LIB\C51L.LIB (?C?LSHL)
  C:\KEIL_V5\C51\LIB\C51L.LIB (?C?LLDPTR)
  C:\KEIL_V5\C51\LIB\C51L.LIB (?C?LLDOPTR)
  C:\KEIL_V5\C51\LIB\C51L.LIB (?C?LSTPTR)
  C:\KEIL_V5\C51\LIB\C51L.LIB (?C?LSTOPTR)
  C:\KEIL_V5\C51\LIB\C51L.LIB (?C?LLDXDATA)
  C:\KEIL_V5\C51\LIB\C51L.LIB (?C?LLDCODE)
  C:\KEIL_V5\C51\LIB\C51L.LIB (?C?LLDXDATA0)
  C:\KEIL_V5\C51\LIB\C51L.LIB (?C?LLDCODE0)
  C:\KEIL_V5\C51\LIB\C51L.LIB (?C?LLDPTR0)
  C:\KEIL_V5\C51\LIB\C51L.LIB (?C?LSTXDATA)
  C:\KEIL_V5\C51\LIB\C51L.LIB (?C?LSTKXDATA)
  C:\KEIL_V5\C51\LIB\C51L.LIB (?C?LSTKPTR)
  C:\KEIL_V5\C51\LIB\C51L.LIB (?C?OFFXADD)
  C:\KEIL_V5\C51\LIB\C51L.LIB (?C?PLDIXDATA)
  C:\KEIL_V5\C51\LIB\C51L.LIB (?C?PSTXDATA)
  C:\KEIL_V5\C51\LIB\C51L.LIB (?C?CCASE)
  C:\KEIL_V5\C51\LIB\C51L.LIB (PUTCHAR)
  C:\KEIL_V5\C51\LIB\C51L.LIB (ABS)
  C:\KEIL_V5\C51\LIB\C51L.LIB (ATOI)
  C:\KEIL_V5\C51\LIB\C51L.LIB (?C?IILDX)
  C:\KEIL_V5\C51\LIB\C51L.LIB (?C?ULDIV)
  C:\KEIL_V5\C51\LIB\C51L.LIB (?C?LLDIDATA)
  C:\KEIL_V5\C51\LIB\C51L.LIB (?C?LLDPDATA)
  C:\KEIL_V5\C51\LIB\C51L.LIB (?C?LLDIDATA0)
  C:\KEIL_V5\C51\LIB\C51L.LIB (?C?LLDPDATA0)
  C:\KEIL_V5\C51\LIB\C51L.LIB (?C?LSTIDATA)
  C:\KEIL_V5\C51\LIB\C51L.LIB (?C?LSTPDATA)
  C:\KEIL_V5\C51\LIB\C51L.LIB (?C?LSTKIDATA)
  C:\KEIL_V5\C51\LIB\C51L.LIB (?C?LSTKPDATA)
  C:\KEIL_V5\C51\LIB\C51L.LIB (ISDIGIT)
  C:\KEIL_V5\C51\LIB\C51L.LIB (ISSPACE)


LINK MAP OF MODULE:  .\Obj\GPIO_RTC_Test (MAIN)


            TYPE    BASE      LENGTH    RELOCATION   SEGMENT NAME
            -----------------------------------------------------

            * * * * * * *   D A T A   M E M O R Y   * * * * * * *
            REG     0000H     0008H     ABSOLUTE     "REG BANK 0"
            DATA    0008H     0005H     UNIT         _DATA_GROUP_
                    000DH     0013H                  *** GAP ***
            BIT     0020H.0   0001H.2   UNIT         _BIT_GROUP_
            BIT     0021H.2   0000H.1   UNIT         ?BI?MAIN
            BIT     0021H.3   0000H.1   UNIT         ?BI?_ATOI?ATOI
                    0021H.4   0000H.4                *** GAP ***
            IDATA   0022H     0001H     UNIT         ?STACK

            * * * * * * *  X D A T A   M E M O R Y  * * * * * * *
            XDATA   0000H     03BCH     UNIT         ?XD?BIPOLARMOTOR
BL51 BANKED LINKER/LOCATER V6.22                                                      08/21/2019  11:18:05  PAGE 3


            XDATA   03BCH     015DH     UNIT         _XDATA_GROUP_
            XDATA   0519H     011DH     UNIT         ?XD?MAIN
            XDATA   0636H     0019H     UNIT         ?XD?KEYPAD
            XDATA   064FH     0005H     UNIT         ?XD?_ATOI?ATOI
            XDATA   0654H     0001H     UNIT         ?XD?UC_ACK?IOEXPANDER_PI4IOE5V96248
            XDATA   0655H     0001H     UNIT         ?XD?UC_NACK?IOEXPANDER_PI4IOE5V96248

            * * * * * * *   C O D E   M E M O R Y   * * * * * * *
            CODE    0000H     0003H     ABSOLUTE     
            CODE    0003H     0003H     ABSOLUTE     
            CODE    0006H     0005H     UNIT         ?PR?_UNIT?UART1
            CODE    000BH     0003H     ABSOLUTE     
            CODE    000EH     000DH     UNIT         ?PR?UART?MAIN
            CODE    001BH     0003H     ABSOLUTE     
            CODE    001EH     0005H     UNIT         ?PR?_ASCII_LETTER?UART1
            CODE    0023H     0003H     ABSOLUTE     
            CODE    0026H     206BH     UNIT         ?PR?MAIN?MAIN
            CODE    2091H     0BC8H     UNIT         ?C?LIB_CODE
            CODE    2C59H     07A2H     UNIT         ?PR?SUNPOS?SUNPOS
            CODE    33FBH     06F4H     UNIT         ?PR?_FIND_REAL_MAX?CALIBRATION
            CODE    3AEFH     05D1H     UNIT         ?PR?_UPDATE_POSITION?BIPOLARMOTOR
            CODE    40C0H     04FBH     UNIT         ?PR?_THEORICALJP_POSITION?BIPOLARMOTOR
            CODE    45BBH     0483H     UNIT         ?PR?PRINTF?PRINTF
            CODE    4A3EH     041AH     UNIT         ?C_INITSEG
            CODE    4E58H     038CH     UNIT         ?PR?KEY_PROCESS?KEYPAD
            CODE    51E4H     0380H     UNIT         ?PR?_ELEVATION_CALCULATION?BIPOLARMOTOR
            CODE    5564H     01C7H     UNIT         ?PR?_CALIBRATION?CALIBRATION
            CODE    572BH     018DH     UNIT         ?PR?KEY_SCAN?KEYPAD
            CODE    58B8H     0189H     UNIT         ?PR?SPI_NOR_WRITE_DATA?AT25SF041
            CODE    5A41H     0188H     UNIT         ?PR?SIN?SIN
            CODE    5BC9H     0166H     UNIT         ?PR?_POW?POW
            CODE    5D2FH     0155H     UNIT         ?PR?_DISPLAY_POS?LCD_DRIVER_SPLC780D
            CODE    5E84H     0129H     UNIT         ?PR?LOG?LOG
            CODE    5FADH     0122H     UNIT         ?PR?ATAN?ATAN
            CODE    60CFH     0110H     UNIT         ?PR?_AT25SF041_READ?AT25SF041
            CODE    61DFH     0102H     UNIT         ?PR?_AT25SF041_WRITE?AT25SF041
            CODE    62E1H     00F5H     UNIT         ?PR?EXINT0?MAIN
            CODE    63D6H     00DBH     UNIT         ?PR?_ATOI?ATOI
            CODE    64B1H     00C3H     UNIT         ?PR?LINEAR_INTERPOLATE?BIPOLARMOTOR
            CODE    6574H     00BBH     UNIT         ?PR?VOLTAGE_IS_STABLE?CALIBRATION
            CODE    662FH     00ADH     UNIT         ?PR?_WRITE_PI4IOE5V96248?IOEXPANDER_PI4IOE5V96248
            CODE    66DCH     00ACH     UNIT         ?PR?SQRT?SQRT
            CODE    6788H     00A1H     UNIT         ?PR?UCREAD_STATUS_REGISTER_BYTE1?AT25SF041
            CODE    6829H     009DH     UNIT         ?PR?_ATAN2?ATAN2
            CODE    68C6H     009CH     UNIT         ?PR?_MAX_VALUE?CALIBRATION
            CODE    6962H     009AH     UNIT         ?PR?EXP?EXP
            CODE    69FCH     008CH     UNIT         ?C_C51STARTUP
            CODE    6A88H     0088H     UNIT         ?PR?_DAY_OF_YEAR?PCF85063BTL
            CODE    6B10H     0079H     UNIT         ?PR?_WRITEDATA?LCD_DRIVER_SPLC780D
            CODE    6B89H     0072H     UNIT         ?PR?AT25SF041_WRITEENABLE?AT25SF041
            CODE    6BFBH     006FH     UNIT         ?PR?_READ_TIME?PCF85063BTL
            CODE    6C6AH     005AH     UNIT         ?PR?AT25SF041_CHIPERASE?AT25SF041
            CODE    6CC4H     0059H     UNIT         ?PR?LCD_INIT?LCD_DRIVER_SPLC780D
            CODE    6D1DH     0056H     UNIT         ?CO?MAIN
            CODE    6D73H     004BH     UNIT         ?CO?UART1
            CODE    6DBEH     004AH     UNIT         ?PR?VONESTEPMOVE?BIPOLARMOTOR
            CODE    6E08H     004AH     UNIT         ?PR?ACOS?ACOS
BL51 BANKED LINKER/LOCATER V6.22                                                      08/21/2019  11:18:05  PAGE 4


            CODE    6E52H     0044H     UNIT         ?C?LDIV
            CODE    6E96H     0040H     UNIT         ?PR?_COMMAND?LCD_DRIVER_SPLC780D
            CODE    6ED6H     0040H     UNIT         ?PR?_STEP_MOVE?BIPOLARMOTOR
            CODE    6F16H     003BH     UNIT         ?PR?ASIN?ASIN
            CODE    6F51H     0033H     UNIT         ?PR?_SENDSTRING?UART1
            CODE    6F84H     0031H     UNIT         ?PR?SI1120_CONFIG_MODE_VIRH?SI1120
            CODE    6FB5H     002BH     UNIT         ?PR?_WAIT_MS_I2C?IOEXPANDER_PI4IOE5V96248
            CODE    6FE0H     002BH     UNIT         ?PR?_WAIT_MS_SPINOR?AT25SF041
            CODE    700BH     002AH     UNIT         ?PR?_ADC_GETRESULT?ADC
            CODE    7035H     0028H     UNIT         ?PR?_MOVE?BIPOLARMOTOR
            CODE    705DH     0028H     UNIT         ?CO?CALIBRATION
            CODE    7085H     0027H     UNIT         ?PR?_I2C_SENDBYTE?IOEXPANDER_PI4IOE5V96248
            CODE    70ACH     0027H     UNIT         ?PR?PUTCHAR?PUTCHAR
            CODE    70D3H     0025H     UNIT         ?PR?_FINDCLOSESTSAMEDAYCALIBTIME?CALIBRATION
            CODE    70F8H     0024H     UNIT         ?PR?_WAIT_MS?LCD_DRIVER_SPLC780D
            CODE    711CH     0024H     UNIT         ?PR?_UART1_SENDTOTCPSERVER?UART1
            CODE    7140H     0021H     UNIT         ?PR?TM0_ISR?MAIN
            CODE    7161H     0020H     UNIT         ?PR?_SPI_SENDBYTE?PCF85063BTL
            CODE    7181H     0020H     UNIT         ?PR?SPI_RECEIVEBYTE?PCF85063BTL
            CODE    71A1H     001EH     UNIT         ?PR?_DELAY_MS?KEYPAD
            CODE    71BFH     001DH     UNIT         ?PR?_DISPLAYLCD?LCD_DRIVER_SPLC780D
            CODE    71DCH     001BH     UNIT         ?PR?_BCDTODEC1?BIPOLARMOTOR
            CODE    71F7H     001AH     UNIT         ?PR?ADC_INIT?ADC
            CODE    7211H     0018H     UNIT         ?PR?_SPI_WRITETIME?PCF85063BTL
            CODE    7229H     0017H     UNIT         ?PR?_ASCIITOBCD?UART1
            CODE    7240H     0016H     UNIT         ?PR?I2C_ACK?IOEXPANDER_PI4IOE5V96248
            CODE    7256H     0015H     UNIT         ?PR?_DISPLAY_LINE?LCD_DRIVER_SPLC780D
            CODE    726BH     0015H     UNIT         ?PR?VSETLOCATION?BIPOLARMOTOR
            CODE    7280H     0015H     UNIT         ?PR?I2C_STOP?IOEXPANDER_PI4IOE5V96248
            CODE    7295H     0014H     UNIT         ?PR?_PCF85063BTL_DELAY?PCF85063BTL
            CODE    72A9H     0014H     UNIT         ?PR?_ISSPACE?ISSPACE
            CODE    72BDH     0011H     UNIT         ?PR?_SPI_READTIME?PCF85063BTL
            CODE    72CEH     0011H     UNIT         ?PR?_BCDTODEC?PCF85063BTL
            CODE    72DFH     0011H     UNIT         ?PR?INITUART1?UART1
            CODE    72F0H     000FH     UNIT         ?PR?I2C_START?IOEXPANDER_PI4IOE5V96248
            CODE    72FFH     000FH     UNIT         ?PR?UC_NACK?IOEXPANDER_PI4IOE5V96248
            CODE    730EH     000FH     UNIT         ?PR?_ISDIGIT?ISDIGIT
            CODE    731DH     000DH     UNIT         ?PR?SPI_INIT?PCF85063BTL
            CODE    732AH     000DH     UNIT         ?PR?ENABLE_EXTINT0?SI1120
            CODE    7337H     000DH     UNIT         ?PR?_FABS?FABS
            CODE    7344H     000CH     UNIT         ?PR?KEYPAD_IO_INIT?KEYPAD
            CODE    7350H     000CH     UNIT         ?PR?_ABS?ABS
            CODE    735CH     000AH     UNIT         ?PR?LCD_RETURN_HOME?LCD_DRIVER_SPLC780D
            CODE    7366H     000AH     UNIT         ?PR?LCD_CLEAR?LCD_DRIVER_SPLC780D
            CODE    7370H     0009H     UNIT         ?PR?TM1_ISR?MAIN
            CODE    7379H     0009H     UNIT         ?PR?_SENDUART1?MAIN
            CODE    7382H     0009H     UNIT         ?PR?UART1_INITTCPCONN?UART1
            CODE    738BH     0006H     UNIT         ?PR?UC_ACK?IOEXPANDER_PI4IOE5V96248
            CODE    7391H     0006H     UNIT         ?PR?_TEN?UART1
            CODE    7397H     0001H     UNIT         ?PR?NOP?IOEXPANDER_PI4IOE5V96248
            CODE    7398H     0001H     UNIT         ?PR?_DECTOBCD?UART1



OVERLAY MAP OF MODULE:   .\Obj\GPIO_RTC_Test (MAIN)


BL51 BANKED LINKER/LOCATER V6.22                                                      08/21/2019  11:18:05  PAGE 5


SEGMENT                                             BIT_GROUP          DATA_GROUP          XDATA_GROUP
  +--> CALLED SEGMENT                            START    LENGTH     START    LENGTH     START    LENGTH
--------------------------------------------------------------------------------------------------------
?PR?EXINT0?MAIN                                  -----    -----      -----    -----      -----    -----
  +--> ?PR?_POW?POW

?PR?_POW?POW                                     -----    -----      -----    -----      03BCH    000AH
  +--> ?PR?LOG?LOG
  +--> ?PR?EXP?EXP

?PR?LOG?LOG                                      0020H.0  0000H.1    -----    -----      03C6H    0004H

*** NEW ROOT ***************************************************

?C_C51STARTUP                                    -----    -----      -----    -----      -----    -----
  +--> ?PR?MAIN?MAIN
  +--> ?C_INITSEG

?PR?MAIN?MAIN                                    -----    -----      -----    -----      03CAH    002EH
  +--> ?PR?LCD_INIT?LCD_DRIVER_SPLC780D
  +--> ?PR?SPI_INIT?PCF85063BTL
  +--> ?PR?KEYPAD_IO_INIT?KEYPAD
  +--> ?PR?ADC_INIT?ADC
  +--> ?PR?SI1120_CONFIG_MODE_VIRH?SI1120
  +--> ?PR?ENABLE_EXTINT0?SI1120
  +--> ?PR?VSETLOCATION?BIPOLARMOTOR
  +--> ?PR?_SPI_WRITETIME?PCF85063BTL
  +--> ?PR?_DELAY_MS?KEYPAD
  +--> ?PR?_DISPLAY_LINE?LCD_DRIVER_SPLC780D
  +--> ?PR?_WRITEDATA?LCD_DRIVER_SPLC780D
  +--> ?PR?INITUART1?UART1
  +--> ?PR?UART1_INITTCPCONN?UART1
  +--> ?CO?MAIN
  +--> ?PR?_UART1_SENDTOTCPSERVER?UART1
  +--> ?PR?KEY_PROCESS?KEYPAD
  +--> ?PR?_COMMAND?LCD_DRIVER_SPLC780D
  +--> ?PR?_DISPLAY_POS?LCD_DRIVER_SPLC780D
  +--> ?PR?_DISPLAYLCD?LCD_DRIVER_SPLC780D
  +--> ?PR?_STEP_MOVE?BIPOLARMOTOR
  +--> ?PR?LCD_RETURN_HOME?LCD_DRIVER_SPLC780D
  +--> ?PR?_READ_TIME?PCF85063BTL
  +--> ?PR?_BCDTODEC1?BIPOLARMOTOR
  +--> ?PR?_SENDSTRING?UART1
  +--> ?PR?_ELEVATION_CALCULATION?BIPOLARMOTOR
  +--> ?PR?PRINTF?PRINTF
  +--> ?PR?_CALIBRATION?CALIBRATION
  +--> ?PR?_UPDATE_POSITION?BIPOLARMOTOR
  +--> ?PR?_AT25SF041_READ?AT25SF041
  +--> ?PR?_WAIT_MS_SPINOR?AT25SF041
  +--> ?PR?AT25SF041_WRITEENABLE?AT25SF041
  +--> ?PR?_AT25SF041_WRITE?AT25SF041
  +--> ?PR?_ABS?ABS
  +--> ?PR?_FABS?FABS
  +--> ?PR?SPI_NOR_WRITE_DATA?AT25SF041
  +--> ?PR?_WAIT_MS?LCD_DRIVER_SPLC780D
  +--> ?PR?LINEAR_INTERPOLATE?BIPOLARMOTOR
  +--> ?PR?_FINDCLOSESTSAMEDAYCALIBTIME?CALI...
BL51 BANKED LINKER/LOCATER V6.22                                                      08/21/2019  11:18:05  PAGE 6


  +--> ?PR?_ADC_GETRESULT?ADC
  +--> ?PR?AT25SF041_CHIPERASE?AT25SF041
  +--> ?PR?LCD_CLEAR?LCD_DRIVER_SPLC780D

?PR?LCD_INIT?LCD_DRIVER_SPLC780D                 -----    -----      -----    -----      -----    -----
  +--> ?PR?_WAIT_MS?LCD_DRIVER_SPLC780D
  +--> ?PR?_COMMAND?LCD_DRIVER_SPLC780D

?PR?_COMMAND?LCD_DRIVER_SPLC780D                 -----    -----      -----    -----      -----    -----
  +--> ?PR?_WAIT_MS?LCD_DRIVER_SPLC780D

?PR?SI1120_CONFIG_MODE_VIRH?SI1120               -----    -----      -----    -----      -----    -----
  +--> ?PR?_WAIT_MS?LCD_DRIVER_SPLC780D

?PR?_SPI_WRITETIME?PCF85063BTL                   -----    -----      -----    -----      -----    -----
  +--> ?PR?_SPI_SENDBYTE?PCF85063BTL

?PR?_SPI_SENDBYTE?PCF85063BTL                    -----    -----      -----    -----      -----    -----
  +--> ?PR?_PCF85063BTL_DELAY?PCF85063BTL

?PR?_DISPLAY_LINE?LCD_DRIVER_SPLC780D            -----    -----      -----    -----      -----    -----
  +--> ?PR?_COMMAND?LCD_DRIVER_SPLC780D

?PR?_WRITEDATA?LCD_DRIVER_SPLC780D               -----    -----      -----    -----      04F4H    0001H
  +--> ?PR?_WAIT_MS?LCD_DRIVER_SPLC780D

?PR?UART1_INITTCPCONN?UART1                      -----    -----      -----    -----      -----    -----
  +--> ?CO?UART1
  +--> ?PR?_SENDSTRING?UART1

?PR?_SENDSTRING?UART1                            -----    -----      -----    -----      04E9H    0003H
  +--> ?PR?_SENDUART1?MAIN

?PR?_UART1_SENDTOTCPSERVER?UART1                 -----    -----      -----    -----      03F8H    0003H
  +--> ?CO?UART1
  +--> ?PR?_SENDSTRING?UART1
  +--> ?PR?_DELAY_MS?KEYPAD

?PR?KEY_PROCESS?KEYPAD                           -----    -----      -----    -----      03F8H    0006H
  +--> ?PR?KEY_SCAN?KEYPAD
  +--> ?PR?_SPI_WRITETIME?PCF85063BTL
  +--> ?PR?LCD_CLEAR?LCD_DRIVER_SPLC780D
  +--> ?PR?_COMMAND?LCD_DRIVER_SPLC780D
  +--> ?PR?_WRITEDATA?LCD_DRIVER_SPLC780D

?PR?KEY_SCAN?KEYPAD                              -----    -----      -----    -----      03FEH    0003H

?PR?LCD_CLEAR?LCD_DRIVER_SPLC780D                -----    -----      -----    -----      -----    -----
  +--> ?PR?_COMMAND?LCD_DRIVER_SPLC780D

?PR?_DISPLAY_POS?LCD_DRIVER_SPLC780D             -----    -----      -----    -----      04E9H    000BH
  +--> ?PR?_ABS?ABS
  +--> ?PR?_WRITEDATA?LCD_DRIVER_SPLC780D

?PR?_DISPLAYLCD?LCD_DRIVER_SPLC780D              -----    -----      -----    -----      03F8H    0001H
  +--> ?PR?_WRITEDATA?LCD_DRIVER_SPLC780D

BL51 BANKED LINKER/LOCATER V6.22                                                      08/21/2019  11:18:05  PAGE 7


?PR?_STEP_MOVE?BIPOLARMOTOR                      0020H.2  0000H.1    -----    -----      04EDH    0004H
  +--> ?PR?VONESTEPMOVE?BIPOLARMOTOR

?PR?VONESTEPMOVE?BIPOLARMOTOR                    0020H.3  0000H.1    -----    -----      -----    -----
  +--> ?PR?_WRITE_PI4IOE5V96248?IOEXPANDER_P...
  +--> ?PR?_DELAY_MS?KEYPAD

?PR?_WRITE_PI4IOE5V96248?IOEXPANDER_P...         -----    -----      -----    -----      04F1H    0003H
  +--> ?PR?I2C_START?IOEXPANDER_PI4IOE5V96248
  +--> ?PR?_WAIT_MS_I2C?IOEXPANDER_PI4IOE5V9...
  +--> ?PR?_I2C_SENDBYTE?IOEXPANDER_PI4IOE5V...
  +--> ?PR?I2C_ACK?IOEXPANDER_PI4IOE5V96248
  +--> ?PR?I2C_STOP?IOEXPANDER_PI4IOE5V96248

?PR?I2C_START?IOEXPANDER_PI4IOE5V96248           -----    -----      -----    -----      -----    -----
  +--> ?PR?_WAIT_MS_I2C?IOEXPANDER_PI4IOE5V9...

?PR?_I2C_SENDBYTE?IOEXPANDER_PI4IOE5V...         -----    -----      -----    -----      -----    -----
  +--> ?PR?_WAIT_MS_I2C?IOEXPANDER_PI4IOE5V9...

?PR?I2C_ACK?IOEXPANDER_PI4IOE5V96248             -----    -----      -----    -----      04F4H    0001H
  +--> ?PR?_WAIT_MS_I2C?IOEXPANDER_PI4IOE5V9...

?PR?I2C_STOP?IOEXPANDER_PI4IOE5V96248            -----    -----      -----    -----      -----    -----
  +--> ?PR?_WAIT_MS_I2C?IOEXPANDER_PI4IOE5V9...

?PR?LCD_RETURN_HOME?LCD_DRIVER_SPLC780D          -----    -----      -----    -----      -----    -----
  +--> ?PR?_COMMAND?LCD_DRIVER_SPLC780D

?PR?_READ_TIME?PCF85063BTL                       -----    -----      -----    -----      04E9H    000FH
  +--> ?PR?_SPI_READTIME?PCF85063BTL

?PR?_SPI_READTIME?PCF85063BTL                    -----    -----      -----    -----      -----    -----
  +--> ?PR?_SPI_SENDBYTE?PCF85063BTL
  +--> ?PR?SPI_RECEIVEBYTE?PCF85063BTL

?PR?SPI_RECEIVEBYTE?PCF85063BTL                  -----    -----      -----    -----      -----    -----
  +--> ?PR?_PCF85063BTL_DELAY?PCF85063BTL

?PR?_ELEVATION_CALCULATION?BIPOLARMOTOR          -----    -----      -----    -----      03F8H    0005H
  +--> ?PR?_BCDTODEC1?BIPOLARMOTOR
  +--> ?PR?SUNPOS?SUNPOS
  +--> ?PR?SIN?SIN
  +--> ?PR?ASIN?ASIN

?PR?SUNPOS?SUNPOS                                -----    -----      -----    -----      0442H    005DH
  +--> ?PR?SIN?SIN
  +--> ?PR?_ATAN2?ATAN2
  +--> ?PR?ASIN?ASIN
  +--> ?PR?ACOS?ACOS

?PR?SIN?SIN                                      0020H.1  0000H.1    -----    -----      049FH    0004H

?PR?_ATAN2?ATAN2                                 -----    -----      -----    -----      049FH    0008H
  +--> ?PR?ATAN?ATAN

?PR?ATAN?ATAN                                    0020H.1  0000H.2    -----    -----      04A7H    0004H
BL51 BANKED LINKER/LOCATER V6.22                                                      08/21/2019  11:18:05  PAGE 8



?PR?ASIN?ASIN                                    -----    -----      -----    -----      -----    -----
  +--> ?PR?SQRT?SQRT
  +--> ?PR?ATAN?ATAN

?PR?SQRT?SQRT                                    -----    -----      -----    -----      049FH    0004H

?PR?ACOS?ACOS                                    -----    -----      -----    -----      -----    -----
  +--> ?PR?SQRT?SQRT
  +--> ?PR?ATAN?ATAN

?PR?PRINTF?PRINTF                                0020H.1  0001H.1    0008H    0005H      04E9H    0030H
  +--> ?PR?PUTCHAR?PUTCHAR

?PR?_CALIBRATION?CALIBRATION                     -----    -----      -----    -----      03F8H    0024H
  +--> ?PR?VOLTAGE_IS_STABLE?CALIBRATION
  +--> ?PR?_UPDATE_POSITION?BIPOLARMOTOR
  +--> ?PR?_FIND_REAL_MAX?CALIBRATION

?PR?VOLTAGE_IS_STABLE?CALIBRATION                -----    -----      -----    -----      041CH    0018H
  +--> ?PR?_ADC_GETRESULT?ADC
  +--> ?PR?_ABS?ABS

?PR?_UPDATE_POSITION?BIPOLARMOTOR                -----    -----      -----    -----      041CH    0026H
  +--> ?PR?_BCDTODEC1?BIPOLARMOTOR
  +--> ?PR?SUNPOS?SUNPOS
  +--> ?PR?SIN?SIN
  +--> ?PR?ASIN?ASIN
  +--> ?PR?_THEORICALJP_POSITION?BIPOLARMOTOR
  +--> ?PR?_FABS?FABS

?PR?_THEORICALJP_POSITION?BIPOLARMOTOR           -----    -----      -----    -----      0442H    005CH
  +--> ?PR?LINEAR_INTERPOLATE?BIPOLARMOTOR

?PR?LINEAR_INTERPOLATE?BIPOLARMOTOR              -----    -----      -----    -----      049EH    0014H

?PR?_FIND_REAL_MAX?CALIBRATION                   -----    -----      -----    -----      041CH    00CDH
  +--> ?PR?_ADC_GETRESULT?ADC
  +--> ?PR?_WAIT_MS?LCD_DRIVER_SPLC780D
  +--> ?CO?CALIBRATION
  +--> ?PR?PRINTF?PRINTF
  +--> ?PR?_SENDSTRING?UART1
  +--> ?PR?_COMMAND?LCD_DRIVER_SPLC780D
  +--> ?PR?_WRITEDATA?LCD_DRIVER_SPLC780D
  +--> ?PR?_DISPLAY_POS?LCD_DRIVER_SPLC780D
  +--> ?PR?_MOVE?BIPOLARMOTOR
  +--> ?PR?_READ_TIME?PCF85063BTL
  +--> ?PR?_BCDTODEC1?BIPOLARMOTOR
  +--> ?PR?_MAX_VALUE?CALIBRATION

?PR?_MOVE?BIPOLARMOTOR                           0020H.1  0000H.1    -----    -----      04E9H    0004H
  +--> ?PR?_STEP_MOVE?BIPOLARMOTOR

?PR?_MAX_VALUE?CALIBRATION                       -----    -----      -----    -----      04E9H    0004H

?PR?_AT25SF041_READ?AT25SF041                    -----    -----      -----    -----      03F8H    0008H
  +--> ?PR?_WAIT_MS_SPINOR?AT25SF041
BL51 BANKED LINKER/LOCATER V6.22                                                      08/21/2019  11:18:05  PAGE 9


  +--> ?PR?UCREAD_STATUS_REGISTER_BYTE1?AT25...

?PR?UCREAD_STATUS_REGISTER_BYTE1?AT25...         -----    -----      -----    -----      040EH    0003H
  +--> ?PR?_WAIT_MS_SPINOR?AT25SF041

?PR?AT25SF041_WRITEENABLE?AT25SF041              -----    -----      -----    -----      0406H    0002H
  +--> ?PR?_WAIT_MS_SPINOR?AT25SF041
  +--> ?PR?UCREAD_STATUS_REGISTER_BYTE1?AT25...

?PR?_AT25SF041_WRITE?AT25SF041                   -----    -----      -----    -----      0406H    0008H
  +--> ?PR?_WAIT_MS_SPINOR?AT25SF041
  +--> ?PR?UCREAD_STATUS_REGISTER_BYTE1?AT25...

?PR?SPI_NOR_WRITE_DATA?AT25SF041                 -----    -----      -----    -----      03F8H    000EH
  +--> ?PR?AT25SF041_WRITEENABLE?AT25SF041
  +--> ?PR?_AT25SF041_WRITE?AT25SF041
  +--> ?PR?_WAIT_MS_SPINOR?AT25SF041

?PR?AT25SF041_CHIPERASE?AT25SF041                -----    -----      -----    -----      03F8H    0002H
  +--> ?PR?_WAIT_MS_SPINOR?AT25SF041
  +--> ?PR?UCREAD_STATUS_REGISTER_BYTE1?AT25...



SYMBOL TABLE OF MODULE:  .\Obj\GPIO_RTC_Test (MAIN)

  VALUE           TYPE          NAME
  ----------------------------------

  -------         MODULE        MAIN
  C:0000H         SYMBOL        _ICE_DUMMY_
  X:0521H         PUBLIC        calib_value
  D:0080H         PUBLIC        P0
  D:0090H         PUBLIC        P1
  D:00A0H         PUBLIC        P2
  D:00B0H         PUBLIC        P3
  D:00C0H         PUBLIC        P4
  D:00C8H         PUBLIC        P5
  X:0575H         SYMBOL        PressedKey
  B:00A8H.7       PUBLIC        EA
  D:00E8H         PUBLIC        P6
  X:0579H         PUBLIC        calib_stamp
  D:00F8H         PUBLIC        P7
  X:057AH         PUBLIC        sTempString
  X:0583H         PUBLIC        calib_bool
  X:05ADH         PUBLIC        pwm_time_min
  D:00A8H         PUBLIC        IE
  X:05B1H         PUBLIC        calib_time
  X:0605H         PUBLIC        pwm_time_max
  B:0090H.7       PUBLIC        Connect_Electronics_Load
  D:00B8H         PUBLIC        IP
  B:0098H.0       PUBLIC        RI
  B:00B0H.2       PUBLIC        INT0
  X:0609H         PUBLIC        months
  B:0098H.1       PUBLIC        TI
  C:000EH         PUBLIC        Uart
  D:00D8H         PUBLIC        CCON
BL51 BANKED LINKER/LOCATER V6.22                                                      08/21/2019  11:18:05  PAGE 10


  C:0026H         PUBLIC        main
  X:060AH         PUBLIC        found_1st_point
  X:060CH         PUBLIC        i_point1
  X:060EH         PUBLIC        i_point2
  X:0610H         PUBLIC        count
  B:0090H.2       PUBLIC        Connect_IV_Load
  D:0099H         PUBLIC        SBUF
  X:0612H         PUBLIC        days
  X:0613H         PUBLIC        hours
  D:0098H         PUBLIC        SCON
  D:0089H         PUBLIC        TMOD
  D:0088H         PUBLIC        TCON
  B:00A0H.3       PUBLIC        P23
  X:0614H         SYMBOL        KeyCount
  X:0616H         PUBLIC        mins
  B:00C8H.5       PUBLIC        P55
  X:0617H         PUBLIC        diff_of_offset
  D:008EH         PUBLIC        AUXR
  C:7140H         PUBLIC        tm0_isr
  B:0090H.5       PUBLIC        SI1120_STX
  C:7370H         PUBLIC        tm1_isr
  B:0021H.2       PUBLIC        busy
  D:00E0H         PUBLIC        ACC
  B:00A8H.1       PUBLIC        ET0
  B:00A8H.3       PUBLIC        ET1
  X:061BH         PUBLIC        SPI_NOR_INTERNAL_FLASH_ADDR
  D:008CH         PUBLIC        TH0
  D:008DH         PUBLIC        TH1
  D:008AH         PUBLIC        TL0
  D:008BH         PUBLIC        TL1
  X:061FH         PUBLIC        ii
  X:0621H         PUBLIC        jj
  B:0088H.4       PUBLIC        TR0
  B:0088H.6       PUBLIC        TR1
  X:0623H         PUBLIC        old_mins
  C:62E1H         PUBLIC        exint0
  X:0624H         SYMBOL        KeyNum
  X:0625H         SYMBOL        KeyNum_Old
  X:0626H         PUBLIC        timer0_count
  X:0628H         PUBLIC        current_position
  X:062CH         PUBLIC        pwm_time
  X:0630H         PUBLIC        i
  X:0632H         PUBLIC        j
  X:0634H         PUBLIC        start_timer0_count
  X:0635H         PUBLIC        seconds
  D:00D0H         PUBLIC        PSW
  C:7379H         PUBLIC        _SendUART1
  -------         PROC          TM0_ISR
  C:7140H         LINE#         106
  C:7146H         LINE#         110
  C:7149H         LINE#         111
  C:714CH         LINE#         112
  C:715AH         LINE#         113
  -------         ENDPROC       TM0_ISR
  -------         PROC          TM1_ISR
  C:7370H         LINE#         114
  C:7370H         LINE#         116
BL51 BANKED LINKER/LOCATER V6.22                                                      08/21/2019  11:18:05  PAGE 11


  C:7372H         LINE#         118
  C:7375H         LINE#         119
  C:7378H         LINE#         120
  -------         ENDPROC       TM1_ISR
  -------         PROC          EXINT0
  C:62E1H         LINE#         121
  C:62FEH         LINE#         125
  C:6301H         LINE#         126
  C:6301H         LINE#         127
  C:6304H         LINE#         128
  C:6307H         LINE#         129
  C:6309H         LINE#         130
  C:630BH         LINE#         134
  C:630EH         LINE#         137
  C:630EH         LINE#         138
  C:6310H         LINE#         140
  C:631CH         LINE#         141
  C:6376H         LINE#         142
  C:63B4H         LINE#         143
  C:63BBH         LINE#         148
  C:63BBH         LINE#         150
  -------         ENDPROC       EXINT0
  -------         PROC          MAIN
  -------         DO            
  X:0519H         SYMBOL        KeyCount
  X:051BH         SYMBOL        KeyNum_Old
  X:051CH         SYMBOL        KeyNum
  X:051DH         SYMBOL        PressedKey
  X:03CAH         SYMBOL        prox_flag
  X:03CBH         SYMBOL        iUse_prevday_calib_value
  X:03CDH         SYMBOL        max_ADC_Val_JP
  X:03CFH         SYMBOL        max_ADC_Val
  X:03D1H         SYMBOL        calib_point1
  X:03D9H         SYMBOL        calib_point2
  X:03E1H         SYMBOL        dat_to_store
  X:03ECH         SYMBOL        calib_day
  X:03EEH         SYMBOL        calib_count
  X:03F0H         SYMBOL        theorical_JP_max_pos
  X:03F4H         SYMBOL        elevation
  -------         ENDDO         
  C:0026H         LINE#         152
  C:0026H         LINE#         153
  C:0026H         LINE#         158
  C:002CH         LINE#         159
  C:0031H         LINE#         161
  C:0039H         LINE#         165
  C:003FH         LINE#         166
  C:0049H         LINE#         177
  C:0051H         LINE#         178
  C:0058H         LINE#         179
  C:005EH         LINE#         181
  C:0064H         LINE#         193
  C:0067H         LINE#         194
  C:006AH         LINE#         195
  C:006DH         LINE#         197
  C:0070H         LINE#         200
  C:0073H         LINE#         201
BL51 BANKED LINKER/LOCATER V6.22                                                      08/21/2019  11:18:05  PAGE 12


  C:0076H         LINE#         203
  C:0079H         LINE#         205
  C:007CH         LINE#         206
  C:007FH         LINE#         207
  C:0082H         LINE#         208
  C:0084H         LINE#         209
  C:0086H         LINE#         210
  C:0089H         LINE#         211
  C:008BH         LINE#         212
  C:008DH         LINE#         214
  C:008FH         LINE#         215
  C:0096H         LINE#         216
  C:009DH         LINE#         217
  C:00A4H         LINE#         218
  C:00ABH         LINE#         222
  C:00B2H         LINE#         223
  C:00B7H         LINE#         224
  C:00BCH         LINE#         225
  C:00C1H         LINE#         226
  C:00C6H         LINE#         227
  C:00CBH         LINE#         230
  C:00D2H         LINE#         231
  C:00D2H         LINE#         232
  C:00F5H         LINE#         233
  C:013FH         LINE#         234
  C:0154H         LINE#         235
  C:0171H         LINE#         236
  C:0174H         LINE#         239
  C:017BH         LINE#         242
  C:017EH         LINE#         244
  C:0185H         LINE#         245
  C:018EH         LINE#         248
  C:018EH         LINE#         249
  C:018EH         LINE#         250
  C:0191H         LINE#         260
  C:0191H         LINE#         264
  C:0196H         LINE#         265
  C:019BH         LINE#         267
  C:01A0H         LINE#         269
  C:01A5H         LINE#         270
  C:01AAH         LINE#         273
  C:01BBH         LINE#         275
  C:01C0H         LINE#         276
  C:01C5H         LINE#         278
  C:01CCH         LINE#         279
  C:01D4H         LINE#         280
  C:01D9H         LINE#         281
  C:01E1H         LINE#         282
  C:01E6H         LINE#         283
  C:01F0H         LINE#         284
  C:01F5H         LINE#         285
  C:01FDH         LINE#         287
  C:0205H         LINE#         288
  C:020AH         LINE#         289
  C:0214H         LINE#         290
  C:0214H         LINE#         291
  C:0216H         LINE#         292
BL51 BANKED LINKER/LOCATER V6.22                                                      08/21/2019  11:18:05  PAGE 13


  C:0218H         LINE#         293
  C:0222H         LINE#         294
  C:0222H         LINE#         295
  C:0227H         LINE#         296
  C:0227H         LINE#         308
  C:023BH         LINE#         309
  C:023BH         LINE#         310
  C:0250H         LINE#         311
  C:025FH         LINE#         312
  C:025FH         LINE#         313
  C:0272H         LINE#         314
  C:0274H         LINE#         316
  C:0274H         LINE#         317
  C:0290H         LINE#         318
  C:0290H         LINE#         319
  C:0295H         LINE#         320
  C:0295H         LINE#         321
  C:02A9H         LINE#         322
  C:02A9H         LINE#         325
  C:02BEH         LINE#         326
  C:02CDH         LINE#         327
  C:02CDH         LINE#         328
  C:02E0H         LINE#         329
  C:02E2H         LINE#         331
  C:02E2H         LINE#         332
  C:02FEH         LINE#         333
  C:02FEH         LINE#         334
  C:0303H         LINE#         335
  C:0309H         LINE#         336
  C:0309H         LINE#         338
  C:032BH         LINE#         339
  C:032BH         LINE#         340
  C:0335H         LINE#         341
  C:033BH         LINE#         342
  C:0342H         LINE#         343
  C:0348H         LINE#         344
  C:034FH         LINE#         345
  C:034FH         LINE#         346
  C:0352H         LINE#         348
  C:0352H         LINE#         353
  C:035AH         LINE#         354
  C:0395H         LINE#         355
  C:03B3H         LINE#         356
  C:03B3H         LINE#         358
  C:03BCH         LINE#         359
  C:03C3H         LINE#         360
  C:03CCH         LINE#         361
  C:03D3H         LINE#         363
  C:03D3H         LINE#         367
  C:03E0H         LINE#         368
  C:03E0H         LINE#         375
  C:03E0H         LINE#         376
  C:0408H         LINE#         377
  C:0408H         LINE#         378
  C:042AH         LINE#         379
  C:042AH         LINE#         381
  C:0450H         LINE#         382
BL51 BANKED LINKER/LOCATER V6.22                                                      08/21/2019  11:18:05  PAGE 14


  C:04A6H         LINE#         383
  C:04AFH         LINE#         384
  C:04B6H         LINE#         385
  C:04BFH         LINE#         386
  C:04C8H         LINE#         387
  C:04CFH         LINE#         393
  C:04CFH         LINE#         399
  C:04CFH         LINE#         401
  C:054BH         LINE#         402
  C:0564H         LINE#         403
  C:0566H         LINE#         404
  C:0568H         LINE#         406
  C:05F2H         LINE#         411
  C:0620H         LINE#         412
  C:0620H         LINE#         414
  C:0656H         LINE#         415
  C:0679H         LINE#         416
  C:068EH         LINE#         417
  C:0698H         LINE#         419
  C:069BH         LINE#         421
  C:069BH         LINE#         422
  C:06C1H         LINE#         423
  C:06C1H         LINE#         424
  C:06E9H         LINE#         425
  C:0798H         LINE#         426
  C:07BEH         LINE#         427
  C:0870H         LINE#         430
  C:0870H         LINE#         432
  C:0877H         LINE#         433
  C:087AH         LINE#         436
  C:08AFH         LINE#         437
  C:08B6H         LINE#         438
  C:08B9H         LINE#         440
  C:08F3H         LINE#         441
  C:091FH         LINE#         443
  C:094EH         LINE#         445
  C:0955H         LINE#         446
  C:095CH         LINE#         447
  C:095FH         LINE#         450
  C:09C7H         LINE#         452
  C:09CEH         LINE#         454
  C:09D5H         LINE#         455
  C:09D8H         LINE#         458
  C:0A97H         LINE#         460
  C:0A9EH         LINE#         461
  C:0A9EH         LINE#         463
  C:0AA0H         LINE#         465
  C:0AA0H         LINE#         467
  C:0AA0H         LINE#         468
  C:0AA0H         LINE#         469
  C:0AA0H         LINE#         486
  C:0AA8H         LINE#         487
  C:0AB0H         LINE#         488
  C:0AB8H         LINE#         489
  C:0AC0H         LINE#         491
  C:0AD4H         LINE#         492
  C:0AEAH         LINE#         493
BL51 BANKED LINKER/LOCATER V6.22                                                      08/21/2019  11:18:05  PAGE 15


  C:0B1AH         LINE#         494
  C:0B3AH         LINE#         496
  C:0B4EH         LINE#         497
  C:0B64H         LINE#         498
  C:0B94H         LINE#         499
  C:0B9BH         LINE#         501
  C:0BBFH         LINE#         504
  C:0BEAH         LINE#         506
  C:0BF3H         LINE#         507
  C:0BFAH         LINE#         508
  C:0C03H         LINE#         509
  C:0C0CH         LINE#         510
  C:0C13H         LINE#         512
  C:0C50H         LINE#         514
  C:0C59H         LINE#         515
  C:0C60H         LINE#         516
  C:0C69H         LINE#         517
  C:0C72H         LINE#         518
  C:0C79H         LINE#         520
  C:0CA4H         LINE#         522
  C:0CADH         LINE#         523
  C:0CB4H         LINE#         524
  C:0CBDH         LINE#         525
  C:0CC6H         LINE#         526
  C:0CCDH         LINE#         528
  C:0CF8H         LINE#         530
  C:0D01H         LINE#         531
  C:0D08H         LINE#         532
  C:0D11H         LINE#         533
  C:0D18H         LINE#         534
  C:0D21H         LINE#         535
  C:0D28H         LINE#         537
  C:0D2AH         LINE#         539
  C:0D38H         LINE#         540
  C:0D38H         LINE#         541
  C:0D40H         LINE#         544
  C:0D40H         LINE#         545
  C:0D40H         LINE#         547
  C:0D65H         LINE#         548
  C:0D65H         LINE#         549
  C:0D87H         LINE#         550
  C:0D87H         LINE#         551
  C:0E03H         LINE#         552
  C:0E05H         LINE#         553
  C:0E07H         LINE#         555
  C:0E5FH         LINE#         558
  C:0E6EH         LINE#         559
  C:0E6EH         LINE#         560
  C:0E6EH         LINE#         561
  C:0E6EH         LINE#         562
  C:0E6EH         LINE#         563
  C:0E6EH         LINE#         564
  C:0E6EH         LINE#         565
  C:0E6EH         LINE#         568
  C:0E6EH         LINE#         570
  C:0E6EH         LINE#         571
  C:0E6EH         LINE#         572
BL51 BANKED LINKER/LOCATER V6.22                                                      08/21/2019  11:18:05  PAGE 16


  C:0E6EH         LINE#         573
  C:0E6EH         LINE#         577
  C:0E6EH         LINE#         579
  C:0E6EH         LINE#         581
  C:0E6EH         LINE#         582
  C:0E6EH         LINE#         583
  C:0E6EH         LINE#         584
  C:0E6EH         LINE#         585
  C:0E6EH         LINE#         586
  C:0E6EH         LINE#         589
  C:0E6EH         LINE#         591
  C:0E6EH         LINE#         592
  C:0E6EH         LINE#         593
  C:0E6EH         LINE#         594
  C:0E6EH         LINE#         595
  C:0E6EH         LINE#         596
  C:0E6EH         LINE#         597
  C:0E6EH         LINE#         599
  C:0E71H         LINE#         602
  C:0E98H         LINE#         603
  C:0E98H         LINE#         606
  C:0EBAH         LINE#         607
  C:0EBAH         LINE#         609
  C:0F36H         LINE#         611
  C:0F63H         LINE#         612
  C:0F7EH         LINE#         618
  C:0F80H         LINE#         619
  C:0F82H         LINE#         621
  C:0FA6H         LINE#         622
  C:0FA6H         LINE#         628
  C:0FCCH         LINE#         630
  C:0FF3H         LINE#         631
  C:1067H         LINE#         633
  C:10F3H         LINE#         634
  C:10FAH         LINE#         635
  C:110BH         LINE#         637
  C:1173H         LINE#         638
  C:1175H         LINE#         640
  C:1175H         LINE#         641
  C:11D8H         LINE#         642
  C:11D8H         LINE#         645
  C:11E7H         LINE#         646
  C:11E7H         LINE#         647
  C:1265H         LINE#         648
  C:126EH         LINE#         649
  C:1275H         LINE#         650
  C:127EH         LINE#         651
  C:1287H         LINE#         652
  C:128EH         LINE#         655
  C:12B9H         LINE#         657
  C:12C2H         LINE#         658
  C:12C9H         LINE#         659
  C:12D2H         LINE#         660
  C:12DBH         LINE#         664
  C:12E2H         LINE#         666
  C:130DH         LINE#         668
  C:1316H         LINE#         669
BL51 BANKED LINKER/LOCATER V6.22                                                      08/21/2019  11:18:05  PAGE 17


  C:131DH         LINE#         670
  C:1326H         LINE#         671
  C:132DH         LINE#         673
  C:1336H         LINE#         674
  C:133DH         LINE#         677
  C:137BH         LINE#         679
  C:1384H         LINE#         680
  C:138BH         LINE#         681
  C:1394H         LINE#         682
  C:139DH         LINE#         683
  C:13A4H         LINE#         684
  C:13A4H         LINE#         686
  C:13A4H         LINE#         688
  C:13A4H         LINE#         689
  C:13A4H         LINE#         691
  C:13A4H         LINE#         695
  C:13C0H         LINE#         696
  C:13C0H         LINE#         697
  C:13C2H         LINE#         700
  C:13C5H         LINE#         702
  C:13F5H         LINE#         703
  C:13F5H         LINE#         704
  C:13F7H         LINE#         706
  C:1406H         LINE#         707
  C:1406H         LINE#         709
  C:1409H         LINE#         711
  C:140CH         LINE#         712
  C:1413H         LINE#         714
  C:142FH         LINE#         715
  C:142FH         LINE#         716
  C:144CH         LINE#         717
  C:144CH         LINE#         718
  C:1452H         LINE#         719
  C:1455H         LINE#         722
  C:148AH         LINE#         723
  C:1491H         LINE#         724
  C:1494H         LINE#         726
  C:14CEH         LINE#         727
  C:14E4H         LINE#         729
  C:14FDH         LINE#         731
  C:1504H         LINE#         732
  C:150BH         LINE#         733
  C:150EH         LINE#         736
  C:1563H         LINE#         738
  C:156AH         LINE#         740
  C:1571H         LINE#         741
  C:1574H         LINE#         744
  C:1620H         LINE#         746
  C:1627H         LINE#         747
  C:1627H         LINE#         748
  C:1638H         LINE#         750
  C:1638H         LINE#         754
  C:163FH         LINE#         755
  C:163FH         LINE#         758
  C:164EH         LINE#         759
  C:164EH         LINE#         760
  C:1680H         LINE#         761
BL51 BANKED LINKER/LOCATER V6.22                                                      08/21/2019  11:18:05  PAGE 18


  C:1680H         LINE#         762
  C:16FFH         LINE#         764
  C:1706H         LINE#         765
  C:1709H         LINE#         767
  C:1743H         LINE#         768
  C:1759H         LINE#         770
  C:1772H         LINE#         772
  C:1779H         LINE#         773
  C:1780H         LINE#         774
  C:1783H         LINE#         776
  C:17D8H         LINE#         777
  C:17DFH         LINE#         779
  C:17E6H         LINE#         780
  C:17E9H         LINE#         782
  C:1895H         LINE#         783
  C:189CH         LINE#         785
  C:18A3H         LINE#         786
  C:18A6H         LINE#         788
  C:18CAH         LINE#         789
  C:18D1H         LINE#         790
  C:18E2H         LINE#         793
  C:18F6H         LINE#         794
  C:190AH         LINE#         795
  C:1919H         LINE#         796
  C:1919H         LINE#         798
  C:194CH         LINE#         799
  C:194CH         LINE#         800
  C:1972H         LINE#         802
  C:1991H         LINE#         804
  C:19A3H         LINE#         807
  C:19CDH         LINE#         810
  C:19DCH         LINE#         811
  C:19DFH         LINE#         814
  C:1A10H         LINE#         815
  C:1A10H         LINE#         817
  C:1A36H         LINE#         819
  C:1A55H         LINE#         820
  C:1A67H         LINE#         823
  C:1A91H         LINE#         826
  C:1AA1H         LINE#         827
  C:1AA7H         LINE#         828
  C:1ABBH         LINE#         829
  C:1ACFH         LINE#         830
  C:1AD7H         LINE#         831
  C:1AE4H         LINE#         832
  C:1AE4H         LINE#         833
  C:1B08H         LINE#         834
  C:1B08H         LINE#         835
  C:1B52H         LINE#         836
  C:1B59H         LINE#         837
  C:1B5CH         LINE#         840
  C:1B80H         LINE#         842
  C:1B87H         LINE#         843
  C:1B8AH         LINE#         845
  C:1BBDH         LINE#         846
  C:1BDCH         LINE#         848
  C:1BFEH         LINE#         850
BL51 BANKED LINKER/LOCATER V6.22                                                      08/21/2019  11:18:05  PAGE 19


  C:1C05H         LINE#         852
  C:1C0CH         LINE#         853
  C:1C0FH         LINE#         855
  C:1C64H         LINE#         856
  C:1C6BH         LINE#         858
  C:1C72H         LINE#         859
  C:1C75H         LINE#         861
  C:1D21H         LINE#         862
  C:1D28H         LINE#         863
  C:1D39H         LINE#         864
  C:1D39H         LINE#         865
  C:1D39H         LINE#         869
  C:1D5BH         LINE#         870
  C:1D68H         LINE#         871
  C:1D68H         LINE#         872
  C:1D8BH         LINE#         873
  C:1D8BH         LINE#         874
  C:1DDBH         LINE#         875
  C:1DDBH         LINE#         876
  C:1DE2H         LINE#         877
  C:1DE5H         LINE#         879
  C:1E1FH         LINE#         880
  C:1E35H         LINE#         882
  C:1E4EH         LINE#         884
  C:1E55H         LINE#         885
  C:1E5CH         LINE#         886
  C:1E5FH         LINE#         888
  C:1EB4H         LINE#         889
  C:1EBBH         LINE#         891
  C:1EC2H         LINE#         892
  C:1EC5H         LINE#         894
  C:1F71H         LINE#         895
  C:1F78H         LINE#         897
  C:1F7FH         LINE#         898
  C:1F82H         LINE#         900
  C:1FA6H         LINE#         901
  C:1FADH         LINE#         902
  C:1FADH         LINE#         903
  C:1FBEH         LINE#         904
  C:1FBEH         LINE#         905
  C:1FBEH         LINE#         906
  C:1FE3H         LINE#         907
  C:1FE3H         LINE#         908
  C:1FFBH         LINE#         909
  C:1FFBH         LINE#         910
  C:2015H         LINE#         911
  C:2025H         LINE#         913
  C:2025H         LINE#         914
  C:2033H         LINE#         915
  C:2033H         LINE#         916
  C:203BH         LINE#         917
  C:203BH         LINE#         919
  C:204AH         LINE#         920
  C:204AH         LINE#         921
  C:204DH         LINE#         922
  C:2054H         LINE#         923
  C:2059H         LINE#         924
BL51 BANKED LINKER/LOCATER V6.22                                                      08/21/2019  11:18:05  PAGE 20


  C:205EH         LINE#         925
  C:2063H         LINE#         926
  C:2068H         LINE#         927
  C:206DH         LINE#         937
  C:2070H         LINE#         939
  C:2073H         LINE#         940
  C:207AH         LINE#         941
  C:2084H         LINE#         942
  C:208BH         LINE#         944
  C:208EH         LINE#         953
  C:208EH         LINE#         954
  -------         ENDPROC       MAIN
  -------         PROC          UART
  C:000EH         LINE#         968
  C:000EH         LINE#         970
  C:0011H         LINE#         971
  C:0011H         LINE#         972
  C:0013H         LINE#         974
  C:0013H         LINE#         975
  C:0016H         LINE#         976
  C:0016H         LINE#         977
  C:0018H         LINE#         978
  C:001AH         LINE#         979
  C:001AH         LINE#         980
  -------         ENDPROC       UART
  -------         PROC          _SENDUART1
  D:0007H         SYMBOL        dat
  C:7379H         LINE#         982
  C:7379H         LINE#         983
  C:7379H         LINE#         984
  C:737CH         LINE#         985
  C:737EH         LINE#         986
  C:737FH         LINE#         987
  C:7381H         LINE#         988
  -------         ENDPROC       _SENDUART1
  -------         ENDMOD        MAIN

  -------         MODULE        PCF85063BTL
  C:0000H         SYMBOL        _ICE_DUMMY_
  D:0096H         PUBLIC        P2M0
  D:0080H         PUBLIC        P0
  D:0095H         PUBLIC        P2M1
  D:0090H         PUBLIC        P1
  D:00A0H         PUBLIC        P2
  D:00B0H         PUBLIC        P3
  D:00C0H         PUBLIC        P4
  D:00C8H         PUBLIC        P5
  D:00E8H         PUBLIC        P6
  B:00A0H.1       PUBLIC        PCF85063BTL_SDI
  D:00F8H         PUBLIC        P7
  B:00A0H.2       PUBLIC        PCF85063BTL_SCK
  B:00A0H.1       PUBLIC        PCF85063BTL_SDO
  D:00A8H         PUBLIC        IE
  C:6BFBH         PUBLIC        _Read_time
  C:729BH         PUBLIC        _PCF85063BTL_Delay
  D:00B8H         PUBLIC        IP
  D:00D8H         PUBLIC        CCON
BL51 BANKED LINKER/LOCATER V6.22                                                      08/21/2019  11:18:05  PAGE 21


  C:6A88H         PUBLIC        _Day_Of_Year
  C:7181H         PUBLIC        SPI_ReceiveByte
  D:0098H         PUBLIC        SCON
  D:0088H         PUBLIC        TCON
  C:72CEH         PUBLIC        _BCDtoDec
  B:00A0H.0       PUBLIC        PCF85063BTL_CS
  C:72BDH         PUBLIC        _SPI_ReadTime
  C:731DH         PUBLIC        SPI_Init
  C:7211H         PUBLIC        _SPI_WriteTime
  C:7161H         PUBLIC        _SPI_SendByte
  D:00D0H         PUBLIC        PSW
  C:7297H         SYMBOL        L?0048
  -------         PROC          L?0047
  -------         ENDPROC       L?0047
  C:7297H         SYMBOL        L?0048
  -------         PROC          _PCF85063BTL_DELAY
  D:0006H         SYMBOL        us
  C:729BH         LINE#         8
  C:729BH         LINE#         9
  C:729BH         LINE#         10
  C:72A5H         LINE#         11
  C:72A5H         LINE#         12
  C:72A6H         LINE#         13
  C:72A8H         LINE#         14
  -------         ENDPROC       _PCF85063BTL_DELAY
  -------         PROC          _SPI_SENDBYTE
  D:0005H         SYMBOL        dat
  -------         DO            
  D:0003H         SYMBOL        i
  -------         ENDDO         
  C:7161H         LINE#         17
  C:7163H         LINE#         18
  C:7163H         LINE#         20
  C:7165H         LINE#         21
  C:7165H         LINE#         22
  C:7167H         LINE#         23
  C:716BH         LINE#         24
  C:716BH         LINE#         25
  C:716DH         LINE#         26
  C:716FH         LINE#         28
  C:716FH         LINE#         29
  C:7171H         LINE#         30
  C:7171H         LINE#         31
  C:7174H         LINE#         32
  C:7174H         LINE#         33
  C:7177H         LINE#         34
  C:717BH         LINE#         35
  C:7180H         LINE#         36
  -------         ENDPROC       _SPI_SENDBYTE
  -------         PROC          SPI_RECEIVEBYTE
  -------         DO            
  D:0003H         SYMBOL        i
  D:0005H         SYMBOL        dat
  -------         ENDDO         
  C:7181H         LINE#         39
  C:7181H         LINE#         40
  C:7181H         LINE#         42
BL51 BANKED LINKER/LOCATER V6.22                                                      08/21/2019  11:18:05  PAGE 22


  C:7183H         LINE#         44
  C:7185H         LINE#         45
  C:7186H         LINE#         46
  C:7186H         LINE#         47
  C:718AH         LINE#         48
  C:718CH         LINE#         49
  C:718FH         LINE#         51
  C:7192H         LINE#         52
  C:7192H         LINE#         53
  C:7196H         LINE#         54
  C:7196H         LINE#         55
  C:7196H         LINE#         56
  C:7199H         LINE#         57
  C:719EH         LINE#         58
  C:71A0H         LINE#         59
  -------         ENDPROC       SPI_RECEIVEBYTE
  -------         PROC          _SPI_READTIME
  D:0007H         SYMBOL        addr
  -------         DO            
  D:0006H         SYMBOL        dat
  -------         ENDDO         
  C:72BDH         LINE#         61
  C:72BDH         LINE#         62
  C:72BDH         LINE#         64
  C:72BFH         LINE#         65
  C:72C1H         LINE#         66
  C:72C8H         LINE#         67
  C:72CBH         LINE#         68
  C:72CDH         LINE#         69
  C:72CDH         LINE#         70
  -------         ENDPROC       _SPI_READTIME
  -------         PROC          _SPI_WRITETIME
  D:0002H         SYMBOL        val
  D:0005H         SYMBOL        addr
  C:7211H         LINE#         71
  C:7213H         LINE#         72
  C:7213H         LINE#         74
  C:7215H         LINE#         75
  C:721CH         LINE#         76
  C:7221H         LINE#         77
  C:7226H         LINE#         78
  C:7228H         LINE#         79
  -------         ENDPROC       _SPI_WRITETIME
  -------         PROC          SPI_INIT
  C:731DH         LINE#         83
  C:731DH         LINE#         84
  C:731DH         LINE#         89
  C:7320H         LINE#         90
  C:7323H         LINE#         91
  C:7325H         LINE#         92
  C:7327H         LINE#         93
  C:7329H         LINE#         94
  -------         ENDPROC       SPI_INIT
  -------         PROC          _READ_TIME
  X:04E9H         SYMBOL        months
  X:04ECH         SYMBOL        days
  X:04EFH         SYMBOL        hours
BL51 BANKED LINKER/LOCATER V6.22                                                      08/21/2019  11:18:05  PAGE 23


  X:04F2H         SYMBOL        mins
  X:04F5H         SYMBOL        seconds
  C:6BFBH         LINE#         96
  C:6C06H         LINE#         97
  C:6C06H         LINE#         99
  C:6C1AH         LINE#         101
  C:6C2EH         LINE#         103
  C:6C42H         LINE#         108
  C:6C56H         LINE#         113
  -------         ENDPROC       _READ_TIME
  -------         PROC          _BCDTODEC
  D:0007H         SYMBOL        bcd
  -------         DO            
  D:0006H         SYMBOL        hi
  D:0007H         SYMBOL        lo
  -------         ENDDO         
  C:72CEH         LINE#         119
  C:72CEH         LINE#         120
  C:72CEH         LINE#         122
  C:72D3H         LINE#         123
  C:72D7H         LINE#         124
  C:72DEH         LINE#         125
  -------         ENDPROC       _BCDTODEC
  -------         PROC          _DAY_OF_YEAR
  D:0007H         SYMBOL        months_bcd
  D:0005H         SYMBOL        days_bcd
  -------         DO            
  D:0004H         SYMBOL        months
  D:0007H         SYMBOL        days
  -------         ENDDO         
  C:6A88H         LINE#         126
  C:6A88H         LINE#         127
  C:6A88H         LINE#         130
  C:6A8DH         LINE#         132
  C:6A92H         LINE#         134
  C:6ACBH         LINE#         135
  C:6ACBH         LINE#         136
  C:6ACBH         LINE#         137
  C:6ACEH         LINE#         138
  C:6ACEH         LINE#         139
  C:6ACEH         LINE#         140
  C:6AD3H         LINE#         141
  C:6AD3H         LINE#         142
  C:6AD3H         LINE#         143
  C:6AD8H         LINE#         144
  C:6AD8H         LINE#         145
  C:6AD8H         LINE#         146
  C:6ADDH         LINE#         147
  C:6ADDH         LINE#         148
  C:6ADDH         LINE#         149
  C:6AE2H         LINE#         150
  C:6AE2H         LINE#         151
  C:6AE2H         LINE#         152
  C:6AE7H         LINE#         153
  C:6AE7H         LINE#         154
  C:6AE7H         LINE#         155
  C:6AECH         LINE#         156
BL51 BANKED LINKER/LOCATER V6.22                                                      08/21/2019  11:18:05  PAGE 24


  C:6AECH         LINE#         157
  C:6AECH         LINE#         158
  C:6AF1H         LINE#         159
  C:6AF1H         LINE#         160
  C:6AF1H         LINE#         161
  C:6AF9H         LINE#         162
  C:6AF9H         LINE#         163
  C:6AF9H         LINE#         164
  C:6AFEH         LINE#         165
  C:6AFEH         LINE#         166
  C:6AFEH         LINE#         167
  C:6B03H         LINE#         168
  C:6B03H         LINE#         169
  C:6B03H         LINE#         170
  C:6B0CH         LINE#         171
  C:6B0CH         LINE#         172
  C:6B0CH         LINE#         173
  C:6B0FH         LINE#         174
  C:6B0FH         LINE#         175
  -------         ENDPROC       _DAY_OF_YEAR
  -------         ENDMOD        PCF85063BTL

  -------         MODULE        LCD_DRIVER_SPLC780D
  C:0000H         SYMBOL        _ICE_DUMMY_
  D:0092H         PUBLIC        P1M0
  D:0091H         PUBLIC        P1M1
  D:0080H         PUBLIC        P0
  D:0090H         PUBLIC        P1
  D:00A0H         PUBLIC        P2
  D:00B0H         PUBLIC        P3
  D:00C0H         PUBLIC        P4
  D:00C8H         PUBLIC        P5
  D:00E8H         PUBLIC        P6
  D:00F8H         PUBLIC        P7
  C:6B14H         PUBLIC        _WriteData
  D:00A8H         PUBLIC        IE
  D:00B8H         PUBLIC        IP
  D:00D8H         PUBLIC        CCON
  B:00B0H.4       PUBLIC        LCD_D4
  B:00B0H.5       PUBLIC        LCD_D5
  B:00B0H.6       PUBLIC        LCD_D6
  C:71BFH         PUBLIC        _DisplayLCD
  B:00B0H.7       PUBLIC        LCD_D7
  D:0098H         PUBLIC        SCON
  D:0088H         PUBLIC        TCON
  C:7366H         PUBLIC        LCD_clear
  C:6E96H         PUBLIC        _Command
  C:7256H         PUBLIC        _Display_Line
  C:6CC4H         PUBLIC        LCD_Init
  C:70FEH         PUBLIC        _Wait_ms
  B:00C0H.0       PUBLIC        LCD_RS
  B:0090H.3       PUBLIC        LCD_RW
  C:735CH         PUBLIC        LCD_return_home
  C:5D2FH         PUBLIC        _Display_Pos
  B:00B0H.3       PUBLIC        LCD_E
  D:00D0H         PUBLIC        PSW
  -------         PROC          LCD_INIT
BL51 BANKED LINKER/LOCATER V6.22                                                      08/21/2019  11:18:05  PAGE 25


  C:6CC4H         LINE#         9
  C:6CC4H         LINE#         10
  C:6CC4H         LINE#         11
  C:6CC7H         LINE#         12
  C:6CCAH         LINE#         14
  C:6CD0H         LINE#         15
  C:6CD5H         LINE#         17
  C:6CDCH         LINE#         18
  C:6CE1H         LINE#         20
  C:6CE4H         LINE#         21
  C:6CE9H         LINE#         23
  C:6CECH         LINE#         24
  C:6CF1H         LINE#         26
  C:6CF8H         LINE#         29
  C:6CFDH         LINE#         30
  C:6D02H         LINE#         32
  C:6D07H         LINE#         33
  C:6D0CH         LINE#         35
  C:6D11H         LINE#         36
  C:6D16H         LINE#         37
  -------         ENDPROC       LCD_INIT
  C:6B10H         SYMBOL        L?0035
  -------         PROC          L?0034
  -------         ENDPROC       L?0034
  C:6B10H         SYMBOL        L?0035
  -------         PROC          _WRITEDATA
  X:04F4H         SYMBOL        dat
  C:6B14H         LINE#         40
  C:6B19H         LINE#         41
  C:6B19H         LINE#         46
  C:6B1BH         LINE#         47
  C:6B1DH         LINE#         49
  C:6B2BH         LINE#         50
  C:6B37H         LINE#         51
  C:6B43H         LINE#         52
  C:6B4DH         LINE#         53
  C:6B4FH         LINE#         54
  C:6B56H         LINE#         55
  C:6B58H         LINE#         57
  C:6B68H         LINE#         58
  C:6B73H         LINE#         59
  C:6B7DH         LINE#         60
  C:6B81H         LINE#         62
  C:6B81H         LINE#         63
  C:6B84H         LINE#         64
  C:6B86H         LINE#         65
  C:6B88H         LINE#         67
  -------         ENDPROC       _WRITEDATA
  -------         PROC          _COMMAND
  D:0007H         SYMBOL        dat
  C:6E96H         LINE#         69
  C:6E96H         LINE#         70
  C:6E96H         LINE#         71
  C:6E98H         LINE#         72
  C:6E9AH         LINE#         74
  C:6EA4H         LINE#         75
  C:6EA8H         LINE#         77
BL51 BANKED LINKER/LOCATER V6.22                                                      08/21/2019  11:18:05  PAGE 26


  C:6EAAH         LINE#         78
  C:6EB3H         LINE#         79
  C:6EB7H         LINE#         81
  C:6EB9H         LINE#         82
  C:6EC0H         LINE#         83
  C:6EC4H         LINE#         85
  C:6EC6H         LINE#         86
  C:6ECAH         LINE#         87
  C:6ECEH         LINE#         89
  C:6ED0H         LINE#         90
  C:6ED0H         LINE#         91
  C:6ED3H         LINE#         92
  C:6ED5H         LINE#         93
  -------         ENDPROC       _COMMAND
  C:70FAH         SYMBOL        L?0037
  -------         PROC          L?0036
  -------         ENDPROC       L?0036
  C:70FAH         SYMBOL        L?0037
  -------         PROC          _WAIT_MS
  D:0006H         SYMBOL        ms
  -------         DO            
  D:0004H         SYMBOL        De_Cnt
  -------         ENDDO         
  C:70FEH         LINE#         95
  C:70FEH         LINE#         96
  C:70FEH         LINE#         98
  C:7108H         LINE#         99
  C:7108H         LINE#         100
  C:711BH         LINE#         101
  C:711BH         LINE#         102
  -------         ENDPROC       _WAIT_MS
  -------         PROC          _DISPLAYLCD
  D:0007H         SYMBOL        BCD
  -------         DO            
  D:0006H         SYMBOL        first_digit
  X:03F8H         SYMBOL        second_digit
  -------         ENDDO         
  C:71BFH         LINE#         103
  C:71BFH         LINE#         104
  C:71BFH         LINE#         106
  C:71C6H         LINE#         107
  C:71CFH         LINE#         109
  C:71D4H         LINE#         111
  -------         ENDPROC       _DISPLAYLCD
  -------         PROC          LCD_RETURN_HOME
  C:735CH         LINE#         115
  C:735CH         LINE#         116
  C:735CH         LINE#         117
  C:7361H         LINE#         118
  -------         ENDPROC       LCD_RETURN_HOME
  -------         PROC          LCD_CLEAR
  C:7366H         LINE#         121
  C:7366H         LINE#         122
  C:7366H         LINE#         123
  C:736BH         LINE#         124
  -------         ENDPROC       LCD_CLEAR
  -------         PROC          _DISPLAY_LINE
BL51 BANKED LINKER/LOCATER V6.22                                                      08/21/2019  11:18:05  PAGE 27


  D:0006H         SYMBOL        line
  C:7256H         LINE#         128
  C:7256H         LINE#         129
  C:7256H         LINE#         130
  C:725CH         LINE#         131
  C:725CH         LINE#         132
  C:725EH         LINE#         133
  C:725EH         LINE#         134
  C:7260H         LINE#         136
  C:7260H         LINE#         137
  C:7265H         LINE#         138
  C:726AH         LINE#         139
  C:726AH         LINE#         140
  -------         ENDPROC       _DISPLAY_LINE
  -------         PROC          _DISPLAY_POS
  X:04E9H         SYMBOL        sign_dat
  -------         DO            
  X:04EDH         SYMBOL        unit
  X:04EEH         SYMBOL        ten
  X:04EFH         SYMBOL        hundred
  X:04F0H         SYMBOL        thousand
  X:04F1H         SYMBOL        after_dot
  X:04F2H         SYMBOL        dat
  -------         ENDDO         
  C:5D2FH         LINE#         142
  C:5D35H         LINE#         143
  C:5D35H         LINE#         147
  C:5D51H         LINE#         148
  C:5D6BH         LINE#         149
  C:5D8FH         LINE#         151
  C:5DD9H         LINE#         153
  C:5DF0H         LINE#         154
  C:5E02H         LINE#         155
  C:5E27H         LINE#         156
  C:5E41H         LINE#         157
  C:5E59H         LINE#         158
  C:5E59H         LINE#         159
  C:5E59H         LINE#         160
  C:5E59H         LINE#         161
  C:5E59H         LINE#         162
  C:5E59H         LINE#         163
  C:5E59H         LINE#         164
  C:5E59H         LINE#         168
  C:5E5BH         LINE#         170
  C:5E5BH         LINE#         172
  C:5E60H         LINE#         173
  C:5E66H         LINE#         174
  C:5E6CH         LINE#         175
  C:5E72H         LINE#         176
  C:5E78H         LINE#         177
  C:5E7DH         LINE#         178
  C:5E83H         LINE#         182
  C:5E83H         LINE#         184
  -------         ENDPROC       _DISPLAY_POS
  -------         ENDMOD        LCD_DRIVER_SPLC780D

  -------         MODULE        KEYPAD
BL51 BANKED LINKER/LOCATER V6.22                                                      08/21/2019  11:18:05  PAGE 28


  C:0000H         SYMBOL        _ICE_DUMMY_
  D:0093H         PUBLIC        P0M1
  D:0080H         PUBLIC        P0
  D:0090H         PUBLIC        P1
  D:00A0H         PUBLIC        P2
  D:00B0H         PUBLIC        P3
  D:00C0H         PUBLIC        P4
  D:00C8H         PUBLIC        P5
  D:00E8H         PUBLIC        P6
  D:00F8H         PUBLIC        P7
  D:00A8H         PUBLIC        IE
  C:572BH         PUBLIC        Key_Scan
  D:00B8H         PUBLIC        IP
  D:00D8H         PUBLIC        CCON
  C:7344H         PUBLIC        KeyPad_IO_Init
  C:71A1H         PUBLIC        _Delay_ms
  D:0098H         PUBLIC        SCON
  D:0088H         PUBLIC        TCON
  X:0645H         PUBLIC        small_move
  X:0647H         PUBLIC        move
  X:0649H         PUBLIC        auto_mode
  X:064BH         PUBLIC        direction
  X:064DH         PUBLIC        SPI_NOR_ClearEnable
  C:4E58H         PUBLIC        Key_Process
  D:00D0H         PUBLIC        PSW
  D:0094H         PUBLIC        P0M0
  -------         PROC          _DELAY_MS
  D:0006H         SYMBOL        ms
  -------         DO            
  D:0004H         SYMBOL        De_Cnt
  -------         ENDDO         
  C:71A1H         LINE#         20
  C:71A1H         LINE#         21
  C:71A1H         LINE#         23
  C:71ABH         LINE#         24
  C:71ABH         LINE#         25
  C:71BEH         LINE#         26
  C:71BEH         LINE#         27
  -------         ENDPROC       _DELAY_MS
  -------         PROC          KEY_SCAN
  -------         DO            
  X:03FEH         SYMBOL        KeyTemp1
  X:03FFH         SYMBOL        KeyTemp2
  X:0400H         SYMBOL        KeyValue
  -------         ENDDO         
  C:572BH         LINE#         28
  C:572BH         LINE#         29
  C:572BH         LINE#         34
  C:572EH         LINE#         37
  C:5731H         LINE#         39
  C:5739H         LINE#         40
  C:5740H         LINE#         41
  C:5740H         LINE#         43
  C:5745H         LINE#         44
  C:574CH         LINE#         45
  C:574CH         LINE#         48
  C:574FH         LINE#         49
BL51 BANKED LINKER/LOCATER V6.22                                                      08/21/2019  11:18:05  PAGE 29


  C:5752H         LINE#         50
  C:5757H         LINE#         51
  C:575BH         LINE#         52
  C:575BH         LINE#         53
  C:5763H         LINE#         54
  C:5763H         LINE#         55
  C:5766H         LINE#         56
  C:576EH         LINE#         57
  C:5770H         LINE#         59
  C:5784H         LINE#         60
  C:5784H         LINE#         61
  C:5784H         LINE#         62
  C:5784H         LINE#         63
  C:578AH         LINE#         65
  C:578CH         LINE#         66
  C:578CH         LINE#         67
  C:578CH         LINE#         68
  C:5792H         LINE#         70
  C:5794H         LINE#         71
  C:5794H         LINE#         72
  C:5794H         LINE#         73
  C:579AH         LINE#         75
  C:579CH         LINE#         76
  C:579CH         LINE#         77
  C:579CH         LINE#         78
  C:57A2H         LINE#         80
  C:57A2H         LINE#         81
  C:57A2H         LINE#         82
  C:57A2H         LINE#         85
  C:57A5H         LINE#         86
  C:57A8H         LINE#         87
  C:57B0H         LINE#         88
  C:57B4H         LINE#         89
  C:57B4H         LINE#         90
  C:57BCH         LINE#         91
  C:57BCH         LINE#         92
  C:57BFH         LINE#         93
  C:57C7H         LINE#         94
  C:57C9H         LINE#         95
  C:57DDH         LINE#         96
  C:57DDH         LINE#         97
  C:57DDH         LINE#         98
  C:57DDH         LINE#         99
  C:57E3H         LINE#         101
  C:57E5H         LINE#         102
  C:57E5H         LINE#         103
  C:57E5H         LINE#         104
  C:57EBH         LINE#         106
  C:57EDH         LINE#         107
  C:57EDH         LINE#         108
  C:57EDH         LINE#         109
  C:57F3H         LINE#         111
  C:57F5H         LINE#         112
  C:57F5H         LINE#         113
  C:57F5H         LINE#         114
  C:57FAH         LINE#         116
  C:57FAH         LINE#         117
BL51 BANKED LINKER/LOCATER V6.22                                                      08/21/2019  11:18:05  PAGE 30


  C:57FAH         LINE#         118
  C:57FAH         LINE#         121
  C:57FDH         LINE#         122
  C:5800H         LINE#         123
  C:5808H         LINE#         124
  C:580CH         LINE#         125
  C:580CH         LINE#         126
  C:5814H         LINE#         127
  C:5814H         LINE#         128
  C:5817H         LINE#         129
  C:581FH         LINE#         130
  C:5821H         LINE#         131
  C:5835H         LINE#         132
  C:5835H         LINE#         133
  C:5835H         LINE#         134
  C:5835H         LINE#         135
  C:583BH         LINE#         137
  C:583DH         LINE#         138
  C:583DH         LINE#         139
  C:583DH         LINE#         140
  C:5843H         LINE#         142
  C:5845H         LINE#         143
  C:5845H         LINE#         144
  C:5845H         LINE#         145
  C:584BH         LINE#         147
  C:584DH         LINE#         148
  C:584DH         LINE#         149
  C:584DH         LINE#         150
  C:5853H         LINE#         152
  C:5853H         LINE#         153
  C:5853H         LINE#         154
  C:5853H         LINE#         158
  C:5856H         LINE#         159
  C:5859H         LINE#         160
  C:5861H         LINE#         161
  C:5865H         LINE#         162
  C:5865H         LINE#         163
  C:586DH         LINE#         164
  C:586DH         LINE#         165
  C:5870H         LINE#         166
  C:5878H         LINE#         167
  C:587AH         LINE#         168
  C:588EH         LINE#         169
  C:588EH         LINE#         170
  C:588EH         LINE#         171
  C:588EH         LINE#         172
  C:5894H         LINE#         174
  C:5896H         LINE#         175
  C:5896H         LINE#         176
  C:5896H         LINE#         177
  C:589CH         LINE#         179
  C:589EH         LINE#         180
  C:589EH         LINE#         181
  C:589EH         LINE#         182
  C:58A4H         LINE#         184
  C:58A6H         LINE#         185
  C:58A6H         LINE#         186
BL51 BANKED LINKER/LOCATER V6.22                                                      08/21/2019  11:18:05  PAGE 31


  C:58A6H         LINE#         187
  C:58ACH         LINE#         189
  C:58ACH         LINE#         190
  C:58ACH         LINE#         191
  C:58ACH         LINE#         193
  C:58B2H         LINE#         194
  C:58B2H         LINE#         196
  C:58B2H         LINE#         197
  C:58B5H         LINE#         198
  C:58B5H         LINE#         199
  C:58B5H         LINE#         201
  C:58B5H         LINE#         202
  C:58B7H         LINE#         203
  C:58B7H         LINE#         204
  -------         ENDPROC       KEY_SCAN
  -------         PROC          KEY_PROCESS
  -------         DO            
  X:0636H         SYMBOL        KeyCount
  X:0637H         SYMBOL        KeyNum_Old
  X:0639H         SYMBOL        KeyNum
  X:063BH         SYMBOL        PressedKey
  X:03F8H         SYMBOL        d
  D:0002H         SYMBOL        hours
  D:0006H         SYMBOL        mins
  X:03FAH         SYMBOL        months
  X:03FCH         SYMBOL        days
  -------         ENDDO         
  C:4E58H         LINE#         205
  C:4E58H         LINE#         206
  C:4E58H         LINE#         210
  C:4E67H         LINE#         211
  C:4E74H         LINE#         213
  C:4E78H         LINE#         214
  C:4E78H         LINE#         215
  C:4E7EH         LINE#         217
  C:4E7EH         LINE#         218
  C:4E95H         LINE#         219
  C:4E95H         LINE#         220
  C:4E9FH         LINE#         221
  C:4EA5H         LINE#         223
  C:4EABH         LINE#         225
  C:4EABH         LINE#         226
  C:4EC2H         LINE#         227
  C:4EC2H         LINE#         228
  C:4EC7H         LINE#         230
  C:4EC7H         LINE#         231
  C:4ED7H         LINE#         232
  C:4ED7H         LINE#         233
  C:4EDDH         LINE#         235
  C:4EDDH         LINE#         236
  C:4EEFH         LINE#         237
  C:4EEFH         LINE#         238
  C:4EF9H         LINE#         239
  C:4F01H         LINE#         241
  C:4F0AH         LINE#         243
  C:4F0AH         LINE#         252
  C:4F29H         LINE#         253
BL51 BANKED LINKER/LOCATER V6.22                                                      08/21/2019  11:18:05  PAGE 32


  C:4F29H         LINE#         254
  C:4F48H         LINE#         255
  C:4F4EH         LINE#         256
  C:4F56H         LINE#         257
  C:4F56H         LINE#         259
  C:4F57H         LINE#         265
  C:4F63H         LINE#         266
  C:4F63H         LINE#         267
  C:4F80H         LINE#         268
  C:4F97H         LINE#         269
  C:4FAEH         LINE#         270
  C:4FAEH         LINE#         271
  C:4FC1H         LINE#         272
  C:4FD4H         LINE#         273
  C:4FD4H         LINE#         274
  C:4FD4H         LINE#         275
  C:4FD7H         LINE#         280
  C:4FE6H         LINE#         281
  C:4FE6H         LINE#         282
  C:5009H         LINE#         283
  C:5026H         LINE#         284
  C:502FH         LINE#         285
  C:502FH         LINE#         286
  C:5036H         LINE#         287
  C:5036H         LINE#         288
  C:5047H         LINE#         289
  C:5047H         LINE#         290
  C:5056H         LINE#         291
  C:5056H         LINE#         292
  C:5056H         LINE#         293
  C:5059H         LINE#         295
  C:5059H         LINE#         296
  C:5065H         LINE#         297
  C:5065H         LINE#         298
  C:5077H         LINE#         299
  C:5077H         LINE#         300
  C:5087H         LINE#         301
  C:5087H         LINE#         302
  C:5087H         LINE#         304
  C:5089H         LINE#         306
  C:5089H         LINE#         307
  C:5098H         LINE#         308
  C:5098H         LINE#         309
  C:50A8H         LINE#         310
  C:50A8H         LINE#         311
  C:50A8H         LINE#         313
  C:50A8H         LINE#         315
  C:50A8H         LINE#         316
  C:50AAH         LINE#         318
  C:50AAH         LINE#         319
  C:50B1H         LINE#         320
  C:50B1H         LINE#         321
  C:50C0H         LINE#         322
  C:50C0H         LINE#         323
  C:50D0H         LINE#         324
  C:50D0H         LINE#         325
  C:50D0H         LINE#         326
BL51 BANKED LINKER/LOCATER V6.22                                                      08/21/2019  11:18:05  PAGE 33


  C:50D2H         LINE#         328
  C:50D2H         LINE#         329
  C:50E1H         LINE#         330
  C:50E1H         LINE#         331
  C:50F4H         LINE#         332
  C:5107H         LINE#         333
  C:5107H         LINE#         334
  C:5107H         LINE#         335
  C:5107H         LINE#         336
  C:5110H         LINE#         338
  C:5110H         LINE#         340
  C:514AH         LINE#         341
  C:514AH         LINE#         342
  C:5151H         LINE#         343
  C:5151H         LINE#         344
  C:515BH         LINE#         345
  C:515BH         LINE#         346
  C:515EH         LINE#         347
  C:5163H         LINE#         348
  C:5168H         LINE#         349
  C:516DH         LINE#         350
  C:5172H         LINE#         351
  C:5177H         LINE#         352
  C:517CH         LINE#         353
  C:5181H         LINE#         354
  C:5181H         LINE#         355
  C:5181H         LINE#         357
  C:519FH         LINE#         358
  C:519FH         LINE#         359
  C:51A6H         LINE#         360
  C:51A6H         LINE#         361
  C:51ABH         LINE#         362
  C:51B4H         LINE#         363
  C:51D3H         LINE#         364
  C:51D3H         LINE#         365
  C:51E3H         LINE#         367
  C:51E3H         LINE#         371
  -------         ENDPROC       KEY_PROCESS
  -------         PROC          KEYPAD_IO_INIT
  C:7344H         LINE#         374
  C:7344H         LINE#         375
  C:7344H         LINE#         376
  C:7347H         LINE#         377
  C:734AH         LINE#         378
  C:734DH         LINE#         379
  C:734FH         LINE#         380
  -------         ENDPROC       KEYPAD_IO_INIT
  -------         ENDMOD        KEYPAD

  -------         MODULE        BIPOLARMOTOR
  C:0000H         SYMBOL        _ICE_DUMMY_
  X:0000H         PUBLIC        UTC_time
  D:0080H         PUBLIC        P0
  D:0090H         PUBLIC        P1
  X:0004H         PUBLIC        RX_pos_test
  D:00A0H         PUBLIC        P2
  D:00B0H         PUBLIC        P3
BL51 BANKED LINKER/LOCATER V6.22                                                      08/21/2019  11:18:05  PAGE 34


  D:00C0H         PUBLIC        P4
  D:00C8H         PUBLIC        P5
  D:00E8H         PUBLIC        P6
  D:00F8H         PUBLIC        P7
  X:00A4H         PUBLIC        low_date_azimuth_mapping
  D:00A8H         PUBLIC        IE
  C:64D4H         PUBLIC        linear_interpolate
  X:00CCH         PUBLIC        declination
  C:7035H         PUBLIC        _Move
  D:00B8H         PUBLIC        IP
  X:00D0H         PUBLIC        time_offset
  D:00D8H         PUBLIC        CCON
  X:00D4H         PUBLIC        previous_move_time
  X:00D5H         PUBLIC        time
  D:0098H         PUBLIC        SCON
  D:0088H         PUBLIC        TCON
  C:6ED6H         PUBLIC        _Step_move
[...]
  C:5934H         LINE#         326
  C:5934H         LINE#         328
  C:5937H         LINE#         330
  C:5951H         LINE#         331
  C:5951H         LINE#         332
  C:5951H         LINE#         334
  C:5954H         LINE#         336
  C:596EH         LINE#         337
  C:596EH         LINE#         338
  C:596EH         LINE#         340
  C:5971H         LINE#         342
  C:598BH         LINE#         343
  C:598BH         LINE#         344
BL51 BANKED LINKER/LOCATER V6.22                                                      08/21/2019  11:18:05  PAGE 55


  C:598BH         LINE#         346
  C:598EH         LINE#         348
  C:59A8H         LINE#         349
  C:59A8H         LINE#         350
  C:59A8H         LINE#         352
  C:59ABH         LINE#         354
  C:59C5H         LINE#         355
  C:59C5H         LINE#         356
  C:59C5H         LINE#         358
  C:59C8H         LINE#         360
  C:59E2H         LINE#         361
  C:59E2H         LINE#         362
  C:59E2H         LINE#         364
  C:59E5H         LINE#         366
  C:59FFH         LINE#         367
  C:59FFH         LINE#         368
  C:59FFH         LINE#         370
  C:5A02H         LINE#         372
  C:5A1CH         LINE#         373
  C:5A23H         LINE#         374
  -------         ENDPROC       SPI_NOR_WRITE_DATA
  -------         ENDMOD        AT25SF041

  -------         MODULE        SI1120
  C:0000H         SYMBOL        _ICE_DUMMY_
  D:0080H         PUBLIC        P0
  D:00B2H         PUBLIC        P3M0
  D:0090H         PUBLIC        P1
  D:00B1H         PUBLIC        P3M1
  D:00A0H         PUBLIC        P2
  D:00B0H         PUBLIC        P3
  D:00C0H         PUBLIC        P4
  D:00C8H         PUBLIC        P5
  B:00A8H.7       PUBLIC        EA
  D:00E8H         PUBLIC        P6
  D:00F8H         PUBLIC        P7
  D:00A8H         PUBLIC        IE
  D:00B8H         PUBLIC        IP
  C:6F84H         PUBLIC        SI1120_CONFIG_MODE_VIRH
  D:00D8H         PUBLIC        CCON
  D:0098H         PUBLIC        SCON
  D:0088H         PUBLIC        TCON
  C:732AH         PUBLIC        Enable_EXTINT0
  B:0090H.5       PUBLIC        SI1120_STX
  B:0088H.0       PUBLIC        IT0
  B:00A8H.0       PUBLIC        EX0
  B:0090H.4       PUBLIC        SI1120_MD
  B:0090H.6       PUBLIC        SI1120_SC
  D:00D0H         PUBLIC        PSW
  -------         PROC          SI1120_CONFIG_MODE_VIRH
  C:6F84H         LINE#         4
  C:6F84H         LINE#         5
  C:6F84H         LINE#         6
  C:6F86H         LINE#         7
  C:6F88H         LINE#         8
  C:6F8AH         LINE#         10
  C:6F91H         LINE#         11
BL51 BANKED LINKER/LOCATER V6.22                                                      08/21/2019  11:18:05  PAGE 56


  C:6F93H         LINE#         13
  C:6F95H         LINE#         14
  C:6F97H         LINE#         16
  C:6F9EH         LINE#         18
  C:6FA0H         LINE#         20
  C:6FA7H         LINE#         23
  C:6FA9H         LINE#         25
  C:6FABH         LINE#         27
  C:6FB2H         LINE#         29
  C:6FB4H         LINE#         31
  -------         ENDPROC       SI1120_CONFIG_MODE_VIRH
  -------         PROC          ENABLE_EXTINT0
  C:732AH         LINE#         33
  C:732AH         LINE#         34
  C:732AH         LINE#         35
  C:732DH         LINE#         36
  C:7330H         LINE#         37
  C:7332H         LINE#         38
  C:7334H         LINE#         39
  C:7336H         LINE#         40
  -------         ENDPROC       ENABLE_EXTINT0
  -------         ENDMOD        SI1120

  -------         MODULE        UART1
  C:0000H         SYMBOL        _ICE_DUMMY_
  D:0080H         PUBLIC        P0
  D:0090H         PUBLIC        P1
  D:00A0H         PUBLIC        P2
  D:00B0H         PUBLIC        P3
  D:00C0H         PUBLIC        P4
  D:00C8H         PUBLIC        P5
  C:711CH         PUBLIC        _uart1_SendToTCPServer
  B:00A8H.7       PUBLIC        EA
  D:00E8H         PUBLIC        P6
  D:00F8H         PUBLIC        P7
  C:6F51H         PUBLIC        _SendString
  D:00A8H         PUBLIC        IE
  B:00A8H.4       PUBLIC        ES
  D:00B8H         PUBLIC        IP
  C:7229H         PUBLIC        _ASCIItoBCD
  D:00D8H         PUBLIC        CCON
  C:72DFH         PUBLIC        initUART1
  D:0098H         PUBLIC        SCON
  D:0088H         PUBLIC        TCON
  C:7398H         PUBLIC        _DectoBCD
  C:001EH         PUBLIC        _ASCII_Letter
  D:008EH         PUBLIC        AUXR
  C:0006H         PUBLIC        _unit
  C:7391H         PUBLIC        _ten
  D:00D6H         PUBLIC        T2H
  D:00D7H         PUBLIC        T2L
  C:7382H         PUBLIC        uart1_InitTCPConn
  D:00D0H         PUBLIC        PSW
  -------         PROC          INITUART1
  C:72DFH         LINE#         24
  C:72DFH         LINE#         25
  C:72DFH         LINE#         26
BL51 BANKED LINKER/LOCATER V6.22                                                      08/21/2019  11:18:05  PAGE 57


  C:72E2H         LINE#         27
  C:72E5H         LINE#         28
  C:72E8H         LINE#         29
  C:72EBH         LINE#         30
  C:72EDH         LINE#         31
  C:72EFH         LINE#         33
  -------         ENDPROC       INITUART1
  -------         PROC          _SENDSTRING
  X:04E9H         SYMBOL        s
  C:6F51H         LINE#         36
  C:6F5CH         LINE#         37
  C:6F5CH         LINE#         38
  C:6F6CH         LINE#         39
  C:6F6CH         LINE#         40
  C:6F81H         LINE#         41
  C:6F83H         LINE#         42
  -------         ENDPROC       _SENDSTRING
  -------         PROC          _TEN
  D:0007H         SYMBOL        BCD
  C:7391H         LINE#         44
  C:7391H         LINE#         45
  C:7391H         LINE#         46
  C:7396H         LINE#         47
  -------         ENDPROC       _TEN
  -------         PROC          _UNIT
  D:0007H         SYMBOL        BCD
  C:0006H         LINE#         48
  C:0006H         LINE#         49
  C:0006H         LINE#         53
  C:000AH         LINE#         54
  -------         ENDPROC       _UNIT
  -------         PROC          _DECTOBCD
  D:0007H         SYMBOL        dec
  C:7398H         LINE#         55
  C:7398H         LINE#         56
  C:7398H         LINE#         58
  C:7398H         LINE#         59
  -------         ENDPROC       _DECTOBCD
  -------         PROC          _ASCII_LETTER
  D:0007H         SYMBOL        dat
  C:001EH         LINE#         61
  C:001EH         LINE#         62
  C:001EH         LINE#         64
  C:0022H         LINE#         65
  -------         ENDPROC       _ASCII_LETTER
  -------         PROC          _ASCIITOBCD
  D:0001H         SYMBOL        ascii
  -------         DO            
  D:0007H         SYMBOL        dec_val
  D:0006H         SYMBOL        ten
  D:0007H         SYMBOL        unit
  -------         ENDDO         
  C:7229H         LINE#         67
  C:7229H         LINE#         68
  C:7229H         LINE#         70
  C:722CH         LINE#         71
  C:7232H         LINE#         72
BL51 BANKED LINKER/LOCATER V6.22                                                      08/21/2019  11:18:05  PAGE 58


  C:7239H         LINE#         73
  C:723FH         LINE#         75
  -------         ENDPROC       _ASCIITOBCD
  -------         PROC          UART1_INITTCPCONN
  C:7382H         LINE#         77
  C:7382H         LINE#         78
  C:7382H         LINE#         82
  -------         ENDPROC       UART1_INITTCPCONN
  -------         PROC          _UART1_SENDTOTCPSERVER
  X:03F8H         SYMBOL        str
  C:711CH         LINE#         85
  C:7127H         LINE#         86
  C:7127H         LINE#         87
  C:7130H         LINE#         88
  C:7137H         LINE#         89
  -------         ENDPROC       _UART1_SENDTOTCPSERVER
  -------         ENDMOD        UART1

  -------         MODULE        ?C_STARTUP
  C:69FCH         SEGMENT       ?C_C51STARTUP
  I:0022H         SEGMENT       ?STACK
  C:0000H         PUBLIC        ?C_STARTUP
  D:00E0H         SYMBOL        ACC
  D:00F0H         SYMBOL        B
  D:0083H         SYMBOL        DPH
  D:0082H         SYMBOL        DPL
  N:0000H         SYMBOL        IBPSTACK
  N:0100H         SYMBOL        IBPSTACKTOP
  N:0080H         SYMBOL        IDATALEN
  C:69FFH         SYMBOL        IDATALOOP
  N:0000H         SYMBOL        PBPSTACK
  N:0100H         SYMBOL        PBPSTACKTOP
  N:0000H         SYMBOL        PDATALEN
  N:0000H         SYMBOL        PDATASTART
  N:0000H         SYMBOL        PPAGE
  N:0000H         SYMBOL        PPAGEENABLE
  D:00A0H         SYMBOL        PPAGE_SFR
  D:0081H         SYMBOL        SP
  C:69FCH         SYMBOL        STARTUP1
  N:0000H         SYMBOL        XBPSTACK
  N:0000H         SYMBOL        XBPSTACKTOP
  N:0000H         SYMBOL        XDATALEN
  N:0000H         SYMBOL        XDATASTART
  C:0000H         LINE#         126
  C:69FCH         LINE#         133
  C:69FEH         LINE#         134
  C:69FFH         LINE#         135
  C:6A00H         LINE#         136
  C:6A02H         LINE#         185
  C:6A05H         LINE#         196
  -------         ENDMOD        ?C_STARTUP

  -------         MODULE        ?C?FPADD
  C:2098H         PUBLIC        ?C?FPADD
  C:2094H         PUBLIC        ?C?FPSUB
  -------         ENDMOD        ?C?FPADD

BL51 BANKED LINKER/LOCATER V6.22                                                      08/21/2019  11:18:05  PAGE 59


  -------         MODULE        ?C?FPMUL
  C:2189H         PUBLIC        ?C?FPMUL
  -------         ENDMOD        ?C?FPMUL

  -------         MODULE        ?C?FPDIV
  C:2292H         PUBLIC        ?C?FPDIV
  -------         ENDMOD        ?C?FPDIV

  -------         MODULE        ?C?FPCMP
  C:2331H         PUBLIC        ?C?FPCMP
  C:232FH         PUBLIC        ?C?FPCMP3
  -------         ENDMOD        ?C?FPCMP

  -------         MODULE        ?C?FPNEG
  C:23A8H         PUBLIC        ?C?FPNEG
  -------         ENDMOD        ?C?FPNEG

  -------         MODULE        ?C?FCAST
  C:23C3H         PUBLIC        ?C?FCASTC
  C:23BEH         PUBLIC        ?C?FCASTI
  C:23B9H         PUBLIC        ?C?FCASTL
  -------         ENDMOD        ?C?FCAST

  -------         MODULE        ?C?CASTF
  C:23F7H         PUBLIC        ?C?CASTF
  -------         ENDMOD        ?C?CASTF

  -------         MODULE        PRINTF
  X:04E9H         PUBLIC        ?_PRINTF?BYTE
  X:04E9H         PUBLIC        ?_SPRINTF?BYTE
  C:4626H         PUBLIC        _PRINTF
  C:4620H         PUBLIC        _SPRINTF
  -------         ENDMOD        PRINTF

  -------         MODULE        FABS
  C:7337H         PUBLIC        _FABS
  -------         ENDMOD        FABS

  -------         MODULE        ATAN2
  X:049FH         PUBLIC        ?_atan2?BYTE
  C:6829H         PUBLIC        _atan2
  -------         ENDMOD        ATAN2

  -------         MODULE        SIN
  C:5A89H         PUBLIC        _COS
  C:5A9FH         PUBLIC        _SIN
  C:5ADBH         PUBLIC        _TAN
  -------         ENDMOD        SIN

  -------         MODULE        ACOS
  C:6E08H         PUBLIC        _ACOS
  -------         ENDMOD        ACOS

  -------         MODULE        ASIN
  C:6F16H         PUBLIC        _ASIN
  -------         ENDMOD        ASIN

BL51 BANKED LINKER/LOCATER V6.22                                                      08/21/2019  11:18:05  PAGE 60


  -------         MODULE        POW
  X:03BCH         PUBLIC        ?_pow?BYTE
  C:5BC9H         PUBLIC        _pow
  -------         ENDMOD        POW

  -------         MODULE        ?C?CHKFLOAT
  C:2478H         PUBLIC        ?C?CHKFLOAT
  -------         ENDMOD        ?C?CHKFLOAT

  -------         MODULE        ?C?FPROUND
  C:2492H         PUBLIC        ?C?FPROUND
  -------         ENDMOD        ?C?FPROUND

  -------         MODULE        ?C?FPCONVERT
  C:24CFH         PUBLIC        ?C?FPCONVERT
  -------         ENDMOD        ?C?FPCONVERT

  -------         MODULE        EXP
  C:699AH         PUBLIC        _EXP
  -------         ENDMOD        EXP

  -------         MODULE        LOG
  C:5EB8H         PUBLIC        _LOG
  C:5EB4H         PUBLIC        _LOG10
  -------         ENDMOD        LOG

  -------         MODULE        SQRT
  C:66E0H         PUBLIC        _SQRT
  -------         ENDMOD        SQRT

  -------         MODULE        ATAN
  C:5FCDH         PUBLIC        _ATAN
  -------         ENDMOD        ATAN

  -------         MODULE        ?C?FTNPWR
  C:2651H         PUBLIC        ?C?FTNPWR
  -------         ENDMOD        ?C?FTNPWR

  -------         MODULE        ?C?COPY
  C:2761H         PUBLIC        ?C?COPY
  -------         ENDMOD        ?C?COPY

  -------         MODULE        ?C?CLDPTR
  C:2787H         PUBLIC        ?C?CLDPTR
  -------         ENDMOD        ?C?CLDPTR

  -------         MODULE        ?C?CLDOPTR
  C:27A0H         PUBLIC        ?C?CLDOPTR
  -------         ENDMOD        ?C?CLDOPTR

  -------         MODULE        ?C?CSTPTR
  C:27CDH         PUBLIC        ?C?CSTPTR
  -------         ENDMOD        ?C?CSTPTR

  -------         MODULE        ?C?IMUL
  C:27DFH         PUBLIC        ?C?IMUL
  -------         ENDMOD        ?C?IMUL
BL51 BANKED LINKER/LOCATER V6.22                                                      08/21/2019  11:18:05  PAGE 61



  -------         MODULE        ?C?UIDIV
  C:27F1H         PUBLIC        ?C?UIDIV
  -------         ENDMOD        ?C?UIDIV

  -------         MODULE        ?C?SIDIV
  C:2846H         PUBLIC        ?C?SIDIV
  -------         ENDMOD        ?C?SIDIV

  -------         MODULE        ?C?ILDIX
  C:287CH         PUBLIC        ?C?ILDIX
  -------         ENDMOD        ?C?ILDIX

  -------         MODULE        ?C?ILDOPTR
  C:2892H         PUBLIC        ?C?ILDOPTR
  -------         ENDMOD        ?C?ILDOPTR

  -------         MODULE        ?C?ISTPTR
  C:28CAH         PUBLIC        ?C?ISTPTR
  -------         ENDMOD        ?C?ISTPTR

  -------         MODULE        ?C?LMUL
  C:28E9H         PUBLIC        ?C?LMUL
  -------         ENDMOD        ?C?LMUL

  -------         MODULE        ?C?SLDIV
  C:6E52H         PUBLIC        ?C?SLDIV
  -------         ENDMOD        ?C?SLDIV

  -------         MODULE        ?C?LNEG
  C:2938H         PUBLIC        ?C?LNEG
  -------         ENDMOD        ?C?LNEG

  -------         MODULE        ?C?ULCMP
  C:2946H         PUBLIC        ?C?ULCMP
  -------         ENDMOD        ?C?ULCMP

  -------         MODULE        ?C?LSHL
  C:2957H         PUBLIC        ?C?LSHL
  -------         ENDMOD        ?C?LSHL

  -------         MODULE        ?C?LLDPTR
  C:296AH         PUBLIC        ?C?LLDPTR
  -------         ENDMOD        ?C?LLDPTR

  -------         MODULE        ?C?LLDOPTR
  C:298AH         PUBLIC        ?C?LLDOPTR
  -------         ENDMOD        ?C?LLDOPTR

  -------         MODULE        ?C?LSTPTR
  C:29BAH         PUBLIC        ?C?LSTPTR
  -------         ENDMOD        ?C?LSTPTR

  -------         MODULE        ?C?LSTOPTR
  C:29D4H         PUBLIC        ?C?LSTOPTR
  -------         ENDMOD        ?C?LSTOPTR

BL51 BANKED LINKER/LOCATER V6.22                                                      08/21/2019  11:18:05  PAGE 62


  -------         MODULE        ?C?LLDXDATA
  C:29F8H         PUBLIC        ?C?LLDXDATA
  -------         ENDMOD        ?C?LLDXDATA

  -------         MODULE        ?C?LLDCODE
  C:2A04H         PUBLIC        ?C?LLDCODE
  -------         ENDMOD        ?C?LLDCODE

  -------         MODULE        ?C?LLDXDATA0
  C:2A14H         PUBLIC        ?C?LLDXDATA0
  -------         ENDMOD        ?C?LLDXDATA0

  -------         MODULE        ?C?LLDCODE0
  C:2A20H         PUBLIC        ?C?LLDCODE0
  -------         ENDMOD        ?C?LLDCODE0

  -------         MODULE        ?C?LLDPTR0
  C:2A30H         PUBLIC        ?C?LLDPTR0
  -------         ENDMOD        ?C?LLDPTR0

  -------         MODULE        ?C?LSTXDATA
  C:2A50H         PUBLIC        ?C?LSTXDATA
  -------         ENDMOD        ?C?LSTXDATA

  -------         MODULE        ?C?LSTKXDATA
  C:2A5CH         PUBLIC        ?C?LSTKXDATA
  -------         ENDMOD        ?C?LSTKXDATA

  -------         MODULE        ?C?LSTKPTR
  C:2A8DH         PUBLIC        ?C?LSTKPTR
  -------         ENDMOD        ?C?LSTKPTR

  -------         MODULE        ?C?OFFXADD
  C:2AA7H         PUBLIC        ?C?OFFXADD
  -------         ENDMOD        ?C?OFFXADD

  -------         MODULE        ?C?PLDIXDATA
  C:2AB3H         PUBLIC        ?C?PLDIXDATA
  -------         ENDMOD        ?C?PLDIXDATA

  -------         MODULE        ?C?PSTXDATA
  C:2ACAH         PUBLIC        ?C?PSTXDATA
  -------         ENDMOD        ?C?PSTXDATA

  -------         MODULE        ?C?CCASE
  C:2AD3H         PUBLIC        ?C?CCASE
  -------         ENDMOD        ?C?CCASE

  -------         MODULE        PUTCHAR
  C:70ACH         PUBLIC        _PUTCHAR
  -------         ENDMOD        PUTCHAR

  -------         MODULE        ABS
  C:7350H         PUBLIC        _ABS
  -------         ENDMOD        ABS

  -------         MODULE        ATOI
BL51 BANKED LINKER/LOCATER V6.22                                                      08/21/2019  11:18:05  PAGE 63


  C:63D6H         PUBLIC        _atoi
  -------         ENDMOD        ATOI

  -------         MODULE        ?C?IILDX
  C:2AF9H         PUBLIC        ?C?IILDX
  -------         ENDMOD        ?C?IILDX

  -------         MODULE        ?C?ULDIV
  C:2B4BH         PUBLIC        ?C?ULDIV
  -------         ENDMOD        ?C?ULDIV

  -------         MODULE        ?C?LLDIDATA
  C:2BDDH         PUBLIC        ?C?LLDIDATA
  -------         ENDMOD        ?C?LLDIDATA

  -------         MODULE        ?C?LLDPDATA
  C:2BE9H         PUBLIC        ?C?LLDPDATA
  -------         ENDMOD        ?C?LLDPDATA

  -------         MODULE        ?C?LLDIDATA0
  C:2BF5H         PUBLIC        ?C?LLDIDATA0
  -------         ENDMOD        ?C?LLDIDATA0

  -------         MODULE        ?C?LLDPDATA0
  C:2C02H         PUBLIC        ?C?LLDPDATA0
  -------         ENDMOD        ?C?LLDPDATA0

  -------         MODULE        ?C?LSTIDATA
  C:2C0FH         PUBLIC        ?C?LSTIDATA
  -------         ENDMOD        ?C?LSTIDATA

  -------         MODULE        ?C?LSTPDATA
  C:2C1BH         PUBLIC        ?C?LSTPDATA
  -------         ENDMOD        ?C?LSTPDATA

  -------         MODULE        ?C?LSTKIDATA
  C:2C27H         PUBLIC        ?C?LSTKIDATA
  -------         ENDMOD        ?C?LSTKIDATA

  -------         MODULE        ?C?LSTKPDATA
  C:2C40H         PUBLIC        ?C?LSTKPDATA
  -------         ENDMOD        ?C?LSTKPDATA

  -------         MODULE        ISDIGIT
  C:730EH         PUBLIC        _isdigit
  -------         ENDMOD        ISDIGIT

  -------         MODULE        ISSPACE
  C:72A9H         PUBLIC        _isspace
  -------         ENDMOD        ISSPACE

*** WARNING L16: UNCALLED SEGMENT, IGNORED FOR OVERLAY PROCESS
    SEGMENT: ?PR?_DAY_OF_YEAR?PCF85063BTL

*** WARNING L16: UNCALLED SEGMENT, IGNORED FOR OVERLAY PROCESS
    SEGMENT: ?PR?NOP?IOEXPANDER_PI4IOE5V96248

BL51 BANKED LINKER/LOCATER V6.22                                                      08/21/2019  11:18:05  PAGE 64


*** WARNING L16: UNCALLED SEGMENT, IGNORED FOR OVERLAY PROCESS
    SEGMENT: ?PR?UC_ACK?IOEXPANDER_PI4IOE5V96248

*** WARNING L16: UNCALLED SEGMENT, IGNORED FOR OVERLAY PROCESS
    SEGMENT: ?PR?UC_NACK?IOEXPANDER_PI4IOE5V96248

*** WARNING L16: UNCALLED SEGMENT, IGNORED FOR OVERLAY PROCESS
    SEGMENT: ?PR?_TEN?UART1

*** WARNING L16: UNCALLED SEGMENT, IGNORED FOR OVERLAY PROCESS
    SEGMENT: ?PR?_UNIT?UART1

*** WARNING L16: UNCALLED SEGMENT, IGNORED FOR OVERLAY PROCESS
    SEGMENT: ?PR?_DECTOBCD?UART1

*** WARNING L16: UNCALLED SEGMENT, IGNORED FOR OVERLAY PROCESS
    SEGMENT: ?PR?_ASCII_LETTER?UART1

*** WARNING L16: UNCALLED SEGMENT, IGNORED FOR OVERLAY PROCESS
    SEGMENT: ?PR?_ASCIITOBCD?UART1

Program Size: data=15.4 xdata=1622 code=29593
LINK/LOCATE RUN COMPLETE.  9 WARNING(S),  0 ERROR(S)
