BL51 BANKED LINKER/LOCATER V6.22                                                        08/16/2019  12:15:29  PAGE 1


BL51 BANKED LINKER/LOCATER V6.22, INVOKED BY:
C:\KEIL_V5\C51\BIN\BL51.EXE .\Obj\main.obj, .\Obj\PCF85063BTL.obj, .\Obj\LCd_Driver_SPLC780D.obj, .\Obj\KeyPad.obj, .\Ob
>> j\BipolarMotor.obj, .\Obj\SunPos.obj, .\Obj\ADC.obj, .\Obj\Calibration.obj, .\Obj\IOExpander_PI4IOE5V96248.obj, .\Obj
>> \AT25SF041.obj, .\Obj\SI1120.obj, .\Obj\UART1.obj, .\Obj\STARTUP.obj TO .\Obj\GPIO_RTC_Test RTX51TINY PRINT (.\Lis\GP
>> IO_RTC_Test.m51) RAMSIZE (256)


MEMORY MODEL: LARGE WITH FLOATING POINT ARITHMETIC


INPUT MODULES INCLUDED:
  .\Obj\main.obj (MAIN)
  .\Obj\PCF85063BTL.obj (PCF85063BTL)
  .\Obj\LCd_Driver_SPLC780D.obj (LCD_DRIVER_SPLC780D)
  .\Obj\KeyPad.obj (KEYPAD)
  .\Obj\BipolarMotor.obj (BIPOLARMOTOR)
  .\Obj\SunPos.obj (SUNPOS)
  .\Obj\ADC.obj (ADC)
  .\Obj\Calibration.obj (CALIBRATION)
  .\Obj\IOExpander_PI4IOE5V96248.obj (IOEXPANDER_PI4IOE5V96248)
  .\Obj\AT25SF041.obj (AT25SF041)
  .\Obj\SI1120.obj (SI1120)
  .\Obj\UART1.obj (UART1)
  .\Obj\STARTUP.obj (?C_STARTUP)
  C:\KEIL_V5\C51\LIB\C51FPL.LIB (?C?FPADD)
  C:\KEIL_V5\C51\LIB\C51FPL.LIB (?C?FPMUL)
  C:\KEIL_V5\C51\LIB\C51FPL.LIB (?C?FPDIV)
  C:\KEIL_V5\C51\LIB\C51FPL.LIB (?C?FPCMP)
  C:\KEIL_V5\C51\LIB\C51FPL.LIB (?C?FPNEG)
  C:\KEIL_V5\C51\LIB\C51FPL.LIB (?C?FCAST)
  C:\KEIL_V5\C51\LIB\C51FPL.LIB (?C?CASTF)
  C:\KEIL_V5\C51\LIB\C51FPL.LIB (PRINTF)
  C:\KEIL_V5\C51\LIB\C51FPL.LIB (FABS)
  C:\KEIL_V5\C51\LIB\C51FPL.LIB (ATAN2)
  C:\KEIL_V5\C51\LIB\C51FPL.LIB (SIN)
  C:\KEIL_V5\C51\LIB\C51FPL.LIB (ACOS)
  C:\KEIL_V5\C51\LIB\C51FPL.LIB (ASIN)
  C:\KEIL_V5\C51\LIB\C51FPL.LIB (POW)
  C:\KEIL_V5\C51\LIB\C51FPL.LIB (?C?FPGETOPN)
  C:\KEIL_V5\C51\LIB\C51FPL.LIB (?C?CHKFLOAT)
  C:\KEIL_V5\C51\LIB\C51FPL.LIB (?C?FPROUND)
  C:\KEIL_V5\C51\LIB\C51FPL.LIB (?C?FPCONVERT)
  C:\KEIL_V5\C51\LIB\C51FPL.LIB (?C?FPSERIES)
  C:\KEIL_V5\C51\LIB\C51FPL.LIB (EXP)
  C:\KEIL_V5\C51\LIB\C51FPL.LIB (LOG)
  C:\KEIL_V5\C51\LIB\C51FPL.LIB (SQRT)
  C:\KEIL_V5\C51\LIB\C51FPL.LIB (ATAN)
  C:\KEIL_V5\C51\LIB\C51FPL.LIB (?C?FTNPWR)
  C:\KEIL_V5\C51\LIB\C51L.LIB (?C_INIT)
  C:\KEIL_V5\C51\LIB\C51L.LIB (?C?COPY)
  C:\KEIL_V5\C51\LIB\C51L.LIB (?C?CLDPTR)
  C:\KEIL_V5\C51\LIB\C51L.LIB (?C?CLDOPTR)
  C:\KEIL_V5\C51\LIB\C51L.LIB (?C?CSTPTR)
  C:\KEIL_V5\C51\LIB\C51L.LIB (?C?IMUL)
  C:\KEIL_V5\C51\LIB\C51L.LIB (?C?UIDIV)
  C:\KEIL_V5\C51\LIB\C51L.LIB (?C?SIDIV)
  C:\KEIL_V5\C51\LIB\C51L.LIB (?C?ILDIX)
  C:\KEIL_V5\C51\LIB\C51L.LIB (?C?ILDOPTR)
BL51 BANKED LINKER/LOCATER V6.22                                                      08/16/2019  12:15:29  PAGE 2


  C:\KEIL_V5\C51\LIB\C51L.LIB (?C?ISTPTR)
  C:\KEIL_V5\C51\LIB\C51L.LIB (?C?LMUL)
  C:\KEIL_V5\C51\LIB\C51L.LIB (?C?SLDIV)
  C:\KEIL_V5\C51\LIB\C51L.LIB (?C?LNEG)
  C:\KEIL_V5\C51\LIB\C51L.LIB (?C?ULCMP)
  C:\KEIL_V5\C51\LIB\C51L.LIB (?C?LSHL)
  C:\KEIL_V5\C51\LIB\C51L.LIB (?C?LLDPTR)
  C:\KEIL_V5\C51\LIB\C51L.LIB (?C?LLDOPTR)
  C:\KEIL_V5\C51\LIB\C51L.LIB (?C?LSTPTR)
  C:\KEIL_V5\C51\LIB\C51L.LIB (?C?LSTOPTR)
  C:\KEIL_V5\C51\LIB\C51L.LIB (?C?LLDXDATA)
  C:\KEIL_V5\C51\LIB\C51L.LIB (?C?LLDCODE)
  C:\KEIL_V5\C51\LIB\C51L.LIB (?C?LLDXDATA0)
  C:\KEIL_V5\C51\LIB\C51L.LIB (?C?LLDCODE0)
  C:\KEIL_V5\C51\LIB\C51L.LIB (?C?LLDPTR0)
  C:\KEIL_V5\C51\LIB\C51L.LIB (?C?LSTXDATA)
  C:\KEIL_V5\C51\LIB\C51L.LIB (?C?LSTKXDATA)
  C:\KEIL_V5\C51\LIB\C51L.LIB (?C?LSTKPTR)
  C:\KEIL_V5\C51\LIB\C51L.LIB (?C?OFFXADD)
  C:\KEIL_V5\C51\LIB\C51L.LIB (?C?PLDIXDATA)
  C:\KEIL_V5\C51\LIB\C51L.LIB (?C?PSTXDATA)
  C:\KEIL_V5\C51\LIB\C51L.LIB (?C?CCASE)
  C:\KEIL_V5\C51\LIB\C51L.LIB (PUTCHAR)
  C:\KEIL_V5\C51\LIB\C51L.LIB (ABS)
  C:\KEIL_V5\C51\LIB\C51L.LIB (ATOI)
  C:\KEIL_V5\C51\LIB\C51L.LIB (?C?IILDX)
  C:\KEIL_V5\C51\LIB\C51L.LIB (?C?ULDIV)
  C:\KEIL_V5\C51\LIB\C51L.LIB (?C?LLDIDATA)
  C:\KEIL_V5\C51\LIB\C51L.LIB (?C?LLDPDATA)
  C:\KEIL_V5\C51\LIB\C51L.LIB (?C?LLDIDATA0)
  C:\KEIL_V5\C51\LIB\C51L.LIB (?C?LLDPDATA0)
  C:\KEIL_V5\C51\LIB\C51L.LIB (?C?LSTIDATA)
  C:\KEIL_V5\C51\LIB\C51L.LIB (?C?LSTPDATA)
  C:\KEIL_V5\C51\LIB\C51L.LIB (?C?LSTKIDATA)
  C:\KEIL_V5\C51\LIB\C51L.LIB (?C?LSTKPDATA)
  C:\KEIL_V5\C51\LIB\C51L.LIB (ISDIGIT)
  C:\KEIL_V5\C51\LIB\C51L.LIB (ISSPACE)


LINK MAP OF MODULE:  .\Obj\GPIO_RTC_Test (MAIN)


            TYPE    BASE      LENGTH    RELOCATION   SEGMENT NAME
            -----------------------------------------------------

            * * * * * * *   D A T A   M E M O R Y   * * * * * * *
            REG     0000H     0008H     ABSOLUTE     "REG BANK 0"
            DATA    0008H     0005H     UNIT         _DATA_GROUP_
                    000DH     0013H                  *** GAP ***
            BIT     0020H.0   0001H.2   UNIT         _BIT_GROUP_
            BIT     0021H.2   0000H.1   UNIT         ?BI?MAIN
            BIT     0021H.3   0000H.1   UNIT         ?BI?_ATOI?ATOI
                    0021H.4   0000H.4                *** GAP ***
            IDATA   0022H     0001H     UNIT         ?STACK

            * * * * * * *  X D A T A   M E M O R Y  * * * * * * *
            XDATA   0000H     03BCH     UNIT         ?XD?BIPOLARMOTOR
BL51 BANKED LINKER/LOCATER V6.22                                                      08/16/2019  12:15:29  PAGE 3


            XDATA   03BCH     015DH     UNIT         _XDATA_GROUP_
            XDATA   0519H     011DH     UNIT         ?XD?MAIN
            XDATA   0636H     0019H     UNIT         ?XD?KEYPAD
            XDATA   064FH     0005H     UNIT         ?XD?_ATOI?ATOI
            XDATA   0654H     0001H     UNIT         ?XD?UC_ACK?IOEXPANDER_PI4IOE5V96248
            XDATA   0655H     0001H     UNIT         ?XD?UC_NACK?IOEXPANDER_PI4IOE5V96248

            * * * * * * *   C O D E   M E M O R Y   * * * * * * *
            CODE    0000H     0003H     ABSOLUTE     
            CODE    0003H     0003H     ABSOLUTE     
            CODE    0006H     0005H     UNIT         ?PR?_UNIT?UART1
            CODE    000BH     0003H     ABSOLUTE     
            CODE    000EH     000DH     UNIT         ?PR?UART?MAIN
            CODE    001BH     0003H     ABSOLUTE     
            CODE    001EH     0005H     UNIT         ?PR?_ASCII_LETTER?UART1
            CODE    0023H     0003H     ABSOLUTE     
            CODE    0026H     1E6AH     UNIT         ?PR?MAIN?MAIN
            CODE    1E90H     0BC8H     UNIT         ?C?LIB_CODE
            CODE    2A58H     07A2H     UNIT         ?PR?SUNPOS?SUNPOS
            CODE    31FAH     06F4H     UNIT         ?PR?_FIND_REAL_MAX?CALIBRATION
            CODE    38EEH     0631H     UNIT         ?PR?_UPDATE_POSITION?BIPOLARMOTOR
            CODE    3F1FH     04FBH     UNIT         ?PR?_THEORICALJP_POSITION?BIPOLARMOTOR
            CODE    441AH     0483H     UNIT         ?PR?PRINTF?PRINTF
            CODE    489DH     041AH     UNIT         ?C_INITSEG
            CODE    4CB7H     038CH     UNIT         ?PR?KEY_PROCESS?KEYPAD
            CODE    5043H     0380H     UNIT         ?PR?_ELEVATION_CALCULATION?BIPOLARMOTOR
            CODE    53C3H     01C7H     UNIT         ?PR?_CALIBRATION?CALIBRATION
            CODE    558AH     018DH     UNIT         ?PR?KEY_SCAN?KEYPAD
            CODE    5717H     0189H     UNIT         ?PR?SPI_NOR_WRITE_DATA?AT25SF041
            CODE    58A0H     0188H     UNIT         ?PR?SIN?SIN
            CODE    5A28H     0166H     UNIT         ?PR?_POW?POW
            CODE    5B8EH     0155H     UNIT         ?PR?_DISPLAY_POS?LCD_DRIVER_SPLC780D
            CODE    5CE3H     0129H     UNIT         ?PR?LOG?LOG
            CODE    5E0CH     0122H     UNIT         ?PR?ATAN?ATAN
            CODE    5F2EH     0110H     UNIT         ?PR?_AT25SF041_READ?AT25SF041
            CODE    603EH     0102H     UNIT         ?PR?_AT25SF041_WRITE?AT25SF041
            CODE    6140H     00F5H     UNIT         ?PR?EXINT0?MAIN
            CODE    6235H     00DBH     UNIT         ?PR?_ATOI?ATOI
            CODE    6310H     00C3H     UNIT         ?PR?LINEAR_INTERPOLATE?BIPOLARMOTOR
            CODE    63D3H     00BBH     UNIT         ?PR?VOLTAGE_IS_STABLE?CALIBRATION
            CODE    648EH     00ADH     UNIT         ?PR?_WRITE_PI4IOE5V96248?IOEXPANDER_PI4IOE5V96248
            CODE    653BH     00ACH     UNIT         ?PR?SQRT?SQRT
            CODE    65E7H     00A1H     UNIT         ?PR?UCREAD_STATUS_REGISTER_BYTE1?AT25SF041
            CODE    6688H     009DH     UNIT         ?PR?_ATAN2?ATAN2
            CODE    6725H     009CH     UNIT         ?PR?_MAX_VALUE?CALIBRATION
            CODE    67C1H     009AH     UNIT         ?PR?EXP?EXP
            CODE    685BH     008CH     UNIT         ?C_C51STARTUP
            CODE    68E7H     0088H     UNIT         ?PR?_DAY_OF_YEAR?PCF85063BTL
            CODE    696FH     0079H     UNIT         ?PR?_WRITEDATA?LCD_DRIVER_SPLC780D
            CODE    69E8H     0072H     UNIT         ?PR?AT25SF041_WRITEENABLE?AT25SF041
            CODE    6A5AH     006FH     UNIT         ?PR?_READ_TIME?PCF85063BTL
            CODE    6AC9H     005AH     UNIT         ?PR?AT25SF041_CHIPERASE?AT25SF041
            CODE    6B23H     0059H     UNIT         ?PR?LCD_INIT?LCD_DRIVER_SPLC780D
            CODE    6B7CH     0056H     UNIT         ?CO?MAIN
            CODE    6BD2H     004BH     UNIT         ?CO?UART1
            CODE    6C1DH     004AH     UNIT         ?PR?VONESTEPMOVE?BIPOLARMOTOR
            CODE    6C67H     004AH     UNIT         ?PR?ACOS?ACOS
BL51 BANKED LINKER/LOCATER V6.22                                                      08/16/2019  12:15:29  PAGE 4


            CODE    6CB1H     0044H     UNIT         ?C?LDIV
            CODE    6CF5H     0040H     UNIT         ?PR?_COMMAND?LCD_DRIVER_SPLC780D
            CODE    6D35H     0040H     UNIT         ?PR?_STEP_MOVE?BIPOLARMOTOR
            CODE    6D75H     003BH     UNIT         ?PR?ASIN?ASIN
            CODE    6DB0H     0033H     UNIT         ?PR?_SENDSTRING?UART1
            CODE    6DE3H     0031H     UNIT         ?PR?SI1120_CONFIG_MODE_VIRH?SI1120
            CODE    6E14H     002BH     UNIT         ?PR?_WAIT_MS_I2C?IOEXPANDER_PI4IOE5V96248
            CODE    6E3FH     002BH     UNIT         ?PR?_WAIT_MS_SPINOR?AT25SF041
            CODE    6E6AH     002AH     UNIT         ?PR?_ADC_GETRESULT?ADC
            CODE    6E94H     0028H     UNIT         ?PR?_MOVE?BIPOLARMOTOR
            CODE    6EBCH     0028H     UNIT         ?CO?CALIBRATION
            CODE    6EE4H     0027H     UNIT         ?PR?_I2C_SENDBYTE?IOEXPANDER_PI4IOE5V96248
            CODE    6F0BH     0027H     UNIT         ?PR?PUTCHAR?PUTCHAR
            CODE    6F32H     0025H     UNIT         ?PR?_FINDCLOSESTSAMEDAYCALIBTIME?CALIBRATION
            CODE    6F57H     0024H     UNIT         ?PR?_WAIT_MS?LCD_DRIVER_SPLC780D
            CODE    6F7BH     0024H     UNIT         ?PR?_UART1_SENDTOTCPSERVER?UART1
            CODE    6F9FH     0021H     UNIT         ?PR?TM0_ISR?MAIN
            CODE    6FC0H     0020H     UNIT         ?PR?_SPI_SENDBYTE?PCF85063BTL
            CODE    6FE0H     0020H     UNIT         ?PR?SPI_RECEIVEBYTE?PCF85063BTL
            CODE    7000H     001EH     UNIT         ?PR?_DELAY_MS?KEYPAD
            CODE    701EH     001DH     UNIT         ?PR?_DISPLAYLCD?LCD_DRIVER_SPLC780D
            CODE    703BH     001BH     UNIT         ?PR?_BCDTODEC1?BIPOLARMOTOR
            CODE    7056H     001AH     UNIT         ?PR?ADC_INIT?ADC
            CODE    7070H     0018H     UNIT         ?PR?_SPI_WRITETIME?PCF85063BTL
            CODE    7088H     0017H     UNIT         ?PR?_ASCIITOBCD?UART1
            CODE    709FH     0016H     UNIT         ?PR?I2C_ACK?IOEXPANDER_PI4IOE5V96248
            CODE    70B5H     0015H     UNIT         ?PR?_DISPLAY_LINE?LCD_DRIVER_SPLC780D
            CODE    70CAH     0015H     UNIT         ?PR?VSETLOCATION?BIPOLARMOTOR
            CODE    70DFH     0015H     UNIT         ?PR?I2C_STOP?IOEXPANDER_PI4IOE5V96248
            CODE    70F4H     0014H     UNIT         ?PR?_PCF85063BTL_DELAY?PCF85063BTL
            CODE    7108H     0014H     UNIT         ?PR?_ISSPACE?ISSPACE
            CODE    711CH     0011H     UNIT         ?PR?_SPI_READTIME?PCF85063BTL
            CODE    712DH     0011H     UNIT         ?PR?_BCDTODEC?PCF85063BTL
            CODE    713EH     0011H     UNIT         ?PR?INITUART1?UART1
            CODE    714FH     000FH     UNIT         ?PR?I2C_START?IOEXPANDER_PI4IOE5V96248
            CODE    715EH     000FH     UNIT         ?PR?UC_NACK?IOEXPANDER_PI4IOE5V96248
            CODE    716DH     000FH     UNIT         ?PR?_ISDIGIT?ISDIGIT
            CODE    717CH     000DH     UNIT         ?PR?SPI_INIT?PCF85063BTL
            CODE    7189H     000DH     UNIT         ?PR?ENABLE_EXTINT0?SI1120
            CODE    7196H     000DH     UNIT         ?PR?_FABS?FABS
            CODE    71A3H     000CH     UNIT         ?PR?KEYPAD_IO_INIT?KEYPAD
            CODE    71AFH     000CH     UNIT         ?PR?_ABS?ABS
            CODE    71BBH     000AH     UNIT         ?PR?LCD_RETURN_HOME?LCD_DRIVER_SPLC780D
            CODE    71C5H     000AH     UNIT         ?PR?LCD_CLEAR?LCD_DRIVER_SPLC780D
            CODE    71CFH     0009H     UNIT         ?PR?TM1_ISR?MAIN
            CODE    71D8H     0009H     UNIT         ?PR?_SENDUART1?MAIN
            CODE    71E1H     0009H     UNIT         ?PR?UART1_INITTCPCONN?UART1
            CODE    71EAH     0006H     UNIT         ?PR?UC_ACK?IOEXPANDER_PI4IOE5V96248
            CODE    71F0H     0006H     UNIT         ?PR?_TEN?UART1
            CODE    71F6H     0001H     UNIT         ?PR?NOP?IOEXPANDER_PI4IOE5V96248
            CODE    71F7H     0001H     UNIT         ?PR?_DECTOBCD?UART1



OVERLAY MAP OF MODULE:   .\Obj\GPIO_RTC_Test (MAIN)


BL51 BANKED LINKER/LOCATER V6.22                                                      08/16/2019  12:15:29  PAGE 5


SEGMENT                                             BIT_GROUP          DATA_GROUP          XDATA_GROUP
  +--> CALLED SEGMENT                            START    LENGTH     START    LENGTH     START    LENGTH
--------------------------------------------------------------------------------------------------------
?PR?EXINT0?MAIN                                  -----    -----      -----    -----      -----    -----
  +--> ?PR?_POW?POW

?PR?_POW?POW                                     -----    -----      -----    -----      03BCH    000AH
  +--> ?PR?LOG?LOG
  +--> ?PR?EXP?EXP

?PR?LOG?LOG                                      0020H.0  0000H.1    -----    -----      03C6H    0004H

*** NEW ROOT ***************************************************

?C_C51STARTUP                                    -----    -----      -----    -----      -----    -----
  +--> ?PR?MAIN?MAIN
  +--> ?C_INITSEG

?PR?MAIN?MAIN                                    -----    -----      -----    -----      03CAH    002EH
  +--> ?PR?LCD_INIT?LCD_DRIVER_SPLC780D
  +--> ?PR?SPI_INIT?PCF85063BTL
  +--> ?PR?KEYPAD_IO_INIT?KEYPAD
  +--> ?PR?ADC_INIT?ADC
  +--> ?PR?SI1120_CONFIG_MODE_VIRH?SI1120
  +--> ?PR?ENABLE_EXTINT0?SI1120
  +--> ?PR?VSETLOCATION?BIPOLARMOTOR
  +--> ?PR?_SPI_WRITETIME?PCF85063BTL
  +--> ?PR?_DELAY_MS?KEYPAD
  +--> ?PR?_DISPLAY_LINE?LCD_DRIVER_SPLC780D
  +--> ?PR?_WRITEDATA?LCD_DRIVER_SPLC780D
  +--> ?PR?INITUART1?UART1
  +--> ?PR?UART1_INITTCPCONN?UART1
  +--> ?CO?MAIN
  +--> ?PR?_UART1_SENDTOTCPSERVER?UART1
  +--> ?PR?KEY_PROCESS?KEYPAD
  +--> ?PR?_COMMAND?LCD_DRIVER_SPLC780D
  +--> ?PR?_DISPLAY_POS?LCD_DRIVER_SPLC780D
  +--> ?PR?_DISPLAYLCD?LCD_DRIVER_SPLC780D
  +--> ?PR?_STEP_MOVE?BIPOLARMOTOR
  +--> ?PR?LCD_RETURN_HOME?LCD_DRIVER_SPLC780D
  +--> ?PR?_READ_TIME?PCF85063BTL
  +--> ?PR?_BCDTODEC1?BIPOLARMOTOR
  +--> ?PR?_SENDSTRING?UART1
  +--> ?PR?_ELEVATION_CALCULATION?BIPOLARMOTOR
  +--> ?PR?PRINTF?PRINTF
  +--> ?PR?_CALIBRATION?CALIBRATION
  +--> ?PR?_UPDATE_POSITION?BIPOLARMOTOR
  +--> ?PR?_AT25SF041_READ?AT25SF041
  +--> ?PR?_WAIT_MS_SPINOR?AT25SF041
  +--> ?PR?AT25SF041_WRITEENABLE?AT25SF041
  +--> ?PR?_AT25SF041_WRITE?AT25SF041
  +--> ?PR?_ABS?ABS
  +--> ?PR?_FABS?FABS
  +--> ?PR?SPI_NOR_WRITE_DATA?AT25SF041
  +--> ?PR?_WAIT_MS?LCD_DRIVER_SPLC780D
  +--> ?PR?LINEAR_INTERPOLATE?BIPOLARMOTOR
  +--> ?PR?_FINDCLOSESTSAMEDAYCALIBTIME?CALI...
BL51 BANKED LINKER/LOCATER V6.22                                                      08/16/2019  12:15:29  PAGE 6


  +--> ?PR?_ADC_GETRESULT?ADC
  +--> ?PR?LCD_CLEAR?LCD_DRIVER_SPLC780D
  +--> ?PR?AT25SF041_CHIPERASE?AT25SF041

?PR?LCD_INIT?LCD_DRIVER_SPLC780D                 -----    -----      -----    -----      -----    -----
  +--> ?PR?_WAIT_MS?LCD_DRIVER_SPLC780D
  +--> ?PR?_COMMAND?LCD_DRIVER_SPLC780D

?PR?_COMMAND?LCD_DRIVER_SPLC780D                 -----    -----      -----    -----      -----    -----
  +--> ?PR?_WAIT_MS?LCD_DRIVER_SPLC780D

?PR?SI1120_CONFIG_MODE_VIRH?SI1120               -----    -----      -----    -----      -----    -----
  +--> ?PR?_WAIT_MS?LCD_DRIVER_SPLC780D

?PR?_SPI_WRITETIME?PCF85063BTL                   -----    -----      -----    -----      -----    -----
  +--> ?PR?_SPI_SENDBYTE?PCF85063BTL

?PR?_SPI_SENDBYTE?PCF85063BTL                    -----    -----      -----    -----      -----    -----
  +--> ?PR?_PCF85063BTL_DELAY?PCF85063BTL

?PR?_DISPLAY_LINE?LCD_DRIVER_SPLC780D            -----    -----      -----    -----      -----    -----
  +--> ?PR?_COMMAND?LCD_DRIVER_SPLC780D

?PR?_WRITEDATA?LCD_DRIVER_SPLC780D               -----    -----      -----    -----      04F4H    0001H
  +--> ?PR?_WAIT_MS?LCD_DRIVER_SPLC780D

?PR?UART1_INITTCPCONN?UART1                      -----    -----      -----    -----      -----    -----
  +--> ?CO?UART1
  +--> ?PR?_SENDSTRING?UART1

?PR?_SENDSTRING?UART1                            -----    -----      -----    -----      04E9H    0003H
  +--> ?PR?_SENDUART1?MAIN

?PR?_UART1_SENDTOTCPSERVER?UART1                 -----    -----      -----    -----      03F8H    0003H
  +--> ?CO?UART1
  +--> ?PR?_SENDSTRING?UART1
  +--> ?PR?_DELAY_MS?KEYPAD

?PR?KEY_PROCESS?KEYPAD                           -----    -----      -----    -----      03F8H    0006H
  +--> ?PR?KEY_SCAN?KEYPAD
  +--> ?PR?_SPI_WRITETIME?PCF85063BTL
  +--> ?PR?LCD_CLEAR?LCD_DRIVER_SPLC780D
  +--> ?PR?_COMMAND?LCD_DRIVER_SPLC780D
  +--> ?PR?_WRITEDATA?LCD_DRIVER_SPLC780D

?PR?KEY_SCAN?KEYPAD                              -----    -----      -----    -----      03FEH    0003H

?PR?LCD_CLEAR?LCD_DRIVER_SPLC780D                -----    -----      -----    -----      -----    -----
  +--> ?PR?_COMMAND?LCD_DRIVER_SPLC780D

?PR?_DISPLAY_POS?LCD_DRIVER_SPLC780D             -----    -----      -----    -----      04E9H    000BH
  +--> ?PR?_ABS?ABS
  +--> ?PR?_WRITEDATA?LCD_DRIVER_SPLC780D

?PR?_DISPLAYLCD?LCD_DRIVER_SPLC780D              -----    -----      -----    -----      03F8H    0001H
  +--> ?PR?_WRITEDATA?LCD_DRIVER_SPLC780D

BL51 BANKED LINKER/LOCATER V6.22                                                      08/16/2019  12:15:29  PAGE 7


?PR?_STEP_MOVE?BIPOLARMOTOR                      0020H.2  0000H.1    -----    -----      04EDH    0004H
  +--> ?PR?VONESTEPMOVE?BIPOLARMOTOR

?PR?VONESTEPMOVE?BIPOLARMOTOR                    0020H.3  0000H.1    -----    -----      -----    -----
  +--> ?PR?_WRITE_PI4IOE5V96248?IOEXPANDER_P...
  +--> ?PR?_DELAY_MS?KEYPAD

?PR?_WRITE_PI4IOE5V96248?IOEXPANDER_P...         -----    -----      -----    -----      04F1H    0003H
  +--> ?PR?I2C_START?IOEXPANDER_PI4IOE5V96248
  +--> ?PR?_WAIT_MS_I2C?IOEXPANDER_PI4IOE5V9...
  +--> ?PR?_I2C_SENDBYTE?IOEXPANDER_PI4IOE5V...
  +--> ?PR?I2C_ACK?IOEXPANDER_PI4IOE5V96248
  +--> ?PR?I2C_STOP?IOEXPANDER_PI4IOE5V96248

?PR?I2C_START?IOEXPANDER_PI4IOE5V96248           -----    -----      -----    -----      -----    -----
  +--> ?PR?_WAIT_MS_I2C?IOEXPANDER_PI4IOE5V9...

?PR?_I2C_SENDBYTE?IOEXPANDER_PI4IOE5V...         -----    -----      -----    -----      -----    -----
  +--> ?PR?_WAIT_MS_I2C?IOEXPANDER_PI4IOE5V9...

?PR?I2C_ACK?IOEXPANDER_PI4IOE5V96248             -----    -----      -----    -----      04F4H    0001H
  +--> ?PR?_WAIT_MS_I2C?IOEXPANDER_PI4IOE5V9...

?PR?I2C_STOP?IOEXPANDER_PI4IOE5V96248            -----    -----      -----    -----      -----    -----
  +--> ?PR?_WAIT_MS_I2C?IOEXPANDER_PI4IOE5V9...

?PR?LCD_RETURN_HOME?LCD_DRIVER_SPLC780D          -----    -----      -----    -----      -----    -----
  +--> ?PR?_COMMAND?LCD_DRIVER_SPLC780D

?PR?_READ_TIME?PCF85063BTL                       -----    -----      -----    -----      04E9H    000FH
  +--> ?PR?_SPI_READTIME?PCF85063BTL

?PR?_SPI_READTIME?PCF85063BTL                    -----    -----      -----    -----      -----    -----
  +--> ?PR?_SPI_SENDBYTE?PCF85063BTL
  +--> ?PR?SPI_RECEIVEBYTE?PCF85063BTL

?PR?SPI_RECEIVEBYTE?PCF85063BTL                  -----    -----      -----    -----      -----    -----
  +--> ?PR?_PCF85063BTL_DELAY?PCF85063BTL

?PR?_ELEVATION_CALCULATION?BIPOLARMOTOR          -----    -----      -----    -----      03F8H    0005H
  +--> ?PR?_BCDTODEC1?BIPOLARMOTOR
  +--> ?PR?SUNPOS?SUNPOS
  +--> ?PR?SIN?SIN
  +--> ?PR?ASIN?ASIN

?PR?SUNPOS?SUNPOS                                -----    -----      -----    -----      0442H    005DH
  +--> ?PR?SIN?SIN
  +--> ?PR?_ATAN2?ATAN2
  +--> ?PR?ASIN?ASIN
  +--> ?PR?ACOS?ACOS

?PR?SIN?SIN                                      0020H.1  0000H.1    -----    -----      049FH    0004H

?PR?_ATAN2?ATAN2                                 -----    -----      -----    -----      049FH    0008H
  +--> ?PR?ATAN?ATAN

?PR?ATAN?ATAN                                    0020H.1  0000H.2    -----    -----      04A7H    0004H
BL51 BANKED LINKER/LOCATER V6.22                                                      08/16/2019  12:15:29  PAGE 8



?PR?ASIN?ASIN                                    -----    -----      -----    -----      -----    -----
  +--> ?PR?SQRT?SQRT
  +--> ?PR?ATAN?ATAN

?PR?SQRT?SQRT                                    -----    -----      -----    -----      049FH    0004H

?PR?ACOS?ACOS                                    -----    -----      -----    -----      -----    -----
  +--> ?PR?SQRT?SQRT
  +--> ?PR?ATAN?ATAN

?PR?PRINTF?PRINTF                                0020H.1  0001H.1    0008H    0005H      04E9H    0030H
  +--> ?PR?PUTCHAR?PUTCHAR

?PR?_CALIBRATION?CALIBRATION                     -----    -----      -----    -----      03F8H    0024H
  +--> ?PR?VOLTAGE_IS_STABLE?CALIBRATION
  +--> ?PR?_UPDATE_POSITION?BIPOLARMOTOR
  +--> ?PR?_FIND_REAL_MAX?CALIBRATION

?PR?VOLTAGE_IS_STABLE?CALIBRATION                -----    -----      -----    -----      041CH    0018H
  +--> ?PR?_ADC_GETRESULT?ADC
  +--> ?PR?_ABS?ABS

?PR?_UPDATE_POSITION?BIPOLARMOTOR                -----    -----      -----    -----      041CH    0026H
  +--> ?PR?_BCDTODEC1?BIPOLARMOTOR
  +--> ?PR?SUNPOS?SUNPOS
  +--> ?PR?SIN?SIN
  +--> ?PR?ASIN?ASIN
  +--> ?PR?_THEORICALJP_POSITION?BIPOLARMOTOR
  +--> ?PR?_FABS?FABS
  +--> ?PR?_MOVE?BIPOLARMOTOR

?PR?_THEORICALJP_POSITION?BIPOLARMOTOR           -----    -----      -----    -----      0442H    005CH
  +--> ?PR?LINEAR_INTERPOLATE?BIPOLARMOTOR

?PR?LINEAR_INTERPOLATE?BIPOLARMOTOR              -----    -----      -----    -----      049EH    0014H

?PR?_MOVE?BIPOLARMOTOR                           0020H.1  0000H.1    -----    -----      04E9H    0004H
  +--> ?PR?_STEP_MOVE?BIPOLARMOTOR

?PR?_FIND_REAL_MAX?CALIBRATION                   -----    -----      -----    -----      041CH    00CDH
  +--> ?PR?_ADC_GETRESULT?ADC
  +--> ?PR?_WAIT_MS?LCD_DRIVER_SPLC780D
  +--> ?CO?CALIBRATION
  +--> ?PR?PRINTF?PRINTF
  +--> ?PR?_SENDSTRING?UART1
  +--> ?PR?_COMMAND?LCD_DRIVER_SPLC780D
  +--> ?PR?_WRITEDATA?LCD_DRIVER_SPLC780D
  +--> ?PR?_DISPLAY_POS?LCD_DRIVER_SPLC780D
  +--> ?PR?_MOVE?BIPOLARMOTOR
  +--> ?PR?_READ_TIME?PCF85063BTL
  +--> ?PR?_BCDTODEC1?BIPOLARMOTOR
  +--> ?PR?_MAX_VALUE?CALIBRATION

?PR?_MAX_VALUE?CALIBRATION                       -----    -----      -----    -----      04E9H    0004H

?PR?_AT25SF041_READ?AT25SF041                    -----    -----      -----    -----      03F8H    0008H
BL51 BANKED LINKER/LOCATER V6.22                                                      08/16/2019  12:15:29  PAGE 9


  +--> ?PR?_WAIT_MS_SPINOR?AT25SF041
  +--> ?PR?UCREAD_STATUS_REGISTER_BYTE1?AT25...

?PR?UCREAD_STATUS_REGISTER_BYTE1?AT25...         -----    -----      -----    -----      040EH    0003H
  +--> ?PR?_WAIT_MS_SPINOR?AT25SF041

?PR?AT25SF041_WRITEENABLE?AT25SF041              -----    -----      -----    -----      0406H    0002H
  +--> ?PR?_WAIT_MS_SPINOR?AT25SF041
  +--> ?PR?UCREAD_STATUS_REGISTER_BYTE1?AT25...

?PR?_AT25SF041_WRITE?AT25SF041                   -----    -----      -----    -----      0406H    0008H
  +--> ?PR?_WAIT_MS_SPINOR?AT25SF041
  +--> ?PR?UCREAD_STATUS_REGISTER_BYTE1?AT25...

?PR?SPI_NOR_WRITE_DATA?AT25SF041                 -----    -----      -----    -----      03F8H    000EH
  +--> ?PR?AT25SF041_WRITEENABLE?AT25SF041
  +--> ?PR?_AT25SF041_WRITE?AT25SF041
  +--> ?PR?_WAIT_MS_SPINOR?AT25SF041

?PR?AT25SF041_CHIPERASE?AT25SF041                -----    -----      -----    -----      03F8H    0002H
  +--> ?PR?_WAIT_MS_SPINOR?AT25SF041
  +--> ?PR?UCREAD_STATUS_REGISTER_BYTE1?AT25...



SYMBOL TABLE OF MODULE:  .\Obj\GPIO_RTC_Test (MAIN)

  VALUE           TYPE          NAME
  ----------------------------------

  -------         MODULE        MAIN
  C:0000H         SYMBOL        _ICE_DUMMY_
  X:0521H         PUBLIC        calib_value
  D:0080H         PUBLIC        P0
  D:0090H         PUBLIC        P1
  D:00A0H         PUBLIC        P2
  D:00B0H         PUBLIC        P3
  D:00C0H         PUBLIC        P4
  D:00C8H         PUBLIC        P5
  X:0575H         SYMBOL        PressedKey
  B:00A8H.7       PUBLIC        EA
  D:00E8H         PUBLIC        P6
  X:0579H         PUBLIC        calib_stamp
  D:00F8H         PUBLIC        P7
  X:057AH         PUBLIC        sTempString
  X:0583H         PUBLIC        calib_bool
  X:05ADH         PUBLIC        pwm_time_min
  D:00A8H         PUBLIC        IE
  X:05B1H         PUBLIC        calib_time
  X:0605H         PUBLIC        pwm_time_max
  B:0090H.7       PUBLIC        Connect_Electronics_Load
  D:00B8H         PUBLIC        IP
  B:0098H.0       PUBLIC        RI
  B:00B0H.2       PUBLIC        INT0
  X:0609H         PUBLIC        months
  B:0098H.1       PUBLIC        TI
  C:000EH         PUBLIC        Uart
BL51 BANKED LINKER/LOCATER V6.22                                                      08/16/2019  12:15:29  PAGE 10


  D:00D8H         PUBLIC        CCON
  C:0026H         PUBLIC        main
  X:060AH         PUBLIC        found_1st_point
  X:060CH         PUBLIC        i_point1
  X:060EH         PUBLIC        i_point2
  X:0610H         PUBLIC        count
  B:0090H.2       PUBLIC        Connect_IV_Load
  D:0099H         PUBLIC        SBUF
  X:0612H         PUBLIC        days
  X:0613H         PUBLIC        hours
  D:0098H         PUBLIC        SCON
  D:0089H         PUBLIC        TMOD
  D:0088H         PUBLIC        TCON
  B:00A0H.3       PUBLIC        P23
  X:0614H         SYMBOL        KeyCount
  X:0616H         PUBLIC        mins
  B:00C8H.5       PUBLIC        P55
  X:0617H         PUBLIC        diff_of_offset
  D:008EH         PUBLIC        AUXR
  C:6F9FH         PUBLIC        tm0_isr
  B:0090H.5       PUBLIC        SI1120_STX
  C:71CFH         PUBLIC        tm1_isr
  B:0021H.2       PUBLIC        busy
  D:00E0H         PUBLIC        ACC
  B:00A8H.1       PUBLIC        ET0
  B:00A8H.3       PUBLIC        ET1
  X:061BH         PUBLIC        SPI_NOR_INTERNAL_FLASH_ADDR
  D:008CH         PUBLIC        TH0
  D:008DH         PUBLIC        TH1
  D:008AH         PUBLIC        TL0
  D:008BH         PUBLIC        TL1
  X:061FH         PUBLIC        ii
  X:0621H         PUBLIC        jj
  B:0088H.4       PUBLIC        TR0
  B:0088H.6       PUBLIC        TR1
  X:0623H         PUBLIC        old_mins
  C:6140H         PUBLIC        exint0
  X:0624H         SYMBOL        KeyNum
  X:0625H         SYMBOL        KeyNum_Old
  X:0626H         PUBLIC        timer0_count
  X:0628H         PUBLIC        current_position
  X:062CH         PUBLIC        pwm_time
  X:0630H         PUBLIC        i
  X:0632H         PUBLIC        j
  X:0634H         PUBLIC        start_timer0_count
  X:0635H         PUBLIC        seconds
  D:00D0H         PUBLIC        PSW
  C:71D8H         PUBLIC        _SendUART1
  -------         PROC          TM0_ISR
  C:6F9FH         LINE#         106
  C:6FA5H         LINE#         110
  C:6FA8H         LINE#         111
  C:6FABH         LINE#         112
  C:6FB9H         LINE#         113
  -------         ENDPROC       TM0_ISR
  -------         PROC          TM1_ISR
  C:71CFH         LINE#         114
BL51 BANKED LINKER/LOCATER V6.22                                                      08/16/2019  12:15:29  PAGE 11


  C:71CFH         LINE#         116
  C:71D1H         LINE#         118
  C:71D4H         LINE#         119
  C:71D7H         LINE#         120
  -------         ENDPROC       TM1_ISR
  -------         PROC          EXINT0
  C:6140H         LINE#         121
  C:615DH         LINE#         125
  C:6160H         LINE#         126
  C:6160H         LINE#         127
  C:6163H         LINE#         128
  C:6166H         LINE#         129
  C:6168H         LINE#         130
  C:616AH         LINE#         134
  C:616DH         LINE#         137
  C:616DH         LINE#         138
  C:616FH         LINE#         140
  C:617BH         LINE#         141
  C:61D5H         LINE#         142
  C:6213H         LINE#         143
  C:621AH         LINE#         148
  C:621AH         LINE#         150
  -------         ENDPROC       EXINT0
  -------         PROC          MAIN
  -------         DO            
  X:0519H         SYMBOL        KeyCount
  X:051BH         SYMBOL        KeyNum_Old
  X:051CH         SYMBOL        KeyNum
  X:051DH         SYMBOL        PressedKey
  X:03CAH         SYMBOL        prox_flag
  X:03CBH         SYMBOL        iUse_prevday_calib_value
  X:03CDH         SYMBOL        max_ADC_Val_JP
  X:03CFH         SYMBOL        max_ADC_Val
  X:03D1H         SYMBOL        calib_point1
  X:03D9H         SYMBOL        calib_point2
  X:03E1H         SYMBOL        dat_to_store
  X:03ECH         SYMBOL        calib_day
  X:03EEH         SYMBOL        calib_count
  X:03F0H         SYMBOL        theorical_JP_max_pos
  X:03F4H         SYMBOL        elevation
  -------         ENDDO         
  C:0026H         LINE#         152
  C:0026H         LINE#         153
  C:0026H         LINE#         158
  C:002CH         LINE#         159
  C:0031H         LINE#         161
  C:0039H         LINE#         165
  C:003FH         LINE#         166
  C:0049H         LINE#         177
  C:0051H         LINE#         178
  C:0058H         LINE#         179
  C:005EH         LINE#         181
  C:0064H         LINE#         193
  C:0067H         LINE#         194
  C:006AH         LINE#         195
  C:006DH         LINE#         197
  C:0070H         LINE#         200
BL51 BANKED LINKER/LOCATER V6.22                                                      08/16/2019  12:15:29  PAGE 12


  C:0073H         LINE#         201
  C:0076H         LINE#         203
  C:0079H         LINE#         205
  C:007CH         LINE#         206
  C:007FH         LINE#         207
  C:0082H         LINE#         208
  C:0084H         LINE#         209
  C:0086H         LINE#         210
  C:0089H         LINE#         211
  C:008BH         LINE#         212
  C:008DH         LINE#         214
  C:008FH         LINE#         215
  C:0096H         LINE#         216
  C:009DH         LINE#         217
  C:00A4H         LINE#         218
  C:00ABH         LINE#         222
  C:00B2H         LINE#         223
  C:00B7H         LINE#         224
  C:00BCH         LINE#         225
  C:00C1H         LINE#         226
  C:00C6H         LINE#         227
  C:00CBH         LINE#         230
  C:00D2H         LINE#         231
  C:00D2H         LINE#         232
  C:00F5H         LINE#         233
  C:013FH         LINE#         234
  C:0154H         LINE#         235
  C:0171H         LINE#         236
  C:0174H         LINE#         239
  C:017BH         LINE#         242
  C:017EH         LINE#         244
  C:0185H         LINE#         245
  C:018EH         LINE#         248
  C:018EH         LINE#         249
  C:018EH         LINE#         250
  C:0191H         LINE#         260
  C:0191H         LINE#         264
  C:0196H         LINE#         265
  C:019BH         LINE#         267
  C:01A0H         LINE#         269
  C:01A5H         LINE#         270
  C:01AAH         LINE#         273
  C:01BBH         LINE#         275
  C:01C0H         LINE#         276
  C:01C5H         LINE#         278
  C:01CCH         LINE#         279
  C:01D4H         LINE#         280
  C:01D9H         LINE#         281
  C:01E1H         LINE#         282
  C:01E6H         LINE#         283
  C:01F0H         LINE#         284
  C:01F5H         LINE#         285
  C:01FDH         LINE#         287
  C:0205H         LINE#         288
  C:020AH         LINE#         289
  C:0214H         LINE#         290
  C:0214H         LINE#         291
BL51 BANKED LINKER/LOCATER V6.22                                                      08/16/2019  12:15:29  PAGE 13


  C:0216H         LINE#         292
  C:0218H         LINE#         293
  C:0222H         LINE#         294
  C:0222H         LINE#         295
  C:0227H         LINE#         296
  C:0227H         LINE#         308
  C:023BH         LINE#         309
  C:023BH         LINE#         310
  C:0250H         LINE#         311
  C:025FH         LINE#         312
  C:025FH         LINE#         313
  C:0272H         LINE#         314
  C:0274H         LINE#         316
  C:0274H         LINE#         317
  C:0290H         LINE#         318
  C:0290H         LINE#         319
  C:0295H         LINE#         320
  C:0295H         LINE#         321
  C:02A9H         LINE#         322
  C:02A9H         LINE#         325
  C:02BEH         LINE#         326
  C:02CDH         LINE#         327
  C:02CDH         LINE#         328
  C:02E0H         LINE#         329
  C:02E2H         LINE#         331
  C:02E2H         LINE#         332
  C:02FEH         LINE#         333
  C:02FEH         LINE#         334
  C:0303H         LINE#         335
  C:0309H         LINE#         336
  C:0309H         LINE#         338
  C:032BH         LINE#         339
  C:032BH         LINE#         340
  C:0335H         LINE#         341
  C:033BH         LINE#         342
  C:0342H         LINE#         343
  C:0348H         LINE#         344
  C:034FH         LINE#         345
  C:034FH         LINE#         346
  C:0352H         LINE#         348
  C:0352H         LINE#         353
  C:035AH         LINE#         354
  C:0395H         LINE#         355
  C:03B3H         LINE#         356
  C:03B3H         LINE#         358
  C:03BCH         LINE#         359
  C:03C3H         LINE#         360
  C:03CCH         LINE#         361
  C:03D3H         LINE#         363
  C:03D3H         LINE#         367
  C:03E0H         LINE#         368
  C:03E0H         LINE#         371
  C:03E7H         LINE#         372
  C:03F8H         LINE#         375
  C:03F8H         LINE#         376
  C:0420H         LINE#         377
  C:0420H         LINE#         378
BL51 BANKED LINKER/LOCATER V6.22                                                      08/16/2019  12:15:29  PAGE 14


  C:0442H         LINE#         379
  C:0442H         LINE#         381
  C:0468H         LINE#         382
  C:04BEH         LINE#         383
  C:04C7H         LINE#         384
  C:04CEH         LINE#         385
  C:04D7H         LINE#         386
  C:04E0H         LINE#         387
  C:04E7H         LINE#         393
  C:04E7H         LINE#         399
  C:04E7H         LINE#         401
  C:0563H         LINE#         402
  C:057CH         LINE#         403
  C:057EH         LINE#         404
  C:0580H         LINE#         406
  C:060AH         LINE#         411
  C:0638H         LINE#         412
  C:0638H         LINE#         414
  C:066EH         LINE#         415
  C:0691H         LINE#         416
  C:06A6H         LINE#         417
  C:06B0H         LINE#         419
  C:06B3H         LINE#         421
  C:06B3H         LINE#         422
  C:06D9H         LINE#         423
  C:06D9H         LINE#         424
  C:06FEH         LINE#         425
  C:0764H         LINE#         426
  C:078AH         LINE#         427
  C:0832H         LINE#         430
  C:0832H         LINE#         432
  C:0839H         LINE#         433
  C:083CH         LINE#         436
  C:0871H         LINE#         437
  C:0878H         LINE#         438
  C:087BH         LINE#         440
  C:08B5H         LINE#         441
  C:08CBH         LINE#         443
  C:08E4H         LINE#         445
  C:08EBH         LINE#         446
  C:08F2H         LINE#         447
  C:08F5H         LINE#         450
  C:094AH         LINE#         452
  C:0951H         LINE#         454
  C:0958H         LINE#         455
  C:095BH         LINE#         458
  C:0A07H         LINE#         460
  C:0A0EH         LINE#         461
  C:0A0EH         LINE#         463
  C:0A10H         LINE#         465
  C:0A10H         LINE#         467
  C:0A10H         LINE#         468
  C:0A10H         LINE#         469
  C:0A10H         LINE#         486
  C:0A18H         LINE#         487
  C:0A20H         LINE#         488
  C:0A28H         LINE#         489
BL51 BANKED LINKER/LOCATER V6.22                                                      08/16/2019  12:15:29  PAGE 15


  C:0A30H         LINE#         491
  C:0A44H         LINE#         492
  C:0A5AH         LINE#         493
  C:0A8AH         LINE#         494
  C:0AAAH         LINE#         496
  C:0ABEH         LINE#         497
  C:0AD4H         LINE#         498
  C:0B04H         LINE#         499
  C:0B0BH         LINE#         501
  C:0B2FH         LINE#         504
  C:0B5AH         LINE#         506
  C:0B63H         LINE#         507
  C:0B6AH         LINE#         508
  C:0B73H         LINE#         509
  C:0B7CH         LINE#         510
  C:0B83H         LINE#         512
  C:0BC0H         LINE#         514
  C:0BC9H         LINE#         515
  C:0BD0H         LINE#         516
  C:0BD9H         LINE#         517
  C:0BE2H         LINE#         518
  C:0BE9H         LINE#         520
  C:0C14H         LINE#         522
  C:0C1DH         LINE#         523
  C:0C24H         LINE#         524
  C:0C2DH         LINE#         525
  C:0C36H         LINE#         526
  C:0C3DH         LINE#         528
  C:0C68H         LINE#         530
  C:0C71H         LINE#         531
  C:0C78H         LINE#         532
  C:0C81H         LINE#         533
  C:0C88H         LINE#         534
  C:0C91H         LINE#         535
  C:0C98H         LINE#         537
  C:0C9AH         LINE#         539
  C:0CA8H         LINE#         540
  C:0CA8H         LINE#         541
  C:0CB0H         LINE#         544
  C:0CB0H         LINE#         545
  C:0CB0H         LINE#         547
  C:0CD5H         LINE#         548
  C:0CD5H         LINE#         549
  C:0CF7H         LINE#         550
  C:0CF7H         LINE#         551
  C:0D73H         LINE#         552
  C:0D75H         LINE#         553
  C:0D77H         LINE#         555
  C:0DCFH         LINE#         558
  C:0DDEH         LINE#         559
  C:0DDEH         LINE#         560
  C:0DDEH         LINE#         561
  C:0DDEH         LINE#         562
  C:0DDEH         LINE#         563
  C:0DDEH         LINE#         564
  C:0DDEH         LINE#         565
  C:0DDEH         LINE#         568
BL51 BANKED LINKER/LOCATER V6.22                                                      08/16/2019  12:15:29  PAGE 16


  C:0DDEH         LINE#         570
  C:0DDEH         LINE#         571
  C:0DDEH         LINE#         572
  C:0DDEH         LINE#         573
  C:0DDEH         LINE#         577
  C:0DDEH         LINE#         579
  C:0DDEH         LINE#         581
  C:0DDEH         LINE#         582
  C:0DDEH         LINE#         583
  C:0DDEH         LINE#         584
  C:0DDEH         LINE#         585
  C:0DDEH         LINE#         586
  C:0DDEH         LINE#         589
  C:0DDEH         LINE#         591
  C:0DDEH         LINE#         592
  C:0DDEH         LINE#         593
  C:0DDEH         LINE#         594
  C:0DDEH         LINE#         595
  C:0DDEH         LINE#         596
  C:0DDEH         LINE#         597
  C:0DDEH         LINE#         599
  C:0DE1H         LINE#         602
  C:0E08H         LINE#         603
  C:0E08H         LINE#         606
  C:0E2AH         LINE#         607
  C:0E2AH         LINE#         608
  C:0EA6H         LINE#         610
  C:0ED3H         LINE#         613
  C:0EF4H         LINE#         614
  C:0F5BH         LINE#         615
  C:0F7EH         LINE#         616
  C:0FEBH         LINE#         617
  C:0FEDH         LINE#         618
  C:0FEFH         LINE#         620
  C:1028H         LINE#         621
  C:1028H         LINE#         623
  C:1053H         LINE#         624
  C:1093H         LINE#         625
  C:10BFH         LINE#         626
  C:113DH         LINE#         629
  C:11A5H         LINE#         630
  C:11A7H         LINE#         632
  C:11A7H         LINE#         633
  C:120AH         LINE#         634
  C:120AH         LINE#         637
  C:1219H         LINE#         638
  C:1219H         LINE#         639
  C:1297H         LINE#         640
  C:12A0H         LINE#         641
  C:12A7H         LINE#         642
  C:12B0H         LINE#         643
  C:12B9H         LINE#         644
  C:12C0H         LINE#         647
  C:12EBH         LINE#         649
  C:12F4H         LINE#         650
  C:12FBH         LINE#         651
  C:1304H         LINE#         652
BL51 BANKED LINKER/LOCATER V6.22                                                      08/16/2019  12:15:29  PAGE 17


  C:130DH         LINE#         656
  C:1314H         LINE#         658
  C:133FH         LINE#         660
  C:1348H         LINE#         661
  C:134FH         LINE#         662
  C:1358H         LINE#         663
  C:135FH         LINE#         665
  C:1368H         LINE#         666
  C:136FH         LINE#         669
  C:13ADH         LINE#         671
  C:13B6H         LINE#         672
  C:13BDH         LINE#         673
  C:13C6H         LINE#         674
  C:13CFH         LINE#         675
  C:13D6H         LINE#         676
  C:13D6H         LINE#         678
  C:13D6H         LINE#         680
  C:13D6H         LINE#         681
  C:13D6H         LINE#         683
  C:13D6H         LINE#         687
  C:13F2H         LINE#         688
  C:13F2H         LINE#         689
  C:13F4H         LINE#         692
  C:13F7H         LINE#         694
  C:1425H         LINE#         695
  C:1425H         LINE#         696
  C:1427H         LINE#         700
  C:1442H         LINE#         701
  C:1442H         LINE#         702
  C:146CH         LINE#         703
  C:146CH         LINE#         705
  C:147EH         LINE#         707
  C:14A4H         LINE#         708
  C:150CH         LINE#         710
  C:1576H         LINE#         712
  C:1586H         LINE#         713
  C:158CH         LINE#         714
  C:15A0H         LINE#         715
  C:15B4H         LINE#         716
  C:15BCH         LINE#         717
  C:15C9H         LINE#         718
  C:15C9H         LINE#         719
  C:15EDH         LINE#         720
  C:15EDH         LINE#         721
  C:1637H         LINE#         722
  C:163EH         LINE#         723
  C:1641H         LINE#         726
  C:1665H         LINE#         728
  C:166CH         LINE#         729
  C:166FH         LINE#         731
  C:16A2H         LINE#         732
  C:16C1H         LINE#         734
  C:16E3H         LINE#         736
  C:16EAH         LINE#         738
  C:16F1H         LINE#         739
  C:16F4H         LINE#         741
  C:1749H         LINE#         742
BL51 BANKED LINKER/LOCATER V6.22                                                      08/16/2019  12:15:29  PAGE 18


  C:1750H         LINE#         744
  C:1757H         LINE#         745
  C:175AH         LINE#         747
  C:1806H         LINE#         748
  C:180DH         LINE#         749
  C:181EH         LINE#         750
  C:181EH         LINE#         752
  C:1851H         LINE#         753
  C:1851H         LINE#         754
  C:185BH         LINE#         756
  C:1881H         LINE#         757
  C:18E3H         LINE#         759
  C:1947H         LINE#         761
  C:1956H         LINE#         762
  C:1956H         LINE#         767
  C:1965H         LINE#         768
  C:1965H         LINE#         769
  C:1997H         LINE#         770
  C:1997H         LINE#         771
  C:1A16H         LINE#         773
  C:1A1DH         LINE#         774
  C:1A20H         LINE#         776
  C:1A5AH         LINE#         777
  C:1A70H         LINE#         779
  C:1A89H         LINE#         781
  C:1A90H         LINE#         782
  C:1A97H         LINE#         783
  C:1A9AH         LINE#         785
  C:1AEFH         LINE#         786
  C:1AF6H         LINE#         788
  C:1AFDH         LINE#         789
  C:1B00H         LINE#         791
  C:1BACH         LINE#         792
  C:1BB3H         LINE#         793
  C:1BC4H         LINE#         796
  C:1BD8H         LINE#         797
  C:1BECH         LINE#         798
  C:1BFBH         LINE#         799
  C:1BFBH         LINE#         801
  C:1BFBH         LINE#         802
  C:1C0CH         LINE#         803
  C:1C19H         LINE#         804
  C:1C19H         LINE#         805
  C:1C3CH         LINE#         806
  C:1C3CH         LINE#         807
  C:1C8CH         LINE#         808
  C:1C8CH         LINE#         809
  C:1C93H         LINE#         810
  C:1C96H         LINE#         812
  C:1CD0H         LINE#         813
  C:1CE6H         LINE#         815
  C:1CFFH         LINE#         817
  C:1D06H         LINE#         818
  C:1D0DH         LINE#         819
  C:1D10H         LINE#         821
  C:1D65H         LINE#         822
  C:1D6CH         LINE#         824
BL51 BANKED LINKER/LOCATER V6.22                                                      08/16/2019  12:15:29  PAGE 19


  C:1D73H         LINE#         825
  C:1D76H         LINE#         827
  C:1E22H         LINE#         828
  C:1E29H         LINE#         829
  C:1E29H         LINE#         830
  C:1E3AH         LINE#         831
  C:1E3AH         LINE#         832
  C:1E3AH         LINE#         834
  C:1E49H         LINE#         835
  C:1E49H         LINE#         836
  C:1E4CH         LINE#         837
  C:1E53H         LINE#         838
  C:1E58H         LINE#         839
  C:1E5DH         LINE#         840
  C:1E62H         LINE#         841
  C:1E67H         LINE#         842
  C:1E6CH         LINE#         852
  C:1E6FH         LINE#         854
  C:1E72H         LINE#         855
  C:1E79H         LINE#         856
  C:1E83H         LINE#         857
  C:1E8AH         LINE#         859
  C:1E8DH         LINE#         868
  C:1E8DH         LINE#         869
  -------         ENDPROC       MAIN
  -------         PROC          UART
  C:000EH         LINE#         883
  C:000EH         LINE#         885
  C:0011H         LINE#         886
  C:0011H         LINE#         887
  C:0013H         LINE#         889
  C:0013H         LINE#         890
  C:0016H         LINE#         891
  C:0016H         LINE#         892
  C:0018H         LINE#         893
  C:001AH         LINE#         894
  C:001AH         LINE#         895
  -------         ENDPROC       UART
  -------         PROC          _SENDUART1
  D:0007H         SYMBOL        dat
  C:71D8H         LINE#         897
  C:71D8H         LINE#         898
  C:71D8H         LINE#         899
  C:71DBH         LINE#         900
  C:71DDH         LINE#         901
  C:71DEH         LINE#         902
  C:71E0H         LINE#         903
  -------         ENDPROC       _SENDUART1
  -------         ENDMOD        MAIN

  -------         MODULE        PCF85063BTL
  C:0000H         SYMBOL        _ICE_DUMMY_
  D:0096H         PUBLIC        P2M0
  D:0080H         PUBLIC        P0
  D:0095H         PUBLIC        P2M1
  D:0090H         PUBLIC        P1
  D:00A0H         PUBLIC        P2
BL51 BANKED LINKER/LOCATER V6.22                                                      08/16/2019  12:15:29  PAGE 20


  D:00B0H         PUBLIC        P3
  D:00C0H         PUBLIC        P4
  D:00C8H         PUBLIC        P5
  D:00E8H         PUBLIC        P6
  B:00A0H.1       PUBLIC        PCF85063BTL_SDI
  D:00F8H         PUBLIC        P7
  B:00A0H.2       PUBLIC        PCF85063BTL_SCK
  B:00A0H.1       PUBLIC        PCF85063BTL_SDO
  D:00A8H         PUBLIC        IE
  C:6A5AH         PUBLIC        _Read_time
  C:70FAH         PUBLIC        _PCF85063BTL_Delay
  D:00B8H         PUBLIC        IP
  D:00D8H         PUBLIC        CCON
  C:68E7H         PUBLIC        _Day_Of_Year
  C:6FE0H         PUBLIC        SPI_ReceiveByte
  D:0098H         PUBLIC        SCON
  D:0088H         PUBLIC        TCON
  C:712DH         PUBLIC        _BCDtoDec
  B:00A0H.0       PUBLIC        PCF85063BTL_CS
  C:711CH         PUBLIC        _SPI_ReadTime
  C:717CH         PUBLIC        SPI_Init
  C:7070H         PUBLIC        _SPI_WriteTime
  C:6FC0H         PUBLIC        _SPI_SendByte
  D:00D0H         PUBLIC        PSW
  C:70F6H         SYMBOL        L?0048
  -------         PROC          L?0047
  -------         ENDPROC       L?0047
  C:70F6H         SYMBOL        L?0048
  -------         PROC          _PCF85063BTL_DELAY
  D:0006H         SYMBOL        us
  C:70FAH         LINE#         8
  C:70FAH         LINE#         9
  C:70FAH         LINE#         10
  C:7104H         LINE#         11
  C:7104H         LINE#         12
  C:7105H         LINE#         13
  C:7107H         LINE#         14
  -------         ENDPROC       _PCF85063BTL_DELAY
  -------         PROC          _SPI_SENDBYTE
  D:0005H         SYMBOL        dat
  -------         DO            
  D:0003H         SYMBOL        i
  -------         ENDDO         
  C:6FC0H         LINE#         17
  C:6FC2H         LINE#         18
  C:6FC2H         LINE#         20
  C:6FC4H         LINE#         21
  C:6FC4H         LINE#         22
  C:6FC6H         LINE#         23
  C:6FCAH         LINE#         24
  C:6FCAH         LINE#         25
  C:6FCCH         LINE#         26
  C:6FCEH         LINE#         28
  C:6FCEH         LINE#         29
  C:6FD0H         LINE#         30
  C:6FD0H         LINE#         31
  C:6FD3H         LINE#         32
BL51 BANKED LINKER/LOCATER V6.22                                                      08/16/2019  12:15:29  PAGE 21


  C:6FD3H         LINE#         33
  C:6FD6H         LINE#         34
  C:6FDAH         LINE#         35
  C:6FDFH         LINE#         36
  -------         ENDPROC       _SPI_SENDBYTE
  -------         PROC          SPI_RECEIVEBYTE
  -------         DO            
  D:0003H         SYMBOL        i
  D:0005H         SYMBOL        dat
  -------         ENDDO         
  C:6FE0H         LINE#         39
  C:6FE0H         LINE#         40
  C:6FE0H         LINE#         42
  C:6FE2H         LINE#         44
  C:6FE4H         LINE#         45
  C:6FE5H         LINE#         46
  C:6FE5H         LINE#         47
  C:6FE9H         LINE#         48
  C:6FEBH         LINE#         49
  C:6FEEH         LINE#         51
  C:6FF1H         LINE#         52
  C:6FF1H         LINE#         53
  C:6FF5H         LINE#         54
  C:6FF5H         LINE#         55
  C:6FF5H         LINE#         56
  C:6FF8H         LINE#         57
  C:6FFDH         LINE#         58
  C:6FFFH         LINE#         59
  -------         ENDPROC       SPI_RECEIVEBYTE
  -------         PROC          _SPI_READTIME
  D:0007H         SYMBOL        addr
  -------         DO            
  D:0006H         SYMBOL        dat
  -------         ENDDO         
  C:711CH         LINE#         61
  C:711CH         LINE#         62
  C:711CH         LINE#         64
  C:711EH         LINE#         65
  C:7120H         LINE#         66
  C:7127H         LINE#         67
  C:712AH         LINE#         68
  C:712CH         LINE#         69
  C:712CH         LINE#         70
  -------         ENDPROC       _SPI_READTIME
  -------         PROC          _SPI_WRITETIME
  D:0002H         SYMBOL        val
  D:0005H         SYMBOL        addr
  C:7070H         LINE#         71
  C:7072H         LINE#         72
  C:7072H         LINE#         74
  C:7074H         LINE#         75
  C:707BH         LINE#         76
  C:7080H         LINE#         77
  C:7085H         LINE#         78
  C:7087H         LINE#         79
  -------         ENDPROC       _SPI_WRITETIME
  -------         PROC          SPI_INIT
BL51 BANKED LINKER/LOCATER V6.22                                                      08/16/2019  12:15:29  PAGE 22


  C:717CH         LINE#         83
  C:717CH         LINE#         84
  C:717CH         LINE#         89
  C:717FH         LINE#         90
  C:7182H         LINE#         91
  C:7184H         LINE#         92
  C:7186H         LINE#         93
  C:7188H         LINE#         94
  -------         ENDPROC       SPI_INIT
  -------         PROC          _READ_TIME
  X:04E9H         SYMBOL        months
  X:04ECH         SYMBOL        days
  X:04EFH         SYMBOL        hours
  X:04F2H         SYMBOL        mins
  X:04F5H         SYMBOL        seconds
  C:6A5AH         LINE#         96
  C:6A65H         LINE#         97
  C:6A65H         LINE#         99
  C:6A79H         LINE#         101
  C:6A8DH         LINE#         103
  C:6AA1H         LINE#         108
  C:6AB5H         LINE#         113
  -------         ENDPROC       _READ_TIME
  -------         PROC          _BCDTODEC
  D:0007H         SYMBOL        bcd
  -------         DO            
  D:0006H         SYMBOL        hi
  D:0007H         SYMBOL        lo
  -------         ENDDO         
  C:712DH         LINE#         119
  C:712DH         LINE#         120
  C:712DH         LINE#         122
  C:7132H         LINE#         123
  C:7136H         LINE#         124
  C:713DH         LINE#         125
  -------         ENDPROC       _BCDTODEC
  -------         PROC          _DAY_OF_YEAR
  D:0007H         SYMBOL        months_bcd
  D:0005H         SYMBOL        days_bcd
  -------         DO            
  D:0004H         SYMBOL        months
  D:0007H         SYMBOL        days
  -------         ENDDO         
  C:68E7H         LINE#         126
  C:68E7H         LINE#         127
  C:68E7H         LINE#         130
  C:68ECH         LINE#         132
  C:68F1H         LINE#         134
  C:692AH         LINE#         135
  C:692AH         LINE#         136
  C:692AH         LINE#         137
  C:692DH         LINE#         138
  C:692DH         LINE#         139
  C:692DH         LINE#         140
  C:6932H         LINE#         141
  C:6932H         LINE#         142
  C:6932H         LINE#         143
BL51 BANKED LINKER/LOCATER V6.22                                                      08/16/2019  12:15:29  PAGE 23


  C:6937H         LINE#         144
  C:6937H         LINE#         145
  C:6937H         LINE#         146
  C:693CH         LINE#         147
  C:693CH         LINE#         148
  C:693CH         LINE#         149
  C:6941H         LINE#         150
  C:6941H         LINE#         151
  C:6941H         LINE#         152
  C:6946H         LINE#         153
  C:6946H         LINE#         154
  C:6946H         LINE#         155
  C:694BH         LINE#         156
  C:694BH         LINE#         157
  C:694BH         LINE#         158
  C:6950H         LINE#         159
  C:6950H         LINE#         160
  C:6950H         LINE#         161
  C:6958H         LINE#         162
  C:6958H         LINE#         163
  C:6958H         LINE#         164
  C:695DH         LINE#         165
  C:695DH         LINE#         166
  C:695DH         LINE#         167
  C:6962H         LINE#         168
  C:6962H         LINE#         169
  C:6962H         LINE#         170
  C:696BH         LINE#         171
  C:696BH         LINE#         172
  C:696BH         LINE#         173
  C:696EH         LINE#         174
  C:696EH         LINE#         175
  -------         ENDPROC       _DAY_OF_YEAR
  -------         ENDMOD        PCF85063BTL

  -------         MODULE        LCD_DRIVER_SPLC780D
  C:0000H         SYMBOL        _ICE_DUMMY_
  D:0092H         PUBLIC        P1M0
  D:0091H         PUBLIC        P1M1
  D:0080H         PUBLIC        P0
  D:0090H         PUBLIC        P1
  D:00A0H         PUBLIC        P2
  D:00B0H         PUBLIC        P3
  D:00C0H         PUBLIC        P4
  D:00C8H         PUBLIC        P5
  D:00E8H         PUBLIC        P6
  D:00F8H         PUBLIC        P7
  C:6973H         PUBLIC        _WriteData
  D:00A8H         PUBLIC        IE
  D:00B8H         PUBLIC        IP
  D:00D8H         PUBLIC        CCON
  B:00B0H.4       PUBLIC        LCD_D4
  B:00B0H.5       PUBLIC        LCD_D5
  B:00B0H.6       PUBLIC        LCD_D6
  C:701EH         PUBLIC        _DisplayLCD
  B:00B0H.7       PUBLIC        LCD_D7
  D:0098H         PUBLIC        SCON
BL51 BANKED LINKER/LOCATER V6.22                                                      08/16/2019  12:15:29  PAGE 24


  D:0088H         PUBLIC        TCON
  C:71C5H         PUBLIC        LCD_clear
  C:6CF5H         PUBLIC        _Command
  C:70B5H         PUBLIC        _Display_Line
  C:6B23H         PUBLIC        LCD_Init
  C:6F5DH         PUBLIC        _Wait_ms
  B:00C0H.0       PUBLIC        LCD_RS
  B:0090H.3       PUBLIC        LCD_RW
  C:71BBH         PUBLIC        LCD_return_home
  C:5B8EH         PUBLIC        _Display_Pos
  B:00B0H.3       PUBLIC        LCD_E
  D:00D0H         PUBLIC        PSW
  -------         PROC          LCD_INIT
  C:6B23H         LINE#         9
  C:6B23H         LINE#         10
  C:6B23H         LINE#         11
  C:6B26H         LINE#         12
  C:6B29H         LINE#         14
  C:6B2FH         LINE#         15
  C:6B34H         LINE#         17
  C:6B3BH         LINE#         18
  C:6B40H         LINE#         20
  C:6B43H         LINE#         21
  C:6B48H         LINE#         23
  C:6B4BH         LINE#         24
  C:6B50H         LINE#         26
  C:6B57H         LINE#         29
  C:6B5CH         LINE#         30
  C:6B61H         LINE#         32
  C:6B66H         LINE#         33
  C:6B6BH         LINE#         35
  C:6B70H         LINE#         36
  C:6B75H         LINE#         37
  -------         ENDPROC       LCD_INIT
  C:696FH         SYMBOL        L?0035
  -------         PROC          L?0034
  -------         ENDPROC       L?0034
  C:696FH         SYMBOL        L?0035
  -------         PROC          _WRITEDATA
  X:04F4H         SYMBOL        dat
  C:6973H         LINE#         40
  C:6978H         LINE#         41
  C:6978H         LINE#         46
  C:697AH         LINE#         47
  C:697CH         LINE#         49
  C:698AH         LINE#         50
  C:6996H         LINE#         51
  C:69A2H         LINE#         52
  C:69ACH         LINE#         53
  C:69AEH         LINE#         54
  C:69B5H         LINE#         55
  C:69B7H         LINE#         57
  C:69C7H         LINE#         58
  C:69D2H         LINE#         59
  C:69DCH         LINE#         60
  C:69E0H         LINE#         62
  C:69E0H         LINE#         63
BL51 BANKED LINKER/LOCATER V6.22                                                      08/16/2019  12:15:29  PAGE 25


  C:69E3H         LINE#         64
  C:69E5H         LINE#         65
  C:69E7H         LINE#         67
  -------         ENDPROC       _WRITEDATA
  -------         PROC          _COMMAND
  D:0007H         SYMBOL        dat
  C:6CF5H         LINE#         69
  C:6CF5H         LINE#         70
  C:6CF5H         LINE#         71
  C:6CF7H         LINE#         72
  C:6CF9H         LINE#         74
  C:6D03H         LINE#         75
  C:6D07H         LINE#         77
  C:6D09H         LINE#         78
  C:6D12H         LINE#         79
  C:6D16H         LINE#         81
  C:6D18H         LINE#         82
  C:6D1FH         LINE#         83
  C:6D23H         LINE#         85
  C:6D25H         LINE#         86
  C:6D29H         LINE#         87
  C:6D2DH         LINE#         89
  C:6D2FH         LINE#         90
  C:6D2FH         LINE#         91
  C:6D32H         LINE#         92
  C:6D34H         LINE#         93
  -------         ENDPROC       _COMMAND
  C:6F59H         SYMBOL        L?0037
  -------         PROC          L?0036
  -------         ENDPROC       L?0036
  C:6F59H         SYMBOL        L?0037
  -------         PROC          _WAIT_MS
  D:0006H         SYMBOL        ms
  -------         DO            
  D:0004H         SYMBOL        De_Cnt
  -------         ENDDO         
  C:6F5DH         LINE#         95
  C:6F5DH         LINE#         96
  C:6F5DH         LINE#         98
  C:6F67H         LINE#         99
  C:6F67H         LINE#         100
  C:6F7AH         LINE#         101
  C:6F7AH         LINE#         102
  -------         ENDPROC       _WAIT_MS
  -------         PROC          _DISPLAYLCD
  D:0007H         SYMBOL        BCD
  -------         DO            
  D:0006H         SYMBOL        first_digit
  X:03F8H         SYMBOL        second_digit
  -------         ENDDO         
  C:701EH         LINE#         103
  C:701EH         LINE#         104
  C:701EH         LINE#         106
  C:7025H         LINE#         107
  C:702EH         LINE#         109
  C:7033H         LINE#         111
  -------         ENDPROC       _DISPLAYLCD
BL51 BANKED LINKER/LOCATER V6.22                                                      08/16/2019  12:15:29  PAGE 26


  -------         PROC          LCD_RETURN_HOME
  C:71BBH         LINE#         115
  C:71BBH         LINE#         116
  C:71BBH         LINE#         117
  C:71C0H         LINE#         118
  -------         ENDPROC       LCD_RETURN_HOME
  -------         PROC          LCD_CLEAR
  C:71C5H         LINE#         121
  C:71C5H         LINE#         122
  C:71C5H         LINE#         123
  C:71CAH         LINE#         124
  -------         ENDPROC       LCD_CLEAR
  -------         PROC          _DISPLAY_LINE
  D:0006H         SYMBOL        line
  C:70B5H         LINE#         128
  C:70B5H         LINE#         129
  C:70B5H         LINE#         130
  C:70BBH         LINE#         131
  C:70BBH         LINE#         132
  C:70BDH         LINE#         133
  C:70BDH         LINE#         134
  C:70BFH         LINE#         136
  C:70BFH         LINE#         137
  C:70C4H         LINE#         138
  C:70C9H         LINE#         139
  C:70C9H         LINE#         140
  -------         ENDPROC       _DISPLAY_LINE
  -------         PROC          _DISPLAY_POS
  X:04E9H         SYMBOL        sign_dat
  -------         DO            
  X:04EDH         SYMBOL        unit
  X:04EEH         SYMBOL        ten
  X:04EFH         SYMBOL        hundred
  X:04F0H         SYMBOL        thousand
  X:04F1H         SYMBOL        after_dot
  X:04F2H         SYMBOL        dat
  -------         ENDDO         
  C:5B8EH         LINE#         142
  C:5B94H         LINE#         143
  C:5B94H         LINE#         147
  C:5BB0H         LINE#         148
  C:5BCAH         LINE#         149
  C:5BEEH         LINE#         151
  C:5C38H         LINE#         153
  C:5C4FH         LINE#         154
  C:5C61H         LINE#         155
  C:5C86H         LINE#         156
  C:5CA0H         LINE#         157
  C:5CB8H         LINE#         158
  C:5CB8H         LINE#         159
  C:5CB8H         LINE#         160
  C:5CB8H         LINE#         161
  C:5CB8H         LINE#         162
  C:5CB8H         LINE#         163
  C:5CB8H         LINE#         164
  C:5CB8H         LINE#         168
  C:5CBAH         LINE#         170
BL51 BANKED LINKER/LOCATER V6.22                                                      08/16/2019  12:15:29  PAGE 27


  C:5CBAH         LINE#         172
  C:5CBFH         LINE#         173
  C:5CC5H         LINE#         174
  C:5CCBH         LINE#         175
  C:5CD1H         LINE#         176
  C:5CD7H         LINE#         177
  C:5CDCH         LINE#         178
  C:5CE2H         LINE#         182
  C:5CE2H         LINE#         184
  -------         ENDPROC       _DISPLAY_POS
  -------         ENDMOD        LCD_DRIVER_SPLC780D

  -------         MODULE        KEYPAD
  C:0000H         SYMBOL        _ICE_DUMMY_
  D:0093H         PUBLIC        P0M1
  D:0080H         PUBLIC        P0
  D:0090H         PUBLIC        P1
  D:00A0H         PUBLIC        P2
  D:00B0H         PUBLIC        P3
  D:00C0H         PUBLIC        P4
  D:00C8H         PUBLIC        P5
  D:00E8H         PUBLIC        P6
  D:00F8H         PUBLIC        P7
  D:00A8H         PUBLIC        IE
  C:558AH         PUBLIC        Key_Scan
  D:00B8H         PUBLIC        IP
  D:00D8H         PUBLIC        CCON
  C:71A3H         PUBLIC        KeyPad_IO_Init
  C:7000H         PUBLIC        _Delay_ms
  D:0098H         PUBLIC        SCON
  D:0088H         PUBLIC        TCON
  X:0645H         PUBLIC        small_move
  X:0647H         PUBLIC        move
  X:0649H         PUBLIC        auto_mode
  X:064BH         PUBLIC        direction
  X:064DH         PUBLIC        SPI_NOR_ClearEnable
  C:4CB7H         PUBLIC        Key_Process
  D:00D0H         PUBLIC        PSW
  D:0094H         PUBLIC        P0M0
  -------         PROC          _DELAY_MS
  D:0006H         SYMBOL        ms
  -------         DO            
  D:0004H         SYMBOL        De_Cnt
  -------         ENDDO         
  C:7000H         LINE#         20
  C:7000H         LINE#         21
  C:7000H         LINE#         23
  C:700AH         LINE#         24
  C:700AH         LINE#         25
  C:701DH         LINE#         26
  C:701DH         LINE#         27
  -------         ENDPROC       _DELAY_MS
  -------         PROC          KEY_SCAN
  -------         DO            
  X:03FEH         SYMBOL        KeyTemp1
  X:03FFH         SYMBOL        KeyTemp2
  X:0400H         SYMBOL        KeyValue
BL51 BANKED LINKER/LOCATER V6.22                                                      08/16/2019  12:15:29  PAGE 28


  -------         ENDDO         
  C:558AH         LINE#         28
  C:558AH         LINE#         29
  C:558AH         LINE#         34
  C:558DH         LINE#         37
  C:5590H         LINE#         39
  C:5598H         LINE#         40
  C:559FH         LINE#         41
  C:559FH         LINE#         43
  C:55A4H         LINE#         44
  C:55ABH         LINE#         45
  C:55ABH         LINE#         48
  C:55AEH         LINE#         49
  C:55B1H         LINE#         50
  C:55B6H         LINE#         51
  C:55BAH         LINE#         52
  C:55BAH         LINE#         53
  C:55C2H         LINE#         54
  C:55C2H         LINE#         55
  C:55C5H         LINE#         56
  C:55CDH         LINE#         57
  C:55CFH         LINE#         59
  C:55E3H         LINE#         60
  C:55E3H         LINE#         61
  C:55E3H         LINE#         62
  C:55E3H         LINE#         63
  C:55E9H         LINE#         65
  C:55EBH         LINE#         66
  C:55EBH         LINE#         67
  C:55EBH         LINE#         68
  C:55F1H         LINE#         70
  C:55F3H         LINE#         71
  C:55F3H         LINE#         72
  C:55F3H         LINE#         73
  C:55F9H         LINE#         75
  C:55FBH         LINE#         76
  C:55FBH         LINE#         77
  C:55FBH         LINE#         78
  C:5601H         LINE#         80
  C:5601H         LINE#         81
  C:5601H         LINE#         82
  C:5601H         LINE#         85
  C:5604H         LINE#         86
  C:5607H         LINE#         87
  C:560FH         LINE#         88
  C:5613H         LINE#         89
  C:5613H         LINE#         90
  C:561BH         LINE#         91
  C:561BH         LINE#         92
  C:561EH         LINE#         93
  C:5626H         LINE#         94
  C:5628H         LINE#         95
  C:563CH         LINE#         96
  C:563CH         LINE#         97
  C:563CH         LINE#         98
  C:563CH         LINE#         99
  C:5642H         LINE#         101
BL51 BANKED LINKER/LOCATER V6.22                                                      08/16/2019  12:15:29  PAGE 29


  C:5644H         LINE#         102
  C:5644H         LINE#         103
  C:5644H         LINE#         104
  C:564AH         LINE#         106
  C:564CH         LINE#         107
  C:564CH         LINE#         108
  C:564CH         LINE#         109
  C:5652H         LINE#         111
  C:5654H         LINE#         112
  C:5654H         LINE#         113
  C:5654H         LINE#         114
  C:5659H         LINE#         116
  C:5659H         LINE#         117
  C:5659H         LINE#         118
  C:5659H         LINE#         121
  C:565CH         LINE#         122
  C:565FH         LINE#         123
  C:5667H         LINE#         124
  C:566BH         LINE#         125
  C:566BH         LINE#         126
  C:5673H         LINE#         127
  C:5673H         LINE#         128
  C:5676H         LINE#         129
  C:567EH         LINE#         130
  C:5680H         LINE#         131
  C:5694H         LINE#         132
  C:5694H         LINE#         133
  C:5694H         LINE#         134
  C:5694H         LINE#         135
  C:569AH         LINE#         137
  C:569CH         LINE#         138
  C:569CH         LINE#         139
  C:569CH         LINE#         140
  C:56A2H         LINE#         142
  C:56A4H         LINE#         143
  C:56A4H         LINE#         144
  C:56A4H         LINE#         145
  C:56AAH         LINE#         147
  C:56ACH         LINE#         148
  C:56ACH         LINE#         149
  C:56ACH         LINE#         150
  C:56B2H         LINE#         152
  C:56B2H         LINE#         153
  C:56B2H         LINE#         154
  C:56B2H         LINE#         158
  C:56B5H         LINE#         159
  C:56B8H         LINE#         160
  C:56C0H         LINE#         161
  C:56C4H         LINE#         162
  C:56C4H         LINE#         163
  C:56CCH         LINE#         164
  C:56CCH         LINE#         165
  C:56CFH         LINE#         166
  C:56D7H         LINE#         167
  C:56D9H         LINE#         168
  C:56EDH         LINE#         169
  C:56EDH         LINE#         170
BL51 BANKED LINKER/LOCATER V6.22                                                      08/16/2019  12:15:29  PAGE 30


  C:56EDH         LINE#         171
  C:56EDH         LINE#         172
  C:56F3H         LINE#         174
  C:56F5H         LINE#         175
  C:56F5H         LINE#         176
  C:56F5H         LINE#         177
  C:56FBH         LINE#         179
  C:56FDH         LINE#         180
  C:56FDH         LINE#         181
  C:56FDH         LINE#         182
  C:5703H         LINE#         184
  C:5705H         LINE#         185
  C:5705H         LINE#         186
  C:5705H         LINE#         187
  C:570BH         LINE#         189
  C:570BH         LINE#         190
  C:570BH         LINE#         191
  C:570BH         LINE#         193
  C:5711H         LINE#         194
  C:5711H         LINE#         196
  C:5711H         LINE#         197
  C:5714H         LINE#         198
  C:5714H         LINE#         199
  C:5714H         LINE#         201
  C:5714H         LINE#         202
  C:5716H         LINE#         203
  C:5716H         LINE#         204
  -------         ENDPROC       KEY_SCAN
  -------         PROC          KEY_PROCESS
  -------         DO            
  X:0636H         SYMBOL        KeyCount
  X:0637H         SYMBOL        KeyNum_Old
  X:0639H         SYMBOL        KeyNum
  X:063BH         SYMBOL        PressedKey
  X:03F8H         SYMBOL        d
  D:0002H         SYMBOL        hours
  D:0006H         SYMBOL        mins
  X:03FAH         SYMBOL        months
  X:03FCH         SYMBOL        days
  -------         ENDDO         
  C:4CB7H         LINE#         205
  C:4CB7H         LINE#         206
  C:4CB7H         LINE#         210
  C:4CC6H         LINE#         211
  C:4CD3H         LINE#         213
  C:4CD7H         LINE#         214
  C:4CD7H         LINE#         215
  C:4CDDH         LINE#         217
  C:4CDDH         LINE#         218
  C:4CF4H         LINE#         219
  C:4CF4H         LINE#         220
  C:4CFEH         LINE#         221
  C:4D04H         LINE#         223
  C:4D0AH         LINE#         225
  C:4D0AH         LINE#         226
  C:4D21H         LINE#         227
  C:4D21H         LINE#         228
BL51 BANKED LINKER/LOCATER V6.22                                                      08/16/2019  12:15:29  PAGE 31


  C:4D26H         LINE#         230
  C:4D26H         LINE#         231
  C:4D36H         LINE#         232
  C:4D36H         LINE#         233
  C:4D3CH         LINE#         235
  C:4D3CH         LINE#         236
  C:4D4EH         LINE#         237
  C:4D4EH         LINE#         238
  C:4D58H         LINE#         239
  C:4D60H         LINE#         241
  C:4D69H         LINE#         243
  C:4D69H         LINE#         252
  C:4D88H         LINE#         253
  C:4D88H         LINE#         254
  C:4DA7H         LINE#         255
  C:4DADH         LINE#         256
  C:4DB5H         LINE#         257
  C:4DB5H         LINE#         259
  C:4DB6H         LINE#         265
  C:4DC2H         LINE#         266
  C:4DC2H         LINE#         267
  C:4DDFH         LINE#         268
  C:4DF6H         LINE#         269
  C:4E0DH         LINE#         270
  C:4E0DH         LINE#         271
  C:4E20H         LINE#         272
  C:4E33H         LINE#         273
  C:4E33H         LINE#         274
  C:4E33H         LINE#         275
  C:4E36H         LINE#         280
  C:4E45H         LINE#         281
  C:4E45H         LINE#         282
  C:4E68H         LINE#         283
  C:4E85H         LINE#         284
  C:4E8EH         LINE#         285
  C:4E8EH         LINE#         286
  C:4E95H         LINE#         287
  C:4E95H         LINE#         288
  C:4EA6H         LINE#         289
  C:4EA6H         LINE#         290
  C:4EB5H         LINE#         291
  C:4EB5H         LINE#         292
  C:4EB5H         LINE#         293
  C:4EB8H         LINE#         295
  C:4EB8H         LINE#         296
  C:4EC4H         LINE#         297
  C:4EC4H         LINE#         298
  C:4ED6H         LINE#         299
  C:4ED6H         LINE#         300
  C:4EE6H         LINE#         301
  C:4EE6H         LINE#         302
  C:4EE6H         LINE#         304
  C:4EE8H         LINE#         306
  C:4EE8H         LINE#         307
  C:4EF7H         LINE#         308
  C:4EF7H         LINE#         309
  C:4F07H         LINE#         310
BL51 BANKED LINKER/LOCATER V6.22                                                      08/16/2019  12:15:29  PAGE 32


  C:4F07H         LINE#         311
  C:4F07H         LINE#         313
  C:4F07H         LINE#         315
  C:4F07H         LINE#         316
  C:4F09H         LINE#         318
  C:4F09H         LINE#         319
  C:4F10H         LINE#         320
  C:4F10H         LINE#         321
  C:4F1FH         LINE#         322
  C:4F1FH         LINE#         323
  C:4F2FH         LINE#         324
  C:4F2FH         LINE#         325
  C:4F2FH         LINE#         326
  C:4F31H         LINE#         328
  C:4F31H         LINE#         329
  C:4F40H         LINE#         330
  C:4F40H         LINE#         331
  C:4F53H         LINE#         332
  C:4F66H         LINE#         333
  C:4F66H         LINE#         334
  C:4F66H         LINE#         335
  C:4F66H         LINE#         336
  C:4F6FH         LINE#         338
  C:4F6FH         LINE#         340
  C:4FA9H         LINE#         341
  C:4FA9H         LINE#         342
  C:4FB0H         LINE#         343
  C:4FB0H         LINE#         344
  C:4FBAH         LINE#         345
  C:4FBAH         LINE#         346
  C:4FBDH         LINE#         347
  C:4FC2H         LINE#         348
  C:4FC7H         LINE#         349
  C:4FCCH         LINE#         350
  C:4FD1H         LINE#         351
  C:4FD6H         LINE#         352
  C:4FDBH         LINE#         353
  C:4FE0H         LINE#         354
  C:4FE0H         LINE#         355
  C:4FE0H         LINE#         357
  C:4FFEH         LINE#         358
  C:4FFEH         LINE#         359
  C:5005H         LINE#         360
  C:5005H         LINE#         361
  C:500AH         LINE#         362
  C:5013H         LINE#         363
  C:5032H         LINE#         364
  C:5032H         LINE#         365
  C:5042H         LINE#         367
  C:5042H         LINE#         371
  -------         ENDPROC       KEY_PROCESS
  -------         PROC          KEYPAD_IO_INIT
  C:71A3H         LINE#         374
  C:71A3H         LINE#         375
  C:71A3H         LINE#         376
  C:71A6H         LINE#         377
  C:71A9H         LINE#         378
BL51 BANKED LINKER/LOCATER V6.22                                                      08/16/2019  12:15:29  PAGE 33


  C:71ACH         LINE#         379
  C:71AEH         LINE#         380
  -------         ENDPROC       KEYPAD_IO_INIT
  -------         ENDMOD        KEYPAD

  -------         MODULE        BIPOLARMOTOR
  C:0000H         SYMBOL        _ICE_DUMMY_
  X:0000H         PUBLIC        UTC_time
  D:0080H         PUBLIC        P0
  D:0090H         PUBLIC        P1
  X:0004H         PUBLIC        RX_pos_test
  D:00A0H         PUBLIC        P2
  D:00B0H         PUBLIC        P3
  D:00C0H         PUBLIC        P4
  D:00C8H         PUBLIC        P5
  D:00E8H         PUBLIC        P6
  D:00F8H         PUBLIC        P7
  X:00A4H         PUBLIC        low_date_azimuth_mapping
  D:00A8H         PUBLIC        IE
  C:6333H         PUBLIC        linear_interpolate
  X:00CCH         PUBLIC        declination
  C:6E94H         PUBLIC        _Move
  D:00B8H         PUBLIC        IP
  X:00D0H         PUBLIC        time_offset
  D:00D8H         PUBLIC        CCON
  X:00D4H         PUBLIC        previous_move_time
  X:00D5H         PUBLIC        time
  D:0098H         PUBLIC        SCON
  D:0088H         PUBLIC        TCON
  C:6D35H         PUBLIC        _Step_move
  X:00E7H         PUBLIC        dat
  X:00EDH         PUBLIC        current_local_sun_time
  C:38EEH         PUBLIC        _Update_position
  C:5043H         PUBLIC        _elevation_calculation
  X:00F1H         PUBLIC        sunCoord
  C:6C1DH         PUBLIC        vOneStepMove
  X:00F4H         PUBLIC        elevation_stamp
  X:0130H         PUBLIC        date_azimuth_mapping
  X:0158H         PUBLIC        location
  X:0160H         PUBLIC        RX_pos
  C:70CAH         PUBLIC        vSetLocation
  C:7045H         PUBLIC        _BCDtoDec1
  X:03B8H         PUBLIC        degree
  C:3F1FH         PUBLIC        _TheoricalJP_Position
  D:00D0H         PUBLIC        PSW
  -------         PROC          VSETLOCATION
  C:70CAH         LINE#         44
  C:70CAH         LINE#         45
  C:70CAH         LINE#         46
  C:70D4H         LINE#         47
  C:70DEH         LINE#         48
  -------         ENDPROC       VSETLOCATION
  C:7041H         SYMBOL        L?0060
  -------         PROC          L?0059
  -------         ENDPROC       L?0059
  C:7041H         SYMBOL        L?0060
  -------         PROC          _BCDTODEC1
BL51 BANKED LINKER/LOCATER V6.22                                                      08/16/2019  12:15:29  PAGE 34


  D:0007H         SYMBOL        bcd
  -------         DO            
  D:0006H         SYMBOL        hi
  D:0007H         SYMBOL        lo
  -------         ENDDO         
  C:7045H         LINE#         49
  C:7045H         LINE#         50
  C:7045H         LINE#         52
  C:704AH         LINE#         53
  C:704EH         LINE#         54
  C:7055H         LINE#         55
  -------         ENDPROC       _BCDTODEC1
[...]
  C:5776H         LINE#         322
  C:5779H         LINE#         324
  C:5793H         LINE#         325
  C:5793H         LINE#         326
  C:5793H         LINE#         328
  C:5796H         LINE#         330
  C:57B0H         LINE#         331
  C:57B0H         LINE#         332
  C:57B0H         LINE#         334
  C:57B3H         LINE#         336
  C:57CDH         LINE#         337
  C:57CDH         LINE#         338
  C:57CDH         LINE#         340
  C:57D0H         LINE#         342
  C:57EAH         LINE#         343
  C:57EAH         LINE#         344
  C:57EAH         LINE#         346
  C:57EDH         LINE#         348
  C:5807H         LINE#         349
  C:5807H         LINE#         350
  C:5807H         LINE#         352
  C:580AH         LINE#         354
  C:5824H         LINE#         355
  C:5824H         LINE#         356
  C:5824H         LINE#         358
  C:5827H         LINE#         360
  C:5841H         LINE#         361
  C:5841H         LINE#         362
  C:5841H         LINE#         364
  C:5844H         LINE#         366
  C:585EH         LINE#         367
  C:585EH         LINE#         368
  C:585EH         LINE#         370
  C:5861H         LINE#         372
  C:587BH         LINE#         373
  C:5882H         LINE#         374
  -------         ENDPROC       SPI_NOR_WRITE_DATA
  -------         ENDMOD        AT25SF041

  -------         MODULE        SI1120
  C:0000H         SYMBOL        _ICE_DUMMY_
  D:0080H         PUBLIC        P0
  D:00B2H         PUBLIC        P3M0
  D:0090H         PUBLIC        P1
  D:00B1H         PUBLIC        P3M1
  D:00A0H         PUBLIC        P2
  D:00B0H         PUBLIC        P3
  D:00C0H         PUBLIC        P4
  D:00C8H         PUBLIC        P5
  B:00A8H.7       PUBLIC        EA
  D:00E8H         PUBLIC        P6
  D:00F8H         PUBLIC        P7
  D:00A8H         PUBLIC        IE
  D:00B8H         PUBLIC        IP
  C:6DE3H         PUBLIC        SI1120_CONFIG_MODE_VIRH
  D:00D8H         PUBLIC        CCON
BL51 BANKED LINKER/LOCATER V6.22                                                      08/16/2019  12:15:29  PAGE 55


  D:0098H         PUBLIC        SCON
  D:0088H         PUBLIC        TCON
  C:7189H         PUBLIC        Enable_EXTINT0
  B:0090H.5       PUBLIC        SI1120_STX
  B:0088H.0       PUBLIC        IT0
  B:00A8H.0       PUBLIC        EX0
  B:0090H.4       PUBLIC        SI1120_MD
  B:0090H.6       PUBLIC        SI1120_SC
  D:00D0H         PUBLIC        PSW
  -------         PROC          SI1120_CONFIG_MODE_VIRH
  C:6DE3H         LINE#         4
  C:6DE3H         LINE#         5
  C:6DE3H         LINE#         6
  C:6DE5H         LINE#         7
  C:6DE7H         LINE#         8
  C:6DE9H         LINE#         10
  C:6DF0H         LINE#         11
  C:6DF2H         LINE#         13
  C:6DF4H         LINE#         14
  C:6DF6H         LINE#         16
  C:6DFDH         LINE#         18
  C:6DFFH         LINE#         20
  C:6E06H         LINE#         23
  C:6E08H         LINE#         25
  C:6E0AH         LINE#         27
  C:6E11H         LINE#         29
  C:6E13H         LINE#         31
  -------         ENDPROC       SI1120_CONFIG_MODE_VIRH
  -------         PROC          ENABLE_EXTINT0
  C:7189H         LINE#         33
  C:7189H         LINE#         34
  C:7189H         LINE#         35
  C:718CH         LINE#         36
  C:718FH         LINE#         37
  C:7191H         LINE#         38
  C:7193H         LINE#         39
  C:7195H         LINE#         40
  -------         ENDPROC       ENABLE_EXTINT0
  -------         ENDMOD        SI1120

  -------         MODULE        UART1
  C:0000H         SYMBOL        _ICE_DUMMY_
  D:0080H         PUBLIC        P0
  D:0090H         PUBLIC        P1
  D:00A0H         PUBLIC        P2
  D:00B0H         PUBLIC        P3
  D:00C0H         PUBLIC        P4
  D:00C8H         PUBLIC        P5
  C:6F7BH         PUBLIC        _uart1_SendToTCPServer
  B:00A8H.7       PUBLIC        EA
  D:00E8H         PUBLIC        P6
  D:00F8H         PUBLIC        P7
  C:6DB0H         PUBLIC        _SendString
  D:00A8H         PUBLIC        IE
  B:00A8H.4       PUBLIC        ES
  D:00B8H         PUBLIC        IP
  C:7088H         PUBLIC        _ASCIItoBCD
BL51 BANKED LINKER/LOCATER V6.22                                                      08/16/2019  12:15:29  PAGE 56


  D:00D8H         PUBLIC        CCON
  C:713EH         PUBLIC        initUART1
  D:0098H         PUBLIC        SCON
  D:0088H         PUBLIC        TCON
  C:71F7H         PUBLIC        _DectoBCD
  C:001EH         PUBLIC        _ASCII_Letter
  D:008EH         PUBLIC        AUXR
  C:0006H         PUBLIC        _unit
  C:71F0H         PUBLIC        _ten
  D:00D6H         PUBLIC        T2H
  D:00D7H         PUBLIC        T2L
  C:71E1H         PUBLIC        uart1_InitTCPConn
  D:00D0H         PUBLIC        PSW
  -------         PROC          INITUART1
  C:713EH         LINE#         24
  C:713EH         LINE#         25
  C:713EH         LINE#         26
  C:7141H         LINE#         27
  C:7144H         LINE#         28
  C:7147H         LINE#         29
  C:714AH         LINE#         30
  C:714CH         LINE#         31
  C:714EH         LINE#         33
  -------         ENDPROC       INITUART1
  -------         PROC          _SENDSTRING
  X:04E9H         SYMBOL        s
  C:6DB0H         LINE#         36
  C:6DBBH         LINE#         37
  C:6DBBH         LINE#         38
  C:6DCBH         LINE#         39
  C:6DCBH         LINE#         40
  C:6DE0H         LINE#         41
  C:6DE2H         LINE#         42
  -------         ENDPROC       _SENDSTRING
  -------         PROC          _TEN
  D:0007H         SYMBOL        BCD
  C:71F0H         LINE#         44
  C:71F0H         LINE#         45
  C:71F0H         LINE#         46
  C:71F5H         LINE#         47
  -------         ENDPROC       _TEN
  -------         PROC          _UNIT
  D:0007H         SYMBOL        BCD
  C:0006H         LINE#         48
  C:0006H         LINE#         49
  C:0006H         LINE#         53
  C:000AH         LINE#         54
  -------         ENDPROC       _UNIT
  -------         PROC          _DECTOBCD
  D:0007H         SYMBOL        dec
  C:71F7H         LINE#         55
  C:71F7H         LINE#         56
  C:71F7H         LINE#         58
  C:71F7H         LINE#         59
  -------         ENDPROC       _DECTOBCD
  -------         PROC          _ASCII_LETTER
  D:0007H         SYMBOL        dat
BL51 BANKED LINKER/LOCATER V6.22                                                      08/16/2019  12:15:29  PAGE 57


  C:001EH         LINE#         61
  C:001EH         LINE#         62
  C:001EH         LINE#         64
  C:0022H         LINE#         65
  -------         ENDPROC       _ASCII_LETTER
  -------         PROC          _ASCIITOBCD
  D:0001H         SYMBOL        ascii
  -------         DO            
  D:0007H         SYMBOL        dec_val
  D:0006H         SYMBOL        ten
  D:0007H         SYMBOL        unit
  -------         ENDDO         
  C:7088H         LINE#         67
  C:7088H         LINE#         68
  C:7088H         LINE#         70
  C:708BH         LINE#         71
  C:7091H         LINE#         72
  C:7098H         LINE#         73
  C:709EH         LINE#         75
  -------         ENDPROC       _ASCIITOBCD
  -------         PROC          UART1_INITTCPCONN
  C:71E1H         LINE#         77
  C:71E1H         LINE#         78
  C:71E1H         LINE#         82
  -------         ENDPROC       UART1_INITTCPCONN
  -------         PROC          _UART1_SENDTOTCPSERVER
  X:03F8H         SYMBOL        str
  C:6F7BH         LINE#         85
  C:6F86H         LINE#         86
  C:6F86H         LINE#         87
  C:6F8FH         LINE#         88
  C:6F96H         LINE#         89
  -------         ENDPROC       _UART1_SENDTOTCPSERVER
  -------         ENDMOD        UART1

  -------         MODULE        ?C_STARTUP
  C:685BH         SEGMENT       ?C_C51STARTUP
  I:0022H         SEGMENT       ?STACK
  C:0000H         PUBLIC        ?C_STARTUP
  D:00E0H         SYMBOL        ACC
  D:00F0H         SYMBOL        B
  D:0083H         SYMBOL        DPH
  D:0082H         SYMBOL        DPL
  N:0000H         SYMBOL        IBPSTACK
  N:0100H         SYMBOL        IBPSTACKTOP
  N:0080H         SYMBOL        IDATALEN
  C:685EH         SYMBOL        IDATALOOP
  N:0000H         SYMBOL        PBPSTACK
  N:0100H         SYMBOL        PBPSTACKTOP
  N:0000H         SYMBOL        PDATALEN
  N:0000H         SYMBOL        PDATASTART
  N:0000H         SYMBOL        PPAGE
  N:0000H         SYMBOL        PPAGEENABLE
  D:00A0H         SYMBOL        PPAGE_SFR
  D:0081H         SYMBOL        SP
  C:685BH         SYMBOL        STARTUP1
  N:0000H         SYMBOL        XBPSTACK
BL51 BANKED LINKER/LOCATER V6.22                                                      08/16/2019  12:15:29  PAGE 58


  N:0000H         SYMBOL        XBPSTACKTOP
  N:0000H         SYMBOL        XDATALEN
  N:0000H         SYMBOL        XDATASTART
  C:0000H         LINE#         126
  C:685BH         LINE#         133
  C:685DH         LINE#         134
  C:685EH         LINE#         135
  C:685FH         LINE#         136
  C:6861H         LINE#         185
  C:6864H         LINE#         196
  -------         ENDMOD        ?C_STARTUP

  -------         MODULE        ?C?FPADD
  C:1E97H         PUBLIC        ?C?FPADD
  C:1E93H         PUBLIC        ?C?FPSUB
  -------         ENDMOD        ?C?FPADD

  -------         MODULE        ?C?FPMUL
  C:1F88H         PUBLIC        ?C?FPMUL
  -------         ENDMOD        ?C?FPMUL

  -------         MODULE        ?C?FPDIV
  C:2091H         PUBLIC        ?C?FPDIV
  -------         ENDMOD        ?C?FPDIV

  -------         MODULE        ?C?FPCMP
  C:2130H         PUBLIC        ?C?FPCMP
  C:212EH         PUBLIC        ?C?FPCMP3
  -------         ENDMOD        ?C?FPCMP

  -------         MODULE        ?C?FPNEG
  C:21A7H         PUBLIC        ?C?FPNEG
  -------         ENDMOD        ?C?FPNEG

  -------         MODULE        ?C?FCAST
  C:21C2H         PUBLIC        ?C?FCASTC
  C:21BDH         PUBLIC        ?C?FCASTI
  C:21B8H         PUBLIC        ?C?FCASTL
  -------         ENDMOD        ?C?FCAST

  -------         MODULE        ?C?CASTF
  C:21F6H         PUBLIC        ?C?CASTF
  -------         ENDMOD        ?C?CASTF

  -------         MODULE        PRINTF
  X:04E9H         PUBLIC        ?_PRINTF?BYTE
  X:04E9H         PUBLIC        ?_SPRINTF?BYTE
  C:4485H         PUBLIC        _PRINTF
  C:447FH         PUBLIC        _SPRINTF
  -------         ENDMOD        PRINTF

  -------         MODULE        FABS
  C:7196H         PUBLIC        _FABS
  -------         ENDMOD        FABS

  -------         MODULE        ATAN2
  X:049FH         PUBLIC        ?_atan2?BYTE
BL51 BANKED LINKER/LOCATER V6.22                                                      08/16/2019  12:15:29  PAGE 59


  C:6688H         PUBLIC        _atan2
  -------         ENDMOD        ATAN2

  -------         MODULE        SIN
  C:58E8H         PUBLIC        _COS
  C:58FEH         PUBLIC        _SIN
  C:593AH         PUBLIC        _TAN
  -------         ENDMOD        SIN

  -------         MODULE        ACOS
  C:6C67H         PUBLIC        _ACOS
  -------         ENDMOD        ACOS

  -------         MODULE        ASIN
  C:6D75H         PUBLIC        _ASIN
  -------         ENDMOD        ASIN

  -------         MODULE        POW
  X:03BCH         PUBLIC        ?_pow?BYTE
  C:5A28H         PUBLIC        _pow
  -------         ENDMOD        POW

  -------         MODULE        ?C?CHKFLOAT
  C:2277H         PUBLIC        ?C?CHKFLOAT
  -------         ENDMOD        ?C?CHKFLOAT

  -------         MODULE        ?C?FPROUND
  C:2291H         PUBLIC        ?C?FPROUND
  -------         ENDMOD        ?C?FPROUND

  -------         MODULE        ?C?FPCONVERT
  C:22CEH         PUBLIC        ?C?FPCONVERT
  -------         ENDMOD        ?C?FPCONVERT

  -------         MODULE        EXP
  C:67F9H         PUBLIC        _EXP
  -------         ENDMOD        EXP

  -------         MODULE        LOG
  C:5D17H         PUBLIC        _LOG
  C:5D13H         PUBLIC        _LOG10
  -------         ENDMOD        LOG

  -------         MODULE        SQRT
  C:653FH         PUBLIC        _SQRT
  -------         ENDMOD        SQRT

  -------         MODULE        ATAN
  C:5E2CH         PUBLIC        _ATAN
  -------         ENDMOD        ATAN

  -------         MODULE        ?C?FTNPWR
  C:2450H         PUBLIC        ?C?FTNPWR
  -------         ENDMOD        ?C?FTNPWR

  -------         MODULE        ?C?COPY
  C:2560H         PUBLIC        ?C?COPY
BL51 BANKED LINKER/LOCATER V6.22                                                      08/16/2019  12:15:29  PAGE 60


  -------         ENDMOD        ?C?COPY

  -------         MODULE        ?C?CLDPTR
  C:2586H         PUBLIC        ?C?CLDPTR
  -------         ENDMOD        ?C?CLDPTR

  -------         MODULE        ?C?CLDOPTR
  C:259FH         PUBLIC        ?C?CLDOPTR
  -------         ENDMOD        ?C?CLDOPTR

  -------         MODULE        ?C?CSTPTR
  C:25CCH         PUBLIC        ?C?CSTPTR
  -------         ENDMOD        ?C?CSTPTR

  -------         MODULE        ?C?IMUL
  C:25DEH         PUBLIC        ?C?IMUL
  -------         ENDMOD        ?C?IMUL

  -------         MODULE        ?C?UIDIV
  C:25F0H         PUBLIC        ?C?UIDIV
  -------         ENDMOD        ?C?UIDIV

  -------         MODULE        ?C?SIDIV
  C:2645H         PUBLIC        ?C?SIDIV
  -------         ENDMOD        ?C?SIDIV

  -------         MODULE        ?C?ILDIX
  C:267BH         PUBLIC        ?C?ILDIX
  -------         ENDMOD        ?C?ILDIX

  -------         MODULE        ?C?ILDOPTR
  C:2691H         PUBLIC        ?C?ILDOPTR
  -------         ENDMOD        ?C?ILDOPTR

  -------         MODULE        ?C?ISTPTR
  C:26C9H         PUBLIC        ?C?ISTPTR
  -------         ENDMOD        ?C?ISTPTR

  -------         MODULE        ?C?LMUL
  C:26E8H         PUBLIC        ?C?LMUL
  -------         ENDMOD        ?C?LMUL

  -------         MODULE        ?C?SLDIV
  C:6CB1H         PUBLIC        ?C?SLDIV
  -------         ENDMOD        ?C?SLDIV

  -------         MODULE        ?C?LNEG
  C:2737H         PUBLIC        ?C?LNEG
  -------         ENDMOD        ?C?LNEG

  -------         MODULE        ?C?ULCMP
  C:2745H         PUBLIC        ?C?ULCMP
  -------         ENDMOD        ?C?ULCMP

  -------         MODULE        ?C?LSHL
  C:2756H         PUBLIC        ?C?LSHL
  -------         ENDMOD        ?C?LSHL
BL51 BANKED LINKER/LOCATER V6.22                                                      08/16/2019  12:15:29  PAGE 61



  -------         MODULE        ?C?LLDPTR
  C:2769H         PUBLIC        ?C?LLDPTR
  -------         ENDMOD        ?C?LLDPTR

  -------         MODULE        ?C?LLDOPTR
  C:2789H         PUBLIC        ?C?LLDOPTR
  -------         ENDMOD        ?C?LLDOPTR

  -------         MODULE        ?C?LSTPTR
  C:27B9H         PUBLIC        ?C?LSTPTR
  -------         ENDMOD        ?C?LSTPTR

  -------         MODULE        ?C?LSTOPTR
  C:27D3H         PUBLIC        ?C?LSTOPTR
  -------         ENDMOD        ?C?LSTOPTR

  -------         MODULE        ?C?LLDXDATA
  C:27F7H         PUBLIC        ?C?LLDXDATA
  -------         ENDMOD        ?C?LLDXDATA

  -------         MODULE        ?C?LLDCODE
  C:2803H         PUBLIC        ?C?LLDCODE
  -------         ENDMOD        ?C?LLDCODE

  -------         MODULE        ?C?LLDXDATA0
  C:2813H         PUBLIC        ?C?LLDXDATA0
  -------         ENDMOD        ?C?LLDXDATA0

  -------         MODULE        ?C?LLDCODE0
  C:281FH         PUBLIC        ?C?LLDCODE0
  -------         ENDMOD        ?C?LLDCODE0

  -------         MODULE        ?C?LLDPTR0
  C:282FH         PUBLIC        ?C?LLDPTR0
  -------         ENDMOD        ?C?LLDPTR0

  -------         MODULE        ?C?LSTXDATA
  C:284FH         PUBLIC        ?C?LSTXDATA
  -------         ENDMOD        ?C?LSTXDATA

  -------         MODULE        ?C?LSTKXDATA
  C:285BH         PUBLIC        ?C?LSTKXDATA
  -------         ENDMOD        ?C?LSTKXDATA

  -------         MODULE        ?C?LSTKPTR
  C:288CH         PUBLIC        ?C?LSTKPTR
  -------         ENDMOD        ?C?LSTKPTR

  -------         MODULE        ?C?OFFXADD
  C:28A6H         PUBLIC        ?C?OFFXADD
  -------         ENDMOD        ?C?OFFXADD

  -------         MODULE        ?C?PLDIXDATA
  C:28B2H         PUBLIC        ?C?PLDIXDATA
  -------         ENDMOD        ?C?PLDIXDATA

BL51 BANKED LINKER/LOCATER V6.22                                                      08/16/2019  12:15:29  PAGE 62


  -------         MODULE        ?C?PSTXDATA
  C:28C9H         PUBLIC        ?C?PSTXDATA
  -------         ENDMOD        ?C?PSTXDATA

  -------         MODULE        ?C?CCASE
  C:28D2H         PUBLIC        ?C?CCASE
  -------         ENDMOD        ?C?CCASE

  -------         MODULE        PUTCHAR
  C:6F0BH         PUBLIC        _PUTCHAR
  -------         ENDMOD        PUTCHAR

  -------         MODULE        ABS
  C:71AFH         PUBLIC        _ABS
  -------         ENDMOD        ABS

  -------         MODULE        ATOI
  C:6235H         PUBLIC        _atoi
  -------         ENDMOD        ATOI

  -------         MODULE        ?C?IILDX
  C:28F8H         PUBLIC        ?C?IILDX
  -------         ENDMOD        ?C?IILDX

  -------         MODULE        ?C?ULDIV
  C:294AH         PUBLIC        ?C?ULDIV
  -------         ENDMOD        ?C?ULDIV

  -------         MODULE        ?C?LLDIDATA
  C:29DCH         PUBLIC        ?C?LLDIDATA
  -------         ENDMOD        ?C?LLDIDATA

  -------         MODULE        ?C?LLDPDATA
  C:29E8H         PUBLIC        ?C?LLDPDATA
  -------         ENDMOD        ?C?LLDPDATA

  -------         MODULE        ?C?LLDIDATA0
  C:29F4H         PUBLIC        ?C?LLDIDATA0
  -------         ENDMOD        ?C?LLDIDATA0

  -------         MODULE        ?C?LLDPDATA0
  C:2A01H         PUBLIC        ?C?LLDPDATA0
  -------         ENDMOD        ?C?LLDPDATA0

  -------         MODULE        ?C?LSTIDATA
  C:2A0EH         PUBLIC        ?C?LSTIDATA
  -------         ENDMOD        ?C?LSTIDATA

  -------         MODULE        ?C?LSTPDATA
  C:2A1AH         PUBLIC        ?C?LSTPDATA
  -------         ENDMOD        ?C?LSTPDATA

  -------         MODULE        ?C?LSTKIDATA
  C:2A26H         PUBLIC        ?C?LSTKIDATA
  -------         ENDMOD        ?C?LSTKIDATA

  -------         MODULE        ?C?LSTKPDATA
BL51 BANKED LINKER/LOCATER V6.22                                                      08/16/2019  12:15:29  PAGE 63


  C:2A3FH         PUBLIC        ?C?LSTKPDATA
  -------         ENDMOD        ?C?LSTKPDATA

  -------         MODULE        ISDIGIT
  C:716DH         PUBLIC        _isdigit
  -------         ENDMOD        ISDIGIT

  -------         MODULE        ISSPACE
  C:7108H         PUBLIC        _isspace
  -------         ENDMOD        ISSPACE

*** WARNING L16: UNCALLED SEGMENT, IGNORED FOR OVERLAY PROCESS
    SEGMENT: ?PR?_DAY_OF_YEAR?PCF85063BTL

*** WARNING L16: UNCALLED SEGMENT, IGNORED FOR OVERLAY PROCESS
    SEGMENT: ?PR?NOP?IOEXPANDER_PI4IOE5V96248

*** WARNING L16: UNCALLED SEGMENT, IGNORED FOR OVERLAY PROCESS
    SEGMENT: ?PR?UC_ACK?IOEXPANDER_PI4IOE5V96248

*** WARNING L16: UNCALLED SEGMENT, IGNORED FOR OVERLAY PROCESS
    SEGMENT: ?PR?UC_NACK?IOEXPANDER_PI4IOE5V96248

*** WARNING L16: UNCALLED SEGMENT, IGNORED FOR OVERLAY PROCESS
    SEGMENT: ?PR?_TEN?UART1

*** WARNING L16: UNCALLED SEGMENT, IGNORED FOR OVERLAY PROCESS
    SEGMENT: ?PR?_UNIT?UART1

*** WARNING L16: UNCALLED SEGMENT, IGNORED FOR OVERLAY PROCESS
    SEGMENT: ?PR?_DECTOBCD?UART1

*** WARNING L16: UNCALLED SEGMENT, IGNORED FOR OVERLAY PROCESS
    SEGMENT: ?PR?_ASCII_LETTER?UART1

*** WARNING L16: UNCALLED SEGMENT, IGNORED FOR OVERLAY PROCESS
    SEGMENT: ?PR?_ASCIITOBCD?UART1

Program Size: data=15.4 xdata=1622 code=29176
LINK/LOCATE RUN COMPLETE.  9 WARNING(S),  0 ERROR(S)
