BL51 BANKED LINKER/LOCATER V6.22                                                        02/27/2019  10:31:22  PAGE 1


BL51 BANKED LINKER/LOCATER V6.22, INVOKED BY:
C:\KEIL_V5\C51\BIN\BL51.EXE .\Obj\main.obj, .\Obj\PCF85063BTL.obj, .\Obj\UART1.obj, .\Obj\LCd_Driver_SPLC780D.obj, .\Obj
>> \KeyPad.obj, .\Obj\BipolarMotor.obj, .\Obj\SunPos.obj, .\Obj\ADC.obj, .\Obj\Calibration.obj, .\Obj\IOExpander_PI4IOE5
>> V96248.obj, .\Obj\AT25SF041.obj, .\Obj\STARTUP.obj TO .\Obj\GPIO_RTC_Test PRINT (.\Lis\GPIO_RTC_Test.m51) RAMSIZE (25
>> 6)


MEMORY MODEL: LARGE WITH FLOATING POINT ARITHMETIC


INPUT MODULES INCLUDED:
  .\Obj\main.obj (MAIN)
  .\Obj\PCF85063BTL.obj (PCF85063BTL)
  .\Obj\UART1.obj (UART1)
  .\Obj\LCd_Driver_SPLC780D.obj (LCD_DRIVER_SPLC780D)
  .\Obj\KeyPad.obj (KEYPAD)
  .\Obj\BipolarMotor.obj (BIPOLARMOTOR)
  .\Obj\SunPos.obj (SUNPOS)
  .\Obj\ADC.obj (ADC)
  .\Obj\Calibration.obj (CALIBRATION)
  .\Obj\IOExpander_PI4IOE5V96248.obj (IOEXPANDER_PI4IOE5V96248)
  .\Obj\AT25SF041.obj (AT25SF041)
  .\Obj\STARTUP.obj (?C_STARTUP)
  C:\KEIL_V5\C51\LIB\C51FPL.LIB (?C?FPADD)
  C:\KEIL_V5\C51\LIB\C51FPL.LIB (?C?FPMUL)
  C:\KEIL_V5\C51\LIB\C51FPL.LIB (?C?FPDIV)
  C:\KEIL_V5\C51\LIB\C51FPL.LIB (?C?FPCMP)
  C:\KEIL_V5\C51\LIB\C51FPL.LIB (?C?FPNEG)
  C:\KEIL_V5\C51\LIB\C51FPL.LIB (?C?FCAST)
  C:\KEIL_V5\C51\LIB\C51FPL.LIB (?C?CASTF)
  C:\KEIL_V5\C51\LIB\C51FPL.LIB (ATAN2)
  C:\KEIL_V5\C51\LIB\C51FPL.LIB (SIN)
  C:\KEIL_V5\C51\LIB\C51FPL.LIB (ACOS)
  C:\KEIL_V5\C51\LIB\C51FPL.LIB (ASIN)
  C:\KEIL_V5\C51\LIB\C51FPL.LIB (?C?FPGETOPN)
  C:\KEIL_V5\C51\LIB\C51FPL.LIB (?C?FPSERIES)
  C:\KEIL_V5\C51\LIB\C51FPL.LIB (SQRT)
  C:\KEIL_V5\C51\LIB\C51FPL.LIB (ATAN)
  C:\KEIL_V5\C51\LIB\C51L.LIB (?C_INIT)
  C:\KEIL_V5\C51\LIB\C51L.LIB (?C?COPY)
  C:\KEIL_V5\C51\LIB\C51L.LIB (?C?CLDPTR)
  C:\KEIL_V5\C51\LIB\C51L.LIB (?C?CLDOPTR)
  C:\KEIL_V5\C51\LIB\C51L.LIB (?C?CSTPTR)
  C:\KEIL_V5\C51\LIB\C51L.LIB (?C?IMUL)
  C:\KEIL_V5\C51\LIB\C51L.LIB (?C?UIDIV)
  C:\KEIL_V5\C51\LIB\C51L.LIB (?C?SIDIV)
  C:\KEIL_V5\C51\LIB\C51L.LIB (?C?ILDIX)
  C:\KEIL_V5\C51\LIB\C51L.LIB (?C?ILDOPTR)
  C:\KEIL_V5\C51\LIB\C51L.LIB (?C?ISTPTR)
  C:\KEIL_V5\C51\LIB\C51L.LIB (?C?LMUL)
  C:\KEIL_V5\C51\LIB\C51L.LIB (?C?SLDIV)
  C:\KEIL_V5\C51\LIB\C51L.LIB (?C?LNEG)
  C:\KEIL_V5\C51\LIB\C51L.LIB (?C?ULCMP)
  C:\KEIL_V5\C51\LIB\C51L.LIB (?C?LSHL)
  C:\KEIL_V5\C51\LIB\C51L.LIB (?C?LLDPTR)
  C:\KEIL_V5\C51\LIB\C51L.LIB (?C?LLDOPTR)
  C:\KEIL_V5\C51\LIB\C51L.LIB (?C?LSTPTR)
  C:\KEIL_V5\C51\LIB\C51L.LIB (?C?LSTOPTR)
BL51 BANKED LINKER/LOCATER V6.22                                                      02/27/2019  10:31:22  PAGE 2


  C:\KEIL_V5\C51\LIB\C51L.LIB (?C?LLDXDATA)
  C:\KEIL_V5\C51\LIB\C51L.LIB (?C?LLDCODE)
  C:\KEIL_V5\C51\LIB\C51L.LIB (?C?LLDXDATA0)
  C:\KEIL_V5\C51\LIB\C51L.LIB (?C?LLDCODE0)
  C:\KEIL_V5\C51\LIB\C51L.LIB (?C?LLDPTR0)
  C:\KEIL_V5\C51\LIB\C51L.LIB (?C?LSTXDATA)
  C:\KEIL_V5\C51\LIB\C51L.LIB (?C?LSTKXDATA)
  C:\KEIL_V5\C51\LIB\C51L.LIB (?C?LSTKPTR)
  C:\KEIL_V5\C51\LIB\C51L.LIB (?C?OFFXADD)
  C:\KEIL_V5\C51\LIB\C51L.LIB (ABS)
  C:\KEIL_V5\C51\LIB\C51L.LIB (ATOI)
  C:\KEIL_V5\C51\LIB\C51L.LIB (?C?IILDX)
  C:\KEIL_V5\C51\LIB\C51L.LIB (?C?ULDIV)
  C:\KEIL_V5\C51\LIB\C51L.LIB (?C?LLDIDATA)
  C:\KEIL_V5\C51\LIB\C51L.LIB (?C?LLDPDATA)
  C:\KEIL_V5\C51\LIB\C51L.LIB (?C?LLDIDATA0)
  C:\KEIL_V5\C51\LIB\C51L.LIB (?C?LLDPDATA0)
  C:\KEIL_V5\C51\LIB\C51L.LIB (?C?LSTIDATA)
  C:\KEIL_V5\C51\LIB\C51L.LIB (?C?LSTPDATA)
  C:\KEIL_V5\C51\LIB\C51L.LIB (?C?LSTKIDATA)
  C:\KEIL_V5\C51\LIB\C51L.LIB (?C?LSTKPDATA)
  C:\KEIL_V5\C51\LIB\C51L.LIB (ISDIGIT)
  C:\KEIL_V5\C51\LIB\C51L.LIB (ISSPACE)


LINK MAP OF MODULE:  .\Obj\GPIO_RTC_Test (MAIN)


            TYPE    BASE      LENGTH    RELOCATION   SEGMENT NAME
            -----------------------------------------------------

            * * * * * * *   D A T A   M E M O R Y   * * * * * * *
            REG     0000H     0008H     ABSOLUTE     "REG BANK 0"
                    0008H     0018H                  *** GAP ***
            BIT     0020H.0   0000H.5   UNIT         ?BI?KEYPAD
            BIT     0020H.5   0000H.3   UNIT         _BIT_GROUP_
            BIT     0021H.0   0000H.1   UNIT         ?BI?MAIN
            BIT     0021H.1   0000H.1   UNIT         ?BI?_ATOI?ATOI
                    0021H.2   0000H.6                *** GAP ***
            IDATA   0022H     0001H     UNIT         ?STACK

            * * * * * * *  X D A T A   M E M O R Y  * * * * * * *
            XDATA   0000H     038FH     UNIT         ?XD?BIPOLARMOTOR
            XDATA   038FH     0151H     UNIT         _XDATA_GROUP_
            XDATA   04E0H     00D8H     UNIT         ?XD?MAIN
            XDATA   05B8H     0040H     UNIT         ?XD?_FINDDET4X4?BIPOLARMOTOR
            XDATA   05F8H     0024H     UNIT         ?XD?_FINDDET3X3?BIPOLARMOTOR
            XDATA   061CH     0009H     UNIT         ?XD?KEYPAD
            XDATA   0625H     0008H     UNIT         ?XD?_AT25SF041_READ?AT25SF041
            XDATA   062DH     0005H     UNIT         ?XD?_ATOI?ATOI
            XDATA   0632H     0004H     UNIT         ?XD?_DISPLAY_PROX?MAIN
            XDATA   0636H     0003H     UNIT         ?XD?_SENDSTRING?UART1
            XDATA   0639H     0001H     UNIT         ?XD?UC_ACK?IOEXPANDER_PI4IOE5V96248
            XDATA   063AH     0001H     UNIT         ?XD?UC_NACK?IOEXPANDER_PI4IOE5V96248

            * * * * * * *   C O D E   M E M O R Y   * * * * * * *
            CODE    0000H     0003H     ABSOLUTE     
BL51 BANKED LINKER/LOCATER V6.22                                                      02/27/2019  10:31:22  PAGE 3


            CODE    0003H     0006H     UNIT         ?PR?_TEN?UART1
            CODE    0009H     0001H     UNIT         ?PR?TM0_ISR?MAIN
            CODE    000AH     0001H     UNIT         ?PR?_DECTOBCD?UART1
            CODE    000BH     0003H     ABSOLUTE     
            CODE    000EH     0B00H     UNIT         ?PR?_UPDATE_POSITION?BIPOLARMOTOR
            CODE    0B0EH     09FDH     UNIT         ?PR?MAIN?MAIN
            CODE    150BH     09B6H     UNIT         ?C?LIB_CODE
            CODE    1EC1H     07A2H     UNIT         ?PR?SUNPOS?SUNPOS
            CODE    2663H     03F9H     UNIT         ?C_INITSEG
            CODE    2A5CH     02FCH     UNIT         ?PR?_FIND_REAL_MAX?CALIBRATION
            CODE    2D58H     02C0H     UNIT         ?PR?_FINDDET4X4?BIPOLARMOTOR
            CODE    3018H     02A0H     UNIT         ?PR?KEY_PROCESS?KEYPAD
            CODE    32B8H     01D1H     UNIT         ?PR?_FINDDET3X3?BIPOLARMOTOR
            CODE    3489H     0192H     UNIT         ?PR?SPI_NOR_WRITE_DATA?AT25SF041
            CODE    361BH     018DH     UNIT         ?PR?KEY_SCAN?KEYPAD
            CODE    37A8H     0188H     UNIT         ?PR?SIN?SIN
            CODE    3930H     0177H     UNIT         ?PR?_CALIBRATION?CALIBRATION
            CODE    3AA7H     0172H     UNIT         ?PR?_DISPLAY_POS?MAIN
            CODE    3C19H     0122H     UNIT         ?PR?ATAN?ATAN
            CODE    3D3BH     0110H     UNIT         ?PR?_AT25SF041_READ?AT25SF041
            CODE    3E4BH     0102H     UNIT         ?PR?_AT25SF041_WRITE?AT25SF041
            CODE    3F4DH     00DBH     UNIT         ?PR?_ATOI?ATOI
            CODE    4028H     00C3H     UNIT         ?PR?LINEAR_INTERPOLATE?BIPOLARMOTOR
            CODE    40EBH     00BBH     UNIT         ?PR?VOLTAGE_IS_STABLE?CALIBRATION
            CODE    41A6H     00ADH     UNIT         ?PR?_WRITE_PI4IOE5V96248?IOEXPANDER_PI4IOE5V96248
            CODE    4253H     00ACH     UNIT         ?PR?SQRT?SQRT
            CODE    42FFH     00A1H     UNIT         ?PR?UCREAD_STATUS_REGISTER_BYTE1?AT25SF041
            CODE    43A0H     009DH     UNIT         ?PR?_ATAN2?ATAN2
            CODE    443DH     009CH     UNIT         ?PR?_MAX_VALUE?CALIBRATION
            CODE    44D9H     0095H     UNIT         ?PR?_DISPLAY_PROX?MAIN
            CODE    456EH     008CH     UNIT         ?C_C51STARTUP
            CODE    45FAH     0084H     UNIT         ?PR?_DAY_OF_YEAR?PCF85063BTL
            CODE    467EH     0075H     UNIT         ?PR?_WRITEDATA?LCD_DRIVER_SPLC780D
            CODE    46F3H     0072H     UNIT         ?PR?AT25SF041_WRITEENABLE?AT25SF041
            CODE    4765H     006FH     UNIT         ?PR?_READ_TIME?PCF85063BTL
            CODE    47D4H     005AH     UNIT         ?PR?AT25SF041_CHIPERASE?AT25SF041
            CODE    482EH     0059H     UNIT         ?PR?LCD_INIT?LCD_DRIVER_SPLC780D
            CODE    4887H     004AH     UNIT         ?PR?VONESTEPMOVE?BIPOLARMOTOR
            CODE    48D1H     004AH     UNIT         ?PR?ACOS?ACOS
            CODE    491BH     0044H     UNIT         ?C?LDIV
            CODE    495FH     0040H     UNIT         ?PR?_COMMAND?LCD_DRIVER_SPLC780D
            CODE    499FH     0040H     UNIT         ?PR?_STEP_MOVE?BIPOLARMOTOR
            CODE    49DFH     003BH     UNIT         ?PR?ASIN?ASIN
            CODE    4A1AH     0033H     UNIT         ?PR?_SENDSTRING?UART1
            CODE    4A4DH     002CH     UNIT         ?PR?_ADC_GETRESULT?ADC
            CODE    4A79H     002BH     UNIT         ?PR?_WAIT_MS_I2C?IOEXPANDER_PI4IOE5V96248
            CODE    4AA4H     002BH     UNIT         ?PR?_WAIT_MS_SPINOR?AT25SF041
            CODE    4ACFH     0028H     UNIT         ?PR?_MOVE?BIPOLARMOTOR
            CODE    4AF7H     0027H     UNIT         ?PR?_I2C_SENDBYTE?IOEXPANDER_PI4IOE5V96248
            CODE    4B1EH     0024H     UNIT         ?PR?_WAIT_MS?LCD_DRIVER_SPLC780D
            CODE    4B42H     0020H     UNIT         ?PR?_SPI_SENDBYTE?PCF85063BTL
            CODE    4B62H     0020H     UNIT         ?PR?SPI_RECEIVEBYTE?PCF85063BTL
            CODE    4B82H     001FH     UNIT         ?PR?ADC_INIT?ADC
            CODE    4BA1H     001EH     UNIT         ?PR?_DELAY_MS?KEYPAD
            CODE    4BBFH     001DH     UNIT         ?PR?_DISPLAYLCD?LCD_DRIVER_SPLC780D
            CODE    4BDCH     001BH     UNIT         ?PR?_BCDTODEC1?BIPOLARMOTOR
            CODE    4BF7H     0018H     UNIT         ?PR?_SPI_WRITETIME?PCF85063BTL
BL51 BANKED LINKER/LOCATER V6.22                                                      02/27/2019  10:31:22  PAGE 4


            CODE    4C0FH     0017H     UNIT         ?PR?_ASCIITOBCD?UART1
            CODE    4C26H     0016H     UNIT         ?PR?I2C_ACK?IOEXPANDER_PI4IOE5V96248
            CODE    4C3CH     0015H     UNIT         ?PR?_DISPLAY_LINE?LCD_DRIVER_SPLC780D
            CODE    4C51H     0015H     UNIT         ?PR?I2C_STOP?IOEXPANDER_PI4IOE5V96248
            CODE    4C66H     0014H     UNIT         ?PR?_PCF85063BTL_DELAY?PCF85063BTL
            CODE    4C7AH     0014H     UNIT         ?PR?_ISSPACE?ISSPACE
            CODE    4C8EH     0011H     UNIT         ?PR?_SPI_READTIME?PCF85063BTL
            CODE    4C9FH     0011H     UNIT         ?PR?_BCDTODEC?PCF85063BTL
            CODE    4CB0H     0011H     UNIT         ?PR?INITUART1?UART1
            CODE    4CC1H     000FH     UNIT         ?PR?I2C_START?IOEXPANDER_PI4IOE5V96248
            CODE    4CD0H     000FH     UNIT         ?PR?UC_NACK?IOEXPANDER_PI4IOE5V96248
            CODE    4CDFH     000FH     UNIT         ?PR?_ISDIGIT?ISDIGIT
            CODE    4CEEH     000DH     UNIT         ?PR?SPI_INIT?PCF85063BTL
            CODE    4CFBH     000CH     UNIT         ?PR?KEYPAD_IO_INIT?KEYPAD
            CODE    4D07H     000CH     UNIT         ?PR?_ABS?ABS
            CODE    4D13H     000AH     UNIT         ?PR?LCD_RETURN_HOME?LCD_DRIVER_SPLC780D
            CODE    4D1DH     000AH     UNIT         ?PR?LCD_CLEAR?LCD_DRIVER_SPLC780D
            CODE    4D27H     0006H     UNIT         ?PR?UC_ACK?IOEXPANDER_PI4IOE5V96248
            CODE    4D2DH     0005H     UNIT         ?PR?_UNIT?UART1
            CODE    4D32H     0005H     UNIT         ?PR?_ASCII_LETTER?UART1
            CODE    4D37H     0001H     UNIT         ?PR?WAIT?BIPOLARMOTOR
            CODE    4D38H     0001H     UNIT         ?PR?NOP?IOEXPANDER_PI4IOE5V96248



OVERLAY MAP OF MODULE:   .\Obj\GPIO_RTC_Test (MAIN)


SEGMENT                                             BIT_GROUP          XDATA_GROUP
  +--> CALLED SEGMENT                            START    LENGTH     START    LENGTH
------------------------------------------------------------------------------------
?C_C51STARTUP                                    -----    -----      -----    -----
  +--> ?PR?MAIN?MAIN
  +--> ?C_INITSEG

?PR?MAIN?MAIN                                    -----    -----      038FH    002CH
  +--> ?PR?AT25SF041_WRITEENABLE?AT25SF041
  +--> ?PR?AT25SF041_CHIPERASE?AT25SF041
  +--> ?PR?_WAIT_MS_SPINOR?AT25SF041
  +--> ?PR?LCD_INIT?LCD_DRIVER_SPLC780D
  +--> ?PR?SPI_INIT?PCF85063BTL
  +--> ?PR?KEYPAD_IO_INIT?KEYPAD
  +--> ?PR?ADC_INIT?ADC
  +--> ?PR?_SPI_WRITETIME?PCF85063BTL
  +--> ?PR?_DELAY_MS?KEYPAD
  +--> ?PR?_DISPLAY_LINE?LCD_DRIVER_SPLC780D
  +--> ?PR?_WRITEDATA?LCD_DRIVER_SPLC780D
  +--> ?PR?KEY_PROCESS?KEYPAD
  +--> ?PR?_COMMAND?LCD_DRIVER_SPLC780D
  +--> ?PR?_DISPLAY_POS?MAIN
  +--> ?PR?_DISPLAYLCD?LCD_DRIVER_SPLC780D
  +--> ?PR?_STEP_MOVE?BIPOLARMOTOR
  +--> ?PR?LCD_RETURN_HOME?LCD_DRIVER_SPLC780D
  +--> ?PR?_READ_TIME?PCF85063BTL
  +--> ?PR?_ADC_GETRESULT?ADC
  +--> ?PR?_BCDTODEC1?BIPOLARMOTOR
  +--> ?PR?_CALIBRATION?CALIBRATION
BL51 BANKED LINKER/LOCATER V6.22                                                      02/27/2019  10:31:22  PAGE 5


  +--> ?PR?SPI_NOR_WRITE_DATA?AT25SF041
  +--> ?PR?LINEAR_INTERPOLATE?BIPOLARMOTOR
  +--> ?PR?_UPDATE_POSITION?BIPOLARMOTOR

?PR?AT25SF041_WRITEENABLE?AT25SF041              -----    -----      03C9H    0002H
  +--> ?PR?_WAIT_MS_SPINOR?AT25SF041
  +--> ?PR?UCREAD_STATUS_REGISTER_BYTE1?AT25...

?PR?UCREAD_STATUS_REGISTER_BYTE1?AT25...         -----    -----      03D1H    0003H
  +--> ?PR?_WAIT_MS_SPINOR?AT25SF041

?PR?AT25SF041_CHIPERASE?AT25SF041                -----    -----      03C9H    0002H
  +--> ?PR?_WAIT_MS_SPINOR?AT25SF041
  +--> ?PR?UCREAD_STATUS_REGISTER_BYTE1?AT25...

?PR?LCD_INIT?LCD_DRIVER_SPLC780D                 -----    -----      -----    -----
  +--> ?PR?_WAIT_MS?LCD_DRIVER_SPLC780D
  +--> ?PR?_COMMAND?LCD_DRIVER_SPLC780D

?PR?_COMMAND?LCD_DRIVER_SPLC780D                 -----    -----      -----    -----
  +--> ?PR?_WAIT_MS?LCD_DRIVER_SPLC780D

?PR?ADC_INIT?ADC                                 -----    -----      -----    -----
  +--> ?PR?_WAIT_MS?LCD_DRIVER_SPLC780D

?PR?_SPI_WRITETIME?PCF85063BTL                   -----    -----      -----    -----
  +--> ?PR?_SPI_SENDBYTE?PCF85063BTL

?PR?_SPI_SENDBYTE?PCF85063BTL                    -----    -----      -----    -----
  +--> ?PR?_PCF85063BTL_DELAY?PCF85063BTL

?PR?_DISPLAY_LINE?LCD_DRIVER_SPLC780D            -----    -----      -----    -----
  +--> ?PR?_COMMAND?LCD_DRIVER_SPLC780D

?PR?_WRITEDATA?LCD_DRIVER_SPLC780D               -----    -----      046CH    0001H
  +--> ?PR?_WAIT_MS?LCD_DRIVER_SPLC780D

?PR?KEY_PROCESS?KEYPAD                           -----    -----      03BBH    0006H
  +--> ?PR?KEY_SCAN?KEYPAD
  +--> ?PR?_SPI_WRITETIME?PCF85063BTL
  +--> ?PR?LCD_CLEAR?LCD_DRIVER_SPLC780D
  +--> ?PR?_COMMAND?LCD_DRIVER_SPLC780D
  +--> ?PR?_WRITEDATA?LCD_DRIVER_SPLC780D

?PR?KEY_SCAN?KEYPAD                              -----    -----      03C1H    0003H

?PR?LCD_CLEAR?LCD_DRIVER_SPLC780D                -----    -----      -----    -----
  +--> ?PR?_COMMAND?LCD_DRIVER_SPLC780D

?PR?_DISPLAY_POS?MAIN                            -----    -----      0462H    000AH
  +--> ?PR?_ABS?ABS
  +--> ?PR?_WRITEDATA?LCD_DRIVER_SPLC780D

?PR?_DISPLAYLCD?LCD_DRIVER_SPLC780D              -----    -----      03BBH    0001H
  +--> ?PR?_WRITEDATA?LCD_DRIVER_SPLC780D

?PR?_STEP_MOVE?BIPOLARMOTOR                      0020H.6  0000H.1    047BH    0004H
BL51 BANKED LINKER/LOCATER V6.22                                                      02/27/2019  10:31:22  PAGE 6


  +--> ?PR?VONESTEPMOVE?BIPOLARMOTOR

?PR?VONESTEPMOVE?BIPOLARMOTOR                    0020H.7  0000H.1    -----    -----
  +--> ?PR?_WRITE_PI4IOE5V96248?IOEXPANDER_P...
  +--> ?PR?_DELAY_MS?KEYPAD

?PR?_WRITE_PI4IOE5V96248?IOEXPANDER_P...         -----    -----      047FH    0003H
  +--> ?PR?I2C_START?IOEXPANDER_PI4IOE5V96248
  +--> ?PR?_WAIT_MS_I2C?IOEXPANDER_PI4IOE5V9...
  +--> ?PR?_I2C_SENDBYTE?IOEXPANDER_PI4IOE5V...
  +--> ?PR?I2C_ACK?IOEXPANDER_PI4IOE5V96248
  +--> ?PR?I2C_STOP?IOEXPANDER_PI4IOE5V96248

?PR?I2C_START?IOEXPANDER_PI4IOE5V96248           -----    -----      -----    -----
  +--> ?PR?_WAIT_MS_I2C?IOEXPANDER_PI4IOE5V9...

?PR?_I2C_SENDBYTE?IOEXPANDER_PI4IOE5V...         -----    -----      -----    -----
  +--> ?PR?_WAIT_MS_I2C?IOEXPANDER_PI4IOE5V9...

?PR?I2C_ACK?IOEXPANDER_PI4IOE5V96248             -----    -----      0482H    0001H
  +--> ?PR?_WAIT_MS_I2C?IOEXPANDER_PI4IOE5V9...

?PR?I2C_STOP?IOEXPANDER_PI4IOE5V96248            -----    -----      -----    -----
  +--> ?PR?_WAIT_MS_I2C?IOEXPANDER_PI4IOE5V9...

?PR?LCD_RETURN_HOME?LCD_DRIVER_SPLC780D          -----    -----      -----    -----
  +--> ?PR?_COMMAND?LCD_DRIVER_SPLC780D

?PR?_READ_TIME?PCF85063BTL                       -----    -----      03BBH    000FH
  +--> ?PR?_SPI_READTIME?PCF85063BTL

?PR?_SPI_READTIME?PCF85063BTL                    -----    -----      -----    -----
  +--> ?PR?_SPI_SENDBYTE?PCF85063BTL
  +--> ?PR?SPI_RECEIVEBYTE?PCF85063BTL

?PR?SPI_RECEIVEBYTE?PCF85063BTL                  -----    -----      -----    -----
  +--> ?PR?_PCF85063BTL_DELAY?PCF85063BTL

?PR?_CALIBRATION?CALIBRATION                     -----    -----      03BBH    001DH
  +--> ?PR?VOLTAGE_IS_STABLE?CALIBRATION
  +--> ?PR?_UPDATE_POSITION?BIPOLARMOTOR
  +--> ?PR?_FIND_REAL_MAX?CALIBRATION

?PR?VOLTAGE_IS_STABLE?CALIBRATION                -----    -----      03D8H    0018H
  +--> ?PR?_ADC_GETRESULT?ADC
  +--> ?PR?_ABS?ABS

?PR?_UPDATE_POSITION?BIPOLARMOTOR                -----    -----      03D8H    009FH
  +--> ?PR?_BCDTODEC1?BIPOLARMOTOR
  +--> ?PR?SUNPOS?SUNPOS
  +--> ?PR?SIN?SIN
  +--> ?PR?ASIN?ASIN
  +--> ?PR?LINEAR_INTERPOLATE?BIPOLARMOTOR
  +--> ?PR?_ABS?ABS
  +--> ?PR?_MOVE?BIPOLARMOTOR

?PR?SUNPOS?SUNPOS                                -----    -----      0477H    005DH
BL51 BANKED LINKER/LOCATER V6.22                                                      02/27/2019  10:31:22  PAGE 7


  +--> ?PR?SIN?SIN
  +--> ?PR?_ATAN2?ATAN2
  +--> ?PR?ASIN?ASIN
  +--> ?PR?ACOS?ACOS

?PR?SIN?SIN                                      0020H.5  0000H.1    04D4H    0004H

?PR?_ATAN2?ATAN2                                 -----    -----      04D4H    0008H
  +--> ?PR?ATAN?ATAN

?PR?ATAN?ATAN                                    0020H.5  0000H.2    04DCH    0004H

?PR?ASIN?ASIN                                    -----    -----      -----    -----
  +--> ?PR?SQRT?SQRT
  +--> ?PR?ATAN?ATAN

?PR?SQRT?SQRT                                    -----    -----      04D4H    0004H

?PR?ACOS?ACOS                                    -----    -----      -----    -----
  +--> ?PR?SQRT?SQRT
  +--> ?PR?ATAN?ATAN

?PR?LINEAR_INTERPOLATE?BIPOLARMOTOR              -----    -----      0477H    0014H

?PR?_MOVE?BIPOLARMOTOR                           0020H.5  0000H.1    0477H    0004H
  +--> ?PR?_STEP_MOVE?BIPOLARMOTOR

?PR?_FIND_REAL_MAX?CALIBRATION                   -----    -----      03D8H    008AH
  +--> ?PR?_ADC_GETRESULT?ADC
  +--> ?PR?_MOVE?BIPOLARMOTOR
  +--> ?PR?_COMMAND?LCD_DRIVER_SPLC780D
  +--> ?PR?_WRITEDATA?LCD_DRIVER_SPLC780D
  +--> ?PR?_DISPLAY_POS?MAIN
  +--> ?PR?_WAIT_MS?LCD_DRIVER_SPLC780D
  +--> ?PR?_MAX_VALUE?CALIBRATION

?PR?_MAX_VALUE?CALIBRATION                       -----    -----      0462H    0004H

?PR?SPI_NOR_WRITE_DATA?AT25SF041                 -----    -----      03BBH    000EH
  +--> ?PR?AT25SF041_WRITEENABLE?AT25SF041
  +--> ?PR?AT25SF041_CHIPERASE?AT25SF041
  +--> ?PR?_WAIT_MS_SPINOR?AT25SF041
  +--> ?PR?_AT25SF041_WRITE?AT25SF041

?PR?_AT25SF041_WRITE?AT25SF041                   -----    -----      03C9H    0008H
  +--> ?PR?_WAIT_MS_SPINOR?AT25SF041
  +--> ?PR?UCREAD_STATUS_REGISTER_BYTE1?AT25...



UNRESOLVED EXTERNAL SYMBOLS:
   AUTO_MODE
   _SENDUART1



SYMBOL TABLE OF MODULE:  .\Obj\GPIO_RTC_Test (MAIN)
BL51 BANKED LINKER/LOCATER V6.22                                                      02/27/2019  10:31:22  PAGE 8



  VALUE           TYPE          NAME
  ----------------------------------

  -------         MODULE        MAIN
  C:0000H         SYMBOL        _ICE_DUMMY_
  X:04E8H         PUBLIC        calib_value
  D:0080H         PUBLIC        P0
  D:00B2H         PUBLIC        P3M0
  D:0090H         PUBLIC        P1
  D:00B1H         PUBLIC        P3M1
  D:00A0H         PUBLIC        P2
  D:00B0H         PUBLIC        P3
  D:00C0H         PUBLIC        P4
  D:00C8H         PUBLIC        P5
  X:053CH         SYMBOL        PressedKey
  B:00A8H.7       PUBLIC        EA
  D:00E8H         PUBLIC        P6
  X:0540H         PUBLIC        calib_stamp
  D:00F8H         PUBLIC        P7
  X:0541H         PUBLIC        RX_Data_Uart_Cnt
  D:00A8H         PUBLIC        IE
  X:0543H         PUBLIC        calib_time
  D:00B8H         PUBLIC        IP
  X:0597H         PUBLIC        months
  D:00D8H         PUBLIC        CCON
  C:0B0EH         PUBLIC        main
  X:0598H         PUBLIC        count
  X:059AH         PUBLIC        days
  X:059BH         PUBLIC        hours
  D:0098H         PUBLIC        SCON
  D:0089H         PUBLIC        TMOD
  D:0088H         PUBLIC        TCON
  B:00A0H.3       PUBLIC        P23
  X:059CH         SYMBOL        KeyCount
  X:059EH         PUBLIC        mins
  X:059FH         PUBLIC        Rec_data_hour
  B:00C8H.5       PUBLIC        P55
  X:05A2H         PUBLIC        Rec_data_min
  D:008EH         PUBLIC        AUXR
  C:0009H         PUBLIC        tm0_isr
  B:0021H.0       PUBLIC        busy
  B:00A8H.1       PUBLIC        ET0
  X:05A5H         PUBLIC        SPI_NOR_INTERNAL_FLASH_ADDR
  D:008CH         PUBLIC        TH0
  X:05A9H         PUBLIC        hour_count
  D:008AH         PUBLIC        TL0
  X:05AAH         PUBLIC        min_count
  B:0088H.4       PUBLIC        TR0
  X:05ABH         SYMBOL        KeyNum
  X:05ACH         SYMBOL        KeyNum_Old
  X:05ADH         PUBLIC        current_position
  X:05B1H         PUBLIC        hours1
  X:05B2H         PUBLIC        hours2
  C:44D9H         PUBLIC        _Display_Prox
  X:05B3H         PUBLIC        mins1
  X:05B4H         PUBLIC        mins2
BL51 BANKED LINKER/LOCATER V6.22                                                      02/27/2019  10:31:22  PAGE 9


  C:3AA7H         PUBLIC        _Display_Pos
  X:05B5H         PUBLIC        seconds
  X:05B6H         PUBLIC        st_time
  D:00D0H         PUBLIC        PSW
  -------         PROC          TM0_ISR
  C:0009H         LINE#         85
  C:0009H         LINE#         87
  -------         ENDPROC       TM0_ISR
  -------         PROC          MAIN
  -------         DO            
  X:038FH         SYMBOL        sunlight_ADC
  X:04E0H         SYMBOL        KeyCount
  X:04E2H         SYMBOL        KeyNum_Old
  X:04E3H         SYMBOL        KeyNum
  X:04E4H         SYMBOL        PressedKey
  X:0391H         SYMBOL        prox_flag
  X:0392H         SYMBOL        iUse_prevday_calib_value
  X:0394H         SYMBOL        max_ADC_Val_JP
  X:0396H         SYMBOL        max_ADC_Val
  X:0398H         SYMBOL        calib_point1
  X:03A0H         SYMBOL        calib_point2
  X:03A8H         SYMBOL        dat_to_store
  X:03B3H         SYMBOL        calib_day
  X:03B5H         SYMBOL        calib_count
  X:03B7H         SYMBOL        theorical_JP_max_pos
  -------         ENDDO         
  C:0B0EH         LINE#         89
  C:0B0EH         LINE#         90
  C:0B0EH         LINE#         95
  C:0B14H         LINE#         96
  C:0B19H         LINE#         98
  C:0B21H         LINE#         102
  C:0B27H         LINE#         103
  C:0B31H         LINE#         107
  C:0B33H         LINE#         108
  C:0B35H         LINE#         109
  C:0B37H         LINE#         110
  C:0B39H         LINE#         112
  C:0B40H         LINE#         121
  C:0B40H         LINE#         122
  C:0B43H         LINE#         124
  C:0B46H         LINE#         125
  C:0B4DH         LINE#         126
  C:0B4DH         LINE#         127
  C:0B50H         LINE#         128
  C:0B53H         LINE#         129
  C:0B56H         LINE#         130
  C:0B59H         LINE#         131
  C:0B5CH         LINE#         132
  C:0B5FH         LINE#         135
  C:0B62H         LINE#         137
  C:0B65H         LINE#         138
  C:0B68H         LINE#         139
  C:0B6BH         LINE#         140
  C:0B6DH         LINE#         141
  C:0B6FH         LINE#         142
  C:0B71H         LINE#         144
BL51 BANKED LINKER/LOCATER V6.22                                                      02/27/2019  10:31:22  PAGE 10


  C:0B73H         LINE#         145
  C:0B7AH         LINE#         146
  C:0B81H         LINE#         147
  C:0B88H         LINE#         148
  C:0B8FH         LINE#         152
  C:0B96H         LINE#         153
  C:0B9BH         LINE#         154
  C:0BA0H         LINE#         155
  C:0BA5H         LINE#         156
  C:0BAAH         LINE#         157
  C:0BAFH         LINE#         160
  C:0BC8H         LINE#         161
  C:0BC8H         LINE#         162
  C:0BE4H         LINE#         163
  C:0C2BH         LINE#         164
  C:0C3CH         LINE#         167
  C:0C3CH         LINE#         168
  C:0C3CH         LINE#         169
  C:0C3FH         LINE#         172
  C:0C3FH         LINE#         175
  C:0C44H         LINE#         176
  C:0C49H         LINE#         178
  C:0C4EH         LINE#         179
  C:0C53H         LINE#         180
  C:0C58H         LINE#         181
  C:0C5DH         LINE#         183
  C:0C6EH         LINE#         184
  C:0C73H         LINE#         185
  C:0C78H         LINE#         187
  C:0C7FH         LINE#         188
  C:0C87H         LINE#         189
  C:0C8CH         LINE#         190
  C:0C94H         LINE#         191
  C:0C99H         LINE#         192
  C:0CA3H         LINE#         193
  C:0CA8H         LINE#         194
  C:0CB0H         LINE#         196
  C:0CB8H         LINE#         197
  C:0CBDH         LINE#         198
  C:0CC7H         LINE#         199
  C:0CC7H         LINE#         200
  C:0CC9H         LINE#         201
  C:0CCBH         LINE#         202
  C:0CD5H         LINE#         203
  C:0CD5H         LINE#         204
  C:0CDAH         LINE#         205
  C:0CDAH         LINE#         217
  C:0CE7H         LINE#         218
  C:0CE7H         LINE#         219
  C:0CF1H         LINE#         220
  C:0D08H         LINE#         221
  C:0D08H         LINE#         222
  C:0D0AH         LINE#         223
  C:0D0CH         LINE#         225
  C:0D0CH         LINE#         226
  C:0D17H         LINE#         227
  C:0D17H         LINE#         228
BL51 BANKED LINKER/LOCATER V6.22                                                      02/27/2019  10:31:22  PAGE 11


  C:0D1CH         LINE#         229
  C:0D1CH         LINE#         230
  C:0D29H         LINE#         231
  C:0D29H         LINE#         234
  C:0D33H         LINE#         235
  C:0D4AH         LINE#         236
  C:0D4AH         LINE#         237
  C:0D4CH         LINE#         238
  C:0D4EH         LINE#         240
  C:0D4EH         LINE#         241
  C:0D59H         LINE#         242
  C:0D59H         LINE#         243
  C:0D5EH         LINE#         244
  C:0D60H         LINE#         245
  C:0D60H         LINE#         254
  C:0D82H         LINE#         255
  C:0D82H         LINE#         256
  C:0D8CH         LINE#         257
  C:0D92H         LINE#         258
  C:0D94H         LINE#         259
  C:0D96H         LINE#         260
  C:0D98H         LINE#         261
  C:0D98H         LINE#         262
  C:0D9BH         LINE#         264
  C:0D9BH         LINE#         265
  C:0DA1H         LINE#         266
  C:0DA9H         LINE#         267
  C:0DAFH         LINE#         268
  C:0DB7H         LINE#         269
  C:0DF2H         LINE#         273
  C:0DFFH         LINE#         274
  C:0DFFH         LINE#         275
  C:0E0CH         LINE#         276
  C:0E3FH         LINE#         277
  C:0E4CH         LINE#         278
  C:0E4CH         LINE#         280
  C:0E7BH         LINE#         281
  C:0E7BH         LINE#         282
  C:0E9DH         LINE#         283
  C:0E9DH         LINE#         284
  C:0F19H         LINE#         285
  C:0F97H         LINE#         291
  C:0F9FH         LINE#         292
  C:0FA7H         LINE#         293
  C:0FAFH         LINE#         295
  C:0FB7H         LINE#         296
  C:0FCBH         LINE#         297
  C:0FE1H         LINE#         301
  C:1011H         LINE#         304
  C:1025H         LINE#         306
  C:102EH         LINE#         310
  C:1044H         LINE#         311
  C:1074H         LINE#         378
  C:107BH         LINE#         379
  C:109FH         LINE#         382
  C:10A2H         LINE#         383
  C:10B3H         LINE#         384
BL51 BANKED LINKER/LOCATER V6.22                                                      02/27/2019  10:31:22  PAGE 12


  C:10B3H         LINE#         385
  C:10B3H         LINE#         387
  C:10B3H         LINE#         390
  C:10B6H         LINE#         392
  C:10B6H         LINE#         393
  C:10D8H         LINE#         394
  C:10D8H         LINE#         395
  C:1154H         LINE#         396
  C:11A9H         LINE#         397
  C:11A9H         LINE#         398
  C:11A9H         LINE#         399
  C:11ACH         LINE#         403
  C:11ACH         LINE#         406
  C:11E0H         LINE#         407
  C:11E0H         LINE#         408
  C:1202H         LINE#         409
  C:1202H         LINE#         410
  C:127EH         LINE#         411
  C:12FCH         LINE#         431
  C:12FFH         LINE#         432
  C:1310H         LINE#         433
  C:1310H         LINE#         434
  C:1318H         LINE#         436
  C:1318H         LINE#         439
  C:131BH         LINE#         441
  C:131BH         LINE#         443
  C:133DH         LINE#         444
  C:133DH         LINE#         445
  C:13B9H         LINE#         447
  C:13E6H         LINE#         448
  C:1401H         LINE#         449
  C:142EH         LINE#         450
  C:1449H         LINE#         452
  C:14E5H         LINE#         455
  C:14E5H         LINE#         456
  C:14E5H         LINE#         457
  C:14E5H         LINE#         459
  C:14E5H         LINE#         462
  C:1501H         LINE#         463
  C:1506H         LINE#         465
  C:1508H         LINE#         466
  -------         ENDPROC       MAIN
  -------         PROC          _DISPLAY_PROX
  D:0002H         SYMBOL        dat
  -------         DO            
  X:0632H         SYMBOL        unit
  X:0633H         SYMBOL        ten
  X:0634H         SYMBOL        hundred
  X:0635H         SYMBOL        thousand
  -------         ENDDO         
  C:44D9H         LINE#         550
  C:44DDH         LINE#         551
  C:44DDH         LINE#         553
  C:44E9H         LINE#         554
  C:44F9H         LINE#         555
  C:4515H         LINE#         556
  C:4545H         LINE#         557
BL51 BANKED LINKER/LOCATER V6.22                                                      02/27/2019  10:31:22  PAGE 13


  C:454FH         LINE#         558
  C:4559H         LINE#         559
  C:4563H         LINE#         560
  C:456DH         LINE#         562
  -------         ENDPROC       _DISPLAY_PROX
  -------         PROC          _DISPLAY_POS
  X:0462H         SYMBOL        sign_dat
  -------         DO            
  X:0466H         SYMBOL        unit
  X:0467H         SYMBOL        ten
  X:0468H         SYMBOL        hundred
  D:0003H         SYMBOL        thousand
  X:0469H         SYMBOL        after_dot
  X:046AH         SYMBOL        dat
  -------         ENDDO         
  C:3AA7H         LINE#         565
  C:3AADH         LINE#         566
  C:3AADH         LINE#         570
  C:3AC9H         LINE#         571
  C:3AE3H         LINE#         572
  C:3B07H         LINE#         574
  C:3B51H         LINE#         576
  C:3B68H         LINE#         577
  C:3B75H         LINE#         578
  C:3B97H         LINE#         579
  C:3BCCH         LINE#         580
  C:3BE4H         LINE#         581
  C:3BE4H         LINE#         583
  C:3BE4H         LINE#         584
  C:3BE4H         LINE#         585
  C:3BE4H         LINE#         586
  C:3BE4H         LINE#         587
  C:3BE4H         LINE#         591
  C:3BE6H         LINE#         593
  C:3BE6H         LINE#         595
  C:3BEBH         LINE#         596
  C:3BF5H         LINE#         597
  C:3BFFH         LINE#         598
  C:3C09H         LINE#         599
  C:3C0EH         LINE#         600
  C:3C18H         LINE#         604
  C:3C18H         LINE#         606
  -------         ENDPROC       _DISPLAY_POS
  -------         ENDMOD        MAIN

  -------         MODULE        PCF85063BTL
  C:0000H         SYMBOL        _ICE_DUMMY_
  D:0096H         PUBLIC        P2M0
  D:0080H         PUBLIC        P0
  D:0095H         PUBLIC        P2M1
  D:0090H         PUBLIC        P1
  D:00A0H         PUBLIC        P2
  D:00B0H         PUBLIC        P3
  D:00C0H         PUBLIC        P4
  D:00C8H         PUBLIC        P5
  D:00E8H         PUBLIC        P6
  B:00A0H.1       PUBLIC        PCF85063BTL_SDI
BL51 BANKED LINKER/LOCATER V6.22                                                      02/27/2019  10:31:22  PAGE 14


  D:00F8H         PUBLIC        P7
  B:00A0H.2       PUBLIC        PCF85063BTL_SCK
  B:00A0H.1       PUBLIC        PCF85063BTL_SDO
  D:00A8H         PUBLIC        IE
  C:4765H         PUBLIC        _Read_time
  C:4C6CH         PUBLIC        _PCF85063BTL_Delay
  D:00B8H         PUBLIC        IP
  D:00D8H         PUBLIC        CCON
  C:45FAH         PUBLIC        _Day_Of_Year
  C:4B62H         PUBLIC        SPI_ReceiveByte
  D:0098H         PUBLIC        SCON
  D:0088H         PUBLIC        TCON
  C:4C9FH         PUBLIC        _BCDtoDec
  B:00A0H.0       PUBLIC        PCF85063BTL_CS
  C:4C8EH         PUBLIC        _SPI_ReadTime
  C:4CEEH         PUBLIC        SPI_Init
  C:4BF7H         PUBLIC        _SPI_WriteTime
  C:4B42H         PUBLIC        _SPI_SendByte
  D:00D0H         PUBLIC        PSW
  C:4C68H         SYMBOL        L?0047
  -------         PROC          L?0046
  -------         ENDPROC       L?0046
  C:4C68H         SYMBOL        L?0047
  -------         PROC          _PCF85063BTL_DELAY
  D:0006H         SYMBOL        us
  C:4C6CH         LINE#         8
  C:4C6CH         LINE#         9
  C:4C6CH         LINE#         10
  C:4C76H         LINE#         11
  C:4C76H         LINE#         12
  C:4C77H         LINE#         13
  C:4C79H         LINE#         14
  -------         ENDPROC       _PCF85063BTL_DELAY
  -------         PROC          _SPI_SENDBYTE
  D:0005H         SYMBOL        dat
  -------         DO            
  D:0003H         SYMBOL        i
  -------         ENDDO         
  C:4B42H         LINE#         17
  C:4B44H         LINE#         18
  C:4B44H         LINE#         20
  C:4B46H         LINE#         21
  C:4B46H         LINE#         22
  C:4B48H         LINE#         23
  C:4B4CH         LINE#         24
  C:4B4CH         LINE#         25
  C:4B4EH         LINE#         26
  C:4B50H         LINE#         28
  C:4B50H         LINE#         29
  C:4B52H         LINE#         30
  C:4B52H         LINE#         31
  C:4B55H         LINE#         32
  C:4B55H         LINE#         33
  C:4B58H         LINE#         34
  C:4B5CH         LINE#         35
  C:4B61H         LINE#         36
  -------         ENDPROC       _SPI_SENDBYTE
BL51 BANKED LINKER/LOCATER V6.22                                                      02/27/2019  10:31:22  PAGE 15


  -------         PROC          SPI_RECEIVEBYTE
  -------         DO            
  D:0003H         SYMBOL        i
  D:0005H         SYMBOL        dat
  -------         ENDDO         
  C:4B62H         LINE#         39
  C:4B62H         LINE#         40
  C:4B62H         LINE#         42
  C:4B64H         LINE#         44
  C:4B66H         LINE#         45
  C:4B67H         LINE#         46
  C:4B67H         LINE#         47
  C:4B6BH         LINE#         48
  C:4B6DH         LINE#         49
  C:4B70H         LINE#         51
  C:4B73H         LINE#         52
  C:4B73H         LINE#         53
  C:4B77H         LINE#         54
  C:4B77H         LINE#         55
  C:4B77H         LINE#         56
  C:4B7AH         LINE#         57
  C:4B7FH         LINE#         58
  C:4B81H         LINE#         59
  -------         ENDPROC       SPI_RECEIVEBYTE
  -------         PROC          _SPI_READTIME
  D:0007H         SYMBOL        addr
  -------         DO            
  D:0006H         SYMBOL        dat
  -------         ENDDO         
  C:4C8EH         LINE#         61
  C:4C8EH         LINE#         62
  C:4C8EH         LINE#         64
  C:4C90H         LINE#         65
  C:4C92H         LINE#         66
  C:4C99H         LINE#         67
  C:4C9CH         LINE#         68
  C:4C9EH         LINE#         69
  C:4C9EH         LINE#         70
  -------         ENDPROC       _SPI_READTIME
  -------         PROC          _SPI_WRITETIME
  D:0002H         SYMBOL        val
  D:0005H         SYMBOL        addr
  C:4BF7H         LINE#         71
  C:4BF9H         LINE#         72
  C:4BF9H         LINE#         74
  C:4BFBH         LINE#         75
  C:4C02H         LINE#         76
  C:4C07H         LINE#         77
  C:4C0CH         LINE#         78
  C:4C0EH         LINE#         79
  -------         ENDPROC       _SPI_WRITETIME
  -------         PROC          SPI_INIT
  C:4CEEH         LINE#         83
  C:4CEEH         LINE#         84
  C:4CEEH         LINE#         89
  C:4CF1H         LINE#         90
  C:4CF4H         LINE#         91
BL51 BANKED LINKER/LOCATER V6.22                                                      02/27/2019  10:31:22  PAGE 16


  C:4CF6H         LINE#         92
  C:4CF8H         LINE#         93
  C:4CFAH         LINE#         94
  -------         ENDPROC       SPI_INIT
  -------         PROC          _READ_TIME
  X:03BBH         SYMBOL        months
  X:03BEH         SYMBOL        days
  X:03C1H         SYMBOL        hours
  X:03C4H         SYMBOL        mins
  X:03C7H         SYMBOL        seconds
  C:4765H         LINE#         96
  C:4770H         LINE#         97
  C:4770H         LINE#         99
  C:4784H         LINE#         101
  C:4798H         LINE#         103
  C:47ACH         LINE#         108
  C:47C0H         LINE#         113
  -------         ENDPROC       _READ_TIME
  -------         PROC          _BCDTODEC
  D:0007H         SYMBOL        bcd
  -------         DO            
  D:0006H         SYMBOL        hi
  D:0007H         SYMBOL        lo
  -------         ENDDO         
  C:4C9FH         LINE#         119
  C:4C9FH         LINE#         120
  C:4C9FH         LINE#         122
  C:4CA4H         LINE#         123
  C:4CA8H         LINE#         124
  C:4CAFH         LINE#         125
  -------         ENDPROC       _BCDTODEC
  -------         PROC          _DAY_OF_YEAR
  D:0007H         SYMBOL        months_bcd
  D:0005H         SYMBOL        days_bcd
  -------         DO            
  D:0004H         SYMBOL        months
  D:0007H         SYMBOL        days
  -------         ENDDO         
  C:45FAH         LINE#         126
  C:45FAH         LINE#         127
  C:45FAH         LINE#         130
  C:45FFH         LINE#         132
  C:4604H         LINE#         134
  C:463DH         LINE#         135
  C:463DH         LINE#         136
  C:463DH         LINE#         137
  C:4640H         LINE#         138
  C:4640H         LINE#         139
  C:4640H         LINE#         140
  C:4645H         LINE#         141
  C:4645H         LINE#         142
  C:4645H         LINE#         143
  C:464AH         LINE#         144
  C:464AH         LINE#         145
  C:464AH         LINE#         146
  C:464FH         LINE#         147
  C:464FH         LINE#         148
BL51 BANKED LINKER/LOCATER V6.22                                                      02/27/2019  10:31:22  PAGE 17


  C:464FH         LINE#         149
  C:4654H         LINE#         150
  C:4654H         LINE#         151
  C:4654H         LINE#         152
  C:4659H         LINE#         153
  C:4659H         LINE#         154
  C:4659H         LINE#         155
  C:465EH         LINE#         156
  C:465EH         LINE#         157
  C:465EH         LINE#         158
  C:4663H         LINE#         159
  C:4663H         LINE#         160
  C:4663H         LINE#         161
  C:466BH         LINE#         162
  C:466BH         LINE#         163
  C:466BH         LINE#         164
  C:4670H         LINE#         165
  C:4670H         LINE#         166
  C:4670H         LINE#         167
  C:4675H         LINE#         168
  C:4675H         LINE#         169
  C:4675H         LINE#         170
  C:467DH         LINE#         171
  C:467DH         LINE#         172
  C:467DH         LINE#         173
  -------         ENDPROC       _DAY_OF_YEAR
  -------         ENDMOD        PCF85063BTL

  -------         MODULE        UART1
  C:0000H         SYMBOL        _ICE_DUMMY_
  D:0080H         PUBLIC        P0
  D:0090H         PUBLIC        P1
  D:00A0H         PUBLIC        P2
  D:00B0H         PUBLIC        P3
  D:00C0H         PUBLIC        P4
  D:00C8H         PUBLIC        P5
  B:00A8H.7       PUBLIC        EA
  D:00E8H         PUBLIC        P6
  D:00F8H         PUBLIC        P7
  C:4A1AH         PUBLIC        _SendString
  D:00A8H         PUBLIC        IE
  B:00A8H.4       PUBLIC        ES
  D:00B8H         PUBLIC        IP
  C:4C0FH         PUBLIC        _ASCIItoBCD
  D:00D8H         PUBLIC        CCON
  C:4CB0H         PUBLIC        initUART1
  D:0098H         PUBLIC        SCON
  D:0088H         PUBLIC        TCON
  C:000AH         PUBLIC        _DectoBCD
  C:4D32H         PUBLIC        _ASCII_Letter
  D:008EH         PUBLIC        AUXR
  C:4D2DH         PUBLIC        _unit
  C:0003H         PUBLIC        _ten
  D:00D6H         PUBLIC        T2H
  D:00D7H         PUBLIC        T2L
  D:00D0H         PUBLIC        PSW
  -------         PROC          INITUART1
BL51 BANKED LINKER/LOCATER V6.22                                                      02/27/2019  10:31:22  PAGE 18


  C:4CB0H         LINE#         21
  C:4CB0H         LINE#         22
  C:4CB0H         LINE#         23
  C:4CB3H         LINE#         24
  C:4CB6H         LINE#         25
  C:4CB9H         LINE#         26
  C:4CBCH         LINE#         27
  C:4CBEH         LINE#         28
  C:4CC0H         LINE#         30
  -------         ENDPROC       INITUART1
  -------         PROC          _SENDSTRING
  X:0636H         SYMBOL        s
  C:4A1AH         LINE#         35
  C:4A25H         LINE#         36
  C:4A25H         LINE#         37
  C:4A35H         LINE#         38
  C:4A35H         LINE#         39
  C:4A4AH         LINE#         40
  C:4A4CH         LINE#         41
  -------         ENDPROC       _SENDSTRING
  -------         PROC          _TEN
  D:0007H         SYMBOL        BCD
  C:0003H         LINE#         43
  C:0003H         LINE#         44
  C:0003H         LINE#         45
  C:0008H         LINE#         46
  -------         ENDPROC       _TEN
  -------         PROC          _UNIT
  D:0007H         SYMBOL        BCD
  C:4D2DH         LINE#         47
  C:4D2DH         LINE#         48
  C:4D2DH         LINE#         52
  C:4D31H         LINE#         53
  -------         ENDPROC       _UNIT
  -------         PROC          _DECTOBCD
  D:0007H         SYMBOL        dec
  C:000AH         LINE#         54
  C:000AH         LINE#         55
  C:000AH         LINE#         57
  C:000AH         LINE#         58
  -------         ENDPROC       _DECTOBCD
  -------         PROC          _ASCII_LETTER
  D:0007H         SYMBOL        dat
  C:4D32H         LINE#         60
  C:4D32H         LINE#         61
  C:4D32H         LINE#         63
  C:4D36H         LINE#         64
  -------         ENDPROC       _ASCII_LETTER
  -------         PROC          _ASCIITOBCD
  D:0001H         SYMBOL        ascii
  -------         DO            
  D:0007H         SYMBOL        dec_val
  D:0006H         SYMBOL        ten
  D:0007H         SYMBOL        unit
  -------         ENDDO         
  C:4C0FH         LINE#         66
  C:4C0FH         LINE#         67
BL51 BANKED LINKER/LOCATER V6.22                                                      02/27/2019  10:31:22  PAGE 19


  C:4C0FH         LINE#         69
  C:4C12H         LINE#         70
  C:4C18H         LINE#         71
  C:4C1FH         LINE#         72
  C:4C25H         LINE#         74
  -------         ENDPROC       _ASCIITOBCD
  -------         ENDMOD        UART1

  -------         MODULE        LCD_DRIVER_SPLC780D
  C:0000H         SYMBOL        _ICE_DUMMY_
  D:0092H         PUBLIC        P1M0
  D:0091H         PUBLIC        P1M1
  D:0080H         PUBLIC        P0
  D:0090H         PUBLIC        P1
  D:00A0H         PUBLIC        P2
  D:00B0H         PUBLIC        P3
  D:00C0H         PUBLIC        P4
  D:00C8H         PUBLIC        P5
  D:00E8H         PUBLIC        P6
  D:00F8H         PUBLIC        P7
  C:467EH         PUBLIC        _WriteData
  D:00A8H         PUBLIC        IE
  D:00B8H         PUBLIC        IP
  D:00D8H         PUBLIC        CCON
  B:00B0H.4       PUBLIC        LCD_D4
  B:00B0H.5       PUBLIC        LCD_D5
  B:00B0H.6       PUBLIC        LCD_D6
  C:4BBFH         PUBLIC        _DisplayLCD
  B:00B0H.7       PUBLIC        LCD_D7
  D:0098H         PUBLIC        SCON
  D:0088H         PUBLIC        TCON
  C:4D1DH         PUBLIC        LCD_clear
  C:495FH         PUBLIC        _Command
  C:4C3CH         PUBLIC        _Display_Line
  C:482EH         PUBLIC        LCD_Init
  C:4B24H         PUBLIC        _Wait_ms
  B:00C0H.0       PUBLIC        LCD_RS
  B:00B0H.2       PUBLIC        LCD_RW
  C:4D13H         PUBLIC        LCD_return_home
  B:00B0H.3       PUBLIC        LCD_E
  D:00D0H         PUBLIC        PSW
  -------         PROC          LCD_INIT
  C:482EH         LINE#         9
  C:482EH         LINE#         10
  C:482EH         LINE#         11
  C:4831H         LINE#         12
  C:4834H         LINE#         14
  C:483AH         LINE#         15
  C:483FH         LINE#         17
  C:4846H         LINE#         18
  C:484BH         LINE#         20
  C:484EH         LINE#         21
  C:4853H         LINE#         23
  C:4856H         LINE#         24
  C:485BH         LINE#         26
  C:4862H         LINE#         29
  C:4867H         LINE#         30
BL51 BANKED LINKER/LOCATER V6.22                                                      02/27/2019  10:31:22  PAGE 20


  C:486CH         LINE#         32
  C:4871H         LINE#         33
  C:4876H         LINE#         35
  C:487BH         LINE#         36
  C:4880H         LINE#         37
  -------         ENDPROC       LCD_INIT
  -------         PROC          _WRITEDATA
  X:046CH         SYMBOL        dat
  C:467EH         LINE#         40
  C:4683H         LINE#         41
  C:4683H         LINE#         46
  C:4685H         LINE#         47
  C:4687H         LINE#         49
  C:4695H         LINE#         50
  C:46A1H         LINE#         51
  C:46ADH         LINE#         52
  C:46B7H         LINE#         53
  C:46B9H         LINE#         54
  C:46C0H         LINE#         55
  C:46C2H         LINE#         57
  C:46D2H         LINE#         58
  C:46DDH         LINE#         59
  C:46E7H         LINE#         60
  C:46EBH         LINE#         62
  C:46EBH         LINE#         63
  C:46EEH         LINE#         64
  C:46F0H         LINE#         65
  C:46F2H         LINE#         67
  -------         ENDPROC       _WRITEDATA
  -------         PROC          _COMMAND
  D:0007H         SYMBOL        dat
  C:495FH         LINE#         69
  C:495FH         LINE#         70
  C:495FH         LINE#         71
  C:4961H         LINE#         72
  C:4963H         LINE#         74
  C:496DH         LINE#         75
  C:4971H         LINE#         77
  C:4973H         LINE#         78
  C:497CH         LINE#         79
  C:4980H         LINE#         81
  C:4982H         LINE#         82
  C:4989H         LINE#         83
  C:498DH         LINE#         85
  C:498FH         LINE#         86
  C:4993H         LINE#         87
  C:4997H         LINE#         89
  C:4999H         LINE#         90
  C:4999H         LINE#         91
  C:499CH         LINE#         92
  C:499EH         LINE#         93
  -------         ENDPROC       _COMMAND
  C:4B20H         SYMBOL        L?0028
  -------         PROC          L?0027
  -------         ENDPROC       L?0027
  C:4B20H         SYMBOL        L?0028
  -------         PROC          _WAIT_MS
BL51 BANKED LINKER/LOCATER V6.22                                                      02/27/2019  10:31:22  PAGE 21


  D:0006H         SYMBOL        ms
  -------         DO            
  D:0004H         SYMBOL        De_Cnt
  -------         ENDDO         
  C:4B24H         LINE#         95
  C:4B24H         LINE#         96
  C:4B24H         LINE#         98
  C:4B2EH         LINE#         99
  C:4B2EH         LINE#         100
  C:4B41H         LINE#         101
  C:4B41H         LINE#         102
  -------         ENDPROC       _WAIT_MS
  -------         PROC          _DISPLAYLCD
  D:0007H         SYMBOL        BCD
  -------         DO            
  D:0006H         SYMBOL        first_digit
  X:03BBH         SYMBOL        second_digit
  -------         ENDDO         
  C:4BBFH         LINE#         103
  C:4BBFH         LINE#         104
  C:4BBFH         LINE#         106
  C:4BC6H         LINE#         107
  C:4BCFH         LINE#         109
  C:4BD4H         LINE#         111
  -------         ENDPROC       _DISPLAYLCD
  -------         PROC          LCD_RETURN_HOME
  C:4D13H         LINE#         115
  C:4D13H         LINE#         116
  C:4D13H         LINE#         117
  C:4D18H         LINE#         118
  -------         ENDPROC       LCD_RETURN_HOME
  -------         PROC          LCD_CLEAR
  C:4D1DH         LINE#         121
  C:4D1DH         LINE#         122
  C:4D1DH         LINE#         123
  C:4D22H         LINE#         124
  -------         ENDPROC       LCD_CLEAR
  -------         PROC          _DISPLAY_LINE
  D:0006H         SYMBOL        line
  C:4C3CH         LINE#         128
  C:4C3CH         LINE#         129
  C:4C3CH         LINE#         130
  C:4C42H         LINE#         131
  C:4C42H         LINE#         132
  C:4C44H         LINE#         133
  C:4C44H         LINE#         134
  C:4C46H         LINE#         136
  C:4C46H         LINE#         137
  C:4C4BH         LINE#         138
  C:4C50H         LINE#         139
  C:4C50H         LINE#         140
  -------         ENDPROC       _DISPLAY_LINE
  -------         ENDMOD        LCD_DRIVER_SPLC780D

  -------         MODULE        KEYPAD
  C:0000H         SYMBOL        _ICE_DUMMY_
  D:0093H         PUBLIC        P0M1
BL51 BANKED LINKER/LOCATER V6.22                                                      02/27/2019  10:31:22  PAGE 22


  D:0080H         PUBLIC        P0
  D:0090H         PUBLIC        P1
  D:00A0H         PUBLIC        P2
  D:00B0H         PUBLIC        P3
  D:00C0H         PUBLIC        P4
  D:00C8H         PUBLIC        P5
  B:0020H.0       PUBLIC        calib_mode
  D:00E8H         PUBLIC        P6
  D:00F8H         PUBLIC        P7
  D:00A8H         PUBLIC        IE
  C:361BH         PUBLIC        Key_Scan
  D:00B8H         PUBLIC        IP
  D:00D8H         PUBLIC        CCON
  C:4CFBH         PUBLIC        KeyPad_IO_Init
  C:4BA1H         PUBLIC        _Delay_ms
  D:0098H         PUBLIC        SCON
  D:0088H         PUBLIC        TCON
  B:0020H.1       PUBLIC        small_move
  B:0020H.2       PUBLIC        move
  B:0020H.3       PUBLIC        direction
  B:0020H.4       PUBLIC        auto_move
  C:3018H         PUBLIC        Key_Process
  D:00D0H         PUBLIC        PSW
  D:0094H         PUBLIC        P0M0
  -------         PROC          _DELAY_MS
  D:0006H         SYMBOL        ms
  -------         DO            
  D:0004H         SYMBOL        De_Cnt
  -------         ENDDO         
  C:4BA1H         LINE#         19
  C:4BA1H         LINE#         20
  C:4BA1H         LINE#         22
  C:4BABH         LINE#         23
  C:4BABH         LINE#         24
  C:4BBEH         LINE#         25
  C:4BBEH         LINE#         26
  -------         ENDPROC       _DELAY_MS
  -------         PROC          KEY_SCAN
  -------         DO            
  X:03C1H         SYMBOL        KeyTemp1
  X:03C2H         SYMBOL        KeyTemp2
  X:03C3H         SYMBOL        KeyValue
  -------         ENDDO         
  C:361BH         LINE#         27
  C:361BH         LINE#         28
  C:361BH         LINE#         33
  C:361EH         LINE#         36
  C:3621H         LINE#         38
  C:3629H         LINE#         39
  C:3630H         LINE#         40
  C:3630H         LINE#         42
  C:3635H         LINE#         43
  C:363CH         LINE#         44
  C:363CH         LINE#         47
  C:363FH         LINE#         48
  C:3642H         LINE#         49
  C:3647H         LINE#         50
BL51 BANKED LINKER/LOCATER V6.22                                                      02/27/2019  10:31:22  PAGE 23


  C:364BH         LINE#         51
  C:364BH         LINE#         52
  C:3653H         LINE#         53
  C:3653H         LINE#         54
  C:3656H         LINE#         55
  C:365EH         LINE#         56
  C:3660H         LINE#         58
  C:3674H         LINE#         59
  C:3674H         LINE#         60
  C:3674H         LINE#         61
  C:3674H         LINE#         62
  C:367AH         LINE#         64
  C:367CH         LINE#         65
  C:367CH         LINE#         66
  C:367CH         LINE#         67
  C:3682H         LINE#         69
  C:3684H         LINE#         70
  C:3684H         LINE#         71
  C:3684H         LINE#         72
  C:368AH         LINE#         74
  C:368CH         LINE#         75
  C:368CH         LINE#         76
  C:368CH         LINE#         77
  C:3692H         LINE#         79
  C:3692H         LINE#         80
  C:3692H         LINE#         81
  C:3692H         LINE#         84
  C:3695H         LINE#         85
  C:3698H         LINE#         86
  C:36A0H         LINE#         87
  C:36A4H         LINE#         88
  C:36A4H         LINE#         89
  C:36ACH         LINE#         90
  C:36ACH         LINE#         91
  C:36AFH         LINE#         92
  C:36B7H         LINE#         93
  C:36B9H         LINE#         94
  C:36CDH         LINE#         95
  C:36CDH         LINE#         96
  C:36CDH         LINE#         97
  C:36CDH         LINE#         98
  C:36D3H         LINE#         100
  C:36D5H         LINE#         101
  C:36D5H         LINE#         102
  C:36D5H         LINE#         103
  C:36DBH         LINE#         105
  C:36DDH         LINE#         106
  C:36DDH         LINE#         107
  C:36DDH         LINE#         108
  C:36E3H         LINE#         110
  C:36E5H         LINE#         111
  C:36E5H         LINE#         112
  C:36E5H         LINE#         113
  C:36EAH         LINE#         115
  C:36EAH         LINE#         116
  C:36EAH         LINE#         117
  C:36EAH         LINE#         120
BL51 BANKED LINKER/LOCATER V6.22                                                      02/27/2019  10:31:22  PAGE 24


  C:36EDH         LINE#         121
  C:36F0H         LINE#         122
  C:36F8H         LINE#         123
  C:36FCH         LINE#         124
  C:36FCH         LINE#         125
  C:3704H         LINE#         126
  C:3704H         LINE#         127
  C:3707H         LINE#         128
  C:370FH         LINE#         129
  C:3711H         LINE#         130
  C:3725H         LINE#         131
  C:3725H         LINE#         132
  C:3725H         LINE#         133
  C:3725H         LINE#         134
  C:372BH         LINE#         136
  C:372DH         LINE#         137
  C:372DH         LINE#         138
  C:372DH         LINE#         139
  C:3733H         LINE#         141
  C:3735H         LINE#         142
  C:3735H         LINE#         143
  C:3735H         LINE#         144
  C:373BH         LINE#         146
  C:373DH         LINE#         147
  C:373DH         LINE#         148
  C:373DH         LINE#         149
  C:3743H         LINE#         151
  C:3743H         LINE#         152
  C:3743H         LINE#         153
  C:3743H         LINE#         157
  C:3746H         LINE#         158
  C:3749H         LINE#         159
  C:3751H         LINE#         160
  C:3755H         LINE#         161
  C:3755H         LINE#         162
  C:375DH         LINE#         163
  C:375DH         LINE#         164
  C:3760H         LINE#         165
  C:3768H         LINE#         166
  C:376AH         LINE#         167
  C:377EH         LINE#         168
  C:377EH         LINE#         169
  C:377EH         LINE#         170
  C:377EH         LINE#         171
  C:3784H         LINE#         173
  C:3786H         LINE#         174
  C:3786H         LINE#         175
  C:3786H         LINE#         176
  C:378CH         LINE#         178
  C:378EH         LINE#         179
  C:378EH         LINE#         180
  C:378EH         LINE#         181
  C:3794H         LINE#         183
  C:3796H         LINE#         184
  C:3796H         LINE#         185
  C:3796H         LINE#         186
  C:379CH         LINE#         188
BL51 BANKED LINKER/LOCATER V6.22                                                      02/27/2019  10:31:22  PAGE 25


  C:379CH         LINE#         189
  C:379CH         LINE#         190
  C:379CH         LINE#         192
  C:37A2H         LINE#         193
  C:37A2H         LINE#         195
  C:37A2H         LINE#         196
  C:37A5H         LINE#         197
  C:37A5H         LINE#         198
  C:37A5H         LINE#         200
  C:37A5H         LINE#         201
  C:37A7H         LINE#         202
  C:37A7H         LINE#         203
  -------         ENDPROC       KEY_SCAN
  -------         PROC          KEY_PROCESS
  -------         DO            
  X:061CH         SYMBOL        KeyCount
  X:061EH         SYMBOL        KeyNum_Old
  X:061FH         SYMBOL        KeyNum
  X:0620H         SYMBOL        PressedKey
  X:03BBH         SYMBOL        d
  D:0004H         SYMBOL        hours
  D:0006H         SYMBOL        mins
  X:03BDH         SYMBOL        months
  X:03BFH         SYMBOL        days
  -------         ENDDO         
  C:3018H         LINE#         204
  C:3018H         LINE#         205
  C:3018H         LINE#         209
  C:3020H         LINE#         210
  C:3028H         LINE#         212
  C:302BH         LINE#         213
  C:302BH         LINE#         214
  C:302EH         LINE#         216
  C:302EH         LINE#         217
  C:303BH         LINE#         218
  C:303BH         LINE#         219
  C:303EH         LINE#         220
  C:3041H         LINE#         222
  C:3044H         LINE#         224
  C:3044H         LINE#         225
  C:304FH         LINE#         226
  C:304FH         LINE#         227
  C:3052H         LINE#         229
  C:3052H         LINE#         230
  C:3059H         LINE#         231
  C:3059H         LINE#         232
  C:305CH         LINE#         234
  C:305CH         LINE#         235
  C:3064H         LINE#         236
  C:3064H         LINE#         237
  C:306EH         LINE#         238
  C:3076H         LINE#         240
  C:307FH         LINE#         242
  C:307FH         LINE#         251
  C:3094H         LINE#         252
  C:3094H         LINE#         253
  C:30A6H         LINE#         254
BL51 BANKED LINKER/LOCATER V6.22                                                      02/27/2019  10:31:22  PAGE 26


  C:30B4H         LINE#         255
  C:30C3H         LINE#         256
  C:30C3H         LINE#         258
  C:30C9H         LINE#         262
  C:30DFH         LINE#         263
  C:30F0H         LINE#         264
  C:310BH         LINE#         265
  C:310BH         LINE#         266
  C:311BH         LINE#         267
  C:312CH         LINE#         268
  C:312CH         LINE#         272
  C:3145H         LINE#         273
  C:315CH         LINE#         274
  C:317CH         LINE#         275
  C:317CH         LINE#         276
  C:3186H         LINE#         277
  C:3186H         LINE#         278
  C:318FH         LINE#         279
  C:318FH         LINE#         280
  C:31A3H         LINE#         281
  C:31A3H         LINE#         282
  C:31A3H         LINE#         283
  C:31A3H         LINE#         284
  C:31A3H         LINE#         285
  C:31A5H         LINE#         287
  C:31A5H         LINE#         288
  C:31B1H         LINE#         289
  C:31B1H         LINE#         290
  C:31C2H         LINE#         291
  C:31C2H         LINE#         292
  C:31C2H         LINE#         293
  C:31C2H         LINE#         294
  C:31C2H         LINE#         296
  C:31C4H         LINE#         298
  C:31C4H         LINE#         299
  C:31D5H         LINE#         300
  C:31D5H         LINE#         301
  C:31D5H         LINE#         302
  C:31D5H         LINE#         303
  C:31D5H         LINE#         305
  C:31D5H         LINE#         307
  C:31D5H         LINE#         308
  C:31D7H         LINE#         310
  C:31D7H         LINE#         311
  C:31EAH         LINE#         312
  C:31EAH         LINE#         313
  C:31FBH         LINE#         314
  C:31FBH         LINE#         315
  C:31FBH         LINE#         316
  C:31FBH         LINE#         317
  C:31FBH         LINE#         318
  C:31FDH         LINE#         320
  C:31FDH         LINE#         321
  C:320EH         LINE#         322
  C:320EH         LINE#         323
  C:321FH         LINE#         324
  C:3230H         LINE#         325
BL51 BANKED LINKER/LOCATER V6.22                                                      02/27/2019  10:31:22  PAGE 27


  C:3230H         LINE#         326
  C:3230H         LINE#         327
  C:3230H         LINE#         328
  C:3230H         LINE#         329
  C:3233H         LINE#         330
  C:3238H         LINE#         331
  C:323DH         LINE#         332
  C:3242H         LINE#         333
  C:3247H         LINE#         334
  C:324CH         LINE#         335
  C:3251H         LINE#         336
  C:3256H         LINE#         337
  C:3256H         LINE#         339
  C:3278H         LINE#         340
  C:3278H         LINE#         341
  C:3282H         LINE#         342
  C:3282H         LINE#         343
  C:3287H         LINE#         344
  C:3290H         LINE#         345
  C:32A7H         LINE#         346
  C:32A7H         LINE#         347
  C:32B7H         LINE#         349
  C:32B7H         LINE#         353
  -------         ENDPROC       KEY_PROCESS
  -------         PROC          KEYPAD_IO_INIT
  C:4CFBH         LINE#         356
  C:4CFBH         LINE#         357
  C:4CFBH         LINE#         358
  C:4CFEH         LINE#         359
  C:4D01H         LINE#         360
  C:4D04H         LINE#         361
  C:4D06H         LINE#         362
  -------         ENDPROC       KEYPAD_IO_INIT
  -------         ENDMOD        KEYPAD

  -------         MODULE        BIPOLARMOTOR
  C:0000H         SYMBOL        _ICE_DUMMY_
  D:0080H         PUBLIC        P0
  D:0090H         PUBLIC        P1
  X:0000H         PUBLIC        RX_pos_test
  D:00A0H         PUBLIC        P2
  D:00B0H         PUBLIC        P3
  D:00C0H         PUBLIC        P4
  D:00C8H         PUBLIC        P5
  D:00E8H         PUBLIC        P6
  D:00F8H         PUBLIC        P7
  X:00A0H         PUBLIC        low_date_azimuth_mapping
  D:00A8H         PUBLIC        IE
  C:404BH         PUBLIC        linear_interpolate
  C:4ACFH         PUBLIC        _Move
  D:00B8H         PUBLIC        IP
  C:32EBH         PUBLIC        _findDet3x3
  C:2D58H         PUBLIC        _findDet4x4
  D:00D8H         PUBLIC        CCON
  X:00C8H         PUBLIC        previous_move_time
  D:0098H         PUBLIC        SCON
  D:0088H         PUBLIC        TCON
BL51 BANKED LINKER/LOCATER V6.22                                                      02/27/2019  10:31:22  PAGE 28


  C:4D37H         PUBLIC        wait
  C:499FH         PUBLIC        _Step_move
  X:00C9H         PUBLIC        dat
  C:000EH         PUBLIC        _Update_position
  C:4887H         PUBLIC        vOneStepMove
  X:00CFH         PUBLIC        elevation_stamp
  X:010BH         PUBLIC        date_azimuth_mapping
  X:0133H         PUBLIC        RX_pos
  C:4BE6H         PUBLIC        _BCDtoDec1
  X:038BH         PUBLIC        degree
  D:00D0H         PUBLIC        PSW
  -------         PROC          L?0062
  -------         ENDPROC       L?0062
  -------         PROC          _BCDTODEC1
  D:0007H         SYMBOL        bcd
  -------         DO            
  D:0006H         SYMBOL        hi
  D:0007H         SYMBOL        lo
  -------         ENDDO         
  C:4BE6H         LINE#         28
  C:4BE6H         LINE#         29
  C:4BE6H         LINE#         31
  C:4BEBH         LINE#         32
  C:4BEFH         LINE#         33
  C:4BF6H         LINE#         34
  -------         ENDPROC       _BCDTODEC1
  -------         PROC          WAIT
  C:4D37H         LINE#         36
  C:4D37H         LINE#         38
  -------         ENDPROC       WAIT
  -------         PROC          VONESTEPMOVE
  B:0020H.7       SYMBOL        bDir
  C:4887H         LINE#         40
  C:4887H         LINE#         41
  C:4887H         LINE#         43
  C:488DH         LINE#         44
  C:488DH         LINE#         45
  C:4890H         LINE#         46
  C:4899H         LINE#         47
  C:48A0H         LINE#         48
  C:48A5H         LINE#         49
  C:48A5H         LINE#         50
  C:48A5H         LINE#         52
  C:48A7H         LINE#         55
  C:48A7H         LINE#         56
  C:48AAH         LINE#         57
  C:48B3H         LINE#         58
  C:48BAH         LINE#         59
  C:48C0H         LINE#         60
  C:48C9H         LINE#         61
  C:48D0H         LINE#         62
  C:48D0H         LINE#         66
  -------         ENDPROC       VONESTEPMOVE
  -------         PROC          _STEP_MOVE
  X:047BH         SYMBOL        step
  B:0020H.6       SYMBOL        dir
  -------         DO            
BL51 BANKED LINKER/LOCATER V6.22                                                      02/27/2019  10:31:22  PAGE 29


  X:047DH         SYMBOL        i
  -------         ENDDO         
  C:499FH         LINE#         68
  C:49A7H         LINE#         69
  C:49A7H         LINE#         71
  C:49ACH         LINE#         74
  C:49C7H         LINE#         75
  C:49C7H         LINE#         76
  C:49CEH         LINE#         78
  C:49DEH         LINE#         80
  -------         ENDPROC       _STEP_MOVE
  -------         PROC          _MOVE
  X:0477H         SYMBOL        distance
  B:0020H.5       SYMBOL        direction
  -------         DO            
  D:0006H         SYMBOL        step
  -------         ENDDO         
  C:4ACFH         LINE#         82
  C:4AD5H         LINE#         83
  C:4AD5H         LINE#         86
  C:4AF0H         LINE#         87
  -------         ENDPROC       _MOVE
  C:32CCH         SYMBOL        L?0058
  C:32E0H         SYMBOL        L?0059
  -------         PROC          L?0057
  -------         ENDPROC       L?0057
  C:32CCH         SYMBOL        L?0058
  C:32E0H         SYMBOL        L?0059
  -------         PROC          _FINDDET3X3
  X:05F8H         SYMBOL        a11
  X:05FCH         SYMBOL        a12
  X:0600H         SYMBOL        a13
  X:0604H         SYMBOL        a21
  X:0608H         SYMBOL        a22
  X:060CH         SYMBOL        a23
  X:0610H         SYMBOL        a31
  X:0614H         SYMBOL        a32
  X:0618H         SYMBOL        a33
  C:32EBH         LINE#         91
  C:32F1H         LINE#         95
  C:32F1H         LINE#         96
  C:3488H         LINE#         98
  -------         ENDPROC       _FINDDET3X3
  -------         PROC          _FINDDET4X4
  X:05B8H         SYMBOL        a11
  X:05BCH         SYMBOL        a12
  X:05C0H         SYMBOL        a13
  X:05C4H         SYMBOL        a14
  X:05C8H         SYMBOL        a21
  X:05CCH         SYMBOL        a22
  X:05D0H         SYMBOL        a23
  X:05D4H         SYMBOL        a24
  X:05D8H         SYMBOL        a31
  X:05DCH         SYMBOL        a32
  X:05E0H         SYMBOL        a33
  X:05E4H         SYMBOL        a34
  X:05E8H         SYMBOL        a41
BL51 BANKED LINKER/LOCATER V6.22                                                      02/27/2019  10:31:22  PAGE 30


  X:05ECH         SYMBOL        a42
  X:05F0H         SYMBOL        a43
  X:05F4H         SYMBOL        a44
  C:2D58H         LINE#         99
  C:2D5EH         LINE#         103
  C:2D5EH         LINE#         110
  C:3017H         LINE#         114
  -------         ENDPROC       _FINDDET4X4
  C:403AH         SYMBOL        L?0061
  -------         PROC          L?0060
  -------         ENDPROC       L?0060
  C:403AH         SYMBOL        L?0061
  -------         PROC          LINEAR_INTERPOLATE
  X:0477H         SYMBOL        p1
  X:047FH         SYMBOL        p2
  X:0487H         SYMBOL        x
  -------         DO            
  D:0004H         SYMBOL        fx
  -------         ENDDO         
  C:404BH         LINE#         120
  C:404BH         LINE#         121
  C:404BH         LINE#         124
  C:40EAH         LINE#         126
  C:40EAH         LINE#         127
  -------         ENDPROC       LINEAR_INTERPOLATE
  -------         PROC          _UPDATE_POSITION
  D:0001H         SYMBOL        mnths
  D:0002H         SYMBOL        dys
  X:03DAH         SYMBOL        hurs
  X:03DBH         SYMBOL        mns
  X:03DCH         SYMBOL        sconds
  X:03DDH         SYMBOL        currnt_pos
  X:03E0H         SYMBOL        offset_calib
  -------         DO            
  X:03E4H         SYMBOL        date
  X:03E6H         SYMBOL        i
  X:03E8H         SYMBOL        yy
  X:03EAH         SYMBOL        desired_distance
  X:03EEH         SYMBOL        distance
  X:03F2H         SYMBOL        JP_pos
  X:03F6H         SYMBOL        pos_interpolate_azimuth
  X:0432H         SYMBOL        current_local_sun_time
  X:0436H         SYMBOL        azimuth
  X:043AH         SYMBOL        elevation
  X:043EH         SYMBOL        time_offset
  X:0442H         SYMBOL        UTC_time
  X:0446H         SYMBOL        declination
  X:044AH         SYMBOL        p1
  X:0452H         SYMBOL        p2
  X:045AH         SYMBOL        time
  X:046CH         SYMBOL        location
  X:0474H         SYMBOL        sunCoord
  -------         ENDDO         
  C:000EH         LINE#         131
  C:0017H         LINE#         134
  C:0017H         LINE#         135
  C:0022H         LINE#         137
BL51 BANKED LINKER/LOCATER V6.22                                                      02/27/2019  10:31:22  PAGE 31


  C:003EH         LINE#         138
  C:0048H         LINE#         146
  C:0052H         LINE#         147
  C:005CH         LINE#         148
  C:0066H         LINE#         149
  C:0071H         LINE#         150
  C:007CH         LINE#         151
  C:0095H         LINE#         152
  C:00A6H         LINE#         153
  C:00B5H         LINE#         156
  C:00C9H         LINE#         160
  C:011BH         LINE#         161
  C:027FH         LINE#         162
  C:02CFH         LINE#         164
  C:03F7H         LINE#         166
  C:04C6H         LINE#         173
  C:050DH         LINE#         174
  C:050DH         LINE#         176
  C:0527H         LINE#         177
  C:0527H         LINE#         178
  C:0597H         LINE#         179
  C:0597H         LINE#         180
  C:059EH         LINE#         181
  C:059EH         LINE#         182
  C:05CBH         LINE#         183
  C:05E6H         LINE#         185
  C:062DH         LINE#         186
  C:0661H         LINE#         188
  C:06A7H         LINE#         189
  C:06CAH         LINE#         191
  C:06CAH         LINE#         193
  C:0740H         LINE#         194
  C:0740H         LINE#         195
  C:0747H         LINE#         196
  C:0747H         LINE#         197
  C:0774H         LINE#         198
  C:078FH         LINE#         200
  C:07D6H         LINE#         201
  C:080AH         LINE#         203
  C:0850H         LINE#         204
  C:0870H         LINE#         206
  C:0870H         LINE#         207
  C:0881H         LINE#         210
  C:089BH         LINE#         211
  C:089BH         LINE#         212
  C:090BH         LINE#         213
  C:090BH         LINE#         214
  C:0938H         LINE#         215
  C:0953H         LINE#         217
  C:0980H         LINE#         218
  C:099BH         LINE#         220
  C:09CDH         LINE#         223
  C:09CDH         LINE#         225
  C:09DEH         LINE#         227
  C:0A0DH         LINE#         229
  C:0A32H         LINE#         230
  C:0A97H         LINE#         231
BL51 BANKED LINKER/LOCATER V6.22                                                      02/27/2019  10:31:22  PAGE 32


  C:0A97H         LINE#         232
  C:0AB1H         LINE#         233
  C:0AC3H         LINE#         234
  C:0ADBH         LINE#         235
  C:0AF1H         LINE#         237
  C:0B0DH         LINE#         238
  C:0B0DH         LINE#         239
  C:0B0DH         LINE#         242
  -------         ENDPROC       _UPDATE_POSITION
  -------         ENDMOD        BIPOLARMOTOR

  -------         MODULE        SUNPOS
  C:0000H         SYMBOL        _ICE_DUMMY_
  C:1EC1H         PUBLIC        sunpos
  -------         PROC          SUNPOS
  X:0477H         SYMBOL        udtTime
  X:0489H         SYMBOL        udtLocation
  X:0491H         SYMBOL        udtSunCoordinates
  -------         DO            
  X:0494H         SYMBOL        dElapsedJulianDays
  X:0498H         SYMBOL        dDecimalHours
  X:049CH         SYMBOL        dEclipticLongitude
  X:04A0H         SYMBOL        dEclipticObliquity
  X:04A4H         SYMBOL        dRightAscension
  X:04A8H         SYMBOL        dDeclination
  X:04ACH         SYMBOL        dY
  X:04B0H         SYMBOL        dX
  -------         DO            
  X:04B4H         SYMBOL        dJulianDate
  X:04B8H         SYMBOL        liAux1
  X:04BCH         SYMBOL        liAux2
  X:04B4H         SYMBOL        dMeanLongitude
  X:04B8H         SYMBOL        dMeanAnomaly
  X:04BCH         SYMBOL        dOmega
  X:04B4H         SYMBOL        dSin_EclipticLongitude
  X:04B4H         SYMBOL        dGreenwichMeanSiderealTime
  X:04B8H         SYMBOL        dLocalMeanSiderealTime
  X:04BCH         SYMBOL        dLatitudeInRadians
  X:04C0H         SYMBOL        dHourAngle
  X:04C4H         SYMBOL        dCos_Latitude
  X:04C8H         SYMBOL        dSin_Latitude
  X:04CCH         SYMBOL        dCos_HourAngle
  X:04D0H         SYMBOL        dParallax
  -------         ENDDO         
  -------         DO            
  X:04B4H         SYMBOL        dMeanLongitude
  X:04B8H         SYMBOL        dMeanAnomaly
  X:04BCH         SYMBOL        dOmega
  X:04B4H         SYMBOL        dSin_EclipticLongitude
  X:04B4H         SYMBOL        dGreenwichMeanSiderealTime
  X:04B8H         SYMBOL        dLocalMeanSiderealTime
  X:04BCH         SYMBOL        dLatitudeInRadians
  X:04C0H         SYMBOL        dHourAngle
  X:04C4H         SYMBOL        dCos_Latitude
  X:04C8H         SYMBOL        dSin_Latitude
  X:04CCH         SYMBOL        dCos_HourAngle
  X:04D0H         SYMBOL        dParallax
BL51 BANKED LINKER/LOCATER V6.22                                                      02/27/2019  10:31:22  PAGE 33


  -------         ENDDO         
  -------         DO            
  X:04B4H         SYMBOL        dSin_EclipticLongitude
  X:04B4H         SYMBOL        dGreenwichMeanSiderealTime
  X:04B8H         SYMBOL        dLocalMeanSiderealTime
  X:04BCH         SYMBOL        dLatitudeInRadians
  X:04C0H         SYMBOL        dHourAngle
  X:04C4H         SYMBOL        dCos_Latitude
  X:04C8H         SYMBOL        dSin_Latitude
  X:04CCH         SYMBOL        dCos_HourAngle
  X:04D0H         SYMBOL        dParallax
  -------         ENDDO         
  -------         DO            
  X:04B4H         SYMBOL        dGreenwichMeanSiderealTime
  X:04B8H         SYMBOL        dLocalMeanSiderealTime
  X:04BCH         SYMBOL        dLatitudeInRadians
  X:04C0H         SYMBOL        dHourAngle
  X:04C4H         SYMBOL        dCos_Latitude
  X:04C8H         SYMBOL        dSin_Latitude
  X:04CCH         SYMBOL        dCos_HourAngle
  X:04D0H         SYMBOL        dParallax
  -------         ENDDO         
  -------         ENDDO         
  C:1EC1H         LINE#         6
  C:1EC1H         LINE#         7
  C:1EC1H         LINE#         9
  C:1EC1H         LINE#         27
  C:1F0BH         LINE#         30
  C:1F2CH         LINE#         31
  C:2073H         LINE#         34
  C:20BFH         LINE#         36
  C:20DEH         LINE#         37
  C:20DEH         LINE#         42
  C:20DEH         LINE#         46
  C:2110H         LINE#         47
  C:213AH         LINE#         48
  C:2164H         LINE#         49
  C:2211H         LINE#         52
  C:2272H         LINE#         54
  C:2272H         LINE#         59
  C:2272H         LINE#         61
  C:2289H         LINE#         62
  C:22B1H         LINE#         63
  C:22C8H         LINE#         64
  C:22F3H         LINE#         65
  C:232AH         LINE#         66
  C:2355H         LINE#         67
  C:2355H         LINE#         70
  C:2355H         LINE#         79
  C:2390H         LINE#         82
  C:23CAH         LINE#         84
  C:23EFH         LINE#         85
  C:240EH         LINE#         86
  C:2425H         LINE#         87
  C:243CH         LINE#         88
  C:2453H         LINE#         89
  C:24DCH         LINE#         91
BL51 BANKED LINKER/LOCATER V6.22                                                      02/27/2019  10:31:22  PAGE 34


  C:24F6H         LINE#         92
  C:2558H         LINE#         93
  C:258EH         LINE#         94
  C:25A0H         LINE#         95
  C:25CDH         LINE#         96
  C:25FAH         LINE#         98
  C:261CH         LINE#         100
  C:2654H         LINE#         103
  C:2654H         LINE#         104
  C:2662H         LINE#         105
  -------         ENDPROC       SUNPOS
  -------         ENDMOD        SUNPOS

  -------         MODULE        ADC
  C:0000H         SYMBOL        _ICE_DUMMY_
  D:0092H         PUBLIC        P1M0
  D:0091H         PUBLIC        P1M1
  D:0080H         PUBLIC        P0
  D:0090H         PUBLIC        P1
  D:00A0H         PUBLIC        P2
  D:00B0H         PUBLIC        P3
  D:00C0H         PUBLIC        P4
  D:00C8H         PUBLIC        P5
  D:00E8H         PUBLIC        P6
  D:00F8H         PUBLIC        P7
  D:00A8H         PUBLIC        IE
  D:00BDH         PUBLIC        ADC_RES
  D:00B8H         PUBLIC        IP
  D:0097H         PUBLIC        CLK_DIV
  D:00D8H         PUBLIC        CCON
  D:00BCH         PUBLIC        ADC_CONTR
  D:0098H         PUBLIC        SCON
  D:0088H         PUBLIC        TCON
  B:00A0H.4       PUBLIC        P24
  B:00A0H.5       PUBLIC        P25
  B:00A0H.6       PUBLIC        P26
  C:4B82H         PUBLIC        ADC_Init
  C:4A4DH         PUBLIC        _ADC_GetResult
  D:009DH         PUBLIC        P1ASF
  D:00BEH         PUBLIC        ADC_RESL
  D:00D0H         PUBLIC        PSW
  -------         PROC          ADC_INIT
  C:4B82H         LINE#         7
  C:4B82H         LINE#         8
  C:4B82H         LINE#         10
  C:4B84H         LINE#         11
[...]
  C:3F05H         LINE#         134
  C:3F05H         LINE#         135
  C:3F07H         LINE#         136
  C:3F0AH         LINE#         137
  C:3F11H         LINE#         138
  C:3F11H         LINE#         139
  C:3F13H         LINE#         140
  C:3F15H         LINE#         142
  C:3F15H         LINE#         143
  C:3F17H         LINE#         145
  C:3F17H         LINE#         146
  C:3F17H         LINE#         147
  C:3F17H         LINE#         148
  C:3F1AH         LINE#         149
  C:3F21H         LINE#         151
  C:3F40H         LINE#         153
  C:3F42H         LINE#         154
  C:3F45H         LINE#         155
  C:3F4CH         LINE#         157
  -------         ENDPROC       _AT25SF041_WRITE
  -------         PROC          _AT25SF041_READ
  D:0003H         SYMBOL        opcode
  X:0626H         SYMBOL        addr
  -------         DO            
  X:062AH         SYMBOL        dat
  X:062BH         SYMBOL        i
  -------         ENDDO         
  C:3D3BH         LINE#         159
  C:3D3DH         LINE#         160
BL51 BANKED LINKER/LOCATER V6.22                                                      02/27/2019  10:31:22  PAGE 45


  C:3D3DH         LINE#         161
  C:3D42H         LINE#         163
  C:3D44H         LINE#         164
  C:3D4AH         LINE#         168
  C:3D4FH         LINE#         169
  C:3D4FH         LINE#         170
  C:3D51H         LINE#         171
  C:3D54H         LINE#         172
  C:3D58H         LINE#         173
  C:3D58H         LINE#         174
  C:3D5AH         LINE#         175
  C:3D5CH         LINE#         177
  C:3D5CH         LINE#         178
  C:3D5EH         LINE#         180
  C:3D5EH         LINE#         181
  C:3D5EH         LINE#         182
  C:3D5EH         LINE#         183
  C:3D61H         LINE#         184
  C:3D65H         LINE#         187
  C:3D84H         LINE#         189
  C:3D8BH         LINE#         190
  C:3D8BH         LINE#         191
  C:3D8DH         LINE#         192
  C:3D90H         LINE#         193
  C:3DACH         LINE#         194
  C:3DACH         LINE#         195
  C:3DAEH         LINE#         196
  C:3DB0H         LINE#         198
  C:3DB0H         LINE#         199
  C:3DB2H         LINE#         201
  C:3DB2H         LINE#         202
  C:3DB2H         LINE#         203
  C:3DB2H         LINE#         204
  C:3DB5H         LINE#         205
  C:3DCEH         LINE#         207
  C:3DEDH         LINE#         210
  C:3DF4H         LINE#         212
  C:3DF6H         LINE#         213
  C:3DFDH         LINE#         215
  C:3E04H         LINE#         216
  C:3E04H         LINE#         217
  C:3E0BH         LINE#         218
  C:3E0BH         LINE#         219
  C:3E0EH         LINE#         220
  C:3E10H         LINE#         221
  C:3E13H         LINE#         223
  C:3E16H         LINE#         224
  C:3E16H         LINE#         226
  C:3E1AH         LINE#         227
  C:3E1AH         LINE#         233
  C:3E39H         LINE#         236
  C:3E3BH         LINE#         237
  C:3E3EH         LINE#         238
  C:3E45H         LINE#         240
  C:3E4AH         LINE#         242
  -------         ENDPROC       _AT25SF041_READ
  -------         PROC          UCREAD_STATUS_REGISTER_BYTE1
BL51 BANKED LINKER/LOCATER V6.22                                                      02/27/2019  10:31:22  PAGE 46


  -------         DO            
  D:0003H         SYMBOL        dat
  D:0001H         SYMBOL        opcode
  X:03D1H         SYMBOL        count
  X:03D2H         SYMBOL        i
  -------         ENDDO         
  C:42FFH         LINE#         246
  C:42FFH         LINE#         247
  C:42FFH         LINE#         248
  C:4305H         LINE#         249
  C:4309H         LINE#         250
  C:430BH         LINE#         251
  C:430DH         LINE#         252
  C:4313H         LINE#         256
  C:431AH         LINE#         257
  C:431AH         LINE#         258
  C:431CH         LINE#         259
  C:431FH         LINE#         260
  C:4323H         LINE#         261
  C:4323H         LINE#         262
  C:4325H         LINE#         263
  C:4327H         LINE#         265
  C:4327H         LINE#         266
  C:4329H         LINE#         268
  C:4329H         LINE#         269
  C:4329H         LINE#         270
  C:4329H         LINE#         271
  C:432CH         LINE#         272
  C:4330H         LINE#         275
  C:434FH         LINE#         279
  C:4356H         LINE#         281
  C:4358H         LINE#         282
  C:435FH         LINE#         283
  C:4366H         LINE#         284
  C:4366H         LINE#         285
  C:436AH         LINE#         286
  C:436AH         LINE#         287
  C:436DH         LINE#         288
  C:436FH         LINE#         289
  C:4372H         LINE#         291
  C:4375H         LINE#         292
  C:4375H         LINE#         294
  C:4379H         LINE#         295
  C:4379H         LINE#         297
  C:4398H         LINE#         301
  C:439AH         LINE#         302
  C:439DH         LINE#         303
  C:439FH         LINE#         304
  -------         ENDPROC       UCREAD_STATUS_REGISTER_BYTE1
  -------         PROC          SPI_NOR_WRITE_DATA
  X:03BBH         SYMBOL        dat
  X:03C6H         SYMBOL        addr
  C:3489H         LINE#         306
  C:3489H         LINE#         307
  C:3489H         LINE#         309
  C:3489H         LINE#         310
  C:348CH         LINE#         312
BL51 BANKED LINKER/LOCATER V6.22                                                      02/27/2019  10:31:22  PAGE 47


  C:348FH         LINE#         313
  C:3492H         LINE#         314
  C:3492H         LINE#         315
  C:3495H         LINE#         317
  C:34AFH         LINE#         318
  C:34CDH         LINE#         320
  C:34D4H         LINE#         321
  C:34D7H         LINE#         323
  C:34F1H         LINE#         324
  C:34F1H         LINE#         325
  C:34F1H         LINE#         328
  C:34F4H         LINE#         330
  C:350EH         LINE#         331
  C:350EH         LINE#         332
  C:350EH         LINE#         334
  C:3511H         LINE#         336
  C:352BH         LINE#         337
  C:352BH         LINE#         338
  C:352BH         LINE#         340
  C:352EH         LINE#         342
  C:3548H         LINE#         343
  C:3548H         LINE#         344
  C:3548H         LINE#         346
  C:354BH         LINE#         348
  C:3565H         LINE#         349
  C:3565H         LINE#         350
  C:3565H         LINE#         352
  C:3568H         LINE#         354
  C:3582H         LINE#         355
  C:3582H         LINE#         356
  C:3582H         LINE#         358
  C:3585H         LINE#         360
  C:359FH         LINE#         361
  C:359FH         LINE#         362
  C:359FH         LINE#         364
  C:35A2H         LINE#         366
  C:35BCH         LINE#         367
  C:35BCH         LINE#         368
  C:35BCH         LINE#         370
  C:35BFH         LINE#         372
  C:35D9H         LINE#         373
  C:35D9H         LINE#         374
  C:35D9H         LINE#         376
  C:35DCH         LINE#         378
  C:35F6H         LINE#         379
  C:35FDH         LINE#         380
  -------         ENDPROC       SPI_NOR_WRITE_DATA
  -------         ENDMOD        AT25SF041

  -------         MODULE        ?C_STARTUP
  C:456EH         SEGMENT       ?C_C51STARTUP
  I:0022H         SEGMENT       ?STACK
  C:0000H         PUBLIC        ?C_STARTUP
  D:00E0H         SYMBOL        ACC
  D:00F0H         SYMBOL        B
  D:0083H         SYMBOL        DPH
  D:0082H         SYMBOL        DPL
BL51 BANKED LINKER/LOCATER V6.22                                                      02/27/2019  10:31:22  PAGE 48


  N:0000H         SYMBOL        IBPSTACK
  N:0100H         SYMBOL        IBPSTACKTOP
  N:0080H         SYMBOL        IDATALEN
  C:4571H         SYMBOL        IDATALOOP
  N:0000H         SYMBOL        PBPSTACK
  N:0100H         SYMBOL        PBPSTACKTOP
  N:0000H         SYMBOL        PDATALEN
  N:0000H         SYMBOL        PDATASTART
  N:0000H         SYMBOL        PPAGE
  N:0000H         SYMBOL        PPAGEENABLE
  D:00A0H         SYMBOL        PPAGE_SFR
  D:0081H         SYMBOL        SP
  C:456EH         SYMBOL        STARTUP1
  N:0000H         SYMBOL        XBPSTACK
  N:0000H         SYMBOL        XBPSTACKTOP
  N:0000H         SYMBOL        XDATALEN
  N:0000H         SYMBOL        XDATASTART
  C:0000H         LINE#         126
  C:456EH         LINE#         133
  C:4570H         LINE#         134
  C:4571H         LINE#         135
  C:4572H         LINE#         136
  C:4574H         LINE#         185
  C:4577H         LINE#         196
  -------         ENDMOD        ?C_STARTUP

  -------         MODULE        ?C?FPADD
  C:1512H         PUBLIC        ?C?FPADD
  C:150EH         PUBLIC        ?C?FPSUB
  -------         ENDMOD        ?C?FPADD

  -------         MODULE        ?C?FPMUL
  C:1603H         PUBLIC        ?C?FPMUL
  -------         ENDMOD        ?C?FPMUL

  -------         MODULE        ?C?FPDIV
  C:170CH         PUBLIC        ?C?FPDIV
  -------         ENDMOD        ?C?FPDIV

  -------         MODULE        ?C?FPCMP
  C:17ABH         PUBLIC        ?C?FPCMP
  C:17A9H         PUBLIC        ?C?FPCMP3
  -------         ENDMOD        ?C?FPCMP

  -------         MODULE        ?C?FPNEG
  C:1822H         PUBLIC        ?C?FPNEG
  -------         ENDMOD        ?C?FPNEG

  -------         MODULE        ?C?FCAST
  C:183DH         PUBLIC        ?C?FCASTC
  C:1838H         PUBLIC        ?C?FCASTI
  C:1833H         PUBLIC        ?C?FCASTL
  -------         ENDMOD        ?C?FCAST

  -------         MODULE        ?C?CASTF
  C:1871H         PUBLIC        ?C?CASTF
  -------         ENDMOD        ?C?CASTF
BL51 BANKED LINKER/LOCATER V6.22                                                      02/27/2019  10:31:22  PAGE 49



  -------         MODULE        ATAN2
  X:04D4H         PUBLIC        ?_atan2?BYTE
  C:43A0H         PUBLIC        _atan2
  -------         ENDMOD        ATAN2

  -------         MODULE        SIN
  C:37F0H         PUBLIC        _COS
  C:3806H         PUBLIC        _SIN
  C:3842H         PUBLIC        _TAN
  -------         ENDMOD        SIN

  -------         MODULE        ACOS
  C:48D1H         PUBLIC        _ACOS
  -------         ENDMOD        ACOS

  -------         MODULE        ASIN
  C:49DFH         PUBLIC        _ASIN
  -------         ENDMOD        ASIN

  -------         MODULE        SQRT
  C:4257H         PUBLIC        _SQRT
  -------         ENDMOD        SQRT

  -------         MODULE        ATAN
  C:3C39H         PUBLIC        _ATAN
  -------         ENDMOD        ATAN

  -------         MODULE        ?C?COPY
  C:1A0FH         PUBLIC        ?C?COPY
  -------         ENDMOD        ?C?COPY

  -------         MODULE        ?C?CLDPTR
  C:1A35H         PUBLIC        ?C?CLDPTR
  -------         ENDMOD        ?C?CLDPTR

  -------         MODULE        ?C?CLDOPTR
  C:1A4EH         PUBLIC        ?C?CLDOPTR
  -------         ENDMOD        ?C?CLDOPTR

  -------         MODULE        ?C?CSTPTR
  C:1A7BH         PUBLIC        ?C?CSTPTR
  -------         ENDMOD        ?C?CSTPTR

  -------         MODULE        ?C?IMUL
  C:1A8DH         PUBLIC        ?C?IMUL
  -------         ENDMOD        ?C?IMUL

  -------         MODULE        ?C?UIDIV
  C:1A9FH         PUBLIC        ?C?UIDIV
  -------         ENDMOD        ?C?UIDIV

  -------         MODULE        ?C?SIDIV
  C:1AF4H         PUBLIC        ?C?SIDIV
  -------         ENDMOD        ?C?SIDIV

  -------         MODULE        ?C?ILDIX
BL51 BANKED LINKER/LOCATER V6.22                                                      02/27/2019  10:31:22  PAGE 50


  C:1B2AH         PUBLIC        ?C?ILDIX
  -------         ENDMOD        ?C?ILDIX

  -------         MODULE        ?C?ILDOPTR
  C:1B40H         PUBLIC        ?C?ILDOPTR
  -------         ENDMOD        ?C?ILDOPTR

  -------         MODULE        ?C?ISTPTR
  C:1B78H         PUBLIC        ?C?ISTPTR
  -------         ENDMOD        ?C?ISTPTR

  -------         MODULE        ?C?LMUL
  C:1B97H         PUBLIC        ?C?LMUL
  -------         ENDMOD        ?C?LMUL

  -------         MODULE        ?C?SLDIV
  C:491BH         PUBLIC        ?C?SLDIV
  -------         ENDMOD        ?C?SLDIV

  -------         MODULE        ?C?LNEG
  C:1BE6H         PUBLIC        ?C?LNEG
  -------         ENDMOD        ?C?LNEG

  -------         MODULE        ?C?ULCMP
  C:1BF4H         PUBLIC        ?C?ULCMP
  -------         ENDMOD        ?C?ULCMP

  -------         MODULE        ?C?LSHL
  C:1C05H         PUBLIC        ?C?LSHL
  -------         ENDMOD        ?C?LSHL

  -------         MODULE        ?C?LLDPTR
  C:1C18H         PUBLIC        ?C?LLDPTR
  -------         ENDMOD        ?C?LLDPTR

  -------         MODULE        ?C?LLDOPTR
  C:1C38H         PUBLIC        ?C?LLDOPTR
  -------         ENDMOD        ?C?LLDOPTR

  -------         MODULE        ?C?LSTPTR
  C:1C68H         PUBLIC        ?C?LSTPTR
  -------         ENDMOD        ?C?LSTPTR

  -------         MODULE        ?C?LSTOPTR
  C:1C82H         PUBLIC        ?C?LSTOPTR
  -------         ENDMOD        ?C?LSTOPTR

  -------         MODULE        ?C?LLDXDATA
  C:1CA6H         PUBLIC        ?C?LLDXDATA
  -------         ENDMOD        ?C?LLDXDATA

  -------         MODULE        ?C?LLDCODE
  C:1CB2H         PUBLIC        ?C?LLDCODE
  -------         ENDMOD        ?C?LLDCODE

  -------         MODULE        ?C?LLDXDATA0
  C:1CC2H         PUBLIC        ?C?LLDXDATA0
BL51 BANKED LINKER/LOCATER V6.22                                                      02/27/2019  10:31:22  PAGE 51


  -------         ENDMOD        ?C?LLDXDATA0

  -------         MODULE        ?C?LLDCODE0
  C:1CCEH         PUBLIC        ?C?LLDCODE0
  -------         ENDMOD        ?C?LLDCODE0

  -------         MODULE        ?C?LLDPTR0
  C:1CDEH         PUBLIC        ?C?LLDPTR0
  -------         ENDMOD        ?C?LLDPTR0

  -------         MODULE        ?C?LSTXDATA
  C:1CFEH         PUBLIC        ?C?LSTXDATA
  -------         ENDMOD        ?C?LSTXDATA

  -------         MODULE        ?C?LSTKXDATA
  C:1D0AH         PUBLIC        ?C?LSTKXDATA
  -------         ENDMOD        ?C?LSTKXDATA

  -------         MODULE        ?C?LSTKPTR
  C:1D3BH         PUBLIC        ?C?LSTKPTR
  -------         ENDMOD        ?C?LSTKPTR

  -------         MODULE        ?C?OFFXADD
  C:1D55H         PUBLIC        ?C?OFFXADD
  -------         ENDMOD        ?C?OFFXADD

  -------         MODULE        ABS
  C:4D07H         PUBLIC        _ABS
  -------         ENDMOD        ABS

  -------         MODULE        ATOI
  C:3F4DH         PUBLIC        _atoi
  -------         ENDMOD        ATOI

  -------         MODULE        ?C?IILDX
  C:1D61H         PUBLIC        ?C?IILDX
  -------         ENDMOD        ?C?IILDX

  -------         MODULE        ?C?ULDIV
  C:1DB3H         PUBLIC        ?C?ULDIV
  -------         ENDMOD        ?C?ULDIV

  -------         MODULE        ?C?LLDIDATA
  C:1E45H         PUBLIC        ?C?LLDIDATA
  -------         ENDMOD        ?C?LLDIDATA

  -------         MODULE        ?C?LLDPDATA
  C:1E51H         PUBLIC        ?C?LLDPDATA
  -------         ENDMOD        ?C?LLDPDATA

  -------         MODULE        ?C?LLDIDATA0
  C:1E5DH         PUBLIC        ?C?LLDIDATA0
  -------         ENDMOD        ?C?LLDIDATA0

  -------         MODULE        ?C?LLDPDATA0
  C:1E6AH         PUBLIC        ?C?LLDPDATA0
  -------         ENDMOD        ?C?LLDPDATA0
BL51 BANKED LINKER/LOCATER V6.22                                                      02/27/2019  10:31:22  PAGE 52



  -------         MODULE        ?C?LSTIDATA
  C:1E77H         PUBLIC        ?C?LSTIDATA
  -------         ENDMOD        ?C?LSTIDATA

  -------         MODULE        ?C?LSTPDATA
  C:1E83H         PUBLIC        ?C?LSTPDATA
  -------         ENDMOD        ?C?LSTPDATA

  -------         MODULE        ?C?LSTKIDATA
  C:1E8FH         PUBLIC        ?C?LSTKIDATA
  -------         ENDMOD        ?C?LSTKIDATA

  -------         MODULE        ?C?LSTKPDATA
  C:1EA8H         PUBLIC        ?C?LSTKPDATA
  -------         ENDMOD        ?C?LSTKPDATA

  -------         MODULE        ISDIGIT
  C:4CDFH         PUBLIC        _isdigit
  -------         ENDMOD        ISDIGIT

  -------         MODULE        ISSPACE
  C:4C7AH         PUBLIC        _isspace
  -------         ENDMOD        ISSPACE

*** WARNING L16: UNCALLED SEGMENT, IGNORED FOR OVERLAY PROCESS
    SEGMENT: ?PR?_DISPLAY_PROX?MAIN

*** WARNING L16: UNCALLED SEGMENT, IGNORED FOR OVERLAY PROCESS
    SEGMENT: ?PR?_DAY_OF_YEAR?PCF85063BTL

*** WARNING L16: UNCALLED SEGMENT, IGNORED FOR OVERLAY PROCESS
    SEGMENT: ?PR?INITUART1?UART1

*** WARNING L16: UNCALLED SEGMENT, IGNORED FOR OVERLAY PROCESS
    SEGMENT: ?PR?_SENDSTRING?UART1

*** WARNING L16: UNCALLED SEGMENT, IGNORED FOR OVERLAY PROCESS
    SEGMENT: ?PR?_TEN?UART1

*** WARNING L16: UNCALLED SEGMENT, IGNORED FOR OVERLAY PROCESS
    SEGMENT: ?PR?_UNIT?UART1

*** WARNING L16: UNCALLED SEGMENT, IGNORED FOR OVERLAY PROCESS
    SEGMENT: ?PR?_DECTOBCD?UART1

*** WARNING L16: UNCALLED SEGMENT, IGNORED FOR OVERLAY PROCESS
    SEGMENT: ?PR?_ASCII_LETTER?UART1

*** WARNING L16: UNCALLED SEGMENT, IGNORED FOR OVERLAY PROCESS
    SEGMENT: ?PR?_ASCIITOBCD?UART1

*** WARNING L16: UNCALLED SEGMENT, IGNORED FOR OVERLAY PROCESS
    SEGMENT: ?PR?WAIT?BIPOLARMOTOR

*** WARNING L16: UNCALLED SEGMENT, IGNORED FOR OVERLAY PROCESS
    SEGMENT: ?PR?_FINDDET4X4?BIPOLARMOTOR
BL51 BANKED LINKER/LOCATER V6.22                                                      02/27/2019  10:31:22  PAGE 53



*** WARNING L16: UNCALLED SEGMENT, IGNORED FOR OVERLAY PROCESS
    SEGMENT: ?PR?NOP?IOEXPANDER_PI4IOE5V96248

*** WARNING L16: UNCALLED SEGMENT, IGNORED FOR OVERLAY PROCESS
    SEGMENT: ?PR?UC_ACK?IOEXPANDER_PI4IOE5V96248

*** WARNING L16: UNCALLED SEGMENT, IGNORED FOR OVERLAY PROCESS
    SEGMENT: ?PR?UC_NACK?IOEXPANDER_PI4IOE5V96248

*** WARNING L16: UNCALLED SEGMENT, IGNORED FOR OVERLAY PROCESS
    SEGMENT: ?PR?_AT25SF041_READ?AT25SF041

*** WARNING L1: UNRESOLVED EXTERNAL SYMBOL
    SYMBOL:  AUTO_MODE
    MODULE:  .\Obj\main.obj (MAIN)

*** WARNING L2: REFERENCE MADE TO UNRESOLVED EXTERNAL
    SYMBOL:  AUTO_MODE
    MODULE:  .\Obj\main.obj (MAIN)
    ADDRESS: 0B3BH

*** WARNING L2: REFERENCE MADE TO UNRESOLVED EXTERNAL
    SYMBOL:  AUTO_MODE
    MODULE:  .\Obj\main.obj (MAIN)
    ADDRESS: 0CBEH

*** WARNING L2: REFERENCE MADE TO UNRESOLVED EXTERNAL
    SYMBOL:  AUTO_MODE
    MODULE:  .\Obj\main.obj (MAIN)
    ADDRESS: 0CCCH

*** WARNING L2: REFERENCE MADE TO UNRESOLVED EXTERNAL
    SYMBOL:  AUTO_MODE
    MODULE:  .\Obj\main.obj (MAIN)
    ADDRESS: 0CDEH

*** WARNING L2: REFERENCE MADE TO UNRESOLVED EXTERNAL
    SYMBOL:  AUTO_MODE
    MODULE:  .\Obj\main.obj (MAIN)
    ADDRESS: 0D20H

*** WARNING L2: REFERENCE MADE TO UNRESOLVED EXTERNAL
    SYMBOL:  AUTO_MODE
    MODULE:  .\Obj\main.obj (MAIN)
    ADDRESS: 0DF3H

*** WARNING L1: UNRESOLVED EXTERNAL SYMBOL
    SYMBOL:  _SENDUART1
    MODULE:  .\Obj\UART1.obj (UART1)

*** WARNING L2: REFERENCE MADE TO UNRESOLVED EXTERNAL
    SYMBOL:  _SENDUART1
    MODULE:  .\Obj\UART1.obj (UART1)
    ADDRESS: 4A48H

*** WARNING L1: UNRESOLVED EXTERNAL SYMBOL
BL51 BANKED LINKER/LOCATER V6.22                                                      02/27/2019  10:31:22  PAGE 54


    SYMBOL:  AUTO_MODE
    MODULE:  .\Obj\KeyPad.obj (KEYPAD)

*** WARNING L2: REFERENCE MADE TO UNRESOLVED EXTERNAL
    SYMBOL:  AUTO_MODE
    MODULE:  .\Obj\KeyPad.obj (KEYPAD)
    ADDRESS: 3065H

*** WARNING L2: REFERENCE MADE TO UNRESOLVED EXTERNAL
    SYMBOL:  AUTO_MODE
    MODULE:  .\Obj\KeyPad.obj (KEYPAD)
    ADDRESS: 3070H

*** WARNING L2: REFERENCE MADE TO UNRESOLVED EXTERNAL
    SYMBOL:  AUTO_MODE
    MODULE:  .\Obj\KeyPad.obj (KEYPAD)
    ADDRESS: 3077H

Program Size: data=10.2 xdata=1595 code=19769
LINK/LOCATE RUN COMPLETE.  28 WARNING(S),  0 ERROR(S)
