BL51 BANKED LINKER/LOCATER V6.22                                                        11/01/2018  11:51:32  PAGE 1


BL51 BANKED LINKER/LOCATER V6.22, INVOKED BY:
C:\KEIL_V5\C51\BIN\BL51.EXE .\Obj\main.obj, .\Obj\PCF85063BTL.obj, .\Obj\UART1.obj, .\Obj\LCd_Driver_SPLC780D.obj, .\Obj
>> \KeyPad.obj, .\Obj\VCNL4035.obj, .\Obj\BipolarMotor.obj, .\Obj\SunPos.obj, .\Obj\ADC.obj, .\Obj\Calibration.obj, .\Ob
>> j\STARTUP.obj TO .\Obj\GPIO_RTC_Test PRINT (.\Lis\GPIO_RTC_Test.m51) RAMSIZE (256)


MEMORY MODEL: LARGE WITH FLOATING POINT ARITHMETIC


INPUT MODULES INCLUDED:
  .\Obj\main.obj (MAIN)
  .\Obj\PCF85063BTL.obj (PCF85063BTL)
  .\Obj\UART1.obj (UART1)
  .\Obj\LCd_Driver_SPLC780D.obj (LCD_DRIVER_SPLC780D)
  .\Obj\KeyPad.obj (KEYPAD)
  .\Obj\VCNL4035.obj (VCNL4035)
  .\Obj\BipolarMotor.obj (BIPOLARMOTOR)
  .\Obj\SunPos.obj (SUNPOS)
  .\Obj\ADC.obj (ADC)
  .\Obj\Calibration.obj (CALIBRATION)
  .\Obj\STARTUP.obj (?C_STARTUP)
  C:\KEIL_V5\C51\LIB\C51FPL.LIB (?C?FPADD)
  C:\KEIL_V5\C51\LIB\C51FPL.LIB (?C?FPMUL)
  C:\KEIL_V5\C51\LIB\C51FPL.LIB (?C?FPDIV)
  C:\KEIL_V5\C51\LIB\C51FPL.LIB (?C?FPCMP)
  C:\KEIL_V5\C51\LIB\C51FPL.LIB (?C?FPNEG)
  C:\KEIL_V5\C51\LIB\C51FPL.LIB (?C?FCAST)
  C:\KEIL_V5\C51\LIB\C51FPL.LIB (?C?CASTF)
  C:\KEIL_V5\C51\LIB\C51FPL.LIB (ATAN2)
  C:\KEIL_V5\C51\LIB\C51FPL.LIB (SIN)
  C:\KEIL_V5\C51\LIB\C51FPL.LIB (ACOS)
  C:\KEIL_V5\C51\LIB\C51FPL.LIB (ASIN)
  C:\KEIL_V5\C51\LIB\C51FPL.LIB (?C?FPGETOPN)
  C:\KEIL_V5\C51\LIB\C51FPL.LIB (?C?FPSERIES)
  C:\KEIL_V5\C51\LIB\C51FPL.LIB (SQRT)
  C:\KEIL_V5\C51\LIB\C51FPL.LIB (ATAN)
  C:\KEIL_V5\C51\LIB\C51L.LIB (?C_INIT)
  C:\KEIL_V5\C51\LIB\C51L.LIB (?C?COPY)
  C:\KEIL_V5\C51\LIB\C51L.LIB (?C?CLDPTR)
  C:\KEIL_V5\C51\LIB\C51L.LIB (?C?CSTPTR)
  C:\KEIL_V5\C51\LIB\C51L.LIB (?C?IMUL)
  C:\KEIL_V5\C51\LIB\C51L.LIB (?C?UIDIV)
  C:\KEIL_V5\C51\LIB\C51L.LIB (?C?SIDIV)
  C:\KEIL_V5\C51\LIB\C51L.LIB (?C?ILDIX)
  C:\KEIL_V5\C51\LIB\C51L.LIB (?C?ILDOPTR)
  C:\KEIL_V5\C51\LIB\C51L.LIB (?C?LMUL)
  C:\KEIL_V5\C51\LIB\C51L.LIB (?C?SLDIV)
  C:\KEIL_V5\C51\LIB\C51L.LIB (?C?LNEG)
  C:\KEIL_V5\C51\LIB\C51L.LIB (?C?LLDPTR)
  C:\KEIL_V5\C51\LIB\C51L.LIB (?C?LLDOPTR)
  C:\KEIL_V5\C51\LIB\C51L.LIB (?C?LSTPTR)
  C:\KEIL_V5\C51\LIB\C51L.LIB (?C?LSTOPTR)
  C:\KEIL_V5\C51\LIB\C51L.LIB (?C?LLDXDATA)
  C:\KEIL_V5\C51\LIB\C51L.LIB (?C?LLDCODE)
  C:\KEIL_V5\C51\LIB\C51L.LIB (?C?LLDXDATA0)
  C:\KEIL_V5\C51\LIB\C51L.LIB (?C?LLDCODE0)
  C:\KEIL_V5\C51\LIB\C51L.LIB (?C?LLDPTR0)
  C:\KEIL_V5\C51\LIB\C51L.LIB (?C?LSTXDATA)
BL51 BANKED LINKER/LOCATER V6.22                                                      11/01/2018  11:51:32  PAGE 2


  C:\KEIL_V5\C51\LIB\C51L.LIB (?C?LSTKXDATA)
  C:\KEIL_V5\C51\LIB\C51L.LIB (?C?OFFXADD)
  C:\KEIL_V5\C51\LIB\C51L.LIB (ABS)
  C:\KEIL_V5\C51\LIB\C51L.LIB (ATOI)
  C:\KEIL_V5\C51\LIB\C51L.LIB (?C?IILDX)
  C:\KEIL_V5\C51\LIB\C51L.LIB (?C?ULDIV)
  C:\KEIL_V5\C51\LIB\C51L.LIB (?C?LLDIDATA)
  C:\KEIL_V5\C51\LIB\C51L.LIB (?C?LLDPDATA)
  C:\KEIL_V5\C51\LIB\C51L.LIB (?C?LLDIDATA0)
  C:\KEIL_V5\C51\LIB\C51L.LIB (?C?LLDPDATA0)
  C:\KEIL_V5\C51\LIB\C51L.LIB (?C?LSTIDATA)
  C:\KEIL_V5\C51\LIB\C51L.LIB (?C?LSTPDATA)
  C:\KEIL_V5\C51\LIB\C51L.LIB (ISDIGIT)
  C:\KEIL_V5\C51\LIB\C51L.LIB (ISSPACE)


LINK MAP OF MODULE:  .\Obj\GPIO_RTC_Test (MAIN)


            TYPE    BASE      LENGTH    RELOCATION   SEGMENT NAME
            -----------------------------------------------------

            * * * * * * *   D A T A   M E M O R Y   * * * * * * *
            REG     0000H     0008H     ABSOLUTE     "REG BANK 0"
                    0008H     0018H                  *** GAP ***
            BIT     0020H.0   0000H.5   UNIT         ?BI?KEYPAD
            BIT     0020H.5   0000H.2   UNIT         ?BI?MAIN
            BIT     0020H.7   0000H.2   UNIT         _BIT_GROUP_
            BIT     0021H.1   0000H.1   UNIT         ?BI?_ATOI?ATOI
                    0021H.2   0000H.6                *** GAP ***
            IDATA   0022H     0001H     UNIT         ?STACK

            * * * * * * *  X D A T A   M E M O R Y  * * * * * * *
            XDATA   0000H     03C9H     UNIT         ?XD?BIPOLARMOTOR
            XDATA   03C9H     0144H     UNIT         _XDATA_GROUP_
            XDATA   050DH     00F1H     UNIT         ?XD?MAIN
            XDATA   05FEH     0040H     UNIT         ?XD?_FINDDET4X4?BIPOLARMOTOR
            XDATA   063EH     0024H     UNIT         ?XD?_FINDDET3X3?BIPOLARMOTOR
            XDATA   0662H     001EH     UNIT         ?XD?_CALIB_INTERPOLATE?MAIN
            XDATA   0680H     0009H     UNIT         ?XD?KEYPAD
            XDATA   0689H     0008H     UNIT         ?XD?_READ_VCNL4035?VCNL4035
            XDATA   0691H     0005H     UNIT         ?XD?_ATOI?ATOI
            XDATA   0696H     0004H     UNIT         ?XD?_DISPLAY_PROX?MAIN
            XDATA   069AH     0003H     UNIT         ?XD?_SENDSTRING?UART1
            XDATA   069DH     0001H     UNIT         ?XD?UC_ACK?VCNL4035
            XDATA   069EH     0001H     UNIT         ?XD?UC_NACK?VCNL4035
            XDATA   069FH     0001H     UNIT         ?XD?_DISPLAYLCD_VCNL4035?VCNL4035

            * * * * * * *   C O D E   M E M O R Y   * * * * * * *
            CODE    0000H     0003H     ABSOLUTE     
            CODE    0003H     0006H     UNIT         ?PR?_TEN?UART1
            CODE    0009H     0001H     UNIT         ?PR?UART?MAIN
            CODE    000AH     0001H     UNIT         ?PR?_DECTOBCD?UART1
            CODE    000BH     0003H     ABSOLUTE     
            CODE    000EH     0015H     UNIT         ?PR?_DISPLAY_LINE?LCD_DRIVER_SPLC780D
            CODE    0023H     0003H     ABSOLUTE     
            CODE    0026H     0DD0H     UNIT         ?PR?_UPDATE_POSITION?BIPOLARMOTOR
BL51 BANKED LINKER/LOCATER V6.22                                                      11/01/2018  11:51:32  PAGE 3


            CODE    0DF6H     08FAH     UNIT         ?C?LIB_CODE
            CODE    16F0H     07A2H     UNIT         ?PR?SUNPOS?SUNPOS
            CODE    1E92H     050AH     UNIT         ?PR?MAIN?MAIN
            CODE    239CH     043AH     UNIT         ?C_INITSEG
            CODE    27D6H     02C0H     UNIT         ?PR?_FINDDET4X4?BIPOLARMOTOR
            CODE    2A96H     02B2H     UNIT         ?PR?KEY_PROCESS?KEYPAD
            CODE    2D48H     01FFH     UNIT         ?PR?_FIND_REAL_MAX?CALIBRATION
            CODE    2F47H     01DBH     UNIT         ?PR?_DISPLAY_POS?MAIN
            CODE    3122H     01D1H     UNIT         ?PR?_FINDDET3X3?BIPOLARMOTOR
            CODE    32F3H     01A1H     UNIT         ?PR?_CALIB_INTERPOLATE?MAIN
            CODE    3494H     018DH     UNIT         ?PR?KEY_SCAN?KEYPAD
            CODE    3621H     0188H     UNIT         ?PR?SIN?SIN
            CODE    37A9H     0145H     UNIT         ?PR?LINEAR_INTERPOLATE?BIPOLARMOTOR
            CODE    38EEH     0122H     UNIT         ?PR?ATAN?ATAN
            CODE    3A10H     00DBH     UNIT         ?PR?_ATOI?ATOI
            CODE    3AEBH     00D1H     UNIT         ?PR?_CALIBRATION?CALIBRATION
            CODE    3BBCH     00BBH     UNIT         ?PR?VOLTAGE_IS_STABLE?CALIBRATION
            CODE    3C77H     00ACH     UNIT         ?PR?SQRT?SQRT
            CODE    3D23H     009DH     UNIT         ?PR?_ATAN2?ATAN2
            CODE    3DC0H     009AH     UNIT         ?PR?_READ_VCNL4035?VCNL4035
            CODE    3E5AH     0095H     UNIT         ?PR?_DISPLAY_PROX?MAIN
            CODE    3EEFH     0093H     UNIT         ?PR?_MAX_VALUE?CALIBRATION
            CODE    3F82H     008CH     UNIT         ?C_C51STARTUP
            CODE    400EH     0084H     UNIT         ?PR?_DAY_OF_YEAR?PCF85063BTL
            CODE    4092H     0075H     UNIT         ?PR?_WRITEDATA?LCD_DRIVER_SPLC780D
            CODE    4107H     006FH     UNIT         ?PR?_READ_TIME?PCF85063BTL
            CODE    4176H     0059H     UNIT         ?PR?LCD_INIT?LCD_DRIVER_SPLC780D
            CODE    41CFH     0059H     UNIT         ?PR?_STEP_MOVE?BIPOLARMOTOR
            CODE    4228H     0059H     UNIT         ?PR?_STEP_MOVE_2NDMOTOR?BIPOLARMOTOR
            CODE    4281H     004AH     UNIT         ?PR?ACOS?ACOS
            CODE    42CBH     0049H     UNIT         ?PR?_WRITE_VCNL4035X?VCNL4035
            CODE    4314H     0044H     UNIT         ?C?LDIV
            CODE    4358H     0040H     UNIT         ?PR?_COMMAND?LCD_DRIVER_SPLC780D
            CODE    4398H     003BH     UNIT         ?PR?ASIN?ASIN
            CODE    43D3H     0034H     UNIT         ?PR?TM0_ISR?MAIN
            CODE    4407H     0034H     UNIT         ?PR?_MOVE?BIPOLARMOTOR
            CODE    443BH     0033H     UNIT         ?PR?_SENDSTRING?UART1
            CODE    446EH     002EH     UNIT         ?PR?_ADC_GETRESULT?ADC
            CODE    449CH     002CH     UNIT         ?PR?I2C_RECEIVEBYTE?VCNL4035
            CODE    44C8H     002BH     UNIT         ?PR?_WAIT_MS_I2C?VCNL4035
            CODE    44F3H     0024H     UNIT         ?PR?_WAIT_MS?LCD_DRIVER_SPLC780D
            CODE    4517H     0022H     UNIT         ?PR?_I2C_SENDBYTE?VCNL4035
            CODE    4539H     0020H     UNIT         ?PR?_SPI_SENDBYTE?PCF85063BTL
            CODE    4559H     0020H     UNIT         ?PR?SPI_RECEIVEBYTE?PCF85063BTL
            CODE    4579H     001EH     UNIT         ?PR?_DELAY_MS?KEYPAD
            CODE    4597H     001EH     UNIT         ?PR?_WAIT_MS_IIC?VCNL4035
            CODE    45B5H     001DH     UNIT         ?PR?_DISPLAYLCD?LCD_DRIVER_SPLC780D
            CODE    45D2H     001BH     UNIT         ?PR?I2C_ACK?VCNL4035
            CODE    45EDH     001BH     UNIT         ?PR?_BCDTODEC1?BIPOLARMOTOR
            CODE    4608H     0018H     UNIT         ?PR?_SPI_WRITETIME?PCF85063BTL
            CODE    4620H     0017H     UNIT         ?PR?_ASCIITOBCD?UART1
            CODE    4637H     0017H     UNIT         ?PR?I2C_INIT?VCNL4035
            CODE    464EH     0015H     UNIT         ?PR?I2C_STOP?VCNL4035
            CODE    4663H     0015H     UNIT         ?PR?_MOVE_2NDMOTOR?BIPOLARMOTOR
            CODE    4678H     0014H     UNIT         ?PR?_PCF85063BTL_DELAY?PCF85063BTL
            CODE    468CH     0014H     UNIT         ?PR?_ISSPACE?ISSPACE
            CODE    46A0H     0013H     UNIT         ?PR?I2C_START?VCNL4035
BL51 BANKED LINKER/LOCATER V6.22                                                      11/01/2018  11:51:32  PAGE 4


            CODE    46B3H     0011H     UNIT         ?PR?_SPI_READTIME?PCF85063BTL
            CODE    46C4H     0011H     UNIT         ?PR?_BCDTODEC?PCF85063BTL
            CODE    46D5H     0011H     UNIT         ?PR?INITUART1?UART1
            CODE    46E6H     0010H     UNIT         ?PR?ADC_INIT?ADC
            CODE    46F6H     000FH     UNIT         ?PR?UC_NACK?VCNL4035
            CODE    4705H     000FH     UNIT         ?PR?_ISDIGIT?ISDIGIT
            CODE    4714H     000DH     UNIT         ?PR?SPI_INIT?PCF85063BTL
            CODE    4721H     000CH     UNIT         ?PR?KEYPAD_IO_INIT?KEYPAD
            CODE    472DH     000CH     UNIT         ?PR?_ABS?ABS
            CODE    4739H     000AH     UNIT         ?PR?LCD_RETURN_HOME?LCD_DRIVER_SPLC780D
            CODE    4743H     000AH     UNIT         ?PR?LCD_CLEAR?LCD_DRIVER_SPLC780D
            CODE    474DH     0009H     UNIT         ?PR?_SENDUART1?MAIN
            CODE    4756H     0006H     UNIT         ?PR?UC_ACK?VCNL4035
            CODE    475CH     0006H     UNIT         ?PR?_DISPLAYLCD_VCNL4035?VCNL4035
            CODE    4762H     0005H     UNIT         ?PR?_UNIT?UART1
            CODE    4767H     0005H     UNIT         ?PR?_ASCII_LETTER?UART1
            CODE    476CH     0001H     UNIT         ?PR?NOP?VCNL4035



OVERLAY MAP OF MODULE:   .\Obj\GPIO_RTC_Test (MAIN)


SEGMENT                                            BIT_GROUP          XDATA_GROUP
  +--> CALLED SEGMENT                           START    LENGTH     START    LENGTH
-----------------------------------------------------------------------------------
?C_C51STARTUP                                   -----    -----      -----    -----
  +--> ?PR?MAIN?MAIN
  +--> ?C_INITSEG

?PR?MAIN?MAIN                                   -----    -----      03C9H    0009H
  +--> ?PR?LCD_INIT?LCD_DRIVER_SPLC780D
  +--> ?PR?SPI_INIT?PCF85063BTL
  +--> ?PR?KEYPAD_IO_INIT?KEYPAD
  +--> ?PR?I2C_INIT?VCNL4035
  +--> ?PR?ADC_INIT?ADC
  +--> ?PR?_DELAY_MS?KEYPAD
  +--> ?PR?_DISPLAY_LINE?LCD_DRIVER_SPLC780D
  +--> ?PR?_WRITEDATA?LCD_DRIVER_SPLC780D
  +--> ?PR?KEY_PROCESS?KEYPAD
  +--> ?PR?_COMMAND?LCD_DRIVER_SPLC780D
  +--> ?PR?_DISPLAY_POS?MAIN
  +--> ?PR?_DISPLAYLCD?LCD_DRIVER_SPLC780D
  +--> ?PR?_STEP_MOVE?BIPOLARMOTOR
  +--> ?PR?_STEP_MOVE_2NDMOTOR?BIPOLARMOTOR
  +--> ?PR?LCD_RETURN_HOME?LCD_DRIVER_SPLC780D
  +--> ?PR?_READ_TIME?PCF85063BTL
  +--> ?PR?_DAY_OF_YEAR?PCF85063BTL
  +--> ?PR?_UPDATE_POSITION?BIPOLARMOTOR
  +--> ?PR?_BCDTODEC1?BIPOLARMOTOR
  +--> ?PR?_CALIBRATION?CALIBRATION

?PR?LCD_INIT?LCD_DRIVER_SPLC780D                -----    -----      -----    -----
  +--> ?PR?_WAIT_MS?LCD_DRIVER_SPLC780D
  +--> ?PR?_COMMAND?LCD_DRIVER_SPLC780D

?PR?_COMMAND?LCD_DRIVER_SPLC780D                -----    -----      -----    -----
BL51 BANKED LINKER/LOCATER V6.22                                                      11/01/2018  11:51:32  PAGE 5


  +--> ?PR?_WAIT_MS?LCD_DRIVER_SPLC780D

?PR?I2C_INIT?VCNL4035                           -----    -----      -----    -----
  +--> ?PR?_WRITE_VCNL4035X?VCNL4035

?PR?_WRITE_VCNL4035X?VCNL4035                   -----    -----      03D2H    0003H
  +--> ?PR?I2C_START?VCNL4035
  +--> ?PR?_WAIT_MS_I2C?VCNL4035
  +--> ?PR?I2C_ACK?VCNL4035
  +--> ?PR?_I2C_SENDBYTE?VCNL4035
  +--> ?PR?I2C_STOP?VCNL4035

?PR?I2C_START?VCNL4035                          -----    -----      -----    -----
  +--> ?PR?_WAIT_MS_IIC?VCNL4035
  +--> ?PR?_WAIT_MS_I2C?VCNL4035

?PR?I2C_ACK?VCNL4035                            -----    -----      03D5H    0001H
  +--> ?PR?_I2C_SENDBYTE?VCNL4035
  +--> ?PR?_WAIT_MS_I2C?VCNL4035

?PR?_I2C_SENDBYTE?VCNL4035                      -----    -----      -----    -----
  +--> ?PR?_WAIT_MS_I2C?VCNL4035

?PR?I2C_STOP?VCNL4035                           -----    -----      -----    -----
  +--> ?PR?_WAIT_MS_I2C?VCNL4035

?PR?_DISPLAY_LINE?LCD_DRIVER_SPLC780D           -----    -----      -----    -----
  +--> ?PR?_COMMAND?LCD_DRIVER_SPLC780D

?PR?_WRITEDATA?LCD_DRIVER_SPLC780D              -----    -----      03DCH    0001H
  +--> ?PR?_WAIT_MS?LCD_DRIVER_SPLC780D

?PR?KEY_PROCESS?KEYPAD                          -----    -----      03D2H    0006H
  +--> ?PR?KEY_SCAN?KEYPAD
  +--> ?PR?_SPI_WRITETIME?PCF85063BTL
  +--> ?PR?LCD_CLEAR?LCD_DRIVER_SPLC780D
  +--> ?PR?_COMMAND?LCD_DRIVER_SPLC780D
  +--> ?PR?_WRITEDATA?LCD_DRIVER_SPLC780D

?PR?KEY_SCAN?KEYPAD                             -----    -----      03D8H    0003H

?PR?_SPI_WRITETIME?PCF85063BTL                  -----    -----      -----    -----
  +--> ?PR?_SPI_SENDBYTE?PCF85063BTL

?PR?_SPI_SENDBYTE?PCF85063BTL                   -----    -----      -----    -----
  +--> ?PR?_PCF85063BTL_DELAY?PCF85063BTL

?PR?LCD_CLEAR?LCD_DRIVER_SPLC780D               -----    -----      -----    -----
  +--> ?PR?_COMMAND?LCD_DRIVER_SPLC780D

?PR?_DISPLAY_POS?MAIN                           -----    -----      03D2H    000AH
  +--> ?PR?_ABS?ABS
  +--> ?PR?_WRITEDATA?LCD_DRIVER_SPLC780D

?PR?_DISPLAYLCD?LCD_DRIVER_SPLC780D             -----    -----      03D2H    0001H
  +--> ?PR?_WRITEDATA?LCD_DRIVER_SPLC780D

BL51 BANKED LINKER/LOCATER V6.22                                                      11/01/2018  11:51:32  PAGE 6


?PR?_STEP_MOVE?BIPOLARMOTOR                     0021H.0  0000H.1    04A8H    0004H
  +--> ?PR?_WAIT_MS?LCD_DRIVER_SPLC780D

?PR?_STEP_MOVE_2NDMOTOR?BIPOLARMOTOR            0021H.0  0000H.1    04A4H    0004H
  +--> ?PR?_WAIT_MS?LCD_DRIVER_SPLC780D

?PR?LCD_RETURN_HOME?LCD_DRIVER_SPLC780D         -----    -----      -----    -----
  +--> ?PR?_COMMAND?LCD_DRIVER_SPLC780D

?PR?_READ_TIME?PCF85063BTL                      -----    -----      03D2H    000FH
  +--> ?PR?_SPI_READTIME?PCF85063BTL

?PR?_SPI_READTIME?PCF85063BTL                   -----    -----      -----    -----
  +--> ?PR?_SPI_SENDBYTE?PCF85063BTL
  +--> ?PR?SPI_RECEIVEBYTE?PCF85063BTL

?PR?SPI_RECEIVEBYTE?PCF85063BTL                 -----    -----      -----    -----
  +--> ?PR?_PCF85063BTL_DELAY?PCF85063BTL

?PR?_DAY_OF_YEAR?PCF85063BTL                    -----    -----      -----    -----
  +--> ?PR?_BCDTODEC?PCF85063BTL

?PR?_UPDATE_POSITION?BIPOLARMOTOR               -----    -----      03E2H    00C2H
  +--> ?PR?_BCDTODEC1?BIPOLARMOTOR
  +--> ?PR?SUNPOS?SUNPOS
  +--> ?PR?SIN?SIN
  +--> ?PR?ASIN?ASIN
  +--> ?PR?LINEAR_INTERPOLATE?BIPOLARMOTOR
  +--> ?PR?_ABS?ABS
  +--> ?PR?_MOVE?BIPOLARMOTOR
  +--> ?PR?_MOVE_2NDMOTOR?BIPOLARMOTOR

?PR?SUNPOS?SUNPOS                               -----    -----      04A4H    005DH
  +--> ?PR?SIN?SIN
  +--> ?PR?_ATAN2?ATAN2
  +--> ?PR?ASIN?ASIN
  +--> ?PR?ACOS?ACOS

?PR?SIN?SIN                                     0020H.7  0000H.1    0501H    0004H

?PR?_ATAN2?ATAN2                                -----    -----      0501H    0008H
  +--> ?PR?ATAN?ATAN

?PR?ATAN?ATAN                                   0020H.7  0000H.2    0509H    0004H

?PR?ASIN?ASIN                                   -----    -----      -----    -----
  +--> ?PR?SQRT?SQRT
  +--> ?PR?ATAN?ATAN

?PR?SQRT?SQRT                                   -----    -----      0501H    0004H

?PR?ACOS?ACOS                                   -----    -----      -----    -----
  +--> ?PR?SQRT?SQRT
  +--> ?PR?ATAN?ATAN

?PR?LINEAR_INTERPOLATE?BIPOLARMOTOR             -----    -----      04A4H    0014H

BL51 BANKED LINKER/LOCATER V6.22                                                      11/01/2018  11:51:32  PAGE 7


?PR?_MOVE?BIPOLARMOTOR                          0020H.7  0000H.1    04A4H    0004H
  +--> ?PR?_STEP_MOVE?BIPOLARMOTOR

?PR?_MOVE_2NDMOTOR?BIPOLARMOTOR                 0020H.7  0000H.1    -----    -----
  +--> ?PR?_STEP_MOVE_2NDMOTOR?BIPOLARMOTOR

?PR?_CALIBRATION?CALIBRATION                    -----    -----      03D2H    0010H
  +--> ?PR?VOLTAGE_IS_STABLE?CALIBRATION
  +--> ?PR?_UPDATE_POSITION?BIPOLARMOTOR
  +--> ?PR?_FIND_REAL_MAX?CALIBRATION

?PR?VOLTAGE_IS_STABLE?CALIBRATION               -----    -----      03E2H    0018H
  +--> ?PR?_ADC_GETRESULT?ADC
  +--> ?PR?_ABS?ABS

?PR?_FIND_REAL_MAX?CALIBRATION                  -----    -----      03E2H    005CH
  +--> ?PR?_MOVE?BIPOLARMOTOR
  +--> ?PR?_ADC_GETRESULT?ADC
  +--> ?PR?_WAIT_MS?LCD_DRIVER_SPLC780D
  +--> ?PR?_MAX_VALUE?CALIBRATION

?PR?_MAX_VALUE?CALIBRATION                      -----    -----      043EH    0004H



UNRESOLVED EXTERNAL SYMBOLS:
   AUTO_MODE
   CALIB_MODE
   DIRECTION_ROTATION



SYMBOL TABLE OF MODULE:  .\Obj\GPIO_RTC_Test (MAIN)

  VALUE           TYPE          NAME
  ----------------------------------

  -------         MODULE        MAIN
  C:0000H         SYMBOL        _ICE_DUMMY_
  X:0515H         PUBLIC        calib_value
  D:0080H         PUBLIC        P0
  D:0090H         PUBLIC        P1
  D:00A0H         PUBLIC        P2
  D:00B0H         PUBLIC        P3
  D:00C0H         PUBLIC        P4
  D:00C8H         PUBLIC        P5
  X:0575H         SYMBOL        PressedKey
  B:00A8H.7       PUBLIC        EA
  D:00E8H         PUBLIC        P6
  D:00F8H         PUBLIC        P7
  X:0579H         PUBLIC        RX_Data_Uart_Cnt
  C:32F3H         PUBLIC        _calib_interpolate
  D:00A8H         PUBLIC        IE
  X:057BH         PUBLIC        calib_time
  D:00B8H         PUBLIC        IP
  B:0020H.5       PUBLIC        pos_angle_display
  X:05DBH         PUBLIC        months
BL51 BANKED LINKER/LOCATER V6.22                                                      11/01/2018  11:51:32  PAGE 8


  C:0009H         PUBLIC        Uart
  D:00D8H         PUBLIC        CCON
  C:1E92H         PUBLIC        main
  X:05DCH         PUBLIC        count
  D:0099H         PUBLIC        SBUF
  X:05DEH         PUBLIC        days
  X:05DFH         PUBLIC        lcd
  X:05E1H         PUBLIC        hours
  D:0098H         PUBLIC        SCON
  D:0089H         PUBLIC        TMOD
  D:0088H         PUBLIC        TCON
  B:00B0H.2       PUBLIC        P32
  B:00B0H.3       PUBLIC        P33
  X:05E2H         SYMBOL        KeyCount
  X:05E4H         PUBLIC        mins
  X:05E5H         PUBLIC        Rec_data_hour
  X:05E8H         PUBLIC        Rec_data_min
  D:008EH         PUBLIC        AUXR
  C:43D3H         PUBLIC        tm0_isr
  B:0020H.6       PUBLIC        busy
  D:00E0H         PUBLIC        ACC
  B:00A8H.1       PUBLIC        ET0
  D:008CH         PUBLIC        TH0
  X:05EBH         PUBLIC        hour_count
  D:008AH         PUBLIC        TL0
  X:05ECH         PUBLIC        min_count
  B:0088H.4       PUBLIC        TR0
  X:05EDH         SYMBOL        KeyNum
  X:05EEH         SYMBOL        KeyNum_Old
  X:05EFH         PUBLIC        current_position
  X:05F3H         PUBLIC        hours1
  X:05F4H         PUBLIC        hours2
  C:3E5AH         PUBLIC        _Display_Prox
  X:05F5H         PUBLIC        mins1
  X:05F6H         PUBLIC        mins2
  C:2F55H         PUBLIC        _Display_Pos
  X:05F7H         PUBLIC        current_angle
  X:05FBH         PUBLIC        seconds
  X:05FCH         PUBLIC        st_time
  D:00D0H         PUBLIC        PSW
  C:474DH         PUBLIC        _SendUART1
  -------         PROC          TM0_ISR
  C:43D3H         LINE#         77
  C:43DBH         LINE#         79
  C:43E9H         LINE#         80
  C:43F5H         LINE#         81
  C:43F5H         LINE#         82
  C:43FCH         LINE#         83
  C:43FEH         LINE#         84
  C:43FEH         LINE#         85
  -------         ENDPROC       TM0_ISR
  -------         PROC          MAIN
  -------         DO            
  X:050DH         SYMBOL        KeyCount
  X:050FH         SYMBOL        KeyNum_Old
  X:0510H         SYMBOL        KeyNum
  X:0511H         SYMBOL        PressedKey
BL51 BANKED LINKER/LOCATER V6.22                                                      11/01/2018  11:51:32  PAGE 9


  X:03C9H         SYMBOL        prox_flag
  X:03CAH         SYMBOL        prox_flag_rotation
  X:03CBH         SYMBOL        calib_day
  X:03CDH         SYMBOL        numStr
  -------         ENDDO         
  C:1E92H         LINE#         87
  C:1E92H         LINE#         88
  C:1E92H         LINE#         93
  C:1E9AH         LINE#         95
  C:1E9FH         LINE#         99
  C:1EA1H         LINE#         102
  C:1EA3H         LINE#         105
  C:1EA5H         LINE#         107
  C:1EABH         LINE#         109
  C:1EADH         LINE#         121
  C:1EB0H         LINE#         122
  C:1EB3H         LINE#         123
  C:1EB6H         LINE#         125
  C:1EB9H         LINE#         126
  C:1EBCH         LINE#         128
  C:1EBFH         LINE#         129
  C:1EC2H         LINE#         130
  C:1EC5H         LINE#         131
  C:1EC7H         LINE#         132
  C:1EC9H         LINE#         133
  C:1ECBH         LINE#         135
  C:1ECDH         LINE#         137
  C:1ED4H         LINE#         139
  C:1EDBH         LINE#         143
  C:1EE2H         LINE#         144
  C:1EE7H         LINE#         145
  C:1EECH         LINE#         146
  C:1EF1H         LINE#         147
  C:1EF6H         LINE#         148
  C:1EFBH         LINE#         151
  C:1EFBH         LINE#         152
  C:1EFBH         LINE#         153
  C:1EFEH         LINE#         156
  C:1EFEH         LINE#         161
  C:1F08H         LINE#         162
  C:1F08H         LINE#         163
  C:1F0BH         LINE#         164
  C:1F0BH         LINE#         165
  C:1F10H         LINE#         166
  C:1F15H         LINE#         167
  C:1F1AH         LINE#         168
  C:1F1FH         LINE#         169
  C:1F24H         LINE#         170
  C:1F29H         LINE#         171
  C:1F2CH         LINE#         172
  C:1F2CH         LINE#         173
  C:1F2FH         LINE#         174
  C:1F2FH         LINE#         175
  C:1F2FH         LINE#         176
  C:1F2FH         LINE#         177
  C:1F2FH         LINE#         178
  C:1F2FH         LINE#         179
BL51 BANKED LINKER/LOCATER V6.22                                                      11/01/2018  11:51:32  PAGE 10


  C:1F2FH         LINE#         180
  C:1F2FH         LINE#         181
  C:1F2FH         LINE#         182
  C:1F2FH         LINE#         183
  C:1F31H         LINE#         185
  C:1F31H         LINE#         186
  C:1F34H         LINE#         187
  C:1F34H         LINE#         188
  C:1F39H         LINE#         189
  C:1F3EH         LINE#         190
  C:1F43H         LINE#         191
  C:1F48H         LINE#         192
  C:1F4DH         LINE#         193
  C:1F52H         LINE#         194
  C:1F55H         LINE#         195
  C:1F55H         LINE#         196
  C:1F58H         LINE#         197
  C:1F58H         LINE#         198
  C:1F5DH         LINE#         199
  C:1F62H         LINE#         200
  C:1F67H         LINE#         201
  C:1F6CH         LINE#         202
  C:1F71H         LINE#         203
  C:1F76H         LINE#         204
  C:1F7CH         LINE#         205
  C:1F7CH         LINE#         206
  C:1F7CH         LINE#         210
  C:1F83H         LINE#         211
  C:1F8BH         LINE#         212
  C:1F90H         LINE#         213
  C:1F98H         LINE#         214
  C:1F9DH         LINE#         215
  C:1FA7H         LINE#         216
  C:1FACH         LINE#         217
  C:1FB4H         LINE#         219
  C:1FBCH         LINE#         220
  C:1FC1H         LINE#         221
  C:1FCBH         LINE#         222
  C:1FCBH         LINE#         223
  C:1FCDH         LINE#         224
  C:1FCFH         LINE#         225
  C:1FD9H         LINE#         226
  C:1FD9H         LINE#         227
  C:1FDEH         LINE#         228
  C:1FDEH         LINE#         240
  C:1FE4H         LINE#         241
  C:1FE4H         LINE#         242
  C:1FF1H         LINE#         243
  C:1FF1H         LINE#         244
  C:1FFBH         LINE#         245
  C:2012H         LINE#         246
  C:2012H         LINE#         247
  C:2014H         LINE#         248
  C:2016H         LINE#         250
  C:2016H         LINE#         251
  C:2021H         LINE#         252
  C:2021H         LINE#         253
BL51 BANKED LINKER/LOCATER V6.22                                                      11/01/2018  11:51:32  PAGE 11


  C:2026H         LINE#         254
  C:2026H         LINE#         255
  C:2039H         LINE#         256
  C:2039H         LINE#         259
  C:2043H         LINE#         260
  C:205AH         LINE#         261
  C:205AH         LINE#         262
  C:205CH         LINE#         263
  C:205EH         LINE#         265
  C:205EH         LINE#         266
  C:2069H         LINE#         267
  C:2069H         LINE#         268
  C:206DH         LINE#         269
  C:206DH         LINE#         270
  C:206DH         LINE#         271
  C:2070H         LINE#         272
  C:2076H         LINE#         273
  C:2076H         LINE#         274
  C:2083H         LINE#         275
  C:2083H         LINE#         276
  C:208DH         LINE#         277
  C:20A4H         LINE#         278
  C:20A4H         LINE#         279
  C:20A6H         LINE#         280
  C:20A8H         LINE#         282
  C:20A8H         LINE#         283
  C:20B3H         LINE#         284
  C:20B3H         LINE#         285
  C:20B8H         LINE#         286
  C:20B8H         LINE#         287
  C:20C5H         LINE#         288
  C:20C5H         LINE#         291
  C:20CFH         LINE#         292
  C:20E6H         LINE#         293
  C:20E6H         LINE#         294
  C:20E8H         LINE#         295
  C:20EAH         LINE#         297
  C:20EAH         LINE#         298
  C:20F5H         LINE#         299
  C:20F5H         LINE#         300
  C:20FAH         LINE#         301
  C:20FCH         LINE#         302
  C:20FCH         LINE#         303
  C:20FCH         LINE#         306
  C:211EH         LINE#         307
  C:211EH         LINE#         308
  C:2128H         LINE#         309
  C:212EH         LINE#         310
  C:2130H         LINE#         311
  C:2132H         LINE#         312
  C:2134H         LINE#         313
  C:2134H         LINE#         316
  C:2156H         LINE#         317
  C:2156H         LINE#         318
  C:2160H         LINE#         319
  C:2166H         LINE#         320
  C:2168H         LINE#         321
BL51 BANKED LINKER/LOCATER V6.22                                                      11/01/2018  11:51:32  PAGE 12


  C:216AH         LINE#         322
  C:216CH         LINE#         323
  C:216CH         LINE#         324
  C:216FH         LINE#         326
  C:216FH         LINE#         327
  C:2175H         LINE#         328
  C:217DH         LINE#         329
  C:2183H         LINE#         330
  C:218BH         LINE#         331
  C:21C6H         LINE#         335
  C:21D3H         LINE#         336
  C:21D3H         LINE#         338
  C:21FAH         LINE#         339
  C:2221H         LINE#         340
  C:2221H         LINE#         343
  C:2221H         LINE#         344
  C:2253H         LINE#         345
  C:2253H         LINE#         346
  C:2276H         LINE#         347
  C:2276H         LINE#         348
  C:227EH         LINE#         349
  C:2285H         LINE#         350
  C:2285H         LINE#         352
  C:22B6H         LINE#         353
  C:22B6H         LINE#         354
  C:2310H         LINE#         355
  C:2361H         LINE#         356
  C:236FH         LINE#         357
  C:236FH         LINE#         358
  C:2384H         LINE#         359
  C:238BH         LINE#         360
  C:238BH         LINE#         361
  C:2399H         LINE#         362
  C:2399H         LINE#         364
  -------         ENDPROC       MAIN
  -------         PROC          UART
  C:0009H         LINE#         371
  C:0009H         LINE#         404
  -------         ENDPROC       UART
  -------         PROC          _CALIB_INTERPOLATE
  X:0662H         SYMBOL        hours
  X:0666H         SYMBOL        mins
  -------         DO            
  X:066AH         SYMBOL        p_calib1
  X:0672H         SYMBOL        p_calib2
  X:067AH         SYMBOL        i
  X:067CH         SYMBOL        current_time
  -------         ENDDO         
  C:32F3H         LINE#         407
  C:32F9H         LINE#         408
  C:32F9H         LINE#         412
  C:3350H         LINE#         414
  C:3376H         LINE#         415
  C:3376H         LINE#         416
  C:33E8H         LINE#         417
  C:33E8H         LINE#         418
  C:3415H         LINE#         419
BL51 BANKED LINKER/LOCATER V6.22                                                      11/01/2018  11:51:32  PAGE 13


  C:3430H         LINE#         421
  C:345DH         LINE#         422
  C:3478H         LINE#         424
  C:347AH         LINE#         425
  C:347AH         LINE#         426
  C:348EH         LINE#         427
  C:3493H         LINE#         429
  -------         ENDPROC       _CALIB_INTERPOLATE
  -------         PROC          _SENDUART1
  D:0007H         SYMBOL        dat
  C:474DH         LINE#         432
  C:474DH         LINE#         433
  C:474DH         LINE#         434
  C:4750H         LINE#         435
  C:4752H         LINE#         436
  C:4753H         LINE#         437
  C:4755H         LINE#         438
  -------         ENDPROC       _SENDUART1
  -------         PROC          _DISPLAY_PROX
  D:0002H         SYMBOL        dat
  -------         DO            
  X:0696H         SYMBOL        unit
  X:0697H         SYMBOL        ten
  X:0698H         SYMBOL        hundred
  X:0699H         SYMBOL        thousand
  -------         ENDDO         
  C:3E5AH         LINE#         441
  C:3E5EH         LINE#         442
  C:3E5EH         LINE#         444
  C:3E6AH         LINE#         445
  C:3E7AH         LINE#         446
  C:3E96H         LINE#         447
  C:3EC6H         LINE#         448
  C:3ED0H         LINE#         449
  C:3EDAH         LINE#         450
  C:3EE4H         LINE#         451
  C:3EEEH         LINE#         453
  -------         ENDPROC       _DISPLAY_PROX
  C:2F4AH         SYMBOL        L?0089
  -------         PROC          L?0088
  -------         ENDPROC       L?0088
  C:2F4AH         SYMBOL        L?0089
  -------         PROC          _DISPLAY_POS
  X:03D2H         SYMBOL        sign_dat
  -------         DO            
  X:03D6H         SYMBOL        unit
  X:03D7H         SYMBOL        ten
  X:03D8H         SYMBOL        hundred
  D:0003H         SYMBOL        thousand
  X:03D9H         SYMBOL        after_dot
  X:03DAH         SYMBOL        dat
  -------         ENDDO         
  C:2F55H         LINE#         456
  C:2F5BH         LINE#         457
  C:2F5BH         LINE#         461
  C:2F77H         LINE#         462
  C:2F91H         LINE#         463
BL51 BANKED LINKER/LOCATER V6.22                                                      11/01/2018  11:51:32  PAGE 14


  C:2FB5H         LINE#         465
  C:2FFFH         LINE#         467
  C:3016H         LINE#         468
  C:3023H         LINE#         469
  C:3045H         LINE#         470
  C:307AH         LINE#         471
  C:3092H         LINE#         472
  C:3092H         LINE#         474
  C:309CH         LINE#         475
  C:30A6H         LINE#         476
  C:30B0H         LINE#         477
  C:30B5H         LINE#         478
  C:30BFH         LINE#         479
  C:30C2H         LINE#         480
  C:30C2H         LINE#         481
  C:30C7H         LINE#         482
  C:30C9H         LINE#         483
  C:30C9H         LINE#         486
  C:30CBH         LINE#         488
  C:30CBH         LINE#         489
  C:30D0H         LINE#         490
  C:30D2H         LINE#         491
  C:30D2H         LINE#         492
  C:30D2H         LINE#         493
  C:30D4H         LINE#         495
  C:30D4H         LINE#         497
  C:30D9H         LINE#         498
  C:30E3H         LINE#         499
  C:30EDH         LINE#         500
  C:30F7H         LINE#         501
  C:30FCH         LINE#         502
  C:3106H         LINE#         503
  C:3109H         LINE#         504
  C:3109H         LINE#         505
  C:310EH         LINE#         506
  C:3110H         LINE#         507
  C:3110H         LINE#         510
  C:3112H         LINE#         512
  C:3112H         LINE#         513
  C:3117H         LINE#         514
  C:311CH         LINE#         515
  C:3121H         LINE#         516
  C:3121H         LINE#         520
  C:3121H         LINE#         522
  -------         ENDPROC       _DISPLAY_POS
  -------         ENDMOD        MAIN

  -------         MODULE        PCF85063BTL
  C:0000H         SYMBOL        _ICE_DUMMY_
  D:0096H         PUBLIC        P2M0
  D:0080H         PUBLIC        P0
  D:0095H         PUBLIC        P2M1
  D:0090H         PUBLIC        P1
  D:00A0H         PUBLIC        P2
  D:00B0H         PUBLIC        P3
  D:00C0H         PUBLIC        P4
  D:00C8H         PUBLIC        P5
BL51 BANKED LINKER/LOCATER V6.22                                                      11/01/2018  11:51:32  PAGE 15


  D:00E8H         PUBLIC        P6
  B:00A0H.2       PUBLIC        PCF85063BTL_SDI
  D:00F8H         PUBLIC        P7
  B:00A0H.1       PUBLIC        PCF85063BTL_SCK
  B:00A0H.2       PUBLIC        PCF85063BTL_SDO
  D:00A8H         PUBLIC        IE
  C:4107H         PUBLIC        _Read_time
  C:467EH         PUBLIC        _PCF85063BTL_Delay
  D:00B8H         PUBLIC        IP
  D:00D8H         PUBLIC        CCON
  C:400EH         PUBLIC        _Day_Of_Year
  C:4559H         PUBLIC        SPI_ReceiveByte
  D:0098H         PUBLIC        SCON
  D:0088H         PUBLIC        TCON
  C:46C4H         PUBLIC        _BCDtoDec
  B:00A0H.0       PUBLIC        PCF85063BTL_CS
  C:46B3H         PUBLIC        _SPI_ReadTime
  C:4714H         PUBLIC        SPI_Init
  C:4608H         PUBLIC        _SPI_WriteTime
  C:4539H         PUBLIC        _SPI_SendByte
  D:00D0H         PUBLIC        PSW
  C:467AH         SYMBOL        L?0047
  -------         PROC          L?0046
  -------         ENDPROC       L?0046
  C:467AH         SYMBOL        L?0047
  -------         PROC          _PCF85063BTL_DELAY
  D:0006H         SYMBOL        us
  C:467EH         LINE#         8
  C:467EH         LINE#         9
  C:467EH         LINE#         10
  C:4688H         LINE#         11
  C:4688H         LINE#         12
  C:4689H         LINE#         13
  C:468BH         LINE#         14
  -------         ENDPROC       _PCF85063BTL_DELAY
  -------         PROC          _SPI_SENDBYTE
  D:0005H         SYMBOL        dat
  -------         DO            
  D:0003H         SYMBOL        i
  -------         ENDDO         
  C:4539H         LINE#         17
  C:453BH         LINE#         18
  C:453BH         LINE#         20
  C:453DH         LINE#         21
  C:453DH         LINE#         22
  C:453FH         LINE#         23
  C:4543H         LINE#         24
  C:4543H         LINE#         25
  C:4545H         LINE#         26
  C:4547H         LINE#         28
  C:4547H         LINE#         29
  C:4549H         LINE#         30
  C:4549H         LINE#         31
  C:454CH         LINE#         32
  C:454CH         LINE#         33
  C:454FH         LINE#         34
  C:4553H         LINE#         35
BL51 BANKED LINKER/LOCATER V6.22                                                      11/01/2018  11:51:32  PAGE 16


  C:4558H         LINE#         36
  -------         ENDPROC       _SPI_SENDBYTE
  -------         PROC          SPI_RECEIVEBYTE
  -------         DO            
  D:0003H         SYMBOL        i
  D:0005H         SYMBOL        dat
  -------         ENDDO         
  C:4559H         LINE#         39
  C:4559H         LINE#         40
  C:4559H         LINE#         42
  C:455BH         LINE#         44
  C:455DH         LINE#         45
  C:455EH         LINE#         46
  C:455EH         LINE#         47
  C:4562H         LINE#         48
  C:4564H         LINE#         49
  C:4567H         LINE#         51
  C:456AH         LINE#         52
  C:456AH         LINE#         53
  C:456EH         LINE#         54
  C:456EH         LINE#         55
  C:456EH         LINE#         56
  C:4571H         LINE#         57
  C:4576H         LINE#         58
  C:4578H         LINE#         59
  -------         ENDPROC       SPI_RECEIVEBYTE
  -------         PROC          _SPI_READTIME
  D:0007H         SYMBOL        addr
  -------         DO            
  D:0006H         SYMBOL        dat
  -------         ENDDO         
  C:46B3H         LINE#         61
  C:46B3H         LINE#         62
  C:46B3H         LINE#         64
  C:46B5H         LINE#         65
  C:46B7H         LINE#         66
  C:46BEH         LINE#         67
  C:46C1H         LINE#         68
  C:46C3H         LINE#         69
  C:46C3H         LINE#         70
  -------         ENDPROC       _SPI_READTIME
  -------         PROC          _SPI_WRITETIME
  D:0002H         SYMBOL        val
  D:0005H         SYMBOL        addr
  C:4608H         LINE#         71
  C:460AH         LINE#         72
  C:460AH         LINE#         74
  C:460CH         LINE#         75
  C:4613H         LINE#         76
  C:4618H         LINE#         77
  C:461DH         LINE#         78
  C:461FH         LINE#         79
  -------         ENDPROC       _SPI_WRITETIME
  -------         PROC          SPI_INIT
  C:4714H         LINE#         83
  C:4714H         LINE#         84
  C:4714H         LINE#         89
BL51 BANKED LINKER/LOCATER V6.22                                                      11/01/2018  11:51:32  PAGE 17


  C:4717H         LINE#         90
  C:471AH         LINE#         91
  C:471CH         LINE#         92
  C:471EH         LINE#         93
  C:4720H         LINE#         94
  -------         ENDPROC       SPI_INIT
  -------         PROC          _READ_TIME
  X:03D2H         SYMBOL        months
  X:03D5H         SYMBOL        days
  X:03D8H         SYMBOL        hours
  X:03DBH         SYMBOL        mins
  X:03DEH         SYMBOL        seconds
  C:4107H         LINE#         96
  C:4112H         LINE#         97
  C:4112H         LINE#         99
  C:4126H         LINE#         101
  C:413AH         LINE#         103
  C:414EH         LINE#         108
  C:4162H         LINE#         113
  -------         ENDPROC       _READ_TIME
  -------         PROC          _BCDTODEC
  D:0007H         SYMBOL        bcd
  -------         DO            
  D:0006H         SYMBOL        hi
  D:0007H         SYMBOL        lo
  -------         ENDDO         
  C:46C4H         LINE#         119
  C:46C4H         LINE#         120
  C:46C4H         LINE#         122
  C:46C9H         LINE#         123
  C:46CDH         LINE#         124
  C:46D4H         LINE#         125
  -------         ENDPROC       _BCDTODEC
  -------         PROC          _DAY_OF_YEAR
  D:0007H         SYMBOL        months_bcd
  D:0005H         SYMBOL        days_bcd
  -------         DO            
  D:0004H         SYMBOL        months
  D:0007H         SYMBOL        days
  -------         ENDDO         
  C:400EH         LINE#         126
  C:400EH         LINE#         127
  C:400EH         LINE#         130
  C:4013H         LINE#         132
  C:4018H         LINE#         134
  C:4051H         LINE#         135
  C:4051H         LINE#         136
  C:4051H         LINE#         137
  C:4054H         LINE#         138
  C:4054H         LINE#         139
  C:4054H         LINE#         140
  C:4059H         LINE#         141
  C:4059H         LINE#         142
  C:4059H         LINE#         143
  C:405EH         LINE#         144
  C:405EH         LINE#         145
  C:405EH         LINE#         146
BL51 BANKED LINKER/LOCATER V6.22                                                      11/01/2018  11:51:32  PAGE 18


  C:4063H         LINE#         147
  C:4063H         LINE#         148
  C:4063H         LINE#         149
  C:4068H         LINE#         150
  C:4068H         LINE#         151
  C:4068H         LINE#         152
  C:406DH         LINE#         153
  C:406DH         LINE#         154
  C:406DH         LINE#         155
  C:4072H         LINE#         156
  C:4072H         LINE#         157
  C:4072H         LINE#         158
  C:4077H         LINE#         159
  C:4077H         LINE#         160
  C:4077H         LINE#         161
  C:407FH         LINE#         162
  C:407FH         LINE#         163
  C:407FH         LINE#         164
  C:4084H         LINE#         165
  C:4084H         LINE#         166
  C:4084H         LINE#         167
  C:4089H         LINE#         168
  C:4089H         LINE#         169
  C:4089H         LINE#         170
  C:4091H         LINE#         171
  C:4091H         LINE#         172
  C:4091H         LINE#         173
  -------         ENDPROC       _DAY_OF_YEAR
  -------         ENDMOD        PCF85063BTL

  -------         MODULE        UART1
  C:0000H         SYMBOL        _ICE_DUMMY_
  D:0080H         PUBLIC        P0
  D:0090H         PUBLIC        P1
  D:00A0H         PUBLIC        P2
  D:00B0H         PUBLIC        P3
  D:00C0H         PUBLIC        P4
  D:00C8H         PUBLIC        P5
  B:00A8H.7       PUBLIC        EA
  D:00E8H         PUBLIC        P6
  D:00F8H         PUBLIC        P7
  C:443BH         PUBLIC        _SendString
  D:00A8H         PUBLIC        IE
  B:00A8H.4       PUBLIC        ES
  D:00B8H         PUBLIC        IP
  C:4620H         PUBLIC        _ASCIItoBCD
  D:00D8H         PUBLIC        CCON
  C:46D5H         PUBLIC        initUART1
  D:0098H         PUBLIC        SCON
  D:0088H         PUBLIC        TCON
  C:000AH         PUBLIC        _DectoBCD
  C:4767H         PUBLIC        _ASCII_Letter
  D:008EH         PUBLIC        AUXR
  C:4762H         PUBLIC        _unit
  C:0003H         PUBLIC        _ten
  D:00D6H         PUBLIC        T2H
  D:00D7H         PUBLIC        T2L
BL51 BANKED LINKER/LOCATER V6.22                                                      11/01/2018  11:51:32  PAGE 19


  D:00D0H         PUBLIC        PSW
  -------         PROC          INITUART1
  C:46D5H         LINE#         21
  C:46D5H         LINE#         22
  C:46D5H         LINE#         23
  C:46D8H         LINE#         24
  C:46DBH         LINE#         25
  C:46DEH         LINE#         26
  C:46E1H         LINE#         27
  C:46E3H         LINE#         28
  C:46E5H         LINE#         30
  -------         ENDPROC       INITUART1
  -------         PROC          _SENDSTRING
  X:069AH         SYMBOL        s
  C:443BH         LINE#         35
  C:4446H         LINE#         36
  C:4446H         LINE#         37
  C:4456H         LINE#         38
  C:4456H         LINE#         39
  C:446BH         LINE#         40
  C:446DH         LINE#         41
  -------         ENDPROC       _SENDSTRING
  -------         PROC          _TEN
  D:0007H         SYMBOL        BCD
  C:0003H         LINE#         43
  C:0003H         LINE#         44
  C:0003H         LINE#         45
  C:0008H         LINE#         46
  -------         ENDPROC       _TEN
  -------         PROC          _UNIT
  D:0007H         SYMBOL        BCD
  C:4762H         LINE#         47
  C:4762H         LINE#         48
  C:4762H         LINE#         52
  C:4766H         LINE#         53
  -------         ENDPROC       _UNIT
  -------         PROC          _DECTOBCD
  D:0007H         SYMBOL        dec
  C:000AH         LINE#         54
  C:000AH         LINE#         55
  C:000AH         LINE#         57
  C:000AH         LINE#         58
  -------         ENDPROC       _DECTOBCD
  -------         PROC          _ASCII_LETTER
  D:0007H         SYMBOL        dat
  C:4767H         LINE#         60
  C:4767H         LINE#         61
  C:4767H         LINE#         63
  C:476BH         LINE#         64
  -------         ENDPROC       _ASCII_LETTER
  -------         PROC          _ASCIITOBCD
  D:0001H         SYMBOL        ascii
  -------         DO            
  D:0007H         SYMBOL        dec_val
  D:0006H         SYMBOL        ten
  D:0007H         SYMBOL        unit
  -------         ENDDO         
BL51 BANKED LINKER/LOCATER V6.22                                                      11/01/2018  11:51:32  PAGE 20


  C:4620H         LINE#         66
  C:4620H         LINE#         67
  C:4620H         LINE#         69
  C:4623H         LINE#         70
  C:4629H         LINE#         71
  C:4630H         LINE#         72
  C:4636H         LINE#         74
  -------         ENDPROC       _ASCIITOBCD
  -------         ENDMOD        UART1

  -------         MODULE        LCD_DRIVER_SPLC780D
  C:0000H         SYMBOL        _ICE_DUMMY_
  D:0092H         PUBLIC        P1M0
  D:0091H         PUBLIC        P1M1
  D:0080H         PUBLIC        P0
  D:0090H         PUBLIC        P1
  D:00A0H         PUBLIC        P2
  D:00B0H         PUBLIC        P3
  D:00C0H         PUBLIC        P4
  D:00C8H         PUBLIC        P5
  D:00E8H         PUBLIC        P6
  D:00F8H         PUBLIC        P7
  C:4092H         PUBLIC        _WriteData
  D:00A8H         PUBLIC        IE
  D:00B8H         PUBLIC        IP
  D:00D8H         PUBLIC        CCON
  B:0090H.4       PUBLIC        LCD_D4
  B:0090H.5       PUBLIC        LCD_D5
  B:0090H.6       PUBLIC        LCD_D6
  C:45B5H         PUBLIC        _DisplayLCD
  B:0090H.7       PUBLIC        LCD_D7
  D:0098H         PUBLIC        SCON
  D:0088H         PUBLIC        TCON
  C:4743H         PUBLIC        LCD_clear
  C:4358H         PUBLIC        _Command
  C:000EH         PUBLIC        _Display_Line
  C:4176H         PUBLIC        LCD_Init
  C:44F9H         PUBLIC        _Wait_ms
  B:0090H.1       PUBLIC        LCD_RS
  B:0090H.2       PUBLIC        LCD_RW
  C:4739H         PUBLIC        LCD_return_home
  B:0090H.3       PUBLIC        LCD_E
  D:00D0H         PUBLIC        PSW
  -------         PROC          LCD_INIT
  C:4176H         LINE#         9
  C:4176H         LINE#         10
  C:4176H         LINE#         11
  C:4179H         LINE#         12
  C:417CH         LINE#         14
  C:4182H         LINE#         15
  C:4187H         LINE#         17
  C:418EH         LINE#         18
  C:4193H         LINE#         20
  C:4196H         LINE#         21
  C:419BH         LINE#         23
  C:419EH         LINE#         24
  C:41A3H         LINE#         26
BL51 BANKED LINKER/LOCATER V6.22                                                      11/01/2018  11:51:32  PAGE 21


  C:41AAH         LINE#         29
  C:41AFH         LINE#         30
  C:41B4H         LINE#         32
  C:41B9H         LINE#         33
  C:41BEH         LINE#         35
  C:41C3H         LINE#         36
  C:41C8H         LINE#         37
  -------         ENDPROC       LCD_INIT
  -------         PROC          _WRITEDATA
  X:03DCH         SYMBOL        dat
  C:4092H         LINE#         40
  C:4097H         LINE#         41
  C:4097H         LINE#         46
  C:4099H         LINE#         47
  C:409BH         LINE#         49
  C:40A9H         LINE#         50
  C:40B5H         LINE#         51
  C:40C1H         LINE#         52
  C:40CBH         LINE#         53
  C:40CDH         LINE#         54
  C:40D4H         LINE#         55
  C:40D6H         LINE#         57
  C:40E6H         LINE#         58
  C:40F1H         LINE#         59
  C:40FBH         LINE#         60
  C:40FFH         LINE#         62
  C:40FFH         LINE#         63
  C:4102H         LINE#         64
  C:4104H         LINE#         65
  C:4106H         LINE#         67
  -------         ENDPROC       _WRITEDATA
  -------         PROC          _COMMAND
  D:0007H         SYMBOL        dat
  C:4358H         LINE#         69
  C:4358H         LINE#         70
  C:4358H         LINE#         71
  C:435AH         LINE#         72
  C:435CH         LINE#         74
  C:4366H         LINE#         75
  C:436AH         LINE#         77
  C:436CH         LINE#         78
  C:4375H         LINE#         79
  C:4379H         LINE#         81
  C:437BH         LINE#         82
  C:4382H         LINE#         83
  C:4386H         LINE#         85
  C:4388H         LINE#         86
  C:438CH         LINE#         87
  C:4390H         LINE#         89
  C:4392H         LINE#         90
  C:4392H         LINE#         91
  C:4395H         LINE#         92
  C:4397H         LINE#         93
  -------         ENDPROC       _COMMAND
  C:44F5H         SYMBOL        L?0028
  -------         PROC          L?0027
  -------         ENDPROC       L?0027
BL51 BANKED LINKER/LOCATER V6.22                                                      11/01/2018  11:51:32  PAGE 22


  C:44F5H         SYMBOL        L?0028
  -------         PROC          _WAIT_MS
  D:0006H         SYMBOL        ms
  -------         DO            
  D:0004H         SYMBOL        De_Cnt
  -------         ENDDO         
  C:44F9H         LINE#         95
  C:44F9H         LINE#         96
  C:44F9H         LINE#         98
  C:4503H         LINE#         99
  C:4503H         LINE#         100
  C:4516H         LINE#         101
  C:4516H         LINE#         102
  -------         ENDPROC       _WAIT_MS
  -------         PROC          _DISPLAYLCD
  D:0007H         SYMBOL        BCD
  -------         DO            
  D:0006H         SYMBOL        first_digit
  X:03D2H         SYMBOL        second_digit
  -------         ENDDO         
  C:45B5H         LINE#         103
  C:45B5H         LINE#         104
  C:45B5H         LINE#         106
  C:45BCH         LINE#         107
  C:45C5H         LINE#         109
  C:45CAH         LINE#         111
  -------         ENDPROC       _DISPLAYLCD
  -------         PROC          LCD_RETURN_HOME
  C:4739H         LINE#         115
  C:4739H         LINE#         116
  C:4739H         LINE#         117
  C:473EH         LINE#         118
  -------         ENDPROC       LCD_RETURN_HOME
  -------         PROC          LCD_CLEAR
  C:4743H         LINE#         121
  C:4743H         LINE#         122
  C:4743H         LINE#         123
  C:4748H         LINE#         124
  -------         ENDPROC       LCD_CLEAR
  -------         PROC          _DISPLAY_LINE
  D:0006H         SYMBOL        line
  C:000EH         LINE#         128
  C:000EH         LINE#         129
  C:000EH         LINE#         130
  C:0014H         LINE#         131
  C:0014H         LINE#         132
  C:0016H         LINE#         133
  C:0016H         LINE#         134
  C:0018H         LINE#         136
  C:0018H         LINE#         137
  C:001DH         LINE#         138
  C:0022H         LINE#         139
  C:0022H         LINE#         140
  -------         ENDPROC       _DISPLAY_LINE
  -------         ENDMOD        LCD_DRIVER_SPLC780D

  -------         MODULE        KEYPAD
BL51 BANKED LINKER/LOCATER V6.22                                                      11/01/2018  11:51:32  PAGE 23


  C:0000H         SYMBOL        _ICE_DUMMY_
  D:0093H         PUBLIC        P0M1
  D:0080H         PUBLIC        P0
  D:0090H         PUBLIC        P1
  D:00A0H         PUBLIC        P2
  D:00B0H         PUBLIC        P3
  D:00C0H         PUBLIC        P4
  D:00C8H         PUBLIC        P5
  D:00E8H         PUBLIC        P6
  D:00F8H         PUBLIC        P7
  D:00A8H         PUBLIC        IE
  C:3494H         PUBLIC        Key_Scan
  D:00B8H         PUBLIC        IP
  D:00D8H         PUBLIC        CCON
  C:4721H         PUBLIC        KeyPad_IO_Init
  C:4579H         PUBLIC        _Delay_ms
  D:0098H         PUBLIC        SCON
  D:0088H         PUBLIC        TCON
  B:0020H.0       PUBLIC        small_move
  B:0020H.1       PUBLIC        move
  B:0020H.2       PUBLIC        direction
  B:0020H.3       PUBLIC        auto_move
  B:0020H.4       PUBLIC        selected_motor
  C:2A96H         PUBLIC        Key_Process
  D:00D0H         PUBLIC        PSW
  D:0094H         PUBLIC        P0M0
  -------         PROC          _DELAY_MS
  D:0006H         SYMBOL        ms
  -------         DO            
  D:0004H         SYMBOL        De_Cnt
  -------         ENDDO         
  C:4579H         LINE#         20
  C:4579H         LINE#         21
  C:4579H         LINE#         23
  C:4583H         LINE#         24
  C:4583H         LINE#         25
  C:4596H         LINE#         26
  C:4596H         LINE#         27
  -------         ENDPROC       _DELAY_MS
  -------         PROC          KEY_SCAN
  -------         DO            
  X:03D8H         SYMBOL        KeyTemp1
  X:03D9H         SYMBOL        KeyTemp2
  X:03DAH         SYMBOL        KeyValue
  -------         ENDDO         
  C:3494H         LINE#         28
  C:3494H         LINE#         29
  C:3494H         LINE#         34
  C:3497H         LINE#         37
  C:349AH         LINE#         39
  C:34A2H         LINE#         40
  C:34A9H         LINE#         41
  C:34A9H         LINE#         43
  C:34AEH         LINE#         44
  C:34B5H         LINE#         45
  C:34B5H         LINE#         48
  C:34B8H         LINE#         49
BL51 BANKED LINKER/LOCATER V6.22                                                      11/01/2018  11:51:32  PAGE 24


  C:34BBH         LINE#         50
  C:34C0H         LINE#         51
  C:34C4H         LINE#         52
  C:34C4H         LINE#         53
  C:34CCH         LINE#         54
  C:34CCH         LINE#         55
  C:34CFH         LINE#         56
  C:34D7H         LINE#         57
  C:34D9H         LINE#         59
  C:34EDH         LINE#         60
  C:34EDH         LINE#         61
  C:34EDH         LINE#         62
  C:34EDH         LINE#         63
  C:34F3H         LINE#         65
  C:34F5H         LINE#         66
  C:34F5H         LINE#         67
  C:34F5H         LINE#         68
  C:34FBH         LINE#         70
  C:34FDH         LINE#         71
  C:34FDH         LINE#         72
  C:34FDH         LINE#         73
  C:3503H         LINE#         75
  C:3505H         LINE#         76
  C:3505H         LINE#         77
  C:3505H         LINE#         78
  C:350BH         LINE#         80
  C:350BH         LINE#         81
  C:350BH         LINE#         82
  C:350BH         LINE#         85
  C:350EH         LINE#         86
  C:3511H         LINE#         87
  C:3519H         LINE#         88
  C:351DH         LINE#         89
  C:351DH         LINE#         90
  C:3525H         LINE#         91
  C:3525H         LINE#         92
  C:3528H         LINE#         93
  C:3530H         LINE#         94
  C:3532H         LINE#         95
  C:3546H         LINE#         96
  C:3546H         LINE#         97
  C:3546H         LINE#         98
  C:3546H         LINE#         99
  C:354CH         LINE#         101
  C:354EH         LINE#         102
  C:354EH         LINE#         103
  C:354EH         LINE#         104
  C:3554H         LINE#         106
  C:3556H         LINE#         107
  C:3556H         LINE#         108
  C:3556H         LINE#         109
  C:355CH         LINE#         111
  C:355EH         LINE#         112
  C:355EH         LINE#         113
  C:355EH         LINE#         114
  C:3563H         LINE#         116
  C:3563H         LINE#         117
BL51 BANKED LINKER/LOCATER V6.22                                                      11/01/2018  11:51:32  PAGE 25


  C:3563H         LINE#         118
  C:3563H         LINE#         121
  C:3566H         LINE#         122
  C:3569H         LINE#         123
  C:3571H         LINE#         124
  C:3575H         LINE#         125
  C:3575H         LINE#         126
  C:357DH         LINE#         127
  C:357DH         LINE#         128
  C:3580H         LINE#         129
  C:3588H         LINE#         130
  C:358AH         LINE#         131
  C:359EH         LINE#         132
  C:359EH         LINE#         133
  C:359EH         LINE#         134
  C:359EH         LINE#         135
  C:35A4H         LINE#         137
  C:35A6H         LINE#         138
  C:35A6H         LINE#         139
  C:35A6H         LINE#         140
  C:35ACH         LINE#         142
  C:35AEH         LINE#         143
  C:35AEH         LINE#         144
  C:35AEH         LINE#         145
  C:35B4H         LINE#         147
  C:35B6H         LINE#         148
  C:35B6H         LINE#         149
  C:35B6H         LINE#         150
  C:35BCH         LINE#         152
  C:35BCH         LINE#         153
  C:35BCH         LINE#         154
  C:35BCH         LINE#         158
  C:35BFH         LINE#         159
  C:35C2H         LINE#         160
  C:35CAH         LINE#         161
  C:35CEH         LINE#         162
  C:35CEH         LINE#         163
  C:35D6H         LINE#         164
  C:35D6H         LINE#         165
  C:35D9H         LINE#         166
  C:35E1H         LINE#         167
  C:35E3H         LINE#         168
  C:35F7H         LINE#         169
  C:35F7H         LINE#         170
  C:35F7H         LINE#         171
  C:35F7H         LINE#         172
  C:35FDH         LINE#         174
  C:35FFH         LINE#         175
  C:35FFH         LINE#         176
  C:35FFH         LINE#         177
  C:3605H         LINE#         179
  C:3607H         LINE#         180
  C:3607H         LINE#         181
  C:3607H         LINE#         182
  C:360DH         LINE#         184
  C:360FH         LINE#         185
  C:360FH         LINE#         186
BL51 BANKED LINKER/LOCATER V6.22                                                      11/01/2018  11:51:32  PAGE 26


  C:360FH         LINE#         187
  C:3615H         LINE#         189
  C:3615H         LINE#         190
  C:3615H         LINE#         191
  C:3615H         LINE#         193
  C:361BH         LINE#         194
  C:361BH         LINE#         196
  C:361BH         LINE#         197
  C:361EH         LINE#         198
  C:361EH         LINE#         199
  C:361EH         LINE#         201
  C:361EH         LINE#         202
  C:3620H         LINE#         203
  C:3620H         LINE#         204
  -------         ENDPROC       KEY_SCAN
  -------         PROC          KEY_PROCESS
  -------         DO            
  X:0680H         SYMBOL        KeyCount
  X:0682H         SYMBOL        KeyNum_Old
  X:0683H         SYMBOL        KeyNum
  X:0684H         SYMBOL        PressedKey
  X:03D2H         SYMBOL        d
  D:0004H         SYMBOL        hours
  D:0006H         SYMBOL        mins
  X:03D4H         SYMBOL        months
  X:03D6H         SYMBOL        days
  -------         ENDDO         
  C:2A96H         LINE#         205
  C:2A96H         LINE#         206
  C:2A96H         LINE#         210
  C:2A9EH         LINE#         211
  C:2AA6H         LINE#         213
  C:2AA9H         LINE#         214
  C:2AA9H         LINE#         215
  C:2AACH         LINE#         217
  C:2AACH         LINE#         218
  C:2AB9H         LINE#         219
  C:2AB9H         LINE#         220
  C:2ABCH         LINE#         221
  C:2ABFH         LINE#         223
  C:2AC2H         LINE#         225
  C:2AC2H         LINE#         226
  C:2ACDH         LINE#         227
  C:2ACDH         LINE#         228
  C:2AD0H         LINE#         230
  C:2AD0H         LINE#         231
  C:2AD7H         LINE#         232
  C:2AD7H         LINE#         233
  C:2ADAH         LINE#         235
  C:2ADAH         LINE#         236
  C:2AE2H         LINE#         237
  C:2AE2H         LINE#         238
  C:2AECH         LINE#         239
  C:2AF4H         LINE#         241
  C:2AFDH         LINE#         243
  C:2AFDH         LINE#         252
  C:2B12H         LINE#         253
BL51 BANKED LINKER/LOCATER V6.22                                                      11/01/2018  11:51:32  PAGE 27


  C:2B12H         LINE#         254
  C:2B24H         LINE#         255
  C:2B32H         LINE#         256
  C:2B41H         LINE#         257
  C:2B41H         LINE#         259
  C:2B47H         LINE#         263
  C:2B5DH         LINE#         264
  C:2B6EH         LINE#         265
  C:2B89H         LINE#         266
  C:2B89H         LINE#         267
  C:2B99H         LINE#         268
  C:2BAAH         LINE#         269
  C:2BAAH         LINE#         270
  C:2BB2H         LINE#         271
  C:2BB2H         LINE#         272
  C:2BB4H         LINE#         273
  C:2BB6H         LINE#         274
  C:2BBAH         LINE#         275
  C:2BBAH         LINE#         276
  C:2BBCH         LINE#         277
  C:2BBCH         LINE#         281
  C:2BD5H         LINE#         282
  C:2BECH         LINE#         283
  C:2C0CH         LINE#         284
  C:2C0CH         LINE#         285
  C:2C16H         LINE#         286
  C:2C16H         LINE#         287
  C:2C1FH         LINE#         288
  C:2C1FH         LINE#         289
  C:2C33H         LINE#         290
  C:2C33H         LINE#         291
  C:2C33H         LINE#         292
  C:2C33H         LINE#         293
  C:2C33H         LINE#         294
  C:2C35H         LINE#         296
  C:2C35H         LINE#         297
  C:2C41H         LINE#         298
  C:2C41H         LINE#         299
  C:2C52H         LINE#         300
  C:2C52H         LINE#         301
  C:2C52H         LINE#         302
  C:2C52H         LINE#         303
  C:2C52H         LINE#         305
  C:2C54H         LINE#         307
  C:2C54H         LINE#         308
  C:2C65H         LINE#         309
  C:2C65H         LINE#         310
  C:2C65H         LINE#         311
  C:2C65H         LINE#         312
  C:2C65H         LINE#         314
  C:2C65H         LINE#         316
  C:2C65H         LINE#         317
  C:2C67H         LINE#         319
  C:2C67H         LINE#         320
  C:2C7AH         LINE#         321
  C:2C7AH         LINE#         322
  C:2C8BH         LINE#         323
BL51 BANKED LINKER/LOCATER V6.22                                                      11/01/2018  11:51:32  PAGE 28


  C:2C8BH         LINE#         324
  C:2C8BH         LINE#         325
  C:2C8BH         LINE#         326
  C:2C8BH         LINE#         327
  C:2C8DH         LINE#         329
  C:2C8DH         LINE#         330
  C:2C9EH         LINE#         331
  C:2C9EH         LINE#         332
  C:2CAFH         LINE#         333
  C:2CC0H         LINE#         334
  C:2CC0H         LINE#         335
  C:2CC0H         LINE#         336
  C:2CC0H         LINE#         337
  C:2CC0H         LINE#         338
  C:2CC3H         LINE#         339
  C:2CC8H         LINE#         340
  C:2CCDH         LINE#         341
  C:2CD2H         LINE#         342
  C:2CD7H         LINE#         343
  C:2CDCH         LINE#         344
  C:2CE1H         LINE#         345
  C:2CE6H         LINE#         346
  C:2CE6H         LINE#         348
  C:2D08H         LINE#         349
  C:2D08H         LINE#         350
  C:2D12H         LINE#         351
  C:2D12H         LINE#         352
  C:2D17H         LINE#         353
  C:2D20H         LINE#         354
  C:2D37H         LINE#         355
  C:2D37H         LINE#         356
  C:2D47H         LINE#         358
  C:2D47H         LINE#         362
  -------         ENDPROC       KEY_PROCESS
  -------         PROC          KEYPAD_IO_INIT
  C:4721H         LINE#         365
  C:4721H         LINE#         366
  C:4721H         LINE#         367
  C:4724H         LINE#         368
  C:4727H         LINE#         369
  C:472AH         LINE#         370
  C:472CH         LINE#         371
  -------         ENDPROC       KEYPAD_IO_INIT
  -------         ENDMOD        KEYPAD

  -------         MODULE        VCNL4035
  C:0000H         SYMBOL        _ICE_DUMMY_
  D:0080H         PUBLIC        P0
  B:00B0H.2       PUBLIC        I2C_SCK
  D:00B2H         PUBLIC        P3M0
  D:0090H         PUBLIC        P1
  D:00B1H         PUBLIC        P3M1
  D:00A0H         PUBLIC        P2
  D:00B0H         PUBLIC        P3
  D:00C0H         PUBLIC        P4
  D:00C8H         PUBLIC        P5
  D:00E8H         PUBLIC        P6
BL51 BANKED LINKER/LOCATER V6.22                                                      11/01/2018  11:51:32  PAGE 29


  D:00F8H         PUBLIC        P7
  D:00A8H         PUBLIC        IE
  C:475CH         PUBLIC        _DisplayLCD_VCNL4035
  D:00B8H         PUBLIC        IP
  D:00D8H         PUBLIC        CCON
  C:46A0H         PUBLIC        I2C_Start
  D:0098H         PUBLIC        SCON
  C:4637H         PUBLIC        I2C_Init
  D:0088H         PUBLIC        TCON
  C:46F6H         PUBLIC        uC_NACK
  C:44D5H         PUBLIC        _Wait_ms_i2c
  C:4517H         PUBLIC        _I2C_SendByte
  C:464EH         PUBLIC        I2C_Stop
  C:42CBH         PUBLIC        _Write_VCNL4035X
  C:476CH         PUBLIC        nop
  C:3DC0H         PUBLIC        _Read_VCNL4035
  C:4756H         PUBLIC        uC_ACK
  C:45D7H         PUBLIC        I2C_ACK
  C:4597H         PUBLIC        _Wait_ms_iic
  B:00B0H.1       PUBLIC        I2C_SDA
  D:00D0H         PUBLIC        PSW
  C:44A2H         PUBLIC        I2C_ReceiveByte
  -------         PROC          _WAIT_MS_IIC
  D:0006H         SYMBOL        ms
  -------         DO            
  D:0004H         SYMBOL        De_Cnt
  -------         ENDDO         
  C:4597H         LINE#         5
  C:4597H         LINE#         6
  C:4597H         LINE#         8
  C:45A1H         LINE#         9
  C:45A1H         LINE#         10
  C:45B4H         LINE#         11
  C:45B4H         LINE#         12
  -------         ENDPROC       _WAIT_MS_IIC
  C:44CFH         SYMBOL        L?0048
  C:44D1H         SYMBOL        L?0049
  -------         PROC          L?0047
  -------         ENDPROC       L?0047
  C:44CFH         SYMBOL        L?0048
  C:44D1H         SYMBOL        L?0049
  -------         PROC          _WAIT_MS_I2C
  D:0006H         SYMBOL        ms
  -------         DO            
  D:0004H         SYMBOL        De_Cnt
  -------         ENDDO         
  C:44D5H         LINE#         14
  C:44D5H         LINE#         15
  C:44D5H         LINE#         17
  C:44DFH         LINE#         18
  C:44DFH         LINE#         19
  C:44F2H         LINE#         20
  C:44F2H         LINE#         21
  -------         ENDPROC       _WAIT_MS_I2C
  -------         PROC          NOP
  C:476CH         LINE#         22
  C:476CH         LINE#         23
BL51 BANKED LINKER/LOCATER V6.22                                                      11/01/2018  11:51:32  PAGE 30


  C:476CH         LINE#         25
  -------         ENDPROC       NOP
  -------         PROC          I2C_START
  C:46A0H         LINE#         26
  C:46A0H         LINE#         27
  C:46A0H         LINE#         29
  C:46A2H         LINE#         30
  C:46A4H         LINE#         31
  C:46ABH         LINE#         32
  C:46ADH         LINE#         33
  C:46B0H         LINE#         34
  C:46B2H         LINE#         37
  -------         ENDPROC       I2C_START
  -------         PROC          I2C_STOP
  C:464EH         LINE#         39
  C:464EH         LINE#         40
  C:464EH         LINE#         41
  C:4650H         LINE#         42
  C:4652H         LINE#         43
  C:4655H         LINE#         44
  C:4657H         LINE#         45
  C:4659H         LINE#         46
  C:4660H         LINE#         47
  C:4662H         LINE#         50
  -------         ENDPROC       I2C_STOP
  -------         PROC          L?0050
  -------         ENDPROC       L?0050
  -------         PROC          I2C_ACK
  -------         DO            
  X:03D5H         SYMBOL        i
  D:0003H         SYMBOL        dat
  -------         ENDDO         
  C:45D7H         LINE#         52
  C:45D7H         LINE#         53
  C:45D7H         LINE#         55
  C:45D8H         LINE#         60
  C:45DBH         LINE#         61
  C:45DDH         LINE#         62
  C:45E0H         LINE#         64
  C:45E3H         LINE#         65
  C:45E3H         LINE#         66
  C:45E7H         LINE#         67
  C:45E7H         LINE#         70
  C:45E7H         LINE#         71
  C:45EAH         LINE#         72
  C:45EAH         LINE#         73
  C:45ECH         LINE#         74
  -------         ENDPROC       I2C_ACK
  -------         PROC          UC_ACK
  -------         DO            
  X:069DH         SYMBOL        i
  -------         ENDDO         
  C:4756H         LINE#         75
  C:4756H         LINE#         76
  C:4756H         LINE#         78
  C:4756H         LINE#         85
  C:4756H         LINE#         87
BL51 BANKED LINKER/LOCATER V6.22                                                      11/01/2018  11:51:32  PAGE 31


  C:4756H         LINE#         89
  C:4756H         LINE#         90
  C:4756H         LINE#         93
  C:4759H         LINE#         94
  C:475BH         LINE#         95
  C:475BH         LINE#         99
  -------         ENDPROC       UC_ACK
  -------         PROC          UC_NACK
  -------         DO            
  X:069EH         SYMBOL        i
  -------         ENDDO         
  C:46F6H         LINE#         101
  C:46F6H         LINE#         102
  C:46F6H         LINE#         104
  C:46F6H         LINE#         108
  C:46F8H         LINE#         111
  C:46F8H         LINE#         112
  C:46FAH         LINE#         113
  C:46FAH         LINE#         115
  C:46FAH         LINE#         116
  C:46FAH         LINE#         119
  C:46FDH         LINE#         120
  C:46FFH         LINE#         121
  C:4702H         LINE#         122
  C:4704H         LINE#         123
  C:4704H         LINE#         127
  -------         ENDPROC       UC_NACK
  -------         PROC          I2C_INIT
  C:4637H         LINE#         129
  C:4637H         LINE#         130
  C:4637H         LINE#         133
  C:463AH         LINE#         134
  C:463DH         LINE#         139
  C:4645H         LINE#         141
  -------         ENDPROC       I2C_INIT
  -------         PROC          _I2C_SENDBYTE
  D:0001H         SYMBOL        dat
  -------         DO            
  D:0003H         SYMBOL        i
  -------         ENDDO         
  C:4517H         LINE#         145
  C:4519H         LINE#         146
  C:4519H         LINE#         149
  C:451BH         LINE#         150
  C:451BH         LINE#         151
  C:451DH         LINE#         153
  C:4521H         LINE#         154
  C:4521H         LINE#         155
  C:4523H         LINE#         156
  C:4525H         LINE#         158
  C:4525H         LINE#         159
  C:4527H         LINE#         160
  C:4527H         LINE#         161
  C:452AH         LINE#         162
  C:452CH         LINE#         164
  C:4530H         LINE#         165
  C:4533H         LINE#         166
BL51 BANKED LINKER/LOCATER V6.22                                                      11/01/2018  11:51:32  PAGE 32


  C:4538H         LINE#         167
  -------         ENDPROC       _I2C_SENDBYTE
  -------         PROC          L?0051
  -------         ENDPROC       L?0051
  -------         PROC          I2C_RECEIVEBYTE
  -------         DO            
  D:0003H         SYMBOL        i
  D:0001H         SYMBOL        dat
  -------         ENDDO         
  C:44A2H         LINE#         171
  C:44A2H         LINE#         172
  C:44A2H         LINE#         174
  C:44A4H         LINE#         178
  C:44A5H         LINE#         179
  C:44A5H         LINE#         180
  C:44A9H         LINE#         181
  C:44ABH         LINE#         182
  C:44AEH         LINE#         184
  C:44B1H         LINE#         185
  C:44B1H         LINE#         186
  C:44B5H         LINE#         187
  C:44B5H         LINE#         188
  C:44B5H         LINE#         189
  C:44B8H         LINE#         190
  C:44BCH         LINE#         191
  C:44BCH         LINE#         192
  C:44BEH         LINE#         193
  C:44C0H         LINE#         194
  C:44C0H         LINE#         196
  C:44C5H         LINE#         197
  C:44C7H         LINE#         198
  -------         ENDPROC       I2C_RECEIVEBYTE
  -------         PROC          _WRITE_VCNL4035X
  X:03D2H         SYMBOL        command_code
  X:03D3H         SYMBOL        dat_h
  X:03D4H         SYMBOL        dat_l
  C:42CBH         LINE#         199
  C:42D6H         LINE#         200
  C:42D6H         LINE#         201
  C:42D9H         LINE#         202
  C:42E0H         LINE#         203
  C:42E0H         LINE#         204
  C:42E6H         LINE#         205
  C:42E6H         LINE#         206
  C:42EEH         LINE#         207
  C:42EEH         LINE#         208
  C:42F4H         LINE#         209
  C:42FCH         LINE#         211
  C:4302H         LINE#         212
  C:430AH         LINE#         214
  C:4310H         LINE#         215
  C:4313H         LINE#         216
  -------         ENDPROC       _WRITE_VCNL4035X
  -------         PROC          _READ_VCNL4035
  X:0689H         SYMBOL        command_code
  -------         DO            
  X:068BH         SYMBOL        temp_dat
BL51 BANKED LINKER/LOCATER V6.22                                                      11/01/2018  11:51:32  PAGE 33


  X:068DH         SYMBOL        temp_dat_l
  X:068FH         SYMBOL        temp_dat_h
  -------         ENDDO         
  C:3DC0H         LINE#         218
  C:3DC8H         LINE#         219
  C:3DC8H         LINE#         220
  C:3DD5H         LINE#         222
  C:3DD8H         LINE#         223
  C:3DDBH         LINE#         224
  C:3DE0H         LINE#         226
  C:3DE6H         LINE#         227
  C:3DE6H         LINE#         228
  C:3DE6H         LINE#         229
  C:3DE6H         LINE#         230
  C:3DF1H         LINE#         231
  C:3DF4H         LINE#         232
  C:3DF7H         LINE#         233
  C:3DF7H         LINE#         236
  C:3DFAH         LINE#         238
  C:3E01H         LINE#         239
  C:3E01H         LINE#         240
  C:3E01H         LINE#         241
  C:3E0CH         LINE#         242
  C:3E0FH         LINE#         243
  C:3E12H         LINE#         244
  C:3E15H         LINE#         245
  C:3E18H         LINE#         246
  C:3E1BH         LINE#         247
  C:3E1EH         LINE#         248
  C:3E21H         LINE#         249
  C:3E24H         LINE#         250
  C:3E24H         LINE#         251
  C:3E2AH         LINE#         252
  C:3E2AH         LINE#         253
  C:3E33H         LINE#         255
  C:3E33H         LINE#         256
  C:3E39H         LINE#         257
  C:3E39H         LINE#         259
  C:3E3BH         LINE#         260
  C:3E41H         LINE#         261
  C:3E44H         LINE#         262
  C:3E4BH         LINE#         263
  C:3E4BH         LINE#         264
  C:3E59H         LINE#         265
  -------         ENDPROC       _READ_VCNL4035
  -------         PROC          _DISPLAYLCD_VCNL4035
  X:069FH         SYMBOL        dat
  C:475CH         LINE#         267
  C:4761H         LINE#         268
  C:4761H         LINE#         270
  -------         ENDPROC       _DISPLAYLCD_VCNL4035
  -------         ENDMOD        VCNL4035

  -------         MODULE        BIPOLARMOTOR
  C:0000H         SYMBOL        _ICE_DUMMY_
  D:0080H         PUBLIC        P0
  D:0090H         PUBLIC        P1
BL51 BANKED LINKER/LOCATER V6.22                                                      11/01/2018  11:51:32  PAGE 34


  D:00A0H         PUBLIC        P2
  D:00B0H         PUBLIC        P3
  D:00C0H         PUBLIC        P4
  D:00C8H         PUBLIC        P5
  D:00E8H         PUBLIC        P6
  D:00F8H         PUBLIC        P7
  D:00A8H         PUBLIC        IE
  C:384EH         PUBLIC        linear_interpolate
  C:4663H         PUBLIC        _Move_2ndMotor
  X:0000H         PUBLIC        RX_angle
  C:4407H         PUBLIC        _Move
  D:00B8H         PUBLIC        IP
  C:3155H         PUBLIC        _findDet3x3
  C:27D6H         PUBLIC        _findDet4x4
  D:00D8H         PUBLIC        CCON
  X:01B8H         PUBLIC        previous_move_time
  C:4228H         PUBLIC        _Step_move_2ndMotor
  D:0098H         PUBLIC        SCON
  D:0088H         PUBLIC        TCON
  C:41CFH         PUBLIC        _Step_move
  C:0026H         PUBLIC        _Update_position
  X:01B9H         PUBLIC        date_azimuth_mapping_symmetry_side
  X:01CDH         PUBLIC        elevation_stamp
  X:01F9H         PUBLIC        date_azimuth_mapping
  X:020DH         PUBLIC        RX_pos
  C:45F7H         PUBLIC        _BCDtoDec1
  X:03C5H         PUBLIC        degree
  D:00D0H         PUBLIC        PSW
  C:45EDH         SYMBOL        L?0104
  C:45F0H         SYMBOL        L?0105
  -------         PROC          L?0103
  -------         ENDPROC       L?0103
  C:45EDH         SYMBOL        L?0104
  C:45F0H         SYMBOL        L?0105
  -------         PROC          _BCDTODEC1
  D:0007H         SYMBOL        bcd
  -------         DO            
  D:0006H         SYMBOL        hi
  D:0007H         SYMBOL        lo
  -------         ENDDO         
  C:45F7H         LINE#         23
  C:45F7H         LINE#         24
  C:45F7H         LINE#         26
  C:45FCH         LINE#         27
  C:4600H         LINE#         28
  C:4607H         LINE#         29
  -------         ENDPROC       _BCDTODEC1
  -------         PROC          _STEP_MOVE
  X:04A8H         SYMBOL        step
  B:0021H.0       SYMBOL        dir
  -------         DO            
  X:04AAH         SYMBOL        i
  -------         ENDDO         
  C:41CFH         LINE#         35
  C:41D7H         LINE#         36
  C:41D7H         LINE#         37
  C:41DCH         LINE#         38
BL51 BANKED LINKER/LOCATER V6.22                                                      11/01/2018  11:51:32  PAGE 35


  C:41DFH         LINE#         39
  C:41E4H         LINE#         41
  C:41E7H         LINE#         43
  C:4203H         LINE#         44
  C:4203H         LINE#         45
  C:4206H         LINE#         46
  C:420DH         LINE#         47
  C:4210H         LINE#         48
  C:4217H         LINE#         49
  C:4227H         LINE#         50
  -------         ENDPROC       _STEP_MOVE
  -------         PROC          _STEP_MOVE_2NDMOTOR
[...]
  C:1DFCH         LINE#         96
  C:1E29H         LINE#         98
  C:1E4BH         LINE#         100
  C:1E83H         LINE#         103
  C:1E83H         LINE#         104
  C:1E91H         LINE#         105
  -------         ENDPROC       SUNPOS
  -------         ENDMOD        SUNPOS

  -------         MODULE        ADC
  C:0000H         SYMBOL        _ICE_DUMMY_
  D:0092H         PUBLIC        P1M0
  D:0091H         PUBLIC        P1M1
  D:0080H         PUBLIC        P0
  D:0090H         PUBLIC        P1
  D:00A0H         PUBLIC        P2
  D:00B0H         PUBLIC        P3
  D:00C0H         PUBLIC        P4
  D:00C8H         PUBLIC        P5
  D:00E8H         PUBLIC        P6
  D:00F8H         PUBLIC        P7
  D:00A8H         PUBLIC        IE
  D:00BDH         PUBLIC        ADC_RES
BL51 BANKED LINKER/LOCATER V6.22                                                      11/01/2018  11:51:32  PAGE 42


  D:00B8H         PUBLIC        IP
  D:00D8H         PUBLIC        CCON
  D:00BCH         PUBLIC        ADC_CONTR
  D:0098H         PUBLIC        SCON
  D:0088H         PUBLIC        TCON
  C:46E6H         PUBLIC        ADC_Init
  C:446EH         PUBLIC        _ADC_GetResult
  D:009DH         PUBLIC        P1ASF
  D:00BEH         PUBLIC        ADC_RESL
  D:00D0H         PUBLIC        PSW
  -------         PROC          ADC_INIT
  C:46E6H         LINE#         5
  C:46E6H         LINE#         6
  C:46E6H         LINE#         8
  C:46E9H         LINE#         9
  C:46ECH         LINE#         11
  C:46EFH         LINE#         13
  C:46F2H         LINE#         15
  C:46F5H         LINE#         17
  -------         ENDPROC       ADC_INIT
  -------         PROC          _ADC_GETRESULT
  D:0007H         SYMBOL        ch
  -------         DO            
  D:0006H         SYMBOL        ADC_Value
  -------         ENDDO         
  C:446EH         LINE#         20
  C:446EH         LINE#         21
  C:446EH         LINE#         23
  C:4473H         LINE#         24
  C:4474H         LINE#         25
  C:4475H         LINE#         26
  C:4476H         LINE#         27
  C:4477H         LINE#         28
  C:447CH         LINE#         29
  C:447FH         LINE#         30
  C:4483H         LINE#         31
  C:4493H         LINE#         32
  C:4494H         LINE#         33
  C:4495H         LINE#         34
  C:4496H         LINE#         35
  C:4497H         LINE#         36
  C:4498H         LINE#         37
  C:4499H         LINE#         38
  C:449AH         LINE#         39
  C:449BH         LINE#         40
  C:449BH         LINE#         41
  -------         ENDPROC       _ADC_GETRESULT
  -------         ENDMOD        ADC

  -------         MODULE        CALIBRATION
  C:0000H         SYMBOL        _ICE_DUMMY_
  D:0080H         PUBLIC        P0
  D:0090H         PUBLIC        P1
  D:00A0H         PUBLIC        P2
  D:00B0H         PUBLIC        P3
  D:00C0H         PUBLIC        P4
  D:00C8H         PUBLIC        P5
BL51 BANKED LINKER/LOCATER V6.22                                                      11/01/2018  11:51:32  PAGE 43


  D:00E8H         PUBLIC        P6
  D:00F8H         PUBLIC        P7
  C:3EEFH         PUBLIC        _Max_Value
  D:00A8H         PUBLIC        IE
  C:3AEBH         PUBLIC        _calibration
  C:3BBCH         PUBLIC        voltage_is_stable
  D:00B8H         PUBLIC        IP
  D:00D8H         PUBLIC        CCON
  D:0098H         PUBLIC        SCON
  D:0088H         PUBLIC        TCON
  C:2D48H         PUBLIC        _Find_Real_Max
  D:00D0H         PUBLIC        PSW
  -------         PROC          VOLTAGE_IS_STABLE
  -------         DO            
  X:03E2H         SYMBOL        sample_voltage
  X:03F6H         SYMBOL        i
  X:03F8H         SYMBOL        ch
  -------         ENDDO         
  C:3BBCH         LINE#         17
  C:3BBCH         LINE#         18
  C:3BBCH         LINE#         20
  C:3BC3H         LINE#         21
  C:3BC9H         LINE#         22
  C:3BC9H         LINE#         23
  C:3BF2H         LINE#         24
  C:3C11H         LINE#         26
  C:3C2BH         LINE#         27
  C:3C2BH         LINE#         28
  C:3C5EH         LINE#         29
  C:3C62H         LINE#         30
  C:3C72H         LINE#         31
  C:3C76H         LINE#         32
  -------         ENDPROC       VOLTAGE_IS_STABLE
  -------         PROC          _FIND_REAL_MAX
  X:03E2H         SYMBOL        current_position
  -------         DO            
  X:03E5H         SYMBOL        ch
  X:03E6H         SYMBOL        calib_step_move
  X:03EAH         SYMBOL        voltage_at_scanned_pos
  X:043AH         SYMBOL        max_location
  X:043CH         SYMBOL        i
  -------         ENDDO         
  C:2D48H         LINE#         33
  C:2D53H         LINE#         34
  C:2D53H         LINE#         35
  C:2D56H         LINE#         36
  C:2D5EH         LINE#         40
  C:2D66H         LINE#         41
  C:2D66H         LINE#         42
  C:2D79H         LINE#         43
  C:2D9FH         LINE#         44
  C:2DC7H         LINE#         45
  C:2DCEH         LINE#         46
  C:2DF0H         LINE#         48
  C:2DFDH         LINE#         49
  C:2E24H         LINE#         50
  C:2E2BH         LINE#         52
BL51 BANKED LINKER/LOCATER V6.22                                                      11/01/2018  11:51:32  PAGE 44


  C:2E33H         LINE#         53
  C:2E33H         LINE#         55
  C:2E46H         LINE#         56
  C:2E6CH         LINE#         57
  C:2E94H         LINE#         58
  C:2E9BH         LINE#         59
  C:2EBDH         LINE#         61
  C:2ECEH         LINE#         63
  C:2EEBH         LINE#         64
  C:2F40H         LINE#         65
  -------         ENDPROC       _FIND_REAL_MAX
  -------         PROC          _MAX_VALUE
  D:0001H         SYMBOL        input
  -------         DO            
  D:0004H         SYMBOL        max
  X:043EH         SYMBOL        max_location
  X:0440H         SYMBOL        i
  -------         ENDDO         
  C:3EEFH         LINE#         70
  C:3EEFH         LINE#         71
  C:3EEFH         LINE#         72
  C:3EF6H         LINE#         74
  C:3F0AH         LINE#         75
  C:3F0AH         LINE#         76
  C:3F40H         LINE#         77
  C:3F5AH         LINE#         78
  C:3F69H         LINE#         79
  C:3F79H         LINE#         80
  C:3F81H         LINE#         82
  -------         ENDPROC       _MAX_VALUE
  -------         PROC          _CALIBRATION
  X:03D2H         SYMBOL        mnths
  X:03D3H         SYMBOL        dys
  X:03D4H         SYMBOL        hurs
  X:03D5H         SYMBOL        mns
  X:03D6H         SYMBOL        sconds
  X:03D7H         SYMBOL        currnt_pos
  -------         DO            
  X:03DAH         SYMBOL        calib_value
  X:03DEH         SYMBOL        JP_max_pos
  -------         ENDDO         
  C:3AEBH         LINE#         84
  C:3AF6H         LINE#         87
  C:3AF6H         LINE#         88
  C:3B00H         LINE#         89
  C:3B14H         LINE#         91
  C:3B1EH         LINE#         92
  C:3B1EH         LINE#         94
  C:3B5DH         LINE#         96
  C:3B66H         LINE#         97
  C:3B8BH         LINE#         98
  C:3BA7H         LINE#         99
  C:3BB6H         LINE#         100
  C:3BB6H         LINE#         102
  C:3BBBH         LINE#         103
  -------         ENDPROC       _CALIBRATION
  -------         ENDMOD        CALIBRATION
BL51 BANKED LINKER/LOCATER V6.22                                                      11/01/2018  11:51:32  PAGE 45



  -------         MODULE        ?C_STARTUP
  C:3F82H         SEGMENT       ?C_C51STARTUP
  I:0022H         SEGMENT       ?STACK
  C:0000H         PUBLIC        ?C_STARTUP
  D:00E0H         SYMBOL        ACC
  D:00F0H         SYMBOL        B
  D:0083H         SYMBOL        DPH
  D:0082H         SYMBOL        DPL
  N:0000H         SYMBOL        IBPSTACK
  N:0100H         SYMBOL        IBPSTACKTOP
  N:0080H         SYMBOL        IDATALEN
  C:3F85H         SYMBOL        IDATALOOP
  N:0000H         SYMBOL        PBPSTACK
  N:0100H         SYMBOL        PBPSTACKTOP
  N:0000H         SYMBOL        PDATALEN
  N:0000H         SYMBOL        PDATASTART
  N:0000H         SYMBOL        PPAGE
  N:0000H         SYMBOL        PPAGEENABLE
  D:00A0H         SYMBOL        PPAGE_SFR
  D:0081H         SYMBOL        SP
  C:3F82H         SYMBOL        STARTUP1
  N:0000H         SYMBOL        XBPSTACK
  N:0000H         SYMBOL        XBPSTACKTOP
  N:0000H         SYMBOL        XDATALEN
  N:0000H         SYMBOL        XDATASTART
  C:0000H         LINE#         126
  C:3F82H         LINE#         133
  C:3F84H         LINE#         134
  C:3F85H         LINE#         135
  C:3F86H         LINE#         136
  C:3F88H         LINE#         185
  C:3F8BH         LINE#         196
  -------         ENDMOD        ?C_STARTUP

  -------         MODULE        ?C?FPADD
  C:0DFDH         PUBLIC        ?C?FPADD
  C:0DF9H         PUBLIC        ?C?FPSUB
  -------         ENDMOD        ?C?FPADD

  -------         MODULE        ?C?FPMUL
  C:0EEEH         PUBLIC        ?C?FPMUL
  -------         ENDMOD        ?C?FPMUL

  -------         MODULE        ?C?FPDIV
  C:0FF7H         PUBLIC        ?C?FPDIV
  -------         ENDMOD        ?C?FPDIV

  -------         MODULE        ?C?FPCMP
  C:1096H         PUBLIC        ?C?FPCMP
  C:1094H         PUBLIC        ?C?FPCMP3
  -------         ENDMOD        ?C?FPCMP

  -------         MODULE        ?C?FPNEG
  C:110DH         PUBLIC        ?C?FPNEG
  -------         ENDMOD        ?C?FPNEG

BL51 BANKED LINKER/LOCATER V6.22                                                      11/01/2018  11:51:32  PAGE 46


  -------         MODULE        ?C?FCAST
  C:1128H         PUBLIC        ?C?FCASTC
  C:1123H         PUBLIC        ?C?FCASTI
  C:111EH         PUBLIC        ?C?FCASTL
  -------         ENDMOD        ?C?FCAST

  -------         MODULE        ?C?CASTF
  C:115CH         PUBLIC        ?C?CASTF
  -------         ENDMOD        ?C?CASTF

  -------         MODULE        ATAN2
  X:0501H         PUBLIC        ?_atan2?BYTE
  C:3D23H         PUBLIC        _atan2
  -------         ENDMOD        ATAN2

  -------         MODULE        SIN
  C:3669H         PUBLIC        _COS
  C:367FH         PUBLIC        _SIN
  C:36BBH         PUBLIC        _TAN
  -------         ENDMOD        SIN

  -------         MODULE        ACOS
  C:4281H         PUBLIC        _ACOS
  -------         ENDMOD        ACOS

  -------         MODULE        ASIN
  C:4398H         PUBLIC        _ASIN
  -------         ENDMOD        ASIN

  -------         MODULE        SQRT
  C:3C7BH         PUBLIC        _SQRT
  -------         ENDMOD        SQRT

  -------         MODULE        ATAN
  C:390EH         PUBLIC        _ATAN
  -------         ENDMOD        ATAN

  -------         MODULE        ?C?COPY
  C:12FAH         PUBLIC        ?C?COPY
  -------         ENDMOD        ?C?COPY

  -------         MODULE        ?C?CLDPTR
  C:1320H         PUBLIC        ?C?CLDPTR
  -------         ENDMOD        ?C?CLDPTR

  -------         MODULE        ?C?CSTPTR
  C:1339H         PUBLIC        ?C?CSTPTR
  -------         ENDMOD        ?C?CSTPTR

  -------         MODULE        ?C?IMUL
  C:134BH         PUBLIC        ?C?IMUL
  -------         ENDMOD        ?C?IMUL

  -------         MODULE        ?C?UIDIV
  C:135DH         PUBLIC        ?C?UIDIV
  -------         ENDMOD        ?C?UIDIV

BL51 BANKED LINKER/LOCATER V6.22                                                      11/01/2018  11:51:32  PAGE 47


  -------         MODULE        ?C?SIDIV
  C:13B2H         PUBLIC        ?C?SIDIV
  -------         ENDMOD        ?C?SIDIV

  -------         MODULE        ?C?ILDIX
  C:13E8H         PUBLIC        ?C?ILDIX
  -------         ENDMOD        ?C?ILDIX

  -------         MODULE        ?C?ILDOPTR
  C:13FEH         PUBLIC        ?C?ILDOPTR
  -------         ENDMOD        ?C?ILDOPTR

  -------         MODULE        ?C?LMUL
  C:1436H         PUBLIC        ?C?LMUL
  -------         ENDMOD        ?C?LMUL

  -------         MODULE        ?C?SLDIV
  C:4314H         PUBLIC        ?C?SLDIV
  -------         ENDMOD        ?C?SLDIV

  -------         MODULE        ?C?LNEG
  C:1485H         PUBLIC        ?C?LNEG
  -------         ENDMOD        ?C?LNEG

  -------         MODULE        ?C?LLDPTR
  C:1493H         PUBLIC        ?C?LLDPTR
  -------         ENDMOD        ?C?LLDPTR

  -------         MODULE        ?C?LLDOPTR
  C:14B3H         PUBLIC        ?C?LLDOPTR
  -------         ENDMOD        ?C?LLDOPTR

  -------         MODULE        ?C?LSTPTR
  C:14E3H         PUBLIC        ?C?LSTPTR
  -------         ENDMOD        ?C?LSTPTR

  -------         MODULE        ?C?LSTOPTR
  C:14FDH         PUBLIC        ?C?LSTOPTR
  -------         ENDMOD        ?C?LSTOPTR

  -------         MODULE        ?C?LLDXDATA
  C:1521H         PUBLIC        ?C?LLDXDATA
  -------         ENDMOD        ?C?LLDXDATA

  -------         MODULE        ?C?LLDCODE
  C:152DH         PUBLIC        ?C?LLDCODE
  -------         ENDMOD        ?C?LLDCODE

  -------         MODULE        ?C?LLDXDATA0
  C:153DH         PUBLIC        ?C?LLDXDATA0
  -------         ENDMOD        ?C?LLDXDATA0

  -------         MODULE        ?C?LLDCODE0
  C:1549H         PUBLIC        ?C?LLDCODE0
  -------         ENDMOD        ?C?LLDCODE0

  -------         MODULE        ?C?LLDPTR0
BL51 BANKED LINKER/LOCATER V6.22                                                      11/01/2018  11:51:32  PAGE 48


  C:1559H         PUBLIC        ?C?LLDPTR0
  -------         ENDMOD        ?C?LLDPTR0

  -------         MODULE        ?C?LSTXDATA
  C:1579H         PUBLIC        ?C?LSTXDATA
  -------         ENDMOD        ?C?LSTXDATA

  -------         MODULE        ?C?LSTKXDATA
  C:1585H         PUBLIC        ?C?LSTKXDATA
  -------         ENDMOD        ?C?LSTKXDATA

  -------         MODULE        ?C?OFFXADD
  C:15B6H         PUBLIC        ?C?OFFXADD
  -------         ENDMOD        ?C?OFFXADD

  -------         MODULE        ABS
  C:472DH         PUBLIC        _ABS
  -------         ENDMOD        ABS

  -------         MODULE        ATOI
  C:3A10H         PUBLIC        _atoi
  -------         ENDMOD        ATOI

  -------         MODULE        ?C?IILDX
  C:15C2H         PUBLIC        ?C?IILDX
  -------         ENDMOD        ?C?IILDX

  -------         MODULE        ?C?ULDIV
  C:1614H         PUBLIC        ?C?ULDIV
  -------         ENDMOD        ?C?ULDIV

  -------         MODULE        ?C?LLDIDATA
  C:16A6H         PUBLIC        ?C?LLDIDATA
  -------         ENDMOD        ?C?LLDIDATA

  -------         MODULE        ?C?LLDPDATA
  C:16B2H         PUBLIC        ?C?LLDPDATA
  -------         ENDMOD        ?C?LLDPDATA

  -------         MODULE        ?C?LLDIDATA0
  C:16BEH         PUBLIC        ?C?LLDIDATA0
  -------         ENDMOD        ?C?LLDIDATA0

  -------         MODULE        ?C?LLDPDATA0
  C:16CBH         PUBLIC        ?C?LLDPDATA0
  -------         ENDMOD        ?C?LLDPDATA0

  -------         MODULE        ?C?LSTIDATA
  C:16D8H         PUBLIC        ?C?LSTIDATA
  -------         ENDMOD        ?C?LSTIDATA

  -------         MODULE        ?C?LSTPDATA
  C:16E4H         PUBLIC        ?C?LSTPDATA
  -------         ENDMOD        ?C?LSTPDATA

  -------         MODULE        ISDIGIT
  C:4705H         PUBLIC        _isdigit
BL51 BANKED LINKER/LOCATER V6.22                                                      11/01/2018  11:51:32  PAGE 49


  -------         ENDMOD        ISDIGIT

  -------         MODULE        ISSPACE
  C:468CH         PUBLIC        _isspace
  -------         ENDMOD        ISSPACE

*** WARNING L16: UNCALLED SEGMENT, IGNORED FOR OVERLAY PROCESS
    SEGMENT: ?PR?_CALIB_INTERPOLATE?MAIN

*** WARNING L16: UNCALLED SEGMENT, IGNORED FOR OVERLAY PROCESS
    SEGMENT: ?PR?_DISPLAY_PROX?MAIN

*** WARNING L16: UNCALLED SEGMENT, IGNORED FOR OVERLAY PROCESS
    SEGMENT: ?PR?INITUART1?UART1

*** WARNING L16: UNCALLED SEGMENT, IGNORED FOR OVERLAY PROCESS
    SEGMENT: ?PR?_SENDSTRING?UART1

*** WARNING L16: UNCALLED SEGMENT, IGNORED FOR OVERLAY PROCESS
    SEGMENT: ?PR?_TEN?UART1

*** WARNING L16: UNCALLED SEGMENT, IGNORED FOR OVERLAY PROCESS
    SEGMENT: ?PR?_UNIT?UART1

*** WARNING L16: UNCALLED SEGMENT, IGNORED FOR OVERLAY PROCESS
    SEGMENT: ?PR?_DECTOBCD?UART1

*** WARNING L16: UNCALLED SEGMENT, IGNORED FOR OVERLAY PROCESS
    SEGMENT: ?PR?_ASCII_LETTER?UART1

*** WARNING L16: UNCALLED SEGMENT, IGNORED FOR OVERLAY PROCESS
    SEGMENT: ?PR?_ASCIITOBCD?UART1

*** WARNING L16: UNCALLED SEGMENT, IGNORED FOR OVERLAY PROCESS
    SEGMENT: ?PR?NOP?VCNL4035

*** WARNING L16: UNCALLED SEGMENT, IGNORED FOR OVERLAY PROCESS
    SEGMENT: ?PR?_READ_VCNL4035?VCNL4035

*** WARNING L16: UNCALLED SEGMENT, IGNORED FOR OVERLAY PROCESS
    SEGMENT: ?PR?_DISPLAYLCD_VCNL4035?VCNL4035

*** WARNING L16: UNCALLED SEGMENT, IGNORED FOR OVERLAY PROCESS
    SEGMENT: ?PR?_FINDDET4X4?BIPOLARMOTOR

*** WARNING L1: UNRESOLVED EXTERNAL SYMBOL
    SYMBOL:  CALIB_MODE
    MODULE:  .\Obj\main.obj (MAIN)

*** WARNING L1: UNRESOLVED EXTERNAL SYMBOL
    SYMBOL:  DIRECTION_ROTATION
    MODULE:  .\Obj\main.obj (MAIN)

*** WARNING L1: UNRESOLVED EXTERNAL SYMBOL
    SYMBOL:  AUTO_MODE
    MODULE:  .\Obj\main.obj (MAIN)

BL51 BANKED LINKER/LOCATER V6.22                                                      11/01/2018  11:51:32  PAGE 50


*** WARNING L2: REFERENCE MADE TO UNRESOLVED EXTERNAL
    SYMBOL:  AUTO_MODE
    MODULE:  .\Obj\main.obj (MAIN)
    ADDRESS: 1EA6H

*** WARNING L2: REFERENCE MADE TO UNRESOLVED EXTERNAL
    SYMBOL:  AUTO_MODE
    MODULE:  .\Obj\main.obj (MAIN)
    ADDRESS: 1EFFH

*** WARNING L2: REFERENCE MADE TO UNRESOLVED EXTERNAL
    SYMBOL:  AUTO_MODE
    MODULE:  .\Obj\main.obj (MAIN)
    ADDRESS: 1FC2H

*** WARNING L2: REFERENCE MADE TO UNRESOLVED EXTERNAL
    SYMBOL:  AUTO_MODE
    MODULE:  .\Obj\main.obj (MAIN)
    ADDRESS: 1FD0H

*** WARNING L2: REFERENCE MADE TO UNRESOLVED EXTERNAL
    SYMBOL:  AUTO_MODE
    MODULE:  .\Obj\main.obj (MAIN)
    ADDRESS: 1FE8H

*** WARNING L2: REFERENCE MADE TO UNRESOLVED EXTERNAL
    SYMBOL:  AUTO_MODE
    MODULE:  .\Obj\main.obj (MAIN)
    ADDRESS: 202DH

*** WARNING L2: REFERENCE MADE TO UNRESOLVED EXTERNAL
    SYMBOL:  AUTO_MODE
    MODULE:  .\Obj\main.obj (MAIN)
    ADDRESS: 207AH

*** WARNING L2: REFERENCE MADE TO UNRESOLVED EXTERNAL
    SYMBOL:  DIRECTION_ROTATION
    MODULE:  .\Obj\main.obj (MAIN)
    ADDRESS: 2084H

*** WARNING L2: REFERENCE MADE TO UNRESOLVED EXTERNAL
    SYMBOL:  AUTO_MODE
    MODULE:  .\Obj\main.obj (MAIN)
    ADDRESS: 20BCH

*** WARNING L2: REFERENCE MADE TO UNRESOLVED EXTERNAL
    SYMBOL:  DIRECTION_ROTATION
    MODULE:  .\Obj\main.obj (MAIN)
    ADDRESS: 20C6H

*** WARNING L2: REFERENCE MADE TO UNRESOLVED EXTERNAL
    SYMBOL:  AUTO_MODE
    MODULE:  .\Obj\main.obj (MAIN)
    ADDRESS: 21C7H

*** WARNING L2: REFERENCE MADE TO UNRESOLVED EXTERNAL
    SYMBOL:  CALIB_MODE
BL51 BANKED LINKER/LOCATER V6.22                                                      11/01/2018  11:51:32  PAGE 51


    MODULE:  .\Obj\main.obj (MAIN)
    ADDRESS: 2277H

*** WARNING L2: REFERENCE MADE TO UNRESOLVED EXTERNAL
    SYMBOL:  CALIB_MODE
    MODULE:  .\Obj\main.obj (MAIN)
    ADDRESS: 2286H

*** WARNING L2: REFERENCE MADE TO UNRESOLVED EXTERNAL
    SYMBOL:  CALIB_MODE
    MODULE:  .\Obj\main.obj (MAIN)
    ADDRESS: 2386H

*** WARNING L1: UNRESOLVED EXTERNAL SYMBOL
    SYMBOL:  AUTO_MODE
    MODULE:  .\Obj\KeyPad.obj (KEYPAD)

*** WARNING L2: REFERENCE MADE TO UNRESOLVED EXTERNAL
    SYMBOL:  AUTO_MODE
    MODULE:  .\Obj\KeyPad.obj (KEYPAD)
    ADDRESS: 2AE3H

*** WARNING L2: REFERENCE MADE TO UNRESOLVED EXTERNAL
    SYMBOL:  AUTO_MODE
    MODULE:  .\Obj\KeyPad.obj (KEYPAD)
    ADDRESS: 2AEEH

*** WARNING L2: REFERENCE MADE TO UNRESOLVED EXTERNAL
    SYMBOL:  AUTO_MODE
    MODULE:  .\Obj\KeyPad.obj (KEYPAD)
    ADDRESS: 2AF5H

Program Size: data=10.2 xdata=1696 code=18285
LINK/LOCATE RUN COMPLETE.  34 WARNING(S),  0 ERROR(S)
