BL51 BANKED LINKER/LOCATER V6.22                                                        02/27/2019  10:01:14  PAGE 1


BL51 BANKED LINKER/LOCATER V6.22, INVOKED BY:
C:\KEIL_V5\C51\BIN\BL51.EXE .\Obj\main.obj, .\Obj\PCF85063BTL.obj, .\Obj\UART1.obj, .\Obj\LCd_Driver_SPLC780D.obj, .\Obj
>> \KeyPad.obj, .\Obj\BipolarMotor.obj, .\Obj\SunPos.obj, .\Obj\ADC.obj, .\Obj\Calibration.obj, .\Obj\IOExpander_PI4IOE5
>> V96248.obj, .\Obj\AT25SF041.obj, .\Obj\STARTUP.obj TO .\Obj\GPIO_RTC_Test PRINT (.\Lis\GPIO_RTC_Test.m51) RAMSIZE (25
>> 6)


MEMORY MODEL: LARGE WITH FLOATING POINT ARITHMETIC


INPUT MODULES INCLUDED:
  .\Obj\main.obj (MAIN)
  .\Obj\PCF85063BTL.obj (PCF85063BTL)
  .\Obj\UART1.obj (UART1)
  .\Obj\LCd_Driver_SPLC780D.obj (LCD_DRIVER_SPLC780D)
  .\Obj\KeyPad.obj (KEYPAD)
  .\Obj\BipolarMotor.obj (BIPOLARMOTOR)
  .\Obj\SunPos.obj (SUNPOS)
  .\Obj\ADC.obj (ADC)
  .\Obj\Calibration.obj (CALIBRATION)
  .\Obj\IOExpander_PI4IOE5V96248.obj (IOEXPANDER_PI4IOE5V96248)
  .\Obj\AT25SF041.obj (AT25SF041)
  .\Obj\STARTUP.obj (?C_STARTUP)
  C:\KEIL_V5\C51\LIB\C51FPL.LIB (?C?FPADD)
  C:\KEIL_V5\C51\LIB\C51FPL.LIB (?C?FPMUL)
  C:\KEIL_V5\C51\LIB\C51FPL.LIB (?C?FPDIV)
  C:\KEIL_V5\C51\LIB\C51FPL.LIB (?C?FPCMP)
  C:\KEIL_V5\C51\LIB\C51FPL.LIB (?C?FPNEG)
  C:\KEIL_V5\C51\LIB\C51FPL.LIB (?C?FCAST)
  C:\KEIL_V5\C51\LIB\C51FPL.LIB (?C?CASTF)
  C:\KEIL_V5\C51\LIB\C51FPL.LIB (ATAN2)
  C:\KEIL_V5\C51\LIB\C51FPL.LIB (SIN)
  C:\KEIL_V5\C51\LIB\C51FPL.LIB (ACOS)
  C:\KEIL_V5\C51\LIB\C51FPL.LIB (ASIN)
  C:\KEIL_V5\C51\LIB\C51FPL.LIB (?C?FPGETOPN)
  C:\KEIL_V5\C51\LIB\C51FPL.LIB (?C?FPSERIES)
  C:\KEIL_V5\C51\LIB\C51FPL.LIB (SQRT)
  C:\KEIL_V5\C51\LIB\C51FPL.LIB (ATAN)
  C:\KEIL_V5\C51\LIB\C51L.LIB (?C_INIT)
  C:\KEIL_V5\C51\LIB\C51L.LIB (?C?COPY)
  C:\KEIL_V5\C51\LIB\C51L.LIB (?C?CLDPTR)
  C:\KEIL_V5\C51\LIB\C51L.LIB (?C?CLDOPTR)
  C:\KEIL_V5\C51\LIB\C51L.LIB (?C?CSTPTR)
  C:\KEIL_V5\C51\LIB\C51L.LIB (?C?IMUL)
  C:\KEIL_V5\C51\LIB\C51L.LIB (?C?UIDIV)
  C:\KEIL_V5\C51\LIB\C51L.LIB (?C?SIDIV)
  C:\KEIL_V5\C51\LIB\C51L.LIB (?C?ILDIX)
  C:\KEIL_V5\C51\LIB\C51L.LIB (?C?ILDOPTR)
  C:\KEIL_V5\C51\LIB\C51L.LIB (?C?ISTPTR)
  C:\KEIL_V5\C51\LIB\C51L.LIB (?C?LMUL)
  C:\KEIL_V5\C51\LIB\C51L.LIB (?C?SLDIV)
  C:\KEIL_V5\C51\LIB\C51L.LIB (?C?LNEG)
  C:\KEIL_V5\C51\LIB\C51L.LIB (?C?ULCMP)
  C:\KEIL_V5\C51\LIB\C51L.LIB (?C?LSHL)
  C:\KEIL_V5\C51\LIB\C51L.LIB (?C?LLDPTR)
  C:\KEIL_V5\C51\LIB\C51L.LIB (?C?LLDOPTR)
  C:\KEIL_V5\C51\LIB\C51L.LIB (?C?LSTPTR)
  C:\KEIL_V5\C51\LIB\C51L.LIB (?C?LSTOPTR)
BL51 BANKED LINKER/LOCATER V6.22                                                      02/27/2019  10:01:14  PAGE 2


  C:\KEIL_V5\C51\LIB\C51L.LIB (?C?LLDXDATA)
  C:\KEIL_V5\C51\LIB\C51L.LIB (?C?LLDCODE)
  C:\KEIL_V5\C51\LIB\C51L.LIB (?C?LLDXDATA0)
  C:\KEIL_V5\C51\LIB\C51L.LIB (?C?LLDCODE0)
  C:\KEIL_V5\C51\LIB\C51L.LIB (?C?LLDPTR0)
  C:\KEIL_V5\C51\LIB\C51L.LIB (?C?LSTXDATA)
  C:\KEIL_V5\C51\LIB\C51L.LIB (?C?LSTKXDATA)
  C:\KEIL_V5\C51\LIB\C51L.LIB (?C?LSTKPTR)
  C:\KEIL_V5\C51\LIB\C51L.LIB (?C?OFFXADD)
  C:\KEIL_V5\C51\LIB\C51L.LIB (ABS)
  C:\KEIL_V5\C51\LIB\C51L.LIB (ATOI)
  C:\KEIL_V5\C51\LIB\C51L.LIB (?C?IILDX)
  C:\KEIL_V5\C51\LIB\C51L.LIB (?C?ULDIV)
  C:\KEIL_V5\C51\LIB\C51L.LIB (?C?LLDIDATA)
  C:\KEIL_V5\C51\LIB\C51L.LIB (?C?LLDPDATA)
  C:\KEIL_V5\C51\LIB\C51L.LIB (?C?LLDIDATA0)
  C:\KEIL_V5\C51\LIB\C51L.LIB (?C?LLDPDATA0)
  C:\KEIL_V5\C51\LIB\C51L.LIB (?C?LSTIDATA)
  C:\KEIL_V5\C51\LIB\C51L.LIB (?C?LSTPDATA)
  C:\KEIL_V5\C51\LIB\C51L.LIB (?C?LSTKIDATA)
  C:\KEIL_V5\C51\LIB\C51L.LIB (?C?LSTKPDATA)
  C:\KEIL_V5\C51\LIB\C51L.LIB (ISDIGIT)
  C:\KEIL_V5\C51\LIB\C51L.LIB (ISSPACE)


LINK MAP OF MODULE:  .\Obj\GPIO_RTC_Test (MAIN)


            TYPE    BASE      LENGTH    RELOCATION   SEGMENT NAME
            -----------------------------------------------------

            * * * * * * *   D A T A   M E M O R Y   * * * * * * *
            REG     0000H     0008H     ABSOLUTE     "REG BANK 0"
                    0008H     0018H                  *** GAP ***
            BIT     0020H.0   0000H.5   UNIT         ?BI?KEYPAD
            BIT     0020H.5   0000H.3   UNIT         _BIT_GROUP_
            BIT     0021H.0   0000H.1   UNIT         ?BI?MAIN
            BIT     0021H.1   0000H.1   UNIT         ?BI?_ATOI?ATOI
                    0021H.2   0000H.6                *** GAP ***
            IDATA   0022H     0001H     UNIT         ?STACK

            * * * * * * *  X D A T A   M E M O R Y  * * * * * * *
            XDATA   0000H     038FH     UNIT         ?XD?BIPOLARMOTOR
            XDATA   038FH     014FH     UNIT         _XDATA_GROUP_
            XDATA   04DEH     00D8H     UNIT         ?XD?MAIN
            XDATA   05B6H     0040H     UNIT         ?XD?_FINDDET4X4?BIPOLARMOTOR
            XDATA   05F6H     0024H     UNIT         ?XD?_FINDDET3X3?BIPOLARMOTOR
            XDATA   061AH     0009H     UNIT         ?XD?KEYPAD
            XDATA   0623H     0008H     UNIT         ?XD?_AT25SF041_READ?AT25SF041
            XDATA   062BH     0005H     UNIT         ?XD?_ATOI?ATOI
            XDATA   0630H     0004H     UNIT         ?XD?_DISPLAY_PROX?MAIN
            XDATA   0634H     0003H     UNIT         ?XD?_SENDSTRING?UART1
            XDATA   0637H     0001H     UNIT         ?XD?UC_ACK?IOEXPANDER_PI4IOE5V96248
            XDATA   0638H     0001H     UNIT         ?XD?UC_NACK?IOEXPANDER_PI4IOE5V96248

            * * * * * * *   C O D E   M E M O R Y   * * * * * * *
            CODE    0000H     0003H     ABSOLUTE     
BL51 BANKED LINKER/LOCATER V6.22                                                      02/27/2019  10:01:14  PAGE 3


            CODE    0003H     0006H     UNIT         ?PR?_TEN?UART1
            CODE    0009H     0001H     UNIT         ?PR?TM0_ISR?MAIN
            CODE    000AH     0001H     UNIT         ?PR?_DECTOBCD?UART1
            CODE    000BH     0003H     ABSOLUTE     
            CODE    000EH     0B00H     UNIT         ?PR?_UPDATE_POSITION?BIPOLARMOTOR
            CODE    0B0EH     09CCH     UNIT         ?PR?MAIN?MAIN
            CODE    14DAH     09B6H     UNIT         ?C?LIB_CODE
            CODE    1E90H     07A2H     UNIT         ?PR?SUNPOS?SUNPOS
            CODE    2632H     03F9H     UNIT         ?C_INITSEG
            CODE    2A2BH     0309H     UNIT         ?PR?_FIND_REAL_MAX?CALIBRATION
            CODE    2D34H     02C0H     UNIT         ?PR?_FINDDET4X4?BIPOLARMOTOR
            CODE    2FF4H     02A0H     UNIT         ?PR?KEY_PROCESS?KEYPAD
            CODE    3294H     01D1H     UNIT         ?PR?_FINDDET3X3?BIPOLARMOTOR
            CODE    3465H     0192H     UNIT         ?PR?SPI_NOR_WRITE_DATA?AT25SF041
            CODE    35F7H     018DH     UNIT         ?PR?KEY_SCAN?KEYPAD
            CODE    3784H     0188H     UNIT         ?PR?SIN?SIN
            CODE    390CH     0172H     UNIT         ?PR?_DISPLAY_POS?MAIN
            CODE    3A7EH     015BH     UNIT         ?PR?_CALIBRATION?CALIBRATION
            CODE    3BD9H     0122H     UNIT         ?PR?ATAN?ATAN
            CODE    3CFBH     0110H     UNIT         ?PR?_AT25SF041_READ?AT25SF041
            CODE    3E0BH     0102H     UNIT         ?PR?_AT25SF041_WRITE?AT25SF041
            CODE    3F0DH     00DBH     UNIT         ?PR?_ATOI?ATOI
            CODE    3FE8H     00C3H     UNIT         ?PR?LINEAR_INTERPOLATE?BIPOLARMOTOR
            CODE    40ABH     00BBH     UNIT         ?PR?VOLTAGE_IS_STABLE?CALIBRATION
            CODE    4166H     00ADH     UNIT         ?PR?_WRITE_PI4IOE5V96248?IOEXPANDER_PI4IOE5V96248
            CODE    4213H     00ACH     UNIT         ?PR?SQRT?SQRT
            CODE    42BFH     00A1H     UNIT         ?PR?UCREAD_STATUS_REGISTER_BYTE1?AT25SF041
            CODE    4360H     009DH     UNIT         ?PR?_ATAN2?ATAN2
            CODE    43FDH     009CH     UNIT         ?PR?_MAX_VALUE?CALIBRATION
            CODE    4499H     0095H     UNIT         ?PR?_DISPLAY_PROX?MAIN
            CODE    452EH     008CH     UNIT         ?C_C51STARTUP
            CODE    45BAH     0084H     UNIT         ?PR?_DAY_OF_YEAR?PCF85063BTL
            CODE    463EH     0075H     UNIT         ?PR?_WRITEDATA?LCD_DRIVER_SPLC780D
            CODE    46B3H     0072H     UNIT         ?PR?AT25SF041_WRITEENABLE?AT25SF041
            CODE    4725H     006FH     UNIT         ?PR?_READ_TIME?PCF85063BTL
            CODE    4794H     005AH     UNIT         ?PR?AT25SF041_CHIPERASE?AT25SF041
            CODE    47EEH     0059H     UNIT         ?PR?LCD_INIT?LCD_DRIVER_SPLC780D
            CODE    4847H     004AH     UNIT         ?PR?VONESTEPMOVE?BIPOLARMOTOR
            CODE    4891H     004AH     UNIT         ?PR?ACOS?ACOS
            CODE    48DBH     0044H     UNIT         ?C?LDIV
            CODE    491FH     0040H     UNIT         ?PR?_COMMAND?LCD_DRIVER_SPLC780D
            CODE    495FH     0040H     UNIT         ?PR?_STEP_MOVE?BIPOLARMOTOR
            CODE    499FH     003BH     UNIT         ?PR?ASIN?ASIN
            CODE    49DAH     0033H     UNIT         ?PR?_SENDSTRING?UART1
            CODE    4A0DH     002CH     UNIT         ?PR?_ADC_GETRESULT?ADC
            CODE    4A39H     002BH     UNIT         ?PR?_WAIT_MS_I2C?IOEXPANDER_PI4IOE5V96248
            CODE    4A64H     002BH     UNIT         ?PR?_WAIT_MS_SPINOR?AT25SF041
            CODE    4A8FH     0028H     UNIT         ?PR?_MOVE?BIPOLARMOTOR
            CODE    4AB7H     0027H     UNIT         ?PR?_I2C_SENDBYTE?IOEXPANDER_PI4IOE5V96248
            CODE    4ADEH     0024H     UNIT         ?PR?_WAIT_MS?LCD_DRIVER_SPLC780D
            CODE    4B02H     0020H     UNIT         ?PR?_SPI_SENDBYTE?PCF85063BTL
            CODE    4B22H     0020H     UNIT         ?PR?SPI_RECEIVEBYTE?PCF85063BTL
            CODE    4B42H     001FH     UNIT         ?PR?ADC_INIT?ADC
            CODE    4B61H     001EH     UNIT         ?PR?_DELAY_MS?KEYPAD
            CODE    4B7FH     001DH     UNIT         ?PR?_DISPLAYLCD?LCD_DRIVER_SPLC780D
            CODE    4B9CH     001BH     UNIT         ?PR?_BCDTODEC1?BIPOLARMOTOR
            CODE    4BB7H     0018H     UNIT         ?PR?_SPI_WRITETIME?PCF85063BTL
BL51 BANKED LINKER/LOCATER V6.22                                                      02/27/2019  10:01:14  PAGE 4


            CODE    4BCFH     0017H     UNIT         ?PR?_ASCIITOBCD?UART1
            CODE    4BE6H     0016H     UNIT         ?PR?I2C_ACK?IOEXPANDER_PI4IOE5V96248
            CODE    4BFCH     0015H     UNIT         ?PR?_DISPLAY_LINE?LCD_DRIVER_SPLC780D
            CODE    4C11H     0015H     UNIT         ?PR?I2C_STOP?IOEXPANDER_PI4IOE5V96248
            CODE    4C26H     0014H     UNIT         ?PR?_PCF85063BTL_DELAY?PCF85063BTL
            CODE    4C3AH     0014H     UNIT         ?PR?_ISSPACE?ISSPACE
            CODE    4C4EH     0011H     UNIT         ?PR?_SPI_READTIME?PCF85063BTL
            CODE    4C5FH     0011H     UNIT         ?PR?_BCDTODEC?PCF85063BTL
            CODE    4C70H     0011H     UNIT         ?PR?INITUART1?UART1
            CODE    4C81H     000FH     UNIT         ?PR?I2C_START?IOEXPANDER_PI4IOE5V96248
            CODE    4C90H     000FH     UNIT         ?PR?UC_NACK?IOEXPANDER_PI4IOE5V96248
            CODE    4C9FH     000FH     UNIT         ?PR?_ISDIGIT?ISDIGIT
            CODE    4CAEH     000DH     UNIT         ?PR?SPI_INIT?PCF85063BTL
            CODE    4CBBH     000CH     UNIT         ?PR?KEYPAD_IO_INIT?KEYPAD
            CODE    4CC7H     000CH     UNIT         ?PR?_ABS?ABS
            CODE    4CD3H     000AH     UNIT         ?PR?LCD_RETURN_HOME?LCD_DRIVER_SPLC780D
            CODE    4CDDH     000AH     UNIT         ?PR?LCD_CLEAR?LCD_DRIVER_SPLC780D
            CODE    4CE7H     0006H     UNIT         ?PR?UC_ACK?IOEXPANDER_PI4IOE5V96248
            CODE    4CEDH     0005H     UNIT         ?PR?_UNIT?UART1
            CODE    4CF2H     0005H     UNIT         ?PR?_ASCII_LETTER?UART1
            CODE    4CF7H     0001H     UNIT         ?PR?WAIT?BIPOLARMOTOR
            CODE    4CF8H     0001H     UNIT         ?PR?NOP?IOEXPANDER_PI4IOE5V96248



OVERLAY MAP OF MODULE:   .\Obj\GPIO_RTC_Test (MAIN)


SEGMENT                                             BIT_GROUP          XDATA_GROUP
  +--> CALLED SEGMENT                            START    LENGTH     START    LENGTH
------------------------------------------------------------------------------------
?C_C51STARTUP                                    -----    -----      -----    -----
  +--> ?PR?MAIN?MAIN
  +--> ?C_INITSEG

?PR?MAIN?MAIN                                    -----    -----      038FH    002CH
  +--> ?PR?AT25SF041_WRITEENABLE?AT25SF041
  +--> ?PR?AT25SF041_CHIPERASE?AT25SF041
  +--> ?PR?_WAIT_MS_SPINOR?AT25SF041
  +--> ?PR?LCD_INIT?LCD_DRIVER_SPLC780D
  +--> ?PR?SPI_INIT?PCF85063BTL
  +--> ?PR?KEYPAD_IO_INIT?KEYPAD
  +--> ?PR?ADC_INIT?ADC
  +--> ?PR?_SPI_WRITETIME?PCF85063BTL
  +--> ?PR?_DELAY_MS?KEYPAD
  +--> ?PR?_DISPLAY_LINE?LCD_DRIVER_SPLC780D
  +--> ?PR?_WRITEDATA?LCD_DRIVER_SPLC780D
  +--> ?PR?KEY_PROCESS?KEYPAD
  +--> ?PR?_COMMAND?LCD_DRIVER_SPLC780D
  +--> ?PR?_DISPLAY_POS?MAIN
  +--> ?PR?_DISPLAYLCD?LCD_DRIVER_SPLC780D
  +--> ?PR?_STEP_MOVE?BIPOLARMOTOR
  +--> ?PR?LCD_RETURN_HOME?LCD_DRIVER_SPLC780D
  +--> ?PR?_READ_TIME?PCF85063BTL
  +--> ?PR?_ADC_GETRESULT?ADC
  +--> ?PR?_BCDTODEC1?BIPOLARMOTOR
  +--> ?PR?_CALIBRATION?CALIBRATION
BL51 BANKED LINKER/LOCATER V6.22                                                      02/27/2019  10:01:14  PAGE 5


  +--> ?PR?SPI_NOR_WRITE_DATA?AT25SF041
  +--> ?PR?LINEAR_INTERPOLATE?BIPOLARMOTOR
  +--> ?PR?_UPDATE_POSITION?BIPOLARMOTOR

?PR?AT25SF041_WRITEENABLE?AT25SF041              -----    -----      03C9H    0002H
  +--> ?PR?_WAIT_MS_SPINOR?AT25SF041
  +--> ?PR?UCREAD_STATUS_REGISTER_BYTE1?AT25...

?PR?UCREAD_STATUS_REGISTER_BYTE1?AT25...         -----    -----      03D1H    0003H
  +--> ?PR?_WAIT_MS_SPINOR?AT25SF041

?PR?AT25SF041_CHIPERASE?AT25SF041                -----    -----      03C9H    0002H
  +--> ?PR?_WAIT_MS_SPINOR?AT25SF041
  +--> ?PR?UCREAD_STATUS_REGISTER_BYTE1?AT25...

?PR?LCD_INIT?LCD_DRIVER_SPLC780D                 -----    -----      -----    -----
  +--> ?PR?_WAIT_MS?LCD_DRIVER_SPLC780D
  +--> ?PR?_COMMAND?LCD_DRIVER_SPLC780D

?PR?_COMMAND?LCD_DRIVER_SPLC780D                 -----    -----      -----    -----
  +--> ?PR?_WAIT_MS?LCD_DRIVER_SPLC780D

?PR?ADC_INIT?ADC                                 -----    -----      -----    -----
  +--> ?PR?_WAIT_MS?LCD_DRIVER_SPLC780D

?PR?_SPI_WRITETIME?PCF85063BTL                   -----    -----      -----    -----
  +--> ?PR?_SPI_SENDBYTE?PCF85063BTL

?PR?_SPI_SENDBYTE?PCF85063BTL                    -----    -----      -----    -----
  +--> ?PR?_PCF85063BTL_DELAY?PCF85063BTL

?PR?_DISPLAY_LINE?LCD_DRIVER_SPLC780D            -----    -----      -----    -----
  +--> ?PR?_COMMAND?LCD_DRIVER_SPLC780D

?PR?_WRITEDATA?LCD_DRIVER_SPLC780D               -----    -----      046AH    0001H
  +--> ?PR?_WAIT_MS?LCD_DRIVER_SPLC780D

?PR?KEY_PROCESS?KEYPAD                           -----    -----      03BBH    0006H
  +--> ?PR?KEY_SCAN?KEYPAD
  +--> ?PR?_SPI_WRITETIME?PCF85063BTL
  +--> ?PR?LCD_CLEAR?LCD_DRIVER_SPLC780D
  +--> ?PR?_COMMAND?LCD_DRIVER_SPLC780D
  +--> ?PR?_WRITEDATA?LCD_DRIVER_SPLC780D

?PR?KEY_SCAN?KEYPAD                              -----    -----      03C1H    0003H

?PR?LCD_CLEAR?LCD_DRIVER_SPLC780D                -----    -----      -----    -----
  +--> ?PR?_COMMAND?LCD_DRIVER_SPLC780D

?PR?_DISPLAY_POS?MAIN                            -----    -----      0460H    000AH
  +--> ?PR?_ABS?ABS
  +--> ?PR?_WRITEDATA?LCD_DRIVER_SPLC780D

?PR?_DISPLAYLCD?LCD_DRIVER_SPLC780D              -----    -----      03BBH    0001H
  +--> ?PR?_WRITEDATA?LCD_DRIVER_SPLC780D

?PR?_STEP_MOVE?BIPOLARMOTOR                      0020H.6  0000H.1    0479H    0004H
BL51 BANKED LINKER/LOCATER V6.22                                                      02/27/2019  10:01:14  PAGE 6


  +--> ?PR?VONESTEPMOVE?BIPOLARMOTOR

?PR?VONESTEPMOVE?BIPOLARMOTOR                    0020H.7  0000H.1    -----    -----
  +--> ?PR?_WRITE_PI4IOE5V96248?IOEXPANDER_P...
  +--> ?PR?_DELAY_MS?KEYPAD

?PR?_WRITE_PI4IOE5V96248?IOEXPANDER_P...         -----    -----      047DH    0003H
  +--> ?PR?I2C_START?IOEXPANDER_PI4IOE5V96248
  +--> ?PR?_WAIT_MS_I2C?IOEXPANDER_PI4IOE5V9...
  +--> ?PR?_I2C_SENDBYTE?IOEXPANDER_PI4IOE5V...
  +--> ?PR?I2C_ACK?IOEXPANDER_PI4IOE5V96248
  +--> ?PR?I2C_STOP?IOEXPANDER_PI4IOE5V96248

?PR?I2C_START?IOEXPANDER_PI4IOE5V96248           -----    -----      -----    -----
  +--> ?PR?_WAIT_MS_I2C?IOEXPANDER_PI4IOE5V9...

?PR?_I2C_SENDBYTE?IOEXPANDER_PI4IOE5V...         -----    -----      -----    -----
  +--> ?PR?_WAIT_MS_I2C?IOEXPANDER_PI4IOE5V9...

?PR?I2C_ACK?IOEXPANDER_PI4IOE5V96248             -----    -----      0480H    0001H
  +--> ?PR?_WAIT_MS_I2C?IOEXPANDER_PI4IOE5V9...

?PR?I2C_STOP?IOEXPANDER_PI4IOE5V96248            -----    -----      -----    -----
  +--> ?PR?_WAIT_MS_I2C?IOEXPANDER_PI4IOE5V9...

?PR?LCD_RETURN_HOME?LCD_DRIVER_SPLC780D          -----    -----      -----    -----
  +--> ?PR?_COMMAND?LCD_DRIVER_SPLC780D

?PR?_READ_TIME?PCF85063BTL                       -----    -----      03BBH    000FH
  +--> ?PR?_SPI_READTIME?PCF85063BTL

?PR?_SPI_READTIME?PCF85063BTL                    -----    -----      -----    -----
  +--> ?PR?_SPI_SENDBYTE?PCF85063BTL
  +--> ?PR?SPI_RECEIVEBYTE?PCF85063BTL

?PR?SPI_RECEIVEBYTE?PCF85063BTL                  -----    -----      -----    -----
  +--> ?PR?_PCF85063BTL_DELAY?PCF85063BTL

?PR?_CALIBRATION?CALIBRATION                     -----    -----      03BBH    001BH
  +--> ?PR?VOLTAGE_IS_STABLE?CALIBRATION
  +--> ?PR?_UPDATE_POSITION?BIPOLARMOTOR
  +--> ?PR?_FIND_REAL_MAX?CALIBRATION

?PR?VOLTAGE_IS_STABLE?CALIBRATION                -----    -----      03D6H    0018H
  +--> ?PR?_ADC_GETRESULT?ADC
  +--> ?PR?_ABS?ABS

?PR?_UPDATE_POSITION?BIPOLARMOTOR                -----    -----      03D6H    009FH
  +--> ?PR?_BCDTODEC1?BIPOLARMOTOR
  +--> ?PR?SUNPOS?SUNPOS
  +--> ?PR?SIN?SIN
  +--> ?PR?ASIN?ASIN
  +--> ?PR?LINEAR_INTERPOLATE?BIPOLARMOTOR
  +--> ?PR?_ABS?ABS
  +--> ?PR?_MOVE?BIPOLARMOTOR

?PR?SUNPOS?SUNPOS                                -----    -----      0475H    005DH
BL51 BANKED LINKER/LOCATER V6.22                                                      02/27/2019  10:01:14  PAGE 7


  +--> ?PR?SIN?SIN
  +--> ?PR?_ATAN2?ATAN2
  +--> ?PR?ASIN?ASIN
  +--> ?PR?ACOS?ACOS

?PR?SIN?SIN                                      0020H.5  0000H.1    04D2H    0004H

?PR?_ATAN2?ATAN2                                 -----    -----      04D2H    0008H
  +--> ?PR?ATAN?ATAN

?PR?ATAN?ATAN                                    0020H.5  0000H.2    04DAH    0004H

?PR?ASIN?ASIN                                    -----    -----      -----    -----
  +--> ?PR?SQRT?SQRT
  +--> ?PR?ATAN?ATAN

?PR?SQRT?SQRT                                    -----    -----      04D2H    0004H

?PR?ACOS?ACOS                                    -----    -----      -----    -----
  +--> ?PR?SQRT?SQRT
  +--> ?PR?ATAN?ATAN

?PR?LINEAR_INTERPOLATE?BIPOLARMOTOR              -----    -----      0475H    0014H

?PR?_MOVE?BIPOLARMOTOR                           0020H.5  0000H.1    0475H    0004H
  +--> ?PR?_STEP_MOVE?BIPOLARMOTOR

?PR?_FIND_REAL_MAX?CALIBRATION                   -----    -----      03D6H    008AH
  +--> ?PR?_ADC_GETRESULT?ADC
  +--> ?PR?_MOVE?BIPOLARMOTOR
  +--> ?PR?_COMMAND?LCD_DRIVER_SPLC780D
  +--> ?PR?_WRITEDATA?LCD_DRIVER_SPLC780D
  +--> ?PR?_DISPLAY_POS?MAIN
  +--> ?PR?_WAIT_MS?LCD_DRIVER_SPLC780D
  +--> ?PR?_MAX_VALUE?CALIBRATION

?PR?_MAX_VALUE?CALIBRATION                       -----    -----      0460H    0004H

?PR?SPI_NOR_WRITE_DATA?AT25SF041                 -----    -----      03BBH    000EH
  +--> ?PR?AT25SF041_WRITEENABLE?AT25SF041
  +--> ?PR?AT25SF041_CHIPERASE?AT25SF041
  +--> ?PR?_WAIT_MS_SPINOR?AT25SF041
  +--> ?PR?_AT25SF041_WRITE?AT25SF041

?PR?_AT25SF041_WRITE?AT25SF041                   -----    -----      03C9H    0008H
  +--> ?PR?_WAIT_MS_SPINOR?AT25SF041
  +--> ?PR?UCREAD_STATUS_REGISTER_BYTE1?AT25...



UNRESOLVED EXTERNAL SYMBOLS:
   AUTO_MODE
   _SENDUART1



SYMBOL TABLE OF MODULE:  .\Obj\GPIO_RTC_Test (MAIN)
BL51 BANKED LINKER/LOCATER V6.22                                                      02/27/2019  10:01:14  PAGE 8



  VALUE           TYPE          NAME
  ----------------------------------

  -------         MODULE        MAIN
  C:0000H         SYMBOL        _ICE_DUMMY_
  X:04E6H         PUBLIC        calib_value
  D:0080H         PUBLIC        P0
  D:00B2H         PUBLIC        P3M0
  D:0090H         PUBLIC        P1
  D:00B1H         PUBLIC        P3M1
  D:00A0H         PUBLIC        P2
  D:00B0H         PUBLIC        P3
  D:00C0H         PUBLIC        P4
  D:00C8H         PUBLIC        P5
  X:053AH         SYMBOL        PressedKey
  B:00A8H.7       PUBLIC        EA
  D:00E8H         PUBLIC        P6
  X:053EH         PUBLIC        calib_stamp
  D:00F8H         PUBLIC        P7
  X:053FH         PUBLIC        RX_Data_Uart_Cnt
  D:00A8H         PUBLIC        IE
  X:0541H         PUBLIC        calib_time
  D:00B8H         PUBLIC        IP
  X:0595H         PUBLIC        months
  D:00D8H         PUBLIC        CCON
  C:0B0EH         PUBLIC        main
  X:0596H         PUBLIC        count
  X:0598H         PUBLIC        days
  X:0599H         PUBLIC        hours
  D:0098H         PUBLIC        SCON
  D:0089H         PUBLIC        TMOD
  D:0088H         PUBLIC        TCON
  B:00A0H.3       PUBLIC        P23
  X:059AH         SYMBOL        KeyCount
  X:059CH         PUBLIC        mins
  X:059DH         PUBLIC        Rec_data_hour
  B:00C8H.5       PUBLIC        P55
  X:05A0H         PUBLIC        Rec_data_min
  D:008EH         PUBLIC        AUXR
  C:0009H         PUBLIC        tm0_isr
  B:0021H.0       PUBLIC        busy
  B:00A8H.1       PUBLIC        ET0
  X:05A3H         PUBLIC        SPI_NOR_INTERNAL_FLASH_ADDR
  D:008CH         PUBLIC        TH0
  X:05A7H         PUBLIC        hour_count
  D:008AH         PUBLIC        TL0
  X:05A8H         PUBLIC        min_count
  B:0088H.4       PUBLIC        TR0
  X:05A9H         SYMBOL        KeyNum
  X:05AAH         SYMBOL        KeyNum_Old
  X:05ABH         PUBLIC        current_position
  X:05AFH         PUBLIC        hours1
  X:05B0H         PUBLIC        hours2
  C:4499H         PUBLIC        _Display_Prox
  X:05B1H         PUBLIC        mins1
  X:05B2H         PUBLIC        mins2
BL51 BANKED LINKER/LOCATER V6.22                                                      02/27/2019  10:01:14  PAGE 9


  C:390CH         PUBLIC        _Display_Pos
  X:05B3H         PUBLIC        seconds
  X:05B4H         PUBLIC        st_time
  D:00D0H         PUBLIC        PSW
  -------         PROC          TM0_ISR
  C:0009H         LINE#         85
  C:0009H         LINE#         87
  -------         ENDPROC       TM0_ISR
  -------         PROC          MAIN
  -------         DO            
  X:038FH         SYMBOL        sunlight_ADC
  X:04DEH         SYMBOL        KeyCount
  X:04E0H         SYMBOL        KeyNum_Old
  X:04E1H         SYMBOL        KeyNum
  X:04E2H         SYMBOL        PressedKey
  X:0391H         SYMBOL        prox_flag
  X:0392H         SYMBOL        iUse_prevday_calib_value
  X:0394H         SYMBOL        max_ADC_Val_JP
  X:0396H         SYMBOL        max_ADC_Val
  X:0398H         SYMBOL        calib_point1
  X:03A0H         SYMBOL        calib_point2
  X:03A8H         SYMBOL        dat_to_store
  X:03B3H         SYMBOL        calib_day
  X:03B5H         SYMBOL        calib_count
  X:03B7H         SYMBOL        theorical_JP_max_pos
  -------         ENDDO         
  C:0B0EH         LINE#         89
  C:0B0EH         LINE#         90
  C:0B0EH         LINE#         95
  C:0B14H         LINE#         96
  C:0B19H         LINE#         98
  C:0B21H         LINE#         102
  C:0B27H         LINE#         103
  C:0B31H         LINE#         107
  C:0B33H         LINE#         108
  C:0B35H         LINE#         109
  C:0B37H         LINE#         110
  C:0B39H         LINE#         112
  C:0B40H         LINE#         121
  C:0B40H         LINE#         122
  C:0B43H         LINE#         124
  C:0B46H         LINE#         125
  C:0B4DH         LINE#         126
  C:0B4DH         LINE#         127
  C:0B50H         LINE#         128
  C:0B53H         LINE#         129
  C:0B56H         LINE#         130
  C:0B59H         LINE#         131
  C:0B5CH         LINE#         132
  C:0B5FH         LINE#         135
  C:0B62H         LINE#         137
  C:0B65H         LINE#         138
  C:0B68H         LINE#         139
  C:0B6BH         LINE#         140
  C:0B6DH         LINE#         141
  C:0B6FH         LINE#         142
  C:0B71H         LINE#         144
BL51 BANKED LINKER/LOCATER V6.22                                                      02/27/2019  10:01:14  PAGE 10


  C:0B73H         LINE#         145
  C:0B7AH         LINE#         146
  C:0B81H         LINE#         147
  C:0B88H         LINE#         148
  C:0B8FH         LINE#         152
  C:0B96H         LINE#         153
  C:0B9BH         LINE#         154
  C:0BA0H         LINE#         155
  C:0BA5H         LINE#         156
  C:0BAAH         LINE#         157
  C:0BAFH         LINE#         160
  C:0BC8H         LINE#         161
  C:0BC8H         LINE#         162
  C:0BE4H         LINE#         163
  C:0C2BH         LINE#         164
  C:0C3CH         LINE#         167
  C:0C3CH         LINE#         168
  C:0C3CH         LINE#         169
  C:0C3FH         LINE#         172
  C:0C3FH         LINE#         175
  C:0C44H         LINE#         176
  C:0C49H         LINE#         178
  C:0C4EH         LINE#         179
  C:0C53H         LINE#         180
  C:0C58H         LINE#         181
  C:0C5DH         LINE#         183
  C:0C6EH         LINE#         184
  C:0C73H         LINE#         185
  C:0C78H         LINE#         187
  C:0C7FH         LINE#         188
  C:0C87H         LINE#         189
  C:0C8CH         LINE#         190
  C:0C94H         LINE#         191
  C:0C99H         LINE#         192
  C:0CA3H         LINE#         193
  C:0CA8H         LINE#         194
  C:0CB0H         LINE#         196
  C:0CB8H         LINE#         197
  C:0CBDH         LINE#         198
  C:0CC7H         LINE#         199
  C:0CC7H         LINE#         200
  C:0CC9H         LINE#         201
  C:0CCBH         LINE#         202
  C:0CD5H         LINE#         203
  C:0CD5H         LINE#         204
  C:0CDAH         LINE#         205
  C:0CDAH         LINE#         217
  C:0CE7H         LINE#         218
  C:0CE7H         LINE#         219
  C:0CF1H         LINE#         220
  C:0D08H         LINE#         221
  C:0D08H         LINE#         222
  C:0D0AH         LINE#         223
  C:0D0CH         LINE#         225
  C:0D0CH         LINE#         226
  C:0D17H         LINE#         227
  C:0D17H         LINE#         228
BL51 BANKED LINKER/LOCATER V6.22                                                      02/27/2019  10:01:14  PAGE 11


  C:0D1CH         LINE#         229
  C:0D1CH         LINE#         230
  C:0D29H         LINE#         231
  C:0D29H         LINE#         234
  C:0D33H         LINE#         235
  C:0D4AH         LINE#         236
  C:0D4AH         LINE#         237
  C:0D4CH         LINE#         238
  C:0D4EH         LINE#         240
  C:0D4EH         LINE#         241
  C:0D59H         LINE#         242
  C:0D59H         LINE#         243
  C:0D5EH         LINE#         244
  C:0D60H         LINE#         245
  C:0D60H         LINE#         254
  C:0D82H         LINE#         255
  C:0D82H         LINE#         256
  C:0D8CH         LINE#         257
  C:0D92H         LINE#         258
  C:0D94H         LINE#         259
  C:0D96H         LINE#         260
  C:0D98H         LINE#         261
  C:0D98H         LINE#         262
  C:0D9BH         LINE#         264
  C:0D9BH         LINE#         265
  C:0DA1H         LINE#         266
  C:0DA9H         LINE#         267
  C:0DAFH         LINE#         268
  C:0DB7H         LINE#         269
  C:0DF2H         LINE#         273
  C:0DFFH         LINE#         274
  C:0DFFH         LINE#         275
  C:0E0CH         LINE#         276
  C:0E3FH         LINE#         277
  C:0E4CH         LINE#         278
  C:0E4CH         LINE#         280
  C:0E7BH         LINE#         281
  C:0E7BH         LINE#         282
  C:0E9DH         LINE#         283
  C:0E9DH         LINE#         284
  C:0F19H         LINE#         285
  C:0F97H         LINE#         291
  C:0F9FH         LINE#         292
  C:0FA7H         LINE#         293
  C:0FAFH         LINE#         295
  C:0FB7H         LINE#         296
  C:0FCBH         LINE#         297
  C:0FE1H         LINE#         302
  C:0FE5H         LINE#         304
  C:0FF9H         LINE#         306
  C:0FFDH         LINE#         310
  C:1013H         LINE#         311
  C:1043H         LINE#         378
  C:104AH         LINE#         379
  C:106EH         LINE#         382
  C:1071H         LINE#         383
  C:1082H         LINE#         384
BL51 BANKED LINKER/LOCATER V6.22                                                      02/27/2019  10:01:14  PAGE 12


  C:1082H         LINE#         385
  C:1082H         LINE#         387
  C:1082H         LINE#         390
  C:1085H         LINE#         392
  C:1085H         LINE#         393
  C:10A7H         LINE#         394
  C:10A7H         LINE#         395
  C:1123H         LINE#         396
  C:1178H         LINE#         397
  C:1178H         LINE#         398
  C:1178H         LINE#         399
  C:117BH         LINE#         403
  C:117BH         LINE#         406
  C:11AFH         LINE#         407
  C:11AFH         LINE#         408
  C:11D1H         LINE#         409
  C:11D1H         LINE#         410
  C:124DH         LINE#         411
  C:12CBH         LINE#         431
  C:12CEH         LINE#         432
  C:12DFH         LINE#         433
  C:12DFH         LINE#         434
  C:12E7H         LINE#         436
  C:12E7H         LINE#         439
  C:12EAH         LINE#         441
  C:12EAH         LINE#         443
  C:130CH         LINE#         444
  C:130CH         LINE#         445
  C:1388H         LINE#         447
  C:13B5H         LINE#         448
  C:13D0H         LINE#         449
  C:13FDH         LINE#         450
  C:1418H         LINE#         452
  C:14B4H         LINE#         455
  C:14B4H         LINE#         456
  C:14B4H         LINE#         457
  C:14B4H         LINE#         459
  C:14B4H         LINE#         462
  C:14D0H         LINE#         463
  C:14D5H         LINE#         465
  C:14D7H         LINE#         466
  -------         ENDPROC       MAIN
  -------         PROC          _DISPLAY_PROX
  D:0002H         SYMBOL        dat
  -------         DO            
  X:0630H         SYMBOL        unit
  X:0631H         SYMBOL        ten
  X:0632H         SYMBOL        hundred
  X:0633H         SYMBOL        thousand
  -------         ENDDO         
  C:4499H         LINE#         550
  C:449DH         LINE#         551
  C:449DH         LINE#         553
  C:44A9H         LINE#         554
  C:44B9H         LINE#         555
  C:44D5H         LINE#         556
  C:4505H         LINE#         557
BL51 BANKED LINKER/LOCATER V6.22                                                      02/27/2019  10:01:14  PAGE 13


  C:450FH         LINE#         558
  C:4519H         LINE#         559
  C:4523H         LINE#         560
  C:452DH         LINE#         562
  -------         ENDPROC       _DISPLAY_PROX
  -------         PROC          _DISPLAY_POS
  X:0460H         SYMBOL        sign_dat
  -------         DO            
  X:0464H         SYMBOL        unit
  X:0465H         SYMBOL        ten
  X:0466H         SYMBOL        hundred
  D:0003H         SYMBOL        thousand
  X:0467H         SYMBOL        after_dot
  X:0468H         SYMBOL        dat
  -------         ENDDO         
  C:390CH         LINE#         565
  C:3912H         LINE#         566
  C:3912H         LINE#         570
  C:392EH         LINE#         571
  C:3948H         LINE#         572
  C:396CH         LINE#         574
  C:39B6H         LINE#         576
  C:39CDH         LINE#         577
  C:39DAH         LINE#         578
  C:39FCH         LINE#         579
  C:3A31H         LINE#         580
  C:3A49H         LINE#         581
  C:3A49H         LINE#         583
  C:3A49H         LINE#         584
  C:3A49H         LINE#         585
  C:3A49H         LINE#         586
  C:3A49H         LINE#         587
  C:3A49H         LINE#         591
  C:3A4BH         LINE#         593
  C:3A4BH         LINE#         595
  C:3A50H         LINE#         596
  C:3A5AH         LINE#         597
  C:3A64H         LINE#         598
  C:3A6EH         LINE#         599
  C:3A73H         LINE#         600
  C:3A7DH         LINE#         604
  C:3A7DH         LINE#         606
  -------         ENDPROC       _DISPLAY_POS
  -------         ENDMOD        MAIN

  -------         MODULE        PCF85063BTL
  C:0000H         SYMBOL        _ICE_DUMMY_
  D:0096H         PUBLIC        P2M0
  D:0080H         PUBLIC        P0
  D:0095H         PUBLIC        P2M1
  D:0090H         PUBLIC        P1
  D:00A0H         PUBLIC        P2
  D:00B0H         PUBLIC        P3
  D:00C0H         PUBLIC        P4
  D:00C8H         PUBLIC        P5
  D:00E8H         PUBLIC        P6
  B:00A0H.1       PUBLIC        PCF85063BTL_SDI
BL51 BANKED LINKER/LOCATER V6.22                                                      02/27/2019  10:01:14  PAGE 14


  D:00F8H         PUBLIC        P7
  B:00A0H.2       PUBLIC        PCF85063BTL_SCK
  B:00A0H.1       PUBLIC        PCF85063BTL_SDO
  D:00A8H         PUBLIC        IE
  C:4725H         PUBLIC        _Read_time
  C:4C2CH         PUBLIC        _PCF85063BTL_Delay
  D:00B8H         PUBLIC        IP
  D:00D8H         PUBLIC        CCON
  C:45BAH         PUBLIC        _Day_Of_Year
  C:4B22H         PUBLIC        SPI_ReceiveByte
  D:0098H         PUBLIC        SCON
  D:0088H         PUBLIC        TCON
  C:4C5FH         PUBLIC        _BCDtoDec
  B:00A0H.0       PUBLIC        PCF85063BTL_CS
  C:4C4EH         PUBLIC        _SPI_ReadTime
  C:4CAEH         PUBLIC        SPI_Init
  C:4BB7H         PUBLIC        _SPI_WriteTime
  C:4B02H         PUBLIC        _SPI_SendByte
  D:00D0H         PUBLIC        PSW
  C:4C28H         SYMBOL        L?0047
  -------         PROC          L?0046
  -------         ENDPROC       L?0046
  C:4C28H         SYMBOL        L?0047
  -------         PROC          _PCF85063BTL_DELAY
  D:0006H         SYMBOL        us
  C:4C2CH         LINE#         8
  C:4C2CH         LINE#         9
  C:4C2CH         LINE#         10
  C:4C36H         LINE#         11
  C:4C36H         LINE#         12
  C:4C37H         LINE#         13
  C:4C39H         LINE#         14
  -------         ENDPROC       _PCF85063BTL_DELAY
  -------         PROC          _SPI_SENDBYTE
  D:0005H         SYMBOL        dat
  -------         DO            
  D:0003H         SYMBOL        i
  -------         ENDDO         
  C:4B02H         LINE#         17
  C:4B04H         LINE#         18
  C:4B04H         LINE#         20
  C:4B06H         LINE#         21
  C:4B06H         LINE#         22
  C:4B08H         LINE#         23
  C:4B0CH         LINE#         24
  C:4B0CH         LINE#         25
  C:4B0EH         LINE#         26
  C:4B10H         LINE#         28
  C:4B10H         LINE#         29
  C:4B12H         LINE#         30
  C:4B12H         LINE#         31
  C:4B15H         LINE#         32
  C:4B15H         LINE#         33
  C:4B18H         LINE#         34
  C:4B1CH         LINE#         35
  C:4B21H         LINE#         36
  -------         ENDPROC       _SPI_SENDBYTE
BL51 BANKED LINKER/LOCATER V6.22                                                      02/27/2019  10:01:14  PAGE 15


  -------         PROC          SPI_RECEIVEBYTE
  -------         DO            
  D:0003H         SYMBOL        i
  D:0005H         SYMBOL        dat
  -------         ENDDO         
  C:4B22H         LINE#         39
  C:4B22H         LINE#         40
  C:4B22H         LINE#         42
  C:4B24H         LINE#         44
  C:4B26H         LINE#         45
  C:4B27H         LINE#         46
  C:4B27H         LINE#         47
  C:4B2BH         LINE#         48
  C:4B2DH         LINE#         49
  C:4B30H         LINE#         51
  C:4B33H         LINE#         52
  C:4B33H         LINE#         53
  C:4B37H         LINE#         54
  C:4B37H         LINE#         55
  C:4B37H         LINE#         56
  C:4B3AH         LINE#         57
  C:4B3FH         LINE#         58
  C:4B41H         LINE#         59
  -------         ENDPROC       SPI_RECEIVEBYTE
  -------         PROC          _SPI_READTIME
  D:0007H         SYMBOL        addr
  -------         DO            
  D:0006H         SYMBOL        dat
  -------         ENDDO         
  C:4C4EH         LINE#         61
  C:4C4EH         LINE#         62
  C:4C4EH         LINE#         64
  C:4C50H         LINE#         65
  C:4C52H         LINE#         66
  C:4C59H         LINE#         67
  C:4C5CH         LINE#         68
  C:4C5EH         LINE#         69
  C:4C5EH         LINE#         70
  -------         ENDPROC       _SPI_READTIME
  -------         PROC          _SPI_WRITETIME
  D:0002H         SYMBOL        val
  D:0005H         SYMBOL        addr
  C:4BB7H         LINE#         71
  C:4BB9H         LINE#         72
  C:4BB9H         LINE#         74
  C:4BBBH         LINE#         75
  C:4BC2H         LINE#         76
  C:4BC7H         LINE#         77
  C:4BCCH         LINE#         78
  C:4BCEH         LINE#         79
  -------         ENDPROC       _SPI_WRITETIME
  -------         PROC          SPI_INIT
  C:4CAEH         LINE#         83
  C:4CAEH         LINE#         84
  C:4CAEH         LINE#         89
  C:4CB1H         LINE#         90
  C:4CB4H         LINE#         91
BL51 BANKED LINKER/LOCATER V6.22                                                      02/27/2019  10:01:14  PAGE 16


  C:4CB6H         LINE#         92
  C:4CB8H         LINE#         93
  C:4CBAH         LINE#         94
  -------         ENDPROC       SPI_INIT
  -------         PROC          _READ_TIME
  X:03BBH         SYMBOL        months
  X:03BEH         SYMBOL        days
  X:03C1H         SYMBOL        hours
  X:03C4H         SYMBOL        mins
  X:03C7H         SYMBOL        seconds
  C:4725H         LINE#         96
  C:4730H         LINE#         97
  C:4730H         LINE#         99
  C:4744H         LINE#         101
  C:4758H         LINE#         103
  C:476CH         LINE#         108
  C:4780H         LINE#         113
  -------         ENDPROC       _READ_TIME
  -------         PROC          _BCDTODEC
  D:0007H         SYMBOL        bcd
  -------         DO            
  D:0006H         SYMBOL        hi
  D:0007H         SYMBOL        lo
  -------         ENDDO         
  C:4C5FH         LINE#         119
  C:4C5FH         LINE#         120
  C:4C5FH         LINE#         122
  C:4C64H         LINE#         123
  C:4C68H         LINE#         124
  C:4C6FH         LINE#         125
  -------         ENDPROC       _BCDTODEC
  -------         PROC          _DAY_OF_YEAR
  D:0007H         SYMBOL        months_bcd
  D:0005H         SYMBOL        days_bcd
  -------         DO            
  D:0004H         SYMBOL        months
  D:0007H         SYMBOL        days
  -------         ENDDO         
  C:45BAH         LINE#         126
  C:45BAH         LINE#         127
  C:45BAH         LINE#         130
  C:45BFH         LINE#         132
  C:45C4H         LINE#         134
  C:45FDH         LINE#         135
  C:45FDH         LINE#         136
  C:45FDH         LINE#         137
  C:4600H         LINE#         138
  C:4600H         LINE#         139
  C:4600H         LINE#         140
  C:4605H         LINE#         141
  C:4605H         LINE#         142
  C:4605H         LINE#         143
  C:460AH         LINE#         144
  C:460AH         LINE#         145
  C:460AH         LINE#         146
  C:460FH         LINE#         147
  C:460FH         LINE#         148
BL51 BANKED LINKER/LOCATER V6.22                                                      02/27/2019  10:01:14  PAGE 17


  C:460FH         LINE#         149
  C:4614H         LINE#         150
  C:4614H         LINE#         151
  C:4614H         LINE#         152
  C:4619H         LINE#         153
  C:4619H         LINE#         154
  C:4619H         LINE#         155
  C:461EH         LINE#         156
  C:461EH         LINE#         157
  C:461EH         LINE#         158
  C:4623H         LINE#         159
  C:4623H         LINE#         160
  C:4623H         LINE#         161
  C:462BH         LINE#         162
  C:462BH         LINE#         163
  C:462BH         LINE#         164
  C:4630H         LINE#         165
  C:4630H         LINE#         166
  C:4630H         LINE#         167
  C:4635H         LINE#         168
  C:4635H         LINE#         169
  C:4635H         LINE#         170
  C:463DH         LINE#         171
  C:463DH         LINE#         172
  C:463DH         LINE#         173
  -------         ENDPROC       _DAY_OF_YEAR
  -------         ENDMOD        PCF85063BTL

  -------         MODULE        UART1
  C:0000H         SYMBOL        _ICE_DUMMY_
  D:0080H         PUBLIC        P0
  D:0090H         PUBLIC        P1
  D:00A0H         PUBLIC        P2
  D:00B0H         PUBLIC        P3
  D:00C0H         PUBLIC        P4
  D:00C8H         PUBLIC        P5
  B:00A8H.7       PUBLIC        EA
  D:00E8H         PUBLIC        P6
  D:00F8H         PUBLIC        P7
  C:49DAH         PUBLIC        _SendString
  D:00A8H         PUBLIC        IE
  B:00A8H.4       PUBLIC        ES
  D:00B8H         PUBLIC        IP
  C:4BCFH         PUBLIC        _ASCIItoBCD
  D:00D8H         PUBLIC        CCON
  C:4C70H         PUBLIC        initUART1
  D:0098H         PUBLIC        SCON
  D:0088H         PUBLIC        TCON
  C:000AH         PUBLIC        _DectoBCD
  C:4CF2H         PUBLIC        _ASCII_Letter
  D:008EH         PUBLIC        AUXR
  C:4CEDH         PUBLIC        _unit
  C:0003H         PUBLIC        _ten
  D:00D6H         PUBLIC        T2H
  D:00D7H         PUBLIC        T2L
  D:00D0H         PUBLIC        PSW
  -------         PROC          INITUART1
BL51 BANKED LINKER/LOCATER V6.22                                                      02/27/2019  10:01:14  PAGE 18


  C:4C70H         LINE#         21
  C:4C70H         LINE#         22
  C:4C70H         LINE#         23
  C:4C73H         LINE#         24
  C:4C76H         LINE#         25
  C:4C79H         LINE#         26
  C:4C7CH         LINE#         27
  C:4C7EH         LINE#         28
  C:4C80H         LINE#         30
  -------         ENDPROC       INITUART1
  -------         PROC          _SENDSTRING
  X:0634H         SYMBOL        s
  C:49DAH         LINE#         35
  C:49E5H         LINE#         36
  C:49E5H         LINE#         37
  C:49F5H         LINE#         38
  C:49F5H         LINE#         39
  C:4A0AH         LINE#         40
  C:4A0CH         LINE#         41
  -------         ENDPROC       _SENDSTRING
  -------         PROC          _TEN
  D:0007H         SYMBOL        BCD
  C:0003H         LINE#         43
  C:0003H         LINE#         44
  C:0003H         LINE#         45
  C:0008H         LINE#         46
  -------         ENDPROC       _TEN
  -------         PROC          _UNIT
  D:0007H         SYMBOL        BCD
  C:4CEDH         LINE#         47
  C:4CEDH         LINE#         48
  C:4CEDH         LINE#         52
  C:4CF1H         LINE#         53
  -------         ENDPROC       _UNIT
  -------         PROC          _DECTOBCD
  D:0007H         SYMBOL        dec
  C:000AH         LINE#         54
  C:000AH         LINE#         55
  C:000AH         LINE#         57
  C:000AH         LINE#         58
  -------         ENDPROC       _DECTOBCD
  -------         PROC          _ASCII_LETTER
  D:0007H         SYMBOL        dat
  C:4CF2H         LINE#         60
  C:4CF2H         LINE#         61
  C:4CF2H         LINE#         63
  C:4CF6H         LINE#         64
  -------         ENDPROC       _ASCII_LETTER
  -------         PROC          _ASCIITOBCD
  D:0001H         SYMBOL        ascii
  -------         DO            
  D:0007H         SYMBOL        dec_val
  D:0006H         SYMBOL        ten
  D:0007H         SYMBOL        unit
  -------         ENDDO         
  C:4BCFH         LINE#         66
  C:4BCFH         LINE#         67
BL51 BANKED LINKER/LOCATER V6.22                                                      02/27/2019  10:01:14  PAGE 19


  C:4BCFH         LINE#         69
  C:4BD2H         LINE#         70
  C:4BD8H         LINE#         71
  C:4BDFH         LINE#         72
  C:4BE5H         LINE#         74
  -------         ENDPROC       _ASCIITOBCD
  -------         ENDMOD        UART1

  -------         MODULE        LCD_DRIVER_SPLC780D
  C:0000H         SYMBOL        _ICE_DUMMY_
  D:0092H         PUBLIC        P1M0
  D:0091H         PUBLIC        P1M1
  D:0080H         PUBLIC        P0
  D:0090H         PUBLIC        P1
  D:00A0H         PUBLIC        P2
  D:00B0H         PUBLIC        P3
  D:00C0H         PUBLIC        P4
  D:00C8H         PUBLIC        P5
  D:00E8H         PUBLIC        P6
  D:00F8H         PUBLIC        P7
  C:463EH         PUBLIC        _WriteData
  D:00A8H         PUBLIC        IE
  D:00B8H         PUBLIC        IP
  D:00D8H         PUBLIC        CCON
  B:00B0H.4       PUBLIC        LCD_D4
  B:00B0H.5       PUBLIC        LCD_D5
  B:00B0H.6       PUBLIC        LCD_D6
  C:4B7FH         PUBLIC        _DisplayLCD
  B:00B0H.7       PUBLIC        LCD_D7
  D:0098H         PUBLIC        SCON
  D:0088H         PUBLIC        TCON
  C:4CDDH         PUBLIC        LCD_clear
  C:491FH         PUBLIC        _Command
  C:4BFCH         PUBLIC        _Display_Line
  C:47EEH         PUBLIC        LCD_Init
  C:4AE4H         PUBLIC        _Wait_ms
  B:00C0H.0       PUBLIC        LCD_RS
  B:00B0H.2       PUBLIC        LCD_RW
  C:4CD3H         PUBLIC        LCD_return_home
  B:00B0H.3       PUBLIC        LCD_E
  D:00D0H         PUBLIC        PSW
  -------         PROC          LCD_INIT
  C:47EEH         LINE#         9
  C:47EEH         LINE#         10
  C:47EEH         LINE#         11
  C:47F1H         LINE#         12
  C:47F4H         LINE#         14
  C:47FAH         LINE#         15
  C:47FFH         LINE#         17
  C:4806H         LINE#         18
  C:480BH         LINE#         20
  C:480EH         LINE#         21
  C:4813H         LINE#         23
  C:4816H         LINE#         24
  C:481BH         LINE#         26
  C:4822H         LINE#         29
  C:4827H         LINE#         30
BL51 BANKED LINKER/LOCATER V6.22                                                      02/27/2019  10:01:14  PAGE 20


  C:482CH         LINE#         32
  C:4831H         LINE#         33
  C:4836H         LINE#         35
  C:483BH         LINE#         36
  C:4840H         LINE#         37
  -------         ENDPROC       LCD_INIT
  -------         PROC          _WRITEDATA
  X:046AH         SYMBOL        dat
  C:463EH         LINE#         40
  C:4643H         LINE#         41
  C:4643H         LINE#         46
  C:4645H         LINE#         47
  C:4647H         LINE#         49
  C:4655H         LINE#         50
  C:4661H         LINE#         51
  C:466DH         LINE#         52
  C:4677H         LINE#         53
  C:4679H         LINE#         54
  C:4680H         LINE#         55
  C:4682H         LINE#         57
  C:4692H         LINE#         58
  C:469DH         LINE#         59
  C:46A7H         LINE#         60
  C:46ABH         LINE#         62
  C:46ABH         LINE#         63
  C:46AEH         LINE#         64
  C:46B0H         LINE#         65
  C:46B2H         LINE#         67
  -------         ENDPROC       _WRITEDATA
  -------         PROC          _COMMAND
  D:0007H         SYMBOL        dat
  C:491FH         LINE#         69
  C:491FH         LINE#         70
  C:491FH         LINE#         71
  C:4921H         LINE#         72
  C:4923H         LINE#         74
  C:492DH         LINE#         75
  C:4931H         LINE#         77
  C:4933H         LINE#         78
  C:493CH         LINE#         79
  C:4940H         LINE#         81
  C:4942H         LINE#         82
  C:4949H         LINE#         83
  C:494DH         LINE#         85
  C:494FH         LINE#         86
  C:4953H         LINE#         87
  C:4957H         LINE#         89
  C:4959H         LINE#         90
  C:4959H         LINE#         91
  C:495CH         LINE#         92
  C:495EH         LINE#         93
  -------         ENDPROC       _COMMAND
  C:4AE0H         SYMBOL        L?0028
  -------         PROC          L?0027
  -------         ENDPROC       L?0027
  C:4AE0H         SYMBOL        L?0028
  -------         PROC          _WAIT_MS
BL51 BANKED LINKER/LOCATER V6.22                                                      02/27/2019  10:01:14  PAGE 21


  D:0006H         SYMBOL        ms
  -------         DO            
  D:0004H         SYMBOL        De_Cnt
  -------         ENDDO         
  C:4AE4H         LINE#         95
  C:4AE4H         LINE#         96
  C:4AE4H         LINE#         98
  C:4AEEH         LINE#         99
  C:4AEEH         LINE#         100
  C:4B01H         LINE#         101
  C:4B01H         LINE#         102
  -------         ENDPROC       _WAIT_MS
  -------         PROC          _DISPLAYLCD
  D:0007H         SYMBOL        BCD
  -------         DO            
  D:0006H         SYMBOL        first_digit
  X:03BBH         SYMBOL        second_digit
  -------         ENDDO         
  C:4B7FH         LINE#         103
  C:4B7FH         LINE#         104
  C:4B7FH         LINE#         106
  C:4B86H         LINE#         107
  C:4B8FH         LINE#         109
  C:4B94H         LINE#         111
  -------         ENDPROC       _DISPLAYLCD
  -------         PROC          LCD_RETURN_HOME
  C:4CD3H         LINE#         115
  C:4CD3H         LINE#         116
  C:4CD3H         LINE#         117
  C:4CD8H         LINE#         118
  -------         ENDPROC       LCD_RETURN_HOME
  -------         PROC          LCD_CLEAR
  C:4CDDH         LINE#         121
  C:4CDDH         LINE#         122
  C:4CDDH         LINE#         123
  C:4CE2H         LINE#         124
  -------         ENDPROC       LCD_CLEAR
  -------         PROC          _DISPLAY_LINE
  D:0006H         SYMBOL        line
  C:4BFCH         LINE#         128
  C:4BFCH         LINE#         129
  C:4BFCH         LINE#         130
  C:4C02H         LINE#         131
  C:4C02H         LINE#         132
  C:4C04H         LINE#         133
  C:4C04H         LINE#         134
  C:4C06H         LINE#         136
  C:4C06H         LINE#         137
  C:4C0BH         LINE#         138
  C:4C10H         LINE#         139
  C:4C10H         LINE#         140
  -------         ENDPROC       _DISPLAY_LINE
  -------         ENDMOD        LCD_DRIVER_SPLC780D

  -------         MODULE        KEYPAD
  C:0000H         SYMBOL        _ICE_DUMMY_
  D:0093H         PUBLIC        P0M1
BL51 BANKED LINKER/LOCATER V6.22                                                      02/27/2019  10:01:14  PAGE 22


  D:0080H         PUBLIC        P0
  D:0090H         PUBLIC        P1
  D:00A0H         PUBLIC        P2
  D:00B0H         PUBLIC        P3
  D:00C0H         PUBLIC        P4
  D:00C8H         PUBLIC        P5
  B:0020H.0       PUBLIC        calib_mode
  D:00E8H         PUBLIC        P6
  D:00F8H         PUBLIC        P7
  D:00A8H         PUBLIC        IE
  C:35F7H         PUBLIC        Key_Scan
  D:00B8H         PUBLIC        IP
  D:00D8H         PUBLIC        CCON
  C:4CBBH         PUBLIC        KeyPad_IO_Init
  C:4B61H         PUBLIC        _Delay_ms
  D:0098H         PUBLIC        SCON
  D:0088H         PUBLIC        TCON
  B:0020H.1       PUBLIC        small_move
  B:0020H.2       PUBLIC        move
  B:0020H.3       PUBLIC        direction
  B:0020H.4       PUBLIC        auto_move
  C:2FF4H         PUBLIC        Key_Process
  D:00D0H         PUBLIC        PSW
  D:0094H         PUBLIC        P0M0
  -------         PROC          _DELAY_MS
  D:0006H         SYMBOL        ms
  -------         DO            
  D:0004H         SYMBOL        De_Cnt
  -------         ENDDO         
  C:4B61H         LINE#         19
  C:4B61H         LINE#         20
  C:4B61H         LINE#         22
  C:4B6BH         LINE#         23
  C:4B6BH         LINE#         24
  C:4B7EH         LINE#         25
  C:4B7EH         LINE#         26
  -------         ENDPROC       _DELAY_MS
  -------         PROC          KEY_SCAN
  -------         DO            
  X:03C1H         SYMBOL        KeyTemp1
  X:03C2H         SYMBOL        KeyTemp2
  X:03C3H         SYMBOL        KeyValue
  -------         ENDDO         
  C:35F7H         LINE#         27
  C:35F7H         LINE#         28
  C:35F7H         LINE#         33
  C:35FAH         LINE#         36
  C:35FDH         LINE#         38
  C:3605H         LINE#         39
  C:360CH         LINE#         40
  C:360CH         LINE#         42
  C:3611H         LINE#         43
  C:3618H         LINE#         44
  C:3618H         LINE#         47
  C:361BH         LINE#         48
  C:361EH         LINE#         49
  C:3623H         LINE#         50
BL51 BANKED LINKER/LOCATER V6.22                                                      02/27/2019  10:01:14  PAGE 23


  C:3627H         LINE#         51
  C:3627H         LINE#         52
  C:362FH         LINE#         53
  C:362FH         LINE#         54
  C:3632H         LINE#         55
  C:363AH         LINE#         56
  C:363CH         LINE#         58
  C:3650H         LINE#         59
  C:3650H         LINE#         60
  C:3650H         LINE#         61
  C:3650H         LINE#         62
  C:3656H         LINE#         64
  C:3658H         LINE#         65
  C:3658H         LINE#         66
  C:3658H         LINE#         67
  C:365EH         LINE#         69
  C:3660H         LINE#         70
  C:3660H         LINE#         71
  C:3660H         LINE#         72
  C:3666H         LINE#         74
  C:3668H         LINE#         75
  C:3668H         LINE#         76
  C:3668H         LINE#         77
  C:366EH         LINE#         79
  C:366EH         LINE#         80
  C:366EH         LINE#         81
  C:366EH         LINE#         84
  C:3671H         LINE#         85
  C:3674H         LINE#         86
  C:367CH         LINE#         87
  C:3680H         LINE#         88
  C:3680H         LINE#         89
  C:3688H         LINE#         90
  C:3688H         LINE#         91
  C:368BH         LINE#         92
  C:3693H         LINE#         93
  C:3695H         LINE#         94
  C:36A9H         LINE#         95
  C:36A9H         LINE#         96
  C:36A9H         LINE#         97
  C:36A9H         LINE#         98
  C:36AFH         LINE#         100
  C:36B1H         LINE#         101
  C:36B1H         LINE#         102
  C:36B1H         LINE#         103
  C:36B7H         LINE#         105
  C:36B9H         LINE#         106
  C:36B9H         LINE#         107
  C:36B9H         LINE#         108
  C:36BFH         LINE#         110
  C:36C1H         LINE#         111
  C:36C1H         LINE#         112
  C:36C1H         LINE#         113
  C:36C6H         LINE#         115
  C:36C6H         LINE#         116
  C:36C6H         LINE#         117
  C:36C6H         LINE#         120
BL51 BANKED LINKER/LOCATER V6.22                                                      02/27/2019  10:01:14  PAGE 24


  C:36C9H         LINE#         121
  C:36CCH         LINE#         122
  C:36D4H         LINE#         123
  C:36D8H         LINE#         124
  C:36D8H         LINE#         125
  C:36E0H         LINE#         126
  C:36E0H         LINE#         127
  C:36E3H         LINE#         128
  C:36EBH         LINE#         129
  C:36EDH         LINE#         130
  C:3701H         LINE#         131
  C:3701H         LINE#         132
  C:3701H         LINE#         133
  C:3701H         LINE#         134
  C:3707H         LINE#         136
  C:3709H         LINE#         137
  C:3709H         LINE#         138
  C:3709H         LINE#         139
  C:370FH         LINE#         141
  C:3711H         LINE#         142
  C:3711H         LINE#         143
  C:3711H         LINE#         144
  C:3717H         LINE#         146
  C:3719H         LINE#         147
  C:3719H         LINE#         148
  C:3719H         LINE#         149
  C:371FH         LINE#         151
  C:371FH         LINE#         152
  C:371FH         LINE#         153
  C:371FH         LINE#         157
  C:3722H         LINE#         158
  C:3725H         LINE#         159
  C:372DH         LINE#         160
  C:3731H         LINE#         161
  C:3731H         LINE#         162
  C:3739H         LINE#         163
  C:3739H         LINE#         164
  C:373CH         LINE#         165
  C:3744H         LINE#         166
  C:3746H         LINE#         167
  C:375AH         LINE#         168
  C:375AH         LINE#         169
  C:375AH         LINE#         170
  C:375AH         LINE#         171
  C:3760H         LINE#         173
  C:3762H         LINE#         174
  C:3762H         LINE#         175
  C:3762H         LINE#         176
  C:3768H         LINE#         178
  C:376AH         LINE#         179
  C:376AH         LINE#         180
  C:376AH         LINE#         181
  C:3770H         LINE#         183
  C:3772H         LINE#         184
  C:3772H         LINE#         185
  C:3772H         LINE#         186
  C:3778H         LINE#         188
BL51 BANKED LINKER/LOCATER V6.22                                                      02/27/2019  10:01:14  PAGE 25


  C:3778H         LINE#         189
  C:3778H         LINE#         190
  C:3778H         LINE#         192
  C:377EH         LINE#         193
  C:377EH         LINE#         195
  C:377EH         LINE#         196
  C:3781H         LINE#         197
  C:3781H         LINE#         198
  C:3781H         LINE#         200
  C:3781H         LINE#         201
  C:3783H         LINE#         202
  C:3783H         LINE#         203
  -------         ENDPROC       KEY_SCAN
  -------         PROC          KEY_PROCESS
  -------         DO            
  X:061AH         SYMBOL        KeyCount
  X:061CH         SYMBOL        KeyNum_Old
  X:061DH         SYMBOL        KeyNum
  X:061EH         SYMBOL        PressedKey
  X:03BBH         SYMBOL        d
  D:0004H         SYMBOL        hours
  D:0006H         SYMBOL        mins
  X:03BDH         SYMBOL        months
  X:03BFH         SYMBOL        days
  -------         ENDDO         
  C:2FF4H         LINE#         204
  C:2FF4H         LINE#         205
  C:2FF4H         LINE#         209
  C:2FFCH         LINE#         210
  C:3004H         LINE#         212
  C:3007H         LINE#         213
  C:3007H         LINE#         214
  C:300AH         LINE#         216
  C:300AH         LINE#         217
  C:3017H         LINE#         218
  C:3017H         LINE#         219
  C:301AH         LINE#         220
  C:301DH         LINE#         222
  C:3020H         LINE#         224
  C:3020H         LINE#         225
  C:302BH         LINE#         226
  C:302BH         LINE#         227
  C:302EH         LINE#         229
  C:302EH         LINE#         230
  C:3035H         LINE#         231
  C:3035H         LINE#         232
  C:3038H         LINE#         234
  C:3038H         LINE#         235
  C:3040H         LINE#         236
  C:3040H         LINE#         237
  C:304AH         LINE#         238
  C:3052H         LINE#         240
  C:305BH         LINE#         242
  C:305BH         LINE#         251
  C:3070H         LINE#         252
  C:3070H         LINE#         253
  C:3082H         LINE#         254
BL51 BANKED LINKER/LOCATER V6.22                                                      02/27/2019  10:01:14  PAGE 26


  C:3090H         LINE#         255
  C:309FH         LINE#         256
  C:309FH         LINE#         258
  C:30A5H         LINE#         262
  C:30BBH         LINE#         263
  C:30CCH         LINE#         264
  C:30E7H         LINE#         265
  C:30E7H         LINE#         266
  C:30F7H         LINE#         267
  C:3108H         LINE#         268
  C:3108H         LINE#         272
  C:3121H         LINE#         273
  C:3138H         LINE#         274
  C:3158H         LINE#         275
  C:3158H         LINE#         276
  C:3162H         LINE#         277
  C:3162H         LINE#         278
  C:316BH         LINE#         279
  C:316BH         LINE#         280
  C:317FH         LINE#         281
  C:317FH         LINE#         282
  C:317FH         LINE#         283
  C:317FH         LINE#         284
  C:317FH         LINE#         285
  C:3181H         LINE#         287
  C:3181H         LINE#         288
  C:318DH         LINE#         289
  C:318DH         LINE#         290
  C:319EH         LINE#         291
  C:319EH         LINE#         292
  C:319EH         LINE#         293
  C:319EH         LINE#         294
  C:319EH         LINE#         296
  C:31A0H         LINE#         298
  C:31A0H         LINE#         299
  C:31B1H         LINE#         300
  C:31B1H         LINE#         301
  C:31B1H         LINE#         302
  C:31B1H         LINE#         303
  C:31B1H         LINE#         305
  C:31B1H         LINE#         307
  C:31B1H         LINE#         308
  C:31B3H         LINE#         310
  C:31B3H         LINE#         311
  C:31C6H         LINE#         312
  C:31C6H         LINE#         313
  C:31D7H         LINE#         314
  C:31D7H         LINE#         315
  C:31D7H         LINE#         316
  C:31D7H         LINE#         317
  C:31D7H         LINE#         318
  C:31D9H         LINE#         320
  C:31D9H         LINE#         321
  C:31EAH         LINE#         322
  C:31EAH         LINE#         323
  C:31FBH         LINE#         324
  C:320CH         LINE#         325
BL51 BANKED LINKER/LOCATER V6.22                                                      02/27/2019  10:01:14  PAGE 27


  C:320CH         LINE#         326
  C:320CH         LINE#         327
  C:320CH         LINE#         328
  C:320CH         LINE#         329
  C:320FH         LINE#         330
  C:3214H         LINE#         331
  C:3219H         LINE#         332
  C:321EH         LINE#         333
  C:3223H         LINE#         334
  C:3228H         LINE#         335
  C:322DH         LINE#         336
  C:3232H         LINE#         337
  C:3232H         LINE#         339
  C:3254H         LINE#         340
  C:3254H         LINE#         341
  C:325EH         LINE#         342
  C:325EH         LINE#         343
  C:3263H         LINE#         344
  C:326CH         LINE#         345
  C:3283H         LINE#         346
  C:3283H         LINE#         347
  C:3293H         LINE#         349
  C:3293H         LINE#         353
  -------         ENDPROC       KEY_PROCESS
  -------         PROC          KEYPAD_IO_INIT
  C:4CBBH         LINE#         356
  C:4CBBH         LINE#         357
  C:4CBBH         LINE#         358
  C:4CBEH         LINE#         359
  C:4CC1H         LINE#         360
  C:4CC4H         LINE#         361
  C:4CC6H         LINE#         362
  -------         ENDPROC       KEYPAD_IO_INIT
  -------         ENDMOD        KEYPAD

  -------         MODULE        BIPOLARMOTOR
  C:0000H         SYMBOL        _ICE_DUMMY_
  D:0080H         PUBLIC        P0
  D:0090H         PUBLIC        P1
  X:0000H         PUBLIC        RX_pos_test
  D:00A0H         PUBLIC        P2
  D:00B0H         PUBLIC        P3
  D:00C0H         PUBLIC        P4
  D:00C8H         PUBLIC        P5
  D:00E8H         PUBLIC        P6
  D:00F8H         PUBLIC        P7
  X:00A0H         PUBLIC        low_date_azimuth_mapping
  D:00A8H         PUBLIC        IE
  C:400BH         PUBLIC        linear_interpolate
  C:4A8FH         PUBLIC        _Move
  D:00B8H         PUBLIC        IP
  C:32C7H         PUBLIC        _findDet3x3
  C:2D34H         PUBLIC        _findDet4x4
  D:00D8H         PUBLIC        CCON
  X:00C8H         PUBLIC        previous_move_time
  D:0098H         PUBLIC        SCON
  D:0088H         PUBLIC        TCON
BL51 BANKED LINKER/LOCATER V6.22                                                      02/27/2019  10:01:14  PAGE 28


  C:4CF7H         PUBLIC        wait
  C:495FH         PUBLIC        _Step_move
  X:00C9H         PUBLIC        dat
  C:000EH         PUBLIC        _Update_position
  C:4847H         PUBLIC        vOneStepMove
  X:00CFH         PUBLIC        elevation_stamp
  X:010BH         PUBLIC        date_azimuth_mapping
  X:0133H         PUBLIC        RX_pos
  C:4BA6H         PUBLIC        _BCDtoDec1
  X:038BH         PUBLIC        degree
  D:00D0H         PUBLIC        PSW
  -------         PROC          L?0062
  -------         ENDPROC       L?0062
  -------         PROC          _BCDTODEC1
  D:0007H         SYMBOL        bcd
  -------         DO            
  D:0006H         SYMBOL        hi
  D:0007H         SYMBOL        lo
  -------         ENDDO         
  C:4BA6H         LINE#         28
  C:4BA6H         LINE#         29
  C:4BA6H         LINE#         31
  C:4BABH         LINE#         32
  C:4BAFH         LINE#         33
  C:4BB6H         LINE#         34
  -------         ENDPROC       _BCDTODEC1
  -------         PROC          WAIT
  C:4CF7H         LINE#         36
  C:4CF7H         LINE#         38
  -------         ENDPROC       WAIT
  -------         PROC          VONESTEPMOVE
  B:0020H.7       SYMBOL        bDir
  C:4847H         LINE#         40
  C:4847H         LINE#         41
  C:4847H         LINE#         43
  C:484DH         LINE#         44
  C:484DH         LINE#         45
  C:4850H         LINE#         46
  C:4859H         LINE#         47
  C:4860H         LINE#         48
  C:4865H         LINE#         49
  C:4865H         LINE#         50
  C:4865H         LINE#         52
  C:4867H         LINE#         55
  C:4867H         LINE#         56
  C:486AH         LINE#         57
  C:4873H         LINE#         58
  C:487AH         LINE#         59
  C:4880H         LINE#         60
  C:4889H         LINE#         61
  C:4890H         LINE#         62
  C:4890H         LINE#         66
  -------         ENDPROC       VONESTEPMOVE
  -------         PROC          _STEP_MOVE
  X:0479H         SYMBOL        step
  B:0020H.6       SYMBOL        dir
  -------         DO            
BL51 BANKED LINKER/LOCATER V6.22                                                      02/27/2019  10:01:14  PAGE 29


  X:047BH         SYMBOL        i
  -------         ENDDO         
  C:495FH         LINE#         68
  C:4967H         LINE#         69
  C:4967H         LINE#         71
  C:496CH         LINE#         74
  C:4987H         LINE#         75
  C:4987H         LINE#         76
  C:498EH         LINE#         78
  C:499EH         LINE#         80
  -------         ENDPROC       _STEP_MOVE
  -------         PROC          _MOVE
  X:0475H         SYMBOL        distance
  B:0020H.5       SYMBOL        direction
  -------         DO            
  D:0006H         SYMBOL        step
  -------         ENDDO         
  C:4A8FH         LINE#         82
  C:4A95H         LINE#         83
  C:4A95H         LINE#         86
  C:4AB0H         LINE#         87
  -------         ENDPROC       _MOVE
  C:32A8H         SYMBOL        L?0058
  C:32BCH         SYMBOL        L?0059
  -------         PROC          L?0057
  -------         ENDPROC       L?0057
  C:32A8H         SYMBOL        L?0058
  C:32BCH         SYMBOL        L?0059
  -------         PROC          _FINDDET3X3
  X:05F6H         SYMBOL        a11
  X:05FAH         SYMBOL        a12
  X:05FEH         SYMBOL        a13
  X:0602H         SYMBOL        a21
  X:0606H         SYMBOL        a22
  X:060AH         SYMBOL        a23
  X:060EH         SYMBOL        a31
  X:0612H         SYMBOL        a32
  X:0616H         SYMBOL        a33
  C:32C7H         LINE#         91
  C:32CDH         LINE#         95
  C:32CDH         LINE#         96
  C:3464H         LINE#         98
  -------         ENDPROC       _FINDDET3X3
  -------         PROC          _FINDDET4X4
  X:05B6H         SYMBOL        a11
  X:05BAH         SYMBOL        a12
  X:05BEH         SYMBOL        a13
  X:05C2H         SYMBOL        a14
  X:05C6H         SYMBOL        a21
  X:05CAH         SYMBOL        a22
  X:05CEH         SYMBOL        a23
  X:05D2H         SYMBOL        a24
  X:05D6H         SYMBOL        a31
  X:05DAH         SYMBOL        a32
  X:05DEH         SYMBOL        a33
  X:05E2H         SYMBOL        a34
  X:05E6H         SYMBOL        a41
BL51 BANKED LINKER/LOCATER V6.22                                                      02/27/2019  10:01:14  PAGE 30


  X:05EAH         SYMBOL        a42
  X:05EEH         SYMBOL        a43
  X:05F2H         SYMBOL        a44
  C:2D34H         LINE#         99
  C:2D3AH         LINE#         103
  C:2D3AH         LINE#         110
  C:2FF3H         LINE#         114
  -------         ENDPROC       _FINDDET4X4
  C:3FFAH         SYMBOL        L?0061
  -------         PROC          L?0060
  -------         ENDPROC       L?0060
  C:3FFAH         SYMBOL        L?0061
  -------         PROC          LINEAR_INTERPOLATE
  X:0475H         SYMBOL        p1
  X:047DH         SYMBOL        p2
  X:0485H         SYMBOL        x
  -------         DO            
  D:0004H         SYMBOL        fx
  -------         ENDDO         
  C:400BH         LINE#         120
  C:400BH         LINE#         121
  C:400BH         LINE#         124
  C:40AAH         LINE#         126
  C:40AAH         LINE#         127
  -------         ENDPROC       LINEAR_INTERPOLATE
  -------         PROC          _UPDATE_POSITION
  D:0001H         SYMBOL        mnths
  D:0002H         SYMBOL        dys
  X:03D8H         SYMBOL        hurs
  X:03D9H         SYMBOL        mns
  X:03DAH         SYMBOL        sconds
  X:03DBH         SYMBOL        currnt_pos
  X:03DEH         SYMBOL        offset_calib
  -------         DO            
  X:03E2H         SYMBOL        date
  X:03E4H         SYMBOL        i
  X:03E6H         SYMBOL        yy
  X:03E8H         SYMBOL        desired_distance
  X:03ECH         SYMBOL        distance
  X:03F0H         SYMBOL        JP_pos
  X:03F4H         SYMBOL        pos_interpolate_azimuth
  X:0430H         SYMBOL        current_local_sun_time
  X:0434H         SYMBOL        azimuth
  X:0438H         SYMBOL        elevation
  X:043CH         SYMBOL        time_offset
  X:0440H         SYMBOL        UTC_time
  X:0444H         SYMBOL        declination
  X:0448H         SYMBOL        p1
  X:0450H         SYMBOL        p2
  X:0458H         SYMBOL        time
  X:046AH         SYMBOL        location
  X:0472H         SYMBOL        sunCoord
  -------         ENDDO         
  C:000EH         LINE#         131
  C:0017H         LINE#         134
  C:0017H         LINE#         135
  C:0022H         LINE#         137
BL51 BANKED LINKER/LOCATER V6.22                                                      02/27/2019  10:01:14  PAGE 31


  C:003EH         LINE#         138
  C:0048H         LINE#         146
  C:0052H         LINE#         147
  C:005CH         LINE#         148
  C:0066H         LINE#         149
  C:0071H         LINE#         150
  C:007CH         LINE#         151
  C:0095H         LINE#         152
  C:00A6H         LINE#         153
  C:00B5H         LINE#         156
  C:00C9H         LINE#         160
  C:011BH         LINE#         161
  C:027FH         LINE#         162
  C:02CFH         LINE#         164
  C:03F7H         LINE#         166
  C:04C6H         LINE#         173
  C:050DH         LINE#         174
  C:050DH         LINE#         176
  C:0527H         LINE#         177
  C:0527H         LINE#         178
  C:0597H         LINE#         179
  C:0597H         LINE#         180
  C:059EH         LINE#         181
  C:059EH         LINE#         182
  C:05CBH         LINE#         183
  C:05E6H         LINE#         185
  C:062DH         LINE#         186
  C:0661H         LINE#         188
  C:06A7H         LINE#         189
  C:06CAH         LINE#         191
  C:06CAH         LINE#         193
  C:0740H         LINE#         194
  C:0740H         LINE#         195
  C:0747H         LINE#         196
  C:0747H         LINE#         197
  C:0774H         LINE#         198
  C:078FH         LINE#         200
  C:07D6H         LINE#         201
  C:080AH         LINE#         203
  C:0850H         LINE#         204
  C:0870H         LINE#         206
  C:0870H         LINE#         207
  C:0881H         LINE#         210
  C:089BH         LINE#         211
  C:089BH         LINE#         212
  C:090BH         LINE#         213
  C:090BH         LINE#         214
  C:0938H         LINE#         215
  C:0953H         LINE#         217
  C:0980H         LINE#         218
  C:099BH         LINE#         220
  C:09CDH         LINE#         223
  C:09CDH         LINE#         225
  C:09DEH         LINE#         227
  C:0A0DH         LINE#         229
  C:0A32H         LINE#         230
  C:0A97H         LINE#         231
BL51 BANKED LINKER/LOCATER V6.22                                                      02/27/2019  10:01:14  PAGE 32


  C:0A97H         LINE#         232
  C:0AB1H         LINE#         233
  C:0AC3H         LINE#         234
  C:0ADBH         LINE#         235
  C:0AF1H         LINE#         237
  C:0B0DH         LINE#         238
  C:0B0DH         LINE#         239
  C:0B0DH         LINE#         242
  -------         ENDPROC       _UPDATE_POSITION
  -------         ENDMOD        BIPOLARMOTOR

  -------         MODULE        SUNPOS
  C:0000H         SYMBOL        _ICE_DUMMY_
  C:1E90H         PUBLIC        sunpos
  -------         PROC          SUNPOS
  X:0475H         SYMBOL        udtTime
  X:0487H         SYMBOL        udtLocation
  X:048FH         SYMBOL        udtSunCoordinates
  -------         DO            
  X:0492H         SYMBOL        dElapsedJulianDays
  X:0496H         SYMBOL        dDecimalHours
  X:049AH         SYMBOL        dEclipticLongitude
  X:049EH         SYMBOL        dEclipticObliquity
  X:04A2H         SYMBOL        dRightAscension
  X:04A6H         SYMBOL        dDeclination
  X:04AAH         SYMBOL        dY
  X:04AEH         SYMBOL        dX
  -------         DO            
  X:04B2H         SYMBOL        dJulianDate
  X:04B6H         SYMBOL        liAux1
  X:04BAH         SYMBOL        liAux2
  X:04B2H         SYMBOL        dMeanLongitude
  X:04B6H         SYMBOL        dMeanAnomaly
  X:04BAH         SYMBOL        dOmega
  X:04B2H         SYMBOL        dSin_EclipticLongitude
  X:04B2H         SYMBOL        dGreenwichMeanSiderealTime
  X:04B6H         SYMBOL        dLocalMeanSiderealTime
  X:04BAH         SYMBOL        dLatitudeInRadians
  X:04BEH         SYMBOL        dHourAngle
  X:04C2H         SYMBOL        dCos_Latitude
  X:04C6H         SYMBOL        dSin_Latitude
  X:04CAH         SYMBOL        dCos_HourAngle
  X:04CEH         SYMBOL        dParallax
  -------         ENDDO         
  -------         DO            
  X:04B2H         SYMBOL        dMeanLongitude
  X:04B6H         SYMBOL        dMeanAnomaly
  X:04BAH         SYMBOL        dOmega
  X:04B2H         SYMBOL        dSin_EclipticLongitude
  X:04B2H         SYMBOL        dGreenwichMeanSiderealTime
  X:04B6H         SYMBOL        dLocalMeanSiderealTime
  X:04BAH         SYMBOL        dLatitudeInRadians
  X:04BEH         SYMBOL        dHourAngle
  X:04C2H         SYMBOL        dCos_Latitude
  X:04C6H         SYMBOL        dSin_Latitude
  X:04CAH         SYMBOL        dCos_HourAngle
  X:04CEH         SYMBOL        dParallax
BL51 BANKED LINKER/LOCATER V6.22                                                      02/27/2019  10:01:14  PAGE 33


  -------         ENDDO         
  -------         DO            
  X:04B2H         SYMBOL        dSin_EclipticLongitude
  X:04B2H         SYMBOL        dGreenwichMeanSiderealTime
  X:04B6H         SYMBOL        dLocalMeanSiderealTime
  X:04BAH         SYMBOL        dLatitudeInRadians
  X:04BEH         SYMBOL        dHourAngle
  X:04C2H         SYMBOL        dCos_Latitude
  X:04C6H         SYMBOL        dSin_Latitude
  X:04CAH         SYMBOL        dCos_HourAngle
  X:04CEH         SYMBOL        dParallax
  -------         ENDDO         
  -------         DO            
  X:04B2H         SYMBOL        dGreenwichMeanSiderealTime
  X:04B6H         SYMBOL        dLocalMeanSiderealTime
  X:04BAH         SYMBOL        dLatitudeInRadians
  X:04BEH         SYMBOL        dHourAngle
  X:04C2H         SYMBOL        dCos_Latitude
  X:04C6H         SYMBOL        dSin_Latitude
  X:04CAH         SYMBOL        dCos_HourAngle
  X:04CEH         SYMBOL        dParallax
  -------         ENDDO         
  -------         ENDDO         
  C:1E90H         LINE#         6
  C:1E90H         LINE#         7
  C:1E90H         LINE#         9
  C:1E90H         LINE#         27
  C:1EDAH         LINE#         30
  C:1EFBH         LINE#         31
  C:2042H         LINE#         34
  C:208EH         LINE#         36
  C:20ADH         LINE#         37
  C:20ADH         LINE#         42
  C:20ADH         LINE#         46
  C:20DFH         LINE#         47
  C:2109H         LINE#         48
  C:2133H         LINE#         49
  C:21E0H         LINE#         52
  C:2241H         LINE#         54
  C:2241H         LINE#         59
  C:2241H         LINE#         61
  C:2258H         LINE#         62
  C:2280H         LINE#         63
  C:2297H         LINE#         64
  C:22C2H         LINE#         65
  C:22F9H         LINE#         66
  C:2324H         LINE#         67
  C:2324H         LINE#         70
  C:2324H         LINE#         79
  C:235FH         LINE#         82
  C:2399H         LINE#         84
  C:23BEH         LINE#         85
  C:23DDH         LINE#         86
  C:23F4H         LINE#         87
  C:240BH         LINE#         88
  C:2422H         LINE#         89
  C:24ABH         LINE#         91
BL51 BANKED LINKER/LOCATER V6.22                                                      02/27/2019  10:01:14  PAGE 34


  C:24C5H         LINE#         92
  C:2527H         LINE#         93
  C:255DH         LINE#         94
  C:256FH         LINE#         95
  C:259CH         LINE#         96
  C:25C9H         LINE#         98
  C:25EBH         LINE#         100
  C:2623H         LINE#         103
  C:2623H         LINE#         104
  C:2631H         LINE#         105
  -------         ENDPROC       SUNPOS
  -------         ENDMOD        SUNPOS

  -------         MODULE        ADC
  C:0000H         SYMBOL        _ICE_DUMMY_
  D:0092H         PUBLIC        P1M0
  D:0091H         PUBLIC        P1M1
  D:0080H         PUBLIC        P0
  D:0090H         PUBLIC        P1
  D:00A0H         PUBLIC        P2
  D:00B0H         PUBLIC        P3
  D:00C0H         PUBLIC        P4
  D:00C8H         PUBLIC        P5
  D:00E8H         PUBLIC        P6
  D:00F8H         PUBLIC        P7
  D:00A8H         PUBLIC        IE
  D:00BDH         PUBLIC        ADC_RES
  D:00B8H         PUBLIC        IP
  D:0097H         PUBLIC        CLK_DIV
  D:00D8H         PUBLIC        CCON
  D:00BCH         PUBLIC        ADC_CONTR
  D:0098H         PUBLIC        SCON
  D:0088H         PUBLIC        TCON
  B:00A0H.4       PUBLIC        P24
  B:00A0H.5       PUBLIC        P25
  B:00A0H.6       PUBLIC        P26
  C:4B42H         PUBLIC        ADC_Init
  C:4A0DH         PUBLIC        _ADC_GetResult
  D:009DH         PUBLIC        P1ASF
  D:00BEH         PUBLIC        ADC_RESL
  D:00D0H         PUBLIC        PSW
  -------         PROC          ADC_INIT
  C:4B42H         LINE#         7
  C:4B42H         LINE#         8
  C:4B42H         LINE#         10
  C:4B44H         LINE#         11
[...]
  C:3EC5H         LINE#         134
  C:3EC5H         LINE#         135
  C:3EC7H         LINE#         136
  C:3ECAH         LINE#         137
  C:3ED1H         LINE#         138
  C:3ED1H         LINE#         139
  C:3ED3H         LINE#         140
  C:3ED5H         LINE#         142
  C:3ED5H         LINE#         143
  C:3ED7H         LINE#         145
  C:3ED7H         LINE#         146
  C:3ED7H         LINE#         147
  C:3ED7H         LINE#         148
  C:3EDAH         LINE#         149
  C:3EE1H         LINE#         151
  C:3F00H         LINE#         153
  C:3F02H         LINE#         154
  C:3F05H         LINE#         155
  C:3F0CH         LINE#         157
  -------         ENDPROC       _AT25SF041_WRITE
  -------         PROC          _AT25SF041_READ
  D:0003H         SYMBOL        opcode
  X:0624H         SYMBOL        addr
  -------         DO            
  X:0628H         SYMBOL        dat
  X:0629H         SYMBOL        i
  -------         ENDDO         
  C:3CFBH         LINE#         159
BL51 BANKED LINKER/LOCATER V6.22                                                      02/27/2019  10:01:14  PAGE 45


  C:3CFDH         LINE#         160
  C:3CFDH         LINE#         161
  C:3D02H         LINE#         163
  C:3D04H         LINE#         164
  C:3D0AH         LINE#         168
  C:3D0FH         LINE#         169
  C:3D0FH         LINE#         170
  C:3D11H         LINE#         171
  C:3D14H         LINE#         172
  C:3D18H         LINE#         173
  C:3D18H         LINE#         174
  C:3D1AH         LINE#         175
  C:3D1CH         LINE#         177
  C:3D1CH         LINE#         178
  C:3D1EH         LINE#         180
  C:3D1EH         LINE#         181
  C:3D1EH         LINE#         182
  C:3D1EH         LINE#         183
  C:3D21H         LINE#         184
  C:3D25H         LINE#         187
  C:3D44H         LINE#         189
  C:3D4BH         LINE#         190
  C:3D4BH         LINE#         191
  C:3D4DH         LINE#         192
  C:3D50H         LINE#         193
  C:3D6CH         LINE#         194
  C:3D6CH         LINE#         195
  C:3D6EH         LINE#         196
  C:3D70H         LINE#         198
  C:3D70H         LINE#         199
  C:3D72H         LINE#         201
  C:3D72H         LINE#         202
  C:3D72H         LINE#         203
  C:3D72H         LINE#         204
  C:3D75H         LINE#         205
  C:3D8EH         LINE#         207
  C:3DADH         LINE#         210
  C:3DB4H         LINE#         212
  C:3DB6H         LINE#         213
  C:3DBDH         LINE#         215
  C:3DC4H         LINE#         216
  C:3DC4H         LINE#         217
  C:3DCBH         LINE#         218
  C:3DCBH         LINE#         219
  C:3DCEH         LINE#         220
  C:3DD0H         LINE#         221
  C:3DD3H         LINE#         223
  C:3DD6H         LINE#         224
  C:3DD6H         LINE#         226
  C:3DDAH         LINE#         227
  C:3DDAH         LINE#         233
  C:3DF9H         LINE#         236
  C:3DFBH         LINE#         237
  C:3DFEH         LINE#         238
  C:3E05H         LINE#         240
  C:3E0AH         LINE#         242
  -------         ENDPROC       _AT25SF041_READ
BL51 BANKED LINKER/LOCATER V6.22                                                      02/27/2019  10:01:14  PAGE 46


  -------         PROC          UCREAD_STATUS_REGISTER_BYTE1
  -------         DO            
  D:0003H         SYMBOL        dat
  D:0001H         SYMBOL        opcode
  X:03D1H         SYMBOL        count
  X:03D2H         SYMBOL        i
  -------         ENDDO         
  C:42BFH         LINE#         246
  C:42BFH         LINE#         247
  C:42BFH         LINE#         248
  C:42C5H         LINE#         249
  C:42C9H         LINE#         250
  C:42CBH         LINE#         251
  C:42CDH         LINE#         252
  C:42D3H         LINE#         256
  C:42DAH         LINE#         257
  C:42DAH         LINE#         258
  C:42DCH         LINE#         259
  C:42DFH         LINE#         260
  C:42E3H         LINE#         261
  C:42E3H         LINE#         262
  C:42E5H         LINE#         263
  C:42E7H         LINE#         265
  C:42E7H         LINE#         266
  C:42E9H         LINE#         268
  C:42E9H         LINE#         269
  C:42E9H         LINE#         270
  C:42E9H         LINE#         271
  C:42ECH         LINE#         272
  C:42F0H         LINE#         275
  C:430FH         LINE#         279
  C:4316H         LINE#         281
  C:4318H         LINE#         282
  C:431FH         LINE#         283
  C:4326H         LINE#         284
  C:4326H         LINE#         285
  C:432AH         LINE#         286
  C:432AH         LINE#         287
  C:432DH         LINE#         288
  C:432FH         LINE#         289
  C:4332H         LINE#         291
  C:4335H         LINE#         292
  C:4335H         LINE#         294
  C:4339H         LINE#         295
  C:4339H         LINE#         297
  C:4358H         LINE#         301
  C:435AH         LINE#         302
  C:435DH         LINE#         303
  C:435FH         LINE#         304
  -------         ENDPROC       UCREAD_STATUS_REGISTER_BYTE1
  -------         PROC          SPI_NOR_WRITE_DATA
  X:03BBH         SYMBOL        dat
  X:03C6H         SYMBOL        addr
  C:3465H         LINE#         306
  C:3465H         LINE#         307
  C:3465H         LINE#         309
  C:3465H         LINE#         310
BL51 BANKED LINKER/LOCATER V6.22                                                      02/27/2019  10:01:14  PAGE 47


  C:3468H         LINE#         312
  C:346BH         LINE#         313
  C:346EH         LINE#         314
  C:346EH         LINE#         315
  C:3471H         LINE#         317
  C:348BH         LINE#         318
  C:34A9H         LINE#         320
  C:34B0H         LINE#         321
  C:34B3H         LINE#         323
  C:34CDH         LINE#         324
  C:34CDH         LINE#         325
  C:34CDH         LINE#         328
  C:34D0H         LINE#         330
  C:34EAH         LINE#         331
  C:34EAH         LINE#         332
  C:34EAH         LINE#         334
  C:34EDH         LINE#         336
  C:3507H         LINE#         337
  C:3507H         LINE#         338
  C:3507H         LINE#         340
  C:350AH         LINE#         342
  C:3524H         LINE#         343
  C:3524H         LINE#         344
  C:3524H         LINE#         346
  C:3527H         LINE#         348
  C:3541H         LINE#         349
  C:3541H         LINE#         350
  C:3541H         LINE#         352
  C:3544H         LINE#         354
  C:355EH         LINE#         355
  C:355EH         LINE#         356
  C:355EH         LINE#         358
  C:3561H         LINE#         360
  C:357BH         LINE#         361
  C:357BH         LINE#         362
  C:357BH         LINE#         364
  C:357EH         LINE#         366
  C:3598H         LINE#         367
  C:3598H         LINE#         368
  C:3598H         LINE#         370
  C:359BH         LINE#         372
  C:35B5H         LINE#         373
  C:35B5H         LINE#         374
  C:35B5H         LINE#         376
  C:35B8H         LINE#         378
  C:35D2H         LINE#         379
  C:35D9H         LINE#         380
  -------         ENDPROC       SPI_NOR_WRITE_DATA
  -------         ENDMOD        AT25SF041

  -------         MODULE        ?C_STARTUP
  C:452EH         SEGMENT       ?C_C51STARTUP
  I:0022H         SEGMENT       ?STACK
  C:0000H         PUBLIC        ?C_STARTUP
  D:00E0H         SYMBOL        ACC
  D:00F0H         SYMBOL        B
  D:0083H         SYMBOL        DPH
BL51 BANKED LINKER/LOCATER V6.22                                                      02/27/2019  10:01:14  PAGE 48


  D:0082H         SYMBOL        DPL
  N:0000H         SYMBOL        IBPSTACK
  N:0100H         SYMBOL        IBPSTACKTOP
  N:0080H         SYMBOL        IDATALEN
  C:4531H         SYMBOL        IDATALOOP
  N:0000H         SYMBOL        PBPSTACK
  N:0100H         SYMBOL        PBPSTACKTOP
  N:0000H         SYMBOL        PDATALEN
  N:0000H         SYMBOL        PDATASTART
  N:0000H         SYMBOL        PPAGE
  N:0000H         SYMBOL        PPAGEENABLE
  D:00A0H         SYMBOL        PPAGE_SFR
  D:0081H         SYMBOL        SP
  C:452EH         SYMBOL        STARTUP1
  N:0000H         SYMBOL        XBPSTACK
  N:0000H         SYMBOL        XBPSTACKTOP
  N:0000H         SYMBOL        XDATALEN
  N:0000H         SYMBOL        XDATASTART
  C:0000H         LINE#         126
  C:452EH         LINE#         133
  C:4530H         LINE#         134
  C:4531H         LINE#         135
  C:4532H         LINE#         136
  C:4534H         LINE#         185
  C:4537H         LINE#         196
  -------         ENDMOD        ?C_STARTUP

  -------         MODULE        ?C?FPADD
  C:14E1H         PUBLIC        ?C?FPADD
  C:14DDH         PUBLIC        ?C?FPSUB
  -------         ENDMOD        ?C?FPADD

  -------         MODULE        ?C?FPMUL
  C:15D2H         PUBLIC        ?C?FPMUL
  -------         ENDMOD        ?C?FPMUL

  -------         MODULE        ?C?FPDIV
  C:16DBH         PUBLIC        ?C?FPDIV
  -------         ENDMOD        ?C?FPDIV

  -------         MODULE        ?C?FPCMP
  C:177AH         PUBLIC        ?C?FPCMP
  C:1778H         PUBLIC        ?C?FPCMP3
  -------         ENDMOD        ?C?FPCMP

  -------         MODULE        ?C?FPNEG
  C:17F1H         PUBLIC        ?C?FPNEG
  -------         ENDMOD        ?C?FPNEG

  -------         MODULE        ?C?FCAST
  C:180CH         PUBLIC        ?C?FCASTC
  C:1807H         PUBLIC        ?C?FCASTI
  C:1802H         PUBLIC        ?C?FCASTL
  -------         ENDMOD        ?C?FCAST

  -------         MODULE        ?C?CASTF
  C:1840H         PUBLIC        ?C?CASTF
BL51 BANKED LINKER/LOCATER V6.22                                                      02/27/2019  10:01:14  PAGE 49


  -------         ENDMOD        ?C?CASTF

  -------         MODULE        ATAN2
  X:04D2H         PUBLIC        ?_atan2?BYTE
  C:4360H         PUBLIC        _atan2
  -------         ENDMOD        ATAN2

  -------         MODULE        SIN
  C:37CCH         PUBLIC        _COS
  C:37E2H         PUBLIC        _SIN
  C:381EH         PUBLIC        _TAN
  -------         ENDMOD        SIN

  -------         MODULE        ACOS
  C:4891H         PUBLIC        _ACOS
  -------         ENDMOD        ACOS

  -------         MODULE        ASIN
  C:499FH         PUBLIC        _ASIN
  -------         ENDMOD        ASIN

  -------         MODULE        SQRT
  C:4217H         PUBLIC        _SQRT
  -------         ENDMOD        SQRT

  -------         MODULE        ATAN
  C:3BF9H         PUBLIC        _ATAN
  -------         ENDMOD        ATAN

  -------         MODULE        ?C?COPY
  C:19DEH         PUBLIC        ?C?COPY
  -------         ENDMOD        ?C?COPY

  -------         MODULE        ?C?CLDPTR
  C:1A04H         PUBLIC        ?C?CLDPTR
  -------         ENDMOD        ?C?CLDPTR

  -------         MODULE        ?C?CLDOPTR
  C:1A1DH         PUBLIC        ?C?CLDOPTR
  -------         ENDMOD        ?C?CLDOPTR

  -------         MODULE        ?C?CSTPTR
  C:1A4AH         PUBLIC        ?C?CSTPTR
  -------         ENDMOD        ?C?CSTPTR

  -------         MODULE        ?C?IMUL
  C:1A5CH         PUBLIC        ?C?IMUL
  -------         ENDMOD        ?C?IMUL

  -------         MODULE        ?C?UIDIV
  C:1A6EH         PUBLIC        ?C?UIDIV
  -------         ENDMOD        ?C?UIDIV

  -------         MODULE        ?C?SIDIV
  C:1AC3H         PUBLIC        ?C?SIDIV
  -------         ENDMOD        ?C?SIDIV

BL51 BANKED LINKER/LOCATER V6.22                                                      02/27/2019  10:01:14  PAGE 50


  -------         MODULE        ?C?ILDIX
  C:1AF9H         PUBLIC        ?C?ILDIX
  -------         ENDMOD        ?C?ILDIX

  -------         MODULE        ?C?ILDOPTR
  C:1B0FH         PUBLIC        ?C?ILDOPTR
  -------         ENDMOD        ?C?ILDOPTR

  -------         MODULE        ?C?ISTPTR
  C:1B47H         PUBLIC        ?C?ISTPTR
  -------         ENDMOD        ?C?ISTPTR

  -------         MODULE        ?C?LMUL
  C:1B66H         PUBLIC        ?C?LMUL
  -------         ENDMOD        ?C?LMUL

  -------         MODULE        ?C?SLDIV
  C:48DBH         PUBLIC        ?C?SLDIV
  -------         ENDMOD        ?C?SLDIV

  -------         MODULE        ?C?LNEG
  C:1BB5H         PUBLIC        ?C?LNEG
  -------         ENDMOD        ?C?LNEG

  -------         MODULE        ?C?ULCMP
  C:1BC3H         PUBLIC        ?C?ULCMP
  -------         ENDMOD        ?C?ULCMP

  -------         MODULE        ?C?LSHL
  C:1BD4H         PUBLIC        ?C?LSHL
  -------         ENDMOD        ?C?LSHL

  -------         MODULE        ?C?LLDPTR
  C:1BE7H         PUBLIC        ?C?LLDPTR
  -------         ENDMOD        ?C?LLDPTR

  -------         MODULE        ?C?LLDOPTR
  C:1C07H         PUBLIC        ?C?LLDOPTR
  -------         ENDMOD        ?C?LLDOPTR

  -------         MODULE        ?C?LSTPTR
  C:1C37H         PUBLIC        ?C?LSTPTR
  -------         ENDMOD        ?C?LSTPTR

  -------         MODULE        ?C?LSTOPTR
  C:1C51H         PUBLIC        ?C?LSTOPTR
  -------         ENDMOD        ?C?LSTOPTR

  -------         MODULE        ?C?LLDXDATA
  C:1C75H         PUBLIC        ?C?LLDXDATA
  -------         ENDMOD        ?C?LLDXDATA

  -------         MODULE        ?C?LLDCODE
  C:1C81H         PUBLIC        ?C?LLDCODE
  -------         ENDMOD        ?C?LLDCODE

  -------         MODULE        ?C?LLDXDATA0
BL51 BANKED LINKER/LOCATER V6.22                                                      02/27/2019  10:01:14  PAGE 51


  C:1C91H         PUBLIC        ?C?LLDXDATA0
  -------         ENDMOD        ?C?LLDXDATA0

  -------         MODULE        ?C?LLDCODE0
  C:1C9DH         PUBLIC        ?C?LLDCODE0
  -------         ENDMOD        ?C?LLDCODE0

  -------         MODULE        ?C?LLDPTR0
  C:1CADH         PUBLIC        ?C?LLDPTR0
  -------         ENDMOD        ?C?LLDPTR0

  -------         MODULE        ?C?LSTXDATA
  C:1CCDH         PUBLIC        ?C?LSTXDATA
  -------         ENDMOD        ?C?LSTXDATA

  -------         MODULE        ?C?LSTKXDATA
  C:1CD9H         PUBLIC        ?C?LSTKXDATA
  -------         ENDMOD        ?C?LSTKXDATA

  -------         MODULE        ?C?LSTKPTR
  C:1D0AH         PUBLIC        ?C?LSTKPTR
  -------         ENDMOD        ?C?LSTKPTR

  -------         MODULE        ?C?OFFXADD
  C:1D24H         PUBLIC        ?C?OFFXADD
  -------         ENDMOD        ?C?OFFXADD

  -------         MODULE        ABS
  C:4CC7H         PUBLIC        _ABS
  -------         ENDMOD        ABS

  -------         MODULE        ATOI
  C:3F0DH         PUBLIC        _atoi
  -------         ENDMOD        ATOI

  -------         MODULE        ?C?IILDX
  C:1D30H         PUBLIC        ?C?IILDX
  -------         ENDMOD        ?C?IILDX

  -------         MODULE        ?C?ULDIV
  C:1D82H         PUBLIC        ?C?ULDIV
  -------         ENDMOD        ?C?ULDIV

  -------         MODULE        ?C?LLDIDATA
  C:1E14H         PUBLIC        ?C?LLDIDATA
  -------         ENDMOD        ?C?LLDIDATA

  -------         MODULE        ?C?LLDPDATA
  C:1E20H         PUBLIC        ?C?LLDPDATA
  -------         ENDMOD        ?C?LLDPDATA

  -------         MODULE        ?C?LLDIDATA0
  C:1E2CH         PUBLIC        ?C?LLDIDATA0
  -------         ENDMOD        ?C?LLDIDATA0

  -------         MODULE        ?C?LLDPDATA0
  C:1E39H         PUBLIC        ?C?LLDPDATA0
BL51 BANKED LINKER/LOCATER V6.22                                                      02/27/2019  10:01:14  PAGE 52


  -------         ENDMOD        ?C?LLDPDATA0

  -------         MODULE        ?C?LSTIDATA
  C:1E46H         PUBLIC        ?C?LSTIDATA
  -------         ENDMOD        ?C?LSTIDATA

  -------         MODULE        ?C?LSTPDATA
  C:1E52H         PUBLIC        ?C?LSTPDATA
  -------         ENDMOD        ?C?LSTPDATA

  -------         MODULE        ?C?LSTKIDATA
  C:1E5EH         PUBLIC        ?C?LSTKIDATA
  -------         ENDMOD        ?C?LSTKIDATA

  -------         MODULE        ?C?LSTKPDATA
  C:1E77H         PUBLIC        ?C?LSTKPDATA
  -------         ENDMOD        ?C?LSTKPDATA

  -------         MODULE        ISDIGIT
  C:4C9FH         PUBLIC        _isdigit
  -------         ENDMOD        ISDIGIT

  -------         MODULE        ISSPACE
  C:4C3AH         PUBLIC        _isspace
  -------         ENDMOD        ISSPACE

*** WARNING L16: UNCALLED SEGMENT, IGNORED FOR OVERLAY PROCESS
    SEGMENT: ?PR?_DISPLAY_PROX?MAIN

*** WARNING L16: UNCALLED SEGMENT, IGNORED FOR OVERLAY PROCESS
    SEGMENT: ?PR?_DAY_OF_YEAR?PCF85063BTL

*** WARNING L16: UNCALLED SEGMENT, IGNORED FOR OVERLAY PROCESS
    SEGMENT: ?PR?INITUART1?UART1

*** WARNING L16: UNCALLED SEGMENT, IGNORED FOR OVERLAY PROCESS
    SEGMENT: ?PR?_SENDSTRING?UART1

*** WARNING L16: UNCALLED SEGMENT, IGNORED FOR OVERLAY PROCESS
    SEGMENT: ?PR?_TEN?UART1

*** WARNING L16: UNCALLED SEGMENT, IGNORED FOR OVERLAY PROCESS
    SEGMENT: ?PR?_UNIT?UART1

*** WARNING L16: UNCALLED SEGMENT, IGNORED FOR OVERLAY PROCESS
    SEGMENT: ?PR?_DECTOBCD?UART1

*** WARNING L16: UNCALLED SEGMENT, IGNORED FOR OVERLAY PROCESS
    SEGMENT: ?PR?_ASCII_LETTER?UART1

*** WARNING L16: UNCALLED SEGMENT, IGNORED FOR OVERLAY PROCESS
    SEGMENT: ?PR?_ASCIITOBCD?UART1

*** WARNING L16: UNCALLED SEGMENT, IGNORED FOR OVERLAY PROCESS
    SEGMENT: ?PR?WAIT?BIPOLARMOTOR

*** WARNING L16: UNCALLED SEGMENT, IGNORED FOR OVERLAY PROCESS
BL51 BANKED LINKER/LOCATER V6.22                                                      02/27/2019  10:01:14  PAGE 53


    SEGMENT: ?PR?_FINDDET4X4?BIPOLARMOTOR

*** WARNING L16: UNCALLED SEGMENT, IGNORED FOR OVERLAY PROCESS
    SEGMENT: ?PR?NOP?IOEXPANDER_PI4IOE5V96248

*** WARNING L16: UNCALLED SEGMENT, IGNORED FOR OVERLAY PROCESS
    SEGMENT: ?PR?UC_ACK?IOEXPANDER_PI4IOE5V96248

*** WARNING L16: UNCALLED SEGMENT, IGNORED FOR OVERLAY PROCESS
    SEGMENT: ?PR?UC_NACK?IOEXPANDER_PI4IOE5V96248

*** WARNING L16: UNCALLED SEGMENT, IGNORED FOR OVERLAY PROCESS
    SEGMENT: ?PR?_AT25SF041_READ?AT25SF041

*** WARNING L1: UNRESOLVED EXTERNAL SYMBOL
    SYMBOL:  AUTO_MODE
    MODULE:  .\Obj\main.obj (MAIN)

*** WARNING L2: REFERENCE MADE TO UNRESOLVED EXTERNAL
    SYMBOL:  AUTO_MODE
    MODULE:  .\Obj\main.obj (MAIN)
    ADDRESS: 0B3BH

*** WARNING L2: REFERENCE MADE TO UNRESOLVED EXTERNAL
    SYMBOL:  AUTO_MODE
    MODULE:  .\Obj\main.obj (MAIN)
    ADDRESS: 0CBEH

*** WARNING L2: REFERENCE MADE TO UNRESOLVED EXTERNAL
    SYMBOL:  AUTO_MODE
    MODULE:  .\Obj\main.obj (MAIN)
    ADDRESS: 0CCCH

*** WARNING L2: REFERENCE MADE TO UNRESOLVED EXTERNAL
    SYMBOL:  AUTO_MODE
    MODULE:  .\Obj\main.obj (MAIN)
    ADDRESS: 0CDEH

*** WARNING L2: REFERENCE MADE TO UNRESOLVED EXTERNAL
    SYMBOL:  AUTO_MODE
    MODULE:  .\Obj\main.obj (MAIN)
    ADDRESS: 0D20H

*** WARNING L2: REFERENCE MADE TO UNRESOLVED EXTERNAL
    SYMBOL:  AUTO_MODE
    MODULE:  .\Obj\main.obj (MAIN)
    ADDRESS: 0DF3H

*** WARNING L1: UNRESOLVED EXTERNAL SYMBOL
    SYMBOL:  _SENDUART1
    MODULE:  .\Obj\UART1.obj (UART1)

*** WARNING L2: REFERENCE MADE TO UNRESOLVED EXTERNAL
    SYMBOL:  _SENDUART1
    MODULE:  .\Obj\UART1.obj (UART1)
    ADDRESS: 4A08H

BL51 BANKED LINKER/LOCATER V6.22                                                      02/27/2019  10:01:14  PAGE 54


*** WARNING L1: UNRESOLVED EXTERNAL SYMBOL
    SYMBOL:  AUTO_MODE
    MODULE:  .\Obj\KeyPad.obj (KEYPAD)

*** WARNING L2: REFERENCE MADE TO UNRESOLVED EXTERNAL
    SYMBOL:  AUTO_MODE
    MODULE:  .\Obj\KeyPad.obj (KEYPAD)
    ADDRESS: 3041H

*** WARNING L2: REFERENCE MADE TO UNRESOLVED EXTERNAL
    SYMBOL:  AUTO_MODE
    MODULE:  .\Obj\KeyPad.obj (KEYPAD)
    ADDRESS: 304CH

*** WARNING L2: REFERENCE MADE TO UNRESOLVED EXTERNAL
    SYMBOL:  AUTO_MODE
    MODULE:  .\Obj\KeyPad.obj (KEYPAD)
    ADDRESS: 3053H

Program Size: data=10.2 xdata=1593 code=19705
LINK/LOCATE RUN COMPLETE.  28 WARNING(S),  0 ERROR(S)
