BL51 BANKED LINKER/LOCATER V6.22                                                        05/16/2018  14:39:39  PAGE 1


BL51 BANKED LINKER/LOCATER V6.22, INVOKED BY:
C:\KEIL_V5\C51\BIN\BL51.EXE .\Obj\main.obj, .\Obj\PCF85063BTL.obj, .\Obj\UART1.obj, .\Obj\LCd_Driver_SPLC780D.obj, .\Obj
>> \KeyPad.obj, .\Obj\STARTUP.obj TO .\Obj\GPIO_RTC_Test PRINT (.\Lis\GPIO_RTC_Test.m51) RAMSIZE (256)


MEMORY MODEL: LARGE


INPUT MODULES INCLUDED:
  .\Obj\main.obj (MAIN)
  .\Obj\PCF85063BTL.obj (PCF85063BTL)
  .\Obj\UART1.obj (UART1)
  .\Obj\LCd_Driver_SPLC780D.obj (LCD_DRIVER_SPLC780D)
  .\Obj\KeyPad.obj (KEYPAD)
  .\Obj\STARTUP.obj (?C_STARTUP)
  C:\KEIL_V5\C51\LIB\C51L.LIB (?C_INIT)
  C:\KEIL_V5\C51\LIB\C51L.LIB (?C?CLDPTR)
  C:\KEIL_V5\C51\LIB\C51L.LIB (?C?CSTPTR)
  C:\KEIL_V5\C51\LIB\C51L.LIB (?C?ILDIX)
  C:\KEIL_V5\C51\LIB\C51L.LIB (ATOI)
  C:\KEIL_V5\C51\LIB\C51L.LIB (?C?IMUL)
  C:\KEIL_V5\C51\LIB\C51L.LIB (?C?IILDX)
  C:\KEIL_V5\C51\LIB\C51L.LIB (ISDIGIT)
  C:\KEIL_V5\C51\LIB\C51L.LIB (ISSPACE)


LINK MAP OF MODULE:  .\Obj\GPIO_RTC_Test (MAIN)


            TYPE    BASE      LENGTH    RELOCATION   SEGMENT NAME
            -----------------------------------------------------

            * * * * * * *   D A T A   M E M O R Y   * * * * * * *
            REG     0000H     0008H     ABSOLUTE     "REG BANK 0"
            REG     0008H     0008H     ABSOLUTE     "REG BANK 1"
                    0010H     0010H                  *** GAP ***
            BIT     0020H.0   0000H.1   UNIT         ?BI?MAIN
            BIT     0020H.1   0000H.1   UNIT         _BIT_GROUP_
                    0020H.2   0000H.6                *** GAP ***
            IDATA   0021H     0001H     UNIT         ?STACK

            * * * * * * *  X D A T A   M E M O R Y  * * * * * * *
            XDATA   0000H     0020H     UNIT         _XDATA_GROUP_
            XDATA   0020H     001CH     UNIT         ?XD?MAIN
            XDATA   003CH     0009H     UNIT         ?XD?KEYPAD
            XDATA   0045H     0003H     UNIT         ?XD?_SENDSTRING?UART1

            * * * * * * *   C O D E   M E M O R Y   * * * * * * *
            CODE    0000H     0003H     ABSOLUTE     
            CODE    0003H     0007H     UNIT         ?PR?KEYPAD_IO_INIT?KEYPAD
            CODE    000AH     0001H     UNIT         ?PR?TM0_ISR?MAIN
            CODE    000BH     0003H     ABSOLUTE     
            CODE    000EH     0015H     UNIT         ?PR?_DISPLAY_LINE?LCD_DRIVER_SPLC780D
            CODE    0023H     0003H     ABSOLUTE     
            CODE    0026H     013AH     UNIT         ?PR?KEY_SCAN?KEYPAD
            CODE    0160H     0123H     UNIT         ?PR?MAIN?MAIN
            CODE    0283H     0104H     UNIT         ?PR?KEY_PROCESS?KEYPAD
            CODE    0387H     00DBH     UNIT         ?PR?_ATOI?ATOI
BL51 BANKED LINKER/LOCATER V6.22                                                      05/16/2018  14:39:39  PAGE 2


            CODE    0462H     009BH     UNIT         ?PR?UART?MAIN
            CODE    04FDH     008CH     UNIT         ?C_C51STARTUP
            CODE    0589H     0075H     UNIT         ?PR?_WRITEDATA?LCD_DRIVER_SPLC780D
            CODE    05FEH     006FH     UNIT         ?PR?_DISPLAY_TIME?UART1
            CODE    066DH     0069H     UNIT         ?C?LIB_CODE
            CODE    06D6H     0054H     UNIT         ?PR?LCD_INIT?LCD_DRIVER_SPLC780D
            CODE    072AH     0040H     UNIT         ?PR?_COMMAND?LCD_DRIVER_SPLC780D
            CODE    076AH     003CH     UNIT         ?C_INITSEG
            CODE    07A6H     0033H     UNIT         ?PR?_SENDSTRING?UART1
            CODE    07D9H     0024H     UNIT         ?PR?_WAIT_MS?LCD_DRIVER_SPLC780D
            CODE    07FDH     0020H     UNIT         ?PR?_SPI_SENDBYTE?PCF85063BTL
            CODE    081DH     0020H     UNIT         ?PR?SPI_RECEIVEBYTE?PCF85063BTL
            CODE    083DH     001EH     UNIT         ?PR?_DELAY_MS?KEYPAD
            CODE    085BH     001DH     UNIT         ?PR?_DISPLAYLCD?LCD_DRIVER_SPLC780D
            CODE    0878H     0018H     UNIT         ?PR?_SPI_WRITETIME?PCF85063BTL
            CODE    0890H     0017H     UNIT         ?PR?_ASCIITOBCD?UART1
            CODE    08A7H     0014H     UNIT         ?PR?_PCF85063BTL_DELAY?PCF85063BTL
            CODE    08BBH     0014H     UNIT         ?PR?_ISSPACE?ISSPACE
            CODE    08CFH     0011H     UNIT         ?PR?_SPI_READTIME?PCF85063BTL
            CODE    08E0H     0011H     UNIT         ?PR?INITUART1?UART1
            CODE    08F1H     000FH     UNIT         ?PR?_ISDIGIT?ISDIGIT
            CODE    0900H     000DH     UNIT         ?PR?SPI_INIT?PCF85063BTL
            CODE    090DH     000AH     UNIT         ?PR?LCD_RETURN_HOME?LCD_DRIVER_SPLC780D
            CODE    0917H     000AH     UNIT         ?PR?LCD_CLEAR?LCD_DRIVER_SPLC780D
            CODE    0921H     0009H     UNIT         ?PR?_SENDUART1?MAIN
            CODE    092AH     0006H     UNIT         ?PR?_TEN?UART1
            CODE    0930H     0005H     UNIT         ?PR?_UNIT?UART1
            CODE    0935H     0005H     UNIT         ?PR?_ASCII_LETTER?UART1
            CODE    093AH     0001H     UNIT         ?PR?_DECTOBCD?UART1



OVERLAY MAP OF MODULE:   .\Obj\GPIO_RTC_Test (MAIN)


SEGMENT                                            BIT_GROUP          XDATA_GROUP
  +--> CALLED SEGMENT                           START    LENGTH     START    LENGTH
-----------------------------------------------------------------------------------
?PR?UART?MAIN                                   -----    -----      -----    -----
  +--> ?PR?_ASCIITOBCD?UART1

?PR?_ASCIITOBCD?UART1                           -----    -----      -----    -----
  +--> ?PR?_ATOI?ATOI

?PR?_ATOI?ATOI                                  0020H.1  0000H.1    0000H    0005H
  +--> ?PR?_ISSPACE?ISSPACE
  +--> ?PR?_ISDIGIT?ISDIGIT

*** NEW ROOT ***************************************************

?C_C51STARTUP                                   -----    -----      -----    -----
  +--> ?PR?MAIN?MAIN
  +--> ?C_INITSEG

?PR?MAIN?MAIN                                   -----    -----      0005H    000CH
  +--> ?PR?LCD_INIT?LCD_DRIVER_SPLC780D
  +--> ?PR?SPI_INIT?PCF85063BTL
BL51 BANKED LINKER/LOCATER V6.22                                                      05/16/2018  14:39:39  PAGE 3


  +--> ?PR?KEYPAD_IO_INIT?KEYPAD
  +--> ?PR?INITUART1?UART1
  +--> ?PR?_SPI_WRITETIME?PCF85063BTL
  +--> ?PR?_DELAY_MS?KEYPAD
  +--> ?PR?KEY_PROCESS?KEYPAD
  +--> ?PR?_DISPLAY_LINE?LCD_DRIVER_SPLC780D
  +--> ?PR?_DISPLAYLCD?LCD_DRIVER_SPLC780D
  +--> ?PR?_WRITEDATA?LCD_DRIVER_SPLC780D
  +--> ?PR?LCD_RETURN_HOME?LCD_DRIVER_SPLC780D
  +--> ?PR?_DISPLAY_TIME?UART1
  +--> ?PR?_SENDUART1?MAIN

?PR?LCD_INIT?LCD_DRIVER_SPLC780D                -----    -----      -----    -----
  +--> ?PR?_WAIT_MS?LCD_DRIVER_SPLC780D
  +--> ?PR?_COMMAND?LCD_DRIVER_SPLC780D

?PR?_COMMAND?LCD_DRIVER_SPLC780D                -----    -----      -----    -----
  +--> ?PR?_WAIT_MS?LCD_DRIVER_SPLC780D

?PR?_SPI_WRITETIME?PCF85063BTL                  -----    -----      -----    -----
  +--> ?PR?_SPI_SENDBYTE?PCF85063BTL

?PR?_SPI_SENDBYTE?PCF85063BTL                   -----    -----      -----    -----
  +--> ?PR?_PCF85063BTL_DELAY?PCF85063BTL

?PR?KEY_PROCESS?KEYPAD                          -----    -----      0011H    0002H
  +--> ?PR?KEY_SCAN?KEYPAD
  +--> ?PR?_SPI_WRITETIME?PCF85063BTL
  +--> ?PR?LCD_CLEAR?LCD_DRIVER_SPLC780D
  +--> ?PR?_COMMAND?LCD_DRIVER_SPLC780D
  +--> ?PR?_WRITEDATA?LCD_DRIVER_SPLC780D

?PR?KEY_SCAN?KEYPAD                             -----    -----      0013H    0003H
  +--> ?PR?_DELAY_MS?KEYPAD

?PR?LCD_CLEAR?LCD_DRIVER_SPLC780D               -----    -----      -----    -----
  +--> ?PR?_COMMAND?LCD_DRIVER_SPLC780D

?PR?_WRITEDATA?LCD_DRIVER_SPLC780D              -----    -----      0013H    0001H
  +--> ?PR?_WAIT_MS?LCD_DRIVER_SPLC780D

?PR?_DISPLAY_LINE?LCD_DRIVER_SPLC780D           -----    -----      -----    -----
  +--> ?PR?_COMMAND?LCD_DRIVER_SPLC780D

?PR?_DISPLAYLCD?LCD_DRIVER_SPLC780D             -----    -----      0011H    0001H
  +--> ?PR?_WRITEDATA?LCD_DRIVER_SPLC780D

?PR?LCD_RETURN_HOME?LCD_DRIVER_SPLC780D         -----    -----      -----    -----
  +--> ?PR?_COMMAND?LCD_DRIVER_SPLC780D

?PR?_DISPLAY_TIME?UART1                         -----    -----      0011H    000FH
  +--> ?PR?_SPI_READTIME?PCF85063BTL

?PR?_SPI_READTIME?PCF85063BTL                   -----    -----      -----    -----
  +--> ?PR?_SPI_SENDBYTE?PCF85063BTL
  +--> ?PR?SPI_RECEIVEBYTE?PCF85063BTL

BL51 BANKED LINKER/LOCATER V6.22                                                      05/16/2018  14:39:39  PAGE 4


?PR?SPI_RECEIVEBYTE?PCF85063BTL                 -----    -----      -----    -----
  +--> ?PR?_PCF85063BTL_DELAY?PCF85063BTL



SYMBOL TABLE OF MODULE:  .\Obj\GPIO_RTC_Test (MAIN)

  VALUE           TYPE          NAME
  ----------------------------------

  -------         MODULE        MAIN
  C:0000H         SYMBOL        _ICE_DUMMY_
  D:0080H         PUBLIC        P0
  D:0090H         PUBLIC        P1
  D:00A0H         PUBLIC        P2
  D:00B0H         PUBLIC        P3
  D:00C0H         PUBLIC        P4
  D:00C8H         PUBLIC        P5
  X:0028H         SYMBOL        PressedKey
  B:00A8H.7       PUBLIC        EA
  D:00E8H         PUBLIC        P6
  D:00F8H         PUBLIC        P7
  X:002CH         PUBLIC        RX_Data_Uart_Cnt
  D:00A8H         PUBLIC        IE
  D:00B8H         PUBLIC        IP
  B:0098H.0       PUBLIC        RI
  B:0098H.1       PUBLIC        TI
  C:0462H         PUBLIC        Uart
  D:00D8H         PUBLIC        CCON
  C:0160H         PUBLIC        main
  D:0099H         PUBLIC        SBUF
  D:0098H         PUBLIC        SCON
  D:0089H         PUBLIC        TMOD
  D:0088H         PUBLIC        TCON
  X:002EH         SYMBOL        KeyCount
  X:0030H         PUBLIC        Rec_data_hour
  X:0033H         PUBLIC        Rec_data_min
  D:008EH         PUBLIC        AUXR
  C:000AH         PUBLIC        tm0_isr
  B:0020H.0       PUBLIC        busy
  D:00E0H         PUBLIC        ACC
  B:00A8H.1       PUBLIC        ET0
  D:008CH         PUBLIC        TH0
  X:0036H         PUBLIC        hour_count
  D:008AH         PUBLIC        TL0
  X:0037H         PUBLIC        min_count
  B:0088H.4       PUBLIC        TR0
  X:0038H         SYMBOL        KeyNum
  X:0039H         SYMBOL        KeyNum_Old
  X:003AH         PUBLIC        st_time
  D:00D0H         PUBLIC        PSW
  C:0921H         PUBLIC        _SendUART1
  -------         PROC          TM0_ISR
  C:000AH         LINE#         42
  C:000AH         LINE#         45
  -------         ENDPROC       TM0_ISR
  -------         PROC          MAIN
BL51 BANKED LINKER/LOCATER V6.22                                                      05/16/2018  14:39:39  PAGE 5


  -------         DO            
  X:0005H         SYMBOL        seconds
  X:0006H         SYMBOL        mins
  X:0007H         SYMBOL        hours
  X:0008H         SYMBOL        days
  X:0009H         SYMBOL        months
  X:0020H         SYMBOL        KeyCount
  X:0022H         SYMBOL        KeyNum_Old
  X:0023H         SYMBOL        KeyNum
  X:0024H         SYMBOL        PressedKey
  X:000AH         SYMBOL        count
  X:000CH         SYMBOL        numStr
  -------         ENDDO         
  C:0160H         LINE#         47
  C:0160H         LINE#         48
  C:0160H         LINE#         53
  C:0167H         LINE#         55
  C:016AH         LINE#         56
  C:016DH         LINE#         57
  C:0170H         LINE#         58
  C:0173H         LINE#         60
  C:0176H         LINE#         61
  C:0179H         LINE#         62
  C:017CH         LINE#         63
  C:017EH         LINE#         64
  C:0180H         LINE#         65
  C:0182H         LINE#         67
  C:0184H         LINE#         68
  C:018BH         LINE#         69
  C:0192H         LINE#         70
  C:0199H         LINE#         71
  C:01A0H         LINE#         73
  C:01A0H         LINE#         74
  C:01A0H         LINE#         78
  C:01A3H         LINE#         97
  C:01B1H         LINE#         98
  C:01BFH         LINE#         99
  C:01BFH         LINE#         100
  C:01C5H         LINE#         101
  C:01CDH         LINE#         102
  C:01D2H         LINE#         103
  C:01DAH         LINE#         104
  C:01DFH         LINE#         105
  C:01E9H         LINE#         106
  C:01EEH         LINE#         107
  C:01F6H         LINE#         108
  C:01FBH         LINE#         109
  C:0203H         LINE#         111
  C:020AH         LINE#         114
  C:020DH         LINE#         117
  C:020DH         LINE#         118
  C:0248H         LINE#         122
  C:0255H         LINE#         123
  C:0255H         LINE#         124
  C:025FH         LINE#         125
  C:0269H         LINE#         126
  C:0270H         LINE#         127
BL51 BANKED LINKER/LOCATER V6.22                                                      05/16/2018  14:39:39  PAGE 6


  C:0278H         LINE#         128
  C:0280H         LINE#         129
  -------         ENDPROC       MAIN
  -------         PROC          UART
  C:0462H         LINE#         142
  C:046FH         LINE#         144
  C:0472H         LINE#         145
  C:0472H         LINE#         146
  C:0480H         LINE#         147
  C:0482H         LINE#         148
  C:0494H         LINE#         149
  C:04A3H         LINE#         150
  C:04AEH         LINE#         151
  C:04AEH         LINE#         154
  C:04BBH         LINE#         155
  C:04C1H         LINE#         156
  C:04C1H         LINE#         157
  C:04C7H         LINE#         158
  C:04D5H         LINE#         159
  C:04E3H         LINE#         160
  C:04EBH         LINE#         165
  C:04EBH         LINE#         166
  C:04EBH         LINE#         169
  C:04EBH         LINE#         170
  C:04EEH         LINE#         171
  C:04EEH         LINE#         172
  C:04F0H         LINE#         173
  C:04F2H         LINE#         174
  C:04F2H         LINE#         175
  -------         ENDPROC       UART
  -------         PROC          _SENDUART1
  D:0007H         SYMBOL        dat
  C:0921H         LINE#         178
  C:0921H         LINE#         179
  C:0921H         LINE#         180
  C:0924H         LINE#         181
  C:0926H         LINE#         182
  C:0927H         LINE#         183
  C:0929H         LINE#         184
  -------         ENDPROC       _SENDUART1
  -------         ENDMOD        MAIN

  -------         MODULE        PCF85063BTL
  C:0000H         SYMBOL        _ICE_DUMMY_
  D:0096H         PUBLIC        P2M0
  D:0080H         PUBLIC        P0
  D:0095H         PUBLIC        P2M1
  D:0090H         PUBLIC        P1
  D:00A0H         PUBLIC        P2
  D:00B0H         PUBLIC        P3
  D:00C0H         PUBLIC        P4
  D:00C8H         PUBLIC        P5
  D:00E8H         PUBLIC        P6
  B:00A0H.2       PUBLIC        PCF85063BTL_SDI
  D:00F8H         PUBLIC        P7
  B:00A0H.1       PUBLIC        PCF85063BTL_SCK
  B:00A0H.2       PUBLIC        PCF85063BTL_SDO
BL51 BANKED LINKER/LOCATER V6.22                                                      05/16/2018  14:39:39  PAGE 7


  D:00A8H         PUBLIC        IE
  C:08ADH         PUBLIC        _PCF85063BTL_Delay
  D:00B8H         PUBLIC        IP
  D:00D8H         PUBLIC        CCON
  C:081DH         PUBLIC        SPI_ReceiveByte
  D:0098H         PUBLIC        SCON
  D:0088H         PUBLIC        TCON
  B:00A0H.0       PUBLIC        PCF85063BTL_CS
  C:08CFH         PUBLIC        _SPI_ReadTime
  C:0900H         PUBLIC        SPI_Init
  C:0878H         PUBLIC        _SPI_WriteTime
  C:07FDH         PUBLIC        _SPI_SendByte
  D:00D0H         PUBLIC        PSW
  C:08A9H         SYMBOL        L?0020
  -------         PROC          L?0019
  -------         ENDPROC       L?0019
  C:08A9H         SYMBOL        L?0020
  -------         PROC          _PCF85063BTL_DELAY
  D:0006H         SYMBOL        us
  C:08ADH         LINE#         8
  C:08ADH         LINE#         9
  C:08ADH         LINE#         10
  C:08B7H         LINE#         11
  C:08B7H         LINE#         12
  C:08B8H         LINE#         13
  C:08BAH         LINE#         14
  -------         ENDPROC       _PCF85063BTL_DELAY
  -------         PROC          _SPI_SENDBYTE
  D:0005H         SYMBOL        dat
  -------         DO            
  D:0003H         SYMBOL        i
  -------         ENDDO         
  C:07FDH         LINE#         17
  C:07FFH         LINE#         18
  C:07FFH         LINE#         20
  C:0801H         LINE#         21
  C:0801H         LINE#         22
  C:0803H         LINE#         23
  C:0807H         LINE#         24
  C:0807H         LINE#         25
  C:0809H         LINE#         26
  C:080BH         LINE#         28
  C:080BH         LINE#         29
  C:080DH         LINE#         30
  C:080DH         LINE#         31
  C:0810H         LINE#         32
  C:0810H         LINE#         33
  C:0813H         LINE#         34
  C:0817H         LINE#         35
  C:081CH         LINE#         36
  -------         ENDPROC       _SPI_SENDBYTE
  -------         PROC          SPI_RECEIVEBYTE
  -------         DO            
  D:0003H         SYMBOL        i
  D:0005H         SYMBOL        dat
  -------         ENDDO         
  C:081DH         LINE#         39
BL51 BANKED LINKER/LOCATER V6.22                                                      05/16/2018  14:39:39  PAGE 8


  C:081DH         LINE#         40
  C:081DH         LINE#         42
  C:081FH         LINE#         44
  C:0821H         LINE#         45
  C:0822H         LINE#         46
  C:0822H         LINE#         47
  C:0826H         LINE#         48
  C:0828H         LINE#         49
  C:082BH         LINE#         51
  C:082EH         LINE#         52
  C:082EH         LINE#         53
  C:0832H         LINE#         54
  C:0832H         LINE#         55
  C:0832H         LINE#         56
  C:0835H         LINE#         57
  C:083AH         LINE#         58
  C:083CH         LINE#         59
  -------         ENDPROC       SPI_RECEIVEBYTE
  -------         PROC          _SPI_READTIME
  D:0007H         SYMBOL        addr
  -------         DO            
  D:0006H         SYMBOL        dat
  -------         ENDDO         
  C:08CFH         LINE#         61
  C:08CFH         LINE#         62
  C:08CFH         LINE#         64
  C:08D1H         LINE#         65
  C:08D3H         LINE#         66
  C:08DAH         LINE#         67
  C:08DDH         LINE#         68
  C:08DFH         LINE#         69
  C:08DFH         LINE#         70
  -------         ENDPROC       _SPI_READTIME
  -------         PROC          _SPI_WRITETIME
  D:0002H         SYMBOL        val
  D:0005H         SYMBOL        addr
  C:0878H         LINE#         71
  C:087AH         LINE#         72
  C:087AH         LINE#         74
  C:087CH         LINE#         75
  C:0883H         LINE#         76
  C:0888H         LINE#         77
  C:088DH         LINE#         78
  C:088FH         LINE#         79
  -------         ENDPROC       _SPI_WRITETIME
  -------         PROC          SPI_INIT
  C:0900H         LINE#         83
  C:0900H         LINE#         84
  C:0900H         LINE#         89
  C:0903H         LINE#         90
  C:0906H         LINE#         91
  C:0908H         LINE#         92
  C:090AH         LINE#         93
  C:090CH         LINE#         94
  -------         ENDPROC       SPI_INIT
  -------         ENDMOD        PCF85063BTL

BL51 BANKED LINKER/LOCATER V6.22                                                      05/16/2018  14:39:39  PAGE 9


  -------         MODULE        UART1
  C:0000H         SYMBOL        _ICE_DUMMY_
  D:0080H         PUBLIC        P0
  D:0090H         PUBLIC        P1
  D:00A0H         PUBLIC        P2
  D:00B0H         PUBLIC        P3
  D:00C0H         PUBLIC        P4
  D:00C8H         PUBLIC        P5
  B:00A8H.7       PUBLIC        EA
  D:00E8H         PUBLIC        P6
  D:00F8H         PUBLIC        P7
  C:07A6H         PUBLIC        _SendString
  D:00A8H         PUBLIC        IE
  B:00A8H.4       PUBLIC        ES
  D:00B8H         PUBLIC        IP
  C:0890H         PUBLIC        _ASCIItoBCD
  D:00D8H         PUBLIC        CCON
  C:08E0H         PUBLIC        initUART1
  D:0098H         PUBLIC        SCON
  D:0088H         PUBLIC        TCON
  C:093AH         PUBLIC        _DectoBCD
  C:0935H         PUBLIC        _ASCII_Letter
  D:008EH         PUBLIC        AUXR
  C:0930H         PUBLIC        _unit
  C:092AH         PUBLIC        _ten
  D:00D6H         PUBLIC        T2H
  D:00D7H         PUBLIC        T2L
  C:05FEH         PUBLIC        _Display_time
  D:00D0H         PUBLIC        PSW
  -------         PROC          INITUART1
  C:08E0H         LINE#         21
  C:08E0H         LINE#         22
  C:08E0H         LINE#         23
  C:08E3H         LINE#         24
  C:08E6H         LINE#         25
  C:08E9H         LINE#         26
  C:08ECH         LINE#         27
  C:08EEH         LINE#         28
  C:08F0H         LINE#         30
  -------         ENDPROC       INITUART1
  -------         PROC          _SENDSTRING
  X:0045H         SYMBOL        s
  C:07A6H         LINE#         35
  C:07B1H         LINE#         36
  C:07B1H         LINE#         37
  C:07C1H         LINE#         38
  C:07C1H         LINE#         39
  C:07D6H         LINE#         40
  C:07D8H         LINE#         41
  -------         ENDPROC       _SENDSTRING
  -------         PROC          _TEN
  D:0007H         SYMBOL        BCD
  C:092AH         LINE#         43
  C:092AH         LINE#         44
  C:092AH         LINE#         45
  C:092FH         LINE#         46
  -------         ENDPROC       _TEN
BL51 BANKED LINKER/LOCATER V6.22                                                      05/16/2018  14:39:39  PAGE 10


  -------         PROC          _UNIT
  D:0007H         SYMBOL        BCD
  C:0930H         LINE#         47
  C:0930H         LINE#         48
  C:0930H         LINE#         52
  C:0934H         LINE#         53
  -------         ENDPROC       _UNIT
  -------         PROC          _DECTOBCD
  D:0007H         SYMBOL        dec
  C:093AH         LINE#         54
  C:093AH         LINE#         55
  C:093AH         LINE#         57
  C:093AH         LINE#         58
  -------         ENDPROC       _DECTOBCD
  -------         PROC          _ASCII_LETTER
  D:0007H         SYMBOL        dat
  C:0935H         LINE#         60
  C:0935H         LINE#         61
  C:0935H         LINE#         63
  C:0939H         LINE#         64
  -------         ENDPROC       _ASCII_LETTER
  -------         PROC          _ASCIITOBCD
  D:0001H         SYMBOL        ascii
  -------         DO            
  D:0007H         SYMBOL        dec_val
  D:0006H         SYMBOL        ten
  D:0007H         SYMBOL        unit
  -------         ENDDO         
  C:0890H         LINE#         66
  C:0890H         LINE#         67
  C:0890H         LINE#         69
  C:0893H         LINE#         70
  C:0899H         LINE#         71
  C:08A0H         LINE#         72
  C:08A6H         LINE#         74
  -------         ENDPROC       _ASCIITOBCD
  -------         PROC          _DISPLAY_TIME
  X:0011H         SYMBOL        months
  X:0014H         SYMBOL        days
  X:0017H         SYMBOL        hours
  X:001AH         SYMBOL        mins
  X:001DH         SYMBOL        seconds
  C:05FEH         LINE#         75
  C:0609H         LINE#         76
  C:0609H         LINE#         78
  C:061DH         LINE#         80
  C:0631H         LINE#         82
  C:0645H         LINE#         87
  C:0659H         LINE#         92
  -------         ENDPROC       _DISPLAY_TIME
  -------         ENDMOD        UART1

  -------         MODULE        LCD_DRIVER_SPLC780D
  C:0000H         SYMBOL        _ICE_DUMMY_
  D:0080H         PUBLIC        P0
  D:0090H         PUBLIC        P1
  D:00A0H         PUBLIC        P2
BL51 BANKED LINKER/LOCATER V6.22                                                      05/16/2018  14:39:39  PAGE 11


  D:00B0H         PUBLIC        P3
  D:00C0H         PUBLIC        P4
  D:00C8H         PUBLIC        P5
  D:00E8H         PUBLIC        P6
  D:00F8H         PUBLIC        P7
  C:0589H         PUBLIC        _WriteData
  D:00A8H         PUBLIC        IE
  D:00B8H         PUBLIC        IP
  D:00D8H         PUBLIC        CCON
  B:0090H.4       PUBLIC        LCD_D4
  B:0090H.5       PUBLIC        LCD_D5
  B:0090H.6       PUBLIC        LCD_D6
  C:085BH         PUBLIC        _DisplayLCD
  B:0090H.7       PUBLIC        LCD_D7
  D:0098H         PUBLIC        SCON
  D:0088H         PUBLIC        TCON
  C:0917H         PUBLIC        LCD_clear
  C:072AH         PUBLIC        _Command
  C:000EH         PUBLIC        _Display_Line
  C:06D6H         PUBLIC        LCD_Init
  C:07DFH         PUBLIC        _Wait_ms
  B:0090H.1       PUBLIC        LCD_RS
  B:0090H.2       PUBLIC        LCD_RW
  C:090DH         PUBLIC        LCD_return_home
  B:0090H.3       PUBLIC        LCD_E
  D:00D0H         PUBLIC        PSW
  -------         PROC          LCD_INIT
  C:06D6H         LINE#         9
  C:06D6H         LINE#         10
  C:06D6H         LINE#         12
  C:06DDH         LINE#         13
  C:06E2H         LINE#         15
  C:06E9H         LINE#         16
  C:06EEH         LINE#         18
  C:06F1H         LINE#         19
  C:06F6H         LINE#         21
  C:06F9H         LINE#         22
  C:06FEH         LINE#         24
  C:0705H         LINE#         27
  C:070AH         LINE#         28
  C:070FH         LINE#         30
  C:0714H         LINE#         31
  C:0719H         LINE#         33
  C:071EH         LINE#         34
  C:0723H         LINE#         35
  -------         ENDPROC       LCD_INIT
  -------         PROC          _WRITEDATA
  X:0013H         SYMBOL        dat
  C:0589H         LINE#         38
  C:058EH         LINE#         39
  C:058EH         LINE#         44
  C:0590H         LINE#         45
  C:0592H         LINE#         47
  C:05A0H         LINE#         48
  C:05ACH         LINE#         49
  C:05B8H         LINE#         50
  C:05C2H         LINE#         51
BL51 BANKED LINKER/LOCATER V6.22                                                      05/16/2018  14:39:39  PAGE 12


  C:05C4H         LINE#         52
  C:05CBH         LINE#         53
  C:05CDH         LINE#         55
  C:05DDH         LINE#         56
  C:05E8H         LINE#         57
  C:05F2H         LINE#         58
  C:05F6H         LINE#         60
  C:05F6H         LINE#         61
  C:05F9H         LINE#         62
  C:05FBH         LINE#         63
  C:05FDH         LINE#         65
  -------         ENDPROC       _WRITEDATA
  -------         PROC          _COMMAND
  D:0007H         SYMBOL        dat
  C:072AH         LINE#         67
  C:072AH         LINE#         68
  C:072AH         LINE#         69
  C:072CH         LINE#         70
  C:072EH         LINE#         75
  C:0738H         LINE#         76
  C:073CH         LINE#         78
  C:073EH         LINE#         79
  C:0747H         LINE#         80
  C:074BH         LINE#         82
  C:074DH         LINE#         83
  C:0754H         LINE#         84
  C:0758H         LINE#         86
  C:075AH         LINE#         87
  C:075EH         LINE#         88
  C:0762H         LINE#         90
  C:0764H         LINE#         94
  C:0764H         LINE#         95
  C:0767H         LINE#         96
  C:0769H         LINE#         97
  -------         ENDPROC       _COMMAND
  C:07DBH         SYMBOL        L?0028
  -------         PROC          L?0027
  -------         ENDPROC       L?0027
  C:07DBH         SYMBOL        L?0028
  -------         PROC          _WAIT_MS
  D:0006H         SYMBOL        ms
  -------         DO            
  D:0004H         SYMBOL        De_Cnt
  -------         ENDDO         
  C:07DFH         LINE#         99
  C:07DFH         LINE#         100
  C:07DFH         LINE#         102
  C:07E9H         LINE#         103
  C:07E9H         LINE#         104
  C:07FCH         LINE#         105
  C:07FCH         LINE#         106
  -------         ENDPROC       _WAIT_MS
  -------         PROC          _DISPLAYLCD
  D:0007H         SYMBOL        BCD
  -------         DO            
  D:0006H         SYMBOL        first_digit
  X:0011H         SYMBOL        second_digit
BL51 BANKED LINKER/LOCATER V6.22                                                      05/16/2018  14:39:39  PAGE 13


  -------         ENDDO         
  C:085BH         LINE#         107
  C:085BH         LINE#         108
  C:085BH         LINE#         110
  C:0862H         LINE#         111
  C:086BH         LINE#         113
  C:0870H         LINE#         115
  -------         ENDPROC       _DISPLAYLCD
  -------         PROC          LCD_RETURN_HOME
  C:090DH         LINE#         119
  C:090DH         LINE#         120
  C:090DH         LINE#         121
  C:0912H         LINE#         122
  -------         ENDPROC       LCD_RETURN_HOME
  -------         PROC          LCD_CLEAR
  C:0917H         LINE#         125
  C:0917H         LINE#         126
  C:0917H         LINE#         127
  C:091CH         LINE#         128
  -------         ENDPROC       LCD_CLEAR
  -------         PROC          _DISPLAY_LINE
  D:0006H         SYMBOL        line
  C:000EH         LINE#         132
  C:000EH         LINE#         133
  C:000EH         LINE#         134
  C:0014H         LINE#         135
  C:0014H         LINE#         136
  C:0016H         LINE#         137
  C:0016H         LINE#         138
  C:0018H         LINE#         140
  C:0018H         LINE#         141
  C:001DH         LINE#         142
  C:0022H         LINE#         143
  C:0022H         LINE#         144
  -------         ENDPROC       _DISPLAY_LINE
  -------         ENDMOD        LCD_DRIVER_SPLC780D

  -------         MODULE        KEYPAD
  C:0000H         SYMBOL        _ICE_DUMMY_
  D:0093H         PUBLIC        P0M1
  D:0080H         PUBLIC        P0
  D:0090H         PUBLIC        P1
  D:00A0H         PUBLIC        P2
  D:00B0H         PUBLIC        P3
  D:00C0H         PUBLIC        P4
  D:00C8H         PUBLIC        P5
  D:00E8H         PUBLIC        P6
  D:00F8H         PUBLIC        P7
  D:00A8H         PUBLIC        IE
  C:0026H         PUBLIC        Key_Scan
  D:00B8H         PUBLIC        IP
  D:00D8H         PUBLIC        CCON
  C:0003H         PUBLIC        KeyPad_IO_Init
  C:083DH         PUBLIC        _Delay_ms
  D:0098H         PUBLIC        SCON
  D:0088H         PUBLIC        TCON
  C:0283H         PUBLIC        Key_Process
BL51 BANKED LINKER/LOCATER V6.22                                                      05/16/2018  14:39:39  PAGE 14


  D:00D0H         PUBLIC        PSW
  D:0094H         PUBLIC        P0M0
  -------         PROC          _DELAY_MS
  D:0006H         SYMBOL        ms
  -------         DO            
  D:0004H         SYMBOL        De_Cnt
  -------         ENDDO         
  C:083DH         LINE#         12
  C:083DH         LINE#         13
  C:083DH         LINE#         15
  C:0847H         LINE#         16
  C:0847H         LINE#         17
  C:085AH         LINE#         18
  C:085AH         LINE#         19
  -------         ENDPROC       _DELAY_MS
  -------         PROC          KEY_SCAN
  -------         DO            
  X:0013H         SYMBOL        KeyTemp1
  X:0014H         SYMBOL        KeyTemp2
  X:0015H         SYMBOL        KeyValue
  -------         ENDDO         
  C:0026H         LINE#         20
  C:0026H         LINE#         21
  C:0026H         LINE#         26
  C:0029H         LINE#         29
  C:002CH         LINE#         31
  C:0034H         LINE#         32
  C:003BH         LINE#         33
  C:003BH         LINE#         34
  C:0042H         LINE#         35
  C:0047H         LINE#         36
  C:004EH         LINE#         37
  C:004EH         LINE#         40
  C:0051H         LINE#         41
  C:0054H         LINE#         42
  C:0059H         LINE#         43
  C:005DH         LINE#         44
  C:005DH         LINE#         45
  C:0065H         LINE#         46
  C:0065H         LINE#         47
  C:0068H         LINE#         48
  C:0070H         LINE#         49
  C:0072H         LINE#         51
  C:0086H         LINE#         52
  C:0086H         LINE#         53
  C:0086H         LINE#         54
  C:0086H         LINE#         55
  C:008CH         LINE#         57
  C:008EH         LINE#         58
  C:008EH         LINE#         59
  C:008EH         LINE#         60
  C:0094H         LINE#         62
  C:0096H         LINE#         63
  C:0096H         LINE#         64
  C:0096H         LINE#         65
  C:009CH         LINE#         67
  C:009EH         LINE#         68
BL51 BANKED LINKER/LOCATER V6.22                                                      05/16/2018  14:39:39  PAGE 15


  C:009EH         LINE#         69
  C:009EH         LINE#         70
  C:00A3H         LINE#         72
  C:00A3H         LINE#         73
  C:00A3H         LINE#         74
  C:00A3H         LINE#         77
  C:00A6H         LINE#         78
  C:00A9H         LINE#         79
  C:00B1H         LINE#         80
  C:00B5H         LINE#         81
  C:00B5H         LINE#         82
  C:00BDH         LINE#         83
  C:00BDH         LINE#         84
  C:00C0H         LINE#         85
  C:00C8H         LINE#         86
  C:00CAH         LINE#         87
  C:00DEH         LINE#         88
  C:00DEH         LINE#         89
  C:00DEH         LINE#         90
  C:00DEH         LINE#         91
  C:00E4H         LINE#         93
  C:00E6H         LINE#         94
  C:00E6H         LINE#         95
  C:00E6H         LINE#         96
  C:00ECH         LINE#         98
  C:00EEH         LINE#         99
  C:00EEH         LINE#         100
  C:00EEH         LINE#         101
  C:00F4H         LINE#         103
  C:00F6H         LINE#         104
  C:00F6H         LINE#         105
  C:00F6H         LINE#         106
  C:00FBH         LINE#         108
  C:00FBH         LINE#         109
  C:00FBH         LINE#         110
  C:00FBH         LINE#         113
  C:00FEH         LINE#         114
  C:0101H         LINE#         115
  C:0109H         LINE#         116
  C:010DH         LINE#         117
  C:010DH         LINE#         118
  C:0115H         LINE#         119
  C:0115H         LINE#         120
  C:0118H         LINE#         121
  C:0120H         LINE#         122
  C:0122H         LINE#         123
  C:0136H         LINE#         124
  C:0136H         LINE#         125
  C:0136H         LINE#         126
  C:0136H         LINE#         127
  C:013CH         LINE#         129
  C:013EH         LINE#         130
  C:013EH         LINE#         131
  C:013EH         LINE#         132
  C:0144H         LINE#         134
  C:0146H         LINE#         135
  C:0146H         LINE#         136
BL51 BANKED LINKER/LOCATER V6.22                                                      05/16/2018  14:39:39  PAGE 16


  C:0146H         LINE#         137
  C:014CH         LINE#         139
  C:014EH         LINE#         140
  C:014EH         LINE#         141
  C:014EH         LINE#         142
  C:0154H         LINE#         144
  C:0154H         LINE#         145
  C:0154H         LINE#         146
  C:0154H         LINE#         147
  C:015AH         LINE#         148
  C:015AH         LINE#         150
  C:015AH         LINE#         151
  C:015DH         LINE#         152
  C:015DH         LINE#         153
  C:015DH         LINE#         155
  C:015DH         LINE#         156
  C:015FH         LINE#         157
  C:015FH         LINE#         158
  -------         ENDPROC       KEY_SCAN
  -------         PROC          KEY_PROCESS
  -------         DO            
  X:003CH         SYMBOL        KeyCount
  X:003EH         SYMBOL        KeyNum_Old
  X:003FH         SYMBOL        KeyNum
  X:0040H         SYMBOL        PressedKey
  X:0011H         SYMBOL        d
  -------         ENDDO         
  C:0283H         LINE#         159
  C:0283H         LINE#         160
  C:0283H         LINE#         164
  C:028BH         LINE#         165
  C:0293H         LINE#         167
  C:02A8H         LINE#         168
  C:02A8H         LINE#         169
  C:02BAH         LINE#         170
  C:02C8H         LINE#         171
  C:02DCH         LINE#         172
  C:02DCH         LINE#         174
  C:02E2H         LINE#         175
  C:02F3H         LINE#         176
  C:0304H         LINE#         177
  C:0307H         LINE#         178
  C:030CH         LINE#         179
  C:0311H         LINE#         180
  C:0316H         LINE#         181
  C:031BH         LINE#         182
  C:0320H         LINE#         183
  C:0325H         LINE#         184
  C:0325H         LINE#         185
  C:0325H         LINE#         187
  C:0347H         LINE#         188
  C:0347H         LINE#         189
  C:0351H         LINE#         190
  C:0351H         LINE#         191
  C:0356H         LINE#         192
  C:035FH         LINE#         193
  C:0376H         LINE#         194
BL51 BANKED LINKER/LOCATER V6.22                                                      05/16/2018  14:39:39  PAGE 17


  C:0376H         LINE#         195
  C:0386H         LINE#         197
  -------         ENDPROC       KEY_PROCESS
  -------         PROC          KEYPAD_IO_INIT
  C:0003H         LINE#         200
  C:0003H         LINE#         201
  C:0003H         LINE#         202
  C:0006H         LINE#         203
  C:0009H         LINE#         205
  -------         ENDPROC       KEYPAD_IO_INIT
  -------         ENDMOD        KEYPAD

  -------         MODULE        ?C_STARTUP
  C:04FDH         SEGMENT       ?C_C51STARTUP
  I:0021H         SEGMENT       ?STACK
  C:0000H         PUBLIC        ?C_STARTUP
  D:00E0H         SYMBOL        ACC
  D:00F0H         SYMBOL        B
  D:0083H         SYMBOL        DPH
  D:0082H         SYMBOL        DPL
  N:0000H         SYMBOL        IBPSTACK
  N:0100H         SYMBOL        IBPSTACKTOP
  N:0080H         SYMBOL        IDATALEN
  C:0500H         SYMBOL        IDATALOOP
  N:0000H         SYMBOL        PBPSTACK
  N:0100H         SYMBOL        PBPSTACKTOP
  N:0000H         SYMBOL        PDATALEN
  N:0000H         SYMBOL        PDATASTART
  N:0000H         SYMBOL        PPAGE
  N:0000H         SYMBOL        PPAGEENABLE
  D:00A0H         SYMBOL        PPAGE_SFR
  D:0081H         SYMBOL        SP
  C:04FDH         SYMBOL        STARTUP1
  N:0000H         SYMBOL        XBPSTACK
  N:0000H         SYMBOL        XBPSTACKTOP
  N:0000H         SYMBOL        XDATALEN
  N:0000H         SYMBOL        XDATASTART
  C:0000H         LINE#         126
  C:04FDH         LINE#         133
  C:04FFH         LINE#         134
  C:0500H         LINE#         135
  C:0501H         LINE#         136
  C:0503H         LINE#         185
  C:0506H         LINE#         196
  -------         ENDMOD        ?C_STARTUP

  -------         MODULE        ?C?CLDPTR
  C:066DH         PUBLIC        ?C?CLDPTR
  -------         ENDMOD        ?C?CLDPTR

  -------         MODULE        ?C?CSTPTR
  C:0686H         PUBLIC        ?C?CSTPTR
  -------         ENDMOD        ?C?CSTPTR

  -------         MODULE        ?C?ILDIX
  C:0698H         PUBLIC        ?C?ILDIX
  -------         ENDMOD        ?C?ILDIX
BL51 BANKED LINKER/LOCATER V6.22                                                      05/16/2018  14:39:39  PAGE 18



  -------         MODULE        ATOI
  C:0387H         PUBLIC        _atoi
  -------         ENDMOD        ATOI

  -------         MODULE        ?C?IMUL
  C:06AEH         PUBLIC        ?C?IMUL
  -------         ENDMOD        ?C?IMUL

  -------         MODULE        ?C?IILDX
  C:06C0H         PUBLIC        ?C?IILDX
  -------         ENDMOD        ?C?IILDX

  -------         MODULE        ISDIGIT
  C:08F1H         PUBLIC        _isdigit
  -------         ENDMOD        ISDIGIT

  -------         MODULE        ISSPACE
  C:08BBH         PUBLIC        _isspace
  -------         ENDMOD        ISSPACE

*** WARNING L16: UNCALLED SEGMENT, IGNORED FOR OVERLAY PROCESS
    SEGMENT: ?PR?_SENDSTRING?UART1

*** WARNING L16: UNCALLED SEGMENT, IGNORED FOR OVERLAY PROCESS
    SEGMENT: ?PR?_TEN?UART1

*** WARNING L16: UNCALLED SEGMENT, IGNORED FOR OVERLAY PROCESS
    SEGMENT: ?PR?_UNIT?UART1

*** WARNING L16: UNCALLED SEGMENT, IGNORED FOR OVERLAY PROCESS
    SEGMENT: ?PR?_DECTOBCD?UART1

*** WARNING L16: UNCALLED SEGMENT, IGNORED FOR OVERLAY PROCESS
    SEGMENT: ?PR?_ASCII_LETTER?UART1

Program Size: data=17.2 xdata=72 code=2363
LINK/LOCATE RUN COMPLETE.  5 WARNING(S),  0 ERROR(S)
